2.053: [Full GC 2.053: [CMS: 0K->5234K(6815744K), 0.1951350 secs] 528904K->5234K(8231360K), [CMS Perm : 21247K->21210K(21248K)], 0.1953260 secs] [Times: user=0.14 sys=0.06, real=0.20 secs] 
5.296: [Full GC 5.296: [CMS: 5234K->7376K(6815744K), 0.2020680 secs] 394026K->7376K(8231360K), [CMS Perm : 35250K->34936K(35352K)], 0.2023540 secs] [Times: user=0.20 sys=0.00, real=0.21 secs] 
22.927: [GC 22.927: [ParNew: 1258368K->134602K(1415616K), 0.0832250 secs] 1265744K->141978K(8231360K), 0.0834630 secs] [Times: user=0.89 sys=0.36, real=0.09 secs] 
44.976: [GC 44.977: [ParNew: 1392970K->157248K(1415616K), 0.5757240 secs] 1400346K->319212K(8231360K), 0.5759280 secs] [Times: user=2.83 sys=0.56, real=0.57 secs] 
142.286: [GC 142.287: [ParNew: 1415616K->157248K(1415616K), 0.6162580 secs] 1577580K->479470K(8231360K), 0.6164810 secs] [Times: user=1.99 sys=0.51, real=0.62 secs] 
143.748: [GC 143.748: [ParNew: 1415616K->73092K(1415616K), 0.0173320 secs] 1737838K->395314K(8231360K), 0.0175310 secs] [Times: user=0.26 sys=0.00, real=0.02 secs] 
144.537: [GC 144.537: [ParNew: 1331460K->92635K(1415616K), 0.0217280 secs] 1653682K->414857K(8231360K), 0.0219270 secs] [Times: user=0.32 sys=0.00, real=0.02 secs] 
145.392: [GC 145.392: [ParNew: 1351003K->126623K(1415616K), 0.0259870 secs] 1673225K->448845K(8231360K), 0.0261890 secs] [Times: user=0.40 sys=0.00, real=0.03 secs] 
146.262: [GC 146.262: [ParNew: 1384991K->130470K(1415616K), 0.0976880 secs] 1707213K->476518K(8231360K), 0.0978880 secs] [Times: user=0.65 sys=0.07, real=0.10 secs] 
147.161: [GC 147.161: [ParNew: 1388838K->141248K(1415616K), 0.0894500 secs] 1734886K->509612K(8231360K), 0.0896480 secs] [Times: user=0.67 sys=0.07, real=0.09 secs] 
148.041: [GC 148.041: [ParNew: 1399616K->131885K(1415616K), 0.0885700 secs] 1767980K->521653K(8231360K), 0.0887650 secs] [Times: user=0.63 sys=0.05, real=0.09 secs] 
149.017: [GC 149.017: [ParNew: 1390253K->127843K(1415616K), 0.0821240 secs] 1780021K->538793K(8231360K), 0.0823250 secs] [Times: user=0.62 sys=0.06, real=0.08 secs] 
149.867: [GC 149.867: [ParNew: 1386211K->115613K(1415616K), 0.0879190 secs] 1797161K->548252K(8231360K), 0.0881260 secs] [Times: user=0.60 sys=0.07, real=0.09 secs] 
150.719: [GC 150.719: [ParNew: 1373981K->108821K(1415616K), 0.0885280 secs] 1806620K->564204K(8231360K), 0.0887280 secs] [Times: user=0.66 sys=0.07, real=0.09 secs] 
152.841: [GC 152.841: [ParNew: 1367189K->150948K(1415616K), 0.0271420 secs] 1822572K->606331K(8231360K), 0.0273440 secs] [Times: user=0.42 sys=0.00, real=0.03 secs] 
153.613: [GC 153.613: [ParNew: 1409316K->117338K(1415616K), 0.1006380 secs] 1864699K->595022K(8231360K), 0.1008350 secs] [Times: user=0.63 sys=0.07, real=0.11 secs] 
154.466: [GC 154.466: [ParNew: 1375706K->100663K(1415616K), 0.0782620 secs] 1853390K->598135K(8231360K), 0.0784620 secs] [Times: user=0.64 sys=0.05, real=0.08 secs] 
165.986: [GC 165.987: [ParNew: 1359031K->132984K(1415616K), 0.0230340 secs] 1856503K->630455K(8231360K), 0.0232370 secs] [Times: user=0.35 sys=0.00, real=0.02 secs] 
176.588: [GC 176.589: [ParNew: 1391352K->102025K(1415616K), 0.0543170 secs] 1888823K->612584K(8231360K), 0.0545150 secs] [Times: user=0.51 sys=0.03, real=0.05 secs] 
181.040: [GC 181.041: [ParNew: 1360393K->122283K(1415616K), 0.0566510 secs] 1870952K->646247K(8231360K), 0.0568530 secs] [Times: user=0.51 sys=0.04, real=0.05 secs] 
183.199: [GC 183.199: [ParNew: 1380651K->98182K(1415616K), 0.0534640 secs] 1904615K->635400K(8231360K), 0.0536570 secs] [Times: user=0.43 sys=0.04, real=0.06 secs] 
185.978: [GC 185.978: [ParNew: 1356550K->129371K(1415616K), 0.0311760 secs] 1893768K->666590K(8231360K), 0.0313700 secs] [Times: user=0.49 sys=0.00, real=0.03 secs] 
189.782: [GC 189.782: [ParNew: 1387739K->97734K(1415616K), 0.0363510 secs] 1924958K->634952K(8231360K), 0.0365480 secs] [Times: user=0.57 sys=0.00, real=0.03 secs] 
190.785: [GC 190.785: [ParNew: 1356102K->107580K(1415616K), 0.0635240 secs] 1893320K->657523K(8231360K), 0.0637130 secs] [Times: user=0.67 sys=0.03, real=0.06 secs] 
191.967: [GC 191.967: [ParNew: 1365948K->140121K(1415616K), 0.0477370 secs] 1915891K->690065K(8231360K), 0.0479470 secs] [Times: user=0.74 sys=0.00, real=0.05 secs] 
192.780: [GC 192.780: [ParNew: 1398489K->121910K(1415616K), 0.0756150 secs] 1948433K->684613K(8231360K), 0.0758110 secs] [Times: user=0.84 sys=0.04, real=0.08 secs] 
194.256: [GC 194.256: [ParNew: 1380278K->112662K(1415616K), 0.0573470 secs] 1942981K->686233K(8231360K), 0.0575410 secs] [Times: user=0.65 sys=0.04, real=0.06 secs] 
198.383: [GC 198.383: [ParNew: 1371030K->111221K(1415616K), 0.0637100 secs] 1944601K->698641K(8231360K), 0.0638950 secs] [Times: user=0.61 sys=0.05, real=0.06 secs] 
202.834: [GC 202.834: [ParNew: 1369589K->127444K(1415616K), 0.0288060 secs] 1957009K->714864K(8231360K), 0.0290120 secs] [Times: user=0.43 sys=0.00, real=0.02 secs] 
207.178: [GC 207.178: [ParNew: 1385812K->156535K(1415616K), 0.0408700 secs] 1973232K->751578K(8231360K), 0.0410670 secs] [Times: user=0.54 sys=0.02, real=0.04 secs] 
210.795: [GC 210.795: [ParNew: 1414903K->104316K(1415616K), 0.0455860 secs] 2009946K->708836K(8231360K), 0.0457860 secs] [Times: user=0.56 sys=0.02, real=0.04 secs] 
211.401: [GC 211.401: [ParNew: 1362684K->96790K(1415616K), 0.0764690 secs] 1967204K->720398K(8231360K), 0.0766690 secs] [Times: user=0.51 sys=0.05, real=0.08 secs] 
211.872: [GC 211.872: [ParNew: 1355158K->109856K(1415616K), 0.0213990 secs] 1978766K->733464K(8231360K), 0.0215990 secs] [Times: user=0.32 sys=0.01, real=0.02 secs] 
212.306: [GC 212.306: [ParNew: 1368224K->109566K(1415616K), 0.0223280 secs] 1991832K->733174K(8231360K), 0.0225300 secs] [Times: user=0.34 sys=0.00, real=0.02 secs] 
212.724: [GC 212.724: [ParNew: 1367934K->114797K(1415616K), 0.0232770 secs] 1991542K->738405K(8231360K), 0.0234840 secs] [Times: user=0.36 sys=0.01, real=0.03 secs] 
213.180: [GC 213.180: [ParNew: 1373165K->114862K(1415616K), 0.0225950 secs] 1996773K->738470K(8231360K), 0.0227930 secs] [Times: user=0.36 sys=0.00, real=0.02 secs] 
215.733: [GC 215.733: [ParNew: 1373230K->150755K(1415616K), 0.0260050 secs] 1996838K->774363K(8231360K), 0.0261970 secs] [Times: user=0.40 sys=0.00, real=0.03 secs] 
226.581: [GC 226.581: [ParNew: 1409123K->103878K(1415616K), 0.0547380 secs] 2032731K->740939K(8231360K), 0.0549420 secs] [Times: user=0.45 sys=0.04, real=0.05 secs] 
231.208: [GC 231.208: [ParNew: 1362246K->130240K(1415616K), 0.0284620 secs] 1999307K->767301K(8231360K), 0.0286620 secs] [Times: user=0.44 sys=0.00, real=0.02 secs] 
234.987: [GC 234.987: [ParNew: 1388608K->143074K(1415616K), 0.0474410 secs] 2025669K->789069K(8231360K), 0.0476980 secs] [Times: user=0.57 sys=0.02, real=0.05 secs] 
238.396: [GC 238.396: [ParNew: 1401442K->107179K(1415616K), 0.0482640 secs] 2047437K->761070K(8231360K), 0.0484580 secs] [Times: user=0.63 sys=0.01, real=0.05 secs] 
242.607: [GC 242.607: [ParNew: 1365547K->105822K(1415616K), 0.0939970 secs] 2019438K->783835K(8231360K), 0.0942070 secs] [Times: user=0.73 sys=0.06, real=0.10 secs] 
246.228: [GC 246.228: [ParNew: 1364190K->130252K(1415616K), 0.0363960 secs] 2042203K->808265K(8231360K), 0.0365930 secs] [Times: user=0.56 sys=0.00, real=0.04 secs] 
251.592: [GC 251.592: [ParNew: 1388620K->112972K(1415616K), 0.0384260 secs] 2066633K->792005K(8231360K), 0.0386250 secs] [Times: user=0.59 sys=0.00, real=0.03 secs] 
258.639: [GC 258.639: [ParNew: 1371340K->107208K(1415616K), 0.0374020 secs] 2050373K->786241K(8231360K), 0.0375990 secs] [Times: user=0.60 sys=0.00, real=0.04 secs] 
259.813: [GC 259.813: [ParNew: 1365576K->110342K(1415616K), 0.0341350 secs] 2044609K->789375K(8231360K), 0.0343280 secs] [Times: user=0.53 sys=0.00, real=0.03 secs] 
261.220: [GC 261.220: [ParNew: 1368710K->131023K(1415616K), 0.0394060 secs] 2047743K->810056K(8231360K), 0.0396070 secs] [Times: user=0.61 sys=0.00, real=0.04 secs] 
266.805: [GC 266.805: [ParNew: 1389391K->100906K(1415616K), 0.0591900 secs] 2068424K->790618K(8231360K), 0.0593890 secs] [Times: user=0.74 sys=0.02, real=0.06 secs] 
269.567: [GC 269.567: [ParNew: 1359274K->112936K(1415616K), 0.0404370 secs] 2048986K->802648K(8231360K), 0.0406340 secs] [Times: user=0.63 sys=0.00, real=0.04 secs] 
271.239: [GC 271.239: [ParNew: 1371304K->99931K(1415616K), 0.0349330 secs] 2061016K->789643K(8231360K), 0.0351490 secs] [Times: user=0.54 sys=0.00, real=0.03 secs] 
272.882: [GC 272.882: [ParNew: 1358299K->103460K(1415616K), 0.0392590 secs] 2048011K->793173K(8231360K), 0.0394650 secs] [Times: user=0.61 sys=0.00, real=0.04 secs] 
280.583: [GC 280.583: [ParNew: 1361828K->118437K(1415616K), 0.0414360 secs] 2051541K->808149K(8231360K), 0.0416320 secs] [Times: user=0.65 sys=0.00, real=0.04 secs] 
285.151: [GC 285.151: [ParNew: 1376805K->110854K(1415616K), 0.0445520 secs] 2066517K->800567K(8231360K), 0.0447480 secs] [Times: user=0.69 sys=0.00, real=0.04 secs] 
289.886: [GC 289.886: [ParNew: 1369222K->90583K(1415616K), 0.0684770 secs] 2058935K->796675K(8231360K), 0.0686740 secs] [Times: user=0.64 sys=0.05, real=0.07 secs] 
296.578: [GC 296.578: [ParNew: 1348951K->112443K(1415616K), 0.0347500 secs] 2055043K->818535K(8231360K), 0.0349480 secs] [Times: user=0.55 sys=0.01, real=0.04 secs] 
301.030: [GC 301.030: [ParNew: 1370811K->100834K(1415616K), 0.0373770 secs] 2076903K->806926K(8231360K), 0.0375760 secs] [Times: user=0.57 sys=0.01, real=0.04 secs] 
303.600: [GC 303.600: [ParNew: 1359202K->109334K(1415616K), 0.0389640 secs] 2065294K->815426K(8231360K), 0.0391750 secs] [Times: user=0.60 sys=0.01, real=0.04 secs] 
308.391: [GC 308.391: [ParNew: 1367702K->107268K(1415616K), 0.0403090 secs] 2073794K->813360K(8231360K), 0.0405060 secs] [Times: user=0.62 sys=0.01, real=0.04 secs] 
311.394: [GC 311.394: [ParNew: 1365636K->115504K(1415616K), 0.0421930 secs] 2071728K->821596K(8231360K), 0.0423900 secs] [Times: user=0.66 sys=0.00, real=0.04 secs] 
315.224: [GC 315.224: [ParNew: 1373872K->128102K(1415616K), 0.0409910 secs] 2079964K->834194K(8231360K), 0.0411900 secs] [Times: user=0.64 sys=0.00, real=0.04 secs] 
318.211: [GC 318.211: [ParNew: 1386470K->93026K(1415616K), 0.1369950 secs] 2092562K->834475K(8231360K), 0.1371940 secs] [Times: user=0.74 sys=0.10, real=0.14 secs] 
321.374: [GC 321.374: [ParNew: 1351394K->73792K(1415616K), 0.0337840 secs] 2092843K->815241K(8231360K), 0.0339870 secs] [Times: user=0.51 sys=0.01, real=0.04 secs] 
324.985: [GC 324.985: [ParNew: 1332160K->83383K(1415616K), 0.0344230 secs] 2073609K->824832K(8231360K), 0.0346180 secs] [Times: user=0.52 sys=0.01, real=0.04 secs] 
328.016: [GC 328.016: [ParNew: 1341751K->81710K(1415616K), 0.0285030 secs] 2083200K->823160K(8231360K), 0.0286970 secs] [Times: user=0.44 sys=0.00, real=0.03 secs] 
329.825: [GC 329.825: [ParNew: 1340078K->92822K(1415616K), 0.0308580 secs] 2081528K->834272K(8231360K), 0.0310520 secs] [Times: user=0.47 sys=0.00, real=0.03 secs] 
331.132: [GC 331.132: [ParNew: 1351190K->70339K(1415616K), 0.0418600 secs] 2092640K->811788K(8231360K), 0.0420550 secs] [Times: user=0.65 sys=0.01, real=0.04 secs] 
331.571: [GC 331.571: [ParNew: 1328707K->96034K(1415616K), 0.0318230 secs] 2070156K->837484K(8231360K), 0.0320130 secs] [Times: user=0.49 sys=0.01, real=0.03 secs] 
332.221: [GC 332.221: [ParNew: 1354402K->92971K(1415616K), 0.0357700 secs] 2095852K->834420K(8231360K), 0.0359650 secs] [Times: user=0.56 sys=0.00, real=0.04 secs] 
334.382: [GC 334.383: [ParNew: 1351339K->96283K(1415616K), 0.0430750 secs] 2092788K->837733K(8231360K), 0.0432780 secs] [Times: user=0.66 sys=0.01, real=0.04 secs] 
339.994: [GC 339.994: [ParNew: 1354651K->80436K(1415616K), 0.0377410 secs] 2096101K->821885K(8231360K), 0.0379320 secs] [Times: user=0.57 sys=0.02, real=0.04 secs] 
347.570: [GC 347.570: [ParNew: 1338804K->66194K(1415616K), 0.0355800 secs] 2080253K->807643K(8231360K), 0.0357710 secs] [Times: user=0.54 sys=0.02, real=0.03 secs] 
352.834: [GC 352.834: [ParNew: 1324562K->84828K(1415616K), 0.0362950 secs] 2066011K->826277K(8231360K), 0.0365140 secs] [Times: user=0.56 sys=0.00, real=0.04 secs] 
358.587: [GC 358.588: [ParNew: 1343196K->88588K(1415616K), 0.0317650 secs] 2084645K->830038K(8231360K), 0.0319590 secs] [Times: user=0.49 sys=0.01, real=0.03 secs] 
364.000: [GC 364.001: [ParNew: 1346956K->74010K(1415616K), 0.0363850 secs] 2088406K->815460K(8231360K), 0.0365810 secs] [Times: user=0.58 sys=0.01, real=0.04 secs] 
369.482: [GC 369.482: [ParNew: 1332378K->70164K(1415616K), 0.0362400 secs] 2073828K->811613K(8231360K), 0.0364370 secs] [Times: user=0.55 sys=0.01, real=0.04 secs] 
371.002: [GC 371.002: [ParNew: 1328532K->74185K(1415616K), 0.0388580 secs] 2069981K->815634K(8231360K), 0.0390650 secs] [Times: user=0.60 sys=0.01, real=0.04 secs] 
380.252: [GC 380.252: [ParNew: 1332553K->74339K(1415616K), 0.0383730 secs] 2074002K->815789K(8231360K), 0.0385700 secs] [Times: user=0.59 sys=0.01, real=0.04 secs] 
383.178: [GC 383.178: [ParNew: 1332707K->76775K(1415616K), 0.0316740 secs] 2074157K->818224K(8231360K), 0.0318720 secs] [Times: user=0.47 sys=0.01, real=0.03 secs] 
384.915: [GC 384.915: [ParNew: 1335143K->82265K(1415616K), 0.0351180 secs] 2076592K->823714K(8231360K), 0.0353080 secs] [Times: user=0.54 sys=0.01, real=0.04 secs] 
387.789: [GC 387.789: [ParNew: 1340633K->88647K(1415616K), 0.0317990 secs] 2082082K->830097K(8231360K), 0.0319970 secs] [Times: user=0.49 sys=0.00, real=0.03 secs] 
391.161: [GC 391.161: [ParNew: 1347015K->86085K(1415616K), 0.0338670 secs] 2088465K->827534K(8231360K), 0.0340700 secs] [Times: user=0.52 sys=0.00, real=0.03 secs] 
391.589: [GC 391.589: [ParNew: 1344453K->92076K(1415616K), 0.0418760 secs] 2085902K->833526K(8231360K), 0.0420860 secs] [Times: user=0.63 sys=0.02, real=0.04 secs] 
392.026: [GC 392.026: [ParNew: 1350444K->98571K(1415616K), 0.0358400 secs] 2091894K->840020K(8231360K), 0.0360360 secs] [Times: user=0.55 sys=0.01, real=0.04 secs] 
392.456: [GC 392.456: [ParNew: 1356939K->78013K(1415616K), 0.0290680 secs] 2098388K->819462K(8231360K), 0.0292650 secs] [Times: user=0.44 sys=0.00, real=0.03 secs] 
392.879: [GC 392.879: [ParNew: 1336381K->89907K(1415616K), 0.0463770 secs] 2077830K->831356K(8231360K), 0.0465740 secs] [Times: user=0.69 sys=0.02, real=0.04 secs] 
393.337: [GC 393.337: [ParNew: 1348275K->93825K(1415616K), 0.0421110 secs] 2089724K->835274K(8231360K), 0.0423060 secs] [Times: user=0.65 sys=0.01, real=0.05 secs] 
393.839: [GC 393.839: [ParNew: 1352193K->99565K(1415616K), 0.0361260 secs] 2093642K->841014K(8231360K), 0.0363260 secs] [Times: user=0.56 sys=0.00, real=0.03 secs] 
396.438: [GC 396.438: [ParNew: 1357933K->93102K(1415616K), 0.0357060 secs] 2099382K->834551K(8231360K), 0.0359040 secs] [Times: user=0.55 sys=0.00, real=0.04 secs] 
399.208: [GC 399.208: [ParNew: 1351470K->101245K(1415616K), 0.0362580 secs] 2092919K->842694K(8231360K), 0.0364550 secs] [Times: user=0.56 sys=0.00, real=0.04 secs] 
401.582: [GC 401.582: [ParNew: 1359613K->97584K(1415616K), 0.0450450 secs] 2101062K->839034K(8231360K), 0.0452730 secs] [Times: user=0.70 sys=0.01, real=0.04 secs] 
404.977: [GC 404.978: [ParNew: 1355952K->95066K(1415616K), 0.0464720 secs] 2097402K->836515K(8231360K), 0.0466640 secs] [Times: user=0.70 sys=0.02, real=0.05 secs] 
409.804: [GC 409.804: [ParNew: 1353434K->83711K(1415616K), 0.0344620 secs] 2094883K->825161K(8231360K), 0.0346600 secs] [Times: user=0.53 sys=0.00, real=0.03 secs] 
414.203: [GC 414.203: [ParNew: 1342079K->79396K(1415616K), 0.0427120 secs] 2083529K->820845K(8231360K), 0.0429080 secs] [Times: user=0.66 sys=0.01, real=0.04 secs] 
418.204: [GC 418.205: [ParNew: 1337764K->94053K(1415616K), 0.0407570 secs] 2079213K->835503K(8231360K), 0.0409520 secs] [Times: user=0.62 sys=0.02, real=0.04 secs] 
421.413: [GC 421.413: [ParNew: 1352421K->86607K(1415616K), 0.0429770 secs] 2093871K->828057K(8231360K), 0.0431750 secs] [Times: user=0.65 sys=0.02, real=0.04 secs] 
427.374: [GC 427.374: [ParNew: 1344975K->80306K(1415616K), 0.0381710 secs] 2086425K->821755K(8231360K), 0.0383650 secs] [Times: user=0.59 sys=0.01, real=0.04 secs] 
431.072: [GC 431.072: [ParNew: 1338674K->76672K(1415616K), 0.0394340 secs] 2080123K->818122K(8231360K), 0.0396410 secs] [Times: user=0.62 sys=0.00, real=0.04 secs] 
436.126: [GC 436.126: [ParNew: 1335040K->73585K(1415616K), 0.0402180 secs] 2076490K->815034K(8231360K), 0.0404180 secs] [Times: user=0.62 sys=0.01, real=0.04 secs] 
440.182: [GC 440.183: [ParNew: 1331953K->85532K(1415616K), 0.0400110 secs] 2073402K->826981K(8231360K), 0.0402090 secs] [Times: user=0.61 sys=0.02, real=0.04 secs] 
444.182: [GC 444.182: [ParNew: 1343900K->86618K(1415616K), 0.0390370 secs] 2085349K->828068K(8231360K), 0.0392320 secs] [Times: user=0.60 sys=0.02, real=0.04 secs] 
445.989: [GC 445.989: [ParNew: 1344986K->81673K(1415616K), 0.0315560 secs] 2086436K->823123K(8231360K), 0.0317540 secs] [Times: user=0.49 sys=0.01, real=0.03 secs] 
448.375: [GC 448.375: [ParNew: 1340041K->93383K(1415616K), 0.0386900 secs] 2081491K->834833K(8231360K), 0.0388880 secs] [Times: user=0.61 sys=0.00, real=0.04 secs] 
451.063: [GC 451.063: [ParNew: 1351751K->95141K(1415616K), 0.0427220 secs] 2093201K->836590K(8231360K), 0.0429200 secs] [Times: user=0.65 sys=0.02, real=0.04 secs] 
451.499: [GC 451.499: [ParNew: 1353509K->89900K(1415616K), 0.0384400 secs] 2094958K->831350K(8231360K), 0.0386370 secs] [Times: user=0.60 sys=0.01, real=0.03 secs] 
451.933: [GC 451.933: [ParNew: 1348268K->85628K(1415616K), 0.0331960 secs] 2089718K->827077K(8231360K), 0.0333880 secs] [Times: user=0.50 sys=0.01, real=0.03 secs] 
452.362: [GC 452.362: [ParNew: 1343996K->94193K(1415616K), 0.0320650 secs] 2085445K->835642K(8231360K), 0.0322700 secs] [Times: user=0.49 sys=0.00, real=0.03 secs] 
452.786: [GC 452.786: [ParNew: 1352561K->105692K(1415616K), 0.0415660 secs] 2094010K->847141K(8231360K), 0.0417630 secs] [Times: user=0.65 sys=0.01, real=0.04 secs] 
453.250: [GC 453.250: [ParNew: 1364060K->75581K(1415616K), 0.0388360 secs] 2105509K->817030K(8231360K), 0.0390280 secs] [Times: user=0.59 sys=0.01, real=0.03 secs] 
454.627: [GC 454.627: [ParNew: 1333949K->92430K(1415616K), 0.0361930 secs] 2075398K->833879K(8231360K), 0.0363890 secs] [Times: user=0.55 sys=0.01, real=0.04 secs] 
456.383: [GC 456.383: [ParNew: 1350798K->100646K(1415616K), 0.0346710 secs] 2092247K->842095K(8231360K), 0.0348650 secs] [Times: user=0.54 sys=0.00, real=0.03 secs] 
458.061: [GC 458.061: [ParNew: 1359014K->104641K(1415616K), 0.0340980 secs] 2100463K->846090K(8231360K), 0.0342940 secs] [Times: user=0.53 sys=0.00, real=0.03 secs] 
462.789: [GC 462.789: [ParNew: 1363009K->77927K(1415616K), 0.0349820 secs] 2104458K->819376K(8231360K), 0.0351800 secs] [Times: user=0.55 sys=0.01, real=0.04 secs] 
466.816: [GC 466.816: [ParNew: 1336295K->93281K(1415616K), 0.0422770 secs] 2077744K->834730K(8231360K), 0.0424870 secs] [Times: user=0.64 sys=0.02, real=0.04 secs] 
469.579: [GC 469.579: [ParNew: 1351649K->88261K(1415616K), 0.0422890 secs] 2093098K->829711K(8231360K), 0.0424840 secs] [Times: user=0.67 sys=0.00, real=0.05 secs] 
472.171: [GC 472.171: [ParNew: 1346629K->104900K(1415616K), 0.0452840 secs] 2088079K->846349K(8231360K), 0.0454790 secs] [Times: user=0.71 sys=0.01, real=0.05 secs] 
477.401: [GC 477.401: [ParNew: 1363268K->82326K(1415616K), 0.0446480 secs] 2104717K->823775K(8231360K), 0.0448410 secs] [Times: user=0.68 sys=0.02, real=0.05 secs] 
483.878: [GC 483.879: [ParNew: 1340694K->73451K(1415616K), 0.0399900 secs] 2082143K->814900K(8231360K), 0.0401880 secs] [Times: user=0.63 sys=0.01, real=0.04 secs] 
486.614: [GC 486.614: [ParNew: 1331819K->87109K(1415616K), 0.0401470 secs] 2073268K->828558K(8231360K), 0.0403480 secs] [Times: user=0.62 sys=0.01, real=0.04 secs] 
490.206: [GC 490.206: [ParNew: 1345477K->93376K(1415616K), 0.0441280 secs] 2086926K->834825K(8231360K), 0.0443260 secs] [Times: user=0.68 sys=0.02, real=0.04 secs] 
493.719: [GC 493.719: [ParNew: 1351744K->98717K(1415616K), 0.0383040 secs] 2093193K->840167K(8231360K), 0.0385100 secs] [Times: user=0.59 sys=0.01, real=0.04 secs] 
498.618: [GC 498.618: [ParNew: 1357085K->91211K(1415616K), 0.0385370 secs] 2098535K->832660K(8231360K), 0.0387340 secs] [Times: user=0.59 sys=0.00, real=0.03 secs] 
500.746: [GC 500.746: [ParNew: 1349579K->84817K(1415616K), 0.0363590 secs] 2091028K->826267K(8231360K), 0.0365530 secs] [Times: user=0.56 sys=0.01, real=0.04 secs] 
503.971: [GC 503.971: [ParNew: 1343185K->90926K(1415616K), 0.0387530 secs] 2084635K->832375K(8231360K), 0.0389580 secs] [Times: user=0.60 sys=0.00, real=0.04 secs] 
506.880: [GC 506.881: [ParNew: 1349294K->86008K(1415616K), 0.0395730 secs] 2090743K->827457K(8231360K), 0.0397710 secs] [Times: user=0.60 sys=0.01, real=0.04 secs] 
511.022: [GC 511.022: [ParNew: 1344376K->85824K(1415616K), 0.0382950 secs] 2085825K->827273K(8231360K), 0.0385000 secs] [Times: user=0.58 sys=0.00, real=0.04 secs] 
511.474: [GC 511.474: [ParNew: 1344192K->80320K(1415616K), 0.0344080 secs] 2085641K->821770K(8231360K), 0.0346090 secs] [Times: user=0.55 sys=0.01, real=0.04 secs] 
514.135: [GC 514.135: [ParNew: 1338688K->88823K(1415616K), 0.0438660 secs] 2080138K->830272K(8231360K), 0.0440580 secs] [Times: user=0.67 sys=0.01, real=0.04 secs] 
517.976: [GC 517.976: [ParNew: 1347191K->85481K(1415616K), 0.0331110 secs] 2088640K->826930K(8231360K), 0.0333090 secs] [Times: user=0.52 sys=0.00, real=0.03 secs] 
521.377: [GC 521.377: [ParNew: 1343849K->92329K(1415616K), 0.0357140 secs] 2085298K->833778K(8231360K), 0.0359150 secs] [Times: user=0.55 sys=0.01, real=0.04 secs] 
527.182: [GC 527.182: [ParNew: 1350697K->85084K(1415616K), 0.0433370 secs] 2092146K->826534K(8231360K), 0.0435310 secs] [Times: user=0.67 sys=0.02, real=0.05 secs] 
529.584: [GC 529.584: [ParNew: 1343452K->97363K(1415616K), 0.0395240 secs] 2084902K->838812K(8231360K), 0.0397210 secs] [Times: user=0.62 sys=0.01, real=0.04 secs] 
530.890: [GC 530.890: [ParNew: 1355731K->101754K(1415616K), 0.0454150 secs] 2097180K->843203K(8231360K), 0.0456090 secs] [Times: user=0.69 sys=0.03, real=0.05 secs] 
532.779: [GC 532.779: [ParNew: 1360122K->102077K(1415616K), 0.0398580 secs] 2101571K->843526K(8231360K), 0.0400500 secs] [Times: user=0.62 sys=0.01, real=0.04 secs] 
535.582: [GC 535.583: [ParNew: 1360445K->104754K(1415616K), 0.0465510 secs] 2101894K->846203K(8231360K), 0.0467480 secs] [Times: user=0.71 sys=0.01, real=0.05 secs] 
540.977: [GC 540.977: [ParNew: 1363122K->82495K(1415616K), 0.0416160 secs] 2104571K->823944K(8231360K), 0.0418110 secs] [Times: user=0.65 sys=0.01, real=0.04 secs] 
546.191: [GC 546.191: [ParNew: 1340863K->77217K(1415616K), 0.0296600 secs] 2082312K->818667K(8231360K), 0.0298590 secs] [Times: user=0.45 sys=0.00, real=0.03 secs] 
550.788: [GC 550.788: [ParNew: 1335585K->89851K(1415616K), 0.0392430 secs] 2077035K->831300K(8231360K), 0.0394420 secs] [Times: user=0.61 sys=0.00, real=0.04 secs] 
556.234: [GC 556.234: [ParNew: 1348219K->89061K(1415616K), 0.0375970 secs] 2089668K->830510K(8231360K), 0.0378010 secs] [Times: user=0.58 sys=0.01, real=0.04 secs] 
562.069: [GC 562.069: [ParNew: 1347429K->76657K(1415616K), 0.0408570 secs] 2088878K->818106K(8231360K), 0.0410740 secs] [Times: user=0.63 sys=0.00, real=0.05 secs] 
564.431: [GC 564.431: [ParNew: 1335025K->82797K(1415616K), 0.0350130 secs] 2076474K->824246K(8231360K), 0.0352090 secs] [Times: user=0.54 sys=0.01, real=0.03 secs] 
567.575: [GC 567.575: [ParNew: 1341165K->92254K(1415616K), 0.0414140 secs] 2082614K->833703K(8231360K), 0.0416060 secs] [Times: user=0.65 sys=0.01, real=0.04 secs] 
570.391: [GC 570.391: [ParNew: 1350622K->99426K(1415616K), 0.0408590 secs] 2092071K->840875K(8231360K), 0.0410550 secs] [Times: user=0.63 sys=0.01, real=0.04 secs] 
571.294: [GC 571.294: [ParNew: 1357794K->104645K(1415616K), 0.0436390 secs] 2099243K->846094K(8231360K), 0.0438360 secs] [Times: user=0.67 sys=0.02, real=0.04 secs] 
571.986: [GC 571.986: [ParNew: 1363013K->99692K(1415616K), 0.0420340 secs] 2104462K->841142K(8231360K), 0.0422270 secs] [Times: user=0.64 sys=0.01, real=0.04 secs] 
574.678: [GC 574.678: [ParNew: 1358060K->97250K(1415616K), 0.0442950 secs] 2099510K->838699K(8231360K), 0.0444920 secs] [Times: user=0.69 sys=0.01, real=0.05 secs] 
576.401: [GC 576.401: [ParNew: 1355618K->106264K(1415616K), 0.0408750 secs] 2097067K->847713K(8231360K), 0.0410720 secs] [Times: user=0.62 sys=0.01, real=0.04 secs] 
580.838: [GC 580.838: [ParNew: 1364632K->81836K(1415616K), 0.0345470 secs] 2106081K->823285K(8231360K), 0.0347370 secs] [Times: user=0.54 sys=0.01, real=0.04 secs] 
585.788: [GC 585.789: [ParNew: 1340204K->82627K(1415616K), 0.0342050 secs] 2081653K->824077K(8231360K), 0.0344020 secs] [Times: user=0.54 sys=0.00, real=0.03 secs] 
588.591: [GC 588.591: [ParNew: 1340995K->92670K(1415616K), 0.0405500 secs] 2082445K->834120K(8231360K), 0.0407600 secs] [Times: user=0.64 sys=0.01, real=0.04 secs] 
591.386: [GC 591.386: [ParNew: 1351038K->98113K(1415616K), 0.0389390 secs] 2092488K->839562K(8231360K), 0.0391320 secs] [Times: user=0.58 sys=0.02, real=0.04 secs] 
594.773: [GC 594.773: [ParNew: 1356481K->92934K(1415616K), 0.0403000 secs] 2097930K->834383K(8231360K), 0.0404900 secs] [Times: user=0.63 sys=0.01, real=0.04 secs] 
597.391: [GC 597.391: [ParNew: 1351302K->94647K(1415616K), 0.0370320 secs] 2092751K->836096K(8231360K), 0.0372230 secs] [Times: user=0.58 sys=0.00, real=0.04 secs] 
600.212: [GC 600.212: [ParNew: 1353015K->94470K(1415616K), 0.0431000 secs] 2094464K->835919K(8231360K), 0.0432960 secs] [Times: user=0.67 sys=0.01, real=0.04 secs] 
605.177: [GC 605.177: [ParNew: 1352838K->81581K(1415616K), 0.0402300 secs] 2094287K->823031K(8231360K), 0.0404310 secs] [Times: user=0.62 sys=0.01, real=0.05 secs] 
612.012: [GC 612.012: [ParNew: 1339949K->75639K(1415616K), 0.0341620 secs] 2081399K->817089K(8231360K), 0.0343640 secs] [Times: user=0.54 sys=0.00, real=0.03 secs] 
615.610: [GC 615.611: [ParNew: 1334007K->89075K(1415616K), 0.0346920 secs] 2075457K->830525K(8231360K), 0.0348980 secs] [Times: user=0.54 sys=0.00, real=0.03 secs] 
618.040: [GC 618.040: [ParNew: 1347443K->96213K(1415616K), 0.0379520 secs] 2088893K->837663K(8231360K), 0.0381420 secs] [Times: user=0.58 sys=0.00, real=0.03 secs] 
621.995: [GC 621.995: [ParNew: 1354581K->91717K(1415616K), 0.0325460 secs] 2096031K->833167K(8231360K), 0.0327450 secs] [Times: user=0.50 sys=0.00, real=0.03 secs] 
626.599: [GC 626.599: [ParNew: 1350085K->83208K(1415616K), 0.0349160 secs] 2091535K->824657K(8231360K), 0.0351240 secs] [Times: user=0.54 sys=0.00, real=0.04 secs] 
631.099: [GC 631.099: [ParNew: 1341576K->88283K(1415616K), 0.0392540 secs] 2083025K->829732K(8231360K), 0.0394510 secs] [Times: user=0.60 sys=0.00, real=0.04 secs] 
631.549: [GC 631.549: [ParNew: 1346651K->93351K(1415616K), 0.0361570 secs] 2088100K->834801K(8231360K), 0.0363510 secs] [Times: user=0.56 sys=0.00, real=0.04 secs] 
635.181: [GC 635.181: [ParNew: 1351719K->91531K(1415616K), 0.0423320 secs] 2093169K->832981K(8231360K), 0.0425290 secs] [Times: user=0.66 sys=0.01, real=0.05 secs] 
638.583: [GC 638.583: [ParNew: 1349899K->95992K(1415616K), 0.0318610 secs] 2091349K->837442K(8231360K), 0.0320560 secs] [Times: user=0.50 sys=0.01, real=0.04 secs] 
641.798: [GC 641.798: [ParNew: 1354360K->98123K(1415616K), 0.0415480 secs] 2095810K->839572K(8231360K), 0.0417560 secs] [Times: user=0.63 sys=0.00, real=0.04 secs] 
645.401: [GC 645.402: [ParNew: 1356491K->94431K(1415616K), 0.0400800 secs] 2097940K->835880K(8231360K), 0.0402770 secs] [Times: user=0.61 sys=0.00, real=0.04 secs] 
648.412: [GC 648.412: [ParNew: 1352799K->95501K(1415616K), 0.0418710 secs] 2094248K->836950K(8231360K), 0.0420660 secs] [Times: user=0.65 sys=0.01, real=0.04 secs] 
651.585: [GC 651.585: [ParNew: 1353869K->100974K(1415616K), 0.0374430 secs] 2095318K->842423K(8231360K), 0.0376440 secs] [Times: user=0.58 sys=0.01, real=0.04 secs] 
657.376: [GC 657.376: [ParNew: 1359342K->93997K(1415616K), 0.0430810 secs] 2100791K->835446K(8231360K), 0.0432710 secs] [Times: user=0.66 sys=0.02, real=0.05 secs] 
661.000: [GC 661.001: [ParNew: 1352365K->87275K(1415616K), 0.0424340 secs] 2093814K->828725K(8231360K), 0.0426330 secs] [Times: user=0.66 sys=0.00, real=0.04 secs] 
663.230: [GC 663.230: [ParNew: 1345643K->92591K(1415616K), 0.0390580 secs] 2087093K->834040K(8231360K), 0.0392890 secs] [Times: user=0.61 sys=0.00, real=0.04 secs] 
664.847: [GC 664.848: [ParNew: 1350959K->105307K(1415616K), 0.0319590 secs] 2092408K->846756K(8231360K), 0.0321540 secs] [Times: user=0.49 sys=0.00, real=0.04 secs] 
667.009: [GC 667.009: [ParNew: 1363675K->94011K(1415616K), 0.0491920 secs] 2105124K->835461K(8231360K), 0.0493840 secs] [Times: user=0.74 sys=0.02, real=0.05 secs] 
672.186: [GC 672.186: [ParNew: 1352379K->97265K(1415616K), 0.0355520 secs] 2093829K->838714K(8231360K), 0.0357670 secs] [Times: user=0.55 sys=0.01, real=0.04 secs] 
675.992: [GC 675.992: [ParNew: 1355633K->82359K(1415616K), 0.0382990 secs] 2097082K->823809K(8231360K), 0.0385040 secs] [Times: user=0.59 sys=0.01, real=0.04 secs] 
679.008: [GC 679.008: [ParNew: 1340727K->92088K(1415616K), 0.0417760 secs] 2082177K->833537K(8231360K), 0.0419730 secs] [Times: user=0.65 sys=0.00, real=0.04 secs] 
682.157: [GC 682.158: [ParNew: 1350456K->101417K(1415616K), 0.0456370 secs] 2091905K->842867K(8231360K), 0.0458350 secs] [Times: user=0.71 sys=0.01, real=0.05 secs] 
687.198: [GC 687.198: [ParNew: 1359785K->76176K(1415616K), 0.0481260 secs] 2101235K->817626K(8231360K), 0.0483230 secs] [Times: user=0.74 sys=0.02, real=0.05 secs] 
691.115: [GC 691.115: [ParNew: 1334544K->92479K(1415616K), 0.0372710 secs] 2075994K->833928K(8231360K), 0.0374840 secs] [Times: user=0.57 sys=0.00, real=0.03 secs] 
691.555: [GC 691.555: [ParNew: 1350847K->95124K(1415616K), 0.0377460 secs] 2092296K->836574K(8231360K), 0.0379420 secs] [Times: user=0.58 sys=0.01, real=0.04 secs] 
694.145: [GC 694.145: [ParNew: 1353492K->99526K(1415616K), 0.0405070 secs] 2094942K->840976K(8231360K), 0.0407030 secs] [Times: user=0.63 sys=0.02, real=0.04 secs] 
698.841: [GC 698.841: [ParNew: 1357894K->91739K(1415616K), 0.0325240 secs] 2099344K->833188K(8231360K), 0.0327220 secs] [Times: user=0.50 sys=0.00, real=0.03 secs] 
702.192: [GC 702.192: [ParNew: 1350107K->77972K(1415616K), 0.0339370 secs] 2091556K->819421K(8231360K), 0.0341270 secs] [Times: user=0.52 sys=0.02, real=0.04 secs] 
707.575: [GC 707.575: [ParNew: 1336340K->87717K(1415616K), 0.0433370 secs] 2077789K->829167K(8231360K), 0.0435320 secs] [Times: user=0.67 sys=0.02, real=0.04 secs] 
710.381: [GC 710.381: [ParNew: 1346085K->91061K(1415616K), 0.0340160 secs] 2087535K->832510K(8231360K), 0.0342090 secs] [Times: user=0.53 sys=0.01, real=0.03 secs] 
712.443: [GC 712.443: [ParNew: 1349429K->95503K(1415616K), 0.0386030 secs] 2090878K->836952K(8231360K), 0.0388010 secs] [Times: user=0.59 sys=0.01, real=0.04 secs] 
716.373: [GC 716.373: [ParNew: 1353871K->97328K(1415616K), 0.0387920 secs] 2095320K->838777K(8231360K), 0.0389900 secs] [Times: user=0.60 sys=0.00, real=0.04 secs] 
721.420: [GC 721.420: [ParNew: 1355696K->92935K(1415616K), 0.0350580 secs] 2097145K->834384K(8231360K), 0.0352590 secs] [Times: user=0.55 sys=0.00, real=0.03 secs] 
724.777: [GC 724.777: [ParNew: 1351303K->92513K(1415616K), 0.0388740 secs] 2092752K->833962K(8231360K), 0.0390700 secs] [Times: user=0.61 sys=0.00, real=0.04 secs] 
728.628: [GC 728.628: [ParNew: 1350881K->95049K(1415616K), 0.0449630 secs] 2092330K->836498K(8231360K), 0.0451590 secs] [Times: user=0.69 sys=0.01, real=0.05 secs] 
731.203: [GC 731.203: [ParNew: 1353417K->95278K(1415616K), 0.0363270 secs] 2094866K->836727K(8231360K), 0.0365240 secs] [Times: user=0.56 sys=0.01, real=0.03 secs] 
732.795: [GC 732.795: [ParNew: 1353646K->96451K(1415616K), 0.0352450 secs] 2095095K->837900K(8231360K), 0.0354440 secs] [Times: user=0.55 sys=0.00, real=0.04 secs] 
734.649: [GC 734.649: [ParNew: 1354819K->101872K(1415616K), 0.0409510 secs] 2096268K->843321K(8231360K), 0.0411380 secs] [Times: user=0.63 sys=0.01, real=0.04 secs] 
737.193: [GC 737.193: [ParNew: 1360240K->104782K(1415616K), 0.0437650 secs] 2101689K->846231K(8231360K), 0.0439590 secs] [Times: user=0.67 sys=0.02, real=0.04 secs] 
741.786: [GC 741.786: [ParNew: 1363150K->95666K(1415616K), 0.0444040 secs] 2104599K->837115K(8231360K), 0.0446080 secs] [Times: user=0.70 sys=0.00, real=0.04 secs] 
746.190: [GC 746.190: [ParNew: 1354034K->77732K(1415616K), 0.0426030 secs] 2095483K->819182K(8231360K), 0.0427970 secs] [Times: user=0.65 sys=0.01, real=0.05 secs] 
750.435: [GC 750.435: [ParNew: 1336100K->98596K(1415616K), 0.0412730 secs] 2077550K->840046K(8231360K), 0.0415090 secs] [Times: user=0.63 sys=0.01, real=0.04 secs] 
751.243: [GC 751.243: [ParNew: 1356964K->97684K(1415616K), 0.0451160 secs] 2098414K->839133K(8231360K), 0.0453100 secs] [Times: user=0.68 sys=0.03, real=0.05 secs] 
751.681: [GC 751.681: [ParNew: 1356052K->106595K(1415616K), 0.0353950 secs] 2097501K->848045K(8231360K), 0.0355900 secs] [Times: user=0.55 sys=0.01, real=0.04 secs] 
752.114: [GC 752.114: [ParNew: 1364963K->79664K(1415616K), 0.0341660 secs] 2106413K->821113K(8231360K), 0.0343600 secs] [Times: user=0.52 sys=0.01, real=0.03 secs] 
752.541: [GC 752.541: [ParNew: 1338032K->95834K(1415616K), 0.0393860 secs] 2079481K->837283K(8231360K), 0.0395850 secs] [Times: user=0.60 sys=0.01, real=0.04 secs] 
752.976: [GC 752.976: [ParNew: 1354202K->95846K(1415616K), 0.0366020 secs] 2095651K->837296K(8231360K), 0.0367940 secs] [Times: user=0.57 sys=0.01, real=0.03 secs] 
753.853: [GC 753.853: [ParNew: 1354214K->89675K(1415616K), 0.0454020 secs] 2095664K->831125K(8231360K), 0.0455930 secs] [Times: user=0.70 sys=0.01, real=0.05 secs] 
759.977: [GC 759.977: [ParNew: 1348043K->86184K(1415616K), 0.0428390 secs] 2089493K->827633K(8231360K), 0.0430340 secs] [Times: user=0.66 sys=0.02, real=0.04 secs] 
765.594: [GC 765.594: [ParNew: 1344552K->83271K(1415616K), 0.0423150 secs] 2086001K->824720K(8231360K), 0.0425120 secs] [Times: user=0.66 sys=0.01, real=0.05 secs] 
768.790: [GC 768.790: [ParNew: 1341639K->94796K(1415616K), 0.0314410 secs] 2083088K->836245K(8231360K), 0.0316280 secs] [Times: user=0.50 sys=0.00, real=0.03 secs] 
772.787: [GC 772.787: [ParNew: 1353164K->95016K(1415616K), 0.0341210 secs] 2094613K->836465K(8231360K), 0.0343270 secs] [Times: user=0.52 sys=0.00, real=0.04 secs] 
776.579: [GC 776.579: [ParNew: 1353384K->97561K(1415616K), 0.0473040 secs] 2094833K->839010K(8231360K), 0.0475010 secs] [Times: user=0.72 sys=0.02, real=0.04 secs] 
780.197: [GC 780.197: [ParNew: 1355929K->101762K(1415616K), 0.0457920 secs] 2097378K->843211K(8231360K), 0.0459900 secs] [Times: user=0.71 sys=0.01, real=0.05 secs] 
782.217: [GC 782.217: [ParNew: 1360130K->102027K(1415616K), 0.0438430 secs] 2101579K->843476K(8231360K), 0.0440380 secs] [Times: user=0.67 sys=0.02, real=0.05 secs] 
784.840: [GC 784.840: [ParNew: 1360395K->105148K(1415616K), 0.0374900 secs] 2101844K->846598K(8231360K), 0.0376920 secs] [Times: user=0.57 sys=0.01, real=0.04 secs] 
788.592: [GC 788.592: [ParNew: 1363516K->92534K(1415616K), 0.0448460 secs] 2104966K->833983K(8231360K), 0.0450450 secs] [Times: user=0.70 sys=0.01, real=0.04 secs] 
790.987: [GC 790.988: [ParNew: 1350902K->94477K(1415616K), 0.0441450 secs] 2092351K->835926K(8231360K), 0.0443440 secs] [Times: user=0.67 sys=0.02, real=0.05 secs] 
792.204: [GC 792.204: [ParNew: 1352845K->102043K(1415616K), 0.0421640 secs] 2094294K->843492K(8231360K), 0.0423580 secs] [Times: user=0.65 sys=0.01, real=0.04 secs] 
793.455: [GC 793.455: [ParNew: 1360411K->107806K(1415616K), 0.0442400 secs] 2101860K->849256K(8231360K), 0.0444310 secs] [Times: user=0.68 sys=0.01, real=0.04 secs] 
796.791: [GC 796.791: [ParNew: 1366174K->102632K(1415616K), 0.0405010 secs] 2107624K->844081K(8231360K), 0.0407120 secs] [Times: user=0.61 sys=0.02, real=0.04 secs] 
800.126: [GC 800.126: [ParNew: 1361000K->107566K(1415616K), 0.0442940 secs] 2102449K->849015K(8231360K), 0.0445020 secs] [Times: user=0.69 sys=0.01, real=0.04 secs] 
806.288: [GC 806.288: [ParNew: 1365934K->80561K(1415616K), 0.0401580 secs] 2107383K->822010K(8231360K), 0.0403550 secs] [Times: user=0.62 sys=0.00, real=0.04 secs] 
810.045: [GC 810.045: [ParNew: 1338929K->97805K(1415616K), 0.0344550 secs] 2080378K->839254K(8231360K), 0.0346560 secs] [Times: user=0.53 sys=0.01, real=0.03 secs] 
811.227: [GC 811.227: [ParNew: 1356173K->87314K(1415616K), 0.0313320 secs] 2097622K->828763K(8231360K), 0.0315480 secs] [Times: user=0.48 sys=0.00, real=0.03 secs] 
812.388: [GC 812.388: [ParNew: 1345682K->105725K(1415616K), 0.0381720 secs] 2087131K->847174K(8231360K), 0.0383700 secs] [Times: user=0.59 sys=0.02, real=0.04 secs] 
815.775: [GC 815.776: [ParNew: 1364093K->76388K(1415616K), 0.0396390 secs] 2105542K->817837K(8231360K), 0.0398310 secs] [Times: user=0.61 sys=0.01, real=0.04 secs] 
823.784: [GC 823.784: [ParNew: 1334756K->80442K(1415616K), 0.0410140 secs] 2076205K->821891K(8231360K), 0.0411980 secs] [Times: user=0.63 sys=0.00, real=0.04 secs] 
829.793: [GC 829.794: [ParNew: 1338810K->86124K(1415616K), 0.0409510 secs] 2080259K->827574K(8231360K), 0.0411500 secs] [Times: user=0.63 sys=0.02, real=0.04 secs] 
835.794: [GC 835.795: [ParNew: 1344492K->89386K(1415616K), 0.0408610 secs] 2085942K->830836K(8231360K), 0.0410630 secs] [Times: user=0.63 sys=0.01, real=0.04 secs] 
839.608: [GC 839.608: [ParNew: 1347754K->88069K(1415616K), 0.0446530 secs] 2089204K->829518K(8231360K), 0.0448480 secs] [Times: user=0.68 sys=0.02, real=0.05 secs] 
844.809: [GC 844.809: [ParNew: 1346437K->91090K(1415616K), 0.0432960 secs] 2087886K->832539K(8231360K), 0.0435010 secs] [Times: user=0.67 sys=0.01, real=0.05 secs] 
846.670: [GC 846.670: [ParNew: 1349458K->93802K(1415616K), 0.0425940 secs] 2090907K->835251K(8231360K), 0.0427890 secs] [Times: user=0.65 sys=0.02, real=0.05 secs] 
850.381: [GC 850.381: [ParNew: 1352170K->81400K(1415616K), 0.0368030 secs] 2093619K->822850K(8231360K), 0.0369980 secs] [Times: user=0.55 sys=0.02, real=0.04 secs] 
853.236: [GC 853.236: [ParNew: 1339768K->97118K(1415616K), 0.0400180 secs] 2081218K->838567K(8231360K), 0.0402200 secs] [Times: user=0.62 sys=0.00, real=0.04 secs] 
855.028: [GC 855.029: [ParNew: 1355486K->93472K(1415616K), 0.0328990 secs] 2096935K->834921K(8231360K), 0.0330970 secs] [Times: user=0.51 sys=0.00, real=0.03 secs] 
856.824: [GC 856.824: [ParNew: 1351840K->97182K(1415616K), 0.0395920 secs] 2093289K->838632K(8231360K), 0.0397990 secs] [Times: user=0.61 sys=0.01, real=0.04 secs] 
860.020: [GC 860.020: [ParNew: 1355550K->97183K(1415616K), 0.0358740 secs] 2097000K->838632K(8231360K), 0.0360720 secs] [Times: user=0.55 sys=0.01, real=0.04 secs] 
862.997: [GC 862.997: [ParNew: 1355551K->101994K(1415616K), 0.0322900 secs] 2097000K->843443K(8231360K), 0.0324840 secs] [Times: user=0.50 sys=0.00, real=0.03 secs] 
864.794: [GC 864.794: [ParNew: 1360362K->110376K(1415616K), 0.0439190 secs] 2101811K->851825K(8231360K), 0.0441360 secs] [Times: user=0.69 sys=0.00, real=0.05 secs] 
867.518: [GC 867.518: [ParNew: 1368744K->80300K(1415616K), 0.0371120 secs] 2110193K->821749K(8231360K), 0.0373070 secs] [Times: user=0.57 sys=0.00, real=0.03 secs] 
871.052: [GC 871.052: [ParNew: 1338668K->107989K(1415616K), 0.0364590 secs] 2080117K->849438K(8231360K), 0.0366640 secs] [Times: user=0.57 sys=0.00, real=0.04 secs] 
871.493: [GC 871.493: [ParNew: 1366357K->110484K(1415616K), 0.0466750 secs] 2107806K->851933K(8231360K), 0.0468720 secs] [Times: user=0.72 sys=0.02, real=0.05 secs] 
874.593: [GC 874.593: [ParNew: 1368852K->97926K(1415616K), 0.0457290 secs] 2110301K->839375K(8231360K), 0.0459280 secs] [Times: user=0.70 sys=0.02, real=0.05 secs] 
880.778: [GC 880.779: [ParNew: 1356294K->72077K(1415616K), 0.0439150 secs] 2097743K->813526K(8231360K), 0.0441100 secs] [Times: user=0.66 sys=0.02, real=0.04 secs] 
887.080: [GC 887.080: [ParNew: 1330445K->70138K(1415616K), 0.0391530 secs] 2071894K->811588K(8231360K), 0.0393960 secs] [Times: user=0.59 sys=0.02, real=0.04 secs] 
892.620: [GC 892.620: [ParNew: 1328506K->81407K(1415616K), 0.0390400 secs] 2069956K->822856K(8231360K), 0.0392340 secs] [Times: user=0.59 sys=0.02, real=0.03 secs] 
897.182: [GC 897.182: [ParNew: 1339775K->89899K(1415616K), 0.0348090 secs] 2081224K->831348K(8231360K), 0.0350140 secs] [Times: user=0.54 sys=0.00, real=0.03 secs] 
900.575: [GC 900.575: [ParNew: 1348267K->98728K(1415616K), 0.0407830 secs] 2089716K->840177K(8231360K), 0.0409800 secs] [Times: user=0.64 sys=0.00, real=0.04 secs] 
907.389: [GC 907.389: [ParNew: 1357096K->72477K(1415616K), 0.0362430 secs] 2098545K->813927K(8231360K), 0.0364420 secs] [Times: user=0.57 sys=0.01, real=0.04 secs] 
911.259: [GC 911.259: [ParNew: 1330845K->91880K(1415616K), 0.0369880 secs] 2072295K->833329K(8231360K), 0.0371900 secs] [Times: user=0.57 sys=0.02, real=0.04 secs] 
914.664: [GC 914.664: [ParNew: 1350248K->95093K(1415616K), 0.0438010 secs] 2091697K->836543K(8231360K), 0.0439890 secs] [Times: user=0.69 sys=0.00, real=0.04 secs] 
917.240: [GC 917.240: [ParNew: 1353461K->107953K(1415616K), 0.0346450 secs] 2094911K->849403K(8231360K), 0.0348440 secs] [Times: user=0.54 sys=0.01, real=0.04 secs] 
919.495: [GC 919.495: [ParNew: 1366321K->81449K(1415616K), 0.0346010 secs] 2107771K->822898K(8231360K), 0.0347930 secs] [Times: user=0.54 sys=0.01, real=0.03 secs] 
921.644: [GC 921.644: [ParNew: 1339817K->103703K(1415616K), 0.0450290 secs] 2081266K->845152K(8231360K), 0.0452280 secs] [Times: user=0.69 sys=0.02, real=0.05 secs] 
923.660: [GC 923.660: [ParNew: 1362071K->106456K(1415616K), 0.0372690 secs] 2103520K->847906K(8231360K), 0.0374720 secs] [Times: user=0.58 sys=0.00, real=0.04 secs] 
925.907: [GC 925.907: [ParNew: 1364824K->101627K(1415616K), 0.0435870 secs] 2106274K->843076K(8231360K), 0.0437810 secs] [Times: user=0.68 sys=0.00, real=0.04 secs] 
928.380: [GC 928.380: [ParNew: 1359995K->111400K(1415616K), 0.0411940 secs] 2101444K->852850K(8231360K), 0.0413990 secs] [Times: user=0.64 sys=0.01, real=0.04 secs] 
930.405: [GC 930.405: [ParNew: 1369768K->108734K(1415616K), 0.0378540 secs] 2111218K->850184K(8231360K), 0.0380560 secs] [Times: user=0.59 sys=0.00, real=0.04 secs] 
931.274: [GC 931.274: [ParNew: 1367102K->105158K(1415616K), 0.0370450 secs] 2108552K->846608K(8231360K), 0.0372440 secs] [Times: user=0.57 sys=0.01, real=0.04 secs] 
931.722: [GC 931.722: [ParNew: 1363526K->104265K(1415616K), 0.0431090 secs] 2104976K->845715K(8231360K), 0.0433070 secs] [Times: user=0.68 sys=0.01, real=0.04 secs] 
933.199: [GC 933.199: [ParNew: 1362633K->113649K(1415616K), 0.0479430 secs] 2104083K->855098K(8231360K), 0.0481410 secs] [Times: user=0.73 sys=0.03, real=0.05 secs] 
935.595: [GC 935.595: [ParNew: 1372017K->118503K(1415616K), 0.0467610 secs] 2113466K->859953K(8231360K), 0.0469610 secs] [Times: user=0.73 sys=0.01, real=0.05 secs] 
939.793: [GC 939.793: [ParNew: 1376871K->103166K(1415616K), 0.0347210 secs] 2118321K->844615K(8231360K), 0.0349430 secs] [Times: user=0.54 sys=0.01, real=0.03 secs] 
946.043: [GC 946.043: [ParNew: 1361534K->73917K(1415616K), 0.0430470 secs] 2102983K->815366K(8231360K), 0.0432500 secs] [Times: user=0.67 sys=0.01, real=0.04 secs] 
950.206: [GC 950.206: [ParNew: 1332285K->80570K(1415616K), 0.0411180 secs] 2073734K->822020K(8231360K), 0.0413150 secs] [Times: user=0.62 sys=0.01, real=0.04 secs] 
955.421: [GC 955.421: [ParNew: 1338938K->85676K(1415616K), 0.0399630 secs] 2080388K->827126K(8231360K), 0.0401650 secs] [Times: user=0.62 sys=0.01, real=0.05 secs] 
963.783: [GC 963.783: [ParNew: 1344044K->72274K(1415616K), 0.0342660 secs] 2085494K->813724K(8231360K), 0.0344600 secs] [Times: user=0.52 sys=0.00, real=0.03 secs] 
967.646: [GC 967.646: [ParNew: 1330642K->81657K(1415616K), 0.0439770 secs] 2072092K->823106K(8231360K), 0.0441810 secs] [Times: user=0.68 sys=0.01, real=0.04 secs] 
971.642: [GC 971.642: [ParNew: 1340025K->90570K(1415616K), 0.0416680 secs] 2081474K->832020K(8231360K), 0.0418640 secs] [Times: user=0.65 sys=0.01, real=0.04 secs] 
976.190: [GC 976.190: [ParNew: 1348938K->98529K(1415616K), 0.0469050 secs] 2090388K->839979K(8231360K), 0.0471050 secs] [Times: user=0.73 sys=0.01, real=0.05 secs] 
980.000: [GC 980.000: [ParNew: 1356897K->98014K(1415616K), 0.0407950 secs] 2098347K->839464K(8231360K), 0.0409940 secs] [Times: user=0.63 sys=0.01, real=0.04 secs] 
984.581: [GC 984.581: [ParNew: 1356382K->93238K(1415616K), 0.0324150 secs] 2097832K->834687K(8231360K), 0.0326130 secs] [Times: user=0.50 sys=0.01, real=0.03 secs] 
986.028: [GC 986.028: [ParNew: 1351606K->102043K(1415616K), 0.0359960 secs] 2093055K->843492K(8231360K), 0.0361920 secs] [Times: user=0.56 sys=0.01, real=0.03 secs] 
986.893: [GC 986.893: [ParNew: 1360411K->99682K(1415616K), 0.0452500 secs] 2101860K->841132K(8231360K), 0.0454480 secs] [Times: user=0.70 sys=0.02, real=0.05 secs] 
988.773: [GC 988.773: [ParNew: 1358050K->105334K(1415616K), 0.0480090 secs] 2099500K->846783K(8231360K), 0.0482050 secs] [Times: user=0.74 sys=0.01, real=0.05 secs] 
991.072: [GC 991.072: [ParNew: 1363702K->111584K(1415616K), 0.0431060 secs] 2105151K->853034K(8231360K), 0.0433050 secs] [Times: user=0.67 sys=0.01, real=0.04 secs] 
991.508: [GC 991.508: [ParNew: 1369952K->88091K(1415616K), 0.0331560 secs] 2111402K->829540K(8231360K), 0.0333510 secs] [Times: user=0.50 sys=0.01, real=0.03 secs] 
991.936: [GC 991.936: [ParNew: 1346459K->116103K(1415616K), 0.0338160 secs] 2087908K->857552K(8231360K), 0.0340300 secs] [Times: user=0.52 sys=0.01, real=0.04 secs] 
992.377: [GC 992.377: [ParNew: 1374471K->90805K(1415616K), 0.0382500 secs] 2115920K->832254K(8231360K), 0.0384580 secs] [Times: user=0.59 sys=0.00, real=0.04 secs] 
992.824: [GC 992.824: [ParNew: 1349173K->110636K(1415616K), 0.0435090 secs] 2090622K->852085K(8231360K), 0.0437030 secs] [Times: user=0.67 sys=0.02, real=0.04 secs] 
993.980: [GC 993.980: [ParNew: 1369004K->112123K(1415616K), 0.0377800 secs] 2110453K->853573K(8231360K), 0.0379750 secs] [Times: user=0.59 sys=0.00, real=0.03 secs] 
995.210: [GC 995.210: [ParNew: 1370491K->120463K(1415616K), 0.0433320 secs] 2111941K->861913K(8231360K), 0.0435280 secs] [Times: user=0.68 sys=0.01, real=0.04 secs] 
996.677: [GC 996.677: [ParNew: 1378831K->124507K(1415616K), 0.0531460 secs] 2120281K->865957K(8231360K), 0.0534060 secs] [Times: user=0.82 sys=0.02, real=0.06 secs] 
1000.371: [GC 1000.371: [ParNew: 1382875K->95709K(1415616K), 0.0489100 secs] 2124325K->837158K(8231360K), 0.0491060 secs] [Times: user=0.76 sys=0.01, real=0.05 secs] 
1003.788: [GC 1003.789: [ParNew: 1354077K->110286K(1415616K), 0.0494260 secs] 2095526K->851736K(8231360K), 0.0496140 secs] [Times: user=0.76 sys=0.02, real=0.05 secs] 
1010.790: [GC 1010.790: [ParNew: 1368654K->83241K(1415616K), 0.0340070 secs] 2110104K->824690K(8231360K), 0.0342030 secs] [Times: user=0.53 sys=0.00, real=0.04 secs] 
1014.585: [GC 1014.585: [ParNew: 1341609K->76400K(1415616K), 0.0444580 secs] 2083058K->817850K(8231360K), 0.0446550 secs] [Times: user=0.68 sys=0.01, real=0.04 secs] 
1019.687: [GC 1019.687: [ParNew: 1334768K->87504K(1415616K), 0.0298260 secs] 2076218K->828953K(8231360K), 0.0300220 secs] [Times: user=0.47 sys=0.00, real=0.03 secs] 
1025.805: [GC 1025.805: [ParNew: 1345872K->72199K(1415616K), 0.0396480 secs] 2087321K->813649K(8231360K), 0.0398460 secs] [Times: user=0.61 sys=0.01, real=0.04 secs] 
1030.989: [GC 1030.989: [ParNew: 1330567K->80149K(1415616K), 0.0325640 secs] 2072017K->821598K(8231360K), 0.0327660 secs] [Times: user=0.51 sys=0.00, real=0.03 secs] 
1035.221: [GC 1035.221: [ParNew: 1338517K->90364K(1415616K), 0.0370840 secs] 2079966K->831814K(8231360K), 0.0372840 secs] [Times: user=0.58 sys=0.01, real=0.04 secs] 
1037.985: [GC 1037.985: [ParNew: 1348732K->92674K(1415616K), 0.0365860 secs] 2090182K->834124K(8231360K), 0.0367780 secs] [Times: user=0.56 sys=0.01, real=0.04 secs] 
1041.381: [GC 1041.381: [ParNew: 1351042K->102736K(1415616K), 0.0431260 secs] 2092492K->844185K(8231360K), 0.0433340 secs] [Times: user=0.66 sys=0.01, real=0.04 secs] 
1043.201: [GC 1043.201: [ParNew: 1361104K->95542K(1415616K), 0.0476580 secs] 2102553K->836991K(8231360K), 0.0478520 secs] [Times: user=0.71 sys=0.02, real=0.05 secs] 
1047.979: [GC 1047.979: [ParNew: 1353910K->102502K(1415616K), 0.0377620 secs] 2095359K->843952K(8231360K), 0.0379570 secs] [Times: user=0.58 sys=0.01, real=0.03 secs] 
1051.036: [GC 1051.036: [ParNew: 1360870K->104508K(1415616K), 0.0385540 secs] 2102320K->845958K(8231360K), 0.0387510 secs] [Times: user=0.59 sys=0.01, real=0.04 secs] 
1051.477: [GC 1051.478: [ParNew: 1362876K->101107K(1415616K), 0.0397440 secs] 2104326K->842556K(8231360K), 0.0399430 secs] [Times: user=0.60 sys=0.03, real=0.04 secs] 
1052.115: [GC 1052.116: [ParNew: 1359475K->101848K(1415616K), 0.0444580 secs] 2100924K->843298K(8231360K), 0.0446600 secs] [Times: user=0.69 sys=0.02, real=0.05 secs] 
1053.622: [GC 1053.622: [ParNew: 1360216K->103336K(1415616K), 0.0473790 secs] 2101666K->844785K(8231360K), 0.0475730 secs] [Times: user=0.72 sys=0.03, real=0.05 secs] 
1056.734: [GC 1056.734: [ParNew: 1361704K->91219K(1415616K), 0.0389890 secs] 2103153K->832668K(8231360K), 0.0391850 secs] [Times: user=0.60 sys=0.00, real=0.04 secs] 
1059.185: [GC 1059.185: [ParNew: 1349587K->111468K(1415616K), 0.0397360 secs] 2091036K->852917K(8231360K), 0.0399320 secs] [Times: user=0.60 sys=0.01, real=0.04 secs] 
1061.802: [GC 1061.802: [ParNew: 1369836K->100638K(1415616K), 0.0421610 secs] 2111285K->842088K(8231360K), 0.0423590 secs] [Times: user=0.65 sys=0.00, real=0.04 secs] 
1063.801: [GC 1063.802: [ParNew: 1359006K->94727K(1415616K), 0.0419440 secs] 2100456K->836177K(8231360K), 0.0421280 secs] [Times: user=0.66 sys=0.01, real=0.04 secs] 
1067.583: [GC 1067.584: [ParNew: 1353095K->106158K(1415616K), 0.0451310 secs] 2094545K->847607K(8231360K), 0.0453220 secs] [Times: user=0.71 sys=0.00, real=0.04 secs] 
1071.604: [GC 1071.604: [ParNew: 1364526K->95032K(1415616K), 0.0380600 secs] 2105975K->836481K(8231360K), 0.0382690 secs] [Times: user=0.58 sys=0.01, real=0.03 secs] 
1074.797: [GC 1074.797: [ParNew: 1353400K->93105K(1415616K), 0.0361000 secs] 2094849K->834554K(8231360K), 0.0363010 secs] [Times: user=0.55 sys=0.01, real=0.04 secs] 
1080.596: [GC 1080.597: [ParNew: 1351473K->88406K(1415616K), 0.0356200 secs] 2092922K->829856K(8231360K), 0.0358260 secs] [Times: user=0.56 sys=0.01, real=0.03 secs] 
1085.476: [GC 1085.476: [ParNew: 1346774K->81569K(1415616K), 0.0374640 secs] 2088224K->823018K(8231360K), 0.0376610 secs] [Times: user=0.57 sys=0.02, real=0.03 secs] 
1089.597: [GC 1089.597: [ParNew: 1339937K->88424K(1415616K), 0.0313510 secs] 2081386K->829873K(8231360K), 0.0315490 secs] [Times: user=0.48 sys=0.00, real=0.03 secs] 
1094.610: [GC 1094.610: [ParNew: 1346792K->90199K(1415616K), 0.0441710 secs] 2088241K->831648K(8231360K), 0.0443720 secs] [Times: user=0.69 sys=0.00, real=0.04 secs] 
1097.253: [GC 1097.254: [ParNew: 1348567K->90191K(1415616K), 0.0454300 secs] 2090016K->831640K(8231360K), 0.0456250 secs] [Times: user=0.71 sys=0.00, real=0.05 secs] 
1102.389: [GC 1102.389: [ParNew: 1348559K->95766K(1415616K), 0.0347500 secs] 2090008K->837215K(8231360K), 0.0349590 secs] [Times: user=0.54 sys=0.00, real=0.03 secs] 
1106.784: [GC 1106.784: [ParNew: 1354134K->80971K(1415616K), 0.0342040 secs] 2095583K->822420K(8231360K), 0.0344030 secs] [Times: user=0.52 sys=0.01, real=0.03 secs] 
1109.378: [GC 1109.378: [ParNew: 1339339K->99690K(1415616K), 0.0364340 secs] 2080788K->841140K(8231360K), 0.0366430 secs] [Times: user=0.57 sys=0.01, real=0.04 secs] 
1111.022: [GC 1111.022: [ParNew: 1358058K->103701K(1415616K), 0.0462180 secs] 2099508K->845151K(8231360K), 0.0464150 secs] [Times: user=0.72 sys=0.01, real=0.04 secs] 
1111.462: [GC 1111.462: [ParNew: 1362069K->99269K(1415616K), 0.0395380 secs] 2103519K->840718K(8231360K), 0.0397360 secs] [Times: user=0.60 sys=0.01, real=0.04 secs] 
1111.893: [GC 1111.893: [ParNew: 1357637K->109602K(1415616K), 0.0348220 secs] 2099086K->851051K(8231360K), 0.0350320 secs] [Times: user=0.54 sys=0.00, real=0.03 secs] 
1112.334: [GC 1112.334: [ParNew: 1367970K->100198K(1415616K), 0.0475800 secs] 2109419K->841647K(8231360K), 0.0477720 secs] [Times: user=0.73 sys=0.03, real=0.05 secs] 
1112.792: [GC 1112.792: [ParNew: 1358566K->113982K(1415616K), 0.0365410 secs] 2100015K->855431K(8231360K), 0.0367430 secs] [Times: user=0.58 sys=0.00, real=0.03 secs] 
1114.784: [GC 1114.784: [ParNew: 1372350K->87706K(1415616K), 0.0382210 secs] 2113799K->829156K(8231360K), 0.0384150 secs] [Times: user=0.60 sys=0.01, real=0.04 secs] 
1116.983: [GC 1116.983: [ParNew: 1346074K->108540K(1415616K), 0.0337330 secs] 2087524K->849989K(8231360K), 0.0339300 secs] [Times: user=0.52 sys=0.00, real=0.03 secs] 
1118.722: [GC 1118.722: [ParNew: 1366908K->107668K(1415616K), 0.0401620 secs] 2108357K->849117K(8231360K), 0.0403550 secs] [Times: user=0.63 sys=0.00, real=0.04 secs] 
1122.584: [GC 1122.585: [ParNew: 1366036K->101754K(1415616K), 0.0380390 secs] 2107485K->843204K(8231360K), 0.0382420 secs] [Times: user=0.59 sys=0.01, real=0.04 secs] 
1129.190: [GC 1129.190: [ParNew: 1360122K->75650K(1415616K), 0.0417820 secs] 2101572K->817099K(8231360K), 0.0419780 secs] [Times: user=0.64 sys=0.01, real=0.04 secs] 
1132.002: [GC 1132.002: [ParNew: 1334018K->85705K(1415616K), 0.0424740 secs] 2075467K->827155K(8231360K), 0.0426800 secs] [Times: user=0.64 sys=0.02, real=0.05 secs] 
1133.585: [GC 1133.585: [ParNew: 1344073K->102738K(1415616K), 0.0443820 secs] 2085523K->844187K(8231360K), 0.0445770 secs] [Times: user=0.70 sys=0.01, real=0.04 secs] 
1135.427: [GC 1135.427: [ParNew: 1361106K->79273K(1415616K), 0.0462650 secs] 2102555K->820723K(8231360K), 0.0464760 secs] [Times: user=0.72 sys=0.00, real=0.04 secs] 
1138.468: [GC 1138.468: [ParNew: 1337641K->107449K(1415616K), 0.0487380 secs] 2079091K->848898K(8231360K), 0.0489350 secs] [Times: user=0.75 sys=0.00, real=0.05 secs] 
1144.401: [GC 1144.401: [ParNew: 1365817K->102665K(1415616K), 0.0445720 secs] 2107266K->844114K(8231360K), 0.0447660 secs] [Times: user=0.70 sys=0.01, real=0.04 secs] 
1150.971: [GC 1150.972: [ParNew: 1361033K->72839K(1415616K), 0.0337740 secs] 2102482K->814288K(8231360K), 0.0339850 secs] [Times: user=0.52 sys=0.00, real=0.03 secs] 
1157.588: [GC 1157.588: [ParNew: 1331207K->77007K(1415616K), 0.0335820 secs] 2072656K->818457K(8231360K), 0.0337930 secs] [Times: user=0.53 sys=0.00, real=0.04 secs] 
1160.201: [GC 1160.201: [ParNew: 1335375K->96864K(1415616K), 0.0332590 secs] 2076825K->838313K(8231360K), 0.0334590 secs] [Times: user=0.52 sys=0.00, real=0.03 secs] 
1163.194: [GC 1163.194: [ParNew: 1355232K->87491K(1415616K), 0.0374630 secs] 2096681K->828940K(8231360K), 0.0376710 secs] [Times: user=0.59 sys=0.00, real=0.04 secs] 
1166.014: [GC 1166.014: [ParNew: 1345859K->104096K(1415616K), 0.0454200 secs] 2087308K->845545K(8231360K), 0.0456220 secs] [Times: user=0.70 sys=0.02, real=0.04 secs] 
1169.678: [GC 1169.678: [ParNew: 1362464K->75797K(1415616K), 0.0414600 secs] 2103913K->817247K(8231360K), 0.0416470 secs] [Times: user=0.64 sys=0.01, real=0.04 secs] 
1171.137: [GC 1171.137: [ParNew: 1334165K->97878K(1415616K), 0.0403740 secs] 2075615K->839328K(8231360K), 0.0405780 secs] [Times: user=0.63 sys=0.00, real=0.04 secs] 
1171.569: [GC 1171.569: [ParNew: 1356246K->106299K(1415616K), 0.0387640 secs] 2097696K->847748K(8231360K), 0.0389690 secs] [Times: user=0.61 sys=0.00, real=0.04 secs] 
1172.001: [GC 1172.001: [ParNew: 1364667K->95204K(1415616K), 0.0326310 secs] 2106116K->836653K(8231360K), 0.0329500 secs] [Times: user=0.51 sys=0.00, real=0.04 secs] 
1172.431: [GC 1172.431: [ParNew: 1353572K->91693K(1415616K), 0.0414840 secs] 2095021K->833142K(8231360K), 0.0416820 secs] [Times: user=0.63 sys=0.02, real=0.05 secs] 
1172.872: [GC 1172.872: [ParNew: 1350061K->91963K(1415616K), 0.0472450 secs] 2091510K->833412K(8231360K), 0.0474410 secs] [Times: user=0.74 sys=0.01, real=0.04 secs] 
1173.369: [GC 1173.369: [ParNew: 1350331K->95250K(1415616K), 0.0385710 secs] 2091780K->836700K(8231360K), 0.0387650 secs] [Times: user=0.60 sys=0.00, real=0.04 secs] 
1177.006: [GC 1177.006: [ParNew: 1353618K->95031K(1415616K), 0.0351000 secs] 2095068K->836480K(8231360K), 0.0352980 secs] [Times: user=0.54 sys=0.00, real=0.03 secs] 
1179.596: [GC 1179.596: [ParNew: 1353399K->104694K(1415616K), 0.0449750 secs] 2094848K->846143K(8231360K), 0.0451730 secs] [Times: user=0.69 sys=0.03, real=0.04 secs] 
1182.015: [GC 1182.015: [ParNew: 1363062K->91556K(1415616K), 0.0433740 secs] 2104511K->833005K(8231360K), 0.0435830 secs] [Times: user=0.67 sys=0.02, real=0.04 secs] 
1186.064: [GC 1186.064: [ParNew: 1349924K->102692K(1415616K), 0.0380760 secs] 2091373K->844141K(8231360K), 0.0382770 secs] [Times: user=0.59 sys=0.00, real=0.04 secs] 
1192.873: [GC 1192.873: [ParNew: 1361060K->81800K(1415616K), 0.0455180 secs] 2102509K->823249K(8231360K), 0.0457200 secs] [Times: user=0.71 sys=0.01, real=0.05 secs] 
1197.190: [GC 1197.190: [ParNew: 1340168K->75970K(1415616K), 0.0394620 secs] 2081617K->817419K(8231360K), 0.0396600 secs] [Times: user=0.61 sys=0.01, real=0.04 secs] 
1200.776: [GC 1200.777: [ParNew: 1334338K->97989K(1415616K), 0.0420240 secs] 2075787K->839438K(8231360K), 0.0422180 secs] [Times: user=0.65 sys=0.01, real=0.04 secs] 
1202.595: [GC 1202.595: [ParNew: 1356357K->99193K(1415616K), 0.0456580 secs] 2097806K->840642K(8231360K), 0.0458570 secs] [Times: user=0.70 sys=0.01, real=0.05 secs] 
1204.568: [GC 1204.568: [ParNew: 1357561K->106570K(1415616K), 0.0335660 secs] 2099010K->848019K(8231360K), 0.0337610 secs] [Times: user=0.52 sys=0.00, real=0.03 secs] 
1208.986: [GC 1208.986: [ParNew: 1364938K->103640K(1415616K), 0.0478170 secs] 2106387K->845089K(8231360K), 0.0480220 secs] [Times: user=0.74 sys=0.02, real=0.05 secs] 
1215.583: [GC 1215.583: [ParNew: 1362008K->74511K(1415616K), 0.0405410 secs] 2103457K->815960K(8231360K), 0.0407370 secs] [Times: user=0.63 sys=0.01, real=0.04 secs] 
1220.761: [GC 1220.761: [ParNew: 1332879K->80021K(1415616K), 0.0361810 secs] 2074328K->821470K(8231360K), 0.0363870 secs] [Times: user=0.56 sys=0.00, real=0.03 secs] 
1227.223: [GC 1227.223: [ParNew: 1338389K->85061K(1415616K), 0.0427480 secs] 2079838K->826511K(8231360K), 0.0429450 secs] [Times: user=0.66 sys=0.01, real=0.04 secs] 
1231.057: [GC 1231.057: [ParNew: 1343429K->92634K(1415616K), 0.0426860 secs] 2084879K->834083K(8231360K), 0.0428830 secs] [Times: user=0.65 sys=0.01, real=0.04 secs] 
1231.494: [GC 1231.494: [ParNew: 1351002K->92470K(1415616K), 0.0342980 secs] 2092451K->833919K(8231360K), 0.0344930 secs] [Times: user=0.53 sys=0.00, real=0.03 secs] 
1231.923: [GC 1231.923: [ParNew: 1350838K->94481K(1415616K), 0.0480670 secs] 2092287K->835931K(8231360K), 0.0482710 secs] [Times: user=0.73 sys=0.02, real=0.04 secs] 
1232.366: [GC 1232.366: [ParNew: 1352849K->102926K(1415616K), 0.0340390 secs] 2094299K->844376K(8231360K), 0.0342400 secs] [Times: user=0.53 sys=0.00, real=0.03 secs] 
1232.795: [GC 1232.795: [ParNew: 1361294K->92437K(1415616K), 0.0428340 secs] 2102744K->833886K(8231360K), 0.0430280 secs] [Times: user=0.67 sys=0.01, real=0.04 secs] 
1233.243: [GC 1233.243: [ParNew: 1350805K->89006K(1415616K), 0.0321120 secs] 2092254K->830455K(8231360K), 0.0323040 secs] [Times: user=0.49 sys=0.01, real=0.03 secs] 
1233.741: [GC 1233.741: [ParNew: 1347374K->101576K(1415616K), 0.0425600 secs] 2088823K->843025K(8231360K), 0.0427490 secs] [Times: user=0.66 sys=0.01, real=0.05 secs] 
1236.213: [GC 1236.214: [ParNew: 1359944K->97278K(1415616K), 0.0330250 secs] 2101393K->838727K(8231360K), 0.0332190 secs] [Times: user=0.52 sys=0.00, real=0.03 secs] 
1239.458: [GC 1239.458: [ParNew: 1355646K->90745K(1415616K), 0.0347990 secs] 2097095K->832194K(8231360K), 0.0349920 secs] [Times: user=0.53 sys=0.01, real=0.03 secs] 
1243.044: [GC 1243.045: [ParNew: 1349113K->86988K(1415616K), 0.0466980 secs] 2090562K->828437K(8231360K), 0.0468960 secs] [Times: user=0.71 sys=0.03, real=0.05 secs] 
1246.030: [GC 1246.030: [ParNew: 1345356K->98621K(1415616K), 0.0414100 secs] 2086805K->840070K(8231360K), 0.0416100 secs] [Times: user=0.62 sys=0.01, real=0.04 secs] 
1249.987: [GC 1249.987: [ParNew: 1356989K->77026K(1415616K), 0.0421400 secs] 2098438K->818475K(8231360K), 0.0423380 secs] [Times: user=0.65 sys=0.02, real=0.04 secs] 
1253.169: [GC 1253.169: [ParNew: 1335394K->98274K(1415616K), 0.0485440 secs] 2076843K->839724K(8231360K), 0.0487440 secs] [Times: user=0.75 sys=0.01, real=0.05 secs] 
1255.371: [GC 1255.371: [ParNew: 1356642K->106004K(1415616K), 0.0421930 secs] 2098092K->847454K(8231360K), 0.0423870 secs] [Times: user=0.65 sys=0.01, real=0.04 secs] 
1259.382: [GC 1259.382: [ParNew: 1364372K->103698K(1415616K), 0.0355930 secs] 2105822K->845147K(8231360K), 0.0358000 secs] [Times: user=0.56 sys=0.01, real=0.04 secs] 
1263.423: [GC 1263.423: [ParNew: 1362066K->96962K(1415616K), 0.0363640 secs] 2103515K->838411K(8231360K), 0.0365660 secs] [Times: user=0.56 sys=0.01, real=0.04 secs] 
1265.423: [GC 1265.423: [ParNew: 1355330K->94731K(1415616K), 0.0484860 secs] 2096779K->836181K(8231360K), 0.0486870 secs] [Times: user=0.74 sys=0.01, real=0.05 secs] 
1268.197: [GC 1268.197: [ParNew: 1353099K->101652K(1415616K), 0.0389040 secs] 2094549K->843101K(8231360K), 0.0390980 secs] [Times: user=0.59 sys=0.02, real=0.04 secs] 
1271.388: [GC 1271.388: [ParNew: 1360020K->110380K(1415616K), 0.0378790 secs] 2101469K->851829K(8231360K), 0.0380770 secs] [Times: user=0.58 sys=0.01, real=0.04 secs] 
1274.186: [GC 1274.186: [ParNew: 1368748K->83609K(1415616K), 0.0383710 secs] 2110197K->825058K(8231360K), 0.0385650 secs] [Times: user=0.59 sys=0.00, real=0.04 secs] 
1278.786: [GC 1278.786: [ParNew: 1341977K->102646K(1415616K), 0.0467550 secs] 2083426K->844095K(8231360K), 0.0469500 secs] [Times: user=0.72 sys=0.01, real=0.05 secs] 
1281.774: [GC 1281.774: [ParNew: 1361014K->108794K(1415616K), 0.0452190 secs] 2102463K->850244K(8231360K), 0.0454310 secs] [Times: user=0.70 sys=0.02, real=0.04 secs] 
1287.978: [GC 1287.978: [ParNew: 1367162K->80676K(1415616K), 0.0424360 secs] 2108612K->822125K(8231360K), 0.0426350 secs] [Times: user=0.67 sys=0.00, real=0.04 secs] 
1291.109: [GC 1291.109: [ParNew: 1339044K->93347K(1415616K), 0.0359550 secs] 2080493K->834797K(8231360K), 0.0361720 secs] [Times: user=0.56 sys=0.00, real=0.04 secs] 
1291.536: [GC 1291.536: [ParNew: 1351715K->88089K(1415616K), 0.0303070 secs] 2093165K->829538K(8231360K), 0.0305050 secs] [Times: user=0.47 sys=0.00, real=0.03 secs] 
1291.961: [GC 1291.961: [ParNew: 1346457K->93557K(1415616K), 0.0401940 secs] 2087906K->835007K(8231360K), 0.0403890 secs] [Times: user=0.61 sys=0.02, real=0.04 secs] 
1292.415: [GC 1292.415: [ParNew: 1351925K->94302K(1415616K), 0.0371550 secs] 2093375K->835751K(8231360K), 0.0373470 secs] [Times: user=0.58 sys=0.01, real=0.03 secs] 
1294.444: [GC 1294.444: [ParNew: 1352670K->95408K(1415616K), 0.0352740 secs] 2094119K->836857K(8231360K), 0.0354720 secs] [Times: user=0.55 sys=0.01, real=0.03 secs] 
1299.178: [GC 1299.178: [ParNew: 1353776K->95558K(1415616K), 0.0352580 secs] 2095225K->837007K(8231360K), 0.0354540 secs] [Times: user=0.56 sys=0.00, real=0.03 secs] 
1301.026: [GC 1301.026: [ParNew: 1353926K->88190K(1415616K), 0.0367080 secs] 2095375K->829640K(8231360K), 0.0369010 secs] [Times: user=0.55 sys=0.00, real=0.03 secs] 
1302.661: [GC 1302.661: [ParNew: 1346558K->94059K(1415616K), 0.0317180 secs] 2088008K->835508K(8231360K), 0.0319160 secs] [Times: user=0.51 sys=0.00, real=0.03 secs] 
1308.874: [GC 1308.874: [ParNew: 1352427K->88970K(1415616K), 0.0344190 secs] 2093876K->830419K(8231360K), 0.0346250 secs] [Times: user=0.54 sys=0.00, real=0.04 secs] 
1311.992: [GC 1311.992: [ParNew: 1347338K->79010K(1415616K), 0.0410380 secs] 2088787K->820459K(8231360K), 0.0412440 secs] [Times: user=0.63 sys=0.01, real=0.04 secs] 
1315.990: [GC 1315.990: [ParNew: 1337378K->98889K(1415616K), 0.0414930 secs] 2078827K->840339K(8231360K), 0.0416880 secs] [Times: user=0.64 sys=0.00, real=0.04 secs] 
1319.373: [GC 1319.373: [ParNew: 1357257K->98564K(1415616K), 0.0446950 secs] 2098707K->840013K(8231360K), 0.0448970 secs] [Times: user=0.68 sys=0.02, real=0.04 secs] 
1322.986: [GC 1322.986: [ParNew: 1356932K->98362K(1415616K), 0.0349650 secs] 2098381K->839811K(8231360K), 0.0351630 secs] [Times: user=0.55 sys=0.01, real=0.04 secs] 
1327.783: [GC 1327.783: [ParNew: 1356730K->92242K(1415616K), 0.0463480 secs] 2098179K->833692K(8231360K), 0.0465440 secs] [Times: user=0.71 sys=0.01, real=0.04 secs] 
1331.609: [GC 1331.609: [ParNew: 1350610K->89968K(1415616K), 0.0337410 secs] 2092060K->831417K(8231360K), 0.0339430 secs] [Times: user=0.52 sys=0.00, real=0.04 secs] 
1334.991: [GC 1334.991: [ParNew: 1348336K->90933K(1415616K), 0.0424090 secs] 2089785K->832382K(8231360K), 0.0426040 secs] [Times: user=0.67 sys=0.01, real=0.05 secs] 
1338.015: [GC 1338.016: [ParNew: 1349301K->93040K(1415616K), 0.0346240 secs] 2090750K->834489K(8231360K), 0.0348200 secs] [Times: user=0.53 sys=0.00, real=0.03 secs] 
1340.611: [GC 1340.611: [ParNew: 1351408K->96455K(1415616K), 0.0447310 secs] 2092857K->837904K(8231360K), 0.0449260 secs] [Times: user=0.69 sys=0.02, real=0.05 secs] 
1342.433: [GC 1342.434: [ParNew: 1354823K->120251K(1415616K), 0.0364310 secs] 2096272K->861700K(8231360K), 0.0366310 secs] [Times: user=0.57 sys=0.00, real=0.03 secs] 
1345.399: [GC 1345.400: [ParNew: 1378619K->87477K(1415616K), 0.0533160 secs] 2120068K->828926K(8231360K), 0.0535210 secs] [Times: user=0.82 sys=0.03, real=0.06 secs] 
1349.786: [GC 1349.786: [ParNew: 1345845K->114277K(1415616K), 0.0435480 secs] 2087294K->855726K(8231360K), 0.0437440 secs] [Times: user=0.68 sys=0.01, real=0.04 secs] 
1351.325: [GC 1351.325: [ParNew: 1372645K->114717K(1415616K), 0.0419340 secs] 2114094K->856167K(8231360K), 0.0421400 secs] [Times: user=0.66 sys=0.00, real=0.04 secs] 
1351.759: [GC 1351.759: [ParNew: 1373085K->93166K(1415616K), 0.0373630 secs] 2114535K->834615K(8231360K), 0.0375610 secs] [Times: user=0.58 sys=0.00, real=0.04 secs] 
1352.195: [GC 1352.195: [ParNew: 1351534K->102175K(1415616K), 0.0432940 secs] 2092983K->843624K(8231360K), 0.0434840 secs] [Times: user=0.66 sys=0.01, real=0.04 secs] 
1352.633: [GC 1352.633: [ParNew: 1360543K->105324K(1415616K), 0.0361420 secs] 2101992K->846773K(8231360K), 0.0363410 secs] [Times: user=0.56 sys=0.00, real=0.04 secs] 
1353.071: [GC 1353.071: [ParNew: 1363692K->102239K(1415616K), 0.0374560 secs] 2105141K->843688K(8231360K), 0.0376560 secs] [Times: user=0.58 sys=0.01, real=0.04 secs] 
1355.041: [GC 1355.041: [ParNew: 1360607K->93408K(1415616K), 0.0392850 secs] 2102056K->834858K(8231360K), 0.0394820 secs] [Times: user=0.60 sys=0.01, real=0.04 secs] 
1364.800: [GC 1364.800: [ParNew: 1351776K->73732K(1415616K), 0.0413310 secs] 2093226K->815182K(8231360K), 0.0415320 secs] [Times: user=0.64 sys=0.00, real=0.04 secs] 
1368.626: [GC 1368.627: [ParNew: 1332100K->79341K(1415616K), 0.0335560 secs] 2073550K->820790K(8231360K), 0.0337520 secs] [Times: user=0.51 sys=0.01, real=0.04 secs] 
1371.502: [GC 1371.503: [ParNew: 1337709K->87741K(1415616K), 0.0427680 secs] 2079158K->829191K(8231360K), 0.0429650 secs] [Times: user=0.65 sys=0.01, real=0.04 secs] 
1373.587: [GC 1373.587: [ParNew: 1346109K->100044K(1415616K), 0.0383360 secs] 2087559K->841493K(8231360K), 0.0385400 secs] [Times: user=0.60 sys=0.00, real=0.04 secs] 
1376.189: [GC 1376.189: [ParNew: 1358412K->93370K(1415616K), 0.0452130 secs] 2099861K->834819K(8231360K), 0.0454140 secs] [Times: user=0.70 sys=0.01, real=0.05 secs] 
1378.399: [GC 1378.399: [ParNew: 1351738K->100363K(1415616K), 0.0355460 secs] 2093187K->841813K(8231360K), 0.0357400 secs] [Times: user=0.55 sys=0.00, real=0.03 secs] 
1383.794: [GC 1383.794: [ParNew: 1358731K->91553K(1415616K), 0.0354930 secs] 2100181K->833002K(8231360K), 0.0356910 secs] [Times: user=0.54 sys=0.01, real=0.03 secs] 
1387.007: [GC 1387.007: [ParNew: 1349921K->92790K(1415616K), 0.0349020 secs] 2091370K->834239K(8231360K), 0.0351000 secs] [Times: user=0.54 sys=0.01, real=0.04 secs] 
1390.845: [GC 1390.845: [ParNew: 1351158K->102921K(1415616K), 0.0346900 secs] 2092607K->844370K(8231360K), 0.0348860 secs] [Times: user=0.53 sys=0.00, real=0.03 secs] 
1393.829: [GC 1393.829: [ParNew: 1361289K->92532K(1415616K), 0.0499660 secs] 2102738K->833981K(8231360K), 0.0501520 secs] [Times: user=0.76 sys=0.03, real=0.05 secs] 
1399.194: [GC 1399.194: [ParNew: 1350900K->90245K(1415616K), 0.0489790 secs] 2092349K->831694K(8231360K), 0.0491710 secs] [Times: user=0.77 sys=0.01, real=0.05 secs] 
1403.205: [GC 1403.206: [ParNew: 1348613K->95312K(1415616K), 0.0414930 secs] 2090062K->836762K(8231360K), 0.0416950 secs] [Times: user=0.63 sys=0.01, real=0.04 secs] 
1405.104: [GC 1405.104: [ParNew: 1353680K->88115K(1415616K), 0.0416030 secs] 2095130K->829564K(8231360K), 0.0418050 secs] [Times: user=0.62 sys=0.01, real=0.05 secs] 
1407.778: [GC 1407.778: [ParNew: 1346483K->108724K(1415616K), 0.0425490 secs] 2087932K->850173K(8231360K), 0.0427480 secs] [Times: user=0.66 sys=0.00, real=0.04 secs] 
1409.808: [GC 1409.808: [ParNew: 1367092K->84785K(1415616K), 0.0372810 secs] 2108541K->826234K(8231360K), 0.0374810 secs] [Times: user=0.59 sys=0.00, real=0.04 secs] 
1411.176: [GC 1411.176: [ParNew: 1343153K->101296K(1415616K), 0.0430290 secs] 2084602K->842745K(8231360K), 0.0432240 secs] [Times: user=0.67 sys=0.01, real=0.04 secs] 
1411.627: [GC 1411.627: [ParNew: 1359664K->106028K(1415616K), 0.0487330 secs] 2101113K->847477K(8231360K), 0.0489260 secs] [Times: user=0.76 sys=0.01, real=0.05 secs] 
1413.417: [GC 1413.417: [ParNew: 1364396K->101695K(1415616K), 0.0391990 secs] 2105845K->843145K(8231360K), 0.0393960 secs] [Times: user=0.61 sys=0.00, real=0.03 secs] 
1416.633: [GC 1416.633: [ParNew: 1360063K->111114K(1415616K), 0.0365560 secs] 2101513K->852564K(8231360K), 0.0367550 secs] [Times: user=0.57 sys=0.00, real=0.04 secs] 
1419.801: [GC 1419.801: [ParNew: 1369482K->113406K(1415616K), 0.0447990 secs] 2110932K->854855K(8231360K), 0.0449940 secs] [Times: user=0.69 sys=0.02, real=0.04 secs] 
1426.461: [GC 1426.461: [ParNew: 1371774K->83943K(1415616K), 0.0385290 secs] 2113223K->825393K(8231360K), 0.0387460 secs] [Times: user=0.60 sys=0.01, real=0.04 secs] 
1432.817: [GC 1432.818: [ParNew: 1342311K->77729K(1415616K), 0.0425170 secs] 2083761K->819178K(8231360K), 0.0427130 secs] [Times: user=0.65 sys=0.01, real=0.05 secs] 
1437.642: [GC 1437.642: [ParNew: 1336097K->73229K(1415616K), 0.0352670 secs] 2077546K->814678K(8231360K), 0.0354630 secs] [Times: user=0.55 sys=0.01, real=0.03 secs] 
1440.212: [GC 1440.212: [ParNew: 1331597K->89883K(1415616K), 0.0349230 secs] 2073046K->831332K(8231360K), 0.0351250 secs] [Times: user=0.55 sys=0.00, real=0.03 secs] 
1442.779: [GC 1442.780: [ParNew: 1348251K->95712K(1415616K), 0.0328710 secs] 2089700K->837162K(8231360K), 0.0330680 secs] [Times: user=0.51 sys=0.00, real=0.04 secs] 
1447.182: [GC 1447.182: [ParNew: 1354080K->97800K(1415616K), 0.0422910 secs] 2095530K->839249K(8231360K), 0.0424900 secs] [Times: user=0.65 sys=0.01, real=0.05 secs] 
1450.027: [GC 1450.027: [ParNew: 1356168K->87527K(1415616K), 0.0505000 secs] 2097617K->828976K(8231360K), 0.0506920 secs] [Times: user=0.76 sys=0.01, real=0.05 secs] 
1452.399: [GC 1452.399: [ParNew: 1345895K->99429K(1415616K), 0.0334730 secs] 2087344K->840878K(8231360K), 0.0336660 secs] [Times: user=0.52 sys=0.01, real=0.04 secs] 
1456.409: [GC 1456.409: [ParNew: 1357797K->92407K(1415616K), 0.0333360 secs] 2099246K->833856K(8231360K), 0.0335330 secs] [Times: user=0.52 sys=0.00, real=0.03 secs] 
1458.530: [GC 1458.530: [ParNew: 1350775K->98933K(1415616K), 0.0410190 secs] 2092224K->840382K(8231360K), 0.0412140 secs] [Times: user=0.61 sys=0.01, real=0.04 secs] 
1461.233: [GC 1461.233: [ParNew: 1357301K->100009K(1415616K), 0.0382980 secs] 2098750K->841458K(8231360K), 0.0384990 secs] [Times: user=0.60 sys=0.01, real=0.04 secs] 
1465.573: [GC 1465.573: [ParNew: 1358377K->100956K(1415616K), 0.0460510 secs] 2099826K->842405K(8231360K), 0.0462480 secs] [Times: user=0.71 sys=0.01, real=0.05 secs] 
1468.191: [GC 1468.191: [ParNew: 1359324K->96467K(1415616K), 0.0444510 secs] 2100773K->837917K(8231360K), 0.0446530 secs] [Times: user=0.68 sys=0.00, real=0.05 secs] 
1471.004: [GC 1471.004: [ParNew: 1354835K->97266K(1415616K), 0.0361930 secs] 2096285K->838715K(8231360K), 0.0363900 secs] [Times: user=0.54 sys=0.01, real=0.04 secs] 
1471.437: [GC 1471.437: [ParNew: 1355634K->96351K(1415616K), 0.0436810 secs] 2097083K->837800K(8231360K), 0.0438770 secs] [Times: user=0.65 sys=0.01, real=0.04 secs] 
1471.889: [GC 1471.890: [ParNew: 1354719K->105308K(1415616K), 0.0387710 secs] 2096168K->846757K(8231360K), 0.0389720 secs] [Times: user=0.58 sys=0.00, real=0.04 secs] 
1472.471: [GC 1472.471: [ParNew: 1363676K->112530K(1415616K), 0.0454980 secs] 2105125K->853980K(8231360K), 0.0457020 secs] [Times: user=0.70 sys=0.00, real=0.04 secs] 
1474.649: [GC 1474.649: [ParNew: 1370898K->109927K(1415616K), 0.0393760 secs] 2112348K->851376K(8231360K), 0.0395800 secs] [Times: user=0.61 sys=0.00, real=0.04 secs] 
1478.483: [GC 1478.483: [ParNew: 1368295K->89974K(1415616K), 0.0345590 secs] 2109744K->831423K(8231360K), 0.0347680 secs] [Times: user=0.52 sys=0.02, real=0.04 secs] 
1484.602: [GC 1484.602: [ParNew: 1348342K->84577K(1415616K), 0.0377580 secs] 2089791K->826027K(8231360K), 0.0379560 secs] [Times: user=0.56 sys=0.01, real=0.04 secs] 
1487.599: [GC 1487.599: [ParNew: 1342945K->94231K(1415616K), 0.0405120 secs] 2084395K->835680K(8231360K), 0.0407050 secs] [Times: user=0.63 sys=0.01, real=0.05 secs] 
1490.864: [GC 1490.864: [ParNew: 1352599K->102102K(1415616K), 0.0359480 secs] 2094048K->843552K(8231360K), 0.0361450 secs] [Times: user=0.55 sys=0.00, real=0.04 secs] 
1497.190: [GC 1497.190: [ParNew: 1360470K->98903K(1415616K), 0.0403170 secs] 2101920K->840352K(8231360K), 0.0405130 secs] [Times: user=0.62 sys=0.01, real=0.04 secs] 
1503.386: [GC 1503.386: [ParNew: 1357271K->83267K(1415616K), 0.0347030 secs] 2098720K->824716K(8231360K), 0.0349080 secs] [Times: user=0.53 sys=0.00, real=0.03 secs] 
1509.614: [GC 1509.614: [ParNew: 1341635K->81218K(1415616K), 0.0430080 secs] 2083084K->822667K(8231360K), 0.0432120 secs] [Times: user=0.64 sys=0.02, real=0.04 secs] 
1511.699: [GC 1511.699: [ParNew: 1339586K->91790K(1415616K), 0.0379600 secs] 2081035K->833239K(8231360K), 0.0381540 secs] [Times: user=0.58 sys=0.00, real=0.04 secs] 
1513.833: [GC 1513.833: [ParNew: 1350158K->93045K(1415616K), 0.0323580 secs] 2091607K->834494K(8231360K), 0.0325490 secs] [Times: user=0.49 sys=0.00, real=0.04 secs] 
1517.585: [GC 1517.585: [ParNew: 1351413K->89993K(1415616K), 0.0331730 secs] 2092862K->831443K(8231360K), 0.0333690 secs] [Times: user=0.51 sys=0.00, real=0.03 secs] 
1521.583: [GC 1521.584: [ParNew: 1348361K->95732K(1415616K), 0.0376280 secs] 2089811K->837181K(8231360K), 0.0378260 secs] [Times: user=0.56 sys=0.02, real=0.04 secs] 
1523.907: [GC 1523.907: [ParNew: 1354100K->101024K(1415616K), 0.0378050 secs] 2095549K->842473K(8231360K), 0.0380090 secs] [Times: user=0.58 sys=0.01, real=0.03 secs] 
1526.282: [GC 1526.282: [ParNew: 1359392K->97212K(1415616K), 0.0433020 secs] 2100841K->838661K(8231360K), 0.0434970 secs] [Times: user=0.66 sys=0.01, real=0.04 secs] 
1529.181: [GC 1529.181: [ParNew: 1355580K->97968K(1415616K), 0.0475900 secs] 2097029K->839417K(8231360K), 0.0477840 secs] [Times: user=0.73 sys=0.01, real=0.05 secs] 
1531.239: [GC 1531.239: [ParNew: 1356336K->100039K(1415616K), 0.0406880 secs] 2097785K->841488K(8231360K), 0.0408890 secs] [Times: user=0.63 sys=0.01, real=0.04 secs] 
1531.671: [GC 1531.671: [ParNew: 1358407K->105827K(1415616K), 0.0386340 secs] 2099856K->847276K(8231360K), 0.0388370 secs] [Times: user=0.59 sys=0.01, real=0.04 secs] 
1532.104: [GC 1532.104: [ParNew: 1364195K->103925K(1415616K), 0.0390440 secs] 2105644K->845374K(8231360K), 0.0392450 secs] [Times: user=0.59 sys=0.01, real=0.04 secs] 
1532.537: [GC 1532.537: [ParNew: 1362293K->105001K(1415616K), 0.0387240 secs] 2103742K->846450K(8231360K), 0.0389160 secs] [Times: user=0.61 sys=0.00, real=0.04 secs] 
1532.967: [GC 1532.967: [ParNew: 1363369K->97402K(1415616K), 0.0451030 secs] 2104818K->838851K(8231360K), 0.0452950 secs] [Times: user=0.68 sys=0.01, real=0.05 secs] 
1533.528: [GC 1533.528: [ParNew: 1355770K->101693K(1415616K), 0.0470320 secs] 2097219K->843142K(8231360K), 0.0472250 secs] [Times: user=0.72 sys=0.02, real=0.05 secs] 
1534.993: [GC 1534.993: [ParNew: 1360061K->97907K(1415616K), 0.0378210 secs] 2101510K->839356K(8231360K), 0.0380160 secs] [Times: user=0.58 sys=0.00, real=0.04 secs] 
1537.580: [GC 1537.580: [ParNew: 1356275K->97964K(1415616K), 0.0497910 secs] 2097724K->839414K(8231360K), 0.0499830 secs] [Times: user=0.75 sys=0.02, real=0.05 secs] 
1541.208: [GC 1541.208: [ParNew: 1356332K->89894K(1415616K), 0.0360990 secs] 2097782K->831343K(8231360K), 0.0362960 secs] [Times: user=0.54 sys=0.01, real=0.04 secs] 
1543.718: [GC 1543.718: [ParNew: 1348262K->97702K(1415616K), 0.0487050 secs] 2089711K->839151K(8231360K), 0.0489000 secs] [Times: user=0.73 sys=0.02, real=0.05 secs] 
1546.279: [GC 1546.279: [ParNew: 1356070K->104783K(1415616K), 0.0381630 secs] 2097519K->846232K(8231360K), 0.0383630 secs] [Times: user=0.58 sys=0.00, real=0.04 secs] 
1548.605: [GC 1548.606: [ParNew: 1363151K->90433K(1415616K), 0.0414880 secs] 2104600K->831882K(8231360K), 0.0416790 secs] [Times: user=0.63 sys=0.01, real=0.04 secs] 
1551.051: [GC 1551.051: [ParNew: 1348801K->102452K(1415616K), 0.0439870 secs] 2090250K->843901K(8231360K), 0.0441870 secs] [Times: user=0.67 sys=0.02, real=0.04 secs] 
1552.280: [GC 1552.281: [ParNew: 1360820K->104791K(1415616K), 0.0397640 secs] 2102269K->846240K(8231360K), 0.0399520 secs] [Times: user=0.59 sys=0.02, real=0.04 secs] 
1555.572: [GC 1555.573: [ParNew: 1363159K->116482K(1415616K), 0.0421870 secs] 2104608K->857931K(8231360K), 0.0423940 secs] [Times: user=0.66 sys=0.00, real=0.04 secs] 
1559.389: [GC 1559.390: [ParNew: 1374847K->106138K(1415616K), 0.0432260 secs] 2116296K->847587K(8231360K), 0.0434170 secs] [Times: user=0.66 sys=0.01, real=0.05 secs] 
1568.228: [GC 1568.229: [ParNew: 1364506K->80230K(1415616K), 0.0451680 secs] 2105955K->821679K(8231360K), 0.0453670 secs] [Times: user=0.68 sys=0.01, real=0.04 secs] 
1572.610: [GC 1572.610: [ParNew: 1338598K->91603K(1415616K), 0.0340830 secs] 2080047K->833053K(8231360K), 0.0342720 secs] [Times: user=0.50 sys=0.00, real=0.03 secs] 
1578.292: [GC 1578.292: [ParNew: 1349971K->85580K(1415616K), 0.0346870 secs] 2091421K->827029K(8231360K), 0.0348850 secs] [Times: user=0.52 sys=0.00, real=0.04 secs] 
1582.490: [GC 1582.490: [ParNew: 1343948K->99111K(1415616K), 0.0654530 secs] 2085397K->840560K(8231360K), 0.0656490 secs] [Times: user=0.99 sys=0.04, real=0.06 secs] 
1585.454: [GC 1585.454: [ParNew: 1357479K->76872K(1415616K), 0.0413510 secs] 2098928K->818321K(8231360K), 0.0415510 secs] [Times: user=0.63 sys=0.01, real=0.04 secs] 
1587.987: [GC 1587.987: [ParNew: 1335240K->98480K(1415616K), 0.0391390 secs] 2076689K->839929K(8231360K), 0.0393360 secs] [Times: user=0.59 sys=0.00, real=0.04 secs] 
1590.374: [GC 1590.374: [ParNew: 1356848K->102127K(1415616K), 0.0446240 secs] 2098297K->843576K(8231360K), 0.0448210 secs] [Times: user=0.69 sys=0.01, real=0.05 secs] 
1591.459: [GC 1591.459: [ParNew: 1360495K->103305K(1415616K), 0.0380510 secs] 2101944K->844754K(8231360K), 0.0382480 secs] [Times: user=0.59 sys=0.00, real=0.04 secs] 
1591.913: [GC 1591.913: [ParNew: 1361673K->98337K(1415616K), 0.0339170 secs] 2103122K->839786K(8231360K), 0.0341140 secs] [Times: user=0.52 sys=0.00, real=0.03 secs] 
1592.356: [GC 1592.356: [ParNew: 1356705K->109099K(1415616K), 0.0503340 secs] 2098154K->850548K(8231360K), 0.0505270 secs] [Times: user=0.74 sys=0.03, real=0.05 secs] 
1592.806: [GC 1592.806: [ParNew: 1367467K->101860K(1415616K), 0.0531920 secs] 2108916K->843310K(8231360K), 0.0533920 secs] [Times: user=0.79 sys=0.03, real=0.06 secs] 
1593.268: [GC 1593.268: [ParNew: 1360228K->107320K(1415616K), 0.0517340 secs] 2101678K->848769K(8231360K), 0.0519320 secs] [Times: user=0.77 sys=0.03, real=0.06 secs] 
1593.735: [GC 1593.735: [ParNew: 1365688K->112477K(1415616K), 0.0393650 secs] 2107137K->853926K(8231360K), 0.0395590 secs] [Times: user=0.59 sys=0.00, real=0.04 secs] 
1594.545: [GC 1594.545: [ParNew: 1370845K->109089K(1415616K), 0.0346690 secs] 2112294K->850538K(8231360K), 0.0348620 secs] [Times: user=0.54 sys=0.00, real=0.04 secs] 
1597.192: [GC 1597.192: [ParNew: 1367457K->100699K(1415616K), 0.0419990 secs] 2108906K->842149K(8231360K), 0.0422110 secs] [Times: user=0.62 sys=0.01, real=0.04 secs] 
1600.811: [GC 1600.811: [ParNew: 1359067K->103891K(1415616K), 0.0452250 secs] 2100517K->845340K(8231360K), 0.0454230 secs] [Times: user=0.69 sys=0.01, real=0.04 secs] 
1603.302: [GC 1603.302: [ParNew: 1362259K->93778K(1415616K), 0.0491600 secs] 2103708K->835227K(8231360K), 0.0493680 secs] [Times: user=0.74 sys=0.02, real=0.05 secs] 
1606.336: [GC 1606.336: [ParNew: 1352146K->90705K(1415616K), 0.0503360 secs] 2093595K->832154K(8231360K), 0.0505360 secs] [Times: user=0.76 sys=0.01, real=0.05 secs] 
1609.791: [GC 1609.791: [ParNew: 1349073K->102367K(1415616K), 0.0362660 secs] 2090522K->843816K(8231360K), 0.0364640 secs] [Times: user=0.54 sys=0.01, real=0.04 secs] 
1612.823: [GC 1612.823: [ParNew: 1360735K->97247K(1415616K), 0.0342880 secs] 2102184K->838696K(8231360K), 0.0344910 secs] [Times: user=0.53 sys=0.00, real=0.03 secs] 
1615.033: [GC 1615.033: [ParNew: 1355615K->92127K(1415616K), 0.0464510 secs] 2097064K->833576K(8231360K), 0.0466490 secs] [Times: user=0.70 sys=0.00, real=0.05 secs] 
1617.181: [GC 1617.181: [ParNew: 1350495K->104796K(1415616K), 0.0473570 secs] 2091944K->846246K(8231360K), 0.0475760 secs] [Times: user=0.70 sys=0.02, real=0.05 secs] 
1621.008: [GC 1621.008: [ParNew: 1363164K->105363K(1415616K), 0.0376540 secs] 2104614K->846813K(8231360K), 0.0378530 secs] [Times: user=0.59 sys=0.00, real=0.04 secs] 
1623.600: [GC 1623.600: [ParNew: 1363731K->104415K(1415616K), 0.0426880 secs] 2105181K->845864K(8231360K), 0.0428840 secs] [Times: user=0.65 sys=0.01, real=0.04 secs] 
1627.381: [GC 1627.381: [ParNew: 1362783K->92497K(1415616K), 0.0425720 secs] 2104232K->833947K(8231360K), 0.0427690 secs] [Times: user=0.64 sys=0.01, real=0.04 secs] 
1630.267: [GC 1630.267: [ParNew: 1350865K->108648K(1415616K), 0.0378490 secs] 2092315K->850098K(8231360K), 0.0380590 secs] [Times: user=0.59 sys=0.00, real=0.03 secs] 
1632.437: [GC 1632.437: [ParNew: 1367016K->101985K(1415616K), 0.0410060 secs] 2108466K->843435K(8231360K), 0.0412000 secs] [Times: user=0.62 sys=0.00, real=0.04 secs] 
1643.791: [GC 1643.791: [ParNew: 1360353K->72988K(1415616K), 0.0427040 secs] 2101803K->814437K(8231360K), 0.0429020 secs] [Times: user=0.63 sys=0.01, real=0.04 secs] 
1651.100: [GC 1651.100: [ParNew: 1331356K->80520K(1415616K), 0.0336260 secs] 2072805K->821969K(8231360K), 0.0338290 secs] [Times: user=0.50 sys=0.01, real=0.04 secs] 
1651.530: [GC 1651.531: [ParNew: 1338888K->90625K(1415616K), 0.0617750 secs] 2080337K->832074K(8231360K), 0.0619730 secs] [Times: user=0.92 sys=0.05, real=0.06 secs] 
1651.985: [GC 1651.985: [ParNew: 1348993K->98281K(1415616K), 0.0337810 secs] 2090442K->839731K(8231360K), 0.0339800 secs] [Times: user=0.51 sys=0.00, real=0.03 secs] 
1652.414: [GC 1652.414: [ParNew: 1356649K->86471K(1415616K), 0.0366340 secs] 2098099K->827920K(8231360K), 0.0368520 secs] [Times: user=0.56 sys=0.00, real=0.04 secs] 
1652.846: [GC 1652.847: [ParNew: 1344839K->87269K(1415616K), 0.0327980 secs] 2086288K->828718K(8231360K), 0.0329960 secs] [Times: user=0.50 sys=0.00, real=0.03 secs] 
1653.290: [GC 1653.291: [ParNew: 1345637K->87698K(1415616K), 0.0414580 secs] 2087086K->829147K(8231360K), 0.0416520 secs] [Times: user=0.63 sys=0.01, real=0.04 secs] 
1655.176: [GC 1655.176: [ParNew: 1346066K->96187K(1415616K), 0.0397440 secs] 2087515K->837636K(8231360K), 0.0399330 secs] [Times: user=0.60 sys=0.00, real=0.04 secs] 
1658.989: [GC 1658.989: [ParNew: 1354555K->96410K(1415616K), 0.0466400 secs] 2096004K->837860K(8231360K), 0.0468380 secs] [Times: user=0.71 sys=0.01, real=0.05 secs] 
1660.621: [GC 1660.621: [ParNew: 1354778K->93647K(1415616K), 0.0411630 secs] 2096228K->835096K(8231360K), 0.0415440 secs] [Times: user=0.63 sys=0.01, real=0.04 secs] 
1664.592: [GC 1664.592: [ParNew: 1352015K->96056K(1415616K), 0.0367640 secs] 2093464K->837506K(8231360K), 0.0369580 secs] [Times: user=0.60 sys=0.00, real=0.04 secs] 
1666.119: [GC 1666.119: [ParNew: 1354424K->90337K(1415616K), 0.0375450 secs] 2095874K->831787K(8231360K), 0.0377370 secs] [Times: user=0.57 sys=0.00, real=0.04 secs] 
1668.582: [GC 1668.583: [ParNew: 1348705K->95985K(1415616K), 0.0479540 secs] 2090155K->837434K(8231360K), 0.0481510 secs] [Times: user=0.73 sys=0.01, real=0.04 secs] 
1671.182: [GC 1671.182: [ParNew: 1354353K->94045K(1415616K), 0.0386670 secs] 2095802K->835495K(8231360K), 0.0388620 secs] [Times: user=0.59 sys=0.01, real=0.04 secs] 
1673.823: [GC 1673.823: [ParNew: 1352413K->106769K(1415616K), 0.0388360 secs] 2093863K->848218K(8231360K), 0.0390190 secs] [Times: user=0.60 sys=0.00, real=0.04 secs] 
1677.803: [GC 1677.803: [ParNew: 1365137K->93814K(1415616K), 0.0381480 secs] 2106586K->835263K(8231360K), 0.0383440 secs] [Times: user=0.57 sys=0.00, real=0.04 secs] 
1687.392: [GC 1687.392: [ParNew: 1352182K->72090K(1415616K), 0.0314050 secs] 2093631K->813540K(8231360K), 0.0316130 secs] [Times: user=0.46 sys=0.02, real=0.03 secs] 
1690.911: [GC 1690.911: [ParNew: 1330458K->86558K(1415616K), 0.0342750 secs] 2071908K->828007K(8231360K), 0.0344720 secs] [Times: user=0.52 sys=0.00, real=0.03 secs] 
1692.778: [GC 1692.778: [ParNew: 1344926K->91897K(1415616K), 0.0488340 secs] 2086375K->833346K(8231360K), 0.0490300 secs] [Times: user=0.74 sys=0.02, real=0.04 secs] 
1695.396: [GC 1695.396: [ParNew: 1350265K->100712K(1415616K), 0.0360520 secs] 2091714K->842161K(8231360K), 0.0362510 secs] [Times: user=0.55 sys=0.00, real=0.04 secs] 
1698.648: [GC 1698.648: [ParNew: 1359080K->104386K(1415616K), 0.0416890 secs] 2100529K->845835K(8231360K), 0.0418890 secs] [Times: user=0.66 sys=0.00, real=0.05 secs] 
1700.628: [GC 1700.628: [ParNew: 1362754K->105220K(1415616K), 0.0391040 secs] 2104203K->846670K(8231360K), 0.0393040 secs] [Times: user=0.59 sys=0.00, real=0.04 secs] 
1703.120: [GC 1703.120: [ParNew: 1363588K->114535K(1415616K), 0.0386570 secs] 2105038K->855984K(8231360K), 0.0388580 secs] [Times: user=0.59 sys=0.01, real=0.03 secs] 
1709.187: [GC 1709.187: [ParNew: 1372903K->100544K(1415616K), 0.0398610 secs] 2114352K->841993K(8231360K), 0.0400540 secs] [Times: user=0.62 sys=0.00, real=0.04 secs] 
1711.206: [GC 1711.206: [ParNew: 1358912K->97670K(1415616K), 0.0408920 secs] 2100361K->839119K(8231360K), 0.0410970 secs] [Times: user=0.61 sys=0.02, real=0.04 secs] 
1711.642: [GC 1711.642: [ParNew: 1356038K->111450K(1415616K), 0.0394660 secs] 2097487K->852899K(8231360K), 0.0396650 secs] [Times: user=0.60 sys=0.01, real=0.04 secs] 
1712.660: [GC 1712.661: [ParNew: 1369818K->101234K(1415616K), 0.0402120 secs] 2111267K->842683K(8231360K), 0.0404130 secs] [Times: user=0.62 sys=0.01, real=0.05 secs] 
1717.847: [GC 1717.848: [ParNew: 1359602K->104200K(1415616K), 0.0447250 secs] 2101051K->845650K(8231360K), 0.0449250 secs] [Times: user=0.68 sys=0.02, real=0.05 secs] 
1725.376: [GC 1725.376: [ParNew: 1362568K->84220K(1415616K), 0.0492990 secs] 2104018K->825670K(8231360K), 0.0494980 secs] [Times: user=0.74 sys=0.01, real=0.05 secs] 
1729.190: [GC 1729.190: [ParNew: 1342588K->88201K(1415616K), 0.0436210 secs] 2084038K->829650K(8231360K), 0.0438140 secs] [Times: user=0.64 sys=0.01, real=0.04 secs] 
1730.947: [GC 1730.947: [ParNew: 1346569K->89603K(1415616K), 0.0414880 secs] 2088018K->831052K(8231360K), 0.0416860 secs] [Times: user=0.64 sys=0.01, real=0.04 secs] 
1732.386: [GC 1732.386: [ParNew: 1347971K->102760K(1415616K), 0.0479320 secs] 2089420K->844210K(8231360K), 0.0481300 secs] [Times: user=0.70 sys=0.02, real=0.04 secs] 
1735.597: [GC 1735.597: [ParNew: 1361128K->104825K(1415616K), 0.0607900 secs] 2102578K->846275K(8231360K), 0.0609940 secs] [Times: user=0.91 sys=0.03, real=0.06 secs] 
1739.999: [GC 1739.999: [ParNew: 1363193K->100060K(1415616K), 0.0518500 secs] 2104643K->841510K(8231360K), 0.0520500 secs] [Times: user=0.79 sys=0.01, real=0.05 secs] 
1742.894: [GC 1742.895: [ParNew: 1358428K->102316K(1415616K), 0.0383840 secs] 2099878K->843765K(8231360K), 0.0385860 secs] [Times: user=0.58 sys=0.01, real=0.04 secs] 
1745.011: [GC 1745.011: [ParNew: 1360684K->103406K(1415616K), 0.0472950 secs] 2102133K->844855K(8231360K), 0.0474950 secs] [Times: user=0.70 sys=0.03, real=0.05 secs] 
1746.283: [GC 1746.283: [ParNew: 1361774K->105023K(1415616K), 0.0388090 secs] 2103223K->846472K(8231360K), 0.0390050 secs] [Times: user=0.60 sys=0.00, real=0.04 secs] 
1749.222: [GC 1749.222: [ParNew: 1363391K->110819K(1415616K), 0.0477090 secs] 2104840K->852268K(8231360K), 0.0479060 secs] [Times: user=0.72 sys=0.02, real=0.05 secs] 
1752.007: [GC 1752.008: [ParNew: 1369187K->107752K(1415616K), 0.0409730 secs] 2110636K->849202K(8231360K), 0.0411710 secs] [Times: user=0.63 sys=0.00, real=0.05 secs] 
1755.387: [GC 1755.387: [ParNew: 1366120K->94326K(1415616K), 0.0431430 secs] 2107570K->835775K(8231360K), 0.0433450 secs] [Times: user=0.64 sys=0.02, real=0.05 secs] 
1761.414: [GC 1761.414: [ParNew: 1352694K->88120K(1415616K), 0.0444560 secs] 2094143K->829569K(8231360K), 0.0446630 secs] [Times: user=0.67 sys=0.01, real=0.04 secs] 
1763.491: [GC 1763.491: [ParNew: 1346488K->96350K(1415616K), 0.0369720 secs] 2087937K->837799K(8231360K), 0.0371760 secs] [Times: user=0.57 sys=0.00, real=0.03 secs] 
1765.709: [GC 1765.709: [ParNew: 1354718K->108109K(1415616K), 0.0411240 secs] 2096167K->849559K(8231360K), 0.0413220 secs] [Times: user=0.63 sys=0.00, real=0.04 secs] 
1767.806: [GC 1767.806: [ParNew: 1366477K->106945K(1415616K), 0.0395830 secs] 2107927K->848395K(8231360K), 0.0397820 secs] [Times: user=0.60 sys=0.00, real=0.04 secs] 
1771.106: [GC 1771.106: [ParNew: 1365313K->99645K(1415616K), 0.0532800 secs] 2106763K->841094K(8231360K), 0.0534930 secs] [Times: user=0.82 sys=0.02, real=0.05 secs] 
1771.553: [GC 1771.554: [ParNew: 1358013K->122467K(1415616K), 0.0493180 secs] 2099462K->863917K(8231360K), 0.0495160 secs] [Times: user=0.75 sys=0.02, real=0.05 secs] 
1771.992: [GC 1771.992: [ParNew: 1380835K->111595K(1415616K), 0.0455610 secs] 2122285K->853044K(8231360K), 0.0457730 secs] [Times: user=0.70 sys=0.01, real=0.05 secs] 
1772.433: [GC 1772.434: [ParNew: 1369963K->109560K(1415616K), 0.0426410 secs] 2111412K->851009K(8231360K), 0.0428500 secs] [Times: user=0.65 sys=0.01, real=0.04 secs] 
1772.871: [GC 1772.871: [ParNew: 1367928K->115451K(1415616K), 0.0455510 secs] 2109377K->856901K(8231360K), 0.0457450 secs] [Times: user=0.69 sys=0.01, real=0.05 secs] 
1773.326: [GC 1773.326: [ParNew: 1373819K->120654K(1415616K), 0.0400900 secs] 2115269K->862103K(8231360K), 0.0403040 secs] [Times: user=0.63 sys=0.00, real=0.04 secs] 
1773.777: [GC 1773.777: [ParNew: 1379022K->111527K(1415616K), 0.0502400 secs] 2120471K->852976K(8231360K), 0.0504320 secs] [Times: user=0.76 sys=0.01, real=0.05 secs] 
1774.252: [GC 1774.252: [ParNew: 1369895K->111867K(1415616K), 0.0587150 secs] 2111344K->853316K(8231360K), 0.0589130 secs] [Times: user=0.92 sys=0.00, real=0.06 secs] 
1776.180: [GC 1776.180: [ParNew: 1370235K->111795K(1415616K), 0.0478750 secs] 2111684K->853244K(8231360K), 0.0480690 secs] [Times: user=0.74 sys=0.01, real=0.05 secs] 
1785.957: [GC 1785.957: [ParNew: 1370163K->77052K(1415616K), 0.0328320 secs] 2111612K->818501K(8231360K), 0.0330310 secs] [Times: user=0.48 sys=0.00, real=0.03 secs] 
1790.921: [GC 1790.921: [ParNew: 1335420K->78737K(1415616K), 0.0412730 secs] 2076869K->820187K(8231360K), 0.0414720 secs] [Times: user=0.60 sys=0.01, real=0.04 secs] 
1794.908: [GC 1794.908: [ParNew: 1337105K->80569K(1415616K), 0.0378030 secs] 2078555K->822019K(8231360K), 0.0380070 secs] [Times: user=0.56 sys=0.01, real=0.03 secs] 
1796.802: [GC 1796.802: [ParNew: 1338937K->95237K(1415616K), 0.0411880 secs] 2080387K->836687K(8231360K), 0.0413890 secs] [Times: user=0.63 sys=0.00, real=0.04 secs] 
1799.797: [GC 1799.797: [ParNew: 1353605K->101020K(1415616K), 0.0387200 secs] 2095055K->842470K(8231360K), 0.0389280 secs] [Times: user=0.59 sys=0.00, real=0.03 secs] 
1801.388: [GC 1801.388: [ParNew: 1359388K->99180K(1415616K), 0.0498200 secs] 2100838K->840630K(8231360K), 0.0500160 secs] [Times: user=0.74 sys=0.02, real=0.05 secs] 
1806.400: [GC 1806.400: [ParNew: 1357548K->98414K(1415616K), 0.0466300 secs] 2098998K->839863K(8231360K), 0.0468370 secs] [Times: user=0.71 sys=0.01, real=0.04 secs] 
1808.524: [GC 1808.524: [ParNew: 1356782K->99503K(1415616K), 0.0392280 secs] 2098231K->840953K(8231360K), 0.0394330 secs] [Times: user=0.59 sys=0.01, real=0.04 secs] 
1810.958: [GC 1810.958: [ParNew: 1357871K->100467K(1415616K), 0.0439130 secs] 2099321K->841916K(8231360K), 0.0441320 secs] [Times: user=0.67 sys=0.00, real=0.05 secs] 
1814.466: [GC 1814.466: [ParNew: 1358835K->103518K(1415616K), 0.0376310 secs] 2100284K->844968K(8231360K), 0.0378340 secs] [Times: user=0.57 sys=0.00, real=0.04 secs] 
1816.618: [GC 1816.618: [ParNew: 1361886K->107902K(1415616K), 0.0367240 secs] 2103336K->849352K(8231360K), 0.0369390 secs] [Times: user=0.56 sys=0.00, real=0.04 secs] 
1820.153: [GC 1820.153: [ParNew: 1366270K->102256K(1415616K), 0.0564340 secs] 2107720K->843706K(8231360K), 0.0566320 secs] [Times: user=0.87 sys=0.01, real=0.05 secs] 
1826.175: [GC 1826.175: [ParNew: 1360624K->88725K(1415616K), 0.0399040 secs] 2102074K->830174K(8231360K), 0.0401000 secs] [Times: user=0.61 sys=0.00, real=0.04 secs] 
1831.065: [GC 1831.065: [ParNew: 1347093K->92118K(1415616K), 0.0413980 secs] 2088542K->833567K(8231360K), 0.0416000 secs] [Times: user=0.63 sys=0.01, real=0.04 secs] 
1831.500: [GC 1831.500: [ParNew: 1350486K->97375K(1415616K), 0.0412900 secs] 2091935K->838824K(8231360K), 0.0414910 secs] [Times: user=0.63 sys=0.00, real=0.04 secs] 
1831.935: [GC 1831.935: [ParNew: 1355743K->98769K(1415616K), 0.0366810 secs] 2097192K->840219K(8231360K), 0.0368800 secs] [Times: user=0.56 sys=0.00, real=0.03 secs] 
1832.365: [GC 1832.365: [ParNew: 1357137K->100159K(1415616K), 0.0435430 secs] 2098587K->841609K(8231360K), 0.0437370 secs] [Times: user=0.64 sys=0.02, real=0.04 secs] 
1832.797: [GC 1832.797: [ParNew: 1358527K->88961K(1415616K), 0.0441280 secs] 2099977K->830410K(8231360K), 0.0443270 secs] [Times: user=0.66 sys=0.02, real=0.04 secs] 
1833.253: [GC 1833.253: [ParNew: 1347329K->111021K(1415616K), 0.0536110 secs] 2088778K->852471K(8231360K), 0.0538170 secs] [Times: user=0.82 sys=0.01, real=0.05 secs] 
1833.729: [GC 1833.729: [ParNew: 1369389K->99949K(1415616K), 0.0353700 secs] 2110839K->841398K(8231360K), 0.0355640 secs] [Times: user=0.53 sys=0.00, real=0.04 secs] 
1834.991: [GC 1834.991: [ParNew: 1358317K->110168K(1415616K), 0.0352410 secs] 2099766K->851618K(8231360K), 0.0354450 secs] [Times: user=0.53 sys=0.00, real=0.04 secs] 
1836.297: [GC 1836.297: [ParNew: 1368536K->117643K(1415616K), 0.0404110 secs] 2109986K->859092K(8231360K), 0.0406070 secs] [Times: user=0.62 sys=0.00, real=0.04 secs] 
1839.024: [GC 1839.024: [ParNew: 1376011K->121278K(1415616K), 0.0640280 secs] 2117460K->862727K(8231360K), 0.0642250 secs] [Times: user=0.99 sys=0.02, real=0.07 secs] 
1841.591: [GC 1841.592: [ParNew: 1379646K->111749K(1415616K), 0.0480930 secs] 2121095K->853199K(8231360K), 0.0482920 secs] [Times: user=0.73 sys=0.01, real=0.05 secs] 
1843.884: [GC 1843.884: [ParNew: 1370117K->108711K(1415616K), 0.0448640 secs] 2111567K->850160K(8231360K), 0.0450600 secs] [Times: user=0.69 sys=0.01, real=0.05 secs] 
1849.180: [GC 1849.180: [ParNew: 1367079K->96816K(1415616K), 0.0450740 secs] 2108528K->838266K(8231360K), 0.0452740 secs] [Times: user=0.71 sys=0.01, real=0.04 secs] 
1859.206: [GC 1859.206: [ParNew: 1355184K->77462K(1415616K), 0.0370990 secs] 2096634K->818911K(8231360K), 0.0372960 secs] [Times: user=0.56 sys=0.00, real=0.04 secs] 
1865.606: [GC 1865.606: [ParNew: 1335830K->85274K(1415616K), 0.0460250 secs] 2077279K->826724K(8231360K), 0.0462300 secs] [Times: user=0.70 sys=0.01, real=0.05 secs] 
1866.477: [GC 1866.477: [ParNew: 1343642K->88176K(1415616K), 0.0599380 secs] 2085092K->829625K(8231360K), 0.0601300 secs] [Times: user=0.93 sys=0.01, real=0.06 secs] 
1869.389: [GC 1869.389: [ParNew: 1346544K->100958K(1415616K), 0.0415310 secs] 2087993K->842407K(8231360K), 0.0417310 secs] [Times: user=0.63 sys=0.01, real=0.05 secs] 
1872.398: [GC 1872.398: [ParNew: 1359326K->97216K(1415616K), 0.0516860 secs] 2100775K->838666K(8231360K), 0.0518840 secs] [Times: user=0.79 sys=0.01, real=0.06 secs] 
1876.177: [GC 1876.177: [ParNew: 1355584K->105030K(1415616K), 0.0372580 secs] 2097034K->846479K(8231360K), 0.0374650 secs] [Times: user=0.58 sys=0.00, real=0.04 secs] 
1879.591: [GC 1879.591: [ParNew: 1363398K->91432K(1415616K), 0.0519910 secs] 2104847K->832881K(8231360K), 0.0521920 secs] [Times: user=0.78 sys=0.02, real=0.06 secs] 
1881.590: [GC 1881.590: [ParNew: 1349800K->95662K(1415616K), 0.0368720 secs] 2091249K->837112K(8231360K), 0.0370870 secs] [Times: user=0.55 sys=0.00, real=0.04 secs] 
1883.490: [GC 1883.490: [ParNew: 1354030K->101554K(1415616K), 0.0435240 secs] 2095480K->843003K(8231360K), 0.0437170 secs] [Times: user=0.66 sys=0.01, real=0.05 secs] 
1887.589: [GC 1887.589: [ParNew: 1359922K->110234K(1415616K), 0.0382330 secs] 2101371K->851683K(8231360K), 0.0384360 secs] [Times: user=0.58 sys=0.02, real=0.04 secs] 
1891.090: [GC 1891.091: [ParNew: 1368602K->98802K(1415616K), 0.0362360 secs] 2110051K->840252K(8231360K), 0.0364390 secs] [Times: user=0.54 sys=0.00, real=0.04 secs] 
1891.524: [GC 1891.524: [ParNew: 1357170K->111555K(1415616K), 0.0391180 secs] 2098620K->853004K(8231360K), 0.0393430 secs] [Times: user=0.59 sys=0.00, real=0.04 secs] 
1891.966: [GC 1891.966: [ParNew: 1369923K->108708K(1415616K), 0.0370030 secs] 2111372K->850158K(8231360K), 0.0372050 secs] [Times: user=0.54 sys=0.00, real=0.03 secs] 
1892.398: [GC 1892.398: [ParNew: 1367076K->108932K(1415616K), 0.0502330 secs] 2108526K->850381K(8231360K), 0.0504330 secs] [Times: user=0.75 sys=0.02, real=0.05 secs] 
1892.838: [GC 1892.838: [ParNew: 1367300K->104569K(1415616K), 0.0516220 secs] 2108749K->846018K(8231360K), 0.0518210 secs] [Times: user=0.77 sys=0.02, real=0.05 secs] 
1893.289: [GC 1893.289: [ParNew: 1362937K->105095K(1415616K), 0.0464470 secs] 2104386K->846544K(8231360K), 0.0466530 secs] [Times: user=0.70 sys=0.02, real=0.05 secs] 
1893.763: [GC 1893.763: [ParNew: 1363463K->106046K(1415616K), 0.0366130 secs] 2104912K->847495K(8231360K), 0.0368110 secs] [Times: user=0.54 sys=0.00, real=0.04 secs] 
1897.779: [GC 1897.780: [ParNew: 1364414K->105847K(1415616K), 0.0498820 secs] 2105863K->847296K(8231360K), 0.0500910 secs] [Times: user=0.76 sys=0.01, real=0.05 secs] 
1901.086: [GC 1901.086: [ParNew: 1364215K->105617K(1415616K), 0.0435140 secs] 2105664K->847066K(8231360K), 0.0437120 secs] [Times: user=0.65 sys=0.01, real=0.05 secs] 
1903.811: [GC 1903.811: [ParNew: 1363985K->100193K(1415616K), 0.0377180 secs] 2105434K->841643K(8231360K), 0.0379250 secs] [Times: user=0.58 sys=0.00, real=0.04 secs] 
1905.855: [GC 1905.855: [ParNew: 1358561K->105797K(1415616K), 0.0421400 secs] 2100011K->847247K(8231360K), 0.0423350 secs] [Times: user=0.64 sys=0.00, real=0.05 secs] 
1909.412: [GC 1909.412: [ParNew: 1364165K->110621K(1415616K), 0.0395050 secs] 2105615K->852070K(8231360K), 0.0397070 secs] [Times: user=0.60 sys=0.00, real=0.04 secs] 
1911.777: [GC 1911.777: [ParNew: 1368989K->102427K(1415616K), 0.0417480 secs] 2110438K->843876K(8231360K), 0.0419690 secs] [Times: user=0.63 sys=0.00, real=0.05 secs] 
1914.776: [GC 1914.776: [ParNew: 1360795K->103952K(1415616K), 0.0575420 secs] 2102244K->845401K(8231360K), 0.0577390 secs] [Times: user=0.86 sys=0.01, real=0.06 secs] 
1924.989: [GC 1924.989: [ParNew: 1362320K->78299K(1415616K), 0.0423950 secs] 2103769K->819748K(8231360K), 0.0425980 secs] [Times: user=0.62 sys=0.00, real=0.05 secs] 
1930.857: [GC 1930.858: [ParNew: 1336667K->86705K(1415616K), 0.0383460 secs] 2078116K->828154K(8231360K), 0.0385530 secs] [Times: user=0.55 sys=0.02, real=0.04 secs] 
1933.280: [GC 1933.281: [ParNew: 1345073K->81472K(1415616K), 0.0424580 secs] 2086522K->822921K(8231360K), 0.0426630 secs] [Times: user=0.64 sys=0.01, real=0.05 secs] 
1936.593: [GC 1936.593: [ParNew: 1339840K->92809K(1415616K), 0.0327060 secs] 2081289K->834259K(8231360K), 0.0329050 secs] [Times: user=0.48 sys=0.01, real=0.03 secs] 
1939.657: [GC 1939.658: [ParNew: 1351177K->99365K(1415616K), 0.0388440 secs] 2092627K->840815K(8231360K), 0.0390390 secs] [Times: user=0.58 sys=0.00, real=0.04 secs] 
1941.867: [GC 1941.867: [ParNew: 1357733K->98190K(1415616K), 0.0481190 secs] 2099183K->839640K(8231360K), 0.0483200 secs] [Times: user=0.73 sys=0.00, real=0.05 secs] 
1944.098: [GC 1944.098: [ParNew: 1356558K->105728K(1415616K), 0.0396090 secs] 2098008K->847178K(8231360K), 0.0398140 secs] [Times: user=0.60 sys=0.00, real=0.04 secs] 
1946.668: [GC 1946.668: [ParNew: 1364096K->101357K(1415616K), 0.0344000 secs] 2105546K->842806K(8231360K), 0.0346020 secs] [Times: user=0.50 sys=0.01, real=0.03 secs] 
1951.031: [GC 1951.031: [ParNew: 1359725K->98494K(1415616K), 0.0608460 secs] 2101174K->839943K(8231360K), 0.0610440 secs] [Times: user=0.93 sys=0.03, real=0.06 secs] 
1951.654: [GC 1951.654: [ParNew: 1356862K->99965K(1415616K), 0.0403770 secs] 2098311K->841414K(8231360K), 0.0405670 secs] [Times: user=0.60 sys=0.01, real=0.05 secs] 
1953.697: [GC 1953.697: [ParNew: 1358333K->91698K(1415616K), 0.0394260 secs] 2099782K->833148K(8231360K), 0.0396230 secs] [Times: user=0.59 sys=0.00, real=0.04 secs] 
1957.112: [GC 1957.112: [ParNew: 1350066K->99843K(1415616K), 0.0474040 secs] 2091516K->841292K(8231360K), 0.0476070 secs] [Times: user=0.70 sys=0.01, real=0.05 secs] 
1964.585: [GC 1964.585: [ParNew: 1358211K->92558K(1415616K), 0.0392690 secs] 2099660K->834008K(8231360K), 0.0394640 secs] [Times: user=0.58 sys=0.00, real=0.04 secs] 
1969.384: [GC 1969.384: [ParNew: 1350926K->88022K(1415616K), 0.0390540 secs] 2092376K->829472K(8231360K), 0.0392540 secs] [Times: user=0.58 sys=0.01, real=0.04 secs] 
1972.598: [GC 1972.598: [ParNew: 1346390K->104999K(1415616K), 0.0398150 secs] 2087840K->846449K(8231360K), 0.0400200 secs] [Times: user=0.61 sys=0.00, real=0.04 secs] 
1974.881: [GC 1974.881: [ParNew: 1363367K->104527K(1415616K), 0.0397360 secs] 2104817K->845977K(8231360K), 0.0399330 secs] [Times: user=0.58 sys=0.00, real=0.04 secs] 
1977.994: [GC 1977.994: [ParNew: 1362895K->107592K(1415616K), 0.0380220 secs] 2104345K->849042K(8231360K), 0.0382180 secs] [Times: user=0.57 sys=0.01, real=0.04 secs] 
1981.087: [GC 1981.087: [ParNew: 1365960K->107133K(1415616K), 0.0421390 secs] 2107410K->848583K(8231360K), 0.0423400 secs] [Times: user=0.64 sys=0.01, real=0.04 secs] 
1984.381: [GC 1984.382: [ParNew: 1365501K->96737K(1415616K), 0.0543290 secs] 2106951K->838186K(8231360K), 0.0545320 secs] [Times: user=0.79 sys=0.04, real=0.05 secs] 
1986.778: [GC 1986.778: [ParNew: 1355105K->102615K(1415616K), 0.0429650 secs] 2096554K->844064K(8231360K), 0.0431640 secs] [Times: user=0.66 sys=0.00, real=0.04 secs] 
1990.961: [GC 1990.961: [ParNew: 1360983K->91858K(1415616K), 0.0398570 secs] 2102432K->833308K(8231360K), 0.0400610 secs] [Times: user=0.57 sys=0.00, real=0.04 secs] 
1995.226: [GC 1995.226: [ParNew: 1350226K->87174K(1415616K), 0.0394760 secs] 2091676K->828624K(8231360K), 0.0396760 secs] [Times: user=0.56 sys=0.00, real=0.04 secs] 
2000.791: [GC 2000.791: [ParNew: 1345542K->85502K(1415616K), 0.0376820 secs] 2086992K->826952K(8231360K), 0.0378850 secs] [Times: user=0.57 sys=0.00, real=0.04 secs] 
2002.389: [GC 2002.389: [ParNew: 1343870K->92971K(1415616K), 0.0760130 secs] 2085320K->834420K(8231360K), 0.0762210 secs] [Times: user=1.16 sys=0.03, real=0.08 secs] 
2004.660: [GC 2004.660: [ParNew: 1351339K->101689K(1415616K), 0.0390700 secs] 2092788K->843139K(8231360K), 0.0392780 secs] [Times: user=0.58 sys=0.01, real=0.04 secs] 
2009.257: [GC 2009.257: [ParNew: 1360057K->108641K(1415616K), 0.0360660 secs] 2101507K->850091K(8231360K), 0.0362690 secs] [Times: user=0.54 sys=0.00, real=0.03 secs] 
2011.206: [GC 2011.206: [ParNew: 1367009K->103532K(1415616K), 0.0499620 secs] 2108459K->844981K(8231360K), 0.0501620 secs] [Times: user=0.75 sys=0.01, real=0.05 secs] 
2011.668: [GC 2011.668: [ParNew: 1361900K->100965K(1415616K), 0.0381430 secs] 2103349K->842414K(8231360K), 0.0383370 secs] [Times: user=0.55 sys=0.01, real=0.03 secs] 
2012.850: [GC 2012.850: [ParNew: 1359333K->112020K(1415616K), 0.0449060 secs] 2100782K->853469K(8231360K), 0.0451270 secs] [Times: user=0.66 sys=0.01, real=0.04 secs] 
2015.305: [GC 2015.305: [ParNew: 1370388K->109606K(1415616K), 0.0404550 secs] 2111837K->851055K(8231360K), 0.0406740 secs] [Times: user=0.60 sys=0.01, real=0.04 secs] 
2017.791: [GC 2017.791: [ParNew: 1367974K->115761K(1415616K), 0.0414170 secs] 2109423K->857211K(8231360K), 0.0416420 secs] [Times: user=0.63 sys=0.00, real=0.04 secs] 
2020.447: [GC 2020.447: [ParNew: 1374129K->109176K(1415616K), 0.0495330 secs] 2115579K->850625K(8231360K), 0.0497610 secs] [Times: user=0.75 sys=0.01, real=0.05 secs] 
2025.000: [GC 2025.000: [ParNew: 1367544K->85697K(1415616K), 0.0452690 secs] 2108993K->827147K(8231360K), 0.0455010 secs] [Times: user=0.67 sys=0.02, real=0.04 secs] 
2027.624: [GC 2027.625: [ParNew: 1344065K->87095K(1415616K), 0.0391260 secs] 2085515K->828544K(8231360K), 0.0393470 secs] [Times: user=0.57 sys=0.00, real=0.04 secs] 
2032.189: [GC 2032.189: [ParNew: 1345463K->102002K(1415616K), 0.0395030 secs] 2086912K->843451K(8231360K), 0.0397270 secs] [Times: user=0.60 sys=0.01, real=0.04 secs] 
2040.792: [GC 2040.792: [ParNew: 1360370K->82091K(1415616K), 0.0465470 secs] 2101819K->823540K(8231360K), 0.0467710 secs] [Times: user=0.69 sys=0.01, real=0.04 secs] 
2043.014: [GC 2043.014: [ParNew: 1340459K->96977K(1415616K), 0.0410050 secs] 2081908K->838426K(8231360K), 0.0412330 secs] [Times: user=0.62 sys=0.00, real=0.04 secs] 
2045.193: [GC 2045.194: [ParNew: 1355345K->102455K(1415616K), 0.0487540 secs] 2096794K->843904K(8231360K), 0.0489730 secs] [Times: user=0.71 sys=0.02, real=0.04 secs] 
2048.580: [GC 2048.580: [ParNew: 1360823K->103897K(1415616K), 0.0579540 secs] 2102272K->845347K(8231360K), 0.0581700 secs] [Times: user=0.87 sys=0.01, real=0.06 secs] 
2050.876: [GC 2050.877: [ParNew: 1362265K->105240K(1415616K), 0.0429430 secs] 2103715K->846689K(8231360K), 0.0431610 secs] [Times: user=0.64 sys=0.02, real=0.04 secs] 
2053.174: [GC 2053.175: [ParNew: 1363608K->109216K(1415616K), 0.0433510 secs] 2105057K->850666K(8231360K), 0.0435800 secs] [Times: user=0.65 sys=0.01, real=0.04 secs] 
2056.608: [GC 2056.608: [ParNew: 1367584K->99840K(1415616K), 0.0474580 secs] 2109034K->841289K(8231360K), 0.0476830 secs] [Times: user=0.70 sys=0.02, real=0.05 secs] 
2059.582: [GC 2059.582: [ParNew: 1358208K->97279K(1415616K), 0.0432010 secs] 2099657K->838728K(8231360K), 0.0434310 secs] [Times: user=0.64 sys=0.01, real=0.05 secs] 
2066.397: [GC 2066.397: [ParNew: 1355647K->90489K(1415616K), 0.0478040 secs] 2097096K->831939K(8231360K), 0.0480280 secs] [Times: user=0.71 sys=0.01, real=0.04 secs] 
2070.427: [GC 2070.427: [ParNew: 1348857K->88870K(1415616K), 0.0410400 secs] 2090307K->830319K(8231360K), 0.0412660 secs] [Times: user=0.61 sys=0.01, real=0.04 secs] 
2071.197: [GC 2071.197: [ParNew: 1347238K->94014K(1415616K), 0.0387150 secs] 2088687K->835463K(8231360K), 0.0389420 secs] [Times: user=0.57 sys=0.01, real=0.04 secs] 
2071.628: [GC 2071.628: [ParNew: 1352382K->98479K(1415616K), 0.0560460 secs] 2093831K->839928K(8231360K), 0.0562770 secs] [Times: user=0.87 sys=0.01, real=0.05 secs] 
2072.079: [GC 2072.079: [ParNew: 1356847K->96136K(1415616K), 0.0461930 secs] 2098296K->837585K(8231360K), 0.0464220 secs] [Times: user=0.69 sys=0.01, real=0.04 secs] 
2072.522: [GC 2072.522: [ParNew: 1354504K->98277K(1415616K), 0.0387830 secs] 2095953K->839726K(8231360K), 0.0390010 secs] [Times: user=0.57 sys=0.01, real=0.04 secs] 
2072.955: [GC 2072.955: [ParNew: 1356645K->99186K(1415616K), 0.0493030 secs] 2098094K->840635K(8231360K), 0.0495280 secs] [Times: user=0.73 sys=0.02, real=0.05 secs] 
2073.419: [GC 2073.419: [ParNew: 1357554K->91056K(1415616K), 0.0394000 secs] 2099003K->832506K(8231360K), 0.0396200 secs] [Times: user=0.57 sys=0.00, real=0.04 secs] 
2074.976: [GC 2074.977: [ParNew: 1349424K->100162K(1415616K), 0.0336860 secs] 2090874K->841611K(8231360K), 0.0339050 secs] [Times: user=0.48 sys=0.01, real=0.04 secs] 
2077.828: [GC 2077.828: [ParNew: 1358530K->100261K(1415616K), 0.0413330 secs] 2099979K->841711K(8231360K), 0.0415840 secs] [Times: user=0.62 sys=0.00, real=0.05 secs] 
2080.101: [GC 2080.101: [ParNew: 1358629K->116680K(1415616K), 0.0473300 secs] 2100079K->858129K(8231360K), 0.0475520 secs] [Times: user=0.72 sys=0.01, real=0.04 secs] 
2081.934: [GC 2081.934: [ParNew: 1375048K->102279K(1415616K), 0.0453910 secs] 2116497K->843729K(8231360K), 0.0456230 secs] [Times: user=0.68 sys=0.01, real=0.05 secs] 
2084.988: [GC 2084.988: [ParNew: 1360647K->104813K(1415616K), 0.0388670 secs] 2102097K->846262K(8231360K), 0.0390800 secs] [Times: user=0.57 sys=0.02, real=0.04 secs] 
2087.836: [GC 2087.836: [ParNew: 1363181K->113368K(1415616K), 0.0437500 secs] 2104630K->854818K(8231360K), 0.0439750 secs] [Times: user=0.66 sys=0.01, real=0.04 secs] 
2091.025: [GC 2091.025: [ParNew: 1371736K->104218K(1415616K), 0.0369420 secs] 2113186K->845668K(8231360K), 0.0371820 secs] [Times: user=0.55 sys=0.00, real=0.04 secs] 
2097.582: [GC 2097.582: [ParNew: 1362586K->85812K(1415616K), 0.0349500 secs] 2104036K->827261K(8231360K), 0.0351670 secs] [Times: user=0.53 sys=0.00, real=0.04 secs] 
2103.678: [GC 2103.678: [ParNew: 1344180K->86188K(1415616K), 0.0406380 secs] 2085629K->827638K(8231360K), 0.0408700 secs] [Times: user=0.62 sys=0.00, real=0.04 secs] 
2108.396: [GC 2108.396: [ParNew: 1344556K->97483K(1415616K), 0.0346350 secs] 2086006K->838933K(8231360K), 0.0348620 secs] [Times: user=0.51 sys=0.00, real=0.03 secs] 
2110.917: [GC 2110.917: [ParNew: 1355851K->102556K(1415616K), 0.0342860 secs] 2097301K->844006K(8231360K), 0.0345130 secs] [Times: user=0.51 sys=0.00, real=0.03 secs] 
2113.786: [GC 2113.786: [ParNew: 1360924K->103887K(1415616K), 0.0428350 secs] 2102374K->845336K(8231360K), 0.0430480 secs] [Times: user=0.65 sys=0.00, real=0.04 secs] 
2117.841: [GC 2117.841: [ParNew: 1362255K->111629K(1415616K), 0.0366780 secs] 2103704K->853078K(8231360K), 0.0369010 secs] [Times: user=0.55 sys=0.00, real=0.04 secs] 
2120.154: [GC 2120.155: [ParNew: 1369997K->117750K(1415616K), 0.0392680 secs] 2111446K->859200K(8231360K), 0.0394880 secs] [Times: user=0.59 sys=0.01, real=0.04 secs] 
2122.994: [GC 2122.994: [ParNew: 1376118K->90574K(1415616K), 0.0418120 secs] 2117568K->832024K(8231360K), 0.0420430 secs] [Times: user=0.64 sys=0.01, real=0.05 secs] 
2125.681: [GC 2125.681: [ParNew: 1348942K->100360K(1415616K), 0.0500210 secs] 2090392K->841810K(8231360K), 0.0502440 secs] [Times: user=0.75 sys=0.01, real=0.05 secs] 
2130.998: [GC 2130.998: [ParNew: 1358728K->91665K(1415616K), 0.0351200 secs] 2100178K->833115K(8231360K), 0.0353380 secs] [Times: user=0.52 sys=0.00, real=0.04 secs] 
2131.440: [GC 2131.440: [ParNew: 1350033K->100539K(1415616K), 0.0415490 secs] 2091483K->841988K(8231360K), 0.0417800 secs] [Times: user=0.60 sys=0.02, real=0.04 secs] 
2140.181: [GC 2140.181: [ParNew: 1358907K->86845K(1415616K), 0.0364970 secs] 2100356K->828295K(8231360K), 0.0367240 secs] [Times: user=0.53 sys=0.01, real=0.03 secs] 
2144.180: [GC 2144.180: [ParNew: 1345213K->92113K(1415616K), 0.0454450 secs] 2086663K->833563K(8231360K), 0.0456670 secs] [Times: user=0.67 sys=0.01, real=0.05 secs] 
2146.389: [GC 2146.389: [ParNew: 1350481K->91146K(1415616K), 0.0339530 secs] 2091931K->832595K(8231360K), 0.0341730 secs] [Times: user=0.49 sys=0.01, real=0.04 secs] 
2148.178: [GC 2148.178: [ParNew: 1349514K->97283K(1415616K), 0.0397880 secs] 2090963K->838733K(8231360K), 0.0400100 secs] [Times: user=0.60 sys=0.00, real=0.04 secs] 
2151.181: [GC 2151.181: [ParNew: 1355651K->99345K(1415616K), 0.0377460 secs] 2097101K->840794K(8231360K), 0.0379760 secs] [Times: user=0.58 sys=0.00, real=0.04 secs] 
2154.472: [GC 2154.472: [ParNew: 1357713K->107273K(1415616K), 0.0376440 secs] 2099162K->848722K(8231360K), 0.0378720 secs] [Times: user=0.57 sys=0.00, real=0.03 secs] 
2157.859: [GC 2157.859: [ParNew: 1365641K->101497K(1415616K), 0.0422270 secs] 2107090K->842946K(8231360K), 0.0424410 secs] [Times: user=0.62 sys=0.00, real=0.04 secs] 
2160.234: [GC 2160.234: [ParNew: 1359865K->101337K(1415616K), 0.0414340 secs] 2101314K->842787K(8231360K), 0.0416520 secs] [Times: user=0.61 sys=0.00, real=0.04 secs] 
2164.005: [GC 2164.005: [ParNew: 1359705K->97319K(1415616K), 0.0399790 secs] 2101155K->838768K(8231360K), 0.0402050 secs] [Times: user=0.59 sys=0.01, real=0.04 secs] 
2169.237: [GC 2169.237: [ParNew: 1355687K->97616K(1415616K), 0.0436600 secs] 2097136K->839066K(8231360K), 0.0438830 secs] [Times: user=0.64 sys=0.01, real=0.04 secs] 
2173.776: [GC 2173.776: [ParNew: 1355984K->92000K(1415616K), 0.0370140 secs] 2097434K->833450K(8231360K), 0.0372360 secs] [Times: user=0.53 sys=0.00, real=0.03 secs] 
2178.435: [GC 2178.435: [ParNew: 1350368K->104061K(1415616K), 0.0425250 secs] 2091818K->845510K(8231360K), 0.0427490 secs] [Times: user=0.63 sys=0.00, real=0.05 secs] 
2180.413: [GC 2180.413: [ParNew: 1362429K->98682K(1415616K), 0.0501680 secs] 2103878K->840131K(8231360K), 0.0503960 secs] [Times: user=0.74 sys=0.02, real=0.05 secs] 
2182.982: [GC 2182.983: [ParNew: 1357050K->100416K(1415616K), 0.0406010 secs] 2098499K->841866K(8231360K), 0.0408300 secs] [Times: user=0.62 sys=0.00, real=0.04 secs] 
2187.106: [GC 2187.106: [ParNew: 1358784K->107975K(1415616K), 0.0423730 secs] 2100234K->849425K(8231360K), 0.0425920 secs] [Times: user=0.63 sys=0.01, real=0.05 secs] 
2191.000: [GC 2191.000: [ParNew: 1366343K->103996K(1415616K), 0.0389100 secs] 2107793K->845445K(8231360K), 0.0391370 secs] [Times: user=0.57 sys=0.00, real=0.03 secs] 
2191.433: [GC 2191.433: [ParNew: 1362364K->104542K(1415616K), 0.0470330 secs] 2103813K->845991K(8231360K), 0.0472640 secs] [Times: user=0.70 sys=0.01, real=0.05 secs] 
2191.911: [GC 2191.911: [ParNew: 1362910K->114610K(1415616K), 0.0395780 secs] 2104359K->856059K(8231360K), 0.0398140 secs] [Times: user=0.59 sys=0.01, real=0.04 secs] 
2194.179: [GC 2194.179: [ParNew: 1372978K->117757K(1415616K), 0.0439460 secs] 2114427K->859206K(8231360K), 0.0441610 secs] [Times: user=0.65 sys=0.01, real=0.05 secs] 
2198.589: [GC 2198.589: [ParNew: 1376125K->110863K(1415616K), 0.0420610 secs] 2117574K->852312K(8231360K), 0.0422780 secs] [Times: user=0.63 sys=0.01, real=0.05 secs] 
2200.997: [GC 2200.997: [ParNew: 1369231K->115483K(1415616K), 0.0468140 secs] 2110680K->856933K(8231360K), 0.0470290 secs] [Times: user=0.71 sys=0.01, real=0.05 secs] 
2203.220: [GC 2203.220: [ParNew: 1373851K->90948K(1415616K), 0.0452580 secs] 2115301K->832397K(8231360K), 0.0454790 secs] [Times: user=0.67 sys=0.00, real=0.05 secs] 
2207.009: [GC 2207.009: [ParNew: 1349316K->85441K(1415616K), 0.0404060 secs] 2090765K->826890K(8231360K), 0.0406450 secs] [Times: user=0.59 sys=0.00, real=0.04 secs] 
2211.198: [GC 2211.198: [ParNew: 1343809K->98628K(1415616K), 0.0414080 secs] 2085258K->840078K(8231360K), 0.0416370 secs] [Times: user=0.62 sys=0.01, real=0.04 secs] 
2213.013: [GC 2213.013: [ParNew: 1356996K->106764K(1415616K), 0.0459840 secs] 2098446K->848214K(8231360K), 0.0462110 secs] [Times: user=0.67 sys=0.02, real=0.05 secs] 
2215.421: [GC 2215.421: [ParNew: 1365132K->110232K(1415616K), 0.0376980 secs] 2106582K->851681K(8231360K), 0.0379200 secs] [Times: user=0.55 sys=0.01, real=0.04 secs] 
2217.189: [GC 2217.189: [ParNew: 1368600K->109120K(1415616K), 0.0490130 secs] 2110049K->850570K(8231360K), 0.0492310 secs] [Times: user=0.72 sys=0.02, real=0.05 secs] 
2222.394: [GC 2222.394: [ParNew: 1367488K->88412K(1415616K), 0.0403650 secs] 2108938K->829862K(8231360K), 0.0405920 secs] [Times: user=0.61 sys=0.01, real=0.04 secs] 
2224.599: [GC 2224.599: [ParNew: 1346780K->97114K(1415616K), 0.0615170 secs] 2088230K->838563K(8231360K), 0.0617380 secs] [Times: user=0.94 sys=0.01, real=0.06 secs] 
2227.778: [GC 2227.778: [ParNew: 1355482K->91360K(1415616K), 0.0494690 secs] 2096931K->832809K(8231360K), 0.0496950 secs] [Times: user=0.75 sys=0.01, real=0.05 secs] 
2232.817: [GC 2232.817: [ParNew: 1349728K->94131K(1415616K), 0.0488020 secs] 2091177K->835580K(8231360K), 0.0490200 secs] [Times: user=0.75 sys=0.00, real=0.04 secs] 
2236.581: [GC 2236.581: [ParNew: 1352499K->97834K(1415616K), 0.0589210 secs] 2093948K->839284K(8231360K), 0.0591340 secs] [Times: user=0.88 sys=0.01, real=0.06 secs] 
2241.940: [GC 2241.940: [ParNew: 1356202K->96851K(1415616K), 0.0453940 secs] 2097652K->838301K(8231360K), 0.0456170 secs] [Times: user=0.67 sys=0.02, real=0.04 secs] 
2245.015: [GC 2245.015: [ParNew: 1355219K->102951K(1415616K), 0.0377760 secs] 2096669K->844401K(8231360K), 0.0379980 secs] [Times: user=0.54 sys=0.01, real=0.04 secs] 
2248.975: [GC 2248.975: [ParNew: 1361319K->90811K(1415616K), 0.0393680 secs] 2102769K->832261K(8231360K), 0.0395800 secs] [Times: user=0.58 sys=0.01, real=0.04 secs] 
2251.114: [GC 2251.115: [ParNew: 1349179K->100492K(1415616K), 0.0414080 secs] 2090629K->841942K(8231360K), 0.0416380 secs] [Times: user=0.62 sys=0.00, real=0.04 secs] 
2251.552: [GC 2251.552: [ParNew: 1358860K->116081K(1415616K), 0.0648280 secs] 2100310K->857531K(8231360K), 0.0650470 secs] [Times: user=0.99 sys=0.01, real=0.06 secs] 
2252.011: [GC 2252.012: [ParNew: 1374449K->105071K(1415616K), 0.0646300 secs] 2115899K->846521K(8231360K), 0.0648610 secs] [Times: user=1.00 sys=0.01, real=0.06 secs] 
2252.475: [GC 2252.475: [ParNew: 1363439K->108164K(1415616K), 0.0423610 secs] 2104889K->849613K(8231360K), 0.0425790 secs] [Times: user=0.66 sys=0.00, real=0.04 secs] 
2252.915: [GC 2252.915: [ParNew: 1366532K->109413K(1415616K), 0.0500890 secs] 2107981K->850863K(8231360K), 0.0503110 secs] [Times: user=0.74 sys=0.03, real=0.05 secs] 
2253.375: [GC 2253.375: [ParNew: 1367781K->105408K(1415616K), 0.0481890 secs] 2109231K->846857K(8231360K), 0.0484040 secs] [Times: user=0.70 sys=0.03, real=0.05 secs] 
2253.864: [GC 2253.864: [ParNew: 1363776K->105966K(1415616K), 0.0495530 secs] 2105225K->847415K(8231360K), 0.0497730 secs] [Times: user=0.73 sys=0.01, real=0.05 secs] 
2255.604: [GC 2255.605: [ParNew: 1364334K->120059K(1415616K), 0.0425110 secs] 2105783K->861508K(8231360K), 0.0427330 secs] [Times: user=0.63 sys=0.00, real=0.04 secs] 
2259.402: [GC 2259.403: [ParNew: 1378427K->112329K(1415616K), 0.0508230 secs] 2119876K->853778K(8231360K), 0.0510450 secs] [Times: user=0.78 sys=0.01, real=0.05 secs] 
2261.303: [GC 2261.303: [ParNew: 1370697K->116486K(1415616K), 0.0503400 secs] 2112146K->857936K(8231360K), 0.0505620 secs] [Times: user=0.76 sys=0.01, real=0.05 secs] 
2266.219: [GC 2266.219: [ParNew: 1374854K->92063K(1415616K), 0.0374470 secs] 2116304K->833513K(8231360K), 0.0376740 secs] [Times: user=0.56 sys=0.00, real=0.04 secs] 
2271.753: [GC 2271.754: [ParNew: 1350431K->89851K(1415616K), 0.0411720 secs] 2091881K->831300K(8231360K), 0.0413930 secs] [Times: user=0.60 sys=0.01, real=0.05 secs] 
2275.212: [GC 2275.212: [ParNew: 1348219K->93297K(1415616K), 0.0620790 secs] 2089668K->834746K(8231360K), 0.0623080 secs] [Times: user=0.91 sys=0.03, real=0.06 secs] 
2279.101: [GC 2279.101: [ParNew: 1351665K->99989K(1415616K), 0.0555870 secs] 2093114K->841438K(8231360K), 0.0558120 secs] [Times: user=0.83 sys=0.02, real=0.06 secs] 
2281.042: [GC 2281.042: [ParNew: 1358357K->92820K(1415616K), 0.0383010 secs] 2099806K->834269K(8231360K), 0.0385280 secs] [Times: user=0.57 sys=0.00, real=0.04 secs] 
2284.580: [GC 2284.580: [ParNew: 1351188K->102704K(1415616K), 0.0410760 secs] 2092637K->844153K(8231360K), 0.0413020 secs] [Times: user=0.60 sys=0.00, real=0.04 secs] 
2287.339: [GC 2287.339: [ParNew: 1361072K->110085K(1415616K), 0.0510540 secs] 2102521K->851535K(8231360K), 0.0512770 secs] [Times: user=0.76 sys=0.01, real=0.05 secs] 
2290.962: [GC 2290.962: [ParNew: 1368453K->95447K(1415616K), 0.0370780 secs] 2109903K->836896K(8231360K), 0.0373570 secs] [Times: user=0.54 sys=0.00, real=0.04 secs] 
2293.783: [GC 2293.783: [ParNew: 1353815K->90330K(1415616K), 0.0483910 secs] 2095264K->831780K(8231360K), 0.0486180 secs] [Times: user=0.68 sys=0.00, real=0.05 secs] 
2297.684: [GC 2297.684: [ParNew: 1348698K->95880K(1415616K), 0.0375960 secs] 2090148K->837329K(8231360K), 0.0378340 secs] [Times: user=0.56 sys=0.00, real=0.04 secs] 
2299.852: [GC 2299.853: [ParNew: 1354248K->106509K(1415616K), 0.0406180 secs] 2095697K->847959K(8231360K), 0.0408410 secs] [Times: user=0.58 sys=0.02, real=0.04 secs] 
2301.339: [GC 2301.339: [ParNew: 1364877K->100118K(1415616K), 0.0399680 secs] 2106327K->841567K(8231360K), 0.0401920 secs] [Times: user=0.57 sys=0.01, real=0.04 secs] 
2305.373: [GC 2305.373: [ParNew: 1358486K->107352K(1415616K), 0.0458740 secs] 2099935K->848802K(8231360K), 0.0460960 secs] [Times: user=0.67 sys=0.01, real=0.04 secs] 
2310.958: [GC 2310.958: [ParNew: 1365720K->86128K(1415616K), 0.0486680 secs] 2107170K->827577K(8231360K), 0.0488910 secs] [Times: user=0.69 sys=0.01, real=0.05 secs] 
2311.415: [GC 2311.415: [ParNew: 1344496K->96104K(1415616K), 0.0401300 secs] 2085945K->837553K(8231360K), 0.0403410 secs] [Times: user=0.58 sys=0.01, real=0.04 secs] 
2311.862: [GC 2311.862: [ParNew: 1354472K->95992K(1415616K), 0.0384960 secs] 2095921K->837442K(8231360K), 0.0387180 secs] [Times: user=0.57 sys=0.00, real=0.03 secs] 
2312.319: [GC 2312.319: [ParNew: 1354360K->95743K(1415616K), 0.0442600 secs] 2095810K->837192K(8231360K), 0.0444800 secs] [Times: user=0.66 sys=0.01, real=0.05 secs] 
2315.410: [GC 2315.410: [ParNew: 1354111K->100219K(1415616K), 0.0398920 secs] 2095560K->841669K(8231360K), 0.0401260 secs] [Times: user=0.57 sys=0.01, real=0.04 secs] 
2317.987: [GC 2317.987: [ParNew: 1358587K->109570K(1415616K), 0.0482350 secs] 2100037K->851020K(8231360K), 0.0484520 secs] [Times: user=0.72 sys=0.00, real=0.05 secs] 
2321.531: [GC 2321.531: [ParNew: 1367938K->107079K(1415616K), 0.0395090 secs] 2109388K->848529K(8231360K), 0.0397360 secs] [Times: user=0.58 sys=0.01, real=0.04 secs] 
2323.511: [GC 2323.512: [ParNew: 1365447K->117083K(1415616K), 0.0508040 secs] 2106897K->858532K(8231360K), 0.0510300 secs] [Times: user=0.75 sys=0.01, real=0.05 secs] 
2325.981: [GC 2325.981: [ParNew: 1375451K->106211K(1415616K), 0.0670190 secs] 2116900K->847660K(8231360K), 0.0672460 secs] [Times: user=1.01 sys=0.03, real=0.07 secs] 
2328.373: [GC 2328.373: [ParNew: 1364579K->108062K(1415616K), 0.0390170 secs] 2106028K->849511K(8231360K), 0.0392480 secs] [Times: user=0.58 sys=0.01, real=0.04 secs] 
2332.979: [GC 2332.979: [ParNew: 1366430K->99695K(1415616K), 0.0565590 secs] 2107879K->841144K(8231360K), 0.0567820 secs] [Times: user=0.82 sys=0.03, real=0.06 secs] 
2348.466: [GC 2348.466: [ParNew: 1358063K->79892K(1415616K), 0.0330500 secs] 2099512K->821341K(8231360K), 0.0332790 secs] [Times: user=0.46 sys=0.00, real=0.04 secs] 
2350.909: [GC 2350.910: [ParNew: 1338260K->95521K(1415616K), 0.0434500 secs] 2079709K->836970K(8231360K), 0.0436800 secs] [Times: user=0.62 sys=0.01, real=0.04 secs] 
2352.273: [GC 2352.274: [ParNew: 1353889K->91158K(1415616K), 0.0346070 secs] 2095338K->832607K(8231360K), 0.0348280 secs] [Times: user=0.48 sys=0.00, real=0.03 secs] 
2354.802: [GC 2354.802: [ParNew: 1349526K->95889K(1415616K), 0.0425330 secs] 2090975K->837338K(8231360K), 0.0427530 secs] [Times: user=0.63 sys=0.02, real=0.04 secs] 
2356.941: [GC 2356.942: [ParNew: 1354257K->99237K(1415616K), 0.0370210 secs] 2095706K->840686K(8231360K), 0.0372460 secs] [Times: user=0.55 sys=0.00, real=0.03 secs] 
2359.791: [GC 2359.791: [ParNew: 1357605K->112391K(1415616K), 0.0516220 secs] 2099054K->853840K(8231360K), 0.0518430 secs] [Times: user=0.74 sys=0.02, real=0.05 secs] 
2363.215: [GC 2363.215: [ParNew: 1370759K->103572K(1415616K), 0.0439770 secs] 2112208K->845022K(8231360K), 0.0442170 secs] [Times: user=0.64 sys=0.02, real=0.04 secs] 
2366.021: [GC 2366.022: [ParNew: 1361940K->106979K(1415616K), 0.0431970 secs] 2103390K->848428K(8231360K), 0.0434210 secs] [Times: user=0.62 sys=0.01, real=0.04 secs] 
2368.840: [GC 2368.840: [ParNew: 1365347K->108900K(1415616K), 0.0435440 secs] 2106796K->850350K(8231360K), 0.0437660 secs] [Times: user=0.63 sys=0.02, real=0.05 secs] 
2371.027: [GC 2371.027: [ParNew: 1367268K->104441K(1415616K), 0.0493420 secs] 2108718K->845890K(8231360K), 0.0495660 secs] [Times: user=0.75 sys=0.00, real=0.05 secs] 
2371.464: [GC 2371.464: [ParNew: 1362809K->122759K(1415616K), 0.0478720 secs] 2104258K->864208K(8231360K), 0.0481900 secs] [Times: user=0.71 sys=0.00, real=0.05 secs] 
2371.907: [GC 2371.908: [ParNew: 1381127K->110319K(1415616K), 0.0371610 secs] 2122576K->851768K(8231360K), 0.0373930 secs] [Times: user=0.55 sys=0.00, real=0.04 secs] 
2372.336: [GC 2372.337: [ParNew: 1368687K->105868K(1415616K), 0.0375170 secs] 2110136K->847317K(8231360K), 0.0377360 secs] [Times: user=0.56 sys=0.00, real=0.04 secs] 
2372.769: [GC 2372.769: [ParNew: 1364236K->110864K(1415616K), 0.0445340 secs] 2105685K->852313K(8231360K), 0.0447540 secs] [Times: user=0.66 sys=0.01, real=0.05 secs] 
2373.218: [GC 2373.218: [ParNew: 1369232K->115670K(1415616K), 0.0371780 secs] 2110681K->857119K(8231360K), 0.0374130 secs] [Times: user=0.54 sys=0.00, real=0.04 secs] 
2374.015: [GC 2374.015: [ParNew: 1374038K->120313K(1415616K), 0.0500930 secs] 2115487K->861762K(8231360K), 0.0503040 secs] [Times: user=0.75 sys=0.01, real=0.05 secs] 
2377.585: [GC 2377.585: [ParNew: 1378681K->96293K(1415616K), 0.0388570 secs] 2120130K->837743K(8231360K), 0.0390810 secs] [Times: user=0.54 sys=0.01, real=0.04 secs] 
2390.004: [GC 2390.004: [ParNew: 1354661K->87131K(1415616K), 0.0373670 secs] 2096111K->828580K(8231360K), 0.0375970 secs] [Times: user=0.53 sys=0.00, real=0.04 secs] 
2392.245: [GC 2392.245: [ParNew: 1345499K->94439K(1415616K), 0.0367530 secs] 2086948K->835888K(8231360K), 0.0369700 secs] [Times: user=0.51 sys=0.01, real=0.04 secs] 
2395.000: [GC 2395.000: [ParNew: 1352807K->111583K(1415616K), 0.0539400 secs] 2094256K->853032K(8231360K), 0.0541560 secs] [Times: user=0.84 sys=0.01, real=0.05 secs] 
2397.177: [GC 2397.177: [ParNew: 1369951K->117737K(1415616K), 0.0515470 secs] 2111400K->859187K(8231360K), 0.0517670 secs] [Times: user=0.77 sys=0.01, real=0.06 secs] 
2398.794: [GC 2398.794: [ParNew: 1376105K->116451K(1415616K), 0.0407670 secs] 2117555K->857901K(8231360K), 0.0409970 secs] [Times: user=0.61 sys=0.00, real=0.04 secs] 
2400.201: [GC 2400.201: [ParNew: 1374819K->121188K(1415616K), 0.0385420 secs] 2116269K->862637K(8231360K), 0.0387600 secs] [Times: user=0.54 sys=0.00, real=0.04 secs] 
2404.772: [GC 2404.773: [ParNew: 1379556K->109297K(1415616K), 0.0408160 secs] 2121005K->850746K(8231360K), 0.0410320 secs] [Times: user=0.60 sys=0.00, real=0.04 secs] 
2410.933: [GC 2410.934: [ParNew: 1367665K->93820K(1415616K), 0.0570930 secs] 2109114K->835269K(8231360K), 0.0573140 secs] [Times: user=0.82 sys=0.04, real=0.06 secs] 
2414.456: [GC 2414.456: [ParNew: 1352188K->89368K(1415616K), 0.0600930 secs] 2093637K->830817K(8231360K), 0.0603050 secs] [Times: user=0.91 sys=0.02, real=0.06 secs] 
2422.379: [GC 2422.380: [ParNew: 1347736K->87049K(1415616K), 0.0424000 secs] 2089185K->828498K(8231360K), 0.0426320 secs] [Times: user=0.62 sys=0.01, real=0.05 secs] 
2426.027: [GC 2426.028: [ParNew: 1345417K->99308K(1415616K), 0.0762240 secs] 2086866K->840757K(8231360K), 0.0764450 secs] [Times: user=1.17 sys=0.02, real=0.08 secs] 
2428.596: [GC 2428.596: [ParNew: 1357676K->97321K(1415616K), 0.0458500 secs] 2099125K->838770K(8231360K), 0.0460780 secs] [Times: user=0.67 sys=0.02, real=0.04 secs] 
2431.000: [GC 2431.000: [ParNew: 1355689K->100652K(1415616K), 0.0496400 secs] 2097138K->842101K(8231360K), 0.0498690 secs] [Times: user=0.73 sys=0.01, real=0.05 secs] 
2431.441: [GC 2431.441: [ParNew: 1359020K->99403K(1415616K), 0.0406970 secs] 2100469K->840852K(8231360K), 0.0409280 secs] [Times: user=0.61 sys=0.00, real=0.04 secs] 
2431.873: [GC 2431.873: [ParNew: 1357771K->97394K(1415616K), 0.0530760 secs] 2099220K->838844K(8231360K), 0.0532990 secs] [Times: user=0.78 sys=0.01, real=0.05 secs] 
2432.324: [GC 2432.324: [ParNew: 1355762K->109644K(1415616K), 0.0383490 secs] 2097212K->851093K(8231360K), 0.0385700 secs] [Times: user=0.55 sys=0.00, real=0.03 secs] 
2432.775: [GC 2432.775: [ParNew: 1368012K->106218K(1415616K), 0.0438920 secs] 2109461K->847667K(8231360K), 0.0441260 secs] [Times: user=0.66 sys=0.01, real=0.04 secs] 
2433.414: [GC 2433.414: [ParNew: 1364586K->102185K(1415616K), 0.0454100 secs] 2106035K->843635K(8231360K), 0.0456340 secs] [Times: user=0.65 sys=0.02, real=0.05 secs] 
2437.008: [GC 2437.009: [ParNew: 1360553K->107506K(1415616K), 0.0557660 secs] 2102003K->848955K(8231360K), 0.0560350 secs] [Times: user=0.82 sys=0.03, real=0.06 secs] 
2440.777: [GC 2440.777: [ParNew: 1365874K->109783K(1415616K), 0.0469100 secs] 2107323K->851232K(8231360K), 0.0471380 secs] [Times: user=0.69 sys=0.01, real=0.04 secs] 
2443.389: [GC 2443.389: [ParNew: 1368151K->101260K(1415616K), 0.0515270 secs] 2109600K->842709K(8231360K), 0.0517470 secs] [Times: user=0.77 sys=0.01, real=0.05 secs] 
2445.587: [GC 2445.587: [ParNew: 1359628K->101369K(1415616K), 0.0519260 secs] 2101077K->842819K(8231360K), 0.0521350 secs] [Times: user=0.74 sys=0.03, real=0.05 secs] 
2447.637: [GC 2447.637: [ParNew: 1359737K->103718K(1415616K), 0.0465800 secs] 2101187K->845167K(8231360K), 0.0467830 secs] [Times: user=0.68 sys=0.00, real=0.04 secs] 
2451.277: [GC 2451.277: [ParNew: 1362086K->103649K(1415616K), 0.0381520 secs] 2103535K->845099K(8231360K), 0.0383790 secs] [Times: user=0.56 sys=0.00, real=0.04 secs] 
2458.985: [GC 2458.985: [ParNew: 1362017K->91718K(1415616K), 0.0391710 secs] 2103467K->833167K(8231360K), 0.0394000 secs] [Times: user=0.56 sys=0.01, real=0.04 secs] 
2461.184: [GC 2461.184: [ParNew: 1350086K->93678K(1415616K), 0.0466710 secs] 2091535K->835127K(8231360K), 0.0468940 secs] [Times: user=0.66 sys=0.02, real=0.05 secs] 
2464.786: [GC 2464.786: [ParNew: 1352046K->84640K(1415616K), 0.0389450 secs] 2093495K->826089K(8231360K), 0.0391790 secs] [Times: user=0.57 sys=0.01, real=0.04 secs] 
2470.104: [GC 2470.104: [ParNew: 1343008K->109800K(1415616K), 0.0501880 secs] 2084457K->851249K(8231360K), 0.0504120 secs] [Times: user=0.75 sys=0.01, real=0.05 secs] 
2473.375: [GC 2473.375: [ParNew: 1368168K->96036K(1415616K), 0.0538270 secs] 2109617K->837485K(8231360K), 0.0540480 secs] [Times: user=0.81 sys=0.01, real=0.05 secs] 
2475.207: [GC 2475.207: [ParNew: 1354404K->112578K(1415616K), 0.0441540 secs] 2095853K->854027K(8231360K), 0.0443760 secs] [Times: user=0.62 sys=0.01, real=0.04 secs] 
2476.807: [GC 2476.807: [ParNew: 1370946K->106932K(1415616K), 0.0504070 secs] 2112395K->848382K(8231360K), 0.0506370 secs] [Times: user=0.73 sys=0.00, real=0.05 secs] 
2480.421: [GC 2480.421: [ParNew: 1365300K->120238K(1415616K), 0.0875750 secs] 2106750K->861687K(8231360K), 0.0878040 secs] [Times: user=1.38 sys=0.01, real=0.09 secs] 
2484.586: [GC 2484.586: [ParNew: 1378606K->114173K(1415616K), 0.0489850 secs] 2120055K->855622K(8231360K), 0.0492180 secs] [Times: user=0.73 sys=0.02, real=0.05 secs] 
2490.197: [GC 2490.198: [ParNew: 1372541K->86419K(1415616K), 0.0451180 secs] 2113990K->827868K(8231360K), 0.0453400 secs] [Times: user=0.65 sys=0.01, real=0.04 secs] 
2491.312: [GC 2491.313: [ParNew: 1344787K->97536K(1415616K), 0.0402220 secs] 2086236K->838985K(8231360K), 0.0404500 secs] [Times: user=0.59 sys=0.01, real=0.04 secs] 
2491.750: [GC 2491.750: [ParNew: 1355904K->100353K(1415616K), 0.0459880 secs] 2097353K->841802K(8231360K), 0.0462200 secs] [Times: user=0.69 sys=0.00, real=0.05 secs] 
2492.195: [GC 2492.195: [ParNew: 1358721K->102012K(1415616K), 0.0435900 secs] 2100170K->843461K(8231360K), 0.0438130 secs] [Times: user=0.63 sys=0.01, real=0.05 secs] 
2492.638: [GC 2492.638: [ParNew: 1360380K->97840K(1415616K), 0.0481360 secs] 2101829K->839289K(8231360K), 0.0483550 secs] [Times: user=0.71 sys=0.00, real=0.05 secs] 
2493.096: [GC 2493.096: [ParNew: 1356208K->106867K(1415616K), 0.0459490 secs] 2097657K->848316K(8231360K), 0.0461640 secs] [Times: user=0.67 sys=0.00, real=0.04 secs] 
2493.596: [GC 2493.597: [ParNew: 1365235K->107153K(1415616K), 0.0378730 secs] 2106684K->848603K(8231360K), 0.0380890 secs] [Times: user=0.56 sys=0.00, real=0.03 secs] 
2494.489: [GC 2494.489: [ParNew: 1365521K->102769K(1415616K), 0.0382760 secs] 2106971K->844218K(8231360K), 0.0384940 secs] [Times: user=0.57 sys=0.00, real=0.04 secs] 
2497.667: [GC 2497.667: [ParNew: 1361137K->99072K(1415616K), 0.0462640 secs] 2102586K->840521K(8231360K), 0.0464930 secs] [Times: user=0.68 sys=0.02, real=0.04 secs] 
2499.605: [GC 2499.605: [ParNew: 1357440K->113238K(1415616K), 0.0398130 secs] 2098889K->854687K(8231360K), 0.0400350 secs] [Times: user=0.59 sys=0.00, real=0.04 secs] 
2502.113: [GC 2502.114: [ParNew: 1371606K->112087K(1415616K), 0.0411710 secs] 2113055K->853536K(8231360K), 0.0413960 secs] [Times: user=0.62 sys=0.00, real=0.04 secs] 
2506.232: [GC 2506.232: [ParNew: 1370455K->98569K(1415616K), 0.0488420 secs] 2111904K->840018K(8231360K), 0.0490680 secs] [Times: user=0.72 sys=0.01, real=0.05 secs] 
2509.587: [GC 2509.587: [ParNew: 1356937K->103218K(1415616K), 0.0384490 secs] 2098386K->844667K(8231360K), 0.0386670 secs] [Times: user=0.57 sys=0.00, real=0.04 secs] 
2512.056: [GC 2512.056: [ParNew: 1361586K->105912K(1415616K), 0.0366340 secs] 2103035K->847361K(8231360K), 0.0368600 secs] [Times: user=0.52 sys=0.00, real=0.04 secs] 
2516.572: [GC 2516.573: [ParNew: 1364280K->112676K(1415616K), 0.0660350 secs] 2105729K->854125K(8231360K), 0.0662610 secs] [Times: user=1.00 sys=0.03, real=0.06 secs] 
2519.779: [GC 2519.779: [ParNew: 1371044K->85349K(1415616K), 0.0563050 secs] 2112493K->826798K(8231360K), 0.0565210 secs] [Times: user=0.84 sys=0.01, real=0.06 secs] 
2522.596: [GC 2522.596: [ParNew: 1343717K->107173K(1415616K), 0.0451240 secs] 2085166K->848623K(8231360K), 0.0453440 secs] [Times: user=0.66 sys=0.01, real=0.05 secs] 
2527.414: [GC 2527.414: [ParNew: 1365541K->102887K(1415616K), 0.0375890 secs] 2106991K->844336K(8231360K), 0.0378150 secs] [Times: user=0.55 sys=0.01, real=0.04 secs] 
2530.888: [GC 2530.888: [ParNew: 1361255K->100494K(1415616K), 0.0376630 secs] 2102704K->841943K(8231360K), 0.0378920 secs] [Times: user=0.57 sys=0.00, real=0.04 secs] 
2532.188: [GC 2532.188: [ParNew: 1358862K->97781K(1415616K), 0.0555890 secs] 2100311K->839230K(8231360K), 0.0558110 secs] [Times: user=0.83 sys=0.01, real=0.06 secs] 
2536.374: [GC 2536.374: [ParNew: 1356149K->106914K(1415616K), 0.0546690 secs] 2097598K->848364K(8231360K), 0.0548880 secs] [Times: user=0.80 sys=0.01, real=0.05 secs] 
2537.979: [GC 2537.979: [ParNew: 1365282K->109901K(1415616K), 0.0500480 secs] 2106732K->851351K(8231360K), 0.0502660 secs] [Times: user=0.75 sys=0.00, real=0.05 secs] 
2540.615: [GC 2540.615: [ParNew: 1368269K->116953K(1415616K), 0.0515910 secs] 2109719K->858403K(8231360K), 0.0518150 secs] [Times: user=0.75 sys=0.02, real=0.05 secs] 
2542.593: [GC 2542.593: [ParNew: 1375321K->114258K(1415616K), 0.0466180 secs] 2116771K->855707K(8231360K), 0.0468330 secs] [Times: user=0.71 sys=0.01, real=0.05 secs] 
2545.383: [GC 2545.383: [ParNew: 1372626K->111363K(1415616K), 0.0435630 secs] 2114075K->852812K(8231360K), 0.0437930 secs] [Times: user=0.64 sys=0.00, real=0.05 secs] 
2551.021: [GC 2551.021: [ParNew: 1369731K->102691K(1415616K), 0.0647100 secs] 2111180K->844141K(8231360K), 0.0649520 secs] [Times: user=0.93 sys=0.05, real=0.07 secs] 
2551.481: [GC 2551.481: [ParNew: 1361059K->111525K(1415616K), 0.0433130 secs] 2102509K->852975K(8231360K), 0.0435410 secs] [Times: user=0.64 sys=0.00, real=0.04 secs] 
2551.920: [GC 2551.920: [ParNew: 1369893K->101512K(1415616K), 0.0468050 secs] 2111343K->842961K(8231360K), 0.0470450 secs] [Times: user=0.67 sys=0.00, real=0.05 secs] 
2552.373: [GC 2552.373: [ParNew: 1359880K->104782K(1415616K), 0.1645210 secs] 2101329K->846231K(8231360K), 0.1647420 secs] [Times: user=2.52 sys=0.07, real=0.17 secs] 
2560.375: [GC 2560.375: [ParNew: 1363150K->82145K(1415616K), 0.0913700 secs] 2104599K->823594K(8231360K), 0.0915940 secs] [Times: user=1.41 sys=0.02, real=0.09 secs] 
2563.382: [GC 2563.382: [ParNew: 1340513K->83262K(1415616K), 0.0565900 secs] 2081962K->824712K(8231360K), 0.0568110 secs] [Times: user=0.84 sys=0.02, real=0.06 secs] 
2566.833: [GC 2566.833: [ParNew: 1341630K->97127K(1415616K), 0.0458100 secs] 2083080K->838576K(8231360K), 0.0460300 secs] [Times: user=0.66 sys=0.01, real=0.05 secs] 
2568.596: [GC 2568.596: [ParNew: 1355495K->100392K(1415616K), 0.0351710 secs] 2096944K->841841K(8231360K), 0.0353920 secs] [Times: user=0.50 sys=0.01, real=0.04 secs] 
2571.138: [GC 2571.138: [ParNew: 1358760K->103566K(1415616K), 0.0391190 secs] 2100209K->845015K(8231360K), 0.0393440 secs] [Times: user=0.56 sys=0.00, real=0.04 secs] 
2573.623: [GC 2573.623: [ParNew: 1361934K->111253K(1415616K), 0.1053450 secs] 2103383K->852702K(8231360K), 0.1055690 secs] [Times: user=1.63 sys=0.02, real=0.10 secs] 
2575.723: [GC 2575.723: [ParNew: 1369621K->114396K(1415616K), 0.0423980 secs] 2111070K->855845K(8231360K), 0.0426950 secs] [Times: user=0.64 sys=0.00, real=0.04 secs] 
2577.995: [GC 2577.996: [ParNew: 1372764K->108411K(1415616K), 0.0515860 secs] 2114213K->849860K(8231360K), 0.0518050 secs] [Times: user=0.77 sys=0.01, real=0.05 secs] 
2581.685: [GC 2581.685: [ParNew: 1366779K->105164K(1415616K), 0.0454040 secs] 2108228K->846614K(8231360K), 0.0456170 secs] [Times: user=0.66 sys=0.00, real=0.04 secs] 
2586.583: [GC 2586.583: [ParNew: 1363532K->94117K(1415616K), 0.0713960 secs] 2104982K->835567K(8231360K), 0.0716300 secs] [Times: user=1.07 sys=0.02, real=0.07 secs] 
2591.018: [GC 2591.018: [ParNew: 1352485K->90015K(1415616K), 0.0377420 secs] 2093935K->831464K(8231360K), 0.0379680 secs] [Times: user=0.56 sys=0.01, real=0.04 secs] 
2598.794: [GC 2598.794: [ParNew: 1348383K->91864K(1415616K), 0.0532500 secs] 2089832K->833313K(8231360K), 0.0534670 secs] [Times: user=0.77 sys=0.01, real=0.06 secs] 
2601.205: [GC 2601.205: [ParNew: 1350232K->96514K(1415616K), 0.0465680 secs] 2091681K->837963K(8231360K), 0.0467930 secs] [Times: user=0.67 sys=0.01, real=0.04 secs] 
2603.778: [GC 2603.778: [ParNew: 1354882K->101460K(1415616K), 0.1066350 secs] 2096331K->842910K(8231360K), 0.1068500 secs] [Times: user=1.66 sys=0.03, real=0.10 secs] 
2607.996: [GC 2607.996: [ParNew: 1359828K->109979K(1415616K), 0.0448490 secs] 2101278K->851429K(8231360K), 0.0450670 secs] [Times: user=0.66 sys=0.01, real=0.05 secs] 
2610.802: [GC 2610.802: [ParNew: 1368347K->103700K(1415616K), 0.0376330 secs] 2109797K->845149K(8231360K), 0.0378480 secs] [Times: user=0.54 sys=0.01, real=0.04 secs] 
2611.331: [GC 2611.331: [ParNew: 1362068K->114930K(1415616K), 0.0383710 secs] 2103517K->856379K(8231360K), 0.0385900 secs] [Times: user=0.56 sys=0.00, real=0.04 secs] 
2611.780: [GC 2611.780: [ParNew: 1373298K->113049K(1415616K), 0.0407850 secs] 2114747K->854499K(8231360K), 0.0410060 secs] [Times: user=0.59 sys=0.01, real=0.04 secs] 
2612.804: [GC 2612.805: [ParNew: 1371417K->115885K(1415616K), 0.0670450 secs] 2112867K->857334K(8231360K), 0.0672600 secs] [Times: user=1.03 sys=0.00, real=0.07 secs] 
2614.929: [GC 2614.929: [ParNew: 1374253K->126991K(1415616K), 0.0426860 secs] 2115702K->868441K(8231360K), 0.0429060 secs] [Times: user=0.64 sys=0.00, real=0.04 secs] 
2618.194: [GC 2618.195: [ParNew: 1385359K->120629K(1415616K), 0.0511240 secs] 2126809K->862079K(8231360K), 0.0513430 secs] [Times: user=0.75 sys=0.01, real=0.05 secs] 
2627.003: [GC 2627.003: [ParNew: 1378997K->78451K(1415616K), 0.3049560 secs] 2120447K->844070K(8231360K), 0.3051800 secs] [Times: user=3.98 sys=0.32, real=0.30 secs] 
2629.394: [GC 2629.394: [ParNew: 1336819K->64743K(1415616K), 0.0229250 secs] 2102438K->830362K(8231360K), 0.0231390 secs] [Times: user=0.35 sys=0.01, real=0.02 secs] 
2631.686: [GC 2631.686: [ParNew: 1323111K->75280K(1415616K), 0.0246990 secs] 2088730K->840899K(8231360K), 0.0249290 secs] [Times: user=0.39 sys=0.00, real=0.02 secs] 
2636.378: [GC 2636.378: [ParNew: 1333648K->80590K(1415616K), 0.0290460 secs] 2099267K->846209K(8231360K), 0.0292660 secs] [Times: user=0.44 sys=0.00, real=0.03 secs] 
2638.808: [GC 2638.808: [ParNew: 1338958K->82772K(1415616K), 0.0286710 secs] 2104577K->848391K(8231360K), 0.0288890 secs] [Times: user=0.44 sys=0.01, real=0.03 secs] 
2640.371: [GC 2640.371: [ParNew: 1341140K->82287K(1415616K), 0.0259750 secs] 2106759K->847906K(8231360K), 0.0261940 secs] [Times: user=0.40 sys=0.01, real=0.03 secs] 
2643.609: [GC 2643.609: [ParNew: 1340655K->87467K(1415616K), 0.0309850 secs] 2106274K->853086K(8231360K), 0.0312130 secs] [Times: user=0.46 sys=0.01, real=0.03 secs] 
2647.392: [GC 2647.392: [ParNew: 1345835K->86832K(1415616K), 0.0309830 secs] 2111454K->852451K(8231360K), 0.0312030 secs] [Times: user=0.46 sys=0.01, real=0.03 secs] 
2650.382: [GC 2650.382: [ParNew: 1345200K->88672K(1415616K), 0.0308130 secs] 2110819K->854291K(8231360K), 0.0310320 secs] [Times: user=0.47 sys=0.00, real=0.03 secs] 
2651.126: [GC 2651.126: [ParNew: 1347040K->90007K(1415616K), 0.0278860 secs] 2112659K->855626K(8231360K), 0.0281090 secs] [Times: user=0.42 sys=0.00, real=0.02 secs] 
2654.028: [GC 2654.028: [ParNew: 1348375K->84564K(1415616K), 0.0305160 secs] 2113994K->850183K(8231360K), 0.0307440 secs] [Times: user=0.48 sys=0.00, real=0.03 secs] 
2658.051: [GC 2658.052: [ParNew: 1342932K->77544K(1415616K), 0.0311050 secs] 2108551K->843163K(8231360K), 0.0313360 secs] [Times: user=0.48 sys=0.00, real=0.03 secs] 
2665.191: [GC 2665.191: [ParNew: 1335912K->76056K(1415616K), 0.0303230 secs] 2101531K->841675K(8231360K), 0.0305380 secs] [Times: user=0.47 sys=0.01, real=0.03 secs] 
2667.981: [GC 2667.982: [ParNew: 1334424K->83370K(1415616K), 0.0259440 secs] 2100043K->848989K(8231360K), 0.0261570 secs] [Times: user=0.41 sys=0.00, real=0.03 secs] 
2670.598: [GC 2670.598: [ParNew: 1341738K->88329K(1415616K), 0.0285580 secs] 2107357K->853948K(8231360K), 0.0287860 secs] [Times: user=0.44 sys=0.00, real=0.03 secs] 
2671.371: [GC 2671.371: [ParNew: 1346697K->81586K(1415616K), 0.0265910 secs] 2112316K->847204K(8231360K), 0.0268110 secs] [Times: user=0.42 sys=0.00, real=0.03 secs] 
2671.789: [GC 2671.789: [ParNew: 1339954K->87499K(1415616K), 0.0293990 secs] 2105572K->853118K(8231360K), 0.0296310 secs] [Times: user=0.46 sys=0.00, real=0.03 secs] 
2672.247: [GC 2672.247: [ParNew: 1345867K->94877K(1415616K), 0.0345460 secs] 2111486K->860496K(8231360K), 0.0347640 secs] [Times: user=0.52 sys=0.00, real=0.04 secs] 
2674.385: [GC 2674.385: [ParNew: 1353245K->97583K(1415616K), 0.0309090 secs] 2118864K->863202K(8231360K), 0.0311240 secs] [Times: user=0.48 sys=0.01, real=0.03 secs] 
2677.194: [GC 2677.194: [ParNew: 1355951K->104574K(1415616K), 0.0366770 secs] 2121570K->870193K(8231360K), 0.0368970 secs] [Times: user=0.57 sys=0.00, real=0.04 secs] 
2680.207: [GC 2680.207: [ParNew: 1362942K->95391K(1415616K), 0.0366100 secs] 2128561K->861010K(8231360K), 0.0368220 secs] [Times: user=0.56 sys=0.00, real=0.04 secs] 
2682.578: [GC 2682.578: [ParNew: 1353759K->93054K(1415616K), 0.0358900 secs] 2119378K->858673K(8231360K), 0.0361090 secs] [Times: user=0.55 sys=0.00, real=0.04 secs] 
2686.391: [GC 2686.391: [ParNew: 1351422K->85796K(1415616K), 0.0340600 secs] 2117041K->851414K(8231360K), 0.0342920 secs] [Times: user=0.52 sys=0.00, real=0.03 secs] 
2692.023: [GC 2692.023: [ParNew: 1344164K->80826K(1415616K), 0.0351560 secs] 2109782K->846445K(8231360K), 0.0353770 secs] [Times: user=0.54 sys=0.01, real=0.03 secs] 
2702.809: [GC 2702.809: [ParNew: 1339194K->58879K(1415616K), 0.0268030 secs] 2104813K->824498K(8231360K), 0.0270440 secs] [Times: user=0.40 sys=0.00, real=0.03 secs] 
2706.196: [GC 2706.196: [ParNew: 1317247K->83016K(1415616K), 0.0293500 secs] 2082866K->848635K(8231360K), 0.0295680 secs] [Times: user=0.45 sys=0.00, real=0.03 secs] 
2709.071: [GC 2709.071: [ParNew: 1341384K->89887K(1415616K), 0.0383740 secs] 2107003K->855506K(8231360K), 0.0385970 secs] [Times: user=0.58 sys=0.01, real=0.04 secs] 
2710.232: [GC 2710.232: [ParNew: 1348255K->88317K(1415616K), 0.0311500 secs] 2113874K->853936K(8231360K), 0.0313680 secs] [Times: user=0.48 sys=0.00, real=0.03 secs] 
2712.873: [GC 2712.873: [ParNew: 1346685K->95226K(1415616K), 0.0296210 secs] 2112304K->860844K(8231360K), 0.0298400 secs] [Times: user=0.45 sys=0.01, real=0.03 secs] 
2716.612: [GC 2716.612: [ParNew: 1353594K->90408K(1415616K), 0.0322510 secs] 2119212K->856027K(8231360K), 0.0324770 secs] [Times: user=0.50 sys=0.00, real=0.03 secs] 
2719.816: [GC 2719.816: [ParNew: 1348776K->84659K(1415616K), 0.0367530 secs] 2114395K->850278K(8231360K), 0.0369720 secs] [Times: user=0.58 sys=0.00, real=0.04 secs] 
2722.273: [GC 2722.273: [ParNew: 1343027K->95195K(1415616K), 0.0316330 secs] 2108646K->860814K(8231360K), 0.0318540 secs] [Times: user=0.49 sys=0.00, real=0.03 secs] 
2725.035: [GC 2725.035: [ParNew: 1353563K->97033K(1415616K), 0.0366020 secs] 2119182K->862652K(8231360K), 0.0368210 secs] [Times: user=0.57 sys=0.01, real=0.04 secs] 
2727.580: [GC 2727.580: [ParNew: 1355401K->98647K(1415616K), 0.0383690 secs] 2121020K->864266K(8231360K), 0.0385890 secs] [Times: user=0.58 sys=0.01, real=0.04 secs] 
2731.110: [GC 2731.110: [ParNew: 1357015K->84645K(1415616K), 0.0302860 secs] 2122634K->850264K(8231360K), 0.0305090 secs] [Times: user=0.46 sys=0.00, real=0.03 secs] 
2731.529: [GC 2731.529: [ParNew: 1343013K->99178K(1415616K), 0.0371680 secs] 2108632K->864796K(8231360K), 0.0373860 secs] [Times: user=0.56 sys=0.01, real=0.03 secs] 
2731.961: [GC 2731.961: [ParNew: 1357546K->93353K(1415616K), 0.0364330 secs] 2123164K->858972K(8231360K), 0.0366630 secs] [Times: user=0.56 sys=0.02, real=0.03 secs] 
2732.396: [GC 2732.396: [ParNew: 1351721K->97520K(1415616K), 0.0345710 secs] 2117340K->863139K(8231360K), 0.0347950 secs] [Times: user=0.54 sys=0.00, real=0.04 secs] 
2732.828: [GC 2732.828: [ParNew: 1355888K->89376K(1415616K), 0.0371550 secs] 2121507K->854995K(8231360K), 0.0373740 secs] [Times: user=0.58 sys=0.00, real=0.04 secs] 
2733.283: [GC 2733.283: [ParNew: 1347744K->92812K(1415616K), 0.0297710 secs] 2113363K->858430K(8231360K), 0.0299920 secs] [Times: user=0.46 sys=0.00, real=0.03 secs] 
2739.183: [GC 2739.184: [ParNew: 1351180K->73077K(1415616K), 0.0286980 secs] 2116798K->838695K(8231360K), 0.0289160 secs] [Times: user=0.45 sys=0.00, real=0.03 secs] 
2750.959: [GC 2750.959: [ParNew: 1331445K->67002K(1415616K), 0.0319080 secs] 2097063K->832621K(8231360K), 0.0321270 secs] [Times: user=0.49 sys=0.01, real=0.03 secs] 
2753.995: [GC 2753.995: [ParNew: 1325370K->87354K(1415616K), 0.0346010 secs] 2090989K->852973K(8231360K), 0.0348100 secs] [Times: user=0.54 sys=0.01, real=0.03 secs] 
2756.400: [GC 2756.401: [ParNew: 1345722K->93419K(1415616K), 0.0342800 secs] 2111341K->859038K(8231360K), 0.0344970 secs] [Times: user=0.53 sys=0.01, real=0.04 secs] 
2758.244: [GC 2758.244: [ParNew: 1351787K->92404K(1415616K), 0.0303800 secs] 2117406K->858023K(8231360K), 0.0305990 secs] [Times: user=0.47 sys=0.00, real=0.03 secs] 
2759.569: [GC 2759.569: [ParNew: 1350772K->110492K(1415616K), 0.0337590 secs] 2116391K->876111K(8231360K), 0.0339720 secs] [Times: user=0.52 sys=0.00, real=0.03 secs] 
2762.380: [GC 2762.381: [ParNew: 1368860K->85930K(1415616K), 0.0379620 secs] 2134479K->851549K(8231360K), 0.0381790 secs] [Times: user=0.57 sys=0.02, real=0.04 secs] 
2769.593: [GC 2769.593: [ParNew: 1344298K->86566K(1415616K), 0.0359400 secs] 2109917K->852185K(8231360K), 0.0361620 secs] [Times: user=0.54 sys=0.01, real=0.04 secs] 
2771.592: [GC 2771.592: [ParNew: 1344934K->80763K(1415616K), 0.0338170 secs] 2110553K->846382K(8231360K), 0.0340320 secs] [Times: user=0.52 sys=0.00, real=0.03 secs] 
2779.976: [GC 2779.977: [ParNew: 1339131K->71908K(1415616K), 0.0283100 secs] 2104750K->837527K(8231360K), 0.0285410 secs] [Times: user=0.43 sys=0.00, real=0.03 secs] 
2783.802: [GC 2783.802: [ParNew: 1330276K->85919K(1415616K), 0.0312400 secs] 2095895K->851538K(8231360K), 0.0314750 secs] [Times: user=0.47 sys=0.00, real=0.03 secs] 
2785.903: [GC 2785.903: [ParNew: 1344287K->88708K(1415616K), 0.0304300 secs] 2109906K->854327K(8231360K), 0.0306470 secs] [Times: user=0.47 sys=0.00, real=0.03 secs] 
2788.041: [GC 2788.041: [ParNew: 1347076K->84181K(1415616K), 0.0332330 secs] 2112695K->849799K(8231360K), 0.0334490 secs] [Times: user=0.51 sys=0.00, real=0.03 secs] 
2790.792: [GC 2790.792: [ParNew: 1342549K->101101K(1415616K), 0.0316710 secs] 2108167K->866720K(8231360K), 0.0318850 secs] [Times: user=0.49 sys=0.01, real=0.03 secs] 
2791.368: [GC 2791.368: [ParNew: 1359469K->97410K(1415616K), 0.0376230 secs] 2125088K->863029K(8231360K), 0.0378410 secs] [Times: user=0.57 sys=0.00, real=0.04 secs] 
2791.798: [GC 2791.798: [ParNew: 1355778K->97252K(1415616K), 0.0303830 secs] 2121397K->862871K(8231360K), 0.0305950 secs] [Times: user=0.47 sys=0.00, real=0.03 secs] 
2792.234: [GC 2792.234: [ParNew: 1355620K->95676K(1415616K), 0.0311580 secs] 2121239K->861295K(8231360K), 0.0313730 secs] [Times: user=0.49 sys=0.00, real=0.03 secs] 
2792.680: [GC 2792.681: [ParNew: 1354044K->104413K(1415616K), 0.0335450 secs] 2119663K->870032K(8231360K), 0.0337560 secs] [Times: user=0.51 sys=0.01, real=0.03 secs] 
2796.182: [GC 2796.182: [ParNew: 1362781K->96963K(1415616K), 0.0306360 secs] 2128400K->862582K(8231360K), 0.0308520 secs] [Times: user=0.46 sys=0.00, real=0.03 secs] 
2800.007: [GC 2800.007: [ParNew: 1355331K->99823K(1415616K), 0.0315230 secs] 2120950K->865442K(8231360K), 0.0317420 secs] [Times: user=0.49 sys=0.00, real=0.03 secs] 
2802.445: [GC 2802.445: [ParNew: 1358191K->90945K(1415616K), 0.0316170 secs] 2123810K->856564K(8231360K), 0.0318450 secs] [Times: user=0.49 sys=0.00, real=0.03 secs] 
2804.823: [GC 2804.823: [ParNew: 1349313K->99088K(1415616K), 0.0334460 secs] 2114932K->864707K(8231360K), 0.0336730 secs] [Times: user=0.51 sys=0.01, real=0.03 secs] 
2806.809: [GC 2806.809: [ParNew: 1357456K->96211K(1415616K), 0.0364550 secs] 2123075K->861830K(8231360K), 0.0366750 secs] [Times: user=0.56 sys=0.01, real=0.04 secs] 
2811.004: [GC 2811.004: [ParNew: 1354579K->90844K(1415616K), 0.0310540 secs] 2120198K->856463K(8231360K), 0.0312760 secs] [Times: user=0.48 sys=0.00, real=0.03 secs] 
2830.903: [GC 2830.903: [ParNew: 1349212K->62825K(1415616K), 0.0250170 secs] 2114831K->828444K(8231360K), 0.0252510 secs] [Times: user=0.38 sys=0.00, real=0.03 secs] 
2832.983: [GC 2832.983: [ParNew: 1321193K->71589K(1415616K), 0.0280790 secs] 2086812K->837208K(8231360K), 0.0283020 secs] [Times: user=0.44 sys=0.00, real=0.03 secs] 
2839.514: [GC 2839.514: [ParNew: 1329957K->87969K(1415616K), 0.0313430 secs] 2095576K->853588K(8231360K), 0.0315710 secs] [Times: user=0.48 sys=0.00, real=0.03 secs] 
2842.045: [GC 2842.045: [ParNew: 1346337K->91888K(1415616K), 0.0352890 secs] 2111956K->857507K(8231360K), 0.0355150 secs] [Times: user=0.55 sys=0.00, real=0.04 secs] 
2844.884: [GC 2844.884: [ParNew: 1350256K->97632K(1415616K), 0.0329610 secs] 2115875K->863251K(8231360K), 0.0331950 secs] [Times: user=0.51 sys=0.01, real=0.03 secs] 
2846.802: [GC 2846.802: [ParNew: 1356000K->101051K(1415616K), 0.0295840 secs] 2121619K->866670K(8231360K), 0.0298040 secs] [Times: user=0.46 sys=0.00, real=0.03 secs] 
2849.775: [GC 2849.775: [ParNew: 1359419K->98637K(1415616K), 0.0373870 secs] 2125038K->864256K(8231360K), 0.0376050 secs] [Times: user=0.59 sys=0.01, real=0.04 secs] 
2851.241: [GC 2851.241: [ParNew: 1357005K->98578K(1415616K), 0.0324850 secs] 2122624K->864196K(8231360K), 0.0327060 secs] [Times: user=0.49 sys=0.00, real=0.04 secs] 
2851.664: [GC 2851.664: [ParNew: 1356946K->104426K(1415616K), 0.0366040 secs] 2122564K->870045K(8231360K), 0.0368190 secs] [Times: user=0.57 sys=0.01, real=0.04 secs] 
2852.103: [GC 2852.103: [ParNew: 1362794K->104991K(1415616K), 0.0363890 secs] 2128413K->870610K(8231360K), 0.0366320 secs] [Times: user=0.57 sys=0.00, real=0.03 secs] 
2852.553: [GC 2852.554: [ParNew: 1363359K->101424K(1415616K), 0.0334790 secs] 2128978K->867043K(8231360K), 0.0336980 secs] [Times: user=0.52 sys=0.00, real=0.03 secs] 
2854.313: [GC 2854.314: [ParNew: 1359792K->106280K(1415616K), 0.0381020 secs] 2125411K->871899K(8231360K), 0.0383220 secs] [Times: user=0.59 sys=0.01, real=0.04 secs] 
2859.582: [GC 2859.582: [ParNew: 1364648K->81799K(1415616K), 0.0350180 secs] 2130267K->847418K(8231360K), 0.0352380 secs] [Times: user=0.54 sys=0.00, real=0.03 secs] 
2863.814: [GC 2863.814: [ParNew: 1340167K->79245K(1415616K), 0.0335730 secs] 2105786K->844864K(8231360K), 0.0337990 secs] [Times: user=0.51 sys=0.01, real=0.03 secs] 
2868.189: [GC 2868.189: [ParNew: 1337613K->80152K(1415616K), 0.0321670 secs] 2103232K->845771K(8231360K), 0.0323830 secs] [Times: user=0.51 sys=0.00, real=0.03 secs] 
2873.579: [GC 2873.579: [ParNew: 1338520K->85291K(1415616K), 0.0351900 secs] 2104139K->850910K(8231360K), 0.0354080 secs] [Times: user=0.54 sys=0.00, real=0.03 secs] 
2876.630: [GC 2876.630: [ParNew: 1343659K->89936K(1415616K), 0.0391160 secs] 2109278K->855554K(8231360K), 0.0393440 secs] [Times: user=0.61 sys=0.00, real=0.04 secs] 
2878.008: [GC 2878.008: [ParNew: 1348304K->96152K(1415616K), 0.0328430 secs] 2113922K->861771K(8231360K), 0.0330650 secs] [Times: user=0.52 sys=0.00, real=0.03 secs] 
2879.778: [GC 2879.778: [ParNew: 1354520K->98513K(1415616K), 0.0316370 secs] 2120139K->864132K(8231360K), 0.0318680 secs] [Times: user=0.49 sys=0.00, real=0.03 secs] 
2881.601: [GC 2881.601: [ParNew: 1356881K->95986K(1415616K), 0.0347300 secs] 2122500K->861605K(8231360K), 0.0349530 secs] [Times: user=0.54 sys=0.00, real=0.03 secs] 
2884.037: [GC 2884.037: [ParNew: 1354354K->90704K(1415616K), 0.0328830 secs] 2119973K->856323K(8231360K), 0.0331080 secs] [Times: user=0.52 sys=0.00, real=0.03 secs] 
2886.224: [GC 2886.224: [ParNew: 1349072K->99824K(1415616K), 0.0326830 secs] 2114691K->865443K(8231360K), 0.0329110 secs] [Times: user=0.51 sys=0.00, real=0.03 secs] 
2890.457: [GC 2890.457: [ParNew: 1358192K->88247K(1415616K), 0.0330490 secs] 2123811K->853866K(8231360K), 0.0332790 secs] [Times: user=0.51 sys=0.00, real=0.04 secs] 
2895.980: [GC 2895.981: [ParNew: 1346615K->78650K(1415616K), 0.0301250 secs] 2112234K->844268K(8231360K), 0.0303480 secs] [Times: user=0.46 sys=0.00, real=0.03 secs] 
2899.589: [GC 2899.589: [ParNew: 1337018K->84181K(1415616K), 0.0326680 secs] 2102636K->849799K(8231360K), 0.0328990 secs] [Times: user=0.49 sys=0.00, real=0.04 secs] 
2902.604: [GC 2902.604: [ParNew: 1342549K->98674K(1415616K), 0.0340020 secs] 2108167K->864293K(8231360K), 0.0342240 secs] [Times: user=0.52 sys=0.01, real=0.03 secs] 
2904.984: [GC 2904.984: [ParNew: 1357042K->78055K(1415616K), 0.0388220 secs] 2122661K->843674K(8231360K), 0.0390300 secs] [Times: user=0.60 sys=0.00, real=0.04 secs] 
2909.009: [GC 2909.009: [ParNew: 1336423K->102276K(1415616K), 0.0314290 secs] 2102042K->867895K(8231360K), 0.0316340 secs] [Times: user=0.49 sys=0.00, real=0.03 secs] 
2911.208: [GC 2911.208: [ParNew: 1360644K->94964K(1415616K), 0.0315660 secs] 2126263K->860583K(8231360K), 0.0317810 secs] [Times: user=0.50 sys=0.00, real=0.03 secs] 
2911.631: [GC 2911.631: [ParNew: 1353332K->97784K(1415616K), 0.0364800 secs] 2118951K->863403K(8231360K), 0.0366890 secs] [Times: user=0.56 sys=0.01, real=0.04 secs] 
2912.060: [GC 2912.060: [ParNew: 1356152K->100477K(1415616K), 0.0309020 secs] 2121771K->866096K(8231360K), 0.0311170 secs] [Times: user=0.48 sys=0.00, real=0.03 secs] 
2912.504: [GC 2912.505: [ParNew: 1358845K->94635K(1415616K), 0.0392570 secs] 2124464K->860254K(8231360K), 0.0394740 secs] [Times: user=0.61 sys=0.00, real=0.04 secs] 
2912.984: [GC 2912.984: [ParNew: 1353003K->103708K(1415616K), 0.0371770 secs] 2118622K->869327K(8231360K), 0.0373870 secs] [Times: user=0.58 sys=0.01, real=0.03 secs] 
2915.608: [GC 2915.608: [ParNew: 1362076K->99276K(1415616K), 0.0354790 secs] 2127695K->864895K(8231360K), 0.0356960 secs] [Times: user=0.54 sys=0.00, real=0.04 secs] 
2915.644: [GC [1 CMS-initial-mark: 765618K(6815744K)] 864895K(8231360K), 0.0992180 secs] [Times: user=0.10 sys=0.00, real=0.10 secs] 
2915.744: [CMS-concurrent-mark-start]
2916.566: [CMS-concurrent-mark: 0.822/0.822 secs] [Times: user=3.38 sys=0.02, real=0.82 secs] 
2916.566: [CMS-concurrent-preclean-start]
2916.587: [CMS-concurrent-preclean: 0.021/0.021 secs] [Times: user=0.02 sys=0.00, real=0.02 secs] 
2916.587: [CMS-concurrent-abortable-preclean-start]
 CMS: abort preclean due to time 2921.803: [CMS-concurrent-abortable-preclean: 4.602/5.215 secs] [Times: user=4.93 sys=0.14, real=5.21 secs] 
2921.804: [GC[YG occupancy: 239384 K (1415616 K)]2921.804: [Rescan (parallel) , 0.0442520 secs]2921.848: [weak refs processing, 0.0000240 secs] [1 CMS-remark: 765618K(6815744K)] 1005002K(8231360K), 0.0444250 secs] [Times: user=0.27 sys=0.00, real=0.05 secs] 
2921.849: [CMS-concurrent-sweep-start]
2922.659: [CMS-concurrent-sweep: 0.810/0.810 secs] [Times: user=0.85 sys=0.01, real=0.81 secs] 
2922.659: [CMS-concurrent-reset-start]
2922.694: [CMS-concurrent-reset: 0.035/0.035 secs] [Times: user=0.17 sys=0.01, real=0.04 secs] 
2923.087: [GC 2923.087: [ParNew: 1357644K->95687K(1415616K), 0.0323990 secs] 1959626K->697669K(8231360K), 0.0326180 secs] [Times: user=0.50 sys=0.00, real=0.03 secs] 
2923.951: [GC 2923.951: [ParNew: 1354055K->96552K(1415616K), 0.0340370 secs] 1956037K->698535K(8231360K), 0.0342540 secs] [Times: user=0.53 sys=0.00, real=0.04 secs] 
2927.131: [GC 2927.131: [ParNew: 1354920K->83188K(1415616K), 0.0365970 secs] 1956903K->685171K(8231360K), 0.0368020 secs] [Times: user=0.56 sys=0.01, real=0.04 secs] 
2932.284: [GC 2932.284: [ParNew: 1341556K->78625K(1415616K), 0.0303210 secs] 1943539K->680608K(8231360K), 0.0305320 secs] [Times: user=0.47 sys=0.01, real=0.03 secs] 
2939.198: [GC 2939.198: [ParNew: 1336993K->76917K(1415616K), 0.0286080 secs] 1938976K->678899K(8231360K), 0.0288220 secs] [Times: user=0.44 sys=0.00, real=0.02 secs] 
2943.134: [GC 2943.134: [ParNew: 1335285K->86738K(1415616K), 0.0341050 secs] 1937267K->688721K(8231360K), 0.0343250 secs] [Times: user=0.53 sys=0.00, real=0.04 secs] 
2944.988: [GC 2944.988: [ParNew: 1345106K->86418K(1415616K), 0.0309990 secs] 1947089K->688400K(8231360K), 0.0312070 secs] [Times: user=0.47 sys=0.00, real=0.03 secs] 
2946.673: [GC 2946.673: [ParNew: 1344786K->96437K(1415616K), 0.0371440 secs] 1946768K->698419K(8231360K), 0.0373480 secs] [Times: user=0.57 sys=0.01, real=0.04 secs] 
2950.613: [GC 2950.613: [ParNew: 1354805K->96177K(1415616K), 0.0349150 secs] 1956787K->698159K(8231360K), 0.0351270 secs] [Times: user=0.53 sys=0.01, real=0.03 secs] 
2952.175: [GC 2952.175: [ParNew: 1354545K->94495K(1415616K), 0.0341970 secs] 1956527K->696477K(8231360K), 0.0344050 secs] [Times: user=0.53 sys=0.01, real=0.04 secs] 
2954.390: [GC 2954.390: [ParNew: 1352863K->95182K(1415616K), 0.0299610 secs] 1954845K->697165K(8231360K), 0.0301630 secs] [Times: user=0.46 sys=0.00, real=0.03 secs] 
2956.094: [GC 2956.095: [ParNew: 1353550K->86949K(1415616K), 0.0330960 secs] 1955533K->688931K(8231360K), 0.0332990 secs] [Times: user=0.51 sys=0.00, real=0.03 secs] 
2958.470: [GC 2958.470: [ParNew: 1345317K->98371K(1415616K), 0.0346320 secs] 1947299K->700353K(8231360K), 0.0348430 secs] [Times: user=0.55 sys=0.01, real=0.04 secs] 
2962.980: [GC 2962.980: [ParNew: 1356739K->102639K(1415616K), 0.0327200 secs] 1958721K->704621K(8231360K), 0.0329270 secs] [Times: user=0.51 sys=0.00, real=0.04 secs] 
2966.976: [GC 2966.976: [ParNew: 1361007K->85068K(1415616K), 0.0308000 secs] 1962989K->687051K(8231360K), 0.0310150 secs] [Times: user=0.48 sys=0.00, real=0.03 secs] 
2971.096: [GC 2971.097: [ParNew: 1343436K->92558K(1415616K), 0.0299950 secs] 1945419K->694540K(8231360K), 0.0302040 secs] [Times: user=0.46 sys=0.00, real=0.03 secs] 
2971.519: [GC 2971.519: [ParNew: 1350926K->90752K(1415616K), 0.0301300 secs] 1952908K->692734K(8231360K), 0.0303370 secs] [Times: user=0.48 sys=0.00, real=0.03 secs] 
2971.989: [GC 2971.990: [ParNew: 1349120K->88291K(1415616K), 0.0304460 secs] 1951102K->690273K(8231360K), 0.0306540 secs] [Times: user=0.49 sys=0.00, real=0.03 secs] 
2974.212: [GC 2974.212: [ParNew: 1346659K->95438K(1415616K), 0.0343050 secs] 1948641K->697421K(8231360K), 0.0345260 secs] [Times: user=0.53 sys=0.00, real=0.04 secs] 
2976.585: [GC 2976.585: [ParNew: 1353806K->92386K(1415616K), 0.0374910 secs] 1955789K->694368K(8231360K), 0.0376930 secs] [Times: user=0.57 sys=0.01, real=0.03 secs] 
2979.599: [GC 2979.599: [ParNew: 1350754K->104152K(1415616K), 0.0393260 secs] 1952736K->706135K(8231360K), 0.0395370 secs] [Times: user=0.61 sys=0.01, real=0.04 secs] 
2982.794: [GC 2982.794: [ParNew: 1362520K->102148K(1415616K), 0.0415250 secs] 1964503K->704131K(8231360K), 0.0417310 secs] [Times: user=0.65 sys=0.00, real=0.05 secs] 
2985.789: [GC 2985.789: [ParNew: 1360516K->98910K(1415616K), 0.0346790 secs] 1962499K->700892K(8231360K), 0.0348970 secs] [Times: user=0.53 sys=0.01, real=0.03 secs] 
2988.600: [GC 2988.600: [ParNew: 1357278K->90273K(1415616K), 0.0347420 secs] 1959260K->692255K(8231360K), 0.0349470 secs] [Times: user=0.54 sys=0.00, real=0.03 secs] 
2994.788: [GC 2994.788: [ParNew: 1348641K->76165K(1415616K), 0.0290410 secs] 1950623K->678148K(8231360K), 0.0292470 secs] [Times: user=0.44 sys=0.01, real=0.02 secs] 
3003.086: [GC 3003.086: [ParNew: 1334533K->68364K(1415616K), 0.0312640 secs] 1936516K->670346K(8231360K), 0.0314820 secs] [Times: user=0.48 sys=0.00, real=0.03 secs] 
3008.585: [GC 3008.585: [ParNew: 1326732K->87466K(1415616K), 0.0359300 secs] 1928714K->689448K(8231360K), 0.0361370 secs] [Times: user=0.56 sys=0.01, real=0.04 secs] 
3010.637: [GC 3010.637: [ParNew: 1345834K->89385K(1415616K), 0.0307670 secs] 1947816K->691368K(8231360K), 0.0309710 secs] [Times: user=0.47 sys=0.00, real=0.03 secs] 
3011.996: [GC 3011.997: [ParNew: 1347753K->91347K(1415616K), 0.0302640 secs] 1949736K->693329K(8231360K), 0.0304780 secs] [Times: user=0.47 sys=0.00, real=0.03 secs] 
3015.196: [GC 3015.196: [ParNew: 1349715K->92485K(1415616K), 0.0364270 secs] 1951697K->694467K(8231360K), 0.0366240 secs] [Times: user=0.57 sys=0.01, real=0.04 secs] 
3017.970: [GC 3017.970: [ParNew: 1350853K->87572K(1415616K), 0.0339370 secs] 1952835K->689554K(8231360K), 0.0341680 secs] [Times: user=0.52 sys=0.01, real=0.04 secs] 
3023.040: [GC 3023.040: [ParNew: 1345940K->97243K(1415616K), 0.0326060 secs] 1947922K->699225K(8231360K), 0.0328050 secs] [Times: user=0.50 sys=0.00, real=0.04 secs] 
3025.397: [GC 3025.397: [ParNew: 1355611K->93128K(1415616K), 0.0337360 secs] 1957593K->695111K(8231360K), 0.0339440 secs] [Times: user=0.53 sys=0.00, real=0.03 secs] 
3028.387: [GC 3028.387: [ParNew: 1351496K->99277K(1415616K), 0.0389570 secs] 1953479K->701259K(8231360K), 0.0391630 secs] [Times: user=0.59 sys=0.01, real=0.04 secs] 
3031.139: [GC 3031.139: [ParNew: 1357645K->76101K(1415616K), 0.0355080 secs] 1959627K->678084K(8231360K), 0.0357180 secs] [Times: user=0.56 sys=0.00, real=0.04 secs] 
3031.564: [GC 3031.564: [ParNew: 1334469K->99157K(1415616K), 0.0321840 secs] 1936452K->701140K(8231360K), 0.0323900 secs] [Times: user=0.49 sys=0.00, real=0.04 secs] 
3033.017: [GC 3033.017: [ParNew: 1357525K->99161K(1415616K), 0.0314440 secs] 1959508K->701143K(8231360K), 0.0316490 secs] [Times: user=0.48 sys=0.00, real=0.03 secs] 
3045.259: [GC 3045.259: [ParNew: 1357529K->63159K(1415616K), 0.0364740 secs] 1959511K->665141K(8231360K), 0.0366890 secs] [Times: user=0.55 sys=0.01, real=0.03 secs] 
3048.781: [GC 3048.781: [ParNew: 1321527K->83570K(1415616K), 0.0363630 secs] 1923509K->685553K(8231360K), 0.0365670 secs] [Times: user=0.56 sys=0.01, real=0.04 secs] 
3050.400: [GC 3050.400: [ParNew: 1341938K->89442K(1415616K), 0.0358550 secs] 1943921K->691425K(8231360K), 0.0360750 secs] [Times: user=0.56 sys=0.01, real=0.03 secs] 
3052.181: [GC 3052.181: [ParNew: 1347810K->97240K(1415616K), 0.0374690 secs] 1949793K->699223K(8231360K), 0.0376760 secs] [Times: user=0.57 sys=0.01, real=0.04 secs] 
3054.877: [GC 3054.877: [ParNew: 1355608K->105646K(1415616K), 0.0323700 secs] 1957591K->707628K(8231360K), 0.0325820 secs] [Times: user=0.50 sys=0.00, real=0.04 secs] 
3057.585: [GC 3057.586: [ParNew: 1364014K->110931K(1415616K), 0.0380080 secs] 1965996K->712914K(8231360K), 0.0382270 secs] [Times: user=0.58 sys=0.01, real=0.04 secs] 
3059.990: [GC 3059.990: [ParNew: 1369299K->112724K(1415616K), 0.0415970 secs] 1971282K->714707K(8231360K), 0.0418290 secs] [Times: user=0.65 sys=0.01, real=0.04 secs] 
3062.394: [GC 3062.394: [ParNew: 1371092K->102456K(1415616K), 0.0424770 secs] 1973075K->704438K(8231360K), 0.0426970 secs] [Times: user=0.67 sys=0.00, real=0.04 secs] 
3067.791: [GC 3067.791: [ParNew: 1360824K->86397K(1415616K), 0.0374390 secs] 1962806K->688380K(8231360K), 0.0376410 secs] [Times: user=0.58 sys=0.01, real=0.03 secs] 
3071.120: [GC 3071.120: [ParNew: 1344765K->72843K(1415616K), 0.0336000 secs] 1946748K->674826K(8231360K), 0.0338130 secs] [Times: user=0.53 sys=0.00, real=0.04 secs] 
3074.152: [GC 3074.152: [ParNew: 1331211K->75397K(1415616K), 0.0341790 secs] 1933194K->677379K(8231360K), 0.0343850 secs] [Times: user=0.52 sys=0.01, real=0.03 secs] 
3077.820: [GC 3077.820: [ParNew: 1333765K->84386K(1415616K), 0.0327520 secs] 1935747K->686369K(8231360K), 0.0329710 secs] [Times: user=0.51 sys=0.01, real=0.04 secs] 
3080.463: [GC 3080.463: [ParNew: 1342754K->90580K(1415616K), 0.0292400 secs] 1944737K->692563K(8231360K), 0.0294580 secs] [Times: user=0.45 sys=0.00, real=0.03 secs] 
3082.057: [GC 3082.057: [ParNew: 1348948K->101318K(1415616K), 0.0328900 secs] 1950931K->703300K(8231360K), 0.0330950 secs] [Times: user=0.50 sys=0.01, real=0.03 secs] 
3085.985: [GC 3085.985: [ParNew: 1359686K->94381K(1415616K), 0.0317390 secs] 1961668K->696363K(8231360K), 0.0319500 secs] [Times: user=0.50 sys=0.00, real=0.03 secs] 
3087.867: [GC 3087.867: [ParNew: 1352749K->103825K(1415616K), 0.0397310 secs] 1954731K->705807K(8231360K), 0.0399390 secs] [Times: user=0.62 sys=0.01, real=0.04 secs] 
3090.585: [GC 3090.585: [ParNew: 1362193K->82161K(1415616K), 0.0309980 secs] 1964175K->684144K(8231360K), 0.0312050 secs] [Times: user=0.47 sys=0.00, real=0.03 secs] 
3091.381: [GC 3091.381: [ParNew: 1340529K->93003K(1415616K), 0.0361630 secs] 1942512K->694986K(8231360K), 0.0363680 secs] [Times: user=0.55 sys=0.01, real=0.04 secs] 
3091.810: [GC 3091.810: [ParNew: 1351371K->100714K(1415616K), 0.0361870 secs] 1953354K->702697K(8231360K), 0.0363930 secs] [Times: user=0.56 sys=0.01, real=0.04 secs] 
3092.246: [GC 3092.246: [ParNew: 1359082K->86993K(1415616K), 0.0318830 secs] 1961065K->688976K(8231360K), 0.0320860 secs] [Times: user=0.50 sys=0.00, real=0.03 secs] 
3092.696: [GC 3092.696: [ParNew: 1345361K->91307K(1415616K), 0.0381530 secs] 1947344K->693290K(8231360K), 0.0383840 secs] [Times: user=0.58 sys=0.00, real=0.03 secs] 
3093.424: [GC 3093.425: [ParNew: 1349675K->87578K(1415616K), 0.0310090 secs] 1951658K->689561K(8231360K), 0.0312280 secs] [Times: user=0.48 sys=0.00, real=0.04 secs] 
3097.829: [GC 3097.830: [ParNew: 1345946K->87312K(1415616K), 0.0355380 secs] 1947929K->689294K(8231360K), 0.0357410 secs] [Times: user=0.54 sys=0.00, real=0.03 secs] 
3102.784: [GC 3102.785: [ParNew: 1345680K->84396K(1415616K), 0.0357610 secs] 1947662K->686378K(8231360K), 0.0359720 secs] [Times: user=0.55 sys=0.01, real=0.04 secs] 
3109.190: [GC 3109.190: [ParNew: 1342764K->88162K(1415616K), 0.0352610 secs] 1944746K->690145K(8231360K), 0.0354770 secs] [Times: user=0.55 sys=0.01, real=0.03 secs] 
3116.389: [GC 3116.389: [ParNew: 1346530K->83211K(1415616K), 0.0365130 secs] 1948513K->685193K(8231360K), 0.0367190 secs] [Times: user=0.56 sys=0.01, real=0.04 secs] 
3120.432: [GC 3120.432: [ParNew: 1341579K->83652K(1415616K), 0.0356750 secs] 1943561K->685634K(8231360K), 0.0358900 secs] [Times: user=0.55 sys=0.00, real=0.03 secs] 
3122.596: [GC 3122.596: [ParNew: 1342020K->98300K(1415616K), 0.0348530 secs] 1944002K->700283K(8231360K), 0.0350610 secs] [Times: user=0.54 sys=0.00, real=0.04 secs] 
3124.224: [GC 3124.224: [ParNew: 1356668K->76770K(1415616K), 0.0333630 secs] 1958651K->678752K(8231360K), 0.0335720 secs] [Times: user=0.52 sys=0.00, real=0.03 secs] 
3125.784: [GC 3125.784: [ParNew: 1335138K->98207K(1415616K), 0.0394050 secs] 1937120K->700190K(8231360K), 0.0396220 secs] [Times: user=0.61 sys=0.01, real=0.04 secs] 
3128.013: [GC 3128.013: [ParNew: 1356575K->101909K(1415616K), 0.0368550 secs] 1958558K->703891K(8231360K), 0.0370590 secs] [Times: user=0.57 sys=0.00, real=0.03 secs] 
3130.819: [GC 3130.819: [ParNew: 1360277K->111965K(1415616K), 0.0397880 secs] 1962259K->713947K(8231360K), 0.0399910 secs] [Times: user=0.61 sys=0.00, real=0.04 secs] 
3131.620: [GC 3131.620: [ParNew: 1370333K->98475K(1415616K), 0.0376760 secs] 1972315K->700457K(8231360K), 0.0378860 secs] [Times: user=0.59 sys=0.00, real=0.04 secs] 
3135.233: [GC 3135.233: [ParNew: 1356843K->85592K(1415616K), 0.0349100 secs] 1958825K->687574K(8231360K), 0.0351120 secs] [Times: user=0.55 sys=0.01, real=0.04 secs] 
3137.853: [GC 3137.853: [ParNew: 1343960K->93551K(1415616K), 0.0367250 secs] 1945942K->695534K(8231360K), 0.0369900 secs] [Times: user=0.57 sys=0.01, real=0.04 secs] 
3142.377: [GC 3142.377: [ParNew: 1351919K->78962K(1415616K), 0.0340850 secs] 1953902K->680945K(8231360K), 0.0342910 secs] [Times: user=0.52 sys=0.01, real=0.03 secs] 
3145.052: [GC 3145.052: [ParNew: 1337330K->86667K(1415616K), 0.0368520 secs] 1939313K->688649K(8231360K), 0.0370600 secs] [Times: user=0.57 sys=0.00, real=0.04 secs] 
3148.382: [GC 3148.382: [ParNew: 1345035K->94547K(1415616K), 0.0385740 secs] 1947017K->696529K(8231360K), 0.0387780 secs] [Times: user=0.59 sys=0.00, real=0.04 secs] 
3150.506: [GC 3150.506: [ParNew: 1352915K->91996K(1415616K), 0.0337800 secs] 1954897K->693978K(8231360K), 0.0339960 secs] [Times: user=0.53 sys=0.00, real=0.04 secs] 
3151.319: [GC 3151.319: [ParNew: 1350364K->105656K(1415616K), 0.0335970 secs] 1952346K->707638K(8231360K), 0.0338170 secs] [Times: user=0.52 sys=0.00, real=0.03 secs] 
3151.744: [GC 3151.744: [ParNew: 1364024K->105139K(1415616K), 0.0387380 secs] 1966006K->707122K(8231360K), 0.0389480 secs] [Times: user=0.59 sys=0.01, real=0.04 secs] 
3152.181: [GC 3152.181: [ParNew: 1363507K->103712K(1415616K), 0.0383400 secs] 1965490K->705695K(8231360K), 0.0385460 secs] [Times: user=0.58 sys=0.00, real=0.04 secs] 
3152.628: [GC 3152.628: [ParNew: 1362080K->95750K(1415616K), 0.0354620 secs] 1964063K->697733K(8231360K), 0.0356650 secs] [Times: user=0.55 sys=0.01, real=0.03 secs] 
3153.583: [GC 3153.583: [ParNew: 1354118K->91967K(1415616K), 0.0324490 secs] 1956101K->693950K(8231360K), 0.0326520 secs] [Times: user=0.50 sys=0.00, real=0.03 secs] 
3157.348: [GC 3157.348: [ParNew: 1350335K->95074K(1415616K), 0.0346260 secs] 1952318K->697056K(8231360K), 0.0348290 secs] [Times: user=0.53 sys=0.00, real=0.03 secs] 
3159.993: [GC 3159.993: [ParNew: 1353442K->104711K(1415616K), 0.0310870 secs] 1955424K->706694K(8231360K), 0.0312910 secs] [Times: user=0.48 sys=0.00, real=0.03 secs] 
3164.410: [GC 3164.411: [ParNew: 1363079K->77164K(1415616K), 0.0404330 secs] 1965062K->679147K(8231360K), 0.0406400 secs] [Times: user=0.62 sys=0.00, real=0.04 secs] 
3170.679: [GC 3170.679: [ParNew: 1335532K->75434K(1415616K), 0.0299010 secs] 1937515K->677416K(8231360K), 0.0301020 secs] [Times: user=0.46 sys=0.00, real=0.03 secs] 
3177.182: [GC 3177.182: [ParNew: 1333802K->81530K(1415616K), 0.0338530 secs] 1935784K->683513K(8231360K), 0.0340590 secs] [Times: user=0.52 sys=0.02, real=0.03 secs] 
3182.605: [GC 3182.605: [ParNew: 1339898K->92365K(1415616K), 0.0339530 secs] 1941881K->694347K(8231360K), 0.0341700 secs] [Times: user=0.53 sys=0.00, real=0.03 secs] 
3185.408: [GC 3185.409: [ParNew: 1350733K->85899K(1415616K), 0.0273930 secs] 1952715K->687881K(8231360K), 0.0276020 secs] [Times: user=0.41 sys=0.00, real=0.03 secs] 
3188.647: [GC 3188.647: [ParNew: 1344267K->94541K(1415616K), 0.0343040 secs] 1946249K->696524K(8231360K), 0.0345080 secs] [Times: user=0.53 sys=0.01, real=0.03 secs] 
3190.238: [GC 3190.238: [ParNew: 1352909K->99566K(1415616K), 0.0316200 secs] 1954892K->701548K(8231360K), 0.0318390 secs] [Times: user=0.48 sys=0.00, real=0.03 secs] 
3191.154: [GC 3191.154: [ParNew: 1357934K->95261K(1415616K), 0.0323300 secs] 1959916K->697243K(8231360K), 0.0325360 secs] [Times: user=0.50 sys=0.00, real=0.03 secs] 
3192.793: [GC 3192.793: [ParNew: 1353629K->98125K(1415616K), 0.0382250 secs] 1955611K->700107K(8231360K), 0.0384310 secs] [Times: user=0.60 sys=0.01, real=0.04 secs] 
3195.593: [GC 3195.593: [ParNew: 1356493K->91491K(1415616K), 0.0345770 secs] 1958475K->693474K(8231360K), 0.0347930 secs] [Times: user=0.53 sys=0.00, real=0.04 secs] 
3197.603: [GC 3197.603: [ParNew: 1349859K->100908K(1415616K), 0.0379310 secs] 1951842K->702891K(8231360K), 0.0381430 secs] [Times: user=0.59 sys=0.01, real=0.04 secs] 
3201.575: [GC 3201.575: [ParNew: 1359276K->90684K(1415616K), 0.0386020 secs] 1961259K->692666K(8231360K), 0.0388100 secs] [Times: user=0.61 sys=0.01, real=0.04 secs] 
3210.384: [GC 3210.385: [ParNew: 1349052K->68483K(1415616K), 0.0350030 secs] 1951034K->670466K(8231360K), 0.0352190 secs] [Times: user=0.54 sys=0.00, real=0.04 secs] 
3211.369: [GC 3211.369: [ParNew: 1326851K->80849K(1415616K), 0.0325950 secs] 1928834K->682831K(8231360K), 0.0328030 secs] [Times: user=0.49 sys=0.01, real=0.03 secs] 
3211.800: [GC 3211.800: [ParNew: 1339217K->85467K(1415616K), 0.0286460 secs] 1941199K->687449K(8231360K), 0.0288930 secs] [Times: user=0.43 sys=0.00, real=0.03 secs] 
3212.226: [GC 3212.226: [ParNew: 1343835K->85843K(1415616K), 0.0335070 secs] 1945817K->687826K(8231360K), 0.0337310 secs] [Times: user=0.52 sys=0.00, real=0.04 secs] 
3212.659: [GC 3212.659: [ParNew: 1344211K->87346K(1415616K), 0.0285150 secs] 1946194K->689328K(8231360K), 0.0287210 secs] [Times: user=0.45 sys=0.00, real=0.03 secs] 
3213.097: [GC 3213.097: [ParNew: 1345714K->83932K(1415616K), 0.0321350 secs] 1947696K->685914K(8231360K), 0.0323420 secs] [Times: user=0.49 sys=0.01, real=0.04 secs] 
3213.595: [GC 3213.595: [ParNew: 1342300K->77284K(1415616K), 0.0314040 secs] 1944282K->679266K(8231360K), 0.0316060 secs] [Times: user=0.49 sys=0.00, real=0.03 secs] 
3216.211: [GC 3216.211: [ParNew: 1335652K->98133K(1415616K), 0.0342400 secs] 1937634K->700115K(8231360K), 0.0344480 secs] [Times: user=0.53 sys=0.00, real=0.03 secs] 
3219.098: [GC 3219.098: [ParNew: 1356501K->78211K(1415616K), 0.0338450 secs] 1958483K->680193K(8231360K), 0.0340600 secs] [Times: user=0.52 sys=0.00, real=0.04 secs] 
3221.275: [GC 3221.275: [ParNew: 1336579K->93551K(1415616K), 0.0337830 secs] 1938561K->695534K(8231360K), 0.0339860 secs] [Times: user=0.53 sys=0.01, real=0.03 secs] 
3223.912: [GC 3223.912: [ParNew: 1351919K->97827K(1415616K), 0.0382060 secs] 1953902K->699810K(8231360K), 0.0384200 secs] [Times: user=0.58 sys=0.01, real=0.04 secs] 
3226.460: [GC 3226.460: [ParNew: 1356195K->99090K(1415616K), 0.0297230 secs] 1958178K->701072K(8231360K), 0.0299380 secs] [Times: user=0.47 sys=0.00, real=0.03 secs] 
3230.252: [GC 3230.252: [ParNew: 1357458K->77829K(1415616K), 0.0336690 secs] 1959440K->679811K(8231360K), 0.0338780 secs] [Times: user=0.51 sys=0.01, real=0.03 secs] 
3234.041: [GC 3234.041: [ParNew: 1336197K->94830K(1415616K), 0.0389610 secs] 1938179K->696812K(8231360K), 0.0391650 secs] [Times: user=0.60 sys=0.00, real=0.04 secs] 
3238.589: [GC 3238.589: [ParNew: 1353198K->89398K(1415616K), 0.0284460 secs] 1955180K->691380K(8231360K), 0.0286500 secs] [Times: user=0.45 sys=0.00, real=0.03 secs] 
3247.177: [GC 3247.177: [ParNew: 1347766K->76658K(1415616K), 0.0374800 secs] 1949748K->678640K(8231360K), 0.0376880 secs] [Times: user=0.58 sys=0.01, real=0.04 secs] 
3251.159: [GC 3251.159: [ParNew: 1335026K->72790K(1415616K), 0.0328050 secs] 1937008K->674773K(8231360K), 0.0330250 secs] [Times: user=0.51 sys=0.01, real=0.03 secs] 
3257.779: [GC 3257.779: [ParNew: 1331158K->79188K(1415616K), 0.0308220 secs] 1933141K->681170K(8231360K), 0.0310300 secs] [Times: user=0.46 sys=0.01, real=0.03 secs] 
3260.242: [GC 3260.242: [ParNew: 1337556K->87840K(1415616K), 0.0311300 secs] 1939538K->689822K(8231360K), 0.0313420 secs] [Times: user=0.48 sys=0.00, real=0.03 secs] 
3262.395: [GC 3262.395: [ParNew: 1346208K->92666K(1415616K), 0.0333130 secs] 1948190K->694649K(8231360K), 0.0335180 secs] [Times: user=0.51 sys=0.00, real=0.04 secs] 
3265.411: [GC 3265.411: [ParNew: 1351034K->100885K(1415616K), 0.0398280 secs] 1953017K->702868K(8231360K), 0.0400360 secs] [Times: user=0.60 sys=0.01, real=0.04 secs] 
3267.375: [GC 3267.376: [ParNew: 1359253K->103824K(1415616K), 0.0394170 secs] 1961236K->705806K(8231360K), 0.0396190 secs] [Times: user=0.61 sys=0.01, real=0.04 secs] 
3269.844: [GC 3269.844: [ParNew: 1362192K->110077K(1415616K), 0.0321070 secs] 1964174K->712059K(8231360K), 0.0323220 secs] [Times: user=0.50 sys=0.00, real=0.03 secs] 
3271.198: [GC 3271.198: [ParNew: 1368445K->106627K(1415616K), 0.0375150 secs] 1970427K->708610K(8231360K), 0.0377200 secs] [Times: user=0.58 sys=0.00, real=0.04 secs] 
3271.629: [GC 3271.629: [ParNew: 1364995K->105156K(1415616K), 0.0354270 secs] 1966978K->707138K(8231360K), 0.0356280 secs] [Times: user=0.56 sys=0.00, real=0.03 secs] 
3272.057: [GC 3272.057: [ParNew: 1363524K->111210K(1415616K), 0.0348840 secs] 1965506K->713192K(8231360K), 0.0350920 secs] [Times: user=0.54 sys=0.00, real=0.04 secs] 
3272.484: [GC 3272.484: [ParNew: 1369578K->104130K(1415616K), 0.0371980 secs] 1971560K->706113K(8231360K), 0.0374200 secs] [Times: user=0.58 sys=0.00, real=0.04 secs] 
3272.918: [GC 3272.918: [ParNew: 1362498K->109273K(1415616K), 0.0301790 secs] 1964481K->711256K(8231360K), 0.0303900 secs] [Times: user=0.46 sys=0.00, real=0.04 secs] 
3273.360: [GC 3273.360: [ParNew: 1367641K->109460K(1415616K), 0.0339520 secs] 1969624K->711443K(8231360K), 0.0341650 secs] [Times: user=0.53 sys=0.01, real=0.03 secs] 
3274.052: [GC 3274.052: [ParNew: 1367828K->114106K(1415616K), 0.0384710 secs] 1969811K->716089K(8231360K), 0.0386770 secs] [Times: user=0.61 sys=0.00, real=0.04 secs] 
3277.940: [GC 3277.940: [ParNew: 1372474K->109413K(1415616K), 0.0375890 secs] 1974457K->711396K(8231360K), 0.0378010 secs] [Times: user=0.58 sys=0.00, real=0.03 secs] 
3284.206: [GC 3284.206: [ParNew: 1367781K->74946K(1415616K), 0.0339000 secs] 1969764K->676928K(8231360K), 0.0341020 secs] [Times: user=0.52 sys=0.00, real=0.03 secs] 
3287.803: [GC 3287.804: [ParNew: 1333314K->75014K(1415616K), 0.0328190 secs] 1935296K->676997K(8231360K), 0.0330210 secs] [Times: user=0.50 sys=0.00, real=0.03 secs] 
3290.604: [GC 3290.604: [ParNew: 1333382K->93078K(1415616K), 0.0364710 secs] 1935365K->695060K(8231360K), 0.0366830 secs] [Times: user=0.56 sys=0.00, real=0.03 secs] 
3292.892: [GC 3292.892: [ParNew: 1351446K->101707K(1415616K), 0.0373540 secs] 1953428K->703690K(8231360K), 0.0375640 secs] [Times: user=0.58 sys=0.01, real=0.04 secs] 
3294.594: [GC 3294.594: [ParNew: 1360075K->102972K(1415616K), 0.0348020 secs] 1962058K->704954K(8231360K), 0.0350090 secs] [Times: user=0.54 sys=0.01, real=0.03 secs] 
3297.191: [GC 3297.191: [ParNew: 1361340K->97890K(1415616K), 0.0329790 secs] 1963322K->699872K(8231360K), 0.0331920 secs] [Times: user=0.51 sys=0.00, real=0.04 secs] 
3299.693: [GC 3299.693: [ParNew: 1356258K->89820K(1415616K), 0.0293560 secs] 1958240K->691802K(8231360K), 0.0295620 secs] [Times: user=0.46 sys=0.00, real=0.03 secs] 
3303.067: [GC 3303.067: [ParNew: 1348188K->80725K(1415616K), 0.0316910 secs] 1950170K->682707K(8231360K), 0.0318970 secs] [Times: user=0.49 sys=0.00, real=0.03 secs] 
3308.028: [GC 3308.028: [ParNew: 1339093K->88372K(1415616K), 0.0382570 secs] 1941075K->690354K(8231360K), 0.0384700 secs] [Times: user=0.59 sys=0.01, real=0.04 secs] 
3311.004: [GC 3311.004: [ParNew: 1346740K->101740K(1415616K), 0.0304150 secs] 1948722K->703723K(8231360K), 0.0306220 secs] [Times: user=0.47 sys=0.01, real=0.03 secs] 
3317.045: [GC 3317.045: [ParNew: 1360108K->73701K(1415616K), 0.0338180 secs] 1962091K->675684K(8231360K), 0.0340210 secs] [Times: user=0.52 sys=0.01, real=0.04 secs] 
3325.589: [GC 3325.589: [ParNew: 1332069K->83746K(1415616K), 0.0276450 secs] 1934052K->685729K(8231360K), 0.0278570 secs] [Times: user=0.42 sys=0.00, real=0.02 secs] 
3331.210: [GC 3331.210: [ParNew: 1342114K->85296K(1415616K), 0.0339520 secs] 1944097K->687278K(8231360K), 0.0341640 secs] [Times: user=0.53 sys=0.00, real=0.03 secs] 
3331.641: [GC 3331.641: [ParNew: 1343664K->88776K(1415616K), 0.0347070 secs] 1945646K->690758K(8231360K), 0.0349170 secs] [Times: user=0.54 sys=0.01, real=0.03 secs] 
3332.065: [GC 3332.066: [ParNew: 1347144K->98726K(1415616K), 0.0351490 secs] 1949126K->700708K(8231360K), 0.0353590 secs] [Times: user=0.55 sys=0.01, real=0.04 secs] 
3332.495: [GC 3332.495: [ParNew: 1357094K->74319K(1415616K), 0.0293560 secs] 1959076K->676302K(8231360K), 0.0295680 secs] [Times: user=0.45 sys=0.00, real=0.03 secs] 
3332.920: [GC 3332.921: [ParNew: 1332687K->93260K(1415616K), 0.0318820 secs] 1934670K->695242K(8231360K), 0.0320980 secs] [Times: user=0.49 sys=0.00, real=0.03 secs] 
3333.360: [GC 3333.360: [ParNew: 1351628K->93865K(1415616K), 0.0287260 secs] 1953610K->695847K(8231360K), 0.0289300 secs] [Times: user=0.45 sys=0.00, real=0.02 secs] 
3333.997: [GC 3333.997: [ParNew: 1352233K->97065K(1415616K), 0.0320450 secs] 1954215K->699047K(8231360K), 0.0322520 secs] [Times: user=0.48 sys=0.01, real=0.03 secs] 
3337.003: [GC 3337.003: [ParNew: 1355433K->110162K(1415616K), 0.0407250 secs] 1957415K->712144K(8231360K), 0.0409310 secs] [Times: user=0.64 sys=0.01, real=0.04 secs] 
3338.233: [GC 3338.233: [ParNew: 1368530K->85792K(1415616K), 0.0363600 secs] 1970512K->687774K(8231360K), 0.0365700 secs] [Times: user=0.56 sys=0.00, real=0.03 secs] 
3339.379: [GC 3339.379: [ParNew: 1344160K->109861K(1415616K), 0.0416990 secs] 1946142K->711843K(8231360K), 0.0419070 secs] [Times: user=0.64 sys=0.01, real=0.04 secs] 
3341.398: [GC 3341.398: [ParNew: 1368229K->115407K(1415616K), 0.0369480 secs] 1970211K->717389K(8231360K), 0.0371610 secs] [Times: user=0.57 sys=0.00, real=0.04 secs] 
3343.177: [GC 3343.177: [ParNew: 1373775K->118560K(1415616K), 0.0362730 secs] 1975757K->720543K(8231360K), 0.0364780 secs] [Times: user=0.56 sys=0.00, real=0.04 secs] 
3347.074: [GC 3347.074: [ParNew: 1376928K->124406K(1415616K), 0.0418360 secs] 1978911K->726389K(8231360K), 0.0420620 secs] [Times: user=0.66 sys=0.00, real=0.04 secs] 
3356.573: [GC 3356.573: [ParNew: 1382774K->85823K(1415616K), 0.0321620 secs] 1984757K->687806K(8231360K), 0.0323710 secs] [Times: user=0.49 sys=0.01, real=0.04 secs] 
3360.780: [GC 3360.781: [ParNew: 1344191K->94048K(1415616K), 0.0315210 secs] 1946174K->696031K(8231360K), 0.0317300 secs] [Times: user=0.49 sys=0.00, real=0.03 secs] 
3363.060: [GC 3363.060: [ParNew: 1352416K->70407K(1415616K), 0.0314140 secs] 1954399K->672390K(8231360K), 0.0316470 secs] [Times: user=0.48 sys=0.00, real=0.03 secs] 
3365.000: [GC 3365.000: [ParNew: 1328775K->94675K(1415616K), 0.0323010 secs] 1930758K->696658K(8231360K), 0.0325350 secs] [Times: user=0.51 sys=0.00, real=0.03 secs] 
3367.253: [GC 3367.253: [ParNew: 1353043K->93726K(1415616K), 0.0354630 secs] 1955026K->695708K(8231360K), 0.0356910 secs] [Times: user=0.55 sys=0.00, real=0.04 secs] 
3369.583: [GC 3369.583: [ParNew: 1352094K->97496K(1415616K), 0.0316040 secs] 1954076K->699478K(8231360K), 0.0318100 secs] [Times: user=0.48 sys=0.00, real=0.03 secs] 
3371.019: [GC 3371.019: [ParNew: 1355864K->93397K(1415616K), 0.0340010 secs] 1957846K->695380K(8231360K), 0.0342090 secs] [Times: user=0.52 sys=0.01, real=0.03 secs] 
3371.511: [GC 3371.511: [ParNew: 1351765K->94565K(1415616K), 0.0374960 secs] 1953748K->696548K(8231360K), 0.0377140 secs] [Times: user=0.59 sys=0.01, real=0.04 secs] 
3374.602: [GC 3374.602: [ParNew: 1352933K->75322K(1415616K), 0.0285650 secs] 1954916K->677305K(8231360K), 0.0287880 secs] [Times: user=0.45 sys=0.00, real=0.03 secs] 
3377.799: [GC 3377.799: [ParNew: 1333690K->86170K(1415616K), 0.0306070 secs] 1935673K->688152K(8231360K), 0.0308180 secs] [Times: user=0.48 sys=0.01, real=0.03 secs] 
3380.819: [GC 3380.820: [ParNew: 1344538K->112156K(1415616K), 0.0401410 secs] 1946520K->714139K(8231360K), 0.0403440 secs] [Times: user=0.62 sys=0.01, real=0.04 secs] 
3386.393: [GC 3386.393: [ParNew: 1370524K->77082K(1415616K), 0.0353840 secs] 1972507K->679064K(8231360K), 0.0355960 secs] [Times: user=0.54 sys=0.01, real=0.03 secs] 
3391.185: [GC 3391.185: [ParNew: 1335450K->82547K(1415616K), 0.0305270 secs] 1937432K->684529K(8231360K), 0.0307410 secs] [Times: user=0.48 sys=0.00, real=0.03 secs] 
3391.609: [GC 3391.609: [ParNew: 1340915K->94693K(1415616K), 0.0309550 secs] 1942897K->696676K(8231360K), 0.0311750 secs] [Times: user=0.48 sys=0.00, real=0.04 secs] 
3392.034: [GC 3392.034: [ParNew: 1353061K->89930K(1415616K), 0.0352750 secs] 1955044K->691913K(8231360K), 0.0354860 secs] [Times: user=0.55 sys=0.00, real=0.03 secs] 
3392.465: [GC 3392.465: [ParNew: 1348298K->98657K(1415616K), 0.0308860 secs] 1950281K->700639K(8231360K), 0.0310910 secs] [Times: user=0.48 sys=0.00, real=0.03 secs] 
3392.895: [GC 3392.895: [ParNew: 1357025K->73163K(1415616K), 0.0335940 secs] 1959007K->675145K(8231360K), 0.0338080 secs] [Times: user=0.52 sys=0.01, real=0.03 secs] 
3393.349: [GC 3393.349: [ParNew: 1331531K->92489K(1415616K), 0.0330160 secs] 1933513K->694472K(8231360K), 0.0332230 secs] [Times: user=0.52 sys=0.01, real=0.04 secs] 
3396.373: [GC 3396.373: [ParNew: 1350857K->92809K(1415616K), 0.0360800 secs] 1952840K->694792K(8231360K), 0.0362850 secs] [Times: user=0.56 sys=0.00, real=0.03 secs] 
3400.387: [GC 3400.388: [ParNew: 1351177K->107265K(1415616K), 0.0328960 secs] 1953160K->709247K(8231360K), 0.0331280 secs] [Times: user=0.51 sys=0.00, real=0.03 secs] 
3402.022: [GC 3402.022: [ParNew: 1365633K->76963K(1415616K), 0.0376680 secs] 1967615K->678945K(8231360K), 0.0378950 secs] [Times: user=0.59 sys=0.01, real=0.04 secs] 
3404.238: [GC 3404.238: [ParNew: 1335331K->98514K(1415616K), 0.0384310 secs] 1937313K->700497K(8231360K), 0.0386620 secs] [Times: user=0.60 sys=0.01, real=0.04 secs] 
3405.773: [GC 3405.773: [ParNew: 1356882K->110118K(1415616K), 0.0340930 secs] 1958865K->712100K(8231360K), 0.0343010 secs] [Times: user=0.54 sys=0.00, real=0.03 secs] 
3407.483: [GC 3407.483: [ParNew: 1368486K->113145K(1415616K), 0.0386410 secs] 1970468K->715128K(8231360K), 0.0388610 secs] [Times: user=0.59 sys=0.00, real=0.04 secs] 
3410.928: [GC 3410.928: [ParNew: 1371513K->117734K(1415616K), 0.0410660 secs] 1973496K->719717K(8231360K), 0.0412850 secs] [Times: user=0.64 sys=0.00, real=0.04 secs] 
3413.788: [GC 3413.788: [ParNew: 1376102K->87467K(1415616K), 0.0390550 secs] 1978085K->689449K(8231360K), 0.0392860 secs] [Times: user=0.60 sys=0.01, real=0.04 secs] 
3420.185: [GC 3420.185: [ParNew: 1345835K->75123K(1415616K), 0.0369220 secs] 1947817K->677105K(8231360K), 0.0371310 secs] [Times: user=0.57 sys=0.00, real=0.04 secs] 
3425.201: [GC 3425.201: [ParNew: 1333491K->78224K(1415616K), 0.0325730 secs] 1935473K->680207K(8231360K), 0.0327980 secs] [Times: user=0.51 sys=0.00, real=0.03 secs] 
3429.800: [GC 3429.800: [ParNew: 1336592K->93914K(1415616K), 0.0340230 secs] 1938575K->695897K(8231360K), 0.0342370 secs] [Times: user=0.53 sys=0.00, real=0.03 secs] 
3431.056: [GC 3431.056: [ParNew: 1352282K->95106K(1415616K), 0.0351290 secs] 1954265K->697088K(8231360K), 0.0353300 secs] [Times: user=0.55 sys=0.00, real=0.04 secs] 
3432.256: [GC 3432.256: [ParNew: 1353474K->89140K(1415616K), 0.0331170 secs] 1955456K->691123K(8231360K), 0.0333430 secs] [Times: user=0.51 sys=0.01, real=0.04 secs] 
3434.684: [GC 3434.684: [ParNew: 1347508K->101351K(1415616K), 0.0337040 secs] 1949491K->703334K(8231360K), 0.0339100 secs] [Times: user=0.53 sys=0.01, real=0.03 secs] 
3438.328: [GC 3438.328: [ParNew: 1359719K->74833K(1415616K), 0.0342290 secs] 1961702K->676815K(8231360K), 0.0344380 secs] [Times: user=0.53 sys=0.01, real=0.04 secs] 
3439.617: [GC 3439.617: [ParNew: 1333201K->101389K(1415616K), 0.0349990 secs] 1935183K->703371K(8231360K), 0.0352320 secs] [Times: user=0.54 sys=0.00, real=0.04 secs] 
3444.595: [GC 3444.595: [ParNew: 1359757K->72103K(1415616K), 0.0323780 secs] 1961739K->674085K(8231360K), 0.0325990 secs] [Times: user=0.50 sys=0.00, real=0.03 secs] 
3448.981: [GC 3448.981: [ParNew: 1330471K->84902K(1415616K), 0.0324400 secs] 1932453K->686885K(8231360K), 0.0326450 secs] [Times: user=0.49 sys=0.01, real=0.04 secs] 
3451.286: [GC 3451.286: [ParNew: 1343270K->91620K(1415616K), 0.0323040 secs] 1945253K->693602K(8231360K), 0.0325130 secs] [Times: user=0.51 sys=0.00, real=0.03 secs] 
3451.710: [GC 3451.710: [ParNew: 1349988K->95225K(1415616K), 0.0326070 secs] 1951970K->697208K(8231360K), 0.0328240 secs] [Times: user=0.50 sys=0.01, real=0.04 secs] 
3452.164: [GC 3452.164: [ParNew: 1353593K->93395K(1415616K), 0.0361110 secs] 1955576K->695377K(8231360K), 0.0363400 secs] [Times: user=0.57 sys=0.00, real=0.03 secs] 
3454.382: [GC 3454.382: [ParNew: 1351763K->86746K(1415616K), 0.0295020 secs] 1953745K->688728K(8231360K), 0.0297100 secs] [Times: user=0.45 sys=0.00, real=0.03 secs] 
3458.011: [GC 3458.011: [ParNew: 1345114K->97202K(1415616K), 0.0320120 secs] 1947096K->699184K(8231360K), 0.0322520 secs] [Times: user=0.49 sys=0.01, real=0.04 secs] 
3460.412: [GC 3460.412: [ParNew: 1355570K->93810K(1415616K), 0.0360820 secs] 1957552K->695793K(8231360K), 0.0362910 secs] [Times: user=0.56 sys=0.00, real=0.04 secs] 
3464.381: [GC 3464.381: [ParNew: 1352178K->87594K(1415616K), 0.0318370 secs] 1954161K->689576K(8231360K), 0.0320460 secs] [Times: user=0.50 sys=0.00, real=0.03 secs] 
3467.176: [GC 3467.177: [ParNew: 1345962K->101638K(1415616K), 0.0369310 secs] 1947944K->703621K(8231360K), 0.0371430 secs] [Times: user=0.58 sys=0.00, real=0.03 secs] 
3470.587: [GC 3470.587: [ParNew: 1360006K->96186K(1415616K), 0.0380830 secs] 1961989K->698168K(8231360K), 0.0382900 secs] [Times: user=0.60 sys=0.01, real=0.04 secs] 
3473.193: [GC 3473.193: [ParNew: 1354554K->100732K(1415616K), 0.0361480 secs] 1956536K->702715K(8231360K), 0.0363650 secs] [Times: user=0.56 sys=0.00, real=0.04 secs] 
3476.186: [GC 3476.186: [ParNew: 1359100K->99201K(1415616K), 0.0365570 secs] 1961083K->701184K(8231360K), 0.0367720 secs] [Times: user=0.58 sys=0.00, real=0.04 secs] 
3479.172: [GC 3479.172: [ParNew: 1357569K->105473K(1415616K), 0.0334080 secs] 1959552K->707455K(8231360K), 0.0336140 secs] [Times: user=0.51 sys=0.00, real=0.03 secs] 
3485.676: [GC 3485.676: [ParNew: 1363841K->76850K(1415616K), 0.0358980 secs] 1965823K->678832K(8231360K), 0.0361060 secs] [Times: user=0.55 sys=0.01, real=0.04 secs] 
3490.867: [GC 3490.867: [ParNew: 1335218K->91719K(1415616K), 0.0305370 secs] 1937200K->693701K(8231360K), 0.0307570 secs] [Times: user=0.48 sys=0.00, real=0.03 secs] 
3491.296: [GC 3491.296: [ParNew: 1350087K->97403K(1415616K), 0.0291160 secs] 1952069K->699385K(8231360K), 0.0293210 secs] [Times: user=0.46 sys=0.00, real=0.03 secs] 
3494.463: [GC 3494.463: [ParNew: 1355771K->74916K(1415616K), 0.0303430 secs] 1957753K->676899K(8231360K), 0.0305460 secs] [Times: user=0.47 sys=0.01, real=0.03 secs] 
3496.649: [GC 3496.649: [ParNew: 1333284K->89294K(1415616K), 0.0284630 secs] 1935267K->691276K(8231360K), 0.0286690 secs] [Times: user=0.44 sys=0.00, real=0.03 secs] 
3499.392: [GC 3499.392: [ParNew: 1347662K->94054K(1415616K), 0.0270930 secs] 1949644K->696037K(8231360K), 0.0272960 secs] [Times: user=0.41 sys=0.00, real=0.02 secs] 
3502.187: [GC 3502.188: [ParNew: 1352422K->88841K(1415616K), 0.0339890 secs] 1954405K->690824K(8231360K), 0.0341950 secs] [Times: user=0.53 sys=0.01, real=0.04 secs] 
3506.725: [GC 3506.725: [ParNew: 1347209K->87391K(1415616K), 0.0298640 secs] 1949192K->689373K(8231360K), 0.0300730 secs] [Times: user=0.46 sys=0.01, real=0.03 secs] 
3511.051: [GC 3511.051: [ParNew: 1345759K->89876K(1415616K), 0.0347980 secs] 1947741K->691858K(8231360K), 0.0350060 secs] [Times: user=0.54 sys=0.01, real=0.04 secs] 
3511.481: [GC 3511.481: [ParNew: 1348244K->96820K(1415616K), 0.0313770 secs] 1950226K->698803K(8231360K), 0.0315990 secs] [Times: user=0.49 sys=0.00, real=0.04 secs] 
3511.905: [GC 3511.906: [ParNew: 1355188K->88252K(1415616K), 0.0298000 secs] 1957171K->690235K(8231360K), 0.0300000 secs] [Times: user=0.46 sys=0.00, real=0.03 secs] 
3512.328: [GC 3512.329: [ParNew: 1346620K->89552K(1415616K), 0.0328680 secs] 1948603K->691535K(8231360K), 0.0330740 secs] [Times: user=0.51 sys=0.00, real=0.03 secs] 
3512.759: [GC 3512.759: [ParNew: 1347920K->94027K(1415616K), 0.0340360 secs] 1949903K->696009K(8231360K), 0.0342500 secs] [Times: user=0.53 sys=0.00, real=0.04 secs] 
3513.200: [GC 3513.200: [ParNew: 1352395K->93856K(1415616K), 0.0326970 secs] 1954377K->695839K(8231360K), 0.0329010 secs] [Times: user=0.49 sys=0.01, real=0.03 secs] 
3514.214: [GC 3514.214: [ParNew: 1352224K->86323K(1415616K), 0.0319580 secs] 1954207K->688305K(8231360K), 0.0322050 secs] [Times: user=0.50 sys=0.00, real=0.03 secs] 
3517.984: [GC 3517.984: [ParNew: 1344691K->97835K(1415616K), 0.0311290 secs] 1946673K->699818K(8231360K), 0.0313340 secs] [Times: user=0.48 sys=0.00, real=0.03 secs] 
3522.171: [GC 3522.172: [ParNew: 1356203K->87626K(1415616K), 0.0314280 secs] 1958186K->689608K(8231360K), 0.0317000 secs] [Times: user=0.48 sys=0.01, real=0.03 secs] 
3524.988: [GC 3524.988: [ParNew: 1345994K->92970K(1415616K), 0.0328550 secs] 1947976K->694952K(8231360K), 0.0330680 secs] [Times: user=0.51 sys=0.00, real=0.03 secs] 
3527.096: [GC 3527.096: [ParNew: 1351338K->85526K(1415616K), 0.0331050 secs] 1953320K->687508K(8231360K), 0.0333100 secs] [Times: user=0.49 sys=0.01, real=0.03 secs] 
3530.986: [GC 3530.986: [ParNew: 1343894K->101546K(1415616K), 0.0337150 secs] 1945876K->703528K(8231360K), 0.0339330 secs] [Times: user=0.53 sys=0.00, real=0.04 secs] 
3534.206: [GC 3534.207: [ParNew: 1359914K->77785K(1415616K), 0.0372320 secs] 1961896K->679768K(8231360K), 0.0374420 secs] [Times: user=0.57 sys=0.01, real=0.04 secs] 
3538.396: [GC 3538.396: [ParNew: 1336153K->95002K(1415616K), 0.0360280 secs] 1938136K->696985K(8231360K), 0.0362540 secs] [Times: user=0.56 sys=0.00, real=0.04 secs] 
3541.204: [GC 3541.204: [ParNew: 1353370K->94811K(1415616K), 0.0326930 secs] 1955353K->696794K(8231360K), 0.0328970 secs] [Times: user=0.50 sys=0.00, real=0.03 secs] 
3544.383: [GC 3544.383: [ParNew: 1353179K->102396K(1415616K), 0.0393600 secs] 1955162K->704379K(8231360K), 0.0395800 secs] [Times: user=0.61 sys=0.01, real=0.04 secs] 
3547.181: [GC 3547.181: [ParNew: 1360764K->92322K(1415616K), 0.0399990 secs] 1962747K->694305K(8231360K), 0.0402070 secs] [Times: user=0.63 sys=0.01, real=0.04 secs] 
3551.018: [GC 3551.019: [ParNew: 1350690K->90936K(1415616K), 0.0313080 secs] 1952673K->692918K(8231360K), 0.0315230 secs] [Times: user=0.48 sys=0.00, real=0.04 secs] 
3551.542: [GC 3551.542: [ParNew: 1349304K->91495K(1415616K), 0.0359100 secs] 1951286K->693478K(8231360K), 0.0361150 secs] [Times: user=0.56 sys=0.00, real=0.03 secs] 
3557.602: [GC 3557.602: [ParNew: 1349863K->83521K(1415616K), 0.0364260 secs] 1951846K->685504K(8231360K), 0.0366470 secs] [Times: user=0.56 sys=0.01, real=0.03 secs] 
3560.136: [GC 3560.137: [ParNew: 1341889K->91656K(1415616K), 0.0316780 secs] 1943872K->693638K(8231360K), 0.0318890 secs] [Times: user=0.48 sys=0.00, real=0.03 secs] 
3565.015: [GC 3565.016: [ParNew: 1350024K->84587K(1415616K), 0.0373930 secs] 1952006K->686570K(8231360K), 0.0376070 secs] [Times: user=0.58 sys=0.00, real=0.04 secs] 
3566.587: [GC 3566.587: [ParNew: 1342955K->82396K(1415616K), 0.0356790 secs] 1944938K->684378K(8231360K), 0.0358920 secs] [Times: user=0.55 sys=0.01, real=0.04 secs] 
3570.172: [GC 3570.172: [ParNew: 1340764K->93186K(1415616K), 0.0334760 secs] 1942746K->695169K(8231360K), 0.0336830 secs] [Times: user=0.53 sys=0.00, real=0.04 secs] 
3571.292: [GC 3571.292: [ParNew: 1351554K->90048K(1415616K), 0.0343130 secs] 1953537K->692030K(8231360K), 0.0345240 secs] [Times: user=0.52 sys=0.00, real=0.04 secs] 
3571.724: [GC 3571.724: [ParNew: 1348416K->88732K(1415616K), 0.0295850 secs] 1950398K->690714K(8231360K), 0.0298040 secs] [Times: user=0.45 sys=0.00, real=0.03 secs] 
3572.149: [GC 3572.149: [ParNew: 1347100K->94585K(1415616K), 0.0310920 secs] 1949082K->696567K(8231360K), 0.0313000 secs] [Times: user=0.50 sys=0.00, real=0.03 secs] 
3572.581: [GC 3572.581: [ParNew: 1352953K->94778K(1415616K), 0.0284100 secs] 1954935K->696760K(8231360K), 0.0286230 secs] [Times: user=0.44 sys=0.00, real=0.03 secs] 
3573.009: [GC 3573.009: [ParNew: 1353146K->95075K(1415616K), 0.0367970 secs] 1955128K->697057K(8231360K), 0.0370020 secs] [Times: user=0.56 sys=0.02, real=0.04 secs] 
3574.018: [GC 3574.018: [ParNew: 1353443K->87936K(1415616K), 0.0292640 secs] 1955425K->689919K(8231360K), 0.0294690 secs] [Times: user=0.45 sys=0.01, real=0.03 secs] 
3579.257: [GC 3579.257: [ParNew: 1346304K->84135K(1415616K), 0.0342350 secs] 1948287K->686117K(8231360K), 0.0344420 secs] [Times: user=0.53 sys=0.00, real=0.03 secs] 
3582.779: [GC 3582.779: [ParNew: 1342503K->89612K(1415616K), 0.0307030 secs] 1944485K->691595K(8231360K), 0.0309310 secs] [Times: user=0.48 sys=0.00, real=0.03 secs] 
3585.956: [GC 3585.956: [ParNew: 1347980K->102645K(1415616K), 0.0352320 secs] 1949963K->704627K(8231360K), 0.0354420 secs] [Times: user=0.54 sys=0.01, real=0.04 secs] 
3590.965: [GC 3590.965: [ParNew: 1361013K->76617K(1415616K), 0.0361560 secs] 1962995K->678599K(8231360K), 0.0363580 secs] [Times: user=0.55 sys=0.02, real=0.04 secs] 
3592.614: [GC 3592.614: [ParNew: 1334985K->89494K(1415616K), 0.0317570 secs] 1936967K->691476K(8231360K), 0.0319590 secs] [Times: user=0.49 sys=0.00, real=0.03 secs] 
3596.083: [GC 3596.083: [ParNew: 1347862K->92316K(1415616K), 0.0296000 secs] 1949844K->694298K(8231360K), 0.0298240 secs] [Times: user=0.46 sys=0.00, real=0.03 secs] 
3598.650: [GC 3598.650: [ParNew: 1350684K->96997K(1415616K), 0.0366140 secs] 1952666K->698980K(8231360K), 0.0368170 secs] [Times: user=0.56 sys=0.00, real=0.03 secs] 
3603.206: [GC 3603.206: [ParNew: 1355365K->89628K(1415616K), 0.0365510 secs] 1957348K->691611K(8231360K), 0.0367620 secs] [Times: user=0.55 sys=0.02, real=0.04 secs] 
3605.806: [GC 3605.806: [ParNew: 1347996K->98539K(1415616K), 0.0350450 secs] 1949979K->700521K(8231360K), 0.0352560 secs] [Times: user=0.54 sys=0.01, real=0.04 secs] 
3609.186: [GC 3609.186: [ParNew: 1356907K->101709K(1415616K), 0.0366790 secs] 1958889K->703691K(8231360K), 0.0368860 secs] [Times: user=0.56 sys=0.00, real=0.04 secs] 
3611.050: [GC 3611.050: [ParNew: 1360077K->98810K(1415616K), 0.0335980 secs] 1962059K->700792K(8231360K), 0.0338070 secs] [Times: user=0.51 sys=0.00, real=0.04 secs] 
3611.980: [GC 3611.980: [ParNew: 1357178K->108107K(1415616K), 0.0347450 secs] 1959160K->710089K(8231360K), 0.0349590 secs] [Times: user=0.54 sys=0.01, real=0.04 secs] 
3614.989: [GC 3614.989: [ParNew: 1366475K->80512K(1415616K), 0.0369290 secs] 1968457K->682494K(8231360K), 0.0371300 secs] [Times: user=0.56 sys=0.01, real=0.04 secs] 
3619.173: [GC 3619.173: [ParNew: 1338880K->101164K(1415616K), 0.0381360 secs] 1940862K->703147K(8231360K), 0.0383370 secs] [Times: user=0.58 sys=0.00, real=0.03 secs] 
3625.378: [GC 3625.378: [ParNew: 1359532K->79505K(1415616K), 0.0339890 secs] 1961515K->681488K(8231360K), 0.0342040 secs] [Times: user=0.53 sys=0.00, real=0.03 secs] 
3630.201: [GC 3630.201: [ParNew: 1337873K->72233K(1415616K), 0.0296180 secs] 1939856K->674216K(8231360K), 0.0298390 secs] [Times: user=0.46 sys=0.00, real=0.03 secs] 
3631.372: [GC 3631.372: [ParNew: 1330601K->88094K(1415616K), 0.0357180 secs] 1932584K->690077K(8231360K), 0.0359270 secs] [Times: user=0.54 sys=0.02, real=0.04 secs] 
3631.807: [GC 3631.807: [ParNew: 1346462K->90278K(1415616K), 0.0304840 secs] 1948445K->692260K(8231360K), 0.0306920 secs] [Times: user=0.48 sys=0.00, real=0.03 secs] 
3632.236: [GC 3632.236: [ParNew: 1348646K->91227K(1415616K), 0.0303590 secs] 1950628K->693209K(8231360K), 0.0305750 secs] [Times: user=0.46 sys=0.01, real=0.03 secs] 
3632.665: [GC 3632.665: [ParNew: 1349595K->85864K(1415616K), 0.0304100 secs] 1951577K->687846K(8231360K), 0.0306230 secs] [Times: user=0.47 sys=0.01, real=0.04 secs] 
3633.095: [GC 3633.095: [ParNew: 1344232K->93687K(1415616K), 0.0305020 secs] 1946214K->695670K(8231360K), 0.0307160 secs] [Times: user=0.47 sys=0.00, real=0.04 secs] 
3633.552: [GC 3633.553: [ParNew: 1352055K->91114K(1415616K), 0.0292150 secs] 1954038K->693097K(8231360K), 0.0294220 secs] [Times: user=0.46 sys=0.00, real=0.03 secs] 
3634.699: [GC 3634.699: [ParNew: 1349482K->95432K(1415616K), 0.0340700 secs] 1951465K->697415K(8231360K), 0.0342870 secs] [Times: user=0.53 sys=0.00, real=0.03 secs] 
3637.206: [GC 3637.206: [ParNew: 1353800K->104476K(1415616K), 0.0353070 secs] 1955783K->706458K(8231360K), 0.0355150 secs] [Times: user=0.55 sys=0.02, real=0.04 secs] 
3638.265: [GC 3638.265: [ParNew: 1362844K->76600K(1415616K), 0.0351410 secs] 1964826K->678583K(8231360K), 0.0353470 secs] [Times: user=0.54 sys=0.01, real=0.04 secs] 
3641.007: [GC 3641.007: [ParNew: 1334968K->100033K(1415616K), 0.0398450 secs] 1936951K->702016K(8231360K), 0.0400500 secs] [Times: user=0.61 sys=0.01, real=0.04 secs] 
3646.100: [GC 3646.101: [ParNew: 1358401K->87183K(1415616K), 0.0334770 secs] 1960384K->689166K(8231360K), 0.0336870 secs] [Times: user=0.51 sys=0.00, real=0.03 secs] 
3651.395: [GC 3651.395: [ParNew: 1345551K->76189K(1415616K), 0.0326760 secs] 1947534K->678171K(8231360K), 0.0328980 secs] [Times: user=0.51 sys=0.00, real=0.03 secs] 
3659.983: [GC 3659.983: [ParNew: 1334557K->75698K(1415616K), 0.0361770 secs] 1936539K->677680K(8231360K), 0.0363920 secs] [Times: user=0.55 sys=0.01, real=0.03 secs] 
3664.986: [GC 3664.986: [ParNew: 1334066K->96274K(1415616K), 0.0342840 secs] 1936048K->698256K(8231360K), 0.0344960 secs] [Times: user=0.53 sys=0.01, real=0.03 secs] 
3667.397: [GC 3667.397: [ParNew: 1354642K->69024K(1415616K), 0.0328740 secs] 1956624K->671007K(8231360K), 0.0330770 secs] [Times: user=0.51 sys=0.00, real=0.03 secs] 
3670.079: [GC 3670.080: [ParNew: 1327392K->97410K(1415616K), 0.0350780 secs] 1929375K->699393K(8231360K), 0.0352890 secs] [Times: user=0.54 sys=0.00, real=0.04 secs] 
3671.138: [GC 3671.138: [ParNew: 1355778K->105573K(1415616K), 0.0329840 secs] 1957761K->707555K(8231360K), 0.0332000 secs] [Times: user=0.51 sys=0.00, real=0.03 secs] 
3672.478: [GC 3672.478: [ParNew: 1363941K->79797K(1415616K), 0.0314510 secs] 1965923K->681780K(8231360K), 0.0316700 secs] [Times: user=0.49 sys=0.01, real=0.03 secs] 
3676.395: [GC 3676.395: [ParNew: 1338165K->98945K(1415616K), 0.0317340 secs] 1940148K->700928K(8231360K), 0.0319390 secs] [Times: user=0.49 sys=0.01, real=0.03 secs] 
3679.203: [GC 3679.203: [ParNew: 1357313K->100514K(1415616K), 0.0361820 secs] 1959296K->702497K(8231360K), 0.0363960 secs] [Times: user=0.55 sys=0.01, real=0.04 secs] 
3681.987: [GC 3681.988: [ParNew: 1358882K->107837K(1415616K), 0.0372700 secs] 1960865K->709820K(8231360K), 0.0374860 secs] [Times: user=0.57 sys=0.01, real=0.04 secs] 
3684.583: [GC 3684.583: [ParNew: 1366205K->80153K(1415616K), 0.0292980 secs] 1968188K->682136K(8231360K), 0.0295080 secs] [Times: user=0.45 sys=0.00, real=0.03 secs] 
3688.381: [GC 3688.381: [ParNew: 1338521K->99057K(1415616K), 0.0360220 secs] 1940504K->701040K(8231360K), 0.0362330 secs] [Times: user=0.57 sys=0.00, real=0.04 secs] 
3691.141: [GC 3691.142: [ParNew: 1357425K->94340K(1415616K), 0.0386930 secs] 1959408K->696322K(8231360K), 0.0389040 secs] [Times: user=0.60 sys=0.00, real=0.04 secs] 
3691.579: [GC 3691.579: [ParNew: 1352708K->101276K(1415616K), 0.0308410 secs] 1954690K->703258K(8231360K), 0.0310570 secs] [Times: user=0.48 sys=0.00, real=0.03 secs] 
3692.030: [GC 3692.031: [ParNew: 1359644K->102203K(1415616K), 0.0385580 secs] 1961626K->704186K(8231360K), 0.0387720 secs] [Times: user=0.60 sys=0.00, real=0.04 secs] 
3695.973: [GC 3695.973: [ParNew: 1360571K->92633K(1415616K), 0.0305430 secs] 1962554K->694615K(8231360K), 0.0307640 secs] [Times: user=0.47 sys=0.01, real=0.03 secs] 
3700.609: [GC 3700.610: [ParNew: 1351001K->89631K(1415616K), 0.0308240 secs] 1952983K->691613K(8231360K), 0.0310450 secs] [Times: user=0.48 sys=0.00, real=0.03 secs] 
3704.178: [GC 3704.178: [ParNew: 1347999K->91458K(1415616K), 0.0312330 secs] 1949981K->693441K(8231360K), 0.0314450 secs] [Times: user=0.48 sys=0.00, real=0.04 secs] 
3705.498: [GC 3705.498: [ParNew: 1349826K->92582K(1415616K), 0.0285020 secs] 1951809K->694564K(8231360K), 0.0287110 secs] [Times: user=0.43 sys=0.00, real=0.03 secs] 
3708.524: [GC 3708.524: [ParNew: 1350950K->97424K(1415616K), 0.0295530 secs] 1952932K->699406K(8231360K), 0.0297580 secs] [Times: user=0.46 sys=0.00, real=0.03 secs] 
3711.485: [GC 3711.485: [ParNew: 1355792K->94386K(1415616K), 0.0340750 secs] 1957774K->696368K(8231360K), 0.0342860 secs] [Times: user=0.53 sys=0.00, real=0.03 secs] 
3715.578: [GC 3715.578: [ParNew: 1352754K->83012K(1415616K), 0.0373210 secs] 1954736K->684995K(8231360K), 0.0375300 secs] [Times: user=0.58 sys=0.00, real=0.04 secs] 
3721.400: [GC 3721.400: [ParNew: 1341380K->79632K(1415616K), 0.0288470 secs] 1943363K->681614K(8231360K), 0.0290610 secs] [Times: user=0.45 sys=0.00, real=0.03 secs] 
3728.772: [GC 3728.772: [ParNew: 1338000K->70073K(1415616K), 0.0344480 secs] 1939982K->672055K(8231360K), 0.0346600 secs] [Times: user=0.52 sys=0.00, real=0.04 secs] 
3730.806: [GC 3730.807: [ParNew: 1328441K->91792K(1415616K), 0.0295760 secs] 1930423K->693774K(8231360K), 0.0297890 secs] [Times: user=0.46 sys=0.00, real=0.03 secs] 
3731.236: [GC 3731.236: [ParNew: 1350160K->91359K(1415616K), 0.0308210 secs] 1952142K->693341K(8231360K), 0.0310950 secs] [Times: user=0.49 sys=0.00, real=0.03 secs] 
3733.389: [GC 3733.389: [ParNew: 1349727K->96776K(1415616K), 0.0365390 secs] 1951709K->698759K(8231360K), 0.0367440 secs] [Times: user=0.57 sys=0.00, real=0.04 secs] 
3736.219: [GC 3736.219: [ParNew: 1355144K->104750K(1415616K), 0.0337250 secs] 1957127K->706732K(8231360K), 0.0339540 secs] [Times: user=0.53 sys=0.00, real=0.03 secs] 
3740.002: [GC 3740.003: [ParNew: 1363118K->103703K(1415616K), 0.0371070 secs] 1965100K->705685K(8231360K), 0.0373280 secs] [Times: user=0.58 sys=0.00, real=0.04 secs] 
3743.187: [GC 3743.187: [ParNew: 1362071K->89575K(1415616K), 0.0331320 secs] 1964053K->691557K(8231360K), 0.0333450 secs] [Times: user=0.52 sys=0.00, real=0.03 secs] 
3745.973: [GC 3745.973: [ParNew: 1347943K->101108K(1415616K), 0.0359740 secs] 1949925K->703091K(8231360K), 0.0361770 secs] [Times: user=0.56 sys=0.01, real=0.04 secs] 
3749.188: [GC 3749.188: [ParNew: 1359476K->92211K(1415616K), 0.0352460 secs] 1961459K->694194K(8231360K), 0.0354500 secs] [Times: user=0.55 sys=0.00, real=0.03 secs] 
3751.305: [GC 3751.305: [ParNew: 1350579K->98458K(1415616K), 0.0368200 secs] 1952562K->700441K(8231360K), 0.0370410 secs] [Times: user=0.57 sys=0.00, real=0.04 secs] 
3751.734: [GC 3751.734: [ParNew: 1356826K->91981K(1415616K), 0.0330210 secs] 1958809K->693963K(8231360K), 0.0332330 secs] [Times: user=0.52 sys=0.00, real=0.03 secs] 
3752.161: [GC 3752.161: [ParNew: 1350349K->90322K(1415616K), 0.0334430 secs] 1952331K->692304K(8231360K), 0.0336510 secs] [Times: user=0.52 sys=0.00, real=0.03 secs] 
3752.590: [GC 3752.590: [ParNew: 1348690K->91073K(1415616K), 0.0337340 secs] 1950672K->693055K(8231360K), 0.0339400 secs] [Times: user=0.52 sys=0.00, real=0.03 secs] 
3753.018: [GC 3753.019: [ParNew: 1349441K->98372K(1415616K), 0.0319110 secs] 1951423K->700355K(8231360K), 0.0321200 secs] [Times: user=0.49 sys=0.00, real=0.03 secs] 
3753.486: [GC 3753.487: [ParNew: 1356740K->86148K(1415616K), 0.0363400 secs] 1958723K->688130K(8231360K), 0.0365460 secs] [Times: user=0.57 sys=0.00, real=0.04 secs] 
3756.995: [GC 3756.995: [ParNew: 1344516K->93812K(1415616K), 0.0366270 secs] 1946498K->695794K(8231360K), 0.0368420 secs] [Times: user=0.57 sys=0.00, real=0.04 secs] 
3759.993: [GC 3759.993: [ParNew: 1352180K->98997K(1415616K), 0.0357980 secs] 1954162K->700979K(8231360K), 0.0360060 secs] [Times: user=0.54 sys=0.01, real=0.04 secs] 
3763.370: [GC 3763.371: [ParNew: 1357365K->89888K(1415616K), 0.0339240 secs] 1959347K->691870K(8231360K), 0.0341320 secs] [Times: user=0.53 sys=0.01, real=0.03 secs] 
3767.726: [GC 3767.726: [ParNew: 1348256K->92535K(1415616K), 0.0362740 secs] 1950238K->694517K(8231360K), 0.0364800 secs] [Times: user=0.57 sys=0.00, real=0.04 secs] 
3771.800: [GC 3771.800: [ParNew: 1350903K->86076K(1415616K), 0.0330420 secs] 1952885K->688058K(8231360K), 0.0332770 secs] [Times: user=0.51 sys=0.00, real=0.04 secs] 
3774.005: [GC 3774.005: [ParNew: 1344444K->83138K(1415616K), 0.0352550 secs] 1946426K->685121K(8231360K), 0.0354700 secs] [Times: user=0.55 sys=0.01, real=0.04 secs] 
3778.191: [GC 3778.191: [ParNew: 1341506K->74444K(1415616K), 0.0295720 secs] 1943489K->676426K(8231360K), 0.0297810 secs] [Times: user=0.47 sys=0.00, real=0.03 secs] 
3781.776: [GC 3781.776: [ParNew: 1332812K->78748K(1415616K), 0.0319260 secs] 1934794K->680731K(8231360K), 0.0321320 secs] [Times: user=0.50 sys=0.00, real=0.03 secs] 
3783.937: [GC 3783.937: [ParNew: 1337116K->88217K(1415616K), 0.0321270 secs] 1939099K->690199K(8231360K), 0.0323240 secs] [Times: user=0.50 sys=0.01, real=0.03 secs] 
3790.854: [GC 3790.854: [ParNew: 1346585K->80923K(1415616K), 0.0289670 secs] 1948567K->682905K(8231360K), 0.0291750 secs] [Times: user=0.45 sys=0.01, real=0.03 secs] 
3791.282: [GC 3791.282: [ParNew: 1339291K->91159K(1415616K), 0.0298330 secs] 1941273K->693141K(8231360K), 0.0300370 secs] [Times: user=0.46 sys=0.00, real=0.03 secs] 
3793.833: [GC 3793.833: [ParNew: 1349527K->78077K(1415616K), 0.0286050 secs] 1951509K->680060K(8231360K), 0.0288250 secs] [Times: user=0.45 sys=0.00, real=0.03 secs] 
3799.038: [GC 3799.038: [ParNew: 1336445K->80364K(1415616K), 0.0330220 secs] 1938428K->682346K(8231360K), 0.0332340 secs] [Times: user=0.51 sys=0.00, real=0.03 secs] 
3802.199: [GC 3802.199: [ParNew: 1338732K->93972K(1415616K), 0.0363290 secs] 1940714K->695955K(8231360K), 0.0365430 secs] [Times: user=0.56 sys=0.00, real=0.03 secs] 
3805.008: [GC 3805.008: [ParNew: 1352340K->108117K(1415616K), 0.0347130 secs] 1954323K->710099K(8231360K), 0.0349360 secs] [Times: user=0.54 sys=0.00, real=0.03 secs] 
3808.994: [GC 3808.994: [ParNew: 1366485K->75613K(1415616K), 0.0322000 secs] 1968467K->677596K(8231360K), 0.0324050 secs] [Times: user=0.49 sys=0.00, real=0.03 secs] 
3811.123: [GC 3811.123: [ParNew: 1333981K->107859K(1415616K), 0.0399630 secs] 1935964K->709841K(8231360K), 0.0401720 secs] [Times: user=0.62 sys=0.00, real=0.04 secs] 
3811.558: [GC 3811.558: [ParNew: 1366227K->82063K(1415616K), 0.0352460 secs] 1968209K->684046K(8231360K), 0.0354630 secs] [Times: user=0.54 sys=0.00, real=0.03 secs] 
3811.988: [GC 3811.988: [ParNew: 1340431K->102605K(1415616K), 0.0327220 secs] 1942414K->704587K(8231360K), 0.0329440 secs] [Times: user=0.51 sys=0.00, real=0.03 secs] 
3812.424: [GC 3812.424: [ParNew: 1360973K->106451K(1415616K), 0.0371060 secs] 1962955K->708433K(8231360K), 0.0373190 secs] [Times: user=0.58 sys=0.00, real=0.04 secs] 
3812.859: [GC 3812.859: [ParNew: 1364819K->96938K(1415616K), 0.0377820 secs] 1966801K->698920K(8231360K), 0.0380010 secs] [Times: user=0.58 sys=0.01, real=0.03 secs] 
3813.317: [GC 3813.317: [ParNew: 1355306K->93903K(1415616K), 0.0390890 secs] 1957288K->695886K(8231360K), 0.0392870 secs] [Times: user=0.61 sys=0.01, real=0.04 secs] 
3813.772: [GC 3813.772: [ParNew: 1352271K->89642K(1415616K), 0.0352030 secs] 1954254K->691624K(8231360K), 0.0354260 secs] [Times: user=0.56 sys=0.00, real=0.03 secs] 
3815.234: [GC 3815.234: [ParNew: 1348010K->102508K(1415616K), 0.0376810 secs] 1949992K->704490K(8231360K), 0.0379050 secs] [Times: user=0.59 sys=0.01, real=0.04 secs] 
3818.746: [GC 3818.746: [ParNew: 1360876K->101720K(1415616K), 0.0376020 secs] 1962858K->703702K(8231360K), 0.0378060 secs] [Times: user=0.57 sys=0.00, real=0.04 secs] 
3827.971: [GC 3827.971: [ParNew: 1360088K->71890K(1415616K), 0.0330110 secs] 1962070K->673873K(8231360K), 0.0332150 secs] [Times: user=0.51 sys=0.00, real=0.04 secs] 
3834.387: [GC 3834.387: [ParNew: 1330258K->77412K(1415616K), 0.0346590 secs] 1932241K->679394K(8231360K), 0.0348700 secs] [Times: user=0.54 sys=0.00, real=0.03 secs] 
3837.619: [GC 3837.619: [ParNew: 1335780K->88424K(1415616K), 0.0292200 secs] 1937762K->690406K(8231360K), 0.0294390 secs] [Times: user=0.45 sys=0.00, real=0.03 secs] 
3841.012: [GC 3841.012: [ParNew: 1346792K->95151K(1415616K), 0.0310530 secs] 1948774K->697133K(8231360K), 0.0312710 secs] [Times: user=0.48 sys=0.00, real=0.03 secs] 
3843.529: [GC 3843.529: [ParNew: 1353519K->99579K(1415616K), 0.0401990 secs] 1955501K->701562K(8231360K), 0.0404070 secs] [Times: user=0.61 sys=0.02, real=0.04 secs] 
3846.994: [GC 3846.994: [ParNew: 1357947K->98677K(1415616K), 0.0367340 secs] 1959930K->700660K(8231360K), 0.0369490 secs] [Times: user=0.55 sys=0.00, real=0.04 secs] 
3850.923: [GC 3850.923: [ParNew: 1357045K->94751K(1415616K), 0.0343500 secs] 1959028K->696733K(8231360K), 0.0345670 secs] [Times: user=0.53 sys=0.01, real=0.04 secs] 
3851.352: [GC 3851.352: [ParNew: 1353119K->97703K(1415616K), 0.0295180 secs] 1955101K->699685K(8231360K), 0.0297360 secs] [Times: user=0.46 sys=0.00, real=0.03 secs] 
3851.786: [GC 3851.786: [ParNew: 1356071K->86513K(1415616K), 0.0326480 secs] 1958053K->688496K(8231360K), 0.0328520 secs] [Times: user=0.50 sys=0.00, real=0.03 secs] 
3854.134: [GC 3854.134: [ParNew: 1344881K->86766K(1415616K), 0.0333880 secs] 1946864K->688748K(8231360K), 0.0335990 secs] [Times: user=0.52 sys=0.01, real=0.04 secs] 
3857.989: [GC 3857.989: [ParNew: 1345134K->88449K(1415616K), 0.0367980 secs] 1947116K->690432K(8231360K), 0.0370080 secs] [Times: user=0.56 sys=0.02, real=0.03 secs] 
3860.228: [GC 3860.228: [ParNew: 1346817K->90855K(1415616K), 0.0370810 secs] 1948800K->692837K(8231360K), 0.0372880 secs] [Times: user=0.58 sys=0.00, real=0.03 secs] 
3862.455: [GC 3862.455: [ParNew: 1349223K->89541K(1415616K), 0.0380990 secs] 1951205K->691524K(8231360K), 0.0383110 secs] [Times: user=0.58 sys=0.01, real=0.04 secs] 
3865.186: [GC 3865.186: [ParNew: 1347909K->97230K(1415616K), 0.0394450 secs] 1949892K->699212K(8231360K), 0.0396650 secs] [Times: user=0.60 sys=0.01, real=0.04 secs] 
3870.571: [GC 3870.571: [ParNew: 1355598K->86866K(1415616K), 0.0344540 secs] 1957580K->688849K(8231360K), 0.0346660 secs] [Times: user=0.54 sys=0.00, real=0.03 secs] 
3871.557: [GC 3871.557: [ParNew: 1345234K->89236K(1415616K), 0.0307700 secs] 1947217K->691218K(8231360K), 0.0310020 secs] [Times: user=0.48 sys=0.00, real=0.03 secs] 
3872.041: [GC 3872.041: [ParNew: 1347604K->96506K(1415616K), 0.0344400 secs] 1949586K->698488K(8231360K), 0.0346460 secs] [Times: user=0.54 sys=0.00, real=0.03 secs] 
3874.384: [GC 3874.384: [ParNew: 1354874K->99150K(1415616K), 0.0367600 secs] 1956856K->701132K(8231360K), 0.0369740 secs] [Times: user=0.57 sys=0.01, real=0.04 secs] 
3876.803: [GC 3876.803: [ParNew: 1357518K->107257K(1415616K), 0.0384780 secs] 1959500K->709239K(8231360K), 0.0386850 secs] [Times: user=0.58 sys=0.01, real=0.04 secs] 
3878.879: [GC 3878.879: [ParNew: 1365625K->103886K(1415616K), 0.0330230 secs] 1967607K->705869K(8231360K), 0.0332390 secs] [Times: user=0.51 sys=0.00, real=0.04 secs] 
3883.191: [GC 3883.191: [ParNew: 1362254K->94574K(1415616K), 0.0390200 secs] 1964237K->696556K(8231360K), 0.0392270 secs] [Times: user=0.60 sys=0.01, real=0.04 secs] 
3885.797: [GC 3885.797: [ParNew: 1352942K->103064K(1415616K), 0.0377400 secs] 1954924K->705046K(8231360K), 0.0379450 secs] [Times: user=0.58 sys=0.01, real=0.04 secs] 
3889.194: [GC 3889.194: [ParNew: 1361432K->80171K(1415616K), 0.0312980 secs] 1963414K->682154K(8231360K), 0.0315140 secs] [Times: user=0.48 sys=0.00, real=0.03 secs] 
3895.617: [GC 3895.617: [ParNew: 1338539K->72487K(1415616K), 0.0302920 secs] 1940522K->674470K(8231360K), 0.0305080 secs] [Times: user=0.46 sys=0.01, real=0.03 secs] 
3900.392: [GC 3900.393: [ParNew: 1330855K->82134K(1415616K), 0.0308500 secs] 1932838K->684116K(8231360K), 0.0310560 secs] [Times: user=0.47 sys=0.01, real=0.03 secs] 
3905.682: [GC 3905.682: [ParNew: 1340502K->97938K(1415616K), 0.0337330 secs] 1942484K->699920K(8231360K), 0.0339450 secs] [Times: user=0.52 sys=0.00, real=0.04 secs] 
3908.883: [GC 3908.884: [ParNew: 1356306K->71918K(1415616K), 0.0331800 secs] 1958288K->673901K(8231360K), 0.0333830 secs] [Times: user=0.51 sys=0.00, real=0.04 secs] 
3910.905: [GC 3910.905: [ParNew: 1330286K->97709K(1415616K), 0.0319550 secs] 1932269K->699691K(8231360K), 0.0321620 secs] [Times: user=0.48 sys=0.01, real=0.04 secs] 
3911.331: [GC 3911.331: [ParNew: 1356077K->81453K(1415616K), 0.0294630 secs] 1958059K->683435K(8231360K), 0.0296670 secs] [Times: user=0.47 sys=0.00, real=0.03 secs] 
3913.177: [GC 3913.177: [ParNew: 1339821K->93850K(1415616K), 0.0268800 secs] 1941803K->695832K(8231360K), 0.0270860 secs] [Times: user=0.42 sys=0.00, real=0.02 secs] 
3918.743: [GC 3918.743: [ParNew: 1352218K->93377K(1415616K), 0.0318050 secs] 1954200K->695359K(8231360K), 0.0320150 secs] [Times: user=0.49 sys=0.00, real=0.03 secs] 
3921.672: [GC 3921.672: [ParNew: 1351745K->77271K(1415616K), 0.0308230 secs] 1953727K->679253K(8231360K), 0.0310240 secs] [Times: user=0.48 sys=0.00, real=0.03 secs] 
3924.072: [GC 3924.072: [ParNew: 1335639K->84097K(1415616K), 0.0275390 secs] 1937621K->686080K(8231360K), 0.0277490 secs] [Times: user=0.42 sys=0.00, real=0.03 secs] 
3927.399: [GC 3927.399: [ParNew: 1342465K->95462K(1415616K), 0.0338590 secs] 1944448K->697444K(8231360K), 0.0340680 secs] [Times: user=0.52 sys=0.01, real=0.04 secs] 
3931.111: [GC 3931.111: [ParNew: 1353830K->81794K(1415616K), 0.0319780 secs] 1955812K->683776K(8231360K), 0.0321900 secs] [Times: user=0.49 sys=0.01, real=0.03 secs] 
3931.538: [GC 3931.538: [ParNew: 1340162K->89273K(1415616K), 0.0331210 secs] 1942144K->691255K(8231360K), 0.0333360 secs] [Times: user=0.51 sys=0.00, real=0.04 secs] 
3931.964: [GC 3931.964: [ParNew: 1347641K->90804K(1415616K), 0.0364370 secs] 1949623K->692786K(8231360K), 0.0366500 secs] [Times: user=0.57 sys=0.00, real=0.04 secs] 
3932.394: [GC 3932.394: [ParNew: 1349172K->98876K(1415616K), 0.0326610 secs] 1951154K->700858K(8231360K), 0.0328620 secs] [Times: user=0.50 sys=0.00, real=0.03 secs] 
3932.830: [GC 3932.830: [ParNew: 1357244K->88320K(1415616K), 0.0295610 secs] 1959226K->690303K(8231360K), 0.0297660 secs] [Times: user=0.46 sys=0.00, real=0.03 secs] 
3933.270: [GC 3933.270: [ParNew: 1346688K->91901K(1415616K), 0.0345780 secs] 1948671K->693883K(8231360K), 0.0347800 secs] [Times: user=0.53 sys=0.00, real=0.04 secs] 
3933.728: [GC 3933.728: [ParNew: 1350269K->100148K(1415616K), 0.0307870 secs] 1952251K->702130K(8231360K), 0.0309950 secs] [Times: user=0.47 sys=0.00, real=0.03 secs] 
3936.206: [GC 3936.206: [ParNew: 1358516K->97086K(1415616K), 0.0344380 secs] 1960498K->699068K(8231360K), 0.0346440 secs] [Times: user=0.53 sys=0.00, real=0.03 secs] 
3940.016: [GC 3940.016: [ParNew: 1355454K->103642K(1415616K), 0.0385620 secs] 1957436K->705624K(8231360K), 0.0387740 secs] [Times: user=0.59 sys=0.01, real=0.04 secs] 
3943.975: [GC 3943.975: [ParNew: 1362010K->99053K(1415616K), 0.0389880 secs] 1963992K->701036K(8231360K), 0.0391980 secs] [Times: user=0.60 sys=0.02, real=0.04 secs] 
3946.578: [GC 3946.578: [ParNew: 1357421K->105399K(1415616K), 0.0371490 secs] 1959404K->707381K(8231360K), 0.0373550 secs] [Times: user=0.58 sys=0.01, real=0.04 secs] 
3948.793: [GC 3948.793: [ParNew: 1363767K->100085K(1415616K), 0.0371490 secs] 1965749K->702067K(8231360K), 0.0373550 secs] [Times: user=0.58 sys=0.01, real=0.04 secs] 
3952.400: [GC 3952.400: [ParNew: 1358453K->105179K(1415616K), 0.0341400 secs] 1960435K->707161K(8231360K), 0.0343540 secs] [Times: user=0.53 sys=0.00, real=0.04 secs] 
3957.377: [GC 3957.377: [ParNew: 1363547K->88717K(1415616K), 0.0382490 secs] 1965529K->690700K(8231360K), 0.0384640 secs] [Times: user=0.60 sys=0.01, real=0.04 secs] 
3963.082: [GC 3963.082: [ParNew: 1347085K->70672K(1415616K), 0.0315330 secs] 1949068K->672654K(8231360K), 0.0317530 secs] [Times: user=0.49 sys=0.01, real=0.03 secs] 
3967.174: [GC 3967.174: [ParNew: 1329040K->92716K(1415616K), 0.0347530 secs] 1931022K->694698K(8231360K), 0.0349710 secs] [Times: user=0.53 sys=0.01, real=0.04 secs] 
3970.924: [GC 3970.924: [ParNew: 1351084K->72987K(1415616K), 0.0338660 secs] 1953066K->674969K(8231360K), 0.0340780 secs] [Times: user=0.52 sys=0.01, real=0.04 secs] 
3971.365: [GC 3971.365: [ParNew: 1331355K->92399K(1415616K), 0.0331520 secs] 1933337K->694382K(8231360K), 0.0333670 secs] [Times: user=0.52 sys=0.00, real=0.04 secs] 
3973.794: [GC 3973.794: [ParNew: 1350767K->90098K(1415616K), 0.0311980 secs] 1952750K->692080K(8231360K), 0.0314140 secs] [Times: user=0.48 sys=0.00, real=0.03 secs] 
3976.071: [GC 3976.071: [ParNew: 1348466K->95283K(1415616K), 0.0363640 secs] 1950448K->697266K(8231360K), 0.0365700 secs] [Times: user=0.56 sys=0.01, real=0.03 secs] 
3979.586: [GC 3979.586: [ParNew: 1353651K->100055K(1415616K), 0.0381100 secs] 1955634K->702038K(8231360K), 0.0383160 secs] [Times: user=0.59 sys=0.00, real=0.04 secs] 
3984.233: [GC 3984.233: [ParNew: 1358423K->91195K(1415616K), 0.0317820 secs] 1960406K->693177K(8231360K), 0.0319940 secs] [Times: user=0.49 sys=0.00, real=0.03 secs] 
3990.386: [GC 3990.386: [ParNew: 1349563K->79417K(1415616K), 0.0319980 secs] 1951545K->681399K(8231360K), 0.0322140 secs] [Times: user=0.49 sys=0.00, real=0.03 secs] 
3991.371: [GC 3991.372: [ParNew: 1337785K->82378K(1415616K), 0.0353070 secs] 1939767K->684360K(8231360K), 0.0355160 secs] [Times: user=0.54 sys=0.01, real=0.03 secs] 
3991.800: [GC 3991.800: [ParNew: 1340746K->82429K(1415616K), 0.0372990 secs] 1942728K->684411K(8231360K), 0.0375150 secs] [Times: user=0.58 sys=0.01, real=0.04 secs] 
3992.233: [GC 3992.233: [ParNew: 1340797K->90060K(1415616K), 0.0363030 secs] 1942779K->692043K(8231360K), 0.0365100 secs] [Times: user=0.56 sys=0.01, real=0.03 secs] 
3992.667: [GC 3992.667: [ParNew: 1348428K->83001K(1415616K), 0.0315540 secs] 1950411K->684984K(8231360K), 0.0317690 secs] [Times: user=0.49 sys=0.00, real=0.03 secs] 
3993.149: [GC 3993.149: [ParNew: 1341369K->86786K(1415616K), 0.0341480 secs] 1943352K->688768K(8231360K), 0.0343530 secs] [Times: user=0.52 sys=0.01, real=0.04 secs] 
3995.788: [GC 3995.788: [ParNew: 1345154K->86515K(1415616K), 0.0320030 secs] 1947136K->688497K(8231360K), 0.0322110 secs] [Times: user=0.50 sys=0.00, real=0.03 secs] 
3998.577: [GC 3998.577: [ParNew: 1344883K->89044K(1415616K), 0.0341720 secs] 1946865K->691026K(8231360K), 0.0343980 secs] [Times: user=0.53 sys=0.00, real=0.03 secs] 
4002.135: [GC 4002.135: [ParNew: 1347412K->83161K(1415616K), 0.0295100 secs] 1949394K->685144K(8231360K), 0.0297220 secs] [Times: user=0.46 sys=0.01, real=0.03 secs] 
4006.437: [GC 4006.437: [ParNew: 1341529K->97195K(1415616K), 0.0356810 secs] 1943512K->699177K(8231360K), 0.0358930 secs] [Times: user=0.54 sys=0.00, real=0.03 secs] 
4009.191: [GC 4009.191: [ParNew: 1355563K->94571K(1415616K), 0.0361520 secs] 1957545K->696554K(8231360K), 0.0363680 secs] [Times: user=0.57 sys=0.00, real=0.04 secs] 
4012.394: [GC 4012.394: [ParNew: 1352939K->104648K(1415616K), 0.0327890 secs] 1954922K->706630K(8231360K), 0.0329990 secs] [Times: user=0.50 sys=0.00, real=0.04 secs] 
4016.599: [GC 4016.599: [ParNew: 1363016K->76893K(1415616K), 0.0317980 secs] 1964998K->678876K(8231360K), 0.0320060 secs] [Times: user=0.49 sys=0.00, real=0.03 secs] 
4022.574: [GC 4022.574: [ParNew: 1335261K->90849K(1415616K), 0.0384540 secs] 1937244K->692832K(8231360K), 0.0386700 secs] [Times: user=0.59 sys=0.01, real=0.04 secs] 
4031.062: [GC 4031.062: [ParNew: 1349217K->66162K(1415616K), 0.0344140 secs] 1951200K->668144K(8231360K), 0.0346270 secs] [Times: user=0.52 sys=0.01, real=0.03 secs] 
4041.425: [GC 4041.425: [ParNew: 1324530K->71208K(1415616K), 0.0327210 secs] 1926512K->673191K(8231360K), 0.0329290 secs] [Times: user=0.49 sys=0.00, real=0.03 secs] 
4049.190: [GC 4049.190: [ParNew: 1329576K->77393K(1415616K), 0.0271140 secs] 1931559K->679375K(8231360K), 0.0273250 secs] [Times: user=0.42 sys=0.01, real=0.03 secs] 
4051.270: [GC 4051.270: [ParNew: 1335761K->85935K(1415616K), 0.0337580 secs] 1937743K->687917K(8231360K), 0.0339670 secs] [Times: user=0.53 sys=0.00, real=0.04 secs] 
4051.696: [GC 4051.696: [ParNew: 1344303K->92603K(1415616K), 0.0301320 secs] 1946285K->694586K(8231360K), 0.0303490 secs] [Times: user=0.46 sys=0.00, real=0.03 secs] 
4052.124: [GC 4052.124: [ParNew: 1350971K->85918K(1415616K), 0.0329570 secs] 1952954K->687900K(8231360K), 0.0331630 secs] [Times: user=0.51 sys=0.00, real=0.03 secs] 
4052.553: [GC 4052.553: [ParNew: 1344286K->83495K(1415616K), 0.0345610 secs] 1946268K->685477K(8231360K), 0.0347690 secs] [Times: user=0.52 sys=0.01, real=0.03 secs] 
4052.986: [GC 4052.986: [ParNew: 1341863K->87638K(1415616K), 0.0294120 secs] 1943845K->689620K(8231360K), 0.0296240 secs] [Times: user=0.46 sys=0.01, real=0.03 secs] 
4053.669: [GC 4053.669: [ParNew: 1346006K->88687K(1415616K), 0.0313990 secs] 1947988K->690670K(8231360K), 0.0316030 secs] [Times: user=0.48 sys=0.01, real=0.03 secs] 
4060.807: [GC 4060.807: [ParNew: 1347055K->93190K(1415616K), 0.0299940 secs] 1949038K->695173K(8231360K), 0.0302070 secs] [Times: user=0.47 sys=0.01, real=0.03 secs] 
4064.595: [GC 4064.595: [ParNew: 1351558K->87873K(1415616K), 0.0296130 secs] 1953541K->689855K(8231360K), 0.0298180 secs] [Times: user=0.45 sys=0.00, real=0.03 secs] 
4068.621: [GC 4068.622: [ParNew: 1346241K->92711K(1415616K), 0.0310140 secs] 1948223K->694694K(8231360K), 0.0312230 secs] [Times: user=0.48 sys=0.01, real=0.03 secs] 
4070.753: [GC 4070.753: [ParNew: 1351079K->85235K(1415616K), 0.0304970 secs] 1953062K->687218K(8231360K), 0.0307030 secs] [Times: user=0.47 sys=0.01, real=0.03 secs] 
4072.596: [GC 4072.596: [ParNew: 1343603K->92330K(1415616K), 0.0306930 secs] 1945586K->694313K(8231360K), 0.0308990 secs] [Times: user=0.47 sys=0.01, real=0.04 secs] 
4076.785: [GC 4076.785: [ParNew: 1350698K->94132K(1415616K), 0.0391660 secs] 1952681K->696115K(8231360K), 0.0393790 secs] [Times: user=0.61 sys=0.00, real=0.04 secs] 
4084.371: [GC 4084.371: [ParNew: 1352500K->78531K(1415616K), 0.0373980 secs] 1954483K->680513K(8231360K), 0.0376150 secs] [Times: user=0.58 sys=0.01, real=0.04 secs] 
4089.988: [GC 4089.988: [ParNew: 1336899K->77992K(1415616K), 0.0348390 secs] 1938881K->679975K(8231360K), 0.0350570 secs] [Times: user=0.53 sys=0.01, real=0.04 secs] 
4090.954: [GC 4090.954: [ParNew: 1336360K->88974K(1415616K), 0.0313050 secs] 1938343K->690957K(8231360K), 0.0315000 secs] [Times: user=0.49 sys=0.00, real=0.03 secs] 
4091.622: [GC 4091.622: [ParNew: 1347342K->87591K(1415616K), 0.0307350 secs] 1949325K->689574K(8231360K), 0.0309430 secs] [Times: user=0.47 sys=0.00, real=0.03 secs] 
4093.200: [GC 4093.200: [ParNew: 1345959K->94104K(1415616K), 0.0307280 secs] 1947942K->696087K(8231360K), 0.0309370 secs] [Times: user=0.48 sys=0.00, real=0.03 secs] 
4095.976: [GC 4095.977: [ParNew: 1352472K->98258K(1415616K), 0.0381960 secs] 1954455K->700240K(8231360K), 0.0383910 secs] [Times: user=0.59 sys=0.01, real=0.04 secs] 
4100.180: [GC 4100.180: [ParNew: 1356626K->97849K(1415616K), 0.0373140 secs] 1958608K->699831K(8231360K), 0.0375270 secs] [Times: user=0.57 sys=0.00, real=0.04 secs] 
4103.791: [GC 4103.791: [ParNew: 1356217K->92068K(1415616K), 0.0354310 secs] 1958199K->694050K(8231360K), 0.0356350 secs] [Times: user=0.55 sys=0.00, real=0.04 secs] 
4107.172: [GC 4107.172: [ParNew: 1350436K->86060K(1415616K), 0.0385940 secs] 1952418K->688042K(8231360K), 0.0388050 secs] [Times: user=0.60 sys=0.01, real=0.04 secs] 
4111.180: [GC 4111.180: [ParNew: 1344428K->92714K(1415616K), 0.0308730 secs] 1946410K->694697K(8231360K), 0.0310850 secs] [Times: user=0.46 sys=0.01, real=0.03 secs] 
4111.608: [GC 4111.608: [ParNew: 1351082K->101924K(1415616K), 0.0382610 secs] 1953065K->703906K(8231360K), 0.0384850 secs] [Times: user=0.59 sys=0.02, real=0.04 secs] 
4112.039: [GC 4112.039: [ParNew: 1360292K->91591K(1415616K), 0.0308230 secs] 1962274K->693573K(8231360K), 0.0310430 secs] [Times: user=0.47 sys=0.00, real=0.03 secs] 
4112.466: [GC 4112.466: [ParNew: 1349959K->88615K(1415616K), 0.0292580 secs] 1951941K->690597K(8231360K), 0.0294670 secs] [Times: user=0.45 sys=0.00, real=0.03 secs] 
4112.891: [GC 4112.891: [ParNew: 1346983K->96092K(1415616K), 0.0333780 secs] 1948965K->698075K(8231360K), 0.0335880 secs] [Times: user=0.52 sys=0.00, real=0.04 secs] 
4113.342: [GC 4113.342: [ParNew: 1354460K->92190K(1415616K), 0.0328930 secs] 1956443K->694173K(8231360K), 0.0331070 secs] [Times: user=0.51 sys=0.00, real=0.04 secs] 
4114.252: [GC 4114.252: [ParNew: 1350558K->103886K(1415616K), 0.0334940 secs] 1952541K->705868K(8231360K), 0.0336950 secs] [Times: user=0.51 sys=0.01, real=0.04 secs] 
4118.649: [GC 4118.649: [ParNew: 1362254K->79127K(1415616K), 0.0377080 secs] 1964236K->681109K(8231360K), 0.0379230 secs] [Times: user=0.58 sys=0.01, real=0.04 secs] 
4123.608: [GC 4123.608: [ParNew: 1337495K->87932K(1415616K), 0.0296790 secs] 1939477K->689915K(8231360K), 0.0298920 secs] [Times: user=0.46 sys=0.00, real=0.03 secs] 
4129.183: [GC 4129.183: [ParNew: 1346300K->82796K(1415616K), 0.0301080 secs] 1948283K->684779K(8231360K), 0.0303090 secs] [Times: user=0.46 sys=0.01, real=0.03 secs] 
4133.383: [GC 4133.384: [ParNew: 1341164K->91622K(1415616K), 0.0339580 secs] 1943147K->693604K(8231360K), 0.0341690 secs] [Times: user=0.53 sys=0.00, real=0.04 secs] 
4136.582: [GC 4136.583: [ParNew: 1349990K->81098K(1415616K), 0.0299830 secs] 1951972K->683080K(8231360K), 0.0301960 secs] [Times: user=0.46 sys=0.00, real=0.03 secs] 
4139.192: [GC 4139.192: [ParNew: 1339466K->87508K(1415616K), 0.0351690 secs] 1941448K->689491K(8231360K), 0.0353770 secs] [Times: user=0.54 sys=0.02, real=0.03 secs] 
4144.971: [GC 4144.971: [ParNew: 1345876K->97284K(1415616K), 0.0303410 secs] 1947859K->699267K(8231360K), 0.0305600 secs] [Times: user=0.47 sys=0.01, real=0.03 secs] 
4150.870: [GC 4150.870: [ParNew: 1355652K->70238K(1415616K), 0.0310650 secs] 1957635K->672220K(8231360K), 0.0312740 secs] [Times: user=0.48 sys=0.00, real=0.04 secs] 
4151.302: [GC 4151.302: [ParNew: 1328606K->92012K(1415616K), 0.0346500 secs] 1930588K->693995K(8231360K), 0.0348630 secs] [Times: user=0.53 sys=0.02, real=0.03 secs] 
4155.174: [GC 4155.175: [ParNew: 1350380K->92569K(1415616K), 0.0336050 secs] 1952363K->694552K(8231360K), 0.0338190 secs] [Times: user=0.52 sys=0.01, real=0.03 secs] 
4158.234: [GC 4158.234: [ParNew: 1350937K->83081K(1415616K), 0.0323870 secs] 1952920K->685064K(8231360K), 0.0325950 secs] [Times: user=0.50 sys=0.00, real=0.03 secs] 
4159.826: [GC 4159.826: [ParNew: 1341449K->99089K(1415616K), 0.0311040 secs] 1943432K->701072K(8231360K), 0.0313180 secs] [Times: user=0.51 sys=0.00, real=0.03 secs] 
4161.587: [GC 4161.587: [ParNew: 1357457K->98931K(1415616K), 0.0379910 secs] 1959440K->700913K(8231360K), 0.0381970 secs] [Times: user=0.58 sys=0.00, real=0.04 secs] 
4164.982: [GC 4164.982: [ParNew: 1357299K->96512K(1415616K), 0.0380190 secs] 1959281K->698494K(8231360K), 0.0382210 secs] [Times: user=0.59 sys=0.01, real=0.04 secs] 
4167.324: [GC 4167.325: [ParNew: 1354880K->111809K(1415616K), 0.0302480 secs] 1956862K->713792K(8231360K), 0.0304560 secs] [Times: user=0.47 sys=0.00, real=0.03 secs] 
4171.056: [GC 4171.056: [ParNew: 1370177K->81606K(1415616K), 0.0348280 secs] 1972160K->683589K(8231360K), 0.0350320 secs] [Times: user=0.54 sys=0.00, real=0.03 secs] 
4171.483: [GC 4171.483: [ParNew: 1339974K->104399K(1415616K), 0.0326550 secs] 1941957K->706382K(8231360K), 0.0328640 secs] [Times: user=0.51 sys=0.00, real=0.04 secs] 
4171.907: [GC 4171.907: [ParNew: 1362767K->103086K(1415616K), 0.0343660 secs] 1964750K->705068K(8231360K), 0.0345720 secs] [Times: user=0.55 sys=0.00, real=0.03 secs] 
4172.336: [GC 4172.336: [ParNew: 1361454K->101949K(1415616K), 0.0354250 secs] 1963436K->703931K(8231360K), 0.0356390 secs] [Times: user=0.55 sys=0.00, real=0.03 secs] 
4172.769: [GC 4172.769: [ParNew: 1360317K->107120K(1415616K), 0.0359550 secs] 1962299K->709103K(8231360K), 0.0361590 secs] [Times: user=0.55 sys=0.01, real=0.04 secs] 
4173.214: [GC 4173.214: [ParNew: 1365488K->103006K(1415616K), 0.0384190 secs] 1967471K->704988K(8231360K), 0.0386290 secs] [Times: user=0.59 sys=0.01, real=0.04 secs] 
4174.978: [GC 4174.978: [ParNew: 1361374K->94537K(1415616K), 0.0336910 secs] 1963356K->696519K(8231360K), 0.0338920 secs] [Times: user=0.53 sys=0.00, real=0.03 secs] 
4180.612: [GC 4180.612: [ParNew: 1352905K->91681K(1415616K), 0.0322320 secs] 1954887K->693664K(8231360K), 0.0324390 secs] [Times: user=0.51 sys=0.00, real=0.03 secs] 
4182.385: [GC 4182.385: [ParNew: 1350049K->88647K(1415616K), 0.0339180 secs] 1952032K->690629K(8231360K), 0.0341390 secs] [Times: user=0.53 sys=0.00, real=0.04 secs] 
4185.980: [GC 4185.980: [ParNew: 1347015K->85340K(1415616K), 0.0301980 secs] 1948997K->687322K(8231360K), 0.0304060 secs] [Times: user=0.47 sys=0.01, real=0.03 secs] 
4189.999: [GC 4189.999: [ParNew: 1343708K->99082K(1415616K), 0.0367750 secs] 1945690K->701065K(8231360K), 0.0369820 secs] [Times: user=0.56 sys=0.02, real=0.03 secs] 
4195.084: [GC 4195.084: [ParNew: 1357450K->76202K(1415616K), 0.0352820 secs] 1959433K->678184K(8231360K), 0.0354940 secs] [Times: user=0.55 sys=0.01, real=0.04 secs] 
4198.234: [GC 4198.234: [ParNew: 1334570K->92838K(1415616K), 0.0340760 secs] 1936552K->694820K(8231360K), 0.0342800 secs] [Times: user=0.53 sys=0.00, real=0.03 secs] 
4203.431: [GC 4203.431: [ParNew: 1351206K->78314K(1415616K), 0.0309570 secs] 1953188K->680296K(8231360K), 0.0311850 secs] [Times: user=0.48 sys=0.00, real=0.04 secs] 
4207.830: [GC 4207.831: [ParNew: 1336682K->85574K(1415616K), 0.0353350 secs] 1938664K->687557K(8231360K), 0.0355490 secs] [Times: user=0.54 sys=0.00, real=0.04 secs] 
4210.902: [GC 4210.902: [ParNew: 1343942K->92863K(1415616K), 0.0358870 secs] 1945925K->694846K(8231360K), 0.0361420 secs] [Times: user=0.56 sys=0.00, real=0.04 secs] 
4211.343: [GC 4211.343: [ParNew: 1351231K->92006K(1415616K), 0.0308330 secs] 1953214K->693989K(8231360K), 0.0310360 secs] [Times: user=0.47 sys=0.01, real=0.03 secs] 
4212.787: [GC 4212.788: [ParNew: 1350374K->89748K(1415616K), 0.0310910 secs] 1952357K->691731K(8231360K), 0.0312940 secs] [Times: user=0.49 sys=0.00, real=0.03 secs] 
4219.210: [GC 4219.210: [ParNew: 1348116K->83000K(1415616K), 0.0277340 secs] 1950099K->684983K(8231360K), 0.0279500 secs] [Times: user=0.43 sys=0.00, real=0.03 secs] 
4223.207: [GC 4223.207: [ParNew: 1341368K->83223K(1415616K), 0.0347310 secs] 1943351K->685206K(8231360K), 0.0349380 secs] [Times: user=0.53 sys=0.00, real=0.03 secs] 
4227.327: [GC 4227.327: [ParNew: 1341591K->91144K(1415616K), 0.0339740 secs] 1943574K->693126K(8231360K), 0.0341970 secs] [Times: user=0.53 sys=0.00, real=0.03 secs] 
4230.623: [GC 4230.624: [ParNew: 1349512K->97926K(1415616K), 0.0312200 secs] 1951494K->699909K(8231360K), 0.0314410 secs] [Times: user=0.48 sys=0.01, real=0.03 secs] 
4231.320: [GC 4231.320: [ParNew: 1356294K->95893K(1415616K), 0.0303280 secs] 1958277K->697876K(8231360K), 0.0305370 secs] [Times: user=0.46 sys=0.00, real=0.03 secs] 
4231.764: [GC 4231.764: [ParNew: 1354261K->97267K(1415616K), 0.0360470 secs] 1956244K->699249K(8231360K), 0.0362550 secs] [Times: user=0.55 sys=0.00, real=0.04 secs] 
4233.588: [GC 4233.588: [ParNew: 1355635K->96124K(1415616K), 0.0370160 secs] 1957617K->698106K(8231360K), 0.0372230 secs] [Times: user=0.56 sys=0.00, real=0.03 secs] 
4236.800: [GC 4236.801: [ParNew: 1354492K->98512K(1415616K), 0.0373830 secs] 1956474K->700495K(8231360K), 0.0375950 secs] [Times: user=0.58 sys=0.00, real=0.04 secs] 
4239.380: [GC 4239.380: [ParNew: 1356880K->104210K(1415616K), 0.0362670 secs] 1958863K->706193K(8231360K), 0.0364830 secs] [Times: user=0.56 sys=0.00, real=0.03 secs] 
4241.085: [GC 4241.085: [ParNew: 1362578K->107431K(1415616K), 0.0338940 secs] 1964561K->709413K(8231360K), 0.0341010 secs] [Times: user=0.53 sys=0.00, real=0.04 secs] 
4243.218: [GC 4243.218: [ParNew: 1365799K->101391K(1415616K), 0.0353800 secs] 1967781K->703373K(8231360K), 0.0355970 secs] [Times: user=0.54 sys=0.00, real=0.03 secs] 
4248.994: [GC 4248.994: [ParNew: 1359759K->90863K(1415616K), 0.0307310 secs] 1961741K->692846K(8231360K), 0.0309530 secs] [Times: user=0.48 sys=0.00, real=0.03 secs] 
4251.092: [GC 4251.092: [ParNew: 1349231K->86755K(1415616K), 0.0326420 secs] 1951214K->688738K(8231360K), 0.0328480 secs] [Times: user=0.50 sys=0.00, real=0.03 secs] 
4255.384: [GC 4255.384: [ParNew: 1345123K->88349K(1415616K), 0.0345100 secs] 1947106K->690331K(8231360K), 0.0347300 secs] [Times: user=0.53 sys=0.01, real=0.03 secs] 
4259.218: [GC 4259.218: [ParNew: 1346717K->90211K(1415616K), 0.0290180 secs] 1948699K->692194K(8231360K), 0.0292310 secs] [Times: user=0.44 sys=0.00, real=0.03 secs] 
4264.397: [GC 4264.397: [ParNew: 1348579K->87488K(1415616K), 0.0368900 secs] 1950562K->689470K(8231360K), 0.0371010 secs] [Times: user=0.56 sys=0.01, real=0.04 secs] 
4269.610: [GC 4269.610: [ParNew: 1345856K->78838K(1415616K), 0.0319800 secs] 1947838K->680820K(8231360K), 0.0321900 secs] [Times: user=0.50 sys=0.00, real=0.03 secs] 
4271.147: [GC 4271.147: [ParNew: 1337206K->82943K(1415616K), 0.0317040 secs] 1939188K->684925K(8231360K), 0.0319240 secs] [Times: user=0.50 sys=0.01, real=0.03 secs] 
4274.887: [GC 4274.888: [ParNew: 1341311K->91564K(1415616K), 0.0318940 secs] 1943293K->693546K(8231360K), 0.0320980 secs] [Times: user=0.49 sys=0.01, real=0.03 secs] 
4279.785: [GC 4279.785: [ParNew: 1349932K->90986K(1415616K), 0.0367490 secs] 1951914K->692968K(8231360K), 0.0369680 secs] [Times: user=0.57 sys=0.00, real=0.03 secs] 
4282.405: [GC 4282.405: [ParNew: 1349354K->93607K(1415616K), 0.0330200 secs] 1951336K->695589K(8231360K), 0.0332230 secs] [Times: user=0.51 sys=0.00, real=0.04 secs] 
4287.971: [GC 4287.971: [ParNew: 1351975K->84098K(1415616K), 0.0338670 secs] 1953957K->686080K(8231360K), 0.0340720 secs] [Times: user=0.52 sys=0.00, real=0.03 secs] 
4291.005: [GC 4291.005: [ParNew: 1342466K->91281K(1415616K), 0.0340790 secs] 1944448K->693263K(8231360K), 0.0342840 secs] [Times: user=0.52 sys=0.00, real=0.04 secs] 
4291.435: [GC 4291.435: [ParNew: 1349649K->95459K(1415616K), 0.0293940 secs] 1951631K->697442K(8231360K), 0.0296020 secs] [Times: user=0.45 sys=0.01, real=0.03 secs] 
4291.862: [GC 4291.862: [ParNew: 1353827K->86341K(1415616K), 0.0317900 secs] 1955810K->688323K(8231360K), 0.0319960 secs] [Times: user=0.49 sys=0.00, real=0.03 secs] 
4292.292: [GC 4292.293: [ParNew: 1344709K->94053K(1415616K), 0.0365330 secs] 1946691K->696035K(8231360K), 0.0367640 secs] [Times: user=0.56 sys=0.01, real=0.04 secs] 
4292.727: [GC 4292.727: [ParNew: 1352421K->87034K(1415616K), 0.0345050 secs] 1954403K->689017K(8231360K), 0.0347260 secs] [Times: user=0.53 sys=0.01, real=0.03 secs] 
4293.179: [GC 4293.179: [ParNew: 1345402K->91005K(1415616K), 0.0281570 secs] 1947385K->692988K(8231360K), 0.0283680 secs] [Times: user=0.44 sys=0.00, real=0.03 secs] 
4296.586: [GC 4296.586: [ParNew: 1349373K->110045K(1415616K), 0.0291550 secs] 1951356K->712028K(8231360K), 0.0293590 secs] [Times: user=0.45 sys=0.00, real=0.03 secs] 
4298.403: [GC 4298.403: [ParNew: 1368413K->76880K(1415616K), 0.0299670 secs] 1970396K->678862K(8231360K), 0.0301840 secs] [Times: user=0.47 sys=0.00, real=0.03 secs] 
4301.181: [GC 4301.181: [ParNew: 1335248K->97252K(1415616K), 0.0385550 secs] 1937230K->699235K(8231360K), 0.0387630 secs] [Times: user=0.59 sys=0.01, real=0.04 secs] 
4303.992: [GC 4303.992: [ParNew: 1355620K->104849K(1415616K), 0.0395880 secs] 1957603K->706831K(8231360K), 0.0397950 secs] [Times: user=0.60 sys=0.01, real=0.04 secs] 
4306.279: [GC 4306.279: [ParNew: 1363217K->95706K(1415616K), 0.0387740 secs] 1965199K->697689K(8231360K), 0.0389780 secs] [Times: user=0.60 sys=0.00, real=0.03 secs] 
4307.837: [GC 4307.837: [ParNew: 1354074K->97870K(1415616K), 0.0389070 secs] 1956057K->699853K(8231360K), 0.0391130 secs] [Times: user=0.60 sys=0.01, real=0.04 secs] 
4311.401: [GC 4311.401: [ParNew: 1356238K->93851K(1415616K), 0.0387360 secs] 1958221K->695833K(8231360K), 0.0389450 secs] [Times: user=0.60 sys=0.00, real=0.03 secs] 
4317.777: [GC 4317.777: [ParNew: 1352219K->82339K(1415616K), 0.0306080 secs] 1954201K->684322K(8231360K), 0.0308210 secs] [Times: user=0.47 sys=0.00, real=0.03 secs] 
4321.789: [GC 4321.789: [ParNew: 1340707K->83505K(1415616K), 0.0335800 secs] 1942690K->685487K(8231360K), 0.0337840 secs] [Times: user=0.51 sys=0.00, real=0.04 secs] 
4325.256: [GC 4325.256: [ParNew: 1341873K->91960K(1415616K), 0.0358990 secs] 1943855K->693942K(8231360K), 0.0361070 secs] [Times: user=0.54 sys=0.00, real=0.03 secs] 
4330.900: [GC 4330.900: [ParNew: 1350328K->81857K(1415616K), 0.0382990 secs] 1952310K->683839K(8231360K), 0.0385080 secs] [Times: user=0.60 sys=0.01, real=0.04 secs] 
4332.391: [GC 4332.391: [ParNew: 1340225K->91903K(1415616K), 0.0329810 secs] 1942207K->693885K(8231360K), 0.0331850 secs] [Times: user=0.51 sys=0.00, real=0.04 secs] 
4338.990: [GC 4338.990: [ParNew: 1350271K->84375K(1415616K), 0.0376220 secs] 1952253K->686357K(8231360K), 0.0378310 secs] [Times: user=0.58 sys=0.01, real=0.04 secs] 
4343.798: [GC 4343.798: [ParNew: 1342743K->87192K(1415616K), 0.0319070 secs] 1944725K->689174K(8231360K), 0.0321780 secs] [Times: user=0.50 sys=0.00, real=0.03 secs] 
4347.790: [GC 4347.790: [ParNew: 1345560K->95748K(1415616K), 0.0310950 secs] 1947542K->697731K(8231360K), 0.0313080 secs] [Times: user=0.48 sys=0.00, real=0.03 secs] 
4351.129: [GC 4351.129: [ParNew: 1354116K->91463K(1415616K), 0.0360610 secs] 1956099K->693446K(8231360K), 0.0362760 secs] [Times: user=0.56 sys=0.00, real=0.03 secs] 
4351.567: [GC 4351.567: [ParNew: 1349831K->91996K(1415616K), 0.0346870 secs] 1951814K->693979K(8231360K), 0.0348930 secs] [Times: user=0.53 sys=0.00, real=0.04 secs] 
4356.592: [GC 4356.593: [ParNew: 1350364K->85576K(1415616K), 0.0316800 secs] 1952347K->687558K(8231360K), 0.0318870 secs] [Times: user=0.49 sys=0.01, real=0.03 secs] 
4360.996: [GC 4360.997: [ParNew: 1343944K->89534K(1415616K), 0.0343370 secs] 1945926K->691516K(8231360K), 0.0345420 secs] [Times: user=0.53 sys=0.00, real=0.04 secs] 
4363.212: [GC 4363.213: [ParNew: 1347902K->90135K(1415616K), 0.0383330 secs] 1949884K->692117K(8231360K), 0.0385420 secs] [Times: user=0.59 sys=0.00, real=0.04 secs] 
4365.821: [GC 4365.821: [ParNew: 1348503K->98997K(1415616K), 0.0324850 secs] 1950485K->700979K(8231360K), 0.0326990 secs] [Times: user=0.51 sys=0.00, real=0.03 secs] 
4368.186: [GC 4368.186: [ParNew: 1357365K->92463K(1415616K), 0.0332810 secs] 1959347K->694446K(8231360K), 0.0334830 secs] [Times: user=0.51 sys=0.00, real=0.03 secs] 
4370.203: [GC 4370.203: [ParNew: 1350831K->101919K(1415616K), 0.0393560 secs] 1952814K->703901K(8231360K), 0.0395750 secs] [Times: user=0.62 sys=0.01, real=0.04 secs] 
4372.403: [GC 4372.404: [ParNew: 1360287K->103743K(1415616K), 0.0312630 secs] 1962269K->705725K(8231360K), 0.0314670 secs] [Times: user=0.49 sys=0.00, real=0.03 secs] 
4375.599: [GC 4375.600: [ParNew: 1362111K->85099K(1415616K), 0.0395610 secs] 1964093K->687082K(8231360K), 0.0397810 secs] [Times: user=0.61 sys=0.01, real=0.04 secs] 
4379.614: [GC 4379.614: [ParNew: 1343467K->87563K(1415616K), 0.0317650 secs] 1945450K->689545K(8231360K), 0.0319720 secs] [Times: user=0.48 sys=0.01, real=0.03 secs] 
4381.784: [GC 4381.784: [ParNew: 1345931K->93730K(1415616K), 0.0365820 secs] 1947913K->695712K(8231360K), 0.0367950 secs] [Times: user=0.57 sys=0.00, real=0.03 secs] 
4384.791: [GC 4384.791: [ParNew: 1352098K->86531K(1415616K), 0.0323080 secs] 1954080K->688513K(8231360K), 0.0325150 secs] [Times: user=0.49 sys=0.01, real=0.03 secs] 
4387.609: [GC 4387.609: [ParNew: 1344899K->97831K(1415616K), 0.0374530 secs] 1946881K->699813K(8231360K), 0.0376640 secs] [Times: user=0.59 sys=0.00, real=0.04 secs] 
4389.855: [GC 4389.855: [ParNew: 1356199K->90938K(1415616K), 0.0367450 secs] 1958181K->692921K(8231360K), 0.0369710 secs] [Times: user=0.58 sys=0.00, real=0.03 secs] 
4391.067: [GC 4391.067: [ParNew: 1349306K->91139K(1415616K), 0.0337010 secs] 1951289K->693121K(8231360K), 0.0339070 secs] [Times: user=0.53 sys=0.01, real=0.03 secs] 
4393.992: [GC 4393.992: [ParNew: 1349507K->86866K(1415616K), 0.0368830 secs] 1951489K->688848K(8231360K), 0.0370910 secs] [Times: user=0.57 sys=0.00, real=0.04 secs] 
4400.176: [GC 4400.176: [ParNew: 1345234K->84203K(1415616K), 0.0315740 secs] 1947216K->686185K(8231360K), 0.0317840 secs] [Times: user=0.48 sys=0.00, real=0.04 secs] 
4409.180: [GC 4409.180: [ParNew: 1342571K->72756K(1415616K), 0.0311190 secs] 1944553K->674738K(8231360K), 0.0313260 secs] [Times: user=0.49 sys=0.00, real=0.03 secs] 
4411.267: [GC 4411.267: [ParNew: 1331124K->81538K(1415616K), 0.0289380 secs] 1933106K->683520K(8231360K), 0.0291460 secs] [Times: user=0.45 sys=0.01, real=0.03 secs] 
4411.689: [GC 4411.689: [ParNew: 1339906K->89039K(1415616K), 0.0294310 secs] 1941888K->691021K(8231360K), 0.0296390 secs] [Times: user=0.46 sys=0.00, real=0.02 secs] 
4412.122: [GC 4412.122: [ParNew: 1347407K->85160K(1415616K), 0.0270540 secs] 1949389K->687142K(8231360K), 0.0272710 secs] [Times: user=0.41 sys=0.00, real=0.03 secs] 
4412.561: [GC 4412.561: [ParNew: 1343528K->92957K(1415616K), 0.0338580 secs] 1945510K->694939K(8231360K), 0.0340650 secs] [Times: user=0.52 sys=0.00, real=0.03 secs] 
4414.856: [GC 4414.856: [ParNew: 1351325K->95232K(1415616K), 0.0367590 secs] 1953307K->697215K(8231360K), 0.0369640 secs] [Times: user=0.57 sys=0.00, real=0.04 secs] 
4420.996: [GC 4420.996: [ParNew: 1353600K->90336K(1415616K), 0.0343570 secs] 1955583K->692319K(8231360K), 0.0345600 secs] [Times: user=0.54 sys=0.00, real=0.04 secs] 
4426.406: [GC 4426.406: [ParNew: 1348704K->83941K(1415616K), 0.0323050 secs] 1950687K->685923K(8231360K), 0.0325170 secs] [Times: user=0.49 sys=0.00, real=0.03 secs] 
4429.205: [GC 4429.205: [ParNew: 1342309K->94714K(1415616K), 0.0375830 secs] 1944291K->696696K(8231360K), 0.0377880 secs] [Times: user=0.57 sys=0.01, real=0.04 secs] 
4431.974: [GC 4431.974: [ParNew: 1353082K->93451K(1415616K), 0.0362930 secs] 1955064K->695433K(8231360K), 0.0365140 secs] [Times: user=0.56 sys=0.00, real=0.03 secs] 
4433.063: [GC 4433.063: [ParNew: 1351819K->100387K(1415616K), 0.0374990 secs] 1953801K->702369K(8231360K), 0.0377100 secs] [Times: user=0.59 sys=0.01, real=0.03 secs] 
4435.582: [GC 4435.582: [ParNew: 1358755K->107880K(1415616K), 0.0327040 secs] 1960737K->709862K(8231360K), 0.0329060 secs] [Times: user=0.50 sys=0.00, real=0.04 secs] 
4437.999: [GC 4437.999: [ParNew: 1366248K->102392K(1415616K), 0.0359690 secs] 1968230K->704375K(8231360K), 0.0361860 secs] [Times: user=0.56 sys=0.01, real=0.04 secs] 
4440.378: [GC 4440.378: [ParNew: 1360760K->111356K(1415616K), 0.0366070 secs] 1962743K->713339K(8231360K), 0.0368150 secs] [Times: user=0.56 sys=0.01, real=0.04 secs] 
4442.612: [GC 4442.612: [ParNew: 1369724K->83099K(1415616K), 0.0354140 secs] 1971707K->685081K(8231360K), 0.0356350 secs] [Times: user=0.54 sys=0.01, real=0.04 secs] 
4445.971: [GC 4445.972: [ParNew: 1341467K->95720K(1415616K), 0.0356130 secs] 1943449K->697703K(8231360K), 0.0358160 secs] [Times: user=0.55 sys=0.01, real=0.04 secs] 
4450.176: [GC 4450.176: [ParNew: 1354088K->80431K(1415616K), 0.0306840 secs] 1956071K->682413K(8231360K), 0.0308910 secs] [Times: user=0.47 sys=0.01, real=0.03 secs] 
4451.105: [GC 4451.105: [ParNew: 1338799K->89133K(1415616K), 0.0366670 secs] 1940781K->691115K(8231360K), 0.0368810 secs] [Times: user=0.56 sys=0.01, real=0.04 secs] 
4454.188: [GC 4454.189: [ParNew: 1347501K->89545K(1415616K), 0.0302430 secs] 1949483K->691527K(8231360K), 0.0304650 secs] [Times: user=0.47 sys=0.00, real=0.03 secs] 
4458.462: [GC 4458.462: [ParNew: 1347913K->89488K(1415616K), 0.0312600 secs] 1949895K->691471K(8231360K), 0.0314690 secs] [Times: user=0.48 sys=0.01, real=0.03 secs] 
4462.491: [GC 4462.491: [ParNew: 1347856K->86896K(1415616K), 0.0343820 secs] 1949839K->688878K(8231360K), 0.0345990 secs] [Times: user=0.53 sys=0.00, real=0.03 secs] 
4465.195: [GC 4465.195: [ParNew: 1345264K->91631K(1415616K), 0.0342760 secs] 1947246K->693614K(8231360K), 0.0344820 secs] [Times: user=0.52 sys=0.01, real=0.04 secs] 
4471.156: [GC 4471.156: [ParNew: 1349999K->87598K(1415616K), 0.0340490 secs] 1951982K->689580K(8231360K), 0.0342760 secs] [Times: user=0.52 sys=0.01, real=0.04 secs] 
4471.586: [GC 4471.586: [ParNew: 1345966K->93963K(1415616K), 0.0296980 secs] 1947948K->695945K(8231360K), 0.0299020 secs] [Times: user=0.46 sys=0.01, real=0.03 secs] 
4472.009: [GC 4472.009: [ParNew: 1352331K->88670K(1415616K), 0.0336920 secs] 1954313K->690652K(8231360K), 0.0338960 secs] [Times: user=0.52 sys=0.01, real=0.04 secs] 
4472.434: [GC 4472.434: [ParNew: 1347038K->94000K(1415616K), 0.0364160 secs] 1949020K->695982K(8231360K), 0.0366200 secs] [Times: user=0.56 sys=0.01, real=0.04 secs] 
4472.868: [GC 4472.868: [ParNew: 1352368K->94906K(1415616K), 0.0334840 secs] 1954350K->696888K(8231360K), 0.0336930 secs] [Times: user=0.52 sys=0.00, real=0.04 secs] 
4473.317: [GC 4473.317: [ParNew: 1353274K->99073K(1415616K), 0.0332710 secs] 1955256K->701056K(8231360K), 0.0334740 secs] [Times: user=0.52 sys=0.00, real=0.04 secs] 
4473.986: [GC 4473.986: [ParNew: 1357441K->95459K(1415616K), 0.0348910 secs] 1959424K->697441K(8231360K), 0.0350980 secs] [Times: user=0.54 sys=0.00, real=0.04 secs] 
4478.177: [GC 4478.177: [ParNew: 1353827K->91281K(1415616K), 0.0367710 secs] 1955809K->693263K(8231360K), 0.0369740 secs] [Times: user=0.56 sys=0.02, real=0.04 secs] 
4482.591: [GC 4482.591: [ParNew: 1349649K->96628K(1415616K), 0.0349450 secs] 1951631K->698611K(8231360K), 0.0351640 secs] [Times: user=0.54 sys=0.00, real=0.04 secs] 
4486.793: [GC 4486.793: [ParNew: 1354996K->79739K(1415616K), 0.0323100 secs] 1956979K->681721K(8231360K), 0.0325170 secs] [Times: user=0.50 sys=0.00, real=0.03 secs] 
4490.807: [GC 4490.807: [ParNew: 1338107K->84761K(1415616K), 0.0325150 secs] 1940089K->686744K(8231360K), 0.0327280 secs] [Times: user=0.51 sys=0.00, real=0.03 secs] 
4494.383: [GC 4494.383: [ParNew: 1343129K->84434K(1415616K), 0.0312680 secs] 1945112K->686417K(8231360K), 0.0314820 secs] [Times: user=0.48 sys=0.00, real=0.04 secs] 
4500.977: [GC 4500.977: [ParNew: 1342802K->85121K(1415616K), 0.0381200 secs] 1944785K->687103K(8231360K), 0.0383340 secs] [Times: user=0.58 sys=0.01, real=0.04 secs] 
4503.402: [GC 4503.402: [ParNew: 1343489K->90567K(1415616K), 0.0338340 secs] 1945471K->692550K(8231360K), 0.0340420 secs] [Times: user=0.52 sys=0.00, real=0.04 secs] 
4505.775: [GC 4505.775: [ParNew: 1348935K->93270K(1415616K), 0.0352630 secs] 1950918K->695252K(8231360K), 0.0354680 secs] [Times: user=0.56 sys=0.01, real=0.04 secs] 
4507.676: [GC 4507.677: [ParNew: 1351638K->94511K(1415616K), 0.0306620 secs] 1953620K->696493K(8231360K), 0.0308760 secs] [Times: user=0.47 sys=0.00, real=0.04 secs] 
4509.586: [GC 4509.586: [ParNew: 1352879K->98334K(1415616K), 0.0326920 secs] 1954861K->700316K(8231360K), 0.0328950 secs] [Times: user=0.50 sys=0.00, real=0.04 secs] 
4511.080: [GC 4511.080: [ParNew: 1356702K->109994K(1415616K), 0.0357200 secs] 1958684K->711977K(8231360K), 0.0359250 secs] [Times: user=0.55 sys=0.00, real=0.03 secs] 
4511.597: [GC 4511.597: [ParNew: 1368362K->90148K(1415616K), 0.0348010 secs] 1970345K->692131K(8231360K), 0.0350070 secs] [Times: user=0.53 sys=0.01, real=0.03 secs] 
4514.569: [GC 4514.569: [ParNew: 1348516K->103320K(1415616K), 0.0391980 secs] 1950499K->705302K(8231360K), 0.0394030 secs] [Times: user=0.60 sys=0.01, real=0.04 secs] 
4516.595: [GC 4516.595: [ParNew: 1361688K->100008K(1415616K), 0.0403460 secs] 1963670K->701990K(8231360K), 0.0405580 secs] [Times: user=0.64 sys=0.00, real=0.04 secs] 
4520.780: [GC 4520.780: [ParNew: 1358376K->87098K(1415616K), 0.0325990 secs] 1960358K->689080K(8231360K), 0.0328020 secs] [Times: user=0.51 sys=0.00, real=0.03 secs] 
4525.793: [GC 4525.793: [ParNew: 1345466K->83273K(1415616K), 0.0314240 secs] 1947448K->685256K(8231360K), 0.0316340 secs] [Times: user=0.48 sys=0.00, real=0.03 secs] 
4529.989: [GC 4529.989: [ParNew: 1341641K->78703K(1415616K), 0.0366210 secs] 1943624K->680685K(8231360K), 0.0368240 secs] [Times: user=0.56 sys=0.01, real=0.04 secs] 
4531.374: [GC 4531.374: [ParNew: 1337071K->83166K(1415616K), 0.0307830 secs] 1939053K->685148K(8231360K), 0.0310040 secs] [Times: user=0.49 sys=0.00, real=0.03 secs] 
4531.807: [GC 4531.807: [ParNew: 1341534K->93350K(1415616K), 0.0365560 secs] 1943516K->695333K(8231360K), 0.0367680 secs] [Times: user=0.55 sys=0.02, real=0.04 secs] 
4532.247: [GC 4532.247: [ParNew: 1351718K->95910K(1415616K), 0.0301590 secs] 1953701K->697892K(8231360K), 0.0304600 secs] [Times: user=0.46 sys=0.01, real=0.03 secs] 
4532.676: [GC 4532.676: [ParNew: 1354278K->88791K(1415616K), 0.0342850 secs] 1956260K->690773K(8231360K), 0.0345050 secs] [Times: user=0.54 sys=0.01, real=0.03 secs] 
4533.119: [GC 4533.119: [ParNew: 1347159K->88420K(1415616K), 0.0278530 secs] 1949141K->690403K(8231360K), 0.0280620 secs] [Times: user=0.43 sys=0.00, real=0.03 secs] 
4533.578: [GC 4533.578: [ParNew: 1346788K->92071K(1415616K), 0.0336180 secs] 1948771K->694053K(8231360K), 0.0338190 secs] [Times: user=0.51 sys=0.01, real=0.04 secs] 
4540.600: [GC 4540.600: [ParNew: 1350439K->85036K(1415616K), 0.0340860 secs] 1952421K->687019K(8231360K), 0.0342970 secs] [Times: user=0.53 sys=0.01, real=0.04 secs] 
4543.010: [GC 4543.010: [ParNew: 1343404K->90941K(1415616K), 0.0342110 secs] 1945387K->692923K(8231360K), 0.0344180 secs] [Times: user=0.54 sys=0.01, real=0.04 secs] 
4547.304: [GC 4547.304: [ParNew: 1349309K->92876K(1415616K), 0.0368970 secs] 1951291K->694858K(8231360K), 0.0371070 secs] [Times: user=0.56 sys=0.01, real=0.03 secs] 
4550.999: [GC 4550.999: [ParNew: 1351244K->99331K(1415616K), 0.0375990 secs] 1953226K->701314K(8231360K), 0.0378500 secs] [Times: user=0.58 sys=0.01, real=0.04 secs] 
4554.988: [GC 4554.988: [ParNew: 1357699K->84646K(1415616K), 0.0359940 secs] 1959682K->686628K(8231360K), 0.0362010 secs] [Times: user=0.55 sys=0.02, real=0.03 secs] 
4559.299: [GC 4559.299: [ParNew: 1343014K->88732K(1415616K), 0.0318370 secs] 1944996K->690715K(8231360K), 0.0320600 secs] [Times: user=0.50 sys=0.00, real=0.03 secs] 
4565.842: [GC 4565.842: [ParNew: 1347100K->79195K(1415616K), 0.0343550 secs] 1949083K->681177K(8231360K), 0.0345650 secs] [Times: user=0.53 sys=0.01, real=0.03 secs] 
4570.011: [GC 4570.011: [ParNew: 1337563K->69854K(1415616K), 0.0328380 secs] 1939545K->671836K(8231360K), 0.0330460 secs] [Times: user=0.50 sys=0.00, real=0.03 secs] 
4571.063: [GC 4571.064: [ParNew: 1328222K->84918K(1415616K), 0.0290930 secs] 1930204K->686901K(8231360K), 0.0293170 secs] [Times: user=0.45 sys=0.00, real=0.03 secs] 
4572.388: [GC 4572.389: [ParNew: 1343286K->90017K(1415616K), 0.0337980 secs] 1945269K->692000K(8231360K), 0.0340030 secs] [Times: user=0.52 sys=0.01, real=0.04 secs] 
4573.811: [GC 4573.811: [ParNew: 1348385K->89012K(1415616K), 0.0352560 secs] 1950368K->690995K(8231360K), 0.0354600 secs] [Times: user=0.53 sys=0.01, real=0.03 secs] 
4576.388: [GC 4576.388: [ParNew: 1347380K->103706K(1415616K), 0.0417890 secs] 1949363K->705688K(8231360K), 0.0420120 secs] [Times: user=0.65 sys=0.01, real=0.05 secs] 
4580.150: [GC 4580.150: [ParNew: 1362074K->109528K(1415616K), 0.0315380 secs] 1964056K->711511K(8231360K), 0.0317550 secs] [Times: user=0.49 sys=0.00, real=0.03 secs] 
4582.577: [GC 4582.578: [ParNew: 1367896K->106986K(1415616K), 0.0377120 secs] 1969879K->708969K(8231360K), 0.0379130 secs] [Times: user=0.57 sys=0.01, real=0.04 secs] 
4585.777: [GC 4585.778: [ParNew: 1365354K->100013K(1415616K), 0.0367350 secs] 1967337K->701996K(8231360K), 0.0369440 secs] [Times: user=0.56 sys=0.01, real=0.04 secs] 
4588.688: [GC 4588.688: [ParNew: 1358381K->94376K(1415616K), 0.0377670 secs] 1960364K->696358K(8231360K), 0.0379790 secs] [Times: user=0.59 sys=0.01, real=0.04 secs] 
4591.089: [GC 4591.089: [ParNew: 1352744K->100978K(1415616K), 0.0406970 secs] 1954726K->702961K(8231360K), 0.0409140 secs] [Times: user=0.63 sys=0.01, real=0.04 secs] 
4591.522: [GC 4591.523: [ParNew: 1359346K->104202K(1415616K), 0.0331280 secs] 1961329K->706184K(8231360K), 0.0333370 secs] [Times: user=0.51 sys=0.01, real=0.03 secs] 
4591.949: [GC 4591.949: [ParNew: 1362570K->102241K(1415616K), 0.0357250 secs] 1964552K->704223K(8231360K), 0.0359330 secs] [Times: user=0.55 sys=0.00, real=0.04 secs] 
4592.379: [GC 4592.379: [ParNew: 1360609K->103494K(1415616K), 0.0312960 secs] 1962591K->705476K(8231360K), 0.0315160 secs] [Times: user=0.48 sys=0.00, real=0.03 secs] 
4592.803: [GC 4592.803: [ParNew: 1361862K->103325K(1415616K), 0.0377030 secs] 1963844K->705308K(8231360K), 0.0379110 secs] [Times: user=0.59 sys=0.01, real=0.03 secs] 
4593.252: [GC 4593.252: [ParNew: 1361693K->107306K(1415616K), 0.0382680 secs] 1963676K->709289K(8231360K), 0.0384720 secs] [Times: user=0.60 sys=0.00, real=0.04 secs] 
4593.722: [GC 4593.722: [ParNew: 1365674K->103106K(1415616K), 0.0385670 secs] 1967657K->705088K(8231360K), 0.0388380 secs] [Times: user=0.59 sys=0.01, real=0.04 secs] 
4599.027: [GC 4599.027: [ParNew: 1361474K->82668K(1415616K), 0.0362530 secs] 1963456K->684651K(8231360K), 0.0364540 secs] [Times: user=0.56 sys=0.00, real=0.03 secs] 
4604.579: [GC 4604.579: [ParNew: 1341036K->73396K(1415616K), 0.0380840 secs] 1943019K->675378K(8231360K), 0.0383130 secs] [Times: user=0.58 sys=0.01, real=0.04 secs] 
4611.962: [GC 4611.962: [ParNew: 1331764K->89117K(1415616K), 0.0317800 secs] 1933746K->691099K(8231360K), 0.0320100 secs] [Times: user=0.50 sys=0.00, real=0.03 secs] 
4616.993: [GC 4616.993: [ParNew: 1347485K->81886K(1415616K), 0.0356060 secs] 1949467K->683868K(8231360K), 0.0358200 secs] [Times: user=0.55 sys=0.01, real=0.04 secs] 
4619.505: [GC 4619.505: [ParNew: 1340254K->91649K(1415616K), 0.0383410 secs] 1942236K->693631K(8231360K), 0.0385600 secs] [Times: user=0.59 sys=0.01, real=0.04 secs] 
4623.009: [GC 4623.009: [ParNew: 1350017K->89815K(1415616K), 0.0301530 secs] 1951999K->691798K(8231360K), 0.0303740 secs] [Times: user=0.47 sys=0.00, real=0.03 secs] 
4628.576: [GC 4628.576: [ParNew: 1348183K->91996K(1415616K), 0.0342110 secs] 1950166K->693979K(8231360K), 0.0344140 secs] [Times: user=0.53 sys=0.02, real=0.04 secs] 
4630.879: [GC 4630.879: [ParNew: 1350364K->96218K(1415616K), 0.0337890 secs] 1952347K->698200K(8231360K), 0.0339730 secs] [Times: user=0.52 sys=0.00, real=0.04 secs] 
4632.174: [GC 4632.175: [ParNew: 1354586K->96556K(1415616K), 0.0368580 secs] 1956568K->698538K(8231360K), 0.0370680 secs] [Times: user=0.57 sys=0.00, real=0.04 secs] 
4636.034: [GC 4636.034: [ParNew: 1354924K->82310K(1415616K), 0.0347870 secs] 1956906K->684292K(8231360K), 0.0350110 secs] [Times: user=0.53 sys=0.01, real=0.03 secs] 
4640.130: [GC 4640.130: [ParNew: 1340678K->94424K(1415616K), 0.0334900 secs] 1942660K->696406K(8231360K), 0.0336920 secs] [Times: user=0.51 sys=0.00, real=0.04 secs] 
4642.995: [GC 4642.996: [ParNew: 1352792K->85565K(1415616K), 0.0324810 secs] 1954774K->687548K(8231360K), 0.0326980 secs] [Times: user=0.50 sys=0.00, real=0.03 secs] 
4646.787: [GC 4646.787: [ParNew: 1343933K->102405K(1415616K), 0.0350820 secs] 1945916K->704387K(8231360K), 0.0352870 secs] [Times: user=0.55 sys=0.00, real=0.04 secs] 
4650.198: [GC 4650.198: [ParNew: 1360773K->77154K(1415616K), 0.0375300 secs] 1962755K->679136K(8231360K), 0.0377380 secs] [Times: user=0.59 sys=0.00, real=0.04 secs] 
4651.261: [GC 4651.261: [ParNew: 1335522K->104465K(1415616K), 0.0324870 secs] 1937504K->706447K(8231360K), 0.0327000 secs] [Times: user=0.50 sys=0.01, real=0.04 secs] 
4651.687: [GC 4651.687: [ParNew: 1362833K->97084K(1415616K), 0.0377470 secs] 1964815K->699066K(8231360K), 0.0379890 secs] [Times: user=0.58 sys=0.01, real=0.04 secs] 
4652.120: [GC 4652.120: [ParNew: 1355452K->104321K(1415616K), 0.0379660 secs] 1957434K->706304K(8231360K), 0.0381730 secs] [Times: user=0.59 sys=0.00, real=0.04 secs] 
4652.552: [GC 4652.552: [ParNew: 1362689K->107513K(1415616K), 0.0372250 secs] 1964672K->709496K(8231360K), 0.0374370 secs] [Times: user=0.58 sys=0.01, real=0.04 secs] 
4652.983: [GC 4652.983: [ParNew: 1365881K->109057K(1415616K), 0.0348020 secs] 1967864K->711039K(8231360K), 0.0350070 secs] [Times: user=0.53 sys=0.00, real=0.04 secs] 
4653.440: [GC 4653.440: [ParNew: 1367425K->119801K(1415616K), 0.0423180 secs] 1969407K->721784K(8231360K), 0.0425250 secs] [Times: user=0.65 sys=0.01, real=0.04 secs] 
4653.995: [GC 4653.995: [ParNew: 1378169K->87209K(1415616K), 0.0370920 secs] 1980152K->689191K(8231360K), 0.0372930 secs] [Times: user=0.57 sys=0.00, real=0.03 secs] 
4656.595: [GC 4656.595: [ParNew: 1345577K->115847K(1415616K), 0.0402620 secs] 1947559K->717829K(8231360K), 0.0404740 secs] [Times: user=0.62 sys=0.01, real=0.04 secs] 
4660.286: [GC 4660.287: [ParNew: 1374215K->100159K(1415616K), 0.0415670 secs] 1976197K->702141K(8231360K), 0.0417870 secs] [Times: user=0.63 sys=0.01, real=0.04 secs] 
4664.592: [GC 4664.593: [ParNew: 1358527K->73101K(1415616K), 0.0315820 secs] 1960509K->675083K(8231360K), 0.0317920 secs] [Times: user=0.49 sys=0.00, real=0.03 secs] 
4670.390: [GC 4670.390: [ParNew: 1331469K->91198K(1415616K), 0.0376560 secs] 1933451K->693180K(8231360K), 0.0378600 secs] [Times: user=0.57 sys=0.00, real=0.04 secs] 
4674.665: [GC 4674.665: [ParNew: 1349566K->84023K(1415616K), 0.0283340 secs] 1951548K->686005K(8231360K), 0.0285380 secs] [Times: user=0.44 sys=0.00, real=0.03 secs] 
4679.611: [GC 4679.611: [ParNew: 1342391K->82517K(1415616K), 0.0347080 secs] 1944373K->684499K(8231360K), 0.0349350 secs] [Times: user=0.55 sys=0.00, real=0.03 secs] 
4683.587: [GC 4683.587: [ParNew: 1340885K->89869K(1415616K), 0.0358630 secs] 1942867K->691851K(8231360K), 0.0360720 secs] [Times: user=0.55 sys=0.01, real=0.04 secs] 
4688.175: [GC 4688.175: [ParNew: 1348237K->94709K(1415616K), 0.0315500 secs] 1950219K->696691K(8231360K), 0.0317660 secs] [Times: user=0.49 sys=0.00, real=0.03 secs] 
4690.876: [GC 4690.876: [ParNew: 1353077K->98207K(1415616K), 0.0386130 secs] 1955059K->700190K(8231360K), 0.0388320 secs] [Times: user=0.60 sys=0.00, real=0.04 secs] 
4691.319: [GC 4691.319: [ParNew: 1356575K->96742K(1415616K), 0.0379820 secs] 1958558K->698725K(8231360K), 0.0381880 secs] [Times: user=0.58 sys=0.00, real=0.04 secs] 
4694.186: [GC 4694.187: [ParNew: 1355110K->90068K(1415616K), 0.0379250 secs] 1957093K->692050K(8231360K), 0.0381560 secs] [Times: user=0.59 sys=0.01, real=0.04 secs] 
4696.648: [GC 4696.648: [ParNew: 1348436K->83717K(1415616K), 0.0325470 secs] 1950418K->685700K(8231360K), 0.0327560 secs] [Times: user=0.50 sys=0.00, real=0.03 secs] 
4698.393: [GC 4698.393: [ParNew: 1342085K->96487K(1415616K), 0.0321010 secs] 1944068K->698470K(8231360K), 0.0323180 secs] [Times: user=0.50 sys=0.00, real=0.03 secs] 
4702.004: [GC 4702.005: [ParNew: 1354855K->85629K(1415616K), 0.0303760 secs] 1956838K->687611K(8231360K), 0.0305940 secs] [Times: user=0.47 sys=0.00, real=0.03 secs] 
4708.411: [GC 4708.411: [ParNew: 1343997K->84866K(1415616K), 0.0390440 secs] 1945979K->686849K(8231360K), 0.0392480 secs] [Times: user=0.60 sys=0.02, real=0.04 secs] 
4711.117: [GC 4711.117: [ParNew: 1343234K->89467K(1415616K), 0.0341670 secs] 1945217K->691450K(8231360K), 0.0343840 secs] [Times: user=0.52 sys=0.00, real=0.03 secs] 
4711.544: [GC 4711.544: [ParNew: 1347835K->82203K(1415616K), 0.0338100 secs] 1949818K->684185K(8231360K), 0.0340220 secs] [Times: user=0.52 sys=0.01, real=0.04 secs] 
4711.976: [GC 4711.976: [ParNew: 1340571K->94939K(1415616K), 0.0296740 secs] 1942553K->696921K(8231360K), 0.0298950 secs] [Times: user=0.47 sys=0.00, real=0.03 secs] 
4712.401: [GC 4712.401: [ParNew: 1353307K->88659K(1415616K), 0.0340930 secs] 1955289K->690642K(8231360K), 0.0343040 secs] [Times: user=0.52 sys=0.01, real=0.04 secs] 
4712.833: [GC 4712.833: [ParNew: 1347027K->96640K(1415616K), 0.0314450 secs] 1949010K->698623K(8231360K), 0.0316530 secs] [Times: user=0.49 sys=0.01, real=0.04 secs] 
4713.432: [GC 4713.432: [ParNew: 1355008K->89950K(1415616K), 0.0355240 secs] 1956991K->691932K(8231360K), 0.0357370 secs] [Times: user=0.54 sys=0.01, real=0.04 secs] 
4714.379: [GC 4714.379: [ParNew: 1348318K->94325K(1415616K), 0.0384100 secs] 1950300K->696307K(8231360K), 0.0385830 secs] [Times: user=0.59 sys=0.01, real=0.04 secs] 
4717.576: [GC 4717.576: [ParNew: 1352693K->102732K(1415616K), 0.0355710 secs] 1954675K->704715K(8231360K), 0.0357780 secs] [Times: user=0.55 sys=0.00, real=0.03 secs] 
4724.181: [GC 4724.181: [ParNew: 1361100K->91128K(1415616K), 0.0314430 secs] 1963083K->693110K(8231360K), 0.0316520 secs] [Times: user=0.49 sys=0.00, real=0.03 secs] 
4742.031: [GC 4742.032: [ParNew: 1349496K->63432K(1415616K), 0.0289360 secs] 1951478K->665414K(8231360K), 0.0291620 secs] [Times: user=0.44 sys=0.01, real=0.03 secs] 
4751.100: [GC 4751.100: [ParNew: 1321800K->78832K(1415616K), 0.0292120 secs] 1923782K->680815K(8231360K), 0.0294260 secs] [Times: user=0.45 sys=0.01, real=0.03 secs] 
4756.009: [GC 4756.009: [ParNew: 1337200K->86437K(1415616K), 0.0316430 secs] 1939183K->688419K(8231360K), 0.0318870 secs] [Times: user=0.48 sys=0.01, real=0.03 secs] 
4759.783: [GC 4759.783: [ParNew: 1344805K->67330K(1415616K), 0.0298470 secs] 1946787K->669312K(8231360K), 0.0300520 secs] [Times: user=0.46 sys=0.00, real=0.03 secs] 
4763.207: [GC 4763.207: [ParNew: 1325698K->85478K(1415616K), 0.0319970 secs] 1927680K->687460K(8231360K), 0.0322070 secs] [Times: user=0.49 sys=0.01, real=0.03 secs] 
4767.187: [GC 4767.187: [ParNew: 1343846K->100289K(1415616K), 0.0300890 secs] 1945828K->702271K(8231360K), 0.0302990 secs] [Times: user=0.48 sys=0.00, real=0.03 secs] 
4769.259: [GC 4769.259: [ParNew: 1358657K->104710K(1415616K), 0.0359790 secs] 1960639K->706692K(8231360K), 0.0361850 secs] [Times: user=0.56 sys=0.00, real=0.04 secs] 
4771.058: [GC 4771.058: [ParNew: 1363078K->110947K(1415616K), 0.0313690 secs] 1965060K->712929K(8231360K), 0.0315840 secs] [Times: user=0.48 sys=0.00, real=0.03 secs] 
4771.486: [GC 4771.486: [ParNew: 1369315K->99472K(1415616K), 0.0419050 secs] 1971297K->701454K(8231360K), 0.0421130 secs] [Times: user=0.65 sys=0.02, real=0.04 secs] 
4771.925: [GC 4771.925: [ParNew: 1357840K->106561K(1415616K), 0.0379180 secs] 1959822K->708544K(8231360K), 0.0381670 secs] [Times: user=0.60 sys=0.00, real=0.04 secs] 
4772.360: [GC 4772.360: [ParNew: 1364929K->108382K(1415616K), 0.0346080 secs] 1966912K->710364K(8231360K), 0.0348130 secs] [Times: user=0.53 sys=0.01, real=0.03 secs] 
4772.786: [GC 4772.786: [ParNew: 1366750K->109709K(1415616K), 0.0388130 secs] 1968732K->711692K(8231360K), 0.0390150 secs] [Times: user=0.60 sys=0.01, real=0.03 secs] 
4773.236: [GC 4773.236: [ParNew: 1368077K->110663K(1415616K), 0.0349920 secs] 1970060K->712645K(8231360K), 0.0352000 secs] [Times: user=0.54 sys=0.00, real=0.03 secs] 
4773.772: [GC 4773.772: [ParNew: 1369031K->110914K(1415616K), 0.0422350 secs] 1971013K->712896K(8231360K), 0.0424430 secs] [Times: user=0.65 sys=0.01, real=0.04 secs] 
4777.053: [GC 4777.053: [ParNew: 1369282K->106249K(1415616K), 0.0405020 secs] 1971264K->708232K(8231360K), 0.0407490 secs] [Times: user=0.62 sys=0.00, real=0.04 secs] 
4778.990: [GC 4778.990: [ParNew: 1364617K->99227K(1415616K), 0.0309630 secs] 1966600K->701210K(8231360K), 0.0311680 secs] [Times: user=0.47 sys=0.00, real=0.03 secs] 
4781.579: [GC 4781.579: [ParNew: 1357595K->87789K(1415616K), 0.0363690 secs] 1959578K->689771K(8231360K), 0.0365800 secs] [Times: user=0.56 sys=0.01, real=0.03 secs] 
4786.193: [GC 4786.194: [ParNew: 1346157K->94587K(1415616K), 0.0383690 secs] 1948139K->696570K(8231360K), 0.0385800 secs] [Times: user=0.59 sys=0.01, real=0.04 secs] 
4789.074: [GC 4789.074: [ParNew: 1352955K->95548K(1415616K), 0.0297050 secs] 1954938K->697531K(8231360K), 0.0299220 secs] [Times: user=0.45 sys=0.01, real=0.03 secs] 
4791.100: [GC 4791.100: [ParNew: 1353916K->98250K(1415616K), 0.0308910 secs] 1955899K->700233K(8231360K), 0.0311090 secs] [Times: user=0.48 sys=0.00, real=0.03 secs] 
4793.577: [GC 4793.577: [ParNew: 1356618K->98889K(1415616K), 0.0366290 secs] 1958601K->700871K(8231360K), 0.0368310 secs] [Times: user=0.56 sys=0.00, real=0.04 secs] 
4798.065: [GC 4798.066: [ParNew: 1357257K->95420K(1415616K), 0.0381850 secs] 1959239K->697402K(8231360K), 0.0383930 secs] [Times: user=0.60 sys=0.00, real=0.04 secs] 
4801.941: [GC 4801.941: [ParNew: 1353788K->96718K(1415616K), 0.0375590 secs] 1955770K->698700K(8231360K), 0.0377710 secs] [Times: user=0.58 sys=0.01, real=0.04 secs] 
4805.382: [GC 4805.382: [ParNew: 1355086K->84149K(1415616K), 0.0312310 secs] 1957068K->686132K(8231360K), 0.0314430 secs] [Times: user=0.49 sys=0.00, real=0.03 secs] 
4809.822: [GC 4809.822: [ParNew: 1342517K->85968K(1415616K), 0.0378120 secs] 1944500K->687950K(8231360K), 0.0380290 secs] [Times: user=0.59 sys=0.01, real=0.04 secs] 
4811.159: [GC 4811.160: [ParNew: 1344336K->101196K(1415616K), 0.0371060 secs] 1946318K->703179K(8231360K), 0.0373200 secs] [Times: user=0.57 sys=0.00, real=0.04 secs] 
4819.466: [GC 4819.466: [ParNew: 1359564K->64775K(1415616K), 0.0267150 secs] 1961547K->666757K(8231360K), 0.0269190 secs] [Times: user=0.40 sys=0.00, real=0.02 secs] 
4831.374: [GC 4831.374: [ParNew: 1323143K->73869K(1415616K), 0.0278590 secs] 1925125K->675851K(8231360K), 0.0280810 secs] [Times: user=0.43 sys=0.00, real=0.03 secs] 
4831.796: [GC 4831.796: [ParNew: 1332237K->85070K(1415616K), 0.0288750 secs] 1934219K->687052K(8231360K), 0.0290880 secs] [Times: user=0.44 sys=0.00, real=0.02 secs] 
4832.234: [GC 4832.234: [ParNew: 1343438K->76332K(1415616K), 0.0315660 secs] 1945420K->678315K(8231360K), 0.0317700 secs] [Times: user=0.49 sys=0.00, real=0.03 secs] 
4842.799: [GC 4842.799: [ParNew: 1334700K->63971K(1415616K), 0.0254130 secs] 1936683K->665953K(8231360K), 0.0256300 secs] [Times: user=0.39 sys=0.00, real=0.02 secs] 
4862.089: [GC 4862.089: [ParNew: 1322339K->75332K(1415616K), 0.0290970 secs] 1924321K->677315K(8231360K), 0.0293280 secs] [Times: user=0.45 sys=0.00, real=0.03 secs] 
4867.828: [GC 4867.828: [ParNew: 1333700K->87731K(1415616K), 0.0320490 secs] 1935683K->689714K(8231360K), 0.0322750 secs] [Times: user=0.49 sys=0.00, real=0.03 secs] 
4870.888: [GC 4870.888: [ParNew: 1346099K->90346K(1415616K), 0.0346200 secs] 1948082K->692328K(8231360K), 0.0348320 secs] [Times: user=0.54 sys=0.00, real=0.03 secs] 
4872.077: [GC 4872.077: [ParNew: 1348714K->93170K(1415616K), 0.0321820 secs] 1950696K->695152K(8231360K), 0.0324010 secs] [Times: user=0.50 sys=0.00, real=0.03 secs] 
4876.194: [GC 4876.194: [ParNew: 1351538K->92690K(1415616K), 0.0339980 secs] 1953520K->694673K(8231360K), 0.0342050 secs] [Times: user=0.53 sys=0.00, real=0.04 secs] 
4878.054: [GC 4878.054: [ParNew: 1351058K->92007K(1415616K), 0.0368000 secs] 1953041K->693989K(8231360K), 0.0369990 secs] [Times: user=0.57 sys=0.01, real=0.04 secs] 
4880.401: [GC 4880.402: [ParNew: 1350375K->98547K(1415616K), 0.0329720 secs] 1952357K->700529K(8231360K), 0.0331850 secs] [Times: user=0.52 sys=0.00, real=0.03 secs] 
4882.624: [GC 4882.624: [ParNew: 1356915K->94297K(1415616K), 0.0383670 secs] 1958897K->696280K(8231360K), 0.0385730 secs] [Times: user=0.59 sys=0.01, real=0.04 secs] 
4884.491: [GC 4884.491: [ParNew: 1352665K->109056K(1415616K), 0.0361030 secs] 1954648K->711038K(8231360K), 0.0363240 secs] [Times: user=0.56 sys=0.01, real=0.04 secs] 
4886.788: [GC 4886.788: [ParNew: 1367424K->108284K(1415616K), 0.0377980 secs] 1969406K->710267K(8231360K), 0.0380090 secs] [Times: user=0.59 sys=0.01, real=0.03 secs] 
4888.254: [GC 4888.255: [ParNew: 1366652K->105871K(1415616K), 0.0324790 secs] 1968635K->707854K(8231360K), 0.0326850 secs] [Times: user=0.51 sys=0.00, real=0.04 secs] 
4891.166: [GC 4891.166: [ParNew: 1364239K->102526K(1415616K), 0.0403560 secs] 1966222K->704508K(8231360K), 0.0405670 secs] [Times: user=0.63 sys=0.01, real=0.04 secs] 
4891.605: [GC 4891.605: [ParNew: 1360894K->96262K(1415616K), 0.0360270 secs] 1962876K->698245K(8231360K), 0.0362360 secs] [Times: user=0.56 sys=0.00, real=0.04 secs] 
4892.036: [GC 4892.036: [ParNew: 1354630K->103425K(1415616K), 0.0373390 secs] 1956613K->705408K(8231360K), 0.0375460 secs] [Times: user=0.57 sys=0.01, real=0.04 secs] 
4892.474: [GC 4892.475: [ParNew: 1361793K->104098K(1415616K), 0.0352270 secs] 1963776K->706080K(8231360K), 0.0354330 secs] [Times: user=0.55 sys=0.01, real=0.04 secs] 
4892.912: [GC 4892.912: [ParNew: 1362466K->97005K(1415616K), 0.0329610 secs] 1964448K->698988K(8231360K), 0.0331920 secs] [Times: user=0.51 sys=0.00, real=0.03 secs] 
4893.359: [GC 4893.359: [ParNew: 1355373K->101219K(1415616K), 0.0345960 secs] 1957356K->703201K(8231360K), 0.0348040 secs] [Times: user=0.53 sys=0.01, real=0.03 secs] 
4893.894: [GC 4893.894: [ParNew: 1359587K->105704K(1415616K), 0.0354960 secs] 1961569K->707686K(8231360K), 0.0357050 secs] [Times: user=0.55 sys=0.00, real=0.04 secs] 
4897.180: [GC 4897.180: [ParNew: 1364072K->105709K(1415616K), 0.0373390 secs] 1966054K->707692K(8231360K), 0.0375480 secs] [Times: user=0.59 sys=0.00, real=0.03 secs] 
4899.281: [GC 4899.281: [ParNew: 1364077K->90157K(1415616K), 0.0372500 secs] 1966060K->692139K(8231360K), 0.0374590 secs] [Times: user=0.57 sys=0.01, real=0.04 secs] 
4904.181: [GC 4904.181: [ParNew: 1348525K->85376K(1415616K), 0.0372750 secs] 1950507K->687358K(8231360K), 0.0374900 secs] [Times: user=0.57 sys=0.01, real=0.03 secs] 
4907.891: [GC 4907.891: [ParNew: 1343744K->88946K(1415616K), 0.0307510 secs] 1945726K->690928K(8231360K), 0.0309620 secs] [Times: user=0.47 sys=0.00, real=0.03 secs] 
4911.602: [GC 4911.602: [ParNew: 1347314K->90283K(1415616K), 0.0300410 secs] 1949296K->692266K(8231360K), 0.0302490 secs] [Times: user=0.46 sys=0.00, real=0.03 secs] 
4915.372: [GC 4915.372: [ParNew: 1348651K->89669K(1415616K), 0.0311050 secs] 1950634K->691652K(8231360K), 0.0313130 secs] [Times: user=0.47 sys=0.01, real=0.03 secs] 
4924.176: [GC 4924.177: [ParNew: 1348037K->72820K(1415616K), 0.0352800 secs] 1950020K->674802K(8231360K), 0.0354900 secs] [Times: user=0.54 sys=0.01, real=0.03 secs] 
4931.138: [GC 4931.138: [ParNew: 1331188K->69394K(1415616K), 0.0274780 secs] 1933170K->671376K(8231360K), 0.0276830 secs] [Times: user=0.41 sys=0.00, real=0.03 secs] 
4940.996: [GC 4940.996: [ParNew: 1327762K->74579K(1415616K), 0.0323120 secs] 1929744K->676561K(8231360K), 0.0325270 secs] [Times: user=0.50 sys=0.01, real=0.04 secs] 
4946.404: [GC 4946.404: [ParNew: 1332947K->85136K(1415616K), 0.0346750 secs] 1934929K->687119K(8231360K), 0.0348780 secs] [Times: user=0.53 sys=0.01, real=0.04 secs] 
4949.582: [GC 4949.583: [ParNew: 1343504K->87645K(1415616K), 0.0282290 secs] 1945487K->689628K(8231360K), 0.0284520 secs] [Times: user=0.44 sys=0.00, real=0.03 secs] 
4951.144: [GC 4951.145: [ParNew: 1346013K->91937K(1415616K), 0.0372680 secs] 1947996K->693919K(8231360K), 0.0374900 secs] [Times: user=0.58 sys=0.01, real=0.04 secs] 
4951.572: [GC 4951.572: [ParNew: 1350305K->102185K(1415616K), 0.0331670 secs] 1952287K->704167K(8231360K), 0.0333930 secs] [Times: user=0.51 sys=0.00, real=0.03 secs] 
4952.001: [GC 4952.001: [ParNew: 1360553K->75047K(1415616K), 0.0358520 secs] 1962535K->677029K(8231360K), 0.0360740 secs] [Times: user=0.56 sys=0.00, real=0.03 secs] 
4952.430: [GC 4952.430: [ParNew: 1333415K->96982K(1415616K), 0.0355090 secs] 1935397K->698965K(8231360K), 0.0357270 secs] [Times: user=0.54 sys=0.01, real=0.03 secs] 
4952.863: [GC 4952.863: [ParNew: 1355350K->89844K(1415616K), 0.0320710 secs] 1957333K->691826K(8231360K), 0.0322750 secs] [Times: user=0.49 sys=0.01, real=0.03 secs] 
4953.306: [GC 4953.306: [ParNew: 1348212K->99010K(1415616K), 0.0379800 secs] 1950194K->700993K(8231360K), 0.0381840 secs] [Times: user=0.57 sys=0.01, real=0.04 secs] 
4954.589: [GC 4954.589: [ParNew: 1357378K->88455K(1415616K), 0.0339670 secs] 1959361K->690438K(8231360K), 0.0341710 secs] [Times: user=0.53 sys=0.00, real=0.03 secs] 
4956.384: [GC 4956.384: [ParNew: 1346823K->100702K(1415616K), 0.0352530 secs] 1948806K->702684K(8231360K), 0.0354740 secs] [Times: user=0.55 sys=0.01, real=0.04 secs] 
4957.336: [GC 4957.336: [ParNew: 1359070K->104285K(1415616K), 0.0349220 secs] 1961052K->706267K(8231360K), 0.0351370 secs] [Times: user=0.55 sys=0.00, real=0.04 secs] 
4960.183: [GC 4960.183: [ParNew: 1362653K->90457K(1415616K), 0.0388160 secs] 1964635K->692439K(8231360K), 0.0390220 secs] [Times: user=0.60 sys=0.01, real=0.04 secs] 
4963.899: [GC 4963.899: [ParNew: 1348825K->103175K(1415616K), 0.0357410 secs] 1950807K->705158K(8231360K), 0.0359510 secs] [Times: user=0.55 sys=0.00, real=0.04 secs] 
4967.779: [GC 4967.779: [ParNew: 1361543K->97958K(1415616K), 0.0397510 secs] 1963526K->699941K(8231360K), 0.0399610 secs] [Times: user=0.60 sys=0.01, real=0.04 secs] 
4971.185: [GC 4971.185: [ParNew: 1356326K->99491K(1415616K), 0.0351300 secs] 1958309K->701473K(8231360K), 0.0353420 secs] [Times: user=0.55 sys=0.00, real=0.03 secs] 
4973.381: [GC 4973.381: [ParNew: 1357859K->96857K(1415616K), 0.0323320 secs] 1959841K->698839K(8231360K), 0.0325450 secs] [Times: user=0.50 sys=0.00, real=0.04 secs] 
4975.613: [GC 4975.613: [ParNew: 1355225K->102440K(1415616K), 0.0341120 secs] 1957207K->704423K(8231360K), 0.0343290 secs] [Times: user=0.53 sys=0.00, real=0.04 secs] 
4977.986: [GC 4977.986: [ParNew: 1360808K->103132K(1415616K), 0.0353160 secs] 1962791K->705114K(8231360K), 0.0355240 secs] [Times: user=0.56 sys=0.00, real=0.03 secs] 
4979.837: [GC 4979.837: [ParNew: 1361500K->108323K(1415616K), 0.0346240 secs] 1963482K->710305K(8231360K), 0.0348440 secs] [Times: user=0.53 sys=0.00, real=0.03 secs] 
4982.576: [GC 4982.576: [ParNew: 1366691K->96036K(1415616K), 0.0337670 secs] 1968673K->698018K(8231360K), 0.0339770 secs] [Times: user=0.52 sys=0.00, real=0.03 secs] 
4987.604: [GC 4987.604: [ParNew: 1354404K->90886K(1415616K), 0.0334800 secs] 1956386K->692868K(8231360K), 0.0337040 secs] [Times: user=0.52 sys=0.00, real=0.04 secs] 
4991.018: [GC 4991.018: [ParNew: 1349254K->87676K(1415616K), 0.0346480 secs] 1951236K->689659K(8231360K), 0.0348600 secs] [Times: user=0.52 sys=0.01, real=0.03 secs] 
4998.846: [GC 4998.846: [ParNew: 1346044K->61475K(1415616K), 0.0264740 secs] 1948027K->663457K(8231360K), 0.0266890 secs] [Times: user=0.41 sys=0.00, real=0.03 secs] 
5011.144: [GC 5011.144: [ParNew: 1319843K->68231K(1415616K), 0.0311960 secs] 1921825K->670213K(8231360K), 0.0314070 secs] [Times: user=0.48 sys=0.00, real=0.03 secs] 
5011.567: [GC 5011.567: [ParNew: 1326599K->87919K(1415616K), 0.0301710 secs] 1928581K->689901K(8231360K), 0.0303820 secs] [Times: user=0.46 sys=0.00, real=0.03 secs] 
5012.003: [GC 5012.003: [ParNew: 1346287K->90297K(1415616K), 0.0293480 secs] 1948269K->692280K(8231360K), 0.0295630 secs] [Times: user=0.45 sys=0.00, real=0.03 secs] 
5012.443: [GC 5012.443: [ParNew: 1348665K->84993K(1415616K), 0.0352700 secs] 1950648K->686975K(8231360K), 0.0354860 secs] [Times: user=0.54 sys=0.01, real=0.03 secs] 
5012.873: [GC 5012.873: [ParNew: 1343361K->85545K(1415616K), 0.0321610 secs] 1945343K->687528K(8231360K), 0.0323650 secs] [Times: user=0.50 sys=0.00, real=0.03 secs] 
5013.318: [GC 5013.318: [ParNew: 1343913K->79265K(1415616K), 0.0288620 secs] 1945896K->681247K(8231360K), 0.0290700 secs] [Times: user=0.45 sys=0.01, real=0.03 secs] 
5013.771: [GC 5013.771: [ParNew: 1337633K->86479K(1415616K), 0.0342600 secs] 1939615K->688461K(8231360K), 0.0344700 secs] [Times: user=0.53 sys=0.00, real=0.03 secs] 
5017.431: [GC 5017.431: [ParNew: 1344847K->97750K(1415616K), 0.0338240 secs] 1946829K->699732K(8231360K), 0.0340340 secs] [Times: user=0.52 sys=0.01, real=0.03 secs] 
5019.693: [GC 5019.693: [ParNew: 1356118K->76281K(1415616K), 0.0368070 secs] 1958100K->678263K(8231360K), 0.0370210 secs] [Times: user=0.57 sys=0.00, real=0.03 secs] 
5022.185: [GC 5022.185: [ParNew: 1334649K->92054K(1415616K), 0.0311450 secs] 1936631K->694037K(8231360K), 0.0313770 secs] [Times: user=0.48 sys=0.00, real=0.03 secs] 
5024.387: [GC 5024.387: [ParNew: 1350422K->102267K(1415616K), 0.0369560 secs] 1952405K->704249K(8231360K), 0.0371630 secs] [Times: user=0.57 sys=0.01, real=0.04 secs] 
5027.181: [GC 5027.181: [ParNew: 1360635K->103272K(1415616K), 0.0404180 secs] 1962617K->705255K(8231360K), 0.0406250 secs] [Times: user=0.63 sys=0.00, real=0.04 secs] 
5030.778: [GC 5030.778: [ParNew: 1361640K->103285K(1415616K), 0.0411630 secs] 1963623K->705267K(8231360K), 0.0413770 secs] [Times: user=0.63 sys=0.01, real=0.04 secs] 
5032.389: [GC 5032.390: [ParNew: 1361653K->96740K(1415616K), 0.0375170 secs] 1963635K->698723K(8231360K), 0.0377280 secs] [Times: user=0.57 sys=0.00, real=0.04 secs] 
5034.807: [GC 5034.807: [ParNew: 1355108K->105508K(1415616K), 0.0356080 secs] 1957091K->707491K(8231360K), 0.0358180 secs] [Times: user=0.56 sys=0.00, real=0.03 secs] 
5036.897: [GC 5036.897: [ParNew: 1363876K->96392K(1415616K), 0.0382950 secs] 1965859K->698374K(8231360K), 0.0386960 secs] [Times: user=0.59 sys=0.01, real=0.04 secs] 
5041.379: [GC 5041.380: [ParNew: 1354760K->99552K(1415616K), 0.0383520 secs] 1956742K->701534K(8231360K), 0.0385810 secs] [Times: user=0.60 sys=0.00, real=0.04 secs] 
5044.175: [GC 5044.175: [ParNew: 1357920K->106609K(1415616K), 0.0339070 secs] 1959902K->708592K(8231360K), 0.0341240 secs] [Times: user=0.51 sys=0.01, real=0.04 secs] 
5046.624: [GC 5046.624: [ParNew: 1364977K->110035K(1415616K), 0.0338140 secs] 1966960K->712018K(8231360K), 0.0340460 secs] [Times: user=0.52 sys=0.00, real=0.04 secs] 
5050.866: [GC 5050.866: [ParNew: 1368403K->102971K(1415616K), 0.0351510 secs] 1970386K->704954K(8231360K), 0.0353800 secs] [Times: user=0.54 sys=0.01, real=0.04 secs] 
5051.997: [GC 5051.997: [ParNew: 1361339K->102046K(1415616K), 0.0373310 secs] 1963322K->704028K(8231360K), 0.0375420 secs] [Times: user=0.57 sys=0.01, real=0.04 secs] 
5054.998: [GC 5054.998: [ParNew: 1360414K->89470K(1415616K), 0.0342090 secs] 1962396K->691453K(8231360K), 0.0344150 secs] [Times: user=0.52 sys=0.00, real=0.03 secs] 
5057.999: [GC 5058.000: [ParNew: 1347838K->87362K(1415616K), 0.0372060 secs] 1949821K->689344K(8231360K), 0.0374280 secs] [Times: user=0.57 sys=0.01, real=0.03 secs] 
5060.903: [GC 5060.903: [ParNew: 1345730K->93840K(1415616K), 0.0381810 secs] 1947712K->695822K(8231360K), 0.0383890 secs] [Times: user=0.60 sys=0.00, real=0.04 secs] 
5063.180: [GC 5063.180: [ParNew: 1352208K->99906K(1415616K), 0.0349100 secs] 1954190K->701889K(8231360K), 0.0351120 secs] [Times: user=0.55 sys=0.00, real=0.03 secs] 
5071.102: [GC 5071.102: [ParNew: 1358274K->72645K(1415616K), 0.0332320 secs] 1960257K->674627K(8231360K), 0.0334440 secs] [Times: user=0.51 sys=0.00, real=0.03 secs] 
5071.527: [GC 5071.528: [ParNew: 1331013K->89333K(1415616K), 0.0298230 secs] 1932995K->691315K(8231360K), 0.0300310 secs] [Times: user=0.46 sys=0.00, real=0.03 secs] 
5071.951: [GC 5071.951: [ParNew: 1347701K->88109K(1415616K), 0.0346100 secs] 1949683K->690091K(8231360K), 0.0348220 secs] [Times: user=0.54 sys=0.00, real=0.03 secs] 
5072.383: [GC 5072.384: [ParNew: 1346477K->84987K(1415616K), 0.0344340 secs] 1948459K->686969K(8231360K), 0.0346420 secs] [Times: user=0.53 sys=0.00, real=0.03 secs] 
5072.814: [GC 5072.814: [ParNew: 1343355K->84309K(1415616K), 0.0344390 secs] 1945337K->686291K(8231360K), 0.0346700 secs] [Times: user=0.53 sys=0.00, real=0.03 secs] 
5073.253: [GC 5073.253: [ParNew: 1342677K->80410K(1415616K), 0.0306230 secs] 1944659K->682393K(8231360K), 0.0308370 secs] [Times: user=0.48 sys=0.00, real=0.03 secs] 
5073.704: [GC 5073.704: [ParNew: 1338778K->87426K(1415616K), 0.0291540 secs] 1940761K->689409K(8231360K), 0.0293650 secs] [Times: user=0.45 sys=0.00, real=0.03 secs] 
5078.599: [GC 5078.599: [ParNew: 1345794K->87389K(1415616K), 0.0312050 secs] 1947777K->689371K(8231360K), 0.0314150 secs] [Times: user=0.48 sys=0.00, real=0.03 secs] 
5085.988: [GC 5085.988: [ParNew: 1345757K->81602K(1415616K), 0.0364510 secs] 1947739K->683584K(8231360K), 0.0366650 secs] [Times: user=0.56 sys=0.01, real=0.04 secs] 
5090.211: [GC 5090.211: [ParNew: 1339970K->91217K(1415616K), 0.0296900 secs] 1941952K->693199K(8231360K), 0.0299080 secs] [Times: user=0.45 sys=0.00, real=0.03 secs] 
5094.579: [GC 5094.579: [ParNew: 1349585K->81944K(1415616K), 0.0330540 secs] 1951567K->683927K(8231360K), 0.0332720 secs] [Times: user=0.50 sys=0.00, real=0.03 secs] 
5096.392: [GC 5096.393: [ParNew: 1340312K->95280K(1415616K), 0.0373720 secs] 1942295K->697262K(8231360K), 0.0375850 secs] [Times: user=0.57 sys=0.01, real=0.04 secs] 
5102.711: [GC 5102.711: [ParNew: 1353648K->87666K(1415616K), 0.0354720 secs] 1955630K->689648K(8231360K), 0.0356940 secs] [Times: user=0.55 sys=0.02, real=0.04 secs] 
5104.473: [GC 5104.473: [ParNew: 1346034K->85264K(1415616K), 0.0335360 secs] 1948016K->687246K(8231360K), 0.0337550 secs] [Times: user=0.52 sys=0.00, real=0.04 secs] 
5106.096: [GC 5106.096: [ParNew: 1343632K->99972K(1415616K), 0.0295500 secs] 1945614K->701954K(8231360K), 0.0297650 secs] [Times: user=0.45 sys=0.00, real=0.03 secs] 
5108.706: [GC 5108.706: [ParNew: 1358340K->76368K(1415616K), 0.0387400 secs] 1960322K->678351K(8231360K), 0.0389470 secs] [Times: user=0.60 sys=0.00, real=0.04 secs] 
5110.902: [GC 5110.902: [ParNew: 1334736K->105372K(1415616K), 0.0314060 secs] 1936719K->707354K(8231360K), 0.0316150 secs] [Times: user=0.48 sys=0.00, real=0.03 secs] 
5112.989: [GC 5112.989: [ParNew: 1363740K->111195K(1415616K), 0.0396250 secs] 1965722K->713178K(8231360K), 0.0398540 secs] [Times: user=0.62 sys=0.01, real=0.04 secs] 
5115.797: [GC 5115.797: [ParNew: 1369563K->107132K(1415616K), 0.0367800 secs] 1971546K->709115K(8231360K), 0.0369830 secs] [Times: user=0.58 sys=0.01, real=0.04 secs] 
5118.196: [GC 5118.196: [ParNew: 1365500K->102951K(1415616K), 0.0318110 secs] 1967483K->704934K(8231360K), 0.0320200 secs] [Times: user=0.49 sys=0.00, real=0.03 secs] 
5122.819: [GC 5122.819: [ParNew: 1361319K->89559K(1415616K), 0.0301520 secs] 1963302K->691541K(8231360K), 0.0303700 secs] [Times: user=0.47 sys=0.00, real=0.04 secs] 
5129.586: [GC 5129.586: [ParNew: 1347927K->74134K(1415616K), 0.0361770 secs] 1949909K->676116K(8231360K), 0.0363770 secs] [Times: user=0.56 sys=0.00, real=0.04 secs] 
5131.306: [GC 5131.306: [ParNew: 1332502K->87226K(1415616K), 0.0349070 secs] 1934484K->689208K(8231360K), 0.0351150 secs] [Times: user=0.55 sys=0.01, real=0.03 secs] 
5131.731: [GC 5131.731: [ParNew: 1345594K->97530K(1415616K), 0.0359430 secs] 1947576K->699512K(8231360K), 0.0361670 secs] [Times: user=0.56 sys=0.01, real=0.04 secs] 
5132.158: [GC 5132.159: [ParNew: 1355898K->96604K(1415616K), 0.0290170 secs] 1957880K->698586K(8231360K), 0.0292270 secs] [Times: user=0.46 sys=0.00, real=0.03 secs] 
5132.584: [GC 5132.584: [ParNew: 1354972K->94310K(1415616K), 0.0318690 secs] 1956954K->696293K(8231360K), 0.0320810 secs] [Times: user=0.50 sys=0.01, real=0.03 secs] 
5133.008: [GC 5133.008: [ParNew: 1352678K->91021K(1415616K), 0.0346740 secs] 1954661K->693004K(8231360K), 0.0348730 secs] [Times: user=0.54 sys=0.00, real=0.04 secs] 
5133.466: [GC 5133.466: [ParNew: 1349389K->85936K(1415616K), 0.0302720 secs] 1951372K->687919K(8231360K), 0.0304790 secs] [Times: user=0.46 sys=0.01, real=0.03 secs] 
5134.038: [GC 5134.038: [ParNew: 1344304K->99120K(1415616K), 0.0374990 secs] 1946287K->701103K(8231360K), 0.0376980 secs] [Times: user=0.58 sys=0.00, real=0.04 secs] 
5134.933: [GC 5134.933: [ParNew: 1357488K->92160K(1415616K), 0.0334940 secs] 1959471K->694143K(8231360K), 0.0336920 secs] [Times: user=0.51 sys=0.00, real=0.03 secs] 
5138.644: [GC 5138.644: [ParNew: 1350528K->100502K(1415616K), 0.0360350 secs] 1952511K->702484K(8231360K), 0.0362390 secs] [Times: user=0.56 sys=0.00, real=0.03 secs] 
5147.578: [GC 5147.578: [ParNew: 1358870K->64776K(1415616K), 0.0331350 secs] 1960852K->666758K(8231360K), 0.0333340 secs] [Times: user=0.51 sys=0.01, real=0.03 secs] 
5156.986: [GC 5156.986: [ParNew: 1323144K->63867K(1415616K), 0.0293700 secs] 1925126K->665849K(8231360K), 0.0295780 secs] [Times: user=0.45 sys=0.00, real=0.03 secs] 
5170.909: [GC 5170.909: [ParNew: 1322235K->77900K(1415616K), 0.0307310 secs] 1924217K->679883K(8231360K), 0.0309450 secs] [Times: user=0.46 sys=0.01, real=0.04 secs] 
5176.990: [GC 5176.990: [ParNew: 1336268K->70886K(1415616K), 0.0302180 secs] 1938251K->672868K(8231360K), 0.0304330 secs] [Times: user=0.46 sys=0.00, real=0.04 secs] 
5191.062: [GC 5191.063: [ParNew: 1329254K->88458K(1415616K), 0.0340660 secs] 1931236K->690440K(8231360K), 0.0342920 secs] [Times: user=0.53 sys=0.00, real=0.04 secs] 
5191.497: [GC 5191.497: [ParNew: 1346826K->67092K(1415616K), 0.0378020 secs] 1948808K->669075K(8231360K), 0.0380000 secs] [Times: user=0.56 sys=0.03, real=0.04 secs] 
5191.932: [GC 5191.933: [ParNew: 1325460K->93318K(1415616K), 0.0283060 secs] 1927443K->695300K(8231360K), 0.0285170 secs] [Times: user=0.44 sys=0.00, real=0.03 secs] 
5192.359: [GC 5192.359: [ParNew: 1351686K->86224K(1415616K), 0.0356930 secs] 1953668K->688207K(8231360K), 0.0359050 secs] [Times: user=0.54 sys=0.01, real=0.04 secs] 
5192.794: [GC 5192.794: [ParNew: 1344592K->92582K(1415616K), 0.0352740 secs] 1946575K->694565K(8231360K), 0.0354800 secs] [Times: user=0.55 sys=0.00, real=0.03 secs] 
5193.246: [GC 5193.246: [ParNew: 1350950K->89491K(1415616K), 0.0323520 secs] 1952933K->691473K(8231360K), 0.0325820 secs] [Times: user=0.51 sys=0.00, real=0.03 secs] 
5193.696: [GC 5193.696: [ParNew: 1347859K->90691K(1415616K), 0.0393610 secs] 1949841K->692673K(8231360K), 0.0396010 secs] [Times: user=0.60 sys=0.00, real=0.04 secs] 
5195.802: [GC 5195.802: [ParNew: 1349059K->91442K(1415616K), 0.0358410 secs] 1951041K->693424K(8231360K), 0.0360540 secs] [Times: user=0.56 sys=0.01, real=0.04 secs] 
5200.812: [GC 5200.813: [ParNew: 1349810K->87296K(1415616K), 0.0328000 secs] 1951792K->689278K(8231360K), 0.0330090 secs] [Times: user=0.50 sys=0.00, real=0.04 secs] 
5205.174: [GC 5205.174: [ParNew: 1345664K->77558K(1415616K), 0.0364420 secs] 1947646K->679541K(8231360K), 0.0366510 secs] [Times: user=0.55 sys=0.02, real=0.04 secs] 
5210.406: [GC 5210.406: [ParNew: 1335926K->88303K(1415616K), 0.0386520 secs] 1937909K->690286K(8231360K), 0.0388620 secs] [Times: user=0.58 sys=0.02, real=0.03 secs] 
5211.141: [GC 5211.141: [ParNew: 1346671K->88488K(1415616K), 0.0322030 secs] 1948654K->690470K(8231360K), 0.0324110 secs] [Times: user=0.49 sys=0.00, real=0.03 secs] 
5213.530: [GC 5213.530: [ParNew: 1346856K->89041K(1415616K), 0.0328860 secs] 1948838K->691024K(8231360K), 0.0330950 secs] [Times: user=0.51 sys=0.00, real=0.03 secs] 
5215.439: [GC 5215.439: [ParNew: 1347409K->91766K(1415616K), 0.0352640 secs] 1949392K->693748K(8231360K), 0.0354890 secs] [Times: user=0.54 sys=0.01, real=0.03 secs] 
5217.450: [GC 5217.450: [ParNew: 1350134K->94032K(1415616K), 0.0356710 secs] 1952116K->696015K(8231360K), 0.0358800 secs] [Times: user=0.55 sys=0.01, real=0.03 secs] 
5220.389: [GC 5220.389: [ParNew: 1352400K->103951K(1415616K), 0.0378920 secs] 1954383K->705933K(8231360K), 0.0380990 secs] [Times: user=0.58 sys=0.01, real=0.03 secs] 
5225.606: [GC 5225.606: [ParNew: 1362319K->89983K(1415616K), 0.0311800 secs] 1964301K->691966K(8231360K), 0.0313900 secs] [Times: user=0.48 sys=0.00, real=0.03 secs] 
5230.859: [GC 5230.859: [ParNew: 1348351K->79952K(1415616K), 0.0371260 secs] 1950334K->681934K(8231360K), 0.0373520 secs] [Times: user=0.57 sys=0.01, real=0.04 secs] 
5234.371: [GC 5234.371: [ParNew: 1338320K->88029K(1415616K), 0.0356450 secs] 1940302K->690012K(8231360K), 0.0358570 secs] [Times: user=0.54 sys=0.01, real=0.03 secs] 
5236.037: [GC 5236.037: [ParNew: 1346397K->95871K(1415616K), 0.0344140 secs] 1948380K->697854K(8231360K), 0.0346150 secs] [Times: user=0.52 sys=0.00, real=0.04 secs] 
5239.022: [GC 5239.022: [ParNew: 1354239K->95471K(1415616K), 0.0364940 secs] 1956222K->697453K(8231360K), 0.0367020 secs] [Times: user=0.55 sys=0.00, real=0.03 secs] 
5241.796: [GC 5241.796: [ParNew: 1353839K->100312K(1415616K), 0.0396340 secs] 1955821K->702294K(8231360K), 0.0398440 secs] [Times: user=0.62 sys=0.00, real=0.04 secs] 
5244.787: [GC 5244.787: [ParNew: 1358680K->106598K(1415616K), 0.0342100 secs] 1960662K->708581K(8231360K), 0.0344180 secs] [Times: user=0.52 sys=0.00, real=0.03 secs] 
5248.227: [GC 5248.228: [ParNew: 1364966K->92697K(1415616K), 0.0388210 secs] 1966949K->694680K(8231360K), 0.0390360 secs] [Times: user=0.61 sys=0.00, real=0.04 secs] 
5251.087: [GC 5251.087: [ParNew: 1351065K->88763K(1415616K), 0.0351070 secs] 1953048K->690745K(8231360K), 0.0353230 secs] [Times: user=0.55 sys=0.00, real=0.03 secs] 
5251.521: [GC 5251.521: [ParNew: 1347131K->106681K(1415616K), 0.0338390 secs] 1949113K->708664K(8231360K), 0.0340480 secs] [Times: user=0.53 sys=0.00, real=0.04 secs] 
5251.950: [GC 5251.950: [ParNew: 1365049K->108805K(1415616K), 0.0363660 secs] 1967032K->710788K(8231360K), 0.0365780 secs] [Times: user=0.56 sys=0.00, real=0.04 secs] 
5252.388: [GC 5252.388: [ParNew: 1367173K->81161K(1415616K), 0.0381010 secs] 1969156K->683143K(8231360K), 0.0383150 secs] [Times: user=0.59 sys=0.00, real=0.04 secs] 
5252.828: [GC 5252.828: [ParNew: 1339529K->99155K(1415616K), 0.0326880 secs] 1941511K->701138K(8231360K), 0.0328980 secs] [Times: user=0.51 sys=0.00, real=0.03 secs] 
5253.276: [GC 5253.277: [ParNew: 1357523K->102725K(1415616K), 0.0421360 secs] 1959506K->704707K(8231360K), 0.0423480 secs] [Times: user=0.65 sys=0.00, real=0.04 secs] 
5253.738: [GC 5253.738: [ParNew: 1361093K->108256K(1415616K), 0.0359220 secs] 1963075K->710238K(8231360K), 0.0361310 secs] [Times: user=0.57 sys=0.00, real=0.04 secs] 
5257.385: [GC 5257.385: [ParNew: 1366624K->80492K(1415616K), 0.0332800 secs] 1968606K->682474K(8231360K), 0.0335090 secs] [Times: user=0.51 sys=0.00, real=0.03 secs] 
5265.398: [GC 5265.398: [ParNew: 1338860K->91024K(1415616K), 0.0348630 secs] 1940842K->693006K(8231360K), 0.0350760 secs] [Times: user=0.54 sys=0.01, real=0.03 secs] 
5272.193: [GC 5272.193: [ParNew: 1349392K->68745K(1415616K), 0.0332670 secs] 1951374K->670727K(8231360K), 0.0334790 secs] [Times: user=0.52 sys=0.00, real=0.03 secs] 
5277.982: [GC 5277.982: [ParNew: 1327113K->89601K(1415616K), 0.0388220 secs] 1929095K->691583K(8231360K), 0.0390270 secs] [Times: user=0.59 sys=0.01, real=0.04 secs] 
5279.513: [GC 5279.513: [ParNew: 1347969K->96174K(1415616K), 0.0364500 secs] 1949951K->698157K(8231360K), 0.0366530 secs] [Times: user=0.56 sys=0.01, real=0.04 secs] 
5282.296: [GC 5282.296: [ParNew: 1354542K->105049K(1415616K), 0.0362650 secs] 1956525K->707032K(8231360K), 0.0364800 secs] [Times: user=0.56 sys=0.01, real=0.04 secs] 
5284.633: [GC 5284.633: [ParNew: 1363417K->75360K(1415616K), 0.0348670 secs] 1965400K->677343K(8231360K), 0.0350780 secs] [Times: user=0.54 sys=0.00, real=0.03 secs] 
5287.560: [GC 5287.560: [ParNew: 1333728K->92259K(1415616K), 0.0338220 secs] 1935711K->694241K(8231360K), 0.0340310 secs] [Times: user=0.51 sys=0.01, real=0.04 secs] 
5290.936: [GC 5290.936: [ParNew: 1350627K->103496K(1415616K), 0.0345130 secs] 1952609K->705479K(8231360K), 0.0347270 secs] [Times: user=0.54 sys=0.00, real=0.04 secs] 
5293.242: [GC 5293.242: [ParNew: 1361864K->75952K(1415616K), 0.0341320 secs] 1963847K->677935K(8231360K), 0.0343540 secs] [Times: user=0.52 sys=0.00, real=0.03 secs] 
5295.799: [GC 5295.799: [ParNew: 1334320K->98465K(1415616K), 0.0334500 secs] 1936303K->700447K(8231360K), 0.0337030 secs] [Times: user=0.51 sys=0.00, real=0.04 secs] 
5296.795: [GC 5296.795: [ParNew: 1356833K->93908K(1415616K), 0.0328230 secs] 1958815K->695890K(8231360K), 0.0330630 secs] [Times: user=0.51 sys=0.00, real=0.03 secs] 
5299.691: [GC 5299.691: [ParNew: 1352276K->101400K(1415616K), 0.0377620 secs] 1954258K->703382K(8231360K), 0.0380030 secs] [Times: user=0.58 sys=0.00, real=0.04 secs] 
5302.215: [GC 5302.216: [ParNew: 1359768K->97277K(1415616K), 0.0367570 secs] 1961750K->699260K(8231360K), 0.0370250 secs] [Times: user=0.57 sys=0.00, real=0.03 secs] 
5307.181: [GC 5307.181: [ParNew: 1355645K->92177K(1415616K), 0.0402860 secs] 1957628K->694159K(8231360K), 0.0405310 secs] [Times: user=0.63 sys=0.00, real=0.04 secs] 
5311.024: [GC 5311.025: [ParNew: 1350545K->84808K(1415616K), 0.0336830 secs] 1952527K->686790K(8231360K), 0.0339340 secs] [Times: user=0.52 sys=0.01, real=0.04 secs] 
5311.454: [GC 5311.454: [ParNew: 1343176K->80188K(1415616K), 0.0310050 secs] 1945158K->682171K(8231360K), 0.0312580 secs] [Times: user=0.48 sys=0.00, real=0.04 secs] 
5311.884: [GC 5311.884: [ParNew: 1338556K->90341K(1415616K), 0.0304850 secs] 1940539K->692324K(8231360K), 0.0307320 secs] [Times: user=0.48 sys=0.00, real=0.04 secs] 
5312.310: [GC 5312.310: [ParNew: 1348709K->93383K(1415616K), 0.0403590 secs] 1950692K->695366K(8231360K), 0.0406030 secs] [Times: user=0.62 sys=0.01, real=0.04 secs] 
5312.745: [GC 5312.745: [ParNew: 1351751K->102807K(1415616K), 0.0384590 secs] 1953734K->704789K(8231360K), 0.0386990 secs] [Times: user=0.60 sys=0.01, real=0.03 secs] 
5313.204: [GC 5313.204: [ParNew: 1361175K->98028K(1415616K), 0.0357410 secs] 1963157K->700011K(8231360K), 0.0359770 secs] [Times: user=0.55 sys=0.00, real=0.04 secs] 
5313.664: [GC 5313.664: [ParNew: 1356396K->91532K(1415616K), 0.0323580 secs] 1958379K->693515K(8231360K), 0.0325870 secs] [Times: user=0.51 sys=0.00, real=0.04 secs] 
5314.115: [GC 5314.115: [ParNew: 1349900K->99883K(1415616K), 0.0342430 secs] 1951883K->701865K(8231360K), 0.0344870 secs] [Times: user=0.52 sys=0.00, real=0.04 secs] 
5316.196: [GC 5316.196: [ParNew: 1358251K->100436K(1415616K), 0.0383310 secs] 1960233K->702419K(8231360K), 0.0385700 secs] [Times: user=0.59 sys=0.01, real=0.03 secs] 
5321.022: [GC 5321.022: [ParNew: 1358804K->101130K(1415616K), 0.0380500 secs] 1960787K->703113K(8231360K), 0.0382640 secs] [Times: user=0.59 sys=0.01, real=0.04 secs] 
5325.315: [GC 5325.315: [ParNew: 1359498K->85527K(1415616K), 0.0335030 secs] 1961481K->687509K(8231360K), 0.0337280 secs] [Times: user=0.52 sys=0.00, real=0.04 secs] 
5329.015: [GC 5329.015: [ParNew: 1343895K->97054K(1415616K), 0.0314540 secs] 1945877K->699037K(8231360K), 0.0316570 secs] [Times: user=0.48 sys=0.00, real=0.03 secs] 
5337.011: [GC 5337.011: [ParNew: 1355422K->73922K(1415616K), 0.0359820 secs] 1957405K->675905K(8231360K), 0.0361960 secs] [Times: user=0.54 sys=0.01, real=0.03 secs] 
5341.181: [GC 5341.182: [ParNew: 1332290K->83642K(1415616K), 0.0375910 secs] 1934273K->685625K(8231360K), 0.0377940 secs] [Times: user=0.56 sys=0.02, real=0.03 secs] 
5344.428: [GC 5344.428: [ParNew: 1342010K->92971K(1415616K), 0.0356150 secs] 1943993K->694953K(8231360K), 0.0358320 secs] [Times: user=0.54 sys=0.01, real=0.04 secs] 
5345.517: [GC 5345.518: [ParNew: 1351339K->90641K(1415616K), 0.0382700 secs] 1953321K->692623K(8231360K), 0.0384790 secs] [Times: user=0.58 sys=0.03, real=0.04 secs] 
5349.202: [GC 5349.202: [ParNew: 1349009K->92340K(1415616K), 0.0374700 secs] 1950991K->694322K(8231360K), 0.0376870 secs] [Times: user=0.57 sys=0.00, real=0.04 secs] 
5350.978: [GC 5350.978: [ParNew: 1350708K->90712K(1415616K), 0.0362850 secs] 1952690K->692694K(8231360K), 0.0364910 secs] [Times: user=0.57 sys=0.00, real=0.04 secs] 
5352.414: [GC 5352.415: [ParNew: 1349080K->96232K(1415616K), 0.0330250 secs] 1951062K->698214K(8231360K), 0.0332290 secs] [Times: user=0.52 sys=0.00, real=0.03 secs] 
5357.991: [GC 5357.991: [ParNew: 1354600K->82139K(1415616K), 0.0373200 secs] 1956582K->684121K(8231360K), 0.0375390 secs] [Times: user=0.57 sys=0.00, real=0.04 secs] 
5360.604: [GC 5360.604: [ParNew: 1340507K->93925K(1415616K), 0.0355070 secs] 1942489K->695907K(8231360K), 0.0357160 secs] [Times: user=0.55 sys=0.00, real=0.04 secs] 
5363.015: [GC 5363.016: [ParNew: 1352293K->102577K(1415616K), 0.0361710 secs] 1954275K->704559K(8231360K), 0.0363880 secs] [Times: user=0.56 sys=0.00, real=0.03 secs] 
5367.382: [GC 5367.382: [ParNew: 1360945K->88509K(1415616K), 0.0350190 secs] 1962927K->690491K(8231360K), 0.0352250 secs] [Times: user=0.53 sys=0.00, real=0.04 secs] 
5371.099: [GC 5371.100: [ParNew: 1346877K->86326K(1415616K), 0.0335700 secs] 1948859K->688308K(8231360K), 0.0337800 secs] [Times: user=0.51 sys=0.00, real=0.03 secs] 
5371.533: [GC 5371.533: [ParNew: 1344694K->93582K(1415616K), 0.0305050 secs] 1946676K->695565K(8231360K), 0.0307150 secs] [Times: user=0.47 sys=0.00, real=0.03 secs] 
5371.963: [GC 5371.964: [ParNew: 1351950K->98221K(1415616K), 0.0350380 secs] 1953933K->700204K(8231360K), 0.0353490 secs] [Times: user=0.54 sys=0.00, real=0.04 secs] 
5372.396: [GC 5372.396: [ParNew: 1356589K->102481K(1415616K), 0.0359420 secs] 1958572K->704463K(8231360K), 0.0361470 secs] [Times: user=0.56 sys=0.01, real=0.03 secs] 
5372.831: [GC 5372.831: [ParNew: 1360849K->102417K(1415616K), 0.0360150 secs] 1962831K->704399K(8231360K), 0.0362180 secs] [Times: user=0.56 sys=0.00, real=0.04 secs] 
5373.284: [GC 5373.284: [ParNew: 1360785K->98366K(1415616K), 0.0341470 secs] 1962767K->700348K(8231360K), 0.0343580 secs] [Times: user=0.52 sys=0.01, real=0.04 secs] 
5374.396: [GC 5374.397: [ParNew: 1356734K->98043K(1415616K), 0.0361040 secs] 1958716K->700025K(8231360K), 0.0363170 secs] [Times: user=0.56 sys=0.01, real=0.04 secs] 
5377.181: [GC 5377.181: [ParNew: 1356411K->92985K(1415616K), 0.0328400 secs] 1958393K->694967K(8231360K), 0.0330450 secs] [Times: user=0.52 sys=0.00, real=0.03 secs] 
5379.987: [GC 5379.987: [ParNew: 1351353K->98036K(1415616K), 0.0362630 secs] 1953335K->700019K(8231360K), 0.0364670 secs] [Times: user=0.56 sys=0.00, real=0.03 secs] 
5383.607: [GC 5383.608: [ParNew: 1356404K->100869K(1415616K), 0.0395420 secs] 1958387K->702852K(8231360K), 0.0397470 secs] [Times: user=0.61 sys=0.01, real=0.04 secs] 
5387.187: [GC 5387.187: [ParNew: 1359237K->98310K(1415616K), 0.0383960 secs] 1961220K->700292K(8231360K), 0.0386080 secs] [Times: user=0.59 sys=0.02, real=0.04 secs] 
5391.123: [GC 5391.123: [ParNew: 1356678K->93617K(1415616K), 0.0360860 secs] 1958660K->695599K(8231360K), 0.0362890 secs] [Times: user=0.56 sys=0.01, real=0.03 secs] 
5396.387: [GC 5396.387: [ParNew: 1351985K->88288K(1415616K), 0.0386850 secs] 1953967K->690271K(8231360K), 0.0388930 secs] [Times: user=0.60 sys=0.01, real=0.04 secs] 
5402.021: [GC 5402.021: [ParNew: 1346656K->90517K(1415616K), 0.0353260 secs] 1948639K->692500K(8231360K), 0.0355400 secs] [Times: user=0.54 sys=0.00, real=0.04 secs] 
5405.147: [GC 5405.147: [ParNew: 1348885K->93473K(1415616K), 0.0357030 secs] 1950868K->695456K(8231360K), 0.0359140 secs] [Times: user=0.55 sys=0.00, real=0.04 secs] 
5409.581: [GC 5409.581: [ParNew: 1351841K->93104K(1415616K), 0.0350850 secs] 1953824K->695086K(8231360K), 0.0353040 secs] [Times: user=0.54 sys=0.01, real=0.04 secs] 
5411.088: [GC 5411.088: [ParNew: 1351472K->98745K(1415616K), 0.0345270 secs] 1953454K->700728K(8231360K), 0.0347350 secs] [Times: user=0.54 sys=0.00, real=0.04 secs] 
5413.094: [GC 5413.094: [ParNew: 1357113K->92759K(1415616K), 0.0331070 secs] 1959096K->694741K(8231360K), 0.0333140 secs] [Times: user=0.50 sys=0.01, real=0.03 secs] 
5415.735: [GC 5415.735: [ParNew: 1351127K->99765K(1415616K), 0.0341620 secs] 1953109K->701748K(8231360K), 0.0343960 secs] [Times: user=0.53 sys=0.00, real=0.03 secs] 
5418.185: [GC 5418.185: [ParNew: 1358133K->93390K(1415616K), 0.0352040 secs] 1960116K->695372K(8231360K), 0.0354140 secs] [Times: user=0.55 sys=0.00, real=0.03 secs] 
5422.580: [GC 5422.580: [ParNew: 1351758K->95459K(1415616K), 0.0366460 secs] 1953740K->697442K(8231360K), 0.0368600 secs] [Times: user=0.55 sys=0.01, real=0.04 secs] 
5425.992: [GC 5425.992: [ParNew: 1353827K->83621K(1415616K), 0.0376360 secs] 1955810K->685603K(8231360K), 0.0378690 secs] [Times: user=0.59 sys=0.01, real=0.04 secs] 
5430.204: [GC 5430.204: [ParNew: 1341989K->98769K(1415616K), 0.0344660 secs] 1943971K->700751K(8231360K), 0.0346800 secs] [Times: user=0.53 sys=0.00, real=0.04 secs] 
5431.287: [GC 5431.287: [ParNew: 1357137K->92845K(1415616K), 0.0374690 secs] 1959119K->694828K(8231360K), 0.0376790 secs] [Times: user=0.58 sys=0.01, real=0.03 secs] 
5431.719: [GC 5431.719: [ParNew: 1351213K->99213K(1415616K), 0.0332320 secs] 1953196K->701196K(8231360K), 0.0334420 secs] [Times: user=0.51 sys=0.00, real=0.03 secs] 
5432.151: [GC 5432.151: [ParNew: 1357581K->103263K(1415616K), 0.0334690 secs] 1959564K->705245K(8231360K), 0.0336970 secs] [Times: user=0.53 sys=0.00, real=0.03 secs] 
5432.576: [GC 5432.576: [ParNew: 1361631K->108945K(1415616K), 0.0380110 secs] 1963613K->710927K(8231360K), 0.0382160 secs] [Times: user=0.58 sys=0.02, real=0.04 secs] 
5433.019: [GC 5433.019: [ParNew: 1367313K->109818K(1415616K), 0.0338350 secs] 1969295K->711800K(8231360K), 0.0340430 secs] [Times: user=0.51 sys=0.00, real=0.03 secs] 
5433.473: [GC 5433.473: [ParNew: 1368186K->97704K(1415616K), 0.0361060 secs] 1970168K->699686K(8231360K), 0.0363180 secs] [Times: user=0.56 sys=0.01, real=0.04 secs] 
5433.998: [GC 5433.999: [ParNew: 1356072K->102099K(1415616K), 0.0389590 secs] 1958054K->704081K(8231360K), 0.0391800 secs] [Times: user=0.61 sys=0.01, real=0.04 secs] 
5436.209: [GC 5436.209: [ParNew: 1360467K->101867K(1415616K), 0.0342930 secs] 1962449K->703849K(8231360K), 0.0345000 secs] [Times: user=0.53 sys=0.01, real=0.03 secs] 
5438.788: [GC 5438.788: [ParNew: 1360235K->106037K(1415616K), 0.0399850 secs] 1962217K->708020K(8231360K), 0.0403850 secs] [Times: user=0.62 sys=0.01, real=0.05 secs] 
5441.069: [GC 5441.069: [ParNew: 1364405K->106160K(1415616K), 0.0320320 secs] 1966388K->708143K(8231360K), 0.0322360 secs] [Times: user=0.49 sys=0.01, real=0.03 secs] 
5443.995: [GC 5443.995: [ParNew: 1364528K->88215K(1415616K), 0.0384860 secs] 1966511K->690197K(8231360K), 0.0387010 secs] [Times: user=0.58 sys=0.01, real=0.04 secs] 
5446.580: [GC 5446.580: [ParNew: 1346583K->99929K(1415616K), 0.0343280 secs] 1948565K->701911K(8231360K), 0.0345300 secs] [Times: user=0.53 sys=0.00, real=0.04 secs] 
5451.288: [GC 5451.288: [ParNew: 1358297K->91868K(1415616K), 0.0311010 secs] 1960279K->693850K(8231360K), 0.0313110 secs] [Times: user=0.48 sys=0.00, real=0.03 secs] 
5457.192: [GC 5457.192: [ParNew: 1350236K->81659K(1415616K), 0.0325390 secs] 1952218K->683642K(8231360K), 0.0327580 secs] [Times: user=0.50 sys=0.00, real=0.03 secs] 
5461.376: [GC 5461.376: [ParNew: 1340027K->91931K(1415616K), 0.0310820 secs] 1942010K->693914K(8231360K), 0.0312860 secs] [Times: user=0.48 sys=0.00, real=0.03 secs] 
5468.180: [GC 5468.180: [ParNew: 1350299K->90661K(1415616K), 0.0367660 secs] 1952282K->692643K(8231360K), 0.0369740 secs] [Times: user=0.56 sys=0.00, real=0.04 secs] 
5471.078: [GC 5471.078: [ParNew: 1349029K->90086K(1415616K), 0.0294280 secs] 1951011K->692069K(8231360K), 0.0296370 secs] [Times: user=0.44 sys=0.00, real=0.03 secs] 
5475.996: [GC 5475.996: [ParNew: 1348454K->86060K(1415616K), 0.0366700 secs] 1950437K->688042K(8231360K), 0.0368730 secs] [Times: user=0.57 sys=0.00, real=0.03 secs] 
5478.321: [GC 5478.321: [ParNew: 1344428K->100095K(1415616K), 0.0358520 secs] 1946410K->702077K(8231360K), 0.0360680 secs] [Times: user=0.55 sys=0.01, real=0.04 secs] 
5480.988: [GC 5480.988: [ParNew: 1358463K->80192K(1415616K), 0.0386680 secs] 1960445K->682174K(8231360K), 0.0388680 secs] [Times: user=0.60 sys=0.01, real=0.04 secs] 
5483.107: [GC 5483.107: [ParNew: 1338560K->100081K(1415616K), 0.0349380 secs] 1940542K->702063K(8231360K), 0.0351450 secs] [Times: user=0.55 sys=0.00, real=0.03 secs] 
5485.996: [GC 5485.996: [ParNew: 1358449K->94187K(1415616K), 0.0359880 secs] 1960431K->696169K(8231360K), 0.0361890 secs] [Times: user=0.55 sys=0.00, real=0.04 secs] 
5489.397: [GC 5489.397: [ParNew: 1352555K->92981K(1415616K), 0.0367290 secs] 1954537K->694964K(8231360K), 0.0369350 secs] [Times: user=0.57 sys=0.00, real=0.04 secs] 
5491.194: [GC 5491.194: [ParNew: 1351349K->96919K(1415616K), 0.0386520 secs] 1953332K->698901K(8231360K), 0.0388570 secs] [Times: user=0.59 sys=0.00, real=0.04 secs] 
5491.633: [GC 5491.633: [ParNew: 1355287K->96847K(1415616K), 0.0382260 secs] 1957269K->698829K(8231360K), 0.0384520 secs] [Times: user=0.59 sys=0.01, real=0.04 secs] 
5492.065: [GC 5492.065: [ParNew: 1355215K->92186K(1415616K), 0.0292600 secs] 1957197K->694168K(8231360K), 0.0294770 secs] [Times: user=0.45 sys=0.01, real=0.03 secs] 
5492.484: [GC 5492.484: [ParNew: 1350554K->100237K(1415616K), 0.0340160 secs] 1952536K->702220K(8231360K), 0.0342240 secs] [Times: user=0.52 sys=0.00, real=0.03 secs] 
5492.917: [GC 5492.918: [ParNew: 1358605K->109183K(1415616K), 0.0314860 secs] 1960588K->711165K(8231360K), 0.0317010 secs] [Times: user=0.47 sys=0.00, real=0.04 secs] 
5493.379: [GC 5493.379: [ParNew: 1367551K->102520K(1415616K), 0.0325850 secs] 1969533K->704502K(8231360K), 0.0328050 secs] [Times: user=0.51 sys=0.00, real=0.03 secs] 
5493.831: [GC 5493.831: [ParNew: 1360888K->107240K(1415616K), 0.0348520 secs] 1962870K->709223K(8231360K), 0.0350640 secs] [Times: user=0.54 sys=0.01, real=0.03 secs] 
5496.594: [GC 5496.594: [ParNew: 1365608K->116717K(1415616K), 0.0384980 secs] 1967591K->718700K(8231360K), 0.0387180 secs] [Times: user=0.59 sys=0.00, real=0.04 secs] 
5499.571: [GC 5499.571: [ParNew: 1375085K->83625K(1415616K), 0.0348910 secs] 1977068K->685608K(8231360K), 0.0350930 secs] [Times: user=0.54 sys=0.00, real=0.03 secs] 
5502.201: [GC 5502.201: [ParNew: 1341993K->106765K(1415616K), 0.0418710 secs] 1943976K->708748K(8231360K), 0.0420870 secs] [Times: user=0.65 sys=0.01, real=0.04 secs] 
5505.623: [GC 5505.623: [ParNew: 1365133K->89911K(1415616K), 0.0307050 secs] 1967116K->691894K(8231360K), 0.0309110 secs] [Times: user=0.47 sys=0.00, real=0.03 secs] 
5508.391: [GC 5508.391: [ParNew: 1348279K->87713K(1415616K), 0.0367730 secs] 1950262K->689695K(8231360K), 0.0369770 secs] [Times: user=0.57 sys=0.00, real=0.03 secs] 
5511.015: [GC 5511.015: [ParNew: 1346081K->89710K(1415616K), 0.0325390 secs] 1948063K->691693K(8231360K), 0.0327410 secs] [Times: user=0.51 sys=0.00, real=0.03 secs] 
5513.017: [GC 5513.017: [ParNew: 1348078K->99773K(1415616K), 0.0337980 secs] 1950061K->701755K(8231360K), 0.0340060 secs] [Times: user=0.53 sys=0.00, real=0.03 secs] 
5517.638: [GC 5517.638: [ParNew: 1358141K->98691K(1415616K), 0.0323180 secs] 1960123K->700673K(8231360K), 0.0325250 secs] [Times: user=0.49 sys=0.00, real=0.03 secs] 
5523.183: [GC 5523.184: [ParNew: 1357059K->87103K(1415616K), 0.0302600 secs] 1959041K->689086K(8231360K), 0.0304740 secs] [Times: user=0.46 sys=0.00, real=0.03 secs] 
5528.804: [GC 5528.804: [ParNew: 1345471K->86529K(1415616K), 0.0357350 secs] 1947454K->688511K(8231360K), 0.0359400 secs] [Times: user=0.54 sys=0.01, real=0.04 secs] 
5534.373: [GC 5534.374: [ParNew: 1344897K->83824K(1415616K), 0.0351960 secs] 1946879K->685807K(8231360K), 0.0354170 secs] [Times: user=0.55 sys=0.01, real=0.04 secs] 
5538.994: [GC 5538.994: [ParNew: 1342192K->94700K(1415616K), 0.0370980 secs] 1944175K->696682K(8231360K), 0.0373150 secs] [Times: user=0.57 sys=0.01, real=0.04 secs] 
5542.386: [GC 5542.386: [ParNew: 1353068K->91459K(1415616K), 0.0371690 secs] 1955050K->693442K(8231360K), 0.0373920 secs] [Times: user=0.57 sys=0.01, real=0.04 secs] 
5544.380: [GC 5544.380: [ParNew: 1349827K->91927K(1415616K), 0.0365780 secs] 1951810K->693909K(8231360K), 0.0368150 secs] [Times: user=0.57 sys=0.01, real=0.03 secs] 
5548.197: [GC 5548.197: [ParNew: 1350295K->95531K(1415616K), 0.0387300 secs] 1952277K->697514K(8231360K), 0.0389430 secs] [Times: user=0.58 sys=0.01, real=0.04 secs] 
5551.184: [GC 5551.185: [ParNew: 1353899K->101529K(1415616K), 0.0326360 secs] 1955882K->703511K(8231360K), 0.0328540 secs] [Times: user=0.51 sys=0.00, real=0.03 secs] 
5551.612: [GC 5551.612: [ParNew: 1359897K->77837K(1415616K), 0.0371840 secs] 1961879K->679820K(8231360K), 0.0373900 secs] [Times: user=0.58 sys=0.01, real=0.03 secs] 
5552.049: [GC 5552.049: [ParNew: 1336205K->102728K(1415616K), 0.0354370 secs] 1938188K->704710K(8231360K), 0.0356480 secs] [Times: user=0.56 sys=0.01, real=0.04 secs] 
5552.481: [GC 5552.481: [ParNew: 1361096K->107392K(1415616K), 0.0324070 secs] 1963078K->709374K(8231360K), 0.0326190 secs] [Times: user=0.50 sys=0.01, real=0.03 secs] 
5552.911: [GC 5552.911: [ParNew: 1365760K->83192K(1415616K), 0.0309960 secs] 1967742K->685174K(8231360K), 0.0312000 secs] [Times: user=0.48 sys=0.00, real=0.03 secs] 
5553.367: [GC 5553.367: [ParNew: 1341560K->100717K(1415616K), 0.0327410 secs] 1943542K->702700K(8231360K), 0.0329480 secs] [Times: user=0.50 sys=0.01, real=0.04 secs] 
5553.897: [GC 5553.897: [ParNew: 1359085K->97289K(1415616K), 0.0386400 secs] 1961068K->699271K(8231360K), 0.0388490 secs] [Times: user=0.60 sys=0.01, real=0.04 secs] 
5556.582: [GC 5556.582: [ParNew: 1355657K->94883K(1415616K), 0.0343970 secs] 1957639K->696866K(8231360K), 0.0346150 secs] [Times: user=0.54 sys=0.00, real=0.03 secs] 
5559.068: [GC 5559.068: [ParNew: 1353251K->106167K(1415616K), 0.0328020 secs] 1955234K->708149K(8231360K), 0.0330070 secs] [Times: user=0.50 sys=0.00, real=0.04 secs] 
5563.395: [GC 5563.395: [ParNew: 1364535K->79052K(1415616K), 0.0357110 secs] 1966517K->681034K(8231360K), 0.0359340 secs] [Times: user=0.56 sys=0.00, real=0.04 secs] 
5565.602: [GC 5565.602: [ParNew: 1337420K->102270K(1415616K), 0.0366160 secs] 1939402K->704252K(8231360K), 0.0368300 secs] [Times: user=0.58 sys=0.00, real=0.04 secs] 
5568.644: [GC 5568.644: [ParNew: 1360638K->104620K(1415616K), 0.0379560 secs] 1962620K->706602K(8231360K), 0.0381700 secs] [Times: user=0.59 sys=0.01, real=0.04 secs] 
5571.246: [GC 5571.246: [ParNew: 1362988K->87874K(1415616K), 0.0384240 secs] 1964970K->689857K(8231360K), 0.0386340 secs] [Times: user=0.59 sys=0.01, real=0.04 secs] 
5572.786: [GC 5572.786: [ParNew: 1346242K->103979K(1415616K), 0.0311880 secs] 1948225K->705962K(8231360K), 0.0313990 secs] [Times: user=0.49 sys=0.00, real=0.03 secs] 
5575.799: [GC 5575.799: [ParNew: 1362347K->93230K(1415616K), 0.0393070 secs] 1964330K->695213K(8231360K), 0.0395190 secs] [Times: user=0.61 sys=0.00, real=0.04 secs] 
5578.789: [GC 5578.789: [ParNew: 1351598K->94965K(1415616K), 0.0331270 secs] 1953581K->696947K(8231360K), 0.0333380 secs] [Times: user=0.52 sys=0.01, real=0.03 secs] 
5583.774: [GC 5583.774: [ParNew: 1353333K->93632K(1415616K), 0.0367830 secs] 1955315K->695614K(8231360K), 0.0369830 secs] [Times: user=0.57 sys=0.00, real=0.04 secs] 
5588.797: [GC 5588.797: [ParNew: 1352000K->84299K(1415616K), 0.0321510 secs] 1953982K->686282K(8231360K), 0.0323620 secs] [Times: user=0.51 sys=0.00, real=0.03 secs] 
5591.047: [GC 5591.047: [ParNew: 1342667K->93845K(1415616K), 0.0328210 secs] 1944650K->695827K(8231360K), 0.0330550 secs] [Times: user=0.51 sys=0.00, real=0.04 secs] 
5594.408: [GC 5594.408: [ParNew: 1352213K->89846K(1415616K), 0.0369510 secs] 1954195K->691829K(8231360K), 0.0371550 secs] [Times: user=0.58 sys=0.01, real=0.03 secs] 
5600.986: [GC 5600.986: [ParNew: 1348214K->88444K(1415616K), 0.0293190 secs] 1950197K->690427K(8231360K), 0.0295240 secs] [Times: user=0.45 sys=0.00, real=0.03 secs] 
5607.590: [GC 5607.591: [ParNew: 1346812K->90173K(1415616K), 0.0347490 secs] 1948795K->692156K(8231360K), 0.0349670 secs] [Times: user=0.54 sys=0.01, real=0.03 secs] 
5609.785: [GC 5609.786: [ParNew: 1348541K->94061K(1415616K), 0.0317740 secs] 1950524K->696044K(8231360K), 0.0319860 secs] [Times: user=0.50 sys=0.00, real=0.03 secs] 
5611.316: [GC 5611.316: [ParNew: 1352429K->95654K(1415616K), 0.0345020 secs] 1954412K->697637K(8231360K), 0.0347080 secs] [Times: user=0.53 sys=0.01, real=0.04 secs] 
5611.748: [GC 5611.748: [ParNew: 1354022K->106448K(1415616K), 0.0360070 secs] 1956005K->708430K(8231360K), 0.0362160 secs] [Times: user=0.56 sys=0.00, real=0.04 secs] 
5612.197: [GC 5612.197: [ParNew: 1364816K->77789K(1415616K), 0.0322940 secs] 1966798K->679772K(8231360K), 0.0325070 secs] [Times: user=0.50 sys=0.01, real=0.03 secs] 
5614.390: [GC 5614.390: [ParNew: 1336157K->96392K(1415616K), 0.0396790 secs] 1938140K->698374K(8231360K), 0.0398850 secs] [Times: user=0.61 sys=0.01, real=0.04 secs] 
5617.391: [GC 5617.391: [ParNew: 1354760K->96462K(1415616K), 0.0348170 secs] 1956742K->698444K(8231360K), 0.0350520 secs] [Times: user=0.54 sys=0.00, real=0.04 secs] 
5620.786: [GC 5620.787: [ParNew: 1354830K->94879K(1415616K), 0.0296870 secs] 1956812K->696862K(8231360K), 0.0299070 secs] [Times: user=0.44 sys=0.00, real=0.03 secs] 
5623.908: [GC 5623.908: [ParNew: 1353247K->98624K(1415616K), 0.0389220 secs] 1955230K->700606K(8231360K), 0.0391260 secs] [Times: user=0.60 sys=0.01, real=0.04 secs] 
5627.186: [GC 5627.186: [ParNew: 1356992K->93047K(1415616K), 0.0378540 secs] 1958974K->695030K(8231360K), 0.0380610 secs] [Times: user=0.58 sys=0.01, real=0.04 secs] 
5630.397: [GC 5630.397: [ParNew: 1351415K->99922K(1415616K), 0.0367640 secs] 1953398K->701904K(8231360K), 0.0369680 secs] [Times: user=0.56 sys=0.00, real=0.03 secs] 
5633.235: [GC 5633.235: [ParNew: 1358290K->90394K(1415616K), 0.0332120 secs] 1960272K->692376K(8231360K), 0.0334200 secs] [Times: user=0.51 sys=0.00, real=0.03 secs] 
5637.285: [GC 5637.285: [ParNew: 1348762K->90981K(1415616K), 0.0316530 secs] 1950744K->692963K(8231360K), 0.0318690 secs] [Times: user=0.49 sys=0.01, real=0.04 secs] 
5640.270: [GC 5640.270: [ParNew: 1349349K->86689K(1415616K), 0.0364340 secs] 1951331K->688671K(8231360K), 0.0366450 secs] [Times: user=0.57 sys=0.00, real=0.04 secs] 
5643.997: [GC 5643.997: [ParNew: 1345057K->81515K(1415616K), 0.0376330 secs] 1947039K->683497K(8231360K), 0.0378470 secs] [Times: user=0.56 sys=0.01, real=0.03 secs] 
5647.610: [GC 5647.610: [ParNew: 1339883K->93971K(1415616K), 0.0371170 secs] 1941865K->695953K(8231360K), 0.0373250 secs] [Times: user=0.58 sys=0.00, real=0.04 secs] 
5649.775: [GC 5649.775: [ParNew: 1352339K->97517K(1415616K), 0.0334270 secs] 1954321K->699500K(8231360K), 0.0336370 secs] [Times: user=0.52 sys=0.00, real=0.04 secs] 
5651.045: [GC 5651.045: [ParNew: 1355885K->87798K(1415616K), 0.0311940 secs] 1957868K->689780K(8231360K), 0.0314070 secs] [Times: user=0.48 sys=0.00, real=0.03 secs] 
5653.982: [GC 5653.982: [ParNew: 1346166K->81648K(1415616K), 0.0337780 secs] 1948148K->683631K(8231360K), 0.0339930 secs] [Times: user=0.52 sys=0.00, real=0.03 secs] 
5657.400: [GC 5657.400: [ParNew: 1340016K->97056K(1415616K), 0.0360890 secs] 1941999K->699038K(8231360K), 0.0363190 secs] [Times: user=0.56 sys=0.01, real=0.03 secs] 
5661.189: [GC 5661.189: [ParNew: 1355424K->97857K(1415616K), 0.0356890 secs] 1957406K->699840K(8231360K), 0.0359040 secs] [Times: user=0.56 sys=0.00, real=0.03 secs] 
5664.998: [GC 5664.998: [ParNew: 1356225K->92916K(1415616K), 0.0375690 secs] 1958208K->694898K(8231360K), 0.0377950 secs] [Times: user=0.57 sys=0.00, real=0.04 secs] 
5667.607: [GC 5667.607: [ParNew: 1351284K->96942K(1415616K), 0.0385620 secs] 1953266K->698924K(8231360K), 0.0387690 secs] [Times: user=0.58 sys=0.00, real=0.04 secs] 
5671.207: [GC 5671.207: [ParNew: 1355310K->92991K(1415616K), 0.0379860 secs] 1957292K->694974K(8231360K), 0.0382080 secs] [Times: user=0.59 sys=0.01, real=0.04 secs] 
5671.640: [GC 5671.641: [ParNew: 1351359K->91664K(1415616K), 0.0312710 secs] 1953342K->693646K(8231360K), 0.0314810 secs] [Times: user=0.49 sys=0.00, real=0.04 secs] 
5672.068: [GC 5672.068: [ParNew: 1350032K->97200K(1415616K), 0.0325160 secs] 1952014K->699182K(8231360K), 0.0327190 secs] [Times: user=0.50 sys=0.01, real=0.03 secs] 
5672.495: [GC 5672.496: [ParNew: 1355568K->105942K(1415616K), 0.0362750 secs] 1957550K->707924K(8231360K), 0.0364830 secs] [Times: user=0.56 sys=0.00, real=0.04 secs] 
5672.929: [GC 5672.929: [ParNew: 1364310K->78460K(1415616K), 0.0332060 secs] 1966292K->680442K(8231360K), 0.0334110 secs] [Times: user=0.51 sys=0.01, real=0.04 secs] 
5673.388: [GC 5673.388: [ParNew: 1336828K->92397K(1415616K), 0.0339920 secs] 1938810K->694379K(8231360K), 0.0342080 secs] [Times: user=0.53 sys=0.00, real=0.04 secs] 
5674.181: [GC 5674.181: [ParNew: 1350765K->99070K(1415616K), 0.0368680 secs] 1952747K->701053K(8231360K), 0.0370720 secs] [Times: user=0.56 sys=0.01, real=0.04 secs] 
5680.067: [GC 5680.068: [ParNew: 1357438K->88214K(1415616K), 0.0358800 secs] 1959421K->690196K(8231360K), 0.0361280 secs] [Times: user=0.56 sys=0.01, real=0.04 secs] 
5684.981: [GC 5684.981: [ParNew: 1346582K->79894K(1415616K), 0.0348540 secs] 1948564K->681876K(8231360K), 0.0350700 secs] [Times: user=0.54 sys=0.00, real=0.04 secs] 
5688.572: [GC 5688.573: [ParNew: 1338262K->83596K(1415616K), 0.0354400 secs] 1940244K->685579K(8231360K), 0.0356450 secs] [Times: user=0.54 sys=0.00, real=0.04 secs] 
5691.498: [GC 5691.498: [ParNew: 1341964K->94911K(1415616K), 0.0372980 secs] 1943947K->696893K(8231360K), 0.0375140 secs] [Times: user=0.57 sys=0.00, real=0.04 secs] 
5693.841: [GC 5693.842: [ParNew: 1353279K->104129K(1415616K), 0.0343490 secs] 1955261K->706112K(8231360K), 0.0345620 secs] [Times: user=0.53 sys=0.00, real=0.04 secs] 
5696.594: [GC 5696.594: [ParNew: 1362497K->105018K(1415616K), 0.0375860 secs] 1964480K->707001K(8231360K), 0.0377940 secs] [Times: user=0.60 sys=0.00, real=0.04 secs] 
5699.774: [GC 5699.774: [ParNew: 1363386K->96299K(1415616K), 0.0399090 secs] 1965369K->698281K(8231360K), 0.0401250 secs] [Times: user=0.62 sys=0.00, real=0.04 secs] 
5704.571: [GC 5704.571: [ParNew: 1354667K->93298K(1415616K), 0.0363120 secs] 1956649K->695280K(8231360K), 0.0365200 secs] [Times: user=0.56 sys=0.01, real=0.04 secs] 
5709.689: [GC 5709.689: [ParNew: 1351666K->85844K(1415616K), 0.0370950 secs] 1953648K->687826K(8231360K), 0.0373050 secs] [Times: user=0.57 sys=0.01, real=0.03 secs] 
5710.933: [GC 5710.934: [ParNew: 1344212K->92666K(1415616K), 0.0364500 secs] 1946194K->694649K(8231360K), 0.0366600 secs] [Times: user=0.55 sys=0.01, real=0.04 secs] 
5711.598: [GC 5711.598: [ParNew: 1351034K->104718K(1415616K), 0.0378050 secs] 1953017K->706701K(8231360K), 0.0380090 secs] [Times: user=0.58 sys=0.01, real=0.04 secs] 
5714.629: [GC 5714.629: [ParNew: 1363086K->75368K(1415616K), 0.0353780 secs] 1965069K->677350K(8231360K), 0.0355940 secs] [Times: user=0.54 sys=0.00, real=0.04 secs] 
5718.389: [GC 5718.389: [ParNew: 1333736K->99368K(1415616K), 0.0403170 secs] 1935718K->701350K(8231360K), 0.0405470 secs] [Times: user=0.63 sys=0.01, real=0.05 secs] 
5723.600: [GC 5723.600: [ParNew: 1357736K->87303K(1415616K), 0.0336280 secs] 1959718K->689286K(8231360K), 0.0338520 secs] [Times: user=0.53 sys=0.00, real=0.04 secs] 
5727.677: [GC 5727.677: [ParNew: 1345671K->93298K(1415616K), 0.0343410 secs] 1947654K->695280K(8231360K), 0.0345510 secs] [Times: user=0.54 sys=0.00, real=0.04 secs] 
5731.176: [GC 5731.176: [ParNew: 1351666K->88203K(1415616K), 0.0332200 secs] 1953648K->690185K(8231360K), 0.0334280 secs] [Times: user=0.51 sys=0.00, real=0.03 secs] 
5731.598: [GC 5731.598: [ParNew: 1346571K->95152K(1415616K), 0.0314900 secs] 1948553K->697134K(8231360K), 0.0317200 secs] [Times: user=0.47 sys=0.01, real=0.03 secs] 
5732.023: [GC 5732.023: [ParNew: 1353520K->98775K(1415616K), 0.0353920 secs] 1955502K->700758K(8231360K), 0.0356030 secs] [Times: user=0.55 sys=0.01, real=0.03 secs] 
5732.453: [GC 5732.453: [ParNew: 1357143K->100325K(1415616K), 0.0332230 secs] 1959126K->702307K(8231360K), 0.0334290 secs] [Times: user=0.51 sys=0.00, real=0.03 secs] 
5732.882: [GC 5732.882: [ParNew: 1358693K->93498K(1415616K), 0.0313760 secs] 1960675K->695480K(8231360K), 0.0315790 secs] [Times: user=0.48 sys=0.00, real=0.04 secs] 
5733.336: [GC 5733.336: [ParNew: 1351866K->98085K(1415616K), 0.0376580 secs] 1953848K->700067K(8231360K), 0.0378630 secs] [Times: user=0.58 sys=0.01, real=0.04 secs] 
5734.172: [GC 5734.172: [ParNew: 1356453K->98866K(1415616K), 0.0411520 secs] 1958435K->700849K(8231360K), 0.0413620 secs] [Times: user=0.64 sys=0.00, real=0.05 secs] 
5736.016: [GC 5736.016: [ParNew: 1357234K->103559K(1415616K), 0.0309610 secs] 1959217K->705542K(8231360K), 0.0311720 secs] [Times: user=0.48 sys=0.00, real=0.03 secs] 
5740.587: [GC 5740.587: [ParNew: 1361927K->102020K(1415616K), 0.0409730 secs] 1963910K->704002K(8231360K), 0.0411750 secs] [Times: user=0.62 sys=0.01, real=0.04 secs] 
5745.122: [GC 5745.122: [ParNew: 1360388K->82696K(1415616K), 0.0382730 secs] 1962370K->684679K(8231360K), 0.0384990 secs] [Times: user=0.60 sys=0.00, real=0.04 secs] 
5748.384: [GC 5748.384: [ParNew: 1341064K->85099K(1415616K), 0.0365070 secs] 1943047K->687082K(8231360K), 0.0367110 secs] [Times: user=0.56 sys=0.01, real=0.04 secs] 
5753.395: [GC 5753.395: [ParNew: 1343467K->90435K(1415616K), 0.0359610 secs] 1945450K->692417K(8231360K), 0.0361760 secs] [Times: user=0.55 sys=0.01, real=0.04 secs] 
5758.103: [GC 5758.103: [ParNew: 1348803K->85162K(1415616K), 0.0345380 secs] 1950785K->687144K(8231360K), 0.0347640 secs] [Times: user=0.53 sys=0.00, real=0.04 secs] 
5763.089: [GC 5763.089: [ParNew: 1343530K->88407K(1415616K), 0.0368130 secs] 1945512K->690389K(8231360K), 0.0370260 secs] [Times: user=0.55 sys=0.02, real=0.03 secs] 
5765.394: [GC 5765.394: [ParNew: 1346775K->97416K(1415616K), 0.0380490 secs] 1948757K->699398K(8231360K), 0.0382660 secs] [Times: user=0.59 sys=0.01, real=0.04 secs] 
5767.708: [GC 5767.708: [ParNew: 1355784K->90933K(1415616K), 0.0308140 secs] 1957766K->692916K(8231360K), 0.0310260 secs] [Times: user=0.48 sys=0.00, real=0.04 secs] 
5769.989: [GC 5769.989: [ParNew: 1349301K->96417K(1415616K), 0.0329080 secs] 1951284K->698399K(8231360K), 0.0331160 secs] [Times: user=0.51 sys=0.00, real=0.04 secs] 
5771.149: [GC 5771.149: [ParNew: 1354785K->94609K(1415616K), 0.0356340 secs] 1956767K->696592K(8231360K), 0.0358460 secs] [Times: user=0.55 sys=0.00, real=0.04 secs] 
5776.444: [GC 5776.444: [ParNew: 1352977K->84192K(1415616K), 0.0336200 secs] 1954960K->686174K(8231360K), 0.0338330 secs] [Times: user=0.51 sys=0.00, real=0.03 secs] 
5779.598: [GC 5779.598: [ParNew: 1342560K->92976K(1415616K), 0.0361230 secs] 1944542K->694958K(8231360K), 0.0363250 secs] [Times: user=0.54 sys=0.00, real=0.04 secs] 
5782.794: [GC 5782.794: [ParNew: 1351344K->87623K(1415616K), 0.0370550 secs] 1953326K->689605K(8231360K), 0.0372820 secs] [Times: user=0.56 sys=0.01, real=0.03 secs] 
5786.375: [GC 5786.375: [ParNew: 1345991K->87534K(1415616K), 0.0310960 secs] 1947973K->689517K(8231360K), 0.0313100 secs] [Times: user=0.48 sys=0.01, real=0.03 secs] 
5790.956: [GC 5790.956: [ParNew: 1345902K->91182K(1415616K), 0.0386010 secs] 1947885K->693165K(8231360K), 0.0388150 secs] [Times: user=0.60 sys=0.01, real=0.04 secs] 
5791.398: [GC 5791.398: [ParNew: 1349550K->104221K(1415616K), 0.0311970 secs] 1951533K->706203K(8231360K), 0.0314090 secs] [Times: user=0.49 sys=0.00, real=0.03 secs] 
5791.824: [GC 5791.824: [ParNew: 1362589K->81957K(1415616K), 0.0328950 secs] 1964571K->683939K(8231360K), 0.0331040 secs] [Times: user=0.51 sys=0.00, real=0.03 secs] 
5792.254: [GC 5792.254: [ParNew: 1340325K->98808K(1415616K), 0.0313360 secs] 1942307K->700791K(8231360K), 0.0315610 secs] [Times: user=0.49 sys=0.00, real=0.03 secs] 
5792.685: [GC 5792.685: [ParNew: 1357176K->99741K(1415616K), 0.0395460 secs] 1959159K->701723K(8231360K), 0.0397600 secs] [Times: user=0.62 sys=0.01, real=0.04 secs] 
5793.140: [GC 5793.140: [ParNew: 1358109K->98046K(1415616K), 0.0363490 secs] 1960091K->700029K(8231360K), 0.0365550 secs] [Times: user=0.57 sys=0.00, real=0.04 secs] 
5793.653: [GC 5793.653: [ParNew: 1356414K->103018K(1415616K), 0.0325740 secs] 1958397K->705001K(8231360K), 0.0327830 secs] [Times: user=0.50 sys=0.01, real=0.04 secs] 
5795.810: [GC 5795.810: [ParNew: 1361386K->95329K(1415616K), 0.0369440 secs] 1963369K->697312K(8231360K), 0.0371620 secs] [Times: user=0.58 sys=0.00, real=0.04 secs] 
5799.393: [GC 5799.393: [ParNew: 1353697K->95691K(1415616K), 0.0307890 secs] 1955680K->697673K(8231360K), 0.0309910 secs] [Times: user=0.47 sys=0.00, real=0.03 secs] 
5802.111: [GC 5802.112: [ParNew: 1354059K->84773K(1415616K), 0.0338890 secs] 1956041K->686755K(8231360K), 0.0341070 secs] [Times: user=0.53 sys=0.00, real=0.04 secs] 
5804.398: [GC 5804.398: [ParNew: 1343141K->94167K(1415616K), 0.0324440 secs] 1945123K->696150K(8231360K), 0.0326490 secs] [Times: user=0.51 sys=0.00, real=0.03 secs] 
5806.997: [GC 5806.997: [ParNew: 1352535K->107176K(1415616K), 0.0391570 secs] 1954518K->709159K(8231360K), 0.0393620 secs] [Times: user=0.61 sys=0.01, real=0.04 secs] 
5811.813: [GC 5811.813: [ParNew: 1365544K->92444K(1415616K), 0.0356230 secs] 1967527K->694426K(8231360K), 0.0358430 secs] [Times: user=0.56 sys=0.01, real=0.04 secs] 
5817.980: [GC 5817.981: [ParNew: 1350812K->83026K(1415616K), 0.0371920 secs] 1952794K->685008K(8231360K), 0.0374030 secs] [Times: user=0.56 sys=0.01, real=0.03 secs] 
5823.506: [GC 5823.506: [ParNew: 1341394K->82463K(1415616K), 0.0353470 secs] 1943376K->684445K(8231360K), 0.0355600 secs] [Times: user=0.54 sys=0.00, real=0.04 secs] 
5826.383: [GC 5826.383: [ParNew: 1340831K->93968K(1415616K), 0.0334170 secs] 1942813K->695950K(8231360K), 0.0336370 secs] [Times: user=0.51 sys=0.00, real=0.03 secs] 
5830.901: [GC 5830.902: [ParNew: 1352336K->101758K(1415616K), 0.0394420 secs] 1954318K->703741K(8231360K), 0.0396660 secs] [Times: user=0.60 sys=0.01, real=0.04 secs] 
5832.597: [GC 5832.597: [ParNew: 1360126K->77032K(1415616K), 0.0327720 secs] 1962109K->679015K(8231360K), 0.0329890 secs] [Times: user=0.50 sys=0.01, real=0.03 secs] 
5835.850: [GC 5835.851: [ParNew: 1335400K->92138K(1415616K), 0.0336630 secs] 1937383K->694120K(8231360K), 0.0338820 secs] [Times: user=0.51 sys=0.00, real=0.04 secs] 
5837.258: [GC 5837.258: [ParNew: 1350506K->99297K(1415616K), 0.0360000 secs] 1952488K->701280K(8231360K), 0.0362070 secs] [Times: user=0.56 sys=0.01, real=0.04 secs] 
5841.478: [GC 5841.478: [ParNew: 1357665K->90688K(1415616K), 0.0308870 secs] 1959648K->692670K(8231360K), 0.0310900 secs] [Times: user=0.48 sys=0.00, real=0.03 secs] 
5847.403: [GC 5847.403: [ParNew: 1349056K->82718K(1415616K), 0.0288350 secs] 1951038K->684701K(8231360K), 0.0290530 secs] [Times: user=0.45 sys=0.00, real=0.03 secs] 
5850.504: [GC 5850.504: [ParNew: 1341086K->93293K(1415616K), 0.0346910 secs] 1943069K->695275K(8231360K), 0.0349070 secs] [Times: user=0.55 sys=0.00, real=0.03 secs] 
5851.304: [GC 5851.304: [ParNew: 1351661K->97774K(1415616K), 0.0358500 secs] 1953643K->699756K(8231360K), 0.0360710 secs] [Times: user=0.55 sys=0.01, real=0.04 secs] 
5851.732: [GC 5851.732: [ParNew: 1356142K->93567K(1415616K), 0.0370210 secs] 1958124K->695549K(8231360K), 0.0372330 secs] [Times: user=0.58 sys=0.01, real=0.04 secs] 
5852.165: [GC 5852.165: [ParNew: 1351935K->96865K(1415616K), 0.0369480 secs] 1953917K->698847K(8231360K), 0.0371570 secs] [Times: user=0.55 sys=0.01, real=0.03 secs] 
5852.599: [GC 5852.599: [ParNew: 1355233K->98409K(1415616K), 0.0369280 secs] 1957215K->700391K(8231360K), 0.0371320 secs] [Times: user=0.57 sys=0.01, real=0.04 secs] 
5853.030: [GC 5853.030: [ParNew: 1356777K->94827K(1415616K), 0.0380130 secs] 1958759K->696809K(8231360K), 0.0382200 secs] [Times: user=0.58 sys=0.01, real=0.04 secs] 
5853.500: [GC 5853.501: [ParNew: 1353195K->108918K(1415616K), 0.0390630 secs] 1955177K->710901K(8231360K), 0.0392690 secs] [Times: user=0.60 sys=0.00, real=0.04 secs] 
5855.003: [GC 5855.003: [ParNew: 1367286K->98254K(1415616K), 0.0356240 secs] 1969269K->700236K(8231360K), 0.0358330 secs] [Times: user=0.54 sys=0.01, real=0.04 secs] 
5861.622: [GC 5861.622: [ParNew: 1356622K->74880K(1415616K), 0.0373460 secs] 1958604K->676862K(8231360K), 0.0375470 secs] [Times: user=0.57 sys=0.00, real=0.04 secs] 
5865.145: [GC 5865.145: [ParNew: 1333248K->79803K(1415616K), 0.0390670 secs] 1935230K->681785K(8231360K), 0.0392760 secs] [Times: user=0.61 sys=0.01, real=0.04 secs] 
5868.808: [GC 5868.808: [ParNew: 1338171K->93929K(1415616K), 0.0334620 secs] 1940153K->695912K(8231360K), 0.0336720 secs] [Times: user=0.51 sys=0.00, real=0.03 secs] 
5870.827: [GC 5870.827: [ParNew: 1352297K->95724K(1415616K), 0.0393610 secs] 1954280K->697707K(8231360K), 0.0395780 secs] [Times: user=0.60 sys=0.00, real=0.04 secs] 
5871.274: [GC 5871.274: [ParNew: 1354092K->91782K(1415616K), 0.0364710 secs] 1956075K->693765K(8231360K), 0.0366870 secs] [Times: user=0.56 sys=0.01, real=0.04 secs] 
5871.706: [GC 5871.706: [ParNew: 1350150K->97751K(1415616K), 0.0376320 secs] 1952133K->699733K(8231360K), 0.0378510 secs] [Times: user=0.59 sys=0.00, real=0.04 secs] 
5872.909: [GC 5872.909: [ParNew: 1356119K->103268K(1415616K), 0.0347280 secs] 1958101K->705250K(8231360K), 0.0349510 secs] [Times: user=0.54 sys=0.00, real=0.03 secs] 
5875.180: [GC 5875.180: [ParNew: 1361636K->101531K(1415616K), 0.0366060 secs] 1963618K->703514K(8231360K), 0.0368200 secs] [Times: user=0.58 sys=0.01, real=0.03 secs] 
5878.786: [GC 5878.786: [ParNew: 1359899K->117151K(1415616K), 0.0397670 secs] 1961882K->719134K(8231360K), 0.0399830 secs] [Times: user=0.62 sys=0.01, real=0.04 secs] 
5887.380: [GC 5887.380: [ParNew: 1375519K->78689K(1415616K), 0.0316110 secs] 1977502K->680671K(8231360K), 0.0318290 secs] [Times: user=0.48 sys=0.01, real=0.04 secs] 
5891.019: [GC 5891.019: [ParNew: 1337057K->89065K(1415616K), 0.0358250 secs] 1939039K->691047K(8231360K), 0.0360290 secs] [Times: user=0.54 sys=0.01, real=0.04 secs] 
5893.797: [GC 5893.797: [ParNew: 1347433K->90397K(1415616K), 0.0338610 secs] 1949415K->692379K(8231360K), 0.0340600 secs] [Times: user=0.52 sys=0.00, real=0.03 secs] 
5898.622: [GC 5898.622: [ParNew: 1348765K->92471K(1415616K), 0.0335170 secs] 1950747K->694454K(8231360K), 0.0337310 secs] [Times: user=0.51 sys=0.01, real=0.04 secs] 
5901.417: [GC 5901.417: [ParNew: 1350839K->95155K(1415616K), 0.0375590 secs] 1952822K->697138K(8231360K), 0.0377650 secs] [Times: user=0.58 sys=0.01, real=0.04 secs] 
5905.986: [GC 5905.986: [ParNew: 1353523K->97194K(1415616K), 0.0355550 secs] 1955506K->699177K(8231360K), 0.0357710 secs] [Times: user=0.56 sys=0.00, real=0.03 secs] 
5908.820: [GC 5908.821: [ParNew: 1355562K->98463K(1415616K), 0.0397250 secs] 1957545K->700446K(8231360K), 0.0399260 secs] [Times: user=0.62 sys=0.01, real=0.04 secs] 
5911.064: [GC 5911.064: [ParNew: 1356831K->98657K(1415616K), 0.0290790 secs] 1958814K->700640K(8231360K), 0.0292990 secs] [Times: user=0.45 sys=0.00, real=0.03 secs] 
5911.501: [GC 5911.501: [ParNew: 1357025K->91461K(1415616K), 0.0287560 secs] 1959008K->693443K(8231360K), 0.0289650 secs] [Times: user=0.44 sys=0.00, real=0.03 secs] 
5911.933: [GC 5911.934: [ParNew: 1349829K->91520K(1415616K), 0.0304350 secs] 1951811K->693503K(8231360K), 0.0306480 secs] [Times: user=0.47 sys=0.00, real=0.03 secs] 
5912.359: [GC 5912.359: [ParNew: 1349888K->101202K(1415616K), 0.0350530 secs] 1951871K->703184K(8231360K), 0.0352620 secs] [Times: user=0.54 sys=0.00, real=0.03 secs] 
5912.793: [GC 5912.793: [ParNew: 1359570K->103993K(1415616K), 0.0358820 secs] 1961552K->705975K(8231360K), 0.0360980 secs] [Times: user=0.56 sys=0.00, real=0.04 secs] 
5913.249: [GC 5913.250: [ParNew: 1362361K->104593K(1415616K), 0.0365930 secs] 1964343K->706576K(8231360K), 0.0368060 secs] [Times: user=0.58 sys=0.00, real=0.04 secs] 
5914.860: [GC 5914.860: [ParNew: 1362961K->96768K(1415616K), 0.0369030 secs] 1964944K->698750K(8231360K), 0.0371110 secs] [Times: user=0.58 sys=0.00, real=0.04 secs] 
5917.777: [GC 5917.777: [ParNew: 1355136K->99899K(1415616K), 0.0376870 secs] 1957118K->701882K(8231360K), 0.0379040 secs] [Times: user=0.59 sys=0.00, real=0.03 secs] 
5919.374: [GC 5919.374: [ParNew: 1358267K->104963K(1415616K), 0.0294930 secs] 1960250K->706946K(8231360K), 0.0297020 secs] [Times: user=0.46 sys=0.00, real=0.03 secs] 
5923.827: [GC 5923.827: [ParNew: 1363331K->89867K(1415616K), 0.0324820 secs] 1965314K->691850K(8231360K), 0.0326920 secs] [Times: user=0.50 sys=0.00, real=0.04 secs] 
5927.375: [GC 5927.375: [ParNew: 1348235K->90485K(1415616K), 0.0348430 secs] 1950218K->692468K(8231360K), 0.0350440 secs] [Times: user=0.53 sys=0.00, real=0.04 secs] 
5932.787: [GC 5932.787: [ParNew: 1348853K->80915K(1415616K), 0.0354270 secs] 1950836K->682897K(8231360K), 0.0356320 secs] [Times: user=0.54 sys=0.00, real=0.04 secs] 
5935.786: [GC 5935.786: [ParNew: 1339283K->100561K(1415616K), 0.0292340 secs] 1941265K->702543K(8231360K), 0.0294410 secs] [Times: user=0.46 sys=0.00, real=0.03 secs] 
5939.601: [GC 5939.601: [ParNew: 1358929K->101809K(1415616K), 0.0352780 secs] 1960911K->703791K(8231360K), 0.0354850 secs] [Times: user=0.55 sys=0.01, real=0.03 secs] 
5941.797: [GC 5941.797: [ParNew: 1360177K->100124K(1415616K), 0.0322040 secs] 1962159K->702107K(8231360K), 0.0324190 secs] [Times: user=0.50 sys=0.00, real=0.03 secs] 
5943.780: [GC 5943.780: [ParNew: 1358492K->106589K(1415616K), 0.0354260 secs] 1960475K->708571K(8231360K), 0.0356380 secs] [Times: user=0.55 sys=0.00, real=0.04 secs] 
5946.572: [GC 5946.572: [ParNew: 1364957K->79161K(1415616K), 0.0344200 secs] 1966939K->681143K(8231360K), 0.0346360 secs] [Times: user=0.54 sys=0.01, real=0.04 secs] 
5950.600: [GC 5950.601: [ParNew: 1337529K->101424K(1415616K), 0.0424440 secs] 1939511K->703407K(8231360K), 0.0426570 secs] [Times: user=0.67 sys=0.01, real=0.05 secs] 
5951.232: [GC 5951.232: [ParNew: 1359792K->105537K(1415616K), 0.0316970 secs] 1961775K->707520K(8231360K), 0.0318980 secs] [Times: user=0.49 sys=0.01, real=0.04 secs] 
5956.994: [GC 5956.994: [ParNew: 1363905K->83924K(1415616K), 0.0398820 secs] 1965888K->685907K(8231360K), 0.0401130 secs] [Times: user=0.63 sys=0.00, real=0.05 secs] 
5962.185: [GC 5962.185: [ParNew: 1342292K->94243K(1415616K), 0.0356300 secs] 1944275K->696226K(8231360K), 0.0358650 secs] [Times: user=0.56 sys=0.00, real=0.04 secs] 
5966.190: [GC 5966.190: [ParNew: 1352611K->88029K(1415616K), 0.0356160 secs] 1954594K->690011K(8231360K), 0.0358260 secs] [Times: user=0.56 sys=0.01, real=0.04 secs] 
5968.089: [GC 5968.089: [ParNew: 1346397K->99124K(1415616K), 0.0392490 secs] 1948379K->701106K(8231360K), 0.0394780 secs] [Times: user=0.59 sys=0.02, real=0.04 secs] 
5971.109: [GC 5971.109: [ParNew: 1357492K->94011K(1415616K), 0.0317210 secs] 1959474K->695993K(8231360K), 0.0319410 secs] [Times: user=0.48 sys=0.00, real=0.03 secs] 
5971.536: [GC 5971.536: [ParNew: 1352379K->102903K(1415616K), 0.0314580 secs] 1954361K->704886K(8231360K), 0.0316620 secs] [Times: user=0.48 sys=0.01, real=0.04 secs] 
5973.572: [GC 5973.573: [ParNew: 1361271K->90334K(1415616K), 0.0378570 secs] 1963254K->692316K(8231360K), 0.0380580 secs] [Times: user=0.58 sys=0.01, real=0.04 secs] 
5979.504: [GC 5979.505: [ParNew: 1348702K->87669K(1415616K), 0.0384870 secs] 1950684K->689651K(8231360K), 0.0386920 secs] [Times: user=0.60 sys=0.00, real=0.04 secs] 
5982.619: [GC 5982.619: [ParNew: 1346037K->80598K(1415616K), 0.0302300 secs] 1948019K->682580K(8231360K), 0.0304360 secs] [Times: user=0.47 sys=0.01, real=0.03 secs] 
5985.201: [GC 5985.201: [ParNew: 1338966K->96519K(1415616K), 0.0342030 secs] 1940948K->698502K(8231360K), 0.0344160 secs] [Times: user=0.53 sys=0.00, real=0.03 secs] 
5988.383: [GC 5988.383: [ParNew: 1354887K->94658K(1415616K), 0.0348630 secs] 1956870K->696641K(8231360K), 0.0350860 secs] [Times: user=0.55 sys=0.00, real=0.03 secs] 
5992.194: [GC 5992.194: [ParNew: 1353026K->96977K(1415616K), 0.0339570 secs] 1955009K->698959K(8231360K), 0.0341790 secs] [Times: user=0.52 sys=0.00, real=0.03 secs] 
5994.982: [GC 5994.982: [ParNew: 1355345K->96111K(1415616K), 0.0330500 secs] 1957327K->698093K(8231360K), 0.0332740 secs] [Times: user=0.51 sys=0.00, real=0.03 secs] 
5997.250: [GC 5997.250: [ParNew: 1354479K->96098K(1415616K), 0.0359590 secs] 1956461K->698080K(8231360K), 0.0361570 secs] [Times: user=0.54 sys=0.01, real=0.04 secs] 
6001.976: [GC 6001.976: [ParNew: 1354466K->87607K(1415616K), 0.0353560 secs] 1956448K->689589K(8231360K), 0.0356790 secs] [Times: user=0.54 sys=0.00, real=0.03 secs] 
6005.908: [GC 6005.909: [ParNew: 1345975K->85685K(1415616K), 0.0372840 secs] 1947957K->687668K(8231360K), 0.0374910 secs] [Times: user=0.58 sys=0.00, real=0.04 secs] 
6008.441: [GC 6008.442: [ParNew: 1344053K->91193K(1415616K), 0.0353750 secs] 1946036K->693175K(8231360K), 0.0355750 secs] [Times: user=0.55 sys=0.01, real=0.04 secs] 
6011.019: [GC 6011.019: [ParNew: 1349561K->100618K(1415616K), 0.0390620 secs] 1951543K->702600K(8231360K), 0.0392660 secs] [Times: user=0.61 sys=0.00, real=0.04 secs] 
6011.987: [GC 6011.987: [ParNew: 1358986K->96039K(1415616K), 0.0358750 secs] 1960968K->698021K(8231360K), 0.0360800 secs] [Times: user=0.55 sys=0.02, real=0.03 secs] 
6016.041: [GC 6016.041: [ParNew: 1354407K->96895K(1415616K), 0.0380410 secs] 1956389K->698877K(8231360K), 0.0382440 secs] [Times: user=0.57 sys=0.02, real=0.04 secs] 
6017.795: [GC 6017.795: [ParNew: 1355263K->101364K(1415616K), 0.0372010 secs] 1957245K->703347K(8231360K), 0.0374070 secs] [Times: user=0.57 sys=0.01, real=0.03 secs] 
6020.809: [GC 6020.809: [ParNew: 1359732K->107027K(1415616K), 0.0348050 secs] 1961715K->709009K(8231360K), 0.0350100 secs] [Times: user=0.54 sys=0.00, real=0.03 secs] 
6027.787: [GC 6027.788: [ParNew: 1365395K->80832K(1415616K), 0.0372620 secs] 1967377K->682815K(8231360K), 0.0374860 secs] [Times: user=0.58 sys=0.00, real=0.03 secs] 
6031.179: [GC 6031.179: [ParNew: 1339200K->87865K(1415616K), 0.0371810 secs] 1941183K->689848K(8231360K), 0.0374000 secs] [Times: user=0.57 sys=0.01, real=0.03 secs] 
6031.610: [GC 6031.611: [ParNew: 1346233K->90986K(1415616K), 0.0308740 secs] 1948216K->692969K(8231360K), 0.0310750 secs] [Times: user=0.48 sys=0.00, real=0.03 secs] 
6032.035: [GC 6032.035: [ParNew: 1349354K->88130K(1415616K), 0.0336210 secs] 1951337K->690113K(8231360K), 0.0338270 secs] [Times: user=0.51 sys=0.02, real=0.04 secs] 
6032.474: [GC 6032.474: [ParNew: 1346498K->91468K(1415616K), 0.0339980 secs] 1948481K->693451K(8231360K), 0.0342040 secs] [Times: user=0.52 sys=0.01, real=0.04 secs] 
6032.913: [GC 6032.913: [ParNew: 1349836K->88035K(1415616K), 0.0302280 secs] 1951819K->690017K(8231360K), 0.0304400 secs] [Times: user=0.47 sys=0.00, real=0.03 secs] 
6035.175: [GC 6035.175: [ParNew: 1346403K->88119K(1415616K), 0.0358580 secs] 1948385K->690102K(8231360K), 0.0360620 secs] [Times: user=0.56 sys=0.01, real=0.04 secs] 
6038.198: [GC 6038.198: [ParNew: 1346487K->95029K(1415616K), 0.0379420 secs] 1948470K->697012K(8231360K), 0.0381350 secs] [Times: user=0.59 sys=0.00, real=0.04 secs] 
6040.982: [GC 6040.983: [ParNew: 1353397K->97603K(1415616K), 0.0364910 secs] 1955380K->699586K(8231360K), 0.0366710 secs] [Times: user=0.58 sys=0.00, real=0.03 secs] 
6045.348: [GC 6045.348: [ParNew: 1355971K->92291K(1415616K), 0.0367620 secs] 1957954K->694273K(8231360K), 0.0369580 secs] [Times: user=0.57 sys=0.01, real=0.04 secs] 
6049.260: [GC 6049.261: [ParNew: 1350659K->87650K(1415616K), 0.0338420 secs] 1952641K->689632K(8231360K), 0.0340390 secs] [Times: user=0.52 sys=0.00, real=0.04 secs] 
6051.224: [GC 6051.224: [ParNew: 1346018K->94860K(1415616K), 0.0360970 secs] 1948000K->696842K(8231360K), 0.0362930 secs] [Times: user=0.55 sys=0.00, real=0.03 secs] 
6054.577: [GC 6054.578: [ParNew: 1353228K->91275K(1415616K), 0.0359110 secs] 1955210K->693257K(8231360K), 0.0361130 secs] [Times: user=0.56 sys=0.02, real=0.04 secs] 
6058.588: [GC 6058.588: [ParNew: 1349643K->92238K(1415616K), 0.0321570 secs] 1951625K->694221K(8231360K), 0.0323640 secs] [Times: user=0.50 sys=0.00, real=0.03 secs] 
6062.793: [GC 6062.793: [ParNew: 1350606K->102073K(1415616K), 0.0335310 secs] 1952589K->704055K(8231360K), 0.0337390 secs] [Times: user=0.51 sys=0.01, real=0.03 secs] 
6065.394: [GC 6065.395: [ParNew: 1360441K->108693K(1415616K), 0.0364200 secs] 1962423K->710676K(8231360K), 0.0366200 secs] [Times: user=0.57 sys=0.01, real=0.03 secs] 
6067.801: [GC 6067.802: [ParNew: 1367061K->77274K(1415616K), 0.0406230 secs] 1969044K->679256K(8231360K), 0.0408360 secs] [Times: user=0.63 sys=0.01, real=0.04 secs] 
6071.049: [GC 6071.050: [ParNew: 1335642K->91382K(1415616K), 0.0366980 secs] 1937624K->693364K(8231360K), 0.0369090 secs] [Times: user=0.58 sys=0.00, real=0.04 secs] 
6073.580: [GC 6073.580: [ParNew: 1349750K->92897K(1415616K), 0.0332320 secs] 1951732K->694879K(8231360K), 0.0334360 secs] [Times: user=0.52 sys=0.00, real=0.03 secs] 
6075.709: [GC 6075.709: [ParNew: 1351265K->100456K(1415616K), 0.0326390 secs] 1953247K->702439K(8231360K), 0.0328500 secs] [Times: user=0.51 sys=0.00, real=0.03 secs] 
6077.805: [GC 6077.805: [ParNew: 1358824K->74918K(1415616K), 0.0341740 secs] 1960807K->676900K(8231360K), 0.0343730 secs] [Times: user=0.54 sys=0.00, real=0.04 secs] 
6081.187: [GC 6081.187: [ParNew: 1333286K->102546K(1415616K), 0.0336530 secs] 1935268K->704528K(8231360K), 0.0338560 secs] [Times: user=0.52 sys=0.01, real=0.03 secs] 
6084.189: [GC 6084.189: [ParNew: 1360914K->99288K(1415616K), 0.0359910 secs] 1962896K->701270K(8231360K), 0.0361930 secs] [Times: user=0.55 sys=0.01, real=0.03 secs] 
6088.398: [GC 6088.398: [ParNew: 1357656K->94161K(1415616K), 0.0350450 secs] 1959638K->696143K(8231360K), 0.0352530 secs] [Times: user=0.54 sys=0.00, real=0.03 secs] 
6091.110: [GC 6091.111: [ParNew: 1352529K->96570K(1415616K), 0.0358620 secs] 1954511K->698552K(8231360K), 0.0360640 secs] [Times: user=0.55 sys=0.01, real=0.03 secs] 
6092.279: [GC 6092.279: [ParNew: 1354938K->95756K(1415616K), 0.0342970 secs] 1956920K->697738K(8231360K), 0.0345110 secs] [Times: user=0.53 sys=0.01, real=0.04 secs] 
6092.706: [GC 6092.706: [ParNew: 1354124K->98507K(1415616K), 0.0406610 secs] 1956106K->700490K(8231360K), 0.0408680 secs] [Times: user=0.64 sys=0.01, real=0.04 secs] 
6093.137: [GC 6093.137: [ParNew: 1356875K->105470K(1415616K), 0.0301320 secs] 1958858K->707452K(8231360K), 0.0303520 secs] [Times: user=0.46 sys=0.00, real=0.03 secs] 
6093.563: [GC 6093.563: [ParNew: 1363838K->105200K(1415616K), 0.0359120 secs] 1965820K->707183K(8231360K), 0.0361100 secs] [Times: user=0.55 sys=0.01, real=0.04 secs] 
6094.017: [GC 6094.017: [ParNew: 1363568K->102421K(1415616K), 0.0381310 secs] 1965551K->704403K(8231360K), 0.0383290 secs] [Times: user=0.59 sys=0.01, real=0.04 secs] 
6094.484: [GC 6094.484: [ParNew: 1360789K->108208K(1415616K), 0.0401320 secs] 1962771K->710190K(8231360K), 0.0403370 secs] [Times: user=0.62 sys=0.01, real=0.04 secs] 
6095.796: [GC 6095.796: [ParNew: 1366576K->100661K(1415616K), 0.0394240 secs] 1968558K->702644K(8231360K), 0.0396260 secs] [Times: user=0.61 sys=0.01, real=0.04 secs] 
6101.173: [GC 6101.173: [ParNew: 1359029K->92908K(1415616K), 0.0372160 secs] 1961012K->694890K(8231360K), 0.0374140 secs] [Times: user=0.59 sys=0.00, real=0.04 secs] 
6101.211: [GC 6101.211: [ParNew: 92940K->101849K(1415616K), 0.0350520 secs] 694923K->703831K(8231360K), 0.0352140 secs] [Times: user=0.53 sys=0.00, real=0.03 secs] 
6101.247: [GC [1 CMS-initial-mark: 601982K(6815744K)] 712475K(8231360K), 0.0961800 secs] [Times: user=0.09 sys=0.00, real=0.10 secs] 
6101.343: [CMS-concurrent-mark-start]
6102.161: [CMS-concurrent-mark: 0.818/0.818 secs] [Times: user=3.31 sys=0.00, real=0.82 secs] 
6102.161: [CMS-concurrent-preclean-start]
6102.182: [CMS-concurrent-preclean: 0.022/0.022 secs] [Times: user=0.03 sys=0.01, real=0.02 secs] 
6102.182: [CMS-concurrent-abortable-preclean-start]
 CMS: abort preclean due to time 6107.203: [CMS-concurrent-abortable-preclean: 4.512/5.020 secs] [Times: user=4.71 sys=0.09, real=5.02 secs] 
6107.204: [GC[YG occupancy: 196075 K (1415616 K)]6107.204: [Rescan (parallel) , 0.0289730 secs]6107.233: [weak refs processing, 0.0000170 secs] [1 CMS-remark: 601982K(6815744K)] 798057K(8231360K), 0.0291150 secs] [Times: user=0.21 sys=0.01, real=0.03 secs] 
6107.233: [CMS-concurrent-sweep-start]
6107.938: [CMS-concurrent-sweep: 0.704/0.704 secs] [Times: user=0.74 sys=0.02, real=0.70 secs] 
6107.938: [CMS-concurrent-reset-start]
6107.974: [CMS-concurrent-reset: 0.036/0.036 secs] [Times: user=0.18 sys=0.01, real=0.04 secs] 
6108.371: [GC 6108.372: [ParNew: 1360217K->72663K(1415616K), 0.0313540 secs] 1960250K->672697K(8231360K), 0.0315770 secs] [Times: user=0.48 sys=0.00, real=0.04 secs] 
6110.388: [GC 6110.388: [ParNew: 1331031K->95895K(1415616K), 0.0348290 secs] 1931065K->695929K(8231360K), 0.0350360 secs] [Times: user=0.54 sys=0.00, real=0.04 secs] 
6114.446: [GC 6114.447: [ParNew: 1354263K->98606K(1415616K), 0.0381150 secs] 1954297K->698640K(8231360K), 0.0383210 secs] [Times: user=0.59 sys=0.01, real=0.04 secs] 
6118.396: [GC 6118.396: [ParNew: 1356974K->98756K(1415616K), 0.0375100 secs] 1957008K->698789K(8231360K), 0.0377190 secs] [Times: user=0.58 sys=0.01, real=0.04 secs] 
6121.388: [GC 6121.388: [ParNew: 1357124K->95441K(1415616K), 0.0377740 secs] 1957157K->695475K(8231360K), 0.0379780 secs] [Times: user=0.59 sys=0.00, real=0.04 secs] 
6124.770: [GC 6124.771: [ParNew: 1353809K->84803K(1415616K), 0.0394960 secs] 1953843K->684836K(8231360K), 0.0397070 secs] [Times: user=0.61 sys=0.01, real=0.04 secs] 
6129.793: [GC 6129.793: [ParNew: 1343171K->99675K(1415616K), 0.0358820 secs] 1943204K->699708K(8231360K), 0.0360910 secs] [Times: user=0.56 sys=0.00, real=0.04 secs] 
6131.388: [GC 6131.388: [ParNew: 1358043K->88134K(1415616K), 0.0318930 secs] 1958076K->688167K(8231360K), 0.0320980 secs] [Times: user=0.50 sys=0.01, real=0.03 secs] 
6134.589: [GC 6134.590: [ParNew: 1346502K->95560K(1415616K), 0.0332880 secs] 1946535K->695594K(8231360K), 0.0335380 secs] [Times: user=0.53 sys=0.00, real=0.03 secs] 
6136.366: [GC 6136.366: [ParNew: 1353928K->97081K(1415616K), 0.0346430 secs] 1953962K->697114K(8231360K), 0.0348480 secs] [Times: user=0.53 sys=0.00, real=0.04 secs] 
6140.082: [GC 6140.082: [ParNew: 1355449K->101783K(1415616K), 0.0396970 secs] 1955482K->701816K(8231360K), 0.0399060 secs] [Times: user=0.61 sys=0.01, real=0.04 secs] 
6142.794: [GC 6142.795: [ParNew: 1360151K->97648K(1415616K), 0.0421380 secs] 1960184K->697681K(8231360K), 0.0423400 secs] [Times: user=0.65 sys=0.00, real=0.04 secs] 
6144.912: [GC 6144.912: [ParNew: 1356016K->103549K(1415616K), 0.0437280 secs] 1956049K->703582K(8231360K), 0.0439390 secs] [Times: user=0.68 sys=0.02, real=0.04 secs] 
6148.589: [GC 6148.590: [ParNew: 1361917K->101158K(1415616K), 0.0374280 secs] 1961950K->701192K(8231360K), 0.0376330 secs] [Times: user=0.58 sys=0.00, real=0.03 secs] 
6150.980: [GC 6150.980: [ParNew: 1359526K->100138K(1415616K), 0.0341110 secs] 1959560K->700171K(8231360K), 0.0343250 secs] [Times: user=0.53 sys=0.00, real=0.04 secs] 
6151.410: [GC 6151.410: [ParNew: 1358506K->104881K(1415616K), 0.0346960 secs] 1958539K->704915K(8231360K), 0.0348950 secs] [Times: user=0.54 sys=0.00, real=0.04 secs] 
6151.927: [GC 6151.927: [ParNew: 1363249K->115750K(1415616K), 0.0377980 secs] 1963283K->715784K(8231360K), 0.0380080 secs] [Times: user=0.58 sys=0.01, real=0.04 secs] 
6155.586: [GC 6155.586: [ParNew: 1374118K->83627K(1415616K), 0.0371140 secs] 1974152K->683661K(8231360K), 0.0373420 secs] [Times: user=0.58 sys=0.00, real=0.04 secs] 
6158.980: [GC 6158.980: [ParNew: 1341995K->106449K(1415616K), 0.0397390 secs] 1942029K->706482K(8231360K), 0.0399470 secs] [Times: user=0.61 sys=0.01, real=0.04 secs] 
6164.003: [GC 6164.003: [ParNew: 1364817K->83839K(1415616K), 0.0352310 secs] 1964850K->683873K(8231360K), 0.0354420 secs] [Times: user=0.55 sys=0.00, real=0.03 secs] 
6168.181: [GC 6168.181: [ParNew: 1342207K->84870K(1415616K), 0.0362050 secs] 1942241K->684903K(8231360K), 0.0364090 secs] [Times: user=0.56 sys=0.01, real=0.04 secs] 
6170.887: [GC 6170.887: [ParNew: 1343238K->81015K(1415616K), 0.0383590 secs] 1943271K->681048K(8231360K), 0.0385710 secs] [Times: user=0.58 sys=0.01, real=0.04 secs] 
6171.326: [GC 6171.326: [ParNew: 1339383K->85614K(1415616K), 0.0337200 secs] 1939416K->685648K(8231360K), 0.0339310 secs] [Times: user=0.52 sys=0.00, real=0.03 secs] 
6171.831: [GC 6171.831: [ParNew: 1343982K->88365K(1415616K), 0.0351050 secs] 1944016K->688398K(8231360K), 0.0353110 secs] [Times: user=0.55 sys=0.00, real=0.04 secs] 
6176.618: [GC 6176.618: [ParNew: 1346733K->99279K(1415616K), 0.0334010 secs] 1946766K->699312K(8231360K), 0.0336110 secs] [Times: user=0.52 sys=0.01, real=0.03 secs] 
6182.588: [GC 6182.588: [ParNew: 1357647K->97409K(1415616K), 0.0378020 secs] 1957680K->697442K(8231360K), 0.0380130 secs] [Times: user=0.59 sys=0.01, real=0.04 secs] 
6185.262: [GC 6185.262: [ParNew: 1355777K->94880K(1415616K), 0.0305940 secs] 1955810K->694914K(8231360K), 0.0308090 secs] [Times: user=0.48 sys=0.00, real=0.03 secs] 
6188.389: [GC 6188.389: [ParNew: 1353248K->95022K(1415616K), 0.0393170 secs] 1953282K->695055K(8231360K), 0.0395270 secs] [Times: user=0.61 sys=0.00, real=0.04 secs] 
6191.085: [GC 6191.085: [ParNew: 1353390K->93561K(1415616K), 0.0378980 secs] 1953423K->693594K(8231360K), 0.0381080 secs] [Times: user=0.59 sys=0.00, real=0.04 secs] 
6192.973: [GC 6192.973: [ParNew: 1351929K->87216K(1415616K), 0.0373920 secs] 1951962K->687250K(8231360K), 0.0375970 secs] [Times: user=0.57 sys=0.01, real=0.04 secs] 
6197.640: [GC 6197.640: [ParNew: 1345584K->94683K(1415616K), 0.0433390 secs] 1945618K->694716K(8231360K), 0.0435450 secs] [Times: user=0.67 sys=0.01, real=0.04 secs] 
6200.393: [GC 6200.393: [ParNew: 1353051K->97825K(1415616K), 0.0361390 secs] 1953084K->697859K(8231360K), 0.0363390 secs] [Times: user=0.56 sys=0.00, real=0.04 secs] 
6203.724: [GC 6203.724: [ParNew: 1356193K->104873K(1415616K), 0.0347380 secs] 1956227K->704907K(8231360K), 0.0349530 secs] [Times: user=0.53 sys=0.01, real=0.03 secs] 
6205.687: [GC 6205.687: [ParNew: 1363241K->91147K(1415616K), 0.0404760 secs] 1963275K->691180K(8231360K), 0.0406780 secs] [Times: user=0.61 sys=0.01, real=0.04 secs] 
6208.260: [GC 6208.260: [ParNew: 1349515K->95994K(1415616K), 0.0361740 secs] 1949548K->696027K(8231360K), 0.0364340 secs] [Times: user=0.56 sys=0.01, real=0.04 secs] 
6210.992: [GC 6210.992: [ParNew: 1354362K->91467K(1415616K), 0.0379420 secs] 1954395K->691500K(8231360K), 0.0381540 secs] [Times: user=0.59 sys=0.00, real=0.03 secs] 
6211.420: [GC 6211.421: [ParNew: 1349835K->101030K(1415616K), 0.0344500 secs] 1949868K->701063K(8231360K), 0.0346520 secs] [Times: user=0.54 sys=0.00, real=0.04 secs] 
6211.848: [GC 6211.849: [ParNew: 1359398K->103341K(1415616K), 0.0369680 secs] 1959431K->703375K(8231360K), 0.0371760 secs] [Times: user=0.57 sys=0.02, real=0.04 secs] 
6212.283: [GC 6212.284: [ParNew: 1361709K->101694K(1415616K), 0.0392140 secs] 1961743K->701727K(8231360K), 0.0394450 secs] [Times: user=0.61 sys=0.00, real=0.04 secs] 
6212.720: [GC 6212.720: [ParNew: 1360062K->98320K(1415616K), 0.0395770 secs] 1960095K->698353K(8231360K), 0.0397960 secs] [Times: user=0.61 sys=0.00, real=0.04 secs] 
6213.172: [GC 6213.172: [ParNew: 1356688K->98901K(1415616K), 0.0319140 secs] 1956721K->698935K(8231360K), 0.0321210 secs] [Times: user=0.50 sys=0.00, real=0.03 secs] 
6213.771: [GC 6213.771: [ParNew: 1357269K->103404K(1415616K), 0.0408100 secs] 1957303K->703437K(8231360K), 0.0410160 secs] [Times: user=0.63 sys=0.01, real=0.04 secs] 
6216.018: [GC 6216.018: [ParNew: 1361772K->95306K(1415616K), 0.0345790 secs] 1961805K->695339K(8231360K), 0.0347910 secs] [Times: user=0.54 sys=0.00, real=0.04 secs] 
6220.196: [GC 6220.196: [ParNew: 1353674K->101087K(1415616K), 0.0340090 secs] 1953707K->701121K(8231360K), 0.0342190 secs] [Times: user=0.53 sys=0.00, real=0.03 secs] 
6223.177: [GC 6223.177: [ParNew: 1359455K->107753K(1415616K), 0.0371760 secs] 1959489K->707786K(8231360K), 0.0373890 secs] [Times: user=0.58 sys=0.00, real=0.04 secs] 
6225.974: [GC 6225.974: [ParNew: 1366121K->106096K(1415616K), 0.0429400 secs] 1966154K->706129K(8231360K), 0.0431330 secs] [Times: user=0.66 sys=0.00, real=0.04 secs] 
6228.587: [GC 6228.587: [ParNew: 1364464K->110024K(1415616K), 0.0399760 secs] 1964497K->710058K(8231360K), 0.0401790 secs] [Times: user=0.61 sys=0.01, real=0.04 secs] 
6235.378: [GC 6235.378: [ParNew: 1368392K->81037K(1415616K), 0.0380320 secs] 1968426K->681070K(8231360K), 0.0382350 secs] [Times: user=0.59 sys=0.01, real=0.04 secs] 
6238.595: [GC 6238.595: [ParNew: 1339405K->90281K(1415616K), 0.0324460 secs] 1939438K->690315K(8231360K), 0.0326570 secs] [Times: user=0.50 sys=0.00, real=0.04 secs] 
6241.797: [GC 6241.797: [ParNew: 1348649K->93483K(1415616K), 0.0369670 secs] 1948683K->693517K(8231360K), 0.0371860 secs] [Times: user=0.58 sys=0.00, real=0.03 secs] 
6249.377: [GC 6249.377: [ParNew: 1351851K->83876K(1415616K), 0.0320230 secs] 1951885K->683909K(8231360K), 0.0322540 secs] [Times: user=0.49 sys=0.00, real=0.04 secs] 
6251.050: [GC 6251.050: [ParNew: 1342244K->84420K(1415616K), 0.0345880 secs] 1942277K->684454K(8231360K), 0.0348100 secs] [Times: user=0.54 sys=0.00, real=0.03 secs] 
6251.598: [GC 6251.598: [ParNew: 1342788K->94544K(1415616K), 0.0349880 secs] 1942822K->694578K(8231360K), 0.0351900 secs] [Times: user=0.55 sys=0.00, real=0.03 secs] 
6256.275: [GC 6256.275: [ParNew: 1352912K->90650K(1415616K), 0.0335660 secs] 1952946K->690683K(8231360K), 0.0337820 secs] [Times: user=0.52 sys=0.01, real=0.03 secs] 
6260.187: [GC 6260.187: [ParNew: 1349018K->94080K(1415616K), 0.0367290 secs] 1949051K->694113K(8231360K), 0.0369420 secs] [Times: user=0.56 sys=0.00, real=0.04 secs] 
6266.264: [GC 6266.264: [ParNew: 1352448K->85364K(1415616K), 0.0397090 secs] 1952481K->685397K(8231360K), 0.0399200 secs] [Times: user=0.61 sys=0.01, real=0.04 secs] 
6270.375: [GC 6270.376: [ParNew: 1343732K->95941K(1415616K), 0.0342190 secs] 1943765K->695974K(8231360K), 0.0344460 secs] [Times: user=0.54 sys=0.00, real=0.03 secs] 
6271.323: [GC 6271.324: [ParNew: 1354309K->104441K(1415616K), 0.0322210 secs] 1954342K->704474K(8231360K), 0.0324410 secs] [Times: user=0.50 sys=0.01, real=0.03 secs] 
6271.749: [GC 6271.749: [ParNew: 1362809K->78386K(1415616K), 0.0338130 secs] 1962842K->678420K(8231360K), 0.0340250 secs] [Times: user=0.52 sys=0.00, real=0.04 secs] 
6272.178: [GC 6272.178: [ParNew: 1336754K->105764K(1415616K), 0.0374950 secs] 1936788K->705797K(8231360K), 0.0377140 secs] [Times: user=0.57 sys=0.00, real=0.04 secs] 
6272.606: [GC 6272.606: [ParNew: 1364132K->78136K(1415616K), 0.0317140 secs] 1964165K->678169K(8231360K), 0.0319280 secs] [Times: user=0.49 sys=0.00, real=0.03 secs] 
6273.036: [GC 6273.037: [ParNew: 1336504K->97663K(1415616K), 0.0329870 secs] 1936537K->697697K(8231360K), 0.0331920 secs] [Times: user=0.52 sys=0.00, real=0.03 secs] 
6273.489: [GC 6273.489: [ParNew: 1356031K->98648K(1415616K), 0.0388780 secs] 1956065K->698681K(8231360K), 0.0390790 secs] [Times: user=0.59 sys=0.00, real=0.04 secs] 
6276.251: [GC 6276.251: [ParNew: 1357016K->105261K(1415616K), 0.0394920 secs] 1957049K->705294K(8231360K), 0.0397050 secs] [Times: user=0.61 sys=0.01, real=0.04 secs] 
6278.602: [GC 6278.602: [ParNew: 1363629K->105301K(1415616K), 0.0362360 secs] 1963662K->705335K(8231360K), 0.0364550 secs] [Times: user=0.56 sys=0.00, real=0.04 secs] 
6281.589: [GC 6281.589: [ParNew: 1363669K->102023K(1415616K), 0.0367340 secs] 1963703K->702057K(8231360K), 0.0369340 secs] [Times: user=0.56 sys=0.00, real=0.04 secs] 
6285.633: [GC 6285.634: [ParNew: 1360391K->90726K(1415616K), 0.0358400 secs] 1960425K->690760K(8231360K), 0.0360520 secs] [Times: user=0.55 sys=0.00, real=0.04 secs] 
6288.788: [GC 6288.789: [ParNew: 1349094K->106464K(1415616K), 0.0420480 secs] 1949128K->706497K(8231360K), 0.0422680 secs] [Times: user=0.65 sys=0.01, real=0.04 secs] 
6291.060: [GC 6291.060: [ParNew: 1364832K->79414K(1415616K), 0.0380270 secs] 1964865K->679447K(8231360K), 0.0382490 secs] [Times: user=0.59 sys=0.01, real=0.04 secs] 
6291.492: [GC 6291.492: [ParNew: 1337782K->102210K(1415616K), 0.0319420 secs] 1937815K->702243K(8231360K), 0.0321500 secs] [Times: user=0.50 sys=0.01, real=0.03 secs] 
6293.406: [GC 6293.406: [ParNew: 1360578K->106465K(1415616K), 0.0378380 secs] 1960611K->706498K(8231360K), 0.0380640 secs] [Times: user=0.59 sys=0.01, real=0.03 secs] 
6296.043: [GC 6296.043: [ParNew: 1364833K->104651K(1415616K), 0.0376320 secs] 1964866K->704685K(8231360K), 0.0378550 secs] [Times: user=0.59 sys=0.01, real=0.04 secs] 
6300.625: [GC 6300.625: [ParNew: 1363019K->100624K(1415616K), 0.0386340 secs] 1963053K->700657K(8231360K), 0.0388620 secs] [Times: user=0.60 sys=0.00, real=0.04 secs] 
6304.199: [GC 6304.199: [ParNew: 1358992K->96775K(1415616K), 0.0349240 secs] 1959025K->696808K(8231360K), 0.0351500 secs] [Times: user=0.54 sys=0.01, real=0.03 secs] 
6306.874: [GC 6306.874: [ParNew: 1355143K->93264K(1415616K), 0.0351070 secs] 1955176K->693297K(8231360K), 0.0353210 secs] [Times: user=0.55 sys=0.00, real=0.04 secs] 
6309.283: [GC 6309.283: [ParNew: 1351632K->103508K(1415616K), 0.0382430 secs] 1951665K->703542K(8231360K), 0.0384680 secs] [Times: user=0.59 sys=0.01, real=0.04 secs] 
6311.170: [GC 6311.170: [ParNew: 1361876K->100671K(1415616K), 0.0348830 secs] 1961910K->700704K(8231360K), 0.0350840 secs] [Times: user=0.54 sys=0.00, real=0.03 secs] 
6311.626: [GC 6311.626: [ParNew: 1359039K->96848K(1415616K), 0.0344750 secs] 1959072K->696882K(8231360K), 0.0346790 secs] [Times: user=0.53 sys=0.00, real=0.04 secs] 
6318.811: [GC 6318.811: [ParNew: 1355216K->80787K(1415616K), 0.0330250 secs] 1955250K->680820K(8231360K), 0.0332490 secs] [Times: user=0.51 sys=0.00, real=0.03 secs] 
6324.237: [GC 6324.237: [ParNew: 1339155K->74231K(1415616K), 0.0318120 secs] 1939188K->674265K(8231360K), 0.0320240 secs] [Times: user=0.48 sys=0.00, real=0.03 secs] 
6329.497: [GC 6329.498: [ParNew: 1332599K->91726K(1415616K), 0.0388780 secs] 1932633K->691760K(8231360K), 0.0390900 secs] [Times: user=0.59 sys=0.01, real=0.04 secs] 
6331.328: [GC 6331.328: [ParNew: 1350094K->88522K(1415616K), 0.0375460 secs] 1950128K->688556K(8231360K), 0.0377480 secs] [Times: user=0.59 sys=0.01, real=0.04 secs] 
6331.765: [GC 6331.765: [ParNew: 1346890K->96536K(1415616K), 0.0322710 secs] 1946924K->696570K(8231360K), 0.0324870 secs] [Times: user=0.50 sys=0.00, real=0.03 secs] 
6332.196: [GC 6332.196: [ParNew: 1354904K->88276K(1415616K), 0.0347250 secs] 1954938K->688309K(8231360K), 0.0349300 secs] [Times: user=0.54 sys=0.00, real=0.03 secs] 
6332.630: [GC 6332.630: [ParNew: 1346644K->88809K(1415616K), 0.0323560 secs] 1946677K->688842K(8231360K), 0.0325600 secs] [Times: user=0.50 sys=0.01, real=0.03 secs] 
6333.069: [GC 6333.069: [ParNew: 1347177K->89144K(1415616K), 0.0362800 secs] 1947210K->689178K(8231360K), 0.0364930 secs] [Times: user=0.56 sys=0.00, real=0.04 secs] 
6334.546: [GC 6334.547: [ParNew: 1347512K->90102K(1415616K), 0.0377850 secs] 1947546K->690135K(8231360K), 0.0379910 secs] [Times: user=0.60 sys=0.00, real=0.04 secs] 
6339.797: [GC 6339.797: [ParNew: 1348470K->97474K(1415616K), 0.0400900 secs] 1948503K->697507K(8231360K), 0.0402950 secs] [Times: user=0.62 sys=0.00, real=0.04 secs] 
6343.383: [GC 6343.383: [ParNew: 1355842K->87945K(1415616K), 0.0383110 secs] 1955875K->687979K(8231360K), 0.0385570 secs] [Times: user=0.59 sys=0.00, real=0.04 secs] 
6345.257: [GC 6345.258: [ParNew: 1346313K->105713K(1415616K), 0.0334840 secs] 1946347K->705746K(8231360K), 0.0337190 secs] [Times: user=0.53 sys=0.00, real=0.03 secs] 
6348.793: [GC 6348.793: [ParNew: 1364081K->84015K(1415616K), 0.0366410 secs] 1964114K->684049K(8231360K), 0.0368600 secs] [Times: user=0.57 sys=0.01, real=0.04 secs] 
6351.151: [GC 6351.151: [ParNew: 1342383K->99765K(1415616K), 0.0399110 secs] 1942417K->699798K(8231360K), 0.0401230 secs] [Times: user=0.61 sys=0.00, real=0.04 secs] 
6351.586: [GC 6351.586: [ParNew: 1358133K->101491K(1415616K), 0.0395970 secs] 1958166K->701525K(8231360K), 0.0398010 secs] [Times: user=0.61 sys=0.01, real=0.03 secs] 
6353.066: [GC 6353.066: [ParNew: 1359859K->104131K(1415616K), 0.0412880 secs] 1959893K->704164K(8231360K), 0.0415020 secs] [Times: user=0.65 sys=0.00, real=0.05 secs] 
6356.999: [GC 6356.999: [ParNew: 1362499K->88864K(1415616K), 0.0374610 secs] 1962532K->688897K(8231360K), 0.0376730 secs] [Times: user=0.59 sys=0.00, real=0.03 secs] 
6360.602: [GC 6360.602: [ParNew: 1347232K->102068K(1415616K), 0.0394620 secs] 1947265K->702101K(8231360K), 0.0396670 secs] [Times: user=0.61 sys=0.01, real=0.04 secs] 
6362.617: [GC 6362.617: [ParNew: 1360436K->97079K(1415616K), 0.0400600 secs] 1960469K->697112K(8231360K), 0.0402750 secs] [Times: user=0.63 sys=0.01, real=0.04 secs] 
6364.993: [GC 6364.994: [ParNew: 1355447K->107161K(1415616K), 0.0378630 secs] 1955480K->707194K(8231360K), 0.0381140 secs] [Times: user=0.58 sys=0.00, real=0.04 secs] 
6369.468: [GC 6369.469: [ParNew: 1365529K->101016K(1415616K), 0.0407390 secs] 1965562K->701049K(8231360K), 0.0409490 secs] [Times: user=0.63 sys=0.02, real=0.04 secs] 
6370.950: [GC 6370.950: [ParNew: 1359384K->106570K(1415616K), 0.0396350 secs] 1959417K->706604K(8231360K), 0.0398710 secs] [Times: user=0.62 sys=0.01, real=0.04 secs] 
6371.395: [GC 6371.395: [ParNew: 1364938K->98899K(1415616K), 0.0388740 secs] 1964972K->698933K(8231360K), 0.0390790 secs] [Times: user=0.59 sys=0.01, real=0.04 secs] 
6372.136: [GC 6372.136: [ParNew: 1357267K->103110K(1415616K), 0.0419860 secs] 1957301K->703143K(8231360K), 0.0421970 secs] [Times: user=0.64 sys=0.01, real=0.04 secs] 
6375.787: [GC 6375.787: [ParNew: 1361478K->97424K(1415616K), 0.0375280 secs] 1961511K->697458K(8231360K), 0.0377400 secs] [Times: user=0.58 sys=0.01, real=0.04 secs] 
6379.658: [GC 6379.658: [ParNew: 1355792K->102970K(1415616K), 0.0358610 secs] 1955826K->703004K(8231360K), 0.0360720 secs] [Times: user=0.55 sys=0.00, real=0.04 secs] 
6382.776: [GC 6382.777: [ParNew: 1361338K->87972K(1415616K), 0.0373750 secs] 1961372K->688006K(8231360K), 0.0376020 secs] [Times: user=0.58 sys=0.01, real=0.04 secs] 
6386.194: [GC 6386.194: [ParNew: 1346340K->97195K(1415616K), 0.0380450 secs] 1946374K->697229K(8231360K), 0.0382740 secs] [Times: user=0.59 sys=0.01, real=0.03 secs] 
6391.067: [GC 6391.067: [ParNew: 1355563K->84365K(1415616K), 0.0373780 secs] 1955597K->684399K(8231360K), 0.0376040 secs] [Times: user=0.58 sys=0.00, real=0.04 secs] 
6391.498: [GC 6391.498: [ParNew: 1342733K->99795K(1415616K), 0.0348990 secs] 1942767K->699828K(8231360K), 0.0351060 secs] [Times: user=0.54 sys=0.00, real=0.03 secs] 
6391.930: [GC 6391.930: [ParNew: 1358163K->99582K(1415616K), 0.0411470 secs] 1958196K->699615K(8231360K), 0.0413720 secs] [Times: user=0.64 sys=0.01, real=0.04 secs] 
6392.368: [GC 6392.368: [ParNew: 1357950K->95452K(1415616K), 0.0301060 secs] 1957983K->695485K(8231360K), 0.0303140 secs] [Times: user=0.45 sys=0.00, real=0.03 secs] 
6392.806: [GC 6392.807: [ParNew: 1353820K->99060K(1415616K), 0.0323350 secs] 1953853K->699093K(8231360K), 0.0325420 secs] [Times: user=0.49 sys=0.00, real=0.03 secs] 
6393.254: [GC 6393.254: [ParNew: 1357428K->98671K(1415616K), 0.0395640 secs] 1957461K->698704K(8231360K), 0.0397760 secs] [Times: user=0.59 sys=0.04, real=0.04 secs] 
6399.986: [GC 6399.986: [ParNew: 1357039K->94322K(1415616K), 0.0385700 secs] 1957072K->694355K(8231360K), 0.0387920 secs] [Times: user=0.60 sys=0.00, real=0.03 secs] 
6405.050: [GC 6405.050: [ParNew: 1352690K->92394K(1415616K), 0.0376950 secs] 1952723K->692428K(8231360K), 0.0379170 secs] [Times: user=0.58 sys=0.01, real=0.04 secs] 
6407.140: [GC 6407.140: [ParNew: 1350762K->97218K(1415616K), 0.0370190 secs] 1950796K->697251K(8231360K), 0.0372490 secs] [Times: user=0.57 sys=0.00, real=0.04 secs] 
6410.593: [GC 6410.593: [ParNew: 1355586K->99718K(1415616K), 0.0341810 secs] 1955619K->699752K(8231360K), 0.0343920 secs] [Times: user=0.53 sys=0.00, real=0.03 secs] 
6412.423: [GC 6412.423: [ParNew: 1358086K->93782K(1415616K), 0.0358350 secs] 1958120K->693816K(8231360K), 0.0360440 secs] [Times: user=0.55 sys=0.01, real=0.04 secs] 
6415.042: [GC 6415.042: [ParNew: 1352150K->108341K(1415616K), 0.0352530 secs] 1952184K->708374K(8231360K), 0.0354670 secs] [Times: user=0.55 sys=0.00, real=0.03 secs] 
6422.621: [GC 6422.621: [ParNew: 1366709K->90643K(1415616K), 0.0391180 secs] 1966742K->690676K(8231360K), 0.0395250 secs] [Times: user=0.60 sys=0.01, real=0.04 secs] 
6430.947: [GC 6430.947: [ParNew: 1349011K->87209K(1415616K), 0.0379150 secs] 1949044K->687242K(8231360K), 0.0381400 secs] [Times: user=0.59 sys=0.01, real=0.04 secs] 
6431.393: [GC 6431.393: [ParNew: 1345577K->94697K(1415616K), 0.0340730 secs] 1945610K->694731K(8231360K), 0.0343050 secs] [Times: user=0.52 sys=0.01, real=0.03 secs] 
6433.077: [GC 6433.077: [ParNew: 1353065K->99061K(1415616K), 0.0334900 secs] 1953099K->699095K(8231360K), 0.0337020 secs] [Times: user=0.53 sys=0.00, real=0.03 secs] 
6437.425: [GC 6437.426: [ParNew: 1357429K->95724K(1415616K), 0.0409430 secs] 1957463K->695757K(8231360K), 0.0412070 secs] [Times: user=0.64 sys=0.01, real=0.04 secs] 
6440.096: [GC 6440.096: [ParNew: 1354092K->101295K(1415616K), 0.0382930 secs] 1954125K->701328K(8231360K), 0.0385070 secs] [Times: user=0.60 sys=0.01, real=0.04 secs] 
6443.070: [GC 6443.070: [ParNew: 1359663K->101174K(1415616K), 0.0387300 secs] 1959696K->701207K(8231360K), 0.0389410 secs] [Times: user=0.59 sys=0.01, real=0.04 secs] 
6446.181: [GC 6446.182: [ParNew: 1359542K->101128K(1415616K), 0.0414980 secs] 1959575K->701162K(8231360K), 0.0417150 secs] [Times: user=0.64 sys=0.01, real=0.04 secs] 
6448.893: [GC 6448.893: [ParNew: 1359496K->101497K(1415616K), 0.0396210 secs] 1959530K->701530K(8231360K), 0.0398540 secs] [Times: user=0.62 sys=0.01, real=0.04 secs] 
6451.060: [GC 6451.060: [ParNew: 1359865K->101395K(1415616K), 0.0361580 secs] 1959898K->701428K(8231360K), 0.0363740 secs] [Times: user=0.55 sys=0.00, real=0.04 secs] 
6451.500: [GC 6451.500: [ParNew: 1359763K->100279K(1415616K), 0.0394120 secs] 1959796K->700312K(8231360K), 0.0396160 secs] [Times: user=0.61 sys=0.01, real=0.04 secs] 
6452.982: [GC 6452.982: [ParNew: 1358647K->114249K(1415616K), 0.0415920 secs] 1958680K->714283K(8231360K), 0.0418260 secs] [Times: user=0.64 sys=0.01, real=0.04 secs] 
6456.083: [GC 6456.083: [ParNew: 1372617K->85419K(1415616K), 0.0372380 secs] 1972651K->685452K(8231360K), 0.0374630 secs] [Times: user=0.58 sys=0.00, real=0.04 secs] 
6460.400: [GC 6460.401: [ParNew: 1343787K->104625K(1415616K), 0.0353530 secs] 1943820K->704658K(8231360K), 0.0355790 secs] [Times: user=0.55 sys=0.00, real=0.03 secs] 
6464.641: [GC 6464.642: [ParNew: 1362993K->94601K(1415616K), 0.0335380 secs] 1963026K->694635K(8231360K), 0.0337550 secs] [Times: user=0.52 sys=0.00, real=0.03 secs] 
6467.184: [GC 6467.184: [ParNew: 1352969K->100869K(1415616K), 0.0367870 secs] 1953003K->700902K(8231360K), 0.0370120 secs] [Times: user=0.57 sys=0.01, real=0.04 secs] 
6469.606: [GC 6469.606: [ParNew: 1359237K->110175K(1415616K), 0.0409480 secs] 1959270K->710208K(8231360K), 0.0411890 secs] [Times: user=0.64 sys=0.00, real=0.04 secs] 
6471.058: [GC 6471.058: [ParNew: 1368543K->112753K(1415616K), 0.0397040 secs] 1968576K->712786K(8231360K), 0.0399240 secs] [Times: user=0.62 sys=0.00, real=0.04 secs] 
6471.500: [GC 6471.500: [ParNew: 1371121K->106899K(1415616K), 0.0412430 secs] 1971154K->706932K(8231360K), 0.0414730 secs] [Times: user=0.64 sys=0.00, real=0.04 secs] 
6473.184: [GC 6473.184: [ParNew: 1365267K->107723K(1415616K), 0.0406430 secs] 1965300K->707756K(8231360K), 0.0408560 secs] [Times: user=0.63 sys=0.01, real=0.04 secs] 
6479.796: [GC 6479.797: [ParNew: 1366091K->91346K(1415616K), 0.0345730 secs] 1966124K->691379K(8231360K), 0.0347940 secs] [Times: user=0.54 sys=0.01, real=0.04 secs] 
6483.211: [GC 6483.211: [ParNew: 1349714K->85873K(1415616K), 0.0397050 secs] 1949747K->685907K(8231360K), 0.0399320 secs] [Times: user=0.61 sys=0.01, real=0.04 secs] 
6486.808: [GC 6486.808: [ParNew: 1344241K->92591K(1415616K), 0.0368680 secs] 1944275K->692624K(8231360K), 0.0371020 secs] [Times: user=0.57 sys=0.00, real=0.04 secs] 
6490.939: [GC 6490.939: [ParNew: 1350959K->95476K(1415616K), 0.0375580 secs] 1950992K->695509K(8231360K), 0.0377780 secs] [Times: user=0.59 sys=0.01, real=0.04 secs] 
6491.383: [GC 6491.383: [ParNew: 1353844K->90306K(1415616K), 0.0342390 secs] 1953877K->690339K(8231360K), 0.0344460 secs] [Times: user=0.53 sys=0.00, real=0.03 secs] 
6493.613: [GC 6493.613: [ParNew: 1348674K->99872K(1415616K), 0.0396390 secs] 1948707K->699906K(8231360K), 0.0398500 secs] [Times: user=0.60 sys=0.01, real=0.04 secs] 
6500.065: [GC 6500.066: [ParNew: 1358240K->83804K(1415616K), 0.0395490 secs] 1958274K->683837K(8231360K), 0.0397740 secs] [Times: user=0.63 sys=0.00, real=0.04 secs] 
6503.385: [GC 6503.385: [ParNew: 1342172K->97242K(1415616K), 0.0385180 secs] 1942205K->697275K(8231360K), 0.0387430 secs] [Times: user=0.59 sys=0.01, real=0.03 secs] 
6507.451: [GC 6507.451: [ParNew: 1355610K->103748K(1415616K), 0.0421850 secs] 1955643K->703782K(8231360K), 0.0423920 secs] [Times: user=0.67 sys=0.00, real=0.04 secs] 
6510.200: [GC 6510.200: [ParNew: 1362116K->95123K(1415616K), 0.0384040 secs] 1962150K->695156K(8231360K), 0.0386480 secs] [Times: user=0.60 sys=0.01, real=0.04 secs] 
6511.306: [GC 6511.306: [ParNew: 1353491K->113121K(1415616K), 0.0413790 secs] 1953524K->713154K(8231360K), 0.0415790 secs] [Times: user=0.65 sys=0.01, real=0.04 secs] 
6511.740: [GC 6511.740: [ParNew: 1371489K->82360K(1415616K), 0.0390590 secs] 1971522K->682393K(8231360K), 0.0392600 secs] [Times: user=0.61 sys=0.01, real=0.04 secs] 
6512.176: [GC 6512.176: [ParNew: 1340728K->107478K(1415616K), 0.0380480 secs] 1940761K->707512K(8231360K), 0.0382540 secs] [Times: user=0.60 sys=0.00, real=0.04 secs] 
6512.611: [GC 6512.611: [ParNew: 1365846K->111519K(1415616K), 0.0390580 secs] 1965880K->711553K(8231360K), 0.0392630 secs] [Times: user=0.62 sys=0.01, real=0.04 secs] 
6513.059: [GC 6513.059: [ParNew: 1369887K->109227K(1415616K), 0.0399190 secs] 1969921K->709260K(8231360K), 0.0401390 secs] [Times: user=0.62 sys=0.01, real=0.04 secs] 
6514.370: [GC 6514.370: [ParNew: 1367595K->101562K(1415616K), 0.0379420 secs] 1967628K->701595K(8231360K), 0.0381790 secs] [Times: user=0.59 sys=0.00, real=0.04 secs] 
6518.998: [GC 6518.998: [ParNew: 1359930K->102225K(1415616K), 0.0426250 secs] 1959963K->702259K(8231360K), 0.0428310 secs] [Times: user=0.66 sys=0.01, real=0.04 secs] 
6522.711: [GC 6522.712: [ParNew: 1360593K->105197K(1415616K), 0.0439790 secs] 1960627K->705230K(8231360K), 0.0442450 secs] [Times: user=0.68 sys=0.00, real=0.04 secs] 
6526.796: [GC 6526.796: [ParNew: 1363565K->89980K(1415616K), 0.0360980 secs] 1963598K->690014K(8231360K), 0.0363380 secs] [Times: user=0.56 sys=0.00, real=0.04 secs] 
6530.199: [GC 6530.200: [ParNew: 1348348K->94644K(1415616K), 0.0312450 secs] 1948382K->694677K(8231360K), 0.0314570 secs] [Times: user=0.49 sys=0.00, real=0.03 secs] 
6531.109: [GC 6531.109: [ParNew: 1353012K->101511K(1415616K), 0.0361260 secs] 1953045K->701545K(8231360K), 0.0363350 secs] [Times: user=0.56 sys=0.00, real=0.03 secs] 
6531.552: [GC 6531.552: [ParNew: 1359879K->98416K(1415616K), 0.0402790 secs] 1959913K->698450K(8231360K), 0.0404810 secs] [Times: user=0.63 sys=0.00, real=0.04 secs] 
6533.178: [GC 6533.179: [ParNew: 1356784K->90381K(1415616K), 0.0325750 secs] 1956818K->690415K(8231360K), 0.0328140 secs] [Times: user=0.52 sys=0.00, real=0.04 secs] 
6540.000: [GC 6540.000: [ParNew: 1348749K->90322K(1415616K), 0.0364670 secs] 1948783K->690355K(8231360K), 0.0366770 secs] [Times: user=0.56 sys=0.00, real=0.04 secs] 
6544.193: [GC 6544.193: [ParNew: 1348690K->100030K(1415616K), 0.0345630 secs] 1948723K->700063K(8231360K), 0.0347910 secs] [Times: user=0.54 sys=0.00, real=0.03 secs] 
6547.610: [GC 6547.610: [ParNew: 1358398K->93044K(1415616K), 0.0477200 secs] 1958431K->693077K(8231360K), 0.0479230 secs] [Times: user=0.72 sys=0.02, real=0.05 secs] 
6549.431: [GC 6549.431: [ParNew: 1351412K->99619K(1415616K), 0.0386310 secs] 1951445K->699652K(8231360K), 0.0388450 secs] [Times: user=0.60 sys=0.01, real=0.04 secs] 
6551.033: [GC 6551.033: [ParNew: 1357987K->106211K(1415616K), 0.0413140 secs] 1958020K->706244K(8231360K), 0.0415220 secs] [Times: user=0.63 sys=0.01, real=0.04 secs] 
6551.524: [GC 6551.524: [ParNew: 1364579K->100967K(1415616K), 0.0381460 secs] 1964612K->701000K(8231360K), 0.0383480 secs] [Times: user=0.59 sys=0.00, real=0.04 secs] 
6556.336: [GC 6556.336: [ParNew: 1359335K->101919K(1415616K), 0.0377800 secs] 1959368K->701952K(8231360K), 0.0380050 secs] [Times: user=0.60 sys=0.01, real=0.04 secs] 
6560.128: [GC 6560.128: [ParNew: 1360287K->104589K(1415616K), 0.0381540 secs] 1960320K->704622K(8231360K), 0.0383700 secs] [Times: user=0.59 sys=0.01, real=0.04 secs] 
6563.606: [GC 6563.606: [ParNew: 1362957K->100605K(1415616K), 0.0439840 secs] 1962990K->700639K(8231360K), 0.0442010 secs] [Times: user=0.67 sys=0.01, real=0.04 secs] 
6567.400: [GC 6567.400: [ParNew: 1358973K->104875K(1415616K), 0.0393250 secs] 1959007K->704908K(8231360K), 0.0395450 secs] [Times: user=0.61 sys=0.01, real=0.04 secs] 
6570.187: [GC 6570.188: [ParNew: 1363243K->105890K(1415616K), 0.0393110 secs] 1963276K->705923K(8231360K), 0.0395170 secs] [Times: user=0.60 sys=0.01, real=0.04 secs] 
6571.217: [GC 6571.217: [ParNew: 1364258K->101133K(1415616K), 0.0386730 secs] 1964291K->701166K(8231360K), 0.0388720 secs] [Times: user=0.59 sys=0.00, real=0.04 secs] 
6571.655: [GC 6571.655: [ParNew: 1359501K->105864K(1415616K), 0.0355170 secs] 1959534K->705898K(8231360K), 0.0357280 secs] [Times: user=0.54 sys=0.00, real=0.04 secs] 
6572.090: [GC 6572.090: [ParNew: 1364232K->102514K(1415616K), 0.0376340 secs] 1964266K->702548K(8231360K), 0.0378530 secs] [Times: user=0.59 sys=0.01, real=0.04 secs] 
6572.522: [GC 6572.522: [ParNew: 1360882K->107306K(1415616K), 0.0396970 secs] 1960916K->707339K(8231360K), 0.0399040 secs] [Times: user=0.62 sys=0.01, real=0.04 secs] 
6572.961: [GC 6572.961: [ParNew: 1365674K->104057K(1415616K), 0.0382230 secs] 1965707K->704091K(8231360K), 0.0384270 secs] [Times: user=0.58 sys=0.02, real=0.04 secs] 
6573.416: [GC 6573.416: [ParNew: 1362425K->99896K(1415616K), 0.0409960 secs] 1962459K->699929K(8231360K), 0.0411990 secs] [Times: user=0.64 sys=0.00, real=0.04 secs] 
6573.880: [GC 6573.880: [ParNew: 1358264K->104890K(1415616K), 0.0346000 secs] 1958297K->704923K(8231360K), 0.0348000 secs] [Times: user=0.54 sys=0.00, real=0.03 secs] 
6579.584: [GC 6579.584: [ParNew: 1363258K->100759K(1415616K), 0.0399260 secs] 1963291K->700793K(8231360K), 0.0401470 secs] [Times: user=0.61 sys=0.00, real=0.04 secs] 
6582.859: [GC 6582.859: [ParNew: 1359127K->102006K(1415616K), 0.0424250 secs] 1959161K->702039K(8231360K), 0.0426380 secs] [Times: user=0.65 sys=0.02, real=0.05 secs] 
6587.377: [GC 6587.377: [ParNew: 1360374K->94818K(1415616K), 0.0401810 secs] 1960407K->694851K(8231360K), 0.0404120 secs] [Times: user=0.63 sys=0.00, real=0.04 secs] 
6594.697: [GC 6594.697: [ParNew: 1353186K->98021K(1415616K), 0.0347650 secs] 1953219K->698054K(8231360K), 0.0349740 secs] [Times: user=0.54 sys=0.00, real=0.04 secs] 
6597.201: [GC 6597.201: [ParNew: 1356389K->98376K(1415616K), 0.0400750 secs] 1956422K->698410K(8231360K), 0.0403000 secs] [Times: user=0.63 sys=0.00, real=0.05 secs] 
6600.391: [GC 6600.391: [ParNew: 1356744K->93251K(1415616K), 0.0331210 secs] 1956778K->693285K(8231360K), 0.0333210 secs] [Times: user=0.51 sys=0.00, real=0.04 secs] 
6605.787: [GC 6605.787: [ParNew: 1351619K->93281K(1415616K), 0.0395330 secs] 1951653K->693315K(8231360K), 0.0397430 secs] [Times: user=0.61 sys=0.00, real=0.04 secs] 
6608.789: [GC 6608.789: [ParNew: 1351649K->89348K(1415616K), 0.0384910 secs] 1951683K->689381K(8231360K), 0.0387240 secs] [Times: user=0.59 sys=0.01, real=0.04 secs] 
6611.159: [GC 6611.159: [ParNew: 1347716K->95278K(1415616K), 0.0387360 secs] 1947749K->695312K(8231360K), 0.0389550 secs] [Times: user=0.60 sys=0.01, real=0.04 secs] 
6613.785: [GC 6613.785: [ParNew: 1353646K->95606K(1415616K), 0.0380490 secs] 1953680K->695639K(8231360K), 0.0382570 secs] [Times: user=0.59 sys=0.00, real=0.04 secs] 
6616.584: [GC 6616.585: [ParNew: 1353974K->95999K(1415616K), 0.0371490 secs] 1954007K->696033K(8231360K), 0.0373530 secs] [Times: user=0.59 sys=0.01, real=0.04 secs] 
6618.197: [GC 6618.197: [ParNew: 1354367K->102535K(1415616K), 0.0337140 secs] 1954401K->702569K(8231360K), 0.0339220 secs] [Times: user=0.52 sys=0.01, real=0.03 secs] 
6621.176: [GC 6621.176: [ParNew: 1360903K->104949K(1415616K), 0.0420560 secs] 1960937K->704983K(8231360K), 0.0422600 secs] [Times: user=0.66 sys=0.01, real=0.05 secs] 
6625.598: [GC 6625.598: [ParNew: 1363317K->112439K(1415616K), 0.0363500 secs] 1963351K->712473K(8231360K), 0.0365670 secs] [Times: user=0.56 sys=0.00, real=0.03 secs] 
6628.814: [GC 6628.814: [ParNew: 1370807K->97947K(1415616K), 0.0431350 secs] 1970841K->697980K(8231360K), 0.0433430 secs] [Times: user=0.67 sys=0.00, real=0.04 secs] 
6630.976: [GC 6630.976: [ParNew: 1356315K->94905K(1415616K), 0.0395940 secs] 1956348K->694939K(8231360K), 0.0398140 secs] [Times: user=0.61 sys=0.01, real=0.04 secs] 
6631.413: [GC 6631.413: [ParNew: 1353273K->106542K(1415616K), 0.0430560 secs] 1953307K->706575K(8231360K), 0.0432620 secs] [Times: user=0.67 sys=0.00, real=0.04 secs] 
6631.851: [GC 6631.851: [ParNew: 1364910K->107649K(1415616K), 0.0375490 secs] 1964943K->707682K(8231360K), 0.0377660 secs] [Times: user=0.59 sys=0.00, real=0.04 secs] 
6632.285: [GC 6632.285: [ParNew: 1366017K->103302K(1415616K), 0.0330890 secs] 1966050K->703336K(8231360K), 0.0333060 secs] [Times: user=0.51 sys=0.00, real=0.03 secs] 
6632.723: [GC 6632.723: [ParNew: 1361670K->107581K(1415616K), 0.0373360 secs] 1961704K->707615K(8231360K), 0.0375480 secs] [Times: user=0.57 sys=0.00, real=0.04 secs] 
6633.187: [GC 6633.187: [ParNew: 1365949K->103382K(1415616K), 0.0338510 secs] 1965983K->703415K(8231360K), 0.0340660 secs] [Times: user=0.53 sys=0.01, real=0.04 secs] 
6635.770: [GC 6635.770: [ParNew: 1361750K->95266K(1415616K), 0.0365280 secs] 1961783K->695299K(8231360K), 0.0367370 secs] [Times: user=0.57 sys=0.00, real=0.03 secs] 
6638.793: [GC 6638.793: [ParNew: 1353634K->101725K(1415616K), 0.0412800 secs] 1953667K->701759K(8231360K), 0.0414850 secs] [Times: user=0.63 sys=0.00, real=0.04 secs] 
6641.249: [GC 6641.249: [ParNew: 1360093K->105660K(1415616K), 0.0335730 secs] 1960127K->705693K(8231360K), 0.0337890 secs] [Times: user=0.53 sys=0.01, real=0.04 secs] 
6644.003: [GC 6644.003: [ParNew: 1364028K->95781K(1415616K), 0.0368110 secs] 1964061K->695815K(8231360K), 0.0370230 secs] [Times: user=0.57 sys=0.01, real=0.03 secs] 
6646.004: [GC 6646.005: [ParNew: 1354149K->109505K(1415616K), 0.0421260 secs] 1954183K->709539K(8231360K), 0.0423390 secs] [Times: user=0.63 sys=0.01, real=0.04 secs] 
6649.578: [GC 6649.578: [ParNew: 1367873K->108270K(1415616K), 0.0357730 secs] 1967907K->708304K(8231360K), 0.0359800 secs] [Times: user=0.56 sys=0.00, real=0.04 secs] 
6651.152: [GC 6651.152: [ParNew: 1366638K->104726K(1415616K), 0.0370730 secs] 1966672K->704759K(8231360K), 0.0372810 secs] [Times: user=0.58 sys=0.04, real=0.04 secs] 
6651.584: [GC 6651.584: [ParNew: 1363094K->104543K(1415616K), 0.0412700 secs] 1963127K->704576K(8231360K), 0.0414730 secs] [Times: user=0.64 sys=0.00, real=0.04 secs] 
6655.601: [GC 6655.602: [ParNew: 1362911K->113462K(1415616K), 0.0422320 secs] 1962944K->713495K(8231360K), 0.0424390 secs] [Times: user=0.65 sys=0.01, real=0.05 secs] 
6659.520: [GC 6659.520: [ParNew: 1371830K->85799K(1415616K), 0.0377490 secs] 1971863K->685832K(8231360K), 0.0379500 secs] [Times: user=0.57 sys=0.01, real=0.04 secs] 
6664.984: [GC 6664.984: [ParNew: 1344167K->99802K(1415616K), 0.0386900 secs] 1944200K->699835K(8231360K), 0.0389010 secs] [Times: user=0.61 sys=0.01, real=0.04 secs] 
6669.433: [GC 6669.434: [ParNew: 1358170K->91091K(1415616K), 0.0379340 secs] 1958203K->691124K(8231360K), 0.0381360 secs] [Times: user=0.60 sys=0.00, real=0.04 secs] 
6671.159: [GC 6671.159: [ParNew: 1349459K->101006K(1415616K), 0.0351430 secs] 1949492K->701040K(8231360K), 0.0353500 secs] [Times: user=0.55 sys=0.01, real=0.03 secs] 
6674.981: [GC 6674.981: [ParNew: 1359374K->75354K(1415616K), 0.0385750 secs] 1959408K->675387K(8231360K), 0.0387850 secs] [Times: user=0.60 sys=0.01, real=0.04 secs] 
6679.984: [GC 6679.985: [ParNew: 1333722K->98588K(1415616K), 0.0402690 secs] 1933755K->698621K(8231360K), 0.0404730 secs] [Times: user=0.63 sys=0.01, real=0.04 secs] 
6681.788: [GC 6681.789: [ParNew: 1356956K->97367K(1415616K), 0.0347390 secs] 1956989K->697400K(8231360K), 0.0349590 secs] [Times: user=0.54 sys=0.01, real=0.03 secs] 
6684.579: [GC 6684.579: [ParNew: 1355735K->105825K(1415616K), 0.0393670 secs] 1955768K->705858K(8231360K), 0.0395750 secs] [Times: user=0.61 sys=0.00, real=0.04 secs] 
6686.250: [GC 6686.250: [ParNew: 1364193K->109316K(1415616K), 0.0399770 secs] 1964226K->709349K(8231360K), 0.0401880 secs] [Times: user=0.63 sys=0.00, real=0.04 secs] 
6689.199: [GC 6689.199: [ParNew: 1367684K->116199K(1415616K), 0.0372070 secs] 1967717K->716232K(8231360K), 0.0374330 secs] [Times: user=0.58 sys=0.00, real=0.03 secs] 
6691.099: [GC 6691.099: [ParNew: 1374567K->88017K(1415616K), 0.0373460 secs] 1974600K->688051K(8231360K), 0.0375580 secs] [Times: user=0.57 sys=0.01, real=0.04 secs] 
6691.537: [GC 6691.537: [ParNew: 1346385K->109644K(1415616K), 0.0392570 secs] 1946419K->709678K(8231360K), 0.0394650 secs] [Times: user=0.62 sys=0.01, real=0.04 secs] 
6691.966: [GC 6691.966: [ParNew: 1368012K->114950K(1415616K), 0.0403830 secs] 1968046K->714983K(8231360K), 0.0405960 secs] [Times: user=0.64 sys=0.00, real=0.04 secs] 
6692.401: [GC 6692.401: [ParNew: 1373318K->107163K(1415616K), 0.0375150 secs] 1973351K->707196K(8231360K), 0.0377220 secs] [Times: user=0.59 sys=0.00, real=0.03 secs] 
6692.831: [GC 6692.831: [ParNew: 1365531K->117743K(1415616K), 0.0364390 secs] 1965564K->717777K(8231360K), 0.0366470 secs] [Times: user=0.57 sys=0.00, real=0.03 secs] 
6693.284: [GC 6693.284: [ParNew: 1376111K->118222K(1415616K), 0.0371100 secs] 1976145K->718255K(8231360K), 0.0373150 secs] [Times: user=0.59 sys=0.00, real=0.04 secs] 
6693.743: [GC 6693.743: [ParNew: 1376590K->128219K(1415616K), 0.0421090 secs] 1976623K->728252K(8231360K), 0.0423130 secs] [Times: user=0.65 sys=0.01, real=0.04 secs] 
6698.000: [GC 6698.000: [ParNew: 1386587K->92005K(1415616K), 0.0404800 secs] 1986620K->692039K(8231360K), 0.0406850 secs] [Times: user=0.63 sys=0.00, real=0.05 secs] 
6704.237: [GC 6704.237: [ParNew: 1350373K->92408K(1415616K), 0.0313900 secs] 1950407K->692441K(8231360K), 0.0315910 secs] [Times: user=0.49 sys=0.00, real=0.03 secs] 
6706.791: [GC 6706.791: [ParNew: 1350776K->97505K(1415616K), 0.0342400 secs] 1950809K->697538K(8231360K), 0.0344470 secs] [Times: user=0.53 sys=0.00, real=0.04 secs] 
6709.003: [GC 6709.003: [ParNew: 1355873K->110169K(1415616K), 0.0405360 secs] 1955906K->710202K(8231360K), 0.0407450 secs] [Times: user=0.63 sys=0.01, real=0.04 secs] 
6711.055: [GC 6711.055: [ParNew: 1368537K->83360K(1415616K), 0.0417680 secs] 1968570K->683393K(8231360K), 0.0419780 secs] [Times: user=0.66 sys=0.00, real=0.04 secs] 
6713.788: [GC 6713.788: [ParNew: 1341728K->110440K(1415616K), 0.0369780 secs] 1941761K->710474K(8231360K), 0.0371920 secs] [Times: user=0.58 sys=0.00, real=0.04 secs] 
6717.393: [GC 6717.393: [ParNew: 1368808K->109042K(1415616K), 0.0439660 secs] 1968842K->709075K(8231360K), 0.0441780 secs] [Times: user=0.68 sys=0.01, real=0.05 secs] 
6722.589: [GC 6722.589: [ParNew: 1367410K->100083K(1415616K), 0.0402430 secs] 1967443K->700116K(8231360K), 0.0404580 secs] [Times: user=0.62 sys=0.01, real=0.04 secs] 
6727.776: [GC 6727.776: [ParNew: 1358451K->85047K(1415616K), 0.0389000 secs] 1958484K->685080K(8231360K), 0.0391080 secs] [Times: user=0.61 sys=0.00, real=0.03 secs] 
6730.981: [GC 6730.981: [ParNew: 1343415K->92815K(1415616K), 0.0354420 secs] 1943448K->692849K(8231360K), 0.0356590 secs] [Times: user=0.54 sys=0.01, real=0.03 secs] 
6731.420: [GC 6731.421: [ParNew: 1351183K->90263K(1415616K), 0.0338660 secs] 1951217K->690296K(8231360K), 0.0340770 secs] [Times: user=0.52 sys=0.01, real=0.03 secs] 
6734.272: [GC 6734.273: [ParNew: 1348631K->97785K(1415616K), 0.0372050 secs] 1948664K->697818K(8231360K), 0.0374230 secs] [Times: user=0.57 sys=0.00, real=0.04 secs] 
6739.691: [GC 6739.691: [ParNew: 1356153K->88655K(1415616K), 0.0390380 secs] 1956186K->688688K(8231360K), 0.0392520 secs] [Times: user=0.61 sys=0.00, real=0.04 secs] 
6743.457: [GC 6743.457: [ParNew: 1347023K->96375K(1415616K), 0.0394710 secs] 1947056K->696408K(8231360K), 0.0396850 secs] [Times: user=0.62 sys=0.00, real=0.04 secs] 
6746.397: [GC 6746.397: [ParNew: 1354743K->96341K(1415616K), 0.0350080 secs] 1954776K->696375K(8231360K), 0.0352250 secs] [Times: user=0.54 sys=0.00, real=0.04 secs] 
6749.980: [GC 6749.980: [ParNew: 1354709K->90880K(1415616K), 0.0375280 secs] 1954743K->690914K(8231360K), 0.0377360 secs] [Times: user=0.57 sys=0.00, real=0.04 secs] 
6751.252: [GC 6751.252: [ParNew: 1349248K->104801K(1415616K), 0.0420980 secs] 1949282K->704834K(8231360K), 0.0423230 secs] [Times: user=0.65 sys=0.02, real=0.04 secs] 
6751.695: [GC 6751.695: [ParNew: 1363169K->102670K(1415616K), 0.0412490 secs] 1963202K->702704K(8231360K), 0.0414550 secs] [Times: user=0.64 sys=0.01, real=0.04 secs] 
6752.135: [GC 6752.136: [ParNew: 1361038K->113519K(1415616K), 0.0401900 secs] 1961072K->713552K(8231360K), 0.0404050 secs] [Times: user=0.63 sys=0.00, real=0.04 secs] 
6752.572: [GC 6752.572: [ParNew: 1371887K->87195K(1415616K), 0.0379480 secs] 1971920K->687228K(8231360K), 0.0381560 secs] [Times: user=0.60 sys=0.02, real=0.03 secs] 
6753.006: [GC 6753.006: [ParNew: 1345563K->108213K(1415616K), 0.0414920 secs] 1945596K->708247K(8231360K), 0.0417010 secs] [Times: user=0.63 sys=0.02, real=0.04 secs] 
6753.458: [GC 6753.459: [ParNew: 1366581K->116961K(1415616K), 0.0387990 secs] 1966615K->716994K(8231360K), 0.0390370 secs] [Times: user=0.61 sys=0.01, real=0.04 secs] 
6754.406: [GC 6754.406: [ParNew: 1375329K->85316K(1415616K), 0.0406450 secs] 1975362K->685349K(8231360K), 0.0408590 secs] [Times: user=0.64 sys=0.00, real=0.04 secs] 
6757.181: [GC 6757.181: [ParNew: 1343684K->112821K(1415616K), 0.0345290 secs] 1943717K->712854K(8231360K), 0.0347320 secs] [Times: user=0.54 sys=0.00, real=0.04 secs] 
6763.012: [GC 6763.012: [ParNew: 1371189K->91808K(1415616K), 0.0368880 secs] 1971222K->691841K(8231360K), 0.0371020 secs] [Times: user=0.57 sys=0.00, real=0.04 secs] 
6765.642: [GC 6765.642: [ParNew: 1350176K->97669K(1415616K), 0.0362660 secs] 1950209K->697702K(8231360K), 0.0364870 secs] [Times: user=0.56 sys=0.00, real=0.04 secs] 
6768.402: [GC 6768.402: [ParNew: 1356037K->94198K(1415616K), 0.0410410 secs] 1956070K->694232K(8231360K), 0.0412570 secs] [Times: user=0.64 sys=0.01, real=0.04 secs] 
6771.068: [GC 6771.068: [ParNew: 1352566K->108620K(1415616K), 0.0407200 secs] 1952600K->708654K(8231360K), 0.0409370 secs] [Times: user=0.63 sys=0.01, real=0.04 secs] 
6771.500: [GC 6771.500: [ParNew: 1366988K->106903K(1415616K), 0.0379510 secs] 1967022K->706936K(8231360K), 0.0381680 secs] [Times: user=0.59 sys=0.00, real=0.04 secs] 
6773.545: [GC 6773.545: [ParNew: 1365271K->111427K(1415616K), 0.0420230 secs] 1965304K->711461K(8231360K), 0.0422490 secs] [Times: user=0.65 sys=0.01, real=0.04 secs] 
6776.875: [GC 6776.875: [ParNew: 1369795K->98990K(1415616K), 0.0381800 secs] 1969829K->699023K(8231360K), 0.0383930 secs] [Times: user=0.59 sys=0.00, real=0.03 secs] 
6779.665: [GC 6779.665: [ParNew: 1357358K->100120K(1415616K), 0.0425480 secs] 1957391K->700154K(8231360K), 0.0427510 secs] [Times: user=0.66 sys=0.01, real=0.05 secs] 
6782.582: [GC 6782.582: [ParNew: 1358488K->107063K(1415616K), 0.0388110 secs] 1958522K->707096K(8231360K), 0.0390710 secs] [Times: user=0.61 sys=0.00, real=0.04 secs] 
6785.775: [GC 6785.775: [ParNew: 1365431K->104919K(1415616K), 0.0434100 secs] 1965464K->704953K(8231360K), 0.0436210 secs] [Times: user=0.69 sys=0.01, real=0.05 secs] 
6790.937: [GC 6790.937: [ParNew: 1363287K->98625K(1415616K), 0.0339210 secs] 1963321K->698659K(8231360K), 0.0341630 secs] [Times: user=0.53 sys=0.00, real=0.04 secs] 
6792.380: [GC 6792.380: [ParNew: 1356993K->101612K(1415616K), 0.0418470 secs] 1957027K->701645K(8231360K), 0.0420520 secs] [Times: user=0.64 sys=0.01, real=0.04 secs] 
6795.101: [GC 6795.101: [ParNew: 1359980K->102977K(1415616K), 0.0410720 secs] 1960013K->703010K(8231360K), 0.0412760 secs] [Times: user=0.64 sys=0.00, real=0.04 secs] 
6798.992: [GC 6798.992: [ParNew: 1361345K->100962K(1415616K), 0.0416350 secs] 1961378K->700995K(8231360K), 0.0418370 secs] [Times: user=0.63 sys=0.00, real=0.04 secs] 
6804.280: [GC 6804.280: [ParNew: 1359330K->88586K(1415616K), 0.0381640 secs] 1959363K->688620K(8231360K), 0.0383710 secs] [Times: user=0.58 sys=0.01, real=0.04 secs] 
6808.677: [GC 6808.678: [ParNew: 1346954K->85921K(1415616K), 0.0320490 secs] 1946988K->685954K(8231360K), 0.0322520 secs] [Times: user=0.50 sys=0.00, real=0.03 secs] 
6811.131: [GC 6811.131: [ParNew: 1344289K->98762K(1415616K), 0.0334360 secs] 1944322K->698796K(8231360K), 0.0336620 secs] [Times: user=0.52 sys=0.01, real=0.04 secs] 
6811.561: [GC 6811.561: [ParNew: 1357130K->91022K(1415616K), 0.0357070 secs] 1957164K->691056K(8231360K), 0.0359120 secs] [Times: user=0.55 sys=0.01, real=0.04 secs] 
6811.988: [GC 6811.988: [ParNew: 1349390K->100963K(1415616K), 0.0400910 secs] 1949424K->700996K(8231360K), 0.0402950 secs] [Times: user=0.62 sys=0.02, real=0.04 secs] 
6812.424: [GC 6812.424: [ParNew: 1359331K->98874K(1415616K), 0.0363280 secs] 1959364K->698907K(8231360K), 0.0365450 secs] [Times: user=0.57 sys=0.01, real=0.03 secs] 
6812.855: [GC 6812.856: [ParNew: 1357242K->99503K(1415616K), 0.0374930 secs] 1957275K->699536K(8231360K), 0.0377050 secs] [Times: user=0.60 sys=0.01, real=0.04 secs] 
6813.311: [GC 6813.311: [ParNew: 1357871K->95677K(1415616K), 0.0347390 secs] 1957904K->695710K(8231360K), 0.0349690 secs] [Times: user=0.54 sys=0.00, real=0.04 secs] 
6816.259: [GC 6816.259: [ParNew: 1354045K->96581K(1415616K), 0.0428310 secs] 1954078K->696614K(8231360K), 0.0430410 secs] [Times: user=0.66 sys=0.01, real=0.04 secs] 
6818.817: [GC 6818.817: [ParNew: 1354949K->114777K(1415616K), 0.0383330 secs] 1954982K->714811K(8231360K), 0.0385470 secs] [Times: user=0.60 sys=0.00, real=0.04 secs] 
6822.210: [GC 6822.210: [ParNew: 1373145K->83873K(1415616K), 0.0338930 secs] 1973179K->683907K(8231360K), 0.0341330 secs] [Times: user=0.53 sys=0.00, real=0.04 secs] 
6824.584: [GC 6824.584: [ParNew: 1342241K->104744K(1415616K), 0.0311800 secs] 1942275K->704777K(8231360K), 0.0313850 secs] [Times: user=0.48 sys=0.00, real=0.04 secs] 
6826.396: [GC 6826.396: [ParNew: 1363112K->117030K(1415616K), 0.0396790 secs] 1963145K->717063K(8231360K), 0.0398870 secs] [Times: user=0.62 sys=0.01, real=0.04 secs] 
6830.873: [GC 6830.873: [ParNew: 1375398K->85626K(1415616K), 0.0405890 secs] 1975431K->685659K(8231360K), 0.0408140 secs] [Times: user=0.63 sys=0.01, real=0.04 secs] 
6831.309: [GC 6831.309: [ParNew: 1343994K->111500K(1415616K), 0.0373040 secs] 1944027K->711534K(8231360K), 0.0375130 secs] [Times: user=0.57 sys=0.01, real=0.04 secs] 
6832.230: [GC 6832.230: [ParNew: 1369868K->100286K(1415616K), 0.0407050 secs] 1969902K->700320K(8231360K), 0.0409110 secs] [Times: user=0.63 sys=0.01, real=0.04 secs] 
6835.985: [GC 6835.985: [ParNew: 1358654K->102196K(1415616K), 0.0418880 secs] 1958688K->702229K(8231360K), 0.0420970 secs] [Times: user=0.65 sys=0.00, real=0.05 secs] 
6839.174: [GC 6839.174: [ParNew: 1360564K->97448K(1415616K), 0.0388210 secs] 1960597K->697482K(8231360K), 0.0390270 secs] [Times: user=0.60 sys=0.01, real=0.04 secs] 
6844.173: [GC 6844.173: [ParNew: 1355816K->91528K(1415616K), 0.0353970 secs] 1955850K->691561K(8231360K), 0.0356040 secs] [Times: user=0.54 sys=0.01, real=0.04 secs] 
6847.829: [GC 6847.829: [ParNew: 1349896K->88530K(1415616K), 0.0409710 secs] 1949929K->688563K(8231360K), 0.0411800 secs] [Times: user=0.64 sys=0.01, real=0.04 secs] 
6850.914: [GC 6850.915: [ParNew: 1346898K->103366K(1415616K), 0.0429380 secs] 1946931K->703399K(8231360K), 0.0431600 secs] [Times: user=0.66 sys=0.01, real=0.04 secs] 
6851.358: [GC 6851.358: [ParNew: 1361734K->110156K(1415616K), 0.0335020 secs] 1961767K->710189K(8231360K), 0.0337100 secs] [Times: user=0.52 sys=0.01, real=0.04 secs] 
6851.808: [GC 6851.808: [ParNew: 1368524K->95051K(1415616K), 0.0347400 secs] 1968557K->695085K(8231360K), 0.0349620 secs] [Times: user=0.55 sys=0.00, real=0.04 secs] 
6854.401: [GC 6854.401: [ParNew: 1353419K->108213K(1415616K), 0.0415440 secs] 1953453K->708246K(8231360K), 0.0417520 secs] [Times: user=0.64 sys=0.00, real=0.04 secs] 
6859.198: [GC 6859.198: [ParNew: 1366581K->103405K(1415616K), 0.0441800 secs] 1966614K->703438K(8231360K), 0.0443840 secs] [Times: user=0.68 sys=0.00, real=0.05 secs] 
6863.192: [GC 6863.192: [ParNew: 1361773K->91571K(1415616K), 0.0377680 secs] 1961806K->691605K(8231360K), 0.0379700 secs] [Times: user=0.58 sys=0.00, real=0.03 secs] 
6866.860: [GC 6866.860: [ParNew: 1349939K->100188K(1415616K), 0.0336980 secs] 1949973K->700221K(8231360K), 0.0339000 secs] [Times: user=0.53 sys=0.00, real=0.04 secs] 
6870.966: [GC 6870.966: [ParNew: 1358556K->93382K(1415616K), 0.0369310 secs] 1958589K->693415K(8231360K), 0.0371390 secs] [Times: user=0.57 sys=0.01, real=0.04 secs] 
6871.399: [GC 6871.399: [ParNew: 1351750K->93040K(1415616K), 0.0397100 secs] 1951783K->693073K(8231360K), 0.0399190 secs] [Times: user=0.62 sys=0.01, real=0.04 secs] 
6871.879: [GC 6871.879: [ParNew: 1351408K->106227K(1415616K), 0.0439530 secs] 1951441K->706261K(8231360K), 0.0441580 secs] [Times: user=0.68 sys=0.01, real=0.05 secs] 
6877.280: [GC 6877.280: [ParNew: 1364595K->83325K(1415616K), 0.0398250 secs] 1964629K->683358K(8231360K), 0.0400340 secs] [Times: user=0.62 sys=0.01, real=0.04 secs] 
6881.811: [GC 6881.812: [ParNew: 1341693K->86609K(1415616K), 0.0360490 secs] 1941726K->686642K(8231360K), 0.0362760 secs] [Times: user=0.56 sys=0.00, real=0.04 secs] 
6884.824: [GC 6884.824: [ParNew: 1344977K->97811K(1415616K), 0.0384710 secs] 1945010K->697844K(8231360K), 0.0386880 secs] [Times: user=0.60 sys=0.00, real=0.04 secs] 
6887.188: [GC 6887.188: [ParNew: 1356179K->100700K(1415616K), 0.0382830 secs] 1956212K->700733K(8231360K), 0.0384780 secs] [Times: user=0.59 sys=0.00, real=0.04 secs] 
6889.691: [GC 6889.691: [ParNew: 1359068K->108303K(1415616K), 0.0401980 secs] 1959101K->708336K(8231360K), 0.0404210 secs] [Times: user=0.62 sys=0.00, real=0.04 secs] 
6891.190: [GC 6891.190: [ParNew: 1366671K->100901K(1415616K), 0.0391360 secs] 1966704K->700934K(8231360K), 0.0393470 secs] [Times: user=0.60 sys=0.01, real=0.04 secs] 
6897.584: [GC 6897.584: [ParNew: 1359269K->94861K(1415616K), 0.0392850 secs] 1959302K->694894K(8231360K), 0.0394980 secs] [Times: user=0.61 sys=0.01, real=0.04 secs] 
6899.482: [GC 6899.482: [ParNew: 1353229K->99745K(1415616K), 0.0384620 secs] 1953262K->699779K(8231360K), 0.0386630 secs] [Times: user=0.59 sys=0.01, real=0.04 secs] 
6902.974: [GC 6902.974: [ParNew: 1358113K->98495K(1415616K), 0.0378320 secs] 1958147K->698529K(8231360K), 0.0380470 secs] [Times: user=0.59 sys=0.00, real=0.04 secs] 
6906.798: [GC 6906.798: [ParNew: 1356863K->107219K(1415616K), 0.0367030 secs] 1956897K->707253K(8231360K), 0.0369150 secs] [Times: user=0.57 sys=0.00, real=0.04 secs] 
6910.397: [GC 6910.397: [ParNew: 1365587K->103958K(1415616K), 0.0369400 secs] 1965621K->703991K(8231360K), 0.0371490 secs] [Times: user=0.57 sys=0.00, real=0.04 secs] 
6911.177: [GC 6911.177: [ParNew: 1362326K->99399K(1415616K), 0.0400010 secs] 1962359K->699433K(8231360K), 0.0402190 secs] [Times: user=0.61 sys=0.02, real=0.04 secs] 
6911.779: [GC 6911.780: [ParNew: 1357767K->96635K(1415616K), 0.0380840 secs] 1957801K->696668K(8231360K), 0.0383010 secs] [Times: user=0.59 sys=0.00, real=0.04 secs] 
6915.967: [GC 6915.967: [ParNew: 1355003K->96566K(1415616K), 0.0423190 secs] 1955036K->696600K(8231360K), 0.0425250 secs] [Times: user=0.65 sys=0.00, real=0.04 secs] 
6919.584: [GC 6919.584: [ParNew: 1354934K->95777K(1415616K), 0.0365310 secs] 1954968K->695810K(8231360K), 0.0367390 secs] [Times: user=0.57 sys=0.00, real=0.04 secs] 
6922.780: [GC 6922.780: [ParNew: 1354145K->108317K(1415616K), 0.0432890 secs] 1954178K->708350K(8231360K), 0.0434970 secs] [Times: user=0.68 sys=0.01, real=0.05 secs] 
6928.390: [GC 6928.390: [ParNew: 1366685K->100653K(1415616K), 0.0409310 secs] 1966718K->700686K(8231360K), 0.0411560 secs] [Times: user=0.64 sys=0.00, real=0.04 secs] 
6931.139: [GC 6931.139: [ParNew: 1359021K->107812K(1415616K), 0.0353260 secs] 1959054K->707845K(8231360K), 0.0355440 secs] [Times: user=0.55 sys=0.00, real=0.04 secs] 
6931.566: [GC 6931.566: [ParNew: 1366180K->103106K(1415616K), 0.0403690 secs] 1966213K->703139K(8231360K), 0.0405870 secs] [Times: user=0.63 sys=0.01, real=0.04 secs] 
6932.000: [GC 6932.000: [ParNew: 1361474K->100068K(1415616K), 0.0385190 secs] 1961507K->700101K(8231360K), 0.0387300 secs] [Times: user=0.59 sys=0.00, real=0.04 secs] 
6932.433: [GC 6932.433: [ParNew: 1358436K->103452K(1415616K), 0.0347490 secs] 1958469K->703485K(8231360K), 0.0349640 secs] [Times: user=0.55 sys=0.00, real=0.04 secs] 
6932.863: [GC 6932.863: [ParNew: 1361820K->104967K(1415616K), 0.0376670 secs] 1961853K->705000K(8231360K), 0.0378710 secs] [Times: user=0.58 sys=0.00, real=0.04 secs] 
6933.315: [GC 6933.316: [ParNew: 1363335K->109236K(1415616K), 0.0340540 secs] 1963368K->709269K(8231360K), 0.0342630 secs] [Times: user=0.53 sys=0.00, real=0.03 secs] 
6936.154: [GC 6936.154: [ParNew: 1367604K->92550K(1415616K), 0.0390550 secs] 1967637K->692583K(8231360K), 0.0392540 secs] [Times: user=0.61 sys=0.00, real=0.04 secs] 
6940.390: [GC 6940.390: [ParNew: 1350918K->102400K(1415616K), 0.0430770 secs] 1950951K->702433K(8231360K), 0.0432820 secs] [Times: user=0.68 sys=0.00, real=0.04 secs] 
6944.206: [GC 6944.206: [ParNew: 1360768K->89531K(1415616K), 0.0358280 secs] 1960801K->689565K(8231360K), 0.0360380 secs] [Times: user=0.56 sys=0.00, real=0.03 secs] 
6946.830: [GC 6946.831: [ParNew: 1347899K->106687K(1415616K), 0.0346210 secs] 1947933K->706720K(8231360K), 0.0348290 secs] [Times: user=0.53 sys=0.00, real=0.03 secs] 
6948.378: [GC 6948.378: [ParNew: 1365055K->107605K(1415616K), 0.0370880 secs] 1965088K->707638K(8231360K), 0.0373050 secs] [Times: user=0.57 sys=0.00, real=0.03 secs] 
6949.639: [GC 6949.639: [ParNew: 1365973K->120525K(1415616K), 0.0407690 secs] 1966006K->720559K(8231360K), 0.0409940 secs] [Times: user=0.64 sys=0.00, real=0.04 secs] 
6950.705: [GC 6950.705: [ParNew: 1378893K->133287K(1415616K), 0.0415690 secs] 1978927K->733320K(8231360K), 0.0417900 secs] [Times: user=0.65 sys=0.00, real=0.05 secs] 
6952.192: [GC 6952.192: [ParNew: 1391655K->98068K(1415616K), 0.0367910 secs] 1991688K->698101K(8231360K), 0.0370190 secs] [Times: user=0.58 sys=0.00, real=0.04 secs] 
6955.794: [GC 6955.794: [ParNew: 1356436K->72656K(1415616K), 0.0957750 secs] 1956469K->704232K(8231360K), 0.0959850 secs] [Times: user=0.80 sys=0.02, real=0.10 secs] 
6957.684: [GC 6957.684: [ParNew: 1331024K->63200K(1415616K), 0.0244330 secs] 1962600K->694776K(8231360K), 0.0246500 secs] [Times: user=0.38 sys=0.00, real=0.03 secs] 
6959.574: [GC 6959.574: [ParNew: 1321568K->62239K(1415616K), 0.0221820 secs] 1953144K->693815K(8231360K), 0.0223930 secs] [Times: user=0.34 sys=0.00, real=0.02 secs] 
6962.071: [GC 6962.071: [ParNew: 1320607K->78333K(1415616K), 0.0299440 secs] 1952183K->709909K(8231360K), 0.0301540 secs] [Times: user=0.45 sys=0.01, real=0.03 secs] 
6962.670: [GC 6962.671: [ParNew: 1336701K->91665K(1415616K), 0.0295750 secs] 1968277K->723241K(8231360K), 0.0297820 secs] [Times: user=0.47 sys=0.00, real=0.03 secs] 
6965.617: [GC 6965.617: [ParNew: 1350033K->98010K(1415616K), 0.0324010 secs] 1981609K->729586K(8231360K), 0.0326210 secs] [Times: user=0.49 sys=0.01, real=0.04 secs] 
6966.411: [GC 6966.411: [ParNew: 1356378K->70995K(1415616K), 0.0288540 secs] 1987954K->702572K(8231360K), 0.0290610 secs] [Times: user=0.44 sys=0.00, real=0.03 secs] 
6969.186: [GC 6969.186: [ParNew: 1329363K->100220K(1415616K), 0.0355070 secs] 1960940K->731796K(8231360K), 0.0357110 secs] [Times: user=0.55 sys=0.01, real=0.04 secs] 
6971.051: [GC 6971.051: [ParNew: 1358588K->98705K(1415616K), 0.0286460 secs] 1990164K->730281K(8231360K), 0.0288560 secs] [Times: user=0.43 sys=0.01, real=0.02 secs] 
6971.492: [GC 6971.492: [ParNew: 1357073K->86955K(1415616K), 0.0293090 secs] 1988649K->718531K(8231360K), 0.0295250 secs] [Times: user=0.45 sys=0.01, real=0.03 secs] 
6973.587: [GC 6973.587: [ParNew: 1345323K->75985K(1415616K), 0.0303430 secs] 1976899K->707561K(8231360K), 0.0305550 secs] [Times: user=0.47 sys=0.00, real=0.03 secs] 
6975.631: [GC 6975.631: [ParNew: 1334353K->81469K(1415616K), 0.0305030 secs] 1965929K->713045K(8231360K), 0.0307170 secs] [Times: user=0.48 sys=0.00, real=0.04 secs] 
6978.957: [GC 6978.957: [ParNew: 1339837K->87443K(1415616K), 0.0316940 secs] 1971413K->719019K(8231360K), 0.0319040 secs] [Times: user=0.48 sys=0.00, real=0.03 secs] 
6982.799: [GC 6982.799: [ParNew: 1345811K->81860K(1415616K), 0.0302950 secs] 1977387K->713437K(8231360K), 0.0305320 secs] [Times: user=0.48 sys=0.00, real=0.03 secs] 
6985.074: [GC 6985.074: [ParNew: 1340228K->88769K(1415616K), 0.0318720 secs] 1971805K->720345K(8231360K), 0.0320840 secs] [Times: user=0.50 sys=0.00, real=0.03 secs] 
6988.580: [GC 6988.581: [ParNew: 1347137K->90914K(1415616K), 0.0339040 secs] 1978713K->722490K(8231360K), 0.0341100 secs] [Times: user=0.52 sys=0.00, real=0.04 secs] 
6991.127: [GC 6991.127: [ParNew: 1349282K->101053K(1415616K), 0.0360990 secs] 1980858K->732629K(8231360K), 0.0363110 secs] [Times: user=0.56 sys=0.01, real=0.03 secs] 
6991.558: [GC 6991.558: [ParNew: 1359421K->93078K(1415616K), 0.0343250 secs] 1990997K->724655K(8231360K), 0.0345360 secs] [Times: user=0.54 sys=0.00, real=0.03 secs] 
6991.986: [GC 6991.986: [ParNew: 1351446K->98086K(1415616K), 0.0300200 secs] 1983023K->729663K(8231360K), 0.0302410 secs] [Times: user=0.46 sys=0.00, real=0.03 secs] 
6992.407: [GC 6992.407: [ParNew: 1356454K->106061K(1415616K), 0.0346250 secs] 1988031K->737637K(8231360K), 0.0348420 secs] [Times: user=0.54 sys=0.01, real=0.03 secs] 
6992.833: [GC 6992.833: [ParNew: 1364429K->107441K(1415616K), 0.0375500 secs] 1996005K->739017K(8231360K), 0.0377590 secs] [Times: user=0.58 sys=0.01, real=0.04 secs] 
6993.289: [GC 6993.289: [ParNew: 1365809K->102066K(1415616K), 0.0319340 secs] 1997385K->733643K(8231360K), 0.0321440 secs] [Times: user=0.49 sys=0.01, real=0.03 secs] 
6995.256: [GC 6995.256: [ParNew: 1360434K->103714K(1415616K), 0.0367070 secs] 1992011K->735290K(8231360K), 0.0369180 secs] [Times: user=0.57 sys=0.01, real=0.03 secs] 
6999.991: [GC 6999.991: [ParNew: 1362082K->104285K(1415616K), 0.0444370 secs] 1993658K->735861K(8231360K), 0.0446430 secs] [Times: user=0.69 sys=0.01, real=0.04 secs] 
7001.601: [GC 7001.601: [ParNew: 1362653K->113972K(1415616K), 0.0385900 secs] 1994229K->745549K(8231360K), 0.0388050 secs] [Times: user=0.61 sys=0.00, real=0.04 secs] 
7004.585: [GC 7004.585: [ParNew: 1372340K->94991K(1415616K), 0.0374330 secs] 2003917K->726567K(8231360K), 0.0376400 secs] [Times: user=0.59 sys=0.00, real=0.04 secs] 
7006.296: [GC 7006.296: [ParNew: 1353359K->109987K(1415616K), 0.0396100 secs] 1984935K->741563K(8231360K), 0.0398300 secs] [Times: user=0.62 sys=0.00, real=0.04 secs] 
7006.823: [GC 7006.823: [ParNew: 1368355K->129094K(1415616K), 0.0451130 secs] 1999931K->760670K(8231360K), 0.0453130 secs] [Times: user=0.70 sys=0.00, real=0.05 secs] 
7007.493: [GC 7007.494: [ParNew: 1387462K->78159K(1415616K), 0.0905560 secs] 2019038K->736876K(8231360K), 0.0907870 secs] [Times: user=0.81 sys=0.01, real=0.09 secs] 
7009.158: [GC 7009.158: [ParNew: 1336527K->90295K(1415616K), 0.0276070 secs] 1995244K->749012K(8231360K), 0.0278110 secs] [Times: user=0.42 sys=0.01, real=0.02 secs] 
7009.685: [GC 7009.685: [ParNew: 1348663K->107354K(1415616K), 0.0333820 secs] 2007380K->766071K(8231360K), 0.0335850 secs] [Times: user=0.51 sys=0.00, real=0.04 secs] 
7011.287: [GC 7011.288: [ParNew: 1365722K->119400K(1415616K), 0.0326170 secs] 2024439K->778116K(8231360K), 0.0328280 secs] [Times: user=0.51 sys=0.00, real=0.04 secs] 
7014.412: [GC 7014.412: [ParNew: 1377768K->118715K(1415616K), 0.0310760 secs] 2036484K->777431K(8231360K), 0.0313040 secs] [Times: user=0.48 sys=0.00, real=0.03 secs] 
7017.810: [GC 7017.811: [ParNew: 1377083K->82443K(1415616K), 0.0360550 secs] 2035799K->741159K(8231360K), 0.0362880 secs] [Times: user=0.55 sys=0.00, real=0.03 secs] 
7019.994: [GC 7019.994: [ParNew: 1340811K->78483K(1415616K), 0.0348990 secs] 1999527K->737199K(8231360K), 0.0351260 secs] [Times: user=0.54 sys=0.00, real=0.03 secs] 
7021.467: [GC 7021.467: [ParNew: 1336851K->92269K(1415616K), 0.0332860 secs] 1995567K->750985K(8231360K), 0.0334950 secs] [Times: user=0.51 sys=0.01, real=0.04 secs] 
7022.134: [GC 7022.134: [ParNew: 1350637K->102039K(1415616K), 0.0375010 secs] 2009353K->760756K(8231360K), 0.0377380 secs] [Times: user=0.59 sys=0.00, real=0.04 secs] 
7024.596: [GC 7024.596: [ParNew: 1360407K->117694K(1415616K), 0.0391970 secs] 2019124K->776410K(8231360K), 0.0394080 secs] [Times: user=0.60 sys=0.00, real=0.04 secs] 
7025.598: [GC 7025.598: [ParNew: 1376062K->86451K(1415616K), 0.0335690 secs] 2034778K->745167K(8231360K), 0.0337810 secs] [Times: user=0.52 sys=0.00, real=0.04 secs] 
7026.348: [GC 7026.348: [ParNew: 1344819K->113096K(1415616K), 0.0391410 secs] 2003535K->771813K(8231360K), 0.0393460 secs] [Times: user=0.61 sys=0.00, real=0.04 secs] 
7027.494: [GC 7027.495: [ParNew: 1371464K->125693K(1415616K), 0.0392720 secs] 2030181K->784410K(8231360K), 0.0394950 secs] [Times: user=0.61 sys=0.01, real=0.04 secs] 
7030.421: [GC 7030.421: [ParNew: 1384061K->118249K(1415616K), 0.0429290 secs] 2042778K->776965K(8231360K), 0.0431440 secs] [Times: user=0.67 sys=0.01, real=0.05 secs] 
7031.205: [GC 7031.205: [ParNew: 1376617K->82794K(1415616K), 0.0655310 secs] 2035333K->759312K(8231360K), 0.0657380 secs] [Times: user=0.65 sys=0.01, real=0.06 secs] 
7033.152: [GC 7033.152: [ParNew: 1341162K->65090K(1415616K), 0.0252670 secs] 2017680K->741608K(8231360K), 0.0254750 secs] [Times: user=0.39 sys=0.00, real=0.03 secs] 
7036.190: [GC 7036.190: [ParNew: 1323458K->69670K(1415616K), 0.0265160 secs] 1999976K->746188K(8231360K), 0.0267290 secs] [Times: user=0.41 sys=0.00, real=0.03 secs] 
7038.586: [GC 7038.587: [ParNew: 1328038K->80826K(1415616K), 0.0310680 secs] 2004556K->757344K(8231360K), 0.0312790 secs] [Times: user=0.48 sys=0.01, real=0.03 secs] 
7044.223: [GC 7044.224: [ParNew: 1339194K->78976K(1415616K), 0.0289910 secs] 2015712K->755494K(8231360K), 0.0292010 secs] [Times: user=0.44 sys=0.00, real=0.03 secs] 
7047.996: [GC 7047.996: [ParNew: 1337344K->72398K(1415616K), 0.0305910 secs] 2013862K->748916K(8231360K), 0.0308020 secs] [Times: user=0.46 sys=0.00, real=0.03 secs] 
7050.619: [GC 7050.619: [ParNew: 1330766K->82839K(1415616K), 0.0341950 secs] 2007284K->759358K(8231360K), 0.0344030 secs] [Times: user=0.53 sys=0.00, real=0.03 secs] 
7051.392: [GC 7051.392: [ParNew: 1341207K->80583K(1415616K), 0.0304430 secs] 2017726K->757102K(8231360K), 0.0306510 secs] [Times: user=0.47 sys=0.01, real=0.03 secs] 
7051.833: [GC 7051.833: [ParNew: 1338951K->83991K(1415616K), 0.0285260 secs] 2015470K->760509K(8231360K), 0.0287420 secs] [Times: user=0.45 sys=0.00, real=0.03 secs] 
7052.261: [GC 7052.261: [ParNew: 1342359K->82678K(1415616K), 0.0342780 secs] 2018877K->759196K(8231360K), 0.0345040 secs] [Times: user=0.54 sys=0.01, real=0.03 secs] 
7052.693: [GC 7052.693: [ParNew: 1341046K->90648K(1415616K), 0.0262270 secs] 2017564K->767167K(8231360K), 0.0264330 secs] [Times: user=0.41 sys=0.00, real=0.03 secs] 
7053.128: [GC 7053.128: [ParNew: 1349016K->91379K(1415616K), 0.0313590 secs] 2025535K->767897K(8231360K), 0.0315650 secs] [Times: user=0.49 sys=0.00, real=0.03 secs] 
7053.795: [GC 7053.795: [ParNew: 1349747K->92366K(1415616K), 0.0311690 secs] 2026265K->768884K(8231360K), 0.0313710 secs] [Times: user=0.50 sys=0.00, real=0.03 secs] 
7057.010: [GC 7057.010: [ParNew: 1350734K->94993K(1415616K), 0.0380400 secs] 2027252K->771511K(8231360K), 0.0382550 secs] [Times: user=0.59 sys=0.01, real=0.04 secs] 
7061.499: [GC 7061.499: [ParNew: 1353361K->95395K(1415616K), 0.0364060 secs] 2029879K->771913K(8231360K), 0.0366120 secs] [Times: user=0.56 sys=0.00, real=0.03 secs] 
7065.592: [GC 7065.592: [ParNew: 1353763K->95761K(1415616K), 0.0370780 secs] 2030281K->772280K(8231360K), 0.0372850 secs] [Times: user=0.56 sys=0.01, real=0.04 secs] 
7066.480: [GC 7066.480: [ParNew: 1354129K->99227K(1415616K), 0.0383830 secs] 2030648K->775745K(8231360K), 0.0385910 secs] [Times: user=0.60 sys=0.00, real=0.03 secs] 
7066.949: [GC 7066.949: [ParNew: 1357595K->110718K(1415616K), 0.0387250 secs] 2034113K->787236K(8231360K), 0.0389280 secs] [Times: user=0.59 sys=0.01, real=0.03 secs] 
7067.949: [GC 7067.949: [ParNew: 1369086K->122822K(1415616K), 0.0359700 secs] 2045604K->799340K(8231360K), 0.0361790 secs] [Times: user=0.57 sys=0.00, real=0.03 secs] 
7069.105: [GC 7069.105: [ParNew: 1381190K->109797K(1415616K), 0.0405640 secs] 2057708K->786315K(8231360K), 0.0407700 secs] [Times: user=0.63 sys=0.00, real=0.04 secs] 
7070.400: [GC 7070.400: [ParNew: 1368165K->134799K(1415616K), 0.0441020 secs] 2044683K->811317K(8231360K), 0.0443070 secs] [Times: user=0.68 sys=0.01, real=0.04 secs] 
7073.093: [GC 7073.093: [ParNew: 1393167K->85192K(1415616K), 0.0787000 secs] 2069685K->785813K(8231360K), 0.0789160 secs] [Times: user=0.75 sys=0.02, real=0.08 secs] 
7075.782: [GC 7075.782: [ParNew: 1343560K->88266K(1415616K), 0.0247610 secs] 2044181K->788886K(8231360K), 0.0249670 secs] [Times: user=0.38 sys=0.00, real=0.02 secs] 
7080.319: [GC 7080.319: [ParNew: 1346634K->62110K(1415616K), 0.0229260 secs] 2047254K->762731K(8231360K), 0.0231490 secs] [Times: user=0.35 sys=0.00, real=0.03 secs] 
7081.397: [GC 7081.397: [ParNew: 1320478K->70247K(1415616K), 0.0273340 secs] 2021099K->770868K(8231360K), 0.0275400 secs] [Times: user=0.42 sys=0.01, real=0.03 secs] 
7082.139: [GC 7082.140: [ParNew: 1328615K->94014K(1415616K), 0.0341560 secs] 2029236K->794635K(8231360K), 0.0343690 secs] [Times: user=0.52 sys=0.01, real=0.04 secs] 
7084.091: [GC 7084.091: [ParNew: 1352382K->101266K(1415616K), 0.0287630 secs] 2053003K->801887K(8231360K), 0.0289800 secs] [Times: user=0.45 sys=0.00, real=0.03 secs] 
7086.195: [GC 7086.195: [ParNew: 1359634K->105608K(1415616K), 0.0299550 secs] 2060255K->806228K(8231360K), 0.0301640 secs] [Times: user=0.47 sys=0.00, real=0.03 secs] 
7087.605: [GC 7087.605: [ParNew: 1363976K->104248K(1415616K), 0.0329560 secs] 2064596K->804868K(8231360K), 0.0331860 secs] [Times: user=0.51 sys=0.01, real=0.03 secs] 
7089.966: [GC 7089.967: [ParNew: 1362616K->108869K(1415616K), 0.0302290 secs] 2063236K->809490K(8231360K), 0.0304440 secs] [Times: user=0.47 sys=0.00, real=0.03 secs] 
7091.206: [GC 7091.207: [ParNew: 1367237K->98632K(1415616K), 0.0298240 secs] 2067858K->799253K(8231360K), 0.0300590 secs] [Times: user=0.46 sys=0.00, real=0.03 secs] 
7093.579: [GC 7093.579: [ParNew: 1357000K->74796K(1415616K), 0.0339220 secs] 2057621K->775416K(8231360K), 0.0341310 secs] [Times: user=0.52 sys=0.01, real=0.03 secs] 
7099.146: [GC 7099.146: [ParNew: 1333164K->70513K(1415616K), 0.0262940 secs] 2033784K->771133K(8231360K), 0.0265120 secs] [Times: user=0.41 sys=0.01, real=0.02 secs] 
7103.422: [GC 7103.422: [ParNew: 1328881K->87265K(1415616K), 0.0282490 secs] 2029501K->787885K(8231360K), 0.0284630 secs] [Times: user=0.44 sys=0.00, real=0.03 secs] 
7107.393: [GC 7107.393: [ParNew: 1345633K->91803K(1415616K), 0.0321850 secs] 2046253K->792424K(8231360K), 0.0323920 secs] [Times: user=0.50 sys=0.00, real=0.03 secs] 
7110.592: [GC 7110.592: [ParNew: 1350171K->83994K(1415616K), 0.0356020 secs] 2050792K->784614K(8231360K), 0.0358180 secs] [Times: user=0.56 sys=0.00, real=0.04 secs] 
7111.396: [GC 7111.396: [ParNew: 1342362K->86589K(1415616K), 0.0341180 secs] 2042982K->787210K(8231360K), 0.0343370 secs] [Times: user=0.53 sys=0.00, real=0.04 secs] 
7111.823: [GC 7111.823: [ParNew: 1344957K->92208K(1415616K), 0.0359830 secs] 2045578K->792829K(8231360K), 0.0361900 secs] [Times: user=0.57 sys=0.00, real=0.04 secs] 
7112.255: [GC 7112.255: [ParNew: 1350576K->102621K(1415616K), 0.0352430 secs] 2051197K->803241K(8231360K), 0.0354610 secs] [Times: user=0.54 sys=0.00, real=0.04 secs] 
7112.683: [GC 7112.683: [ParNew: 1360989K->95919K(1415616K), 0.0316150 secs] 2061609K->796539K(8231360K), 0.0318340 secs] [Times: user=0.50 sys=0.00, real=0.03 secs] 
7113.119: [GC 7113.119: [ParNew: 1354287K->92642K(1415616K), 0.0319480 secs] 2054907K->793263K(8231360K), 0.0323120 secs] [Times: user=0.48 sys=0.01, real=0.03 secs] 
7113.812: [GC 7113.812: [ParNew: 1351010K->96594K(1415616K), 0.0384090 secs] 2051631K->797215K(8231360K), 0.0386270 secs] [Times: user=0.61 sys=0.00, real=0.04 secs] 
7117.070: [GC 7117.070: [ParNew: 1354962K->101144K(1415616K), 0.0387270 secs] 2055583K->801765K(8231360K), 0.0389390 secs] [Times: user=0.60 sys=0.00, real=0.04 secs] 
7120.817: [GC 7120.817: [ParNew: 1359512K->103074K(1415616K), 0.0381890 secs] 2060133K->803694K(8231360K), 0.0384030 secs] [Times: user=0.59 sys=0.01, real=0.04 secs] 
7123.974: [GC 7123.974: [ParNew: 1361442K->105463K(1415616K), 0.0340740 secs] 2062062K->806083K(8231360K), 0.0342850 secs] [Times: user=0.53 sys=0.00, real=0.03 secs] 
7126.134: [GC 7126.134: [ParNew: 1363831K->84332K(1415616K), 0.0360950 secs] 2064451K->784952K(8231360K), 0.0363050 secs] [Times: user=0.57 sys=0.00, real=0.04 secs] 
7126.731: [GC 7126.731: [ParNew: 1342700K->110998K(1415616K), 0.0381560 secs] 2043320K->811619K(8231360K), 0.0383730 secs] [Times: user=0.60 sys=0.00, real=0.04 secs] 
7127.825: [GC 7127.825: [ParNew: 1369366K->122319K(1415616K), 0.0393040 secs] 2069987K->822939K(8231360K), 0.0395250 secs] [Times: user=0.61 sys=0.00, real=0.04 secs] 
7129.239: [GC 7129.240: [ParNew: 1380687K->122164K(1415616K), 0.0410860 secs] 2081307K->822785K(8231360K), 0.0413110 secs] [Times: user=0.64 sys=0.01, real=0.05 secs] 
7130.339: [GC 7130.339: [ParNew: 1380532K->86194K(1415616K), 0.0787970 secs] 2081153K->811077K(8231360K), 0.0790290 secs] [Times: user=0.77 sys=0.04, real=0.08 secs] 
7131.340: [GC 7131.340: [ParNew: 1344562K->96048K(1415616K), 0.0309390 secs] 2069445K->820931K(8231360K), 0.0311540 secs] [Times: user=0.48 sys=0.00, real=0.04 secs] 
7133.098: [GC 7133.099: [ParNew: 1354416K->114858K(1415616K), 0.0343180 secs] 2079299K->839741K(8231360K), 0.0345290 secs] [Times: user=0.53 sys=0.01, real=0.04 secs] 
7135.721: [GC 7135.721: [ParNew: 1373226K->110944K(1415616K), 0.0358240 secs] 2098109K->835827K(8231360K), 0.0360340 secs] [Times: user=0.54 sys=0.00, real=0.04 secs] 
7140.003: [GC 7140.003: [ParNew: 1369312K->71586K(1415616K), 0.0291640 secs] 2094195K->796469K(8231360K), 0.0293840 secs] [Times: user=0.44 sys=0.00, real=0.03 secs] 
7141.443: [GC 7141.443: [ParNew: 1329954K->87785K(1415616K), 0.0291560 secs] 2054837K->812668K(8231360K), 0.0293620 secs] [Times: user=0.44 sys=0.00, real=0.03 secs] 
7142.240: [GC 7142.240: [ParNew: 1346153K->106049K(1415616K), 0.0271640 secs] 2071036K->830932K(8231360K), 0.0273710 secs] [Times: user=0.42 sys=0.00, real=0.03 secs] 
7144.783: [GC 7144.783: [ParNew: 1364417K->85251K(1415616K), 0.0327560 secs] 2089300K->810134K(8231360K), 0.0329730 secs] [Times: user=0.51 sys=0.00, real=0.04 secs] 
7146.432: [GC 7146.432: [ParNew: 1343619K->100382K(1415616K), 0.0340860 secs] 2068502K->825265K(8231360K), 0.0343140 secs] [Times: user=0.53 sys=0.00, real=0.04 secs] 
7149.218: [GC 7149.218: [ParNew: 1358750K->109376K(1415616K), 0.0313860 secs] 2083633K->834259K(8231360K), 0.0315910 secs] [Times: user=0.48 sys=0.00, real=0.03 secs] 
7150.950: [GC 7150.950: [ParNew: 1367744K->84814K(1415616K), 0.0293400 secs] 2092627K->809697K(8231360K), 0.0295600 secs] [Times: user=0.46 sys=0.00, real=0.03 secs] 
7151.387: [GC 7151.388: [ParNew: 1343182K->102895K(1415616K), 0.0330210 secs] 2068065K->827778K(8231360K), 0.0332310 secs] [Times: user=0.51 sys=0.01, real=0.03 secs] 
7152.977: [GC 7152.977: [ParNew: 1361263K->87845K(1415616K), 0.0303110 secs] 2086146K->812728K(8231360K), 0.0305170 secs] [Times: user=0.46 sys=0.00, real=0.03 secs] 
7156.610: [GC 7156.610: [ParNew: 1346213K->89999K(1415616K), 0.0340460 secs] 2071096K->814882K(8231360K), 0.0342570 secs] [Times: user=0.53 sys=0.00, real=0.03 secs] 
7159.431: [GC 7159.431: [ParNew: 1348367K->88440K(1415616K), 0.0319200 secs] 2073250K->813323K(8231360K), 0.0321260 secs] [Times: user=0.50 sys=0.00, real=0.03 secs] 
7162.795: [GC 7162.795: [ParNew: 1346808K->93167K(1415616K), 0.0358560 secs] 2071691K->818050K(8231360K), 0.0360620 secs] [Times: user=0.56 sys=0.01, real=0.04 secs] 
7165.133: [GC 7165.133: [ParNew: 1351535K->91341K(1415616K), 0.0339210 secs] 2076418K->816224K(8231360K), 0.0341360 secs] [Times: user=0.52 sys=0.00, real=0.04 secs] 
7167.202: [GC 7167.202: [ParNew: 1349709K->93157K(1415616K), 0.0353750 secs] 2074592K->818040K(8231360K), 0.0355860 secs] [Times: user=0.54 sys=0.00, real=0.04 secs] 
7169.686: [GC 7169.687: [ParNew: 1351525K->98618K(1415616K), 0.0351880 secs] 2076408K->823501K(8231360K), 0.0353960 secs] [Times: user=0.55 sys=0.00, real=0.04 secs] 
7171.239: [GC 7171.239: [ParNew: 1356986K->92867K(1415616K), 0.0306490 secs] 2081869K->817750K(8231360K), 0.0308650 secs] [Times: user=0.48 sys=0.00, real=0.03 secs] 
7171.271: [GC [1 CMS-initial-mark: 724883K(6815744K)] 824354K(8231360K), 0.0934240 secs] [Times: user=0.10 sys=0.00, real=0.09 secs] 
7171.365: [CMS-concurrent-mark-start]
7172.201: [CMS-concurrent-mark: 0.835/0.836 secs] [Times: user=3.41 sys=0.02, real=0.84 secs] 
7172.201: [CMS-concurrent-preclean-start]
7172.224: [CMS-concurrent-preclean: 0.023/0.023 secs] [Times: user=0.03 sys=0.00, real=0.02 secs] 
7172.224: [CMS-concurrent-abortable-preclean-start]
 CMS: abort preclean due to time 7177.271: [CMS-concurrent-abortable-preclean: 4.637/5.046 secs] [Times: user=4.91 sys=0.14, real=5.05 secs] 
7177.271: [GC[YG occupancy: 215718 K (1415616 K)]7177.272: [Rescan (parallel) , 0.0420060 secs]7177.314: [weak refs processing, 0.0000190 secs] [1 CMS-remark: 724883K(6815744K)] 940601K(8231360K), 0.0421410 secs] [Times: user=0.25 sys=0.01, real=0.04 secs] 
7177.314: [CMS-concurrent-sweep-start]
7178.096: [CMS-concurrent-sweep: 0.782/0.782 secs] [Times: user=0.84 sys=0.02, real=0.78 secs] 
7178.096: [CMS-concurrent-reset-start]
7178.131: [CMS-concurrent-reset: 0.036/0.036 secs] [Times: user=0.18 sys=0.01, real=0.04 secs] 
7178.449: [GC 7178.449: [ParNew: 1351235K->97507K(1415616K), 0.0337410 secs] 1952785K->699057K(8231360K), 0.0339490 secs] [Times: user=0.53 sys=0.00, real=0.04 secs] 
7178.877: [GC 7178.877: [ParNew: 1355875K->96111K(1415616K), 0.0326900 secs] 1957425K->697661K(8231360K), 0.0329010 secs] [Times: user=0.51 sys=0.00, real=0.04 secs] 
7179.302: [GC 7179.302: [ParNew: 1354479K->100546K(1415616K), 0.0344940 secs] 1956029K->702096K(8231360K), 0.0347060 secs] [Times: user=0.54 sys=0.01, real=0.03 secs] 
7179.732: [GC 7179.732: [ParNew: 1358914K->96762K(1415616K), 0.0358180 secs] 1960464K->698312K(8231360K), 0.0360280 secs] [Times: user=0.55 sys=0.00, real=0.03 secs] 
7180.193: [GC 7180.193: [ParNew: 1355130K->101220K(1415616K), 0.0366270 secs] 1956680K->702770K(8231360K), 0.0368450 secs] [Times: user=0.57 sys=0.00, real=0.04 secs] 
7180.664: [GC 7180.664: [ParNew: 1359588K->102356K(1415616K), 0.0370880 secs] 1961138K->703906K(8231360K), 0.0372950 secs] [Times: user=0.57 sys=0.00, real=0.04 secs] 
7181.199: [GC 7181.200: [ParNew: 1360724K->100086K(1415616K), 0.0368620 secs] 1962274K->701636K(8231360K), 0.0370880 secs] [Times: user=0.57 sys=0.00, real=0.03 secs] 
7184.926: [GC 7184.926: [ParNew: 1358454K->95563K(1415616K), 0.0379940 secs] 1960004K->697113K(8231360K), 0.0382050 secs] [Times: user=0.59 sys=0.01, real=0.04 secs] 
7186.505: [GC 7186.505: [ParNew: 1353931K->103612K(1415616K), 0.0343090 secs] 1955481K->705162K(8231360K), 0.0345200 secs] [Times: user=0.53 sys=0.00, real=0.03 secs] 
7187.368: [GC 7187.368: [ParNew: 1361980K->114558K(1415616K), 0.0376000 secs] 1963530K->716108K(8231360K), 0.0378060 secs] [Times: user=0.60 sys=0.01, real=0.04 secs] 
7189.417: [GC 7189.417: [ParNew: 1372926K->122514K(1415616K), 0.0394090 secs] 1974476K->724064K(8231360K), 0.0396140 secs] [Times: user=0.61 sys=0.01, real=0.04 secs] 
7190.665: [GC 7190.665: [ParNew: 1380882K->115917K(1415616K), 0.0417830 secs] 1982432K->717467K(8231360K), 0.0419910 secs] [Times: user=0.64 sys=0.01, real=0.04 secs] 
7191.209: [GC 7191.209: [ParNew: 1374285K->77717K(1415616K), 0.0878650 secs] 1975835K->704883K(8231360K), 0.0880740 secs] [Times: user=0.79 sys=0.02, real=0.09 secs] 
7191.695: [GC 7191.695: [ParNew: 1336085K->75198K(1415616K), 0.0242160 secs] 1963251K->702364K(8231360K), 0.0244160 secs] [Times: user=0.36 sys=0.00, real=0.02 secs] 
7194.776: [GC 7194.776: [ParNew: 1333566K->102084K(1415616K), 0.0267870 secs] 1960732K->729251K(8231360K), 0.0269960 secs] [Times: user=0.41 sys=0.00, real=0.03 secs] 
7199.993: [GC 7199.993: [ParNew: 1360452K->68432K(1415616K), 0.0279100 secs] 1987619K->695598K(8231360K), 0.0281140 secs] [Times: user=0.42 sys=0.01, real=0.03 secs] 
7201.774: [GC 7201.774: [ParNew: 1326800K->84209K(1415616K), 0.0309000 secs] 1953966K->711375K(8231360K), 0.0311140 secs] [Times: user=0.47 sys=0.00, real=0.03 secs] 
7202.298: [GC 7202.299: [ParNew: 1342577K->94423K(1415616K), 0.0274960 secs] 1969743K->721590K(8231360K), 0.0277000 secs] [Times: user=0.42 sys=0.00, real=0.03 secs] 
7203.213: [GC 7203.213: [ParNew: 1352791K->99865K(1415616K), 0.0300560 secs] 1979958K->727032K(8231360K), 0.0302710 secs] [Times: user=0.46 sys=0.01, real=0.03 secs] 
7205.991: [GC 7205.992: [ParNew: 1358233K->100843K(1415616K), 0.0288360 secs] 1985400K->728009K(8231360K), 0.0290410 secs] [Times: user=0.45 sys=0.00, real=0.03 secs] 
7206.938: [GC 7206.938: [ParNew: 1359211K->103249K(1415616K), 0.0311670 secs] 1986377K->730415K(8231360K), 0.0313830 secs] [Times: user=0.48 sys=0.00, real=0.03 secs] 
7208.977: [GC 7208.977: [ParNew: 1361617K->110690K(1415616K), 0.0343550 secs] 1988783K->737857K(8231360K), 0.0345590 secs] [Times: user=0.52 sys=0.01, real=0.03 secs] 
7211.055: [GC 7211.055: [ParNew: 1369058K->102376K(1415616K), 0.0285890 secs] 1996225K->729543K(8231360K), 0.0288010 secs] [Times: user=0.44 sys=0.00, real=0.03 secs] 
7211.499: [GC 7211.499: [ParNew: 1360744K->103909K(1415616K), 0.0357450 secs] 1987911K->731076K(8231360K), 0.0359550 secs] [Times: user=0.55 sys=0.01, real=0.04 secs] 
7215.971: [GC 7215.972: [ParNew: 1362277K->69066K(1415616K), 0.0316500 secs] 1989444K->696233K(8231360K), 0.0318650 secs] [Times: user=0.48 sys=0.00, real=0.03 secs] 
7219.276: [GC 7219.276: [ParNew: 1327434K->76746K(1415616K), 0.0325300 secs] 1954601K->703913K(8231360K), 0.0327440 secs] [Times: user=0.51 sys=0.00, real=0.04 secs] 
7221.978: [GC 7221.978: [ParNew: 1335114K->82768K(1415616K), 0.0318700 secs] 1962281K->709935K(8231360K), 0.0320870 secs] [Times: user=0.50 sys=0.00, real=0.03 secs] 
7227.012: [GC 7227.012: [ParNew: 1341136K->82684K(1415616K), 0.0297140 secs] 1968303K->709851K(8231360K), 0.0299340 secs] [Times: user=0.45 sys=0.00, real=0.03 secs] 
7228.208: [GC 7228.208: [ParNew: 1341052K->88663K(1415616K), 0.0316960 secs] 1968219K->715829K(8231360K), 0.0319090 secs] [Times: user=0.50 sys=0.00, real=0.03 secs] 
7230.991: [GC 7230.992: [ParNew: 1347031K->82728K(1415616K), 0.0304390 secs] 1974197K->709895K(8231360K), 0.0306690 secs] [Times: user=0.47 sys=0.00, real=0.03 secs] 
7231.418: [GC 7231.418: [ParNew: 1341096K->88951K(1415616K), 0.0290680 secs] 1968263K->716117K(8231360K), 0.0292670 secs] [Times: user=0.44 sys=0.00, real=0.03 secs] 
7231.841: [GC 7231.842: [ParNew: 1347319K->85455K(1415616K), 0.0323530 secs] 1974485K->712622K(8231360K), 0.0325650 secs] [Times: user=0.51 sys=0.00, real=0.03 secs] 
7232.270: [GC 7232.270: [ParNew: 1343823K->90863K(1415616K), 0.0339330 secs] 1970990K->718030K(8231360K), 0.0341610 secs] [Times: user=0.53 sys=0.01, real=0.03 secs] 
7232.696: [GC 7232.696: [ParNew: 1349231K->95257K(1415616K), 0.0333370 secs] 1976398K->722424K(8231360K), 0.0335440 secs] [Times: user=0.52 sys=0.00, real=0.04 secs] 
7233.141: [GC 7233.141: [ParNew: 1353625K->96769K(1415616K), 0.0295290 secs] 1980792K->723935K(8231360K), 0.0297370 secs] [Times: user=0.45 sys=0.00, real=0.03 secs] 
7235.182: [GC 7235.183: [ParNew: 1355137K->98448K(1415616K), 0.0355680 secs] 1982303K->725615K(8231360K), 0.0357730 secs] [Times: user=0.55 sys=0.01, real=0.03 secs] 
7238.781: [GC 7238.781: [ParNew: 1356816K->95712K(1415616K), 0.0316790 secs] 1983983K->722878K(8231360K), 0.0318860 secs] [Times: user=0.49 sys=0.02, real=0.03 secs] 
7242.487: [GC 7242.487: [ParNew: 1354080K->89150K(1415616K), 0.0314550 secs] 1981246K->716316K(8231360K), 0.0316640 secs] [Times: user=0.48 sys=0.00, real=0.03 secs] 
7245.180: [GC 7245.180: [ParNew: 1347518K->99577K(1415616K), 0.0401110 secs] 1974684K->726744K(8231360K), 0.0403280 secs] [Times: user=0.62 sys=0.00, real=0.04 secs] 
7246.314: [GC 7246.315: [ParNew: 1357945K->113478K(1415616K), 0.0392930 secs] 1985112K->740644K(8231360K), 0.0395090 secs] [Times: user=0.61 sys=0.00, real=0.04 secs] 
7247.085: [GC 7247.085: [ParNew: 1371846K->110633K(1415616K), 0.0407770 secs] 1999012K->737800K(8231360K), 0.0409860 secs] [Times: user=0.63 sys=0.00, real=0.04 secs] 
7247.911: [GC 7247.911: [ParNew: 1369001K->126458K(1415616K), 0.0323400 secs] 1996168K->753625K(8231360K), 0.0325580 secs] [Times: user=0.51 sys=0.00, real=0.04 secs] 
7249.230: [GC 7249.230: [ParNew: 1384826K->92930K(1415616K), 0.0385280 secs] 2011993K->720096K(8231360K), 0.0387440 secs] [Times: user=0.61 sys=0.00, real=0.04 secs] 
7249.834: [GC 7249.834: [ParNew: 1351298K->131709K(1415616K), 0.0390220 secs] 1978464K->758875K(8231360K), 0.0392230 secs] [Times: user=0.61 sys=0.00, real=0.04 secs] 
7251.261: [GC 7251.261: [ParNew: 1390077K->85241K(1415616K), 0.0857070 secs] 2017243K->736058K(8231360K), 0.0859180 secs] [Times: user=0.76 sys=0.02, real=0.09 secs] 
7254.597: [GC 7254.597: [ParNew: 1343609K->106013K(1415616K), 0.0305100 secs] 1994426K->756830K(8231360K), 0.0307150 secs] [Times: user=0.46 sys=0.00, real=0.03 secs] 
7260.904: [GC 7260.904: [ParNew: 1364381K->66486K(1415616K), 0.0277110 secs] 2015198K->717303K(8231360K), 0.0279270 secs] [Times: user=0.43 sys=0.00, real=0.02 secs] 
7261.864: [GC 7261.864: [ParNew: 1324854K->82580K(1415616K), 0.0308530 secs] 1975671K->733396K(8231360K), 0.0310630 secs] [Times: user=0.47 sys=0.01, real=0.03 secs] 
7262.937: [GC 7262.937: [ParNew: 1340948K->86641K(1415616K), 0.0257230 secs] 1991764K->737458K(8231360K), 0.0259320 secs] [Times: user=0.39 sys=0.00, real=0.02 secs] 
7266.003: [GC 7266.003: [ParNew: 1345009K->93916K(1415616K), 0.0269370 secs] 1995826K->744733K(8231360K), 0.0271470 secs] [Times: user=0.41 sys=0.00, real=0.03 secs] 
7267.143: [GC 7267.144: [ParNew: 1352284K->100241K(1415616K), 0.0273060 secs] 2003101K->751058K(8231360K), 0.0275150 secs] [Times: user=0.43 sys=0.00, real=0.03 secs] 
7270.868: [GC 7270.868: [ParNew: 1358609K->108989K(1415616K), 0.0328070 secs] 2009426K->759805K(8231360K), 0.0330250 secs] [Times: user=0.51 sys=0.00, real=0.03 secs] 
7271.301: [GC 7271.301: [ParNew: 1367357K->99937K(1415616K), 0.0306020 secs] 2018173K->750754K(8231360K), 0.0308120 secs] [Times: user=0.47 sys=0.01, real=0.03 secs] 
7273.007: [GC 7273.007: [ParNew: 1358305K->85531K(1415616K), 0.0301320 secs] 2009122K->736348K(8231360K), 0.0303470 secs] [Times: user=0.47 sys=0.00, real=0.03 secs] 
7274.845: [GC 7274.845: [ParNew: 1343899K->87319K(1415616K), 0.0301840 secs] 1994716K->738135K(8231360K), 0.0303970 secs] [Times: user=0.46 sys=0.00, real=0.03 secs] 
7276.695: [GC 7276.695: [ParNew: 1345687K->82546K(1415616K), 0.0319750 secs] 1996503K->733363K(8231360K), 0.0321930 secs] [Times: user=0.48 sys=0.01, real=0.03 secs] 
7280.821: [GC 7280.821: [ParNew: 1340914K->83434K(1415616K), 0.0307110 secs] 1991731K->734250K(8231360K), 0.0309300 secs] [Times: user=0.47 sys=0.01, real=0.03 secs] 
7283.413: [GC 7283.413: [ParNew: 1341802K->96967K(1415616K), 0.0391070 secs] 1992618K->747783K(8231360K), 0.0393170 secs] [Times: user=0.60 sys=0.01, real=0.04 secs] 
7286.237: [GC 7286.238: [ParNew: 1355335K->98505K(1415616K), 0.0378720 secs] 2006151K->749322K(8231360K), 0.0380820 secs] [Times: user=0.59 sys=0.01, real=0.04 secs] 
7289.571: [GC 7289.571: [ParNew: 1356873K->97638K(1415616K), 0.0372530 secs] 2007690K->748455K(8231360K), 0.0374640 secs] [Times: user=0.59 sys=0.01, real=0.03 secs] 
7291.222: [GC 7291.222: [ParNew: 1356006K->95563K(1415616K), 0.0354340 secs] 2006823K->746380K(8231360K), 0.0356580 secs] [Times: user=0.56 sys=0.00, real=0.03 secs] 
7291.657: [GC 7291.657: [ParNew: 1353931K->107539K(1415616K), 0.0365910 secs] 2004748K->758356K(8231360K), 0.0368070 secs] [Times: user=0.55 sys=0.02, real=0.04 secs] 
7292.089: [GC 7292.090: [ParNew: 1365907K->80149K(1415616K), 0.0354510 secs] 2016724K->730965K(8231360K), 0.0356790 secs] [Times: user=0.55 sys=0.01, real=0.04 secs] 
7292.519: [GC 7292.519: [ParNew: 1338517K->99193K(1415616K), 0.0361190 secs] 1989333K->750009K(8231360K), 0.0363380 secs] [Times: user=0.55 sys=0.00, real=0.04 secs] 
7292.950: [GC 7292.950: [ParNew: 1357561K->98569K(1415616K), 0.0325840 secs] 2008377K->749386K(8231360K), 0.0327930 secs] [Times: user=0.49 sys=0.01, real=0.04 secs] 
7293.406: [GC 7293.406: [ParNew: 1356937K->96254K(1415616K), 0.0348770 secs] 2007754K->747071K(8231360K), 0.0350950 secs] [Times: user=0.54 sys=0.00, real=0.04 secs] 
7295.599: [GC 7295.599: [ParNew: 1354622K->92668K(1415616K), 0.0314720 secs] 2005439K->743484K(8231360K), 0.0316860 secs] [Times: user=0.49 sys=0.01, real=0.03 secs] 
7298.802: [GC 7298.802: [ParNew: 1351036K->95474K(1415616K), 0.0369770 secs] 2001852K->746291K(8231360K), 0.0372020 secs] [Times: user=0.58 sys=0.00, real=0.03 secs] 
7301.599: [GC 7301.600: [ParNew: 1353842K->92995K(1415616K), 0.0308120 secs] 2004659K->743812K(8231360K), 0.0310240 secs] [Times: user=0.48 sys=0.00, real=0.03 secs] 
7304.783: [GC 7304.783: [ParNew: 1351363K->105405K(1415616K), 0.0330530 secs] 2002180K->756222K(8231360K), 0.0332680 secs] [Times: user=0.51 sys=0.01, real=0.03 secs] 
7306.389: [GC 7306.389: [ParNew: 1363773K->85754K(1415616K), 0.0371210 secs] 2014590K->736570K(8231360K), 0.0373450 secs] [Times: user=0.57 sys=0.00, real=0.04 secs] 
7307.028: [GC 7307.028: [ParNew: 1344122K->114514K(1415616K), 0.0422960 secs] 1994938K->765331K(8231360K), 0.0425160 secs] [Times: user=0.66 sys=0.01, real=0.04 secs] 
7308.013: [GC 7308.013: [ParNew: 1372882K->106752K(1415616K), 0.0365160 secs] 2023699K->757569K(8231360K), 0.0367350 secs] [Times: user=0.57 sys=0.01, real=0.04 secs] 
7309.208: [GC 7309.208: [ParNew: 1365120K->126056K(1415616K), 0.0384790 secs] 2015937K->776873K(8231360K), 0.0386920 secs] [Times: user=0.59 sys=0.00, real=0.04 secs] 
7310.568: [GC 7310.568: [ParNew: 1384424K->129246K(1415616K), 0.0406510 secs] 2035241K->780063K(8231360K), 0.0408590 secs] [Times: user=0.62 sys=0.00, real=0.04 secs] 
7311.249: [GC 7311.249: [ParNew: 1387614K->84293K(1415616K), 0.0869460 secs] 2038431K->761451K(8231360K), 0.0871540 secs] [Times: user=0.72 sys=0.04, real=0.09 secs] 
7311.755: [GC 7311.755: [ParNew: 1342661K->79925K(1415616K), 0.0265370 secs] 2019819K->757083K(8231360K), 0.0267550 secs] [Times: user=0.40 sys=0.00, real=0.02 secs] 
7314.205: [GC 7314.205: [ParNew: 1338293K->88227K(1415616K), 0.0256800 secs] 2015451K->765385K(8231360K), 0.0258880 secs] [Times: user=0.40 sys=0.01, real=0.02 secs] 
7317.302: [GC 7317.302: [ParNew: 1346595K->79164K(1415616K), 0.0235010 secs] 2023753K->756322K(8231360K), 0.0237040 secs] [Times: user=0.37 sys=0.00, real=0.03 secs] 
7320.038: [GC 7320.038: [ParNew: 1337532K->66966K(1415616K), 0.0243420 secs] 2014690K->744124K(8231360K), 0.0245630 secs] [Times: user=0.37 sys=0.00, real=0.02 secs] 
7321.388: [GC 7321.388: [ParNew: 1325334K->84894K(1415616K), 0.0265960 secs] 2002492K->762052K(8231360K), 0.0268000 secs] [Times: user=0.40 sys=0.01, real=0.02 secs] 
7322.428: [GC 7322.428: [ParNew: 1343262K->97992K(1415616K), 0.0298540 secs] 2020420K->775150K(8231360K), 0.0300640 secs] [Times: user=0.47 sys=0.00, real=0.03 secs] 
7324.375: [GC 7324.375: [ParNew: 1356360K->104528K(1415616K), 0.0334570 secs] 2033518K->781686K(8231360K), 0.0336620 secs] [Times: user=0.52 sys=0.00, real=0.04 secs] 
7326.885: [GC 7326.885: [ParNew: 1362896K->100136K(1415616K), 0.0342580 secs] 2040054K->777294K(8231360K), 0.0344730 secs] [Times: user=0.53 sys=0.01, real=0.04 secs] 
7329.979: [GC 7329.979: [ParNew: 1358504K->86496K(1415616K), 0.0278420 secs] 2035662K->763654K(8231360K), 0.0280750 secs] [Times: user=0.44 sys=0.00, real=0.03 secs] 
7331.138: [GC 7331.139: [ParNew: 1344864K->81354K(1415616K), 0.0309750 secs] 2022022K->758512K(8231360K), 0.0311890 secs] [Times: user=0.48 sys=0.00, real=0.03 secs] 
7333.775: [GC 7333.775: [ParNew: 1339722K->59056K(1415616K), 0.0278830 secs] 2016880K->736214K(8231360K), 0.0280890 secs] [Times: user=0.42 sys=0.01, real=0.03 secs] 
7338.184: [GC 7338.184: [ParNew: 1317424K->80344K(1415616K), 0.0315800 secs] 1994582K->757502K(8231360K), 0.0318020 secs] [Times: user=0.48 sys=0.00, real=0.03 secs] 
7341.786: [GC 7341.787: [ParNew: 1338712K->87548K(1415616K), 0.0351360 secs] 2015870K->764706K(8231360K), 0.0353520 secs] [Times: user=0.55 sys=0.00, real=0.04 secs] 
7344.797: [GC 7344.797: [ParNew: 1345916K->90289K(1415616K), 0.0340180 secs] 2023074K->767447K(8231360K), 0.0342310 secs] [Times: user=0.52 sys=0.01, real=0.04 secs] 
7346.869: [GC 7346.869: [ParNew: 1348657K->93960K(1415616K), 0.0312850 secs] 2025815K->771118K(8231360K), 0.0314990 secs] [Times: user=0.47 sys=0.01, real=0.04 secs] 
7350.989: [GC 7350.989: [ParNew: 1352328K->89271K(1415616K), 0.0353190 secs] 2029486K->766429K(8231360K), 0.0355370 secs] [Times: user=0.53 sys=0.01, real=0.04 secs] 
7351.431: [GC 7351.431: [ParNew: 1347639K->88463K(1415616K), 0.0301240 secs] 2024797K->765621K(8231360K), 0.0303430 secs] [Times: user=0.46 sys=0.01, real=0.04 secs] 
7351.876: [GC 7351.876: [ParNew: 1346831K->96862K(1415616K), 0.0307290 secs] 2023989K->774020K(8231360K), 0.0309330 secs] [Times: user=0.48 sys=0.00, real=0.03 secs] 
7354.923: [GC 7354.923: [ParNew: 1355230K->95575K(1415616K), 0.0325920 secs] 2032388K->772733K(8231360K), 0.0328240 secs] [Times: user=0.50 sys=0.00, real=0.03 secs] 
7360.683: [GC 7360.683: [ParNew: 1353943K->84094K(1415616K), 0.0358970 secs] 2031101K->761252K(8231360K), 0.0361140 secs] [Times: user=0.55 sys=0.01, real=0.04 secs] 
7362.573: [GC 7362.573: [ParNew: 1342462K->94401K(1415616K), 0.0402770 secs] 2019620K->771559K(8231360K), 0.0404900 secs] [Times: user=0.62 sys=0.02, real=0.04 secs] 
7365.296: [GC 7365.296: [ParNew: 1352769K->98086K(1415616K), 0.0349890 secs] 2029927K->775244K(8231360K), 0.0352250 secs] [Times: user=0.54 sys=0.00, real=0.03 secs] 
7366.244: [GC 7366.244: [ParNew: 1356454K->105203K(1415616K), 0.0395460 secs] 2033612K->782361K(8231360K), 0.0397630 secs] [Times: user=0.62 sys=0.01, real=0.04 secs] 
7366.977: [GC 7366.977: [ParNew: 1363571K->119068K(1415616K), 0.0404060 secs] 2040729K->796226K(8231360K), 0.0406390 secs] [Times: user=0.62 sys=0.01, real=0.04 secs] 
7368.415: [GC 7368.415: [ParNew: 1377436K->128623K(1415616K), 0.0410720 secs] 2054594K->805781K(8231360K), 0.0412850 secs] [Times: user=0.63 sys=0.01, real=0.04 secs] 
7369.211: [GC 7369.211: [ParNew: 1386991K->103861K(1415616K), 0.0388510 secs] 2064149K->781019K(8231360K), 0.0390530 secs] [Times: user=0.60 sys=0.00, real=0.04 secs] 
7370.507: [GC 7370.507: [ParNew: 1362229K->85849K(1415616K), 0.0739870 secs] 2039387K->782002K(8231360K), 0.0742020 secs] [Times: user=0.70 sys=0.03, real=0.07 secs] 
7373.015: [GC 7373.015: [ParNew: 1344217K->104153K(1415616K), 0.0309370 secs] 2040370K->800307K(8231360K), 0.0311460 secs] [Times: user=0.47 sys=0.01, real=0.03 secs] 
7374.899: [GC 7374.900: [ParNew: 1362521K->106727K(1415616K), 0.0297250 secs] 2058675K->802881K(8231360K), 0.0299240 secs] [Times: user=0.45 sys=0.01, real=0.03 secs] 
7378.586: [GC 7378.586: [ParNew: 1365095K->85041K(1415616K), 0.0295450 secs] 2061249K->781194K(8231360K), 0.0297500 secs] [Times: user=0.46 sys=0.00, real=0.03 secs] 
7381.151: [GC 7381.151: [ParNew: 1343409K->82457K(1415616K), 0.0301490 secs] 2039562K->778611K(8231360K), 0.0303780 secs] [Times: user=0.46 sys=0.00, real=0.03 secs] 
7381.830: [GC 7381.830: [ParNew: 1340825K->105964K(1415616K), 0.0324130 secs] 2036979K->802117K(8231360K), 0.0326210 secs] [Times: user=0.49 sys=0.01, real=0.03 secs] 
7382.536: [GC 7382.536: [ParNew: 1364332K->111272K(1415616K), 0.0370490 secs] 2060485K->807425K(8231360K), 0.0372740 secs] [Times: user=0.58 sys=0.01, real=0.04 secs] 
7385.270: [GC 7385.270: [ParNew: 1369640K->105869K(1415616K), 0.0379190 secs] 2065793K->802023K(8231360K), 0.0381350 secs] [Times: user=0.59 sys=0.00, real=0.04 secs] 
7386.975: [GC 7386.975: [ParNew: 1364237K->110840K(1415616K), 0.0338770 secs] 2060391K->806994K(8231360K), 0.0340930 secs] [Times: user=0.53 sys=0.01, real=0.04 secs] 
7388.388: [GC 7388.388: [ParNew: 1369208K->120901K(1415616K), 0.0327190 secs] 2065362K->817055K(8231360K), 0.0329210 secs] [Times: user=0.51 sys=0.01, real=0.04 secs] 
7390.878: [GC 7390.879: [ParNew: 1379269K->87449K(1415616K), 0.0354310 secs] 2075423K->783603K(8231360K), 0.0356410 secs] [Times: user=0.55 sys=0.00, real=0.03 secs] 
7391.324: [GC 7391.324: [ParNew: 1345817K->99105K(1415616K), 0.0316000 secs] 2041971K->795259K(8231360K), 0.0318080 secs] [Times: user=0.48 sys=0.00, real=0.03 secs] 
7393.595: [GC 7393.595: [ParNew: 1357473K->87950K(1415616K), 0.0354510 secs] 2053627K->784104K(8231360K), 0.0356660 secs] [Times: user=0.54 sys=0.01, real=0.04 secs] 
7395.785: [GC 7395.785: [ParNew: 1346318K->101458K(1415616K), 0.0340620 secs] 2042472K->797612K(8231360K), 0.0342680 secs] [Times: user=0.52 sys=0.00, real=0.03 secs] 
7398.184: [GC 7398.184: [ParNew: 1359826K->108188K(1415616K), 0.0368020 secs] 2055980K->804341K(8231360K), 0.0370140 secs] [Times: user=0.56 sys=0.01, real=0.04 secs] 
7401.776: [GC 7401.776: [ParNew: 1366556K->94181K(1415616K), 0.0341590 secs] 2062709K->790335K(8231360K), 0.0343720 secs] [Times: user=0.52 sys=0.00, real=0.04 secs] 
7405.187: [GC 7405.187: [ParNew: 1352549K->94133K(1415616K), 0.0353120 secs] 2048703K->790286K(8231360K), 0.0355210 secs] [Times: user=0.56 sys=0.00, real=0.04 secs] 
7410.585: [GC 7410.585: [ParNew: 1352501K->72070K(1415616K), 0.0305890 secs] 2048654K->768224K(8231360K), 0.0307990 secs] [Times: user=0.47 sys=0.00, real=0.03 secs] 
7411.404: [GC 7411.404: [ParNew: 1330438K->96269K(1415616K), 0.0355300 secs] 2026592K->792423K(8231360K), 0.0357440 secs] [Times: user=0.56 sys=0.00, real=0.03 secs] 
7411.834: [GC 7411.834: [ParNew: 1354637K->89735K(1415616K), 0.0345150 secs] 2050791K->785889K(8231360K), 0.0347230 secs] [Times: user=0.54 sys=0.00, real=0.03 secs] 
7412.267: [GC 7412.267: [ParNew: 1348103K->95457K(1415616K), 0.0330170 secs] 2044257K->791611K(8231360K), 0.0332290 secs] [Times: user=0.51 sys=0.00, real=0.03 secs] 
7412.693: [GC 7412.693: [ParNew: 1353825K->95752K(1415616K), 0.0313040 secs] 2049979K->791906K(8231360K), 0.0315100 secs] [Times: user=0.48 sys=0.01, real=0.03 secs] 
7413.128: [GC 7413.128: [ParNew: 1354120K->96214K(1415616K), 0.0373250 secs] 2050274K->792368K(8231360K), 0.0375330 secs] [Times: user=0.58 sys=0.01, real=0.04 secs] 
7413.623: [GC 7413.623: [ParNew: 1354582K->96185K(1415616K), 0.0315780 secs] 2050736K->792339K(8231360K), 0.0317930 secs] [Times: user=0.50 sys=0.00, real=0.04 secs] 
7414.797: [GC 7414.797: [ParNew: 1354553K->100571K(1415616K), 0.0360950 secs] 2050707K->796725K(8231360K), 0.0363010 secs] [Times: user=0.55 sys=0.01, real=0.04 secs] 
7418.239: [GC 7418.239: [ParNew: 1358939K->101717K(1415616K), 0.0383750 secs] 2055093K->797871K(8231360K), 0.0385920 secs] [Times: user=0.59 sys=0.00, real=0.04 secs] 
7422.266: [GC 7422.266: [ParNew: 1360085K->92818K(1415616K), 0.0401870 secs] 2056239K->788971K(8231360K), 0.0403990 secs] [Times: user=0.63 sys=0.01, real=0.04 secs] 
7425.557: [GC 7425.557: [ParNew: 1351186K->100852K(1415616K), 0.0319470 secs] 2047339K->797005K(8231360K), 0.0321580 secs] [Times: user=0.49 sys=0.00, real=0.03 secs] 
7426.400: [GC 7426.400: [ParNew: 1359220K->100661K(1415616K), 0.0383340 secs] 2055373K->796814K(8231360K), 0.0385580 secs] [Times: user=0.60 sys=0.01, real=0.04 secs] 
7426.973: [GC 7426.973: [ParNew: 1359029K->109068K(1415616K), 0.0372180 secs] 2055182K->805222K(8231360K), 0.0374210 secs] [Times: user=0.57 sys=0.00, real=0.04 secs] 
7428.384: [GC 7428.384: [ParNew: 1367436K->125113K(1415616K), 0.0371670 secs] 2063590K->821267K(8231360K), 0.0373780 secs] [Times: user=0.58 sys=0.00, real=0.04 secs] 
7429.403: [GC 7429.403: [ParNew: 1383481K->120786K(1415616K), 0.0420240 secs] 2079635K->816939K(8231360K), 0.0422300 secs] [Times: user=0.64 sys=0.01, real=0.04 secs] 
7431.416: [GC 7431.416: [ParNew: 1379154K->83919K(1415616K), 0.0841160 secs] 2075307K->805266K(8231360K), 0.0843230 secs] [Times: user=0.73 sys=0.05, real=0.08 secs] 
7433.407: [GC 7433.407: [ParNew: 1342287K->86479K(1415616K), 0.0302940 secs] 2063634K->807825K(8231360K), 0.0305010 secs] [Times: user=0.47 sys=0.01, real=0.03 secs] 
7436.198: [GC 7436.199: [ParNew: 1344847K->95652K(1415616K), 0.0298260 secs] 2066193K->816998K(8231360K), 0.0300370 secs] [Times: user=0.44 sys=0.01, real=0.03 secs] 
7440.554: [GC 7440.554: [ParNew: 1354020K->59838K(1415616K), 0.0233570 secs] 2075366K->781184K(8231360K), 0.0235620 secs] [Times: user=0.35 sys=0.00, real=0.02 secs] 
7441.391: [GC 7441.392: [ParNew: 1318206K->80993K(1415616K), 0.0274360 secs] 2039552K->802339K(8231360K), 0.0276470 secs] [Times: user=0.43 sys=0.01, real=0.03 secs] 
7442.460: [GC 7442.460: [ParNew: 1339361K->94148K(1415616K), 0.0254160 secs] 2060707K->815495K(8231360K), 0.0256520 secs] [Times: user=0.38 sys=0.00, real=0.02 secs] 
7444.464: [GC 7444.464: [ParNew: 1352516K->95107K(1415616K), 0.0289160 secs] 2073863K->816453K(8231360K), 0.0291250 secs] [Times: user=0.45 sys=0.00, real=0.03 secs] 
7446.790: [GC 7446.790: [ParNew: 1353475K->102639K(1415616K), 0.0281260 secs] 2074821K->823986K(8231360K), 0.0283470 secs] [Times: user=0.44 sys=0.00, real=0.02 secs] 
7449.578: [GC 7449.578: [ParNew: 1361007K->93094K(1415616K), 0.0308530 secs] 2082354K->814441K(8231360K), 0.0310810 secs] [Times: user=0.48 sys=0.01, real=0.04 secs] 
7451.015: [GC 7451.016: [ParNew: 1351462K->104256K(1415616K), 0.0313260 secs] 2072809K->825602K(8231360K), 0.0315490 secs] [Times: user=0.48 sys=0.00, real=0.03 secs] 
7452.184: [GC 7452.184: [ParNew: 1362624K->80027K(1415616K), 0.0304490 secs] 2083970K->801373K(8231360K), 0.0306710 secs] [Times: user=0.46 sys=0.01, real=0.03 secs] 
7454.595: [GC 7454.595: [ParNew: 1338395K->86206K(1415616K), 0.0323000 secs] 2059741K->807553K(8231360K), 0.0325040 secs] [Times: user=0.49 sys=0.00, real=0.03 secs] 
7456.168: [GC 7456.168: [ParNew: 1344574K->90983K(1415616K), 0.0319270 secs] 2065921K->812330K(8231360K), 0.0321400 secs] [Times: user=0.49 sys=0.00, real=0.03 secs] 
7458.394: [GC 7458.394: [ParNew: 1349351K->91965K(1415616K), 0.0324630 secs] 2070698K->813312K(8231360K), 0.0326840 secs] [Times: user=0.51 sys=0.00, real=0.03 secs] 
7461.121: [GC 7461.121: [ParNew: 1350333K->100431K(1415616K), 0.0357230 secs] 2071680K->821778K(8231360K), 0.0359440 secs] [Times: user=0.56 sys=0.00, real=0.04 secs] 
7463.784: [GC 7463.785: [ParNew: 1358799K->105720K(1415616K), 0.0337760 secs] 2080146K->827066K(8231360K), 0.0339890 secs] [Times: user=0.52 sys=0.01, real=0.03 secs] 
7466.808: [GC 7466.808: [ParNew: 1364088K->102977K(1415616K), 0.0348160 secs] 2085434K->824324K(8231360K), 0.0350290 secs] [Times: user=0.54 sys=0.00, real=0.04 secs] 
7471.032: [GC 7471.033: [ParNew: 1361345K->93775K(1415616K), 0.0387880 secs] 2082692K->815121K(8231360K), 0.0390020 secs] [Times: user=0.59 sys=0.01, real=0.04 secs] 
7471.473: [GC 7471.474: [ParNew: 1352143K->109721K(1415616K), 0.0369100 secs] 2073489K->831068K(8231360K), 0.0371110 secs] [Times: user=0.57 sys=0.00, real=0.03 secs] 
7471.906: [GC 7471.906: [ParNew: 1368089K->99687K(1415616K), 0.0337830 secs] 2089436K->821034K(8231360K), 0.0340040 secs] [Times: user=0.53 sys=0.00, real=0.03 secs] 
7472.330: [GC 7472.330: [ParNew: 1358055K->105443K(1415616K), 0.0365690 secs] 2079402K->826790K(8231360K), 0.0368710 secs] [Times: user=0.56 sys=0.01, real=0.04 secs] 
7472.766: [GC 7472.766: [ParNew: 1363811K->97415K(1415616K), 0.0373740 secs] 2085158K->818761K(8231360K), 0.0375880 secs] [Times: user=0.59 sys=0.00, real=0.04 secs] 
7473.213: [GC 7473.213: [ParNew: 1355783K->105706K(1415616K), 0.0363440 secs] 2077129K->827052K(8231360K), 0.0365620 secs] [Times: user=0.56 sys=0.01, real=0.04 secs] 
7473.976: [GC 7473.976: [ParNew: 1364074K->109589K(1415616K), 0.0363410 secs] 2085420K->830936K(8231360K), 0.0365450 secs] [Times: user=0.56 sys=0.00, real=0.03 secs] 
7477.578: [GC 7477.578: [ParNew: 1367957K->105295K(1415616K), 0.0381230 secs] 2089304K->826641K(8231360K), 0.0383360 secs] [Times: user=0.59 sys=0.00, real=0.04 secs] 
7481.410: [GC 7481.410: [ParNew: 1363663K->86427K(1415616K), 0.0374980 secs] 2085009K->807773K(8231360K), 0.0377120 secs] [Times: user=0.57 sys=0.01, real=0.04 secs] 
7484.948: [GC 7484.949: [ParNew: 1344795K->95569K(1415616K), 0.0340710 secs] 2066141K->816915K(8231360K), 0.0342920 secs] [Times: user=0.52 sys=0.00, real=0.03 secs] 
7486.890: [GC 7486.890: [ParNew: 1353937K->116124K(1415616K), 0.0358750 secs] 2075283K->837471K(8231360K), 0.0360920 secs] [Times: user=0.55 sys=0.00, real=0.03 secs] 
7487.424: [GC 7487.424: [ParNew: 1374492K->93169K(1415616K), 0.0359740 secs] 2095839K->814515K(8231360K), 0.0362060 secs] [Times: user=0.56 sys=0.00, real=0.04 secs] 
7488.889: [GC 7488.889: [ParNew: 1351537K->113118K(1415616K), 0.0348110 secs] 2072883K->834464K(8231360K), 0.0350290 secs] [Times: user=0.53 sys=0.00, real=0.03 secs] 
7489.441: [GC 7489.441: [ParNew: 1371486K->132326K(1415616K), 0.0427960 secs] 2092832K->853672K(8231360K), 0.0430020 secs] [Times: user=0.66 sys=0.02, real=0.04 secs] 
7491.030: [GC 7491.031: [ParNew: 1390694K->88806K(1415616K), 0.0811480 secs] 2112040K->834451K(8231360K), 0.0813750 secs] [Times: user=0.67 sys=0.07, real=0.08 secs] 
7493.204: [GC 7493.204: [ParNew: 1347174K->97574K(1415616K), 0.0318070 secs] 2092819K->843219K(8231360K), 0.0320150 secs] [Times: user=0.48 sys=0.00, real=0.03 secs] 
7495.809: [GC 7495.809: [ParNew: 1355942K->97460K(1415616K), 0.0315120 secs] 2101587K->843105K(8231360K), 0.0317310 secs] [Times: user=0.48 sys=0.01, real=0.03 secs] 
7498.185: [GC 7498.185: [ParNew: 1355828K->77978K(1415616K), 0.0321210 secs] 2101473K->823623K(8231360K), 0.0323510 secs] [Times: user=0.50 sys=0.00, real=0.03 secs] 
7501.307: [GC 7501.307: [ParNew: 1336346K->71111K(1415616K), 0.0265140 secs] 2081991K->816757K(8231360K), 0.0267320 secs] [Times: user=0.40 sys=0.00, real=0.03 secs] 
7501.920: [GC 7501.920: [ParNew: 1329479K->93488K(1415616K), 0.0264860 secs] 2075125K->839133K(8231360K), 0.0267290 secs] [Times: user=0.42 sys=0.01, real=0.02 secs] 
7505.073: [GC 7505.073: [ParNew: 1351856K->99266K(1415616K), 0.0275290 secs] 2097501K->844911K(8231360K), 0.0278040 secs] [Times: user=0.42 sys=0.00, real=0.03 secs] 
7507.247: [GC 7507.247: [ParNew: 1357634K->91043K(1415616K), 0.0279640 secs] 2103279K->836688K(8231360K), 0.0281890 secs] [Times: user=0.44 sys=0.00, real=0.03 secs] 
7510.875: [GC 7510.875: [ParNew: 1349411K->92404K(1415616K), 0.0331390 secs] 2095056K->838049K(8231360K), 0.0333610 secs] [Times: user=0.51 sys=0.00, real=0.03 secs] 
7511.325: [GC 7511.326: [ParNew: 1350772K->84134K(1415616K), 0.0318370 secs] 2096417K->829779K(8231360K), 0.0320420 secs] [Times: user=0.49 sys=0.00, real=0.03 secs] 
7514.647: [GC 7514.647: [ParNew: 1342502K->65298K(1415616K), 0.0351040 secs] 2088147K->810943K(8231360K), 0.0353290 secs] [Times: user=0.53 sys=0.01, real=0.04 secs] 
7517.031: [GC 7517.031: [ParNew: 1323666K->78227K(1415616K), 0.0298860 secs] 2069311K->823872K(8231360K), 0.0301910 secs] [Times: user=0.46 sys=0.01, real=0.04 secs] 
7520.369: [GC 7520.370: [ParNew: 1336595K->83919K(1415616K), 0.0376730 secs] 2082240K->829564K(8231360K), 0.0378980 secs] [Times: user=0.57 sys=0.01, real=0.04 secs] 
7523.509: [GC 7523.509: [ParNew: 1342287K->88836K(1415616K), 0.0309870 secs] 2087932K->834481K(8231360K), 0.0311930 secs] [Times: user=0.48 sys=0.00, real=0.03 secs] 
7525.162: [GC 7525.163: [ParNew: 1347204K->93409K(1415616K), 0.0320660 secs] 2092849K->839054K(8231360K), 0.0322850 secs] [Times: user=0.50 sys=0.00, real=0.04 secs] 
7528.476: [GC 7528.476: [ParNew: 1351777K->92340K(1415616K), 0.0346260 secs] 2097422K->837985K(8231360K), 0.0348320 secs] [Times: user=0.54 sys=0.01, real=0.03 secs] 
7531.133: [GC 7531.133: [ParNew: 1350708K->88718K(1415616K), 0.0306120 secs] 2096353K->834364K(8231360K), 0.0308250 secs] [Times: user=0.47 sys=0.00, real=0.04 secs] 
7531.558: [GC 7531.558: [ParNew: 1347086K->90442K(1415616K), 0.0342260 secs] 2092732K->836088K(8231360K), 0.0344360 secs] [Times: user=0.52 sys=0.00, real=0.03 secs] 
7531.990: [GC 7531.990: [ParNew: 1348810K->90868K(1415616K), 0.0329410 secs] 2094456K->836514K(8231360K), 0.0331430 secs] [Times: user=0.51 sys=0.00, real=0.03 secs] 
7532.416: [GC 7532.416: [ParNew: 1349236K->95581K(1415616K), 0.0338880 secs] 2094882K->841226K(8231360K), 0.0340900 secs] [Times: user=0.52 sys=0.00, real=0.03 secs] 
7532.843: [GC 7532.844: [ParNew: 1353949K->97314K(1415616K), 0.0299980 secs] 2099594K->842959K(8231360K), 0.0302050 secs] [Times: user=0.46 sys=0.00, real=0.03 secs] 
7533.316: [GC 7533.316: [ParNew: 1355682K->93781K(1415616K), 0.0339410 secs] 2101327K->839426K(8231360K), 0.0341510 secs] [Times: user=0.52 sys=0.01, real=0.03 secs] 
7535.193: [GC 7535.193: [ParNew: 1352149K->93969K(1415616K), 0.0332750 secs] 2097794K->839615K(8231360K), 0.0334770 secs] [Times: user=0.51 sys=0.00, real=0.04 secs] 
7539.207: [GC 7539.207: [ParNew: 1352337K->107022K(1415616K), 0.0372700 secs] 2097983K->852667K(8231360K), 0.0374860 secs] [Times: user=0.58 sys=0.00, real=0.03 secs] 
7542.384: [GC 7542.384: [ParNew: 1365390K->96252K(1415616K), 0.0350210 secs] 2111035K->841897K(8231360K), 0.0352380 secs] [Times: user=0.53 sys=0.02, real=0.04 secs] 
7545.407: [GC 7545.407: [ParNew: 1354620K->97710K(1415616K), 0.0388450 secs] 2100265K->843355K(8231360K), 0.0390650 secs] [Times: user=0.61 sys=0.00, real=0.04 secs] 
7546.780: [GC 7546.780: [ParNew: 1356078K->115033K(1415616K), 0.0382700 secs] 2101723K->860679K(8231360K), 0.0384810 secs] [Times: user=0.59 sys=0.01, real=0.04 secs] 
7547.855: [GC 7547.855: [ParNew: 1373401K->120119K(1415616K), 0.0380930 secs] 2119047K->865764K(8231360K), 0.0382980 secs] [Times: user=0.60 sys=0.00, real=0.04 secs] 
7549.018: [GC 7549.018: [ParNew: 1378487K->138851K(1415616K), 0.0385870 secs] 2124132K->884496K(8231360K), 0.0387930 secs] [Times: user=0.59 sys=0.00, real=0.03 secs] 
7550.408: [GC 7550.408: [ParNew: 1397219K->88229K(1415616K), 0.0775230 secs] 2142864K->857106K(8231360K), 0.0777260 secs] [Times: user=0.64 sys=0.06, real=0.07 secs] 
7552.604: [GC 7552.604: [ParNew: 1346597K->98939K(1415616K), 0.0257860 secs] 2115474K->867816K(8231360K), 0.0259920 secs] [Times: user=0.38 sys=0.01, real=0.03 secs] 
7555.411: [GC 7555.412: [ParNew: 1357307K->104862K(1415616K), 0.0265520 secs] 2126184K->873739K(8231360K), 0.0267650 secs] [Times: user=0.40 sys=0.01, real=0.02 secs] 
7557.875: [GC 7557.875: [ParNew: 1363230K->78804K(1415616K), 0.0318830 secs] 2132107K->847681K(8231360K), 0.0320920 secs] [Times: user=0.49 sys=0.01, real=0.03 secs] 
7561.123: [GC 7561.123: [ParNew: 1337172K->77112K(1415616K), 0.0270390 secs] 2106049K->845990K(8231360K), 0.0272600 secs] [Times: user=0.42 sys=0.01, real=0.03 secs] 
7561.855: [GC 7561.855: [ParNew: 1335480K->96005K(1415616K), 0.0290550 secs] 2104358K->864882K(8231360K), 0.0292690 secs] [Times: user=0.45 sys=0.00, real=0.03 secs] 
7563.401: [GC 7563.401: [ParNew: 1354373K->100908K(1415616K), 0.0334540 secs] 2123250K->869785K(8231360K), 0.0336640 secs] [Times: user=0.51 sys=0.01, real=0.03 secs] 
7565.811: [GC 7565.811: [ParNew: 1359276K->102682K(1415616K), 0.0282610 secs] 2128153K->871559K(8231360K), 0.0285120 secs] [Times: user=0.44 sys=0.00, real=0.02 secs] 
7567.059: [GC 7567.059: [ParNew: 1361050K->107686K(1415616K), 0.0394640 secs] 2129927K->876563K(8231360K), 0.0397180 secs] [Times: user=0.59 sys=0.01, real=0.04 secs] 
7569.023: [GC 7569.023: [ParNew: 1366054K->116595K(1415616K), 0.0308590 secs] 2134931K->885472K(8231360K), 0.0310890 secs] [Times: user=0.48 sys=0.00, real=0.03 secs] 
7571.101: [GC 7571.101: [ParNew: 1374963K->85020K(1415616K), 0.0351470 secs] 2143840K->853897K(8231360K), 0.0354010 secs] [Times: user=0.55 sys=0.01, real=0.04 secs] 
7571.619: [GC 7571.619: [ParNew: 1343388K->111639K(1415616K), 0.0348790 secs] 2112265K->880516K(8231360K), 0.0351220 secs] [Times: user=0.52 sys=0.00, real=0.04 secs] 
7574.605: [GC 7574.605: [ParNew: 1370007K->81843K(1415616K), 0.0356020 secs] 2138884K->850720K(8231360K), 0.0358580 secs] [Times: user=0.56 sys=0.00, real=0.03 secs] 
7577.478: [GC 7577.478: [ParNew: 1340211K->89284K(1415616K), 0.0374080 secs] 2109088K->858162K(8231360K), 0.0376980 secs] [Times: user=0.57 sys=0.00, real=0.04 secs] 
7580.501: [GC 7580.501: [ParNew: 1347652K->97672K(1415616K), 0.0374120 secs] 2116530K->866549K(8231360K), 0.0376580 secs] [Times: user=0.59 sys=0.00, real=0.04 secs] 
7582.988: [GC 7582.988: [ParNew: 1356040K->91739K(1415616K), 0.0361410 secs] 2124917K->860617K(8231360K), 0.0363890 secs] [Times: user=0.55 sys=0.01, real=0.04 secs] 
7585.961: [GC 7585.961: [ParNew: 1350107K->98342K(1415616K), 0.0365370 secs] 2118985K->867220K(8231360K), 0.0367740 secs] [Times: user=0.57 sys=0.01, real=0.04 secs] 
7597.694: [GC 7597.694: [ParNew: 1356710K->61292K(1415616K), 0.0320690 secs] 2125588K->830169K(8231360K), 0.0322950 secs] [Times: user=0.50 sys=0.00, real=0.03 secs] 
7598.126: [GC 7598.126: [ParNew: 1319660K->72918K(1415616K), 0.0268840 secs] 2088537K->841796K(8231360K), 0.0271080 secs] [Times: user=0.42 sys=0.00, real=0.03 secs] 
7598.551: [GC 7598.551: [ParNew: 1331286K->81873K(1415616K), 0.0310080 secs] 2100164K->850750K(8231360K), 0.0312190 secs] [Times: user=0.47 sys=0.01, real=0.03 secs] 
7598.984: [GC 7598.984: [ParNew: 1340241K->80068K(1415616K), 0.0300880 secs] 2109118K->848945K(8231360K), 0.0302910 secs] [Times: user=0.47 sys=0.01, real=0.03 secs] 
7599.413: [GC 7599.413: [ParNew: 1338436K->80068K(1415616K), 0.0328280 secs] 2107313K->848945K(8231360K), 0.0330310 secs] [Times: user=0.51 sys=0.01, real=0.03 secs] 
7599.860: [GC 7599.860: [ParNew: 1338436K->90050K(1415616K), 0.0318120 secs] 2107313K->858927K(8231360K), 0.0320280 secs] [Times: user=0.49 sys=0.00, real=0.03 secs] 
7602.106: [GC 7602.106: [ParNew: 1348418K->91207K(1415616K), 0.0360910 secs] 2117295K->860084K(8231360K), 0.0363550 secs] [Times: user=0.56 sys=0.01, real=0.04 secs] 
7604.215: [GC 7604.215: [ParNew: 1349575K->102289K(1415616K), 0.0398320 secs] 2118452K->871166K(8231360K), 0.0400660 secs] [Times: user=0.63 sys=0.00, real=0.04 secs] 
7605.038: [GC 7605.038: [ParNew: 1360657K->105449K(1415616K), 0.0416800 secs] 2129534K->874326K(8231360K), 0.0419120 secs] [Times: user=0.64 sys=0.01, real=0.05 secs] 
7605.609: [GC 7605.609: [ParNew: 1363817K->119216K(1415616K), 0.0411970 secs] 2132694K->888093K(8231360K), 0.0414780 secs] [Times: user=0.64 sys=0.01, real=0.04 secs] 
7606.869: [GC 7606.869: [ParNew: 1377584K->123790K(1415616K), 0.0443920 secs] 2146461K->892667K(8231360K), 0.0446420 secs] [Times: user=0.68 sys=0.01, real=0.04 secs] 
7607.505: [GC 7607.505: [ParNew: 1382158K->128881K(1415616K), 0.0402560 secs] 2151035K->897758K(8231360K), 0.0404970 secs] [Times: user=0.63 sys=0.01, real=0.04 secs] 
7607.962: [GC 7607.962: [ParNew: 1387249K->91382K(1415616K), 0.0926080 secs] 2156126K->886356K(8231360K), 0.0928220 secs] [Times: user=0.83 sys=0.04, real=0.09 secs] 
7608.703: [GC 7608.704: [ParNew: 1349750K->89968K(1415616K), 0.0299520 secs] 2144724K->884942K(8231360K), 0.0301600 secs] [Times: user=0.47 sys=0.00, real=0.03 secs] 
7609.413: [GC 7609.414: [ParNew: 1348336K->115408K(1415616K), 0.0316370 secs] 2143310K->910382K(8231360K), 0.0318580 secs] [Times: user=0.50 sys=0.00, real=0.03 secs] 
7610.837: [GC 7610.837: [ParNew: 1373776K->121995K(1415616K), 0.0372840 secs] 2168750K->916969K(8231360K), 0.0375120 secs] [Times: user=0.58 sys=0.01, real=0.04 secs] 
7611.400: [GC 7611.401: [ParNew: 1380363K->117137K(1415616K), 0.0325730 secs] 2175337K->912111K(8231360K), 0.0327820 secs] [Times: user=0.51 sys=0.00, real=0.03 secs] 
7613.254: [GC 7613.255: [ParNew: 1375505K->107167K(1415616K), 0.0452170 secs] 2170479K->906801K(8231360K), 0.0454370 secs] [Times: user=0.62 sys=0.02, real=0.05 secs] 
7616.589: [GC 7616.589: [ParNew: 1365535K->93125K(1415616K), 0.0329980 secs] 2165169K->892758K(8231360K), 0.0332060 secs] [Times: user=0.51 sys=0.01, real=0.04 secs] 
7621.025: [GC 7621.026: [ParNew: 1351493K->70630K(1415616K), 0.0291860 secs] 2151126K->870264K(8231360K), 0.0293980 secs] [Times: user=0.45 sys=0.00, real=0.03 secs] 
7621.724: [GC 7621.724: [ParNew: 1328998K->89956K(1415616K), 0.0316890 secs] 2128632K->889590K(8231360K), 0.0319160 secs] [Times: user=0.49 sys=0.01, real=0.03 secs] 
7622.719: [GC 7622.719: [ParNew: 1348324K->91081K(1415616K), 0.0304920 secs] 2147958K->890715K(8231360K), 0.0307040 secs] [Times: user=0.47 sys=0.01, real=0.03 secs] 
7626.033: [GC 7626.033: [ParNew: 1349449K->95941K(1415616K), 0.0305460 secs] 2149083K->895575K(8231360K), 0.0307660 secs] [Times: user=0.48 sys=0.00, real=0.03 secs] 
7626.777: [GC 7626.777: [ParNew: 1354309K->104782K(1415616K), 0.0294030 secs] 2153943K->904416K(8231360K), 0.0296130 secs] [Times: user=0.46 sys=0.00, real=0.03 secs] 
7630.070: [GC 7630.070: [ParNew: 1363150K->102381K(1415616K), 0.0304830 secs] 2162784K->902015K(8231360K), 0.0307010 secs] [Times: user=0.47 sys=0.00, real=0.03 secs] 
7631.191: [GC 7631.191: [ParNew: 1360749K->100695K(1415616K), 0.0306370 secs] 2160383K->900329K(8231360K), 0.0308510 secs] [Times: user=0.48 sys=0.00, real=0.03 secs] 
7631.653: [GC 7631.653: [ParNew: 1359063K->87365K(1415616K), 0.0307420 secs] 2158697K->886999K(8231360K), 0.0309530 secs] [Times: user=0.48 sys=0.01, real=0.04 secs] 
7632.984: [GC 7632.984: [ParNew: 1345733K->79388K(1415616K), 0.0351510 secs] 2145367K->879022K(8231360K), 0.0353650 secs] [Times: user=0.55 sys=0.02, real=0.03 secs] 
7636.174: [GC 7636.174: [ParNew: 1337756K->75684K(1415616K), 0.0315360 secs] 2137390K->875318K(8231360K), 0.0317520 secs] [Times: user=0.48 sys=0.01, real=0.03 secs] 
7639.207: [GC 7639.207: [ParNew: 1334052K->99140K(1415616K), 0.0303560 secs] 2133686K->898774K(8231360K), 0.0305750 secs] [Times: user=0.48 sys=0.00, real=0.03 secs] 
7641.397: [GC 7641.397: [ParNew: 1357508K->76996K(1415616K), 0.0341210 secs] 2157142K->876630K(8231360K), 0.0343290 secs] [Times: user=0.52 sys=0.00, real=0.03 secs] 
7644.211: [GC 7644.211: [ParNew: 1335364K->103249K(1415616K), 0.0399250 secs] 2134998K->902883K(8231360K), 0.0401360 secs] [Times: user=0.62 sys=0.01, real=0.04 secs] 
7647.559: [GC 7647.559: [ParNew: 1361617K->114100K(1415616K), 0.0360810 secs] 2161251K->913734K(8231360K), 0.0362990 secs] [Times: user=0.57 sys=0.00, real=0.03 secs] 
7651.031: [GC 7651.031: [ParNew: 1372468K->82125K(1415616K), 0.0386560 secs] 2172102K->881759K(8231360K), 0.0388710 secs] [Times: user=0.61 sys=0.00, real=0.04 secs] 
7651.471: [GC 7651.471: [ParNew: 1340493K->108110K(1415616K), 0.0306070 secs] 2140127K->907744K(8231360K), 0.0308250 secs] [Times: user=0.48 sys=0.00, real=0.03 secs] 
7651.895: [GC 7651.895: [ParNew: 1366478K->114086K(1415616K), 0.0391090 secs] 2166112K->913720K(8231360K), 0.0393160 secs] [Times: user=0.62 sys=0.00, real=0.04 secs] 
7652.327: [GC 7652.327: [ParNew: 1372454K->114351K(1415616K), 0.0336220 secs] 2172088K->913985K(8231360K), 0.0338310 secs] [Times: user=0.52 sys=0.00, real=0.03 secs] 
7652.754: [GC 7652.754: [ParNew: 1372719K->103155K(1415616K), 0.0392150 secs] 2172353K->902789K(8231360K), 0.0394350 secs] [Times: user=0.60 sys=0.00, real=0.04 secs] 
7653.196: [GC 7653.196: [ParNew: 1361523K->111873K(1415616K), 0.0367310 secs] 2161157K->911507K(8231360K), 0.0369410 secs] [Times: user=0.56 sys=0.01, real=0.04 secs] 
7653.655: [GC 7653.655: [ParNew: 1370241K->102868K(1415616K), 0.0330180 secs] 2169875K->902502K(8231360K), 0.0332280 secs] [Times: user=0.50 sys=0.00, real=0.04 secs] 
7655.610: [GC 7655.610: [ParNew: 1361236K->98652K(1415616K), 0.0397920 secs] 2160870K->898286K(8231360K), 0.0400150 secs] [Times: user=0.62 sys=0.01, real=0.04 secs] 
7659.249: [GC 7659.249: [ParNew: 1357020K->105605K(1415616K), 0.0399920 secs] 2156654K->905239K(8231360K), 0.0402150 secs] [Times: user=0.62 sys=0.01, real=0.04 secs] 
7661.282: [GC 7661.282: [ParNew: 1363973K->104201K(1415616K), 0.0378020 secs] 2163607K->903835K(8231360K), 0.0381530 secs] [Times: user=0.58 sys=0.00, real=0.04 secs] 
7664.197: [GC 7664.197: [ParNew: 1362569K->106098K(1415616K), 0.0357830 secs] 2162203K->905732K(8231360K), 0.0359990 secs] [Times: user=0.56 sys=0.00, real=0.04 secs] 
7666.245: [GC 7666.245: [ParNew: 1364466K->122122K(1415616K), 0.0392280 secs] 2164100K->921756K(8231360K), 0.0394470 secs] [Times: user=0.61 sys=0.01, real=0.04 secs] 
7667.011: [GC 7667.011: [ParNew: 1380490K->93844K(1415616K), 0.0401920 secs] 2180124K->893478K(8231360K), 0.0404090 secs] [Times: user=0.61 sys=0.00, real=0.04 secs] 
7668.779: [GC 7668.779: [ParNew: 1352212K->129304K(1415616K), 0.0414640 secs] 2151846K->928937K(8231360K), 0.0416830 secs] [Times: user=0.64 sys=0.00, real=0.05 secs] 
7669.912: [GC 7669.912: [ParNew: 1387672K->81952K(1415616K), 0.0855430 secs] 2187305K->907457K(8231360K), 0.0857550 secs] [Times: user=0.76 sys=0.07, real=0.08 secs] 
7670.777: [GC 7670.777: [ParNew: 1340320K->88023K(1415616K), 0.0289190 secs] 2165825K->913528K(8231360K), 0.0291460 secs] [Times: user=0.45 sys=0.00, real=0.03 secs] 
7671.218: [GC 7671.218: [ParNew: 1346391K->97685K(1415616K), 0.0264910 secs] 2171896K->923190K(8231360K), 0.0266940 secs] [Times: user=0.41 sys=0.00, real=0.03 secs] 
7671.639: [GC 7671.639: [ParNew: 1356053K->97715K(1415616K), 0.0286560 secs] 2181558K->923220K(8231360K), 0.0288650 secs] [Times: user=0.43 sys=0.01, real=0.03 secs] 
7672.231: [GC 7672.231: [ParNew: 1356083K->90144K(1415616K), 0.0280010 secs] 2181588K->915649K(8231360K), 0.0282170 secs] [Times: user=0.43 sys=0.00, real=0.02 secs] 
7673.787: [GC 7673.787: [ParNew: 1348512K->110521K(1415616K), 0.0342420 secs] 2174017K->936027K(8231360K), 0.0344520 secs] [Times: user=0.52 sys=0.00, real=0.04 secs] 
7676.583: [GC 7676.584: [ParNew: 1368889K->78450K(1415616K), 0.0286470 secs] 2194395K->903956K(8231360K), 0.0288670 secs] [Times: user=0.45 sys=0.00, real=0.03 secs] 
7681.052: [GC 7681.052: [ParNew: 1336818K->76893K(1415616K), 0.0301410 secs] 2162324K->902399K(8231360K), 0.0303620 secs] [Times: user=0.47 sys=0.00, real=0.03 secs] 
7681.957: [GC 7681.957: [ParNew: 1335261K->96652K(1415616K), 0.0270970 secs] 2160767K->922157K(8231360K), 0.0273150 secs] [Times: user=0.41 sys=0.01, real=0.03 secs] 
7683.813: [GC 7683.813: [ParNew: 1355020K->76294K(1415616K), 0.0276810 secs] 2180525K->901800K(8231360K), 0.0278900 secs] [Times: user=0.42 sys=0.00, real=0.02 secs] 
7686.555: [GC 7686.555: [ParNew: 1334662K->98336K(1415616K), 0.0280120 secs] 2160168K->923842K(8231360K), 0.0282260 secs] [Times: user=0.43 sys=0.00, real=0.03 secs] 
7687.332: [GC 7687.332: [ParNew: 1356704K->110180K(1415616K), 0.0353180 secs] 2182210K->935686K(8231360K), 0.0355200 secs] [Times: user=0.54 sys=0.00, real=0.04 secs] 
7690.945: [GC 7690.945: [ParNew: 1368548K->82067K(1415616K), 0.0368620 secs] 2194054K->907573K(8231360K), 0.0370780 secs] [Times: user=0.57 sys=0.01, real=0.03 secs] 
7693.371: [GC 7693.372: [ParNew: 1340435K->77365K(1415616K), 0.0318870 secs] 2165941K->902871K(8231360K), 0.0320980 secs] [Times: user=0.49 sys=0.00, real=0.03 secs] 
7696.817: [GC 7696.817: [ParNew: 1335733K->74952K(1415616K), 0.0303910 secs] 2161239K->900458K(8231360K), 0.0306170 secs] [Times: user=0.47 sys=0.00, real=0.03 secs] 
7700.481: [GC 7700.481: [ParNew: 1333320K->84512K(1415616K), 0.0318270 secs] 2158826K->910018K(8231360K), 0.0320590 secs] [Times: user=0.50 sys=0.01, real=0.03 secs] 
7702.215: [GC 7702.215: [ParNew: 1342880K->86983K(1415616K), 0.0326740 secs] 2168386K->912489K(8231360K), 0.0328850 secs] [Times: user=0.50 sys=0.01, real=0.04 secs] 
7706.596: [GC 7706.596: [ParNew: 1345351K->97107K(1415616K), 0.0330180 secs] 2170857K->922613K(8231360K), 0.0332600 secs] [Times: user=0.52 sys=0.01, real=0.04 secs] 
7711.330: [GC 7711.331: [ParNew: 1355475K->69307K(1415616K), 0.0316100 secs] 2180981K->894812K(8231360K), 0.0318260 secs] [Times: user=0.49 sys=0.00, real=0.03 secs] 
7711.756: [GC 7711.756: [ParNew: 1327675K->94331K(1415616K), 0.0368460 secs] 2153180K->919836K(8231360K), 0.0370530 secs] [Times: user=0.56 sys=0.02, real=0.04 secs] 
7712.195: [GC 7712.195: [ParNew: 1352699K->95662K(1415616K), 0.0334380 secs] 2178204K->921167K(8231360K), 0.0336520 secs] [Times: user=0.51 sys=0.00, real=0.04 secs] 
7712.628: [GC 7712.628: [ParNew: 1354030K->98234K(1415616K), 0.0349110 secs] 2179535K->923740K(8231360K), 0.0351390 secs] [Times: user=0.54 sys=0.01, real=0.04 secs] 
7713.070: [GC 7713.070: [ParNew: 1356602K->99109K(1415616K), 0.0345290 secs] 2182108K->924614K(8231360K), 0.0347410 secs] [Times: user=0.52 sys=0.01, real=0.03 secs] 
7713.513: [GC 7713.513: [ParNew: 1357477K->95913K(1415616K), 0.0345940 secs] 2182982K->921419K(8231360K), 0.0348050 secs] [Times: user=0.53 sys=0.00, real=0.04 secs] 
7715.607: [GC 7715.607: [ParNew: 1354281K->100690K(1415616K), 0.0374890 secs] 2179787K->926196K(8231360K), 0.0376990 secs] [Times: user=0.57 sys=0.00, real=0.04 secs] 
7720.215: [GC 7720.215: [ParNew: 1359058K->97529K(1415616K), 0.0360100 secs] 2184564K->923035K(8231360K), 0.0362410 secs] [Times: user=0.56 sys=0.01, real=0.04 secs] 
7722.212: [GC 7722.212: [ParNew: 1355897K->101506K(1415616K), 0.0387150 secs] 2181403K->927012K(8231360K), 0.0389870 secs] [Times: user=0.61 sys=0.01, real=0.04 secs] 
7725.415: [GC 7725.415: [ParNew: 1359874K->106341K(1415616K), 0.0340550 secs] 2185380K->931847K(8231360K), 0.0342800 secs] [Times: user=0.53 sys=0.00, real=0.03 secs] 
7726.373: [GC 7726.373: [ParNew: 1364709K->111603K(1415616K), 0.0341430 secs] 2190215K->937109K(8231360K), 0.0343520 secs] [Times: user=0.53 sys=0.00, real=0.03 secs] 
7727.099: [GC 7727.099: [ParNew: 1369971K->118676K(1415616K), 0.0341200 secs] 2195477K->944182K(8231360K), 0.0343340 secs] [Times: user=0.53 sys=0.00, real=0.04 secs] 
7728.227: [GC 7728.227: [ParNew: 1377044K->128874K(1415616K), 0.0350420 secs] 2202550K->954379K(8231360K), 0.0352540 secs] [Times: user=0.54 sys=0.00, real=0.04 secs] 
7728.989: [GC 7728.989: [ParNew: 1387242K->119552K(1415616K), 0.0369490 secs] 2212747K->945058K(8231360K), 0.0371690 secs] [Times: user=0.58 sys=0.00, real=0.04 secs] 
7730.299: [GC 7730.299: [ParNew: 1377920K->84609K(1415616K), 0.0873160 secs] 2203426K->934397K(8231360K), 0.0875410 secs] [Times: user=0.68 sys=0.07, real=0.09 secs] 
7731.116: [GC 7731.116: [ParNew: 1342977K->85076K(1415616K), 0.0252610 secs] 2192765K->934864K(8231360K), 0.0254780 secs] [Times: user=0.39 sys=0.00, real=0.03 secs] 
7731.536: [GC 7731.536: [ParNew: 1343444K->98121K(1415616K), 0.0267630 secs] 2193232K->947909K(8231360K), 0.0269700 secs] [Times: user=0.41 sys=0.00, real=0.03 secs] 
7733.109: [GC 7733.109: [ParNew: 1356489K->101154K(1415616K), 0.0250220 secs] 2206277K->950942K(8231360K), 0.0252330 secs] [Times: user=0.38 sys=0.00, real=0.03 secs] 
7735.389: [GC 7735.389: [ParNew: 1359522K->107246K(1415616K), 0.0299490 secs] 2209310K->957034K(8231360K), 0.0301600 secs] [Times: user=0.47 sys=0.00, real=0.03 secs] 
7737.858: [GC 7737.859: [ParNew: 1365614K->93406K(1415616K), 0.0294790 secs] 2215402K->943194K(8231360K), 0.0296910 secs] [Times: user=0.45 sys=0.00, real=0.03 secs] 
7741.281: [GC 7741.281: [ParNew: 1351774K->81733K(1415616K), 0.0319580 secs] 2201562K->931521K(8231360K), 0.0321710 secs] [Times: user=0.50 sys=0.00, real=0.04 secs] 
7742.189: [GC 7742.189: [ParNew: 1340101K->109557K(1415616K), 0.0363510 secs] 2189889K->959345K(8231360K), 0.0365680 secs] [Times: user=0.56 sys=0.01, real=0.04 secs] 
7742.835: [GC 7742.835: [ParNew: 1367925K->114110K(1415616K), 0.0331150 secs] 2217713K->963898K(8231360K), 0.0333580 secs] [Times: user=0.52 sys=0.00, real=0.03 secs] 
7744.007: [GC 7744.007: [ParNew: 1372478K->109068K(1415616K), 0.0328490 secs] 2222266K->958856K(8231360K), 0.0330640 secs] [Times: user=0.50 sys=0.00, real=0.03 secs] 
7745.388: [GC 7745.388: [ParNew: 1367436K->112450K(1415616K), 0.0330280 secs] 2217224K->962238K(8231360K), 0.0332430 secs] [Times: user=0.52 sys=0.01, real=0.03 secs] 
7746.544: [GC 7746.544: [ParNew: 1370818K->104297K(1415616K), 0.0341570 secs] 2220606K->954085K(8231360K), 0.0343660 secs] [Times: user=0.53 sys=0.00, real=0.04 secs] 
7749.582: [GC 7749.582: [ParNew: 1362665K->96059K(1415616K), 0.0332580 secs] 2212453K->945847K(8231360K), 0.0334620 secs] [Times: user=0.51 sys=0.00, real=0.04 secs] 
7751.078: [GC 7751.078: [ParNew: 1354427K->99096K(1415616K), 0.0380740 secs] 2204215K->948884K(8231360K), 0.0382920 secs] [Times: user=0.58 sys=0.01, real=0.04 secs] 
7753.074: [GC 7753.074: [ParNew: 1357464K->78059K(1415616K), 0.0307530 secs] 2207252K->927847K(8231360K), 0.0309560 secs] [Times: user=0.48 sys=0.01, real=0.04 secs] 
7757.055: [GC 7757.055: [ParNew: 1336427K->80673K(1415616K), 0.0313690 secs] 2186215K->930461K(8231360K), 0.0315790 secs] [Times: user=0.48 sys=0.00, real=0.04 secs] 
7760.801: [GC 7760.801: [ParNew: 1339041K->83329K(1415616K), 0.0348600 secs] 2188829K->933117K(8231360K), 0.0350640 secs] [Times: user=0.53 sys=0.00, real=0.03 secs] 
7764.199: [GC 7764.200: [ParNew: 1341697K->97217K(1415616K), 0.0377380 secs] 2191485K->947005K(8231360K), 0.0379520 secs] [Times: user=0.58 sys=0.00, real=0.04 secs] 
7769.001: [GC 7769.001: [ParNew: 1355585K->87948K(1415616K), 0.0377320 secs] 2205373K->937736K(8231360K), 0.0379260 secs] [Times: user=0.59 sys=0.00, real=0.04 secs] 
7771.092: [GC 7771.092: [ParNew: 1346316K->88448K(1415616K), 0.0355190 secs] 2196104K->938236K(8231360K), 0.0357250 secs] [Times: user=0.56 sys=0.00, real=0.03 secs] 
7771.518: [GC 7771.518: [ParNew: 1346816K->91814K(1415616K), 0.0331730 secs] 2196604K->941602K(8231360K), 0.0333720 secs] [Times: user=0.52 sys=0.01, real=0.04 secs] 
7771.947: [GC 7771.947: [ParNew: 1350182K->99113K(1415616K), 0.0314740 secs] 2199970K->948901K(8231360K), 0.0316790 secs] [Times: user=0.48 sys=0.00, real=0.04 secs] 
7772.374: [GC 7772.374: [ParNew: 1357481K->92339K(1415616K), 0.0369430 secs] 2207269K->942127K(8231360K), 0.0371590 secs] [Times: user=0.57 sys=0.00, real=0.04 secs] 
7772.825: [GC 7772.825: [ParNew: 1350707K->96897K(1415616K), 0.0409970 secs] 2200495K->946685K(8231360K), 0.0412060 secs] [Times: user=0.63 sys=0.01, real=0.04 secs] 
7773.276: [GC 7773.276: [ParNew: 1355265K->89756K(1415616K), 0.0372700 secs] 2205053K->939544K(8231360K), 0.0374830 secs] [Times: user=0.58 sys=0.00, real=0.04 secs] 
7773.856: [GC 7773.856: [ParNew: 1348124K->98029K(1415616K), 0.0359810 secs] 2197912K->947817K(8231360K), 0.0361890 secs] [Times: user=0.56 sys=0.00, real=0.04 secs] 
7777.582: [GC 7777.582: [ParNew: 1356397K->94423K(1415616K), 0.0401080 secs] 2206185K->944211K(8231360K), 0.0403280 secs] [Times: user=0.62 sys=0.01, real=0.04 secs] 
7782.887: [GC 7782.887: [ParNew: 1352791K->82545K(1415616K), 0.0370230 secs] 2202579K->932333K(8231360K), 0.0372370 secs] [Times: user=0.57 sys=0.01, real=0.04 secs] 
7786.016: [GC 7786.016: [ParNew: 1340913K->105820K(1415616K), 0.0366970 secs] 2190701K->955608K(8231360K), 0.0368970 secs] [Times: user=0.56 sys=0.01, real=0.04 secs] 
7786.554: [GC 7786.554: [ParNew: 1364188K->79044K(1415616K), 0.0338330 secs] 2213976K->928832K(8231360K), 0.0340440 secs] [Times: user=0.53 sys=0.00, real=0.03 secs] 
7787.458: [GC 7787.458: [ParNew: 1337412K->111221K(1415616K), 0.0406670 secs] 2187200K->961009K(8231360K), 0.0408850 secs] [Times: user=0.63 sys=0.01, real=0.04 secs] 
7788.567: [GC 7788.567: [ParNew: 1369589K->123050K(1415616K), 0.0368050 secs] 2219377K->972838K(8231360K), 0.0370040 secs] [Times: user=0.56 sys=0.00, real=0.04 secs] 
7789.408: [GC 7789.409: [ParNew: 1381418K->132135K(1415616K), 0.0457130 secs] 2231206K->981923K(8231360K), 0.0459180 secs] [Times: user=0.72 sys=0.00, real=0.05 secs] 
7791.050: [GC 7791.050: [ParNew: 1390503K->93097K(1415616K), 0.0861240 secs] 2240291K->968259K(8231360K), 0.0863310 secs] [Times: user=0.70 sys=0.06, real=0.09 secs] 
7793.064: [GC 7793.064: [ParNew: 1351465K->101118K(1415616K), 0.0314330 secs] 2226627K->976280K(8231360K), 0.0316520 secs] [Times: user=0.49 sys=0.00, real=0.03 secs] 
7794.596: [GC 7794.596: [ParNew: 1359486K->102228K(1415616K), 0.0310240 secs] 2234648K->977390K(8231360K), 0.0312320 secs] [Times: user=0.48 sys=0.00, real=0.03 secs] 
7798.589: [GC 7798.589: [ParNew: 1360596K->71680K(1415616K), 0.0317750 secs] 2235758K->946842K(8231360K), 0.0319800 secs] [Times: user=0.48 sys=0.01, real=0.03 secs] 
7801.690: [GC 7801.690: [ParNew: 1330048K->70514K(1415616K), 0.0277500 secs] 2205210K->945676K(8231360K), 0.0279660 secs] [Times: user=0.43 sys=0.00, real=0.03 secs] 
7802.212: [GC 7802.212: [ParNew: 1328882K->97612K(1415616K), 0.0327560 secs] 2204044K->972774K(8231360K), 0.0329640 secs] [Times: user=0.49 sys=0.01, real=0.04 secs] 
7802.808: [GC 7802.808: [ParNew: 1355980K->111272K(1415616K), 0.0374510 secs] 2231142K->986434K(8231360K), 0.0376680 secs] [Times: user=0.56 sys=0.02, real=0.04 secs] 
7805.530: [GC 7805.530: [ParNew: 1369640K->83764K(1415616K), 0.0368250 secs] 2244802K->958926K(8231360K), 0.0370360 secs] [Times: user=0.57 sys=0.00, real=0.04 secs] 
7807.258: [GC 7807.259: [ParNew: 1342132K->110060K(1415616K), 0.0340140 secs] 2217294K->985222K(8231360K), 0.0342330 secs] [Times: user=0.53 sys=0.01, real=0.03 secs] 
7809.071: [GC 7809.071: [ParNew: 1368428K->114748K(1415616K), 0.0397450 secs] 2243590K->989910K(8231360K), 0.0399520 secs] [Times: user=0.61 sys=0.01, real=0.04 secs] 
7810.833: [GC 7810.833: [ParNew: 1373116K->110371K(1415616K), 0.0323450 secs] 2248278K->985533K(8231360K), 0.0325510 secs] [Times: user=0.50 sys=0.00, real=0.03 secs] 
7811.287: [GC 7811.287: [ParNew: 1368739K->125999K(1415616K), 0.0315990 secs] 2243901K->1001161K(8231360K), 0.0317960 secs] [Times: user=0.48 sys=0.00, real=0.03 secs] 
7812.421: [GC 7812.421: [ParNew: 1384367K->91559K(1415616K), 0.0358450 secs] 2259529K->966721K(8231360K), 0.0360750 secs] [Times: user=0.56 sys=0.00, real=0.04 secs] 
7813.993: [GC 7813.993: [ParNew: 1349927K->103346K(1415616K), 0.0290850 secs] 2225089K->978508K(8231360K), 0.0292950 secs] [Times: user=0.46 sys=0.00, real=0.03 secs] 
7815.609: [GC 7815.609: [ParNew: 1361714K->96322K(1415616K), 0.0335100 secs] 2236876K->971484K(8231360K), 0.0337240 secs] [Times: user=0.51 sys=0.00, real=0.03 secs] 
7820.213: [GC 7820.213: [ParNew: 1354690K->92543K(1415616K), 0.0332710 secs] 2229852K->967705K(8231360K), 0.0334860 secs] [Times: user=0.52 sys=0.01, real=0.03 secs] 
7825.017: [GC 7825.018: [ParNew: 1350911K->79104K(1415616K), 0.0347250 secs] 2226073K->954266K(8231360K), 0.0349520 secs] [Times: user=0.55 sys=0.00, real=0.04 secs] 
7827.789: [GC 7827.789: [ParNew: 1337472K->99014K(1415616K), 0.0339230 secs] 2212634K->974176K(8231360K), 0.0341320 secs] [Times: user=0.53 sys=0.01, real=0.04 secs] 
7831.196: [GC 7831.196: [ParNew: 1357382K->92805K(1415616K), 0.0328060 secs] 2232544K->967967K(8231360K), 0.0330190 secs] [Times: user=0.51 sys=0.00, real=0.03 secs] 
7831.632: [GC 7831.632: [ParNew: 1351173K->94240K(1415616K), 0.0317610 secs] 2226335K->969402K(8231360K), 0.0319650 secs] [Times: user=0.50 sys=0.00, real=0.03 secs] 
7832.390: [GC 7832.390: [ParNew: 1352608K->104480K(1415616K), 0.0370350 secs] 2227770K->979642K(8231360K), 0.0372530 secs] [Times: user=0.57 sys=0.00, real=0.04 secs] 
7836.199: [GC 7836.199: [ParNew: 1362848K->91606K(1415616K), 0.0370400 secs] 2238010K->966768K(8231360K), 0.0372470 secs] [Times: user=0.57 sys=0.00, real=0.04 secs] 
7838.655: [GC 7838.655: [ParNew: 1349974K->101302K(1415616K), 0.0368530 secs] 2225136K->976464K(8231360K), 0.0370580 secs] [Times: user=0.58 sys=0.00, real=0.04 secs] 
7842.632: [GC 7842.632: [ParNew: 1359670K->86647K(1415616K), 0.0308640 secs] 2234832K->961809K(8231360K), 0.0310840 secs] [Times: user=0.48 sys=0.00, real=0.03 secs] 
7846.142: [GC 7846.142: [ParNew: 1345015K->96442K(1415616K), 0.0371450 secs] 2220177K->971604K(8231360K), 0.0373860 secs] [Times: user=0.58 sys=0.00, real=0.04 secs] 
7847.015: [GC 7847.015: [ParNew: 1354810K->107751K(1415616K), 0.0332550 secs] 2229972K->982913K(8231360K), 0.0334670 secs] [Times: user=0.51 sys=0.01, real=0.03 secs] 
7848.870: [GC 7848.871: [ParNew: 1366119K->104631K(1415616K), 0.0340360 secs] 2241281K->979793K(8231360K), 0.0342490 secs] [Times: user=0.53 sys=0.00, real=0.04 secs] 
7849.718: [GC 7849.718: [ParNew: 1362999K->122235K(1415616K), 0.0352330 secs] 2238161K->997397K(8231360K), 0.0354390 secs] [Times: user=0.55 sys=0.00, real=0.04 secs] 
7851.221: [GC 7851.221: [ParNew: 1380603K->129936K(1415616K), 0.0459050 secs] 2255765K->1005098K(8231360K), 0.0461130 secs] [Times: user=0.72 sys=0.00, real=0.05 secs] 
7853.089: [GC 7853.089: [ParNew: 1388304K->83277K(1415616K), 0.0698440 secs] 2263466K->977642K(8231360K), 0.0700630 secs] [Times: user=0.58 sys=0.06, real=0.07 secs] 
7856.383: [GC 7856.383: [ParNew: 1341645K->91719K(1415616K), 0.0323000 secs] 2236010K->986084K(8231360K), 0.0325000 secs] [Times: user=0.50 sys=0.01, real=0.04 secs] 
7858.389: [GC 7858.389: [ParNew: 1350087K->95789K(1415616K), 0.0271730 secs] 2244452K->990153K(8231360K), 0.0274100 secs] [Times: user=0.43 sys=0.00, real=0.03 secs] 
7860.450: [GC 7860.451: [ParNew: 1354157K->73323K(1415616K), 0.0331700 secs] 2248521K->967687K(8231360K), 0.0333730 secs] [Times: user=0.51 sys=0.01, real=0.03 secs] 
7861.420: [GC 7861.420: [ParNew: 1331691K->95756K(1415616K), 0.0319570 secs] 2226055K->990121K(8231360K), 0.0321590 secs] [Times: user=0.49 sys=0.00, real=0.03 secs] 
7862.385: [GC 7862.386: [ParNew: 1354124K->107694K(1415616K), 0.0351670 secs] 2248489K->1002058K(8231360K), 0.0353900 secs] [Times: user=0.54 sys=0.00, real=0.04 secs] 
7864.967: [GC 7864.967: [ParNew: 1366062K->113268K(1415616K), 0.0353710 secs] 2260426K->1007633K(8231360K), 0.0355760 secs] [Times: user=0.54 sys=0.00, real=0.03 secs] 
7866.856: [GC 7866.856: [ParNew: 1371636K->109340K(1415616K), 0.0337380 secs] 2266001K->1003705K(8231360K), 0.0339500 secs] [Times: user=0.53 sys=0.00, real=0.03 secs] 
7868.189: [GC 7868.189: [ParNew: 1367708K->113561K(1415616K), 0.0338920 secs] 2262073K->1007925K(8231360K), 0.0340920 secs] [Times: user=0.53 sys=0.00, real=0.03 secs] 
7870.928: [GC 7870.928: [ParNew: 1371929K->121198K(1415616K), 0.0344620 secs] 2266293K->1015563K(8231360K), 0.0346680 secs] [Times: user=0.54 sys=0.00, real=0.03 secs] 
7871.798: [GC 7871.798: [ParNew: 1379566K->96708K(1415616K), 0.0360620 secs] 2273931K->991072K(8231360K), 0.0362710 secs] [Times: user=0.56 sys=0.00, real=0.03 secs] 
7875.096: [GC 7875.096: [ParNew: 1355076K->94771K(1415616K), 0.0375740 secs] 2249440K->989135K(8231360K), 0.0377760 secs] [Times: user=0.58 sys=0.00, real=0.04 secs] 
7877.257: [GC 7877.257: [ParNew: 1353139K->95077K(1415616K), 0.0379600 secs] 2247503K->989441K(8231360K), 0.0382410 secs] [Times: user=0.59 sys=0.00, real=0.04 secs] 
7880.010: [GC 7880.010: [ParNew: 1353445K->93385K(1415616K), 0.0383490 secs] 2247809K->987750K(8231360K), 0.0385670 secs] [Times: user=0.59 sys=0.00, real=0.04 secs] 
7881.257: [GC 7881.258: [ParNew: 1351753K->105774K(1415616K), 0.0379260 secs] 2246118K->1000138K(8231360K), 0.0381290 secs] [Times: user=0.59 sys=0.01, real=0.04 secs] 
7883.577: [GC 7883.577: [ParNew: 1364142K->102752K(1415616K), 0.0325340 secs] 2258506K->997116K(8231360K), 0.0327490 secs] [Times: user=0.51 sys=0.00, real=0.04 secs] 
7886.051: [GC 7886.051: [ParNew: 1361120K->102205K(1415616K), 0.0340950 secs] 2255484K->996569K(8231360K), 0.0342960 secs] [Times: user=0.53 sys=0.00, real=0.03 secs] 
7890.968: [GC 7890.968: [ParNew: 1360573K->97739K(1415616K), 0.0324980 secs] 2254937K->992104K(8231360K), 0.0326970 secs] [Times: user=0.50 sys=0.00, real=0.04 secs] 
7891.399: [GC 7891.399: [ParNew: 1356107K->94907K(1415616K), 0.0353320 secs] 2250472K->989271K(8231360K), 0.0355410 secs] [Times: user=0.55 sys=0.00, real=0.04 secs] 
7891.830: [GC 7891.830: [ParNew: 1353275K->95307K(1415616K), 0.0336470 secs] 2247639K->989671K(8231360K), 0.0338600 secs] [Times: user=0.52 sys=0.00, real=0.04 secs] 
7892.257: [GC 7892.257: [ParNew: 1353675K->92732K(1415616K), 0.0296930 secs] 2248039K->987096K(8231360K), 0.0299090 secs] [Times: user=0.46 sys=0.00, real=0.03 secs] 
7892.675: [GC 7892.675: [ParNew: 1351100K->100919K(1415616K), 0.0394620 secs] 2245464K->995284K(8231360K), 0.0396800 secs] [Times: user=0.61 sys=0.01, real=0.04 secs] 
7893.115: [GC 7893.116: [ParNew: 1359287K->98885K(1415616K), 0.0348430 secs] 2253652K->993249K(8231360K), 0.0350700 secs] [Times: user=0.55 sys=0.01, real=0.04 secs] 
7893.670: [GC 7893.670: [ParNew: 1357253K->100236K(1415616K), 0.0330250 secs] 2251617K->994601K(8231360K), 0.0332320 secs] [Times: user=0.50 sys=0.01, real=0.04 secs] 
7897.399: [GC 7897.399: [ParNew: 1358604K->96654K(1415616K), 0.0417690 secs] 2252969K->991018K(8231360K), 0.0419860 secs] [Times: user=0.63 sys=0.03, real=0.04 secs] 
7900.009: [GC 7900.009: [ParNew: 1355022K->100261K(1415616K), 0.0328110 secs] 2249386K->994625K(8231360K), 0.0330130 secs] [Times: user=0.50 sys=0.01, real=0.03 secs] 
7905.140: [GC 7905.140: [ParNew: 1358629K->80259K(1415616K), 0.0398860 secs] 2252993K->974623K(8231360K), 0.0400880 secs] [Times: user=0.61 sys=0.01, real=0.04 secs] 
7906.707: [GC 7906.707: [ParNew: 1338627K->111642K(1415616K), 0.0407890 secs] 2232991K->1006007K(8231360K), 0.0409910 secs] [Times: user=0.61 sys=0.01, real=0.04 secs] 
7907.913: [GC 7907.913: [ParNew: 1370010K->115273K(1415616K), 0.0360010 secs] 2264375K->1009637K(8231360K), 0.0362010 secs] [Times: user=0.56 sys=0.00, real=0.04 secs] 
7909.106: [GC 7909.107: [ParNew: 1373641K->115168K(1415616K), 0.0378790 secs] 2268005K->1009532K(8231360K), 0.0380790 secs] [Times: user=0.58 sys=0.00, real=0.04 secs] 
7909.821: [GC 7909.821: [ParNew: 1373536K->125264K(1415616K), 0.0407540 secs] 2267900K->1019628K(8231360K), 0.0409720 secs] [Times: user=0.63 sys=0.00, real=0.04 secs] 
7911.389: [GC 7911.389: [ParNew: 1383632K->130309K(1415616K), 0.0398220 secs] 2277996K->1024673K(8231360K), 0.0400230 secs] [Times: user=0.62 sys=0.00, real=0.04 secs] 
7914.206: [GC 7914.206: [ParNew: 1388677K->90972K(1415616K), 0.0899910 secs] 2283041K->1011456K(8231360K), 0.0902050 secs] [Times: user=0.59 sys=0.07, real=0.09 secs] 
7916.981: [GC 7916.981: [ParNew: 1349340K->68796K(1415616K), 0.0273280 secs] 2269824K->989280K(8231360K), 0.0275410 secs] [Times: user=0.42 sys=0.01, real=0.03 secs] 
7919.383: [GC 7919.383: [ParNew: 1327164K->65246K(1415616K), 0.0274020 secs] 2247648K->985730K(8231360K), 0.0276030 secs] [Times: user=0.41 sys=0.01, real=0.03 secs] 
7921.038: [GC 7921.038: [ParNew: 1323614K->78783K(1415616K), 0.0275290 secs] 2244098K->999267K(8231360K), 0.0277390 secs] [Times: user=0.43 sys=0.00, real=0.02 secs] 
7921.613: [GC 7921.613: [ParNew: 1337151K->95020K(1415616K), 0.0283560 secs] 2257635K->1015504K(8231360K), 0.0285740 secs] [Times: user=0.44 sys=0.00, real=0.03 secs] 
7922.602: [GC 7922.602: [ParNew: 1353388K->103160K(1415616K), 0.0291690 secs] 2273872K->1023644K(8231360K), 0.0293760 secs] [Times: user=0.45 sys=0.01, real=0.03 secs] 
7924.782: [GC 7924.782: [ParNew: 1361528K->89084K(1415616K), 0.0323090 secs] 2282012K->1009568K(8231360K), 0.0325090 secs] [Times: user=0.49 sys=0.01, real=0.03 secs] 
7926.828: [GC 7926.828: [ParNew: 1347452K->100895K(1415616K), 0.0335620 secs] 2267936K->1021379K(8231360K), 0.0337720 secs] [Times: user=0.52 sys=0.00, real=0.04 secs] 
7928.988: [GC 7928.988: [ParNew: 1359263K->108818K(1415616K), 0.0319670 secs] 2279747K->1029303K(8231360K), 0.0321770 secs] [Times: user=0.50 sys=0.00, real=0.04 secs] 
7930.880: [GC 7930.880: [ParNew: 1367186K->111933K(1415616K), 0.0333650 secs] 2287671K->1032417K(8231360K), 0.0335700 secs] [Times: user=0.51 sys=0.00, real=0.03 secs] 
7933.491: [GC 7933.491: [ParNew: 1370301K->80601K(1415616K), 0.0329990 secs] 2290785K->1001085K(8231360K), 0.0332010 secs] [Times: user=0.50 sys=0.00, real=0.03 secs] 
7936.540: [GC 7936.540: [ParNew: 1338969K->87035K(1415616K), 0.0373210 secs] 2259453K->1007520K(8231360K), 0.0375390 secs] [Times: user=0.58 sys=0.00, real=0.03 secs] 
7939.184: [GC 7939.184: [ParNew: 1345403K->93218K(1415616K), 0.0341600 secs] 2265888K->1013702K(8231360K), 0.0343740 secs] [Times: user=0.53 sys=0.01, real=0.03 secs] 
7941.458: [GC 7941.458: [ParNew: 1351586K->104276K(1415616K), 0.0315840 secs] 2272070K->1024760K(8231360K), 0.0318080 secs] [Times: user=0.48 sys=0.00, real=0.03 secs] 
7944.800: [GC 7944.800: [ParNew: 1362644K->78355K(1415616K), 0.0353660 secs] 2283128K->998839K(8231360K), 0.0355810 secs] [Times: user=0.54 sys=0.00, real=0.04 secs] 
7949.203: [GC 7949.203: [ParNew: 1336723K->95725K(1415616K), 0.0347150 secs] 2257207K->1016209K(8231360K), 0.0349190 secs] [Times: user=0.53 sys=0.00, real=0.03 secs] 
7951.022: [GC 7951.023: [ParNew: 1354093K->88715K(1415616K), 0.0346520 secs] 2274577K->1009199K(8231360K), 0.0348640 secs] [Times: user=0.53 sys=0.00, real=0.03 secs] 
7951.462: [GC 7951.462: [ParNew: 1347083K->96699K(1415616K), 0.0316930 secs] 2267567K->1017183K(8231360K), 0.0319020 secs] [Times: user=0.49 sys=0.01, real=0.03 secs] 
7951.887: [GC 7951.887: [ParNew: 1355067K->81243K(1415616K), 0.0296610 secs] 2275551K->1001727K(8231360K), 0.0298630 secs] [Times: user=0.47 sys=0.00, real=0.03 secs] 
7952.308: [GC 7952.308: [ParNew: 1339611K->91637K(1415616K), 0.0315540 secs] 2260095K->1012121K(8231360K), 0.0317630 secs] [Times: user=0.50 sys=0.00, real=0.03 secs] 
7952.736: [GC 7952.736: [ParNew: 1350005K->100634K(1415616K), 0.0363430 secs] 2270489K->1021118K(8231360K), 0.0365510 secs] [Times: user=0.56 sys=0.00, real=0.04 secs] 
7953.192: [GC 7953.192: [ParNew: 1359002K->100081K(1415616K), 0.0364400 secs] 2279486K->1020565K(8231360K), 0.0366350 secs] [Times: user=0.57 sys=0.00, real=0.04 secs] 
7954.202: [GC 7954.202: [ParNew: 1358449K->97373K(1415616K), 0.0306300 secs] 2278933K->1017857K(8231360K), 0.0308320 secs] [Times: user=0.47 sys=0.00, real=0.04 secs] 
7956.797: [GC 7956.797: [ParNew: 1355741K->101982K(1415616K), 0.0381410 secs] 2276225K->1022466K(8231360K), 0.0383430 secs] [Times: user=0.60 sys=0.00, real=0.04 secs] 
7961.168: [GC 7961.169: [ParNew: 1360350K->103642K(1415616K), 0.0348350 secs] 2280834K->1024126K(8231360K), 0.0350290 secs] [Times: user=0.54 sys=0.00, real=0.03 secs] 
7964.578: [GC 7964.578: [ParNew: 1362010K->91750K(1415616K), 0.0372800 secs] 2282494K->1012234K(8231360K), 0.0374820 secs] [Times: user=0.57 sys=0.01, real=0.04 secs] 
7966.367: [GC 7966.367: [ParNew: 1350118K->110646K(1415616K), 0.0393450 secs] 2270602K->1031130K(8231360K), 0.0395640 secs] [Times: user=0.61 sys=0.00, real=0.04 secs] 
7967.202: [GC 7967.202: [ParNew: 1369014K->115711K(1415616K), 0.0362280 secs] 2289498K->1036195K(8231360K), 0.0364440 secs] [Times: user=0.55 sys=0.01, real=0.04 secs] 
7968.118: [GC 7968.118: [ParNew: 1374079K->113778K(1415616K), 0.0368140 secs] 2294563K->1034262K(8231360K), 0.0370180 secs] [Times: user=0.58 sys=0.01, real=0.03 secs] 
7969.398: [GC 7969.398: [ParNew: 1372146K->131536K(1415616K), 0.0356000 secs] 2292630K->1052021K(8231360K), 0.0358090 secs] [Times: user=0.56 sys=0.00, real=0.03 secs] 
7970.471: [GC 7970.471: [ParNew: 1389904K->91859K(1415616K), 0.0972860 secs] 2310389K->1038729K(8231360K), 0.0975160 secs] [Times: user=0.61 sys=0.08, real=0.10 secs] 
7973.491: [GC 7973.491: [ParNew: 1350227K->84069K(1415616K), 0.0261320 secs] 2297097K->1030939K(8231360K), 0.0263330 secs] [Times: user=0.40 sys=0.01, real=0.03 secs] 
7977.307: [GC 7977.307: [ParNew: 1342437K->74583K(1415616K), 0.0243760 secs] 2289307K->1021452K(8231360K), 0.0245860 secs] [Times: user=0.37 sys=0.02, real=0.02 secs] 
7981.077: [GC 7981.077: [ParNew: 1332951K->62605K(1415616K), 0.0229980 secs] 2279820K->1009475K(8231360K), 0.0232080 secs] [Times: user=0.35 sys=0.01, real=0.03 secs] 
7981.796: [GC 7981.796: [ParNew: 1320973K->85546K(1415616K), 0.0259930 secs] 2267843K->1032415K(8231360K), 0.0261960 secs] [Times: user=0.39 sys=0.00, real=0.03 secs] 
7983.376: [GC 7983.376: [ParNew: 1343914K->94063K(1415616K), 0.0282010 secs] 2290783K->1040933K(8231360K), 0.0284020 secs] [Times: user=0.44 sys=0.00, real=0.03 secs] 
7985.504: [GC 7985.504: [ParNew: 1352431K->97145K(1415616K), 0.0274110 secs] 2299301K->1044014K(8231360K), 0.0276180 secs] [Times: user=0.42 sys=0.01, real=0.03 secs] 
7986.334: [GC 7986.334: [ParNew: 1355513K->100311K(1415616K), 0.0282050 secs] 2302382K->1047181K(8231360K), 0.0284080 secs] [Times: user=0.44 sys=0.01, real=0.03 secs] 
7987.581: [GC 7987.581: [ParNew: 1358679K->103215K(1415616K), 0.0319980 secs] 2305549K->1050084K(8231360K), 0.0322010 secs] [Times: user=0.49 sys=0.00, real=0.03 secs] 
7989.670: [GC 7989.670: [ParNew: 1361583K->101856K(1415616K), 0.0299670 secs] 2308452K->1048725K(8231360K), 0.0301710 secs] [Times: user=0.47 sys=0.00, real=0.03 secs] 
7991.030: [GC 7991.030: [ParNew: 1360224K->105390K(1415616K), 0.0301610 secs] 2307093K->1052260K(8231360K), 0.0303710 secs] [Times: user=0.48 sys=0.01, real=0.03 secs] 
7991.507: [GC 7991.507: [ParNew: 1363758K->93630K(1415616K), 0.0275550 secs] 2310628K->1040500K(8231360K), 0.0277760 secs] [Times: user=0.44 sys=0.00, real=0.03 secs] 
7995.790: [GC 7995.790: [ParNew: 1351998K->81749K(1415616K), 0.0335650 secs] 2298868K->1028618K(8231360K), 0.0337750 secs] [Times: user=0.51 sys=0.01, real=0.04 secs] 
7997.860: [GC 7997.860: [ParNew: 1340117K->92868K(1415616K), 0.0312410 secs] 2286986K->1039738K(8231360K), 0.0314920 secs] [Times: user=0.48 sys=0.00, real=0.04 secs] 
7999.603: [GC 7999.603: [ParNew: 1351236K->91487K(1415616K), 0.0337560 secs] 2298106K->1038356K(8231360K), 0.0339540 secs] [Times: user=0.53 sys=0.00, real=0.03 secs] 
8001.010: [GC 8001.010: [ParNew: 1349855K->100364K(1415616K), 0.0307730 secs] 2296724K->1047234K(8231360K), 0.0309840 secs] [Times: user=0.49 sys=0.00, real=0.04 secs] 
8005.711: [GC 8005.711: [ParNew: 1358732K->74595K(1415616K), 0.0315390 secs] 2305602K->1021464K(8231360K), 0.0317460 secs] [Times: user=0.48 sys=0.01, real=0.04 secs] 
8008.677: [GC 8008.677: [ParNew: 1332963K->90971K(1415616K), 0.0348730 secs] 2279832K->1037841K(8231360K), 0.0350710 secs] [Times: user=0.54 sys=0.00, real=0.03 secs] 
8011.200: [GC 8011.200: [ParNew: 1349339K->107390K(1415616K), 0.0405960 secs] 2296209K->1054260K(8231360K), 0.0408100 secs] [Times: user=0.63 sys=0.01, real=0.04 secs] 
8011.642: [GC 8011.642: [ParNew: 1365758K->78733K(1415616K), 0.0357500 secs] 2312628K->1025603K(8231360K), 0.0359670 secs] [Times: user=0.56 sys=0.00, real=0.04 secs] 
8012.075: [GC 8012.075: [ParNew: 1337101K->107308K(1415616K), 0.0376710 secs] 2283971K->1054177K(8231360K), 0.0378720 secs] [Times: user=0.58 sys=0.00, real=0.03 secs] 
8012.510: [GC 8012.511: [ParNew: 1365676K->84093K(1415616K), 0.0354560 secs] 2312545K->1030962K(8231360K), 0.0356730 secs] [Times: user=0.55 sys=0.00, real=0.04 secs] 
8012.940: [GC 8012.940: [ParNew: 1342461K->102240K(1415616K), 0.0324290 secs] 2289330K->1049109K(8231360K), 0.0326320 secs] [Times: user=0.49 sys=0.02, real=0.03 secs] 
8013.391: [GC 8013.391: [ParNew: 1360608K->95498K(1415616K), 0.0329380 secs] 2307477K->1042368K(8231360K), 0.0331410 secs] [Times: user=0.52 sys=0.00, real=0.04 secs] 
8017.007: [GC 8017.007: [ParNew: 1353866K->98097K(1415616K), 0.0341310 secs] 2300736K->1044966K(8231360K), 0.0343400 secs] [Times: user=0.53 sys=0.01, real=0.03 secs] 
8019.679: [GC 8019.679: [ParNew: 1356465K->102630K(1415616K), 0.0419320 secs] 2303334K->1049499K(8231360K), 0.0421600 secs] [Times: user=0.63 sys=0.02, real=0.04 secs] 
8021.304: [GC 8021.304: [ParNew: 1360998K->105045K(1415616K), 0.0349540 secs] 2307867K->1051915K(8231360K), 0.0351660 secs] [Times: user=0.55 sys=0.00, real=0.04 secs] 
8023.655: [GC 8023.655: [ParNew: 1363413K->81811K(1415616K), 0.0357610 secs] 2310283K->1028681K(8231360K), 0.0359630 secs] [Times: user=0.54 sys=0.01, real=0.04 secs] 
8026.107: [GC 8026.107: [ParNew: 1340179K->104688K(1415616K), 0.0355960 secs] 2287049K->1051558K(8231360K), 0.0358030 secs] [Times: user=0.56 sys=0.00, real=0.03 secs] 
8026.708: [GC 8026.708: [ParNew: 1363056K->83733K(1415616K), 0.0412520 secs] 2309926K->1030603K(8231360K), 0.0414610 secs] [Times: user=0.64 sys=0.00, real=0.04 secs] 
8028.039: [GC 8028.039: [ParNew: 1342101K->110751K(1415616K), 0.0362930 secs] 2288971K->1057620K(8231360K), 0.0365200 secs] [Times: user=0.56 sys=0.01, real=0.03 secs] 
8029.279: [GC 8029.279: [ParNew: 1369119K->116584K(1415616K), 0.0366470 secs] 2315988K->1063454K(8231360K), 0.0368560 secs] [Times: user=0.58 sys=0.00, real=0.04 secs] 
8030.331: [GC 8030.331: [ParNew: 1374952K->127973K(1415616K), 0.0380820 secs] 2321822K->1074842K(8231360K), 0.0383060 secs] [Times: user=0.59 sys=0.00, real=0.04 secs] 
8032.457: [GC 8032.457: [ParNew: 1386341K->82813K(1415616K), 0.0885440 secs] 2333210K->1055421K(8231360K), 0.0887800 secs] [Times: user=0.57 sys=0.08, real=0.08 secs] 
8033.367: [GC 8033.367: [ParNew: 1341181K->96002K(1415616K), 0.0239480 secs] 2313789K->1068610K(8231360K), 0.0241460 secs] [Times: user=0.36 sys=0.00, real=0.03 secs] 
8038.597: [GC 8038.597: [ParNew: 1354370K->67412K(1415616K), 0.0277700 secs] 2326978K->1040019K(8231360K), 0.0279850 secs] [Times: user=0.43 sys=0.00, real=0.03 secs] 
8041.121: [GC 8041.121: [ParNew: 1325780K->60103K(1415616K), 0.0269280 secs] 2298387K->1032710K(8231360K), 0.0271330 secs] [Times: user=0.40 sys=0.02, real=0.02 secs] 
8041.866: [GC 8041.866: [ParNew: 1318471K->92805K(1415616K), 0.0274270 secs] 2291078K->1065412K(8231360K), 0.0276470 secs] [Times: user=0.42 sys=0.00, real=0.03 secs] 
8044.877: [GC 8044.877: [ParNew: 1351173K->66739K(1415616K), 0.0304920 secs] 2323780K->1039346K(8231360K), 0.0307080 secs] [Times: user=0.48 sys=0.00, real=0.03 secs] 
8047.001: [GC 8047.001: [ParNew: 1325107K->89556K(1415616K), 0.0268210 secs] 2297714K->1062163K(8231360K), 0.0270230 secs] [Times: user=0.40 sys=0.00, real=0.02 secs] 
8050.189: [GC 8050.189: [ParNew: 1347924K->96319K(1415616K), 0.0264220 secs] 2320531K->1068926K(8231360K), 0.0266350 secs] [Times: user=0.40 sys=0.00, real=0.03 secs] 
8051.777: [GC 8051.777: [ParNew: 1354687K->71871K(1415616K), 0.0266450 secs] 2327294K->1044478K(8231360K), 0.0268510 secs] [Times: user=0.40 sys=0.00, real=0.03 secs] 
8055.983: [GC 8055.983: [ParNew: 1330239K->70031K(1415616K), 0.0289120 secs] 2302846K->1042638K(8231360K), 0.0291130 secs] [Times: user=0.44 sys=0.01, real=0.03 secs] 
8057.501: [GC 8057.501: [ParNew: 1328399K->74093K(1415616K), 0.0276880 secs] 2301006K->1046700K(8231360K), 0.0278950 secs] [Times: user=0.43 sys=0.00, real=0.02 secs] 
8059.177: [GC 8059.177: [ParNew: 1332461K->83593K(1415616K), 0.0270050 secs] 2305068K->1056201K(8231360K), 0.0272070 secs] [Times: user=0.42 sys=0.00, real=0.03 secs] 
8061.599: [GC 8061.599: [ParNew: 1341961K->96904K(1415616K), 0.0318900 secs] 2314569K->1069511K(8231360K), 0.0321080 secs] [Times: user=0.50 sys=0.00, real=0.03 secs] 
8064.586: [GC 8064.586: [ParNew: 1355272K->78180K(1415616K), 0.0348130 secs] 2327879K->1050788K(8231360K), 0.0350300 secs] [Times: user=0.54 sys=0.01, real=0.03 secs] 
8067.798: [GC 8067.798: [ParNew: 1336548K->96753K(1415616K), 0.0338800 secs] 2309156K->1069360K(8231360K), 0.0341990 secs] [Times: user=0.51 sys=0.02, real=0.03 secs] 
8069.111: [GC 8069.111: [ParNew: 1355121K->91899K(1415616K), 0.0290710 secs] 2327728K->1064506K(8231360K), 0.0292840 secs] [Times: user=0.44 sys=0.00, real=0.03 secs] 
8071.157: [GC 8071.157: [ParNew: 1350267K->93493K(1415616K), 0.0339180 secs] 2322874K->1066100K(8231360K), 0.0341520 secs] [Times: user=0.52 sys=0.01, real=0.03 secs] 
8071.587: [GC 8071.587: [ParNew: 1351861K->90045K(1415616K), 0.0292280 secs] 2324468K->1062652K(8231360K), 0.0294480 secs] [Times: user=0.45 sys=0.00, real=0.03 secs] 
8072.013: [GC 8072.013: [ParNew: 1348413K->97166K(1415616K), 0.0314820 secs] 2321020K->1069774K(8231360K), 0.0316930 secs] [Times: user=0.49 sys=0.00, real=0.04 secs] 
8072.436: [GC 8072.436: [ParNew: 1355534K->97473K(1415616K), 0.0324480 secs] 2328142K->1070080K(8231360K), 0.0326660 secs] [Times: user=0.50 sys=0.01, real=0.03 secs] 
8072.868: [GC 8072.868: [ParNew: 1355841K->95203K(1415616K), 0.0293490 secs] 2328448K->1067811K(8231360K), 0.0295660 secs] [Times: user=0.45 sys=0.00, real=0.03 secs] 
8073.315: [GC 8073.315: [ParNew: 1353571K->96492K(1415616K), 0.0333030 secs] 2326179K->1069099K(8231360K), 0.0335150 secs] [Times: user=0.51 sys=0.00, real=0.03 secs] 
8076.161: [GC 8076.161: [ParNew: 1354860K->97027K(1415616K), 0.0347680 secs] 2327467K->1069635K(8231360K), 0.0349770 secs] [Times: user=0.53 sys=0.01, real=0.04 secs] 
8078.592: [GC 8078.592: [ParNew: 1355395K->101578K(1415616K), 0.0362460 secs] 2328003K->1074185K(8231360K), 0.0364520 secs] [Times: user=0.57 sys=0.01, real=0.04 secs] 
8081.992: [GC 8081.992: [ParNew: 1359946K->96349K(1415616K), 0.0360220 secs] 2332553K->1068957K(8231360K), 0.0362340 secs] [Times: user=0.56 sys=0.02, real=0.04 secs] 
8086.278: [GC 8086.278: [ParNew: 1354717K->94552K(1415616K), 0.0388150 secs] 2327325K->1067160K(8231360K), 0.0390270 secs] [Times: user=0.60 sys=0.02, real=0.03 secs] 
8086.846: [GC 8086.846: [ParNew: 1352920K->111000K(1415616K), 0.0379430 secs] 2325528K->1083608K(8231360K), 0.0381520 secs] [Times: user=0.59 sys=0.01, real=0.04 secs] 
8087.775: [GC 8087.775: [ParNew: 1369368K->115965K(1415616K), 0.0391240 secs] 2341976K->1088573K(8231360K), 0.0393310 secs] [Times: user=0.60 sys=0.01, real=0.04 secs] 
8088.954: [GC 8088.955: [ParNew: 1374333K->111165K(1415616K), 0.0386570 secs] 2346941K->1083772K(8231360K), 0.0388640 secs] [Times: user=0.60 sys=0.01, real=0.04 secs] 
8089.464: [GC 8089.465: [ParNew: 1369533K->112495K(1415616K), 0.0375010 secs] 2342140K->1085102K(8231360K), 0.0377090 secs] [Times: user=0.58 sys=0.01, real=0.04 secs] 
8090.460: [GC 8090.460: [ParNew: 1370863K->122676K(1415616K), 0.0346560 secs] 2343470K->1095284K(8231360K), 0.0348640 secs] [Times: user=0.53 sys=0.01, real=0.03 secs] 
8093.472: [GC 8093.472: [ParNew: 1381044K->92797K(1415616K), 0.0922450 secs] 2353652K->1088535K(8231360K), 0.0924440 secs] [Times: user=0.67 sys=0.07, real=0.09 secs] 
8095.397: [GC 8095.397: [ParNew: 1351165K->94155K(1415616K), 0.0249650 secs] 2346903K->1089894K(8231360K), 0.0251750 secs] [Times: user=0.38 sys=0.01, real=0.03 secs] 
8098.393: [GC 8098.393: [ParNew: 1352523K->76401K(1415616K), 0.0286900 secs] 2348262K->1072140K(8231360K), 0.0289020 secs] [Times: user=0.43 sys=0.00, real=0.03 secs] 
8101.107: [GC 8101.108: [ParNew: 1334769K->61430K(1415616K), 0.0263780 secs] 2330508K->1057169K(8231360K), 0.0265810 secs] [Times: user=0.40 sys=0.00, real=0.03 secs] 
8101.694: [GC 8101.695: [ParNew: 1319798K->87879K(1415616K), 0.0276720 secs] 2315537K->1083618K(8231360K), 0.0280420 secs] [Times: user=0.44 sys=0.00, real=0.03 secs] 
8102.624: [GC 8102.624: [ParNew: 1346247K->92550K(1415616K), 0.0257390 secs] 2341986K->1088289K(8231360K), 0.0259660 secs] [Times: user=0.40 sys=0.00, real=0.03 secs] 
8106.477: [GC 8106.477: [ParNew: 1350918K->85698K(1415616K), 0.0318360 secs] 2346657K->1081436K(8231360K), 0.0320490 secs] [Times: user=0.49 sys=0.01, real=0.03 secs] 
8108.393: [GC 8108.393: [ParNew: 1344066K->90334K(1415616K), 0.0296420 secs] 2339804K->1086073K(8231360K), 0.0298540 secs] [Times: user=0.45 sys=0.01, real=0.03 secs] 
8110.950: [GC 8110.950: [ParNew: 1348702K->102631K(1415616K), 0.0295820 secs] 2344441K->1098369K(8231360K), 0.0298010 secs] [Times: user=0.47 sys=0.00, real=0.03 secs] 
8111.582: [GC 8111.583: [ParNew: 1360999K->80234K(1415616K), 0.0313840 secs] 2356737K->1075973K(8231360K), 0.0315800 secs] [Times: user=0.48 sys=0.01, real=0.03 secs] 
8115.931: [GC 8115.932: [ParNew: 1338602K->71328K(1415616K), 0.0405970 secs] 2334341K->1067067K(8231360K), 0.0409070 secs] [Times: user=0.59 sys=0.01, real=0.05 secs] 
8118.190: [GC 8118.190: [ParNew: 1329696K->77071K(1415616K), 0.0278650 secs] 2325435K->1072809K(8231360K), 0.0281360 secs] [Times: user=0.43 sys=0.00, real=0.03 secs] 
8122.565: [GC 8122.565: [ParNew: 1335439K->74048K(1415616K), 0.0300450 secs] 2331177K->1069787K(8231360K), 0.0302780 secs] [Times: user=0.44 sys=0.02, real=0.03 secs] 
8127.398: [GC 8127.398: [ParNew: 1332416K->74398K(1415616K), 0.0316410 secs] 2328155K->1070137K(8231360K), 0.0318680 secs] [Times: user=0.48 sys=0.01, real=0.03 secs] 
8130.588: [GC 8130.588: [ParNew: 1332766K->87602K(1415616K), 0.0286040 secs] 2328505K->1083340K(8231360K), 0.0288060 secs] [Times: user=0.44 sys=0.01, real=0.03 secs] 
8131.480: [GC 8131.480: [ParNew: 1345970K->81539K(1415616K), 0.0305730 secs] 2341708K->1077278K(8231360K), 0.0307840 secs] [Times: user=0.47 sys=0.00, real=0.03 secs] 
8131.909: [GC 8131.909: [ParNew: 1339907K->87686K(1415616K), 0.0308990 secs] 2335646K->1083424K(8231360K), 0.0311100 secs] [Times: user=0.48 sys=0.01, real=0.03 secs] 
8132.340: [GC 8132.340: [ParNew: 1346054K->80037K(1415616K), 0.0261210 secs] 2341792K->1075776K(8231360K), 0.0263300 secs] [Times: user=0.42 sys=0.00, real=0.03 secs] 
8132.779: [GC 8132.780: [ParNew: 1338405K->87343K(1415616K), 0.0312290 secs] 2334144K->1083081K(8231360K), 0.0314380 secs] [Times: user=0.48 sys=0.02, real=0.03 secs] 
8133.222: [GC 8133.223: [ParNew: 1345711K->90373K(1415616K), 0.0373100 secs] 2341449K->1086112K(8231360K), 0.0375170 secs] [Times: user=0.58 sys=0.01, real=0.04 secs] 
8133.699: [GC 8133.699: [ParNew: 1348741K->104579K(1415616K), 0.0343420 secs] 2344480K->1100317K(8231360K), 0.0345680 secs] [Times: user=0.52 sys=0.00, real=0.03 secs] 
8135.375: [GC 8135.375: [ParNew: 1362947K->79113K(1415616K), 0.0347030 secs] 2358685K->1074851K(8231360K), 0.0349060 secs] [Times: user=0.52 sys=0.01, real=0.04 secs] 
8138.912: [GC 8138.912: [ParNew: 1337481K->101695K(1415616K), 0.0393710 secs] 2333219K->1097434K(8231360K), 0.0395830 secs] [Times: user=0.60 sys=0.01, real=0.04 secs] 
8140.993: [GC 8140.993: [ParNew: 1360063K->107626K(1415616K), 0.0398010 secs] 2355802K->1103365K(8231360K), 0.0400140 secs] [Times: user=0.61 sys=0.01, real=0.04 secs] 
8144.193: [GC 8144.193: [ParNew: 1365994K->78771K(1415616K), 0.0319830 secs] 2361733K->1074509K(8231360K), 0.0321930 secs] [Times: user=0.48 sys=0.01, real=0.03 secs] 
8146.265: [GC 8146.265: [ParNew: 1337139K->103993K(1415616K), 0.0374680 secs] 2332877K->1099732K(8231360K), 0.0376800 secs] [Times: user=0.58 sys=0.01, real=0.04 secs] 
8146.821: [GC 8146.821: [ParNew: 1362361K->104111K(1415616K), 0.0333410 secs] 2358100K->1099850K(8231360K), 0.0335660 secs] [Times: user=0.52 sys=0.00, real=0.03 secs] 
8148.103: [GC 8148.103: [ParNew: 1362479K->117727K(1415616K), 0.0359860 secs] 2358218K->1113466K(8231360K), 0.0361950 secs] [Times: user=0.56 sys=0.01, real=0.04 secs] 
8149.338: [GC 8149.339: [ParNew: 1376095K->128973K(1415616K), 0.0413680 secs] 2371834K->1124711K(8231360K), 0.0415690 secs] [Times: user=0.64 sys=0.01, real=0.04 secs] 
8150.768: [GC 8150.768: [ParNew: 1387341K->128979K(1415616K), 0.0448000 secs] 2383079K->1124717K(8231360K), 0.0450220 secs] [Times: user=0.68 sys=0.03, real=0.05 secs] 
8153.586: [GC 8153.586: [ParNew: 1387347K->84759K(1415616K), 0.0742710 secs] 2383085K->1101717K(8231360K), 0.0744870 secs] [Times: user=0.63 sys=0.06, real=0.08 secs] 
8157.778: [GC 8157.778: [ParNew: 1343127K->65877K(1415616K), 0.0263010 secs] 2360085K->1082836K(8231360K), 0.0265190 secs] [Times: user=0.40 sys=0.01, real=0.03 secs] 
8160.501: [GC 8160.501: [ParNew: 1324245K->59730K(1415616K), 0.0248710 secs] 2341204K->1076688K(8231360K), 0.0250850 secs] [Times: user=0.39 sys=0.00, real=0.02 secs] 
8161.553: [GC 8161.553: [ParNew: 1318098K->85338K(1415616K), 0.0271510 secs] 2335056K->1102296K(8231360K), 0.0273590 secs] [Times: user=0.41 sys=0.02, real=0.02 secs] 
8162.585: [GC 8162.585: [ParNew: 1343706K->96962K(1415616K), 0.0284220 secs] 2360664K->1113920K(8231360K), 0.0286350 secs] [Times: user=0.44 sys=0.00, real=0.03 secs] 
8166.863: [GC 8166.864: [ParNew: 1355330K->96619K(1415616K), 0.0323400 secs] 2372288K->1113577K(8231360K), 0.0325560 secs] [Times: user=0.50 sys=0.00, real=0.03 secs] 
8168.809: [GC 8168.810: [ParNew: 1354987K->98078K(1415616K), 0.0288330 secs] 2371945K->1115037K(8231360K), 0.0290580 secs] [Times: user=0.45 sys=0.00, real=0.03 secs] 
8170.978: [GC 8170.978: [ParNew: 1356446K->99918K(1415616K), 0.0310290 secs] 2373405K->1116877K(8231360K), 0.0312370 secs] [Times: user=0.47 sys=0.02, real=0.03 secs] 
8171.418: [GC 8171.418: [ParNew: 1358286K->74460K(1415616K), 0.0344340 secs] 2375245K->1091418K(8231360K), 0.0346350 secs] [Times: user=0.54 sys=0.01, real=0.04 secs] 
8174.642: [GC 8174.642: [ParNew: 1332828K->72882K(1415616K), 0.0316710 secs] 2349786K->1089841K(8231360K), 0.0318960 secs] [Times: user=0.48 sys=0.02, real=0.04 secs] 
8179.584: [GC 8179.584: [ParNew: 1331250K->80799K(1415616K), 0.0275050 secs] 2348209K->1097757K(8231360K), 0.0277260 secs] [Times: user=0.42 sys=0.00, real=0.02 secs] 
8181.306: [GC 8181.307: [ParNew: 1339167K->78140K(1415616K), 0.0276010 secs] 2356125K->1095099K(8231360K), 0.0278600 secs] [Times: user=0.42 sys=0.00, real=0.03 secs] 
8184.574: [GC 8184.574: [ParNew: 1336508K->93568K(1415616K), 0.0302020 secs] 2353467K->1110527K(8231360K), 0.0304110 secs] [Times: user=0.46 sys=0.00, real=0.03 secs] 
8185.907: [GC 8185.907: [ParNew: 1351936K->92682K(1415616K), 0.0337760 secs] 2368895K->1109640K(8231360K), 0.0339750 secs] [Times: user=0.52 sys=0.01, real=0.03 secs] 
8190.480: [GC 8190.480: [ParNew: 1351050K->91707K(1415616K), 0.0326350 secs] 2368008K->1108666K(8231360K), 0.0328880 secs] [Times: user=0.50 sys=0.01, real=0.03 secs] 
8191.104: [GC 8191.105: [ParNew: 1350075K->97135K(1415616K), 0.0309040 secs] 2367034K->1114094K(8231360K), 0.0311150 secs] [Times: user=0.48 sys=0.00, real=0.03 secs] 
8191.564: [GC 8191.565: [ParNew: 1355503K->97992K(1415616K), 0.0351250 secs] 2372462K->1114950K(8231360K), 0.0353360 secs] [Times: user=0.54 sys=0.01, real=0.04 secs] 
8192.577: [GC 8192.577: [ParNew: 1356360K->113794K(1415616K), 0.0336530 secs] 2373318K->1130753K(8231360K), 0.0338710 secs] [Times: user=0.51 sys=0.01, real=0.03 secs] 
8193.407: [GC 8193.407: [ParNew: 1372162K->107046K(1415616K), 0.0335180 secs] 2389121K->1124004K(8231360K), 0.0337470 secs] [Times: user=0.51 sys=0.00, real=0.03 secs] 
8198.961: [GC 8198.961: [ParNew: 1365414K->107507K(1415616K), 0.0284590 secs] 2382372K->1124466K(8231360K), 0.0286850 secs] [Times: user=0.43 sys=0.00, real=0.03 secs] 
8201.067: [GC 8201.067: [ParNew: 1365875K->116319K(1415616K), 0.0327310 secs] 2382834K->1133277K(8231360K), 0.0329500 secs] [Times: user=0.51 sys=0.00, real=0.04 secs] 
8201.521: [GC 8201.521: [ParNew: 1374687K->134962K(1415616K), 0.0335830 secs] 2391645K->1151920K(8231360K), 0.0337990 secs] [Times: user=0.51 sys=0.00, real=0.03 secs] 
8202.030: [GC 8202.030: [ParNew: 1393330K->101067K(1415616K), 0.0986980 secs] 2410288K->1148758K(8231360K), 0.0989240 secs] [Times: user=0.75 sys=0.08, real=0.10 secs] 
8202.537: [GC 8202.538: [ParNew: 1359435K->122799K(1415616K), 0.0313340 secs] 2407126K->1170491K(8231360K), 0.0315660 secs] [Times: user=0.48 sys=0.01, real=0.04 secs] 
8202.980: [GC 8202.980: [ParNew: 1381167K->136552K(1415616K), 0.0375140 secs] 2428859K->1187261K(8231360K), 0.0377340 secs] [Times: user=0.53 sys=0.02, real=0.03 secs] 
8203.425: [GC 8203.425: [ParNew: 1394920K->137549K(1415616K), 0.0463750 secs] 2445629K->1196382K(8231360K), 0.0466300 secs] [Times: user=0.60 sys=0.02, real=0.05 secs] 
8203.871: [GC 8203.871: [ParNew: 1395917K->133428K(1415616K), 0.0594010 secs] 2454750K->1205833K(8231360K), 0.0596160 secs] [Times: user=0.57 sys=0.03, real=0.06 secs] 
8204.334: [GC 8204.334: [ParNew: 1391796K->111437K(1415616K), 0.0687380 secs] 2464201K->1200415K(8231360K), 0.0689540 secs] [Times: user=0.67 sys=0.03, real=0.07 secs] 
8204.809: [GC 8204.809: [ParNew: 1369805K->122569K(1415616K), 0.0510280 secs] 2458783K->1222265K(8231360K), 0.0512430 secs] [Times: user=0.57 sys=0.02, real=0.05 secs] 
8205.242: [GC 8205.242: [ParNew: 1380937K->117375K(1415616K), 0.0538340 secs] 2480633K->1229286K(8231360K), 0.0540470 secs] [Times: user=0.58 sys=0.02, real=0.05 secs] 
8205.705: [GC 8205.705: [ParNew: 1375743K->127590K(1415616K), 0.0540170 secs] 2487654K->1251298K(8231360K), 0.0542280 secs] [Times: user=0.63 sys=0.02, real=0.06 secs] 
8206.141: [GC 8206.141: [ParNew: 1385958K->134739K(1415616K), 0.0531360 secs] 2509666K->1270014K(8231360K), 0.0533510 secs] [Times: user=0.60 sys=0.02, real=0.05 secs] 
8206.531: [GC 8206.531: [ParNew: 1393107K->113417K(1415616K), 0.0544280 secs] 2528382K->1260860K(8231360K), 0.0546460 secs] [Times: user=0.57 sys=0.02, real=0.05 secs] 
8206.927: [GC 8206.927: [ParNew: 1371785K->116416K(1415616K), 0.0532150 secs] 2519228K->1276577K(8231360K), 0.0534310 secs] [Times: user=0.57 sys=0.02, real=0.06 secs] 
8207.363: [GC 8207.363: [ParNew: 1374784K->96747K(1415616K), 0.0509760 secs] 2534945K->1268300K(8231360K), 0.0511880 secs] [Times: user=0.56 sys=0.03, real=0.05 secs] 
8207.771: [GC 8207.771: [ParNew: 1355115K->127919K(1415616K), 0.0329880 secs] 2526668K->1299471K(8231360K), 0.0332040 secs] [Times: user=0.52 sys=0.01, real=0.03 secs] 
8208.174: [GC 8208.174: [ParNew: 1386287K->104485K(1415616K), 0.0535300 secs] 2557839K->1288169K(8231360K), 0.0537480 secs] [Times: user=0.59 sys=0.03, real=0.05 secs] 
8208.579: [GC 8208.579: [ParNew: 1362853K->90476K(1415616K), 0.0582000 secs] 2546537K->1285679K(8231360K), 0.0584080 secs] [Times: user=0.68 sys=0.03, real=0.05 secs] 
8209.379: [GC 8209.379: [ParNew: 1348844K->130029K(1415616K), 0.0357230 secs] 2544047K->1325231K(8231360K), 0.0359430 secs] [Times: user=0.55 sys=0.00, real=0.04 secs] 
8210.447: [GC 8210.447: [ParNew: 1388397K->104658K(1415616K), 0.0608350 secs] 2583599K->1312634K(8231360K), 0.0610580 secs] [Times: user=0.68 sys=0.04, real=0.06 secs] 
8211.122: [GC 8211.122: [ParNew: 1363026K->127191K(1415616K), 0.0398400 secs] 2571002K->1335166K(8231360K), 0.0400750 secs] [Times: user=0.61 sys=0.02, real=0.04 secs] 
8211.429: [GC 8211.429: [ParNew: 1385559K->98055K(1415616K), 0.0604010 secs] 2593534K->1317520K(8231360K), 0.0606180 secs] [Times: user=0.74 sys=0.02, real=0.07 secs] 
8211.759: [GC 8211.759: [ParNew: 1356423K->109913K(1415616K), 0.0317180 secs] 2575888K->1329379K(8231360K), 0.0319340 secs] [Times: user=0.50 sys=0.00, real=0.04 secs] 
8212.058: [GC 8212.059: [ParNew: 1368281K->113717K(1415616K), 0.0326100 secs] 2587747K->1333182K(8231360K), 0.0328170 secs] [Times: user=0.50 sys=0.01, real=0.04 secs] 
8212.357: [GC 8212.357: [ParNew: 1372085K->109652K(1415616K), 0.0335640 secs] 2591550K->1329117K(8231360K), 0.0337820 secs] [Times: user=0.53 sys=0.00, real=0.04 secs] 
8212.656: [GC 8212.656: [ParNew: 1368020K->124231K(1415616K), 0.0340100 secs] 2587485K->1343696K(8231360K), 0.0342240 secs] [Times: user=0.53 sys=0.01, real=0.03 secs] 
8212.961: [GC 8212.961: [ParNew: 1382599K->115436K(1415616K), 0.0344490 secs] 2602064K->1334901K(8231360K), 0.0346750 secs] [Times: user=0.53 sys=0.01, real=0.03 secs] 
8213.269: [GC 8213.269: [ParNew: 1373804K->120595K(1415616K), 0.0418300 secs] 2593269K->1340060K(8231360K), 0.0421050 secs] [Times: user=0.64 sys=0.01, real=0.05 secs] 
8213.593: [GC 8213.593: [ParNew: 1378963K->131453K(1415616K), 0.0398650 secs] 2598428K->1350919K(8231360K), 0.0401310 secs] [Times: user=0.63 sys=0.00, real=0.04 secs] 
8214.017: [GC 8214.017: [ParNew: 1389821K->91589K(1415616K), 0.0987120 secs] 2609287K->1338038K(8231360K), 0.0989280 secs] [Times: user=0.56 sys=0.07, real=0.10 secs] 
8215.387: [GC 8215.387: [ParNew: 1349957K->93981K(1415616K), 0.0289010 secs] 2596406K->1340430K(8231360K), 0.0291310 secs] [Times: user=0.45 sys=0.00, real=0.03 secs] 
8219.192: [GC 8219.192: [ParNew: 1352349K->87602K(1415616K), 0.0297470 secs] 2598798K->1334051K(8231360K), 0.0299710 secs] [Times: user=0.46 sys=0.00, real=0.03 secs] 
8221.138: [GC 8221.138: [ParNew: 1345970K->97576K(1415616K), 0.0307490 secs] 2592419K->1344025K(8231360K), 0.0309750 secs] [Times: user=0.47 sys=0.00, real=0.03 secs] 
8221.647: [GC 8221.647: [ParNew: 1355944K->106468K(1415616K), 0.0381940 secs] 2602393K->1352917K(8231360K), 0.0384520 secs] [Times: user=0.53 sys=0.00, real=0.04 secs] 
8222.468: [GC 8222.468: [ParNew: 1364836K->129883K(1415616K), 0.0321600 secs] 2611285K->1376332K(8231360K), 0.0323890 secs] [Times: user=0.50 sys=0.01, real=0.03 secs] 
8225.455: [GC 8225.455: [ParNew: 1388251K->92760K(1415616K), 0.0901170 secs] 2634700K->1366740K(8231360K), 0.0903420 secs] [Times: user=0.57 sys=0.09, real=0.09 secs] 
8226.667: [GC 8226.667: [ParNew: 1351128K->80234K(1415616K), 0.0282800 secs] 2625108K->1354215K(8231360K), 0.0284920 secs] [Times: user=0.43 sys=0.01, real=0.03 secs] 
8228.021: [GC 8228.021: [ParNew: 1338602K->89790K(1415616K), 0.0235670 secs] 2612583K->1363771K(8231360K), 0.0237900 secs] [Times: user=0.36 sys=0.00, real=0.03 secs] 
8230.941: [GC 8230.941: [ParNew: 1348158K->90451K(1415616K), 0.0227950 secs] 2622139K->1364431K(8231360K), 0.0230170 secs] [Times: user=0.34 sys=0.00, real=0.03 secs] 
8231.233: [GC 8231.234: [ParNew: 1348819K->83661K(1415616K), 0.0229530 secs] 2622799K->1357641K(8231360K), 0.0231820 secs] [Times: user=0.36 sys=0.00, real=0.03 secs] 
8233.592: [GC 8233.592: [ParNew: 1342029K->68376K(1415616K), 0.0228620 secs] 2616009K->1342357K(8231360K), 0.0230790 secs] [Times: user=0.35 sys=0.00, real=0.03 secs] 
8236.996: [GC 8236.996: [ParNew: 1326744K->78642K(1415616K), 0.0254570 secs] 2600725K->1352623K(8231360K), 0.0257160 secs] [Times: user=0.39 sys=0.00, real=0.02 secs] 
8240.274: [GC 8240.274: [ParNew: 1337010K->88084K(1415616K), 0.0251280 secs] 2610991K->1362065K(8231360K), 0.0253450 secs] [Times: user=0.38 sys=0.00, real=0.03 secs] 
8244.455: [GC 8244.455: [ParNew: 1346452K->87101K(1415616K), 0.0287300 secs] 2620433K->1361082K(8231360K), 0.0289490 secs] [Times: user=0.43 sys=0.01, real=0.03 secs] 
8250.027: [GC 8250.027: [ParNew: 1345469K->87273K(1415616K), 0.0293960 secs] 2619450K->1361253K(8231360K), 0.0296270 secs] [Times: user=0.44 sys=0.00, real=0.03 secs] 
8251.212: [GC 8251.212: [ParNew: 1345641K->90150K(1415616K), 0.0277840 secs] 2619621K->1364131K(8231360K), 0.0280010 secs] [Times: user=0.42 sys=0.00, real=0.03 secs] 
8251.509: [GC 8251.509: [ParNew: 1348518K->85229K(1415616K), 0.0276510 secs] 2622499K->1359210K(8231360K), 0.0278740 secs] [Times: user=0.42 sys=0.01, real=0.02 secs] 
8251.806: [GC 8251.806: [ParNew: 1343597K->95170K(1415616K), 0.0239090 secs] 2617578K->1369150K(8231360K), 0.0241230 secs] [Times: user=0.36 sys=0.00, real=0.03 secs] 
8252.119: [GC 8252.119: [ParNew: 1353538K->87809K(1415616K), 0.0253560 secs] 2627518K->1361790K(8231360K), 0.0255770 secs] [Times: user=0.39 sys=0.00, real=0.02 secs] 
8252.420: [GC 8252.420: [ParNew: 1346177K->91857K(1415616K), 0.0249620 secs] 2620158K->1365838K(8231360K), 0.0251710 secs] [Times: user=0.38 sys=0.00, real=0.02 secs] 
8252.721: [GC 8252.721: [ParNew: 1350225K->99455K(1415616K), 0.0276960 secs] 2624206K->1373436K(8231360K), 0.0279150 secs] [Times: user=0.41 sys=0.01, real=0.03 secs] 
8253.023: [GC 8253.023: [ParNew: 1357823K->87388K(1415616K), 0.0311770 secs] 2631804K->1361369K(8231360K), 0.0313910 secs] [Times: user=0.40 sys=0.00, real=0.03 secs] 
8253.341: [GC 8253.341: [ParNew: 1345756K->98833K(1415616K), 0.0305220 secs] 2619737K->1372814K(8231360K), 0.0307440 secs] [Times: user=0.48 sys=0.00, real=0.03 secs] 
8253.658: [GC 8253.658: [ParNew: 1357201K->90934K(1415616K), 0.0285510 secs] 2631182K->1364915K(8231360K), 0.0287790 secs] [Times: user=0.45 sys=0.00, real=0.03 secs] 
8254.889: [GC 8254.889: [ParNew: 1349302K->115028K(1415616K), 0.0325930 secs] 2623283K->1389008K(8231360K), 0.0328080 secs] [Times: user=0.50 sys=0.00, real=0.03 secs] 
8255.382: [GC 8255.383: [ParNew: 1373396K->106438K(1415616K), 0.0298010 secs] 2647376K->1380419K(8231360K), 0.0300200 secs] [Times: user=0.46 sys=0.00, real=0.03 secs] 
8256.341: [GC 8256.341: [ParNew: 1364806K->112356K(1415616K), 0.0313400 secs] 2638787K->1386336K(8231360K), 0.0315610 secs] [Times: user=0.49 sys=0.01, real=0.03 secs] 
8257.463: [GC 8257.463: [ParNew: 1370724K->110355K(1415616K), 0.0371680 secs] 2644704K->1384336K(8231360K), 0.0373900 secs] [Times: user=0.58 sys=0.01, real=0.04 secs] 
8258.286: [GC 8258.286: [ParNew: 1368723K->117202K(1415616K), 0.0340400 secs] 2642704K->1391183K(8231360K), 0.0342540 secs] [Times: user=0.53 sys=0.01, real=0.04 secs] 
8260.197: [GC 8260.197: [ParNew: 1375570K->118648K(1415616K), 0.0339850 secs] 2649551K->1392628K(8231360K), 0.0342140 secs] [Times: user=0.53 sys=0.01, real=0.04 secs] 
8261.988: [GC 8261.988: [ParNew: 1377016K->101047K(1415616K), 0.0314660 secs] 2650996K->1375028K(8231360K), 0.0316840 secs] [Times: user=0.49 sys=0.00, real=0.03 secs] 
8263.004: [GC 8263.004: [ParNew: 1359415K->121306K(1415616K), 0.0344440 secs] 2633396K->1395287K(8231360K), 0.0346610 secs] [Times: user=0.53 sys=0.00, real=0.03 secs] 
8264.783: [GC 8264.784: [ParNew: 1379674K->80393K(1415616K), 0.1427980 secs] 2653655K->1397698K(8231360K), 0.1430120 secs] [Times: user=0.65 sys=0.13, real=0.14 secs] 
8265.383: [GC 8265.383: [ParNew: 1338761K->60272K(1415616K), 0.0233340 secs] 2656066K->1377577K(8231360K), 0.0235390 secs] [Times: user=0.34 sys=0.03, real=0.02 secs] 
8266.619: [GC 8266.619: [ParNew: 1318640K->72669K(1415616K), 0.0214050 secs] 2635945K->1389974K(8231360K), 0.0216410 secs] [Times: user=0.33 sys=0.00, real=0.03 secs] 
8267.277: [GC 8267.277: [ParNew: 1331037K->83829K(1415616K), 0.0339150 secs] 2648342K->1401134K(8231360K), 0.0341290 secs] [Times: user=0.52 sys=0.02, real=0.04 secs] 
8267.611: [GC 8267.611: [ParNew: 1342197K->88851K(1415616K), 0.0285290 secs] 2659502K->1406156K(8231360K), 0.0287440 secs] [Times: user=0.44 sys=0.00, real=0.03 secs] 
8267.993: [GC 8267.993: [ParNew: 1347219K->90801K(1415616K), 0.0253090 secs] 2664524K->1408106K(8231360K), 0.0255320 secs] [Times: user=0.38 sys=0.00, real=0.02 secs] 
8268.366: [GC 8268.366: [ParNew: 1349169K->100639K(1415616K), 0.0311250 secs] 2666474K->1417945K(8231360K), 0.0313440 secs] [Times: user=0.48 sys=0.00, real=0.03 secs] 
8268.865: [GC 8268.865: [ParNew: 1359007K->117982K(1415616K), 0.0285500 secs] 2676313K->1435287K(8231360K), 0.0287620 secs] [Times: user=0.45 sys=0.00, real=0.03 secs] 
8269.274: [GC 8269.274: [ParNew: 1376350K->87816K(1415616K), 0.0331900 secs] 2693655K->1405121K(8231360K), 0.0334080 secs] [Times: user=0.52 sys=0.00, real=0.03 secs] 
8270.107: [GC 8270.107: [ParNew: 1346184K->124725K(1415616K), 0.0328130 secs] 2663489K->1442030K(8231360K), 0.0330290 secs] [Times: user=0.51 sys=0.00, real=0.03 secs] 
8270.902: [GC 8270.902: [ParNew: 1383093K->125211K(1415616K), 0.0437220 secs] 2700398K->1450450K(8231360K), 0.0439380 secs] [Times: user=0.59 sys=0.02, real=0.04 secs] 
8271.213: [GC 8271.213: [ParNew: 1383579K->121208K(1415616K), 0.0350530 secs] 2708818K->1446448K(8231360K), 0.0352660 secs] [Times: user=0.54 sys=0.00, real=0.03 secs] 
8271.514: [GC 8271.514: [ParNew: 1379576K->112186K(1415616K), 0.0368110 secs] 2704816K->1437426K(8231360K), 0.0370310 secs] [Times: user=0.57 sys=0.01, real=0.03 secs] 
8271.816: [GC 8271.816: [ParNew: 1370554K->103246K(1415616K), 0.0366980 secs] 2695794K->1433467K(8231360K), 0.0369140 secs] [Times: user=0.49 sys=0.01, real=0.04 secs] 
8272.138: [GC 8272.139: [ParNew: 1361614K->112683K(1415616K), 0.0290010 secs] 2691835K->1442904K(8231360K), 0.0292180 secs] [Times: user=0.44 sys=0.00, real=0.03 secs] 
8273.839: [GC 8273.839: [ParNew: 1371051K->113445K(1415616K), 0.0337640 secs] 2701272K->1443666K(8231360K), 0.0339810 secs] [Times: user=0.52 sys=0.00, real=0.04 secs] 
8276.374: [GC 8276.374: [ParNew: 1371813K->97860K(1415616K), 0.0413590 secs] 2702034K->1434593K(8231360K), 0.0415820 secs] [Times: user=0.56 sys=0.02, real=0.04 secs] 
8278.190: [GC 8278.190: [ParNew: 1356228K->92609K(1415616K), 0.0347520 secs] 2692961K->1429342K(8231360K), 0.0349700 secs] [Times: user=0.54 sys=0.01, real=0.04 secs] 
8279.191: [GC 8279.191: [ParNew: 1350977K->97113K(1415616K), 0.0359590 secs] 2687710K->1433846K(8231360K), 0.0361710 secs] [Times: user=0.55 sys=0.01, real=0.04 secs] 
8280.193: [GC 8280.193: [ParNew: 1355481K->102947K(1415616K), 0.0293460 secs] 2692214K->1439680K(8231360K), 0.0295720 secs] [Times: user=0.45 sys=0.00, real=0.03 secs] 
8281.419: [GC 8281.419: [ParNew: 1361315K->113142K(1415616K), 0.0407050 secs] 2698048K->1449875K(8231360K), 0.0409340 secs] [Times: user=0.62 sys=0.02, real=0.04 secs] 
8281.761: [GC 8281.761: [ParNew: 1371510K->124879K(1415616K), 0.0425770 secs] 2708243K->1461612K(8231360K), 0.0428030 secs] [Times: user=0.66 sys=0.00, real=0.05 secs] 
8282.129: [GC 8282.129: [ParNew: 1383247K->103557K(1415616K), 0.0595050 secs] 2719980K->1455008K(8231360K), 0.0597350 secs] [Times: user=0.63 sys=0.04, real=0.06 secs] 
8282.549: [GC 8282.549: [ParNew: 1361925K->129781K(1415616K), 0.0314370 secs] 2713376K->1481232K(8231360K), 0.0316670 secs] [Times: user=0.48 sys=0.00, real=0.03 secs] 
8283.819: [GC 8283.819: [ParNew: 1388149K->106971K(1415616K), 0.0413810 secs] 2739600K->1463973K(8231360K), 0.0416300 secs] [Times: user=0.57 sys=0.01, real=0.04 secs] 
8285.393: [GC 8285.393: [ParNew: 1365339K->134504K(1415616K), 0.0313560 secs] 2722341K->1491506K(8231360K), 0.0315760 secs] [Times: user=0.49 sys=0.00, real=0.04 secs] 
8286.287: [GC 8286.287: [ParNew: 1392872K->101427K(1415616K), 0.0425360 secs] 2749874K->1461115K(8231360K), 0.0427680 secs] [Times: user=0.63 sys=0.01, real=0.04 secs] 
8286.666: [GC 8286.666: [ParNew: 1359795K->117123K(1415616K), 0.0340300 secs] 2719483K->1479204K(8231360K), 0.0342450 secs] [Times: user=0.49 sys=0.02, real=0.03 secs] 
8289.273: [GC 8289.273: [ParNew: 1375491K->104523K(1415616K), 0.0339210 secs] 2737572K->1466604K(8231360K), 0.0341370 secs] [Times: user=0.53 sys=0.00, real=0.04 secs] 
8290.960: [GC 8290.960: [ParNew: 1362891K->119412K(1415616K), 0.0348730 secs] 2724972K->1481492K(8231360K), 0.0350910 secs] [Times: user=0.53 sys=0.01, real=0.04 secs] 
8291.262: [GC 8291.262: [ParNew: 1377780K->106205K(1415616K), 0.0318150 secs] 2739860K->1468285K(8231360K), 0.0320360 secs] [Times: user=0.49 sys=0.00, real=0.03 secs] 
8292.463: [GC 8292.463: [ParNew: 1364573K->86117K(1415616K), 0.0313170 secs] 2726653K->1448198K(8231360K), 0.0315270 secs] [Times: user=0.48 sys=0.01, real=0.04 secs] 
8294.403: [GC 8294.403: [ParNew: 1344485K->107329K(1415616K), 0.0330100 secs] 2706566K->1469410K(8231360K), 0.0332370 secs] [Times: user=0.51 sys=0.01, real=0.04 secs] 
8297.385: [GC 8297.385: [ParNew: 1365697K->107001K(1415616K), 0.0350150 secs] 2727778K->1469082K(8231360K), 0.0352240 secs] [Times: user=0.54 sys=0.00, real=0.04 secs] 
8299.072: [GC 8299.072: [ParNew: 1365369K->115242K(1415616K), 0.0379940 secs] 2727450K->1477323K(8231360K), 0.0382220 secs] [Times: user=0.59 sys=0.00, real=0.04 secs] 
8300.165: [GC 8300.166: [ParNew: 1373610K->119737K(1415616K), 0.0365600 secs] 2735691K->1481818K(8231360K), 0.0367770 secs] [Times: user=0.56 sys=0.01, real=0.04 secs] 
8302.181: [GC 8302.181: [ParNew: 1378105K->84472K(1415616K), 0.0797100 secs] 2740186K->1468306K(8231360K), 0.0799420 secs] [Times: user=0.62 sys=0.07, real=0.08 secs] 
8305.781: [GC 8305.782: [ParNew: 1342840K->88589K(1415616K), 0.0292860 secs] 2726674K->1472423K(8231360K), 0.0295170 secs] [Times: user=0.46 sys=0.00, real=0.03 secs] 
8308.543: [GC 8308.543: [ParNew: 1346957K->92204K(1415616K), 0.0293360 secs] 2730791K->1476037K(8231360K), 0.0295450 secs] [Times: user=0.47 sys=0.00, real=0.03 secs] 
8309.801: [GC 8309.801: [ParNew: 1350572K->93592K(1415616K), 0.0297640 secs] 2734405K->1477426K(8231360K), 0.0299860 secs] [Times: user=0.47 sys=0.00, real=0.03 secs] 
8311.100: [GC 8311.100: [ParNew: 1351960K->91126K(1415616K), 0.0294670 secs] 2735794K->1474960K(8231360K), 0.0296910 secs] [Times: user=0.45 sys=0.00, real=0.03 secs] 
8311.394: [GC 8311.394: [ParNew: 1349494K->105401K(1415616K), 0.0300300 secs] 2733328K->1489235K(8231360K), 0.0302430 secs] [Times: user=0.47 sys=0.00, real=0.03 secs] 
8311.693: [GC 8311.694: [ParNew: 1363769K->89232K(1415616K), 0.0286360 secs] 2747603K->1473066K(8231360K), 0.0288540 secs] [Times: user=0.44 sys=0.00, real=0.03 secs] 
8311.990: [GC 8311.990: [ParNew: 1347600K->93254K(1415616K), 0.0298090 secs] 2731434K->1477088K(8231360K), 0.0300240 secs] [Times: user=0.44 sys=0.00, real=0.03 secs] 
8312.286: [GC 8312.286: [ParNew: 1351622K->88836K(1415616K), 0.0283700 secs] 2735456K->1472670K(8231360K), 0.0285900 secs] [Times: user=0.44 sys=0.01, real=0.03 secs] 
8312.582: [GC 8312.582: [ParNew: 1347204K->97022K(1415616K), 0.0300160 secs] 2731038K->1480856K(8231360K), 0.0302380 secs] [Times: user=0.47 sys=0.01, real=0.03 secs] 
8312.879: [GC 8312.879: [ParNew: 1355390K->102442K(1415616K), 0.0294300 secs] 2739224K->1486275K(8231360K), 0.0296440 secs] [Times: user=0.45 sys=0.00, real=0.03 secs] 
8313.195: [GC 8313.195: [ParNew: 1360810K->109778K(1415616K), 0.0305970 secs] 2744643K->1493612K(8231360K), 0.0308170 secs] [Times: user=0.47 sys=0.00, real=0.03 secs] 
8314.804: [GC 8314.804: [ParNew: 1368146K->90712K(1415616K), 0.0334490 secs] 2751980K->1474546K(8231360K), 0.0336750 secs] [Times: user=0.52 sys=0.00, real=0.03 secs] 
8319.619: [GC 8319.619: [ParNew: 1349080K->96749K(1415616K), 0.0347590 secs] 2732914K->1480582K(8231360K), 0.0349900 secs] [Times: user=0.54 sys=0.00, real=0.04 secs] 
8324.963: [GC 8324.963: [ParNew: 1355117K->96412K(1415616K), 0.0365120 secs] 2738950K->1480246K(8231360K), 0.0367460 secs] [Times: user=0.56 sys=0.00, real=0.03 secs] 
8326.519: [GC 8326.520: [ParNew: 1354780K->111003K(1415616K), 0.0352590 secs] 2738614K->1494837K(8231360K), 0.0354840 secs] [Times: user=0.54 sys=0.00, real=0.04 secs] 
8326.883: [GC 8326.883: [ParNew: 1369371K->123739K(1415616K), 0.0351680 secs] 2753205K->1507573K(8231360K), 0.0353950 secs] [Times: user=0.54 sys=0.01, real=0.03 secs] 
8327.519: [GC 8327.520: [ParNew: 1382107K->83733K(1415616K), 0.1507990 secs] 2765941K->1512300K(8231360K), 0.1510480 secs] [Times: user=0.70 sys=0.13, real=0.15 secs] 
8329.184: [GC 8329.184: [ParNew: 1342101K->64966K(1415616K), 0.0204230 secs] 2770668K->1493534K(8231360K), 0.0206550 secs] [Times: user=0.30 sys=0.01, real=0.02 secs] 
8329.572: [GC 8329.572: [ParNew: 1323334K->79500K(1415616K), 0.0223880 secs] 2751902K->1508068K(8231360K), 0.0226110 secs] [Times: user=0.34 sys=0.00, real=0.02 secs] 
8330.740: [GC 8330.741: [ParNew: 1337868K->96651K(1415616K), 0.0272730 secs] 2766436K->1525218K(8231360K), 0.0274990 secs] [Times: user=0.42 sys=0.00, real=0.03 secs] 
8331.126: [GC 8331.126: [ParNew: 1355019K->93084K(1415616K), 0.0249800 secs] 2783586K->1521652K(8231360K), 0.0251970 secs] [Times: user=0.39 sys=0.00, real=0.02 secs] 
8333.249: [GC 8333.249: [ParNew: 1351452K->96995K(1415616K), 0.0273260 secs] 2780020K->1525562K(8231360K), 0.0275470 secs] [Times: user=0.43 sys=0.00, real=0.03 secs] 
8336.951: [GC 8336.952: [ParNew: 1355363K->84742K(1415616K), 0.0288660 secs] 2783930K->1513310K(8231360K), 0.0290820 secs] [Times: user=0.44 sys=0.00, real=0.03 secs] 
8338.959: [GC 8338.959: [ParNew: 1343110K->70531K(1415616K), 0.0281590 secs] 2771678K->1499098K(8231360K), 0.0283770 secs] [Times: user=0.44 sys=0.00, real=0.03 secs] 
8341.017: [GC 8341.017: [ParNew: 1328899K->67972K(1415616K), 0.0284120 secs] 2757466K->1496539K(8231360K), 0.0286330 secs] [Times: user=0.45 sys=0.00, real=0.03 secs] 
8341.493: [GC 8341.493: [ParNew: 1326340K->94652K(1415616K), 0.0293830 secs] 2754907K->1523219K(8231360K), 0.0295970 secs] [Times: user=0.44 sys=0.00, real=0.03 secs] 
8341.856: [GC 8341.856: [ParNew: 1353020K->102911K(1415616K), 0.0343410 secs] 2781587K->1531478K(8231360K), 0.0345600 secs] [Times: user=0.52 sys=0.00, real=0.03 secs] 
8342.893: [GC 8342.893: [ParNew: 1361279K->115261K(1415616K), 0.0348130 secs] 2789846K->1543828K(8231360K), 0.0350540 secs] [Times: user=0.55 sys=0.00, real=0.04 secs] 
8345.234: [GC 8345.234: [ParNew: 1373629K->98896K(1415616K), 0.0351490 secs] 2802196K->1527463K(8231360K), 0.0353730 secs] [Times: user=0.54 sys=0.00, real=0.03 secs] 
8346.364: [GC 8346.365: [ParNew: 1357264K->109795K(1415616K), 0.0341370 secs] 2785831K->1538363K(8231360K), 0.0343520 secs] [Times: user=0.53 sys=0.00, real=0.03 secs] 
8346.975: [GC 8346.975: [ParNew: 1368163K->117408K(1415616K), 0.0356010 secs] 2796731K->1545975K(8231360K), 0.0358070 secs] [Times: user=0.56 sys=0.00, real=0.03 secs] 
8350.187: [GC 8350.188: [ParNew: 1375776K->110065K(1415616K), 0.0351230 secs] 2804343K->1538633K(8231360K), 0.0353390 secs] [Times: user=0.54 sys=0.00, real=0.03 secs] 
8351.078: [GC 8351.079: [ParNew: 1368433K->83655K(1415616K), 0.0756150 secs] 2797001K->1532957K(8231360K), 0.0758350 secs] [Times: user=0.64 sys=0.07, real=0.07 secs] 
8354.825: [GC 8354.825: [ParNew: 1342023K->70177K(1415616K), 0.0284610 secs] 2791325K->1519479K(8231360K), 0.0287100 secs] [Times: user=0.44 sys=0.00, real=0.03 secs] 
8358.776: [GC 8358.776: [ParNew: 1328545K->62755K(1415616K), 0.0330960 secs] 2777847K->1512057K(8231360K), 0.0333310 secs] [Times: user=0.51 sys=0.01, real=0.04 secs] 
8360.190: [GC 8360.190: [ParNew: 1321123K->75241K(1415616K), 0.0299990 secs] 2770425K->1524543K(8231360K), 0.0302130 secs] [Times: user=0.47 sys=0.00, real=0.03 secs] 
8363.022: [GC 8363.022: [ParNew: 1333609K->99542K(1415616K), 0.0347130 secs] 2782911K->1548844K(8231360K), 0.0349360 secs] [Times: user=0.53 sys=0.01, real=0.03 secs] 
8365.082: [GC 8365.082: [ParNew: 1357910K->102450K(1415616K), 0.0378070 secs] 2807212K->1551751K(8231360K), 0.0380350 secs] [Times: user=0.59 sys=0.01, real=0.04 secs] 
8367.253: [GC 8367.253: [ParNew: 1360818K->103914K(1415616K), 0.0389610 secs] 2810119K->1553216K(8231360K), 0.0391830 secs] [Times: user=0.60 sys=0.01, real=0.04 secs] 
8368.930: [GC 8368.930: [ParNew: 1362282K->101607K(1415616K), 0.0338960 secs] 2811584K->1550909K(8231360K), 0.0341120 secs] [Times: user=0.53 sys=0.00, real=0.03 secs] 
8370.090: [GC 8370.090: [ParNew: 1359975K->99499K(1415616K), 0.0372470 secs] 2809277K->1548800K(8231360K), 0.0374670 secs] [Times: user=0.57 sys=0.01, real=0.03 secs] 
8371.002: [GC 8371.002: [ParNew: 1357867K->95761K(1415616K), 0.0359430 secs] 2807168K->1545062K(8231360K), 0.0361530 secs] [Times: user=0.57 sys=0.00, real=0.03 secs] 
8371.306: [GC 8371.307: [ParNew: 1354129K->87511K(1415616K), 0.0329460 secs] 2803430K->1536813K(8231360K), 0.0331620 secs] [Times: user=0.51 sys=0.00, real=0.04 secs] 
8371.608: [GC 8371.608: [ParNew: 1345879K->105092K(1415616K), 0.0378740 secs] 2795181K->1554394K(8231360K), 0.0380870 secs] [Times: user=0.58 sys=0.00, real=0.04 secs] 
8371.911: [GC 8371.911: [ParNew: 1359442K->101411K(1415616K), 0.0329310 secs] 2808744K->1550713K(8231360K), 0.0331450 secs] [Times: user=0.51 sys=0.00, real=0.03 secs] 
8372.212: [GC 8372.212: [ParNew: 1359779K->102536K(1415616K), 0.0374860 secs] 2809081K->1551838K(8231360K), 0.0377050 secs] [Times: user=0.59 sys=0.01, real=0.04 secs] 
8372.516: [GC 8372.516: [ParNew: 1360904K->102142K(1415616K), 0.0366080 secs] 2810206K->1551444K(8231360K), 0.0368190 secs] [Times: user=0.57 sys=0.01, real=0.04 secs] 
8372.821: [GC 8372.821: [ParNew: 1360510K->102157K(1415616K), 0.0374370 secs] 2809812K->1551458K(8231360K), 0.0376530 secs] [Times: user=0.57 sys=0.01, real=0.03 secs] 
8373.132: [GC 8373.132: [ParNew: 1360525K->101972K(1415616K), 0.0368390 secs] 2809826K->1551273K(8231360K), 0.0370520 secs] [Times: user=0.56 sys=0.00, real=0.03 secs] 
8373.460: [GC 8373.460: [ParNew: 1360340K->110899K(1415616K), 0.0370690 secs] 2809641K->1560201K(8231360K), 0.0372830 secs] [Times: user=0.57 sys=0.00, real=0.03 secs] 
8374.376: [GC 8374.376: [ParNew: 1369267K->107751K(1415616K), 0.0417360 secs] 2818569K->1557053K(8231360K), 0.0419430 secs] [Times: user=0.65 sys=0.00, real=0.04 secs] 
8375.985: [GC 8375.986: [ParNew: 1366119K->103836K(1415616K), 0.0439350 secs] 2815421K->1553138K(8231360K), 0.0441430 secs] [Times: user=0.68 sys=0.00, real=0.04 secs] 
8378.004: [GC 8378.004: [ParNew: 1362204K->104506K(1415616K), 0.0442900 secs] 2811506K->1553807K(8231360K), 0.0445140 secs] [Times: user=0.60 sys=0.00, real=0.04 secs] 
8381.384: [GC 8381.384: [ParNew: 1362874K->106718K(1415616K), 0.0429390 secs] 2812175K->1556020K(8231360K), 0.0431530 secs] [Times: user=0.67 sys=0.00, real=0.04 secs] 
8382.720: [GC 8382.720: [ParNew: 1365086K->112052K(1415616K), 0.0425750 secs] 2814388K->1561354K(8231360K), 0.0427940 secs] [Times: user=0.66 sys=0.01, real=0.05 secs] 
8384.636: [GC 8384.637: [ParNew: 1370420K->113144K(1415616K), 0.0493570 secs] 2819722K->1562446K(8231360K), 0.0495790 secs] [Times: user=0.76 sys=0.01, real=0.05 secs] 
8385.609: [GC 8385.609: [ParNew: 1371512K->77968K(1415616K), 0.1345470 secs] 2820814K->1566779K(8231360K), 0.1347670 secs] [Times: user=0.65 sys=0.11, real=0.14 secs] 
8386.529: [GC 8386.529: [ParNew: 1336336K->74105K(1415616K), 0.0237340 secs] 2825147K->1562916K(8231360K), 0.0239500 secs] [Times: user=0.36 sys=0.01, real=0.03 secs] 
8386.895: [GC 8386.895: [ParNew: 1332473K->90615K(1415616K), 0.0241490 secs] 2821284K->1579426K(8231360K), 0.0243610 secs] [Times: user=0.38 sys=0.01, real=0.02 secs] 
8387.636: [GC 8387.636: [ParNew: 1348983K->92609K(1415616K), 0.0292080 secs] 2837794K->1581420K(8231360K), 0.0294220 secs] [Times: user=0.44 sys=0.01, real=0.03 secs] 
8388.335: [GC 8388.335: [ParNew: 1350977K->97935K(1415616K), 0.0290020 secs] 2839788K->1586746K(8231360K), 0.0292300 secs] [Times: user=0.45 sys=0.00, real=0.03 secs] 
8389.018: [GC 8389.018: [ParNew: 1356303K->102039K(1415616K), 0.0316220 secs] 2845114K->1590850K(8231360K), 0.0318400 secs] [Times: user=0.49 sys=0.01, real=0.03 secs] 
8389.409: [GC 8389.409: [ParNew: 1360407K->118382K(1415616K), 0.0366410 secs] 2849218K->1607193K(8231360K), 0.0368610 secs] [Times: user=0.56 sys=0.01, real=0.04 secs] 
8390.157: [GC 8390.158: [ParNew: 1376750K->122509K(1415616K), 0.0389560 secs] 2865561K->1611320K(8231360K), 0.0391740 secs] [Times: user=0.60 sys=0.00, real=0.04 secs] 
8390.893: [GC 8390.893: [ParNew: 1380877K->128334K(1415616K), 0.0383970 secs] 2869688K->1619762K(8231360K), 0.0386110 secs] [Times: user=0.56 sys=0.01, real=0.03 secs] 
8391.199: [GC 8391.200: [ParNew: 1386702K->108743K(1415616K), 0.0466240 secs] 2878130K->1606647K(8231360K), 0.0468320 secs] [Times: user=0.62 sys=0.03, real=0.05 secs] 
8391.512: [GC 8391.512: [ParNew: 1367111K->103721K(1415616K), 0.0356290 secs] 2865015K->1601625K(8231360K), 0.0358420 secs] [Times: user=0.55 sys=0.00, real=0.04 secs] 
8391.840: [GC 8391.840: [ParNew: 1362089K->122723K(1415616K), 0.0399550 secs] 2859993K->1620627K(8231360K), 0.0401680 secs] [Times: user=0.63 sys=0.00, real=0.04 secs] 
8393.064: [GC 8393.064: [ParNew: 1381091K->115402K(1415616K), 0.0465920 secs] 2878995K->1616109K(8231360K), 0.0468060 secs] [Times: user=0.68 sys=0.02, real=0.04 secs] 
8393.926: [GC 8393.926: [ParNew: 1373770K->106178K(1415616K), 0.0457020 secs] 2874477K->1612769K(8231360K), 0.0459070 secs] [Times: user=0.61 sys=0.02, real=0.04 secs] 
8395.786: [GC 8395.786: [ParNew: 1364546K->120191K(1415616K), 0.0401290 secs] 2871137K->1628492K(8231360K), 0.0403390 secs] [Times: user=0.59 sys=0.02, real=0.04 secs] 
8397.781: [GC 8397.781: [ParNew: 1378559K->96062K(1415616K), 0.0374540 secs] 2886860K->1607984K(8231360K), 0.0376700 secs] [Times: user=0.54 sys=0.01, real=0.04 secs] 
8398.993: [GC 8398.993: [ParNew: 1354430K->97538K(1415616K), 0.0289360 secs] 2866352K->1609460K(8231360K), 0.0291510 secs] [Times: user=0.45 sys=0.01, real=0.03 secs] 
8400.188: [GC 8400.188: [ParNew: 1355906K->75418K(1415616K), 0.0346950 secs] 2867828K->1587340K(8231360K), 0.0349080 secs] [Times: user=0.54 sys=0.00, real=0.03 secs] 
8401.213: [GC 8401.213: [ParNew: 1333786K->102636K(1415616K), 0.0285230 secs] 2845708K->1614558K(8231360K), 0.0287410 secs] [Times: user=0.44 sys=0.00, real=0.03 secs] 
8401.667: [GC 8401.667: [ParNew: 1361004K->116317K(1415616K), 0.0422710 secs] 2872926K->1628239K(8231360K), 0.0424950 secs] [Times: user=0.65 sys=0.01, real=0.04 secs] 
8402.237: [GC 8402.237: [ParNew: 1374685K->114968K(1415616K), 0.0312230 secs] 2886607K->1626890K(8231360K), 0.0314440 secs] [Times: user=0.48 sys=0.00, real=0.03 secs] 
8402.819: [GC 8402.819: [ParNew: 1373336K->125659K(1415616K), 0.0347300 secs] 2885258K->1637581K(8231360K), 0.0349510 secs] [Times: user=0.53 sys=0.00, real=0.03 secs] 
8405.586: [GC 8405.586: [ParNew: 1384027K->94430K(1415616K), 0.0690700 secs] 2895949K->1623127K(8231360K), 0.0692890 secs] [Times: user=0.73 sys=0.04, real=0.07 secs] 
8406.710: [GC 8406.710: [ParNew: 1352798K->83597K(1415616K), 0.0273540 secs] 2881495K->1612294K(8231360K), 0.0275760 secs] [Times: user=0.42 sys=0.01, real=0.03 secs] 
8407.053: [GC 8407.053: [ParNew: 1341965K->93899K(1415616K), 0.0258930 secs] 2870662K->1622596K(8231360K), 0.0261050 secs] [Times: user=0.39 sys=0.01, real=0.03 secs] 
8408.790: [GC 8408.790: [ParNew: 1352267K->90112K(1415616K), 0.0268900 secs] 2880964K->1618810K(8231360K), 0.0270970 secs] [Times: user=0.42 sys=0.00, real=0.03 secs] 
8410.935: [GC 8410.935: [ParNew: 1348480K->99383K(1415616K), 0.0316230 secs] 2877178K->1628080K(8231360K), 0.0318420 secs] [Times: user=0.48 sys=0.00, real=0.04 secs] 
8411.242: [GC 8411.242: [ParNew: 1357751K->97936K(1415616K), 0.0293150 secs] 2886448K->1626634K(8231360K), 0.0295280 secs] [Times: user=0.45 sys=0.00, real=0.03 secs] 
8413.094: [GC 8413.094: [ParNew: 1356304K->75001K(1415616K), 0.0275960 secs] 2885002K->1603698K(8231360K), 0.0278500 secs] [Times: user=0.43 sys=0.00, real=0.03 secs] 
8416.190: [GC 8416.191: [ParNew: 1333369K->84351K(1415616K), 0.0340280 secs] 2862066K->1613049K(8231360K), 0.0342500 secs] [Times: user=0.53 sys=0.00, real=0.03 secs] 
8417.153: [GC 8417.153: [ParNew: 1342719K->89850K(1415616K), 0.0336760 secs] 2871417K->1618548K(8231360K), 0.0338960 secs] [Times: user=0.51 sys=0.00, real=0.03 secs] 
8418.773: [GC 8418.773: [ParNew: 1348218K->90241K(1415616K), 0.0322510 secs] 2876916K->1618939K(8231360K), 0.0324640 secs] [Times: user=0.50 sys=0.01, real=0.03 secs] 
8420.188: [GC 8420.188: [ParNew: 1348609K->108084K(1415616K), 0.0333120 secs] 2877307K->1636782K(8231360K), 0.0335310 secs] [Times: user=0.52 sys=0.00, real=0.04 secs] 
8422.179: [GC 8422.180: [ParNew: 1366452K->106236K(1415616K), 0.0352230 secs] 2895150K->1634933K(8231360K), 0.0354350 secs] [Times: user=0.54 sys=0.00, real=0.03 secs] 
8424.080: [GC 8424.080: [ParNew: 1364604K->105863K(1415616K), 0.0396090 secs] 2893301K->1634561K(8231360K), 0.0398310 secs] [Times: user=0.61 sys=0.00, real=0.04 secs] 
8425.581: [GC 8425.581: [ParNew: 1364231K->110834K(1415616K), 0.0380240 secs] 2892929K->1639531K(8231360K), 0.0382440 secs] [Times: user=0.59 sys=0.01, real=0.04 secs] 
8428.990: [GC 8428.990: [ParNew: 1369202K->110306K(1415616K), 0.0455630 secs] 2897899K->1639003K(8231360K), 0.0457780 secs] [Times: user=0.70 sys=0.02, real=0.04 secs] 
8431.165: [GC 8431.165: [ParNew: 1368674K->101265K(1415616K), 0.0360800 secs] 2897371K->1629962K(8231360K), 0.0363020 secs] [Times: user=0.55 sys=0.00, real=0.04 secs] 
8431.474: [GC 8431.474: [ParNew: 1359633K->103781K(1415616K), 0.0405260 secs] 2888330K->1632478K(8231360K), 0.0407550 secs] [Times: user=0.64 sys=0.00, real=0.04 secs] 
8431.783: [GC 8431.783: [ParNew: 1362149K->103538K(1415616K), 0.0392370 secs] 2890846K->1632235K(8231360K), 0.0394470 secs] [Times: user=0.60 sys=0.00, real=0.04 secs] 
8432.089: [GC 8432.089: [ParNew: 1361906K->108926K(1415616K), 0.0403300 secs] 2890603K->1637624K(8231360K), 0.0405430 secs] [Times: user=0.62 sys=0.00, real=0.04 secs] 
8432.398: [GC 8432.398: [ParNew: 1367294K->105878K(1415616K), 0.0424880 secs] 2895992K->1634576K(8231360K), 0.0427040 secs] [Times: user=0.65 sys=0.01, real=0.05 secs] 
8432.711: [GC 8432.711: [ParNew: 1364246K->105852K(1415616K), 0.0469740 secs] 2892944K->1634549K(8231360K), 0.0471890 secs] [Times: user=0.73 sys=0.01, real=0.04 secs] 
8433.027: [GC 8433.027: [ParNew: 1364220K->95997K(1415616K), 0.0448300 secs] 2892917K->1624694K(8231360K), 0.0451120 secs] [Times: user=0.69 sys=0.02, real=0.05 secs] 
8433.356: [GC 8433.356: [ParNew: 1354365K->114720K(1415616K), 0.0443570 secs] 2883062K->1643418K(8231360K), 0.0445840 secs] [Times: user=0.70 sys=0.00, real=0.04 secs] 
8434.584: [GC 8434.584: [ParNew: 1373088K->104914K(1415616K), 0.0366370 secs] 2901786K->1633611K(8231360K), 0.0368430 secs] [Times: user=0.57 sys=0.00, real=0.03 secs] 
8437.577: [GC 8437.577: [ParNew: 1363282K->90728K(1415616K), 0.0442010 secs] 2891979K->1619425K(8231360K), 0.0444140 secs] [Times: user=0.69 sys=0.01, real=0.04 secs] 
8442.107: [GC 8442.107: [ParNew: 1349096K->102489K(1415616K), 0.0381920 secs] 2877793K->1631187K(8231360K), 0.0384120 secs] [Times: user=0.60 sys=0.00, real=0.04 secs] 
8445.196: [GC 8445.196: [ParNew: 1360857K->101661K(1415616K), 0.0413960 secs] 2889555K->1630358K(8231360K), 0.0416150 secs] [Times: user=0.64 sys=0.00, real=0.04 secs] 
8446.316: [GC 8446.316: [ParNew: 1360029K->123006K(1415616K), 0.0452270 secs] 2888726K->1651704K(8231360K), 0.0454430 secs] [Times: user=0.71 sys=0.00, real=0.04 secs] 
8446.662: [GC 8446.662: [ParNew: 1381374K->79986K(1415616K), 0.1556450 secs] 2910072K->1656153K(8231360K), 0.1558630 secs] [Times: user=0.79 sys=0.13, real=0.16 secs] 
8447.576: [GC 8447.576: [ParNew: 1338354K->70040K(1415616K), 0.0222690 secs] 2914521K->1646207K(8231360K), 0.0224870 secs] [Times: user=0.34 sys=0.00, real=0.02 secs] 
8448.185: [GC 8448.185: [ParNew: 1328408K->78249K(1415616K), 0.0230520 secs] 2904575K->1654416K(8231360K), 0.0232710 secs] [Times: user=0.35 sys=0.00, real=0.02 secs] 
8448.877: [GC 8448.877: [ParNew: 1336617K->80426K(1415616K), 0.0262060 secs] 2912784K->1656593K(8231360K), 0.0264240 secs] [Times: user=0.40 sys=0.01, real=0.03 secs] 
8449.263: [GC 8449.263: [ParNew: 1338794K->92146K(1415616K), 0.0245910 secs] 2914961K->1668314K(8231360K), 0.0248050 secs] [Times: user=0.39 sys=0.00, real=0.03 secs] 
8450.162: [GC 8450.162: [ParNew: 1350514K->97385K(1415616K), 0.0303710 secs] 2926682K->1673552K(8231360K), 0.0305850 secs] [Times: user=0.46 sys=0.00, real=0.03 secs] 
8450.803: [GC 8450.803: [ParNew: 1355753K->110044K(1415616K), 0.0325610 secs] 2931920K->1686211K(8231360K), 0.0327950 secs] [Times: user=0.51 sys=0.00, real=0.04 secs] 
8451.110: [GC 8451.110: [ParNew: 1368412K->112641K(1415616K), 0.0321540 secs] 2944579K->1688808K(8231360K), 0.0323680 secs] [Times: user=0.49 sys=0.00, real=0.03 secs] 
8451.410: [GC 8451.410: [ParNew: 1371009K->107783K(1415616K), 0.0334750 secs] 2947176K->1683951K(8231360K), 0.0336940 secs] [Times: user=0.51 sys=0.02, real=0.03 secs] 
8451.742: [GC 8451.742: [ParNew: 1366151K->109029K(1415616K), 0.0334420 secs] 2942319K->1685196K(8231360K), 0.0336580 secs] [Times: user=0.51 sys=0.01, real=0.04 secs] 
8452.577: [GC 8452.577: [ParNew: 1367397K->105561K(1415616K), 0.0294570 secs] 2943564K->1681728K(8231360K), 0.0296910 secs] [Times: user=0.45 sys=0.00, real=0.03 secs] 
8453.476: [GC 8453.476: [ParNew: 1363929K->124772K(1415616K), 0.0370970 secs] 2940096K->1700940K(8231360K), 0.0373150 secs] [Times: user=0.58 sys=0.00, real=0.03 secs] 
8454.842: [GC 8454.842: [ParNew: 1383140K->118661K(1415616K), 0.0325230 secs] 2959308K->1694829K(8231360K), 0.0327410 secs] [Times: user=0.50 sys=0.02, real=0.03 secs] 
8456.186: [GC 8456.186: [ParNew: 1377029K->93863K(1415616K), 0.0512710 secs] 2953197K->1682338K(8231360K), 0.0514840 secs] [Times: user=0.62 sys=0.03, real=0.05 secs] 
8457.869: [GC 8457.869: [ParNew: 1352231K->85903K(1415616K), 0.0271220 secs] 2940706K->1674377K(8231360K), 0.0273380 secs] [Times: user=0.41 sys=0.01, real=0.03 secs] 
8459.205: [GC 8459.205: [ParNew: 1344271K->83795K(1415616K), 0.0270830 secs] 2932745K->1672269K(8231360K), 0.0273010 secs] [Times: user=0.42 sys=0.00, real=0.03 secs] 
8461.064: [GC 8461.064: [ParNew: 1342163K->76557K(1415616K), 0.0297200 secs] 2930637K->1665031K(8231360K), 0.0299450 secs] [Times: user=0.46 sys=0.00, real=0.03 secs] 
8461.620: [GC 8461.620: [ParNew: 1334925K->110248K(1415616K), 0.0323170 secs] 2923399K->1698722K(8231360K), 0.0325340 secs] [Times: user=0.51 sys=0.00, real=0.03 secs] 
8462.034: [GC 8462.034: [ParNew: 1368616K->109592K(1415616K), 0.0324620 secs] 2957090K->1698066K(8231360K), 0.0326820 secs] [Times: user=0.51 sys=0.00, real=0.04 secs] 
8462.519: [GC 8462.519: [ParNew: 1367960K->123919K(1415616K), 0.0334410 secs] 2956434K->1712394K(8231360K), 0.0336620 secs] [Times: user=0.51 sys=0.01, real=0.03 secs] 
8464.572: [GC 8464.572: [ParNew: 1382287K->114040K(1415616K), 0.0363800 secs] 2970762K->1702514K(8231360K), 0.0365940 secs] [Times: user=0.56 sys=0.00, real=0.04 secs] 
8466.202: [GC 8466.203: [ParNew: 1372408K->120966K(1415616K), 0.0410610 secs] 2960882K->1709440K(8231360K), 0.0412730 secs] [Times: user=0.63 sys=0.01, real=0.04 secs] 
8466.826: [GC 8466.826: [ParNew: 1379334K->94666K(1415616K), 0.0659710 secs] 2967808K->1701030K(8231360K), 0.0661910 secs] [Times: user=0.69 sys=0.04, real=0.07 secs] 
8467.250: [GC 8467.250: [ParNew: 1353034K->94680K(1415616K), 0.0300800 secs] 2959398K->1701044K(8231360K), 0.0303030 secs] [Times: user=0.46 sys=0.00, real=0.03 secs] 
8468.321: [GC 8468.321: [ParNew: 1353048K->96276K(1415616K), 0.0289470 secs] 2959412K->1702641K(8231360K), 0.0291650 secs] [Times: user=0.44 sys=0.01, real=0.03 secs] 
8469.977: [GC 8469.977: [ParNew: 1354644K->107251K(1415616K), 0.0307080 secs] 2961009K->1713616K(8231360K), 0.0309260 secs] [Times: user=0.47 sys=0.00, real=0.04 secs] 
8470.969: [GC 8470.969: [ParNew: 1365619K->107761K(1415616K), 0.0357250 secs] 2971984K->1714125K(8231360K), 0.0359370 secs] [Times: user=0.55 sys=0.00, real=0.03 secs] 
8471.286: [GC 8471.287: [ParNew: 1366129K->112282K(1415616K), 0.0360590 secs] 2972493K->1718647K(8231360K), 0.0362650 secs] [Times: user=0.56 sys=0.01, real=0.04 secs] 
8472.790: [GC 8472.790: [ParNew: 1370650K->98797K(1415616K), 0.0350250 secs] 2977015K->1705162K(8231360K), 0.0352440 secs] [Times: user=0.55 sys=0.00, real=0.03 secs] 
8474.202: [GC 8474.202: [ParNew: 1357165K->110877K(1415616K), 0.0391150 secs] 2963530K->1717241K(8231360K), 0.0393450 secs] [Times: user=0.60 sys=0.02, real=0.04 secs] 
8476.254: [GC 8476.254: [ParNew: 1369245K->112351K(1415616K), 0.0353550 secs] 2975609K->1718716K(8231360K), 0.0355700 secs] [Times: user=0.55 sys=0.00, real=0.04 secs] 
8477.933: [GC 8477.933: [ParNew: 1370719K->114901K(1415616K), 0.0436990 secs] 2977084K->1721266K(8231360K), 0.0439160 secs] [Times: user=0.67 sys=0.01, real=0.04 secs] 
8479.600: [GC 8479.600: [ParNew: 1373269K->106424K(1415616K), 0.0368000 secs] 2979634K->1712789K(8231360K), 0.0370140 secs] [Times: user=0.57 sys=0.00, real=0.03 secs] 
8480.926: [GC 8480.926: [ParNew: 1364792K->117706K(1415616K), 0.0425050 secs] 2971157K->1724071K(8231360K), 0.0427200 secs] [Times: user=0.65 sys=0.02, real=0.04 secs] 
8482.381: [GC 8482.382: [ParNew: 1376074K->111492K(1415616K), 0.0432540 secs] 2982439K->1717856K(8231360K), 0.0434690 secs] [Times: user=0.67 sys=0.00, real=0.04 secs] 
8484.603: [GC 8484.603: [ParNew: 1369860K->89927K(1415616K), 0.0806950 secs] 2976224K->1720630K(8231360K), 0.0809110 secs] [Times: user=0.68 sys=0.07, real=0.08 secs] 
8487.392: [GC 8487.392: [ParNew: 1348295K->84475K(1415616K), 0.0315310 secs] 2978998K->1715179K(8231360K), 0.0317660 secs] [Times: user=0.48 sys=0.02, real=0.03 secs] 
8489.234: [GC 8489.235: [ParNew: 1342843K->93872K(1415616K), 0.0318000 secs] 2973547K->1724576K(8231360K), 0.0320130 secs] [Times: user=0.48 sys=0.01, real=0.03 secs] 
8491.278: [GC 8491.278: [ParNew: 1352240K->93873K(1415616K), 0.0305500 secs] 2982944K->1724577K(8231360K), 0.0307760 secs] [Times: user=0.47 sys=0.02, real=0.03 secs] 
8491.585: [GC 8491.585: [ParNew: 1352241K->97059K(1415616K), 0.0287900 secs] 2982945K->1727763K(8231360K), 0.0290210 secs] [Times: user=0.44 sys=0.01, real=0.03 secs] 
8492.839: [GC 8492.839: [ParNew: 1355427K->93898K(1415616K), 0.0322640 secs] 2986131K->1724602K(8231360K), 0.0324830 secs] [Times: user=0.49 sys=0.01, real=0.03 secs] 
8495.382: [GC 8495.382: [ParNew: 1352266K->90021K(1415616K), 0.0306180 secs] 2982970K->1720724K(8231360K), 0.0308300 secs] [Times: user=0.47 sys=0.01, real=0.04 secs] 
8498.894: [GC 8498.894: [ParNew: 1348389K->83771K(1415616K), 0.0380100 secs] 2979092K->1714474K(8231360K), 0.0382510 secs] [Times: user=0.59 sys=0.00, real=0.03 secs] 
8500.225: [GC 8500.225: [ParNew: 1342139K->93061K(1415616K), 0.0365960 secs] 2972842K->1723765K(8231360K), 0.0368170 secs] [Times: user=0.56 sys=0.01, real=0.03 secs] 
8504.376: [GC 8504.376: [ParNew: 1351429K->87381K(1415616K), 0.0342540 secs] 2982133K->1718085K(8231360K), 0.0344690 secs] [Times: user=0.53 sys=0.01, real=0.03 secs] 
8505.966: [GC 8505.966: [ParNew: 1345749K->100419K(1415616K), 0.0323370 secs] 2976453K->1731123K(8231360K), 0.0325590 secs] [Times: user=0.49 sys=0.00, real=0.03 secs] 
8506.741: [GC 8506.741: [ParNew: 1358787K->119366K(1415616K), 0.0360500 secs] 2989491K->1750070K(8231360K), 0.0362710 secs] [Times: user=0.57 sys=0.00, real=0.04 secs] 
8507.097: [GC 8507.097: [ParNew: 1377734K->114345K(1415616K), 0.0391840 secs] 3008438K->1745049K(8231360K), 0.0394090 secs] [Times: user=0.61 sys=0.00, real=0.04 secs] 
8508.253: [GC 8508.254: [ParNew: 1372713K->114414K(1415616K), 0.0456830 secs] 3003417K->1745118K(8231360K), 0.0459020 secs] [Times: user=0.70 sys=0.02, real=0.05 secs] 
8509.742: [GC 8509.743: [ParNew: 1372782K->85064K(1415616K), 0.0919760 secs] 3003486K->1743531K(8231360K), 0.0922020 secs] [Times: user=0.70 sys=0.08, real=0.10 secs] 
8510.130: [GC 8510.131: [ParNew: 1343432K->84091K(1415616K), 0.0282750 secs] 3001899K->1742557K(8231360K), 0.0284920 secs] [Times: user=0.43 sys=0.00, real=0.03 secs] 
8511.014: [GC 8511.014: [ParNew: 1342459K->91550K(1415616K), 0.0312820 secs] 3000925K->1750017K(8231360K), 0.0314960 secs] [Times: user=0.49 sys=0.00, real=0.04 secs] 
8513.197: [GC 8513.197: [ParNew: 1349918K->109555K(1415616K), 0.0345630 secs] 3008385K->1768021K(8231360K), 0.0347820 secs] [Times: user=0.54 sys=0.00, real=0.03 secs] 
8516.382: [GC 8516.382: [ParNew: 1367923K->122285K(1415616K), 0.0368720 secs] 3026389K->1780752K(8231360K), 0.0370900 secs] [Times: user=0.56 sys=0.02, real=0.04 secs] 
8519.379: [GC 8519.379: [ParNew: 1380653K->95344K(1415616K), 0.0412050 secs] 3039120K->1753811K(8231360K), 0.0414210 secs] [Times: user=0.63 sys=0.01, real=0.04 secs] 
8521.144: [GC 8521.144: [ParNew: 1353712K->97025K(1415616K), 0.0389260 secs] 3012179K->1755492K(8231360K), 0.0391470 secs] [Times: user=0.59 sys=0.01, real=0.04 secs] 
8521.581: [GC 8521.581: [ParNew: 1355393K->112337K(1415616K), 0.0360320 secs] 3013860K->1770804K(8231360K), 0.0362480 secs] [Times: user=0.56 sys=0.00, real=0.04 secs] 
8522.496: [GC 8522.496: [ParNew: 1370705K->132812K(1415616K), 0.0406220 secs] 3029172K->1791278K(8231360K), 0.0408590 secs] [Times: user=0.63 sys=0.02, real=0.05 secs] 
8524.580: [GC 8524.580: [ParNew: 1391180K->90397K(1415616K), 0.0551490 secs] 3049646K->1761015K(8231360K), 0.0553640 secs] [Times: user=0.67 sys=0.03, real=0.05 secs] 
8525.990: [GC 8525.990: [ParNew: 1348765K->96854K(1415616K), 0.0390940 secs] 3019383K->1767472K(8231360K), 0.0393040 secs] [Times: user=0.59 sys=0.02, real=0.04 secs] 
8526.768: [GC 8526.768: [ParNew: 1355222K->99287K(1415616K), 0.0328320 secs] 3025840K->1769905K(8231360K), 0.0330450 secs] [Times: user=0.50 sys=0.01, real=0.04 secs] 
8527.125: [GC 8527.125: [ParNew: 1357655K->119293K(1415616K), 0.0326980 secs] 3028273K->1789911K(8231360K), 0.0329160 secs] [Times: user=0.50 sys=0.00, real=0.03 secs] 
8528.001: [GC 8528.001: [ParNew: 1377661K->107577K(1415616K), 0.0334320 secs] 3048279K->1778195K(8231360K), 0.0336520 secs] [Times: user=0.51 sys=0.01, real=0.03 secs] 
8528.875: [GC 8528.875: [ParNew: 1365945K->99146K(1415616K), 0.0347840 secs] 3036563K->1769764K(8231360K), 0.0350050 secs] [Times: user=0.54 sys=0.00, real=0.04 secs] 
8530.525: [GC 8530.525: [ParNew: 1357514K->110002K(1415616K), 0.0375320 secs] 3028132K->1780620K(8231360K), 0.0377490 secs] [Times: user=0.58 sys=0.01, real=0.04 secs] 
8531.058: [GC 8531.059: [ParNew: 1368370K->112658K(1415616K), 0.0350310 secs] 3038988K->1783276K(8231360K), 0.0352510 secs] [Times: user=0.54 sys=0.00, real=0.03 secs] 
8531.366: [GC 8531.366: [ParNew: 1371026K->94353K(1415616K), 0.0315740 secs] 3041644K->1764971K(8231360K), 0.0317890 secs] [Times: user=0.48 sys=0.01, real=0.03 secs] 
8531.681: [GC 8531.681: [ParNew: 1352721K->109688K(1415616K), 0.0365610 secs] 3023339K->1780306K(8231360K), 0.0367790 secs] [Times: user=0.57 sys=0.00, real=0.03 secs] 
8532.008: [GC 8532.008: [ParNew: 1368056K->109696K(1415616K), 0.0406920 secs] 3038674K->1780314K(8231360K), 0.0409060 secs] [Times: user=0.62 sys=0.00, real=0.04 secs] 
8533.018: [GC 8533.018: [ParNew: 1368064K->97048K(1415616K), 0.0346680 secs] 3038682K->1767666K(8231360K), 0.0348910 secs] [Times: user=0.54 sys=0.01, real=0.04 secs] 
8533.810: [GC 8533.810: [ParNew: 1355416K->101414K(1415616K), 0.0387220 secs] 3026034K->1772032K(8231360K), 0.0389360 secs] [Times: user=0.59 sys=0.01, real=0.03 secs] 
8535.997: [GC 8535.998: [ParNew: 1359782K->122148K(1415616K), 0.0437440 secs] 3030400K->1792766K(8231360K), 0.0440540 secs] [Times: user=0.68 sys=0.00, real=0.05 secs] 
8539.295: [GC 8539.296: [ParNew: 1380516K->116310K(1415616K), 0.0458410 secs] 3051134K->1786928K(8231360K), 0.0460840 secs] [Times: user=0.72 sys=0.01, real=0.05 secs] 
8540.997: [GC 8540.997: [ParNew: 1374678K->79710K(1415616K), 0.1251440 secs] 3045296K->1787105K(8231360K), 0.1253690 secs] [Times: user=0.81 sys=0.10, real=0.13 secs] 
8542.402: [GC 8542.402: [ParNew: 1338078K->71813K(1415616K), 0.0219590 secs] 3045473K->1779207K(8231360K), 0.0221660 secs] [Times: user=0.33 sys=0.00, real=0.02 secs] 
8543.802: [GC 8543.802: [ParNew: 1330181K->72209K(1415616K), 0.0225740 secs] 3037575K->1779604K(8231360K), 0.0227910 secs] [Times: user=0.35 sys=0.00, real=0.02 secs] 
8545.593: [GC 8545.593: [ParNew: 1330577K->72490K(1415616K), 0.0243480 secs] 3037972K->1779885K(8231360K), 0.0245580 secs] [Times: user=0.38 sys=0.00, real=0.02 secs] 
8547.983: [GC 8547.983: [ParNew: 1330858K->87126K(1415616K), 0.0267670 secs] 3038253K->1794520K(8231360K), 0.0269850 secs] [Times: user=0.41 sys=0.01, real=0.02 secs] 
8549.787: [GC 8549.787: [ParNew: 1345494K->91298K(1415616K), 0.0298530 secs] 3052888K->1798692K(8231360K), 0.0300710 secs] [Times: user=0.46 sys=0.02, real=0.03 secs] 
8551.126: [GC 8551.126: [ParNew: 1349666K->102582K(1415616K), 0.0344040 secs] 3057060K->1809977K(8231360K), 0.0346240 secs] [Times: user=0.54 sys=0.00, real=0.03 secs] 
8551.430: [GC 8551.430: [ParNew: 1360950K->92307K(1415616K), 0.0311220 secs] 3068345K->1799702K(8231360K), 0.0313480 secs] [Times: user=0.48 sys=0.00, real=0.03 secs] 
8551.731: [GC 8551.731: [ParNew: 1350675K->85438K(1415616K), 0.0298720 secs] 3058070K->1792833K(8231360K), 0.0300880 secs] [Times: user=0.46 sys=0.01, real=0.03 secs] 
8552.030: [GC 8552.030: [ParNew: 1343806K->89360K(1415616K), 0.0310980 secs] 3051201K->1796755K(8231360K), 0.0313120 secs] [Times: user=0.48 sys=0.01, real=0.03 secs] 
8552.331: [GC 8552.331: [ParNew: 1347728K->77320K(1415616K), 0.0263550 secs] 3055123K->1784714K(8231360K), 0.0265710 secs] [Times: user=0.40 sys=0.01, real=0.03 secs] 
8552.622: [GC 8552.623: [ParNew: 1335688K->100200K(1415616K), 0.0312690 secs] 3043082K->1807595K(8231360K), 0.0314890 secs] [Times: user=0.49 sys=0.00, real=0.04 secs] 
8552.923: [GC 8552.923: [ParNew: 1358568K->91046K(1415616K), 0.0296640 secs] 3065963K->1798440K(8231360K), 0.0298820 secs] [Times: user=0.46 sys=0.01, real=0.04 secs] 
8553.232: [GC 8553.232: [ParNew: 1349414K->93318K(1415616K), 0.0366620 secs] 3056808K->1800712K(8231360K), 0.0368770 secs] [Times: user=0.57 sys=0.00, real=0.04 secs] 
8553.592: [GC 8553.592: [ParNew: 1351686K->99220K(1415616K), 0.0339570 secs] 3059080K->1806614K(8231360K), 0.0341720 secs] [Times: user=0.52 sys=0.02, real=0.04 secs] 
8554.178: [GC 8554.178: [ParNew: 1357588K->96996K(1415616K), 0.0352300 secs] 3064982K->1804391K(8231360K), 0.0354470 secs] [Times: user=0.55 sys=0.01, real=0.04 secs] 
8556.581: [GC 8556.581: [ParNew: 1355364K->104536K(1415616K), 0.0378020 secs] 3062759K->1811930K(8231360K), 0.0380160 secs] [Times: user=0.58 sys=0.01, real=0.04 secs] 
8559.076: [GC 8559.076: [ParNew: 1362904K->113235K(1415616K), 0.0386370 secs] 3070298K->1820629K(8231360K), 0.0388530 secs] [Times: user=0.59 sys=0.01, real=0.04 secs] 
8561.857: [GC 8561.857: [ParNew: 1371603K->113595K(1415616K), 0.0357450 secs] 3078997K->1820990K(8231360K), 0.0359670 secs] [Times: user=0.56 sys=0.00, real=0.03 secs] 
8565.785: [GC 8565.786: [ParNew: 1371963K->91911K(1415616K), 0.0466160 secs] 3079358K->1799306K(8231360K), 0.0468340 secs] [Times: user=0.71 sys=0.01, real=0.04 secs] 
8566.587: [GC 8566.587: [ParNew: 1350279K->121416K(1415616K), 0.0402200 secs] 3057674K->1828811K(8231360K), 0.0404420 secs] [Times: user=0.63 sys=0.00, real=0.04 secs] 
8566.986: [GC 8566.986: [ParNew: 1379784K->85439K(1415616K), 0.1198170 secs] 3087179K->1826848K(8231360K), 0.1200330 secs] [Times: user=0.68 sys=0.10, real=0.12 secs] 
8567.810: [GC 8567.811: [ParNew: 1343807K->65889K(1415616K), 0.0225750 secs] 3085216K->1807297K(8231360K), 0.0227940 secs] [Times: user=0.34 sys=0.01, real=0.02 secs] 
8568.406: [GC 8568.406: [ParNew: 1324257K->75365K(1415616K), 0.0221450 secs] 3065665K->1816774K(8231360K), 0.0223630 secs] [Times: user=0.33 sys=0.00, real=0.02 secs] 
8569.482: [GC 8569.482: [ParNew: 1333733K->95402K(1415616K), 0.0262060 secs] 3075142K->1836811K(8231360K), 0.0264260 secs] [Times: user=0.40 sys=0.00, real=0.03 secs] 
8569.964: [GC 8569.964: [ParNew: 1353770K->92220K(1415616K), 0.0287030 secs] 3095179K->1833629K(8231360K), 0.0289110 secs] [Times: user=0.43 sys=0.01, real=0.03 secs] 
8570.592: [GC 8570.592: [ParNew: 1350588K->113116K(1415616K), 0.0269900 secs] 3091997K->1854525K(8231360K), 0.0272070 secs] [Times: user=0.41 sys=0.00, real=0.03 secs] 
8572.124: [GC 8572.125: [ParNew: 1371484K->104086K(1415616K), 0.0300750 secs] 3112893K->1845495K(8231360K), 0.0302950 secs] [Times: user=0.47 sys=0.01, real=0.03 secs] 
8573.441: [GC 8573.441: [ParNew: 1362454K->117404K(1415616K), 0.0328900 secs] 3103863K->1858812K(8231360K), 0.0331080 secs] [Times: user=0.50 sys=0.00, real=0.03 secs] 
8575.491: [GC 8575.491: [ParNew: 1375772K->111051K(1415616K), 0.0371630 secs] 3117180K->1852460K(8231360K), 0.0373890 secs] [Times: user=0.57 sys=0.00, real=0.04 secs] 
8577.098: [GC 8577.098: [ParNew: 1369419K->100560K(1415616K), 0.0330980 secs] 3110828K->1841968K(8231360K), 0.0333080 secs] [Times: user=0.51 sys=0.01, real=0.03 secs] 
8579.399: [GC 8579.399: [ParNew: 1358928K->104545K(1415616K), 0.0347000 secs] 3100336K->1845953K(8231360K), 0.0349220 secs] [Times: user=0.53 sys=0.02, real=0.03 secs] 
8581.541: [GC 8581.541: [ParNew: 1362913K->106409K(1415616K), 0.0348980 secs] 3104321K->1847817K(8231360K), 0.0351190 secs] [Times: user=0.55 sys=0.00, real=0.03 secs] 
8581.865: [GC 8581.865: [ParNew: 1364777K->113815K(1415616K), 0.0378550 secs] 3106185K->1855223K(8231360K), 0.0380700 secs] [Times: user=0.58 sys=0.02, real=0.04 secs] 
8582.288: [GC 8582.288: [ParNew: 1372183K->121923K(1415616K), 0.0381860 secs] 3113591K->1863331K(8231360K), 0.0384000 secs] [Times: user=0.59 sys=0.00, real=0.03 secs] 
8583.041: [GC 8583.041: [ParNew: 1380291K->93850K(1415616K), 0.0652060 secs] 3121699K->1852885K(8231360K), 0.0654210 secs] [Times: user=0.66 sys=0.04, real=0.06 secs] 
8585.928: [GC 8585.928: [ParNew: 1352218K->95326K(1415616K), 0.0285380 secs] 3111253K->1854361K(8231360K), 0.0287640 secs] [Times: user=0.45 sys=0.00, real=0.03 secs] 
8586.638: [GC 8586.638: [ParNew: 1353694K->110583K(1415616K), 0.0310320 secs] 3112729K->1869618K(8231360K), 0.0312530 secs] [Times: user=0.47 sys=0.01, real=0.03 secs] 
8587.199: [GC 8587.199: [ParNew: 1368951K->100630K(1415616K), 0.0326060 secs] 3127986K->1859665K(8231360K), 0.0328320 secs] [Times: user=0.49 sys=0.01, real=0.04 secs] 
8589.579: [GC 8589.580: [ParNew: 1358998K->103040K(1415616K), 0.0331280 secs] 3118033K->1862074K(8231360K), 0.0333440 secs] [Times: user=0.51 sys=0.01, real=0.03 secs] 
8590.946: [GC 8590.946: [ParNew: 1361408K->128830K(1415616K), 0.0336900 secs] 3120442K->1887865K(8231360K), 0.0339130 secs] [Times: user=0.52 sys=0.01, real=0.03 secs] 
8591.247: [GC 8591.247: [ParNew: 1387198K->100287K(1415616K), 0.0370960 secs] 3146233K->1859321K(8231360K), 0.0373110 secs] [Times: user=0.57 sys=0.01, real=0.04 secs] 
8591.614: [GC 8591.614: [ParNew: 1358655K->96875K(1415616K), 0.0323060 secs] 3117689K->1855910K(8231360K), 0.0325170 secs] [Times: user=0.50 sys=0.00, real=0.03 secs] 
8594.131: [GC 8594.131: [ParNew: 1355243K->89778K(1415616K), 0.0403480 secs] 3114278K->1848813K(8231360K), 0.0405730 secs] [Times: user=0.62 sys=0.01, real=0.04 secs] 
8596.414: [GC 8596.414: [ParNew: 1348146K->90009K(1415616K), 0.0313590 secs] 3107181K->1849043K(8231360K), 0.0315740 secs] [Times: user=0.48 sys=0.00, real=0.03 secs] 
8598.983: [GC 8598.983: [ParNew: 1348377K->88986K(1415616K), 0.0322690 secs] 3107411K->1848021K(8231360K), 0.0324870 secs] [Times: user=0.49 sys=0.01, real=0.03 secs] 
8600.978: [GC 8600.978: [ParNew: 1347354K->97871K(1415616K), 0.0338990 secs] 3106389K->1856906K(8231360K), 0.0341130 secs] [Times: user=0.52 sys=0.00, real=0.04 secs] 
8603.388: [GC 8603.388: [ParNew: 1356239K->106229K(1415616K), 0.0360790 secs] 3115274K->1865264K(8231360K), 0.0362940 secs] [Times: user=0.56 sys=0.00, real=0.04 secs] 
8604.213: [GC 8604.213: [ParNew: 1364597K->105090K(1415616K), 0.0397290 secs] 3123632K->1864125K(8231360K), 0.0399660 secs] [Times: user=0.61 sys=0.01, real=0.04 secs] 
8605.633: [GC 8605.634: [ParNew: 1363458K->93492K(1415616K), 0.0336290 secs] 3122493K->1852527K(8231360K), 0.0338530 secs] [Times: user=0.52 sys=0.01, real=0.03 secs] 
8606.774: [GC 8606.775: [ParNew: 1351860K->110682K(1415616K), 0.0416690 secs] 3110895K->1869717K(8231360K), 0.0418790 secs] [Times: user=0.64 sys=0.01, real=0.04 secs] 
8607.582: [GC 8607.583: [ParNew: 1369050K->107455K(1415616K), 0.0375370 secs] 3128085K->1866490K(8231360K), 0.0377460 secs] [Times: user=0.58 sys=0.01, real=0.04 secs] 
8610.938: [GC 8610.938: [ParNew: 1365823K->79123K(1415616K), 0.1146060 secs] 3124858K->1872481K(8231360K), 0.1148310 secs] [Times: user=0.65 sys=0.08, real=0.11 secs] 
8611.321: [GC 8611.321: [ParNew: 1337491K->74871K(1415616K), 0.0235620 secs] 3130849K->1868228K(8231360K), 0.0237690 secs] [Times: user=0.35 sys=0.01, real=0.03 secs] 
8611.614: [GC 8611.614: [ParNew: 1333239K->67042K(1415616K), 0.0221970 secs] 3126596K->1860400K(8231360K), 0.0224100 secs] [Times: user=0.34 sys=0.01, real=0.03 secs] 
8612.774: [GC 8612.774: [ParNew: 1325410K->73093K(1415616K), 0.0263270 secs] 3118768K->1866450K(8231360K), 0.0265390 secs] [Times: user=0.40 sys=0.01, real=0.02 secs] 
8614.999: [GC 8614.999: [ParNew: 1331461K->83279K(1415616K), 0.0244620 secs] 3124818K->1876636K(8231360K), 0.0246820 secs] [Times: user=0.38 sys=0.00, real=0.02 secs] 
8616.802: [GC 8616.802: [ParNew: 1341647K->85211K(1415616K), 0.0276060 secs] 3135004K->1878568K(8231360K), 0.0278240 secs] [Times: user=0.42 sys=0.00, real=0.03 secs] 
8619.395: [GC 8619.395: [ParNew: 1343579K->96811K(1415616K), 0.0316320 secs] 3136936K->1890169K(8231360K), 0.0318540 secs] [Times: user=0.50 sys=0.01, real=0.03 secs] 
8621.400: [GC 8621.400: [ParNew: 1355179K->79114K(1415616K), 0.0326200 secs] 3148537K->1872472K(8231360K), 0.0328410 secs] [Times: user=0.49 sys=0.00, real=0.03 secs] 
8623.173: [GC 8623.173: [ParNew: 1337482K->92899K(1415616K), 0.0335100 secs] 3130840K->1886256K(8231360K), 0.0338260 secs] [Times: user=0.51 sys=0.01, real=0.04 secs] 
8625.474: [GC 8625.474: [ParNew: 1351267K->102072K(1415616K), 0.0364550 secs] 3144624K->1895429K(8231360K), 0.0366650 secs] [Times: user=0.54 sys=0.01, real=0.04 secs] 
8626.264: [GC 8626.265: [ParNew: 1360440K->110739K(1415616K), 0.0404170 secs] 3153797K->1904097K(8231360K), 0.0406320 secs] [Times: user=0.62 sys=0.01, real=0.04 secs] 
8626.652: [GC 8626.652: [ParNew: 1369107K->112077K(1415616K), 0.0361540 secs] 3162465K->1905435K(8231360K), 0.0363730 secs] [Times: user=0.57 sys=0.01, real=0.04 secs] 
8627.587: [GC 8627.588: [ParNew: 1370445K->124941K(1415616K), 0.0427760 secs] 3163803K->1918298K(8231360K), 0.0429910 secs] [Times: user=0.67 sys=0.00, real=0.04 secs] 
8628.581: [GC 8628.581: [ParNew: 1383309K->96854K(1415616K), 0.0739490 secs] 3176666K->1910695K(8231360K), 0.0741630 secs] [Times: user=0.70 sys=0.07, real=0.07 secs] 
8629.352: [GC 8629.352: [ParNew: 1355222K->109816K(1415616K), 0.0401490 secs] 3169063K->1923658K(8231360K), 0.0403680 secs] [Times: user=0.61 sys=0.03, real=0.04 secs] 
8630.351: [GC 8630.351: [ParNew: 1368184K->122278K(1415616K), 0.0315690 secs] 3182026K->1936119K(8231360K), 0.0317810 secs] [Times: user=0.49 sys=0.00, real=0.03 secs] 
8632.334: [GC 8632.334: [ParNew: 1380646K->120232K(1415616K), 0.0387080 secs] 3194487K->1934074K(8231360K), 0.0389120 secs] [Times: user=0.59 sys=0.01, real=0.04 secs] 
8633.987: [GC 8633.987: [ParNew: 1378600K->109213K(1415616K), 0.0418450 secs] 3192442K->1927512K(8231360K), 0.0420570 secs] [Times: user=0.60 sys=0.01, real=0.05 secs] 
8636.597: [GC 8636.597: [ParNew: 1367581K->99307K(1415616K), 0.0429220 secs] 3185880K->1919238K(8231360K), 0.0431320 secs] [Times: user=0.64 sys=0.01, real=0.05 secs] 
8638.795: [GC 8638.795: [ParNew: 1357675K->97819K(1415616K), 0.0382140 secs] 3177606K->1917750K(8231360K), 0.0384370 secs] [Times: user=0.59 sys=0.02, real=0.04 secs] 
8640.783: [GC 8640.783: [ParNew: 1356187K->81678K(1415616K), 0.0310660 secs] 3176118K->1901608K(8231360K), 0.0312820 secs] [Times: user=0.48 sys=0.01, real=0.03 secs] 
8641.776: [GC 8641.776: [ParNew: 1340046K->120367K(1415616K), 0.0358490 secs] 3159976K->1940297K(8231360K), 0.0360810 secs] [Times: user=0.56 sys=0.01, real=0.04 secs] 
8642.123: [GC 8642.123: [ParNew: 1378735K->124829K(1415616K), 0.0380150 secs] 3198665K->1944760K(8231360K), 0.0382480 secs] [Times: user=0.59 sys=0.00, real=0.04 secs] 
8642.500: [GC 8642.500: [ParNew: 1383197K->109009K(1415616K), 0.0514820 secs] 3203128K->1938459K(8231360K), 0.0517160 secs] [Times: user=0.65 sys=0.03, real=0.05 secs] 
8642.886: [GC 8642.886: [ParNew: 1367377K->120164K(1415616K), 0.0390970 secs] 3196827K->1949614K(8231360K), 0.0393640 secs] [Times: user=0.59 sys=0.02, real=0.04 secs] 
8643.979: [GC 8643.980: [ParNew: 1378532K->107738K(1415616K), 0.0426580 secs] 3207982K->1942147K(8231360K), 0.0428810 secs] [Times: user=0.59 sys=0.02, real=0.05 secs] 
8646.183: [GC 8646.183: [ParNew: 1366106K->108306K(1415616K), 0.0335490 secs] 3200515K->1942715K(8231360K), 0.0337690 secs] [Times: user=0.52 sys=0.00, real=0.03 secs] 
8646.726: [GC 8646.726: [ParNew: 1366674K->118798K(1415616K), 0.0360320 secs] 3201083K->1953207K(8231360K), 0.0362650 secs] [Times: user=0.55 sys=0.01, real=0.04 secs] 
8647.160: [GC 8647.160: [ParNew: 1377166K->92796K(1415616K), 0.0473510 secs] 3211575K->1935159K(8231360K), 0.0475730 secs] [Times: user=0.64 sys=0.02, real=0.04 secs] 
8648.130: [GC 8648.130: [ParNew: 1351164K->99764K(1415616K), 0.0403820 secs] 3193527K->1942127K(8231360K), 0.0406110 secs] [Times: user=0.62 sys=0.01, real=0.05 secs] 
8650.079: [GC 8650.079: [ParNew: 1358132K->118147K(1415616K), 0.0349850 secs] 3200495K->1960511K(8231360K), 0.0352130 secs] [Times: user=0.53 sys=0.01, real=0.04 secs] 
8651.022: [GC 8651.022: [ParNew: 1376515K->101471K(1415616K), 0.0307610 secs] 3218879K->1943835K(8231360K), 0.0309790 secs] [Times: user=0.47 sys=0.00, real=0.03 secs] 
8651.327: [GC 8651.327: [ParNew: 1359839K->107442K(1415616K), 0.0325720 secs] 3202203K->1949805K(8231360K), 0.0327840 secs] [Times: user=0.51 sys=0.00, real=0.03 secs] 
8653.452: [GC 8653.452: [ParNew: 1365810K->84309K(1415616K), 0.0370410 secs] 3208173K->1926672K(8231360K), 0.0372300 secs] [Times: user=0.56 sys=0.02, real=0.03 secs] 
8656.380: [GC 8656.380: [ParNew: 1342677K->88768K(1415616K), 0.0314610 secs] 3185040K->1931132K(8231360K), 0.0316760 secs] [Times: user=0.48 sys=0.02, real=0.04 secs] 
8658.384: [GC 8658.384: [ParNew: 1347136K->83351K(1415616K), 0.0327680 secs] 3189500K->1925715K(8231360K), 0.0329770 secs] [Times: user=0.50 sys=0.00, real=0.03 secs] 
8660.151: [GC 8660.151: [ParNew: 1341719K->101917K(1415616K), 0.0330020 secs] 3184083K->1944280K(8231360K), 0.0332210 secs] [Times: user=0.51 sys=0.02, real=0.04 secs] 
8663.051: [GC 8663.052: [ParNew: 1360285K->91765K(1415616K), 0.0319210 secs] 3202648K->1934128K(8231360K), 0.0321840 secs] [Times: user=0.49 sys=0.01, real=0.04 secs] 
8664.877: [GC 8664.878: [ParNew: 1350133K->97590K(1415616K), 0.0370760 secs] 3192496K->1939954K(8231360K), 0.0372880 secs] [Times: user=0.58 sys=0.00, real=0.04 secs] 
8666.504: [GC 8666.504: [ParNew: 1355958K->109418K(1415616K), 0.0306610 secs] 3198322K->1951781K(8231360K), 0.0308770 secs] [Times: user=0.47 sys=0.00, real=0.03 secs] 
8668.402: [GC 8668.402: [ParNew: 1367786K->108412K(1415616K), 0.0362730 secs] 3210149K->1950775K(8231360K), 0.0364930 secs] [Times: user=0.55 sys=0.02, real=0.04 secs] 
8669.896: [GC 8669.896: [ParNew: 1366780K->103612K(1415616K), 0.0342970 secs] 3209143K->1945976K(8231360K), 0.0345220 secs] [Times: user=0.53 sys=0.00, real=0.03 secs] 
8671.147: [GC 8671.147: [ParNew: 1361980K->110628K(1415616K), 0.0430690 secs] 3204344K->1952991K(8231360K), 0.0432900 secs] [Times: user=0.66 sys=0.01, real=0.04 secs] 
8671.459: [GC 8671.459: [ParNew: 1368996K->78603K(1415616K), 0.1055290 secs] 3211359K->1954004K(8231360K), 0.1057510 secs] [Times: user=0.68 sys=0.09, real=0.11 secs] 
8671.835: [GC 8671.835: [ParNew: 1336971K->71742K(1415616K), 0.0202470 secs] 3212372K->1947143K(8231360K), 0.0204580 secs] [Times: user=0.30 sys=0.02, real=0.02 secs] 
8672.125: [GC 8672.125: [ParNew: 1330110K->67504K(1415616K), 0.0228650 secs] 3205511K->1942905K(8231360K), 0.0231140 secs] [Times: user=0.35 sys=0.00, real=0.02 secs] 
8672.417: [GC 8672.417: [ParNew: 1325872K->70617K(1415616K), 0.0231550 secs] 3201273K->1946018K(8231360K), 0.0233680 secs] [Times: user=0.35 sys=0.00, real=0.02 secs] 
8672.706: [GC 8672.706: [ParNew: 1328985K->63224K(1415616K), 0.0236080 secs] 3204386K->1938625K(8231360K), 0.0238200 secs] [Times: user=0.37 sys=0.00, real=0.02 secs] 
8672.996: [GC 8672.996: [ParNew: 1321592K->74656K(1415616K), 0.0244200 secs] 3196993K->1950057K(8231360K), 0.0246330 secs] [Times: user=0.38 sys=0.00, real=0.02 secs] 
8673.300: [GC 8673.300: [ParNew: 1333024K->79578K(1415616K), 0.0270620 secs] 3208425K->1954979K(8231360K), 0.0272780 secs] [Times: user=0.41 sys=0.01, real=0.03 secs] 
8673.637: [GC 8673.637: [ParNew: 1337946K->74608K(1415616K), 0.0272450 secs] 3213347K->1950009K(8231360K), 0.0274700 secs] [Times: user=0.41 sys=0.01, real=0.02 secs] 
8674.062: [GC 8674.062: [ParNew: 1332976K->72821K(1415616K), 0.0247190 secs] 3208377K->1948222K(8231360K), 0.0249380 secs] [Times: user=0.37 sys=0.00, real=0.03 secs] 
8674.576: [GC 8674.576: [ParNew: 1331189K->83807K(1415616K), 0.0249590 secs] 3206590K->1959208K(8231360K), 0.0251710 secs] [Times: user=0.38 sys=0.00, real=0.02 secs] 
8676.017: [GC 8676.017: [ParNew: 1342175K->72525K(1415616K), 0.0275320 secs] 3217576K->1947926K(8231360K), 0.0277510 secs] [Times: user=0.41 sys=0.02, real=0.03 secs] 
8678.176: [GC 8678.176: [ParNew: 1330893K->80860K(1415616K), 0.0299040 secs] 3206294K->1956261K(8231360K), 0.0301290 secs] [Times: user=0.47 sys=0.00, real=0.04 secs] 
8680.402: [GC 8680.402: [ParNew: 1335702K->93863K(1415616K), 0.0304500 secs] 3211103K->1969264K(8231360K), 0.0306690 secs] [Times: user=0.47 sys=0.00, real=0.03 secs] 
8682.177: [GC 8682.177: [ParNew: 1352231K->95003K(1415616K), 0.0286490 secs] 3227632K->1970404K(8231360K), 0.0288700 secs] [Times: user=0.43 sys=0.00, real=0.02 secs] 
8683.600: [GC 8683.601: [ParNew: 1353371K->87391K(1415616K), 0.0330190 secs] 3228772K->1962792K(8231360K), 0.0332450 secs] [Times: user=0.49 sys=0.00, real=0.03 secs] 
8685.125: [GC 8685.125: [ParNew: 1345759K->93231K(1415616K), 0.0362900 secs] 3221160K->1968632K(8231360K), 0.0365150 secs] [Times: user=0.57 sys=0.00, real=0.04 secs] 
8686.281: [GC 8686.281: [ParNew: 1351599K->109320K(1415616K), 0.0392820 secs] 3227000K->1984721K(8231360K), 0.0395050 secs] [Times: user=0.60 sys=0.01, real=0.04 secs] 
8686.848: [GC 8686.848: [ParNew: 1367688K->116521K(1415616K), 0.0397430 secs] 3243089K->1991922K(8231360K), 0.0399740 secs] [Times: user=0.62 sys=0.01, real=0.04 secs] 
8687.231: [GC 8687.231: [ParNew: 1374889K->117886K(1415616K), 0.0389020 secs] 3250290K->1993287K(8231360K), 0.0391230 secs] [Times: user=0.60 sys=0.01, real=0.04 secs] 
8688.451: [GC 8688.451: [ParNew: 1376254K->84094K(1415616K), 0.0781820 secs] 3251655K->1981914K(8231360K), 0.0784130 secs] [Times: user=0.62 sys=0.07, real=0.08 secs] 
8689.205: [GC 8689.205: [ParNew: 1342462K->98143K(1415616K), 0.0272270 secs] 3240282K->1995963K(8231360K), 0.0274570 secs] [Times: user=0.42 sys=0.00, real=0.03 secs] 
8690.259: [GC 8690.259: [ParNew: 1356511K->102390K(1415616K), 0.0355870 secs] 3254331K->2000210K(8231360K), 0.0358000 secs] [Times: user=0.54 sys=0.01, real=0.03 secs] 
8690.887: [GC 8690.887: [ParNew: 1360758K->133503K(1415616K), 0.0338510 secs] 3258578K->2031323K(8231360K), 0.0340970 secs] [Times: user=0.51 sys=0.00, real=0.04 secs] 
8691.191: [GC 8691.191: [ParNew: 1391871K->96971K(1415616K), 0.0300040 secs] 3289691K->1994791K(8231360K), 0.0302180 secs] [Times: user=0.47 sys=0.00, real=0.03 secs] 
8691.489: [GC 8691.489: [ParNew: 1355339K->123636K(1415616K), 0.0280700 secs] 3253159K->2021456K(8231360K), 0.0282890 secs] [Times: user=0.43 sys=0.00, real=0.02 secs] 
8692.013: [GC 8692.013: [ParNew: 1382004K->120471K(1415616K), 0.0350240 secs] 3279824K->2018291K(8231360K), 0.0352580 secs] [Times: user=0.54 sys=0.00, real=0.04 secs] 
8693.643: [GC 8693.643: [ParNew: 1378839K->115168K(1415616K), 0.0339910 secs] 3276659K->2012988K(8231360K), 0.0342160 secs] [Times: user=0.53 sys=0.00, real=0.03 secs] 
8696.822: [GC 8696.822: [ParNew: 1373536K->90218K(1415616K), 0.0546640 secs] 3271356K->1999038K(8231360K), 0.0548900 secs] [Times: user=0.65 sys=0.04, real=0.05 secs] 
8699.491: [GC 8699.491: [ParNew: 1348586K->82136K(1415616K), 0.0312060 secs] 3257406K->1990955K(8231360K), 0.0314370 secs] [Times: user=0.48 sys=0.00, real=0.03 secs] 
8701.212: [GC 8701.212: [ParNew: 1340504K->83691K(1415616K), 0.0344870 secs] 3249323K->1992510K(8231360K), 0.0347160 secs] [Times: user=0.53 sys=0.01, real=0.03 secs] 
8701.722: [GC 8701.722: [ParNew: 1342059K->100228K(1415616K), 0.0386900 secs] 3250878K->2009048K(8231360K), 0.0389070 secs] [Times: user=0.59 sys=0.01, real=0.04 secs] 
8702.112: [GC 8702.112: [ParNew: 1358596K->120006K(1415616K), 0.0327960 secs] 3267416K->2028825K(8231360K), 0.0330310 secs] [Times: user=0.51 sys=0.00, real=0.03 secs] 
8702.600: [GC 8702.600: [ParNew: 1378374K->132061K(1415616K), 0.0471540 secs] 3287193K->2040880K(8231360K), 0.0473700 secs] [Times: user=0.72 sys=0.02, real=0.04 secs] 
8704.848: [GC 8704.848: [ParNew: 1390429K->93024K(1415616K), 0.0552680 secs] 3299248K->2015275K(8231360K), 0.0554950 secs] [Times: user=0.59 sys=0.03, real=0.06 secs] 
8705.618: [GC 8705.618: [ParNew: 1351392K->100144K(1415616K), 0.0290090 secs] 3273643K->2022395K(8231360K), 0.0292330 secs] [Times: user=0.44 sys=0.02, real=0.03 secs] 
8706.716: [GC 8706.716: [ParNew: 1358512K->108462K(1415616K), 0.0319970 secs] 3280763K->2030713K(8231360K), 0.0322250 secs] [Times: user=0.49 sys=0.01, real=0.03 secs] 
8707.123: [GC 8707.123: [ParNew: 1366830K->108622K(1415616K), 0.0318290 secs] 3289081K->2030873K(8231360K), 0.0320500 secs] [Times: user=0.49 sys=0.01, real=0.03 secs] 
8707.594: [GC 8707.595: [ParNew: 1366990K->111020K(1415616K), 0.0336380 secs] 3289241K->2033271K(8231360K), 0.0338530 secs] [Times: user=0.52 sys=0.00, real=0.03 secs] 
8708.596: [GC 8708.596: [ParNew: 1369388K->104098K(1415616K), 0.0352760 secs] 3291639K->2026349K(8231360K), 0.0354940 secs] [Times: user=0.55 sys=0.00, real=0.04 secs] 
8709.991: [GC 8709.991: [ParNew: 1362466K->116657K(1415616K), 0.0322700 secs] 3284717K->2038907K(8231360K), 0.0324900 secs] [Times: user=0.50 sys=0.00, real=0.04 secs] 
8710.931: [GC 8710.931: [ParNew: 1375025K->90530K(1415616K), 0.0569500 secs] 3297275K->2024424K(8231360K), 0.0571730 secs] [Times: user=0.69 sys=0.04, real=0.06 secs] 
8711.266: [GC 8711.266: [ParNew: 1348898K->106937K(1415616K), 0.0291920 secs] 3282792K->2040832K(8231360K), 0.0294090 secs] [Times: user=0.45 sys=0.01, real=0.03 secs] 
8712.177: [GC 8712.177: [ParNew: 1365305K->90703K(1415616K), 0.0325030 secs] 3299200K->2024597K(8231360K), 0.0327300 secs] [Times: user=0.50 sys=0.01, real=0.03 secs] 
8713.590: [GC 8713.590: [ParNew: 1349071K->93426K(1415616K), 0.0306630 secs] 3282965K->2027320K(8231360K), 0.0308850 secs] [Times: user=0.48 sys=0.00, real=0.03 secs] 
8714.938: [GC 8714.938: [ParNew: 1351794K->104115K(1415616K), 0.0287230 secs] 3285688K->2038010K(8231360K), 0.0289380 secs] [Times: user=0.44 sys=0.01, real=0.03 secs] 
8717.380: [GC 8717.380: [ParNew: 1362483K->97479K(1415616K), 0.0342880 secs] 3296378K->2031373K(8231360K), 0.0345060 secs] [Times: user=0.52 sys=0.02, real=0.04 secs] 
8720.074: [GC 8720.074: [ParNew: 1355847K->88280K(1415616K), 0.0345840 secs] 3289741K->2022175K(8231360K), 0.0348110 secs] [Times: user=0.52 sys=0.02, real=0.03 secs] 
8723.501: [GC 8723.501: [ParNew: 1346648K->91621K(1415616K), 0.0319300 secs] 3280543K->2025516K(8231360K), 0.0321520 secs] [Times: user=0.49 sys=0.01, real=0.03 secs] 
8726.398: [GC 8726.398: [ParNew: 1349989K->86383K(1415616K), 0.0304890 secs] 3283884K->2020278K(8231360K), 0.0307110 secs] [Times: user=0.47 sys=0.00, real=0.03 secs] 
8727.979: [GC 8727.979: [ParNew: 1344751K->92721K(1415616K), 0.0433580 secs] 3278646K->2026616K(8231360K), 0.0435750 secs] [Times: user=0.61 sys=0.00, real=0.04 secs] 
8729.490: [GC 8729.490: [ParNew: 1351089K->108321K(1415616K), 0.0365310 secs] 3284984K->2042215K(8231360K), 0.0367540 secs] [Times: user=0.56 sys=0.00, real=0.04 secs] 
8730.813: [GC 8730.813: [ParNew: 1366689K->111878K(1415616K), 0.0338240 secs] 3300583K->2045772K(8231360K), 0.0340460 secs] [Times: user=0.52 sys=0.00, real=0.04 secs] 
8731.196: [GC 8731.197: [ParNew: 1370246K->105046K(1415616K), 0.0453720 secs] 3304140K->2038940K(8231360K), 0.0455930 secs] [Times: user=0.70 sys=0.01, real=0.04 secs] 
8731.509: [GC 8731.509: [ParNew: 1363414K->106386K(1415616K), 0.0339090 secs] 3297308K->2040280K(8231360K), 0.0341340 secs] [Times: user=0.53 sys=0.00, real=0.03 secs] 
8731.831: [GC 8731.832: [ParNew: 1364754K->120222K(1415616K), 0.0456420 secs] 3298648K->2054116K(8231360K), 0.0458570 secs] [Times: user=0.70 sys=0.01, real=0.05 secs] 
8732.169: [GC 8732.169: [ParNew: 1378590K->78353K(1415616K), 0.1097280 secs] 3312484K->2043224K(8231360K), 0.1099610 secs] [Times: user=0.70 sys=0.11, real=0.11 secs] 
8732.691: [GC 8732.691: [ParNew: 1336721K->70403K(1415616K), 0.0206260 secs] 3301592K->2035274K(8231360K), 0.0208400 secs] [Times: user=0.31 sys=0.00, real=0.02 secs] 
8734.981: [GC 8734.981: [ParNew: 1328771K->77983K(1415616K), 0.0263320 secs] 3293642K->2042855K(8231360K), 0.0265470 secs] [Times: user=0.40 sys=0.00, real=0.03 secs] 
8739.274: [GC 8739.274: [ParNew: 1336351K->61260K(1415616K), 0.0250670 secs] 3301223K->2026131K(8231360K), 0.0252910 secs] [Times: user=0.38 sys=0.01, real=0.03 secs] 
8742.013: [GC 8742.013: [ParNew: 1319628K->60163K(1415616K), 0.0280100 secs] 3284499K->2025034K(8231360K), 0.0282290 secs] [Times: user=0.41 sys=0.01, real=0.03 secs] 
8743.457: [GC 8743.457: [ParNew: 1318531K->79932K(1415616K), 0.0296630 secs] 3283402K->2044804K(8231360K), 0.0298790 secs] [Times: user=0.45 sys=0.02, real=0.03 secs] 
8744.942: [GC 8744.942: [ParNew: 1338300K->87698K(1415616K), 0.0240160 secs] 3303172K->2052569K(8231360K), 0.0242340 secs] [Times: user=0.37 sys=0.01, real=0.02 secs] 
8746.061: [GC 8746.062: [ParNew: 1346066K->89426K(1415616K), 0.0342060 secs] 3310937K->2054298K(8231360K), 0.0344210 secs] [Times: user=0.52 sys=0.02, real=0.03 secs] 
8746.907: [GC 8746.907: [ParNew: 1347794K->106453K(1415616K), 0.0354930 secs] 3312666K->2071325K(8231360K), 0.0357100 secs] [Times: user=0.55 sys=0.00, real=0.04 secs] 
8747.305: [GC 8747.305: [ParNew: 1364821K->113516K(1415616K), 0.0355780 secs] 3329693K->2078387K(8231360K), 0.0357950 secs] [Times: user=0.52 sys=0.03, real=0.04 secs] 
8748.247: [GC 8748.247: [ParNew: 1371884K->113545K(1415616K), 0.0372370 secs] 3336755K->2078417K(8231360K), 0.0374570 secs] [Times: user=0.58 sys=0.01, real=0.04 secs] 
8748.910: [GC 8748.910: [ParNew: 1371913K->111422K(1415616K), 0.0364570 secs] 3336785K->2076293K(8231360K), 0.0366730 secs] [Times: user=0.56 sys=0.00, real=0.03 secs] 
8749.301: [GC 8749.302: [ParNew: 1369790K->97216K(1415616K), 0.0805390 secs] 3334661K->2083387K(8231360K), 0.0807550 secs] [Times: user=0.67 sys=0.09, real=0.08 secs] 
8750.397: [GC 8750.397: [ParNew: 1355584K->100327K(1415616K), 0.0362270 secs] 3341755K->2086498K(8231360K), 0.0364570 secs] [Times: user=0.56 sys=0.01, real=0.04 secs] 
8752.732: [GC 8752.732: [ParNew: 1358695K->119214K(1415616K), 0.0304720 secs] 3344866K->2105385K(8231360K), 0.0306860 secs] [Times: user=0.46 sys=0.01, real=0.03 secs] 
8753.989: [GC 8753.989: [ParNew: 1377582K->130037K(1415616K), 0.0373610 secs] 3363753K->2116208K(8231360K), 0.0375770 secs] [Times: user=0.57 sys=0.02, real=0.04 secs] 
8755.617: [GC 8755.617: [ParNew: 1388405K->96787K(1415616K), 0.0350410 secs] 3374576K->2082958K(8231360K), 0.0352610 secs] [Times: user=0.53 sys=0.02, real=0.04 secs] 
8756.795: [GC 8756.795: [ParNew: 1355155K->123499K(1415616K), 0.0335100 secs] 3341326K->2109670K(8231360K), 0.0337240 secs] [Times: user=0.52 sys=0.00, real=0.03 secs] 
8757.973: [GC 8757.973: [ParNew: 1381867K->106276K(1415616K), 0.0415280 secs] 3368038K->2092447K(8231360K), 0.0417520 secs] [Times: user=0.64 sys=0.01, real=0.04 secs] 
8759.963: [GC 8759.963: [ParNew: 1364644K->93439K(1415616K), 0.0367060 secs] 3350815K->2079610K(8231360K), 0.0369230 secs] [Times: user=0.57 sys=0.02, real=0.03 secs] 
8761.188: [GC 8761.188: [ParNew: 1351807K->117917K(1415616K), 0.0370360 secs] 3337978K->2104088K(8231360K), 0.0372530 secs] [Times: user=0.56 sys=0.00, real=0.04 secs] 
8761.839: [GC 8761.839: [ParNew: 1376285K->124762K(1415616K), 0.0369650 secs] 3362456K->2110933K(8231360K), 0.0371840 secs] [Times: user=0.58 sys=0.01, real=0.04 secs] 
8762.592: [GC 8762.592: [ParNew: 1383130K->93528K(1415616K), 0.0538410 secs] 3369301K->2091492K(8231360K), 0.0540710 secs] [Times: user=0.63 sys=0.04, real=0.06 secs] 
8765.590: [GC 8765.590: [ParNew: 1351896K->103117K(1415616K), 0.0383880 secs] 3349860K->2101082K(8231360K), 0.0386100 secs] [Times: user=0.59 sys=0.02, real=0.04 secs] 
8766.263: [GC 8766.263: [ParNew: 1361485K->110495K(1415616K), 0.0337610 secs] 3359450K->2108459K(8231360K), 0.0339810 secs] [Times: user=0.51 sys=0.01, real=0.03 secs] 
8767.202: [GC 8767.202: [ParNew: 1368863K->101762K(1415616K), 0.0316400 secs] 3366827K->2099726K(8231360K), 0.0318850 secs] [Times: user=0.50 sys=0.00, real=0.04 secs] 
8769.591: [GC 8769.591: [ParNew: 1360130K->116805K(1415616K), 0.0336340 secs] 3358095K->2114769K(8231360K), 0.0338500 secs] [Times: user=0.52 sys=0.01, real=0.04 secs] 
8769.626: [GC [1 CMS-initial-mark: 1997964K(6815744K)] 2114802K(8231360K), 0.1143650 secs] [Times: user=0.12 sys=0.00, real=0.11 secs] 
8769.741: [CMS-concurrent-mark-start]
8770.765: [CMS-concurrent-mark: 1.021/1.024 secs] [Times: user=4.16 sys=0.06, real=1.03 secs] 
8770.765: [CMS-concurrent-preclean-start]
8770.788: [CMS-concurrent-preclean: 0.023/0.023 secs] [Times: user=0.02 sys=0.00, real=0.02 secs] 
8770.788: [CMS-concurrent-abortable-preclean-start]
 CMS: abort preclean due to time 8775.908: [CMS-concurrent-abortable-preclean: 4.913/5.120 secs] [Times: user=5.25 sys=0.12, real=5.12 secs] 
8775.911: [GC[YG occupancy: 262875 K (1415616 K)]8775.911: [Rescan (parallel) , 0.0543770 secs]8775.965: [weak refs processing, 0.0003750 secs] [1 CMS-remark: 1997964K(6815744K)] 2260839K(8231360K), 0.0550260 secs] [Times: user=0.39 sys=0.02, real=0.06 secs] 
8775.966: [CMS-concurrent-sweep-start]
8778.226: [CMS-concurrent-sweep: 2.260/2.260 secs] [Times: user=2.42 sys=0.09, real=2.26 secs] 
8778.227: [CMS-concurrent-reset-start]
8778.255: [CMS-concurrent-reset: 0.028/0.028 secs] [Times: user=0.19 sys=0.01, real=0.03 secs] 
8778.474: [GC 8778.474: [ParNew: 1375173K->95070K(1415616K), 0.0474220 secs] 2116986K->836883K(8231360K), 0.0476480 secs] [Times: user=0.72 sys=0.02, real=0.05 secs] 
8778.790: [GC 8778.790: [ParNew: 1353438K->91162K(1415616K), 0.0341430 secs] 2095251K->832975K(8231360K), 0.0343710 secs] [Times: user=0.53 sys=0.00, real=0.04 secs] 
8779.102: [GC 8779.102: [ParNew: 1349530K->113695K(1415616K), 0.0337470 secs] 2091343K->855509K(8231360K), 0.0339610 secs] [Times: user=0.52 sys=0.01, real=0.04 secs] 
8779.498: [GC 8779.498: [ParNew: 1372063K->125041K(1415616K), 0.0380990 secs] 2113877K->866854K(8231360K), 0.0383120 secs] [Times: user=0.59 sys=0.00, real=0.04 secs] 
8779.932: [GC 8779.932: [ParNew: 1383409K->87413K(1415616K), 0.0769130 secs] 2125222K->851566K(8231360K), 0.0771090 secs] [Times: user=0.71 sys=0.04, real=0.08 secs] 
8780.407: [GC 8780.407: [ParNew: 1345781K->91275K(1415616K), 0.0367860 secs] 2109934K->855427K(8231360K), 0.0370040 secs] [Times: user=0.56 sys=0.01, real=0.03 secs] 
8780.866: [GC 8780.866: [ParNew: 1349643K->99143K(1415616K), 0.0385230 secs] 2113795K->863296K(8231360K), 0.0387380 secs] [Times: user=0.59 sys=0.01, real=0.04 secs] 
8781.308: [GC 8781.308: [ParNew: 1357511K->100935K(1415616K), 0.0353940 secs] 2121664K->865087K(8231360K), 0.0356130 secs] [Times: user=0.54 sys=0.02, real=0.03 secs] 
8781.742: [GC 8781.742: [ParNew: 1359303K->99321K(1415616K), 0.0428570 secs] 2123455K->863473K(8231360K), 0.0430750 secs] [Times: user=0.66 sys=0.01, real=0.04 secs] 
8782.203: [GC 8782.204: [ParNew: 1357689K->106561K(1415616K), 0.0440760 secs] 2121841K->870713K(8231360K), 0.0443000 secs] [Times: user=0.69 sys=0.00, real=0.05 secs] 
8783.603: [GC 8783.603: [ParNew: 1364929K->115105K(1415616K), 0.0474430 secs] 2129081K->879258K(8231360K), 0.0476530 secs] [Times: user=0.74 sys=0.00, real=0.05 secs] 
8785.176: [GC 8785.176: [ParNew: 1373473K->117129K(1415616K), 0.0483240 secs] 2137626K->881282K(8231360K), 0.0485470 secs] [Times: user=0.76 sys=0.01, real=0.04 secs] 
8786.585: [GC 8786.585: [ParNew: 1375497K->89598K(1415616K), 0.0800520 secs] 2139650K->870819K(8231360K), 0.0802690 secs] [Times: user=0.92 sys=0.00, real=0.08 secs] 
8788.778: [GC 8788.778: [ParNew: 1347966K->100854K(1415616K), 0.0466870 secs] 2129187K->882075K(8231360K), 0.0469050 secs] [Times: user=0.72 sys=0.00, real=0.04 secs] 
8791.084: [GC 8791.085: [ParNew: 1359222K->110808K(1415616K), 0.0478880 secs] 2140443K->892029K(8231360K), 0.0481120 secs] [Times: user=0.74 sys=0.02, real=0.05 secs] 
8791.398: [GC 8791.398: [ParNew: 1369176K->104543K(1415616K), 0.0409370 secs] 2150397K->885764K(8231360K), 0.0411540 secs] [Times: user=0.64 sys=0.02, real=0.04 secs] 
8791.706: [GC 8791.706: [ParNew: 1362911K->115460K(1415616K), 0.0447330 secs] 2144132K->896681K(8231360K), 0.0449500 secs] [Times: user=0.70 sys=0.01, real=0.05 secs] 
8792.016: [GC 8792.016: [ParNew: 1373828K->112542K(1415616K), 0.0473170 secs] 2155049K->893763K(8231360K), 0.0475340 secs] [Times: user=0.73 sys=0.01, real=0.05 secs] 
8792.330: [GC 8792.330: [ParNew: 1370910K->113203K(1415616K), 0.0431000 secs] 2152131K->894424K(8231360K), 0.0433370 secs] [Times: user=0.66 sys=0.00, real=0.04 secs] 
8792.640: [GC 8792.640: [ParNew: 1371571K->100069K(1415616K), 0.0395900 secs] 2152792K->881290K(8231360K), 0.0398080 secs] [Times: user=0.61 sys=0.00, real=0.04 secs] 
8792.945: [GC 8792.945: [ParNew: 1358437K->109468K(1415616K), 0.0446430 secs] 2139658K->890689K(8231360K), 0.0448560 secs] [Times: user=0.69 sys=0.01, real=0.05 secs] 
8793.263: [GC 8793.263: [ParNew: 1367836K->119521K(1415616K), 0.0449990 secs] 2149057K->900742K(8231360K), 0.0452140 secs] [Times: user=0.70 sys=0.00, real=0.05 secs] 
8793.599: [GC 8793.599: [ParNew: 1377889K->120297K(1415616K), 0.0465050 secs] 2159110K->901518K(8231360K), 0.0467240 secs] [Times: user=0.72 sys=0.00, real=0.04 secs] 
8797.185: [GC 8797.185: [ParNew: 1378665K->78518K(1415616K), 0.1120950 secs] 2159886K->894372K(8231360K), 0.1123090 secs] [Times: user=0.82 sys=0.08, real=0.11 secs] 
8799.999: [GC 8799.999: [ParNew: 1336886K->70831K(1415616K), 0.0244900 secs] 2152740K->886685K(8231360K), 0.0247000 secs] [Times: user=0.37 sys=0.01, real=0.02 secs] 
8801.515: [GC 8801.515: [ParNew: 1329199K->64149K(1415616K), 0.0226060 secs] 2145053K->880003K(8231360K), 0.0228170 secs] [Times: user=0.34 sys=0.00, real=0.02 secs] 
8804.047: [GC 8804.047: [ParNew: 1322517K->63643K(1415616K), 0.0245810 secs] 2138371K->879497K(8231360K), 0.0247920 secs] [Times: user=0.37 sys=0.02, real=0.03 secs] 
8805.074: [GC 8805.074: [ParNew: 1322011K->66556K(1415616K), 0.0267800 secs] 2137865K->882410K(8231360K), 0.0269890 secs] [Times: user=0.40 sys=0.00, real=0.03 secs] 
8806.029: [GC 8806.029: [ParNew: 1324924K->62456K(1415616K), 0.0218050 secs] 2140778K->878310K(8231360K), 0.0220080 secs] [Times: user=0.33 sys=0.00, real=0.03 secs] 
8806.594: [GC 8806.594: [ParNew: 1320824K->88111K(1415616K), 0.0287570 secs] 2136678K->903965K(8231360K), 0.0289610 secs] [Times: user=0.44 sys=0.00, real=0.03 secs] 
8807.034: [GC 8807.034: [ParNew: 1346479K->88662K(1415616K), 0.0340100 secs] 2162333K->904516K(8231360K), 0.0342150 secs] [Times: user=0.53 sys=0.01, real=0.03 secs] 
8807.950: [GC 8807.950: [ParNew: 1347030K->97100K(1415616K), 0.0308420 secs] 2162884K->912954K(8231360K), 0.0310490 secs] [Times: user=0.47 sys=0.01, real=0.03 secs] 
8809.062: [GC 8809.062: [ParNew: 1355468K->113588K(1415616K), 0.0369840 secs] 2171322K->929442K(8231360K), 0.0371990 secs] [Times: user=0.57 sys=0.01, real=0.03 secs] 
8809.770: [GC 8809.770: [ParNew: 1371956K->121444K(1415616K), 0.0365520 secs] 2187810K->937298K(8231360K), 0.0367470 secs] [Times: user=0.57 sys=0.00, real=0.04 secs] 
8810.554: [GC 8810.554: [ParNew: 1379812K->125978K(1415616K), 0.0389360 secs] 2195666K->941832K(8231360K), 0.0391390 secs] [Times: user=0.60 sys=0.02, real=0.04 secs] 
8812.740: [GC 8812.740: [ParNew: 1384346K->89911K(1415616K), 0.0668680 secs] 2200200K->920240K(8231360K), 0.0670710 secs] [Times: user=0.73 sys=0.03, real=0.07 secs] 
8813.406: [GC 8813.406: [ParNew: 1348279K->113266K(1415616K), 0.0407630 secs] 2178608K->943594K(8231360K), 0.0409760 secs] [Times: user=0.61 sys=0.03, real=0.04 secs] 
8815.396: [GC 8815.397: [ParNew: 1371634K->111894K(1415616K), 0.0384820 secs] 2201962K->942223K(8231360K), 0.0386960 secs] [Times: user=0.59 sys=0.01, real=0.04 secs] 
8817.595: [GC 8817.595: [ParNew: 1370262K->95514K(1415616K), 0.0370450 secs] 2200591K->925842K(8231360K), 0.0372500 secs] [Times: user=0.58 sys=0.00, real=0.04 secs] 
8820.110: [GC 8820.111: [ParNew: 1353882K->81730K(1415616K), 0.0373890 secs] 2184210K->912059K(8231360K), 0.0375940 secs] [Times: user=0.56 sys=0.01, real=0.04 secs] 
8821.084: [GC 8821.084: [ParNew: 1340098K->107466K(1415616K), 0.0388500 secs] 2170427K->937795K(8231360K), 0.0390680 secs] [Times: user=0.60 sys=0.02, real=0.04 secs] 
8821.475: [GC 8821.475: [ParNew: 1365834K->115100K(1415616K), 0.0350510 secs] 2196163K->945428K(8231360K), 0.0352550 secs] [Times: user=0.53 sys=0.02, real=0.03 secs] 
8821.892: [GC 8821.892: [ParNew: 1373468K->125045K(1415616K), 0.0446750 secs] 2203796K->955373K(8231360K), 0.0448780 secs] [Times: user=0.69 sys=0.01, real=0.05 secs] 
8822.497: [GC 8822.497: [ParNew: 1383413K->89141K(1415616K), 0.0562160 secs] 2213741K->930944K(8231360K), 0.0564140 secs] [Times: user=0.62 sys=0.03, real=0.06 secs] 
8823.026: [GC 8823.026: [ParNew: 1347509K->115479K(1415616K), 0.0340100 secs] 2189312K->957281K(8231360K), 0.0342160 secs] [Times: user=0.52 sys=0.01, real=0.03 secs] 
8824.776: [GC 8824.776: [ParNew: 1373847K->105200K(1415616K), 0.0339970 secs] 2215649K->947002K(8231360K), 0.0341980 secs] [Times: user=0.52 sys=0.00, real=0.03 secs] 
8826.975: [GC 8826.976: [ParNew: 1363568K->135714K(1415616K), 0.0385250 secs] 2205370K->977517K(8231360K), 0.0387280 secs] [Times: user=0.60 sys=0.01, real=0.04 secs] 
8827.368: [GC 8827.368: [ParNew: 1394082K->102128K(1415616K), 0.0525230 secs] 2235885K->953637K(8231360K), 0.0527300 secs] [Times: user=0.62 sys=0.01, real=0.05 secs] 
8829.796: [GC 8829.796: [ParNew: 1360496K->110512K(1415616K), 0.0327430 secs] 2212005K->962022K(8231360K), 0.0329510 secs] [Times: user=0.50 sys=0.02, real=0.03 secs] 
8830.856: [GC 8830.856: [ParNew: 1368880K->124909K(1415616K), 0.0351210 secs] 2220390K->976419K(8231360K), 0.0353350 secs] [Times: user=0.54 sys=0.00, real=0.03 secs] 
8831.159: [GC 8831.159: [ParNew: 1383277K->97144K(1415616K), 0.0307850 secs] 2234787K->948653K(8231360K), 0.0309860 secs] [Times: user=0.47 sys=0.00, real=0.03 secs] 
8832.245: [GC 8832.245: [ParNew: 1355512K->93483K(1415616K), 0.0381320 secs] 2207021K->944993K(8231360K), 0.0383320 secs] [Times: user=0.59 sys=0.01, real=0.03 secs] 
8834.524: [GC 8834.524: [ParNew: 1351851K->82833K(1415616K), 0.0316220 secs] 2203361K->934342K(8231360K), 0.0318310 secs] [Times: user=0.49 sys=0.00, real=0.04 secs] 
8837.079: [GC 8837.079: [ParNew: 1341201K->84519K(1415616K), 0.0312660 secs] 2192710K->936028K(8231360K), 0.0314820 secs] [Times: user=0.48 sys=0.01, real=0.03 secs] 
8838.857: [GC 8838.857: [ParNew: 1342887K->87697K(1415616K), 0.0400290 secs] 2194396K->939207K(8231360K), 0.0402480 secs] [Times: user=0.61 sys=0.03, real=0.04 secs] 
8840.193: [GC 8840.193: [ParNew: 1346065K->96466K(1415616K), 0.0339450 secs] 2197575K->947976K(8231360K), 0.0341480 secs] [Times: user=0.52 sys=0.00, real=0.04 secs] 
8842.781: [GC 8842.781: [ParNew: 1354834K->95605K(1415616K), 0.0406120 secs] 2206344K->947114K(8231360K), 0.0408230 secs] [Times: user=0.63 sys=0.01, real=0.04 secs] 
8844.793: [GC 8844.793: [ParNew: 1353973K->97914K(1415616K), 0.0371150 secs] 2205482K->949424K(8231360K), 0.0373180 secs] [Times: user=0.58 sys=0.00, real=0.04 secs] 
8845.404: [GC 8845.404: [ParNew: 1356282K->100252K(1415616K), 0.0423150 secs] 2207792K->951761K(8231360K), 0.0425210 secs] [Times: user=0.64 sys=0.01, real=0.05 secs] 
8847.989: [GC 8847.989: [ParNew: 1358620K->97890K(1415616K), 0.0444690 secs] 2210129K->949399K(8231360K), 0.0446760 secs] [Times: user=0.68 sys=0.00, real=0.04 secs] 
8850.585: [GC 8850.585: [ParNew: 1356258K->95509K(1415616K), 0.0371130 secs] 2207767K->947019K(8231360K), 0.0373240 secs] [Times: user=0.57 sys=0.00, real=0.04 secs] 
8851.370: [GC 8851.370: [ParNew: 1353877K->110360K(1415616K), 0.0336800 secs] 2205387K->961869K(8231360K), 0.0338860 secs] [Times: user=0.52 sys=0.00, real=0.03 secs] 
8851.677: [GC 8851.677: [ParNew: 1368728K->103706K(1415616K), 0.0337460 secs] 2220237K->955215K(8231360K), 0.0339540 secs] [Times: user=0.51 sys=0.02, real=0.04 secs] 
8851.983: [GC 8851.983: [ParNew: 1362074K->110527K(1415616K), 0.0433070 secs] 2213583K->962037K(8231360K), 0.0435140 secs] [Times: user=0.67 sys=0.00, real=0.04 secs] 
8852.297: [GC 8852.297: [ParNew: 1368895K->120623K(1415616K), 0.0371350 secs] 2220405K->972132K(8231360K), 0.0373480 secs] [Times: user=0.57 sys=0.01, real=0.04 secs] 
8852.604: [GC 8852.605: [ParNew: 1378991K->102064K(1415616K), 0.0439780 secs] 2230500K->953573K(8231360K), 0.0441820 secs] [Times: user=0.68 sys=0.02, real=0.05 secs] 
8852.918: [GC 8852.918: [ParNew: 1360432K->107062K(1415616K), 0.0389200 secs] 2211941K->958572K(8231360K), 0.0391280 secs] [Times: user=0.61 sys=0.01, real=0.04 secs] 
8853.225: [GC 8853.225: [ParNew: 1365430K->116957K(1415616K), 0.0356860 secs] 2216940K->968467K(8231360K), 0.0358920 secs] [Times: user=0.55 sys=0.01, real=0.04 secs] 
8853.546: [GC 8853.547: [ParNew: 1375325K->116981K(1415616K), 0.0431300 secs] 2226835K->968490K(8231360K), 0.0433500 secs] [Times: user=0.68 sys=0.00, real=0.05 secs] 
8854.007: [GC 8854.007: [ParNew: 1375349K->78468K(1415616K), 0.1108730 secs] 2226858K->972829K(8231360K), 0.1110790 secs] [Times: user=0.68 sys=0.10, real=0.11 secs] 
8855.614: [GC 8855.614: [ParNew: 1336836K->63282K(1415616K), 0.0196780 secs] 2231197K->957643K(8231360K), 0.0198800 secs] [Times: user=0.29 sys=0.00, real=0.02 secs] 
8857.377: [GC 8857.377: [ParNew: 1321650K->70533K(1415616K), 0.0213660 secs] 2216011K->964894K(8231360K), 0.0215720 secs] [Times: user=0.32 sys=0.00, real=0.02 secs] 
8859.090: [GC 8859.090: [ParNew: 1328901K->73731K(1415616K), 0.0300340 secs] 2223262K->968092K(8231360K), 0.0302430 secs] [Times: user=0.46 sys=0.00, real=0.03 secs] 
8861.182: [GC 8861.182: [ParNew: 1332099K->81733K(1415616K), 0.0298860 secs] 2226460K->976095K(8231360K), 0.0300890 secs] [Times: user=0.45 sys=0.02, real=0.03 secs] 
8864.194: [GC 8864.194: [ParNew: 1340101K->78554K(1415616K), 0.0243750 secs] 2234463K->972915K(8231360K), 0.0245910 secs] [Times: user=0.37 sys=0.00, real=0.02 secs] 
8866.308: [GC 8866.309: [ParNew: 1336922K->88369K(1415616K), 0.0271460 secs] 2231283K->982730K(8231360K), 0.0273580 secs] [Times: user=0.42 sys=0.01, real=0.03 secs] 
8866.883: [GC 8866.883: [ParNew: 1346737K->93345K(1415616K), 0.0314470 secs] 2241098K->987706K(8231360K), 0.0316540 secs] [Times: user=0.48 sys=0.00, real=0.03 secs] 
8868.334: [GC 8868.334: [ParNew: 1351713K->98457K(1415616K), 0.0298470 secs] 2246074K->992818K(8231360K), 0.0300610 secs] [Times: user=0.46 sys=0.00, real=0.03 secs] 
8869.397: [GC 8869.397: [ParNew: 1356825K->114393K(1415616K), 0.0358760 secs] 2251186K->1008754K(8231360K), 0.0360830 secs] [Times: user=0.54 sys=0.02, real=0.04 secs] 
8870.445: [GC 8870.445: [ParNew: 1372761K->106433K(1415616K), 0.0374840 secs] 2267122K->1000794K(8231360K), 0.0377240 secs] [Times: user=0.58 sys=0.01, real=0.04 secs] 
8872.475: [GC 8872.475: [ParNew: 1364801K->103624K(1415616K), 0.0336870 secs] 2259162K->997985K(8231360K), 0.0339080 secs] [Times: user=0.52 sys=0.01, real=0.03 secs] 
8873.468: [GC 8873.468: [ParNew: 1361992K->92548K(1415616K), 0.0584760 secs] 2256353K->999800K(8231360K), 0.0586760 secs] [Times: user=0.66 sys=0.03, real=0.06 secs] 
8875.372: [GC 8875.372: [ParNew: 1350916K->106907K(1415616K), 0.0339360 secs] 2258168K->1014159K(8231360K), 0.0341400 secs] [Times: user=0.53 sys=0.00, real=0.04 secs] 
8877.008: [GC 8877.008: [ParNew: 1365275K->90930K(1415616K), 0.0308260 secs] 2272527K->998182K(8231360K), 0.0310530 secs] [Times: user=0.48 sys=0.00, real=0.03 secs] 
8878.224: [GC 8878.224: [ParNew: 1349298K->100664K(1415616K), 0.0364800 secs] 2256550K->1007916K(8231360K), 0.0366840 secs] [Times: user=0.56 sys=0.02, real=0.03 secs] 
8879.919: [GC 8879.919: [ParNew: 1359032K->95794K(1415616K), 0.0326930 secs] 2266284K->1003046K(8231360K), 0.0328990 secs] [Times: user=0.50 sys=0.00, real=0.03 secs] 
8881.215: [GC 8881.215: [ParNew: 1354040K->97408K(1415616K), 0.0359570 secs] 2261292K->1004660K(8231360K), 0.0361700 secs] [Times: user=0.56 sys=0.00, real=0.03 secs] 
8881.602: [GC 8881.602: [ParNew: 1355776K->113020K(1415616K), 0.0353540 secs] 2263028K->1020272K(8231360K), 0.0355590 secs] [Times: user=0.54 sys=0.00, real=0.04 secs] 
8882.612: [GC 8882.612: [ParNew: 1371388K->120959K(1415616K), 0.0477860 secs] 2278640K->1028210K(8231360K), 0.0479820 secs] [Times: user=0.73 sys=0.01, real=0.05 secs] 
8883.558: [GC 8883.558: [ParNew: 1379327K->99016K(1415616K), 0.0610820 secs] 2286578K->1020760K(8231360K), 0.0612920 secs] [Times: user=0.68 sys=0.02, real=0.06 secs] 
8885.776: [GC 8885.777: [ParNew: 1357384K->103756K(1415616K), 0.0320160 secs] 2279128K->1025500K(8231360K), 0.0322240 secs] [Times: user=0.50 sys=0.00, real=0.03 secs] 
8886.373: [GC 8886.373: [ParNew: 1362124K->114454K(1415616K), 0.0334780 secs] 2283868K->1036197K(8231360K), 0.0336790 secs] [Times: user=0.51 sys=0.02, real=0.04 secs] 
8886.784: [GC 8886.784: [ParNew: 1372822K->113475K(1415616K), 0.0337940 secs] 2294565K->1035219K(8231360K), 0.0340270 secs] [Times: user=0.53 sys=0.00, real=0.03 secs] 
8888.388: [GC 8888.388: [ParNew: 1371843K->92508K(1415616K), 0.0534800 secs] 2293587K->1027343K(8231360K), 0.0536930 secs] [Times: user=0.60 sys=0.02, real=0.05 secs] 
8890.197: [GC 8890.197: [ParNew: 1350876K->97682K(1415616K), 0.0310020 secs] 2285711K->1032517K(8231360K), 0.0312120 secs] [Times: user=0.47 sys=0.01, real=0.03 secs] 
8891.027: [GC 8891.027: [ParNew: 1356050K->112824K(1415616K), 0.0324160 secs] 2290885K->1047659K(8231360K), 0.0326320 secs] [Times: user=0.50 sys=0.02, real=0.03 secs] 
8891.330: [GC 8891.330: [ParNew: 1371192K->94797K(1415616K), 0.0298760 secs] 2306027K->1029631K(8231360K), 0.0300940 secs] [Times: user=0.47 sys=0.00, real=0.03 secs] 
8892.892: [GC 8892.893: [ParNew: 1353165K->82426K(1415616K), 0.0325470 secs] 2287999K->1017261K(8231360K), 0.0327640 secs] [Times: user=0.50 sys=0.01, real=0.04 secs] 
8894.191: [GC 8894.192: [ParNew: 1340794K->100496K(1415616K), 0.0307930 secs] 2275629K->1035331K(8231360K), 0.0310030 secs] [Times: user=0.47 sys=0.01, real=0.03 secs] 
8895.810: [GC 8895.810: [ParNew: 1358864K->88513K(1415616K), 0.0362060 secs] 2293699K->1023347K(8231360K), 0.0364170 secs] [Times: user=0.56 sys=0.00, real=0.04 secs] 
8897.176: [GC 8897.176: [ParNew: 1346881K->86083K(1415616K), 0.0342800 secs] 2281715K->1020917K(8231360K), 0.0344910 secs] [Times: user=0.53 sys=0.00, real=0.04 secs] 
8899.180: [GC 8899.180: [ParNew: 1344451K->104225K(1415616K), 0.0373320 secs] 2279285K->1039059K(8231360K), 0.0375300 secs] [Times: user=0.58 sys=0.02, real=0.04 secs] 
8900.276: [GC 8900.276: [ParNew: 1362593K->119501K(1415616K), 0.0312830 secs] 2297427K->1054335K(8231360K), 0.0314950 secs] [Times: user=0.48 sys=0.01, real=0.04 secs] 
8902.374: [GC 8902.374: [ParNew: 1377869K->104573K(1415616K), 0.0349180 secs] 2312703K->1039407K(8231360K), 0.0351220 secs] [Times: user=0.53 sys=0.02, real=0.04 secs] 
8904.292: [GC 8904.292: [ParNew: 1362941K->110279K(1415616K), 0.0420040 secs] 2297775K->1045114K(8231360K), 0.0422210 secs] [Times: user=0.64 sys=0.02, real=0.04 secs] 
8906.425: [GC 8906.425: [ParNew: 1368647K->122575K(1415616K), 0.0403080 secs] 2303482K->1057409K(8231360K), 0.0405190 secs] [Times: user=0.62 sys=0.01, real=0.04 secs] 
8907.799: [GC 8907.799: [ParNew: 1380943K->111792K(1415616K), 0.0423690 secs] 2315777K->1046626K(8231360K), 0.0426010 secs] [Times: user=0.65 sys=0.00, real=0.04 secs] 
8909.333: [GC 8909.334: [ParNew: 1370160K->85242K(1415616K), 0.0835730 secs] 2304994K->1045891K(8231360K), 0.0838190 secs] [Times: user=0.74 sys=0.05, real=0.08 secs] 
8911.090: [GC 8911.090: [ParNew: 1343610K->80956K(1415616K), 0.0293770 secs] 2304259K->1041605K(8231360K), 0.0295960 secs] [Times: user=0.46 sys=0.00, real=0.03 secs] 
8911.388: [GC 8911.388: [ParNew: 1339324K->80783K(1415616K), 0.0312530 secs] 2299973K->1041432K(8231360K), 0.0314610 secs] [Times: user=0.49 sys=0.00, real=0.04 secs] 
8911.684: [GC 8911.684: [ParNew: 1339151K->88058K(1415616K), 0.0321240 secs] 2299800K->1048707K(8231360K), 0.0323300 secs] [Times: user=0.48 sys=0.00, real=0.03 secs] 
8911.982: [GC 8911.982: [ParNew: 1346426K->85885K(1415616K), 0.0281310 secs] 2307075K->1046534K(8231360K), 0.0283400 secs] [Times: user=0.43 sys=0.00, real=0.03 secs] 
8912.274: [GC 8912.274: [ParNew: 1344253K->94298K(1415616K), 0.0287860 secs] 2304902K->1054947K(8231360K), 0.0289990 secs] [Times: user=0.43 sys=0.02, real=0.03 secs] 
8912.567: [GC 8912.567: [ParNew: 1352666K->84055K(1415616K), 0.0315440 secs] 2313315K->1044704K(8231360K), 0.0317640 secs] [Times: user=0.49 sys=0.01, real=0.04 secs] 
8912.862: [GC 8912.862: [ParNew: 1342423K->84290K(1415616K), 0.0277290 secs] 2303072K->1044939K(8231360K), 0.0279450 secs] [Times: user=0.43 sys=0.00, real=0.03 secs] 
8913.157: [GC 8913.157: [ParNew: 1342658K->96766K(1415616K), 0.0328250 secs] 2303307K->1057415K(8231360K), 0.0330400 secs] [Times: user=0.50 sys=0.00, real=0.04 secs] 
8913.479: [GC 8913.479: [ParNew: 1355134K->93876K(1415616K), 0.0313580 secs] 2315783K->1054526K(8231360K), 0.0315580 secs] [Times: user=0.47 sys=0.02, real=0.04 secs] 
8914.020: [GC 8914.020: [ParNew: 1352244K->107597K(1415616K), 0.0345550 secs] 2312894K->1068246K(8231360K), 0.0347620 secs] [Times: user=0.54 sys=0.00, real=0.03 secs] 
8915.051: [GC 8915.051: [ParNew: 1365965K->100505K(1415616K), 0.0362270 secs] 2326614K->1061154K(8231360K), 0.0364340 secs] [Times: user=0.56 sys=0.02, real=0.03 secs] 
8917.451: [GC 8917.452: [ParNew: 1358873K->107982K(1415616K), 0.0365860 secs] 2319522K->1068631K(8231360K), 0.0368350 secs] [Times: user=0.57 sys=0.00, real=0.03 secs] 
8918.997: [GC 8918.997: [ParNew: 1366350K->100734K(1415616K), 0.0372710 secs] 2326999K->1061383K(8231360K), 0.0375000 secs] [Times: user=0.58 sys=0.00, real=0.04 secs] 
8920.064: [GC 8920.064: [ParNew: 1359102K->97748K(1415616K), 0.0371000 secs] 2319751K->1058397K(8231360K), 0.0373030 secs] [Times: user=0.58 sys=0.00, real=0.04 secs] 
8922.048: [GC 8922.048: [ParNew: 1355008K->99566K(1415616K), 0.0409340 secs] 2315657K->1060215K(8231360K), 0.0411470 secs] [Times: user=0.63 sys=0.01, real=0.04 secs] 
8924.976: [GC 8924.976: [ParNew: 1357934K->90974K(1415616K), 0.0412570 secs] 2318583K->1051623K(8231360K), 0.0414700 secs] [Times: user=0.64 sys=0.01, real=0.04 secs] 
8926.179: [GC 8926.179: [ParNew: 1349342K->107556K(1415616K), 0.0437070 secs] 2309991K->1068205K(8231360K), 0.0439150 secs] [Times: user=0.68 sys=0.01, real=0.05 secs] 
8926.859: [GC 8926.860: [ParNew: 1365924K->120981K(1415616K), 0.0420070 secs] 2326573K->1081630K(8231360K), 0.0422180 secs] [Times: user=0.65 sys=0.00, real=0.04 secs] 
8927.518: [GC 8927.518: [ParNew: 1379349K->85086K(1415616K), 0.0914110 secs] 2339998K->1077916K(8231360K), 0.0916320 secs] [Times: user=0.76 sys=0.06, real=0.09 secs] 
8928.244: [GC 8928.244: [ParNew: 1343454K->75071K(1415616K), 0.0258850 secs] 2336284K->1067900K(8231360K), 0.0260950 secs] [Times: user=0.40 sys=0.00, real=0.02 secs] 
8929.625: [GC 8929.625: [ParNew: 1333439K->96567K(1415616K), 0.0285340 secs] 2326268K->1089397K(8231360K), 0.0287440 secs] [Times: user=0.44 sys=0.00, real=0.03 secs] 
8930.065: [GC 8930.065: [ParNew: 1354935K->111061K(1415616K), 0.0351560 secs] 2347765K->1103890K(8231360K), 0.0353580 secs] [Times: user=0.54 sys=0.00, real=0.03 secs] 
8930.993: [GC 8930.993: [ParNew: 1369429K->115751K(1415616K), 0.0303620 secs] 2362258K->1108581K(8231360K), 0.0305640 secs] [Times: user=0.47 sys=0.01, real=0.03 secs] 
8931.289: [GC 8931.289: [ParNew: 1374119K->100086K(1415616K), 0.0289610 secs] 2366949K->1092916K(8231360K), 0.0291760 secs] [Times: user=0.45 sys=0.00, real=0.03 secs] 
8931.586: [GC 8931.586: [ParNew: 1358454K->101976K(1415616K), 0.0294490 secs] 2351284K->1094805K(8231360K), 0.0296590 secs] [Times: user=0.45 sys=0.00, real=0.03 secs] 
8932.974: [GC 8932.974: [ParNew: 1360344K->111383K(1415616K), 0.0321590 secs] 2353173K->1104212K(8231360K), 0.0323690 secs] [Times: user=0.50 sys=0.01, real=0.03 secs] 
8933.867: [GC 8933.867: [ParNew: 1369751K->119083K(1415616K), 0.0369470 secs] 2362580K->1111912K(8231360K), 0.0371690 secs] [Times: user=0.57 sys=0.01, real=0.04 secs] 
8935.833: [GC 8935.833: [ParNew: 1377451K->103060K(1415616K), 0.0551720 secs] 2370280K->1106165K(8231360K), 0.0553800 secs] [Times: user=0.69 sys=0.02, real=0.06 secs] 
8938.025: [GC 8938.025: [ParNew: 1361428K->89598K(1415616K), 0.0299700 secs] 2364533K->1092703K(8231360K), 0.0301770 secs] [Times: user=0.46 sys=0.00, real=0.03 secs] 
8941.210: [GC 8941.210: [ParNew: 1347966K->89605K(1415616K), 0.0328820 secs] 2351071K->1092710K(8231360K), 0.0330920 secs] [Times: user=0.50 sys=0.01, real=0.03 secs] 
8941.562: [GC 8941.562: [ParNew: 1347973K->111781K(1415616K), 0.0349820 secs] 2351078K->1114886K(8231360K), 0.0351900 secs] [Times: user=0.53 sys=0.02, real=0.04 secs] 
8942.573: [GC 8942.573: [ParNew: 1370149K->108973K(1415616K), 0.0369180 secs] 2373254K->1112078K(8231360K), 0.0371390 secs] [Times: user=0.58 sys=0.00, real=0.04 secs] 
8947.028: [GC 8947.028: [ParNew: 1367341K->90564K(1415616K), 0.0390150 secs] 2370446K->1093669K(8231360K), 0.0392280 secs] [Times: user=0.60 sys=0.01, real=0.04 secs] 
8947.472: [GC 8947.472: [ParNew: 1348932K->97090K(1415616K), 0.0347930 secs] 2352037K->1100196K(8231360K), 0.0350010 secs] [Times: user=0.54 sys=0.01, real=0.04 secs] 
8950.366: [GC 8950.366: [ParNew: 1355458K->105336K(1415616K), 0.0339280 secs] 2358564K->1108441K(8231360K), 0.0341380 secs] [Times: user=0.53 sys=0.00, real=0.03 secs] 
8951.079: [GC 8951.079: [ParNew: 1363704K->97480K(1415616K), 0.0325330 secs] 2366809K->1100585K(8231360K), 0.0327470 secs] [Times: user=0.50 sys=0.00, real=0.03 secs] 
8951.391: [GC 8951.391: [ParNew: 1355848K->87581K(1415616K), 0.0325340 secs] 2358953K->1090686K(8231360K), 0.0327410 secs] [Times: user=0.51 sys=0.00, real=0.03 secs] 
8957.387: [GC 8957.387: [ParNew: 1345949K->83153K(1415616K), 0.0338710 secs] 2349054K->1086258K(8231360K), 0.0340810 secs] [Times: user=0.52 sys=0.02, real=0.04 secs] 
8959.524: [GC 8959.524: [ParNew: 1341521K->89217K(1415616K), 0.0356710 secs] 2344626K->1092322K(8231360K), 0.0358830 secs] [Times: user=0.56 sys=0.00, real=0.04 secs] 
8961.989: [GC 8961.989: [ParNew: 1347585K->85954K(1415616K), 0.0389070 secs] 2350690K->1089060K(8231360K), 0.0391630 secs] [Times: user=0.59 sys=0.02, real=0.04 secs] 
8967.214: [GC 8967.214: [ParNew: 1344322K->96029K(1415616K), 0.0431560 secs] 2347428K->1099134K(8231360K), 0.0433680 secs] [Times: user=0.66 sys=0.00, real=0.04 secs] 
8968.601: [GC 8968.601: [ParNew: 1354397K->99313K(1415616K), 0.0423510 secs] 2357502K->1102418K(8231360K), 0.0425650 secs] [Times: user=0.65 sys=0.02, real=0.04 secs] 
8970.375: [GC 8970.375: [ParNew: 1357681K->96935K(1415616K), 0.0374290 secs] 2360786K->1100040K(8231360K), 0.0376410 secs] [Times: user=0.58 sys=0.01, real=0.04 secs] 
8971.061: [GC 8971.061: [ParNew: 1355303K->106679K(1415616K), 0.0505940 secs] 2358408K->1109784K(8231360K), 0.0508170 secs] [Times: user=0.78 sys=0.02, real=0.05 secs] 
8971.386: [GC 8971.387: [ParNew: 1365047K->99475K(1415616K), 0.0370630 secs] 2368152K->1102581K(8231360K), 0.0373330 secs] [Times: user=0.58 sys=0.00, real=0.04 secs] 
8971.701: [GC 8971.701: [ParNew: 1357843K->104773K(1415616K), 0.0383010 secs] 2360949K->1107879K(8231360K), 0.0385230 secs] [Times: user=0.59 sys=0.00, real=0.03 secs] 
8972.013: [GC 8972.013: [ParNew: 1363141K->105880K(1415616K), 0.0369960 secs] 2366247K->1108985K(8231360K), 0.0372150 secs] [Times: user=0.58 sys=0.00, real=0.04 secs] 
8972.321: [GC 8972.321: [ParNew: 1364248K->78794K(1415616K), 0.1069770 secs] 2367353K->1132510K(8231360K), 0.1071980 secs] [Times: user=0.69 sys=0.10, real=0.10 secs] 
8972.697: [GC 8972.697: [ParNew: 1337162K->45357K(1415616K), 0.0135310 secs] 2390878K->1099073K(8231360K), 0.0137430 secs] [Times: user=0.20 sys=0.01, real=0.01 secs] 
8972.984: [GC 8972.984: [ParNew: 1303725K->44896K(1415616K), 0.0137540 secs] 2357441K->1098612K(8231360K), 0.0139580 secs] [Times: user=0.20 sys=0.00, real=0.01 secs] 
8973.275: [GC 8973.275: [ParNew: 1303264K->46004K(1415616K), 0.0154310 secs] 2356980K->1099720K(8231360K), 0.0156310 secs] [Times: user=0.24 sys=0.00, real=0.02 secs] 
8973.618: [GC 8973.618: [ParNew: 1304372K->52602K(1415616K), 0.0170170 secs] 2358088K->1106317K(8231360K), 0.0172170 secs] [Times: user=0.25 sys=0.02, real=0.02 secs] 
8977.202: [GC 8977.202: [ParNew: 1310970K->56871K(1415616K), 0.0197620 secs] 2364685K->1110586K(8231360K), 0.0199770 secs] [Times: user=0.29 sys=0.01, real=0.02 secs] 
8979.193: [GC 8979.193: [ParNew: 1315239K->62155K(1415616K), 0.0202690 secs] 2368954K->1115871K(8231360K), 0.0204750 secs] [Times: user=0.31 sys=0.00, real=0.02 secs] 
8981.233: [GC 8981.233: [ParNew: 1320523K->73507K(1415616K), 0.0225660 secs] 2374239K->1127222K(8231360K), 0.0227750 secs] [Times: user=0.34 sys=0.00, real=0.02 secs] 
8983.402: [GC 8983.402: [ParNew: 1331875K->71465K(1415616K), 0.0231140 secs] 2385590K->1125180K(8231360K), 0.0233210 secs] [Times: user=0.34 sys=0.00, real=0.02 secs] 
8986.023: [GC 8986.023: [ParNew: 1329833K->76148K(1415616K), 0.0236300 secs] 2383548K->1129864K(8231360K), 0.0238400 secs] [Times: user=0.36 sys=0.00, real=0.02 secs] 
8986.771: [GC 8986.771: [ParNew: 1334516K->97569K(1415616K), 0.0301260 secs] 2388232K->1151285K(8231360K), 0.0303290 secs] [Times: user=0.46 sys=0.00, real=0.03 secs] 
8987.106: [GC 8987.106: [ParNew: 1355937K->98115K(1415616K), 0.0318720 secs] 2409653K->1151830K(8231360K), 0.0321080 secs] [Times: user=0.50 sys=0.00, real=0.03 secs] 
8987.684: [GC 8987.684: [ParNew: 1356483K->105171K(1415616K), 0.0334270 secs] 2410198K->1158886K(8231360K), 0.0336360 secs] [Times: user=0.51 sys=0.00, real=0.03 secs] 
8988.750: [GC 8988.751: [ParNew: 1363539K->113570K(1415616K), 0.0373230 secs] 2417254K->1167286K(8231360K), 0.0375240 secs] [Times: user=0.59 sys=0.01, real=0.04 secs] 
8989.469: [GC 8989.470: [ParNew: 1371938K->112324K(1415616K), 0.0363430 secs] 2425654K->1166040K(8231360K), 0.0365390 secs] [Times: user=0.58 sys=0.01, real=0.04 secs] 
8989.955: [GC 8989.955: [ParNew: 1370692K->124977K(1415616K), 0.0375410 secs] 2424408K->1178693K(8231360K), 0.0377400 secs] [Times: user=0.58 sys=0.00, real=0.03 secs] 
8990.788: [GC 8990.788: [ParNew: 1383345K->100635K(1415616K), 0.0611710 secs] 2437061K->1167628K(8231360K), 0.0613790 secs] [Times: user=0.71 sys=0.01, real=0.06 secs] 
8992.025: [GC 8992.025: [ParNew: 1359003K->117357K(1415616K), 0.0327130 secs] 2425996K->1184349K(8231360K), 0.0329210 secs] [Times: user=0.50 sys=0.02, real=0.03 secs] 
8993.255: [GC 8993.255: [ParNew: 1375725K->120195K(1415616K), 0.0332670 secs] 2442717K->1187187K(8231360K), 0.0334810 secs] [Times: user=0.52 sys=0.00, real=0.03 secs] 
8994.670: [GC 8994.671: [ParNew: 1378563K->116061K(1415616K), 0.0439310 secs] 2445555K->1188083K(8231360K), 0.0441440 secs] [Times: user=0.61 sys=0.00, real=0.05 secs] 
8996.227: [GC 8996.227: [ParNew: 1374429K->120352K(1415616K), 0.0367070 secs] 2446451K->1194100K(8231360K), 0.0369210 secs] [Times: user=0.54 sys=0.00, real=0.03 secs] 
8997.616: [GC 8997.616: [ParNew: 1378720K->91263K(1415616K), 0.0428480 secs] 2452468K->1170041K(8231360K), 0.0430740 secs] [Times: user=0.58 sys=0.01, real=0.04 secs] 
8998.462: [GC 8998.462: [ParNew: 1349631K->102021K(1415616K), 0.0336800 secs] 2428409K->1180799K(8231360K), 0.0338940 secs] [Times: user=0.51 sys=0.01, real=0.04 secs] 
8999.787: [GC 8999.787: [ParNew: 1360389K->90972K(1415616K), 0.0335180 secs] 2439167K->1169750K(8231360K), 0.0337120 secs] [Times: user=0.51 sys=0.00, real=0.03 secs] 
9001.223: [GC 9001.223: [ParNew: 1349340K->104734K(1415616K), 0.0392290 secs] 2428118K->1183512K(8231360K), 0.0394370 secs] [Times: user=0.61 sys=0.01, real=0.04 secs] 
9001.634: [GC 9001.634: [ParNew: 1363102K->115933K(1415616K), 0.0403680 secs] 2441880K->1194711K(8231360K), 0.0405760 secs] [Times: user=0.62 sys=0.02, real=0.04 secs] 
9002.091: [GC 9002.092: [ParNew: 1374301K->123588K(1415616K), 0.0373110 secs] 2453079K->1202366K(8231360K), 0.0375620 secs] [Times: user=0.57 sys=0.00, real=0.04 secs] 
9002.627: [GC 9002.627: [ParNew: 1381956K->124154K(1415616K), 0.0529260 secs] 2460734K->1212010K(8231360K), 0.0531540 secs] [Times: user=0.65 sys=0.00, real=0.05 secs] 
9003.977: [GC 9003.977: [ParNew: 1382522K->130410K(1415616K), 0.0364910 secs] 2470378K->1218265K(8231360K), 0.0367330 secs] [Times: user=0.57 sys=0.01, real=0.03 secs] 
9004.876: [GC 9004.876: [ParNew: 1388778K->98898K(1415616K), 0.0368720 secs] 2476633K->1186753K(8231360K), 0.0370770 secs] [Times: user=0.58 sys=0.01, real=0.04 secs] 
9005.936: [GC 9005.936: [ParNew: 1357266K->111113K(1415616K), 0.0424990 secs] 2445121K->1205445K(8231360K), 0.0427110 secs] [Times: user=0.55 sys=0.00, real=0.05 secs] 
9006.901: [GC 9006.902: [ParNew: 1369481K->114214K(1415616K), 0.0399190 secs] 2463813K->1208546K(8231360K), 0.0401390 secs] [Times: user=0.61 sys=0.01, real=0.04 secs] 
9007.494: [GC 9007.494: [ParNew: 1372582K->111454K(1415616K), 0.0353760 secs] 2466914K->1205786K(8231360K), 0.0355860 secs] [Times: user=0.55 sys=0.01, real=0.04 secs] 
9007.993: [GC 9007.993: [ParNew: 1369822K->108921K(1415616K), 0.0349820 secs] 2464154K->1203252K(8231360K), 0.0351870 secs] [Times: user=0.53 sys=0.01, real=0.04 secs] 
9009.782: [GC 9009.782: [ParNew: 1367289K->116105K(1415616K), 0.0362630 secs] 2461620K->1210437K(8231360K), 0.0364890 secs] [Times: user=0.56 sys=0.00, real=0.04 secs] 
9011.061: [GC 9011.061: [ParNew: 1374473K->99292K(1415616K), 0.0557250 secs] 2468805K->1206725K(8231360K), 0.0559450 secs] [Times: user=0.63 sys=0.01, real=0.05 secs] 
9011.393: [GC 9011.393: [ParNew: 1357660K->83683K(1415616K), 0.0269110 secs] 2465093K->1191117K(8231360K), 0.0271210 secs] [Times: user=0.41 sys=0.00, real=0.03 secs] 
9012.919: [GC 9012.919: [ParNew: 1342051K->78576K(1415616K), 0.0297200 secs] 2449485K->1186009K(8231360K), 0.0299550 secs] [Times: user=0.45 sys=0.01, real=0.03 secs] 
9017.087: [GC 9017.088: [ParNew: 1336944K->67929K(1415616K), 0.0268420 secs] 2444377K->1175363K(8231360K), 0.0270500 secs] [Times: user=0.41 sys=0.00, real=0.03 secs] 
9020.114: [GC 9020.115: [ParNew: 1326297K->68376K(1415616K), 0.0300390 secs] 2433731K->1175810K(8231360K), 0.0302390 secs] [Times: user=0.46 sys=0.01, real=0.03 secs] 
9022.424: [GC 9022.424: [ParNew: 1326744K->66050K(1415616K), 0.0265610 secs] 2434178K->1173484K(8231360K), 0.0267690 secs] [Times: user=0.40 sys=0.01, real=0.03 secs] 
9025.774: [GC 9025.774: [ParNew: 1324418K->84651K(1415616K), 0.0332280 secs] 2431852K->1192084K(8231360K), 0.0334500 secs] [Times: user=0.50 sys=0.01, real=0.03 secs] 
9030.589: [GC 9030.589: [ParNew: 1343019K->80671K(1415616K), 0.0356200 secs] 2450452K->1188104K(8231360K), 0.0358300 secs] [Times: user=0.55 sys=0.02, real=0.04 secs] 
9031.240: [GC 9031.240: [ParNew: 1339039K->75839K(1415616K), 0.0299690 secs] 2446472K->1183272K(8231360K), 0.0301740 secs] [Times: user=0.45 sys=0.00, real=0.03 secs] 
9031.536: [GC 9031.536: [ParNew: 1334207K->88554K(1415616K), 0.0305330 secs] 2441640K->1195987K(8231360K), 0.0307360 secs] [Times: user=0.47 sys=0.01, real=0.03 secs] 
9031.838: [GC 9031.839: [ParNew: 1346922K->87623K(1415616K), 0.0331290 secs] 2454355K->1195056K(8231360K), 0.0333470 secs] [Times: user=0.51 sys=0.00, real=0.04 secs] 
9032.140: [GC 9032.140: [ParNew: 1345991K->93274K(1415616K), 0.0412350 secs] 2453424K->1200707K(8231360K), 0.0414400 secs] [Times: user=0.62 sys=0.02, real=0.04 secs] 
9032.450: [GC 9032.450: [ParNew: 1351642K->89942K(1415616K), 0.0308540 secs] 2459075K->1197375K(8231360K), 0.0310610 secs] [Times: user=0.48 sys=0.00, real=0.03 secs] 
9032.749: [GC 9032.749: [ParNew: 1348310K->90031K(1415616K), 0.0379390 secs] 2455743K->1197464K(8231360K), 0.0381420 secs] [Times: user=0.58 sys=0.01, real=0.04 secs] 
9033.059: [GC 9033.059: [ParNew: 1348399K->86464K(1415616K), 0.0322780 secs] 2455832K->1193897K(8231360K), 0.0325020 secs] [Times: user=0.50 sys=0.01, real=0.03 secs] 
9033.396: [GC 9033.397: [ParNew: 1344832K->90506K(1415616K), 0.0328170 secs] 2452265K->1197939K(8231360K), 0.0330180 secs] [Times: user=0.50 sys=0.00, real=0.03 secs] 
9036.027: [GC 9036.027: [ParNew: 1348874K->84220K(1415616K), 0.0336740 secs] 2456307K->1191653K(8231360K), 0.0338840 secs] [Times: user=0.51 sys=0.01, real=0.03 secs] 
9041.976: [GC 9041.977: [ParNew: 1342588K->85830K(1415616K), 0.0347830 secs] 2450021K->1193263K(8231360K), 0.0349870 secs] [Times: user=0.54 sys=0.00, real=0.03 secs] 
9045.382: [GC 9045.382: [ParNew: 1344198K->90602K(1415616K), 0.0374810 secs] 2451631K->1198036K(8231360K), 0.0376990 secs] [Times: user=0.57 sys=0.00, real=0.04 secs] 
9046.678: [GC 9046.678: [ParNew: 1348970K->118135K(1415616K), 0.0464480 secs] 2456404K->1225568K(8231360K), 0.0466560 secs] [Times: user=0.72 sys=0.01, real=0.05 secs] 
9047.133: [GC 9047.133: [ParNew: 1376503K->122957K(1415616K), 0.0394620 secs] 2483936K->1230390K(8231360K), 0.0396920 secs] [Times: user=0.59 sys=0.00, real=0.04 secs] 
9048.053: [GC 9048.053: [ParNew: 1381325K->85238K(1415616K), 0.0946480 secs] 2488758K->1231295K(8231360K), 0.0948650 secs] [Times: user=0.73 sys=0.07, real=0.10 secs] 
9049.295: [GC 9049.295: [ParNew: 1343606K->77907K(1415616K), 0.0240550 secs] 2489663K->1223964K(8231360K), 0.0242500 secs] [Times: user=0.37 sys=0.01, real=0.02 secs] 
9050.203: [GC 9050.203: [ParNew: 1336275K->93944K(1415616K), 0.0276130 secs] 2482332K->1240001K(8231360K), 0.0278160 secs] [Times: user=0.42 sys=0.00, real=0.03 secs] 
9051.842: [GC 9051.842: [ParNew: 1352312K->98498K(1415616K), 0.0312040 secs] 2498369K->1244555K(8231360K), 0.0314160 secs] [Times: user=0.48 sys=0.01, real=0.03 secs] 
9056.226: [GC 9056.226: [ParNew: 1356866K->98283K(1415616K), 0.0297420 secs] 2502923K->1244340K(8231360K), 0.0299540 secs] [Times: user=0.47 sys=0.00, real=0.03 secs] 
9061.174: [GC 9061.174: [ParNew: 1356651K->74141K(1415616K), 0.0354830 secs] 2502708K->1220198K(8231360K), 0.0356910 secs] [Times: user=0.55 sys=0.01, real=0.04 secs] 
9061.679: [GC 9061.679: [ParNew: 1332509K->96571K(1415616K), 0.0450760 secs] 2478566K->1242628K(8231360K), 0.0452860 secs] [Times: user=0.70 sys=0.02, real=0.04 secs] 
9062.536: [GC 9062.536: [ParNew: 1354939K->106894K(1415616K), 0.0318450 secs] 2500996K->1252951K(8231360K), 0.0320550 secs] [Times: user=0.48 sys=0.02, real=0.04 secs] 
9065.260: [GC 9065.261: [ParNew: 1365262K->102318K(1415616K), 0.0409980 secs] 2511319K->1248375K(8231360K), 0.0412110 secs] [Times: user=0.64 sys=0.00, real=0.04 secs] 
9067.244: [GC 9067.244: [ParNew: 1360686K->106272K(1415616K), 0.0349440 secs] 2506743K->1252328K(8231360K), 0.0351810 secs] [Times: user=0.55 sys=0.00, real=0.04 secs] 
9067.654: [GC 9067.654: [ParNew: 1364640K->101782K(1415616K), 0.0359740 secs] 2510696K->1247839K(8231360K), 0.0361720 secs] [Times: user=0.56 sys=0.01, real=0.04 secs] 
9068.795: [GC 9068.795: [ParNew: 1360150K->108476K(1415616K), 0.0464020 secs] 2506207K->1254533K(8231360K), 0.0466070 secs] [Times: user=0.71 sys=0.03, real=0.05 secs] 
9069.993: [GC 9069.994: [ParNew: 1366844K->106980K(1415616K), 0.0379430 secs] 2512901K->1253037K(8231360K), 0.0381450 secs] [Times: user=0.59 sys=0.01, real=0.04 secs] 
9070.886: [GC 9070.887: [ParNew: 1365348K->84347K(1415616K), 0.0640090 secs] 2511405K->1247253K(8231360K), 0.0642210 secs] [Times: user=0.70 sys=0.01, real=0.07 secs] 
9071.223: [GC 9071.223: [ParNew: 1342715K->85173K(1415616K), 0.0315940 secs] 2505621K->1248079K(8231360K), 0.0317950 secs] [Times: user=0.48 sys=0.00, real=0.03 secs] 
9073.007: [GC 9073.007: [ParNew: 1343541K->75523K(1415616K), 0.0326810 secs] 2506447K->1238429K(8231360K), 0.0328880 secs] [Times: user=0.50 sys=0.02, real=0.04 secs] 
9077.832: [GC 9077.832: [ParNew: 1333891K->73124K(1415616K), 0.0316130 secs] 2496797K->1236030K(8231360K), 0.0318190 secs] [Times: user=0.48 sys=0.01, real=0.03 secs] 
9082.924: [GC 9082.924: [ParNew: 1331492K->74869K(1415616K), 0.0309720 secs] 2494398K->1237775K(8231360K), 0.0312140 secs] [Times: user=0.47 sys=0.00, real=0.03 secs] 
9086.797: [GC 9086.798: [ParNew: 1333237K->80854K(1415616K), 0.0341250 secs] 2496143K->1243760K(8231360K), 0.0343360 secs] [Times: user=0.52 sys=0.00, real=0.04 secs] 
9090.669: [GC 9090.669: [ParNew: 1339222K->79660K(1415616K), 0.0327490 secs] 2502128K->1242566K(8231360K), 0.0329630 secs] [Times: user=0.50 sys=0.02, real=0.04 secs] 
9091.194: [GC 9091.194: [ParNew: 1338028K->90951K(1415616K), 0.0364430 secs] 2500934K->1253857K(8231360K), 0.0366400 secs] [Times: user=0.55 sys=0.00, real=0.03 secs] 
9091.497: [GC 9091.497: [ParNew: 1349319K->85734K(1415616K), 0.0348500 secs] 2512225K->1248640K(8231360K), 0.0350610 secs] [Times: user=0.53 sys=0.01, real=0.03 secs] 
9091.815: [GC 9091.815: [ParNew: 1344102K->95849K(1415616K), 0.0331040 secs] 2507008K->1258755K(8231360K), 0.0333050 secs] [Times: user=0.51 sys=0.01, real=0.03 secs] 
9092.796: [GC 9092.796: [ParNew: 1354217K->98465K(1415616K), 0.0384790 secs] 2517123K->1261371K(8231360K), 0.0386840 secs] [Times: user=0.58 sys=0.02, real=0.04 secs] 
9094.959: [GC 9094.959: [ParNew: 1356833K->107014K(1415616K), 0.0432790 secs] 2519739K->1269920K(8231360K), 0.0434750 secs] [Times: user=0.67 sys=0.01, real=0.05 secs] 
9098.224: [GC 9098.224: [ParNew: 1365382K->123679K(1415616K), 0.0440150 secs] 2528288K->1286585K(8231360K), 0.0442330 secs] [Times: user=0.68 sys=0.01, real=0.04 secs] 
9099.903: [GC 9099.903: [ParNew: 1382047K->77713K(1415616K), 0.0823000 secs] 2544953K->1273276K(8231360K), 0.0825120 secs] [Times: user=0.67 sys=0.06, real=0.09 secs] 
9102.409: [GC 9102.409: [ParNew: 1336081K->62776K(1415616K), 0.0264450 secs] 2531644K->1258339K(8231360K), 0.0266840 secs] [Times: user=0.40 sys=0.00, real=0.03 secs] 
9103.955: [GC 9103.956: [ParNew: 1321144K->76220K(1415616K), 0.0284050 secs] 2516707K->1271783K(8231360K), 0.0286030 secs] [Times: user=0.44 sys=0.00, real=0.03 secs] 
9105.213: [GC 9105.214: [ParNew: 1334588K->80044K(1415616K), 0.0280330 secs] 2530151K->1275607K(8231360K), 0.0282410 secs] [Times: user=0.43 sys=0.02, real=0.03 secs] 
9106.376: [GC 9106.376: [ParNew: 1338412K->93658K(1415616K), 0.0282470 secs] 2533975K->1289221K(8231360K), 0.0285040 secs] [Times: user=0.44 sys=0.01, real=0.02 secs] 
9106.698: [GC 9106.698: [ParNew: 1352026K->101090K(1415616K), 0.0345690 secs] 2547589K->1296653K(8231360K), 0.0347730 secs] [Times: user=0.52 sys=0.01, real=0.03 secs] 
9107.046: [GC 9107.046: [ParNew: 1359458K->114943K(1415616K), 0.0305860 secs] 2555021K->1310506K(8231360K), 0.0307910 secs] [Times: user=0.46 sys=0.01, real=0.03 secs] 
9107.737: [GC 9107.738: [ParNew: 1373311K->131752K(1415616K), 0.0404260 secs] 2568874K->1327315K(8231360K), 0.0406270 secs] [Times: user=0.64 sys=0.01, real=0.04 secs] 
9108.105: [GC 9108.106: [ParNew: 1390120K->95365K(1415616K), 0.0379930 secs] 2585683K->1290928K(8231360K), 0.0382040 secs] [Times: user=0.59 sys=0.01, real=0.03 secs] 
9108.667: [GC 9108.667: [ParNew: 1353733K->124731K(1415616K), 0.0416250 secs] 2549296K->1320294K(8231360K), 0.0418240 secs] [Times: user=0.63 sys=0.02, real=0.04 secs] 
9109.244: [GC 9109.244: [ParNew: 1383099K->106632K(1415616K), 0.0601430 secs] 2578662K->1315183K(8231360K), 0.0603430 secs] [Times: user=0.70 sys=0.02, real=0.06 secs] 
9109.989: [GC 9109.989: [ParNew: 1365000K->112225K(1415616K), 0.0401170 secs] 2573551K->1320776K(8231360K), 0.0403200 secs] [Times: user=0.62 sys=0.01, real=0.04 secs] 
9110.481: [GC 9110.481: [ParNew: 1370593K->133665K(1415616K), 0.0349220 secs] 2579144K->1342216K(8231360K), 0.0351490 secs] [Times: user=0.54 sys=0.00, real=0.04 secs] 
9111.227: [GC 9111.227: [ParNew: 1392033K->121885K(1415616K), 0.0457180 secs] 2600584K->1335972K(8231360K), 0.0459480 secs] [Times: user=0.61 sys=0.02, real=0.04 secs] 
9112.226: [GC 9112.226: [ParNew: 1380253K->101984K(1415616K), 0.0453220 secs] 2594340K->1320743K(8231360K), 0.0455290 secs] [Times: user=0.62 sys=0.01, real=0.04 secs] 
9113.149: [GC 9113.149: [ParNew: 1360352K->130817K(1415616K), 0.0376010 secs] 2579111K->1351756K(8231360K), 0.0378080 secs] [Times: user=0.55 sys=0.00, real=0.04 secs] 
9113.606: [GC 9113.606: [ParNew: 1389185K->113501K(1415616K), 0.0474150 secs] 2610124K->1341494K(8231360K), 0.0476200 secs] [Times: user=0.57 sys=0.02, real=0.05 secs] 
9114.532: [GC 9114.532: [ParNew: 1371869K->119697K(1415616K), 0.0443980 secs] 2599862K->1353928K(8231360K), 0.0446040 secs] [Times: user=0.55 sys=0.02, real=0.05 secs] 
9115.316: [GC 9115.316: [ParNew: 1378065K->132528K(1415616K), 0.0401130 secs] 2612296K->1366759K(8231360K), 0.0403270 secs] [Times: user=0.62 sys=0.00, real=0.05 secs] 
9116.200: [GC 9116.200: [ParNew: 1390896K->121239K(1415616K), 0.0486320 secs] 2625127K->1362813K(8231360K), 0.0488470 secs] [Times: user=0.61 sys=0.00, real=0.05 secs] 
9117.983: [GC 9117.984: [ParNew: 1379607K->109644K(1415616K), 0.0384500 secs] 2621181K->1353585K(8231360K), 0.0386770 secs] [Times: user=0.56 sys=0.00, real=0.04 secs] 
9119.975: [GC 9119.975: [ParNew: 1368012K->91620K(1415616K), 0.0328760 secs] 2611953K->1335562K(8231360K), 0.0330840 secs] [Times: user=0.51 sys=0.00, real=0.04 secs] 
9121.637: [GC 9121.637: [ParNew: 1349988K->92320K(1415616K), 0.0307590 secs] 2593930K->1336262K(8231360K), 0.0309800 secs] [Times: user=0.47 sys=0.00, real=0.04 secs] 
9122.060: [GC 9122.060: [ParNew: 1350688K->124434K(1415616K), 0.0330970 secs] 2594630K->1368375K(8231360K), 0.0333130 secs] [Times: user=0.52 sys=0.00, real=0.03 secs] 
9122.563: [GC 9122.563: [ParNew: 1382802K->129283K(1415616K), 0.0436260 secs] 2626743K->1373224K(8231360K), 0.0438300 secs] [Times: user=0.67 sys=0.02, real=0.04 secs] 
9123.041: [GC 9123.041: [ParNew: 1387651K->100068K(1415616K), 0.0493740 secs] 2631592K->1351878K(8231360K), 0.0495830 secs] [Times: user=0.64 sys=0.01, real=0.05 secs] 
9125.047: [GC 9125.047: [ParNew: 1358436K->95232K(1415616K), 0.0306250 secs] 2610246K->1347042K(8231360K), 0.0308560 secs] [Times: user=0.48 sys=0.00, real=0.03 secs] 
9127.542: [GC 9127.542: [ParNew: 1353600K->100243K(1415616K), 0.0319680 secs] 2605410K->1352053K(8231360K), 0.0321720 secs] [Times: user=0.50 sys=0.00, real=0.03 secs] 
9127.991: [GC 9127.991: [ParNew: 1358611K->107226K(1415616K), 0.0307400 secs] 2610421K->1359036K(8231360K), 0.0309480 secs] [Times: user=0.46 sys=0.00, real=0.03 secs] 
9130.297: [GC 9130.297: [ParNew: 1365594K->106539K(1415616K), 0.0334570 secs] 2617404K->1358349K(8231360K), 0.0336690 secs] [Times: user=0.51 sys=0.01, real=0.04 secs] 
9131.043: [GC 9131.043: [ParNew: 1364907K->112025K(1415616K), 0.0326060 secs] 2616717K->1363835K(8231360K), 0.0328090 secs] [Times: user=0.50 sys=0.00, real=0.03 secs] 
9131.347: [GC 9131.347: [ParNew: 1370393K->109215K(1415616K), 0.0342620 secs] 2622203K->1361025K(8231360K), 0.0344660 secs] [Times: user=0.54 sys=0.00, real=0.04 secs] 
9133.010: [GC 9133.010: [ParNew: 1367583K->77449K(1415616K), 0.0322990 secs] 2619393K->1329258K(8231360K), 0.0325110 secs] [Times: user=0.50 sys=0.02, real=0.03 secs] 
9136.773: [GC 9136.773: [ParNew: 1335817K->88195K(1415616K), 0.0358860 secs] 2587626K->1340005K(8231360K), 0.0360910 secs] [Times: user=0.56 sys=0.00, real=0.03 secs] 
9139.583: [GC 9139.583: [ParNew: 1346563K->99561K(1415616K), 0.0364980 secs] 2598373K->1351371K(8231360K), 0.0367120 secs] [Times: user=0.56 sys=0.00, real=0.03 secs] 
9142.177: [GC 9142.177: [ParNew: 1357929K->101085K(1415616K), 0.0364900 secs] 2609739K->1352895K(8231360K), 0.0366970 secs] [Times: user=0.57 sys=0.00, real=0.04 secs] 
9146.173: [GC 9146.173: [ParNew: 1359453K->95349K(1415616K), 0.0393030 secs] 2611263K->1347159K(8231360K), 0.0395090 secs] [Times: user=0.60 sys=0.02, real=0.04 secs] 
9151.077: [GC 9151.077: [ParNew: 1353717K->107920K(1415616K), 0.0407970 secs] 2605527K->1359730K(8231360K), 0.0410140 secs] [Times: user=0.63 sys=0.01, real=0.04 secs] 
9151.388: [GC 9151.388: [ParNew: 1366288K->95181K(1415616K), 0.0394700 secs] 2618098K->1346991K(8231360K), 0.0396800 secs] [Times: user=0.61 sys=0.00, real=0.04 secs] 
9151.429: [GC [1 CMS-initial-mark: 1251809K(6815744K)] 1359105K(8231360K), 0.1070810 secs] [Times: user=0.11 sys=0.00, real=0.11 secs] 
9151.536: [CMS-concurrent-mark-start]
9152.559: [CMS-concurrent-mark: 1.022/1.023 secs] [Times: user=4.39 sys=0.03, real=1.02 secs] 
9152.559: [CMS-concurrent-preclean-start]
9152.581: [CMS-concurrent-preclean: 0.021/0.021 secs] [Times: user=0.02 sys=0.00, real=0.02 secs] 
9152.581: [CMS-concurrent-abortable-preclean-start]
 CMS: abort preclean due to time 9157.618: [CMS-concurrent-abortable-preclean: 4.323/5.038 secs] [Times: user=4.47 sys=0.06, real=5.04 secs] 
9157.619: [GC[YG occupancy: 354481 K (1415616 K)]9157.619: [Rescan (parallel) , 0.4016120 secs]9158.021: [weak refs processing, 0.0000310 secs] [1 CMS-remark: 1251809K(6815744K)] 1606291K(8231360K), 0.4018020 secs] [Times: user=0.52 sys=0.05, real=0.40 secs] 
9158.021: [CMS-concurrent-sweep-start]
9159.985: [CMS-concurrent-sweep: 1.963/1.963 secs] [Times: user=2.02 sys=0.03, real=1.97 secs] 
9159.985: [CMS-concurrent-reset-start]
9160.012: [CMS-concurrent-reset: 0.027/0.027 secs] [Times: user=0.19 sys=0.00, real=0.02 secs] 
9160.199: [GC 9160.199: [ParNew: 1353549K->104317K(1415616K), 0.0358060 secs] 2084390K->835158K(8231360K), 0.0360420 secs] [Times: user=0.55 sys=0.01, real=0.04 secs] 
9160.504: [GC 9160.504: [ParNew: 1362685K->103956K(1415616K), 0.0342280 secs] 2093526K->834797K(8231360K), 0.0344590 secs] [Times: user=0.52 sys=0.00, real=0.04 secs] 
9160.804: [GC 9160.804: [ParNew: 1362324K->108613K(1415616K), 0.0336310 secs] 2093165K->839454K(8231360K), 0.0338600 secs] [Times: user=0.52 sys=0.00, real=0.04 secs] 
9161.105: [GC 9161.105: [ParNew: 1366981K->108356K(1415616K), 0.0361970 secs] 2097822K->839197K(8231360K), 0.0364360 secs] [Times: user=0.55 sys=0.02, real=0.03 secs] 
9161.410: [GC 9161.410: [ParNew: 1366724K->103132K(1415616K), 0.0335980 secs] 2097565K->833973K(8231360K), 0.0338280 secs] [Times: user=0.52 sys=0.00, real=0.03 secs] 
9161.722: [GC 9161.723: [ParNew: 1361500K->98687K(1415616K), 0.0368700 secs] 2092341K->829528K(8231360K), 0.0371000 secs] [Times: user=0.56 sys=0.01, real=0.04 secs] 
9162.046: [GC 9162.047: [ParNew: 1357055K->103023K(1415616K), 0.0416150 secs] 2087896K->833864K(8231360K), 0.0418440 secs] [Times: user=0.64 sys=0.01, real=0.04 secs] 
9162.441: [GC 9162.441: [ParNew: 1361391K->98486K(1415616K), 0.0373470 secs] 2092232K->829327K(8231360K), 0.0375740 secs] [Times: user=0.59 sys=0.01, real=0.04 secs] 
9166.133: [GC 9166.133: [ParNew: 1356854K->109831K(1415616K), 0.0383650 secs] 2087695K->840672K(8231360K), 0.0386050 secs] [Times: user=0.59 sys=0.01, real=0.04 secs] 
9166.714: [GC 9166.714: [ParNew: 1368199K->82506K(1415616K), 0.1144750 secs] 2099040K->859498K(8231360K), 0.1147040 secs] [Times: user=0.80 sys=0.10, real=0.12 secs] 
9168.086: [GC 9168.086: [ParNew: 1340874K->65569K(1415616K), 0.0233060 secs] 2117866K->842562K(8231360K), 0.0235460 secs] [Times: user=0.36 sys=0.00, real=0.03 secs] 
9169.308: [GC 9169.309: [ParNew: 1323937K->78611K(1415616K), 0.0253600 secs] 2100930K->855603K(8231360K), 0.0255870 secs] [Times: user=0.39 sys=0.00, real=0.02 secs] 
9170.367: [GC 9170.367: [ParNew: 1336979K->89865K(1415616K), 0.0296530 secs] 2113971K->866857K(8231360K), 0.0298890 secs] [Times: user=0.45 sys=0.02, real=0.03 secs] 
9173.032: [GC 9173.032: [ParNew: 1348233K->97865K(1415616K), 0.0294630 secs] 2125225K->874857K(8231360K), 0.0296920 secs] [Times: user=0.45 sys=0.02, real=0.03 secs] 
9178.260: [GC 9178.260: [ParNew: 1356233K->79855K(1415616K), 0.0294410 secs] 2133225K->856848K(8231360K), 0.0296940 secs] [Times: user=0.45 sys=0.00, real=0.03 secs] 
9181.247: [GC 9181.247: [ParNew: 1338223K->78978K(1415616K), 0.0319470 secs] 2115216K->855970K(8231360K), 0.0321820 secs] [Times: user=0.49 sys=0.00, real=0.04 secs] 
9181.951: [GC 9181.951: [ParNew: 1337346K->102371K(1415616K), 0.0290610 secs] 2114338K->879363K(8231360K), 0.0292960 secs] [Times: user=0.45 sys=0.00, real=0.03 secs] 
9182.847: [GC 9182.847: [ParNew: 1360739K->111403K(1415616K), 0.0333560 secs] 2137731K->888396K(8231360K), 0.0335850 secs] [Times: user=0.51 sys=0.00, real=0.04 secs] 
9188.010: [GC 9188.011: [ParNew: 1369771K->101030K(1415616K), 0.0379860 secs] 2146764K->878022K(8231360K), 0.0382480 secs] [Times: user=0.58 sys=0.01, real=0.03 secs] 
9188.451: [GC 9188.451: [ParNew: 1359398K->99608K(1415616K), 0.0386320 secs] 2136390K->876600K(8231360K), 0.0388620 secs] [Times: user=0.59 sys=0.02, real=0.03 secs] 
9190.863: [GC 9190.863: [ParNew: 1357976K->101595K(1415616K), 0.0343180 secs] 2134968K->878587K(8231360K), 0.0345540 secs] [Times: user=0.53 sys=0.01, real=0.03 secs] 
9191.167: [GC 9191.168: [ParNew: 1359963K->95702K(1415616K), 0.0355600 secs] 2136955K->872694K(8231360K), 0.0357880 secs] [Times: user=0.55 sys=0.00, real=0.04 secs] 
9193.121: [GC 9193.121: [ParNew: 1354070K->89265K(1415616K), 0.0420170 secs] 2131062K->866257K(8231360K), 0.0422540 secs] [Times: user=0.65 sys=0.01, real=0.05 secs] 
9195.637: [GC 9195.637: [ParNew: 1347633K->96634K(1415616K), 0.0345730 secs] 2124625K->873626K(8231360K), 0.0348120 secs] [Times: user=0.54 sys=0.01, real=0.04 secs] 
9196.901: [GC 9196.901: [ParNew: 1355002K->96534K(1415616K), 0.0342480 secs] 2131994K->873526K(8231360K), 0.0344820 secs] [Times: user=0.53 sys=0.01, real=0.04 secs] 
9197.514: [GC 9197.514: [ParNew: 1354902K->100085K(1415616K), 0.0336800 secs] 2131894K->877078K(8231360K), 0.0339320 secs] [Times: user=0.52 sys=0.01, real=0.03 secs] 
9199.583: [GC 9199.583: [ParNew: 1355347K->106272K(1415616K), 0.0456620 secs] 2132339K->883264K(8231360K), 0.0458970 secs] [Times: user=0.71 sys=0.02, real=0.04 secs] 
9202.671: [GC 9202.671: [ParNew: 1364640K->112236K(1415616K), 0.0370100 secs] 2141632K->889228K(8231360K), 0.0372620 secs] [Times: user=0.58 sys=0.00, real=0.04 secs] 
9210.277: [GC 9210.277: [ParNew: 1370604K->93769K(1415616K), 0.0360630 secs] 2147596K->870761K(8231360K), 0.0362930 secs] [Times: user=0.56 sys=0.00, real=0.03 secs] 
9211.217: [GC 9211.217: [ParNew: 1352137K->94829K(1415616K), 0.0335960 secs] 2129129K->871821K(8231360K), 0.0338280 secs] [Times: user=0.51 sys=0.02, real=0.03 secs] 
9211.520: [GC 9211.520: [ParNew: 1353197K->104517K(1415616K), 0.0435940 secs] 2130189K->881509K(8231360K), 0.0438230 secs] [Times: user=0.67 sys=0.00, real=0.04 secs] 
9211.849: [GC 9211.850: [ParNew: 1362885K->110501K(1415616K), 0.0435480 secs] 2139877K->887493K(8231360K), 0.0437830 secs] [Times: user=0.66 sys=0.03, real=0.04 secs] 
9214.116: [GC 9214.117: [ParNew: 1368869K->93819K(1415616K), 0.0364480 secs] 2145861K->870812K(8231360K), 0.0366770 secs] [Times: user=0.56 sys=0.00, real=0.03 secs] 
9219.190: [GC 9219.190: [ParNew: 1352187K->114759K(1415616K), 0.0456520 secs] 2129180K->891752K(8231360K), 0.0458820 secs] [Times: user=0.70 sys=0.00, real=0.04 secs] 
9221.025: [GC 9221.025: [ParNew: 1373127K->79531K(1415616K), 0.1134000 secs] 2150120K->901450K(8231360K), 0.1136350 secs] [Times: user=0.74 sys=0.09, real=0.12 secs] 
9222.988: [GC 9222.988: [ParNew: 1337899K->61871K(1415616K), 0.0218660 secs] 2159818K->883790K(8231360K), 0.0221300 secs] [Times: user=0.32 sys=0.01, real=0.02 secs] 
9225.277: [GC 9225.277: [ParNew: 1320239K->67717K(1415616K), 0.0226240 secs] 2142158K->889636K(8231360K), 0.0228540 secs] [Times: user=0.34 sys=0.01, real=0.03 secs] 
9226.491: [GC 9226.491: [ParNew: 1326085K->79156K(1415616K), 0.0253960 secs] 2148004K->901075K(8231360K), 0.0256270 secs] [Times: user=0.39 sys=0.00, real=0.02 secs] 
9226.885: [GC 9226.885: [ParNew: 1337524K->93527K(1415616K), 0.0282330 secs] 2159443K->915446K(8231360K), 0.0284600 secs] [Times: user=0.44 sys=0.00, real=0.03 secs] 
9227.582: [GC 9227.582: [ParNew: 1351895K->102605K(1415616K), 0.0290650 secs] 2173814K->924524K(8231360K), 0.0292960 secs] [Times: user=0.45 sys=0.00, real=0.03 secs] 
9228.301: [GC 9228.302: [ParNew: 1360973K->104870K(1415616K), 0.0336260 secs] 2182892K->926789K(8231360K), 0.0338570 secs] [Times: user=0.52 sys=0.01, real=0.03 secs] 
9229.366: [GC 9229.366: [ParNew: 1363238K->116675K(1415616K), 0.0345130 secs] 2185157K->938594K(8231360K), 0.0347390 secs] [Times: user=0.53 sys=0.01, real=0.04 secs] 
9229.950: [GC 9229.950: [ParNew: 1375043K->118563K(1415616K), 0.0369100 secs] 2196962K->940482K(8231360K), 0.0371460 secs] [Times: user=0.58 sys=0.00, real=0.03 secs] 
9230.461: [GC 9230.461: [ParNew: 1376931K->129628K(1415616K), 0.0415320 secs] 2198850K->951547K(8231360K), 0.0417730 secs] [Times: user=0.64 sys=0.01, real=0.04 secs] 
9231.420: [GC 9231.420: [ParNew: 1387996K->97092K(1415616K), 0.0614930 secs] 2209915K->931448K(8231360K), 0.0617250 secs] [Times: user=0.70 sys=0.02, real=0.06 secs] 
9232.404: [GC 9232.404: [ParNew: 1355460K->113343K(1415616K), 0.0336530 secs] 2189816K->947699K(8231360K), 0.0338850 secs] [Times: user=0.52 sys=0.02, real=0.03 secs] 
9233.204: [GC 9233.204: [ParNew: 1371711K->124134K(1415616K), 0.0385340 secs] 2206067K->958489K(8231360K), 0.0387630 secs] [Times: user=0.60 sys=0.01, real=0.04 secs] 
9234.213: [GC 9234.213: [ParNew: 1382502K->128490K(1415616K), 0.0411260 secs] 2216857K->966013K(8231360K), 0.0413580 secs] [Times: user=0.57 sys=0.01, real=0.04 secs] 
9235.494: [GC 9235.494: [ParNew: 1386858K->111693K(1415616K), 0.0429540 secs] 2224381K->953392K(8231360K), 0.0431930 secs] [Times: user=0.58 sys=0.00, real=0.04 secs] 
9236.393: [GC 9236.394: [ParNew: 1370061K->115427K(1415616K), 0.0363000 secs] 2211760K->959198K(8231360K), 0.0365310 secs] [Times: user=0.53 sys=0.00, real=0.04 secs] 
9237.888: [GC 9237.888: [ParNew: 1373795K->98218K(1415616K), 0.0357980 secs] 2217566K->941989K(8231360K), 0.0360350 secs] [Times: user=0.54 sys=0.02, real=0.04 secs] 
9239.176: [GC 9239.176: [ParNew: 1356586K->103224K(1415616K), 0.0378150 secs] 2200357K->946995K(8231360K), 0.0380710 secs] [Times: user=0.58 sys=0.02, real=0.04 secs] 
9239.974: [GC 9239.974: [ParNew: 1361592K->102218K(1415616K), 0.0315500 secs] 2205363K->945989K(8231360K), 0.0317730 secs] [Times: user=0.48 sys=0.00, real=0.03 secs] 
9241.325: [GC 9241.326: [ParNew: 1360586K->104883K(1415616K), 0.0351530 secs] 2204357K->948655K(8231360K), 0.0353790 secs] [Times: user=0.55 sys=0.00, real=0.04 secs] 
9241.787: [GC 9241.787: [ParNew: 1363251K->122495K(1415616K), 0.0393610 secs] 2207023K->966266K(8231360K), 0.0396210 secs] [Times: user=0.62 sys=0.01, real=0.04 secs] 
9242.197: [GC 9242.198: [ParNew: 1380863K->88895K(1415616K), 0.0558390 secs] 2224634K->944227K(8231360K), 0.0560690 secs] [Times: user=0.63 sys=0.02, real=0.06 secs] 
9242.864: [GC 9242.864: [ParNew: 1347263K->124963K(1415616K), 0.0355870 secs] 2202595K->980295K(8231360K), 0.0358190 secs] [Times: user=0.55 sys=0.00, real=0.03 secs] 
9244.189: [GC 9244.189: [ParNew: 1383331K->119263K(1415616K), 0.0318280 secs] 2238663K->974595K(8231360K), 0.0320540 secs] [Times: user=0.49 sys=0.00, real=0.04 secs] 
9245.791: [GC 9245.791: [ParNew: 1377631K->120055K(1415616K), 0.0396690 secs] 2232963K->975387K(8231360K), 0.0399060 secs] [Times: user=0.60 sys=0.02, real=0.04 secs] 
9247.856: [GC 9247.856: [ParNew: 1378423K->108259K(1415616K), 0.0527180 secs] 2233755K->971447K(8231360K), 0.0529650 secs] [Times: user=0.68 sys=0.02, real=0.05 secs] 
9248.309: [GC 9248.309: [ParNew: 1366627K->107740K(1415616K), 0.0295000 secs] 2229815K->970928K(8231360K), 0.0297340 secs] [Times: user=0.45 sys=0.01, real=0.03 secs] 
9249.578: [GC 9249.578: [ParNew: 1366108K->111124K(1415616K), 0.0310950 secs] 2229296K->974312K(8231360K), 0.0313190 secs] [Times: user=0.47 sys=0.01, real=0.03 secs] 
9250.869: [GC 9250.869: [ParNew: 1369492K->122104K(1415616K), 0.0342120 secs] 2232680K->985292K(8231360K), 0.0344590 secs] [Times: user=0.52 sys=0.02, real=0.04 secs] 
9251.170: [GC 9251.170: [ParNew: 1380472K->120139K(1415616K), 0.0305860 secs] 2243660K->983327K(8231360K), 0.0308300 secs] [Times: user=0.46 sys=0.00, real=0.03 secs] 
9251.491: [GC 9251.491: [ParNew: 1378507K->111347K(1415616K), 0.0301110 secs] 2241695K->974535K(8231360K), 0.0303330 secs] [Times: user=0.47 sys=0.00, real=0.03 secs] 
9253.202: [GC 9253.202: [ParNew: 1369715K->94416K(1415616K), 0.0305990 secs] 2232903K->957604K(8231360K), 0.0308260 secs] [Times: user=0.47 sys=0.00, real=0.03 secs] 
9254.790: [GC 9254.790: [ParNew: 1352784K->107265K(1415616K), 0.0349340 secs] 2215972K->970453K(8231360K), 0.0351610 secs] [Times: user=0.54 sys=0.01, real=0.04 secs] 
9257.396: [GC 9257.396: [ParNew: 1365633K->92965K(1415616K), 0.0338580 secs] 2228821K->956153K(8231360K), 0.0341350 secs] [Times: user=0.53 sys=0.01, real=0.03 secs] 
9258.589: [GC 9258.590: [ParNew: 1351333K->103766K(1415616K), 0.0368180 secs] 2214521K->966954K(8231360K), 0.0370540 secs] [Times: user=0.57 sys=0.01, real=0.04 secs] 
9260.782: [GC 9260.782: [ParNew: 1362134K->99588K(1415616K), 0.0380940 secs] 2225322K->962776K(8231360K), 0.0383260 secs] [Times: user=0.59 sys=0.00, real=0.04 secs] 
9265.157: [GC 9265.158: [ParNew: 1357956K->100350K(1415616K), 0.0394710 secs] 2221144K->963538K(8231360K), 0.0397100 secs] [Times: user=0.61 sys=0.00, real=0.04 secs] 
9270.916: [GC 9270.916: [ParNew: 1358718K->90319K(1415616K), 0.0392270 secs] 2221906K->953507K(8231360K), 0.0395040 secs] [Times: user=0.61 sys=0.01, real=0.04 secs] 
9271.223: [GC 9271.223: [ParNew: 1348687K->87912K(1415616K), 0.0336150 secs] 2211875K->951100K(8231360K), 0.0338570 secs] [Times: user=0.52 sys=0.01, real=0.04 secs] 
9271.523: [GC 9271.523: [ParNew: 1346280K->97119K(1415616K), 0.0328140 secs] 2209468K->960307K(8231360K), 0.0330460 secs] [Times: user=0.52 sys=0.01, real=0.04 secs] 
9271.825: [GC 9271.825: [ParNew: 1355487K->98488K(1415616K), 0.0320780 secs] 2218675K->961676K(8231360K), 0.0323120 secs] [Times: user=0.48 sys=0.00, real=0.04 secs] 
9272.125: [GC 9272.125: [ParNew: 1356856K->104428K(1415616K), 0.0439520 secs] 2220044K->967616K(8231360K), 0.0441790 secs] [Times: user=0.67 sys=0.01, real=0.05 secs] 
9272.434: [GC 9272.434: [ParNew: 1362796K->100900K(1415616K), 0.0412950 secs] 2225984K->964088K(8231360K), 0.0415470 secs] [Times: user=0.65 sys=0.00, real=0.05 secs] 
9272.744: [GC 9272.744: [ParNew: 1359268K->105996K(1415616K), 0.0388460 secs] 2222456K->969184K(8231360K), 0.0390770 secs] [Times: user=0.60 sys=0.00, real=0.04 secs] 
9273.051: [GC 9273.051: [ParNew: 1364364K->106288K(1415616K), 0.0358910 secs] 2227552K->969476K(8231360K), 0.0361190 secs] [Times: user=0.55 sys=0.00, real=0.04 secs] 
9273.378: [GC 9273.378: [ParNew: 1364656K->106606K(1415616K), 0.0326640 secs] 2227844K->969794K(8231360K), 0.0329030 secs] [Times: user=0.50 sys=0.01, real=0.03 secs] 
9274.012: [GC 9274.012: [ParNew: 1364974K->112974K(1415616K), 0.0454590 secs] 2228162K->976162K(8231360K), 0.0457450 secs] [Times: user=0.70 sys=0.01, real=0.05 secs] 
9275.254: [GC 9275.254: [ParNew: 1371342K->124399K(1415616K), 0.0366710 secs] 2234530K->987587K(8231360K), 0.0369120 secs] [Times: user=0.57 sys=0.00, real=0.04 secs] 
9275.994: [GC 9275.994: [ParNew: 1382767K->78212K(1415616K), 0.1078970 secs] 2245955K->988425K(8231360K), 0.1081210 secs] [Times: user=0.68 sys=0.09, real=0.11 secs] 
9277.257: [GC 9277.258: [ParNew: 1336580K->56022K(1415616K), 0.0186270 secs] 2246793K->966236K(8231360K), 0.0188590 secs] [Times: user=0.27 sys=0.01, real=0.01 secs] 
9279.797: [GC 9279.797: [ParNew: 1314390K->56402K(1415616K), 0.0186090 secs] 2224604K->966616K(8231360K), 0.0188360 secs] [Times: user=0.28 sys=0.00, real=0.01 secs] 
9285.319: [GC 9285.319: [ParNew: 1314770K->41029K(1415616K), 0.0180910 secs] 2224984K->951242K(8231360K), 0.0183210 secs] [Times: user=0.26 sys=0.00, real=0.01 secs] 
9286.528: [GC 9286.528: [ParNew: 1299397K->60692K(1415616K), 0.0209890 secs] 2209610K->970905K(8231360K), 0.0212200 secs] [Times: user=0.31 sys=0.00, real=0.02 secs] 
9287.326: [GC 9287.326: [ParNew: 1319060K->71228K(1415616K), 0.0247450 secs] 2229273K->981442K(8231360K), 0.0249720 secs] [Times: user=0.38 sys=0.00, real=0.03 secs] 
9288.594: [GC 9288.595: [ParNew: 1329596K->83173K(1415616K), 0.0250840 secs] 2239810K->993386K(8231360K), 0.0253130 secs] [Times: user=0.38 sys=0.01, real=0.03 secs] 
9289.487: [GC 9289.487: [ParNew: 1341541K->86072K(1415616K), 0.0258970 secs] 2251754K->996286K(8231360K), 0.0261240 secs] [Times: user=0.39 sys=0.00, real=0.03 secs] 
9290.019: [GC 9290.019: [ParNew: 1344440K->99181K(1415616K), 0.0279880 secs] 2254654K->1009395K(8231360K), 0.0282180 secs] [Times: user=0.43 sys=0.01, real=0.02 secs] 
9290.876: [GC 9290.876: [ParNew: 1357549K->108099K(1415616K), 0.0343080 secs] 2267763K->1018312K(8231360K), 0.0345430 secs] [Times: user=0.52 sys=0.01, real=0.04 secs] 
9291.178: [GC 9291.178: [ParNew: 1366467K->103371K(1415616K), 0.0281580 secs] 2276680K->1013584K(8231360K), 0.0283870 secs] [Times: user=0.44 sys=0.00, real=0.03 secs] 
9291.474: [GC 9291.474: [ParNew: 1361739K->102120K(1415616K), 0.0340710 secs] 2271952K->1012334K(8231360K), 0.0343030 secs] [Times: user=0.53 sys=0.00, real=0.03 secs] 
9292.228: [GC 9292.228: [ParNew: 1360488K->94913K(1415616K), 0.0328510 secs] 2270702K->1005126K(8231360K), 0.0331820 secs] [Times: user=0.51 sys=0.00, real=0.04 secs] 
9293.390: [GC 9293.390: [ParNew: 1353281K->119204K(1415616K), 0.0354420 secs] 2263494K->1029417K(8231360K), 0.0356700 secs] [Times: user=0.54 sys=0.01, real=0.03 secs] 
9295.609: [GC 9295.609: [ParNew: 1377572K->124528K(1415616K), 0.0367500 secs] 2287785K->1034741K(8231360K), 0.0369880 secs] [Times: user=0.57 sys=0.01, real=0.04 secs] 
9297.212: [GC 9297.212: [ParNew: 1382896K->83816K(1415616K), 0.0617560 secs] 2293109K->1009104K(8231360K), 0.0619870 secs] [Times: user=0.68 sys=0.02, real=0.06 secs] 
9299.611: [GC 9299.612: [ParNew: 1342184K->79120K(1415616K), 0.0293250 secs] 2267472K->1004407K(8231360K), 0.0295630 secs] [Times: user=0.44 sys=0.00, real=0.03 secs] 
9301.085: [GC 9301.085: [ParNew: 1337488K->76543K(1415616K), 0.0319540 secs] 2262775K->1001831K(8231360K), 0.0321970 secs] [Times: user=0.48 sys=0.00, real=0.03 secs] 
9301.525: [GC 9301.526: [ParNew: 1334911K->101097K(1415616K), 0.0383040 secs] 2260199K->1026385K(8231360K), 0.0385330 secs] [Times: user=0.58 sys=0.03, real=0.04 secs] 
9301.885: [GC 9301.885: [ParNew: 1359465K->112346K(1415616K), 0.0339080 secs] 2284753K->1037633K(8231360K), 0.0341410 secs] [Times: user=0.53 sys=0.01, real=0.03 secs] 
9302.602: [GC 9302.602: [ParNew: 1370714K->113566K(1415616K), 0.0316830 secs] 2296001K->1038854K(8231360K), 0.0319310 secs] [Times: user=0.49 sys=0.00, real=0.03 secs] 
9303.175: [GC 9303.175: [ParNew: 1371934K->119846K(1415616K), 0.0432800 secs] 2297222K->1045133K(8231360K), 0.0435040 secs] [Times: user=0.66 sys=0.02, real=0.04 secs] 
9304.109: [GC 9304.109: [ParNew: 1378214K->87479K(1415616K), 0.0616680 secs] 2303501K->1027651K(8231360K), 0.0618970 secs] [Times: user=0.70 sys=0.01, real=0.06 secs] 
9305.009: [GC 9305.009: [ParNew: 1345847K->95002K(1415616K), 0.0312210 secs] 2286019K->1035174K(8231360K), 0.0314610 secs] [Times: user=0.47 sys=0.02, real=0.03 secs] 
9306.207: [GC 9306.207: [ParNew: 1353370K->99489K(1415616K), 0.0296860 secs] 2293542K->1039661K(8231360K), 0.0299170 secs] [Times: user=0.45 sys=0.00, real=0.03 secs] 
9307.352: [GC 9307.352: [ParNew: 1357857K->110793K(1415616K), 0.0363790 secs] 2298029K->1050965K(8231360K), 0.0366120 secs] [Times: user=0.57 sys=0.01, real=0.03 secs] 
9307.774: [GC 9307.774: [ParNew: 1369161K->110432K(1415616K), 0.0403400 secs] 2309333K->1050604K(8231360K), 0.0405860 secs] [Times: user=0.60 sys=0.03, real=0.04 secs] 
9308.183: [GC 9308.183: [ParNew: 1368800K->108257K(1415616K), 0.0309500 secs] 2308972K->1048429K(8231360K), 0.0312050 secs] [Times: user=0.47 sys=0.01, real=0.03 secs] 
9309.595: [GC 9309.595: [ParNew: 1366625K->110170K(1415616K), 0.0332460 secs] 2306797K->1050342K(8231360K), 0.0334790 secs] [Times: user=0.50 sys=0.02, real=0.03 secs] 
9310.919: [GC 9310.919: [ParNew: 1368538K->102694K(1415616K), 0.0564050 secs] 2308710K->1054164K(8231360K), 0.0566380 secs] [Times: user=0.67 sys=0.02, real=0.06 secs] 
9311.243: [GC 9311.243: [ParNew: 1361062K->99122K(1415616K), 0.0362050 secs] 2312532K->1050593K(8231360K), 0.0364350 secs] [Times: user=0.55 sys=0.01, real=0.03 secs] 
9311.562: [GC 9311.562: [ParNew: 1357490K->92847K(1415616K), 0.0342960 secs] 2308961K->1044318K(8231360K), 0.0345220 secs] [Times: user=0.53 sys=0.01, real=0.04 secs] 
9313.165: [GC 9313.165: [ParNew: 1351215K->90024K(1415616K), 0.0363230 secs] 2302686K->1041495K(8231360K), 0.0365450 secs] [Times: user=0.57 sys=0.00, real=0.03 secs] 
9314.999: [GC 9314.999: [ParNew: 1348392K->98332K(1415616K), 0.0338350 secs] 2299863K->1049803K(8231360K), 0.0340620 secs] [Times: user=0.52 sys=0.00, real=0.03 secs] 
9316.594: [GC 9316.594: [ParNew: 1356700K->110599K(1415616K), 0.0341460 secs] 2308171K->1062070K(8231360K), 0.0343740 secs] [Times: user=0.53 sys=0.01, real=0.03 secs] 
9318.383: [GC 9318.383: [ParNew: 1368967K->106671K(1415616K), 0.0342280 secs] 2320438K->1058142K(8231360K), 0.0344560 secs] [Times: user=0.53 sys=0.00, real=0.04 secs] 
9319.441: [GC 9319.441: [ParNew: 1365039K->109519K(1415616K), 0.0386220 secs] 2316510K->1060990K(8231360K), 0.0388540 secs] [Times: user=0.60 sys=0.00, real=0.04 secs] 
9320.446: [GC 9320.446: [ParNew: 1367887K->125784K(1415616K), 0.0350500 secs] 2319358K->1077255K(8231360K), 0.0352890 secs] [Times: user=0.55 sys=0.00, real=0.03 secs] 
9322.198: [GC 9322.198: [ParNew: 1384152K->87504K(1415616K), 0.0631170 secs] 2335623K->1058228K(8231360K), 0.0633680 secs] [Times: user=0.64 sys=0.01, real=0.06 secs] 
9324.186: [GC 9324.186: [ParNew: 1345872K->80995K(1415616K), 0.0317610 secs] 2316596K->1051719K(8231360K), 0.0320110 secs] [Times: user=0.48 sys=0.01, real=0.03 secs] 
9326.781: [GC 9326.781: [ParNew: 1339363K->82752K(1415616K), 0.0282900 secs] 2310087K->1053476K(8231360K), 0.0285200 secs] [Times: user=0.44 sys=0.00, real=0.03 secs] 
9328.612: [GC 9328.612: [ParNew: 1341120K->102060K(1415616K), 0.0352780 secs] 2311844K->1072785K(8231360K), 0.0355500 secs] [Times: user=0.55 sys=0.00, real=0.04 secs] 
9330.623: [GC 9330.623: [ParNew: 1360428K->96748K(1415616K), 0.0350170 secs] 2331153K->1067472K(8231360K), 0.0352520 secs] [Times: user=0.54 sys=0.00, real=0.04 secs] 
9331.215: [GC 9331.215: [ParNew: 1355116K->97272K(1415616K), 0.0291270 secs] 2325840K->1067996K(8231360K), 0.0293670 secs] [Times: user=0.45 sys=0.00, real=0.03 secs] 
9331.514: [GC 9331.514: [ParNew: 1355640K->99005K(1415616K), 0.0394870 secs] 2326364K->1069729K(8231360K), 0.0397130 secs] [Times: user=0.61 sys=0.01, real=0.04 secs] 
9331.825: [GC 9331.826: [ParNew: 1357373K->93243K(1415616K), 0.0344800 secs] 2328097K->1063967K(8231360K), 0.0347100 secs] [Times: user=0.53 sys=0.01, real=0.04 secs] 
9332.133: [GC 9332.133: [ParNew: 1351611K->93438K(1415616K), 0.0329100 secs] 2322335K->1064162K(8231360K), 0.0331400 secs] [Times: user=0.50 sys=0.01, real=0.03 secs] 
9332.433: [GC 9332.433: [ParNew: 1351806K->101680K(1415616K), 0.0307750 secs] 2322530K->1072404K(8231360K), 0.0310020 secs] [Times: user=0.47 sys=0.00, real=0.03 secs] 
9332.730: [GC 9332.730: [ParNew: 1360048K->88362K(1415616K), 0.0341110 secs] 2330772K->1059086K(8231360K), 0.0343430 secs] [Times: user=0.52 sys=0.00, real=0.03 secs] 
9333.030: [GC 9333.030: [ParNew: 1346730K->88030K(1415616K), 0.0339580 secs] 2317454K->1058754K(8231360K), 0.0341930 secs] [Times: user=0.53 sys=0.00, real=0.03 secs] 
9333.346: [GC 9333.346: [ParNew: 1346398K->105579K(1415616K), 0.0336050 secs] 2317122K->1076303K(8231360K), 0.0338420 secs] [Times: user=0.53 sys=0.00, real=0.04 secs] 
9333.741: [GC 9333.741: [ParNew: 1363947K->95487K(1415616K), 0.0418370 secs] 2334671K->1066211K(8231360K), 0.0420630 secs] [Times: user=0.65 sys=0.01, real=0.04 secs] 
9336.603: [GC 9336.603: [ParNew: 1353855K->97528K(1415616K), 0.0339230 secs] 2324579K->1068252K(8231360K), 0.0341840 secs] [Times: user=0.53 sys=0.00, real=0.03 secs] 
9341.180: [GC 9341.180: [ParNew: 1355896K->93397K(1415616K), 0.0375450 secs] 2326620K->1064121K(8231360K), 0.0377780 secs] [Times: user=0.57 sys=0.00, real=0.03 secs] 
9345.317: [GC 9345.317: [ParNew: 1351765K->86388K(1415616K), 0.0338920 secs] 2322489K->1057112K(8231360K), 0.0341280 secs] [Times: user=0.51 sys=0.01, real=0.04 secs] 
9346.533: [GC 9346.533: [ParNew: 1344756K->122107K(1415616K), 0.0402800 secs] 2315480K->1092832K(8231360K), 0.0405080 secs] [Times: user=0.62 sys=0.00, real=0.04 secs] 
9347.297: [GC 9347.297: [ParNew: 1380475K->115219K(1415616K), 0.0422120 secs] 2351200K->1085943K(8231360K), 0.0424440 secs] [Times: user=0.66 sys=0.00, real=0.05 secs] 
9348.594: [GC 9348.594: [ParNew: 1373587K->78920K(1415616K), 0.1010070 secs] 2344311K->1090327K(8231360K), 0.1012360 secs] [Times: user=0.75 sys=0.07, real=0.10 secs] 
9349.644: [GC 9349.644: [ParNew: 1337288K->75326K(1415616K), 0.0232800 secs] 2348695K->1086732K(8231360K), 0.0235060 secs] [Times: user=0.35 sys=0.01, real=0.02 secs] 
9350.643: [GC 9350.643: [ParNew: 1333694K->89249K(1415616K), 0.0281320 secs] 2345100K->1100655K(8231360K), 0.0283710 secs] [Times: user=0.43 sys=0.00, real=0.03 secs] 
9351.037: [GC 9351.037: [ParNew: 1347617K->95680K(1415616K), 0.0307630 secs] 2359023K->1107086K(8231360K), 0.0310030 secs] [Times: user=0.47 sys=0.02, real=0.03 secs] 
9351.333: [GC 9351.333: [ParNew: 1354048K->90859K(1415616K), 0.0309140 secs] 2365454K->1102265K(8231360K), 0.0311460 secs] [Times: user=0.48 sys=0.01, real=0.03 secs] 
9351.631: [GC 9351.631: [ParNew: 1349227K->94087K(1415616K), 0.0303210 secs] 2360633K->1105493K(8231360K), 0.0305550 secs] [Times: user=0.46 sys=0.01, real=0.03 secs] 
9351.982: [GC 9351.983: [ParNew: 1352455K->98755K(1415616K), 0.0282010 secs] 2363861K->1110161K(8231360K), 0.0284270 secs] [Times: user=0.43 sys=0.00, real=0.03 secs] 
9352.361: [GC 9352.361: [ParNew: 1357123K->97295K(1415616K), 0.0280420 secs] 2368529K->1108701K(8231360K), 0.0282720 secs] [Times: user=0.43 sys=0.00, real=0.02 secs] 
9353.203: [GC 9353.203: [ParNew: 1355663K->111808K(1415616K), 0.0332330 secs] 2367069K->1123214K(8231360K), 0.0334730 secs] [Times: user=0.52 sys=0.01, real=0.03 secs] 
9354.007: [GC 9354.007: [ParNew: 1370176K->113222K(1415616K), 0.0338230 secs] 2381582K->1124628K(8231360K), 0.0340550 secs] [Times: user=0.51 sys=0.03, real=0.04 secs] 
9354.861: [GC 9354.861: [ParNew: 1371590K->110477K(1415616K), 0.0385640 secs] 2382996K->1121883K(8231360K), 0.0387940 secs] [Times: user=0.59 sys=0.02, real=0.03 secs] 
9358.576: [GC 9358.576: [ParNew: 1368845K->91135K(1415616K), 0.0340270 secs] 2380251K->1102541K(8231360K), 0.0342580 secs] [Times: user=0.53 sys=0.00, real=0.03 secs] 
9361.485: [GC 9361.485: [ParNew: 1349503K->80224K(1415616K), 0.0315000 secs] 2360909K->1091630K(8231360K), 0.0317400 secs] [Times: user=0.48 sys=0.01, real=0.03 secs] 
9361.822: [GC 9361.822: [ParNew: 1338592K->110814K(1415616K), 0.0342990 secs] 2349998K->1122220K(8231360K), 0.0345280 secs] [Times: user=0.53 sys=0.00, real=0.04 secs] 
9362.653: [GC 9362.653: [ParNew: 1369182K->117795K(1415616K), 0.0347960 secs] 2380588K->1129201K(8231360K), 0.0350480 secs] [Times: user=0.53 sys=0.01, real=0.03 secs] 
9363.728: [GC 9363.729: [ParNew: 1376163K->118876K(1415616K), 0.0349800 secs] 2387569K->1130282K(8231360K), 0.0352120 secs] [Times: user=0.55 sys=0.00, real=0.04 secs] 
9365.975: [GC 9365.975: [ParNew: 1377244K->83371K(1415616K), 0.0675490 secs] 2388650K->1118756K(8231360K), 0.0677880 secs] [Times: user=0.62 sys=0.03, real=0.07 secs] 
9367.255: [GC 9367.256: [ParNew: 1341739K->75382K(1415616K), 0.0230540 secs] 2377124K->1110767K(8231360K), 0.0232810 secs] [Times: user=0.36 sys=0.00, real=0.02 secs] 
9368.070: [GC 9368.070: [ParNew: 1333750K->78858K(1415616K), 0.0289100 secs] 2369135K->1114242K(8231360K), 0.0291340 secs] [Times: user=0.43 sys=0.00, real=0.03 secs] 
9368.982: [GC 9368.982: [ParNew: 1337226K->84647K(1415616K), 0.0257860 secs] 2372610K->1120031K(8231360K), 0.0260160 secs] [Times: user=0.39 sys=0.02, real=0.03 secs] 
9370.976: [GC 9370.976: [ParNew: 1343015K->102820K(1415616K), 0.0273700 secs] 2378399K->1138205K(8231360K), 0.0276130 secs] [Times: user=0.42 sys=0.00, real=0.03 secs] 
9371.277: [GC 9371.277: [ParNew: 1361188K->94096K(1415616K), 0.0269140 secs] 2396573K->1129481K(8231360K), 0.0271420 secs] [Times: user=0.42 sys=0.00, real=0.03 secs] 
9374.107: [GC 9374.107: [ParNew: 1352464K->75341K(1415616K), 0.0315800 secs] 2387849K->1110725K(8231360K), 0.0318180 secs] [Times: user=0.48 sys=0.01, real=0.03 secs] 
9376.446: [GC 9376.446: [ParNew: 1333709K->90883K(1415616K), 0.0304600 secs] 2369093K->1126268K(8231360K), 0.0306930 secs] [Times: user=0.46 sys=0.00, real=0.03 secs] 
9377.411: [GC 9377.411: [ParNew: 1349251K->92350K(1415616K), 0.0365780 secs] 2384636K->1127735K(8231360K), 0.0368050 secs] [Times: user=0.57 sys=0.01, real=0.04 secs] 
9378.561: [GC 9378.561: [ParNew: 1350718K->95284K(1415616K), 0.0288910 secs] 2386103K->1130669K(8231360K), 0.0291400 secs] [Times: user=0.44 sys=0.02, real=0.03 secs] 
9379.997: [GC 9379.997: [ParNew: 1353652K->92874K(1415616K), 0.0339780 secs] 2389037K->1128259K(8231360K), 0.0342030 secs] [Times: user=0.52 sys=0.02, real=0.03 secs] 
9381.217: [GC 9381.217: [ParNew: 1351242K->98528K(1415616K), 0.0340180 secs] 2386627K->1133912K(8231360K), 0.0342630 secs] [Times: user=0.53 sys=0.00, real=0.03 secs] 
9382.320: [GC 9382.320: [ParNew: 1356896K->112443K(1415616K), 0.0346330 secs] 2392280K->1147828K(8231360K), 0.0348650 secs] [Times: user=0.54 sys=0.00, real=0.03 secs] 
9383.468: [GC 9383.468: [ParNew: 1370811K->113711K(1415616K), 0.0406320 secs] 2406196K->1149095K(8231360K), 0.0408680 secs] [Times: user=0.63 sys=0.01, real=0.04 secs] 
9385.028: [GC 9385.028: [ParNew: 1372079K->113846K(1415616K), 0.0452160 secs] 2407463K->1149231K(8231360K), 0.0454500 secs] [Times: user=0.72 sys=0.00, real=0.04 secs] 
9386.390: [GC 9386.390: [ParNew: 1372214K->78798K(1415616K), 0.0734550 secs] 2407599K->1139976K(8231360K), 0.0736890 secs] [Times: user=0.72 sys=0.04, real=0.07 secs] 
9388.615: [GC 9388.615: [ParNew: 1337166K->84971K(1415616K), 0.0321860 secs] 2398344K->1146149K(8231360K), 0.0324250 secs] [Times: user=0.49 sys=0.01, real=0.04 secs] 
9390.594: [GC 9390.595: [ParNew: 1343339K->86108K(1415616K), 0.0323930 secs] 2404517K->1147286K(8231360K), 0.0326260 secs] [Times: user=0.51 sys=0.00, real=0.03 secs] 
9391.138: [GC 9391.138: [ParNew: 1344476K->94372K(1415616K), 0.0277280 secs] 2405654K->1155550K(8231360K), 0.0279650 secs] [Times: user=0.43 sys=0.00, real=0.02 secs] 
9391.433: [GC 9391.433: [ParNew: 1352740K->97065K(1415616K), 0.0316340 secs] 2413918K->1158243K(8231360K), 0.0318620 secs] [Times: user=0.48 sys=0.02, real=0.03 secs] 
9391.735: [GC 9391.735: [ParNew: 1355433K->93780K(1415616K), 0.0287260 secs] 2416611K->1154959K(8231360K), 0.0289620 secs] [Times: user=0.45 sys=0.00, real=0.03 secs] 
9392.034: [GC 9392.034: [ParNew: 1352148K->101616K(1415616K), 0.0320990 secs] 2413327K->1162794K(8231360K), 0.0323390 secs] [Times: user=0.50 sys=0.00, real=0.03 secs] 
9392.334: [GC 9392.334: [ParNew: 1359984K->93395K(1415616K), 0.0306080 secs] 2421162K->1154573K(8231360K), 0.0308350 secs] [Times: user=0.47 sys=0.00, real=0.03 secs] 
9392.631: [GC 9392.631: [ParNew: 1351763K->96361K(1415616K), 0.0295320 secs] 2412941K->1157539K(8231360K), 0.0297630 secs] [Times: user=0.45 sys=0.00, real=0.03 secs] 
9392.927: [GC 9392.928: [ParNew: 1354729K->92246K(1415616K), 0.0286530 secs] 2415907K->1153424K(8231360K), 0.0288800 secs] [Times: user=0.45 sys=0.00, real=0.02 secs] 
9393.237: [GC 9393.237: [ParNew: 1350614K->99207K(1415616K), 0.0312880 secs] 2411792K->1160385K(8231360K), 0.0315190 secs] [Times: user=0.48 sys=0.00, real=0.04 secs] 
9394.371: [GC 9394.371: [ParNew: 1357575K->93532K(1415616K), 0.0296600 secs] 2418753K->1154710K(8231360K), 0.0299110 secs] [Times: user=0.47 sys=0.00, real=0.03 secs] 
9395.869: [GC 9395.869: [ParNew: 1351900K->98558K(1415616K), 0.0333730 secs] 2413078K->1159736K(8231360K), 0.0336070 secs] [Times: user=0.52 sys=0.00, real=0.03 secs] 
9397.594: [GC 9397.594: [ParNew: 1356926K->105437K(1415616K), 0.0402170 secs] 2418104K->1166616K(8231360K), 0.0404570 secs] [Times: user=0.62 sys=0.01, real=0.04 secs] 
9399.806: [GC 9399.806: [ParNew: 1363805K->103386K(1415616K), 0.0331510 secs] 2424984K->1164564K(8231360K), 0.0333780 secs] [Times: user=0.51 sys=0.00, real=0.04 secs] 
9402.989: [GC 9402.990: [ParNew: 1361754K->106691K(1415616K), 0.0385880 secs] 2422932K->1167869K(8231360K), 0.0388240 secs] [Times: user=0.59 sys=0.00, real=0.04 secs] 
9405.397: [GC 9405.397: [ParNew: 1365059K->100395K(1415616K), 0.0393300 secs] 2426237K->1161573K(8231360K), 0.0395600 secs] [Times: user=0.59 sys=0.01, real=0.04 secs] 
9406.415: [GC 9406.415: [ParNew: 1358763K->121823K(1415616K), 0.0426930 secs] 2419941K->1183001K(8231360K), 0.0430600 secs] [Times: user=0.66 sys=0.02, real=0.04 secs] 
9406.899: [GC 9406.899: [ParNew: 1380191K->78657K(1415616K), 0.0869080 secs] 2441369K->1171523K(8231360K), 0.0871370 secs] [Times: user=0.76 sys=0.04, real=0.09 secs] 
9407.598: [GC 9407.598: [ParNew: 1337025K->81143K(1415616K), 0.0314670 secs] 2429891K->1174010K(8231360K), 0.0317040 secs] [Times: user=0.47 sys=0.00, real=0.03 secs] 
9408.402: [GC 9408.402: [ParNew: 1339511K->100186K(1415616K), 0.0331110 secs] 2432378K->1193053K(8231360K), 0.0333430 secs] [Times: user=0.50 sys=0.01, real=0.03 secs] 
9409.185: [GC 9409.185: [ParNew: 1358554K->109187K(1415616K), 0.0323690 secs] 2451421K->1202054K(8231360K), 0.0326020 secs] [Times: user=0.51 sys=0.00, real=0.03 secs] 
9409.927: [GC 9409.927: [ParNew: 1367555K->112450K(1415616K), 0.0352870 secs] 2460422K->1205316K(8231360K), 0.0355310 secs] [Times: user=0.55 sys=0.00, real=0.04 secs] 
9410.932: [GC 9410.932: [ParNew: 1370818K->125521K(1415616K), 0.0367160 secs] 2463684K->1218388K(8231360K), 0.0369540 secs] [Times: user=0.56 sys=0.01, real=0.03 secs] 
9411.279: [GC 9411.279: [ParNew: 1383889K->129901K(1415616K), 0.0431440 secs] 2476756K->1223312K(8231360K), 0.0433750 secs] [Times: user=0.65 sys=0.01, real=0.05 secs] 
9412.885: [GC 9412.885: [ParNew: 1388269K->125309K(1415616K), 0.0397630 secs] 2481680K->1222422K(8231360K), 0.0399940 secs] [Times: user=0.56 sys=0.00, real=0.04 secs] 
9414.176: [GC 9414.177: [ParNew: 1383677K->120290K(1415616K), 0.0439490 secs] 2480790K->1219614K(8231360K), 0.0441940 secs] [Times: user=0.65 sys=0.01, real=0.04 secs] 
9418.396: [GC 9418.397: [ParNew: 1378658K->86895K(1415616K), 0.0454930 secs] 2477982K->1191416K(8231360K), 0.0457330 secs] [Times: user=0.63 sys=0.01, real=0.05 secs] 
9421.269: [GC 9421.269: [ParNew: 1345263K->88405K(1415616K), 0.0310920 secs] 2449784K->1192926K(8231360K), 0.0313290 secs] [Times: user=0.47 sys=0.01, real=0.03 secs] 
9421.640: [GC 9421.640: [ParNew: 1346773K->96498K(1415616K), 0.0347220 secs] 2451294K->1201019K(8231360K), 0.0349610 secs] [Times: user=0.53 sys=0.00, real=0.04 secs] 
9422.409: [GC 9422.409: [ParNew: 1354866K->100913K(1415616K), 0.0343290 secs] 2459387K->1205434K(8231360K), 0.0345590 secs] [Times: user=0.53 sys=0.01, real=0.04 secs] 
9423.969: [GC 9423.969: [ParNew: 1359281K->115166K(1415616K), 0.0431500 secs] 2463802K->1219687K(8231360K), 0.0433740 secs] [Times: user=0.65 sys=0.03, real=0.04 secs] 
9426.211: [GC 9426.211: [ParNew: 1373534K->120964K(1415616K), 0.0417140 secs] 2478055K->1225485K(8231360K), 0.0419500 secs] [Times: user=0.63 sys=0.00, real=0.04 secs] 
9427.960: [GC 9427.960: [ParNew: 1379332K->120170K(1415616K), 0.0366380 secs] 2483853K->1224691K(8231360K), 0.0368680 secs] [Times: user=0.57 sys=0.00, real=0.04 secs] 
9428.387: [GC 9428.387: [ParNew: 1378538K->94599K(1415616K), 0.0588070 secs] 2483059K->1212722K(8231360K), 0.0590390 secs] [Times: user=0.66 sys=0.02, real=0.06 secs] 
9429.784: [GC 9429.784: [ParNew: 1352967K->97776K(1415616K), 0.0304580 secs] 2471090K->1215899K(8231360K), 0.0306850 secs] [Times: user=0.47 sys=0.00, real=0.04 secs] 
9430.997: [GC 9430.997: [ParNew: 1356144K->105452K(1415616K), 0.0300850 secs] 2474267K->1223575K(8231360K), 0.0303240 secs] [Times: user=0.45 sys=0.02, real=0.03 secs] 
9431.300: [GC 9431.301: [ParNew: 1363820K->93947K(1415616K), 0.0311730 secs] 2481943K->1212070K(8231360K), 0.0314540 secs] [Times: user=0.48 sys=0.00, real=0.03 secs] 
9431.792: [GC 9431.792: [ParNew: 1352315K->91424K(1415616K), 0.0358170 secs] 2470438K->1209547K(8231360K), 0.0360430 secs] [Times: user=0.54 sys=0.01, real=0.04 secs] 
9433.994: [GC 9433.994: [ParNew: 1349792K->92671K(1415616K), 0.0339490 secs] 2467915K->1210794K(8231360K), 0.0341780 secs] [Times: user=0.51 sys=0.01, real=0.04 secs] 
9436.274: [GC 9436.274: [ParNew: 1351039K->97594K(1415616K), 0.0328310 secs] 2469162K->1215717K(8231360K), 0.0330970 secs] [Times: user=0.52 sys=0.00, real=0.04 secs] 
9437.391: [GC 9437.391: [ParNew: 1355962K->93561K(1415616K), 0.0333430 secs] 2474085K->1211684K(8231360K), 0.0335670 secs] [Times: user=0.52 sys=0.00, real=0.03 secs] 
9438.665: [GC 9438.665: [ParNew: 1351929K->90506K(1415616K), 0.0333730 secs] 2470052K->1208630K(8231360K), 0.0335990 secs] [Times: user=0.51 sys=0.02, real=0.04 secs] 
9440.134: [GC 9440.134: [ParNew: 1348874K->98782K(1415616K), 0.0378850 secs] 2466998K->1216906K(8231360K), 0.0381180 secs] [Times: user=0.59 sys=0.00, real=0.04 secs] 
9442.945: [GC 9442.946: [ParNew: 1357150K->80274K(1415616K), 0.0360690 secs] 2475274K->1198397K(8231360K), 0.0362980 secs] [Times: user=0.55 sys=0.01, real=0.04 secs] 
9445.211: [GC 9445.211: [ParNew: 1338642K->107373K(1415616K), 0.0367510 secs] 2456765K->1225496K(8231360K), 0.0369870 secs] [Times: user=0.56 sys=0.02, real=0.04 secs] 
9446.543: [GC 9446.543: [ParNew: 1365741K->101474K(1415616K), 0.0350290 secs] 2483864K->1219597K(8231360K), 0.0352600 secs] [Times: user=0.54 sys=0.02, real=0.04 secs] 
9448.202: [GC 9448.202: [ParNew: 1359842K->103509K(1415616K), 0.0424590 secs] 2477965K->1221632K(8231360K), 0.0426900 secs] [Times: user=0.65 sys=0.01, real=0.04 secs] 
9450.551: [GC 9450.552: [ParNew: 1361877K->106264K(1415616K), 0.0413550 secs] 2480000K->1224387K(8231360K), 0.0415850 secs] [Times: user=0.64 sys=0.00, real=0.04 secs] 
9451.149: [GC 9451.149: [ParNew: 1364632K->97542K(1415616K), 0.0356870 secs] 2482755K->1215666K(8231360K), 0.0359310 secs] [Times: user=0.55 sys=0.02, real=0.03 secs] 
9451.454: [GC 9451.454: [ParNew: 1355910K->103946K(1415616K), 0.0378840 secs] 2474034K->1222069K(8231360K), 0.0381310 secs] [Times: user=0.59 sys=0.01, real=0.04 secs] 
9451.758: [GC 9451.758: [ParNew: 1362314K->110259K(1415616K), 0.0427710 secs] 2480437K->1228382K(8231360K), 0.0429980 secs] [Times: user=0.65 sys=0.02, real=0.05 secs] 
9452.066: [GC 9452.066: [ParNew: 1368627K->116608K(1415616K), 0.0397060 secs] 2486750K->1234731K(8231360K), 0.0399450 secs] [Times: user=0.62 sys=0.00, real=0.04 secs] 
9452.379: [GC 9452.379: [ParNew: 1374976K->78623K(1415616K), 0.0945620 secs] 2493099K->1237899K(8231360K), 0.0949630 secs] [Times: user=0.65 sys=0.08, real=0.09 secs] 
9452.740: [GC 9452.740: [ParNew: 1336991K->59339K(1415616K), 0.0181200 secs] 2496267K->1218615K(8231360K), 0.0183480 secs] [Times: user=0.27 sys=0.00, real=0.01 secs] 
9453.024: [GC 9453.024: [ParNew: 1317707K->55522K(1415616K), 0.0173670 secs] 2476983K->1214798K(8231360K), 0.0175970 secs] [Times: user=0.27 sys=0.00, real=0.02 secs] 
9453.327: [GC 9453.327: [ParNew: 1313890K->66854K(1415616K), 0.0206950 secs] 2473166K->1226130K(8231360K), 0.0209200 secs] [Times: user=0.31 sys=0.01, real=0.02 secs] 
9453.630: [GC 9453.630: [ParNew: 1325222K->63198K(1415616K), 0.0202950 secs] 2484498K->1222474K(8231360K), 0.0205180 secs] [Times: user=0.30 sys=0.00, real=0.02 secs] 
9454.186: [GC 9454.186: [ParNew: 1321566K->73912K(1415616K), 0.0226250 secs] 2480842K->1233188K(8231360K), 0.0228670 secs] [Times: user=0.35 sys=0.00, real=0.02 secs] 
9455.446: [GC 9455.446: [ParNew: 1332280K->76302K(1415616K), 0.0244990 secs] 2491556K->1235578K(8231360K), 0.0247370 secs] [Times: user=0.38 sys=0.00, real=0.03 secs] 
9457.194: [GC 9457.194: [ParNew: 1334670K->84790K(1415616K), 0.0264100 secs] 2493946K->1244066K(8231360K), 0.0266440 secs] [Times: user=0.41 sys=0.00, real=0.03 secs] 
9459.206: [GC 9459.206: [ParNew: 1343158K->80904K(1415616K), 0.0270200 secs] 2502434K->1240180K(8231360K), 0.0272600 secs] [Times: user=0.42 sys=0.00, real=0.03 secs] 
9462.878: [GC 9462.878: [ParNew: 1339272K->82096K(1415616K), 0.0261630 secs] 2498548K->1241372K(8231360K), 0.0263970 secs] [Times: user=0.39 sys=0.00, real=0.03 secs] 
9465.311: [GC 9465.311: [ParNew: 1340464K->86556K(1415616K), 0.0306040 secs] 2499740K->1245831K(8231360K), 0.0308510 secs] [Times: user=0.47 sys=0.01, real=0.04 secs] 
9466.383: [GC 9466.383: [ParNew: 1344924K->92326K(1415616K), 0.0336020 secs] 2504199K->1251602K(8231360K), 0.0338420 secs] [Times: user=0.51 sys=0.01, real=0.03 secs] 
9466.779: [GC 9466.779: [ParNew: 1350694K->97284K(1415616K), 0.0341780 secs] 2509970K->1256560K(8231360K), 0.0344080 secs] [Times: user=0.53 sys=0.00, real=0.04 secs] 
9467.320: [GC 9467.320: [ParNew: 1355652K->106099K(1415616K), 0.0315060 secs] 2514928K->1265374K(8231360K), 0.0317600 secs] [Times: user=0.50 sys=0.00, real=0.04 secs] 
9468.265: [GC 9468.265: [ParNew: 1364467K->108932K(1415616K), 0.0391550 secs] 2523742K->1268208K(8231360K), 0.0394080 secs] [Times: user=0.61 sys=0.01, real=0.04 secs] 
9469.049: [GC 9469.049: [ParNew: 1367300K->120378K(1415616K), 0.0360970 secs] 2526576K->1279654K(8231360K), 0.0363240 secs] [Times: user=0.56 sys=0.00, real=0.04 secs] 
9469.589: [GC 9469.590: [ParNew: 1378746K->93393K(1415616K), 0.0627060 secs] 2538022K->1269313K(8231360K), 0.0629270 secs] [Times: user=0.67 sys=0.03, real=0.07 secs] 
9469.653: [GC [1 CMS-initial-mark: 1175920K(6815744K)] 1269330K(8231360K), 0.1055820 secs] [Times: user=0.10 sys=0.00, real=0.10 secs] 
9469.759: [CMS-concurrent-mark-start]
9470.795: [CMS-concurrent-mark: 1.036/1.036 secs] [Times: user=4.28 sys=0.05, real=1.04 secs] 
9470.795: [CMS-concurrent-preclean-start]
9470.817: [CMS-concurrent-preclean: 0.022/0.022 secs] [Times: user=0.02 sys=0.00, real=0.02 secs] 
9470.817: [CMS-concurrent-abortable-preclean-start]
 CMS: abort preclean due to time 9476.003: [CMS-concurrent-abortable-preclean: 4.675/5.186 secs] [Times: user=5.07 sys=0.14, real=5.19 secs] 
9476.004: [GC[YG occupancy: 258970 K (1415616 K)]9476.004: [Rescan (parallel) , 0.0641340 secs]9476.068: [weak refs processing, 0.0000200 secs] [1 CMS-remark: 1175920K(6815744K)] 1434890K(8231360K), 0.0643310 secs] [Times: user=0.32 sys=0.01, real=0.06 secs] 
9476.069: [CMS-concurrent-sweep-start]
9477.984: [CMS-concurrent-sweep: 1.915/1.915 secs] [Times: user=2.01 sys=0.05, real=1.92 secs] 
9477.984: [CMS-concurrent-reset-start]
9478.012: [CMS-concurrent-reset: 0.027/0.027 secs] [Times: user=0.19 sys=0.02, real=0.02 secs] 
9478.239: [GC 9478.239: [ParNew: 1351761K->98358K(1415616K), 0.0348750 secs] 2109144K->855741K(8231360K), 0.0351100 secs] [Times: user=0.54 sys=0.01, real=0.04 secs] 
9478.560: [GC 9478.560: [ParNew: 1356726K->104495K(1415616K), 0.0341910 secs] 2114109K->861878K(8231360K), 0.0344160 secs] [Times: user=0.54 sys=0.00, real=0.04 secs] 
9478.878: [GC 9478.878: [ParNew: 1362863K->113848K(1415616K), 0.0325480 secs] 2120246K->871231K(8231360K), 0.0327710 secs] [Times: user=0.50 sys=0.02, real=0.03 secs] 
9479.197: [GC 9479.197: [ParNew: 1372216K->98373K(1415616K), 0.0357230 secs] 2129599K->855756K(8231360K), 0.0359510 secs] [Times: user=0.56 sys=0.01, real=0.03 secs] 
9479.611: [GC 9479.611: [ParNew: 1356741K->101283K(1415616K), 0.0379440 secs] 2114124K->858666K(8231360K), 0.0381730 secs] [Times: user=0.58 sys=0.01, real=0.04 secs] 
9480.062: [GC 9480.062: [ParNew: 1359651K->111069K(1415616K), 0.0415420 secs] 2117034K->868452K(8231360K), 0.0417650 secs] [Times: user=0.64 sys=0.01, real=0.04 secs] 
9480.519: [GC 9480.519: [ParNew: 1369437K->109816K(1415616K), 0.0374500 secs] 2126820K->867199K(8231360K), 0.0376820 secs] [Times: user=0.59 sys=0.00, real=0.04 secs] 
9481.096: [GC 9481.096: [ParNew: 1368184K->120259K(1415616K), 0.0382220 secs] 2125567K->877642K(8231360K), 0.0384570 secs] [Times: user=0.59 sys=0.00, real=0.04 secs] 
9481.619: [GC 9481.619: [ParNew: 1378627K->83181K(1415616K), 0.0584820 secs] 2136010K->854433K(8231360K), 0.0587070 secs] [Times: user=0.66 sys=0.00, real=0.06 secs] 
9482.090: [GC 9482.090: [ParNew: 1341549K->119745K(1415616K), 0.0389250 secs] 2112801K->890997K(8231360K), 0.0391520 secs] [Times: user=0.61 sys=0.01, real=0.04 secs] 
9483.330: [GC 9483.330: [ParNew: 1378113K->124541K(1415616K), 0.0393120 secs] 2149365K->895793K(8231360K), 0.0395450 secs] [Times: user=0.60 sys=0.01, real=0.04 secs] 
9483.792: [GC 9483.792: [ParNew: 1382909K->92402K(1415616K), 0.0497990 secs] 2154161K->871166K(8231360K), 0.0500520 secs] [Times: user=0.65 sys=0.02, real=0.05 secs] 
9485.572: [GC 9485.572: [ParNew: 1350770K->122369K(1415616K), 0.0373950 secs] 2129534K->901133K(8231360K), 0.0376320 secs] [Times: user=0.58 sys=0.01, real=0.04 secs] 
9487.424: [GC 9487.424: [ParNew: 1380737K->125264K(1415616K), 0.0369500 secs] 2159501K->904027K(8231360K), 0.0371980 secs] [Times: user=0.56 sys=0.02, real=0.04 secs] 
9487.866: [GC 9487.866: [ParNew: 1383632K->100737K(1415616K), 0.0431070 secs] 2162395K->886390K(8231360K), 0.0433310 secs] [Times: user=0.56 sys=0.01, real=0.04 secs] 
9488.980: [GC 9488.980: [ParNew: 1359105K->109997K(1415616K), 0.0354000 secs] 2144758K->895651K(8231360K), 0.0356310 secs] [Times: user=0.53 sys=0.02, real=0.04 secs] 
9490.904: [GC 9490.904: [ParNew: 1368365K->118302K(1415616K), 0.0387100 secs] 2154019K->903956K(8231360K), 0.0389430 secs] [Times: user=0.59 sys=0.01, real=0.04 secs] 
9491.210: [GC 9491.210: [ParNew: 1376670K->99793K(1415616K), 0.0312930 secs] 2162324K->885447K(8231360K), 0.0315290 secs] [Times: user=0.48 sys=0.01, real=0.03 secs] 
9491.581: [GC 9491.581: [ParNew: 1358161K->111010K(1415616K), 0.0383230 secs] 2143815K->896663K(8231360K), 0.0385620 secs] [Times: user=0.59 sys=0.01, real=0.04 secs] 
9495.190: [GC 9495.190: [ParNew: 1369378K->82764K(1415616K), 0.0307120 secs] 2155031K->868417K(8231360K), 0.0309500 secs] [Times: user=0.49 sys=0.00, real=0.03 secs] 
9498.991: [GC 9498.991: [ParNew: 1341132K->78634K(1415616K), 0.0330500 secs] 2126785K->864288K(8231360K), 0.0332860 secs] [Times: user=0.51 sys=0.00, real=0.03 secs] 
9501.707: [GC 9501.707: [ParNew: 1337002K->86709K(1415616K), 0.0320490 secs] 2122656K->872362K(8231360K), 0.0322770 secs] [Times: user=0.48 sys=0.01, real=0.04 secs] 
9504.484: [GC 9504.484: [ParNew: 1345077K->89083K(1415616K), 0.0389400 secs] 2130730K->874736K(8231360K), 0.0391880 secs] [Times: user=0.60 sys=0.00, real=0.04 secs] 
9506.203: [GC 9506.203: [ParNew: 1347451K->92587K(1415616K), 0.0320980 secs] 2133104K->878241K(8231360K), 0.0323300 secs] [Times: user=0.51 sys=0.00, real=0.03 secs] 
9507.660: [GC 9507.661: [ParNew: 1350955K->104986K(1415616K), 0.0341140 secs] 2136609K->890640K(8231360K), 0.0343430 secs] [Times: user=0.54 sys=0.00, real=0.03 secs] 
9509.589: [GC 9509.589: [ParNew: 1363354K->99513K(1415616K), 0.0454430 secs] 2149008K->885167K(8231360K), 0.0456660 secs] [Times: user=0.70 sys=0.01, real=0.04 secs] 
9511.201: [GC 9511.202: [ParNew: 1357881K->101382K(1415616K), 0.0432490 secs] 2143535K->887035K(8231360K), 0.0434830 secs] [Times: user=0.65 sys=0.01, real=0.04 secs] 
9511.514: [GC 9511.514: [ParNew: 1359750K->107215K(1415616K), 0.0445070 secs] 2145403K->892868K(8231360K), 0.0447300 secs] [Times: user=0.69 sys=0.01, real=0.04 secs] 
9511.850: [GC 9511.850: [ParNew: 1365583K->104103K(1415616K), 0.0382000 secs] 2151236K->889757K(8231360K), 0.0384260 secs] [Times: user=0.60 sys=0.00, real=0.03 secs] 
9512.265: [GC 9512.265: [ParNew: 1362471K->110608K(1415616K), 0.0386310 secs] 2148125K->896261K(8231360K), 0.0388540 secs] [Times: user=0.60 sys=0.00, real=0.04 secs] 
9513.428: [GC 9513.428: [ParNew: 1368976K->111711K(1415616K), 0.0465200 secs] 2154629K->897364K(8231360K), 0.0467440 secs] [Times: user=0.72 sys=0.01, real=0.05 secs] 
9515.344: [GC 9515.344: [ParNew: 1370079K->79182K(1415616K), 0.0970920 secs] 2155732K->903973K(8231360K), 0.0973110 secs] [Times: user=0.71 sys=0.07, real=0.10 secs] 
9520.866: [GC 9520.866: [ParNew: 1337550K->65756K(1415616K), 0.0221690 secs] 2162341K->890547K(8231360K), 0.0223990 secs] [Times: user=0.34 sys=0.00, real=0.02 secs] 
9522.822: [GC 9522.822: [ParNew: 1324124K->65787K(1415616K), 0.0232080 secs] 2148915K->890578K(8231360K), 0.0234390 secs] [Times: user=0.34 sys=0.02, real=0.02 secs] 
9524.385: [GC 9524.385: [ParNew: 1324155K->66234K(1415616K), 0.0239170 secs] 2148946K->891025K(8231360K), 0.0241520 secs] [Times: user=0.36 sys=0.01, real=0.02 secs] 
9525.715: [GC 9525.715: [ParNew: 1324602K->75608K(1415616K), 0.0282370 secs] 2149393K->900400K(8231360K), 0.0284720 secs] [Times: user=0.43 sys=0.00, real=0.03 secs] 
9526.339: [GC 9526.339: [ParNew: 1333976K->90576K(1415616K), 0.0269220 secs] 2158768K->915367K(8231360K), 0.0271500 secs] [Times: user=0.40 sys=0.01, real=0.03 secs] 
9526.781: [GC 9526.781: [ParNew: 1348944K->102916K(1415616K), 0.0314060 secs] 2173735K->927708K(8231360K), 0.0316440 secs] [Times: user=0.48 sys=0.00, real=0.04 secs] 
9527.381: [GC 9527.382: [ParNew: 1361290K->104886K(1415616K), 0.0354870 secs] 2186081K->929677K(8231360K), 0.0357130 secs] [Times: user=0.54 sys=0.01, real=0.04 secs] 
9527.418: [GC [1 CMS-initial-mark: 824791K(6815744K)] 946940K(8231360K), 0.1028370 secs] [Times: user=0.11 sys=0.00, real=0.10 secs] 
9527.521: [CMS-concurrent-mark-start]
9528.562: [CMS-concurrent-mark: 1.040/1.040 secs] [Times: user=4.38 sys=0.05, real=1.04 secs] 
9528.562: [CMS-concurrent-preclean-start]
9528.584: [CMS-concurrent-preclean: 0.022/0.022 secs] [Times: user=0.02 sys=0.00, real=0.03 secs] 
9528.584: [CMS-concurrent-abortable-preclean-start]
 CMS: abort preclean due to time 9533.699: [CMS-concurrent-abortable-preclean: 4.805/5.115 secs] [Times: user=5.30 sys=0.17, real=5.11 secs] 
9533.699: [GC[YG occupancy: 359017 K (1415616 K)]9533.699: [Rescan (parallel) , 0.1677540 secs]9533.867: [weak refs processing, 0.0000240 secs] [1 CMS-remark: 824791K(6815744K)] 1183809K(8231360K), 0.1679090 secs] [Times: user=0.48 sys=0.02, real=0.17 secs] 
9533.867: [CMS-concurrent-sweep-start]
9535.631: [CMS-concurrent-sweep: 1.763/1.763 secs] [Times: user=1.89 sys=0.05, real=1.76 secs] 
9535.631: [CMS-concurrent-reset-start]
9535.659: [CMS-concurrent-reset: 0.028/0.028 secs] [Times: user=0.19 sys=0.01, real=0.03 secs] 
9535.862: [GC 9535.863: [ParNew: 1363254K->121650K(1415616K), 0.0442330 secs] 2114951K->873347K(8231360K), 0.0444510 secs] [Times: user=0.68 sys=0.02, real=0.05 secs] 
9536.192: [GC 9536.192: [ParNew: 1380018K->90239K(1415616K), 0.0622250 secs] 2131715K->856919K(8231360K), 0.0624410 secs] [Times: user=0.69 sys=0.02, real=0.07 secs] 
9536.546: [GC 9536.546: [ParNew: 1348607K->103484K(1415616K), 0.0337590 secs] 2115287K->870164K(8231360K), 0.0339910 secs] [Times: user=0.53 sys=0.00, real=0.03 secs] 
9536.867: [GC 9536.867: [ParNew: 1361852K->111252K(1415616K), 0.0346410 secs] 2128532K->877933K(8231360K), 0.0348630 secs] [Times: user=0.53 sys=0.00, real=0.03 secs] 
9537.184: [GC 9537.184: [ParNew: 1369620K->106106K(1415616K), 0.0350700 secs] 2136301K->872787K(8231360K), 0.0353180 secs] [Times: user=0.54 sys=0.02, real=0.04 secs] 
9537.505: [GC 9537.505: [ParNew: 1364474K->106695K(1415616K), 0.0339840 secs] 2131155K->873375K(8231360K), 0.0341980 secs] [Times: user=0.52 sys=0.01, real=0.03 secs] 
9537.827: [GC 9537.827: [ParNew: 1365063K->108266K(1415616K), 0.0339290 secs] 2131743K->874947K(8231360K), 0.0341500 secs] [Times: user=0.52 sys=0.00, real=0.03 secs] 
9538.156: [GC 9538.156: [ParNew: 1366634K->115006K(1415616K), 0.0360080 secs] 2133315K->881687K(8231360K), 0.0362160 secs] [Times: user=0.55 sys=0.02, real=0.03 secs] 
9538.487: [GC 9538.487: [ParNew: 1373374K->109150K(1415616K), 0.0359280 secs] 2140055K->875831K(8231360K), 0.0361430 secs] [Times: user=0.56 sys=0.00, real=0.03 secs] 
9540.030: [GC 9540.031: [ParNew: 1367518K->88093K(1415616K), 0.0557160 secs] 2134199K->864942K(8231360K), 0.0559380 secs] [Times: user=0.69 sys=0.00, real=0.06 secs] 
9541.109: [GC 9541.110: [ParNew: 1346461K->103791K(1415616K), 0.0344840 secs] 2123310K->880641K(8231360K), 0.0347000 secs] [Times: user=0.53 sys=0.01, real=0.03 secs] 
9542.521: [GC 9542.521: [ParNew: 1362159K->103288K(1415616K), 0.0340590 secs] 2139009K->880137K(8231360K), 0.0342730 secs] [Times: user=0.52 sys=0.02, real=0.04 secs] 
9542.866: [GC 9542.866: [ParNew: 1361656K->128365K(1415616K), 0.0427150 secs] 2138505K->905214K(8231360K), 0.0429280 secs] [Times: user=0.67 sys=0.00, real=0.04 secs] 
9543.323: [GC 9543.323: [ParNew: 1386733K->101001K(1415616K), 0.0482150 secs] 2163582K->886644K(8231360K), 0.0484380 secs] [Times: user=0.61 sys=0.01, real=0.05 secs] 
9544.785: [GC 9544.785: [ParNew: 1359369K->90065K(1415616K), 0.0372820 secs] 2145012K->875708K(8231360K), 0.0375160 secs] [Times: user=0.58 sys=0.01, real=0.04 secs] 
9547.480: [GC 9547.480: [ParNew: 1348433K->112593K(1415616K), 0.0376540 secs] 2134076K->898236K(8231360K), 0.0378830 secs] [Times: user=0.59 sys=0.01, real=0.04 secs] 
9547.921: [GC 9547.921: [ParNew: 1370961K->109830K(1415616K), 0.0341870 secs] 2156604K->895473K(8231360K), 0.0344020 secs] [Times: user=0.52 sys=0.01, real=0.03 secs] 
9549.448: [GC 9549.448: [ParNew: 1368198K->101832K(1415616K), 0.0375700 secs] 2153841K->887475K(8231360K), 0.0378010 secs] [Times: user=0.58 sys=0.00, real=0.03 secs] 
9550.890: [GC 9550.890: [ParNew: 1360200K->107921K(1415616K), 0.0409580 secs] 2145843K->893564K(8231360K), 0.0411750 secs] [Times: user=0.62 sys=0.02, real=0.04 secs] 
9551.199: [GC 9551.199: [ParNew: 1366289K->95513K(1415616K), 0.0343840 secs] 2151932K->881156K(8231360K), 0.0345990 secs] [Times: user=0.53 sys=0.01, real=0.03 secs] 
9551.534: [GC 9551.535: [ParNew: 1353881K->106911K(1415616K), 0.0347760 secs] 2139524K->892554K(8231360K), 0.0350000 secs] [Times: user=0.52 sys=0.01, real=0.04 secs] 
9553.212: [GC 9553.212: [ParNew: 1365279K->93008K(1415616K), 0.0347200 secs] 2150922K->878651K(8231360K), 0.0349380 secs] [Times: user=0.55 sys=0.00, real=0.03 secs] 
9555.768: [GC 9555.768: [ParNew: 1351376K->101914K(1415616K), 0.0342000 secs] 2137019K->887557K(8231360K), 0.0344180 secs] [Times: user=0.53 sys=0.00, real=0.03 secs] 
9558.397: [GC 9558.397: [ParNew: 1360282K->101897K(1415616K), 0.0422870 secs] 2145925K->887540K(8231360K), 0.0425050 secs] [Times: user=0.65 sys=0.00, real=0.05 secs] 
9560.097: [GC 9560.097: [ParNew: 1360265K->106734K(1415616K), 0.0437250 secs] 2145908K->892377K(8231360K), 0.0439270 secs] [Times: user=0.68 sys=0.01, real=0.05 secs] 
9562.183: [GC 9562.183: [ParNew: 1365102K->109760K(1415616K), 0.0418870 secs] 2150745K->895403K(8231360K), 0.0421080 secs] [Times: user=0.65 sys=0.00, real=0.04 secs] 
9563.983: [GC 9563.983: [ParNew: 1368128K->108189K(1415616K), 0.0440660 secs] 2153771K->893832K(8231360K), 0.0442790 secs] [Times: user=0.68 sys=0.01, real=0.04 secs] 
9565.798: [GC 9565.798: [ParNew: 1366557K->116175K(1415616K), 0.0413540 secs] 2152200K->901818K(8231360K), 0.0415690 secs] [Times: user=0.63 sys=0.01, real=0.04 secs] 
9568.010: [GC 9568.010: [ParNew: 1374543K->85955K(1415616K), 0.0902470 secs] 2160186K->901387K(8231360K), 0.0905470 secs] [Times: user=0.82 sys=0.03, real=0.10 secs] 
9570.388: [GC 9570.388: [ParNew: 1344323K->68804K(1415616K), 0.0283660 secs] 2159755K->884236K(8231360K), 0.0285840 secs] [Times: user=0.43 sys=0.00, real=0.03 secs] 
9571.151: [GC 9571.151: [ParNew: 1327172K->90319K(1415616K), 0.0275820 secs] 2142604K->905751K(8231360K), 0.0278000 secs] [Times: user=0.41 sys=0.00, real=0.02 secs] 
9571.449: [GC 9571.449: [ParNew: 1348687K->91828K(1415616K), 0.0255950 secs] 2164119K->907260K(8231360K), 0.0258120 secs] [Times: user=0.38 sys=0.00, real=0.03 secs] 
9571.742: [GC 9571.742: [ParNew: 1350196K->85690K(1415616K), 0.0313970 secs] 2165628K->901122K(8231360K), 0.0316090 secs] [Times: user=0.48 sys=0.00, real=0.03 secs] 
9572.042: [GC 9572.042: [ParNew: 1344058K->80094K(1415616K), 0.0289900 secs] 2159490K->895526K(8231360K), 0.0292190 secs] [Times: user=0.45 sys=0.00, real=0.03 secs] 
9572.339: [GC 9572.339: [ParNew: 1338462K->84252K(1415616K), 0.0292600 secs] 2153894K->899684K(8231360K), 0.0294760 secs] [Times: user=0.45 sys=0.01, real=0.03 secs] 
9572.638: [GC 9572.638: [ParNew: 1342620K->80150K(1415616K), 0.0302350 secs] 2158052K->895582K(8231360K), 0.0304480 secs] [Times: user=0.47 sys=0.01, real=0.03 secs] 
9572.937: [GC 9572.937: [ParNew: 1338518K->91841K(1415616K), 0.0286810 secs] 2153950K->907273K(8231360K), 0.0289050 secs] [Times: user=0.45 sys=0.01, real=0.03 secs] 
9573.249: [GC 9573.249: [ParNew: 1350209K->88215K(1415616K), 0.0334310 secs] 2165641K->903647K(8231360K), 0.0336450 secs] [Times: user=0.51 sys=0.01, real=0.04 secs] 
9573.786: [GC 9573.786: [ParNew: 1346583K->101099K(1415616K), 0.0314170 secs] 2162015K->916531K(8231360K), 0.0316300 secs] [Times: user=0.49 sys=0.00, real=0.03 secs] 
9578.177: [GC 9578.178: [ParNew: 1359467K->83338K(1415616K), 0.0316710 secs] 2174899K->898770K(8231360K), 0.0318970 secs] [Times: user=0.48 sys=0.02, real=0.03 secs] 
9581.280: [GC 9581.281: [ParNew: 1341706K->82318K(1415616K), 0.0336410 secs] 2157138K->897750K(8231360K), 0.0338590 secs] [Times: user=0.51 sys=0.01, real=0.04 secs] 
9583.567: [GC 9583.568: [ParNew: 1340686K->73029K(1415616K), 0.0300430 secs] 2156118K->888461K(8231360K), 0.0302470 secs] [Times: user=0.47 sys=0.00, real=0.03 secs] 
9586.268: [GC 9586.268: [ParNew: 1331397K->99110K(1415616K), 0.0343780 secs] 2146829K->914543K(8231360K), 0.0345880 secs] [Times: user=0.53 sys=0.00, real=0.03 secs] 
9586.629: [GC 9586.629: [ParNew: 1357478K->102888K(1415616K), 0.0336750 secs] 2172911K->918321K(8231360K), 0.0338890 secs] [Times: user=0.51 sys=0.01, real=0.03 secs] 
9587.394: [GC 9587.394: [ParNew: 1361256K->123848K(1415616K), 0.0403170 secs] 2176689K->939280K(8231360K), 0.0405290 secs] [Times: user=0.62 sys=0.01, real=0.04 secs] 
9588.884: [GC 9588.884: [ParNew: 1382216K->132380K(1415616K), 0.0397780 secs] 2197648K->947812K(8231360K), 0.0400120 secs] [Times: user=0.62 sys=0.00, real=0.05 secs] 
9589.566: [GC 9589.567: [ParNew: 1390748K->86423K(1415616K), 0.0903860 secs] 2206180K->935910K(8231360K), 0.0905990 secs] [Times: user=0.75 sys=0.04, real=0.09 secs] 
9589.999: [GC 9589.999: [ParNew: 1344791K->84524K(1415616K), 0.0264140 secs] 2194278K->934012K(8231360K), 0.0266230 secs] [Times: user=0.40 sys=0.01, real=0.03 secs] 
9590.920: [GC 9590.920: [ParNew: 1342892K->116809K(1415616K), 0.0268350 secs] 2192380K->966296K(8231360K), 0.0270560 secs] [Times: user=0.41 sys=0.00, real=0.03 secs] 
9591.249: [GC 9591.249: [ParNew: 1375177K->87061K(1415616K), 0.0294510 secs] 2224664K->936548K(8231360K), 0.0296670 secs] [Times: user=0.45 sys=0.00, real=0.03 secs] 
9592.400: [GC 9592.400: [ParNew: 1345429K->111234K(1415616K), 0.0306340 secs] 2194916K->960721K(8231360K), 0.0308480 secs] [Times: user=0.47 sys=0.01, real=0.03 secs] 
9593.596: [GC 9593.596: [ParNew: 1369602K->111455K(1415616K), 0.0336000 secs] 2219089K->960942K(8231360K), 0.0338150 secs] [Times: user=0.52 sys=0.01, real=0.03 secs] 
9595.132: [GC 9595.132: [ParNew: 1369823K->119389K(1415616K), 0.0346300 secs] 2219310K->968876K(8231360K), 0.0348490 secs] [Times: user=0.52 sys=0.00, real=0.04 secs] 
9597.504: [GC 9597.504: [ParNew: 1377757K->105934K(1415616K), 0.0337980 secs] 2227244K->955421K(8231360K), 0.0340300 secs] [Times: user=0.52 sys=0.00, real=0.04 secs] 
9598.870: [GC 9598.870: [ParNew: 1364302K->97918K(1415616K), 0.0333520 secs] 2213789K->947405K(8231360K), 0.0335690 secs] [Times: user=0.52 sys=0.01, real=0.03 secs] 
9600.331: [GC 9600.331: [ParNew: 1356286K->92596K(1415616K), 0.0354710 secs] 2205773K->942083K(8231360K), 0.0356840 secs] [Times: user=0.54 sys=0.01, real=0.04 secs] 
9601.123: [GC 9601.123: [ParNew: 1350964K->93112K(1415616K), 0.0384310 secs] 2200451K->942599K(8231360K), 0.0386570 secs] [Times: user=0.58 sys=0.01, real=0.04 secs] 
9602.505: [GC 9602.505: [ParNew: 1351480K->118204K(1415616K), 0.0424790 secs] 2200967K->967692K(8231360K), 0.0426980 secs] [Times: user=0.66 sys=0.01, real=0.05 secs] 
9602.836: [GC 9602.836: [ParNew: 1376572K->128786K(1415616K), 0.0458980 secs] 2226060K->978274K(8231360K), 0.0461030 secs] [Times: user=0.71 sys=0.00, real=0.05 secs] 
9603.184: [GC 9603.184: [ParNew: 1387154K->87412K(1415616K), 0.0641130 secs] 2236642K->954388K(8231360K), 0.0643330 secs] [Times: user=0.67 sys=0.03, real=0.07 secs] 
9603.799: [GC 9603.799: [ParNew: 1345780K->102538K(1415616K), 0.0313790 secs] 2212756K->969515K(8231360K), 0.0316080 secs] [Times: user=0.48 sys=0.00, real=0.03 secs] 
9605.573: [GC 9605.573: [ParNew: 1360906K->113857K(1415616K), 0.0358330 secs] 2227883K->980833K(8231360K), 0.0360910 secs] [Times: user=0.54 sys=0.02, real=0.04 secs] 
9607.498: [GC 9607.498: [ParNew: 1372225K->126042K(1415616K), 0.0328820 secs] 2239201K->993018K(8231360K), 0.0331140 secs] [Times: user=0.50 sys=0.00, real=0.03 secs] 
9607.918: [GC 9607.918: [ParNew: 1384410K->126183K(1415616K), 0.0411450 secs] 2251386K->993159K(8231360K), 0.0413650 secs] [Times: user=0.63 sys=0.02, real=0.04 secs] 
9608.755: [GC 9608.756: [ParNew: 1384551K->125848K(1415616K), 0.0359530 secs] 2251527K->992824K(8231360K), 0.0361630 secs] [Times: user=0.55 sys=0.00, real=0.04 secs] 
9610.898: [GC 9610.898: [ParNew: 1384216K->94248K(1415616K), 0.0599170 secs] 2251192K->974180K(8231360K), 0.0601410 secs] [Times: user=0.68 sys=0.03, real=0.06 secs] 
9611.231: [GC 9611.231: [ParNew: 1352616K->102067K(1415616K), 0.0311650 secs] 2232548K->982000K(8231360K), 0.0313880 secs] [Times: user=0.49 sys=0.01, real=0.03 secs] 
9612.449: [GC 9612.449: [ParNew: 1360435K->73277K(1415616K), 0.0339460 secs] 2240368K->953210K(8231360K), 0.0342050 secs] [Times: user=0.52 sys=0.02, real=0.03 secs] 
9614.835: [GC 9614.835: [ParNew: 1331645K->82725K(1415616K), 0.0330990 secs] 2211578K->962657K(8231360K), 0.0333180 secs] [Times: user=0.50 sys=0.00, real=0.03 secs] 
9616.284: [GC 9616.285: [ParNew: 1341093K->80106K(1415616K), 0.0312140 secs] 2221025K->960038K(8231360K), 0.0314410 secs] [Times: user=0.48 sys=0.01, real=0.03 secs] 
9619.174: [GC 9619.174: [ParNew: 1338474K->71590K(1415616K), 0.0281460 secs] 2218406K->951522K(8231360K), 0.0283530 secs] [Times: user=0.43 sys=0.00, real=0.03 secs] 
9620.459: [GC 9620.459: [ParNew: 1329958K->79346K(1415616K), 0.0299380 secs] 2209890K->959279K(8231360K), 0.0301690 secs] [Times: user=0.47 sys=0.00, real=0.03 secs] 
9623.976: [GC 9623.976: [ParNew: 1337714K->81439K(1415616K), 0.0359190 secs] 2217647K->961371K(8231360K), 0.0361280 secs] [Times: user=0.55 sys=0.00, real=0.04 secs] 
9627.990: [GC 9627.990: [ParNew: 1339807K->82995K(1415616K), 0.0349970 secs] 2219739K->962928K(8231360K), 0.0352220 secs] [Times: user=0.54 sys=0.01, real=0.04 secs] 
9631.079: [GC 9631.079: [ParNew: 1341363K->93802K(1415616K), 0.0330330 secs] 2221296K->973735K(8231360K), 0.0332720 secs] [Times: user=0.50 sys=0.02, real=0.03 secs] 
9631.381: [GC 9631.381: [ParNew: 1352170K->97492K(1415616K), 0.0335660 secs] 2232103K->977425K(8231360K), 0.0337750 secs] [Times: user=0.51 sys=0.00, real=0.04 secs] 
9631.690: [GC 9631.690: [ParNew: 1355860K->95264K(1415616K), 0.0402370 secs] 2235793K->975196K(8231360K), 0.0404720 secs] [Times: user=0.62 sys=0.01, real=0.04 secs] 
9632.939: [GC 9632.939: [ParNew: 1353632K->97940K(1415616K), 0.0334980 secs] 2233564K->977872K(8231360K), 0.0337420 secs] [Times: user=0.51 sys=0.00, real=0.04 secs] 
9637.192: [GC 9637.192: [ParNew: 1356308K->97219K(1415616K), 0.0394400 secs] 2236240K->977151K(8231360K), 0.0396610 secs] [Times: user=0.61 sys=0.01, real=0.04 secs] 
9638.916: [GC 9638.916: [ParNew: 1355587K->113685K(1415616K), 0.0370570 secs] 2235519K->993618K(8231360K), 0.0372880 secs] [Times: user=0.58 sys=0.00, real=0.04 secs] 
9639.846: [GC 9639.846: [ParNew: 1372053K->108843K(1415616K), 0.0438820 secs] 2251986K->988776K(8231360K), 0.0441020 secs] [Times: user=0.68 sys=0.00, real=0.04 secs] 
9641.607: [GC 9641.607: [ParNew: 1367211K->98099K(1415616K), 0.0453900 secs] 2247144K->978032K(8231360K), 0.0456160 secs] [Times: user=0.70 sys=0.02, real=0.04 secs] 
9644.175: [GC 9644.175: [ParNew: 1356467K->103940K(1415616K), 0.0426020 secs] 2236400K->983873K(8231360K), 0.0428100 secs] [Times: user=0.66 sys=0.02, real=0.04 secs] 
9645.205: [GC 9645.205: [ParNew: 1362308K->83391K(1415616K), 0.0816240 secs] 2242241K->993428K(8231360K), 0.0818450 secs] [Times: user=0.70 sys=0.04, real=0.08 secs] 
9646.264: [GC 9646.264: [ParNew: 1341759K->73086K(1415616K), 0.0252610 secs] 2251796K->983123K(8231360K), 0.0254790 secs] [Times: user=0.39 sys=0.00, real=0.03 secs] 
9647.076: [GC 9647.076: [ParNew: 1331454K->106681K(1415616K), 0.0284590 secs] 2241491K->1016718K(8231360K), 0.0286800 secs] [Times: user=0.44 sys=0.01, real=0.03 secs] 
9647.421: [GC 9647.421: [ParNew: 1365049K->80295K(1415616K), 0.0291310 secs] 2275086K->990332K(8231360K), 0.0293470 secs] [Times: user=0.45 sys=0.00, real=0.03 secs] 
9648.305: [GC 9648.305: [ParNew: 1338663K->109770K(1415616K), 0.0328070 secs] 2248700K->1019807K(8231360K), 0.0330150 secs] [Times: user=0.52 sys=0.00, real=0.03 secs] 
9649.556: [GC 9649.556: [ParNew: 1368138K->104240K(1415616K), 0.0323100 secs] 2278175K->1014277K(8231360K), 0.0325250 secs] [Times: user=0.50 sys=0.00, real=0.03 secs] 
9649.935: [GC 9649.935: [ParNew: 1362608K->129584K(1415616K), 0.0408650 secs] 2272645K->1039621K(8231360K), 0.0410740 secs] [Times: user=0.62 sys=0.00, real=0.04 secs] 
9650.905: [GC 9650.905: [ParNew: 1387952K->101078K(1415616K), 0.0562660 secs] 2297989K->1023052K(8231360K), 0.0564950 secs] [Times: user=0.66 sys=0.02, real=0.06 secs] 
9651.229: [GC 9651.229: [ParNew: 1359446K->104336K(1415616K), 0.0288540 secs] 2281420K->1026310K(8231360K), 0.0290740 secs] [Times: user=0.45 sys=0.00, real=0.03 secs] 
9651.528: [GC 9651.528: [ParNew: 1362704K->102920K(1415616K), 0.0286230 secs] 2284678K->1024894K(8231360K), 0.0288420 secs] [Times: user=0.44 sys=0.00, real=0.03 secs] 
9651.845: [GC 9651.845: [ParNew: 1361288K->111414K(1415616K), 0.0309660 secs] 2283262K->1033388K(8231360K), 0.0311880 secs] [Times: user=0.48 sys=0.00, real=0.04 secs] 
9653.423: [GC 9653.423: [ParNew: 1369782K->112276K(1415616K), 0.0360670 secs] 2291756K->1034250K(8231360K), 0.0363610 secs] [Times: user=0.56 sys=0.00, real=0.04 secs] 
9655.214: [GC 9655.214: [ParNew: 1370644K->111857K(1415616K), 0.0344140 secs] 2292618K->1033831K(8231360K), 0.0346300 secs] [Times: user=0.53 sys=0.01, real=0.04 secs] 
9656.663: [GC 9656.663: [ParNew: 1370225K->125691K(1415616K), 0.0400770 secs] 2292199K->1047665K(8231360K), 0.0402940 secs] [Times: user=0.62 sys=0.00, real=0.04 secs] 
9657.704: [GC 9657.704: [ParNew: 1384059K->84653K(1415616K), 0.0561380 secs] 2306033K->1020138K(8231360K), 0.0563540 secs] [Times: user=0.65 sys=0.01, real=0.06 secs] 
9659.208: [GC 9659.208: [ParNew: 1343021K->102587K(1415616K), 0.0331310 secs] 2278506K->1038072K(8231360K), 0.0333440 secs] [Times: user=0.51 sys=0.00, real=0.03 secs] 
9660.795: [GC 9660.796: [ParNew: 1360955K->96923K(1415616K), 0.0320340 secs] 2296440K->1032408K(8231360K), 0.0322500 secs] [Times: user=0.49 sys=0.00, real=0.04 secs] 
9661.373: [GC 9661.374: [ParNew: 1355291K->110482K(1415616K), 0.0378540 secs] 2290776K->1045967K(8231360K), 0.0380710 secs] [Times: user=0.57 sys=0.02, real=0.04 secs] 
9662.268: [GC 9662.268: [ParNew: 1368850K->125273K(1415616K), 0.0369870 secs] 2304335K->1060758K(8231360K), 0.0372110 secs] [Times: user=0.58 sys=0.00, real=0.03 secs] 
9662.805: [GC 9662.806: [ParNew: 1383641K->132495K(1415616K), 0.0332990 secs] 2319126K->1067981K(8231360K), 0.0335200 secs] [Times: user=0.52 sys=0.00, real=0.04 secs] 
9664.793: [GC 9664.793: [ParNew: 1390863K->95777K(1415616K), 0.0543360 secs] 2326349K->1044472K(8231360K), 0.0545530 secs] [Times: user=0.63 sys=0.02, real=0.05 secs] 
9666.378: [GC 9666.378: [ParNew: 1354145K->106458K(1415616K), 0.0376580 secs] 2302840K->1055153K(8231360K), 0.0378800 secs] [Times: user=0.58 sys=0.00, real=0.04 secs] 
9667.849: [GC 9667.849: [ParNew: 1364826K->123882K(1415616K), 0.0365550 secs] 2313521K->1072578K(8231360K), 0.0367780 secs] [Times: user=0.57 sys=0.00, real=0.03 secs] 
9668.220: [GC 9668.220: [ParNew: 1382250K->112997K(1415616K), 0.0356890 secs] 2330946K->1061692K(8231360K), 0.0359060 secs] [Times: user=0.55 sys=0.00, real=0.03 secs] 
9669.694: [GC 9669.694: [ParNew: 1371365K->109713K(1415616K), 0.0336500 secs] 2320060K->1058409K(8231360K), 0.0338620 secs] [Times: user=0.51 sys=0.02, real=0.04 secs] 
9670.887: [GC 9670.887: [ParNew: 1368081K->109995K(1415616K), 0.0348400 secs] 2316777K->1058691K(8231360K), 0.0350630 secs] [Times: user=0.53 sys=0.00, real=0.04 secs] 
9671.193: [GC 9671.193: [ParNew: 1368363K->111401K(1415616K), 0.0351750 secs] 2317059K->1060097K(8231360K), 0.0353900 secs] [Times: user=0.54 sys=0.02, real=0.03 secs] 
9671.546: [GC 9671.546: [ParNew: 1369769K->117827K(1415616K), 0.0337210 secs] 2318465K->1066522K(8231360K), 0.0339390 secs] [Times: user=0.52 sys=0.02, real=0.04 secs] 
9673.778: [GC 9673.778: [ParNew: 1376195K->94795K(1415616K), 0.0373100 secs] 2324890K->1043491K(8231360K), 0.0375200 secs] [Times: user=0.55 sys=0.00, real=0.04 secs] 
9676.478: [GC 9676.478: [ParNew: 1353163K->102848K(1415616K), 0.0361050 secs] 2301859K->1051543K(8231360K), 0.0363350 secs] [Times: user=0.56 sys=0.00, real=0.04 secs] 
9677.590: [GC 9677.590: [ParNew: 1361216K->96727K(1415616K), 0.0346410 secs] 2309911K->1045423K(8231360K), 0.0348690 secs] [Times: user=0.53 sys=0.00, real=0.04 secs] 
9679.185: [GC 9679.185: [ParNew: 1355095K->92091K(1415616K), 0.0391890 secs] 2303791K->1040787K(8231360K), 0.0394020 secs] [Times: user=0.60 sys=0.01, real=0.04 secs] 
9680.232: [GC 9680.232: [ParNew: 1350459K->103975K(1415616K), 0.0339800 secs] 2299155K->1052671K(8231360K), 0.0342020 secs] [Times: user=0.53 sys=0.00, real=0.03 secs] 
9683.788: [GC 9683.788: [ParNew: 1362343K->96392K(1415616K), 0.0383200 secs] 2311039K->1045087K(8231360K), 0.0385380 secs] [Times: user=0.59 sys=0.02, real=0.04 secs] 
9685.418: [GC 9685.418: [ParNew: 1354760K->103227K(1415616K), 0.0379310 secs] 2303455K->1051923K(8231360K), 0.0381710 secs] [Times: user=0.59 sys=0.00, real=0.04 secs] 
9688.782: [GC 9688.782: [ParNew: 1361595K->95574K(1415616K), 0.0380670 secs] 2310291K->1044269K(8231360K), 0.0382860 secs] [Times: user=0.59 sys=0.00, real=0.03 secs] 
9691.084: [GC 9691.084: [ParNew: 1353942K->95972K(1415616K), 0.0404750 secs] 2302637K->1044667K(8231360K), 0.0406940 secs] [Times: user=0.62 sys=0.00, real=0.04 secs] 
9691.395: [GC 9691.396: [ParNew: 1354340K->82745K(1415616K), 0.0411240 secs] 2303035K->1031440K(8231360K), 0.0413340 secs] [Times: user=0.63 sys=0.02, real=0.04 secs] 
9691.704: [GC 9691.705: [ParNew: 1341113K->91694K(1415616K), 0.0353900 secs] 2289808K->1040389K(8231360K), 0.0356150 secs] [Times: user=0.55 sys=0.00, real=0.03 secs] 
9692.015: [GC 9692.015: [ParNew: 1350062K->102509K(1415616K), 0.0338710 secs] 2298757K->1051204K(8231360K), 0.0340820 secs] [Times: user=0.53 sys=0.00, real=0.03 secs] 
9692.317: [GC 9692.317: [ParNew: 1360877K->98802K(1415616K), 0.0346720 secs] 2309572K->1047497K(8231360K), 0.0348920 secs] [Times: user=0.53 sys=0.01, real=0.03 secs] 
9692.618: [GC 9692.618: [ParNew: 1357170K->99222K(1415616K), 0.0366650 secs] 2305865K->1047918K(8231360K), 0.0368880 secs] [Times: user=0.57 sys=0.00, real=0.04 secs] 
9692.922: [GC 9692.922: [ParNew: 1357590K->103607K(1415616K), 0.0360450 secs] 2306286K->1052303K(8231360K), 0.0362710 secs] [Times: user=0.56 sys=0.00, real=0.04 secs] 
9693.238: [GC 9693.238: [ParNew: 1361975K->99184K(1415616K), 0.0350650 secs] 2310671K->1047879K(8231360K), 0.0352810 secs] [Times: user=0.55 sys=0.00, real=0.04 secs] 
9694.184: [GC 9694.184: [ParNew: 1357552K->110242K(1415616K), 0.0400480 secs] 2306247K->1058937K(8231360K), 0.0402680 secs] [Times: user=0.63 sys=0.00, real=0.04 secs] 
9696.044: [GC 9696.044: [ParNew: 1368610K->102986K(1415616K), 0.0410140 secs] 2317305K->1051682K(8231360K), 0.0412320 secs] [Times: user=0.64 sys=0.00, real=0.04 secs] 
9697.215: [GC 9697.215: [ParNew: 1361354K->120989K(1415616K), 0.0490000 secs] 2310050K->1069684K(8231360K), 0.0492140 secs] [Times: user=0.78 sys=0.01, real=0.04 secs] 
9698.090: [GC 9698.090: [ParNew: 1379357K->79816K(1415616K), 0.1138330 secs] 2328052K->1074696K(8231360K), 0.1140400 secs] [Times: user=0.87 sys=0.05, real=0.11 secs] 
9700.584: [GC 9700.584: [ParNew: 1338184K->61199K(1415616K), 0.0214050 secs] 2333064K->1056079K(8231360K), 0.0216280 secs] [Times: user=0.33 sys=0.00, real=0.03 secs] 
9703.234: [GC 9703.234: [ParNew: 1319567K->66646K(1415616K), 0.0197980 secs] 2314447K->1061526K(8231360K), 0.0200160 secs] [Times: user=0.30 sys=0.00, real=0.02 secs] 
9704.912: [GC 9704.912: [ParNew: 1325014K->69492K(1415616K), 0.0265690 secs] 2319894K->1064372K(8231360K), 0.0267900 secs] [Times: user=0.40 sys=0.01, real=0.03 secs] 
9706.100: [GC 9706.100: [ParNew: 1327860K->78885K(1415616K), 0.0236220 secs] 2322740K->1073765K(8231360K), 0.0238450 secs] [Times: user=0.37 sys=0.00, real=0.02 secs] 
9706.471: [GC 9706.471: [ParNew: 1337253K->79897K(1415616K), 0.0250730 secs] 2332133K->1074777K(8231360K), 0.0253170 secs] [Times: user=0.39 sys=0.00, real=0.03 secs] 
9707.321: [GC 9707.321: [ParNew: 1338265K->85046K(1415616K), 0.0290640 secs] 2333145K->1079926K(8231360K), 0.0292860 secs] [Times: user=0.44 sys=0.02, real=0.03 secs] 
9708.787: [GC 9708.787: [ParNew: 1343414K->92720K(1415616K), 0.0319670 secs] 2338294K->1087600K(8231360K), 0.0321970 secs] [Times: user=0.50 sys=0.01, real=0.03 secs] 
9709.239: [GC 9709.239: [ParNew: 1351088K->111175K(1415616K), 0.0345120 secs] 2345968K->1106055K(8231360K), 0.0347310 secs] [Times: user=0.52 sys=0.01, real=0.03 secs] 
9709.609: [GC 9709.609: [ParNew: 1369543K->112556K(1415616K), 0.0403700 secs] 2364423K->1107437K(8231360K), 0.0405760 secs] [Times: user=0.62 sys=0.01, real=0.04 secs] 
9710.233: [GC 9710.233: [ParNew: 1370924K->119206K(1415616K), 0.0369600 secs] 2365805K->1114086K(8231360K), 0.0371780 secs] [Times: user=0.57 sys=0.00, real=0.04 secs] 
9710.952: [GC 9710.952: [ParNew: 1377574K->129159K(1415616K), 0.0350730 secs] 2372454K->1124039K(8231360K), 0.0352930 secs] [Times: user=0.53 sys=0.02, real=0.04 secs] 
9711.255: [GC 9711.255: [ParNew: 1387527K->89564K(1415616K), 0.0494990 secs] 2382407K->1094862K(8231360K), 0.0497070 secs] [Times: user=0.56 sys=0.01, real=0.05 secs] 
9711.575: [GC 9711.575: [ParNew: 1347932K->109528K(1415616K), 0.0318500 secs] 2353230K->1114826K(8231360K), 0.0320650 secs] [Times: user=0.48 sys=0.00, real=0.04 secs] 
9711.922: [GC 9711.922: [ParNew: 1367896K->107673K(1415616K), 0.0309120 secs] 2373194K->1112971K(8231360K), 0.0311190 secs] [Times: user=0.47 sys=0.01, real=0.03 secs] 
9713.101: [GC 9713.102: [ParNew: 1366041K->117435K(1415616K), 0.0334460 secs] 2371339K->1122732K(8231360K), 0.0337430 secs] [Times: user=0.51 sys=0.01, real=0.03 secs] 
9714.812: [GC 9714.812: [ParNew: 1375803K->122488K(1415616K), 0.0371250 secs] 2381100K->1127785K(8231360K), 0.0373430 secs] [Times: user=0.56 sys=0.02, real=0.04 secs] 
9716.122: [GC 9716.122: [ParNew: 1380856K->99306K(1415616K), 0.0521980 secs] 2386153K->1115071K(8231360K), 0.0524340 secs] [Times: user=0.60 sys=0.00, real=0.05 secs] 
9717.596: [GC 9717.596: [ParNew: 1357674K->95218K(1415616K), 0.0297660 secs] 2373439K->1110984K(8231360K), 0.0300020 secs] [Times: user=0.47 sys=0.00, real=0.03 secs] 
9719.604: [GC 9719.604: [ParNew: 1353586K->90830K(1415616K), 0.0392710 secs] 2369352K->1106596K(8231360K), 0.0394890 secs] [Times: user=0.61 sys=0.02, real=0.04 secs] 
9720.910: [GC 9720.910: [ParNew: 1349198K->86954K(1415616K), 0.0347760 secs] 2364964K->1102720K(8231360K), 0.0349940 secs] [Times: user=0.54 sys=0.01, real=0.03 secs] 
9721.445: [GC 9721.445: [ParNew: 1345322K->112886K(1415616K), 0.0356550 secs] 2361088K->1128652K(8231360K), 0.0358650 secs] [Times: user=0.55 sys=0.00, real=0.04 secs] 
9721.860: [GC 9721.860: [ParNew: 1371254K->120417K(1415616K), 0.0369200 secs] 2387020K->1136183K(8231360K), 0.0371370 secs] [Times: user=0.57 sys=0.00, real=0.03 secs] 
9722.718: [GC 9722.718: [ParNew: 1378785K->126510K(1415616K), 0.0370250 secs] 2394551K->1142276K(8231360K), 0.0372430 secs] [Times: user=0.57 sys=0.00, real=0.04 secs] 
9724.038: [GC 9724.038: [ParNew: 1384878K->94268K(1415616K), 0.0679200 secs] 2400644K->1126300K(8231360K), 0.0681420 secs] [Times: user=0.73 sys=0.01, real=0.07 secs] 
9725.870: [GC 9725.870: [ParNew: 1352636K->110820K(1415616K), 0.0316460 secs] 2384668K->1142852K(8231360K), 0.0318620 secs] [Times: user=0.49 sys=0.01, real=0.03 secs] 
9727.378: [GC 9727.378: [ParNew: 1369188K->119397K(1415616K), 0.0321630 secs] 2401220K->1151429K(8231360K), 0.0323900 secs] [Times: user=0.50 sys=0.00, real=0.04 secs] 
9727.793: [GC 9727.794: [ParNew: 1377765K->109143K(1415616K), 0.0298650 secs] 2409797K->1141175K(8231360K), 0.0300820 secs] [Times: user=0.46 sys=0.00, real=0.03 secs] 
9728.831: [GC 9728.831: [ParNew: 1367511K->110858K(1415616K), 0.0362070 secs] 2399543K->1142890K(8231360K), 0.0364180 secs] [Times: user=0.55 sys=0.01, real=0.03 secs] 
9730.021: [GC 9730.021: [ParNew: 1369226K->124818K(1415616K), 0.0354580 secs] 2401258K->1156850K(8231360K), 0.0356740 secs] [Times: user=0.55 sys=0.02, real=0.03 secs] 
9730.975: [GC 9730.975: [ParNew: 1383186K->94400K(1415616K), 0.0472590 secs] 2415218K->1133520K(8231360K), 0.0474750 secs] [Times: user=0.60 sys=0.02, real=0.05 secs] 
9731.299: [GC 9731.299: [ParNew: 1352768K->102984K(1415616K), 0.0298440 secs] 2391888K->1142104K(8231360K), 0.0300600 secs] [Times: user=0.46 sys=0.00, real=0.03 secs] 
9732.829: [GC 9732.829: [ParNew: 1361352K->97016K(1415616K), 0.0330080 secs] 2400472K->1136136K(8231360K), 0.0332380 secs] [Times: user=0.52 sys=0.00, real=0.04 secs] 
9734.430: [GC 9734.431: [ParNew: 1355384K->97839K(1415616K), 0.0369010 secs] 2394504K->1136959K(8231360K), 0.0371250 secs] [Times: user=0.58 sys=0.00, real=0.04 secs] 
9736.210: [GC 9736.210: [ParNew: 1356207K->108141K(1415616K), 0.0399540 secs] 2395327K->1147261K(8231360K), 0.0401720 secs] [Times: user=0.61 sys=0.01, real=0.04 secs] 
9737.284: [GC 9737.284: [ParNew: 1366509K->95979K(1415616K), 0.0407560 secs] 2405629K->1135099K(8231360K), 0.0409720 secs] [Times: user=0.63 sys=0.01, real=0.04 secs] 
9739.198: [GC 9739.198: [ParNew: 1354347K->105895K(1415616K), 0.0404770 secs] 2393467K->1145015K(8231360K), 0.0406910 secs] [Times: user=0.62 sys=0.00, real=0.04 secs] 
9741.039: [GC 9741.039: [ParNew: 1364263K->97648K(1415616K), 0.0388090 secs] 2403383K->1136768K(8231360K), 0.0390650 secs] [Times: user=0.61 sys=0.01, real=0.04 secs] 
9744.390: [GC 9744.390: [ParNew: 1356016K->101851K(1415616K), 0.0392950 secs] 2395136K->1140971K(8231360K), 0.0395190 secs] [Times: user=0.61 sys=0.00, real=0.04 secs] 
9748.775: [GC 9748.775: [ParNew: 1360219K->92241K(1415616K), 0.0464610 secs] 2399339K->1131361K(8231360K), 0.0466730 secs] [Times: user=0.71 sys=0.01, real=0.04 secs] 
9751.116: [GC 9751.116: [ParNew: 1350609K->105336K(1415616K), 0.0428570 secs] 2389729K->1144456K(8231360K), 0.0430790 secs] [Times: user=0.65 sys=0.01, real=0.04 secs] 
9751.427: [GC 9751.427: [ParNew: 1363704K->101450K(1415616K), 0.0398020 secs] 2402824K->1140570K(8231360K), 0.0400260 secs] [Times: user=0.62 sys=0.00, real=0.04 secs] 
9751.736: [GC 9751.736: [ParNew: 1359818K->111485K(1415616K), 0.0386060 secs] 2398938K->1150605K(8231360K), 0.0388330 secs] [Times: user=0.59 sys=0.01, real=0.04 secs] 
9752.052: [GC 9752.053: [ParNew: 1369853K->107803K(1415616K), 0.0335960 secs] 2408973K->1146923K(8231360K), 0.0338110 secs] [Times: user=0.53 sys=0.00, real=0.04 secs] 
9752.356: [GC 9752.357: [ParNew: 1366171K->112081K(1415616K), 0.0430490 secs] 2405291K->1151201K(8231360K), 0.0432560 secs] [Times: user=0.67 sys=0.01, real=0.04 secs] 
9752.675: [GC 9752.675: [ParNew: 1370449K->103300K(1415616K), 0.0390570 secs] 2409569K->1142419K(8231360K), 0.0392780 secs] [Times: user=0.61 sys=0.00, real=0.04 secs] 
9752.992: [GC 9752.992: [ParNew: 1361668K->108220K(1415616K), 0.0418610 secs] 2400787K->1147340K(8231360K), 0.0420760 secs] [Times: user=0.64 sys=0.01, real=0.04 secs] 
9753.315: [GC 9753.316: [ParNew: 1366588K->99053K(1415616K), 0.0349050 secs] 2405708K->1138173K(8231360K), 0.0351060 secs] [Times: user=0.54 sys=0.00, real=0.03 secs] 
9753.646: [GC 9753.646: [ParNew: 1357421K->104086K(1415616K), 0.0458730 secs] 2396541K->1143206K(8231360K), 0.0460830 secs] [Times: user=0.69 sys=0.02, real=0.04 secs] 
9754.779: [GC 9754.779: [ParNew: 1362454K->100647K(1415616K), 0.0443090 secs] 2401574K->1139767K(8231360K), 0.0445210 secs] [Times: user=0.68 sys=0.00, real=0.04 secs] 
9756.611: [GC 9756.611: [ParNew: 1359015K->102051K(1415616K), 0.0414190 secs] 2398135K->1141171K(8231360K), 0.0416320 secs] [Times: user=0.64 sys=0.00, real=0.04 secs] 
9757.132: [GC 9757.132: [ParNew: 1360419K->84206K(1415616K), 0.1150910 secs] 2399539K->1168937K(8231360K), 0.1153070 secs] [Times: user=0.77 sys=0.05, real=0.12 secs] 
9759.272: [GC 9759.273: [ParNew: 1342574K->59648K(1415616K), 0.0210800 secs] 2427305K->1144379K(8231360K), 0.0212940 secs] [Times: user=0.32 sys=0.00, real=0.02 secs] 
9762.790: [GC 9762.791: [ParNew: 1318016K->48533K(1415616K), 0.0180050 secs] 2402747K->1133264K(8231360K), 0.0182230 secs] [Times: user=0.27 sys=0.00, real=0.02 secs] 
9765.863: [GC 9765.863: [ParNew: 1306901K->52335K(1415616K), 0.0220810 secs] 2391632K->1137066K(8231360K), 0.0223000 secs] [Times: user=0.34 sys=0.00, real=0.02 secs] 
9766.362: [GC 9766.362: [ParNew: 1310703K->69670K(1415616K), 0.0226380 secs] 2395434K->1154401K(8231360K), 0.0228580 secs] [Times: user=0.34 sys=0.01, real=0.02 secs] 
9767.297: [GC 9767.298: [ParNew: 1328038K->79301K(1415616K), 0.0256530 secs] 2412769K->1164032K(8231360K), 0.0258830 secs] [Times: user=0.40 sys=0.00, real=0.02 secs] 
9767.837: [GC 9767.837: [ParNew: 1337669K->88946K(1415616K), 0.0256730 secs] 2422400K->1173677K(8231360K), 0.0258860 secs] [Times: user=0.40 sys=0.00, real=0.02 secs] 
9769.246: [GC 9769.247: [ParNew: 1347314K->88413K(1415616K), 0.0321520 secs] 2432045K->1173145K(8231360K), 0.0323680 secs] [Times: user=0.50 sys=0.00, real=0.04 secs] 
9769.568: [GC 9769.569: [ParNew: 1346781K->107354K(1415616K), 0.0346210 secs] 2431513K->1192085K(8231360K), 0.0348280 secs] [Times: user=0.51 sys=0.02, real=0.03 secs] 
9770.450: [GC 9770.450: [ParNew: 1365722K->115922K(1415616K), 0.0332390 secs] 2450453K->1200654K(8231360K), 0.0334510 secs] [Times: user=0.51 sys=0.02, real=0.03 secs] 
9771.007: [GC 9771.007: [ParNew: 1374290K->114509K(1415616K), 0.0375290 secs] 2459022K->1199240K(8231360K), 0.0377480 secs] [Times: user=0.59 sys=0.00, real=0.04 secs] 
9771.311: [GC 9771.311: [ParNew: 1372877K->117881K(1415616K), 0.0336670 secs] 2457608K->1202612K(8231360K), 0.0338990 secs] [Times: user=0.51 sys=0.01, real=0.03 secs] 
9771.612: [GC 9771.612: [ParNew: 1376249K->115982K(1415616K), 0.0349710 secs] 2460980K->1200713K(8231360K), 0.0351810 secs] [Times: user=0.53 sys=0.02, real=0.03 secs] 
9771.938: [GC 9771.938: [ParNew: 1374350K->93372K(1415616K), 0.0575800 secs] 2459081K->1191865K(8231360K), 0.0578090 secs] [Times: user=0.62 sys=0.00, real=0.05 secs] 
9772.451: [GC 9772.451: [ParNew: 1351740K->100058K(1415616K), 0.0296090 secs] 2450233K->1198552K(8231360K), 0.0298400 secs] [Times: user=0.46 sys=0.00, real=0.03 secs] 
9773.265: [GC 9773.266: [ParNew: 1358426K->117039K(1415616K), 0.0362410 secs] 2456920K->1215533K(8231360K), 0.0364750 secs] [Times: user=0.56 sys=0.00, real=0.04 secs] 
9774.801: [GC 9774.801: [ParNew: 1375407K->118313K(1415616K), 0.0395260 secs] 2473901K->1216807K(8231360K), 0.0397580 secs] [Times: user=0.60 sys=0.01, real=0.04 secs] 
9776.398: [GC 9776.398: [ParNew: 1376681K->105630K(1415616K), 0.0370830 secs] 2475175K->1204124K(8231360K), 0.0373160 secs] [Times: user=0.57 sys=0.01, real=0.04 secs] 
9777.941: [GC 9777.941: [ParNew: 1363998K->116034K(1415616K), 0.0341800 secs] 2462492K->1214528K(8231360K), 0.0344090 secs] [Times: user=0.52 sys=0.00, real=0.03 secs] 
9779.977: [GC 9779.977: [ParNew: 1374402K->102510K(1415616K), 0.0365690 secs] 2472896K->1201004K(8231360K), 0.0368060 secs] [Times: user=0.58 sys=0.00, real=0.04 secs] 
9781.119: [GC 9781.119: [ParNew: 1360878K->108730K(1415616K), 0.0359110 secs] 2459372K->1207224K(8231360K), 0.0361500 secs] [Times: user=0.55 sys=0.00, real=0.04 secs] 
9781.754: [GC 9781.754: [ParNew: 1367098K->122860K(1415616K), 0.0384120 secs] 2465592K->1221354K(8231360K), 0.0386430 secs] [Times: user=0.60 sys=0.01, real=0.04 secs] 
9782.180: [GC 9782.180: [ParNew: 1381228K->90255K(1415616K), 0.0663410 secs] 2479722K->1207008K(8231360K), 0.0665880 secs] [Times: user=0.68 sys=0.01, real=0.07 secs] 
9783.606: [GC 9783.607: [ParNew: 1348623K->90351K(1415616K), 0.0342020 secs] 2465376K->1207104K(8231360K), 0.0344300 secs] [Times: user=0.52 sys=0.02, real=0.04 secs] 
9784.771: [GC 9784.771: [ParNew: 1348719K->105433K(1415616K), 0.0330210 secs] 2465472K->1222186K(8231360K), 0.0332540 secs] [Times: user=0.51 sys=0.01, real=0.03 secs] 
9785.440: [GC 9785.440: [ParNew: 1363801K->110853K(1415616K), 0.0285560 secs] 2480554K->1227606K(8231360K), 0.0287890 secs] [Times: user=0.43 sys=0.02, real=0.02 secs] 
9787.208: [GC 9787.208: [ParNew: 1369221K->90968K(1415616K), 0.0337460 secs] 2485974K->1207720K(8231360K), 0.0339980 secs] [Times: user=0.53 sys=0.00, real=0.04 secs] 
9787.748: [GC 9787.748: [ParNew: 1349336K->112554K(1415616K), 0.0330740 secs] 2466088K->1229307K(8231360K), 0.0333050 secs] [Times: user=0.51 sys=0.00, real=0.04 secs] 
9788.298: [GC 9788.298: [ParNew: 1370922K->102343K(1415616K), 0.0341610 secs] 2487675K->1219096K(8231360K), 0.0343930 secs] [Times: user=0.53 sys=0.00, real=0.04 secs] 
9790.019: [GC 9790.019: [ParNew: 1360711K->108914K(1415616K), 0.0359050 secs] 2477464K->1225667K(8231360K), 0.0361530 secs] [Times: user=0.55 sys=0.01, real=0.04 secs] 
9790.909: [GC 9790.909: [ParNew: 1367282K->112037K(1415616K), 0.0376220 secs] 2484035K->1228790K(8231360K), 0.0378640 secs] [Times: user=0.57 sys=0.01, real=0.04 secs] 
9791.215: [GC 9791.215: [ParNew: 1370405K->105413K(1415616K), 0.0343160 secs] 2487158K->1222166K(8231360K), 0.0345450 secs] [Times: user=0.53 sys=0.02, real=0.03 secs] 
9791.531: [GC 9791.531: [ParNew: 1363781K->112537K(1415616K), 0.0356560 secs] 2480534K->1229290K(8231360K), 0.0359000 secs] [Times: user=0.55 sys=0.02, real=0.04 secs] 
9793.607: [GC 9793.607: [ParNew: 1370905K->98611K(1415616K), 0.0405470 secs] 2487658K->1215364K(8231360K), 0.0407860 secs] [Times: user=0.61 sys=0.02, real=0.04 secs] 
9795.827: [GC 9795.827: [ParNew: 1356979K->104172K(1415616K), 0.0368540 secs] 2473732K->1220925K(8231360K), 0.0370910 secs] [Times: user=0.57 sys=0.01, real=0.04 secs] 
9797.258: [GC 9797.259: [ParNew: 1362540K->115277K(1415616K), 0.0373780 secs] 2479293K->1232029K(8231360K), 0.0376210 secs] [Times: user=0.58 sys=0.00, real=0.04 secs] 
9799.219: [GC 9799.219: [ParNew: 1373645K->119745K(1415616K), 0.0424800 secs] 2490397K->1236498K(8231360K), 0.0427110 secs] [Times: user=0.65 sys=0.01, real=0.04 secs] 
9800.700: [GC 9800.700: [ParNew: 1378113K->83811K(1415616K), 0.0792590 secs] 2494866K->1227562K(8231360K), 0.0794920 secs] [Times: user=0.70 sys=0.02, real=0.08 secs] 
9802.580: [GC 9802.580: [ParNew: 1342179K->75808K(1415616K), 0.0277540 secs] 2485930K->1219559K(8231360K), 0.0279840 secs] [Times: user=0.43 sys=0.00, real=0.03 secs] 
9804.613: [GC 9804.613: [ParNew: 1334176K->92459K(1415616K), 0.0351450 secs] 2477927K->1236209K(8231360K), 0.0353810 secs] [Times: user=0.54 sys=0.02, real=0.04 secs] 
9805.650: [GC 9805.650: [ParNew: 1350827K->100202K(1415616K), 0.0329290 secs] 2494577K->1243953K(8231360K), 0.0331650 secs] [Times: user=0.51 sys=0.00, real=0.03 secs] 
9807.274: [GC 9807.274: [ParNew: 1358570K->95829K(1415616K), 0.0333360 secs] 2502321K->1239580K(8231360K), 0.0335710 secs] [Times: user=0.51 sys=0.02, real=0.03 secs] 
9809.795: [GC 9809.795: [ParNew: 1354197K->103599K(1415616K), 0.0349470 secs] 2497948K->1247349K(8231360K), 0.0351740 secs] [Times: user=0.54 sys=0.02, real=0.04 secs] 
9811.151: [GC 9811.151: [ParNew: 1361967K->106314K(1415616K), 0.0356910 secs] 2505717K->1250064K(8231360K), 0.0359260 secs] [Times: user=0.55 sys=0.00, real=0.04 secs] 
9811.457: [GC 9811.457: [ParNew: 1364682K->103801K(1415616K), 0.0352570 secs] 2508432K->1247551K(8231360K), 0.0354870 secs] [Times: user=0.55 sys=0.01, real=0.03 secs] 
9811.761: [GC 9811.761: [ParNew: 1362169K->95402K(1415616K), 0.0320290 secs] 2505919K->1239152K(8231360K), 0.0322740 secs] [Times: user=0.49 sys=0.00, real=0.03 secs] 
9812.065: [GC 9812.065: [ParNew: 1353770K->105528K(1415616K), 0.0392560 secs] 2497520K->1249279K(8231360K), 0.0394860 secs] [Times: user=0.58 sys=0.02, real=0.04 secs] 
9812.375: [GC 9812.375: [ParNew: 1363896K->102235K(1415616K), 0.0390000 secs] 2507647K->1245985K(8231360K), 0.0392260 secs] [Times: user=0.59 sys=0.01, real=0.03 secs] 
9812.682: [GC 9812.682: [ParNew: 1360603K->97861K(1415616K), 0.0393520 secs] 2504353K->1241612K(8231360K), 0.0395800 secs] [Times: user=0.62 sys=0.01, real=0.04 secs] 
9812.991: [GC 9812.991: [ParNew: 1356229K->110570K(1415616K), 0.0321630 secs] 2499980K->1254321K(8231360K), 0.0323990 secs] [Times: user=0.50 sys=0.00, real=0.03 secs] 
9813.305: [GC 9813.305: [ParNew: 1368938K->96626K(1415616K), 0.0347630 secs] 2512689K->1240377K(8231360K), 0.0349900 secs] [Times: user=0.54 sys=0.00, real=0.04 secs] 
9813.693: [GC 9813.693: [ParNew: 1354994K->111670K(1415616K), 0.0322960 secs] 2498745K->1255421K(8231360K), 0.0325220 secs] [Times: user=0.50 sys=0.00, real=0.04 secs] 
9816.394: [GC 9816.395: [ParNew: 1370038K->104380K(1415616K), 0.0425620 secs] 2513789K->1248130K(8231360K), 0.0428090 secs] [Times: user=0.65 sys=0.01, real=0.05 secs] 
9819.065: [GC 9819.065: [ParNew: 1362748K->90596K(1415616K), 0.0408670 secs] 2506498K->1234347K(8231360K), 0.0411060 secs] [Times: user=0.61 sys=0.03, real=0.04 secs] 
9821.774: [GC 9821.774: [ParNew: 1348964K->95002K(1415616K), 0.0366070 secs] 2492715K->1238753K(8231360K), 0.0368430 secs] [Times: user=0.56 sys=0.00, real=0.04 secs] 
9823.460: [GC 9823.460: [ParNew: 1353370K->107940K(1415616K), 0.0406560 secs] 2497121K->1251691K(8231360K), 0.0408930 secs] [Times: user=0.62 sys=0.01, real=0.04 secs] 
9825.310: [GC 9825.310: [ParNew: 1366308K->109277K(1415616K), 0.0450650 secs] 2510059K->1253027K(8231360K), 0.0452920 secs] [Times: user=0.70 sys=0.00, real=0.04 secs] 
9826.193: [GC 9826.193: [ParNew: 1367645K->125755K(1415616K), 0.0389570 secs] 2511395K->1269505K(8231360K), 0.0391870 secs] [Times: user=0.60 sys=0.00, real=0.04 secs] 
9826.596: [GC 9826.596: [ParNew: 1384123K->84742K(1415616K), 0.1053750 secs] 2527873K->1270278K(8231360K), 0.1056130 secs] [Times: user=0.85 sys=0.04, real=0.11 secs] 
9827.366: [GC 9827.366: [ParNew: 1343110K->72093K(1415616K), 0.0235400 secs] 2528646K->1257629K(8231360K), 0.0237820 secs] [Times: user=0.37 sys=0.00, real=0.03 secs] 
9828.340: [GC 9828.340: [ParNew: 1330461K->77961K(1415616K), 0.0279120 secs] 2515997K->1263497K(8231360K), 0.0281590 secs] [Times: user=0.43 sys=0.01, real=0.03 secs] 
9829.398: [GC 9829.398: [ParNew: 1336329K->80475K(1415616K), 0.0250960 secs] 2521865K->1266012K(8231360K), 0.0253250 secs] [Times: user=0.38 sys=0.00, real=0.03 secs] 
9829.722: [GC 9829.722: [ParNew: 1338843K->102213K(1415616K), 0.0292990 secs] 2524380K->1287749K(8231360K), 0.0295260 secs] [Times: user=0.44 sys=0.01, real=0.03 secs] 
9830.729: [GC 9830.729: [ParNew: 1360581K->105871K(1415616K), 0.0351790 secs] 2546117K->1291407K(8231360K), 0.0354360 secs] [Times: user=0.53 sys=0.01, real=0.03 secs] 
9831.078: [GC 9831.078: [ParNew: 1364239K->108208K(1415616K), 0.0339220 secs] 2549775K->1293744K(8231360K), 0.0341510 secs] [Times: user=0.50 sys=0.02, real=0.04 secs] 
9831.378: [GC 9831.378: [ParNew: 1366576K->104214K(1415616K), 0.0292270 secs] 2552112K->1289750K(8231360K), 0.0294580 secs] [Times: user=0.45 sys=0.00, real=0.03 secs] 
9831.679: [GC 9831.679: [ParNew: 1362582K->105610K(1415616K), 0.0303580 secs] 2548118K->1291146K(8231360K), 0.0305910 secs] [Times: user=0.47 sys=0.02, real=0.03 secs] 
9832.350: [GC 9832.350: [ParNew: 1363978K->102560K(1415616K), 0.0321320 secs] 2549514K->1288096K(8231360K), 0.0323740 secs] [Times: user=0.48 sys=0.01, real=0.03 secs] 
9833.578: [GC 9833.578: [ParNew: 1360928K->118790K(1415616K), 0.0354040 secs] 2546464K->1304326K(8231360K), 0.0356420 secs] [Times: user=0.55 sys=0.01, real=0.04 secs] 
9836.790: [GC 9836.790: [ParNew: 1377158K->101126K(1415616K), 0.0378500 secs] 2562694K->1286662K(8231360K), 0.0380800 secs] [Times: user=0.58 sys=0.00, real=0.03 secs] 
9839.788: [GC 9839.788: [ParNew: 1359494K->99532K(1415616K), 0.0390600 secs] 2545030K->1285068K(8231360K), 0.0392890 secs] [Times: user=0.61 sys=0.01, real=0.04 secs] 
9841.687: [GC 9841.688: [ParNew: 1357900K->106298K(1415616K), 0.0401480 secs] 2543436K->1291834K(8231360K), 0.0403920 secs] [Times: user=0.63 sys=0.00, real=0.04 secs] 
9842.058: [GC 9842.058: [ParNew: 1364666K->120959K(1415616K), 0.0429540 secs] 2550202K->1306495K(8231360K), 0.0431830 secs] [Times: user=0.67 sys=0.01, real=0.05 secs] 
9842.648: [GC 9842.648: [ParNew: 1379327K->119129K(1415616K), 0.0380790 secs] 2564863K->1304665K(8231360K), 0.0383120 secs] [Times: user=0.59 sys=0.00, real=0.04 secs] 
9843.383: [GC 9843.383: [ParNew: 1377497K->84916K(1415616K), 0.0729250 secs] 2563033K->1291895K(8231360K), 0.0731620 secs] [Times: user=0.75 sys=0.03, real=0.07 secs] 
9844.944: [GC 9844.945: [ParNew: 1343284K->82471K(1415616K), 0.0310240 secs] 2550263K->1289450K(8231360K), 0.0312620 secs] [Times: user=0.49 sys=0.00, real=0.03 secs] 
9846.797: [GC 9846.797: [ParNew: 1340839K->95942K(1415616K), 0.0327850 secs] 2547818K->1302921K(8231360K), 0.0330140 secs] [Times: user=0.50 sys=0.01, real=0.03 secs] 
9847.786: [GC 9847.786: [ParNew: 1354310K->98421K(1415616K), 0.0324470 secs] 2561289K->1305401K(8231360K), 0.0326740 secs] [Times: user=0.50 sys=0.01, real=0.03 secs] 
9848.186: [GC 9848.186: [ParNew: 1356789K->102427K(1415616K), 0.0351210 secs] 2563769K->1309406K(8231360K), 0.0353550 secs] [Times: user=0.55 sys=0.00, real=0.03 secs] 
9849.590: [GC 9849.590: [ParNew: 1360795K->100208K(1415616K), 0.0334230 secs] 2567774K->1307187K(8231360K), 0.0336470 secs] [Times: user=0.51 sys=0.00, real=0.04 secs] 
9850.337: [GC 9850.337: [ParNew: 1358576K->117583K(1415616K), 0.0318710 secs] 2565555K->1324562K(8231360K), 0.0320990 secs] [Times: user=0.49 sys=0.00, real=0.03 secs] 
9850.998: [GC 9850.998: [ParNew: 1375951K->111732K(1415616K), 0.0351720 secs] 2582930K->1318711K(8231360K), 0.0354030 secs] [Times: user=0.54 sys=0.01, real=0.04 secs] 
9851.303: [GC 9851.304: [ParNew: 1370100K->100096K(1415616K), 0.0340050 secs] 2577079K->1307075K(8231360K), 0.0342330 secs] [Times: user=0.53 sys=0.00, real=0.03 secs] 
9851.660: [GC 9851.660: [ParNew: 1358464K->111037K(1415616K), 0.0406320 secs] 2565443K->1318016K(8231360K), 0.0408590 secs] [Times: user=0.62 sys=0.01, real=0.04 secs] 
9853.317: [GC 9853.317: [ParNew: 1369405K->94741K(1415616K), 0.0336300 secs] 2576384K->1301721K(8231360K), 0.0338920 secs] [Times: user=0.51 sys=0.01, real=0.03 secs] 
9854.886: [GC 9854.886: [ParNew: 1353109K->104344K(1415616K), 0.0351170 secs] 2560089K->1311323K(8231360K), 0.0353470 secs] [Times: user=0.55 sys=0.01, real=0.03 secs] 
9856.402: [GC 9856.402: [ParNew: 1362712K->114099K(1415616K), 0.0374600 secs] 2569691K->1321078K(8231360K), 0.0377000 secs] [Times: user=0.58 sys=0.01, real=0.04 secs] 
9857.612: [GC 9857.612: [ParNew: 1372467K->116197K(1415616K), 0.0442040 secs] 2579446K->1323177K(8231360K), 0.0444330 secs] [Times: user=0.68 sys=0.01, real=0.05 secs] 
9859.034: [GC 9859.034: [ParNew: 1374565K->132584K(1415616K), 0.0359680 secs] 2581545K->1339563K(8231360K), 0.0362090 secs] [Times: user=0.57 sys=0.00, real=0.03 secs] 
9860.268: [GC 9860.268: [ParNew: 1390952K->99740K(1415616K), 0.0384690 secs] 2597931K->1306720K(8231360K), 0.0387090 secs] [Times: user=0.60 sys=0.00, real=0.04 secs] 
9861.297: [GC 9861.297: [ParNew: 1358108K->77343K(1415616K), 0.0837540 secs] 2565088K->1315036K(8231360K), 0.0839890 secs] [Times: user=0.76 sys=0.02, real=0.08 secs] 
9863.326: [GC 9863.326: [ParNew: 1335711K->81265K(1415616K), 0.0272060 secs] 2573404K->1318958K(8231360K), 0.0274340 secs] [Times: user=0.41 sys=0.01, real=0.02 secs] 
9865.579: [GC 9865.580: [ParNew: 1339633K->93543K(1415616K), 0.0318760 secs] 2577326K->1331237K(8231360K), 0.0321100 secs] [Times: user=0.48 sys=0.02, real=0.03 secs] 
9867.607: [GC 9867.607: [ParNew: 1351911K->95150K(1415616K), 0.0340820 secs] 2589605K->1332843K(8231360K), 0.0343240 secs] [Times: user=0.52 sys=0.02, real=0.03 secs] 
9868.792: [GC 9868.792: [ParNew: 1353518K->99902K(1415616K), 0.0346230 secs] 2591211K->1337595K(8231360K), 0.0348630 secs] [Times: user=0.53 sys=0.02, real=0.04 secs] 
9870.958: [GC 9870.958: [ParNew: 1358270K->95987K(1415616K), 0.0301490 secs] 2595963K->1333680K(8231360K), 0.0303880 secs] [Times: user=0.47 sys=0.00, real=0.03 secs] 
9871.257: [GC 9871.257: [ParNew: 1354355K->98852K(1415616K), 0.0374580 secs] 2592048K->1336545K(8231360K), 0.0376950 secs] [Times: user=0.58 sys=0.00, real=0.03 secs] 
9871.565: [GC 9871.565: [ParNew: 1357220K->100084K(1415616K), 0.0365870 secs] 2594913K->1337778K(8231360K), 0.0368170 secs] [Times: user=0.56 sys=0.01, real=0.04 secs] 
9871.869: [GC 9871.869: [ParNew: 1358452K->102137K(1415616K), 0.0328780 secs] 2596146K->1339830K(8231360K), 0.0331080 secs] [Times: user=0.51 sys=0.00, real=0.03 secs] 
9872.175: [GC 9872.175: [ParNew: 1360505K->90122K(1415616K), 0.0334810 secs] 2598198K->1327815K(8231360K), 0.0337140 secs] [Times: user=0.53 sys=0.01, real=0.04 secs] 
9872.476: [GC 9872.476: [ParNew: 1348490K->99407K(1415616K), 0.0335710 secs] 2586183K->1337100K(8231360K), 0.0338010 secs] [Times: user=0.51 sys=0.01, real=0.03 secs] 
9872.779: [GC 9872.779: [ParNew: 1357775K->99901K(1415616K), 0.0357490 secs] 2595468K->1337594K(8231360K), 0.0359840 secs] [Times: user=0.54 sys=0.02, real=0.03 secs] 
9873.083: [GC 9873.083: [ParNew: 1358269K->108686K(1415616K), 0.0371340 secs] 2595962K->1346379K(8231360K), 0.0373630 secs] [Times: user=0.57 sys=0.01, real=0.04 secs] 
9873.408: [GC 9873.408: [ParNew: 1367054K->96605K(1415616K), 0.0365060 secs] 2604747K->1334298K(8231360K), 0.0367390 secs] [Times: user=0.58 sys=0.00, real=0.03 secs] 
9873.757: [GC 9873.757: [ParNew: 1354973K->111634K(1415616K), 0.0441410 secs] 2592666K->1349327K(8231360K), 0.0443660 secs] [Times: user=0.67 sys=0.02, real=0.04 secs] 
9875.379: [GC 9875.379: [ParNew: 1370002K->124318K(1415616K), 0.0401720 secs] 2607695K->1362011K(8231360K), 0.0404040 secs] [Times: user=0.63 sys=0.00, real=0.04 secs] 
9876.818: [GC 9876.818: [ParNew: 1382686K->119066K(1415616K), 0.0434120 secs] 2620379K->1356760K(8231360K), 0.0436490 secs] [Times: user=0.65 sys=0.04, real=0.04 secs] 
9878.580: [GC 9878.580: [ParNew: 1377434K->79721K(1415616K), 0.0853080 secs] 2615128K->1349183K(8231360K), 0.0855500 secs] [Times: user=0.71 sys=0.04, real=0.08 secs] 
9881.114: [GC 9881.114: [ParNew: 1338089K->72773K(1415616K), 0.0278900 secs] 2607551K->1342234K(8231360K), 0.0281230 secs] [Times: user=0.42 sys=0.01, real=0.03 secs] 
9884.394: [GC 9884.394: [ParNew: 1331141K->59858K(1415616K), 0.0297480 secs] 2600602K->1329319K(8231360K), 0.0299780 secs] [Times: user=0.44 sys=0.01, real=0.03 secs] 
9886.335: [GC 9886.335: [ParNew: 1318226K->78969K(1415616K), 0.0272730 secs] 2587687K->1348431K(8231360K), 0.0275760 secs] [Times: user=0.42 sys=0.00, real=0.03 secs] 
9886.787: [GC 9886.787: [ParNew: 1337337K->91379K(1415616K), 0.0303850 secs] 2606799K->1360841K(8231360K), 0.0306130 secs] [Times: user=0.47 sys=0.01, real=0.03 secs] 
9887.601: [GC 9887.601: [ParNew: 1349747K->105091K(1415616K), 0.0317870 secs] 2619209K->1374552K(8231360K), 0.0320490 secs] [Times: user=0.48 sys=0.01, real=0.03 secs] 
9889.145: [GC 9889.145: [ParNew: 1363459K->100895K(1415616K), 0.0338270 secs] 2632920K->1370356K(8231360K), 0.0340550 secs] [Times: user=0.53 sys=0.00, real=0.04 secs] 
9890.206: [GC 9890.207: [ParNew: 1359263K->120323K(1415616K), 0.0376250 secs] 2628724K->1389785K(8231360K), 0.0378500 secs] [Times: user=0.58 sys=0.02, real=0.04 secs] 
9890.798: [GC 9890.798: [ParNew: 1378691K->122356K(1415616K), 0.0350800 secs] 2648153K->1391817K(8231360K), 0.0353090 secs] [Times: user=0.55 sys=0.00, real=0.04 secs] 
9891.809: [GC 9891.809: [ParNew: 1380724K->124877K(1415616K), 0.0404680 secs] 2650185K->1394338K(8231360K), 0.0407140 secs] [Times: user=0.62 sys=0.02, real=0.05 secs] 
9893.105: [GC 9893.105: [ParNew: 1383245K->106269K(1415616K), 0.0494670 secs] 2652706K->1383713K(8231360K), 0.0497060 secs] [Times: user=0.63 sys=0.02, real=0.05 secs] 
9893.796: [GC 9893.797: [ParNew: 1364637K->111785K(1415616K), 0.0357780 secs] 2642081K->1389229K(8231360K), 0.0360120 secs] [Times: user=0.55 sys=0.01, real=0.04 secs] 
9895.469: [GC 9895.469: [ParNew: 1370153K->109169K(1415616K), 0.0409900 secs] 2647597K->1390764K(8231360K), 0.0412280 secs] [Times: user=0.57 sys=0.00, real=0.05 secs] 
9897.388: [GC 9897.388: [ParNew: 1367537K->87153K(1415616K), 0.0352500 secs] 2649132K->1368748K(8231360K), 0.0354830 secs] [Times: user=0.54 sys=0.01, real=0.04 secs] 
9900.588: [GC 9900.588: [ParNew: 1345521K->86623K(1415616K), 0.0324880 secs] 2627116K->1368218K(8231360K), 0.0327280 secs] [Times: user=0.50 sys=0.01, real=0.03 secs] 
9901.188: [GC 9901.188: [ParNew: 1344991K->88590K(1415616K), 0.0304810 secs] 2626586K->1370186K(8231360K), 0.0307190 secs] [Times: user=0.46 sys=0.00, real=0.03 secs] 
9901.880: [GC 9901.880: [ParNew: 1346958K->110777K(1415616K), 0.0412580 secs] 2628554K->1392372K(8231360K), 0.0415020 secs] [Times: user=0.64 sys=0.00, real=0.04 secs] 
9902.401: [GC 9902.401: [ParNew: 1369145K->114351K(1415616K), 0.0400800 secs] 2650740K->1395946K(8231360K), 0.0403100 secs] [Times: user=0.62 sys=0.00, real=0.04 secs] 
9903.380: [GC 9903.380: [ParNew: 1372719K->120532K(1415616K), 0.0469770 secs] 2654314K->1402127K(8231360K), 0.0472110 secs] [Times: user=0.73 sys=0.00, real=0.05 secs] 
9908.721: [GC 9908.722: [ParNew: 1378900K->91148K(1415616K), 0.0714290 secs] 2660495K->1390537K(8231360K), 0.0716780 secs] [Times: user=0.79 sys=0.02, real=0.08 secs] 
9910.329: [GC 9910.329: [ParNew: 1349516K->101697K(1415616K), 0.0302890 secs] 2648905K->1401086K(8231360K), 0.0305290 secs] [Times: user=0.46 sys=0.00, real=0.03 secs] 
9910.709: [GC 9910.709: [ParNew: 1360065K->101916K(1415616K), 0.0337600 secs] 2659454K->1401304K(8231360K), 0.0339950 secs] [Times: user=0.51 sys=0.01, real=0.04 secs] 
9911.048: [GC 9911.048: [ParNew: 1360284K->95091K(1415616K), 0.0296420 secs] 2659672K->1394479K(8231360K), 0.0298750 secs] [Times: user=0.46 sys=0.00, real=0.03 secs] 
9911.348: [GC 9911.348: [ParNew: 1353459K->94548K(1415616K), 0.0306040 secs] 2652847K->1393937K(8231360K), 0.0308350 secs] [Times: user=0.47 sys=0.01, real=0.03 secs] 
9912.995: [GC 9912.995: [ParNew: 1352916K->77186K(1415616K), 0.0287730 secs] 2652305K->1376574K(8231360K), 0.0290050 secs] [Times: user=0.44 sys=0.01, real=0.03 secs] 
9915.763: [GC 9915.764: [ParNew: 1335554K->92119K(1415616K), 0.0325190 secs] 2634942K->1391507K(8231360K), 0.0327570 secs] [Times: user=0.50 sys=0.02, real=0.04 secs] 
9917.332: [GC 9917.332: [ParNew: 1350487K->92089K(1415616K), 0.0303300 secs] 2649875K->1391478K(8231360K), 0.0305700 secs] [Times: user=0.48 sys=0.00, real=0.03 secs] 
9918.794: [GC 9918.794: [ParNew: 1350457K->102818K(1415616K), 0.0336220 secs] 2649846K->1402206K(8231360K), 0.0338570 secs] [Times: user=0.51 sys=0.00, real=0.04 secs] 
9920.085: [GC 9920.085: [ParNew: 1361186K->111073K(1415616K), 0.0416420 secs] 2660574K->1410462K(8231360K), 0.0418800 secs] [Times: user=0.64 sys=0.02, real=0.05 secs] 
9920.597: [GC 9920.597: [ParNew: 1369441K->93576K(1415616K), 0.0358050 secs] 2668830K->1392964K(8231360K), 0.0360530 secs] [Times: user=0.55 sys=0.00, real=0.03 secs] 
9921.186: [GC 9921.186: [ParNew: 1351944K->108603K(1415616K), 0.0323840 secs] 2651332K->1407991K(8231360K), 0.0326140 secs] [Times: user=0.49 sys=0.00, real=0.03 secs] 
9922.452: [GC 9922.452: [ParNew: 1366971K->119108K(1415616K), 0.0346180 secs] 2666359K->1418496K(8231360K), 0.0348610 secs] [Times: user=0.54 sys=0.02, real=0.04 secs] 
9923.596: [GC 9923.597: [ParNew: 1377476K->114469K(1415616K), 0.0374250 secs] 2676864K->1413858K(8231360K), 0.0376630 secs] [Times: user=0.58 sys=0.00, real=0.03 secs] 
9925.594: [GC 9925.594: [ParNew: 1372837K->78762K(1415616K), 0.0863760 secs] 2672226K->1408884K(8231360K), 0.0866140 secs] [Times: user=0.82 sys=0.03, real=0.09 secs] 
9928.205: [GC 9928.205: [ParNew: 1337130K->70544K(1415616K), 0.0280900 secs] 2667252K->1400667K(8231360K), 0.0283200 secs] [Times: user=0.44 sys=0.01, real=0.03 secs] 
9930.173: [GC 9930.173: [ParNew: 1328912K->81854K(1415616K), 0.0319990 secs] 2659035K->1411976K(8231360K), 0.0322260 secs] [Times: user=0.50 sys=0.00, real=0.03 secs] 
9931.332: [GC 9931.332: [ParNew: 1340222K->82662K(1415616K), 0.0265930 secs] 2670344K->1412784K(8231360K), 0.0268530 secs] [Times: user=0.42 sys=0.00, real=0.03 secs] 
9931.630: [GC 9931.630: [ParNew: 1341030K->64912K(1415616K), 0.0261930 secs] 2671152K->1395034K(8231360K), 0.0264280 secs] [Times: user=0.40 sys=0.00, real=0.02 secs] 
9931.928: [GC 9931.928: [ParNew: 1323280K->76007K(1415616K), 0.0231240 secs] 2653402K->1406130K(8231360K), 0.0233550 secs] [Times: user=0.35 sys=0.00, real=0.02 secs] 
9932.232: [GC 9932.232: [ParNew: 1334375K->68265K(1415616K), 0.0242630 secs] 2664498K->1398388K(8231360K), 0.0245040 secs] [Times: user=0.37 sys=0.00, real=0.02 secs] 
9932.525: [GC 9932.525: [ParNew: 1326633K->74719K(1415616K), 0.0265100 secs] 2656756K->1404842K(8231360K), 0.0267220 secs] [Times: user=0.40 sys=0.02, real=0.03 secs] 
9932.820: [GC 9932.820: [ParNew: 1333087K->68241K(1415616K), 0.0312190 secs] 2663210K->1398364K(8231360K), 0.0314390 secs] [Times: user=0.47 sys=0.01, real=0.03 secs] 
9933.127: [GC 9933.127: [ParNew: 1326609K->71685K(1415616K), 0.0252900 secs] 2656732K->1401808K(8231360K), 0.0255140 secs] [Times: user=0.38 sys=0.01, real=0.03 secs] 
9933.479: [GC 9933.479: [ParNew: 1330053K->68955K(1415616K), 0.0261870 secs] 2660176K->1399077K(8231360K), 0.0263920 secs] [Times: user=0.40 sys=0.00, real=0.02 secs] 
9934.376: [GC 9934.376: [ParNew: 1327323K->75122K(1415616K), 0.0326980 secs] 2657445K->1405245K(8231360K), 0.0329110 secs] [Times: user=0.50 sys=0.00, real=0.04 secs] 
9938.118: [GC 9938.118: [ParNew: 1333490K->80618K(1415616K), 0.0311820 secs] 2663613K->1410740K(8231360K), 0.0313880 secs] [Times: user=0.47 sys=0.00, real=0.03 secs] 
9943.575: [GC 9943.575: [ParNew: 1338986K->80004K(1415616K), 0.0301320 secs] 2669108K->1410127K(8231360K), 0.0303430 secs] [Times: user=0.46 sys=0.00, real=0.03 secs] 
9947.662: [GC 9947.662: [ParNew: 1338372K->87591K(1415616K), 0.0322770 secs] 2668495K->1417713K(8231360K), 0.0324870 secs] [Times: user=0.50 sys=0.01, real=0.03 secs] 
9950.233: [GC 9950.233: [ParNew: 1345959K->91512K(1415616K), 0.0346750 secs] 2676081K->1421635K(8231360K), 0.0348860 secs] [Times: user=0.54 sys=0.00, real=0.03 secs] 
9961.104: [GC 9961.104: [ParNew: 1349880K->68912K(1415616K), 0.0311370 secs] 2680003K->1399034K(8231360K), 0.0313470 secs] [Times: user=0.48 sys=0.01, real=0.03 secs] 
9970.874: [GC 9970.874: [ParNew: 1327280K->76684K(1415616K), 0.0298880 secs] 2657402K->1406807K(8231360K), 0.0301110 secs] [Times: user=0.47 sys=0.00, real=0.03 secs] 
9977.261: [GC 9977.261: [ParNew: 1335052K->69487K(1415616K), 0.0333850 secs] 2665175K->1399609K(8231360K), 0.0336060 secs] [Times: user=0.51 sys=0.01, real=0.03 secs] 
9985.074: [GC 9985.074: [ParNew: 1327855K->80718K(1415616K), 0.0335710 secs] 2657977K->1410840K(8231360K), 0.0337890 secs] [Times: user=0.51 sys=0.00, real=0.04 secs] 
9989.293: [GC 9989.293: [ParNew: 1339086K->86613K(1415616K), 0.0299790 secs] 2669208K->1416736K(8231360K), 0.0301950 secs] [Times: user=0.47 sys=0.00, real=0.03 secs] 
9991.338: [GC 9991.338: [ParNew: 1344981K->85507K(1415616K), 0.0323680 secs] 2675104K->1415629K(8231360K), 0.0325790 secs] [Times: user=0.50 sys=0.01, real=0.03 secs] 
9992.591: [GC 9992.591: [ParNew: 1343875K->84174K(1415616K), 0.0362770 secs] 2673997K->1414297K(8231360K), 0.0364910 secs] [Times: user=0.58 sys=0.01, real=0.03 secs] 
9996.604: [GC 9996.604: [ParNew: 1342542K->93892K(1415616K), 0.0295570 secs] 2672665K->1424014K(8231360K), 0.0297660 secs] [Times: user=0.45 sys=0.01, real=0.03 secs] 
9999.772: [GC 9999.772: [ParNew: 1352260K->87078K(1415616K), 0.0326420 secs] 2682382K->1417201K(8231360K), 0.0328610 secs] [Times: user=0.51 sys=0.00, real=0.03 secs] 
10002.683: [GC 10002.683: [ParNew: 1345446K->80229K(1415616K), 0.0352350 secs] 2675569K->1410351K(8231360K), 0.0354420 secs] [Times: user=0.54 sys=0.00, real=0.03 secs] 
10006.193: [GC 10006.193: [ParNew: 1338597K->96203K(1415616K), 0.0390460 secs] 2668719K->1426326K(8231360K), 0.0392550 secs] [Times: user=0.60 sys=0.01, real=0.04 secs] 
10008.412: [GC 10008.412: [ParNew: 1354571K->108515K(1415616K), 0.0357750 secs] 2684694K->1438638K(8231360K), 0.0359790 secs] [Times: user=0.55 sys=0.02, real=0.03 secs] 
10010.880: [GC 10010.880: [ParNew: 1366883K->108344K(1415616K), 0.0366190 secs] 2697006K->1438466K(8231360K), 0.0368300 secs] [Times: user=0.57 sys=0.00, real=0.04 secs] 
10014.667: [GC 10014.667: [ParNew: 1366712K->99367K(1415616K), 0.0358450 secs] 2696834K->1429489K(8231360K), 0.0360480 secs] [Times: user=0.55 sys=0.00, real=0.04 secs] 
10021.833: [GC 10021.833: [ParNew: 1357735K->74023K(1415616K), 0.0318640 secs] 2687857K->1404146K(8231360K), 0.0320780 secs] [Times: user=0.49 sys=0.00, real=0.04 secs] 
10031.184: [GC 10031.184: [ParNew: 1332391K->69894K(1415616K), 0.0346690 secs] 2662514K->1400017K(8231360K), 0.0348860 secs] [Times: user=0.53 sys=0.00, real=0.04 secs] 
10044.450: [GC 10044.450: [ParNew: 1328262K->71693K(1415616K), 0.0338410 secs] 2658385K->1401815K(8231360K), 0.0340590 secs] [Times: user=0.52 sys=0.00, real=0.03 secs] 
10051.280: [GC 10051.281: [ParNew: 1330061K->83764K(1415616K), 0.0287970 secs] 2660183K->1413887K(8231360K), 0.0290210 secs] [Times: user=0.45 sys=0.00, real=0.03 secs] 
10052.095: [GC 10052.095: [ParNew: 1342132K->74892K(1415616K), 0.0306860 secs] 2672255K->1405014K(8231360K), 0.0309050 secs] [Times: user=0.48 sys=0.00, real=0.03 secs] 
10052.921: [GC 10052.921: [ParNew: 1333260K->86886K(1415616K), 0.0294950 secs] 2663382K->1417008K(8231360K), 0.0297020 secs] [Times: user=0.45 sys=0.00, real=0.03 secs] 
10054.195: [GC 10054.195: [ParNew: 1345254K->87498K(1415616K), 0.0329230 secs] 2675376K->1417620K(8231360K), 0.0331370 secs] [Times: user=0.50 sys=0.02, real=0.03 secs] 
10058.398: [GC 10058.399: [ParNew: 1345866K->91670K(1415616K), 0.0320040 secs] 2675988K->1421793K(8231360K), 0.0322100 secs] [Times: user=0.48 sys=0.01, real=0.03 secs] 
10061.806: [GC 10061.806: [ParNew: 1350038K->83018K(1415616K), 0.0312540 secs] 2680161K->1413141K(8231360K), 0.0314740 secs] [Times: user=0.48 sys=0.01, real=0.03 secs] 
10067.110: [GC 10067.110: [ParNew: 1341386K->98433K(1415616K), 0.0314500 secs] 2671509K->1428556K(8231360K), 0.0316620 secs] [Times: user=0.49 sys=0.00, real=0.03 secs] 
10069.394: [GC 10069.395: [ParNew: 1356801K->105562K(1415616K), 0.0385650 secs] 2686924K->1435685K(8231360K), 0.0387730 secs] [Times: user=0.60 sys=0.00, real=0.04 secs] 
10071.785: [GC 10071.785: [ParNew: 1363930K->99047K(1415616K), 0.0371730 secs] 2694053K->1429170K(8231360K), 0.0373860 secs] [Times: user=0.58 sys=0.00, real=0.03 secs] 
10073.842: [GC 10073.842: [ParNew: 1357415K->104152K(1415616K), 0.0355080 secs] 2687538K->1434275K(8231360K), 0.0357160 secs] [Times: user=0.54 sys=0.00, real=0.04 secs] 
10076.773: [GC 10076.773: [ParNew: 1362520K->98415K(1415616K), 0.0389510 secs] 2692643K->1428538K(8231360K), 0.0391480 secs] [Times: user=0.60 sys=0.01, real=0.04 secs] 
10081.141: [GC 10081.141: [ParNew: 1356783K->93491K(1415616K), 0.0405620 secs] 2686906K->1423614K(8231360K), 0.0407800 secs] [Times: user=0.61 sys=0.01, real=0.04 secs] 
10086.804: [GC 10086.804: [ParNew: 1351859K->86125K(1415616K), 0.0360040 secs] 2681982K->1416248K(8231360K), 0.0362150 secs] [Times: user=0.56 sys=0.01, real=0.04 secs] 
10091.192: [GC 10091.192: [ParNew: 1344493K->78841K(1415616K), 0.0290070 secs] 2674616K->1408964K(8231360K), 0.0292170 secs] [Times: user=0.44 sys=0.00, real=0.03 secs] 
10109.392: [GC 10109.392: [ParNew: 1337209K->74207K(1415616K), 0.0295870 secs] 2667332K->1404329K(8231360K), 0.0298110 secs] [Times: user=0.45 sys=0.00, real=0.03 secs] 
10111.661: [GC 10111.661: [ParNew: 1332575K->82292K(1415616K), 0.0300770 secs] 2662697K->1412415K(8231360K), 0.0302840 secs] [Times: user=0.45 sys=0.02, real=0.03 secs] 
10112.497: [GC 10112.497: [ParNew: 1340660K->79221K(1415616K), 0.0272720 secs] 2670783K->1409343K(8231360K), 0.0274850 secs] [Times: user=0.42 sys=0.00, real=0.03 secs] 
10113.342: [GC 10113.342: [ParNew: 1337589K->83209K(1415616K), 0.0336420 secs] 2667711K->1413332K(8231360K), 0.0338180 secs] [Times: user=0.51 sys=0.01, real=0.03 secs] 
10121.841: [GC 10121.841: [ParNew: 1341577K->87311K(1415616K), 0.0292540 secs] 2671700K->1417434K(8231360K), 0.0294620 secs] [Times: user=0.45 sys=0.01, real=0.03 secs] 
10124.970: [GC 10124.970: [ParNew: 1345679K->86994K(1415616K), 0.0354440 secs] 2675802K->1417117K(8231360K), 0.0356450 secs] [Times: user=0.54 sys=0.00, real=0.04 secs] 
10126.848: [GC 10126.848: [ParNew: 1345362K->93503K(1415616K), 0.0353370 secs] 2675485K->1423626K(8231360K), 0.0355420 secs] [Times: user=0.54 sys=0.01, real=0.04 secs] 
10128.947: [GC 10128.948: [ParNew: 1351871K->107277K(1415616K), 0.0362710 secs] 2681994K->1437400K(8231360K), 0.0364760 secs] [Times: user=0.55 sys=0.00, real=0.04 secs] 
10130.992: [GC 10130.992: [ParNew: 1365645K->104977K(1415616K), 0.0347850 secs] 2695768K->1435100K(8231360K), 0.0349840 secs] [Times: user=0.54 sys=0.00, real=0.04 secs] 
10132.176: [GC 10132.176: [ParNew: 1363345K->106062K(1415616K), 0.0383810 secs] 2693468K->1436184K(8231360K), 0.0385920 secs] [Times: user=0.59 sys=0.01, real=0.03 secs] 
10137.103: [GC 10137.103: [ParNew: 1364430K->94464K(1415616K), 0.0370610 secs] 2694552K->1424586K(8231360K), 0.0372620 secs] [Times: user=0.56 sys=0.00, real=0.04 secs] 
10140.391: [GC 10140.391: [ParNew: 1352832K->87390K(1415616K), 0.0384420 secs] 2682954K->1417513K(8231360K), 0.0386410 secs] [Times: user=0.59 sys=0.02, real=0.04 secs] 
10142.411: [GC 10142.411: [ParNew: 1345758K->91694K(1415616K), 0.0339450 secs] 2675881K->1421817K(8231360K), 0.0341690 secs] [Times: user=0.53 sys=0.00, real=0.03 secs] 
10145.603: [GC 10145.603: [ParNew: 1350062K->97060K(1415616K), 0.0383730 secs] 2680185K->1427182K(8231360K), 0.0385730 secs] [Times: user=0.59 sys=0.00, real=0.04 secs] 
10150.803: [GC 10150.803: [ParNew: 1355428K->103640K(1415616K), 0.0388560 secs] 2685550K->1433763K(8231360K), 0.0390610 secs] [Times: user=0.59 sys=0.02, real=0.04 secs] 
10157.291: [GC 10157.291: [ParNew: 1362008K->77458K(1415616K), 0.0348320 secs] 2692131K->1407581K(8231360K), 0.0350390 secs] [Times: user=0.53 sys=0.02, real=0.03 secs] 
10171.174: [GC 10171.174: [ParNew: 1335826K->70298K(1415616K), 0.0364060 secs] 2665949K->1400420K(8231360K), 0.0366110 secs] [Times: user=0.56 sys=0.02, real=0.03 secs] 
10173.205: [GC 10173.205: [ParNew: 1328666K->83251K(1415616K), 0.0346660 secs] 2658788K->1413373K(8231360K), 0.0348720 secs] [Times: user=0.52 sys=0.02, real=0.03 secs] 
10185.990: [GC 10185.990: [ParNew: 1341619K->82431K(1415616K), 0.0339230 secs] 2671741K->1412553K(8231360K), 0.0341270 secs] [Times: user=0.52 sys=0.01, real=0.04 secs] 
10188.313: [GC 10188.313: [ParNew: 1340799K->97969K(1415616K), 0.0352880 secs] 2670921K->1428092K(8231360K), 0.0354970 secs] [Times: user=0.55 sys=0.01, real=0.04 secs] 
10190.863: [GC 10190.863: [ParNew: 1356337K->103616K(1415616K), 0.0377010 secs] 2686460K->1433739K(8231360K), 0.0379060 secs] [Times: user=0.57 sys=0.02, real=0.04 secs] 
10193.246: [GC 10193.246: [ParNew: 1361984K->107538K(1415616K), 0.0351600 secs] 2692107K->1437661K(8231360K), 0.0353670 secs] [Times: user=0.55 sys=0.02, real=0.03 secs] 
10195.183: [GC 10195.183: [ParNew: 1365906K->100496K(1415616K), 0.0390820 secs] 2696029K->1430619K(8231360K), 0.0392930 secs] [Times: user=0.61 sys=0.00, real=0.04 secs] 
10200.407: [GC 10200.408: [ParNew: 1358864K->90215K(1415616K), 0.0379990 secs] 2688987K->1420338K(8231360K), 0.0382120 secs] [Times: user=0.60 sys=0.01, real=0.03 secs] 
10202.182: [GC 10202.183: [ParNew: 1348583K->94638K(1415616K), 0.0342660 secs] 2678706K->1424760K(8231360K), 0.0344890 secs] [Times: user=0.53 sys=0.00, real=0.04 secs] 
10205.728: [GC 10205.728: [ParNew: 1353006K->98099K(1415616K), 0.0376880 secs] 2683128K->1428221K(8231360K), 0.0378960 secs] [Times: user=0.60 sys=0.00, real=0.03 secs] 
10207.793: [GC 10207.793: [ParNew: 1356467K->101983K(1415616K), 0.0367480 secs] 2686589K->1432105K(8231360K), 0.0369540 secs] [Times: user=0.57 sys=0.00, real=0.04 secs] 
10210.860: [GC 10210.860: [ParNew: 1360351K->103532K(1415616K), 0.0376940 secs] 2690473K->1433654K(8231360K), 0.0379020 secs] [Times: user=0.57 sys=0.02, real=0.03 secs] 
10215.395: [GC 10215.395: [ParNew: 1361900K->96783K(1415616K), 0.0339740 secs] 2692022K->1426906K(8231360K), 0.0341980 secs] [Times: user=0.53 sys=0.00, real=0.04 secs] 
10220.583: [GC 10220.583: [ParNew: 1355151K->77124K(1415616K), 0.0370500 secs] 2685274K->1407247K(8231360K), 0.0372740 secs] [Times: user=0.55 sys=0.02, real=0.04 secs] 
10231.367: [GC 10231.367: [ParNew: 1335492K->72862K(1415616K), 0.0343540 secs] 2665615K->1402984K(8231360K), 0.0345840 secs] [Times: user=0.53 sys=0.00, real=0.03 secs] 
10232.184: [GC 10232.184: [ParNew: 1331230K->74238K(1415616K), 0.0345700 secs] 2661352K->1404361K(8231360K), 0.0347830 secs] [Times: user=0.52 sys=0.02, real=0.03 secs] 
10233.018: [GC 10233.018: [ParNew: 1332606K->76514K(1415616K), 0.0315970 secs] 2662729K->1406637K(8231360K), 0.0318140 secs] [Times: user=0.50 sys=0.01, real=0.03 secs] 
10246.795: [GC 10246.796: [ParNew: 1334882K->83658K(1415616K), 0.0355100 secs] 2665005K->1413780K(8231360K), 0.0357260 secs] [Times: user=0.55 sys=0.01, real=0.03 secs] 
10249.925: [GC 10249.925: [ParNew: 1342026K->104176K(1415616K), 0.0343150 secs] 2672148K->1434298K(8231360K), 0.0345300 secs] [Times: user=0.52 sys=0.00, real=0.04 secs] 
10251.472: [GC 10251.472: [ParNew: 1362544K->95732K(1415616K), 0.0363180 secs] 2692666K->1425855K(8231360K), 0.0365330 secs] [Times: user=0.56 sys=0.02, real=0.04 secs] 
10255.472: [GC 10255.472: [ParNew: 1354100K->103059K(1415616K), 0.0370760 secs] 2684223K->1433182K(8231360K), 0.0372820 secs] [Times: user=0.57 sys=0.02, real=0.04 secs] 
10261.199: [GC 10261.199: [ParNew: 1361427K->80507K(1415616K), 0.0354370 secs] 2691550K->1410630K(8231360K), 0.0356430 secs] [Times: user=0.56 sys=0.00, real=0.03 secs] 
10262.298: [GC 10262.298: [ParNew: 1338875K->93131K(1415616K), 0.0343080 secs] 2668998K->1423253K(8231360K), 0.0345170 secs] [Times: user=0.54 sys=0.00, real=0.04 secs] 
10266.682: [GC 10266.682: [ParNew: 1351499K->107144K(1415616K), 0.0410670 secs] 2681621K->1437267K(8231360K), 0.0412770 secs] [Times: user=0.62 sys=0.02, real=0.04 secs] 
10269.989: [GC 10269.989: [ParNew: 1365512K->96998K(1415616K), 0.0348250 secs] 2695635K->1427121K(8231360K), 0.0350340 secs] [Times: user=0.54 sys=0.01, real=0.04 secs] 
10272.196: [GC 10272.196: [ParNew: 1355366K->85713K(1415616K), 0.0362560 secs] 2685489K->1415836K(8231360K), 0.0365040 secs] [Times: user=0.56 sys=0.01, real=0.04 secs] 
10275.055: [GC 10275.055: [ParNew: 1344081K->95868K(1415616K), 0.0370930 secs] 2674204K->1425990K(8231360K), 0.0373090 secs] [Times: user=0.58 sys=0.00, real=0.04 secs] 
10278.918: [GC 10278.918: [ParNew: 1354236K->95153K(1415616K), 0.0357050 secs] 2684358K->1425275K(8231360K), 0.0359060 secs] [Times: user=0.55 sys=0.00, real=0.04 secs] 
10285.586: [GC 10285.586: [ParNew: 1353521K->91267K(1415616K), 0.0374690 secs] 2683643K->1421389K(8231360K), 0.0376780 secs] [Times: user=0.58 sys=0.01, real=0.04 secs] 
10291.221: [GC 10291.221: [ParNew: 1349635K->78212K(1415616K), 0.0377320 secs] 2679757K->1408335K(8231360K), 0.0379350 secs] [Times: user=0.57 sys=0.00, real=0.04 secs] 
10292.047: [GC 10292.047: [ParNew: 1336580K->90986K(1415616K), 0.0362010 secs] 2666703K->1421108K(8231360K), 0.0364060 secs] [Times: user=0.56 sys=0.01, real=0.03 secs] 
10292.867: [GC 10292.868: [ParNew: 1349354K->83072K(1415616K), 0.0318570 secs] 2679476K->1413194K(8231360K), 0.0320730 secs] [Times: user=0.49 sys=0.00, real=0.03 secs] 
10303.239: [GC 10303.239: [ParNew: 1341440K->67180K(1415616K), 0.0300030 secs] 2671562K->1397302K(8231360K), 0.0302180 secs] [Times: user=0.46 sys=0.00, real=0.03 secs] 
10308.954: [GC 10308.954: [ParNew: 1325548K->105990K(1415616K), 0.0307450 secs] 2655670K->1436113K(8231360K), 0.0309870 secs] [Times: user=0.48 sys=0.00, real=0.03 secs] 
10311.110: [GC 10311.110: [ParNew: 1364358K->79013K(1415616K), 0.0369530 secs] 2694481K->1409136K(8231360K), 0.0371840 secs] [Times: user=0.57 sys=0.01, real=0.04 secs] 
10313.087: [GC 10313.087: [ParNew: 1337381K->103548K(1415616K), 0.0362000 secs] 2667504K->1433671K(8231360K), 0.0363990 secs] [Times: user=0.56 sys=0.00, real=0.03 secs] 
10321.803: [GC 10321.803: [ParNew: 1361916K->85881K(1415616K), 0.0368130 secs] 2692039K->1416004K(8231360K), 0.0370290 secs] [Times: user=0.57 sys=0.01, real=0.04 secs] 
10327.608: [GC 10327.608: [ParNew: 1344249K->90945K(1415616K), 0.0357890 secs] 2674372K->1421067K(8231360K), 0.0359950 secs] [Times: user=0.55 sys=0.00, real=0.04 secs] 
10329.983: [GC 10329.983: [ParNew: 1349313K->99297K(1415616K), 0.0331670 secs] 2679435K->1429419K(8231360K), 0.0333720 secs] [Times: user=0.51 sys=0.00, real=0.03 secs] 
10333.373: [GC 10333.373: [ParNew: 1357665K->86224K(1415616K), 0.0332860 secs] 2687787K->1416347K(8231360K), 0.0335000 secs] [Times: user=0.51 sys=0.01, real=0.03 secs] 
10337.002: [GC 10337.002: [ParNew: 1344592K->94390K(1415616K), 0.0376870 secs] 2674715K->1424513K(8231360K), 0.0378890 secs] [Times: user=0.58 sys=0.00, real=0.04 secs] 
10341.387: [GC 10341.387: [ParNew: 1352758K->88096K(1415616K), 0.0305670 secs] 2682881K->1418218K(8231360K), 0.0307800 secs] [Times: user=0.47 sys=0.00, real=0.03 secs] 
10344.146: [GC 10344.146: [ParNew: 1346464K->103542K(1415616K), 0.0308140 secs] 2676586K->1433665K(8231360K), 0.0310100 secs] [Times: user=0.48 sys=0.00, real=0.03 secs] 
10346.981: [GC 10346.981: [ParNew: 1361910K->91168K(1415616K), 0.0344310 secs] 2692033K->1421291K(8231360K), 0.0346350 secs] [Times: user=0.53 sys=0.00, real=0.04 secs] 
10351.307: [GC 10351.307: [ParNew: 1349536K->82286K(1415616K), 0.0383900 secs] 2679659K->1412408K(8231360K), 0.0386030 secs] [Times: user=0.58 sys=0.02, real=0.04 secs] 
10352.150: [GC 10352.150: [ParNew: 1340654K->94519K(1415616K), 0.0364800 secs] 2670776K->1424641K(8231360K), 0.0366920 secs] [Times: user=0.56 sys=0.01, real=0.04 secs] 
10352.988: [GC 10352.988: [ParNew: 1352887K->86729K(1415616K), 0.0358690 secs] 2683009K->1416852K(8231360K), 0.0360690 secs] [Times: user=0.55 sys=0.00, real=0.03 secs] 
10358.811: [GC 10358.811: [ParNew: 1345097K->94693K(1415616K), 0.0333790 secs] 2675220K->1424816K(8231360K), 0.0335830 secs] [Times: user=0.51 sys=0.01, real=0.03 secs] 
10366.373: [GC 10366.373: [ParNew: 1353061K->80406K(1415616K), 0.0320350 secs] 2683184K->1410529K(8231360K), 0.0322420 secs] [Times: user=0.49 sys=0.01, real=0.03 secs] 
10370.646: [GC 10370.646: [ParNew: 1338774K->98292K(1415616K), 0.0323100 secs] 2668897K->1428415K(8231360K), 0.0325170 secs] [Times: user=0.50 sys=0.00, real=0.04 secs] 
10380.708: [GC 10380.708: [ParNew: 1356660K->68339K(1415616K), 0.0303000 secs] 2686783K->1398462K(8231360K), 0.0305030 secs] [Times: user=0.48 sys=0.00, real=0.03 secs] 
10388.416: [GC 10388.417: [ParNew: 1326707K->88505K(1415616K), 0.0336640 secs] 2656830K->1418628K(8231360K), 0.0338750 secs] [Times: user=0.51 sys=0.00, real=0.03 secs] 
10391.576: [GC 10391.576: [ParNew: 1346873K->90080K(1415616K), 0.0344920 secs] 2676996K->1420202K(8231360K), 0.0347030 secs] [Times: user=0.54 sys=0.00, real=0.03 secs] 
10397.389: [GC 10397.390: [ParNew: 1348448K->86537K(1415616K), 0.0366630 secs] 2678570K->1416659K(8231360K), 0.0368680 secs] [Times: user=0.56 sys=0.00, real=0.04 secs] 
10401.776: [GC 10401.776: [ParNew: 1344905K->92018K(1415616K), 0.0337020 secs] 2675027K->1422140K(8231360K), 0.0339140 secs] [Times: user=0.51 sys=0.00, real=0.03 secs] 
10404.037: [GC 10404.038: [ParNew: 1350386K->91307K(1415616K), 0.0342010 secs] 2680508K->1421430K(8231360K), 0.0344200 secs] [Times: user=0.52 sys=0.00, real=0.03 secs] 
10407.847: [GC 10407.847: [ParNew: 1349675K->87980K(1415616K), 0.0372220 secs] 2679798K->1418103K(8231360K), 0.0374360 secs] [Times: user=0.58 sys=0.00, real=0.03 secs] 
10411.331: [GC 10411.331: [ParNew: 1346348K->98119K(1415616K), 0.0379230 secs] 2676471K->1428242K(8231360K), 0.0381340 secs] [Times: user=0.61 sys=0.00, real=0.04 secs] 
10414.231: [GC 10414.232: [ParNew: 1356487K->84155K(1415616K), 0.0395500 secs] 2686610K->1414277K(8231360K), 0.0398000 secs] [Times: user=0.61 sys=0.00, real=0.04 secs] 
10416.637: [GC 10416.637: [ParNew: 1342523K->98647K(1415616K), 0.0342930 secs] 2672645K->1428770K(8231360K), 0.0345070 secs] [Times: user=0.51 sys=0.02, real=0.03 secs] 
10424.413: [GC 10424.413: [ParNew: 1357015K->81112K(1415616K), 0.0327460 secs] 2687138K->1411235K(8231360K), 0.0329560 secs] [Times: user=0.52 sys=0.00, real=0.03 secs] 
10428.748: [GC 10428.748: [ParNew: 1339480K->100284K(1415616K), 0.0383850 secs] 2669603K->1430407K(8231360K), 0.0386100 secs] [Times: user=0.59 sys=0.01, real=0.04 secs] 
10430.934: [GC 10430.934: [ParNew: 1358652K->94216K(1415616K), 0.0345300 secs] 2688775K->1424339K(8231360K), 0.0347370 secs] [Times: user=0.53 sys=0.01, real=0.03 secs] 
10436.053: [GC 10436.053: [ParNew: 1352584K->101885K(1415616K), 0.0379390 secs] 2682707K->1432007K(8231360K), 0.0381560 secs] [Times: user=0.58 sys=0.01, real=0.04 secs] 
10445.186: [GC 10445.187: [ParNew: 1360253K->76727K(1415616K), 0.0320660 secs] 2690375K->1406849K(8231360K), 0.0322860 secs] [Times: user=0.50 sys=0.00, real=0.03 secs] 
10451.124: [GC 10451.124: [ParNew: 1335095K->87410K(1415616K), 0.0345230 secs] 2665217K->1417533K(8231360K), 0.0347360 secs] [Times: user=0.53 sys=0.01, real=0.03 secs] 
10459.217: [GC 10459.217: [ParNew: 1345778K->86537K(1415616K), 0.0342660 secs] 2675901K->1416660K(8231360K), 0.0344790 secs] [Times: user=0.51 sys=0.00, real=0.03 secs] 
10463.582: [GC 10463.582: [ParNew: 1344905K->89473K(1415616K), 0.0389170 secs] 2675028K->1419596K(8231360K), 0.0391270 secs] [Times: user=0.61 sys=0.00, real=0.04 secs] 
10468.354: [GC 10468.354: [ParNew: 1347841K->92046K(1415616K), 0.0387230 secs] 2677964K->1422168K(8231360K), 0.0389380 secs] [Times: user=0.61 sys=0.00, real=0.04 secs] 
10470.149: [GC 10470.149: [ParNew: 1350414K->94820K(1415616K), 0.0376010 secs] 2680536K->1424942K(8231360K), 0.0378130 secs] [Times: user=0.57 sys=0.02, real=0.04 secs] 
10471.435: [GC 10471.435: [ParNew: 1353188K->87436K(1415616K), 0.0401370 secs] 2683310K->1417559K(8231360K), 0.0403430 secs] [Times: user=0.60 sys=0.04, real=0.04 secs] 
10472.270: [GC 10472.271: [ParNew: 1345804K->92050K(1415616K), 0.0384380 secs] 2675927K->1422173K(8231360K), 0.0386470 secs] [Times: user=0.58 sys=0.02, real=0.04 secs] 
10473.107: [GC 10473.107: [ParNew: 1350418K->101571K(1415616K), 0.0324010 secs] 2680541K->1431694K(8231360K), 0.0326180 secs] [Times: user=0.50 sys=0.00, real=0.04 secs] 
10475.884: [GC 10475.884: [ParNew: 1359939K->94024K(1415616K), 0.0394470 secs] 2690062K->1424147K(8231360K), 0.0396670 secs] [Times: user=0.61 sys=0.00, real=0.04 secs] 
10479.794: [GC 10479.794: [ParNew: 1352392K->98226K(1415616K), 0.0365020 secs] 2682515K->1428349K(8231360K), 0.0367120 secs] [Times: user=0.56 sys=0.02, real=0.04 secs] 
10485.295: [GC 10485.295: [ParNew: 1356594K->92761K(1415616K), 0.0340090 secs] 2686717K->1422884K(8231360K), 0.0342140 secs] [Times: user=0.52 sys=0.01, real=0.04 secs] 
10488.960: [GC 10488.960: [ParNew: 1351129K->99070K(1415616K), 0.0350120 secs] 2681252K->1429192K(8231360K), 0.0352200 secs] [Times: user=0.55 sys=0.00, real=0.04 secs] 
10490.777: [GC 10490.777: [ParNew: 1357438K->110755K(1415616K), 0.0383840 secs] 2687560K->1440878K(8231360K), 0.0385870 secs] [Times: user=0.58 sys=0.02, real=0.04 secs] 
10491.661: [GC 10491.661: [ParNew: 1369123K->107011K(1415616K), 0.0376250 secs] 2699246K->1437133K(8231360K), 0.0378330 secs] [Times: user=0.58 sys=0.01, real=0.03 secs] 
10497.379: [GC 10497.379: [ParNew: 1365379K->95754K(1415616K), 0.0360720 secs] 2695501K->1425876K(8231360K), 0.0362840 secs] [Times: user=0.55 sys=0.02, real=0.04 secs] 
10508.302: [GC 10508.303: [ParNew: 1354122K->74610K(1415616K), 0.0317050 secs] 2684244K->1404733K(8231360K), 0.0319130 secs] [Times: user=0.48 sys=0.00, real=0.04 secs] 
10515.421: [GC 10515.421: [ParNew: 1332978K->72282K(1415616K), 0.0303450 secs] 2663101K->1402404K(8231360K), 0.0305480 secs] [Times: user=0.48 sys=0.00, real=0.03 secs] 
10525.600: [GC 10525.600: [ParNew: 1330650K->91544K(1415616K), 0.0365060 secs] 2660772K->1421667K(8231360K), 0.0367100 secs] [Times: user=0.56 sys=0.01, real=0.03 secs] 
10531.055: [GC 10531.055: [ParNew: 1349912K->100534K(1415616K), 0.0347770 secs] 2680035K->1430657K(8231360K), 0.0349850 secs] [Times: user=0.53 sys=0.01, real=0.04 secs] 
10531.890: [GC 10531.890: [ParNew: 1358902K->91344K(1415616K), 0.0391760 secs] 2689025K->1421466K(8231360K), 0.0393880 secs] [Times: user=0.59 sys=0.03, real=0.04 secs] 
10532.727: [GC 10532.727: [ParNew: 1349712K->97651K(1415616K), 0.0376780 secs] 2679834K->1427774K(8231360K), 0.0378860 secs] [Times: user=0.58 sys=0.01, real=0.04 secs] 
10533.594: [GC 10533.594: [ParNew: 1356019K->86073K(1415616K), 0.0359200 secs] 2686142K->1416196K(8231360K), 0.0361450 secs] [Times: user=0.53 sys=0.03, real=0.04 secs] 
10538.201: [GC 10538.201: [ParNew: 1344441K->90602K(1415616K), 0.0348640 secs] 2674564K->1420725K(8231360K), 0.0350660 secs] [Times: user=0.53 sys=0.01, real=0.03 secs] 
10541.115: [GC 10541.115: [ParNew: 1348970K->102133K(1415616K), 0.0355620 secs] 2679093K->1432256K(8231360K), 0.0357760 secs] [Times: user=0.55 sys=0.01, real=0.04 secs] 
10545.586: [GC 10545.586: [ParNew: 1360501K->81660K(1415616K), 0.0366140 secs] 2690624K->1411783K(8231360K), 0.0368190 secs] [Times: user=0.56 sys=0.01, real=0.04 secs] 
10547.790: [GC 10547.790: [ParNew: 1340028K->106966K(1415616K), 0.0365250 secs] 2670151K->1437089K(8231360K), 0.0367280 secs] [Times: user=0.57 sys=0.00, real=0.04 secs] 
10549.464: [GC 10549.464: [ParNew: 1365334K->108773K(1415616K), 0.0379840 secs] 2695457K->1438896K(8231360K), 0.0381950 secs] [Times: user=0.58 sys=0.00, real=0.04 secs] 
10551.323: [GC 10551.324: [ParNew: 1367141K->114219K(1415616K), 0.0353000 secs] 2697264K->1444341K(8231360K), 0.0355220 secs] [Times: user=0.55 sys=0.00, real=0.03 secs] 
10553.385: [GC 10553.385: [ParNew: 1372587K->112112K(1415616K), 0.0354060 secs] 2702709K->1442234K(8231360K), 0.0356360 secs] [Times: user=0.56 sys=0.00, real=0.03 secs] 
10556.990: [GC 10556.990: [ParNew: 1370480K->104286K(1415616K), 0.0359910 secs] 2700602K->1434408K(8231360K), 0.0361950 secs] [Times: user=0.55 sys=0.01, real=0.04 secs] 
10561.630: [GC 10561.631: [ParNew: 1362654K->87485K(1415616K), 0.0375750 secs] 2692776K->1417608K(8231360K), 0.0378130 secs] [Times: user=0.58 sys=0.01, real=0.04 secs] 
10570.001: [GC 10570.001: [ParNew: 1345853K->86962K(1415616K), 0.0327410 secs] 2675976K->1417085K(8231360K), 0.0329710 secs] [Times: user=0.52 sys=0.00, real=0.03 secs] 
10577.744: [GC 10577.744: [ParNew: 1345330K->78551K(1415616K), 0.0327940 secs] 2675453K->1408674K(8231360K), 0.0330110 secs] [Times: user=0.50 sys=0.01, real=0.03 secs] 
10590.215: [GC 10590.215: [ParNew: 1336919K->83776K(1415616K), 0.0390170 secs] 2667042K->1413899K(8231360K), 0.0392350 secs] [Times: user=0.59 sys=0.02, real=0.04 secs] 
10591.648: [GC 10591.648: [ParNew: 1342144K->90600K(1415616K), 0.0362860 secs] 2672267K->1420722K(8231360K), 0.0364950 secs] [Times: user=0.56 sys=0.01, real=0.04 secs] 
10592.469: [GC 10592.469: [ParNew: 1348968K->96610K(1415616K), 0.0316940 secs] 2679090K->1426732K(8231360K), 0.0319010 secs] [Times: user=0.48 sys=0.01, real=0.04 secs] 
10593.306: [GC 10593.306: [ParNew: 1354978K->101769K(1415616K), 0.0345690 secs] 2685100K->1431892K(8231360K), 0.0347780 secs] [Times: user=0.51 sys=0.02, real=0.04 secs] 
10597.610: [GC 10597.610: [ParNew: 1360137K->95020K(1415616K), 0.0357060 secs] 2690260K->1425142K(8231360K), 0.0359120 secs] [Times: user=0.55 sys=0.01, real=0.04 secs] 
10602.589: [GC 10602.589: [ParNew: 1353388K->88847K(1415616K), 0.0302870 secs] 2683510K->1418969K(8231360K), 0.0304970 secs] [Times: user=0.47 sys=0.00, real=0.03 secs] 
10605.194: [GC 10605.194: [ParNew: 1347215K->98016K(1415616K), 0.0322020 secs] 2677337K->1428138K(8231360K), 0.0324150 secs] [Times: user=0.51 sys=0.00, real=0.03 secs] 
10608.253: [GC 10608.253: [ParNew: 1356384K->103446K(1415616K), 0.0362180 secs] 2686506K->1433569K(8231360K), 0.0364320 secs] [Times: user=0.56 sys=0.00, real=0.03 secs] 
10609.475: [GC 10609.475: [ParNew: 1361814K->108224K(1415616K), 0.0362870 secs] 2691937K->1438347K(8231360K), 0.0364900 secs] [Times: user=0.56 sys=0.02, real=0.03 secs] 
10611.260: [GC 10611.260: [ParNew: 1366592K->112953K(1415616K), 0.0350070 secs] 2696715K->1443076K(8231360K), 0.0352300 secs] [Times: user=0.54 sys=0.00, real=0.04 secs] 
10612.095: [GC 10612.095: [ParNew: 1371321K->125304K(1415616K), 0.0355280 secs] 2701444K->1455426K(8231360K), 0.0357350 secs] [Times: user=0.54 sys=0.01, real=0.03 secs] 
10614.238: [GC 10614.238: [ParNew: 1383672K->104598K(1415616K), 0.0389770 secs] 2713794K->1434721K(8231360K), 0.0391920 secs] [Times: user=0.61 sys=0.00, real=0.04 secs] 
10618.205: [GC 10618.206: [ParNew: 1362966K->111446K(1415616K), 0.0434960 secs] 2693089K->1441569K(8231360K), 0.0437050 secs] [Times: user=0.66 sys=0.00, real=0.04 secs] 
10621.575: [GC 10621.575: [ParNew: 1369814K->95836K(1415616K), 0.0429270 secs] 2699937K->1425959K(8231360K), 0.0431380 secs] [Times: user=0.65 sys=0.02, real=0.04 secs] 
10626.027: [GC 10626.027: [ParNew: 1354204K->91438K(1415616K), 0.0389540 secs] 2684327K->1421560K(8231360K), 0.0391640 secs] [Times: user=0.60 sys=0.00, real=0.04 secs] 
10633.588: [GC 10633.589: [ParNew: 1349806K->78808K(1415616K), 0.0347830 secs] 2679928K->1408930K(8231360K), 0.0350110 secs] [Times: user=0.53 sys=0.01, real=0.03 secs] 
10651.031: [GC 10651.031: [ParNew: 1337176K->79842K(1415616K), 0.0285880 secs] 2667298K->1409965K(8231360K), 0.0288020 secs] [Times: user=0.44 sys=0.01, real=0.02 secs] 
10651.869: [GC 10651.869: [ParNew: 1338210K->79087K(1415616K), 0.0295050 secs] 2668333K->1409210K(8231360K), 0.0297360 secs] [Times: user=0.45 sys=0.01, real=0.03 secs] 
10652.704: [GC 10652.704: [ParNew: 1337455K->85383K(1415616K), 0.0345580 secs] 2667578K->1415506K(8231360K), 0.0347610 secs] [Times: user=0.52 sys=0.01, real=0.03 secs] 
10654.204: [GC 10654.204: [ParNew: 1343751K->90051K(1415616K), 0.0340940 secs] 2673874K->1420173K(8231360K), 0.0343040 secs] [Times: user=0.53 sys=0.02, real=0.03 secs] 
10664.606: [GC 10664.606: [ParNew: 1348419K->91482K(1415616K), 0.0363410 secs] 2678541K->1421605K(8231360K), 0.0365720 secs] [Times: user=0.56 sys=0.00, real=0.03 secs] 
10667.731: [GC 10667.731: [ParNew: 1349850K->104639K(1415616K), 0.0398040 secs] 2679973K->1434761K(8231360K), 0.0400290 secs] [Times: user=0.62 sys=0.00, real=0.04 secs] 
10669.686: [GC 10669.686: [ParNew: 1363007K->111189K(1415616K), 0.0405240 secs] 2693129K->1441311K(8231360K), 0.0407320 secs] [Times: user=0.62 sys=0.02, real=0.04 secs] 
10671.644: [GC 10671.644: [ParNew: 1369557K->117666K(1415616K), 0.0392790 secs] 2699679K->1447788K(8231360K), 0.0394990 secs] [Times: user=0.61 sys=0.00, real=0.04 secs] 
10675.808: [GC 10675.808: [ParNew: 1376034K->113050K(1415616K), 0.0353030 secs] 2706156K->1443173K(8231360K), 0.0355010 secs] [Times: user=0.54 sys=0.00, real=0.03 secs] 
10680.405: [GC 10680.405: [ParNew: 1371418K->96495K(1415616K), 0.0388140 secs] 2701541K->1426617K(8231360K), 0.0390130 secs] [Times: user=0.59 sys=0.01, real=0.04 secs] 
10683.065: [GC 10683.065: [ParNew: 1354863K->100739K(1415616K), 0.0387900 secs] 2684985K->1430862K(8231360K), 0.0390070 secs] [Times: user=0.60 sys=0.00, real=0.04 secs] 
10686.614: [GC 10686.614: [ParNew: 1359107K->110408K(1415616K), 0.0393000 secs] 2689230K->1440531K(8231360K), 0.0395060 secs] [Times: user=0.61 sys=0.01, real=0.04 secs] 
10689.298: [GC 10689.298: [ParNew: 1368776K->104022K(1415616K), 0.0354050 secs] 2698899K->1434144K(8231360K), 0.0356240 secs] [Times: user=0.54 sys=0.00, real=0.03 secs] 
10691.176: [GC 10691.176: [ParNew: 1362390K->95388K(1415616K), 0.0403710 secs] 2692512K->1425511K(8231360K), 0.0405940 secs] [Times: user=0.62 sys=0.01, real=0.04 secs] 
10698.982: [GC 10698.982: [ParNew: 1353756K->76519K(1415616K), 0.0349910 secs] 2683879K->1406641K(8231360K), 0.0352210 secs] [Times: user=0.54 sys=0.00, real=0.03 secs] 
10711.314: [GC 10711.314: [ParNew: 1334887K->74693K(1415616K), 0.0331170 secs] 2665009K->1404815K(8231360K), 0.0333390 secs] [Times: user=0.51 sys=0.00, real=0.03 secs] 
10712.136: [GC 10712.136: [ParNew: 1333061K->84152K(1415616K), 0.0307690 secs] 2663183K->1414274K(8231360K), 0.0310170 secs] [Times: user=0.47 sys=0.01, real=0.03 secs] 
10712.953: [GC 10712.953: [ParNew: 1342520K->83309K(1415616K), 0.0318420 secs] 2672642K->1413432K(8231360K), 0.0320520 secs] [Times: user=0.48 sys=0.00, real=0.03 secs] 
10721.398: [GC 10721.398: [ParNew: 1341677K->83632K(1415616K), 0.0322340 secs] 2671800K->1413754K(8231360K), 0.0324630 secs] [Times: user=0.51 sys=0.00, real=0.03 secs] 
10727.378: [GC 10727.378: [ParNew: 1342000K->102161K(1415616K), 0.0390210 secs] 2672122K->1432284K(8231360K), 0.0392310 secs] [Times: user=0.60 sys=0.00, real=0.04 secs] 
10729.724: [GC 10729.725: [ParNew: 1360529K->104124K(1415616K), 0.0397250 secs] 2690652K->1434246K(8231360K), 0.0399230 secs] [Times: user=0.61 sys=0.01, real=0.04 secs] 
10732.294: [GC 10732.294: [ParNew: 1362492K->106366K(1415616K), 0.0344900 secs] 2692614K->1436489K(8231360K), 0.0347090 secs] [Times: user=0.54 sys=0.00, real=0.04 secs] 
10734.984: [GC 10734.984: [ParNew: 1364734K->115282K(1415616K), 0.0419750 secs] 2694857K->1445404K(8231360K), 0.0421800 secs] [Times: user=0.65 sys=0.01, real=0.05 secs] 
10739.602: [GC 10739.602: [ParNew: 1373650K->100941K(1415616K), 0.0401970 secs] 2703772K->1431064K(8231360K), 0.0404050 secs] [Times: user=0.61 sys=0.03, real=0.04 secs] 
10743.802: [GC 10743.802: [ParNew: 1359309K->97136K(1415616K), 0.0392760 secs] 2689432K->1427259K(8231360K), 0.0394850 secs] [Times: user=0.60 sys=0.02, real=0.04 secs] 
10746.583: [GC 10746.583: [ParNew: 1355504K->99654K(1415616K), 0.0375090 secs] 2685627K->1429777K(8231360K), 0.0377200 secs] [Times: user=0.57 sys=0.00, real=0.04 secs] 
10751.060: [GC 10751.060: [ParNew: 1358022K->96045K(1415616K), 0.0364120 secs] 2688145K->1426167K(8231360K), 0.0366240 secs] [Times: user=0.57 sys=0.01, real=0.03 secs] 
10753.378: [GC 10753.378: [ParNew: 1354413K->95848K(1415616K), 0.0381590 secs] 2684535K->1425970K(8231360K), 0.0383670 secs] [Times: user=0.59 sys=0.01, real=0.04 secs] 
10757.085: [GC 10757.085: [ParNew: 1354216K->103424K(1415616K), 0.0388120 secs] 2684338K->1433546K(8231360K), 0.0390130 secs] [Times: user=0.60 sys=0.00, real=0.04 secs] 
10762.408: [GC 10762.408: [ParNew: 1361792K->98780K(1415616K), 0.0353670 secs] 2691914K->1428903K(8231360K), 0.0355740 secs] [Times: user=0.54 sys=0.00, real=0.04 secs] 
10771.344: [GC 10771.344: [ParNew: 1357148K->77289K(1415616K), 0.0397000 secs] 2687271K->1407411K(8231360K), 0.0399260 secs] [Times: user=0.61 sys=0.01, real=0.04 secs] 
10772.180: [GC 10772.180: [ParNew: 1335657K->83080K(1415616K), 0.0296860 secs] 2665779K->1413202K(8231360K), 0.0299020 secs] [Times: user=0.46 sys=0.00, real=0.03 secs] 
10773.005: [GC 10773.005: [ParNew: 1341448K->85094K(1415616K), 0.0313580 secs] 2671570K->1415217K(8231360K), 0.0315670 secs] [Times: user=0.48 sys=0.00, real=0.03 secs] 
10788.428: [GC 10788.428: [ParNew: 1343462K->91889K(1415616K), 0.0389020 secs] 2673585K->1422012K(8231360K), 0.0391140 secs] [Times: user=0.60 sys=0.01, real=0.04 secs] 
10791.059: [GC 10791.059: [ParNew: 1350257K->108577K(1415616K), 0.0321570 secs] 2680380K->1438699K(8231360K), 0.0323660 secs] [Times: user=0.49 sys=0.00, real=0.03 secs] 
10791.878: [GC 10791.878: [ParNew: 1366945K->98425K(1415616K), 0.0373740 secs] 2697067K->1428547K(8231360K), 0.0375770 secs] [Times: user=0.58 sys=0.00, real=0.04 secs] 
10796.373: [GC 10796.373: [ParNew: 1356793K->100808K(1415616K), 0.0350960 secs] 2686915K->1430931K(8231360K), 0.0353040 secs] [Times: user=0.54 sys=0.00, real=0.04 secs] 
10801.612: [GC 10801.612: [ParNew: 1359176K->87070K(1415616K), 0.0378530 secs] 2689299K->1417193K(8231360K), 0.0380900 secs] [Times: user=0.59 sys=0.01, real=0.04 secs] 
10803.006: [GC 10803.006: [ParNew: 1345438K->107934K(1415616K), 0.0362260 secs] 2675561K->1438057K(8231360K), 0.0364360 secs] [Times: user=0.56 sys=0.00, real=0.04 secs] 
10806.090: [GC 10806.090: [ParNew: 1366302K->99724K(1415616K), 0.0346400 secs] 2696425K->1429846K(8231360K), 0.0348450 secs] [Times: user=0.53 sys=0.00, real=0.03 secs] 
10810.790: [GC 10810.790: [ParNew: 1358092K->96125K(1415616K), 0.0425230 secs] 2688214K->1426247K(8231360K), 0.0427310 secs] [Times: user=0.65 sys=0.03, real=0.04 secs] 
10813.705: [GC 10813.706: [ParNew: 1354493K->89183K(1415616K), 0.0383360 secs] 2684615K->1419306K(8231360K), 0.0385510 secs] [Times: user=0.59 sys=0.01, real=0.04 secs] 
10818.598: [GC 10818.598: [ParNew: 1347551K->95290K(1415616K), 0.0428360 secs] 2677674K->1425413K(8231360K), 0.0430410 secs] [Times: user=0.65 sys=0.02, real=0.05 secs] 
10822.102: [GC 10822.102: [ParNew: 1353658K->99920K(1415616K), 0.0395100 secs] 2683781K->1430042K(8231360K), 0.0397130 secs] [Times: user=0.62 sys=0.00, real=0.04 secs] 
10824.794: [GC 10824.794: [ParNew: 1358288K->100749K(1415616K), 0.0387600 secs] 2688410K->1430872K(8231360K), 0.0389660 secs] [Times: user=0.59 sys=0.01, real=0.04 secs] 
10831.281: [GC 10831.281: [ParNew: 1359117K->78538K(1415616K), 0.0323270 secs] 2689240K->1408661K(8231360K), 0.0325450 secs] [Times: user=0.49 sys=0.00, real=0.04 secs] 
10832.118: [GC 10832.118: [ParNew: 1336906K->99054K(1415616K), 0.0380190 secs] 2667029K->1429176K(8231360K), 0.0382350 secs] [Times: user=0.60 sys=0.01, real=0.04 secs] 
10832.959: [GC 10832.959: [ParNew: 1357422K->85781K(1415616K), 0.0375710 secs] 2687544K->1415904K(8231360K), 0.0377810 secs] [Times: user=0.58 sys=0.01, real=0.04 secs] 
10846.244: [GC 10846.244: [ParNew: 1344149K->76605K(1415616K), 0.0338260 secs] 2674272K->1406728K(8231360K), 0.0340310 secs] [Times: user=0.53 sys=0.00, real=0.04 secs] 
10851.160: [GC 10851.160: [ParNew: 1334973K->96574K(1415616K), 0.0384440 secs] 2665096K->1426697K(8231360K), 0.0386480 secs] [Times: user=0.59 sys=0.01, real=0.04 secs] 
10860.175: [GC 10860.176: [ParNew: 1354942K->89113K(1415616K), 0.0338870 secs] 2685065K->1419236K(8231360K), 0.0340920 secs] [Times: user=0.52 sys=0.01, real=0.04 secs] 
10865.773: [GC 10865.773: [ParNew: 1347481K->96294K(1415616K), 0.0366670 secs] 2677604K->1426417K(8231360K), 0.0368730 secs] [Times: user=0.56 sys=0.01, real=0.04 secs] 
10869.086: [GC 10869.086: [ParNew: 1354662K->103610K(1415616K), 0.0365870 secs] 2684785K->1433732K(8231360K), 0.0368860 secs] [Times: user=0.55 sys=0.01, real=0.04 secs] 
10871.235: [GC 10871.235: [ParNew: 1361978K->89556K(1415616K), 0.0364880 secs] 2692100K->1419678K(8231360K), 0.0366810 secs] [Times: user=0.57 sys=0.01, real=0.04 secs] 
10874.797: [GC 10874.797: [ParNew: 1347924K->81805K(1415616K), 0.0371060 secs] 2678046K->1411927K(8231360K), 0.0373200 secs] [Times: user=0.57 sys=0.02, real=0.04 secs] 
10879.195: [GC 10879.195: [ParNew: 1340173K->102009K(1415616K), 0.0372430 secs] 2670295K->1432131K(8231360K), 0.0374520 secs] [Times: user=0.57 sys=0.02, real=0.04 secs] 
10882.418: [GC 10882.418: [ParNew: 1360377K->103359K(1415616K), 0.0378700 secs] 2690499K->1433482K(8231360K), 0.0380650 secs] [Times: user=0.58 sys=0.01, real=0.04 secs] 
10888.709: [GC 10888.709: [ParNew: 1361727K->90631K(1415616K), 0.0375240 secs] 2691850K->1420754K(8231360K), 0.0377360 secs] [Times: user=0.58 sys=0.00, real=0.04 secs] 
10891.096: [GC 10891.096: [ParNew: 1348999K->99001K(1415616K), 0.0347500 secs] 2679122K->1429124K(8231360K), 0.0349720 secs] [Times: user=0.55 sys=0.00, real=0.03 secs] 
10891.928: [GC 10891.928: [ParNew: 1357369K->99132K(1415616K), 0.0406150 secs] 2687492K->1429254K(8231360K), 0.0408350 secs] [Times: user=0.64 sys=0.01, real=0.04 secs] 
10895.786: [GC 10895.786: [ParNew: 1357500K->104387K(1415616K), 0.0389850 secs] 2687622K->1434509K(8231360K), 0.0392060 secs] [Times: user=0.60 sys=0.00, real=0.04 secs] 
10909.171: [GC 10909.171: [ParNew: 1362755K->82655K(1415616K), 0.0388900 secs] 2692877K->1412777K(8231360K), 0.0391000 secs] [Times: user=0.60 sys=0.00, real=0.04 secs] 
10913.785: [GC 10913.785: [ParNew: 1341023K->105013K(1415616K), 0.0366160 secs] 2671145K->1435135K(8231360K), 0.0368160 secs] [Times: user=0.58 sys=0.00, real=0.04 secs] 
10923.637: [GC 10923.637: [ParNew: 1363381K->88032K(1415616K), 0.0364270 secs] 2693503K->1418154K(8231360K), 0.0366370 secs] [Times: user=0.56 sys=0.02, real=0.04 secs] 
10930.917: [GC 10930.917: [ParNew: 1346400K->96987K(1415616K), 0.0347700 secs] 2676522K->1427110K(8231360K), 0.0349770 secs] [Times: user=0.53 sys=0.01, real=0.04 secs] 
10936.787: [GC 10936.787: [ParNew: 1355355K->86973K(1415616K), 0.0341250 secs] 2685478K->1417095K(8231360K), 0.0343320 secs] [Times: user=0.52 sys=0.02, real=0.03 secs] 
10939.430: [GC 10939.430: [ParNew: 1345341K->98307K(1415616K), 0.0321880 secs] 2675463K->1428430K(8231360K), 0.0324160 secs] [Times: user=0.49 sys=0.01, real=0.04 secs] 
10942.182: [GC 10942.182: [ParNew: 1356675K->100116K(1415616K), 0.0380710 secs] 2686798K->1430238K(8231360K), 0.0382810 secs] [Times: user=0.58 sys=0.02, real=0.04 secs] 
10946.205: [GC 10946.205: [ParNew: 1358484K->101977K(1415616K), 0.0377750 secs] 2688606K->1432099K(8231360K), 0.0379880 secs] [Times: user=0.59 sys=0.00, real=0.03 secs] 
10951.166: [GC 10951.166: [ParNew: 1360345K->91081K(1415616K), 0.0376370 secs] 2690467K->1421203K(8231360K), 0.0378540 secs] [Times: user=0.58 sys=0.00, real=0.03 secs] 
10951.997: [GC 10951.997: [ParNew: 1349449K->98065K(1415616K), 0.0394220 secs] 2679571K->1428187K(8231360K), 0.0396280 secs] [Times: user=0.60 sys=0.02, real=0.04 secs] 
10952.832: [GC 10952.832: [ParNew: 1356433K->93977K(1415616K), 0.0379250 secs] 2686555K->1424100K(8231360K), 0.0381300 secs] [Times: user=0.59 sys=0.00, real=0.04 secs] 
10953.697: [GC 10953.697: [ParNew: 1352345K->98029K(1415616K), 0.0385440 secs] 2682468K->1428152K(8231360K), 0.0387440 secs] [Times: user=0.59 sys=0.01, real=0.03 secs] 
10958.775: [GC 10958.775: [ParNew: 1356397K->85162K(1415616K), 0.0388060 secs] 2686520K->1415285K(8231360K), 0.0390140 secs] [Times: user=0.60 sys=0.01, real=0.04 secs] 
10962.814: [GC 10962.814: [ParNew: 1343530K->93303K(1415616K), 0.0420290 secs] 2673653K->1423425K(8231360K), 0.0422380 secs] [Times: user=0.65 sys=0.01, real=0.04 secs] 
10965.219: [GC 10965.219: [ParNew: 1351671K->106548K(1415616K), 0.0371230 secs] 2681793K->1436670K(8231360K), 0.0373320 secs] [Times: user=0.57 sys=0.01, real=0.03 secs] 
10969.531: [GC 10969.531: [ParNew: 1364916K->99473K(1415616K), 0.0378940 secs] 2695038K->1429595K(8231360K), 0.0381110 secs] [Times: user=0.59 sys=0.00, real=0.04 secs] 
10971.245: [GC 10971.245: [ParNew: 1357841K->110289K(1415616K), 0.0369860 secs] 2687963K->1440411K(8231360K), 0.0371940 secs] [Times: user=0.57 sys=0.01, real=0.04 secs] 
10976.206: [GC 10976.206: [ParNew: 1368657K->85268K(1415616K), 0.0333250 secs] 2698779K->1415390K(8231360K), 0.0335340 secs] [Times: user=0.52 sys=0.00, real=0.03 secs] 
10989.775: [GC 10989.775: [ParNew: 1343636K->78038K(1415616K), 0.0303160 secs] 2673758K->1408161K(8231360K), 0.0305250 secs] [Times: user=0.46 sys=0.00, real=0.03 secs] 
10994.786: [GC 10994.786: [ParNew: 1336406K->80983K(1415616K), 0.0336610 secs] 2666529K->1411105K(8231360K), 0.0338690 secs] [Times: user=0.52 sys=0.00, real=0.03 secs] 
11003.796: [GC 11003.796: [ParNew: 1339351K->86460K(1415616K), 0.0338080 secs] 2669473K->1416583K(8231360K), 0.0340140 secs] [Times: user=0.52 sys=0.01, real=0.03 secs] 
11007.638: [GC 11007.638: [ParNew: 1344828K->99836K(1415616K), 0.0362130 secs] 2674951K->1429959K(8231360K), 0.0364330 secs] [Times: user=0.56 sys=0.00, real=0.03 secs] 
11011.024: [GC 11011.024: [ParNew: 1358204K->107584K(1415616K), 0.0422450 secs] 2688327K->1437707K(8231360K), 0.0424650 secs] [Times: user=0.65 sys=0.00, real=0.05 secs] 
11011.852: [GC 11011.852: [ParNew: 1365952K->107302K(1415616K), 0.0381400 secs] 2696075K->1437425K(8231360K), 0.0383540 secs] [Times: user=0.59 sys=0.00, real=0.04 secs] 
11012.670: [GC 11012.670: [ParNew: 1365670K->101293K(1415616K), 0.0370380 secs] 2695793K->1431415K(8231360K), 0.0372510 secs] [Times: user=0.57 sys=0.01, real=0.04 secs] 
11013.504: [GC 11013.504: [ParNew: 1359661K->97784K(1415616K), 0.0362610 secs] 2689783K->1427906K(8231360K), 0.0364720 secs] [Times: user=0.56 sys=0.00, real=0.04 secs] 
11017.236: [GC 11017.236: [ParNew: 1356152K->93633K(1415616K), 0.0377450 secs] 2686274K->1423756K(8231360K), 0.0379560 secs] [Times: user=0.58 sys=0.00, real=0.04 secs] 
11020.186: [GC 11020.187: [ParNew: 1352001K->100415K(1415616K), 0.0383300 secs] 2682124K->1430537K(8231360K), 0.0385310 secs] [Times: user=0.60 sys=0.01, real=0.04 secs] 
11025.059: [GC 11025.059: [ParNew: 1358783K->96011K(1415616K), 0.0362580 secs] 2688905K->1426134K(8231360K), 0.0364700 secs] [Times: user=0.56 sys=0.00, real=0.03 secs] 
11027.887: [GC 11027.888: [ParNew: 1354379K->113189K(1415616K), 0.0371010 secs] 2684502K->1443311K(8231360K), 0.0373260 secs] [Times: user=0.58 sys=0.00, real=0.04 secs] 
11030.144: [GC 11030.144: [ParNew: 1371557K->126708K(1415616K), 0.0374130 secs] 2701679K->1456830K(8231360K), 0.0376260 secs] [Times: user=0.59 sys=0.00, real=0.04 secs] 
11031.266: [GC 11031.266: [ParNew: 1385076K->95610K(1415616K), 0.0392000 secs] 2715198K->1425732K(8231360K), 0.0394180 secs] [Times: user=0.61 sys=0.01, real=0.04 secs] 
11032.500: [GC 11032.500: [ParNew: 1353978K->115847K(1415616K), 0.0386020 secs] 2684100K->1445970K(8231360K), 0.0388120 secs] [Times: user=0.61 sys=0.01, real=0.04 secs] 
11042.127: [GC 11042.127: [ParNew: 1374206K->84082K(1415616K), 0.0344080 secs] 2704328K->1414205K(8231360K), 0.0346390 secs] [Times: user=0.53 sys=0.00, real=0.03 secs] 
11051.063: [GC 11051.063: [ParNew: 1342450K->80026K(1415616K), 0.0329870 secs] 2672573K->1410148K(8231360K), 0.0332060 secs] [Times: user=0.50 sys=0.01, real=0.04 secs] 
11061.716: [GC 11061.717: [ParNew: 1338394K->84458K(1415616K), 0.0336420 secs] 2668516K->1414581K(8231360K), 0.0338760 secs] [Times: user=0.52 sys=0.00, real=0.03 secs] 
11071.175: [GC 11071.175: [ParNew: 1342826K->86170K(1415616K), 0.0330370 secs] 2672949K->1416292K(8231360K), 0.0332700 secs] [Times: user=0.51 sys=0.00, real=0.04 secs] 
11071.986: [GC 11071.986: [ParNew: 1344538K->94773K(1415616K), 0.0333420 secs] 2674660K->1424895K(8231360K), 0.0335480 secs] [Times: user=0.52 sys=0.01, real=0.04 secs] 
11072.804: [GC 11072.804: [ParNew: 1353141K->96567K(1415616K), 0.0328160 secs] 2683263K->1426689K(8231360K), 0.0330260 secs] [Times: user=0.50 sys=0.01, real=0.03 secs] 
11073.639: [GC 11073.639: [ParNew: 1354935K->89469K(1415616K), 0.0333930 secs] 2685057K->1419592K(8231360K), 0.0336060 secs] [Times: user=0.51 sys=0.00, real=0.03 secs] 
11077.992: [GC 11077.992: [ParNew: 1347837K->98960K(1415616K), 0.0346800 secs] 2677960K->1429082K(8231360K), 0.0349240 secs] [Times: user=0.53 sys=0.00, real=0.03 secs] 
11082.321: [GC 11082.321: [ParNew: 1357328K->102943K(1415616K), 0.0381470 secs] 2687450K->1433066K(8231360K), 0.0383700 secs] [Times: user=0.59 sys=0.00, real=0.04 secs] 
11086.429: [GC 11086.429: [ParNew: 1361311K->94430K(1415616K), 0.0344640 secs] 2691434K->1424552K(8231360K), 0.0346820 secs] [Times: user=0.53 sys=0.00, real=0.04 secs] 
11088.696: [GC 11088.696: [ParNew: 1352798K->115796K(1415616K), 0.0386550 secs] 2682920K->1445919K(8231360K), 0.0388760 secs] [Times: user=0.59 sys=0.00, real=0.04 secs] 
11089.951: [GC 11089.951: [ParNew: 1374164K->110322K(1415616K), 0.0388620 secs] 2704287K->1440445K(8231360K), 0.0390830 secs] [Times: user=0.60 sys=0.00, real=0.03 secs] 
11091.428: [GC 11091.429: [ParNew: 1368690K->113867K(1415616K), 0.0408060 secs] 2698813K->1443989K(8231360K), 0.0410240 secs] [Times: user=0.64 sys=0.00, real=0.04 secs] 
11093.559: [GC 11093.560: [ParNew: 1372235K->102681K(1415616K), 0.0394960 secs] 2702357K->1432803K(8231360K), 0.0397190 secs] [Times: user=0.61 sys=0.01, real=0.04 secs] 
11098.811: [GC 11098.811: [ParNew: 1361049K->100900K(1415616K), 0.0390790 secs] 2691171K->1431022K(8231360K), 0.0393160 secs] [Times: user=0.61 sys=0.00, real=0.04 secs] 
11101.966: [GC 11101.966: [ParNew: 1359268K->99051K(1415616K), 0.0420580 secs] 2689390K->1429173K(8231360K), 0.0423050 secs] [Times: user=0.64 sys=0.02, real=0.04 secs] 
11106.284: [GC 11106.284: [ParNew: 1357363K->86495K(1415616K), 0.0363230 secs] 2687485K->1416618K(8231360K), 0.0365560 secs] [Times: user=0.56 sys=0.00, real=0.04 secs] 
11117.077: [GC 11117.077: [ParNew: 1344863K->74434K(1415616K), 0.0327690 secs] 2674986K->1404556K(8231360K), 0.0329820 secs] [Times: user=0.50 sys=0.01, real=0.03 secs] 
11131.169: [GC 11131.169: [ParNew: 1332802K->74886K(1415616K), 0.0404560 secs] 2662924K->1405008K(8231360K), 0.0406760 secs] [Times: user=0.61 sys=0.01, real=0.05 secs] 
11132.004: [GC 11132.004: [ParNew: 1333254K->85409K(1415616K), 0.0365360 secs] 2663376K->1415531K(8231360K), 0.0367480 secs] [Times: user=0.56 sys=0.01, real=0.04 secs] 
11132.844: [GC 11132.844: [ParNew: 1343777K->86002K(1415616K), 0.0333490 secs] 2673899K->1416124K(8231360K), 0.0335520 secs] [Times: user=0.51 sys=0.01, real=0.03 secs] 
11135.669: [GC 11135.669: [ParNew: 1344370K->90257K(1415616K), 0.0373620 secs] 2674492K->1420380K(8231360K), 0.0375740 secs] [Times: user=0.57 sys=0.01, real=0.03 secs] 
11141.570: [GC 11141.570: [ParNew: 1348625K->87367K(1415616K), 0.0343940 secs] 2678748K->1417489K(8231360K), 0.0345960 secs] [Times: user=0.52 sys=0.00, real=0.04 secs] 
11146.007: [GC 11146.008: [ParNew: 1345735K->108256K(1415616K), 0.0328180 secs] 2675857K->1438379K(8231360K), 0.0330400 secs] [Times: user=0.52 sys=0.00, real=0.03 secs] 
11147.603: [GC 11147.603: [ParNew: 1366624K->108813K(1415616K), 0.0415830 secs] 2696747K->1438935K(8231360K), 0.0417970 secs] [Times: user=0.64 sys=0.01, real=0.04 secs] 
11149.414: [GC 11149.414: [ParNew: 1367181K->110458K(1415616K), 0.0378630 secs] 2697303K->1440581K(8231360K), 0.0380740 secs] [Times: user=0.59 sys=0.00, real=0.04 secs] 
11151.242: [GC 11151.242: [ParNew: 1368826K->106629K(1415616K), 0.0438980 secs] 2698949K->1436751K(8231360K), 0.0440980 secs] [Times: user=0.67 sys=0.02, real=0.05 secs] 
11153.080: [GC 11153.080: [ParNew: 1364997K->114177K(1415616K), 0.0436710 secs] 2695119K->1444300K(8231360K), 0.0438780 secs] [Times: user=0.65 sys=0.03, real=0.05 secs] 
11156.003: [GC 11156.003: [ParNew: 1372545K->106902K(1415616K), 0.0408650 secs] 2702668K->1437025K(8231360K), 0.0410900 secs] [Times: user=0.64 sys=0.00, real=0.05 secs] 
11160.785: [GC 11160.785: [ParNew: 1365270K->92064K(1415616K), 0.0359170 secs] 2695393K->1422187K(8231360K), 0.0361280 secs] [Times: user=0.56 sys=0.00, real=0.03 secs] 
11163.790: [GC 11163.790: [ParNew: 1350432K->109068K(1415616K), 0.0373540 secs] 2680555K->1439191K(8231360K), 0.0375720 secs] [Times: user=0.57 sys=0.00, real=0.04 secs] 
11166.621: [GC 11166.621: [ParNew: 1367436K->95626K(1415616K), 0.0416420 secs] 2697559K->1425749K(8231360K), 0.0418580 secs] [Times: user=0.66 sys=0.00, real=0.04 secs] 
11171.230: [GC 11171.230: [ParNew: 1353994K->81535K(1415616K), 0.0381710 secs] 2684117K->1411657K(8231360K), 0.0383810 secs] [Times: user=0.59 sys=0.01, real=0.04 secs] 
11191.785: [GC 11191.785: [ParNew: 1339903K->73680K(1415616K), 0.0335780 secs] 2670025K->1403803K(8231360K), 0.0337960 secs] [Times: user=0.50 sys=0.02, real=0.03 secs] 
11193.566: [GC 11193.566: [ParNew: 1332048K->78324K(1415616K), 0.0359470 secs] 2662171K->1408446K(8231360K), 0.0361720 secs] [Times: user=0.55 sys=0.01, real=0.04 secs] 
11194.386: [GC 11194.386: [ParNew: 1336692K->85822K(1415616K), 0.0339770 secs] 2666814K->1415944K(8231360K), 0.0341850 secs] [Times: user=0.53 sys=0.00, real=0.04 secs] 
11195.226: [GC 11195.226: [ParNew: 1344190K->89878K(1415616K), 0.0349120 secs] 2674312K->1420001K(8231360K), 0.0351210 secs] [Times: user=0.53 sys=0.02, real=0.04 secs] 
11203.260: [GC 11203.261: [ParNew: 1348246K->98041K(1415616K), 0.0379530 secs] 2678369K->1428164K(8231360K), 0.0381700 secs] [Times: user=0.58 sys=0.00, real=0.04 secs] 
11206.534: [GC 11206.534: [ParNew: 1356409K->95349K(1415616K), 0.0365000 secs] 2686532K->1425472K(8231360K), 0.0367230 secs] [Times: user=0.57 sys=0.01, real=0.03 secs] 
11210.187: [GC 11210.187: [ParNew: 1353717K->98769K(1415616K), 0.0412420 secs] 2683840K->1428891K(8231360K), 0.0414470 secs] [Times: user=0.62 sys=0.03, real=0.04 secs] 
11211.519: [GC 11211.519: [ParNew: 1357137K->104090K(1415616K), 0.0368570 secs] 2687259K->1434212K(8231360K), 0.0370650 secs] [Times: user=0.57 sys=0.01, real=0.04 secs] 
11213.622: [GC 11213.622: [ParNew: 1362458K->116254K(1415616K), 0.0403090 secs] 2692580K->1446376K(8231360K), 0.0405250 secs] [Times: user=0.62 sys=0.01, real=0.04 secs] 
11215.472: [GC 11215.472: [ParNew: 1374622K->126768K(1415616K), 0.0424680 secs] 2704744K->1456891K(8231360K), 0.0427630 secs] [Times: user=0.66 sys=0.01, real=0.05 secs] 
11219.413: [GC 11219.413: [ParNew: 1385136K->111203K(1415616K), 0.0397980 secs] 2715259K->1441326K(8231360K), 0.0400280 secs] [Times: user=0.61 sys=0.01, real=0.04 secs] 
11221.379: [GC 11221.379: [ParNew: 1369571K->114504K(1415616K), 0.0426710 secs] 2699694K->1444626K(8231360K), 0.0428740 secs] [Times: user=0.67 sys=0.00, real=0.04 secs] 
11224.580: [GC 11224.580: [ParNew: 1372872K->100067K(1415616K), 0.0391240 secs] 2702994K->1430190K(8231360K), 0.0393300 secs] [Times: user=0.61 sys=0.00, real=0.04 secs] 
11229.999: [GC 11229.999: [ParNew: 1358435K->102622K(1415616K), 0.0408830 secs] 2688558K->1432745K(8231360K), 0.0410830 secs] [Times: user=0.63 sys=0.01, real=0.04 secs] 
11231.571: [GC 11231.571: [ParNew: 1360990K->96459K(1415616K), 0.0376470 secs] 2691113K->1426581K(8231360K), 0.0378350 secs] [Times: user=0.58 sys=0.00, real=0.04 secs] 
11236.378: [GC 11236.378: [ParNew: 1354827K->81251K(1415616K), 0.0387430 secs] 2684949K->1411374K(8231360K), 0.0389680 secs] [Times: user=0.59 sys=0.02, real=0.03 secs] 
11251.210: [GC 11251.210: [ParNew: 1339619K->82453K(1415616K), 0.0392630 secs] 2669742K->1412576K(8231360K), 0.0394820 secs] [Times: user=0.60 sys=0.02, real=0.04 secs] 
11252.052: [GC 11252.052: [ParNew: 1340821K->86682K(1415616K), 0.0299550 secs] 2670944K->1416804K(8231360K), 0.0303110 secs] [Times: user=0.45 sys=0.01, real=0.03 secs] 
11252.889: [GC 11252.889: [ParNew: 1345050K->81027K(1415616K), 0.0353640 secs] 2675172K->1411150K(8231360K), 0.0355940 secs] [Times: user=0.54 sys=0.01, real=0.04 secs] 
11265.966: [GC 11265.966: [ParNew: 1339395K->76892K(1415616K), 0.0329200 secs] 2669518K->1407015K(8231360K), 0.0331420 secs] [Times: user=0.51 sys=0.00, real=0.03 secs] 
11269.470: [GC 11269.470: [ParNew: 1335260K->96393K(1415616K), 0.0335250 secs] 2665383K->1426516K(8231360K), 0.0337310 secs] [Times: user=0.52 sys=0.01, real=0.03 secs] 
11271.185: [GC 11271.185: [ParNew: 1354761K->101624K(1415616K), 0.0377520 secs] 2684884K->1431746K(8231360K), 0.0379530 secs] [Times: user=0.59 sys=0.00, real=0.03 secs] 
11277.152: [GC 11277.152: [ParNew: 1359992K->106833K(1415616K), 0.0326930 secs] 2690114K->1436956K(8231360K), 0.0328950 secs] [Times: user=0.50 sys=0.00, real=0.03 secs] 
11281.772: [GC 11281.772: [ParNew: 1365201K->100484K(1415616K), 0.0331610 secs] 2695324K->1430607K(8231360K), 0.0333760 secs] [Times: user=0.52 sys=0.00, real=0.03 secs] 
11282.738: [GC 11282.738: [ParNew: 1358852K->96074K(1415616K), 0.0385940 secs] 2688975K->1426196K(8231360K), 0.0388020 secs] [Times: user=0.59 sys=0.01, real=0.03 secs] 
11287.217: [GC 11287.217: [ParNew: 1354442K->101772K(1415616K), 0.0379760 secs] 2684564K->1431894K(8231360K), 0.0381850 secs] [Times: user=0.59 sys=0.00, real=0.03 secs] 
11290.780: [GC 11290.780: [ParNew: 1360140K->109493K(1415616K), 0.0400690 secs] 2690262K->1439615K(8231360K), 0.0402850 secs] [Times: user=0.62 sys=0.01, real=0.04 secs] 
11292.373: [GC 11292.373: [ParNew: 1367861K->106104K(1415616K), 0.0376990 secs] 2697983K->1436226K(8231360K), 0.0379080 secs] [Times: user=0.58 sys=0.00, real=0.04 secs] 
11297.693: [GC 11297.693: [ParNew: 1364472K->95210K(1415616K), 0.0394960 secs] 2694594K->1425332K(8231360K), 0.0397240 secs] [Times: user=0.61 sys=0.01, real=0.04 secs] 
11300.809: [GC 11300.810: [ParNew: 1353578K->92619K(1415616K), 0.0389730 secs] 2683700K->1422741K(8231360K), 0.0391850 secs] [Times: user=0.61 sys=0.01, real=0.03 secs] 
11310.974: [GC 11310.974: [ParNew: 1350987K->77922K(1415616K), 0.0366140 secs] 2681109K->1408044K(8231360K), 0.0368320 secs] [Times: user=0.56 sys=0.01, real=0.03 secs] 
11311.794: [GC 11311.794: [ParNew: 1336290K->85806K(1415616K), 0.0378130 secs] 2666412K->1415928K(8231360K), 0.0380240 secs] [Times: user=0.59 sys=0.01, real=0.04 secs] 
11312.619: [GC 11312.619: [ParNew: 1344174K->89137K(1415616K), 0.0329900 secs] 2674296K->1419259K(8231360K), 0.0332000 secs] [Times: user=0.51 sys=0.00, real=0.04 secs] 
11319.574: [GC 11319.574: [ParNew: 1347505K->76477K(1415616K), 0.0327500 secs] 2677627K->1406600K(8231360K), 0.0329470 secs] [Times: user=0.51 sys=0.00, real=0.03 secs] 
11328.386: [GC 11328.386: [ParNew: 1334845K->89120K(1415616K), 0.0333140 secs] 2664968K->1419242K(8231360K), 0.0335250 secs] [Times: user=0.51 sys=0.01, real=0.03 secs] 
11331.005: [GC 11331.005: [ParNew: 1347488K->107233K(1415616K), 0.0382470 secs] 2677610K->1437356K(8231360K), 0.0384590 secs] [Times: user=0.59 sys=0.00, real=0.04 secs] 
11337.056: [GC 11337.056: [ParNew: 1365601K->105161K(1415616K), 0.0397450 secs] 2695724K->1435284K(8231360K), 0.0399480 secs] [Times: user=0.61 sys=0.01, real=0.04 secs] 
11341.701: [GC 11341.701: [ParNew: 1363529K->103367K(1415616K), 0.0341530 secs] 2693652K->1433489K(8231360K), 0.0343730 secs] [Times: user=0.53 sys=0.00, real=0.03 secs] 
11347.233: [GC 11347.233: [ParNew: 1361735K->101988K(1415616K), 0.0389630 secs] 2691857K->1432110K(8231360K), 0.0391750 secs] [Times: user=0.61 sys=0.00, real=0.04 secs] 
11350.415: [GC 11350.415: [ParNew: 1360356K->100340K(1415616K), 0.0371090 secs] 2690478K->1430463K(8231360K), 0.0373140 secs] [Times: user=0.57 sys=0.00, real=0.04 secs] 
11352.426: [GC 11352.426: [ParNew: 1358708K->112377K(1415616K), 0.0376150 secs] 2688831K->1442499K(8231360K), 0.0378200 secs] [Times: user=0.58 sys=0.01, real=0.04 secs] 
11355.413: [GC 11355.414: [ParNew: 1370745K->90497K(1415616K), 0.0363920 secs] 2700867K->1420619K(8231360K), 0.0366030 secs] [Times: user=0.57 sys=0.00, real=0.04 secs] 
11358.195: [GC 11358.195: [ParNew: 1348865K->95283K(1415616K), 0.0350250 secs] 2678987K->1425406K(8231360K), 0.0352410 secs] [Times: user=0.54 sys=0.01, real=0.04 secs] 
11363.178: [GC 11363.178: [ParNew: 1353651K->94330K(1415616K), 0.0406260 secs] 2683774K->1424453K(8231360K), 0.0408320 secs] [Times: user=0.63 sys=0.01, real=0.04 secs] 
11367.277: [GC 11367.277: [ParNew: 1352698K->82599K(1415616K), 0.0365590 secs] 2682821K->1412721K(8231360K), 0.0367600 secs] [Times: user=0.56 sys=0.01, real=0.04 secs] 
11371.339: [GC 11371.340: [ParNew: 1340967K->97297K(1415616K), 0.0376230 secs] 2671089K->1427420K(8231360K), 0.0378400 secs] [Times: user=0.58 sys=0.00, real=0.04 secs] 
11386.425: [GC 11386.425: [ParNew: 1355665K->78864K(1415616K), 0.0353180 secs] 2685788K->1408986K(8231360K), 0.0355410 secs] [Times: user=0.54 sys=0.00, real=0.04 secs] 
11389.605: [GC 11389.605: [ParNew: 1337232K->95500K(1415616K), 0.0366290 secs] 2667354K->1425623K(8231360K), 0.0368410 secs] [Times: user=0.57 sys=0.00, real=0.04 secs] 
11397.201: [GC 11397.201: [ParNew: 1353868K->98472K(1415616K), 0.0390080 secs] 2683991K->1428594K(8231360K), 0.0392170 secs] [Times: user=0.60 sys=0.01, real=0.04 secs] 
11403.268: [GC 11403.268: [ParNew: 1356840K->88334K(1415616K), 0.0346270 secs] 2686962K->1418456K(8231360K), 0.0348420 secs] [Times: user=0.54 sys=0.01, real=0.04 secs] 
11408.588: [GC 11408.588: [ParNew: 1346702K->104225K(1415616K), 0.0353550 secs] 2676824K->1434347K(8231360K), 0.0355620 secs] [Times: user=0.55 sys=0.00, real=0.04 secs] 
11412.591: [GC 11412.591: [ParNew: 1362593K->88820K(1415616K), 0.0381950 secs] 2692715K->1418943K(8231360K), 0.0384010 secs] [Times: user=0.59 sys=0.01, real=0.03 secs] 
11416.393: [GC 11416.393: [ParNew: 1347188K->93528K(1415616K), 0.0378080 secs] 2677311K->1423650K(8231360K), 0.0380210 secs] [Times: user=0.58 sys=0.00, real=0.03 secs] 
11419.386: [GC 11419.386: [ParNew: 1351896K->85959K(1415616K), 0.0366920 secs] 2682018K->1416082K(8231360K), 0.0369170 secs] [Times: user=0.56 sys=0.02, real=0.04 secs] 
11421.404: [GC 11421.404: [ParNew: 1344327K->110167K(1415616K), 0.0399500 secs] 2674450K->1440289K(8231360K), 0.0401570 secs] [Times: user=0.61 sys=0.02, real=0.04 secs] 
11425.995: [GC 11425.995: [ParNew: 1368535K->103490K(1415616K), 0.0419780 secs] 2698657K->1433612K(8231360K), 0.0421760 secs] [Times: user=0.64 sys=0.00, real=0.04 secs] 
11431.051: [GC 11431.051: [ParNew: 1361858K->90239K(1415616K), 0.0401930 secs] 2691980K->1420361K(8231360K), 0.0403970 secs] [Times: user=0.63 sys=0.00, real=0.04 secs] 
11431.885: [GC 11431.885: [ParNew: 1348607K->103031K(1415616K), 0.0371170 secs] 2678729K->1433153K(8231360K), 0.0373560 secs] [Times: user=0.57 sys=0.01, real=0.03 secs] 
11432.725: [GC 11432.725: [ParNew: 1361399K->94376K(1415616K), 0.0355380 secs] 2691521K->1424499K(8231360K), 0.0357400 secs] [Times: user=0.54 sys=0.00, real=0.03 secs] 
11433.558: [GC 11433.559: [ParNew: 1352744K->99276K(1415616K), 0.0352100 secs] 2682867K->1429398K(8231360K), 0.0353950 secs] [Times: user=0.54 sys=0.00, real=0.03 secs] 
11436.016: [GC 11436.016: [ParNew: 1357644K->99835K(1415616K), 0.0361600 secs] 2687766K->1429957K(8231360K), 0.0363700 secs] [Times: user=0.56 sys=0.00, real=0.03 secs] 
11446.728: [GC 11446.728: [ParNew: 1358203K->82492K(1415616K), 0.0348500 secs] 2688325K->1412615K(8231360K), 0.0350650 secs] [Times: user=0.54 sys=0.00, real=0.03 secs] 
11450.694: [GC 11450.694: [ParNew: 1340860K->93758K(1415616K), 0.0362470 secs] 2670983K->1423881K(8231360K), 0.0364450 secs] [Times: user=0.55 sys=0.02, real=0.04 secs] 
11451.758: [GC 11451.759: [ParNew: 1352126K->99738K(1415616K), 0.0383340 secs] 2682249K->1429860K(8231360K), 0.0385440 secs] [Times: user=0.59 sys=0.00, real=0.03 secs] 
11461.950: [GC 11461.951: [ParNew: 1358106K->80423K(1415616K), 0.0380700 secs] 2688228K->1410546K(8231360K), 0.0382940 secs] [Times: user=0.59 sys=0.00, real=0.03 secs] 
11470.186: [GC 11470.187: [ParNew: 1338791K->93800K(1415616K), 0.0393790 secs] 2668914K->1423923K(8231360K), 0.0395810 secs] [Times: user=0.62 sys=0.01, real=0.04 secs] 
11473.396: [GC 11473.396: [ParNew: 1352168K->95300K(1415616K), 0.0402820 secs] 2682291K->1425422K(8231360K), 0.0404990 secs] [Times: user=0.61 sys=0.02, real=0.04 secs] 
11480.993: [GC 11480.993: [ParNew: 1353668K->90058K(1415616K), 0.0325780 secs] 2683790K->1420181K(8231360K), 0.0327830 secs] [Times: user=0.50 sys=0.00, real=0.04 secs] 
11485.437: [GC 11485.437: [ParNew: 1348426K->90485K(1415616K), 0.0395840 secs] 2678549K->1420608K(8231360K), 0.0397940 secs] [Times: user=0.63 sys=0.00, real=0.04 secs] 
11491.029: [GC 11491.029: [ParNew: 1348853K->97182K(1415616K), 0.0393740 secs] 2678976K->1427304K(8231360K), 0.0395880 secs] [Times: user=0.60 sys=0.00, real=0.04 secs] 
11491.858: [GC 11491.858: [ParNew: 1355550K->107841K(1415616K), 0.0386560 secs] 2685672K->1437963K(8231360K), 0.0388890 secs] [Times: user=0.59 sys=0.01, real=0.04 secs] 
11492.692: [GC 11492.692: [ParNew: 1366209K->101411K(1415616K), 0.0353800 secs] 2696331K->1431533K(8231360K), 0.0355830 secs] [Times: user=0.55 sys=0.00, real=0.04 secs] 
11493.548: [GC 11493.548: [ParNew: 1359779K->111390K(1415616K), 0.0369570 secs] 2689901K->1441513K(8231360K), 0.0371460 secs] [Times: user=0.57 sys=0.00, real=0.03 secs] 
11494.411: [GC 11494.411: [ParNew: 1369758K->98233K(1415616K), 0.0343010 secs] 2699881K->1428356K(8231360K), 0.0345100 secs] [Times: user=0.54 sys=0.00, real=0.03 secs] 
11499.776: [GC 11499.776: [ParNew: 1356601K->93556K(1415616K), 0.0350970 secs] 2686724K->1423679K(8231360K), 0.0353030 secs] [Times: user=0.54 sys=0.00, real=0.04 secs] 
11502.411: [GC 11502.411: [ParNew: 1351924K->92575K(1415616K), 0.0342960 secs] 2682047K->1422698K(8231360K), 0.0345070 secs] [Times: user=0.53 sys=0.00, real=0.03 secs] 
11506.528: [GC 11506.528: [ParNew: 1350943K->107087K(1415616K), 0.0418540 secs] 2681066K->1437210K(8231360K), 0.0420850 secs] [Times: user=0.66 sys=0.01, real=0.05 secs] 
11509.706: [GC 11509.706: [ParNew: 1365455K->118750K(1415616K), 0.0383900 secs] 2695578K->1448873K(8231360K), 0.0386100 secs] [Times: user=0.59 sys=0.00, real=0.04 secs] 
11514.117: [GC 11514.117: [ParNew: 1377118K->114236K(1415616K), 0.0410880 secs] 2707241K->1444359K(8231360K), 0.0412910 secs] [Times: user=0.63 sys=0.00, real=0.04 secs] 
11526.385: [GC 11526.385: [ParNew: 1372604K->83357K(1415616K), 0.0369370 secs] 2702727K->1413479K(8231360K), 0.0371610 secs] [Times: user=0.56 sys=0.01, real=0.04 secs] 
11534.020: [GC 11534.020: [ParNew: 1341725K->79042K(1415616K), 0.0373950 secs] 2671847K->1409164K(8231360K), 0.0376020 secs] [Times: user=0.58 sys=0.01, real=0.04 secs] 
11539.626: [GC 11539.627: [ParNew: 1337410K->91610K(1415616K), 0.0399230 secs] 2667532K->1421733K(8231360K), 0.0401340 secs] [Times: user=0.62 sys=0.01, real=0.04 secs] 
11547.672: [GC 11547.673: [ParNew: 1349978K->85519K(1415616K), 0.0386240 secs] 2680101K->1415641K(8231360K), 0.0388370 secs] [Times: user=0.59 sys=0.01, real=0.04 secs] 
11551.291: [GC 11551.292: [ParNew: 1343887K->93625K(1415616K), 0.0374690 secs] 2674009K->1423748K(8231360K), 0.0376930 secs] [Times: user=0.57 sys=0.00, real=0.04 secs] 
11552.598: [GC 11552.598: [ParNew: 1351993K->101922K(1415616K), 0.0382360 secs] 2682116K->1432045K(8231360K), 0.0384510 secs] [Times: user=0.59 sys=0.00, real=0.04 secs] 
11557.012: [GC 11557.012: [ParNew: 1360290K->100363K(1415616K), 0.0387040 secs] 2690413K->1430486K(8231360K), 0.0389110 secs] [Times: user=0.61 sys=0.00, real=0.04 secs] 
11560.094: [GC 11560.094: [ParNew: 1358731K->101123K(1415616K), 0.0428990 secs] 2688854K->1431246K(8231360K), 0.0431000 secs] [Times: user=0.66 sys=0.02, real=0.04 secs] 
11564.201: [GC 11564.201: [ParNew: 1359491K->98515K(1415616K), 0.0373800 secs] 2689614K->1428637K(8231360K), 0.0375760 secs] [Times: user=0.56 sys=0.01, real=0.04 secs] 
11567.372: [GC 11567.372: [ParNew: 1356883K->104573K(1415616K), 0.0345460 secs] 2687005K->1434696K(8231360K), 0.0347500 secs] [Times: user=0.53 sys=0.00, real=0.03 secs] 
11569.685: [GC 11569.685: [ParNew: 1362941K->101093K(1415616K), 0.0348600 secs] 2693064K->1431216K(8231360K), 0.0350590 secs] [Times: user=0.54 sys=0.00, real=0.04 secs] 
11571.169: [GC 11571.169: [ParNew: 1359461K->107817K(1415616K), 0.0332720 secs] 2689584K->1437940K(8231360K), 0.0334770 secs] [Times: user=0.51 sys=0.02, real=0.04 secs] 
11572.418: [GC 11572.418: [ParNew: 1366185K->109485K(1415616K), 0.0376780 secs] 2696308K->1439608K(8231360K), 0.0378820 secs] [Times: user=0.57 sys=0.01, real=0.04 secs] 
11576.988: [GC 11576.988: [ParNew: 1367853K->111720K(1415616K), 0.0369010 secs] 2697976K->1441842K(8231360K), 0.0371050 secs] [Times: user=0.57 sys=0.00, real=0.04 secs] 
11587.559: [GC 11587.559: [ParNew: 1370088K->83711K(1415616K), 0.0352240 secs] 2700210K->1413833K(8231360K), 0.0354370 secs] [Times: user=0.55 sys=0.00, real=0.04 secs] 
11600.987: [GC 11600.987: [ParNew: 1342079K->75440K(1415616K), 0.0376750 secs] 2672201K->1405562K(8231360K), 0.0378790 secs] [Times: user=0.58 sys=0.00, real=0.03 secs] 
11607.989: [GC 11607.989: [ParNew: 1333808K->90390K(1415616K), 0.0337810 secs] 2663930K->1420512K(8231360K), 0.0339890 secs] [Times: user=0.51 sys=0.00, real=0.03 secs] 
11611.502: [GC 11611.502: [ParNew: 1348758K->99195K(1415616K), 0.0322180 secs] 2678880K->1429317K(8231360K), 0.0324250 secs] [Times: user=0.50 sys=0.00, real=0.03 secs] 
11615.065: [GC 11615.065: [ParNew: 1357563K->96689K(1415616K), 0.0342730 secs] 2687685K->1426812K(8231360K), 0.0344830 secs] [Times: user=0.53 sys=0.00, real=0.04 secs] 
11619.345: [GC 11619.345: [ParNew: 1355057K->107313K(1415616K), 0.0379060 secs] 2685180K->1437436K(8231360K), 0.0381130 secs] [Times: user=0.59 sys=0.00, real=0.04 secs] 
11624.613: [GC 11624.613: [ParNew: 1365681K->105950K(1415616K), 0.0381570 secs] 2695804K->1436073K(8231360K), 0.0383720 secs] [Times: user=0.60 sys=0.00, real=0.04 secs] 
11626.542: [GC 11626.542: [ParNew: 1364318K->103380K(1415616K), 0.0333400 secs] 2694441K->1433503K(8231360K), 0.0335480 secs] [Times: user=0.52 sys=0.00, real=0.03 secs] 
11628.813: [GC 11628.813: [ParNew: 1361748K->115418K(1415616K), 0.0432680 secs] 2691871K->1445540K(8231360K), 0.0434840 secs] [Times: user=0.67 sys=0.02, real=0.04 secs] 
11630.916: [GC 11630.916: [ParNew: 1373786K->114090K(1415616K), 0.0374130 secs] 2703908K->1444213K(8231360K), 0.0376180 secs] [Times: user=0.58 sys=0.00, real=0.04 secs] 
11631.753: [GC 11631.753: [ParNew: 1372458K->117791K(1415616K), 0.0331570 secs] 2702581K->1447913K(8231360K), 0.0333650 secs] [Times: user=0.51 sys=0.01, real=0.03 secs] 
11635.981: [GC 11635.981: [ParNew: 1376159K->105845K(1415616K), 0.0425270 secs] 2706281K->1435967K(8231360K), 0.0427330 secs] [Times: user=0.66 sys=0.00, real=0.05 secs] 
11638.869: [GC 11638.869: [ParNew: 1364213K->96821K(1415616K), 0.0392620 secs] 2694335K->1426944K(8231360K), 0.0394670 secs] [Times: user=0.61 sys=0.02, real=0.04 secs] 
11642.616: [GC 11642.616: [ParNew: 1355189K->98416K(1415616K), 0.0384120 secs] 2685312K->1428539K(8231360K), 0.0386180 secs] [Times: user=0.59 sys=0.01, real=0.04 secs] 
11651.086: [GC 11651.086: [ParNew: 1356784K->81549K(1415616K), 0.0337270 secs] 2686907K->1411672K(8231360K), 0.0339330 secs] [Times: user=0.52 sys=0.01, real=0.03 secs] 
11669.395: [GC 11669.395: [ParNew: 1339917K->75150K(1415616K), 0.0319600 secs] 2670040K->1405273K(8231360K), 0.0321860 secs] [Times: user=0.48 sys=0.01, real=0.04 secs] 
11671.711: [GC 11671.711: [ParNew: 1333518K->94023K(1415616K), 0.0312330 secs] 2663641K->1424146K(8231360K), 0.0314360 secs] [Times: user=0.48 sys=0.00, real=0.03 secs] 
11672.549: [GC 11672.550: [ParNew: 1352391K->86833K(1415616K), 0.0327850 secs] 2682514K->1416955K(8231360K), 0.0329950 secs] [Times: user=0.51 sys=0.00, real=0.03 secs] 
11673.400: [GC 11673.400: [ParNew: 1345201K->79036K(1415616K), 0.0341090 secs] 2675323K->1409159K(8231360K), 0.0343090 secs] [Times: user=0.53 sys=0.02, real=0.03 secs] 
11676.189: [GC 11676.189: [ParNew: 1337404K->95289K(1415616K), 0.0381170 secs] 2667527K->1425412K(8231360K), 0.0383180 secs] [Times: user=0.58 sys=0.01, real=0.04 secs] 
11685.208: [GC 11685.208: [ParNew: 1353657K->85322K(1415616K), 0.0384690 secs] 2683780K->1415445K(8231360K), 0.0386680 secs] [Times: user=0.59 sys=0.01, real=0.04 secs] 
11687.274: [GC 11687.274: [ParNew: 1343690K->97292K(1415616K), 0.0356170 secs] 2673813K->1427415K(8231360K), 0.0358170 secs] [Times: user=0.55 sys=0.00, real=0.03 secs] 
11689.396: [GC 11689.396: [ParNew: 1355660K->105272K(1415616K), 0.0415810 secs] 2685783K->1435394K(8231360K), 0.0417880 secs] [Times: user=0.64 sys=0.02, real=0.04 secs] 
11691.137: [GC 11691.137: [ParNew: 1363640K->111598K(1415616K), 0.0406870 secs] 2693762K->1441720K(8231360K), 0.0408850 secs] [Times: user=0.63 sys=0.00, real=0.04 secs] 
11691.995: [GC 11691.995: [ParNew: 1369966K->112351K(1415616K), 0.0423740 secs] 2700088K->1442473K(8231360K), 0.0425690 secs] [Times: user=0.65 sys=0.00, real=0.04 secs] 
11695.226: [GC 11695.226: [ParNew: 1370719K->119630K(1415616K), 0.0411110 secs] 2700841K->1449752K(8231360K), 0.0413060 secs] [Times: user=0.63 sys=0.02, real=0.04 secs] 
11699.168: [GC 11699.168: [ParNew: 1377998K->79103K(1415616K), 0.0922050 secs] 2708120K->1448233K(8231360K), 0.0924160 secs] [Times: user=0.75 sys=0.04, real=0.09 secs] 
11703.481: [GC 11703.481: [ParNew: 1337471K->47583K(1415616K), 0.0192650 secs] 2706601K->1416713K(8231360K), 0.0194620 secs] [Times: user=0.29 sys=0.01, real=0.02 secs] 
11706.536: [GC 11706.536: [ParNew: 1305951K->48662K(1415616K), 0.0171330 secs] 2675081K->1417792K(8231360K), 0.0173270 secs] [Times: user=0.25 sys=0.01, real=0.01 secs] 
11711.102: [GC 11711.102: [ParNew: 1307030K->54415K(1415616K), 0.0196980 secs] 2676160K->1423545K(8231360K), 0.0199050 secs] [Times: user=0.29 sys=0.02, real=0.02 secs] 
11721.890: [GC 11721.890: [ParNew: 1312783K->33238K(1415616K), 0.0182270 secs] 2681913K->1402368K(8231360K), 0.0184160 secs] [Times: user=0.27 sys=0.01, real=0.02 secs] 
11731.558: [GC 11731.558: [ParNew: 1291606K->27957K(1415616K), 0.0156700 secs] 2660736K->1397087K(8231360K), 0.0158660 secs] [Times: user=0.23 sys=0.00, real=0.02 secs] 
11732.383: [GC 11732.383: [ParNew: 1286325K->36505K(1415616K), 0.0150960 secs] 2655455K->1405635K(8231360K), 0.0152850 secs] [Times: user=0.23 sys=0.00, real=0.01 secs] 
11733.207: [GC 11733.207: [ParNew: 1294873K->39793K(1415616K), 0.0162390 secs] 2664003K->1408923K(8231360K), 0.0164190 secs] [Times: user=0.24 sys=0.00, real=0.02 secs] 
11740.492: [GC 11740.492: [ParNew: 1298161K->42123K(1415616K), 0.0159560 secs] 2667291K->1411253K(8231360K), 0.0161480 secs] [Times: user=0.24 sys=0.00, real=0.01 secs] 
11746.904: [GC 11746.905: [ParNew: 1300491K->51079K(1415616K), 0.0171540 secs] 2669621K->1420209K(8231360K), 0.0173520 secs] [Times: user=0.25 sys=0.02, real=0.01 secs] 
11750.183: [GC 11750.183: [ParNew: 1309447K->40593K(1415616K), 0.0203790 secs] 2678577K->1409723K(8231360K), 0.0205770 secs] [Times: user=0.30 sys=0.01, real=0.03 secs] 
11753.397: [GC 11753.397: [ParNew: 1298961K->56483K(1415616K), 0.0220040 secs] 2668091K->1425614K(8231360K), 0.0221980 secs] [Times: user=0.34 sys=0.00, real=0.02 secs] 
11757.393: [GC 11757.393: [ParNew: 1314851K->58759K(1415616K), 0.0211480 secs] 2683982K->1427890K(8231360K), 0.0213420 secs] [Times: user=0.32 sys=0.00, real=0.03 secs] 
11760.946: [GC 11760.946: [ParNew: 1317127K->56301K(1415616K), 0.0247370 secs] 2686258K->1425431K(8231360K), 0.0249340 secs] [Times: user=0.37 sys=0.02, real=0.02 secs] 
11762.172: [GC 11762.172: [ParNew: 1314669K->65815K(1415616K), 0.0211800 secs] 2683799K->1434945K(8231360K), 0.0213810 secs] [Times: user=0.32 sys=0.00, real=0.02 secs] 
11764.374: [GC 11764.374: [ParNew: 1324183K->61282K(1415616K), 0.0221680 secs] 2693313K->1430413K(8231360K), 0.0223630 secs] [Times: user=0.34 sys=0.01, real=0.03 secs] 
11770.849: [GC 11770.850: [ParNew: 1319650K->50446K(1415616K), 0.0184760 secs] 2688781K->1419576K(8231360K), 0.0186680 secs] [Times: user=0.27 sys=0.00, real=0.02 secs] 
11772.443: [GC 11772.443: [ParNew: 1308814K->41692K(1415616K), 0.0200880 secs] 2677944K->1410823K(8231360K), 0.0202730 secs] [Times: user=0.30 sys=0.00, real=0.02 secs] 
11777.835: [GC 11777.835: [ParNew: 1300060K->37535K(1415616K), 0.0191920 secs] 2669191K->1406666K(8231360K), 0.0193840 secs] [Times: user=0.28 sys=0.02, real=0.02 secs] 
11791.152: [GC 11791.152: [ParNew: 1295903K->30991K(1415616K), 0.0168620 secs] 2665034K->1400121K(8231360K), 0.0170520 secs] [Times: user=0.24 sys=0.01, real=0.01 secs] 
11791.972: [GC 11791.972: [ParNew: 1289359K->39378K(1415616K), 0.0174110 secs] 2658489K->1408509K(8231360K), 0.0176010 secs] [Times: user=0.26 sys=0.01, real=0.01 secs] 
11792.801: [GC 11792.801: [ParNew: 1297746K->38981K(1415616K), 0.0162460 secs] 2666877K->1408111K(8231360K), 0.0164250 secs] [Times: user=0.24 sys=0.00, real=0.01 secs] 
11801.826: [GC 11801.827: [ParNew: 1297349K->30943K(1415616K), 0.0159830 secs] 2666479K->1400074K(8231360K), 0.0161900 secs] [Times: user=0.22 sys=0.02, real=0.02 secs] 
11807.820: [GC 11807.820: [ParNew: 1289311K->47017K(1415616K), 0.0171180 secs] 2658442K->1416147K(8231360K), 0.0173100 secs] [Times: user=0.25 sys=0.01, real=0.02 secs] 
11810.311: [GC 11810.311: [ParNew: 1305385K->53042K(1415616K), 0.0191580 secs] 2674515K->1422173K(8231360K), 0.0193580 secs] [Times: user=0.29 sys=0.00, real=0.02 secs] 
11814.380: [GC 11814.380: [ParNew: 1311410K->58610K(1415616K), 0.0207040 secs] 2680541K->1427740K(8231360K), 0.0209020 secs] [Times: user=0.31 sys=0.01, real=0.02 secs] 
11821.216: [GC 11821.216: [ParNew: 1316978K->43121K(1415616K), 0.0198530 secs] 2686108K->1412252K(8231360K), 0.0200610 secs] [Times: user=0.29 sys=0.02, real=0.02 secs] 
11824.174: [GC 11824.174: [ParNew: 1301489K->55903K(1415616K), 0.0201690 secs] 2670620K->1425033K(8231360K), 0.0203600 secs] [Times: user=0.30 sys=0.00, real=0.02 secs] 
11827.879: [GC 11827.879: [ParNew: 1314271K->64106K(1415616K), 0.0206400 secs] 2683401K->1433237K(8231360K), 0.0208380 secs] [Times: user=0.32 sys=0.00, real=0.02 secs] 
11831.209: [GC 11831.209: [ParNew: 1322474K->63751K(1415616K), 0.0195000 secs] 2691605K->1432881K(8231360K), 0.0196930 secs] [Times: user=0.29 sys=0.00, real=0.02 secs] 
11834.024: [GC 11834.024: [ParNew: 1322119K->55362K(1415616K), 0.0233100 secs] 2691249K->1424492K(8231360K), 0.0235000 secs] [Times: user=0.35 sys=0.00, real=0.02 secs] 
11838.378: [GC 11838.378: [ParNew: 1313730K->46819K(1415616K), 0.0202810 secs] 2682860K->1415950K(8231360K), 0.0204810 secs] [Times: user=0.30 sys=0.01, real=0.02 secs] 
11843.397: [GC 11843.398: [ParNew: 1305187K->43655K(1415616K), 0.0180680 secs] 2674318K->1412785K(8231360K), 0.0182600 secs] [Times: user=0.26 sys=0.02, real=0.02 secs] 
11847.978: [GC 11847.978: [ParNew: 1302023K->46823K(1415616K), 0.0204210 secs] 2671153K->1415953K(8231360K), 0.0206090 secs] [Times: user=0.31 sys=0.02, real=0.02 secs] 
11851.607: [GC 11851.608: [ParNew: 1305191K->52635K(1415616K), 0.0199420 secs] 2674321K->1421765K(8231360K), 0.0201390 secs] [Times: user=0.30 sys=0.01, real=0.02 secs] 
11852.421: [GC 11852.421: [ParNew: 1311003K->51429K(1415616K), 0.0186650 secs] 2680133K->1420560K(8231360K), 0.0188560 secs] [Times: user=0.28 sys=0.01, real=0.02 secs] 
11853.230: [GC 11853.230: [ParNew: 1309797K->45792K(1415616K), 0.0191350 secs] 2678928K->1414922K(8231360K), 0.0193310 secs] [Times: user=0.29 sys=0.00, real=0.02 secs] 
11867.319: [GC 11867.319: [ParNew: 1304160K->37430K(1415616K), 0.0176760 secs] 2673290K->1406561K(8231360K), 0.0178680 secs] [Times: user=0.27 sys=0.00, real=0.02 secs] 
11871.174: [GC 11871.174: [ParNew: 1295798K->55829K(1415616K), 0.0193670 secs] 2664929K->1424959K(8231360K), 0.0195580 secs] [Times: user=0.29 sys=0.02, real=0.02 secs] 
11877.378: [GC 11877.378: [ParNew: 1314197K->57052K(1415616K), 0.0202770 secs] 2683327K->1426183K(8231360K), 0.0204790 secs] [Times: user=0.31 sys=0.01, real=0.02 secs] 
11881.784: [GC 11881.784: [ParNew: 1315420K->47905K(1415616K), 0.0184470 secs] 2684551K->1417035K(8231360K), 0.0186440 secs] [Times: user=0.27 sys=0.00, real=0.02 secs] 
11888.789: [GC 11888.789: [ParNew: 1306273K->48949K(1415616K), 0.0195140 secs] 2675403K->1418080K(8231360K), 0.0197100 secs] [Times: user=0.29 sys=0.01, real=0.02 secs] 
11891.272: [GC 11891.272: [ParNew: 1307317K->55354K(1415616K), 0.0191380 secs] 2676448K->1424485K(8231360K), 0.0193900 secs] [Times: user=0.29 sys=0.00, real=0.02 secs] 
11893.821: [GC 11893.821: [ParNew: 1313722K->52012K(1415616K), 0.0215140 secs] 2682853K->1421142K(8231360K), 0.0217100 secs] [Times: user=0.34 sys=0.00, real=0.02 secs] 
11897.686: [GC 11897.686: [ParNew: 1310380K->60126K(1415616K), 0.0220870 secs] 2679510K->1429257K(8231360K), 0.0222790 secs] [Times: user=0.34 sys=0.00, real=0.02 secs] 
11899.999: [GC 11900.000: [ParNew: 1318494K->55359K(1415616K), 0.0239610 secs] 2687625K->1424490K(8231360K), 0.0241510 secs] [Times: user=0.37 sys=0.02, real=0.03 secs] 
11905.890: [GC 11905.890: [ParNew: 1313727K->49898K(1415616K), 0.0236690 secs] 2682858K->1419029K(8231360K), 0.0238650 secs] [Times: user=0.35 sys=0.00, real=0.03 secs] 
11910.788: [GC 11910.788: [ParNew: 1308266K->40487K(1415616K), 0.0194130 secs] 2677397K->1409617K(8231360K), 0.0196030 secs] [Times: user=0.29 sys=0.00, real=0.02 secs] 
11911.715: [GC 11911.715: [ParNew: 1298855K->49647K(1415616K), 0.0192440 secs] 2667985K->1418777K(8231360K), 0.0194350 secs] [Times: user=0.29 sys=0.00, real=0.02 secs] 
11912.518: [GC 11912.518: [ParNew: 1308015K->49760K(1415616K), 0.0209930 secs] 2677145K->1418890K(8231360K), 0.0211870 secs] [Times: user=0.32 sys=0.01, real=0.02 secs] 
11913.338: [GC 11913.338: [ParNew: 1308128K->53979K(1415616K), 0.0208540 secs] 2677258K->1423109K(8231360K), 0.0210430 secs] [Times: user=0.31 sys=0.00, real=0.02 secs] 
11924.207: [GC 11924.207: [ParNew: 1312347K->33704K(1415616K), 0.0202750 secs] 2681477K->1402834K(8231360K), 0.0204670 secs] [Times: user=0.30 sys=0.01, real=0.02 secs] 
11929.053: [GC 11929.053: [ParNew: 1292072K->54237K(1415616K), 0.0174970 secs] 2661202K->1423367K(8231360K), 0.0176900 secs] [Times: user=0.26 sys=0.01, real=0.02 secs] 
11937.064: [GC 11937.064: [ParNew: 1312605K->40483K(1415616K), 0.0199710 secs] 2681735K->1409613K(8231360K), 0.0201690 secs] [Times: user=0.29 sys=0.02, real=0.02 secs] 
11944.470: [GC 11944.471: [ParNew: 1298851K->54311K(1415616K), 0.0185660 secs] 2667981K->1423442K(8231360K), 0.0187680 secs] [Times: user=0.28 sys=0.01, real=0.02 secs] 
11948.215: [GC 11948.215: [ParNew: 1312679K->56505K(1415616K), 0.0182020 secs] 2681810K->1425635K(8231360K), 0.0183980 secs] [Times: user=0.26 sys=0.01, real=0.02 secs] 
11956.775: [GC 11956.775: [ParNew: 1314873K->42543K(1415616K), 0.0207290 secs] 2684003K->1411673K(8231360K), 0.0209420 secs] [Times: user=0.30 sys=0.02, real=0.02 secs] 
11959.475: [GC 11959.475: [ParNew: 1300911K->51847K(1415616K), 0.0212040 secs] 2670041K->1420977K(8231360K), 0.0214040 secs] [Times: user=0.34 sys=0.00, real=0.02 secs] 
11963.693: [GC 11963.693: [ParNew: 1310215K->56340K(1415616K), 0.0216480 secs] 2679345K->1425471K(8231360K), 0.0218410 secs] [Times: user=0.33 sys=0.00, real=0.02 secs] 
11968.972: [GC 11968.972: [ParNew: 1314708K->60250K(1415616K), 0.0221360 secs] 2683839K->1429381K(8231360K), 0.0223540 secs] [Times: user=0.33 sys=0.00, real=0.03 secs] 
11971.409: [GC 11971.409: [ParNew: 1318618K->55089K(1415616K), 0.0214030 secs] 2687749K->1424219K(8231360K), 0.0216000 secs] [Times: user=0.33 sys=0.01, real=0.02 secs] 
11972.210: [GC 11972.210: [ParNew: 1313457K->60454K(1415616K), 0.0225890 secs] 2682587K->1429585K(8231360K), 0.0227820 secs] [Times: user=0.34 sys=0.01, real=0.02 secs] 
11973.026: [GC 11973.026: [ParNew: 1318822K->58808K(1415616K), 0.0218280 secs] 2687953K->1427938K(8231360K), 0.0220230 secs] [Times: user=0.32 sys=0.02, real=0.02 secs] 
11973.875: [GC 11973.875: [ParNew: 1317176K->54368K(1415616K), 0.0226960 secs] 2686306K->1423499K(8231360K), 0.0228890 secs] [Times: user=0.34 sys=0.00, real=0.02 secs] 
11977.670: [GC 11977.670: [ParNew: 1312736K->47018K(1415616K), 0.0204300 secs] 2681867K->1416148K(8231360K), 0.0206210 secs] [Times: user=0.31 sys=0.00, real=0.02 secs] 
11984.378: [GC 11984.378: [ParNew: 1305386K->51255K(1415616K), 0.0220740 secs] 2674516K->1420385K(8231360K), 0.0222710 secs] [Times: user=0.33 sys=0.02, real=0.02 secs] 
11989.593: [GC 11989.593: [ParNew: 1309623K->64130K(1415616K), 0.0220710 secs] 2678753K->1433260K(8231360K), 0.0222670 secs] [Times: user=0.33 sys=0.01, real=0.02 secs] 
11998.754: [GC 11998.754: [ParNew: 1322498K->45051K(1415616K), 0.0216010 secs] 2691628K->1414182K(8231360K), 0.0217900 secs] [Times: user=0.33 sys=0.01, real=0.02 secs] 
12007.840: [GC 12007.841: [ParNew: 1303419K->51533K(1415616K), 0.0183850 secs] 2672550K->1420663K(8231360K), 0.0185790 secs] [Times: user=0.27 sys=0.01, real=0.01 secs] 
12012.610: [GC 12012.611: [ParNew: 1309901K->55089K(1415616K), 0.0194200 secs] 2679031K->1424220K(8231360K), 0.0196050 secs] [Times: user=0.29 sys=0.00, real=0.02 secs] 
12018.647: [GC 12018.648: [ParNew: 1313457K->39851K(1415616K), 0.0212950 secs] 2682588K->1408981K(8231360K), 0.0214860 secs] [Times: user=0.30 sys=0.02, real=0.02 secs] 
12026.004: [GC 12026.004: [ParNew: 1298219K->55015K(1415616K), 0.0220310 secs] 2667349K->1424145K(8231360K), 0.0223070 secs] [Times: user=0.33 sys=0.01, real=0.03 secs] 
12028.036: [GC 12028.036: [ParNew: 1313383K->43118K(1415616K), 0.0204190 secs] 2682513K->1412248K(8231360K), 0.0206180 secs] [Times: user=0.30 sys=0.02, real=0.02 secs] 
12031.371: [GC 12031.371: [ParNew: 1301486K->56815K(1415616K), 0.0221100 secs] 2670616K->1425946K(8231360K), 0.0223110 secs] [Times: user=0.34 sys=0.00, real=0.02 secs] 
12032.712: [GC 12032.712: [ParNew: 1315183K->61689K(1415616K), 0.0227280 secs] 2684314K->1430819K(8231360K), 0.0229400 secs] [Times: user=0.33 sys=0.01, real=0.03 secs] 
12036.887: [GC 12036.887: [ParNew: 1320057K->53757K(1415616K), 0.0237840 secs] 2689187K->1422887K(8231360K), 0.0239770 secs] [Times: user=0.35 sys=0.02, real=0.02 secs] 
12042.195: [GC 12042.195: [ParNew: 1312125K->45533K(1415616K), 0.0207620 secs] 2681255K->1414663K(8231360K), 0.0209570 secs] [Times: user=0.32 sys=0.00, real=0.02 secs] 
12046.498: [GC 12046.499: [ParNew: 1303901K->56542K(1415616K), 0.0204110 secs] 2673031K->1425672K(8231360K), 0.0206040 secs] [Times: user=0.30 sys=0.00, real=0.02 secs] 
12049.064: [GC 12049.064: [ParNew: 1314910K->58785K(1415616K), 0.0200380 secs] 2684040K->1427915K(8231360K), 0.0202400 secs] [Times: user=0.29 sys=0.02, real=0.02 secs] 
12051.784: [GC 12051.784: [ParNew: 1317153K->66406K(1415616K), 0.0262180 secs] 2686283K->1435536K(8231360K), 0.0264260 secs] [Times: user=0.39 sys=0.01, real=0.03 secs] 
12061.506: [GC 12061.506: [ParNew: 1324774K->39887K(1415616K), 0.0196980 secs] 2693904K->1409017K(8231360K), 0.0199010 secs] [Times: user=0.29 sys=0.01, real=0.02 secs] 
12073.420: [GC 12073.420: [ParNew: 1298255K->37320K(1415616K), 0.0201130 secs] 2667385K->1406451K(8231360K), 0.0203090 secs] [Times: user=0.30 sys=0.01, real=0.02 secs] 
12080.848: [GC 12080.848: [ParNew: 1295688K->44967K(1415616K), 0.0207230 secs] 2664819K->1414097K(8231360K), 0.0209190 secs] [Times: user=0.30 sys=0.02, real=0.02 secs] 
12088.149: [GC 12088.149: [ParNew: 1303335K->52288K(1415616K), 0.0240250 secs] 2672465K->1421418K(8231360K), 0.0242310 secs] [Times: user=0.35 sys=0.02, real=0.02 secs] 
12091.392: [GC 12091.392: [ParNew: 1310656K->50741K(1415616K), 0.0200460 secs] 2679786K->1419871K(8231360K), 0.0202420 secs] [Times: user=0.30 sys=0.02, real=0.02 secs] 
12092.211: [GC 12092.211: [ParNew: 1309109K->53686K(1415616K), 0.0206170 secs] 2678239K->1422817K(8231360K), 0.0208380 secs] [Times: user=0.32 sys=0.00, real=0.02 secs] 
12093.042: [GC 12093.042: [ParNew: 1312054K->49819K(1415616K), 0.0208250 secs] 2681185K->1418949K(8231360K), 0.0210290 secs] [Times: user=0.30 sys=0.01, real=0.02 secs] 
12095.031: [GC 12095.031: [ParNew: 1308187K->54341K(1415616K), 0.0202080 secs] 2677317K->1423472K(8231360K), 0.0203940 secs] [Times: user=0.31 sys=0.00, real=0.02 secs] 
12099.738: [GC 12099.738: [ParNew: 1312709K->56889K(1415616K), 0.0208310 secs] 2681840K->1426019K(8231360K), 0.0210270 secs] [Times: user=0.31 sys=0.01, real=0.02 secs] 
12104.575: [GC 12104.575: [ParNew: 1315257K->56570K(1415616K), 0.0236490 secs] 2684387K->1425701K(8231360K), 0.0238440 secs] [Times: user=0.35 sys=0.01, real=0.03 secs] 
12107.549: [GC 12107.549: [ParNew: 1314938K->63014K(1415616K), 0.0228600 secs] 2684069K->1432144K(8231360K), 0.0230520 secs] [Times: user=0.34 sys=0.02, real=0.02 secs] 
12109.549: [GC 12109.549: [ParNew: 1321382K->66830K(1415616K), 0.0242180 secs] 2690512K->1435960K(8231360K), 0.0244120 secs] [Times: user=0.37 sys=0.01, real=0.02 secs] 
12111.018: [GC 12111.018: [ParNew: 1325198K->70518K(1415616K), 0.0224630 secs] 2694328K->1439649K(8231360K), 0.0226630 secs] [Times: user=0.33 sys=0.02, real=0.03 secs] 
12113.419: [GC 12113.419: [ParNew: 1328886K->66811K(1415616K), 0.0241630 secs] 2698017K->1435941K(8231360K), 0.0243590 secs] [Times: user=0.37 sys=0.00, real=0.03 secs] 
12121.291: [GC 12121.291: [ParNew: 1325179K->46560K(1415616K), 0.0233800 secs] 2694309K->1415691K(8231360K), 0.0235790 secs] [Times: user=0.35 sys=0.01, real=0.02 secs] 
12130.893: [GC 12130.893: [ParNew: 1304928K->38863K(1415616K), 0.0182390 secs] 2674059K->1407994K(8231360K), 0.0184460 secs] [Times: user=0.27 sys=0.02, real=0.02 secs] 
12144.638: [GC 12144.638: [ParNew: 1297231K->34530K(1415616K), 0.0182570 secs] 2666362K->1403660K(8231360K), 0.0184470 secs] [Times: user=0.28 sys=0.00, real=0.02 secs] 
12149.404: [GC 12149.404: [ParNew: 1292898K->48183K(1415616K), 0.0206690 secs] 2662028K->1417314K(8231360K), 0.0208660 secs] [Times: user=0.31 sys=0.01, real=0.02 secs] 
12151.654: [GC 12151.654: [ParNew: 1306551K->52065K(1415616K), 0.0205040 secs] 2675682K->1421195K(8231360K), 0.0207060 secs] [Times: user=0.30 sys=0.02, real=0.02 secs] 
12152.474: [GC 12152.474: [ParNew: 1310433K->50313K(1415616K), 0.0197430 secs] 2679563K->1419443K(8231360K), 0.0199290 secs] [Times: user=0.31 sys=0.01, real=0.02 secs] 
12153.306: [GC 12153.306: [ParNew: 1308681K->57452K(1415616K), 0.0191830 secs] 2677811K->1426583K(8231360K), 0.0193700 secs] [Times: user=0.29 sys=0.00, real=0.02 secs] 
12160.678: [GC 12160.678: [ParNew: 1315820K->47594K(1415616K), 0.0208060 secs] 2684951K->1416724K(8231360K), 0.0209990 secs] [Times: user=0.32 sys=0.00, real=0.03 secs] 
12164.612: [GC 12164.612: [ParNew: 1305962K->44650K(1415616K), 0.0201000 secs] 2675092K->1413781K(8231360K), 0.0202890 secs] [Times: user=0.30 sys=0.00, real=0.02 secs] 
12168.934: [GC 12168.935: [ParNew: 1303018K->59485K(1415616K), 0.0210330 secs] 2672149K->1428615K(8231360K), 0.0212360 secs] [Times: user=0.32 sys=0.00, real=0.02 secs] 
12170.960: [GC 12170.960: [ParNew: 1317853K->64424K(1415616K), 0.0202270 secs] 2686983K->1433554K(8231360K), 0.0204230 secs] [Times: user=0.30 sys=0.01, real=0.02 secs] 
12173.990: [GC 12173.990: [ParNew: 1322792K->73315K(1415616K), 0.0242460 secs] 2691922K->1442445K(8231360K), 0.0244450 secs] [Times: user=0.36 sys=0.02, real=0.03 secs] 
12178.983: [GC 12178.983: [ParNew: 1331683K->53880K(1415616K), 0.0250110 secs] 2700813K->1423010K(8231360K), 0.0252130 secs] [Times: user=0.37 sys=0.01, real=0.02 secs] 
12181.335: [GC 12181.335: [ParNew: 1312248K->66847K(1415616K), 0.0203310 secs] 2681378K->1435978K(8231360K), 0.0205390 secs] [Times: user=0.31 sys=0.00, real=0.02 secs] 
12185.393: [GC 12185.393: [ParNew: 1325215K->59372K(1415616K), 0.0224300 secs] 2694346K->1428502K(8231360K), 0.0226360 secs] [Times: user=0.33 sys=0.02, real=0.03 secs] 
12188.120: [GC 12188.120: [ParNew: 1317740K->60294K(1415616K), 0.0222310 secs] 2686870K->1429425K(8231360K), 0.0224320 secs] [Times: user=0.34 sys=0.01, real=0.02 secs] 
12196.243: [GC 12196.243: [ParNew: 1318662K->40452K(1415616K), 0.0212590 secs] 2687793K->1409583K(8231360K), 0.0214490 secs] [Times: user=0.31 sys=0.01, real=0.02 secs] 
12211.121: [GC 12211.121: [ParNew: 1298820K->37467K(1415616K), 0.0198220 secs] 2667951K->1406597K(8231360K), 0.0200190 secs] [Times: user=0.30 sys=0.00, real=0.02 secs] 
12211.940: [GC 12211.940: [ParNew: 1295835K->45511K(1415616K), 0.0188640 secs] 2664965K->1414642K(8231360K), 0.0190520 secs] [Times: user=0.28 sys=0.00, real=0.02 secs] 
12212.761: [GC 12212.761: [ParNew: 1303879K->48799K(1415616K), 0.0183600 secs] 2673010K->1417929K(8231360K), 0.0185430 secs] [Times: user=0.28 sys=0.01, real=0.02 secs] 
12213.791: [GC 12213.791: [ParNew: 1307167K->51233K(1415616K), 0.0187800 secs] 2676297K->1420364K(8231360K), 0.0189790 secs] [Times: user=0.27 sys=0.02, real=0.02 secs] 
12220.971: [GC 12220.971: [ParNew: 1309601K->58554K(1415616K), 0.0234970 secs] 2678732K->1427684K(8231360K), 0.0236910 secs] [Times: user=0.35 sys=0.01, real=0.02 secs] 
12228.025: [GC 12228.025: [ParNew: 1316922K->42455K(1415616K), 0.0230920 secs] 2686052K->1411585K(8231360K), 0.0232970 secs] [Times: user=0.36 sys=0.01, real=0.02 secs] 
12229.645: [GC 12229.645: [ParNew: 1300823K->57809K(1415616K), 0.0223910 secs] 2669953K->1426939K(8231360K), 0.0225880 secs] [Times: user=0.34 sys=0.00, real=0.02 secs] 
12231.184: [GC 12231.184: [ParNew: 1316177K->57230K(1415616K), 0.0215470 secs] 2685307K->1426360K(8231360K), 0.0217490 secs] [Times: user=0.32 sys=0.00, real=0.02 secs] 
12232.679: [GC 12232.680: [ParNew: 1315598K->67657K(1415616K), 0.0209760 secs] 2684728K->1436787K(8231360K), 0.0211800 secs] [Times: user=0.30 sys=0.02, real=0.02 secs] 
12237.195: [GC 12237.195: [ParNew: 1326025K->73339K(1415616K), 0.0239760 secs] 2695155K->1442470K(8231360K), 0.0241770 secs] [Times: user=0.36 sys=0.02, real=0.02 secs] 
12241.552: [GC 12241.552: [ParNew: 1331707K->65015K(1415616K), 0.0258130 secs] 2700838K->1434145K(8231360K), 0.0260280 secs] [Times: user=0.39 sys=0.00, real=0.03 secs] 
12244.979: [GC 12244.979: [ParNew: 1323383K->64704K(1415616K), 0.0264980 secs] 2692513K->1433834K(8231360K), 0.0266940 secs] [Times: user=0.40 sys=0.01, real=0.03 secs] 
12247.501: [GC 12247.501: [ParNew: 1323072K->57791K(1415616K), 0.0230020 secs] 2692202K->1426922K(8231360K), 0.0233880 secs] [Times: user=0.34 sys=0.02, real=0.03 secs] 
12250.371: [GC 12250.371: [ParNew: 1316159K->56536K(1415616K), 0.0256570 secs] 2685290K->1425667K(8231360K), 0.0258590 secs] [Times: user=0.38 sys=0.02, real=0.03 secs] 
12255.592: [GC 12255.592: [ParNew: 1314904K->48776K(1415616K), 0.0235870 secs] 2684035K->1417906K(8231360K), 0.0237830 secs] [Times: user=0.35 sys=0.00, real=0.02 secs] 
12268.975: [GC 12268.975: [ParNew: 1307144K->38122K(1415616K), 0.0185860 secs] 2676274K->1407253K(8231360K), 0.0187940 secs] [Times: user=0.27 sys=0.00, real=0.02 secs] 
12271.723: [GC 12271.723: [ParNew: 1296490K->46022K(1415616K), 0.0185860 secs] 2665621K->1415153K(8231360K), 0.0187790 secs] [Times: user=0.29 sys=0.00, real=0.02 secs] 
12272.576: [GC 12272.576: [ParNew: 1304390K->50439K(1415616K), 0.0181120 secs] 2673521K->1419569K(8231360K), 0.0183010 secs] [Times: user=0.27 sys=0.02, real=0.02 secs] 
12273.780: [GC 12273.781: [ParNew: 1308807K->48712K(1415616K), 0.0176340 secs] 2677937K->1417843K(8231360K), 0.0178250 secs] [Times: user=0.27 sys=0.00, real=0.01 secs] 
12283.179: [GC 12283.179: [ParNew: 1307080K->54889K(1415616K), 0.0223890 secs] 2676211K->1424019K(8231360K), 0.0225830 secs] [Times: user=0.33 sys=0.02, real=0.03 secs] 
12287.956: [GC 12287.956: [ParNew: 1313257K->47095K(1415616K), 0.0228780 secs] 2682387K->1416226K(8231360K), 0.0230730 secs] [Times: user=0.34 sys=0.02, real=0.02 secs] 
12290.307: [GC 12290.307: [ParNew: 1305463K->61235K(1415616K), 0.0235650 secs] 2674594K->1430366K(8231360K), 0.0237590 secs] [Times: user=0.35 sys=0.01, real=0.02 secs] 
12293.031: [GC 12293.031: [ParNew: 1319603K->64685K(1415616K), 0.0236640 secs] 2688734K->1433815K(8231360K), 0.0238600 secs] [Times: user=0.35 sys=0.01, real=0.03 secs] 
12298.436: [GC 12298.436: [ParNew: 1323053K->56670K(1415616K), 0.0208800 secs] 2692183K->1425800K(8231360K), 0.0210730 secs] [Times: user=0.31 sys=0.00, real=0.02 secs] 
12301.460: [GC 12301.460: [ParNew: 1315038K->52183K(1415616K), 0.0225830 secs] 2684168K->1421313K(8231360K), 0.0227810 secs] [Times: user=0.33 sys=0.00, real=0.02 secs] 
12305.370: [GC 12305.370: [ParNew: 1310551K->68961K(1415616K), 0.0227050 secs] 2679681K->1438091K(8231360K), 0.0228990 secs] [Times: user=0.35 sys=0.00, real=0.02 secs] 
12310.382: [GC 12310.382: [ParNew: 1327329K->66718K(1415616K), 0.0246860 secs] 2696459K->1435849K(8231360K), 0.0248850 secs] [Times: user=0.37 sys=0.02, real=0.03 secs] 
12312.454: [GC 12312.454: [ParNew: 1325086K->57442K(1415616K), 0.0234510 secs] 2694217K->1426572K(8231360K), 0.0236610 secs] [Times: user=0.36 sys=0.01, real=0.03 secs] 
12316.620: [GC 12316.620: [ParNew: 1315810K->50289K(1415616K), 0.0240410 secs] 2684940K->1419420K(8231360K), 0.0242330 secs] [Times: user=0.37 sys=0.00, real=0.02 secs] 
12320.389: [GC 12320.389: [ParNew: 1308657K->55563K(1415616K), 0.0215940 secs] 2677788K->1424694K(8231360K), 0.0217930 secs] [Times: user=0.32 sys=0.01, real=0.02 secs] 
12327.645: [GC 12327.645: [ParNew: 1313931K->52864K(1415616K), 0.0222680 secs] 2683062K->1421994K(8231360K), 0.0224620 secs] [Times: user=0.34 sys=0.00, real=0.02 secs] 
12331.656: [GC 12331.656: [ParNew: 1311232K->47531K(1415616K), 0.0175490 secs] 2680362K->1416662K(8231360K), 0.0177460 secs] [Times: user=0.26 sys=0.02, real=0.02 secs] 
12332.470: [GC 12332.470: [ParNew: 1305899K->49051K(1415616K), 0.0200970 secs] 2675030K->1418181K(8231360K), 0.0202960 secs] [Times: user=0.29 sys=0.01, real=0.03 secs] 
12338.984: [GC 12338.984: [ParNew: 1307419K->39468K(1415616K), 0.0164000 secs] 2676549K->1408598K(8231360K), 0.0165940 secs] [Times: user=0.25 sys=0.00, real=0.01 secs] 
12347.038: [GC 12347.038: [ParNew: 1297836K->50520K(1415616K), 0.0200060 secs] 2666966K->1419650K(8231360K), 0.0202020 secs] [Times: user=0.29 sys=0.01, real=0.02 secs] 
12349.690: [GC 12349.690: [ParNew: 1308888K->60556K(1415616K), 0.0241820 secs] 2678018K->1429686K(8231360K), 0.0243720 secs] [Times: user=0.37 sys=0.00, real=0.03 secs] 
12351.511: [GC 12351.511: [ParNew: 1318924K->62749K(1415616K), 0.0208320 secs] 2688054K->1431880K(8231360K), 0.0210310 secs] [Times: user=0.31 sys=0.01, real=0.02 secs] 
12355.772: [GC 12355.772: [ParNew: 1321117K->67549K(1415616K), 0.0217520 secs] 2690248K->1436679K(8231360K), 0.0219470 secs] [Times: user=0.32 sys=0.00, real=0.02 secs] 
12361.291: [GC 12361.291: [ParNew: 1325917K->52513K(1415616K), 0.0222850 secs] 2695047K->1421643K(8231360K), 0.0224860 secs] [Times: user=0.34 sys=0.00, real=0.02 secs] 
12366.581: [GC 12366.581: [ParNew: 1310881K->56843K(1415616K), 0.0207300 secs] 2680011K->1425973K(8231360K), 0.0209260 secs] [Times: user=0.32 sys=0.00, real=0.02 secs] 
12369.636: [GC 12369.636: [ParNew: 1315211K->61364K(1415616K), 0.0212960 secs] 2684341K->1430494K(8231360K), 0.0214990 secs] [Times: user=0.32 sys=0.00, real=0.03 secs] 
12372.210: [GC 12372.210: [ParNew: 1319732K->63435K(1415616K), 0.0228970 secs] 2688862K->1432565K(8231360K), 0.0231100 secs] [Times: user=0.34 sys=0.02, real=0.02 secs] 
12377.371: [GC 12377.371: [ParNew: 1321803K->60997K(1415616K), 0.0240740 secs] 2690933K->1430128K(8231360K), 0.0242700 secs] [Times: user=0.36 sys=0.02, real=0.02 secs] 
12381.791: [GC 12381.792: [ParNew: 1319365K->57105K(1415616K), 0.0240900 secs] 2688496K->1426235K(8231360K), 0.0243690 secs] [Times: user=0.37 sys=0.00, real=0.02 secs] 
12385.982: [GC 12385.982: [ParNew: 1315473K->62106K(1415616K), 0.0241420 secs] 2684603K->1431236K(8231360K), 0.0243360 secs] [Times: user=0.37 sys=0.00, real=0.02 secs] 
12388.212: [GC 12388.212: [ParNew: 1320474K->59935K(1415616K), 0.0215790 secs] 2689604K->1429065K(8231360K), 0.0217800 secs] [Times: user=0.32 sys=0.00, real=0.02 secs] 
12391.357: [GC 12391.357: [ParNew: 1318303K->52352K(1415616K), 0.0237950 secs] 2687433K->1421482K(8231360K), 0.0240250 secs] [Times: user=0.35 sys=0.01, real=0.03 secs] 
12392.171: [GC 12392.171: [ParNew: 1310720K->55859K(1415616K), 0.0213920 secs] 2679850K->1424990K(8231360K), 0.0215940 secs] [Times: user=0.32 sys=0.02, real=0.03 secs] 
12392.994: [GC 12392.994: [ParNew: 1314227K->55448K(1415616K), 0.0229890 secs] 2683358K->1424579K(8231360K), 0.0231810 secs] [Times: user=0.34 sys=0.01, real=0.02 secs] 
12406.012: [GC 12406.012: [ParNew: 1313816K->38243K(1415616K), 0.0189600 secs] 2682947K->1407374K(8231360K), 0.0191540 secs] [Times: user=0.27 sys=0.00, real=0.02 secs] 
12409.309: [GC 12409.309: [ParNew: 1296611K->58693K(1415616K), 0.0214710 secs] 2665742K->1427824K(8231360K), 0.0216630 secs] [Times: user=0.32 sys=0.00, real=0.02 secs] 
12411.401: [GC 12411.401: [ParNew: 1317061K->56702K(1415616K), 0.0209650 secs] 2686192K->1425833K(8231360K), 0.0211640 secs] [Times: user=0.31 sys=0.01, real=0.02 secs] 
12412.841: [GC 12412.842: [ParNew: 1315070K->62386K(1415616K), 0.0191720 secs] 2684201K->1431516K(8231360K), 0.0193610 secs] [Times: user=0.29 sys=0.00, real=0.02 secs] 
12421.325: [GC 12421.325: [ParNew: 1320754K->56083K(1415616K), 0.0229060 secs] 2689884K->1425213K(8231360K), 0.0231050 secs] [Times: user=0.35 sys=0.01, real=0.03 secs] 
12425.404: [GC 12425.405: [ParNew: 1314451K->61239K(1415616K), 0.0213860 secs] 2683581K->1430369K(8231360K), 0.0215870 secs] [Times: user=0.31 sys=0.02, real=0.02 secs] 
12430.010: [GC 12430.010: [ParNew: 1319607K->63889K(1415616K), 0.0237440 secs] 2688737K->1433020K(8231360K), 0.0239380 secs] [Times: user=0.35 sys=0.00, real=0.02 secs] 
12432.883: [GC 12432.883: [ParNew: 1322257K->57966K(1415616K), 0.0205860 secs] 2691388K->1427096K(8231360K), 0.0207830 secs] [Times: user=0.30 sys=0.00, real=0.02 secs] 
12437.989: [GC 12437.990: [ParNew: 1316334K->53916K(1415616K), 0.0235930 secs] 2685464K->1423046K(8231360K), 0.0237850 secs] [Times: user=0.36 sys=0.02, real=0.02 secs] 
12443.023: [GC 12443.023: [ParNew: 1312284K->60033K(1415616K), 0.0222900 secs] 2681414K->1429163K(8231360K), 0.0225060 secs] [Times: user=0.34 sys=0.00, real=0.02 secs] 
12447.504: [GC 12447.504: [ParNew: 1318401K->62541K(1415616K), 0.0242020 secs] 2687531K->1431671K(8231360K), 0.0243980 secs] [Times: user=0.36 sys=0.02, real=0.02 secs] 
12450.778: [GC 12450.778: [ParNew: 1320909K->59727K(1415616K), 0.0240380 secs] 2690039K->1428857K(8231360K), 0.0242360 secs] [Times: user=0.36 sys=0.01, real=0.03 secs] 
12451.627: [GC 12451.627: [ParNew: 1318095K->64656K(1415616K), 0.0243840 secs] 2687225K->1433786K(8231360K), 0.0245800 secs] [Times: user=0.37 sys=0.02, real=0.03 secs] 
12452.451: [GC 12452.451: [ParNew: 1323024K->60976K(1415616K), 0.0214580 secs] 2692154K->1430106K(8231360K), 0.0216470 secs] [Times: user=0.33 sys=0.00, real=0.03 secs] 
12453.288: [GC 12453.288: [ParNew: 1319344K->60900K(1415616K), 0.0232020 secs] 2688474K->1430030K(8231360K), 0.0233870 secs] [Times: user=0.35 sys=0.01, real=0.02 secs] 
12456.694: [GC 12456.694: [ParNew: 1319268K->55568K(1415616K), 0.0220560 secs] 2688398K->1424698K(8231360K), 0.0222670 secs] [Times: user=0.34 sys=0.01, real=0.02 secs] 
12466.154: [GC 12466.154: [ParNew: 1313936K->51124K(1415616K), 0.0215030 secs] 2683066K->1420254K(8231360K), 0.0217190 secs] [Times: user=0.33 sys=0.00, real=0.03 secs] 
12469.918: [GC 12469.918: [ParNew: 1309492K->53350K(1415616K), 0.0211800 secs] 2678622K->1422480K(8231360K), 0.0213730 secs] [Times: user=0.32 sys=0.01, real=0.02 secs] 
12477.222: [GC 12477.222: [ParNew: 1311718K->53934K(1415616K), 0.0196640 secs] 2680848K->1423064K(8231360K), 0.0198690 secs] [Times: user=0.30 sys=0.00, real=0.02 secs] 
12481.577: [GC 12481.577: [ParNew: 1312302K->56062K(1415616K), 0.0202780 secs] 2681432K->1425192K(8231360K), 0.0204930 secs] [Times: user=0.31 sys=0.00, real=0.02 secs] 
12489.792: [GC 12489.792: [ParNew: 1314430K->61717K(1415616K), 0.0204030 secs] 2683560K->1430847K(8231360K), 0.0206070 secs] [Times: user=0.31 sys=0.01, real=0.02 secs] 
12493.873: [GC 12493.873: [ParNew: 1320085K->49276K(1415616K), 0.0231610 secs] 2689215K->1418406K(8231360K), 0.0233560 secs] [Times: user=0.35 sys=0.01, real=0.02 secs] 
12498.811: [GC 12498.811: [ParNew: 1307644K->57104K(1415616K), 0.0202560 secs] 2676774K->1426235K(8231360K), 0.0204470 secs] [Times: user=0.30 sys=0.00, real=0.02 secs] 
12502.568: [GC 12502.569: [ParNew: 1315472K->65612K(1415616K), 0.0234110 secs] 2684603K->1434742K(8231360K), 0.0236060 secs] [Times: user=0.35 sys=0.00, real=0.03 secs] 
12508.398: [GC 12508.398: [ParNew: 1323980K->46134K(1415616K), 0.0222540 secs] 2693110K->1415264K(8231360K), 0.0224490 secs] [Times: user=0.33 sys=0.02, real=0.02 secs] 
12511.421: [GC 12511.421: [ParNew: 1304502K->63463K(1415616K), 0.0242330 secs] 2673632K->1432594K(8231360K), 0.0244390 secs] [Times: user=0.35 sys=0.02, real=0.03 secs] 
12512.235: [GC 12512.235: [ParNew: 1321831K->65353K(1415616K), 0.0233880 secs] 2690962K->1434484K(8231360K), 0.0235920 secs] [Times: user=0.35 sys=0.02, real=0.02 secs] 
12513.072: [GC 12513.072: [ParNew: 1323721K->65166K(1415616K), 0.0201720 secs] 2692852K->1434297K(8231360K), 0.0203630 secs] [Times: user=0.30 sys=0.02, real=0.02 secs] 
12515.602: [GC 12515.602: [ParNew: 1323534K->63644K(1415616K), 0.0232730 secs] 2692665K->1432774K(8231360K), 0.0234670 secs] [Times: user=0.35 sys=0.02, real=0.03 secs] 
12518.090: [GC 12518.090: [ParNew: 1322012K->63827K(1415616K), 0.0219740 secs] 2691142K->1432957K(8231360K), 0.0221720 secs] [Times: user=0.34 sys=0.01, real=0.02 secs] 
12524.211: [GC 12524.211: [ParNew: 1322195K->50375K(1415616K), 0.0213110 secs] 2691325K->1419505K(8231360K), 0.0215060 secs] [Times: user=0.32 sys=0.00, real=0.02 secs] 
12528.419: [GC 12528.419: [ParNew: 1308743K->65817K(1415616K), 0.0231240 secs] 2677873K->1434947K(8231360K), 0.0233270 secs] [Times: user=0.35 sys=0.01, real=0.02 secs] 
12531.011: [GC 12531.011: [ParNew: 1324185K->70796K(1415616K), 0.0227030 secs] 2693315K->1439926K(8231360K), 0.0228990 secs] [Times: user=0.35 sys=0.01, real=0.02 secs] 
12531.989: [GC 12531.989: [ParNew: 1329164K->54577K(1415616K), 0.0217940 secs] 2698294K->1423707K(8231360K), 0.0219960 secs] [Times: user=0.31 sys=0.02, real=0.02 secs] 
12543.301: [GC 12543.301: [ParNew: 1312945K->46213K(1415616K), 0.0193330 secs] 2682075K->1415343K(8231360K), 0.0195280 secs] [Times: user=0.29 sys=0.01, real=0.02 secs] 
12549.777: [GC 12549.777: [ParNew: 1304581K->50997K(1415616K), 0.0192600 secs] 2673711K->1420128K(8231360K), 0.0194550 secs] [Times: user=0.29 sys=0.00, real=0.02 secs] 
12555.789: [GC 12555.789: [ParNew: 1309365K->48734K(1415616K), 0.0194050 secs] 2678496K->1417864K(8231360K), 0.0196070 secs] [Times: user=0.29 sys=0.00, real=0.02 secs] 
12561.475: [GC 12561.475: [ParNew: 1307102K->54044K(1415616K), 0.0245710 secs] 2676232K->1423175K(8231360K), 0.0247750 secs] [Times: user=0.37 sys=0.00, real=0.02 secs] 
12567.782: [GC 12567.783: [ParNew: 1312412K->51552K(1415616K), 0.0214310 secs] 2681543K->1420682K(8231360K), 0.0216270 secs] [Times: user=0.33 sys=0.00, real=0.03 secs] 
12571.153: [GC 12571.153: [ParNew: 1309920K->58476K(1415616K), 0.0197720 secs] 2679050K->1427607K(8231360K), 0.0199850 secs] [Times: user=0.30 sys=0.00, real=0.02 secs] 
12572.997: [GC 12572.997: [ParNew: 1316844K->57692K(1415616K), 0.0209880 secs] 2685975K->1426823K(8231360K), 0.0211870 secs] [Times: user=0.32 sys=0.00, real=0.02 secs] 
12581.194: [GC 12581.195: [ParNew: 1316060K->59757K(1415616K), 0.0240050 secs] 2685191K->1428887K(8231360K), 0.0242060 secs] [Times: user=0.37 sys=0.01, real=0.03 secs] 
12584.476: [GC 12584.476: [ParNew: 1318125K->52308K(1415616K), 0.0231990 secs] 2687255K->1421439K(8231360K), 0.0233910 secs] [Times: user=0.35 sys=0.00, real=0.03 secs] 
12586.299: [GC 12586.299: [ParNew: 1310676K->62760K(1415616K), 0.0227130 secs] 2679807K->1431890K(8231360K), 0.0229010 secs] [Times: user=0.34 sys=0.01, real=0.02 secs] 
12589.772: [GC 12589.773: [ParNew: 1321128K->65178K(1415616K), 0.0230010 secs] 2690258K->1434308K(8231360K), 0.0231960 secs] [Times: user=0.36 sys=0.00, real=0.02 secs] 
12591.920: [GC 12591.920: [ParNew: 1323546K->67660K(1415616K), 0.0238800 secs] 2692676K->1436790K(8231360K), 0.0240810 secs] [Times: user=0.36 sys=0.01, real=0.02 secs] 
12598.611: [GC 12598.611: [ParNew: 1326028K->58418K(1415616K), 0.0225910 secs] 2695158K->1427548K(8231360K), 0.0227860 secs] [Times: user=0.34 sys=0.00, real=0.02 secs] 
12608.192: [GC 12608.193: [ParNew: 1316786K->42709K(1415616K), 0.0227710 secs] 2685916K->1411839K(8231360K), 0.0229630 secs] [Times: user=0.35 sys=0.01, real=0.02 secs] 
12612.833: [GC 12612.833: [ParNew: 1301077K->44498K(1415616K), 0.0200510 secs] 2670207K->1413628K(8231360K), 0.0202470 secs] [Times: user=0.29 sys=0.02, real=0.02 secs] 
12625.927: [GC 12625.927: [ParNew: 1302866K->51774K(1415616K), 0.0194200 secs] 2671996K->1420904K(8231360K), 0.0196350 secs] [Times: user=0.29 sys=0.00, real=0.02 secs] 
12630.941: [GC 12630.941: [ParNew: 1310142K->59768K(1415616K), 0.0217700 secs] 2679272K->1428899K(8231360K), 0.0219710 secs] [Times: user=0.34 sys=0.00, real=0.02 secs] 
12631.744: [GC 12631.744: [ParNew: 1318136K->46313K(1415616K), 0.0191190 secs] 2687267K->1415443K(8231360K), 0.0193280 secs] [Times: user=0.28 sys=0.00, real=0.02 secs] 
12632.549: [GC 12632.549: [ParNew: 1304681K->57740K(1415616K), 0.0226980 secs] 2673811K->1426870K(8231360K), 0.0229000 secs] [Times: user=0.34 sys=0.00, real=0.02 secs] 
12634.000: [GC 12634.000: [ParNew: 1316108K->55719K(1415616K), 0.0223180 secs] 2685238K->1424850K(8231360K), 0.0225280 secs] [Times: user=0.34 sys=0.00, real=0.02 secs] 
12638.837: [GC 12638.837: [ParNew: 1314087K->59245K(1415616K), 0.0225450 secs] 2683218K->1428375K(8231360K), 0.0227650 secs] [Times: user=0.33 sys=0.00, real=0.03 secs] 
12646.312: [GC 12646.312: [ParNew: 1317613K->61010K(1415616K), 0.0237130 secs] 2686743K->1430140K(8231360K), 0.0239250 secs] [Times: user=0.35 sys=0.00, real=0.02 secs] 
12649.916: [GC 12649.916: [ParNew: 1319378K->64388K(1415616K), 0.0256350 secs] 2688508K->1433519K(8231360K), 0.0258450 secs] [Times: user=0.40 sys=0.01, real=0.03 secs] 
12651.325: [GC 12651.326: [ParNew: 1322756K->70066K(1415616K), 0.0203220 secs] 2691887K->1439196K(8231360K), 0.0205350 secs] [Times: user=0.31 sys=0.00, real=0.02 secs] 
12652.167: [GC 12652.167: [ParNew: 1328434K->73700K(1415616K), 0.0263350 secs] 2697564K->1442830K(8231360K), 0.0265460 secs] [Times: user=0.40 sys=0.01, real=0.03 secs] 
12654.695: [GC 12654.695: [ParNew: 1332068K->76892K(1415616K), 0.0238680 secs] 2701198K->1446023K(8231360K), 0.0240750 secs] [Times: user=0.36 sys=0.01, real=0.02 secs] 
12658.385: [GC 12658.385: [ParNew: 1335260K->71939K(1415616K), 0.0267560 secs] 2704391K->1441069K(8231360K), 0.0269610 secs] [Times: user=0.40 sys=0.01, real=0.03 secs] 
12662.670: [GC 12662.670: [ParNew: 1330307K->53867K(1415616K), 0.0215680 secs] 2699437K->1422997K(8231360K), 0.0217740 secs] [Times: user=0.33 sys=0.00, real=0.03 secs] 
12670.014: [GC 12670.014: [ParNew: 1312235K->53464K(1415616K), 0.0248030 secs] 2681365K->1422595K(8231360K), 0.0250050 secs] [Times: user=0.39 sys=0.00, real=0.02 secs] 
12680.952: [GC 12680.953: [ParNew: 1311832K->40304K(1415616K), 0.0191440 secs] 2680963K->1409435K(8231360K), 0.0193640 secs] [Times: user=0.28 sys=0.00, real=0.02 secs] 
12691.064: [GC 12691.064: [ParNew: 1298672K->55284K(1415616K), 0.0209870 secs] 2667803K->1424414K(8231360K), 0.0211960 secs] [Times: user=0.32 sys=0.00, real=0.02 secs] 
12691.883: [GC 12691.883: [ParNew: 1313652K->57073K(1415616K), 0.0189890 secs] 2682782K->1426203K(8231360K), 0.0192140 secs] [Times: user=0.29 sys=0.00, real=0.02 secs] 
12692.737: [GC 12692.737: [ParNew: 1315441K->53462K(1415616K), 0.0214060 secs] 2684571K->1422592K(8231360K), 0.0216030 secs] [Times: user=0.31 sys=0.01, real=0.02 secs] 
12698.053: [GC 12698.053: [ParNew: 1311830K->53789K(1415616K), 0.0202410 secs] 2680960K->1422919K(8231360K), 0.0204430 secs] [Times: user=0.30 sys=0.00, real=0.02 secs] 
12702.032: [GC 12702.032: [ParNew: 1312157K->56549K(1415616K), 0.0202760 secs] 2681287K->1425680K(8231360K), 0.0204820 secs] [Times: user=0.30 sys=0.00, real=0.02 secs] 
12706.295: [GC 12706.295: [ParNew: 1314917K->61511K(1415616K), 0.0241130 secs] 2684048K->1430641K(8231360K), 0.0243160 secs] [Times: user=0.35 sys=0.02, real=0.03 secs] 
12709.548: [GC 12709.548: [ParNew: 1319879K->67563K(1415616K), 0.0247990 secs] 2689009K->1436693K(8231360K), 0.0250190 secs] [Times: user=0.38 sys=0.01, real=0.03 secs] 
12711.311: [GC 12711.311: [ParNew: 1325931K->75217K(1415616K), 0.0243010 secs] 2695061K->1444347K(8231360K), 0.0245160 secs] [Times: user=0.35 sys=0.02, real=0.02 secs] 
12715.678: [GC 12715.679: [ParNew: 1333585K->57899K(1415616K), 0.0259490 secs] 2702715K->1427030K(8231360K), 0.0261530 secs] [Times: user=0.39 sys=0.02, real=0.03 secs] 
12717.648: [GC 12717.648: [ParNew: 1316267K->70705K(1415616K), 0.0238000 secs] 2685398K->1439836K(8231360K), 0.0240000 secs] [Times: user=0.36 sys=0.02, real=0.03 secs] 
12721.445: [GC 12721.446: [ParNew: 1329073K->63260K(1415616K), 0.0213410 secs] 2698204K->1432390K(8231360K), 0.0215550 secs] [Times: user=0.32 sys=0.00, real=0.02 secs] 
12724.100: [GC 12724.100: [ParNew: 1321628K->68787K(1415616K), 0.0239130 secs] 2690758K->1437917K(8231360K), 0.0241250 secs] [Times: user=0.35 sys=0.02, real=0.03 secs] 
12728.114: [GC 12728.114: [ParNew: 1327155K->62591K(1415616K), 0.0238240 secs] 2696285K->1431721K(8231360K), 0.0240350 secs] [Times: user=0.36 sys=0.00, real=0.02 secs] 
12733.659: [GC 12733.659: [ParNew: 1320959K->52076K(1415616K), 0.0220270 secs] 2690089K->1421207K(8231360K), 0.0222350 secs] [Times: user=0.34 sys=0.01, real=0.02 secs] 
12750.396: [GC 12750.397: [ParNew: 1310444K->39642K(1415616K), 0.0211600 secs] 2679575K->1408772K(8231360K), 0.0213770 secs] [Times: user=0.32 sys=0.00, real=0.03 secs] 
12760.409: [GC 12760.409: [ParNew: 1298010K->52535K(1415616K), 0.0206680 secs] 2667140K->1421666K(8231360K), 0.0208930 secs] [Times: user=0.30 sys=0.02, real=0.03 secs] 
12766.370: [GC 12766.371: [ParNew: 1310903K->60434K(1415616K), 0.0235390 secs] 2680034K->1429564K(8231360K), 0.0237590 secs] [Times: user=0.35 sys=0.01, real=0.02 secs] 
12767.544: [GC 12767.544: [ParNew: 1318802K->61558K(1415616K), 0.0213290 secs] 2687932K->1430688K(8231360K), 0.0215440 secs] [Times: user=0.32 sys=0.00, real=0.02 secs] 
12769.868: [GC 12769.869: [ParNew: 1319926K->72525K(1415616K), 0.0226430 secs] 2689056K->1441655K(8231360K), 0.0228580 secs] [Times: user=0.35 sys=0.00, real=0.03 secs] 
12771.465: [GC 12771.465: [ParNew: 1330893K->55072K(1415616K), 0.0223800 secs] 2700023K->1424202K(8231360K), 0.0225920 secs] [Times: user=0.33 sys=0.02, real=0.02 secs] 
12774.323: [GC 12774.323: [ParNew: 1313440K->74993K(1415616K), 0.0242900 secs] 2682570K->1444123K(8231360K), 0.0245080 secs] [Times: user=0.36 sys=0.02, real=0.02 secs] 
12781.692: [GC 12781.693: [ParNew: 1333361K->50652K(1415616K), 0.0215250 secs] 2702491K->1419782K(8231360K), 0.0217510 secs] [Times: user=0.32 sys=0.00, real=0.03 secs] 
12790.919: [GC 12790.920: [ParNew: 1309020K->46203K(1415616K), 0.0209200 secs] 2678150K->1415333K(8231360K), 0.0211300 secs] [Times: user=0.31 sys=0.00, real=0.02 secs] 
12805.218: [GC 12805.218: [ParNew: 1304571K->39814K(1415616K), 0.0195570 secs] 2673701K->1408944K(8231360K), 0.0197910 secs] [Times: user=0.29 sys=0.01, real=0.02 secs] 
12811.120: [GC 12811.120: [ParNew: 1298182K->54101K(1415616K), 0.0204840 secs] 2667312K->1423231K(8231360K), 0.0206930 secs] [Times: user=0.32 sys=0.00, real=0.02 secs] 
12811.945: [GC 12811.946: [ParNew: 1312469K->50446K(1415616K), 0.0214620 secs] 2681599K->1419576K(8231360K), 0.0216950 secs] [Times: user=0.32 sys=0.00, real=0.02 secs] 
12812.768: [GC 12812.768: [ParNew: 1308814K->58650K(1415616K), 0.0198540 secs] 2677944K->1427780K(8231360K), 0.0200570 secs] [Times: user=0.29 sys=0.00, real=0.02 secs] 
12813.685: [GC 12813.685: [ParNew: 1317018K->62610K(1415616K), 0.0234660 secs] 2686148K->1431740K(8231360K), 0.0236770 secs] [Times: user=0.35 sys=0.00, real=0.02 secs] 
12816.419: [GC 12816.419: [ParNew: 1320978K->62045K(1415616K), 0.0232520 secs] 2690108K->1431175K(8231360K), 0.0234610 secs] [Times: user=0.35 sys=0.01, real=0.03 secs] 
12821.786: [GC 12821.786: [ParNew: 1320413K->59422K(1415616K), 0.0273030 secs] 2689543K->1428553K(8231360K), 0.0275450 secs] [Times: user=0.41 sys=0.01, real=0.03 secs] 
12826.302: [GC 12826.302: [ParNew: 1317790K->68571K(1415616K), 0.0259860 secs] 2686921K->1437701K(8231360K), 0.0261900 secs] [Times: user=0.39 sys=0.01, real=0.02 secs] 
12831.113: [GC 12831.113: [ParNew: 1326939K->59983K(1415616K), 0.0223210 secs] 2696069K->1429114K(8231360K), 0.0225360 secs] [Times: user=0.34 sys=0.00, real=0.02 secs] 
12831.945: [GC 12831.945: [ParNew: 1318351K->59748K(1415616K), 0.0213690 secs] 2687482K->1428878K(8231360K), 0.0215830 secs] [Times: user=0.32 sys=0.00, real=0.02 secs] 
12835.977: [GC 12835.977: [ParNew: 1318116K->57382K(1415616K), 0.0230310 secs] 2687246K->1426512K(8231360K), 0.0232480 secs] [Times: user=0.35 sys=0.01, real=0.02 secs] 
12844.684: [GC 12844.684: [ParNew: 1315750K->54010K(1415616K), 0.0210310 secs] 2684880K->1423141K(8231360K), 0.0212470 secs] [Times: user=0.31 sys=0.01, real=0.03 secs] 
12849.960: [GC 12849.960: [ParNew: 1312378K->57496K(1415616K), 0.0228570 secs] 2681509K->1426627K(8231360K), 0.0230630 secs] [Times: user=0.35 sys=0.00, real=0.02 secs] 
12852.402: [GC 12852.402: [ParNew: 1315864K->64867K(1415616K), 0.0223900 secs] 2684995K->1433997K(8231360K), 0.0226240 secs] [Times: user=0.34 sys=0.00, real=0.02 secs] 
12857.390: [GC 12857.390: [ParNew: 1323235K->59347K(1415616K), 0.0246080 secs] 2692365K->1428478K(8231360K), 0.0248290 secs] [Times: user=0.37 sys=0.01, real=0.02 secs] 
12868.999: [GC 12869.000: [ParNew: 1317715K->40057K(1415616K), 0.0204170 secs] 2686846K->1409187K(8231360K), 0.0206420 secs] [Times: user=0.31 sys=0.01, real=0.03 secs] 
12871.697: [GC 12871.697: [ParNew: 1298425K->48281K(1415616K), 0.0203330 secs] 2667555K->1417412K(8231360K), 0.0205690 secs] [Times: user=0.30 sys=0.01, real=0.02 secs] 
12872.524: [GC 12872.524: [ParNew: 1306649K->46577K(1415616K), 0.0203590 secs] 2675780K->1415708K(8231360K), 0.0205590 secs] [Times: user=0.30 sys=0.00, real=0.02 secs] 
12875.382: [GC 12875.382: [ParNew: 1304945K->53911K(1415616K), 0.0214530 secs] 2674076K->1423042K(8231360K), 0.0216670 secs] [Times: user=0.32 sys=0.02, real=0.02 secs] 
12882.543: [GC 12882.544: [ParNew: 1312279K->60714K(1415616K), 0.0236390 secs] 2681410K->1429844K(8231360K), 0.0238450 secs] [Times: user=0.36 sys=0.00, real=0.02 secs] 
12886.172: [GC 12886.172: [ParNew: 1319082K->57443K(1415616K), 0.0227750 secs] 2688212K->1426574K(8231360K), 0.0229910 secs] [Times: user=0.34 sys=0.01, real=0.02 secs] 
12889.026: [GC 12889.027: [ParNew: 1315811K->63520K(1415616K), 0.0228220 secs] 2684942K->1432650K(8231360K), 0.0230290 secs] [Times: user=0.34 sys=0.00, real=0.02 secs] 
12890.848: [GC 12890.848: [ParNew: 1321888K->63606K(1415616K), 0.0229830 secs] 2691018K->1432737K(8231360K), 0.0232100 secs] [Times: user=0.34 sys=0.01, real=0.02 secs] 
12895.541: [GC 12895.541: [ParNew: 1321974K->67125K(1415616K), 0.0242660 secs] 2691105K->1436255K(8231360K), 0.0245060 secs] [Times: user=0.37 sys=0.00, real=0.03 secs] 
12902.344: [GC 12902.344: [ParNew: 1325493K->49502K(1415616K), 0.0235670 secs] 2694623K->1418633K(8231360K), 0.0238000 secs] [Times: user=0.37 sys=0.00, real=0.03 secs] 
12906.099: [GC 12906.099: [ParNew: 1307870K->62114K(1415616K), 0.0224510 secs] 2677001K->1431244K(8231360K), 0.0226700 secs] [Times: user=0.34 sys=0.00, real=0.02 secs] 
12914.057: [GC 12914.057: [ParNew: 1320482K->42236K(1415616K), 0.0229320 secs] 2689612K->1411367K(8231360K), 0.0231380 secs] [Times: user=0.34 sys=0.01, real=0.03 secs] 
12923.981: [GC 12923.981: [ParNew: 1300604K->49829K(1415616K), 0.0209430 secs] 2669735K->1418959K(8231360K), 0.0211500 secs] [Times: user=0.32 sys=0.00, real=0.02 secs] 
12929.239: [GC 12929.239: [ParNew: 1308197K->59046K(1415616K), 0.0227470 secs] 2677327K->1428176K(8231360K), 0.0230070 secs] [Times: user=0.35 sys=0.00, real=0.03 secs] 
12931.406: [GC 12931.406: [ParNew: 1317414K->64237K(1415616K), 0.0208140 secs] 2686544K->1433367K(8231360K), 0.0210290 secs] [Times: user=0.31 sys=0.00, real=0.02 secs] 
12932.227: [GC 12932.227: [ParNew: 1322605K->62038K(1415616K), 0.0211700 secs] 2691735K->1431168K(8231360K), 0.0213900 secs] [Times: user=0.32 sys=0.00, real=0.02 secs] 
12933.066: [GC 12933.066: [ParNew: 1320406K->61970K(1415616K), 0.0217850 secs] 2689536K->1431101K(8231360K), 0.0219820 secs] [Times: user=0.33 sys=0.00, real=0.02 secs] 
12935.979: [GC 12935.979: [ParNew: 1320338K->65227K(1415616K), 0.0237560 secs] 2689469K->1434358K(8231360K), 0.0239610 secs] [Times: user=0.35 sys=0.01, real=0.03 secs] 
12945.704: [GC 12945.704: [ParNew: 1323595K->45439K(1415616K), 0.0220490 secs] 2692726K->1414570K(8231360K), 0.0222780 secs] [Times: user=0.34 sys=0.00, real=0.02 secs] 
12949.065: [GC 12949.065: [ParNew: 1303807K->63117K(1415616K), 0.0222970 secs] 2672938K->1432248K(8231360K), 0.0225050 secs] [Times: user=0.34 sys=0.00, real=0.02 secs] 
12951.178: [GC 12951.179: [ParNew: 1321485K->62477K(1415616K), 0.0227020 secs] 2690616K->1431607K(8231360K), 0.0229160 secs] [Times: user=0.35 sys=0.00, real=0.02 secs] 
12953.876: [GC 12953.876: [ParNew: 1320845K->65519K(1415616K), 0.0277950 secs] 2689975K->1434649K(8231360K), 0.0280170 secs] [Times: user=0.40 sys=0.02, real=0.02 secs] 
12957.825: [GC 12957.825: [ParNew: 1323887K->61144K(1415616K), 0.0217050 secs] 2693017K->1430275K(8231360K), 0.0219170 secs] [Times: user=0.32 sys=0.00, real=0.03 secs] 
12963.415: [GC 12963.416: [ParNew: 1319512K->58161K(1415616K), 0.0225560 secs] 2688643K->1427291K(8231360K), 0.0227710 secs] [Times: user=0.34 sys=0.00, real=0.03 secs] 
12980.525: [GC 12980.525: [ParNew: 1316529K->40915K(1415616K), 0.0199460 secs] 2685659K->1410046K(8231360K), 0.0201600 secs] [Times: user=0.30 sys=0.00, real=0.02 secs] 
12983.382: [GC 12983.382: [ParNew: 1299283K->60693K(1415616K), 0.0236090 secs] 2668414K->1429824K(8231360K), 0.0238250 secs] [Times: user=0.35 sys=0.01, real=0.02 secs] 
12988.596: [GC 12988.596: [ParNew: 1319061K->71588K(1415616K), 0.0237690 secs] 2688192K->1440719K(8231360K), 0.0239680 secs] [Times: user=0.36 sys=0.01, real=0.02 secs] 
12991.446: [GC 12991.446: [ParNew: 1329956K->52500K(1415616K), 0.0223340 secs] 2699087K->1421631K(8231360K), 0.0225410 secs] [Times: user=0.33 sys=0.01, real=0.02 secs] 
12992.262: [GC 12992.262: [ParNew: 1310868K->56547K(1415616K), 0.0228690 secs] 2679999K->1425677K(8231360K), 0.0230860 secs] [Times: user=0.34 sys=0.01, real=0.02 secs] 
12993.102: [GC 12993.102: [ParNew: 1314915K->60696K(1415616K), 0.0212480 secs] 2684045K->1429826K(8231360K), 0.0214400 secs] [Times: user=0.31 sys=0.01, real=0.03 secs] 
12996.388: [GC 12996.388: [ParNew: 1319064K->63515K(1415616K), 0.0228290 secs] 2688194K->1432646K(8231360K), 0.0230410 secs] [Times: user=0.36 sys=0.00, real=0.02 secs] 
13006.584: [GC 13006.584: [ParNew: 1321883K->42585K(1415616K), 0.0244150 secs] 2691014K->1411715K(8231360K), 0.0246240 secs] [Times: user=0.36 sys=0.01, real=0.03 secs] 
13009.370: [GC 13009.370: [ParNew: 1300953K->60007K(1415616K), 0.0202810 secs] 2670083K->1429138K(8231360K), 0.0204840 secs] [Times: user=0.31 sys=0.00, real=0.02 secs] 
13015.085: [GC 13015.085: [ParNew: 1318375K->63439K(1415616K), 0.0198910 secs] 2687506K->1432569K(8231360K), 0.0201110 secs] [Times: user=0.30 sys=0.00, real=0.02 secs] 
13015.935: [GC 13015.935: [ParNew: 1321807K->72089K(1415616K), 0.0240570 secs] 2690937K->1441220K(8231360K), 0.0242700 secs] [Times: user=0.37 sys=0.00, real=0.03 secs] 
13016.793: [GC 13016.793: [ParNew: 1330457K->75027K(1415616K), 0.0259110 secs] 2699588K->1444158K(8231360K), 0.0261170 secs] [Times: user=0.40 sys=0.01, real=0.03 secs] 
13021.578: [GC 13021.578: [ParNew: 1333395K->70470K(1415616K), 0.0228500 secs] 2702526K->1439600K(8231360K), 0.0230600 secs] [Times: user=0.34 sys=0.01, real=0.02 secs] 
13026.211: [GC 13026.211: [ParNew: 1328838K->67454K(1415616K), 0.0234990 secs] 2697968K->1436584K(8231360K), 0.0237070 secs] [Times: user=0.35 sys=0.00, real=0.02 secs] 
13029.534: [GC 13029.534: [ParNew: 1325822K->59706K(1415616K), 0.0228780 secs] 2694952K->1428836K(8231360K), 0.0230920 secs] [Times: user=0.35 sys=0.00, real=0.02 secs] 
13035.010: [GC 13035.010: [ParNew: 1318074K->51861K(1415616K), 0.0221090 secs] 2687204K->1420991K(8231360K), 0.0223230 secs] [Times: user=0.33 sys=0.01, real=0.03 secs] 
13047.578: [GC 13047.578: [ParNew: 1310229K->42895K(1415616K), 0.0216820 secs] 2679359K->1412026K(8231360K), 0.0219030 secs] [Times: user=0.32 sys=0.02, real=0.02 secs] 
13051.376: [GC 13051.376: [ParNew: 1301263K->58868K(1415616K), 0.0234660 secs] 2670394K->1427998K(8231360K), 0.0236760 secs] [Times: user=0.36 sys=0.02, real=0.02 secs] 
13056.024: [GC 13056.024: [ParNew: 1317236K->57586K(1415616K), 0.0223160 secs] 2686366K->1426716K(8231360K), 0.0225260 secs] [Times: user=0.34 sys=0.00, real=0.02 secs] 
13064.853: [GC 13064.853: [ParNew: 1315954K->51843K(1415616K), 0.0224370 secs] 2685084K->1420973K(8231360K), 0.0226400 secs] [Times: user=0.34 sys=0.01, real=0.02 secs] 
13069.314: [GC 13069.314: [ParNew: 1310211K->60323K(1415616K), 0.0227990 secs] 2679341K->1429453K(8231360K), 0.0230100 secs] [Times: user=0.33 sys=0.02, real=0.03 secs] 
13076.923: [GC 13076.923: [ParNew: 1318691K->59806K(1415616K), 0.0231380 secs] 2687821K->1428936K(8231360K), 0.0233570 secs] [Times: user=0.35 sys=0.00, real=0.02 secs] 
13081.369: [GC 13081.369: [ParNew: 1318174K->50625K(1415616K), 0.0244660 secs] 2687304K->1419755K(8231360K), 0.0246740 secs] [Times: user=0.37 sys=0.01, real=0.02 secs] 
13083.355: [GC 13083.355: [ParNew: 1308993K->58407K(1415616K), 0.0249380 secs] 2678123K->1427537K(8231360K), 0.0251540 secs] [Times: user=0.37 sys=0.02, real=0.03 secs] 
13087.180: [GC 13087.180: [ParNew: 1316775K->68649K(1415616K), 0.0271360 secs] 2685905K->1437779K(8231360K), 0.0273410 secs] [Times: user=0.41 sys=0.00, real=0.02 secs] 
13091.090: [GC 13091.090: [ParNew: 1327017K->70401K(1415616K), 0.0235910 secs] 2696147K->1439531K(8231360K), 0.0238010 secs] [Times: user=0.35 sys=0.02, real=0.03 secs] 
13094.195: [GC 13094.195: [ParNew: 1328769K->62394K(1415616K), 0.0226070 secs] 2697899K->1431524K(8231360K), 0.0228150 secs] [Times: user=0.34 sys=0.02, real=0.02 secs] 
13099.619: [GC 13099.620: [ParNew: 1320762K->60855K(1415616K), 0.0244780 secs] 2689892K->1429985K(8231360K), 0.0246880 secs] [Times: user=0.38 sys=0.01, real=0.03 secs] 
13110.925: [GC 13110.925: [ParNew: 1319223K->42103K(1415616K), 0.0214710 secs] 2688353K->1411234K(8231360K), 0.0216860 secs] [Times: user=0.32 sys=0.00, real=0.02 secs] 
13111.747: [GC 13111.747: [ParNew: 1300471K->54611K(1415616K), 0.0212130 secs] 2669602K->1423741K(8231360K), 0.0214810 secs] [Times: user=0.31 sys=0.02, real=0.02 secs] 
13112.575: [GC 13112.575: [ParNew: 1312979K->53837K(1415616K), 0.0213260 secs] 2682109K->1422967K(8231360K), 0.0215260 secs] [Times: user=0.32 sys=0.00, real=0.02 secs] 
13116.235: [GC 13116.235: [ParNew: 1312205K->53559K(1415616K), 0.0201050 secs] 2681335K->1422689K(8231360K), 0.0203020 secs] [Times: user=0.30 sys=0.02, real=0.02 secs] 
13121.404: [GC 13121.404: [ParNew: 1311927K->53404K(1415616K), 0.0206600 secs] 2681057K->1422535K(8231360K), 0.0208660 secs] [Times: user=0.32 sys=0.00, real=0.02 secs] 
13126.203: [GC 13126.203: [ParNew: 1311772K->55249K(1415616K), 0.0251490 secs] 2680903K->1424379K(8231360K), 0.0253490 secs] [Times: user=0.35 sys=0.00, real=0.03 secs] 
13129.210: [GC 13129.210: [ParNew: 1313617K->68884K(1415616K), 0.0242250 secs] 2682747K->1438014K(8231360K), 0.0244310 secs] [Times: user=0.37 sys=0.00, real=0.02 secs] 
13131.500: [GC 13131.500: [ParNew: 1327252K->66407K(1415616K), 0.0226720 secs] 2696382K->1435538K(8231360K), 0.0228760 secs] [Times: user=0.33 sys=0.00, real=0.02 secs] 
13141.350: [GC 13141.351: [ParNew: 1324775K->44028K(1415616K), 0.0206800 secs] 2693906K->1413158K(8231360K), 0.0209010 secs] [Times: user=0.31 sys=0.02, real=0.02 secs] 
13147.402: [GC 13147.402: [ParNew: 1302396K->53633K(1415616K), 0.0192220 secs] 2671526K->1422764K(8231360K), 0.0194320 secs] [Times: user=0.29 sys=0.01, real=0.02 secs] 
13150.034: [GC 13150.034: [ParNew: 1312001K->63934K(1415616K), 0.0195280 secs] 2681132K->1433064K(8231360K), 0.0197200 secs] [Times: user=0.30 sys=0.00, real=0.02 secs] 
13153.805: [GC 13153.806: [ParNew: 1322302K->46990K(1415616K), 0.0201460 secs] 2691432K->1416120K(8231360K), 0.0203550 secs] [Times: user=0.31 sys=0.00, real=0.02 secs] 
13156.870: [GC 13156.870: [ParNew: 1305358K->63809K(1415616K), 0.0223080 secs] 2674488K->1432940K(8231360K), 0.0225190 secs] [Times: user=0.33 sys=0.00, real=0.02 secs] 
13162.213: [GC 13162.213: [ParNew: 1322177K->67929K(1415616K), 0.0247040 secs] 2691308K->1437059K(8231360K), 0.0249170 secs] [Times: user=0.37 sys=0.00, real=0.03 secs] 
13167.971: [GC 13167.971: [ParNew: 1326297K->65618K(1415616K), 0.0287640 secs] 2695427K->1434748K(8231360K), 0.0289870 secs] [Times: user=0.40 sys=0.02, real=0.03 secs] 
13171.263: [GC 13171.263: [ParNew: 1323986K->60060K(1415616K), 0.0232720 secs] 2693116K->1429190K(8231360K), 0.0234840 secs] [Times: user=0.33 sys=0.02, real=0.03 secs] 
13172.071: [GC 13172.071: [ParNew: 1318428K->60595K(1415616K), 0.0216410 secs] 2687558K->1429725K(8231360K), 0.0218990 secs] [Times: user=0.32 sys=0.02, real=0.02 secs] 
13172.895: [GC 13172.895: [ParNew: 1318963K->59139K(1415616K), 0.0229000 secs] 2688093K->1428269K(8231360K), 0.0231150 secs] [Times: user=0.34 sys=0.01, real=0.03 secs] 
13184.640: [GC 13184.640: [ParNew: 1317507K->48289K(1415616K), 0.0195430 secs] 2686637K->1417419K(8231360K), 0.0197490 secs] [Times: user=0.29 sys=0.00, real=0.02 secs] 
13187.004: [GC 13187.004: [ParNew: 1306657K->58501K(1415616K), 0.0210710 secs] 2675787K->1427631K(8231360K), 0.0212740 secs] [Times: user=0.31 sys=0.02, real=0.02 secs] 
13190.277: [GC 13190.277: [ParNew: 1316869K->64714K(1415616K), 0.0235780 secs] 2685999K->1433845K(8231360K), 0.0237800 secs] [Times: user=0.36 sys=0.00, real=0.03 secs] 
13192.026: [GC 13192.026: [ParNew: 1323082K->72748K(1415616K), 0.0219670 secs] 2692213K->1441878K(8231360K), 0.0222340 secs] [Times: user=0.32 sys=0.02, real=0.02 secs] 
13195.977: [GC 13195.977: [ParNew: 1331116K->77664K(1415616K), 0.0248150 secs] 2700246K->1446794K(8231360K), 0.0250210 secs] [Times: user=0.37 sys=0.01, real=0.03 secs] 
13203.348: [GC 13203.348: [ParNew: 1336032K->57695K(1415616K), 0.0236840 secs] 2705162K->1426825K(8231360K), 0.0238880 secs] [Times: user=0.35 sys=0.00, real=0.03 secs] 
13213.307: [GC 13213.307: [ParNew: 1316063K->44516K(1415616K), 0.0191580 secs] 2685193K->1413647K(8231360K), 0.0193730 secs] [Times: user=0.28 sys=0.02, real=0.02 secs] 
13218.432: [GC 13218.432: [ParNew: 1302884K->48991K(1415616K), 0.0222790 secs] 2672015K->1418121K(8231360K), 0.0224850 secs] [Times: user=0.33 sys=0.01, real=0.03 secs] 
13222.785: [GC 13222.785: [ParNew: 1307359K->59497K(1415616K), 0.0222410 secs] 2676489K->1428627K(8231360K), 0.0224440 secs] [Times: user=0.34 sys=0.00, real=0.03 secs] 
13227.003: [GC 13227.003: [ParNew: 1317865K->63729K(1415616K), 0.0249850 secs] 2686995K->1432859K(8231360K), 0.0251970 secs] [Times: user=0.37 sys=0.02, real=0.03 secs] 
13231.110: [GC 13231.110: [ParNew: 1322097K->67504K(1415616K), 0.0241790 secs] 2691227K->1436634K(8231360K), 0.0243950 secs] [Times: user=0.37 sys=0.00, real=0.02 secs] 
13238.985: [GC 13238.985: [ParNew: 1325872K->52272K(1415616K), 0.0250100 secs] 2695002K->1421403K(8231360K), 0.0252190 secs] [Times: user=0.38 sys=0.00, real=0.03 secs] 
13246.998: [GC 13246.998: [ParNew: 1310640K->43814K(1415616K), 0.0220080 secs] 2679771K->1412944K(8231360K), 0.0222120 secs] [Times: user=0.33 sys=0.01, real=0.03 secs] 
13250.587: [GC 13250.587: [ParNew: 1302182K->63995K(1415616K), 0.0241910 secs] 2671312K->1433126K(8231360K), 0.0244020 secs] [Times: user=0.36 sys=0.00, real=0.03 secs] 
13253.374: [GC 13253.374: [ParNew: 1322363K->67685K(1415616K), 0.0243130 secs] 2691494K->1436816K(8231360K), 0.0245180 secs] [Times: user=0.37 sys=0.00, real=0.02 secs] 
13257.306: [GC 13257.306: [ParNew: 1326053K->72597K(1415616K), 0.0257440 secs] 2695184K->1441728K(8231360K), 0.0259530 secs] [Times: user=0.38 sys=0.02, real=0.03 secs] 
13261.792: [GC 13261.792: [ParNew: 1330965K->53042K(1415616K), 0.0231510 secs] 2700096K->1422172K(8231360K), 0.0234000 secs] [Times: user=0.36 sys=0.01, real=0.02 secs] 
13266.170: [GC 13266.170: [ParNew: 1311410K->71272K(1415616K), 0.0251700 secs] 2680540K->1440402K(8231360K), 0.0253730 secs] [Times: user=0.38 sys=0.00, real=0.03 secs] 
13280.408: [GC 13280.409: [ParNew: 1329640K->42157K(1415616K), 0.0239750 secs] 2698770K->1411287K(8231360K), 0.0241740 secs] [Times: user=0.35 sys=0.02, real=0.02 secs] 
13284.984: [GC 13284.984: [ParNew: 1300525K->50186K(1415616K), 0.0218580 secs] 2669655K->1419316K(8231360K), 0.0220570 secs] [Times: user=0.32 sys=0.00, real=0.02 secs] 
13289.988: [GC 13289.988: [ParNew: 1308554K->60738K(1415616K), 0.0235490 secs] 2677684K->1429869K(8231360K), 0.0237610 secs] [Times: user=0.35 sys=0.02, real=0.02 secs] 
13292.198: [GC 13292.198: [ParNew: 1319106K->61836K(1415616K), 0.0228760 secs] 2688237K->1430966K(8231360K), 0.0230900 secs] [Times: user=0.34 sys=0.01, real=0.02 secs] 
13295.899: [GC 13295.899: [ParNew: 1320204K->74068K(1415616K), 0.0260240 secs] 2689334K->1443198K(8231360K), 0.0262360 secs] [Times: user=0.38 sys=0.02, real=0.02 secs] 
13300.629: [GC 13300.629: [ParNew: 1332436K->68364K(1415616K), 0.0235510 secs] 2701566K->1437495K(8231360K), 0.0237620 secs] [Times: user=0.35 sys=0.00, real=0.02 secs] 
13306.395: [GC 13306.395: [ParNew: 1326732K->43229K(1415616K), 0.0245190 secs] 2695863K->1412359K(8231360K), 0.0247180 secs] [Times: user=0.37 sys=0.00, real=0.03 secs] 
13310.992: [GC 13310.992: [ParNew: 1301597K->67604K(1415616K), 0.0217300 secs] 2670727K->1436734K(8231360K), 0.0219490 secs] [Times: user=0.33 sys=0.01, real=0.02 secs] 
13311.823: [GC 13311.823: [ParNew: 1325972K->51285K(1415616K), 0.0214810 secs] 2695102K->1420416K(8231360K), 0.0216990 secs] [Times: user=0.33 sys=0.00, real=0.02 secs] 
13318.381: [GC 13318.381: [ParNew: 1309653K->59772K(1415616K), 0.0260010 secs] 2678784K->1428902K(8231360K), 0.0262060 secs] [Times: user=0.40 sys=0.01, real=0.03 secs] 
13322.195: [GC 13322.195: [ParNew: 1318140K->64307K(1415616K), 0.0231250 secs] 2687270K->1433437K(8231360K), 0.0233500 secs] [Times: user=0.35 sys=0.00, real=0.02 secs] 
13325.571: [GC 13325.571: [ParNew: 1322675K->65225K(1415616K), 0.0228060 secs] 2691805K->1434355K(8231360K), 0.0230100 secs] [Times: user=0.33 sys=0.00, real=0.03 secs] 
13330.145: [GC 13330.146: [ParNew: 1323593K->65607K(1415616K), 0.0237330 secs] 2692723K->1434737K(8231360K), 0.0239490 secs] [Times: user=0.36 sys=0.02, real=0.02 secs] 
13335.239: [GC 13335.239: [ParNew: 1323975K->57746K(1415616K), 0.0217140 secs] 2693105K->1426876K(8231360K), 0.0219140 secs] [Times: user=0.32 sys=0.01, real=0.02 secs] 
13350.969: [GC 13350.969: [ParNew: 1316114K->42699K(1415616K), 0.0207290 secs] 2685244K->1411829K(8231360K), 0.0209330 secs] [Times: user=0.31 sys=0.00, real=0.02 secs] 
13351.782: [GC 13351.783: [ParNew: 1301067K->48695K(1415616K), 0.0239130 secs] 2670197K->1417825K(8231360K), 0.0241260 secs] [Times: user=0.36 sys=0.00, real=0.02 secs] 
13352.606: [GC 13352.606: [ParNew: 1307063K->53449K(1415616K), 0.0206570 secs] 2676193K->1422579K(8231360K), 0.0208610 secs] [Times: user=0.31 sys=0.00, real=0.02 secs] 
13353.451: [GC 13353.451: [ParNew: 1311817K->61129K(1415616K), 0.0199590 secs] 2680947K->1430259K(8231360K), 0.0201400 secs] [Times: user=0.31 sys=0.00, real=0.02 secs] 
13356.195: [GC 13356.196: [ParNew: 1319497K->64519K(1415616K), 0.0220370 secs] 2688627K->1433649K(8231360K), 0.0222430 secs] [Times: user=0.32 sys=0.02, real=0.02 secs] 
13360.380: [GC 13360.380: [ParNew: 1322887K->63510K(1415616K), 0.0233600 secs] 2692017K->1432640K(8231360K), 0.0235750 secs] [Times: user=0.36 sys=0.00, real=0.02 secs] 
13364.402: [GC 13364.402: [ParNew: 1321878K->63315K(1415616K), 0.0256010 secs] 2691008K->1432446K(8231360K), 0.0258060 secs] [Times: user=0.38 sys=0.01, real=0.02 secs] 
13366.494: [GC 13366.494: [ParNew: 1321683K->68815K(1415616K), 0.0253000 secs] 2690814K->1437945K(8231360K), 0.0254960 secs] [Times: user=0.38 sys=0.01, real=0.02 secs] 
13369.480: [GC 13369.480: [ParNew: 1327183K->73143K(1415616K), 0.0280000 secs] 2696313K->1442273K(8231360K), 0.0282090 secs] [Times: user=0.43 sys=0.01, real=0.03 secs] 
13373.187: [GC 13373.187: [ParNew: 1331511K->71106K(1415616K), 0.0275680 secs] 2700641K->1440236K(8231360K), 0.0277730 secs] [Times: user=0.42 sys=0.00, real=0.03 secs] 
13382.404: [GC 13382.404: [ParNew: 1329474K->45938K(1415616K), 0.0227710 secs] 2698604K->1415068K(8231360K), 0.0229810 secs] [Times: user=0.34 sys=0.01, real=0.03 secs] 
13386.390: [GC 13386.390: [ParNew: 1304306K->57591K(1415616K), 0.0203940 secs] 2673436K->1426722K(8231360K), 0.0205940 secs] [Times: user=0.31 sys=0.00, real=0.02 secs] 
13390.405: [GC 13390.405: [ParNew: 1315959K->69165K(1415616K), 0.0233150 secs] 2685090K->1438296K(8231360K), 0.0235210 secs] [Times: user=0.35 sys=0.00, real=0.03 secs] 
13394.402: [GC 13394.402: [ParNew: 1327533K->48875K(1415616K), 0.0229590 secs] 2696664K->1418005K(8231360K), 0.0231560 secs] [Times: user=0.34 sys=0.01, real=0.02 secs] 
13403.538: [GC 13403.538: [ParNew: 1307243K->55338K(1415616K), 0.0246380 secs] 2676373K->1424468K(8231360K), 0.0248450 secs] [Times: user=0.38 sys=0.00, real=0.02 secs] 
13411.531: [GC 13411.531: [ParNew: 1313706K->47838K(1415616K), 0.0215090 secs] 2682836K->1416968K(8231360K), 0.0217290 secs] [Times: user=0.32 sys=0.02, real=0.02 secs] 
13412.366: [GC 13412.366: [ParNew: 1306206K->46073K(1415616K), 0.0197250 secs] 2675336K->1415204K(8231360K), 0.0199230 secs] [Times: user=0.29 sys=0.00, real=0.02 secs] 
13415.580: [GC 13415.580: [ParNew: 1304441K->53538K(1415616K), 0.0195490 secs] 2673572K->1422668K(8231360K), 0.0197440 secs] [Times: user=0.30 sys=0.00, real=0.02 secs] 
13418.906: [GC 13418.906: [ParNew: 1311906K->57546K(1415616K), 0.0215110 secs] 2681036K->1426676K(8231360K), 0.0217390 secs] [Times: user=0.32 sys=0.01, real=0.02 secs] 
13424.106: [GC 13424.106: [ParNew: 1315914K->62946K(1415616K), 0.0213500 secs] 2685044K->1432076K(8231360K), 0.0215450 secs] [Times: user=0.33 sys=0.01, real=0.02 secs] 
13427.265: [GC 13427.265: [ParNew: 1321314K->69942K(1415616K), 0.0277250 secs] 2690444K->1439072K(8231360K), 0.0279830 secs] [Times: user=0.41 sys=0.02, real=0.03 secs] 
13429.433: [GC 13429.433: [ParNew: 1328310K->72246K(1415616K), 0.0244780 secs] 2697440K->1441377K(8231360K), 0.0246940 secs] [Times: user=0.37 sys=0.02, real=0.02 secs] 
13430.987: [GC 13430.987: [ParNew: 1330614K->83395K(1415616K), 0.0257360 secs] 2699745K->1452526K(8231360K), 0.0259540 secs] [Times: user=0.39 sys=0.02, real=0.02 secs] 
13433.430: [GC 13433.430: [ParNew: 1341763K->63606K(1415616K), 0.0256540 secs] 2710894K->1432737K(8231360K), 0.0258610 secs] [Times: user=0.39 sys=0.00, real=0.03 secs] 
13442.249: [GC 13442.249: [ParNew: 1321974K->50836K(1415616K), 0.0235540 secs] 2691105K->1419966K(8231360K), 0.0237710 secs] [Times: user=0.35 sys=0.00, real=0.02 secs] 
13450.615: [GC 13450.615: [ParNew: 1309204K->51323K(1415616K), 0.0233440 secs] 2678334K->1420453K(8231360K), 0.0235520 secs] [Times: user=0.36 sys=0.01, real=0.03 secs] 
13452.211: [GC 13452.211: [ParNew: 1309691K->58996K(1415616K), 0.0215090 secs] 2678821K->1428126K(8231360K), 0.0217170 secs] [Times: user=0.31 sys=0.02, real=0.02 secs] 
13459.588: [GC 13459.588: [ParNew: 1317364K->59365K(1415616K), 0.0226230 secs] 2686494K->1428495K(8231360K), 0.0228400 secs] [Times: user=0.33 sys=0.01, real=0.03 secs] 
13464.169: [GC 13464.169: [ParNew: 1317733K->56639K(1415616K), 0.0254030 secs] 2686863K->1425770K(8231360K), 0.0256040 secs] [Times: user=0.37 sys=0.01, real=0.03 secs] 
13471.394: [GC 13471.394: [ParNew: 1315007K->52702K(1415616K), 0.0215780 secs] 2684138K->1421832K(8231360K), 0.0217990 secs] [Times: user=0.32 sys=0.02, real=0.02 secs] 
13472.203: [GC 13472.203: [ParNew: 1311070K->59125K(1415616K), 0.0189440 secs] 2680200K->1428256K(8231360K), 0.0191520 secs] [Times: user=0.29 sys=0.00, real=0.02 secs] 
13473.025: [GC 13473.025: [ParNew: 1317493K->53964K(1415616K), 0.0220740 secs] 2686624K->1423095K(8231360K), 0.0222800 secs] [Times: user=0.32 sys=0.01, real=0.02 secs] 
13484.990: [GC 13484.990: [ParNew: 1312332K->50981K(1415616K), 0.0226530 secs] 2681463K->1420111K(8231360K), 0.0228620 secs] [Times: user=0.32 sys=0.03, real=0.03 secs] 
13487.351: [GC 13487.351: [ParNew: 1309349K->65204K(1415616K), 0.0256520 secs] 2678479K->1434334K(8231360K), 0.0258650 secs] [Times: user=0.38 sys=0.01, real=0.03 secs] 
13489.698: [GC 13489.698: [ParNew: 1323572K->66643K(1415616K), 0.0272980 secs] 2692702K->1435773K(8231360K), 0.0275560 secs] [Times: user=0.41 sys=0.01, real=0.03 secs] 
13493.871: [GC 13493.871: [ParNew: 1325011K->76560K(1415616K), 0.0250930 secs] 2694141K->1445691K(8231360K), 0.0252980 secs] [Times: user=0.39 sys=0.00, real=0.03 secs] 
13497.411: [GC 13497.411: [ParNew: 1334928K->67108K(1415616K), 0.0287260 secs] 2704059K->1436238K(8231360K), 0.0289410 secs] [Times: user=0.43 sys=0.02, real=0.03 secs] 
13500.995: [GC 13500.995: [ParNew: 1325476K->60057K(1415616K), 0.0247010 secs] 2694606K->1429188K(8231360K), 0.0249050 secs] [Times: user=0.37 sys=0.00, real=0.03 secs] 
13503.186: [GC 13503.186: [ParNew: 1318425K->68631K(1415616K), 0.0278110 secs] 2687556K->1437761K(8231360K), 0.0280130 secs] [Times: user=0.43 sys=0.01, real=0.02 secs] 
13511.089: [GC 13511.090: [ParNew: 1326999K->50595K(1415616K), 0.0214460 secs] 2696129K->1419725K(8231360K), 0.0216550 secs] [Times: user=0.32 sys=0.02, real=0.02 secs] 
13520.801: [GC 13520.802: [ParNew: 1308963K->46586K(1415616K), 0.0209250 secs] 2678093K->1415716K(8231360K), 0.0211310 secs] [Times: user=0.31 sys=0.01, real=0.02 secs] 
13525.442: [GC 13525.442: [ParNew: 1304954K->55722K(1415616K), 0.0214290 secs] 2674084K->1424853K(8231360K), 0.0216360 secs] [Times: user=0.32 sys=0.02, real=0.02 secs] 
13529.453: [GC 13529.453: [ParNew: 1314090K->67796K(1415616K), 0.0215750 secs] 2683221K->1436926K(8231360K), 0.0217940 secs] [Times: user=0.33 sys=0.02, real=0.02 secs] 
13531.664: [GC 13531.664: [ParNew: 1326164K->47603K(1415616K), 0.0258720 secs] 2695294K->1416734K(8231360K), 0.0260870 secs] [Times: user=0.40 sys=0.00, real=0.02 secs] 
13532.491: [GC 13532.492: [ParNew: 1305971K->60409K(1415616K), 0.0212130 secs] 2675102K->1429539K(8231360K), 0.0214120 secs] [Times: user=0.32 sys=0.01, real=0.03 secs] 
13534.198: [GC 13534.199: [ParNew: 1318777K->58066K(1415616K), 0.0213770 secs] 2687907K->1427196K(8231360K), 0.0215770 secs] [Times: user=0.33 sys=0.00, real=0.02 secs] 
13546.291: [GC 13546.291: [ParNew: 1316434K->45744K(1415616K), 0.0215410 secs] 2685564K->1414874K(8231360K), 0.0217400 secs] [Times: user=0.31 sys=0.02, real=0.02 secs] 
13550.619: [GC 13550.619: [ParNew: 1304112K->60132K(1415616K), 0.0250610 secs] 2673242K->1429262K(8231360K), 0.0252660 secs] [Times: user=0.38 sys=0.02, real=0.02 secs] 
13551.599: [GC 13551.599: [ParNew: 1318500K->66515K(1415616K), 0.0221970 secs] 2687630K->1435646K(8231360K), 0.0223890 secs] [Times: user=0.34 sys=0.02, real=0.02 secs] 
13554.027: [GC 13554.028: [ParNew: 1324883K->71738K(1415616K), 0.0229580 secs] 2694014K->1440869K(8231360K), 0.0231680 secs] [Times: user=0.34 sys=0.02, real=0.02 secs] 
13556.578: [GC 13556.578: [ParNew: 1330106K->73025K(1415616K), 0.0251200 secs] 2699237K->1442155K(8231360K), 0.0253310 secs] [Times: user=0.37 sys=0.02, real=0.02 secs] 
13560.018: [GC 13560.018: [ParNew: 1331393K->68697K(1415616K), 0.0265090 secs] 2700523K->1437827K(8231360K), 0.0267130 secs] [Times: user=0.39 sys=0.00, real=0.02 secs] 
13562.188: [GC 13562.189: [ParNew: 1327065K->77669K(1415616K), 0.0239980 secs] 2696195K->1446799K(8231360K), 0.0242240 secs] [Times: user=0.37 sys=0.00, real=0.02 secs] 
13564.215: [GC 13564.215: [ParNew: 1336037K->76992K(1415616K), 0.0222600 secs] 2705167K->1446122K(8231360K), 0.0224750 secs] [Times: user=0.34 sys=0.00, real=0.03 secs] 
13569.410: [GC 13569.411: [ParNew: 1335360K->67560K(1415616K), 0.0249640 secs] 2704490K->1436690K(8231360K), 0.0251710 secs] [Times: user=0.38 sys=0.01, real=0.02 secs] 
13578.551: [GC 13578.551: [ParNew: 1325928K->45852K(1415616K), 0.0198040 secs] 2695058K->1414983K(8231360K), 0.0200070 secs] [Times: user=0.29 sys=0.01, real=0.02 secs] 
13588.608: [GC 13588.608: [ParNew: 1304220K->49664K(1415616K), 0.0223160 secs] 2673351K->1418794K(8231360K), 0.0225190 secs] [Times: user=0.33 sys=0.02, real=0.02 secs] 
13591.110: [GC 13591.110: [ParNew: 1308032K->61524K(1415616K), 0.0235270 secs] 2677162K->1430654K(8231360K), 0.0237270 secs] [Times: user=0.36 sys=0.00, real=0.03 secs] 
13591.921: [GC 13591.921: [ParNew: 1319892K->63565K(1415616K), 0.0245110 secs] 2689022K->1432696K(8231360K), 0.0247250 secs] [Times: user=0.37 sys=0.02, real=0.03 secs] 
13592.732: [GC 13592.732: [ParNew: 1321933K->62475K(1415616K), 0.0246640 secs] 2691064K->1431605K(8231360K), 0.0248690 secs] [Times: user=0.36 sys=0.02, real=0.03 secs] 
13594.782: [GC 13594.782: [ParNew: 1320843K->60804K(1415616K), 0.0241300 secs] 2689973K->1429934K(8231360K), 0.0243340 secs] [Times: user=0.35 sys=0.01, real=0.03 secs] 
13603.917: [GC 13603.917: [ParNew: 1319172K->53582K(1415616K), 0.0217990 secs] 2688302K->1422712K(8231360K), 0.0220370 secs] [Times: user=0.32 sys=0.01, real=0.02 secs] 
13609.282: [GC 13609.282: [ParNew: 1311950K->63986K(1415616K), 0.0220320 secs] 2681080K->1433116K(8231360K), 0.0222380 secs] [Times: user=0.33 sys=0.01, real=0.02 secs] 
13615.586: [GC 13615.587: [ParNew: 1322354K->63637K(1415616K), 0.0230610 secs] 2691484K->1432768K(8231360K), 0.0232650 secs] [Times: user=0.33 sys=0.01, real=0.03 secs] 
13620.823: [GC 13620.823: [ParNew: 1322005K->57975K(1415616K), 0.0224200 secs] 2691136K->1427105K(8231360K), 0.0226270 secs] [Times: user=0.34 sys=0.01, real=0.02 secs] 
13623.393: [GC 13623.393: [ParNew: 1316343K->66165K(1415616K), 0.0224450 secs] 2685473K->1435296K(8231360K), 0.0226550 secs] [Times: user=0.33 sys=0.02, real=0.02 secs] 
13627.020: [GC 13627.020: [ParNew: 1324533K->73832K(1415616K), 0.0268220 secs] 2693664K->1442962K(8231360K), 0.0270280 secs] [Times: user=0.40 sys=0.02, real=0.02 secs] 
13629.956: [GC 13629.956: [ParNew: 1332200K->76243K(1415616K), 0.0264570 secs] 2701330K->1445373K(8231360K), 0.0266760 secs] [Times: user=0.40 sys=0.02, real=0.03 secs] 
13631.251: [GC 13631.251: [ParNew: 1334611K->69151K(1415616K), 0.0232020 secs] 2703741K->1438281K(8231360K), 0.0234090 secs] [Times: user=0.35 sys=0.00, real=0.02 secs] 
13637.003: [GC 13637.003: [ParNew: 1327519K->62202K(1415616K), 0.0254180 secs] 2696649K->1431332K(8231360K), 0.0256210 secs] [Times: user=0.38 sys=0.01, real=0.02 secs] 
13646.089: [GC 13646.090: [ParNew: 1320570K->47298K(1415616K), 0.0199490 secs] 2689700K->1416429K(8231360K), 0.0201480 secs] [Times: user=0.29 sys=0.02, real=0.02 secs] 
13651.508: [GC 13651.509: [ParNew: 1305666K->49714K(1415616K), 0.0206200 secs] 2674797K->1418844K(8231360K), 0.0208270 secs] [Times: user=0.30 sys=0.01, real=0.02 secs] 
13652.325: [GC 13652.325: [ParNew: 1308082K->50977K(1415616K), 0.0222680 secs] 2677212K->1420107K(8231360K), 0.0224700 secs] [Times: user=0.34 sys=0.00, real=0.02 secs] 
13653.178: [GC 13653.178: [ParNew: 1309345K->56325K(1415616K), 0.0210960 secs] 2678475K->1425455K(8231360K), 0.0212950 secs] [Times: user=0.31 sys=0.01, real=0.02 secs] 
13659.210: [GC 13659.210: [ParNew: 1314693K->63636K(1415616K), 0.0229860 secs] 2683823K->1432766K(8231360K), 0.0231920 secs] [Times: user=0.35 sys=0.00, real=0.02 secs] 
13664.087: [GC 13664.088: [ParNew: 1322004K->47229K(1415616K), 0.0223270 secs] 2691134K->1416360K(8231360K), 0.0225340 secs] [Times: user=0.33 sys=0.00, real=0.02 secs] 
13668.545: [GC 13668.545: [ParNew: 1305597K->64348K(1415616K), 0.0251590 secs] 2674728K->1433478K(8231360K), 0.0253860 secs] [Times: user=0.38 sys=0.00, real=0.03 secs] 
13671.344: [GC 13671.344: [ParNew: 1322716K->69856K(1415616K), 0.0244350 secs] 2691846K->1438986K(8231360K), 0.0246360 secs] [Times: user=0.36 sys=0.01, real=0.03 secs] 
13682.089: [GC 13682.090: [ParNew: 1328224K->43250K(1415616K), 0.0234840 secs] 2697354K->1412380K(8231360K), 0.0236960 secs] [Times: user=0.35 sys=0.01, real=0.02 secs] 
13685.936: [GC 13685.936: [ParNew: 1301618K->51980K(1415616K), 0.0207800 secs] 2670748K->1421111K(8231360K), 0.0209790 secs] [Times: user=0.31 sys=0.00, real=0.02 secs] 
13690.184: [GC 13690.184: [ParNew: 1310348K->67800K(1415616K), 0.0245180 secs] 2679479K->1436930K(8231360K), 0.0247200 secs] [Times: user=0.38 sys=0.01, real=0.02 secs] 
13692.478: [GC 13692.478: [ParNew: 1326168K->65541K(1415616K), 0.0232860 secs] 2695298K->1434672K(8231360K), 0.0234810 secs] [Times: user=0.35 sys=0.01, real=0.02 secs] 
13696.610: [GC 13696.610: [ParNew: 1323909K->68486K(1415616K), 0.0239150 secs] 2693040K->1437616K(8231360K), 0.0241230 secs] [Times: user=0.35 sys=0.00, real=0.03 secs] 
13699.334: [GC 13699.335: [ParNew: 1326854K->69347K(1415616K), 0.0234850 secs] 2695984K->1438478K(8231360K), 0.0236880 secs] [Times: user=0.35 sys=0.01, real=0.02 secs] 
13704.800: [GC 13704.800: [ParNew: 1327715K->61678K(1415616K), 0.0250730 secs] 2696846K->1430808K(8231360K), 0.0252820 secs] [Times: user=0.37 sys=0.02, real=0.03 secs] 
13711.339: [GC 13711.340: [ParNew: 1320046K->47184K(1415616K), 0.0228700 secs] 2689176K->1416315K(8231360K), 0.0230710 secs] [Times: user=0.34 sys=0.01, real=0.02 secs] 
13712.148: [GC 13712.148: [ParNew: 1305552K->52215K(1415616K), 0.0233200 secs] 2674683K->1421345K(8231360K), 0.0235260 secs] [Times: user=0.35 sys=0.00, real=0.02 secs] 
13713.891: [GC 13713.891: [ParNew: 1310583K->48293K(1415616K), 0.0201230 secs] 2679713K->1417423K(8231360K), 0.0203310 secs] [Times: user=0.31 sys=0.00, real=0.02 secs] 
13723.018: [GC 13723.018: [ParNew: 1306661K->51768K(1415616K), 0.0219840 secs] 2675791K->1420898K(8231360K), 0.0222070 secs] [Times: user=0.34 sys=0.00, real=0.02 secs] 
13736.058: [GC 13736.059: [ParNew: 1310136K->49184K(1415616K), 0.0223730 secs] 2679266K->1418315K(8231360K), 0.0225830 secs] [Times: user=0.33 sys=0.01, real=0.03 secs] 
13736.893: [GC 13736.893: [ParNew: 1307552K->68076K(1415616K), 0.0238750 secs] 2676683K->1437206K(8231360K), 0.0240800 secs] [Times: user=0.35 sys=0.00, real=0.02 secs] 
13737.726: [GC 13737.726: [ParNew: 1326444K->72755K(1415616K), 0.0242070 secs] 2695574K->1441885K(8231360K), 0.0244130 secs] [Times: user=0.37 sys=0.00, real=0.03 secs] 
13742.754: [GC 13742.754: [ParNew: 1331123K->84178K(1415616K), 0.0271260 secs] 2700253K->1453308K(8231360K), 0.0273360 secs] [Times: user=0.41 sys=0.01, real=0.03 secs] 
13750.964: [GC 13750.964: [ParNew: 1342546K->50598K(1415616K), 0.0216590 secs] 2711676K->1419728K(8231360K), 0.0218790 secs] [Times: user=0.32 sys=0.02, real=0.02 secs] 
13754.787: [GC 13754.787: [ParNew: 1308966K->40432K(1415616K), 0.0232330 secs] 2678096K->1409562K(8231360K), 0.0234460 secs] [Times: user=0.35 sys=0.01, real=0.02 secs] 
13761.583: [GC 13761.583: [ParNew: 1298800K->59483K(1415616K), 0.0236240 secs] 2667930K->1428613K(8231360K), 0.0238410 secs] [Times: user=0.35 sys=0.01, real=0.03 secs] 
13765.032: [GC 13765.032: [ParNew: 1317851K->66642K(1415616K), 0.0242740 secs] 2686981K->1435773K(8231360K), 0.0244840 secs] [Times: user=0.36 sys=0.01, real=0.03 secs] 
13767.809: [GC 13767.809: [ParNew: 1325010K->74411K(1415616K), 0.0236030 secs] 2694141K->1443541K(8231360K), 0.0238320 secs] [Times: user=0.36 sys=0.01, real=0.02 secs] 
13771.101: [GC 13771.101: [ParNew: 1332779K->52745K(1415616K), 0.0222470 secs] 2701909K->1421876K(8231360K), 0.0224560 secs] [Times: user=0.33 sys=0.02, real=0.02 secs] 
13771.926: [GC 13771.926: [ParNew: 1311113K->65847K(1415616K), 0.0224120 secs] 2680244K->1434977K(8231360K), 0.0226320 secs] [Times: user=0.35 sys=0.01, real=0.02 secs] 
13772.746: [GC 13772.747: [ParNew: 1324215K->63622K(1415616K), 0.0223620 secs] 2693345K->1432752K(8231360K), 0.0225810 secs] [Times: user=0.34 sys=0.00, real=0.02 secs] 
13783.739: [GC 13783.739: [ParNew: 1321990K->43114K(1415616K), 0.0203240 secs] 2691120K->1412244K(8231360K), 0.0205280 secs] [Times: user=0.31 sys=0.01, real=0.02 secs] 
13789.155: [GC 13789.155: [ParNew: 1301482K->63163K(1415616K), 0.0235130 secs] 2670612K->1432294K(8231360K), 0.0237180 secs] [Times: user=0.35 sys=0.00, real=0.02 secs] 
13791.061: [GC 13791.061: [ParNew: 1321531K->61823K(1415616K), 0.0229020 secs] 2690662K->1430953K(8231360K), 0.0231290 secs] [Times: user=0.34 sys=0.01, real=0.02 secs] 
13792.260: [GC 13792.260: [ParNew: 1320191K->64669K(1415616K), 0.0224130 secs] 2689321K->1433800K(8231360K), 0.0226260 secs] [Times: user=0.34 sys=0.00, real=0.02 secs] 
13795.406: [GC 13795.406: [ParNew: 1323037K->72731K(1415616K), 0.0263500 secs] 2692168K->1441861K(8231360K), 0.0265600 secs] [Times: user=0.41 sys=0.01, real=0.03 secs] 
13802.090: [GC 13802.090: [ParNew: 1331099K->55357K(1415616K), 0.0241450 secs] 2700229K->1424488K(8231360K), 0.0243590 secs] [Times: user=0.36 sys=0.01, real=0.03 secs] 
13806.773: [GC 13806.773: [ParNew: 1313725K->60934K(1415616K), 0.0229300 secs] 2682856K->1430065K(8231360K), 0.0231350 secs] [Times: user=0.35 sys=0.00, real=0.02 secs] 
13815.188: [GC 13815.188: [ParNew: 1319302K->47303K(1415616K), 0.0214030 secs] 2688433K->1416433K(8231360K), 0.0216060 secs] [Times: user=0.32 sys=0.00, real=0.02 secs] 
13822.990: [GC 13822.990: [ParNew: 1305671K->49687K(1415616K), 0.0195860 secs] 2674801K->1418817K(8231360K), 0.0197890 secs] [Times: user=0.29 sys=0.00, real=0.02 secs] 
13829.223: [GC 13829.224: [ParNew: 1308055K->60949K(1415616K), 0.0249710 secs] 2677185K->1430080K(8231360K), 0.0251860 secs] [Times: user=0.37 sys=0.02, real=0.03 secs] 
13831.398: [GC 13831.398: [ParNew: 1319317K->59028K(1415616K), 0.0227390 secs] 2688448K->1428158K(8231360K), 0.0229470 secs] [Times: user=0.34 sys=0.02, real=0.02 secs] 
13834.177: [GC 13834.178: [ParNew: 1317396K->65423K(1415616K), 0.0224390 secs] 2686526K->1434553K(8231360K), 0.0226390 secs] [Times: user=0.34 sys=0.00, real=0.02 secs] 
13838.509: [GC 13838.509: [ParNew: 1323791K->74922K(1415616K), 0.0279360 secs] 2692921K->1444052K(8231360K), 0.0281450 secs] [Times: user=0.42 sys=0.00, real=0.02 secs] 
13844.804: [GC 13844.804: [ParNew: 1333290K->54066K(1415616K), 0.0219900 secs] 2702420K->1423196K(8231360K), 0.0222110 secs] [Times: user=0.33 sys=0.01, real=0.02 secs] 
13850.109: [GC 13850.109: [ParNew: 1312434K->69904K(1415616K), 0.0227470 secs] 2681564K->1439035K(8231360K), 0.0229690 secs] [Times: user=0.35 sys=0.01, real=0.03 secs] 
13855.663: [GC 13855.663: [ParNew: 1328272K->52497K(1415616K), 0.0215330 secs] 2697403K->1421628K(8231360K), 0.0217370 secs] [Times: user=0.32 sys=0.00, real=0.02 secs] 
13859.213: [GC 13859.213: [ParNew: 1310865K->63247K(1415616K), 0.0236830 secs] 2679996K->1432377K(8231360K), 0.0239500 secs] [Times: user=0.35 sys=0.01, real=0.02 secs] 
13862.983: [GC 13862.983: [ParNew: 1321615K->68283K(1415616K), 0.0209330 secs] 2690745K->1437413K(8231360K), 0.0211360 secs] [Times: user=0.32 sys=0.01, real=0.02 secs] 
13870.028: [GC 13870.028: [ParNew: 1326651K->58208K(1415616K), 0.0254740 secs] 2695781K->1427338K(8231360K), 0.0256900 secs] [Times: user=0.38 sys=0.01, real=0.03 secs] 
13874.412: [GC 13874.412: [ParNew: 1316576K->53654K(1415616K), 0.0248060 secs] 2685706K->1422785K(8231360K), 0.0250910 secs] [Times: user=0.36 sys=0.01, real=0.03 secs] 
13885.183: [GC 13885.183: [ParNew: 1312022K->47101K(1415616K), 0.0239970 secs] 2681153K->1416232K(8231360K), 0.0242070 secs] [Times: user=0.35 sys=0.02, real=0.03 secs] 
13891.467: [GC 13891.467: [ParNew: 1305469K->54921K(1415616K), 0.0209660 secs] 2674600K->1424051K(8231360K), 0.0211720 secs] [Times: user=0.31 sys=0.00, real=0.03 secs] 
13893.159: [GC 13893.160: [ParNew: 1313289K->59563K(1415616K), 0.0214210 secs] 2682419K->1428694K(8231360K), 0.0216270 secs] [Times: user=0.31 sys=0.02, real=0.02 secs] 
13898.059: [GC 13898.059: [ParNew: 1317931K->63678K(1415616K), 0.0213290 secs] 2687062K->1432808K(8231360K), 0.0215460 secs] [Times: user=0.33 sys=0.00, real=0.03 secs] 
13901.670: [GC 13901.670: [ParNew: 1322046K->62976K(1415616K), 0.0270660 secs] 2691176K->1432107K(8231360K), 0.0272760 secs] [Times: user=0.40 sys=0.02, real=0.03 secs] 
13904.801: [GC 13904.801: [ParNew: 1321344K->65554K(1415616K), 0.0220400 secs] 2690475K->1434684K(8231360K), 0.0222490 secs] [Times: user=0.33 sys=0.00, real=0.02 secs] 
13909.104: [GC 13909.104: [ParNew: 1323922K->74394K(1415616K), 0.0258110 secs] 2693052K->1443524K(8231360K), 0.0260340 secs] [Times: user=0.38 sys=0.01, real=0.02 secs] 
13911.416: [GC 13911.416: [ParNew: 1332762K->70009K(1415616K), 0.0229270 secs] 2701892K->1439139K(8231360K), 0.0231320 secs] [Times: user=0.34 sys=0.00, real=0.02 secs] 
13914.452: [GC 13914.452: [ParNew: 1328377K->66733K(1415616K), 0.0257980 secs] 2697507K->1435863K(8231360K), 0.0260050 secs] [Times: user=0.39 sys=0.00, real=0.03 secs] 
13922.676: [GC 13922.677: [ParNew: 1325101K->49412K(1415616K), 0.0202210 secs] 2694231K->1418542K(8231360K), 0.0204360 secs] [Times: user=0.29 sys=0.01, real=0.02 secs] 
13925.489: [GC 13925.489: [ParNew: 1307780K->66651K(1415616K), 0.0227740 secs] 2676910K->1435781K(8231360K), 0.0229950 secs] [Times: user=0.34 sys=0.02, real=0.02 secs] 
13930.391: [GC 13930.391: [ParNew: 1325019K->52279K(1415616K), 0.0227220 secs] 2694149K->1421409K(8231360K), 0.0229400 secs] [Times: user=0.34 sys=0.01, real=0.02 secs] 
13936.588: [GC 13936.588: [ParNew: 1310647K->67752K(1415616K), 0.0218830 secs] 2679777K->1436882K(8231360K), 0.0220970 secs] [Times: user=0.33 sys=0.00, real=0.02 secs] 
13944.824: [GC 13944.824: [ParNew: 1326120K->50065K(1415616K), 0.0225410 secs] 2695250K->1419196K(8231360K), 0.0227560 secs] [Times: user=0.34 sys=0.01, real=0.02 secs] 
13951.401: [GC 13951.401: [ParNew: 1308433K->54790K(1415616K), 0.0200000 secs] 2677564K->1423920K(8231360K), 0.0202050 secs] [Times: user=0.30 sys=0.01, real=0.02 secs] 
13952.188: [GC 13952.189: [ParNew: 1313158K->60702K(1415616K), 0.0241830 secs] 2682288K->1429833K(8231360K), 0.0243890 secs] [Times: user=0.35 sys=0.01, real=0.03 secs] 
13953.011: [GC 13953.011: [ParNew: 1319070K->59808K(1415616K), 0.0196930 secs] 2688201K->1428938K(8231360K), 0.0198930 secs] [Times: user=0.29 sys=0.00, real=0.02 secs] 
13959.074: [GC 13959.074: [ParNew: 1318176K->53486K(1415616K), 0.0226120 secs] 2687306K->1422616K(8231360K), 0.0228160 secs] [Times: user=0.34 sys=0.00, real=0.02 secs] 
13965.439: [GC 13965.439: [ParNew: 1311854K->64614K(1415616K), 0.0232080 secs] 2680984K->1433744K(8231360K), 0.0234400 secs] [Times: user=0.36 sys=0.01, real=0.03 secs] 
13967.435: [GC 13967.435: [ParNew: 1322982K->63763K(1415616K), 0.0247130 secs] 2692112K->1432894K(8231360K), 0.0249440 secs] [Times: user=0.37 sys=0.01, real=0.02 secs] 
13969.947: [GC 13969.947: [ParNew: 1322131K->79752K(1415616K), 0.0256830 secs] 2691262K->1448882K(8231360K), 0.0258910 secs] [Times: user=0.39 sys=0.01, real=0.03 secs] 
13971.584: [GC 13971.584: [ParNew: 1338120K->56943K(1415616K), 0.0228890 secs] 2707250K->1426073K(8231360K), 0.0231230 secs] [Times: user=0.35 sys=0.00, real=0.02 secs] 
13974.065: [GC 13974.065: [ParNew: 1315311K->78259K(1415616K), 0.0247930 secs] 2684441K->1447389K(8231360K), 0.0250240 secs] [Times: user=0.39 sys=0.00, real=0.02 secs] 
13977.794: [GC 13977.794: [ParNew: 1336627K->74644K(1415616K), 0.0275430 secs] 2705757K->1443774K(8231360K), 0.0277730 secs] [Times: user=0.44 sys=0.01, real=0.02 secs] 
13986.269: [GC 13986.270: [ParNew: 1333012K->49441K(1415616K), 0.0211710 secs] 2702142K->1418571K(8231360K), 0.0214070 secs] [Times: user=0.31 sys=0.01, real=0.02 secs] 
13991.106: [GC 13991.107: [ParNew: 1307809K->56456K(1415616K), 0.0219590 secs] 2676939K->1425586K(8231360K), 0.0221610 secs] [Times: user=0.33 sys=0.01, real=0.02 secs] 
13996.626: [GC 13996.626: [ParNew: 1314824K->55092K(1415616K), 0.0208030 secs] 2683954K->1424222K(8231360K), 0.0210050 secs] [Times: user=0.30 sys=0.02, real=0.02 secs] 
14002.353: [GC 14002.353: [ParNew: 1313460K->57748K(1415616K), 0.0232310 secs] 2682590K->1426878K(8231360K), 0.0234520 secs] [Times: user=0.34 sys=0.00, real=0.02 secs] 
14010.581: [GC 14010.581: [ParNew: 1316116K->57746K(1415616K), 0.0227390 secs] 2685246K->1426876K(8231360K), 0.0229520 secs] [Times: user=0.33 sys=0.00, real=0.02 secs] 
14011.678: [GC 14011.678: [ParNew: 1316114K->65948K(1415616K), 0.0228370 secs] 2685244K->1435079K(8231360K), 0.0230740 secs] [Times: user=0.35 sys=0.01, real=0.03 secs] 
14012.506: [GC 14012.506: [ParNew: 1324316K->68070K(1415616K), 0.0218980 secs] 2693447K->1437200K(8231360K), 0.0221310 secs] [Times: user=0.32 sys=0.02, real=0.02 secs] 
14017.055: [GC 14017.055: [ParNew: 1326438K->58433K(1415616K), 0.0214110 secs] 2695568K->1427564K(8231360K), 0.0216490 secs] [Times: user=0.33 sys=0.01, real=0.02 secs] 
14026.784: [GC 14026.784: [ParNew: 1316801K->56900K(1415616K), 0.0214400 secs] 2685932K->1426031K(8231360K), 0.0216760 secs] [Times: user=0.32 sys=0.00, real=0.02 secs] 
14029.196: [GC 14029.196: [ParNew: 1315268K->62261K(1415616K), 0.0224730 secs] 2684399K->1431391K(8231360K), 0.0226820 secs] [Times: user=0.34 sys=0.01, real=0.02 secs] 
14031.455: [GC 14031.455: [ParNew: 1320629K->72303K(1415616K), 0.0239230 secs] 2689759K->1441434K(8231360K), 0.0241340 secs] [Times: user=0.35 sys=0.00, real=0.02 secs] 
14032.288: [GC 14032.288: [ParNew: 1330671K->66748K(1415616K), 0.0265100 secs] 2699802K->1435878K(8231360K), 0.0267180 secs] [Times: user=0.40 sys=0.00, real=0.03 secs] 
14034.005: [GC 14034.005: [ParNew: 1325116K->67181K(1415616K), 0.0227460 secs] 2694246K->1436312K(8231360K), 0.0229650 secs] [Times: user=0.34 sys=0.01, real=0.02 secs] 
14040.628: [GC 14040.629: [ParNew: 1325549K->55155K(1415616K), 0.0248540 secs] 2694680K->1424285K(8231360K), 0.0250990 secs] [Times: user=0.37 sys=0.01, real=0.02 secs] 
14050.037: [GC 14050.037: [ParNew: 1313523K->49336K(1415616K), 0.0234540 secs] 2682653K->1418466K(8231360K), 0.0236650 secs] [Times: user=0.34 sys=0.02, real=0.02 secs] 
14059.656: [GC 14059.656: [ParNew: 1307704K->44393K(1415616K), 0.0213570 secs] 2676834K->1413523K(8231360K), 0.0215740 secs] [Times: user=0.32 sys=0.00, real=0.02 secs] 
14070.978: [GC 14070.978: [ParNew: 1302761K->45261K(1415616K), 0.0186860 secs] 2671891K->1414391K(8231360K), 0.0188960 secs] [Times: user=0.28 sys=0.00, real=0.02 secs] 
14071.783: [GC 14071.783: [ParNew: 1303629K->49746K(1415616K), 0.0200890 secs] 2672759K->1418877K(8231360K), 0.0203390 secs] [Times: user=0.29 sys=0.02, real=0.02 secs] 
14072.596: [GC 14072.596: [ParNew: 1308114K->52076K(1415616K), 0.0206840 secs] 2677245K->1421207K(8231360K), 0.0209320 secs] [Times: user=0.31 sys=0.00, real=0.02 secs] 
14082.776: [GC 14082.776: [ParNew: 1310444K->49732K(1415616K), 0.0223400 secs] 2679575K->1418862K(8231360K), 0.0225490 secs] [Times: user=0.34 sys=0.01, real=0.02 secs] 
14089.043: [GC 14089.043: [ParNew: 1308100K->67391K(1415616K), 0.0227230 secs] 2677230K->1436522K(8231360K), 0.0229440 secs] [Times: user=0.34 sys=0.02, real=0.03 secs] 
14091.222: [GC 14091.222: [ParNew: 1325759K->63418K(1415616K), 0.0224300 secs] 2694890K->1432548K(8231360K), 0.0226490 secs] [Times: user=0.34 sys=0.01, real=0.02 secs] 
14092.043: [GC 14092.043: [ParNew: 1321786K->61620K(1415616K), 0.0217560 secs] 2690916K->1430750K(8231360K), 0.0219770 secs] [Times: user=0.34 sys=0.00, real=0.03 secs] 
14094.407: [GC 14094.408: [ParNew: 1319988K->71357K(1415616K), 0.0251570 secs] 2689118K->1440487K(8231360K), 0.0253830 secs] [Times: user=0.38 sys=0.01, real=0.02 secs] 
14101.623: [GC 14101.623: [ParNew: 1329725K->61215K(1415616K), 0.0248750 secs] 2698855K->1430345K(8231360K), 0.0250870 secs] [Times: user=0.37 sys=0.01, real=0.03 secs] 
14105.978: [GC 14105.978: [ParNew: 1319583K->57833K(1415616K), 0.0246470 secs] 2688713K->1426964K(8231360K), 0.0248710 secs] [Times: user=0.37 sys=0.02, real=0.03 secs] 
14111.065: [GC 14111.066: [ParNew: 1316201K->59632K(1415616K), 0.0221830 secs] 2685332K->1428763K(8231360K), 0.0224260 secs] [Times: user=0.33 sys=0.02, real=0.02 secs] 
14118.854: [GC 14118.854: [ParNew: 1318000K->52179K(1415616K), 0.0248520 secs] 2687131K->1421309K(8231360K), 0.0250720 secs] [Times: user=0.37 sys=0.02, real=0.02 secs] 
14122.040: [GC 14122.040: [ParNew: 1310547K->56789K(1415616K), 0.0236900 secs] 2679677K->1425919K(8231360K), 0.0238970 secs] [Times: user=0.35 sys=0.01, real=0.03 secs] 
14125.001: [GC 14125.001: [ParNew: 1315157K->64022K(1415616K), 0.0227860 secs] 2684287K->1433152K(8231360K), 0.0230110 secs] [Times: user=0.34 sys=0.01, real=0.03 secs] 
14130.379: [GC 14130.379: [ParNew: 1322390K->60764K(1415616K), 0.0279620 secs] 2691520K->1429894K(8231360K), 0.0281840 secs] [Times: user=0.42 sys=0.02, real=0.03 secs] 
14131.662: [GC 14131.662: [ParNew: 1319132K->68373K(1415616K), 0.0231970 secs] 2688262K->1437503K(8231360K), 0.0234060 secs] [Times: user=0.35 sys=0.00, real=0.03 secs] 
14132.463: [GC 14132.463: [ParNew: 1326741K->70433K(1415616K), 0.0245960 secs] 2695871K->1439563K(8231360K), 0.0247900 secs] [Times: user=0.37 sys=0.00, real=0.02 secs] 
14133.291: [GC 14133.291: [ParNew: 1328801K->66133K(1415616K), 0.0273710 secs] 2697931K->1435264K(8231360K), 0.0275780 secs] [Times: user=0.41 sys=0.00, real=0.03 secs] 
14140.395: [GC 14140.395: [ParNew: 1324501K->53418K(1415616K), 0.0265430 secs] 2693632K->1422548K(8231360K), 0.0267540 secs] [Times: user=0.39 sys=0.02, real=0.02 secs] 
14148.795: [GC 14148.795: [ParNew: 1311786K->53711K(1415616K), 0.0242760 secs] 2680916K->1422841K(8231360K), 0.0244950 secs] [Times: user=0.35 sys=0.00, real=0.02 secs] 
14151.241: [GC 14151.241: [ParNew: 1312079K->62895K(1415616K), 0.0227210 secs] 2681209K->1432026K(8231360K), 0.0229400 secs] [Times: user=0.33 sys=0.02, real=0.02 secs] 
14152.492: [GC 14152.492: [ParNew: 1321263K->71805K(1415616K), 0.0249950 secs] 2690394K->1440935K(8231360K), 0.0252090 secs] [Times: user=0.38 sys=0.00, real=0.03 secs] 
14158.236: [GC 14158.236: [ParNew: 1330173K->61645K(1415616K), 0.0240170 secs] 2699303K->1430775K(8231360K), 0.0242350 secs] [Times: user=0.36 sys=0.01, real=0.03 secs] 
14162.197: [GC 14162.197: [ParNew: 1320013K->61310K(1415616K), 0.0240730 secs] 2689143K->1430441K(8231360K), 0.0243280 secs] [Times: user=0.37 sys=0.00, real=0.03 secs] 
14169.617: [GC 14169.617: [ParNew: 1319678K->56570K(1415616K), 0.0232460 secs] 2688809K->1425701K(8231360K), 0.0234870 secs] [Times: user=0.35 sys=0.01, real=0.03 secs] 
14173.220: [GC 14173.220: [ParNew: 1314938K->52776K(1415616K), 0.0244500 secs] 2684069K->1421907K(8231360K), 0.0246690 secs] [Times: user=0.35 sys=0.01, real=0.02 secs] 
14180.657: [GC 14180.657: [ParNew: 1311144K->56374K(1415616K), 0.0220930 secs] 2680275K->1425505K(8231360K), 0.0223140 secs] [Times: user=0.32 sys=0.01, real=0.02 secs] 
14188.474: [GC 14188.475: [ParNew: 1314742K->60219K(1415616K), 0.0243100 secs] 2683873K->1429349K(8231360K), 0.0245240 secs] [Times: user=0.36 sys=0.01, real=0.02 secs] 
14191.210: [GC 14191.210: [ParNew: 1318587K->63789K(1415616K), 0.0210670 secs] 2687717K->1432920K(8231360K), 0.0212890 secs] [Times: user=0.31 sys=0.02, real=0.02 secs] 
14192.018: [GC 14192.018: [ParNew: 1322157K->66796K(1415616K), 0.0207070 secs] 2691288K->1435927K(8231360K), 0.0209080 secs] [Times: user=0.31 sys=0.00, real=0.02 secs] 
14192.835: [GC 14192.835: [ParNew: 1325164K->57800K(1415616K), 0.0247500 secs] 2694295K->1426930K(8231360K), 0.0249810 secs] [Times: user=0.37 sys=0.02, real=0.02 secs] 
14194.506: [GC 14194.506: [ParNew: 1316168K->60230K(1415616K), 0.0213520 secs] 2685298K->1429360K(8231360K), 0.0215590 secs] [Times: user=0.32 sys=0.02, real=0.02 secs] 
14198.781: [GC 14198.781: [ParNew: 1318598K->70661K(1415616K), 0.0269540 secs] 2687728K->1439791K(8231360K), 0.0271630 secs] [Times: user=0.41 sys=0.00, real=0.03 secs] 
14207.305: [GC 14207.305: [ParNew: 1329029K->55477K(1415616K), 0.0217140 secs] 2698159K->1424607K(8231360K), 0.0219200 secs] [Times: user=0.34 sys=0.00, real=0.03 secs] 
14210.010: [GC 14210.010: [ParNew: 1313845K->57196K(1415616K), 0.0227300 secs] 2682975K->1426326K(8231360K), 0.0229580 secs] [Times: user=0.33 sys=0.02, real=0.02 secs] 
14212.669: [GC 14212.669: [ParNew: 1315564K->72455K(1415616K), 0.0247040 secs] 2684694K->1441586K(8231360K), 0.0249190 secs] [Times: user=0.37 sys=0.01, real=0.02 secs] 
14220.787: [GC 14220.787: [ParNew: 1330823K->55913K(1415616K), 0.0256990 secs] 2699954K->1425044K(8231360K), 0.0259240 secs] [Times: user=0.39 sys=0.02, real=0.03 secs] 
14226.988: [GC 14226.988: [ParNew: 1314281K->48898K(1415616K), 0.0216310 secs] 2683412K->1418028K(8231360K), 0.0218690 secs] [Times: user=0.32 sys=0.02, real=0.03 secs] 
14231.047: [GC 14231.047: [ParNew: 1307266K->60808K(1415616K), 0.0213860 secs] 2676396K->1429939K(8231360K), 0.0216100 secs] [Times: user=0.32 sys=0.02, real=0.02 secs] 
14238.399: [GC 14238.399: [ParNew: 1319176K->56498K(1415616K), 0.0229240 secs] 2688307K->1425629K(8231360K), 0.0231520 secs] [Times: user=0.35 sys=0.00, real=0.03 secs] 
14245.195: [GC 14245.195: [ParNew: 1314866K->62930K(1415616K), 0.0233690 secs] 2683997K->1432060K(8231360K), 0.0235830 secs] [Times: user=0.36 sys=0.00, real=0.02 secs] 
14250.619: [GC 14250.619: [ParNew: 1321298K->63505K(1415616K), 0.0226610 secs] 2690428K->1432635K(8231360K), 0.0228660 secs] [Times: user=0.34 sys=0.00, real=0.02 secs] 
14251.667: [GC 14251.667: [ParNew: 1321873K->66196K(1415616K), 0.0219610 secs] 2691003K->1435326K(8231360K), 0.0221670 secs] [Times: user=0.32 sys=0.01, real=0.02 secs] 
14252.492: [GC 14252.492: [ParNew: 1324564K->67796K(1415616K), 0.0208870 secs] 2693694K->1436927K(8231360K), 0.0210990 secs] [Times: user=0.31 sys=0.01, real=0.02 secs] 
14254.013: [GC 14254.013: [ParNew: 1326164K->65820K(1415616K), 0.0234150 secs] 2695295K->1434951K(8231360K), 0.0236230 secs] [Times: user=0.35 sys=0.00, real=0.03 secs] 
14258.585: [GC 14258.585: [ParNew: 1324188K->60144K(1415616K), 0.0238240 secs] 2693319K->1429274K(8231360K), 0.0240310 secs] [Times: user=0.36 sys=0.00, real=0.03 secs] 
14262.102: [GC 14262.102: [ParNew: 1318512K->61882K(1415616K), 0.0249730 secs] 2687642K->1431013K(8231360K), 0.0252000 secs] [Times: user=0.37 sys=0.01, real=0.03 secs] 
14266.169: [GC 14266.169: [ParNew: 1320250K->67478K(1415616K), 0.0245900 secs] 2689381K->1436608K(8231360K), 0.0247990 secs] [Times: user=0.36 sys=0.00, real=0.02 secs] 
14269.759: [GC 14269.759: [ParNew: 1325846K->67358K(1415616K), 0.0243340 secs] 2694976K->1436488K(8231360K), 0.0245530 secs] [Times: user=0.37 sys=0.00, real=0.02 secs] 
14271.581: [GC 14271.581: [ParNew: 1325726K->78559K(1415616K), 0.0233530 secs] 2694856K->1447689K(8231360K), 0.0235640 secs] [Times: user=0.35 sys=0.00, real=0.02 secs] 
14281.024: [GC 14281.024: [ParNew: 1336927K->56610K(1415616K), 0.0218970 secs] 2706057K->1425741K(8231360K), 0.0221130 secs] [Times: user=0.33 sys=0.01, real=0.02 secs] 
14287.262: [GC 14287.262: [ParNew: 1314978K->63874K(1415616K), 0.0210100 secs] 2684109K->1433004K(8231360K), 0.0212240 secs] [Times: user=0.31 sys=0.01, real=0.02 secs] 
14293.094: [GC 14293.094: [ParNew: 1322242K->54866K(1415616K), 0.0220060 secs] 2691372K->1423996K(8231360K), 0.0222120 secs] [Times: user=0.33 sys=0.00, real=0.02 secs] 
14297.997: [GC 14297.997: [ParNew: 1313234K->59369K(1415616K), 0.0199430 secs] 2682364K->1428500K(8231360K), 0.0201630 secs] [Times: user=0.30 sys=0.00, real=0.02 secs] 
14304.197: [GC 14304.197: [ParNew: 1317737K->58504K(1415616K), 0.0246000 secs] 2686868K->1427635K(8231360K), 0.0248340 secs] [Times: user=0.39 sys=0.00, real=0.02 secs] 
14310.450: [GC 14310.451: [ParNew: 1316872K->63840K(1415616K), 0.0262200 secs] 2686003K->1432970K(8231360K), 0.0264320 secs] [Times: user=0.40 sys=0.00, real=0.03 secs] 
14311.611: [GC 14311.611: [ParNew: 1322208K->58159K(1415616K), 0.0230150 secs] 2691338K->1427290K(8231360K), 0.0232380 secs] [Times: user=0.34 sys=0.02, real=0.02 secs] 
14312.416: [GC 14312.416: [ParNew: 1316527K->56914K(1415616K), 0.0230740 secs] 2685658K->1426045K(8231360K), 0.0232930 secs] [Times: user=0.35 sys=0.01, real=0.02 secs] 
14313.997: [GC 14313.997: [ParNew: 1315282K->67146K(1415616K), 0.0241670 secs] 2684413K->1436276K(8231360K), 0.0243790 secs] [Times: user=0.37 sys=0.01, real=0.02 secs] 
14325.288: [GC 14325.288: [ParNew: 1325514K->48351K(1415616K), 0.0228160 secs] 2694644K->1417482K(8231360K), 0.0230300 secs] [Times: user=0.35 sys=0.01, real=0.02 secs] 
14327.471: [GC 14327.471: [ParNew: 1306719K->65424K(1415616K), 0.0213220 secs] 2675850K->1434555K(8231360K), 0.0215530 secs] [Times: user=0.32 sys=0.00, real=0.02 secs] 
14329.068: [GC 14329.068: [ParNew: 1323792K->74468K(1415616K), 0.0265970 secs] 2692923K->1443599K(8231360K), 0.0268120 secs] [Times: user=0.40 sys=0.01, real=0.03 secs] 
14330.772: [GC 14330.772: [ParNew: 1332836K->63225K(1415616K), 0.0264250 secs] 2701967K->1432355K(8231360K), 0.0266280 secs] [Times: user=0.40 sys=0.00, real=0.02 secs] 
14335.130: [GC 14335.130: [ParNew: 1321593K->80692K(1415616K), 0.0259780 secs] 2690723K->1449823K(8231360K), 0.0261790 secs] [Times: user=0.40 sys=0.00, real=0.03 secs] 
14342.138: [GC 14342.138: [ParNew: 1339060K->49557K(1415616K), 0.0215980 secs] 2708191K->1418687K(8231360K), 0.0218110 secs] [Times: user=0.32 sys=0.02, real=0.02 secs] 
14350.024: [GC 14350.024: [ParNew: 1307925K->59741K(1415616K), 0.0229290 secs] 2677055K->1428872K(8231360K), 0.0231410 secs] [Times: user=0.34 sys=0.01, real=0.02 secs] 
14359.082: [GC 14359.082: [ParNew: 1318109K->49741K(1415616K), 0.0211020 secs] 2687240K->1418872K(8231360K), 0.0213050 secs] [Times: user=0.31 sys=0.01, real=0.02 secs] 
14362.812: [GC 14362.812: [ParNew: 1308109K->57420K(1415616K), 0.0194720 secs] 2677240K->1426551K(8231360K), 0.0197020 secs] [Times: user=0.29 sys=0.00, real=0.02 secs] 
14368.985: [GC 14368.985: [ParNew: 1315788K->62989K(1415616K), 0.0220080 secs] 2684919K->1432119K(8231360K), 0.0222160 secs] [Times: user=0.33 sys=0.02, real=0.03 secs] 
14371.383: [GC 14371.383: [ParNew: 1321357K->65604K(1415616K), 0.0264790 secs] 2690487K->1434734K(8231360K), 0.0266910 secs] [Times: user=0.39 sys=0.02, real=0.03 secs] 
14372.207: [GC 14372.208: [ParNew: 1323972K->63776K(1415616K), 0.0223070 secs] 2693102K->1432906K(8231360K), 0.0225190 secs] [Times: user=0.34 sys=0.01, real=0.02 secs] 
14373.045: [GC 14373.045: [ParNew: 1322144K->70698K(1415616K), 0.0215800 secs] 2691274K->1439829K(8231360K), 0.0217990 secs] [Times: user=0.34 sys=0.00, real=0.03 secs] 
14378.580: [GC 14378.580: [ParNew: 1329066K->64008K(1415616K), 0.0258900 secs] 2698197K->1433138K(8231360K), 0.0260930 secs] [Times: user=0.38 sys=0.01, real=0.02 secs] 
14386.783: [GC 14386.783: [ParNew: 1322376K->55593K(1415616K), 0.0227650 secs] 2691506K->1424723K(8231360K), 0.0229690 secs] [Times: user=0.35 sys=0.01, real=0.02 secs] 
14389.897: [GC 14389.898: [ParNew: 1313961K->63442K(1415616K), 0.0237140 secs] 2683091K->1432573K(8231360K), 0.0239150 secs] [Times: user=0.36 sys=0.00, real=0.03 secs] 
14392.716: [GC 14392.717: [ParNew: 1321810K->72663K(1415616K), 0.0250760 secs] 2690941K->1441793K(8231360K), 0.0252770 secs] [Times: user=0.38 sys=0.01, real=0.03 secs] 
14394.281: [GC 14394.281: [ParNew: 1331031K->80783K(1415616K), 0.0266990 secs] 2700161K->1449913K(8231360K), 0.0268890 secs] [Times: user=0.41 sys=0.01, real=0.02 secs] 
14397.153: [GC 14397.153: [ParNew: 1339151K->60160K(1415616K), 0.0251450 secs] 2708281K->1429291K(8231360K), 0.0253550 secs] [Times: user=0.38 sys=0.00, real=0.02 secs] 
14402.264: [GC 14402.264: [ParNew: 1318528K->77882K(1415616K), 0.0264080 secs] 2687659K->1447013K(8231360K), 0.0266250 secs] [Times: user=0.41 sys=0.00, real=0.02 secs] 
14409.239: [GC 14409.239: [ParNew: 1336250K->56975K(1415616K), 0.0210100 secs] 2705381K->1426106K(8231360K), 0.0212320 secs] [Times: user=0.31 sys=0.02, real=0.02 secs] 
14412.261: [GC 14412.262: [ParNew: 1315343K->57441K(1415616K), 0.0235170 secs] 2684474K->1426572K(8231360K), 0.0237680 secs] [Times: user=0.36 sys=0.00, real=0.03 secs] 
14423.831: [GC 14423.831: [ParNew: 1315809K->51679K(1415616K), 0.0225420 secs] 2684940K->1420810K(8231360K), 0.0227510 secs] [Times: user=0.34 sys=0.00, real=0.02 secs] 
14428.999: [GC 14428.999: [ParNew: 1310047K->62004K(1415616K), 0.0223640 secs] 2679178K->1431135K(8231360K), 0.0225720 secs] [Times: user=0.33 sys=0.01, real=0.02 secs] 
14431.535: [GC 14431.535: [ParNew: 1320372K->63672K(1415616K), 0.0215940 secs] 2689503K->1432803K(8231360K), 0.0217930 secs] [Times: user=0.33 sys=0.00, real=0.02 secs] 
14437.381: [GC 14437.381: [ParNew: 1322040K->59785K(1415616K), 0.0228070 secs] 2691171K->1428915K(8231360K), 0.0230110 secs] [Times: user=0.33 sys=0.02, real=0.02 secs] 
14443.799: [GC 14443.799: [ParNew: 1318153K->57086K(1415616K), 0.0254600 secs] 2687283K->1426217K(8231360K), 0.0256670 secs] [Times: user=0.39 sys=0.01, real=0.03 secs] 
14447.700: [GC 14447.700: [ParNew: 1315454K->72388K(1415616K), 0.0237330 secs] 2684585K->1441518K(8231360K), 0.0239520 secs] [Times: user=0.35 sys=0.01, real=0.03 secs] 
14451.038: [GC 14451.038: [ParNew: 1330756K->69583K(1415616K), 0.0253000 secs] 2699886K->1438714K(8231360K), 0.0255050 secs] [Times: user=0.39 sys=0.01, real=0.03 secs] 
14456.434: [GC 14456.434: [ParNew: 1327951K->74437K(1415616K), 0.0240420 secs] 2697082K->1443567K(8231360K), 0.0242510 secs] [Times: user=0.36 sys=0.02, real=0.02 secs] 
14461.286: [GC 14461.286: [ParNew: 1332805K->67132K(1415616K), 0.0236850 secs] 2701935K->1436262K(8231360K), 0.0238930 secs] [Times: user=0.36 sys=0.00, real=0.02 secs] 
14463.440: [GC 14463.440: [ParNew: 1325500K->65488K(1415616K), 0.0231600 secs] 2694630K->1434619K(8231360K), 0.0233730 secs] [Times: user=0.34 sys=0.01, real=0.02 secs] 
14465.986: [GC 14465.986: [ParNew: 1323856K->72991K(1415616K), 0.0283790 secs] 2692987K->1442121K(8231360K), 0.0285810 secs] [Times: user=0.43 sys=0.01, real=0.03 secs] 
14471.088: [GC 14471.088: [ParNew: 1331359K->62643K(1415616K), 0.0228470 secs] 2700489K->1431773K(8231360K), 0.0230570 secs] [Times: user=0.35 sys=0.00, real=0.02 secs] 
14478.622: [GC 14478.622: [ParNew: 1321011K->47725K(1415616K), 0.0218700 secs] 2690141K->1416855K(8231360K), 0.0220720 secs] [Times: user=0.33 sys=0.00, real=0.02 secs] 
14489.868: [GC 14489.868: [ParNew: 1306093K->57617K(1415616K), 0.0221930 secs] 2675223K->1426747K(8231360K), 0.0223890 secs] [Times: user=0.34 sys=0.01, real=0.03 secs] 
14491.641: [GC 14491.641: [ParNew: 1315985K->57980K(1415616K), 0.0220800 secs] 2685115K->1427110K(8231360K), 0.0222800 secs] [Times: user=0.32 sys=0.01, real=0.02 secs] 
14492.453: [GC 14492.453: [ParNew: 1316348K->63398K(1415616K), 0.0222870 secs] 2685478K->1432528K(8231360K), 0.0224940 secs] [Times: user=0.35 sys=0.01, real=0.02 secs] 
14493.380: [GC 14493.380: [ParNew: 1321766K->48566K(1415616K), 0.0211920 secs] 2690896K->1417696K(8231360K), 0.0213990 secs] [Times: user=0.32 sys=0.01, real=0.02 secs] 
14500.199: [GC 14500.200: [ParNew: 1306934K->60867K(1415616K), 0.0207120 secs] 2676064K->1429998K(8231360K), 0.0209240 secs] [Times: user=0.30 sys=0.01, real=0.03 secs] 
14506.114: [GC 14506.114: [ParNew: 1319235K->58614K(1415616K), 0.0221290 secs] 2688366K->1427744K(8231360K), 0.0223360 secs] [Times: user=0.34 sys=0.00, real=0.02 secs] 
14509.905: [GC 14509.905: [ParNew: 1316982K->70588K(1415616K), 0.0250280 secs] 2686112K->1439718K(8231360K), 0.0252380 secs] [Times: user=0.37 sys=0.01, real=0.02 secs] 
14512.103: [GC 14512.103: [ParNew: 1328956K->76424K(1415616K), 0.0239010 secs] 2698086K->1445554K(8231360K), 0.0241110 secs] [Times: user=0.36 sys=0.00, real=0.02 secs] 
14516.917: [GC 14516.917: [ParNew: 1334792K->73607K(1415616K), 0.0251500 secs] 2703922K->1442737K(8231360K), 0.0253690 secs] [Times: user=0.38 sys=0.01, real=0.02 secs] 
14522.627: [GC 14522.627: [ParNew: 1331975K->53709K(1415616K), 0.0240000 secs] 2701105K->1422840K(8231360K), 0.0242070 secs] [Times: user=0.36 sys=0.02, real=0.02 secs] 
14527.424: [GC 14527.424: [ParNew: 1312077K->69317K(1415616K), 0.0247390 secs] 2681208K->1438447K(8231360K), 0.0249770 secs] [Times: user=0.37 sys=0.01, real=0.03 secs] 
14530.598: [GC 14530.598: [ParNew: 1327685K->65667K(1415616K), 0.0259730 secs] 2696815K->1434797K(8231360K), 0.0261700 secs] [Times: user=0.40 sys=0.00, real=0.02 secs] 
14532.177: [GC 14532.177: [ParNew: 1324035K->67353K(1415616K), 0.0230330 secs] 2693165K->1436483K(8231360K), 0.0232150 secs] [Times: user=0.35 sys=0.00, real=0.02 secs] 
14537.781: [GC 14537.781: [ParNew: 1325721K->58220K(1415616K), 0.0223760 secs] 2694851K->1427350K(8231360K), 0.0225950 secs] [Times: user=0.34 sys=0.00, real=0.02 secs] 
14543.485: [GC 14543.485: [ParNew: 1316588K->54727K(1415616K), 0.0216990 secs] 2685718K->1423857K(8231360K), 0.0219010 secs] [Times: user=0.32 sys=0.02, real=0.02 secs] 
14551.207: [GC 14551.207: [ParNew: 1313095K->44598K(1415616K), 0.0217370 secs] 2682225K->1413728K(8231360K), 0.0219450 secs] [Times: user=0.33 sys=0.02, real=0.02 secs] 
14552.006: [GC 14552.006: [ParNew: 1302966K->58846K(1415616K), 0.0218190 secs] 2672096K->1427976K(8231360K), 0.0220250 secs] [Times: user=0.32 sys=0.02, real=0.02 secs] 
14552.815: [GC 14552.816: [ParNew: 1317214K->54656K(1415616K), 0.0202170 secs] 2686344K->1423787K(8231360K), 0.0204210 secs] [Times: user=0.31 sys=0.00, real=0.02 secs] 
14560.557: [GC 14560.557: [ParNew: 1313024K->59539K(1415616K), 0.0218520 secs] 2682155K->1428669K(8231360K), 0.0220970 secs] [Times: user=0.33 sys=0.01, real=0.02 secs] 
14565.406: [GC 14565.407: [ParNew: 1317907K->57027K(1415616K), 0.0226300 secs] 2687037K->1426157K(8231360K), 0.0228500 secs] [Times: user=0.33 sys=0.01, real=0.02 secs] 
14569.197: [GC 14569.197: [ParNew: 1315395K->72922K(1415616K), 0.0259070 secs] 2684525K->1442052K(8231360K), 0.0261190 secs] [Times: user=0.39 sys=0.00, real=0.03 secs] 
14572.382: [GC 14572.383: [ParNew: 1331290K->55659K(1415616K), 0.0227230 secs] 2700420K->1424790K(8231360K), 0.0229490 secs] [Times: user=0.35 sys=0.00, real=0.03 secs] 
14576.981: [GC 14576.981: [ParNew: 1314027K->72555K(1415616K), 0.0263750 secs] 2683158K->1441685K(8231360K), 0.0265840 secs] [Times: user=0.40 sys=0.00, real=0.03 secs] 
14582.005: [GC 14582.005: [ParNew: 1330923K->67984K(1415616K), 0.0253390 secs] 2700053K->1437114K(8231360K), 0.0255450 secs] [Times: user=0.40 sys=0.00, real=0.03 secs] 
14586.747: [GC 14586.747: [ParNew: 1326352K->58308K(1415616K), 0.0234640 secs] 2695482K->1427438K(8231360K), 0.0236730 secs] [Times: user=0.36 sys=0.01, real=0.02 secs] 
14591.049: [GC 14591.049: [ParNew: 1316676K->61877K(1415616K), 0.0241790 secs] 2685806K->1431007K(8231360K), 0.0243860 secs] [Times: user=0.37 sys=0.00, real=0.02 secs] 
14596.024: [GC 14596.024: [ParNew: 1320245K->54703K(1415616K), 0.0710360 secs] 2689375K->1423834K(8231360K), 0.0714060 secs] [Times: user=0.35 sys=0.12, real=0.07 secs] 
14598.437: [GC 14598.438: [ParNew: 1313071K->64368K(1415616K), 0.0213100 secs] 2682202K->1433498K(8231360K), 0.0215180 secs] [Times: user=0.32 sys=0.00, real=0.03 secs] 
14602.960: [GC 14602.960: [ParNew: 1322736K->69140K(1415616K), 0.0251660 secs] 2691866K->1438270K(8231360K), 0.0253750 secs] [Times: user=0.37 sys=0.02, real=0.02 secs] 
14611.144: [GC 14611.144: [ParNew: 1327508K->55194K(1415616K), 0.0218450 secs] 2696638K->1424325K(8231360K), 0.0220570 secs] [Times: user=0.34 sys=0.00, real=0.02 secs] 
14611.944: [GC 14611.944: [ParNew: 1313562K->62182K(1415616K), 0.0206030 secs] 2682693K->1431312K(8231360K), 0.0208090 secs] [Times: user=0.31 sys=0.02, real=0.02 secs] 
14612.751: [GC 14612.752: [ParNew: 1320550K->58610K(1415616K), 0.0212860 secs] 2689680K->1427740K(8231360K), 0.0214990 secs] [Times: user=0.32 sys=0.01, real=0.02 secs] 
14615.878: [GC 14615.878: [ParNew: 1316978K->53229K(1415616K), 0.0208010 secs] 2686108K->1422359K(8231360K), 0.0210040 secs] [Times: user=0.30 sys=0.00, real=0.02 secs] 
14628.367: [GC 14628.367: [ParNew: 1311597K->62422K(1415616K), 0.0207170 secs] 2680727K->1431552K(8231360K), 0.0209220 secs] [Times: user=0.32 sys=0.00, real=0.02 secs] 
14630.145: [GC 14630.145: [ParNew: 1320790K->65309K(1415616K), 0.0222770 secs] 2689920K->1434439K(8231360K), 0.0224840 secs] [Times: user=0.33 sys=0.02, real=0.02 secs] 
14632.544: [GC 14632.544: [ParNew: 1323677K->74136K(1415616K), 0.0210220 secs] 2692807K->1443267K(8231360K), 0.0212240 secs] [Times: user=0.31 sys=0.01, real=0.03 secs] 
14639.066: [GC 14639.066: [ParNew: 1332504K->60130K(1415616K), 0.0235180 secs] 2701635K->1429260K(8231360K), 0.0237250 secs] [Times: user=0.35 sys=0.01, real=0.02 secs] 
14643.181: [GC 14643.182: [ParNew: 1318498K->61287K(1415616K), 0.0210340 secs] 2687628K->1430417K(8231360K), 0.0212400 secs] [Times: user=0.32 sys=0.00, real=0.02 secs] 
14649.574: [GC 14649.574: [ParNew: 1319655K->72838K(1415616K), 0.0252860 secs] 2688785K->1441969K(8231360K), 0.0254950 secs] [Times: user=0.37 sys=0.02, real=0.03 secs] 
14651.795: [GC 14651.795: [ParNew: 1331206K->70896K(1415616K), 0.0211350 secs] 2700337K->1440026K(8231360K), 0.0213430 secs] [Times: user=0.32 sys=0.00, real=0.02 secs] 
14658.393: [GC 14658.393: [ParNew: 1329264K->58759K(1415616K), 0.0222570 secs] 2698394K->1427889K(8231360K), 0.0224690 secs] [Times: user=0.32 sys=0.01, real=0.02 secs] 
14663.645: [GC 14663.645: [ParNew: 1317127K->57925K(1415616K), 0.0234390 secs] 2686257K->1427056K(8231360K), 0.0236510 secs] [Times: user=0.35 sys=0.01, real=0.02 secs] 
14666.384: [GC 14666.384: [ParNew: 1316293K->63771K(1415616K), 0.0236860 secs] 2685424K->1432901K(8231360K), 0.0238870 secs] [Times: user=0.34 sys=0.02, real=0.02 secs] 
14670.931: [GC 14670.931: [ParNew: 1322139K->70147K(1415616K), 0.0247450 secs] 2691269K->1439277K(8231360K), 0.0249910 secs] [Times: user=0.37 sys=0.02, real=0.03 secs] 
14671.734: [GC 14671.734: [ParNew: 1328515K->72113K(1415616K), 0.0239610 secs] 2697645K->1441243K(8231360K), 0.0241730 secs] [Times: user=0.35 sys=0.02, real=0.02 secs] 
14672.557: [GC 14672.558: [ParNew: 1330481K->68142K(1415616K), 0.0247490 secs] 2699611K->1437272K(8231360K), 0.0249520 secs] [Times: user=0.38 sys=0.00, real=0.03 secs] 
14676.986: [GC 14676.986: [ParNew: 1326510K->51776K(1415616K), 0.0229090 secs] 2695640K->1420906K(8231360K), 0.0231200 secs] [Times: user=0.34 sys=0.01, real=0.02 secs] 
14686.202: [GC 14686.202: [ParNew: 1310144K->45876K(1415616K), 0.0214160 secs] 2679274K->1415007K(8231360K), 0.0216260 secs] [Times: user=0.31 sys=0.01, real=0.02 secs] 
14690.559: [GC 14690.559: [ParNew: 1304244K->62110K(1415616K), 0.0230930 secs] 2673375K->1431240K(8231360K), 0.0233030 secs] [Times: user=0.35 sys=0.01, real=0.02 secs] 
14691.631: [GC 14691.632: [ParNew: 1320478K->68810K(1415616K), 0.0212900 secs] 2689608K->1437941K(8231360K), 0.0215000 secs] [Times: user=0.32 sys=0.00, real=0.02 secs] 
14695.578: [GC 14695.578: [ParNew: 1327178K->74351K(1415616K), 0.0243820 secs] 2696309K->1443481K(8231360K), 0.0245870 secs] [Times: user=0.37 sys=0.00, real=0.02 secs] 
14697.787: [GC 14697.787: [ParNew: 1332719K->55491K(1415616K), 0.0218240 secs] 2701849K->1424621K(8231360K), 0.0220310 secs] [Times: user=0.32 sys=0.01, real=0.02 secs] 
14704.769: [GC 14704.769: [ParNew: 1313859K->66415K(1415616K), 0.0210670 secs] 2682989K->1435546K(8231360K), 0.0212790 secs] [Times: user=0.32 sys=0.00, real=0.02 secs] 
14711.151: [GC 14711.151: [ParNew: 1324783K->58680K(1415616K), 0.0203020 secs] 2693914K->1427811K(8231360K), 0.0205150 secs] [Times: user=0.30 sys=0.01, real=0.02 secs] 
14716.977: [GC 14716.978: [ParNew: 1317048K->66157K(1415616K), 0.0248260 secs] 2686179K->1435288K(8231360K), 0.0250410 secs] [Times: user=0.37 sys=0.02, real=0.03 secs] 
14724.153: [GC 14724.153: [ParNew: 1324525K->61782K(1415616K), 0.0227210 secs] 2693656K->1430912K(8231360K), 0.0229360 secs] [Times: user=0.34 sys=0.01, real=0.02 secs] 
14730.941: [GC 14730.941: [ParNew: 1320150K->58140K(1415616K), 0.0234440 secs] 2689280K->1427270K(8231360K), 0.0236540 secs] [Times: user=0.35 sys=0.00, real=0.03 secs] 
14732.633: [GC 14732.633: [ParNew: 1316508K->67878K(1415616K), 0.0246270 secs] 2685638K->1437009K(8231360K), 0.0248400 secs] [Times: user=0.37 sys=0.00, real=0.02 secs] 
14735.109: [GC 14735.110: [ParNew: 1326246K->64604K(1415616K), 0.0242280 secs] 2695377K->1433734K(8231360K), 0.0244410 secs] [Times: user=0.37 sys=0.00, real=0.03 secs] 
14740.773: [GC 14740.773: [ParNew: 1322972K->63952K(1415616K), 0.0244770 secs] 2692102K->1433083K(8231360K), 0.0246810 secs] [Times: user=0.37 sys=0.01, real=0.03 secs] 
14746.994: [GC 14746.994: [ParNew: 1322320K->50511K(1415616K), 0.0223820 secs] 2691451K->1419641K(8231360K), 0.0225920 secs] [Times: user=0.33 sys=0.00, real=0.03 secs] 
14750.988: [GC 14750.988: [ParNew: 1308879K->63497K(1415616K), 0.0211780 secs] 2678009K->1432628K(8231360K), 0.0213920 secs] [Times: user=0.32 sys=0.00, real=0.02 secs] 
14757.129: [GC 14757.129: [ParNew: 1321865K->65880K(1415616K), 0.0221690 secs] 2690996K->1435010K(8231360K), 0.0223830 secs] [Times: user=0.33 sys=0.01, real=0.02 secs] 
14762.353: [GC 14762.353: [ParNew: 1324248K->60696K(1415616K), 0.0208940 secs] 2693378K->1429827K(8231360K), 0.0211100 secs] [Times: user=0.31 sys=0.00, real=0.02 secs] 
14769.969: [GC 14769.969: [ParNew: 1319064K->65407K(1415616K), 0.0225570 secs] 2688195K->1434537K(8231360K), 0.0227610 secs] [Times: user=0.34 sys=0.01, real=0.03 secs] 
14774.440: [GC 14774.440: [ParNew: 1323775K->53934K(1415616K), 0.0192360 secs] 2692905K->1423064K(8231360K), 0.0194450 secs] [Times: user=0.29 sys=0.00, real=0.02 secs] 
14779.590: [GC 14779.590: [ParNew: 1312302K->55799K(1415616K), 0.0219380 secs] 2681432K->1424930K(8231360K), 0.0221490 secs] [Times: user=0.33 sys=0.00, real=0.03 secs] 
14786.206: [GC 14786.206: [ParNew: 1314167K->61636K(1415616K), 0.0227170 secs] 2683298K->1430766K(8231360K), 0.0229460 secs] [Times: user=0.35 sys=0.00, real=0.02 secs] 
14790.579: [GC 14790.580: [ParNew: 1320004K->62180K(1415616K), 0.0209370 secs] 2689134K->1431311K(8231360K), 0.0211440 secs] [Times: user=0.32 sys=0.00, real=0.02 secs] 
14791.665: [GC 14791.665: [ParNew: 1320548K->60221K(1415616K), 0.0211100 secs] 2689679K->1429351K(8231360K), 0.0213200 secs] [Times: user=0.32 sys=0.00, real=0.02 secs] 
14792.468: [GC 14792.468: [ParNew: 1318589K->61924K(1415616K), 0.0239890 secs] 2687719K->1431055K(8231360K), 0.0241970 secs] [Times: user=0.36 sys=0.00, real=0.02 secs] 
14794.578: [GC 14794.578: [ParNew: 1320292K->62241K(1415616K), 0.0223400 secs] 2689423K->1431371K(8231360K), 0.0225510 secs] [Times: user=0.34 sys=0.01, real=0.02 secs] 
14799.806: [GC 14799.806: [ParNew: 1320609K->63008K(1415616K), 0.0211160 secs] 2689739K->1432138K(8231360K), 0.0213300 secs] [Times: user=0.31 sys=0.02, real=0.02 secs] 
14804.523: [GC 14804.523: [ParNew: 1321376K->63608K(1415616K), 0.0218940 secs] 2690506K->1432739K(8231360K), 0.0221070 secs] [Times: user=0.34 sys=0.00, real=0.02 secs] 
14808.533: [GC 14808.533: [ParNew: 1321976K->66311K(1415616K), 0.0214310 secs] 2691107K->1435441K(8231360K), 0.0216350 secs] [Times: user=0.32 sys=0.00, real=0.02 secs] 
14810.969: [GC 14810.969: [ParNew: 1324679K->70005K(1415616K), 0.0258260 secs] 2693809K->1439135K(8231360K), 0.0260360 secs] [Times: user=0.38 sys=0.00, real=0.02 secs] 
14812.345: [GC 14812.345: [ParNew: 1328373K->71157K(1415616K), 0.0217720 secs] 2697503K->1440287K(8231360K), 0.0219830 secs] [Times: user=0.33 sys=0.00, real=0.02 secs] 
14820.936: [GC 14820.936: [ParNew: 1329525K->48246K(1415616K), 0.0202810 secs] 2698655K->1417376K(8231360K), 0.0204860 secs] [Times: user=0.30 sys=0.00, real=0.02 secs] 
14827.114: [GC 14827.114: [ParNew: 1306614K->60881K(1415616K), 0.0215780 secs] 2675744K->1430011K(8231360K), 0.0218000 secs] [Times: user=0.33 sys=0.02, real=0.02 secs] 
14831.145: [GC 14831.146: [ParNew: 1319249K->67130K(1415616K), 0.0223710 secs] 2688379K->1436261K(8231360K), 0.0225770 secs] [Times: user=0.35 sys=0.00, real=0.02 secs] 
14838.786: [GC 14838.786: [ParNew: 1325498K->49102K(1415616K), 0.0205080 secs] 2694629K->1418232K(8231360K), 0.0207130 secs] [Times: user=0.30 sys=0.01, real=0.02 secs] 
14844.196: [GC 14844.196: [ParNew: 1307470K->59998K(1415616K), 0.0230530 secs] 2676600K->1429128K(8231360K), 0.0232620 secs] [Times: user=0.35 sys=0.00, real=0.02 secs] 
14850.888: [GC 14850.888: [ParNew: 1318366K->65404K(1415616K), 0.0231970 secs] 2687496K->1434534K(8231360K), 0.0234090 secs] [Times: user=0.36 sys=0.01, real=0.02 secs] 
14851.689: [GC 14851.689: [ParNew: 1323772K->64058K(1415616K), 0.0225560 secs] 2692902K->1433188K(8231360K), 0.0227660 secs] [Times: user=0.33 sys=0.02, real=0.02 secs] 
14852.497: [GC 14852.497: [ParNew: 1322426K->65418K(1415616K), 0.0224360 secs] 2691556K->1434548K(8231360K), 0.0226590 secs] [Times: user=0.33 sys=0.01, real=0.02 secs] 
14856.288: [GC 14856.288: [ParNew: 1323786K->62896K(1415616K), 0.0220740 secs] 2692916K->1432027K(8231360K), 0.0222870 secs] [Times: user=0.34 sys=0.01, real=0.02 secs] 
14864.606: [GC 14864.607: [ParNew: 1321264K->61251K(1415616K), 0.0242050 secs] 2690395K->1430381K(8231360K), 0.0244270 secs] [Times: user=0.36 sys=0.00, real=0.03 secs] 
14867.508: [GC 14867.508: [ParNew: 1319619K->67562K(1415616K), 0.0219440 secs] 2688749K->1436693K(8231360K), 0.0221540 secs] [Times: user=0.33 sys=0.00, real=0.03 secs] 
14870.123: [GC 14870.123: [ParNew: 1325930K->73320K(1415616K), 0.0217110 secs] 2695061K->1442450K(8231360K), 0.0219100 secs] [Times: user=0.33 sys=0.00, real=0.02 secs] 
14872.799: [GC 14872.799: [ParNew: 1331688K->73413K(1415616K), 0.0249740 secs] 2700818K->1442544K(8231360K), 0.0251840 secs] [Times: user=0.38 sys=0.00, real=0.02 secs] 
14876.410: [GC 14876.410: [ParNew: 1331781K->72857K(1415616K), 0.0257630 secs] 2700912K->1441987K(8231360K), 0.0259720 secs] [Times: user=0.39 sys=0.00, real=0.02 secs] 
14880.604: [GC 14880.604: [ParNew: 1331225K->64144K(1415616K), 0.0252780 secs] 2700355K->1433275K(8231360K), 0.0254790 secs] [Times: user=0.38 sys=0.01, real=0.02 secs] 
14888.202: [GC 14888.202: [ParNew: 1322512K->52280K(1415616K), 0.0222940 secs] 2691643K->1421410K(8231360K), 0.0225230 secs] [Times: user=0.33 sys=0.02, real=0.03 secs] 
14897.793: [GC 14897.794: [ParNew: 1310648K->55254K(1415616K), 0.0201110 secs] 2679778K->1424384K(8231360K), 0.0203170 secs] [Times: user=0.31 sys=0.00, real=0.02 secs] 
14900.980: [GC 14900.980: [ParNew: 1313622K->55651K(1415616K), 0.0196320 secs] 2682752K->1424781K(8231360K), 0.0198290 secs] [Times: user=0.29 sys=0.00, real=0.02 secs] 
14908.014: [GC 14908.014: [ParNew: 1314019K->64411K(1415616K), 0.0219060 secs] 2683149K->1433541K(8231360K), 0.0221190 secs] [Times: user=0.32 sys=0.02, real=0.03 secs] 
14911.339: [GC 14911.339: [ParNew: 1322779K->60749K(1415616K), 0.0215820 secs] 2691909K->1429879K(8231360K), 0.0217930 secs] [Times: user=0.32 sys=0.00, real=0.02 secs] 
14912.147: [GC 14912.147: [ParNew: 1319117K->63403K(1415616K), 0.0205530 secs] 2688247K->1432534K(8231360K), 0.0207620 secs] [Times: user=0.31 sys=0.00, real=0.02 secs] 
14912.971: [GC 14912.971: [ParNew: 1321771K->57221K(1415616K), 0.0216440 secs] 2690902K->1426352K(8231360K), 0.0219000 secs] [Times: user=0.32 sys=0.02, real=0.02 secs] 
14917.977: [GC 14917.977: [ParNew: 1315589K->70580K(1415616K), 0.0253550 secs] 2684720K->1439710K(8231360K), 0.0255730 secs] [Times: user=0.39 sys=0.00, real=0.02 secs] 
14926.447: [GC 14926.447: [ParNew: 1328948K->55710K(1415616K), 0.0215980 secs] 2698078K->1424840K(8231360K), 0.0218100 secs] [Times: user=0.30 sys=0.01, real=0.03 secs] 
14930.162: [GC 14930.162: [ParNew: 1314078K->66775K(1415616K), 0.0224120 secs] 2683208K->1435905K(8231360K), 0.0226290 secs] [Times: user=0.33 sys=0.02, real=0.02 secs] 
14933.099: [GC 14933.099: [ParNew: 1325143K->84273K(1415616K), 0.0240610 secs] 2694273K->1453403K(8231360K), 0.0243150 secs] [Times: user=0.35 sys=0.02, real=0.03 secs] 
14936.550: [GC 14936.550: [ParNew: 1342641K->56497K(1415616K), 0.0232030 secs] 2711771K->1425627K(8231360K), 0.0234150 secs] [Times: user=0.35 sys=0.00, real=0.03 secs] 
14942.794: [GC 14942.794: [ParNew: 1314865K->62572K(1415616K), 0.0226010 secs] 2683995K->1431702K(8231360K), 0.0228130 secs] [Times: user=0.33 sys=0.02, real=0.02 secs] 
14944.234: [GC 14944.234: [ParNew: 1320940K->70262K(1415616K), 0.0227040 secs] 2690070K->1439393K(8231360K), 0.0229100 secs] [Times: user=0.34 sys=0.00, real=0.02 secs] 
14948.811: [GC 14948.811: [ParNew: 1328630K->62282K(1415616K), 0.0225270 secs] 2697761K->1431412K(8231360K), 0.0227310 secs] [Times: user=0.33 sys=0.01, real=0.03 secs] 
14957.385: [GC 14957.385: [ParNew: 1320650K->45764K(1415616K), 0.0203190 secs] 2689780K->1414894K(8231360K), 0.0205310 secs] [Times: user=0.31 sys=0.00, real=0.02 secs] 
14964.971: [GC 14964.972: [ParNew: 1304132K->59133K(1415616K), 0.0206410 secs] 2673262K->1428263K(8231360K), 0.0208650 secs] [Times: user=0.31 sys=0.01, real=0.02 secs] 
14971.075: [GC 14971.075: [ParNew: 1317501K->58662K(1415616K), 0.0198630 secs] 2686631K->1427792K(8231360K), 0.0200800 secs] [Times: user=0.30 sys=0.00, real=0.02 secs] 
14975.611: [GC 14975.611: [ParNew: 1317030K->52383K(1415616K), 0.0213210 secs] 2686160K->1421513K(8231360K), 0.0215480 secs] [Times: user=0.32 sys=0.01, real=0.02 secs] 
14983.134: [GC 14983.134: [ParNew: 1310751K->63300K(1415616K), 0.0243480 secs] 2679881K->1432430K(8231360K), 0.0245600 secs] [Times: user=0.37 sys=0.00, real=0.02 secs] 
14988.350: [GC 14988.350: [ParNew: 1321668K->63526K(1415616K), 0.0252430 secs] 2690798K->1432656K(8231360K), 0.0254470 secs] [Times: user=0.38 sys=0.00, real=0.03 secs] 
14992.376: [GC 14992.376: [ParNew: 1321894K->68172K(1415616K), 0.0223870 secs] 2691024K->1437303K(8231360K), 0.0226000 secs] [Times: user=0.34 sys=0.01, real=0.02 secs] 
14996.269: [GC 14996.269: [ParNew: 1326540K->70382K(1415616K), 0.0234400 secs] 2695671K->1439512K(8231360K), 0.0236520 secs] [Times: user=0.35 sys=0.01, real=0.03 secs] 
14997.110: [GC 14997.110: [ParNew: 1328750K->70713K(1415616K), 0.0220710 secs] 2697880K->1439843K(8231360K), 0.0222790 secs] [Times: user=0.34 sys=0.00, real=0.03 secs] 
15000.997: [GC 15000.997: [ParNew: 1329081K->64685K(1415616K), 0.0229300 secs] 2698211K->1433815K(8231360K), 0.0231310 secs] [Times: user=0.35 sys=0.01, real=0.02 secs] 
15003.801: [GC 15003.801: [ParNew: 1323053K->76601K(1415616K), 0.0244770 secs] 2692183K->1445732K(8231360K), 0.0246750 secs] [Times: user=0.37 sys=0.01, real=0.03 secs] 
15009.182: [GC 15009.182: [ParNew: 1334969K->63690K(1415616K), 0.0272180 secs] 2704100K->1432821K(8231360K), 0.0274180 secs] [Times: user=0.41 sys=0.01, real=0.03 secs] 
15012.589: [GC 15012.589: [ParNew: 1322058K->61781K(1415616K), 0.0217140 secs] 2691189K->1430911K(8231360K), 0.0219040 secs] [Times: user=0.32 sys=0.02, real=0.02 secs] 
15019.878: [GC 15019.878: [ParNew: 1320149K->49088K(1415616K), 0.0216060 secs] 2689279K->1418218K(8231360K), 0.0218040 secs] [Times: user=0.32 sys=0.00, real=0.02 secs] 
15031.140: [GC 15031.140: [ParNew: 1307456K->51760K(1415616K), 0.0198930 secs] 2676586K->1420890K(8231360K), 0.0200910 secs] [Times: user=0.31 sys=0.00, real=0.02 secs] 
15032.977: [GC 15032.977: [ParNew: 1310128K->56600K(1415616K), 0.0211730 secs] 2679258K->1425730K(8231360K), 0.0215150 secs] [Times: user=0.32 sys=0.01, real=0.02 secs] 
15039.585: [GC 15039.585: [ParNew: 1314968K->61913K(1415616K), 0.0223040 secs] 2684098K->1431044K(8231360K), 0.0225000 secs] [Times: user=0.33 sys=0.00, real=0.02 secs] 
15048.504: [GC 15048.504: [ParNew: 1320281K->63322K(1415616K), 0.0218850 secs] 2689412K->1432453K(8231360K), 0.0220950 secs] [Times: user=0.32 sys=0.01, real=0.02 secs] 
15050.362: [GC 15050.362: [ParNew: 1321690K->70517K(1415616K), 0.0226070 secs] 2690821K->1439647K(8231360K), 0.0228090 secs] [Times: user=0.34 sys=0.01, real=0.02 secs] 
15051.584: [GC 15051.585: [ParNew: 1328885K->69824K(1415616K), 0.0219630 secs] 2698015K->1438954K(8231360K), 0.0221620 secs] [Times: user=0.34 sys=0.01, real=0.02 secs] 
15053.897: [GC 15053.898: [ParNew: 1328192K->80912K(1415616K), 0.0238360 secs] 2697322K->1450042K(8231360K), 0.0240530 secs] [Times: user=0.35 sys=0.01, real=0.02 secs] 
15061.340: [GC 15061.340: [ParNew: 1339280K->58571K(1415616K), 0.0229520 secs] 2708410K->1427701K(8231360K), 0.0231510 secs] [Times: user=0.35 sys=0.02, real=0.02 secs] 
15065.301: [GC 15065.301: [ParNew: 1316939K->74218K(1415616K), 0.0261630 secs] 2686069K->1443348K(8231360K), 0.0263610 secs] [Times: user=0.40 sys=0.01, real=0.03 secs] 
15071.096: [GC 15071.097: [ParNew: 1332586K->56298K(1415616K), 0.0252140 secs] 2701716K->1425429K(8231360K), 0.0254110 secs] [Times: user=0.38 sys=0.01, real=0.02 secs] 
15074.838: [GC 15074.838: [ParNew: 1314666K->62232K(1415616K), 0.0265250 secs] 2683797K->1431363K(8231360K), 0.0267200 secs] [Times: user=0.40 sys=0.01, real=0.02 secs] 
15078.266: [GC 15078.266: [ParNew: 1320600K->59524K(1415616K), 0.0244580 secs] 2689731K->1428655K(8231360K), 0.0246560 secs] [Times: user=0.35 sys=0.02, real=0.03 secs] 
15082.479: [GC 15082.480: [ParNew: 1317892K->63058K(1415616K), 0.0227860 secs] 2687023K->1432188K(8231360K), 0.0230040 secs] [Times: user=0.33 sys=0.02, real=0.02 secs] 
15091.054: [GC 15091.054: [ParNew: 1321426K->46201K(1415616K), 0.0222780 secs] 2690556K->1415332K(8231360K), 0.0224990 secs] [Times: user=0.33 sys=0.00, real=0.02 secs] 
15091.856: [GC 15091.857: [ParNew: 1304569K->54647K(1415616K), 0.0246050 secs] 2673700K->1423777K(8231360K), 0.0248130 secs] [Times: user=0.37 sys=0.01, real=0.03 secs] 
15092.664: [GC 15092.664: [ParNew: 1313015K->59131K(1415616K), 0.0191230 secs] 2682145K->1428261K(8231360K), 0.0193230 secs] [Times: user=0.29 sys=0.00, real=0.02 secs] 
15099.212: [GC 15099.212: [ParNew: 1317499K->63900K(1415616K), 0.0204610 secs] 2686629K->1433031K(8231360K), 0.0206600 secs] [Times: user=0.31 sys=0.00, real=0.02 secs] 
15102.988: [GC 15102.988: [ParNew: 1322268K->47528K(1415616K), 0.0225360 secs] 2691399K->1416658K(8231360K), 0.0227190 secs] [Times: user=0.33 sys=0.00, real=0.02 secs] 
15108.785: [GC 15108.785: [ParNew: 1305896K->63085K(1415616K), 0.0269930 secs] 2675026K->1432215K(8231360K), 0.0271960 secs] [Times: user=0.41 sys=0.00, real=0.03 secs] 
15111.142: [GC 15111.142: [ParNew: 1321453K->70154K(1415616K), 0.0215200 secs] 2690583K->1439284K(8231360K), 0.0217210 secs] [Times: user=0.32 sys=0.02, real=0.03 secs] 
15111.974: [GC 15111.974: [ParNew: 1328522K->64490K(1415616K), 0.0243840 secs] 2697652K->1433620K(8231360K), 0.0245910 secs] [Times: user=0.37 sys=0.00, real=0.02 secs] 
15114.437: [GC 15114.438: [ParNew: 1322858K->80556K(1415616K), 0.0243910 secs] 2691988K->1449686K(8231360K), 0.0245870 secs] [Times: user=0.37 sys=0.01, real=0.02 secs] 
15120.403: [GC 15120.403: [ParNew: 1338924K->58369K(1415616K), 0.0251830 secs] 2708054K->1427499K(8231360K), 0.0253900 secs] [Times: user=0.37 sys=0.02, real=0.03 secs] 
15124.181: [GC 15124.181: [ParNew: 1316737K->73832K(1415616K), 0.0231210 secs] 2685867K->1442963K(8231360K), 0.0233270 secs] [Times: user=0.35 sys=0.02, real=0.02 secs] 
15130.143: [GC 15130.143: [ParNew: 1332200K->56292K(1415616K), 0.0228280 secs] 2701331K->1425423K(8231360K), 0.0230410 secs] [Times: user=0.34 sys=0.00, real=0.02 secs] 
15133.794: [GC 15133.794: [ParNew: 1314660K->52304K(1415616K), 0.0223490 secs] 2683791K->1421435K(8231360K), 0.0225630 secs] [Times: user=0.34 sys=0.00, real=0.02 secs] 
15140.175: [GC 15140.175: [ParNew: 1310672K->57375K(1415616K), 0.0251530 secs] 2679803K->1426506K(8231360K), 0.0253720 secs] [Times: user=0.39 sys=0.00, real=0.03 secs] 
15144.528: [GC 15144.528: [ParNew: 1315743K->62269K(1415616K), 0.0210570 secs] 2684874K->1431399K(8231360K), 0.0212730 secs] [Times: user=0.32 sys=0.00, real=0.03 secs] 
15149.784: [GC 15149.785: [ParNew: 1320637K->65840K(1415616K), 0.0231570 secs] 2689767K->1434970K(8231360K), 0.0233750 secs] [Times: user=0.35 sys=0.00, real=0.02 secs] 
15151.662: [GC 15151.662: [ParNew: 1324208K->72042K(1415616K), 0.0241240 secs] 2693338K->1441172K(8231360K), 0.0243410 secs] [Times: user=0.37 sys=0.00, real=0.02 secs] 
15152.474: [GC 15152.474: [ParNew: 1330410K->54486K(1415616K), 0.0213010 secs] 2699540K->1423616K(8231360K), 0.0215040 secs] [Times: user=0.32 sys=0.01, real=0.02 secs] 
15154.389: [GC 15154.389: [ParNew: 1312854K->65732K(1415616K), 0.0227050 secs] 2681984K->1434862K(8231360K), 0.0229110 secs] [Times: user=0.34 sys=0.02, real=0.03 secs] 
15164.410: [GC 15164.410: [ParNew: 1324100K->43805K(1415616K), 0.0184670 secs] 2693230K->1412935K(8231360K), 0.0186890 secs] [Times: user=0.27 sys=0.01, real=0.02 secs] 
15168.326: [GC 15168.326: [ParNew: 1302173K->63264K(1415616K), 0.0223600 secs] 2671303K->1432395K(8231360K), 0.0225940 secs] [Times: user=0.34 sys=0.01, real=0.02 secs] 
15170.808: [GC 15170.808: [ParNew: 1321632K->65405K(1415616K), 0.0231390 secs] 2690763K->1434535K(8231360K), 0.0233580 secs] [Times: user=0.35 sys=0.00, real=0.02 secs] 
15171.671: [GC 15171.671: [ParNew: 1323773K->70084K(1415616K), 0.0236870 secs] 2692903K->1439214K(8231360K), 0.0239100 secs] [Times: user=0.35 sys=0.02, real=0.03 secs] 
15174.067: [GC 15174.067: [ParNew: 1328452K->72797K(1415616K), 0.0235860 secs] 2697582K->1441927K(8231360K), 0.0238060 secs] [Times: user=0.35 sys=0.00, real=0.02 secs] 
15181.239: [GC 15181.240: [ParNew: 1331165K->58345K(1415616K), 0.0238660 secs] 2700295K->1427476K(8231360K), 0.0241120 secs] [Times: user=0.36 sys=0.01, real=0.02 secs] 
15184.624: [GC 15184.624: [ParNew: 1316713K->72566K(1415616K), 0.0224930 secs] 2685844K->1441696K(8231360K), 0.0227290 secs] [Times: user=0.34 sys=0.00, real=0.02 secs] 
15190.969: [GC 15190.969: [ParNew: 1330934K->63097K(1415616K), 0.0241750 secs] 2700064K->1432227K(8231360K), 0.0244080 secs] [Times: user=0.37 sys=0.00, real=0.02 secs] 
15196.993: [GC 15196.993: [ParNew: 1321465K->55316K(1415616K), 0.0235740 secs] 2690595K->1424446K(8231360K), 0.0238100 secs] [Times: user=0.35 sys=0.00, real=0.02 secs] 
15200.824: [GC 15200.824: [ParNew: 1313684K->61820K(1415616K), 0.0242740 secs] 2682814K->1430951K(8231360K), 0.0245100 secs] [Times: user=0.36 sys=0.02, real=0.02 secs] 
15207.329: [GC 15207.329: [ParNew: 1320188K->55021K(1415616K), 0.0249670 secs] 2689319K->1424151K(8231360K), 0.0251900 secs] [Times: user=0.38 sys=0.01, real=0.03 secs] 
15210.924: [GC 15210.924: [ParNew: 1313389K->55866K(1415616K), 0.0227340 secs] 2682519K->1424997K(8231360K), 0.0229380 secs] [Times: user=0.34 sys=0.00, real=0.02 secs] 
15211.719: [GC 15211.719: [ParNew: 1314234K->64738K(1415616K), 0.0218400 secs] 2683365K->1433869K(8231360K), 0.0220710 secs] [Times: user=0.32 sys=0.02, real=0.02 secs] 
15212.550: [GC 15212.550: [ParNew: 1323106K->63881K(1415616K), 0.0220110 secs] 2692237K->1433012K(8231360K), 0.0222240 secs] [Times: user=0.34 sys=0.00, real=0.03 secs] 
15213.595: [GC 15213.595: [ParNew: 1322249K->59241K(1415616K), 0.0229480 secs] 2691380K->1428371K(8231360K), 0.0231550 secs] [Times: user=0.34 sys=0.00, real=0.02 secs] 
15219.410: [GC 15219.410: [ParNew: 1317609K->64231K(1415616K), 0.0231970 secs] 2686739K->1433361K(8231360K), 0.0234070 secs] [Times: user=0.35 sys=0.00, real=0.03 secs] 
15228.032: [GC 15228.032: [ParNew: 1322599K->49981K(1415616K), 0.0201300 secs] 2691729K->1419111K(8231360K), 0.0203480 secs] [Times: user=0.31 sys=0.00, real=0.02 secs] 
15231.196: [GC 15231.196: [ParNew: 1308349K->66313K(1415616K), 0.0236440 secs] 2677479K->1435444K(8231360K), 0.0238550 secs] [Times: user=0.36 sys=0.01, real=0.02 secs] 
15232.095: [GC 15232.095: [ParNew: 1324681K->62336K(1415616K), 0.0247620 secs] 2693812K->1431466K(8231360K), 0.0249930 secs] [Times: user=0.36 sys=0.02, real=0.03 secs] 
15236.545: [GC 15236.545: [ParNew: 1320704K->76213K(1415616K), 0.0239700 secs] 2689834K->1445343K(8231360K), 0.0241850 secs] [Times: user=0.36 sys=0.00, real=0.03 secs] 
15240.175: [GC 15240.175: [ParNew: 1334581K->54293K(1415616K), 0.0234440 secs] 2703711K->1423423K(8231360K), 0.0236660 secs] [Times: user=0.35 sys=0.00, real=0.03 secs] 
15245.794: [GC 15245.794: [ParNew: 1312661K->65372K(1415616K), 0.0222440 secs] 2681791K->1434502K(8231360K), 0.0224560 secs] [Times: user=0.34 sys=0.00, real=0.02 secs] 
15250.952: [GC 15250.952: [ParNew: 1323740K->62511K(1415616K), 0.0259840 secs] 2692870K->1431641K(8231360K), 0.0261890 secs] [Times: user=0.39 sys=0.02, real=0.02 secs] 
15254.387: [GC 15254.387: [ParNew: 1320879K->59128K(1415616K), 0.0238810 secs] 2690009K->1428258K(8231360K), 0.0240790 secs] [Times: user=0.35 sys=0.02, real=0.03 secs] 
15262.787: [GC 15262.787: [ParNew: 1317496K->55400K(1415616K), 0.0253070 secs] 2686626K->1424531K(8231360K), 0.0255130 secs] [Times: user=0.38 sys=0.01, real=0.03 secs] 
15268.589: [GC 15268.589: [ParNew: 1313768K->52997K(1415616K), 0.0235180 secs] 2682899K->1422127K(8231360K), 0.0237340 secs] [Times: user=0.36 sys=0.01, real=0.03 secs] 
15272.107: [GC 15272.107: [ParNew: 1311365K->65333K(1415616K), 0.0258780 secs] 2680495K->1434463K(8231360K), 0.0260970 secs] [Times: user=0.40 sys=0.00, real=0.03 secs] 
15277.783: [GC 15277.783: [ParNew: 1323701K->58865K(1415616K), 0.0263470 secs] 2692831K->1427996K(8231360K), 0.0265590 secs] [Times: user=0.40 sys=0.02, real=0.03 secs] 
15285.971: [GC 15285.971: [ParNew: 1317233K->61355K(1415616K), 0.0217120 secs] 2686364K->1430486K(8231360K), 0.0219160 secs] [Times: user=0.33 sys=0.00, real=0.02 secs] 
15288.775: [GC 15288.775: [ParNew: 1319723K->61283K(1415616K), 0.0249790 secs] 2688854K->1430413K(8231360K), 0.0251950 secs] [Times: user=0.38 sys=0.02, real=0.03 secs] 
15291.731: [GC 15291.732: [ParNew: 1319651K->71417K(1415616K), 0.0230250 secs] 2688781K->1440547K(8231360K), 0.0232430 secs] [Times: user=0.36 sys=0.00, real=0.02 secs] 
15298.030: [GC 15298.030: [ParNew: 1329785K->69142K(1415616K), 0.0262870 secs] 2698915K->1438272K(8231360K), 0.0264890 secs] [Times: user=0.40 sys=0.01, real=0.02 secs] 
15303.591: [GC 15303.591: [ParNew: 1327510K->59886K(1415616K), 0.0221150 secs] 2696640K->1429016K(8231360K), 0.0223200 secs] [Times: user=0.33 sys=0.00, real=0.02 secs] 
15307.611: [GC 15307.612: [ParNew: 1318254K->61830K(1415616K), 0.0231300 secs] 2687384K->1430960K(8231360K), 0.0233490 secs] [Times: user=0.35 sys=0.00, real=0.02 secs] 
15313.782: [GC 15313.782: [ParNew: 1320198K->55156K(1415616K), 0.0242740 secs] 2689328K->1424286K(8231360K), 0.0244710 secs] [Times: user=0.36 sys=0.02, real=0.02 secs] 
15321.993: [GC 15321.993: [ParNew: 1313524K->58442K(1415616K), 0.0252330 secs] 2682654K->1427572K(8231360K), 0.0254380 secs] [Times: user=0.38 sys=0.01, real=0.02 secs] 
15329.395: [GC 15329.395: [ParNew: 1316810K->63178K(1415616K), 0.0251890 secs] 2685940K->1432308K(8231360K), 0.0254020 secs] [Times: user=0.38 sys=0.00, real=0.02 secs] 
15331.624: [GC 15331.624: [ParNew: 1321546K->59824K(1415616K), 0.0216030 secs] 2690676K->1428954K(8231360K), 0.0218170 secs] [Times: user=0.33 sys=0.01, real=0.02 secs] 
15332.445: [GC 15332.445: [ParNew: 1318192K->68160K(1415616K), 0.0245420 secs] 2687322K->1437290K(8231360K), 0.0247510 secs] [Times: user=0.36 sys=0.02, real=0.02 secs] 
15334.786: [GC 15334.786: [ParNew: 1326528K->52325K(1415616K), 0.0226900 secs] 2695658K->1421455K(8231360K), 0.0228950 secs] [Times: user=0.35 sys=0.00, real=0.02 secs] 
15345.066: [GC 15345.066: [ParNew: 1310693K->49982K(1415616K), 0.0231610 secs] 2679823K->1419112K(8231360K), 0.0233750 secs] [Times: user=0.35 sys=0.02, real=0.02 secs] 
15350.259: [GC 15350.259: [ParNew: 1308350K->65889K(1415616K), 0.0246860 secs] 2677480K->1435019K(8231360K), 0.0249070 secs] [Times: user=0.38 sys=0.00, real=0.02 secs] 
15361.219: [GC 15361.219: [ParNew: 1324257K->51812K(1415616K), 0.0223820 secs] 2693387K->1420942K(8231360K), 0.0226560 secs] [Times: user=0.33 sys=0.00, real=0.03 secs] 
15362.085: [GC 15362.085: [ParNew: 1310180K->60957K(1415616K), 0.0218110 secs] 2679310K->1430087K(8231360K), 0.0220500 secs] [Times: user=0.33 sys=0.00, real=0.02 secs] 
15367.420: [GC 15367.420: [ParNew: 1319325K->70350K(1415616K), 0.0221860 secs] 2688455K->1439481K(8231360K), 0.0224030 secs] [Times: user=0.34 sys=0.00, real=0.03 secs] 
15371.999: [GC 15372.000: [ParNew: 1328718K->58433K(1415616K), 0.0210100 secs] 2697849K->1427563K(8231360K), 0.0212260 secs] [Times: user=0.32 sys=0.02, real=0.02 secs] 
15372.836: [GC 15372.836: [ParNew: 1316801K->65045K(1415616K), 0.0266640 secs] 2685931K->1434175K(8231360K), 0.0268740 secs] [Times: user=0.41 sys=0.01, real=0.03 secs] 
15374.620: [GC 15374.620: [ParNew: 1323413K->71686K(1415616K), 0.0239570 secs] 2692543K->1440816K(8231360K), 0.0241730 secs] [Times: user=0.37 sys=0.00, real=0.03 secs] 
15375.588: [GC 15375.588: [ParNew: 1330054K->75918K(1415616K), 0.0260250 secs] 2699184K->1445048K(8231360K), 0.0262340 secs] [Times: user=0.40 sys=0.00, real=0.03 secs] 
15382.200: [GC 15382.201: [ParNew: 1334286K->71496K(1415616K), 0.0291550 secs] 2703416K->1440626K(8231360K), 0.0293760 secs] [Times: user=0.45 sys=0.01, real=0.03 secs] 
15389.425: [GC 15389.426: [ParNew: 1329864K->52676K(1415616K), 0.0259260 secs] 2698994K->1421806K(8231360K), 0.0261520 secs] [Times: user=0.39 sys=0.00, real=0.02 secs] 
15391.553: [GC 15391.553: [ParNew: 1311044K->55499K(1415616K), 0.0268470 secs] 2680174K->1424629K(8231360K), 0.0270780 secs] [Times: user=0.42 sys=0.01, real=0.03 secs] 
15392.369: [GC 15392.369: [ParNew: 1313867K->62347K(1415616K), 0.0236430 secs] 2682997K->1431478K(8231360K), 0.0238660 secs] [Times: user=0.36 sys=0.01, real=0.02 secs] 
15393.205: [GC 15393.205: [ParNew: 1320715K->62370K(1415616K), 0.0216610 secs] 2689846K->1431501K(8231360K), 0.0218740 secs] [Times: user=0.33 sys=0.00, real=0.02 secs] 
15403.455: [GC 15403.455: [ParNew: 1320738K->52085K(1415616K), 0.0219250 secs] 2689869K->1421216K(8231360K), 0.0221430 secs] [Times: user=0.33 sys=0.00, real=0.03 secs] 
15407.872: [GC 15407.872: [ParNew: 1310453K->63631K(1415616K), 0.0247010 secs] 2679584K->1432762K(8231360K), 0.0249230 secs] [Times: user=0.37 sys=0.01, real=0.02 secs] 
15409.705: [GC 15409.706: [ParNew: 1321999K->63312K(1415616K), 0.0280860 secs] 2691130K->1432442K(8231360K), 0.0283380 secs] [Times: user=0.43 sys=0.01, real=0.03 secs] 
15411.516: [GC 15411.516: [ParNew: 1321680K->76894K(1415616K), 0.0229160 secs] 2690810K->1446024K(8231360K), 0.0231270 secs] [Times: user=0.36 sys=0.00, real=0.03 secs] 
15412.595: [GC 15412.595: [ParNew: 1335262K->71442K(1415616K), 0.0258280 secs] 2704392K->1440572K(8231360K), 0.0260500 secs] [Times: user=0.39 sys=0.00, real=0.03 secs] 
15416.731: [GC 15416.731: [ParNew: 1329810K->73442K(1415616K), 0.0235160 secs] 2698940K->1442572K(8231360K), 0.0237360 secs] [Times: user=0.36 sys=0.00, real=0.02 secs] 
15422.623: [GC 15422.623: [ParNew: 1331810K->59660K(1415616K), 0.0229420 secs] 2700940K->1428790K(8231360K), 0.0231550 secs] [Times: user=0.35 sys=0.01, real=0.02 secs] 
15427.443: [GC 15427.443: [ParNew: 1318028K->63213K(1415616K), 0.0215360 secs] 2687158K->1432344K(8231360K), 0.0217600 secs] [Times: user=0.31 sys=0.01, real=0.02 secs] 
15434.019: [GC 15434.019: [ParNew: 1321581K->47652K(1415616K), 0.0231990 secs] 2690712K->1416783K(8231360K), 0.0234130 secs] [Times: user=0.36 sys=0.00, real=0.02 secs] 
15440.288: [GC 15440.288: [ParNew: 1306020K->58756K(1415616K), 0.0223660 secs] 2675151K->1427886K(8231360K), 0.0225730 secs] [Times: user=0.33 sys=0.01, real=0.02 secs] 
15445.866: [GC 15445.866: [ParNew: 1317124K->60370K(1415616K), 0.0247770 secs] 2686254K->1429500K(8231360K), 0.0249840 secs] [Times: user=0.38 sys=0.00, real=0.02 secs] 
15451.400: [GC 15451.400: [ParNew: 1318738K->60984K(1415616K), 0.0245310 secs] 2687868K->1430114K(8231360K), 0.0247420 secs] [Times: user=0.38 sys=0.00, real=0.02 secs] 
15452.212: [GC 15452.213: [ParNew: 1319352K->61263K(1415616K), 0.0221420 secs] 2688482K->1430394K(8231360K), 0.0223490 secs] [Times: user=0.34 sys=0.00, real=0.02 secs] 
15453.033: [GC 15453.033: [ParNew: 1319631K->64049K(1415616K), 0.0212960 secs] 2688762K->1433180K(8231360K), 0.0215030 secs] [Times: user=0.32 sys=0.01, real=0.02 secs] 
15459.678: [GC 15459.678: [ParNew: 1322417K->59377K(1415616K), 0.0226640 secs] 2691548K->1428507K(8231360K), 0.0228870 secs] [Times: user=0.33 sys=0.01, real=0.03 secs] 
15467.413: [GC 15467.413: [ParNew: 1317745K->62742K(1415616K), 0.0270710 secs] 2686875K->1431872K(8231360K), 0.0273010 secs] [Times: user=0.40 sys=0.02, real=0.03 secs] 
15471.000: [GC 15471.000: [ParNew: 1321110K->67652K(1415616K), 0.0253600 secs] 2690240K->1436782K(8231360K), 0.0255840 secs] [Times: user=0.38 sys=0.01, real=0.02 secs] 
15473.447: [GC 15473.447: [ParNew: 1326020K->77966K(1415616K), 0.0251840 secs] 2695150K->1447096K(8231360K), 0.0253900 secs] [Times: user=0.37 sys=0.02, real=0.03 secs] 
15478.230: [GC 15478.230: [ParNew: 1336334K->71919K(1415616K), 0.0249040 secs] 2705464K->1441049K(8231360K), 0.0251100 secs] [Times: user=0.37 sys=0.01, real=0.03 secs] 
15480.058: [GC 15480.058: [ParNew: 1330287K->69438K(1415616K), 0.0253770 secs] 2699417K->1438568K(8231360K), 0.0255830 secs] [Times: user=0.39 sys=0.02, real=0.03 secs] 
15483.060: [GC 15483.060: [ParNew: 1327806K->73174K(1415616K), 0.0267810 secs] 2696936K->1442304K(8231360K), 0.0269790 secs] [Times: user=0.40 sys=0.02, real=0.03 secs] 
15490.859: [GC 15490.859: [ParNew: 1331542K->62104K(1415616K), 0.0238860 secs] 2700672K->1431234K(8231360K), 0.0241000 secs] [Times: user=0.37 sys=0.00, real=0.03 secs] 
15495.489: [GC 15495.489: [ParNew: 1320472K->54472K(1415616K), 0.0236100 secs] 2689602K->1423603K(8231360K), 0.0238230 secs] [Times: user=0.35 sys=0.01, real=0.02 secs] 
15501.291: [GC 15501.291: [ParNew: 1312840K->53334K(1415616K), 0.0250160 secs] 2681971K->1422464K(8231360K), 0.0252270 secs] [Times: user=0.37 sys=0.01, real=0.03 secs] 
15507.200: [GC 15507.200: [ParNew: 1311702K->58220K(1415616K), 0.0230000 secs] 2680832K->1427350K(8231360K), 0.0232200 secs] [Times: user=0.34 sys=0.01, real=0.02 secs] 
15511.130: [GC 15511.130: [ParNew: 1316588K->62693K(1415616K), 0.0216670 secs] 2685718K->1431823K(8231360K), 0.0218790 secs] [Times: user=0.33 sys=0.00, real=0.02 secs] 
15511.944: [GC 15511.944: [ParNew: 1321061K->59924K(1415616K), 0.0228980 secs] 2690191K->1429054K(8231360K), 0.0231070 secs] [Times: user=0.35 sys=0.01, real=0.03 secs] 
15512.771: [GC 15512.771: [ParNew: 1318292K->68547K(1415616K), 0.0230040 secs] 2687422K->1437678K(8231360K), 0.0232170 secs] [Times: user=0.35 sys=0.01, real=0.02 secs] 
15518.989: [GC 15518.989: [ParNew: 1326915K->66842K(1415616K), 0.0234000 secs] 2696046K->1435972K(8231360K), 0.0236190 secs] [Times: user=0.36 sys=0.01, real=0.02 secs] 
15525.631: [GC 15525.631: [ParNew: 1325210K->65591K(1415616K), 0.0277460 secs] 2694340K->1434721K(8231360K), 0.0279540 secs] [Times: user=0.41 sys=0.01, real=0.02 secs] 
15529.074: [GC 15529.074: [ParNew: 1323959K->70643K(1415616K), 0.0261210 secs] 2693089K->1439774K(8231360K), 0.0263330 secs] [Times: user=0.40 sys=0.00, real=0.03 secs] 
15531.415: [GC 15531.415: [ParNew: 1329011K->70516K(1415616K), 0.0233300 secs] 2698142K->1439646K(8231360K), 0.0235460 secs] [Times: user=0.35 sys=0.00, real=0.02 secs] 
15533.905: [GC 15533.905: [ParNew: 1328884K->77684K(1415616K), 0.0257730 secs] 2698014K->1446815K(8231360K), 0.0259800 secs] [Times: user=0.38 sys=0.00, real=0.02 secs] 
15542.088: [GC 15542.088: [ParNew: 1336052K->57660K(1415616K), 0.0229700 secs] 2705183K->1426790K(8231360K), 0.0231900 secs] [Times: user=0.34 sys=0.01, real=0.02 secs] 
15544.876: [GC 15544.876: [ParNew: 1316028K->64256K(1415616K), 0.0229470 secs] 2685158K->1433387K(8231360K), 0.0231560 secs] [Times: user=0.33 sys=0.01, real=0.02 secs] 
15547.518: [GC 15547.518: [ParNew: 1322624K->65721K(1415616K), 0.0248520 secs] 2691755K->1434852K(8231360K), 0.0250600 secs] [Times: user=0.39 sys=0.01, real=0.02 secs] 
15551.035: [GC 15551.035: [ParNew: 1324089K->66918K(1415616K), 0.0274360 secs] 2693220K->1436048K(8231360K), 0.0276510 secs] [Times: user=0.42 sys=0.01, real=0.02 secs] 
15560.399: [GC 15560.399: [ParNew: 1325286K->44928K(1415616K), 0.0205660 secs] 2694416K->1414058K(8231360K), 0.0207810 secs] [Times: user=0.32 sys=0.00, real=0.02 secs] 
15566.595: [GC 15566.595: [ParNew: 1303296K->56865K(1415616K), 0.0229140 secs] 2672426K->1425995K(8231360K), 0.0231220 secs] [Times: user=0.34 sys=0.02, real=0.03 secs] 
15571.188: [GC 15571.188: [ParNew: 1315233K->58457K(1415616K), 0.0210760 secs] 2684363K->1427587K(8231360K), 0.0212950 secs] [Times: user=0.33 sys=0.00, real=0.02 secs] 
15573.403: [GC 15573.403: [ParNew: 1316825K->61086K(1415616K), 0.0250090 secs] 2685955K->1430216K(8231360K), 0.0252120 secs] [Times: user=0.36 sys=0.01, real=0.02 secs] 
15580.186: [GC 15580.186: [ParNew: 1319454K->64069K(1415616K), 0.0223580 secs] 2688584K->1433199K(8231360K), 0.0225630 secs] [Times: user=0.35 sys=0.01, real=0.02 secs] 
15588.382: [GC 15588.382: [ParNew: 1322437K->58146K(1415616K), 0.0239660 secs] 2691567K->1427276K(8231360K), 0.0241970 secs] [Times: user=0.36 sys=0.00, real=0.02 secs] 
15591.007: [GC 15591.007: [ParNew: 1316514K->70521K(1415616K), 0.0229340 secs] 2685644K->1439652K(8231360K), 0.0231440 secs] [Times: user=0.34 sys=0.02, real=0.02 secs] 
15591.829: [GC 15591.829: [ParNew: 1328889K->69513K(1415616K), 0.0241330 secs] 2698020K->1438643K(8231360K), 0.0243450 secs] [Times: user=0.36 sys=0.00, real=0.03 secs] 
15594.790: [GC 15594.790: [ParNew: 1327881K->75063K(1415616K), 0.0254130 secs] 2697011K->1444193K(8231360K), 0.0256190 secs] [Times: user=0.39 sys=0.00, real=0.03 secs] 
15602.306: [GC 15602.306: [ParNew: 1333431K->62429K(1415616K), 0.0268460 secs] 2702561K->1431560K(8231360K), 0.0270900 secs] [Times: user=0.40 sys=0.02, real=0.03 secs] 
15608.078: [GC 15608.078: [ParNew: 1320797K->63738K(1415616K), 0.0228760 secs] 2689928K->1432868K(8231360K), 0.0231240 secs] [Times: user=0.33 sys=0.02, real=0.02 secs] 
15611.331: [GC 15611.331: [ParNew: 1322106K->72738K(1415616K), 0.0260640 secs] 2691236K->1441869K(8231360K), 0.0262830 secs] [Times: user=0.38 sys=0.02, real=0.03 secs] 
15613.451: [GC 15613.451: [ParNew: 1331106K->63605K(1415616K), 0.0243050 secs] 2700237K->1432736K(8231360K), 0.0245090 secs] [Times: user=0.37 sys=0.01, real=0.02 secs] 
15617.210: [GC 15617.210: [ParNew: 1321973K->65973K(1415616K), 0.0262430 secs] 2691104K->1435103K(8231360K), 0.0264550 secs] [Times: user=0.40 sys=0.01, real=0.03 secs] 
15626.388: [GC 15626.389: [ParNew: 1324341K->43666K(1415616K), 0.0214420 secs] 2693471K->1412797K(8231360K), 0.0216550 secs] [Times: user=0.31 sys=0.02, real=0.02 secs] 
15631.272: [GC 15631.272: [ParNew: 1302034K->59913K(1415616K), 0.0214220 secs] 2671165K->1429043K(8231360K), 0.0216290 secs] [Times: user=0.32 sys=0.01, real=0.02 secs] 
15636.111: [GC 15636.111: [ParNew: 1318281K->64917K(1415616K), 0.0212750 secs] 2687411K->1434047K(8231360K), 0.0214840 secs] [Times: user=0.31 sys=0.01, real=0.02 secs] 
15644.247: [GC 15644.247: [ParNew: 1323285K->54043K(1415616K), 0.0247760 secs] 2692415K->1423174K(8231360K), 0.0249910 secs] [Times: user=0.34 sys=0.00, real=0.03 secs] 
15648.679: [GC 15648.679: [ParNew: 1312411K->67613K(1415616K), 0.0231010 secs] 2681542K->1436744K(8231360K), 0.0233040 secs] [Times: user=0.34 sys=0.01, real=0.03 secs] 
15653.009: [GC 15653.009: [ParNew: 1325981K->70500K(1415616K), 0.0238070 secs] 2695112K->1439630K(8231360K), 0.0240100 secs] [Times: user=0.35 sys=0.00, real=0.02 secs] 
15660.021: [GC 15660.021: [ParNew: 1328868K->58726K(1415616K), 0.0265280 secs] 2697998K->1427856K(8231360K), 0.0267410 secs] [Times: user=0.39 sys=0.01, real=0.03 secs] 
15662.384: [GC 15662.384: [ParNew: 1317094K->72852K(1415616K), 0.0261680 secs] 2686224K->1441982K(8231360K), 0.0263780 secs] [Times: user=0.40 sys=0.01, real=0.03 secs] 
15669.975: [GC 15669.975: [ParNew: 1331220K->70761K(1415616K), 0.0232640 secs] 2700350K->1439891K(8231360K), 0.0234670 secs] [Times: user=0.35 sys=0.01, real=0.03 secs] 
15675.587: [GC 15675.587: [ParNew: 1329129K->46941K(1415616K), 0.0220050 secs] 2698259K->1416071K(8231360K), 0.0222180 secs] [Times: user=0.34 sys=0.00, real=0.03 secs] 
15680.496: [GC 15680.496: [ParNew: 1305309K->58487K(1415616K), 0.0251440 secs] 2674439K->1427617K(8231360K), 0.0253600 secs] [Times: user=0.38 sys=0.00, real=0.03 secs] 
15683.061: [GC 15683.061: [ParNew: 1316855K->61271K(1415616K), 0.0232820 secs] 2685985K->1430401K(8231360K), 0.0234990 secs] [Times: user=0.35 sys=0.00, real=0.02 secs] 
15688.593: [GC 15688.593: [ParNew: 1319639K->64710K(1415616K), 0.0239500 secs] 2688769K->1433840K(8231360K), 0.0241690 secs] [Times: user=0.36 sys=0.01, real=0.02 secs] 
15691.375: [GC 15691.375: [ParNew: 1323078K->68105K(1415616K), 0.0241390 secs] 2692208K->1437236K(8231360K), 0.0244040 secs] [Times: user=0.37 sys=0.00, real=0.02 secs] 
15699.832: [GC 15699.832: [ParNew: 1326473K->52287K(1415616K), 0.0223230 secs] 2695604K->1421418K(8231360K), 0.0225540 secs] [Times: user=0.33 sys=0.02, real=0.02 secs] 
15706.788: [GC 15706.788: [ParNew: 1310655K->58708K(1415616K), 0.0251450 secs] 2679786K->1427839K(8231360K), 0.0253740 secs] [Times: user=0.38 sys=0.00, real=0.03 secs] 
15709.873: [GC 15709.873: [ParNew: 1317076K->67503K(1415616K), 0.0238710 secs] 2686207K->1436633K(8231360K), 0.0240900 secs] [Times: user=0.35 sys=0.01, real=0.03 secs] 
15713.096: [GC 15713.096: [ParNew: 1325871K->73682K(1415616K), 0.0248470 secs] 2695001K->1442813K(8231360K), 0.0250740 secs] [Times: user=0.37 sys=0.01, real=0.02 secs] 
15716.163: [GC 15716.163: [ParNew: 1332050K->71018K(1415616K), 0.0229700 secs] 2701181K->1440148K(8231360K), 0.0231950 secs] [Times: user=0.36 sys=0.00, real=0.03 secs] 
15723.398: [GC 15723.398: [ParNew: 1329386K->56461K(1415616K), 0.0255600 secs] 2698516K->1425591K(8231360K), 0.0257930 secs] [Times: user=0.38 sys=0.01, real=0.02 secs] 
15728.205: [GC 15728.206: [ParNew: 1314829K->62208K(1415616K), 0.0255740 secs] 2683959K->1431339K(8231360K), 0.0258360 secs] [Times: user=0.39 sys=0.02, real=0.03 secs] 
15734.003: [GC 15734.003: [ParNew: 1320576K->59265K(1415616K), 0.0263510 secs] 2689707K->1428396K(8231360K), 0.0266080 secs] [Times: user=0.39 sys=0.01, real=0.03 secs] 
15743.403: [GC 15743.403: [ParNew: 1317633K->55462K(1415616K), 0.0236920 secs] 2686764K->1424592K(8231360K), 0.0239220 secs] [Times: user=0.36 sys=0.00, real=0.02 secs] 
15747.602: [GC 15747.602: [ParNew: 1313830K->63278K(1415616K), 0.0219950 secs] 2682960K->1432408K(8231360K), 0.0222490 secs] [Times: user=0.32 sys=0.01, real=0.02 secs] 
15750.968: [GC 15750.968: [ParNew: 1321646K->63204K(1415616K), 0.0232620 secs] 2690776K->1432334K(8231360K), 0.0234860 secs] [Times: user=0.34 sys=0.02, real=0.02 secs] 
15751.773: [GC 15751.773: [ParNew: 1321572K->56608K(1415616K), 0.0217990 secs] 2690702K->1425738K(8231360K), 0.0220130 secs] [Times: user=0.32 sys=0.00, real=0.02 secs] 
15752.573: [GC 15752.573: [ParNew: 1314976K->62364K(1415616K), 0.0249780 secs] 2684106K->1431494K(8231360K), 0.0251990 secs] [Times: user=0.37 sys=0.01, real=0.02 secs] 
15753.414: [GC 15753.414: [ParNew: 1320732K->66435K(1415616K), 0.0229210 secs] 2689862K->1435566K(8231360K), 0.0231480 secs] [Times: user=0.34 sys=0.01, real=0.02 secs] 
15763.984: [GC 15763.984: [ParNew: 1324803K->48310K(1415616K), 0.0236570 secs] 2693934K->1417440K(8231360K), 0.0238800 secs] [Times: user=0.35 sys=0.02, real=0.02 secs] 
15768.137: [GC 15768.137: [ParNew: 1306678K->65337K(1415616K), 0.0229290 secs] 2675808K->1434468K(8231360K), 0.0231600 secs] [Times: user=0.35 sys=0.02, real=0.02 secs] 
15771.070: [GC 15771.070: [ParNew: 1323705K->69762K(1415616K), 0.0241350 secs] 2692836K->1438892K(8231360K), 0.0243570 secs] [Times: user=0.37 sys=0.01, real=0.02 secs] 
15772.417: [GC 15772.418: [ParNew: 1328130K->71833K(1415616K), 0.0211080 secs] 2697260K->1440963K(8231360K), 0.0213870 secs] [Times: user=0.31 sys=0.01, real=0.02 secs] 
15776.572: [GC 15776.572: [ParNew: 1330201K->74116K(1415616K), 0.0262290 secs] 2699331K->1443246K(8231360K), 0.0264480 secs] [Times: user=0.40 sys=0.02, real=0.03 secs] 
15782.321: [GC 15782.321: [ParNew: 1332484K->60163K(1415616K), 0.0274070 secs] 2701614K->1429293K(8231360K), 0.0276330 secs] [Times: user=0.42 sys=0.01, real=0.03 secs] 
15787.685: [GC 15787.685: [ParNew: 1318531K->61399K(1415616K), 0.0234470 secs] 2687661K->1430529K(8231360K), 0.0236720 secs] [Times: user=0.35 sys=0.00, real=0.03 secs] 
15791.299: [GC 15791.299: [ParNew: 1319767K->69522K(1415616K), 0.0236720 secs] 2688897K->1438652K(8231360K), 0.0239020 secs] [Times: user=0.35 sys=0.02, real=0.02 secs] 
15797.390: [GC 15797.390: [ParNew: 1327890K->67100K(1415616K), 0.0281480 secs] 2697020K->1436230K(8231360K), 0.0283910 secs] [Times: user=0.43 sys=0.01, real=0.03 secs] 
15805.577: [GC 15805.577: [ParNew: 1325468K->55262K(1415616K), 0.0267340 secs] 2694598K->1424392K(8231360K), 0.0269480 secs] [Times: user=0.40 sys=0.01, real=0.03 secs] 
15811.237: [GC 15811.237: [ParNew: 1313630K->62889K(1415616K), 0.0212340 secs] 2682760K->1432020K(8231360K), 0.0214650 secs] [Times: user=0.33 sys=0.01, real=0.02 secs] 
15812.046: [GC 15812.046: [ParNew: 1321257K->67318K(1415616K), 0.0241160 secs] 2690388K->1436449K(8231360K), 0.0243480 secs] [Times: user=0.35 sys=0.02, real=0.02 secs] 
15812.871: [GC 15812.871: [ParNew: 1325686K->58556K(1415616K), 0.0229850 secs] 2694817K->1427686K(8231360K), 0.0232050 secs] [Times: user=0.33 sys=0.02, real=0.03 secs] 
15814.296: [GC 15814.296: [ParNew: 1316924K->71798K(1415616K), 0.0223860 secs] 2686054K->1440928K(8231360K), 0.0226160 secs] [Times: user=0.33 sys=0.01, real=0.02 secs] 
15816.387: [GC 15816.388: [ParNew: 1330166K->51825K(1415616K), 0.0265390 secs] 2699296K->1420955K(8231360K), 0.0267640 secs] [Times: user=0.40 sys=0.02, real=0.03 secs] 
15824.862: [GC 15824.862: [ParNew: 1310193K->59738K(1415616K), 0.0213690 secs] 2679323K->1428869K(8231360K), 0.0215940 secs] [Times: user=0.32 sys=0.00, real=0.02 secs] 
15828.924: [GC 15828.924: [ParNew: 1318106K->67903K(1415616K), 0.0229860 secs] 2687237K->1437033K(8231360K), 0.0232220 secs] [Times: user=0.35 sys=0.01, real=0.03 secs] 
15832.715: [GC 15832.715: [ParNew: 1326271K->51488K(1415616K), 0.0220690 secs] 2695401K->1420618K(8231360K), 0.0223160 secs] [Times: user=0.33 sys=0.00, real=0.03 secs] 
15835.994: [GC 15835.994: [ParNew: 1309856K->72571K(1415616K), 0.0248540 secs] 2678986K->1441701K(8231360K), 0.0250720 secs] [Times: user=0.38 sys=0.01, real=0.03 secs] 
15842.150: [GC 15842.150: [ParNew: 1330939K->69172K(1415616K), 0.0266970 secs] 2700069K->1438302K(8231360K), 0.0269270 secs] [Times: user=0.40 sys=0.01, real=0.02 secs] 
15846.775: [GC 15846.776: [ParNew: 1327540K->63527K(1415616K), 0.0243970 secs] 2696670K->1432657K(8231360K), 0.0246230 secs] [Times: user=0.36 sys=0.01, real=0.03 secs] 
15850.983: [GC 15850.983: [ParNew: 1321895K->64423K(1415616K), 0.0244850 secs] 2691025K->1433554K(8231360K), 0.0247110 secs] [Times: user=0.36 sys=0.01, real=0.02 secs] 
15858.324: [GC 15858.325: [ParNew: 1322791K->51870K(1415616K), 0.0227420 secs] 2691922K->1421000K(8231360K), 0.0229660 secs] [Times: user=0.34 sys=0.02, real=0.02 secs] 
15866.588: [GC 15866.588: [ParNew: 1310238K->53192K(1415616K), 0.0227240 secs] 2679368K->1422322K(8231360K), 0.0229420 secs] [Times: user=0.33 sys=0.01, real=0.02 secs] 
15871.263: [GC 15871.263: [ParNew: 1311560K->57246K(1415616K), 0.0226420 secs] 2680690K->1426377K(8231360K), 0.0228670 secs] [Times: user=0.34 sys=0.02, real=0.03 secs] 
15872.070: [GC 15872.070: [ParNew: 1315614K->65045K(1415616K), 0.0238520 secs] 2684745K->1434175K(8231360K), 0.0240780 secs] [Times: user=0.37 sys=0.00, real=0.03 secs] 
15872.883: [GC 15872.883: [ParNew: 1323413K->66023K(1415616K), 0.0202180 secs] 2692543K->1435153K(8231360K), 0.0204460 secs] [Times: user=0.30 sys=0.01, real=0.03 secs] 
15878.205: [GC 15878.205: [ParNew: 1324391K->69272K(1415616K), 0.0245200 secs] 2693521K->1438402K(8231360K), 0.0247460 secs] [Times: user=0.37 sys=0.01, real=0.02 secs] 
15883.422: [GC 15883.422: [ParNew: 1327640K->59648K(1415616K), 0.0237550 secs] 2696770K->1428778K(8231360K), 0.0239820 secs] [Times: user=0.35 sys=0.02, real=0.03 secs] 
15885.472: [GC 15885.472: [ParNew: 1318016K->63954K(1415616K), 0.0238260 secs] 2687146K->1433084K(8231360K), 0.0240370 secs] [Times: user=0.35 sys=0.01, real=0.03 secs] 
15888.988: [GC 15888.988: [ParNew: 1322322K->75397K(1415616K), 0.0249330 secs] 2691452K->1444527K(8231360K), 0.0251570 secs] [Times: user=0.37 sys=0.02, real=0.02 secs] 
15892.190: [GC 15892.190: [ParNew: 1333765K->72181K(1415616K), 0.0246410 secs] 2702895K->1441311K(8231360K), 0.0248750 secs] [Times: user=0.37 sys=0.01, real=0.02 secs] 
15896.904: [GC 15896.904: [ParNew: 1330549K->69163K(1415616K), 0.0234760 secs] 2699679K->1438293K(8231360K), 0.0236950 secs] [Times: user=0.36 sys=0.00, real=0.02 secs] 
15902.730: [GC 15902.730: [ParNew: 1327531K->54076K(1415616K), 0.0240840 secs] 2696661K->1423207K(8231360K), 0.0243670 secs] [Times: user=0.36 sys=0.01, real=0.02 secs] 
15910.949: [GC 15910.949: [ParNew: 1312444K->60860K(1415616K), 0.0251640 secs] 2681575K->1429990K(8231360K), 0.0253980 secs] [Times: user=0.37 sys=0.02, real=0.03 secs] 
15915.919: [GC 15915.919: [ParNew: 1319228K->59219K(1415616K), 0.0216030 secs] 2688358K->1428349K(8231360K), 0.0218290 secs] [Times: user=0.33 sys=0.02, real=0.02 secs] 
15923.286: [GC 15923.286: [ParNew: 1317587K->58084K(1415616K), 0.0251580 secs] 2686717K->1427215K(8231360K), 0.0253680 secs] [Times: user=0.38 sys=0.01, real=0.02 secs] 
15931.096: [GC 15931.097: [ParNew: 1316452K->57258K(1415616K), 0.0241770 secs] 2685583K->1426388K(8231360K), 0.0244020 secs] [Times: user=0.36 sys=0.01, real=0.02 secs] 
15931.906: [GC 15931.906: [ParNew: 1315626K->59086K(1415616K), 0.0224380 secs] 2684756K->1428216K(8231360K), 0.0226640 secs] [Times: user=0.34 sys=0.01, real=0.02 secs] 
15932.713: [GC 15932.714: [ParNew: 1317454K->56449K(1415616K), 0.0237310 secs] 2686584K->1425579K(8231360K), 0.0239470 secs] [Times: user=0.35 sys=0.02, real=0.03 secs] 
15938.251: [GC 15938.251: [ParNew: 1314817K->56475K(1415616K), 0.0233600 secs] 2683947K->1425606K(8231360K), 0.0236040 secs] [Times: user=0.34 sys=0.02, real=0.02 secs] 
15947.084: [GC 15947.084: [ParNew: 1314843K->56420K(1415616K), 0.0217600 secs] 2683974K->1425551K(8231360K), 0.0219870 secs] [Times: user=0.32 sys=0.01, real=0.02 secs] 
15950.942: [GC 15950.942: [ParNew: 1314788K->69640K(1415616K), 0.0255990 secs] 2683919K->1438770K(8231360K), 0.0258460 secs] [Times: user=0.38 sys=0.01, real=0.03 secs] 
15951.771: [GC 15951.771: [ParNew: 1328008K->70133K(1415616K), 0.0224840 secs] 2697138K->1439264K(8231360K), 0.0227140 secs] [Times: user=0.33 sys=0.02, real=0.02 secs] 
15953.815: [GC 15953.815: [ParNew: 1328501K->72372K(1415616K), 0.0238880 secs] 2697632K->1441502K(8231360K), 0.0241340 secs] [Times: user=0.37 sys=0.01, real=0.03 secs] 
15955.752: [GC 15955.752: [ParNew: 1330740K->76156K(1415616K), 0.0238890 secs] 2699870K->1445287K(8231360K), 0.0241120 secs] [Times: user=0.36 sys=0.01, real=0.02 secs] 
15961.394: [GC 15961.394: [ParNew: 1334524K->67103K(1415616K), 0.0281780 secs] 2703655K->1436233K(8231360K), 0.0284170 secs] [Times: user=0.41 sys=0.02, real=0.03 secs] 
15963.208: [GC 15963.208: [ParNew: 1325471K->75270K(1415616K), 0.0253260 secs] 2694601K->1444400K(8231360K), 0.0255480 secs] [Times: user=0.38 sys=0.01, real=0.03 secs] 
15967.980: [GC 15967.980: [ParNew: 1333638K->58246K(1415616K), 0.0243030 secs] 2702768K->1427377K(8231360K), 0.0245360 secs] [Times: user=0.37 sys=0.01, real=0.03 secs] 
15972.974: [GC 15972.974: [ParNew: 1316614K->58136K(1415616K), 0.0235050 secs] 2685745K->1427267K(8231360K), 0.0237280 secs] [Times: user=0.36 sys=0.00, real=0.02 secs] 
15982.356: [GC 15982.356: [ParNew: 1316504K->56049K(1415616K), 0.0234190 secs] 2685635K->1425180K(8231360K), 0.0236580 secs] [Times: user=0.35 sys=0.02, real=0.02 secs] 
15988.104: [GC 15988.104: [ParNew: 1314417K->59150K(1415616K), 0.0230980 secs] 2683548K->1428280K(8231360K), 0.0233330 secs] [Times: user=0.35 sys=0.00, real=0.03 secs] 
15991.534: [GC 15991.534: [ParNew: 1317518K->60935K(1415616K), 0.0221530 secs] 2686648K->1430066K(8231360K), 0.0223940 secs] [Times: user=0.33 sys=0.02, real=0.03 secs] 
15992.356: [GC 15992.357: [ParNew: 1319303K->54197K(1415616K), 0.0213460 secs] 2688434K->1423327K(8231360K), 0.0215660 secs] [Times: user=0.31 sys=0.02, real=0.02 secs] 
15994.195: [GC 15994.195: [ParNew: 1312565K->59226K(1415616K), 0.0253270 secs] 2681695K->1428357K(8231360K), 0.0255550 secs] [Times: user=0.38 sys=0.01, real=0.03 secs] 
16004.890: [GC 16004.890: [ParNew: 1317594K->59135K(1415616K), 0.0214900 secs] 2686725K->1428265K(8231360K), 0.0217640 secs] [Times: user=0.32 sys=0.02, real=0.02 secs] 
16009.262: [GC 16009.262: [ParNew: 1317503K->66005K(1415616K), 0.0221830 secs] 2686633K->1435135K(8231360K), 0.0224090 secs] [Times: user=0.33 sys=0.01, real=0.02 secs] 
16013.065: [GC 16013.065: [ParNew: 1324373K->67634K(1415616K), 0.0247910 secs] 2693503K->1436764K(8231360K), 0.0250350 secs] [Times: user=0.38 sys=0.00, real=0.03 secs] 
16019.786: [GC 16019.786: [ParNew: 1326002K->59803K(1415616K), 0.0234660 secs] 2695132K->1428934K(8231360K), 0.0237270 secs] [Times: user=0.36 sys=0.01, real=0.02 secs] 
16026.417: [GC 16026.417: [ParNew: 1318171K->63957K(1415616K), 0.0249250 secs] 2687302K->1433087K(8231360K), 0.0251470 secs] [Times: user=0.38 sys=0.00, real=0.03 secs] 
16028.980: [GC 16028.980: [ParNew: 1322325K->65978K(1415616K), 0.0232530 secs] 2691455K->1435108K(8231360K), 0.0234600 secs] [Times: user=0.36 sys=0.00, real=0.03 secs] 
16031.553: [GC 16031.553: [ParNew: 1324346K->69905K(1415616K), 0.0241910 secs] 2693476K->1439036K(8231360K), 0.0244040 secs] [Times: user=0.37 sys=0.00, real=0.02 secs] 
16034.084: [GC 16034.085: [ParNew: 1328273K->71238K(1415616K), 0.0238850 secs] 2697404K->1440368K(8231360K), 0.0241000 secs] [Times: user=0.37 sys=0.01, real=0.02 secs] 
16037.194: [GC 16037.194: [ParNew: 1329606K->71691K(1415616K), 0.0246320 secs] 2698736K->1440822K(8231360K), 0.0248580 secs] [Times: user=0.37 sys=0.00, real=0.02 secs] 
16041.622: [GC 16041.622: [ParNew: 1330059K->70280K(1415616K), 0.0234660 secs] 2699190K->1439410K(8231360K), 0.0236870 secs] [Times: user=0.35 sys=0.01, real=0.03 secs] 
16050.951: [GC 16050.951: [ParNew: 1328648K->49778K(1415616K), 0.0235520 secs] 2697778K->1418908K(8231360K), 0.0238030 secs] [Times: user=0.35 sys=0.02, real=0.02 secs] 
16051.750: [GC 16051.750: [ParNew: 1308146K->63144K(1415616K), 0.0227780 secs] 2677276K->1432274K(8231360K), 0.0230100 secs] [Times: user=0.34 sys=0.01, real=0.02 secs] 
16052.562: [GC 16052.562: [ParNew: 1321512K->62586K(1415616K), 0.0246280 secs] 2690642K->1431716K(8231360K), 0.0248450 secs] [Times: user=0.36 sys=0.02, real=0.03 secs] 
16053.402: [GC 16053.402: [ParNew: 1320954K->60578K(1415616K), 0.0222010 secs] 2690084K->1429708K(8231360K), 0.0224370 secs] [Times: user=0.33 sys=0.02, real=0.02 secs] 
16060.867: [GC 16060.867: [ParNew: 1318946K->65647K(1415616K), 0.0244850 secs] 2688076K->1434777K(8231360K), 0.0247140 secs] [Times: user=0.38 sys=0.00, real=0.03 secs] 
16067.237: [GC 16067.237: [ParNew: 1324015K->57096K(1415616K), 0.0282020 secs] 2693145K->1426226K(8231360K), 0.0284290 secs] [Times: user=0.42 sys=0.01, real=0.03 secs] 
16070.350: [GC 16070.350: [ParNew: 1315464K->72319K(1415616K), 0.0248380 secs] 2684594K->1441450K(8231360K), 0.0250640 secs] [Times: user=0.37 sys=0.02, real=0.02 secs] 
16071.691: [GC 16071.691: [ParNew: 1330687K->71847K(1415616K), 0.0258550 secs] 2699818K->1440977K(8231360K), 0.0260780 secs] [Times: user=0.38 sys=0.00, real=0.02 secs] 
16075.429: [GC 16075.429: [ParNew: 1330215K->76879K(1415616K), 0.0258620 secs] 2699345K->1446010K(8231360K), 0.0260910 secs] [Times: user=0.39 sys=0.02, real=0.03 secs] 
16081.951: [GC 16081.951: [ParNew: 1335247K->65910K(1415616K), 0.0261790 secs] 2704378K->1435041K(8231360K), 0.0264090 secs] [Times: user=0.40 sys=0.00, real=0.03 secs] 
16084.124: [GC 16084.124: [ParNew: 1324278K->66961K(1415616K), 0.0243600 secs] 2693409K->1436091K(8231360K), 0.0245810 secs] [Times: user=0.37 sys=0.00, real=0.02 secs] 
16089.979: [GC 16089.980: [ParNew: 1325329K->66080K(1415616K), 0.0273240 secs] 2694459K->1435211K(8231360K), 0.0275760 secs] [Times: user=0.41 sys=0.01, real=0.03 secs] 
16091.890: [GC 16091.891: [ParNew: 1324448K->63512K(1415616K), 0.0234620 secs] 2693579K->1432643K(8231360K), 0.0236870 secs] [Times: user=0.35 sys=0.01, real=0.02 secs] 
16097.038: [GC 16097.038: [ParNew: 1321880K->60438K(1415616K), 0.0246810 secs] 2691011K->1429569K(8231360K), 0.0249030 secs] [Times: user=0.37 sys=0.02, real=0.02 secs] 
16103.645: [GC 16103.645: [ParNew: 1318806K->47407K(1415616K), 0.0199390 secs] 2687937K->1416537K(8231360K), 0.0201610 secs] [Times: user=0.31 sys=0.00, real=0.02 secs] 
16111.120: [GC 16111.121: [ParNew: 1305775K->62347K(1415616K), 0.0210440 secs] 2674905K->1431477K(8231360K), 0.0212690 secs] [Times: user=0.32 sys=0.00, real=0.02 secs] 
16111.920: [GC 16111.921: [ParNew: 1320715K->66419K(1415616K), 0.0227180 secs] 2689845K->1435550K(8231360K), 0.0229430 secs] [Times: user=0.34 sys=0.01, real=0.02 secs] 
16112.730: [GC 16112.730: [ParNew: 1324787K->62910K(1415616K), 0.0220710 secs] 2693918K->1432040K(8231360K), 0.0223100 secs] [Times: user=0.34 sys=0.00, real=0.02 secs] 
16117.969: [GC 16117.969: [ParNew: 1321278K->65839K(1415616K), 0.0238090 secs] 2690408K->1434970K(8231360K), 0.0240280 secs] [Times: user=0.35 sys=0.00, real=0.03 secs] 
16123.389: [GC 16123.389: [ParNew: 1324207K->56145K(1415616K), 0.0226450 secs] 2693338K->1425275K(8231360K), 0.0228660 secs] [Times: user=0.33 sys=0.01, real=0.03 secs] 
16127.834: [GC 16127.834: [ParNew: 1314513K->66978K(1415616K), 0.0231250 secs] 2683643K->1436108K(8231360K), 0.0233560 secs] [Times: user=0.34 sys=0.01, real=0.02 secs] 
16130.403: [GC 16130.403: [ParNew: 1325346K->78494K(1415616K), 0.0266690 secs] 2694476K->1447624K(8231360K), 0.0268920 secs] [Times: user=0.40 sys=0.01, real=0.02 secs] 
16131.639: [GC 16131.639: [ParNew: 1336862K->59452K(1415616K), 0.0257160 secs] 2705992K->1428582K(8231360K), 0.0259380 secs] [Times: user=0.39 sys=0.00, real=0.03 secs] 
16133.443: [GC 16133.443: [ParNew: 1317820K->77968K(1415616K), 0.0244770 secs] 2686950K->1447098K(8231360K), 0.0247050 secs] [Times: user=0.37 sys=0.02, real=0.02 secs] 
16140.601: [GC 16140.601: [ParNew: 1336336K->60118K(1415616K), 0.0257600 secs] 2705466K->1429248K(8231360K), 0.0260060 secs] [Times: user=0.38 sys=0.02, real=0.03 secs] 
16147.390: [GC 16147.390: [ParNew: 1318486K->56097K(1415616K), 0.0247450 secs] 2687616K->1425227K(8231360K), 0.0249760 secs] [Times: user=0.38 sys=0.00, real=0.03 secs] 
16150.955: [GC 16150.956: [ParNew: 1314465K->66135K(1415616K), 0.0230100 secs] 2683595K->1435266K(8231360K), 0.0232330 secs] [Times: user=0.34 sys=0.00, real=0.02 secs] 
16153.475: [GC 16153.475: [ParNew: 1324503K->50243K(1415616K), 0.0225740 secs] 2693634K->1419373K(8231360K), 0.0227920 secs] [Times: user=0.34 sys=0.01, real=0.03 secs] 
16159.801: [GC 16159.802: [ParNew: 1308611K->63803K(1415616K), 0.0244010 secs] 2677741K->1432933K(8231360K), 0.0246140 secs] [Times: user=0.37 sys=0.00, real=0.02 secs] 
16165.229: [GC 16165.229: [ParNew: 1322171K->61293K(1415616K), 0.0210740 secs] 2691301K->1430423K(8231360K), 0.0212860 secs] [Times: user=0.32 sys=0.00, real=0.02 secs] 
16171.161: [GC 16171.161: [ParNew: 1319661K->64983K(1415616K), 0.0228510 secs] 2688791K->1434113K(8231360K), 0.0230720 secs] [Times: user=0.34 sys=0.01, real=0.02 secs] 
16171.965: [GC 16171.965: [ParNew: 1323351K->65059K(1415616K), 0.0214300 secs] 2692481K->1434189K(8231360K), 0.0216560 secs] [Times: user=0.33 sys=0.01, real=0.02 secs] 
16172.775: [GC 16172.775: [ParNew: 1323427K->63609K(1415616K), 0.0227830 secs] 2692557K->1432739K(8231360K), 0.0229980 secs] [Times: user=0.34 sys=0.02, real=0.02 secs] 
16178.377: [GC 16178.377: [ParNew: 1321977K->66456K(1415616K), 0.0238200 secs] 2691107K->1435587K(8231360K), 0.0240410 secs] [Times: user=0.36 sys=0.00, real=0.03 secs] 
16186.776: [GC 16186.776: [ParNew: 1324824K->50147K(1415616K), 0.0262400 secs] 2693955K->1419277K(8231360K), 0.0264610 secs] [Times: user=0.38 sys=0.02, real=0.03 secs] 
16189.621: [GC 16189.621: [ParNew: 1308515K->72837K(1415616K), 0.0239050 secs] 2677645K->1441967K(8231360K), 0.0241240 secs] [Times: user=0.37 sys=0.00, real=0.03 secs] 
16191.381: [GC 16191.381: [ParNew: 1331205K->74468K(1415616K), 0.0252950 secs] 2700335K->1443598K(8231360K), 0.0255280 secs] [Times: user=0.39 sys=0.00, real=0.03 secs] 
16193.069: [GC 16193.069: [ParNew: 1332836K->70481K(1415616K), 0.0232630 secs] 2701966K->1439611K(8231360K), 0.0234850 secs] [Times: user=0.35 sys=0.00, real=0.02 secs] 
16198.987: [GC 16198.987: [ParNew: 1328849K->63685K(1415616K), 0.0220770 secs] 2697979K->1432816K(8231360K), 0.0222960 secs] [Times: user=0.33 sys=0.00, real=0.02 secs] 
16203.646: [GC 16203.646: [ParNew: 1322053K->63352K(1415616K), 0.0237590 secs] 2691184K->1432482K(8231360K), 0.0239960 secs] [Times: user=0.35 sys=0.01, real=0.02 secs] 
16210.958: [GC 16210.958: [ParNew: 1321720K->75448K(1415616K), 0.0268210 secs] 2690850K->1444578K(8231360K), 0.0270520 secs] [Times: user=0.41 sys=0.00, real=0.02 secs] 
16218.045: [GC 16218.045: [ParNew: 1333816K->54705K(1415616K), 0.0230240 secs] 2702946K->1423836K(8231360K), 0.0233330 secs] [Times: user=0.35 sys=0.00, real=0.03 secs] 
16221.604: [GC 16221.604: [ParNew: 1313073K->66050K(1415616K), 0.0223040 secs] 2682204K->1435181K(8231360K), 0.0225330 secs] [Times: user=0.33 sys=0.02, real=0.02 secs] 
16225.312: [GC 16225.312: [ParNew: 1324418K->63357K(1415616K), 0.0219330 secs] 2693549K->1432487K(8231360K), 0.0221610 secs] [Times: user=0.33 sys=0.00, real=0.02 secs] 
16231.202: [GC 16231.202: [ParNew: 1321725K->64167K(1415616K), 0.0248340 secs] 2690855K->1433297K(8231360K), 0.0250700 secs] [Times: user=0.38 sys=0.00, real=0.02 secs] 
16232.004: [GC 16232.004: [ParNew: 1322535K->59464K(1415616K), 0.0220030 secs] 2691665K->1428595K(8231360K), 0.0222360 secs] [Times: user=0.32 sys=0.02, real=0.02 secs] 
16232.804: [GC 16232.804: [ParNew: 1317832K->64514K(1415616K), 0.0207220 secs] 2686963K->1433645K(8231360K), 0.0209290 secs] [Times: user=0.31 sys=0.00, real=0.02 secs] 
16234.708: [GC 16234.709: [ParNew: 1322882K->59899K(1415616K), 0.0247970 secs] 2692013K->1429029K(8231360K), 0.0250110 secs] [Times: user=0.37 sys=0.00, real=0.03 secs] 
16243.808: [GC 16243.808: [ParNew: 1318267K->54094K(1415616K), 0.0222150 secs] 2687397K->1423224K(8231360K), 0.0224520 secs] [Times: user=0.33 sys=0.01, real=0.02 secs] 
16248.996: [GC 16248.996: [ParNew: 1312462K->67633K(1415616K), 0.0210650 secs] 2681592K->1436763K(8231360K), 0.0212880 secs] [Times: user=0.32 sys=0.00, real=0.02 secs] 
16251.413: [GC 16251.413: [ParNew: 1326001K->76161K(1415616K), 0.0226980 secs] 2695131K->1445291K(8231360K), 0.0229230 secs] [Times: user=0.34 sys=0.00, real=0.03 secs] 
16254.585: [GC 16254.585: [ParNew: 1334529K->55629K(1415616K), 0.0256020 secs] 2703659K->1424760K(8231360K), 0.0258250 secs] [Times: user=0.38 sys=0.01, real=0.02 secs] 
16262.266: [GC 16262.267: [ParNew: 1313997K->66550K(1415616K), 0.0247180 secs] 2683128K->1435680K(8231360K), 0.0249470 secs] [Times: user=0.38 sys=0.01, real=0.02 secs] 
16268.784: [GC 16268.784: [ParNew: 1324918K->60996K(1415616K), 0.0229280 secs] 2694048K->1430126K(8231360K), 0.0231530 secs] [Times: user=0.36 sys=0.00, real=0.03 secs] 
16273.433: [GC 16273.433: [ParNew: 1319364K->62570K(1415616K), 0.0243020 secs] 2688494K->1431700K(8231360K), 0.0245320 secs] [Times: user=0.36 sys=0.00, real=0.03 secs] 
16283.786: [GC 16283.786: [ParNew: 1320938K->56778K(1415616K), 0.0216800 secs] 2690068K->1425908K(8231360K), 0.0219060 secs] [Times: user=0.32 sys=0.00, real=0.02 secs] 
16289.415: [GC 16289.415: [ParNew: 1315146K->57622K(1415616K), 0.0224660 secs] 2684276K->1426753K(8231360K), 0.0227130 secs] [Times: user=0.34 sys=0.00, real=0.02 secs] 
16291.374: [GC 16291.374: [ParNew: 1315990K->65179K(1415616K), 0.0215720 secs] 2685121K->1434309K(8231360K), 0.0218060 secs] [Times: user=0.33 sys=0.00, real=0.02 secs] 
16295.089: [GC 16295.089: [ParNew: 1323547K->63632K(1415616K), 0.0254130 secs] 2692677K->1432762K(8231360K), 0.0256400 secs] [Times: user=0.37 sys=0.02, real=0.03 secs] 
16300.886: [GC 16300.886: [ParNew: 1322000K->67611K(1415616K), 0.0254530 secs] 2691130K->1436742K(8231360K), 0.0256860 secs] [Times: user=0.38 sys=0.00, real=0.02 secs] 
16305.937: [GC 16305.937: [ParNew: 1325979K->61405K(1415616K), 0.0238900 secs] 2695110K->1430535K(8231360K), 0.0241170 secs] [Times: user=0.35 sys=0.02, real=0.02 secs] 
16309.526: [GC 16309.526: [ParNew: 1319773K->71384K(1415616K), 0.0249770 secs] 2688903K->1440514K(8231360K), 0.0251970 secs] [Times: user=0.38 sys=0.00, real=0.02 secs] 
16312.770: [GC 16312.770: [ParNew: 1329752K->74141K(1415616K), 0.0227620 secs] 2698882K->1443271K(8231360K), 0.0229900 secs] [Times: user=0.35 sys=0.00, real=0.02 secs] 
16317.781: [GC 16317.782: [ParNew: 1332509K->80252K(1415616K), 0.0259530 secs] 2701639K->1449382K(8231360K), 0.0261880 secs] [Times: user=0.39 sys=0.01, real=0.03 secs] 
16322.034: [GC 16322.035: [ParNew: 1338620K->56818K(1415616K), 0.0242420 secs] 2707750K->1425948K(8231360K), 0.0244740 secs] [Times: user=0.36 sys=0.02, real=0.03 secs] 
16327.600: [GC 16327.600: [ParNew: 1315171K->68348K(1415616K), 0.0238020 secs] 2684301K->1437479K(8231360K), 0.0240330 secs] [Times: user=0.36 sys=0.00, real=0.02 secs] 
16331.323: [GC 16331.323: [ParNew: 1326716K->61525K(1415616K), 0.0223040 secs] 2695847K->1430655K(8231360K), 0.0225440 secs] [Times: user=0.33 sys=0.01, real=0.02 secs] 
16339.380: [GC 16339.380: [ParNew: 1319893K->58477K(1415616K), 0.0229830 secs] 2689023K->1427607K(8231360K), 0.0232220 secs] [Times: user=0.35 sys=0.00, real=0.02 secs] 
16350.945: [GC 16350.945: [ParNew: 1316845K->51948K(1415616K), 0.0224440 secs] 2685975K->1421078K(8231360K), 0.0226780 secs] [Times: user=0.34 sys=0.00, real=0.02 secs] 
16351.771: [GC 16351.771: [ParNew: 1310316K->62360K(1415616K), 0.0213730 secs] 2679446K->1431491K(8231360K), 0.0216040 secs] [Times: user=0.33 sys=0.00, real=0.03 secs] 
16352.585: [GC 16352.585: [ParNew: 1320728K->62361K(1415616K), 0.0250800 secs] 2689859K->1431491K(8231360K), 0.0253150 secs] [Times: user=0.39 sys=0.00, real=0.02 secs] 
16354.094: [GC 16354.094: [ParNew: 1320729K->62632K(1415616K), 0.0220050 secs] 2689859K->1431762K(8231360K), 0.0222310 secs] [Times: user=0.32 sys=0.00, real=0.02 secs] 
16359.657: [GC 16359.658: [ParNew: 1321000K->57840K(1415616K), 0.0214830 secs] 2690130K->1426970K(8231360K), 0.0217120 secs] [Times: user=0.32 sys=0.01, real=0.02 secs] 
16365.035: [GC 16365.035: [ParNew: 1316208K->60319K(1415616K), 0.0238950 secs] 2685338K->1429449K(8231360K), 0.0241450 secs] [Times: user=0.35 sys=0.02, real=0.02 secs] 
16368.186: [GC 16368.186: [ParNew: 1318687K->65009K(1415616K), 0.0239940 secs] 2687817K->1434140K(8231360K), 0.0242410 secs] [Times: user=0.37 sys=0.00, real=0.02 secs] 
16370.192: [GC 16370.192: [ParNew: 1323377K->72081K(1415616K), 0.0225520 secs] 2692508K->1441212K(8231360K), 0.0227800 secs] [Times: user=0.34 sys=0.02, real=0.02 secs] 
16374.611: [GC 16374.611: [ParNew: 1330449K->76581K(1415616K), 0.0266630 secs] 2699580K->1445712K(8231360K), 0.0268980 secs] [Times: user=0.39 sys=0.02, real=0.03 secs] 
16381.043: [GC 16381.043: [ParNew: 1334949K->62594K(1415616K), 0.0219270 secs] 2704080K->1431725K(8231360K), 0.0221620 secs] [Times: user=0.32 sys=0.02, real=0.02 secs] 
16387.435: [GC 16387.435: [ParNew: 1320962K->59447K(1415616K), 0.0246390 secs] 2690093K->1428577K(8231360K), 0.0248650 secs] [Times: user=0.38 sys=0.01, real=0.03 secs] 
16390.953: [GC 16390.953: [ParNew: 1317815K->65506K(1415616K), 0.0227660 secs] 2686945K->1434637K(8231360K), 0.0230010 secs] [Times: user=0.33 sys=0.01, real=0.02 secs] 
16396.003: [GC 16396.003: [ParNew: 1323874K->62192K(1415616K), 0.0404720 secs] 2693005K->1431322K(8231360K), 0.0407890 secs] [Times: user=0.52 sys=0.02, real=0.04 secs] 
16403.517: [GC 16403.517: [ParNew: 1320560K->57742K(1415616K), 0.0240100 secs] 2689690K->1426872K(8231360K), 0.0242340 secs] [Times: user=0.36 sys=0.01, real=0.03 secs] 
16411.148: [GC 16411.148: [ParNew: 1316110K->62834K(1415616K), 0.0255740 secs] 2685240K->1431964K(8231360K), 0.0257950 secs] [Times: user=0.39 sys=0.01, real=0.03 secs] 
16411.974: [GC 16411.974: [ParNew: 1321202K->53531K(1415616K), 0.0231770 secs] 2690332K->1422661K(8231360K), 0.0234040 secs] [Times: user=0.35 sys=0.01, real=0.02 secs] 
16412.796: [GC 16412.796: [ParNew: 1311899K->64540K(1415616K), 0.0232900 secs] 2681029K->1433671K(8231360K), 0.0235260 secs] [Times: user=0.34 sys=0.01, real=0.02 secs] 
16421.156: [GC 16421.156: [ParNew: 1322908K->52126K(1415616K), 0.0219080 secs] 2692039K->1421257K(8231360K), 0.0221360 secs] [Times: user=0.34 sys=0.00, real=0.02 secs] 
16425.010: [GC 16425.011: [ParNew: 1310494K->52140K(1415616K), 0.0227000 secs] 2679625K->1421270K(8231360K), 0.0229200 secs] [Times: user=0.34 sys=0.01, real=0.02 secs] 
16428.711: [GC 16428.711: [ParNew: 1310508K->66991K(1415616K), 0.0227100 secs] 2679638K->1436122K(8231360K), 0.0229450 secs] [Times: user=0.35 sys=0.01, real=0.02 secs] 
16430.966: [GC 16430.966: [ParNew: 1325359K->73597K(1415616K), 0.0254770 secs] 2694490K->1442727K(8231360K), 0.0257040 secs] [Times: user=0.39 sys=0.01, real=0.02 secs] 
16435.000: [GC 16435.000: [ParNew: 1331965K->76623K(1415616K), 0.0298500 secs] 2701095K->1445754K(8231360K), 0.0300750 secs] [Times: user=0.44 sys=0.02, real=0.03 secs] 
16439.527: [GC 16439.527: [ParNew: 1334991K->65188K(1415616K), 0.0254820 secs] 2704122K->1434318K(8231360K), 0.0257140 secs] [Times: user=0.38 sys=0.01, real=0.03 secs] 
16444.486: [GC 16444.487: [ParNew: 1323556K->62310K(1415616K), 0.0239250 secs] 2692686K->1431441K(8231360K), 0.0241560 secs] [Times: user=0.36 sys=0.02, real=0.03 secs] 
16448.581: [GC 16448.581: [ParNew: 1320678K->67940K(1415616K), 0.0248350 secs] 2689809K->1437071K(8231360K), 0.0250800 secs] [Times: user=0.37 sys=0.00, real=0.02 secs] 
16453.835: [GC 16453.835: [ParNew: 1326308K->60443K(1415616K), 0.0245660 secs] 2695439K->1429573K(8231360K), 0.0247870 secs] [Times: user=0.36 sys=0.02, real=0.02 secs] 
16458.608: [GC 16458.608: [ParNew: 1318811K->58397K(1415616K), 0.0234960 secs] 2687941K->1427528K(8231360K), 0.0237320 secs] [Times: user=0.36 sys=0.00, real=0.03 secs] 
16470.981: [GC 16470.981: [ParNew: 1316765K->53846K(1415616K), 0.0208020 secs] 2685896K->1422977K(8231360K), 0.0210280 secs] [Times: user=0.31 sys=0.02, real=0.02 secs] 
16471.804: [GC 16471.804: [ParNew: 1312214K->57501K(1415616K), 0.0216050 secs] 2681345K->1426631K(8231360K), 0.0218330 secs] [Times: user=0.33 sys=0.00, real=0.02 secs] 
16472.623: [GC 16472.623: [ParNew: 1315869K->57861K(1415616K), 0.0248370 secs] 2684999K->1426991K(8231360K), 0.0250620 secs] [Times: user=0.37 sys=0.01, real=0.03 secs] 
16475.884: [GC 16475.884: [ParNew: 1316229K->60702K(1415616K), 0.0241070 secs] 2685359K->1429832K(8231360K), 0.0243310 secs] [Times: user=0.36 sys=0.00, real=0.03 secs] 
16486.974: [GC 16486.975: [ParNew: 1319070K->60663K(1415616K), 0.0221480 secs] 2688200K->1429793K(8231360K), 0.0223810 secs] [Times: user=0.34 sys=0.00, real=0.02 secs] 
16491.056: [GC 16491.056: [ParNew: 1319031K->72057K(1415616K), 0.0234230 secs] 2688161K->1441188K(8231360K), 0.0236560 secs] [Times: user=0.36 sys=0.01, real=0.03 secs] 
16495.009: [GC 16495.009: [ParNew: 1330425K->54774K(1415616K), 0.0255430 secs] 2699556K->1423904K(8231360K), 0.0257750 secs] [Times: user=0.38 sys=0.01, real=0.02 secs] 
16499.288: [GC 16499.288: [ParNew: 1313142K->72237K(1415616K), 0.0247080 secs] 2682272K->1441367K(8231360K), 0.0249280 secs] [Times: user=0.37 sys=0.00, real=0.03 secs] 
16503.015: [GC 16503.015: [ParNew: 1330605K->69850K(1415616K), 0.0236240 secs] 2699735K->1438981K(8231360K), 0.0238560 secs] [Times: user=0.35 sys=0.01, real=0.02 secs] 
16506.161: [GC 16506.161: [ParNew: 1328218K->62537K(1415616K), 0.0255690 secs] 2697349K->1431668K(8231360K), 0.0257940 secs] [Times: user=0.39 sys=0.00, real=0.03 secs] 
16508.721: [GC 16508.721: [ParNew: 1320905K->73354K(1415616K), 0.0238140 secs] 2690036K->1442484K(8231360K), 0.0240470 secs] [Times: user=0.36 sys=0.00, real=0.02 secs] 
16513.020: [GC 16513.020: [ParNew: 1331722K->68337K(1415616K), 0.0268430 secs] 2700852K->1437468K(8231360K), 0.0270740 secs] [Times: user=0.40 sys=0.01, real=0.03 secs] 
16520.129: [GC 16520.129: [ParNew: 1326705K->59460K(1415616K), 0.0225310 secs] 2695836K->1428591K(8231360K), 0.0227540 secs] [Times: user=0.34 sys=0.00, real=0.02 secs] 
16526.371: [GC 16526.372: [ParNew: 1317828K->62002K(1415616K), 0.0234840 secs] 2686959K->1431132K(8231360K), 0.0237060 secs] [Times: user=0.36 sys=0.00, real=0.03 secs] 
16531.299: [GC 16531.299: [ParNew: 1320370K->64614K(1415616K), 0.0225070 secs] 2689500K->1433744K(8231360K), 0.0227360 secs] [Times: user=0.33 sys=0.00, real=0.02 secs] 
16532.122: [GC 16532.122: [ParNew: 1322982K->58825K(1415616K), 0.0245590 secs] 2692112K->1427955K(8231360K), 0.0247880 secs] [Times: user=0.36 sys=0.02, real=0.03 secs] 
16532.956: [GC 16532.956: [ParNew: 1317193K->68155K(1415616K), 0.0228590 secs] 2686323K->1437285K(8231360K), 0.0230810 secs] [Times: user=0.36 sys=0.00, real=0.02 secs] 
16540.589: [GC 16540.589: [ParNew: 1326523K->55600K(1415616K), 0.0217740 secs] 2695653K->1424730K(8231360K), 0.0220000 secs] [Times: user=0.33 sys=0.01, real=0.02 secs] 
16548.431: [GC 16548.431: [ParNew: 1313968K->60222K(1415616K), 0.0250800 secs] 2683098K->1429353K(8231360K), 0.0253100 secs] [Times: user=0.38 sys=0.00, real=0.02 secs] 
16551.531: [GC 16551.531: [ParNew: 1318590K->69758K(1415616K), 0.0213990 secs] 2687721K->1438889K(8231360K), 0.0216240 secs] [Times: user=0.32 sys=0.01, real=0.02 secs] 
16556.074: [GC 16556.074: [ParNew: 1328126K->77746K(1415616K), 0.0247830 secs] 2697257K->1446876K(8231360K), 0.0250080 secs] [Times: user=0.38 sys=0.01, real=0.02 secs] 
16562.587: [GC 16562.587: [ParNew: 1336114K->65182K(1415616K), 0.0239930 secs] 2705244K->1434312K(8231360K), 0.0242180 secs] [Times: user=0.36 sys=0.00, real=0.03 secs] 
16565.295: [GC 16565.295: [ParNew: 1323550K->62070K(1415616K), 0.0229810 secs] 2692680K->1431200K(8231360K), 0.0232160 secs] [Times: user=0.35 sys=0.00, real=0.02 secs] 
16571.195: [GC 16571.195: [ParNew: 1320438K->61725K(1415616K), 0.0209210 secs] 2689568K->1430855K(8231360K), 0.0211700 secs] [Times: user=0.31 sys=0.02, real=0.02 secs] 
16575.026: [GC 16575.026: [ParNew: 1320093K->59951K(1415616K), 0.0251360 secs] 2689223K->1429081K(8231360K), 0.0253560 secs] [Times: user=0.37 sys=0.02, real=0.02 secs] 
16581.080: [GC 16581.080: [ParNew: 1318319K->68681K(1415616K), 0.0245030 secs] 2687449K->1437812K(8231360K), 0.0247340 secs] [Times: user=0.37 sys=0.01, real=0.03 secs] 
16586.193: [GC 16586.193: [ParNew: 1327049K->62898K(1415616K), 0.0235830 secs] 2696180K->1432028K(8231360K), 0.0238080 secs] [Times: user=0.35 sys=0.02, real=0.03 secs] 
16591.013: [GC 16591.013: [ParNew: 1321266K->64969K(1415616K), 0.0235130 secs] 2690396K->1434100K(8231360K), 0.0237540 secs] [Times: user=0.36 sys=0.01, real=0.03 secs] 
16591.835: [GC 16591.835: [ParNew: 1323337K->62941K(1415616K), 0.0221400 secs] 2692468K->1432071K(8231360K), 0.0223690 secs] [Times: user=0.32 sys=0.01, real=0.03 secs] 
16592.659: [GC 16592.659: [ParNew: 1321309K->60925K(1415616K), 0.0230980 secs] 2690439K->1430056K(8231360K), 0.0233330 secs] [Times: user=0.35 sys=0.00, real=0.02 secs] 
16596.790: [GC 16596.790: [ParNew: 1319293K->58357K(1415616K), 0.0215230 secs] 2688424K->1427487K(8231360K), 0.0217460 secs] [Times: user=0.33 sys=0.00, real=0.02 secs] 
16606.060: [GC 16606.060: [ParNew: 1316725K->56035K(1415616K), 0.0237850 secs] 2685855K->1425165K(8231360K), 0.0240110 secs] [Times: user=0.36 sys=0.02, real=0.02 secs] 
16610.633: [GC 16610.633: [ParNew: 1314403K->66934K(1415616K), 0.0226470 secs] 2683533K->1436064K(8231360K), 0.0228640 secs] [Times: user=0.34 sys=0.00, real=0.02 secs] 
16616.928: [GC 16616.928: [ParNew: 1325302K->70320K(1415616K), 0.0228630 secs] 2694432K->1439450K(8231360K), 0.0230880 secs] [Times: user=0.34 sys=0.01, real=0.03 secs] 
16621.782: [GC 16621.782: [ParNew: 1328688K->62725K(1415616K), 0.0257040 secs] 2697818K->1431856K(8231360K), 0.0259190 secs] [Times: user=0.39 sys=0.00, real=0.02 secs] 
16628.050: [GC 16628.050: [ParNew: 1321093K->66907K(1415616K), 0.0229580 secs] 2690224K->1436037K(8231360K), 0.0231980 secs] [Times: user=0.34 sys=0.02, real=0.03 secs] 
16633.448: [GC 16633.448: [ParNew: 1325275K->59345K(1415616K), 0.0244210 secs] 2694405K->1428476K(8231360K), 0.0246580 secs] [Times: user=0.37 sys=0.01, real=0.02 secs] 
16640.373: [GC 16640.373: [ParNew: 1317713K->53836K(1415616K), 0.0211880 secs] 2686844K->1422966K(8231360K), 0.0214180 secs] [Times: user=0.32 sys=0.00, real=0.02 secs] 
16646.449: [GC 16646.449: [ParNew: 1312204K->63281K(1415616K), 0.0246620 secs] 2681334K->1432411K(8231360K), 0.0248840 secs] [Times: user=0.37 sys=0.00, real=0.02 secs] 
16651.027: [GC 16651.027: [ParNew: 1321649K->64465K(1415616K), 0.0255630 secs] 2690779K->1433595K(8231360K), 0.0257950 secs] [Times: user=0.39 sys=0.02, real=0.03 secs] 
16653.199: [GC 16653.199: [ParNew: 1322833K->67715K(1415616K), 0.0235780 secs] 2691963K->1436845K(8231360K), 0.0238010 secs] [Times: user=0.36 sys=0.00, real=0.02 secs] 
16659.412: [GC 16659.412: [ParNew: 1326083K->55921K(1415616K), 0.0229610 secs] 2695213K->1425051K(8231360K), 0.0232180 secs] [Times: user=0.35 sys=0.02, real=0.02 secs] 
16664.985: [GC 16664.985: [ParNew: 1314289K->61237K(1415616K), 0.0237520 secs] 2683419K->1430368K(8231360K), 0.0240230 secs] [Times: user=0.36 sys=0.00, real=0.02 secs] 
16668.771: [GC 16668.771: [ParNew: 1319605K->68472K(1415616K), 0.0231490 secs] 2688736K->1437602K(8231360K), 0.0233790 secs] [Times: user=0.36 sys=0.00, real=0.02 secs] 
16670.842: [GC 16670.842: [ParNew: 1326840K->76595K(1415616K), 0.0257500 secs] 2695970K->1445725K(8231360K), 0.0259780 secs] [Times: user=0.39 sys=0.00, real=0.02 secs] 
16674.794: [GC 16674.795: [ParNew: 1334963K->81360K(1415616K), 0.0299530 secs] 2704093K->1450491K(8231360K), 0.0301790 secs] [Times: user=0.46 sys=0.00, real=0.03 secs] 
16682.135: [GC 16682.135: [ParNew: 1339728K->57546K(1415616K), 0.0227400 secs] 2708859K->1426676K(8231360K), 0.0229800 secs] [Times: user=0.34 sys=0.02, real=0.02 secs] 
16690.034: [GC 16690.034: [ParNew: 1315914K->51865K(1415616K), 0.0240530 secs] 2685044K->1420995K(8231360K), 0.0242820 secs] [Times: user=0.36 sys=0.00, real=0.03 secs] 
16693.816: [GC 16693.816: [ParNew: 1310233K->61294K(1415616K), 0.0238430 secs] 2679363K->1430424K(8231360K), 0.0240770 secs] [Times: user=0.37 sys=0.00, real=0.02 secs] 
16700.236: [GC 16700.236: [ParNew: 1319662K->71274K(1415616K), 0.0244020 secs] 2688792K->1440405K(8231360K), 0.0246310 secs] [Times: user=0.37 sys=0.00, real=0.02 secs] 
16709.807: [GC 16709.807: [ParNew: 1329642K->44984K(1415616K), 0.0220740 secs] 2698773K->1414115K(8231360K), 0.0223070 secs] [Times: user=0.33 sys=0.01, real=0.03 secs] 
16711.538: [GC 16711.539: [ParNew: 1303352K->57923K(1415616K), 0.0205650 secs] 2672483K->1427053K(8231360K), 0.0207920 secs] [Times: user=0.30 sys=0.02, real=0.02 secs] 
16714.118: [GC 16714.118: [ParNew: 1316291K->63096K(1415616K), 0.0263190 secs] 2685421K->1432226K(8231360K), 0.0265510 secs] [Times: user=0.38 sys=0.02, real=0.03 secs] 
16728.173: [GC 16728.173: [ParNew: 1321464K->54815K(1415616K), 0.0231310 secs] 2690594K->1423946K(8231360K), 0.0233830 secs] [Times: user=0.34 sys=0.00, real=0.02 secs] 
16733.063: [GC 16733.063: [ParNew: 1313183K->62836K(1415616K), 0.0215870 secs] 2682314K->1431966K(8231360K), 0.0218150 secs] [Times: user=0.33 sys=0.00, real=0.02 secs] 
16738.190: [GC 16738.190: [ParNew: 1321204K->68877K(1415616K), 0.0219950 secs] 2690334K->1438008K(8231360K), 0.0222280 secs] [Times: user=0.32 sys=0.02, real=0.02 secs] 
16741.578: [GC 16741.579: [ParNew: 1327245K->65069K(1415616K), 0.0226180 secs] 2696376K->1434200K(8231360K), 0.0228440 secs] [Times: user=0.34 sys=0.01, real=0.02 secs] 
16747.185: [GC 16747.185: [ParNew: 1323437K->72583K(1415616K), 0.0262120 secs] 2692568K->1441713K(8231360K), 0.0264460 secs] [Times: user=0.41 sys=0.01, real=0.02 secs] 
16751.121: [GC 16751.121: [ParNew: 1330951K->67751K(1415616K), 0.0245810 secs] 2700081K->1436881K(8231360K), 0.0248220 secs] [Times: user=0.37 sys=0.01, real=0.02 secs] 
16755.516: [GC 16755.516: [ParNew: 1326119K->58673K(1415616K), 0.0259080 secs] 2695249K->1427804K(8231360K), 0.0261340 secs] [Times: user=0.39 sys=0.00, real=0.02 secs] 
16770.637: [GC 16770.637: [ParNew: 1317041K->42833K(1415616K), 0.0245340 secs] 2686172K->1411963K(8231360K), 0.0247680 secs] [Times: user=0.37 sys=0.00, real=0.03 secs] 
16771.686: [GC 16771.686: [ParNew: 1301201K->58435K(1415616K), 0.0228940 secs] 2670331K->1427565K(8231360K), 0.0231090 secs] [Times: user=0.34 sys=0.01, real=0.03 secs] 
16772.514: [GC 16772.514: [ParNew: 1316803K->60363K(1415616K), 0.0205200 secs] 2685933K->1429493K(8231360K), 0.0207320 secs] [Times: user=0.30 sys=0.00, real=0.02 secs] 
16775.310: [GC 16775.310: [ParNew: 1318731K->55777K(1415616K), 0.0224150 secs] 2687861K->1424907K(8231360K), 0.0226310 secs] [Times: user=0.34 sys=0.01, real=0.02 secs] 
16781.929: [GC 16781.930: [ParNew: 1314145K->65474K(1415616K), 0.0226520 secs] 2683275K->1434605K(8231360K), 0.0228790 secs] [Times: user=0.34 sys=0.01, real=0.03 secs] 
16786.014: [GC 16786.014: [ParNew: 1323842K->64730K(1415616K), 0.0245910 secs] 2692973K->1433861K(8231360K), 0.0248200 secs] [Times: user=0.37 sys=0.01, real=0.02 secs] 
16788.419: [GC 16788.419: [ParNew: 1323098K->73307K(1415616K), 0.0247670 secs] 2692229K->1442438K(8231360K), 0.0249910 secs] [Times: user=0.37 sys=0.01, real=0.03 secs] 
16791.409: [GC 16791.410: [ParNew: 1331675K->76883K(1415616K), 0.0252500 secs] 2700806K->1446013K(8231360K), 0.0254760 secs] [Times: user=0.38 sys=0.00, real=0.03 secs] 
16793.474: [GC 16793.474: [ParNew: 1335251K->71600K(1415616K), 0.0279960 secs] 2704381K->1440730K(8231360K), 0.0282410 secs] [Times: user=0.42 sys=0.02, real=0.02 secs] 
16802.052: [GC 16802.052: [ParNew: 1329968K->49099K(1415616K), 0.0216280 secs] 2699098K->1418230K(8231360K), 0.0218490 secs] [Times: user=0.32 sys=0.01, real=0.02 secs] 
16807.583: [GC 16807.584: [ParNew: 1307467K->61290K(1415616K), 0.0246640 secs] 2676598K->1430421K(8231360K), 0.0249170 secs] [Times: user=0.36 sys=0.02, real=0.03 secs] 
16811.044: [GC 16811.045: [ParNew: 1319658K->72126K(1415616K), 0.0249690 secs] 2688789K->1441256K(8231360K), 0.0252060 secs] [Times: user=0.37 sys=0.01, real=0.03 secs] 
16816.994: [GC 16816.994: [ParNew: 1330494K->58973K(1415616K), 0.0259300 secs] 2699624K->1428103K(8231360K), 0.0261810 secs] [Times: user=0.37 sys=0.02, real=0.03 secs] 
16820.982: [GC 16820.982: [ParNew: 1317341K->54635K(1415616K), 0.0238990 secs] 2686471K->1423765K(8231360K), 0.0241310 secs] [Times: user=0.37 sys=0.01, real=0.02 secs] 
16826.184: [GC 16826.184: [ParNew: 1313003K->66632K(1415616K), 0.0254320 secs] 2682133K->1435763K(8231360K), 0.0256650 secs] [Times: user=0.38 sys=0.02, real=0.03 secs] 
16830.960: [GC 16830.960: [ParNew: 1325000K->66024K(1415616K), 0.0239900 secs] 2694131K->1435155K(8231360K), 0.0242190 secs] [Times: user=0.36 sys=0.00, real=0.03 secs] 
16831.779: [GC 16831.779: [ParNew: 1324392K->61072K(1415616K), 0.0239730 secs] 2693523K->1430203K(8231360K), 0.0242240 secs] [Times: user=0.36 sys=0.00, real=0.03 secs] 
16832.611: [GC 16832.611: [ParNew: 1319440K->62918K(1415616K), 0.0244240 secs] 2688571K->1432048K(8231360K), 0.0246780 secs] [Times: user=0.36 sys=0.01, real=0.02 secs] 
16840.124: [GC 16840.124: [ParNew: 1321286K->50056K(1415616K), 0.0220280 secs] 2690416K->1419187K(8231360K), 0.0222570 secs] [Times: user=0.34 sys=0.00, real=0.02 secs] 
16845.983: [GC 16845.983: [ParNew: 1308424K->56623K(1415616K), 0.0231820 secs] 2677555K->1425753K(8231360K), 0.0234230 secs] [Times: user=0.35 sys=0.00, real=0.03 secs] 
16849.955: [GC 16849.956: [ParNew: 1314991K->71012K(1415616K), 0.0240340 secs] 2684121K->1440142K(8231360K), 0.0242600 secs] [Times: user=0.36 sys=0.01, real=0.02 secs] 
16852.226: [GC 16852.226: [ParNew: 1329380K->71200K(1415616K), 0.0240850 secs] 2698510K->1440331K(8231360K), 0.0243100 secs] [Times: user=0.37 sys=0.00, real=0.02 secs] 
16855.029: [GC 16855.029: [ParNew: 1329568K->74706K(1415616K), 0.0249210 secs] 2698699K->1443837K(8231360K), 0.0251440 secs] [Times: user=0.38 sys=0.00, real=0.02 secs] 
16861.540: [GC 16861.540: [ParNew: 1333074K->53909K(1415616K), 0.0225810 secs] 2702205K->1423039K(8231360K), 0.0228130 secs] [Times: user=0.34 sys=0.00, real=0.02 secs] 
16871.042: [GC 16871.043: [ParNew: 1312277K->49382K(1415616K), 0.0262250 secs] 2681407K->1418513K(8231360K), 0.0264510 secs] [Times: user=0.40 sys=0.00, real=0.03 secs] 
16875.405: [GC 16875.405: [ParNew: 1307750K->58044K(1415616K), 0.0267440 secs] 2676881K->1427175K(8231360K), 0.0269600 secs] [Times: user=0.40 sys=0.00, real=0.03 secs] 
16882.589: [GC 16882.589: [ParNew: 1316412K->61375K(1415616K), 0.0236940 secs] 2685543K->1430505K(8231360K), 0.0239320 secs] [Times: user=0.36 sys=0.00, real=0.03 secs] 
16887.519: [GC 16887.520: [ParNew: 1319743K->62222K(1415616K), 0.0229910 secs] 2688873K->1431352K(8231360K), 0.0232160 secs] [Times: user=0.34 sys=0.01, real=0.03 secs] 
16891.322: [GC 16891.322: [ParNew: 1320590K->67850K(1415616K), 0.0236440 secs] 2689720K->1436980K(8231360K), 0.0238700 secs] [Times: user=0.36 sys=0.01, real=0.02 secs] 
16893.648: [GC 16893.648: [ParNew: 1326218K->67413K(1415616K), 0.0261100 secs] 2695348K->1436543K(8231360K), 0.0263420 secs] [Times: user=0.39 sys=0.01, real=0.03 secs] 
16899.792: [GC 16899.792: [ParNew: 1325781K->66987K(1415616K), 0.0242060 secs] 2694911K->1436117K(8231360K), 0.0244420 secs] [Times: user=0.37 sys=0.00, real=0.03 secs] 
16906.960: [GC 16906.960: [ParNew: 1325355K->54272K(1415616K), 0.0226880 secs] 2694485K->1423402K(8231360K), 0.0229140 secs] [Times: user=0.35 sys=0.00, real=0.02 secs] 
16909.675: [GC 16909.675: [ParNew: 1312640K->72163K(1415616K), 0.0231020 secs] 2681770K->1441293K(8231360K), 0.0233160 secs] [Times: user=0.34 sys=0.02, real=0.02 secs] 
16913.690: [GC 16913.690: [ParNew: 1330531K->72475K(1415616K), 0.0251360 secs] 2699661K->1441606K(8231360K), 0.0253680 secs] [Times: user=0.38 sys=0.02, real=0.02 secs] 
16919.023: [GC 16919.023: [ParNew: 1330843K->75260K(1415616K), 0.0257570 secs] 2699974K->1444390K(8231360K), 0.0259750 secs] [Times: user=0.40 sys=0.00, real=0.03 secs] 
16922.242: [GC 16922.242: [ParNew: 1333628K->72354K(1415616K), 0.0276110 secs] 2702758K->1441485K(8231360K), 0.0278380 secs] [Times: user=0.41 sys=0.01, real=0.03 secs] 
16927.419: [GC 16927.419: [ParNew: 1330722K->60834K(1415616K), 0.0225350 secs] 2699853K->1429964K(8231360K), 0.0227630 secs] [Times: user=0.33 sys=0.00, real=0.02 secs] 
16938.798: [GC 16938.798: [ParNew: 1319202K->44691K(1415616K), 0.0201650 secs] 2688332K->1413822K(8231360K), 0.0203830 secs] [Times: user=0.30 sys=0.00, real=0.02 secs] 
16943.795: [GC 16943.795: [ParNew: 1303059K->57058K(1415616K), 0.0238750 secs] 2672190K->1426188K(8231360K), 0.0240950 secs] [Times: user=0.36 sys=0.02, real=0.02 secs] 
16950.197: [GC 16950.197: [ParNew: 1315426K->63360K(1415616K), 0.0237530 secs] 2684556K->1432491K(8231360K), 0.0239760 secs] [Times: user=0.35 sys=0.00, real=0.02 secs] 
16952.982: [GC 16952.982: [ParNew: 1321728K->64438K(1415616K), 0.0238350 secs] 2690859K->1433569K(8231360K), 0.0240480 secs] [Times: user=0.37 sys=0.01, real=0.03 secs] 
16956.182: [GC 16956.182: [ParNew: 1322806K->69004K(1415616K), 0.0248340 secs] 2691937K->1438135K(8231360K), 0.0250580 secs] [Times: user=0.38 sys=0.01, real=0.03 secs] 
16963.923: [GC 16963.923: [ParNew: 1327372K->59553K(1415616K), 0.0231450 secs] 2696503K->1428683K(8231360K), 0.0233730 secs] [Times: user=0.36 sys=0.00, real=0.03 secs] 
16967.122: [GC 16967.123: [ParNew: 1317921K->63130K(1415616K), 0.0260730 secs] 2687051K->1432260K(8231360K), 0.0262960 secs] [Times: user=0.39 sys=0.02, real=0.03 secs] 
16970.301: [GC 16970.301: [ParNew: 1321498K->76741K(1415616K), 0.0221820 secs] 2690628K->1445871K(8231360K), 0.0224080 secs] [Times: user=0.33 sys=0.02, real=0.02 secs] 
16973.383: [GC 16973.383: [ParNew: 1335109K->73462K(1415616K), 0.0235160 secs] 2704239K->1442592K(8231360K), 0.0237610 secs] [Times: user=0.35 sys=0.01, real=0.02 secs] 
16979.418: [GC 16979.418: [ParNew: 1331830K->59066K(1415616K), 0.0265630 secs] 2700960K->1428196K(8231360K), 0.0267840 secs] [Times: user=0.41 sys=0.01, real=0.03 secs] 
16983.772: [GC 16983.772: [ParNew: 1317434K->65748K(1415616K), 0.0248320 secs] 2686564K->1434878K(8231360K), 0.0250530 secs] [Times: user=0.37 sys=0.01, real=0.02 secs] 
16987.516: [GC 16987.517: [ParNew: 1324116K->66252K(1415616K), 0.0245860 secs] 2693246K->1435383K(8231360K), 0.0248230 secs] [Times: user=0.38 sys=0.00, real=0.03 secs] 
16992.008: [GC 16992.008: [ParNew: 1324620K->61141K(1415616K), 0.0264850 secs] 2693751K->1430272K(8231360K), 0.0267260 secs] [Times: user=0.39 sys=0.02, real=0.03 secs] 
17000.402: [GC 17000.402: [ParNew: 1319509K->56119K(1415616K), 0.0233720 secs] 2688640K->1425250K(8231360K), 0.0235880 secs] [Times: user=0.35 sys=0.00, real=0.02 secs] 
17011.061: [GC 17011.061: [ParNew: 1314487K->45516K(1415616K), 0.0244610 secs] 2683618K->1414646K(8231360K), 0.0246840 secs] [Times: user=0.37 sys=0.02, real=0.03 secs] 
17015.395: [GC 17015.396: [ParNew: 1303884K->61188K(1415616K), 0.0209080 secs] 2673014K->1430318K(8231360K), 0.0211320 secs] [Times: user=0.32 sys=0.01, real=0.02 secs] 
17019.519: [GC 17019.519: [ParNew: 1319556K->67195K(1415616K), 0.0222010 secs] 2688686K->1436326K(8231360K), 0.0224250 secs] [Times: user=0.33 sys=0.01, real=0.02 secs] 
17026.169: [GC 17026.170: [ParNew: 1325563K->66003K(1415616K), 0.0278710 secs] 2694694K->1435134K(8231360K), 0.0280920 secs] [Times: user=0.41 sys=0.02, real=0.03 secs] 
17028.604: [GC 17028.604: [ParNew: 1324371K->72303K(1415616K), 0.0245310 secs] 2693502K->1441434K(8231360K), 0.0247800 secs] [Times: user=0.37 sys=0.02, real=0.03 secs] 
17031.129: [GC 17031.129: [ParNew: 1330671K->78669K(1415616K), 0.0238930 secs] 2699802K->1447799K(8231360K), 0.0241350 secs] [Times: user=0.35 sys=0.01, real=0.02 secs] 
17032.999: [GC 17032.999: [ParNew: 1337037K->72796K(1415616K), 0.0261280 secs] 2706167K->1441926K(8231360K), 0.0263410 secs] [Times: user=0.39 sys=0.00, real=0.02 secs] 
17039.210: [GC 17039.210: [ParNew: 1331164K->63354K(1415616K), 0.0272040 secs] 2700294K->1432485K(8231360K), 0.0274750 secs] [Times: user=0.41 sys=0.02, real=0.02 secs] 
17043.792: [GC 17043.792: [ParNew: 1321722K->60549K(1415616K), 0.0243390 secs] 2690853K->1429679K(8231360K), 0.0245940 secs] [Times: user=0.37 sys=0.01, real=0.02 secs] 
17049.961: [GC 17049.961: [ParNew: 1318917K->71516K(1415616K), 0.0251150 secs] 2688047K->1440646K(8231360K), 0.0253380 secs] [Times: user=0.38 sys=0.02, real=0.02 secs] 
17055.802: [GC 17055.802: [ParNew: 1329884K->52147K(1415616K), 0.0216200 secs] 2699014K->1421278K(8231360K), 0.0218390 secs] [Times: user=0.32 sys=0.00, real=0.02 secs] 
17059.933: [GC 17059.933: [ParNew: 1310515K->62405K(1415616K), 0.0229110 secs] 2679646K->1431536K(8231360K), 0.0231380 secs] [Times: user=0.34 sys=0.01, real=0.02 secs] 
17067.900: [GC 17067.900: [ParNew: 1320773K->56744K(1415616K), 0.0271830 secs] 2689904K->1425874K(8231360K), 0.0273970 secs] [Times: user=0.40 sys=0.02, real=0.03 secs] 
17071.685: [GC 17071.685: [ParNew: 1315112K->58494K(1415616K), 0.0230720 secs] 2684242K->1427624K(8231360K), 0.0232940 secs] [Times: user=0.35 sys=0.00, real=0.02 secs] 
17072.498: [GC 17072.498: [ParNew: 1316862K->59808K(1415616K), 0.0205230 secs] 2685992K->1428938K(8231360K), 0.0207490 secs] [Times: user=0.31 sys=0.00, real=0.02 secs] 
17077.637: [GC 17077.638: [ParNew: 1318176K->56740K(1415616K), 0.0225280 secs] 2687306K->1425871K(8231360K), 0.0227790 secs] [Times: user=0.33 sys=0.02, real=0.02 secs] 
17082.582: [GC 17082.582: [ParNew: 1315108K->59194K(1415616K), 0.0219840 secs] 2684239K->1428325K(8231360K), 0.0222100 secs] [Times: user=0.33 sys=0.01, real=0.02 secs] 
17086.640: [GC 17086.640: [ParNew: 1317562K->69492K(1415616K), 0.0231270 secs] 2686693K->1438622K(8231360K), 0.0233550 secs] [Times: user=0.35 sys=0.01, real=0.02 secs] 
17089.120: [GC 17089.120: [ParNew: 1327860K->55013K(1415616K), 0.0233430 secs] 2696990K->1424144K(8231360K), 0.0235600 secs] [Times: user=0.35 sys=0.01, real=0.02 secs] 
17092.222: [GC 17092.222: [ParNew: 1313381K->74605K(1415616K), 0.0243580 secs] 2682512K->1443736K(8231360K), 0.0245850 secs] [Times: user=0.37 sys=0.00, real=0.02 secs] 
17095.357: [GC 17095.358: [ParNew: 1332973K->83228K(1415616K), 0.0273170 secs] 2702104K->1452358K(8231360K), 0.0275400 secs] [Times: user=0.41 sys=0.02, real=0.03 secs] 
17098.583: [GC 17098.583: [ParNew: 1341596K->74717K(1415616K), 0.0277090 secs] 2710726K->1443847K(8231360K), 0.0279180 secs] [Times: user=0.42 sys=0.01, real=0.03 secs] 
17103.576: [GC 17103.576: [ParNew: 1333085K->70724K(1415616K), 0.0246230 secs] 2702215K->1439854K(8231360K), 0.0248560 secs] [Times: user=0.37 sys=0.00, real=0.03 secs] 
17110.944: [GC 17110.944: [ParNew: 1329092K->58422K(1415616K), 0.0248580 secs] 2698222K->1427552K(8231360K), 0.0250830 secs] [Times: user=0.37 sys=0.02, real=0.02 secs] 
17116.578: [GC 17116.578: [ParNew: 1316790K->58243K(1415616K), 0.0211620 secs] 2685920K->1427374K(8231360K), 0.0213830 secs] [Times: user=0.32 sys=0.00, real=0.02 secs] 
17120.532: [GC 17120.532: [ParNew: 1316611K->56847K(1415616K), 0.0216010 secs] 2685742K->1425978K(8231360K), 0.0218260 secs] [Times: user=0.32 sys=0.02, real=0.02 secs] 
17124.618: [GC 17124.618: [ParNew: 1315215K->67141K(1415616K), 0.0254940 secs] 2684346K->1436271K(8231360K), 0.0257130 secs] [Times: user=0.39 sys=0.00, real=0.02 secs] 
17131.350: [GC 17131.350: [ParNew: 1325509K->61265K(1415616K), 0.0247310 secs] 2694639K->1430395K(8231360K), 0.0249570 secs] [Times: user=0.38 sys=0.01, real=0.02 secs] 
17132.189: [GC 17132.189: [ParNew: 1319633K->57161K(1415616K), 0.0227320 secs] 2688763K->1426291K(8231360K), 0.0229530 secs] [Times: user=0.33 sys=0.02, real=0.02 secs] 
17137.609: [GC 17137.609: [ParNew: 1315529K->53179K(1415616K), 0.0216450 secs] 2684659K->1422309K(8231360K), 0.0218600 secs] [Times: user=0.32 sys=0.01, real=0.02 secs] 
17147.816: [GC 17147.816: [ParNew: 1311547K->59805K(1415616K), 0.0245730 secs] 2680677K->1428936K(8231360K), 0.0249630 secs] [Times: user=0.35 sys=0.02, real=0.03 secs] 
17149.529: [GC 17149.529: [ParNew: 1318173K->71026K(1415616K), 0.0252050 secs] 2687304K->1440156K(8231360K), 0.0254190 secs] [Times: user=0.38 sys=0.00, real=0.02 secs] 
17152.599: [GC 17152.599: [ParNew: 1329394K->55380K(1415616K), 0.0267710 secs] 2698524K->1424510K(8231360K), 0.0270080 secs] [Times: user=0.40 sys=0.02, real=0.03 secs] 
17154.995: [GC 17154.995: [ParNew: 1313748K->77153K(1415616K), 0.0268790 secs] 2682878K->1446284K(8231360K), 0.0270960 secs] [Times: user=0.40 sys=0.02, real=0.03 secs] 
17157.829: [GC 17157.829: [ParNew: 1335521K->77393K(1415616K), 0.0239040 secs] 2704652K->1446523K(8231360K), 0.0241410 secs] [Times: user=0.37 sys=0.00, real=0.03 secs] 
17162.427: [GC 17162.427: [ParNew: 1335761K->74484K(1415616K), 0.0241250 secs] 2704891K->1443615K(8231360K), 0.0243680 secs] [Times: user=0.36 sys=0.02, real=0.03 secs] 
17165.533: [GC 17165.534: [ParNew: 1332852K->69564K(1415616K), 0.0271750 secs] 2701983K->1438695K(8231360K), 0.0273860 secs] [Times: user=0.41 sys=0.00, real=0.02 secs] 
17171.215: [GC 17171.215: [ParNew: 1327932K->58855K(1415616K), 0.0229840 secs] 2697063K->1427986K(8231360K), 0.0232020 secs] [Times: user=0.34 sys=0.02, real=0.02 secs] 
17179.774: [GC 17179.774: [ParNew: 1317223K->53205K(1415616K), 0.0232190 secs] 2686354K->1422335K(8231360K), 0.0234320 secs] [Times: user=0.34 sys=0.01, real=0.03 secs] 
17186.786: [GC 17186.786: [ParNew: 1311573K->61987K(1415616K), 0.0240240 secs] 2680703K->1431117K(8231360K), 0.0242390 secs] [Times: user=0.37 sys=0.00, real=0.02 secs] 
17191.246: [GC 17191.246: [ParNew: 1320355K->68667K(1415616K), 0.0216030 secs] 2689485K->1437798K(8231360K), 0.0218190 secs] [Times: user=0.32 sys=0.02, real=0.03 secs] 
17192.050: [GC 17192.050: [ParNew: 1327035K->63315K(1415616K), 0.0231140 secs] 2696166K->1432445K(8231360K), 0.0233370 secs] [Times: user=0.35 sys=0.01, real=0.02 secs] 
17192.860: [GC 17192.860: [ParNew: 1321683K->69814K(1415616K), 0.0254990 secs] 2690813K->1438944K(8231360K), 0.0257110 secs] [Times: user=0.38 sys=0.00, real=0.02 secs] 
17194.114: [GC 17194.114: [ParNew: 1328182K->67431K(1415616K), 0.0250250 secs] 2697312K->1436561K(8231360K), 0.0252410 secs] [Times: user=0.37 sys=0.01, real=0.03 secs] 
17208.123: [GC 17208.123: [ParNew: 1325799K->50778K(1415616K), 0.0268910 secs] 2694929K->1419908K(8231360K), 0.0271060 secs] [Times: user=0.40 sys=0.01, real=0.03 secs] 
17212.012: [GC 17212.013: [ParNew: 1309146K->69359K(1415616K), 0.0225890 secs] 2678276K->1438489K(8231360K), 0.0228090 secs] [Times: user=0.34 sys=0.00, real=0.02 secs] 
17215.998: [GC 17215.998: [ParNew: 1327727K->75578K(1415616K), 0.0229890 secs] 2696857K->1444708K(8231360K), 0.0232050 secs] [Times: user=0.36 sys=0.00, real=0.03 secs] 
17220.529: [GC 17220.529: [ParNew: 1333946K->61386K(1415616K), 0.0268680 secs] 2703076K->1430516K(8231360K), 0.0270800 secs] [Times: user=0.41 sys=0.00, real=0.03 secs] 
17224.041: [GC 17224.041: [ParNew: 1319754K->70100K(1415616K), 0.0248730 secs] 2688884K->1439231K(8231360K), 0.0251040 secs] [Times: user=0.37 sys=0.02, real=0.03 secs] 
17226.218: [GC 17226.218: [ParNew: 1328468K->65747K(1415616K), 0.0254360 secs] 2697599K->1434877K(8231360K), 0.0256550 secs] [Times: user=0.38 sys=0.01, real=0.03 secs] 
17230.872: [GC 17230.872: [ParNew: 1324115K->84339K(1415616K), 0.0259020 secs] 2693245K->1453469K(8231360K), 0.0261420 secs] [Times: user=0.40 sys=0.00, real=0.03 secs] 
17233.172: [GC 17233.172: [ParNew: 1342707K->64371K(1415616K), 0.0262710 secs] 2711837K->1433502K(8231360K), 0.0264900 secs] [Times: user=0.39 sys=0.02, real=0.03 secs] 
17241.001: [GC 17241.001: [ParNew: 1322739K->51284K(1415616K), 0.0238940 secs] 2691870K->1420414K(8231360K), 0.0241040 secs] [Times: user=0.36 sys=0.00, real=0.02 secs] 
17250.706: [GC 17250.706: [ParNew: 1309652K->53918K(1415616K), 0.0256190 secs] 2678782K->1423048K(8231360K), 0.0258390 secs] [Times: user=0.38 sys=0.01, real=0.03 secs] 
17251.659: [GC 17251.659: [ParNew: 1312286K->64322K(1415616K), 0.0230320 secs] 2681416K->1433452K(8231360K), 0.0232540 secs] [Times: user=0.35 sys=0.00, real=0.02 secs] 
17252.477: [GC 17252.477: [ParNew: 1322690K->63108K(1415616K), 0.0215520 secs] 2691820K->1432238K(8231360K), 0.0217660 secs] [Times: user=0.33 sys=0.00, real=0.03 secs] 
17257.458: [GC 17257.458: [ParNew: 1321476K->63437K(1415616K), 0.0221030 secs] 2690606K->1432568K(8231360K), 0.0223410 secs] [Times: user=0.34 sys=0.00, real=0.03 secs] 
17263.677: [GC 17263.677: [ParNew: 1321805K->60669K(1415616K), 0.0243980 secs] 2690936K->1429800K(8231360K), 0.0246230 secs] [Times: user=0.36 sys=0.02, real=0.03 secs] 
17268.205: [GC 17268.206: [ParNew: 1319037K->64363K(1415616K), 0.0232500 secs] 2688168K->1433494K(8231360K), 0.0234900 secs] [Times: user=0.35 sys=0.00, real=0.02 secs] 
17271.591: [GC 17271.592: [ParNew: 1322731K->73394K(1415616K), 0.0238030 secs] 2691862K->1442525K(8231360K), 0.0240410 secs] [Times: user=0.36 sys=0.02, real=0.03 secs] 
17276.978: [GC 17276.979: [ParNew: 1331762K->59666K(1415616K), 0.0253720 secs] 2700893K->1428796K(8231360K), 0.0255900 secs] [Times: user=0.38 sys=0.00, real=0.03 secs] 
17283.821: [GC 17283.821: [ParNew: 1318034K->64852K(1415616K), 0.0215040 secs] 2687164K->1433983K(8231360K), 0.0217250 secs] [Times: user=0.32 sys=0.01, real=0.02 secs] 
17285.593: [GC 17285.593: [ParNew: 1323220K->68536K(1415616K), 0.0254680 secs] 2692351K->1437666K(8231360K), 0.0256690 secs] [Times: user=0.38 sys=0.01, real=0.03 secs] 
17290.223: [GC 17290.224: [ParNew: 1326904K->69271K(1415616K), 0.0244120 secs] 2696034K->1438402K(8231360K), 0.0246310 secs] [Times: user=0.37 sys=0.01, real=0.03 secs] 
17293.916: [GC 17293.916: [ParNew: 1327639K->68806K(1415616K), 0.0257870 secs] 2696770K->1437936K(8231360K), 0.0260010 secs] [Times: user=0.39 sys=0.00, real=0.02 secs] 
17298.177: [GC 17298.177: [ParNew: 1327174K->68591K(1415616K), 0.0248010 secs] 2696304K->1437721K(8231360K), 0.0250250 secs] [Times: user=0.37 sys=0.00, real=0.02 secs] 
17304.989: [GC 17304.989: [ParNew: 1326959K->58289K(1415616K), 0.0242300 secs] 2696089K->1427420K(8231360K), 0.0244450 secs] [Times: user=0.36 sys=0.02, real=0.02 secs] 
17311.260: [GC 17311.260: [ParNew: 1316657K->57826K(1415616K), 0.0236150 secs] 2685788K->1426957K(8231360K), 0.0238320 secs] [Times: user=0.35 sys=0.00, real=0.02 secs] 
17312.072: [GC 17312.072: [ParNew: 1316194K->61055K(1415616K), 0.0223160 secs] 2685325K->1430185K(8231360K), 0.0225460 secs] [Times: user=0.34 sys=0.01, real=0.02 secs] 
17312.887: [GC 17312.887: [ParNew: 1319423K->70594K(1415616K), 0.0239510 secs] 2688553K->1439724K(8231360K), 0.0241600 secs] [Times: user=0.36 sys=0.02, real=0.03 secs] 
17319.795: [GC 17319.795: [ParNew: 1328962K->50803K(1415616K), 0.0218540 secs] 2698092K->1419934K(8231360K), 0.0220850 secs] [Times: user=0.32 sys=0.01, real=0.02 secs] 
17326.124: [GC 17326.124: [ParNew: 1309171K->64840K(1415616K), 0.0242700 secs] 2678302K->1433970K(8231360K), 0.0244770 secs] [Times: user=0.36 sys=0.02, real=0.02 secs] 
17328.992: [GC 17328.992: [ParNew: 1323208K->70480K(1415616K), 0.0250250 secs] 2692338K->1439610K(8231360K), 0.0252350 secs] [Times: user=0.37 sys=0.01, real=0.03 secs] 
17331.388: [GC 17331.388: [ParNew: 1328848K->55525K(1415616K), 0.0256880 secs] 2697978K->1424656K(8231360K), 0.0259040 secs] [Times: user=0.39 sys=0.00, real=0.03 secs] 
17337.123: [GC 17337.123: [ParNew: 1313893K->73403K(1415616K), 0.0270670 secs] 2683024K->1442534K(8231360K), 0.0272960 secs] [Times: user=0.40 sys=0.03, real=0.03 secs] 
17348.791: [GC 17348.791: [ParNew: 1331771K->51075K(1415616K), 0.0243940 secs] 2700902K->1420205K(8231360K), 0.0246040 secs] [Times: user=0.36 sys=0.03, real=0.02 secs] 
17351.631: [GC 17351.631: [ParNew: 1309443K->61367K(1415616K), 0.0223640 secs] 2678573K->1430497K(8231360K), 0.0225780 secs] [Times: user=0.33 sys=0.00, real=0.02 secs] 
17354.899: [GC 17354.899: [ParNew: 1319735K->53429K(1415616K), 0.0235030 secs] 2688865K->1422560K(8231360K), 0.0237220 secs] [Times: user=0.36 sys=0.00, real=0.02 secs] 
17360.037: [GC 17360.037: [ParNew: 1311797K->70989K(1415616K), 0.0233140 secs] 2680928K->1440119K(8231360K), 0.0235340 secs] [Times: user=0.35 sys=0.00, real=0.03 secs] 
17365.588: [GC 17365.588: [ParNew: 1329357K->52029K(1415616K), 0.0244300 secs] 2698487K->1421159K(8231360K), 0.0246460 secs] [Times: user=0.38 sys=0.00, real=0.03 secs] 
17371.068: [GC 17371.068: [ParNew: 1310397K->63034K(1415616K), 0.0257690 secs] 2679527K->1432165K(8231360K), 0.0259930 secs] [Times: user=0.39 sys=0.01, real=0.03 secs] 
17371.888: [GC 17371.888: [ParNew: 1321402K->65518K(1415616K), 0.0216630 secs] 2690533K->1434648K(8231360K), 0.0218880 secs] [Times: user=0.34 sys=0.00, real=0.03 secs] 
17372.708: [GC 17372.708: [ParNew: 1323886K->65047K(1415616K), 0.0239350 secs] 2693016K->1434177K(8231360K), 0.0241540 secs] [Times: user=0.34 sys=0.03, real=0.03 secs] 
17375.394: [GC 17375.394: [ParNew: 1323415K->62341K(1415616K), 0.0279230 secs] 2692545K->1431471K(8231360K), 0.0281530 secs] [Times: user=0.42 sys=0.02, real=0.03 secs] 
17384.778: [GC 17384.778: [ParNew: 1320709K->53235K(1415616K), 0.0249240 secs] 2689839K->1422365K(8231360K), 0.0251550 secs] [Times: user=0.37 sys=0.02, real=0.03 secs] 
17387.939: [GC 17387.939: [ParNew: 1311603K->71049K(1415616K), 0.0248360 secs] 2680733K->1440180K(8231360K), 0.0250520 secs] [Times: user=0.36 sys=0.01, real=0.03 secs] 
17391.060: [GC 17391.060: [ParNew: 1329417K->76409K(1415616K), 0.0279840 secs] 2698548K->1445540K(8231360K), 0.0282070 secs] [Times: user=0.42 sys=0.02, real=0.03 secs] 
17391.956: [GC 17391.956: [ParNew: 1334777K->77068K(1415616K), 0.0256540 secs] 2703908K->1446198K(8231360K), 0.0258680 secs] [Times: user=0.39 sys=0.01, real=0.02 secs] 
17394.946: [GC 17394.946: [ParNew: 1335436K->76940K(1415616K), 0.0250910 secs] 2704566K->1446070K(8231360K), 0.0253080 secs] [Times: user=0.40 sys=0.00, real=0.02 secs] 
17398.974: [GC 17398.974: [ParNew: 1335308K->60482K(1415616K), 0.0230780 secs] 2704438K->1429613K(8231360K), 0.0233070 secs] [Times: user=0.35 sys=0.01, real=0.03 secs] 
17409.287: [GC 17409.287: [ParNew: 1318850K->49178K(1415616K), 0.0243730 secs] 2687981K->1418308K(8231360K), 0.0245880 secs] [Times: user=0.36 sys=0.02, real=0.02 secs] 
17415.420: [GC 17415.420: [ParNew: 1307546K->51733K(1415616K), 0.0226730 secs] 2676676K->1420863K(8231360K), 0.0228940 secs] [Times: user=0.35 sys=0.00, real=0.02 secs] 
17421.586: [GC 17421.586: [ParNew: 1310101K->60272K(1415616K), 0.0244180 secs] 2679231K->1429402K(8231360K), 0.0246370 secs] [Times: user=0.37 sys=0.00, real=0.03 secs] 
17423.898: [GC 17423.898: [ParNew: 1318640K->61285K(1415616K), 0.0241280 secs] 2687770K->1430415K(8231360K), 0.0243540 secs] [Times: user=0.36 sys=0.01, real=0.03 secs] 
17430.998: [GC 17430.998: [ParNew: 1319653K->63178K(1415616K), 0.0244030 secs] 2688783K->1432308K(8231360K), 0.0246260 secs] [Times: user=0.37 sys=0.01, real=0.03 secs] 
17431.816: [GC 17431.816: [ParNew: 1321546K->67071K(1415616K), 0.0230900 secs] 2690676K->1436202K(8231360K), 0.0233070 secs] [Times: user=0.34 sys=0.02, real=0.02 secs] 
17432.621: [GC 17432.621: [ParNew: 1325439K->63912K(1415616K), 0.0238980 secs] 2694570K->1433043K(8231360K), 0.0241260 secs] [Times: user=0.36 sys=0.02, real=0.02 secs] 
17433.465: [GC 17433.465: [ParNew: 1322280K->72896K(1415616K), 0.0238340 secs] 2691411K->1442026K(8231360K), 0.0240480 secs] [Times: user=0.36 sys=0.00, real=0.02 secs] 
17439.190: [GC 17439.190: [ParNew: 1331264K->54385K(1415616K), 0.0220880 secs] 2700394K->1423515K(8231360K), 0.0222960 secs] [Times: user=0.33 sys=0.00, real=0.03 secs] 
17447.036: [GC 17447.036: [ParNew: 1312753K->57361K(1415616K), 0.0254390 secs] 2681883K->1426491K(8231360K), 0.0256510 secs] [Times: user=0.39 sys=0.01, real=0.02 secs] 
17450.852: [GC 17450.852: [ParNew: 1315729K->72599K(1415616K), 0.0258060 secs] 2684859K->1441729K(8231360K), 0.0260180 secs] [Times: user=0.40 sys=0.00, real=0.03 secs] 
17453.195: [GC 17453.196: [ParNew: 1330967K->78240K(1415616K), 0.0230550 secs] 2700097K->1447370K(8231360K), 0.0232700 secs] [Times: user=0.35 sys=0.00, real=0.02 secs] 
17457.015: [GC 17457.015: [ParNew: 1336608K->81255K(1415616K), 0.0272460 secs] 2705738K->1450385K(8231360K), 0.0274730 secs] [Times: user=0.41 sys=0.01, real=0.03 secs] 
17462.841: [GC 17462.841: [ParNew: 1339623K->67419K(1415616K), 0.0262230 secs] 2708753K->1436550K(8231360K), 0.0264540 secs] [Times: user=0.39 sys=0.02, real=0.03 secs] 
17465.252: [GC 17465.252: [ParNew: 1325787K->63664K(1415616K), 0.0241230 secs] 2694918K->1432795K(8231360K), 0.0243380 secs] [Times: user=0.37 sys=0.01, real=0.02 secs] 
17471.214: [GC 17471.214: [ParNew: 1322032K->59543K(1415616K), 0.0232460 secs] 2691163K->1428673K(8231360K), 0.0234590 secs] [Times: user=0.35 sys=0.02, real=0.02 secs] 
17483.813: [GC 17483.813: [ParNew: 1317911K->49718K(1415616K), 0.0208960 secs] 2687041K->1418849K(8231360K), 0.0211140 secs] [Times: user=0.31 sys=0.01, real=0.02 secs] 
17490.700: [GC 17490.700: [ParNew: 1308086K->59022K(1415616K), 0.0227900 secs] 2677217K->1428153K(8231360K), 0.0230030 secs] [Times: user=0.34 sys=0.01, real=0.03 secs] 
17491.626: [GC 17491.626: [ParNew: 1317390K->66376K(1415616K), 0.0206650 secs] 2686521K->1435506K(8231360K), 0.0208600 secs] [Times: user=0.30 sys=0.01, real=0.02 secs] 
17492.429: [GC 17492.429: [ParNew: 1324744K->68303K(1415616K), 0.0208990 secs] 2693874K->1437434K(8231360K), 0.0211190 secs] [Times: user=0.31 sys=0.01, real=0.02 secs] 
17493.245: [GC 17493.245: [ParNew: 1326671K->66988K(1415616K), 0.0235750 secs] 2695802K->1436118K(8231360K), 0.0237980 secs] [Times: user=0.35 sys=0.01, real=0.02 secs] 
17496.799: [GC 17496.799: [ParNew: 1325356K->67795K(1415616K), 0.0241160 secs] 2694486K->1436926K(8231360K), 0.0243400 secs] [Times: user=0.37 sys=0.00, real=0.03 secs] 
17501.993: [GC 17501.994: [ParNew: 1326163K->68862K(1415616K), 0.0283010 secs] 2695294K->1437992K(8231360K), 0.0285190 secs] [Times: user=0.42 sys=0.00, real=0.03 secs] 
17508.098: [GC 17508.098: [ParNew: 1327230K->61532K(1415616K), 0.0258130 secs] 2696360K->1430663K(8231360K), 0.0260390 secs] [Times: user=0.38 sys=0.02, real=0.02 secs] 
17511.408: [GC 17511.409: [ParNew: 1319900K->69513K(1415616K), 0.0263530 secs] 2689031K->1438644K(8231360K), 0.0265750 secs] [Times: user=0.39 sys=0.01, real=0.02 secs] 
17514.808: [GC 17514.809: [ParNew: 1327881K->73133K(1415616K), 0.0275560 secs] 2697012K->1442264K(8231360K), 0.0277760 secs] [Times: user=0.42 sys=0.01, real=0.02 secs] 
17520.871: [GC 17520.871: [ParNew: 1331501K->67496K(1415616K), 0.0255750 secs] 2700632K->1436626K(8231360K), 0.0258010 secs] [Times: user=0.38 sys=0.00, real=0.02 secs] 
17523.595: [GC 17523.595: [ParNew: 1325864K->65603K(1415616K), 0.0237410 secs] 2694994K->1434734K(8231360K), 0.0239750 secs] [Times: user=0.36 sys=0.01, real=0.03 secs] 
17529.437: [GC 17529.438: [ParNew: 1323971K->63912K(1415616K), 0.0275420 secs] 2693102K->1433042K(8231360K), 0.0277650 secs] [Times: user=0.40 sys=0.02, real=0.03 secs] 
17531.019: [GC 17531.019: [ParNew: 1322280K->71296K(1415616K), 0.0233000 secs] 2691410K->1440426K(8231360K), 0.0235250 secs] [Times: user=0.36 sys=0.00, real=0.03 secs] 
17539.262: [GC 17539.263: [ParNew: 1329664K->50965K(1415616K), 0.0233070 secs] 2698794K->1420096K(8231360K), 0.0235210 secs] [Times: user=0.35 sys=0.01, real=0.02 secs] 
17551.180: [GC 17551.180: [ParNew: 1309333K->48980K(1415616K), 0.0219750 secs] 2678464K->1418110K(8231360K), 0.0222060 secs] [Times: user=0.33 sys=0.01, real=0.02 secs] 
17552.008: [GC 17552.008: [ParNew: 1307348K->62022K(1415616K), 0.0212470 secs] 2676478K->1431152K(8231360K), 0.0214680 secs] [Times: user=0.32 sys=0.02, real=0.02 secs] 
17552.826: [GC 17552.827: [ParNew: 1320390K->57782K(1415616K), 0.0219620 secs] 2689520K->1426913K(8231360K), 0.0221790 secs] [Times: user=0.34 sys=0.01, real=0.02 secs] 
17555.460: [GC 17555.460: [ParNew: 1316150K->66083K(1415616K), 0.0282850 secs] 2685281K->1435214K(8231360K), 0.0285080 secs] [Times: user=0.43 sys=0.01, real=0.03 secs] 
17562.987: [GC 17562.987: [ParNew: 1324451K->59488K(1415616K), 0.0245970 secs] 2693582K->1428618K(8231360K), 0.0248310 secs] [Times: user=0.37 sys=0.02, real=0.02 secs] 
17565.596: [GC 17565.596: [ParNew: 1317856K->61662K(1415616K), 0.0220700 secs] 2686986K->1430793K(8231360K), 0.0222910 secs] [Times: user=0.34 sys=0.00, real=0.03 secs] 
17569.185: [GC 17569.185: [ParNew: 1320030K->71428K(1415616K), 0.0244930 secs] 2689161K->1440558K(8231360K), 0.0247110 secs] [Times: user=0.37 sys=0.02, real=0.03 secs] 
17571.320: [GC 17571.320: [ParNew: 1329796K->83981K(1415616K), 0.0242010 secs] 2698926K->1453112K(8231360K), 0.0244360 secs] [Times: user=0.36 sys=0.02, real=0.02 secs] 
17573.006: [GC 17573.006: [ParNew: 1342349K->62679K(1415616K), 0.0271980 secs] 2711480K->1431809K(8231360K), 0.0274310 secs] [Times: user=0.40 sys=0.03, real=0.03 secs] 
17576.739: [GC 17576.739: [ParNew: 1321047K->70409K(1415616K), 0.0277190 secs] 2690177K->1439540K(8231360K), 0.0279460 secs] [Times: user=0.42 sys=0.01, real=0.02 secs] 
17582.183: [GC 17582.183: [ParNew: 1328777K->71404K(1415616K), 0.0259910 secs] 2697908K->1440534K(8231360K), 0.0262210 secs] [Times: user=0.39 sys=0.00, real=0.03 secs] 
17588.186: [GC 17588.186: [ParNew: 1329772K->66442K(1415616K), 0.0224940 secs] 2698902K->1435572K(8231360K), 0.0227100 secs] [Times: user=0.34 sys=0.01, real=0.02 secs] 
17591.776: [GC 17591.776: [ParNew: 1324810K->67103K(1415616K), 0.0218640 secs] 2693940K->1436233K(8231360K), 0.0220860 secs] [Times: user=0.33 sys=0.00, real=0.02 secs] 
17596.515: [GC 17596.515: [ParNew: 1325471K->68948K(1415616K), 0.0272330 secs] 2694601K->1438079K(8231360K), 0.0274540 secs] [Times: user=0.40 sys=0.02, real=0.03 secs] 
17599.458: [GC 17599.458: [ParNew: 1327316K->62733K(1415616K), 0.0253080 secs] 2696447K->1431864K(8231360K), 0.0255150 secs] [Times: user=0.38 sys=0.00, real=0.03 secs] 
17611.133: [GC 17611.133: [ParNew: 1321101K->43750K(1415616K), 0.0237790 secs] 2690232K->1412880K(8231360K), 0.0239910 secs] [Times: user=0.36 sys=0.01, real=0.03 secs] 
17611.947: [GC 17611.947: [ParNew: 1302118K->50891K(1415616K), 0.0201180 secs] 2671248K->1420021K(8231360K), 0.0203420 secs] [Times: user=0.31 sys=0.01, real=0.02 secs] 
17612.754: [GC 17612.755: [ParNew: 1309259K->58517K(1415616K), 0.0205710 secs] 2678389K->1427647K(8231360K), 0.0207820 secs] [Times: user=0.30 sys=0.00, real=0.03 secs] 
17621.514: [GC 17621.514: [ParNew: 1316885K->59587K(1415616K), 0.0224700 secs] 2686015K->1428717K(8231360K), 0.0226870 secs] [Times: user=0.34 sys=0.00, real=0.03 secs] 
17626.134: [GC 17626.134: [ParNew: 1317955K->55305K(1415616K), 0.0241650 secs] 2687085K->1424435K(8231360K), 0.0243870 secs] [Times: user=0.35 sys=0.01, real=0.03 secs] 
17630.505: [GC 17630.505: [ParNew: 1313673K->70049K(1415616K), 0.0229530 secs] 2682803K->1439179K(8231360K), 0.0231690 secs] [Times: user=0.34 sys=0.02, real=0.03 secs] 
17632.517: [GC 17632.517: [ParNew: 1328417K->70720K(1415616K), 0.0237750 secs] 2697547K->1439851K(8231360K), 0.0240010 secs] [Times: user=0.36 sys=0.00, real=0.03 secs] 
17635.210: [GC 17635.210: [ParNew: 1329088K->77592K(1415616K), 0.0283100 secs] 2698219K->1446723K(8231360K), 0.0285550 secs] [Times: user=0.44 sys=0.01, real=0.03 secs] 
17638.599: [GC 17638.599: [ParNew: 1335960K->77954K(1415616K), 0.0269370 secs] 2705091K->1447084K(8231360K), 0.0271650 secs] [Times: user=0.41 sys=0.01, real=0.03 secs] 
17644.581: [GC 17644.581: [ParNew: 1336322K->59257K(1415616K), 0.0233100 secs] 2705452K->1428387K(8231360K), 0.0235300 secs] [Times: user=0.35 sys=0.01, real=0.02 secs] 
17652.195: [GC 17652.195: [ParNew: 1317625K->49729K(1415616K), 0.0228910 secs] 2686755K->1418859K(8231360K), 0.0231130 secs] [Times: user=0.34 sys=0.01, real=0.02 secs] 
17658.069: [GC 17658.069: [ParNew: 1308097K->55952K(1415616K), 0.0257060 secs] 2677227K->1425083K(8231360K), 0.0259280 secs] [Times: user=0.38 sys=0.02, real=0.03 secs] 
17664.062: [GC 17664.062: [ParNew: 1314320K->65833K(1415616K), 0.0261410 secs] 2683451K->1434963K(8231360K), 0.0263640 secs] [Times: user=0.39 sys=0.02, real=0.03 secs] 
17667.421: [GC 17667.421: [ParNew: 1324201K->66795K(1415616K), 0.0246810 secs] 2693331K->1435926K(8231360K), 0.0249070 secs] [Times: user=0.37 sys=0.01, real=0.03 secs] 
17671.437: [GC 17671.437: [ParNew: 1325163K->58774K(1415616K), 0.0224020 secs] 2694294K->1427904K(8231360K), 0.0226150 secs] [Times: user=0.34 sys=0.00, real=0.02 secs] 
17672.252: [GC 17672.252: [ParNew: 1317142K->68511K(1415616K), 0.0245760 secs] 2686272K->1437641K(8231360K), 0.0248010 secs] [Times: user=0.36 sys=0.02, real=0.03 secs] 
17673.092: [GC 17673.092: [ParNew: 1326879K->63374K(1415616K), 0.0225690 secs] 2696009K->1432505K(8231360K), 0.0227900 secs] [Times: user=0.34 sys=0.01, real=0.02 secs] 
17687.230: [GC 17687.230: [ParNew: 1321742K->49706K(1415616K), 0.0260980 secs] 2690873K->1418837K(8231360K), 0.0263370 secs] [Times: user=0.40 sys=0.00, real=0.02 secs] 
17690.366: [GC 17690.366: [ParNew: 1308074K->65763K(1415616K), 0.0229850 secs] 2677205K->1434894K(8231360K), 0.0232020 secs] [Times: user=0.34 sys=0.00, real=0.02 secs] 
17691.583: [GC 17691.583: [ParNew: 1324131K->69741K(1415616K), 0.0252270 secs] 2693262K->1438871K(8231360K), 0.0254450 secs] [Times: user=0.38 sys=0.00, real=0.02 secs] 
17694.853: [GC 17694.853: [ParNew: 1328109K->70547K(1415616K), 0.0237900 secs] 2697239K->1439678K(8231360K), 0.0240280 secs] [Times: user=0.35 sys=0.01, real=0.02 secs] 
17700.785: [GC 17700.785: [ParNew: 1328915K->57518K(1415616K), 0.0244340 secs] 2698046K->1426648K(8231360K), 0.0246540 secs] [Times: user=0.37 sys=0.00, real=0.02 secs] 
17702.652: [GC 17702.653: [ParNew: 1315886K->74598K(1415616K), 0.0268660 secs] 2685016K->1443728K(8231360K), 0.0270930 secs] [Times: user=0.40 sys=0.01, real=0.02 secs] 
17705.281: [GC 17705.281: [ParNew: 1332966K->71966K(1415616K), 0.0244750 secs] 2702096K->1441096K(8231360K), 0.0247030 secs] [Times: user=0.37 sys=0.00, real=0.03 secs] 
17710.675: [GC 17710.675: [ParNew: 1330334K->62204K(1415616K), 0.0256940 secs] 2699464K->1431334K(8231360K), 0.0259140 secs] [Times: user=0.39 sys=0.02, real=0.02 secs] 
17715.585: [GC 17715.585: [ParNew: 1320572K->53147K(1415616K), 0.0224830 secs] 2689702K->1422277K(8231360K), 0.0227030 secs] [Times: user=0.34 sys=0.00, real=0.02 secs] 
17724.112: [GC 17724.112: [ParNew: 1311515K->58732K(1415616K), 0.0274400 secs] 2680645K->1427862K(8231360K), 0.0276770 secs] [Times: user=0.42 sys=0.01, real=0.03 secs] 
17730.960: [GC 17730.960: [ParNew: 1317100K->70355K(1415616K), 0.0242130 secs] 2686230K->1439485K(8231360K), 0.0244350 secs] [Times: user=0.36 sys=0.02, real=0.02 secs] 
17731.792: [GC 17731.792: [ParNew: 1328723K->63749K(1415616K), 0.0243460 secs] 2697853K->1432879K(8231360K), 0.0245780 secs] [Times: user=0.37 sys=0.00, real=0.02 secs] 
17732.612: [GC 17732.613: [ParNew: 1322117K->67814K(1415616K), 0.0238660 secs] 2691247K->1436944K(8231360K), 0.0241000 secs] [Times: user=0.36 sys=0.01, real=0.03 secs] 
17733.457: [GC 17733.457: [ParNew: 1326182K->66537K(1415616K), 0.0265540 secs] 2695312K->1435667K(8231360K), 0.0267750 secs] [Times: user=0.40 sys=0.01, real=0.02 secs] 
17735.609: [GC 17735.610: [ParNew: 1324905K->67338K(1415616K), 0.0240310 secs] 2694035K->1436468K(8231360K), 0.0242550 secs] [Times: user=0.37 sys=0.00, real=0.02 secs] 
17748.584: [GC 17748.584: [ParNew: 1325706K->56972K(1415616K), 0.0258970 secs] 2694836K->1426103K(8231360K), 0.0261150 secs] [Times: user=0.38 sys=0.01, real=0.03 secs] 
17751.324: [GC 17751.324: [ParNew: 1315340K->67214K(1415616K), 0.0221110 secs] 2684471K->1436345K(8231360K), 0.0223380 secs] [Times: user=0.33 sys=0.00, real=0.02 secs] 
17752.792: [GC 17752.792: [ParNew: 1325582K->74122K(1415616K), 0.0265750 secs] 2694713K->1443252K(8231360K), 0.0267990 secs] [Times: user=0.40 sys=0.02, real=0.02 secs] 
17755.225: [GC 17755.225: [ParNew: 1332490K->74930K(1415616K), 0.0263200 secs] 2701620K->1444060K(8231360K), 0.0265350 secs] [Times: user=0.40 sys=0.00, real=0.03 secs] 
17763.355: [GC 17763.356: [ParNew: 1333298K->59596K(1415616K), 0.0251470 secs] 2702428K->1428726K(8231360K), 0.0253700 secs] [Times: user=0.39 sys=0.00, real=0.02 secs] 
17767.415: [GC 17767.415: [ParNew: 1317964K->68983K(1415616K), 0.0249780 secs] 2687094K->1438113K(8231360K), 0.0252030 secs] [Times: user=0.39 sys=0.00, real=0.02 secs] 
17770.777: [GC 17770.778: [ParNew: 1327351K->76682K(1415616K), 0.0259140 secs] 2696481K->1445813K(8231360K), 0.0261360 secs] [Times: user=0.39 sys=0.01, real=0.02 secs] 
17772.897: [GC 17772.897: [ParNew: 1335050K->72294K(1415616K), 0.0301720 secs] 2704181K->1441424K(8231360K), 0.0303950 secs] [Times: user=0.45 sys=0.02, real=0.03 secs] 
17777.806: [GC 17777.806: [ParNew: 1330662K->66922K(1415616K), 0.0275560 secs] 2699792K->1436052K(8231360K), 0.0277760 secs] [Times: user=0.43 sys=0.00, real=0.02 secs] 
17787.187: [GC 17787.187: [ParNew: 1325290K->59092K(1415616K), 0.0220850 secs] 2694420K->1428223K(8231360K), 0.0223170 secs] [Times: user=0.34 sys=0.00, real=0.02 secs] 
17791.414: [GC 17791.414: [ParNew: 1317460K->64355K(1415616K), 0.0255790 secs] 2686591K->1433485K(8231360K), 0.0258000 secs] [Times: user=0.39 sys=0.02, real=0.03 secs] 
17792.237: [GC 17792.238: [ParNew: 1322723K->67466K(1415616K), 0.0239220 secs] 2691853K->1436596K(8231360K), 0.0241530 secs] [Times: user=0.37 sys=0.00, real=0.03 secs] 
17793.077: [GC 17793.077: [ParNew: 1325834K->74727K(1415616K), 0.0281440 secs] 2694964K->1443857K(8231360K), 0.0283650 secs] [Times: user=0.43 sys=0.01, real=0.03 secs] 
17796.009: [GC 17796.010: [ParNew: 1333095K->69149K(1415616K), 0.0264410 secs] 2702225K->1438280K(8231360K), 0.0266650 secs] [Times: user=0.40 sys=0.00, real=0.02 secs] 
17801.600: [GC 17801.600: [ParNew: 1327517K->64564K(1415616K), 0.0256330 secs] 2696648K->1433694K(8231360K), 0.0258530 secs] [Times: user=0.38 sys=0.00, real=0.02 secs] 
17806.212: [GC 17806.212: [ParNew: 1322932K->64742K(1415616K), 0.0266820 secs] 2692062K->1433872K(8231360K), 0.0269050 secs] [Times: user=0.41 sys=0.00, real=0.02 secs] 
17811.433: [GC 17811.433: [ParNew: 1323110K->70320K(1415616K), 0.0272050 secs] 2692240K->1439450K(8231360K), 0.0274290 secs] [Times: user=0.41 sys=0.01, real=0.02 secs] 
17812.708: [GC 17812.708: [ParNew: 1328688K->75420K(1415616K), 0.0249090 secs] 2697818K->1444550K(8231360K), 0.0251390 secs] [Times: user=0.37 sys=0.02, real=0.03 secs] 
17817.976: [GC 17817.976: [ParNew: 1333788K->69478K(1415616K), 0.0265450 secs] 2702918K->1438608K(8231360K), 0.0267750 secs] [Times: user=0.40 sys=0.00, real=0.03 secs] 
17822.840: [GC 17822.840: [ParNew: 1327846K->70091K(1415616K), 0.0239930 secs] 2696976K->1439221K(8231360K), 0.0242160 secs] [Times: user=0.37 sys=0.00, real=0.03 secs] 
17831.009: [GC 17831.010: [ParNew: 1328459K->65385K(1415616K), 0.0280560 secs] 2697589K->1434515K(8231360K), 0.0282930 secs] [Times: user=0.42 sys=0.01, real=0.03 secs] 
17836.003: [GC 17836.003: [ParNew: 1323753K->66564K(1415616K), 0.0465550 secs] 2692883K->1435694K(8231360K), 0.0469690 secs] [Times: user=0.65 sys=0.02, real=0.05 secs] 
17839.981: [GC 17839.981: [ParNew: 1324932K->68636K(1415616K), 0.0260130 secs] 2694062K->1437766K(8231360K), 0.0262050 secs] [Times: user=0.39 sys=0.02, real=0.03 secs] 
17841.983: [GC 17841.983: [ParNew: 1327004K->72160K(1415616K), 0.0258320 secs] 2696134K->1441291K(8231360K), 0.0260220 secs] [Times: user=0.39 sys=0.01, real=0.03 secs] 
17850.913: [GC 17850.913: [ParNew: 1330528K->64276K(1415616K), 0.0247900 secs] 2699659K->1433407K(8231360K), 0.0249910 secs] [Times: user=0.37 sys=0.00, real=0.02 secs] 
17851.760: [GC 17851.760: [ParNew: 1322644K->65833K(1415616K), 0.0243980 secs] 2691775K->1434963K(8231360K), 0.0245930 secs] [Times: user=0.37 sys=0.00, real=0.02 secs] 
17852.569: [GC 17852.569: [ParNew: 1324201K->61162K(1415616K), 0.0233780 secs] 2693331K->1430293K(8231360K), 0.0235880 secs] [Times: user=0.35 sys=0.01, real=0.02 secs] 
17854.386: [GC 17854.386: [ParNew: 1319530K->59194K(1415616K), 0.0253120 secs] 2688661K->1428325K(8231360K), 0.0255160 secs] [Times: user=0.39 sys=0.00, real=0.03 secs] 
17862.426: [GC 17862.426: [ParNew: 1317562K->68831K(1415616K), 0.0267530 secs] 2686693K->1437961K(8231360K), 0.0269870 secs] [Times: user=0.39 sys=0.01, real=0.03 secs] 
17866.055: [GC 17866.055: [ParNew: 1327199K->66055K(1415616K), 0.0269850 secs] 2696329K->1435186K(8231360K), 0.0271990 secs] [Times: user=0.40 sys=0.02, real=0.03 secs] 
17868.391: [GC 17868.391: [ParNew: 1324423K->69853K(1415616K), 0.0265200 secs] 2693554K->1438984K(8231360K), 0.0267320 secs] [Times: user=0.41 sys=0.00, real=0.03 secs] 
17871.190: [GC 17871.190: [ParNew: 1328221K->82313K(1415616K), 0.0262990 secs] 2697352K->1451444K(8231360K), 0.0265100 secs] [Times: user=0.41 sys=0.00, real=0.03 secs] 
17872.179: [GC 17872.179: [ParNew: 1340681K->72428K(1415616K), 0.0265690 secs] 2709812K->1441559K(8231360K), 0.0267850 secs] [Times: user=0.40 sys=0.01, real=0.03 secs] 
17881.354: [GC 17881.355: [ParNew: 1330796K->63511K(1415616K), 0.0250410 secs] 2699927K->1432641K(8231360K), 0.0252550 secs] [Times: user=0.37 sys=0.02, real=0.02 secs] 
17887.863: [GC 17887.863: [ParNew: 1321879K->65290K(1415616K), 0.0259700 secs] 2691009K->1434421K(8231360K), 0.0261890 secs] [Times: user=0.39 sys=0.00, real=0.03 secs] 
17892.581: [GC 17892.581: [ParNew: 1323658K->63903K(1415616K), 0.0281640 secs] 2692789K->1433034K(8231360K), 0.0283910 secs] [Times: user=0.43 sys=0.00, real=0.03 secs] 
17902.016: [GC 17902.016: [ParNew: 1322271K->62670K(1415616K), 0.0242660 secs] 2691402K->1431801K(8231360K), 0.0244810 secs] [Times: user=0.36 sys=0.02, real=0.03 secs] 
17904.640: [GC 17904.640: [ParNew: 1321038K->67641K(1415616K), 0.0351330 secs] 2690169K->1436771K(8231360K), 0.0353410 secs] [Times: user=0.53 sys=0.03, real=0.03 secs] 
17907.637: [GC 17907.637: [ParNew: 1326009K->75539K(1415616K), 0.0265400 secs] 2695139K->1444669K(8231360K), 0.0267420 secs] [Times: user=0.40 sys=0.00, real=0.03 secs] 
17911.204: [GC 17911.205: [ParNew: 1333907K->76698K(1415616K), 0.0294280 secs] 2703037K->1445828K(8231360K), 0.0296440 secs] [Times: user=0.45 sys=0.01, real=0.03 secs] 
17912.035: [GC 17912.035: [ParNew: 1335066K->75239K(1415616K), 0.0271290 secs] 2704196K->1444369K(8231360K), 0.0273410 secs] [Times: user=0.41 sys=0.01, real=0.03 secs] 
17912.870: [GC 17912.870: [ParNew: 1333607K->72708K(1415616K), 0.0269850 secs] 2702737K->1441839K(8231360K), 0.0271940 secs] [Times: user=0.42 sys=0.01, real=0.02 secs] 
17917.194: [GC 17917.194: [ParNew: 1331076K->65528K(1415616K), 0.0284030 secs] 2700207K->1434658K(8231360K), 0.0286110 secs] [Times: user=0.43 sys=0.01, real=0.03 secs] 
17925.316: [GC 17925.316: [ParNew: 1323896K->72141K(1415616K), 0.0257870 secs] 2693026K->1441272K(8231360K), 0.0260310 secs] [Times: user=0.39 sys=0.00, real=0.02 secs] 
17928.170: [GC 17928.171: [ParNew: 1330509K->89604K(1415616K), 0.0304390 secs] 2699640K->1458734K(8231360K), 0.0306600 secs] [Times: user=0.45 sys=0.02, real=0.03 secs] 
17930.944: [GC 17930.944: [ParNew: 1347972K->96470K(1415616K), 0.0269670 secs] 2717102K->1465600K(8231360K), 0.0271870 secs] [Times: user=0.41 sys=0.00, real=0.02 secs] 
17933.513: [GC 17933.513: [ParNew: 1354838K->106105K(1415616K), 0.0289900 secs] 2723968K->1475236K(8231360K), 0.0292060 secs] [Times: user=0.45 sys=0.00, real=0.03 secs] 
17934.740: [GC 17934.740: [ParNew: 1364473K->123306K(1415616K), 0.0312590 secs] 2733604K->1492436K(8231360K), 0.0314820 secs] [Times: user=0.47 sys=0.02, real=0.03 secs] 
17935.193: [GC 17935.193: [ParNew: 1381674K->138919K(1415616K), 0.0333910 secs] 2750804K->1508050K(8231360K), 0.0336090 secs] [Times: user=0.51 sys=0.01, real=0.04 secs] 
17935.642: [GC 17935.642: [ParNew: 1397287K->104084K(1415616K), 0.0636210 secs] 2766418K->1492896K(8231360K), 0.0638370 secs] [Times: user=0.61 sys=0.03, real=0.07 secs] 
17936.120: [GC 17936.120: [ParNew: 1362452K->130981K(1415616K), 0.0323240 secs] 2751264K->1519793K(8231360K), 0.0325450 secs] [Times: user=0.50 sys=0.00, real=0.03 secs] 
17936.568: [GC 17936.568: [ParNew: 1389349K->132739K(1415616K), 0.0498490 secs] 2778161K->1532431K(8231360K), 0.0500700 secs] [Times: user=0.58 sys=0.01, real=0.05 secs] 
17937.028: [GC 17937.028: [ParNew: 1391107K->124039K(1415616K), 0.0559640 secs] 2790799K->1536829K(8231360K), 0.0561870 secs] [Times: user=0.56 sys=0.03, real=0.06 secs] 
17937.497: [GC 17937.497: [ParNew: 1382407K->123252K(1415616K), 0.0471610 secs] 2795197K->1545351K(8231360K), 0.0473800 secs] [Times: user=0.53 sys=0.01, real=0.05 secs] 
17937.956: [GC 17937.956: [ParNew: 1381620K->109428K(1415616K), 0.0605810 secs] 2803719K->1547370K(8231360K), 0.0607950 secs] [Times: user=0.54 sys=0.03, real=0.06 secs] 
17938.437: [GC 17938.437: [ParNew: 1367796K->112500K(1415616K), 0.0533080 secs] 2805738K->1562103K(8231360K), 0.0535270 secs] [Times: user=0.57 sys=0.01, real=0.05 secs] 
17938.904: [GC 17938.904: [ParNew: 1370868K->126968K(1415616K), 0.0515890 secs] 2820471K->1587694K(8231360K), 0.0518030 secs] [Times: user=0.54 sys=0.02, real=0.06 secs] 
17939.376: [GC 17939.376: [ParNew: 1385336K->120038K(1415616K), 0.0553990 secs] 2846062K->1592960K(8231360K), 0.0556160 secs] [Times: user=0.55 sys=0.02, real=0.05 secs] 
17939.854: [GC 17939.854: [ParNew: 1378406K->114567K(1415616K), 0.0551480 secs] 2851328K->1599037K(8231360K), 0.0553650 secs] [Times: user=0.53 sys=0.02, real=0.06 secs] 
17940.338: [GC 17940.338: [ParNew: 1372935K->106768K(1415616K), 0.0593130 secs] 2857405K->1603765K(8231360K), 0.0595370 secs] [Times: user=0.55 sys=0.02, real=0.06 secs] 
17940.827: [GC 17940.827: [ParNew: 1365136K->101752K(1415616K), 0.0560510 secs] 2862133K->1610867K(8231360K), 0.0562640 secs] [Times: user=0.51 sys=0.02, real=0.05 secs] 
17942.205: [GC 17942.205: [ParNew: 1360120K->144664K(1415616K), 0.0367090 secs] 2869235K->1653779K(8231360K), 0.0369260 secs] [Times: user=0.57 sys=0.00, real=0.04 secs] 
17947.430: [GC 17947.430: [ParNew: 1403032K->108699K(1415616K), 0.0696810 secs] 2912147K->1630632K(8231360K), 0.0699050 secs] [Times: user=0.74 sys=0.00, real=0.07 secs] 
17953.101: [GC 17953.102: [ParNew: 1367067K->77819K(1415616K), 0.0507050 secs] 2889000K->1608301K(8231360K), 0.0509130 secs] [Times: user=0.59 sys=0.01, real=0.05 secs] 
17962.030: [GC 17962.031: [ParNew: 1336187K->88644K(1415616K), 0.0300850 secs] 2866669K->1619126K(8231360K), 0.0302970 secs] [Times: user=0.46 sys=0.00, real=0.03 secs] 
17967.535: [GC 17967.535: [ParNew: 1347012K->96873K(1415616K), 0.0346380 secs] 2877494K->1627355K(8231360K), 0.0348590 secs] [Times: user=0.54 sys=0.00, real=0.03 secs] 
17970.792: [GC 17970.792: [ParNew: 1355241K->105276K(1415616K), 0.0378260 secs] 2885723K->1635758K(8231360K), 0.0380510 secs] [Times: user=0.59 sys=0.00, real=0.04 secs] 
17971.278: [GC 17971.278: [ParNew: 1363644K->102823K(1415616K), 0.0332620 secs] 2894126K->1633306K(8231360K), 0.0334810 secs] [Times: user=0.52 sys=0.00, real=0.04 secs] 
17971.709: [GC 17971.709: [ParNew: 1361191K->101023K(1415616K), 0.0338510 secs] 2891674K->1631505K(8231360K), 0.0340650 secs] [Times: user=0.51 sys=0.01, real=0.04 secs] 
17972.142: [GC 17972.142: [ParNew: 1359391K->107287K(1415616K), 0.0346340 secs] 2889873K->1637769K(8231360K), 0.0348490 secs] [Times: user=0.55 sys=0.00, real=0.03 secs] 
17972.574: [GC 17972.574: [ParNew: 1365655K->108404K(1415616K), 0.0351830 secs] 2896137K->1638886K(8231360K), 0.0353980 secs] [Times: user=0.54 sys=0.00, real=0.03 secs] 
17973.022: [GC 17973.022: [ParNew: 1366772K->108903K(1415616K), 0.0375420 secs] 2897254K->1639386K(8231360K), 0.0378460 secs] [Times: user=0.59 sys=0.00, real=0.03 secs] 
17973.469: [GC 17973.469: [ParNew: 1367271K->110808K(1415616K), 0.0352140 secs] 2897754K->1641290K(8231360K), 0.0354310 secs] [Times: user=0.56 sys=0.00, real=0.04 secs] 
17973.911: [GC 17973.911: [ParNew: 1369176K->108409K(1415616K), 0.0344870 secs] 2899658K->1638891K(8231360K), 0.0347150 secs] [Times: user=0.53 sys=0.00, real=0.04 secs] 
17974.375: [GC 17974.375: [ParNew: 1366777K->115155K(1415616K), 0.0371710 secs] 2897259K->1645638K(8231360K), 0.0373880 secs] [Times: user=0.57 sys=0.00, real=0.04 secs] 
17974.828: [GC 17974.828: [ParNew: 1373523K->83926K(1415616K), 0.1065320 secs] 2904006K->1651476K(8231360K), 0.1067450 secs] [Times: user=0.74 sys=0.04, real=0.11 secs] 
17975.354: [GC 17975.355: [ParNew: 1342294K->68813K(1415616K), 0.0252670 secs] 2909844K->1636363K(8231360K), 0.0254830 secs] [Times: user=0.39 sys=0.00, real=0.02 secs] 
17975.784: [GC 17975.785: [ParNew: 1327181K->70014K(1415616K), 0.0228320 secs] 2894731K->1637563K(8231360K), 0.0230740 secs] [Times: user=0.35 sys=0.00, real=0.02 secs] 
17976.603: [GC 17976.603: [ParNew: 1328382K->74519K(1415616K), 0.0232020 secs] 2895931K->1642069K(8231360K), 0.0234100 secs] [Times: user=0.35 sys=0.01, real=0.02 secs] 
17978.400: [GC 17978.400: [ParNew: 1332887K->84481K(1415616K), 0.0258940 secs] 2900437K->1652031K(8231360K), 0.0261070 secs] [Times: user=0.39 sys=0.00, real=0.03 secs] 
17980.001: [GC 17980.001: [ParNew: 1342849K->87341K(1415616K), 0.0281110 secs] 2910399K->1654890K(8231360K), 0.0283280 secs] [Times: user=0.43 sys=0.00, real=0.03 secs] 
17981.999: [GC 17981.999: [ParNew: 1345709K->99518K(1415616K), 0.0289170 secs] 2913258K->1667068K(8231360K), 0.0291380 secs] [Times: user=0.45 sys=0.00, real=0.03 secs] 
17984.189: [GC 17984.189: [ParNew: 1357886K->100233K(1415616K), 0.0289800 secs] 2925436K->1667783K(8231360K), 0.0292030 secs] [Times: user=0.45 sys=0.00, real=0.03 secs] 
17986.135: [GC 17986.136: [ParNew: 1358601K->117440K(1415616K), 0.0305810 secs] 2926151K->1684990K(8231360K), 0.0307980 secs] [Times: user=0.47 sys=0.01, real=0.03 secs] 
17988.273: [GC 17988.273: [ParNew: 1375808K->115201K(1415616K), 0.0315820 secs] 2943358K->1682751K(8231360K), 0.0318020 secs] [Times: user=0.48 sys=0.00, real=0.04 secs] 
17989.993: [GC 17989.993: [ParNew: 1373569K->130061K(1415616K), 0.0365210 secs] 2941119K->1697611K(8231360K), 0.0367430 secs] [Times: user=0.55 sys=0.02, real=0.04 secs] 
17991.118: [GC 17991.118: [ParNew: 1388429K->94988K(1415616K), 0.0664220 secs] 2955979K->1682023K(8231360K), 0.0666440 secs] [Times: user=0.56 sys=0.02, real=0.07 secs] 
17991.581: [GC 17991.581: [ParNew: 1353356K->82423K(1415616K), 0.0243040 secs] 2940391K->1669459K(8231360K), 0.0245120 secs] [Times: user=0.36 sys=0.01, real=0.03 secs] 
17992.189: [GC 17992.189: [ParNew: 1340791K->85448K(1415616K), 0.0277140 secs] 2927827K->1672483K(8231360K), 0.0279230 secs] [Times: user=0.41 sys=0.00, real=0.03 secs] 
17995.315: [GC 17995.315: [ParNew: 1343816K->81177K(1415616K), 0.0253230 secs] 2930851K->1668212K(8231360K), 0.0255460 secs] [Times: user=0.38 sys=0.01, real=0.03 secs] 
18001.685: [GC 18001.685: [ParNew: 1339545K->73936K(1415616K), 0.0272390 secs] 2926580K->1660971K(8231360K), 0.0274650 secs] [Times: user=0.41 sys=0.01, real=0.03 secs] 
18003.196: [GC 18003.196: [ParNew: 1332304K->80906K(1415616K), 0.0252200 secs] 2919339K->1667942K(8231360K), 0.0254500 secs] [Times: user=0.39 sys=0.00, real=0.03 secs] 
18005.808: [GC 18005.808: [ParNew: 1339274K->89446K(1415616K), 0.0246470 secs] 2926310K->1676481K(8231360K), 0.0248680 secs] [Times: user=0.38 sys=0.00, real=0.02 secs] 
18008.701: [GC 18008.701: [ParNew: 1347814K->91480K(1415616K), 0.0295150 secs] 2934849K->1678516K(8231360K), 0.0297270 secs] [Times: user=0.45 sys=0.00, real=0.03 secs] 
18010.029: [GC 18010.029: [ParNew: 1349848K->89362K(1415616K), 0.0361720 secs] 2936884K->1676398K(8231360K), 0.0363890 secs] [Times: user=0.54 sys=0.02, real=0.03 secs] 
18011.382: [GC 18011.382: [ParNew: 1347730K->90943K(1415616K), 0.0269550 secs] 2934766K->1677978K(8231360K), 0.0271730 secs] [Times: user=0.41 sys=0.00, real=0.03 secs] 
18014.901: [GC 18014.901: [ParNew: 1349311K->88350K(1415616K), 0.0259010 secs] 2936346K->1675385K(8231360K), 0.0261250 secs] [Times: user=0.39 sys=0.00, real=0.02 secs] 
18015.840: [GC 18015.840: [ParNew: 1346718K->78710K(1415616K), 0.0262100 secs] 2933753K->1665746K(8231360K), 0.0264350 secs] [Times: user=0.40 sys=0.00, real=0.02 secs] 
18018.782: [GC 18018.782: [ParNew: 1337078K->86368K(1415616K), 0.0304840 secs] 2924114K->1673403K(8231360K), 0.0306960 secs] [Times: user=0.48 sys=0.00, real=0.03 secs] 
18022.006: [GC 18022.006: [ParNew: 1344736K->78438K(1415616K), 0.0262140 secs] 2931771K->1665473K(8231360K), 0.0264330 secs] [Times: user=0.42 sys=0.00, real=0.03 secs] 
18023.608: [GC 18023.608: [ParNew: 1336806K->91209K(1415616K), 0.0276690 secs] 2923841K->1678245K(8231360K), 0.0278750 secs] [Times: user=0.43 sys=0.00, real=0.03 secs] 
18030.184: [GC 18030.184: [ParNew: 1349577K->80455K(1415616K), 0.0267780 secs] 2936613K->1667490K(8231360K), 0.0269990 secs] [Times: user=0.42 sys=0.00, real=0.02 secs] 
18033.104: [GC 18033.104: [ParNew: 1338823K->91264K(1415616K), 0.0275990 secs] 2925858K->1678299K(8231360K), 0.0278180 secs] [Times: user=0.41 sys=0.00, real=0.02 secs] 
18034.795: [GC 18034.795: [ParNew: 1349632K->87488K(1415616K), 0.0279030 secs] 2936667K->1674523K(8231360K), 0.0281300 secs] [Times: user=0.43 sys=0.00, real=0.03 secs] 
18040.006: [GC 18040.007: [ParNew: 1345856K->96444K(1415616K), 0.0274490 secs] 2932891K->1683480K(8231360K), 0.0276660 secs] [Times: user=0.42 sys=0.01, real=0.03 secs] 
18041.854: [GC 18041.854: [ParNew: 1354812K->97738K(1415616K), 0.0287390 secs] 2941848K->1684773K(8231360K), 0.0289590 secs] [Times: user=0.44 sys=0.00, real=0.02 secs] 
18044.914: [GC 18044.914: [ParNew: 1356106K->104362K(1415616K), 0.0327510 secs] 2943141K->1691398K(8231360K), 0.0329690 secs] [Times: user=0.50 sys=0.01, real=0.03 secs] 
18046.337: [GC 18046.337: [ParNew: 1362730K->98025K(1415616K), 0.0293490 secs] 2949766K->1685061K(8231360K), 0.0295710 secs] [Times: user=0.46 sys=0.00, real=0.03 secs] 
18048.175: [GC 18048.175: [ParNew: 1356393K->105182K(1415616K), 0.0341870 secs] 2943429K->1692217K(8231360K), 0.0343990 secs] [Times: user=0.51 sys=0.02, real=0.04 secs] 
18049.913: [GC 18049.913: [ParNew: 1363550K->109153K(1415616K), 0.0334590 secs] 2950585K->1696188K(8231360K), 0.0336760 secs] [Times: user=0.51 sys=0.02, real=0.04 secs] 
18051.378: [GC 18051.379: [ParNew: 1367521K->104077K(1415616K), 0.0391180 secs] 2954556K->1691112K(8231360K), 0.0393520 secs] [Times: user=0.59 sys=0.01, real=0.04 secs] 
18053.414: [GC 18053.414: [ParNew: 1362445K->104659K(1415616K), 0.0328540 secs] 2949480K->1691695K(8231360K), 0.0330820 secs] [Times: user=0.50 sys=0.00, real=0.04 secs] 
18057.077: [GC 18057.078: [ParNew: 1363027K->85493K(1415616K), 0.0335380 secs] 2950063K->1672529K(8231360K), 0.0337520 secs] [Times: user=0.52 sys=0.01, real=0.03 secs] 
18062.330: [GC 18062.330: [ParNew: 1343861K->83079K(1415616K), 0.0299310 secs] 2930897K->1670114K(8231360K), 0.0301670 secs] [Times: user=0.47 sys=0.00, real=0.03 secs] 
18066.184: [GC 18066.184: [ParNew: 1341447K->86579K(1415616K), 0.0308020 secs] 2928482K->1673614K(8231360K), 0.0310630 secs] [Times: user=0.48 sys=0.00, real=0.03 secs] 
18070.134: [GC 18070.134: [ParNew: 1344947K->89017K(1415616K), 0.0321940 secs] 2931982K->1676053K(8231360K), 0.0324110 secs] [Times: user=0.48 sys=0.01, real=0.03 secs] 
18071.056: [GC 18071.056: [ParNew: 1347385K->93247K(1415616K), 0.0336510 secs] 2934421K->1680283K(8231360K), 0.0338740 secs] [Times: user=0.51 sys=0.01, real=0.04 secs] 
18074.949: [GC 18074.949: [ParNew: 1351615K->85392K(1415616K), 0.0297340 secs] 2938651K->1672428K(8231360K), 0.0299730 secs] [Times: user=0.47 sys=0.00, real=0.03 secs] 
18078.250: [GC 18078.250: [ParNew: 1343760K->84326K(1415616K), 0.0306590 secs] 2930796K->1671362K(8231360K), 0.0309340 secs] [Times: user=0.47 sys=0.00, real=0.04 secs] 
18082.003: [GC 18082.003: [ParNew: 1342694K->80675K(1415616K), 0.0333230 secs] 2929730K->1667710K(8231360K), 0.0335310 secs] [Times: user=0.51 sys=0.00, real=0.03 secs] 
18086.203: [GC 18086.203: [ParNew: 1339043K->80795K(1415616K), 0.0298450 secs] 2926078K->1667830K(8231360K), 0.0300610 secs] [Times: user=0.45 sys=0.00, real=0.03 secs] 
18087.392: [GC 18087.392: [ParNew: 1339163K->88974K(1415616K), 0.0281810 secs] 2926198K->1676009K(8231360K), 0.0283950 secs] [Times: user=0.43 sys=0.00, real=0.02 secs] 
18088.668: [GC 18088.668: [ParNew: 1347342K->84729K(1415616K), 0.0311860 secs] 2934377K->1671764K(8231360K), 0.0314050 secs] [Times: user=0.48 sys=0.00, real=0.03 secs] 
18089.779: [GC 18089.779: [ParNew: 1343097K->93876K(1415616K), 0.0298750 secs] 2930132K->1680912K(8231360K), 0.0300910 secs] [Times: user=0.47 sys=0.00, real=0.03 secs] 
18091.074: [GC 18091.074: [ParNew: 1352244K->93966K(1415616K), 0.0301120 secs] 2939280K->1681002K(8231360K), 0.0303370 secs] [Times: user=0.46 sys=0.00, real=0.03 secs] 
18091.499: [GC 18091.499: [ParNew: 1352334K->99274K(1415616K), 0.0299400 secs] 2939370K->1686310K(8231360K), 0.0301550 secs] [Times: user=0.47 sys=0.00, real=0.03 secs] 
18091.928: [GC 18091.928: [ParNew: 1357642K->100703K(1415616K), 0.0283720 secs] 2944678K->1687738K(8231360K), 0.0286010 secs] [Times: user=0.45 sys=0.00, real=0.03 secs] 
18092.354: [GC 18092.354: [ParNew: 1359071K->88026K(1415616K), 0.0302400 secs] 2946106K->1675061K(8231360K), 0.0304460 secs] [Times: user=0.47 sys=0.00, real=0.03 secs] 
18092.784: [GC 18092.784: [ParNew: 1346394K->92746K(1415616K), 0.0338580 secs] 2933429K->1679782K(8231360K), 0.0340740 secs] [Times: user=0.53 sys=0.00, real=0.03 secs] 
18093.244: [GC 18093.244: [ParNew: 1351114K->106094K(1415616K), 0.0399540 secs] 2938150K->1693130K(8231360K), 0.0401650 secs] [Times: user=0.61 sys=0.01, real=0.04 secs] 
18095.504: [GC 18095.505: [ParNew: 1364462K->98075K(1415616K), 0.0296970 secs] 2951498K->1685111K(8231360K), 0.0299190 secs] [Times: user=0.47 sys=0.00, real=0.03 secs] 
18100.975: [GC 18100.975: [ParNew: 1356443K->90055K(1415616K), 0.0314570 secs] 2943479K->1677090K(8231360K), 0.0317130 secs] [Times: user=0.49 sys=0.00, real=0.03 secs] 
18103.086: [GC 18103.086: [ParNew: 1348423K->92933K(1415616K), 0.0325170 secs] 2935458K->1679969K(8231360K), 0.0327410 secs] [Times: user=0.50 sys=0.01, real=0.03 secs] 
18105.496: [GC 18105.496: [ParNew: 1351301K->87409K(1415616K), 0.0314890 secs] 2938337K->1674444K(8231360K), 0.0317130 secs] [Times: user=0.50 sys=0.00, real=0.03 secs] 
18108.044: [GC 18108.044: [ParNew: 1345777K->90147K(1415616K), 0.0323650 secs] 2932812K->1677183K(8231360K), 0.0325970 secs] [Times: user=0.48 sys=0.01, real=0.04 secs] 
18109.181: [GC 18109.181: [ParNew: 1348515K->100224K(1415616K), 0.0279800 secs] 2935551K->1687259K(8231360K), 0.0282070 secs] [Times: user=0.44 sys=0.00, real=0.03 secs] 
18111.093: [GC 18111.093: [ParNew: 1358592K->107714K(1415616K), 0.0351690 secs] 2945627K->1694749K(8231360K), 0.0354340 secs] [Times: user=0.53 sys=0.01, real=0.04 secs] 
18111.529: [GC 18111.530: [ParNew: 1366082K->115608K(1415616K), 0.0299140 secs] 2953117K->1702644K(8231360K), 0.0301350 secs] [Times: user=0.47 sys=0.01, real=0.03 secs] 
18111.971: [GC 18111.971: [ParNew: 1373976K->97866K(1415616K), 0.0297840 secs] 2961012K->1684901K(8231360K), 0.0299940 secs] [Times: user=0.45 sys=0.00, real=0.03 secs] 
18113.106: [GC 18113.106: [ParNew: 1356234K->103576K(1415616K), 0.0331250 secs] 2943269K->1690611K(8231360K), 0.0333410 secs] [Times: user=0.51 sys=0.01, real=0.04 secs] 
18115.151: [GC 18115.152: [ParNew: 1361944K->109974K(1415616K), 0.0412650 secs] 2948979K->1697010K(8231360K), 0.0414880 secs] [Times: user=0.63 sys=0.01, real=0.04 secs] 
18116.933: [GC 18116.933: [ParNew: 1368342K->83893K(1415616K), 0.0944850 secs] 2955378K->1701728K(8231360K), 0.0946890 secs] [Times: user=0.65 sys=0.03, real=0.10 secs] 
18121.518: [GC 18121.518: [ParNew: 1342261K->71614K(1415616K), 0.0241220 secs] 2960096K->1689449K(8231360K), 0.0243370 secs] [Times: user=0.37 sys=0.00, real=0.02 secs] 
18124.560: [GC 18124.560: [ParNew: 1329982K->61159K(1415616K), 0.0238730 secs] 2947817K->1678994K(8231360K), 0.0241090 secs] [Times: user=0.36 sys=0.01, real=0.02 secs] 
18129.994: [GC 18129.994: [ParNew: 1319527K->57338K(1415616K), 0.0266210 secs] 2937362K->1675173K(8231360K), 0.0268390 secs] [Times: user=0.39 sys=0.02, real=0.03 secs] 
18132.184: [GC 18132.184: [ParNew: 1315706K->65658K(1415616K), 0.0261940 secs] 2933541K->1683494K(8231360K), 0.0264160 secs] [Times: user=0.40 sys=0.01, real=0.02 secs] 
18136.983: [GC 18136.983: [ParNew: 1324026K->57651K(1415616K), 0.0264860 secs] 2941862K->1675486K(8231360K), 0.0267050 secs] [Times: user=0.41 sys=0.00, real=0.02 secs] 
18140.811: [GC 18140.811: [ParNew: 1316019K->66874K(1415616K), 0.0310490 secs] 2933854K->1684709K(8231360K), 0.0312690 secs] [Times: user=0.46 sys=0.03, real=0.04 secs] 
18142.129: [GC 18142.130: [ParNew: 1325242K->69018K(1415616K), 0.0293720 secs] 2943077K->1686853K(8231360K), 0.0295960 secs] [Times: user=0.45 sys=0.01, real=0.03 secs] 
18144.369: [GC 18144.369: [ParNew: 1327386K->67531K(1415616K), 0.0305630 secs] 2945221K->1685367K(8231360K), 0.0307950 secs] [Times: user=0.45 sys=0.01, real=0.03 secs] 
18147.831: [GC 18147.831: [ParNew: 1325899K->72785K(1415616K), 0.0310440 secs] 2943735K->1690621K(8231360K), 0.0312720 secs] [Times: user=0.47 sys=0.01, real=0.03 secs] 
18149.208: [GC 18149.209: [ParNew: 1331153K->74473K(1415616K), 0.0268930 secs] 2948989K->1692308K(8231360K), 0.0271080 secs] [Times: user=0.41 sys=0.01, real=0.03 secs] 
18151.230: [GC 18151.230: [ParNew: 1332841K->75834K(1415616K), 0.0279310 secs] 2950676K->1693669K(8231360K), 0.0281580 secs] [Times: user=0.42 sys=0.00, real=0.03 secs] 
18151.651: [GC 18151.651: [ParNew: 1334202K->81057K(1415616K), 0.0279670 secs] 2952037K->1698892K(8231360K), 0.0281860 secs] [Times: user=0.43 sys=0.00, real=0.03 secs] 
18152.078: [GC 18152.078: [ParNew: 1339425K->72468K(1415616K), 0.0252120 secs] 2957260K->1690303K(8231360K), 0.0254330 secs] [Times: user=0.39 sys=0.00, real=0.02 secs] 
18152.503: [GC 18152.503: [ParNew: 1330836K->72865K(1415616K), 0.0267270 secs] 2948671K->1690701K(8231360K), 0.0269460 secs] [Times: user=0.41 sys=0.00, real=0.03 secs] 
18152.936: [GC 18152.937: [ParNew: 1331233K->72846K(1415616K), 0.0321170 secs] 2949069K->1690681K(8231360K), 0.0323310 secs] [Times: user=0.48 sys=0.02, real=0.03 secs] 
18153.378: [GC 18153.378: [ParNew: 1331214K->79930K(1415616K), 0.0279800 secs] 2949049K->1697765K(8231360K), 0.0281850 secs] [Times: user=0.42 sys=0.00, real=0.03 secs] 
18155.228: [GC 18155.228: [ParNew: 1338298K->83722K(1415616K), 0.0345440 secs] 2956133K->1701557K(8231360K), 0.0347660 secs] [Times: user=0.52 sys=0.01, real=0.03 secs] 
18159.277: [GC 18159.277: [ParNew: 1342090K->78640K(1415616K), 0.0322970 secs] 2959925K->1696475K(8231360K), 0.0325200 secs] [Times: user=0.49 sys=0.00, real=0.03 secs] 
18162.064: [GC 18162.064: [ParNew: 1337008K->70112K(1415616K), 0.0292990 secs] 2954843K->1687947K(8231360K), 0.0295300 secs] [Times: user=0.45 sys=0.00, real=0.03 secs] 
18164.393: [GC 18164.393: [ParNew: 1328480K->72234K(1415616K), 0.0270850 secs] 2946315K->1690069K(8231360K), 0.0273120 secs] [Times: user=0.43 sys=0.00, real=0.03 secs] 
18168.199: [GC 18168.199: [ParNew: 1330602K->77420K(1415616K), 0.0326740 secs] 2948437K->1695255K(8231360K), 0.0328940 secs] [Times: user=0.49 sys=0.02, real=0.03 secs] 
18169.816: [GC 18169.816: [ParNew: 1335788K->81061K(1415616K), 0.0313930 secs] 2953623K->1698897K(8231360K), 0.0316200 secs] [Times: user=0.47 sys=0.01, real=0.04 secs] 
18171.114: [GC 18171.114: [ParNew: 1339429K->83762K(1415616K), 0.0346560 secs] 2957265K->1701597K(8231360K), 0.0348810 secs] [Times: user=0.54 sys=0.00, real=0.04 secs] 
18172.254: [GC 18172.254: [ParNew: 1342130K->80271K(1415616K), 0.0358950 secs] 2959965K->1698106K(8231360K), 0.0361200 secs] [Times: user=0.57 sys=0.00, real=0.04 secs] 
18174.384: [GC 18174.384: [ParNew: 1338639K->97640K(1415616K), 0.0354790 secs] 2956474K->1715475K(8231360K), 0.0356860 secs] [Times: user=0.53 sys=0.01, real=0.04 secs] 
18174.420: [GC [1 CMS-initial-mark: 1617835K(6815744K)] 1734068K(8231360K), 0.0955380 secs] [Times: user=0.09 sys=0.00, real=0.09 secs] 
18174.516: [CMS-concurrent-mark-start]
18175.685: [CMS-concurrent-mark: 1.169/1.169 secs] [Times: user=4.75 sys=0.03, real=1.17 secs] 
18175.685: [CMS-concurrent-preclean-start]
18175.708: [CMS-concurrent-preclean: 0.022/0.022 secs] [Times: user=0.02 sys=0.00, real=0.02 secs] 
18175.708: [CMS-concurrent-abortable-preclean-start]
 CMS: abort preclean due to time 18180.829: [CMS-concurrent-abortable-preclean: 4.207/5.121 secs] [Times: user=4.49 sys=0.11, real=5.12 secs] 
18180.829: [GC[YG occupancy: 210263 K (1415616 K)]18180.829: [Rescan (parallel) , 0.0379890 secs]18180.867: [weak refs processing, 0.0000570 secs] [1 CMS-remark: 1617835K(6815744K)] 1828098K(8231360K), 0.0381750 secs] [Times: user=0.24 sys=0.02, real=0.03 secs] 
18180.868: [CMS-concurrent-sweep-start]
18182.994: [CMS-concurrent-sweep: 2.126/2.126 secs] [Times: user=2.21 sys=0.03, real=2.13 secs] 
18182.994: [CMS-concurrent-reset-start]
18183.031: [CMS-concurrent-reset: 0.037/0.037 secs] [Times: user=0.18 sys=0.01, real=0.04 secs] 
18183.379: [GC 18183.379: [ParNew: 1356008K->92272K(1415616K), 0.0337440 secs] 2195026K->931290K(8231360K), 0.0339730 secs] [Times: user=0.52 sys=0.00, real=0.04 secs] 
18183.845: [GC 18183.845: [ParNew: 1350640K->95535K(1415616K), 0.0323710 secs] 2189658K->934553K(8231360K), 0.0325940 secs] [Times: user=0.50 sys=0.00, real=0.03 secs] 
18184.294: [GC 18184.294: [ParNew: 1353903K->99519K(1415616K), 0.0358510 secs] 2192921K->938537K(8231360K), 0.0360670 secs] [Times: user=0.56 sys=0.00, real=0.04 secs] 
18184.744: [GC 18184.744: [ParNew: 1357887K->105824K(1415616K), 0.0332100 secs] 2196905K->944842K(8231360K), 0.0334260 secs] [Times: user=0.51 sys=0.00, real=0.03 secs] 
18185.207: [GC 18185.207: [ParNew: 1364192K->103594K(1415616K), 0.0359750 secs] 2203210K->942612K(8231360K), 0.0362020 secs] [Times: user=0.56 sys=0.00, real=0.04 secs] 
18185.673: [GC 18185.673: [ParNew: 1361962K->106331K(1415616K), 0.0351780 secs] 2200980K->945349K(8231360K), 0.0354060 secs] [Times: user=0.54 sys=0.00, real=0.03 secs] 
18189.990: [GC 18189.990: [ParNew: 1364699K->103303K(1415616K), 0.0401520 secs] 2203717K->942321K(8231360K), 0.0403880 secs] [Times: user=0.62 sys=0.00, real=0.04 secs] 
18194.471: [GC 18194.471: [ParNew: 1361671K->105836K(1415616K), 0.0363410 secs] 2200689K->944854K(8231360K), 0.0365580 secs] [Times: user=0.57 sys=0.00, real=0.04 secs] 
18200.798: [GC 18200.798: [ParNew: 1364204K->95487K(1415616K), 0.0340580 secs] 2203222K->934505K(8231360K), 0.0342780 secs] [Times: user=0.52 sys=0.00, real=0.03 secs] 
18202.899: [GC 18202.900: [ParNew: 1353855K->112706K(1415616K), 0.0398300 secs] 2192873K->951724K(8231360K), 0.0400500 secs] [Times: user=0.60 sys=0.00, real=0.04 secs] 
18207.967: [GC 18207.967: [ParNew: 1371074K->104152K(1415616K), 0.0526540 secs] 2210092K->943170K(8231360K), 0.0529170 secs] [Times: user=0.74 sys=0.00, real=0.05 secs] 
18211.127: [GC 18211.127: [ParNew: 1362520K->101079K(1415616K), 0.0406400 secs] 2201538K->940097K(8231360K), 0.0408620 secs] [Times: user=0.63 sys=0.00, real=0.04 secs] 
18211.566: [GC 18211.567: [ParNew: 1359447K->93047K(1415616K), 0.0685770 secs] 2198465K->950962K(8231360K), 0.0688490 secs] [Times: user=0.71 sys=0.01, real=0.07 secs] 
18212.037: [GC 18212.037: [ParNew: 1351415K->77535K(1415616K), 0.0334240 secs] 2209330K->935451K(8231360K), 0.0336390 secs] [Times: user=0.52 sys=0.00, real=0.03 secs] 
18212.467: [GC 18212.467: [ParNew: 1335903K->84588K(1415616K), 0.0332740 secs] 2193819K->942504K(8231360K), 0.0335090 secs] [Times: user=0.52 sys=0.00, real=0.03 secs] 
18212.897: [GC 18212.897: [ParNew: 1342956K->87858K(1415616K), 0.0359660 secs] 2200872K->945774K(8231360K), 0.0361770 secs] [Times: user=0.56 sys=0.00, real=0.03 secs] 
18213.353: [GC 18213.353: [ParNew: 1346226K->88030K(1415616K), 0.0319900 secs] 2204142K->945946K(8231360K), 0.0322000 secs] [Times: user=0.49 sys=0.00, real=0.03 secs] 
18214.224: [GC 18214.225: [ParNew: 1346398K->97478K(1415616K), 0.0352380 secs] 2204314K->955394K(8231360K), 0.0354560 secs] [Times: user=0.55 sys=0.00, real=0.04 secs] 
18216.995: [GC 18216.996: [ParNew: 1355846K->93813K(1415616K), 0.0350500 secs] 2213762K->951729K(8231360K), 0.0352650 secs] [Times: user=0.54 sys=0.00, real=0.04 secs] 
18219.393: [GC 18219.394: [ParNew: 1352181K->95866K(1415616K), 0.0377830 secs] 2210097K->953782K(8231360K), 0.0379990 secs] [Times: user=0.59 sys=0.00, real=0.04 secs] 
18221.642: [GC 18221.643: [ParNew: 1354234K->109356K(1415616K), 0.0381660 secs] 2212150K->967272K(8231360K), 0.0383900 secs] [Times: user=0.60 sys=0.00, real=0.04 secs] 
18223.847: [GC 18223.847: [ParNew: 1367724K->106118K(1415616K), 0.0347210 secs] 2225640K->964034K(8231360K), 0.0349480 secs] [Times: user=0.54 sys=0.00, real=0.04 secs] 
18227.036: [GC 18227.037: [ParNew: 1364486K->109108K(1415616K), 0.0381640 secs] 2222402K->967024K(8231360K), 0.0383790 secs] [Times: user=0.59 sys=0.00, real=0.04 secs] 
18228.579: [GC 18228.580: [ParNew: 1367476K->104823K(1415616K), 0.0391780 secs] 2225392K->962739K(8231360K), 0.0393940 secs] [Times: user=0.60 sys=0.01, real=0.04 secs] 
18230.370: [GC 18230.371: [ParNew: 1363191K->108109K(1415616K), 0.0392100 secs] 2221107K->966025K(8231360K), 0.0394350 secs] [Times: user=0.60 sys=0.00, real=0.04 secs] 
18231.974: [GC 18231.974: [ParNew: 1366477K->82973K(1415616K), 0.1101960 secs] 2224393K->978728K(8231360K), 0.1104120 secs] [Times: user=0.86 sys=0.03, real=0.11 secs] 
18234.052: [GC 18234.053: [ParNew: 1341341K->71553K(1415616K), 0.0245450 secs] 2237096K->967308K(8231360K), 0.0247660 secs] [Times: user=0.37 sys=0.01, real=0.02 secs] 
18235.652: [GC 18235.652: [ParNew: 1329921K->73823K(1415616K), 0.0223610 secs] 2225676K->969579K(8231360K), 0.0225820 secs] [Times: user=0.34 sys=0.00, real=0.02 secs] 
18236.973: [GC 18236.973: [ParNew: 1332191K->72109K(1415616K), 0.0246150 secs] 2227947K->967864K(8231360K), 0.0248380 secs] [Times: user=0.36 sys=0.01, real=0.02 secs] 
18238.592: [GC 18238.592: [ParNew: 1330477K->68072K(1415616K), 0.0262490 secs] 2226232K->963827K(8231360K), 0.0264580 secs] [Times: user=0.40 sys=0.00, real=0.02 secs] 
18241.857: [GC 18241.857: [ParNew: 1326440K->68331K(1415616K), 0.0290340 secs] 2222195K->964086K(8231360K), 0.0292560 secs] [Times: user=0.44 sys=0.00, real=0.03 secs] 
18242.797: [GC 18242.797: [ParNew: 1326699K->75581K(1415616K), 0.0253430 secs] 2222454K->971336K(8231360K), 0.0255600 secs] [Times: user=0.39 sys=0.00, real=0.03 secs] 
18243.465: [GC 18243.465: [ParNew: 1333949K->85305K(1415616K), 0.0273720 secs] 2229704K->981060K(8231360K), 0.0275870 secs] [Times: user=0.42 sys=0.01, real=0.03 secs] 
18244.589: [GC 18244.589: [ParNew: 1343673K->83614K(1415616K), 0.0267920 secs] 2239428K->979370K(8231360K), 0.0270170 secs] [Times: user=0.42 sys=0.00, real=0.03 secs] 
18248.214: [GC 18248.214: [ParNew: 1341982K->78872K(1415616K), 0.0322110 secs] 2237738K->974627K(8231360K), 0.0325230 secs] [Times: user=0.48 sys=0.01, real=0.03 secs] 
18251.043: [GC 18251.043: [ParNew: 1337240K->79259K(1415616K), 0.0290530 secs] 2232995K->975014K(8231360K), 0.0292780 secs] [Times: user=0.45 sys=0.00, real=0.03 secs] 
18258.838: [GC 18258.839: [ParNew: 1337627K->64937K(1415616K), 0.0291110 secs] 2233382K->960693K(8231360K), 0.0293280 secs] [Times: user=0.45 sys=0.00, real=0.03 secs] 
18267.641: [GC 18267.641: [ParNew: 1323305K->69389K(1415616K), 0.0307330 secs] 2219061K->965144K(8231360K), 0.0309440 secs] [Times: user=0.47 sys=0.01, real=0.03 secs] 
18271.025: [GC 18271.025: [ParNew: 1327757K->73233K(1415616K), 0.0291110 secs] 2223512K->968988K(8231360K), 0.0293520 secs] [Times: user=0.46 sys=0.00, real=0.03 secs] 
18271.450: [GC 18271.450: [ParNew: 1331601K->79308K(1415616K), 0.0259090 secs] 2227356K->975064K(8231360K), 0.0261270 secs] [Times: user=0.40 sys=0.00, real=0.02 secs] 
18271.874: [GC 18271.874: [ParNew: 1337676K->70265K(1415616K), 0.0282190 secs] 2233432K->966021K(8231360K), 0.0284360 secs] [Times: user=0.43 sys=0.01, real=0.03 secs] 
18272.302: [GC 18272.302: [ParNew: 1328633K->81598K(1415616K), 0.0264380 secs] 2224389K->977354K(8231360K), 0.0266550 secs] [Times: user=0.41 sys=0.00, real=0.03 secs] 
18272.733: [GC 18272.733: [ParNew: 1339966K->78417K(1415616K), 0.0327210 secs] 2235722K->974173K(8231360K), 0.0329370 secs] [Times: user=0.49 sys=0.02, real=0.03 secs] 
18273.180: [GC 18273.180: [ParNew: 1336785K->78590K(1415616K), 0.0283280 secs] 2232541K->974345K(8231360K), 0.0285510 secs] [Times: user=0.43 sys=0.00, real=0.03 secs] 
18278.288: [GC 18278.288: [ParNew: 1336958K->75036K(1415616K), 0.0283770 secs] 2232713K->970791K(8231360K), 0.0285990 secs] [Times: user=0.45 sys=0.00, real=0.02 secs] 
18279.284: [GC 18279.284: [ParNew: 1333404K->74519K(1415616K), 0.0297840 secs] 2229159K->970275K(8231360K), 0.0299960 secs] [Times: user=0.47 sys=0.01, real=0.03 secs] 
18279.999: [GC 18279.999: [ParNew: 1332887K->74714K(1415616K), 0.0286840 secs] 2228643K->970470K(8231360K), 0.0289140 secs] [Times: user=0.44 sys=0.00, real=0.03 secs] 
18281.382: [GC 18281.382: [ParNew: 1333082K->82576K(1415616K), 0.0294340 secs] 2228838K->978332K(8231360K), 0.0296510 secs] [Times: user=0.46 sys=0.00, real=0.03 secs] 
18285.010: [GC 18285.010: [ParNew: 1340944K->81971K(1415616K), 0.0322880 secs] 2236700K->977726K(8231360K), 0.0325200 secs] [Times: user=0.50 sys=0.01, real=0.03 secs] 
18287.210: [GC 18287.210: [ParNew: 1340339K->87002K(1415616K), 0.0300720 secs] 2236094K->982758K(8231360K), 0.0302910 secs] [Times: user=0.45 sys=0.01, real=0.03 secs] 
18288.585: [GC 18288.585: [ParNew: 1345370K->82607K(1415616K), 0.0352330 secs] 2241126K->978362K(8231360K), 0.0354430 secs] [Times: user=0.55 sys=0.00, real=0.04 secs] 
18290.226: [GC 18290.226: [ParNew: 1340975K->97512K(1415616K), 0.0400950 secs] 2236730K->993267K(8231360K), 0.0403140 secs] [Times: user=0.61 sys=0.02, real=0.04 secs] 
18292.171: [GC 18292.171: [ParNew: 1355880K->87710K(1415616K), 0.0331700 secs] 2251635K->983465K(8231360K), 0.0333930 secs] [Times: user=0.51 sys=0.00, real=0.03 secs] 
18293.472: [GC 18293.472: [ParNew: 1346078K->85635K(1415616K), 0.0323370 secs] 2241833K->981390K(8231360K), 0.0325630 secs] [Times: user=0.50 sys=0.00, real=0.03 secs] 
18296.187: [GC 18296.188: [ParNew: 1344003K->91533K(1415616K), 0.0355820 secs] 2239758K->987288K(8231360K), 0.0357900 secs] [Times: user=0.55 sys=0.00, real=0.04 secs] 
18298.935: [GC 18298.935: [ParNew: 1349901K->97051K(1415616K), 0.0316880 secs] 2245656K->992806K(8231360K), 0.0319010 secs] [Times: user=0.49 sys=0.00, real=0.03 secs] 
18302.015: [GC 18302.015: [ParNew: 1355419K->78858K(1415616K), 0.0310940 secs] 2251174K->974613K(8231360K), 0.0313100 secs] [Times: user=0.46 sys=0.00, real=0.03 secs] 
18303.192: [GC 18303.192: [ParNew: 1337226K->87809K(1415616K), 0.0359640 secs] 2232981K->983564K(8231360K), 0.0361940 secs] [Times: user=0.56 sys=0.00, real=0.04 secs] 
18304.995: [GC 18304.995: [ParNew: 1346177K->91829K(1415616K), 0.0326580 secs] 2241932K->987585K(8231360K), 0.0328690 secs] [Times: user=0.49 sys=0.01, real=0.03 secs] 
18307.898: [GC 18307.898: [ParNew: 1350197K->84266K(1415616K), 0.0319720 secs] 2245953K->980022K(8231360K), 0.0321880 secs] [Times: user=0.49 sys=0.00, real=0.03 secs] 
18309.789: [GC 18309.789: [ParNew: 1342634K->88408K(1415616K), 0.0327170 secs] 2238390K->984163K(8231360K), 0.0329310 secs] [Times: user=0.49 sys=0.01, real=0.03 secs] 
18311.372: [GC 18311.372: [ParNew: 1346776K->88239K(1415616K), 0.0349980 secs] 2242531K->983994K(8231360K), 0.0352100 secs] [Times: user=0.55 sys=0.00, real=0.04 secs] 
18313.973: [GC 18313.973: [ParNew: 1346607K->80698K(1415616K), 0.0344240 secs] 2242362K->976453K(8231360K), 0.0346440 secs] [Times: user=0.53 sys=0.00, real=0.04 secs] 
18315.422: [GC 18315.423: [ParNew: 1339066K->79647K(1415616K), 0.0376290 secs] 2234821K->975403K(8231360K), 0.0378710 secs] [Times: user=0.59 sys=0.00, real=0.04 secs] 
18318.792: [GC 18318.793: [ParNew: 1338015K->79789K(1415616K), 0.0346540 secs] 2233771K->975544K(8231360K), 0.0350130 secs] [Times: user=0.54 sys=0.00, real=0.04 secs] 
18326.160: [GC 18326.160: [ParNew: 1338157K->78347K(1415616K), 0.0347030 secs] 2233912K->974103K(8231360K), 0.0349130 secs] [Times: user=0.52 sys=0.02, real=0.03 secs] 
18331.156: [GC 18331.156: [ParNew: 1336715K->69552K(1415616K), 0.0298330 secs] 2232471K->965308K(8231360K), 0.0300520 secs] [Times: user=0.45 sys=0.00, real=0.03 secs] 
18334.799: [GC 18334.799: [ParNew: 1327920K->78826K(1415616K), 0.0338760 secs] 2223676K->974581K(8231360K), 0.0341020 secs] [Times: user=0.50 sys=0.02, real=0.03 secs] 
18337.185: [GC 18337.185: [ParNew: 1337194K->79606K(1415616K), 0.0304900 secs] 2232949K->975362K(8231360K), 0.0307100 secs] [Times: user=0.46 sys=0.01, real=0.03 secs] 
18344.575: [GC 18344.575: [ParNew: 1337974K->81098K(1415616K), 0.0465950 secs] 2233730K->976853K(8231360K), 0.0468220 secs] [Times: user=0.71 sys=0.01, real=0.05 secs] 
18347.925: [GC 18347.925: [ParNew: 1339466K->88269K(1415616K), 0.0297490 secs] 2235221K->984024K(8231360K), 0.0299760 secs] [Times: user=0.47 sys=0.00, real=0.03 secs] 
18350.250: [GC 18350.250: [ParNew: 1346637K->83022K(1415616K), 0.0375530 secs] 2242392K->978777K(8231360K), 0.0377690 secs] [Times: user=0.59 sys=0.00, real=0.04 secs] 
18351.172: [GC 18351.172: [ParNew: 1341390K->86261K(1415616K), 0.0360310 secs] 2237145K->982016K(8231360K), 0.0362450 secs] [Times: user=0.55 sys=0.00, real=0.03 secs] 
18351.637: [GC 18351.637: [ParNew: 1344629K->91855K(1415616K), 0.0319060 secs] 2240384K->987611K(8231360K), 0.0321170 secs] [Times: user=0.50 sys=0.00, real=0.03 secs] 
18353.408: [GC 18353.408: [ParNew: 1350223K->93519K(1415616K), 0.0372390 secs] 2245979K->989275K(8231360K), 0.0374780 secs] [Times: user=0.58 sys=0.01, real=0.04 secs] 
18354.209: [GC 18354.209: [ParNew: 1351887K->103810K(1415616K), 0.0345980 secs] 2247643K->999565K(8231360K), 0.0348200 secs] [Times: user=0.55 sys=0.00, real=0.04 secs] 
18355.241: [GC 18355.241: [ParNew: 1362178K->96835K(1415616K), 0.0323370 secs] 2257933K->992590K(8231360K), 0.0325560 secs] [Times: user=0.51 sys=0.00, real=0.04 secs] 
18356.385: [GC 18356.386: [ParNew: 1355203K->106218K(1415616K), 0.0320280 secs] 2250958K->1001974K(8231360K), 0.0322490 secs] [Times: user=0.50 sys=0.00, real=0.03 secs] 
18357.449: [GC 18357.449: [ParNew: 1364586K->94067K(1415616K), 0.0384730 secs] 2260342K->989822K(8231360K), 0.0386860 secs] [Times: user=0.58 sys=0.01, real=0.04 secs] 
18359.866: [GC 18359.866: [ParNew: 1352435K->86464K(1415616K), 0.0343980 secs] 2248190K->982220K(8231360K), 0.0346400 secs] [Times: user=0.52 sys=0.01, real=0.03 secs] 
18361.988: [GC 18361.988: [ParNew: 1344832K->95019K(1415616K), 0.0326480 secs] 2240588K->990774K(8231360K), 0.0328740 secs] [Times: user=0.51 sys=0.00, real=0.03 secs] 
18364.283: [GC 18364.283: [ParNew: 1353387K->96049K(1415616K), 0.0352840 secs] 2249142K->991805K(8231360K), 0.0355020 secs] [Times: user=0.54 sys=0.01, real=0.04 secs] 
18367.095: [GC 18367.095: [ParNew: 1354417K->86720K(1415616K), 0.0324340 secs] 2250173K->982476K(8231360K), 0.0326560 secs] [Times: user=0.50 sys=0.00, real=0.03 secs] 
18370.884: [GC 18370.885: [ParNew: 1345088K->89372K(1415616K), 0.0401590 secs] 2240844K->985128K(8231360K), 0.0403790 secs] [Times: user=0.61 sys=0.01, real=0.04 secs] 
18374.170: [GC 18374.170: [ParNew: 1347740K->79333K(1415616K), 0.0324280 secs] 2243496K->975088K(8231360K), 0.0326440 secs] [Times: user=0.50 sys=0.00, real=0.03 secs] 
18376.973: [GC 18376.973: [ParNew: 1337701K->76199K(1415616K), 0.0348900 secs] 2233456K->971954K(8231360K), 0.0351050 secs] [Times: user=0.54 sys=0.00, real=0.04 secs] 
18378.393: [GC 18378.394: [ParNew: 1334567K->83345K(1415616K), 0.0324710 secs] 2230322K->979101K(8231360K), 0.0326970 secs] [Times: user=0.51 sys=0.00, real=0.04 secs] 
18382.606: [GC 18382.606: [ParNew: 1341713K->91290K(1415616K), 0.0316860 secs] 2237469K->987045K(8231360K), 0.0318920 secs] [Times: user=0.48 sys=0.00, real=0.04 secs] 
18384.171: [GC 18384.171: [ParNew: 1349658K->82544K(1415616K), 0.0354210 secs] 2245413K->978300K(8231360K), 0.0356330 secs] [Times: user=0.55 sys=0.01, real=0.04 secs] 
18387.775: [GC 18387.775: [ParNew: 1340912K->90540K(1415616K), 0.0348320 secs] 2236668K->986296K(8231360K), 0.0350480 secs] [Times: user=0.54 sys=0.00, real=0.04 secs] 
18391.048: [GC 18391.048: [ParNew: 1348908K->91675K(1415616K), 0.0358480 secs] 2244664K->987430K(8231360K), 0.0360610 secs] [Times: user=0.55 sys=0.01, real=0.04 secs] 
18391.480: [GC 18391.480: [ParNew: 1350043K->93184K(1415616K), 0.0341370 secs] 2245798K->988940K(8231360K), 0.0343430 secs] [Times: user=0.53 sys=0.00, real=0.03 secs] 
18391.913: [GC 18391.913: [ParNew: 1351552K->94679K(1415616K), 0.0338400 secs] 2247308K->990435K(8231360K), 0.0342800 secs] [Times: user=0.52 sys=0.01, real=0.03 secs] 
18392.344: [GC 18392.344: [ParNew: 1353047K->82551K(1415616K), 0.0320280 secs] 2248803K->978306K(8231360K), 0.0322680 secs] [Times: user=0.49 sys=0.00, real=0.03 secs] 
18392.776: [GC 18392.776: [ParNew: 1340919K->82488K(1415616K), 0.0290610 secs] 2236674K->978243K(8231360K), 0.0292760 secs] [Times: user=0.45 sys=0.00, real=0.03 secs] 
18393.236: [GC 18393.237: [ParNew: 1340856K->90325K(1415616K), 0.0320580 secs] 2236611K->986080K(8231360K), 0.0322570 secs] [Times: user=0.49 sys=0.01, real=0.04 secs] 
18403.803: [GC 18403.803: [ParNew: 1348693K->77599K(1415616K), 0.0374420 secs] 2244448K->973355K(8231360K), 0.0376480 secs] [Times: user=0.58 sys=0.01, real=0.04 secs] 
18407.151: [GC 18407.151: [ParNew: 1335967K->80012K(1415616K), 0.0284540 secs] 2231723K->975767K(8231360K), 0.0286850 secs] [Times: user=0.44 sys=0.01, real=0.03 secs] 
18408.512: [GC 18408.512: [ParNew: 1338380K->73193K(1415616K), 0.0356100 secs] 2234135K->968948K(8231360K), 0.0358130 secs] [Times: user=0.54 sys=0.02, real=0.03 secs] 
18410.223: [GC 18410.223: [ParNew: 1331561K->86836K(1415616K), 0.0337490 secs] 2227316K->982591K(8231360K), 0.0339660 secs] [Times: user=0.53 sys=0.00, real=0.03 secs] 
18411.790: [GC 18411.790: [ParNew: 1345204K->85784K(1415616K), 0.0333610 secs] 2240959K->981539K(8231360K), 0.0335720 secs] [Times: user=0.52 sys=0.01, real=0.04 secs] 
18413.639: [GC 18413.639: [ParNew: 1344152K->95639K(1415616K), 0.0341740 secs] 2239907K->991394K(8231360K), 0.0343760 secs] [Times: user=0.52 sys=0.00, real=0.04 secs] 
18417.401: [GC 18417.401: [ParNew: 1354007K->93764K(1415616K), 0.0345570 secs] 2249762K->989520K(8231360K), 0.0347660 secs] [Times: user=0.54 sys=0.00, real=0.04 secs] 
18420.794: [GC 18420.794: [ParNew: 1352132K->81014K(1415616K), 0.0431870 secs] 2247888K->976769K(8231360K), 0.0434040 secs] [Times: user=0.66 sys=0.00, real=0.05 secs] 
18422.140: [GC 18422.140: [ParNew: 1339382K->95097K(1415616K), 0.0340450 secs] 2235137K->990852K(8231360K), 0.0342820 secs] [Times: user=0.53 sys=0.00, real=0.04 secs] 
18423.616: [GC 18423.616: [ParNew: 1353465K->83926K(1415616K), 0.0353470 secs] 2249220K->979681K(8231360K), 0.0356430 secs] [Times: user=0.55 sys=0.00, real=0.03 secs] 
18424.985: [GC 18424.985: [ParNew: 1342294K->92225K(1415616K), 0.0313670 secs] 2238049K->987980K(8231360K), 0.0315920 secs] [Times: user=0.48 sys=0.00, real=0.03 secs] 
18427.287: [GC 18427.287: [ParNew: 1350593K->92608K(1415616K), 0.0385230 secs] 2246348K->988364K(8231360K), 0.0387280 secs] [Times: user=0.60 sys=0.00, real=0.04 secs] 
18430.579: [GC 18430.580: [ParNew: 1350976K->98262K(1415616K), 0.0351370 secs] 2246732K->994018K(8231360K), 0.0353370 secs] [Times: user=0.54 sys=0.00, real=0.03 secs] 
18431.209: [GC 18431.209: [ParNew: 1356630K->90707K(1415616K), 0.0383570 secs] 2252386K->986462K(8231360K), 0.0385630 secs] [Times: user=0.58 sys=0.01, real=0.04 secs] 
18432.378: [GC 18432.378: [ParNew: 1349075K->104049K(1415616K), 0.0351360 secs] 2244830K->999805K(8231360K), 0.0353370 secs] [Times: user=0.55 sys=0.01, real=0.03 secs] 
18434.588: [GC 18434.588: [ParNew: 1362417K->89502K(1415616K), 0.0362980 secs] 2258173K->985258K(8231360K), 0.0365060 secs] [Times: user=0.56 sys=0.02, real=0.03 secs] 
18438.052: [GC 18438.052: [ParNew: 1347870K->84727K(1415616K), 0.0356450 secs] 2243626K->980483K(8231360K), 0.0358480 secs] [Times: user=0.55 sys=0.00, real=0.04 secs] 
18441.589: [GC 18441.589: [ParNew: 1343095K->87250K(1415616K), 0.0331630 secs] 2238851K->983006K(8231360K), 0.0333650 secs] [Times: user=0.52 sys=0.00, real=0.03 secs] 
18444.590: [GC 18444.590: [ParNew: 1345618K->78036K(1415616K), 0.0324850 secs] 2241374K->973792K(8231360K), 0.0326950 secs] [Times: user=0.51 sys=0.00, real=0.03 secs] 
18446.590: [GC 18446.590: [ParNew: 1336404K->93545K(1415616K), 0.0317650 secs] 2232160K->989300K(8231360K), 0.0319930 secs] [Times: user=0.50 sys=0.00, real=0.03 secs] 
18447.645: [GC 18447.645: [ParNew: 1351913K->85795K(1415616K), 0.0336330 secs] 2247668K->981551K(8231360K), 0.0338410 secs] [Times: user=0.53 sys=0.00, real=0.04 secs] 
18450.911: [GC 18450.911: [ParNew: 1344163K->90910K(1415616K), 0.0340990 secs] 2239919K->986666K(8231360K), 0.0343290 secs] [Times: user=0.52 sys=0.01, real=0.03 secs] 
18451.347: [GC 18451.347: [ParNew: 1349278K->96550K(1415616K), 0.0310180 secs] 2245034K->992306K(8231360K), 0.0312430 secs] [Times: user=0.49 sys=0.00, real=0.03 secs] 
18451.782: [GC 18451.782: [ParNew: 1354918K->88797K(1415616K), 0.0337300 secs] 2250674K->984552K(8231360K), 0.0339320 secs] [Times: user=0.51 sys=0.00, real=0.03 secs] 
18452.212: [GC 18452.212: [ParNew: 1347165K->92972K(1415616K), 0.0347040 secs] 2242920K->988728K(8231360K), 0.0349120 secs] [Times: user=0.54 sys=0.00, real=0.03 secs] 
18452.644: [GC 18452.644: [ParNew: 1351340K->110509K(1415616K), 0.0346420 secs] 2247096K->1006264K(8231360K), 0.0348520 secs] [Times: user=0.53 sys=0.02, real=0.04 secs] 
18453.082: [GC 18453.083: [ParNew: 1368877K->90234K(1415616K), 0.0361560 secs] 2264632K->985989K(8231360K), 0.0363590 secs] [Times: user=0.55 sys=0.01, real=0.03 secs] 
18459.954: [GC 18459.954: [ParNew: 1348602K->77413K(1415616K), 0.0327480 secs] 2244357K->973169K(8231360K), 0.0329670 secs] [Times: user=0.50 sys=0.00, real=0.03 secs] 
18466.990: [GC 18466.990: [ParNew: 1335781K->80088K(1415616K), 0.0318320 secs] 2231537K->975844K(8231360K), 0.0320360 secs] [Times: user=0.50 sys=0.00, real=0.03 secs] 
18469.267: [GC 18469.267: [ParNew: 1338456K->92715K(1415616K), 0.0338300 secs] 2234212K->988470K(8231360K), 0.0340300 secs] [Times: user=0.52 sys=0.00, real=0.03 secs] 
18470.428: [GC 18470.428: [ParNew: 1351083K->91226K(1415616K), 0.0384100 secs] 2246838K->986981K(8231360K), 0.0386240 secs] [Times: user=0.60 sys=0.01, real=0.04 secs] 
18471.280: [GC 18471.280: [ParNew: 1349594K->86327K(1415616K), 0.0341150 secs] 2245349K->982083K(8231360K), 0.0343520 secs] [Times: user=0.53 sys=0.00, real=0.04 secs] 
18471.714: [GC 18471.714: [ParNew: 1344695K->92670K(1415616K), 0.0307380 secs] 2240451K->988425K(8231360K), 0.0309390 secs] [Times: user=0.48 sys=0.00, real=0.03 secs] 
18472.270: [GC 18472.270: [ParNew: 1351038K->102230K(1415616K), 0.0328820 secs] 2246793K->997986K(8231360K), 0.0330810 secs] [Times: user=0.51 sys=0.00, real=0.04 secs] 
18474.753: [GC 18474.753: [ParNew: 1360598K->90162K(1415616K), 0.0350810 secs] 2256354K->985917K(8231360K), 0.0352890 secs] [Times: user=0.55 sys=0.00, real=0.04 secs] 
18477.142: [GC 18477.142: [ParNew: 1348530K->100276K(1415616K), 0.0353290 secs] 2244285K->996031K(8231360K), 0.0355370 secs] [Times: user=0.56 sys=0.00, real=0.04 secs] 
18480.465: [GC 18480.465: [ParNew: 1358644K->87541K(1415616K), 0.0311720 secs] 2254399K->983297K(8231360K), 0.0313780 secs] [Times: user=0.47 sys=0.00, real=0.03 secs] 
18482.252: [GC 18482.252: [ParNew: 1345909K->87801K(1415616K), 0.0330710 secs] 2241665K->983556K(8231360K), 0.0332750 secs] [Times: user=0.52 sys=0.00, real=0.04 secs] 
18484.193: [GC 18484.193: [ParNew: 1346169K->86418K(1415616K), 0.0319970 secs] 2241924K->982173K(8231360K), 0.0322420 secs] [Times: user=0.50 sys=0.00, real=0.04 secs] 
18487.310: [GC 18487.311: [ParNew: 1344786K->90639K(1415616K), 0.0412430 secs] 2240541K->986394K(8231360K), 0.0414490 secs] [Times: user=0.65 sys=0.01, real=0.04 secs] 
18490.205: [GC 18490.205: [ParNew: 1349007K->91401K(1415616K), 0.0406730 secs] 2244762K->987157K(8231360K), 0.0408780 secs] [Times: user=0.62 sys=0.01, real=0.04 secs] 
18492.023: [GC 18492.023: [ParNew: 1349769K->84473K(1415616K), 0.0336850 secs] 2245525K->980229K(8231360K), 0.0338930 secs] [Times: user=0.52 sys=0.01, real=0.04 secs] 
18498.989: [GC 18498.990: [ParNew: 1342841K->80459K(1415616K), 0.0449390 secs] 2238597K->976214K(8231360K), 0.0451720 secs] [Times: user=0.70 sys=0.01, real=0.04 secs] 
18501.053: [GC 18501.053: [ParNew: 1338827K->80609K(1415616K), 0.0521100 secs] 2234582K->976365K(8231360K), 0.0523120 secs] [Times: user=0.78 sys=0.04, real=0.05 secs] 
18504.199: [GC 18504.199: [ParNew: 1338977K->79409K(1415616K), 0.0305950 secs] 2234733K->975165K(8231360K), 0.0308080 secs] [Times: user=0.48 sys=0.00, real=0.03 secs] 
18510.929: [GC 18510.929: [ParNew: 1337777K->83615K(1415616K), 0.0368940 secs] 2233533K->979371K(8231360K), 0.0371010 secs] [Times: user=0.57 sys=0.00, real=0.04 secs] 
18511.361: [GC 18511.362: [ParNew: 1341983K->84020K(1415616K), 0.0334330 secs] 2237739K->979775K(8231360K), 0.0336890 secs] [Times: user=0.52 sys=0.01, real=0.03 secs] 
18511.793: [GC 18511.793: [ParNew: 1342388K->81053K(1415616K), 0.0323470 secs] 2238143K->976808K(8231360K), 0.0325660 secs] [Times: user=0.49 sys=0.00, real=0.03 secs] 
18512.223: [GC 18512.223: [ParNew: 1339421K->90334K(1415616K), 0.0326770 secs] 2235176K->986089K(8231360K), 0.0329200 secs] [Times: user=0.50 sys=0.00, real=0.03 secs] 
18512.656: [GC 18512.656: [ParNew: 1348702K->86658K(1415616K), 0.0352530 secs] 2244457K->982414K(8231360K), 0.0354610 secs] [Times: user=0.55 sys=0.00, real=0.04 secs] 
18513.099: [GC 18513.099: [ParNew: 1345026K->95176K(1415616K), 0.0346180 secs] 2240782K->990931K(8231360K), 0.0348360 secs] [Times: user=0.53 sys=0.00, real=0.04 secs] 
18513.561: [GC 18513.561: [ParNew: 1353544K->82662K(1415616K), 0.0348910 secs] 2249299K->978417K(8231360K), 0.0351150 secs] [Times: user=0.54 sys=0.00, real=0.03 secs] 
18518.579: [GC 18518.580: [ParNew: 1341030K->95175K(1415616K), 0.0371420 secs] 2236785K->990930K(8231360K), 0.0373530 secs] [Times: user=0.57 sys=0.02, real=0.04 secs] 
18521.621: [GC 18521.621: [ParNew: 1353543K->87698K(1415616K), 0.0449740 secs] 2249298K->983454K(8231360K), 0.0451790 secs] [Times: user=0.69 sys=0.00, real=0.05 secs] 
18523.186: [GC 18523.186: [ParNew: 1346066K->96430K(1415616K), 0.0398220 secs] 2241822K->992185K(8231360K), 0.0400240 secs] [Times: user=0.61 sys=0.00, real=0.04 secs] 
18525.501: [GC 18525.501: [ParNew: 1354798K->92546K(1415616K), 0.0355640 secs] 2250553K->988301K(8231360K), 0.0357800 secs] [Times: user=0.57 sys=0.00, real=0.04 secs] 
18526.878: [GC 18526.878: [ParNew: 1350914K->98241K(1415616K), 0.0364160 secs] 2246669K->993997K(8231360K), 0.0366280 secs] [Times: user=0.56 sys=0.01, real=0.04 secs] 
18528.132: [GC 18528.132: [ParNew: 1356609K->95493K(1415616K), 0.0370380 secs] 2252365K->991248K(8231360K), 0.0372910 secs] [Times: user=0.58 sys=0.00, real=0.04 secs] 
18530.535: [GC 18530.535: [ParNew: 1353861K->92983K(1415616K), 0.0347910 secs] 2249616K->988738K(8231360K), 0.0350000 secs] [Times: user=0.55 sys=0.00, real=0.03 secs] 
18532.223: [GC 18532.223: [ParNew: 1351351K->98498K(1415616K), 0.0370180 secs] 2247106K->994254K(8231360K), 0.0372210 secs] [Times: user=0.57 sys=0.01, real=0.04 secs] 
18535.381: [GC 18535.381: [ParNew: 1356866K->85167K(1415616K), 0.0332240 secs] 2252622K->980923K(8231360K), 0.0334240 secs] [Times: user=0.51 sys=0.00, real=0.03 secs] 
18538.379: [GC 18538.379: [ParNew: 1343535K->93478K(1415616K), 0.0353930 secs] 2239291K->989233K(8231360K), 0.0356370 secs] [Times: user=0.55 sys=0.00, real=0.03 secs] 
18542.001: [GC 18542.001: [ParNew: 1351846K->91517K(1415616K), 0.0357970 secs] 2247601K->987272K(8231360K), 0.0360050 secs] [Times: user=0.55 sys=0.00, real=0.04 secs] 
18543.596: [GC 18543.596: [ParNew: 1349885K->103263K(1415616K), 0.0354420 secs] 2245640K->999019K(8231360K), 0.0356800 secs] [Times: user=0.55 sys=0.00, real=0.04 secs] 
18545.895: [GC 18545.895: [ParNew: 1361631K->100000K(1415616K), 0.0365930 secs] 2257387K->995755K(8231360K), 0.0368040 secs] [Times: user=0.56 sys=0.00, real=0.04 secs] 
18547.171: [GC 18547.171: [ParNew: 1358368K->96026K(1415616K), 0.0404440 secs] 2254123K->991781K(8231360K), 0.0406450 secs] [Times: user=0.61 sys=0.01, real=0.04 secs] 
18547.926: [GC 18547.926: [ParNew: 1354394K->100218K(1415616K), 0.0360720 secs] 2250149K->995973K(8231360K), 0.0362820 secs] [Times: user=0.56 sys=0.00, real=0.04 secs] 
18550.771: [GC 18550.771: [ParNew: 1358586K->87785K(1415616K), 0.0373440 secs] 2254341K->983540K(8231360K), 0.0375740 secs] [Times: user=0.58 sys=0.00, real=0.04 secs] 
18554.318: [GC 18554.318: [ParNew: 1346153K->78766K(1415616K), 0.0567140 secs] 2241908K->974521K(8231360K), 0.0569260 secs] [Times: user=0.87 sys=0.02, real=0.06 secs] 
18555.973: [GC 18555.973: [ParNew: 1337134K->84065K(1415616K), 0.0338230 secs] 2232889K->979821K(8231360K), 0.0340480 secs] [Times: user=0.52 sys=0.00, real=0.03 secs] 
18557.802: [GC 18557.802: [ParNew: 1342433K->95551K(1415616K), 0.0476650 secs] 2238189K->991306K(8231360K), 0.0479050 secs] [Times: user=0.72 sys=0.02, real=0.05 secs] 
18561.389: [GC 18561.389: [ParNew: 1353919K->82471K(1415616K), 0.0402350 secs] 2249674K->978226K(8231360K), 0.0404410 secs] [Times: user=0.63 sys=0.01, real=0.05 secs] 
18567.188: [GC 18567.188: [ParNew: 1340839K->86335K(1415616K), 0.0376010 secs] 2236594K->982091K(8231360K), 0.0378300 secs] [Times: user=0.58 sys=0.01, real=0.04 secs] 
18571.018: [GC 18571.018: [ParNew: 1344703K->85401K(1415616K), 0.0368360 secs] 2240459K->981156K(8231360K), 0.0370560 secs] [Times: user=0.56 sys=0.01, real=0.04 secs] 
18571.448: [GC 18571.449: [ParNew: 1343769K->81526K(1415616K), 0.0358510 secs] 2239524K->977282K(8231360K), 0.0361020 secs] [Times: user=0.57 sys=0.00, real=0.04 secs] 
18571.878: [GC 18571.878: [ParNew: 1339894K->91566K(1415616K), 0.0375000 secs] 2235650K->987321K(8231360K), 0.0377300 secs] [Times: user=0.59 sys=0.01, real=0.04 secs] 
18572.313: [GC 18572.313: [ParNew: 1349934K->96050K(1415616K), 0.0363050 secs] 2245689K->991806K(8231360K), 0.0365250 secs] [Times: user=0.56 sys=0.00, real=0.03 secs] 
18572.752: [GC 18572.752: [ParNew: 1354418K->83839K(1415616K), 0.0315490 secs] 2250174K->979595K(8231360K), 0.0317990 secs] [Times: user=0.48 sys=0.00, real=0.04 secs] 
18573.193: [GC 18573.193: [ParNew: 1342207K->97125K(1415616K), 0.0388590 secs] 2237963K->992880K(8231360K), 0.0390630 secs] [Times: user=0.59 sys=0.02, real=0.04 secs] 
18573.794: [GC 18573.794: [ParNew: 1355493K->89068K(1415616K), 0.0383120 secs] 2251248K->984823K(8231360K), 0.0385150 secs] [Times: user=0.61 sys=0.00, real=0.04 secs] 
18579.196: [GC 18579.196: [ParNew: 1347436K->89454K(1415616K), 0.0380720 secs] 2243191K->985209K(8231360K), 0.0382940 secs] [Times: user=0.59 sys=0.00, real=0.04 secs] 
18581.795: [GC 18581.796: [ParNew: 1347822K->90915K(1415616K), 0.0372420 secs] 2243577K->986671K(8231360K), 0.0374630 secs] [Times: user=0.57 sys=0.01, real=0.03 secs] 
18584.698: [GC 18584.698: [ParNew: 1349283K->85429K(1415616K), 0.0381860 secs] 2245039K->981184K(8231360K), 0.0383890 secs] [Times: user=0.59 sys=0.00, real=0.04 secs] 
18585.774: [GC 18585.774: [ParNew: 1343797K->97444K(1415616K), 0.0367220 secs] 2239552K->993199K(8231360K), 0.0369360 secs] [Times: user=0.55 sys=0.01, real=0.04 secs] 
18586.734: [GC 18586.734: [ParNew: 1355812K->93869K(1415616K), 0.0373240 secs] 2251567K->989624K(8231360K), 0.0375380 secs] [Times: user=0.58 sys=0.01, real=0.04 secs] 
18588.259: [GC 18588.259: [ParNew: 1352237K->104087K(1415616K), 0.0362000 secs] 2247992K->999842K(8231360K), 0.0364420 secs] [Times: user=0.56 sys=0.00, real=0.04 secs] 
18591.076: [GC 18591.076: [ParNew: 1362455K->102882K(1415616K), 0.0373140 secs] 2258210K->998637K(8231360K), 0.0375440 secs] [Times: user=0.58 sys=0.00, real=0.03 secs] 
18593.144: [GC 18593.144: [ParNew: 1361250K->100330K(1415616K), 0.0364870 secs] 2257005K->996085K(8231360K), 0.0367160 secs] [Times: user=0.56 sys=0.00, real=0.04 secs] 
18596.948: [GC 18596.948: [ParNew: 1358698K->87069K(1415616K), 0.0444830 secs] 2254453K->982825K(8231360K), 0.0446890 secs] [Times: user=0.70 sys=0.00, real=0.04 secs] 
18601.995: [GC 18601.995: [ParNew: 1345437K->84303K(1415616K), 0.0368950 secs] 2241193K->980058K(8231360K), 0.0371740 secs] [Times: user=0.58 sys=0.00, real=0.04 secs] 
18604.960: [GC 18604.960: [ParNew: 1342671K->85390K(1415616K), 0.0378750 secs] 2238426K->981145K(8231360K), 0.0380980 secs] [Times: user=0.57 sys=0.00, real=0.03 secs] 
18609.378: [GC 18609.378: [ParNew: 1343758K->92728K(1415616K), 0.0380120 secs] 2239513K->988483K(8231360K), 0.0382240 secs] [Times: user=0.60 sys=0.00, real=0.04 secs] 
18611.208: [GC 18611.208: [ParNew: 1351096K->93489K(1415616K), 0.0333160 secs] 2246851K->989244K(8231360K), 0.0335410 secs] [Times: user=0.51 sys=0.01, real=0.04 secs] 
18613.392: [GC 18613.392: [ParNew: 1351857K->81812K(1415616K), 0.0360960 secs] 2247612K->977567K(8231360K), 0.0363020 secs] [Times: user=0.56 sys=0.00, real=0.03 secs] 
18616.194: [GC 18616.194: [ParNew: 1340180K->92762K(1415616K), 0.0336630 secs] 2235935K->988517K(8231360K), 0.0338740 secs] [Times: user=0.53 sys=0.00, real=0.03 secs] 
18617.234: [GC 18617.234: [ParNew: 1351130K->93384K(1415616K), 0.0360150 secs] 2246885K->989139K(8231360K), 0.0362360 secs] [Times: user=0.55 sys=0.01, real=0.04 secs] 
18620.803: [GC 18620.803: [ParNew: 1351752K->89375K(1415616K), 0.0344920 secs] 2247507K->985130K(8231360K), 0.0347060 secs] [Times: user=0.53 sys=0.01, real=0.03 secs] 
18623.429: [GC 18623.429: [ParNew: 1347743K->89111K(1415616K), 0.0348020 secs] 2243498K->984866K(8231360K), 0.0350030 secs] [Times: user=0.53 sys=0.02, real=0.04 secs] 
18626.075: [GC 18626.075: [ParNew: 1347479K->89883K(1415616K), 0.0400480 secs] 2243234K->985638K(8231360K), 0.0402550 secs] [Times: user=0.62 sys=0.01, real=0.04 secs] 
18630.952: [GC 18630.952: [ParNew: 1348251K->94967K(1415616K), 0.0329650 secs] 2244006K->990722K(8231360K), 0.0332070 secs] [Times: user=0.51 sys=0.00, real=0.04 secs] 
18631.380: [GC 18631.380: [ParNew: 1353335K->90579K(1415616K), 0.0394410 secs] 2249090K->986335K(8231360K), 0.0396880 secs] [Times: user=0.62 sys=0.00, real=0.04 secs] 
18631.819: [GC 18631.819: [ParNew: 1348947K->95831K(1415616K), 0.0381360 secs] 2244703K->991587K(8231360K), 0.0383610 secs] [Times: user=0.59 sys=0.01, real=0.04 secs] 
18632.248: [GC 18632.249: [ParNew: 1354199K->96554K(1415616K), 0.0347700 secs] 2249955K->992309K(8231360K), 0.0349760 secs] [Times: user=0.53 sys=0.00, real=0.04 secs] 
18632.692: [GC 18632.692: [ParNew: 1354922K->92141K(1415616K), 0.0354690 secs] 2250677K->987896K(8231360K), 0.0356730 secs] [Times: user=0.55 sys=0.00, real=0.04 secs] 
18633.145: [GC 18633.145: [ParNew: 1350509K->92300K(1415616K), 0.0341070 secs] 2246264K->988055K(8231360K), 0.0343210 secs] [Times: user=0.52 sys=0.00, real=0.03 secs] 
18633.595: [GC 18633.595: [ParNew: 1350668K->87985K(1415616K), 0.0413380 secs] 2246423K->983740K(8231360K), 0.0415490 secs] [Times: user=0.62 sys=0.01, real=0.04 secs] 
18634.389: [GC 18634.389: [ParNew: 1346353K->87266K(1415616K), 0.0370260 secs] 2242108K->983022K(8231360K), 0.0372350 secs] [Times: user=0.58 sys=0.00, real=0.04 secs] 
18640.977: [GC 18640.977: [ParNew: 1345634K->86285K(1415616K), 0.0369580 secs] 2241390K->982040K(8231360K), 0.0371640 secs] [Times: user=0.58 sys=0.00, real=0.03 secs] 
18645.181: [GC 18645.181: [ParNew: 1344653K->79824K(1415616K), 0.0329010 secs] 2240408K->975580K(8231360K), 0.0331100 secs] [Times: user=0.50 sys=0.01, real=0.03 secs] 
18647.192: [GC 18647.193: [ParNew: 1338192K->94894K(1415616K), 0.0346880 secs] 2233948K->990650K(8231360K), 0.0349120 secs] [Times: user=0.55 sys=0.00, real=0.04 secs] 
18649.849: [GC 18649.850: [ParNew: 1353262K->92529K(1415616K), 0.0401060 secs] 2249018K->988284K(8231360K), 0.0403160 secs] [Times: user=0.62 sys=0.00, real=0.04 secs] 
18651.103: [GC 18651.103: [ParNew: 1350897K->104828K(1415616K), 0.0363390 secs] 2246652K->1000583K(8231360K), 0.0365440 secs] [Times: user=0.57 sys=0.00, real=0.04 secs] 
18652.404: [GC 18652.404: [ParNew: 1363196K->89532K(1415616K), 0.0384310 secs] 2258951K->985288K(8231360K), 0.0386440 secs] [Times: user=0.59 sys=0.01, real=0.04 secs] 
18654.386: [GC 18654.386: [ParNew: 1347900K->104731K(1415616K), 0.0384730 secs] 2243656K->1000487K(8231360K), 0.0386780 secs] [Times: user=0.60 sys=0.02, real=0.04 secs] 
18656.586: [GC 18656.586: [ParNew: 1363099K->101715K(1415616K), 0.0390220 secs] 2258855K->997470K(8231360K), 0.0392260 secs] [Times: user=0.60 sys=0.00, real=0.04 secs] 
18658.003: [GC 18658.004: [ParNew: 1360083K->102825K(1415616K), 0.0386150 secs] 2255838K->998580K(8231360K), 0.0388310 secs] [Times: user=0.59 sys=0.01, real=0.04 secs] 
18659.125: [GC 18659.125: [ParNew: 1361193K->98979K(1415616K), 0.0374250 secs] 2256948K->994734K(8231360K), 0.0376140 secs] [Times: user=0.59 sys=0.00, real=0.04 secs] 
18662.162: [GC 18662.162: [ParNew: 1357347K->94006K(1415616K), 0.0438540 secs] 2253102K->989761K(8231360K), 0.0440620 secs] [Times: user=0.67 sys=0.01, real=0.04 secs] 
18667.414: [GC 18667.414: [ParNew: 1352374K->87875K(1415616K), 0.0368050 secs] 2248129K->983631K(8231360K), 0.0370200 secs] [Times: user=0.57 sys=0.00, real=0.04 secs] 
18670.919: [GC 18670.919: [ParNew: 1346243K->88066K(1415616K), 0.0395390 secs] 2241999K->983821K(8231360K), 0.0397410 secs] [Times: user=0.61 sys=0.02, real=0.04 secs] 
18673.390: [GC 18673.390: [ParNew: 1346434K->86806K(1415616K), 0.0331290 secs] 2242189K->982561K(8231360K), 0.0333300 secs] [Times: user=0.50 sys=0.01, real=0.04 secs] 
18680.139: [GC 18680.140: [ParNew: 1345174K->85514K(1415616K), 0.0397860 secs] 2240929K->981269K(8231360K), 0.0400060 secs] [Times: user=0.62 sys=0.01, real=0.04 secs] 
18682.188: [GC 18682.188: [ParNew: 1343882K->89013K(1415616K), 0.0324930 secs] 2239637K->984768K(8231360K), 0.0327040 secs] [Times: user=0.51 sys=0.00, real=0.03 secs] 
18685.984: [GC 18685.984: [ParNew: 1347381K->88205K(1415616K), 0.0416480 secs] 2243136K->983960K(8231360K), 0.0418540 secs] [Times: user=0.65 sys=0.00, real=0.04 secs] 
18688.509: [GC 18688.509: [ParNew: 1346573K->83692K(1415616K), 0.0332890 secs] 2242328K->979448K(8231360K), 0.0335020 secs] [Times: user=0.52 sys=0.00, real=0.03 secs] 
18690.895: [GC 18690.895: [ParNew: 1342060K->92097K(1415616K), 0.0343460 secs] 2237816K->987852K(8231360K), 0.0345550 secs] [Times: user=0.53 sys=0.00, real=0.03 secs] 
18691.327: [GC 18691.327: [ParNew: 1350465K->96618K(1415616K), 0.0307860 secs] 2246220K->992374K(8231360K), 0.0309920 secs] [Times: user=0.48 sys=0.00, real=0.03 secs] 
18691.754: [GC 18691.755: [ParNew: 1354986K->89099K(1415616K), 0.0317010 secs] 2250742K->984855K(8231360K), 0.0319090 secs] [Times: user=0.49 sys=0.00, real=0.03 secs] 
18692.182: [GC 18692.183: [ParNew: 1347467K->98158K(1415616K), 0.0358030 secs] 2243223K->993914K(8231360K), 0.0360240 secs] [Times: user=0.56 sys=0.01, real=0.04 secs] 
18692.617: [GC 18692.618: [ParNew: 1356526K->89835K(1415616K), 0.0377170 secs] 2252282K->985591K(8231360K), 0.0379200 secs] [Times: user=0.58 sys=0.01, real=0.04 secs] 
18693.062: [GC 18693.062: [ParNew: 1348203K->89985K(1415616K), 0.0316880 secs] 2243959K->985740K(8231360K), 0.0318940 secs] [Times: user=0.49 sys=0.00, real=0.04 secs] 
18695.778: [GC 18695.778: [ParNew: 1348353K->85667K(1415616K), 0.0350920 secs] 2244108K->981422K(8231360K), 0.0352840 secs] [Times: user=0.55 sys=0.00, real=0.03 secs] 
18700.844: [GC 18700.844: [ParNew: 1344035K->85247K(1415616K), 0.0343980 secs] 2239790K->981002K(8231360K), 0.0346330 secs] [Times: user=0.53 sys=0.01, real=0.04 secs] 
18702.130: [GC 18702.130: [ParNew: 1343615K->81414K(1415616K), 0.0360170 secs] 2239370K->977169K(8231360K), 0.0362180 secs] [Times: user=0.57 sys=0.01, real=0.04 secs] 
18703.793: [GC 18703.793: [ParNew: 1339782K->89281K(1415616K), 0.0378950 secs] 2235537K->985037K(8231360K), 0.0380990 secs] [Times: user=0.58 sys=0.01, real=0.04 secs] 
18706.246: [GC 18706.246: [ParNew: 1347649K->94776K(1415616K), 0.0382120 secs] 2243405K->990531K(8231360K), 0.0384230 secs] [Times: user=0.59 sys=0.00, real=0.03 secs] 
18708.336: [GC 18708.336: [ParNew: 1353144K->87633K(1415616K), 0.0348680 secs] 2248899K->983388K(8231360K), 0.0350690 secs] [Times: user=0.53 sys=0.00, real=0.04 secs] 
18710.037: [GC 18710.037: [ParNew: 1346001K->104241K(1415616K), 0.0407550 secs] 2241756K->999997K(8231360K), 0.0409600 secs] [Times: user=0.62 sys=0.02, real=0.05 secs] 
18711.791: [GC 18711.791: [ParNew: 1362609K->102461K(1415616K), 0.0350210 secs] 2258365K->998217K(8231360K), 0.0352260 secs] [Times: user=0.54 sys=0.00, real=0.03 secs] 
18713.193: [GC 18713.193: [ParNew: 1360829K->109319K(1415616K), 0.0394360 secs] 2256585K->1005074K(8231360K), 0.0396440 secs] [Times: user=0.61 sys=0.00, real=0.04 secs] 
18714.145: [GC 18714.146: [ParNew: 1367687K->105744K(1415616K), 0.0417980 secs] 2263442K->1001499K(8231360K), 0.0420380 secs] [Times: user=0.65 sys=0.01, real=0.05 secs] 
18715.622: [GC 18715.622: [ParNew: 1364112K->106981K(1415616K), 0.0367880 secs] 2259867K->1002736K(8231360K), 0.0370010 secs] [Times: user=0.58 sys=0.00, real=0.04 secs] 
18716.452: [GC 18716.452: [ParNew: 1365349K->97006K(1415616K), 0.0396480 secs] 2261104K->992762K(8231360K), 0.0398520 secs] [Times: user=0.61 sys=0.00, real=0.04 secs] 
18721.157: [GC 18721.157: [ParNew: 1355374K->101840K(1415616K), 0.0398450 secs] 2251130K->997595K(8231360K), 0.0400520 secs] [Times: user=0.63 sys=0.00, real=0.04 secs] 
18722.210: [GC 18722.210: [ParNew: 1360208K->102616K(1415616K), 0.0373610 secs] 2255963K->998371K(8231360K), 0.0375660 secs] [Times: user=0.57 sys=0.00, real=0.03 secs] 
18724.917: [GC 18724.918: [ParNew: 1360984K->98018K(1415616K), 0.0416030 secs] 2256739K->993773K(8231360K), 0.0418210 secs] [Times: user=0.63 sys=0.01, real=0.04 secs] 
18730.851: [GC 18730.851: [ParNew: 1356386K->96561K(1415616K), 0.0356370 secs] 2252141K->992316K(8231360K), 0.0358530 secs] [Times: user=0.55 sys=0.01, real=0.03 secs] 
18734.050: [GC 18734.050: [ParNew: 1354929K->85413K(1415616K), 0.0325110 secs] 2250684K->981168K(8231360K), 0.0327420 secs] [Times: user=0.51 sys=0.00, real=0.04 secs] 
18739.602: [GC 18739.602: [ParNew: 1343781K->89780K(1415616K), 0.0346740 secs] 2239536K->985536K(8231360K), 0.0348850 secs] [Times: user=0.55 sys=0.00, real=0.04 secs] 
18744.171: [GC 18744.171: [ParNew: 1348148K->89269K(1415616K), 0.0360000 secs] 2243904K->985024K(8231360K), 0.0362060 secs] [Times: user=0.56 sys=0.00, real=0.04 secs] 
18748.372: [GC 18748.372: [ParNew: 1347637K->98444K(1415616K), 0.0395690 secs] 2243392K->994199K(8231360K), 0.0397810 secs] [Times: user=0.60 sys=0.01, real=0.04 secs] 
18750.907: [GC 18750.907: [ParNew: 1356812K->93691K(1415616K), 0.0367070 secs] 2252567K->989447K(8231360K), 0.0369150 secs] [Times: user=0.57 sys=0.01, real=0.03 secs] 
18751.340: [GC 18751.341: [ParNew: 1352059K->80914K(1415616K), 0.0328190 secs] 2247815K->976669K(8231360K), 0.0330240 secs] [Times: user=0.51 sys=0.00, real=0.03 secs] 
18751.789: [GC 18751.789: [ParNew: 1339282K->94375K(1415616K), 0.0319140 secs] 2235037K->990130K(8231360K), 0.0321190 secs] [Times: user=0.50 sys=0.01, real=0.03 secs] 
18755.392: [GC 18755.392: [ParNew: 1352743K->90819K(1415616K), 0.0347480 secs] 2248498K->986574K(8231360K), 0.0349650 secs] [Times: user=0.54 sys=0.00, real=0.04 secs] 
18757.173: [GC 18757.173: [ParNew: 1349187K->95001K(1415616K), 0.0355350 secs] 2244942K->990756K(8231360K), 0.0357450 secs] [Times: user=0.54 sys=0.01, real=0.04 secs] 
18761.286: [GC 18761.286: [ParNew: 1353369K->95345K(1415616K), 0.0341920 secs] 2249124K->991100K(8231360K), 0.0344100 secs] [Times: user=0.53 sys=0.00, real=0.04 secs] 
18762.744: [GC 18762.744: [ParNew: 1353713K->86537K(1415616K), 0.0396900 secs] 2249468K->982292K(8231360K), 0.0399040 secs] [Times: user=0.62 sys=0.00, real=0.04 secs] 
18765.723: [GC 18765.723: [ParNew: 1344905K->99162K(1415616K), 0.0360470 secs] 2240660K->994917K(8231360K), 0.0362660 secs] [Times: user=0.55 sys=0.02, real=0.04 secs] 
18768.106: [GC 18768.106: [ParNew: 1357530K->99443K(1415616K), 0.0357540 secs] 2253285K->995198K(8231360K), 0.0359790 secs] [Times: user=0.55 sys=0.00, real=0.04 secs] 
18769.881: [GC 18769.882: [ParNew: 1357811K->104774K(1415616K), 0.0377170 secs] 2253566K->1000529K(8231360K), 0.0379350 secs] [Times: user=0.59 sys=0.00, real=0.04 secs] 
18771.086: [GC 18771.086: [ParNew: 1363142K->116958K(1415616K), 0.0362330 secs] 2258897K->1012714K(8231360K), 0.0364380 secs] [Times: user=0.57 sys=0.00, real=0.04 secs] 
18771.523: [GC 18771.523: [ParNew: 1375326K->96892K(1415616K), 0.0372060 secs] 2271082K->992648K(8231360K), 0.0374160 secs] [Times: user=0.56 sys=0.02, real=0.04 secs] 
18771.970: [GC 18771.970: [ParNew: 1355260K->111114K(1415616K), 0.0372760 secs] 2251016K->1006869K(8231360K), 0.0374760 secs] [Times: user=0.58 sys=0.01, real=0.03 secs] 
18773.583: [GC 18773.583: [ParNew: 1369482K->107683K(1415616K), 0.0375230 secs] 2265237K->1003438K(8231360K), 0.0377390 secs] [Times: user=0.59 sys=0.00, real=0.04 secs] 
18774.796: [GC 18774.797: [ParNew: 1366051K->114107K(1415616K), 0.0395500 secs] 2261806K->1009863K(8231360K), 0.0397480 secs] [Times: user=0.62 sys=0.01, real=0.04 secs] 
18777.187: [GC 18777.187: [ParNew: 1372475K->101298K(1415616K), 0.0366250 secs] 2268231K->997054K(8231360K), 0.0368320 secs] [Times: user=0.57 sys=0.00, real=0.04 secs] 
18779.626: [GC 18779.626: [ParNew: 1359666K->110600K(1415616K), 0.0424070 secs] 2255422K->1006355K(8231360K), 0.0426230 secs] [Times: user=0.66 sys=0.00, real=0.04 secs] 
18780.807: [GC 18780.807: [ParNew: 1368968K->90538K(1415616K), 0.0357180 secs] 2264723K->986293K(8231360K), 0.0359220 secs] [Times: user=0.55 sys=0.00, real=0.04 secs] 
18782.190: [GC 18782.190: [ParNew: 1348906K->118600K(1415616K), 0.0385370 secs] 2244661K->1014356K(8231360K), 0.0387500 secs] [Times: user=0.60 sys=0.00, real=0.04 secs] 
18784.282: [GC 18784.282: [ParNew: 1376968K->101055K(1415616K), 0.0376030 secs] 2272724K->996810K(8231360K), 0.0378220 secs] [Times: user=0.59 sys=0.00, real=0.03 secs] 
18788.218: [GC 18788.218: [ParNew: 1359423K->95303K(1415616K), 0.0414580 secs] 2255178K->991058K(8231360K), 0.0416700 secs] [Times: user=0.65 sys=0.01, real=0.04 secs] 
18791.005: [GC 18791.005: [ParNew: 1353671K->89337K(1415616K), 0.0344600 secs] 2249426K->985093K(8231360K), 0.0346700 secs] [Times: user=0.54 sys=0.00, real=0.03 secs] 
18796.187: [GC 18796.187: [ParNew: 1347705K->88020K(1415616K), 0.0349460 secs] 2243461K->983776K(8231360K), 0.0351720 secs] [Times: user=0.54 sys=0.00, real=0.03 secs] 
18803.955: [GC 18803.955: [ParNew: 1346388K->87547K(1415616K), 0.0355450 secs] 2242144K->983303K(8231360K), 0.0357930 secs] [Times: user=0.55 sys=0.00, real=0.03 secs] 
18807.998: [GC 18807.998: [ParNew: 1345915K->84683K(1415616K), 0.0335760 secs] 2241671K->980439K(8231360K), 0.0337790 secs] [Times: user=0.53 sys=0.00, real=0.03 secs] 
18811.080: [GC 18811.080: [ParNew: 1343051K->101701K(1415616K), 0.0348840 secs] 2238807K->997457K(8231360K), 0.0351020 secs] [Times: user=0.54 sys=0.01, real=0.03 secs] 
18811.513: [GC 18811.513: [ParNew: 1360069K->108178K(1415616K), 0.0524890 secs] 2255825K->1003933K(8231360K), 0.0526950 secs] [Times: user=0.79 sys=0.03, real=0.06 secs] 
18811.969: [GC 18811.969: [ParNew: 1366546K->101559K(1415616K), 0.0395940 secs] 2262301K->997314K(8231360K), 0.0397960 secs] [Times: user=0.61 sys=0.01, real=0.04 secs] 
18812.412: [GC 18812.412: [ParNew: 1359927K->97614K(1415616K), 0.0328040 secs] 2255682K->993369K(8231360K), 0.0330090 secs] [Times: user=0.50 sys=0.01, real=0.03 secs] 
18812.857: [GC 18812.858: [ParNew: 1355982K->93388K(1415616K), 0.0326890 secs] 2251737K->989143K(8231360K), 0.0328960 secs] [Times: user=0.50 sys=0.00, real=0.03 secs] 
18813.310: [GC 18813.310: [ParNew: 1351756K->93843K(1415616K), 0.0408810 secs] 2247511K->989598K(8231360K), 0.0410840 secs] [Times: user=0.62 sys=0.02, real=0.04 secs] 
18813.770: [GC 18813.770: [ParNew: 1352211K->89143K(1415616K), 0.0387240 secs] 2247966K->984899K(8231360K), 0.0389260 secs] [Times: user=0.60 sys=0.00, real=0.04 secs] 
18818.092: [GC 18818.092: [ParNew: 1347511K->89230K(1415616K), 0.0361820 secs] 2243267K->984985K(8231360K), 0.0363910 secs] [Times: user=0.56 sys=0.02, real=0.04 secs] 
18822.083: [GC 18822.083: [ParNew: 1347598K->92683K(1415616K), 0.0327500 secs] 2243353K->988438K(8231360K), 0.0329460 secs] [Times: user=0.51 sys=0.01, real=0.03 secs] 
18823.850: [GC 18823.850: [ParNew: 1351051K->90485K(1415616K), 0.0321200 secs] 2246806K->986241K(8231360K), 0.0323340 secs] [Times: user=0.50 sys=0.00, real=0.03 secs] 
18827.522: [GC 18827.522: [ParNew: 1348853K->94047K(1415616K), 0.0367820 secs] 2244609K->989802K(8231360K), 0.0369910 secs] [Times: user=0.58 sys=0.01, real=0.04 secs] 
18829.241: [GC 18829.241: [ParNew: 1352415K->94823K(1415616K), 0.0391840 secs] 2248170K->990579K(8231360K), 0.0393890 secs] [Times: user=0.61 sys=0.00, real=0.04 secs] 
18830.906: [GC 18830.906: [ParNew: 1353191K->105607K(1415616K), 0.0387230 secs] 2248947K->1001362K(8231360K), 0.0389320 secs] [Times: user=0.60 sys=0.00, real=0.04 secs] 
18831.345: [GC 18831.345: [ParNew: 1363975K->103898K(1415616K), 0.0381940 secs] 2259730K->999653K(8231360K), 0.0383950 secs] [Times: user=0.59 sys=0.01, real=0.04 secs] 
18831.787: [GC 18831.787: [ParNew: 1362266K->100400K(1415616K), 0.0384640 secs] 2258021K->996155K(8231360K), 0.0386730 secs] [Times: user=0.59 sys=0.02, real=0.04 secs] 
18833.193: [GC 18833.194: [ParNew: 1358768K->95767K(1415616K), 0.0385310 secs] 2254523K->991522K(8231360K), 0.0387390 secs] [Times: user=0.60 sys=0.00, real=0.04 secs] 
18833.807: [GC 18833.807: [ParNew: 1354135K->101825K(1415616K), 0.0360390 secs] 2249890K->997581K(8231360K), 0.0362460 secs] [Times: user=0.57 sys=0.00, real=0.04 secs] 
18835.593: [GC 18835.594: [ParNew: 1360193K->102716K(1415616K), 0.0374340 secs] 2255949K->998471K(8231360K), 0.0376440 secs] [Times: user=0.59 sys=0.00, real=0.04 secs] 
18837.778: [GC 18837.778: [ParNew: 1361084K->113561K(1415616K), 0.0396910 secs] 2256839K->1009316K(8231360K), 0.0399070 secs] [Times: user=0.61 sys=0.00, real=0.04 secs] 
18842.175: [GC 18842.175: [ParNew: 1371929K->100770K(1415616K), 0.0386390 secs] 2267684K->996525K(8231360K), 0.0388530 secs] [Times: user=0.60 sys=0.00, real=0.04 secs] 
18844.752: [GC 18844.752: [ParNew: 1359138K->99350K(1415616K), 0.0407740 secs] 2254893K->995105K(8231360K), 0.0409890 secs] [Times: user=0.64 sys=0.00, real=0.04 secs] 
18847.245: [GC 18847.245: [ParNew: 1357718K->92773K(1415616K), 0.0402680 secs] 2253473K->988528K(8231360K), 0.0404730 secs] [Times: user=0.63 sys=0.01, real=0.04 secs] 
18849.396: [GC 18849.396: [ParNew: 1351141K->109015K(1415616K), 0.0371590 secs] 2246896K->1004771K(8231360K), 0.0373790 secs] [Times: user=0.57 sys=0.01, real=0.04 secs] 
18850.836: [GC 18850.836: [ParNew: 1367383K->99742K(1415616K), 0.0392450 secs] 2263139K->995497K(8231360K), 0.0394480 secs] [Times: user=0.61 sys=0.01, real=0.04 secs] 
18851.608: [GC 18851.608: [ParNew: 1358110K->110036K(1415616K), 0.0398190 secs] 2253865K->1005792K(8231360K), 0.0400160 secs] [Times: user=0.62 sys=0.01, real=0.04 secs] 
18853.802: [GC 18853.802: [ParNew: 1368404K->92276K(1415616K), 0.0393870 secs] 2264160K->988032K(8231360K), 0.0395910 secs] [Times: user=0.61 sys=0.00, real=0.04 secs] 
18856.379: [GC 18856.379: [ParNew: 1350644K->105580K(1415616K), 0.0401870 secs] 2246400K->1001336K(8231360K), 0.0403950 secs] [Times: user=0.62 sys=0.00, real=0.04 secs] 
18860.184: [GC 18860.184: [ParNew: 1363948K->111582K(1415616K), 0.0414720 secs] 2259704K->1007338K(8231360K), 0.0416840 secs] [Times: user=0.64 sys=0.00, real=0.05 secs] 
18867.671: [GC 18867.671: [ParNew: 1369950K->88222K(1415616K), 0.0351140 secs] 2265706K->983978K(8231360K), 0.0353270 secs] [Times: user=0.55 sys=0.00, real=0.04 secs] 
18871.159: [GC 18871.159: [ParNew: 1346590K->91466K(1415616K), 0.0310310 secs] 2242346K->987221K(8231360K), 0.0312430 secs] [Times: user=0.49 sys=0.01, real=0.03 secs] 
18871.597: [GC 18871.597: [ParNew: 1349834K->93392K(1415616K), 0.0358270 secs] 2245589K->989148K(8231360K), 0.0360380 secs] [Times: user=0.56 sys=0.00, real=0.03 secs] 
18876.601: [GC 18876.602: [ParNew: 1351760K->93420K(1415616K), 0.0359350 secs] 2247516K->989176K(8231360K), 0.0361640 secs] [Times: user=0.57 sys=0.00, real=0.03 secs] 
18883.043: [GC 18883.043: [ParNew: 1351788K->89676K(1415616K), 0.0367190 secs] 2247544K->985432K(8231360K), 0.0371100 secs] [Times: user=0.57 sys=0.00, real=0.04 secs] 
18885.377: [GC 18885.377: [ParNew: 1348044K->98511K(1415616K), 0.0389210 secs] 2243800K->994267K(8231360K), 0.0391270 secs] [Times: user=0.59 sys=0.01, real=0.04 secs] 
18887.188: [GC 18887.188: [ParNew: 1356879K->85894K(1415616K), 0.0399470 secs] 2252635K->981649K(8231360K), 0.0401490 secs] [Times: user=0.61 sys=0.00, real=0.04 secs] 
18888.967: [GC 18888.967: [ParNew: 1344262K->99383K(1415616K), 0.0354090 secs] 2240017K->995138K(8231360K), 0.0356150 secs] [Times: user=0.55 sys=0.01, real=0.04 secs] 
18890.172: [GC 18890.172: [ParNew: 1357751K->106530K(1415616K), 0.0360250 secs] 2253506K->1002286K(8231360K), 0.0362290 secs] [Times: user=0.55 sys=0.00, real=0.03 secs] 
18892.002: [GC 18892.002: [ParNew: 1364898K->99757K(1415616K), 0.0387590 secs] 2260654K->995512K(8231360K), 0.0389690 secs] [Times: user=0.59 sys=0.01, real=0.04 secs] 
18893.265: [GC 18893.266: [ParNew: 1358125K->106319K(1415616K), 0.0450760 secs] 2253880K->1002075K(8231360K), 0.0452790 secs] [Times: user=0.69 sys=0.01, real=0.05 secs] 
18895.377: [GC 18895.377: [ParNew: 1364687K->113247K(1415616K), 0.0376210 secs] 2260443K->1009002K(8231360K), 0.0378260 secs] [Times: user=0.58 sys=0.00, real=0.04 secs] 
18896.610: [GC 18896.610: [ParNew: 1371615K->110560K(1415616K), 0.0400150 secs] 2267370K->1006316K(8231360K), 0.0402220 secs] [Times: user=0.62 sys=0.00, real=0.04 secs] 
18897.995: [GC 18897.995: [ParNew: 1368928K->106125K(1415616K), 0.0414630 secs] 2264684K->1001880K(8231360K), 0.0416670 secs] [Times: user=0.64 sys=0.01, real=0.04 secs] 
18900.895: [GC 18900.895: [ParNew: 1364493K->92509K(1415616K), 0.0377770 secs] 2260248K->988264K(8231360K), 0.0379850 secs] [Times: user=0.58 sys=0.01, real=0.04 secs] 
18902.221: [GC 18902.221: [ParNew: 1350877K->99569K(1415616K), 0.0392370 secs] 2246632K->995324K(8231360K), 0.0394430 secs] [Times: user=0.61 sys=0.01, real=0.04 secs] 
18904.342: [GC 18904.343: [ParNew: 1357937K->109660K(1415616K), 0.0398370 secs] 2253692K->1005416K(8231360K), 0.0400420 secs] [Times: user=0.62 sys=0.00, real=0.05 secs] 
18908.369: [GC 18908.369: [ParNew: 1368028K->95265K(1415616K), 0.0418370 secs] 2263784K->991020K(8231360K), 0.0420590 secs] [Times: user=0.63 sys=0.02, real=0.04 secs] 
18910.882: [GC 18910.882: [ParNew: 1353633K->99554K(1415616K), 0.0395800 secs] 2249388K->995309K(8231360K), 0.0397880 secs] [Times: user=0.61 sys=0.00, real=0.04 secs] 
18913.677: [GC 18913.677: [ParNew: 1357922K->95116K(1415616K), 0.0437110 secs] 2253677K->990871K(8231360K), 0.0439150 secs] [Times: user=0.67 sys=0.02, real=0.04 secs] 
18916.903: [GC 18916.903: [ParNew: 1353484K->86843K(1415616K), 0.0384970 secs] 2249239K->982599K(8231360K), 0.0387170 secs] [Times: user=0.61 sys=0.00, real=0.04 secs] 
18918.222: [GC 18918.222: [ParNew: 1345211K->99534K(1415616K), 0.0365760 secs] 2240967K->995290K(8231360K), 0.0367790 secs] [Times: user=0.56 sys=0.00, real=0.04 secs] 
18919.982: [GC 18919.982: [ParNew: 1357902K->99612K(1415616K), 0.0400780 secs] 2253658K->995367K(8231360K), 0.0402840 secs] [Times: user=0.62 sys=0.00, real=0.04 secs] 
18925.602: [GC 18925.602: [ParNew: 1357980K->94665K(1415616K), 0.0368040 secs] 2253735K->990420K(8231360K), 0.0370110 secs] [Times: user=0.57 sys=0.00, real=0.04 secs] 
18929.433: [GC 18929.433: [ParNew: 1353033K->93960K(1415616K), 0.0355870 secs] 2248788K->989715K(8231360K), 0.0357990 secs] [Times: user=0.55 sys=0.00, real=0.04 secs] 
18931.209: [GC 18931.209: [ParNew: 1352328K->89022K(1415616K), 0.0390600 secs] 2248083K->984777K(8231360K), 0.0392730 secs] [Times: user=0.60 sys=0.00, real=0.04 secs] 
18931.644: [GC 18931.644: [ParNew: 1347390K->98451K(1415616K), 0.0386320 secs] 2243145K->994206K(8231360K), 0.0388360 secs] [Times: user=0.58 sys=0.03, real=0.04 secs] 
18932.082: [GC 18932.083: [ParNew: 1356819K->90253K(1415616K), 0.0331390 secs] 2252574K->986008K(8231360K), 0.0333530 secs] [Times: user=0.52 sys=0.00, real=0.03 secs] 
18932.514: [GC 18932.514: [ParNew: 1348621K->99523K(1415616K), 0.0391850 secs] 2244376K->995278K(8231360K), 0.0394120 secs] [Times: user=0.61 sys=0.00, real=0.04 secs] 
18932.956: [GC 18932.956: [ParNew: 1357891K->104220K(1415616K), 0.0341230 secs] 2253646K->999976K(8231360K), 0.0343320 secs] [Times: user=0.53 sys=0.00, real=0.04 secs] 
18940.979: [GC 18940.979: [ParNew: 1362588K->90655K(1415616K), 0.0384800 secs] 2258344K->986410K(8231360K), 0.0386940 secs] [Times: user=0.60 sys=0.00, real=0.04 secs] 
18942.822: [GC 18942.822: [ParNew: 1349023K->90770K(1415616K), 0.0393210 secs] 2244778K->986525K(8231360K), 0.0395530 secs] [Times: user=0.61 sys=0.01, real=0.04 secs] 
18945.636: [GC 18945.636: [ParNew: 1349138K->89526K(1415616K), 0.0375080 secs] 2244893K->985282K(8231360K), 0.0377170 secs] [Times: user=0.57 sys=0.00, real=0.04 secs] 
18946.880: [GC 18946.880: [ParNew: 1347894K->94814K(1415616K), 0.0355930 secs] 2243650K->990569K(8231360K), 0.0358020 secs] [Times: user=0.55 sys=0.00, real=0.04 secs] 
18948.370: [GC 18948.370: [ParNew: 1353182K->105110K(1415616K), 0.0414800 secs] 2248937K->1000865K(8231360K), 0.0416940 secs] [Times: user=0.63 sys=0.01, real=0.05 secs] 
18949.793: [GC 18949.793: [ParNew: 1363478K->104045K(1415616K), 0.0407940 secs] 2259233K->999800K(8231360K), 0.0409940 secs] [Times: user=0.63 sys=0.02, real=0.04 secs] 
18951.149: [GC 18951.149: [ParNew: 1362413K->101744K(1415616K), 0.0414870 secs] 2258168K->997499K(8231360K), 0.0416940 secs] [Times: user=0.64 sys=0.00, real=0.05 secs] 
18953.580: [GC 18953.580: [ParNew: 1360112K->104116K(1415616K), 0.0438930 secs] 2255867K->999871K(8231360K), 0.0440870 secs] [Times: user=0.67 sys=0.02, real=0.05 secs] 
18956.387: [GC 18956.387: [ParNew: 1362484K->101289K(1415616K), 0.0406490 secs] 2258239K->997044K(8231360K), 0.0408600 secs] [Times: user=0.63 sys=0.00, real=0.04 secs] 
18957.236: [GC 18957.236: [ParNew: 1359657K->115418K(1415616K), 0.0389210 secs] 2255412K->1011174K(8231360K), 0.0391340 secs] [Times: user=0.61 sys=0.01, real=0.04 secs] 
18958.588: [GC 18958.588: [ParNew: 1373786K->111325K(1415616K), 0.0412100 secs] 2269542K->1007080K(8231360K), 0.0414120 secs] [Times: user=0.64 sys=0.00, real=0.04 secs] 
18961.474: [GC 18961.474: [ParNew: 1369693K->95283K(1415616K), 0.0396350 secs] 2265448K->991039K(8231360K), 0.0398450 secs] [Times: user=0.63 sys=0.00, real=0.04 secs] 
18963.220: [GC 18963.221: [ParNew: 1353651K->107225K(1415616K), 0.0391020 secs] 2249407K->1002981K(8231360K), 0.0393150 secs] [Times: user=0.60 sys=0.01, real=0.04 secs] 
18965.578: [GC 18965.578: [ParNew: 1365593K->98259K(1415616K), 0.0336130 secs] 2261349K->994015K(8231360K), 0.0338330 secs] [Times: user=0.53 sys=0.00, real=0.03 secs] 
18968.814: [GC 18968.814: [ParNew: 1356627K->89175K(1415616K), 0.0393440 secs] 2252383K->984930K(8231360K), 0.0395500 secs] [Times: user=0.61 sys=0.01, real=0.04 secs] 
18970.912: [GC 18970.912: [ParNew: 1347543K->103266K(1415616K), 0.0401310 secs] 2243298K->999022K(8231360K), 0.0403520 secs] [Times: user=0.61 sys=0.00, real=0.04 secs] 
18974.588: [GC 18974.588: [ParNew: 1361634K->94168K(1415616K), 0.0408700 secs] 2257390K->989923K(8231360K), 0.0410760 secs] [Times: user=0.63 sys=0.00, real=0.04 secs] 
18980.203: [GC 18980.203: [ParNew: 1352536K->95687K(1415616K), 0.0375060 secs] 2248291K->991443K(8231360K), 0.0377390 secs] [Times: user=0.58 sys=0.00, real=0.04 secs] 
18982.384: [GC 18982.384: [ParNew: 1354055K->89227K(1415616K), 0.0376810 secs] 2249811K->984983K(8231360K), 0.0378890 secs] [Times: user=0.57 sys=0.00, real=0.04 secs] 
18984.583: [GC 18984.583: [ParNew: 1347595K->93760K(1415616K), 0.0389230 secs] 2243351K->989515K(8231360K), 0.0391320 secs] [Times: user=0.60 sys=0.01, real=0.04 secs] 
18986.408: [GC 18986.408: [ParNew: 1352128K->104090K(1415616K), 0.0386900 secs] 2247883K->999845K(8231360K), 0.0388980 secs] [Times: user=0.59 sys=0.00, real=0.04 secs] 
18987.429: [GC 18987.429: [ParNew: 1362458K->106059K(1415616K), 0.0340060 secs] 2258213K->1001814K(8231360K), 0.0342120 secs] [Times: user=0.52 sys=0.00, real=0.03 secs] 
18990.914: [GC 18990.914: [ParNew: 1364427K->97809K(1415616K), 0.0447970 secs] 2260182K->993565K(8231360K), 0.0450070 secs] [Times: user=0.71 sys=0.00, real=0.05 secs] 
18991.357: [GC 18991.357: [ParNew: 1356177K->108586K(1415616K), 0.0381620 secs] 2251933K->1004341K(8231360K), 0.0383760 secs] [Times: user=0.60 sys=0.00, real=0.04 secs] 
18991.792: [GC 18991.792: [ParNew: 1366954K->95227K(1415616K), 0.0381290 secs] 2262709K->990982K(8231360K), 0.0383360 secs] [Times: user=0.58 sys=0.01, real=0.04 secs] 
18992.231: [GC 18992.231: [ParNew: 1353595K->110053K(1415616K), 0.0389550 secs] 2249350K->1005808K(8231360K), 0.0391590 secs] [Times: user=0.60 sys=0.01, real=0.04 secs] 
18992.667: [GC 18992.667: [ParNew: 1368421K->105496K(1415616K), 0.0369700 secs] 2264176K->1001251K(8231360K), 0.0371770 secs] [Times: user=0.59 sys=0.00, real=0.04 secs] 
18993.111: [GC 18993.111: [ParNew: 1363864K->100864K(1415616K), 0.0416280 secs] 2259619K->996620K(8231360K), 0.0418350 secs] [Times: user=0.65 sys=0.01, real=0.04 secs] 
18997.779: [GC 18997.779: [ParNew: 1359232K->86264K(1415616K), 0.0372920 secs] 2254988K->982020K(8231360K), 0.0374980 secs] [Times: user=0.59 sys=0.00, real=0.04 secs] 
19006.990: [GC 19006.990: [ParNew: 1344632K->91016K(1415616K), 0.0391700 secs] 2240388K->986771K(8231360K), 0.0393780 secs] [Times: user=0.60 sys=0.00, real=0.04 secs] 
19009.140: [GC 19009.140: [ParNew: 1349384K->98606K(1415616K), 0.0347870 secs] 2245139K->994361K(8231360K), 0.0349860 secs] [Times: user=0.55 sys=0.00, real=0.04 secs] 
19010.982: [GC 19010.982: [ParNew: 1356974K->100351K(1415616K), 0.0370360 secs] 2252729K->996107K(8231360K), 0.0372450 secs] [Times: user=0.56 sys=0.00, real=0.04 secs] 
19012.589: [GC 19012.589: [ParNew: 1358719K->102932K(1415616K), 0.0397290 secs] 2254475K->998687K(8231360K), 0.0399400 secs] [Times: user=0.60 sys=0.02, real=0.04 secs] 
19013.823: [GC 19013.823: [ParNew: 1361300K->105895K(1415616K), 0.0387260 secs] 2257055K->1001650K(8231360K), 0.0389320 secs] [Times: user=0.61 sys=0.00, real=0.04 secs] 
19015.651: [GC 19015.651: [ParNew: 1364263K->113400K(1415616K), 0.0405500 secs] 2260018K->1009156K(8231360K), 0.0407490 secs] [Times: user=0.63 sys=0.01, real=0.04 secs] 
19017.181: [GC 19017.181: [ParNew: 1371768K->111322K(1415616K), 0.0387860 secs] 2267524K->1007077K(8231360K), 0.0389930 secs] [Times: user=0.60 sys=0.01, real=0.04 secs] 
19020.738: [GC 19020.738: [ParNew: 1369690K->78478K(1415616K), 0.0907970 secs] 2265445K->1010373K(8231360K), 0.0909900 secs] [Times: user=0.63 sys=0.07, real=0.09 secs] 
19022.125: [GC 19022.125: [ParNew: 1336846K->68662K(1415616K), 0.0225800 secs] 2268741K->1000557K(8231360K), 0.0227830 secs] [Times: user=0.34 sys=0.01, real=0.02 secs] 
19024.454: [GC 19024.454: [ParNew: 1327030K->58727K(1415616K), 0.0234370 secs] 2258925K->990621K(8231360K), 0.0236530 secs] [Times: user=0.36 sys=0.00, real=0.03 secs] 
19029.079: [GC 19029.079: [ParNew: 1317095K->56291K(1415616K), 0.0253980 secs] 2248989K->988185K(8231360K), 0.0256190 secs] [Times: user=0.39 sys=0.01, real=0.02 secs] 
19030.130: [GC 19030.130: [ParNew: 1314659K->60051K(1415616K), 0.0246490 secs] 2246553K->991946K(8231360K), 0.0248520 secs] [Times: user=0.37 sys=0.01, real=0.02 secs] 
19032.213: [GC 19032.213: [ParNew: 1318419K->58836K(1415616K), 0.0277810 secs] 2250314K->990730K(8231360K), 0.0279870 secs] [Times: user=0.42 sys=0.00, real=0.03 secs] 
19038.179: [GC 19038.179: [ParNew: 1317204K->55923K(1415616K), 0.0260640 secs] 2249098K->987818K(8231360K), 0.0262720 secs] [Times: user=0.40 sys=0.01, real=0.02 secs] 
19042.870: [GC 19042.870: [ParNew: 1314291K->57095K(1415616K), 0.0239410 secs] 2246186K->988989K(8231360K), 0.0241500 secs] [Times: user=0.37 sys=0.01, real=0.02 secs] 
19045.813: [GC 19045.813: [ParNew: 1315463K->65945K(1415616K), 0.0278380 secs] 2247357K->997840K(8231360K), 0.0280430 secs] [Times: user=0.41 sys=0.01, real=0.03 secs] 
19048.979: [GC 19048.979: [ParNew: 1324313K->74493K(1415616K), 0.0272930 secs] 2256208K->1006387K(8231360K), 0.0275100 secs] [Times: user=0.42 sys=0.00, real=0.03 secs] 
19050.924: [GC 19050.924: [ParNew: 1332861K->72112K(1415616K), 0.0297630 secs] 2264755K->1004006K(8231360K), 0.0299710 secs] [Times: user=0.44 sys=0.02, real=0.03 secs] 
19051.350: [GC 19051.350: [ParNew: 1330480K->65329K(1415616K), 0.0257200 secs] 2262374K->997224K(8231360K), 0.0259310 secs] [Times: user=0.40 sys=0.00, real=0.02 secs] 
19051.771: [GC 19051.771: [ParNew: 1323697K->69439K(1415616K), 0.0308940 secs] 2255592K->1001334K(8231360K), 0.0310970 secs] [Times: user=0.47 sys=0.01, real=0.03 secs] 
19052.201: [GC 19052.201: [ParNew: 1327807K->72761K(1415616K), 0.0253580 secs] 2259702K->1004655K(8231360K), 0.0255630 secs] [Times: user=0.39 sys=0.00, real=0.02 secs] 
19052.624: [GC 19052.624: [ParNew: 1331129K->71115K(1415616K), 0.0251310 secs] 2263023K->1003010K(8231360K), 0.0253320 secs] [Times: user=0.38 sys=0.00, real=0.02 secs] 
19053.057: [GC 19053.057: [ParNew: 1329483K->78527K(1415616K), 0.0283970 secs] 2261378K->1010422K(8231360K), 0.0286040 secs] [Times: user=0.42 sys=0.02, real=0.03 secs] 
19053.978: [GC 19053.978: [ParNew: 1336895K->75197K(1415616K), 0.0387810 secs] 2268790K->1007091K(8231360K), 0.0389870 secs] [Times: user=0.59 sys=0.01, real=0.04 secs] 
19056.095: [GC 19056.095: [ParNew: 1333565K->83759K(1415616K), 0.0311710 secs] 2265459K->1015653K(8231360K), 0.0313790 secs] [Times: user=0.49 sys=0.00, real=0.03 secs] 
19057.617: [GC 19057.618: [ParNew: 1342127K->79343K(1415616K), 0.0340940 secs] 2274021K->1011238K(8231360K), 0.0342990 secs] [Times: user=0.52 sys=0.01, real=0.04 secs] 
19059.596: [GC 19059.596: [ParNew: 1337711K->92902K(1415616K), 0.0306470 secs] 2269606K->1024797K(8231360K), 0.0308550 secs] [Times: user=0.48 sys=0.00, real=0.03 secs] 
19066.213: [GC 19066.213: [ParNew: 1351270K->68096K(1415616K), 0.0273890 secs] 2283165K->999990K(8231360K), 0.0275970 secs] [Times: user=0.42 sys=0.01, real=0.02 secs] 
19069.156: [GC 19069.156: [ParNew: 1326464K->78245K(1415616K), 0.0293570 secs] 2258358K->1010140K(8231360K), 0.0295630 secs] [Times: user=0.45 sys=0.00, real=0.03 secs] 
19072.400: [GC 19072.400: [ParNew: 1336613K->76990K(1415616K), 0.0323140 secs] 2268508K->1008885K(8231360K), 0.0325250 secs] [Times: user=0.51 sys=0.01, real=0.03 secs] 
19074.709: [GC 19074.709: [ParNew: 1335358K->81417K(1415616K), 0.0308050 secs] 2267253K->1013311K(8231360K), 0.0310200 secs] [Times: user=0.48 sys=0.00, real=0.03 secs] 
19077.382: [GC 19077.382: [ParNew: 1339785K->80026K(1415616K), 0.0324260 secs] 2271679K->1011921K(8231360K), 0.0326340 secs] [Times: user=0.51 sys=0.01, real=0.04 secs] 
19080.797: [GC 19080.797: [ParNew: 1338394K->74420K(1415616K), 0.0303810 secs] 2270289K->1006314K(8231360K), 0.0305760 secs] [Times: user=0.48 sys=0.00, real=0.03 secs] 
19082.245: [GC 19082.245: [ParNew: 1332788K->84023K(1415616K), 0.0361680 secs] 2264682K->1015917K(8231360K), 0.0363830 secs] [Times: user=0.56 sys=0.01, real=0.04 secs] 
19083.840: [GC 19083.840: [ParNew: 1342391K->78779K(1415616K), 0.0310150 secs] 2274285K->1010674K(8231360K), 0.0312620 secs] [Times: user=0.47 sys=0.02, real=0.03 secs] 
19085.377: [GC 19085.377: [ParNew: 1337147K->90602K(1415616K), 0.0349030 secs] 2269042K->1022497K(8231360K), 0.0351080 secs] [Times: user=0.54 sys=0.01, real=0.03 secs] 
19086.989: [GC 19086.990: [ParNew: 1348970K->80506K(1415616K), 0.0289270 secs] 2280865K->1012401K(8231360K), 0.0291400 secs] [Times: user=0.45 sys=0.00, real=0.03 secs] 
19090.893: [GC 19090.893: [ParNew: 1338874K->84606K(1415616K), 0.0312690 secs] 2270769K->1016501K(8231360K), 0.0314770 secs] [Times: user=0.48 sys=0.01, real=0.03 secs] 
19091.818: [GC 19091.818: [ParNew: 1342974K->80573K(1415616K), 0.0296040 secs] 2274869K->1012468K(8231360K), 0.0298090 secs] [Times: user=0.45 sys=0.01, real=0.03 secs] 
19093.979: [GC 19093.979: [ParNew: 1338941K->75650K(1415616K), 0.0311900 secs] 2270836K->1007545K(8231360K), 0.0313960 secs] [Times: user=0.47 sys=0.00, real=0.03 secs] 
19099.198: [GC 19099.198: [ParNew: 1334018K->73105K(1415616K), 0.0326530 secs] 2265913K->1005000K(8231360K), 0.0328750 secs] [Times: user=0.51 sys=0.00, real=0.04 secs] 
19102.399: [GC 19102.399: [ParNew: 1331473K->75108K(1415616K), 0.0314930 secs] 2263368K->1007003K(8231360K), 0.0317020 secs] [Times: user=0.49 sys=0.00, real=0.04 secs] 
19106.261: [GC 19106.261: [ParNew: 1333476K->76394K(1415616K), 0.0494980 secs] 2265371K->1008288K(8231360K), 0.0497030 secs] [Times: user=0.76 sys=0.02, real=0.05 secs] 
19108.984: [GC 19108.984: [ParNew: 1334762K->76721K(1415616K), 0.0317970 secs] 2266656K->1008616K(8231360K), 0.0319970 secs] [Times: user=0.49 sys=0.00, real=0.03 secs] 
19111.100: [GC 19111.100: [ParNew: 1335089K->73019K(1415616K), 0.0350710 secs] 2266984K->1004914K(8231360K), 0.0352770 secs] [Times: user=0.53 sys=0.01, real=0.04 secs] 
19111.533: [GC 19111.533: [ParNew: 1331387K->74042K(1415616K), 0.0320340 secs] 2263282K->1005937K(8231360K), 0.0322440 secs] [Times: user=0.48 sys=0.01, real=0.03 secs] 
19111.960: [GC 19111.960: [ParNew: 1332410K->74677K(1415616K), 0.0331830 secs] 2264305K->1006572K(8231360K), 0.0333940 secs] [Times: user=0.51 sys=0.01, real=0.04 secs] 
19112.392: [GC 19112.392: [ParNew: 1333045K->75479K(1415616K), 0.0297090 secs] 2264940K->1007373K(8231360K), 0.0299180 secs] [Times: user=0.46 sys=0.00, real=0.03 secs] 
19112.818: [GC 19112.818: [ParNew: 1333847K->82962K(1415616K), 0.0283650 secs] 2265741K->1014856K(8231360K), 0.0285680 secs] [Times: user=0.45 sys=0.00, real=0.03 secs] 
19113.265: [GC 19113.265: [ParNew: 1341330K->79668K(1415616K), 0.0286980 secs] 2273224K->1011563K(8231360K), 0.0289030 secs] [Times: user=0.44 sys=0.00, real=0.03 secs] 
19114.784: [GC 19114.784: [ParNew: 1338036K->83390K(1415616K), 0.0340550 secs] 2269931K->1015285K(8231360K), 0.0342670 secs] [Times: user=0.53 sys=0.00, real=0.03 secs] 
19117.376: [GC 19117.376: [ParNew: 1341758K->88082K(1415616K), 0.0312560 secs] 2273653K->1019976K(8231360K), 0.0314660 secs] [Times: user=0.49 sys=0.00, real=0.03 secs] 
19120.772: [GC 19120.773: [ParNew: 1346450K->85627K(1415616K), 0.0370080 secs] 2278344K->1017522K(8231360K), 0.0372180 secs] [Times: user=0.58 sys=0.00, real=0.04 secs] 
19124.950: [GC 19124.950: [ParNew: 1343995K->87637K(1415616K), 0.0320240 secs] 2275890K->1019532K(8231360K), 0.0322340 secs] [Times: user=0.49 sys=0.01, real=0.03 secs] 
19126.470: [GC 19126.470: [ParNew: 1346005K->85868K(1415616K), 0.0283300 secs] 2277900K->1017763K(8231360K), 0.0285370 secs] [Times: user=0.44 sys=0.00, real=0.03 secs] 
19128.223: [GC 19128.223: [ParNew: 1344236K->77678K(1415616K), 0.0300620 secs] 2276131K->1009572K(8231360K), 0.0302710 secs] [Times: user=0.47 sys=0.00, real=0.03 secs] 
19130.440: [GC 19130.440: [ParNew: 1336046K->81257K(1415616K), 0.0351120 secs] 2267940K->1013151K(8231360K), 0.0353150 secs] [Times: user=0.54 sys=0.01, real=0.04 secs] 
19133.060: [GC 19133.061: [ParNew: 1339625K->77768K(1415616K), 0.0348770 secs] 2271519K->1009663K(8231360K), 0.0350840 secs] [Times: user=0.53 sys=0.00, real=0.04 secs] 
19137.652: [GC 19137.652: [ParNew: 1336136K->81411K(1415616K), 0.0333880 secs] 2268031K->1013305K(8231360K), 0.0336040 secs] [Times: user=0.52 sys=0.00, real=0.03 secs] 
19142.163: [GC 19142.163: [ParNew: 1339779K->73374K(1415616K), 0.0283550 secs] 2271673K->1005269K(8231360K), 0.0285800 secs] [Times: user=0.44 sys=0.00, real=0.03 secs] 
19143.555: [GC 19143.555: [ParNew: 1331742K->82264K(1415616K), 0.0289970 secs] 2263637K->1014158K(8231360K), 0.0292050 secs] [Times: user=0.45 sys=0.00, real=0.03 secs] 
19145.018: [GC 19145.018: [ParNew: 1340632K->78795K(1415616K), 0.0296510 secs] 2272526K->1010689K(8231360K), 0.0298590 secs] [Times: user=0.47 sys=0.00, real=0.03 secs] 
19148.583: [GC 19148.583: [ParNew: 1337163K->79636K(1415616K), 0.0297810 secs] 2269057K->1011531K(8231360K), 0.0299870 secs] [Times: user=0.46 sys=0.00, real=0.03 secs] 
19151.071: [GC 19151.071: [ParNew: 1338004K->89052K(1415616K), 0.0311490 secs] 2269899K->1020946K(8231360K), 0.0313510 secs] [Times: user=0.48 sys=0.00, real=0.03 secs] 
19154.825: [GC 19154.825: [ParNew: 1347420K->78781K(1415616K), 0.0325060 secs] 2279314K->1010675K(8231360K), 0.0327740 secs] [Times: user=0.51 sys=0.00, real=0.03 secs] 
19155.753: [GC 19155.753: [ParNew: 1337149K->80080K(1415616K), 0.0341640 secs] 2269043K->1011975K(8231360K), 0.0343660 secs] [Times: user=0.52 sys=0.01, real=0.03 secs] 
19156.820: [GC 19156.820: [ParNew: 1338448K->83284K(1415616K), 0.0333010 secs] 2270343K->1015179K(8231360K), 0.0335090 secs] [Times: user=0.52 sys=0.00, real=0.03 secs] 
19162.194: [GC 19162.195: [ParNew: 1341652K->75513K(1415616K), 0.0325490 secs] 2273547K->1007408K(8231360K), 0.0327560 secs] [Times: user=0.50 sys=0.00, real=0.03 secs] 
19164.990: [GC 19164.990: [ParNew: 1333881K->84967K(1415616K), 0.0334830 secs] 2265776K->1016861K(8231360K), 0.0336900 secs] [Times: user=0.51 sys=0.00, real=0.04 secs] 
19169.604: [GC 19169.604: [ParNew: 1343335K->93784K(1415616K), 0.0357530 secs] 2275229K->1025679K(8231360K), 0.0359620 secs] [Times: user=0.56 sys=0.00, real=0.03 secs] 
19171.104: [GC 19171.104: [ParNew: 1352152K->88032K(1415616K), 0.0357550 secs] 2284047K->1019927K(8231360K), 0.0359640 secs] [Times: user=0.55 sys=0.01, real=0.03 secs] 
19171.537: [GC 19171.537: [ParNew: 1346400K->90072K(1415616K), 0.0310730 secs] 2278295K->1021966K(8231360K), 0.0312800 secs] [Times: user=0.48 sys=0.01, real=0.03 secs] 
19171.966: [GC 19171.966: [ParNew: 1348440K->75690K(1415616K), 0.0328770 secs] 2280334K->1007585K(8231360K), 0.0330800 secs] [Times: user=0.51 sys=0.00, real=0.03 secs] 
19172.389: [GC 19172.389: [ParNew: 1334058K->84026K(1415616K), 0.0274950 secs] 2265953K->1015921K(8231360K), 0.0277120 secs] [Times: user=0.43 sys=0.00, real=0.03 secs] 
19172.813: [GC 19172.813: [ParNew: 1342394K->92305K(1415616K), 0.0338360 secs] 2274289K->1024199K(8231360K), 0.0340440 secs] [Times: user=0.52 sys=0.01, real=0.03 secs] 
19173.265: [GC 19173.265: [ParNew: 1350673K->88194K(1415616K), 0.0326570 secs] 2282567K->1020089K(8231360K), 0.0328700 secs] [Times: user=0.51 sys=0.00, real=0.03 secs] 
19175.784: [GC 19175.784: [ParNew: 1346562K->80362K(1415616K), 0.0317460 secs] 2278457K->1012257K(8231360K), 0.0319510 secs] [Times: user=0.49 sys=0.01, real=0.03 secs] 
19178.288: [GC 19178.288: [ParNew: 1338730K->87189K(1415616K), 0.0338520 secs] 2270625K->1019084K(8231360K), 0.0340600 secs] [Times: user=0.53 sys=0.00, real=0.03 secs] 
19183.179: [GC 19183.179: [ParNew: 1345557K->78684K(1415616K), 0.0378830 secs] 2277452K->1010579K(8231360K), 0.0381090 secs] [Times: user=0.59 sys=0.00, real=0.04 secs] 
19185.780: [GC 19185.780: [ParNew: 1337052K->84803K(1415616K), 0.0296330 secs] 2268947K->1016698K(8231360K), 0.0298370 secs] [Times: user=0.47 sys=0.00, real=0.03 secs] 
19187.793: [GC 19187.793: [ParNew: 1343171K->96780K(1415616K), 0.0340990 secs] 2275066K->1028674K(8231360K), 0.0343250 secs] [Times: user=0.53 sys=0.00, real=0.04 secs] 
19188.722: [GC 19188.722: [ParNew: 1355148K->86459K(1415616K), 0.0342640 secs] 2287042K->1018354K(8231360K), 0.0344720 secs] [Times: user=0.53 sys=0.01, real=0.04 secs] 
19189.762: [GC 19189.763: [ParNew: 1344827K->88467K(1415616K), 0.0316770 secs] 2276722K->1020361K(8231360K), 0.0318830 secs] [Times: user=0.47 sys=0.02, real=0.03 secs] 
19191.039: [GC 19191.039: [ParNew: 1346835K->94786K(1415616K), 0.0322630 secs] 2278729K->1026681K(8231360K), 0.0324740 secs] [Times: user=0.50 sys=0.01, real=0.03 secs] 
19191.468: [GC 19191.468: [ParNew: 1353154K->88521K(1415616K), 0.0319050 secs] 2285049K->1020415K(8231360K), 0.0321130 secs] [Times: user=0.50 sys=0.00, real=0.03 secs] 
19192.031: [GC 19192.031: [ParNew: 1346889K->88828K(1415616K), 0.0361480 secs] 2278783K->1020722K(8231360K), 0.0363540 secs] [Times: user=0.56 sys=0.00, real=0.04 secs] 
19196.443: [GC 19196.443: [ParNew: 1347196K->89495K(1415616K), 0.0358700 secs] 2279090K->1021389K(8231360K), 0.0360910 secs] [Times: user=0.56 sys=0.00, real=0.04 secs] 
19202.280: [GC 19202.280: [ParNew: 1347863K->79176K(1415616K), 0.0320860 secs] 2279757K->1011070K(8231360K), 0.0323020 secs] [Times: user=0.50 sys=0.01, real=0.03 secs] 
19207.548: [GC 19207.548: [ParNew: 1337544K->81936K(1415616K), 0.0306320 secs] 2269438K->1013830K(8231360K), 0.0308430 secs] [Times: user=0.46 sys=0.00, real=0.04 secs] 
19210.460: [GC 19210.460: [ParNew: 1340304K->86495K(1415616K), 0.0315590 secs] 2272198K->1018389K(8231360K), 0.0317680 secs] [Times: user=0.49 sys=0.00, real=0.04 secs] 
19211.181: [GC 19211.181: [ParNew: 1344863K->87698K(1415616K), 0.0339390 secs] 2276757K->1019592K(8231360K), 0.0341430 secs] [Times: user=0.53 sys=0.00, real=0.03 secs] 
19212.787: [GC 19212.787: [ParNew: 1346066K->88432K(1415616K), 0.0310570 secs] 2277960K->1020327K(8231360K), 0.0312670 secs] [Times: user=0.48 sys=0.00, real=0.03 secs] 
19217.591: [GC 19217.591: [ParNew: 1346800K->84221K(1415616K), 0.0324190 secs] 2278695K->1016116K(8231360K), 0.0326270 secs] [Times: user=0.52 sys=0.00, real=0.03 secs] 
19219.972: [GC 19219.972: [ParNew: 1342589K->81539K(1415616K), 0.0340450 secs] 2274484K->1013433K(8231360K), 0.0342420 secs] [Times: user=0.52 sys=0.00, real=0.03 secs] 
19223.595: [GC 19223.595: [ParNew: 1339907K->74053K(1415616K), 0.0358290 secs] 2271801K->1005948K(8231360K), 0.0360620 secs] [Times: user=0.55 sys=0.00, real=0.03 secs] 
19225.834: [GC 19225.834: [ParNew: 1332421K->76994K(1415616K), 0.0322730 secs] 2264316K->1008889K(8231360K), 0.0324760 secs] [Times: user=0.50 sys=0.00, real=0.03 secs] 
19228.213: [GC 19228.213: [ParNew: 1335362K->79673K(1415616K), 0.0334990 secs] 2267257K->1011568K(8231360K), 0.0337060 secs] [Times: user=0.52 sys=0.00, real=0.03 secs] 
19231.071: [GC 19231.071: [ParNew: 1338041K->79907K(1415616K), 0.0312960 secs] 2269936K->1011801K(8231360K), 0.0315090 secs] [Times: user=0.47 sys=0.01, real=0.03 secs] 
19231.502: [GC 19231.502: [ParNew: 1338275K->88117K(1415616K), 0.0327870 secs] 2270169K->1020012K(8231360K), 0.0329920 secs] [Times: user=0.51 sys=0.00, real=0.04 secs] 
19231.935: [GC 19231.935: [ParNew: 1346485K->76780K(1415616K), 0.0357730 secs] 2278380K->1008674K(8231360K), 0.0359810 secs] [Times: user=0.54 sys=0.01, real=0.03 secs] 
19232.367: [GC 19232.367: [ParNew: 1335148K->80805K(1415616K), 0.0298980 secs] 2267042K->1012699K(8231360K), 0.0301030 secs] [Times: user=0.46 sys=0.00, real=0.03 secs] 
19232.796: [GC 19232.796: [ParNew: 1339173K->81501K(1415616K), 0.0291140 secs] 2271067K->1013396K(8231360K), 0.0293190 secs] [Times: user=0.46 sys=0.00, real=0.03 secs] 
19233.243: [GC 19233.243: [ParNew: 1339869K->86035K(1415616K), 0.0304600 secs] 2271764K->1017930K(8231360K), 0.0306680 secs] [Times: user=0.47 sys=0.00, real=0.04 secs] 
19238.173: [GC 19238.173: [ParNew: 1344403K->74585K(1415616K), 0.0368130 secs] 2276298K->1006480K(8231360K), 0.0370160 secs] [Times: user=0.57 sys=0.00, real=0.04 secs] 
19241.196: [GC 19241.197: [ParNew: 1332953K->82259K(1415616K), 0.0320680 secs] 2264848K->1014153K(8231360K), 0.0323020 secs] [Times: user=0.50 sys=0.00, real=0.03 secs] 
19244.200: [GC 19244.200: [ParNew: 1340627K->87142K(1415616K), 0.0333380 secs] 2272521K->1019036K(8231360K), 0.0335500 secs] [Times: user=0.51 sys=0.00, real=0.03 secs] 
19245.374: [GC 19245.374: [ParNew: 1345510K->100485K(1415616K), 0.0493670 secs] 2277404K->1032380K(8231360K), 0.0495740 secs] [Times: user=0.76 sys=0.01, real=0.05 secs] 
19247.208: [GC 19247.209: [ParNew: 1358853K->97772K(1415616K), 0.0385910 secs] 2290748K->1029666K(8231360K), 0.0387950 secs] [Times: user=0.60 sys=0.00, real=0.04 secs] 
19248.584: [GC 19248.584: [ParNew: 1356140K->83709K(1415616K), 0.0392650 secs] 2288034K->1015603K(8231360K), 0.0394690 secs] [Times: user=0.60 sys=0.01, real=0.04 secs] 
19250.087: [GC 19250.087: [ParNew: 1342077K->89473K(1415616K), 0.0344350 secs] 2273971K->1021368K(8231360K), 0.0346510 secs] [Times: user=0.53 sys=0.00, real=0.04 secs] 
19251.223: [GC 19251.224: [ParNew: 1347841K->94597K(1415616K), 0.0360690 secs] 2279736K->1026492K(8231360K), 0.0362800 secs] [Times: user=0.55 sys=0.01, real=0.04 secs] 
19251.658: [GC 19251.658: [ParNew: 1352965K->100273K(1415616K), 0.0380390 secs] 2284860K->1032168K(8231360K), 0.0382600 secs] [Times: user=0.59 sys=0.01, real=0.03 secs] 
19252.391: [GC 19252.391: [ParNew: 1358641K->92436K(1415616K), 0.0356220 secs] 2290536K->1024331K(8231360K), 0.0358260 secs] [Times: user=0.56 sys=0.00, real=0.04 secs] 
19254.192: [GC 19254.192: [ParNew: 1350804K->97034K(1415616K), 0.0371310 secs] 2282699K->1028929K(8231360K), 0.0373430 secs] [Times: user=0.58 sys=0.00, real=0.04 secs] 
19256.969: [GC 19256.969: [ParNew: 1355402K->97738K(1415616K), 0.0327970 secs] 2287297K->1029632K(8231360K), 0.0330050 secs] [Times: user=0.51 sys=0.00, real=0.03 secs] 
19258.902: [GC 19258.902: [ParNew: 1356106K->88472K(1415616K), 0.0387640 secs] 2288000K->1020366K(8231360K), 0.0389990 secs] [Times: user=0.58 sys=0.01, real=0.04 secs] 
19261.811: [GC 19261.811: [ParNew: 1346840K->92034K(1415616K), 0.0351620 secs] 2278734K->1023928K(8231360K), 0.0353710 secs] [Times: user=0.55 sys=0.00, real=0.03 secs] 
19264.595: [GC 19264.595: [ParNew: 1350402K->79744K(1415616K), 0.0346150 secs] 2282296K->1011638K(8231360K), 0.0348280 secs] [Times: user=0.54 sys=0.01, real=0.04 secs] 
19270.954: [GC 19270.954: [ParNew: 1338112K->78115K(1415616K), 0.0310570 secs] 2270006K->1010009K(8231360K), 0.0312700 secs] [Times: user=0.46 sys=0.01, real=0.03 secs] 
19277.382: [GC 19277.382: [ParNew: 1336483K->70665K(1415616K), 0.0303340 secs] 2268377K->1002560K(8231360K), 0.0305580 secs] [Times: user=0.47 sys=0.00, real=0.03 secs] 
19279.061: [GC 19279.062: [ParNew: 1329033K->75360K(1415616K), 0.0308290 secs] 2260928K->1007255K(8231360K), 0.0310350 secs] [Times: user=0.45 sys=0.02, real=0.04 secs] 
19282.389: [GC 19282.389: [ParNew: 1333728K->72040K(1415616K), 0.0349780 secs] 2265623K->1003935K(8231360K), 0.0351960 secs] [Times: user=0.54 sys=0.01, real=0.04 secs] 
19286.828: [GC 19286.828: [ParNew: 1330408K->88723K(1415616K), 0.0347840 secs] 2262303K->1020618K(8231360K), 0.0350030 secs] [Times: user=0.54 sys=0.00, real=0.04 secs] 
19291.019: [GC 19291.019: [ParNew: 1347091K->82470K(1415616K), 0.0323050 secs] 2278986K->1014365K(8231360K), 0.0325160 secs] [Times: user=0.50 sys=0.00, real=0.03 secs] 
19291.448: [GC 19291.448: [ParNew: 1340838K->86805K(1415616K), 0.0342080 secs] 2272733K->1018699K(8231360K), 0.0344130 secs] [Times: user=0.52 sys=0.00, real=0.03 secs] 
19291.880: [GC 19291.880: [ParNew: 1345173K->83978K(1415616K), 0.0338980 secs] 2277067K->1015873K(8231360K), 0.0340940 secs] [Times: user=0.52 sys=0.00, real=0.03 secs] 
19292.315: [GC 19292.315: [ParNew: 1342346K->88604K(1415616K), 0.0320480 secs] 2274241K->1020499K(8231360K), 0.0322620 secs] [Times: user=0.50 sys=0.00, real=0.03 secs] 
19292.744: [GC 19292.744: [ParNew: 1346972K->88884K(1415616K), 0.0328310 secs] 2278867K->1020778K(8231360K), 0.0330430 secs] [Times: user=0.50 sys=0.01, real=0.04 secs] 
19293.187: [GC 19293.187: [ParNew: 1347252K->85230K(1415616K), 0.0314060 secs] 2279146K->1017124K(8231360K), 0.0316060 secs] [Times: user=0.49 sys=0.00, real=0.03 secs] 
19293.636: [GC 19293.637: [ParNew: 1343598K->81373K(1415616K), 0.0352720 secs] 2275492K->1013268K(8231360K), 0.0354830 secs] [Times: user=0.54 sys=0.01, real=0.03 secs] 
19294.817: [GC 19294.817: [ParNew: 1339741K->81325K(1415616K), 0.0336490 secs] 2271636K->1013220K(8231360K), 0.0338480 secs] [Times: user=0.50 sys=0.02, real=0.03 secs] 
19297.008: [GC 19297.008: [ParNew: 1339693K->89463K(1415616K), 0.0322440 secs] 2271588K->1021358K(8231360K), 0.0324480 secs] [Times: user=0.51 sys=0.01, real=0.03 secs] 
19298.864: [GC 19298.864: [ParNew: 1347831K->94390K(1415616K), 0.0364840 secs] 2279726K->1026285K(8231360K), 0.0366880 secs] [Times: user=0.56 sys=0.00, real=0.04 secs] 
19306.103: [GC 19306.103: [ParNew: 1352758K->82744K(1415616K), 0.0365270 secs] 2284653K->1014638K(8231360K), 0.0367370 secs] [Times: user=0.56 sys=0.00, real=0.04 secs] 
19308.335: [GC 19308.335: [ParNew: 1341112K->87503K(1415616K), 0.0318870 secs] 2273006K->1019398K(8231360K), 0.0320910 secs] [Times: user=0.50 sys=0.00, real=0.03 secs] 
19309.892: [GC 19309.892: [ParNew: 1345871K->88397K(1415616K), 0.0334240 secs] 2277766K->1020292K(8231360K), 0.0336390 secs] [Times: user=0.52 sys=0.00, real=0.03 secs] 
19311.104: [GC 19311.105: [ParNew: 1346765K->94627K(1415616K), 0.0326720 secs] 2278660K->1026522K(8231360K), 0.0328820 secs] [Times: user=0.50 sys=0.00, real=0.03 secs] 
19311.538: [GC 19311.539: [ParNew: 1352995K->92671K(1415616K), 0.0362430 secs] 2284890K->1024565K(8231360K), 0.0364510 secs] [Times: user=0.56 sys=0.00, real=0.03 secs] 
19312.011: [GC 19312.011: [ParNew: 1351039K->85645K(1415616K), 0.0316880 secs] 2282933K->1017540K(8231360K), 0.0318860 secs] [Times: user=0.49 sys=0.00, real=0.03 secs] 
19313.967: [GC 19313.967: [ParNew: 1344013K->99275K(1415616K), 0.0370790 secs] 2275908K->1031170K(8231360K), 0.0372850 secs] [Times: user=0.58 sys=0.00, real=0.04 secs] 
19316.500: [GC 19316.500: [ParNew: 1357643K->105945K(1415616K), 0.0357130 secs] 2289538K->1037840K(8231360K), 0.0359220 secs] [Times: user=0.55 sys=0.00, real=0.03 secs] 
19320.010: [GC 19320.010: [ParNew: 1364313K->103796K(1415616K), 0.0374910 secs] 2296208K->1035690K(8231360K), 0.0377030 secs] [Times: user=0.58 sys=0.00, real=0.03 secs] 
19321.431: [GC 19321.431: [ParNew: 1362164K->83863K(1415616K), 0.0346470 secs] 2294058K->1015758K(8231360K), 0.0348560 secs] [Times: user=0.53 sys=0.00, real=0.03 secs] 
19322.328: [GC 19322.328: [ParNew: 1342231K->95623K(1415616K), 0.0305750 secs] 2274126K->1027518K(8231360K), 0.0307800 secs] [Times: user=0.48 sys=0.00, real=0.03 secs] 
19324.100: [GC 19324.100: [ParNew: 1353991K->79119K(1415616K), 0.0360000 secs] 2285886K->1011013K(8231360K), 0.0362140 secs] [Times: user=0.55 sys=0.00, real=0.04 secs] 
19327.381: [GC 19327.382: [ParNew: 1337487K->87004K(1415616K), 0.0352190 secs] 2269381K->1018899K(8231360K), 0.0354270 secs] [Times: user=0.54 sys=0.00, real=0.03 secs] 
19330.835: [GC 19330.835: [ParNew: 1345372K->89556K(1415616K), 0.0440810 secs] 2277267K->1021451K(8231360K), 0.0442880 secs] [Times: user=0.67 sys=0.01, real=0.04 secs] 
19332.394: [GC 19332.394: [ParNew: 1347924K->84643K(1415616K), 0.0354900 secs] 2279819K->1016538K(8231360K), 0.0356930 secs] [Times: user=0.55 sys=0.01, real=0.03 secs] 
19334.720: [GC 19334.720: [ParNew: 1343011K->86424K(1415616K), 0.0329880 secs] 2274906K->1018319K(8231360K), 0.0331950 secs] [Times: user=0.51 sys=0.02, real=0.04 secs] 
19346.710: [GC 19346.710: [ParNew: 1344792K->76684K(1415616K), 0.0297950 secs] 2276687K->1008578K(8231360K), 0.0300030 secs] [Times: user=0.46 sys=0.00, real=0.03 secs] 
19348.402: [GC 19348.402: [ParNew: 1335052K->76629K(1415616K), 0.0397640 secs] 2266946K->1008523K(8231360K), 0.0399710 secs] [Times: user=0.62 sys=0.01, real=0.04 secs] 
19350.941: [GC 19350.941: [ParNew: 1334997K->76766K(1415616K), 0.0326730 secs] 2266891K->1008660K(8231360K), 0.0328850 secs] [Times: user=0.48 sys=0.02, real=0.03 secs] 
19351.377: [GC 19351.377: [ParNew: 1335134K->86388K(1415616K), 0.0384440 secs] 2267028K->1018283K(8231360K), 0.0386560 secs] [Times: user=0.59 sys=0.01, real=0.04 secs] 
19351.819: [GC 19351.819: [ParNew: 1344756K->87991K(1415616K), 0.0299370 secs] 2276651K->1019885K(8231360K), 0.0301380 secs] [Times: user=0.46 sys=0.00, real=0.03 secs] 
19352.258: [GC 19352.258: [ParNew: 1346359K->84974K(1415616K), 0.0355100 secs] 2278253K->1016868K(8231360K), 0.0357070 secs] [Times: user=0.54 sys=0.00, real=0.03 secs] 
19352.697: [GC 19352.697: [ParNew: 1343342K->85502K(1415616K), 0.0343200 secs] 2275236K->1017397K(8231360K), 0.0345320 secs] [Times: user=0.54 sys=0.00, real=0.03 secs] 
19353.139: [GC 19353.139: [ParNew: 1343870K->81582K(1415616K), 0.0370860 secs] 2275765K->1013477K(8231360K), 0.0372850 secs] [Times: user=0.57 sys=0.00, real=0.04 secs] 
19355.420: [GC 19355.420: [ParNew: 1339950K->85865K(1415616K), 0.0340430 secs] 2271845K->1017760K(8231360K), 0.0342560 secs] [Times: user=0.53 sys=0.00, real=0.03 secs] 
19360.315: [GC 19360.315: [ParNew: 1344233K->94736K(1415616K), 0.0356780 secs] 2276128K->1026631K(8231360K), 0.0358890 secs] [Times: user=0.55 sys=0.01, real=0.04 secs] 
19361.982: [GC 19361.982: [ParNew: 1353104K->85046K(1415616K), 0.0339930 secs] 2284999K->1016940K(8231360K), 0.0342090 secs] [Times: user=0.53 sys=0.00, real=0.03 secs] 
19363.085: [GC 19363.085: [ParNew: 1343414K->92130K(1415616K), 0.0410900 secs] 2275308K->1024024K(8231360K), 0.0413220 secs] [Times: user=0.61 sys=0.03, real=0.04 secs] 
19365.007: [GC 19365.007: [ParNew: 1350498K->81104K(1415616K), 0.0371030 secs] 2282392K->1012999K(8231360K), 0.0373140 secs] [Times: user=0.58 sys=0.00, real=0.04 secs] 
19367.112: [GC 19367.112: [ParNew: 1339472K->98768K(1415616K), 0.0323990 secs] 2271367K->1030662K(8231360K), 0.0325980 secs] [Times: user=0.49 sys=0.00, real=0.03 secs] 
19369.239: [GC 19369.239: [ParNew: 1357136K->105755K(1415616K), 0.0377440 secs] 2289030K->1037650K(8231360K), 0.0379520 secs] [Times: user=0.58 sys=0.01, real=0.03 secs] 
19371.042: [GC 19371.042: [ParNew: 1364123K->105911K(1415616K), 0.0364240 secs] 2296018K->1037806K(8231360K), 0.0366320 secs] [Times: user=0.57 sys=0.00, real=0.03 secs] 
19371.472: [GC 19371.472: [ParNew: 1364279K->98744K(1415616K), 0.0379760 secs] 2296174K->1030639K(8231360K), 0.0381850 secs] [Times: user=0.59 sys=0.01, real=0.04 secs] 
19371.921: [GC 19371.921: [ParNew: 1357112K->99849K(1415616K), 0.0330210 secs] 2289007K->1031744K(8231360K), 0.0332290 secs] [Times: user=0.51 sys=0.00, real=0.03 secs] 
19373.275: [GC 19373.275: [ParNew: 1358217K->104296K(1415616K), 0.0399360 secs] 2290112K->1036191K(8231360K), 0.0401360 secs] [Times: user=0.62 sys=0.01, real=0.04 secs] 
19374.695: [GC 19374.695: [ParNew: 1362664K->114684K(1415616K), 0.0336800 secs] 2294559K->1046578K(8231360K), 0.0338840 secs] [Times: user=0.52 sys=0.00, real=0.03 secs] 
19377.181: [GC 19377.181: [ParNew: 1373052K->106045K(1415616K), 0.0370240 secs] 2304946K->1037939K(8231360K), 0.0372310 secs] [Times: user=0.57 sys=0.00, real=0.03 secs] 
19380.577: [GC 19380.578: [ParNew: 1364413K->101838K(1415616K), 0.0380640 secs] 2296307K->1033733K(8231360K), 0.0382660 secs] [Times: user=0.59 sys=0.00, real=0.04 secs] 
19382.152: [GC 19382.152: [ParNew: 1360206K->99448K(1415616K), 0.0365780 secs] 2292101K->1031342K(8231360K), 0.0367920 secs] [Times: user=0.56 sys=0.00, real=0.03 secs] 
19383.774: [GC 19383.774: [ParNew: 1357816K->90938K(1415616K), 0.0354790 secs] 2289710K->1022832K(8231360K), 0.0356800 secs] [Times: user=0.55 sys=0.00, real=0.03 secs] 
19385.083: [GC 19385.083: [ParNew: 1349306K->89593K(1415616K), 0.0407530 secs] 2281200K->1021487K(8231360K), 0.0409600 secs] [Times: user=0.63 sys=0.01, real=0.04 secs] 
19388.391: [GC 19388.391: [ParNew: 1347961K->102452K(1415616K), 0.0395570 secs] 2279855K->1034346K(8231360K), 0.0397650 secs] [Times: user=0.60 sys=0.01, real=0.04 secs] 
19390.777: [GC 19390.777: [ParNew: 1360820K->96819K(1415616K), 0.0340980 secs] 2292714K->1028714K(8231360K), 0.0343010 secs] [Times: user=0.53 sys=0.00, real=0.03 secs] 
19391.271: [GC 19391.272: [ParNew: 1355187K->101041K(1415616K), 0.0349100 secs] 2287082K->1032936K(8231360K), 0.0351110 secs] [Times: user=0.54 sys=0.00, real=0.04 secs] 
19392.415: [GC 19392.415: [ParNew: 1359409K->92701K(1415616K), 0.0384900 secs] 2291304K->1024596K(8231360K), 0.0386920 secs] [Times: user=0.61 sys=0.01, real=0.04 secs] 
19400.920: [GC 19400.920: [ParNew: 1351069K->82488K(1415616K), 0.0328270 secs] 2282964K->1014383K(8231360K), 0.0330500 secs] [Times: user=0.51 sys=0.00, real=0.03 secs] 
19410.384: [GC 19410.385: [ParNew: 1340856K->73144K(1415616K), 0.0320990 secs] 2272751K->1005038K(8231360K), 0.0323280 secs] [Times: user=0.50 sys=0.00, real=0.04 secs] 
19411.227: [GC 19411.227: [ParNew: 1331512K->81685K(1415616K), 0.0343530 secs] 2263406K->1013579K(8231360K), 0.0345580 secs] [Times: user=0.53 sys=0.01, real=0.03 secs] 
19411.677: [GC 19411.678: [ParNew: 1340053K->78278K(1415616K), 0.0322850 secs] 2271947K->1010173K(8231360K), 0.0324870 secs] [Times: user=0.51 sys=0.00, real=0.03 secs] 
19413.278: [GC 19413.278: [ParNew: 1336646K->91067K(1415616K), 0.0346860 secs] 2268541K->1022961K(8231360K), 0.0348930 secs] [Times: user=0.53 sys=0.00, real=0.03 secs] 
19415.997: [GC 19415.997: [ParNew: 1349435K->87871K(1415616K), 0.0322510 secs] 2281329K->1019766K(8231360K), 0.0324630 secs] [Times: user=0.50 sys=0.01, real=0.04 secs] 
19420.180: [GC 19420.180: [ParNew: 1346239K->101257K(1415616K), 0.0342860 secs] 2278134K->1033152K(8231360K), 0.0344970 secs] [Times: user=0.53 sys=0.00, real=0.03 secs] 
19424.573: [GC 19424.573: [ParNew: 1359625K->87625K(1415616K), 0.0381230 secs] 2291520K->1019520K(8231360K), 0.0383380 secs] [Times: user=0.59 sys=0.01, real=0.04 secs] 
19427.416: [GC 19427.416: [ParNew: 1345993K->88323K(1415616K), 0.0354700 secs] 2277888K->1020217K(8231360K), 0.0356790 secs] [Times: user=0.56 sys=0.00, real=0.04 secs] 
19428.482: [GC 19428.482: [ParNew: 1346691K->101728K(1415616K), 0.0337120 secs] 2278585K->1033623K(8231360K), 0.0339270 secs] [Times: user=0.52 sys=0.01, real=0.03 secs] 
19429.112: [GC 19429.113: [ParNew: 1360096K->99840K(1415616K), 0.0380940 secs] 2291991K->1031734K(8231360K), 0.0383010 secs] [Times: user=0.60 sys=0.00, real=0.04 secs] 
19429.694: [GC 19429.695: [ParNew: 1358208K->96508K(1415616K), 0.0367810 secs] 2290102K->1028403K(8231360K), 0.0369820 secs] [Times: user=0.56 sys=0.00, real=0.04 secs] 
19430.802: [GC 19430.802: [ParNew: 1354876K->97650K(1415616K), 0.0336200 secs] 2286771K->1029544K(8231360K), 0.0338350 secs] [Times: user=0.52 sys=0.00, real=0.03 secs] 
19432.874: [GC 19432.874: [ParNew: 1356018K->103582K(1415616K), 0.0377920 secs] 2287912K->1035477K(8231360K), 0.0380160 secs] [Times: user=0.59 sys=0.01, real=0.04 secs] 
19434.617: [GC 19434.617: [ParNew: 1361950K->100349K(1415616K), 0.0356710 secs] 2293845K->1032244K(8231360K), 0.0358810 secs] [Times: user=0.56 sys=0.00, real=0.04 secs] 
19437.343: [GC 19437.343: [ParNew: 1358717K->97316K(1415616K), 0.0389930 secs] 2290612K->1029211K(8231360K), 0.0392110 secs] [Times: user=0.60 sys=0.01, real=0.04 secs] 
19441.993: [GC 19441.993: [ParNew: 1355684K->93799K(1415616K), 0.0326900 secs] 2287579K->1025693K(8231360K), 0.0329090 secs] [Times: user=0.52 sys=0.00, real=0.03 secs] 
19443.982: [GC 19443.982: [ParNew: 1352167K->85087K(1415616K), 0.0348300 secs] 2284061K->1016982K(8231360K), 0.0350320 secs] [Times: user=0.54 sys=0.00, real=0.04 secs] 
19446.392: [GC 19446.392: [ParNew: 1343455K->88637K(1415616K), 0.0466370 secs] 2275350K->1020531K(8231360K), 0.0468390 secs] [Times: user=0.72 sys=0.01, real=0.05 secs] 
19447.982: [GC 19447.982: [ParNew: 1347005K->100824K(1415616K), 0.0350230 secs] 2278899K->1032718K(8231360K), 0.0352230 secs] [Times: user=0.55 sys=0.01, real=0.04 secs] 
19450.374: [GC 19450.374: [ParNew: 1359192K->96422K(1415616K), 0.0369350 secs] 2291086K->1028316K(8231360K), 0.0371420 secs] [Times: user=0.57 sys=0.00, real=0.03 secs] 
19452.988: [GC 19452.989: [ParNew: 1354790K->97683K(1415616K), 0.0315890 secs] 2286684K->1029577K(8231360K), 0.0317920 secs] [Times: user=0.49 sys=0.00, real=0.03 secs] 
19455.580: [GC 19455.580: [ParNew: 1356051K->87724K(1415616K), 0.0342150 secs] 2287945K->1019619K(8231360K), 0.0344240 secs] [Times: user=0.53 sys=0.00, real=0.03 secs] 
19457.630: [GC 19457.630: [ParNew: 1346092K->95996K(1415616K), 0.0536570 secs] 2277987K->1027890K(8231360K), 0.0538820 secs] [Times: user=0.81 sys=0.03, real=0.05 secs] 
19458.610: [GC 19458.610: [ParNew: 1353636K->91017K(1415616K), 0.0395010 secs] 2285530K->1022912K(8231360K), 0.0397340 secs] [Times: user=0.61 sys=0.01, real=0.04 secs] 
19462.002: [GC 19462.002: [ParNew: 1349385K->87055K(1415616K), 0.0342110 secs] 2281280K->1018950K(8231360K), 0.0344240 secs] [Times: user=0.53 sys=0.01, real=0.04 secs] 
19470.900: [GC 19470.900: [ParNew: 1345423K->81824K(1415616K), 0.0394860 secs] 2277318K->1013718K(8231360K), 0.0397570 secs] [Times: user=0.59 sys=0.02, real=0.04 secs] 
19471.333: [GC 19471.333: [ParNew: 1340192K->85589K(1415616K), 0.0353100 secs] 2272086K->1017484K(8231360K), 0.0355180 secs] [Times: user=0.56 sys=0.01, real=0.04 secs] 
19471.767: [GC 19471.767: [ParNew: 1343957K->89160K(1415616K), 0.0377240 secs] 2275852K->1021054K(8231360K), 0.0379390 secs] [Times: user=0.57 sys=0.02, real=0.03 secs] 
19472.203: [GC 19472.203: [ParNew: 1347528K->89325K(1415616K), 0.0296920 secs] 2279422K->1021219K(8231360K), 0.0298990 secs] [Times: user=0.46 sys=0.00, real=0.03 secs] 
19472.630: [GC 19472.630: [ParNew: 1347693K->85155K(1415616K), 0.0371120 secs] 2279587K->1017050K(8231360K), 0.0373200 secs] [Times: user=0.57 sys=0.00, real=0.04 secs] 
19473.076: [GC 19473.077: [ParNew: 1343523K->84963K(1415616K), 0.0326130 secs] 2275418K->1016857K(8231360K), 0.0328140 secs] [Times: user=0.51 sys=0.00, real=0.04 secs] 
19479.532: [GC 19479.532: [ParNew: 1343331K->84754K(1415616K), 0.0358300 secs] 2275225K->1016649K(8231360K), 0.0360330 secs] [Times: user=0.54 sys=0.00, real=0.03 secs] 
19481.194: [GC 19481.194: [ParNew: 1343122K->79950K(1415616K), 0.0335500 secs] 2275017K->1011844K(8231360K), 0.0337580 secs] [Times: user=0.51 sys=0.00, real=0.03 secs] 
19485.484: [GC 19485.484: [ParNew: 1338318K->83859K(1415616K), 0.0375870 secs] 2270212K->1015754K(8231360K), 0.0377930 secs] [Times: user=0.58 sys=0.01, real=0.04 secs] 
19488.242: [GC 19488.242: [ParNew: 1342227K->89177K(1415616K), 0.0315230 secs] 2274122K->1021071K(8231360K), 0.0317370 secs] [Times: user=0.50 sys=0.00, real=0.03 secs] 
19490.025: [GC 19490.025: [ParNew: 1347545K->96846K(1415616K), 0.0360550 secs] 2279439K->1028740K(8231360K), 0.0362570 secs] [Times: user=0.55 sys=0.01, real=0.04 secs] 
19491.197: [GC 19491.197: [ParNew: 1355214K->100029K(1415616K), 0.0361240 secs] 2287108K->1031924K(8231360K), 0.0363290 secs] [Times: user=0.56 sys=0.00, real=0.04 secs] 
19492.790: [GC 19492.790: [ParNew: 1358397K->101792K(1415616K), 0.0362970 secs] 2290292K->1033687K(8231360K), 0.0365160 secs] [Times: user=0.57 sys=0.01, real=0.04 secs] 
19493.783: [GC 19493.783: [ParNew: 1360160K->108436K(1415616K), 0.0381580 secs] 2292055K->1040330K(8231360K), 0.0383580 secs] [Times: user=0.61 sys=0.00, real=0.03 secs] 
19495.368: [GC 19495.368: [ParNew: 1366804K->101680K(1415616K), 0.0361400 secs] 2298698K->1033574K(8231360K), 0.0363480 secs] [Times: user=0.56 sys=0.01, real=0.04 secs] 
19498.010: [GC 19498.010: [ParNew: 1360048K->103072K(1415616K), 0.0368860 secs] 2291942K->1034966K(8231360K), 0.0370880 secs] [Times: user=0.58 sys=0.00, real=0.04 secs] 
19502.103: [GC 19502.103: [ParNew: 1361440K->99496K(1415616K), 0.0390630 secs] 2293334K->1031391K(8231360K), 0.0392790 secs] [Times: user=0.61 sys=0.00, real=0.04 secs] 
19502.580: [GC 19502.580: [ParNew: 1357864K->106849K(1415616K), 0.0384270 secs] 2289759K->1038744K(8231360K), 0.0386420 secs] [Times: user=0.61 sys=0.00, real=0.04 secs] 
19503.787: [GC 19503.787: [ParNew: 1365217K->92698K(1415616K), 0.0393380 secs] 2297112K->1024593K(8231360K), 0.0395390 secs] [Times: user=0.62 sys=0.00, real=0.04 secs] 
19505.279: [GC 19505.279: [ParNew: 1351066K->100795K(1415616K), 0.0375790 secs] 2282961K->1032690K(8231360K), 0.0377880 secs] [Times: user=0.57 sys=0.01, real=0.04 secs] 
19508.027: [GC 19508.027: [ParNew: 1359163K->105292K(1415616K), 0.0434260 secs] 2291058K->1037187K(8231360K), 0.0436300 secs] [Times: user=0.68 sys=0.01, real=0.04 secs] 
19510.175: [GC 19510.175: [ParNew: 1363660K->95929K(1415616K), 0.0378240 secs] 2295555K->1027824K(8231360K), 0.0380270 secs] [Times: user=0.58 sys=0.01, real=0.03 secs] 
19511.196: [GC 19511.196: [ParNew: 1354297K->101274K(1415616K), 0.0358310 secs] 2286192K->1033169K(8231360K), 0.0360370 secs] [Times: user=0.56 sys=0.00, real=0.03 secs] 
19514.171: [GC 19514.171: [ParNew: 1359642K->102293K(1415616K), 0.0377090 secs] 2291537K->1034187K(8231360K), 0.0379170 secs] [Times: user=0.57 sys=0.01, real=0.04 secs] 
19517.814: [GC 19517.814: [ParNew: 1360661K->95643K(1415616K), 0.0400450 secs] 2292555K->1027537K(8231360K), 0.0402480 secs] [Times: user=0.61 sys=0.01, real=0.04 secs] 
19520.445: [GC 19520.445: [ParNew: 1354011K->93418K(1415616K), 0.0452210 secs] 2285905K->1025312K(8231360K), 0.0454210 secs] [Times: user=0.69 sys=0.02, real=0.05 secs] 
19523.616: [GC 19523.616: [ParNew: 1351786K->87925K(1415616K), 0.0357130 secs] 2283680K->1019819K(8231360K), 0.0359130 secs] [Times: user=0.55 sys=0.01, real=0.04 secs] 
19525.293: [GC 19525.293: [ParNew: 1346293K->90742K(1415616K), 0.0538750 secs] 2278187K->1022636K(8231360K), 0.0541040 secs] [Times: user=0.82 sys=0.02, real=0.06 secs] 
19529.335: [GC 19529.335: [ParNew: 1349110K->81747K(1415616K), 0.0315660 secs] 2281004K->1013642K(8231360K), 0.0317860 secs] [Times: user=0.50 sys=0.00, real=0.03 secs] 
21005.792: [GC 21005.792: [ParNew: 1340115K->82837K(1415616K), 0.0388130 secs] 2272010K->1014731K(8231360K), 0.0390400 secs] [Times: user=0.56 sys=0.01, real=0.04 secs] 
22812.976: [GC 22812.976: [ParNew: 1341205K->92858K(1415616K), 0.0374170 secs] 2273099K->1024753K(8231360K), 0.0376240 secs] [Times: user=0.55 sys=0.00, real=0.03 secs] 
24774.233: [GC 24774.233: [ParNew: 1351222K->79314K(1415616K), 0.0346650 secs] 2283116K->1011209K(8231360K), 0.0348870 secs] [Times: user=0.49 sys=0.00, real=0.04 secs] 
26061.000: [GC 26061.000: [ParNew: 1337668K->90877K(1415616K), 0.0384700 secs] 2269563K->1022772K(8231360K), 0.0386940 secs] [Times: user=0.55 sys=0.01, real=0.04 secs] 
27657.765: [GC 27657.765: [ParNew: 1349245K->83397K(1415616K), 0.0379470 secs] 2281140K->1015292K(8231360K), 0.0381930 secs] [Times: user=0.55 sys=0.00, real=0.04 secs] 
29287.968: [GC 29287.968: [ParNew: 1341765K->91112K(1415616K), 0.0421980 secs] 2273660K->1023007K(8231360K), 0.0424180 secs] [Times: user=0.61 sys=0.00, real=0.05 secs] 
30768.589: [GC 30768.589: [ParNew: 1349480K->79980K(1415616K), 0.0354730 secs] 2281375K->1011874K(8231360K), 0.0357280 secs] [Times: user=0.50 sys=0.00, real=0.04 secs] 
32143.049: [GC 32143.049: [ParNew: 1338348K->92032K(1415616K), 0.0362050 secs] 2270242K->1023927K(8231360K), 0.0364690 secs] [Times: user=0.52 sys=0.00, real=0.04 secs] 
32890.271: [GC 32890.271: [ParNew: 1350400K->94316K(1415616K), 0.0390230 secs] 2282295K->1026210K(8231360K), 0.0392670 secs] [Times: user=0.58 sys=0.01, real=0.04 secs] 
34300.299: [GC 34300.299: [ParNew: 1352684K->81542K(1415616K), 0.0362300 secs] 2284578K->1013436K(8231360K), 0.0364790 secs] [Times: user=0.52 sys=0.00, real=0.04 secs] 
36243.257: [GC 36243.257: [ParNew: 1339910K->89876K(1415616K), 0.0397330 secs] 2271804K->1021771K(8231360K), 0.0399980 secs] [Times: user=0.56 sys=0.00, real=0.04 secs] 
38090.937: [GC 38090.937: [ParNew: 1348244K->94695K(1415616K), 0.0402460 secs] 2280139K->1026589K(8231360K), 0.0405000 secs] [Times: user=0.58 sys=0.00, real=0.04 secs] 
40498.671: [GC 40498.671: [ParNew: 1353062K->96744K(1415616K), 0.0441030 secs] 2284957K->1028638K(8231360K), 0.0443300 secs] [Times: user=0.61 sys=0.00, real=0.04 secs] 
42589.946: [GC 42589.946: [ParNew: 1355112K->94045K(1415616K), 0.0422310 secs] 2287006K->1025939K(8231360K), 0.0425100 secs] [Times: user=0.61 sys=0.00, real=0.04 secs] 
46485.098: [GC 46485.099: [ParNew: 1352413K->91173K(1415616K), 0.0429620 secs] 2284307K->1023067K(8231360K), 0.0432130 secs] [Times: user=0.56 sys=0.00, real=0.05 secs] 
50558.413: [GC 50558.413: [ParNew: 1349541K->92015K(1415616K), 0.0409240 secs] 2281435K->1023909K(8231360K), 0.0411400 secs] [Times: user=0.54 sys=0.00, real=0.04 secs] 
54228.905: [GC 54228.905: [ParNew: 1350383K->97117K(1415616K), 0.0402760 secs] 2282277K->1029011K(8231360K), 0.0405000 secs] [Times: user=0.53 sys=0.00, real=0.04 secs] 
57731.056: [GC 57731.056: [ParNew: 1355485K->89247K(1415616K), 0.0392090 secs] 2287379K->1021141K(8231360K), 0.0394150 secs] [Times: user=0.52 sys=0.00, real=0.04 secs] 
60975.118: [GC 60975.118: [ParNew: 1347615K->98757K(1415616K), 0.0415770 secs] 2279509K->1030652K(8231360K), 0.0418420 secs] [Times: user=0.57 sys=0.00, real=0.04 secs] 
Heap
 par new generation   total 1415616K, used 278735K [0x00002aaaae440000, 0x00002aab0e440000, 0x00002aab0e440000)
  eden space 1258368K,  14% used [0x00002aaaae440000, 0x00002aaab94028a8, 0x00002aaafb120000)
  from space 157248K,  62% used [0x00002aaafb120000, 0x00002aab01191748, 0x00002aab04ab0000)
  to   space 157248K,   0% used [0x00002aab04ab0000, 0x00002aab04ab0000, 0x00002aab0e440000)
 concurrent mark-sweep generation total 6815744K, used 931894K [0x00002aab0e440000, 0x00002aacae440000, 0x00002aacae440000)
 concurrent-mark-sweep perm gen total 86016K, used 53530K [0x00002aacae440000, 0x00002aacb3840000, 0x00002aacb3840000)
