2014-11-29T06:23:55.892+0000: 126.838: [GC 126.838: [ParNew: 5033216K->74618K(5662336K), 0.1352100 secs] 5033216K->74618K(16148096K), 0.1353170 secs] [Times: user=0.36 sys=0.03, real=0.13 secs] 
2014-11-29T06:24:12.369+0000: 143.315: [GC 143.315: [ParNew: 5107834K->135029K(5662336K), 0.2096140 secs] 5107834K->135029K(16148096K), 0.2097100 secs] [Times: user=0.65 sys=0.05, real=0.21 secs] 
2014-11-29T06:25:10.930+0000: 201.876: [GC 201.876: [ParNew: 5168245K->210456K(5662336K), 0.1849960 secs] 5168245K->210456K(16148096K), 0.1851840 secs] [Times: user=0.66 sys=0.04, real=0.18 secs] 
2014-11-29T06:27:11.694+0000: 322.640: [GC 322.640: [ParNew: 5243672K->333096K(5662336K), 0.2838530 secs] 5243672K->333096K(16148096K), 0.2840800 secs] [Times: user=1.03 sys=0.06, real=0.29 secs] 
2014-11-29T06:29:09.903+0000: 440.849: [GC 440.849: [ParNew: 5366312K->340242K(5662336K), 0.3709870 secs] 5366312K->405623K(16148096K), 0.3712070 secs] [Times: user=1.30 sys=0.06, real=0.37 secs] 
2014-11-29T06:31:15.526+0000: 566.471: [GC 566.472: [ParNew: 5373458K->234073K(5662336K), 0.2612730 secs] 5438839K->338466K(16148096K), 0.2614870 secs] [Times: user=0.97 sys=0.02, real=0.26 secs] 
2014-11-29T06:33:27.627+0000: 698.573: [GC 698.574: [ParNew: 5267289K->215691K(5662336K), 0.2643720 secs] 5371682K->394865K(16148096K), 0.2645820 secs] [Times: user=0.93 sys=0.02, real=0.26 secs] 
2014-11-29T06:35:51.552+0000: 842.498: [GC 842.498: [ParNew: 5248907K->163841K(5662336K), 0.1943130 secs] 5428081K->387558K(16148096K), 0.1945380 secs] [Times: user=0.72 sys=0.02, real=0.20 secs] 
2014-11-29T06:38:11.046+0000: 981.992: [GC 981.992: [ParNew: 5197057K->120873K(5662336K), 0.1746330 secs] 5420774K->360999K(16148096K), 0.1748420 secs] [Times: user=0.67 sys=0.01, real=0.17 secs] 
2014-11-29T06:40:25.383+0000: 1116.329: [GC 1116.329: [ParNew: 5154089K->102709K(5662336K), 0.1711600 secs] 5394215K->351872K(16148096K), 0.1713900 secs] [Times: user=0.71 sys=0.01, real=0.17 secs] 
2014-11-29T06:42:46.490+0000: 1257.436: [GC 1257.436: [ParNew: 5135925K->95932K(5662336K), 0.1584790 secs] 5385088K->355173K(16148096K), 0.1587010 secs] [Times: user=0.61 sys=0.01, real=0.15 secs] 
2014-11-29T06:45:09.218+0000: 1400.164: [GC 1400.164: [ParNew: 5129148K->113929K(5662336K), 0.1669570 secs] 5388389K->378569K(16148096K), 0.1671670 secs] [Times: user=0.65 sys=0.00, real=0.17 secs] 
2014-11-29T06:46:50.258+0000: 1501.204: [GC 1501.205: [ParNew: 5147145K->160577K(5662336K), 0.1597790 secs] 5411785K->431597K(16148096K), 0.1600090 secs] [Times: user=0.61 sys=0.00, real=0.16 secs] 
2014-11-29T06:48:18.517+0000: 1589.463: [GC 1589.463: [ParNew: 5193793K->168102K(5662336K), 0.1576450 secs] 5464813K->444648K(16148096K), 0.1578620 secs] [Times: user=0.61 sys=0.01, real=0.16 secs] 
2014-11-29T06:50:34.432+0000: 1725.377: [GC 1725.378: [ParNew: 5200902K->174299K(5662336K), 0.1761400 secs] 5477448K->456438K(16148096K), 0.1763750 secs] [Times: user=0.68 sys=0.00, real=0.18 secs] 
2014-11-29T06:52:36.536+0000: 1847.482: [GC 1847.482: [ParNew: 5207515K->133938K(5662336K), 0.1809430 secs] 5489654K->422872K(16148096K), 0.1811900 secs] [Times: user=0.69 sys=0.00, real=0.18 secs] 
2014-11-29T06:54:38.697+0000: 1969.643: [GC 1969.643: [ParNew: 5167154K->156971K(5662336K), 0.1798010 secs] 5456088K->454477K(16148096K), 0.1800470 secs] [Times: user=0.68 sys=0.00, real=0.18 secs] 
2014-11-29T06:57:00.191+0000: 2111.137: [GC 2111.137: [ParNew: 5190187K->135832K(5662336K), 0.1685900 secs] 5487693K->443971K(16148096K), 0.1688330 secs] [Times: user=0.65 sys=0.01, real=0.17 secs] 
2014-11-29T06:59:10.277+0000: 2241.223: [GC 2241.223: [ParNew: 5169048K->158095K(5662336K), 0.1299380 secs] 5477187K->473344K(16148096K), 0.1301470 secs] [Times: user=0.50 sys=0.00, real=0.13 secs] 
2014-11-29T07:01:00.525+0000: 2351.471: [GC 2351.471: [ParNew: 5191311K->156456K(5662336K), 0.1757680 secs] 5506560K->479583K(16148096K), 0.1759870 secs] [Times: user=0.68 sys=0.00, real=0.18 secs] 
2014-11-29T07:02:59.490+0000: 2470.436: [GC 2470.436: [ParNew: 5189672K->129508K(5662336K), 0.1838720 secs] 5512799K->466209K(16148096K), 0.1841140 secs] [Times: user=0.70 sys=0.00, real=0.19 secs] 
2014-11-29T07:05:11.507+0000: 2602.453: [GC 2602.453: [ParNew: 5162724K->123526K(5662336K), 0.1777590 secs] 5499425K->469099K(16148096K), 0.1780050 secs] [Times: user=0.69 sys=0.00, real=0.18 secs] 
2014-11-29T07:07:22.157+0000: 2733.103: [GC 2733.103: [ParNew: 5156742K->124172K(5662336K), 0.1861970 secs] 5502315K->477849K(16148096K), 0.1864370 secs] [Times: user=0.68 sys=0.00, real=0.19 secs] 
2014-11-29T07:09:47.244+0000: 2878.190: [GC 2878.190: [ParNew: 5157388K->117886K(5662336K), 0.1731960 secs] 5511065K->479355K(16148096K), 0.1734450 secs] [Times: user=0.66 sys=0.01, real=0.17 secs] 
2014-11-29T07:12:12.385+0000: 3023.331: [GC 3023.331: [ParNew: 5151102K->115022K(5662336K), 0.1686630 secs] 5512571K->483894K(16148096K), 0.1688990 secs] [Times: user=0.65 sys=0.00, real=0.17 secs] 
2014-11-29T07:14:38.527+0000: 3169.473: [GC 3169.473: [ParNew: 5148238K->113029K(5662336K), 0.1462470 secs] 5517110K->489044K(16148096K), 0.1464780 secs] [Times: user=0.56 sys=0.01, real=0.15 secs] 
2014-11-29T07:16:42.524+0000: 3293.470: [GC 3293.470: [ParNew: 5146245K->114105K(5662336K), 0.1655480 secs] 5522260K->497048K(16148096K), 0.1657930 secs] [Times: user=0.64 sys=0.00, real=0.16 secs] 
2014-11-29T07:18:54.745+0000: 3425.690: [GC 3425.691: [ParNew: 5147321K->111749K(5662336K), 0.1617860 secs] 5530264K->499967K(16148096K), 0.1620120 secs] [Times: user=0.63 sys=0.01, real=0.16 secs] 
2014-11-29T07:21:11.374+0000: 3562.319: [GC 3562.320: [ParNew: 5144965K->111666K(5662336K), 0.1636340 secs] 5533183K->505269K(16148096K), 0.1638570 secs] [Times: user=0.63 sys=0.01, real=0.16 secs] 
2014-11-29T07:22:53.947+0000: 3664.893: [GC 3664.893: [ParNew: 5144882K->156601K(5662336K), 0.1774450 secs] 5538485K->556307K(16148096K), 0.1776940 secs] [Times: user=0.69 sys=0.01, real=0.18 secs] 
2014-11-29T07:24:37.829+0000: 3768.775: [GC 3768.775: [ParNew: 5189817K->163641K(5662336K), 0.1792860 secs] 5589523K->569542K(16148096K), 0.1795310 secs] [Times: user=0.69 sys=0.01, real=0.18 secs] 
2014-11-29T07:26:21.336+0000: 3872.282: [GC 3872.282: [ParNew: 5196857K->135600K(5662336K), 0.1664230 secs] 5602758K->548583K(16148096K), 0.1666660 secs] [Times: user=0.64 sys=0.00, real=0.17 secs] 
2014-11-29T07:28:18.941+0000: 3989.887: [GC 3989.887: [ParNew: 5168816K->162234K(5662336K), 0.1562440 secs] 5581799K->581741K(16148096K), 0.1564650 secs] [Times: user=0.60 sys=0.00, real=0.16 secs] 
2014-11-29T07:30:14.092+0000: 4105.038: [GC 4105.038: [ParNew: 5195450K->155795K(5662336K), 0.2079570 secs] 5614957K->586065K(16148096K), 0.2081970 secs] [Times: user=0.80 sys=0.01, real=0.21 secs] 
2014-11-29T07:32:17.313+0000: 4228.258: [GC 4228.259: [ParNew: 5189011K->130703K(5662336K), 0.1821360 secs] 5619281K->571492K(16148096K), 0.1823680 secs] [Times: user=0.71 sys=0.01, real=0.18 secs] 
2014-11-29T07:34:31.870+0000: 4362.816: [GC 4362.816: [ParNew: 5163919K->128576K(5662336K), 0.2055890 secs] 5604708K->580935K(16148096K), 0.2058430 secs] [Times: user=0.78 sys=0.01, real=0.20 secs] 
2014-11-29T07:36:17.227+0000: 4468.173: [GC 4468.173: [ParNew: 5161792K->153547K(5662336K), 0.2021010 secs] 5614151K->614377K(16148096K), 0.2023660 secs] [Times: user=0.78 sys=0.00, real=0.20 secs] 
2014-11-29T07:38:04.611+0000: 4575.557: [GC 4575.557: [ParNew: 5186763K->183607K(5662336K), 0.2052240 secs] 5647593K->653050K(16148096K), 0.2054750 secs] [Times: user=0.80 sys=0.00, real=0.21 secs] 
2014-11-29T07:39:34.467+0000: 4665.413: [GC 4665.413: [ParNew: 5216823K->150165K(5662336K), 0.1868860 secs] 5686266K->629201K(16148096K), 0.1871200 secs] [Times: user=0.72 sys=0.01, real=0.19 secs] 
2014-11-29T07:40:58.046+0000: 4748.992: [GC 4748.992: [ParNew: 5183381K->197966K(5662336K), 0.2096760 secs] 5662417K->688614K(16148096K), 0.2099170 secs] [Times: user=0.81 sys=0.01, real=0.21 secs] 
2014-11-29T07:42:30.306+0000: 4841.252: [GC 4841.252: [ParNew: 5231182K->132641K(5662336K), 0.2116180 secs] 5721830K->635246K(16148096K), 0.2118520 secs] [Times: user=0.82 sys=0.01, real=0.21 secs] 
2014-11-29T07:44:00.676+0000: 4931.622: [GC 4931.623: [ParNew: 5165857K->174883K(5662336K), 0.2170180 secs] 5668462K->687672K(16148096K), 0.2173030 secs] [Times: user=0.85 sys=0.00, real=0.22 secs] 
2014-11-29T07:45:43.143+0000: 5034.089: [GC 5034.089: [ParNew: 5208099K->138595K(5662336K), 0.2282190 secs] 5720888K->663454K(16148096K), 0.2285040 secs] [Times: user=0.89 sys=0.00, real=0.23 secs] 
2014-11-29T07:47:39.323+0000: 5150.268: [GC 5150.269: [ParNew: 5171811K->142332K(5662336K), 0.2157130 secs] 5696670K->680181K(16148096K), 0.2159480 secs] [Times: user=0.84 sys=0.01, real=0.22 secs] 
2014-11-29T07:49:47.554+0000: 5278.500: [GC 5278.500: [ParNew: 5175548K->139330K(5662336K), 0.2217550 secs] 5713397K->689925K(16148096K), 0.2220150 secs] [Times: user=0.84 sys=0.01, real=0.22 secs] 
2014-11-29T07:51:57.108+0000: 5408.054: [GC 5408.054: [ParNew: 5172546K->135353K(5662336K), 0.2038260 secs] 5723141K->698834K(16148096K), 0.2040670 secs] [Times: user=0.79 sys=0.01, real=0.21 secs] 
2014-11-29T07:53:50.374+0000: 5521.319: [GC 5521.320: [ParNew: 5168569K->130844K(5662336K), 0.2012740 secs] 5732050K->706881K(16148096K), 0.2015090 secs] [Times: user=0.77 sys=0.01, real=0.20 secs] 
2014-11-29T07:55:38.814+0000: 5629.760: [GC 5629.760: [ParNew: 5164060K->155494K(5662336K), 0.2094640 secs] 5740097K->740474K(16148096K), 0.2097140 secs] [Times: user=0.81 sys=0.01, real=0.21 secs] 
2014-11-29T07:57:17.622+0000: 5728.568: [GC 5728.568: [ParNew: 5188710K->163695K(5662336K), 0.2004400 secs] 5773690K->757344K(16148096K), 0.2006860 secs] [Times: user=0.78 sys=0.01, real=0.20 secs] 
2014-11-29T07:59:16.476+0000: 5847.422: [GC 5847.422: [ParNew: 5196911K->165670K(5662336K), 0.1785470 secs] 5790560K->769061K(16148096K), 0.1787970 secs] [Times: user=0.69 sys=0.00, real=0.18 secs] 
2014-11-29T08:01:07.707+0000: 5958.653: [GC 5958.653: [ParNew: 5198886K->146521K(5662336K), 0.1978810 secs] 5802277K->762160K(16148096K), 0.1981100 secs] [Times: user=0.76 sys=0.00, real=0.20 secs] 
2014-11-29T08:02:46.763+0000: 6057.709: [GC 6057.709: [ParNew: 5179737K->139117K(5662336K), 0.2062230 secs] 5795376K->769809K(16148096K), 0.2064640 secs] [Times: user=0.80 sys=0.01, real=0.21 secs] 
2014-11-29T08:04:52.241+0000: 6183.187: [GC 6183.187: [ParNew: 5172333K->132612K(5662336K), 0.2081790 secs] 5803025K->772950K(16148096K), 0.2084280 secs] [Times: user=0.81 sys=0.00, real=0.21 secs] 
2014-11-29T08:07:07.334+0000: 6318.280: [GC 6318.280: [ParNew: 5165828K->129899K(5662336K), 0.1899510 secs] 5806166K->779286K(16148096K), 0.1901810 secs] [Times: user=0.73 sys=0.01, real=0.19 secs] 
2014-11-29T08:09:27.961+0000: 6458.907: [GC 6458.907: [ParNew: 5163115K->130001K(5662336K), 0.1876390 secs] 5812502K->790830K(16148096K), 0.1878780 secs] [Times: user=0.73 sys=0.00, real=0.18 secs] 
2014-11-29T08:11:49.030+0000: 6599.976: [GC 6599.976: [ParNew: 5163217K->123792K(5662336K), 0.2000170 secs] 5824046K->794980K(16148096K), 0.2002680 secs] [Times: user=0.76 sys=0.00, real=0.20 secs] 
2014-11-29T08:14:07.067+0000: 6738.013: [GC 6738.013: [ParNew: 5157008K->119822K(5662336K), 0.1947160 secs] 5828196K->799743K(16148096K), 0.1949540 secs] [Times: user=0.75 sys=0.00, real=0.19 secs] 
2014-11-29T08:16:32.073+0000: 6883.019: [GC 6883.019: [ParNew: 5153038K->117791K(5662336K), 0.1894460 secs] 5832959K->806947K(16148096K), 0.1896830 secs] [Times: user=0.73 sys=0.01, real=0.19 secs] 
2014-11-29T08:19:02.572+0000: 7033.518: [GC 7033.518: [ParNew: 5151007K->142056K(5662336K), 0.1859680 secs] 5840163K->837539K(16148096K), 0.1862130 secs] [Times: user=0.72 sys=0.00, real=0.19 secs] 
2014-11-29T08:21:18.254+0000: 7169.200: [GC 7169.200: [ParNew: 5175272K->145592K(5662336K), 0.1755810 secs] 5870755K->848393K(16148096K), 0.1758050 secs] [Times: user=0.69 sys=0.00, real=0.18 secs] 
2014-11-29T08:23:49.496+0000: 7320.442: [GC 7320.442: [ParNew: 5178808K->144477K(5662336K), 0.1803100 secs] 5881609K->853576K(16148096K), 0.1805340 secs] [Times: user=0.71 sys=0.00, real=0.18 secs] 
2014-11-29T08:26:10.029+0000: 7460.975: [GC 7460.975: [ParNew: 5177693K->122539K(5662336K), 0.1748670 secs] 5886792K->842533K(16148096K), 0.1751220 secs] [Times: user=0.68 sys=0.00, real=0.18 secs] 
2014-11-29T08:28:37.412+0000: 7608.357: [GC 7608.358: [ParNew: 5155755K->118916K(5662336K), 0.1744150 secs] 5875749K->847173K(16148096K), 0.1746690 secs] [Times: user=0.68 sys=0.00, real=0.18 secs] 
2014-11-29T08:30:56.892+0000: 7747.837: [GC 7747.838: [ParNew: 5152132K->116350K(5662336K), 0.1785480 secs] 5880389K->850559K(16148096K), 0.1788100 secs] [Times: user=0.69 sys=0.00, real=0.18 secs] 
2014-11-29T08:33:26.924+0000: 7897.870: [GC 7897.870: [ParNew: 5149566K->114386K(5662336K), 0.1761880 secs] 5883775K->856415K(16148096K), 0.1764330 secs] [Times: user=0.69 sys=0.01, real=0.17 secs] 
2014-11-29T08:36:02.589+0000: 8053.535: [GC 8053.535: [ParNew: 5147602K->112934K(5662336K), 0.1673540 secs] 5889631K->862817K(16148096K), 0.1675780 secs] [Times: user=0.65 sys=0.01, real=0.17 secs] 
2014-11-29T08:38:30.764+0000: 8201.710: [GC 8201.710: [ParNew: 5146150K->112697K(5662336K), 0.1814040 secs] 5896033K->868648K(16148096K), 0.1816480 secs] [Times: user=0.70 sys=0.00, real=0.18 secs] 
2014-11-29T08:41:00.442+0000: 8351.388: [GC 8351.388: [ParNew: 5145913K->112836K(5662336K), 0.1719090 secs] 5901864K->874270K(16148096K), 0.1721520 secs] [Times: user=0.67 sys=0.00, real=0.18 secs] 
2014-11-29T08:43:36.285+0000: 8507.231: [GC 8507.231: [ParNew: 5146052K->133506K(5662336K), 0.1794910 secs] 5907486K->900707K(16148096K), 0.1797350 secs] [Times: user=0.71 sys=0.00, real=0.18 secs] 
2014-11-29T08:46:17.160+0000: 8668.106: [GC 8668.106: [ParNew: 5166722K->135064K(5662336K), 0.1792210 secs] 5933923K->909873K(16148096K), 0.1794610 secs] [Times: user=0.69 sys=0.00, real=0.18 secs] 
2014-11-29T08:48:59.517+0000: 8830.463: [GC 8830.463: [ParNew: 5168280K->111506K(5662336K), 0.1651510 secs] 5943089K->893846K(16148096K), 0.1653770 secs] [Times: user=0.63 sys=0.01, real=0.16 secs] 
2014-11-29T08:51:09.704+0000: 8960.650: [GC 8960.650: [ParNew: 5144722K->110193K(5662336K), 0.1320120 secs] 5927062K->897652K(16148096K), 0.1322580 secs] [Times: user=0.51 sys=0.00, real=0.14 secs] 
2014-11-29T08:53:38.324+0000: 9109.270: [GC 9109.270: [ParNew: 5143409K->125359K(5662336K), 0.1699610 secs] 5930868K->919490K(16148096K), 0.1702000 secs] [Times: user=0.66 sys=0.00, real=0.16 secs] 
2014-11-29T08:56:04.072+0000: 9255.018: [GC 9255.018: [ParNew: 5158575K->104966K(5662336K), 0.1675310 secs] 5952706K->905226K(16148096K), 0.1677720 secs] [Times: user=0.65 sys=0.00, real=0.17 secs] 
2014-11-29T08:58:24.731+0000: 9395.677: [GC 9395.677: [ParNew: 5138182K->127328K(5662336K), 0.1653290 secs] 5938442K->933814K(16148096K), 0.1655690 secs] [Times: user=0.64 sys=0.00, real=0.17 secs] 
2014-11-29T09:00:45.044+0000: 9535.990: [GC 9535.990: [ParNew: 5160544K->103950K(5662336K), 0.1565480 secs] 5967030K->914855K(16148096K), 0.1567950 secs] [Times: user=0.62 sys=0.00, real=0.16 secs] 
2014-11-29T09:03:18.625+0000: 9689.571: [GC 9689.571: [ParNew: 5137166K->100536K(5662336K), 0.1642510 secs] 5948071K->916376K(16148096K), 0.1644940 secs] [Times: user=0.64 sys=0.00, real=0.16 secs] 
2014-11-29T09:05:57.143+0000: 9848.089: [GC 9848.089: [ParNew: 5133752K->102526K(5662336K), 0.1676320 secs] 5949592K->925857K(16148096K), 0.1678810 secs] [Times: user=0.64 sys=0.01, real=0.17 secs] 
2014-11-29T09:08:29.934+0000: 10000.880: [GC 10000.880: [ParNew: 5135742K->101385K(5662336K), 0.1652710 secs] 5959073K->929136K(16148096K), 0.1655210 secs] [Times: user=0.65 sys=0.00, real=0.17 secs] 
2014-11-29T09:10:42.241+0000: 10133.187: [GC 10133.187: [ParNew: 5134601K->102675K(5662336K), 0.1478280 secs] 5962352K->934227K(16148096K), 0.1480600 secs] [Times: user=0.58 sys=0.00, real=0.15 secs] 
2014-11-29T09:13:16.912+0000: 10287.858: [GC 10287.858: [ParNew: 5135891K->99148K(5662336K), 0.1650330 secs] 5967443K->936245K(16148096K), 0.1652850 secs] [Times: user=0.64 sys=0.01, real=0.17 secs] 
2014-11-29T09:16:00.204+0000: 10451.149: [GC 10451.150: [ParNew: 5132364K->100555K(5662336K), 0.1659070 secs] 5969461K->942754K(16148096K), 0.1661500 secs] [Times: user=0.64 sys=0.01, real=0.17 secs] 
2014-11-29T09:18:43.142+0000: 10614.088: [GC 10614.088: [ParNew: 5133771K->103033K(5662336K), 0.1583640 secs] 5975970K->949965K(16148096K), 0.1586500 secs] [Times: user=0.62 sys=0.00, real=0.16 secs] 
2014-11-29T09:21:23.209+0000: 10774.155: [GC 10774.155: [ParNew: 5136249K->103741K(5662336K), 0.1578220 secs] 5983181K->954851K(16148096K), 0.1580740 secs] [Times: user=0.61 sys=0.00, real=0.15 secs] 
2014-11-29T09:24:10.478+0000: 10941.424: [GC 10941.424: [ParNew: 5136957K->100384K(5662336K), 0.1622490 secs] 5988067K->956172K(16148096K), 0.1624980 secs] [Times: user=0.63 sys=0.00, real=0.17 secs] 
2014-11-29T09:27:06.400+0000: 11117.346: [GC 11117.346: [ParNew: 5133600K->102273K(5662336K), 0.1622730 secs] 5989388K->963303K(16148096K), 0.1625270 secs] [Times: user=0.64 sys=0.00, real=0.16 secs] 
2014-11-29T09:29:58.594+0000: 11289.540: [GC 11289.540: [ParNew: 5135489K->102740K(5662336K), 0.1132660 secs] 5996519K->969016K(16148096K), 0.1134840 secs] [Times: user=0.44 sys=0.01, real=0.12 secs] 
2014-11-29T09:32:49.692+0000: 11460.638: [GC 11460.638: [ParNew: 5135956K->102761K(5662336K), 0.1597780 secs] 6002232K->973060K(16148096K), 0.1600050 secs] [Times: user=0.62 sys=0.00, real=0.16 secs] 
2014-11-29T09:35:43.148+0000: 11634.094: [GC 11634.094: [ParNew: 5135977K->104226K(5662336K), 0.1651230 secs] 6006276K->979045K(16148096K), 0.1653640 secs] [Times: user=0.64 sys=0.00, real=0.17 secs] 
2014-11-29T09:38:30.609+0000: 11801.555: [GC 11801.555: [ParNew: 5137442K->105452K(5662336K), 0.1554310 secs] 6012261K->986326K(16148096K), 0.1556600 secs] [Times: user=0.61 sys=0.01, real=0.15 secs] 
2014-11-29T09:41:18.943+0000: 11969.889: [GC 11969.889: [ParNew: 5138668K->125241K(5662336K), 0.1599660 secs] 6019542K->1010501K(16148096K), 0.1602100 secs] [Times: user=0.63 sys=0.00, real=0.16 secs] 
2014-11-29T09:43:55.177+0000: 12126.123: [GC 12126.123: [ParNew: 5158457K->125304K(5662336K), 0.1646520 secs] 6043717K->1015581K(16148096K), 0.1648880 secs] [Times: user=0.63 sys=0.01, real=0.17 secs] 
2014-11-29T09:46:24.082+0000: 12275.028: [GC 12275.029: [ParNew: 5158520K->107473K(5662336K), 0.1598540 secs] 6048797K->1002726K(16148096K), 0.1601080 secs] [Times: user=0.62 sys=0.01, real=0.16 secs] 
2014-11-29T09:48:55.969+0000: 12426.915: [GC 12426.915: [ParNew: 5140689K->127776K(5662336K), 0.1613020 secs] 6035942K->1027312K(16148096K), 0.1615450 secs] [Times: user=0.63 sys=0.01, real=0.17 secs] 
2014-11-29T09:51:21.166+0000: 12572.112: [GC 12572.112: [ParNew: 5160992K->107776K(5662336K), 0.1509090 secs] 6060528K->1013805K(16148096K), 0.1511370 secs] [Times: user=0.59 sys=0.00, real=0.15 secs] 
2014-11-29T09:54:05.029+0000: 12735.975: [GC 12735.975: [ParNew: 5140992K->104274K(5662336K), 0.1581880 secs] 6047021K->1015598K(16148096K), 0.1584320 secs] [Times: user=0.61 sys=0.01, real=0.16 secs] 
2014-11-29T09:56:48.090+0000: 12899.036: [GC 12899.036: [ParNew: 5137490K->102995K(5662336K), 0.1561650 secs] 6048814K->1018981K(16148096K), 0.1564110 secs] [Times: user=0.61 sys=0.00, real=0.16 secs] 
2014-11-29T09:59:18.644+0000: 13049.590: [GC 13049.590: [ParNew: 5136211K->102645K(5662336K), 0.1613330 secs] 6052197K->1024493K(16148096K), 0.1615710 secs] [Times: user=0.62 sys=0.00, real=0.16 secs] 
2014-11-29T10:01:53.709+0000: 13204.655: [GC 13204.655: [ParNew: 5135861K->100597K(5662336K), 0.1502950 secs] 6057709K->1026170K(16148096K), 0.1505240 secs] [Times: user=0.59 sys=0.00, real=0.15 secs] 
2014-11-29T10:04:43.063+0000: 13374.009: [GC 13374.009: [ParNew: 5133813K->120416K(5662336K), 0.1611160 secs] 6059386K->1049880K(16148096K), 0.1613600 secs] [Times: user=0.63 sys=0.00, real=0.16 secs] 
2014-11-29T10:07:30.129+0000: 13541.075: [GC 13541.075: [ParNew: 5153632K->123091K(5662336K), 0.1596470 secs] 6083096K->1056930K(16148096K), 0.1598920 secs] [Times: user=0.62 sys=0.00, real=0.16 secs] 
2014-11-29T10:10:22.072+0000: 13713.018: [GC 13713.018: [ParNew: 5156307K->104219K(5662336K), 0.1567340 secs] 6090146K->1042497K(16148096K), 0.1569710 secs] [Times: user=0.62 sys=0.00, real=0.15 secs] 
2014-11-29T10:13:11.681+0000: 13882.627: [GC 13882.627: [ParNew: 5137435K->103490K(5662336K), 0.1621190 secs] 6075713K->1045933K(16148096K), 0.1623630 secs] [Times: user=0.64 sys=0.00, real=0.16 secs] 
2014-11-29T10:15:54.907+0000: 14045.853: [GC 14045.853: [ParNew: 5136706K->103551K(5662336K), 0.1478910 secs] 6079149K->1051501K(16148096K), 0.1481420 secs] [Times: user=0.58 sys=0.01, real=0.15 secs] 
2014-11-29T10:18:48.691+0000: 14219.637: [GC 14219.637: [ParNew: 5136767K->101822K(5662336K), 0.1582810 secs] 6084717K->1054937K(16148096K), 0.1585220 secs] [Times: user=0.61 sys=0.00, real=0.15 secs] 
2014-11-29T10:21:43.379+0000: 14394.324: [GC 14394.325: [ParNew: 5135038K->100573K(5662336K), 0.1583410 secs] 6088153K->1057108K(16148096K), 0.1585850 secs] [Times: user=0.62 sys=0.00, real=0.16 secs] 
2014-11-29T10:24:29.159+0000: 14560.105: [GC 14560.105: [ParNew: 5132956K->119245K(5662336K), 0.1576260 secs] 6089491K->1079840K(16148096K), 0.1578750 secs] [Times: user=0.61 sys=0.00, real=0.16 secs] 
2014-11-29T10:27:20.211+0000: 14731.157: [GC 14731.158: [ParNew: 5152461K->104026K(5662336K), 0.1545360 secs] 6113056K->1068882K(16148096K), 0.1547920 secs] [Times: user=0.61 sys=0.00, real=0.15 secs] 
2014-11-29T10:30:12.915+0000: 14903.861: [GC 14903.861: [ParNew: 5137242K->102424K(5662336K), 0.1494690 secs] 6102098K->1071139K(16148096K), 0.1497130 secs] [Times: user=0.58 sys=0.00, real=0.15 secs] 
2014-11-29T10:33:04.896+0000: 15075.842: [GC 15075.842: [ParNew: 5135640K->121385K(5662336K), 0.1557900 secs] 6104355K->1093677K(16148096K), 0.1560490 secs] [Times: user=0.61 sys=0.00, real=0.15 secs] 
2014-11-29T10:36:01.835+0000: 15252.781: [GC 15252.781: [ParNew: 5154601K->101670K(5662336K), 0.1545610 secs] 6126893K->1078835K(16148096K), 0.1548050 secs] [Times: user=0.60 sys=0.00, real=0.16 secs] 
2014-11-29T10:38:53.296+0000: 15424.242: [GC 15424.242: [ParNew: 5134886K->100769K(5662336K), 0.1541530 secs] 6112051K->1082800K(16148096K), 0.1543950 secs] [Times: user=0.60 sys=0.00, real=0.15 secs] 
2014-11-29T10:41:33.550+0000: 15584.496: [GC 15584.496: [ParNew: 5133985K->119639K(5662336K), 0.1532900 secs] 6116016K->1104964K(16148096K), 0.1535350 secs] [Times: user=0.59 sys=0.01, real=0.15 secs] 
2014-11-29T10:44:24.119+0000: 15755.065: [GC 15755.065: [ParNew: 5152855K->99495K(5662336K), 0.1540530 secs] 6138180K->1088751K(16148096K), 0.1542980 secs] [Times: user=0.60 sys=0.00, real=0.15 secs] 
2014-11-29T10:47:16.869+0000: 15927.815: [GC 15927.815: [ParNew: 5132711K->158042K(5662336K), 0.1717350 secs] 6121967K->1151153K(16148096K), 0.1719710 secs] [Times: user=0.67 sys=0.00, real=0.18 secs] 
2014-11-29T10:50:04.665+0000: 16095.610: [GC 16095.611: [ParNew: 5191258K->105312K(5662336K), 0.1505000 secs] 6184369K->1103224K(16148096K), 0.1507260 secs] [Times: user=0.58 sys=0.00, real=0.15 secs] 
2014-11-29T10:53:00.119+0000: 16271.065: [GC 16271.065: [ParNew: 5137577K->144983K(5662336K), 0.1554370 secs] 6135489K->1146162K(16148096K), 0.1556800 secs] [Times: user=0.61 sys=0.00, real=0.15 secs] 
2014-11-29T10:55:46.049+0000: 16436.995: [GC 16436.995: [ParNew: 5178199K->99309K(5662336K), 0.1546300 secs] 6179378K->1103711K(16148096K), 0.1548670 secs] [Times: user=0.60 sys=0.01, real=0.15 secs] 
2014-11-29T10:58:27.180+0000: 16598.126: [GC 16598.126: [ParNew: 5132525K->146007K(5662336K), 0.1547150 secs] 6136927K->1154763K(16148096K), 0.1549590 secs] [Times: user=0.61 sys=0.00, real=0.15 secs] 
2014-11-29T11:00:37.019+0000: 16727.965: [GC 16727.965: [ParNew: 5179223K->97164K(5662336K), 0.1532060 secs] 6187979K->1109846K(16148096K), 0.1534560 secs] [Times: user=0.60 sys=0.00, real=0.15 secs] 
2014-11-29T11:03:20.972+0000: 16891.917: [GC 16891.918: [ParNew: 5130380K->145471K(5662336K), 0.1479050 secs] 6143062K->1161742K(16148096K), 0.1481330 secs] [Times: user=0.58 sys=0.00, real=0.15 secs] 
2014-11-29T11:06:06.651+0000: 17057.597: [GC 17057.597: [ParNew: 5178687K->97630K(5662336K), 0.1564600 secs] 6194958K->1119918K(16148096K), 0.1567110 secs] [Times: user=0.60 sys=0.01, real=0.16 secs] 
2014-11-29T11:08:53.970+0000: 17224.916: [GC 17224.916: [ParNew: 5130846K->144580K(5662336K), 0.1518360 secs] 6153134K->1170471K(16148096K), 0.1520800 secs] [Times: user=0.58 sys=0.00, real=0.15 secs] 
2014-11-29T11:11:36.093+0000: 17387.038: [GC 17387.039: [ParNew: 5177796K->96517K(5662336K), 0.1521070 secs] 6203687K->1126523K(16148096K), 0.1523560 secs] [Times: user=0.59 sys=0.00, real=0.15 secs] 
2014-11-29T11:14:25.004+0000: 17555.950: [GC 17555.950: [ParNew: 5129733K->143653K(5662336K), 0.1565090 secs] 6159739K->1177490K(16148096K), 0.1567570 secs] [Times: user=0.60 sys=0.00, real=0.16 secs] 
2014-11-29T11:16:58.220+0000: 17709.165: [GC 17709.166: [ParNew: 5176869K->97756K(5662336K), 0.1595950 secs] 6210706K->1135975K(16148096K), 0.1598370 secs] [Times: user=0.61 sys=0.00, real=0.16 secs] 
2014-11-29T11:19:40.741+0000: 17871.687: [GC 17871.687: [ParNew: 5130012K->148596K(5662336K), 0.1598260 secs] 6168231K->1190688K(16148096K), 0.1600800 secs] [Times: user=0.62 sys=0.00, real=0.16 secs] 
2014-11-29T11:22:15.431+0000: 18026.377: [GC 18026.377: [ParNew: 5181812K->103027K(5662336K), 0.1249890 secs] 6223904K->1148792K(16148096K), 0.1252210 secs] [Times: user=0.48 sys=0.01, real=0.13 secs] 
2014-11-29T11:25:00.310+0000: 18191.256: [GC 18191.256: [ParNew: 5136243K->114913K(5662336K), 0.1297370 secs] 6182008K->1164789K(16148096K), 0.1299780 secs] [Times: user=0.51 sys=0.00, real=0.13 secs] 
2014-11-29T11:27:44.382+0000: 18355.328: [GC 18355.328: [ParNew: 5148129K->124463K(5662336K), 0.1591130 secs] 6198005K->1180273K(16148096K), 0.1593570 secs] [Times: user=0.62 sys=0.00, real=0.16 secs] 
2014-11-29T11:30:27.557+0000: 18518.503: [GC 18518.504: [ParNew: 5157679K->104124K(5662336K), 0.1573010 secs] 6213489K->1164494K(16148096K), 0.1575450 secs] [Times: user=0.61 sys=0.01, real=0.16 secs] 
2014-11-29T11:33:06.991+0000: 18677.937: [GC 18677.937: [ParNew: 5135560K->103194K(5662336K), 0.1501760 secs] 6195931K->1169262K(16148096K), 0.1504220 secs] [Times: user=0.59 sys=0.00, real=0.15 secs] 
2014-11-29T11:35:46.835+0000: 18837.781: [GC 18837.781: [ParNew: 5136410K->123820K(5662336K), 0.1613250 secs] 6202478K->1194403K(16148096K), 0.1615650 secs] [Times: user=0.62 sys=0.01, real=0.16 secs] 
2014-11-29T11:38:17.884+0000: 18988.830: [GC 18988.830: [ParNew: 5157036K->124815K(5662336K), 0.1478960 secs] 6227619K->1199623K(16148096K), 0.1481230 secs] [Times: user=0.57 sys=0.00, real=0.15 secs] 
2014-11-29T11:41:02.963+0000: 19153.909: [GC 19153.909: [ParNew: 5158031K->104178K(5662336K), 0.1552760 secs] 6232839K->1182363K(16148096K), 0.1555200 secs] [Times: user=0.61 sys=0.01, real=0.16 secs] 
2014-11-29T11:43:29.949+0000: 19300.895: [GC 19300.895: [ParNew: 5137394K->106266K(5662336K), 0.1620030 secs] 6215579K->1189967K(16148096K), 0.1622480 secs] [Times: user=0.62 sys=0.01, real=0.16 secs] 
2014-11-29T11:45:54.468+0000: 19445.414: [GC 19445.414: [ParNew: 5139482K->126942K(5662336K), 0.1599600 secs] 6223183K->1215557K(16148096K), 0.1602180 secs] [Times: user=0.61 sys=0.01, real=0.16 secs] 
2014-11-29T11:48:31.766+0000: 19602.712: [GC 19602.712: [ParNew: 5160158K->106398K(5662336K), 0.1552530 secs] 6248773K->1199393K(16148096K), 0.1555060 secs] [Times: user=0.60 sys=0.00, real=0.15 secs] 
2014-11-29T11:51:12.685+0000: 19763.631: [GC 19763.631: [ParNew: 5139614K->125600K(5662336K), 0.1487490 secs] 6232609K->1221842K(16148096K), 0.1489860 secs] [Times: user=0.58 sys=0.00, real=0.15 secs] 
2014-11-29T11:53:44.563+0000: 19915.509: [GC 19915.509: [ParNew: 5158816K->104822K(5662336K), 0.1530560 secs] 6255058K->1206779K(16148096K), 0.1532790 secs] [Times: user=0.59 sys=0.00, real=0.16 secs] 
2014-11-29T11:56:15.263+0000: 20066.209: [GC 20066.209: [ParNew: 5138038K->122492K(5662336K), 0.1578410 secs] 6239995K->1229688K(16148096K), 0.1580880 secs] [Times: user=0.61 sys=0.00, real=0.16 secs] 
2014-11-29T11:58:45.842+0000: 20216.788: [GC 20216.788: [ParNew: 5155708K->123709K(5662336K), 0.1488010 secs] 6262904K->1234720K(16148096K), 0.1490300 secs] [Times: user=0.58 sys=0.00, real=0.15 secs] 
2014-11-29T12:00:33.985+0000: 20324.931: [GC 20324.931: [ParNew: 5156925K->103582K(5662336K), 0.1480780 secs] 6267936K->1218764K(16148096K), 0.1483200 secs] [Times: user=0.57 sys=0.01, real=0.15 secs] 
2014-11-29T12:03:02.635+0000: 20473.581: [GC 20473.581: [ParNew: 5136798K->125173K(5662336K), 0.1591580 secs] 6251980K->1244346K(16148096K), 0.1594210 secs] [Times: user=0.61 sys=0.01, real=0.16 secs] 
2014-11-29T12:05:39.205+0000: 20630.151: [GC 20630.151: [ParNew: 5158389K->106883K(5662336K), 0.1579860 secs] 6277562K->1231138K(16148096K), 0.1582430 secs] [Times: user=0.61 sys=0.00, real=0.16 secs] 
2014-11-29T12:08:09.855+0000: 20780.801: [GC 20780.801: [ParNew: 5140099K->127913K(5662336K), 0.1578420 secs] 6264354K->1256461K(16148096K), 0.1580960 secs] [Times: user=0.60 sys=0.00, real=0.15 secs] 
2014-11-29T12:10:40.047+0000: 20930.993: [GC 20930.993: [ParNew: 5161129K->107132K(5662336K), 0.1596100 secs] 6289677K->1239814K(16148096K), 0.1598660 secs] [Times: user=0.62 sys=0.00, real=0.16 secs] 
2014-11-29T12:13:11.680+0000: 21082.626: [GC 21082.627: [ParNew: 5140348K->106939K(5662336K), 0.1509960 secs] 6273030K->1245993K(16148096K), 0.1512830 secs] [Times: user=0.57 sys=0.01, real=0.15 secs] 
2014-11-29T12:15:38.370+0000: 21229.316: [GC 21229.316: [ParNew: 5140155K->146528K(5662336K), 0.1594620 secs] 6279209K->1290000K(16148096K), 0.1596980 secs] [Times: user=0.61 sys=0.00, real=0.16 secs] 
2014-11-29T12:18:10.678+0000: 21381.624: [GC 21381.624: [ParNew: 5179744K->119815K(5662336K), 0.1284020 secs] 6323216K->1267699K(16148096K), 0.1286370 secs] [Times: user=0.50 sys=0.00, real=0.13 secs] 
2014-11-29T12:20:44.560+0000: 21535.506: [GC 21535.506: [ParNew: 5153031K->137564K(5662336K), 0.1510680 secs] 6300915K->1289803K(16148096K), 0.1512960 secs] [Times: user=0.59 sys=0.00, real=0.15 secs] 
2014-11-29T12:23:16.107+0000: 21687.053: [GC 21687.053: [ParNew: 5170780K->128097K(5662336K), 0.1647870 secs] 6323019K->1285742K(16148096K), 0.1650360 secs] [Times: user=0.63 sys=0.01, real=0.16 secs] 
2014-11-29T12:26:01.328+0000: 21852.274: [GC 21852.274: [ParNew: 5161313K->129915K(5662336K), 0.1549280 secs] 6318958K->1292829K(16148096K), 0.1551750 secs] [Times: user=0.60 sys=0.00, real=0.15 secs] 
2014-11-29T12:28:31.739+0000: 22002.685: [GC 22002.685: [ParNew: 5163131K->128585K(5662336K), 0.1224110 secs] 6326045K->1296069K(16148096K), 0.1226270 secs] [Times: user=0.47 sys=0.00, real=0.12 secs] 
2014-11-29T12:31:00.726+0000: 22151.672: [GC 22151.672: [ParNew: 5161801K->129499K(5662336K), 0.1546120 secs] 6329285K->1300526K(16148096K), 0.1548620 secs] [Times: user=0.59 sys=0.00, real=0.16 secs] 
2014-11-29T12:33:34.476+0000: 22305.422: [GC 22305.422: [ParNew: 5162715K->106973K(5662336K), 0.1567920 secs] 6333742K->1283356K(16148096K), 0.1570170 secs] [Times: user=0.61 sys=0.00, real=0.16 secs] 
2014-11-29T12:36:11.445+0000: 22462.391: [GC 22462.391: [ParNew: 5140189K->105995K(5662336K), 0.1594850 secs] 6316572K->1287220K(16148096K), 0.1597270 secs] [Times: user=0.61 sys=0.00, real=0.16 secs] 
2014-11-29T12:38:45.217+0000: 22616.163: [GC 22616.163: [ParNew: 5139211K->106660K(5662336K), 0.1620110 secs] 6320436K->1292882K(16148096K), 0.1622490 secs] [Times: user=0.61 sys=0.00, real=0.16 secs] 
2014-11-29T12:41:12.413+0000: 22763.359: [GC 22763.359: [ParNew: 5139876K->125336K(5662336K), 0.1468800 secs] 6326098K->1315718K(16148096K), 0.1471130 secs] [Times: user=0.57 sys=0.00, real=0.15 secs] 
2014-11-29T12:43:20.243+0000: 22891.189: [GC 22891.189: [ParNew: 5158552K->125439K(5662336K), 0.1565900 secs] 6348934K->1320855K(16148096K), 0.1568490 secs] [Times: user=0.59 sys=0.00, real=0.16 secs] 
2014-11-29T12:45:25.713+0000: 23016.659: [GC 23016.659: [ParNew: 5158655K->106246K(5662336K), 0.1549140 secs] 6354071K->1306569K(16148096K), 0.1551600 secs] [Times: user=0.60 sys=0.00, real=0.16 secs] 
2014-11-29T12:47:13.251+0000: 23124.197: [GC 23124.198: [ParNew: 5139462K->168393K(5662336K), 0.1618910 secs] 6339785K->1373161K(16148096K), 0.1621480 secs] [Times: user=0.62 sys=0.01, real=0.16 secs] 
2014-11-29T12:48:59.137+0000: 23230.083: [GC 23230.084: [ParNew: 5201609K->135897K(5662336K), 0.1552140 secs] 6406377K->1345159K(16148096K), 0.1554600 secs] [Times: user=0.60 sys=0.00, real=0.16 secs] 
2014-11-29T12:51:03.843+0000: 23354.789: [GC 23354.789: [ParNew: 5169113K->202330K(5662336K), 0.1275500 secs] 6378375K->1416440K(16148096K), 0.1277890 secs] [Times: user=0.49 sys=0.01, real=0.13 secs] 
2014-11-29T12:53:01.426+0000: 23472.372: [GC 23472.372: [ParNew: 5235546K->146544K(5662336K), 0.1617340 secs] 6449656K->1365804K(16148096K), 0.1619760 secs] [Times: user=0.62 sys=0.00, real=0.16 secs] 
2014-11-29T12:55:07.852+0000: 23598.798: [GC 23598.798: [ParNew: 5179760K->131214K(5662336K), 0.1679260 secs] 6399020K->1381240K(16148096K), 0.1681830 secs] [Times: user=0.63 sys=0.01, real=0.16 secs] 
2014-11-29T12:57:25.341+0000: 23736.287: [GC 23736.287: [ParNew: 5164430K->140201K(5662336K), 0.1535160 secs] 6414456K->1396546K(16148096K), 0.1537400 secs] [Times: user=0.59 sys=0.00, real=0.15 secs] 
2014-11-29T12:59:30.579+0000: 23861.525: [GC 23861.525: [ParNew: 5173417K->137815K(5662336K), 0.1638480 secs] 6429762K->1400025K(16148096K), 0.1640950 secs] [Times: user=0.63 sys=0.00, real=0.16 secs] 
2014-11-29T13:00:38.324+0000: 23929.270: [GC 23929.270: [ParNew: 5171031K->136527K(5662336K), 0.1453890 secs] 6433241K->1404488K(16148096K), 0.1456240 secs] [Times: user=0.56 sys=0.01, real=0.15 secs] 
2014-11-29T13:02:53.045+0000: 24063.991: [GC 24063.991: [ParNew: 5169743K->133886K(5662336K), 0.1625250 secs] 6437704K->1407868K(16148096K), 0.1627680 secs] [Times: user=0.63 sys=0.00, real=0.16 secs] 
2014-11-29T13:05:09.044+0000: 24199.990: [GC 24199.990: [ParNew: 5167102K->111497K(5662336K), 0.1193880 secs] 6441084K->1392753K(16148096K), 0.1195850 secs] [Times: user=0.45 sys=0.00, real=0.12 secs] 
2014-11-29T13:07:14.022+0000: 24324.968: [GC 24324.968: [ParNew: 5144713K->132267K(5662336K), 0.1543180 secs] 6425969K->1419611K(16148096K), 0.1545860 secs] [Times: user=0.58 sys=0.00, real=0.15 secs] 
2014-11-29T13:08:44.739+0000: 24415.685: [GC 24415.685: [ParNew: 5165483K->133879K(5662336K), 0.1600580 secs] 6452827K->1424298K(16148096K), 0.1603230 secs] [Times: user=0.62 sys=0.00, real=0.16 secs] 
2014-11-29T13:10:27.341+0000: 24518.287: [GC 24518.287: [ParNew: 5167095K->184627K(5662336K), 0.1638080 secs] 6457514K->1480122K(16148096K), 0.1640650 secs] [Times: user=0.62 sys=0.00, real=0.17 secs] 
2014-11-29T13:12:16.577+0000: 24627.523: [GC 24627.523: [ParNew: 5217843K->121832K(5662336K), 0.1696390 secs] 6513338K->1422760K(16148096K), 0.1698860 secs] [Times: user=0.65 sys=0.00, real=0.17 secs] 
2014-11-29T13:14:38.815+0000: 24769.761: [GC 24769.761: [ParNew: 5155048K->158852K(5662336K), 0.1644510 secs] 6455976K->1465749K(16148096K), 0.1647120 secs] [Times: user=0.63 sys=0.00, real=0.17 secs] 
2014-11-29T13:16:56.857+0000: 24907.803: [GC 24907.803: [ParNew: 5192068K->141433K(5662336K), 0.1661110 secs] 6498965K->1454001K(16148096K), 0.1663630 secs] [Times: user=0.63 sys=0.00, real=0.17 secs] 
2014-11-29T13:19:15.067+0000: 25046.013: [GC 25046.013: [ParNew: 5174649K->144527K(5662336K), 0.1348460 secs] 6487217K->1468674K(16148096K), 0.1350880 secs] [Times: user=0.51 sys=0.01, real=0.13 secs] 
2014-11-29T13:21:28.998+0000: 25179.944: [GC 25179.944: [ParNew: 5177743K->114449K(5662336K), 0.1650960 secs] 6501890K->1445989K(16148096K), 0.1653550 secs] [Times: user=0.63 sys=0.01, real=0.16 secs] 
2014-11-29T13:23:50.084+0000: 25321.030: [GC 25321.030: [ParNew: 5147665K->133322K(5662336K), 0.1563640 secs] 6479205K->1469739K(16148096K), 0.1565960 secs] [Times: user=0.60 sys=0.00, real=0.15 secs] 
2014-11-29T13:26:12.295+0000: 25463.241: [GC 25463.241: [ParNew: 5166538K->111177K(5662336K), 0.1631670 secs] 6502955K->1454140K(16148096K), 0.1634320 secs] [Times: user=0.63 sys=0.01, real=0.16 secs] 
2014-11-29T13:28:22.296+0000: 25593.242: [GC 25593.242: [ParNew: 5144393K->110059K(5662336K), 0.1643030 secs] 6487356K->1457716K(16148096K), 0.1645610 secs] [Times: user=0.63 sys=0.00, real=0.17 secs] 
2014-11-29T13:30:33.342+0000: 25724.288: [GC 25724.288: [ParNew: 5143275K->110455K(5662336K), 0.1626390 secs] 6490932K->1463075K(16148096K), 0.1628810 secs] [Times: user=0.63 sys=0.00, real=0.16 secs] 
2014-11-29T13:33:00.004+0000: 25870.950: [GC 25870.950: [ParNew: 5143671K->110713K(5662336K), 0.1546870 secs] 6496291K->1470560K(16148096K), 0.1549530 secs] [Times: user=0.60 sys=0.00, real=0.16 secs] 
2014-11-29T13:35:13.335+0000: 26004.281: [GC 26004.282: [ParNew: 5143929K->129691K(5662336K), 0.1654530 secs] 6503776K->1494903K(16148096K), 0.1657110 secs] [Times: user=0.64 sys=0.00, real=0.16 secs] 
2014-11-29T13:37:41.749+0000: 26152.695: [GC 26152.696: [ParNew: 5162907K->129709K(5662336K), 0.1596840 secs] 6528119K->1499959K(16148096K), 0.1599080 secs] [Times: user=0.62 sys=0.00, real=0.16 secs] 
2014-11-29T13:39:57.583+0000: 26288.529: [GC 26288.529: [ParNew: 5162925K->129310K(5662336K), 0.1088970 secs] 6533175K->1504519K(16148096K), 0.1090910 secs] [Times: user=0.41 sys=0.00, real=0.10 secs] 
2014-11-29T13:42:06.542+0000: 26417.488: [GC 26417.488: [ParNew: 5162526K->130267K(5662336K), 0.1517220 secs] 6537735K->1509953K(16148096K), 0.1519560 secs] [Times: user=0.58 sys=0.01, real=0.15 secs] 
2014-11-29T13:44:13.795+0000: 26544.741: [GC 26544.741: [ParNew: 5163483K->133386K(5662336K), 0.1559160 secs] 6543169K->1519082K(16148096K), 0.1561780 secs] [Times: user=0.60 sys=0.01, real=0.16 secs] 
2014-11-29T13:46:24.444+0000: 26675.390: [GC 26675.390: [ParNew: 5166602K->134682K(5662336K), 0.1503600 secs] 6552298K->1525385K(16148096K), 0.1505920 secs] [Times: user=0.58 sys=0.00, real=0.15 secs] 
2014-11-29T13:48:51.192+0000: 26822.137: [GC 26822.138: [ParNew: 5167898K->135373K(5662336K), 0.1564160 secs] 6558601K->1531264K(16148096K), 0.1566500 secs] [Times: user=0.61 sys=0.00, real=0.16 secs] 
2014-11-29T13:51:12.730+0000: 26963.676: [GC 26963.676: [ParNew: 5168589K->134812K(5662336K), 0.1592940 secs] 6564480K->1537134K(16148096K), 0.1595350 secs] [Times: user=0.60 sys=0.00, real=0.16 secs] 
2014-11-29T13:52:52.277+0000: 27063.223: [GC 27063.224: [ParNew: 5168028K->160995K(5662336K), 0.1670210 secs] 6570350K->1568831K(16148096K), 0.1672560 secs] [Times: user=0.64 sys=0.01, real=0.16 secs] 
2014-11-29T13:55:08.657+0000: 27199.603: [GC 27199.603: [ParNew: 5194211K->118197K(5662336K), 0.1291030 secs] 6602047K->1531794K(16148096K), 0.1293290 secs] [Times: user=0.48 sys=0.00, real=0.13 secs] 
2014-11-29T13:57:15.285+0000: 27326.231: [GC 27326.231: [ParNew: 5151413K->150594K(5662336K), 0.1670270 secs] 6565010K->1569242K(16148096K), 0.1672760 secs] [Times: user=0.64 sys=0.00, real=0.16 secs] 
2014-11-29T13:59:08.141+0000: 27439.087: [GC 27439.087: [ParNew: 5183810K->139453K(5662336K), 0.1673180 secs] 6602458K->1564045K(16148096K), 0.1675650 secs] [Times: user=0.63 sys=0.01, real=0.17 secs] 
2014-11-29T14:00:27.729+0000: 27518.675: [GC 27518.675: [ParNew: 5172669K->117519K(5662336K), 0.1622060 secs] 6597261K->1551130K(16148096K), 0.1624540 secs] [Times: user=0.63 sys=0.01, real=0.16 secs] 
2014-11-29T14:02:34.650+0000: 27645.596: [GC 27645.596: [ParNew: 5150735K->113841K(5662336K), 0.1675190 secs] 6584346K->1552462K(16148096K), 0.1677660 secs] [Times: user=0.64 sys=0.00, real=0.17 secs] 
2014-11-29T14:04:18.903+0000: 27749.849: [GC 27749.849: [ParNew: 5147057K->160026K(5662336K), 0.1715000 secs] 6585678K->1604149K(16148096K), 0.1717570 secs] [Times: user=0.65 sys=0.01, real=0.17 secs] 
2014-11-29T14:05:43.065+0000: 27834.011: [GC 27834.011: [ParNew: 5193242K->149178K(5662336K), 0.1754860 secs] 6637365K->1598869K(16148096K), 0.1757340 secs] [Times: user=0.65 sys=0.00, real=0.18 secs] 
2014-11-29T14:07:19.700+0000: 27930.646: [GC 27930.646: [ParNew: 5182394K->181904K(5662336K), 0.1720950 secs] 6632085K->1635212K(16148096K), 0.1723430 secs] [Times: user=0.65 sys=0.00, real=0.17 secs] 
2014-11-29T14:08:52.680+0000: 28023.626: [GC 28023.626: [ParNew: 5215120K->134203K(5662336K), 0.1718240 secs] 6668428K->1592982K(16148096K), 0.1720660 secs] [Times: user=0.65 sys=0.00, real=0.17 secs] 
2014-11-29T14:10:23.937+0000: 28114.883: [GC 28114.883: [ParNew: 5167419K->145782K(5662336K), 0.1792290 secs] 6626198K->1616002K(16148096K), 0.1794840 secs] [Times: user=0.67 sys=0.00, real=0.18 secs] 
2014-11-29T14:12:33.858+0000: 28244.804: [GC 28244.804: [ParNew: 5178998K->127108K(5662336K), 0.1713580 secs] 6649218K->1605328K(16148096K), 0.1716170 secs] [Times: user=0.66 sys=0.00, real=0.17 secs] 
2014-11-29T14:14:46.393+0000: 28377.339: [GC 28377.339: [ParNew: 5160324K->152347K(5662336K), 0.1709560 secs] 6638544K->1636417K(16148096K), 0.1711990 secs] [Times: user=0.66 sys=0.00, real=0.17 secs] 
2014-11-29T14:17:00.362+0000: 28511.308: [GC 28511.308: [ParNew: 5185563K->151132K(5662336K), 0.1718160 secs] 6669633K->1641878K(16148096K), 0.1720700 secs] [Times: user=0.66 sys=0.00, real=0.17 secs] 
2014-11-29T14:19:12.362+0000: 28643.308: [GC 28643.308: [ParNew: 5184348K->126386K(5662336K), 0.1788620 secs] 6675094K->1632710K(16148096K), 0.1791250 secs] [Times: user=0.67 sys=0.00, real=0.18 secs] 
2014-11-29T14:21:21.660+0000: 28772.606: [GC 28772.606: [ParNew: 5159602K->117415K(5662336K), 0.1658290 secs] 6665926K->1630012K(16148096K), 0.1660880 secs] [Times: user=0.64 sys=0.00, real=0.17 secs] 
2014-11-29T14:23:26.333+0000: 28897.279: [GC 28897.279: [ParNew: 5150631K->136536K(5662336K), 0.1607220 secs] 6663228K->1654306K(16148096K), 0.1609600 secs] [Times: user=0.62 sys=0.00, real=0.16 secs] 
2014-11-29T14:25:21.207+0000: 29012.153: [GC 29012.153: [ParNew: 5169752K->138242K(5662336K), 0.1636700 secs] 6687522K->1662625K(16148096K), 0.1639070 secs] [Times: user=0.63 sys=0.00, real=0.17 secs] 
2014-11-29T14:27:24.266+0000: 29135.212: [GC 29135.212: [ParNew: 5171458K->115068K(5662336K), 0.1702410 secs] 6695841K->1645374K(16148096K), 0.1704880 secs] [Times: user=0.65 sys=0.00, real=0.17 secs] 
2014-11-29T14:29:31.576+0000: 29262.522: [GC 29262.522: [ParNew: 5148284K->114788K(5662336K), 0.1674240 secs] 6678590K->1650729K(16148096K), 0.1676650 secs] [Times: user=0.63 sys=0.00, real=0.17 secs] 
2014-11-29T14:31:21.781+0000: 29372.727: [GC 29372.728: [ParNew: 5148004K->117173K(5662336K), 0.1801650 secs] 6683945K->1659600K(16148096K), 0.1804270 secs] [Times: user=0.68 sys=0.00, real=0.18 secs] 
2014-11-29T14:33:36.355+0000: 29507.301: [GC 29507.301: [ParNew: 5150389K->117233K(5662336K), 0.1744890 secs] 6692816K->1667423K(16148096K), 0.1747460 secs] [Times: user=0.67 sys=0.01, real=0.17 secs] 
2014-11-29T14:35:31.906+0000: 29622.852: [GC 29622.853: [ParNew: 5150449K->161144K(5662336K), 0.1585060 secs] 6700639K->1717472K(16148096K), 0.1587430 secs] [Times: user=0.60 sys=0.00, real=0.16 secs] 
2014-11-29T14:37:34.961+0000: 29745.907: [GC 29745.907: [ParNew: 5194360K->116718K(5662336K), 0.1723930 secs] 6750688K->1678240K(16148096K), 0.1726560 secs] [Times: user=0.66 sys=0.00, real=0.17 secs] 
2014-11-29T14:39:18.568+0000: 29849.514: [GC 29849.514: [ParNew: 5149700K->170365K(5662336K), 0.1696890 secs] 6711222K->1737876K(16148096K), 0.1699500 secs] [Times: user=0.65 sys=0.00, real=0.17 secs] 
2014-11-29T14:40:59.947+0000: 29950.893: [GC 29950.893: [ParNew: 5203581K->130756K(5662336K), 0.1140650 secs] 6771092K->1703402K(16148096K), 0.1143020 secs] [Times: user=0.43 sys=0.00, real=0.11 secs] 
2014-11-29T14:42:39.287+0000: 30050.233: [GC 30050.233: [ParNew: 5163972K->135416K(5662336K), 0.1602890 secs] 6736618K->1716055K(16148096K), 0.1605460 secs] [Times: user=0.61 sys=0.01, real=0.16 secs] 
2014-11-29T14:44:44.077+0000: 30175.022: [GC 30175.023: [ParNew: 5168632K->113280K(5662336K), 0.1628990 secs] 6749271K->1699373K(16148096K), 0.1631560 secs] [Times: user=0.62 sys=0.00, real=0.16 secs] 
2014-11-29T14:46:56.486+0000: 30307.432: [GC 30307.432: [ParNew: 5146496K->112533K(5662336K), 0.1638910 secs] 6732589K->1704493K(16148096K), 0.1641430 secs] [Times: user=0.62 sys=0.00, real=0.16 secs] 
2014-11-29T14:48:13.650+0000: 30384.596: [GC 30384.596: [ParNew: 5145749K->160834K(5662336K), 0.1294000 secs] 6737709K->1757185K(16148096K), 0.1296440 secs] [Times: user=0.50 sys=0.00, real=0.13 secs] 
2014-11-29T14:49:07.248+0000: 30438.194: [GC 30438.194: [ParNew: 5194050K->120189K(5662336K), 0.1616950 secs] 6790401K->1721202K(16148096K), 0.1619470 secs] [Times: user=0.62 sys=0.00, real=0.16 secs] 
2014-11-29T14:50:02.680+0000: 30493.626: [GC 30493.626: [ParNew: 5153405K->154477K(5662336K), 0.1646260 secs] 6754418K->1762523K(16148096K), 0.1648790 secs] [Times: user=0.63 sys=0.00, real=0.16 secs] 
2014-11-29T14:51:48.770+0000: 30599.716: [GC 30599.716: [ParNew: 5187693K->120704K(5662336K), 0.1152230 secs] 6795739K->1734443K(16148096K), 0.1154800 secs] [Times: user=0.44 sys=0.00, real=0.12 secs] 
2014-11-29T14:54:03.239+0000: 30734.185: [GC 30734.185: [ParNew: 5153920K->115613K(5662336K), 0.1629050 secs] 6767659K->1734821K(16148096K), 0.1631500 secs] [Times: user=0.62 sys=0.00, real=0.17 secs] 
2014-11-29T14:56:09.359+0000: 30860.305: [GC 30860.305: [ParNew: 5148829K->139508K(5662336K), 0.1315980 secs] 6768037K->1763426K(16148096K), 0.1318160 secs] [Times: user=0.50 sys=0.01, real=0.13 secs] 
2014-11-29T14:58:01.566+0000: 30972.512: [GC 30972.512: [ParNew: 5172724K->169249K(5662336K), 0.1674980 secs] 6796642K->1798381K(16148096K), 0.1677470 secs] [Times: user=0.63 sys=0.01, real=0.17 secs] 
2014-11-29T14:59:29.702+0000: 31060.648: [GC 31060.648: [ParNew: 5202465K->125908K(5662336K), 0.1795660 secs] 6831597K->1760350K(16148096K), 0.1798080 secs] [Times: user=0.68 sys=0.01, real=0.18 secs] 
2014-11-29T15:00:32.363+0000: 31123.309: [GC 31123.309: [ParNew: 5159124K->193835K(5662336K), 0.1713480 secs] 6793566K->1836812K(16148096K), 0.1715970 secs] [Times: user=0.66 sys=0.01, real=0.17 secs] 
2014-11-29T15:02:17.510+0000: 31228.456: [GC 31228.456: [ParNew: 5227051K->144461K(5662336K), 0.1780220 secs] 6870028K->1794285K(16148096K), 0.1782430 secs] [Times: user=0.69 sys=0.00, real=0.18 secs] 
2014-11-29T15:04:31.694+0000: 31362.640: [GC 31362.640: [ParNew: 5177677K->153243K(5662336K), 0.1821280 secs] 6827501K->1810905K(16148096K), 0.1823810 secs] [Times: user=0.69 sys=0.01, real=0.19 secs] 
2014-11-29T15:06:43.443+0000: 31494.389: [GC 31494.389: [ParNew: 5186459K->130649K(5662336K), 0.1817560 secs] 6844121K->1802137K(16148096K), 0.1819990 secs] [Times: user=0.69 sys=0.00, real=0.18 secs] 
2014-11-29T15:08:58.661+0000: 31629.607: [GC 31629.608: [ParNew: 5163865K->125050K(5662336K), 0.1609210 secs] 6835353K->1803238K(16148096K), 0.1611520 secs] [Times: user=0.62 sys=0.00, real=0.16 secs] 
2014-11-29T15:11:02.421+0000: 31753.367: [GC 31753.367: [ParNew: 5158266K->146381K(5662336K), 0.1642240 secs] 6836454K->1834038K(16148096K), 0.1644590 secs] [Times: user=0.62 sys=0.01, real=0.16 secs] 
2014-11-29T15:13:17.587+0000: 31888.532: [GC 31888.533: [ParNew: 5179488K->123332K(5662336K), 0.1862980 secs] 6867145K->1818009K(16148096K), 0.1865550 secs] [Times: user=0.71 sys=0.00, real=0.18 secs] 
2014-11-29T15:15:25.697+0000: 32016.643: [GC 32016.643: [ParNew: 5156548K->125602K(5662336K), 0.1609080 secs] 6851225K->1827223K(16148096K), 0.1611620 secs] [Times: user=0.61 sys=0.00, real=0.16 secs] 
2014-11-29T15:17:43.819+0000: 32154.765: [GC 32154.765: [ParNew: 5158818K->142726K(5662336K), 0.1615260 secs] 6860439K->1849204K(16148096K), 0.1617690 secs] [Times: user=0.63 sys=0.00, real=0.17 secs] 
2014-11-29T15:19:49.713+0000: 32280.659: [GC 32280.659: [ParNew: 5175942K->143708K(5662336K), 0.1635840 secs] 6882420K->1855867K(16148096K), 0.1638190 secs] [Times: user=0.62 sys=0.00, real=0.16 secs] 
2014-11-29T15:21:48.311+0000: 32399.257: [GC 32399.257: [ParNew: 5176924K->145539K(5662336K), 0.1700450 secs] 6889083K->1864231K(16148096K), 0.1702950 secs] [Times: user=0.64 sys=0.00, real=0.17 secs] 
2014-11-29T15:23:27.803+0000: 32498.749: [GC 32498.749: [ParNew: 5178755K->173256K(5662336K), 0.1790690 secs] 6897447K->1899474K(16148096K), 0.1793150 secs] [Times: user=0.68 sys=0.00, real=0.18 secs] 
2014-11-29T15:25:32.734+0000: 32623.680: [GC 32623.680: [ParNew: 5206472K->157567K(5662336K), 0.1632830 secs] 6932690K->1889481K(16148096K), 0.1635310 secs] [Times: user=0.63 sys=0.01, real=0.17 secs] 
2014-11-29T15:27:43.414+0000: 32754.360: [GC 32754.360: [ParNew: 5190783K->158199K(5662336K), 0.1758270 secs] 6922697K->1896811K(16148096K), 0.1760750 secs] [Times: user=0.66 sys=0.01, real=0.17 secs] 
2014-11-29T15:30:05.433+0000: 32896.379: [GC 32896.379: [ParNew: 5191415K->131343K(5662336K), 0.1757200 secs] 6930027K->1876577K(16148096K), 0.1759820 secs] [Times: user=0.66 sys=0.00, real=0.17 secs] 
2014-11-29T15:32:04.606+0000: 33015.551: [GC 33015.552: [ParNew: 5164559K->154584K(5662336K), 0.1497840 secs] 6909793K->1914555K(16148096K), 0.1500090 secs] [Times: user=0.56 sys=0.01, real=0.15 secs] 
2014-11-29T15:34:21.023+0000: 33151.969: [GC 33151.969: [ParNew: 5187800K->121809K(5662336K), 0.1633340 secs] 6947771K->1889612K(16148096K), 0.1635910 secs] [Times: user=0.63 sys=0.00, real=0.17 secs] 
2014-11-29T15:36:34.612+0000: 33285.558: [GC 33285.558: [ParNew: 5155025K->115139K(5662336K), 0.1755070 secs] 6922828K->1888938K(16148096K), 0.1757490 secs] [Times: user=0.66 sys=0.01, real=0.18 secs] 
2014-11-29T15:38:46.688+0000: 33417.634: [GC 33417.634: [ParNew: 5148355K->138843K(5662336K), 0.1698280 secs] 6922154K->1917528K(16148096K), 0.1700730 secs] [Times: user=0.65 sys=0.01, real=0.17 secs] 
2014-11-29T15:40:53.626+0000: 33544.571: [GC 33544.572: [ParNew: 5172059K->117375K(5662336K), 0.1722670 secs] 6950744K->1902105K(16148096K), 0.1725320 secs] [Times: user=0.65 sys=0.01, real=0.18 secs] 
2014-11-29T15:43:06.189+0000: 33677.135: [GC 33677.135: [ParNew: 5150591K->118313K(5662336K), 0.1601620 secs] 6935321K->1909348K(16148096K), 0.1604130 secs] [Times: user=0.61 sys=0.00, real=0.16 secs] 
2014-11-29T15:45:17.242+0000: 33808.187: [GC 33808.188: [ParNew: 5151529K->140333K(5662336K), 0.1267150 secs] 6942564K->1938800K(16148096K), 0.1269210 secs] [Times: user=0.48 sys=0.00, real=0.13 secs] 
2014-11-29T15:47:27.589+0000: 33938.535: [GC 33938.535: [ParNew: 5173549K->121004K(5662336K), 0.1596950 secs] 6972016K->1925155K(16148096K), 0.1599530 secs] [Times: user=0.60 sys=0.00, real=0.16 secs] 
2014-11-29T15:49:42.654+0000: 34073.600: [GC 34073.601: [ParNew: 5154220K->116252K(5662336K), 0.1677730 secs] 6958371K->1926606K(16148096K), 0.1680300 secs] [Times: user=0.64 sys=0.00, real=0.17 secs] 
2014-11-29T15:51:45.962+0000: 34196.908: [GC 34196.908: [ParNew: 5149468K->114600K(5662336K), 0.1624300 secs] 6959822K->1929985K(16148096K), 0.1626730 secs] [Times: user=0.62 sys=0.01, real=0.16 secs] 
2014-11-29T15:53:47.383+0000: 34318.329: [GC 34318.329: [ParNew: 5147816K->158538K(5662336K), 0.1732400 secs] 6963201K->1979891K(16148096K), 0.1734940 secs] [Times: user=0.66 sys=0.01, real=0.17 secs] 
2014-11-29T15:55:50.938+0000: 34441.884: [GC 34441.884: [ParNew: 5191754K->172574K(5662336K), 0.1760590 secs] 7013107K->1999412K(16148096K), 0.1763170 secs] [Times: user=0.67 sys=0.01, real=0.18 secs] 
2014-11-29T15:57:56.223+0000: 34567.169: [GC 34567.169: [ParNew: 5205790K->158276K(5662336K), 0.1718480 secs] 7032628K->1990938K(16148096K), 0.1720970 secs] [Times: user=0.65 sys=0.01, real=0.18 secs] 
2014-11-29T16:00:01.714+0000: 34692.660: [GC 34692.661: [ParNew: 5191492K->133244K(5662336K), 0.1272090 secs] 7024154K->1971090K(16148096K), 0.1274330 secs] [Times: user=0.49 sys=0.00, real=0.13 secs] 
2014-11-29T16:01:43.314+0000: 34794.260: [GC 34794.260: [ParNew: 5166460K->132082K(5662336K), 0.1704250 secs] 7004306K->1983841K(16148096K), 0.1706730 secs] [Times: user=0.64 sys=0.01, real=0.17 secs] 
2014-11-29T16:04:15.411+0000: 34946.356: [GC 34946.357: [ParNew: 5165298K->98869K(5662336K), 0.1207230 secs] 7017057K->1961111K(16148096K), 0.1209420 secs] [Times: user=0.46 sys=0.00, real=0.12 secs] 
2014-11-29T16:06:15.320+0000: 35066.266: [GC 35066.266: [ParNew: 5132085K->115347K(5662336K), 0.1694310 secs] 6994327K->1984769K(16148096K), 0.1696850 secs] [Times: user=0.64 sys=0.01, real=0.17 secs] 
2014-11-29T16:08:17.856+0000: 35188.802: [GC 35188.802: [ParNew: 5148563K->157121K(5662336K), 0.1818310 secs] 7017985K->2031316K(16148096K), 0.1820800 secs] [Times: user=0.69 sys=0.00, real=0.19 secs] 
2014-11-29T16:10:17.549+0000: 35308.495: [GC 35308.495: [ParNew: 5190337K->143917K(5662336K), 0.1322230 secs] 7064532K->2022054K(16148096K), 0.1324390 secs] [Times: user=0.50 sys=0.00, real=0.13 secs] 
2014-11-29T16:12:24.355+0000: 35435.301: [GC 35435.301: [ParNew: 5177133K->125440K(5662336K), 0.1705400 secs] 7055270K->2009945K(16148096K), 0.1707810 secs] [Times: user=0.65 sys=0.00, real=0.17 secs] 
2014-11-29T16:14:21.941+0000: 35552.887: [GC 35552.888: [ParNew: 5158656K->141226K(5662336K), 0.1636040 secs] 7043161K->2031809K(16148096K), 0.1638370 secs] [Times: user=0.63 sys=0.00, real=0.16 secs] 
2014-11-29T16:16:28.858+0000: 35679.804: [GC 35679.804: [ParNew: 5174442K->141852K(5662336K), 0.1765340 secs] 7065025K->2038634K(16148096K), 0.1767810 secs] [Times: user=0.67 sys=0.00, real=0.18 secs] 
2014-11-29T16:18:33.459+0000: 35804.405: [GC 35804.405: [ParNew: 5175068K->117494K(5662336K), 0.1685700 secs] 7071850K->2021974K(16148096K), 0.1688230 secs] [Times: user=0.63 sys=0.00, real=0.17 secs] 
2014-11-29T16:20:46.691+0000: 35937.637: [GC 35937.637: [ParNew: 5150710K->160931K(5662336K), 0.1705350 secs] 7055190K->2070892K(16148096K), 0.1707900 secs] [Times: user=0.65 sys=0.00, real=0.17 secs] 
2014-11-29T16:23:04.624+0000: 36075.570: [GC 36075.570: [ParNew: 5194147K->130379K(5662336K), 0.1636730 secs] 7104108K->2046329K(16148096K), 0.1639220 secs] [Times: user=0.62 sys=0.00, real=0.17 secs] 
2014-11-29T16:25:09.188+0000: 36200.134: [GC 36200.134: [ParNew: 5163595K->147896K(5662336K), 0.1754320 secs] 7079545K->2070261K(16148096K), 0.1756770 secs] [Times: user=0.67 sys=0.01, real=0.18 secs] 
2014-11-29T16:27:25.250+0000: 36336.196: [GC 36336.196: [ParNew: 5181112K->138144K(5662336K), 0.1642760 secs] 7103477K->2066109K(16148096K), 0.1645350 secs] [Times: user=0.62 sys=0.00, real=0.17 secs] 
2014-11-29T16:29:40.552+0000: 36471.498: [GC 36471.498: [ParNew: 5171360K->117733K(5662336K), 0.1741030 secs] 7099325K->2052472K(16148096K), 0.1743470 secs] [Times: user=0.66 sys=0.01, real=0.17 secs] 
2014-11-29T16:32:02.607+0000: 36613.553: [GC 36613.553: [ParNew: 5150949K->139467K(5662336K), 0.1738130 secs] 7085688K->2080081K(16148096K), 0.1740670 secs] [Times: user=0.66 sys=0.00, real=0.18 secs] 
2014-11-29T16:34:26.379+0000: 36757.325: [GC 36757.325: [ParNew: 5172683K->117676K(5662336K), 0.1694580 secs] 7113297K->2064263K(16148096K), 0.1696960 secs] [Times: user=0.65 sys=0.01, real=0.17 secs] 
2014-11-29T16:36:33.372+0000: 36884.318: [GC 36884.319: [ParNew: 5150892K->117098K(5662336K), 0.1734070 secs] 7097479K->2069976K(16148096K), 0.1736710 secs] [Times: user=0.65 sys=0.01, real=0.18 secs] 
2014-11-29T16:38:38.954+0000: 37009.900: [GC 37009.900: [ParNew: 5150314K->142566K(5662336K), 0.1734550 secs] 7103192K->2101089K(16148096K), 0.1737020 secs] [Times: user=0.66 sys=0.00, real=0.17 secs] 
2014-11-29T16:39:52.847+0000: 37083.792: [GC 37083.793: [ParNew: 5175782K->147206K(5662336K), 0.1713190 secs] 7134305K->2111500K(16148096K), 0.1715690 secs] [Times: user=0.65 sys=0.00, real=0.17 secs] 
2014-11-29T16:41:09.102+0000: 37160.048: [GC 37160.048: [ParNew: 5180422K->173519K(5662336K), 0.1325080 secs] 7144716K->2143337K(16148096K), 0.1327270 secs] [Times: user=0.50 sys=0.00, real=0.14 secs] 
2014-11-29T16:42:46.229+0000: 37257.175: [GC 37257.175: [ParNew: 5206735K->139916K(5662336K), 0.1410530 secs] 7176553K->2116491K(16148096K), 0.1412830 secs] [Times: user=0.53 sys=0.01, real=0.14 secs] 
2014-11-29T16:45:03.815+0000: 37394.761: [GC 37394.761: [ParNew: 5173132K->155797K(5662336K), 0.1650320 secs] 7149707K->2138892K(16148096K), 0.1652780 secs] [Times: user=0.64 sys=0.00, real=0.16 secs] 
2014-11-29T16:46:56.686+0000: 37507.632: [GC 37507.632: [ParNew: 5189013K->164392K(5662336K), 0.1720290 secs] 7172108K->2153140K(16148096K), 0.1722750 secs] [Times: user=0.65 sys=0.00, real=0.17 secs] 
2014-11-29T16:49:06.660+0000: 37637.606: [GC 37637.606: [ParNew: 5197608K->135470K(5662336K), 0.1612920 secs] 7186356K->2130095K(16148096K), 0.1615400 secs] [Times: user=0.60 sys=0.00, real=0.16 secs] 
2014-11-29T16:51:03.178+0000: 37754.124: [GC 37754.124: [ParNew: 5168084K->154243K(5662336K), 0.1843640 secs] 7162709K->2156923K(16148096K), 0.1846100 secs] [Times: user=0.69 sys=0.00, real=0.19 secs] 
2014-11-29T16:53:17.483+0000: 37888.429: [GC 37888.429: [ParNew: 5187459K->120505K(5662336K), 0.1710270 secs] 7190139K->2129090K(16148096K), 0.1712580 secs] [Times: user=0.65 sys=0.00, real=0.17 secs] 
2014-11-29T16:55:25.511+0000: 38016.457: [GC 38016.457: [ParNew: 5153721K->123252K(5662336K), 0.1635130 secs] 7162306K->2137691K(16148096K), 0.1637440 secs] [Times: user=0.63 sys=0.00, real=0.16 secs] 
2014-11-29T16:57:35.514+0000: 38146.460: [GC 38146.461: [ParNew: 5156468K->121605K(5662336K), 0.1625480 secs] 7170907K->2142624K(16148096K), 0.1628230 secs] [Times: user=0.61 sys=0.00, real=0.17 secs] 
2014-11-29T16:59:46.229+0000: 38277.175: [GC 38277.176: [ParNew: 5154821K->144264K(5662336K), 0.1801480 secs] 7175840K->2171876K(16148096K), 0.1803950 secs] [Times: user=0.68 sys=0.00, real=0.18 secs] 
2014-11-29T17:01:45.886+0000: 38396.832: [GC 38396.832: [ParNew: 5177480K->125564K(5662336K), 0.1660350 secs] 7205092K->2158872K(16148096K), 0.1662830 secs] [Times: user=0.64 sys=0.00, real=0.17 secs] 
2014-11-29T17:03:55.838+0000: 38526.784: [GC 38526.784: [ParNew: 5158780K->121694K(5662336K), 0.1782550 secs] 7192088K->2162062K(16148096K), 0.1785120 secs] [Times: user=0.67 sys=0.00, real=0.18 secs] 
2014-11-29T17:06:04.155+0000: 38655.101: [GC 38655.101: [ParNew: 5154910K->118965K(5662336K), 0.1714130 secs] 7195278K->2165183K(16148096K), 0.1716820 secs] [Times: user=0.65 sys=0.00, real=0.17 secs] 
2014-11-29T17:08:10.106+0000: 38781.052: [GC 38781.052: [ParNew: 5152181K->142489K(5662336K), 0.1765220 secs] 7198399K->2195053K(16148096K), 0.1767870 secs] [Times: user=0.67 sys=0.01, real=0.18 secs] 
2014-11-29T17:10:19.557+0000: 38910.503: [GC 38910.503: [ParNew: 5175705K->118753K(5662336K), 0.1653650 secs] 7228269K->2177182K(16148096K), 0.1656250 secs] [Times: user=0.63 sys=0.00, real=0.17 secs] 
2014-11-29T17:12:30.637+0000: 39041.583: [GC 39041.583: [ParNew: 5151969K->142163K(5662336K), 0.1817890 secs] 7210398K->2206316K(16148096K), 0.1820550 secs] [Times: user=0.68 sys=0.00, real=0.18 secs] 
2014-11-29T17:14:46.229+0000: 39177.175: [GC 39177.175: [ParNew: 5175379K->118974K(5662336K), 0.1766500 secs] 7239532K->2189564K(16148096K), 0.1769070 secs] [Times: user=0.67 sys=0.00, real=0.18 secs] 
2014-11-29T17:16:47.683+0000: 39298.629: [GC 39298.629: [ParNew: 5152190K->119643K(5662336K), 0.1760100 secs] 7222780K->2195836K(16148096K), 0.1762660 secs] [Times: user=0.66 sys=0.00, real=0.18 secs] 
2014-11-29T17:18:53.427+0000: 39424.373: [GC 39424.373: [ParNew: 5152859K->143240K(5662336K), 0.1790950 secs] 7229052K->2225428K(16148096K), 0.1793580 secs] [Times: user=0.67 sys=0.01, real=0.17 secs] 
2014-11-29T17:20:46.527+0000: 39537.473: [GC 39537.473: [ParNew: 5176456K->147296K(5662336K), 0.1832340 secs] 7258644K->2235525K(16148096K), 0.1834970 secs] [Times: user=0.70 sys=0.01, real=0.18 secs] 
2014-11-29T17:22:43.559+0000: 39654.505: [GC 39654.506: [ParNew: 5180512K->127510K(5662336K), 0.1806320 secs] 7268741K->2221651K(16148096K), 0.1808920 secs] [Times: user=0.68 sys=0.00, real=0.18 secs] 
2014-11-29T17:24:33.053+0000: 39763.999: [GC 39763.999: [ParNew: 5160726K->130728K(5662336K), 0.1836020 secs] 7254867K->2231578K(16148096K), 0.1838560 secs] [Times: user=0.69 sys=0.00, real=0.18 secs] 
2014-11-29T17:25:50.376+0000: 39841.322: [GC 39841.322: [ParNew: 5163944K->158883K(5662336K), 0.1695370 secs] 7264794K->2267199K(16148096K), 0.1698000 secs] [Times: user=0.64 sys=0.01, real=0.17 secs] 
2014-11-29T17:27:36.491+0000: 39947.437: [GC 39947.437: [ParNew: 5191443K->131880K(5662336K), 0.1806190 secs] 7299759K->2249369K(16148096K), 0.1808790 secs] [Times: user=0.68 sys=0.01, real=0.18 secs] 
2014-11-29T17:29:37.394+0000: 40068.340: [GC 40068.341: [ParNew: 5164928K->131289K(5662336K), 0.1715320 secs] 7282417K->2255482K(16148096K), 0.1717890 secs] [Times: user=0.64 sys=0.00, real=0.17 secs] 
2014-11-29T17:31:51.507+0000: 40202.453: [GC 40202.453: [ParNew: 5164505K->131421K(5662336K), 0.1734390 secs] 7288698K->2261831K(16148096K), 0.1736980 secs] [Times: user=0.66 sys=0.00, real=0.17 secs] 
2014-11-29T17:33:48.671+0000: 40319.617: [GC 40319.617: [ParNew: 5164637K->152488K(5662336K), 0.1659890 secs] 7295047K->2292721K(16148096K), 0.1662270 secs] [Times: user=0.62 sys=0.01, real=0.17 secs] 
2014-11-29T17:35:57.545+0000: 40448.491: [GC 40448.491: [ParNew: 5185704K->155437K(5662336K), 0.1681730 secs] 7325937K->2304318K(16148096K), 0.1684370 secs] [Times: user=0.64 sys=0.00, real=0.16 secs] 
2014-11-29T17:38:10.940+0000: 40581.886: [GC 40581.886: [ParNew: 5188653K->154143K(5662336K), 0.1278930 secs] 7337534K->2309601K(16148096K), 0.1281310 secs] [Times: user=0.49 sys=0.01, real=0.13 secs] 
2014-11-29T17:40:16.687+0000: 40707.633: [GC 40707.633: [ParNew: 5187359K->156928K(5662336K), 0.1239790 secs] 7342817K->2318060K(16148096K), 0.1241830 secs] [Times: user=0.46 sys=0.00, real=0.13 secs] 
2014-11-29T17:42:38.204+0000: 40849.150: [GC 40849.150: [ParNew: 5190144K->132484K(5662336K), 0.1629060 secs] 7351276K->2304202K(16148096K), 0.1631540 secs] [Times: user=0.62 sys=0.00, real=0.16 secs] 
2014-11-29T17:44:50.491+0000: 40981.437: [GC 40981.437: [ParNew: 5165700K->127983K(5662336K), 0.1798170 secs] 7337418K->2307222K(16148096K), 0.1800700 secs] [Times: user=0.68 sys=0.00, real=0.18 secs] 
2014-11-29T17:47:02.493+0000: 41113.438: [GC 41113.439: [ParNew: 5161199K->153122K(5662336K), 0.1525100 secs] 7340438K->2341272K(16148096K), 0.1527290 secs] [Times: user=0.57 sys=0.00, real=0.16 secs] 
2014-11-29T17:49:12.999+0000: 41243.945: [GC 41243.945: [ParNew: 5186338K->127000K(5662336K), 0.1774290 secs] 7374488K->2323799K(16148096K), 0.1776890 secs] [Times: user=0.67 sys=0.00, real=0.18 secs] 
2014-11-29T17:50:24.429+0000: 41315.375: [GC 41315.375: [ParNew: 5160216K->127154K(5662336K), 0.1783010 secs] 7357015K->2329349K(16148096K), 0.1785570 secs] [Times: user=0.67 sys=0.01, real=0.18 secs] 
2014-11-29T17:51:37.787+0000: 41388.732: [GC 41388.733: [ParNew: 5160370K->129450K(5662336K), 0.1789850 secs] 7362565K->2338159K(16148096K), 0.1792460 secs] [Times: user=0.67 sys=0.01, real=0.18 secs] 
2014-11-29T17:52:41.078+0000: 41452.024: [GC 41452.024: [ParNew: 5162666K->155430K(5662336K), 0.1785980 secs] 7371375K->2371301K(16148096K), 0.1788620 secs] [Times: user=0.66 sys=0.00, real=0.18 secs] 
2014-11-29T17:53:44.839+0000: 41515.785: [GC 41515.785: [ParNew: 5188646K->131572K(5662336K), 0.1739400 secs] 7404517K->2353240K(16148096K), 0.1742100 secs] [Times: user=0.64 sys=0.00, real=0.17 secs] 
2014-11-29T17:55:08.398+0000: 41599.344: [GC 41599.344: [ParNew: 5164788K->129318K(5662336K), 0.1756470 secs] 7386456K->2358577K(16148096K), 0.1759060 secs] [Times: user=0.66 sys=0.01, real=0.18 secs] 
2014-11-29T17:57:22.168+0000: 41733.114: [GC 41733.114: [ParNew: 5162534K->123227K(5662336K), 0.1772640 secs] 7391793K->2358622K(16148096K), 0.1775290 secs] [Times: user=0.67 sys=0.00, real=0.17 secs] 
2014-11-29T17:59:46.748+0000: 41877.694: [GC 41877.694: [ParNew: 5156443K->146840K(5662336K), 0.1763450 secs] 7391838K->2389180K(16148096K), 0.1765970 secs] [Times: user=0.67 sys=0.01, real=0.17 secs] 
2014-11-29T18:01:55.810+0000: 42006.756: [GC 42006.756: [ParNew: 5180056K->172513K(5662336K), 0.1787910 secs] 7422396K->2421236K(16148096K), 0.1790620 secs] [Times: user=0.68 sys=0.00, real=0.18 secs] 
2014-11-29T18:04:01.424+0000: 42132.369: [GC 42132.370: [ParNew: 5205729K->127391K(5662336K), 0.1699580 secs] 7454452K->2383141K(16148096K), 0.1702520 secs] [Times: user=0.64 sys=0.01, real=0.17 secs] 
2014-11-29T18:06:24.612+0000: 42275.558: [GC 42275.558: [ParNew: 5160607K->161669K(5662336K), 0.1796460 secs] 7416357K->2423495K(16148096K), 0.1799040 secs] [Times: user=0.68 sys=0.00, real=0.18 secs] 
2014-11-29T18:08:45.208+0000: 42416.154: [GC 42416.154: [ParNew: 5194885K->150715K(5662336K), 0.1848270 secs] 7456711K->2420608K(16148096K), 0.1850760 secs] [Times: user=0.68 sys=0.00, real=0.18 secs] 
2014-11-29T18:11:06.185+0000: 42557.130: [GC 42557.131: [ParNew: 5183931K->127706K(5662336K), 0.1721040 secs] 7453824K->2403860K(16148096K), 0.1723690 secs] [Times: user=0.64 sys=0.00, real=0.17 secs] 
2014-11-29T18:13:22.915+0000: 42693.861: [GC 42693.861: [ParNew: 5160922K->150582K(5662336K), 0.1436540 secs] 7437076K->2435165K(16148096K), 0.1439140 secs] [Times: user=0.54 sys=0.01, real=0.15 secs] 
2014-11-29T18:15:53.045+0000: 42843.990: [GC 42843.991: [ParNew: 5183798K->125740K(5662336K), 0.1764820 secs] 7468381K->2417208K(16148096K), 0.1767440 secs] [Times: user=0.67 sys=0.01, real=0.18 secs] 
2014-11-29T18:18:21.600+0000: 42992.546: [GC 42992.546: [ParNew: 5158956K->121291K(5662336K), 0.1668120 secs] 7450424K->2419996K(16148096K), 0.1670530 secs] [Times: user=0.63 sys=0.00, real=0.17 secs] 
2014-11-29T18:20:57.934+0000: 43148.880: [GC 43148.880: [ParNew: 5154507K->119669K(5662336K), 0.1753490 secs] 7453212K->2424341K(16148096K), 0.1756180 secs] [Times: user=0.67 sys=0.00, real=0.18 secs] 
2014-11-29T18:23:19.460+0000: 43290.406: [GC 43290.406: [ParNew: 5152885K->142411K(5662336K), 0.1803130 secs] 7457557K->2453719K(16148096K), 0.1805760 secs] [Times: user=0.67 sys=0.00, real=0.18 secs] 
2014-11-29T18:25:43.507+0000: 43434.453: [GC 43434.453: [ParNew: 5175627K->164621K(5662336K), 0.1491850 secs] 7486935K->2481998K(16148096K), 0.1494280 secs] [Times: user=0.57 sys=0.01, real=0.15 secs] 
2014-11-29T18:27:28.815+0000: 43539.761: [GC 43539.761: [ParNew: 5197837K->147199K(5662336K), 0.1725950 secs] 7515214K->2471577K(16148096K), 0.1728420 secs] [Times: user=0.65 sys=0.01, real=0.17 secs] 
2014-11-29T18:29:37.053+0000: 43667.999: [GC 43667.999: [ParNew: 5180415K->144595K(5662336K), 0.1774890 secs] 7504793K->2474074K(16148096K), 0.1777330 secs] [Times: user=0.66 sys=0.00, real=0.18 secs] 
2014-11-29T18:32:05.273+0000: 43816.219: [GC 43816.219: [ParNew: 5177811K->119978K(5662336K), 0.1705590 secs] 7507290K->2456867K(16148096K), 0.1708160 secs] [Times: user=0.65 sys=0.00, real=0.17 secs] 
2014-11-29T18:34:17.219+0000: 43948.165: [GC 43948.165: [ParNew: 5153194K->142601K(5662336K), 0.1848070 secs] 7490083K->2486073K(16148096K), 0.1850590 secs] [Times: user=0.69 sys=0.01, real=0.19 secs] 
2014-11-29T18:36:21.426+0000: 44072.372: [GC 44072.372: [ParNew: 5175817K->152363K(5662336K), 0.1448830 secs] 7519289K->2500633K(16148096K), 0.1451740 secs] [Times: user=0.53 sys=0.00, real=0.15 secs] 
2014-11-29T18:38:44.272+0000: 44215.218: [GC 44215.218: [ParNew: 5185579K->130810K(5662336K), 0.1796010 secs] 7533849K->2485094K(16148096K), 0.1798470 secs] [Times: user=0.68 sys=0.01, real=0.18 secs] 
2014-11-29T18:41:06.908+0000: 44357.854: [GC 44357.854: [ParNew: 5164026K->156751K(5662336K), 0.1447590 secs] 7518310K->2517886K(16148096K), 0.1449990 secs] [Times: user=0.54 sys=0.01, real=0.15 secs] 
2014-11-29T18:43:08.853+0000: 44479.799: [GC 44479.799: [ParNew: 5189967K->130816K(5662336K), 0.1503130 secs] 7551102K->2505596K(16148096K), 0.1505420 secs] [Times: user=0.55 sys=0.01, real=0.15 secs] 
2014-11-29T18:45:13.994+0000: 44604.940: [GC 44604.940: [ParNew: 5164032K->123915K(5662336K), 0.1827890 secs] 7538812K->2506966K(16148096K), 0.1830500 secs] [Times: user=0.69 sys=0.00, real=0.18 secs] 
2014-11-29T18:47:17.852+0000: 44728.798: [GC 44728.798: [ParNew: 5157131K->141862K(5662336K), 0.1722520 secs] 7540182K->2530343K(16148096K), 0.1724830 secs] [Times: user=0.66 sys=0.01, real=0.17 secs] 
2014-11-29T18:49:26.325+0000: 44857.271: [GC 44857.271: [ParNew: 5175078K->149362K(5662336K), 0.1787520 secs] 7563559K->2544240K(16148096K), 0.1790120 secs] [Times: user=0.67 sys=0.00, real=0.18 secs] 
2014-11-29T18:51:45.805+0000: 44996.751: [GC 44996.751: [ParNew: 5182578K->147256K(5662336K), 0.1780250 secs] 7577456K->2547999K(16148096K), 0.1782760 secs] [Times: user=0.68 sys=0.01, real=0.17 secs] 
2014-11-29T18:54:01.860+0000: 45132.806: [GC 45132.806: [ParNew: 5180472K->171421K(5662336K), 0.1747140 secs] 7581215K->2578997K(16148096K), 0.1749680 secs] [Times: user=0.67 sys=0.01, real=0.18 secs] 
2014-11-29T18:56:20.589+0000: 45271.535: [GC 45271.535: [ParNew: 5204637K->123834K(5662336K), 0.1786580 secs] 7612213K->2538829K(16148096K), 0.1789040 secs] [Times: user=0.67 sys=0.00, real=0.18 secs] 
2014-11-29T18:58:42.737+0000: 45413.683: [GC 45413.684: [ParNew: 5157050K->155274K(5662336K), 0.1818140 secs] 7572045K->2577105K(16148096K), 0.1820800 secs] [Times: user=0.69 sys=0.00, real=0.18 secs] 
2014-11-29T19:00:52.360+0000: 45543.306: [GC 45543.306: [ParNew: 5188490K->121583K(5662336K), 0.1847260 secs] 7610321K->2550028K(16148096K), 0.1849820 secs] [Times: user=0.68 sys=0.01, real=0.18 secs] 
2014-11-29T19:03:13.171+0000: 45684.117: [GC 45684.117: [ParNew: 5154799K->148717K(5662336K), 0.1655500 secs] 7583244K->2584065K(16148096K), 0.1658010 secs] [Times: user=0.61 sys=0.01, real=0.16 secs] 
2014-11-29T19:05:36.006+0000: 45826.952: [GC 45826.952: [ParNew: 5181933K->180959K(5662336K), 0.1817440 secs] 7617281K->2622869K(16148096K), 0.1819990 secs] [Times: user=0.69 sys=0.01, real=0.19 secs] 
2014-11-29T19:07:28.592+0000: 45939.538: [GC 45939.538: [ParNew: 5214175K->147935K(5662336K), 0.1560180 secs] 7656085K->2596302K(16148096K), 0.1562710 secs] [Times: user=0.56 sys=0.01, real=0.15 secs] 
2014-11-29T19:09:30.934+0000: 46061.880: [GC 46061.880: [ParNew: 5181151K->170629K(5662336K), 0.1731680 secs] 7629518K->2625427K(16148096K), 0.1734300 secs] [Times: user=0.66 sys=0.01, real=0.17 secs] 
2014-11-29T19:11:27.347+0000: 46178.293: [GC 46178.294: [ParNew: 5203845K->130573K(5662336K), 0.1614380 secs] 7658643K->2598991K(16148096K), 0.1616910 secs] [Times: user=0.61 sys=0.01, real=0.16 secs] 
2014-11-29T19:13:38.266+0000: 46309.212: [GC 46309.212: [ParNew: 5163789K->127295K(5662336K), 0.1850050 secs] 7632207K->2603576K(16148096K), 0.1852610 secs] [Times: user=0.70 sys=0.00, real=0.19 secs] 
2014-11-29T19:15:50.132+0000: 46441.078: [GC 46441.078: [ParNew: 5160511K->171204K(5662336K), 0.1691980 secs] 7636792K->2654310K(16148096K), 0.1694420 secs] [Times: user=0.64 sys=0.01, real=0.17 secs] 
2014-11-29T19:17:56.922+0000: 46567.868: [GC 46567.869: [ParNew: 5204420K->123741K(5662336K), 0.1821480 secs] 7687526K->2612929K(16148096K), 0.1824090 secs] [Times: user=0.68 sys=0.00, real=0.18 secs] 
2014-11-29T19:20:09.434+0000: 46700.380: [GC 46700.380: [ParNew: 5156957K->155925K(5662336K), 0.1881490 secs] 7646145K->2651796K(16148096K), 0.1884050 secs] [Times: user=0.71 sys=0.00, real=0.18 secs] 
2014-11-29T19:22:25.092+0000: 46836.037: [GC 46836.038: [ParNew: 5189141K->118237K(5662336K), 0.1832270 secs] 7685012K->2621325K(16148096K), 0.1834920 secs] [Times: user=0.69 sys=0.01, real=0.19 secs] 
2014-11-29T19:24:25.200+0000: 46956.146: [GC 46956.146: [ParNew: 5151453K->119016K(5662336K), 0.1818470 secs] 7654541K->2628589K(16148096K), 0.1821040 secs] [Times: user=0.68 sys=0.00, real=0.18 secs] 
2014-11-29T19:26:26.462+0000: 47077.407: [GC 47077.408: [ParNew: 5152232K->120770K(5662336K), 0.1275460 secs] 7661805K->2636037K(16148096K), 0.1277710 secs] [Times: user=0.47 sys=0.00, real=0.13 secs] 
2014-11-29T19:28:43.880+0000: 47214.826: [GC 47214.826: [ParNew: 5153986K->146022K(5662336K), 0.1720570 secs] 7669253K->2667892K(16148096K), 0.1723070 secs] [Times: user=0.66 sys=0.00, real=0.17 secs] 
2014-11-29T19:30:49.167+0000: 47340.113: [GC 47340.113: [ParNew: 5179238K->146598K(5662336K), 0.1720050 secs] 7701108K->2674801K(16148096K), 0.1722600 secs] [Times: user=0.64 sys=0.01, real=0.17 secs] 
2014-11-29T19:33:09.400+0000: 47480.346: [GC 47480.346: [ParNew: 5179814K->194239K(5662336K), 0.1856620 secs] 7708017K->2728560K(16148096K), 0.1859230 secs] [Times: user=0.69 sys=0.00, real=0.18 secs] 
2014-11-29T19:35:24.434+0000: 47615.380: [GC 47615.380: [ParNew: 5227455K->127043K(5662336K), 0.1736700 secs] 7761776K->2669224K(16148096K), 0.1739300 secs] [Times: user=0.66 sys=0.01, real=0.18 secs] 
2014-11-29T19:37:02.665+0000: 47713.611: [GC 47713.611: [ParNew: 5160259K->164950K(5662336K), 0.1803240 secs] 7702440K->2713915K(16148096K), 0.1805930 secs] [Times: user=0.67 sys=0.01, real=0.18 secs] 
2014-11-29T19:38:43.295+0000: 47814.240: [GC 47814.241: [ParNew: 5198166K->150718K(5662336K), 0.1781770 secs] 7747131K->2705805K(16148096K), 0.1784260 secs] [Times: user=0.68 sys=0.01, real=0.17 secs] 
2014-11-29T19:40:41.435+0000: 47932.381: [GC 47932.381: [ParNew: 5183934K->129344K(5662336K), 0.1840450 secs] 7739021K->2696136K(16148096K), 0.1843040 secs] [Times: user=0.68 sys=0.01, real=0.18 secs] 
2014-11-29T19:43:06.545+0000: 48077.491: [GC 48077.491: [ParNew: 5162560K->150901K(5662336K), 0.1871450 secs] 7729352K->2724316K(16148096K), 0.1874030 secs] [Times: user=0.70 sys=0.01, real=0.19 secs] 
2014-11-29T19:45:15.648+0000: 48206.594: [GC 48206.594: [ParNew: 5184117K->150038K(5662336K), 0.1431970 secs] 7757532K->2728846K(16148096K), 0.1434510 secs] [Times: user=0.53 sys=0.01, real=0.14 secs] 
2014-11-29T19:47:25.925+0000: 48336.871: [GC 48336.872: [ParNew: 5183254K->153091K(5662336K), 0.1703010 secs] 7762062K->2739868K(16148096K), 0.1706020 secs] [Times: user=0.65 sys=0.01, real=0.17 secs] 
2014-11-29T19:49:55.144+0000: 48486.090: [GC 48486.090: [ParNew: 5186307K->154479K(5662336K), 0.1971860 secs] 7773084K->2749741K(16148096K), 0.1974370 secs] [Times: user=0.75 sys=0.00, real=0.19 secs] 
2014-11-29T19:52:17.182+0000: 48628.128: [GC 48628.128: [ParNew: 5187695K->126410K(5662336K), 0.1952460 secs] 7782957K->2728568K(16148096K), 0.1955080 secs] [Times: user=0.74 sys=0.00, real=0.19 secs] 
2014-11-29T19:54:20.556+0000: 48751.502: [GC 48751.502: [ParNew: 5159626K->151055K(5662336K), 0.2000700 secs] 7761784K->2762687K(16148096K), 0.2003300 secs] [Times: user=0.75 sys=0.01, real=0.20 secs] 
2014-11-29T19:56:42.374+0000: 48893.320: [GC 48893.320: [ParNew: 5184271K->146405K(5662336K), 0.1850910 secs] 7795903K->2766424K(16148096K), 0.1853460 secs] [Times: user=0.70 sys=0.00, real=0.19 secs] 
2014-11-29T19:58:31.423+0000: 49002.369: [GC 49002.369: [ParNew: 5179621K->119021K(5662336K), 0.1661100 secs] 7799640K->2744871K(16148096K), 0.1663530 secs] [Times: user=0.64 sys=0.00, real=0.16 secs] 
2014-11-29T20:00:15.656+0000: 49106.602: [GC 49106.602: [ParNew: 5152237K->144690K(5662336K), 0.1607510 secs] 7778087K->2776947K(16148096K), 0.1609700 secs] [Times: user=0.61 sys=0.00, real=0.17 secs] 
2014-11-29T20:01:57.235+0000: 49208.181: [GC 49208.181: [ParNew: 5177906K->148226K(5662336K), 0.2053740 secs] 7810163K->2788462K(16148096K), 0.2055990 secs] [Times: user=0.78 sys=0.00, real=0.20 secs] 
2014-11-29T20:03:39.759+0000: 49310.705: [GC 49310.705: [ParNew: 5181442K->178620K(5662336K), 0.2035240 secs] 7821678K->2825785K(16148096K), 0.2037700 secs] [Times: user=0.78 sys=0.00, real=0.20 secs] 
2014-11-29T20:05:42.740+0000: 49433.686: [GC 49433.686: [ParNew: 5211836K->159734K(5662336K), 0.2157050 secs] 7859001K->2814744K(16148096K), 0.2159450 secs] [Times: user=0.83 sys=0.00, real=0.22 secs] 
2014-11-29T20:07:38.992+0000: 49549.938: [GC 49549.939: [ParNew: 5192950K->136489K(5662336K), 0.2175220 secs] 7847960K->2799400K(16148096K), 0.2177730 secs] [Times: user=0.83 sys=0.00, real=0.22 secs] 
2014-11-29T20:09:32.972+0000: 49663.918: [GC 49663.918: [ParNew: 5169705K->138553K(5662336K), 0.1881680 secs] 7832616K->2812358K(16148096K), 0.1884210 secs] [Times: user=0.71 sys=0.01, real=0.18 secs] 
2014-11-29T20:11:40.072+0000: 49791.018: [GC 49791.018: [ParNew: 5171769K->134974K(5662336K), 0.1972350 secs] 7845574K->2820094K(16148096K), 0.1974840 secs] [Times: user=0.74 sys=0.01, real=0.20 secs] 
2014-11-29T20:13:41.622+0000: 49912.568: [GC 49912.569: [ParNew: 5168190K->133771K(5662336K), 0.2102450 secs] 7853310K->2830112K(16148096K), 0.2104920 secs] [Times: user=0.80 sys=0.01, real=0.21 secs] 
2014-11-29T20:15:32.870+0000: 50023.816: [GC 50023.816: [ParNew: 5166987K->130801K(5662336K), 0.1779970 secs] 7863328K->2834815K(16148096K), 0.1782460 secs] [Times: user=0.68 sys=0.01, real=0.18 secs] 
2014-11-29T20:17:45.690+0000: 50156.636: [GC 50156.636: [ParNew: 5164017K->131050K(5662336K), 0.1969240 secs] 7868031K->2842545K(16148096K), 0.1971650 secs] [Times: user=0.75 sys=0.01, real=0.19 secs] 
2014-11-29T20:19:55.791+0000: 50286.737: [GC 50286.737: [ParNew: 5164266K->130268K(5662336K), 0.2073770 secs] 7875761K->2851757K(16148096K), 0.2076250 secs] [Times: user=0.78 sys=0.01, real=0.21 secs] 
2014-11-29T20:22:01.332+0000: 50412.278: [GC 50412.279: [ParNew: 5163484K->152583K(5662336K), 0.2004150 secs] 7884973K->2882381K(16148096K), 0.2006580 secs] [Times: user=0.78 sys=0.01, real=0.20 secs] 
2014-11-29T20:24:07.084+0000: 50538.030: [GC 50538.030: [ParNew: 5185799K->152890K(5662336K), 0.2062430 secs] 7915597K->2890924K(16148096K), 0.2064950 secs] [Times: user=0.79 sys=0.00, real=0.21 secs] 
2014-11-29T20:26:14.808+0000: 50665.754: [GC 50665.754: [ParNew: 5186106K->154909K(5662336K), 0.2098570 secs] 7924140K->2900100K(16148096K), 0.2101210 secs] [Times: user=0.79 sys=0.01, real=0.21 secs] 
2014-11-29T20:28:13.384+0000: 50784.330: [GC 50784.330: [ParNew: 5188125K->156494K(5662336K), 0.2006990 secs] 7933316K->2910230K(16148096K), 0.2009340 secs] [Times: user=0.76 sys=0.01, real=0.20 secs] 
2014-11-29T20:30:07.327+0000: 50898.273: [GC 50898.273: [ParNew: 5189710K->156570K(5662336K), 0.2101800 secs] 7943446K->2917842K(16148096K), 0.2104470 secs] [Times: user=0.79 sys=0.01, real=0.22 secs] 
2014-11-29T20:32:08.974+0000: 51019.920: [GC 51019.920: [ParNew: 5189786K->132344K(5662336K), 0.2066430 secs] 7951058K->2901932K(16148096K), 0.2069140 secs] [Times: user=0.79 sys=0.01, real=0.20 secs] 
2014-11-29T20:34:07.010+0000: 51137.956: [GC 51137.956: [ParNew: 5165560K->132721K(5662336K), 0.2046190 secs] 7935148K->2911654K(16148096K), 0.2048600 secs] [Times: user=0.78 sys=0.00, real=0.20 secs] 
2014-11-29T20:36:05.866+0000: 51256.812: [GC 51256.812: [ParNew: 5165937K->159548K(5662336K), 0.2071140 secs] 7944870K->2946041K(16148096K), 0.2073630 secs] [Times: user=0.78 sys=0.00, real=0.20 secs] 
2014-11-29T20:37:47.431+0000: 51358.377: [GC 51358.377: [ParNew: 5192764K->133844K(5662336K), 0.1922050 secs] 7979257K->2929238K(16148096K), 0.1924540 secs] [Times: user=0.73 sys=0.01, real=0.19 secs] 
2014-11-29T20:39:44.225+0000: 51475.171: [GC 51475.171: [ParNew: 5167060K->132094K(5662336K), 0.1781320 secs] 7962454K->2936423K(16148096K), 0.1783850 secs] [Times: user=0.68 sys=0.00, real=0.17 secs] 
2014-11-29T20:41:46.125+0000: 51597.071: [GC 51597.071: [ParNew: 5165310K->129722K(5662336K), 0.2048560 secs] 7969639K->2943687K(16148096K), 0.2051020 secs] [Times: user=0.78 sys=0.00, real=0.20 secs] 
2014-11-29T20:43:48.062+0000: 51719.008: [GC 51719.009: [ParNew: 5162383K->151632K(5662336K), 0.1975910 secs] 7976348K->2974184K(16148096K), 0.1978430 secs] [Times: user=0.75 sys=0.01, real=0.20 secs] 
2014-11-29T20:44:58.053+0000: 51788.999: [GC 51788.999: [ParNew: 5184848K->133783K(5662336K), 0.1355140 secs] 8007400K->2963761K(16148096K), 0.1357360 secs] [Times: user=0.50 sys=0.00, real=0.14 secs] 
2014-11-29T20:46:41.011+0000: 51891.957: [GC 51891.957: [ParNew: 5166999K->154554K(5662336K), 0.1809430 secs] 7996977K->2991820K(16148096K), 0.1811920 secs] [Times: user=0.69 sys=0.00, real=0.19 secs] 
2014-11-29T20:48:44.074+0000: 52015.020: [GC 52015.021: [ParNew: 5187770K->151724K(5662336K), 0.1968630 secs] 8025036K->2996469K(16148096K), 0.1971110 secs] [Times: user=0.76 sys=0.00, real=0.20 secs] 
2014-11-29T20:50:45.998+0000: 52136.944: [GC 52136.944: [ParNew: 5184940K->151981K(5662336K), 0.1821520 secs] 8029685K->3003952K(16148096K), 0.1823810 secs] [Times: user=0.70 sys=0.00, real=0.18 secs] 
2014-11-29T20:52:50.933+0000: 52261.879: [GC 52261.880: [ParNew: 5185197K->126988K(5662336K), 0.1961030 secs] 8037168K->2986072K(16148096K), 0.1963580 secs] [Times: user=0.74 sys=0.01, real=0.19 secs] 
2014-11-29T20:54:50.088+0000: 52381.034: [GC 52381.034: [ParNew: 5160204K->126107K(5662336K), 0.1975170 secs] 8019288K->2992739K(16148096K), 0.1977750 secs] [Times: user=0.75 sys=0.01, real=0.19 secs] 
2014-11-29T20:56:41.632+0000: 52492.578: [GC 52492.578: [ParNew: 5159323K->126065K(5662336K), 0.1932050 secs] 8025955K->3000689K(16148096K), 0.1934470 secs] [Times: user=0.73 sys=0.01, real=0.19 secs] 
2014-11-29T20:58:26.797+0000: 52597.743: [GC 52597.744: [ParNew: 5159281K->125607K(5662336K), 0.1757010 secs] 8033905K->3006942K(16148096K), 0.1759640 secs] [Times: user=0.67 sys=0.00, real=0.17 secs] 
2014-11-29T21:00:09.553+0000: 52700.499: [GC 52700.499: [ParNew: 5158823K->149498K(5662336K), 0.1388530 secs] 8040158K->3037486K(16148096K), 0.1390690 secs] [Times: user=0.52 sys=0.00, real=0.14 secs] 
2014-11-29T21:01:45.008+0000: 52795.954: [GC 52795.954: [ParNew: 5182714K->128476K(5662336K), 0.1346150 secs] 8070702K->3023883K(16148096K), 0.1348230 secs] [Times: user=0.51 sys=0.00, real=0.14 secs] 
2014-11-29T21:03:31.886+0000: 52902.832: [GC 52902.833: [ParNew: 5161692K->127801K(5662336K), 0.1953530 secs] 8057099K->3030756K(16148096K), 0.1956060 secs] [Times: user=0.75 sys=0.00, real=0.19 secs] 
2014-11-29T21:05:24.466+0000: 53015.412: [GC 53015.412: [ParNew: 5161017K->128830K(5662336K), 0.2000640 secs] 8063972K->3038716K(16148096K), 0.2003160 secs] [Times: user=0.76 sys=0.00, real=0.20 secs] 
2014-11-29T21:07:28.327+0000: 53139.273: [GC 53139.273: [ParNew: 5162046K->151610K(5662336K), 0.1825630 secs] 8071932K->3070085K(16148096K), 0.1828280 secs] [Times: user=0.69 sys=0.01, real=0.19 secs] 
2014-11-29T21:09:36.730+0000: 53267.676: [GC 53267.676: [ParNew: 5184826K->148222K(5662336K), 0.1511600 secs] 8103301K->3074720K(16148096K), 0.1513740 secs] [Times: user=0.58 sys=0.00, real=0.15 secs] 
2014-11-29T21:11:36.142+0000: 53387.088: [GC 53387.088: [ParNew: 5181438K->121968K(5662336K), 0.1964160 secs] 8107936K->3056062K(16148096K), 0.1966630 secs] [Times: user=0.75 sys=0.01, real=0.19 secs] 
2014-11-29T21:13:39.125+0000: 53510.071: [GC 53510.071: [ParNew: 5155184K->120628K(5662336K), 0.1958370 secs] 8089278K->3061769K(16148096K), 0.1960840 secs] [Times: user=0.74 sys=0.01, real=0.20 secs] 
2014-11-29T21:15:29.650+0000: 53620.595: [GC 53620.596: [ParNew: 5153844K->147645K(5662336K), 0.1972050 secs] 8094985K->3095290K(16148096K), 0.1974510 secs] [Times: user=0.75 sys=0.00, real=0.20 secs] 
2014-11-29T21:17:36.858+0000: 53747.804: [GC 53747.804: [ParNew: 5180861K->150650K(5662336K), 0.1819100 secs] 8128506K->3104298K(16148096K), 0.1821600 secs] [Times: user=0.69 sys=0.00, real=0.19 secs] 
2014-11-29T21:19:43.785+0000: 53874.730: [GC 53874.731: [ParNew: 5183866K->176580K(5662336K), 0.1979140 secs] 8137514K->3137323K(16148096K), 0.1981720 secs] [Times: user=0.75 sys=0.00, real=0.20 secs] 
2014-11-29T21:21:51.678+0000: 54002.624: [GC 54002.624: [ParNew: 5209796K->127930K(5662336K), 0.1980530 secs] 8170539K->3095670K(16148096K), 0.1983010 secs] [Times: user=0.74 sys=0.01, real=0.20 secs] 
2014-11-29T21:23:58.084+0000: 54129.030: [GC 54129.030: [ParNew: 5161146K->159858K(5662336K), 0.1992550 secs] 8128886K->3136420K(16148096K), 0.1995090 secs] [Times: user=0.76 sys=0.01, real=0.20 secs] 
2014-11-29T21:25:50.383+0000: 54241.329: [GC 54241.329: [ParNew: 5193074K->147938K(5662336K), 0.1839770 secs] 8169636K->3130950K(16148096K), 0.1842300 secs] [Times: user=0.70 sys=0.01, real=0.19 secs] 
2014-11-29T21:27:50.480+0000: 54361.426: [GC 54361.426: [ParNew: 5181154K->150384K(5662336K), 0.1989580 secs] 8164166K->3142697K(16148096K), 0.1992080 secs] [Times: user=0.75 sys=0.01, real=0.20 secs] 
2014-11-29T21:29:08.637+0000: 54439.583: [GC 54439.583: [ParNew: 5183600K->125398K(5662336K), 0.1856630 secs] 8175913K->3124715K(16148096K), 0.1859150 secs] [Times: user=0.70 sys=0.01, real=0.19 secs] 
2014-11-29T21:30:27.095+0000: 54518.041: [GC 54518.041: [ParNew: 5158614K->149908K(5662336K), 0.1903180 secs] 8157931K->3157077K(16148096K), 0.1905680 secs] [Times: user=0.72 sys=0.01, real=0.19 secs] 
2014-11-29T21:32:07.969+0000: 54618.915: [GC 54618.915: [ParNew: 5183124K->123930K(5662336K), 0.1882370 secs] 8190293K->3137484K(16148096K), 0.1884870 secs] [Times: user=0.72 sys=0.00, real=0.19 secs] 
2014-11-29T21:34:11.695+0000: 54742.641: [GC 54742.641: [ParNew: 5157146K->121098K(5662336K), 0.1691580 secs] 8170700K->3140675K(16148096K), 0.1694080 secs] [Times: user=0.65 sys=0.01, real=0.17 secs] 
2014-11-29T21:36:04.665+0000: 54855.611: [GC 54855.611: [ParNew: 5154314K->142903K(5662336K), 0.1505620 secs] 8173891K->3168763K(16148096K), 0.1508010 secs] [Times: user=0.57 sys=0.00, real=0.15 secs] 
2014-11-29T21:37:56.902+0000: 54967.848: [GC 54967.848: [ParNew: 5176119K->122258K(5662336K), 0.1887000 secs] 8201979K->3155477K(16148096K), 0.1889570 secs] [Times: user=0.71 sys=0.01, real=0.19 secs] 
2014-11-29T21:39:46.695+0000: 55077.641: [GC 55077.641: [ParNew: 5155474K->119438K(5662336K), 0.1783910 secs] 8188693K->3160493K(16148096K), 0.1786490 secs] [Times: user=0.68 sys=0.01, real=0.18 secs] 
2014-11-29T21:41:40.088+0000: 55191.034: [GC 55191.034: [ParNew: 5152654K->140751K(5662336K), 0.1763560 secs] 8193709K->3188099K(16148096K), 0.1766020 secs] [Times: user=0.68 sys=0.00, real=0.18 secs] 
2014-11-29T21:43:26.129+0000: 55297.075: [GC 55297.075: [ParNew: 5173967K->164284K(5662336K), 0.1769350 secs] 8221315K->3217696K(16148096K), 0.1771860 secs] [Times: user=0.68 sys=0.00, real=0.17 secs] 
2014-11-29T21:45:15.126+0000: 55406.072: [GC 55406.072: [ParNew: 5197500K->134042K(5662336K), 0.1731430 secs] 8250912K->3193934K(16148096K), 0.1733870 secs] [Times: user=0.66 sys=0.01, real=0.17 secs] 
2014-11-29T21:47:18.161+0000: 55529.107: [GC 55529.108: [ParNew: 5167258K->185128K(5662336K), 0.2047340 secs] 8227150K->3251637K(16148096K), 0.2049920 secs] [Times: user=0.79 sys=0.01, real=0.20 secs] 
2014-11-29T21:49:17.288+0000: 55648.234: [GC 55648.234: [ParNew: 5218344K->145673K(5662336K), 0.1943580 secs] 8284853K->3219007K(16148096K), 0.1946130 secs] [Times: user=0.73 sys=0.01, real=0.19 secs] 
2014-11-29T21:51:12.810+0000: 55763.756: [GC 55763.756: [ParNew: 5178889K->192435K(5662336K), 0.1924370 secs] 8252223K->3273194K(16148096K), 0.1926820 secs] [Times: user=0.73 sys=0.00, real=0.20 secs] 
2014-11-29T21:53:21.530+0000: 55892.476: [GC 55892.476: [ParNew: 5225651K->124584K(5662336K), 0.1743750 secs] 8306410K->3218711K(16148096K), 0.1746090 secs] [Times: user=0.66 sys=0.00, real=0.17 secs] 
2014-11-29T21:55:19.372+0000: 56010.318: [GC 56010.318: [ParNew: 5157800K->156372K(5662336K), 0.1471280 secs] 8251927K->3257665K(16148096K), 0.1473800 secs] [Times: user=0.55 sys=0.00, real=0.15 secs] 
2014-11-29T21:57:20.204+0000: 56131.150: [GC 56131.150: [ParNew: 5189588K->145786K(5662336K), 0.1872390 secs] 8290881K->3254197K(16148096K), 0.1874920 secs] [Times: user=0.71 sys=0.00, real=0.19 secs] 
2014-11-29T21:59:23.512+0000: 56254.458: [GC 56254.458: [ParNew: 5179002K->146837K(5662336K), 0.1895810 secs] 8287413K->3262336K(16148096K), 0.1898390 secs] [Times: user=0.71 sys=0.01, real=0.19 secs] 
2014-11-29T22:01:14.937+0000: 56365.883: [GC 56365.883: [ParNew: 5180053K->146903K(5662336K), 0.1528450 secs] 8295552K->3269961K(16148096K), 0.1531230 secs] [Times: user=0.57 sys=0.00, real=0.15 secs] 
2014-11-29T22:03:20.291+0000: 56491.236: [GC 56491.237: [ParNew: 5180119K->122560K(5662336K), 0.1823950 secs] 8303177K->3254197K(16148096K), 0.1826540 secs] [Times: user=0.70 sys=0.00, real=0.18 secs] 
2014-11-29T22:05:20.288+0000: 56611.234: [GC 56611.234: [ParNew: 5155776K->120066K(5662336K), 0.1834550 secs] 8287413K->3257867K(16148096K), 0.1836960 secs] [Times: user=0.71 sys=0.01, real=0.18 secs] 
2014-11-29T22:07:22.533+0000: 56733.479: [GC 56733.479: [ParNew: 5153282K->120564K(5662336K), 0.1877390 secs] 8291083K->3265681K(16148096K), 0.1879870 secs] [Times: user=0.71 sys=0.00, real=0.19 secs] 
2014-11-29T22:09:16.707+0000: 56847.653: [GC 56847.653: [ParNew: 5153780K->121363K(5662336K), 0.1800880 secs] 8298897K->3274138K(16148096K), 0.1803470 secs] [Times: user=0.68 sys=0.00, real=0.18 secs] 
2014-11-29T22:11:20.687+0000: 56971.633: [GC 56971.633: [ParNew: 5154579K->118801K(5662336K), 0.1854940 secs] 8307354K->3277370K(16148096K), 0.1857400 secs] [Times: user=0.71 sys=0.01, real=0.19 secs] 
2014-11-29T22:13:21.504+0000: 57092.450: [GC 57092.451: [ParNew: 5152017K->120062K(5662336K), 0.1707410 secs] 8310586K->3286189K(16148096K), 0.1709990 secs] [Times: user=0.65 sys=0.00, real=0.17 secs] 
2014-11-29T22:15:26.484+0000: 57217.430: [GC 57217.430: [ParNew: 5153278K->119667K(5662336K), 0.1767820 secs] 8319405K->3291920K(16148096K), 0.1770270 secs] [Times: user=0.68 sys=0.01, real=0.18 secs] 
2014-11-29T22:17:21.949+0000: 57332.895: [GC 57332.895: [ParNew: 5152883K->145318K(5662336K), 0.1949750 secs] 8325136K->3324064K(16148096K), 0.1952370 secs] [Times: user=0.74 sys=0.01, real=0.20 secs] 
2014-11-29T22:19:36.803+0000: 57467.749: [GC 57467.749: [ParNew: 5178534K->122985K(5662336K), 0.1322930 secs] 8357280K->3309590K(16148096K), 0.1325230 secs] [Times: user=0.50 sys=0.01, real=0.13 secs] 
2014-11-29T22:21:40.071+0000: 57591.017: [GC 57591.017: [ParNew: 5156201K->146994K(5662336K), 0.1976560 secs] 8342806K->3340800K(16148096K), 0.1979100 secs] [Times: user=0.74 sys=0.01, real=0.20 secs] 
2014-11-29T22:23:26.816+0000: 57697.762: [GC 57697.762: [ParNew: 5180210K->168999K(5662336K), 0.1936330 secs] 8374016K->3369702K(16148096K), 0.1938940 secs] [Times: user=0.73 sys=0.01, real=0.20 secs] 
2014-11-29T22:25:43.847+0000: 57834.793: [GC 57834.793: [ParNew: 5202215K->138665K(5662336K), 0.1720110 secs] 8402918K->3346492K(16148096K), 0.1722970 secs] [Times: user=0.65 sys=0.00, real=0.18 secs] 
2014-11-29T22:27:33.606+0000: 57944.552: [GC 57944.552: [ParNew: 5171881K->157742K(5662336K), 0.1934490 secs] 8379708K->3371643K(16148096K), 0.1936930 secs] [Times: user=0.73 sys=0.00, real=0.19 secs] 
2014-11-29T22:29:41.415+0000: 58072.360: [GC 58072.361: [ParNew: 5190958K->124754K(5662336K), 0.1847650 secs] 8404859K->3347033K(16148096K), 0.1850160 secs] [Times: user=0.70 sys=0.01, real=0.18 secs] 
2014-11-29T22:31:38.296+0000: 58189.242: [GC 58189.242: [ParNew: 5157970K->149149K(5662336K), 0.1854080 secs] 8380249K->3380118K(16148096K), 0.1856690 secs] [Times: user=0.70 sys=0.00, real=0.18 secs] 
2014-11-29T22:33:29.220+0000: 58300.166: [GC 58300.166: [ParNew: 5182365K->147044K(5662336K), 0.1926120 secs] 8413334K->3385106K(16148096K), 0.1928760 secs] [Times: user=0.72 sys=0.00, real=0.20 secs] 
2014-11-29T22:35:39.247+0000: 58430.193: [GC 58430.193: [ParNew: 5180260K->146075K(5662336K), 0.1903490 secs] 8418322K->3391615K(16148096K), 0.1906050 secs] [Times: user=0.71 sys=0.01, real=0.20 secs] 
2014-11-29T22:37:46.396+0000: 58557.342: [GC 58557.342: [ParNew: 5179291K->121372K(5662336K), 0.1870570 secs] 8424831K->3374203K(16148096K), 0.1873150 secs] [Times: user=0.71 sys=0.00, real=0.18 secs] 
2014-11-29T22:39:34.332+0000: 58665.278: [GC 58665.278: [ParNew: 5154588K->145492K(5662336K), 0.1800240 secs] 8407419K->3404620K(16148096K), 0.1802730 secs] [Times: user=0.69 sys=0.00, real=0.18 secs] 
2014-11-29T22:41:43.116+0000: 58794.062: [GC 58794.062: [ParNew: 5178708K->121244K(5662336K), 0.1717490 secs] 8437836K->3388524K(16148096K), 0.1720040 secs] [Times: user=0.66 sys=0.00, real=0.18 secs] 
2014-11-29T22:43:48.771+0000: 58919.717: [GC 58919.717: [ParNew: 5154460K->165923K(5662336K), 0.1901030 secs] 8421740K->3440040K(16148096K), 0.1903480 secs] [Times: user=0.71 sys=0.01, real=0.19 secs] 
2014-11-29T22:45:45.036+0000: 59035.982: [GC 59035.982: [ParNew: 5199139K->119313K(5662336K), 0.1867220 secs] 8473256K->3399799K(16148096K), 0.1869670 secs] [Times: user=0.71 sys=0.00, real=0.19 secs] 
2014-11-29T22:47:48.753+0000: 59159.699: [GC 59159.699: [ParNew: 5152529K->151202K(5662336K), 0.1758990 secs] 8433015K->3438045K(16148096K), 0.1761460 secs] [Times: user=0.67 sys=0.01, real=0.18 secs] 
2014-11-29T22:49:58.704+0000: 59289.650: [GC 59289.650: [ParNew: 5184418K->141848K(5662336K), 0.1348730 secs] 8471261K->3434976K(16148096K), 0.1351070 secs] [Times: user=0.50 sys=0.01, real=0.13 secs] 
2014-11-29T22:52:08.210+0000: 59419.156: [GC 59419.156: [ParNew: 5175064K->145782K(5662336K), 0.1902790 secs] 8468192K->3446197K(16148096K), 0.1905570 secs] [Times: user=0.72 sys=0.00, real=0.20 secs] 
2014-11-29T22:53:50.811+0000: 59521.757: [GC 59521.757: [ParNew: 5178998K->171437K(5662336K), 0.1939780 secs] 8479413K->3478775K(16148096K), 0.1942280 secs] [Times: user=0.74 sys=0.00, real=0.20 secs] 
2014-11-29T22:55:46.810+0000: 59637.756: [GC 59637.756: [ParNew: 5204653K->140145K(5662336K), 0.1705240 secs] 8511991K->3454284K(16148096K), 0.1707690 secs] [Times: user=0.64 sys=0.01, real=0.17 secs] 
2014-11-29T22:57:52.785+0000: 59763.731: [GC 59763.731: [ParNew: 5173361K->159020K(5662336K), 0.1819260 secs] 8487500K->3480812K(16148096K), 0.1821720 secs] [Times: user=0.68 sys=0.00, real=0.19 secs] 
2014-11-29T23:00:04.131+0000: 59895.077: [GC 59895.077: [ParNew: 5192236K->122861K(5662336K), 0.1665390 secs] 8514028K->3451296K(16148096K), 0.1667830 secs] [Times: user=0.62 sys=0.01, real=0.17 secs] 
2014-11-29T23:01:27.558+0000: 59978.504: [GC 59978.504: [ParNew: 5156077K->124016K(5662336K), 0.1600630 secs] 8484512K->3459879K(16148096K), 0.1602890 secs] [Times: user=0.61 sys=0.00, real=0.16 secs] 
2014-11-29T23:03:37.034+0000: 60107.980: [GC 60107.980: [ParNew: 5157232K->133738K(5662336K), 0.1875320 secs] 8493095K->3476695K(16148096K), 0.1877900 secs] [Times: user=0.70 sys=0.01, real=0.18 secs] 
2014-11-29T23:05:32.793+0000: 60223.739: [GC 60223.740: [ParNew: 5166954K->125912K(5662336K), 0.1906260 secs] 8509911K->3475821K(16148096K), 0.1908830 secs] [Times: user=0.72 sys=0.01, real=0.19 secs] 
2014-11-29T23:07:28.027+0000: 60338.973: [GC 60338.973: [ParNew: 5159128K->123921K(5662336K), 0.1882950 secs] 8509037K->3482436K(16148096K), 0.1885490 secs] [Times: user=0.71 sys=0.01, real=0.19 secs] 
2014-11-29T23:09:24.155+0000: 60455.101: [GC 60455.102: [ParNew: 5157137K->168367K(5662336K), 0.1404170 secs] 8515652K->3531535K(16148096K), 0.1406210 secs] [Times: user=0.53 sys=0.01, real=0.14 secs] 
2014-11-29T23:11:24.100+0000: 60575.046: [GC 60575.046: [ParNew: 5201583K->123044K(5662336K), 0.1770210 secs] 8564751K->3493259K(16148096K), 0.1772520 secs] [Times: user=0.68 sys=0.00, real=0.18 secs] 
2014-11-29T23:13:21.331+0000: 60692.277: [GC 60692.277: [ParNew: 5156017K->155634K(5662336K), 0.1893100 secs] 8526231K->3534201K(16148096K), 0.1895660 secs] [Times: user=0.72 sys=0.01, real=0.19 secs] 
2014-11-29T23:15:22.231+0000: 60813.177: [GC 60813.177: [ParNew: 5188850K->147928K(5662336K), 0.1830600 secs] 8567417K->3533182K(16148096K), 0.1833050 secs] [Times: user=0.69 sys=0.00, real=0.18 secs] 
2014-11-29T23:17:18.588+0000: 60929.533: [GC 60929.534: [ParNew: 5181144K->145428K(5662336K), 0.1997250 secs] 8566398K->3537228K(16148096K), 0.1999820 secs] [Times: user=0.76 sys=0.00, real=0.20 secs] 
2014-11-29T23:19:19.362+0000: 61050.308: [GC 61050.308: [ParNew: 5178644K->152831K(5662336K), 0.2031330 secs] 8570444K->3551397K(16148096K), 0.2033780 secs] [Times: user=0.77 sys=0.01, real=0.20 secs] 
2014-11-29T23:21:15.909+0000: 61166.855: [GC 61166.856: [ParNew: 5186047K->131610K(5662336K), 0.1735770 secs] 8584613K->3536895K(16148096K), 0.1738230 secs] [Times: user=0.66 sys=0.00, real=0.17 secs] 
2014-11-29T23:23:02.378+0000: 61273.324: [GC 61273.324: [ParNew: 5164826K->149030K(5662336K), 0.1590820 secs] 8570111K->3560889K(16148096K), 0.1593020 secs] [Times: user=0.60 sys=0.00, real=0.16 secs] 
2014-11-29T23:24:52.295+0000: 61383.241: [GC 61383.241: [ParNew: 5182246K->126218K(5662336K), 0.1743470 secs] 8594105K->3545238K(16148096K), 0.1745860 secs] [Times: user=0.67 sys=0.00, real=0.17 secs] 
2014-11-29T23:26:55.966+0000: 61506.912: [GC 61506.912: [ParNew: 5159434K->123444K(5662336K), 0.1904270 secs] 8578454K->3549500K(16148096K), 0.1906760 secs] [Times: user=0.71 sys=0.01, real=0.19 secs] 
2014-11-29T23:28:57.290+0000: 61628.236: [GC 61628.236: [ParNew: 5156660K->147582K(5662336K), 0.1887490 secs] 8582716K->3580687K(16148096K), 0.1889970 secs] [Times: user=0.71 sys=0.01, real=0.19 secs] 
2014-11-29T23:30:55.286+0000: 61746.232: [GC 61746.232: [ParNew: 5180798K->122785K(5662336K), 0.1890190 secs] 8613903K->3563869K(16148096K), 0.1892730 secs] [Times: user=0.71 sys=0.00, real=0.19 secs] 
2014-11-29T23:32:50.077+0000: 61861.023: [GC 61861.023: [ParNew: 5156001K->145858K(5662336K), 0.1752880 secs] 8597085K->3593413K(16148096K), 0.1755440 secs] [Times: user=0.67 sys=0.00, real=0.18 secs] 
2014-11-29T23:35:03.784+0000: 61994.730: [GC 61994.730: [ParNew: 5179074K->168765K(5662336K), 0.1851380 secs] 8626629K->3623253K(16148096K), 0.1854040 secs] [Times: user=0.71 sys=0.00, real=0.19 secs] 
2014-11-29T23:37:08.432+0000: 62119.378: [GC 62119.378: [ParNew: 5201981K->151364K(5662336K), 0.1902400 secs] 8656469K->3612999K(16148096K), 0.1904910 secs] [Times: user=0.71 sys=0.01, real=0.19 secs] 
2014-11-29T23:39:19.009+0000: 62249.955: [GC 62249.956: [ParNew: 5184580K->203620K(5662336K), 0.2038380 secs] 8646215K->3671618K(16148096K), 0.2040920 secs] [Times: user=0.77 sys=0.00, real=0.21 secs] 
2014-11-29T23:41:17.384+0000: 62368.330: [GC 62368.330: [ParNew: 5236836K->134020K(5662336K), 0.1701740 secs] 8704834K->3609041K(16148096K), 0.1704290 secs] [Times: user=0.65 sys=0.00, real=0.17 secs] 
2014-11-29T23:43:18.050+0000: 62488.996: [GC 62488.997: [ParNew: 5167236K->162636K(5662336K), 0.1947960 secs] 8642257K->3650232K(16148096K), 0.1950470 secs] [Times: user=0.74 sys=0.00, real=0.20 secs] 
2014-11-29T23:45:15.763+0000: 62606.709: [GC 62606.709: [ParNew: 5195852K->145905K(5662336K), 0.1552040 secs] 8683448K->3641195K(16148096K), 0.1554490 secs] [Times: user=0.58 sys=0.00, real=0.16 secs] 
2014-11-29T23:47:20.117+0000: 62731.063: [GC 62731.063: [ParNew: 5179121K->121139K(5662336K), 0.1824910 secs] 8674411K->3622694K(16148096K), 0.1827370 secs] [Times: user=0.70 sys=0.00, real=0.18 secs] 
2014-11-29T23:49:09.289+0000: 62840.235: [GC 62840.235: [ParNew: 5154355K->144687K(5662336K), 0.1325680 secs] 8655910K->3653778K(16148096K), 0.1328090 secs] [Times: user=0.50 sys=0.00, real=0.14 secs] 
2014-11-29T23:51:09.585+0000: 62960.531: [GC 62960.531: [ParNew: 5177903K->144766K(5662336K), 0.1908140 secs] 8686994K->3661890K(16148096K), 0.1910720 secs] [Times: user=0.71 sys=0.00, real=0.20 secs] 
2014-11-29T23:53:09.431+0000: 63080.377: [GC 63080.377: [ParNew: 5177982K->165096K(5662336K), 0.1695220 secs] 8695106K->3688435K(16148096K), 0.1697690 secs] [Times: user=0.64 sys=0.00, real=0.17 secs] 
2014-11-29T23:55:13.036+0000: 63203.982: [GC 63203.982: [ParNew: 5198312K->150380K(5662336K), 0.1792640 secs] 8721651K->3679908K(16148096K), 0.1795120 secs] [Times: user=0.68 sys=0.00, real=0.18 secs] 
2014-11-29T23:56:51.071+0000: 63302.017: [GC 63302.017: [ParNew: 5183596K->180931K(5662336K), 0.1719050 secs] 8713124K->3717221K(16148096K), 0.1721540 secs] [Times: user=0.65 sys=0.00, real=0.18 secs] 
2014-11-29T23:57:52.732+0000: 63363.678: [GC 63363.678: [ParNew: 5214120K->135394K(5662336K), 0.1834190 secs] 8750410K->3678458K(16148096K), 0.1836660 secs] [Times: user=0.70 sys=0.01, real=0.18 secs] 
2014-11-29T23:59:04.756+0000: 63435.702: [GC 63435.702: [ParNew: 5168610K->146932K(5662336K), 0.1504090 secs] 8711674K->3702010K(16148096K), 0.1506550 secs] [Times: user=0.56 sys=0.01, real=0.15 secs] 
2014-11-30T00:00:33.529+0000: 63524.475: [GC 63524.476: [ParNew: 5180148K->145966K(5662336K), 0.1857960 secs] 8735226K->3708621K(16148096K), 0.1860660 secs] [Times: user=0.71 sys=0.00, real=0.19 secs] 
2014-11-30T00:02:35.409+0000: 63646.355: [GC 63646.355: [ParNew: 5179182K->120398K(5662336K), 0.1851170 secs] 8741837K->3691676K(16148096K), 0.1853620 secs] [Times: user=0.70 sys=0.01, real=0.18 secs] 
2014-11-30T00:04:48.869+0000: 63779.815: [GC 63779.815: [ParNew: 5153614K->140299K(5662336K), 0.1838950 secs] 8724892K->3716847K(16148096K), 0.1841870 secs] [Times: user=0.70 sys=0.00, real=0.18 secs] 
2014-11-30T00:06:47.809+0000: 63898.755: [GC 63898.755: [ParNew: 5173515K->143395K(5662336K), 0.1334830 secs] 8750063K->3725159K(16148096K), 0.1337260 secs] [Times: user=0.50 sys=0.00, real=0.14 secs] 
2014-11-30T00:08:38.745+0000: 64009.690: [GC 64009.691: [ParNew: 5176611K->123299K(5662336K), 0.1723600 secs] 8758375K->3711289K(16148096K), 0.1726080 secs] [Times: user=0.65 sys=0.00, real=0.18 secs] 
2014-11-30T00:10:25.998+0000: 64116.944: [GC 64116.944: [ParNew: 5156287K->149328K(5662336K), 0.1773200 secs] 8744276K->3745116K(16148096K), 0.1775820 secs] [Times: user=0.66 sys=0.00, real=0.18 secs] 
2014-11-30T00:12:26.787+0000: 64237.733: [GC 64237.733: [ParNew: 5182544K->148642K(5662336K), 0.1938050 secs] 8778332K->3753289K(16148096K), 0.1940550 secs] [Times: user=0.72 sys=0.01, real=0.20 secs] 
2014-11-30T00:14:20.174+0000: 64351.120: [GC 64351.120: [ParNew: 5181858K->121752K(5662336K), 0.1915440 secs] 8786505K->3733415K(16148096K), 0.1918000 secs] [Times: user=0.72 sys=0.00, real=0.19 secs] 
2014-11-30T00:16:25.312+0000: 64476.258: [GC 64476.258: [ParNew: 5154968K->168728K(5662336K), 0.1704450 secs] 8766631K->3787214K(16148096K), 0.1706870 secs] [Times: user=0.65 sys=0.00, real=0.17 secs] 
2014-11-30T00:18:13.220+0000: 64584.166: [GC 64584.166: [ParNew: 5201944K->136130K(5662336K), 0.1928050 secs] 8820430K->3761695K(16148096K), 0.1930660 secs] [Times: user=0.72 sys=0.01, real=0.19 secs] 
2014-11-30T00:19:45.222+0000: 64676.168: [GC 64676.168: [ParNew: 5169346K->157274K(5662336K), 0.1945910 secs] 8794911K->3789675K(16148096K), 0.1948410 secs] [Times: user=0.73 sys=0.01, real=0.20 secs] 
2014-11-30T00:21:29.594+0000: 64780.540: [GC 64780.540: [ParNew: 5190490K->125159K(5662336K), 0.1938210 secs] 8822891K->3764295K(16148096K), 0.1940890 secs] [Times: user=0.73 sys=0.01, real=0.19 secs] 
2014-11-30T00:23:12.763+0000: 64883.709: [GC 64883.709: [ParNew: 5158375K->151934K(5662336K), 0.1537080 secs] 8797511K->3798499K(16148096K), 0.1539880 secs] [Times: user=0.58 sys=0.01, real=0.16 secs] 
2014-11-30T00:24:54.375+0000: 64985.321: [GC 64985.321: [ParNew: 5185150K->177725K(5662336K), 0.1959760 secs] 8831715K->3831696K(16148096K), 0.1962280 secs] [Times: user=0.73 sys=0.01, real=0.20 secs] 
2014-11-30T00:26:37.370+0000: 65088.316: [GC 65088.316: [ParNew: 5210941K->160667K(5662336K), 0.1919890 secs] 8864912K->3822518K(16148096K), 0.1922470 secs] [Times: user=0.72 sys=0.01, real=0.20 secs] 
2014-11-30T00:28:12.979+0000: 65183.925: [GC 65183.925: [ParNew: 5193883K->160899K(5662336K), 0.1880890 secs] 8855734K->3829001K(16148096K), 0.1883400 secs] [Times: user=0.71 sys=0.00, real=0.19 secs] 
2014-11-30T00:30:12.110+0000: 65303.056: [GC 65303.057: [ParNew: 5194115K->160847K(5662336K), 0.1915440 secs] 8862217K->3837545K(16148096K), 0.1918030 secs] [Times: user=0.73 sys=0.01, real=0.19 secs] 
2014-11-30T00:32:08.632+0000: 65419.577: [GC 65419.578: [ParNew: 5194063K->132442K(5662336K), 0.1930760 secs] 8870761K->3823301K(16148096K), 0.1933200 secs] [Times: user=0.73 sys=0.01, real=0.19 secs] 
2014-11-30T00:34:05.758+0000: 65536.704: [GC 65536.705: [ParNew: 5165658K->176999K(5662336K), 0.1928420 secs] 8856517K->3876209K(16148096K), 0.1930880 secs] [Times: user=0.73 sys=0.00, real=0.19 secs] 
2014-11-30T00:36:09.561+0000: 65660.507: [GC 65660.507: [ParNew: 5210215K->136405K(5662336K), 0.1908730 secs] 8909425K->3843353K(16148096K), 0.1911420 secs] [Times: user=0.73 sys=0.00, real=0.19 secs] 
2014-11-30T00:37:59.351+0000: 65770.297: [GC 65770.297: [ParNew: 5169621K->138326K(5662336K), 0.1780210 secs] 8876569K->3852097K(16148096K), 0.1782710 secs] [Times: user=0.68 sys=0.00, real=0.18 secs] 
2014-11-30T00:40:04.546+0000: 65895.492: [GC 65895.492: [ParNew: 5171542K->166174K(5662336K), 0.1931090 secs] 8885313K->3887535K(16148096K), 0.1933590 secs] [Times: user=0.73 sys=0.00, real=0.19 secs] 
2014-11-30T00:41:53.053+0000: 66003.999: [GC 66003.999: [ParNew: 5199390K->137900K(5662336K), 0.1943960 secs] 8920751K->3877677K(16148096K), 0.1946460 secs] [Times: user=0.73 sys=0.02, real=0.20 secs] 
2014-11-30T00:43:45.086+0000: 66116.032: [GC 66116.032: [ParNew: 5171116K->127051K(5662336K), 0.1927370 secs] 8910893K->3874353K(16148096K), 0.1929900 secs] [Times: user=0.73 sys=0.00, real=0.19 secs] 
2014-11-30T00:45:42.350+0000: 66233.296: [GC 66233.296: [ParNew: 5160267K->123894K(5662336K), 0.1899650 secs] 8907569K->3878334K(16148096K), 0.1902210 secs] [Times: user=0.71 sys=0.01, real=0.19 secs] 
2014-11-30T00:47:50.290+0000: 66361.236: [GC 66361.237: [ParNew: 5157110K->123052K(5662336K), 0.1690530 secs] 8911550K->3883782K(16148096K), 0.1692990 secs] [Times: user=0.64 sys=0.00, real=0.17 secs] 
2014-11-30T00:49:59.183+0000: 66490.129: [GC 66490.129: [ParNew: 5156268K->123235K(5662336K), 0.1710280 secs] 8916998K->3890658K(16148096K), 0.1712780 secs] [Times: user=0.65 sys=0.00, real=0.17 secs] 
2014-11-30T00:52:02.637+0000: 66613.583: [GC 66613.583: [ParNew: 5156451K->121522K(5662336K), 0.1857430 secs] 8923874K->3896654K(16148096K), 0.1859640 secs] [Times: user=0.71 sys=0.00, real=0.18 secs] 
2014-11-30T00:54:10.755+0000: 66741.701: [GC 66741.701: [ParNew: 5154738K->120548K(5662336K), 0.1511700 secs] 8929870K->3904394K(16148096K), 0.1513860 secs] [Times: user=0.57 sys=0.00, real=0.15 secs] 
2014-11-30T00:56:11.061+0000: 66862.007: [GC 66862.007: [ParNew: 5153764K->117190K(5662336K), 0.1751080 secs] 8937610K->3907101K(16148096K), 0.1753580 secs] [Times: user=0.67 sys=0.00, real=0.17 secs] 
2014-11-30T00:58:17.136+0000: 66988.082: [GC 66988.082: [ParNew: 5150406K->139657K(5662336K), 0.1854490 secs] 8940317K->3935207K(16148096K), 0.1856990 secs] [Times: user=0.71 sys=0.00, real=0.19 secs] 
2014-11-30T01:00:07.970+0000: 67098.916: [GC 67098.916: [ParNew: 5172873K->141160K(5662336K), 0.1467570 secs] 8968423K->3942924K(16148096K), 0.1469740 secs] [Times: user=0.56 sys=0.00, real=0.15 secs] 
2014-11-30T01:01:50.633+0000: 67201.579: [GC 67201.579: [ParNew: 5174376K->142921K(5662336K), 0.1881980 secs] 8976140K->3950641K(16148096K), 0.1884560 secs] [Times: user=0.71 sys=0.00, real=0.19 secs] 
2014-11-30T01:03:45.154+0000: 67316.100: [GC 67316.100: [ParNew: 5176137K->119044K(5662336K), 0.1852790 secs] 8983857K->3933702K(16148096K), 0.1855300 secs] [Times: user=0.71 sys=0.01, real=0.18 secs] 
2014-11-30T01:05:47.916+0000: 67438.862: [GC 67438.862: [ParNew: 5152260K->142048K(5662336K), 0.1845960 secs] 8966918K->3962918K(16148096K), 0.1848550 secs] [Times: user=0.70 sys=0.00, real=0.19 secs] 
2014-11-30T01:07:46.410+0000: 67557.355: [GC 67557.356: [ParNew: 5175264K->118190K(5662336K), 0.1836560 secs] 8996134K->3945152K(16148096K), 0.1839150 secs] [Times: user=0.70 sys=0.01, real=0.19 secs] 
2014-11-30T01:10:04.493+0000: 67695.439: [GC 67695.439: [ParNew: 5151406K->117195K(5662336K), 0.1728130 secs] 8978368K->3952168K(16148096K), 0.1730620 secs] [Times: user=0.66 sys=0.01, real=0.17 secs] 
2014-11-30T01:12:09.422+0000: 67820.368: [GC 67820.368: [ParNew: 5150411K->115046K(5662336K), 0.1257330 secs] 8985384K->3955671K(16148096K), 0.1259400 secs] [Times: user=0.47 sys=0.00, real=0.12 secs] 
2014-11-30T01:14:26.106+0000: 67957.052: [GC 67957.052: [ParNew: 5148262K->137788K(5662336K), 0.1869020 secs] 8988887K->3984296K(16148096K), 0.1871430 secs] [Times: user=0.72 sys=0.00, real=0.19 secs] 
2014-11-30T01:16:32.205+0000: 68083.151: [GC 68083.151: [ParNew: 5171004K->160711K(5662336K), 0.1916940 secs] 9017512K->4013189K(16148096K), 0.1919660 secs] [Times: user=0.72 sys=0.00, real=0.19 secs] 
2014-11-30T01:18:40.014+0000: 68210.960: [GC 68210.960: [ParNew: 5193927K->116361K(5662336K), 0.1810830 secs] 9046405K->3974108K(16148096K), 0.1813440 secs] [Times: user=0.70 sys=0.01, real=0.18 secs] 
2014-11-30T01:20:30.160+0000: 68321.106: [GC 68321.106: [ParNew: 5149577K->150826K(5662336K), 0.1804640 secs] 9007324K->4015636K(16148096K), 0.1807200 secs] [Times: user=0.68 sys=0.00, real=0.18 secs] 
2014-11-30T01:22:30.267+0000: 68441.213: [GC 68441.213: [ParNew: 5184042K->141221K(5662336K), 0.1835900 secs] 9048852K->4012085K(16148096K), 0.1838450 secs] [Times: user=0.70 sys=0.00, real=0.18 secs] 
2014-11-30T01:24:40.648+0000: 68571.594: [GC 68571.594: [ParNew: 5174437K->122440K(5662336K), 0.1883920 secs] 9045301K->4000023K(16148096K), 0.1886500 secs] [Times: user=0.71 sys=0.00, real=0.19 secs] 
2014-11-30T01:26:56.985+0000: 68707.931: [GC 68707.931: [ParNew: 5155656K->122171K(5662336K), 0.1903830 secs] 9033239K->4006653K(16148096K), 0.1906390 secs] [Times: user=0.73 sys=0.00, real=0.19 secs] 
2014-11-30T01:29:10.598+0000: 68841.544: [GC 68841.544: [ParNew: 5155387K->145437K(5662336K), 0.1505200 secs] 9039869K->4036774K(16148096K), 0.1507300 secs] [Times: user=0.57 sys=0.00, real=0.15 secs] 
2014-11-30T01:31:13.580+0000: 68964.526: [GC 68964.527: [ParNew: 5178653K->147234K(5662336K), 0.1548470 secs] 9069990K->4046258K(16148096K), 0.1550560 secs] [Times: user=0.60 sys=0.00, real=0.16 secs] 
2014-11-30T01:33:18.691+0000: 69089.637: [GC 69089.637: [ParNew: 5180450K->169244K(5662336K), 0.1882470 secs] 9079474K->4074978K(16148096K), 0.1885040 secs] [Times: user=0.72 sys=0.00, real=0.19 secs] 
2014-11-30T01:35:24.297+0000: 69215.243: [GC 69215.243: [ParNew: 5202460K->123345K(5662336K), 0.1858650 secs] 9108194K->4036911K(16148096K), 0.1861140 secs] [Times: user=0.71 sys=0.00, real=0.18 secs] 
2014-11-30T01:37:40.010+0000: 69350.956: [GC 69350.956: [ParNew: 5156561K->149964K(5662336K), 0.1642480 secs] 9070127K->4069928K(16148096K), 0.1644790 secs] [Times: user=0.63 sys=0.00, real=0.17 secs] 
2014-11-30T01:39:42.941+0000: 69473.886: [GC 69473.887: [ParNew: 5183180K->137433K(5662336K), 0.1853300 secs] 9103144K->4064025K(16148096K), 0.1855830 secs] [Times: user=0.70 sys=0.00, real=0.18 secs] 
2014-11-30T01:41:48.541+0000: 69599.487: [GC 69599.487: [ParNew: 5170649K->124991K(5662336K), 0.1845110 secs] 9097241K->4057103K(16148096K), 0.1847520 secs] [Times: user=0.70 sys=0.01, real=0.18 secs] 
2014-11-30T01:44:05.033+0000: 69735.979: [GC 69735.979: [ParNew: 5158207K->122796K(5662336K), 0.1658180 secs] 9090319K->4061291K(16148096K), 0.1660430 secs] [Times: user=0.64 sys=0.00, real=0.17 secs] 
2014-11-30T01:46:13.097+0000: 69864.043: [GC 69864.043: [ParNew: 5156012K->145782K(5662336K), 0.1853530 secs] 9094507K->4090777K(16148096K), 0.1856030 secs] [Times: user=0.71 sys=0.00, real=0.19 secs] 
2014-11-30T01:48:10.949+0000: 69981.895: [GC 69981.895: [ParNew: 5178998K->122785K(5662336K), 0.1868020 secs] 9123993K->4074981K(16148096K), 0.1870590 secs] [Times: user=0.70 sys=0.00, real=0.18 secs] 
2014-11-30T01:50:28.086+0000: 70119.032: [GC 70119.032: [ParNew: 5156001K->122122K(5662336K), 0.1930180 secs] 9108197K->4080915K(16148096K), 0.1932640 secs] [Times: user=0.73 sys=0.01, real=0.20 secs] 
2014-11-30T01:52:36.541+0000: 70247.487: [GC 70247.487: [ParNew: 5155338K->143871K(5662336K), 0.1742210 secs] 9114131K->4108376K(16148096K), 0.1744480 secs] [Times: user=0.67 sys=0.01, real=0.18 secs] 
2014-11-30T01:54:40.454+0000: 70371.400: [GC 70371.400: [ParNew: 5177087K->144688K(5662336K), 0.1670800 secs] 9141592K->4115413K(16148096K), 0.1673210 secs] [Times: user=0.64 sys=0.01, real=0.17 secs] 
2014-11-30T01:56:41.386+0000: 70492.332: [GC 70492.333: [ParNew: 5177904K->147077K(5662336K), 0.1833310 secs] 9148629K->4124040K(16148096K), 0.1835790 secs] [Times: user=0.70 sys=0.00, real=0.19 secs] 
2014-11-30T01:58:30.187+0000: 70601.133: [GC 70601.133: [ParNew: 5180293K->145694K(5662336K), 0.1806020 secs] 9157256K->4129911K(16148096K), 0.1808360 secs] [Times: user=0.69 sys=0.00, real=0.18 secs] 
2014-11-30T02:00:04.918+0000: 70695.864: [GC 70695.864: [ParNew: 5178910K->122459K(5662336K), 0.1873300 secs] 9163127K->4114523K(16148096K), 0.1875790 secs] [Times: user=0.71 sys=0.00, real=0.19 secs] 
2014-11-30T02:01:43.928+0000: 70794.874: [GC 70794.874: [ParNew: 5155675K->144050K(5662336K), 0.1861330 secs] 9147739K->4142484K(16148096K), 0.1863710 secs] [Times: user=0.72 sys=0.00, real=0.18 secs] 
2014-11-30T02:04:06.625+0000: 70937.571: [GC 70937.571: [ParNew: 5177266K->142337K(5662336K), 0.1648140 secs] 9175700K->4148243K(16148096K), 0.1650680 secs] [Times: user=0.64 sys=0.00, real=0.17 secs] 
2014-11-30T02:06:10.896+0000: 71061.842: [GC 71061.842: [ParNew: 5175553K->149141K(5662336K), 0.1860870 secs] 9181459K->4161491K(16148096K), 0.1863450 secs] [Times: user=0.71 sys=0.01, real=0.18 secs] 
2014-11-30T02:08:10.431+0000: 71181.377: [GC 71181.377: [ParNew: 5182357K->124700K(5662336K), 0.1833170 secs] 9194707K->4143615K(16148096K), 0.1835730 secs] [Times: user=0.70 sys=0.01, real=0.18 secs] 
2014-11-30T02:10:11.975+0000: 71302.921: [GC 71302.921: [ParNew: 5157916K->148375K(5662336K), 0.1829580 secs] 9176831K->4172641K(16148096K), 0.1831940 secs] [Times: user=0.70 sys=0.00, real=0.19 secs] 
2014-11-30T02:11:48.694+0000: 71399.640: [GC 71399.640: [ParNew: 5181591K->152491K(5662336K), 0.1911910 secs] 9205857K->4187745K(16148096K), 0.1914450 secs] [Times: user=0.72 sys=0.00, real=0.19 secs] 
2014-11-30T02:13:15.115+0000: 71486.061: [GC 71486.062: [ParNew: 5185707K->127859K(5662336K), 0.1817780 secs] 9220961K->4169585K(16148096K), 0.1820350 secs] [Times: user=0.70 sys=0.01, real=0.18 secs] 
2014-11-30T02:15:10.457+0000: 71601.403: [GC 71601.403: [ParNew: 5161075K->149141K(5662336K), 0.1921840 secs] 9202801K->4196526K(16148096K), 0.1924370 secs] [Times: user=0.73 sys=0.00, real=0.19 secs] 
2014-11-30T02:17:06.628+0000: 71717.574: [GC 71717.574: [ParNew: 5182357K->156069K(5662336K), 0.1848270 secs] 9229742K->4209646K(16148096K), 0.1850860 secs] [Times: user=0.71 sys=0.00, real=0.19 secs] 
2014-11-30T02:19:26.188+0000: 71857.134: [GC 71857.134: [ParNew: 5189285K->159811K(5662336K), 0.1692340 secs] 9242862K->4223230K(16148096K), 0.1694820 secs] [Times: user=0.65 sys=0.00, real=0.17 secs] 
2014-11-30T02:21:26.639+0000: 71977.585: [GC 71977.585: [ParNew: 5193027K->154513K(5662336K), 0.1481200 secs] 9256446K->4225104K(16148096K), 0.1483390 secs] [Times: user=0.56 sys=0.00, real=0.15 secs] 
2014-11-30T02:23:26.614+0000: 72097.560: [GC 72097.560: [ParNew: 5187729K->127423K(5662336K), 0.1880440 secs] 9258320K->4211596K(16148096K), 0.1883010 secs] [Times: user=0.71 sys=0.01, real=0.18 secs] 
2014-11-30T02:25:41.391+0000: 72232.337: [GC 72232.338: [ParNew: 5160639K->142248K(5662336K), 0.1908400 secs] 9244812K->4233355K(16148096K), 0.1911140 secs] [Times: user=0.73 sys=0.00, real=0.19 secs] 
2014-11-30T02:27:54.368+0000: 72365.314: [GC 72365.314: [ParNew: 5175464K->144130K(5662336K), 0.1885560 secs] 9266571K->4240980K(16148096K), 0.1888150 secs] [Times: user=0.72 sys=0.00, real=0.19 secs] 
2014-11-30T02:30:04.646+0000: 72495.592: [GC 72495.592: [ParNew: 5177346K->121066K(5662336K), 0.1891370 secs] 9274196K->4224264K(16148096K), 0.1894030 secs] [Times: user=0.72 sys=0.01, real=0.19 secs] 
2014-11-30T02:32:06.810+0000: 72617.756: [GC 72617.756: [ParNew: 5154282K->144257K(5662336K), 0.1518200 secs] 9257480K->4254751K(16148096K), 0.1520550 secs] [Times: user=0.58 sys=0.00, real=0.15 secs] 
2014-11-30T02:33:59.108+0000: 72730.054: [GC 72730.055: [ParNew: 5177473K->120482K(5662336K), 0.1750020 secs] 9287967K->4239426K(16148096K), 0.1752320 secs] [Times: user=0.67 sys=0.01, real=0.17 secs] 
2014-11-30T02:35:52.632+0000: 72843.578: [GC 72843.579: [ParNew: 5153698K->118232K(5662336K), 0.1638820 secs] 9272642K->4243145K(16148096K), 0.1641320 secs] [Times: user=0.63 sys=0.00, real=0.16 secs] 
2014-11-30T02:38:05.729+0000: 72976.675: [GC 72976.675: [ParNew: 5151448K->117049K(5662336K), 0.1764470 secs] 9276361K->4248650K(16148096K), 0.1766900 secs] [Times: user=0.68 sys=0.01, real=0.18 secs] 
2014-11-30T02:40:11.524+0000: 73102.470: [GC 73102.470: [ParNew: 5150265K->161366K(5662336K), 0.1666370 secs] 9281866K->4300055K(16148096K), 0.1668960 secs] [Times: user=0.63 sys=0.01, real=0.17 secs] 
2014-11-30T02:42:20.400+0000: 73231.346: [GC 73231.346: [ParNew: 5194582K->116675K(5662336K), 0.1690040 secs] 9333271K->4261089K(16148096K), 0.1692400 secs] [Times: user=0.65 sys=0.00, real=0.17 secs] 
2014-11-30T02:44:36.617+0000: 73367.563: [GC 73367.563: [ParNew: 5149891K->144176K(5662336K), 0.1829030 secs] 9294305K->4294464K(16148096K), 0.1831550 secs] [Times: user=0.71 sys=0.00, real=0.18 secs] 
2014-11-30T02:46:38.225+0000: 73489.171: [GC 73489.171: [ParNew: 5177392K->132975K(5662336K), 0.1876140 secs] 9327680K->4288483K(16148096K), 0.1878750 secs] [Times: user=0.71 sys=0.00, real=0.19 secs] 
2014-11-30T02:48:49.229+0000: 73620.175: [GC 73620.175: [ParNew: 5166191K->138709K(5662336K), 0.1876510 secs] 9321699K->4300279K(16148096K), 0.1879270 secs] [Times: user=0.71 sys=0.01, real=0.19 secs] 
2014-11-30T02:50:53.112+0000: 73744.058: [GC 73744.058: [ParNew: 5171925K->141028K(5662336K), 0.1885420 secs] 9333495K->4308939K(16148096K), 0.1887880 secs] [Times: user=0.71 sys=0.01, real=0.19 secs] 
2014-11-30T02:52:55.521+0000: 73866.467: [GC 73866.467: [ParNew: 5174244K->165854K(5662336K), 0.1882040 secs] 9342155K->4339871K(16148096K), 0.1884620 secs] [Times: user=0.71 sys=0.00, real=0.18 secs] 
2014-11-30T02:54:55.752+0000: 73986.698: [GC 73986.698: [ParNew: 5199070K->153225K(5662336K), 0.1985710 secs] 9373087K->4334238K(16148096K), 0.1988300 secs] [Times: user=0.75 sys=0.01, real=0.20 secs] 
2014-11-30T02:57:05.508+0000: 74116.454: [GC 74116.454: [ParNew: 5186441K->156436K(5662336K), 0.1873290 secs] 9367454K->4345050K(16148096K), 0.1875930 secs] [Times: user=0.72 sys=0.01, real=0.19 secs] 
2014-11-30T02:59:03.493+0000: 74234.439: [GC 74234.439: [ParNew: 5189652K->182669K(5662336K), 0.1881610 secs] 9378266K->4377620K(16148096K), 0.1884320 secs] [Times: user=0.72 sys=0.00, real=0.19 secs] 
2014-11-30T03:00:20.426+0000: 74311.371: [GC 74311.372: [ParNew: 5215885K->133562K(5662336K), 0.1892750 secs] 9410836K->4340992K(16148096K), 0.1895160 secs] [Times: user=0.72 sys=0.01, real=0.19 secs] 
2014-11-30T03:02:07.505+0000: 74418.451: [GC 74418.451: [ParNew: 5166778K->157129K(5662336K), 0.1890430 secs] 9374208K->4371476K(16148096K), 0.1892900 secs] [Times: user=0.72 sys=0.01, real=0.19 secs] 
2014-11-30T03:04:17.614+0000: 74548.560: [GC 74548.560: [ParNew: 5190345K->120085K(5662336K), 0.1726830 secs] 9404692K->4341462K(16148096K), 0.1729240 secs] [Times: user=0.67 sys=0.00, real=0.17 secs] 
2014-11-30T03:06:35.060+0000: 74686.006: [GC 74686.006: [ParNew: 5153301K->120377K(5662336K), 0.1878270 secs] 9374678K->4348919K(16148096K), 0.1881070 secs] [Times: user=0.71 sys=0.00, real=0.18 secs] 
2014-11-30T03:08:28.142+0000: 74799.088: [GC 74799.088: [ParNew: 5153593K->144846K(5662336K), 0.1723860 secs] 9382135K->4379637K(16148096K), 0.1726340 secs] [Times: user=0.66 sys=0.01, real=0.17 secs] 
2014-11-30T03:10:05.712+0000: 74896.658: [GC 74896.658: [ParNew: 5178062K->146813K(5662336K), 0.1920810 secs] 9412853K->4387825K(16148096K), 0.1923460 secs] [Times: user=0.73 sys=0.00, real=0.19 secs] 
2014-11-30T03:10:23.283+0000: 74914.229: [GC [1 CMS-initial-mark: 4241012K(10485760K)] 5198995K(16148096K), 1.2939100 secs] [Times: user=1.29 sys=0.00, real=1.29 secs] 
2014-11-30T03:10:24.579+0000: 74915.525: [CMS-concurrent-mark-start]
2014-11-30T03:10:26.910+0000: 74917.856: [CMS-concurrent-mark: 2.331/2.331 secs] [Times: user=3.30 sys=0.27, real=2.33 secs] 
2014-11-30T03:10:26.910+0000: 74917.856: [CMS-concurrent-preclean-start]
2014-11-30T03:10:26.953+0000: 74917.899: [CMS-concurrent-preclean: 0.042/0.043 secs] [Times: user=0.05 sys=0.00, real=0.05 secs] 
2014-11-30T03:10:26.953+0000: 74917.899: [CMS-concurrent-abortable-preclean-start]
 CMS: abort preclean due to time 2014-11-30T03:10:32.073+0000: 74923.019: [CMS-concurrent-abortable-preclean: 5.116/5.121 secs] [Times: user=7.08 sys=0.31, real=5.12 secs] 
2014-11-30T03:10:32.078+0000: 74923.024: [GC[YG occupancy: 1255091 K (5662336 K)]74923.024: [Rescan (parallel) , 1.4451490 secs]74924.469: [weak refs processing, 0.0362020 secs]74924.505: [class unloading, 0.1102650 secs]74924.616: [scrub symbol & string tables, 0.1562060 secs] [1 CMS-remark: 4241012K(10485760K)] 5496104K(16148096K), 1.8655260 secs] [Times: user=5.07 sys=0.01, real=1.87 secs] 
2014-11-30T03:10:33.944+0000: 74924.890: [CMS-concurrent-sweep-start]
2014-11-30T03:10:42.707+0000: 74933.652: [CMS-concurrent-sweep: 8.738/8.763 secs] [Times: user=11.66 sys=0.51, real=8.76 secs] 
2014-11-30T03:10:42.707+0000: 74933.653: [CMS-concurrent-reset-start]
2014-11-30T03:10:42.770+0000: 74933.716: [CMS-concurrent-reset: 0.064/0.064 secs] [Times: user=0.04 sys=0.05, real=0.06 secs] 
2014-11-30T03:12:13.279+0000: 75024.225: [GC 75024.225: [ParNew: 5180029K->150736K(5662336K), 0.1716500 secs] 6322996K->1299633K(16148096K), 0.1718710 secs] [Times: user=0.63 sys=0.00, real=0.17 secs] 
2014-11-30T03:14:18.162+0000: 75149.108: [GC 75149.108: [ParNew: 5183952K->125623K(5662336K), 0.1848480 secs] 6332849K->1281041K(16148096K), 0.1851010 secs] [Times: user=0.69 sys=0.00, real=0.18 secs] 
2014-11-30T03:16:11.069+0000: 75262.015: [GC 75262.016: [ParNew: 5158839K->126524K(5662336K), 0.2031960 secs] 6314257K->1289785K(16148096K), 0.2034590 secs] [Times: user=0.76 sys=0.00, real=0.20 secs] 
2014-11-30T03:18:21.937+0000: 75392.883: [GC 75392.883: [ParNew: 5159740K->125540K(5662336K), 0.1823940 secs] 6323001K->1299980K(16148096K), 0.1826650 secs] [Times: user=0.68 sys=0.00, real=0.18 secs] 
2014-11-30T03:20:32.545+0000: 75523.491: [GC 75523.491: [ParNew: 5158756K->120000K(5662336K), 0.1849150 secs] 6333196K->1300848K(16148096K), 0.1851770 secs] [Times: user=0.70 sys=0.00, real=0.18 secs] 
2014-11-30T03:22:39.114+0000: 75650.060: [GC 75650.060: [ParNew: 5153216K->118960K(5662336K), 0.1974670 secs] 6334064K->1306749K(16148096K), 0.1977280 secs] [Times: user=0.73 sys=0.00, real=0.20 secs] 
2014-11-30T03:24:50.219+0000: 75781.165: [GC 75781.165: [ParNew: 5152176K->118273K(5662336K), 0.1798400 secs] 6339965K->1313369K(16148096K), 0.1801020 secs] [Times: user=0.67 sys=0.01, real=0.18 secs] 
2014-11-30T03:26:46.600+0000: 75897.546: [GC 75897.547: [ParNew: 5151489K->139342K(5662336K), 0.1756260 secs] 6346585K->1339909K(16148096K), 0.1758830 secs] [Times: user=0.66 sys=0.00, real=0.18 secs] 
2014-11-30T03:28:51.573+0000: 76022.518: [GC 76022.519: [ParNew: 5171559K->143307K(5662336K), 0.1855140 secs] 6372126K->1349855K(16148096K), 0.1857610 secs] [Times: user=0.70 sys=0.00, real=0.18 secs] 
2014-11-30T03:30:44.183+0000: 76135.129: [GC 76135.129: [ParNew: 5176138K->150636K(5662336K), 0.1933110 secs] 6382686K->1363902K(16148096K), 0.1935690 secs] [Times: user=0.73 sys=0.00, real=0.20 secs] 
2014-11-30T03:32:39.265+0000: 76250.211: [GC 76250.211: [ParNew: 5182639K->152324K(5662336K), 0.1653040 secs] 6395905K->1371658K(16148096K), 0.1655620 secs] [Times: user=0.61 sys=0.00, real=0.17 secs] 
2014-11-30T03:34:52.161+0000: 76383.107: [GC 76383.107: [ParNew: 5185540K->127623K(5662336K), 0.1824680 secs] 6404874K->1355641K(16148096K), 0.1827210 secs] [Times: user=0.69 sys=0.00, real=0.18 secs] 
2014-11-30T03:37:05.401+0000: 76516.347: [GC 76516.347: [ParNew: 5159088K->121699K(5662336K), 0.1917270 secs] 6387106K->1357471K(16148096K), 0.1919900 secs] [Times: user=0.72 sys=0.00, real=0.19 secs] 
2014-11-30T03:39:04.294+0000: 76635.240: [GC 76635.240: [ParNew: 5154915K->118723K(5662336K), 0.1947070 secs] 6390687K->1360914K(16148096K), 0.1949560 secs] [Times: user=0.74 sys=0.00, real=0.19 secs] 
2014-11-30T03:41:04.163+0000: 76755.109: [GC 76755.109: [ParNew: 5151939K->118018K(5662336K), 0.1757290 secs] 6394130K->1366960K(16148096K), 0.1759930 secs] [Times: user=0.65 sys=0.00, real=0.18 secs] 
2014-11-30T03:43:05.115+0000: 76876.061: [GC 76876.061: [ParNew: 5151234K->140166K(5662336K), 0.1874480 secs] 6400176K->1394920K(16148096K), 0.1877150 secs] [Times: user=0.71 sys=0.00, real=0.18 secs] 
2014-11-30T03:45:02.202+0000: 76993.148: [GC 76993.148: [ParNew: 5173382K->118801K(5662336K), 0.1926080 secs] 6428136K->1380048K(16148096K), 0.1928730 secs] [Times: user=0.72 sys=0.00, real=0.19 secs] 
2014-11-30T03:46:53.871+0000: 77104.817: [GC 77104.817: [ParNew: 5152017K->143239K(5662336K), 0.1940810 secs] 6413264K->1410188K(16148096K), 0.1943430 secs] [Times: user=0.73 sys=0.00, real=0.20 secs] 
2014-11-30T03:49:01.771+0000: 77232.717: [GC 77232.717: [ParNew: 5176455K->128241K(5662336K), 0.1924860 secs] 6443404K->1401516K(16148096K), 0.1927410 secs] [Times: user=0.73 sys=0.00, real=0.19 secs] 
2014-11-30T03:51:14.978+0000: 77365.924: [GC 77365.924: [ParNew: 5161457K->123321K(5662336K), 0.1442910 secs] 6434732K->1404151K(16148096K), 0.1445190 secs] [Times: user=0.54 sys=0.00, real=0.15 secs] 
2014-11-30T03:53:21.508+0000: 77492.454: [GC 77492.454: [ParNew: 5156537K->119795K(5662336K), 0.1959460 secs] 6437367K->1407533K(16148096K), 0.1962030 secs] [Times: user=0.74 sys=0.00, real=0.19 secs] 
2014-11-30T03:55:34.898+0000: 77625.844: [GC 77625.844: [ParNew: 5153011K->119138K(5662336K), 0.1909810 secs] 6440749K->1414404K(16148096K), 0.1912470 secs] [Times: user=0.71 sys=0.00, real=0.19 secs] 
2014-11-30T03:57:52.774+0000: 77763.720: [GC 77763.720: [ParNew: 5152354K->140784K(5662336K), 0.1933860 secs] 6447620K->1441983K(16148096K), 0.1936430 secs] [Times: user=0.72 sys=0.00, real=0.19 secs] 
2014-11-30T03:59:42.496+0000: 77873.442: [GC 77873.442: [ParNew: 5174000K->118206K(5662336K), 0.1734740 secs] 6475199K->1426417K(16148096K), 0.1737430 secs] [Times: user=0.65 sys=0.00, real=0.18 secs] 
2014-11-30T04:01:10.851+0000: 77961.797: [GC 77961.797: [ParNew: 5151422K->141820K(5662336K), 0.1829900 secs] 6459633K->1456240K(16148096K), 0.1832410 secs] [Times: user=0.70 sys=0.00, real=0.18 secs] 
2014-11-30T04:03:11.440+0000: 78082.386: [GC 78082.386: [ParNew: 5175036K->142555K(5662336K), 0.1600140 secs] 6489456K->1463712K(16148096K), 0.1602670 secs] [Times: user=0.58 sys=0.00, real=0.16 secs] 
2014-11-30T04:05:13.906+0000: 78204.852: [GC 78204.852: [ParNew: 5175771K->144650K(5662336K), 0.1497950 secs] 6496928K->1472747K(16148096K), 0.1500110 secs] [Times: user=0.56 sys=0.00, real=0.15 secs] 
2014-11-30T04:07:19.323+0000: 78330.269: [GC 78330.269: [ParNew: 5177866K->143607K(5662336K), 0.1721500 secs] 6505963K->1478234K(16148096K), 0.1723830 secs] [Times: user=0.64 sys=0.00, real=0.17 secs] 
2014-11-30T04:09:28.043+0000: 78458.989: [GC 78458.989: [ParNew: 5176823K->155720K(5662336K), 0.1824140 secs] 6511450K->1495412K(16148096K), 0.1826510 secs] [Times: user=0.69 sys=0.00, real=0.18 secs] 
2014-11-30T04:11:35.372+0000: 78586.318: [GC 78586.319: [ParNew: 5188936K->153123K(5662336K), 0.1742480 secs] 6528628K->1502003K(16148096K), 0.1744970 secs] [Times: user=0.64 sys=0.00, real=0.18 secs] 
2014-11-30T04:13:52.066+0000: 78723.012: [GC 78723.012: [ParNew: 5186339K->176514K(5662336K), 0.2044670 secs] 6535219K->1532351K(16148096K), 0.2047300 secs] [Times: user=0.77 sys=0.00, real=0.20 secs] 
2014-11-30T04:15:54.356+0000: 78845.302: [GC 78845.302: [ParNew: 5209730K->130403K(5662336K), 0.2070450 secs] 6565567K->1493043K(16148096K), 0.2073140 secs] [Times: user=0.78 sys=0.00, real=0.21 secs] 
2014-11-30T04:18:12.133+0000: 78983.079: [GC 78983.080: [ParNew: 5163619K->143848K(5662336K), 0.1697340 secs] 6526259K->1514541K(16148096K), 0.1699690 secs] [Times: user=0.64 sys=0.00, real=0.17 secs] 
2014-11-30T04:20:34.470+0000: 79125.416: [GC 79125.417: [ParNew: 5177064K->126544K(5662336K), 0.1947810 secs] 6547757K->1506786K(16148096K), 0.1950500 secs] [Times: user=0.73 sys=0.00, real=0.20 secs] 
2014-11-30T04:22:48.305+0000: 79259.250: [GC 79259.251: [ParNew: 5159760K->125243K(5662336K), 0.1905080 secs] 6540002K->1516781K(16148096K), 0.1907660 secs] [Times: user=0.71 sys=0.00, real=0.19 secs] 
2014-11-30T04:25:14.422+0000: 79405.368: [GC 79405.368: [ParNew: 5158459K->121594K(5662336K), 0.1913210 secs] 6549997K->1519896K(16148096K), 0.1915620 secs] [Times: user=0.72 sys=0.00, real=0.20 secs] 
2014-11-30T04:27:30.957+0000: 79541.903: [GC 79541.903: [ParNew: 5154810K->142774K(5662336K), 0.1836770 secs] 6553112K->1546964K(16148096K), 0.1839420 secs] [Times: user=0.69 sys=0.00, real=0.18 secs] 
2014-11-30T04:29:55.993+0000: 79686.938: [GC 79686.939: [ParNew: 5175990K->143518K(5662336K), 0.1780580 secs] 6580180K->1552981K(16148096K), 0.1783100 secs] [Times: user=0.67 sys=0.00, real=0.18 secs] 
2014-11-30T04:32:04.483+0000: 79815.429: [GC 79815.429: [ParNew: 5176734K->145217K(5662336K), 0.1861400 secs] 6586197K->1562896K(16148096K), 0.1864050 secs] [Times: user=0.69 sys=0.00, real=0.19 secs] 
2014-11-30T04:34:12.723+0000: 79943.669: [GC 79943.669: [ParNew: 5178433K->174239K(5662336K), 0.1911250 secs] 6596112K->1598421K(16148096K), 0.1913770 secs] [Times: user=0.72 sys=0.00, real=0.19 secs] 
2014-11-30T04:35:37.524+0000: 80028.470: [GC 80028.470: [ParNew: 5207455K->168286K(5662336K), 0.1734810 secs] 6631637K->1598923K(16148096K), 0.1737440 secs] [Times: user=0.65 sys=0.00, real=0.18 secs] 
2014-11-30T04:36:48.181+0000: 80099.127: [GC 80099.127: [ParNew: 5201502K->146088K(5662336K), 0.1563400 secs] 6632139K->1584118K(16148096K), 0.1565910 secs] [Times: user=0.58 sys=0.00, real=0.16 secs] 
2014-11-30T04:38:08.407+0000: 80179.353: [GC 80179.353: [ParNew: 5179304K->171276K(5662336K), 0.1760540 secs] 6617334K->1619386K(16148096K), 0.1763020 secs] [Times: user=0.66 sys=0.00, real=0.18 secs] 
2014-11-30T04:39:38.590+0000: 80269.536: [GC 80269.537: [ParNew: 5204492K->139823K(5662336K), 0.1866480 secs] 6652602K->1602548K(16148096K), 0.1869170 secs] [Times: user=0.70 sys=0.00, real=0.18 secs] 
2014-11-30T04:41:05.460+0000: 80356.406: [GC 80356.406: [ParNew: 5173039K->155748K(5662336K), 0.1507130 secs] 6635764K->1623474K(16148096K), 0.1509660 secs] [Times: user=0.57 sys=0.00, real=0.16 secs] 
2014-11-30T04:42:19.052+0000: 80429.998: [GC 80429.998: [ParNew: 5188964K->178500K(5662336K), 0.1755490 secs] 6656690K->1651771K(16148096K), 0.1758170 secs] [Times: user=0.67 sys=0.00, real=0.17 secs] 
2014-11-30T04:43:33.816+0000: 80504.762: [GC 80504.762: [ParNew: 5211716K->132431K(5662336K), 0.1811080 secs] 6684987K->1613854K(16148096K), 0.1813750 secs] [Times: user=0.69 sys=0.00, real=0.18 secs] 
2014-11-30T04:44:36.819+0000: 80567.765: [GC 80567.765: [ParNew: 5165647K->141271K(5662336K), 0.1805120 secs] 6647070K->1629120K(16148096K), 0.1807810 secs] [Times: user=0.68 sys=0.00, real=0.19 secs] 
2014-11-30T04:46:16.806+0000: 80667.752: [GC 80667.753: [ParNew: 5174487K->146117K(5662336K), 0.1700330 secs] 6662336K->1639441K(16148096K), 0.1702950 secs] [Times: user=0.64 sys=0.00, real=0.17 secs] 
2014-11-30T04:47:14.423+0000: 80725.369: [GC 80725.369: [ParNew: 5179333K->151341K(5662336K), 0.1718520 secs] 6672657K->1649282K(16148096K), 0.1721240 secs] [Times: user=0.65 sys=0.00, real=0.17 secs] 
2014-11-30T04:48:20.880+0000: 80791.826: [GC 80791.826: [ParNew: 5184557K->129747K(5662336K), 0.1777000 secs] 6682498K->1637495K(16148096K), 0.1779990 secs] [Times: user=0.67 sys=0.00, real=0.17 secs] 
2014-11-30T04:49:34.446+0000: 80865.392: [GC 80865.392: [ParNew: 5162963K->124175K(5662336K), 0.1659120 secs] 6670711K->1635701K(16148096K), 0.1662290 secs] [Times: user=0.64 sys=0.00, real=0.17 secs] 
2014-11-30T04:50:52.636+0000: 80943.582: [GC 80943.582: [ParNew: 5157391K->122600K(5662336K), 0.1789830 secs] 6668917K->1642611K(16148096K), 0.1792480 secs] [Times: user=0.67 sys=0.00, real=0.18 secs] 
2014-11-30T04:51:57.428+0000: 81008.374: [GC 81008.374: [ParNew: 5155816K->119445K(5662336K), 0.1698110 secs] 6675827K->1643907K(16148096K), 0.1700530 secs] [Times: user=0.64 sys=0.00, real=0.17 secs] 
2014-11-30T04:53:03.349+0000: 81074.295: [GC 81074.295: [ParNew: 5152661K->119169K(5662336K), 0.1577630 secs] 6677123K->1648334K(16148096K), 0.1580160 secs] [Times: user=0.61 sys=0.00, real=0.16 secs] 
2014-11-30T04:54:15.498+0000: 81146.444: [GC 81146.444: [ParNew: 5152385K->141184K(5662336K), 0.1733300 secs] 6681550K->1674449K(16148096K), 0.1736040 secs] [Times: user=0.66 sys=0.00, real=0.17 secs] 
2014-11-30T04:55:48.076+0000: 81239.022: [GC 81239.022: [ParNew: 5174400K->148451K(5662336K), 0.1691390 secs] 6707665K->1685882K(16148096K), 0.1693890 secs] [Times: user=0.66 sys=0.00, real=0.17 secs] 
2014-11-30T04:58:08.286+0000: 81379.232: [GC 81379.232: [ParNew: 5181667K->147526K(5662336K), 0.1547380 secs] 6719098K->1689966K(16148096K), 0.1549990 secs] [Times: user=0.58 sys=0.00, real=0.16 secs] 
2014-11-30T05:00:08.857+0000: 81499.803: [GC 81499.803: [ParNew: 5180742K->149864K(5662336K), 0.1720970 secs] 6723182K->1698021K(16148096K), 0.1723650 secs] [Times: user=0.66 sys=0.00, real=0.17 secs] 
2014-11-30T05:02:01.614+0000: 81612.560: [GC 81612.560: [ParNew: 5183080K->124799K(5662336K), 0.1741160 secs] 6731237K->1685731K(16148096K), 0.1743590 secs] [Times: user=0.67 sys=0.00, real=0.17 secs] 
2014-11-30T05:04:07.664+0000: 81738.610: [GC 81738.610: [ParNew: 5158015K->119857K(5662336K), 0.1243370 secs] 6718947K->1686747K(16148096K), 0.1245600 secs] [Times: user=0.47 sys=0.00, real=0.13 secs] 
2014-11-30T05:05:29.176+0000: 81820.122: [GC 81820.122: [ParNew: 5153073K->166969K(5662336K), 0.1869380 secs] 6719963K->1739965K(16148096K), 0.1872090 secs] [Times: user=0.71 sys=0.00, real=0.19 secs] 
2014-11-30T05:06:36.666+0000: 81887.612: [GC 81887.612: [ParNew: 5200185K->151225K(5662336K), 0.1734670 secs] 6773181K->1729640K(16148096K), 0.1737310 secs] [Times: user=0.65 sys=0.01, real=0.18 secs] 
2014-11-30T05:07:45.149+0000: 81956.095: [GC 81956.095: [ParNew: 5184441K->153738K(5662336K), 0.1676910 secs] 6762856K->1737639K(16148096K), 0.1679520 secs] [Times: user=0.64 sys=0.01, real=0.17 secs] 
2014-11-30T05:09:03.341+0000: 82034.287: [GC 82034.287: [ParNew: 5186954K->128304K(5662336K), 0.1816480 secs] 6770855K->1719439K(16148096K), 0.1819100 secs] [Times: user=0.69 sys=0.00, real=0.18 secs] 
2014-11-30T05:10:18.770+0000: 82109.716: [GC 82109.716: [ParNew: 5161520K->152113K(5662336K), 0.1757550 secs] 6752655K->1749415K(16148096K), 0.1760140 secs] [Times: user=0.67 sys=0.00, real=0.17 secs] 
2014-11-30T05:11:15.980+0000: 82166.926: [GC 82166.926: [ParNew: 5185329K->129305K(5662336K), 0.1789290 secs] 6782631K->1731602K(16148096K), 0.1792240 secs] [Times: user=0.68 sys=0.00, real=0.18 secs] 
2014-11-30T05:12:21.424+0000: 82232.370: [GC 82232.370: [ParNew: 5162521K->127784K(5662336K), 0.1676630 secs] 6764818K->1736222K(16148096K), 0.1679300 secs] [Times: user=0.64 sys=0.00, real=0.16 secs] 
2014-11-30T05:13:34.553+0000: 82305.499: [GC 82305.499: [ParNew: 5161000K->126428K(5662336K), 0.1679650 secs] 6769438K->1742913K(16148096K), 0.1682030 secs] [Times: user=0.65 sys=0.00, real=0.16 secs] 
2014-11-30T05:14:44.211+0000: 82375.156: [GC 82375.157: [ParNew: 5159644K->131573K(5662336K), 0.1754630 secs] 6776129K->1753509K(16148096K), 0.1757240 secs] [Times: user=0.67 sys=0.00, real=0.18 secs] 
2014-11-30T05:16:29.963+0000: 82480.909: [GC 82480.909: [ParNew: 5164789K->129319K(5662336K), 0.1789420 secs] 6786725K->1756512K(16148096K), 0.1792340 secs] [Times: user=0.68 sys=0.00, real=0.18 secs] 
2014-11-30T05:18:52.426+0000: 82623.372: [GC 82623.372: [ParNew: 5162535K->129080K(5662336K), 0.1776740 secs] 6789728K->1763437K(16148096K), 0.1779140 secs] [Times: user=0.68 sys=0.00, real=0.17 secs] 
2014-11-30T05:21:09.041+0000: 82759.987: [GC 82759.987: [ParNew: 5162296K->129855K(5662336K), 0.1808580 secs] 6796653K->1775738K(16148096K), 0.1811160 secs] [Times: user=0.70 sys=0.00, real=0.18 secs] 
2014-11-30T05:23:19.522+0000: 82890.468: [GC 82890.468: [ParNew: 5163071K->174806K(5662336K), 0.2011330 secs] 6808954K->1827014K(16148096K), 0.2013990 secs] [Times: user=0.77 sys=0.00, real=0.20 secs] 
2014-11-30T05:25:38.683+0000: 83029.629: [GC 83029.629: [ParNew: 5208022K->157829K(5662336K), 0.1510390 secs] 6860230K->1821246K(16148096K), 0.1512910 secs] [Times: user=0.57 sys=0.00, real=0.15 secs] 
2014-11-30T05:27:45.649+0000: 83156.595: [GC 83156.595: [ParNew: 5191045K->123823K(5662336K), 0.1884910 secs] 6854462K->1793912K(16148096K), 0.1887440 secs] [Times: user=0.72 sys=0.00, real=0.19 secs] 
2014-11-30T05:29:39.063+0000: 83270.009: [GC 83270.009: [ParNew: 5157039K->151443K(5662336K), 0.1899670 secs] 6827128K->1827672K(16148096K), 0.1902220 secs] [Times: user=0.72 sys=0.00, real=0.19 secs] 
2014-11-30T05:31:35.708+0000: 83386.654: [GC 83386.654: [ParNew: 5184659K->117563K(5662336K), 0.1896110 secs] 6860888K->1800223K(16148096K), 0.1898600 secs] [Times: user=0.72 sys=0.00, real=0.19 secs] 
2014-11-30T05:33:33.741+0000: 83504.687: [GC 83504.687: [ParNew: 5150779K->119403K(5662336K), 0.1789250 secs] 6833439K->1808763K(16148096K), 0.1791670 secs] [Times: user=0.69 sys=0.00, real=0.18 secs] 
2014-11-30T05:35:39.617+0000: 83630.563: [GC 83630.563: [ParNew: 5152619K->117977K(5662336K), 0.1812650 secs] 6841979K->1813547K(16148096K), 0.1815010 secs] [Times: user=0.70 sys=0.00, real=0.18 secs] 
2014-11-30T05:37:37.237+0000: 83748.183: [GC 83748.183: [ParNew: 5151193K->117869K(5662336K), 0.1863200 secs] 6846763K->1821190K(16148096K), 0.1865860 secs] [Times: user=0.71 sys=0.00, real=0.18 secs] 
2014-11-30T05:39:52.754+0000: 83883.700: [GC 83883.700: [ParNew: 5151085K->114743K(5662336K), 0.1838560 secs] 6854406K->1824848K(16148096K), 0.1841250 secs] [Times: user=0.71 sys=0.01, real=0.19 secs] 
2014-11-30T05:42:06.932+0000: 84017.878: [GC 84017.878: [ParNew: 5147959K->157879K(5662336K), 0.1518420 secs] 6858064K->1873312K(16148096K), 0.1521070 secs] [Times: user=0.57 sys=0.00, real=0.16 secs] 
2014-11-30T05:44:28.938+0000: 84159.883: [GC 84159.884: [ParNew: 5191095K->128429K(5662336K), 0.1725320 secs] 6906528K->1849720K(16148096K), 0.1727970 secs] [Times: user=0.66 sys=0.01, real=0.17 secs] 
2014-11-30T05:47:02.390+0000: 84313.335: [GC 84313.336: [ParNew: 5161645K->153484K(5662336K), 0.1845820 secs] 6882936K->1879667K(16148096K), 0.1848450 secs] [Times: user=0.71 sys=0.00, real=0.19 secs] 
2014-11-30T05:49:11.774+0000: 84442.720: [GC 84442.720: [ParNew: 5186700K->146459K(5662336K), 0.1854370 secs] 6912883K->1878305K(16148096K), 0.1856910 secs] [Times: user=0.71 sys=0.00, real=0.19 secs] 
2014-11-30T05:51:33.126+0000: 84584.072: [GC 84584.072: [ParNew: 5179675K->150305K(5662336K), 0.1880070 secs] 6911521K->1888357K(16148096K), 0.1882560 secs] [Times: user=0.72 sys=0.00, real=0.19 secs] 
2014-11-30T05:54:03.169+0000: 84734.115: [GC 84734.115: [ParNew: 5183521K->125470K(5662336K), 0.1887150 secs] 6921573K->1876013K(16148096K), 0.1889700 secs] [Times: user=0.72 sys=0.00, real=0.19 secs] 
2014-11-30T05:56:26.440+0000: 84877.386: [GC 84877.386: [ParNew: 5158686K->142326K(5662336K), 0.1508990 secs] 6909229K->1899252K(16148096K), 0.1511300 secs] [Times: user=0.57 sys=0.00, real=0.15 secs] 
2014-11-30T05:58:30.489+0000: 85001.435: [GC 85001.435: [ParNew: 5175542K->117963K(5662336K), 0.1762620 secs] 6932468K->1880785K(16148096K), 0.1765160 secs] [Times: user=0.68 sys=0.00, real=0.18 secs] 
2014-11-30T06:00:27.515+0000: 85118.461: [GC 85118.461: [ParNew: 5151179K->119439K(5662336K), 0.1651290 secs] 6914001K->1888297K(16148096K), 0.1653640 secs] [Times: user=0.64 sys=0.00, real=0.17 secs] 
2014-11-30T06:02:48.445+0000: 85259.391: [GC 85259.391: [ParNew: 5152655K->119643K(5662336K), 0.1859070 secs] 6921513K->1894115K(16148096K), 0.1861550 secs] [Times: user=0.71 sys=0.00, real=0.19 secs] 
2014-11-30T06:05:15.575+0000: 85406.520: [GC 85406.521: [ParNew: 5152859K->141823K(5662336K), 0.1642490 secs] 6927331K->1921355K(16148096K), 0.1644750 secs] [Times: user=0.63 sys=0.00, real=0.17 secs] 
2014-11-30T06:07:43.944+0000: 85554.890: [GC 85554.890: [ParNew: 5175039K->119799K(5662336K), 0.1882270 secs] 6954571K->1910240K(16148096K), 0.1884840 secs] [Times: user=0.72 sys=0.00, real=0.19 secs] 
2014-11-30T06:10:03.691+0000: 85694.637: [GC 85694.637: [ParNew: 5153015K->114636K(5662336K), 0.1809120 secs] 6943456K->1909218K(16148096K), 0.1811670 secs] [Times: user=0.69 sys=0.00, real=0.18 secs] 
2014-11-30T06:12:33.823+0000: 85844.769: [GC 85844.769: [ParNew: 5147852K->114629K(5662336K), 0.1812870 secs] 6942434K->1914920K(16148096K), 0.1815470 secs] [Times: user=0.70 sys=0.00, real=0.18 secs] 
2014-11-30T06:15:09.434+0000: 86000.380: [GC 86000.380: [ParNew: 5147845K->113810K(5662336K), 0.1481260 secs] 6948136K->1921516K(16148096K), 0.1483700 secs] [Times: user=0.57 sys=0.00, real=0.15 secs] 
2014-11-30T06:17:44.358+0000: 86155.304: [GC 86155.304: [ParNew: 5147026K->111830K(5662336K), 0.1842200 secs] 6954732K->1924933K(16148096K), 0.1844700 secs] [Times: user=0.71 sys=0.00, real=0.19 secs] 
2014-11-30T06:20:13.958+0000: 86304.904: [GC 86304.904: [ParNew: 5145046K->111599K(5662336K), 0.1760990 secs] 6958149K->1929855K(16148096K), 0.1763600 secs] [Times: user=0.67 sys=0.00, real=0.18 secs] 
2014-11-30T06:22:46.387+0000: 86457.333: [GC 86457.333: [ParNew: 5144815K->111347K(5662336K), 0.1811590 secs] 6963071K->1934875K(16148096K), 0.1814090 secs] [Times: user=0.69 sys=0.00, real=0.18 secs] 
2014-11-30T06:25:17.201+0000: 86608.147: [GC 86608.147: [ParNew: 5144563K->112057K(5662336K), 0.1265610 secs] 6968091K->1940704K(16148096K), 0.1267590 secs] [Times: user=0.49 sys=0.00, real=0.12 secs] 
2014-11-30T06:27:42.247+0000: 86753.193: [GC 86753.193: [ParNew: 5145273K->114647K(5662336K), 0.1714670 secs] 6973920K->1948151K(16148096K), 0.1717210 secs] [Times: user=0.66 sys=0.00, real=0.17 secs] 
2014-11-30T06:30:07.948+0000: 86898.894: [GC 86898.894: [ParNew: 5147863K->115928K(5662336K), 0.1892630 secs] 6981367K->1954134K(16148096K), 0.1895140 secs] [Times: user=0.72 sys=0.01, real=0.19 secs] 
2014-11-30T06:32:33.455+0000: 87044.401: [GC 87044.401: [ParNew: 5149144K->116206K(5662336K), 0.1832040 secs] 6987350K->1960355K(16148096K), 0.1834540 secs] [Times: user=0.70 sys=0.00, real=0.18 secs] 
2014-11-30T06:35:02.636+0000: 87193.582: [GC 87193.582: [ParNew: 5149422K->115845K(5662336K), 0.1774420 secs] 6993571K->1966143K(16148096K), 0.1777010 secs] [Times: user=0.69 sys=0.00, real=0.18 secs] 
2014-11-30T06:37:29.444+0000: 87340.390: [GC 87340.390: [ParNew: 5149061K->115835K(5662336K), 0.1840090 secs] 6999359K->1971925K(16148096K), 0.1842670 secs] [Times: user=0.70 sys=0.00, real=0.18 secs] 
2014-11-30T06:40:03.131+0000: 87494.077: [GC 87494.077: [ParNew: 5149051K->113903K(5662336K), 0.1811540 secs] 7005141K->1974685K(16148096K), 0.1813910 secs] [Times: user=0.70 sys=0.00, real=0.18 secs] 
2014-11-30T06:42:46.494+0000: 87657.440: [GC 87657.440: [ParNew: 5147119K->115001K(5662336K), 0.1775230 secs] 7007901K->1981102K(16148096K), 0.1777600 secs] [Times: user=0.68 sys=0.00, real=0.18 secs] 
2014-11-30T06:45:28.929+0000: 87819.875: [GC 87819.875: [ParNew: 5148217K->114924K(5662336K), 0.1762710 secs] 7014318K->1988059K(16148096K), 0.1765290 secs] [Times: user=0.68 sys=0.00, real=0.18 secs] 
2014-11-30T06:48:15.785+0000: 87986.731: [GC 87986.731: [ParNew: 5148140K->112539K(5662336K), 0.1803250 secs] 7021275K->1990759K(16148096K), 0.1805810 secs] [Times: user=0.69 sys=0.00, real=0.18 secs] 
2014-11-30T06:50:48.131+0000: 88139.077: [GC 88139.077: [ParNew: 5145755K->112268K(5662336K), 0.1767040 secs] 7023975K->1995977K(16148096K), 0.1769580 secs] [Times: user=0.68 sys=0.00, real=0.18 secs] 
2014-11-30T06:53:28.914+0000: 88299.860: [GC 88299.860: [ParNew: 5145484K->110718K(5662336K), 0.1801790 secs] 7029193K->2000566K(16148096K), 0.1804360 secs] [Times: user=0.69 sys=0.00, real=0.18 secs] 
2014-11-30T06:56:01.966+0000: 88452.911: [GC 88452.912: [ParNew: 5143934K->108767K(5662336K), 0.1751840 secs] 7033782K->2003759K(16148096K), 0.1754480 secs] [Times: user=0.67 sys=0.00, real=0.18 secs] 
2014-11-30T06:58:38.831+0000: 88609.776: [GC 88609.777: [ParNew: 5141983K->110136K(5662336K), 0.1769060 secs] 7036975K->2010430K(16148096K), 0.1771610 secs] [Times: user=0.68 sys=0.00, real=0.17 secs] 
2014-11-30T07:01:07.792+0000: 88758.737: [GC 88758.738: [ParNew: 5143352K->109662K(5662336K), 0.1801150 secs] 7043646K->2014252K(16148096K), 0.1803740 secs] [Times: user=0.69 sys=0.00, real=0.18 secs] 
2014-11-30T07:03:30.749+0000: 88901.695: [GC 88901.695: [ParNew: 5142878K->112633K(5662336K), 0.1807230 secs] 7047468K->2022478K(16148096K), 0.1809810 secs] [Times: user=0.69 sys=0.00, real=0.18 secs] 
2014-11-30T07:06:07.289+0000: 89058.235: [GC 89058.235: [ParNew: 5143973K->114402K(5662336K), 0.1688520 secs] 7053818K->2029847K(16148096K), 0.1691000 secs] [Times: user=0.65 sys=0.00, real=0.17 secs] 
2014-11-30T07:08:47.062+0000: 89218.008: [GC 89218.008: [ParNew: 5147618K->115481K(5662336K), 0.1645060 secs] 7063063K->2036075K(16148096K), 0.1647610 secs] [Times: user=0.64 sys=0.00, real=0.16 secs] 
2014-11-30T07:11:18.580+0000: 89369.526: [GC 89369.527: [ParNew: 5148697K->137541K(5662336K), 0.1432570 secs] 7069291K->2064468K(16148096K), 0.1435050 secs] [Times: user=0.55 sys=0.00, real=0.15 secs] 
2014-11-30T07:14:00.970+0000: 89531.916: [GC 89531.916: [ParNew: 5170757K->112015K(5662336K), 0.1795380 secs] 7097684K->2045425K(16148096K), 0.1797980 secs] [Times: user=0.69 sys=0.00, real=0.18 secs] 
2014-11-30T07:16:29.819+0000: 89680.765: [GC 89680.765: [ParNew: 5145231K->133781K(5662336K), 0.1736010 secs] 7078641K->2072253K(16148096K), 0.1738590 secs] [Times: user=0.66 sys=0.01, real=0.17 secs] 
