3.481: [Full GC (System) 3.481: [CMS: 0K->4553K(8448000K), 0.1007870 secs] 225280K->4553K(10982400K), [CMS Perm : 14222K->14211K(21248K)], 0.1013270 secs] [Times: user=0.07 sys=0.03, real=0.10 secs] 
7.037: [GC 7.037: [ParNew: 2252800K->14226K(2534400K), 0.0170090 secs] 2257353K->18779K(10982400K), 0.0171130 secs] [Times: user=0.12 sys=0.11, real=0.02 secs] 
16.146: [GC 16.146: [ParNew: 2267026K->155074K(2534400K), 0.0417030 secs] 2271579K->159627K(10982400K), 0.0418620 secs] [Times: user=0.56 sys=0.10, real=0.04 secs] 
23.337: [GC 23.337: [ParNew: 2407874K->281599K(2534400K), 0.1265490 secs] 2412427K->300920K(10982400K), 0.1267810 secs] [Times: user=1.19 sys=0.09, real=0.13 secs] 
27.939: [GC 27.939: [ParNew: 2534399K->230950K(2534400K), 0.1527690 secs] 2553720K->390817K(10982400K), 0.1529630 secs] [Times: user=1.05 sys=0.08, real=0.15 secs] 
33.431: [GC 33.431: [ParNew: 2483750K->281600K(2534400K), 0.0723580 secs] 2643617K->446802K(10982400K), 0.0725610 secs] [Times: user=1.13 sys=0.01, real=0.08 secs] 
41.036: [GC 41.036: [ParNew: 2534400K->281600K(2534400K), 0.1885440 secs] 2699602K->566405K(10982400K), 0.1888090 secs] [Times: user=2.46 sys=0.06, real=0.18 secs] 
48.686: [GC 48.687: [ParNew: 2534400K->281600K(2534400K), 0.2571600 secs] 2819205K->728737K(10982400K), 0.2574470 secs] [Times: user=3.87 sys=0.06, real=0.25 secs] 
56.851: [GC 56.851: [ParNew: 2534400K->281600K(2534400K), 0.2938120 secs] 2981537K->1028429K(10982400K), 0.2940220 secs] [Times: user=3.50 sys=0.10, real=0.29 secs] 
63.297: [GC 63.297: [ParNew: 2534400K->173192K(2534400K), 0.1813510 secs] 3281229K->1080263K(10982400K), 0.1816430 secs] [Times: user=2.40 sys=0.05, real=0.19 secs] 
72.411: [GC 72.411: [ParNew: 2425992K->281600K(2534400K), 0.1179100 secs] 3333063K->1201666K(10982400K), 0.1181560 secs] [Times: user=2.19 sys=0.00, real=0.12 secs] 
78.689: [GC 78.690: [ParNew: 2534400K->233969K(2534400K), 0.2466360 secs] 3454466K->1434697K(10982400K), 0.2468810 secs] [Times: user=2.70 sys=0.09, real=0.25 secs] 
83.780: [GC 83.780: [ParNew: 2486769K->113151K(2534400K), 0.0340250 secs] 3687497K->1313879K(10982400K), 0.0342850 secs] [Times: user=0.50 sys=0.00, real=0.04 secs] 
88.358: [GC 88.358: [ParNew: 2365951K->167827K(2534400K), 0.0368680 secs] 3566679K->1368555K(10982400K), 0.0371090 secs] [Times: user=0.63 sys=0.00, real=0.04 secs] 
92.952: [GC 92.952: [ParNew: 2420627K->213465K(2534400K), 0.0416670 secs] 3621355K->1414194K(10982400K), 0.0419220 secs] [Times: user=0.74 sys=0.01, real=0.04 secs] 
97.416: [GC 97.417: [ParNew: 2466265K->191549K(2534400K), 0.1049970 secs] 3666994K->1439700K(10982400K), 0.1052950 secs] [Times: user=1.35 sys=0.02, real=0.10 secs] 
103.356: [GC 103.356: [ParNew: 2444349K->188603K(2534400K), 0.0807890 secs] 3692500K->1467841K(10982400K), 0.0810620 secs] [Times: user=1.40 sys=0.00, real=0.08 secs] 
108.932: [GC 108.932: [ParNew: 2441403K->199509K(2534400K), 0.0799110 secs] 3720641K->1509879K(10982400K), 0.0801370 secs] [Times: user=1.32 sys=0.01, real=0.08 secs] 
113.524: [GC 113.524: [ParNew: 2452309K->192868K(2534400K), 0.0852750 secs] 3762679K->1527069K(10982400K), 0.0855080 secs] [Times: user=1.45 sys=0.01, real=0.09 secs] 
117.022: [GC 117.023: [ParNew: 2445668K->249419K(2534400K), 0.0858600 secs] 3779869K->1619982K(10982400K), 0.0860990 secs] [Times: user=1.53 sys=0.01, real=0.09 secs] 
122.208: [GC 122.208: [ParNew: 2502219K->242663K(2534400K), 0.0838190 secs] 3872782K->1648634K(10982400K), 0.0841430 secs] [Times: user=1.26 sys=0.02, real=0.08 secs] 
127.415: [GC 127.415: [ParNew: 2495463K->212056K(2534400K), 0.0678140 secs] 3901434K->1652775K(10982400K), 0.0681660 secs] [Times: user=0.99 sys=0.01, real=0.07 secs] 
133.284: [GC 133.284: [ParNew: 2464856K->212214K(2534400K), 0.0704980 secs] 3905575K->1685257K(10982400K), 0.0709070 secs] [Times: user=1.07 sys=0.01, real=0.07 secs] 
136.957: [GC 136.957: [ParNew: 2465014K->187538K(2534400K), 0.0665240 secs] 3938057K->1703342K(10982400K), 0.0668480 secs] [Times: user=0.97 sys=0.01, real=0.07 secs] 
142.012: [GC 142.012: [ParNew: 2440338K->172612K(2534400K), 0.0688780 secs] 3956142K->1725018K(10982400K), 0.0692400 secs] [Times: user=1.08 sys=0.01, real=0.07 secs] 
148.120: [GC 148.120: [ParNew: 2425412K->161076K(2534400K), 0.0544210 secs] 3977818K->1742843K(10982400K), 0.0547400 secs] [Times: user=0.91 sys=0.01, real=0.06 secs] 
152.902: [GC 152.903: [ParNew: 2413876K->164803K(2534400K), 0.0688780 secs] 3995643K->1780277K(10982400K), 0.0692320 secs] [Times: user=1.11 sys=0.02, real=0.07 secs] 
156.444: [GC 156.444: [ParNew: 2417603K->258757K(2534400K), 0.1012220 secs] 4033077K->1897527K(10982400K), 0.1015480 secs] [Times: user=1.96 sys=0.01, real=0.10 secs] 
161.739: [GC 161.739: [ParNew: 2511557K->281600K(2534400K), 0.1705200 secs] 4150327K->2016352K(10982400K), 0.1708740 secs] [Times: user=2.57 sys=0.03, real=0.17 secs] 
165.509: [GC 165.509: [ParNew: 2534400K->243918K(2534400K), 0.1509140 secs] 4269152K->2094965K(10982400K), 0.1513130 secs] [Times: user=2.02 sys=0.04, real=0.15 secs] 
169.261: [GC 169.261: [ParNew: 2496718K->166765K(2534400K), 0.1248250 secs] 4347765K->2139509K(10982400K), 0.1251810 secs] [Times: user=1.32 sys=0.05, real=0.13 secs] 
171.928: [GC 171.928: [ParNew: 2419565K->59870K(2534400K), 0.0389590 secs] 4392309K->2032614K(10982400K), 0.0393220 secs] [Times: user=0.66 sys=0.00, real=0.04 secs] 
174.690: [GC 174.690: [ParNew: 2312670K->67997K(2534400K), 0.0405080 secs] 4285414K->2040741K(10982400K), 0.0408730 secs] [Times: user=0.66 sys=0.00, real=0.04 secs] 
184.076: [GC 184.076: [ParNew: 2320797K->86610K(2534400K), 0.1218990 secs] 4293541K->2069567K(10982400K), 0.1222320 secs] [Times: user=2.42 sys=0.01, real=0.12 secs] 
197.153: [GC 197.153: [ParNew: 2339411K->281600K(2534400K), 0.1735040 secs] 4322368K->2309720K(10982400K), 0.1738760 secs] [Times: user=2.72 sys=0.02, real=0.17 secs] 
197.328: [GC 197.328: [ParNew: 282524K->25395K(2534400K), 0.1967210 secs] 2310644K->2276780K(10982400K), 0.1969690 secs] [Times: user=1.74 sys=0.10, real=0.19 secs] 
213.105: [GC 213.105: [ParNew: 2278196K->281600K(2534400K), 0.4151010 secs] 4529580K->2635270K(10982400K), 0.4154240 secs] [Times: user=7.62 sys=0.05, real=0.41 secs] 
213.522: [GC 213.522: [ParNew: 284277K->55743K(2534400K), 0.3037470 secs] 2637948K->2693535K(10982400K), 0.3039650 secs] [Times: user=4.08 sys=0.13, real=0.30 secs] 
223.957: [GC 223.957: [ParNew: 2308543K->281570K(2534400K), 0.0841900 secs] 4946335K->2919490K(10982400K), 0.0845310 secs] [Times: user=1.43 sys=0.00, real=0.08 secs] 
224.043: [GC 224.043: [ParNew: 299515K->191473K(2534400K), 0.2801110 secs] 2937435K->3092860K(10982400K), 0.2803520 secs] [Times: user=1.81 sys=0.14, real=0.28 secs] 
231.878: [GC 231.878: [ParNew: 2444273K->61731K(2534400K), 0.0289080 secs] 5345660K->2963118K(10982400K), 0.0292090 secs] [Times: user=0.25 sys=0.00, real=0.03 secs] 
237.637: [GC 237.637: [ParNew: 2314531K->97457K(2534400K), 0.0637810 secs] 5215918K->2998844K(10982400K), 0.0641120 secs] [Times: user=0.34 sys=0.00, real=0.06 secs] 
241.799: [GC 241.799: [ParNew: 2350257K->131382K(2534400K), 0.0887370 secs] 5251644K->3032769K(10982400K), 0.0891180 secs] [Times: user=0.41 sys=0.00, real=0.09 secs] 
249.145: [GC 249.146: [ParNew: 2384182K->281600K(2534400K), 0.4455570 secs] 5285569K->3348140K(10982400K), 0.4458770 secs] [Times: user=7.30 sys=0.10, real=0.45 secs] 
254.294: [GC 254.294: [ParNew: 2534400K->275523K(2534400K), 0.3621690 secs] 5600940K->3634561K(10982400K), 0.3624600 secs] [Times: user=3.45 sys=0.19, real=0.37 secs] 
265.027: [GC 265.027: [ParNew: 2528323K->281600K(2534400K), 0.2193890 secs] 5887361K->3698123K(10982400K), 0.2196850 secs] [Times: user=4.09 sys=0.02, real=0.22 secs] 
271.771: [GC 271.772: [ParNew: 2534400K->281600K(2534400K), 0.3852050 secs] 5950923K->4006303K(10982400K), 0.3854960 secs] [Times: user=4.46 sys=0.13, real=0.38 secs] 
280.115: [GC 280.115: [ParNew: 2534400K->247998K(2534400K), 0.2515730 secs] 6259103K->4177111K(10982400K), 0.2518960 secs] [Times: user=2.57 sys=0.10, real=0.25 secs] 
284.777: [GC 284.777: [ParNew: 2500798K->281600K(2534400K), 0.0986360 secs] 6429911K->4213842K(10982400K), 0.0989270 secs] [Times: user=1.85 sys=0.00, real=0.10 secs] 
288.543: [GC 288.543: [ParNew: 2534400K->281600K(2534400K), 0.3733580 secs] 6466642K->4481243K(10982400K), 0.3736450 secs] [Times: user=4.62 sys=0.14, real=0.37 secs] 
293.352: [GC 293.352: [ParNew: 2534400K->208645K(2534400K), 0.2588330 secs] 6734043K->4614871K(10982400K), 0.2591680 secs] [Times: user=2.02 sys=0.12, real=0.26 secs] 
293.612: [GC [1 CMS-initial-mark: 4406226K(8448000K)] 4619143K(10982400K), 0.0608650 secs] [Times: user=0.06 sys=0.00, real=0.06 secs] 
299.883: [GC[YG occupancy: 1606547 K (2534400 K)]299.883: [Rescan (parallel) , 1.2165480 secs]301.099: [weak refs processing, 0.0308140 secs] [1 CMS-remark: 4406226K(8448000K)] 6012773K(10982400K), 1.2477530 secs] [Times: user=24.60 sys=0.10, real=1.25 secs] 
304.098: [GC 304.098: [ParNew: 2461445K->226927K(2534400K), 0.0724760 secs] 5707132K->3472614K(10982400K), 0.0727590 secs] [Times: user=1.42 sys=0.00, real=0.07 secs] 
310.334: [GC 310.334: [ParNew: 2479727K->281600K(2534400K), 0.2504800 secs] 4746530K->2779611K(10982400K), 0.2507890 secs] [Times: user=4.15 sys=0.01, real=0.26 secs] 
316.132: [GC 316.133: [ParNew: 2534400K->245608K(2534400K), 0.1534670 secs] 5032425K->2989532K(10982400K), 0.1537720 secs] [Times: user=1.85 sys=0.01, real=0.16 secs] 
325.570: [GC 325.570: [ParNew: 2498408K->281600K(2534400K), 0.1495960 secs] 5242332K->3060256K(10982400K), 0.1499130 secs] [Times: user=2.93 sys=0.00, real=0.15 secs] 
329.795: [GC 329.795: [ParNew: 2534400K->281600K(2534400K), 0.2736890 secs] 5313056K->3343420K(10982400K), 0.2739970 secs] [Times: user=4.03 sys=0.02, real=0.28 secs] 
333.472: [GC 333.473: [ParNew: 2534400K->203490K(2534400K), 0.1921000 secs] 5596220K->3443873K(10982400K), 0.1924240 secs] [Times: user=2.51 sys=0.00, real=0.19 secs] 
343.699: [GC 343.699: [ParNew: 2456290K->281600K(2534400K), 0.0999130 secs] 5696673K->3525573K(10982400K), 0.1002400 secs] [Times: user=1.88 sys=0.01, real=0.10 secs] 
350.015: [GC 350.015: [ParNew: 2534400K->281600K(2534400K), 0.3259660 secs] 5778373K->3800955K(10982400K), 0.3262780 secs] [Times: user=5.18 sys=0.01, real=0.32 secs] 
352.881: [GC 352.881: [ParNew: 2534400K->218568K(2534400K), 0.1613680 secs] 6053755K->3963700K(10982400K), 0.1616870 secs] [Times: user=2.00 sys=0.01, real=0.17 secs] 
361.444: [GC 361.444: [ParNew: 2471368K->198752K(2534400K), 0.0753430 secs] 6216500K->3943884K(10982400K), 0.0756500 secs] [Times: user=1.28 sys=0.00, real=0.07 secs] 
367.953: [GC 367.953: [ParNew: 2451552K->281600K(2534400K), 0.2408680 secs] 6196684K->4228390K(10982400K), 0.2411780 secs] [Times: user=3.94 sys=0.01, real=0.25 secs] 
372.154: [GC 372.154: [ParNew: 2534400K->241780K(2534400K), 0.2111190 secs] 6481190K->4471695K(10982400K), 0.2114300 secs] [Times: user=2.39 sys=0.02, real=0.22 secs] 
380.799: [GC 380.799: [ParNew: 2494580K->218468K(2534400K), 0.0625510 secs] 6724495K->4448382K(10982400K), 0.0628660 secs] [Times: user=1.23 sys=0.01, real=0.06 secs] 
385.640: [GC 385.640: [ParNew: 2471268K->155140K(2534400K), 0.1651440 secs] 6701182K->4570064K(10982400K), 0.1655160 secs] [Times: user=2.08 sys=0.03, real=0.16 secs] 
390.226: [GC 390.226: [ParNew: 2407940K->126158K(2534400K), 0.0376440 secs] 6822864K->4541081K(10982400K), 0.0380000 secs] [Times: user=0.62 sys=0.00, real=0.04 secs] 
395.055: [GC 395.055: [ParNew: 2378958K->167801K(2534400K), 0.0350740 secs] 6793881K->4582725K(10982400K), 0.0354170 secs] [Times: user=0.71 sys=0.00, real=0.04 secs] 
401.588: [GC 401.588: [ParNew: 2420601K->281600K(2534400K), 0.2235550 secs] 6835525K->4753021K(10982400K), 0.2238590 secs] [Times: user=4.34 sys=0.03, real=0.23 secs] 
405.146: [GC 405.146: [ParNew: 2534400K->236490K(2534400K), 0.3345250 secs] 7005821K->4991737K(10982400K), 0.3348640 secs] [Times: user=2.28 sys=0.16, real=0.34 secs] 
410.573: [GC 410.573: [ParNew: 2489290K->100163K(2534400K), 0.1087100 secs] 7244537K->4855410K(10982400K), 0.1090530 secs] [Times: user=2.18 sys=0.00, real=0.11 secs] 
413.451: [GC 413.451: [ParNew: 2352963K->165154K(2534400K), 0.0562510 secs] 7108210K->4920401K(10982400K), 0.0566000 secs] [Times: user=1.09 sys=0.00, real=0.06 secs] 
417.231: [GC 417.231: [ParNew: 2417954K->186793K(2534400K), 0.2124170 secs] 7173201K->5097128K(10982400K), 0.2127580 secs] [Times: user=2.07 sys=0.10, real=0.22 secs] 
421.704: [GC 421.704: [ParNew: 2439593K->199732K(2534400K), 0.0547630 secs] 7349928K->5110067K(10982400K), 0.0551030 secs] [Times: user=1.09 sys=0.00, real=0.05 secs] 
427.294: [GC 427.294: [ParNew: 2452532K->140792K(2534400K), 0.1733560 secs] 7362867K->5174334K(10982400K), 0.1737090 secs] [Times: user=2.08 sys=0.05, real=0.17 secs] 
432.055: [GC 432.055: [ParNew: 2393592K->110836K(2534400K), 0.0236890 secs] 7427134K->5144378K(10982400K), 0.0240400 secs] [Times: user=0.42 sys=0.00, real=0.02 secs] 
436.503: [GC 436.503: [ParNew: 2363636K->139303K(2534400K), 0.0278270 secs] 7397178K->5172845K(10982400K), 0.0281460 secs] [Times: user=0.50 sys=0.00, real=0.03 secs] 
441.457: [GC 441.457: [ParNew: 2392103K->155785K(2534400K), 0.0599040 secs] 7425645K->5212826K(10982400K), 0.0602290 secs] [Times: user=0.85 sys=0.02, real=0.06 secs] 
446.157: [GC 446.158: [ParNew: 2408585K->150496K(2534400K), 0.0576590 secs] 7465626K->5236770K(10982400K), 0.0579870 secs] [Times: user=0.80 sys=0.02, real=0.05 secs] 
446.216: [GC [1 CMS-initial-mark: 5086274K(8448000K)] 5236782K(10982400K), 0.1478460 secs] [Times: user=0.15 sys=0.00, real=0.14 secs] 
450.835: [GC 450.835: [ParNew: 2403296K->145878K(2534400K), 0.0627120 secs] 7489570K->5254726K(10982400K), 0.0630490 secs] [Times: user=0.94 sys=0.02, real=0.07 secs] 
453.048: [GC[YG occupancy: 1365318 K (2534400 K)]453.048: [Rescan (parallel) , 0.5184530 secs]453.567: [weak refs processing, 0.0156570 secs] [1 CMS-remark: 5108847K(8448000K)] 6474165K(10982400K), 0.5344540 secs] [Times: user=10.54 sys=0.04, real=0.53 secs] 
455.669: [GC 455.669: [ParNew: 2398678K->139620K(2534400K), 0.0563440 secs] 6651057K->4412295K(10982400K), 0.0566880 secs] [Times: user=0.95 sys=0.01, real=0.05 secs] 
460.595: [GC 460.595: [ParNew: 2392420K->215482K(2534400K), 0.0936010 secs] 4606452K->2458232K(10982400K), 0.0939360 secs] [Times: user=1.78 sys=0.00, real=0.10 secs] 
468.819: [GC 468.819: [ParNew: 2468282K->281600K(2534400K), 0.2357960 secs] 4711032K->2574800K(10982400K), 0.2361330 secs] [Times: user=4.20 sys=0.00, real=0.24 secs] 
474.803: [GC 474.803: [ParNew: 2534400K->281600K(2534400K), 0.3081070 secs] 4827600K->2772847K(10982400K), 0.3084570 secs] [Times: user=5.02 sys=0.01, real=0.31 secs] 
480.350: [GC 480.351: [ParNew: 2534400K->276969K(2534400K), 0.2328350 secs] 5025647K->3057466K(10982400K), 0.2331660 secs] [Times: user=3.34 sys=0.01, real=0.24 secs] 
490.231: [GC 490.231: [ParNew: 2529769K->281600K(2534400K), 0.1783340 secs] 5310266K->3099498K(10982400K), 0.1786710 secs] [Times: user=3.55 sys=0.00, real=0.18 secs] 
496.593: [GC 496.593: [ParNew: 2534400K->281600K(2534400K), 0.3005240 secs] 5352298K->3423870K(10982400K), 0.3008840 secs] [Times: user=4.55 sys=0.02, real=0.31 secs] 
500.647: [GC 500.647: [ParNew: 2534400K->243463K(2534400K), 0.1737120 secs] 5676670K->3634264K(10982400K), 0.1740510 secs] [Times: user=2.05 sys=0.02, real=0.17 secs] 
511.895: [GC 511.895: [ParNew: 2496263K->281600K(2534400K), 0.1564780 secs] 5887064K->3709071K(10982400K), 0.1568620 secs] [Times: user=3.08 sys=0.00, real=0.16 secs] 
517.861: [GC 517.861: [ParNew: 2534400K->281600K(2534400K), 0.2520670 secs] 5961871K->3997453K(10982400K), 0.2524380 secs] [Times: user=3.57 sys=0.00, real=0.25 secs] 
526.316: [GC 526.316: [ParNew: 2534400K->200793K(2534400K), 0.1811630 secs] 6250253K->4084959K(10982400K), 0.1815190 secs] [Times: user=2.79 sys=0.01, real=0.18 secs] 
531.918: [GC 531.918: [ParNew: 2453593K->64941K(2534400K), 0.0242300 secs] 6337759K->3949106K(10982400K), 0.0245950 secs] [Times: user=0.27 sys=0.00, real=0.03 secs] 
536.199: [GC 536.199: [ParNew: 2317741K->68210K(2534400K), 0.0411280 secs] 6201906K->3952376K(10982400K), 0.0414480 secs] [Times: user=0.31 sys=0.00, real=0.05 secs] 
539.963: [GC 539.964: [ParNew: 2320997K->85200K(2534400K), 0.0307300 secs] 6205162K->3969366K(10982400K), 0.0310970 secs] [Times: user=0.38 sys=0.00, real=0.03 secs] 
545.709: [GC 545.709: [ParNew: 2338000K->96505K(2534400K), 0.0474710 secs] 6222166K->3998059K(10982400K), 0.0478010 secs] [Times: user=0.54 sys=0.00, real=0.05 secs] 
551.800: [GC 551.800: [ParNew: 2349305K->115621K(2534400K), 0.0579040 secs] 6250859K->4033653K(10982400K), 0.0582170 secs] [Times: user=0.72 sys=0.00, real=0.06 secs] 
557.458: [GC 557.458: [ParNew: 2368421K->142936K(2534400K), 0.0515370 secs] 6286453K->4070563K(10982400K), 0.0518880 secs] [Times: user=0.63 sys=0.00, real=0.05 secs] 
563.694: [GC 563.694: [ParNew: 2395736K->144172K(2534400K), 0.0524820 secs] 6323363K->4085633K(10982400K), 0.0527510 secs] [Times: user=0.69 sys=0.01, real=0.06 secs] 
569.627: [GC 569.627: [ParNew: 2396972K->136692K(2534400K), 0.0584600 secs] 6338433K->4099952K(10982400K), 0.0587300 secs] [Times: user=0.75 sys=0.00, real=0.06 secs] 
574.691: [GC 574.691: [ParNew: 2389492K->167559K(2534400K), 0.0612350 secs] 6352752K->4157437K(10982400K), 0.0615110 secs] [Times: user=0.82 sys=0.00, real=0.06 secs] 
580.621: [GC 580.621: [ParNew: 2420359K->129088K(2534400K), 0.0566990 secs] 6410237K->4142197K(10982400K), 0.0569650 secs] [Times: user=0.67 sys=0.00, real=0.06 secs] 
591.870: [GC 591.870: [ParNew: 2381888K->107423K(2534400K), 0.0599100 secs] 6394997K->4145780K(10982400K), 0.0601790 secs] [Times: user=0.70 sys=0.00, real=0.06 secs] 
607.523: [GC 607.524: [ParNew: 2360223K->83906K(2534400K), 0.0648140 secs] 6398580K->4141541K(10982400K), 0.0650980 secs] [Times: user=0.62 sys=0.01, real=0.06 secs] 
641.852: [GC 641.852: [ParNew: 2336706K->82046K(2534400K), 0.0653010 secs] 6394341K->4152595K(10982400K), 0.0655830 secs] [Times: user=0.60 sys=0.00, real=0.07 secs] 
654.910: [GC 654.911: [ParNew: 2334846K->60358K(2534400K), 0.0512610 secs] 6405395K->4149402K(10982400K), 0.0515390 secs] [Times: user=0.47 sys=0.00, real=0.05 secs] 
666.965: [GC 666.965: [ParNew: 2313154K->55318K(2534400K), 0.0358320 secs] 6402199K->4151044K(10982400K), 0.0361110 secs] [Times: user=0.25 sys=0.01, real=0.04 secs] 
692.413: [GC 692.413: [ParNew: 2308118K->52261K(2534400K), 0.0377600 secs] 6403844K->4152421K(10982400K), 0.0380340 secs] [Times: user=0.20 sys=0.00, real=0.04 secs] 
707.769: [GC 707.769: [ParNew: 2305061K->59081K(2534400K), 0.0357200 secs] 6405221K->4162438K(10982400K), 0.0359950 secs] [Times: user=0.30 sys=0.01, real=0.03 secs] 
723.416: [GC 723.416: [ParNew: 2311881K->47484K(2534400K), 0.0416330 secs] 6415238K->4153298K(10982400K), 0.0419000 secs] [Times: user=0.19 sys=0.01, real=0.05 secs] 
751.252: [GC 751.253: [ParNew: 2300284K->47394K(2534400K), 0.0369580 secs] 6406098K->4154421K(10982400K), 0.0372430 secs] [Times: user=0.19 sys=0.00, real=0.03 secs] 
775.216: [GC 775.216: [ParNew: 2300194K->52459K(2534400K), 0.0450490 secs] 6407221K->4163000K(10982400K), 0.0453250 secs] [Times: user=0.22 sys=0.01, real=0.04 secs] 
793.353: [GC 793.353: [ParNew: 2305259K->50703K(2534400K), 0.0451890 secs] 6415800K->4163187K(10982400K), 0.0454720 secs] [Times: user=0.20 sys=0.00, real=0.04 secs] 
811.902: [GC 811.902: [ParNew: 2303503K->59811K(2534400K), 0.0335220 secs] 6415987K->4174517K(10982400K), 0.0338050 secs] [Times: user=0.26 sys=0.01, real=0.04 secs] 
832.700: [GC 832.700: [ParNew: 2312611K->45939K(2534400K), 0.0385970 secs] 6427317K->4163646K(10982400K), 0.0388760 secs] [Times: user=0.26 sys=0.00, real=0.04 secs] 
867.293: [GC 867.293: [ParNew: 2298739K->55962K(2534400K), 0.0661680 secs] 6416446K->4176766K(10982400K), 0.0664650 secs] [Times: user=0.44 sys=0.01, real=0.06 secs] 
888.694: [GC 888.694: [ParNew: 2308762K->44586K(2534400K), 0.0302690 secs] 6429566K->4167114K(10982400K), 0.0305480 secs] [Times: user=0.17 sys=0.00, real=0.03 secs] 
912.249: [GC 912.249: [ParNew: 2297386K->52188K(2534400K), 0.0616800 secs] 6419914K->4177262K(10982400K), 0.0619510 secs] [Times: user=0.41 sys=0.00, real=0.06 secs] 
919.794: [GC 919.794: [ParNew: 2304988K->35981K(2534400K), 0.0203540 secs] 6430062K->4163694K(10982400K), 0.0206180 secs] [Times: user=0.15 sys=0.00, real=0.02 secs] 
934.333: [GC 934.333: [ParNew: 2288683K->35169K(2534400K), 0.0254740 secs] 6416396K->4167906K(10982400K), 0.0257550 secs] [Times: user=0.16 sys=0.00, real=0.02 secs] 
952.614: [GC 952.614: [ParNew: 2287969K->33978K(2534400K), 0.0310940 secs] 6420706K->4168898K(10982400K), 0.0313610 secs] [Times: user=0.17 sys=0.00, real=0.03 secs] 
972.330: [GC 972.330: [ParNew: 2286776K->40397K(2534400K), 0.0498910 secs] 6421695K->4177274K(10982400K), 0.0501720 secs] [Times: user=0.28 sys=0.00, real=0.05 secs] 
996.898: [GC 996.899: [ParNew: 2293197K->58231K(2534400K), 0.0407320 secs] 6430074K->4196340K(10982400K), 0.0410890 secs] [Times: user=0.28 sys=0.00, real=0.04 secs] 
1016.271: [GC 1016.272: [ParNew: 2311031K->47936K(2534400K), 0.0455820 secs] 6449140K->4186752K(10982400K), 0.0459420 secs] [Times: user=0.18 sys=0.01, real=0.05 secs] 
1046.508: [GC 1046.508: [ParNew: 2300721K->50767K(2534400K), 0.0513000 secs] 6439537K->4191110K(10982400K), 0.0516540 secs] [Times: user=0.21 sys=0.00, real=0.05 secs] 
1066.745: [GC 1066.745: [ParNew: 2303567K->40822K(2534400K), 0.0351740 secs] 6443910K->4185368K(10982400K), 0.0355320 secs] [Times: user=0.18 sys=0.00, real=0.04 secs] 
1096.859: [GC 1096.859: [ParNew: 2293622K->60000K(2534400K), 0.0668290 secs] 6438168K->4207190K(10982400K), 0.0671960 secs] [Times: user=0.27 sys=0.00, real=0.07 secs] 
1130.409: [GC 1130.409: [ParNew: 2312704K->56150K(2534400K), 0.0546890 secs] 6459894K->4205124K(10982400K), 0.0550110 secs] [Times: user=0.24 sys=0.00, real=0.06 secs] 
1151.270: [GC 1151.270: [ParNew: 2308950K->54728K(2534400K), 0.0507780 secs] 6457924K->4207384K(10982400K), 0.0511450 secs] [Times: user=0.24 sys=0.01, real=0.05 secs] 
1173.574: [GC 1173.575: [ParNew: 2307525K->52632K(2534400K), 0.0439990 secs] 6460182K->4206896K(10982400K), 0.0443500 secs] [Times: user=0.28 sys=0.00, real=0.05 secs] 
1187.356: [GC 1187.357: [ParNew: 2305432K->42917K(2534400K), 0.0357400 secs] 6459696K->4201430K(10982400K), 0.0360930 secs] [Times: user=0.28 sys=0.01, real=0.04 secs] 
1200.667: [GC 1200.668: [ParNew: 2295683K->39489K(2534400K), 0.0370340 secs] 6454196K->4203078K(10982400K), 0.0374080 secs] [Times: user=0.25 sys=0.01, real=0.04 secs] 
1220.141: [GC 1220.141: [ParNew: 2292289K->47758K(2534400K), 0.0374430 secs] 6455878K->4212267K(10982400K), 0.0377960 secs] [Times: user=0.27 sys=0.00, real=0.04 secs] 
1252.090: [GC 1252.090: [ParNew: 2300558K->56926K(2534400K), 0.0580500 secs] 6465067K->4226158K(10982400K), 0.0584140 secs] [Times: user=0.27 sys=0.00, real=0.05 secs] 
1273.114: [GC 1273.114: [ParNew: 2309726K->50369K(2534400K), 0.0467770 secs] 6478958K->4221599K(10982400K), 0.0471300 secs] [Times: user=0.26 sys=0.00, real=0.04 secs] 
1298.777: [GC 1298.777: [ParNew: 2303169K->60926K(2534400K), 0.0586630 secs] 6474399K->4235205K(10982400K), 0.0589900 secs] [Times: user=0.44 sys=0.00, real=0.06 secs] 
1305.927: [GC 1305.927: [ParNew: 2313726K->36908K(2534400K), 0.0226640 secs] 6488005K->4216446K(10982400K), 0.0230030 secs] [Times: user=0.20 sys=0.00, real=0.03 secs] 
1326.201: [GC 1326.201: [ParNew: 2289708K->40622K(2534400K), 0.0426250 secs] 6469246K->4224052K(10982400K), 0.0429690 secs] [Times: user=0.21 sys=0.00, real=0.04 secs] 
1362.811: [GC 1362.812: [ParNew: 2293422K->97348K(2534400K), 0.0622690 secs] 6476852K->4282959K(10982400K), 0.0626370 secs] [Times: user=0.39 sys=0.00, real=0.06 secs] 
1385.364: [GC 1385.364: [ParNew: 2350148K->123614K(2534400K), 0.0595560 secs] 6535759K->4313209K(10982400K), 0.0599060 secs] [Times: user=0.39 sys=0.01, real=0.06 secs] 
1414.410: [GC 1414.410: [ParNew: 2376414K->132583K(2534400K), 0.0616830 secs] 6566009K->4323678K(10982400K), 0.0620580 secs] [Times: user=0.39 sys=0.00, real=0.06 secs] 
1425.092: [GC 1425.092: [ParNew: 2385383K->281600K(2534400K), 0.2052290 secs] 6576478K->4504863K(10982400K), 0.2055330 secs] [Times: user=0.55 sys=0.00, real=0.21 secs] 
1431.519: [GC 1431.520: [ParNew: 2534400K->137579K(2534400K), 0.1142800 secs] 6757663K->4442548K(10982400K), 0.1146210 secs] [Times: user=0.55 sys=0.02, real=0.11 secs] 
1443.820: [GC 1443.821: [ParNew: 2390379K->50447K(2534400K), 0.0343800 secs] 6695348K->4355415K(10982400K), 0.0347350 secs] [Times: user=0.25 sys=0.00, real=0.03 secs] 
1473.025: [GC 1473.025: [ParNew: 2303247K->47339K(2534400K), 0.0476750 secs] 6608215K->4352307K(10982400K), 0.0480450 secs] [Times: user=0.24 sys=0.00, real=0.05 secs] 
1493.102: [GC 1493.102: [ParNew: 2300139K->46947K(2534400K), 0.0616790 secs] 6605107K->4351915K(10982400K), 0.0620300 secs] [Times: user=0.36 sys=0.00, real=0.06 secs] 
1526.086: [GC 1526.086: [ParNew: 2299747K->58903K(2534400K), 0.0618900 secs] 6604715K->4367326K(10982400K), 0.0622530 secs] [Times: user=0.42 sys=0.00, real=0.06 secs] 
1552.821: [GC 1552.821: [ParNew: 2311703K->56022K(2534400K), 0.0621930 secs] 6620126K->4365956K(10982400K), 0.0625760 secs] [Times: user=0.36 sys=0.00, real=0.06 secs] 
1560.752: [GC 1560.752: [ParNew: 2308822K->50246K(2534400K), 0.0291030 secs] 6618756K->4365098K(10982400K), 0.0294530 secs] [Times: user=0.22 sys=0.01, real=0.03 secs] 
1589.220: [GC 1589.221: [ParNew: 2303046K->49215K(2534400K), 0.0412300 secs] 6617898K->4366831K(10982400K), 0.0415980 secs] [Times: user=0.22 sys=0.01, real=0.04 secs] 
1620.048: [GC 1620.048: [ParNew: 2302015K->47058K(2534400K), 0.0681290 secs] 6619631K->4371457K(10982400K), 0.0684850 secs] [Times: user=0.36 sys=0.00, real=0.07 secs] 
1627.822: [GC 1627.822: [ParNew: 2299858K->39891K(2534400K), 0.0234730 secs] 6624257K->4366740K(10982400K), 0.0238130 secs] [Times: user=0.19 sys=0.00, real=0.03 secs] 
1640.411: [GC 1640.411: [ParNew: 2292691K->33067K(2534400K), 0.0254440 secs] 6619540K->4361676K(10982400K), 0.0257860 secs] [Times: user=0.15 sys=0.00, real=0.02 secs] 
1670.731: [GC 1670.731: [ParNew: 2285867K->45439K(2534400K), 0.0526430 secs] 6614476K->4375430K(10982400K), 0.0529590 secs] [Times: user=0.33 sys=0.00, real=0.06 secs] 
1687.430: [GC 1687.430: [ParNew: 2298239K->52546K(2534400K), 0.0435890 secs] 6628230K->4384625K(10982400K), 0.0439430 secs] [Times: user=0.30 sys=0.00, real=0.04 secs] 
1694.961: [GC 1694.961: [ParNew: 2305243K->38527K(2534400K), 0.0250100 secs] 6637322K->4372498K(10982400K), 0.0253430 secs] [Times: user=0.15 sys=0.00, real=0.03 secs] 
1720.350: [GC 1720.350: [ParNew: 2291327K->43078K(2534400K), 0.0496930 secs] 6625298K->4378769K(10982400K), 0.0500560 secs] [Times: user=0.30 sys=0.00, real=0.06 secs] 
1746.480: [GC 1746.480: [ParNew: 2295878K->47115K(2534400K), 0.0560040 secs] 6631569K->4386934K(10982400K), 0.0563590 secs] [Times: user=0.19 sys=0.00, real=0.06 secs] 
1780.249: [GC 1780.250: [ParNew: 2299915K->61504K(2534400K), 0.0554450 secs] 6639734K->4404455K(10982400K), 0.0558900 secs] [Times: user=0.27 sys=0.00, real=0.05 secs] 
1796.469: [GC 1796.469: [ParNew: 2314304K->76331K(2534400K), 0.0511680 secs] 6657255K->4419745K(10982400K), 0.0515190 secs] [Times: user=0.33 sys=0.00, real=0.05 secs] 
1815.931: [GC 1815.931: [ParNew: 2329131K->56168K(2534400K), 0.0344800 secs] 6672545K->4403169K(10982400K), 0.0348590 secs] [Times: user=0.19 sys=0.00, real=0.04 secs] 
1830.227: [GC 1830.228: [ParNew: 2308968K->42101K(2534400K), 0.0350790 secs] 6655969K->4390766K(10982400K), 0.0354310 secs] [Times: user=0.20 sys=0.00, real=0.03 secs] 
1852.555: [GC 1852.555: [ParNew: 2294901K->43077K(2534400K), 0.0496490 secs] 6643566K->4397152K(10982400K), 0.0500110 secs] [Times: user=0.32 sys=0.00, real=0.05 secs] 
1870.961: [GC 1870.961: [ParNew: 2295877K->42633K(2534400K), 0.0420100 secs] 6649952K->4399653K(10982400K), 0.0423700 secs] [Times: user=0.18 sys=0.00, real=0.05 secs] 
1900.190: [GC 1900.190: [ParNew: 2295427K->78313K(2534400K), 0.0509080 secs] 6652447K->4438133K(10982400K), 0.0512800 secs] [Times: user=0.26 sys=0.00, real=0.05 secs] 
1909.909: [GC 1909.909: [ParNew: 2331113K->89464K(2534400K), 0.0267910 secs] 6690933K->4450525K(10982400K), 0.0271440 secs] [Times: user=0.26 sys=0.00, real=0.03 secs] 
1916.156: [GC 1916.156: [ParNew: 2342264K->91145K(2534400K), 0.0372830 secs] 6703325K->4454507K(10982400K), 0.0376170 secs] [Times: user=0.27 sys=0.00, real=0.04 secs] 
1927.486: [GC 1927.486: [ParNew: 2343945K->95982K(2534400K), 0.0296490 secs] 6707307K->4462649K(10982400K), 0.0299580 secs] [Times: user=0.34 sys=0.00, real=0.03 secs] 
1934.208: [GC 1934.209: [ParNew: 2348782K->74260K(2534400K), 0.0271240 secs] 6715449K->4458357K(10982400K), 0.0274600 secs] [Times: user=0.29 sys=0.00, real=0.03 secs] 
1938.490: [GC 1938.491: [ParNew: 2327060K->52784K(2534400K), 0.0313140 secs] 6711157K->4462289K(10982400K), 0.0316040 secs] [Times: user=0.39 sys=0.01, real=0.03 secs] 
1943.936: [GC 1943.936: [ParNew: 2305584K->64999K(2534400K), 0.0303040 secs] 6715089K->4479225K(10982400K), 0.0306310 secs] [Times: user=0.36 sys=0.00, real=0.03 secs] 
1957.625: [GC 1957.625: [ParNew: 2317799K->101571K(2534400K), 0.0426070 secs] 6732025K->4521894K(10982400K), 0.0429590 secs] [Times: user=0.47 sys=0.01, real=0.05 secs] 
1977.089: [GC 1977.089: [ParNew: 2354371K->112210K(2534400K), 0.0712010 secs] 6774694K->4535650K(10982400K), 0.0715580 secs] [Times: user=0.32 sys=0.00, real=0.07 secs] 
1984.433: [GC 1984.434: [ParNew: 2365010K->164073K(2534400K), 0.1205320 secs] 6788450K->4590757K(10982400K), 0.1208690 secs] [Times: user=0.42 sys=0.01, real=0.12 secs] 
1990.934: [GC 1990.934: [ParNew: 2416873K->234491K(2534400K), 0.1987420 secs] 6843557K->4671291K(10982400K), 0.1990840 secs] [Times: user=0.36 sys=0.00, real=0.20 secs] 
2000.047: [GC 2000.048: [ParNew: 2487255K->120865K(2534400K), 0.1316640 secs] 6924055K->4572225K(10982400K), 0.1320080 secs] [Times: user=0.25 sys=0.01, real=0.13 secs] 
2022.063: [GC 2022.063: [ParNew: 2373665K->23623K(2534400K), 0.0357810 secs] 6825025K->4474984K(10982400K), 0.0361380 secs] [Times: user=0.22 sys=0.01, real=0.04 secs] 
2040.230: [GC 2040.230: [ParNew: 2276423K->33075K(2534400K), 0.0552970 secs] 6727784K->4484435K(10982400K), 0.0556480 secs] [Times: user=0.32 sys=0.00, real=0.05 secs] 
2065.651: [GC 2065.652: [ParNew: 2285875K->39125K(2534400K), 0.0419650 secs] 6737235K->4490485K(10982400K), 0.0423100 secs] [Times: user=0.24 sys=0.00, real=0.05 secs] 
2072.934: [GC 2072.934: [ParNew: 2291925K->33858K(2534400K), 0.0202370 secs] 6743285K->4486156K(10982400K), 0.0205630 secs] [Times: user=0.16 sys=0.01, real=0.02 secs] 
2078.874: [GC 2078.874: [ParNew: 2286658K->40573K(2534400K), 0.0249730 secs] 6738956K->4495355K(10982400K), 0.0253040 secs] [Times: user=0.18 sys=0.00, real=0.02 secs] 
2092.065: [GC 2092.066: [ParNew: 2293373K->36823K(2534400K), 0.0254610 secs] 6748155K->4493539K(10982400K), 0.0257630 secs] [Times: user=0.15 sys=0.00, real=0.03 secs] 
2120.531: [GC 2120.531: [ParNew: 2289500K->43038K(2534400K), 0.0614200 secs] 6746216K->4503226K(10982400K), 0.0617780 secs] [Times: user=0.39 sys=0.00, real=0.07 secs] 
2152.482: [GC 2152.482: [ParNew: 2295838K->46762K(2534400K), 0.0482090 secs] 6756026K->4509485K(10982400K), 0.0485720 secs] [Times: user=0.22 sys=0.00, real=0.05 secs] 
2172.253: [GC 2172.253: [ParNew: 2299562K->69589K(2534400K), 0.0589070 secs] 6762285K->4536676K(10982400K), 0.0592550 secs] [Times: user=0.34 sys=0.01, real=0.06 secs] 
2187.592: [GC 2187.593: [ParNew: 2322389K->49678K(2534400K), 0.0331880 secs] 6789476K->4518243K(10982400K), 0.0335440 secs] [Times: user=0.18 sys=0.00, real=0.03 secs] 
2207.397: [GC 2207.397: [ParNew: 2302474K->66866K(2534400K), 0.0377070 secs] 6771039K->4536125K(10982400K), 0.0380590 secs] [Times: user=0.32 sys=0.00, real=0.04 secs] 
2213.129: [GC 2213.130: [ParNew: 2319666K->45597K(2534400K), 0.0278390 secs] 6788925K->4520691K(10982400K), 0.0281760 secs] [Times: user=0.16 sys=0.01, real=0.03 secs] 
2232.289: [GC 2232.289: [ParNew: 2298397K->43441K(2534400K), 0.0468000 secs] 6773491K->4522128K(10982400K), 0.0471570 secs] [Times: user=0.23 sys=0.01, real=0.04 secs] 
2242.426: [GC 2242.427: [ParNew: 2296241K->33546K(2534400K), 0.0281370 secs] 6774928K->4514087K(10982400K), 0.0284720 secs] [Times: user=0.16 sys=0.00, real=0.03 secs] 
2264.164: [GC 2264.164: [ParNew: 2286346K->40511K(2534400K), 0.0404940 secs] 6766887K->4523333K(10982400K), 0.0408420 secs] [Times: user=0.22 sys=0.00, real=0.04 secs] 
2291.218: [GC 2291.219: [ParNew: 2293311K->50439K(2534400K), 0.0604670 secs] 6776133K->4533480K(10982400K), 0.0608190 secs] [Times: user=0.30 sys=0.00, real=0.06 secs] 
2317.485: [GC 2317.485: [ParNew: 2303239K->58014K(2534400K), 0.0437050 secs] 6786280K->4542492K(10982400K), 0.0440400 secs] [Times: user=0.23 sys=0.00, real=0.04 secs] 
2335.032: [GC 2335.033: [ParNew: 2310761K->65333K(2534400K), 0.0432150 secs] 6795240K->4552081K(10982400K), 0.0435680 secs] [Times: user=0.25 sys=0.00, real=0.05 secs] 
2346.957: [GC 2346.957: [ParNew: 2318133K->61078K(2534400K), 0.0314620 secs] 6804881K->4550405K(10982400K), 0.0317690 secs] [Times: user=0.23 sys=0.00, real=0.03 secs] 
2371.471: [GC 2371.471: [ParNew: 2313878K->59738K(2534400K), 0.0466400 secs] 6803205K->4553669K(10982400K), 0.0469130 secs] [Times: user=0.21 sys=0.00, real=0.04 secs] 
2399.079: [GC 2399.079: [ParNew: 2312538K->49288K(2534400K), 0.0509390 secs] 6806469K->4557840K(10982400K), 0.0512110 secs] [Times: user=0.25 sys=0.00, real=0.05 secs] 
2427.987: [GC 2427.987: [ParNew: 2302088K->42034K(2534400K), 0.0529020 secs] 6810640K->4552179K(10982400K), 0.0532010 secs] [Times: user=0.27 sys=0.01, real=0.06 secs] 
2451.964: [GC 2451.964: [ParNew: 2294834K->42663K(2534400K), 0.0458350 secs] 6804979K->4553675K(10982400K), 0.0461090 secs] [Times: user=0.26 sys=0.00, real=0.04 secs] 
2461.601: [GC 2461.601: [ParNew: 2295463K->38115K(2534400K), 0.0326410 secs] 6806475K->4551186K(10982400K), 0.0329090 secs] [Times: user=0.19 sys=0.01, real=0.04 secs] 
2473.222: [GC 2473.222: [ParNew: 2290915K->62719K(2534400K), 0.0332330 secs] 6803986K->4576538K(10982400K), 0.0335100 secs] [Times: user=0.29 sys=0.00, real=0.04 secs] 
2493.505: [GC 2493.505: [ParNew: 2315519K->51844K(2534400K), 0.0422410 secs] 6829338K->4569068K(10982400K), 0.0425370 secs] [Times: user=0.19 sys=0.01, real=0.05 secs] 
2512.722: [GC 2512.722: [ParNew: 2304644K->61369K(2534400K), 0.0431680 secs] 6821868K->4581898K(10982400K), 0.0434440 secs] [Times: user=0.31 sys=0.00, real=0.04 secs] 
2527.816: [GC 2527.817: [ParNew: 2314169K->56499K(2534400K), 0.0379910 secs] 6834698K->4579313K(10982400K), 0.0382580 secs] [Times: user=0.23 sys=0.00, real=0.04 secs] 
2539.790: [GC 2539.790: [ParNew: 2309299K->42862K(2534400K), 0.0331820 secs] 6832113K->4568728K(10982400K), 0.0334540 secs] [Times: user=0.18 sys=0.00, real=0.03 secs] 
2552.872: [GC 2552.873: [ParNew: 2295662K->32956K(2534400K), 0.0285080 secs] 6821528K->4562331K(10982400K), 0.0287770 secs] [Times: user=0.16 sys=0.00, real=0.03 secs] 
2567.067: [GC 2567.067: [ParNew: 2285756K->31369K(2534400K), 0.0242240 secs] 6815131K->4562823K(10982400K), 0.0244920 secs] [Times: user=0.15 sys=0.01, real=0.03 secs] 
2584.281: [GC 2584.281: [ParNew: 2284169K->39605K(2534400K), 0.0369900 secs] 6815623K->4572380K(10982400K), 0.0372570 secs] [Times: user=0.16 sys=0.00, real=0.03 secs] 
2591.670: [GC 2591.670: [ParNew: 2292405K->38183K(2534400K), 0.0215610 secs] 6825180K->4572008K(10982400K), 0.0218220 secs] [Times: user=0.18 sys=0.00, real=0.03 secs] 
2602.969: [GC 2602.969: [ParNew: 2290983K->37770K(2534400K), 0.0296310 secs] 6824808K->4573260K(10982400K), 0.0298950 secs] [Times: user=0.15 sys=0.00, real=0.03 secs] 
2630.575: [GC 2630.575: [ParNew: 2290570K->47093K(2534400K), 0.0456380 secs] 6826060K->4585459K(10982400K), 0.0459610 secs] [Times: user=0.24 sys=0.00, real=0.05 secs] 
2647.765: [GC 2647.765: [ParNew: 2299893K->43591K(2534400K), 0.0464160 secs] 6838259K->4584392K(10982400K), 0.0466860 secs] [Times: user=0.28 sys=0.01, real=0.05 secs] 
2668.707: [GC 2668.707: [ParNew: 2296391K->43821K(2534400K), 0.0432380 secs] 6837192K->4585083K(10982400K), 0.0435030 secs] [Times: user=0.28 sys=0.01, real=0.04 secs] 
2682.816: [GC 2682.816: [ParNew: 2296621K->49219K(2534400K), 0.0298260 secs] 6837883K->4593517K(10982400K), 0.0300920 secs] [Times: user=0.24 sys=0.00, real=0.04 secs] 
2711.170: [GC 2711.171: [ParNew: 2302019K->50933K(2534400K), 0.0595020 secs] 6846317K->4597507K(10982400K), 0.0597800 secs] [Times: user=0.37 sys=0.00, real=0.06 secs] 
2719.093: [GC 2719.093: [ParNew: 2303700K->91183K(2534400K), 0.0307570 secs] 6850274K->4639218K(10982400K), 0.0310170 secs] [Times: user=0.36 sys=0.00, real=0.03 secs] 
2735.867: [GC 2735.867: [ParNew: 2343983K->124215K(2534400K), 0.0414570 secs] 6892018K->4673940K(10982400K), 0.0417260 secs] [Times: user=0.35 sys=0.00, real=0.04 secs] 
2753.441: [GC 2753.442: [ParNew: 2377015K->128216K(2534400K), 0.0460480 secs] 6926740K->4678733K(10982400K), 0.0463300 secs] [Times: user=0.38 sys=0.00, real=0.05 secs] 
2777.318: [GC 2777.318: [ParNew: 2381016K->135428K(2534400K), 0.0512210 secs] 6931533K->4691875K(10982400K), 0.0514990 secs] [Times: user=0.37 sys=0.01, real=0.06 secs] 
2799.527: [GC 2799.527: [ParNew: 2388228K->103859K(2534400K), 0.0782620 secs] 6944675K->4717481K(10982400K), 0.0785350 secs] [Times: user=0.54 sys=0.03, real=0.08 secs] 
2810.374: [GC 2810.375: [ParNew: 2356659K->53303K(2534400K), 0.0297870 secs] 6970281K->4668570K(10982400K), 0.0300560 secs] [Times: user=0.21 sys=0.00, real=0.04 secs] 
2815.947: [GC 2815.947: [ParNew: 2306103K->41702K(2534400K), 0.0301210 secs] 6921370K->4660794K(10982400K), 0.0303760 secs] [Times: user=0.18 sys=0.00, real=0.03 secs] 
2837.353: [GC 2837.353: [ParNew: 2294502K->42768K(2534400K), 0.0364160 secs] 6913594K->4664257K(10982400K), 0.0366850 secs] [Times: user=0.23 sys=0.00, real=0.04 secs] 
2846.651: [GC 2846.651: [ParNew: 2295568K->33031K(2534400K), 0.0254850 secs] 6917057K->4659708K(10982400K), 0.0257420 secs] [Times: user=0.16 sys=0.00, real=0.02 secs] 
2865.731: [GC 2865.731: [ParNew: 2285831K->63418K(2534400K), 0.0431890 secs] 6912508K->4692982K(10982400K), 0.0434570 secs] [Times: user=0.31 sys=0.00, real=0.05 secs] 
2884.145: [GC 2884.145: [ParNew: 2316218K->49560K(2534400K), 0.0442090 secs] 6945782K->4680384K(10982400K), 0.0444810 secs] [Times: user=0.24 sys=0.00, real=0.05 secs] 
2912.404: [GC 2912.404: [ParNew: 2302360K->42575K(2534400K), 0.0437600 secs] 6933184K->4675280K(10982400K), 0.0440330 secs] [Times: user=0.19 sys=0.00, real=0.04 secs] 
2934.144: [GC 2934.144: [ParNew: 2295375K->45012K(2534400K), 0.0467530 secs] 6928080K->4678072K(10982400K), 0.0470240 secs] [Times: user=0.26 sys=0.00, real=0.04 secs] 
2961.782: [GC 2961.782: [ParNew: 2297812K->54906K(2534400K), 0.0462550 secs] 6930872K->4691272K(10982400K), 0.0465330 secs] [Times: user=0.25 sys=0.00, real=0.05 secs] 
2974.786: [GC 2974.786: [ParNew: 2307706K->41394K(2534400K), 0.0280280 secs] 6944072K->4680302K(10982400K), 0.0283010 secs] [Times: user=0.15 sys=0.01, real=0.03 secs] 
2992.432: [GC 2992.432: [ParNew: 2294194K->57871K(2534400K), 0.0359710 secs] 6933102K->4700297K(10982400K), 0.0362490 secs] [Times: user=0.20 sys=0.00, real=0.04 secs] 
3017.584: [GC 3017.585: [ParNew: 2310671K->64320K(2534400K), 0.0579140 secs] 6953097K->4709419K(10982400K), 0.0581870 secs] [Times: user=0.33 sys=0.00, real=0.06 secs] 
3041.318: [GC 3041.318: [ParNew: 2317120K->60375K(2534400K), 0.0425030 secs] 6962219K->4710376K(10982400K), 0.0427740 secs] [Times: user=0.21 sys=0.00, real=0.05 secs] 
3068.597: [GC 3068.597: [ParNew: 2313115K->68132K(2534400K), 0.0565510 secs] 6963116K->4718708K(10982400K), 0.0568310 secs] [Times: user=0.32 sys=0.00, real=0.05 secs] 
3097.659: [GC 3097.660: [ParNew: 2320932K->57634K(2534400K), 0.0608420 secs] 6971508K->4719302K(10982400K), 0.0611300 secs] [Times: user=0.21 sys=0.01, real=0.06 secs] 
3111.141: [GC 3111.141: [ParNew: 2310434K->36228K(2534400K), 0.0281840 secs] 6972102K->4701507K(10982400K), 0.0284470 secs] [Times: user=0.17 sys=0.00, real=0.02 secs] 
3120.571: [GC 3120.571: [ParNew: 2289028K->41581K(2534400K), 0.0330070 secs] 6954307K->4709691K(10982400K), 0.0332570 secs] [Times: user=0.20 sys=0.00, real=0.04 secs] 
3133.516: [GC 3133.516: [ParNew: 2294378K->36368K(2534400K), 0.0322290 secs] 6962487K->4708053K(10982400K), 0.0325200 secs] [Times: user=0.20 sys=0.00, real=0.03 secs] 
3165.067: [GC 3165.067: [ParNew: 2289168K->47655K(2534400K), 0.0499170 secs] 6960853K->4721756K(10982400K), 0.0502750 secs] [Times: user=0.20 sys=0.00, real=0.05 secs] 
3180.745: [GC 3180.746: [ParNew: 2300455K->47209K(2534400K), 0.0415250 secs] 6974556K->4722733K(10982400K), 0.0418690 secs] [Times: user=0.19 sys=0.00, real=0.04 secs] 
3207.964: [GC 3207.965: [ParNew: 2300009K->53370K(2534400K), 0.0433710 secs] 6975533K->4729674K(10982400K), 0.0437280 secs] [Times: user=0.18 sys=0.00, real=0.05 secs] 
3225.396: [GC 3225.396: [ParNew: 2306170K->42905K(2534400K), 0.0349990 secs] 6982474K->4721521K(10982400K), 0.0353660 secs] [Times: user=0.20 sys=0.00, real=0.04 secs] 
3239.315: [GC 3239.315: [ParNew: 2295705K->39933K(2534400K), 0.0420980 secs] 6974321K->4723874K(10982400K), 0.0424530 secs] [Times: user=0.23 sys=0.00, real=0.04 secs] 
3275.137: [GC 3275.138: [ParNew: 2292717K->50490K(2534400K), 0.0573660 secs] 6976658K->4737838K(10982400K), 0.0577420 secs] [Times: user=0.30 sys=0.00, real=0.05 secs] 
3292.513: [GC 3292.514: [ParNew: 2303290K->35790K(2534400K), 0.0348860 secs] 6990638K->4726248K(10982400K), 0.0352360 secs] [Times: user=0.17 sys=0.01, real=0.04 secs] 
3323.140: [GC 3323.140: [ParNew: 2288590K->43683K(2534400K), 0.0662170 secs] 6979048K->4735527K(10982400K), 0.0665820 secs] [Times: user=0.38 sys=0.00, real=0.07 secs] 
3348.144: [GC 3348.145: [ParNew: 2296483K->47425K(2534400K), 0.0467910 secs] 6988327K->4740514K(10982400K), 0.0471080 secs] [Times: user=0.27 sys=0.00, real=0.05 secs] 
3354.944: [GC 3354.945: [ParNew: 2300225K->34124K(2534400K), 0.0317560 secs] 6993314K->4729977K(10982400K), 0.0320890 secs] [Times: user=0.16 sys=0.00, real=0.03 secs] 
3377.979: [GC 3377.979: [ParNew: 2286924K->42763K(2534400K), 0.0423210 secs] 6982777K->4739994K(10982400K), 0.0426730 secs] [Times: user=0.22 sys=0.00, real=0.04 secs] 
3400.667: [GC 3400.667: [ParNew: 2295563K->68302K(2534400K), 0.0489870 secs] 6992794K->4767832K(10982400K), 0.0493260 secs] [Times: user=0.32 sys=0.00, real=0.05 secs] 
3415.469: [GC 3415.469: [ParNew: 2321102K->69464K(2534400K), 0.0491910 secs] 7020632K->4774038K(10982400K), 0.0495400 secs] [Times: user=0.30 sys=0.00, real=0.05 secs] 
3428.419: [GC 3428.420: [ParNew: 2322260K->48016K(2534400K), 0.0339490 secs] 7026834K->4752785K(10982400K), 0.0343170 secs] [Times: user=0.20 sys=0.00, real=0.03 secs] 
3457.719: [GC 3457.719: [ParNew: 2300816K->47144K(2534400K), 0.0511190 secs] 7005585K->4754984K(10982400K), 0.0514900 secs] [Times: user=0.27 sys=0.00, real=0.05 secs] 
3473.406: [GC 3473.406: [ParNew: 2299944K->40785K(2534400K), 0.0435860 secs] 7007784K->4749862K(10982400K), 0.0439330 secs] [Times: user=0.31 sys=0.01, real=0.05 secs] 
3479.192: [GC 3479.192: [ParNew: 2293585K->31964K(2534400K), 0.0218390 secs] 7002662K->4744374K(10982400K), 0.0221410 secs] [Times: user=0.19 sys=0.00, real=0.02 secs] 
3482.609: [GC 3482.609: [ParNew: 2284764K->31642K(2534400K), 0.0189930 secs] 6997174K->4746143K(10982400K), 0.0193300 secs] [Times: user=0.18 sys=0.00, real=0.02 secs] 
3508.055: [GC 3508.055: [ParNew: 2284367K->46638K(2534400K), 0.0472620 secs] 6998868K->4765967K(10982400K), 0.0475960 secs] [Times: user=0.23 sys=0.00, real=0.05 secs] 
3516.461: [GC 3516.462: [ParNew: 2299438K->57135K(2534400K), 0.0312010 secs] 7018767K->4778100K(10982400K), 0.0315460 secs] [Times: user=0.29 sys=0.00, real=0.04 secs] 
3532.360: [GC 3532.360: [ParNew: 2309935K->77051K(2534400K), 0.0416220 secs] 7030900K->4798713K(10982400K), 0.0419840 secs] [Times: user=0.32 sys=0.00, real=0.04 secs] 
3545.754: [GC 3545.754: [ParNew: 2329851K->56106K(2534400K), 0.0375590 secs] 7051513K->4777992K(10982400K), 0.0378240 secs] [Times: user=0.23 sys=0.00, real=0.04 secs] 
3559.472: [GC 3559.473: [ParNew: 2308906K->39924K(2534400K), 0.0328170 secs] 7030792K->4767158K(10982400K), 0.0330910 secs] [Times: user=0.20 sys=0.00, real=0.03 secs] 
3580.967: [GC 3580.967: [ParNew: 2292724K->65910K(2534400K), 0.0524140 secs] 7019958K->4802592K(10982400K), 0.0526920 secs] [Times: user=0.36 sys=0.00, real=0.05 secs] 
3594.063: [GC 3594.063: [ParNew: 2318710K->46385K(2534400K), 0.0371400 secs] 7055392K->4784425K(10982400K), 0.0374150 secs] [Times: user=0.21 sys=0.00, real=0.04 secs] 
3607.348: [GC 3607.348: [ParNew: 2299185K->33449K(2534400K), 0.0279450 secs] 7037225K->4772389K(10982400K), 0.0282170 secs] [Times: user=0.15 sys=0.00, real=0.02 secs] 
3620.442: [GC 3620.442: [ParNew: 2286249K->34684K(2534400K), 0.0251010 secs] 7025189K->4774452K(10982400K), 0.0253640 secs] [Times: user=0.14 sys=0.00, real=0.02 secs] 
3636.562: [GC 3636.562: [ParNew: 2287484K->63239K(2534400K), 0.0371980 secs] 7027252K->4805161K(10982400K), 0.0374750 secs] [Times: user=0.30 sys=0.00, real=0.03 secs] 
3653.638: [GC 3653.638: [ParNew: 2316039K->51350K(2534400K), 0.0399690 secs] 7057961K->4794656K(10982400K), 0.0402530 secs] [Times: user=0.20 sys=0.01, real=0.04 secs] 
3676.908: [GC 3676.908: [ParNew: 2304150K->78764K(2534400K), 0.0517440 secs] 7047456K->4825266K(10982400K), 0.0520250 secs] [Times: user=0.39 sys=0.00, real=0.05 secs] 
3684.062: [GC 3684.062: [ParNew: 2331564K->53715K(2534400K), 0.0336880 secs] 7078066K->4804353K(10982400K), 0.0339510 secs] [Times: user=0.28 sys=0.00, real=0.03 secs] 
3694.505: [GC 3694.505: [ParNew: 2306515K->73498K(2534400K), 0.0450000 secs] 7057153K->4825569K(10982400K), 0.0452500 secs] [Times: user=0.43 sys=0.00, real=0.05 secs] 
3713.190: [GC 3713.190: [ParNew: 2326298K->55342K(2534400K), 0.0469860 secs] 7078369K->4808850K(10982400K), 0.0472630 secs] [Times: user=0.27 sys=0.00, real=0.05 secs] 
3725.838: [GC 3725.839: [ParNew: 2308122K->33976K(2534400K), 0.0325880 secs] 7061630K->4790030K(10982400K), 0.0328420 secs] [Times: user=0.17 sys=0.00, real=0.03 secs] 
3734.789: [GC 3734.789: [ParNew: 2286776K->32409K(2534400K), 0.0244700 secs] 7042830K->4789621K(10982400K), 0.0247290 secs] [Times: user=0.15 sys=0.00, real=0.02 secs] 
3743.180: [GC 3743.180: [ParNew: 2285209K->37306K(2534400K), 0.0340180 secs] 7042421K->4796032K(10982400K), 0.0342860 secs] [Times: user=0.18 sys=0.00, real=0.03 secs] 
3759.525: [GC 3759.525: [ParNew: 2290066K->41563K(2534400K), 0.0314390 secs] 7048793K->4801962K(10982400K), 0.0317090 secs] [Times: user=0.18 sys=0.00, real=0.03 secs] 
3769.277: [GC 3769.277: [ParNew: 2294363K->50253K(2534400K), 0.0282740 secs] 7054762K->4812447K(10982400K), 0.0285450 secs] [Times: user=0.24 sys=0.00, real=0.03 secs] 
3779.238: [GC 3779.238: [ParNew: 2303053K->54291K(2534400K), 0.0359530 secs] 7065247K->4818011K(10982400K), 0.0362180 secs] [Times: user=0.23 sys=0.01, real=0.04 secs] 
3799.878: [GC 3799.878: [ParNew: 2307091K->48502K(2534400K), 0.0402450 secs] 7070811K->4815560K(10982400K), 0.0405220 secs] [Times: user=0.20 sys=0.01, real=0.04 secs] 
3813.576: [GC 3813.576: [ParNew: 2301302K->39115K(2534400K), 0.0345820 secs] 7068360K->4811025K(10982400K), 0.0348540 secs] [Times: user=0.18 sys=0.00, real=0.04 secs] 
3833.293: [GC 3833.293: [ParNew: 2291915K->40371K(2534400K), 0.0477300 secs] 7063825K->4813791K(10982400K), 0.0480090 secs] [Times: user=0.31 sys=0.00, real=0.05 secs] 
3845.757: [GC 3845.757: [ParNew: 2293171K->39465K(2534400K), 0.0324230 secs] 7066591K->4813433K(10982400K), 0.0326920 secs] [Times: user=0.17 sys=0.00, real=0.03 secs] 
3859.488: [GC 3859.489: [ParNew: 2292265K->88385K(2534400K), 0.0399550 secs] 7066233K->4865404K(10982400K), 0.0402100 secs] [Times: user=0.52 sys=0.00, real=0.04 secs] 
3863.150: [GC 3863.150: [ParNew: 2341185K->61244K(2534400K), 0.0205860 secs] 7118204K->4840833K(10982400K), 0.0208510 secs] [Times: user=0.18 sys=0.00, real=0.02 secs] 
3873.350: [GC 3873.350: [ParNew: 2314044K->44131K(2534400K), 0.0234720 secs] 7093633K->4825170K(10982400K), 0.0237380 secs] [Times: user=0.16 sys=0.00, real=0.02 secs] 
3893.339: [GC 3893.339: [ParNew: 2296931K->54045K(2534400K), 0.0438540 secs] 7077970K->4838613K(10982400K), 0.0442170 secs] [Times: user=0.24 sys=0.00, real=0.05 secs] 
3913.333: [GC 3913.333: [ParNew: 2306845K->49126K(2534400K), 0.0508230 secs] 7091413K->4835592K(10982400K), 0.0511890 secs] [Times: user=0.23 sys=0.00, real=0.06 secs] 
3934.242: [GC 3934.242: [ParNew: 2301926K->40480K(2534400K), 0.0420990 secs] 7088392K->4827275K(10982400K), 0.0424560 secs] [Times: user=0.23 sys=0.00, real=0.04 secs] 
3954.297: [GC 3954.298: [ParNew: 2293280K->45533K(2534400K), 0.0432850 secs] 7080075K->4833488K(10982400K), 0.0436480 secs] [Times: user=0.19 sys=0.00, real=0.05 secs] 
3973.254: [GC 3973.254: [ParNew: 2298333K->59107K(2534400K), 0.0398820 secs] 7086288K->4848481K(10982400K), 0.0402480 secs] [Times: user=0.28 sys=0.00, real=0.04 secs] 
3988.812: [GC 3988.812: [ParNew: 2311907K->45886K(2534400K), 0.0338770 secs] 7101281K->4836585K(10982400K), 0.0342310 secs] [Times: user=0.16 sys=0.00, real=0.04 secs] 
4001.196: [GC 4001.196: [ParNew: 2298686K->33180K(2534400K), 0.0285030 secs] 7089385K->4826007K(10982400K), 0.0288590 secs] [Times: user=0.16 sys=0.00, real=0.02 secs] 
4018.274: [GC 4018.274: [ParNew: 2285980K->48376K(2534400K), 0.0444290 secs] 7078807K->4842872K(10982400K), 0.0447560 secs] [Times: user=0.24 sys=0.00, real=0.04 secs] 
4031.332: [GC 4031.332: [ParNew: 2301176K->40448K(2534400K), 0.0330350 secs] 7095672K->4836718K(10982400K), 0.0333880 secs] [Times: user=0.18 sys=0.00, real=0.03 secs] 
4035.174: [GC 4035.174: [ParNew: 2293248K->43169K(2534400K), 0.0210880 secs] 7089518K->4840986K(10982400K), 0.0214340 secs] [Times: user=0.19 sys=0.00, real=0.02 secs] 
4038.478: [GC 4038.478: [ParNew: 2295969K->41255K(2534400K), 0.0198070 secs] 7093786K->4840198K(10982400K), 0.0201380 secs] [Times: user=0.19 sys=0.00, real=0.02 secs] 
4054.845: [GC 4054.846: [ParNew: 2294055K->36996K(2534400K), 0.0348660 secs] 7092998K->4840411K(10982400K), 0.0352180 secs] [Times: user=0.16 sys=0.01, real=0.03 secs] 
4073.726: [GC 4073.726: [ParNew: 2289796K->99136K(2534400K), 0.0533370 secs] 7093211K->4904897K(10982400K), 0.0537050 secs] [Times: user=0.37 sys=0.00, real=0.06 secs] 
4090.738: [GC 4090.738: [ParNew: 2351936K->115223K(2534400K), 0.0484400 secs] 7157697K->4922664K(10982400K), 0.0487930 secs] [Times: user=0.37 sys=0.01, real=0.05 secs] 
4110.362: [GC 4110.362: [ParNew: 2368023K->119615K(2534400K), 0.0497530 secs] 7175464K->4927985K(10982400K), 0.0501000 secs] [Times: user=0.39 sys=0.00, real=0.05 secs] 
4118.465: [GC 4118.465: [ParNew: 2372415K->110800K(2534400K), 0.0324050 secs] 7180785K->4921139K(10982400K), 0.0328140 secs] [Times: user=0.35 sys=0.01, real=0.03 secs] 
4132.668: [GC 4132.668: [ParNew: 2363600K->113702K(2534400K), 0.1261410 secs] 7173939K->4983773K(10982400K), 0.1265110 secs] [Times: user=0.46 sys=0.04, real=0.12 secs] 
4145.204: [GC 4145.205: [ParNew: 2366502K->60539K(2534400K), 0.0454760 secs] 7236573K->4932399K(10982400K), 0.0457900 secs] [Times: user=0.34 sys=0.00, real=0.05 secs] 
4161.826: [GC 4161.826: [ParNew: 2313339K->72380K(2534400K), 0.0397570 secs] 7185199K->4947184K(10982400K), 0.0401280 secs] [Times: user=0.31 sys=0.01, real=0.04 secs] 
4190.377: [GC 4190.377: [ParNew: 2325180K->59227K(2534400K), 0.0618300 secs] 7199984K->4935041K(10982400K), 0.0621490 secs] [Times: user=0.42 sys=0.00, real=0.06 secs] 
4205.389: [GC 4205.390: [ParNew: 2312027K->38601K(2534400K), 0.0497370 secs] 7187841K->4915550K(10982400K), 0.0500950 secs] [Times: user=0.26 sys=0.00, real=0.05 secs] 
4233.516: [GC 4233.516: [ParNew: 2291401K->48707K(2534400K), 0.0583760 secs] 7168350K->4928303K(10982400K), 0.0587420 secs] [Times: user=0.19 sys=0.00, real=0.06 secs] 
4246.044: [GC 4246.044: [ParNew: 2301507K->39591K(2534400K), 0.0300170 secs] 7181103K->4920071K(10982400K), 0.0303710 secs] [Times: user=0.17 sys=0.01, real=0.03 secs] 
4260.876: [GC 4260.876: [ParNew: 2292391K->68012K(2534400K), 0.0491910 secs] 7172871K->4951865K(10982400K), 0.0495410 secs] [Times: user=0.37 sys=0.00, real=0.05 secs] 
4281.112: [GC 4281.112: [ParNew: 2320812K->71367K(2534400K), 0.0486100 secs] 7204665K->4955984K(10982400K), 0.0489860 secs] [Times: user=0.30 sys=0.00, real=0.05 secs] 
4300.943: [GC 4300.943: [ParNew: 2324167K->53487K(2534400K), 0.0422680 secs] 7208784K->4940636K(10982400K), 0.0426270 secs] [Times: user=0.18 sys=0.00, real=0.04 secs] 
4315.982: [GC 4315.982: [ParNew: 2306287K->39000K(2534400K), 0.0413440 secs] 7193436K->4928184K(10982400K), 0.0416980 secs] [Times: user=0.17 sys=0.01, real=0.04 secs] 
4330.611: [GC 4330.611: [ParNew: 2291800K->59948K(2534400K), 0.0416350 secs] 7180984K->4951495K(10982400K), 0.0419940 secs] [Times: user=0.30 sys=0.00, real=0.04 secs] 
4337.174: [GC 4337.174: [ParNew: 2312748K->47937K(2534400K), 0.0257440 secs] 7204295K->4941756K(10982400K), 0.0261030 secs] [Times: user=0.21 sys=0.00, real=0.03 secs] 
4341.519: [GC 4341.519: [ParNew: 2300737K->43326K(2534400K), 0.0231780 secs] 7194556K->4939932K(10982400K), 0.0234730 secs] [Times: user=0.25 sys=0.00, real=0.02 secs] 
4345.984: [GC 4345.984: [ParNew: 2296126K->40292K(2534400K), 0.0269170 secs] 7192732K->4938711K(10982400K), 0.0272550 secs] [Times: user=0.18 sys=0.00, real=0.03 secs] 
4349.309: [GC 4349.309: [ParNew: 2293092K->44851K(2534400K), 0.0222100 secs] 7191511K->4946219K(10982400K), 0.0225590 secs] [Times: user=0.24 sys=0.01, real=0.02 secs] 
4354.721: [GC 4354.721: [ParNew: 2297651K->29842K(2534400K), 0.0183130 secs] 7199018K->4933423K(10982400K), 0.0186470 secs] [Times: user=0.13 sys=0.00, real=0.02 secs] 
4367.205: [GC 4367.205: [ParNew: 2282642K->41437K(2534400K), 0.0264500 secs] 7186223K->4947234K(10982400K), 0.0267700 secs] [Times: user=0.19 sys=0.00, real=0.02 secs] 
4373.826: [GC 4373.826: [ParNew: 2294237K->39904K(2534400K), 0.0270840 secs] 7200034K->4947105K(10982400K), 0.0274410 secs] [Times: user=0.17 sys=0.01, real=0.03 secs] 
4389.507: [GC 4389.507: [ParNew: 2292704K->47551K(2534400K), 0.0345600 secs] 7199905K->4955308K(10982400K), 0.0348870 secs] [Times: user=0.19 sys=0.00, real=0.03 secs] 
4408.390: [GC 4408.390: [ParNew: 2300351K->52861K(2534400K), 0.0622370 secs] 7208108K->4961942K(10982400K), 0.0625890 secs] [Times: user=0.49 sys=0.00, real=0.06 secs] 
4429.363: [GC 4429.363: [ParNew: 2305661K->49199K(2534400K), 0.0476370 secs] 7214742K->4962714K(10982400K), 0.0480060 secs] [Times: user=0.24 sys=0.00, real=0.04 secs] 
4442.005: [GC 4442.005: [ParNew: 2301934K->80031K(2534400K), 0.0484490 secs] 7215449K->4995247K(10982400K), 0.0487960 secs] [Times: user=0.38 sys=0.00, real=0.05 secs] 
4459.034: [GC 4459.034: [ParNew: 2332831K->57673K(2534400K), 0.0350510 secs] 7248047K->4974577K(10982400K), 0.0354120 secs] [Times: user=0.20 sys=0.01, real=0.04 secs] 
4468.809: [GC 4468.810: [ParNew: 2310473K->32084K(2534400K), 0.0273860 secs] 7227377K->4955199K(10982400K), 0.0277060 secs] [Times: user=0.17 sys=0.00, real=0.02 secs] 
4485.810: [GC 4485.810: [ParNew: 2284884K->38561K(2534400K), 0.0389610 secs] 7207999K->4964216K(10982400K), 0.0393030 secs] [Times: user=0.17 sys=0.00, real=0.03 secs] 
4493.978: [GC 4493.978: [ParNew: 2291361K->30340K(2534400K), 0.0304700 secs] 7217016K->4958717K(10982400K), 0.0308170 secs] [Times: user=0.17 sys=0.01, real=0.03 secs] 
4500.431: [GC 4500.432: [ParNew: 2283140K->28179K(2534400K), 0.0213530 secs] 7211517K->4957915K(10982400K), 0.0217030 secs] [Times: user=0.15 sys=0.00, real=0.03 secs] 
4505.843: [GC 4505.843: [ParNew: 2280979K->34115K(2534400K), 0.0221060 secs] 7210715K->4964801K(10982400K), 0.0224550 secs] [Times: user=0.17 sys=0.01, real=0.02 secs] 
4523.217: [GC 4523.217: [ParNew: 2286915K->39211K(2534400K), 0.0464180 secs] 7217601K->4972422K(10982400K), 0.0467800 secs] [Times: user=0.30 sys=0.01, real=0.04 secs] 
4545.493: [GC 4545.493: [ParNew: 2292011K->47951K(2534400K), 0.0496730 secs] 7225222K->4981784K(10982400K), 0.0500330 secs] [Times: user=0.21 sys=0.01, real=0.05 secs] 
4560.186: [GC 4560.186: [ParNew: 2300751K->40913K(2534400K), 0.0505710 secs] 7234584K->4976126K(10982400K), 0.0509310 secs] [Times: user=0.26 sys=0.00, real=0.05 secs] 
4565.679: [GC 4565.679: [ParNew: 2293713K->28957K(2534400K), 0.0184480 secs] 7228926K->4965160K(10982400K), 0.0187800 secs] [Times: user=0.14 sys=0.00, real=0.02 secs] 
4585.176: [GC 4585.177: [ParNew: 2281739K->36973K(2534400K), 0.0432690 secs] 7217943K->4977522K(10982400K), 0.0436330 secs] [Times: user=0.22 sys=0.01, real=0.04 secs] 
4605.296: [GC 4605.296: [ParNew: 2289773K->34852K(2534400K), 0.0494020 secs] 7230322K->4977726K(10982400K), 0.0497570 secs] [Times: user=0.30 sys=0.00, real=0.05 secs] 
4618.859: [GC 4618.859: [ParNew: 2287649K->39331K(2534400K), 0.0443320 secs] 7230523K->4983262K(10982400K), 0.0446750 secs] [Times: user=0.24 sys=0.00, real=0.05 secs] 
4627.602: [GC 4627.602: [ParNew: 2292131K->38857K(2534400K), 0.0299020 secs] 7236062K->4983091K(10982400K), 0.0302590 secs] [Times: user=0.18 sys=0.01, real=0.03 secs] 
4633.514: [GC 4633.514: [ParNew: 2291657K->35809K(2534400K), 0.0325800 secs] 7235891K->4981420K(10982400K), 0.0329310 secs] [Times: user=0.19 sys=0.00, real=0.03 secs] 
4642.843: [GC 4642.843: [ParNew: 2288609K->37591K(2534400K), 0.0360110 secs] 7234220K->4984895K(10982400K), 0.0363510 secs] [Times: user=0.18 sys=0.01, real=0.04 secs] 
4651.588: [GC 4651.589: [ParNew: 2290391K->32587K(2534400K), 0.0374080 secs] 7237695K->4983861K(10982400K), 0.0377650 secs] [Times: user=0.21 sys=0.01, real=0.04 secs] 
4666.069: [GC 4666.069: [ParNew: 2285347K->35522K(2534400K), 0.0422520 secs] 7236621K->4989609K(10982400K), 0.0426080 secs] [Times: user=0.22 sys=0.00, real=0.04 secs] 
4673.263: [GC 4673.263: [ParNew: 2288322K->29282K(2534400K), 0.0324780 secs] 7242409K->4984036K(10982400K), 0.0328280 secs] [Times: user=0.18 sys=0.00, real=0.03 secs] 
4683.068: [GC 4683.068: [ParNew: 2282082K->33880K(2534400K), 0.0450300 secs] 7236836K->4989380K(10982400K), 0.0453880 secs] [Times: user=0.27 sys=0.00, real=0.05 secs] 
4693.744: [GC 4693.744: [ParNew: 2286680K->59008K(2534400K), 0.0468800 secs] 7242180K->5017150K(10982400K), 0.0472510 secs] [Times: user=0.34 sys=0.00, real=0.04 secs] 
4708.799: [GC 4708.799: [ParNew: 2311808K->51222K(2534400K), 0.0386030 secs] 7269950K->5010938K(10982400K), 0.0389670 secs] [Times: user=0.24 sys=0.00, real=0.04 secs] 
4715.881: [GC 4715.881: [ParNew: 2303974K->30383K(2534400K), 0.0199200 secs] 7263689K->4991216K(10982400K), 0.0202740 secs] [Times: user=0.14 sys=0.01, real=0.02 secs] 
4731.642: [GC 4731.643: [ParNew: 2283174K->38030K(2534400K), 0.0422240 secs] 7244006K->5000523K(10982400K), 0.0425920 secs] [Times: user=0.28 sys=0.00, real=0.04 secs] 
4741.270: [GC 4741.270: [ParNew: 2290830K->35851K(2534400K), 0.0345490 secs] 7253323K->5001068K(10982400K), 0.0348910 secs] [Times: user=0.17 sys=0.00, real=0.03 secs] 
4756.670: [GC 4756.670: [ParNew: 2288651K->37956K(2534400K), 0.0381790 secs] 7253868K->5005831K(10982400K), 0.0385480 secs] [Times: user=0.20 sys=0.01, real=0.04 secs] 
4760.615: [GC 4760.615: [ParNew: 2290756K->29473K(2534400K), 0.0216150 secs] 7258631K->4998143K(10982400K), 0.0219480 secs] [Times: user=0.15 sys=0.00, real=0.02 secs] 
4775.321: [GC 4775.322: [ParNew: 2282273K->46168K(2534400K), 0.0422230 secs] 7250943K->5016326K(10982400K), 0.0425960 secs] [Times: user=0.27 sys=0.00, real=0.05 secs] 
4792.751: [GC 4792.752: [ParNew: 2298968K->37974K(2534400K), 0.0413720 secs] 7269126K->5010156K(10982400K), 0.0417530 secs] [Times: user=0.18 sys=0.01, real=0.04 secs] 
4807.890: [GC 4807.890: [ParNew: 2290688K->40905K(2534400K), 0.0457920 secs] 7262871K->5015628K(10982400K), 0.0461700 secs] [Times: user=0.21 sys=0.01, real=0.04 secs] 
4823.591: [GC 4823.591: [ParNew: 2293705K->53173K(2534400K), 0.0501710 secs] 7268428K->5029402K(10982400K), 0.0505570 secs] [Times: user=0.28 sys=0.01, real=0.06 secs] 
4843.502: [GC 4843.502: [ParNew: 2305973K->51419K(2534400K), 0.0585160 secs] 7282202K->5028943K(10982400K), 0.0589010 secs] [Times: user=0.33 sys=0.00, real=0.06 secs] 
4856.506: [GC 4856.506: [ParNew: 2304062K->42491K(2534400K), 0.0498300 secs] 7281587K->5022487K(10982400K), 0.0501810 secs] [Times: user=0.32 sys=0.00, real=0.05 secs] 
4869.591: [GC 4869.592: [ParNew: 2295291K->37386K(2534400K), 0.0320410 secs] 7275287K->5020489K(10982400K), 0.0325230 secs] [Times: user=0.18 sys=0.01, real=0.03 secs] 
4880.118: [GC 4880.118: [ParNew: 2290186K->34978K(2534400K), 0.0295750 secs] 7273289K->5020161K(10982400K), 0.0299660 secs] [Times: user=0.17 sys=0.00, real=0.03 secs] 
4886.554: [GC 4886.554: [ParNew: 2287778K->35884K(2534400K), 0.0258460 secs] 7272961K->5023915K(10982400K), 0.0262210 secs] [Times: user=0.18 sys=0.00, real=0.02 secs] 
4903.612: [GC 4903.612: [ParNew: 2288684K->48219K(2534400K), 0.0431910 secs] 7276715K->5038109K(10982400K), 0.0435800 secs] [Times: user=0.22 sys=0.00, real=0.05 secs] 
4913.604: [GC 4913.605: [ParNew: 2301019K->39632K(2534400K), 0.0344740 secs] 7290909K->5031332K(10982400K), 0.0348790 secs] [Times: user=0.17 sys=0.00, real=0.04 secs] 
4931.212: [GC 4931.212: [ParNew: 2292432K->39510K(2534400K), 0.0503960 secs] 7284132K->5032629K(10982400K), 0.0508240 secs] [Times: user=0.26 sys=0.01, real=0.05 secs] 
4941.398: [GC 4941.399: [ParNew: 2292310K->34585K(2534400K), 0.0322190 secs] 7285429K->5029120K(10982400K), 0.0326060 secs] [Times: user=0.17 sys=0.00, real=0.04 secs] 
4946.126: [GC 4946.126: [ParNew: 2287385K->47031K(2534400K), 0.0243210 secs] 7281920K->5044011K(10982400K), 0.0246960 secs] [Times: user=0.25 sys=0.00, real=0.03 secs] 
4956.395: [GC 4956.396: [ParNew: 2299831K->41642K(2534400K), 0.0336720 secs] 7296811K->5039884K(10982400K), 0.0340650 secs] [Times: user=0.21 sys=0.00, real=0.03 secs] 
4973.561: [GC 4973.561: [ParNew: 2294442K->56972K(2534400K), 0.0475030 secs] 7292684K->5058318K(10982400K), 0.0478930 secs] [Times: user=0.26 sys=0.00, real=0.05 secs] 
4987.348: [GC 4987.348: [ParNew: 2309772K->48325K(2534400K), 0.0411390 secs] 7311118K->5051946K(10982400K), 0.0415360 secs] [Times: user=0.19 sys=0.00, real=0.04 secs] 
5000.605: [GC 5000.606: [ParNew: 2301125K->71578K(2534400K), 0.0537510 secs] 7304746K->5079120K(10982400K), 0.0541460 secs] [Times: user=0.30 sys=0.00, real=0.06 secs] 
5011.037: [GC 5011.038: [ParNew: 2324335K->59402K(2534400K), 0.0434500 secs] 7331878K->5068625K(10982400K), 0.0438330 secs] [Times: user=0.22 sys=0.00, real=0.05 secs] 
5017.730: [GC 5017.730: [ParNew: 2312202K->38215K(2534400K), 0.0297080 secs] 7321425K->5054384K(10982400K), 0.0300810 secs] [Times: user=0.21 sys=0.00, real=0.03 secs] 
5028.392: [GC 5028.392: [ParNew: 2291015K->90113K(2534400K), 0.0463920 secs] 7307184K->5107897K(10982400K), 0.0467780 secs] [Times: user=0.48 sys=0.00, real=0.05 secs] 
5034.630: [GC 5034.630: [ParNew: 2342913K->85587K(2534400K), 0.0545300 secs] 7360697K->5106835K(10982400K), 0.0549130 secs] [Times: user=0.24 sys=0.00, real=0.06 secs] 
5044.287: [GC 5044.287: [ParNew: 2338387K->33962K(2534400K), 0.0363060 secs] 7359635K->5060148K(10982400K), 0.0366830 secs] [Times: user=0.18 sys=0.00, real=0.03 secs] 
5051.445: [GC 5051.445: [ParNew: 2286762K->35336K(2534400K), 0.0257860 secs] 7312948K->5063103K(10982400K), 0.0261540 secs] [Times: user=0.17 sys=0.00, real=0.03 secs] 
5063.112: [GC 5063.112: [ParNew: 2288136K->61215K(2534400K), 0.0601200 secs] 7315903K->5091276K(10982400K), 0.0604960 secs] [Times: user=0.20 sys=0.00, real=0.06 secs] 
5073.461: [GC 5073.462: [ParNew: 2314015K->28838K(2534400K), 0.0261820 secs] 7344076K->5060291K(10982400K), 0.0265720 secs] [Times: user=0.17 sys=0.01, real=0.02 secs] 
5087.360: [GC 5087.360: [ParNew: 2281638K->33113K(2534400K), 0.0369250 secs] 7313091K->5066145K(10982400K), 0.0372960 secs] [Times: user=0.17 sys=0.00, real=0.04 secs] 
5094.604: [GC 5094.604: [ParNew: 2285913K->54059K(2534400K), 0.0406100 secs] 7318945K->5087904K(10982400K), 0.0409890 secs] [Times: user=0.30 sys=0.00, real=0.04 secs] 
5112.487: [GC 5112.487: [ParNew: 2306859K->49584K(2534400K), 0.0441700 secs] 7340704K->5085290K(10982400K), 0.0445400 secs] [Times: user=0.20 sys=0.00, real=0.04 secs] 
5128.729: [GC 5128.730: [ParNew: 2302384K->51243K(2534400K), 0.0428460 secs] 7338090K->5087695K(10982400K), 0.0432470 secs] [Times: user=0.25 sys=0.00, real=0.04 secs] 
5139.310: [GC 5139.310: [ParNew: 2304043K->38360K(2534400K), 0.0340710 secs] 7340495K->5076308K(10982400K), 0.0344280 secs] [Times: user=0.20 sys=0.00, real=0.03 secs] 
5144.405: [GC 5144.406: [ParNew: 2291160K->29673K(2534400K), 0.0242190 secs] 7329108K->5069076K(10982400K), 0.0245960 secs] [Times: user=0.16 sys=0.00, real=0.03 secs] 
5152.664: [GC 5152.665: [ParNew: 2282473K->27964K(2534400K), 0.0241160 secs] 7321876K->5069677K(10982400K), 0.0244540 secs] [Times: user=0.15 sys=0.00, real=0.02 secs] 
5165.074: [GC 5165.074: [ParNew: 2280764K->32725K(2534400K), 0.0414710 secs] 7322477K->5075525K(10982400K), 0.0418500 secs] [Times: user=0.24 sys=0.00, real=0.04 secs] 
5175.262: [GC 5175.263: [ParNew: 2285525K->35986K(2534400K), 0.0300790 secs] 7328325K->5080044K(10982400K), 0.0304660 secs] [Times: user=0.18 sys=0.00, real=0.03 secs] 
5182.560: [GC 5182.560: [ParNew: 2288786K->44402K(2534400K), 0.0301450 secs] 7332844K->5090313K(10982400K), 0.0305200 secs] [Times: user=0.23 sys=0.01, real=0.03 secs] 
5198.786: [GC 5198.786: [ParNew: 2297202K->40766K(2534400K), 0.0443230 secs] 7343113K->5087201K(10982400K), 0.0447020 secs] [Times: user=0.22 sys=0.00, real=0.05 secs] 
5212.523: [GC 5212.523: [ParNew: 2293566K->32291K(2534400K), 0.0410150 secs] 7340001K->5079844K(10982400K), 0.0413920 secs] [Times: user=0.23 sys=0.00, real=0.04 secs] 
5219.539: [GC 5219.539: [ParNew: 2285091K->57604K(2534400K), 0.0414690 secs] 7332644K->5106532K(10982400K), 0.0418500 secs] [Times: user=0.31 sys=0.00, real=0.04 secs] 
5232.057: [GC 5232.057: [ParNew: 2310404K->44940K(2534400K), 0.0400600 secs] 7359332K->5094972K(10982400K), 0.0404410 secs] [Times: user=0.24 sys=0.00, real=0.04 secs] 
5243.772: [GC 5243.773: [ParNew: 2297740K->57425K(2534400K), 0.0420690 secs] 7347772K->5108926K(10982400K), 0.0424440 secs] [Times: user=0.31 sys=0.00, real=0.05 secs] 
5252.369: [GC 5252.369: [ParNew: 2310225K->75503K(2534400K), 0.0407090 secs] 7361726K->5128677K(10982400K), 0.0410820 secs] [Times: user=0.34 sys=0.01, real=0.04 secs] 
5263.061: [GC 5263.061: [ParNew: 2328262K->51319K(2534400K), 0.0302640 secs] 7381437K->5106260K(10982400K), 0.0306220 secs] [Times: user=0.16 sys=0.00, real=0.03 secs] 
5271.211: [GC 5271.211: [ParNew: 2304119K->36899K(2534400K), 0.0282930 secs] 7359060K->5093967K(10982400K), 0.0286560 secs] [Times: user=0.18 sys=0.00, real=0.03 secs] 
5276.738: [GC 5276.738: [ParNew: 2289699K->35054K(2534400K), 0.0304370 secs] 7346767K->5093528K(10982400K), 0.0307940 secs] [Times: user=0.18 sys=0.00, real=0.03 secs] 
5292.581: [GC 5292.582: [ParNew: 2287854K->68614K(2534400K), 0.0489870 secs] 7346328K->5130597K(10982400K), 0.0493510 secs] [Times: user=0.36 sys=0.01, real=0.05 secs] 
5311.586: [GC 5311.586: [ParNew: 2321414K->74863K(2534400K), 0.0536320 secs] 7383397K->5137527K(10982400K), 0.0539920 secs] [Times: user=0.34 sys=0.00, real=0.05 secs] 
5320.568: [GC 5320.568: [ParNew: 2327663K->77531K(2534400K), 0.0356850 secs] 7390327K->5142764K(10982400K), 0.0360330 secs] [Times: user=0.35 sys=0.01, real=0.03 secs] 
5331.483: [GC 5331.483: [ParNew: 2330331K->58115K(2534400K), 0.0359200 secs] 7395564K->5125093K(10982400K), 0.0362790 secs] [Times: user=0.18 sys=0.00, real=0.04 secs] 
5339.853: [GC 5339.853: [ParNew: 2310915K->39396K(2534400K), 0.0392190 secs] 7377893K->5110439K(10982400K), 0.0395730 secs] [Times: user=0.21 sys=0.00, real=0.04 secs] 
5339.894: [GC [1 CMS-initial-mark: 5071042K(8448000K)] 5110642K(10982400K), 0.0397800 secs] [Times: user=0.04 sys=0.00, real=0.04 secs] 
5346.017: [GC[YG occupancy: 1020001 K (2534400 K)]5346.017: [Rescan (parallel) , 0.1840290 secs]5346.201: [weak refs processing, 0.2314620 secs] [1 CMS-remark: 5071042K(8448000K)] 6091043K(10982400K), 0.4166340 secs] [Times: user=4.00 sys=0.02, real=0.42 secs] 
5356.238: [GC 5356.238: [ParNew: 2292196K->50350K(2534400K), 0.0446520 secs] 4839310K->2600555K(10982400K), 0.0450180 secs] [Times: user=0.24 sys=0.00, real=0.05 secs] 
5367.805: [GC 5367.805: [ParNew: 2303150K->69388K(2534400K), 0.0410770 secs] 4853355K->2622024K(10982400K), 0.0414380 secs] [Times: user=0.31 sys=0.00, real=0.04 secs] 
5379.872: [GC 5379.873: [ParNew: 2322188K->75178K(2534400K), 0.0399100 secs] 4874824K->2629737K(10982400K), 0.0402510 secs] [Times: user=0.31 sys=0.00, real=0.04 secs] 
5392.639: [GC 5392.639: [ParNew: 2327978K->58050K(2534400K), 0.0397080 secs] 4882537K->2616849K(10982400K), 0.0400500 secs] [Times: user=0.22 sys=0.00, real=0.04 secs] 
5398.222: [GC 5398.222: [ParNew: 2310850K->44594K(2534400K), 0.0336080 secs] 4869649K->2608521K(10982400K), 0.0339830 secs] [Times: user=0.21 sys=0.00, real=0.03 secs] 
5408.961: [GC 5408.962: [ParNew: 2297394K->66953K(2534400K), 0.0358470 secs] 4861321K->2634393K(10982400K), 0.0362410 secs] [Times: user=0.20 sys=0.00, real=0.03 secs] 
5414.920: [GC 5414.920: [ParNew: 2319753K->117772K(2534400K), 0.0388970 secs] 4887193K->2688695K(10982400K), 0.0392750 secs] [Times: user=0.44 sys=0.00, real=0.04 secs] 
5424.726: [GC 5424.726: [ParNew: 2370572K->110004K(2534400K), 0.0390550 secs] 4941495K->2683558K(10982400K), 0.0394360 secs] [Times: user=0.37 sys=0.00, real=0.04 secs] 
5432.125: [GC 5432.125: [ParNew: 2362804K->163825K(2534400K), 0.0558630 secs] 4936358K->2738646K(10982400K), 0.0562490 secs] [Times: user=0.59 sys=0.00, real=0.05 secs] 
5445.896: [GC 5445.896: [ParNew: 2416585K->141155K(2534400K), 0.0501440 secs] 4991406K->2717563K(10982400K), 0.0505230 secs] [Times: user=0.41 sys=0.00, real=0.05 secs] 
5453.122: [GC 5453.122: [ParNew: 2393955K->104068K(2534400K), 0.0620510 secs] 4970363K->2741942K(10982400K), 0.0624240 secs] [Times: user=0.53 sys=0.02, real=0.06 secs] 
5465.751: [GC 5465.752: [ParNew: 2356868K->61711K(2534400K), 0.0437940 secs] 4994742K->2701141K(10982400K), 0.0441710 secs] [Times: user=0.27 sys=0.00, real=0.04 secs] 
5478.380: [GC 5478.381: [ParNew: 2314511K->125533K(2534400K), 0.0798060 secs] 4953941K->2766374K(10982400K), 0.0801680 secs] [Times: user=0.28 sys=0.01, real=0.09 secs] 
5484.493: [GC 5484.494: [ParNew: 2378333K->104839K(2534400K), 0.0336550 secs] 5019174K->2748335K(10982400K), 0.0340190 secs] [Times: user=0.35 sys=0.00, real=0.03 secs] 
5492.346: [GC 5492.347: [ParNew: 2357639K->83554K(2534400K), 0.0408230 secs] 5001135K->2729806K(10982400K), 0.0411900 secs] [Times: user=0.24 sys=0.00, real=0.04 secs] 
5501.004: [GC 5501.005: [ParNew: 2336354K->79102K(2534400K), 0.0271490 secs] 4982606K->2726768K(10982400K), 0.0275110 secs] [Times: user=0.22 sys=0.00, real=0.02 secs] 
5508.141: [GC 5508.141: [ParNew: 2331902K->57157K(2534400K), 0.0369450 secs] 4979568K->2737037K(10982400K), 0.0373060 secs] [Times: user=0.26 sys=0.01, real=0.04 secs] 
5514.198: [GC 5514.198: [ParNew: 2309957K->42437K(2534400K), 0.0386910 secs] 4989837K->2725614K(10982400K), 0.0390560 secs] [Times: user=0.30 sys=0.01, real=0.04 secs] 
5525.110: [GC 5525.110: [ParNew: 2295237K->40526K(2534400K), 0.0421250 secs] 4978414K->2727946K(10982400K), 0.0424740 secs] [Times: user=0.29 sys=0.00, real=0.04 secs] 
5530.034: [GC 5530.034: [ParNew: 2293326K->54629K(2534400K), 0.0291770 secs] 4980746K->2744718K(10982400K), 0.0295320 secs] [Times: user=0.30 sys=0.00, real=0.03 secs] 
5543.310: [GC 5543.311: [ParNew: 2307429K->77897K(2534400K), 0.0455840 secs] 4997518K->2770727K(10982400K), 0.0459580 secs] [Times: user=0.35 sys=0.00, real=0.05 secs] 
5558.409: [GC 5558.409: [ParNew: 2330697K->54581K(2534400K), 0.0436860 secs] 5023527K->2753094K(10982400K), 0.0440460 secs] [Times: user=0.26 sys=0.00, real=0.05 secs] 
5569.051: [GC 5569.052: [ParNew: 2307381K->35526K(2534400K), 0.0354970 secs] 5005894K->2736963K(10982400K), 0.0358380 secs] [Times: user=0.20 sys=0.00, real=0.04 secs] 
5584.719: [GC 5584.719: [ParNew: 2288326K->38537K(2534400K), 0.0531450 secs] 4989763K->2742813K(10982400K), 0.0535010 secs] [Times: user=0.30 sys=0.00, real=0.05 secs] 
5592.493: [GC 5592.493: [ParNew: 2291337K->46220K(2534400K), 0.0323560 secs] 4995613K->2752769K(10982400K), 0.0327140 secs] [Times: user=0.22 sys=0.00, real=0.03 secs] 
5605.598: [GC 5605.598: [ParNew: 2299020K->50175K(2534400K), 0.0413850 secs] 5005569K->2759469K(10982400K), 0.0417380 secs] [Times: user=0.23 sys=0.01, real=0.05 secs] 
5619.949: [GC 5619.949: [ParNew: 2302975K->90020K(2534400K), 0.0474440 secs] 5012269K->2800513K(10982400K), 0.0478090 secs] [Times: user=0.45 sys=0.01, real=0.05 secs] 
5632.395: [GC 5632.395: [ParNew: 2342820K->65428K(2534400K), 0.0384000 secs] 5053313K->2777653K(10982400K), 0.0387570 secs] [Times: user=0.21 sys=0.01, real=0.03 secs] 
5644.157: [GC 5644.157: [ParNew: 2318228K->45218K(2534400K), 0.0425830 secs] 5030453K->2764129K(10982400K), 0.0429440 secs] [Times: user=0.23 sys=0.01, real=0.04 secs] 
5656.003: [GC 5656.003: [ParNew: 2298018K->36934K(2534400K), 0.0349690 secs] 5016929K->2764863K(10982400K), 0.0353210 secs] [Times: user=0.20 sys=0.00, real=0.04 secs] 
5671.224: [GC 5671.224: [ParNew: 2289734K->39634K(2534400K), 0.0440210 secs] 5017663K->2769903K(10982400K), 0.0443730 secs] [Times: user=0.26 sys=0.00, real=0.04 secs] 
5692.200: [GC 5692.200: [ParNew: 2292434K->60887K(2534400K), 0.0503400 secs] 5022703K->2792503K(10982400K), 0.0507000 secs] [Times: user=0.30 sys=0.01, real=0.05 secs] 
5706.789: [GC 5706.790: [ParNew: 2313687K->51440K(2534400K), 0.0497410 secs] 5045303K->2786672K(10982400K), 0.0501000 secs] [Times: user=0.22 sys=0.01, real=0.05 secs] 
5722.128: [GC 5722.128: [ParNew: 2304240K->50493K(2534400K), 0.0445420 secs] 5039472K->2786874K(10982400K), 0.0448990 secs] [Times: user=0.24 sys=0.00, real=0.04 secs] 
5735.319: [GC 5735.319: [ParNew: 2303293K->45694K(2534400K), 0.0459100 secs] 5039674K->2788420K(10982400K), 0.0462690 secs] [Times: user=0.23 sys=0.01, real=0.05 secs] 
5752.828: [GC 5752.828: [ParNew: 2298494K->43639K(2534400K), 0.0536650 secs] 5041220K->2791508K(10982400K), 0.0540270 secs] [Times: user=0.29 sys=0.00, real=0.05 secs] 
5774.343: [GC 5774.343: [ParNew: 2296439K->45746K(2534400K), 0.0654800 secs] 5044308K->2796737K(10982400K), 0.0658380 secs] [Times: user=0.41 sys=0.00, real=0.07 secs] 
5782.058: [GC 5782.058: [ParNew: 2298542K->32940K(2534400K), 0.0269570 secs] 5049533K->2787661K(10982400K), 0.0273070 secs] [Times: user=0.18 sys=0.00, real=0.02 secs] 
5786.893: [GC 5786.893: [ParNew: 2285740K->43132K(2534400K), 0.0262130 secs] 5040461K->2799425K(10982400K), 0.0265550 secs] [Times: user=0.22 sys=0.00, real=0.03 secs] 
5800.506: [GC 5800.506: [ParNew: 2295932K->39654K(2534400K), 0.0431820 secs] 5052225K->2798265K(10982400K), 0.0435370 secs] [Times: user=0.23 sys=0.01, real=0.04 secs] 
5813.054: [GC 5813.054: [ParNew: 2292435K->30032K(2534400K), 0.0432860 secs] 5051046K->2790974K(10982400K), 0.0436410 secs] [Times: user=0.26 sys=0.00, real=0.04 secs] 
5825.361: [GC 5825.361: [ParNew: 2282832K->39997K(2534400K), 0.0398640 secs] 5043774K->2802303K(10982400K), 0.0402040 secs] [Times: user=0.22 sys=0.00, real=0.04 secs] 
5841.371: [GC 5841.371: [ParNew: 2292797K->44262K(2534400K), 0.0485020 secs] 5055103K->2808208K(10982400K), 0.0488600 secs] [Times: user=0.30 sys=0.01, real=0.05 secs] 
5855.070: [GC 5855.070: [ParNew: 2297062K->44110K(2534400K), 0.0407940 secs] 5061008K->2809033K(10982400K), 0.0411440 secs] [Times: user=0.20 sys=0.00, real=0.04 secs] 
5859.529: [GC 5859.530: [ParNew: 2296913K->48310K(2534400K), 0.0253490 secs] 5061836K->2814446K(10982400K), 0.0256860 secs] [Times: user=0.27 sys=0.00, real=0.02 secs] 
5859.556: [GC 5859.556: [ParNew: 51369K->50900K(2534400K), 0.0138750 secs] 2817505K->2820507K(10982400K), 0.0140980 secs] [Times: user=0.25 sys=0.00, real=0.02 secs] 
5864.032: [GC 5864.032: [ParNew: 2303700K->43409K(2534400K), 0.0272840 secs] 5073307K->2819125K(10982400K), 0.0276310 secs] [Times: user=0.21 sys=0.00, real=0.03 secs] 
5868.443: [GC 5868.443: [ParNew: 2296209K->31803K(2534400K), 0.0229240 secs] 5071925K->2811225K(10982400K), 0.0232710 secs] [Times: user=0.20 sys=0.00, real=0.02 secs] 
5872.925: [GC 5872.925: [ParNew: 2284603K->28834K(2534400K), 0.0226800 secs] 5064025K->2810376K(10982400K), 0.0230180 secs] [Times: user=0.15 sys=0.00, real=0.02 secs] 
5883.659: [GC 5883.659: [ParNew: 2281634K->33932K(2534400K), 0.0431160 secs] 5063176K->2815475K(10982400K), 0.0434470 secs] [Times: user=0.27 sys=0.00, real=0.05 secs] 
5893.994: [GC 5893.994: [ParNew: 2286732K->42639K(2534400K), 0.0354260 secs] 5068275K->2827649K(10982400K), 0.0357800 secs] [Times: user=0.23 sys=0.00, real=0.03 secs] 
5906.351: [GC 5906.352: [ParNew: 2295439K->38494K(2534400K), 0.0406140 secs] 5080449K->2825276K(10982400K), 0.0409690 secs] [Times: user=0.24 sys=0.00, real=0.04 secs] 
5913.149: [GC 5913.150: [ParNew: 2291294K->40179K(2534400K), 0.0354390 secs] 5078076K->2828561K(10982400K), 0.0358160 secs] [Times: user=0.19 sys=0.01, real=0.03 secs] 
5924.690: [GC 5924.690: [ParNew: 2292979K->38157K(2534400K), 0.0371720 secs] 5081361K->2829146K(10982400K), 0.0375420 secs] [Times: user=0.22 sys=0.00, real=0.03 secs] 
5934.115: [GC 5934.115: [ParNew: 2290957K->35517K(2534400K), 0.0395040 secs] 5081946K->2830192K(10982400K), 0.0398810 secs] [Times: user=0.23 sys=0.00, real=0.04 secs] 
5949.894: [GC 5949.895: [ParNew: 2288317K->55940K(2534400K), 0.0457860 secs] 5082992K->2852825K(10982400K), 0.0460660 secs] [Times: user=0.29 sys=0.00, real=0.04 secs] 
5961.935: [GC 5961.935: [ParNew: 2308740K->40382K(2534400K), 0.0356470 secs] 5105625K->2840118K(10982400K), 0.0359370 secs] [Times: user=0.18 sys=0.01, real=0.03 secs] 
5975.453: [GC 5975.454: [ParNew: 2293182K->30475K(2534400K), 0.0435840 secs] 5092918K->2831682K(10982400K), 0.0438610 secs] [Times: user=0.29 sys=0.00, real=0.05 secs] 
5987.635: [GC 5987.635: [ParNew: 2283275K->32419K(2534400K), 0.0391870 secs] 5084482K->2834856K(10982400K), 0.0394640 secs] [Times: user=0.21 sys=0.00, real=0.04 secs] 
5995.003: [GC 5995.004: [ParNew: 2285219K->29968K(2534400K), 0.0397360 secs] 5087656K->2834053K(10982400K), 0.0400000 secs] [Times: user=0.25 sys=0.00, real=0.04 secs] 
6007.990: [GC 6007.991: [ParNew: 2282768K->32402K(2534400K), 0.0414960 secs] 5086853K->2837463K(10982400K), 0.0417910 secs] [Times: user=0.21 sys=0.00, real=0.05 secs] 
6024.480: [GC 6024.480: [ParNew: 2285202K->60263K(2534400K), 0.0467910 secs] 5090263K->2867337K(10982400K), 0.0470820 secs] [Times: user=0.30 sys=0.00, real=0.05 secs] 
6038.261: [GC 6038.261: [ParNew: 2313063K->49605K(2534400K), 0.0472090 secs] 5120137K->2858383K(10982400K), 0.0474650 secs] [Times: user=0.26 sys=0.01, real=0.05 secs] 
6043.829: [GC 6043.829: [ParNew: 2302405K->34020K(2534400K), 0.0236090 secs] 5111183K->2843882K(10982400K), 0.0238800 secs] [Times: user=0.18 sys=0.01, real=0.02 secs] 
6057.680: [GC 6057.681: [ParNew: 2286820K->42719K(2534400K), 0.0497470 secs] 5096682K->2854734K(10982400K), 0.0500010 secs] [Times: user=0.32 sys=0.01, real=0.05 secs] 
6071.317: [GC 6071.317: [ParNew: 2295375K->39710K(2534400K), 0.0407150 secs] 5107391K->2856260K(10982400K), 0.0409950 secs] [Times: user=0.24 sys=0.00, real=0.04 secs] 
6082.881: [GC 6082.881: [ParNew: 2292510K->44373K(2534400K), 0.0397880 secs] 5109060K->2865795K(10982400K), 0.0400630 secs] [Times: user=0.25 sys=0.00, real=0.04 secs] 
6097.778: [GC 6097.778: [ParNew: 2297173K->64382K(2534400K), 0.0429620 secs] 5118595K->2886979K(10982400K), 0.0432420 secs] [Times: user=0.31 sys=0.00, real=0.04 secs] 
6112.510: [GC 6112.510: [ParNew: 2317182K->59410K(2534400K), 0.0412200 secs] 5139779K->2883649K(10982400K), 0.0414980 secs] [Times: user=0.27 sys=0.00, real=0.04 secs] 
6122.112: [GC 6122.112: [ParNew: 2312210K->47040K(2534400K), 0.0462870 secs] 5136449K->2874546K(10982400K), 0.0465610 secs] [Times: user=0.26 sys=0.00, real=0.04 secs] 
6141.213: [GC 6141.213: [ParNew: 2299840K->83946K(2534400K), 0.0535690 secs] 5127346K->2913580K(10982400K), 0.0538430 secs] [Times: user=0.29 sys=0.00, real=0.05 secs] 
6155.886: [GC 6155.887: [ParNew: 2336746K->65862K(2534400K), 0.0479740 secs] 5166380K->2898095K(10982400K), 0.0482460 secs] [Times: user=0.24 sys=0.00, real=0.05 secs] 
6166.552: [GC 6166.552: [ParNew: 2318602K->36835K(2534400K), 0.0320020 secs] 5150835K->2870941K(10982400K), 0.0322850 secs] [Times: user=0.19 sys=0.00, real=0.03 secs] 
6170.057: [GC 6170.057: [ParNew: 2289635K->49588K(2534400K), 0.0226670 secs] 5123741K->2885397K(10982400K), 0.0229310 secs] [Times: user=0.22 sys=0.01, real=0.02 secs] 
6173.166: [GC 6173.166: [ParNew: 2302388K->39428K(2534400K), 0.0244330 secs] 5138197K->2879945K(10982400K), 0.0246960 secs] [Times: user=0.21 sys=0.00, real=0.03 secs] 
6181.471: [GC 6181.472: [ParNew: 2292228K->34366K(2534400K), 0.0375860 secs] 5132745K->2876996K(10982400K), 0.0378560 secs] [Times: user=0.25 sys=0.00, real=0.04 secs] 
6195.329: [GC 6195.329: [ParNew: 2287166K->39090K(2534400K), 0.0420130 secs] 5129796K->2884790K(10982400K), 0.0422940 secs] [Times: user=0.26 sys=0.00, real=0.05 secs] 
6210.574: [GC 6210.574: [ParNew: 2291890K->37876K(2534400K), 0.0434370 secs] 5137590K->2885738K(10982400K), 0.0437180 secs] [Times: user=0.26 sys=0.00, real=0.04 secs] 
6225.126: [GC 6225.126: [ParNew: 2290676K->56803K(2534400K), 0.0479770 secs] 5138538K->2905740K(10982400K), 0.0482590 secs] [Times: user=0.33 sys=0.00, real=0.05 secs] 
6239.489: [GC 6239.490: [ParNew: 2309603K->58427K(2534400K), 0.0542890 secs] 5158540K->2910482K(10982400K), 0.0545630 secs] [Times: user=0.28 sys=0.01, real=0.05 secs] 
6252.738: [GC 6252.739: [ParNew: 2311227K->62903K(2534400K), 0.0430660 secs] 5163282K->2917168K(10982400K), 0.0433490 secs] [Times: user=0.26 sys=0.01, real=0.05 secs] 
6264.770: [GC 6264.771: [ParNew: 2315703K->79436K(2534400K), 0.0450840 secs] 5169968K->2937328K(10982400K), 0.0453640 secs] [Times: user=0.31 sys=0.00, real=0.05 secs] 
6276.105: [GC 6276.105: [ParNew: 2332236K->68197K(2534400K), 0.0539150 secs] 5190128K->2940648K(10982400K), 0.0541910 secs] [Times: user=0.35 sys=0.00, real=0.05 secs] 
6292.547: [GC 6292.547: [ParNew: 2320997K->53574K(2534400K), 0.0529510 secs] 5193448K->2927714K(10982400K), 0.0532350 secs] [Times: user=0.30 sys=0.00, real=0.05 secs] 
6296.323: [GC 6296.323: [ParNew: 2306374K->30162K(2534400K), 0.0273860 secs] 5180514K->2906731K(10982400K), 0.0276510 secs] [Times: user=0.16 sys=0.00, real=0.03 secs] 
6300.333: [GC 6300.334: [ParNew: 2282962K->62389K(2534400K), 0.0269910 secs] 5159531K->2941477K(10982400K), 0.0273980 secs] [Times: user=0.19 sys=0.00, real=0.03 secs] 
6314.272: [GC 6314.272: [ParNew: 2315189K->79830K(2534400K), 0.0425920 secs] 5194277K->2960903K(10982400K), 0.0430310 secs] [Times: user=0.28 sys=0.00, real=0.04 secs] 
6325.789: [GC 6325.789: [ParNew: 2332630K->84332K(2534400K), 0.0431110 secs] 5213703K->2967867K(10982400K), 0.0435090 secs] [Times: user=0.30 sys=0.00, real=0.05 secs] 
6334.516: [GC 6334.516: [ParNew: 2337132K->76779K(2534400K), 0.0294450 secs] 5220667K->2960985K(10982400K), 0.0298460 secs] [Times: user=0.19 sys=0.00, real=0.03 secs] 
6344.713: [GC 6344.713: [ParNew: 2329579K->55468K(2534400K), 0.0415850 secs] 5213785K->2964393K(10982400K), 0.0419840 secs] [Times: user=0.20 sys=0.00, real=0.04 secs] 
6353.360: [GC 6353.360: [ParNew: 2308268K->33942K(2534400K), 0.0390190 secs] 5217193K->2946264K(10982400K), 0.0394090 secs] [Times: user=0.26 sys=0.01, real=0.04 secs] 
6363.280: [GC 6363.280: [ParNew: 2286742K->31827K(2534400K), 0.0401690 secs] 5199064K->2946671K(10982400K), 0.0405600 secs] [Times: user=0.28 sys=0.00, real=0.04 secs] 
6377.351: [GC 6377.351: [ParNew: 2284627K->50107K(2534400K), 0.0409880 secs] 5199471K->2966871K(10982400K), 0.0413920 secs] [Times: user=0.23 sys=0.00, real=0.04 secs] 
6386.662: [GC 6386.662: [ParNew: 2302907K->43543K(2534400K), 0.0323920 secs] 5219671K->2962430K(10982400K), 0.0327870 secs] [Times: user=0.21 sys=0.00, real=0.03 secs] 
6400.891: [GC 6400.891: [ParNew: 2296343K->38420K(2534400K), 0.0424740 secs] 5215230K->2959059K(10982400K), 0.0428670 secs] [Times: user=0.24 sys=0.00, real=0.05 secs] 
6413.006: [GC 6413.006: [ParNew: 2291220K->56243K(2534400K), 0.0402700 secs] 5211859K->2979608K(10982400K), 0.0406680 secs] [Times: user=0.31 sys=0.00, real=0.04 secs] 
6420.414: [GC 6420.414: [ParNew: 2309043K->40595K(2534400K), 0.0354320 secs] 5232408K->2966211K(10982400K), 0.0357970 secs] [Times: user=0.23 sys=0.00, real=0.03 secs] 
6427.651: [GC 6427.651: [ParNew: 2293395K->40498K(2534400K), 0.0267030 secs] 5219011K->2967669K(10982400K), 0.0271170 secs] [Times: user=0.21 sys=0.01, real=0.03 secs] 
6433.656: [GC 6433.656: [ParNew: 2293298K->45443K(2534400K), 0.0258320 secs] 5220469K->2974337K(10982400K), 0.0262240 secs] [Times: user=0.21 sys=0.00, real=0.02 secs] 
6441.668: [GC 6441.668: [ParNew: 2298243K->48658K(2534400K), 0.0315190 secs] 5227137K->2980318K(10982400K), 0.0319100 secs] [Times: user=0.22 sys=0.00, real=0.03 secs] 
6457.629: [GC 6457.629: [ParNew: 2301458K->47800K(2534400K), 0.0395020 secs] 5233118K->2982265K(10982400K), 0.0399070 secs] [Times: user=0.22 sys=0.00, real=0.04 secs] 
6464.927: [GC 6464.927: [ParNew: 2300600K->63164K(2534400K), 0.0357150 secs] 5235065K->2998678K(10982400K), 0.0361000 secs] [Times: user=0.32 sys=0.00, real=0.04 secs] 
6476.883: [GC 6476.883: [ParNew: 2315964K->56678K(2534400K), 0.0461690 secs] 5251478K->2995950K(10982400K), 0.0465440 secs] [Times: user=0.26 sys=0.00, real=0.05 secs] 
6486.265: [GC 6486.265: [ParNew: 2309478K->41484K(2534400K), 0.0332410 secs] 5248750K->2983379K(10982400K), 0.0336090 secs] [Times: user=0.19 sys=0.01, real=0.03 secs] 
6497.253: [GC 6497.253: [ParNew: 2294284K->44876K(2534400K), 0.0406740 secs] 5236179K->2990164K(10982400K), 0.0410700 secs] [Times: user=0.32 sys=0.00, real=0.04 secs] 
6509.769: [GC 6509.770: [ParNew: 2297676K->54204K(2534400K), 0.0376770 secs] 5242964K->3001218K(10982400K), 0.0380740 secs] [Times: user=0.21 sys=0.00, real=0.04 secs] 
6516.373: [GC 6516.373: [ParNew: 2307004K->62910K(2534400K), 0.0286430 secs] 5254018K->3012559K(10982400K), 0.0290400 secs] [Times: user=0.24 sys=0.00, real=0.03 secs] 
6530.919: [GC 6530.920: [ParNew: 2315710K->83646K(2534400K), 0.0436760 secs] 5265359K->3034543K(10982400K), 0.0440670 secs] [Times: user=0.32 sys=0.00, real=0.05 secs] 
6538.060: [GC 6538.061: [ParNew: 2336446K->55356K(2534400K), 0.0455010 secs] 5287343K->3021884K(10982400K), 0.0458920 secs] [Times: user=0.26 sys=0.01, real=0.05 secs] 
6555.485: [GC 6555.485: [ParNew: 2308134K->55757K(2534400K), 0.0454930 secs] 5274661K->3026521K(10982400K), 0.0458910 secs] [Times: user=0.26 sys=0.00, real=0.04 secs] 
6559.129: [GC 6559.129: [ParNew: 2308557K->54317K(2534400K), 0.0262050 secs] 5279321K->3027678K(10982400K), 0.0265970 secs] [Times: user=0.29 sys=0.00, real=0.03 secs] 
6569.309: [GC 6569.310: [ParNew: 2307117K->43097K(2534400K), 0.0386680 secs] 5280478K->3019770K(10982400K), 0.0390660 secs] [Times: user=0.24 sys=0.01, real=0.04 secs] 
6583.524: [GC 6583.524: [ParNew: 2295897K->46070K(2534400K), 0.0421310 secs] 5272570K->3024172K(10982400K), 0.0425340 secs] [Times: user=0.21 sys=0.00, real=0.04 secs] 
6594.441: [GC 6594.441: [ParNew: 2298870K->36844K(2534400K), 0.0398670 secs] 5276972K->3017285K(10982400K), 0.0402580 secs] [Times: user=0.20 sys=0.00, real=0.04 secs] 
6604.894: [GC 6604.894: [ParNew: 2289644K->45193K(2534400K), 0.0346240 secs] 5270085K->3026415K(10982400K), 0.0350210 secs] [Times: user=0.21 sys=0.00, real=0.03 secs] 
6616.894: [GC 6616.895: [ParNew: 2297993K->38173K(2534400K), 0.0345920 secs] 5279215K->3022004K(10982400K), 0.0349550 secs] [Times: user=0.19 sys=0.00, real=0.03 secs] 
6636.419: [GC 6636.419: [ParNew: 2290973K->40721K(2534400K), 0.0505820 secs] 5274804K->3026434K(10982400K), 0.0509710 secs] [Times: user=0.30 sys=0.00, real=0.05 secs] 
6646.588: [GC 6646.588: [ParNew: 2293521K->35049K(2534400K), 0.0315130 secs] 5279234K->3022688K(10982400K), 0.0318760 secs] [Times: user=0.18 sys=0.00, real=0.04 secs] 
6660.111: [GC 6660.111: [ParNew: 2287849K->56165K(2534400K), 0.0570660 secs] 5275488K->3047186K(10982400K), 0.0574630 secs] [Times: user=0.39 sys=0.01, real=0.05 secs] 
6672.610: [GC 6672.610: [ParNew: 2308874K->43616K(2534400K), 0.0414480 secs] 5299894K->3036218K(10982400K), 0.0418510 secs] [Times: user=0.26 sys=0.00, real=0.04 secs] 
6683.321: [GC 6683.321: [ParNew: 2296389K->32656K(2534400K), 0.0326420 secs] 5288991K->3027984K(10982400K), 0.0330460 secs] [Times: user=0.18 sys=0.00, real=0.04 secs] 
6686.619: [GC 6686.619: [ParNew: 2285456K->37155K(2534400K), 0.0216750 secs] 5280784K->3034536K(10982400K), 0.0220580 secs] [Times: user=0.21 sys=0.00, real=0.02 secs] 
6690.915: [GC 6690.916: [ParNew: 2289804K->33027K(2534400K), 0.0257760 secs] 5287185K->3033976K(10982400K), 0.0261660 secs] [Times: user=0.17 sys=0.00, real=0.02 secs] 
6702.853: [GC 6702.854: [ParNew: 2285827K->58003K(2534400K), 0.0423440 secs] 5286776K->3060961K(10982400K), 0.0427450 secs] [Times: user=0.31 sys=0.00, real=0.04 secs] 
6713.772: [GC 6713.772: [ParNew: 2310803K->71305K(2534400K), 0.0452560 secs] 5313761K->3076771K(10982400K), 0.0456600 secs] [Times: user=0.32 sys=0.00, real=0.04 secs] 
6722.056: [GC 6722.056: [ParNew: 2324105K->63311K(2534400K), 0.0392690 secs] 5329571K->3069249K(10982400K), 0.0396700 secs] [Times: user=0.32 sys=0.01, real=0.04 secs] 
6729.017: [GC 6729.017: [ParNew: 2316111K->45047K(2534400K), 0.0277230 secs] 5322049K->3053383K(10982400K), 0.0281160 secs] [Times: user=0.17 sys=0.01, real=0.03 secs] 
6732.930: [GC 6732.930: [ParNew: 2297847K->61324K(2534400K), 0.0317550 secs] 5306183K->3073869K(10982400K), 0.0321400 secs] [Times: user=0.35 sys=0.00, real=0.04 secs] 
6737.500: [GC 6737.500: [ParNew: 2314124K->43741K(2534400K), 0.0236660 secs] 5326669K->3058353K(10982400K), 0.0240680 secs] [Times: user=0.17 sys=0.00, real=0.03 secs] 
6746.240: [GC 6746.240: [ParNew: 2296541K->45874K(2534400K), 0.0331800 secs] 5311153K->3063883K(10982400K), 0.0335730 secs] [Times: user=0.22 sys=0.00, real=0.03 secs] 
6754.442: [GC 6754.443: [ParNew: 2298674K->46269K(2534400K), 0.0319400 secs] 5316683K->3065793K(10982400K), 0.0323370 secs] [Times: user=0.24 sys=0.01, real=0.04 secs] 
6765.474: [GC 6765.475: [ParNew: 2299069K->97145K(2534400K), 0.0442630 secs] 5318593K->3117957K(10982400K), 0.0446630 secs] [Times: user=0.38 sys=0.01, real=0.05 secs] 
6773.743: [GC 6773.743: [ParNew: 2349945K->113434K(2534400K), 0.0455250 secs] 5370757K->3135852K(10982400K), 0.0459220 secs] [Times: user=0.42 sys=0.00, real=0.05 secs] 
6784.127: [GC 6784.127: [ParNew: 2366234K->116498K(2534400K), 0.0465170 secs] 5388652K->3142654K(10982400K), 0.0469140 secs] [Times: user=0.38 sys=0.00, real=0.05 secs] 
6793.691: [GC 6793.691: [ParNew: 2369298K->124010K(2534400K), 0.0433230 secs] 5395454K->3151398K(10982400K), 0.0437160 secs] [Times: user=0.43 sys=0.00, real=0.04 secs] 
6802.260: [GC 6802.260: [ParNew: 2376810K->92356K(2534400K), 0.0627030 secs] 5404198K->3179682K(10982400K), 0.0630970 secs] [Times: user=0.43 sys=0.02, real=0.07 secs] 
6807.713: [GC 6807.714: [ParNew: 2345156K->37695K(2534400K), 0.0240170 secs] 5432482K->3128849K(10982400K), 0.0244030 secs] [Times: user=0.18 sys=0.00, real=0.02 secs] 
6812.352: [GC 6812.352: [ParNew: 2290495K->38946K(2534400K), 0.0231340 secs] 5381649K->3134828K(10982400K), 0.0235200 secs] [Times: user=0.19 sys=0.00, real=0.03 secs] 
6816.777: [GC 6816.778: [ParNew: 2291746K->32833K(2534400K), 0.0245780 secs] 5387628K->3132051K(10982400K), 0.0249700 secs] [Times: user=0.17 sys=0.00, real=0.02 secs] 
6826.875: [GC 6826.876: [ParNew: 2285633K->53055K(2534400K), 0.0401970 secs] 5384851K->3154579K(10982400K), 0.0406460 secs] [Times: user=0.31 sys=0.00, real=0.05 secs] 
6833.492: [GC 6833.492: [ParNew: 2305855K->38377K(2534400K), 0.0296980 secs] 5407379K->3144587K(10982400K), 0.0300820 secs] [Times: user=0.15 sys=0.00, real=0.03 secs] 
6844.493: [GC 6844.493: [ParNew: 2291177K->31842K(2534400K), 0.0383130 secs] 5397387K->3138811K(10982400K), 0.0387130 secs] [Times: user=0.18 sys=0.00, real=0.04 secs] 
6853.714: [GC 6853.714: [ParNew: 2284642K->36508K(2534400K), 0.0324650 secs] 5391611K->3144382K(10982400K), 0.0328550 secs] [Times: user=0.20 sys=0.00, real=0.03 secs] 
6867.682: [GC 6867.683: [ParNew: 2289308K->68199K(2534400K), 0.0471340 secs] 5397182K->3177346K(10982400K), 0.0475310 secs] [Times: user=0.35 sys=0.00, real=0.04 secs] 
6879.186: [GC 6879.186: [ParNew: 2320999K->69284K(2534400K), 0.0371680 secs] 5430146K->3179496K(10982400K), 0.0375390 secs] [Times: user=0.30 sys=0.00, real=0.03 secs] 
6888.651: [GC 6888.651: [ParNew: 2322084K->84085K(2534400K), 0.0438290 secs] 5432296K->3198931K(10982400K), 0.0442120 secs] [Times: user=0.40 sys=0.01, real=0.05 secs] 
6900.538: [GC 6900.538: [ParNew: 2336885K->62447K(2534400K), 0.0465430 secs] 5451731K->3179043K(10982400K), 0.0469360 secs] [Times: user=0.26 sys=0.00, real=0.04 secs] 
6908.738: [GC 6908.739: [ParNew: 2315247K->58210K(2534400K), 0.0392490 secs] 5431843K->3185100K(10982400K), 0.0396600 secs] [Times: user=0.34 sys=0.00, real=0.04 secs] 
6925.173: [GC 6925.174: [ParNew: 2311010K->49705K(2534400K), 0.0487120 secs] 5437900K->3177359K(10982400K), 0.0491060 secs] [Times: user=0.28 sys=0.00, real=0.05 secs] 
6934.462: [GC 6934.463: [ParNew: 2302505K->34895K(2534400K), 0.0319430 secs] 5430159K->3164444K(10982400K), 0.0323400 secs] [Times: user=0.19 sys=0.00, real=0.03 secs] 
6942.149: [GC 6942.149: [ParNew: 2287695K->42104K(2534400K), 0.0312960 secs] 5417244K->3174298K(10982400K), 0.0316920 secs] [Times: user=0.25 sys=0.00, real=0.03 secs] 
6952.450: [GC 6952.450: [ParNew: 2294904K->49071K(2534400K), 0.0360880 secs] 5427098K->3182866K(10982400K), 0.0364930 secs] [Times: user=0.22 sys=0.00, real=0.04 secs] 
6956.755: [GC 6956.755: [ParNew: 2301871K->59057K(2534400K), 0.0368650 secs] 5435666K->3195154K(10982400K), 0.0372590 secs] [Times: user=0.31 sys=0.01, real=0.04 secs] 
6969.164: [GC 6969.165: [ParNew: 2311829K->46620K(2534400K), 0.0440330 secs] 5447926K->3185682K(10982400K), 0.0444320 secs] [Times: user=0.28 sys=0.00, real=0.05 secs] 
6976.650: [GC 6976.650: [ParNew: 2299420K->29748K(2534400K), 0.0297680 secs] 5438482K->3169762K(10982400K), 0.0301600 secs] [Times: user=0.20 sys=0.00, real=0.03 secs] 
6985.656: [GC 6985.656: [ParNew: 2282548K->34226K(2534400K), 0.0375970 secs] 5422562K->3175334K(10982400K), 0.0380080 secs] [Times: user=0.19 sys=0.01, real=0.04 secs] 
6996.104: [GC 6996.104: [ParNew: 2287026K->39143K(2534400K), 0.0396140 secs] 5428134K->3182036K(10982400K), 0.0400150 secs] [Times: user=0.18 sys=0.01, real=0.04 secs] 
7006.490: [GC 7006.490: [ParNew: 2291943K->35781K(2534400K), 0.0463300 secs] 5434836K->3182353K(10982400K), 0.0467170 secs] [Times: user=0.29 sys=0.00, real=0.05 secs] 
7012.110: [GC 7012.111: [ParNew: 2288581K->30316K(2534400K), 0.0245360 secs] 5435153K->3179588K(10982400K), 0.0249320 secs] [Times: user=0.15 sys=0.00, real=0.03 secs] 
7019.960: [GC 7019.961: [ParNew: 2283116K->38252K(2534400K), 0.0432170 secs] 5432388K->3188866K(10982400K), 0.0436140 secs] [Times: user=0.20 sys=0.00, real=0.04 secs] 
7029.745: [GC 7029.745: [ParNew: 2291052K->53617K(2534400K), 0.0384570 secs] 5441666K->3205766K(10982400K), 0.0388540 secs] [Times: user=0.28 sys=0.00, real=0.04 secs] 
7036.667: [GC 7036.667: [ParNew: 2306417K->39392K(2534400K), 0.0295660 secs] 5458566K->3194612K(10982400K), 0.0299580 secs] [Times: user=0.19 sys=0.01, real=0.03 secs] 
7046.877: [GC 7046.877: [ParNew: 2292192K->42820K(2534400K), 0.0376020 secs] 5447412K->3200799K(10982400K), 0.0379940 secs] [Times: user=0.23 sys=0.00, real=0.04 secs] 
7057.730: [GC 7057.730: [ParNew: 2295620K->45425K(2534400K), 0.0542750 secs] 5453599K->3204426K(10982400K), 0.0546750 secs] [Times: user=0.24 sys=0.00, real=0.06 secs] 
7067.622: [GC 7067.622: [ParNew: 2298225K->39844K(2534400K), 0.0381870 secs] 5457226K->3201008K(10982400K), 0.0385910 secs] [Times: user=0.29 sys=0.00, real=0.04 secs] 
7071.959: [GC 7071.959: [ParNew: 2292644K->45026K(2534400K), 0.0262630 secs] 5453808K->3208906K(10982400K), 0.0266310 secs] [Times: user=0.24 sys=0.00, real=0.03 secs] 
7079.630: [GC 7079.630: [ParNew: 2297826K->42820K(2534400K), 0.0453230 secs] 5461706K->3210060K(10982400K), 0.0457210 secs] [Times: user=0.27 sys=0.01, real=0.05 secs] 
7090.483: [GC 7090.483: [ParNew: 2295620K->56280K(2534400K), 0.0388930 secs] 5462860K->3225982K(10982400K), 0.0392710 secs] [Times: user=0.32 sys=0.00, real=0.04 secs] 
7107.321: [GC 7107.321: [ParNew: 2309080K->45821K(2534400K), 0.0497280 secs] 5478782K->3219430K(10982400K), 0.0501280 secs] [Times: user=0.33 sys=0.00, real=0.05 secs] 
7122.432: [GC 7122.432: [ParNew: 2298621K->37528K(2534400K), 0.0539570 secs] 5472230K->3213828K(10982400K), 0.0543540 secs] [Times: user=0.36 sys=0.00, real=0.05 secs] 
7133.427: [GC 7133.427: [ParNew: 2290245K->36358K(2534400K), 0.0416210 secs] 5466546K->3214923K(10982400K), 0.0420290 secs] [Times: user=0.26 sys=0.00, real=0.04 secs] 
7144.466: [GC 7144.466: [ParNew: 2289158K->41439K(2534400K), 0.0423310 secs] 5467723K->3221544K(10982400K), 0.0427180 secs] [Times: user=0.19 sys=0.00, real=0.04 secs] 
7155.869: [GC 7155.869: [ParNew: 2294239K->35856K(2534400K), 0.0403630 secs] 5474344K->3218273K(10982400K), 0.0407530 secs] [Times: user=0.23 sys=0.00, real=0.04 secs] 
7164.630: [GC 7164.631: [ParNew: 2288656K->36594K(2534400K), 0.0333230 secs] 5471073K->3221606K(10982400K), 0.0337190 secs] [Times: user=0.19 sys=0.01, real=0.03 secs] 
7174.503: [GC 7174.503: [ParNew: 2289390K->63225K(2534400K), 0.0398730 secs] 5474403K->3251349K(10982400K), 0.0402660 secs] [Times: user=0.32 sys=0.00, real=0.04 secs] 
7185.186: [GC 7185.186: [ParNew: 2316025K->47923K(2534400K), 0.0433120 secs] 5504149K->3238015K(10982400K), 0.0437020 secs] [Times: user=0.27 sys=0.00, real=0.05 secs] 
7192.698: [GC 7192.698: [ParNew: 2300723K->36128K(2534400K), 0.0294430 secs] 5490815K->3228530K(10982400K), 0.0298270 secs] [Times: user=0.18 sys=0.00, real=0.03 secs] 
7197.004: [GC 7197.004: [ParNew: 2288928K->31417K(2534400K), 0.0275010 secs] 5481330K->3225733K(10982400K), 0.0278890 secs] [Times: user=0.16 sys=0.00, real=0.03 secs] 
7200.583: [GC 7200.583: [ParNew: 2284217K->38544K(2534400K), 0.0231820 secs] 5478533K->3234647K(10982400K), 0.0235950 secs] [Times: user=0.20 sys=0.00, real=0.02 secs] 
7210.072: [GC 7210.072: [ParNew: 2291344K->81824K(2534400K), 0.0454980 secs] 5487447K->3281348K(10982400K), 0.0458910 secs] [Times: user=0.47 sys=0.00, real=0.05 secs] 
7221.208: [GC 7221.208: [ParNew: 2334624K->63832K(2534400K), 0.0446210 secs] 5534148K->3267710K(10982400K), 0.0450040 secs] [Times: user=0.26 sys=0.00, real=0.04 secs] 
7232.054: [GC 7232.054: [ParNew: 2316632K->59651K(2534400K), 0.0404550 secs] 5520510K->3264142K(10982400K), 0.0408510 secs] [Times: user=0.32 sys=0.00, real=0.04 secs] 
7242.177: [GC 7242.178: [ParNew: 2312451K->48810K(2534400K), 0.0400150 secs] 5516942K->3254778K(10982400K), 0.0404210 secs] [Times: user=0.22 sys=0.00, real=0.04 secs] 
7250.472: [GC 7250.472: [ParNew: 2301610K->65979K(2534400K), 0.0389460 secs] 5507578K->3274909K(10982400K), 0.0393180 secs] [Times: user=0.37 sys=0.00, real=0.04 secs] 
7258.170: [GC 7258.170: [ParNew: 2318771K->69893K(2534400K), 0.0405670 secs] 5527700K->3284921K(10982400K), 0.0409370 secs] [Times: user=0.29 sys=0.00, real=0.04 secs] 
7267.294: [GC 7267.294: [ParNew: 2322693K->50337K(2534400K), 0.0363730 secs] 5537721K->3269777K(10982400K), 0.0367660 secs] [Times: user=0.18 sys=0.00, real=0.03 secs] 
7281.830: [GC 7281.830: [ParNew: 2303137K->51322K(2534400K), 0.0483010 secs] 5522577K->3272873K(10982400K), 0.0486930 secs] [Times: user=0.32 sys=0.00, real=0.05 secs] 
7291.898: [GC 7291.898: [ParNew: 2304122K->64962K(2534400K), 0.0433260 secs] 5525673K->3288939K(10982400K), 0.0437300 secs] [Times: user=0.36 sys=0.00, real=0.04 secs] 
7301.180: [GC 7301.180: [ParNew: 2317762K->44770K(2534400K), 0.0328520 secs] 5541739K->3270291K(10982400K), 0.0332410 secs] [Times: user=0.21 sys=0.00, real=0.03 secs] 
7313.460: [GC 7313.461: [ParNew: 2297570K->33479K(2534400K), 0.0432680 secs] 5523091K->3261554K(10982400K), 0.0436720 secs] [Times: user=0.20 sys=0.00, real=0.04 secs] 
7322.425: [GC 7322.425: [ParNew: 2286279K->31819K(2534400K), 0.0372980 secs] 5514354K->3262478K(10982400K), 0.0377220 secs] [Times: user=0.17 sys=0.01, real=0.04 secs] 
7328.391: [GC 7328.391: [ParNew: 2284619K->28953K(2534400K), 0.0252200 secs] 5515278K->3260655K(10982400K), 0.0256720 secs] [Times: user=0.16 sys=0.00, real=0.03 secs] 
7334.382: [GC 7334.382: [ParNew: 2281753K->56490K(2534400K), 0.0350440 secs] 5513455K->3289567K(10982400K), 0.0355020 secs] [Times: user=0.34 sys=0.00, real=0.04 secs] 
7339.660: [GC 7339.660: [ParNew: 2309290K->43113K(2534400K), 0.0296950 secs] 5542367K->3277940K(10982400K), 0.0301560 secs] [Times: user=0.17 sys=0.00, real=0.03 secs] 
7347.521: [GC 7347.521: [ParNew: 2295913K->30966K(2534400K), 0.0292450 secs] 5530740K->3268186K(10982400K), 0.0296610 secs] [Times: user=0.16 sys=0.01, real=0.03 secs] 
7361.196: [GC 7361.196: [ParNew: 2283766K->36906K(2534400K), 0.0469380 secs] 5520986K->3275155K(10982400K), 0.0473990 secs] [Times: user=0.25 sys=0.00, real=0.05 secs] 
7373.640: [GC 7373.640: [ParNew: 2289706K->40230K(2534400K), 0.0455740 secs] 5527955K->3279398K(10982400K), 0.0460490 secs] [Times: user=0.27 sys=0.00, real=0.04 secs] 
7386.553: [GC 7386.553: [ParNew: 2293030K->42356K(2534400K), 0.0470070 secs] 5532198K->3283918K(10982400K), 0.0473810 secs] [Times: user=0.27 sys=0.00, real=0.04 secs] 
7397.261: [GC 7397.261: [ParNew: 2295156K->64984K(2534400K), 0.0385740 secs] 5536718K->3307819K(10982400K), 0.0389420 secs] [Times: user=0.34 sys=0.00, real=0.04 secs] 
7406.511: [GC 7406.512: [ParNew: 2317784K->85883K(2534400K), 0.0536390 secs] 5560619K->3331777K(10982400K), 0.0540260 secs] [Times: user=0.41 sys=0.00, real=0.06 secs] 
7415.831: [GC 7415.831: [ParNew: 2338683K->61581K(2534400K), 0.0417940 secs] 5584577K->3310256K(10982400K), 0.0421610 secs] [Times: user=0.24 sys=0.00, real=0.04 secs] 
7424.731: [GC 7424.731: [ParNew: 2314381K->37736K(2534400K), 0.0349590 secs] 5563056K->3288734K(10982400K), 0.0353580 secs] [Times: user=0.22 sys=0.01, real=0.03 secs] 
7433.221: [GC 7433.221: [ParNew: 2290536K->36108K(2534400K), 0.0343850 secs] 5541534K->3290253K(10982400K), 0.0347810 secs] [Times: user=0.21 sys=0.00, real=0.03 secs] 
7445.048: [GC 7445.048: [ParNew: 2288908K->40102K(2534400K), 0.0458220 secs] 5543053K->3297384K(10982400K), 0.0462130 secs] [Times: user=0.20 sys=0.00, real=0.05 secs] 
7454.966: [GC 7454.966: [ParNew: 2292819K->34975K(2534400K), 0.0316120 secs] 5550102K->3293843K(10982400K), 0.0320050 secs] [Times: user=0.18 sys=0.00, real=0.03 secs] 
7460.301: [GC 7460.301: [ParNew: 2287775K->29124K(2534400K), 0.0252310 secs] 5546643K->3289472K(10982400K), 0.0256200 secs] [Times: user=0.16 sys=0.00, real=0.03 secs] 
7467.013: [GC 7467.013: [ParNew: 2281924K->38433K(2534400K), 0.0276310 secs] 5542272K->3301938K(10982400K), 0.0280230 secs] [Times: user=0.21 sys=0.01, real=0.02 secs] 
7478.034: [GC 7478.035: [ParNew: 2291233K->34865K(2534400K), 0.0382960 secs] 5554738K->3301094K(10982400K), 0.0386890 secs] [Times: user=0.23 sys=0.00, real=0.04 secs] 
7489.589: [GC 7489.589: [ParNew: 2287665K->40839K(2534400K), 0.0423870 secs] 5553894K->3309263K(10982400K), 0.0427720 secs] [Times: user=0.23 sys=0.00, real=0.04 secs] 
7497.737: [GC 7497.737: [ParNew: 2293582K->37142K(2534400K), 0.0387270 secs] 5562005K->3307490K(10982400K), 0.0390960 secs] [Times: user=0.20 sys=0.00, real=0.04 secs] 
7508.812: [GC 7508.813: [ParNew: 2289940K->55168K(2534400K), 0.0397510 secs] 5560288K->3326627K(10982400K), 0.0401490 secs] [Times: user=0.32 sys=0.00, real=0.04 secs] 
7522.531: [GC 7522.532: [ParNew: 2307968K->65644K(2534400K), 0.0492120 secs] 5579427K->3338695K(10982400K), 0.0496180 secs] [Times: user=0.29 sys=0.01, real=0.05 secs] 
7530.628: [GC 7530.628: [ParNew: 2318444K->45072K(2534400K), 0.0318840 secs] 5591495K->3321848K(10982400K), 0.0322780 secs] [Times: user=0.19 sys=0.00, real=0.03 secs] 
7546.672: [GC 7546.672: [ParNew: 2297872K->55166K(2534400K), 0.0476310 secs] 5574648K->3333963K(10982400K), 0.0480310 secs] [Times: user=0.29 sys=0.00, real=0.05 secs] 
7554.594: [GC 7554.595: [ParNew: 2307966K->42602K(2534400K), 0.0403550 secs] 5586763K->3322403K(10982400K), 0.0407610 secs] [Times: user=0.23 sys=0.00, real=0.04 secs] 
7568.481: [GC 7568.482: [ParNew: 2295402K->44967K(2534400K), 0.0449680 secs] 5575203K->3327237K(10982400K), 0.0453850 secs] [Times: user=0.23 sys=0.01, real=0.04 secs] 
7577.551: [GC 7577.551: [ParNew: 2297726K->36054K(2534400K), 0.0370430 secs] 5579996K->3319774K(10982400K), 0.0374610 secs] [Times: user=0.25 sys=0.00, real=0.03 secs] 
7584.306: [GC 7584.307: [ParNew: 2288854K->47430K(2534400K), 0.0285170 secs] 5572574K->3333596K(10982400K), 0.0289200 secs] [Times: user=0.22 sys=0.01, real=0.03 secs] 
7590.122: [GC 7590.122: [ParNew: 2300230K->88381K(2534400K), 0.0632020 secs] 5586396K->3377629K(10982400K), 0.0636200 secs] [Times: user=0.26 sys=0.00, real=0.06 secs] 
7597.513: [GC 7597.513: [ParNew: 2341181K->186705K(2534400K), 0.1520410 secs] 5630429K->3481065K(10982400K), 0.1524490 secs] [Times: user=0.41 sys=0.00, real=0.15 secs] 
7603.654: [GC 7603.655: [ParNew: 2439505K->51491K(2534400K), 0.0456690 secs] 5733865K->3354389K(10982400K), 0.0460750 secs] [Times: user=0.23 sys=0.00, real=0.04 secs] 
7613.427: [GC 7613.427: [ParNew: 2304291K->29334K(2534400K), 0.0388370 secs] 5607189K->3332232K(10982400K), 0.0392660 secs] [Times: user=0.24 sys=0.00, real=0.04 secs] 
7621.747: [GC 7621.747: [ParNew: 2282134K->33093K(2534400K), 0.0446330 secs] 5585032K->3335992K(10982400K), 0.0450820 secs] [Times: user=0.24 sys=0.01, real=0.05 secs] 
7630.324: [GC 7630.325: [ParNew: 2285893K->34362K(2534400K), 0.0299840 secs] 5588792K->3337261K(10982400K), 0.0304440 secs] [Times: user=0.16 sys=0.00, real=0.03 secs] 
7640.896: [GC 7640.896: [ParNew: 2287162K->45264K(2534400K), 0.0354850 secs] 5590061K->3349198K(10982400K), 0.0359010 secs] [Times: user=0.22 sys=0.00, real=0.04 secs] 
7644.559: [GC 7644.559: [ParNew: 2298064K->30376K(2534400K), 0.0258510 secs] 5601998K->3340162K(10982400K), 0.0263010 secs] [Times: user=0.17 sys=0.00, real=0.03 secs] 
7647.748: [GC 7647.748: [ParNew: 2283176K->27410K(2534400K), 0.0224410 secs] 5592962K->3339149K(10982400K), 0.0229010 secs] [Times: user=0.18 sys=0.01, real=0.02 secs] 
7652.498: [GC 7652.498: [ParNew: 2280210K->31705K(2534400K), 0.0251250 secs] 5591949K->3345278K(10982400K), 0.0255450 secs] [Times: user=0.18 sys=0.00, real=0.03 secs] 
7659.604: [GC 7659.604: [ParNew: 2284505K->29862K(2534400K), 0.0314380 secs] 5598078K->3346006K(10982400K), 0.0318880 secs] [Times: user=0.18 sys=0.01, real=0.03 secs] 
7667.189: [GC 7667.189: [ParNew: 2282662K->40419K(2534400K), 0.0314900 secs] 5598806K->3357855K(10982400K), 0.0319530 secs] [Times: user=0.24 sys=0.00, real=0.03 secs] 
7675.091: [GC 7675.092: [ParNew: 2293219K->62819K(2534400K), 0.0480390 secs] 5610655K->3382844K(10982400K), 0.0485120 secs] [Times: user=0.33 sys=0.00, real=0.05 secs] 
7683.100: [GC 7683.101: [ParNew: 2315619K->47379K(2534400K), 0.0374690 secs] 5635644K->3368915K(10982400K), 0.0379450 secs] [Times: user=0.26 sys=0.00, real=0.04 secs] 
7692.014: [GC 7692.014: [ParNew: 2300179K->44422K(2534400K), 0.0353430 secs] 5621715K->3367207K(10982400K), 0.0358250 secs] [Times: user=0.19 sys=0.00, real=0.04 secs] 
7698.954: [GC 7698.955: [ParNew: 2297222K->29646K(2534400K), 0.0290040 secs] 5620007K->3356881K(10982400K), 0.0294740 secs] [Times: user=0.18 sys=0.01, real=0.03 secs] 
7710.111: [GC 7710.111: [ParNew: 2282406K->42458K(2534400K), 0.0414110 secs] 5609642K->3372164K(10982400K), 0.0418880 secs] [Times: user=0.18 sys=0.00, real=0.04 secs] 
7714.303: [GC 7714.303: [ParNew: 2295258K->42864K(2534400K), 0.0257830 secs] 5624964K->3374943K(10982400K), 0.0262340 secs] [Times: user=0.20 sys=0.00, real=0.02 secs] 
7722.336: [GC 7722.337: [ParNew: 2295664K->58846K(2534400K), 0.0393410 secs] 5627743K->3393952K(10982400K), 0.0398050 secs] [Times: user=0.35 sys=0.01, real=0.04 secs] 
7734.069: [GC 7734.069: [ParNew: 2311578K->51713K(2534400K), 0.0501950 secs] 5646684K->3389296K(10982400K), 0.0506620 secs] [Times: user=0.30 sys=0.01, real=0.05 secs] 
7742.598: [GC 7742.599: [ParNew: 2304513K->59578K(2534400K), 0.0444950 secs] 5642096K->3402571K(10982400K), 0.0449540 secs] [Times: user=0.36 sys=0.00, real=0.04 secs] 
7752.234: [GC 7752.234: [ParNew: 2312378K->73017K(2534400K), 0.0423380 secs] 5655371K->3417724K(10982400K), 0.0428020 secs] [Times: user=0.34 sys=0.00, real=0.04 secs] 
7762.707: [GC 7762.707: [ParNew: 2325817K->53647K(2534400K), 0.0396840 secs] 5670524K->3403076K(10982400K), 0.0401470 secs] [Times: user=0.18 sys=0.01, real=0.04 secs] 
7771.370: [GC 7771.370: [ParNew: 2306447K->59755K(2534400K), 0.0400110 secs] 5655876K->3411202K(10982400K), 0.0404700 secs] [Times: user=0.31 sys=0.00, real=0.04 secs] 
7783.958: [GC 7783.958: [ParNew: 2312555K->47976K(2534400K), 0.0414720 secs] 5664002K->3401101K(10982400K), 0.0418860 secs] [Times: user=0.23 sys=0.00, real=0.04 secs] 
7793.544: [GC 7793.544: [ParNew: 2300776K->29935K(2534400K), 0.0427290 secs] 5653901K->3387533K(10982400K), 0.0431920 secs] [Times: user=0.25 sys=0.00, real=0.04 secs] 
7799.735: [GC 7799.735: [ParNew: 2282735K->71906K(2534400K), 0.0388360 secs] 5640333K->3430903K(10982400K), 0.0392930 secs] [Times: user=0.38 sys=0.00, real=0.04 secs] 
7809.810: [GC 7809.811: [ParNew: 2324706K->58255K(2534400K), 0.0390280 secs] 5683703K->3417900K(10982400K), 0.0394870 secs] [Times: user=0.24 sys=0.01, real=0.04 secs] 
7813.869: [GC 7813.869: [ParNew: 2311055K->34824K(2534400K), 0.0238160 secs] 5670700K->3397025K(10982400K), 0.0242690 secs] [Times: user=0.22 sys=0.00, real=0.02 secs] 
7819.387: [GC 7819.387: [ParNew: 2287624K->66452K(2534400K), 0.0326200 secs] 5649825K->3430180K(10982400K), 0.0330810 secs] [Times: user=0.40 sys=0.00, real=0.04 secs] 
7830.715: [GC 7830.715: [ParNew: 2319252K->56004K(2534400K), 0.0412140 secs] 5682980K->3421359K(10982400K), 0.0416760 secs] [Times: user=0.20 sys=0.00, real=0.04 secs] 
7838.626: [GC 7838.626: [ParNew: 2308804K->39801K(2534400K), 0.0320120 secs] 5674159K->3407583K(10982400K), 0.0324180 secs] [Times: user=0.19 sys=0.00, real=0.03 secs] 
7842.258: [GC 7842.258: [ParNew: 2292480K->33616K(2534400K), 0.0222550 secs] 5660262K->3403176K(10982400K), 0.0226980 secs] [Times: user=0.18 sys=0.00, real=0.03 secs] 
7850.544: [GC 7850.544: [ParNew: 2286416K->36004K(2534400K), 0.0306820 secs] 5655976K->3407557K(10982400K), 0.0310850 secs] [Times: user=0.19 sys=0.00, real=0.03 secs] 
7857.627: [GC 7857.627: [ParNew: 2288804K->55860K(2534400K), 0.0452160 secs] 5660357K->3432714K(10982400K), 0.0456360 secs] [Times: user=0.33 sys=0.00, real=0.04 secs] 
7860.336: [GC 7860.336: [ParNew: 2308660K->55262K(2534400K), 0.0329270 secs] 5685514K->3438241K(10982400K), 0.0333770 secs] [Times: user=0.44 sys=0.00, real=0.03 secs] 
7868.343: [GC 7868.343: [ParNew: 2308062K->56993K(2534400K), 0.0347550 secs] 5691041K->3440872K(10982400K), 0.0352280 secs] [Times: user=0.28 sys=0.01, real=0.04 secs] 
7881.002: [GC 7881.003: [ParNew: 2309793K->50435K(2534400K), 0.0455510 secs] 5693672K->3437088K(10982400K), 0.0460110 secs] [Times: user=0.23 sys=0.00, real=0.05 secs] 
7889.597: [GC 7889.597: [ParNew: 2303234K->71733K(2534400K), 0.0387140 secs] 5689887K->3459951K(10982400K), 0.0391890 secs] [Times: user=0.33 sys=0.00, real=0.03 secs] 
7897.164: [GC 7897.164: [ParNew: 2324533K->71871K(2534400K), 0.0419700 secs] 5712751K->3461697K(10982400K), 0.0424320 secs] [Times: user=0.35 sys=0.00, real=0.04 secs] 
7910.752: [GC 7910.752: [ParNew: 2324671K->54494K(2534400K), 0.0449380 secs] 5714497K->3445824K(10982400K), 0.0453520 secs] [Times: user=0.24 sys=0.01, real=0.04 secs] 
7917.114: [GC 7917.114: [ParNew: 2307294K->43458K(2534400K), 0.0419530 secs] 5698624K->3438833K(10982400K), 0.0424140 secs] [Times: user=0.23 sys=0.00, real=0.04 secs] 
7924.169: [GC 7924.170: [ParNew: 2296258K->34351K(2534400K), 0.0363470 secs] 5691633K->3433449K(10982400K), 0.0368020 secs] [Times: user=0.22 sys=0.00, real=0.04 secs] 
7937.374: [GC 7937.374: [ParNew: 2287151K->66886K(2534400K), 0.0600110 secs] 5686249K->3467573K(10982400K), 0.0604330 secs] [Times: user=0.28 sys=0.00, real=0.06 secs] 
7943.477: [GC 7943.477: [ParNew: 2319686K->127668K(2534400K), 0.1098480 secs] 5720373K->3530866K(10982400K), 0.1103260 secs] [Times: user=0.28 sys=0.00, real=0.11 secs] 
7948.730: [GC 7948.730: [ParNew: 2380468K->115304K(2534400K), 0.0921960 secs] 5783666K->3521233K(10982400K), 0.0927140 secs] [Times: user=0.28 sys=0.01, real=0.09 secs] 
7955.131: [GC 7955.132: [ParNew: 2368104K->84945K(2534400K), 0.0778840 secs] 5774033K->3495575K(10982400K), 0.0783960 secs] [Times: user=0.30 sys=0.00, real=0.08 secs] 
7959.940: [GC 7959.940: [ParNew: 2337745K->273175K(2534400K), 0.2555180 secs] 5748375K->3687243K(10982400K), 0.2559800 secs] [Times: user=0.49 sys=0.00, real=0.25 secs] 
7966.358: [GC 7966.358: [ParNew: 2525975K->70025K(2534400K), 0.0850700 secs] 5940043K->3495802K(10982400K), 0.0856250 secs] [Times: user=0.24 sys=0.01, real=0.09 secs] 
7969.848: [GC 7969.848: [ParNew: 2322825K->30656K(2534400K), 0.0240940 secs] 5748602K->3456432K(10982400K), 0.0245490 secs] [Times: user=0.20 sys=0.00, real=0.03 secs] 
7973.932: [GC 7973.932: [ParNew: 2283456K->27420K(2534400K), 0.0279190 secs] 5709232K->3453197K(10982400K), 0.0283710 secs] [Times: user=0.15 sys=0.00, real=0.03 secs] 
7977.707: [GC 7977.707: [ParNew: 2280220K->59528K(2534400K), 0.0302730 secs] 5705997K->3485304K(10982400K), 0.0306820 secs] [Times: user=0.34 sys=0.00, real=0.03 secs] 
7981.379: [GC 7981.380: [ParNew: 2312328K->44555K(2534400K), 0.0276950 secs] 5738104K->3472806K(10982400K), 0.0281510 secs] [Times: user=0.18 sys=0.00, real=0.03 secs] 
7988.639: [GC 7988.639: [ParNew: 2297355K->47553K(2534400K), 0.0361540 secs] 5725606K->3478844K(10982400K), 0.0366160 secs] [Times: user=0.28 sys=0.00, real=0.04 secs] 
8001.909: [GC 8001.910: [ParNew: 2300353K->48565K(2534400K), 0.0479420 secs] 5731644K->3482215K(10982400K), 0.0484020 secs] [Times: user=0.25 sys=0.00, real=0.05 secs] 
8010.643: [GC 8010.644: [ParNew: 2301365K->57370K(2534400K), 0.0387870 secs] 5735015K->3492277K(10982400K), 0.0392560 secs] [Times: user=0.30 sys=0.00, real=0.04 secs] 
8017.134: [GC 8017.134: [ParNew: 2310170K->82937K(2534400K), 0.0465540 secs] 5745077K->3521090K(10982400K), 0.0470150 secs] [Times: user=0.40 sys=0.01, real=0.05 secs] 
8026.501: [GC 8026.501: [ParNew: 2335737K->58276K(2534400K), 0.0389680 secs] 5773890K->3497417K(10982400K), 0.0394350 secs] [Times: user=0.24 sys=0.01, real=0.04 secs] 
8034.541: [GC 8034.541: [ParNew: 2311076K->57005K(2534400K), 0.0462310 secs] 5750217K->3499669K(10982400K), 0.0466930 secs] [Times: user=0.33 sys=0.00, real=0.04 secs] 
8041.746: [GC 8041.746: [ParNew: 2309805K->72550K(2534400K), 0.0384180 secs] 5752469K->3516493K(10982400K), 0.0388930 secs] [Times: user=0.32 sys=0.00, real=0.04 secs] 
8051.642: [GC 8051.642: [ParNew: 2325350K->49065K(2534400K), 0.0394480 secs] 5769293K->3497251K(10982400K), 0.0399260 secs] [Times: user=0.19 sys=0.00, real=0.04 secs] 
8063.473: [GC 8063.473: [ParNew: 2301865K->59463K(2534400K), 0.0496830 secs] 5750051K->3509962K(10982400K), 0.0501570 secs] [Times: user=0.34 sys=0.00, real=0.05 secs] 
8071.856: [GC 8071.856: [ParNew: 2312263K->49724K(2534400K), 0.0370200 secs] 5762762K->3501459K(10982400K), 0.0375050 secs] [Times: user=0.24 sys=0.00, real=0.03 secs] 
8076.627: [GC 8076.627: [ParNew: 2302524K->45659K(2534400K), 0.0337870 secs] 5754259K->3499695K(10982400K), 0.0342470 secs] [Times: user=0.24 sys=0.00, real=0.03 secs] 
8081.328: [GC 8081.328: [ParNew: 2298459K->63043K(2534400K), 0.0327130 secs] 5752495K->3520024K(10982400K), 0.0331750 secs] [Times: user=0.33 sys=0.01, real=0.03 secs] 
8089.691: [GC 8089.692: [ParNew: 2315843K->47415K(2534400K), 0.0359810 secs] 5772824K->3507641K(10982400K), 0.0364660 secs] [Times: user=0.17 sys=0.00, real=0.04 secs] 
8097.596: [GC 8097.597: [ParNew: 2300215K->42846K(2534400K), 0.0444640 secs] 5760441K->3505784K(10982400K), 0.0449130 secs] [Times: user=0.25 sys=0.00, real=0.05 secs] 
8105.123: [GC 8105.123: [ParNew: 2295646K->65755K(2534400K), 0.0383610 secs] 5758584K->3530448K(10982400K), 0.0388510 secs] [Times: user=0.35 sys=0.01, real=0.04 secs] 
8109.044: [GC 8109.044: [ParNew: 2318482K->45162K(2534400K), 0.0216570 secs] 5783175K->3511171K(10982400K), 0.0221000 secs] [Times: user=0.14 sys=0.00, real=0.02 secs] 
8116.936: [GC 8116.937: [ParNew: 2297962K->81992K(2534400K), 0.0404110 secs] 5763971K->3550098K(10982400K), 0.0408800 secs] [Times: user=0.35 sys=0.01, real=0.04 secs] 
8125.549: [GC 8125.550: [ParNew: 2334788K->98086K(2534400K), 0.0431080 secs] 5802895K->3568966K(10982400K), 0.0435760 secs] [Times: user=0.33 sys=0.01, real=0.05 secs] 
8136.273: [GC 8136.274: [ParNew: 2350886K->121045K(2534400K), 0.0500450 secs] 5821766K->3593583K(10982400K), 0.0505260 secs] [Times: user=0.41 sys=0.00, real=0.05 secs] 
8145.787: [GC 8145.787: [ParNew: 2373845K->133330K(2534400K), 0.0523330 secs] 5846383K->3606483K(10982400K), 0.0528090 secs] [Times: user=0.47 sys=0.00, real=0.05 secs] 
8153.800: [GC 8153.801: [ParNew: 2386130K->94716K(2534400K), 0.0909730 secs] 5859283K->3626760K(10982400K), 0.0914480 secs] [Times: user=0.43 sys=0.05, real=0.09 secs] 
8162.387: [GC 8162.387: [ParNew: 2347516K->40920K(2534400K), 0.0421810 secs] 5879560K->3575344K(10982400K), 0.0426600 secs] [Times: user=0.24 sys=0.00, real=0.05 secs] 
8166.779: [GC 8166.779: [ParNew: 2293720K->37284K(2534400K), 0.0256660 secs] 5828144K->3573474K(10982400K), 0.0261280 secs] [Times: user=0.19 sys=0.01, real=0.03 secs] 
8173.839: [GC 8173.839: [ParNew: 2290084K->76131K(2534400K), 0.0430670 secs] 5826274K->3615401K(10982400K), 0.0434910 secs] [Times: user=0.46 sys=0.01, real=0.05 secs] 
8183.891: [GC 8183.891: [ParNew: 2328931K->60971K(2534400K), 0.0442740 secs] 5868201K->3604807K(10982400K), 0.0447450 secs] [Times: user=0.26 sys=0.00, real=0.05 secs] 
8187.075: [GC 8187.075: [ParNew: 2313771K->80143K(2534400K), 0.0387250 secs] 5857607K->3627345K(10982400K), 0.0391780 secs] [Times: user=0.49 sys=0.00, real=0.04 secs] 
8192.859: [GC 8192.859: [ParNew: 2332943K->59774K(2534400K), 0.0283270 secs] 5880145K->3608888K(10982400K), 0.0287390 secs] [Times: user=0.19 sys=0.00, real=0.03 secs] 
8199.983: [GC 8199.983: [ParNew: 2312574K->39669K(2534400K), 0.0386070 secs] 5861688K->3590310K(10982400K), 0.0390760 secs] [Times: user=0.21 sys=0.01, real=0.04 secs] 
8208.751: [GC 8208.751: [ParNew: 2292462K->46368K(2534400K), 0.0395320 secs] 5843102K->3601054K(10982400K), 0.0399680 secs] [Times: user=0.27 sys=0.01, real=0.04 secs] 
8215.484: [GC 8215.485: [ParNew: 2299168K->65443K(2534400K), 0.0487700 secs] 5853854K->3623958K(10982400K), 0.0492490 secs] [Times: user=0.37 sys=0.00, real=0.05 secs] 
8221.478: [GC 8221.478: [ParNew: 2318243K->70853K(2534400K), 0.0364040 secs] 5876758K->3631571K(10982400K), 0.0368650 secs] [Times: user=0.31 sys=0.00, real=0.04 secs] 
8230.160: [GC 8230.160: [ParNew: 2323653K->54093K(2534400K), 0.0432990 secs] 5884371K->3616188K(10982400K), 0.0437680 secs] [Times: user=0.19 sys=0.00, real=0.04 secs] 
8235.386: [GC 8235.386: [ParNew: 2306893K->55893K(2534400K), 0.0331320 secs] 5868988K->3620636K(10982400K), 0.0336040 secs] [Times: user=0.31 sys=0.00, real=0.03 secs] 
8238.527: [GC 8238.527: [ParNew: 2308693K->39686K(2534400K), 0.0208660 secs] 5873436K->3606740K(10982400K), 0.0212680 secs] [Times: user=0.19 sys=0.00, real=0.02 secs] 
8243.501: [GC 8243.501: [ParNew: 2292486K->65106K(2534400K), 0.0409880 secs] 5859540K->3634327K(10982400K), 0.0414540 secs] [Times: user=0.32 sys=0.00, real=0.04 secs] 
8248.727: [GC 8248.728: [ParNew: 2317906K->49766K(2534400K), 0.0343950 secs] 5887127K->3623878K(10982400K), 0.0348610 secs] [Times: user=0.25 sys=0.00, real=0.04 secs] 
8253.478: [GC 8253.478: [ParNew: 2302566K->27861K(2534400K), 0.0272300 secs] 5876678K->3603494K(10982400K), 0.0276810 secs] [Times: user=0.19 sys=0.00, real=0.03 secs] 
8258.432: [GC 8258.432: [ParNew: 2280661K->36873K(2534400K), 0.0285990 secs] 5856294K->3613202K(10982400K), 0.0290090 secs] [Times: user=0.25 sys=0.00, real=0.03 secs] 
8265.582: [GC 8265.583: [ParNew: 2289673K->33298K(2534400K), 0.0340740 secs] 5866002K->3610983K(10982400K), 0.0345170 secs] [Times: user=0.17 sys=0.00, real=0.04 secs] 
8273.232: [GC 8273.233: [ParNew: 2286098K->27688K(2534400K), 0.0371110 secs] 5863783K->3607518K(10982400K), 0.0375650 secs] [Times: user=0.22 sys=0.00, real=0.04 secs] 
8282.685: [GC 8282.685: [ParNew: 2280488K->31863K(2534400K), 0.0474860 secs] 5860318K->3613802K(10982400K), 0.0479490 secs] [Times: user=0.28 sys=0.01, real=0.05 secs] 
8288.440: [GC 8288.440: [ParNew: 2284663K->39576K(2534400K), 0.0334060 secs] 5866602K->3623216K(10982400K), 0.0338770 secs] [Times: user=0.26 sys=0.00, real=0.03 secs] 
8300.828: [GC 8300.829: [ParNew: 2292376K->36913K(2534400K), 0.0447130 secs] 5876016K->3623097K(10982400K), 0.0451740 secs] [Times: user=0.24 sys=0.00, real=0.05 secs] 
8305.741: [GC 8305.741: [ParNew: 2289713K->25797K(2534400K), 0.0269580 secs] 5875897K->3613085K(10982400K), 0.0274130 secs] [Times: user=0.15 sys=0.01, real=0.03 secs] 
8310.056: [GC 8310.056: [ParNew: 2278597K->37176K(2534400K), 0.0280170 secs] 5865885K->3626908K(10982400K), 0.0284850 secs] [Times: user=0.20 sys=0.00, real=0.03 secs] 
8314.754: [GC 8314.755: [ParNew: 2289976K->30699K(2534400K), 0.0270100 secs] 5879708K->3622134K(10982400K), 0.0274800 secs] [Times: user=0.15 sys=0.00, real=0.03 secs] 
8322.627: [GC 8322.628: [ParNew: 2283499K->51918K(2534400K), 0.0374960 secs] 5874934K->3644953K(10982400K), 0.0379810 secs] [Times: user=0.29 sys=0.00, real=0.04 secs] 
8331.497: [GC 8331.497: [ParNew: 2304707K->43285K(2534400K), 0.0352100 secs] 5897742K->3638106K(10982400K), 0.0356300 secs] [Times: user=0.22 sys=0.00, real=0.03 secs] 
8335.047: [GC 8335.048: [ParNew: 2296085K->64453K(2534400K), 0.0394160 secs] 5890906K->3663211K(10982400K), 0.0398320 secs] [Times: user=0.41 sys=0.00, real=0.04 secs] 
8342.482: [GC 8342.482: [ParNew: 2317249K->48982K(2534400K), 0.0321420 secs] 5916007K->3648492K(10982400K), 0.0326140 secs] [Times: user=0.18 sys=0.00, real=0.03 secs] 
8350.000: [GC 8350.000: [ParNew: 2301782K->83563K(2534400K), 0.0440340 secs] 5901292K->3684850K(10982400K), 0.0444760 secs] [Times: user=0.49 sys=0.00, real=0.04 secs] 
8357.250: [GC 8357.251: [ParNew: 2336363K->63435K(2534400K), 0.0352140 secs] 5937650K->3665607K(10982400K), 0.0356860 secs] [Times: user=0.26 sys=0.00, real=0.03 secs] 
8363.084: [GC 8363.084: [ParNew: 2316235K->55604K(2534400K), 0.0351730 secs] 5918407K->3658438K(10982400K), 0.0355850 secs] [Times: user=0.31 sys=0.00, real=0.04 secs] 
8366.860: [GC 8366.860: [ParNew: 2308404K->38007K(2534400K), 0.0239240 secs] 5911238K->3645498K(10982400K), 0.0243270 secs] [Times: user=0.18 sys=0.01, real=0.02 secs] 
8371.839: [GC 8371.839: [ParNew: 2290807K->29938K(2534400K), 0.0267650 secs] 5898298K->3638771K(10982400K), 0.0272440 secs] [Times: user=0.17 sys=0.00, real=0.03 secs] 
8380.131: [GC 8380.131: [ParNew: 2282738K->53929K(2534400K), 0.0452090 secs] 5891571K->3665247K(10982400K), 0.0456660 secs] [Times: user=0.33 sys=0.00, real=0.05 secs] 
8386.863: [GC 8386.863: [ParNew: 2306729K->80606K(2534400K), 0.0435840 secs] 5918047K->3695061K(10982400K), 0.0440430 secs] [Times: user=0.42 sys=0.00, real=0.04 secs] 
8392.432: [GC 8392.432: [ParNew: 2333406K->69137K(2534400K), 0.0334030 secs] 5947861K->3684374K(10982400K), 0.0338800 secs] [Times: user=0.29 sys=0.00, real=0.04 secs] 
8399.257: [GC 8399.258: [ParNew: 2321937K->53812K(2534400K), 0.0417400 secs] 5937174K->3673602K(10982400K), 0.0422150 secs] [Times: user=0.23 sys=0.00, real=0.04 secs] 
8404.954: [GC 8404.955: [ParNew: 2306612K->74756K(2534400K), 0.0408680 secs] 5926402K->3699877K(10982400K), 0.0412800 secs] [Times: user=0.49 sys=0.01, real=0.05 secs] 
8410.629: [GC 8410.630: [ParNew: 2327556K->53765K(2534400K), 0.0366840 secs] 5952677K->3680933K(10982400K), 0.0372020 secs] [Times: user=0.25 sys=0.00, real=0.04 secs] 
8418.346: [GC 8418.346: [ParNew: 2306565K->40954K(2534400K), 0.0360830 secs] 5933733K->3671716K(10982400K), 0.0365620 secs] [Times: user=0.20 sys=0.01, real=0.04 secs] 
8427.809: [GC 8427.809: [ParNew: 2293754K->48595K(2534400K), 0.0412580 secs] 5924516K->3686226K(10982400K), 0.0417220 secs] [Times: user=0.25 sys=0.00, real=0.04 secs] 
8436.593: [GC 8436.593: [ParNew: 2301395K->63866K(2534400K), 0.0539050 secs] 5939026K->3706011K(10982400K), 0.0543850 secs] [Times: user=0.34 sys=0.00, real=0.05 secs] 
8444.675: [GC 8444.675: [ParNew: 2316666K->43505K(2534400K), 0.0379630 secs] 5958811K->3687406K(10982400K), 0.0384520 secs] [Times: user=0.20 sys=0.00, real=0.04 secs] 
8453.989: [GC 8453.989: [ParNew: 2296305K->35194K(2534400K), 0.0451570 secs] 5940206K->3681047K(10982400K), 0.0456360 secs] [Times: user=0.29 sys=0.01, real=0.05 secs] 
8461.222: [GC 8461.222: [ParNew: 2287994K->35168K(2534400K), 0.0372960 secs] 5933847K->3684864K(10982400K), 0.0377670 secs] [Times: user=0.19 sys=0.01, real=0.04 secs] 
8468.770: [GC 8468.770: [ParNew: 2287968K->50882K(2534400K), 0.0377350 secs] 5937664K->3702539K(10982400K), 0.0382430 secs] [Times: user=0.26 sys=0.01, real=0.04 secs] 
8474.681: [GC 8474.681: [ParNew: 2303682K->38327K(2534400K), 0.0303840 secs] 5955339K->3692595K(10982400K), 0.0308090 secs] [Times: user=0.18 sys=0.00, real=0.03 secs] 
8480.019: [GC 8480.020: [ParNew: 2291081K->32064K(2534400K), 0.0320410 secs] 5945349K->3689219K(10982400K), 0.0325110 secs] [Times: user=0.16 sys=0.01, real=0.03 secs] 
8486.361: [GC 8486.361: [ParNew: 2284864K->47041K(2534400K), 0.0316210 secs] 5942019K->3708057K(10982400K), 0.0320840 secs] [Times: user=0.29 sys=0.00, real=0.03 secs] 
8493.263: [GC 8493.263: [ParNew: 2299825K->38407K(2534400K), 0.0300050 secs] 5960841K->3702694K(10982400K), 0.0304710 secs] [Times: user=0.16 sys=0.00, real=0.03 secs] 
8496.196: [GC 8496.196: [ParNew: 2291207K->31020K(2534400K), 0.0304230 secs] 5955494K->3696992K(10982400K), 0.0308950 secs] [Times: user=0.18 sys=0.00, real=0.03 secs] 
8499.131: [GC 8499.131: [ParNew: 2283820K->25991K(2534400K), 0.0297230 secs] 5949792K->3693552K(10982400K), 0.0302670 secs] [Times: user=0.16 sys=0.00, real=0.03 secs] 
8506.218: [GC 8506.218: [ParNew: 2278791K->28206K(2534400K), 0.0339720 secs] 5946352K->3697337K(10982400K), 0.0344330 secs] [Times: user=0.19 sys=0.00, real=0.04 secs] 
8514.203: [GC 8514.203: [ParNew: 2281006K->59554K(2534400K), 0.0457040 secs] 5950137K->3729921K(10982400K), 0.0461340 secs] [Times: user=0.33 sys=0.01, real=0.04 secs] 
8523.570: [GC 8523.570: [ParNew: 2312354K->44651K(2534400K), 0.0447110 secs] 5982721K->3717071K(10982400K), 0.0451370 secs] [Times: user=0.32 sys=0.00, real=0.05 secs] 
8533.842: [GC 8533.843: [ParNew: 2297451K->38658K(2534400K), 0.0397040 secs] 5969871K->3712424K(10982400K), 0.0401710 secs] [Times: user=0.20 sys=0.00, real=0.04 secs] 
8543.688: [GC 8543.688: [ParNew: 2291458K->31632K(2534400K), 0.0408030 secs] 5965224K->3709092K(10982400K), 0.0412760 secs] [Times: user=0.18 sys=0.01, real=0.04 secs] 
8552.611: [GC 8552.611: [ParNew: 2284432K->35125K(2534400K), 0.0373890 secs] 5961892K->3713879K(10982400K), 0.0378070 secs] [Times: user=0.17 sys=0.00, real=0.04 secs] 
8557.741: [GC 8557.742: [ParNew: 2287925K->37056K(2534400K), 0.0368580 secs] 5966679K->3717924K(10982400K), 0.0373490 secs] [Times: user=0.22 sys=0.01, real=0.03 secs] 
8563.721: [GC 8563.721: [ParNew: 2289856K->53475K(2534400K), 0.0358930 secs] 5970724K->3736405K(10982400K), 0.0363690 secs] [Times: user=0.28 sys=0.01, real=0.03 secs] 
8568.755: [GC 8568.755: [ParNew: 2306275K->43611K(2534400K), 0.0334110 secs] 5989205K->3728960K(10982400K), 0.0338940 secs] [Times: user=0.20 sys=0.00, real=0.03 secs] 
8575.030: [GC 8575.030: [ParNew: 2296404K->48822K(2534400K), 0.0397550 secs] 5981752K->3736121K(10982400K), 0.0401850 secs] [Times: user=0.22 sys=0.00, real=0.04 secs] 
8582.887: [GC 8582.887: [ParNew: 2301622K->62557K(2534400K), 0.0408880 secs] 5988921K->3753270K(10982400K), 0.0413540 secs] [Times: user=0.32 sys=0.00, real=0.04 secs] 
8589.665: [GC 8589.666: [ParNew: 2315357K->47549K(2534400K), 0.0351570 secs] 6006070K->3743793K(10982400K), 0.0355610 secs] [Times: user=0.22 sys=0.01, real=0.03 secs] 
8598.612: [GC 8598.612: [ParNew: 2300349K->37943K(2534400K), 0.0336300 secs] 5996593K->3735794K(10982400K), 0.0339990 secs] [Times: user=0.19 sys=0.00, real=0.04 secs] 
8606.079: [GC 8606.080: [ParNew: 2290743K->32830K(2534400K), 0.0312810 secs] 5988594K->3735854K(10982400K), 0.0316820 secs] [Times: user=0.19 sys=0.01, real=0.03 secs] 
8612.610: [GC 8612.610: [ParNew: 2285629K->51905K(2534400K), 0.0363900 secs] 5988654K->3760026K(10982400K), 0.0367980 secs] [Times: user=0.30 sys=0.00, real=0.04 secs] 
8621.357: [GC 8621.357: [ParNew: 2304705K->44466K(2534400K), 0.0366790 secs] 6012826K->3756426K(10982400K), 0.0370450 secs] [Times: user=0.20 sys=0.00, real=0.04 secs] 
8625.244: [GC 8625.244: [ParNew: 2297266K->26471K(2534400K), 0.0204760 secs] 6009226K->3739853K(10982400K), 0.0208810 secs] [Times: user=0.15 sys=0.01, real=0.02 secs] 
8629.311: [GC 8629.311: [ParNew: 2279271K->24749K(2534400K), 0.0236910 secs] 5992653K->3739274K(10982400K), 0.0240820 secs] [Times: user=0.14 sys=0.00, real=0.02 secs] 
8638.706: [GC 8638.706: [ParNew: 2277549K->31905K(2534400K), 0.0504010 secs] 5992074K->3748627K(10982400K), 0.0508120 secs] [Times: user=0.27 sys=0.01, real=0.05 secs] 
8646.686: [GC 8646.686: [ParNew: 2284705K->25506K(2534400K), 0.0324760 secs] 6001427K->3745785K(10982400K), 0.0328770 secs] [Times: user=0.17 sys=0.01, real=0.03 secs] 
8655.910: [GC 8655.910: [ParNew: 2278306K->35982K(2534400K), 0.0435160 secs] 5998585K->3756963K(10982400K), 0.0439470 secs] [Times: user=0.23 sys=0.00, real=0.05 secs] 
8666.615: [GC 8666.615: [ParNew: 2288782K->42735K(2534400K), 0.0432470 secs] 6009763K->3764421K(10982400K), 0.0436470 secs] [Times: user=0.23 sys=0.00, real=0.05 secs] 
8674.974: [GC 8674.975: [ParNew: 2295535K->38084K(2534400K), 0.0369200 secs] 6017221K->3761220K(10982400K), 0.0373320 secs] [Times: user=0.23 sys=0.01, real=0.04 secs] 
8680.878: [GC 8680.878: [ParNew: 2290884K->36827K(2534400K), 0.0342090 secs] 6014020K->3763780K(10982400K), 0.0346030 secs] [Times: user=0.20 sys=0.00, real=0.03 secs] 
8689.095: [GC 8689.096: [ParNew: 2289627K->33406K(2534400K), 0.0377140 secs] 6016580K->3765586K(10982400K), 0.0381140 secs] [Times: user=0.19 sys=0.01, real=0.04 secs] 
8694.920: [GC 8694.921: [ParNew: 2286206K->25717K(2534400K), 0.0402780 secs] 6018386K->3760798K(10982400K), 0.0406790 secs] [Times: user=0.19 sys=0.00, real=0.04 secs] 
8701.661: [GC 8701.661: [ParNew: 2278517K->25903K(2534400K), 0.0315860 secs] 6013598K->3761998K(10982400K), 0.0319900 secs] [Times: user=0.17 sys=0.00, real=0.03 secs] 
8711.169: [GC 8711.169: [ParNew: 2278703K->29635K(2534400K), 0.0337760 secs] 6014798K->3767262K(10982400K), 0.0341670 secs] [Times: user=0.17 sys=0.00, real=0.04 secs] 
8718.131: [GC 8718.132: [ParNew: 2282435K->52095K(2534400K), 0.0353930 secs] 6020062K->3791676K(10982400K), 0.0358010 secs] [Times: user=0.32 sys=0.00, real=0.04 secs] 
8726.771: [GC 8726.772: [ParNew: 2304895K->60936K(2534400K), 0.0421250 secs] 6044476K->3801354K(10982400K), 0.0425350 secs] [Times: user=0.33 sys=0.00, real=0.04 secs] 
8732.945: [GC 8732.945: [ParNew: 2313736K->42268K(2534400K), 0.0293040 secs] 6054154K->3784457K(10982400K), 0.0297060 secs] [Times: user=0.17 sys=0.01, real=0.03 secs] 
8742.634: [GC 8742.635: [ParNew: 2295068K->39802K(2534400K), 0.0425040 secs] 6037257K->3785492K(10982400K), 0.0429110 secs] [Times: user=0.23 sys=0.01, real=0.05 secs] 
8752.492: [GC 8752.492: [ParNew: 2292602K->37642K(2534400K), 0.0412690 secs] 6038292K->3785222K(10982400K), 0.0417010 secs] [Times: user=0.19 sys=0.00, real=0.04 secs] 
8754.391: [GC 8754.391: [ParNew: 2290442K->54081K(2534400K), 0.0323870 secs] 6038022K->3808222K(10982400K), 0.0327830 secs] [Times: user=0.32 sys=0.00, real=0.03 secs] 
8758.539: [GC 8758.539: [ParNew: 2306850K->42502K(2534400K), 0.0288130 secs] 6060991K->3799178K(10982400K), 0.0292080 secs] [Times: user=0.23 sys=0.00, real=0.03 secs] 
8767.863: [GC 8767.863: [ParNew: 2295302K->58729K(2534400K), 0.0392770 secs] 6051978K->3818605K(10982400K), 0.0396540 secs] [Times: user=0.34 sys=0.00, real=0.04 secs] 
8778.454: [GC 8778.454: [ParNew: 2311529K->48150K(2534400K), 0.0374410 secs] 6071405K->3809992K(10982400K), 0.0378270 secs] [Times: user=0.19 sys=0.00, real=0.03 secs] 
8785.784: [GC 8785.784: [ParNew: 2300894K->33946K(2534400K), 0.0352560 secs] 6062736K->3796652K(10982400K), 0.0356660 secs] [Times: user=0.26 sys=0.00, real=0.03 secs] 
8791.227: [GC 8791.227: [ParNew: 2286746K->68701K(2534400K), 0.0357770 secs] 6049452K->3831980K(10982400K), 0.0361730 secs] [Times: user=0.38 sys=0.01, real=0.03 secs] 
8797.951: [GC 8797.951: [ParNew: 2321501K->87306K(2534400K), 0.0395390 secs] 6084780K->3854113K(10982400K), 0.0399440 secs] [Times: user=0.39 sys=0.00, real=0.04 secs] 
8809.381: [GC 8809.381: [ParNew: 2340106K->65913K(2534400K), 0.0502250 secs] 6106913K->3838284K(10982400K), 0.0506200 secs] [Times: user=0.22 sys=0.00, real=0.05 secs] 
8816.050: [GC 8816.050: [ParNew: 2318713K->36948K(2534400K), 0.0433020 secs] 6091084K->3810189K(10982400K), 0.0437000 secs] [Times: user=0.27 sys=0.01, real=0.04 secs] 
8825.620: [GC 8825.620: [ParNew: 2289744K->38575K(2534400K), 0.0398230 secs] 6062985K->3814788K(10982400K), 0.0402180 secs] [Times: user=0.22 sys=0.00, real=0.04 secs] 
8831.877: [GC 8831.877: [ParNew: 2291375K->77850K(2534400K), 0.0424090 secs] 6067588K->3855851K(10982400K), 0.0428060 secs] [Times: user=0.45 sys=0.00, real=0.04 secs] 
8836.697: [GC 8836.698: [ParNew: 2330650K->64930K(2534400K), 0.0367390 secs] 6108651K->3847674K(10982400K), 0.0371340 secs] [Times: user=0.33 sys=0.00, real=0.04 secs] 
8842.302: [GC 8842.302: [ParNew: 2317730K->52012K(2534400K), 0.0313120 secs] 6100474K->3835925K(10982400K), 0.0317120 secs] [Times: user=0.27 sys=0.00, real=0.03 secs] 
8848.824: [GC 8848.825: [ParNew: 2304812K->45009K(2534400K), 0.0351250 secs] 6088725K->3832901K(10982400K), 0.0355280 secs] [Times: user=0.16 sys=0.01, real=0.03 secs] 
8857.563: [GC 8857.563: [ParNew: 2297734K->28422K(2534400K), 0.0335070 secs] 6085626K->3817465K(10982400K), 0.0339130 secs] [Times: user=0.16 sys=0.01, real=0.04 secs] 
8862.125: [GC 8862.125: [ParNew: 2281222K->25015K(2534400K), 0.0226430 secs] 6070265K->3815717K(10982400K), 0.0230450 secs] [Times: user=0.15 sys=0.00, real=0.03 secs] 
8868.991: [GC 8868.991: [ParNew: 2277815K->30428K(2534400K), 0.0371220 secs] 6068517K->3822615K(10982400K), 0.0375130 secs] [Times: user=0.25 sys=0.01, real=0.04 secs] 
8875.702: [GC 8875.702: [ParNew: 2283228K->34766K(2534400K), 0.0381330 secs] 6075415K->3829998K(10982400K), 0.0385100 secs] [Times: user=0.20 sys=0.01, real=0.04 secs] 
8883.145: [GC 8883.146: [ParNew: 2287566K->42881K(2534400K), 0.0334150 secs] 6082798K->3839919K(10982400K), 0.0337900 secs] [Times: user=0.22 sys=0.00, real=0.04 secs] 
8886.777: [GC 8886.777: [ParNew: 2295681K->46420K(2534400K), 0.0260370 secs] 6092719K->3845047K(10982400K), 0.0264300 secs] [Times: user=0.26 sys=0.00, real=0.03 secs] 
8890.476: [GC 8890.476: [ParNew: 2299220K->76022K(2534400K), 0.0347480 secs] 6097847K->3877091K(10982400K), 0.0351410 secs] [Times: user=0.42 sys=0.00, real=0.04 secs] 
8897.418: [GC 8897.418: [ParNew: 2328822K->59480K(2534400K), 0.0351940 secs] 6129891K->3867471K(10982400K), 0.0355920 secs] [Times: user=0.20 sys=0.00, real=0.04 secs] 
8904.120: [GC 8904.120: [ParNew: 2312280K->29276K(2534400K), 0.0332350 secs] 6120271K->3839015K(10982400K), 0.0336420 secs] [Times: user=0.19 sys=0.00, real=0.04 secs] 
8913.756: [GC 8913.756: [ParNew: 2282076K->27933K(2534400K), 0.0411910 secs] 6091815K->3838393K(10982400K), 0.0415890 secs] [Times: user=0.25 sys=0.00, real=0.04 secs] 
8922.448: [GC 8922.448: [ParNew: 2280733K->26843K(2534400K), 0.0372260 secs] 6091193K->3839442K(10982400K), 0.0376280 secs] [Times: user=0.24 sys=0.00, real=0.04 secs] 
8933.627: [GC 8933.627: [ParNew: 2279643K->28758K(2534400K), 0.0429500 secs] 6092242K->3842512K(10982400K), 0.0433540 secs] [Times: user=0.25 sys=0.00, real=0.04 secs] 
8943.631: [GC 8943.631: [ParNew: 2281558K->31303K(2534400K), 0.0493810 secs] 6095312K->3846432K(10982400K), 0.0497750 secs] [Times: user=0.29 sys=0.00, real=0.05 secs] 
8949.401: [GC 8949.401: [ParNew: 2284103K->24575K(2534400K), 0.0275050 secs] 6099232K->3840740K(10982400K), 0.0278930 secs] [Times: user=0.19 sys=0.00, real=0.03 secs] 
8955.275: [GC 8955.275: [ParNew: 2277375K->54970K(2534400K), 0.0379190 secs] 6093540K->3874638K(10982400K), 0.0383140 secs] [Times: user=0.34 sys=0.00, real=0.04 secs] 
8962.029: [GC 8962.029: [ParNew: 2307770K->44283K(2534400K), 0.0325580 secs] 6127438K->3865245K(10982400K), 0.0330100 secs] [Times: user=0.18 sys=0.00, real=0.04 secs] 
8967.299: [GC 8967.299: [ParNew: 2297083K->80484K(2534400K), 0.0389810 secs] 6118045K->3903339K(10982400K), 0.0393810 secs] [Times: user=0.46 sys=0.01, real=0.04 secs] 
8973.048: [GC 8973.049: [ParNew: 2333284K->72026K(2534400K), 0.0384720 secs] 6156139K->3896430K(10982400K), 0.0388670 secs] [Times: user=0.34 sys=0.00, real=0.04 secs] 
8979.004: [GC 8979.004: [ParNew: 2324826K->60783K(2534400K), 0.0392680 secs] 6149230K->3890253K(10982400K), 0.0396680 secs] [Times: user=0.32 sys=0.01, real=0.04 secs] 
8983.914: [GC 8983.915: [ParNew: 2313583K->57132K(2534400K), 0.0340500 secs] 6143053K->3890148K(10982400K), 0.0344490 secs] [Times: user=0.33 sys=0.00, real=0.03 secs] 
8990.176: [GC 8990.176: [ParNew: 2309932K->61398K(2534400K), 0.0388260 secs] 6142948K->3896914K(10982400K), 0.0392430 secs] [Times: user=0.31 sys=0.01, real=0.04 secs] 
8994.049: [GC 8994.049: [ParNew: 2314198K->45095K(2534400K), 0.0303920 secs] 6149714K->3883681K(10982400K), 0.0307840 secs] [Times: user=0.16 sys=0.00, real=0.03 secs] 
9000.308: [GC 9000.309: [ParNew: 2297895K->47704K(2534400K), 0.0400670 secs] 6136481K->3887109K(10982400K), 0.0404750 secs] [Times: user=0.28 sys=0.00, real=0.04 secs] 
9004.351: [GC 9004.352: [ParNew: 2300504K->33165K(2534400K), 0.0257860 secs] 6139909K->3875897K(10982400K), 0.0261790 secs] [Times: user=0.15 sys=0.00, real=0.03 secs] 
9010.312: [GC 9010.312: [ParNew: 2285965K->63055K(2534400K), 0.0425810 secs] 6128697K->3906325K(10982400K), 0.0429550 secs] [Times: user=0.41 sys=0.01, real=0.04 secs] 
9013.553: [GC 9013.553: [ParNew: 2315806K->44378K(2534400K), 0.0215230 secs] 6159076K->3888290K(10982400K), 0.0218990 secs] [Times: user=0.15 sys=0.00, real=0.02 secs] 
9016.507: [GC 9016.508: [ParNew: 2297178K->22663K(2534400K), 0.0211600 secs] 6141090K->3869554K(10982400K), 0.0215550 secs] [Times: user=0.15 sys=0.00, real=0.03 secs] 
9020.167: [GC 9020.168: [ParNew: 2275463K->50904K(2534400K), 0.0313970 secs] 6122354K->3898566K(10982400K), 0.0317920 secs] [Times: user=0.30 sys=0.00, real=0.04 secs] 
9027.510: [GC 9027.511: [ParNew: 2303704K->65961K(2534400K), 0.0411230 secs] 6151366K->3915211K(10982400K), 0.0415260 secs] [Times: user=0.31 sys=0.00, real=0.04 secs] 
9034.811: [GC 9034.811: [ParNew: 2318761K->62728K(2534400K), 0.0401220 secs] 6168011K->3916089K(10982400K), 0.0405170 secs] [Times: user=0.33 sys=0.00, real=0.05 secs] 
9042.849: [GC 9042.849: [ParNew: 2315528K->56604K(2534400K), 0.0389250 secs] 6168889K->3910956K(10982400K), 0.0393250 secs] [Times: user=0.28 sys=0.01, real=0.04 secs] 
9049.612: [GC 9049.612: [ParNew: 2309404K->73074K(2534400K), 0.0393690 secs] 6163756K->3928530K(10982400K), 0.0397760 secs] [Times: user=0.37 sys=0.01, real=0.04 secs] 
9053.059: [GC 9053.060: [ParNew: 2325874K->58694K(2534400K), 0.0331340 secs] 6181330K->3915960K(10982400K), 0.0335380 secs] [Times: user=0.29 sys=0.00, real=0.03 secs] 
9059.166: [GC 9059.166: [ParNew: 2311494K->45487K(2534400K), 0.0373840 secs] 6168760K->3907144K(10982400K), 0.0377750 secs] [Times: user=0.20 sys=0.00, real=0.03 secs] 
9066.912: [GC 9066.913: [ParNew: 2298287K->49556K(2534400K), 0.0362960 secs] 6159944K->3915458K(10982400K), 0.0366960 secs] [Times: user=0.33 sys=0.00, real=0.04 secs] 
9072.683: [GC 9072.683: [ParNew: 2302356K->61399K(2534400K), 0.0341740 secs] 6168258K->3929320K(10982400K), 0.0345710 secs] [Times: user=0.32 sys=0.00, real=0.04 secs] 
9085.131: [GC 9085.131: [ParNew: 2314199K->49306K(2534400K), 0.0470470 secs] 6182120K->3918175K(10982400K), 0.0474570 secs] [Times: user=0.30 sys=0.00, real=0.04 secs] 
9091.431: [GC 9091.431: [ParNew: 2302106K->58350K(2534400K), 0.0312140 secs] 6170975K->3928422K(10982400K), 0.0316330 secs] [Times: user=0.24 sys=0.00, real=0.03 secs] 
9097.465: [GC 9097.465: [ParNew: 2311150K->90864K(2534400K), 0.0372200 secs] 6181222K->3963645K(10982400K), 0.0376170 secs] [Times: user=0.39 sys=0.00, real=0.04 secs] 
9103.581: [GC 9103.582: [ParNew: 2343664K->83137K(2534400K), 0.0324860 secs] 6216445K->3956974K(10982400K), 0.0328930 secs] [Times: user=0.24 sys=0.00, real=0.04 secs] 
9107.343: [GC 9107.343: [ParNew: 2335937K->80112K(2534400K), 0.0268440 secs] 6209774K->3955888K(10982400K), 0.0272370 secs] [Times: user=0.19 sys=0.00, real=0.02 secs] 
9111.051: [GC 9111.051: [ParNew: 2332912K->57284K(2534400K), 0.0414140 secs] 6208688K->3965538K(10982400K), 0.0418050 secs] [Times: user=0.27 sys=0.02, real=0.05 secs] 
9114.646: [GC 9114.647: [ParNew: 2310084K->37763K(2534400K), 0.0497970 secs] 6218338K->3949066K(10982400K), 0.0501890 secs] [Times: user=0.26 sys=0.00, real=0.05 secs] 
9119.378: [GC 9119.378: [ParNew: 2290563K->38609K(2534400K), 0.0279480 secs] 6201866K->3954092K(10982400K), 0.0283420 secs] [Times: user=0.23 sys=0.00, real=0.03 secs] 
9123.892: [GC 9123.893: [ParNew: 2291409K->56006K(2534400K), 0.0323340 secs] 6206892K->3973672K(10982400K), 0.0327280 secs] [Times: user=0.32 sys=0.00, real=0.04 secs] 
9128.704: [GC 9128.704: [ParNew: 2308806K->84104K(2534400K), 0.0355500 secs] 6226472K->4003258K(10982400K), 0.0359580 secs] [Times: user=0.40 sys=0.00, real=0.04 secs] 
9133.011: [GC 9133.011: [ParNew: 2336904K->58390K(2534400K), 0.0279890 secs] 6256058K->3978696K(10982400K), 0.0283530 secs] [Times: user=0.23 sys=0.01, real=0.03 secs] 
9139.911: [GC 9139.911: [ParNew: 2311190K->59397K(2534400K), 0.0365720 secs] 6231496K->3985331K(10982400K), 0.0369480 secs] [Times: user=0.34 sys=0.01, real=0.04 secs] 
9144.945: [GC 9144.946: [ParNew: 2312197K->55167K(2534400K), 0.0302040 secs] 6238131K->3985404K(10982400K), 0.0306030 secs] [Times: user=0.30 sys=0.01, real=0.03 secs] 
9147.811: [GC 9147.812: [ParNew: 2307967K->40292K(2534400K), 0.0253980 secs] 6238204K->3975942K(10982400K), 0.0257840 secs] [Times: user=0.18 sys=0.00, real=0.02 secs] 
9157.717: [GC 9157.717: [ParNew: 2293092K->33257K(2534400K), 0.0405910 secs] 6228742K->3970099K(10982400K), 0.0409990 secs] [Times: user=0.25 sys=0.00, real=0.04 secs] 
9162.143: [GC 9162.143: [ParNew: 2286057K->27144K(2534400K), 0.0269250 secs] 6222899K->3968881K(10982400K), 0.0273190 secs] [Times: user=0.17 sys=0.00, real=0.02 secs] 
9165.757: [GC 9165.758: [ParNew: 2279944K->33840K(2534400K), 0.0247820 secs] 6221681K->3978472K(10982400K), 0.0251720 secs] [Times: user=0.22 sys=0.00, real=0.03 secs] 
9167.920: [GC 9167.920: [ParNew: 2286640K->29968K(2534400K), 0.0186790 secs] 6231272K->3976516K(10982400K), 0.0190550 secs] [Times: user=0.17 sys=0.01, real=0.02 secs] 
9171.138: [GC 9171.139: [ParNew: 2282768K->47926K(2534400K), 0.0270080 secs] 6229316K->3996268K(10982400K), 0.0273930 secs] [Times: user=0.29 sys=0.00, real=0.03 secs] 
9175.598: [GC 9175.598: [ParNew: 2300726K->60426K(2534400K), 0.0387240 secs] 6249068K->4010221K(10982400K), 0.0391110 secs] [Times: user=0.30 sys=0.01, real=0.04 secs] 
9177.943: [GC 9177.943: [ParNew: 2313226K->39349K(2534400K), 0.0221740 secs] 6263021K->3991326K(10982400K), 0.0225170 secs] [Times: user=0.21 sys=0.00, real=0.02 secs] 
9181.078: [GC 9181.079: [ParNew: 2292149K->38357K(2534400K), 0.0219250 secs] 6244126K->3991539K(10982400K), 0.0222980 secs] [Times: user=0.20 sys=0.00, real=0.02 secs] 
9186.444: [GC 9186.444: [ParNew: 2291157K->36625K(2534400K), 0.0326190 secs] 6244339K->3991287K(10982400K), 0.0330120 secs] [Times: user=0.20 sys=0.00, real=0.04 secs] 
9192.750: [GC 9192.750: [ParNew: 2289311K->48936K(2534400K), 0.0331780 secs] 6243973K->4005961K(10982400K), 0.0335860 secs] [Times: user=0.27 sys=0.01, real=0.03 secs] 
9200.573: [GC 9200.573: [ParNew: 2301717K->35619K(2534400K), 0.0380900 secs] 6258742K->3992986K(10982400K), 0.0384810 secs] [Times: user=0.28 sys=0.00, real=0.04 secs] 
9206.467: [GC 9206.467: [ParNew: 2288419K->30873K(2534400K), 0.0263870 secs] 6245786K->3990862K(10982400K), 0.0267720 secs] [Times: user=0.18 sys=0.00, real=0.03 secs] 
9215.437: [GC 9215.437: [ParNew: 2283673K->33760K(2534400K), 0.0421250 secs] 6243662K->3996475K(10982400K), 0.0425050 secs] [Times: user=0.25 sys=0.00, real=0.05 secs] 
9224.911: [GC 9224.911: [ParNew: 2286560K->52082K(2534400K), 0.0425990 secs] 6249275K->4016967K(10982400K), 0.0429850 secs] [Times: user=0.30 sys=0.00, real=0.04 secs] 
9232.258: [GC 9232.258: [ParNew: 2304882K->38155K(2534400K), 0.0322040 secs] 6269767K->4004376K(10982400K), 0.0325840 secs] [Times: user=0.18 sys=0.00, real=0.03 secs] 
9242.180: [GC 9242.180: [ParNew: 2290955K->31056K(2534400K), 0.0472870 secs] 6257176K->4000734K(10982400K), 0.0476790 secs] [Times: user=0.18 sys=0.01, real=0.05 secs] 
9252.756: [GC 9252.756: [ParNew: 2283856K->54894K(2534400K), 0.0477460 secs] 6253534K->4025848K(10982400K), 0.0481030 secs] [Times: user=0.33 sys=0.00, real=0.04 secs] 
9262.607: [GC 9262.607: [ParNew: 2307694K->67344K(2534400K), 0.0415550 secs] 6278648K->4040031K(10982400K), 0.0419400 secs] [Times: user=0.36 sys=0.00, real=0.04 secs] 
9269.438: [GC 9269.438: [ParNew: 2320144K->48544K(2534400K), 0.0327580 secs] 6292831K->4022037K(10982400K), 0.0331110 secs] [Times: user=0.19 sys=0.01, real=0.03 secs] 
9274.498: [GC 9274.499: [ParNew: 2301336K->42883K(2534400K), 0.0277510 secs] 6274828K->4018927K(10982400K), 0.0281160 secs] [Times: user=0.25 sys=0.00, real=0.02 secs] 
9278.218: [GC 9278.218: [ParNew: 2295683K->38763K(2534400K), 0.0285410 secs] 6271727K->4017857K(10982400K), 0.0289330 secs] [Times: user=0.26 sys=0.00, real=0.03 secs] 
9283.831: [GC 9283.831: [ParNew: 2291563K->54796K(2534400K), 0.0364170 secs] 6270657K->4036373K(10982400K), 0.0368060 secs] [Times: user=0.29 sys=0.00, real=0.03 secs] 
9292.892: [GC 9292.893: [ParNew: 2307596K->68989K(2534400K), 0.0427610 secs] 6289173K->4052185K(10982400K), 0.0431620 secs] [Times: user=0.36 sys=0.00, real=0.04 secs] 
9301.237: [GC 9301.237: [ParNew: 2321789K->57668K(2534400K), 0.0461330 secs] 6304985K->4041678K(10982400K), 0.0465170 secs] [Times: user=0.30 sys=0.00, real=0.05 secs] 
9311.555: [GC 9311.555: [ParNew: 2310468K->45805K(2534400K), 0.0412970 secs] 6294478K->4030976K(10982400K), 0.0416760 secs] [Times: user=0.25 sys=0.00, real=0.04 secs] 
9321.859: [GC 9321.859: [ParNew: 2298605K->48817K(2534400K), 0.0440780 secs] 6283776K->4035843K(10982400K), 0.0444610 secs] [Times: user=0.29 sys=0.00, real=0.04 secs] 
9328.992: [GC 9328.992: [ParNew: 2301617K->53184K(2534400K), 0.0381620 secs] 6288643K->4045520K(10982400K), 0.0385430 secs] [Times: user=0.30 sys=0.00, real=0.04 secs] 
9339.792: [GC 9339.792: [ParNew: 2305984K->43428K(2534400K), 0.0418660 secs] 6298320K->4037498K(10982400K), 0.0422590 secs] [Times: user=0.20 sys=0.00, real=0.04 secs] 
9352.845: [GC 9352.845: [ParNew: 2296228K->33466K(2534400K), 0.0459410 secs] 6290298K->4030497K(10982400K), 0.0463250 secs] [Times: user=0.19 sys=0.01, real=0.05 secs] 
9358.558: [GC 9358.559: [ParNew: 2286254K->42465K(2534400K), 0.0406850 secs] 6283285K->4043532K(10982400K), 0.0411520 secs] [Times: user=0.26 sys=0.00, real=0.04 secs] 
9368.448: [GC 9368.448: [ParNew: 2295265K->35075K(2534400K), 0.0419610 secs] 6296332K->4037204K(10982400K), 0.0424310 secs] [Times: user=0.25 sys=0.00, real=0.04 secs] 
9377.486: [GC 9377.486: [ParNew: 2287875K->32171K(2534400K), 0.0386220 secs] 6290004K->4036241K(10982400K), 0.0390930 secs] [Times: user=0.20 sys=0.00, real=0.04 secs] 
9385.604: [GC 9385.605: [ParNew: 2284971K->31223K(2534400K), 0.0383450 secs] 6289041K->4036729K(10982400K), 0.0388430 secs] [Times: user=0.24 sys=0.00, real=0.04 secs] 
9392.934: [GC 9392.934: [ParNew: 2284023K->49559K(2534400K), 0.0397700 secs] 6289529K->4057692K(10982400K), 0.0402540 secs] [Times: user=0.30 sys=0.01, real=0.04 secs] 
9403.205: [GC 9403.205: [ParNew: 2302359K->54713K(2534400K), 0.0472620 secs] 6310492K->4066127K(10982400K), 0.0477350 secs] [Times: user=0.27 sys=0.01, real=0.05 secs] 
9406.067: [GC 9406.068: [ParNew: 2307513K->60502K(2534400K), 0.0269410 secs] 6318927K->4073425K(10982400K), 0.0274280 secs] [Times: user=0.32 sys=0.00, real=0.03 secs] 
9412.165: [GC 9412.165: [ParNew: 2313302K->45953K(2534400K), 0.0329150 secs] 6326225K->4061356K(10982400K), 0.0333300 secs] [Times: user=0.25 sys=0.00, real=0.03 secs] 
9416.694: [GC 9416.694: [ParNew: 2298753K->37900K(2534400K), 0.0358180 secs] 6314156K->4055570K(10982400K), 0.0362340 secs] [Times: user=0.18 sys=0.00, real=0.04 secs] 
9424.466: [GC 9424.467: [ParNew: 2290700K->31987K(2534400K), 0.0366780 secs] 6308370K->4052488K(10982400K), 0.0371420 secs] [Times: user=0.20 sys=0.00, real=0.04 secs] 
9433.836: [GC 9433.837: [ParNew: 2284611K->48147K(2534400K), 0.0435220 secs] 6305112K->4070268K(10982400K), 0.0439820 secs] [Times: user=0.24 sys=0.00, real=0.04 secs] 
9437.896: [GC 9437.896: [ParNew: 2300947K->39609K(2534400K), 0.0254410 secs] 6323068K->4062775K(10982400K), 0.0259010 secs] [Times: user=0.19 sys=0.00, real=0.02 secs] 
9445.366: [GC 9445.367: [ParNew: 2292409K->38714K(2534400K), 0.0319980 secs] 6315575K->4063094K(10982400K), 0.0324760 secs] [Times: user=0.19 sys=0.00, real=0.03 secs] 
9450.197: [GC 9450.197: [ParNew: 2291514K->60596K(2534400K), 0.0424280 secs] 6315894K->4092465K(10982400K), 0.0428880 secs] [Times: user=0.35 sys=0.01, real=0.04 secs] 
9457.104: [GC 9457.104: [ParNew: 2313396K->103727K(2534400K), 0.0938900 secs] 6345265K->4143468K(10982400K), 0.0943580 secs] [Times: user=0.33 sys=0.00, real=0.10 secs] 
9461.526: [GC 9461.527: [ParNew: 2356527K->172039K(2534400K), 0.1391220 secs] 6396268K->4212784K(10982400K), 0.1395180 secs] [Times: user=0.36 sys=0.00, real=0.14 secs] 
9465.346: [GC 9465.346: [ParNew: 2424839K->135914K(2534400K), 0.0788070 secs] 6465584K->4194878K(10982400K), 0.0791960 secs] [Times: user=0.45 sys=0.01, real=0.08 secs] 
9468.650: [GC 9468.650: [ParNew: 2388714K->149419K(2534400K), 0.0849730 secs] 6447678K->4208382K(10982400K), 0.0853600 secs] [Times: user=0.36 sys=0.00, real=0.08 secs] 
9473.546: [GC 9473.547: [ParNew: 2402219K->116262K(2534400K), 0.0383780 secs] 6461182K->4175225K(10982400K), 0.0387770 secs] [Times: user=0.43 sys=0.00, real=0.04 secs] 
9476.801: [GC 9476.801: [ParNew: 2369062K->136286K(2534400K), 0.0409880 secs] 6428025K->4195249K(10982400K), 0.0413790 secs] [Times: user=0.49 sys=0.01, real=0.04 secs] 
9486.592: [GC 9486.592: [ParNew: 2389086K->102486K(2534400K), 0.0714770 secs] 6448049K->4215926K(10982400K), 0.0718700 secs] [Times: user=0.41 sys=0.02, real=0.07 secs] 
9494.492: [GC 9494.492: [ParNew: 2355286K->53394K(2534400K), 0.0392330 secs] 6468726K->4169750K(10982400K), 0.0396280 secs] [Times: user=0.27 sys=0.01, real=0.04 secs] 
9500.631: [GC 9500.631: [ParNew: 2306194K->37226K(2534400K), 0.0302340 secs] 6422550K->4157253K(10982400K), 0.0306410 secs] [Times: user=0.21 sys=0.00, real=0.04 secs] 
9509.820: [GC 9509.820: [ParNew: 2290026K->75550K(2534400K), 0.0477460 secs] 6410053K->4199361K(10982400K), 0.0481450 secs] [Times: user=0.43 sys=0.00, real=0.05 secs] 
9516.363: [GC 9516.363: [ParNew: 2328350K->56242K(2534400K), 0.0352160 secs] 6452161K->4186084K(10982400K), 0.0356090 secs] [Times: user=0.20 sys=0.00, real=0.04 secs] 
9523.198: [GC 9523.198: [ParNew: 2309042K->29435K(2534400K), 0.0347590 secs] 6438884K->4163477K(10982400K), 0.0351510 secs] [Times: user=0.18 sys=0.00, real=0.03 secs] 
9530.617: [GC 9530.617: [ParNew: 2282235K->31026K(2534400K), 0.0335540 secs] 6416277K->4165705K(10982400K), 0.0339200 secs] [Times: user=0.20 sys=0.00, real=0.03 secs] 
9533.719: [GC 9533.719: [ParNew: 2283826K->26483K(2534400K), 0.0242750 secs] 6418505K->4164151K(10982400K), 0.0246570 secs] [Times: user=0.16 sys=0.01, real=0.02 secs] 
9537.427: [GC 9537.427: [ParNew: 2279283K->39003K(2534400K), 0.0296930 secs] 6416951K->4177990K(10982400K), 0.0300500 secs] [Times: user=0.22 sys=0.00, real=0.03 secs] 
9543.331: [GC 9543.332: [ParNew: 2291803K->38443K(2534400K), 0.0300040 secs] 6430790K->4179369K(10982400K), 0.0304080 secs] [Times: user=0.20 sys=0.00, real=0.03 secs] 
9552.689: [GC 9552.690: [ParNew: 2291243K->33226K(2534400K), 0.0407540 secs] 6432169K->4178468K(10982400K), 0.0411480 secs] [Times: user=0.21 sys=0.00, real=0.05 secs] 
9561.711: [GC 9561.711: [ParNew: 2286026K->32567K(2534400K), 0.0428650 secs] 6431268K->4179533K(10982400K), 0.0432650 secs] [Times: user=0.28 sys=0.00, real=0.05 secs] 
9567.869: [GC 9567.869: [ParNew: 2285367K->51104K(2534400K), 0.0354870 secs] 6432333K->4199027K(10982400K), 0.0358880 secs] [Times: user=0.30 sys=0.00, real=0.04 secs] 
9577.394: [GC 9577.394: [ParNew: 2303904K->42138K(2534400K), 0.0455640 secs] 6451827K->4192696K(10982400K), 0.0459570 secs] [Times: user=0.29 sys=0.00, real=0.04 secs] 
9587.876: [GC 9587.877: [ParNew: 2294938K->77776K(2534400K), 0.0519600 secs] 6445496K->4231454K(10982400K), 0.0523500 secs] [Times: user=0.48 sys=0.00, real=0.05 secs] 
9593.589: [GC 9593.589: [ParNew: 2330576K->56865K(2534400K), 0.0341290 secs] 6484254K->4212272K(10982400K), 0.0345270 secs] [Times: user=0.22 sys=0.00, real=0.03 secs] 
9602.884: [GC 9602.884: [ParNew: 2309650K->44649K(2534400K), 0.0426260 secs] 6465057K->4202637K(10982400K), 0.0430240 secs] [Times: user=0.23 sys=0.01, real=0.04 secs] 
9615.216: [GC 9615.216: [ParNew: 2297449K->51711K(2534400K), 0.0487680 secs] 6455437K->4211726K(10982400K), 0.0491600 secs] [Times: user=0.25 sys=0.01, real=0.05 secs] 
9623.052: [GC 9623.052: [ParNew: 2304468K->64983K(2534400K), 0.0424560 secs] 6464483K->4227206K(10982400K), 0.0428200 secs] [Times: user=0.34 sys=0.00, real=0.04 secs] 
9631.494: [GC 9631.494: [ParNew: 2317783K->44057K(2534400K), 0.0336910 secs] 6480006K->4207471K(10982400K), 0.0340820 secs] [Times: user=0.18 sys=0.00, real=0.03 secs] 
9642.083: [GC 9642.084: [ParNew: 2296857K->37957K(2534400K), 0.0428150 secs] 6460271K->4202900K(10982400K), 0.0432050 secs] [Times: user=0.20 sys=0.00, real=0.05 secs] 
9652.341: [GC 9652.341: [ParNew: 2290757K->40443K(2534400K), 0.0437560 secs] 6455700K->4208621K(10982400K), 0.0442460 secs] [Times: user=0.24 sys=0.00, real=0.05 secs] 
9662.668: [GC 9662.668: [ParNew: 2293231K->39601K(2534400K), 0.0555360 secs] 6461408K->4210971K(10982400K), 0.0560110 secs] [Times: user=0.33 sys=0.00, real=0.05 secs] 
9666.863: [GC 9666.863: [ParNew: 2292400K->53063K(2534400K), 0.0307590 secs] 6463771K->4227118K(10982400K), 0.0311680 secs] [Times: user=0.32 sys=0.00, real=0.03 secs] 
9670.587: [GC 9670.588: [ParNew: 2305863K->40514K(2534400K), 0.0250390 secs] 6479918K->4216649K(10982400K), 0.0255010 secs] [Times: user=0.17 sys=0.01, real=0.03 secs] 
9677.427: [GC 9677.427: [ParNew: 2293314K->32980K(2534400K), 0.0383680 secs] 6469449K->4213186K(10982400K), 0.0388420 secs] [Times: user=0.27 sys=0.01, real=0.04 secs] 
9687.027: [GC 9687.028: [ParNew: 2285780K->58023K(2534400K), 0.0461310 secs] 6465986K->4240064K(10982400K), 0.0466030 secs] [Times: user=0.33 sys=0.00, real=0.05 secs] 
9694.717: [GC 9694.717: [ParNew: 2310823K->42690K(2534400K), 0.0353090 secs] 6492864K->4226964K(10982400K), 0.0357830 secs] [Times: user=0.20 sys=0.00, real=0.04 secs] 
9702.378: [GC 9702.378: [ParNew: 2295490K->36604K(2534400K), 0.0458750 secs] 6479764K->4223607K(10982400K), 0.0463580 secs] [Times: user=0.28 sys=0.00, real=0.05 secs] 
9709.733: [GC 9709.733: [ParNew: 2289404K->54888K(2534400K), 0.0427780 secs] 6476407K->4246164K(10982400K), 0.0432500 secs] [Times: user=0.35 sys=0.00, real=0.05 secs] 
9716.482: [GC 9716.482: [ParNew: 2307688K->44975K(2534400K), 0.0447560 secs] 6498964K->4239046K(10982400K), 0.0452090 secs] [Times: user=0.27 sys=0.01, real=0.05 secs] 
9725.407: [GC 9725.407: [ParNew: 2297775K->39457K(2534400K), 0.0397800 secs] 6491846K->4236643K(10982400K), 0.0402650 secs] [Times: user=0.23 sys=0.00, real=0.05 secs] 
9736.656: [GC 9736.657: [ParNew: 2292257K->35899K(2534400K), 0.0448550 secs] 6489443K->4235045K(10982400K), 0.0453290 secs] [Times: user=0.24 sys=0.01, real=0.05 secs] 
9747.785: [GC 9747.785: [ParNew: 2288699K->37835K(2534400K), 0.0439160 secs] 6487845K->4238486K(10982400K), 0.0444020 secs] [Times: user=0.21 sys=0.00, real=0.04 secs] 
9757.861: [GC 9757.861: [ParNew: 2290635K->36050K(2534400K), 0.0481030 secs] 6491286K->4238780K(10982400K), 0.0485850 secs] [Times: user=0.31 sys=0.01, real=0.05 secs] 
9768.218: [GC 9768.218: [ParNew: 2288850K->37394K(2534400K), 0.0425460 secs] 6491580K->4241711K(10982400K), 0.0429720 secs] [Times: user=0.30 sys=0.00, real=0.04 secs] 
9771.677: [GC 9771.677: [ParNew: 2290194K->30715K(2534400K), 0.0273530 secs] 6494511K->4239791K(10982400K), 0.0278210 secs] [Times: user=0.21 sys=0.00, real=0.03 secs] 
9775.030: [GC 9775.030: [ParNew: 2283515K->31297K(2534400K), 0.0314230 secs] 6492591K->4243141K(10982400K), 0.0319010 secs] [Times: user=0.18 sys=0.00, real=0.03 secs] 
9782.286: [GC 9782.287: [ParNew: 2284097K->29144K(2534400K), 0.0353260 secs] 6495941K->4243713K(10982400K), 0.0357990 secs] [Times: user=0.21 sys=0.00, real=0.03 secs] 
9792.594: [GC 9792.594: [ParNew: 2281944K->33797K(2534400K), 0.0377900 secs] 6496513K->4251508K(10982400K), 0.0382090 secs] [Times: user=0.20 sys=0.01, real=0.04 secs] 
9798.253: [GC 9798.254: [ParNew: 2286597K->40880K(2534400K), 0.0298630 secs] 6504308K->4259642K(10982400K), 0.0303330 secs] [Times: user=0.21 sys=0.00, real=0.03 secs] 
9801.674: [GC 9801.674: [ParNew: 2293680K->33237K(2534400K), 0.0240180 secs] 6512442K->4253528K(10982400K), 0.0244860 secs] [Times: user=0.19 sys=0.00, real=0.03 secs] 
9811.130: [GC 9811.130: [ParNew: 2286037K->46746K(2534400K), 0.0410100 secs] 6506328K->4269954K(10982400K), 0.0414940 secs] [Times: user=0.21 sys=0.00, real=0.04 secs] 
9820.672: [GC 9820.673: [ParNew: 2299546K->39815K(2534400K), 0.0455860 secs] 6522754K->4269029K(10982400K), 0.0460560 secs] [Times: user=0.20 sys=0.00, real=0.04 secs] 
9829.865: [GC 9829.865: [ParNew: 2292615K->29153K(2534400K), 0.0385020 secs] 6521829K->4263107K(10982400K), 0.0389770 secs] [Times: user=0.19 sys=0.00, real=0.04 secs] 
9838.892: [GC 9838.892: [ParNew: 2281953K->33998K(2534400K), 0.0582130 secs] 6515907K->4269036K(10982400K), 0.0586900 secs] [Times: user=0.36 sys=0.00, real=0.06 secs] 
9844.258: [GC 9844.259: [ParNew: 2286798K->47938K(2534400K), 0.0368270 secs] 6521836K->4286861K(10982400K), 0.0372500 secs] [Times: user=0.30 sys=0.00, real=0.04 secs] 
9853.698: [GC 9853.699: [ParNew: 2300738K->39022K(2534400K), 0.0462560 secs] 6539661K->4279582K(10982400K), 0.0467320 secs] [Times: user=0.27 sys=0.01, real=0.04 secs] 
9861.943: [GC 9861.943: [ParNew: 2291822K->29359K(2534400K), 0.0443780 secs] 6532382K->4271050K(10982400K), 0.0448390 secs] [Times: user=0.23 sys=0.00, real=0.05 secs] 
9867.806: [GC 9867.806: [ParNew: 2282145K->31779K(2534400K), 0.0331770 secs] 6523836K->4274988K(10982400K), 0.0336460 secs] [Times: user=0.21 sys=0.01, real=0.04 secs] 
9873.296: [GC 9873.296: [ParNew: 2284518K->41048K(2534400K), 0.0355700 secs] 6527727K->4286379K(10982400K), 0.0361510 secs] [Times: user=0.27 sys=0.01, real=0.04 secs] 
9881.114: [GC 9881.114: [ParNew: 2293848K->36912K(2534400K), 0.0336600 secs] 6539179K->4284919K(10982400K), 0.0340790 secs] [Times: user=0.19 sys=0.00, real=0.03 secs] 
9889.025: [GC 9889.025: [ParNew: 2289711K->46110K(2534400K), 0.0370600 secs] 6537717K->4296699K(10982400K), 0.0374740 secs] [Times: user=0.23 sys=0.01, real=0.04 secs] 
9895.452: [GC 9895.452: [ParNew: 2298910K->76864K(2534400K), 0.0505900 secs] 6549499K->4331617K(10982400K), 0.0511060 secs] [Times: user=0.41 sys=0.00, real=0.05 secs] 
9904.618: [GC 9904.618: [ParNew: 2329664K->62775K(2534400K), 0.0410870 secs] 6584417K->4319651K(10982400K), 0.0415650 secs] [Times: user=0.25 sys=0.00, real=0.04 secs] 
9911.419: [GC 9911.419: [ParNew: 2315575K->72126K(2534400K), 0.0473430 secs] 6572451K->4332728K(10982400K), 0.0477690 secs] [Times: user=0.26 sys=0.01, real=0.05 secs] 
9916.906: [GC 9916.906: [ParNew: 2324926K->108180K(2534400K), 0.0879550 secs] 6585528K->4377181K(10982400K), 0.0884270 secs] [Times: user=0.36 sys=0.00, real=0.08 secs] 
9925.615: [GC 9925.616: [ParNew: 2360980K->48979K(2534400K), 0.0409410 secs] 6629981K->4331448K(10982400K), 0.0414510 secs] [Times: user=0.26 sys=0.01, real=0.05 secs] 
9928.901: [GC 9928.901: [ParNew: 2301779K->38764K(2534400K), 0.0229990 secs] 6584248K->4322219K(10982400K), 0.0234600 secs] [Times: user=0.21 sys=0.00, real=0.02 secs] 
9933.614: [GC 9933.614: [ParNew: 2291564K->35330K(2534400K), 0.0308290 secs] 6575019K->4323521K(10982400K), 0.0312950 secs] [Times: user=0.22 sys=0.01, real=0.03 secs] 
9941.617: [GC 9941.618: [ParNew: 2288130K->35831K(2534400K), 0.0506220 secs] 6576321K->4326869K(10982400K), 0.0510930 secs] [Times: user=0.29 sys=0.00, real=0.05 secs] 
9946.898: [GC 9946.898: [ParNew: 2288631K->34846K(2534400K), 0.0279480 secs] 6579669K->4329582K(10982400K), 0.0283660 secs] [Times: user=0.22 sys=0.00, real=0.03 secs] 
9953.908: [GC 9953.908: [ParNew: 2287646K->31100K(2534400K), 0.0380180 secs] 6582382K->4326462K(10982400K), 0.0384390 secs] [Times: user=0.25 sys=0.00, real=0.04 secs] 
9959.605: [GC 9959.605: [ParNew: 2283900K->34096K(2534400K), 0.0386770 secs] 6579262K->4330910K(10982400K), 0.0391650 secs] [Times: user=0.21 sys=0.00, real=0.04 secs] 
9965.313: [GC 9965.314: [ParNew: 2286896K->26813K(2534400K), 0.0309010 secs] 6583710K->4327530K(10982400K), 0.0313210 secs] [Times: user=0.17 sys=0.01, real=0.03 secs] 
9970.552: [GC 9970.552: [ParNew: 2279613K->42746K(2534400K), 0.0332420 secs] 6580330K->4345516K(10982400K), 0.0337110 secs] [Times: user=0.30 sys=0.00, real=0.04 secs] 
9976.015: [GC 9976.016: [ParNew: 2295546K->33935K(2534400K), 0.0312140 secs] 6598316K->4337915K(10982400K), 0.0316860 secs] [Times: user=0.18 sys=0.00, real=0.03 secs] 
9983.181: [GC 9983.181: [ParNew: 2286732K->25758K(2534400K), 0.0350000 secs] 6590712K->4330796K(10982400K), 0.0354770 secs] [Times: user=0.18 sys=0.00, real=0.04 secs] 
9990.771: [GC 9990.771: [ParNew: 2278498K->26701K(2534400K), 0.0353570 secs] 6583536K->4333214K(10982400K), 0.0358340 secs] [Times: user=0.16 sys=0.01, real=0.03 secs] 
9999.102: [GC 9999.102: [ParNew: 2279501K->28965K(2534400K), 0.0401220 secs] 6586014K->4336713K(10982400K), 0.0405780 secs] [Times: user=0.22 sys=0.01, real=0.04 secs] 
10003.998: [GC 10003.998: [ParNew: 2281765K->59401K(2534400K), 0.0357340 secs] 6589513K->4369601K(10982400K), 0.0362130 secs] [Times: user=0.35 sys=0.00, real=0.04 secs] 
10010.874: [GC 10010.875: [ParNew: 2312201K->90918K(2534400K), 0.0437100 secs] 6622401K->4402820K(10982400K), 0.0441290 secs] [Times: user=0.39 sys=0.00, real=0.04 secs] 
10015.550: [GC 10015.551: [ParNew: 2343718K->123110K(2534400K), 0.0502070 secs] 6655620K->4436683K(10982400K), 0.0506780 secs] [Times: user=0.52 sys=0.00, real=0.06 secs] 
10019.945: [GC 10019.945: [ParNew: 2375910K->154764K(2534400K), 0.0473930 secs] 6689483K->4471057K(10982400K), 0.0478640 secs] [Times: user=0.56 sys=0.00, real=0.05 secs] 
10023.781: [GC 10023.781: [ParNew: 2407564K->176323K(2534400K), 0.0461690 secs] 6723857K->4498459K(10982400K), 0.0466410 secs] [Times: user=0.64 sys=0.01, real=0.05 secs] 
10028.597: [GC 10028.597: [ParNew: 2429123K->158399K(2534400K), 0.0778670 secs] 6751259K->4526157K(10982400K), 0.0783500 secs] [Times: user=0.88 sys=0.01, real=0.08 secs] 
10032.944: [GC 10032.944: [ParNew: 2411199K->160885K(2534400K), 0.0426550 secs] 6778957K->4531037K(10982400K), 0.0431320 secs] [Times: user=0.55 sys=0.00, real=0.04 secs] 
10039.487: [GC 10039.488: [ParNew: 2413685K->119828K(2534400K), 0.0668580 secs] 6783837K->4539835K(10982400K), 0.0672870 secs] [Times: user=0.63 sys=0.01, real=0.07 secs] 
10045.221: [GC 10045.222: [ParNew: 2372628K->47332K(2534400K), 0.0350030 secs] 6792635K->4469419K(10982400K), 0.0354680 secs] [Times: user=0.24 sys=0.00, real=0.04 secs] 
10050.428: [GC 10050.428: [ParNew: 2300132K->110339K(2534400K), 0.0457820 secs] 6722219K->4535121K(10982400K), 0.0462280 secs] [Times: user=0.55 sys=0.00, real=0.04 secs] 
10056.318: [GC 10056.318: [ParNew: 2363139K->97576K(2534400K), 0.0424390 secs] 6787921K->4524436K(10982400K), 0.0428560 secs] [Times: user=0.38 sys=0.01, real=0.04 secs] 
10058.670: [GC 10058.670: [ParNew: 2350376K->80287K(2534400K), 0.0289390 secs] 6777236K->4511363K(10982400K), 0.0293930 secs] [Times: user=0.39 sys=0.00, real=0.03 secs] 
10061.488: [GC 10061.488: [ParNew: 2333087K->81049K(2534400K), 0.0320450 secs] 6764163K->4513885K(10982400K), 0.0325070 secs] [Times: user=0.35 sys=0.00, real=0.03 secs] 
10066.661: [GC 10066.661: [ParNew: 2333849K->92569K(2534400K), 0.0417520 secs] 6766685K->4528917K(10982400K), 0.0422270 secs] [Times: user=0.48 sys=0.00, real=0.04 secs] 
10072.237: [GC 10072.237: [ParNew: 2345369K->67191K(2534400K), 0.0342120 secs] 6781717K->4504845K(10982400K), 0.0346340 secs] [Times: user=0.26 sys=0.00, real=0.04 secs] 
10076.157: [GC 10076.157: [ParNew: 2319991K->69988K(2534400K), 0.0419050 secs] 6757645K->4507950K(10982400K), 0.0423790 secs] [Times: user=0.37 sys=0.00, real=0.04 secs] 
10080.718: [GC 10080.718: [ParNew: 2322788K->51939K(2534400K), 0.0274010 secs] 6760750K->4492100K(10982400K), 0.0278920 secs] [Times: user=0.18 sys=0.00, real=0.03 secs] 
10086.707: [GC 10086.707: [ParNew: 2304739K->57812K(2534400K), 0.0366100 secs] 6744900K->4501531K(10982400K), 0.0370340 secs] [Times: user=0.34 sys=0.01, real=0.04 secs] 
10091.511: [GC 10091.511: [ParNew: 2310612K->68942K(2534400K), 0.0356720 secs] 6754331K->4515309K(10982400K), 0.0361400 secs] [Times: user=0.34 sys=0.00, real=0.04 secs] 
10097.459: [GC 10097.459: [ParNew: 2321742K->60153K(2534400K), 0.0369540 secs] 6768109K->4507703K(10982400K), 0.0374370 secs] [Times: user=0.32 sys=0.00, real=0.04 secs] 
10103.501: [GC 10103.502: [ParNew: 2312953K->46182K(2534400K), 0.0317080 secs] 6760503K->4495922K(10982400K), 0.0321810 secs] [Times: user=0.18 sys=0.00, real=0.04 secs] 
10108.277: [GC 10108.277: [ParNew: 2298982K->54925K(2534400K), 0.0379090 secs] 6748722K->4507239K(10982400K), 0.0383340 secs] [Times: user=0.35 sys=0.01, real=0.04 secs] 
10113.937: [GC 10113.937: [ParNew: 2307725K->42004K(2534400K), 0.0327060 secs] 6760039K->4497358K(10982400K), 0.0331750 secs] [Times: user=0.18 sys=0.01, real=0.03 secs] 
10119.602: [GC 10119.603: [ParNew: 2294804K->72458K(2534400K), 0.0402030 secs] 6750158K->4530078K(10982400K), 0.0407010 secs] [Times: user=0.41 sys=0.00, real=0.04 secs] 
10124.856: [GC 10124.856: [ParNew: 2325258K->61742K(2534400K), 0.0442710 secs] 6782878K->4521755K(10982400K), 0.0447000 secs] [Times: user=0.29 sys=0.01, real=0.05 secs] 
10126.840: [GC 10126.840: [ParNew: 2314542K->104219K(2534400K), 0.0383620 secs] 6774555K->4567038K(10982400K), 0.0387710 secs] [Times: user=0.57 sys=0.00, real=0.04 secs] 
10131.160: [GC 10131.160: [ParNew: 2357019K->124843K(2534400K), 0.0370210 secs] 6819838K->4588737K(10982400K), 0.0375000 secs] [Times: user=0.49 sys=0.01, real=0.04 secs] 
10136.948: [GC 10136.949: [ParNew: 2377643K->124712K(2534400K), 0.0509330 secs] 6841537K->4590833K(10982400K), 0.0514110 secs] [Times: user=0.50 sys=0.01, real=0.06 secs] 
10142.792: [GC 10142.793: [ParNew: 2377512K->160729K(2534400K), 0.0531800 secs] 6843633K->4630794K(10982400K), 0.0536040 secs] [Times: user=0.67 sys=0.00, real=0.05 secs] 
10147.892: [GC 10147.892: [ParNew: 2413529K->148490K(2534400K), 0.0716770 secs] 6883594K->4668543K(10982400K), 0.0721790 secs] [Times: user=0.74 sys=0.01, real=0.07 secs] 
10154.379: [GC 10154.379: [ParNew: 2401290K->94090K(2534400K), 0.0478590 secs] 6921343K->4619814K(10982400K), 0.0483430 secs] [Times: user=0.46 sys=0.01, real=0.05 secs] 
10158.866: [GC 10158.866: [ParNew: 2346887K->133278K(2534400K), 0.0407370 secs] 6872611K->4660242K(10982400K), 0.0412430 secs] [Times: user=0.53 sys=0.00, real=0.04 secs] 
10164.637: [GC 10164.637: [ParNew: 2386078K->90200K(2534400K), 0.0390260 secs] 6913042K->4619819K(10982400K), 0.0395180 secs] [Times: user=0.35 sys=0.01, real=0.04 secs] 
10171.144: [GC 10171.144: [ParNew: 2343000K->50192K(2534400K), 0.0398750 secs] 6872619K->4581416K(10982400K), 0.0403760 secs] [Times: user=0.35 sys=0.01, real=0.05 secs] 
10176.972: [GC 10176.973: [ParNew: 2302992K->58105K(2534400K), 0.0378960 secs] 6834216K->4592985K(10982400K), 0.0383320 secs] [Times: user=0.29 sys=0.00, real=0.04 secs] 
10184.836: [GC 10184.836: [ParNew: 2310905K->46029K(2534400K), 0.0487060 secs] 6845785K->4586630K(10982400K), 0.0491470 secs] [Times: user=0.36 sys=0.01, real=0.04 secs] 
10189.199: [GC 10189.199: [ParNew: 2298829K->34865K(2534400K), 0.0341050 secs] 6839430K->4580301K(10982400K), 0.0345840 secs] [Times: user=0.31 sys=0.01, real=0.03 secs] 
10191.874: [GC 10191.874: [ParNew: 2287665K->60715K(2534400K), 0.0278440 secs] 6833101K->4608213K(10982400K), 0.0282670 secs] [Times: user=0.34 sys=0.01, real=0.03 secs] 
10194.674: [GC 10194.674: [ParNew: 2313515K->50633K(2534400K), 0.0321300 secs] 6861013K->4602903K(10982400K), 0.0326130 secs] [Times: user=0.18 sys=0.00, real=0.03 secs] 
10200.169: [GC 10200.169: [ParNew: 2303433K->54687K(2534400K), 0.0399840 secs] 6855703K->4611706K(10982400K), 0.0404280 secs] [Times: user=0.35 sys=0.00, real=0.04 secs] 
10206.588: [GC 10206.588: [ParNew: 2307487K->99804K(2534400K), 0.0484970 secs] 6864506K->4660250K(10982400K), 0.0489780 secs] [Times: user=0.53 sys=0.00, real=0.05 secs] 
10210.147: [GC 10210.147: [ParNew: 2352604K->101288K(2534400K), 0.0393370 secs] 6913050K->4662412K(10982400K), 0.0398180 secs] [Times: user=0.44 sys=0.01, real=0.04 secs] 
10215.711: [GC 10215.712: [ParNew: 2354088K->142370K(2534400K), 0.0416720 secs] 6915212K->4704903K(10982400K), 0.0421620 secs] [Times: user=0.52 sys=0.00, real=0.04 secs] 
10220.443: [GC 10220.443: [ParNew: 2395170K->189443K(2534400K), 0.0588590 secs] 6957703K->4755647K(10982400K), 0.0593400 secs] [Times: user=0.85 sys=0.00, real=0.06 secs] 
10224.929: [GC 10224.929: [ParNew: 2442243K->127001K(2534400K), 0.0667770 secs] 7008447K->4738367K(10982400K), 0.0672570 secs] [Times: user=0.57 sys=0.01, real=0.07 secs] 
10230.346: [GC 10230.346: [ParNew: 2379801K->46904K(2534400K), 0.0380000 secs] 6991167K->4673219K(10982400K), 0.0384880 secs] [Times: user=0.26 sys=0.01, real=0.04 secs] 
10238.969: [GC 10238.969: [ParNew: 2299704K->29184K(2534400K), 0.0425930 secs] 6926019K->4656680K(10982400K), 0.0430260 secs] [Times: user=0.25 sys=0.00, real=0.04 secs] 
10248.734: [GC 10248.735: [ParNew: 2281984K->36118K(2534400K), 0.0492940 secs] 6909480K->4664251K(10982400K), 0.0497460 secs] [Times: user=0.33 sys=0.00, real=0.05 secs] 
10254.259: [GC 10254.259: [ParNew: 2288918K->34185K(2534400K), 0.0387750 secs] 6917051K->4662934K(10982400K), 0.0392120 secs] [Times: user=0.26 sys=0.01, real=0.04 secs] 
10260.576: [GC 10260.576: [ParNew: 2286985K->30356K(2534400K), 0.0374810 secs] 6915734K->4662229K(10982400K), 0.0379720 secs] [Times: user=0.18 sys=0.00, real=0.04 secs] 
10266.391: [GC 10266.391: [ParNew: 2283156K->39857K(2534400K), 0.0314150 secs] 6915029K->4674328K(10982400K), 0.0318500 secs] [Times: user=0.23 sys=0.00, real=0.03 secs] 
10276.607: [GC 10276.607: [ParNew: 2292657K->36479K(2534400K), 0.0448150 secs] 6927128K->4674373K(10982400K), 0.0452970 secs] [Times: user=0.20 sys=0.01, real=0.05 secs] 
10282.594: [GC 10282.594: [ParNew: 2289279K->88124K(2534400K), 0.0415560 secs] 6927173K->4727588K(10982400K), 0.0420620 secs] [Times: user=0.43 sys=0.00, real=0.04 secs] 
10288.480: [GC 10288.480: [ParNew: 2340924K->83898K(2534400K), 0.0398370 secs] 6980388K->4724323K(10982400K), 0.0403220 secs] [Times: user=0.37 sys=0.00, real=0.04 secs] 
10292.690: [GC 10292.690: [ParNew: 2336698K->77890K(2534400K), 0.0356460 secs] 6977123K->4720605K(10982400K), 0.0361250 secs] [Times: user=0.34 sys=0.00, real=0.04 secs] 
10296.489: [GC 10296.490: [ParNew: 2330690K->62024K(2534400K), 0.0338750 secs] 6973405K->4709583K(10982400K), 0.0343520 secs] [Times: user=0.33 sys=0.01, real=0.04 secs] 
10304.687: [GC 10304.687: [ParNew: 2314824K->86541K(2534400K), 0.0469280 secs] 6962383K->4735209K(10982400K), 0.0474220 secs] [Times: user=0.41 sys=0.01, real=0.04 secs] 
10312.369: [GC 10312.369: [ParNew: 2339341K->59715K(2534400K), 0.0353780 secs] 6988009K->4711594K(10982400K), 0.0358110 secs] [Times: user=0.19 sys=0.00, real=0.03 secs] 
10316.884: [GC 10316.885: [ParNew: 2312510K->36157K(2534400K), 0.0365550 secs] 6964389K->4689089K(10982400K), 0.0370320 secs] [Times: user=0.21 sys=0.00, real=0.04 secs] 
10319.938: [GC 10319.938: [ParNew: 2288957K->27721K(2534400K), 0.0228770 secs] 6941889K->4681539K(10982400K), 0.0233680 secs] [Times: user=0.16 sys=0.00, real=0.02 secs] 
10325.273: [GC 10325.274: [ParNew: 2280521K->23909K(2534400K), 0.0283810 secs] 6934339K->4683257K(10982400K), 0.0288180 secs] [Times: user=0.18 sys=0.00, real=0.03 secs] 
10330.709: [GC 10330.710: [ParNew: 2276710K->39199K(2534400K), 0.0306290 secs] 6936058K->4700093K(10982400K), 0.0311120 secs] [Times: user=0.26 sys=0.00, real=0.03 secs] 
10330.742: [GC 10330.742: [ParNew: 39565K->44106K(2534400K), 0.0117930 secs] 4700459K->4707152K(10982400K), 0.0121140 secs] [Times: user=0.22 sys=0.00, real=0.01 secs] 
10334.733: [GC 10334.734: [ParNew: 2296910K->37085K(2534400K), 0.0249660 secs] 6959956K->4700891K(10982400K), 0.0254460 secs] [Times: user=0.17 sys=0.00, real=0.03 secs] 
10334.761: [GC 10334.761: [ParNew: 37337K->25712K(2534400K), 0.0085000 secs] 4701143K->4691083K(10982400K), 0.0088160 secs] [Times: user=0.15 sys=0.00, real=0.01 secs] 
10338.338: [GC 10338.338: [ParNew: 2278512K->46955K(2534400K), 0.0300020 secs] 6943883K->4713810K(10982400K), 0.0304650 secs] [Times: user=0.33 sys=0.00, real=0.03 secs] 
10342.075: [GC 10342.075: [ParNew: 2299755K->43896K(2534400K), 0.0283790 secs] 6966610K->4710752K(10982400K), 0.0288720 secs] [Times: user=0.24 sys=0.00, real=0.03 secs] 
10347.745: [GC 10347.746: [ParNew: 2296696K->55212K(2534400K), 0.0372380 secs] 6963552K->4723834K(10982400K), 0.0376780 secs] [Times: user=0.30 sys=0.00, real=0.04 secs] 
10355.381: [GC 10355.382: [ParNew: 2308012K->51424K(2534400K), 0.0397830 secs] 6976634K->4720046K(10982400K), 0.0402850 secs] [Times: user=0.24 sys=0.00, real=0.04 secs] 
10362.944: [GC 10362.945: [ParNew: 2304224K->40538K(2534400K), 0.0397290 secs] 6972846K->4712137K(10982400K), 0.0402430 secs] [Times: user=0.23 sys=0.00, real=0.04 secs] 
10369.255: [GC 10369.256: [ParNew: 2293338K->34360K(2534400K), 0.0335770 secs] 6964937K->4708060K(10982400K), 0.0340200 secs] [Times: user=0.19 sys=0.00, real=0.03 secs] 
10374.386: [GC 10374.386: [ParNew: 2287160K->35257K(2534400K), 0.0356640 secs] 6960860K->4712737K(10982400K), 0.0362080 secs] [Times: user=0.19 sys=0.00, real=0.03 secs] 
10378.813: [GC 10378.813: [ParNew: 2288057K->109455K(2534400K), 0.0466910 secs] 6965537K->4788432K(10982400K), 0.0471890 secs] [Times: user=0.57 sys=0.01, real=0.05 secs] 
10385.320: [GC 10385.320: [ParNew: 2362254K->83472K(2534400K), 0.0387380 secs] 7041231K->4766433K(10982400K), 0.0392230 secs] [Times: user=0.31 sys=0.00, real=0.04 secs] 
10390.820: [GC 10390.820: [ParNew: 2336272K->44778K(2534400K), 0.0306040 secs] 7019233K->4730789K(10982400K), 0.0310860 secs] [Times: user=0.21 sys=0.00, real=0.03 secs] 
10395.308: [GC 10395.309: [ParNew: 2297578K->41797K(2534400K), 0.0297460 secs] 6983589K->4729746K(10982400K), 0.0302600 secs] [Times: user=0.21 sys=0.00, real=0.03 secs] 
10400.056: [GC 10400.057: [ParNew: 2294597K->99801K(2534400K), 0.0425530 secs] 6982546K->4789461K(10982400K), 0.0431080 secs] [Times: user=0.51 sys=0.00, real=0.05 secs] 
10406.465: [GC 10406.465: [ParNew: 2352601K->97209K(2534400K), 0.0552130 secs] 7042261K->4801992K(10982400K), 0.0557120 secs] [Times: user=0.53 sys=0.02, real=0.06 secs] 
10411.535: [GC 10411.536: [ParNew: 2350009K->85525K(2534400K), 0.0415240 secs] 7054792K->4791314K(10982400K), 0.0420090 secs] [Times: user=0.44 sys=0.01, real=0.04 secs] 
10421.891: [GC 10421.892: [ParNew: 2338325K->70061K(2534400K), 0.0503130 secs] 7044114K->4777886K(10982400K), 0.0508290 secs] [Times: user=0.28 sys=0.01, real=0.06 secs] 
10429.344: [GC 10429.344: [ParNew: 2322861K->58327K(2534400K), 0.0352490 secs] 7030686K->4766888K(10982400K), 0.0356800 secs] [Times: user=0.23 sys=0.00, real=0.03 secs] 
10433.660: [GC 10433.660: [ParNew: 2311127K->49871K(2534400K), 0.0476060 secs] 7019688K->4774244K(10982400K), 0.0480420 secs] [Times: user=0.44 sys=0.01, real=0.05 secs] 
10439.291: [GC 10439.291: [ParNew: 2302671K->41156K(2534400K), 0.0385830 secs] 7027044K->4769535K(10982400K), 0.0390730 secs] [Times: user=0.20 sys=0.00, real=0.04 secs] 
10445.871: [GC 10445.871: [ParNew: 2293956K->33226K(2534400K), 0.0346880 secs] 7022335K->4763565K(10982400K), 0.0351760 secs] [Times: user=0.19 sys=0.00, real=0.04 secs] 
10449.009: [GC 10449.009: [ParNew: 2286026K->33710K(2534400K), 0.0253170 secs] 7016365K->4765239K(10982400K), 0.0258010 secs] [Times: user=0.20 sys=0.00, real=0.02 secs] 
10451.973: [GC 10451.973: [ParNew: 2286510K->35164K(2534400K), 0.0261420 secs] 7018039K->4768792K(10982400K), 0.0265710 secs] [Times: user=0.20 sys=0.00, real=0.03 secs] 
10455.806: [GC 10455.807: [ParNew: 2287964K->35340K(2534400K), 0.0337780 secs] 7021592K->4772980K(10982400K), 0.0342590 secs] [Times: user=0.20 sys=0.00, real=0.04 secs] 
10459.987: [GC 10459.987: [ParNew: 2288140K->42417K(2534400K), 0.0337440 secs] 7025780K->4785382K(10982400K), 0.0342350 secs] [Times: user=0.29 sys=0.00, real=0.04 secs] 
10464.917: [GC 10464.917: [ParNew: 2295217K->87905K(2534400K), 0.0486410 secs] 7038182K->4836316K(10982400K), 0.0491330 secs] [Times: user=0.52 sys=0.00, real=0.05 secs] 
10470.624: [GC 10470.625: [ParNew: 2340706K->66976K(2534400K), 0.0365550 secs] 7089117K->4816398K(10982400K), 0.0370500 secs] [Times: user=0.17 sys=0.00, real=0.04 secs] 
10470.663: [GC 10470.663: [ParNew: 68197K->31351K(2534400K), 0.0088090 secs] 4817619K->4781351K(10982400K), 0.0091370 secs] [Times: user=0.16 sys=0.00, real=0.01 secs] 
10476.431: [GC 10476.432: [ParNew: 2284151K->52106K(2534400K), 0.0392580 secs] 7034151K->4804480K(10982400K), 0.0397400 secs] [Times: user=0.31 sys=0.01, real=0.04 secs] 
10483.455: [GC 10483.455: [ParNew: 2304906K->56813K(2534400K), 0.0499540 secs] 7057280K->4810611K(10982400K), 0.0504280 secs] [Times: user=0.27 sys=0.00, real=0.05 secs] 
10489.890: [GC 10489.890: [ParNew: 2309613K->46774K(2534400K), 0.0380080 secs] 7063411K->4803038K(10982400K), 0.0384390 secs] [Times: user=0.22 sys=0.00, real=0.04 secs] 
10495.247: [GC 10495.247: [ParNew: 2299574K->47183K(2534400K), 0.0380040 secs] 7055838K->4803448K(10982400K), 0.0384440 secs] [Times: user=0.24 sys=0.00, real=0.04 secs] 
10504.816: [GC 10504.816: [ParNew: 2299983K->43771K(2534400K), 0.0467670 secs] 7056248K->4801668K(10982400K), 0.0472130 secs] [Times: user=0.30 sys=0.00, real=0.04 secs] 
10512.300: [GC 10512.300: [ParNew: 2296571K->55152K(2534400K), 0.0504790 secs] 7054468K->4818861K(10982400K), 0.0509740 secs] [Times: user=0.30 sys=0.01, real=0.05 secs] 
10516.851: [GC 10516.851: [ParNew: 2307952K->74326K(2534400K), 0.0437440 secs] 7071661K->4841819K(10982400K), 0.0442360 secs] [Times: user=0.47 sys=0.01, real=0.04 secs] 
10521.330: [GC 10521.330: [ParNew: 2327126K->52363K(2534400K), 0.0341110 secs] 7094619K->4822966K(10982400K), 0.0346020 secs] [Times: user=0.22 sys=0.01, real=0.03 secs] 
10525.829: [GC 10525.830: [ParNew: 2305163K->50303K(2534400K), 0.0369530 secs] 7075766K->4823250K(10982400K), 0.0374530 secs] [Times: user=0.29 sys=0.00, real=0.03 secs] 
10531.840: [GC 10531.841: [ParNew: 2303103K->66576K(2534400K), 0.0435010 secs] 7076050K->4842730K(10982400K), 0.0439950 secs] [Times: user=0.33 sys=0.01, real=0.04 secs] 
10540.977: [GC 10540.978: [ParNew: 2319376K->83196K(2534400K), 0.0496080 secs] 7095530K->4862063K(10982400K), 0.0500520 secs] [Times: user=0.40 sys=0.00, real=0.05 secs] 
10547.879: [GC 10547.879: [ParNew: 2335996K->58467K(2534400K), 0.0443130 secs] 7114863K->4840266K(10982400K), 0.0448000 secs] [Times: user=0.21 sys=0.01, real=0.05 secs] 
10553.938: [GC 10553.938: [ParNew: 2311267K->52805K(2534400K), 0.0486090 secs] 7093066K->4840636K(10982400K), 0.0491090 secs] [Times: user=0.33 sys=0.01, real=0.05 secs] 
10558.073: [GC 10558.073: [ParNew: 2305605K->37615K(2534400K), 0.0375790 secs] 7093436K->4827611K(10982400K), 0.0380660 secs] [Times: user=0.19 sys=0.00, real=0.03 secs] 
10566.224: [GC 10566.224: [ParNew: 2290415K->29728K(2534400K), 0.0457750 secs] 7080411K->4821671K(10982400K), 0.0462690 secs] [Times: user=0.22 sys=0.00, real=0.04 secs] 
10573.598: [GC 10573.598: [ParNew: 2282528K->32945K(2534400K), 0.0416910 secs] 7074471K->4826998K(10982400K), 0.0421960 secs] [Times: user=0.22 sys=0.00, real=0.04 secs] 
10578.738: [GC 10578.738: [ParNew: 2285745K->29850K(2534400K), 0.0291210 secs] 7079798K->4825721K(10982400K), 0.0296180 secs] [Times: user=0.18 sys=0.00, real=0.03 secs] 
10584.779: [GC 10584.779: [ParNew: 2282650K->51876K(2534400K), 0.0376850 secs] 7078521K->4849620K(10982400K), 0.0381720 secs] [Times: user=0.28 sys=0.00, real=0.04 secs] 
10592.465: [GC 10592.465: [ParNew: 2304676K->77174K(2534400K), 0.0485730 secs] 7102420K->4876310K(10982400K), 0.0490650 secs] [Times: user=0.46 sys=0.00, real=0.05 secs] 
10597.019: [GC 10597.019: [ParNew: 2329974K->72957K(2534400K), 0.0369590 secs] 7129110K->4874512K(10982400K), 0.0374460 secs] [Times: user=0.33 sys=0.01, real=0.03 secs] 
10603.160: [GC 10603.161: [ParNew: 2325757K->56808K(2534400K), 0.0391910 secs] 7127312K->4859192K(10982400K), 0.0396810 secs] [Times: user=0.22 sys=0.00, real=0.04 secs] 
10608.808: [GC 10608.808: [ParNew: 2309608K->63891K(2534400K), 0.0419910 secs] 7111992K->4867478K(10982400K), 0.0424370 secs] [Times: user=0.33 sys=0.00, real=0.04 secs] 
10614.561: [GC 10614.561: [ParNew: 2316691K->51348K(2534400K), 0.0563400 secs] 7120278K->4870089K(10982400K), 0.0568440 secs] [Times: user=0.26 sys=0.01, real=0.06 secs] 
10621.602: [GC 10621.602: [ParNew: 2304148K->33061K(2534400K), 0.0365050 secs] 7122889K->4852685K(10982400K), 0.0370070 secs] [Times: user=0.19 sys=0.00, real=0.04 secs] 
10629.209: [GC 10629.209: [ParNew: 2285861K->35641K(2534400K), 0.0394920 secs] 7105485K->4856405K(10982400K), 0.0399410 secs] [Times: user=0.23 sys=0.00, real=0.04 secs] 
10634.393: [GC 10634.393: [ParNew: 2288420K->30174K(2534400K), 0.0320380 secs] 7109185K->4855539K(10982400K), 0.0324800 secs] [Times: user=0.19 sys=0.01, real=0.04 secs] 
10640.937: [GC 10640.937: [ParNew: 2282974K->32792K(2534400K), 0.0334360 secs] 7108339K->4859897K(10982400K), 0.0339490 secs] [Times: user=0.18 sys=0.00, real=0.03 secs] 
10645.392: [GC 10645.392: [ParNew: 2285592K->48168K(2534400K), 0.0315660 secs] 7112697K->4878696K(10982400K), 0.0320010 secs] [Times: user=0.31 sys=0.00, real=0.03 secs] 
10647.572: [GC 10647.572: [ParNew: 2300968K->38260K(2534400K), 0.0229380 secs] 7131496K->4871088K(10982400K), 0.0233580 secs] [Times: user=0.18 sys=0.00, real=0.02 secs] 
10650.485: [GC 10650.486: [ParNew: 2291060K->38044K(2534400K), 0.0271770 secs] 7123888K->4871845K(10982400K), 0.0276820 secs] [Times: user=0.24 sys=0.00, real=0.03 secs] 
10653.233: [GC 10653.233: [ParNew: 2290844K->30940K(2534400K), 0.0234410 secs] 7124645K->4867717K(10982400K), 0.0239230 secs] [Times: user=0.22 sys=0.00, real=0.02 secs] 
10658.560: [GC 10658.560: [ParNew: 2283740K->39439K(2534400K), 0.0323920 secs] 7120517K->4878124K(10982400K), 0.0329120 secs] [Times: user=0.20 sys=0.00, real=0.03 secs] 
10663.943: [GC 10663.943: [ParNew: 2292239K->79438K(2534400K), 0.0443030 secs] 7130924K->4920121K(10982400K), 0.0448270 secs] [Times: user=0.53 sys=0.01, real=0.04 secs] 
10670.835: [GC 10670.835: [ParNew: 2332238K->66048K(2534400K), 0.0444320 secs] 7172921K->4908298K(10982400K), 0.0449480 secs] [Times: user=0.35 sys=0.00, real=0.05 secs] 
10674.711: [GC 10674.711: [ParNew: 2318848K->70307K(2534400K), 0.0378450 secs] 7161098K->4915464K(10982400K), 0.0383500 secs] [Times: user=0.30 sys=0.00, real=0.04 secs] 
10683.844: [GC 10683.844: [ParNew: 2323107K->67161K(2534400K), 0.0490730 secs] 7168264K->4915283K(10982400K), 0.0495850 secs] [Times: user=0.30 sys=0.01, real=0.05 secs] 
10690.985: [GC 10690.985: [ParNew: 2319961K->66292K(2534400K), 0.0500660 secs] 7168083K->4935404K(10982400K), 0.0505090 secs] [Times: user=0.44 sys=0.02, real=0.05 secs] 
10697.511: [GC 10697.511: [ParNew: 2319092K->47383K(2534400K), 0.0406190 secs] 7188204K->4924634K(10982400K), 0.0411360 secs] [Times: user=0.23 sys=0.01, real=0.04 secs] 
10703.642: [GC 10703.642: [ParNew: 2300183K->29939K(2534400K), 0.0335780 secs] 7177434K->4907992K(10982400K), 0.0340840 secs] [Times: user=0.19 sys=0.00, real=0.04 secs] 
10706.767: [GC 10706.768: [ParNew: 2282739K->27051K(2534400K), 0.0234020 secs] 7160792K->4907779K(10982400K), 0.0238940 secs] [Times: user=0.20 sys=0.01, real=0.02 secs] 
10709.823: [GC 10709.824: [ParNew: 2279851K->22509K(2534400K), 0.0252770 secs] 7160579K->4906282K(10982400K), 0.0257650 secs] [Times: user=0.16 sys=0.00, real=0.03 secs] 
10714.674: [GC 10714.674: [ParNew: 2275309K->24953K(2534400K), 0.0303940 secs] 7159082K->4911834K(10982400K), 0.0309070 secs] [Times: user=0.19 sys=0.00, real=0.03 secs] 
10721.182: [GC 10721.183: [ParNew: 2277753K->46624K(2534400K), 0.0369090 secs] 7164634K->4934543K(10982400K), 0.0374310 secs] [Times: user=0.30 sys=0.00, real=0.04 secs] 
10726.648: [GC 10726.649: [ParNew: 2299424K->40127K(2534400K), 0.0555320 secs] 7187343K->4928857K(10982400K), 0.0560190 secs] [Times: user=0.36 sys=0.00, real=0.06 secs] 
10734.074: [GC 10734.074: [ParNew: 2292927K->36503K(2534400K), 0.0478060 secs] 7181657K->4925713K(10982400K), 0.0483180 secs] [Times: user=0.30 sys=0.00, real=0.05 secs] 
10741.337: [GC 10741.337: [ParNew: 2289303K->50661K(2534400K), 0.0465620 secs] 7178513K->4943266K(10982400K), 0.0470890 secs] [Times: user=0.35 sys=0.00, real=0.05 secs] 
10748.543: [GC 10748.544: [ParNew: 2303461K->50878K(2534400K), 0.0399250 secs] 7196066K->4946513K(10982400K), 0.0403650 secs] [Times: user=0.32 sys=0.00, real=0.04 secs] 
10758.217: [GC 10758.217: [ParNew: 2303678K->111918K(2534400K), 0.0789310 secs] 7199313K->5009255K(10982400K), 0.0794150 secs] [Times: user=0.41 sys=0.01, real=0.08 secs] 
10764.591: [GC 10764.591: [ParNew: 2364718K->77480K(2534400K), 0.0513080 secs] 7262055K->4978498K(10982400K), 0.0517990 secs] [Times: user=0.26 sys=0.00, real=0.05 secs] 
10773.840: [GC 10773.841: [ParNew: 2330277K->40742K(2534400K), 0.0507980 secs] 7231295K->4956964K(10982400K), 0.0512680 secs] [Times: user=0.29 sys=0.00, real=0.05 secs] 
10783.299: [GC 10783.299: [ParNew: 2293542K->44371K(2534400K), 0.0462480 secs] 7209764K->4962786K(10982400K), 0.0467530 secs] [Times: user=0.22 sys=0.01, real=0.04 secs] 
10792.150: [GC 10792.150: [ParNew: 2297171K->42446K(2534400K), 0.0521390 secs] 7215586K->4965987K(10982400K), 0.0526140 secs] [Times: user=0.33 sys=0.00, real=0.05 secs] 
10796.717: [GC 10796.717: [ParNew: 2295246K->65139K(2534400K), 0.0478910 secs] 7218787K->4991378K(10982400K), 0.0484010 secs] [Times: user=0.41 sys=0.00, real=0.05 secs] 
10801.714: [GC 10801.714: [ParNew: 2317939K->84899K(2534400K), 0.0411950 secs] 7244178K->5016407K(10982400K), 0.0416990 secs] [Times: user=0.48 sys=0.00, real=0.04 secs] 
10812.290: [GC 10812.290: [ParNew: 2337699K->100471K(2534400K), 0.0564500 secs] 7269207K->5034655K(10982400K), 0.0569150 secs] [Times: user=0.41 sys=0.00, real=0.06 secs] 
10822.092: [GC 10822.093: [ParNew: 2353271K->111869K(2534400K), 0.0517300 secs] 7287455K->5047982K(10982400K), 0.0521360 secs] [Times: user=0.43 sys=0.00, real=0.06 secs] 
10827.002: [GC 10827.002: [ParNew: 2364669K->109928K(2534400K), 0.0465670 secs] 7300782K->5061791K(10982400K), 0.0469800 secs] [Times: user=0.45 sys=0.01, real=0.05 secs] 
10834.201: [GC 10834.202: [ParNew: 2362728K->115373K(2534400K), 0.0391570 secs] 7314591K->5068507K(10982400K), 0.0395820 secs] [Times: user=0.36 sys=0.00, real=0.04 secs] 
10837.792: [GC 10837.792: [ParNew: 2368173K->91042K(2534400K), 0.0525820 secs] 7321307K->5074580K(10982400K), 0.0529760 secs] [Times: user=0.40 sys=0.01, real=0.05 secs] 
10845.278: [GC 10845.278: [ParNew: 2343842K->45543K(2534400K), 0.0605140 secs] 7327380K->5061339K(10982400K), 0.0609220 secs] [Times: user=0.34 sys=0.02, real=0.06 secs] 
10852.946: [GC 10852.947: [ParNew: 2298343K->36025K(2534400K), 0.0485570 secs] 7314139K->5053834K(10982400K), 0.0490260 secs] [Times: user=0.31 sys=0.00, real=0.05 secs] 
10858.599: [GC 10858.599: [ParNew: 2288825K->53695K(2534400K), 0.0459500 secs] 7306634K->5073822K(10982400K), 0.0463930 secs] [Times: user=0.30 sys=0.00, real=0.04 secs] 
10865.612: [GC 10865.613: [ParNew: 2306495K->43400K(2534400K), 0.0468510 secs] 7326622K->5064889K(10982400K), 0.0474570 secs] [Times: user=0.21 sys=0.00, real=0.04 secs] 
10870.821: [GC 10870.822: [ParNew: 2296200K->38893K(2534400K), 0.0333890 secs] 7317689K->5063880K(10982400K), 0.0338920 secs] [Times: user=0.21 sys=0.00, real=0.03 secs] 
10878.149: [GC 10878.149: [ParNew: 2291693K->58196K(2534400K), 0.0435570 secs] 7316680K->5088813K(10982400K), 0.0439980 secs] [Times: user=0.36 sys=0.00, real=0.05 secs] 
10885.006: [GC 10885.007: [ParNew: 2310996K->48419K(2534400K), 0.0377010 secs] 7341613K->5081354K(10982400K), 0.0382170 secs] [Times: user=0.22 sys=0.00, real=0.04 secs] 
10893.482: [GC 10893.483: [ParNew: 2301219K->30884K(2534400K), 0.0427710 secs] 7334154K->5067004K(10982400K), 0.0432740 secs] [Times: user=0.26 sys=0.00, real=0.05 secs] 
10901.307: [GC 10901.307: [ParNew: 2283684K->29570K(2534400K), 0.0420660 secs] 7319804K->5068667K(10982400K), 0.0425830 secs] [Times: user=0.22 sys=0.00, real=0.04 secs] 
10908.621: [GC 10908.621: [ParNew: 2282370K->33139K(2534400K), 0.0579180 secs] 7321467K->5074083K(10982400K), 0.0584180 secs] [Times: user=0.40 sys=0.01, real=0.06 secs] 
10914.936: [GC 10914.937: [ParNew: 2285939K->58308K(2534400K), 0.0669200 secs] 7326883K->5100453K(10982400K), 0.0674280 secs] [Times: user=0.27 sys=0.00, real=0.07 secs] 
10919.325: [GC 10919.325: [ParNew: 2311108K->39345K(2534400K), 0.0505320 secs] 7353253K->5083942K(10982400K), 0.0510460 secs] [Times: user=0.20 sys=0.00, real=0.05 secs] 
10924.806: [GC 10924.806: [ParNew: 2292145K->25918K(2534400K), 0.0294230 secs] 7336742K->5072191K(10982400K), 0.0299290 secs] [Times: user=0.18 sys=0.00, real=0.03 secs] 
10931.742: [GC 10931.743: [ParNew: 2278718K->28923K(2534400K), 0.0370150 secs] 7324991K->5076519K(10982400K), 0.0375230 secs] [Times: user=0.19 sys=0.00, real=0.04 secs] 
10940.415: [GC 10940.415: [ParNew: 2281723K->44824K(2534400K), 0.0423480 secs] 7329319K->5094009K(10982400K), 0.0428540 secs] [Times: user=0.27 sys=0.00, real=0.04 secs] 
10943.589: [GC 10943.589: [ParNew: 2297624K->54384K(2534400K), 0.0305570 secs] 7346809K->5105098K(10982400K), 0.0310510 secs] [Times: user=0.32 sys=0.00, real=0.03 secs] 
10945.842: [GC 10945.842: [ParNew: 2307184K->57580K(2534400K), 0.0267770 secs] 7357898K->5110474K(10982400K), 0.0272760 secs] [Times: user=0.26 sys=0.00, real=0.02 secs] 
10949.133: [GC 10949.134: [ParNew: 2310380K->60383K(2534400K), 0.0277380 secs] 7363274K->5116177K(10982400K), 0.0282370 secs] [Times: user=0.26 sys=0.00, real=0.02 secs] 
10953.893: [GC 10953.894: [ParNew: 2313183K->42842K(2534400K), 0.0325550 secs] 7368977K->5103327K(10982400K), 0.0330600 secs] [Times: user=0.22 sys=0.01, real=0.03 secs] 
10958.495: [GC 10958.495: [ParNew: 2295642K->30171K(2534400K), 0.0295420 secs] 7356127K->5093532K(10982400K), 0.0299890 secs] [Times: user=0.21 sys=0.01, real=0.03 secs] 
10963.294: [GC 10963.294: [ParNew: 2282971K->30875K(2534400K), 0.0290340 secs] 7346332K->5096533K(10982400K), 0.0295380 secs] [Times: user=0.19 sys=0.00, real=0.03 secs] 
10966.808: [GC 10966.808: [ParNew: 2283675K->42006K(2534400K), 0.0331760 secs] 7349333K->5108410K(10982400K), 0.0336850 secs] [Times: user=0.25 sys=0.00, real=0.03 secs] 
10972.478: [GC 10972.479: [ParNew: 2294806K->33208K(2534400K), 0.0345060 secs] 7361210K->5103297K(10982400K), 0.0350100 secs] [Times: user=0.23 sys=0.01, real=0.03 secs] 
10972.515: [GC [1 CMS-initial-mark: 5070089K(8448000K)] 5103641K(10982400K), 0.0388430 secs] [Times: user=0.04 sys=0.00, real=0.04 secs] 
10978.795: [GC[YG occupancy: 1769452 K (2534400 K)]10978.795: [Rescan (parallel) , 1.3330150 secs]10980.128: [weak refs processing, 0.5404470 secs] [1 CMS-remark: 5070089K(8448000K)] 6839541K(10982400K), 1.8770680 secs] [Times: user=27.56 sys=0.09, real=1.88 secs] 
10980.815: [GC 10980.816: [ParNew: 2286835K->39999K(2534400K), 0.0571710 secs] 7324909K->5081718K(10982400K), 0.0576440 secs] [Times: user=0.41 sys=0.00, real=0.06 secs] 
10980.875: [GC 10980.875: [ParNew: 40371K->43777K(2534400K), 0.0109880 secs] 5082074K->5086531K(10982400K), 0.0112950 secs] [Times: user=0.20 sys=0.00, real=0.01 secs] 
10986.279: [GC 10986.279: [ParNew: 2296577K->38804K(2534400K), 0.0337220 secs] 5624220K->3367356K(10982400K), 0.0341880 secs] [Times: user=0.23 sys=0.00, real=0.03 secs] 
10992.450: [GC 10992.451: [ParNew: 2291604K->30935K(2534400K), 0.0375520 secs] 5620156K->3361459K(10982400K), 0.0380310 secs] [Times: user=0.26 sys=0.00, real=0.04 secs] 
10999.464: [GC 10999.464: [ParNew: 2283735K->31558K(2534400K), 0.0469990 secs] 5614259K->3367415K(10982400K), 0.0475510 secs] [Times: user=0.33 sys=0.01, real=0.05 secs] 
11008.948: [GC 11008.949: [ParNew: 2284358K->38417K(2534400K), 0.0478360 secs] 5620215K->3374274K(10982400K), 0.0483160 secs] [Times: user=0.29 sys=0.00, real=0.05 secs] 
11014.991: [GC 11014.991: [ParNew: 2291217K->34655K(2534400K), 0.0310750 secs] 5627074K->3372408K(10982400K), 0.0315640 secs] [Times: user=0.20 sys=0.00, real=0.03 secs] 
11020.809: [GC 11020.809: [ParNew: 2287444K->37562K(2534400K), 0.0330590 secs] 5625197K->3377687K(10982400K), 0.0335350 secs] [Times: user=0.21 sys=0.00, real=0.04 secs] 
11025.992: [GC 11025.992: [ParNew: 2290362K->31463K(2534400K), 0.0328010 secs] 5630487K->3375486K(10982400K), 0.0333330 secs] [Times: user=0.20 sys=0.00, real=0.04 secs] 
11033.080: [GC 11033.081: [ParNew: 2284263K->34662K(2534400K), 0.0354480 secs] 5628286K->3381775K(10982400K), 0.0359300 secs] [Times: user=0.21 sys=0.01, real=0.04 secs] 
11037.202: [GC 11037.202: [ParNew: 2287462K->28686K(2534400K), 0.0375550 secs] 5634575K->3379313K(10982400K), 0.0380450 secs] [Times: user=0.27 sys=0.00, real=0.04 secs] 
11045.318: [GC 11045.319: [ParNew: 2281486K->61718K(2534400K), 0.0392880 secs] 5632113K->3414826K(10982400K), 0.0398100 secs] [Times: user=0.28 sys=0.01, real=0.04 secs] 
11053.467: [GC 11053.468: [ParNew: 2314518K->70959K(2534400K), 0.0475990 secs] 5667626K->3425564K(10982400K), 0.0480890 secs] [Times: user=0.37 sys=0.01, real=0.05 secs] 
11059.577: [GC 11059.577: [ParNew: 2323759K->70881K(2534400K), 0.0448080 secs] 5678364K->3427815K(10982400K), 0.0453400 secs] [Times: user=0.34 sys=0.00, real=0.05 secs] 
11064.787: [GC 11064.787: [ParNew: 2323681K->72478K(2534400K), 0.0404520 secs] 5680615K->3432082K(10982400K), 0.0410100 secs] [Times: user=0.47 sys=0.00, real=0.04 secs] 
11071.228: [GC 11071.229: [ParNew: 2325278K->79903K(2534400K), 0.0433660 secs] 5684882K->3443035K(10982400K), 0.0438730 secs] [Times: user=0.38 sys=0.00, real=0.05 secs] 
11078.274: [GC 11078.274: [ParNew: 2332703K->64414K(2534400K), 0.0460430 secs] 5695835K->3431055K(10982400K), 0.0464950 secs] [Times: user=0.27 sys=0.01, real=0.04 secs] 
11086.812: [GC 11086.812: [ParNew: 2317214K->56241K(2534400K), 0.0699010 secs] 5683855K->3426083K(10982400K), 0.0703370 secs] [Times: user=0.47 sys=0.00, real=0.07 secs] 
11092.152: [GC 11092.152: [ParNew: 2309021K->40848K(2534400K), 0.0469200 secs] 5678863K->3423916K(10982400K), 0.0474040 secs] [Times: user=0.26 sys=0.01, real=0.05 secs] 
11095.162: [GC 11095.162: [ParNew: 2293648K->36497K(2534400K), 0.0274720 secs] 5676716K->3422358K(10982400K), 0.0279750 secs] [Times: user=0.27 sys=0.00, real=0.03 secs] 
11098.437: [GC 11098.437: [ParNew: 2289297K->51688K(2534400K), 0.0354290 secs] 5675158K->3441125K(10982400K), 0.0358330 secs] [Times: user=0.30 sys=0.01, real=0.03 secs] 
11105.574: [GC 11105.575: [ParNew: 2304480K->85570K(2534400K), 0.0484310 secs] 5693917K->3476566K(10982400K), 0.0488700 secs] [Times: user=0.50 sys=0.00, real=0.05 secs] 
11114.575: [GC 11114.575: [ParNew: 2338370K->65196K(2534400K), 0.0407110 secs] 5729366K->3459536K(10982400K), 0.0411300 secs] [Times: user=0.28 sys=0.00, real=0.04 secs] 
11122.849: [GC 11122.849: [ParNew: 2317996K->43453K(2534400K), 0.0393950 secs] 5712336K->3438763K(10982400K), 0.0398300 secs] [Times: user=0.23 sys=0.01, real=0.04 secs] 
11127.658: [GC 11127.658: [ParNew: 2296253K->57074K(2534400K), 0.0334060 secs] 5691563K->3453584K(10982400K), 0.0338370 secs] [Times: user=0.32 sys=0.01, real=0.04 secs] 
11135.515: [GC 11135.515: [ParNew: 2309874K->45783K(2534400K), 0.0427130 secs] 5706384K->3444804K(10982400K), 0.0431500 secs] [Times: user=0.25 sys=0.01, real=0.04 secs] 
11142.725: [GC 11142.725: [ParNew: 2298583K->43913K(2534400K), 0.0422860 secs] 5697604K->3445933K(10982400K), 0.0427290 secs] [Times: user=0.29 sys=0.00, real=0.04 secs] 
11149.023: [GC 11149.023: [ParNew: 2296713K->31677K(2534400K), 0.0331980 secs] 5698733K->3438321K(10982400K), 0.0336330 secs] [Times: user=0.20 sys=0.01, real=0.03 secs] 
11156.546: [GC 11156.546: [ParNew: 2284477K->37840K(2534400K), 0.0440920 secs] 5691121K->3446557K(10982400K), 0.0445280 secs] [Times: user=0.26 sys=0.01, real=0.04 secs] 
11162.150: [GC 11162.151: [ParNew: 2290640K->45476K(2534400K), 0.0386220 secs] 5699357K->3458024K(10982400K), 0.0390800 secs] [Times: user=0.26 sys=0.00, real=0.04 secs] 
11170.003: [GC 11170.003: [ParNew: 2298276K->36376K(2534400K), 0.0379880 secs] 5710824K->3451699K(10982400K), 0.0384150 secs] [Times: user=0.23 sys=0.00, real=0.04 secs] 
11177.741: [GC 11177.742: [ParNew: 2289176K->54528K(2534400K), 0.0417960 secs] 5704499K->3471679K(10982400K), 0.0422350 secs] [Times: user=0.32 sys=0.00, real=0.04 secs] 
11183.639: [GC 11183.639: [ParNew: 2307328K->40939K(2534400K), 0.0340090 secs] 5724479K->3460123K(10982400K), 0.0344540 secs] [Times: user=0.21 sys=0.00, real=0.03 secs] 
11191.266: [GC 11191.266: [ParNew: 2293739K->44568K(2534400K), 0.0384380 secs] 5712923K->3467641K(10982400K), 0.0388850 secs] [Times: user=0.27 sys=0.01, real=0.04 secs] 
11198.454: [GC 11198.454: [ParNew: 2297368K->53717K(2534400K), 0.0385630 secs] 5720441K->3479722K(10982400K), 0.0390070 secs] [Times: user=0.27 sys=0.00, real=0.04 secs] 
11205.404: [GC 11205.404: [ParNew: 2306517K->49942K(2534400K), 0.0566590 secs] 5732522K->3477225K(10982400K), 0.0571000 secs] [Times: user=0.21 sys=0.00, real=0.06 secs] 
11210.696: [GC 11210.696: [ParNew: 2302742K->36649K(2534400K), 0.0406250 secs] 5730025K->3467211K(10982400K), 0.0410500 secs] [Times: user=0.22 sys=0.00, real=0.04 secs] 
11215.287: [GC 11215.288: [ParNew: 2289449K->64200K(2534400K), 0.0410420 secs] 5720011K->3496742K(10982400K), 0.0414830 secs] [Times: user=0.35 sys=0.01, real=0.04 secs] 
11219.070: [GC 11219.070: [ParNew: 2317000K->102415K(2534400K), 0.0764010 secs] 5749542K->3536054K(10982400K), 0.0768300 secs] [Times: user=0.29 sys=0.00, real=0.08 secs] 
11222.108: [GC 11222.108: [ParNew: 2355182K->58447K(2534400K), 0.0334600 secs] 5788820K->3495731K(10982400K), 0.0338950 secs] [Times: user=0.25 sys=0.00, real=0.03 secs] 
11225.238: [GC 11225.239: [ParNew: 2311247K->41345K(2534400K), 0.0244590 secs] 5748531K->3480342K(10982400K), 0.0249050 secs] [Times: user=0.22 sys=0.00, real=0.02 secs] 
11228.998: [GC 11228.999: [ParNew: 2294142K->61962K(2534400K), 0.0340640 secs] 5733139K->3504080K(10982400K), 0.0344930 secs] [Times: user=0.34 sys=0.00, real=0.03 secs] 
11232.940: [GC 11232.941: [ParNew: 2314762K->45122K(2534400K), 0.0282510 secs] 5756880K->3491267K(10982400K), 0.0286810 secs] [Times: user=0.20 sys=0.00, real=0.03 secs] 
11239.326: [GC 11239.326: [ParNew: 2297922K->28791K(2534400K), 0.0341180 secs] 5744067K->3476369K(10982400K), 0.0345650 secs] [Times: user=0.22 sys=0.00, real=0.04 secs] 
11244.225: [GC 11244.225: [ParNew: 2281591K->38001K(2534400K), 0.0316300 secs] 5729169K->3487092K(10982400K), 0.0320600 secs] [Times: user=0.21 sys=0.01, real=0.04 secs] 
11248.751: [GC 11248.751: [ParNew: 2290801K->98657K(2534400K), 0.0808110 secs] 5739892K->3548635K(10982400K), 0.0812350 secs] [Times: user=0.26 sys=0.01, real=0.08 secs] 
11253.535: [GC 11253.536: [ParNew: 2351457K->125256K(2534400K), 0.0915240 secs] 5801435K->3578801K(10982400K), 0.0919580 secs] [Times: user=0.42 sys=0.00, real=0.09 secs] 
11259.750: [GC 11259.750: [ParNew: 2378056K->147211K(2534400K), 0.1258470 secs] 5831601K->3602764K(10982400K), 0.1263020 secs] [Times: user=0.37 sys=0.01, real=0.12 secs] 
11264.561: [GC 11264.561: [ParNew: 2400011K->134916K(2534400K), 0.1203630 secs] 5855564K->3596531K(10982400K), 0.1208020 secs] [Times: user=0.39 sys=0.00, real=0.12 secs] 
11269.567: [GC 11269.567: [ParNew: 2387716K->44582K(2534400K), 0.0420790 secs] 5849331K->3509780K(10982400K), 0.0425080 secs] [Times: user=0.25 sys=0.01, real=0.04 secs] 
11274.254: [GC 11274.254: [ParNew: 2297382K->36120K(2534400K), 0.0315110 secs] 5762580K->3503654K(10982400K), 0.0319410 secs] [Times: user=0.22 sys=0.00, real=0.03 secs] 
11278.826: [GC 11278.826: [ParNew: 2288920K->41256K(2534400K), 0.0360200 secs] 5756454K->3511135K(10982400K), 0.0364670 secs] [Times: user=0.23 sys=0.00, real=0.03 secs] 
11282.535: [GC 11282.535: [ParNew: 2294056K->97613K(2534400K), 0.0502050 secs] 5763935K->3573535K(10982400K), 0.0507180 secs] [Times: user=0.48 sys=0.00, real=0.05 secs] 
11290.864: [GC 11290.865: [ParNew: 2350413K->75065K(2534400K), 0.0457380 secs] 5826335K->3553916K(10982400K), 0.0461840 secs] [Times: user=0.29 sys=0.00, real=0.04 secs] 
11298.999: [GC 11298.999: [ParNew: 2327865K->53324K(2534400K), 0.0418080 secs] 5806716K->3535098K(10982400K), 0.0422490 secs] [Times: user=0.28 sys=0.00, real=0.04 secs] 
11303.260: [GC 11303.260: [ParNew: 2306124K->57920K(2534400K), 0.0327760 secs] 5787898K->3541823K(10982400K), 0.0332070 secs] [Times: user=0.26 sys=0.01, real=0.03 secs] 
11308.411: [GC 11308.411: [ParNew: 2310629K->49446K(2534400K), 0.0365480 secs] 5794532K->3538404K(10982400K), 0.0369640 secs] [Times: user=0.25 sys=0.00, real=0.04 secs] 
11312.808: [GC 11312.809: [ParNew: 2302246K->39588K(2534400K), 0.0286030 secs] 5791204K->3530560K(10982400K), 0.0290020 secs] [Times: user=0.22 sys=0.00, real=0.03 secs] 
11318.697: [GC 11318.697: [ParNew: 2292388K->96732K(2534400K), 0.0777300 secs] 5783360K->3594545K(10982400K), 0.0781400 secs] [Times: user=0.38 sys=0.00, real=0.08 secs] 
11323.529: [GC 11323.530: [ParNew: 2349535K->157603K(2534400K), 0.1352510 secs] 5847348K->3657248K(10982400K), 0.1356880 secs] [Times: user=0.35 sys=0.01, real=0.13 secs] 
11323.667: [GC 11323.667: [ParNew: 168416K->149536K(2534400K), 0.0209620 secs] 3668061K->3657099K(10982400K), 0.0212910 secs] [Times: user=0.40 sys=0.00, real=0.02 secs] 
11327.394: [GC 11327.394: [ParNew: 2402336K->235365K(2534400K), 0.1328120 secs] 5909899K->3742928K(10982400K), 0.1332440 secs] [Times: user=0.35 sys=0.00, real=0.13 secs] 
11330.314: [GC 11330.315: [ParNew: 2488165K->151543K(2534400K), 0.1291030 secs] 5995728K->3670584K(10982400K), 0.1295410 secs] [Times: user=0.31 sys=0.00, real=0.13 secs] 
11332.617: [GC 11332.618: [ParNew: 2404343K->114104K(2534400K), 0.1017280 secs] 5923384K->3633145K(10982400K), 0.1021620 secs] [Times: user=0.25 sys=0.00, real=0.10 secs] 
11335.233: [GC 11335.233: [ParNew: 2366904K->121377K(2534400K), 0.1063540 secs] 5885945K->3640418K(10982400K), 0.1067960 secs] [Times: user=0.24 sys=0.00, real=0.10 secs] 
11337.912: [GC 11337.912: [ParNew: 2374177K->102203K(2534400K), 0.0788870 secs] 5893218K->3621244K(10982400K), 0.0792890 secs] [Times: user=0.39 sys=0.00, real=0.07 secs] 
11342.508: [GC 11342.508: [ParNew: 2355003K->54273K(2534400K), 0.0469500 secs] 5874044K->3574292K(10982400K), 0.0473910 secs] [Times: user=0.22 sys=0.01, real=0.05 secs] 
11349.711: [GC 11349.711: [ParNew: 2307073K->46452K(2534400K), 0.0409980 secs] 5827092K->3571529K(10982400K), 0.0414310 secs] [Times: user=0.24 sys=0.00, real=0.04 secs] 
11354.049: [GC 11354.049: [ParNew: 2299252K->54890K(2534400K), 0.0294000 secs] 5824329K->3581019K(10982400K), 0.0298370 secs] [Times: user=0.23 sys=0.00, real=0.03 secs] 
11357.801: [GC 11357.802: [ParNew: 2307690K->58441K(2534400K), 0.0307780 secs] 5833819K->3587722K(10982400K), 0.0312130 secs] [Times: user=0.30 sys=0.00, real=0.03 secs] 
11361.175: [GC 11361.175: [ParNew: 2311241K->64013K(2534400K), 0.0332500 secs] 5840522K->3597001K(10982400K), 0.0336980 secs] [Times: user=0.31 sys=0.00, real=0.03 secs] 
11364.036: [GC 11364.036: [ParNew: 2316813K->57921K(2534400K), 0.0282240 secs] 5849801K->3595990K(10982400K), 0.0286610 secs] [Times: user=0.26 sys=0.00, real=0.02 secs] 
11368.212: [GC 11368.212: [ParNew: 2310721K->40831K(2534400K), 0.0296000 secs] 5848790K->3580893K(10982400K), 0.0300460 secs] [Times: user=0.21 sys=0.00, real=0.03 secs] 
11374.707: [GC 11374.708: [ParNew: 2293631K->40142K(2534400K), 0.0333880 secs] 5833693K->3581556K(10982400K), 0.0338290 secs] [Times: user=0.22 sys=0.01, real=0.03 secs] 
11381.070: [GC 11381.070: [ParNew: 2292942K->45345K(2534400K), 0.0357810 secs] 5834356K->3587610K(10982400K), 0.0362200 secs] [Times: user=0.23 sys=0.00, real=0.03 secs] 
11386.910: [GC 11386.910: [ParNew: 2298124K->36307K(2534400K), 0.0319960 secs] 5840388K->3579621K(10982400K), 0.0324310 secs] [Times: user=0.22 sys=0.00, real=0.03 secs] 
11392.758: [GC 11392.758: [ParNew: 2289107K->50980K(2534400K), 0.0373810 secs] 5832421K->3594962K(10982400K), 0.0378250 secs] [Times: user=0.30 sys=0.00, real=0.04 secs] 
11396.902: [GC 11396.902: [ParNew: 2303780K->43636K(2534400K), 0.0362240 secs] 5847762K->3589471K(10982400K), 0.0366680 secs] [Times: user=0.19 sys=0.01, real=0.03 secs] 
11403.736: [GC 11403.737: [ParNew: 2296436K->37889K(2534400K), 0.0365270 secs] 5842271K->3586956K(10982400K), 0.0370060 secs] [Times: user=0.20 sys=0.00, real=0.04 secs] 
11411.436: [GC 11411.436: [ParNew: 2290686K->55023K(2534400K), 0.0408810 secs] 5839753K->3608490K(10982400K), 0.0413320 secs] [Times: user=0.27 sys=0.00, real=0.04 secs] 
11419.416: [GC 11419.416: [ParNew: 2307823K->50578K(2534400K), 0.0400120 secs] 5861290K->3606104K(10982400K), 0.0404660 secs] [Times: user=0.27 sys=0.00, real=0.04 secs] 
11424.387: [GC 11424.388: [ParNew: 2303378K->39354K(2534400K), 0.0322360 secs] 5858904K->3597211K(10982400K), 0.0326790 secs] [Times: user=0.20 sys=0.00, real=0.03 secs] 
11429.201: [GC 11429.201: [ParNew: 2292154K->52973K(2534400K), 0.0414280 secs] 5850011K->3614356K(10982400K), 0.0418670 secs] [Times: user=0.32 sys=0.01, real=0.04 secs] 
11436.226: [GC 11436.226: [ParNew: 2305773K->42666K(2534400K), 0.0361930 secs] 5867156K->3607003K(10982400K), 0.0366330 secs] [Times: user=0.22 sys=0.00, real=0.04 secs] 
11442.723: [GC 11442.723: [ParNew: 2295466K->56001K(2534400K), 0.0413020 secs] 5859803K->3622714K(10982400K), 0.0417420 secs] [Times: user=0.34 sys=0.00, real=0.04 secs] 
11449.043: [GC 11449.043: [ParNew: 2308801K->44219K(2534400K), 0.0378650 secs] 5875514K->3614647K(10982400K), 0.0383550 secs] [Times: user=0.23 sys=0.01, real=0.04 secs] 
11454.295: [GC 11454.295: [ParNew: 2297019K->48490K(2534400K), 0.0361240 secs] 5867447K->3620284K(10982400K), 0.0366510 secs] [Times: user=0.29 sys=0.00, real=0.04 secs] 
11460.465: [GC 11460.465: [ParNew: 2301290K->61291K(2534400K), 0.0487150 secs] 5873084K->3635416K(10982400K), 0.0491960 secs] [Times: user=0.32 sys=0.00, real=0.05 secs] 
11466.342: [GC 11466.343: [ParNew: 2314091K->48754K(2534400K), 0.0335330 secs] 5888216K->3626385K(10982400K), 0.0340480 secs] [Times: user=0.20 sys=0.00, real=0.03 secs] 
11473.361: [GC 11473.361: [ParNew: 2301554K->45656K(2534400K), 0.0449570 secs] 5879185K->3624191K(10982400K), 0.0454970 secs] [Times: user=0.26 sys=0.00, real=0.05 secs] 
11481.118: [GC 11481.118: [ParNew: 2298456K->46222K(2534400K), 0.0431830 secs] 5876991K->3627200K(10982400K), 0.0437220 secs] [Times: user=0.24 sys=0.01, real=0.04 secs] 
11488.365: [GC 11488.365: [ParNew: 2299022K->70959K(2534400K), 0.0485950 secs] 5880000K->3653913K(10982400K), 0.0490770 secs] [Times: user=0.46 sys=0.01, real=0.05 secs] 
11491.411: [GC 11491.412: [ParNew: 2323759K->77229K(2534400K), 0.0377660 secs] 5906713K->3662665K(10982400K), 0.0383020 secs] [Times: user=0.45 sys=0.00, real=0.04 secs] 
11495.647: [GC 11495.648: [ParNew: 2330029K->60276K(2534400K), 0.0403310 secs] 5915465K->3649656K(10982400K), 0.0408630 secs] [Times: user=0.32 sys=0.00, real=0.04 secs] 
11502.660: [GC 11502.660: [ParNew: 2313076K->71138K(2534400K), 0.0433190 secs] 5902456K->3662208K(10982400K), 0.0438020 secs] [Times: user=0.38 sys=0.01, real=0.04 secs] 
11509.474: [GC 11509.474: [ParNew: 2323938K->57343K(2534400K), 0.0514560 secs] 5915008K->3662157K(10982400K), 0.0519020 secs] [Times: user=0.36 sys=0.01, real=0.05 secs] 
11517.215: [GC 11517.215: [ParNew: 2310143K->54611K(2534400K), 0.0503120 secs] 5914957K->3660616K(10982400K), 0.0507570 secs] [Times: user=0.29 sys=0.00, real=0.05 secs] 
11523.262: [GC 11523.263: [ParNew: 2307411K->26092K(2534400K), 0.0371350 secs] 5913416K->3632743K(10982400K), 0.0375710 secs] [Times: user=0.19 sys=0.00, real=0.04 secs] 
11527.407: [GC 11527.407: [ParNew: 2278892K->32059K(2534400K), 0.0284620 secs] 5885543K->3641665K(10982400K), 0.0288730 secs] [Times: user=0.24 sys=0.00, real=0.03 secs] 
11533.911: [GC 11533.911: [ParNew: 2284859K->54058K(2534400K), 0.0414270 secs] 5894465K->3664749K(10982400K), 0.0418760 secs] [Times: user=0.31 sys=0.00, real=0.04 secs] 
11540.658: [GC 11540.659: [ParNew: 2306858K->43210K(2534400K), 0.0334290 secs] 5917549K->3655061K(10982400K), 0.0338740 secs] [Times: user=0.19 sys=0.00, real=0.04 secs] 
11548.816: [GC 11548.816: [ParNew: 2296010K->31479K(2534400K), 0.0457220 secs] 5907861K->3645226K(10982400K), 0.0461670 secs] [Times: user=0.32 sys=0.00, real=0.04 secs] 
11554.729: [GC 11554.729: [ParNew: 2284279K->35309K(2534400K), 0.0382220 secs] 5898026K->3650270K(10982400K), 0.0386700 secs] [Times: user=0.24 sys=0.00, real=0.04 secs] 
11560.395: [GC 11560.395: [ParNew: 2288109K->29836K(2534400K), 0.0355560 secs] 5903070K->3647660K(10982400K), 0.0360030 secs] [Times: user=0.24 sys=0.00, real=0.03 secs] 
11563.268: [GC 11563.268: [ParNew: 2282636K->28982K(2534400K), 0.0225850 secs] 5900460K->3649325K(10982400K), 0.0230160 secs] [Times: user=0.19 sys=0.00, real=0.02 secs] 
11567.686: [GC 11567.686: [ParNew: 2281782K->34426K(2534400K), 0.0300430 secs] 5902125K->3657172K(10982400K), 0.0304920 secs] [Times: user=0.20 sys=0.00, real=0.04 secs] 
11572.672: [GC 11572.672: [ParNew: 2287226K->35267K(2534400K), 0.0301490 secs] 5909972K->3659405K(10982400K), 0.0305880 secs] [Times: user=0.20 sys=0.00, real=0.03 secs] 
11575.145: [GC 11575.145: [ParNew: 2288067K->28105K(2534400K), 0.0210020 secs] 5912205K->3653864K(10982400K), 0.0214380 secs] [Times: user=0.17 sys=0.01, real=0.02 secs] 
11580.524: [GC 11580.525: [ParNew: 2280905K->46582K(2534400K), 0.0417590 secs] 5906664K->3674455K(10982400K), 0.0422060 secs] [Times: user=0.28 sys=0.00, real=0.04 secs] 
11587.818: [GC 11587.819: [ParNew: 2299382K->37465K(2534400K), 0.0402220 secs] 5927255K->3668090K(10982400K), 0.0406780 secs] [Times: user=0.27 sys=0.00, real=0.04 secs] 
11594.535: [GC 11594.535: [ParNew: 2290265K->36499K(2534400K), 0.0378380 secs] 5920890K->3669152K(10982400K), 0.0382710 secs] [Times: user=0.24 sys=0.00, real=0.04 secs] 
11601.446: [GC 11601.447: [ParNew: 2289299K->30297K(2534400K), 0.0350060 secs] 5921952K->3663789K(10982400K), 0.0355680 secs] [Times: user=0.21 sys=0.00, real=0.04 secs] 
11604.634: [GC 11604.635: [ParNew: 2283097K->24219K(2534400K), 0.0238370 secs] 5916589K->3658474K(10982400K), 0.0243390 secs] [Times: user=0.16 sys=0.00, real=0.02 secs] 
11611.114: [GC 11611.114: [ParNew: 2277019K->46527K(2534400K), 0.0399720 secs] 5911274K->3683250K(10982400K), 0.0405160 secs] [Times: user=0.30 sys=0.00, real=0.04 secs] 
11618.557: [GC 11618.557: [ParNew: 2299327K->37637K(2534400K), 0.0437750 secs] 5936050K->3676718K(10982400K), 0.0442790 secs] [Times: user=0.28 sys=0.01, real=0.04 secs] 
11623.159: [GC 11623.159: [ParNew: 2290437K->30542K(2534400K), 0.0297700 secs] 5929518K->3671196K(10982400K), 0.0303430 secs] [Times: user=0.20 sys=0.00, real=0.03 secs] 
11626.527: [GC 11626.527: [ParNew: 2283342K->47733K(2534400K), 0.0300440 secs] 5923996K->3690333K(10982400K), 0.0305220 secs] [Times: user=0.30 sys=0.00, real=0.03 secs] 
11631.427: [GC 11631.427: [ParNew: 2300533K->77508K(2534400K), 0.0396600 secs] 5943133K->3721523K(10982400K), 0.0401970 secs] [Times: user=0.39 sys=0.00, real=0.04 secs] 
11636.027: [GC 11636.028: [ParNew: 2330308K->68323K(2534400K), 0.0424840 secs] 5974323K->3714469K(10982400K), 0.0430410 secs] [Times: user=0.33 sys=0.00, real=0.04 secs] 
11643.151: [GC 11643.152: [ParNew: 2321123K->57779K(2534400K), 0.0467460 secs] 5967269K->3705460K(10982400K), 0.0472920 secs] [Times: user=0.29 sys=0.00, real=0.05 secs] 
11650.032: [GC 11650.033: [ParNew: 2310579K->55920K(2534400K), 0.0443010 secs] 5958260K->3704552K(10982400K), 0.0448820 secs] [Times: user=0.31 sys=0.00, real=0.04 secs] 
11655.617: [GC 11655.618: [ParNew: 2308720K->38904K(2534400K), 0.0345090 secs] 5957352K->3692264K(10982400K), 0.0350670 secs] [Times: user=0.20 sys=0.00, real=0.04 secs] 
11659.815: [GC 11659.815: [ParNew: 2291704K->33240K(2534400K), 0.0346030 secs] 5945064K->3688396K(10982400K), 0.0351720 secs] [Times: user=0.22 sys=0.00, real=0.03 secs] 
11665.166: [GC 11665.167: [ParNew: 2286040K->62420K(2534400K), 0.0369360 secs] 5941196K->3719188K(10982400K), 0.0374300 secs] [Times: user=0.35 sys=0.01, real=0.04 secs] 
11669.257: [GC 11669.257: [ParNew: 2315220K->84236K(2534400K), 0.0384510 secs] 5971988K->3745701K(10982400K), 0.0390020 secs] [Times: user=0.39 sys=0.00, real=0.04 secs] 
11674.119: [GC 11674.120: [ParNew: 2337036K->110588K(2534400K), 0.0454180 secs] 5998501K->3775245K(10982400K), 0.0459810 secs] [Times: user=0.49 sys=0.00, real=0.05 secs] 
11682.077: [GC 11682.078: [ParNew: 2363388K->110641K(2534400K), 0.0536540 secs] 6028045K->3776357K(10982400K), 0.0542180 secs] [Times: user=0.49 sys=0.00, real=0.05 secs] 
11686.716: [GC 11686.717: [ParNew: 2363441K->74344K(2534400K), 0.0358420 secs] 6029157K->3741223K(10982400K), 0.0363840 secs] [Times: user=0.25 sys=0.00, real=0.03 secs] 
11693.172: [GC 11693.172: [ParNew: 2327144K->50656K(2534400K), 0.0504550 secs] 5994023K->3726008K(10982400K), 0.0510230 secs] [Times: user=0.27 sys=0.00, real=0.05 secs] 
11697.171: [GC 11697.171: [ParNew: 2303456K->62034K(2534400K), 0.0445070 secs] 5978808K->3741935K(10982400K), 0.0450680 secs] [Times: user=0.33 sys=0.01, real=0.04 secs] 
11704.312: [GC 11704.312: [ParNew: 2314834K->50678K(2534400K), 0.0415660 secs] 5994735K->3732843K(10982400K), 0.0421330 secs] [Times: user=0.24 sys=0.00, real=0.04 secs] 
11710.027: [GC 11710.027: [ParNew: 2303478K->69308K(2534400K), 0.0419410 secs] 5985643K->3753077K(10982400K), 0.0424960 secs] [Times: user=0.38 sys=0.01, real=0.05 secs] 
11716.523: [GC 11716.524: [ParNew: 2322108K->53169K(2534400K), 0.0406290 secs] 6005877K->3741479K(10982400K), 0.0411560 secs] [Times: user=0.20 sys=0.00, real=0.04 secs] 
11721.419: [GC 11721.419: [ParNew: 2305969K->43497K(2534400K), 0.0329170 secs] 5994279K->3733628K(10982400K), 0.0334750 secs] [Times: user=0.24 sys=0.00, real=0.04 secs] 
11725.180: [GC 11725.180: [ParNew: 2296297K->62950K(2534400K), 0.0344110 secs] 5986428K->3754655K(10982400K), 0.0349580 secs] [Times: user=0.36 sys=0.01, real=0.03 secs] 
11731.285: [GC 11731.285: [ParNew: 2315750K->84617K(2534400K), 0.0483400 secs] 6007455K->3777967K(10982400K), 0.0488390 secs] [Times: user=0.43 sys=0.01, real=0.05 secs] 
11735.422: [GC 11735.422: [ParNew: 2337417K->67405K(2534400K), 0.0379020 secs] 6030767K->3764778K(10982400K), 0.0383410 secs] [Times: user=0.34 sys=0.01, real=0.03 secs] 
11740.502: [GC 11740.502: [ParNew: 2320205K->65131K(2534400K), 0.0393730 secs] 6017578K->3765280K(10982400K), 0.0398240 secs] [Times: user=0.33 sys=0.01, real=0.04 secs] 
11745.382: [GC 11745.382: [ParNew: 2317931K->46976K(2534400K), 0.0345610 secs] 6018080K->3748129K(10982400K), 0.0350110 secs] [Times: user=0.25 sys=0.00, real=0.04 secs] 
11750.429: [GC 11750.430: [ParNew: 2299776K->45638K(2534400K), 0.0362790 secs] 6000929K->3750216K(10982400K), 0.0366990 secs] [Times: user=0.26 sys=0.00, real=0.04 secs] 
11753.873: [GC 11753.873: [ParNew: 2298438K->34998K(2534400K), 0.0243890 secs] 6003016K->3742210K(10982400K), 0.0248310 secs] [Times: user=0.19 sys=0.00, real=0.03 secs] 
11756.308: [GC 11756.308: [ParNew: 2287798K->28248K(2534400K), 0.0280880 secs] 5995010K->3738637K(10982400K), 0.0285290 secs] [Times: user=0.20 sys=0.00, real=0.03 secs] 
11762.041: [GC 11762.041: [ParNew: 2281048K->28968K(2534400K), 0.0358550 secs] 5991437K->3742002K(10982400K), 0.0363740 secs] [Times: user=0.20 sys=0.00, real=0.04 secs] 
11768.401: [GC 11768.401: [ParNew: 2281768K->46852K(2534400K), 0.0390590 secs] 5994802K->3763283K(10982400K), 0.0395070 secs] [Times: user=0.28 sys=0.00, real=0.04 secs] 
11774.245: [GC 11774.245: [ParNew: 2299652K->37781K(2534400K), 0.0338870 secs] 6016083K->3755112K(10982400K), 0.0343300 secs] [Times: user=0.20 sys=0.00, real=0.04 secs] 
11781.182: [GC 11781.182: [ParNew: 2290581K->100970K(2534400K), 0.0544550 secs] 6007912K->3818674K(10982400K), 0.0549030 secs] [Times: user=0.55 sys=0.00, real=0.05 secs] 
11787.327: [GC 11787.327: [ParNew: 2353770K->83799K(2534400K), 0.0400340 secs] 6071474K->3803127K(10982400K), 0.0404750 secs] [Times: user=0.30 sys=0.00, real=0.04 secs] 
11792.292: [GC 11792.293: [ParNew: 2336599K->66688K(2534400K), 0.0345340 secs] 6055927K->3786954K(10982400K), 0.0349840 secs] [Times: user=0.30 sys=0.00, real=0.03 secs] 
11798.980: [GC 11798.980: [ParNew: 2319488K->54100K(2534400K), 0.0354060 secs] 6039754K->3776596K(10982400K), 0.0358210 secs] [Times: user=0.24 sys=0.01, real=0.04 secs] 
11804.202: [GC 11804.202: [ParNew: 2306900K->64131K(2534400K), 0.0394820 secs] 6029396K->3789061K(10982400K), 0.0399180 secs] [Times: user=0.33 sys=0.01, real=0.03 secs] 
11810.303: [GC 11810.303: [ParNew: 2316931K->118944K(2534400K), 0.0557430 secs] 6041861K->3846668K(10982400K), 0.0561870 secs] [Times: user=0.67 sys=0.00, real=0.06 secs] 
11814.909: [GC 11814.909: [ParNew: 2371744K->89491K(2534400K), 0.0468560 secs] 6099468K->3822705K(10982400K), 0.0472810 secs] [Times: user=0.33 sys=0.00, real=0.05 secs] 
11818.902: [GC 11818.902: [ParNew: 2342291K->74770K(2534400K), 0.0692950 secs] 6075505K->3809564K(10982400K), 0.0698390 secs] [Times: user=0.24 sys=0.01, real=0.07 secs] 
11823.837: [GC 11823.838: [ParNew: 2327570K->55956K(2534400K), 0.0375310 secs] 6062364K->3792621K(10982400K), 0.0380090 secs] [Times: user=0.35 sys=0.00, real=0.04 secs] 
11827.839: [GC 11827.840: [ParNew: 2308756K->69827K(2534400K), 0.0364480 secs] 6045421K->3808069K(10982400K), 0.0370310 secs] [Times: user=0.36 sys=0.00, real=0.04 secs] 
11833.920: [GC 11833.920: [ParNew: 2322627K->50378K(2534400K), 0.0363270 secs] 6060869K->3790763K(10982400K), 0.0368710 secs] [Times: user=0.20 sys=0.00, real=0.04 secs] 
11840.751: [GC 11840.751: [ParNew: 2303178K->28173K(2534400K), 0.0404800 secs] 6043563K->3771822K(10982400K), 0.0410430 secs] [Times: user=0.24 sys=0.00, real=0.04 secs] 
11846.784: [GC 11846.784: [ParNew: 2280973K->38409K(2534400K), 0.0355570 secs] 6024622K->3782952K(10982400K), 0.0361260 secs] [Times: user=0.23 sys=0.00, real=0.04 secs] 
11852.160: [GC 11852.160: [ParNew: 2291209K->36131K(2534400K), 0.0316540 secs] 6035752K->3781958K(10982400K), 0.0321410 secs] [Times: user=0.18 sys=0.00, real=0.03 secs] 
11857.572: [GC 11857.572: [ParNew: 2288931K->86765K(2534400K), 0.0480680 secs] 6034758K->3834170K(10982400K), 0.0485610 secs] [Times: user=0.61 sys=0.00, real=0.04 secs] 
11864.667: [GC 11864.667: [ParNew: 2339565K->96320K(2534400K), 0.0488500 secs] 6086970K->3845897K(10982400K), 0.0493950 secs] [Times: user=0.40 sys=0.00, real=0.05 secs] 
11869.531: [GC 11869.531: [ParNew: 2349120K->80439K(2534400K), 0.0418500 secs] 6098697K->3831742K(10982400K), 0.0424180 secs] [Times: user=0.37 sys=0.00, real=0.05 secs] 
11872.826: [GC 11872.826: [ParNew: 2333239K->78100K(2534400K), 0.0371690 secs] 6084542K->3832980K(10982400K), 0.0376540 secs] [Times: user=0.41 sys=0.00, real=0.04 secs] 
11875.714: [GC 11875.714: [ParNew: 2330900K->72003K(2534400K), 0.0363840 secs] 6085780K->3828523K(10982400K), 0.0370350 secs] [Times: user=0.36 sys=0.00, real=0.03 secs] 
11877.366: [GC 11877.366: [ParNew: 2324803K->62309K(2534400K), 0.0308840 secs] 6081323K->3822743K(10982400K), 0.0314020 secs] [Times: user=0.32 sys=0.00, real=0.03 secs] 
11881.155: [GC 11881.156: [ParNew: 2315109K->43996K(2534400K), 0.0273370 secs] 6075543K->3806029K(10982400K), 0.0278190 secs] [Times: user=0.22 sys=0.01, real=0.02 secs] 
11883.656: [GC 11883.656: [ParNew: 2296796K->57321K(2534400K), 0.0323120 secs] 6058829K->3822613K(10982400K), 0.0328280 secs] [Times: user=0.37 sys=0.00, real=0.03 secs] 
11887.169: [GC 11887.169: [ParNew: 2310121K->62077K(2534400K), 0.0386160 secs] 6075413K->3828439K(10982400K), 0.0392240 secs] [Times: user=0.43 sys=0.01, real=0.04 secs] 
11894.632: [GC 11894.632: [ParNew: 2314877K->50330K(2534400K), 0.0510160 secs] 6081239K->3824533K(10982400K), 0.0515700 secs] [Times: user=0.30 sys=0.00, real=0.05 secs] 
11900.539: [GC 11900.540: [ParNew: 2303130K->33333K(2534400K), 0.0357530 secs] 6077333K->3809220K(10982400K), 0.0363330 secs] [Times: user=0.21 sys=0.00, real=0.03 secs] 
11909.509: [GC 11909.510: [ParNew: 2286133K->39234K(2534400K), 0.0497740 secs] 6062020K->3816245K(10982400K), 0.0503210 secs] [Times: user=0.29 sys=0.00, real=0.05 secs] 
11913.849: [GC 11913.850: [ParNew: 2292034K->31252K(2534400K), 0.0309850 secs] 6069045K->3809990K(10982400K), 0.0315370 secs] [Times: user=0.19 sys=0.00, real=0.03 secs] 
11922.591: [GC 11922.591: [ParNew: 2284028K->37143K(2534400K), 0.0493050 secs] 6062766K->3819714K(10982400K), 0.0498520 secs] [Times: user=0.31 sys=0.00, real=0.05 secs] 
11926.846: [GC 11926.846: [ParNew: 2289943K->35530K(2534400K), 0.0327040 secs] 6072514K->3821679K(10982400K), 0.0332650 secs] [Times: user=0.26 sys=0.00, real=0.03 secs] 
11933.729: [GC 11933.729: [ParNew: 2288330K->59251K(2534400K), 0.0428270 secs] 6074479K->3848599K(10982400K), 0.0433630 secs] [Times: user=0.36 sys=0.00, real=0.05 secs] 
11940.175: [GC 11940.176: [ParNew: 2312047K->56669K(2534400K), 0.0505660 secs] 6101395K->3846936K(10982400K), 0.0511440 secs] [Times: user=0.30 sys=0.00, real=0.05 secs] 
11946.035: [GC 11946.035: [ParNew: 2309469K->68302K(2534400K), 0.0472060 secs] 6099736K->3861767K(10982400K), 0.0477560 secs] [Times: user=0.43 sys=0.00, real=0.04 secs] 
11950.950: [GC 11950.950: [ParNew: 2321102K->56486K(2534400K), 0.0360590 secs] 6114567K->3852738K(10982400K), 0.0366320 secs] [Times: user=0.30 sys=0.00, real=0.04 secs] 
11956.550: [GC 11956.550: [ParNew: 2309286K->43203K(2534400K), 0.0365700 secs] 6105538K->3840347K(10982400K), 0.0371200 secs] [Times: user=0.23 sys=0.00, real=0.04 secs] 
11964.587: [GC 11964.587: [ParNew: 2296003K->54943K(2534400K), 0.0475690 secs] 6093147K->3853092K(10982400K), 0.0481230 secs] [Times: user=0.31 sys=0.00, real=0.04 secs] 
11969.626: [GC 11969.626: [ParNew: 2307743K->93523K(2534400K), 0.0492470 secs] 6105892K->3893583K(10982400K), 0.0497850 secs] [Times: user=0.53 sys=0.00, real=0.05 secs] 
11976.965: [GC 11976.966: [ParNew: 2346323K->72878K(2534400K), 0.0447530 secs] 6146383K->3874766K(10982400K), 0.0452980 secs] [Times: user=0.26 sys=0.01, real=0.05 secs] 
11984.341: [GC 11984.341: [ParNew: 2325678K->43933K(2534400K), 0.0466080 secs] 6127565K->3850310K(10982400K), 0.0471540 secs] [Times: user=0.27 sys=0.00, real=0.04 secs] 
11990.759: [GC 11990.760: [ParNew: 2296733K->79948K(2534400K), 0.0739280 secs] 6103110K->3889696K(10982400K), 0.0744100 secs] [Times: user=0.28 sys=0.00, real=0.08 secs] 
11995.123: [GC 11995.123: [ParNew: 2332748K->141615K(2534400K), 0.0998010 secs] 6142496K->3955238K(10982400K), 0.1002790 secs] [Times: user=0.47 sys=0.01, real=0.10 secs] 
11999.088: [GC 11999.089: [ParNew: 2394415K->90581K(2534400K), 0.0629090 secs] 6208038K->3905978K(10982400K), 0.0634380 secs] [Times: user=0.42 sys=0.00, real=0.07 secs] 
12006.480: [GC 12006.480: [ParNew: 2343381K->81353K(2534400K), 0.0520400 secs] 6158778K->3901481K(10982400K), 0.0525790 secs] [Times: user=0.41 sys=0.00, real=0.05 secs] 
12010.986: [GC 12010.986: [ParNew: 2334153K->55165K(2534400K), 0.0333110 secs] 6154281K->3881115K(10982400K), 0.0337850 secs] [Times: user=0.22 sys=0.01, real=0.03 secs] 
12013.663: [GC 12013.663: [ParNew: 2307965K->25611K(2534400K), 0.0232090 secs] 6133915K->3854477K(10982400K), 0.0237400 secs] [Times: user=0.17 sys=0.00, real=0.03 secs] 
12016.724: [GC 12016.724: [ParNew: 2278411K->34440K(2534400K), 0.0284400 secs] 6107277K->3865235K(10982400K), 0.0289720 secs] [Times: user=0.21 sys=0.00, real=0.03 secs] 
12020.795: [GC 12020.795: [ParNew: 2287240K->43486K(2534400K), 0.0386320 secs] 6118035K->3881354K(10982400K), 0.0391110 secs] [Times: user=0.40 sys=0.00, real=0.03 secs] 
12028.290: [GC 12028.290: [ParNew: 2296286K->37945K(2534400K), 0.0444520 secs] 6134154K->3876966K(10982400K), 0.0449630 secs] [Times: user=0.29 sys=0.00, real=0.04 secs] 
12033.462: [GC 12033.462: [ParNew: 2290745K->40354K(2534400K), 0.0354840 secs] 6129766K->3879875K(10982400K), 0.0359680 secs] [Times: user=0.26 sys=0.00, real=0.04 secs] 
12040.004: [GC 12040.004: [ParNew: 2293154K->33814K(2534400K), 0.0388620 secs] 6132675K->3874890K(10982400K), 0.0394160 secs] [Times: user=0.20 sys=0.00, real=0.04 secs] 
12045.197: [GC 12045.198: [ParNew: 2286614K->31197K(2534400K), 0.0379560 secs] 6127690K->3874177K(10982400K), 0.0385070 secs] [Times: user=0.24 sys=0.00, real=0.04 secs] 
12052.481: [GC 12052.482: [ParNew: 2283997K->74144K(2534400K), 0.0525260 secs] 6126977K->3920417K(10982400K), 0.0530520 secs] [Times: user=0.43 sys=0.00, real=0.05 secs] 
12056.020: [GC 12056.020: [ParNew: 2326944K->67443K(2534400K), 0.0398670 secs] 6173217K->3915351K(10982400K), 0.0404620 secs] [Times: user=0.35 sys=0.00, real=0.05 secs] 
12064.470: [GC 12064.470: [ParNew: 2320243K->56812K(2534400K), 0.0504510 secs] 6168151K->3907070K(10982400K), 0.0509380 secs] [Times: user=0.25 sys=0.01, real=0.05 secs] 
12069.421: [GC 12069.422: [ParNew: 2309612K->45529K(2534400K), 0.0340880 secs] 6159870K->3897766K(10982400K), 0.0346450 secs] [Times: user=0.22 sys=0.00, real=0.04 secs] 
12073.630: [GC 12073.630: [ParNew: 2298329K->47933K(2534400K), 0.0279730 secs] 6150566K->3903466K(10982400K), 0.0285150 secs] [Times: user=0.22 sys=0.01, real=0.03 secs] 
12076.573: [GC 12076.573: [ParNew: 2300733K->43030K(2534400K), 0.0251130 secs] 6156266K->3899730K(10982400K), 0.0256610 secs] [Times: user=0.19 sys=0.00, real=0.03 secs] 
12081.157: [GC 12081.158: [ParNew: 2295837K->35895K(2534400K), 0.0351400 secs] 6152537K->3895134K(10982400K), 0.0356930 secs] [Times: user=0.21 sys=0.00, real=0.03 secs] 
12086.727: [GC 12086.727: [ParNew: 2288695K->27735K(2534400K), 0.0356690 secs] 6147934K->3893854K(10982400K), 0.0362100 secs] [Times: user=0.22 sys=0.00, real=0.03 secs] 
12091.524: [GC 12091.524: [ParNew: 2280535K->36546K(2534400K), 0.0394320 secs] 6146654K->3904184K(10982400K), 0.0400960 secs] [Times: user=0.27 sys=0.00, real=0.04 secs] 
12095.904: [GC 12095.904: [ParNew: 2289346K->56407K(2534400K), 0.0352980 secs] 6156984K->3924433K(10982400K), 0.0357830 secs] [Times: user=0.34 sys=0.00, real=0.04 secs] 
12103.359: [GC 12103.359: [ParNew: 2309207K->89897K(2534400K), 0.0530510 secs] 6177233K->3959413K(10982400K), 0.0535430 secs] [Times: user=0.53 sys=0.00, real=0.05 secs] 
12108.835: [GC 12108.835: [ParNew: 2342697K->66994K(2534400K), 0.0387670 secs] 6212213K->3938390K(10982400K), 0.0392200 secs] [Times: user=0.29 sys=0.00, real=0.04 secs] 
12114.721: [GC 12114.721: [ParNew: 2319794K->39102K(2534400K), 0.0390750 secs] 6191190K->3914102K(10982400K), 0.0395360 secs] [Times: user=0.23 sys=0.00, real=0.04 secs] 
12119.818: [GC 12119.818: [ParNew: 2291902K->31770K(2534400K), 0.0389180 secs] 6166902K->3907730K(10982400K), 0.0393580 secs] [Times: user=0.19 sys=0.00, real=0.04 secs] 
12126.738: [GC 12126.739: [ParNew: 2284570K->42636K(2534400K), 0.0407320 secs] 6160530K->3922530K(10982400K), 0.0411910 secs] [Times: user=0.24 sys=0.00, real=0.04 secs] 
12132.166: [GC 12132.166: [ParNew: 2295436K->67129K(2534400K), 0.0410300 secs] 6175330K->3949774K(10982400K), 0.0415920 secs] [Times: user=0.37 sys=0.00, real=0.04 secs] 
12138.084: [GC 12138.085: [ParNew: 2319929K->53194K(2534400K), 0.0400490 secs] 6202574K->3936868K(10982400K), 0.0405480 secs] [Times: user=0.25 sys=0.00, real=0.04 secs] 
12142.632: [GC 12142.633: [ParNew: 2305975K->33092K(2534400K), 0.0296280 secs] 6189649K->3918759K(10982400K), 0.0302070 secs] [Times: user=0.19 sys=0.00, real=0.03 secs] 
12144.292: [GC 12144.292: [ParNew: 2285892K->26839K(2534400K), 0.0195730 secs] 6171559K->3915481K(10982400K), 0.0201110 secs] [Times: user=0.16 sys=0.00, real=0.02 secs] 
12148.004: [GC 12148.005: [ParNew: 2279639K->31248K(2534400K), 0.0312540 secs] 6168281K->3922319K(10982400K), 0.0318250 secs] [Times: user=0.21 sys=0.00, real=0.04 secs] 
12151.380: [GC 12151.380: [ParNew: 2284048K->73027K(2534400K), 0.0409900 secs] 6175119K->3968038K(10982400K), 0.0415450 secs] [Times: user=0.48 sys=0.00, real=0.04 secs] 
12155.299: [GC 12155.299: [ParNew: 2325827K->57468K(2534400K), 0.0314380 secs] 6220838K->3953469K(10982400K), 0.0320090 secs] [Times: user=0.18 sys=0.00, real=0.03 secs] 
12161.408: [GC 12161.409: [ParNew: 2310267K->29615K(2534400K), 0.0361700 secs] 6206268K->3925992K(10982400K), 0.0367430 secs] [Times: user=0.20 sys=0.00, real=0.03 secs] 
12166.007: [GC 12166.007: [ParNew: 2282415K->82437K(2534400K), 0.0373170 secs] 6178792K->3981947K(10982400K), 0.0377760 secs] [Times: user=0.38 sys=0.00, real=0.03 secs] 
12172.227: [GC 12172.227: [ParNew: 2335237K->140839K(2534400K), 0.0550740 secs] 6234747K->4042650K(10982400K), 0.0555410 secs] [Times: user=0.53 sys=0.00, real=0.06 secs] 
12175.690: [GC 12175.690: [ParNew: 2393639K->115335K(2534400K), 0.0380470 secs] 6295450K->4018293K(10982400K), 0.0385090 secs] [Times: user=0.38 sys=0.00, real=0.04 secs] 
12179.561: [GC 12179.562: [ParNew: 2368135K->152085K(2534400K), 0.0508290 secs] 6271093K->4056789K(10982400K), 0.0513020 secs] [Times: user=0.62 sys=0.00, real=0.05 secs] 
12185.031: [GC 12185.031: [ParNew: 2404885K->113729K(2534400K), 0.0663840 secs] 6309589K->4075656K(10982400K), 0.0669070 secs] [Times: user=0.45 sys=0.01, real=0.06 secs] 
12190.475: [GC 12190.475: [ParNew: 2366529K->94293K(2534400K), 0.0463250 secs] 6328456K->4058281K(10982400K), 0.0468770 secs] [Times: user=0.52 sys=0.00, real=0.05 secs] 
12197.233: [GC 12197.233: [ParNew: 2347093K->73543K(2534400K), 0.0454490 secs] 6311081K->4040464K(10982400K), 0.0460040 secs] [Times: user=0.33 sys=0.00, real=0.04 secs] 
12206.165: [GC 12206.165: [ParNew: 2326343K->40917K(2534400K), 0.0427270 secs] 6293264K->4010705K(10982400K), 0.0432890 secs] [Times: user=0.21 sys=0.00, real=0.04 secs] 
12214.003: [GC 12214.003: [ParNew: 2293717K->62918K(2534400K), 0.0510550 secs] 6263505K->4034354K(10982400K), 0.0516190 secs] [Times: user=0.38 sys=0.00, real=0.05 secs] 
12217.625: [GC 12217.625: [ParNew: 2315718K->56675K(2534400K), 0.0324060 secs] 6287154K->4029330K(10982400K), 0.0329560 secs] [Times: user=0.28 sys=0.00, real=0.03 secs] 
12221.727: [GC 12221.727: [ParNew: 2309475K->45887K(2534400K), 0.0304830 secs] 6282130K->4019602K(10982400K), 0.0310380 secs] [Times: user=0.22 sys=0.00, real=0.03 secs] 
12227.230: [GC 12227.230: [ParNew: 2298687K->38601K(2534400K), 0.0371220 secs] 6272402K->4016330K(10982400K), 0.0376820 secs] [Times: user=0.22 sys=0.00, real=0.04 secs] 
12233.928: [GC 12233.929: [ParNew: 2291401K->54959K(2534400K), 0.0486800 secs] 6269130K->4039696K(10982400K), 0.0492490 secs] [Times: user=0.38 sys=0.00, real=0.05 secs] 
12237.966: [GC 12237.967: [ParNew: 2307759K->55422K(2534400K), 0.0429490 secs] 6292496K->4041175K(10982400K), 0.0434460 secs] [Times: user=0.30 sys=0.00, real=0.05 secs] 
12244.924: [GC 12244.925: [ParNew: 2308222K->73646K(2534400K), 0.0446840 secs] 6293975K->4061010K(10982400K), 0.0452030 secs] [Times: user=0.37 sys=0.00, real=0.05 secs] 
12249.025: [GC 12249.025: [ParNew: 2326446K->63468K(2534400K), 0.0348890 secs] 6313810K->4054368K(10982400K), 0.0353760 secs] [Times: user=0.33 sys=0.00, real=0.04 secs] 
12254.411: [GC 12254.411: [ParNew: 2316268K->63367K(2534400K), 0.0403000 secs] 6307168K->4056344K(10982400K), 0.0407970 secs] [Times: user=0.34 sys=0.01, real=0.04 secs] 
12259.066: [GC 12259.066: [ParNew: 2316167K->70764K(2534400K), 0.0444820 secs] 6309144K->4066008K(10982400K), 0.0450470 secs] [Times: user=0.35 sys=0.00, real=0.04 secs] 
12264.856: [GC 12264.856: [ParNew: 2323564K->53866K(2534400K), 0.0419230 secs] 6318808K->4056053K(10982400K), 0.0424790 secs] [Times: user=0.25 sys=0.00, real=0.04 secs] 
12269.754: [GC 12269.754: [ParNew: 2306666K->62291K(2534400K), 0.0385990 secs] 6308853K->4065802K(10982400K), 0.0391430 secs] [Times: user=0.38 sys=0.00, real=0.04 secs] 
12272.821: [GC 12272.822: [ParNew: 2314975K->43994K(2534400K), 0.0278430 secs] 6318485K->4049641K(10982400K), 0.0284090 secs] [Times: user=0.21 sys=0.00, real=0.03 secs] 
12276.148: [GC 12276.149: [ParNew: 2296794K->52637K(2534400K), 0.0341120 secs] 6302441K->4063189K(10982400K), 0.0346790 secs] [Times: user=0.34 sys=0.00, real=0.03 secs] 
12278.489: [GC 12278.489: [ParNew: 2305437K->40266K(2534400K), 0.0283740 secs] 6315989K->4055074K(10982400K), 0.0289030 secs] [Times: user=0.24 sys=0.00, real=0.03 secs] 
12283.320: [GC 12283.321: [ParNew: 2293066K->32832K(2534400K), 0.0370110 secs] 6307874K->4050218K(10982400K), 0.0376690 secs] [Times: user=0.19 sys=0.01, real=0.04 secs] 
12288.859: [GC 12288.859: [ParNew: 2285632K->51529K(2534400K), 0.0407410 secs] 6303018K->4070569K(10982400K), 0.0412310 secs] [Times: user=0.36 sys=0.01, real=0.04 secs] 
12294.284: [GC 12294.284: [ParNew: 2304329K->40153K(2534400K), 0.0463950 secs] 6323369K->4061269K(10982400K), 0.0469590 secs] [Times: user=0.32 sys=0.00, real=0.05 secs] 
12297.641: [GC 12297.641: [ParNew: 2292953K->26089K(2534400K), 0.0311020 secs] 6314069K->4047986K(10982400K), 0.0315950 secs] [Times: user=0.18 sys=0.01, real=0.03 secs] 
12303.219: [GC 12303.219: [ParNew: 2278889K->78151K(2534400K), 0.0868200 secs] 6300786K->4102814K(10982400K), 0.0873980 secs] [Times: user=0.26 sys=0.00, real=0.08 secs] 
12307.657: [GC 12307.658: [ParNew: 2330951K->66682K(2534400K), 0.0662680 secs] 6355614K->4092235K(10982400K), 0.0668360 secs] [Times: user=0.24 sys=0.00, real=0.07 secs] 
12312.529: [GC 12312.530: [ParNew: 2319482K->55190K(2534400K), 0.0407210 secs] 6345035K->4082736K(10982400K), 0.0412810 secs] [Times: user=0.34 sys=0.00, real=0.05 secs] 
12317.922: [GC 12317.922: [ParNew: 2307990K->49309K(2534400K), 0.0357990 secs] 6335536K->4077832K(10982400K), 0.0363460 secs] [Times: user=0.22 sys=0.00, real=0.03 secs] 
12324.418: [GC 12324.418: [ParNew: 2302109K->44705K(2534400K), 0.0438390 secs] 6330632K->4075537K(10982400K), 0.0443900 secs] [Times: user=0.27 sys=0.01, real=0.05 secs] 
12330.112: [GC 12330.112: [ParNew: 2297505K->41718K(2534400K), 0.0347620 secs] 6328337K->4075160K(10982400K), 0.0352560 secs] [Times: user=0.23 sys=0.01, real=0.03 secs] 
12337.081: [GC 12337.082: [ParNew: 2294518K->59467K(2534400K), 0.0422950 secs] 6327960K->4096711K(10982400K), 0.0427840 secs] [Times: user=0.32 sys=0.00, real=0.05 secs] 
12342.443: [GC 12342.443: [ParNew: 2312267K->47519K(2534400K), 0.0395310 secs] 6349511K->4093702K(10982400K), 0.0400840 secs] [Times: user=0.24 sys=0.00, real=0.04 secs] 
12351.394: [GC 12351.394: [ParNew: 2300319K->51587K(2534400K), 0.0506210 secs] 6346502K->4101432K(10982400K), 0.0511180 secs] [Times: user=0.31 sys=0.00, real=0.05 secs] 
12355.416: [GC 12355.416: [ParNew: 2304387K->76018K(2534400K), 0.0452150 secs] 6354232K->4129313K(10982400K), 0.0457650 secs] [Times: user=0.41 sys=0.00, real=0.04 secs] 
12359.321: [GC 12359.322: [ParNew: 2328818K->57007K(2534400K), 0.0435950 secs] 6382113K->4111914K(10982400K), 0.0441280 secs] [Times: user=0.29 sys=0.00, real=0.04 secs] 
12365.917: [GC 12365.918: [ParNew: 2309690K->43272K(2534400K), 0.0470920 secs] 6364598K->4099607K(10982400K), 0.0476550 secs] [Times: user=0.32 sys=0.00, real=0.05 secs] 
12371.196: [GC 12371.196: [ParNew: 2296072K->23531K(2534400K), 0.0293330 secs] 6352407K->4083813K(10982400K), 0.0298840 secs] [Times: user=0.18 sys=0.01, real=0.03 secs] 
12379.180: [GC 12379.180: [ParNew: 2276331K->30185K(2534400K), 0.0453100 secs] 6336613K->4091324K(10982400K), 0.0458750 secs] [Times: user=0.25 sys=0.00, real=0.05 secs] 
12385.863: [GC 12385.863: [ParNew: 2282985K->31381K(2534400K), 0.0374210 secs] 6344124K->4093319K(10982400K), 0.0379780 secs] [Times: user=0.22 sys=0.00, real=0.04 secs] 
12391.880: [GC 12391.880: [ParNew: 2284181K->65564K(2534400K), 0.0474260 secs] 6346119K->4130478K(10982400K), 0.0479190 secs] [Times: user=0.44 sys=0.00, real=0.05 secs] 
12397.006: [GC 12397.006: [ParNew: 2318364K->71817K(2534400K), 0.0387600 secs] 6383278K->4138456K(10982400K), 0.0393190 secs] [Times: user=0.35 sys=0.00, real=0.04 secs] 
12403.839: [GC 12403.839: [ParNew: 2324617K->73187K(2534400K), 0.0476830 secs] 6391256K->4143718K(10982400K), 0.0482250 secs] [Times: user=0.38 sys=0.00, real=0.05 secs] 
12407.158: [GC 12407.158: [ParNew: 2325987K->62484K(2534400K), 0.0303360 secs] 6396518K->4134431K(10982400K), 0.0308620 secs] [Times: user=0.30 sys=0.00, real=0.03 secs] 
12410.611: [GC 12410.611: [ParNew: 2315284K->46620K(2534400K), 0.0269970 secs] 6387231K->4122185K(10982400K), 0.0274420 secs] [Times: user=0.19 sys=0.00, real=0.03 secs] 
12415.958: [GC 12415.958: [ParNew: 2299399K->32096K(2534400K), 0.0369480 secs] 6374964K->4110976K(10982400K), 0.0374070 secs] [Times: user=0.18 sys=0.00, real=0.04 secs] 
12417.940: [GC 12417.940: [ParNew: 2284896K->22666K(2534400K), 0.0248560 secs] 6363776K->4104463K(10982400K), 0.0252610 secs] [Times: user=0.19 sys=0.01, real=0.02 secs] 
12423.234: [GC 12423.234: [ParNew: 2275466K->50793K(2534400K), 0.0418860 secs] 6357263K->4133790K(10982400K), 0.0423540 secs] [Times: user=0.33 sys=0.00, real=0.05 secs] 
12432.301: [GC 12432.301: [ParNew: 2303593K->44262K(2534400K), 0.0479140 secs] 6386590K->4128727K(10982400K), 0.0483700 secs] [Times: user=0.26 sys=0.00, real=0.05 secs] 
12442.615: [GC 12442.616: [ParNew: 2297062K->53163K(2534400K), 0.0480860 secs] 6381527K->4138658K(10982400K), 0.0485390 secs] [Times: user=0.27 sys=0.00, real=0.05 secs] 
12450.985: [GC 12450.985: [ParNew: 2305963K->44495K(2534400K), 0.0468350 secs] 6391458K->4131615K(10982400K), 0.0472850 secs] [Times: user=0.32 sys=0.00, real=0.05 secs] 
12458.620: [GC 12458.621: [ParNew: 2297295K->43479K(2534400K), 0.0406150 secs] 6384415K->4132661K(10982400K), 0.0410610 secs] [Times: user=0.22 sys=0.00, real=0.04 secs] 
12463.906: [GC 12463.906: [ParNew: 2296279K->52677K(2534400K), 0.0380270 secs] 6385461K->4148613K(10982400K), 0.0384430 secs] [Times: user=0.33 sys=0.00, real=0.04 secs] 
12468.823: [GC 12468.823: [ParNew: 2305477K->64124K(2534400K), 0.0390790 secs] 6401413K->4163021K(10982400K), 0.0395270 secs] [Times: user=0.35 sys=0.00, real=0.04 secs] 
12475.316: [GC 12475.316: [ParNew: 2316924K->48723K(2534400K), 0.0344780 secs] 6415821K->4149392K(10982400K), 0.0348980 secs] [Times: user=0.20 sys=0.00, real=0.03 secs] 
12479.339: [GC 12479.339: [ParNew: 2301523K->37085K(2534400K), 0.0405250 secs] 6402192K->4140721K(10982400K), 0.0409740 secs] [Times: user=0.30 sys=0.00, real=0.04 secs] 
12482.717: [GC 12482.717: [ParNew: 2289885K->47135K(2534400K), 0.0319490 secs] 6393521K->4151792K(10982400K), 0.0323940 secs] [Times: user=0.33 sys=0.00, real=0.03 secs] 
12485.971: [GC 12485.971: [ParNew: 2299920K->58592K(2534400K), 0.0325560 secs] 6404577K->4164541K(10982400K), 0.0330080 secs] [Times: user=0.37 sys=0.00, real=0.03 secs] 
12488.986: [GC 12488.986: [ParNew: 2311392K->45666K(2534400K), 0.0296370 secs] 6417341K->4153426K(10982400K), 0.0300800 secs] [Times: user=0.22 sys=0.00, real=0.03 secs] 
12494.490: [GC 12494.490: [ParNew: 2298466K->41373K(2534400K), 0.0428090 secs] 6406226K->4161758K(10982400K), 0.0432620 secs] [Times: user=0.28 sys=0.00, real=0.04 secs] 
12496.746: [GC 12496.746: [ParNew: 2294173K->39250K(2534400K), 0.0241400 secs] 6414558K->4161117K(10982400K), 0.0245780 secs] [Times: user=0.25 sys=0.00, real=0.03 secs] 
12500.627: [GC 12500.627: [ParNew: 2292050K->36635K(2534400K), 0.0271340 secs] 6413917K->4161931K(10982400K), 0.0275730 secs] [Times: user=0.22 sys=0.00, real=0.03 secs] 
12505.628: [GC 12505.628: [ParNew: 2289435K->41145K(2534400K), 0.0369050 secs] 6414731K->4169509K(10982400K), 0.0374310 secs] [Times: user=0.26 sys=0.00, real=0.04 secs] 
12510.880: [GC 12510.881: [ParNew: 2293945K->40469K(2534400K), 0.0391840 secs] 6422309K->4170060K(10982400K), 0.0396400 secs] [Times: user=0.24 sys=0.00, real=0.04 secs] 
12515.166: [GC 12515.166: [ParNew: 2293269K->52619K(2534400K), 0.0345030 secs] 6422860K->4184346K(10982400K), 0.0349550 secs] [Times: user=0.31 sys=0.00, real=0.04 secs] 
12521.580: [GC 12521.581: [ParNew: 2305419K->48007K(2534400K), 0.0412210 secs] 6437146K->4181203K(10982400K), 0.0416730 secs] [Times: user=0.24 sys=0.00, real=0.05 secs] 
12528.683: [GC 12528.683: [ParNew: 2300807K->67687K(2534400K), 0.0455050 secs] 6434003K->4207003K(10982400K), 0.0459290 secs] [Times: user=0.39 sys=0.00, real=0.04 secs] 
12535.239: [GC 12535.239: [ParNew: 2320487K->56280K(2534400K), 0.0440420 secs] 6459803K->4198520K(10982400K), 0.0444940 secs] [Times: user=0.30 sys=0.01, real=0.04 secs] 
12538.266: [GC 12538.266: [ParNew: 2309080K->70333K(2534400K), 0.0398240 secs] 6451320K->4218045K(10982400K), 0.0402470 secs] [Times: user=0.42 sys=0.00, real=0.04 secs] 
12540.981: [GC 12540.981: [ParNew: 2323133K->66127K(2534400K), 0.0405590 secs] 6470845K->4215806K(10982400K), 0.0409920 secs] [Times: user=0.33 sys=0.00, real=0.04 secs] 
12545.521: [GC 12545.521: [ParNew: 2318927K->47189K(2534400K), 0.0310860 secs] 6468606K->4198517K(10982400K), 0.0315370 secs] [Times: user=0.23 sys=0.00, real=0.03 secs] 
12552.939: [GC 12552.939: [ParNew: 2299989K->31880K(2534400K), 0.0432500 secs] 6451317K->4186077K(10982400K), 0.0436980 secs] [Times: user=0.24 sys=0.01, real=0.04 secs] 
12558.754: [GC 12558.755: [ParNew: 2284680K->35665K(2534400K), 0.0367000 secs] 6438877K->4190550K(10982400K), 0.0371560 secs] [Times: user=0.21 sys=0.00, real=0.04 secs] 
12566.196: [GC 12566.197: [ParNew: 2288465K->37276K(2534400K), 0.0441460 secs] 6443350K->4194310K(10982400K), 0.0445890 secs] [Times: user=0.28 sys=0.00, real=0.05 secs] 
12572.304: [GC 12572.304: [ParNew: 2290076K->56878K(2534400K), 0.0522190 secs] 6447110K->4216535K(10982400K), 0.0526820 secs] [Times: user=0.38 sys=0.00, real=0.05 secs] 
12578.679: [GC 12578.680: [ParNew: 2309678K->44291K(2534400K), 0.0446280 secs] 6469335K->4206445K(10982400K), 0.0450570 secs] [Times: user=0.31 sys=0.00, real=0.05 secs] 
12586.236: [GC 12586.236: [ParNew: 2297091K->48206K(2534400K), 0.0447540 secs] 6459245K->4213332K(10982400K), 0.0452120 secs] [Times: user=0.29 sys=0.01, real=0.05 secs] 
12590.779: [GC 12590.779: [ParNew: 2301006K->67706K(2534400K), 0.0533610 secs] 6466132K->4236145K(10982400K), 0.0538330 secs] [Times: user=0.38 sys=0.00, real=0.06 secs] 
12596.552: [GC 12596.552: [ParNew: 2320506K->54016K(2534400K), 0.0570370 secs] 6488945K->4224220K(10982400K), 0.0574910 secs] [Times: user=0.33 sys=0.00, real=0.06 secs] 
12603.025: [GC 12603.025: [ParNew: 2306816K->34767K(2534400K), 0.0364600 secs] 6477020K->4206258K(10982400K), 0.0369120 secs] [Times: user=0.21 sys=0.00, real=0.03 secs] 
12609.384: [GC 12609.384: [ParNew: 2287567K->62768K(2534400K), 0.0430210 secs] 6459058K->4236805K(10982400K), 0.0434420 secs] [Times: user=0.40 sys=0.00, real=0.05 secs] 
12614.979: [GC 12614.979: [ParNew: 2315568K->66176K(2534400K), 0.0398000 secs] 6489605K->4242785K(10982400K), 0.0402490 secs] [Times: user=0.31 sys=0.01, real=0.04 secs] 
12619.061: [GC 12619.061: [ParNew: 2318976K->74971K(2534400K), 0.0369580 secs] 6495585K->4255542K(10982400K), 0.0374170 secs] [Times: user=0.42 sys=0.00, real=0.04 secs] 
12624.963: [GC 12624.964: [ParNew: 2327771K->60503K(2534400K), 0.0445150 secs] 6508342K->4245407K(10982400K), 0.0449790 secs] [Times: user=0.33 sys=0.00, real=0.05 secs] 
12631.976: [GC 12631.976: [ParNew: 2313303K->44486K(2534400K), 0.0417990 secs] 6498207K->4230734K(10982400K), 0.0422470 secs] [Times: user=0.24 sys=0.00, real=0.05 secs] 
12636.917: [GC 12636.917: [ParNew: 2297286K->37425K(2534400K), 0.0362690 secs] 6483534K->4230691K(10982400K), 0.0367170 secs] [Times: user=0.25 sys=0.00, real=0.04 secs] 
12641.546: [GC 12641.547: [ParNew: 2290225K->73390K(2534400K), 0.0465290 secs] 6483491K->4268919K(10982400K), 0.0470900 secs] [Times: user=0.55 sys=0.00, real=0.05 secs] 
12646.192: [GC 12646.193: [ParNew: 2326190K->71453K(2534400K), 0.0381890 secs] 6521719K->4270277K(10982400K), 0.0386130 secs] [Times: user=0.37 sys=0.01, real=0.04 secs] 
12651.768: [GC 12651.768: [ParNew: 2324253K->52296K(2534400K), 0.0325890 secs] 6523077K->4253114K(10982400K), 0.0330380 secs] [Times: user=0.21 sys=0.00, real=0.04 secs] 
12659.117: [GC 12659.117: [ParNew: 2305096K->37106K(2534400K), 0.0482790 secs] 6505914K->4241394K(10982400K), 0.0487200 secs] [Times: user=0.25 sys=0.01, real=0.05 secs] 
12666.625: [GC 12666.625: [ParNew: 2289906K->62703K(2534400K), 0.0444500 secs] 6494194K->4268909K(10982400K), 0.0448770 secs] [Times: user=0.36 sys=0.00, real=0.04 secs] 
12670.570: [GC 12670.571: [ParNew: 2315503K->45539K(2534400K), 0.0289900 secs] 6521709K->4255815K(10982400K), 0.0294130 secs] [Times: user=0.23 sys=0.01, real=0.03 secs] 
12674.336: [GC 12674.336: [ParNew: 2298339K->32224K(2534400K), 0.0266760 secs] 6508615K->4244304K(10982400K), 0.0271350 secs] [Times: user=0.20 sys=0.00, real=0.02 secs] 
12681.371: [GC 12681.371: [ParNew: 2285024K->57026K(2534400K), 0.0446160 secs] 6497104K->4272602K(10982400K), 0.0450700 secs] [Times: user=0.33 sys=0.00, real=0.05 secs] 
12688.494: [GC 12688.494: [ParNew: 2309826K->69222K(2534400K), 0.0390870 secs] 6525402K->4288215K(10982400K), 0.0395070 secs] [Times: user=0.28 sys=0.00, real=0.04 secs] 
12693.315: [GC 12693.315: [ParNew: 2322022K->76482K(2534400K), 0.0313600 secs] 6541015K->4296836K(10982400K), 0.0318050 secs] [Times: user=0.26 sys=0.00, real=0.03 secs] 
12698.283: [GC 12698.284: [ParNew: 2329237K->117151K(2534400K), 0.0406920 secs] 6549591K->4338159K(10982400K), 0.0411380 secs] [Times: user=0.46 sys=0.00, real=0.04 secs] 
12702.789: [GC 12702.789: [ParNew: 2369951K->106237K(2534400K), 0.0350640 secs] 6590959K->4330625K(10982400K), 0.0355090 secs] [Times: user=0.30 sys=0.01, real=0.03 secs] 
12705.329: [GC 12705.329: [ParNew: 2359037K->72141K(2534400K), 0.0330750 secs] 6583425K->4331129K(10982400K), 0.0335090 secs] [Times: user=0.30 sys=0.01, real=0.03 secs] 
12711.261: [GC 12711.262: [ParNew: 2324941K->60459K(2534400K), 0.0436580 secs] 6583929K->4329516K(10982400K), 0.0441270 secs] [Times: user=0.40 sys=0.00, real=0.04 secs] 
12716.123: [GC 12716.124: [ParNew: 2313259K->45942K(2534400K), 0.0428700 secs] 6582316K->4318831K(10982400K), 0.0433290 secs] [Times: user=0.27 sys=0.01, real=0.04 secs] 
12721.854: [GC 12721.854: [ParNew: 2298742K->42307K(2534400K), 0.0373940 secs] 6571631K->4317080K(10982400K), 0.0378310 secs] [Times: user=0.29 sys=0.00, real=0.03 secs] 
12727.902: [GC 12727.902: [ParNew: 2295107K->62989K(2534400K), 0.0411750 secs] 6569880K->4339138K(10982400K), 0.0416510 secs] [Times: user=0.40 sys=0.00, real=0.05 secs] 
12735.936: [GC 12735.937: [ParNew: 2315789K->59340K(2534400K), 0.0482940 secs] 6591938K->4340968K(10982400K), 0.0487420 secs] [Times: user=0.34 sys=0.00, real=0.05 secs] 
12742.875: [GC 12742.875: [ParNew: 2312140K->42103K(2534400K), 0.0446420 secs] 6593768K->4326196K(10982400K), 0.0451030 secs] [Times: user=0.31 sys=0.00, real=0.05 secs] 
12746.385: [GC 12746.385: [ParNew: 2294903K->30899K(2534400K), 0.0292130 secs] 6578996K->4318893K(10982400K), 0.0296560 secs] [Times: user=0.26 sys=0.00, real=0.03 secs] 
12752.036: [GC 12752.036: [ParNew: 2283699K->64703K(2534400K), 0.0409740 secs] 6571693K->4356218K(10982400K), 0.0414210 secs] [Times: user=0.38 sys=0.00, real=0.05 secs] 
12757.559: [GC 12757.559: [ParNew: 2317503K->65122K(2534400K), 0.0425380 secs] 6609018K->4361337K(10982400K), 0.0429820 secs] [Times: user=0.34 sys=0.00, real=0.04 secs] 
12765.156: [GC 12765.156: [ParNew: 2317922K->64261K(2534400K), 0.0473680 secs] 6614137K->4363417K(10982400K), 0.0478290 secs] [Times: user=0.34 sys=0.00, real=0.05 secs] 
12773.577: [GC 12773.577: [ParNew: 2317061K->62926K(2534400K), 0.0465850 secs] 6616217K->4363529K(10982400K), 0.0470360 secs] [Times: user=0.32 sys=0.00, real=0.05 secs] 
12778.136: [GC 12778.136: [ParNew: 2315726K->47616K(2534400K), 0.0439380 secs] 6616329K->4350286K(10982400K), 0.0443590 secs] [Times: user=0.24 sys=0.00, real=0.04 secs] 
12781.030: [GC 12781.030: [ParNew: 2300416K->51280K(2534400K), 0.0312230 secs] 6603086K->4356517K(10982400K), 0.0316650 secs] [Times: user=0.32 sys=0.00, real=0.04 secs] 
12782.813: [GC 12782.813: [ParNew: 2304080K->44959K(2534400K), 0.0196170 secs] 6609317K->4352482K(10982400K), 0.0200370 secs] [Times: user=0.25 sys=0.00, real=0.02 secs] 
12786.789: [GC 12786.789: [ParNew: 2297759K->67747K(2534400K), 0.0337800 secs] 6605282K->4377461K(10982400K), 0.0342150 secs] [Times: user=0.34 sys=0.01, real=0.04 secs] 
12790.191: [GC 12790.191: [ParNew: 2320547K->47656K(2534400K), 0.0286820 secs] 6630261K->4358344K(10982400K), 0.0291280 secs] [Times: user=0.23 sys=0.00, real=0.03 secs] 
12796.374: [GC 12796.374: [ParNew: 2300456K->44447K(2534400K), 0.0363750 secs] 6611144K->4358029K(10982400K), 0.0367880 secs] [Times: user=0.23 sys=0.01, real=0.03 secs] 
12801.695: [GC 12801.695: [ParNew: 2297247K->37981K(2534400K), 0.0367550 secs] 6610829K->4358335K(10982400K), 0.0372180 secs] [Times: user=0.24 sys=0.01, real=0.03 secs] 
12804.700: [GC 12804.700: [ParNew: 2290781K->53078K(2534400K), 0.0334110 secs] 6611135K->4375783K(10982400K), 0.0338610 secs] [Times: user=0.35 sys=0.00, real=0.03 secs] 
12813.582: [GC 12813.583: [ParNew: 2305878K->47512K(2534400K), 0.0472090 secs] 6628583K->4374884K(10982400K), 0.0476650 secs] [Times: user=0.25 sys=0.00, real=0.05 secs] 
12818.981: [GC 12818.981: [ParNew: 2300312K->53559K(2534400K), 0.0380480 secs] 6627684K->4383124K(10982400K), 0.0385390 secs] [Times: user=0.35 sys=0.00, real=0.04 secs] 
12823.006: [GC 12823.007: [ParNew: 2306359K->60034K(2534400K), 0.0313530 secs] 6635924K->4390965K(10982400K), 0.0318030 secs] [Times: user=0.31 sys=0.00, real=0.04 secs] 
12827.413: [GC 12827.413: [ParNew: 2312834K->42804K(2534400K), 0.0292250 secs] 6643765K->4374780K(10982400K), 0.0296600 secs] [Times: user=0.19 sys=0.00, real=0.03 secs] 
12832.260: [GC 12832.260: [ParNew: 2295604K->25324K(2534400K), 0.0330680 secs] 6627580K->4360305K(10982400K), 0.0335170 secs] [Times: user=0.19 sys=0.00, real=0.03 secs] 
12836.707: [GC 12836.707: [ParNew: 2278124K->28425K(2534400K), 0.0357880 secs] 6613105K->4365587K(10982400K), 0.0362220 secs] [Times: user=0.20 sys=0.00, real=0.04 secs] 
12842.711: [GC 12842.712: [ParNew: 2281225K->30298K(2534400K), 0.0363270 secs] 6618387K->4368942K(10982400K), 0.0367700 secs] [Times: user=0.21 sys=0.00, real=0.03 secs] 
12847.515: [GC 12847.515: [ParNew: 2283098K->29042K(2534400K), 0.0298970 secs] 6621742K->4369390K(10982400K), 0.0303360 secs] [Times: user=0.21 sys=0.01, real=0.03 secs] 
12855.107: [GC 12855.107: [ParNew: 2281842K->46696K(2534400K), 0.0368430 secs] 6622190K->4388630K(10982400K), 0.0372870 secs] [Times: user=0.26 sys=0.00, real=0.04 secs] 
12862.629: [GC 12862.629: [ParNew: 2299496K->43087K(2534400K), 0.0401790 secs] 6641430K->4387274K(10982400K), 0.0406110 secs] [Times: user=0.20 sys=0.01, real=0.04 secs] 
12867.157: [GC 12867.157: [ParNew: 2295871K->31645K(2534400K), 0.0325120 secs] 6640059K->4378833K(10982400K), 0.0329580 secs] [Times: user=0.20 sys=0.00, real=0.03 secs] 
12871.778: [GC 12871.778: [ParNew: 2284445K->29134K(2534400K), 0.0307610 secs] 6631633K->4379619K(10982400K), 0.0311950 secs] [Times: user=0.23 sys=0.00, real=0.03 secs] 
12875.914: [GC 12875.915: [ParNew: 2281934K->32570K(2534400K), 0.0280000 secs] 6632419K->4384879K(10982400K), 0.0284660 secs] [Times: user=0.20 sys=0.00, real=0.03 secs] 
12880.880: [GC 12880.880: [ParNew: 2285370K->42607K(2534400K), 0.0344830 secs] 6637679K->4397332K(10982400K), 0.0349190 secs] [Times: user=0.26 sys=0.00, real=0.03 secs] 
12885.839: [GC 12885.839: [ParNew: 2295407K->32960K(2534400K), 0.0311800 secs] 6650132K->4391052K(10982400K), 0.0316350 secs] [Times: user=0.20 sys=0.01, real=0.03 secs] 
12890.644: [GC 12890.644: [ParNew: 2285760K->39268K(2534400K), 0.0430780 secs] 6643852K->4400254K(10982400K), 0.0435130 secs] [Times: user=0.23 sys=0.00, real=0.04 secs] 
12894.943: [GC 12894.944: [ParNew: 2292068K->30132K(2534400K), 0.0348890 secs] 6653054K->4392515K(10982400K), 0.0353340 secs] [Times: user=0.20 sys=0.00, real=0.04 secs] 
12899.223: [GC 12899.223: [ParNew: 2282932K->47587K(2534400K), 0.0418320 secs] 6645315K->4412677K(10982400K), 0.0422630 secs] [Times: user=0.29 sys=0.00, real=0.04 secs] 
12905.822: [GC 12905.822: [ParNew: 2300387K->57751K(2534400K), 0.0424550 secs] 6665477K->4425814K(10982400K), 0.0429020 secs] [Times: user=0.33 sys=0.00, real=0.04 secs] 
12911.213: [GC 12911.214: [ParNew: 2310551K->71839K(2534400K), 0.0472770 secs] 6678614K->4440927K(10982400K), 0.0477270 secs] [Times: user=0.44 sys=0.00, real=0.05 secs] 
12918.888: [GC 12918.888: [ParNew: 2324639K->55458K(2534400K), 0.0549190 secs] 6693727K->4429769K(10982400K), 0.0555320 secs] [Times: user=0.26 sys=0.00, real=0.06 secs] 
12922.540: [GC 12922.541: [ParNew: 2308258K->57395K(2534400K), 0.0392760 secs] 6682569K->4435156K(10982400K), 0.0398170 secs] [Times: user=0.39 sys=0.01, real=0.04 secs] 
12929.692: [GC 12929.693: [ParNew: 2310195K->47596K(2534400K), 0.0446260 secs] 6687956K->4427893K(10982400K), 0.0451770 secs] [Times: user=0.21 sys=0.00, real=0.05 secs] 
12933.131: [GC 12933.131: [ParNew: 2300396K->28859K(2534400K), 0.0310530 secs] 6680693K->4412565K(10982400K), 0.0316080 secs] [Times: user=0.19 sys=0.00, real=0.03 secs] 
12936.661: [GC 12936.661: [ParNew: 2281659K->33606K(2534400K), 0.0301260 secs] 6665365K->4419364K(10982400K), 0.0306810 secs] [Times: user=0.20 sys=0.00, real=0.03 secs] 
12942.167: [GC 12942.167: [ParNew: 2286406K->64462K(2534400K), 0.0527550 secs] 6672164K->4452442K(10982400K), 0.0533010 secs] [Times: user=0.40 sys=0.00, real=0.05 secs] 
12946.876: [GC 12946.877: [ParNew: 2317262K->58471K(2534400K), 0.0372270 secs] 6705242K->4448984K(10982400K), 0.0379350 secs] [Times: user=0.35 sys=0.00, real=0.03 secs] 
12954.180: [GC 12954.180: [ParNew: 2311271K->49374K(2534400K), 0.0466080 secs] 6701784K->4440929K(10982400K), 0.0471600 secs] [Times: user=0.23 sys=0.00, real=0.05 secs] 
12958.012: [GC 12958.012: [ParNew: 2302174K->43253K(2534400K), 0.0448010 secs] 6693729K->4436608K(10982400K), 0.0452950 secs] [Times: user=0.27 sys=0.00, real=0.04 secs] 
12962.733: [GC 12962.733: [ParNew: 2296053K->32373K(2534400K), 0.0297500 secs] 6689408K->4427210K(10982400K), 0.0302440 secs] [Times: user=0.20 sys=0.00, real=0.03 secs] 
12966.959: [GC 12966.960: [ParNew: 2285173K->57064K(2534400K), 0.0417640 secs] 6680010K->4453718K(10982400K), 0.0422560 secs] [Times: user=0.40 sys=0.01, real=0.04 secs] 
12972.431: [GC 12972.432: [ParNew: 2309864K->45619K(2534400K), 0.0380740 secs] 6706518K->4446065K(10982400K), 0.0386190 secs] [Times: user=0.25 sys=0.00, real=0.04 secs] 
12978.884: [GC 12978.884: [ParNew: 2298412K->58733K(2534400K), 0.0412230 secs] 6698858K->4462763K(10982400K), 0.0417160 secs] [Times: user=0.26 sys=0.00, real=0.04 secs] 
12984.340: [GC 12984.340: [ParNew: 2311533K->80631K(2534400K), 0.0435490 secs] 6715563K->4485098K(10982400K), 0.0440390 secs] [Times: user=0.47 sys=0.01, real=0.05 secs] 
12989.864: [GC 12989.864: [ParNew: 2333431K->100687K(2534400K), 0.0544950 secs] 6737898K->4510244K(10982400K), 0.0550340 secs] [Times: user=0.52 sys=0.00, real=0.05 secs] 
12994.723: [GC 12994.724: [ParNew: 2353487K->70675K(2534400K), 0.0394740 secs] 6763044K->4482716K(10982400K), 0.0400170 secs] [Times: user=0.30 sys=0.00, real=0.04 secs] 
12999.818: [GC 12999.818: [ParNew: 2323475K->45302K(2534400K), 0.0377880 secs] 6735516K->4459331K(10982400K), 0.0382750 secs] [Times: user=0.24 sys=0.01, real=0.04 secs] 
13004.329: [GC 13004.329: [ParNew: 2298102K->49082K(2534400K), 0.0333360 secs] 6712131K->4465068K(10982400K), 0.0338200 secs] [Times: user=0.25 sys=0.00, real=0.03 secs] 
13012.047: [GC 13012.048: [ParNew: 2301882K->43988K(2534400K), 0.0554830 secs] 6717868K->4473744K(10982400K), 0.0560250 secs] [Times: user=0.30 sys=0.01, real=0.05 secs] 
13017.431: [GC 13017.431: [ParNew: 2296788K->51276K(2534400K), 0.0483630 secs] 6726544K->4484057K(10982400K), 0.0488800 secs] [Times: user=0.26 sys=0.01, real=0.05 secs] 
13022.385: [GC 13022.385: [ParNew: 2304076K->69405K(2534400K), 0.0434870 secs] 6736857K->4504821K(10982400K), 0.0440420 secs] [Times: user=0.38 sys=0.01, real=0.05 secs] 
13027.310: [GC 13027.310: [ParNew: 2322205K->50517K(2534400K), 0.0360710 secs] 6757621K->4491577K(10982400K), 0.0365580 secs] [Times: user=0.22 sys=0.00, real=0.03 secs] 
13032.988: [GC 13032.988: [ParNew: 2303317K->36024K(2534400K), 0.0421340 secs] 6744377K->4480670K(10982400K), 0.0426860 secs] [Times: user=0.31 sys=0.00, real=0.05 secs] 
13041.082: [GC 13041.082: [ParNew: 2288824K->46625K(2534400K), 0.0522860 secs] 6733470K->4492997K(10982400K), 0.0528380 secs] [Times: user=0.25 sys=0.01, real=0.05 secs] 
13046.242: [GC 13046.242: [ParNew: 2299425K->48122K(2534400K), 0.0413950 secs] 6745797K->4497164K(10982400K), 0.0419660 secs] [Times: user=0.35 sys=0.00, real=0.04 secs] 
13051.485: [GC 13051.486: [ParNew: 2300920K->46430K(2534400K), 0.0434970 secs] 6749962K->4497847K(10982400K), 0.0440650 secs] [Times: user=0.34 sys=0.00, real=0.04 secs] 
13057.011: [GC 13057.012: [ParNew: 2299230K->46345K(2534400K), 0.0363420 secs] 6750647K->4502022K(10982400K), 0.0368280 secs] [Times: user=0.26 sys=0.00, real=0.04 secs] 
13061.983: [GC 13061.984: [ParNew: 2299145K->84705K(2534400K), 0.0475220 secs] 6754822K->4542441K(10982400K), 0.0480920 secs] [Times: user=0.53 sys=0.00, real=0.05 secs] 
13064.882: [GC 13064.882: [ParNew: 2337505K->60118K(2534400K), 0.0410180 secs] 6795241K->4532533K(10982400K), 0.0415040 secs] [Times: user=0.36 sys=0.01, real=0.04 secs] 
13069.709: [GC 13069.709: [ParNew: 2312918K->35905K(2534400K), 0.0322850 secs] 6785333K->4510189K(10982400K), 0.0327760 secs] [Times: user=0.21 sys=0.00, real=0.03 secs] 
13074.853: [GC 13074.853: [ParNew: 2288705K->60321K(2534400K), 0.0481170 secs] 6762989K->4536826K(10982400K), 0.0486670 secs] [Times: user=0.38 sys=0.00, real=0.05 secs] 
13078.160: [GC 13078.160: [ParNew: 2313121K->52112K(2534400K), 0.0508470 secs] 6789626K->4532060K(10982400K), 0.0514740 secs] [Times: user=0.23 sys=0.00, real=0.05 secs] 
13083.007: [GC 13083.008: [ParNew: 2304912K->55964K(2534400K), 0.0422890 secs] 6784860K->4536954K(10982400K), 0.0428180 secs] [Times: user=0.35 sys=0.01, real=0.04 secs] 
13086.886: [GC 13086.886: [ParNew: 2308764K->74643K(2534400K), 0.0385390 secs] 6789754K->4557189K(10982400K), 0.0391200 secs] [Times: user=0.38 sys=0.01, real=0.04 secs] 
13089.751: [GC 13089.751: [ParNew: 2327443K->50588K(2534400K), 0.0268980 secs] 6809989K->4536880K(10982400K), 0.0274440 secs] [Times: user=0.21 sys=0.01, real=0.03 secs] 
13094.014: [GC 13094.014: [ParNew: 2303388K->43559K(2534400K), 0.0351750 secs] 6789680K->4531190K(10982400K), 0.0357360 secs] [Times: user=0.28 sys=0.00, real=0.04 secs] 
13101.995: [GC 13101.995: [ParNew: 2296359K->55640K(2534400K), 0.0494660 secs] 6783990K->4547219K(10982400K), 0.0500490 secs] [Times: user=0.34 sys=0.00, real=0.05 secs] 
13107.626: [GC 13107.626: [ParNew: 2308440K->61053K(2534400K), 0.0377130 secs] 6800019K->4555710K(10982400K), 0.0382140 secs] [Times: user=0.32 sys=0.01, real=0.04 secs] 
13112.480: [GC 13112.481: [ParNew: 2313853K->53016K(2534400K), 0.0373690 secs] 6808510K->4549627K(10982400K), 0.0379340 secs] [Times: user=0.29 sys=0.01, real=0.04 secs] 
13118.876: [GC 13118.876: [ParNew: 2305816K->106870K(2534400K), 0.0600780 secs] 6802427K->4610045K(10982400K), 0.0606420 secs] [Times: user=0.59 sys=0.00, real=0.06 secs] 
13125.727: [GC 13125.727: [ParNew: 2359670K->86673K(2534400K), 0.0487160 secs] 6862845K->4594749K(10982400K), 0.0492140 secs] [Times: user=0.39 sys=0.00, real=0.05 secs] 
13132.123: [GC 13132.123: [ParNew: 2339473K->62853K(2534400K), 0.0461040 secs] 6847549K->4581611K(10982400K), 0.0466600 secs] [Times: user=0.29 sys=0.01, real=0.05 secs] 
13136.656: [GC 13136.657: [ParNew: 2315653K->39493K(2534400K), 0.0493920 secs] 6834411K->4562293K(10982400K), 0.0498840 secs] [Times: user=0.32 sys=0.00, real=0.05 secs] 
13143.773: [GC 13143.774: [ParNew: 2292293K->37566K(2534400K), 0.0461380 secs] 6815093K->4563720K(10982400K), 0.0467040 secs] [Times: user=0.25 sys=0.00, real=0.05 secs] 
13149.246: [GC 13149.247: [ParNew: 2290366K->55782K(2534400K), 0.0418480 secs] 6816520K->4583075K(10982400K), 0.0424150 secs] [Times: user=0.31 sys=0.00, real=0.05 secs] 
13153.268: [GC 13153.268: [ParNew: 2308582K->91267K(2534400K), 0.0493410 secs] 6835874K->4624155K(10982400K), 0.0498330 secs] [Times: user=0.62 sys=0.00, real=0.05 secs] 
13159.670: [GC 13159.670: [ParNew: 2344067K->70363K(2534400K), 0.0465940 secs] 6876955K->4605940K(10982400K), 0.0470880 secs] [Times: user=0.34 sys=0.00, real=0.04 secs] 
13163.854: [GC 13163.854: [ParNew: 2323163K->70946K(2534400K), 0.0398640 secs] 6858740K->4609045K(10982400K), 0.0404320 secs] [Times: user=0.40 sys=0.00, real=0.04 secs] 
13172.215: [GC 13172.215: [ParNew: 2323746K->63667K(2534400K), 0.0494430 secs] 6861845K->4605257K(10982400K), 0.0499780 secs] [Times: user=0.27 sys=0.00, real=0.05 secs] 
13179.937: [GC 13179.937: [ParNew: 2316467K->67446K(2534400K), 0.0522400 secs] 6858057K->4615672K(10982400K), 0.0528030 secs] [Times: user=0.39 sys=0.00, real=0.05 secs] 
13185.323: [GC 13185.324: [ParNew: 2320244K->55280K(2534400K), 0.0400580 secs] 6868470K->4606272K(10982400K), 0.0405220 secs] [Times: user=0.27 sys=0.00, real=0.04 secs] 
13191.025: [GC 13191.026: [ParNew: 2308080K->46381K(2534400K), 0.0374220 secs] 6859072K->4601493K(10982400K), 0.0378570 secs] [Times: user=0.26 sys=0.00, real=0.04 secs] 
13194.772: [GC 13194.773: [ParNew: 2299181K->48948K(2534400K), 0.0302110 secs] 6854293K->4609008K(10982400K), 0.0306750 secs] [Times: user=0.26 sys=0.00, real=0.03 secs] 
13197.128: [GC 13197.129: [ParNew: 2301748K->48923K(2534400K), 0.0482580 secs] 6861808K->4613168K(10982400K), 0.0487120 secs] [Times: user=0.27 sys=0.00, real=0.05 secs] 
13200.930: [GC 13200.930: [ParNew: 2301723K->42434K(2534400K), 0.0322670 secs] 6865968K->4610530K(10982400K), 0.0327890 secs] [Times: user=0.23 sys=0.00, real=0.03 secs] 
13206.130: [GC 13206.130: [ParNew: 2295234K->81535K(2534400K), 0.0477450 secs] 6863330K->4656738K(10982400K), 0.0482000 secs] [Times: user=0.52 sys=0.00, real=0.05 secs] 
13212.818: [GC 13212.818: [ParNew: 2334335K->63169K(2534400K), 0.0413430 secs] 6909538K->4640377K(10982400K), 0.0417950 secs] [Times: user=0.22 sys=0.00, real=0.04 secs] 
13217.577: [GC 13217.577: [ParNew: 2315969K->49470K(2534400K), 0.0446260 secs] 6893177K->4633901K(10982400K), 0.0450850 secs] [Times: user=0.35 sys=0.00, real=0.04 secs] 
13221.137: [GC 13221.138: [ParNew: 2302270K->118885K(2534400K), 0.0996300 secs] 6886701K->4704097K(10982400K), 0.1000860 secs] [Times: user=0.25 sys=0.00, real=0.10 secs] 
13225.396: [GC 13225.396: [ParNew: 2371685K->123741K(2534400K), 0.1149000 secs] 6956897K->4712515K(10982400K), 0.1153800 secs] [Times: user=0.28 sys=0.00, real=0.12 secs] 
13231.037: [GC 13231.037: [ParNew: 2376541K->107063K(2534400K), 0.0946390 secs] 6965315K->4697110K(10982400K), 0.0950900 secs] [Times: user=0.29 sys=0.00, real=0.10 secs] 
13236.095: [GC 13236.095: [ParNew: 2359863K->82778K(2534400K), 0.0480090 secs] 6949910K->4673825K(10982400K), 0.0484700 secs] [Times: user=0.45 sys=0.00, real=0.05 secs] 
13240.070: [GC 13240.070: [ParNew: 2335578K->120451K(2534400K), 0.0784570 secs] 6926625K->4714893K(10982400K), 0.0789190 secs] [Times: user=0.43 sys=0.01, real=0.08 secs] 
13245.697: [GC 13245.698: [ParNew: 2373251K->60053K(2534400K), 0.0383180 secs] 6967693K->4655567K(10982400K), 0.0387790 secs] [Times: user=0.28 sys=0.00, real=0.04 secs] 
13253.432: [GC 13253.432: [ParNew: 2312853K->41453K(2534400K), 0.0417000 secs] 6908367K->4638242K(10982400K), 0.0421490 secs] [Times: user=0.22 sys=0.00, real=0.05 secs] 
13256.534: [GC 13256.534: [ParNew: 2294253K->41177K(2534400K), 0.0323280 secs] 6891042K->4638742K(10982400K), 0.0328390 secs] [Times: user=0.21 sys=0.00, real=0.03 secs] 
13259.504: [GC 13259.504: [ParNew: 2293977K->57355K(2534400K), 0.0454080 secs] 6891542K->4665816K(10982400K), 0.0459660 secs] [Times: user=0.39 sys=0.01, real=0.04 secs] 
13264.432: [GC 13264.432: [ParNew: 2310155K->43788K(2534400K), 0.0372060 secs] 6918616K->4655674K(10982400K), 0.0377640 secs] [Times: user=0.20 sys=0.00, real=0.04 secs] 
13270.184: [GC 13270.184: [ParNew: 2296588K->64168K(2534400K), 0.0474400 secs] 6908474K->4677764K(10982400K), 0.0480230 secs] [Times: user=0.39 sys=0.01, real=0.05 secs] 
13274.516: [GC 13274.516: [ParNew: 2316968K->79700K(2534400K), 0.0663370 secs] 6930564K->4695232K(10982400K), 0.0669200 secs] [Times: user=0.24 sys=0.00, real=0.06 secs] 
13279.275: [GC 13279.275: [ParNew: 2332500K->174846K(2534400K), 0.1350990 secs] 6948032K->4790843K(10982400K), 0.1356120 secs] [Times: user=0.51 sys=0.01, real=0.14 secs] 
13282.993: [GC 13282.994: [ParNew: 2427646K->149750K(2534400K), 0.1232580 secs] 7043643K->4782207K(10982400K), 0.1238120 secs] [Times: user=0.34 sys=0.00, real=0.13 secs] 
13286.022: [GC 13286.023: [ParNew: 2402550K->171305K(2534400K), 0.1323640 secs] 7035007K->4803762K(10982400K), 0.1328270 secs] [Times: user=0.44 sys=0.00, real=0.13 secs] 
13289.598: [GC 13289.598: [ParNew: 2424105K->141704K(2534400K), 0.1229180 secs] 7056562K->4780771K(10982400K), 0.1234080 secs] [Times: user=0.34 sys=0.00, real=0.12 secs] 
13291.969: [GC 13291.970: [ParNew: 2394504K->136214K(2534400K), 0.1031050 secs] 7033571K->4775281K(10982400K), 0.1035290 secs] [Times: user=0.39 sys=0.00, real=0.10 secs] 
13294.455: [GC 13294.455: [ParNew: 2389014K->147527K(2534400K), 0.1210610 secs] 7028081K->4786594K(10982400K), 0.1215480 secs] [Times: user=0.27 sys=0.01, real=0.12 secs] 
13299.039: [GC 13299.040: [ParNew: 2400327K->99209K(2534400K), 0.0844430 secs] 7039394K->4738277K(10982400K), 0.0849580 secs] [Times: user=0.35 sys=0.01, real=0.09 secs] 
13302.010: [GC 13302.010: [ParNew: 2352009K->150753K(2534400K), 0.1128610 secs] 6991077K->4791033K(10982400K), 0.1134460 secs] [Times: user=0.42 sys=0.01, real=0.11 secs] 
13306.261: [GC 13306.261: [ParNew: 2403547K->45054K(2534400K), 0.0304240 secs] 7043827K->4686034K(10982400K), 0.0309710 secs] [Times: user=0.19 sys=0.00, real=0.03 secs] 
13310.364: [GC 13310.364: [ParNew: 2297854K->45089K(2534400K), 0.0364380 secs] 6938834K->4687408K(10982400K), 0.0369820 secs] [Times: user=0.26 sys=0.00, real=0.04 secs] 
13315.418: [GC 13315.419: [ParNew: 2297889K->41677K(2534400K), 0.0391210 secs] 6940208K->4687387K(10982400K), 0.0395950 secs] [Times: user=0.24 sys=0.00, real=0.04 secs] 
13318.478: [GC 13318.478: [ParNew: 2294477K->65659K(2534400K), 0.0465930 secs] 6940187K->4713534K(10982400K), 0.0470560 secs] [Times: user=0.37 sys=0.00, real=0.05 secs] 
13322.740: [GC 13322.740: [ParNew: 2318459K->47130K(2534400K), 0.0338110 secs] 6966334K->4700371K(10982400K), 0.0342390 secs] [Times: user=0.21 sys=0.01, real=0.04 secs] 
13325.267: [GC 13325.267: [ParNew: 2299886K->25800K(2534400K), 0.0259620 secs] 6953127K->4681939K(10982400K), 0.0264090 secs] [Times: user=0.19 sys=0.01, real=0.02 secs] 
13328.261: [GC 13328.261: [ParNew: 2278600K->62672K(2534400K), 0.0380430 secs] 6934739K->4720229K(10982400K), 0.0384750 secs] [Times: user=0.44 sys=0.01, real=0.04 secs] 
13331.209: [GC 13331.210: [ParNew: 2315472K->62275K(2534400K), 0.0298920 secs] 6973029K->4721785K(10982400K), 0.0303540 secs] [Times: user=0.31 sys=0.00, real=0.03 secs] 
13335.355: [GC 13335.355: [ParNew: 2315075K->44757K(2534400K), 0.0298420 secs] 6974585K->4707590K(10982400K), 0.0303050 secs] [Times: user=0.22 sys=0.00, real=0.03 secs] 
13338.924: [GC 13338.924: [ParNew: 2297557K->35637K(2534400K), 0.0283590 secs] 6960390K->4699354K(10982400K), 0.0288230 secs] [Times: user=0.19 sys=0.00, real=0.03 secs] 
13341.778: [GC 13341.778: [ParNew: 2288437K->44773K(2534400K), 0.0323540 secs] 6952154K->4710592K(10982400K), 0.0328040 secs] [Times: user=0.23 sys=0.01, real=0.03 secs] 
13346.350: [GC 13346.351: [ParNew: 2297573K->36249K(2534400K), 0.0341030 secs] 6963392K->4703267K(10982400K), 0.0345650 secs] [Times: user=0.20 sys=0.00, real=0.03 secs] 
13351.907: [GC 13351.907: [ParNew: 2289049K->30606K(2534400K), 0.0388800 secs] 6956067K->4706865K(10982400K), 0.0393310 secs] [Times: user=0.22 sys=0.00, real=0.04 secs] 
13356.901: [GC 13356.902: [ParNew: 2283406K->28406K(2534400K), 0.0364850 secs] 6959665K->4705282K(10982400K), 0.0369530 secs] [Times: user=0.22 sys=0.00, real=0.04 secs] 
13360.308: [GC 13360.308: [ParNew: 2281194K->30269K(2534400K), 0.0259200 secs] 6958070K->4708364K(10982400K), 0.0263970 secs] [Times: user=0.20 sys=0.00, real=0.03 secs] 
13365.008: [GC 13365.008: [ParNew: 2283069K->44070K(2534400K), 0.0370450 secs] 6961164K->4724576K(10982400K), 0.0375980 secs] [Times: user=0.27 sys=0.00, real=0.04 secs] 
13370.069: [GC 13370.069: [ParNew: 2296870K->48758K(2534400K), 0.0445130 secs] 6977376K->4732859K(10982400K), 0.0450760 secs] [Times: user=0.34 sys=0.01, real=0.05 secs] 
13375.167: [GC 13375.168: [ParNew: 2301558K->42197K(2534400K), 0.0381560 secs] 6985659K->4728049K(10982400K), 0.0387870 secs] [Times: user=0.22 sys=0.01, real=0.04 secs] 
13377.143: [GC 13377.143: [ParNew: 2294997K->34987K(2534400K), 0.0357010 secs] 6980849K->4723615K(10982400K), 0.0362560 secs] [Times: user=0.20 sys=0.00, real=0.03 secs] 
13381.735: [GC 13381.735: [ParNew: 2287787K->52426K(2534400K), 0.0377620 secs] 6976415K->4743372K(10982400K), 0.0382960 secs] [Times: user=0.30 sys=0.00, real=0.04 secs] 
13385.104: [GC 13385.104: [ParNew: 2305226K->55392K(2534400K), 0.0334060 secs] 6996172K->4751411K(10982400K), 0.0339320 secs] [Times: user=0.31 sys=0.00, real=0.03 secs] 
13386.542: [GC 13386.543: [ParNew: 2308192K->78519K(2534400K), 0.0323830 secs] 7004211K->4779893K(10982400K), 0.0328690 secs] [Times: user=0.44 sys=0.00, real=0.04 secs] 
13388.767: [GC 13388.767: [ParNew: 2331319K->56383K(2534400K), 0.0275980 secs] 7032693K->4758554K(10982400K), 0.0281420 secs] [Times: user=0.24 sys=0.00, real=0.03 secs] 
13391.933: [GC 13391.933: [ParNew: 2309183K->63006K(2534400K), 0.0348080 secs] 7011354K->4768727K(10982400K), 0.0353890 secs] [Times: user=0.36 sys=0.00, real=0.04 secs] 
13395.247: [GC 13395.247: [ParNew: 2315806K->51843K(2534400K), 0.0316790 secs] 7021527K->4759036K(10982400K), 0.0321800 secs] [Times: user=0.25 sys=0.01, real=0.03 secs] 
13399.757: [GC 13399.757: [ParNew: 2304643K->35611K(2534400K), 0.0399700 secs] 7011836K->4743545K(10982400K), 0.0405430 secs] [Times: user=0.23 sys=0.00, real=0.04 secs] 
13404.293: [GC 13404.294: [ParNew: 2288404K->37008K(2534400K), 0.0348250 secs] 6996338K->4746225K(10982400K), 0.0353380 secs] [Times: user=0.22 sys=0.01, real=0.04 secs] 
13409.575: [GC 13409.575: [ParNew: 2289808K->37234K(2534400K), 0.0360590 secs] 6999025K->4747940K(10982400K), 0.0366190 secs] [Times: user=0.21 sys=0.00, real=0.04 secs] 
13416.309: [GC 13416.309: [ParNew: 2290034K->36859K(2534400K), 0.0427300 secs] 7000740K->4751850K(10982400K), 0.0432940 secs] [Times: user=0.23 sys=0.00, real=0.04 secs] 
13421.004: [GC 13421.004: [ParNew: 2289659K->78042K(2534400K), 0.0463110 secs] 7004650K->4797742K(10982400K), 0.0468900 secs] [Times: user=0.46 sys=0.00, real=0.05 secs] 
13423.242: [GC 13423.243: [ParNew: 2330842K->54905K(2534400K), 0.0258330 secs] 7050542K->4775717K(10982400K), 0.0263920 secs] [Times: user=0.18 sys=0.00, real=0.03 secs] 
13428.397: [GC 13428.398: [ParNew: 2307705K->43464K(2534400K), 0.0376090 secs] 7028517K->4766519K(10982400K), 0.0381950 secs] [Times: user=0.26 sys=0.00, real=0.04 secs] 
13432.671: [GC 13432.672: [ParNew: 2296264K->33946K(2534400K), 0.0343680 secs] 7019319K->4760660K(10982400K), 0.0349570 secs] [Times: user=0.22 sys=0.00, real=0.03 secs] 
13437.876: [GC 13437.876: [ParNew: 2286746K->55571K(2534400K), 0.0537670 secs] 7013460K->4783125K(10982400K), 0.0543470 secs] [Times: user=0.35 sys=0.00, real=0.05 secs] 
13441.606: [GC 13441.607: [ParNew: 2308371K->52454K(2534400K), 0.0496730 secs] 7035925K->4781279K(10982400K), 0.0502550 secs] [Times: user=0.28 sys=0.00, real=0.05 secs] 
13444.662: [GC 13444.662: [ParNew: 2305254K->36899K(2534400K), 0.0312920 secs] 7034079K->4766980K(10982400K), 0.0318560 secs] [Times: user=0.20 sys=0.00, real=0.03 secs] 
13451.941: [GC 13451.941: [ParNew: 2289699K->96371K(2534400K), 0.0935710 secs] 7019780K->4828172K(10982400K), 0.0941410 secs] [Times: user=0.44 sys=0.00, real=0.10 secs] 
13456.194: [GC 13456.194: [ParNew: 2349171K->67427K(2534400K), 0.0367310 secs] 7080972K->4801300K(10982400K), 0.0372880 secs] [Times: user=0.35 sys=0.00, real=0.03 secs] 
13459.863: [GC 13459.863: [ParNew: 2320227K->63516K(2534400K), 0.0350650 secs] 7054100K->4798914K(10982400K), 0.0355740 secs] [Times: user=0.31 sys=0.00, real=0.04 secs] 
13465.298: [GC 13465.298: [ParNew: 2316316K->81861K(2534400K), 0.0419760 secs] 7051714K->4819272K(10982400K), 0.0425560 secs] [Times: user=0.38 sys=0.01, real=0.04 secs] 
13468.500: [GC 13468.500: [ParNew: 2334661K->54357K(2534400K), 0.0404440 secs] 7072072K->4807228K(10982400K), 0.0410020 secs] [Times: user=0.29 sys=0.01, real=0.04 secs] 
13471.516: [GC 13471.516: [ParNew: 2307157K->73411K(2534400K), 0.0374360 secs] 7060028K->4828537K(10982400K), 0.0379930 secs] [Times: user=0.46 sys=0.00, real=0.04 secs] 
13476.777: [GC 13476.777: [ParNew: 2326211K->56932K(2534400K), 0.0368750 secs] 7081337K->4814321K(10982400K), 0.0374400 secs] [Times: user=0.20 sys=0.00, real=0.04 secs] 
13480.945: [GC 13480.945: [ParNew: 2309732K->50646K(2534400K), 0.0369930 secs] 7067121K->4808593K(10982400K), 0.0375400 secs] [Times: user=0.31 sys=0.01, real=0.04 secs] 
13484.998: [GC 13484.999: [ParNew: 2303435K->39712K(2534400K), 0.0324000 secs] 7061381K->4799381K(10982400K), 0.0329650 secs] [Times: user=0.20 sys=0.00, real=0.03 secs] 
13488.348: [GC 13488.349: [ParNew: 2292512K->28118K(2534400K), 0.0268570 secs] 7052181K->4788855K(10982400K), 0.0273520 secs] [Times: user=0.19 sys=0.00, real=0.02 secs] 
13492.935: [GC 13492.935: [ParNew: 2280918K->56447K(2534400K), 0.0515700 secs] 7041655K->4820579K(10982400K), 0.0521260 secs] [Times: user=0.29 sys=0.00, real=0.05 secs] 
13496.296: [GC 13496.297: [ParNew: 2309247K->33313K(2534400K), 0.0374440 secs] 7073379K->4801477K(10982400K), 0.0380270 secs] [Times: user=0.21 sys=0.00, real=0.04 secs] 
13504.188: [GC 13504.188: [ParNew: 2286113K->52550K(2534400K), 0.0534490 secs] 7054277K->4822451K(10982400K), 0.0540230 secs] [Times: user=0.33 sys=0.00, real=0.06 secs] 
13509.438: [GC 13509.439: [ParNew: 2305350K->54821K(2534400K), 0.0423400 secs] 7075251K->4825970K(10982400K), 0.0428890 secs] [Times: user=0.33 sys=0.01, real=0.04 secs] 
13513.638: [GC 13513.638: [ParNew: 2307621K->94014K(2534400K), 0.0406550 secs] 7078770K->4867377K(10982400K), 0.0412270 secs] [Times: user=0.36 sys=0.01, real=0.04 secs] 
13518.816: [GC 13518.817: [ParNew: 2346794K->94970K(2534400K), 0.0402450 secs] 7120157K->4869520K(10982400K), 0.0408070 secs] [Times: user=0.37 sys=0.00, real=0.04 secs] 
13523.828: [GC 13523.828: [ParNew: 2347770K->148310K(2534400K), 0.0515900 secs] 7122320K->4925954K(10982400K), 0.0521840 secs] [Times: user=0.57 sys=0.00, real=0.05 secs] 
13528.825: [GC 13528.825: [ParNew: 2401110K->146767K(2534400K), 0.0506380 secs] 7178754K->4925723K(10982400K), 0.0511770 secs] [Times: user=0.59 sys=0.00, real=0.05 secs] 
13535.491: [GC 13535.491: [ParNew: 2399567K->117763K(2534400K), 0.0838960 secs] 7178523K->4952552K(10982400K), 0.0844840 secs] [Times: user=0.63 sys=0.02, real=0.09 secs] 
13541.682: [GC 13541.682: [ParNew: 2370563K->58786K(2534400K), 0.0432720 secs] 7205352K->4895059K(10982400K), 0.0438810 secs] [Times: user=0.25 sys=0.00, real=0.04 secs] 
13546.104: [GC 13546.105: [ParNew: 2311586K->67583K(2534400K), 0.0478040 secs] 7147859K->4912051K(10982400K), 0.0483730 secs] [Times: user=0.43 sys=0.00, real=0.05 secs] 
13551.142: [GC 13551.142: [ParNew: 2320383K->145793K(2534400K), 0.0556640 secs] 7164851K->4993516K(10982400K), 0.0562370 secs] [Times: user=0.73 sys=0.00, real=0.06 secs] 
13555.396: [GC 13555.396: [ParNew: 2398593K->137913K(2534400K), 0.0520760 secs] 7246316K->4988429K(10982400K), 0.0526750 secs] [Times: user=0.65 sys=0.01, real=0.05 secs] 
13557.572: [GC 13557.573: [ParNew: 2390713K->141864K(2534400K), 0.0439830 secs] 7241229K->4993861K(10982400K), 0.0444970 secs] [Times: user=0.49 sys=0.01, real=0.04 secs] 
13564.949: [GC 13564.949: [ParNew: 2394664K->126793K(2534400K), 0.0710020 secs] 7246661K->4994260K(10982400K), 0.0715490 secs] [Times: user=0.52 sys=0.00, real=0.08 secs] 
13569.954: [GC 13569.954: [ParNew: 2379593K->87540K(2534400K), 0.0661300 secs] 7247060K->4995638K(10982400K), 0.0667130 secs] [Times: user=0.51 sys=0.00, real=0.07 secs] 
13576.876: [GC 13576.876: [ParNew: 2340340K->48616K(2534400K), 0.0557700 secs] 7248438K->4970823K(10982400K), 0.0563240 secs] [Times: user=0.33 sys=0.00, real=0.06 secs] 
13579.923: [GC 13579.923: [ParNew: 2301416K->62018K(2534400K), 0.0368450 secs] 7223623K->4993211K(10982400K), 0.0374150 secs] [Times: user=0.39 sys=0.00, real=0.03 secs] 
13583.341: [GC 13583.342: [ParNew: 2314818K->94836K(2534400K), 0.0418970 secs] 7246011K->5027466K(10982400K), 0.0424530 secs] [Times: user=0.49 sys=0.00, real=0.05 secs] 
13587.433: [GC 13587.434: [ParNew: 2347636K->67848K(2534400K), 0.0387520 secs] 7280266K->5003456K(10982400K), 0.0393640 secs] [Times: user=0.32 sys=0.00, real=0.04 secs] 
13592.033: [GC 13592.033: [ParNew: 2320648K->35620K(2534400K), 0.0336780 secs] 7256256K->4973774K(10982400K), 0.0341770 secs] [Times: user=0.18 sys=0.00, real=0.04 secs] 
13595.410: [GC 13595.410: [ParNew: 2288420K->77770K(2534400K), 0.0423670 secs] 7226574K->5017397K(10982400K), 0.0428720 secs] [Times: user=0.55 sys=0.00, real=0.04 secs] 
13597.865: [GC 13597.866: [ParNew: 2330570K->138189K(2534400K), 0.0457360 secs] 7270197K->5078214K(10982400K), 0.0462310 secs] [Times: user=0.68 sys=0.00, real=0.04 secs] 
13600.494: [GC 13600.494: [ParNew: 2390989K->103257K(2534400K), 0.0412240 secs] 7331014K->5045576K(10982400K), 0.0418890 secs] [Times: user=0.47 sys=0.01, real=0.05 secs] 
13605.795: [GC 13605.795: [ParNew: 2356057K->47207K(2534400K), 0.0493730 secs] 7298376K->4991209K(10982400K), 0.0499770 secs] [Times: user=0.45 sys=0.01, real=0.05 secs] 
13610.303: [GC 13610.304: [ParNew: 2300007K->46265K(2534400K), 0.0438340 secs] 7244009K->4991174K(10982400K), 0.0444270 secs] [Times: user=0.44 sys=0.00, real=0.05 secs] 
13616.029: [GC 13616.029: [ParNew: 2299065K->45551K(2534400K), 0.0609770 secs] 7243974K->4991451K(10982400K), 0.0615240 secs] [Times: user=0.64 sys=0.01, real=0.06 secs] 
13619.034: [GC 13619.035: [ParNew: 2298351K->49805K(2534400K), 0.0498850 secs] 7244251K->5003268K(10982400K), 0.0504280 secs] [Times: user=0.66 sys=0.01, real=0.05 secs] 
13621.695: [GC 13621.695: [ParNew: 2302605K->46237K(2534400K), 0.0365560 secs] 7256068K->5004052K(10982400K), 0.0371320 secs] [Times: user=0.24 sys=0.00, real=0.04 secs] 
13624.740: [GC 13624.740: [ParNew: 2299035K->32527K(2534400K), 0.0278390 secs] 7256850K->4995786K(10982400K), 0.0284040 secs] [Times: user=0.21 sys=0.00, real=0.02 secs] 
13630.098: [GC 13630.098: [ParNew: 2285327K->27115K(2534400K), 0.0394620 secs] 7248586K->4993546K(10982400K), 0.0400160 secs] [Times: user=0.20 sys=0.00, real=0.04 secs] 
13635.056: [GC 13635.057: [ParNew: 2279915K->27898K(2534400K), 0.0342980 secs] 7246346K->4996508K(10982400K), 0.0348050 secs] [Times: user=0.18 sys=0.01, real=0.04 secs] 
13639.626: [GC 13639.626: [ParNew: 2280698K->74839K(2534400K), 0.0412260 secs] 7249308K->5044381K(10982400K), 0.0417700 secs] [Times: user=0.45 sys=0.00, real=0.04 secs] 
13642.655: [GC 13642.656: [ParNew: 2327639K->55463K(2534400K), 0.0314970 secs] 7297181K->5025854K(10982400K), 0.0320220 secs] [Times: user=0.28 sys=0.00, real=0.03 secs] 
13645.362: [GC 13645.363: [ParNew: 2308263K->65308K(2534400K), 0.0323410 secs] 7278654K->5036957K(10982400K), 0.0329070 secs] [Times: user=0.39 sys=0.00, real=0.03 secs] 
13649.737: [GC 13649.737: [ParNew: 2318108K->54990K(2534400K), 0.0371980 secs] 7289757K->5029978K(10982400K), 0.0377580 secs] [Times: user=0.31 sys=0.00, real=0.04 secs] 
13655.638: [GC 13655.638: [ParNew: 2307790K->44441K(2534400K), 0.0387010 secs] 7282778K->5021050K(10982400K), 0.0392680 secs] [Times: user=0.19 sys=0.00, real=0.04 secs] 
13661.636: [GC 13661.636: [ParNew: 2297241K->50685K(2534400K), 0.0425270 secs] 7273850K->5028853K(10982400K), 0.0430680 secs] [Times: user=0.31 sys=0.00, real=0.04 secs] 
13666.581: [GC 13666.581: [ParNew: 2303485K->40727K(2534400K), 0.0341130 secs] 7281653K->5020145K(10982400K), 0.0346190 secs] [Times: user=0.21 sys=0.00, real=0.04 secs] 
13671.009: [GC 13671.009: [ParNew: 2293527K->41168K(2534400K), 0.0435250 secs] 7272945K->5022527K(10982400K), 0.0440270 secs] [Times: user=0.23 sys=0.00, real=0.04 secs] 
13676.226: [GC 13676.227: [ParNew: 2293968K->61619K(2534400K), 0.0462550 secs] 7275327K->5045711K(10982400K), 0.0468410 secs] [Times: user=0.37 sys=0.00, real=0.05 secs] 
13680.848: [GC 13680.849: [ParNew: 2314419K->60854K(2534400K), 0.0470000 secs] 7298511K->5050750K(10982400K), 0.0475930 secs] [Times: user=0.34 sys=0.00, real=0.04 secs] 
13681.705: [GC 13681.705: [ParNew: 2313637K->53399K(2534400K), 0.0255200 secs] 7303532K->5045749K(10982400K), 0.0260650 secs] [Times: user=0.32 sys=0.01, real=0.03 secs] 
13685.335: [GC 13685.335: [ParNew: 2306199K->44680K(2534400K), 0.0321910 secs] 7298549K->5041166K(10982400K), 0.0327620 secs] [Times: user=0.23 sys=0.00, real=0.03 secs] 
13689.855: [GC 13689.856: [ParNew: 2297480K->52983K(2534400K), 0.0403680 secs] 7293966K->5050757K(10982400K), 0.0409430 secs] [Times: user=0.35 sys=0.00, real=0.04 secs] 
13696.177: [GC 13696.177: [ParNew: 2305783K->42539K(2534400K), 0.0442810 secs] 7303557K->5041239K(10982400K), 0.0447920 secs] [Times: user=0.29 sys=0.01, real=0.05 secs] 
13700.870: [GC 13700.870: [ParNew: 2295339K->45205K(2534400K), 0.0399440 secs] 7294039K->5044100K(10982400K), 0.0404510 secs] [Times: user=0.23 sys=0.00, real=0.04 secs] 
13705.525: [GC 13705.525: [ParNew: 2298005K->61785K(2534400K), 0.0458310 secs] 7296900K->5061545K(10982400K), 0.0463360 secs] [Times: user=0.34 sys=0.00, real=0.04 secs] 
13711.544: [GC 13711.544: [ParNew: 2314585K->64502K(2534400K), 0.0417520 secs] 7314345K->5067110K(10982400K), 0.0422650 secs] [Times: user=0.30 sys=0.00, real=0.04 secs] 
13714.921: [GC 13714.921: [ParNew: 2317302K->72182K(2534400K), 0.0336650 secs] 7319910K->5076156K(10982400K), 0.0341840 secs] [Times: user=0.30 sys=0.01, real=0.04 secs] 
13718.118: [GC 13718.118: [ParNew: 2324982K->77392K(2534400K), 0.0475320 secs] 7328956K->5094953K(10982400K), 0.0481050 secs] [Times: user=0.42 sys=0.01, real=0.05 secs] 
13721.444: [GC 13721.444: [ParNew: 2330192K->92647K(2534400K), 0.0394450 secs] 7347753K->5115568K(10982400K), 0.0400110 secs] [Times: user=0.43 sys=0.00, real=0.04 secs] 
13725.257: [GC 13725.257: [ParNew: 2345447K->81898K(2534400K), 0.0398500 secs] 7368368K->5111459K(10982400K), 0.0404280 secs] [Times: user=0.33 sys=0.00, real=0.04 secs] 
13727.985: [GC 13727.985: [ParNew: 2334698K->60392K(2534400K), 0.0375810 secs] 7364259K->5103932K(10982400K), 0.0381770 secs] [Times: user=0.38 sys=0.01, real=0.03 secs] 
13731.489: [GC 13731.490: [ParNew: 2313192K->55294K(2534400K), 0.0414980 secs] 7356732K->5109575K(10982400K), 0.0420610 secs] [Times: user=0.39 sys=0.00, real=0.04 secs] 
13733.823: [GC 13733.825: [ParNew: 2308094K->65465K(2534400K), 0.0344980 secs] 7362375K->5120323K(10982400K), 0.0351420 secs] [Times: user=0.36 sys=0.00, real=0.04 secs] 
13737.100: [GC 13737.100: [ParNew: 2318265K->53494K(2534400K), 0.0425420 secs] 7373123K->5109158K(10982400K), 0.0431280 secs] [Times: user=0.28 sys=0.00, real=0.04 secs] 
13742.186: [GC 13742.186: [ParNew: 2306294K->56364K(2534400K), 0.0426570 secs] 7361958K->5112778K(10982400K), 0.0432360 secs] [Times: user=0.32 sys=0.00, real=0.05 secs] 
13746.635: [GC 13746.636: [ParNew: 2309164K->118766K(2534400K), 0.0592780 secs] 7365578K->5179284K(10982400K), 0.0598740 secs] [Times: user=0.69 sys=0.01, real=0.06 secs] 
13750.554: [GC 13750.555: [ParNew: 2371566K->89030K(2534400K), 0.0363450 secs] 7432084K->5150714K(10982400K), 0.0368530 secs] [Times: user=0.23 sys=0.00, real=0.04 secs] 
13752.886: [GC 13752.886: [ParNew: 2341830K->57573K(2534400K), 0.0370940 secs] 7403514K->5120132K(10982400K), 0.0376710 secs] [Times: user=0.45 sys=0.00, real=0.04 secs] 
13758.893: [GC 13758.893: [ParNew: 2310373K->46525K(2534400K), 0.0435030 secs] 7372932K->5111984K(10982400K), 0.0440930 secs] [Times: user=0.24 sys=0.01, real=0.04 secs] 
13764.698: [GC 13764.698: [ParNew: 2299325K->27170K(2534400K), 0.0371200 secs] 7364784K->5094019K(10982400K), 0.0377170 secs] [Times: user=0.23 sys=0.01, real=0.04 secs] 
13769.754: [GC 13769.754: [ParNew: 2279970K->33713K(2534400K), 0.0335950 secs] 7346819K->5102707K(10982400K), 0.0341120 secs] [Times: user=0.22 sys=0.00, real=0.03 secs] 
13769.790: [GC [1 CMS-initial-mark: 5068994K(8448000K)] 5102823K(10982400K), 0.0424370 secs] [Times: user=0.04 sys=0.00, real=0.05 secs] 
13775.247: [GC 13775.247: [ParNew: 2286512K->63125K(2534400K), 0.0450370 secs] 7355506K->5134324K(10982400K), 0.0456220 secs] [Times: user=0.41 sys=0.01, real=0.05 secs] 
13776.443: [GC[YG occupancy: 1280435 K (2534400 K)]13776.444: [Rescan (parallel) , 0.4006870 secs]13776.844: [weak refs processing, 0.2284230 secs] [1 CMS-remark: 5071199K(8448000K)] 6351634K(10982400K), 0.6316960 secs] [Times: user=8.33 sys=0.02, real=0.63 secs] 
13778.164: [GC 13778.165: [ParNew: 2315925K->58964K(2534400K), 0.0342460 secs] 7073395K->4819588K(10982400K), 0.0348320 secs] [Times: user=0.37 sys=0.01, real=0.03 secs] 
13783.622: [GC 13783.623: [ParNew: 2311764K->46566K(2534400K), 0.0389350 secs] 5530846K->3266684K(10982400K), 0.0394520 secs] [Times: user=0.28 sys=0.00, real=0.04 secs] 
13789.946: [GC 13789.947: [ParNew: 2299366K->37475K(2534400K), 0.0430260 secs] 5519484K->3259078K(10982400K), 0.0436070 secs] [Times: user=0.21 sys=0.01, real=0.04 secs] 
13795.290: [GC 13795.290: [ParNew: 2290275K->34113K(2534400K), 0.0355860 secs] 5511878K->3257889K(10982400K), 0.0361020 secs] [Times: user=0.20 sys=0.01, real=0.04 secs] 
13799.741: [GC 13799.742: [ParNew: 2286913K->36127K(2534400K), 0.0416770 secs] 5510689K->3262157K(10982400K), 0.0422710 secs] [Times: user=0.25 sys=0.00, real=0.04 secs] 
13804.390: [GC 13804.390: [ParNew: 2288927K->34424K(2534400K), 0.0311270 secs] 5514957K->3262375K(10982400K), 0.0317100 secs] [Times: user=0.20 sys=0.00, real=0.03 secs] 
13808.064: [GC 13808.064: [ParNew: 2287224K->29193K(2534400K), 0.0307390 secs] 5515175K->3259826K(10982400K), 0.0313330 secs] [Times: user=0.18 sys=0.00, real=0.03 secs] 
13813.614: [GC 13813.614: [ParNew: 2281993K->28457K(2534400K), 0.0362020 secs] 5512626K->3261312K(10982400K), 0.0367300 secs] [Times: user=0.21 sys=0.01, real=0.04 secs] 
13819.109: [GC 13819.110: [ParNew: 2281257K->28399K(2534400K), 0.0380520 secs] 5514112K->3262065K(10982400K), 0.0386290 secs] [Times: user=0.19 sys=0.00, real=0.03 secs] 
13823.679: [GC 13823.679: [ParNew: 2281199K->65585K(2534400K), 0.0427730 secs] 5514865K->3300783K(10982400K), 0.0433710 secs] [Times: user=0.42 sys=0.00, real=0.05 secs] 
13828.744: [GC 13828.744: [ParNew: 2318385K->87810K(2534400K), 0.0489560 secs] 5553583K->3324836K(10982400K), 0.0495490 secs] [Times: user=0.47 sys=0.00, real=0.05 secs] 
13834.273: [GC 13834.274: [ParNew: 2340610K->77619K(2534400K), 0.0409690 secs] 5577636K->3316251K(10982400K), 0.0414950 secs] [Times: user=0.26 sys=0.00, real=0.04 secs] 
13838.638: [GC 13838.638: [ParNew: 2330419K->73496K(2534400K), 0.0418760 secs] 5569051K->3313886K(10982400K), 0.0424520 secs] [Times: user=0.38 sys=0.00, real=0.04 secs] 
13842.897: [GC 13842.897: [ParNew: 2326296K->104941K(2534400K), 0.0519240 secs] 5566686K->3359016K(10982400K), 0.0524860 secs] [Times: user=0.54 sys=0.00, real=0.05 secs] 
13846.995: [GC 13846.995: [ParNew: 2357741K->87701K(2534400K), 0.0485200 secs] 5611816K->3355691K(10982400K), 0.0490810 secs] [Times: user=0.48 sys=0.01, real=0.05 secs] 
13850.957: [GC 13850.957: [ParNew: 2340501K->65866K(2534400K), 0.0291580 secs] 5608491K->3336323K(10982400K), 0.0297110 secs] [Times: user=0.25 sys=0.00, real=0.03 secs] 
13855.944: [GC 13855.945: [ParNew: 2318666K->36248K(2534400K), 0.0456890 secs] 5589123K->3321958K(10982400K), 0.0461990 secs] [Times: user=0.25 sys=0.00, real=0.04 secs] 
13858.788: [GC 13858.788: [ParNew: 2289048K->53610K(2534400K), 0.0366930 secs] 5574758K->3340791K(10982400K), 0.0371970 secs] [Times: user=0.33 sys=0.00, real=0.04 secs] 
13862.128: [GC 13862.128: [ParNew: 2306410K->41203K(2534400K), 0.0328700 secs] 5593591K->3330785K(10982400K), 0.0333340 secs] [Times: user=0.24 sys=0.01, real=0.03 secs] 
13867.178: [GC 13867.178: [ParNew: 2294003K->31160K(2534400K), 0.0347790 secs] 5583585K->3322681K(10982400K), 0.0352420 secs] [Times: user=0.21 sys=0.00, real=0.03 secs] 
13872.138: [GC 13872.138: [ParNew: 2283960K->44801K(2534400K), 0.0338320 secs] 5575481K->3337698K(10982400K), 0.0342940 secs] [Times: user=0.22 sys=0.00, real=0.03 secs] 
13875.594: [GC 13875.594: [ParNew: 2297601K->75601K(2534400K), 0.0311710 secs] 5590498K->3370332K(10982400K), 0.0317530 secs] [Times: user=0.33 sys=0.01, real=0.03 secs] 
13877.261: [GC 13877.261: [ParNew: 2328401K->53155K(2534400K), 0.0201230 secs] 5623132K->3350825K(10982400K), 0.0206690 secs] [Times: user=0.19 sys=0.00, real=0.02 secs] 
13878.966: [GC 13878.967: [ParNew: 2305955K->34503K(2534400K), 0.0206700 secs] 5603625K->3334968K(10982400K), 0.0212370 secs] [Times: user=0.21 sys=0.00, real=0.03 secs] 
13882.218: [GC 13882.219: [ParNew: 2287303K->28325K(2534400K), 0.0259850 secs] 5587768K->3332255K(10982400K), 0.0265520 secs] [Times: user=0.19 sys=0.01, real=0.02 secs] 
13887.359: [GC 13887.359: [ParNew: 2281125K->34976K(2534400K), 0.0379900 secs] 5585055K->3339913K(10982400K), 0.0385650 secs] [Times: user=0.23 sys=0.00, real=0.03 secs] 
13891.734: [GC 13891.734: [ParNew: 2287776K->30885K(2534400K), 0.0302190 secs] 5592713K->3337951K(10982400K), 0.0307960 secs] [Times: user=0.20 sys=0.00, real=0.03 secs] 
13898.300: [GC 13898.300: [ParNew: 2283685K->39542K(2534400K), 0.0386490 secs] 5590751K->3347898K(10982400K), 0.0391640 secs] [Times: user=0.23 sys=0.00, real=0.04 secs] 
13902.626: [GC 13902.627: [ParNew: 2292342K->67735K(2534400K), 0.0441460 secs] 5600698K->3377335K(10982400K), 0.0447320 secs] [Times: user=0.36 sys=0.00, real=0.05 secs] 
13906.693: [GC 13906.693: [ParNew: 2320535K->56303K(2534400K), 0.0348640 secs] 5630135K->3372823K(10982400K), 0.0354400 secs] [Times: user=0.29 sys=0.00, real=0.03 secs] 
13911.528: [GC 13911.528: [ParNew: 2309103K->61762K(2534400K), 0.0391790 secs] 5625623K->3380201K(10982400K), 0.0398690 secs] [Times: user=0.36 sys=0.00, real=0.04 secs] 
13916.029: [GC 13916.030: [ParNew: 2314562K->48152K(2534400K), 0.0391790 secs] 5633001K->3370515K(10982400K), 0.0397640 secs] [Times: user=0.25 sys=0.00, real=0.04 secs] 
13919.990: [GC 13919.991: [ParNew: 2300952K->37039K(2534400K), 0.0384240 secs] 5623315K->3362770K(10982400K), 0.0391240 secs] [Times: user=0.23 sys=0.00, real=0.04 secs] 
13926.171: [GC 13926.171: [ParNew: 2289839K->47209K(2534400K), 0.0380610 secs] 5615570K->3375445K(10982400K), 0.0386480 secs] [Times: user=0.25 sys=0.01, real=0.04 secs] 
13928.589: [GC 13928.590: [ParNew: 2300009K->65381K(2534400K), 0.0288770 secs] 5628245K->3394445K(10982400K), 0.0294490 secs] [Times: user=0.33 sys=0.00, real=0.03 secs] 
13932.616: [GC 13932.616: [ParNew: 2318181K->49285K(2534400K), 0.0355660 secs] 5647245K->3379257K(10982400K), 0.0360860 secs] [Times: user=0.28 sys=0.01, real=0.03 secs] 
13938.404: [GC 13938.405: [ParNew: 2301918K->50179K(2534400K), 0.0369640 secs] 5631890K->3381650K(10982400K), 0.0375250 secs] [Times: user=0.26 sys=0.00, real=0.04 secs] 
13942.200: [GC 13942.200: [ParNew: 2302979K->68603K(2534400K), 0.0398030 secs] 5634450K->3404171K(10982400K), 0.0403050 secs] [Times: user=0.41 sys=0.01, real=0.04 secs] 
13944.358: [GC 13944.358: [ParNew: 2321403K->59173K(2534400K), 0.0320460 secs] 5656971K->3396281K(10982400K), 0.0326950 secs] [Times: user=0.32 sys=0.00, real=0.04 secs] 
13946.728: [GC 13946.729: [ParNew: 2311973K->50283K(2534400K), 0.0275190 secs] 5649081K->3389544K(10982400K), 0.0280690 secs] [Times: user=0.26 sys=0.01, real=0.02 secs] 
13948.303: [GC 13948.304: [ParNew: 2303083K->78801K(2534400K), 0.0303520 secs] 5642344K->3419776K(10982400K), 0.0309390 secs] [Times: user=0.41 sys=0.00, real=0.03 secs] 
13949.700: [GC 13949.700: [ParNew: 2331601K->80708K(2534400K), 0.0277010 secs] 5672576K->3423211K(10982400K), 0.0282580 secs] [Times: user=0.36 sys=0.01, real=0.02 secs] 
13950.985: [GC 13950.985: [ParNew: 2333508K->76721K(2534400K), 0.0321510 secs] 5676011K->3425737K(10982400K), 0.0326890 secs] [Times: user=0.38 sys=0.00, real=0.03 secs] 
13953.295: [GC 13953.295: [ParNew: 2329521K->83210K(2534400K), 0.0312750 secs] 5678537K->3433337K(10982400K), 0.0318400 secs] [Times: user=0.42 sys=0.00, real=0.03 secs] 
13955.369: [GC 13955.370: [ParNew: 2336010K->61688K(2534400K), 0.0262560 secs] 5686137K->3412177K(10982400K), 0.0267630 secs] [Times: user=0.30 sys=0.00, real=0.02 secs] 
13959.085: [GC 13959.085: [ParNew: 2314488K->32427K(2534400K), 0.0306260 secs] 5664977K->3384000K(10982400K), 0.0312050 secs] [Times: user=0.19 sys=0.00, real=0.03 secs] 
13961.472: [GC 13961.473: [ParNew: 2285227K->54080K(2534400K), 0.0319470 secs] 5636800K->3405826K(10982400K), 0.0325550 secs] [Times: user=0.34 sys=0.00, real=0.03 secs] 
13964.142: [GC 13964.143: [ParNew: 2306880K->47419K(2534400K), 0.0259330 secs] 5658626K->3400068K(10982400K), 0.0265100 secs] [Times: user=0.27 sys=0.00, real=0.02 secs] 
13966.604: [GC 13966.605: [ParNew: 2300219K->48575K(2534400K), 0.0298980 secs] 5652868K->3402327K(10982400K), 0.0304810 secs] [Times: user=0.26 sys=0.00, real=0.03 secs] 
13971.069: [GC 13971.069: [ParNew: 2301375K->51947K(2534400K), 0.0348120 secs] 5655127K->3410739K(10982400K), 0.0353640 secs] [Times: user=0.30 sys=0.00, real=0.04 secs] 
13975.111: [GC 13975.111: [ParNew: 2304747K->78272K(2534400K), 0.0453800 secs] 5663539K->3439564K(10982400K), 0.0459660 secs] [Times: user=0.46 sys=0.01, real=0.05 secs] 
13978.393: [GC 13978.393: [ParNew: 2331072K->59920K(2534400K), 0.0429570 secs] 5692364K->3426779K(10982400K), 0.0435310 secs] [Times: user=0.26 sys=0.00, real=0.04 secs] 
13982.020: [GC 13982.020: [ParNew: 2312720K->41789K(2534400K), 0.0349160 secs] 5679579K->3414997K(10982400K), 0.0354920 secs] [Times: user=0.28 sys=0.00, real=0.04 secs] 
13987.648: [GC 13987.648: [ParNew: 2294589K->34946K(2534400K), 0.0387690 secs] 5667797K->3413911K(10982400K), 0.0392830 secs] [Times: user=0.23 sys=0.00, real=0.04 secs] 
13991.424: [GC 13991.424: [ParNew: 2287746K->25680K(2534400K), 0.0281540 secs] 5666711K->3407196K(10982400K), 0.0287460 secs] [Times: user=0.20 sys=0.00, real=0.03 secs] 
13993.986: [GC 13993.986: [ParNew: 2278480K->51214K(2534400K), 0.0343650 secs] 5659996K->3435611K(10982400K), 0.0349420 secs] [Times: user=0.36 sys=0.01, real=0.03 secs] 
13996.480: [GC 13996.480: [ParNew: 2304014K->81308K(2534400K), 0.0363120 secs] 5688411K->3466742K(10982400K), 0.0368760 secs] [Times: user=0.42 sys=0.00, real=0.04 secs] 
13999.927: [GC 13999.927: [ParNew: 2334108K->61796K(2534400K), 0.0335660 secs] 5719542K->3449285K(10982400K), 0.0340760 secs] [Times: user=0.32 sys=0.01, real=0.03 secs] 
14003.799: [GC 14003.799: [ParNew: 2314596K->61653K(2534400K), 0.0330610 secs] 5702085K->3451104K(10982400K), 0.0336470 secs] [Times: user=0.27 sys=0.01, real=0.03 secs] 
14008.013: [GC 14008.013: [ParNew: 2314453K->68809K(2534400K), 0.0498780 secs] 5703904K->3472844K(10982400K), 0.0504570 secs] [Times: user=0.40 sys=0.00, real=0.05 secs] 
14014.199: [GC 14014.200: [ParNew: 2321609K->53039K(2534400K), 0.0426560 secs] 5725644K->3460031K(10982400K), 0.0432360 secs] [Times: user=0.32 sys=0.01, real=0.04 secs] 
14020.395: [GC 14020.395: [ParNew: 2305839K->44301K(2534400K), 0.0401580 secs] 5712831K->3452795K(10982400K), 0.0407430 secs] [Times: user=0.22 sys=0.00, real=0.04 secs] 
14025.994: [GC 14025.995: [ParNew: 2297101K->44664K(2534400K), 0.0395540 secs] 5705595K->3453914K(10982400K), 0.0401520 secs] [Times: user=0.22 sys=0.00, real=0.04 secs] 
14030.306: [GC 14030.307: [ParNew: 2297464K->52041K(2534400K), 0.0349160 secs] 5706714K->3464870K(10982400K), 0.0354440 secs] [Times: user=0.27 sys=0.00, real=0.04 secs] 
14035.285: [GC 14035.285: [ParNew: 2304841K->39864K(2534400K), 0.0346700 secs] 5717670K->3454060K(10982400K), 0.0352650 secs] [Times: user=0.21 sys=0.00, real=0.03 secs] 
14037.666: [GC 14037.666: [ParNew: 2292664K->47817K(2534400K), 0.0389060 secs] 5706860K->3465592K(10982400K), 0.0394420 secs] [Times: user=0.32 sys=0.00, real=0.04 secs] 
14042.216: [GC 14042.216: [ParNew: 2300617K->64446K(2534400K), 0.0439870 secs] 5718392K->3487550K(10982400K), 0.0445950 secs] [Times: user=0.38 sys=0.00, real=0.04 secs] 
14046.578: [GC 14046.578: [ParNew: 2317246K->83453K(2534400K), 0.0537050 secs] 5740350K->3508912K(10982400K), 0.0543120 secs] [Times: user=0.43 sys=0.00, real=0.05 secs] 
14051.197: [GC 14051.197: [ParNew: 2336253K->57163K(2534400K), 0.0399950 secs] 5761712K->3483725K(10982400K), 0.0406000 secs] [Times: user=0.24 sys=0.00, real=0.04 secs] 
14054.782: [GC 14054.783: [ParNew: 2309963K->41757K(2534400K), 0.0312460 secs] 5736525K->3469180K(10982400K), 0.0318360 secs] [Times: user=0.23 sys=0.00, real=0.03 secs] 
14060.266: [GC 14060.266: [ParNew: 2294558K->44593K(2534400K), 0.0406130 secs] 5721982K->3473276K(10982400K), 0.0412070 secs] [Times: user=0.28 sys=0.00, real=0.04 secs] 
14060.309: [GC 14060.309: [ParNew: 45722K->41472K(2534400K), 0.0150380 secs] 3474404K->3472283K(10982400K), 0.0154270 secs] [Times: user=0.25 sys=0.00, real=0.02 secs] 
14064.011: [GC 14064.012: [ParNew: 2294272K->35469K(2534400K), 0.0309920 secs] 5725083K->3469614K(10982400K), 0.0315780 secs] [Times: user=0.20 sys=0.00, real=0.03 secs] 
14071.106: [GC 14071.107: [ParNew: 2288269K->51459K(2534400K), 0.0474580 secs] 5722414K->3487038K(10982400K), 0.0480660 secs] [Times: user=0.34 sys=0.01, real=0.05 secs] 
14076.257: [GC 14076.258: [ParNew: 2304259K->40732K(2534400K), 0.0382400 secs] 5739838K->3478580K(10982400K), 0.0388230 secs] [Times: user=0.22 sys=0.00, real=0.04 secs] 
14081.668: [GC 14081.668: [ParNew: 2293532K->45341K(2534400K), 0.0397780 secs] 5731380K->3483190K(10982400K), 0.0403630 secs] [Times: user=0.30 sys=0.00, real=0.04 secs] 
14088.513: [GC 14088.513: [ParNew: 2298141K->40495K(2534400K), 0.0467950 secs] 5735990K->3479445K(10982400K), 0.0473250 secs] [Times: user=0.30 sys=0.00, real=0.05 secs] 
14093.412: [GC 14093.412: [ParNew: 2293295K->35136K(2534400K), 0.0446180 secs] 5732245K->3483054K(10982400K), 0.0452190 secs] [Times: user=0.27 sys=0.01, real=0.04 secs] 
14098.138: [GC 14098.138: [ParNew: 2287936K->41747K(2534400K), 0.0477800 secs] 5735854K->3490608K(10982400K), 0.0483740 secs] [Times: user=0.21 sys=0.00, real=0.05 secs] 
14103.097: [GC 14103.097: [ParNew: 2294547K->134139K(2534400K), 0.1087560 secs] 5743408K->3584030K(10982400K), 0.1092920 secs] [Times: user=0.47 sys=0.01, real=0.11 secs] 
14107.155: [GC 14107.155: [ParNew: 2386939K->90785K(2534400K), 0.0903320 secs] 5836830K->3543534K(10982400K), 0.0908990 secs] [Times: user=0.33 sys=0.01, real=0.09 secs] 
14111.509: [GC 14111.509: [ParNew: 2343585K->65460K(2534400K), 0.0378260 secs] 5796334K->3519557K(10982400K), 0.0384190 secs] [Times: user=0.44 sys=0.00, real=0.04 secs] 
14116.059: [GC 14116.059: [ParNew: 2318260K->69820K(2534400K), 0.0418540 secs] 5772357K->3525345K(10982400K), 0.0424550 secs] [Times: user=0.33 sys=0.00, real=0.04 secs] 
14121.186: [GC 14121.186: [ParNew: 2322620K->51970K(2534400K), 0.0414580 secs] 5778145K->3512765K(10982400K), 0.0419900 secs] [Times: user=0.24 sys=0.00, real=0.04 secs] 
14124.298: [GC 14124.298: [ParNew: 2304770K->49181K(2534400K), 0.0316140 secs] 5765565K->3511138K(10982400K), 0.0321400 secs] [Times: user=0.30 sys=0.01, real=0.03 secs] 
14127.945: [GC 14127.945: [ParNew: 2301981K->75250K(2534400K), 0.0401470 secs] 5763938K->3538681K(10982400K), 0.0407630 secs] [Times: user=0.40 sys=0.01, real=0.05 secs] 
14132.762: [GC 14132.762: [ParNew: 2328050K->60857K(2534400K), 0.0389260 secs] 5791481K->3525931K(10982400K), 0.0395190 secs] [Times: user=0.32 sys=0.00, real=0.04 secs] 
14140.000: [GC 14140.001: [ParNew: 2313657K->59514K(2534400K), 0.0486470 secs] 5778731K->3526088K(10982400K), 0.0491870 secs] [Times: user=0.36 sys=0.00, real=0.05 secs] 
14143.246: [GC 14143.246: [ParNew: 2312314K->44576K(2534400K), 0.0328190 secs] 5778888K->3512365K(10982400K), 0.0333960 secs] [Times: user=0.28 sys=0.00, real=0.04 secs] 
14147.635: [GC 14147.635: [ParNew: 2297376K->37993K(2534400K), 0.0358220 secs] 5765165K->3506525K(10982400K), 0.0364230 secs] [Times: user=0.21 sys=0.00, real=0.04 secs] 
14151.487: [GC 14151.488: [ParNew: 2290793K->30285K(2534400K), 0.0341890 secs] 5759325K->3499912K(10982400K), 0.0347790 secs] [Times: user=0.20 sys=0.01, real=0.04 secs] 
14155.586: [GC 14155.586: [ParNew: 2283085K->30749K(2534400K), 0.0370300 secs] 5752712K->3504436K(10982400K), 0.0376220 secs] [Times: user=0.21 sys=0.00, real=0.04 secs] 
14159.260: [GC 14159.261: [ParNew: 2283549K->56260K(2534400K), 0.0420340 secs] 5757236K->3532307K(10982400K), 0.0425710 secs] [Times: user=0.36 sys=0.01, real=0.04 secs] 
14163.941: [GC 14163.941: [ParNew: 2309060K->42787K(2534400K), 0.0382950 secs] 5785107K->3520749K(10982400K), 0.0388900 secs] [Times: user=0.19 sys=0.00, real=0.03 secs] 
14167.960: [GC 14167.960: [ParNew: 2295587K->54753K(2534400K), 0.0405520 secs] 5773549K->3534938K(10982400K), 0.0410760 secs] [Times: user=0.46 sys=0.00, real=0.04 secs] 
14174.034: [GC 14174.034: [ParNew: 2307553K->80906K(2534400K), 0.0493350 secs] 5787738K->3562653K(10982400K), 0.0499340 secs] [Times: user=0.44 sys=0.00, real=0.05 secs] 
14178.211: [GC 14178.211: [ParNew: 2333706K->58048K(2534400K), 0.0376400 secs] 5815453K->3540590K(10982400K), 0.0381660 secs] [Times: user=0.27 sys=0.00, real=0.04 secs] 
14182.805: [GC 14182.806: [ParNew: 2310848K->35171K(2534400K), 0.0332910 secs] 5793390K->3519542K(10982400K), 0.0338820 secs] [Times: user=0.20 sys=0.01, real=0.03 secs] 
14188.897: [GC 14188.898: [ParNew: 2287971K->35424K(2534400K), 0.0383690 secs] 5772342K->3523343K(10982400K), 0.0389770 secs] [Times: user=0.24 sys=0.01, real=0.04 secs] 
14195.319: [GC 14195.319: [ParNew: 2288224K->36472K(2534400K), 0.0397830 secs] 5776143K->3527287K(10982400K), 0.0404100 secs] [Times: user=0.21 sys=0.00, real=0.04 secs] 
14199.717: [GC 14199.718: [ParNew: 2289272K->31889K(2534400K), 0.0303350 secs] 5780087K->3525613K(10982400K), 0.0309170 secs] [Times: user=0.20 sys=0.00, real=0.03 secs] 
14205.179: [GC 14205.180: [ParNew: 2284689K->53886K(2534400K), 0.0455770 secs] 5778413K->3549531K(10982400K), 0.0461750 secs] [Times: user=0.40 sys=0.00, real=0.04 secs] 
14209.681: [GC 14209.681: [ParNew: 2306686K->42244K(2534400K), 0.0322090 secs] 5802331K->3540100K(10982400K), 0.0327340 secs] [Times: user=0.22 sys=0.00, real=0.03 secs] 
14214.536: [GC 14214.536: [ParNew: 2295044K->38339K(2534400K), 0.0380900 secs] 5792900K->3537980K(10982400K), 0.0386930 secs] [Times: user=0.22 sys=0.00, real=0.04 secs] 
14217.164: [GC 14217.164: [ParNew: 2291139K->69871K(2534400K), 0.0394710 secs] 5790780K->3573784K(10982400K), 0.0400530 secs] [Times: user=0.29 sys=0.00, real=0.04 secs] 
14221.739: [GC 14221.739: [ParNew: 2322671K->55845K(2534400K), 0.0372290 secs] 5826584K->3563961K(10982400K), 0.0377530 secs] [Times: user=0.24 sys=0.01, real=0.04 secs] 
14226.075: [GC 14226.075: [ParNew: 2308641K->30619K(2534400K), 0.0310810 secs] 5816756K->3540189K(10982400K), 0.0316080 secs] [Times: user=0.20 sys=0.01, real=0.03 secs] 
14231.785: [GC 14231.785: [ParNew: 2283419K->48107K(2534400K), 0.0388100 secs] 5792989K->3559970K(10982400K), 0.0393370 secs] [Times: user=0.31 sys=0.01, real=0.04 secs] 
14236.617: [GC 14236.617: [ParNew: 2300907K->37161K(2534400K), 0.0315400 secs] 5812770K->3550153K(10982400K), 0.0320680 secs] [Times: user=0.19 sys=0.00, real=0.03 secs] 
14241.124: [GC 14241.125: [ParNew: 2289961K->76272K(2534400K), 0.0489020 secs] 5802953K->3590874K(10982400K), 0.0495160 secs] [Times: user=0.52 sys=0.01, real=0.05 secs] 
14246.515: [GC 14246.516: [ParNew: 2329072K->82960K(2534400K), 0.0423760 secs] 5843674K->3600088K(10982400K), 0.0429080 secs] [Times: user=0.38 sys=0.00, real=0.04 secs] 
14249.208: [GC 14249.208: [ParNew: 2335760K->75153K(2534400K), 0.0355030 secs] 5852888K->3593234K(10982400K), 0.0360320 secs] [Times: user=0.40 sys=0.01, real=0.04 secs] 
14252.007: [GC 14252.007: [ParNew: 2327953K->58238K(2534400K), 0.0307640 secs] 5846034K->3578399K(10982400K), 0.0312830 secs] [Times: user=0.20 sys=0.01, real=0.03 secs] 
14253.208: [GC 14253.208: [ParNew: 2311038K->27095K(2534400K), 0.0189870 secs] 5831199K->3549059K(10982400K), 0.0194980 secs] [Times: user=0.18 sys=0.00, real=0.02 secs] 
14255.843: [GC 14255.843: [ParNew: 2279895K->34852K(2534400K), 0.0271990 secs] 5801859K->3559135K(10982400K), 0.0277920 secs] [Times: user=0.23 sys=0.00, real=0.03 secs] 
14258.439: [GC 14258.439: [ParNew: 2287652K->63003K(2534400K), 0.0347830 secs] 5811935K->3589327K(10982400K), 0.0353170 secs] [Times: user=0.42 sys=0.00, real=0.03 secs] 
14264.513: [GC 14264.513: [ParNew: 2315803K->51299K(2534400K), 0.0464250 secs] 5842127K->3580083K(10982400K), 0.0470340 secs] [Times: user=0.27 sys=0.00, real=0.05 secs] 
14269.805: [GC 14269.806: [ParNew: 2304099K->47766K(2534400K), 0.0380610 secs] 5832883K->3577050K(10982400K), 0.0386840 secs] [Times: user=0.29 sys=0.00, real=0.04 secs] 
14274.539: [GC 14274.540: [ParNew: 2300566K->79182K(2534400K), 0.0442710 secs] 5829850K->3611073K(10982400K), 0.0448890 secs] [Times: user=0.43 sys=0.00, real=0.04 secs] 
14277.874: [GC 14277.874: [ParNew: 2331982K->87996K(2534400K), 0.0471430 secs] 5863873K->3623556K(10982400K), 0.0476750 secs] [Times: user=0.43 sys=0.00, real=0.05 secs] 
14282.969: [GC 14282.970: [ParNew: 2340796K->62388K(2534400K), 0.0427980 secs] 5876356K->3601206K(10982400K), 0.0434210 secs] [Times: user=0.36 sys=0.00, real=0.04 secs] 
14287.978: [GC 14287.979: [ParNew: 2315188K->41113K(2534400K), 0.0379820 secs] 5854006K->3584460K(10982400K), 0.0385730 secs] [Times: user=0.24 sys=0.00, real=0.04 secs] 
14293.422: [GC 14293.422: [ParNew: 2293913K->51866K(2534400K), 0.0429330 secs] 5837260K->3596707K(10982400K), 0.0435410 secs] [Times: user=0.35 sys=0.00, real=0.04 secs] 
14300.446: [GC 14300.447: [ParNew: 2304666K->45890K(2534400K), 0.0452700 secs] 5849507K->3593247K(10982400K), 0.0458550 secs] [Times: user=0.27 sys=0.00, real=0.05 secs] 
14305.198: [GC 14305.199: [ParNew: 2298690K->72325K(2534400K), 0.0446600 secs] 5846047K->3622901K(10982400K), 0.0452660 secs] [Times: user=0.41 sys=0.01, real=0.05 secs] 
14309.122: [GC 14309.122: [ParNew: 2325125K->85566K(2534400K), 0.0409370 secs] 5875701K->3640059K(10982400K), 0.0415280 secs] [Times: user=0.40 sys=0.00, real=0.05 secs] 
14313.467: [GC 14313.467: [ParNew: 2338366K->85022K(2534400K), 0.0403720 secs] 5892859K->3642442K(10982400K), 0.0409750 secs] [Times: user=0.41 sys=0.00, real=0.04 secs] 
14318.284: [GC 14318.284: [ParNew: 2337822K->69484K(2534400K), 0.0382600 secs] 5895242K->3628750K(10982400K), 0.0388060 secs] [Times: user=0.32 sys=0.00, real=0.04 secs] 
14321.230: [GC 14321.230: [ParNew: 2322284K->78202K(2534400K), 0.0386760 secs] 5881550K->3641146K(10982400K), 0.0392040 secs] [Times: user=0.38 sys=0.01, real=0.04 secs] 
14325.683: [GC 14325.683: [ParNew: 2331002K->53411K(2534400K), 0.0332430 secs] 5893946K->3620085K(10982400K), 0.0337800 secs] [Times: user=0.18 sys=0.00, real=0.04 secs] 
14329.828: [GC 14329.829: [ParNew: 2306211K->46853K(2534400K), 0.0402790 secs] 5872885K->3615748K(10982400K), 0.0408860 secs] [Times: user=0.40 sys=0.01, real=0.04 secs] 
14333.910: [GC 14333.911: [ParNew: 2299640K->59945K(2534400K), 0.0374620 secs] 5868535K->3630277K(10982400K), 0.0380570 secs] [Times: user=0.33 sys=0.00, real=0.04 secs] 
14337.374: [GC 14337.375: [ParNew: 2312745K->99512K(2534400K), 0.0548540 secs] 5883077K->3673607K(10982400K), 0.0554130 secs] [Times: user=0.61 sys=0.00, real=0.06 secs] 
14340.437: [GC 14340.437: [ParNew: 2352312K->85347K(2534400K), 0.0425470 secs] 5926407K->3660734K(10982400K), 0.0431400 secs] [Times: user=0.41 sys=0.01, real=0.05 secs] 
14343.269: [GC 14343.269: [ParNew: 2338147K->66013K(2534400K), 0.0336920 secs] 5913534K->3643348K(10982400K), 0.0342660 secs] [Times: user=0.34 sys=0.00, real=0.03 secs] 
14347.951: [GC 14347.951: [ParNew: 2318813K->52955K(2534400K), 0.0389550 secs] 5896148K->3632874K(10982400K), 0.0395570 secs] [Times: user=0.20 sys=0.00, real=0.04 secs] 
14351.858: [GC 14351.858: [ParNew: 2305750K->43655K(2534400K), 0.0378580 secs] 5885669K->3624668K(10982400K), 0.0384450 secs] [Times: user=0.25 sys=0.00, real=0.04 secs] 
14355.064: [GC 14355.064: [ParNew: 2296455K->75909K(2534400K), 0.0398120 secs] 5877468K->3658540K(10982400K), 0.0404030 secs] [Times: user=0.44 sys=0.00, real=0.04 secs] 
14358.458: [GC 14358.459: [ParNew: 2328709K->61974K(2534400K), 0.0365470 secs] 5911340K->3647259K(10982400K), 0.0370810 secs] [Times: user=0.33 sys=0.00, real=0.04 secs] 
14362.109: [GC 14362.110: [ParNew: 2314774K->108176K(2534400K), 0.0486020 secs] 5900059K->3696240K(10982400K), 0.0492000 secs] [Times: user=0.59 sys=0.00, real=0.05 secs] 
14365.900: [GC 14365.900: [ParNew: 2360976K->85284K(2534400K), 0.0404220 secs] 5949040K->3674820K(10982400K), 0.0410270 secs] [Times: user=0.35 sys=0.00, real=0.04 secs] 
14370.214: [GC 14370.215: [ParNew: 2338084K->61885K(2534400K), 0.0331060 secs] 5927620K->3652057K(10982400K), 0.0337190 secs] [Times: user=0.20 sys=0.00, real=0.03 secs] 
14374.548: [GC 14374.548: [ParNew: 2314685K->70646K(2534400K), 0.0393790 secs] 5904857K->3662171K(10982400K), 0.0399630 secs] [Times: user=0.41 sys=0.01, real=0.04 secs] 
14379.363: [GC 14379.363: [ParNew: 2323446K->62968K(2534400K), 0.0464950 secs] 5914971K->3655512K(10982400K), 0.0470970 secs] [Times: user=0.26 sys=0.00, real=0.05 secs] 
14382.659: [GC 14382.659: [ParNew: 2315767K->42513K(2534400K), 0.0329550 secs] 5908311K->3640449K(10982400K), 0.0335530 secs] [Times: user=0.30 sys=0.00, real=0.03 secs] 
14385.769: [GC 14385.769: [ParNew: 2295313K->46265K(2534400K), 0.0335730 secs] 5893249K->3645687K(10982400K), 0.0340900 secs] [Times: user=0.31 sys=0.00, real=0.03 secs] 
14389.296: [GC 14389.296: [ParNew: 2299065K->34010K(2534400K), 0.0313070 secs] 5898487K->3638346K(10982400K), 0.0318890 secs] [Times: user=0.19 sys=0.00, real=0.03 secs] 
14393.853: [GC 14393.854: [ParNew: 2286810K->37710K(2534400K), 0.0358330 secs] 5891146K->3644454K(10982400K), 0.0364380 secs] [Times: user=0.25 sys=0.01, real=0.04 secs] 
14398.752: [GC 14398.752: [ParNew: 2290510K->57427K(2534400K), 0.0473290 secs] 5897254K->3665056K(10982400K), 0.0479190 secs] [Times: user=0.34 sys=0.00, real=0.05 secs] 
14404.949: [GC 14404.949: [ParNew: 2310227K->44188K(2534400K), 0.0420290 secs] 5917856K->3653802K(10982400K), 0.0426270 secs] [Times: user=0.24 sys=0.00, real=0.04 secs] 
14410.458: [GC 14410.458: [ParNew: 2296988K->54666K(2534400K), 0.0478700 secs] 5906602K->3665191K(10982400K), 0.0484620 secs] [Times: user=0.36 sys=0.00, real=0.05 secs] 
14414.617: [GC 14414.617: [ParNew: 2307466K->102239K(2534400K), 0.0461860 secs] 5917991K->3714026K(10982400K), 0.0467840 secs] [Times: user=0.54 sys=0.01, real=0.05 secs] 
14419.200: [GC 14419.200: [ParNew: 2355039K->76802K(2534400K), 0.0373590 secs] 5966826K->3689632K(10982400K), 0.0378860 secs] [Times: user=0.24 sys=0.01, real=0.04 secs] 
14423.721: [GC 14423.721: [ParNew: 2329602K->65797K(2534400K), 0.0422480 secs] 5942432K->3680090K(10982400K), 0.0428670 secs] [Times: user=0.38 sys=0.00, real=0.04 secs] 
14427.486: [GC 14427.487: [ParNew: 2318597K->67740K(2534400K), 0.0396970 secs] 5932890K->3689464K(10982400K), 0.0403000 secs] [Times: user=0.36 sys=0.01, real=0.04 secs] 
14432.172: [GC 14432.172: [ParNew: 2320540K->48964K(2534400K), 0.0341860 secs] 5942264K->3673710K(10982400K), 0.0348000 secs] [Times: user=0.26 sys=0.00, real=0.04 secs] 
14438.464: [GC 14438.464: [ParNew: 2301764K->33187K(2534400K), 0.0450840 secs] 5926510K->3660252K(10982400K), 0.0457010 secs] [Times: user=0.28 sys=0.01, real=0.04 secs] 
14443.448: [GC 14443.448: [ParNew: 2285987K->52514K(2534400K), 0.0443750 secs] 5913052K->3682238K(10982400K), 0.0449720 secs] [Times: user=0.37 sys=0.00, real=0.04 secs] 
14450.121: [GC 14450.122: [ParNew: 2305314K->42378K(2534400K), 0.0401120 secs] 5935038K->3672932K(10982400K), 0.0407270 secs] [Times: user=0.21 sys=0.00, real=0.04 secs] 
14453.779: [GC 14453.779: [ParNew: 2295178K->26674K(2534400K), 0.0301070 secs] 5925732K->3658210K(10982400K), 0.0307120 secs] [Times: user=0.18 sys=0.00, real=0.03 secs] 
14458.202: [GC 14458.202: [ParNew: 2279474K->49816K(2534400K), 0.0426790 secs] 5911010K->3682459K(10982400K), 0.0432170 secs] [Times: user=0.32 sys=0.00, real=0.04 secs] 
14463.181: [GC 14463.182: [ParNew: 2302616K->60576K(2534400K), 0.0422150 secs] 5935259K->3693941K(10982400K), 0.0428020 secs] [Times: user=0.32 sys=0.00, real=0.04 secs] 
14466.794: [GC 14466.794: [ParNew: 2313376K->44447K(2534400K), 0.0376270 secs] 5946741K->3679842K(10982400K), 0.0382350 secs] [Times: user=0.30 sys=0.00, real=0.04 secs] 
14470.640: [GC 14470.641: [ParNew: 2297247K->35254K(2534400K), 0.0362590 secs] 5932642K->3672135K(10982400K), 0.0368690 secs] [Times: user=0.22 sys=0.01, real=0.03 secs] 
14478.731: [GC 14478.731: [ParNew: 2288054K->33635K(2534400K), 0.0470550 secs] 5924935K->3671357K(10982400K), 0.0476000 secs] [Times: user=0.26 sys=0.00, real=0.04 secs] 
14483.260: [GC 14483.261: [ParNew: 2286435K->35242K(2534400K), 0.0374560 secs] 5924157K->3674117K(10982400K), 0.0380740 secs] [Times: user=0.22 sys=0.00, real=0.03 secs] 
14489.655: [GC 14489.655: [ParNew: 2288042K->44467K(2534400K), 0.0416440 secs] 5926917K->3684399K(10982400K), 0.0422790 secs] [Times: user=0.22 sys=0.00, real=0.04 secs] 
14494.019: [GC 14494.020: [ParNew: 2297267K->61082K(2534400K), 0.0404770 secs] 5937199K->3703134K(10982400K), 0.0410940 secs] [Times: user=0.37 sys=0.00, real=0.04 secs] 
14496.459: [GC 14496.459: [ParNew: 2313882K->62296K(2534400K), 0.0312680 secs] 5955934K->3706412K(10982400K), 0.0318580 secs] [Times: user=0.33 sys=0.01, real=0.03 secs] 
14500.528: [GC 14500.528: [ParNew: 2315096K->47913K(2534400K), 0.0364000 secs] 5959212K->3698265K(10982400K), 0.0370030 secs] [Times: user=0.22 sys=0.00, real=0.04 secs] 
14506.209: [GC 14506.209: [ParNew: 2300713K->29448K(2534400K), 0.0387010 secs] 5951065K->3683172K(10982400K), 0.0393030 secs] [Times: user=0.18 sys=0.00, real=0.04 secs] 
14511.402: [GC 14511.402: [ParNew: 2282248K->26480K(2534400K), 0.0411500 secs] 5935972K->3681193K(10982400K), 0.0417600 secs] [Times: user=0.25 sys=0.01, real=0.04 secs] 
14513.736: [GC 14513.736: [ParNew: 2279280K->94285K(2534400K), 0.0393420 secs] 5933993K->3749842K(10982400K), 0.0399400 secs] [Times: user=0.56 sys=0.00, real=0.04 secs] 
14516.282: [GC 14516.283: [ParNew: 2347085K->79264K(2534400K), 0.0387440 secs] 6002642K->3736391K(10982400K), 0.0393520 secs] [Times: user=0.35 sys=0.00, real=0.04 secs] 
14521.433: [GC 14521.433: [ParNew: 2332064K->58300K(2534400K), 0.0407080 secs] 5989191K->3716862K(10982400K), 0.0413260 secs] [Times: user=0.21 sys=0.01, real=0.04 secs] 
14527.399: [GC 14527.399: [ParNew: 2311100K->39827K(2534400K), 0.0444180 secs] 5969662K->3701717K(10982400K), 0.0450570 secs] [Times: user=0.25 sys=0.00, real=0.04 secs] 
14532.776: [GC 14532.776: [ParNew: 2292627K->35464K(2534400K), 0.0406250 secs] 5954517K->3698491K(10982400K), 0.0412260 secs] [Times: user=0.21 sys=0.00, real=0.05 secs] 
14538.793: [GC 14538.793: [ParNew: 2288264K->36758K(2534400K), 0.0403080 secs] 5951291K->3702374K(10982400K), 0.0408550 secs] [Times: user=0.23 sys=0.00, real=0.04 secs] 
14542.144: [GC 14542.145: [ParNew: 2289533K->38910K(2534400K), 0.0310610 secs] 5955148K->3706068K(10982400K), 0.0316550 secs] [Times: user=0.21 sys=0.01, real=0.03 secs] 
14544.964: [GC 14544.964: [ParNew: 2291710K->31370K(2534400K), 0.0267270 secs] 5958868K->3702324K(10982400K), 0.0272550 secs] [Times: user=0.20 sys=0.00, real=0.03 secs] 
14547.678: [GC 14547.678: [ParNew: 2284170K->55964K(2534400K), 0.0520500 secs] 5955124K->3729336K(10982400K), 0.0525800 secs] [Times: user=0.22 sys=0.00, real=0.06 secs] 
14550.962: [GC 14550.962: [ParNew: 2308764K->36661K(2534400K), 0.0336140 secs] 5982136K->3715116K(10982400K), 0.0342200 secs] [Times: user=0.23 sys=0.00, real=0.03 secs] 
14553.868: [GC 14553.868: [ParNew: 2289461K->62075K(2534400K), 0.0343030 secs] 5967916K->3742759K(10982400K), 0.0349060 secs] [Times: user=0.39 sys=0.00, real=0.04 secs] 
14556.286: [GC 14556.287: [ParNew: 2314875K->59892K(2534400K), 0.0317420 secs] 5995559K->3741625K(10982400K), 0.0323550 secs] [Times: user=0.32 sys=0.00, real=0.03 secs] 
14559.869: [GC 14559.869: [ParNew: 2312692K->45353K(2534400K), 0.0333370 secs] 5994425K->3728835K(10982400K), 0.0339370 secs] [Times: user=0.23 sys=0.00, real=0.04 secs] 
14562.415: [GC 14562.415: [ParNew: 2298153K->53444K(2534400K), 0.0323820 secs] 5981635K->3740341K(10982400K), 0.0329880 secs] [Times: user=0.35 sys=0.01, real=0.03 secs] 
14568.646: [GC 14568.646: [ParNew: 2306244K->71365K(2534400K), 0.0445440 secs] 5993141K->3762242K(10982400K), 0.0451290 secs] [Times: user=0.38 sys=0.00, real=0.04 secs] 
14571.847: [GC 14571.848: [ParNew: 2324165K->73270K(2534400K), 0.0569370 secs] 6015042K->3765037K(10982400K), 0.0575280 secs] [Times: user=0.22 sys=0.00, real=0.06 secs] 
14574.278: [GC 14574.278: [ParNew: 2326070K->74651K(2534400K), 0.0417210 secs] 6017837K->3767379K(10982400K), 0.0423130 secs] [Times: user=0.47 sys=0.01, real=0.04 secs] 
14577.773: [GC 14577.773: [ParNew: 2327451K->67353K(2534400K), 0.0360490 secs] 6020179K->3761029K(10982400K), 0.0365810 secs] [Times: user=0.34 sys=0.00, real=0.04 secs] 
14582.731: [GC 14582.731: [ParNew: 2320153K->59541K(2534400K), 0.0390970 secs] 6013829K->3755632K(10982400K), 0.0395950 secs] [Times: user=0.34 sys=0.00, real=0.04 secs] 
14586.097: [GC 14586.097: [ParNew: 2312341K->45622K(2534400K), 0.0291780 secs] 6008432K->3744329K(10982400K), 0.0296490 secs] [Times: user=0.24 sys=0.00, real=0.03 secs] 
14589.867: [GC 14589.867: [ParNew: 2298422K->29248K(2534400K), 0.0332970 secs] 5997129K->3728588K(10982400K), 0.0337780 secs] [Times: user=0.20 sys=0.00, real=0.03 secs] 
14594.364: [GC 14594.365: [ParNew: 2282048K->29752K(2534400K), 0.0351680 secs] 5981388K->3730848K(10982400K), 0.0356580 secs] [Times: user=0.22 sys=0.00, real=0.04 secs] 
14600.453: [GC 14600.453: [ParNew: 2282552K->53818K(2534400K), 0.0435250 secs] 5983648K->3757303K(10982400K), 0.0440180 secs] [Times: user=0.31 sys=0.01, real=0.04 secs] 
14603.744: [GC 14603.745: [ParNew: 2306618K->81983K(2534400K), 0.0419920 secs] 6010103K->3786635K(10982400K), 0.0424900 secs] [Times: user=0.52 sys=0.00, real=0.04 secs] 
14608.142: [GC 14608.142: [ParNew: 2334783K->68544K(2534400K), 0.0437950 secs] 6039435K->3774772K(10982400K), 0.0442780 secs] [Times: user=0.37 sys=0.00, real=0.04 secs] 
14612.533: [GC 14612.533: [ParNew: 2321344K->77122K(2534400K), 0.0409400 secs] 6027572K->3785796K(10982400K), 0.0414210 secs] [Times: user=0.41 sys=0.00, real=0.04 secs] 
14617.418: [GC 14617.419: [ParNew: 2329922K->59768K(2534400K), 0.0372180 secs] 6038596K->3770130K(10982400K), 0.0377210 secs] [Times: user=0.21 sys=0.00, real=0.04 secs] 
14622.757: [GC 14622.757: [ParNew: 2312568K->42806K(2534400K), 0.0419880 secs] 6022930K->3755417K(10982400K), 0.0424780 secs] [Times: user=0.23 sys=0.01, real=0.04 secs] 
14627.358: [GC 14627.358: [ParNew: 2295606K->33198K(2534400K), 0.0421000 secs] 6008217K->3758851K(10982400K), 0.0426200 secs] [Times: user=0.24 sys=0.01, real=0.04 secs] 
14633.562: [GC 14633.562: [ParNew: 2285998K->56918K(2534400K), 0.0505310 secs] 6011651K->3785760K(10982400K), 0.0511380 secs] [Times: user=0.35 sys=0.00, real=0.06 secs] 
14635.434: [GC 14635.435: [ParNew: 2309420K->45522K(2534400K), 0.0299530 secs] 6038262K->3775457K(10982400K), 0.0305520 secs] [Times: user=0.26 sys=0.00, real=0.03 secs] 
14638.151: [GC 14638.151: [ParNew: 2298322K->110954K(2534400K), 0.0516140 secs] 6028257K->3842171K(10982400K), 0.0521430 secs] [Times: user=0.61 sys=0.01, real=0.06 secs] 
14642.193: [GC 14642.193: [ParNew: 2363754K->81479K(2534400K), 0.0356870 secs] 6094971K->3814742K(10982400K), 0.0362590 secs] [Times: user=0.23 sys=0.00, real=0.04 secs] 
14644.328: [GC 14644.328: [ParNew: 2334279K->50942K(2534400K), 0.0285510 secs] 6067542K->3786477K(10982400K), 0.0291280 secs] [Times: user=0.30 sys=0.00, real=0.03 secs] 
14648.054: [GC 14648.055: [ParNew: 2303742K->55020K(2534400K), 0.0411260 secs] 6039277K->3791598K(10982400K), 0.0417380 secs] [Times: user=0.22 sys=0.00, real=0.05 secs] 
14650.300: [GC 14650.301: [ParNew: 2307820K->26218K(2534400K), 0.0258480 secs] 6044398K->3763916K(10982400K), 0.0264340 secs] [Times: user=0.20 sys=0.00, real=0.03 secs] 
14653.820: [GC 14653.820: [ParNew: 2279018K->44167K(2534400K), 0.0498650 secs] 6016716K->3785659K(10982400K), 0.0504790 secs] [Times: user=0.21 sys=0.00, real=0.05 secs] 
14656.650: [GC 14656.651: [ParNew: 2296967K->46479K(2534400K), 0.0330620 secs] 6038459K->3789094K(10982400K), 0.0336610 secs] [Times: user=0.29 sys=0.00, real=0.03 secs] 
14661.089: [GC 14661.089: [ParNew: 2299279K->37196K(2534400K), 0.0349400 secs] 6041894K->3782585K(10982400K), 0.0355430 secs] [Times: user=0.23 sys=0.00, real=0.03 secs] 
14664.573: [GC 14664.574: [ParNew: 2289996K->52304K(2534400K), 0.0331150 secs] 6035385K->3798456K(10982400K), 0.0336550 secs] [Times: user=0.32 sys=0.00, real=0.04 secs] 
14668.441: [GC 14668.442: [ParNew: 2305104K->44041K(2534400K), 0.0376870 secs] 6051256K->3792863K(10982400K), 0.0383130 secs] [Times: user=0.23 sys=0.00, real=0.04 secs] 
14673.705: [GC 14673.705: [ParNew: 2296841K->37240K(2534400K), 0.0459910 secs] 6045663K->3793967K(10982400K), 0.0466030 secs] [Times: user=0.29 sys=0.01, real=0.05 secs] 
14677.415: [GC 14677.415: [ParNew: 2290040K->53392K(2534400K), 0.0405850 secs] 6046767K->3811556K(10982400K), 0.0412080 secs] [Times: user=0.33 sys=0.00, real=0.04 secs] 
14680.328: [GC 14680.328: [ParNew: 2306192K->41072K(2534400K), 0.0331380 secs] 6064356K->3801184K(10982400K), 0.0337430 secs] [Times: user=0.19 sys=0.01, real=0.04 secs] 
14684.400: [GC 14684.400: [ParNew: 2293872K->31698K(2534400K), 0.0385000 secs] 6053984K->3793977K(10982400K), 0.0391070 secs] [Times: user=0.24 sys=0.01, real=0.04 secs] 
14688.652: [GC 14688.653: [ParNew: 2284498K->81026K(2534400K), 0.0506430 secs] 6046777K->3845401K(10982400K), 0.0511760 secs] [Times: user=0.62 sys=0.01, real=0.05 secs] 
14693.804: [GC 14693.804: [ParNew: 2333826K->66386K(2534400K), 0.0453790 secs] 6098201K->3831751K(10982400K), 0.0459850 secs] [Times: user=0.28 sys=0.00, real=0.04 secs] 
14696.286: [GC 14696.286: [ParNew: 2319186K->64243K(2534400K), 0.0392780 secs] 6084551K->3831604K(10982400K), 0.0398890 secs] [Times: user=0.39 sys=0.00, real=0.04 secs] 
14701.030: [GC 14701.030: [ParNew: 2317043K->52279K(2534400K), 0.0484500 secs] 6084404K->3824731K(10982400K), 0.0490570 secs] [Times: user=0.27 sys=0.01, real=0.05 secs] 
14705.949: [GC 14705.950: [ParNew: 2305079K->34639K(2534400K), 0.0349820 secs] 6077531K->3808232K(10982400K), 0.0356090 secs] [Times: user=0.21 sys=0.01, real=0.04 secs] 
14710.830: [GC 14710.831: [ParNew: 2287439K->48605K(2534400K), 0.0402150 secs] 6061032K->3824826K(10982400K), 0.0407750 secs] [Times: user=0.32 sys=0.00, real=0.04 secs] 
14713.827: [GC 14713.827: [ParNew: 2301361K->35703K(2534400K), 0.0313420 secs] 6077583K->3812598K(10982400K), 0.0319480 secs] [Times: user=0.20 sys=0.01, real=0.03 secs] 
14717.510: [GC 14717.511: [ParNew: 2288503K->54319K(2534400K), 0.0379260 secs] 6065398K->3832122K(10982400K), 0.0385300 secs] [Times: user=0.38 sys=0.00, real=0.04 secs] 
14720.185: [GC 14720.185: [ParNew: 2307119K->64460K(2534400K), 0.0344000 secs] 6084922K->3844597K(10982400K), 0.0349310 secs] [Times: user=0.35 sys=0.00, real=0.04 secs] 
14724.215: [GC 14724.215: [ParNew: 2317260K->46070K(2534400K), 0.0351630 secs] 6097397K->3827827K(10982400K), 0.0357680 secs] [Times: user=0.26 sys=0.00, real=0.04 secs] 
14728.843: [GC 14728.843: [ParNew: 2298870K->42689K(2534400K), 0.0393000 secs] 6080627K->3826089K(10982400K), 0.0398400 secs] [Times: user=0.25 sys=0.01, real=0.04 secs] 
14734.457: [GC 14734.457: [ParNew: 2295489K->56091K(2534400K), 0.0463630 secs] 6078889K->3841741K(10982400K), 0.0469650 secs] [Times: user=0.37 sys=0.01, real=0.05 secs] 
14739.893: [GC 14739.893: [ParNew: 2308891K->59534K(2534400K), 0.0451720 secs] 6094541K->3845963K(10982400K), 0.0457830 secs] [Times: user=0.29 sys=0.00, real=0.04 secs] 
14744.222: [GC 14744.222: [ParNew: 2312334K->41969K(2534400K), 0.0348520 secs] 6098763K->3829586K(10982400K), 0.0354510 secs] [Times: user=0.20 sys=0.01, real=0.03 secs] 
14747.127: [GC 14747.127: [ParNew: 2294769K->45654K(2534400K), 0.0372900 secs] 6082386K->3835901K(10982400K), 0.0378910 secs] [Times: user=0.32 sys=0.00, real=0.04 secs] 
14751.294: [GC 14751.294: [ParNew: 2298454K->84784K(2534400K), 0.0472000 secs] 6088701K->3876925K(10982400K), 0.0478040 secs] [Times: user=0.50 sys=0.00, real=0.05 secs] 
14755.392: [GC 14755.393: [ParNew: 2337584K->67741K(2534400K), 0.0364340 secs] 6129725K->3861167K(10982400K), 0.0370040 secs] [Times: user=0.19 sys=0.00, real=0.03 secs] 
14758.124: [GC 14758.124: [ParNew: 2320541K->34875K(2534400K), 0.0352170 secs] 6113967K->3829685K(10982400K), 0.0357550 secs] [Times: user=0.21 sys=0.00, real=0.03 secs] 
14762.543: [GC 14762.543: [ParNew: 2287675K->60706K(2534400K), 0.0419130 secs] 6082485K->3859084K(10982400K), 0.0425280 secs] [Times: user=0.38 sys=0.01, real=0.04 secs] 
14768.145: [GC 14768.146: [ParNew: 2313506K->51125K(2534400K), 0.0477780 secs] 6111884K->3849991K(10982400K), 0.0483240 secs] [Times: user=0.26 sys=0.01, real=0.05 secs] 
14772.028: [GC 14772.029: [ParNew: 2303925K->53552K(2534400K), 0.0441320 secs] 6102791K->3856482K(10982400K), 0.0447460 secs] [Times: user=0.36 sys=0.01, real=0.04 secs] 
14776.192: [GC 14776.192: [ParNew: 2306340K->62724K(2534400K), 0.0458840 secs] 6109270K->3867175K(10982400K), 0.0464870 secs] [Times: user=0.31 sys=0.00, real=0.05 secs] 
14778.674: [GC 14778.674: [ParNew: 2315524K->64865K(2534400K), 0.0360430 secs] 6119975K->3871627K(10982400K), 0.0366510 secs] [Times: user=0.37 sys=0.01, real=0.04 secs] 
14782.327: [GC 14782.328: [ParNew: 2317665K->93743K(2534400K), 0.0485110 secs] 6124427K->3903125K(10982400K), 0.0491300 secs] [Times: user=0.46 sys=0.00, real=0.05 secs] 
14785.026: [GC 14785.026: [ParNew: 2346543K->84198K(2534400K), 0.0418460 secs] 6155925K->3895380K(10982400K), 0.0424340 secs] [Times: user=0.43 sys=0.01, real=0.04 secs] 
14789.426: [GC 14789.426: [ParNew: 2336998K->64609K(2534400K), 0.0424770 secs] 6148180K->3880706K(10982400K), 0.0430160 secs] [Times: user=0.24 sys=0.01, real=0.05 secs] 
14794.405: [GC 14794.405: [ParNew: 2317409K->36668K(2534400K), 0.0367270 secs] 6133506K->3854117K(10982400K), 0.0372680 secs] [Times: user=0.19 sys=0.00, real=0.04 secs] 
14798.882: [GC 14798.882: [ParNew: 2289468K->119686K(2534400K), 0.0828070 secs] 6106917K->3940941K(10982400K), 0.0834170 secs] [Times: user=0.50 sys=0.00, real=0.08 secs] 
14802.386: [GC 14802.387: [ParNew: 2372486K->148925K(2534400K), 0.1167590 secs] 6193741K->3971998K(10982400K), 0.1173900 secs] [Times: user=0.28 sys=0.00, real=0.12 secs] 
14805.923: [GC 14805.924: [ParNew: 2401725K->166065K(2534400K), 0.1605500 secs] 6224798K->3992038K(10982400K), 0.1611560 secs] [Times: user=0.33 sys=0.00, real=0.16 secs] 
14809.241: [GC 14809.241: [ParNew: 2418865K->39379K(2534400K), 0.0450000 secs] 6244838K->3872655K(10982400K), 0.0455390 secs] [Times: user=0.19 sys=0.01, real=0.04 secs] 
14814.168: [GC 14814.168: [ParNew: 2292179K->20203K(2534400K), 0.0348520 secs] 6125455K->3853479K(10982400K), 0.0354410 secs] [Times: user=0.21 sys=0.01, real=0.04 secs] 
14817.388: [GC 14817.389: [ParNew: 2273003K->46446K(2534400K), 0.0421190 secs] 6106279K->3879722K(10982400K), 0.0426710 secs] [Times: user=0.30 sys=0.00, real=0.05 secs] 
14821.686: [GC 14821.687: [ParNew: 2299246K->36027K(2534400K), 0.0345540 secs] 6132522K->3869303K(10982400K), 0.0351500 secs] [Times: user=0.19 sys=0.00, real=0.04 secs] 
14827.300: [GC 14827.300: [ParNew: 2288827K->30247K(2534400K), 0.0397190 secs] 6122103K->3864627K(10982400K), 0.0402510 secs] [Times: user=0.26 sys=0.00, real=0.04 secs] 
14831.049: [GC 14831.049: [ParNew: 2283047K->36021K(2534400K), 0.0295900 secs] 6117427K->3872701K(10982400K), 0.0301210 secs] [Times: user=0.25 sys=0.01, real=0.03 secs] 
14835.221: [GC 14835.221: [ParNew: 2288821K->56739K(2534400K), 0.0411690 secs] 6125501K->3894276K(10982400K), 0.0417660 secs] [Times: user=0.35 sys=0.00, real=0.05 secs] 
14840.849: [GC 14840.850: [ParNew: 2309539K->50613K(2534400K), 0.0406180 secs] 6147076K->3889750K(10982400K), 0.0412450 secs] [Times: user=0.26 sys=0.01, real=0.04 secs] 
14845.089: [GC 14845.089: [ParNew: 2303413K->71931K(2534400K), 0.0456710 secs] 6142550K->3913683K(10982400K), 0.0462550 secs] [Times: user=0.41 sys=0.00, real=0.05 secs] 
14850.458: [GC 14850.458: [ParNew: 2324731K->55136K(2534400K), 0.0388100 secs] 6166483K->3900330K(10982400K), 0.0393720 secs] [Times: user=0.21 sys=0.00, real=0.04 secs] 
14856.246: [GC 14856.247: [ParNew: 2307936K->38295K(2534400K), 0.0404810 secs] 6153130K->3884297K(10982400K), 0.0410900 secs] [Times: user=0.23 sys=0.01, real=0.04 secs] 
14860.108: [GC 14860.108: [ParNew: 2291095K->43498K(2534400K), 0.0303930 secs] 6137097K->3891476K(10982400K), 0.0310210 secs] [Times: user=0.24 sys=0.00, real=0.03 secs] 
14862.842: [GC 14862.842: [ParNew: 2296298K->102125K(2534400K), 0.0379810 secs] 6144276K->3950924K(10982400K), 0.0385570 secs] [Times: user=0.49 sys=0.00, real=0.04 secs] 
14865.206: [GC 14865.206: [ParNew: 2354906K->125595K(2534400K), 0.0397980 secs] 6203705K->3975644K(10982400K), 0.0403940 secs] [Times: user=0.47 sys=0.00, real=0.04 secs] 
14868.204: [GC 14868.204: [ParNew: 2378395K->115861K(2534400K), 0.0399830 secs] 6228444K->3969726K(10982400K), 0.0405790 secs] [Times: user=0.37 sys=0.00, real=0.04 secs] 
14873.645: [GC 14873.645: [ParNew: 2368661K->113877K(2534400K), 0.0500400 secs] 6222526K->3973451K(10982400K), 0.0506600 secs] [Times: user=0.41 sys=0.00, real=0.05 secs] 
14877.120: [GC 14877.120: [ParNew: 2366677K->83598K(2534400K), 0.0644650 secs] 6226251K->3984303K(10982400K), 0.0650470 secs] [Times: user=0.43 sys=0.01, real=0.06 secs] 
14880.717: [GC 14880.717: [ParNew: 2336398K->83022K(2534400K), 0.0482430 secs] 6237103K->3998857K(10982400K), 0.0488030 secs] [Times: user=0.54 sys=0.00, real=0.05 secs] 
14885.489: [GC 14885.489: [ParNew: 2335822K->65146K(2534400K), 0.0347560 secs] 6251657K->3982085K(10982400K), 0.0353040 secs] [Times: user=0.21 sys=0.00, real=0.04 secs] 
14891.198: [GC 14891.199: [ParNew: 2317946K->56454K(2534400K), 0.0475560 secs] 6234885K->3980229K(10982400K), 0.0481050 secs] [Times: user=0.35 sys=0.00, real=0.05 secs] 
14895.309: [GC 14895.309: [ParNew: 2309254K->41714K(2534400K), 0.0327770 secs] 6233029K->3966906K(10982400K), 0.0333100 secs] [Times: user=0.20 sys=0.00, real=0.04 secs] 
14897.800: [GC 14897.800: [ParNew: 2294514K->58283K(2534400K), 0.0302470 secs] 6219706K->3984552K(10982400K), 0.0307930 secs] [Times: user=0.35 sys=0.00, real=0.03 secs] 
14903.248: [GC 14903.248: [ParNew: 2311081K->47950K(2534400K), 0.0384460 secs] 6237350K->3977295K(10982400K), 0.0389870 secs] [Times: user=0.23 sys=0.01, real=0.04 secs] 
14908.843: [GC 14908.843: [ParNew: 2300750K->29918K(2534400K), 0.0403200 secs] 6230095K->3963390K(10982400K), 0.0408670 secs] [Times: user=0.22 sys=0.00, real=0.05 secs] 
14912.258: [GC 14912.258: [ParNew: 2282718K->26157K(2534400K), 0.0257370 secs] 6216190K->3960638K(10982400K), 0.0263310 secs] [Times: user=0.17 sys=0.01, real=0.02 secs] 
14915.396: [GC 14915.396: [ParNew: 2278957K->37471K(2534400K), 0.0335850 secs] 6213438K->3972480K(10982400K), 0.0341520 secs] [Times: user=0.26 sys=0.00, real=0.03 secs] 
14918.699: [GC 14918.700: [ParNew: 2290271K->41325K(2534400K), 0.0328410 secs] 6225280K->3981740K(10982400K), 0.0333700 secs] [Times: user=0.25 sys=0.00, real=0.03 secs] 
14923.720: [GC 14923.720: [ParNew: 2294125K->38417K(2534400K), 0.0388280 secs] 6234540K->3980899K(10982400K), 0.0393610 secs] [Times: user=0.22 sys=0.00, real=0.04 secs] 
14926.365: [GC 14926.365: [ParNew: 2291217K->95195K(2534400K), 0.0468300 secs] 6233699K->4038215K(10982400K), 0.0473540 secs] [Times: user=0.65 sys=0.01, real=0.05 secs] 
14929.905: [GC 14929.905: [ParNew: 2347995K->72476K(2534400K), 0.0384250 secs] 6291015K->4017807K(10982400K), 0.0390420 secs] [Times: user=0.35 sys=0.00, real=0.04 secs] 
14934.931: [GC 14934.932: [ParNew: 2325276K->56458K(2534400K), 0.0375280 secs] 6270607K->4003474K(10982400K), 0.0381580 secs] [Times: user=0.20 sys=0.00, real=0.04 secs] 
14938.505: [GC 14938.506: [ParNew: 2309258K->39750K(2534400K), 0.0416510 secs] 6256274K->3989157K(10982400K), 0.0421860 secs] [Times: user=0.24 sys=0.00, real=0.04 secs] 
14943.030: [GC 14943.031: [ParNew: 2292550K->37344K(2534400K), 0.0339310 secs] 6241957K->3988537K(10982400K), 0.0345450 secs] [Times: user=0.19 sys=0.00, real=0.03 secs] 
14947.696: [GC 14947.697: [ParNew: 2290144K->78338K(2534400K), 0.0421880 secs] 6241337K->4031573K(10982400K), 0.0428050 secs] [Times: user=0.42 sys=0.00, real=0.04 secs] 
14952.143: [GC 14952.143: [ParNew: 2331138K->68251K(2534400K), 0.0348780 secs] 6284373K->4024289K(10982400K), 0.0354940 secs] [Times: user=0.25 sys=0.01, real=0.03 secs] 
14955.916: [GC 14955.917: [ParNew: 2321051K->84886K(2534400K), 0.0390070 secs] 6277089K->4044293K(10982400K), 0.0396140 secs] [Times: user=0.39 sys=0.01, real=0.04 secs] 
14958.940: [GC 14958.940: [ParNew: 2337686K->122567K(2534400K), 0.0493130 secs] 6297093K->4083500K(10982400K), 0.0499120 secs] [Times: user=0.62 sys=0.00, real=0.05 secs] 
14963.388: [GC 14963.388: [ParNew: 2375367K->96542K(2534400K), 0.0589700 secs] 6336300K->4074679K(10982400K), 0.0595850 secs] [Times: user=0.49 sys=0.00, real=0.06 secs] 
14968.157: [GC 14968.158: [ParNew: 2349342K->95739K(2534400K), 0.0442280 secs] 6327479K->4074880K(10982400K), 0.0448250 secs] [Times: user=0.42 sys=0.01, real=0.04 secs] 
14971.970: [GC 14971.970: [ParNew: 2348539K->95282K(2534400K), 0.0447390 secs] 6327680K->4077345K(10982400K), 0.0453430 secs] [Times: user=0.41 sys=0.00, real=0.05 secs] 
14975.485: [GC 14975.486: [ParNew: 2348082K->73166K(2534400K), 0.0483900 secs] 6330145K->4062818K(10982400K), 0.0490100 secs] [Times: user=0.40 sys=0.00, real=0.04 secs] 
14980.095: [GC 14980.096: [ParNew: 2325966K->77302K(2534400K), 0.0470300 secs] 6315618K->4077570K(10982400K), 0.0475820 secs] [Times: user=0.44 sys=0.01, real=0.04 secs] 
14982.903: [GC 14982.903: [ParNew: 2330102K->54457K(2534400K), 0.0303910 secs] 6330370K->4058094K(10982400K), 0.0310220 secs] [Times: user=0.25 sys=0.00, real=0.03 secs] 
14988.910: [GC 14988.910: [ParNew: 2307257K->100318K(2534400K), 0.0561830 secs] 6310894K->4109404K(10982400K), 0.0567950 secs] [Times: user=0.58 sys=0.00, real=0.05 secs] 
14992.594: [GC 14992.595: [ParNew: 2353118K->75529K(2534400K), 0.0380750 secs] 6362204K->4086781K(10982400K), 0.0386860 secs] [Times: user=0.30 sys=0.00, real=0.04 secs] 
14995.896: [GC 14995.896: [ParNew: 2328329K->39868K(2534400K), 0.0339190 secs] 6339581K->4052501K(10982400K), 0.0345250 secs] [Times: user=0.20 sys=0.00, real=0.04 secs] 
14998.872: [GC 14998.872: [ParNew: 2292668K->56638K(2534400K), 0.0387280 secs] 6305301K->4070266K(10982400K), 0.0393320 secs] [Times: user=0.37 sys=0.00, real=0.04 secs] 
15005.162: [GC 15005.162: [ParNew: 2309438K->50907K(2534400K), 0.0414270 secs] 6323066K->4066957K(10982400K), 0.0420500 secs] [Times: user=0.21 sys=0.00, real=0.04 secs] 
15010.148: [GC 15010.149: [ParNew: 2303707K->68855K(2534400K), 0.0496100 secs] 6319757K->4085543K(10982400K), 0.0502410 secs] [Times: user=0.38 sys=0.00, real=0.05 secs] 
15014.167: [GC 15014.167: [ParNew: 2321655K->105705K(2534400K), 0.0537880 secs] 6338343K->4126177K(10982400K), 0.0544230 secs] [Times: user=0.58 sys=0.00, real=0.06 secs] 
15018.575: [GC 15018.575: [ParNew: 2358505K->107605K(2534400K), 0.0589170 secs] 6378977K->4128872K(10982400K), 0.0595200 secs] [Times: user=0.40 sys=0.00, real=0.06 secs] 
15021.171: [GC 15021.171: [ParNew: 2360405K->124403K(2534400K), 0.0830480 secs] 6381672K->4150876K(10982400K), 0.0836370 secs] [Times: user=0.43 sys=0.00, real=0.08 secs] 
15024.610: [GC 15024.611: [ParNew: 2377203K->168219K(2534400K), 0.1162250 secs] 6403676K->4200939K(10982400K), 0.1168480 secs] [Times: user=0.65 sys=0.01, real=0.12 secs] 
15027.747: [GC 15027.747: [ParNew: 2421019K->134203K(2534400K), 0.0972050 secs] 6453739K->4172544K(10982400K), 0.0978340 secs] [Times: user=0.27 sys=0.00, real=0.10 secs] 
15031.681: [GC 15031.681: [ParNew: 2387003K->86238K(2534400K), 0.0787470 secs] 6425344K->4127722K(10982400K), 0.0793610 secs] [Times: user=0.34 sys=0.01, real=0.08 secs] 
15033.490: [GC 15033.490: [ParNew: 2339038K->125730K(2534400K), 0.0839010 secs] 6380522K->4168515K(10982400K), 0.0844200 secs] [Times: user=0.38 sys=0.00, real=0.09 secs] 
15036.475: [GC 15036.475: [ParNew: 2378530K->192446K(2534400K), 0.1328360 secs] 6421315K->4237239K(10982400K), 0.1333750 secs] [Times: user=0.48 sys=0.00, real=0.13 secs] 
15039.071: [GC 15039.072: [ParNew: 2445246K->127453K(2534400K), 0.0978850 secs] 6490039K->4187857K(10982400K), 0.0983940 secs] [Times: user=0.35 sys=0.01, real=0.10 secs] 
15041.826: [GC 15041.826: [ParNew: 2380253K->164299K(2534400K), 0.1367000 secs] 6440657K->4224703K(10982400K), 0.1371990 secs] [Times: user=0.37 sys=0.00, real=0.13 secs] 
15044.024: [GC 15044.025: [ParNew: 2417099K->197687K(2534400K), 0.1652980 secs] 6477503K->4262113K(10982400K), 0.1657670 secs] [Times: user=0.31 sys=0.00, real=0.17 secs] 
15046.383: [GC 15046.383: [ParNew: 2450487K->161630K(2534400K), 0.1373310 secs] 6514913K->4231359K(10982400K), 0.1378350 secs] [Times: user=0.40 sys=0.00, real=0.14 secs] 
15048.374: [GC 15048.374: [ParNew: 2414430K->151115K(2534400K), 0.1107200 secs] 6484159K->4231392K(10982400K), 0.1111820 secs] [Times: user=0.50 sys=0.01, real=0.11 secs] 
15049.881: [GC 15049.882: [ParNew: 2403915K->194674K(2534400K), 0.1298830 secs] 6484192K->4274951K(10982400K), 0.1303980 secs] [Times: user=0.53 sys=0.00, real=0.13 secs] 
15051.011: [GC 15051.011: [ParNew: 2447474K->122413K(2534400K), 0.0923530 secs] 6527751K->4224568K(10982400K), 0.0929360 secs] [Times: user=0.46 sys=0.00, real=0.09 secs] 
15052.135: [GC 15052.136: [ParNew: 2375213K->69930K(2534400K), 0.0613170 secs] 6477368K->4172086K(10982400K), 0.0618950 secs] [Times: user=0.26 sys=0.00, real=0.07 secs] 
15054.170: [GC 15054.171: [ParNew: 2322730K->64673K(2534400K), 0.0637670 secs] 6424886K->4166828K(10982400K), 0.0643560 secs] [Times: user=0.24 sys=0.00, real=0.06 secs] 
15056.808: [GC 15056.809: [ParNew: 2317473K->68562K(2534400K), 0.0344480 secs] 6419628K->4170717K(10982400K), 0.0350120 secs] [Times: user=0.39 sys=0.00, real=0.03 secs] 
15058.826: [GC 15058.826: [ParNew: 2321362K->65397K(2534400K), 0.0336180 secs] 6423517K->4170041K(10982400K), 0.0342240 secs] [Times: user=0.41 sys=0.00, real=0.04 secs] 
15062.647: [GC 15062.647: [ParNew: 2318197K->52789K(2534400K), 0.0352320 secs] 6422841K->4157977K(10982400K), 0.0358450 secs] [Times: user=0.22 sys=0.00, real=0.04 secs] 
15066.380: [GC 15066.381: [ParNew: 2305589K->38267K(2534400K), 0.0330090 secs] 6410777K->4145025K(10982400K), 0.0335510 secs] [Times: user=0.22 sys=0.01, real=0.03 secs] 
15069.842: [GC 15069.842: [ParNew: 2291067K->36637K(2534400K), 0.0301460 secs] 6397825K->4144134K(10982400K), 0.0307410 secs] [Times: user=0.20 sys=0.01, real=0.03 secs] 
15073.983: [GC 15073.983: [ParNew: 2289437K->29214K(2534400K), 0.0332210 secs] 6396934K->4138402K(10982400K), 0.0338290 secs] [Times: user=0.21 sys=0.00, real=0.03 secs] 
15076.594: [GC 15076.594: [ParNew: 2282014K->51438K(2534400K), 0.0323480 secs] 6391202K->4162335K(10982400K), 0.0329420 secs] [Times: user=0.36 sys=0.01, real=0.03 secs] 
15081.176: [GC 15081.177: [ParNew: 2304238K->58296K(2534400K), 0.0398440 secs] 6415135K->4170935K(10982400K), 0.0404750 secs] [Times: user=0.30 sys=0.00, real=0.04 secs] 
15083.651: [GC 15083.652: [ParNew: 2311096K->40119K(2534400K), 0.0269600 secs] 6423735K->4153935K(10982400K), 0.0275100 secs] [Times: user=0.19 sys=0.00, real=0.02 secs] 
15086.061: [GC 15086.061: [ParNew: 2292919K->61261K(2534400K), 0.0334340 secs] 6406735K->4177327K(10982400K), 0.0340320 secs] [Times: user=0.38 sys=0.00, real=0.03 secs] 
15088.935: [GC 15088.935: [ParNew: 2314061K->52223K(2534400K), 0.0321850 secs] 6430127K->4169341K(10982400K), 0.0327810 secs] [Times: user=0.26 sys=0.00, real=0.03 secs] 
15094.160: [GC 15094.160: [ParNew: 2305023K->113914K(2534400K), 0.0558030 secs] 6422141K->4232331K(10982400K), 0.0564190 secs] [Times: user=0.63 sys=0.00, real=0.06 secs] 
15098.012: [GC 15098.012: [ParNew: 2366714K->84319K(2534400K), 0.0359750 secs] 6485131K->4203253K(10982400K), 0.0365130 secs] [Times: user=0.29 sys=0.00, real=0.04 secs] 
15102.454: [GC 15102.455: [ParNew: 2337119K->56913K(2534400K), 0.0497990 secs] 6456053K->4179872K(10982400K), 0.0504600 secs] [Times: user=0.37 sys=0.01, real=0.05 secs] 
15105.729: [GC 15105.730: [ParNew: 2309713K->49110K(2534400K), 0.0311810 secs] 6432672K->4172982K(10982400K), 0.0318000 secs] [Times: user=0.27 sys=0.00, real=0.03 secs] 
15107.585: [GC 15107.585: [ParNew: 2301910K->121990K(2534400K), 0.0419570 secs] 6425782K->4250292K(10982400K), 0.0425570 secs] [Times: user=0.65 sys=0.00, real=0.04 secs] 
15109.962: [GC 15109.962: [ParNew: 2374790K->111817K(2534400K), 0.0401920 secs] 6503092K->4242452K(10982400K), 0.0407580 secs] [Times: user=0.49 sys=0.01, real=0.04 secs] 
15112.084: [GC 15112.084: [ParNew: 2364617K->80406K(2534400K), 0.0306690 secs] 6495252K->4213543K(10982400K), 0.0312610 secs] [Times: user=0.21 sys=0.00, real=0.04 secs] 
15115.142: [GC 15115.143: [ParNew: 2333206K->55403K(2534400K), 0.0319000 secs] 6466343K->4190702K(10982400K), 0.0325050 secs] [Times: user=0.28 sys=0.00, real=0.03 secs] 
15117.508: [GC 15117.509: [ParNew: 2308203K->67336K(2534400K), 0.0375080 secs] 6443502K->4205900K(10982400K), 0.0380980 secs] [Times: user=0.35 sys=0.00, real=0.04 secs] 
15119.902: [GC 15119.902: [ParNew: 2320136K->76841K(2534400K), 0.0369800 secs] 6458700K->4216535K(10982400K), 0.0375240 secs] [Times: user=0.39 sys=0.01, real=0.04 secs] 
15123.238: [GC 15123.238: [ParNew: 2329641K->56328K(2534400K), 0.0376020 secs] 6469335K->4196974K(10982400K), 0.0382060 secs] [Times: user=0.20 sys=0.00, real=0.03 secs] 
15128.686: [GC 15128.686: [ParNew: 2309128K->44426K(2534400K), 0.0433460 secs] 6449774K->4186100K(10982400K), 0.0439500 secs] [Times: user=0.32 sys=0.01, real=0.05 secs] 
15132.575: [GC 15132.575: [ParNew: 2297226K->45514K(2534400K), 0.0368020 secs] 6438900K->4187737K(10982400K), 0.0374050 secs] [Times: user=0.27 sys=0.00, real=0.04 secs] 
15136.661: [GC 15136.661: [ParNew: 2298314K->81131K(2534400K), 0.0436560 secs] 6440537K->4225632K(10982400K), 0.0442590 secs] [Times: user=0.46 sys=0.00, real=0.04 secs] 
15141.060: [GC 15141.060: [ParNew: 2333915K->71183K(2534400K), 0.0419210 secs] 6478416K->4216714K(10982400K), 0.0425380 secs] [Times: user=0.35 sys=0.00, real=0.05 secs] 
15143.703: [GC 15143.703: [ParNew: 2323983K->47389K(2534400K), 0.0266840 secs] 6469514K->4195464K(10982400K), 0.0272750 secs] [Times: user=0.20 sys=0.00, real=0.03 secs] 
15147.303: [GC 15147.303: [ParNew: 2300188K->54655K(2534400K), 0.0369860 secs] 6448263K->4204700K(10982400K), 0.0376130 secs] [Times: user=0.33 sys=0.00, real=0.04 secs] 
15151.115: [GC 15151.115: [ParNew: 2307455K->68349K(2534400K), 0.0379220 secs] 6457500K->4219860K(10982400K), 0.0385260 secs] [Times: user=0.34 sys=0.00, real=0.04 secs] 
15156.996: [GC 15156.997: [ParNew: 2321149K->51702K(2534400K), 0.0429280 secs] 6472660K->4206640K(10982400K), 0.0435180 secs] [Times: user=0.24 sys=0.00, real=0.04 secs] 
15160.869: [GC 15160.869: [ParNew: 2304502K->65591K(2534400K), 0.0430450 secs] 6459440K->4222036K(10982400K), 0.0436730 secs] [Times: user=0.33 sys=0.00, real=0.04 secs] 
15162.738: [GC 15162.738: [ParNew: 2318391K->95195K(2534400K), 0.0408890 secs] 6474836K->4254351K(10982400K), 0.0414820 secs] [Times: user=0.55 sys=0.00, real=0.04 secs] 
15163.726: [GC 15163.726: [ParNew: 2347995K->162288K(2534400K), 0.0711910 secs] 6507151K->4323607K(10982400K), 0.0717100 secs] [Times: user=0.59 sys=0.00, real=0.07 secs] 
15165.922: [GC 15165.923: [ParNew: 2415088K->116853K(2534400K), 0.0644970 secs] 6576407K->4283079K(10982400K), 0.0651270 secs] [Times: user=0.36 sys=0.00, real=0.07 secs] 
15169.163: [GC 15169.163: [ParNew: 2369653K->86863K(2534400K), 0.0424590 secs] 6535879K->4255618K(10982400K), 0.0429990 secs] [Times: user=0.57 sys=0.00, real=0.05 secs] 
15172.000: [GC 15172.000: [ParNew: 2339663K->64934K(2534400K), 0.0436710 secs] 6508418K->4245605K(10982400K), 0.0442530 secs] [Times: user=0.37 sys=0.01, real=0.05 secs] 
15176.132: [GC 15176.132: [ParNew: 2317734K->38075K(2534400K), 0.0351910 secs] 6498405K->4220042K(10982400K), 0.0358140 secs] [Times: user=0.21 sys=0.01, real=0.04 secs] 
15180.129: [GC 15180.129: [ParNew: 2290875K->86841K(2534400K), 0.0471720 secs] 6472842K->4269830K(10982400K), 0.0477730 secs] [Times: user=0.49 sys=0.01, real=0.05 secs] 
15184.457: [GC 15184.457: [ParNew: 2339641K->76054K(2534400K), 0.0421080 secs] 6522630K->4263019K(10982400K), 0.0426590 secs] [Times: user=0.39 sys=0.00, real=0.04 secs] 
15186.838: [GC 15186.839: [ParNew: 2328854K->52267K(2534400K), 0.0270550 secs] 6515819K->4240724K(10982400K), 0.0276440 secs] [Times: user=0.25 sys=0.00, real=0.02 secs] 
15186.868: [GC 15186.868: [ParNew: 53312K->44197K(2534400K), 0.0150150 secs] 4241770K->4236783K(10982400K), 0.0153630 secs] [Times: user=0.23 sys=0.00, real=0.01 secs] 
15190.202: [GC 15190.203: [ParNew: 2296997K->78105K(2534400K), 0.0456850 secs] 6489583K->4273369K(10982400K), 0.0463100 secs] [Times: user=0.51 sys=0.01, real=0.05 secs] 
15192.429: [GC 15192.429: [ParNew: 2330905K->57650K(2534400K), 0.0264850 secs] 6526169K->4256508K(10982400K), 0.0270700 secs] [Times: user=0.20 sys=0.00, real=0.02 secs] 
15196.207: [GC 15196.207: [ParNew: 2310450K->31127K(2534400K), 0.0334340 secs] 6509308K->4230816K(10982400K), 0.0340440 secs] [Times: user=0.21 sys=0.00, real=0.04 secs] 
15198.226: [GC 15198.226: [ParNew: 2283927K->58942K(2534400K), 0.0293470 secs] 6483616K->4258631K(10982400K), 0.0299040 secs] [Times: user=0.35 sys=0.00, real=0.03 secs] 
15200.929: [GC 15200.930: [ParNew: 2311742K->66975K(2534400K), 0.0368980 secs] 6511431K->4270612K(10982400K), 0.0375230 secs] [Times: user=0.37 sys=0.01, real=0.03 secs] 
15204.269: [GC 15204.269: [ParNew: 2319753K->49653K(2534400K), 0.0272160 secs] 6523390K->4254899K(10982400K), 0.0277440 secs] [Times: user=0.18 sys=0.00, real=0.02 secs] 
15212.549: [GC 15212.549: [ParNew: 2302453K->43175K(2534400K), 0.0503180 secs] 6507699K->4251079K(10982400K), 0.0509360 secs] [Times: user=0.34 sys=0.00, real=0.05 secs] 
15223.200: [GC 15223.200: [ParNew: 2295975K->74116K(2534400K), 0.0576350 secs] 6503879K->4284876K(10982400K), 0.0582620 secs] [Times: user=0.46 sys=0.00, real=0.06 secs] 
15227.686: [GC 15227.686: [ParNew: 2326916K->69496K(2534400K), 0.0536680 secs] 6537676K->4282310K(10982400K), 0.0542930 secs] [Times: user=0.35 sys=0.00, real=0.05 secs] 
15231.564: [GC 15231.564: [ParNew: 2322296K->78470K(2534400K), 0.0393020 secs] 6535110K->4291681K(10982400K), 0.0399100 secs] [Times: user=0.41 sys=0.00, real=0.04 secs] 
15235.408: [GC 15235.408: [ParNew: 2331241K->59777K(2534400K), 0.0519220 secs] 6544453K->4286180K(10982400K), 0.0525410 secs] [Times: user=0.34 sys=0.00, real=0.05 secs] 
15238.910: [GC 15238.910: [ParNew: 2312577K->70883K(2534400K), 0.0570080 secs] 6538980K->4300941K(10982400K), 0.0575430 secs] [Times: user=0.25 sys=0.01, real=0.06 secs] 
15242.907: [GC 15242.907: [ParNew: 2323683K->89344K(2534400K), 0.0670060 secs] 6553741K->4325603K(10982400K), 0.0675570 secs] [Times: user=0.46 sys=0.00, real=0.06 secs] 
15246.447: [GC 15246.447: [ParNew: 2342136K->153064K(2534400K), 0.0838470 secs] 6578395K->4391719K(10982400K), 0.0843920 secs] [Times: user=0.68 sys=0.00, real=0.08 secs] 
15248.906: [GC 15248.906: [ParNew: 2405840K->112444K(2534400K), 0.0568720 secs] 6644495K->4353992K(10982400K), 0.0574970 secs] [Times: user=0.32 sys=0.01, real=0.06 secs] 
15252.467: [GC 15252.467: [ParNew: 2365244K->48834K(2534400K), 0.0352540 secs] 6606792K->4295116K(10982400K), 0.0357950 secs] [Times: user=0.31 sys=0.00, real=0.03 secs] 
15255.574: [GC 15255.575: [ParNew: 2301634K->48469K(2534400K), 0.0385990 secs] 6547916K->4296875K(10982400K), 0.0392840 secs] [Times: user=0.32 sys=0.01, real=0.04 secs] 
15260.260: [GC 15260.260: [ParNew: 2301269K->63111K(2534400K), 0.0409930 secs] 6549675K->4313247K(10982400K), 0.0416160 secs] [Times: user=0.35 sys=0.00, real=0.04 secs] 
15264.326: [GC 15264.326: [ParNew: 2315911K->98172K(2534400K), 0.0478350 secs] 6566047K->4350214K(10982400K), 0.0484410 secs] [Times: user=0.54 sys=0.01, real=0.05 secs] 
15267.949: [GC 15267.949: [ParNew: 2350972K->92098K(2534400K), 0.0493940 secs] 6603014K->4346517K(10982400K), 0.0499360 secs] [Times: user=0.38 sys=0.00, real=0.05 secs] 
15273.586: [GC 15273.586: [ParNew: 2344898K->61348K(2534400K), 0.0369070 secs] 6599317K->4319329K(10982400K), 0.0374600 secs] [Times: user=0.21 sys=0.00, real=0.04 secs] 
15278.201: [GC 15278.201: [ParNew: 2314148K->55438K(2534400K), 0.0402070 secs] 6572129K->4320191K(10982400K), 0.0407490 secs] [Times: user=0.38 sys=0.00, real=0.04 secs] 
15283.030: [GC 15283.030: [ParNew: 2308238K->112209K(2534400K), 0.0548990 secs] 6572991K->4378772K(10982400K), 0.0555160 secs] [Times: user=0.66 sys=0.00, real=0.06 secs] 
15286.865: [GC 15286.865: [ParNew: 2365009K->78124K(2534400K), 0.0364310 secs] 6631572K->4346251K(10982400K), 0.0370480 secs] [Times: user=0.23 sys=0.00, real=0.03 secs] 
15290.782: [GC 15290.782: [ParNew: 2330924K->55225K(2534400K), 0.0368330 secs] 6599051K->4324628K(10982400K), 0.0373760 secs] [Times: user=0.33 sys=0.00, real=0.03 secs] 
15296.358: [GC 15296.359: [ParNew: 2307939K->74947K(2534400K), 0.0478890 secs] 6577342K->4345514K(10982400K), 0.0485250 secs] [Times: user=0.39 sys=0.00, real=0.05 secs] 
15298.657: [GC 15298.657: [ParNew: 2327747K->64749K(2534400K), 0.0333730 secs] 6598314K->4338350K(10982400K), 0.0339160 secs] [Times: user=0.25 sys=0.00, real=0.03 secs] 
15302.602: [GC 15302.602: [ParNew: 2317549K->76277K(2534400K), 0.0446080 secs] 6591150K->4352356K(10982400K), 0.0452180 secs] [Times: user=0.41 sys=0.00, real=0.05 secs] 
15308.052: [GC 15308.053: [ParNew: 2329077K->63826K(2534400K), 0.0434660 secs] 6605156K->4344085K(10982400K), 0.0440260 secs] [Times: user=0.33 sys=0.00, real=0.05 secs] 
15313.057: [GC 15313.057: [ParNew: 2316626K->73106K(2534400K), 0.0452950 secs] 6596885K->4355594K(10982400K), 0.0459230 secs] [Times: user=0.36 sys=0.00, real=0.04 secs] 
15317.000: [GC 15317.000: [ParNew: 2325906K->52626K(2534400K), 0.0362860 secs] 6608394K->4336554K(10982400K), 0.0369040 secs] [Times: user=0.25 sys=0.01, real=0.04 secs] 
15323.379: [GC 15323.380: [ParNew: 2305426K->41783K(2534400K), 0.0447700 secs] 6589354K->4329602K(10982400K), 0.0453980 secs] [Times: user=0.25 sys=0.00, real=0.04 secs] 
15326.227: [GC 15326.228: [ParNew: 2294583K->72912K(2534400K), 0.0397130 secs] 6582402K->4362610K(10982400K), 0.0403540 secs] [Times: user=0.46 sys=0.00, real=0.05 secs] 
15328.787: [GC 15328.787: [ParNew: 2325712K->79971K(2534400K), 0.0376410 secs] 6615410K->4377198K(10982400K), 0.0382330 secs] [Times: user=0.44 sys=0.01, real=0.04 secs] 
15330.897: [GC 15330.898: [ParNew: 2332771K->86366K(2534400K), 0.0355270 secs] 6629998K->4385433K(10982400K), 0.0361530 secs] [Times: user=0.40 sys=0.00, real=0.04 secs] 
15335.719: [GC 15335.719: [ParNew: 2339166K->89204K(2534400K), 0.0512810 secs] 6638233K->4391928K(10982400K), 0.0518980 secs] [Times: user=0.54 sys=0.00, real=0.05 secs] 
15338.865: [GC 15338.865: [ParNew: 2342004K->65103K(2534400K), 0.0416260 secs] 6644728K->4380853K(10982400K), 0.0422380 secs] [Times: user=0.32 sys=0.01, real=0.04 secs] 
15343.459: [GC 15343.460: [ParNew: 2317903K->58773K(2534400K), 0.0402540 secs] 6633653K->4376371K(10982400K), 0.0408990 secs] [Times: user=0.33 sys=0.00, real=0.05 secs] 
15346.983: [GC 15346.984: [ParNew: 2311573K->58645K(2534400K), 0.0413660 secs] 6629171K->4378917K(10982400K), 0.0419740 secs] [Times: user=0.32 sys=0.00, real=0.04 secs] 
15352.295: [GC 15352.295: [ParNew: 2311391K->44838K(2534400K), 0.0407210 secs] 6631662K->4367660K(10982400K), 0.0413410 secs] [Times: user=0.21 sys=0.00, real=0.04 secs] 
15355.668: [GC 15355.668: [ParNew: 2297638K->80422K(2534400K), 0.0474570 secs] 6620460K->4406248K(10982400K), 0.0481760 secs] [Times: user=0.50 sys=0.01, real=0.05 secs] 
15358.440: [GC 15358.440: [ParNew: 2333222K->66779K(2534400K), 0.0427470 secs] 6659048K->4393931K(10982400K), 0.0432880 secs] [Times: user=0.35 sys=0.00, real=0.05 secs] 
15361.909: [GC 15361.909: [ParNew: 2319579K->52899K(2534400K), 0.0310090 secs] 6646731K->4382354K(10982400K), 0.0315650 secs] [Times: user=0.20 sys=0.00, real=0.03 secs] 
15367.528: [GC 15367.529: [ParNew: 2305699K->59866K(2534400K), 0.0460350 secs] 6635154K->4394875K(10982400K), 0.0466700 secs] [Times: user=0.38 sys=0.00, real=0.05 secs] 
15372.540: [GC 15372.540: [ParNew: 2312666K->58267K(2534400K), 0.0399850 secs] 6647675K->4394551K(10982400K), 0.0405340 secs] [Times: user=0.31 sys=0.00, real=0.04 secs] 
15378.088: [GC 15378.089: [ParNew: 2311067K->47268K(2534400K), 0.0428100 secs] 6647351K->4384515K(10982400K), 0.0434240 secs] [Times: user=0.23 sys=0.01, real=0.04 secs] 
15382.258: [GC 15382.258: [ParNew: 2300068K->81849K(2534400K), 0.0695390 secs] 6637315K->4420630K(10982400K), 0.0700920 secs] [Times: user=0.30 sys=0.00, real=0.07 secs] 
15385.428: [GC 15385.428: [ParNew: 2334649K->110084K(2534400K), 0.0840630 secs] 6673430K->4451742K(10982400K), 0.0846890 secs] [Times: user=0.44 sys=0.01, real=0.08 secs] 
15388.284: [GC 15388.284: [ParNew: 2362884K->77856K(2534400K), 0.0640030 secs] 6704542K->4420323K(10982400K), 0.0646260 secs] [Times: user=0.26 sys=0.00, real=0.07 secs] 
15392.400: [GC 15392.401: [ParNew: 2330656K->109739K(2534400K), 0.0775830 secs] 6673123K->4454199K(10982400K), 0.0782050 secs] [Times: user=0.46 sys=0.01, real=0.08 secs] 
15395.955: [GC 15395.956: [ParNew: 2362539K->62500K(2534400K), 0.0360040 secs] 6706999K->4409706K(10982400K), 0.0366130 secs] [Times: user=0.30 sys=0.00, real=0.04 secs] 
15398.287: [GC 15398.288: [ParNew: 2315300K->138597K(2534400K), 0.0995850 secs] 6662506K->4489745K(10982400K), 0.1001830 secs] [Times: user=0.47 sys=0.00, real=0.10 secs] 
15400.368: [GC 15400.369: [ParNew: 2391397K->118688K(2534400K), 0.0948880 secs] 6742545K->4474532K(10982400K), 0.0955200 secs] [Times: user=0.27 sys=0.00, real=0.10 secs] 
15402.970: [GC 15402.970: [ParNew: 2366746K->88768K(2534400K), 0.0770900 secs] 6722590K->4448412K(10982400K), 0.0777010 secs] [Times: user=0.44 sys=0.00, real=0.07 secs] 
15405.193: [GC 15405.193: [ParNew: 2341568K->152506K(2534400K), 0.1213860 secs] 6701212K->4513421K(10982400K), 0.1219660 secs] [Times: user=0.42 sys=0.00, real=0.12 secs] 
15407.901: [GC 15407.901: [ParNew: 2405306K->96450K(2534400K), 0.0776930 secs] 6766221K->4459190K(10982400K), 0.0782900 secs] [Times: user=0.31 sys=0.00, real=0.07 secs] 
15409.904: [GC 15409.904: [ParNew: 2349250K->112682K(2534400K), 0.0689430 secs] 6711990K->4477319K(10982400K), 0.0695450 secs] [Times: user=0.44 sys=0.00, real=0.07 secs] 
15413.024: [GC 15413.024: [ParNew: 2365482K->165862K(2534400K), 0.1297350 secs] 6730119K->4534986K(10982400K), 0.1303640 secs] [Times: user=0.38 sys=0.00, real=0.13 secs] 
15415.797: [GC 15415.797: [ParNew: 2418662K->118036K(2534400K), 0.1098940 secs] 6787786K->4489620K(10982400K), 0.1105040 secs] [Times: user=0.29 sys=0.00, real=0.11 secs] 
15417.533: [GC 15417.533: [ParNew: 2370836K->129327K(2534400K), 0.1024950 secs] 6742420K->4505191K(10982400K), 0.1030300 secs] [Times: user=0.36 sys=0.01, real=0.10 secs] 
15419.157: [GC 15419.157: [ParNew: 2382127K->115255K(2534400K), 0.0806830 secs] 6757991K->4492333K(10982400K), 0.0812980 secs] [Times: user=0.41 sys=0.01, real=0.08 secs] 
15421.154: [GC 15421.154: [ParNew: 2368055K->125852K(2534400K), 0.1073740 secs] 6745133K->4504723K(10982400K), 0.1079760 secs] [Times: user=0.33 sys=0.00, real=0.11 secs] 
15422.847: [GC 15422.847: [ParNew: 2378652K->147352K(2534400K), 0.1161090 secs] 6757523K->4528897K(10982400K), 0.1166690 secs] [Times: user=0.58 sys=0.00, real=0.12 secs] 
15424.660: [GC 15424.661: [ParNew: 2400152K->114991K(2534400K), 0.0934880 secs] 6781697K->4498313K(10982400K), 0.0940670 secs] [Times: user=0.35 sys=0.01, real=0.10 secs] 
15425.962: [GC 15425.962: [ParNew: 2367791K->91257K(2534400K), 0.0843160 secs] 6751113K->4476147K(10982400K), 0.0849290 secs] [Times: user=0.26 sys=0.00, real=0.09 secs] 
15428.318: [GC 15428.319: [ParNew: 2344057K->281600K(2534400K), 0.2993130 secs] 6728947K->4700685K(10982400K), 0.2999220 secs] [Times: user=0.51 sys=0.00, real=0.30 secs] 
15430.582: [GC 15430.583: [ParNew: 2534400K->74573K(2534400K), 0.0513810 secs] 6953485K->4510990K(10982400K), 0.0519540 secs] [Times: user=0.48 sys=0.00, real=0.06 secs] 
15435.320: [GC 15435.320: [ParNew: 2327373K->76704K(2534400K), 0.0442370 secs] 6763790K->4513121K(10982400K), 0.0448490 secs] [Times: user=0.37 sys=0.00, real=0.05 secs] 
15438.785: [GC 15438.785: [ParNew: 2329504K->53399K(2534400K), 0.0326540 secs] 6765921K->4489816K(10982400K), 0.0332600 secs] [Times: user=0.22 sys=0.00, real=0.03 secs] 
15443.365: [GC 15443.366: [ParNew: 2306155K->41441K(2534400K), 0.0327730 secs] 6742573K->4477858K(10982400K), 0.0333140 secs] [Times: user=0.20 sys=0.00, real=0.04 secs] 
15448.360: [GC 15448.361: [ParNew: 2294241K->47612K(2534400K), 0.0366270 secs] 6730658K->4486251K(10982400K), 0.0371710 secs] [Times: user=0.23 sys=0.00, real=0.04 secs] 
15453.521: [GC 15453.521: [ParNew: 2300339K->40844K(2534400K), 0.0478660 secs] 6738978K->4491939K(10982400K), 0.0484050 secs] [Times: user=0.30 sys=0.00, real=0.05 secs] 
15457.354: [GC 15457.354: [ParNew: 2293644K->32700K(2534400K), 0.0297360 secs] 6744739K->4484805K(10982400K), 0.0303280 secs] [Times: user=0.20 sys=0.00, real=0.03 secs] 
15459.585: [GC 15459.585: [ParNew: 2285451K->27964K(2534400K), 0.0222060 secs] 6737556K->4481080K(10982400K), 0.0227290 secs] [Times: user=0.21 sys=0.01, real=0.03 secs] 
15461.912: [GC 15461.912: [ParNew: 2280764K->40673K(2534400K), 0.0275030 secs] 6733880K->4498865K(10982400K), 0.0280340 secs] [Times: user=0.29 sys=0.00, real=0.03 secs] 
15463.750: [GC 15463.751: [ParNew: 2293473K->57878K(2534400K), 0.0304960 secs] 6751665K->4517461K(10982400K), 0.0310790 secs] [Times: user=0.36 sys=0.00, real=0.03 secs] 
15466.135: [GC 15466.135: [ParNew: 2310678K->77473K(2534400K), 0.0325950 secs] 6770261K->4538452K(10982400K), 0.0332170 secs] [Times: user=0.39 sys=0.00, real=0.03 secs] 
15468.256: [GC 15468.257: [ParNew: 2330273K->53165K(2534400K), 0.0273140 secs] 6791252K->4515001K(10982400K), 0.0279070 secs] [Times: user=0.20 sys=0.00, real=0.03 secs] 
15470.632: [GC 15470.632: [ParNew: 2305965K->28417K(2534400K), 0.0238490 secs] 6767801K->4491776K(10982400K), 0.0243750 secs] [Times: user=0.17 sys=0.00, real=0.02 secs] 
15472.462: [GC 15472.462: [ParNew: 2281217K->20506K(2534400K), 0.0240910 secs] 6744576K->4485397K(10982400K), 0.0246970 secs] [Times: user=0.17 sys=0.00, real=0.02 secs] 
15475.193: [GC 15475.194: [ParNew: 2273306K->41847K(2534400K), 0.0302620 secs] 6738197K->4509000K(10982400K), 0.0308560 secs] [Times: user=0.27 sys=0.00, real=0.03 secs] 
15476.372: [GC 15476.372: [ParNew: 2294647K->66377K(2534400K), 0.0336510 secs] 6761800K->4534705K(10982400K), 0.0342330 secs] [Times: user=0.37 sys=0.01, real=0.03 secs] 
15477.771: [GC 15477.771: [ParNew: 2319177K->49924K(2534400K), 0.0284220 secs] 6787505K->4519743K(10982400K), 0.0290010 secs] [Times: user=0.17 sys=0.00, real=0.02 secs] 
15480.984: [GC 15480.985: [ParNew: 2302724K->36807K(2534400K), 0.0302840 secs] 6772543K->4508085K(10982400K), 0.0308150 secs] [Times: user=0.26 sys=0.00, real=0.03 secs] 
15484.395: [GC 15484.396: [ParNew: 2289607K->52976K(2534400K), 0.0356370 secs] 6760885K->4527644K(10982400K), 0.0362630 secs] [Times: user=0.34 sys=0.01, real=0.04 secs] 
15487.269: [GC 15487.269: [ParNew: 2305776K->37619K(2534400K), 0.0244350 secs] 6780444K->4512771K(10982400K), 0.0250360 secs] [Times: user=0.17 sys=0.00, real=0.03 secs] 
15491.105: [GC 15491.106: [ParNew: 2290419K->72801K(2534400K), 0.0465980 secs] 6765571K->4548542K(10982400K), 0.0472310 secs] [Times: user=0.45 sys=0.00, real=0.05 secs] 
15498.892: [GC 15498.892: [ParNew: 2325601K->59609K(2534400K), 0.0524890 secs] 6801342K->4536501K(10982400K), 0.0531120 secs] [Times: user=0.28 sys=0.00, real=0.06 secs] 
15503.843: [GC 15503.844: [ParNew: 2312409K->28145K(2534400K), 0.0358060 secs] 6789301K->4506048K(10982400K), 0.0364310 secs] [Times: user=0.22 sys=0.00, real=0.04 secs] 
15507.323: [GC 15507.323: [ParNew: 2280945K->32824K(2534400K), 0.0400600 secs] 6758848K->4511555K(10982400K), 0.0406070 secs] [Times: user=0.23 sys=0.01, real=0.04 secs] 
15512.677: [GC 15512.677: [ParNew: 2285624K->28314K(2534400K), 0.0415000 secs] 6764355K->4508381K(10982400K), 0.0419950 secs] [Times: user=0.28 sys=0.00, real=0.04 secs] 
15517.333: [GC 15517.333: [ParNew: 2281114K->56013K(2534400K), 0.0403790 secs] 6761181K->4538519K(10982400K), 0.0408670 secs] [Times: user=0.34 sys=0.01, real=0.04 secs] 
15521.319: [GC 15521.320: [ParNew: 2308813K->55333K(2534400K), 0.0316220 secs] 6791319K->4539003K(10982400K), 0.0321140 secs] [Times: user=0.29 sys=0.00, real=0.03 secs] 
15524.015: [GC 15524.015: [ParNew: 2308133K->71378K(2534400K), 0.0335830 secs] 6791803K->4556808K(10982400K), 0.0340600 secs] [Times: user=0.39 sys=0.00, real=0.04 secs] 
15529.818: [GC 15529.818: [ParNew: 2324171K->54830K(2534400K), 0.0427800 secs] 6809601K->4543143K(10982400K), 0.0432710 secs] [Times: user=0.28 sys=0.01, real=0.05 secs] 
15533.282: [GC 15533.282: [ParNew: 2307630K->55375K(2534400K), 0.0352310 secs] 6795943K->4546151K(10982400K), 0.0357190 secs] [Times: user=0.36 sys=0.00, real=0.03 secs] 
15536.483: [GC 15536.483: [ParNew: 2308175K->66432K(2534400K), 0.0397600 secs] 6798951K->4558417K(10982400K), 0.0402730 secs] [Times: user=0.36 sys=0.00, real=0.04 secs] 
15539.587: [GC 15539.587: [ParNew: 2319232K->87717K(2534400K), 0.0454060 secs] 6811217K->4580371K(10982400K), 0.0458870 secs] [Times: user=0.49 sys=0.00, real=0.05 secs] 
15542.867: [GC 15542.867: [ParNew: 2340502K->64611K(2534400K), 0.0291590 secs] 6833156K->4559630K(10982400K), 0.0296130 secs] [Times: user=0.23 sys=0.00, real=0.03 secs] 
15548.732: [GC 15548.732: [ParNew: 2317411K->39060K(2534400K), 0.0361210 secs] 6812430K->4535428K(10982400K), 0.0366450 secs] [Times: user=0.24 sys=0.00, real=0.03 secs] 
15553.652: [GC 15553.652: [ParNew: 2291860K->81768K(2534400K), 0.0524380 secs] 6788228K->4584901K(10982400K), 0.0529390 secs] [Times: user=0.47 sys=0.01, real=0.06 secs] 
15560.306: [GC 15560.306: [ParNew: 2334568K->69377K(2534400K), 0.0446580 secs] 6837701K->4573747K(10982400K), 0.0451640 secs] [Times: user=0.29 sys=0.00, real=0.04 secs] 
15565.971: [GC 15565.972: [ParNew: 2322177K->66019K(2534400K), 0.0403240 secs] 6826547K->4571353K(10982400K), 0.0408190 secs] [Times: user=0.28 sys=0.00, real=0.04 secs] 
15570.520: [GC 15570.521: [ParNew: 2318819K->93734K(2534400K), 0.0496530 secs] 6824153K->4605308K(10982400K), 0.0501150 secs] [Times: user=0.47 sys=0.01, real=0.05 secs] 
15574.607: [GC 15574.607: [ParNew: 2346534K->88100K(2534400K), 0.0617510 secs] 6858108K->4619651K(10982400K), 0.0622450 secs] [Times: user=0.47 sys=0.01, real=0.06 secs] 
15578.707: [GC 15578.707: [ParNew: 2340900K->81164K(2534400K), 0.0414370 secs] 6872451K->4615348K(10982400K), 0.0418900 secs] [Times: user=0.42 sys=0.01, real=0.04 secs] 
15582.015: [GC 15582.015: [ParNew: 2333964K->63860K(2534400K), 0.0327500 secs] 6868148K->4600950K(10982400K), 0.0332380 secs] [Times: user=0.32 sys=0.00, real=0.04 secs] 
15585.280: [GC 15585.280: [ParNew: 2316660K->64185K(2534400K), 0.0383050 secs] 6853750K->4604436K(10982400K), 0.0387930 secs] [Times: user=0.45 sys=0.00, real=0.04 secs] 
15590.059: [GC 15590.060: [ParNew: 2316985K->49479K(2534400K), 0.0374180 secs] 6857236K->4592497K(10982400K), 0.0379140 secs] [Times: user=0.26 sys=0.00, real=0.03 secs] 
15595.491: [GC 15595.491: [ParNew: 2302271K->32242K(2534400K), 0.0351500 secs] 6845289K->4577347K(10982400K), 0.0356580 secs] [Times: user=0.22 sys=0.00, real=0.03 secs] 
15598.118: [GC 15598.118: [ParNew: 2285041K->60918K(2534400K), 0.0429790 secs] 6830146K->4607667K(10982400K), 0.0434630 secs] [Times: user=0.39 sys=0.00, real=0.05 secs] 
15600.461: [GC 15600.461: [ParNew: 2313718K->68293K(2534400K), 0.0371160 secs] 6860467K->4616304K(10982400K), 0.0375740 secs] [Times: user=0.38 sys=0.00, real=0.03 secs] 
15603.592: [GC 15603.593: [ParNew: 2321093K->54139K(2534400K), 0.0291900 secs] 6869104K->4603904K(10982400K), 0.0296380 secs] [Times: user=0.30 sys=0.00, real=0.03 secs] 
15607.857: [GC 15607.857: [ParNew: 2306939K->49637K(2534400K), 0.0380840 secs] 6856704K->4601820K(10982400K), 0.0385450 secs] [Times: user=0.34 sys=0.00, real=0.04 secs] 
15610.379: [GC 15610.379: [ParNew: 2302404K->63842K(2534400K), 0.0294380 secs] 6854587K->4619114K(10982400K), 0.0299230 secs] [Times: user=0.32 sys=0.00, real=0.03 secs] 
15612.182: [GC 15612.182: [ParNew: 2316642K->57498K(2534400K), 0.0247140 secs] 6871914K->4613726K(10982400K), 0.0251870 secs] [Times: user=0.29 sys=0.00, real=0.02 secs] 
15614.963: [GC 15614.963: [ParNew: 2310298K->65843K(2534400K), 0.0458570 secs] 6866526K->4626654K(10982400K), 0.0463440 secs] [Times: user=0.35 sys=0.01, real=0.04 secs] 
15617.351: [GC 15617.351: [ParNew: 2318643K->74611K(2534400K), 0.0375860 secs] 6879454K->4638148K(10982400K), 0.0381920 secs] [Times: user=0.44 sys=0.00, real=0.04 secs] 
15622.612: [GC 15622.612: [ParNew: 2327411K->73769K(2534400K), 0.0461190 secs] 6890948K->4638426K(10982400K), 0.0467250 secs] [Times: user=0.35 sys=0.01, real=0.05 secs] 
15625.787: [GC 15625.788: [ParNew: 2326569K->60717K(2534400K), 0.0317460 secs] 6891226K->4626741K(10982400K), 0.0322870 secs] [Times: user=0.25 sys=0.00, real=0.03 secs] 
15631.882: [GC 15631.882: [ParNew: 2313517K->55937K(2534400K), 0.0528460 secs] 6879541K->4634902K(10982400K), 0.0533850 secs] [Times: user=0.33 sys=0.01, real=0.06 secs] 
15637.190: [GC 15637.191: [ParNew: 2308737K->68078K(2534400K), 0.0411330 secs] 6887702K->4648737K(10982400K), 0.0417760 secs] [Times: user=0.33 sys=0.00, real=0.04 secs] 
15644.311: [GC 15644.311: [ParNew: 2320878K->52524K(2534400K), 0.0522390 secs] 6901537K->4644103K(10982400K), 0.0527870 secs] [Times: user=0.27 sys=0.00, real=0.05 secs] 
15648.848: [GC 15648.849: [ParNew: 2305324K->31194K(2534400K), 0.0336650 secs] 6896903K->4624355K(10982400K), 0.0342520 secs] [Times: user=0.19 sys=0.00, real=0.03 secs] 
15655.095: [GC 15655.096: [ParNew: 2283994K->50034K(2534400K), 0.0445830 secs] 6877155K->4645083K(10982400K), 0.0451960 secs] [Times: user=0.31 sys=0.00, real=0.05 secs] 
15657.987: [GC 15657.987: [ParNew: 2302807K->39533K(2534400K), 0.0379830 secs] 6897856K->4635870K(10982400K), 0.0385100 secs] [Times: user=0.23 sys=0.00, real=0.04 secs] 
15661.096: [GC 15661.096: [ParNew: 2292333K->25928K(2534400K), 0.0305610 secs] 6888670K->4624068K(10982400K), 0.0311600 secs] [Times: user=0.20 sys=0.00, real=0.03 secs] 
15666.160: [GC 15666.161: [ParNew: 2278728K->31662K(2534400K), 0.0358230 secs] 6876868K->4631731K(10982400K), 0.0364160 secs] [Times: user=0.22 sys=0.00, real=0.03 secs] 
15669.983: [GC 15669.983: [ParNew: 2284462K->29223K(2534400K), 0.0358350 secs] 6884531K->4631116K(10982400K), 0.0364430 secs] [Times: user=0.22 sys=0.01, real=0.03 secs] 
15675.040: [GC 15675.040: [ParNew: 2282023K->35444K(2534400K), 0.0485400 secs] 6883916K->4637892K(10982400K), 0.0493180 secs] [Times: user=0.21 sys=0.01, real=0.05 secs] 
15679.154: [GC 15679.154: [ParNew: 2288244K->27966K(2534400K), 0.0299960 secs] 6890692K->4633135K(10982400K), 0.0305360 secs] [Times: user=0.19 sys=0.00, real=0.03 secs] 
15684.851: [GC 15684.852: [ParNew: 2280766K->56703K(2534400K), 0.0488480 secs] 6885935K->4665647K(10982400K), 0.0494970 secs] [Times: user=0.35 sys=0.00, real=0.05 secs] 
15690.654: [GC 15690.655: [ParNew: 2309503K->52915K(2534400K), 0.0398270 secs] 6918447K->4662862K(10982400K), 0.0403760 secs] [Times: user=0.27 sys=0.00, real=0.04 secs] 
15696.114: [GC 15696.114: [ParNew: 2305715K->38982K(2534400K), 0.0374990 secs] 6915662K->4650549K(10982400K), 0.0380440 secs] [Times: user=0.21 sys=0.00, real=0.03 secs] 
15702.240: [GC 15702.240: [ParNew: 2291782K->34642K(2534400K), 0.0422980 secs] 6903349K->4647831K(10982400K), 0.0429140 secs] [Times: user=0.22 sys=0.00, real=0.04 secs] 
15706.704: [GC 15706.705: [ParNew: 2287442K->50092K(2534400K), 0.0487980 secs] 6900631K->4664557K(10982400K), 0.0494270 secs] [Times: user=0.25 sys=0.01, real=0.05 secs] 
15712.658: [GC 15712.659: [ParNew: 2302888K->40849K(2534400K), 0.0439480 secs] 6917353K->4657751K(10982400K), 0.0445660 secs] [Times: user=0.22 sys=0.01, real=0.04 secs] 
15717.406: [GC 15717.406: [ParNew: 2293649K->73309K(2534400K), 0.0603190 secs] 6910551K->4693343K(10982400K), 0.0609470 secs] [Times: user=0.38 sys=0.00, real=0.07 secs] 
15722.267: [GC 15722.268: [ParNew: 2326109K->53712K(2534400K), 0.0547310 secs] 6946143K->4678432K(10982400K), 0.0553340 secs] [Times: user=0.29 sys=0.00, real=0.06 secs] 
15726.581: [GC 15726.581: [ParNew: 2306512K->37902K(2534400K), 0.0378660 secs] 6931232K->4664661K(10982400K), 0.0384670 secs] [Times: user=0.24 sys=0.00, real=0.04 secs] 
15731.035: [GC 15731.036: [ParNew: 2290702K->89809K(2534400K), 0.0497070 secs] 6917461K->4717809K(10982400K), 0.0503080 secs] [Times: user=0.51 sys=0.00, real=0.05 secs] 
15735.626: [GC 15735.626: [ParNew: 2342609K->71091K(2534400K), 0.0427560 secs] 6970609K->4701341K(10982400K), 0.0433650 secs] [Times: user=0.30 sys=0.00, real=0.04 secs] 
15739.078: [GC 15739.078: [ParNew: 2323891K->60501K(2534400K), 0.0395570 secs] 6954141K->4692051K(10982400K), 0.0401460 secs] [Times: user=0.31 sys=0.00, real=0.04 secs] 
15741.962: [GC 15741.962: [ParNew: 2313301K->83927K(2534400K), 0.0370140 secs] 6944851K->4717672K(10982400K), 0.0375600 secs] [Times: user=0.44 sys=0.00, real=0.03 secs] 
15744.127: [GC 15744.127: [ParNew: 2336727K->58140K(2534400K), 0.0255180 secs] 6970472K->4694958K(10982400K), 0.0260450 secs] [Times: user=0.20 sys=0.00, real=0.03 secs] 
15746.495: [GC 15746.496: [ParNew: 2310940K->46025K(2534400K), 0.0362940 secs] 6947758K->4687165K(10982400K), 0.0368330 secs] [Times: user=0.24 sys=0.00, real=0.04 secs] 
15749.334: [GC 15749.334: [ParNew: 2298825K->58596K(2534400K), 0.0355060 secs] 6939965K->4701604K(10982400K), 0.0361070 secs] [Times: user=0.32 sys=0.01, real=0.03 secs] 
15754.039: [GC 15754.039: [ParNew: 2311396K->73876K(2534400K), 0.0423790 secs] 6954404K->4718359K(10982400K), 0.0429310 secs] [Times: user=0.38 sys=0.00, real=0.04 secs] 
15758.669: [GC 15758.670: [ParNew: 2326676K->83771K(2534400K), 0.0439270 secs] 6971159K->4730043K(10982400K), 0.0444760 secs] [Times: user=0.40 sys=0.00, real=0.05 secs] 
15762.412: [GC 15762.412: [ParNew: 2336571K->100558K(2534400K), 0.0504320 secs] 6982843K->4754484K(10982400K), 0.0510340 secs] [Times: user=0.58 sys=0.00, real=0.05 secs] 
15767.141: [GC 15767.141: [ParNew: 2353358K->87871K(2534400K), 0.0494190 secs] 7007284K->4742643K(10982400K), 0.0499600 secs] [Times: user=0.40 sys=0.00, real=0.05 secs] 
15771.190: [GC 15771.190: [ParNew: 2340533K->62837K(2534400K), 0.0323820 secs] 6995305K->4718704K(10982400K), 0.0329270 secs] [Times: user=0.23 sys=0.00, real=0.03 secs] 
15773.477: [GC 15773.477: [ParNew: 2315637K->79971K(2534400K), 0.0419750 secs] 6971504K->4739405K(10982400K), 0.0425700 secs] [Times: user=0.51 sys=0.01, real=0.04 secs] 
15776.384: [GC 15776.384: [ParNew: 2332771K->62942K(2534400K), 0.0417240 secs] 6992205K->4732639K(10982400K), 0.0423320 secs] [Times: user=0.24 sys=0.01, real=0.05 secs] 
15780.423: [GC 15780.424: [ParNew: 2315742K->52920K(2534400K), 0.0489570 secs] 6985439K->4724758K(10982400K), 0.0495070 secs] [Times: user=0.32 sys=0.00, real=0.05 secs] 
15783.384: [GC 15783.385: [ParNew: 2305720K->52410K(2534400K), 0.0336090 secs] 6977558K->4725233K(10982400K), 0.0342510 secs] [Times: user=0.32 sys=0.00, real=0.04 secs] 
15787.202: [GC 15787.203: [ParNew: 2305210K->57068K(2534400K), 0.0364110 secs] 6978033K->4731439K(10982400K), 0.0369550 secs] [Times: user=0.33 sys=0.01, real=0.04 secs] 
15789.905: [GC 15789.905: [ParNew: 2309868K->69731K(2534400K), 0.0367300 secs] 6984239K->4746374K(10982400K), 0.0373590 secs] [Times: user=0.38 sys=0.01, real=0.04 secs] 
15791.232: [GC 15791.232: [ParNew: 2322531K->66453K(2534400K), 0.0260860 secs] 6999174K->4744350K(10982400K), 0.0267250 secs] [Times: user=0.35 sys=0.00, real=0.03 secs] 
15792.707: [GC 15792.707: [ParNew: 2319253K->62811K(2534400K), 0.0278590 secs] 6997150K->4742503K(10982400K), 0.0284710 secs] [Times: user=0.36 sys=0.00, real=0.03 secs] 
15794.105: [GC 15794.105: [ParNew: 2315611K->51394K(2534400K), 0.0258740 secs] 6995303K->4733609K(10982400K), 0.0264800 secs] [Times: user=0.24 sys=0.01, real=0.03 secs] 
15796.932: [GC 15796.932: [ParNew: 2304194K->29620K(2534400K), 0.0267640 secs] 6986409K->4713482K(10982400K), 0.0273710 secs] [Times: user=0.20 sys=0.00, real=0.03 secs] 
15800.339: [GC 15800.339: [ParNew: 2282420K->25666K(2534400K), 0.0271860 secs] 6966282K->4709903K(10982400K), 0.0277990 secs] [Times: user=0.16 sys=0.00, real=0.03 secs] 
15805.417: [GC 15805.417: [ParNew: 2278466K->37754K(2534400K), 0.0383110 secs] 6962703K->4722752K(10982400K), 0.0388640 secs] [Times: user=0.25 sys=0.00, real=0.04 secs] 
15811.536: [GC 15811.536: [ParNew: 2290472K->35039K(2534400K), 0.0455990 secs] 6975470K->4720924K(10982400K), 0.0462030 secs] [Times: user=0.24 sys=0.01, real=0.05 secs] 
15814.845: [GC 15814.845: [ParNew: 2287847K->36466K(2534400K), 0.0341640 secs] 6973732K->4725230K(10982400K), 0.0347610 secs] [Times: user=0.23 sys=0.00, real=0.03 secs] 
15814.882: [GC 15814.882: [ParNew: 37877K->36465K(2534400K), 0.0120570 secs] 4726640K->4726746K(10982400K), 0.0124500 secs] [Times: user=0.19 sys=0.00, real=0.01 secs] 
15816.747: [GC 15816.748: [ParNew: 2289248K->32586K(2534400K), 0.0222200 secs] 6979528K->4726788K(10982400K), 0.0229070 secs] [Times: user=0.19 sys=0.00, real=0.02 secs] 
15823.313: [GC 15823.313: [ParNew: 2285386K->29124K(2534400K), 0.0485940 secs] 6979588K->4726790K(10982400K), 0.0491400 secs] [Times: user=0.21 sys=0.00, real=0.05 secs] 
15829.564: [GC 15829.564: [ParNew: 2281924K->59853K(2534400K), 0.0555610 secs] 6979590K->4763499K(10982400K), 0.0561160 secs] [Times: user=0.38 sys=0.01, real=0.06 secs] 
15834.133: [GC 15834.133: [ParNew: 2312653K->41591K(2534400K), 0.0348640 secs] 7016299K->4745238K(10982400K), 0.0354050 secs] [Times: user=0.19 sys=0.00, real=0.04 secs] 
15837.008: [GC 15837.009: [ParNew: 2294391K->40570K(2534400K), 0.0378690 secs] 6998038K->4744859K(10982400K), 0.0384900 secs] [Times: user=0.23 sys=0.00, real=0.04 secs] 
15842.657: [GC 15842.657: [ParNew: 2293370K->70763K(2534400K), 0.0504910 secs] 6997659K->4777358K(10982400K), 0.0511060 secs] [Times: user=0.41 sys=0.01, real=0.05 secs] 
15848.178: [GC 15848.179: [ParNew: 2323563K->72728K(2534400K), 0.0452740 secs] 7030158K->4782348K(10982400K), 0.0458890 secs] [Times: user=0.34 sys=0.00, real=0.04 secs] 
15854.660: [GC 15854.660: [ParNew: 2325528K->55815K(2534400K), 0.0548560 secs] 7035148K->4772180K(10982400K), 0.0555660 secs] [Times: user=0.26 sys=0.01, real=0.05 secs] 
15859.787: [GC 15859.787: [ParNew: 2308615K->33550K(2534400K), 0.0431510 secs] 7024980K->4756112K(10982400K), 0.0437710 secs] [Times: user=0.22 sys=0.00, real=0.05 secs] 
15865.438: [GC 15865.439: [ParNew: 2286350K->35706K(2534400K), 0.0441890 secs] 7008912K->4759678K(10982400K), 0.0447430 secs] [Times: user=0.32 sys=0.01, real=0.05 secs] 
15869.850: [GC 15869.851: [ParNew: 2288506K->59852K(2534400K), 0.0448330 secs] 7012478K->4786136K(10982400K), 0.0453780 secs] [Times: user=0.42 sys=0.01, real=0.04 secs] 
15874.034: [GC 15874.034: [ParNew: 2312652K->46596K(2534400K), 0.0423280 secs] 7038936K->4776278K(10982400K), 0.0429420 secs] [Times: user=0.25 sys=0.01, real=0.04 secs] 
15876.599: [GC 15876.599: [ParNew: 2299349K->60325K(2534400K), 0.0364510 secs] 7029031K->4791594K(10982400K), 0.0369890 secs] [Times: user=0.40 sys=0.00, real=0.04 secs] 
15878.026: [GC 15878.027: [ParNew: 2313125K->49645K(2534400K), 0.0246530 secs] 7044394K->4782500K(10982400K), 0.0251700 secs] [Times: user=0.28 sys=0.00, real=0.03 secs] 
15881.780: [GC 15881.780: [ParNew: 2302445K->38979K(2534400K), 0.0334410 secs] 7035300K->4774373K(10982400K), 0.0340580 secs] [Times: user=0.21 sys=0.00, real=0.04 secs] 
15884.085: [GC 15884.085: [ParNew: 2285364K->85943K(2534400K), 0.0375950 secs] 7020759K->4823290K(10982400K), 0.0381880 secs] [Times: user=0.44 sys=0.00, real=0.04 secs] 
15886.998: [GC 15886.998: [ParNew: 2338743K->64376K(2534400K), 0.0392770 secs] 7076090K->4805785K(10982400K), 0.0398910 secs] [Times: user=0.34 sys=0.01, real=0.04 secs] 
15890.074: [GC 15890.075: [ParNew: 2317176K->65304K(2534400K), 0.0396140 secs] 7058585K->4807621K(10982400K), 0.0401510 secs] [Times: user=0.34 sys=0.01, real=0.04 secs] 
15894.179: [GC 15894.179: [ParNew: 2318104K->83859K(2534400K), 0.0437860 secs] 7060421K->4827276K(10982400K), 0.0443230 secs] [Times: user=0.45 sys=0.00, real=0.04 secs] 
15898.368: [GC 15898.368: [ParNew: 2336659K->57650K(2534400K), 0.0461880 secs] 7080076K->4802045K(10982400K), 0.0468000 secs] [Times: user=0.28 sys=0.00, real=0.04 secs] 
15903.191: [GC 15903.191: [ParNew: 2310450K->72839K(2534400K), 0.0508910 secs] 7054845K->4819064K(10982400K), 0.0515010 secs] [Times: user=0.54 sys=0.00, real=0.05 secs] 
15907.077: [GC 15907.078: [ParNew: 2325639K->57594K(2534400K), 0.0373480 secs] 7071864K->4806025K(10982400K), 0.0378930 secs] [Times: user=0.26 sys=0.00, real=0.03 secs] 
15910.300: [GC 15910.300: [ParNew: 2310394K->57180K(2534400K), 0.0362090 secs] 7058825K->4807630K(10982400K), 0.0367490 secs] [Times: user=0.39 sys=0.01, real=0.04 secs] 
15913.987: [GC 15913.988: [ParNew: 2309980K->47912K(2534400K), 0.0446790 secs] 7060430K->4800244K(10982400K), 0.0452120 secs] [Times: user=0.31 sys=0.00, real=0.04 secs] 
15919.878: [GC 15919.878: [ParNew: 2300712K->33077K(2534400K), 0.0443580 secs] 7053044K->4786485K(10982400K), 0.0449930 secs] [Times: user=0.27 sys=0.00, real=0.04 secs] 
15925.142: [GC 15925.143: [ParNew: 2285877K->42834K(2534400K), 0.0427020 secs] 7039285K->4798412K(10982400K), 0.0434050 secs] [Times: user=0.24 sys=0.01, real=0.04 secs] 
15929.344: [GC 15929.344: [ParNew: 2295634K->37599K(2534400K), 0.0372850 secs] 7051212K->4796751K(10982400K), 0.0378250 secs] [Times: user=0.21 sys=0.01, real=0.04 secs] 
15935.387: [GC 15935.387: [ParNew: 2290367K->43352K(2534400K), 0.0378960 secs] 7049518K->4803643K(10982400K), 0.0384310 secs] [Times: user=0.24 sys=0.00, real=0.04 secs] 
15940.062: [GC 15940.062: [ParNew: 2296152K->42098K(2534400K), 0.0331290 secs] 7056443K->4803665K(10982400K), 0.0336680 secs] [Times: user=0.22 sys=0.01, real=0.03 secs] 
15946.101: [GC 15946.101: [ParNew: 2294898K->58533K(2534400K), 0.0532470 secs] 7056465K->4826835K(10982400K), 0.0538260 secs] [Times: user=0.34 sys=0.01, real=0.06 secs] 
15952.129: [GC 15952.130: [ParNew: 2311333K->48336K(2534400K), 0.0503000 secs] 7079635K->4817891K(10982400K), 0.0509130 secs] [Times: user=0.29 sys=0.00, real=0.05 secs] 
15956.169: [GC 15956.169: [ParNew: 2301136K->59438K(2534400K), 0.0516970 secs] 7070691K->4836430K(10982400K), 0.0523030 secs] [Times: user=0.48 sys=0.00, real=0.05 secs] 
15960.160: [GC 15960.160: [ParNew: 2312238K->64900K(2534400K), 0.0409120 secs] 7089230K->4843243K(10982400K), 0.0414510 secs] [Times: user=0.33 sys=0.00, real=0.04 secs] 
15964.828: [GC 15964.829: [ParNew: 2317700K->47308K(2534400K), 0.0386650 secs] 7096043K->4828484K(10982400K), 0.0392760 secs] [Times: user=0.26 sys=0.00, real=0.04 secs] 
15969.339: [GC 15969.340: [ParNew: 2300108K->68265K(2534400K), 0.0413480 secs] 7081284K->4852125K(10982400K), 0.0419620 secs] [Times: user=0.37 sys=0.00, real=0.04 secs] 
15973.639: [GC 15973.640: [ParNew: 2321065K->55989K(2534400K), 0.0396860 secs] 7104925K->4841559K(10982400K), 0.0403020 secs] [Times: user=0.27 sys=0.00, real=0.04 secs] 
15978.942: [GC 15978.942: [ParNew: 2308789K->44989K(2534400K), 0.0405220 secs] 7094359K->4832501K(10982400K), 0.0411310 secs] [Times: user=0.24 sys=0.01, real=0.04 secs] 
15982.886: [GC 15982.886: [ParNew: 2297789K->85653K(2534400K), 0.0491710 secs] 7085301K->4874647K(10982400K), 0.0497060 secs] [Times: user=0.49 sys=0.00, real=0.05 secs] 
15988.647: [GC 15988.647: [ParNew: 2338453K->70324K(2534400K), 0.0479340 secs] 7127447K->4863241K(10982400K), 0.0485430 secs] [Times: user=0.32 sys=0.00, real=0.05 secs] 
15992.254: [GC 15992.254: [ParNew: 2323124K->35903K(2534400K), 0.0327110 secs] 7116041K->4830000K(10982400K), 0.0333120 secs] [Times: user=0.18 sys=0.00, real=0.03 secs] 
15997.735: [GC 15997.735: [ParNew: 2288703K->29427K(2534400K), 0.0368210 secs] 7082800K->4826273K(10982400K), 0.0373700 secs] [Times: user=0.22 sys=0.01, real=0.04 secs] 
16001.301: [GC 16001.302: [ParNew: 2282227K->42082K(2534400K), 0.0336620 secs] 7079073K->4840035K(10982400K), 0.0342810 secs] [Times: user=0.26 sys=0.00, real=0.03 secs] 
16001.338: [GC 16001.338: [ParNew: 42421K->44786K(2534400K), 0.0129500 secs] 4840373K->4845745K(10982400K), 0.0133450 secs] [Times: user=0.22 sys=0.00, real=0.02 secs] 
16006.742: [GC 16006.742: [ParNew: 2297586K->66643K(2534400K), 0.0447100 secs] 7098545K->4868699K(10982400K), 0.0452510 secs] [Times: user=0.35 sys=0.01, real=0.04 secs] 
16009.384: [GC 16009.385: [ParNew: 2319443K->42002K(2534400K), 0.0277480 secs] 7121499K->4847479K(10982400K), 0.0283610 secs] [Times: user=0.20 sys=0.00, real=0.03 secs] 
16010.890: [GC 16010.890: [ParNew: 2294802K->65118K(2534400K), 0.0327220 secs] 7100279K->4871995K(10982400K), 0.0332370 secs] [Times: user=0.45 sys=0.00, real=0.04 secs] 
16013.968: [GC 16013.969: [ParNew: 2317918K->49261K(2534400K), 0.0266820 secs] 7124795K->4856137K(10982400K), 0.0272120 secs] [Times: user=0.17 sys=0.00, real=0.03 secs] 
16016.452: [GC 16016.453: [ParNew: 2302061K->53875K(2534400K), 0.0360700 secs] 7108937K->4863086K(10982400K), 0.0367040 secs] [Times: user=0.35 sys=0.00, real=0.04 secs] 
16018.711: [GC 16018.712: [ParNew: 2306675K->39552K(2534400K), 0.0338260 secs] 7115886K->4849958K(10982400K), 0.0344230 secs] [Times: user=0.21 sys=0.00, real=0.04 secs] 
16023.350: [GC 16023.350: [ParNew: 2292341K->23991K(2534400K), 0.0344450 secs] 7102746K->4836373K(10982400K), 0.0350700 secs] [Times: user=0.19 sys=0.00, real=0.04 secs] 
16028.000: [GC 16028.001: [ParNew: 2276791K->25616K(2534400K), 0.0396590 secs] 7089173K->4839038K(10982400K), 0.0402970 secs] [Times: user=0.26 sys=0.00, real=0.04 secs] 
16032.818: [GC 16032.818: [ParNew: 2278416K->27434K(2534400K), 0.0353670 secs] 7091838K->4841639K(10982400K), 0.0359780 secs] [Times: user=0.17 sys=0.01, real=0.03 secs] 
16036.851: [GC 16036.851: [ParNew: 2280234K->31384K(2534400K), 0.0369310 secs] 7094439K->4846586K(10982400K), 0.0374700 secs] [Times: user=0.25 sys=0.00, real=0.04 secs] 
16041.590: [GC 16041.590: [ParNew: 2284184K->33595K(2534400K), 0.0429260 secs] 7099386K->4850970K(10982400K), 0.0434620 secs] [Times: user=0.27 sys=0.00, real=0.04 secs] 
16044.985: [GC 16044.985: [ParNew: 2286395K->56600K(2534400K), 0.0409990 secs] 7103770K->4876413K(10982400K), 0.0415960 secs] [Times: user=0.38 sys=0.00, real=0.04 secs] 
16049.845: [GC 16049.846: [ParNew: 2309400K->101686K(2534400K), 0.0499230 secs] 7129213K->4922250K(10982400K), 0.0504640 secs] [Times: user=0.54 sys=0.00, real=0.05 secs] 
16054.284: [GC 16054.284: [ParNew: 2354486K->74715K(2534400K), 0.0428780 secs] 7175050K->4898436K(10982400K), 0.0434150 secs] [Times: user=0.37 sys=0.00, real=0.04 secs] 
16058.261: [GC 16058.262: [ParNew: 2327515K->48556K(2534400K), 0.0365900 secs] 7151236K->4874389K(10982400K), 0.0372150 secs] [Times: user=0.25 sys=0.00, real=0.04 secs] 
16061.967: [GC 16061.967: [ParNew: 2301356K->61425K(2534400K), 0.0409070 secs] 7127189K->4890505K(10982400K), 0.0414210 secs] [Times: user=0.42 sys=0.00, real=0.04 secs] 
16065.965: [GC 16065.965: [ParNew: 2314225K->60484K(2534400K), 0.0344330 secs] 7143305K->4893053K(10982400K), 0.0349400 secs] [Times: user=0.31 sys=0.00, real=0.04 secs] 
16068.746: [GC 16068.746: [ParNew: 2313212K->45686K(2534400K), 0.0275230 secs] 7145781K->4879931K(10982400K), 0.0280050 secs] [Times: user=0.22 sys=0.00, real=0.03 secs] 
16073.156: [GC 16073.156: [ParNew: 2298486K->34912K(2534400K), 0.0357350 secs] 7132731K->4871479K(10982400K), 0.0362720 secs] [Times: user=0.23 sys=0.01, real=0.04 secs] 
16077.035: [GC 16077.035: [ParNew: 2287712K->37221K(2534400K), 0.0433390 secs] 7124279K->4881079K(10982400K), 0.0438900 secs] [Times: user=0.28 sys=0.01, real=0.04 secs] 
16079.746: [GC 16079.746: [ParNew: 2290021K->54429K(2534400K), 0.0431620 secs] 7133879K->4899832K(10982400K), 0.0436930 secs] [Times: user=0.43 sys=0.00, real=0.04 secs] 
16084.449: [GC 16084.450: [ParNew: 2307229K->53668K(2534400K), 0.0428940 secs] 7152632K->4900618K(10982400K), 0.0434460 secs] [Times: user=0.28 sys=0.00, real=0.05 secs] 
16087.828: [GC 16087.828: [ParNew: 2306468K->48812K(2534400K), 0.0330740 secs] 7153418K->4899348K(10982400K), 0.0336690 secs] [Times: user=0.30 sys=0.01, real=0.03 secs] 
16091.347: [GC 16091.347: [ParNew: 2301612K->36329K(2534400K), 0.0310350 secs] 7152148K->4891058K(10982400K), 0.0315640 secs] [Times: user=0.22 sys=0.01, real=0.03 secs] 
16096.460: [GC 16096.460: [ParNew: 2289129K->83644K(2534400K), 0.0566820 secs] 7143858K->4941613K(10982400K), 0.0572200 secs] [Times: user=0.57 sys=0.00, real=0.06 secs] 
16100.608: [GC 16100.608: [ParNew: 2336444K->60606K(2534400K), 0.0352730 secs] 7194413K->4919989K(10982400K), 0.0358740 secs] [Times: user=0.23 sys=0.00, real=0.03 secs] 
16105.159: [GC 16105.159: [ParNew: 2313354K->60634K(2534400K), 0.0408930 secs] 7172738K->4922385K(10982400K), 0.0414950 secs] [Times: user=0.34 sys=0.00, real=0.04 secs] 
16107.419: [GC 16107.419: [ParNew: 2313434K->105430K(2534400K), 0.0402300 secs] 7175185K->4968311K(10982400K), 0.0408220 secs] [Times: user=0.52 sys=0.00, real=0.04 secs] 
16109.768: [GC 16109.768: [ParNew: 2358076K->75387K(2534400K), 0.0283890 secs] 7220957K->4940797K(10982400K), 0.0289500 secs] [Times: user=0.18 sys=0.00, real=0.03 secs] 
16113.357: [GC 16113.357: [ParNew: 2328187K->45947K(2534400K), 0.0369240 secs] 7193597K->4913718K(10982400K), 0.0375170 secs] [Times: user=0.29 sys=0.00, real=0.03 secs] 
16117.744: [GC 16117.744: [ParNew: 2298747K->41154K(2534400K), 0.0415130 secs] 7166518K->4913767K(10982400K), 0.0421310 secs] [Times: user=0.21 sys=0.00, real=0.04 secs] 
16121.517: [GC 16121.517: [ParNew: 2293954K->144361K(2534400K), 0.0763450 secs] 7166567K->5020748K(10982400K), 0.0769560 secs] [Times: user=0.77 sys=0.00, real=0.08 secs] 
16123.487: [GC 16123.487: [ParNew: 2397161K->93965K(2534400K), 0.0356750 secs] 7273548K->4970736K(10982400K), 0.0361980 secs] [Times: user=0.42 sys=0.00, real=0.04 secs] 
16126.036: [GC 16126.037: [ParNew: 2346765K->47649K(2534400K), 0.0287340 secs] 7223536K->4927289K(10982400K), 0.0292660 secs] [Times: user=0.21 sys=0.00, real=0.03 secs] 
16130.140: [GC 16130.140: [ParNew: 2300449K->26061K(2534400K), 0.0345880 secs] 7180089K->4907795K(10982400K), 0.0351320 secs] [Times: user=0.22 sys=0.00, real=0.03 secs] 
16135.573: [GC 16135.574: [ParNew: 2278861K->40098K(2534400K), 0.0451530 secs] 7160595K->4923139K(10982400K), 0.0457700 secs] [Times: user=0.24 sys=0.00, real=0.04 secs] 
16137.564: [GC 16137.564: [ParNew: 2292898K->28084K(2534400K), 0.0254540 secs] 7175939K->4912426K(10982400K), 0.0259900 secs] [Times: user=0.19 sys=0.00, real=0.02 secs] 
16140.872: [GC 16140.872: [ParNew: 2280884K->30880K(2534400K), 0.0294780 secs] 7165226K->4916533K(10982400K), 0.0300740 secs] [Times: user=0.18 sys=0.00, real=0.03 secs] 
16142.467: [GC 16142.467: [ParNew: 2283680K->31950K(2534400K), 0.0278090 secs] 7169333K->4919286K(10982400K), 0.0283720 secs] [Times: user=0.21 sys=0.00, real=0.03 secs] 
16143.992: [GC 16143.992: [ParNew: 2284750K->46084K(2534400K), 0.0313380 secs] 7172086K->4937081K(10982400K), 0.0319690 secs] [Times: user=0.30 sys=0.00, real=0.03 secs] 
16146.445: [GC 16146.446: [ParNew: 2298884K->51885K(2534400K), 0.0301830 secs] 7189881K->4944317K(10982400K), 0.0307960 secs] [Times: user=0.29 sys=0.00, real=0.03 secs] 
16149.530: [GC 16149.530: [ParNew: 2304685K->90772K(2534400K), 0.0370370 secs] 7197117K->4984753K(10982400K), 0.0376180 secs] [Times: user=0.39 sys=0.01, real=0.04 secs] 
16151.548: [GC 16151.548: [ParNew: 2343572K->62872K(2534400K), 0.0223910 secs] 7237553K->4957154K(10982400K), 0.0229160 secs] [Times: user=0.16 sys=0.00, real=0.02 secs] 
16156.134: [GC 16156.134: [ParNew: 2315672K->44853K(2534400K), 0.0410160 secs] 7209954K->4941077K(10982400K), 0.0415540 secs] [Times: user=0.30 sys=0.01, real=0.05 secs] 
16162.310: [GC 16162.311: [ParNew: 2297653K->38402K(2534400K), 0.0410700 secs] 7193877K->4937152K(10982400K), 0.0416110 secs] [Times: user=0.24 sys=0.00, real=0.04 secs] 
16166.878: [GC 16166.878: [ParNew: 2291202K->31440K(2534400K), 0.0341640 secs] 7189952K->4931612K(10982400K), 0.0347560 secs] [Times: user=0.17 sys=0.00, real=0.03 secs] 
16169.786: [GC 16169.786: [ParNew: 2284240K->31955K(2534400K), 0.0379050 secs] 7184412K->4933117K(10982400K), 0.0384240 secs] [Times: user=0.31 sys=0.00, real=0.03 secs] 
16176.846: [GC 16176.847: [ParNew: 2284755K->35015K(2534400K), 0.0596880 secs] 7185917K->4938476K(10982400K), 0.0603040 secs] [Times: user=0.41 sys=0.00, real=0.07 secs] 
16182.322: [GC 16182.323: [ParNew: 2287815K->36329K(2534400K), 0.0406650 secs] 7191276K->4941168K(10982400K), 0.0412220 secs] [Times: user=0.23 sys=0.00, real=0.04 secs] 
16185.810: [GC 16185.810: [ParNew: 2289129K->76541K(2534400K), 0.0436980 secs] 7193968K->4982121K(10982400K), 0.0443890 secs] [Times: user=0.45 sys=0.00, real=0.04 secs] 
16189.860: [GC 16189.860: [ParNew: 2329341K->64205K(2534400K), 0.0390000 secs] 7234921K->4970224K(10982400K), 0.0396200 secs] [Times: user=0.31 sys=0.00, real=0.04 secs] 
16193.386: [GC 16193.386: [ParNew: 2317005K->50514K(2534400K), 0.0312830 secs] 7223024K->4958545K(10982400K), 0.0318190 secs] [Times: user=0.23 sys=0.01, real=0.03 secs] 
16196.907: [GC 16196.908: [ParNew: 2303314K->100151K(2534400K), 0.0560710 secs] 7211345K->5009773K(10982400K), 0.0566810 secs] [Times: user=0.58 sys=0.00, real=0.06 secs] 
16199.788: [GC 16199.789: [ParNew: 2352951K->77109K(2534400K), 0.0417490 secs] 7262573K->4988565K(10982400K), 0.0423640 secs] [Times: user=0.38 sys=0.00, real=0.05 secs] 
16204.555: [GC 16204.555: [ParNew: 2329909K->79564K(2534400K), 0.0513370 secs] 7241365K->4992564K(10982400K), 0.0519770 secs] [Times: user=0.41 sys=0.00, real=0.05 secs] 
16208.464: [GC 16208.465: [ParNew: 2332364K->58423K(2534400K), 0.0372820 secs] 7245364K->4972178K(10982400K), 0.0379010 secs] [Times: user=0.21 sys=0.00, real=0.04 secs] 
16215.008: [GC 16215.008: [ParNew: 2311223K->109400K(2534400K), 0.0562460 secs] 7224978K->5024425K(10982400K), 0.0568440 secs] [Times: user=0.51 sys=0.01, real=0.06 secs] 
16218.448: [GC 16218.448: [ParNew: 2362200K->151553K(2534400K), 0.0559330 secs] 7277225K->5075670K(10982400K), 0.0564670 secs] [Times: user=0.64 sys=0.00, real=0.06 secs] 
16222.964: [GC 16222.964: [ParNew: 2404353K->127112K(2534400K), 0.0483630 secs] 7328470K->5053473K(10982400K), 0.0489760 secs] [Times: user=0.40 sys=0.00, real=0.05 secs] 
16227.860: [GC 16227.861: [ParNew: 2379912K->106788K(2534400K), 0.0492810 secs] 7306273K->5034125K(10982400K), 0.0498980 secs] [Times: user=0.41 sys=0.00, real=0.05 secs] 
16230.947: [GC 16230.948: [ParNew: 2359588K->107284K(2534400K), 0.0667300 secs] 7286925K->5091337K(10982400K), 0.0673570 secs] [Times: user=0.68 sys=0.01, real=0.07 secs] 
16236.649: [GC 16236.649: [ParNew: 2360084K->66215K(2534400K), 0.0470070 secs] 7344137K->5052401K(10982400K), 0.0476310 secs] [Times: user=0.33 sys=0.00, real=0.05 secs] 
16242.246: [GC 16242.246: [ParNew: 2319015K->51101K(2534400K), 0.0413020 secs] 7305201K->5041302K(10982400K), 0.0418430 secs] [Times: user=0.22 sys=0.01, real=0.05 secs] 
16247.753: [GC 16247.753: [ParNew: 2303901K->58872K(2534400K), 0.0534970 secs] 7294102K->5056326K(10982400K), 0.0541360 secs] [Times: user=0.40 sys=0.00, real=0.05 secs] 
16252.247: [GC 16252.248: [ParNew: 2311672K->88165K(2534400K), 0.0493520 secs] 7309126K->5086367K(10982400K), 0.0499660 secs] [Times: user=0.56 sys=0.00, real=0.05 secs] 
16255.770: [GC 16255.771: [ParNew: 2340965K->64372K(2534400K), 0.0328270 secs] 7339167K->5063341K(10982400K), 0.0334310 secs] [Times: user=0.19 sys=0.01, real=0.03 secs] 
16259.060: [GC 16259.060: [ParNew: 2317172K->89360K(2534400K), 0.0495700 secs] 7316141K->5090020K(10982400K), 0.0501720 secs] [Times: user=0.48 sys=0.01, real=0.06 secs] 
16264.693: [GC 16264.693: [ParNew: 2342160K->70117K(2534400K), 0.0487010 secs] 7342820K->5073253K(10982400K), 0.0493420 secs] [Times: user=0.27 sys=0.01, real=0.05 secs] 
16268.299: [GC 16268.300: [ParNew: 2322917K->54230K(2534400K), 0.0371210 secs] 7326053K->5059263K(10982400K), 0.0376590 secs] [Times: user=0.29 sys=0.01, real=0.04 secs] 
16273.872: [GC 16273.872: [ParNew: 2307030K->72383K(2534400K), 0.0457900 secs] 7312063K->5079239K(10982400K), 0.0463320 secs] [Times: user=0.42 sys=0.00, real=0.04 secs] 
16276.112: [GC 16276.112: [ParNew: 2325158K->48654K(2534400K), 0.0234880 secs] 7332014K->5058034K(10982400K), 0.0240130 secs] [Times: user=0.18 sys=0.00, real=0.02 secs] 
16277.694: [GC 16277.694: [ParNew: 2301454K->42486K(2534400K), 0.0267450 secs] 7310834K->5053735K(10982400K), 0.0273490 secs] [Times: user=0.30 sys=0.00, real=0.02 secs] 
16279.784: [GC 16279.784: [ParNew: 2295286K->60441K(2534400K), 0.0335680 secs] 7306535K->5073897K(10982400K), 0.0341170 secs] [Times: user=0.33 sys=0.01, real=0.03 secs] 
16281.018: [GC 16281.019: [ParNew: 2313241K->47403K(2534400K), 0.0269350 secs] 7326697K->5064425K(10982400K), 0.0274600 secs] [Times: user=0.31 sys=0.01, real=0.03 secs] 
16285.073: [GC 16285.073: [ParNew: 2300203K->49888K(2534400K), 0.0380680 secs] 7317225K->5069285K(10982400K), 0.0387030 secs] [Times: user=0.28 sys=0.00, real=0.04 secs] 
16288.959: [GC 16288.959: [ParNew: 2302688K->90387K(2534400K), 0.0472580 secs] 7322085K->5110650K(10982400K), 0.0478480 secs] [Times: user=0.56 sys=0.00, real=0.05 secs] 
16293.187: [GC 16293.188: [ParNew: 2343187K->84696K(2534400K), 0.0489500 secs] 7363450K->5107772K(10982400K), 0.0495970 secs] [Times: user=0.47 sys=0.00, real=0.05 secs] 
16296.560: [GC 16296.560: [ParNew: 2337496K->154212K(2534400K), 0.0503520 secs] 7360572K->5177575K(10982400K), 0.0509690 secs] [Times: user=0.64 sys=0.00, real=0.05 secs] 
16300.586: [GC 16300.587: [ParNew: 2407012K->111347K(2534400K), 0.0374210 secs] 7430375K->5136086K(10982400K), 0.0380260 secs] [Times: user=0.29 sys=0.00, real=0.03 secs] 
16304.499: [GC 16304.499: [ParNew: 2364142K->86025K(2534400K), 0.0352620 secs] 7388881K->5113636K(10982400K), 0.0358640 secs] [Times: user=0.29 sys=0.00, real=0.03 secs] 
16308.546: [GC 16308.546: [ParNew: 2338825K->127177K(2534400K), 0.0534420 secs] 7366436K->5167889K(10982400K), 0.0540390 secs] [Times: user=0.55 sys=0.00, real=0.06 secs] 
16313.752: [GC 16313.753: [ParNew: 2379977K->87955K(2534400K), 0.0717390 secs] 7420689K->5160800K(10982400K), 0.0723570 secs] [Times: user=0.28 sys=0.03, real=0.07 secs] 
16313.827: [GC [1 CMS-initial-mark: 5072844K(8448000K)] 5161221K(10982400K), 0.0460340 secs] [Times: user=0.05 sys=0.00, real=0.05 secs] 
16316.554: [GC 16316.555: [ParNew: 2340755K->44097K(2534400K), 0.0349130 secs] 7413600K->5118670K(10982400K), 0.0354580 secs] [Times: user=0.28 sys=0.01, real=0.04 secs] 
16317.952: [GC[YG occupancy: 1384455 K (2534400 K)]16317.952: [Rescan (parallel) , 0.3079460 secs]16318.260: [weak refs processing, 0.2591440 secs] [1 CMS-remark: 5074572K(8448000K)] 6459028K(10982400K), 0.5696030 secs] [Times: user=6.58 sys=0.02, real=0.57 secs] 
16319.512: [GC 16319.512: [ParNew: 2296897K->65526K(2534400K), 0.0445700 secs] 7167114K->4938657K(10982400K), 0.0451600 secs] [Times: user=0.39 sys=0.00, real=0.04 secs] 
16323.510: [GC 16323.510: [ParNew: 2318325K->47476K(2534400K), 0.0385660 secs] 6304060K->4037462K(10982400K), 0.0391090 secs] [Times: user=0.26 sys=0.00, real=0.04 secs] 
16327.323: [GC 16327.323: [ParNew: 2300276K->36329K(2534400K), 0.0349250 secs] 5809902K->3547780K(10982400K), 0.0355260 secs] [Times: user=0.23 sys=0.00, real=0.03 secs] 
16330.465: [GC 16330.465: [ParNew: 2289129K->66175K(2534400K), 0.0510270 secs] 5800580K->3579633K(10982400K), 0.0516390 secs] [Times: user=0.38 sys=0.00, real=0.05 secs] 
16333.701: [GC 16333.701: [ParNew: 2318975K->45411K(2534400K), 0.0312930 secs] 5832433K->3562678K(10982400K), 0.0318270 secs] [Times: user=0.24 sys=0.01, real=0.03 secs] 
16336.266: [GC 16336.266: [ParNew: 2298211K->62660K(2534400K), 0.0343740 secs] 5815478K->3581398K(10982400K), 0.0350000 secs] [Times: user=0.36 sys=0.00, real=0.04 secs] 
16339.993: [GC 16339.994: [ParNew: 2315460K->72819K(2534400K), 0.0412070 secs] 5834198K->3593227K(10982400K), 0.0418150 secs] [Times: user=0.36 sys=0.00, real=0.04 secs] 
16343.811: [GC 16343.812: [ParNew: 2325619K->55609K(2534400K), 0.0408870 secs] 5846027K->3578323K(10982400K), 0.0414820 secs] [Times: user=0.26 sys=0.00, real=0.04 secs] 
16346.985: [GC 16346.985: [ParNew: 2308409K->31020K(2534400K), 0.0323280 secs] 5831123K->3555003K(10982400K), 0.0329490 secs] [Times: user=0.23 sys=0.00, real=0.03 secs] 
16350.195: [GC 16350.195: [ParNew: 2283794K->29339K(2534400K), 0.0287190 secs] 5807777K->3556151K(10982400K), 0.0292540 secs] [Times: user=0.22 sys=0.00, real=0.03 secs] 
16357.012: [GC 16357.012: [ParNew: 2282139K->36505K(2534400K), 0.0614430 secs] 5808951K->3565315K(10982400K), 0.0620650 secs] [Times: user=0.42 sys=0.00, real=0.06 secs] 
16362.524: [GC 16362.525: [ParNew: 2289305K->57611K(2534400K), 0.0456460 secs] 5818115K->3590375K(10982400K), 0.0461860 secs] [Times: user=0.36 sys=0.01, real=0.05 secs] 
16368.835: [GC 16368.836: [ParNew: 2310411K->83235K(2534400K), 0.0529390 secs] 5843175K->3616728K(10982400K), 0.0535500 secs] [Times: user=0.44 sys=0.00, real=0.06 secs] 
16371.809: [GC 16371.810: [ParNew: 2336033K->56268K(2534400K), 0.0310230 secs] 5869526K->3591463K(10982400K), 0.0316370 secs] [Times: user=0.19 sys=0.00, real=0.03 secs] 
16375.922: [GC 16375.922: [ParNew: 2309068K->43928K(2534400K), 0.0358930 secs] 5844263K->3581257K(10982400K), 0.0365270 secs] [Times: user=0.24 sys=0.01, real=0.04 secs] 
16378.876: [GC 16378.876: [ParNew: 2296728K->54317K(2534400K), 0.0360110 secs] 5834057K->3593045K(10982400K), 0.0365460 secs] [Times: user=0.26 sys=0.00, real=0.04 secs] 
16384.131: [GC 16384.132: [ParNew: 2307118K->52290K(2534400K), 0.0434570 secs] 5845845K->3592475K(10982400K), 0.0439980 secs] [Times: user=0.34 sys=0.00, real=0.04 secs] 
16386.105: [GC 16386.105: [ParNew: 2305090K->84754K(2534400K), 0.0364460 secs] 5845275K->3628178K(10982400K), 0.0369760 secs] [Times: user=0.48 sys=0.01, real=0.04 secs] 
16388.263: [GC 16388.263: [ParNew: 2337554K->118373K(2534400K), 0.0454380 secs] 5880978K->3663061K(10982400K), 0.0459590 secs] [Times: user=0.62 sys=0.00, real=0.05 secs] 
16391.249: [GC 16391.250: [ParNew: 2371173K->94643K(2534400K), 0.0448390 secs] 5915861K->3641057K(10982400K), 0.0453700 secs] [Times: user=0.58 sys=0.00, real=0.05 secs] 
16396.100: [GC 16396.100: [ParNew: 2347443K->83816K(2534400K), 0.0519310 secs] 5893857K->3633086K(10982400K), 0.0525420 secs] [Times: user=0.43 sys=0.00, real=0.05 secs] 
16399.427: [GC 16399.427: [ParNew: 2336616K->60874K(2534400K), 0.0327460 secs] 5885886K->3613899K(10982400K), 0.0333100 secs] [Times: user=0.22 sys=0.01, real=0.03 secs] 
16404.174: [GC 16404.174: [ParNew: 2313674K->69894K(2534400K), 0.0473370 secs] 5866699K->3626088K(10982400K), 0.0478830 secs] [Times: user=0.43 sys=0.00, real=0.05 secs] 
16406.479: [GC 16406.479: [ParNew: 2322694K->101869K(2534400K), 0.0409140 secs] 5878888K->3661271K(10982400K), 0.0415070 secs] [Times: user=0.53 sys=0.00, real=0.04 secs] 
16407.621: [GC 16407.622: [ParNew: 2354669K->134150K(2534400K), 0.0431290 secs] 5914071K->3698531K(10982400K), 0.0437140 secs] [Times: user=0.70 sys=0.00, real=0.05 secs] 
16408.768: [GC 16408.769: [ParNew: 2386950K->113907K(2534400K), 0.0366170 secs] 5951331K->3678881K(10982400K), 0.0371940 secs] [Times: user=0.52 sys=0.00, real=0.04 secs] 
16411.503: [GC 16411.503: [ParNew: 2366707K->87239K(2534400K), 0.0301450 secs] 5931681K->3653546K(10982400K), 0.0307430 secs] [Times: user=0.18 sys=0.00, real=0.04 secs] 
16414.469: [GC 16414.470: [ParNew: 2340039K->36376K(2534400K), 0.0304990 secs] 5906346K->3604544K(10982400K), 0.0310720 secs] [Times: user=0.22 sys=0.00, real=0.03 secs] 
16418.829: [GC 16418.829: [ParNew: 2289176K->33741K(2534400K), 0.0383570 secs] 5857344K->3602338K(10982400K), 0.0389740 secs] [Times: user=0.24 sys=0.00, real=0.04 secs] 
16423.637: [GC 16423.637: [ParNew: 2286541K->41856K(2534400K), 0.0380340 secs] 5855138K->3611251K(10982400K), 0.0385760 secs] [Times: user=0.25 sys=0.00, real=0.04 secs] 
16427.752: [GC 16427.752: [ParNew: 2294656K->64528K(2534400K), 0.0437630 secs] 5864051K->3634817K(10982400K), 0.0443770 secs] [Times: user=0.38 sys=0.00, real=0.05 secs] 
16431.641: [GC 16431.641: [ParNew: 2317328K->49091K(2534400K), 0.0351990 secs] 5887617K->3620086K(10982400K), 0.0357380 secs] [Times: user=0.23 sys=0.00, real=0.04 secs] 
16435.704: [GC 16435.704: [ParNew: 2301891K->29034K(2534400K), 0.0370000 secs] 5872886K->3603282K(10982400K), 0.0375420 secs] [Times: user=0.22 sys=0.01, real=0.04 secs] 
16437.738: [GC 16437.738: [ParNew: 2281794K->21869K(2534400K), 0.0291260 secs] 5856042K->3597456K(10982400K), 0.0296690 secs] [Times: user=0.21 sys=0.00, real=0.03 secs] 
16440.839: [GC 16440.839: [ParNew: 2274669K->25392K(2534400K), 0.0300440 secs] 5850256K->3603206K(10982400K), 0.0306550 secs] [Times: user=0.22 sys=0.01, real=0.03 secs] 
16445.537: [GC 16445.537: [ParNew: 2278192K->50842K(2534400K), 0.0400090 secs] 5856006K->3629524K(10982400K), 0.0406330 secs] [Times: user=0.30 sys=0.00, real=0.04 secs] 
16448.070: [GC 16448.070: [ParNew: 2303642K->39311K(2534400K), 0.0307540 secs] 5882324K->3619147K(10982400K), 0.0313730 secs] [Times: user=0.21 sys=0.00, real=0.03 secs] 
16451.173: [GC 16451.173: [ParNew: 2292111K->35780K(2534400K), 0.0304200 secs] 5871947K->3616240K(10982400K), 0.0309640 secs] [Times: user=0.23 sys=0.01, real=0.03 secs] 
16456.713: [GC 16456.713: [ParNew: 2288580K->33280K(2534400K), 0.0470240 secs] 5869040K->3618448K(10982400K), 0.0476340 secs] [Times: user=0.23 sys=0.00, real=0.05 secs] 
16462.283: [GC 16462.283: [ParNew: 2286080K->27096K(2534400K), 0.0438360 secs] 5871248K->3616300K(10982400K), 0.0444690 secs] [Times: user=0.24 sys=0.00, real=0.04 secs] 
16468.012: [GC 16468.012: [ParNew: 2279896K->33349K(2534400K), 0.0459720 secs] 5869100K->3623053K(10982400K), 0.0465820 secs] [Times: user=0.23 sys=0.00, real=0.04 secs] 
16473.465: [GC 16473.465: [ParNew: 2286149K->49054K(2534400K), 0.0452540 secs] 5875853K->3640098K(10982400K), 0.0457980 secs] [Times: user=0.29 sys=0.00, real=0.04 secs] 
16477.699: [GC 16477.700: [ParNew: 2301854K->42013K(2534400K), 0.0397190 secs] 5892898K->3634510K(10982400K), 0.0402690 secs] [Times: user=0.24 sys=0.00, real=0.04 secs] 
16480.171: [GC 16480.171: [ParNew: 2294813K->43562K(2534400K), 0.0326530 secs] 5887310K->3636965K(10982400K), 0.0332570 secs] [Times: user=0.28 sys=0.00, real=0.04 secs] 
16483.079: [GC 16483.079: [ParNew: 2296362K->32697K(2534400K), 0.0326590 secs] 5889765K->3630095K(10982400K), 0.0332670 secs] [Times: user=0.18 sys=0.00, real=0.03 secs] 
16487.039: [GC 16487.039: [ParNew: 2285497K->25261K(2534400K), 0.0339560 secs] 5882895K->3624296K(10982400K), 0.0344970 secs] [Times: user=0.19 sys=0.00, real=0.03 secs] 
16489.571: [GC 16489.571: [ParNew: 2278061K->50841K(2534400K), 0.0349940 secs] 5877096K->3650779K(10982400K), 0.0355340 secs] [Times: user=0.36 sys=0.00, real=0.04 secs] 
16492.004: [GC 16492.004: [ParNew: 2303641K->70196K(2534400K), 0.0385650 secs] 5903579K->3672063K(10982400K), 0.0390960 secs] [Times: user=0.42 sys=0.01, real=0.04 secs] 
16495.746: [GC 16495.747: [ParNew: 2322996K->53953K(2534400K), 0.0320940 secs] 5924863K->3656753K(10982400K), 0.0326290 secs] [Times: user=0.17 sys=0.00, real=0.03 secs] 
16498.441: [GC 16498.442: [ParNew: 2306753K->49641K(2534400K), 0.0402480 secs] 5909553K->3653686K(10982400K), 0.0406980 secs] [Times: user=0.34 sys=0.00, real=0.04 secs] 
16503.152: [GC 16503.153: [ParNew: 2302441K->51204K(2534400K), 0.0402070 secs] 5906486K->3656121K(10982400K), 0.0407050 secs] [Times: user=0.28 sys=0.01, real=0.04 secs] 
16507.035: [GC 16507.035: [ParNew: 2304004K->38055K(2534400K), 0.0315800 secs] 5908921K->3643621K(10982400K), 0.0321340 secs] [Times: user=0.22 sys=0.01, real=0.04 secs] 
16511.760: [GC 16511.760: [ParNew: 2290855K->61032K(2534400K), 0.0378630 secs] 5896421K->3668097K(10982400K), 0.0383550 secs] [Times: user=0.29 sys=0.01, real=0.04 secs] 
16516.265: [GC 16516.266: [ParNew: 2313832K->60316K(2534400K), 0.0446500 secs] 5920897K->3669189K(10982400K), 0.0452050 secs] [Times: user=0.22 sys=0.00, real=0.05 secs] 
16521.511: [GC 16521.512: [ParNew: 2313115K->53384K(2534400K), 0.0544010 secs] 5921988K->3663589K(10982400K), 0.0550330 secs] [Times: user=0.26 sys=0.00, real=0.05 secs] 
16526.621: [GC 16526.622: [ParNew: 2306184K->73096K(2534400K), 0.0464810 secs] 5916389K->3685382K(10982400K), 0.0471130 secs] [Times: user=0.42 sys=0.00, real=0.04 secs] 
16529.616: [GC 16529.616: [ParNew: 2325896K->51571K(2534400K), 0.0377430 secs] 5938182K->3671999K(10982400K), 0.0383580 secs] [Times: user=0.25 sys=0.00, real=0.04 secs] 
16535.278: [GC 16535.278: [ParNew: 2304371K->37383K(2534400K), 0.0417120 secs] 5924799K->3658885K(10982400K), 0.0422650 secs] [Times: user=0.23 sys=0.01, real=0.04 secs] 
16539.990: [GC 16539.990: [ParNew: 2290183K->58684K(2534400K), 0.0493810 secs] 5911685K->3685717K(10982400K), 0.0500070 secs] [Times: user=0.44 sys=0.00, real=0.05 secs] 
16542.454: [GC 16542.455: [ParNew: 2311484K->45857K(2534400K), 0.0316230 secs] 5938517K->3674385K(10982400K), 0.0322480 secs] [Times: user=0.29 sys=0.00, real=0.03 secs] 
16545.444: [GC 16545.444: [ParNew: 2298657K->66345K(2534400K), 0.0385220 secs] 5927185K->3696120K(10982400K), 0.0391250 secs] [Times: user=0.38 sys=0.01, real=0.04 secs] 
16548.449: [GC 16548.449: [ParNew: 2319145K->102511K(2534400K), 0.0476070 secs] 5948920K->3733518K(10982400K), 0.0482170 secs] [Times: user=0.56 sys=0.00, real=0.05 secs] 
16551.984: [GC 16551.985: [ParNew: 2355311K->79347K(2534400K), 0.0484820 secs] 5986318K->3723233K(10982400K), 0.0491270 secs] [Times: user=0.36 sys=0.01, real=0.04 secs] 
16556.635: [GC 16556.635: [ParNew: 2332147K->50501K(2534400K), 0.0450490 secs] 5976033K->3695661K(10982400K), 0.0456440 secs] [Times: user=0.27 sys=0.00, real=0.04 secs] 
16559.465: [GC 16559.465: [ParNew: 2303301K->66339K(2534400K), 0.0352210 secs] 5948461K->3713103K(10982400K), 0.0358330 secs] [Times: user=0.32 sys=0.00, real=0.03 secs] 
16563.621: [GC 16563.621: [ParNew: 2319139K->95410K(2534400K), 0.0464940 secs] 5965903K->3745357K(10982400K), 0.0470740 secs] [Times: user=0.45 sys=0.00, real=0.05 secs] 
16568.335: [GC 16568.336: [ParNew: 2348210K->87372K(2534400K), 0.0495540 secs] 5998157K->3738566K(10982400K), 0.0501030 secs] [Times: user=0.43 sys=0.01, real=0.05 secs] 
16571.621: [GC 16571.622: [ParNew: 2340172K->70799K(2534400K), 0.0470490 secs] 5991366K->3738652K(10982400K), 0.0476810 secs] [Times: user=0.39 sys=0.01, real=0.05 secs] 
16577.033: [GC 16577.033: [ParNew: 2323599K->55690K(2534400K), 0.0484410 secs] 5991452K->3739477K(10982400K), 0.0489900 secs] [Times: user=0.35 sys=0.01, real=0.05 secs] 
16579.986: [GC 16579.987: [ParNew: 2308490K->30901K(2534400K), 0.0301800 secs] 5992277K->3715239K(10982400K), 0.0308010 secs] [Times: user=0.19 sys=0.01, real=0.03 secs] 
16584.715: [GC 16584.715: [ParNew: 2283701K->71378K(2534400K), 0.0530590 secs] 5968039K->3759015K(10982400K), 0.0536100 secs] [Times: user=0.46 sys=0.01, real=0.05 secs] 
16589.267: [GC 16589.267: [ParNew: 2324178K->64889K(2534400K), 0.0405200 secs] 6011815K->3753185K(10982400K), 0.0410670 secs] [Times: user=0.33 sys=0.01, real=0.04 secs] 
16592.390: [GC 16592.390: [ParNew: 2317689K->52798K(2534400K), 0.0359350 secs] 6005985K->3743897K(10982400K), 0.0365710 secs] [Times: user=0.29 sys=0.00, real=0.03 secs] 
16597.718: [GC 16597.719: [ParNew: 2305598K->55633K(2534400K), 0.0414200 secs] 5996697K->3747260K(10982400K), 0.0419670 secs] [Times: user=0.31 sys=0.00, real=0.04 secs] 
16601.399: [GC 16601.400: [ParNew: 2308433K->73065K(2534400K), 0.0434520 secs] 6000060K->3767595K(10982400K), 0.0440600 secs] [Times: user=0.40 sys=0.00, real=0.05 secs] 
16606.665: [GC 16606.665: [ParNew: 2325865K->77028K(2534400K), 0.0498050 secs] 6020395K->3774885K(10982400K), 0.0503920 secs] [Times: user=0.37 sys=0.00, real=0.05 secs] 
16610.275: [GC 16610.275: [ParNew: 2329828K->56305K(2534400K), 0.0353020 secs] 6027685K->3754665K(10982400K), 0.0359130 secs] [Times: user=0.23 sys=0.00, real=0.03 secs] 
16613.627: [GC 16613.627: [ParNew: 2309105K->83025K(2534400K), 0.0459490 secs] 6007465K->3787658K(10982400K), 0.0465510 secs] [Times: user=0.52 sys=0.00, real=0.04 secs] 
16617.155: [GC 16617.155: [ParNew: 2335825K->65241K(2534400K), 0.0413910 secs] 6040458K->3771501K(10982400K), 0.0419960 secs] [Times: user=0.25 sys=0.00, real=0.04 secs] 
16622.519: [GC 16622.520: [ParNew: 2318041K->48409K(2534400K), 0.0459020 secs] 6024301K->3759808K(10982400K), 0.0465310 secs] [Times: user=0.27 sys=0.00, real=0.05 secs] 
16626.884: [GC 16626.885: [ParNew: 2301209K->46315K(2534400K), 0.0372330 secs] 6012608K->3761746K(10982400K), 0.0378570 secs] [Times: user=0.23 sys=0.01, real=0.04 secs] 
16631.045: [GC 16631.045: [ParNew: 2299115K->83520K(2534400K), 0.0514660 secs] 6014546K->3799430K(10982400K), 0.0520690 secs] [Times: user=0.59 sys=0.00, real=0.06 secs] 
16634.600: [GC 16634.600: [ParNew: 2336320K->83088K(2534400K), 0.0446450 secs] 6052230K->3799717K(10982400K), 0.0452520 secs] [Times: user=0.34 sys=0.00, real=0.04 secs] 
16639.367: [GC 16639.367: [ParNew: 2335888K->103209K(2534400K), 0.0594880 secs] 6052517K->3836700K(10982400K), 0.0600320 secs] [Times: user=0.59 sys=0.01, real=0.06 secs] 
16642.162: [GC 16642.162: [ParNew: 2356009K->96819K(2534400K), 0.0583450 secs] 6089500K->3831602K(10982400K), 0.0588920 secs] [Times: user=0.39 sys=0.00, real=0.06 secs] 
16646.299: [GC 16646.300: [ParNew: 2349619K->69539K(2534400K), 0.0526170 secs] 6084402K->3809525K(10982400K), 0.0531640 secs] [Times: user=0.33 sys=0.00, real=0.05 secs] 
16650.135: [GC 16650.135: [ParNew: 2322339K->80470K(2534400K), 0.0463050 secs] 6062325K->3821765K(10982400K), 0.0469090 secs] [Times: user=0.45 sys=0.01, real=0.05 secs] 
16653.136: [GC 16653.136: [ParNew: 2333270K->111466K(2534400K), 0.0442200 secs] 6074565K->3854708K(10982400K), 0.0447500 secs] [Times: user=0.54 sys=0.00, real=0.05 secs] 
16658.272: [GC 16658.272: [ParNew: 2364266K->80308K(2534400K), 0.0492430 secs] 6107508K->3837573K(10982400K), 0.0498520 secs] [Times: user=0.24 sys=0.01, real=0.05 secs] 
16662.884: [GC 16662.885: [ParNew: 2333112K->81845K(2534400K), 0.0453730 secs] 6090377K->3840478K(10982400K), 0.0459820 secs] [Times: user=0.45 sys=0.00, real=0.05 secs] 
16662.933: [GC 16662.933: [ParNew: 83669K->93820K(2534400K), 0.0194280 secs] 3842303K->3855751K(10982400K), 0.0198380 secs] [Times: user=0.36 sys=0.00, real=0.02 secs] 
16666.880: [GC 16666.880: [ParNew: 2346620K->72239K(2534400K), 0.0400610 secs] 6108551K->3834653K(10982400K), 0.0406180 secs] [Times: user=0.32 sys=0.00, real=0.04 secs] 
16669.765: [GC 16669.765: [ParNew: 2325039K->70286K(2534400K), 0.0393390 secs] 6087453K->3834539K(10982400K), 0.0398710 secs] [Times: user=0.41 sys=0.01, real=0.04 secs] 
16672.073: [GC 16672.073: [ParNew: 2323028K->57499K(2534400K), 0.0347430 secs] 6087280K->3830818K(10982400K), 0.0353560 secs] [Times: user=0.33 sys=0.00, real=0.03 secs] 
16674.181: [GC 16674.181: [ParNew: 2310299K->52802K(2534400K), 0.0295010 secs] 6083618K->3826121K(10982400K), 0.0301170 secs] [Times: user=0.30 sys=0.00, real=0.03 secs] 
16675.691: [GC 16675.691: [ParNew: 2305602K->64963K(2534400K), 0.0332390 secs] 6078921K->3842283K(10982400K), 0.0338300 secs] [Times: user=0.36 sys=0.00, real=0.04 secs] 
16678.091: [GC 16678.091: [ParNew: 2317751K->49065K(2534400K), 0.0347990 secs] 6095071K->3827527K(10982400K), 0.0353220 secs] [Times: user=0.22 sys=0.00, real=0.04 secs] 
16681.212: [GC 16681.212: [ParNew: 2301865K->24665K(2534400K), 0.0292260 secs] 6080327K->3806086K(10982400K), 0.0297590 secs] [Times: user=0.20 sys=0.00, real=0.03 secs] 
16685.664: [GC 16685.664: [ParNew: 2277465K->23435K(2534400K), 0.0362920 secs] 6058886K->3806016K(10982400K), 0.0369220 secs] [Times: user=0.24 sys=0.00, real=0.03 secs] 
16691.601: [GC 16691.601: [ParNew: 2276235K->54687K(2534400K), 0.0469520 secs] 6058816K->3837828K(10982400K), 0.0475580 secs] [Times: user=0.37 sys=0.00, real=0.05 secs] 
16696.285: [GC 16696.286: [ParNew: 2307487K->43781K(2534400K), 0.0504570 secs] 6090628K->3827557K(10982400K), 0.0509990 secs] [Times: user=0.35 sys=0.00, real=0.06 secs] 
16699.123: [GC 16699.123: [ParNew: 2296581K->104339K(2534400K), 0.0468560 secs] 6080357K->3889544K(10982400K), 0.0473820 secs] [Times: user=0.56 sys=0.01, real=0.05 secs] 
16702.928: [GC 16702.928: [ParNew: 2357139K->90874K(2534400K), 0.0416050 secs] 6142344K->3876888K(10982400K), 0.0420910 secs] [Times: user=0.41 sys=0.00, real=0.04 secs] 
16705.709: [GC 16705.710: [ParNew: 2343674K->64263K(2534400K), 0.0289880 secs] 6129688K->3852131K(10982400K), 0.0294710 secs] [Times: user=0.21 sys=0.00, real=0.03 secs] 
16708.462: [GC 16708.462: [ParNew: 2317063K->53326K(2534400K), 0.0345450 secs] 6104931K->3843708K(10982400K), 0.0349910 secs] [Times: user=0.36 sys=0.00, real=0.03 secs] 
16709.904: [GC 16709.904: [ParNew: 2306126K->79050K(2534400K), 0.0299850 secs] 6096508K->3872043K(10982400K), 0.0305540 secs] [Times: user=0.42 sys=0.00, real=0.03 secs] 
16712.132: [GC 16712.133: [ParNew: 2331850K->65652K(2534400K), 0.0292560 secs] 6124844K->3859897K(10982400K), 0.0297040 secs] [Times: user=0.34 sys=0.00, real=0.03 secs] 
16712.163: [GC 16712.163: [ParNew: 65723K->66875K(2534400K), 0.0152600 secs] 3859969K->3863111K(10982400K), 0.0155610 secs] [Times: user=0.29 sys=0.00, real=0.02 secs] 
16713.530: [GC 16713.530: [ParNew: 2319675K->57409K(2534400K), 0.0300700 secs] 6115911K->3862417K(10982400K), 0.0305170 secs] [Times: user=0.32 sys=0.00, real=0.03 secs] 
16714.938: [GC 16714.939: [ParNew: 2310209K->66619K(2534400K), 0.0254290 secs] 6115217K->3872405K(10982400K), 0.0258750 secs] [Times: user=0.32 sys=0.00, real=0.03 secs] 
16719.624: [GC 16719.625: [ParNew: 2319419K->77896K(2534400K), 0.0408130 secs] 6125205K->3884399K(10982400K), 0.0412710 secs] [Times: user=0.42 sys=0.00, real=0.04 secs] 
16723.950: [GC 16723.951: [ParNew: 2330696K->113357K(2534400K), 0.0444490 secs] 6137199K->3919860K(10982400K), 0.0449020 secs] [Times: user=0.52 sys=0.00, real=0.04 secs] 
16728.676: [GC 16728.677: [ParNew: 2366157K->94365K(2534400K), 0.0433260 secs] 6172660K->3901398K(10982400K), 0.0437830 secs] [Times: user=0.42 sys=0.00, real=0.04 secs] 
16732.601: [GC 16732.601: [ParNew: 2347165K->80198K(2534400K), 0.0452080 secs] 6154198K->3898662K(10982400K), 0.0457060 secs] [Times: user=0.33 sys=0.01, real=0.05 secs] 
16736.494: [GC 16736.494: [ParNew: 2332998K->54052K(2534400K), 0.0394780 secs] 6151462K->3876706K(10982400K), 0.0399590 secs] [Times: user=0.25 sys=0.00, real=0.04 secs] 
16738.907: [GC 16738.907: [ParNew: 2306852K->67054K(2534400K), 0.0433170 secs] 6129506K->3895671K(10982400K), 0.0437950 secs] [Times: user=0.37 sys=0.00, real=0.04 secs] 
16744.599: [GC 16744.600: [ParNew: 2319854K->48931K(2534400K), 0.0485410 secs] 6148471K->3879760K(10982400K), 0.0490370 secs] [Times: user=0.31 sys=0.00, real=0.05 secs] 
16749.581: [GC 16749.581: [ParNew: 2301731K->56885K(2534400K), 0.0450840 secs] 6132560K->3892069K(10982400K), 0.0455660 secs] [Times: user=0.34 sys=0.00, real=0.05 secs] 
16752.464: [GC 16752.465: [ParNew: 2309685K->40637K(2534400K), 0.0310200 secs] 6144869K->3877459K(10982400K), 0.0315020 secs] [Times: user=0.20 sys=0.00, real=0.04 secs] 
16757.231: [GC 16757.231: [ParNew: 2293437K->62616K(2534400K), 0.0469430 secs] 6130259K->3900036K(10982400K), 0.0474020 secs] [Times: user=0.37 sys=0.00, real=0.05 secs] 
16762.250: [GC 16762.251: [ParNew: 2315416K->83748K(2534400K), 0.0474290 secs] 6152836K->3923822K(10982400K), 0.0478820 secs] [Times: user=0.46 sys=0.00, real=0.05 secs] 
16766.846: [GC 16766.847: [ParNew: 2336548K->62828K(2534400K), 0.0441040 secs] 6176622K->3905801K(10982400K), 0.0445890 secs] [Times: user=0.42 sys=0.00, real=0.05 secs] 
16771.957: [GC 16771.957: [ParNew: 2315628K->84601K(2534400K), 0.0496240 secs] 6158601K->3928790K(10982400K), 0.0501190 secs] [Times: user=0.38 sys=0.00, real=0.05 secs] 
16776.590: [GC 16776.590: [ParNew: 2337401K->56590K(2534400K), 0.0437330 secs] 6181590K->3904677K(10982400K), 0.0442240 secs] [Times: user=0.26 sys=0.00, real=0.04 secs] 
16779.836: [GC 16779.837: [ParNew: 2309390K->50807K(2534400K), 0.0328090 secs] 6157477K->3902041K(10982400K), 0.0333050 secs] [Times: user=0.30 sys=0.00, real=0.04 secs] 
16782.874: [GC 16782.874: [ParNew: 2303607K->40315K(2534400K), 0.0326380 secs] 6154841K->3895446K(10982400K), 0.0331140 secs] [Times: user=0.22 sys=0.00, real=0.03 secs] 
16786.823: [GC 16786.824: [ParNew: 2293115K->28432K(2534400K), 0.0405940 secs] 6148246K->3886507K(10982400K), 0.0410840 secs] [Times: user=0.25 sys=0.00, real=0.04 secs] 
16791.610: [GC 16791.610: [ParNew: 2281232K->59984K(2534400K), 0.0392250 secs] 6139307K->3920321K(10982400K), 0.0396830 secs] [Times: user=0.37 sys=0.00, real=0.04 secs] 
16796.522: [GC 16796.523: [ParNew: 2312784K->47413K(2534400K), 0.0428650 secs] 6173121K->3908839K(10982400K), 0.0433210 secs] [Times: user=0.26 sys=0.00, real=0.04 secs] 
16801.507: [GC 16801.507: [ParNew: 2300213K->57635K(2534400K), 0.0544190 secs] 6161639K->3921364K(10982400K), 0.0549030 secs] [Times: user=0.38 sys=0.00, real=0.06 secs] 
16805.396: [GC 16805.396: [ParNew: 2310393K->43445K(2534400K), 0.0394890 secs] 6174122K->3907674K(10982400K), 0.0399820 secs] [Times: user=0.26 sys=0.00, real=0.04 secs] 
16807.781: [GC 16807.781: [ParNew: 2296245K->55587K(2534400K), 0.0363420 secs] 6160474K->3920375K(10982400K), 0.0368230 secs] [Times: user=0.41 sys=0.00, real=0.04 secs] 
16810.772: [GC 16810.772: [ParNew: 2308387K->48844K(2534400K), 0.0334520 secs] 6173175K->3917136K(10982400K), 0.0339870 secs] [Times: user=0.31 sys=0.01, real=0.04 secs] 
16813.802: [GC 16813.803: [ParNew: 2301644K->35009K(2534400K), 0.0406500 secs] 6169936K->3905060K(10982400K), 0.0411480 secs] [Times: user=0.25 sys=0.00, real=0.05 secs] 
16817.323: [GC 16817.324: [ParNew: 2287809K->94094K(2534400K), 0.0494820 secs] 6157860K->3967186K(10982400K), 0.0499610 secs] [Times: user=0.55 sys=0.00, real=0.05 secs] 
16821.097: [GC 16821.097: [ParNew: 2346894K->70731K(2534400K), 0.0393690 secs] 6219986K->3947405K(10982400K), 0.0398680 secs] [Times: user=0.27 sys=0.00, real=0.04 secs] 
16825.718: [GC 16825.719: [ParNew: 2323531K->41041K(2534400K), 0.0418820 secs] 6200205K->3920653K(10982400K), 0.0426070 secs] [Times: user=0.24 sys=0.00, real=0.04 secs] 
16828.828: [GC 16828.828: [ParNew: 2293841K->93133K(2534400K), 0.0432500 secs] 6173453K->3974305K(10982400K), 0.0437850 secs] [Times: user=0.55 sys=0.01, real=0.04 secs] 
16831.685: [GC 16831.686: [ParNew: 2345933K->113371K(2534400K), 0.0462200 secs] 6227105K->3995630K(10982400K), 0.0468670 secs] [Times: user=0.48 sys=0.00, real=0.05 secs] 
16834.784: [GC 16834.785: [ParNew: 2366171K->92972K(2534400K), 0.0447760 secs] 6248430K->3977344K(10982400K), 0.0453760 secs] [Times: user=0.45 sys=0.01, real=0.05 secs] 
16837.608: [GC 16837.608: [ParNew: 2345772K->79531K(2534400K), 0.0417210 secs] 6230144K->3968140K(10982400K), 0.0422540 secs] [Times: user=0.41 sys=0.00, real=0.04 secs] 
16839.477: [GC 16839.477: [ParNew: 2332325K->154392K(2534400K), 0.0796080 secs] 6220934K->4045693K(10982400K), 0.0801320 secs] [Times: user=0.73 sys=0.00, real=0.08 secs] 
16842.152: [GC 16842.152: [ParNew: 2407192K->131973K(2534400K), 0.0718010 secs] 6298493K->4024234K(10982400K), 0.0723350 secs] [Times: user=0.45 sys=0.00, real=0.07 secs] 
16845.613: [GC 16845.613: [ParNew: 2384773K->91621K(2534400K), 0.0590370 secs] 6277034K->3985065K(10982400K), 0.0596660 secs] [Times: user=0.24 sys=0.00, real=0.06 secs] 
16848.939: [GC 16848.939: [ParNew: 2344421K->71141K(2534400K), 0.0499060 secs] 6237865K->3977972K(10982400K), 0.0504680 secs] [Times: user=0.48 sys=0.00, real=0.05 secs] 
16854.494: [GC 16854.494: [ParNew: 2323941K->58172K(2534400K), 0.0462540 secs] 6230772K->3967001K(10982400K), 0.0468790 secs] [Times: user=0.29 sys=0.00, real=0.05 secs] 
16856.535: [GC 16856.535: [ParNew: 2310972K->63647K(2534400K), 0.0439680 secs] 6219801K->3973088K(10982400K), 0.0446750 secs] [Times: user=0.51 sys=0.00, real=0.04 secs] 
16859.505: [GC 16859.506: [ParNew: 2316399K->58310K(2534400K), 0.0382870 secs] 6225840K->3968681K(10982400K), 0.0387700 secs] [Times: user=0.32 sys=0.00, real=0.04 secs] 
16864.242: [GC 16864.242: [ParNew: 2311110K->86760K(2534400K), 0.0527050 secs] 6221481K->3999465K(10982400K), 0.0532080 secs] [Times: user=0.55 sys=0.01, real=0.06 secs] 
16869.658: [GC 16869.658: [ParNew: 2339560K->71399K(2534400K), 0.0461780 secs] 6252265K->3985480K(10982400K), 0.0466590 secs] [Times: user=0.34 sys=0.00, real=0.05 secs] 
16873.040: [GC 16873.040: [ParNew: 2324199K->86258K(2534400K), 0.0418840 secs] 6238280K->4000789K(10982400K), 0.0423580 secs] [Times: user=0.46 sys=0.00, real=0.04 secs] 
16877.492: [GC 16877.492: [ParNew: 2339058K->98577K(2534400K), 0.0533250 secs] 6253589K->4014383K(10982400K), 0.0538320 secs] [Times: user=0.50 sys=0.00, real=0.06 secs] 
16880.032: [GC 16880.032: [ParNew: 2351377K->66593K(2534400K), 0.0269300 secs] 6267183K->3983251K(10982400K), 0.0274020 secs] [Times: user=0.23 sys=0.00, real=0.03 secs] 
16884.265: [GC 16884.265: [ParNew: 2319393K->84302K(2534400K), 0.0472180 secs] 6236051K->4002887K(10982400K), 0.0477110 secs] [Times: user=0.49 sys=0.00, real=0.04 secs] 
16888.480: [GC 16888.481: [ParNew: 2337102K->63001K(2534400K), 0.0374880 secs] 6255687K->3982137K(10982400K), 0.0380720 secs] [Times: user=0.24 sys=0.00, real=0.04 secs] 
16893.005: [GC 16893.005: [ParNew: 2315801K->60528K(2534400K), 0.0439000 secs] 6234937K->3980703K(10982400K), 0.0444450 secs] [Times: user=0.38 sys=0.00, real=0.05 secs] 
16896.557: [GC 16896.557: [ParNew: 2313328K->87946K(2534400K), 0.0477280 secs] 6233503K->4010154K(10982400K), 0.0482720 secs] [Times: user=0.54 sys=0.00, real=0.04 secs] 
16900.741: [GC 16900.741: [ParNew: 2340746K->80758K(2534400K), 0.0596320 secs] 6262954K->4003957K(10982400K), 0.0602550 secs] [Times: user=0.40 sys=0.01, real=0.06 secs] 
16904.661: [GC 16904.662: [ParNew: 2333558K->64040K(2534400K), 0.0437730 secs] 6256757K->3988558K(10982400K), 0.0444020 secs] [Times: user=0.34 sys=0.00, real=0.04 secs] 
16909.435: [GC 16909.435: [ParNew: 2316840K->47109K(2534400K), 0.0412500 secs] 6241358K->3973792K(10982400K), 0.0418050 secs] [Times: user=0.23 sys=0.00, real=0.04 secs] 
16913.519: [GC 16913.519: [ParNew: 2299909K->58258K(2534400K), 0.0449110 secs] 6226592K->3986824K(10982400K), 0.0453700 secs] [Times: user=0.36 sys=0.00, real=0.04 secs] 
16917.065: [GC 16917.065: [ParNew: 2311058K->75345K(2534400K), 0.0457960 secs] 6239624K->4006228K(10982400K), 0.0462610 secs] [Times: user=0.36 sys=0.00, real=0.05 secs] 
16921.032: [GC 16921.032: [ParNew: 2328145K->69129K(2534400K), 0.0448850 secs] 6259028K->4002441K(10982400K), 0.0453820 secs] [Times: user=0.36 sys=0.00, real=0.04 secs] 
16924.005: [GC 16924.006: [ParNew: 2321929K->70951K(2534400K), 0.0411020 secs] 6255241K->4005458K(10982400K), 0.0415630 secs] [Times: user=0.36 sys=0.00, real=0.04 secs] 
16927.465: [GC 16927.465: [ParNew: 2323751K->49424K(2534400K), 0.0408660 secs] 6258258K->3987587K(10982400K), 0.0413540 secs] [Times: user=0.31 sys=0.00, real=0.04 secs] 
16931.486: [GC 16931.486: [ParNew: 2302224K->45909K(2534400K), 0.0437290 secs] 6240387K->3987198K(10982400K), 0.0442170 secs] [Times: user=0.19 sys=0.01, real=0.04 secs] 
16933.875: [GC 16933.876: [ParNew: 2298709K->44600K(2534400K), 0.0344690 secs] 6239998K->3986681K(10982400K), 0.0349100 secs] [Times: user=0.29 sys=0.00, real=0.03 secs] 
16937.113: [GC 16937.114: [ParNew: 2297400K->81763K(2534400K), 0.0419610 secs] 6239481K->4024937K(10982400K), 0.0424580 secs] [Times: user=0.45 sys=0.01, real=0.04 secs] 
16939.127: [GC 16939.127: [ParNew: 2334563K->60998K(2534400K), 0.0314420 secs] 6277737K->4005421K(10982400K), 0.0319300 secs] [Times: user=0.35 sys=0.00, real=0.03 secs] 
16942.079: [GC 16942.079: [ParNew: 2313798K->47132K(2534400K), 0.0353180 secs] 6258221K->3995606K(10982400K), 0.0358150 secs] [Times: user=0.23 sys=0.00, real=0.04 secs] 
16944.857: [GC 16944.857: [ParNew: 2299932K->36593K(2534400K), 0.0331300 secs] 6248406K->3986323K(10982400K), 0.0336210 secs] [Times: user=0.24 sys=0.00, real=0.03 secs] 
16947.996: [GC 16947.997: [ParNew: 2289393K->45165K(2534400K), 0.0344420 secs] 6239123K->3996064K(10982400K), 0.0349230 secs] [Times: user=0.27 sys=0.00, real=0.03 secs] 
16949.908: [GC 16949.909: [ParNew: 2297965K->66475K(2534400K), 0.0323210 secs] 6248864K->4017928K(10982400K), 0.0328040 secs] [Times: user=0.36 sys=0.01, real=0.03 secs] 
16953.246: [GC 16953.246: [ParNew: 2319275K->69701K(2534400K), 0.0399640 secs] 6270728K->4022080K(10982400K), 0.0404740 secs] [Times: user=0.35 sys=0.00, real=0.04 secs] 
16957.384: [GC 16957.384: [ParNew: 2322501K->68644K(2534400K), 0.0450080 secs] 6274880K->4022262K(10982400K), 0.0454950 secs] [Times: user=0.34 sys=0.00, real=0.05 secs] 
16962.293: [GC 16962.294: [ParNew: 2321444K->55031K(2534400K), 0.0536020 secs] 6275062K->4012908K(10982400K), 0.0542420 secs] [Times: user=0.30 sys=0.00, real=0.06 secs] 
16967.754: [GC 16967.754: [ParNew: 2307831K->59299K(2534400K), 0.0530080 secs] 6265708K->4022046K(10982400K), 0.0536160 secs] [Times: user=0.37 sys=0.01, real=0.06 secs] 
16974.242: [GC 16974.242: [ParNew: 2312099K->57466K(2534400K), 0.0522450 secs] 6274846K->4021675K(10982400K), 0.0527950 secs] [Times: user=0.29 sys=0.00, real=0.05 secs] 
16977.195: [GC 16977.195: [ParNew: 2310266K->55130K(2534400K), 0.0407680 secs] 6274475K->4019964K(10982400K), 0.0413020 secs] [Times: user=0.29 sys=0.00, real=0.04 secs] 
16981.064: [GC 16981.065: [ParNew: 2307930K->48257K(2534400K), 0.0432590 secs] 6272764K->4014685K(10982400K), 0.0438730 secs] [Times: user=0.24 sys=0.01, real=0.04 secs] 
16984.895: [GC 16984.895: [ParNew: 2301057K->30484K(2534400K), 0.0378230 secs] 6267485K->3998391K(10982400K), 0.0384280 secs] [Times: user=0.23 sys=0.00, real=0.04 secs] 
16987.921: [GC 16987.921: [ParNew: 2283284K->24802K(2534400K), 0.0303930 secs] 6251191K->3995818K(10982400K), 0.0309720 secs] [Times: user=0.19 sys=0.00, real=0.03 secs] 
16990.892: [GC 16990.892: [ParNew: 2277602K->104339K(2534400K), 0.0472590 secs] 6248618K->4076506K(10982400K), 0.0478720 secs] [Times: user=0.61 sys=0.00, real=0.04 secs] 
16993.181: [GC 16993.182: [ParNew: 2357139K->87433K(2534400K), 0.0358600 secs] 6329306K->4060622K(10982400K), 0.0364830 secs] [Times: user=0.37 sys=0.00, real=0.03 secs] 
16995.550: [GC 16995.551: [ParNew: 2340233K->64695K(2534400K), 0.0337760 secs] 6313422K->4039231K(10982400K), 0.0344060 secs] [Times: user=0.23 sys=0.00, real=0.04 secs] 
16999.832: [GC 16999.832: [ParNew: 2317495K->35145K(2534400K), 0.0468650 secs] 6292031K->4010894K(10982400K), 0.0474760 secs] [Times: user=0.27 sys=0.01, real=0.04 secs] 
17002.694: [GC 17002.694: [ParNew: 2287945K->54506K(2534400K), 0.0634500 secs] 6263694K->4031184K(10982400K), 0.0640810 secs] [Times: user=0.26 sys=0.01, real=0.06 secs] 
17006.709: [GC 17006.709: [ParNew: 2307306K->77128K(2534400K), 0.0683780 secs] 6283984K->4054122K(10982400K), 0.0689940 secs] [Times: user=0.32 sys=0.01, real=0.07 secs] 
17012.330: [GC 17012.330: [ParNew: 2329928K->46634K(2534400K), 0.0531790 secs] 6306922K->4025382K(10982400K), 0.0539240 secs] [Times: user=0.31 sys=0.00, real=0.06 secs] 
17014.579: [GC 17014.579: [ParNew: 2299434K->55885K(2534400K), 0.0296330 secs] 6278182K->4035663K(10982400K), 0.0302270 secs] [Times: user=0.34 sys=0.00, real=0.03 secs] 
17015.960: [GC 17015.960: [ParNew: 2308685K->55723K(2534400K), 0.0295920 secs] 6288463K->4039805K(10982400K), 0.0301950 secs] [Times: user=0.32 sys=0.01, real=0.03 secs] 
17018.295: [GC 17018.296: [ParNew: 2308523K->43942K(2534400K), 0.0273130 secs] 6292605K->4029675K(10982400K), 0.0278400 secs] [Times: user=0.21 sys=0.00, real=0.02 secs] 
17021.226: [GC 17021.227: [ParNew: 2296742K->28155K(2534400K), 0.0332600 secs] 6282475K->4015237K(10982400K), 0.0338790 secs] [Times: user=0.24 sys=0.00, real=0.03 secs] 
17024.944: [GC 17024.944: [ParNew: 2280955K->74316K(2534400K), 0.0661700 secs] 6268037K->4064994K(10982400K), 0.0667150 secs] [Times: user=0.28 sys=0.00, real=0.07 secs] 
17027.750: [GC 17027.750: [ParNew: 2327116K->93226K(2534400K), 0.0606150 secs] 6317794K->4084625K(10982400K), 0.0611550 secs] [Times: user=0.39 sys=0.00, real=0.06 secs] 
17030.420: [GC 17030.421: [ParNew: 2346026K->59042K(2534400K), 0.0353210 secs] 6337425K->4051453K(10982400K), 0.0358730 secs] [Times: user=0.24 sys=0.00, real=0.03 secs] 
17033.948: [GC 17033.949: [ParNew: 2311806K->94813K(2534400K), 0.0592620 secs] 6304217K->4090754K(10982400K), 0.0598870 secs] [Times: user=0.53 sys=0.00, real=0.06 secs] 
17037.467: [GC 17037.467: [ParNew: 2347591K->125450K(2534400K), 0.0797720 secs] 6343533K->4125515K(10982400K), 0.0803250 secs] [Times: user=0.32 sys=0.01, real=0.08 secs] 
17040.991: [GC 17040.991: [ParNew: 2378098K->135907K(2534400K), 0.1036520 secs] 6378162K->4137123K(10982400K), 0.1042010 secs] [Times: user=0.33 sys=0.00, real=0.10 secs] 
17044.593: [GC 17044.593: [ParNew: 2388707K->175653K(2534400K), 0.1496700 secs] 6389923K->4179056K(10982400K), 0.1502720 secs] [Times: user=0.43 sys=0.00, real=0.15 secs] 
17048.172: [GC 17048.173: [ParNew: 2428453K->113257K(2534400K), 0.1051790 secs] 6431856K->4127338K(10982400K), 0.1058220 secs] [Times: user=0.34 sys=0.00, real=0.10 secs] 
17051.395: [GC 17051.395: [ParNew: 2366057K->115381K(2534400K), 0.0985260 secs] 6380138K->4129461K(10982400K), 0.0991420 secs] [Times: user=0.38 sys=0.00, real=0.10 secs] 
17054.606: [GC 17054.606: [ParNew: 2368181K->88462K(2534400K), 0.0769440 secs] 6382261K->4102543K(10982400K), 0.0776100 secs] [Times: user=0.24 sys=0.00, real=0.08 secs] 
17056.895: [GC 17056.895: [ParNew: 2341262K->101443K(2534400K), 0.1026250 secs] 6355343K->4115524K(10982400K), 0.1032380 secs] [Times: user=0.41 sys=0.01, real=0.10 secs] 
17058.417: [GC 17058.417: [ParNew: 2354243K->121381K(2534400K), 0.0915680 secs] 6368324K->4138929K(10982400K), 0.0921490 secs] [Times: user=0.37 sys=0.00, real=0.09 secs] 
17060.672: [GC 17060.673: [ParNew: 2374181K->108239K(2534400K), 0.0558330 secs] 6391729K->4128600K(10982400K), 0.0564530 secs] [Times: user=0.56 sys=0.00, real=0.05 secs] 
17063.476: [GC 17063.476: [ParNew: 2361039K->97226K(2534400K), 0.0413360 secs] 6381400K->4121115K(10982400K), 0.0419440 secs] [Times: user=0.44 sys=0.00, real=0.04 secs] 
17066.569: [GC 17066.569: [ParNew: 2350026K->91781K(2534400K), 0.0431670 secs] 6373915K->4116883K(10982400K), 0.0437170 secs] [Times: user=0.49 sys=0.00, real=0.05 secs] 
17072.493: [GC 17072.494: [ParNew: 2344581K->79005K(2534400K), 0.0613660 secs] 6369683K->4115432K(10982400K), 0.0619780 secs] [Times: user=0.37 sys=0.01, real=0.06 secs] 
17075.050: [GC 17075.050: [ParNew: 2331805K->112938K(2534400K), 0.0526700 secs] 6368232K->4151001K(10982400K), 0.0532760 secs] [Times: user=0.74 sys=0.00, real=0.05 secs] 
17077.166: [GC 17077.166: [ParNew: 2365738K->84138K(2534400K), 0.0308500 secs] 6403801K->4123379K(10982400K), 0.0313950 secs] [Times: user=0.23 sys=0.00, real=0.03 secs] 
17079.064: [GC 17079.064: [ParNew: 2336938K->54006K(2534400K), 0.0302700 secs] 6376179K->4099181K(10982400K), 0.0308080 secs] [Times: user=0.33 sys=0.00, real=0.04 secs] 
17082.048: [GC 17082.049: [ParNew: 2306806K->42112K(2534400K), 0.0304290 secs] 6351981K->4089806K(10982400K), 0.0309760 secs] [Times: user=0.20 sys=0.00, real=0.03 secs] 
17085.478: [GC 17085.478: [ParNew: 2294912K->31478K(2534400K), 0.0337930 secs] 6342606K->4081279K(10982400K), 0.0344130 secs] [Times: user=0.27 sys=0.01, real=0.03 secs] 
17087.720: [GC 17087.721: [ParNew: 2284278K->65246K(2534400K), 0.0358820 secs] 6334079K->4116035K(10982400K), 0.0364960 secs] [Times: user=0.41 sys=0.00, real=0.04 secs] 
17090.152: [GC 17090.152: [ParNew: 2318046K->48909K(2534400K), 0.0332210 secs] 6368835K->4101071K(10982400K), 0.0338290 secs] [Times: user=0.19 sys=0.00, real=0.04 secs] 
17094.643: [GC 17094.643: [ParNew: 2301709K->32047K(2534400K), 0.0403370 secs] 6353871K->4084861K(10982400K), 0.0409150 secs] [Times: user=0.24 sys=0.00, real=0.04 secs] 
17097.591: [GC 17097.591: [ParNew: 2284847K->99613K(2534400K), 0.0568130 secs] 6337661K->4154604K(10982400K), 0.0573650 secs] [Times: user=0.56 sys=0.00, real=0.06 secs] 
17102.215: [GC 17102.216: [ParNew: 2352413K->138892K(2534400K), 0.0985100 secs] 6407404K->4194804K(10982400K), 0.0992140 secs] [Times: user=0.46 sys=0.00, real=0.10 secs] 
17107.257: [GC 17107.257: [ParNew: 2391692K->136337K(2534400K), 0.0748110 secs] 6447604K->4193501K(10982400K), 0.0755360 secs] [Times: user=0.57 sys=0.01, real=0.08 secs] 
17111.267: [GC 17111.267: [ParNew: 2389137K->122944K(2534400K), 0.0875470 secs] 6446301K->4185104K(10982400K), 0.0881940 secs] [Times: user=0.28 sys=0.00, real=0.09 secs] 
17113.821: [GC 17113.822: [ParNew: 2375744K->65303K(2534400K), 0.0574610 secs] 6437904K->4128846K(10982400K), 0.0580730 secs] [Times: user=0.31 sys=0.00, real=0.05 secs] 
17115.943: [GC 17115.944: [ParNew: 2318103K->69694K(2534400K), 0.0690140 secs] 6381646K->4136707K(10982400K), 0.0696420 secs] [Times: user=0.25 sys=0.00, real=0.07 secs] 
17118.579: [GC 17118.579: [ParNew: 2322494K->144096K(2534400K), 0.1443900 secs] 6389507K->4213536K(10982400K), 0.1450060 secs] [Times: user=0.37 sys=0.00, real=0.15 secs] 
17120.773: [GC 17120.773: [ParNew: 2396896K->37140K(2534400K), 0.0497560 secs] 6466336K->4107684K(10982400K), 0.0503910 secs] [Times: user=0.28 sys=0.00, real=0.05 secs] 
17125.686: [GC 17125.686: [ParNew: 2289940K->75061K(2534400K), 0.0531480 secs] 6360484K->4149132K(10982400K), 0.0537680 secs] [Times: user=0.44 sys=0.00, real=0.05 secs] 
17129.506: [GC 17129.506: [ParNew: 2327861K->59982K(2534400K), 0.0425610 secs] 6401932K->4135667K(10982400K), 0.0431850 secs] [Times: user=0.33 sys=0.01, real=0.04 secs] 
17133.995: [GC 17133.995: [ParNew: 2312782K->48854K(2534400K), 0.0398200 secs] 6388467K->4127034K(10982400K), 0.0403710 secs] [Times: user=0.21 sys=0.01, real=0.04 secs] 
17137.901: [GC 17137.901: [ParNew: 2301654K->31396K(2534400K), 0.0387950 secs] 6379834K->4111530K(10982400K), 0.0394410 secs] [Times: user=0.23 sys=0.00, real=0.04 secs] 
17143.343: [GC 17143.343: [ParNew: 2284196K->34901K(2534400K), 0.0429990 secs] 6364330K->4116970K(10982400K), 0.0436260 secs] [Times: user=0.23 sys=0.01, real=0.05 secs] 
17145.569: [GC 17145.570: [ParNew: 2287696K->175929K(2534400K), 0.0837030 secs] 6369766K->4259506K(10982400K), 0.0842340 secs] [Times: user=0.76 sys=0.00, real=0.09 secs] 
17148.470: [GC 17148.470: [ParNew: 2428729K->103431K(2534400K), 0.0926540 secs] 6512306K->4236819K(10982400K), 0.0932490 secs] [Times: user=0.82 sys=0.02, real=0.09 secs] 
17152.537: [GC 17152.537: [ParNew: 2356231K->42682K(2534400K), 0.0484570 secs] 6489619K->4176070K(10982400K), 0.0490780 secs] [Times: user=0.38 sys=0.00, real=0.05 secs] 
17157.204: [GC 17157.205: [ParNew: 2295482K->77427K(2534400K), 0.0604530 secs] 6428870K->4210815K(10982400K), 0.0610540 secs] [Times: user=0.56 sys=0.01, real=0.07 secs] 
17161.686: [GC 17161.686: [ParNew: 2330227K->55862K(2534400K), 0.0460530 secs] 6463615K->4189250K(10982400K), 0.0466950 secs] [Times: user=0.34 sys=0.00, real=0.05 secs] 
17166.745: [GC 17166.746: [ParNew: 2308662K->31232K(2534400K), 0.0530580 secs] 6442050K->4170860K(10982400K), 0.0536920 secs] [Times: user=0.38 sys=0.00, real=0.06 secs] 
17171.702: [GC 17171.702: [ParNew: 2284032K->31424K(2534400K), 0.0427810 secs] 6423660K->4172100K(10982400K), 0.0433990 secs] [Times: user=0.25 sys=0.00, real=0.04 secs] 
17176.391: [GC 17176.391: [ParNew: 2284224K->30838K(2534400K), 0.0458610 secs] 6424900K->4172996K(10982400K), 0.0464420 secs] [Times: user=0.25 sys=0.00, real=0.04 secs] 
17179.241: [GC 17179.241: [ParNew: 2283638K->56102K(2534400K), 0.0433350 secs] 6425796K->4199891K(10982400K), 0.0439470 secs] [Times: user=0.33 sys=0.00, real=0.04 secs] 
17183.053: [GC 17183.053: [ParNew: 2308902K->46772K(2534400K), 0.0335590 secs] 6452691K->4192367K(10982400K), 0.0341020 secs] [Times: user=0.24 sys=0.01, real=0.03 secs] 
17188.481: [GC 17188.481: [ParNew: 2299552K->65109K(2534400K), 0.0507510 secs] 6445147K->4211915K(10982400K), 0.0513070 secs] [Times: user=0.41 sys=0.01, real=0.05 secs] 
17192.577: [GC 17192.577: [ParNew: 2317909K->44590K(2534400K), 0.0371210 secs] 6464715K->4192499K(10982400K), 0.0377330 secs] [Times: user=0.23 sys=0.01, real=0.04 secs] 
17197.395: [GC 17197.396: [ParNew: 2297390K->32041K(2534400K), 0.0361940 secs] 6445299K->4182298K(10982400K), 0.0367430 secs] [Times: user=0.20 sys=0.00, real=0.04 secs] 
17202.065: [GC 17202.065: [ParNew: 2284841K->46380K(2534400K), 0.0377970 secs] 6435098K->4198100K(10982400K), 0.0383460 secs] [Times: user=0.29 sys=0.00, real=0.04 secs] 
17206.568: [GC 17206.568: [ParNew: 2299180K->99409K(2534400K), 0.0542650 secs] 6450900K->4252803K(10982400K), 0.0548790 secs] [Times: user=0.57 sys=0.00, real=0.05 secs] 
17209.655: [GC 17209.655: [ParNew: 2352138K->74419K(2534400K), 0.0341670 secs] 6505532K->4228467K(10982400K), 0.0347110 secs] [Times: user=0.23 sys=0.00, real=0.03 secs] 
17214.880: [GC 17214.880: [ParNew: 2327219K->86640K(2534400K), 0.0968360 secs] 6481267K->4244788K(10982400K), 0.0974530 secs] [Times: user=0.32 sys=0.01, real=0.10 secs] 
17217.485: [GC 17217.485: [ParNew: 2339396K->39238K(2534400K), 0.0361320 secs] 6497545K->4200178K(10982400K), 0.0367390 secs] [Times: user=0.30 sys=0.00, real=0.04 secs] 
17220.617: [GC 17220.617: [ParNew: 2292038K->38973K(2534400K), 0.0321190 secs] 6452978K->4201342K(10982400K), 0.0326670 secs] [Times: user=0.21 sys=0.00, real=0.03 secs] 
17223.197: [GC 17223.197: [ParNew: 2287208K->51929K(2534400K), 0.0369180 secs] 6449577K->4215761K(10982400K), 0.0374580 secs] [Times: user=0.34 sys=0.00, real=0.03 secs] 
17226.013: [GC 17226.013: [ParNew: 2304729K->42511K(2534400K), 0.0317530 secs] 6468561K->4207905K(10982400K), 0.0323440 secs] [Times: user=0.24 sys=0.00, real=0.03 secs] 
17228.202: [GC 17228.202: [ParNew: 2295311K->59722K(2534400K), 0.0347370 secs] 6460705K->4225975K(10982400K), 0.0353390 secs] [Times: user=0.43 sys=0.00, real=0.04 secs] 
17233.434: [GC 17233.434: [ParNew: 2312522K->49764K(2534400K), 0.0415100 secs] 6478775K->4217966K(10982400K), 0.0421310 secs] [Times: user=0.23 sys=0.00, real=0.04 secs] 
17238.116: [GC 17238.116: [ParNew: 2302564K->37234K(2534400K), 0.0391980 secs] 6470766K->4206150K(10982400K), 0.0398330 secs] [Times: user=0.24 sys=0.00, real=0.04 secs] 
17241.718: [GC 17241.718: [ParNew: 2290034K->32872K(2534400K), 0.0334530 secs] 6458950K->4202683K(10982400K), 0.0341000 secs] [Times: user=0.19 sys=0.00, real=0.04 secs] 
17245.719: [GC 17245.719: [ParNew: 2285672K->29851K(2534400K), 0.0334940 secs] 6455483K->4199930K(10982400K), 0.0341070 secs] [Times: user=0.22 sys=0.01, real=0.04 secs] 
17249.548: [GC 17249.548: [ParNew: 2282651K->49460K(2534400K), 0.0364840 secs] 6452730K->4220568K(10982400K), 0.0371200 secs] [Times: user=0.29 sys=0.00, real=0.04 secs] 
17252.423: [GC 17252.423: [ParNew: 2302260K->63005K(2534400K), 0.0373530 secs] 6473368K->4235878K(10982400K), 0.0379030 secs] [Times: user=0.39 sys=0.00, real=0.03 secs] 
17255.553: [GC 17255.553: [ParNew: 2315805K->89475K(2534400K), 0.0466300 secs] 6488678K->4264686K(10982400K), 0.0471730 secs] [Times: user=0.52 sys=0.00, real=0.04 secs] 
17257.568: [GC 17257.568: [ParNew: 2342275K->65621K(2534400K), 0.0306030 secs] 6517486K->4244080K(10982400K), 0.0312150 secs] [Times: user=0.22 sys=0.00, real=0.03 secs] 
17260.297: [GC 17260.298: [ParNew: 2318421K->36283K(2534400K), 0.0302350 secs] 6496880K->4216117K(10982400K), 0.0308610 secs] [Times: user=0.26 sys=0.00, real=0.03 secs] 
17263.687: [GC 17263.688: [ParNew: 2289083K->31280K(2534400K), 0.0324110 secs] 6468917K->4212472K(10982400K), 0.0330080 secs] [Times: user=0.20 sys=0.00, real=0.03 secs] 
17269.537: [GC 17269.537: [ParNew: 2284080K->40917K(2534400K), 0.0421100 secs] 6465272K->4223272K(10982400K), 0.0426500 secs] [Times: user=0.30 sys=0.01, real=0.04 secs] 
17271.676: [GC 17271.676: [ParNew: 2293717K->39019K(2534400K), 0.0277470 secs] 6476072K->4222143K(10982400K), 0.0282620 secs] [Times: user=0.23 sys=0.00, real=0.03 secs] 
17275.707: [GC 17275.708: [ParNew: 2291819K->32590K(2534400K), 0.0366160 secs] 6474943K->4217273K(10982400K), 0.0372350 secs] [Times: user=0.22 sys=0.01, real=0.04 secs] 
17280.172: [GC 17280.172: [ParNew: 2285390K->63455K(2534400K), 0.0544250 secs] 6470073K->4249742K(10982400K), 0.0549700 secs] [Times: user=0.39 sys=0.00, real=0.06 secs] 
17285.517: [GC 17285.518: [ParNew: 2316255K->48912K(2534400K), 0.0431670 secs] 6502542K->4238889K(10982400K), 0.0438130 secs] [Times: user=0.26 sys=0.00, real=0.04 secs] 
17291.623: [GC 17291.623: [ParNew: 2301712K->42614K(2534400K), 0.0481410 secs] 6491689K->4233731K(10982400K), 0.0487640 secs] [Times: user=0.28 sys=0.00, real=0.05 secs] 
17295.335: [GC 17295.336: [ParNew: 2295414K->59387K(2534400K), 0.0370930 secs] 6486531K->4252300K(10982400K), 0.0376450 secs] [Times: user=0.34 sys=0.00, real=0.04 secs] 
17299.353: [GC 17299.353: [ParNew: 2312187K->52609K(2534400K), 0.0385680 secs] 6505100K->4249045K(10982400K), 0.0391920 secs] [Times: user=0.26 sys=0.00, real=0.04 secs] 
17304.944: [GC 17304.944: [ParNew: 2305409K->36124K(2534400K), 0.0446390 secs] 6501845K->4240181K(10982400K), 0.0451870 secs] [Times: user=0.25 sys=0.00, real=0.05 secs] 
17306.620: [GC 17306.621: [ParNew: 2288924K->27673K(2534400K), 0.0213390 secs] 6492981K->4232604K(10982400K), 0.0220330 secs] [Times: user=0.22 sys=0.00, real=0.02 secs] 
17310.191: [GC 17310.191: [ParNew: 2280473K->60508K(2534400K), 0.0351130 secs] 6485404K->4266300K(10982400K), 0.0356570 secs] [Times: user=0.35 sys=0.00, real=0.03 secs] 
17312.204: [GC 17312.205: [ParNew: 2313308K->46111K(2534400K), 0.0255010 secs] 6519100K->4252819K(10982400K), 0.0261020 secs] [Times: user=0.23 sys=0.00, real=0.03 secs] 
17315.671: [GC 17315.672: [ParNew: 2298911K->43219K(2534400K), 0.0286140 secs] 6505619K->4254644K(10982400K), 0.0292420 secs] [Times: user=0.23 sys=0.00, real=0.03 secs] 
17318.559: [GC 17318.559: [ParNew: 2296019K->67743K(2534400K), 0.0429650 secs] 6507444K->4282553K(10982400K), 0.0436030 secs] [Times: user=0.38 sys=0.01, real=0.05 secs] 
17322.087: [GC 17322.087: [ParNew: 2320543K->67413K(2534400K), 0.0416680 secs] 6535353K->4286254K(10982400K), 0.0422160 secs] [Times: user=0.39 sys=0.00, real=0.04 secs] 
17326.274: [GC 17326.274: [ParNew: 2320213K->50903K(2534400K), 0.0413000 secs] 6539054K->4271386K(10982400K), 0.0419070 secs] [Times: user=0.24 sys=0.00, real=0.04 secs] 
17329.710: [GC 17329.711: [ParNew: 2303703K->31633K(2534400K), 0.0300170 secs] 6524186K->4253162K(10982400K), 0.0306240 secs] [Times: user=0.19 sys=0.00, real=0.03 secs] 
17331.649: [GC 17331.649: [ParNew: 2284433K->54269K(2534400K), 0.0297910 secs] 6505962K->4277481K(10982400K), 0.0303880 secs] [Times: user=0.35 sys=0.00, real=0.03 secs] 
17334.607: [GC 17334.607: [ParNew: 2307069K->43971K(2534400K), 0.0325050 secs] 6530281K->4268263K(10982400K), 0.0330490 secs] [Times: user=0.23 sys=0.00, real=0.03 secs] 
17338.615: [GC 17338.615: [ParNew: 2296771K->70245K(2534400K), 0.0594310 secs] 6521063K->4295951K(10982400K), 0.0600170 secs] [Times: user=0.40 sys=0.00, real=0.06 secs] 
17341.651: [GC 17341.651: [ParNew: 2323045K->48129K(2534400K), 0.0300850 secs] 6548751K->4275223K(10982400K), 0.0306870 secs] [Times: user=0.24 sys=0.00, real=0.03 secs] 
17343.229: [GC 17343.229: [ParNew: 2300929K->33114K(2534400K), 0.0202570 secs] 6528023K->4261013K(10982400K), 0.0207850 secs] [Times: user=0.21 sys=0.00, real=0.02 secs] 
17347.704: [GC 17347.704: [ParNew: 2285914K->61739K(2534400K), 0.0449460 secs] 6513813K->4293916K(10982400K), 0.0454980 secs] [Times: user=0.42 sys=0.01, real=0.05 secs] 
17352.735: [GC 17352.735: [ParNew: 2314539K->48673K(2534400K), 0.0405430 secs] 6546716K->4282214K(10982400K), 0.0410880 secs] [Times: user=0.25 sys=0.00, real=0.05 secs] 
17354.368: [GC 17354.369: [ParNew: 2301473K->86044K(2534400K), 0.0347890 secs] 6535014K->4321031K(10982400K), 0.0354040 secs] [Times: user=0.51 sys=0.00, real=0.03 secs] 
17355.930: [GC 17355.931: [ParNew: 2338844K->65015K(2534400K), 0.0286710 secs] 6573831K->4303406K(10982400K), 0.0292620 secs] [Times: user=0.23 sys=0.00, real=0.03 secs] 
17357.567: [GC 17357.567: [ParNew: 2317815K->45642K(2534400K), 0.0258830 secs] 6556206K->4287277K(10982400K), 0.0264800 secs] [Times: user=0.25 sys=0.00, real=0.02 secs] 
17359.195: [GC 17359.195: [ParNew: 2298428K->43556K(2534400K), 0.0270300 secs] 6540063K->4293283K(10982400K), 0.0275560 secs] [Times: user=0.26 sys=0.01, real=0.03 secs] 
17360.776: [GC 17360.777: [ParNew: 2296356K->30081K(2534400K), 0.0228570 secs] 6546083K->4280522K(10982400K), 0.0234690 secs] [Times: user=0.22 sys=0.01, real=0.03 secs] 
17363.096: [GC 17363.097: [ParNew: 2282881K->24851K(2534400K), 0.0275040 secs] 6533322K->4278766K(10982400K), 0.0280980 secs] [Times: user=0.22 sys=0.00, real=0.03 secs] 
17367.635: [GC 17367.636: [ParNew: 2277651K->57789K(2534400K), 0.0420400 secs] 6531566K->4312951K(10982400K), 0.0425900 secs] [Times: user=0.38 sys=0.01, real=0.05 secs] 
17370.196: [GC 17370.197: [ParNew: 2310589K->39819K(2534400K), 0.0265550 secs] 6565751K->4295685K(10982400K), 0.0271390 secs] [Times: user=0.23 sys=0.00, real=0.03 secs] 
17371.981: [GC 17371.981: [ParNew: 2292619K->52403K(2534400K), 0.0298600 secs] 6548485K->4309842K(10982400K), 0.0303970 secs] [Times: user=0.34 sys=0.00, real=0.03 secs] 
17376.981: [GC 17376.982: [ParNew: 2305203K->82085K(2534400K), 0.0494960 secs] 6562642K->4339919K(10982400K), 0.0501250 secs] [Times: user=0.49 sys=0.00, real=0.05 secs] 
17382.694: [GC 17382.695: [ParNew: 2334885K->62563K(2534400K), 0.0462000 secs] 6592719K->4323119K(10982400K), 0.0467930 secs] [Times: user=0.29 sys=0.00, real=0.05 secs] 
17388.195: [GC 17388.195: [ParNew: 2315363K->36842K(2534400K), 0.0407230 secs] 6575919K->4298558K(10982400K), 0.0412590 secs] [Times: user=0.22 sys=0.00, real=0.04 secs] 
17392.603: [GC 17392.603: [ParNew: 2289642K->33659K(2534400K), 0.0390490 secs] 6551358K->4296210K(10982400K), 0.0396590 secs] [Times: user=0.24 sys=0.00, real=0.04 secs] 
17396.671: [GC 17396.672: [ParNew: 2286459K->43765K(2534400K), 0.0497900 secs] 6549010K->4308559K(10982400K), 0.0503850 secs] [Times: user=0.28 sys=0.00, real=0.05 secs] 
17400.485: [GC 17400.486: [ParNew: 2296565K->34346K(2534400K), 0.0464900 secs] 6561359K->4303100K(10982400K), 0.0471030 secs] [Times: user=0.28 sys=0.00, real=0.04 secs] 
17405.093: [GC 17405.093: [ParNew: 2287146K->96560K(2534400K), 0.0982290 secs] 6555900K->4367191K(10982400K), 0.0988480 secs] [Times: user=0.30 sys=0.00, real=0.10 secs] 
17409.114: [GC 17409.114: [ParNew: 2349360K->56260K(2534400K), 0.0566250 secs] 6619991K->4328702K(10982400K), 0.0572360 secs] [Times: user=0.24 sys=0.00, real=0.05 secs] 
17413.744: [GC 17413.745: [ParNew: 2309060K->33501K(2534400K), 0.0468350 secs] 6581502K->4306876K(10982400K), 0.0474600 secs] [Times: user=0.30 sys=0.00, real=0.05 secs] 
17416.731: [GC 17416.732: [ParNew: 2286301K->58015K(2534400K), 0.0399970 secs] 6559676K->4333293K(10982400K), 0.0406100 secs] [Times: user=0.36 sys=0.00, real=0.04 secs] 
17418.201: [GC 17418.201: [ParNew: 2310815K->41380K(2534400K), 0.0233530 secs] 6586093K->4318123K(10982400K), 0.0239360 secs] [Times: user=0.22 sys=0.00, real=0.02 secs] 
17423.380: [GC 17423.381: [ParNew: 2294180K->34711K(2534400K), 0.0417840 secs] 6570923K->4315112K(10982400K), 0.0424010 secs] [Times: user=0.25 sys=0.00, real=0.04 secs] 
17426.105: [GC 17426.105: [ParNew: 2287511K->39397K(2534400K), 0.0260580 secs] 6567912K->4322319K(10982400K), 0.0266920 secs] [Times: user=0.22 sys=0.01, real=0.03 secs] 
17426.135: [GC 17426.135: [ParNew: 47154K->43329K(2534400K), 0.0122830 secs] 4330076K->4327398K(10982400K), 0.0126830 secs] [Times: user=0.22 sys=0.00, real=0.02 secs] 
17429.521: [GC 17429.522: [ParNew: 2296129K->42255K(2534400K), 0.0286280 secs] 6580198K->4327281K(10982400K), 0.0292420 secs] [Times: user=0.21 sys=0.01, real=0.03 secs] 
17432.650: [GC 17432.650: [ParNew: 2295055K->27016K(2534400K), 0.0358260 secs] 6580081K->4318517K(10982400K), 0.0364460 secs] [Times: user=0.19 sys=0.01, real=0.03 secs] 
17436.658: [GC 17436.658: [ParNew: 2279816K->54917K(2534400K), 0.0376730 secs] 6571317K->4347819K(10982400K), 0.0383080 secs] [Times: user=0.35 sys=0.00, real=0.04 secs] 
17438.502: [GC 17438.502: [ParNew: 2307717K->62198K(2534400K), 0.0284880 secs] 6600619K->4355099K(10982400K), 0.0291320 secs] [Times: user=0.33 sys=0.01, real=0.03 secs] 
17441.289: [GC 17441.289: [ParNew: 2314998K->48397K(2534400K), 0.0301930 secs] 6607899K->4342948K(10982400K), 0.0307320 secs] [Times: user=0.22 sys=0.00, real=0.03 secs] 
17443.843: [GC 17443.843: [ParNew: 2301197K->32836K(2534400K), 0.0293110 secs] 6595748K->4329279K(10982400K), 0.0298420 secs] [Times: user=0.21 sys=0.00, real=0.03 secs] 
17446.309: [GC 17446.309: [ParNew: 2285636K->36851K(2534400K), 0.0266270 secs] 6582079K->4335098K(10982400K), 0.0271590 secs] [Times: user=0.20 sys=0.00, real=0.03 secs] 
17447.879: [GC 17447.880: [ParNew: 2289651K->37904K(2534400K), 0.0201800 secs] 6587898K->4336815K(10982400K), 0.0207790 secs] [Times: user=0.22 sys=0.01, real=0.03 secs] 
17450.366: [GC 17450.367: [ParNew: 2290704K->46466K(2534400K), 0.0272280 secs] 6589615K->4346278K(10982400K), 0.0278650 secs] [Times: user=0.23 sys=0.00, real=0.03 secs] 
17451.888: [GC 17451.888: [ParNew: 2299266K->36769K(2534400K), 0.0228510 secs] 6599078K->4339469K(10982400K), 0.0234520 secs] [Times: user=0.21 sys=0.00, real=0.03 secs] 
17454.866: [GC 17454.866: [ParNew: 2289569K->32103K(2534400K), 0.0286610 secs] 6592269K->4339231K(10982400K), 0.0292730 secs] [Times: user=0.23 sys=0.01, real=0.03 secs] 
17457.102: [GC 17457.103: [ParNew: 2284903K->25459K(2534400K), 0.0308270 secs] 6592031K->4335285K(10982400K), 0.0313680 secs] [Times: user=0.21 sys=0.00, real=0.03 secs] 
17461.746: [GC 17461.747: [ParNew: 2278259K->45112K(2534400K), 0.0437270 secs] 6588085K->4356054K(10982400K), 0.0443550 secs] [Times: user=0.29 sys=0.01, real=0.04 secs] 
17466.586: [GC 17466.587: [ParNew: 2297912K->71079K(2534400K), 0.0471210 secs] 6608854K->4382361K(10982400K), 0.0476740 secs] [Times: user=0.43 sys=0.00, real=0.05 secs] 
17470.517: [GC 17470.517: [ParNew: 2323879K->53188K(2534400K), 0.0343810 secs] 6635161K->4365469K(10982400K), 0.0349360 secs] [Times: user=0.21 sys=0.01, real=0.03 secs] 
17476.921: [GC 17476.921: [ParNew: 2305988K->33843K(2534400K), 0.0575560 secs] 6618269K->4346796K(10982400K), 0.0583430 secs] [Times: user=0.23 sys=0.01, real=0.06 secs] 
17480.590: [GC 17480.591: [ParNew: 2286643K->30090K(2534400K), 0.0321070 secs] 6599596K->4344632K(10982400K), 0.0327370 secs] [Times: user=0.20 sys=0.00, real=0.03 secs] 
17482.514: [GC 17482.514: [ParNew: 2282890K->22370K(2534400K), 0.0225970 secs] 6597432K->4339867K(10982400K), 0.0231310 secs] [Times: user=0.21 sys=0.00, real=0.03 secs] 
17486.744: [GC 17486.744: [ParNew: 2275170K->31477K(2534400K), 0.0346010 secs] 6592667K->4349905K(10982400K), 0.0351530 secs] [Times: user=0.21 sys=0.00, real=0.04 secs] 
17487.987: [GC 17487.987: [ParNew: 2284262K->32243K(2534400K), 0.0204350 secs] 6602690K->4352116K(10982400K), 0.0210300 secs] [Times: user=0.21 sys=0.00, real=0.02 secs] 
17490.190: [GC 17490.190: [ParNew: 2285043K->27981K(2534400K), 0.0274700 secs] 6604916K->4348716K(10982400K), 0.0280780 secs] [Times: user=0.23 sys=0.01, real=0.03 secs] 
17492.144: [GC 17492.144: [ParNew: 2280781K->40830K(2534400K), 0.0356340 secs] 6601516K->4362334K(10982400K), 0.0362530 secs] [Times: user=0.21 sys=0.00, real=0.04 secs] 
17493.453: [GC 17493.454: [ParNew: 2293630K->43030K(2534400K), 0.0258350 secs] 6615134K->4369398K(10982400K), 0.0264200 secs] [Times: user=0.29 sys=0.00, real=0.03 secs] 
17495.037: [GC 17495.037: [ParNew: 2295830K->82162K(2534400K), 0.0377420 secs] 6622198K->4409217K(10982400K), 0.0383310 secs] [Times: user=0.51 sys=0.00, real=0.04 secs] 
17497.078: [GC 17497.078: [ParNew: 2334855K->69143K(2534400K), 0.0383640 secs] 6661909K->4399016K(10982400K), 0.0389760 secs] [Times: user=0.23 sys=0.01, real=0.03 secs] 
17498.351: [GC 17498.352: [ParNew: 2321943K->72324K(2534400K), 0.0579000 secs] 6651816K->4403456K(10982400K), 0.0585120 secs] [Times: user=0.27 sys=0.00, real=0.06 secs] 
17499.752: [GC 17499.752: [ParNew: 2325124K->58150K(2534400K), 0.0483000 secs] 6656256K->4389718K(10982400K), 0.0489030 secs] [Times: user=0.24 sys=0.00, real=0.05 secs] 
17503.028: [GC 17503.028: [ParNew: 2310950K->76422K(2534400K), 0.0392410 secs] 6642518K->4409956K(10982400K), 0.0398560 secs] [Times: user=0.45 sys=0.00, real=0.04 secs] 
17506.595: [GC 17506.595: [ParNew: 2329222K->104841K(2534400K), 0.0469450 secs] 6662756K->4439669K(10982400K), 0.0474830 secs] [Times: user=0.50 sys=0.00, real=0.05 secs] 
17511.171: [GC 17511.172: [ParNew: 2357641K->72650K(2534400K), 0.0366330 secs] 6692469K->4408083K(10982400K), 0.0371760 secs] [Times: user=0.24 sys=0.00, real=0.03 secs] 
17512.656: [GC 17512.656: [ParNew: 2325450K->68072K(2534400K), 0.0273470 secs] 6660883K->4403950K(10982400K), 0.0278880 secs] [Times: user=0.38 sys=0.00, real=0.03 secs] 
17515.660: [GC 17515.660: [ParNew: 2320872K->64039K(2534400K), 0.0361550 secs] 6656750K->4401812K(10982400K), 0.0367730 secs] [Times: user=0.32 sys=0.00, real=0.04 secs] 
17516.900: [GC 17516.900: [ParNew: 2316839K->86527K(2534400K), 0.0328700 secs] 6654612K->4425397K(10982400K), 0.0334520 secs] [Times: user=0.44 sys=0.00, real=0.04 secs] 
17519.681: [GC 17519.681: [ParNew: 2339313K->67801K(2534400K), 0.0412930 secs] 6678183K->4407814K(10982400K), 0.0419150 secs] [Times: user=0.28 sys=0.01, real=0.04 secs] 
17521.794: [GC 17521.794: [ParNew: 2320601K->57891K(2534400K), 0.0303750 secs] 6660614K->4398448K(10982400K), 0.0309680 secs] [Times: user=0.40 sys=0.00, real=0.03 secs] 
17525.120: [GC 17525.120: [ParNew: 2310686K->59861K(2534400K), 0.0477050 secs] 6651244K->4411552K(10982400K), 0.0482430 secs] [Times: user=0.42 sys=0.01, real=0.05 secs] 
17527.861: [GC 17527.862: [ParNew: 2312661K->44212K(2534400K), 0.0270110 secs] 6664352K->4397734K(10982400K), 0.0276150 secs] [Times: user=0.18 sys=0.00, real=0.03 secs] 
17530.697: [GC 17530.697: [ParNew: 2297012K->44139K(2534400K), 0.0343930 secs] 6650534K->4398883K(10982400K), 0.0349960 secs] [Times: user=0.28 sys=0.00, real=0.03 secs] 
17532.120: [GC 17532.121: [ParNew: 2296939K->34110K(2534400K), 0.0199150 secs] 6651683K->4389443K(10982400K), 0.0205380 secs] [Times: user=0.22 sys=0.00, real=0.02 secs] 
17535.518: [GC 17535.518: [ParNew: 2286910K->32631K(2534400K), 0.0351090 secs] 6642243K->4390476K(10982400K), 0.0357280 secs] [Times: user=0.23 sys=0.01, real=0.03 secs] 
17537.981: [GC 17537.981: [ParNew: 2285431K->31851K(2534400K), 0.0251950 secs] 6643276K->4391978K(10982400K), 0.0257970 secs] [Times: user=0.24 sys=0.01, real=0.03 secs] 
17540.278: [GC 17540.278: [ParNew: 2284651K->41308K(2534400K), 0.0269900 secs] 6644778K->4402096K(10982400K), 0.0276080 secs] [Times: user=0.23 sys=0.01, real=0.03 secs] 
17543.773: [GC 17543.773: [ParNew: 2294108K->31569K(2534400K), 0.0304740 secs] 6654896K->4393915K(10982400K), 0.0310030 secs] [Times: user=0.22 sys=0.00, real=0.03 secs] 
17546.388: [GC 17546.388: [ParNew: 2284369K->29484K(2534400K), 0.0244830 secs] 6646715K->4393046K(10982400K), 0.0250190 secs] [Times: user=0.21 sys=0.00, real=0.02 secs] 
17549.893: [GC 17549.893: [ParNew: 2282284K->26776K(2534400K), 0.0343100 secs] 6645846K->4390922K(10982400K), 0.0347970 secs] [Times: user=0.21 sys=0.00, real=0.04 secs] 
17552.804: [GC 17552.804: [ParNew: 2279576K->24721K(2534400K), 0.0287880 secs] 6643722K->4390006K(10982400K), 0.0292730 secs] [Times: user=0.23 sys=0.00, real=0.03 secs] 
17555.642: [GC 17555.642: [ParNew: 2277521K->45826K(2534400K), 0.0324680 secs] 6642806K->4412668K(10982400K), 0.0329250 secs] [Times: user=0.30 sys=0.00, real=0.03 secs] 
17559.049: [GC 17559.049: [ParNew: 2298626K->66306K(2534400K), 0.0386890 secs] 6665468K->4434474K(10982400K), 0.0391860 secs] [Times: user=0.36 sys=0.00, real=0.04 secs] 
17564.110: [GC 17564.111: [ParNew: 2319106K->97549K(2534400K), 0.0442870 secs] 6687274K->4466747K(10982400K), 0.0448060 secs] [Times: user=0.38 sys=0.00, real=0.04 secs] 
17567.623: [GC 17567.624: [ParNew: 2350349K->104865K(2534400K), 0.0406650 secs] 6719547K->4474649K(10982400K), 0.0411210 secs] [Times: user=0.37 sys=0.00, real=0.04 secs] 
17571.152: [GC 17571.152: [ParNew: 2357665K->108781K(2534400K), 0.0451390 secs] 6727449K->4479600K(10982400K), 0.0456190 secs] [Times: user=0.46 sys=0.01, real=0.04 secs] 
17575.794: [GC 17575.795: [ParNew: 2361581K->110736K(2534400K), 0.0452180 secs] 6732400K->4482435K(10982400K), 0.0457120 secs] [Times: user=0.40 sys=0.00, real=0.05 secs] 
17578.636: [GC 17578.636: [ParNew: 2363536K->82579K(2534400K), 0.0706050 secs] 6735235K->4508265K(10982400K), 0.0710900 secs] [Times: user=0.44 sys=0.02, real=0.07 secs] 
17583.915: [GC 17583.916: [ParNew: 2335379K->33863K(2534400K), 0.0475530 secs] 6761065K->4461580K(10982400K), 0.0480110 secs] [Times: user=0.33 sys=0.00, real=0.05 secs] 
17585.841: [GC 17585.842: [ParNew: 2286663K->24296K(2534400K), 0.0300610 secs] 6714380K->4453134K(10982400K), 0.0305620 secs] [Times: user=0.23 sys=0.00, real=0.03 secs] 
17589.125: [GC 17589.125: [ParNew: 2277096K->24059K(2534400K), 0.0327160 secs] 6705934K->4455014K(10982400K), 0.0332120 secs] [Times: user=0.23 sys=0.00, real=0.03 secs] 
17593.201: [GC 17593.202: [ParNew: 2276859K->75935K(2534400K), 0.0451830 secs] 6707814K->4507429K(10982400K), 0.0456730 secs] [Times: user=0.47 sys=0.00, real=0.05 secs] 
17596.982: [GC 17596.983: [ParNew: 2328735K->78907K(2534400K), 0.0536340 secs] 6760229K->4512502K(10982400K), 0.0541290 secs] [Times: user=0.25 sys=0.00, real=0.06 secs] 
17600.139: [GC 17600.139: [ParNew: 2331707K->61302K(2534400K), 0.0453900 secs] 6765302K->4495716K(10982400K), 0.0458850 secs] [Times: user=0.33 sys=0.00, real=0.05 secs] 
17603.747: [GC 17603.748: [ParNew: 2314102K->66624K(2534400K), 0.0558380 secs] 6748516K->4501769K(10982400K), 0.0563450 secs] [Times: user=0.26 sys=0.00, real=0.06 secs] 
17606.308: [GC 17606.309: [ParNew: 2319424K->58828K(2534400K), 0.0583220 secs] 6754569K->4495171K(10982400K), 0.0588330 secs] [Times: user=0.25 sys=0.01, real=0.06 secs] 
17610.663: [GC 17610.663: [ParNew: 2311628K->32261K(2534400K), 0.0375550 secs] 6747971K->4474964K(10982400K), 0.0380940 secs] [Times: user=0.23 sys=0.00, real=0.04 secs] 
17614.987: [GC 17614.988: [ParNew: 2284991K->58170K(2534400K), 0.0439620 secs] 6727694K->4503307K(10982400K), 0.0444530 secs] [Times: user=0.39 sys=0.00, real=0.04 secs] 
17617.561: [GC 17617.561: [ParNew: 2310970K->44244K(2534400K), 0.0298890 secs] 6756107K->4490603K(10982400K), 0.0303710 secs] [Times: user=0.22 sys=0.00, real=0.03 secs] 
17620.760: [GC 17620.761: [ParNew: 2297044K->25204K(2534400K), 0.0303720 secs] 6743403K->4473995K(10982400K), 0.0308300 secs] [Times: user=0.21 sys=0.00, real=0.03 secs] 
17623.533: [GC 17623.533: [ParNew: 2278004K->36241K(2534400K), 0.0317890 secs] 6726795K->4486212K(10982400K), 0.0322840 secs] [Times: user=0.29 sys=0.01, real=0.03 secs] 
17625.614: [GC 17625.615: [ParNew: 2289041K->52435K(2534400K), 0.0365030 secs] 6739012K->4503706K(10982400K), 0.0369950 secs] [Times: user=0.32 sys=0.00, real=0.04 secs] 
17627.789: [GC 17627.789: [ParNew: 2305235K->48073K(2534400K), 0.0291390 secs] 6756506K->4500290K(10982400K), 0.0296140 secs] [Times: user=0.25 sys=0.00, real=0.03 secs] 
17631.197: [GC 17631.197: [ParNew: 2300873K->76917K(2534400K), 0.0410530 secs] 6753090K->4530722K(10982400K), 0.0415160 secs] [Times: user=0.43 sys=0.00, real=0.05 secs] 
17634.085: [GC 17634.085: [ParNew: 2329717K->88376K(2534400K), 0.0437870 secs] 6783522K->4543470K(10982400K), 0.0442640 secs] [Times: user=0.46 sys=0.00, real=0.05 secs] 
17636.456: [GC 17636.457: [ParNew: 2341176K->60965K(2534400K), 0.0354290 secs] 6796270K->4520805K(10982400K), 0.0359480 secs] [Times: user=0.26 sys=0.00, real=0.04 secs] 
17638.324: [GC 17638.324: [ParNew: 2313765K->81263K(2534400K), 0.0439340 secs] 6773605K->4548438K(10982400K), 0.0443740 secs] [Times: user=0.52 sys=0.00, real=0.04 secs] 
17642.445: [GC 17642.446: [ParNew: 2334063K->62405K(2534400K), 0.0353010 secs] 6801238K->4530294K(10982400K), 0.0357930 secs] [Times: user=0.22 sys=0.00, real=0.04 secs] 
17647.809: [GC 17647.809: [ParNew: 2315205K->61644K(2534400K), 0.0474170 secs] 6783094K->4534084K(10982400K), 0.0478830 secs] [Times: user=0.43 sys=0.00, real=0.05 secs] 
17652.918: [GC 17652.918: [ParNew: 2314444K->50655K(2534400K), 0.0421420 secs] 6786884K->4524194K(10982400K), 0.0426550 secs] [Times: user=0.26 sys=0.00, real=0.04 secs] 
17657.132: [GC 17657.132: [ParNew: 2303455K->36605K(2534400K), 0.0404340 secs] 6776994K->4510690K(10982400K), 0.0409100 secs] [Times: user=0.24 sys=0.00, real=0.04 secs] 
17661.501: [GC 17661.501: [ParNew: 2289405K->47297K(2534400K), 0.0382140 secs] 6763490K->4522100K(10982400K), 0.0386720 secs] [Times: user=0.25 sys=0.00, real=0.04 secs] 
17663.801: [GC 17663.801: [ParNew: 2300044K->41919K(2534400K), 0.0317740 secs] 6774847K->4521074K(10982400K), 0.0322460 secs] [Times: user=0.30 sys=0.00, real=0.04 secs] 
17666.865: [GC 17666.865: [ParNew: 2294693K->59583K(2534400K), 0.0358620 secs] 6773848K->4541794K(10982400K), 0.0363200 secs] [Times: user=0.36 sys=0.00, real=0.03 secs] 
17670.601: [GC 17670.601: [ParNew: 2312383K->49671K(2534400K), 0.0377660 secs] 6794594K->4534387K(10982400K), 0.0382480 secs] [Times: user=0.26 sys=0.01, real=0.04 secs] 
17675.297: [GC 17675.298: [ParNew: 2302471K->35656K(2534400K), 0.0398180 secs] 6787187K->4521686K(10982400K), 0.0403210 secs] [Times: user=0.27 sys=0.00, real=0.04 secs] 
17679.276: [GC 17679.276: [ParNew: 2288455K->84702K(2534400K), 0.0656590 secs] 6774485K->4572378K(10982400K), 0.0661210 secs] [Times: user=0.35 sys=0.00, real=0.07 secs] 
17682.389: [GC 17682.390: [ParNew: 2337486K->75709K(2534400K), 0.0577800 secs] 6825163K->4565649K(10982400K), 0.0582750 secs] [Times: user=0.26 sys=0.00, real=0.06 secs] 
17684.982: [GC 17684.982: [ParNew: 2328509K->76285K(2534400K), 0.0460690 secs] 6818449K->4570202K(10982400K), 0.0465600 secs] [Times: user=0.53 sys=0.00, real=0.05 secs] 
17688.781: [GC 17688.782: [ParNew: 2329085K->105163K(2534400K), 0.0641750 secs] 6823002K->4599763K(10982400K), 0.0646650 secs] [Times: user=0.43 sys=0.00, real=0.06 secs] 
17691.302: [GC 17691.302: [ParNew: 2357963K->59315K(2534400K), 0.0331080 secs] 6852563K->4562125K(10982400K), 0.0336070 secs] [Times: user=0.21 sys=0.00, real=0.03 secs] 
17697.059: [GC 17697.059: [ParNew: 2312115K->34213K(2534400K), 0.0517200 secs] 6814925K->4538076K(10982400K), 0.0522120 secs] [Times: user=0.32 sys=0.00, real=0.05 secs] 
17701.642: [GC 17701.643: [ParNew: 2286956K->30245K(2534400K), 0.0436280 secs] 6790819K->4535868K(10982400K), 0.0442490 secs] [Times: user=0.28 sys=0.01, real=0.04 secs] 
17705.552: [GC 17705.552: [ParNew: 2283045K->26989K(2534400K), 0.0358860 secs] 6788668K->4533161K(10982400K), 0.0365100 secs] [Times: user=0.19 sys=0.00, real=0.03 secs] 
17709.029: [GC 17709.029: [ParNew: 2279789K->31207K(2534400K), 0.0323390 secs] 6785961K->4537965K(10982400K), 0.0329460 secs] [Times: user=0.23 sys=0.00, real=0.04 secs] 
17711.457: [GC 17711.458: [ParNew: 2284007K->39431K(2534400K), 0.0313930 secs] 6790765K->4548852K(10982400K), 0.0320180 secs] [Times: user=0.27 sys=0.00, real=0.04 secs] 
17713.757: [GC 17713.757: [ParNew: 2292231K->36776K(2534400K), 0.0251750 secs] 6801652K->4547494K(10982400K), 0.0257060 secs] [Times: user=0.22 sys=0.00, real=0.03 secs] 
17717.123: [GC 17717.123: [ParNew: 2289468K->30754K(2534400K), 0.0367440 secs] 6800186K->4544851K(10982400K), 0.0373670 secs] [Times: user=0.22 sys=0.00, real=0.03 secs] 
17720.872: [GC 17720.872: [ParNew: 2283554K->71871K(2534400K), 0.0634910 secs] 6797651K->4588521K(10982400K), 0.0640460 secs] [Times: user=0.40 sys=0.00, real=0.06 secs] 
17723.143: [GC 17723.144: [ParNew: 2324671K->89743K(2534400K), 0.0614940 secs] 6841321K->4606735K(10982400K), 0.0620430 secs] [Times: user=0.40 sys=0.00, real=0.06 secs] 
17725.884: [GC 17725.885: [ParNew: 2342543K->82964K(2534400K), 0.0665490 secs] 6859535K->4600511K(10982400K), 0.0671380 secs] [Times: user=0.28 sys=0.00, real=0.06 secs] 
17728.600: [GC 17728.600: [ParNew: 2335764K->89972K(2534400K), 0.0628820 secs] 6853311K->4608571K(10982400K), 0.0634510 secs] [Times: user=0.38 sys=0.01, real=0.07 secs] 
17732.156: [GC 17732.156: [ParNew: 2342772K->85525K(2534400K), 0.0540720 secs] 6861371K->4605465K(10982400K), 0.0546860 secs] [Times: user=0.45 sys=0.00, real=0.05 secs] 
17734.358: [GC 17734.359: [ParNew: 2338325K->67421K(2534400K), 0.0472740 secs] 6858265K->4588130K(10982400K), 0.0478170 secs] [Times: user=0.22 sys=0.00, real=0.05 secs] 
17738.496: [GC 17738.497: [ParNew: 2320221K->55179K(2534400K), 0.0445500 secs] 6840930K->4579394K(10982400K), 0.0451600 secs] [Times: user=0.40 sys=0.00, real=0.04 secs] 
17741.878: [GC 17741.879: [ParNew: 2307979K->40055K(2534400K), 0.0321470 secs] 6832194K->4566128K(10982400K), 0.0327640 secs] [Times: user=0.17 sys=0.00, real=0.03 secs] 
17746.497: [GC 17746.497: [ParNew: 2292852K->44197K(2534400K), 0.0468630 secs] 6818925K->4571202K(10982400K), 0.0474620 secs] [Times: user=0.38 sys=0.00, real=0.04 secs] 
17749.884: [GC 17749.884: [ParNew: 2296997K->71424K(2534400K), 0.0433640 secs] 6824002K->4600005K(10982400K), 0.0439840 secs] [Times: user=0.44 sys=0.00, real=0.05 secs] 
17752.409: [GC 17752.409: [ParNew: 2324224K->91748K(2534400K), 0.0349790 secs] 6852805K->4620755K(10982400K), 0.0355780 secs] [Times: user=0.40 sys=0.00, real=0.03 secs] 
17755.394: [GC 17755.394: [ParNew: 2344548K->65137K(2534400K), 0.0323460 secs] 6873555K->4595150K(10982400K), 0.0329000 secs] [Times: user=0.25 sys=0.00, real=0.04 secs] 
17757.750: [GC 17757.750: [ParNew: 2317931K->53454K(2534400K), 0.0363560 secs] 6847944K->4585343K(10982400K), 0.0368910 secs] [Times: user=0.24 sys=0.00, real=0.04 secs] 
17759.423: [GC 17759.424: [ParNew: 2306254K->38242K(2534400K), 0.0258010 secs] 6838143K->4572082K(10982400K), 0.0263500 secs] [Times: user=0.23 sys=0.01, real=0.03 secs] 
17761.418: [GC 17761.419: [ParNew: 2291042K->49978K(2534400K), 0.0286980 secs] 6824882K->4589770K(10982400K), 0.0291470 secs] [Times: user=0.33 sys=0.00, real=0.03 secs] 
17763.004: [GC 17763.004: [ParNew: 2302778K->59107K(2534400K), 0.0282260 secs] 6842570K->4600657K(10982400K), 0.0287120 secs] [Times: user=0.32 sys=0.00, real=0.03 secs] 
17765.371: [GC 17765.372: [ParNew: 2311907K->42902K(2534400K), 0.0296930 secs] 6853457K->4587923K(10982400K), 0.0301910 secs] [Times: user=0.18 sys=0.01, real=0.03 secs] 
17767.788: [GC 17767.788: [ParNew: 2295702K->29584K(2534400K), 0.0229030 secs] 6840723K->4576119K(10982400K), 0.0233520 secs] [Times: user=0.19 sys=0.00, real=0.03 secs] 
17770.555: [GC 17770.555: [ParNew: 2282384K->25321K(2534400K), 0.0272390 secs] 6828919K->4572241K(10982400K), 0.0277030 secs] [Times: user=0.22 sys=0.00, real=0.03 secs] 
17773.418: [GC 17773.418: [ParNew: 2278106K->24427K(2534400K), 0.0282660 secs] 6825026K->4571752K(10982400K), 0.0287740 secs] [Times: user=0.21 sys=0.00, real=0.03 secs] 
17778.913: [GC 17778.913: [ParNew: 2277227K->35820K(2534400K), 0.0387780 secs] 6824552K->4584185K(10982400K), 0.0392760 secs] [Times: user=0.25 sys=0.00, real=0.04 secs] 
17782.373: [GC 17782.373: [ParNew: 2288620K->52240K(2534400K), 0.0554660 secs] 6836985K->4603388K(10982400K), 0.0559680 secs] [Times: user=0.27 sys=0.01, real=0.05 secs] 
17786.395: [GC 17786.395: [ParNew: 2305040K->46888K(2534400K), 0.0394260 secs] 6856188K->4599021K(10982400K), 0.0399130 secs] [Times: user=0.30 sys=0.00, real=0.04 secs] 
17791.965: [GC 17791.966: [ParNew: 2299688K->43877K(2534400K), 0.0432450 secs] 6851821K->4596322K(10982400K), 0.0437650 secs] [Times: user=0.24 sys=0.01, real=0.04 secs] 
17794.480: [GC 17794.480: [ParNew: 2296677K->68434K(2534400K), 0.0373780 secs] 6849122K->4624579K(10982400K), 0.0378700 secs] [Times: user=0.41 sys=0.01, real=0.04 secs] 
17797.785: [GC 17797.785: [ParNew: 2321234K->71959K(2534400K), 0.0398050 secs] 6877379K->4631322K(10982400K), 0.0403160 secs] [Times: user=0.36 sys=0.00, real=0.04 secs] 
17800.451: [GC 17800.451: [ParNew: 2324759K->102258K(2534400K), 0.0441820 secs] 6884122K->4662907K(10982400K), 0.0446820 secs] [Times: user=0.58 sys=0.00, real=0.05 secs] 
17805.801: [GC 17805.801: [ParNew: 2355058K->77669K(2534400K), 0.0425320 secs] 6915707K->4641115K(10982400K), 0.0429960 secs] [Times: user=0.25 sys=0.01, real=0.04 secs] 
17809.913: [GC 17809.913: [ParNew: 2330469K->30592K(2534400K), 0.0358100 secs] 6893915K->4595264K(10982400K), 0.0362760 secs] [Times: user=0.24 sys=0.00, real=0.04 secs] 
17813.214: [GC 17813.214: [ParNew: 2283326K->38858K(2534400K), 0.0313820 secs] 6847999K->4605297K(10982400K), 0.0318380 secs] [Times: user=0.29 sys=0.01, real=0.04 secs] 
17816.399: [GC 17816.399: [ParNew: 2291658K->56418K(2534400K), 0.0377970 secs] 6858097K->4623729K(10982400K), 0.0382870 secs] [Times: user=0.33 sys=0.01, real=0.04 secs] 
17819.281: [GC 17819.282: [ParNew: 2309218K->86306K(2534400K), 0.0440250 secs] 6876529K->4654533K(10982400K), 0.0445110 secs] [Times: user=0.48 sys=0.00, real=0.04 secs] 
17822.744: [GC 17822.744: [ParNew: 2339106K->64202K(2534400K), 0.0313210 secs] 6907333K->4633845K(10982400K), 0.0318050 secs] [Times: user=0.20 sys=0.00, real=0.03 secs] 
17829.418: [GC 17829.418: [ParNew: 2317002K->35508K(2534400K), 0.0456980 secs] 6886645K->4606342K(10982400K), 0.0461630 secs] [Times: user=0.27 sys=0.00, real=0.04 secs] 
17834.806: [GC 17834.806: [ParNew: 2288308K->57371K(2534400K), 0.0500950 secs] 6859142K->4629320K(10982400K), 0.0505940 secs] [Times: user=0.35 sys=0.00, real=0.05 secs] 
17839.278: [GC 17839.278: [ParNew: 2309975K->68373K(2534400K), 0.0468630 secs] 6881924K->4641998K(10982400K), 0.0474160 secs] [Times: user=0.41 sys=0.00, real=0.05 secs] 
17843.279: [GC 17843.280: [ParNew: 2321173K->49144K(2534400K), 0.0395950 secs] 6894798K->4623582K(10982400K), 0.0402160 secs] [Times: user=0.20 sys=0.00, real=0.04 secs] 
17847.229: [GC 17847.230: [ParNew: 2301944K->67588K(2534400K), 0.0475250 secs] 6876382K->4643248K(10982400K), 0.0481490 secs] [Times: user=0.42 sys=0.00, real=0.05 secs] 
17849.897: [GC 17849.898: [ParNew: 2320388K->83285K(2534400K), 0.0395550 secs] 6896048K->4659550K(10982400K), 0.0401290 secs] [Times: user=0.42 sys=0.00, real=0.04 secs] 
17852.718: [GC 17852.718: [ParNew: 2336085K->57335K(2534400K), 0.0314160 secs] 6912350K->4635509K(10982400K), 0.0319520 secs] [Times: user=0.19 sys=0.00, real=0.03 secs] 
17857.278: [GC 17857.279: [ParNew: 2310135K->55937K(2534400K), 0.0455590 secs] 6888309K->4637523K(10982400K), 0.0462040 secs] [Times: user=0.37 sys=0.00, real=0.05 secs] 
17859.911: [GC 17859.911: [ParNew: 2308737K->39899K(2534400K), 0.0303830 secs] 6890323K->4622686K(10982400K), 0.0309870 secs] [Times: user=0.19 sys=0.00, real=0.03 secs] 
17863.995: [GC 17863.995: [ParNew: 2292699K->75025K(2534400K), 0.0438300 secs] 6875486K->4658826K(10982400K), 0.0443660 secs] [Times: user=0.46 sys=0.01, real=0.04 secs] 
17868.359: [GC 17868.359: [ParNew: 2327825K->70519K(2534400K), 0.0434530 secs] 6911626K->4654855K(10982400K), 0.0440710 secs] [Times: user=0.37 sys=0.00, real=0.04 secs] 
17874.251: [GC 17874.251: [ParNew: 2323319K->54988K(2534400K), 0.0452670 secs] 6907655K->4641942K(10982400K), 0.0458150 secs] [Times: user=0.23 sys=0.00, real=0.05 secs] 
17877.163: [GC 17877.163: [ParNew: 2307788K->80429K(2534400K), 0.0471400 secs] 6894742K->4667992K(10982400K), 0.0476750 secs] [Times: user=0.50 sys=0.00, real=0.05 secs] 
17880.266: [GC 17880.266: [ParNew: 2333229K->60274K(2534400K), 0.0374980 secs] 6920792K->4649783K(10982400K), 0.0381100 secs] [Times: user=0.29 sys=0.00, real=0.04 secs] 
17883.470: [GC 17883.470: [ParNew: 2313074K->30570K(2534400K), 0.0329040 secs] 6902583K->4621042K(10982400K), 0.0335070 secs] [Times: user=0.23 sys=0.00, real=0.03 secs] 
17887.397: [GC 17887.397: [ParNew: 2283370K->26429K(2534400K), 0.0319850 secs] 6873842K->4618413K(10982400K), 0.0325870 secs] [Times: user=0.19 sys=0.00, real=0.03 secs] 
17892.556: [GC 17892.556: [ParNew: 2279225K->38777K(2534400K), 0.0422420 secs] 6871209K->4631780K(10982400K), 0.0428560 secs] [Times: user=0.26 sys=0.01, real=0.05 secs] 
17895.805: [GC 17895.805: [ParNew: 2291568K->47029K(2534400K), 0.0337090 secs] 6884571K->4640444K(10982400K), 0.0343350 secs] [Times: user=0.27 sys=0.00, real=0.04 secs] 
17898.629: [GC 17898.629: [ParNew: 2299829K->33351K(2534400K), 0.0282980 secs] 6893244K->4627034K(10982400K), 0.0288740 secs] [Times: user=0.22 sys=0.01, real=0.02 secs] 
17900.734: [GC 17900.734: [ParNew: 2286151K->27890K(2534400K), 0.0238860 secs] 6879834K->4622251K(10982400K), 0.0244280 secs] [Times: user=0.19 sys=0.01, real=0.02 secs] 
17903.669: [GC 17903.670: [ParNew: 2280690K->24938K(2534400K), 0.0323090 secs] 6875051K->4622276K(10982400K), 0.0328520 secs] [Times: user=0.20 sys=0.00, real=0.04 secs] 
17907.493: [GC 17907.493: [ParNew: 2277738K->48947K(2534400K), 0.0440080 secs] 6875076K->4647566K(10982400K), 0.0446580 secs] [Times: user=0.30 sys=0.00, real=0.04 secs] 
17911.158: [GC 17911.158: [ParNew: 2301747K->35780K(2534400K), 0.0383370 secs] 6900366K->4635444K(10982400K), 0.0389420 secs] [Times: user=0.23 sys=0.01, real=0.04 secs] 
17915.324: [GC 17915.324: [ParNew: 2288580K->74212K(2534400K), 0.0469450 secs] 6888244K->4674346K(10982400K), 0.0475750 secs] [Times: user=0.47 sys=0.00, real=0.05 secs] 
17918.511: [GC 17918.511: [ParNew: 2327012K->55206K(2534400K), 0.0344070 secs] 6927146K->4655800K(10982400K), 0.0349800 secs] [Times: user=0.23 sys=0.00, real=0.04 secs] 
17922.190: [GC 17922.190: [ParNew: 2308006K->37369K(2534400K), 0.0344000 secs] 6908600K->4639172K(10982400K), 0.0349490 secs] [Times: user=0.28 sys=0.00, real=0.04 secs] 
17926.144: [GC 17926.144: [ParNew: 2290169K->31460K(2534400K), 0.0369670 secs] 6891972K->4634193K(10982400K), 0.0375090 secs] [Times: user=0.25 sys=0.00, real=0.03 secs] 
17930.152: [GC 17930.152: [ParNew: 2284260K->85975K(2534400K), 0.0586770 secs] 6886993K->4690028K(10982400K), 0.0593060 secs] [Times: user=0.47 sys=0.00, real=0.06 secs] 
17934.438: [GC 17934.439: [ParNew: 2338770K->64841K(2534400K), 0.0462990 secs] 6942822K->4669531K(10982400K), 0.0469190 secs] [Times: user=0.39 sys=0.00, real=0.05 secs] 
17938.520: [GC 17938.521: [ParNew: 2317641K->42179K(2534400K), 0.0470140 secs] 6922331K->4647787K(10982400K), 0.0475700 secs] [Times: user=0.27 sys=0.00, real=0.05 secs] 
17941.648: [GC 17941.649: [ParNew: 2294979K->55020K(2534400K), 0.0375820 secs] 6900587K->4662210K(10982400K), 0.0381940 secs] [Times: user=0.37 sys=0.00, real=0.04 secs] 
17947.086: [GC 17947.087: [ParNew: 2307820K->60734K(2534400K), 0.0435220 secs] 6915010K->4669129K(10982400K), 0.0440760 secs] [Times: user=0.30 sys=0.00, real=0.04 secs] 
17953.511: [GC 17953.512: [ParNew: 2313534K->50822K(2534400K), 0.0467120 secs] 6921929K->4663408K(10982400K), 0.0473340 secs] [Times: user=0.23 sys=0.00, real=0.05 secs] 
17957.229: [GC 17957.229: [ParNew: 2303622K->69400K(2534400K), 0.0465630 secs] 6916208K->4685820K(10982400K), 0.0471750 secs] [Times: user=0.45 sys=0.00, real=0.04 secs] 
17962.365: [GC 17962.366: [ParNew: 2322200K->57379K(2534400K), 0.0450430 secs] 6938620K->4674689K(10982400K), 0.0456780 secs] [Times: user=0.20 sys=0.01, real=0.05 secs] 
17966.698: [GC 17966.698: [ParNew: 2310179K->32665K(2534400K), 0.0369680 secs] 6927489K->4652744K(10982400K), 0.0375300 secs] [Times: user=0.24 sys=0.01, real=0.04 secs] 
17970.014: [GC 17970.014: [ParNew: 2285465K->46669K(2534400K), 0.0455370 secs] 6905544K->4669679K(10982400K), 0.0460820 secs] [Times: user=0.42 sys=0.00, real=0.05 secs] 
17975.609: [GC 17975.609: [ParNew: 2299461K->46561K(2534400K), 0.0493020 secs] 6922471K->4671863K(10982400K), 0.0499410 secs] [Times: user=0.26 sys=0.00, real=0.05 secs] 
17978.180: [GC 17978.181: [ParNew: 2299361K->64943K(2534400K), 0.0382640 secs] 6924663K->4690946K(10982400K), 0.0388410 secs] [Times: user=0.37 sys=0.00, real=0.04 secs] 
17983.327: [GC 17983.327: [ParNew: 2317743K->65764K(2534400K), 0.0466680 secs] 6943746K->4694511K(10982400K), 0.0472120 secs] [Times: user=0.43 sys=0.01, real=0.05 secs] 
17986.158: [GC 17986.158: [ParNew: 2318564K->142152K(2534400K), 0.0490490 secs] 6947311K->4772439K(10982400K), 0.0495040 secs] [Times: user=0.70 sys=0.00, real=0.05 secs] 
17988.990: [GC 17988.991: [ParNew: 2394952K->105269K(2534400K), 0.0408870 secs] 7025239K->4737205K(10982400K), 0.0413820 secs] [Times: user=0.40 sys=0.00, real=0.04 secs] 
17993.888: [GC 17993.889: [ParNew: 2358069K->99498K(2534400K), 0.0462100 secs] 6990005K->4731941K(10982400K), 0.0467170 secs] [Times: user=0.44 sys=0.00, real=0.05 secs] 
17996.889: [GC 17996.889: [ParNew: 2352298K->72029K(2534400K), 0.0448890 secs] 6984741K->4716340K(10982400K), 0.0453800 secs] [Times: user=0.30 sys=0.00, real=0.05 secs] 
18001.420: [GC 18001.420: [ParNew: 2324829K->33858K(2534400K), 0.0463740 secs] 6969140K->4689425K(10982400K), 0.0468670 secs] [Times: user=0.26 sys=0.00, real=0.05 secs] 
18004.897: [GC 18004.897: [ParNew: 2286658K->55542K(2534400K), 0.0387870 secs] 6942225K->4712541K(10982400K), 0.0393340 secs] [Times: user=0.38 sys=0.00, real=0.04 secs] 
18008.509: [GC 18008.510: [ParNew: 2308342K->44551K(2534400K), 0.0364860 secs] 6965341K->4702974K(10982400K), 0.0371200 secs] [Times: user=0.24 sys=0.01, real=0.04 secs] 
18011.436: [GC 18011.436: [ParNew: 2297351K->29555K(2534400K), 0.0266880 secs] 6955774K->4689404K(10982400K), 0.0272260 secs] [Times: user=0.19 sys=0.00, real=0.02 secs] 
18015.756: [GC 18015.756: [ParNew: 2282355K->65434K(2534400K), 0.0466240 secs] 6942204K->4728752K(10982400K), 0.0472430 secs] [Times: user=0.38 sys=0.00, real=0.05 secs] 
18017.859: [GC 18017.859: [ParNew: 2318234K->63708K(2534400K), 0.0322450 secs] 6981552K->4730218K(10982400K), 0.0328170 secs] [Times: user=0.35 sys=0.00, real=0.03 secs] 
18022.519: [GC 18022.519: [ParNew: 2316508K->54154K(2534400K), 0.0417090 secs] 6983018K->4721354K(10982400K), 0.0422540 secs] [Times: user=0.29 sys=0.00, real=0.04 secs] 
18025.441: [GC 18025.441: [ParNew: 2306954K->50486K(2534400K), 0.0316570 secs] 6974154K->4718033K(10982400K), 0.0322020 secs] [Times: user=0.30 sys=0.00, real=0.03 secs] 
18028.414: [GC 18028.414: [ParNew: 2303286K->48343K(2534400K), 0.0324690 secs] 6970833K->4724586K(10982400K), 0.0330110 secs] [Times: user=0.29 sys=0.01, real=0.03 secs] 
18030.488: [GC 18030.488: [ParNew: 2301143K->35887K(2534400K), 0.0275650 secs] 6977386K->4712956K(10982400K), 0.0281090 secs] [Times: user=0.20 sys=0.00, real=0.03 secs] 
18033.699: [GC 18033.699: [ParNew: 2288687K->32885K(2534400K), 0.0349930 secs] 6965756K->4711563K(10982400K), 0.0356060 secs] [Times: user=0.23 sys=0.01, real=0.03 secs] 
18035.738: [GC 18035.738: [ParNew: 2285685K->61982K(2534400K), 0.0328160 secs] 6964363K->4742063K(10982400K), 0.0333570 secs] [Times: user=0.37 sys=0.00, real=0.04 secs] 
18039.987: [GC 18039.987: [ParNew: 2314782K->48963K(2534400K), 0.0414370 secs] 6994863K->4733919K(10982400K), 0.0419870 secs] [Times: user=0.23 sys=0.00, real=0.04 secs] 
18044.287: [GC 18044.287: [ParNew: 2301763K->64371K(2534400K), 0.0451560 secs] 6986719K->4751023K(10982400K), 0.0457730 secs] [Times: user=0.41 sys=0.00, real=0.05 secs] 
18047.644: [GC 18047.644: [ParNew: 2317171K->51815K(2534400K), 0.0387690 secs] 7003823K->4740332K(10982400K), 0.0395250 secs] [Times: user=0.27 sys=0.01, real=0.04 secs] 
18050.850: [GC 18050.850: [ParNew: 2304521K->39922K(2534400K), 0.0286750 secs] 6993038K->4729418K(10982400K), 0.0292140 secs] [Times: user=0.22 sys=0.00, real=0.03 secs] 
18055.502: [GC 18055.502: [ParNew: 2292722K->64541K(2534400K), 0.0468280 secs] 6982218K->4755355K(10982400K), 0.0474620 secs] [Times: user=0.42 sys=0.01, real=0.05 secs] 
18058.705: [GC 18058.706: [ParNew: 2317341K->91376K(2534400K), 0.0531730 secs] 7008155K->4783550K(10982400K), 0.0537570 secs] [Times: user=0.47 sys=0.00, real=0.05 secs] 
18063.476: [GC 18063.476: [ParNew: 2344176K->88663K(2534400K), 0.0474840 secs] 7036350K->4781810K(10982400K), 0.0480790 secs] [Times: user=0.46 sys=0.01, real=0.05 secs] 
18069.419: [GC 18069.420: [ParNew: 2341463K->78728K(2534400K), 0.0610750 secs] 7034610K->4782696K(10982400K), 0.0616330 secs] [Times: user=0.50 sys=0.00, real=0.06 secs] 
18072.963: [GC 18072.964: [ParNew: 2331528K->54733K(2534400K), 0.0350480 secs] 7035496K->4762036K(10982400K), 0.0356060 secs] [Times: user=0.23 sys=0.00, real=0.04 secs] 
18076.958: [GC 18076.958: [ParNew: 2307533K->33072K(2534400K), 0.0384850 secs] 7014836K->4741036K(10982400K), 0.0391300 secs] [Times: user=0.22 sys=0.00, real=0.04 secs] 
18080.932: [GC 18080.932: [ParNew: 2285872K->119307K(2534400K), 0.0561940 secs] 6993836K->4828618K(10982400K), 0.0568340 secs] [Times: user=0.68 sys=0.01, real=0.06 secs] 
18083.942: [GC 18083.943: [ParNew: 2372107K->87733K(2534400K), 0.0403930 secs] 7081418K->4797911K(10982400K), 0.0410090 secs] [Times: user=0.34 sys=0.00, real=0.04 secs] 
18087.949: [GC 18087.950: [ParNew: 2340533K->46417K(2534400K), 0.0353490 secs] 7050711K->4757340K(10982400K), 0.0359080 secs] [Times: user=0.23 sys=0.00, real=0.03 secs] 
18091.040: [GC 18091.041: [ParNew: 2299217K->35299K(2534400K), 0.0326000 secs] 7010140K->4747847K(10982400K), 0.0331490 secs] [Times: user=0.23 sys=0.00, real=0.03 secs] 
18095.621: [GC 18095.621: [ParNew: 2288097K->85493K(2534400K), 0.0504510 secs] 7000645K->4803405K(10982400K), 0.0510800 secs] [Times: user=0.52 sys=0.00, real=0.05 secs] 
18099.559: [GC 18099.559: [ParNew: 2338293K->100507K(2534400K), 0.0693310 secs] 7056205K->4819072K(10982400K), 0.0698880 secs] [Times: user=0.28 sys=0.00, real=0.07 secs] 
18101.727: [GC 18101.727: [ParNew: 2353307K->94805K(2534400K), 0.0673430 secs] 7071872K->4815766K(10982400K), 0.0678850 secs] [Times: user=0.30 sys=0.00, real=0.07 secs] 
18104.767: [GC 18104.768: [ParNew: 2347605K->59613K(2534400K), 0.0499570 secs] 7068566K->4781604K(10982400K), 0.0505680 secs] [Times: user=0.21 sys=0.00, real=0.05 secs] 
18107.615: [GC 18107.616: [ParNew: 2312413K->59892K(2534400K), 0.0391600 secs] 7034404K->4783124K(10982400K), 0.0397640 secs] [Times: user=0.38 sys=0.00, real=0.04 secs] 
18111.038: [GC 18111.038: [ParNew: 2312692K->75617K(2534400K), 0.0418370 secs] 7035924K->4799992K(10982400K), 0.0424640 secs] [Times: user=0.39 sys=0.01, real=0.04 secs] 
18113.768: [GC 18113.768: [ParNew: 2328417K->53754K(2534400K), 0.0328460 secs] 7052792K->4779408K(10982400K), 0.0334630 secs] [Times: user=0.21 sys=0.00, real=0.03 secs] 
18118.427: [GC 18118.427: [ParNew: 2306554K->76367K(2534400K), 0.0961440 secs] 7032208K->4803322K(10982400K), 0.0967760 secs] [Times: user=0.39 sys=0.01, real=0.10 secs] 
18120.945: [GC 18120.945: [ParNew: 2329167K->96857K(2534400K), 0.0725560 secs] 7056122K->4824824K(10982400K), 0.0731710 secs] [Times: user=0.41 sys=0.00, real=0.07 secs] 
18123.259: [GC 18123.259: [ParNew: 2349657K->120892K(2534400K), 0.0993810 secs] 7077624K->4850389K(10982400K), 0.0999920 secs] [Times: user=0.29 sys=0.01, real=0.10 secs] 
18127.465: [GC 18127.465: [ParNew: 2373692K->114464K(2534400K), 0.1122560 secs] 7103189K->4844533K(10982400K), 0.1128520 secs] [Times: user=0.28 sys=0.00, real=0.11 secs] 
18129.882: [GC 18129.883: [ParNew: 2367264K->77559K(2534400K), 0.0820510 secs] 7097333K->4809199K(10982400K), 0.0826840 secs] [Times: user=0.28 sys=0.00, real=0.09 secs] 
18132.575: [GC 18132.575: [ParNew: 2330359K->25959K(2534400K), 0.0274630 secs] 7061999K->4758100K(10982400K), 0.0280700 secs] [Times: user=0.17 sys=0.01, real=0.02 secs] 
18135.850: [GC 18135.850: [ParNew: 2278759K->63457K(2534400K), 0.0401920 secs] 7010900K->4796274K(10982400K), 0.0408220 secs] [Times: user=0.40 sys=0.01, real=0.04 secs] 
18141.028: [GC 18141.028: [ParNew: 2316257K->51883K(2534400K), 0.0467440 secs] 7049074K->4785709K(10982400K), 0.0473680 secs] [Times: user=0.29 sys=0.00, real=0.04 secs] 
18144.659: [GC 18144.659: [ParNew: 2304683K->43408K(2534400K), 0.0339280 secs] 7038509K->4777928K(10982400K), 0.0344760 secs] [Times: user=0.23 sys=0.00, real=0.03 secs] 
18148.455: [GC 18148.456: [ParNew: 2296208K->66273K(2534400K), 0.0549720 secs] 7030728K->4803148K(10982400K), 0.0555250 secs] [Times: user=0.28 sys=0.00, real=0.06 secs] 
18151.624: [GC 18151.625: [ParNew: 2319073K->64535K(2534400K), 0.0393980 secs] 7055948K->4802285K(10982400K), 0.0400280 secs] [Times: user=0.35 sys=0.00, real=0.04 secs] 
18155.228: [GC 18155.228: [ParNew: 2317335K->73109K(2534400K), 0.0405490 secs] 7055085K->4812587K(10982400K), 0.0411000 secs] [Times: user=0.38 sys=0.00, real=0.05 secs] 
18157.427: [GC 18157.427: [ParNew: 2325909K->83050K(2534400K), 0.0365760 secs] 7065387K->4823385K(10982400K), 0.0372310 secs] [Times: user=0.41 sys=0.00, real=0.04 secs] 
18160.855: [GC 18160.856: [ParNew: 2335850K->81683K(2534400K), 0.0483980 secs] 7076185K->4824706K(10982400K), 0.0490260 secs] [Times: user=0.48 sys=0.00, real=0.05 secs] 
18162.583: [GC 18162.583: [ParNew: 2334483K->76252K(2534400K), 0.0342430 secs] 7077506K->4820203K(10982400K), 0.0348540 secs] [Times: user=0.39 sys=0.00, real=0.03 secs] 
18164.306: [GC 18164.306: [ParNew: 2329052K->69655K(2534400K), 0.0379470 secs] 7073003K->4814988K(10982400K), 0.0385720 secs] [Times: user=0.25 sys=0.01, real=0.04 secs] 
18166.522: [GC 18166.523: [ParNew: 2322455K->93750K(2534400K), 0.0518930 secs] 7067788K->4839741K(10982400K), 0.0525110 secs] [Times: user=0.48 sys=0.00, real=0.05 secs] 
18169.091: [GC 18169.091: [ParNew: 2346550K->60276K(2534400K), 0.0450520 secs] 7092541K->4819950K(10982400K), 0.0456040 secs] [Times: user=0.26 sys=0.01, real=0.04 secs] 
18172.857: [GC 18172.858: [ParNew: 2313076K->44754K(2534400K), 0.0414640 secs] 7072750K->4805511K(10982400K), 0.0420860 secs] [Times: user=0.33 sys=0.00, real=0.04 secs] 
18177.048: [GC 18177.048: [ParNew: 2297554K->58510K(2534400K), 0.0436600 secs] 7058311K->4820023K(10982400K), 0.0442100 secs] [Times: user=0.32 sys=0.00, real=0.05 secs] 
18180.145: [GC 18180.146: [ParNew: 2311310K->68812K(2534400K), 0.0397910 secs] 7072823K->4831224K(10982400K), 0.0404090 secs] [Times: user=0.33 sys=0.00, real=0.04 secs] 
18183.783: [GC 18183.783: [ParNew: 2321612K->71441K(2534400K), 0.0538330 secs] 7084024K->4834790K(10982400K), 0.0544110 secs] [Times: user=0.46 sys=0.00, real=0.05 secs] 
18188.225: [GC 18188.225: [ParNew: 2324241K->78492K(2534400K), 0.0519540 secs] 7087590K->4844478K(10982400K), 0.0524490 secs] [Times: user=0.36 sys=0.00, real=0.05 secs] 
18192.335: [GC 18192.335: [ParNew: 2331292K->55519K(2534400K), 0.0397360 secs] 7097278K->4826787K(10982400K), 0.0402300 secs] [Times: user=0.32 sys=0.01, real=0.04 secs] 
18195.457: [GC 18195.457: [ParNew: 2308319K->40752K(2534400K), 0.0293600 secs] 7079587K->4813827K(10982400K), 0.0298610 secs] [Times: user=0.18 sys=0.00, real=0.03 secs] 
18200.331: [GC 18200.331: [ParNew: 2293552K->54492K(2534400K), 0.0506510 secs] 7066627K->4828431K(10982400K), 0.0511520 secs] [Times: user=0.34 sys=0.00, real=0.05 secs] 
18205.034: [GC 18205.034: [ParNew: 2307292K->70036K(2534400K), 0.0469280 secs] 7081231K->4845888K(10982400K), 0.0474350 secs] [Times: user=0.39 sys=0.00, real=0.05 secs] 
18207.589: [GC 18207.589: [ParNew: 2322836K->124782K(2534400K), 0.0507210 secs] 7098688K->4901419K(10982400K), 0.0512140 secs] [Times: user=0.70 sys=0.00, real=0.05 secs] 
18211.704: [GC 18211.704: [ParNew: 2377582K->92345K(2534400K), 0.0392100 secs] 7154219K->4870401K(10982400K), 0.0397110 secs] [Times: user=0.25 sys=0.00, real=0.04 secs] 
18217.187: [GC 18217.187: [ParNew: 2345145K->53971K(2534400K), 0.0518060 secs] 7123201K->4832912K(10982400K), 0.0522990 secs] [Times: user=0.26 sys=0.00, real=0.05 secs] 
18219.645: [GC 18219.645: [ParNew: 2306771K->99192K(2534400K), 0.0749180 secs] 7085712K->4878798K(10982400K), 0.0755030 secs] [Times: user=0.38 sys=0.00, real=0.08 secs] 
18222.668: [GC 18222.668: [ParNew: 2351992K->107645K(2534400K), 0.0666440 secs] 7131598K->4888068K(10982400K), 0.0671480 secs] [Times: user=0.47 sys=0.00, real=0.06 secs] 
18225.766: [GC 18225.766: [ParNew: 2360445K->76356K(2534400K), 0.0506480 secs] 7140868K->4858016K(10982400K), 0.0511410 secs] [Times: user=0.25 sys=0.00, real=0.05 secs] 
18229.807: [GC 18229.807: [ParNew: 2329156K->83902K(2534400K), 0.0467540 secs] 7110816K->4868235K(10982400K), 0.0472540 secs] [Times: user=0.50 sys=0.00, real=0.05 secs] 
18233.049: [GC 18233.049: [ParNew: 2336702K->66877K(2534400K), 0.0410750 secs] 7121035K->4851901K(10982400K), 0.0415740 secs] [Times: user=0.29 sys=0.00, real=0.05 secs] 
18235.797: [GC 18235.797: [ParNew: 2319677K->36320K(2534400K), 0.0311820 secs] 7104701K->4822072K(10982400K), 0.0316470 secs] [Times: user=0.23 sys=0.00, real=0.03 secs] 
18237.970: [GC 18237.970: [ParNew: 2289120K->62522K(2534400K), 0.0408700 secs] 7074872K->4850777K(10982400K), 0.0414000 secs] [Times: user=0.38 sys=0.01, real=0.04 secs] 
18240.456: [GC 18240.457: [ParNew: 2315322K->53333K(2534400K), 0.0326130 secs] 7103577K->4843626K(10982400K), 0.0331100 secs] [Times: user=0.28 sys=0.00, real=0.03 secs] 
18243.826: [GC 18243.826: [ParNew: 2306133K->51054K(2534400K), 0.0361990 secs] 7096426K->4842540K(10982400K), 0.0368320 secs] [Times: user=0.30 sys=0.00, real=0.04 secs] 
18248.070: [GC 18248.070: [ParNew: 2303854K->40299K(2534400K), 0.0354300 secs] 7095340K->4833034K(10982400K), 0.0359880 secs] [Times: user=0.19 sys=0.00, real=0.04 secs] 
18252.580: [GC 18252.581: [ParNew: 2293099K->46309K(2534400K), 0.0424030 secs] 7085834K->4840065K(10982400K), 0.0430290 secs] [Times: user=0.28 sys=0.01, real=0.05 secs] 
18256.181: [GC 18256.181: [ParNew: 2299109K->49311K(2534400K), 0.0372770 secs] 7092865K->4845028K(10982400K), 0.0379190 secs] [Times: user=0.27 sys=0.00, real=0.04 secs] 
18260.680: [GC 18260.680: [ParNew: 2302111K->39637K(2534400K), 0.0490770 secs] 7097828K->4840743K(10982400K), 0.0497150 secs] [Times: user=0.23 sys=0.00, real=0.05 secs] 
18265.470: [GC 18265.470: [ParNew: 2292437K->54446K(2534400K), 0.0459640 secs] 7093543K->4856809K(10982400K), 0.0465930 secs] [Times: user=0.35 sys=0.00, real=0.05 secs] 
18270.887: [GC 18270.887: [ParNew: 2307246K->46439K(2534400K), 0.0420040 secs] 7109609K->4849908K(10982400K), 0.0426140 secs] [Times: user=0.24 sys=0.00, real=0.04 secs] 
18273.970: [GC 18273.970: [ParNew: 2299239K->34205K(2534400K), 0.0340660 secs] 7102708K->4839272K(10982400K), 0.0346990 secs] [Times: user=0.19 sys=0.01, real=0.03 secs] 
18278.241: [GC 18278.241: [ParNew: 2286917K->58435K(2534400K), 0.0456630 secs] 7091985K->4864862K(10982400K), 0.0462950 secs] [Times: user=0.37 sys=0.01, real=0.05 secs] 
18282.517: [GC 18282.517: [ParNew: 2311235K->44334K(2534400K), 0.0393220 secs] 7117662K->4853577K(10982400K), 0.0398920 secs] [Times: user=0.26 sys=0.00, real=0.04 secs] 
18286.225: [GC 18286.226: [ParNew: 2297134K->28427K(2534400K), 0.0418870 secs] 7106377K->4839474K(10982400K), 0.0425270 secs] [Times: user=0.23 sys=0.01, real=0.05 secs] 
18291.098: [GC 18291.098: [ParNew: 2281227K->55240K(2534400K), 0.0454350 secs] 7092274K->4867605K(10982400K), 0.0459940 secs] [Times: user=0.35 sys=0.00, real=0.05 secs] 
18295.987: [GC 18295.987: [ParNew: 2307937K->43595K(2534400K), 0.0480970 secs] 7120302K->4857189K(10982400K), 0.0487190 secs] [Times: user=0.30 sys=0.00, real=0.05 secs] 
18297.845: [GC 18297.845: [ParNew: 2296395K->27630K(2534400K), 0.0312900 secs] 7109989K->4842158K(10982400K), 0.0318600 secs] [Times: user=0.23 sys=0.01, real=0.03 secs] 
18300.951: [GC 18300.951: [ParNew: 2280430K->50290K(2534400K), 0.0337320 secs] 7094958K->4866100K(10982400K), 0.0343640 secs] [Times: user=0.30 sys=0.00, real=0.03 secs] 
18303.306: [GC 18303.306: [ParNew: 2303090K->66878K(2534400K), 0.0360380 secs] 7118900K->4885048K(10982400K), 0.0366220 secs] [Times: user=0.38 sys=0.01, real=0.04 secs] 
18306.867: [GC 18306.868: [ParNew: 2319678K->52115K(2534400K), 0.0370230 secs] 7137848K->4872352K(10982400K), 0.0375760 secs] [Times: user=0.22 sys=0.00, real=0.04 secs] 
18310.815: [GC 18310.815: [ParNew: 2304747K->52122K(2534400K), 0.0409810 secs] 7124984K->4872980K(10982400K), 0.0416020 secs] [Times: user=0.35 sys=0.00, real=0.04 secs] 
18315.737: [GC 18315.737: [ParNew: 2304922K->43931K(2534400K), 0.0386680 secs] 7125780K->4865793K(10982400K), 0.0392180 secs] [Times: user=0.26 sys=0.00, real=0.04 secs] 
18319.159: [GC 18319.159: [ParNew: 2296731K->25655K(2534400K), 0.0359640 secs] 7118593K->4847916K(10982400K), 0.0365100 secs] [Times: user=0.26 sys=0.01, real=0.04 secs] 
18323.281: [GC 18323.282: [ParNew: 2278455K->52440K(2534400K), 0.0420510 secs] 7100716K->4875464K(10982400K), 0.0426880 secs] [Times: user=0.40 sys=0.00, real=0.05 secs] 
18327.988: [GC 18327.988: [ParNew: 2305240K->52862K(2534400K), 0.0432680 secs] 7128264K->4877057K(10982400K), 0.0439290 secs] [Times: user=0.26 sys=0.00, real=0.04 secs] 
18331.083: [GC 18331.083: [ParNew: 2305662K->59517K(2534400K), 0.0357490 secs] 7129857K->4884726K(10982400K), 0.0362990 secs] [Times: user=0.29 sys=0.00, real=0.04 secs] 
18334.112: [GC 18334.113: [ParNew: 2312317K->41114K(2534400K), 0.0343760 secs] 7137526K->4867318K(10982400K), 0.0350140 secs] [Times: user=0.24 sys=0.00, real=0.04 secs] 
18337.791: [GC 18337.791: [ParNew: 2293914K->27962K(2534400K), 0.0374520 secs] 7120118K->4859352K(10982400K), 0.0380930 secs] [Times: user=0.21 sys=0.00, real=0.04 secs] 
18340.832: [GC 18340.832: [ParNew: 2280762K->27756K(2534400K), 0.0354130 secs] 7112152K->4861935K(10982400K), 0.0360620 secs] [Times: user=0.20 sys=0.00, real=0.04 secs] 
18345.181: [GC 18345.181: [ParNew: 2280556K->52173K(2534400K), 0.0418040 secs] 7114735K->4887403K(10982400K), 0.0423600 secs] [Times: user=0.34 sys=0.00, real=0.04 secs] 
18351.259: [GC 18351.260: [ParNew: 2304973K->71986K(2534400K), 0.0796250 secs] 7140203K->4908755K(10982400K), 0.0802740 secs] [Times: user=0.35 sys=0.00, real=0.08 secs] 
18354.953: [GC 18354.954: [ParNew: 2324786K->35659K(2534400K), 0.0392600 secs] 7161555K->4872971K(10982400K), 0.0398880 secs] [Times: user=0.25 sys=0.00, real=0.04 secs] 
18359.933: [GC 18359.933: [ParNew: 2288459K->74844K(2534400K), 0.0749020 secs] 7125771K->4913639K(10982400K), 0.0755660 secs] [Times: user=0.28 sys=0.00, real=0.07 secs] 
18363.958: [GC 18363.958: [ParNew: 2327644K->79110K(2534400K), 0.0652420 secs] 7166439K->4919322K(10982400K), 0.0659090 secs] [Times: user=0.41 sys=0.00, real=0.07 secs] 
18368.192: [GC 18368.193: [ParNew: 2331906K->104146K(2534400K), 0.0662950 secs] 7172119K->4947845K(10982400K), 0.0668550 secs] [Times: user=0.47 sys=0.00, real=0.06 secs] 
18370.821: [GC 18370.821: [ParNew: 2356946K->64611K(2534400K), 0.0461440 secs] 7200645K->4911758K(10982400K), 0.0467600 secs] [Times: user=0.29 sys=0.00, real=0.04 secs] 
18373.756: [GC 18373.756: [ParNew: 2317411K->81124K(2534400K), 0.0442090 secs] 7164558K->4931363K(10982400K), 0.0448240 secs] [Times: user=0.50 sys=0.01, real=0.05 secs] 
18377.185: [GC 18377.185: [ParNew: 2333924K->173201K(2534400K), 0.0638310 secs] 7184163K->5026151K(10982400K), 0.0644580 secs] [Times: user=0.96 sys=0.00, real=0.06 secs] 
18380.428: [GC 18380.429: [ParNew: 2426001K->139081K(2534400K), 0.0630640 secs] 7278951K->4995634K(10982400K), 0.0637110 secs] [Times: user=0.37 sys=0.00, real=0.07 secs] 
18383.277: [GC 18383.277: [ParNew: 2391881K->101930K(2534400K), 0.0815770 secs] 7248434K->4958483K(10982400K), 0.0822020 secs] [Times: user=0.28 sys=0.00, real=0.08 secs] 
18387.195: [GC 18387.196: [ParNew: 2354730K->88198K(2534400K), 0.0785450 secs] 7211283K->4951447K(10982400K), 0.0791710 secs] [Times: user=0.37 sys=0.01, real=0.08 secs] 
18393.649: [GC 18393.650: [ParNew: 2340998K->62331K(2534400K), 0.0534440 secs] 7204247K->4932085K(10982400K), 0.0540760 secs] [Times: user=0.36 sys=0.00, real=0.05 secs] 
18397.411: [GC 18397.411: [ParNew: 2315131K->44407K(2534400K), 0.0407750 secs] 7184885K->4916398K(10982400K), 0.0414040 secs] [Times: user=0.25 sys=0.00, real=0.04 secs] 
18400.563: [GC 18400.563: [ParNew: 2297207K->33273K(2534400K), 0.0360780 secs] 7169198K->4907023K(10982400K), 0.0367210 secs] [Times: user=0.22 sys=0.00, real=0.04 secs] 
18405.437: [GC 18405.438: [ParNew: 2286073K->71191K(2534400K), 0.0514670 secs] 7159823K->4947508K(10982400K), 0.0521130 secs] [Times: user=0.44 sys=0.00, real=0.05 secs] 
18410.613: [GC 18410.613: [ParNew: 2323991K->69439K(2534400K), 0.0640330 secs] 7200308K->4948170K(10982400K), 0.0645320 secs] [Times: user=0.43 sys=0.00, real=0.07 secs] 
18414.535: [GC 18414.535: [ParNew: 2322239K->91334K(2534400K), 0.0588990 secs] 7200970K->4971270K(10982400K), 0.0594020 secs] [Times: user=0.46 sys=0.01, real=0.06 secs] 
18417.758: [GC 18417.758: [ParNew: 2344134K->124930K(2534400K), 0.0937460 secs] 7224070K->5005823K(10982400K), 0.0942130 secs] [Times: user=0.30 sys=0.00, real=0.09 secs] 
18420.852: [GC 18420.852: [ParNew: 2377730K->59526K(2534400K), 0.0703380 secs] 7258623K->4951173K(10982400K), 0.0707960 secs] [Times: user=0.28 sys=0.00, real=0.07 secs] 
18427.393: [GC 18427.393: [ParNew: 2312326K->32534K(2534400K), 0.0444170 secs] 7203973K->4927085K(10982400K), 0.0448930 secs] [Times: user=0.26 sys=0.00, real=0.04 secs] 
18429.686: [GC 18429.686: [ParNew: 2285316K->29600K(2534400K), 0.0265810 secs] 7179867K->4926533K(10982400K), 0.0270670 secs] [Times: user=0.23 sys=0.01, real=0.03 secs] 
18432.019: [GC 18432.020: [ParNew: 2282400K->30797K(2534400K), 0.0282580 secs] 7179333K->4928539K(10982400K), 0.0287550 secs] [Times: user=0.25 sys=0.00, real=0.03 secs] 
18435.387: [GC 18435.387: [ParNew: 2283597K->37557K(2534400K), 0.0345960 secs] 7181339K->4937418K(10982400K), 0.0350900 secs] [Times: user=0.23 sys=0.00, real=0.04 secs] 
18437.364: [GC 18437.364: [ParNew: 2290357K->79545K(2534400K), 0.0377560 secs] 7190218K->4983532K(10982400K), 0.0382440 secs] [Times: user=0.48 sys=0.00, real=0.04 secs] 
18440.251: [GC 18440.252: [ParNew: 2332345K->59787K(2534400K), 0.0460360 secs] 7236332K->4964964K(10982400K), 0.0466660 secs] [Times: user=0.31 sys=0.00, real=0.04 secs] 
18444.263: [GC 18444.263: [ParNew: 2312587K->68218K(2534400K), 0.0515650 secs] 7217764K->4974958K(10982400K), 0.0522140 secs] [Times: user=0.44 sys=0.00, real=0.05 secs] 
18449.373: [GC 18449.374: [ParNew: 2321018K->63344K(2534400K), 0.0495250 secs] 7227758K->4973973K(10982400K), 0.0501690 secs] [Times: user=0.35 sys=0.00, real=0.05 secs] 
18453.681: [GC 18453.682: [ParNew: 2316144K->50527K(2534400K), 0.0421120 secs] 7226773K->4962556K(10982400K), 0.0427240 secs] [Times: user=0.25 sys=0.00, real=0.05 secs] 
18459.264: [GC 18459.264: [ParNew: 2303327K->37443K(2534400K), 0.0596130 secs] 7215356K->4950451K(10982400K), 0.0602400 secs] [Times: user=0.37 sys=0.00, real=0.06 secs] 
18463.178: [GC 18463.179: [ParNew: 2290243K->44692K(2534400K), 0.0486160 secs] 7203251K->4959128K(10982400K), 0.0492770 secs] [Times: user=0.27 sys=0.01, real=0.05 secs] 
18467.236: [GC 18467.237: [ParNew: 2297492K->46139K(2534400K), 0.0459400 secs] 7211928K->4962605K(10982400K), 0.0466130 secs] [Times: user=0.29 sys=0.00, real=0.04 secs] 
18472.056: [GC 18472.056: [ParNew: 2298939K->56628K(2534400K), 0.0542150 secs] 7215405K->4975046K(10982400K), 0.0548730 secs] [Times: user=0.33 sys=0.00, real=0.05 secs] 
18475.975: [GC 18475.975: [ParNew: 2309428K->73764K(2534400K), 0.0506880 secs] 7227846K->4995230K(10982400K), 0.0513540 secs] [Times: user=0.34 sys=0.00, real=0.05 secs] 
18479.936: [GC 18479.936: [ParNew: 2326564K->103645K(2534400K), 0.0731610 secs] 7248030K->5030644K(10982400K), 0.0738170 secs] [Times: user=0.61 sys=0.00, real=0.08 secs] 
18484.148: [GC 18484.148: [ParNew: 2356445K->74789K(2534400K), 0.0419790 secs] 7283444K->5003454K(10982400K), 0.0426110 secs] [Times: user=0.27 sys=0.00, real=0.04 secs] 
18488.434: [GC 18488.434: [ParNew: 2327589K->65235K(2534400K), 0.0452920 secs] 7256254K->5004302K(10982400K), 0.0458630 secs] [Times: user=0.34 sys=0.01, real=0.05 secs] 
18493.221: [GC 18493.222: [ParNew: 2318035K->45203K(2534400K), 0.0430740 secs] 7257102K->4994880K(10982400K), 0.0437100 secs] [Times: user=0.24 sys=0.01, real=0.04 secs] 
18496.641: [GC 18496.641: [ParNew: 2298003K->43244K(2534400K), 0.0378250 secs] 7247680K->4993963K(10982400K), 0.0384800 secs] [Times: user=0.31 sys=0.00, real=0.04 secs] 
18500.711: [GC 18500.711: [ParNew: 2296044K->36035K(2534400K), 0.0424180 secs] 7246763K->4987262K(10982400K), 0.0430520 secs] [Times: user=0.29 sys=0.00, real=0.04 secs] 
18505.106: [GC 18505.107: [ParNew: 2288835K->31054K(2534400K), 0.0567570 secs] 7240062K->4983992K(10982400K), 0.0574150 secs] [Times: user=0.32 sys=0.00, real=0.06 secs] 
18510.722: [GC 18510.722: [ParNew: 2283854K->32941K(2534400K), 0.0498640 secs] 7236792K->4986718K(10982400K), 0.0504970 secs] [Times: user=0.29 sys=0.00, real=0.05 secs] 
18516.251: [GC 18516.251: [ParNew: 2285741K->93876K(2534400K), 0.0808460 secs] 7239518K->5049285K(10982400K), 0.0814050 secs] [Times: user=0.34 sys=0.01, real=0.09 secs] 
18520.681: [GC 18520.681: [ParNew: 2346676K->139250K(2534400K), 0.1215930 secs] 7302085K->5096514K(10982400K), 0.1221530 secs] [Times: user=0.34 sys=0.00, real=0.13 secs] 
18525.041: [GC 18525.041: [ParNew: 2392050K->112346K(2534400K), 0.0949300 secs] 7349314K->5070630K(10982400K), 0.0955850 secs] [Times: user=0.43 sys=0.00, real=0.10 secs] 
18528.677: [GC 18528.677: [ParNew: 2365146K->58760K(2534400K), 0.0521080 secs] 7323430K->5019044K(10982400K), 0.0527390 secs] [Times: user=0.26 sys=0.01, real=0.05 secs] 
18532.013: [GC 18532.013: [ParNew: 2311560K->87841K(2534400K), 0.0864810 secs] 7271844K->5051330K(10982400K), 0.0870410 secs] [Times: user=0.26 sys=0.00, real=0.09 secs] 
18536.276: [GC 18536.276: [ParNew: 2340641K->81553K(2534400K), 0.0622450 secs] 7304130K->5046484K(10982400K), 0.0628110 secs] [Times: user=0.54 sys=0.00, real=0.06 secs] 
18538.733: [GC 18538.734: [ParNew: 2334332K->132290K(2534400K), 0.0945800 secs] 7299263K->5100142K(10982400K), 0.0952260 secs] [Times: user=0.45 sys=0.00, real=0.10 secs] 
18542.585: [GC 18542.585: [ParNew: 2385090K->60932K(2534400K), 0.0475230 secs] 7352942K->5030269K(10982400K), 0.0481440 secs] [Times: user=0.23 sys=0.00, real=0.05 secs] 
18546.858: [GC 18546.858: [ParNew: 2313732K->31702K(2534400K), 0.0368310 secs] 7283069K->5002406K(10982400K), 0.0373880 secs] [Times: user=0.20 sys=0.00, real=0.03 secs] 
18551.628: [GC 18551.628: [ParNew: 2284502K->28413K(2534400K), 0.0421340 secs] 7255206K->5002619K(10982400K), 0.0427540 secs] [Times: user=0.23 sys=0.01, real=0.04 secs] 
18556.751: [GC 18556.751: [ParNew: 2281213K->30417K(2534400K), 0.0424820 secs] 7255419K->5005017K(10982400K), 0.0431050 secs] [Times: user=0.26 sys=0.00, real=0.04 secs] 
18559.826: [GC 18559.826: [ParNew: 2283217K->49535K(2534400K), 0.0438800 secs] 7257817K->5025510K(10982400K), 0.0446490 secs] [Times: user=0.34 sys=0.00, real=0.05 secs] 
18562.357: [GC 18562.358: [ParNew: 2302317K->41469K(2534400K), 0.0348040 secs] 7278292K->5018951K(10982400K), 0.0353580 secs] [Times: user=0.23 sys=0.01, real=0.04 secs] 
18564.387: [GC 18564.388: [ParNew: 2294269K->24884K(2534400K), 0.0251960 secs] 7271751K->5004112K(10982400K), 0.0258330 secs] [Times: user=0.22 sys=0.00, real=0.03 secs] 
18567.014: [GC 18567.014: [ParNew: 2277684K->25551K(2534400K), 0.0280900 secs] 7256912K->5008880K(10982400K), 0.0288350 secs] [Times: user=0.20 sys=0.00, real=0.03 secs] 
18569.686: [GC 18569.686: [ParNew: 2278351K->41810K(2534400K), 0.0392870 secs] 7261680K->5026082K(10982400K), 0.0399020 secs] [Times: user=0.43 sys=0.00, real=0.04 secs] 
18571.648: [GC 18571.648: [ParNew: 2294610K->31706K(2534400K), 0.0275790 secs] 7278882K->5017137K(10982400K), 0.0282150 secs] [Times: user=0.22 sys=0.01, real=0.03 secs] 
18575.378: [GC 18575.378: [ParNew: 2284506K->68357K(2534400K), 0.0364830 secs] 7269937K->5054910K(10982400K), 0.0372300 secs] [Times: user=0.28 sys=0.00, real=0.04 secs] 
18580.667: [GC 18580.668: [ParNew: 2321157K->98604K(2534400K), 0.0568200 secs] 7307710K->5086012K(10982400K), 0.0574680 secs] [Times: user=0.53 sys=0.00, real=0.06 secs] 
18585.034: [GC 18585.035: [ParNew: 2351404K->68817K(2534400K), 0.0436000 secs] 7338812K->5057879K(10982400K), 0.0443560 secs] [Times: user=0.26 sys=0.00, real=0.04 secs] 
18589.515: [GC 18589.515: [ParNew: 2321617K->43444K(2534400K), 0.0418840 secs] 7310679K->5033396K(10982400K), 0.0425050 secs] [Times: user=0.29 sys=0.00, real=0.04 secs] 
18592.869: [GC 18592.869: [ParNew: 2296235K->53316K(2534400K), 0.0363350 secs] 7286188K->5043898K(10982400K), 0.0369840 secs] [Times: user=0.33 sys=0.00, real=0.04 secs] 
18596.960: [GC 18596.960: [ParNew: 2306116K->42891K(2534400K), 0.0439050 secs] 7296698K->5035589K(10982400K), 0.0445570 secs] [Times: user=0.26 sys=0.01, real=0.04 secs] 
18600.640: [GC 18600.640: [ParNew: 2295691K->28407K(2534400K), 0.0424620 secs] 7288389K->5021929K(10982400K), 0.0430420 secs] [Times: user=0.29 sys=0.00, real=0.04 secs] 
18603.232: [GC 18603.233: [ParNew: 2281207K->103401K(2534400K), 0.0559340 secs] 7274729K->5099173K(10982400K), 0.0565580 secs] [Times: user=0.59 sys=0.00, real=0.06 secs] 
18605.493: [GC 18605.494: [ParNew: 2356201K->94739K(2534400K), 0.0576530 secs] 7351973K->5091491K(10982400K), 0.0582240 secs] [Times: user=0.31 sys=0.00, real=0.06 secs] 
18609.363: [GC 18609.363: [ParNew: 2347539K->35296K(2534400K), 0.0377200 secs] 7344291K->5034261K(10982400K), 0.0383400 secs] [Times: user=0.22 sys=0.00, real=0.04 secs] 
18612.757: [GC 18612.757: [ParNew: 2288096K->56526K(2534400K), 0.0386860 secs] 7287061K->5057808K(10982400K), 0.0392880 secs] [Times: user=0.35 sys=0.00, real=0.03 secs] 
18617.246: [GC 18617.246: [ParNew: 2309326K->77697K(2534400K), 0.0476610 secs] 7310608K->5080523K(10982400K), 0.0483000 secs] [Times: user=0.43 sys=0.00, real=0.05 secs] 
18620.308: [GC 18620.309: [ParNew: 2330497K->57299K(2534400K), 0.0387790 secs] 7333323K->5060385K(10982400K), 0.0394210 secs] [Times: user=0.23 sys=0.00, real=0.04 secs] 
18623.017: [GC 18623.018: [ParNew: 2310024K->43985K(2534400K), 0.0354550 secs] 7313110K->5048450K(10982400K), 0.0360840 secs] [Times: user=0.24 sys=0.00, real=0.04 secs] 
18623.676: [GC 18623.676: [ParNew: 2296785K->32266K(2534400K), 0.0216450 secs] 7301250K->5039243K(10982400K), 0.0222210 secs] [Times: user=0.22 sys=0.01, real=0.02 secs] 
18627.456: [GC 18627.457: [ParNew: 2285066K->47500K(2534400K), 0.0422330 secs] 7292043K->5056322K(10982400K), 0.0428860 secs] [Times: user=0.29 sys=0.00, real=0.04 secs] 
18630.121: [GC 18630.121: [ParNew: 2300300K->86456K(2534400K), 0.0431510 secs] 7309122K->5096632K(10982400K), 0.0437010 secs] [Times: user=0.53 sys=0.00, real=0.04 secs] 
18633.422: [GC 18633.422: [ParNew: 2339256K->64336K(2534400K), 0.0381270 secs] 7349432K->5075344K(10982400K), 0.0386740 secs] [Times: user=0.25 sys=0.01, real=0.04 secs] 
18637.122: [GC 18637.122: [ParNew: 2317136K->32772K(2534400K), 0.0386640 secs] 7328144K->5044041K(10982400K), 0.0392950 secs] [Times: user=0.26 sys=0.00, real=0.04 secs] 
18640.653: [GC 18640.654: [ParNew: 2285572K->25789K(2534400K), 0.0381090 secs] 7296841K->5038613K(10982400K), 0.0387360 secs] [Times: user=0.25 sys=0.00, real=0.04 secs] 
18644.406: [GC 18644.406: [ParNew: 2278589K->60371K(2534400K), 0.0529750 secs] 7291413K->5076316K(10982400K), 0.0536130 secs] [Times: user=0.35 sys=0.00, real=0.05 secs] 
18647.345: [GC 18647.345: [ParNew: 2313171K->106171K(2534400K), 0.0796620 secs] 7329116K->5123476K(10982400K), 0.0803040 secs] [Times: user=0.42 sys=0.00, real=0.08 secs] 
18649.639: [GC 18649.639: [ParNew: 2358971K->75645K(2534400K), 0.0640760 secs] 7376276K->5094632K(10982400K), 0.0647220 secs] [Times: user=0.32 sys=0.00, real=0.07 secs] 
18653.758: [GC 18653.759: [ParNew: 2328445K->66838K(2534400K), 0.0654770 secs] 7347432K->5086429K(10982400K), 0.0660340 secs] [Times: user=0.31 sys=0.00, real=0.07 secs] 
18657.068: [GC 18657.069: [ParNew: 2319638K->84845K(2534400K), 0.0701830 secs] 7339229K->5105641K(10982400K), 0.0706870 secs] [Times: user=0.42 sys=0.01, real=0.07 secs] 
18659.630: [GC 18659.631: [ParNew: 2337645K->74767K(2534400K), 0.0625940 secs] 7358441K->5096866K(10982400K), 0.0630860 secs] [Times: user=0.24 sys=0.00, real=0.06 secs] 
18661.226: [GC 18661.226: [ParNew: 2327567K->47197K(2534400K), 0.0348670 secs] 7349666K->5071005K(10982400K), 0.0353600 secs] [Times: user=0.26 sys=0.01, real=0.03 secs] 
18663.222: [GC 18663.222: [ParNew: 2299997K->129036K(2534400K), 0.0596070 secs] 7323805K->5155979K(10982400K), 0.0600900 secs] [Times: user=0.72 sys=0.00, real=0.06 secs] 
18665.169: [GC 18665.169: [ParNew: 2381836K->113442K(2534400K), 0.0589730 secs] 7408779K->5144427K(10982400K), 0.0594690 secs] [Times: user=0.36 sys=0.00, real=0.06 secs] 
18668.196: [GC 18668.196: [ParNew: 2366242K->79752K(2534400K), 0.0523880 secs] 7397227K->5112503K(10982400K), 0.0528560 secs] [Times: user=0.34 sys=0.00, real=0.05 secs] 
18672.245: [GC 18672.245: [ParNew: 2332552K->60300K(2534400K), 0.0460170 secs] 7365303K->5093568K(10982400K), 0.0465420 secs] [Times: user=0.24 sys=0.00, real=0.05 secs] 
18675.672: [GC 18675.672: [ParNew: 2313100K->136570K(2534400K), 0.0986550 secs] 7346368K->5170883K(10982400K), 0.0991580 secs] [Times: user=0.44 sys=0.01, real=0.10 secs] 
18678.391: [GC 18678.391: [ParNew: 2389370K->103989K(2534400K), 0.0745900 secs] 7423683K->5139431K(10982400K), 0.0750690 secs] [Times: user=0.32 sys=0.01, real=0.07 secs] 
18681.042: [GC 18681.042: [ParNew: 2356789K->131280K(2534400K), 0.1001500 secs] 7392231K->5171901K(10982400K), 0.1006220 secs] [Times: user=0.38 sys=0.01, real=0.10 secs] 
18683.080: [GC 18683.081: [ParNew: 2384080K->99814K(2534400K), 0.0765120 secs] 7424701K->5141065K(10982400K), 0.0770700 secs] [Times: user=0.40 sys=0.00, real=0.07 secs] 
18685.375: [GC 18685.375: [ParNew: 2352614K->103781K(2534400K), 0.0769200 secs] 7393865K->5145924K(10982400K), 0.0775550 secs] [Times: user=0.39 sys=0.01, real=0.08 secs] 
18687.017: [GC 18687.017: [ParNew: 2356581K->90263K(2534400K), 0.0738380 secs] 7398724K->5134374K(10982400K), 0.0744840 secs] [Times: user=0.27 sys=0.01, real=0.08 secs] 
18688.194: [GC 18688.195: [ParNew: 2343063K->95369K(2534400K), 0.0698660 secs] 7387174K->5141499K(10982400K), 0.0704160 secs] [Times: user=0.44 sys=0.00, real=0.07 secs] 
18689.322: [GC 18689.322: [ParNew: 2348169K->131397K(2534400K), 0.0785530 secs] 7394299K->5178834K(10982400K), 0.0791900 secs] [Times: user=0.58 sys=0.00, real=0.08 secs] 
18690.247: [GC 18690.247: [ParNew: 2384197K->120953K(2534400K), 0.0767930 secs] 7431634K->5169755K(10982400K), 0.0773880 secs] [Times: user=0.45 sys=0.00, real=0.08 secs] 
18693.342: [GC 18693.342: [ParNew: 2373753K->74288K(2534400K), 0.0461170 secs] 7422555K->5125320K(10982400K), 0.0466570 secs] [Times: user=0.32 sys=0.00, real=0.04 secs] 
18696.076: [GC 18696.077: [ParNew: 2327088K->63489K(2534400K), 0.0400570 secs] 7378120K->5115954K(10982400K), 0.0406110 secs] [Times: user=0.40 sys=0.00, real=0.04 secs] 
18698.685: [GC 18698.685: [ParNew: 2316289K->47383K(2534400K), 0.0291740 secs] 7368754K->5101023K(10982400K), 0.0297420 secs] [Times: user=0.21 sys=0.01, real=0.03 secs] 
18700.229: [GC 18700.229: [ParNew: 2300183K->63972K(2534400K), 0.0316810 secs] 7353823K->5119870K(10982400K), 0.0323050 secs] [Times: user=0.41 sys=0.00, real=0.04 secs] 
18702.004: [GC 18702.004: [ParNew: 2316772K->57574K(2534400K), 0.0318860 secs] 7372670K->5115842K(10982400K), 0.0324330 secs] [Times: user=0.31 sys=0.00, real=0.03 secs] 
18703.758: [GC 18703.758: [ParNew: 2310374K->41425K(2534400K), 0.0253870 secs] 7368642K->5101268K(10982400K), 0.0260000 secs] [Times: user=0.17 sys=0.01, real=0.03 secs] 
18705.437: [GC 18705.438: [ParNew: 2294225K->43069K(2534400K), 0.0286340 secs] 7354068K->5104506K(10982400K), 0.0292620 secs] [Times: user=0.30 sys=0.00, real=0.03 secs] 
18708.225: [GC 18708.226: [ParNew: 2295869K->81997K(2534400K), 0.0405130 secs] 7357306K->5144007K(10982400K), 0.0411340 secs] [Times: user=0.45 sys=0.00, real=0.04 secs] 
18710.281: [GC 18710.282: [ParNew: 2334797K->70713K(2534400K), 0.0383050 secs] 7396807K->5133078K(10982400K), 0.0388530 secs] [Times: user=0.40 sys=0.00, real=0.04 secs] 
18713.031: [GC 18713.031: [ParNew: 2323513K->52686K(2534400K), 0.0328540 secs] 7385878K->5116017K(10982400K), 0.0334690 secs] [Times: user=0.23 sys=0.00, real=0.04 secs] 
18715.581: [GC 18715.581: [ParNew: 2305486K->27299K(2534400K), 0.0291560 secs] 7368817K->5091415K(10982400K), 0.0297080 secs] [Times: user=0.20 sys=0.00, real=0.03 secs] 
18717.674: [GC 18717.675: [ParNew: 2280099K->29336K(2534400K), 0.0365210 secs] 7344215K->5094373K(10982400K), 0.0371510 secs] [Times: user=0.21 sys=0.00, real=0.03 secs] 
18721.185: [GC 18721.186: [ParNew: 2282136K->44135K(2534400K), 0.0402870 secs] 7347173K->5110712K(10982400K), 0.0409290 secs] [Times: user=0.28 sys=0.00, real=0.04 secs] 
18724.111: [GC 18724.111: [ParNew: 2296935K->59491K(2534400K), 0.0383240 secs] 7363512K->5126755K(10982400K), 0.0388730 secs] [Times: user=0.38 sys=0.00, real=0.04 secs] 
18727.696: [GC 18727.697: [ParNew: 2312291K->45087K(2534400K), 0.0325880 secs] 7379555K->5113619K(10982400K), 0.0331440 secs] [Times: user=0.20 sys=0.00, real=0.03 secs] 
18731.214: [GC 18731.214: [ParNew: 2297887K->48925K(2534400K), 0.0463680 secs] 7366419K->5117634K(10982400K), 0.0469320 secs] [Times: user=0.26 sys=0.00, real=0.05 secs] 
18734.083: [GC 18734.083: [ParNew: 2301725K->34694K(2534400K), 0.0385050 secs] 7370434K->5105231K(10982400K), 0.0391570 secs] [Times: user=0.23 sys=0.00, real=0.04 secs] 
18734.124: [GC [1 CMS-initial-mark: 5070536K(8448000K)] 5107082K(10982400K), 0.0392090 secs] [Times: user=0.04 sys=0.00, real=0.04 secs] 
18737.933: [GC 18737.933: [ParNew: 2287494K->83741K(2534400K), 0.0815960 secs] 7358031K->5155005K(10982400K), 0.0822340 secs] [Times: user=0.28 sys=0.01, real=0.08 secs] 
18739.446: [GC[YG occupancy: 1236117 K (2534400 K)]18739.446: [Rescan (parallel) , 0.1971980 secs]18739.643: [weak refs processing, 0.1992130 secs] [1 CMS-remark: 5071264K(8448000K)] 6307381K(10982400K), 0.3987560 secs] [Times: user=4.32 sys=0.01, real=0.40 secs] 
18741.000: [GC 18741.000: [ParNew: 2336541K->79387K(2534400K), 0.0470710 secs] 7217159K->4961610K(10982400K), 0.0476260 secs] [Times: user=0.47 sys=0.01, real=0.05 secs] 
18744.501: [GC 18744.501: [ParNew: 2332187K->75656K(2534400K), 0.0562560 secs] 6543559K->4288821K(10982400K), 0.0568980 secs] [Times: user=0.43 sys=0.00, real=0.06 secs] 
18748.363: [GC 18748.363: [ParNew: 2328456K->58221K(2534400K), 0.0560310 secs] 5858707K->3589342K(10982400K), 0.0566180 secs] [Times: user=0.30 sys=0.01, real=0.06 secs] 
18751.511: [GC 18751.511: [ParNew: 2311021K->41075K(2534400K), 0.0347410 secs] 5842142K->3574738K(10982400K), 0.0353740 secs] [Times: user=0.23 sys=0.00, real=0.03 secs] 
18755.653: [GC 18755.654: [ParNew: 2293875K->23952K(2534400K), 0.0382990 secs] 5827538K->3559181K(10982400K), 0.0389600 secs] [Times: user=0.23 sys=0.00, real=0.04 secs] 
18758.730: [GC 18758.730: [ParNew: 2276752K->23805K(2534400K), 0.0333950 secs] 5811981K->3559857K(10982400K), 0.0341480 secs] [Times: user=0.22 sys=0.00, real=0.03 secs] 
18763.740: [GC 18763.741: [ParNew: 2276605K->30635K(2534400K), 0.0435430 secs] 5812657K->3569147K(10982400K), 0.0441860 secs] [Times: user=0.25 sys=0.00, real=0.04 secs] 
18765.748: [GC 18765.748: [ParNew: 2283435K->68835K(2534400K), 0.0386060 secs] 5821947K->3608010K(10982400K), 0.0392470 secs] [Times: user=0.48 sys=0.01, real=0.04 secs] 
18769.451: [GC 18769.451: [ParNew: 2321635K->103845K(2534400K), 0.0544170 secs] 5860810K->3643857K(10982400K), 0.0550340 secs] [Times: user=0.64 sys=0.01, real=0.05 secs] 
18773.182: [GC 18773.183: [ParNew: 2356645K->78102K(2534400K), 0.0361740 secs] 5896657K->3618989K(10982400K), 0.0367190 secs] [Times: user=0.21 sys=0.00, real=0.03 secs] 
18776.202: [GC 18776.202: [ParNew: 2330902K->38990K(2534400K), 0.0336910 secs] 5871789K->3581356K(10982400K), 0.0343260 secs] [Times: user=0.22 sys=0.00, real=0.03 secs] 
18778.548: [GC 18778.548: [ParNew: 2291790K->58296K(2534400K), 0.0370410 secs] 5834156K->3602560K(10982400K), 0.0375920 secs] [Times: user=0.33 sys=0.00, real=0.04 secs] 
18781.010: [GC 18781.010: [ParNew: 2311096K->75379K(2534400K), 0.0406510 secs] 5855360K->3622278K(10982400K), 0.0412850 secs] [Times: user=0.38 sys=0.00, real=0.04 secs] 
18784.216: [GC 18784.217: [ParNew: 2328179K->97295K(2534400K), 0.0442700 secs] 5875078K->3646139K(10982400K), 0.0447700 secs] [Times: user=0.50 sys=0.00, real=0.04 secs] 
18786.499: [GC 18786.499: [ParNew: 2350095K->67956K(2534400K), 0.0328170 secs] 5898939K->3620815K(10982400K), 0.0333150 secs] [Times: user=0.24 sys=0.00, real=0.03 secs] 
18790.528: [GC 18790.528: [ParNew: 2320756K->63764K(2534400K), 0.0449250 secs] 5873615K->3617865K(10982400K), 0.0453960 secs] [Times: user=0.39 sys=0.01, real=0.04 secs] 
18795.965: [GC 18795.966: [ParNew: 2316564K->49693K(2534400K), 0.0434280 secs] 5870665K->3604453K(10982400K), 0.0438970 secs] [Times: user=0.24 sys=0.00, real=0.04 secs] 
18801.646: [GC 18801.646: [ParNew: 2302493K->43382K(2534400K), 0.0447170 secs] 5857253K->3599817K(10982400K), 0.0452340 secs] [Times: user=0.26 sys=0.00, real=0.04 secs] 
18804.907: [GC 18804.907: [ParNew: 2296182K->79730K(2534400K), 0.0441350 secs] 5852617K->3637969K(10982400K), 0.0446100 secs] [Times: user=0.54 sys=0.00, real=0.05 secs] 
18807.713: [GC 18807.713: [ParNew: 2332524K->62799K(2534400K), 0.0545670 secs] 5890763K->3622769K(10982400K), 0.0550760 secs] [Times: user=0.30 sys=0.01, real=0.06 secs] 
18811.095: [GC 18811.096: [ParNew: 2315599K->37699K(2534400K), 0.0322650 secs] 5875569K->3600109K(10982400K), 0.0330100 secs] [Times: user=0.24 sys=0.00, real=0.04 secs] 
18815.351: [GC 18815.351: [ParNew: 2290499K->34391K(2534400K), 0.0379100 secs] 5852909K->3598360K(10982400K), 0.0383780 secs] [Times: user=0.24 sys=0.00, real=0.04 secs] 
18819.784: [GC 18819.784: [ParNew: 2287191K->49939K(2534400K), 0.0418400 secs] 5851160K->3614920K(10982400K), 0.0424410 secs] [Times: user=0.32 sys=0.00, real=0.04 secs] 
18824.337: [GC 18824.337: [ParNew: 2302739K->68629K(2534400K), 0.0462920 secs] 5867720K->3634401K(10982400K), 0.0468150 secs] [Times: user=0.36 sys=0.00, real=0.05 secs] 
18826.497: [GC 18826.497: [ParNew: 2321429K->65118K(2534400K), 0.0364070 secs] 5887201K->3631606K(10982400K), 0.0369030 secs] [Times: user=0.31 sys=0.00, real=0.04 secs] 
18829.582: [GC 18829.582: [ParNew: 2317918K->42801K(2534400K), 0.0299550 secs] 5884406K->3610703K(10982400K), 0.0304470 secs] [Times: user=0.24 sys=0.01, real=0.03 secs] 
18833.483: [GC 18833.483: [ParNew: 2295601K->31015K(2534400K), 0.0433260 secs] 5863503K->3601354K(10982400K), 0.0439550 secs] [Times: user=0.30 sys=0.00, real=0.04 secs] 
18836.331: [GC 18836.331: [ParNew: 2283815K->44611K(2534400K), 0.0360130 secs] 5854154K->3615847K(10982400K), 0.0364790 secs] [Times: user=0.29 sys=0.00, real=0.03 secs] 
18840.071: [GC 18840.072: [ParNew: 2297411K->54127K(2534400K), 0.0450140 secs] 5868647K->3626205K(10982400K), 0.0454920 secs] [Times: user=0.32 sys=0.00, real=0.05 secs] 
18843.660: [GC 18843.660: [ParNew: 2306884K->37645K(2534400K), 0.0374800 secs] 5878962K->3613260K(10982400K), 0.0380660 secs] [Times: user=0.22 sys=0.00, real=0.04 secs] 
18845.536: [GC 18845.536: [ParNew: 2290445K->46909K(2534400K), 0.0365920 secs] 5866060K->3624449K(10982400K), 0.0370950 secs] [Times: user=0.41 sys=0.01, real=0.04 secs] 
18847.833: [GC 18847.833: [ParNew: 2299709K->120117K(2534400K), 0.0470260 secs] 5877249K->3698353K(10982400K), 0.0476340 secs] [Times: user=0.68 sys=0.00, real=0.05 secs] 
18850.110: [GC 18850.110: [ParNew: 2372917K->153507K(2534400K), 0.0609430 secs] 5951153K->3733124K(10982400K), 0.0614540 secs] [Times: user=0.93 sys=0.00, real=0.06 secs] 
18852.972: [GC 18852.973: [ParNew: 2406307K->224453K(2534400K), 0.0754130 secs] 5985924K->3805732K(10982400K), 0.0758840 secs] [Times: user=1.20 sys=0.01, real=0.08 secs] 
18855.458: [GC 18855.458: [ParNew: 2477253K->247444K(2534400K), 0.1296930 secs] 6058532K->3881545K(10982400K), 0.1301550 secs] [Times: user=1.88 sys=0.02, real=0.13 secs] 
18858.750: [GC 18858.750: [ParNew: 2500244K->281600K(2534400K), 0.1459930 secs] 6134345K->3966943K(10982400K), 0.1464620 secs] [Times: user=2.19 sys=0.01, real=0.15 secs] 
18861.843: [GC 18861.843: [ParNew: 2534400K->213304K(2534400K), 0.1521900 secs] 6219743K->4000391K(10982400K), 0.1527260 secs] [Times: user=1.98 sys=0.01, real=0.16 secs] 
18864.573: [GC 18864.573: [ParNew: 2466104K->210767K(2534400K), 0.0654490 secs] 6253191K->3997854K(10982400K), 0.0660780 secs] [Times: user=1.08 sys=0.00, real=0.07 secs] 
18867.335: [GC 18867.336: [ParNew: 2463567K->187712K(2534400K), 0.1126330 secs] 6250654K->4023677K(10982400K), 0.1132880 secs] [Times: user=1.42 sys=0.00, real=0.12 secs] 
18870.551: [GC 18870.551: [ParNew: 2440512K->272728K(2534400K), 0.1090150 secs] 6276477K->4108693K(10982400K), 0.1095850 secs] [Times: user=1.69 sys=0.00, real=0.11 secs] 
18873.506: [GC 18873.506: [ParNew: 2525522K->281600K(2534400K), 0.1648380 secs] 6361488K->4175679K(10982400K), 0.1655750 secs] [Times: user=2.34 sys=0.00, real=0.17 secs] 
18877.005: [GC 18877.005: [ParNew: 2527460K->251101K(2534400K), 0.1491500 secs] 6421539K->4223384K(10982400K), 0.1497880 secs] [Times: user=2.08 sys=0.01, real=0.15 secs] 
18879.354: [GC 18879.355: [ParNew: 2503901K->232926K(2534400K), 0.1173840 secs] 6476184K->4251867K(10982400K), 0.1179590 secs] [Times: user=1.48 sys=0.00, real=0.12 secs] 
18881.144: [GC 18881.145: [ParNew: 2485714K->181932K(2534400K), 0.1223100 secs] 6504656K->4247019K(10982400K), 0.1228310 secs] [Times: user=1.66 sys=0.01, real=0.12 secs] 
18882.486: [GC 18882.486: [ParNew: 2434732K->153902K(2534400K), 0.0550430 secs] 6499819K->4218989K(10982400K), 0.0555340 secs] [Times: user=0.99 sys=0.00, real=0.06 secs] 
18884.706: [GC 18884.706: [ParNew: 2406702K->142283K(2534400K), 0.1355470 secs] 6471789K->4254659K(10982400K), 0.1360520 secs] [Times: user=1.92 sys=0.01, real=0.14 secs] 
18887.899: [GC 18887.899: [ParNew: 2395083K->147283K(2534400K), 0.1528770 secs] 6507459K->4285581K(10982400K), 0.1535120 secs] [Times: user=1.38 sys=0.00, real=0.15 secs] 
18890.675: [GC 18890.675: [ParNew: 2400083K->102872K(2534400K), 0.1054920 secs] 6538381K->4252176K(10982400K), 0.1060640 secs] [Times: user=1.57 sys=0.00, real=0.11 secs] 
18892.983: [GC 18892.983: [ParNew: 2355672K->116396K(2534400K), 0.1276710 secs] 6504976K->4267321K(10982400K), 0.1284100 secs] [Times: user=1.84 sys=0.00, real=0.13 secs] 
18895.844: [GC 18895.845: [ParNew: 2369196K->89119K(2534400K), 0.0833600 secs] 6520121K->4242533K(10982400K), 0.0839960 secs] [Times: user=1.27 sys=0.00, real=0.08 secs] 
18898.848: [GC 18898.848: [ParNew: 2341919K->72250K(2534400K), 0.3373180 secs] 6495333K->4255321K(10982400K), 0.3379370 secs] [Times: user=6.25 sys=0.25, real=0.34 secs] 
18901.635: [GC 18901.636: [ParNew: 2325050K->48178K(2534400K), 0.0372040 secs] 6508121K->4232091K(10982400K), 0.0377730 secs] [Times: user=0.26 sys=0.00, real=0.04 secs] 
18905.300: [GC 18905.300: [ParNew: 2300978K->57107K(2534400K), 0.0426480 secs] 6484891K->4241446K(10982400K), 0.0432180 secs] [Times: user=0.30 sys=0.00, real=0.05 secs] 
18908.484: [GC 18908.484: [ParNew: 2309907K->112942K(2534400K), 0.0532880 secs] 6494246K->4298553K(10982400K), 0.0539270 secs] [Times: user=0.64 sys=0.00, real=0.05 secs] 
18911.169: [GC 18911.169: [ParNew: 2365742K->222751K(2534400K), 0.0681370 secs] 6551353K->4409310K(10982400K), 0.0687680 secs] [Times: user=1.07 sys=0.00, real=0.07 secs] 
18913.351: [GC 18913.351: [ParNew: 2475551K->281600K(2534400K), 0.2102360 secs] 6662110K->4566035K(10982400K), 0.2107880 secs] [Times: user=2.79 sys=0.04, real=0.21 secs] 
18915.794: [GC 18915.795: [ParNew: 2534400K->256620K(2534400K), 0.2717940 secs] 6818835K->4793913K(10982400K), 0.2723560 secs] [Times: user=3.36 sys=0.02, real=0.27 secs] 
18918.379: [GC 18918.379: [ParNew: 2509420K->228930K(2534400K), 0.0886760 secs] 7046713K->4766222K(10982400K), 0.0892910 secs] [Times: user=1.56 sys=0.00, real=0.09 secs] 
18920.041: [GC 18920.041: [ParNew: 2481730K->188899K(2534400K), 0.1337300 secs] 7019022K->4822550K(10982400K), 0.1343080 secs] [Times: user=1.68 sys=0.01, real=0.14 secs] 
18924.100: [GC 18924.101: [ParNew: 2441699K->111452K(2534400K), 0.0963930 secs] 7075350K->4745103K(10982400K), 0.0970380 secs] [Times: user=1.47 sys=0.00, real=0.10 secs] 
18929.132: [GC 18929.132: [ParNew: 2364252K->126263K(2534400K), 0.1411510 secs] 6997903K->4759914K(10982400K), 0.1417610 secs] [Times: user=2.49 sys=0.00, real=0.14 secs] 
18931.639: [GC 18931.639: [ParNew: 2379063K->85486K(2534400K), 0.1345750 secs] 7012714K->4786554K(10982400K), 0.1352200 secs] [Times: user=1.72 sys=0.00, real=0.13 secs] 
18935.148: [GC 18935.149: [ParNew: 2338286K->57183K(2534400K), 0.0455750 secs] 7039354K->4760101K(10982400K), 0.0462110 secs] [Times: user=0.39 sys=0.00, real=0.04 secs] 
18937.239: [GC 18937.240: [ParNew: 2309983K->73044K(2534400K), 0.0542600 secs] 7012901K->4782684K(10982400K), 0.0550380 secs] [Times: user=0.52 sys=0.00, real=0.05 secs] 
18939.491: [GC 18939.492: [ParNew: 2325844K->59360K(2534400K), 0.0424290 secs] 7035484K->4770682K(10982400K), 0.0431430 secs] [Times: user=0.36 sys=0.00, real=0.04 secs] 
18942.155: [GC 18942.155: [ParNew: 2312160K->48477K(2534400K), 0.0343460 secs] 7023482K->4761491K(10982400K), 0.0349130 secs] [Times: user=0.23 sys=0.00, real=0.04 secs] 
18945.165: [GC 18945.165: [ParNew: 2301277K->33782K(2534400K), 0.0366000 secs] 7014291K->4749598K(10982400K), 0.0372350 secs] [Times: user=0.24 sys=0.00, real=0.04 secs] 
18949.377: [GC 18949.377: [ParNew: 2286582K->54745K(2534400K), 0.0475370 secs] 7002398K->4771373K(10982400K), 0.0481130 secs] [Times: user=0.34 sys=0.00, real=0.05 secs] 
18951.989: [GC 18951.989: [ParNew: 2307545K->40423K(2534400K), 0.0358670 secs] 7024173K->4757527K(10982400K), 0.0365170 secs] [Times: user=0.21 sys=0.00, real=0.03 secs] 
18954.568: [GC 18954.569: [ParNew: 2293223K->29555K(2534400K), 0.0316610 secs] 7010327K->4748489K(10982400K), 0.0323040 secs] [Times: user=0.20 sys=0.00, real=0.04 secs] 
18957.865: [GC 18957.865: [ParNew: 2282355K->48601K(2534400K), 0.0482880 secs] 7001289K->4772204K(10982400K), 0.0488550 secs] [Times: user=0.36 sys=0.01, real=0.05 secs] 
18961.305: [GC 18961.306: [ParNew: 2301401K->37427K(2534400K), 0.0364920 secs] 7025004K->4765720K(10982400K), 0.0370530 secs] [Times: user=0.22 sys=0.00, real=0.04 secs] 
18965.356: [GC 18965.357: [ParNew: 2290227K->31301K(2534400K), 0.0427590 secs] 7018520K->4760958K(10982400K), 0.0433950 secs] [Times: user=0.26 sys=0.00, real=0.04 secs] 
18969.111: [GC 18969.111: [ParNew: 2284101K->61349K(2534400K), 0.0446170 secs] 7013758K->4791570K(10982400K), 0.0452460 secs] [Times: user=0.35 sys=0.01, real=0.05 secs] 
18973.270: [GC 18973.270: [ParNew: 2314149K->65543K(2534400K), 0.0463880 secs] 7044370K->4797337K(10982400K), 0.0469650 secs] [Times: user=0.37 sys=0.00, real=0.05 secs] 
18975.944: [GC 18975.944: [ParNew: 2318326K->46735K(2534400K), 0.0308150 secs] 7050120K->4780340K(10982400K), 0.0314390 secs] [Times: user=0.23 sys=0.00, real=0.03 secs] 
18977.800: [GC 18977.800: [ParNew: 2299535K->30394K(2534400K), 0.0284930 secs] 7033140K->4766969K(10982400K), 0.0291220 secs] [Times: user=0.21 sys=0.01, real=0.03 secs] 
18980.650: [GC 18980.651: [ParNew: 2283177K->36252K(2534400K), 0.0349520 secs] 7019752K->4774149K(10982400K), 0.0355150 secs] [Times: user=0.24 sys=0.00, real=0.04 secs] 
18983.567: [GC 18983.567: [ParNew: 2289052K->66404K(2534400K), 0.0426650 secs] 7026949K->4805245K(10982400K), 0.0432950 secs] [Times: user=0.47 sys=0.00, real=0.04 secs] 
18987.530: [GC 18987.531: [ParNew: 2319204K->58648K(2534400K), 0.0482220 secs] 7058045K->4798462K(10982400K), 0.0488660 secs] [Times: user=0.29 sys=0.00, real=0.05 secs] 
18991.043: [GC 18991.044: [ParNew: 2311448K->41729K(2534400K), 0.0373880 secs] 7051262K->4782124K(10982400K), 0.0380690 secs] [Times: user=0.22 sys=0.00, real=0.04 secs] 
18994.986: [GC 18994.986: [ParNew: 2294529K->56366K(2534400K), 0.0447290 secs] 7034924K->4798325K(10982400K), 0.0453670 secs] [Times: user=0.33 sys=0.00, real=0.04 secs] 
18997.710: [GC 18997.711: [ParNew: 2309166K->59580K(2534400K), 0.0346070 secs] 7051125K->4803623K(10982400K), 0.0351670 secs] [Times: user=0.32 sys=0.00, real=0.04 secs] 
19000.630: [GC 19000.631: [ParNew: 2312380K->48444K(2534400K), 0.0381470 secs] 7056423K->4801264K(10982400K), 0.0387080 secs] [Times: user=0.26 sys=0.01, real=0.04 secs] 
19003.782: [GC 19003.782: [ParNew: 2301244K->59781K(2534400K), 0.0413450 secs] 7054064K->4815252K(10982400K), 0.0419730 secs] [Times: user=0.40 sys=0.01, real=0.04 secs] 
19007.760: [GC 19007.760: [ParNew: 2312581K->61675K(2534400K), 0.0460060 secs] 7068052K->4818848K(10982400K), 0.0466520 secs] [Times: user=0.33 sys=0.00, real=0.05 secs] 
19010.463: [GC 19010.463: [ParNew: 2314475K->43160K(2534400K), 0.0297110 secs] 7071648K->4801470K(10982400K), 0.0302740 secs] [Times: user=0.19 sys=0.00, real=0.03 secs] 
19016.108: [GC 19016.109: [ParNew: 2295960K->35480K(2534400K), 0.0436000 secs] 7054270K->4794595K(10982400K), 0.0442210 secs] [Times: user=0.23 sys=0.00, real=0.05 secs] 
19019.462: [GC 19019.463: [ParNew: 2288280K->67082K(2534400K), 0.0524270 secs] 7047395K->4826629K(10982400K), 0.0529850 secs] [Times: user=0.35 sys=0.00, real=0.05 secs] 
19022.622: [GC 19022.623: [ParNew: 2319882K->57427K(2534400K), 0.0403680 secs] 7079429K->4818105K(10982400K), 0.0410220 secs] [Times: user=0.31 sys=0.00, real=0.04 secs] 
19025.360: [GC 19025.361: [ParNew: 2310227K->41395K(2534400K), 0.0333270 secs] 7070905K->4802822K(10982400K), 0.0339530 secs] [Times: user=0.23 sys=0.00, real=0.03 secs] 
19030.009: [GC 19030.009: [ParNew: 2294195K->38875K(2534400K), 0.0426460 secs] 7055622K->4801629K(10982400K), 0.0432160 secs] [Times: user=0.23 sys=0.00, real=0.05 secs] 
19033.380: [GC 19033.380: [ParNew: 2291610K->29413K(2534400K), 0.0337060 secs] 7054364K->4792995K(10982400K), 0.0342710 secs] [Times: user=0.21 sys=0.00, real=0.04 secs] 
19036.449: [GC 19036.450: [ParNew: 2282213K->23463K(2534400K), 0.0330410 secs] 7045795K->4789004K(10982400K), 0.0337130 secs] [Times: user=0.19 sys=0.00, real=0.04 secs] 
19040.634: [GC 19040.635: [ParNew: 2276263K->29177K(2534400K), 0.0416950 secs] 7041804K->4795574K(10982400K), 0.0424860 secs] [Times: user=0.26 sys=0.00, real=0.04 secs] 
19042.666: [GC 19042.667: [ParNew: 2281977K->51558K(2534400K), 0.0354010 secs] 7048374K->4819304K(10982400K), 0.0359640 secs] [Times: user=0.37 sys=0.00, real=0.03 secs] 
19046.249: [GC 19046.249: [ParNew: 2304358K->44001K(2534400K), 0.0422380 secs] 7072104K->4812953K(10982400K), 0.0428820 secs] [Times: user=0.20 sys=0.00, real=0.04 secs] 
19048.896: [GC 19048.897: [ParNew: 2296801K->36824K(2534400K), 0.0378410 secs] 7065753K->4807762K(10982400K), 0.0384350 secs] [Times: user=0.27 sys=0.00, real=0.04 secs] 
19052.333: [GC 19052.333: [ParNew: 2289624K->49890K(2534400K), 0.0491590 secs] 7060562K->4822159K(10982400K), 0.0497380 secs] [Times: user=0.29 sys=0.00, real=0.05 secs] 
19055.561: [GC 19055.562: [ParNew: 2302690K->47894K(2534400K), 0.0420680 secs] 7074959K->4822784K(10982400K), 0.0427160 secs] [Times: user=0.29 sys=0.00, real=0.04 secs] 
19059.598: [GC 19059.598: [ParNew: 2300694K->60583K(2534400K), 0.0477830 secs] 7075584K->4836733K(10982400K), 0.0484430 secs] [Times: user=0.35 sys=0.00, real=0.05 secs] 
19062.909: [GC 19062.909: [ParNew: 2313383K->44934K(2534400K), 0.0406290 secs] 7089533K->4822294K(10982400K), 0.0412860 secs] [Times: user=0.20 sys=0.00, real=0.04 secs] 
19066.428: [GC 19066.428: [ParNew: 2297734K->26929K(2534400K), 0.0413400 secs] 7075094K->4805380K(10982400K), 0.0420000 secs] [Times: user=0.21 sys=0.00, real=0.04 secs] 
19070.521: [GC 19070.521: [ParNew: 2279729K->59213K(2534400K), 0.0453830 secs] 7058180K->4839140K(10982400K), 0.0459600 secs] [Times: user=0.42 sys=0.01, real=0.05 secs] 
19073.204: [GC 19073.204: [ParNew: 2312013K->72306K(2534400K), 0.0416120 secs] 7091940K->4852889K(10982400K), 0.0421770 secs] [Times: user=0.39 sys=0.00, real=0.04 secs] 
19075.044: [GC 19075.044: [ParNew: 2325106K->96134K(2534400K), 0.0438060 secs] 7105689K->4878046K(10982400K), 0.0443730 secs] [Times: user=0.54 sys=0.00, real=0.05 secs] 
19076.618: [GC 19076.619: [ParNew: 2348934K->83506K(2534400K), 0.0411210 secs] 7130846K->4866894K(10982400K), 0.0416970 secs] [Times: user=0.46 sys=0.01, real=0.04 secs] 
19078.259: [GC 19078.259: [ParNew: 2336306K->64895K(2534400K), 0.0364100 secs] 7119694K->4849841K(10982400K), 0.0369760 secs] [Times: user=0.30 sys=0.00, real=0.03 secs] 
19080.974: [GC 19080.974: [ParNew: 2317695K->39973K(2534400K), 0.0350640 secs] 7102641K->4827312K(10982400K), 0.0356490 secs] [Times: user=0.25 sys=0.00, real=0.04 secs] 
19083.030: [GC 19083.030: [ParNew: 2292773K->72139K(2534400K), 0.0393610 secs] 7080112K->4860472K(10982400K), 0.0399950 secs] [Times: user=0.43 sys=0.01, real=0.04 secs] 
19085.045: [GC 19085.046: [ParNew: 2324939K->61986K(2534400K), 0.0369030 secs] 7113272K->4851351K(10982400K), 0.0375380 secs] [Times: user=0.37 sys=0.01, real=0.04 secs] 
19087.153: [GC 19087.153: [ParNew: 2314786K->49355K(2534400K), 0.0288540 secs] 7104151K->4840474K(10982400K), 0.0294740 secs] [Times: user=0.23 sys=0.00, real=0.03 secs] 
19089.132: [GC 19089.133: [ParNew: 2302155K->87701K(2534400K), 0.0406000 secs] 7093274K->4881566K(10982400K), 0.0412550 secs] [Times: user=0.51 sys=0.00, real=0.04 secs] 
19090.889: [GC 19090.889: [ParNew: 2340501K->66201K(2534400K), 0.0261870 secs] 7134366K->4861398K(10982400K), 0.0267450 secs] [Times: user=0.17 sys=0.01, real=0.03 secs] 
19094.223: [GC 19094.224: [ParNew: 2319001K->37654K(2534400K), 0.0327180 secs] 7114198K->4833696K(10982400K), 0.0333710 secs] [Times: user=0.21 sys=0.00, real=0.03 secs] 
19097.160: [GC 19097.160: [ParNew: 2290454K->54250K(2534400K), 0.0396430 secs] 7086496K->4855999K(10982400K), 0.0402180 secs] [Times: user=0.36 sys=0.00, real=0.04 secs] 
19099.427: [GC 19099.428: [ParNew: 2307050K->83420K(2534400K), 0.0452890 secs] 7108799K->4886137K(10982400K), 0.0458510 secs] [Times: user=0.61 sys=0.00, real=0.05 secs] 
19102.163: [GC 19102.163: [ParNew: 2336220K->65664K(2534400K), 0.0331680 secs] 7138937K->4868809K(10982400K), 0.0337400 secs] [Times: user=0.20 sys=0.00, real=0.03 secs] 
19104.681: [GC 19104.681: [ParNew: 2318464K->71084K(2534400K), 0.0443230 secs] 7121609K->4875145K(10982400K), 0.0449060 secs] [Times: user=0.51 sys=0.00, real=0.05 secs] 
19107.288: [GC 19107.288: [ParNew: 2323884K->70623K(2534400K), 0.0518950 secs] 7127945K->4876624K(10982400K), 0.0524730 secs] [Times: user=0.31 sys=0.00, real=0.05 secs] 
19109.680: [GC 19109.680: [ParNew: 2323423K->61189K(2534400K), 0.0593220 secs] 7129424K->4868621K(10982400K), 0.0598820 secs] [Times: user=0.25 sys=0.00, real=0.06 secs] 
19111.275: [GC 19111.276: [ParNew: 2313989K->57943K(2534400K), 0.0390770 secs] 7121421K->4866860K(10982400K), 0.0396460 secs] [Times: user=0.36 sys=0.01, real=0.04 secs] 
19113.150: [GC 19113.150: [ParNew: 2310743K->69656K(2534400K), 0.0366380 secs] 7119660K->4880891K(10982400K), 0.0372020 secs] [Times: user=0.41 sys=0.00, real=0.04 secs] 
19115.641: [GC 19115.641: [ParNew: 2322456K->48750K(2534400K), 0.0340910 secs] 7133691K->4861371K(10982400K), 0.0347160 secs] [Times: user=0.24 sys=0.00, real=0.04 secs] 
19119.082: [GC 19119.082: [ParNew: 2301550K->28905K(2534400K), 0.0374160 secs] 7114171K->4842560K(10982400K), 0.0379850 secs] [Times: user=0.25 sys=0.00, real=0.04 secs] 
19123.372: [GC 19123.373: [ParNew: 2281705K->32090K(2534400K), 0.0401580 secs] 7095360K->4846339K(10982400K), 0.0408310 secs] [Times: user=0.23 sys=0.00, real=0.04 secs] 
19128.486: [GC 19128.487: [ParNew: 2284890K->57330K(2534400K), 0.0494380 secs] 7099139K->4873255K(10982400K), 0.0500370 secs] [Times: user=0.39 sys=0.00, real=0.05 secs] 
19132.040: [GC 19132.040: [ParNew: 2310130K->74184K(2534400K), 0.0502150 secs] 7126055K->4893874K(10982400K), 0.0507920 secs] [Times: user=0.41 sys=0.00, real=0.05 secs] 
19136.075: [GC 19136.075: [ParNew: 2326984K->53004K(2534400K), 0.0439900 secs] 7146674K->4873418K(10982400K), 0.0446420 secs] [Times: user=0.25 sys=0.01, real=0.05 secs] 
19138.058: [GC 19138.058: [ParNew: 2305804K->77720K(2534400K), 0.0518550 secs] 7126218K->4902758K(10982400K), 0.0524940 secs] [Times: user=0.51 sys=0.00, real=0.05 secs] 
19140.555: [GC 19140.555: [ParNew: 2330520K->58935K(2534400K), 0.0355320 secs] 7155558K->4886128K(10982400K), 0.0361150 secs] [Times: user=0.25 sys=0.00, real=0.04 secs] 
19143.161: [GC 19143.162: [ParNew: 2311735K->45822K(2534400K), 0.0371350 secs] 7138928K->4875019K(10982400K), 0.0377590 secs] [Times: user=0.33 sys=0.00, real=0.04 secs] 
19146.473: [GC 19146.473: [ParNew: 2298622K->37603K(2534400K), 0.0441460 secs] 7127819K->4868873K(10982400K), 0.0447200 secs] [Times: user=0.28 sys=0.00, real=0.04 secs] 
19149.658: [GC 19149.658: [ParNew: 2290403K->48229K(2534400K), 0.0400590 secs] 7121673K->4880040K(10982400K), 0.0406900 secs] [Times: user=0.30 sys=0.00, real=0.04 secs] 
19153.511: [GC 19153.511: [ParNew: 2301029K->37670K(2534400K), 0.0411320 secs] 7132840K->4871272K(10982400K), 0.0417810 secs] [Times: user=0.24 sys=0.00, real=0.04 secs] 
19157.052: [GC 19157.053: [ParNew: 2290470K->25205K(2534400K), 0.0430460 secs] 7124072K->4860073K(10982400K), 0.0437400 secs] [Times: user=0.29 sys=0.00, real=0.04 secs] 
19159.854: [GC 19159.855: [ParNew: 2278005K->55779K(2534400K), 0.0408030 secs] 7112873K->4891811K(10982400K), 0.0413740 secs] [Times: user=0.39 sys=0.00, real=0.04 secs] 
19162.564: [GC 19162.564: [ParNew: 2308579K->68526K(2534400K), 0.0436820 secs] 7144611K->4905220K(10982400K), 0.0442490 secs] [Times: user=0.37 sys=0.00, real=0.04 secs] 
19165.407: [GC 19165.407: [ParNew: 2321307K->61544K(2534400K), 0.0377380 secs] 7158001K->4899172K(10982400K), 0.0383690 secs] [Times: user=0.29 sys=0.00, real=0.04 secs] 
19167.877: [GC 19167.878: [ParNew: 2314344K->46607K(2534400K), 0.0450870 secs] 7151972K->4886055K(10982400K), 0.0457180 secs] [Times: user=0.24 sys=0.01, real=0.05 secs] 
19172.263: [GC 19172.263: [ParNew: 2299407K->30249K(2534400K), 0.0395600 secs] 7138855K->4871585K(10982400K), 0.0401320 secs] [Times: user=0.22 sys=0.00, real=0.04 secs] 
19175.402: [GC 19175.403: [ParNew: 2283049K->50916K(2534400K), 0.0435280 secs] 7124385K->4892772K(10982400K), 0.0442110 secs] [Times: user=0.32 sys=0.00, real=0.05 secs] 
19178.063: [GC 19178.064: [ParNew: 2303716K->46530K(2534400K), 0.0378740 secs] 7145572K->4890147K(10982400K), 0.0384570 secs] [Times: user=0.26 sys=0.00, real=0.03 secs] 
19181.638: [GC 19181.638: [ParNew: 2299330K->34851K(2534400K), 0.0412010 secs] 7142947K->4879297K(10982400K), 0.0417780 secs] [Times: user=0.24 sys=0.00, real=0.04 secs] 
19184.547: [GC 19184.548: [ParNew: 2287651K->32684K(2534400K), 0.0360460 secs] 7132097K->4878130K(10982400K), 0.0366880 secs] [Times: user=0.24 sys=0.00, real=0.04 secs] 
19188.261: [GC 19188.262: [ParNew: 2285484K->34682K(2534400K), 0.0405830 secs] 7130930K->4884059K(10982400K), 0.0412110 secs] [Times: user=0.24 sys=0.00, real=0.04 secs] 
19192.088: [GC 19192.088: [ParNew: 2287482K->36830K(2534400K), 0.0450820 secs] 7136859K->4886722K(10982400K), 0.0457230 secs] [Times: user=0.23 sys=0.00, real=0.04 secs] 
19196.652: [GC 19196.653: [ParNew: 2289630K->37341K(2534400K), 0.0451560 secs] 7139522K->4888511K(10982400K), 0.0457370 secs] [Times: user=0.28 sys=0.00, real=0.05 secs] 
19200.773: [GC 19200.773: [ParNew: 2290127K->67978K(2534400K), 0.0512600 secs] 7141297K->4922381K(10982400K), 0.0519070 secs] [Times: user=0.32 sys=0.00, real=0.05 secs] 
19204.108: [GC 19204.108: [ParNew: 2320778K->79592K(2534400K), 0.0464270 secs] 7175181K->4938635K(10982400K), 0.0469870 secs] [Times: user=0.47 sys=0.01, real=0.04 secs] 
19207.470: [GC 19207.470: [ParNew: 2332392K->57306K(2534400K), 0.0369010 secs] 7191435K->4917846K(10982400K), 0.0374630 secs] [Times: user=0.23 sys=0.00, real=0.04 secs] 
19210.729: [GC 19210.729: [ParNew: 2310106K->33179K(2534400K), 0.0395630 secs] 7170646K->4895501K(10982400K), 0.0401930 secs] [Times: user=0.23 sys=0.00, real=0.04 secs] 
19214.454: [GC 19214.454: [ParNew: 2285979K->47213K(2534400K), 0.0428200 secs] 7148301K->4911742K(10982400K), 0.0434660 secs] [Times: user=0.30 sys=0.00, real=0.04 secs] 
19218.552: [GC 19218.552: [ParNew: 2300013K->62975K(2534400K), 0.0488680 secs] 7164542K->4930839K(10982400K), 0.0495320 secs] [Times: user=0.36 sys=0.00, real=0.05 secs] 
19222.638: [GC 19222.639: [ParNew: 2315775K->65105K(2534400K), 0.0472990 secs] 7183639K->4934465K(10982400K), 0.0479390 secs] [Times: user=0.35 sys=0.00, real=0.05 secs] 
19225.478: [GC 19225.479: [ParNew: 2317905K->45760K(2534400K), 0.0352760 secs] 7187265K->4916127K(10982400K), 0.0359130 secs] [Times: user=0.20 sys=0.00, real=0.04 secs] 
19229.494: [GC 19229.494: [ParNew: 2298560K->53369K(2534400K), 0.0458900 secs] 7168927K->4924535K(10982400K), 0.0465310 secs] [Times: user=0.33 sys=0.00, real=0.04 secs] 
19233.502: [GC 19233.502: [ParNew: 2306169K->41564K(2534400K), 0.0435140 secs] 7177335K->4913781K(10982400K), 0.0440920 secs] [Times: user=0.23 sys=0.00, real=0.05 secs] 
19236.749: [GC 19236.750: [ParNew: 2294364K->60413K(2534400K), 0.0424860 secs] 7166581K->4933755K(10982400K), 0.0430620 secs] [Times: user=0.43 sys=0.00, real=0.05 secs] 
19239.231: [GC 19239.231: [ParNew: 2313213K->48682K(2534400K), 0.0385160 secs] 7186555K->4922545K(10982400K), 0.0390870 secs] [Times: user=0.25 sys=0.01, real=0.04 secs] 
19241.874: [GC 19241.874: [ParNew: 2301391K->31060K(2534400K), 0.0333460 secs] 7175254K->4907045K(10982400K), 0.0339930 secs] [Times: user=0.25 sys=0.00, real=0.03 secs] 
19244.041: [GC 19244.041: [ParNew: 2283860K->28198K(2534400K), 0.0316870 secs] 7159845K->4906104K(10982400K), 0.0323130 secs] [Times: user=0.24 sys=0.00, real=0.04 secs] 
19245.704: [GC 19245.704: [ParNew: 2280998K->86136K(2534400K), 0.0394340 secs] 7158904K->4965753K(10982400K), 0.0400010 secs] [Times: user=0.55 sys=0.00, real=0.04 secs] 
19247.362: [GC 19247.362: [ParNew: 2338921K->62670K(2534400K), 0.0304300 secs] 7218538K->4944686K(10982400K), 0.0309830 secs] [Times: user=0.21 sys=0.00, real=0.03 secs] 
19249.145: [GC 19249.146: [ParNew: 2315470K->29709K(2534400K), 0.0279900 secs] 7197486K->4912943K(10982400K), 0.0285920 secs] [Times: user=0.17 sys=0.00, real=0.03 secs] 
19253.025: [GC 19253.025: [ParNew: 2282508K->30307K(2534400K), 0.0406190 secs] 7165741K->4914629K(10982400K), 0.0412640 secs] [Times: user=0.22 sys=0.00, real=0.04 secs] 
19257.275: [GC 19257.275: [ParNew: 2283107K->30489K(2534400K), 0.0493620 secs] 7167429K->4915979K(10982400K), 0.0499930 secs] [Times: user=0.32 sys=0.00, real=0.05 secs] 
19260.456: [GC 19260.456: [ParNew: 2283289K->38909K(2534400K), 0.0396240 secs] 7168779K->4925786K(10982400K), 0.0402850 secs] [Times: user=0.24 sys=0.01, real=0.04 secs] 
19262.834: [GC 19262.835: [ParNew: 2291709K->35653K(2534400K), 0.0328180 secs] 7178586K->4923537K(10982400K), 0.0334550 secs] [Times: user=0.22 sys=0.00, real=0.04 secs] 
19265.367: [GC 19265.368: [ParNew: 2288453K->31049K(2534400K), 0.0391470 secs] 7176337K->4920361K(10982400K), 0.0397890 secs] [Times: user=0.25 sys=0.00, real=0.04 secs] 
19267.353: [GC 19267.353: [ParNew: 2283783K->44902K(2534400K), 0.0342350 secs] 7173095K->4937706K(10982400K), 0.0348780 secs] [Times: user=0.29 sys=0.00, real=0.04 secs] 
19269.262: [GC 19269.263: [ParNew: 2297702K->52783K(2534400K), 0.0323430 secs] 7190506K->4947185K(10982400K), 0.0329840 secs] [Times: user=0.29 sys=0.00, real=0.03 secs] 
19272.036: [GC 19272.036: [ParNew: 2305583K->62846K(2534400K), 0.0430710 secs] 7199985K->4958665K(10982400K), 0.0437190 secs] [Times: user=0.34 sys=0.01, real=0.05 secs] 
19275.227: [GC 19275.227: [ParNew: 2315646K->57585K(2534400K), 0.0415250 secs] 7211465K->4954915K(10982400K), 0.0421680 secs] [Times: user=0.30 sys=0.01, real=0.05 secs] 
19277.866: [GC 19277.867: [ParNew: 2310385K->85115K(2534400K), 0.0456360 secs] 7207715K->4983685K(10982400K), 0.0462660 secs] [Times: user=0.48 sys=0.00, real=0.05 secs] 
19280.662: [GC 19280.662: [ParNew: 2337915K->100105K(2534400K), 0.0500840 secs] 7236485K->5000074K(10982400K), 0.0507170 secs] [Times: user=0.55 sys=0.00, real=0.05 secs] 
19283.381: [GC 19283.382: [ParNew: 2352905K->68477K(2534400K), 0.0355060 secs] 7252874K->4969532K(10982400K), 0.0361650 secs] [Times: user=0.27 sys=0.00, real=0.03 secs] 
19286.320: [GC 19286.320: [ParNew: 2321277K->49825K(2534400K), 0.0402390 secs] 7222332K->4952867K(10982400K), 0.0408780 secs] [Times: user=0.28 sys=0.00, real=0.05 secs] 
19290.273: [GC 19290.273: [ParNew: 2302625K->51843K(2534400K), 0.0427120 secs] 7205667K->4955618K(10982400K), 0.0433290 secs] [Times: user=0.24 sys=0.00, real=0.04 secs] 
19294.832: [GC 19294.832: [ParNew: 2304643K->52478K(2534400K), 0.0516560 secs] 7208418K->4957556K(10982400K), 0.0523020 secs] [Times: user=0.26 sys=0.00, real=0.05 secs] 
19298.290: [GC 19298.290: [ParNew: 2305278K->41091K(2534400K), 0.0490990 secs] 7210356K->4956898K(10982400K), 0.0497370 secs] [Times: user=0.28 sys=0.00, real=0.05 secs] 
19301.234: [GC 19301.234: [ParNew: 2293891K->72078K(2534400K), 0.0465200 secs] 7209698K->4993374K(10982400K), 0.0471680 secs] [Times: user=0.46 sys=0.00, real=0.04 secs] 
19304.944: [GC 19304.944: [ParNew: 2324878K->108168K(2534400K), 0.0562600 secs] 7246174K->5030706K(10982400K), 0.0569040 secs] [Times: user=0.54 sys=0.01, real=0.05 secs] 
19307.578: [GC 19307.578: [ParNew: 2360968K->71012K(2534400K), 0.0379510 secs] 7283506K->4995892K(10982400K), 0.0385740 secs] [Times: user=0.30 sys=0.00, real=0.04 secs] 
19310.515: [GC 19310.515: [ParNew: 2323812K->37109K(2534400K), 0.0372350 secs] 7248692K->4963887K(10982400K), 0.0378000 secs] [Times: user=0.25 sys=0.01, real=0.03 secs] 
19314.594: [GC 19314.594: [ParNew: 2289909K->29199K(2534400K), 0.0439180 secs] 7216687K->4957446K(10982400K), 0.0445840 secs] [Times: user=0.25 sys=0.00, real=0.04 secs] 
19318.652: [GC 19318.652: [ParNew: 2281999K->37968K(2534400K), 0.0543050 secs] 7210246K->4967808K(10982400K), 0.0549530 secs] [Times: user=0.34 sys=0.01, real=0.06 secs] 
19324.509: [GC 19324.509: [ParNew: 2290768K->34066K(2534400K), 0.0488210 secs] 7220608K->4964751K(10982400K), 0.0494610 secs] [Times: user=0.30 sys=0.00, real=0.05 secs] 
19327.677: [GC 19327.678: [ParNew: 2286866K->61052K(2534400K), 0.0409120 secs] 7217551K->4993265K(10982400K), 0.0414720 secs] [Times: user=0.37 sys=0.00, real=0.04 secs] 
19330.666: [GC 19330.666: [ParNew: 2313852K->50745K(2534400K), 0.0477700 secs] 7246065K->4986567K(10982400K), 0.0484240 secs] [Times: user=0.29 sys=0.01, real=0.05 secs] 
19333.076: [GC 19333.076: [ParNew: 2303545K->61303K(2534400K), 0.0403530 secs] 7239367K->5000925K(10982400K), 0.0409900 secs] [Times: user=0.37 sys=0.00, real=0.04 secs] 
19336.278: [GC 19336.278: [ParNew: 2314103K->75294K(2534400K), 0.0453450 secs] 7253725K->5016622K(10982400K), 0.0459910 secs] [Times: user=0.40 sys=0.00, real=0.04 secs] 
19338.789: [GC 19338.789: [ParNew: 2328094K->52791K(2534400K), 0.0380380 secs] 7269422K->4995254K(10982400K), 0.0386680 secs] [Times: user=0.27 sys=0.00, real=0.03 secs] 
19342.887: [GC 19342.887: [ParNew: 2305591K->43077K(2534400K), 0.0442050 secs] 7248054K->4991392K(10982400K), 0.0448560 secs] [Times: user=0.23 sys=0.01, real=0.05 secs] 
19347.132: [GC 19347.132: [ParNew: 2295877K->57665K(2534400K), 0.0462340 secs] 7244192K->5006754K(10982400K), 0.0468740 secs] [Times: user=0.38 sys=0.00, real=0.05 secs] 
19350.985: [GC 19350.985: [ParNew: 2310465K->66812K(2534400K), 0.0486200 secs] 7259554K->5018636K(10982400K), 0.0492990 secs] [Times: user=0.36 sys=0.00, real=0.05 secs] 
19355.814: [GC 19355.814: [ParNew: 2319612K->50797K(2534400K), 0.0545020 secs] 7271436K->5003622K(10982400K), 0.0551490 secs] [Times: user=0.32 sys=0.00, real=0.05 secs] 
19359.391: [GC 19359.391: [ParNew: 2303597K->26525K(2534400K), 0.0378600 secs] 7256422K->4981529K(10982400K), 0.0384210 secs] [Times: user=0.25 sys=0.00, real=0.03 secs] 
19362.365: [GC 19362.366: [ParNew: 2279325K->63058K(2534400K), 0.0420080 secs] 7234329K->5018885K(10982400K), 0.0426790 secs] [Times: user=0.42 sys=0.00, real=0.04 secs] 
19366.408: [GC 19366.409: [ParNew: 2315858K->76123K(2534400K), 0.0520750 secs] 7271685K->5033520K(10982400K), 0.0527340 secs] [Times: user=0.45 sys=0.00, real=0.05 secs] 
19369.873: [GC 19369.873: [ParNew: 2328923K->59399K(2534400K), 0.0433500 secs] 7286320K->5018620K(10982400K), 0.0440040 secs] [Times: user=0.30 sys=0.00, real=0.04 secs] 
19372.441: [GC 19372.441: [ParNew: 2312199K->80879K(2534400K), 0.0453710 secs] 7271420K->5041596K(10982400K), 0.0459550 secs] [Times: user=0.49 sys=0.00, real=0.05 secs] 
19374.885: [GC 19374.885: [ParNew: 2333679K->60461K(2534400K), 0.0371300 secs] 7294396K->5029406K(10982400K), 0.0377770 secs] [Times: user=0.26 sys=0.01, real=0.03 secs] 
19376.414: [GC 19376.415: [ParNew: 2313261K->50267K(2534400K), 0.0318050 secs] 7282206K->5020295K(10982400K), 0.0324540 secs] [Times: user=0.34 sys=0.00, real=0.03 secs] 
19377.780: [GC 19377.781: [ParNew: 2303067K->45364K(2534400K), 0.0333600 secs] 7273095K->5016564K(10982400K), 0.0339150 secs] [Times: user=0.28 sys=0.00, real=0.04 secs] 
19380.599: [GC 19380.599: [ParNew: 2298164K->38949K(2534400K), 0.0332310 secs] 7269364K->5011215K(10982400K), 0.0338630 secs] [Times: user=0.25 sys=0.00, real=0.03 secs] 
19383.530: [GC 19383.530: [ParNew: 2291749K->53008K(2534400K), 0.0374090 secs] 7264015K->5026608K(10982400K), 0.0380270 secs] [Times: user=0.37 sys=0.00, real=0.04 secs] 
19386.171: [GC 19386.172: [ParNew: 2305808K->60044K(2534400K), 0.0359790 secs] 7279408K->5034361K(10982400K), 0.0366330 secs] [Times: user=0.31 sys=0.00, real=0.04 secs] 
19389.407: [GC 19389.407: [ParNew: 2312844K->65803K(2534400K), 0.0448270 secs] 7287161K->5041004K(10982400K), 0.0454650 secs] [Times: user=0.36 sys=0.00, real=0.04 secs] 
19391.373: [GC 19391.373: [ParNew: 2318603K->65670K(2534400K), 0.0343300 secs] 7293804K->5042863K(10982400K), 0.0348890 secs] [Times: user=0.38 sys=0.00, real=0.04 secs] 
19393.521: [GC 19393.521: [ParNew: 2318470K->70599K(2534400K), 0.0350790 secs] 7295663K->5048274K(10982400K), 0.0356340 secs] [Times: user=0.40 sys=0.01, real=0.04 secs] 
19395.350: [GC 19395.351: [ParNew: 2323399K->72522K(2534400K), 0.0353440 secs] 7301074K->5054227K(10982400K), 0.0359060 secs] [Times: user=0.39 sys=0.00, real=0.04 secs] 
19397.746: [GC 19397.746: [ParNew: 2325322K->51763K(2534400K), 0.0288940 secs] 7307027K->5035447K(10982400K), 0.0294450 secs] [Times: user=0.20 sys=0.00, real=0.03 secs] 
19399.675: [GC 19399.676: [ParNew: 2304563K->70442K(2534400K), 0.0397230 secs] 7288247K->5055748K(10982400K), 0.0403250 secs] [Times: user=0.44 sys=0.00, real=0.04 secs] 
19404.379: [GC 19404.379: [ParNew: 2323242K->56197K(2534400K), 0.0462280 secs] 7308548K->5042625K(10982400K), 0.0468860 secs] [Times: user=0.26 sys=0.01, real=0.04 secs] 
19408.332: [GC 19408.332: [ParNew: 2308997K->43643K(2534400K), 0.0422350 secs] 7295425K->5031329K(10982400K), 0.0428810 secs] [Times: user=0.29 sys=0.00, real=0.04 secs] 
19411.626: [GC 19411.626: [ParNew: 2296443K->45869K(2534400K), 0.0353090 secs] 7284129K->5034352K(10982400K), 0.0359760 secs] [Times: user=0.26 sys=0.00, real=0.04 secs] 
19415.384: [GC 19415.385: [ParNew: 2298669K->38805K(2534400K), 0.0413670 secs] 7287152K->5028619K(10982400K), 0.0420090 secs] [Times: user=0.26 sys=0.00, real=0.04 secs] 
19419.886: [GC 19419.887: [ParNew: 2291605K->64821K(2534400K), 0.0567090 secs] 7281419K->5056067K(10982400K), 0.0572830 secs] [Times: user=0.39 sys=0.00, real=0.06 secs] 
19422.749: [GC 19422.749: [ParNew: 2317623K->42319K(2534400K), 0.0343090 secs] 7308869K->5035519K(10982400K), 0.0348700 secs] [Times: user=0.21 sys=0.01, real=0.04 secs] 
19422.786: [GC 19422.786: [ParNew: 42651K->28854K(2534400K), 0.0139060 secs] 5035851K->5026527K(10982400K), 0.0142730 secs] [Times: user=0.20 sys=0.00, real=0.01 secs] 
19425.106: [GC 19425.106: [ParNew: 2281654K->44363K(2534400K), 0.0340700 secs] 7279327K->5043920K(10982400K), 0.0347400 secs] [Times: user=0.31 sys=0.00, real=0.04 secs] 
19428.641: [GC 19428.642: [ParNew: 2297163K->35432K(2534400K), 0.0372550 secs] 7296720K->5036851K(10982400K), 0.0379020 secs] [Times: user=0.22 sys=0.00, real=0.03 secs] 
19431.838: [GC 19431.839: [ParNew: 2288232K->59183K(2534400K), 0.0450780 secs] 7289651K->5062141K(10982400K), 0.0457150 secs] [Times: user=0.38 sys=0.01, real=0.05 secs] 
19433.716: [GC 19433.716: [ParNew: 2311983K->42028K(2534400K), 0.0314920 secs] 7314941K->5044985K(10982400K), 0.0321330 secs] [Times: user=0.23 sys=0.00, real=0.03 secs] 
19437.342: [GC 19437.342: [ParNew: 2294828K->32054K(2534400K), 0.0446560 secs] 7297785K->5035898K(10982400K), 0.0453450 secs] [Times: user=0.30 sys=0.00, real=0.05 secs] 
19441.075: [GC 19441.075: [ParNew: 2284854K->49262K(2534400K), 0.0447870 secs] 7288698K->5055087K(10982400K), 0.0454520 secs] [Times: user=0.31 sys=0.01, real=0.04 secs] 
19444.583: [GC 19444.583: [ParNew: 2302062K->51236K(2534400K), 0.0409460 secs] 7307887K->5058447K(10982400K), 0.0416050 secs] [Times: user=0.29 sys=0.00, real=0.05 secs] 
19447.260: [GC 19447.260: [ParNew: 2304036K->67593K(2534400K), 0.0357230 secs] 7311247K->5076101K(10982400K), 0.0362940 secs] [Times: user=0.36 sys=0.01, real=0.04 secs] 
19451.339: [GC 19451.340: [ParNew: 2320393K->53259K(2534400K), 0.0445070 secs] 7328901K->5063903K(10982400K), 0.0450760 secs] [Times: user=0.28 sys=0.01, real=0.04 secs] 
19453.478: [GC 19453.478: [ParNew: 2306059K->45613K(2534400K), 0.0365960 secs] 7316703K->5061193K(10982400K), 0.0371490 secs] [Times: user=0.30 sys=0.00, real=0.04 secs] 
19457.476: [GC 19457.477: [ParNew: 2298413K->63655K(2534400K), 0.0488990 secs] 7313993K->5082361K(10982400K), 0.0494790 secs] [Times: user=0.42 sys=0.00, real=0.05 secs] 
19459.925: [GC 19459.926: [ParNew: 2316455K->73170K(2534400K), 0.0384330 secs] 7335161K->5092934K(10982400K), 0.0389910 secs] [Times: user=0.38 sys=0.00, real=0.04 secs] 
19463.858: [GC 19463.858: [ParNew: 2325970K->68045K(2534400K), 0.0476590 secs] 7345734K->5090254K(10982400K), 0.0482250 secs] [Times: user=0.36 sys=0.00, real=0.04 secs] 
19466.893: [GC 19466.893: [ParNew: 2320845K->70771K(2534400K), 0.0392540 secs] 7343054K->5093791K(10982400K), 0.0398170 secs] [Times: user=0.39 sys=0.00, real=0.04 secs] 
19469.255: [GC 19469.256: [ParNew: 2323535K->49403K(2534400K), 0.0307970 secs] 7346556K->5073664K(10982400K), 0.0314340 secs] [Times: user=0.25 sys=0.00, real=0.03 secs] 
19473.484: [GC 19473.485: [ParNew: 2302203K->64062K(2534400K), 0.0483410 secs] 7326464K->5089548K(10982400K), 0.0489860 secs] [Times: user=0.40 sys=0.01, real=0.05 secs] 
19479.228: [GC 19479.228: [ParNew: 2316862K->50433K(2534400K), 0.0545560 secs] 7342348K->5077322K(10982400K), 0.0552080 secs] [Times: user=0.35 sys=0.00, real=0.06 secs] 
19484.269: [GC 19484.270: [ParNew: 2303233K->34993K(2534400K), 0.0522050 secs] 7330122K->5066352K(10982400K), 0.0528490 secs] [Times: user=0.23 sys=0.00, real=0.06 secs] 
19487.260: [GC 19487.261: [ParNew: 2287793K->54010K(2534400K), 0.0376420 secs] 7319152K->5085855K(10982400K), 0.0382070 secs] [Times: user=0.34 sys=0.00, real=0.03 secs] 
19492.068: [GC 19492.068: [ParNew: 2306810K->43845K(2534400K), 0.0469510 secs] 7338655K->5076585K(10982400K), 0.0475840 secs] [Times: user=0.24 sys=0.00, real=0.05 secs] 
19495.223: [GC 19495.224: [ParNew: 2296645K->33576K(2534400K), 0.0373190 secs] 7329385K->5067558K(10982400K), 0.0379740 secs] [Times: user=0.26 sys=0.00, real=0.03 secs] 
19497.740: [GC 19497.740: [ParNew: 2286375K->40768K(2534400K), 0.0405150 secs] 7320357K->5076715K(10982400K), 0.0410920 secs] [Times: user=0.24 sys=0.01, real=0.04 secs] 
19503.125: [GC 19503.125: [ParNew: 2293568K->46157K(2534400K), 0.0479190 secs] 7329515K->5083288K(10982400K), 0.0484980 secs] [Times: user=0.28 sys=0.00, real=0.05 secs] 
19507.374: [GC 19507.374: [ParNew: 2298957K->44269K(2534400K), 0.0408990 secs] 7336088K->5082649K(10982400K), 0.0415630 secs] [Times: user=0.26 sys=0.01, real=0.04 secs] 
19509.493: [GC 19509.493: [ParNew: 2297070K->69549K(2534400K), 0.0365540 secs] 7335450K->5109480K(10982400K), 0.0371520 secs] [Times: user=0.42 sys=0.01, real=0.04 secs] 
19509.533: [GC 19509.533: [ParNew: 78418K->62122K(2534400K), 0.0243850 secs] 5118349K->5113812K(10982400K), 0.0247810 secs] [Times: user=0.37 sys=0.00, real=0.03 secs] 
19512.751: [GC 19512.751: [ParNew: 2314922K->55166K(2534400K), 0.0376940 secs] 7366612K->5108517K(10982400K), 0.0383220 secs] [Times: user=0.24 sys=0.00, real=0.04 secs] 
19514.654: [GC 19514.654: [ParNew: 2307966K->67132K(2534400K), 0.0385080 secs] 7361317K->5124138K(10982400K), 0.0393100 secs] [Times: user=0.43 sys=0.01, real=0.03 secs] 
19516.123: [GC 19516.124: [ParNew: 2319932K->93891K(2534400K), 0.0371270 secs] 7376938K->5152211K(10982400K), 0.0376850 secs] [Times: user=0.51 sys=0.01, real=0.04 secs] 
19519.751: [GC 19519.751: [ParNew: 2346691K->69614K(2534400K), 0.0419500 secs] 7405011K->5127936K(10982400K), 0.0424870 secs] [Times: user=0.29 sys=0.01, real=0.04 secs] 
19524.672: [GC 19524.673: [ParNew: 2322414K->38288K(2534400K), 0.0467360 secs] 7380736K->5098219K(10982400K), 0.0473610 secs] [Times: user=0.32 sys=0.00, real=0.05 secs] 
19529.117: [GC 19529.118: [ParNew: 2291088K->73732K(2534400K), 0.0503010 secs] 7351019K->5134603K(10982400K), 0.0507840 secs] [Times: user=0.48 sys=0.00, real=0.05 secs] 
19532.392: [GC 19532.392: [ParNew: 2326532K->54636K(2534400K), 0.0338910 secs] 7387403K->5115950K(10982400K), 0.0343990 secs] [Times: user=0.20 sys=0.00, real=0.03 secs] 
19535.743: [GC 19535.744: [ParNew: 2307436K->34151K(2534400K), 0.0323540 secs] 7368750K->5095969K(10982400K), 0.0329330 secs] [Times: user=0.22 sys=0.00, real=0.03 secs] 
19539.888: [GC 19539.889: [ParNew: 2286951K->46770K(2534400K), 0.0456200 secs] 7348769K->5112366K(10982400K), 0.0461290 secs] [Times: user=0.28 sys=0.00, real=0.04 secs] 
19544.079: [GC 19544.079: [ParNew: 2299570K->34923K(2534400K), 0.0416820 secs] 7365166K->5104085K(10982400K), 0.0423270 secs] [Times: user=0.23 sys=0.00, real=0.04 secs] 
19544.124: [GC [1 CMS-initial-mark: 5069162K(8448000K)] 5104441K(10982400K), 0.0449720 secs] [Times: user=0.05 sys=0.00, real=0.05 secs] 
19546.738: [GC 19546.738: [ParNew: 2287723K->55088K(2534400K), 0.0402650 secs] 7356885K->5126172K(10982400K), 0.0409010 secs] [Times: user=0.37 sys=0.01, real=0.05 secs] 
19549.342: [GC[YG occupancy: 1367137 K (2534400 K)]19549.342: [Rescan (parallel) , 0.3318780 secs]19549.674: [weak refs processing, 0.0962120 secs] [1 CMS-remark: 5071084K(8448000K)] 6438221K(10982400K), 0.4294530 secs] [Times: user=6.91 sys=0.02, real=0.43 secs] 
19550.356: [GC 19550.356: [ParNew: 2307888K->107608K(2534400K), 0.0603240 secs] 7251703K->5052794K(10982400K), 0.0608890 secs] [Times: user=0.77 sys=0.00, real=0.06 secs] 
19553.258: [GC 19553.259: [ParNew: 2360408K->80709K(2534400K), 0.0345910 secs] 6728769K->4451917K(10982400K), 0.0352470 secs] [Times: user=0.18 sys=0.00, real=0.04 secs] 
19555.781: [GC 19555.781: [ParNew: 2333509K->45607K(2534400K), 0.0383720 secs] 5850553K->3564133K(10982400K), 0.0390170 secs] [Times: user=0.26 sys=0.00, real=0.03 secs] 
19557.690: [GC 19557.690: [ParNew: 2298407K->32165K(2534400K), 0.0329390 secs] 5816933K->3551342K(10982400K), 0.0334960 secs] [Times: user=0.24 sys=0.00, real=0.04 secs] 
19560.134: [GC 19560.134: [ParNew: 2284965K->56283K(2534400K), 0.0413430 secs] 5804142K->3577859K(10982400K), 0.0419020 secs] [Times: user=0.40 sys=0.00, real=0.04 secs] 
19563.890: [GC 19563.890: [ParNew: 2309083K->44244K(2534400K), 0.0367940 secs] 5830659K->3567377K(10982400K), 0.0373670 secs] [Times: user=0.24 sys=0.00, real=0.04 secs] 
19568.620: [GC 19568.621: [ParNew: 2297044K->54367K(2534400K), 0.0483440 secs] 5820177K->3578613K(10982400K), 0.0489830 secs] [Times: user=0.34 sys=0.00, real=0.05 secs] 
19572.124: [GC 19572.124: [ParNew: 2307167K->86987K(2534400K), 0.0419490 secs] 5831413K->3612071K(10982400K), 0.0425940 secs] [Times: user=0.38 sys=0.01, real=0.04 secs] 
19574.930: [GC 19574.931: [ParNew: 2339787K->64560K(2534400K), 0.0352760 secs] 5864871K->3591587K(10982400K), 0.0359350 secs] [Times: user=0.19 sys=0.00, real=0.04 secs] 
19577.940: [GC 19577.941: [ParNew: 2317360K->62385K(2534400K), 0.0409290 secs] 5844387K->3590662K(10982400K), 0.0414930 secs] [Times: user=0.39 sys=0.00, real=0.04 secs] 
19582.960: [GC 19582.960: [ParNew: 2315185K->77416K(2534400K), 0.0498280 secs] 5843462K->3608269K(10982400K), 0.0504010 secs] [Times: user=0.40 sys=0.00, real=0.05 secs] 
19587.802: [GC 19587.802: [ParNew: 2330216K->55749K(2534400K), 0.0530880 secs] 5861069K->3587081K(10982400K), 0.0537090 secs] [Times: user=0.37 sys=0.00, real=0.06 secs] 
19591.983: [GC 19591.984: [ParNew: 2308549K->54403K(2534400K), 0.0516810 secs] 5839881K->3587586K(10982400K), 0.0522510 secs] [Times: user=0.33 sys=0.01, real=0.06 secs] 
19595.906: [GC 19595.906: [ParNew: 2307203K->67223K(2534400K), 0.0463140 secs] 5840386K->3602484K(10982400K), 0.0469510 secs] [Times: user=0.37 sys=0.00, real=0.05 secs] 
19600.815: [GC 19600.815: [ParNew: 2320023K->69298K(2534400K), 0.0486080 secs] 5855284K->3606044K(10982400K), 0.0491810 secs] [Times: user=0.30 sys=0.00, real=0.05 secs] 
19604.576: [GC 19604.576: [ParNew: 2322098K->32618K(2534400K), 0.0391680 secs] 5858844K->3571680K(10982400K), 0.0399180 secs] [Times: user=0.22 sys=0.00, real=0.04 secs] 
19608.629: [GC 19608.630: [ParNew: 2285418K->62082K(2534400K), 0.0459090 secs] 5824480K->3602458K(10982400K), 0.0465210 secs] [Times: user=0.42 sys=0.00, real=0.04 secs] 
19611.291: [GC 19611.292: [ParNew: 2314882K->74633K(2534400K), 0.0395110 secs] 5855258K->3616001K(10982400K), 0.0401490 secs] [Times: user=0.36 sys=0.00, real=0.04 secs] 
19614.834: [GC 19614.834: [ParNew: 2327433K->50530K(2534400K), 0.0327090 secs] 5868801K->3593918K(10982400K), 0.0332790 secs] [Times: user=0.20 sys=0.00, real=0.03 secs] 
19618.332: [GC 19618.333: [ParNew: 2303330K->36108K(2534400K), 0.0523590 secs] 5846718K->3580580K(10982400K), 0.0529350 secs] [Times: user=0.30 sys=0.00, real=0.05 secs] 
19620.348: [GC 19620.348: [ParNew: 2288908K->99522K(2534400K), 0.0621280 secs] 5833380K->3646986K(10982400K), 0.0627780 secs] [Times: user=0.57 sys=0.00, real=0.07 secs] 
19623.504: [GC 19623.505: [ParNew: 2352322K->111284K(2534400K), 0.0840240 secs] 5899786K->3659722K(10982400K), 0.0846670 secs] [Times: user=0.30 sys=0.00, real=0.08 secs] 
19626.992: [GC 19626.992: [ParNew: 2364084K->43640K(2534400K), 0.0521560 secs] 5912522K->3593664K(10982400K), 0.0528120 secs] [Times: user=0.27 sys=0.00, real=0.05 secs] 
19630.145: [GC 19630.146: [ParNew: 2296440K->57815K(2534400K), 0.0424210 secs] 5846464K->3608854K(10982400K), 0.0430540 secs] [Times: user=0.37 sys=0.00, real=0.04 secs] 
19633.655: [GC 19633.656: [ParNew: 2310615K->43688K(2534400K), 0.0385820 secs] 5861654K->3595424K(10982400K), 0.0392190 secs] [Times: user=0.20 sys=0.00, real=0.04 secs] 
19637.058: [GC 19637.059: [ParNew: 2296488K->28138K(2534400K), 0.0382580 secs] 5848224K->3581330K(10982400K), 0.0388230 secs] [Times: user=0.25 sys=0.00, real=0.04 secs] 
19640.979: [GC 19640.980: [ParNew: 2280938K->73585K(2534400K), 0.0487230 secs] 5834130K->3629306K(10982400K), 0.0493740 secs] [Times: user=0.50 sys=0.01, real=0.05 secs] 
19642.962: [GC 19642.962: [ParNew: 2326385K->58414K(2534400K), 0.0383440 secs] 5882106K->3615896K(10982400K), 0.0389900 secs] [Times: user=0.37 sys=0.00, real=0.04 secs] 
19645.129: [GC 19645.129: [ParNew: 2311214K->45223K(2534400K), 0.0325070 secs] 5868696K->3603675K(10982400K), 0.0331520 secs] [Times: user=0.26 sys=0.00, real=0.03 secs] 
19647.090: [GC 19647.090: [ParNew: 2298023K->56118K(2534400K), 0.0338580 secs] 5856475K->3616386K(10982400K), 0.0344230 secs] [Times: user=0.30 sys=0.00, real=0.03 secs] 
19649.442: [GC 19649.442: [ParNew: 2308918K->41425K(2534400K), 0.0366330 secs] 5869186K->3603169K(10982400K), 0.0372400 secs] [Times: user=0.27 sys=0.00, real=0.04 secs] 
19652.599: [GC 19652.599: [ParNew: 2294211K->30911K(2534400K), 0.0437800 secs] 5855955K->3594480K(10982400K), 0.0444080 secs] [Times: user=0.27 sys=0.00, real=0.04 secs] 
19655.046: [GC 19655.047: [ParNew: 2283711K->26154K(2534400K), 0.0335840 secs] 5847280K->3593928K(10982400K), 0.0342450 secs] [Times: user=0.22 sys=0.00, real=0.03 secs] 
19657.666: [GC 19657.666: [ParNew: 2278954K->55282K(2534400K), 0.0392680 secs] 5846728K->3625527K(10982400K), 0.0398970 secs] [Times: user=0.39 sys=0.00, real=0.04 secs] 
19661.808: [GC 19661.809: [ParNew: 2308082K->45071K(2534400K), 0.0424890 secs] 5878327K->3615998K(10982400K), 0.0431440 secs] [Times: user=0.27 sys=0.00, real=0.04 secs] 
19666.363: [GC 19666.364: [ParNew: 2297871K->35172K(2534400K), 0.0463610 secs] 5868798K->3607147K(10982400K), 0.0469360 secs] [Times: user=0.28 sys=0.00, real=0.05 secs] 
19671.321: [GC 19671.322: [ParNew: 2287972K->40143K(2534400K), 0.0573310 secs] 5859947K->3612820K(10982400K), 0.0579500 secs] [Times: user=0.28 sys=0.00, real=0.06 secs] 
19676.018: [GC 19676.018: [ParNew: 2292943K->31877K(2534400K), 0.0420660 secs] 5865620K->3606012K(10982400K), 0.0426440 secs] [Times: user=0.24 sys=0.00, real=0.05 secs] 
19679.132: [GC 19679.133: [ParNew: 2284677K->26457K(2534400K), 0.0477550 secs] 5858812K->3603660K(10982400K), 0.0484240 secs] [Times: user=0.26 sys=0.00, real=0.05 secs] 
19683.193: [GC 19683.194: [ParNew: 2279257K->50142K(2534400K), 0.0458690 secs] 5856460K->3627790K(10982400K), 0.0464370 secs] [Times: user=0.34 sys=0.00, real=0.05 secs] 
19686.880: [GC 19686.880: [ParNew: 2302942K->39834K(2534400K), 0.0412490 secs] 5880590K->3618839K(10982400K), 0.0418790 secs] [Times: user=0.25 sys=0.01, real=0.05 secs] 
19689.571: [GC 19689.571: [ParNew: 2292634K->38844K(2534400K), 0.0336530 secs] 5871639K->3619050K(10982400K), 0.0342120 secs] [Times: user=0.27 sys=0.01, real=0.03 secs] 
19693.253: [GC 19693.254: [ParNew: 2291582K->66401K(2534400K), 0.0431760 secs] 5871788K->3647246K(10982400K), 0.0437550 secs] [Times: user=0.41 sys=0.00, real=0.04 secs] 
19697.112: [GC 19697.113: [ParNew: 2319201K->52501K(2534400K), 0.0425030 secs] 5900046K->3634345K(10982400K), 0.0432990 secs] [Times: user=0.22 sys=0.00, real=0.04 secs] 
19699.668: [GC 19699.668: [ParNew: 2305301K->60188K(2534400K), 0.0424400 secs] 5887145K->3645970K(10982400K), 0.0431950 secs] [Times: user=0.37 sys=0.01, real=0.04 secs] 
19701.977: [GC 19701.978: [ParNew: 2312988K->57906K(2534400K), 0.0343700 secs] 5898770K->3645158K(10982400K), 0.0350230 secs] [Times: user=0.33 sys=0.01, real=0.03 secs] 
19704.546: [GC 19704.547: [ParNew: 2310706K->77044K(2534400K), 0.0391450 secs] 5897958K->3665697K(10982400K), 0.0397910 secs] [Times: user=0.39 sys=0.00, real=0.04 secs] 
19706.895: [GC 19706.896: [ParNew: 2329844K->71178K(2534400K), 0.0360230 secs] 5918497K->3661534K(10982400K), 0.0365880 secs] [Times: user=0.38 sys=0.01, real=0.03 secs] 
19709.386: [GC 19709.386: [ParNew: 2323978K->52877K(2534400K), 0.0312170 secs] 5914334K->3644652K(10982400K), 0.0317710 secs] [Times: user=0.21 sys=0.00, real=0.03 secs] 
19713.403: [GC 19713.403: [ParNew: 2305677K->36572K(2534400K), 0.0427880 secs] 5897452K->3629583K(10982400K), 0.0434330 secs] [Times: user=0.27 sys=0.00, real=0.05 secs] 
19716.596: [GC 19716.596: [ParNew: 2289372K->73077K(2534400K), 0.0545140 secs] 5882383K->3667217K(10982400K), 0.0551280 secs] [Times: user=0.47 sys=0.01, real=0.05 secs] 
19719.764: [GC 19719.764: [ParNew: 2325877K->57370K(2534400K), 0.0409090 secs] 5920017K->3655570K(10982400K), 0.0415550 secs] [Times: user=0.25 sys=0.00, real=0.04 secs] 
19724.517: [GC 19724.517: [ParNew: 2310170K->40966K(2534400K), 0.0467810 secs] 5908370K->3640189K(10982400K), 0.0474220 secs] [Times: user=0.27 sys=0.00, real=0.04 secs] 
19728.473: [GC 19728.473: [ParNew: 2293766K->50427K(2534400K), 0.0419660 secs] 5892989K->3650626K(10982400K), 0.0425650 secs] [Times: user=0.34 sys=0.00, real=0.04 secs] 
19733.407: [GC 19733.408: [ParNew: 2303227K->43120K(2534400K), 0.0493720 secs] 5903426K->3644451K(10982400K), 0.0500430 secs] [Times: user=0.27 sys=0.01, real=0.05 secs] 
19737.801: [GC 19737.801: [ParNew: 2295920K->34022K(2534400K), 0.0445650 secs] 5897251K->3638754K(10982400K), 0.0451670 secs] [Times: user=0.23 sys=0.00, real=0.04 secs] 
19743.076: [GC 19743.076: [ParNew: 2286822K->61166K(2534400K), 0.0821190 secs] 5891554K->3666755K(10982400K), 0.0827730 secs] [Times: user=0.38 sys=0.00, real=0.09 secs] 
19746.581: [GC 19746.582: [ParNew: 2313966K->111284K(2534400K), 0.0961020 secs] 5919555K->3720740K(10982400K), 0.0967630 secs] [Times: user=0.38 sys=0.00, real=0.09 secs] 
19750.309: [GC 19750.309: [ParNew: 2364084K->110095K(2534400K), 0.1004460 secs] 5973540K->3720963K(10982400K), 0.1011010 secs] [Times: user=0.33 sys=0.00, real=0.11 secs] 
19752.893: [GC 19752.894: [ParNew: 2362895K->119882K(2534400K), 0.0849340 secs] 5973763K->3731489K(10982400K), 0.0855640 secs] [Times: user=0.46 sys=0.00, real=0.08 secs] 
19754.281: [GC 19754.282: [ParNew: 2372682K->92152K(2534400K), 0.0623160 secs] 5984289K->3707491K(10982400K), 0.0629520 secs] [Times: user=0.24 sys=0.00, real=0.06 secs] 
19759.043: [GC 19759.043: [ParNew: 2344952K->71004K(2534400K), 0.0641670 secs] 5960291K->3688960K(10982400K), 0.0648130 secs] [Times: user=0.42 sys=0.00, real=0.06 secs] 
19763.625: [GC 19763.625: [ParNew: 2323804K->50027K(2534400K), 0.0498360 secs] 5941760K->3668907K(10982400K), 0.0504090 secs] [Times: user=0.33 sys=0.00, real=0.05 secs] 
19767.447: [GC 19767.447: [ParNew: 2302827K->46073K(2534400K), 0.0484800 secs] 5921707K->3670135K(10982400K), 0.0491330 secs] [Times: user=0.34 sys=0.00, real=0.05 secs] 
19770.408: [GC 19770.408: [ParNew: 2298873K->85636K(2534400K), 0.0447760 secs] 5922935K->3710306K(10982400K), 0.0454230 secs] [Times: user=0.48 sys=0.00, real=0.05 secs] 
19773.378: [GC 19773.379: [ParNew: 2338436K->64110K(2534400K), 0.0431880 secs] 5963106K->3690002K(10982400K), 0.0438330 secs] [Times: user=0.28 sys=0.01, real=0.04 secs] 
19775.342: [GC 19775.343: [ParNew: 2316910K->35460K(2534400K), 0.0311680 secs] 5942802K->3663272K(10982400K), 0.0318100 secs] [Times: user=0.25 sys=0.00, real=0.04 secs] 
19777.773: [GC 19777.774: [ParNew: 2288260K->70659K(2534400K), 0.0396540 secs] 5916072K->3701737K(10982400K), 0.0402180 secs] [Times: user=0.50 sys=0.01, real=0.05 secs] 
19779.872: [GC 19779.872: [ParNew: 2323459K->76135K(2534400K), 0.0436690 secs] 5954537K->3710532K(10982400K), 0.0442220 secs] [Times: user=0.47 sys=0.00, real=0.05 secs] 
19782.285: [GC 19782.286: [ParNew: 2328935K->58254K(2534400K), 0.0326410 secs] 5963332K->3693949K(10982400K), 0.0332820 secs] [Times: user=0.30 sys=0.01, real=0.03 secs] 
19785.053: [GC 19785.053: [ParNew: 2311054K->54584K(2534400K), 0.0409180 secs] 5946749K->3695796K(10982400K), 0.0415480 secs] [Times: user=0.34 sys=0.00, real=0.04 secs] 
19787.475: [GC 19787.476: [ParNew: 2307384K->44831K(2534400K), 0.0336550 secs] 5948596K->3690049K(10982400K), 0.0342960 secs] [Times: user=0.27 sys=0.00, real=0.04 secs] 
19791.116: [GC 19791.116: [ParNew: 2297631K->75266K(2534400K), 0.0477230 secs] 5942849K->3722314K(10982400K), 0.0483590 secs] [Times: user=0.46 sys=0.01, real=0.05 secs] 
19795.627: [GC 19795.627: [ParNew: 2328066K->74988K(2534400K), 0.0518220 secs] 5975114K->3723060K(10982400K), 0.0524650 secs] [Times: user=0.41 sys=0.00, real=0.05 secs] 
19799.229: [GC 19799.229: [ParNew: 2327788K->59793K(2534400K), 0.0522250 secs] 5975860K->3711679K(10982400K), 0.0528540 secs] [Times: user=0.30 sys=0.00, real=0.05 secs] 
19803.294: [GC 19803.294: [ParNew: 2312593K->59395K(2534400K), 0.0440940 secs] 5964479K->3711883K(10982400K), 0.0446570 secs] [Times: user=0.35 sys=0.01, real=0.05 secs] 
19807.960: [GC 19807.961: [ParNew: 2312195K->46167K(2534400K), 0.0448950 secs] 5964683K->3702637K(10982400K), 0.0454730 secs] [Times: user=0.23 sys=0.00, real=0.04 secs] 
19812.032: [GC 19812.032: [ParNew: 2298967K->38089K(2534400K), 0.0433630 secs] 5955437K->3696782K(10982400K), 0.0440030 secs] [Times: user=0.26 sys=0.01, real=0.04 secs] 
19814.815: [GC 19814.816: [ParNew: 2290889K->74351K(2534400K), 0.0445970 secs] 5949582K->3735792K(10982400K), 0.0452340 secs] [Times: user=0.47 sys=0.01, real=0.05 secs] 
19817.646: [GC 19817.647: [ParNew: 2327151K->55884K(2534400K), 0.0368880 secs] 5988592K->3718335K(10982400K), 0.0375490 secs] [Times: user=0.27 sys=0.00, real=0.04 secs] 
19821.195: [GC 19821.195: [ParNew: 2308684K->62645K(2534400K), 0.0437010 secs] 5971135K->3726539K(10982400K), 0.0443710 secs] [Times: user=0.38 sys=0.00, real=0.04 secs] 
19824.439: [GC 19824.439: [ParNew: 2315445K->47003K(2534400K), 0.0433660 secs] 5979339K->3720762K(10982400K), 0.0439940 secs] [Times: user=0.23 sys=0.01, real=0.05 secs] 
19828.634: [GC 19828.634: [ParNew: 2299803K->60679K(2534400K), 0.0464920 secs] 5973562K->3735743K(10982400K), 0.0470650 secs] [Times: user=0.40 sys=0.01, real=0.04 secs] 
19832.337: [GC 19832.337: [ParNew: 2313479K->45592K(2534400K), 0.0398040 secs] 5988543K->3721716K(10982400K), 0.0403820 secs] [Times: user=0.26 sys=0.00, real=0.04 secs] 
19835.937: [GC 19835.937: [ParNew: 2298392K->32023K(2534400K), 0.0426450 secs] 5974516K->3709820K(10982400K), 0.0432810 secs] [Times: user=0.26 sys=0.01, real=0.04 secs] 
19840.365: [GC 19840.365: [ParNew: 2284823K->71134K(2534400K), 0.0491650 secs] 5962620K->3749861K(10982400K), 0.0498210 secs] [Times: user=0.40 sys=0.00, real=0.05 secs] 
19843.148: [GC 19843.148: [ParNew: 2323934K->50953K(2534400K), 0.0357110 secs] 6002661K->3732008K(10982400K), 0.0363400 secs] [Times: user=0.25 sys=0.01, real=0.04 secs] 
19848.733: [GC 19848.733: [ParNew: 2303753K->48923K(2534400K), 0.0486540 secs] 5984808K->3730964K(10982400K), 0.0492350 secs] [Times: user=0.33 sys=0.01, real=0.05 secs] 
19854.058: [GC 19854.058: [ParNew: 2301723K->56628K(2534400K), 0.0505230 secs] 5983764K->3742043K(10982400K), 0.0511700 secs] [Times: user=0.35 sys=0.01, real=0.05 secs] 
19856.839: [GC 19856.839: [ParNew: 2309428K->46309K(2534400K), 0.0426280 secs] 5994843K->3733588K(10982400K), 0.0432900 secs] [Times: user=0.28 sys=0.00, real=0.04 secs] 
19861.236: [GC 19861.237: [ParNew: 2299109K->51612K(2534400K), 0.0484470 secs] 5986388K->3739488K(10982400K), 0.0490980 secs] [Times: user=0.29 sys=0.01, real=0.05 secs] 
19866.440: [GC 19866.440: [ParNew: 2304412K->48309K(2534400K), 0.0475730 secs] 5992288K->3739033K(10982400K), 0.0481540 secs] [Times: user=0.30 sys=0.00, real=0.05 secs] 
19871.580: [GC 19871.581: [ParNew: 2301109K->38662K(2534400K), 0.0482340 secs] 5991833K->3739570K(10982400K), 0.0488030 secs] [Times: user=0.29 sys=0.00, real=0.05 secs] 
19875.171: [GC 19875.172: [ParNew: 2291462K->59970K(2534400K), 0.0418790 secs] 5992370K->3761244K(10982400K), 0.0424090 secs] [Times: user=0.39 sys=0.00, real=0.04 secs] 
19878.739: [GC 19878.740: [ParNew: 2312770K->45744K(2534400K), 0.0353990 secs] 6014044K->3748430K(10982400K), 0.0358970 secs] [Times: user=0.22 sys=0.00, real=0.04 secs] 
19882.176: [GC 19882.176: [ParNew: 2298544K->87696K(2534400K), 0.0429430 secs] 6001230K->3792085K(10982400K), 0.0434230 secs] [Times: user=0.47 sys=0.00, real=0.04 secs] 
19886.272: [GC 19886.273: [ParNew: 2340496K->86253K(2534400K), 0.0401180 secs] 6044885K->3793981K(10982400K), 0.0406030 secs] [Times: user=0.30 sys=0.00, real=0.04 secs] 
19888.919: [GC 19888.919: [ParNew: 2339040K->94211K(2534400K), 0.0405730 secs] 6046768K->3803800K(10982400K), 0.0410490 secs] [Times: user=0.46 sys=0.00, real=0.04 secs] 
19892.248: [GC 19892.248: [ParNew: 2347011K->117302K(2534400K), 0.0410370 secs] 6056600K->3828817K(10982400K), 0.0415540 secs] [Times: user=0.42 sys=0.01, real=0.04 secs] 
19893.911: [GC 19893.911: [ParNew: 2370102K->144967K(2534400K), 0.0586630 secs] 6081617K->3887598K(10982400K), 0.0591640 secs] [Times: user=0.77 sys=0.01, real=0.06 secs] 
19896.443: [GC 19896.444: [ParNew: 2397767K->94479K(2534400K), 0.0367240 secs] 6140398K->3839597K(10982400K), 0.0372270 secs] [Times: user=0.29 sys=0.00, real=0.03 secs] 
19900.260: [GC 19900.261: [ParNew: 2347279K->41868K(2534400K), 0.0391120 secs] 6092397K->3790999K(10982400K), 0.0396250 secs] [Times: user=0.27 sys=0.00, real=0.04 secs] 
19904.525: [GC 19904.525: [ParNew: 2294668K->35966K(2534400K), 0.0376980 secs] 6043799K->3788299K(10982400K), 0.0382040 secs] [Times: user=0.26 sys=0.00, real=0.03 secs] 
19908.178: [GC 19908.178: [ParNew: 2288775K->35994K(2534400K), 0.0363830 secs] 6041107K->3789014K(10982400K), 0.0368820 secs] [Times: user=0.26 sys=0.00, real=0.04 secs] 
19908.216: [GC 19908.216: [ParNew: 36489K->37214K(2534400K), 0.0127250 secs] 3789508K->3791971K(10982400K), 0.0130670 secs] [Times: user=0.22 sys=0.00, real=0.01 secs] 
19911.569: [GC 19911.570: [ParNew: 2289958K->35147K(2534400K), 0.0365760 secs] 6044715K->3794310K(10982400K), 0.0370990 secs] [Times: user=0.26 sys=0.00, real=0.04 secs] 
19913.372: [GC 19913.372: [ParNew: 2287947K->33657K(2534400K), 0.0261010 secs] 6047110K->3795635K(10982400K), 0.0266010 secs] [Times: user=0.28 sys=0.00, real=0.03 secs] 
19915.526: [GC 19915.526: [ParNew: 2286457K->60894K(2534400K), 0.0365310 secs] 6048435K->3826349K(10982400K), 0.0371320 secs] [Times: user=0.40 sys=0.00, real=0.03 secs] 
19917.374: [GC 19917.374: [ParNew: 2313694K->76850K(2534400K), 0.0446470 secs] 6079149K->3842306K(10982400K), 0.0451300 secs] [Times: user=0.50 sys=0.00, real=0.05 secs] 
19919.572: [GC 19919.573: [ParNew: 2329650K->50718K(2534400K), 0.0352090 secs] 6095106K->3819139K(10982400K), 0.0357120 secs] [Times: user=0.27 sys=0.01, real=0.04 secs] 
19922.495: [GC 19922.496: [ParNew: 2303518K->48762K(2534400K), 0.0346410 secs] 6071939K->3818160K(10982400K), 0.0351460 secs] [Times: user=0.32 sys=0.00, real=0.04 secs] 
19925.816: [GC 19925.817: [ParNew: 2301562K->41311K(2534400K), 0.0366150 secs] 6070960K->3813826K(10982400K), 0.0371240 secs] [Times: user=0.23 sys=0.00, real=0.04 secs] 
19930.195: [GC 19930.195: [ParNew: 2294111K->30075K(2534400K), 0.0424060 secs] 6066626K->3803589K(10982400K), 0.0429250 secs] [Times: user=0.26 sys=0.00, real=0.05 secs] 
19934.254: [GC 19934.254: [ParNew: 2282875K->36989K(2534400K), 0.0429430 secs] 6056389K->3811720K(10982400K), 0.0435990 secs] [Times: user=0.27 sys=0.00, real=0.05 secs] 
19938.206: [GC 19938.207: [ParNew: 2289789K->37877K(2534400K), 0.0437690 secs] 6064520K->3814075K(10982400K), 0.0443410 secs] [Times: user=0.27 sys=0.01, real=0.05 secs] 
19941.864: [GC 19941.865: [ParNew: 2290677K->62727K(2534400K), 0.0457360 secs] 6066875K->3841145K(10982400K), 0.0463670 secs] [Times: user=0.42 sys=0.00, real=0.05 secs] 
19947.209: [GC 19947.210: [ParNew: 2315527K->58847K(2534400K), 0.0565270 secs] 6093945K->3840512K(10982400K), 0.0570970 secs] [Times: user=0.28 sys=0.01, real=0.06 secs] 
19950.896: [GC 19950.897: [ParNew: 2311647K->66443K(2534400K), 0.0494150 secs] 6093312K->3850018K(10982400K), 0.0499820 secs] [Times: user=0.39 sys=0.01, real=0.05 secs] 
19953.932: [GC 19953.932: [ParNew: 2319243K->72174K(2534400K), 0.0497920 secs] 6102818K->3857389K(10982400K), 0.0504280 secs] [Times: user=0.35 sys=0.00, real=0.05 secs] 
19957.734: [GC 19957.734: [ParNew: 2324974K->100984K(2534400K), 0.0641110 secs] 6110189K->3887438K(10982400K), 0.0647510 secs] [Times: user=0.44 sys=0.00, real=0.06 secs] 
19961.616: [GC 19961.617: [ParNew: 2353784K->59008K(2534400K), 0.0441720 secs] 6140238K->3847423K(10982400K), 0.0448320 secs] [Times: user=0.28 sys=0.01, real=0.04 secs] 
19966.183: [GC 19966.184: [ParNew: 2311808K->36980K(2534400K), 0.0399470 secs] 6100223K->3826551K(10982400K), 0.0405150 secs] [Times: user=0.22 sys=0.00, real=0.04 secs] 
19969.907: [GC 19969.908: [ParNew: 2289780K->42458K(2534400K), 0.0421760 secs] 6079351K->3837777K(10982400K), 0.0427450 secs] [Times: user=0.30 sys=0.00, real=0.04 secs] 
19974.506: [GC 19974.506: [ParNew: 2295258K->40397K(2534400K), 0.0479750 secs] 6090577K->3836572K(10982400K), 0.0486090 secs] [Times: user=0.28 sys=0.01, real=0.05 secs] 
19977.399: [GC 19977.400: [ParNew: 2293197K->36215K(2534400K), 0.0369350 secs] 6089372K->3833932K(10982400K), 0.0375190 secs] [Times: user=0.23 sys=0.00, real=0.04 secs] 
19981.114: [GC 19981.114: [ParNew: 2289015K->87265K(2534400K), 0.0520520 secs] 6086732K->3887458K(10982400K), 0.0527070 secs] [Times: user=0.52 sys=0.01, real=0.06 secs] 
19983.982: [GC 19983.982: [ParNew: 2340065K->66427K(2534400K), 0.0375740 secs] 6140258K->3868526K(10982400K), 0.0382220 secs] [Times: user=0.34 sys=0.00, real=0.04 secs] 
19988.428: [GC 19988.429: [ParNew: 2319227K->72898K(2534400K), 0.0484180 secs] 6121326K->3877100K(10982400K), 0.0490520 secs] [Times: user=0.41 sys=0.00, real=0.05 secs] 
19992.597: [GC 19992.597: [ParNew: 2325698K->55804K(2534400K), 0.0423390 secs] 6129900K->3863910K(10982400K), 0.0429870 secs] [Times: user=0.24 sys=0.01, real=0.04 secs] 
19997.371: [GC 19997.372: [ParNew: 2308604K->32179K(2534400K), 0.0462720 secs] 6116710K->3841803K(10982400K), 0.0469230 secs] [Times: user=0.27 sys=0.01, real=0.05 secs] 
20000.723: [GC 20000.723: [ParNew: 2284979K->29196K(2534400K), 0.0433350 secs] 6094603K->3839153K(10982400K), 0.0439670 secs] [Times: user=0.25 sys=0.00, real=0.04 secs] 
20004.025: [GC 20004.025: [ParNew: 2281996K->30437K(2534400K), 0.0319960 secs] 6091953K->3842852K(10982400K), 0.0326190 secs] [Times: user=0.22 sys=0.01, real=0.03 secs] 
20006.459: [GC 20006.459: [ParNew: 2283237K->54020K(2534400K), 0.0349970 secs] 6095652K->3867662K(10982400K), 0.0356350 secs] [Times: user=0.33 sys=0.00, real=0.03 secs] 
20009.183: [GC 20009.183: [ParNew: 2306820K->42389K(2534400K), 0.0355640 secs] 6120462K->3857808K(10982400K), 0.0362290 secs] [Times: user=0.20 sys=0.00, real=0.03 secs] 
20011.431: [GC 20011.431: [ParNew: 2295189K->34778K(2534400K), 0.0326880 secs] 6110608K->3851769K(10982400K), 0.0333250 secs] [Times: user=0.27 sys=0.01, real=0.03 secs] 
20013.923: [GC 20013.923: [ParNew: 2287578K->50432K(2534400K), 0.0349980 secs] 6104569K->3868711K(10982400K), 0.0356120 secs] [Times: user=0.30 sys=0.00, real=0.03 secs] 
20017.035: [GC 20017.035: [ParNew: 2303232K->46301K(2534400K), 0.0497990 secs] 6121511K->3867563K(10982400K), 0.0504390 secs] [Times: user=0.24 sys=0.01, real=0.05 secs] 
20021.252: [GC 20021.252: [ParNew: 2299101K->59401K(2534400K), 0.0503390 secs] 6120363K->3882267K(10982400K), 0.0509690 secs] [Times: user=0.39 sys=0.00, real=0.05 secs] 
20025.740: [GC 20025.740: [ParNew: 2312201K->44922K(2534400K), 0.0423390 secs] 6135067K->3869752K(10982400K), 0.0429240 secs] [Times: user=0.23 sys=0.00, real=0.05 secs] 
20029.987: [GC 20029.987: [ParNew: 2297722K->25759K(2534400K), 0.0399250 secs] 6122552K->3851383K(10982400K), 0.0404370 secs] [Times: user=0.25 sys=0.00, real=0.04 secs] 
20033.747: [GC 20033.747: [ParNew: 2278559K->52606K(2534400K), 0.0414440 secs] 6104183K->3879916K(10982400K), 0.0419550 secs] [Times: user=0.38 sys=0.00, real=0.04 secs] 
20036.661: [GC 20036.662: [ParNew: 2305406K->42613K(2534400K), 0.0400650 secs] 6132716K->3871414K(10982400K), 0.0405890 secs] [Times: user=0.27 sys=0.01, real=0.04 secs] 
20040.041: [GC 20040.041: [ParNew: 2295413K->56531K(2534400K), 0.0455600 secs] 6124214K->3885927K(10982400K), 0.0460700 secs] [Times: user=0.39 sys=0.00, real=0.05 secs] 
20044.043: [GC 20044.044: [ParNew: 2309331K->49106K(2534400K), 0.0414270 secs] 6138727K->3879592K(10982400K), 0.0419400 secs] [Times: user=0.29 sys=0.00, real=0.05 secs] 
20046.760: [GC 20046.760: [ParNew: 2301906K->33321K(2534400K), 0.0322970 secs] 6132392K->3865404K(10982400K), 0.0327980 secs] [Times: user=0.23 sys=0.00, real=0.03 secs] 
20049.648: [GC 20049.648: [ParNew: 2286121K->66820K(2534400K), 0.0388200 secs] 6118204K->3900006K(10982400K), 0.0393060 secs] [Times: user=0.42 sys=0.00, real=0.04 secs] 
20054.020: [GC 20054.020: [ParNew: 2319620K->68596K(2534400K), 0.0450280 secs] 6152806K->3903167K(10982400K), 0.0455550 secs] [Times: user=0.33 sys=0.00, real=0.05 secs] 
20058.471: [GC 20058.472: [ParNew: 2321396K->49345K(2534400K), 0.0414170 secs] 6155967K->3885226K(10982400K), 0.0419070 secs] [Times: user=0.26 sys=0.01, real=0.04 secs] 
20061.182: [GC 20061.183: [ParNew: 2302145K->58040K(2534400K), 0.0398860 secs] 6138026K->3897386K(10982400K), 0.0404100 secs] [Times: user=0.35 sys=0.00, real=0.04 secs] 
20063.367: [GC 20063.367: [ParNew: 2310840K->50262K(2534400K), 0.0319200 secs] 6150186K->3890832K(10982400K), 0.0324180 secs] [Times: user=0.30 sys=0.00, real=0.04 secs] 
20066.276: [GC 20066.276: [ParNew: 2303062K->60272K(2534400K), 0.0326610 secs] 6143632K->3901540K(10982400K), 0.0331440 secs] [Times: user=0.20 sys=0.01, real=0.04 secs] 
20069.862: [GC 20069.863: [ParNew: 2313072K->45237K(2534400K), 0.0395210 secs] 6154340K->3887761K(10982400K), 0.0400410 secs] [Times: user=0.25 sys=0.01, real=0.04 secs] 
20074.790: [GC 20074.790: [ParNew: 2298037K->32911K(2534400K), 0.0473620 secs] 6140561K->3876082K(10982400K), 0.0478960 secs] [Times: user=0.29 sys=0.00, real=0.04 secs] 
20078.032: [GC 20078.033: [ParNew: 2285711K->52989K(2534400K), 0.0535040 secs] 6128882K->3896780K(10982400K), 0.0540360 secs] [Times: user=0.38 sys=0.00, real=0.05 secs] 
20082.769: [GC 20082.770: [ParNew: 2305789K->52360K(2534400K), 0.0434590 secs] 6149580K->3897599K(10982400K), 0.0439790 secs] [Times: user=0.29 sys=0.00, real=0.05 secs] 
20086.581: [GC 20086.581: [ParNew: 2304972K->75178K(2534400K), 0.0500850 secs] 6150211K->3921238K(10982400K), 0.0506000 secs] [Times: user=0.45 sys=0.00, real=0.05 secs] 
20090.437: [GC 20090.437: [ParNew: 2327978K->72500K(2534400K), 0.0577430 secs] 6174038K->3920877K(10982400K), 0.0582610 secs] [Times: user=0.32 sys=0.01, real=0.06 secs] 
20093.442: [GC 20093.442: [ParNew: 2325300K->100851K(2534400K), 0.0879740 secs] 6173677K->3951563K(10982400K), 0.0884510 secs] [Times: user=0.32 sys=0.00, real=0.08 secs] 
20096.880: [GC 20096.881: [ParNew: 2353651K->80744K(2534400K), 0.0720420 secs] 6204363K->3933534K(10982400K), 0.0725440 secs] [Times: user=0.30 sys=0.01, real=0.08 secs] 
20099.214: [GC 20099.214: [ParNew: 2333544K->78924K(2534400K), 0.0707770 secs] 6186334K->3933298K(10982400K), 0.0712570 secs] [Times: user=0.31 sys=0.00, real=0.07 secs] 
20102.777: [GC 20102.777: [ParNew: 2331724K->65416K(2534400K), 0.0618800 secs] 6186098K->3921260K(10982400K), 0.0623930 secs] [Times: user=0.31 sys=0.00, real=0.06 secs] 
20106.066: [GC 20106.067: [ParNew: 2318216K->36683K(2534400K), 0.0422360 secs] 6174060K->3899321K(10982400K), 0.0427460 secs] [Times: user=0.24 sys=0.01, real=0.04 secs] 
20110.012: [GC 20110.012: [ParNew: 2289483K->52337K(2534400K), 0.0448790 secs] 6152121K->3916666K(10982400K), 0.0455170 secs] [Times: user=0.33 sys=0.00, real=0.05 secs] 
20113.609: [GC 20113.609: [ParNew: 2305137K->72435K(2534400K), 0.0460140 secs] 6169466K->3937184K(10982400K), 0.0466580 secs] [Times: user=0.39 sys=0.00, real=0.05 secs] 
20117.060: [GC 20117.060: [ParNew: 2325235K->99792K(2534400K), 0.0908880 secs] 6189984K->3965873K(10982400K), 0.0915330 secs] [Times: user=0.31 sys=0.00, real=0.09 secs] 
20120.757: [GC 20120.757: [ParNew: 2352592K->65153K(2534400K), 0.0566150 secs] 6218673K->3935244K(10982400K), 0.0572240 secs] [Times: user=0.39 sys=0.00, real=0.05 secs] 
20122.938: [GC 20122.938: [ParNew: 2317953K->52808K(2534400K), 0.0466840 secs] 6188044K->3924914K(10982400K), 0.0473200 secs] [Times: user=0.26 sys=0.01, real=0.04 secs] 
20124.744: [GC 20124.744: [ParNew: 2305608K->42494K(2534400K), 0.0483670 secs] 6177714K->3915284K(10982400K), 0.0490120 secs] [Times: user=0.27 sys=0.00, real=0.05 secs] 
20127.088: [GC 20127.089: [ParNew: 2295294K->57710K(2534400K), 0.0560670 secs] 6168084K->3932052K(10982400K), 0.0566430 secs] [Times: user=0.29 sys=0.01, real=0.05 secs] 
20129.892: [GC 20129.892: [ParNew: 2310510K->44707K(2534400K), 0.0376070 secs] 6184852K->3922035K(10982400K), 0.0381710 secs] [Times: user=0.32 sys=0.00, real=0.04 secs] 
20133.282: [GC 20133.283: [ParNew: 2297507K->111148K(2534400K), 0.0561010 secs] 6174835K->3988975K(10982400K), 0.0566200 secs] [Times: user=0.67 sys=0.00, real=0.06 secs] 
20136.314: [GC 20136.314: [ParNew: 2363948K->119417K(2534400K), 0.0531710 secs] 6241775K->3998579K(10982400K), 0.0536810 secs] [Times: user=0.63 sys=0.01, real=0.05 secs] 
20139.860: [GC 20139.861: [ParNew: 2372217K->93064K(2534400K), 0.0623230 secs] 6251379K->3985105K(10982400K), 0.0628520 secs] [Times: user=0.44 sys=0.01, real=0.06 secs] 
20143.495: [GC 20143.496: [ParNew: 2345864K->64122K(2534400K), 0.0414910 secs] 6237905K->3959839K(10982400K), 0.0420170 secs] [Times: user=0.36 sys=0.00, real=0.04 secs] 
20146.467: [GC 20146.467: [ParNew: 2316922K->46815K(2534400K), 0.0380290 secs] 6212639K->3943874K(10982400K), 0.0385420 secs] [Times: user=0.22 sys=0.00, real=0.04 secs] 
20149.280: [GC 20149.280: [ParNew: 2299615K->56527K(2534400K), 0.0401790 secs] 6196674K->3954831K(10982400K), 0.0407010 secs] [Times: user=0.36 sys=0.00, real=0.05 secs] 
20151.658: [GC 20151.659: [ParNew: 2309327K->61318K(2534400K), 0.0380280 secs] 6207631K->3960366K(10982400K), 0.0385430 secs] [Times: user=0.37 sys=0.00, real=0.04 secs] 
20153.987: [GC 20153.988: [ParNew: 2314098K->45459K(2534400K), 0.0309860 secs] 6213145K->3946294K(10982400K), 0.0314950 secs] [Times: user=0.23 sys=0.00, real=0.03 secs] 
20157.323: [GC 20157.324: [ParNew: 2298259K->28441K(2534400K), 0.0359090 secs] 6199094K->3930760K(10982400K), 0.0364000 secs] [Times: user=0.23 sys=0.00, real=0.03 secs] 
20160.395: [GC 20160.395: [ParNew: 2281241K->30455K(2534400K), 0.0372720 secs] 6183560K->3934079K(10982400K), 0.0377820 secs] [Times: user=0.21 sys=0.00, real=0.04 secs] 
20163.411: [GC 20163.411: [ParNew: 2283255K->38269K(2534400K), 0.0354230 secs] 6186879K->3943312K(10982400K), 0.0359350 secs] [Times: user=0.27 sys=0.00, real=0.04 secs] 
20166.530: [GC 20166.530: [ParNew: 2291069K->57997K(2534400K), 0.0425490 secs] 6196112K->3964637K(10982400K), 0.0430610 secs] [Times: user=0.36 sys=0.00, real=0.04 secs] 
20171.625: [GC 20171.625: [ParNew: 2310797K->80071K(2534400K), 0.0574050 secs] 6217437K->3988989K(10982400K), 0.0579220 secs] [Times: user=0.42 sys=0.00, real=0.05 secs] 
20173.690: [GC 20173.691: [ParNew: 2332871K->75693K(2534400K), 0.0393730 secs] 6241789K->3985536K(10982400K), 0.0398690 secs] [Times: user=0.42 sys=0.01, real=0.04 secs] 
20176.274: [GC 20176.275: [ParNew: 2328493K->57572K(2534400K), 0.0361100 secs] 6238336K->3968486K(10982400K), 0.0366460 secs] [Times: user=0.31 sys=0.01, real=0.04 secs] 
20179.221: [GC 20179.221: [ParNew: 2310372K->50965K(2534400K), 0.0330080 secs] 6221286K->3963599K(10982400K), 0.0335380 secs] [Times: user=0.28 sys=0.00, real=0.03 secs] 
20181.853: [GC 20181.853: [ParNew: 2303765K->45988K(2534400K), 0.0351840 secs] 6216399K->3962093K(10982400K), 0.0356970 secs] [Times: user=0.26 sys=0.00, real=0.04 secs] 
20184.618: [GC 20184.619: [ParNew: 2298788K->40153K(2534400K), 0.0330470 secs] 6214893K->3956885K(10982400K), 0.0335600 secs] [Times: user=0.26 sys=0.00, real=0.03 secs] 
20187.814: [GC 20187.815: [ParNew: 2292953K->37793K(2534400K), 0.0308550 secs] 6209685K->3956071K(10982400K), 0.0313340 secs] [Times: user=0.22 sys=0.00, real=0.03 secs] 
20191.837: [GC 20191.838: [ParNew: 2290593K->63269K(2534400K), 0.0438580 secs] 6208871K->3982734K(10982400K), 0.0443700 secs] [Times: user=0.34 sys=0.00, real=0.04 secs] 
20194.921: [GC 20194.922: [ParNew: 2316069K->54660K(2534400K), 0.0394640 secs] 6235534K->3979794K(10982400K), 0.0399660 secs] [Times: user=0.26 sys=0.01, real=0.04 secs] 
20198.195: [GC 20198.195: [ParNew: 2307460K->70535K(2534400K), 0.0400450 secs] 6232594K->3997219K(10982400K), 0.0405490 secs] [Times: user=0.37 sys=0.00, real=0.04 secs] 
20201.555: [GC 20201.556: [ParNew: 2323335K->85234K(2534400K), 0.0487930 secs] 6250019K->4015051K(10982400K), 0.0493130 secs] [Times: user=0.42 sys=0.00, real=0.05 secs] 
20203.972: [GC 20203.972: [ParNew: 2338034K->114074K(2534400K), 0.0501890 secs] 6267851K->4045940K(10982400K), 0.0506570 secs] [Times: user=0.66 sys=0.00, real=0.05 secs] 
20208.425: [GC 20208.425: [ParNew: 2366874K->83943K(2534400K), 0.0445110 secs] 6298740K->4019984K(10982400K), 0.0450030 secs] [Times: user=0.29 sys=0.00, real=0.05 secs] 
20211.517: [GC 20211.517: [ParNew: 2336743K->45897K(2534400K), 0.0345430 secs] 6272784K->3982627K(10982400K), 0.0351370 secs] [Times: user=0.26 sys=0.00, real=0.04 secs] 
20214.552: [GC 20214.552: [ParNew: 2298697K->51374K(2534400K), 0.0444640 secs] 6235427K->4000458K(10982400K), 0.0449710 secs] [Times: user=0.38 sys=0.01, real=0.04 secs] 
20218.301: [GC 20218.302: [ParNew: 2304174K->44844K(2534400K), 0.0408340 secs] 6253258K->3995428K(10982400K), 0.0413220 secs] [Times: user=0.24 sys=0.00, real=0.04 secs] 
20222.528: [GC 20222.528: [ParNew: 2297644K->69820K(2534400K), 0.0444830 secs] 6248228K->4021542K(10982400K), 0.0449650 secs] [Times: user=0.39 sys=0.00, real=0.05 secs] 
20225.659: [GC 20225.660: [ParNew: 2322620K->50185K(2534400K), 0.0335630 secs] 6274342K->4002491K(10982400K), 0.0340460 secs] [Times: user=0.21 sys=0.01, real=0.04 secs] 
20230.007: [GC 20230.007: [ParNew: 2302985K->83405K(2534400K), 0.0534750 secs] 6255291K->4037346K(10982400K), 0.0539870 secs] [Times: user=0.50 sys=0.00, real=0.05 secs] 
20234.495: [GC 20234.495: [ParNew: 2336205K->61863K(2534400K), 0.0434080 secs] 6290146K->4022870K(10982400K), 0.0439240 secs] [Times: user=0.24 sys=0.01, real=0.04 secs] 
20238.538: [GC 20238.538: [ParNew: 2314663K->94248K(2534400K), 0.0531290 secs] 6275670K->4056300K(10982400K), 0.0536950 secs] [Times: user=0.59 sys=0.01, real=0.05 secs] 
20243.954: [GC 20243.955: [ParNew: 2347048K->72166K(2534400K), 0.0509650 secs] 6309100K->4034817K(10982400K), 0.0514830 secs] [Times: user=0.31 sys=0.00, real=0.06 secs] 
20246.300: [GC 20246.300: [ParNew: 2324966K->46867K(2534400K), 0.0313460 secs] 6287617K->4010768K(10982400K), 0.0318540 secs] [Times: user=0.25 sys=0.00, real=0.03 secs] 
20248.983: [GC 20248.984: [ParNew: 2299667K->68880K(2534400K), 0.0402080 secs] 6263568K->4034181K(10982400K), 0.0407100 secs] [Times: user=0.43 sys=0.00, real=0.04 secs] 
20252.967: [GC 20252.967: [ParNew: 2321680K->63515K(2534400K), 0.0461110 secs] 6286981K->4030220K(10982400K), 0.0466260 secs] [Times: user=0.35 sys=0.00, real=0.04 secs] 
20256.510: [GC 20256.511: [ParNew: 2316315K->48097K(2534400K), 0.0371470 secs] 6283020K->4016382K(10982400K), 0.0376280 secs] [Times: user=0.21 sys=0.00, real=0.04 secs] 
20259.656: [GC 20259.656: [ParNew: 2300897K->75921K(2534400K), 0.0434560 secs] 6269182K->4045223K(10982400K), 0.0439630 secs] [Times: user=0.39 sys=0.01, real=0.05 secs] 
20263.361: [GC 20263.362: [ParNew: 2328721K->94502K(2534400K), 0.0441100 secs] 6298023K->4064645K(10982400K), 0.0446410 secs] [Times: user=0.36 sys=0.00, real=0.04 secs] 
20266.165: [GC 20266.165: [ParNew: 2347302K->147348K(2534400K), 0.0472770 secs] 6317445K->4118570K(10982400K), 0.0477960 secs] [Times: user=0.60 sys=0.01, real=0.05 secs] 
20269.300: [GC 20269.300: [ParNew: 2400148K->137887K(2534400K), 0.0495470 secs] 6371370K->4110073K(10982400K), 0.0500560 secs] [Times: user=0.51 sys=0.01, real=0.05 secs] 
20274.292: [GC 20274.292: [ParNew: 2390687K->119340K(2534400K), 0.0548270 secs] 6362873K->4092056K(10982400K), 0.0553430 secs] [Times: user=0.46 sys=0.00, real=0.05 secs] 
20277.642: [GC 20277.642: [ParNew: 2372140K->87253K(2534400K), 0.0761410 secs] 6344856K->4110895K(10982400K), 0.0766310 secs] [Times: user=0.45 sys=0.03, real=0.07 secs] 
20281.116: [GC 20281.116: [ParNew: 2340053K->87331K(2534400K), 0.0491490 secs] 6363695K->4112567K(10982400K), 0.0496620 secs] [Times: user=0.52 sys=0.00, real=0.05 secs] 
20285.544: [GC 20285.545: [ParNew: 2340131K->69170K(2534400K), 0.0456880 secs] 6365367K->4095974K(10982400K), 0.0462130 secs] [Times: user=0.38 sys=0.00, real=0.04 secs] 
20288.745: [GC 20288.745: [ParNew: 2321970K->108176K(2534400K), 0.0601650 secs] 6348774K->4136988K(10982400K), 0.0606720 secs] [Times: user=0.55 sys=0.00, real=0.06 secs] 
20291.953: [GC 20291.953: [ParNew: 2360976K->78465K(2534400K), 0.0485720 secs] 6389788K->4108412K(10982400K), 0.0490660 secs] [Times: user=0.35 sys=0.00, real=0.04 secs] 
20295.187: [GC 20295.187: [ParNew: 2331265K->96927K(2534400K), 0.0533980 secs] 6361212K->4127496K(10982400K), 0.0540420 secs] [Times: user=0.53 sys=0.01, real=0.05 secs] 
20296.910: [GC 20296.910: [ParNew: 2349727K->75407K(2534400K), 0.0459090 secs] 6380296K->4106945K(10982400K), 0.0465900 secs] [Times: user=0.32 sys=0.00, real=0.05 secs] 
20301.016: [GC 20301.017: [ParNew: 2328207K->43737K(2534400K), 0.0502140 secs] 6359745K->4076480K(10982400K), 0.0508870 secs] [Times: user=0.25 sys=0.00, real=0.05 secs] 
20305.030: [GC 20305.030: [ParNew: 2296537K->25789K(2534400K), 0.0430070 secs] 6329280K->4059658K(10982400K), 0.0436440 secs] [Times: user=0.25 sys=0.00, real=0.04 secs] 
20307.182: [GC 20307.183: [ParNew: 2278589K->74810K(2534400K), 0.0377650 secs] 6312458K->4109713K(10982400K), 0.0384270 secs] [Times: user=0.46 sys=0.00, real=0.04 secs] 
20308.541: [GC 20308.541: [ParNew: 2327610K->70254K(2534400K), 0.0308660 secs] 6362513K->4105570K(10982400K), 0.0314230 secs] [Times: user=0.37 sys=0.01, real=0.03 secs] 
20310.299: [GC 20310.300: [ParNew: 2323054K->51989K(2534400K), 0.0275230 secs] 6358370K->4089188K(10982400K), 0.0280870 secs] [Times: user=0.25 sys=0.00, real=0.03 secs] 
20312.717: [GC 20312.717: [ParNew: 2304789K->34901K(2534400K), 0.0334090 secs] 6341988K->4073655K(10982400K), 0.0340360 secs] [Times: user=0.22 sys=0.00, real=0.03 secs] 
20314.715: [GC 20314.715: [ParNew: 2287701K->34008K(2534400K), 0.0325560 secs] 6326455K->4079420K(10982400K), 0.0332160 secs] [Times: user=0.24 sys=0.00, real=0.04 secs] 
20316.471: [GC 20316.471: [ParNew: 2286808K->32167K(2534400K), 0.0253970 secs] 6332220K->4078067K(10982400K), 0.0260380 secs] [Times: user=0.23 sys=0.00, real=0.03 secs] 
20318.865: [GC 20318.865: [ParNew: 2284967K->61787K(2534400K), 0.0395330 secs] 6330867K->4108348K(10982400K), 0.0401300 secs] [Times: user=0.38 sys=0.00, real=0.04 secs] 
20320.908: [GC 20320.909: [ParNew: 2314587K->43773K(2534400K), 0.0295640 secs] 6361148K->4091443K(10982400K), 0.0302150 secs] [Times: user=0.19 sys=0.00, real=0.03 secs] 
20323.629: [GC 20323.629: [ParNew: 2296573K->22181K(2534400K), 0.0309110 secs] 6344243K->4070607K(10982400K), 0.0314620 secs] [Times: user=0.21 sys=0.00, real=0.03 secs] 
20326.455: [GC 20326.455: [ParNew: 2274981K->64679K(2534400K), 0.0431820 secs] 6323407K->4114754K(10982400K), 0.0438260 secs] [Times: user=0.43 sys=0.01, real=0.05 secs] 
20329.924: [GC 20329.924: [ParNew: 2317479K->48783K(2534400K), 0.0367540 secs] 6367554K->4100437K(10982400K), 0.0374010 secs] [Times: user=0.26 sys=0.01, real=0.04 secs] 
20332.788: [GC 20332.788: [ParNew: 2301583K->55383K(2534400K), 0.0386690 secs] 6353237K->4107791K(10982400K), 0.0393120 secs] [Times: user=0.35 sys=0.00, real=0.04 secs] 
20336.029: [GC 20336.029: [ParNew: 2308183K->49052K(2534400K), 0.0361570 secs] 6360591K->4102680K(10982400K), 0.0368020 secs] [Times: user=0.27 sys=0.01, real=0.03 secs] 
20339.357: [GC 20339.357: [ParNew: 2301852K->41502K(2534400K), 0.0491840 secs] 6355480K->4096995K(10982400K), 0.0497750 secs] [Times: user=0.28 sys=0.00, real=0.05 secs] 
20342.031: [GC 20342.032: [ParNew: 2294302K->30691K(2534400K), 0.0323580 secs] 6349795K->4087483K(10982400K), 0.0329880 secs] [Times: user=0.20 sys=0.00, real=0.03 secs] 
20344.358: [GC 20344.359: [ParNew: 2283491K->43105K(2534400K), 0.0342170 secs] 6340283K->4100378K(10982400K), 0.0348600 secs] [Times: user=0.26 sys=0.00, real=0.04 secs] 
20348.061: [GC 20348.061: [ParNew: 2295905K->45102K(2534400K), 0.0427690 secs] 6353178K->4103325K(10982400K), 0.0434050 secs] [Times: user=0.30 sys=0.01, real=0.04 secs] 
20350.869: [GC 20350.870: [ParNew: 2297902K->74873K(2534400K), 0.0374110 secs] 6356125K->4134259K(10982400K), 0.0380500 secs] [Times: user=0.26 sys=0.00, real=0.04 secs] 
20354.401: [GC 20354.401: [ParNew: 2327673K->63501K(2534400K), 0.0463850 secs] 6387059K->4124850K(10982400K), 0.0470400 secs] [Times: user=0.25 sys=0.00, real=0.05 secs] 
20356.816: [GC 20356.816: [ParNew: 2316301K->85677K(2534400K), 0.0511880 secs] 6377650K->4157335K(10982400K), 0.0518300 secs] [Times: user=0.53 sys=0.01, real=0.05 secs] 
20359.375: [GC 20359.376: [ParNew: 2338477K->63979K(2534400K), 0.0351210 secs] 6410135K->4138878K(10982400K), 0.0357490 secs] [Times: user=0.24 sys=0.00, real=0.03 secs] 
20362.736: [GC 20362.737: [ParNew: 2316779K->45209K(2534400K), 0.0392380 secs] 6391678K->4121784K(10982400K), 0.0398450 secs] [Times: user=0.29 sys=0.00, real=0.04 secs] 
20366.808: [GC 20366.808: [ParNew: 2298009K->64682K(2534400K), 0.0482100 secs] 6374584K->4143219K(10982400K), 0.0488560 secs] [Times: user=0.39 sys=0.00, real=0.05 secs] 
20370.002: [GC 20370.002: [ParNew: 2317482K->69965K(2534400K), 0.0457630 secs] 6396019K->4149707K(10982400K), 0.0463990 secs] [Times: user=0.37 sys=0.00, real=0.05 secs] 
20373.781: [GC 20373.781: [ParNew: 2322765K->70478K(2534400K), 0.0460870 secs] 6402507K->4151976K(10982400K), 0.0466470 secs] [Times: user=0.37 sys=0.00, real=0.05 secs] 
20376.947: [GC 20376.948: [ParNew: 2323278K->71768K(2534400K), 0.0441670 secs] 6404776K->4153928K(10982400K), 0.0448460 secs] [Times: user=0.40 sys=0.00, real=0.04 secs] 
20379.928: [GC 20379.928: [ParNew: 2324568K->66153K(2534400K), 0.0538120 secs] 6406728K->4150094K(10982400K), 0.0544660 secs] [Times: user=0.39 sys=0.00, real=0.05 secs] 
20384.966: [GC 20384.967: [ParNew: 2318953K->73825K(2534400K), 0.0543040 secs] 6402894K->4160577K(10982400K), 0.0548780 secs] [Times: user=0.38 sys=0.00, real=0.06 secs] 
20388.946: [GC 20388.947: [ParNew: 2326625K->64465K(2534400K), 0.0454600 secs] 6413377K->4152881K(10982400K), 0.0461050 secs] [Times: user=0.33 sys=0.00, real=0.05 secs] 
20391.358: [GC 20391.358: [ParNew: 2317265K->55971K(2534400K), 0.0458400 secs] 6405681K->4145693K(10982400K), 0.0465100 secs] [Times: user=0.22 sys=0.00, real=0.04 secs] 
20394.089: [GC 20394.089: [ParNew: 2308771K->35175K(2534400K), 0.0521950 secs] 6398493K->4125880K(10982400K), 0.0528390 secs] [Times: user=0.33 sys=0.00, real=0.05 secs] 
20395.843: [GC 20395.843: [ParNew: 2287975K->67984K(2534400K), 0.0413380 secs] 6378680K->4160039K(10982400K), 0.0419660 secs] [Times: user=0.44 sys=0.00, real=0.04 secs] 
20398.497: [GC 20398.497: [ParNew: 2320784K->73179K(2534400K), 0.0510320 secs] 6412839K->4167017K(10982400K), 0.0516840 secs] [Times: user=0.36 sys=0.00, real=0.06 secs] 
20401.894: [GC 20401.894: [ParNew: 2325979K->62710K(2534400K), 0.0429330 secs] 6419817K->4157240K(10982400K), 0.0435680 secs] [Times: user=0.35 sys=0.00, real=0.04 secs] 
20405.573: [GC 20405.574: [ParNew: 2315510K->79406K(2534400K), 0.0470890 secs] 6410040K->4175128K(10982400K), 0.0476680 secs] [Times: user=0.41 sys=0.00, real=0.05 secs] 
20409.381: [GC 20409.381: [ParNew: 2332206K->54381K(2534400K), 0.0403860 secs] 6427928K->4154900K(10982400K), 0.0409510 secs] [Times: user=0.25 sys=0.00, real=0.04 secs] 
20412.478: [GC 20412.479: [ParNew: 2307181K->40414K(2534400K), 0.0320720 secs] 6407700K->4141501K(10982400K), 0.0326460 secs] [Times: user=0.25 sys=0.00, real=0.04 secs] 
20415.360: [GC 20415.360: [ParNew: 2293214K->45624K(2534400K), 0.0366750 secs] 6394301K->4148228K(10982400K), 0.0373310 secs] [Times: user=0.24 sys=0.00, real=0.04 secs] 
20418.825: [GC 20418.825: [ParNew: 2298424K->37617K(2534400K), 0.0406470 secs] 6401028K->4140901K(10982400K), 0.0412890 secs] [Times: user=0.26 sys=0.01, real=0.04 secs] 
20423.454: [GC 20423.454: [ParNew: 2290417K->71978K(2534400K), 0.0620980 secs] 6393701K->4181410K(10982400K), 0.0627540 secs] [Times: user=0.56 sys=0.00, real=0.06 secs] 
20427.902: [GC 20427.902: [ParNew: 2324778K->68255K(2534400K), 0.0521620 secs] 6434210K->4179041K(10982400K), 0.0528130 secs] [Times: user=0.42 sys=0.00, real=0.06 secs] 
20431.972: [GC 20431.972: [ParNew: 2321055K->74281K(2534400K), 0.0552320 secs] 6431841K->4186551K(10982400K), 0.0558820 secs] [Times: user=0.46 sys=0.00, real=0.06 secs] 
20436.306: [GC 20436.306: [ParNew: 2327081K->55107K(2534400K), 0.0445540 secs] 6439351K->4168954K(10982400K), 0.0452520 secs] [Times: user=0.19 sys=0.00, real=0.04 secs] 
20440.066: [GC 20440.066: [ParNew: 2307907K->48710K(2534400K), 0.0427590 secs] 6421754K->4164080K(10982400K), 0.0433430 secs] [Times: user=0.31 sys=0.00, real=0.04 secs] 
20442.184: [GC 20442.184: [ParNew: 2301481K->33832K(2534400K), 0.0293800 secs] 6416851K->4150875K(10982400K), 0.0300320 secs] [Times: user=0.22 sys=0.00, real=0.03 secs] 
20445.335: [GC 20445.335: [ParNew: 2286632K->28101K(2534400K), 0.0363390 secs] 6403675K->4145918K(10982400K), 0.0370180 secs] [Times: user=0.21 sys=0.01, real=0.04 secs] 
20447.641: [GC 20447.642: [ParNew: 2280901K->39974K(2534400K), 0.0325510 secs] 6398718K->4158775K(10982400K), 0.0331980 secs] [Times: user=0.27 sys=0.00, real=0.03 secs] 
20450.744: [GC 20450.745: [ParNew: 2292774K->31603K(2534400K), 0.0367870 secs] 6411575K->4151589K(10982400K), 0.0374650 secs] [Times: user=0.22 sys=0.01, real=0.04 secs] 
20455.366: [GC 20455.366: [ParNew: 2284403K->32787K(2534400K), 0.0588510 secs] 6404389K->4153567K(10982400K), 0.0595160 secs] [Times: user=0.34 sys=0.00, real=0.06 secs] 
20459.840: [GC 20459.841: [ParNew: 2285587K->35122K(2534400K), 0.0611390 secs] 6406367K->4156409K(10982400K), 0.0617390 secs] [Times: user=0.41 sys=0.00, real=0.06 secs] 
20463.297: [GC 20463.297: [ParNew: 2287922K->53963K(2534400K), 0.0437290 secs] 6409209K->4175851K(10982400K), 0.0445010 secs] [Times: user=0.33 sys=0.01, real=0.05 secs] 
20465.862: [GC 20465.863: [ParNew: 2306763K->38728K(2534400K), 0.0337660 secs] 6428651K->4161273K(10982400K), 0.0343920 secs] [Times: user=0.22 sys=0.00, real=0.03 secs] 
20469.055: [GC 20469.056: [ParNew: 2291528K->47373K(2534400K), 0.0395190 secs] 6414073K->4171014K(10982400K), 0.0401370 secs] [Times: user=0.33 sys=0.01, real=0.04 secs] 
20474.038: [GC 20474.038: [ParNew: 2300173K->58499K(2534400K), 0.0497940 secs] 6423814K->4183999K(10982400K), 0.0504400 secs] [Times: user=0.32 sys=0.00, real=0.05 secs] 
20477.923: [GC 20477.923: [ParNew: 2311299K->65217K(2534400K), 0.0465610 secs] 6436799K->4192300K(10982400K), 0.0471600 secs] [Times: user=0.37 sys=0.00, real=0.04 secs] 
20482.271: [GC 20482.271: [ParNew: 2318017K->52306K(2534400K), 0.0452760 secs] 6445100K->4181711K(10982400K), 0.0459230 secs] [Times: user=0.32 sys=0.01, real=0.05 secs] 
20486.918: [GC 20486.919: [ParNew: 2305106K->94111K(2534400K), 0.0580380 secs] 6434511K->4225328K(10982400K), 0.0586960 secs] [Times: user=0.57 sys=0.00, real=0.06 secs] 
20490.900: [GC 20490.901: [ParNew: 2346911K->70462K(2534400K), 0.0465040 secs] 6478128K->4202721K(10982400K), 0.0471180 secs] [Times: user=0.34 sys=0.00, real=0.05 secs] 
20493.287: [GC 20493.287: [ParNew: 2323262K->115279K(2534400K), 0.0540980 secs] 6455521K->4248567K(10982400K), 0.0547460 secs] [Times: user=0.67 sys=0.00, real=0.05 secs] 
20496.419: [GC 20496.419: [ParNew: 2368079K->85516K(2534400K), 0.0457700 secs] 6501367K->4220177K(10982400K), 0.0463380 secs] [Times: user=0.35 sys=0.00, real=0.05 secs] 
20499.007: [GC 20499.008: [ParNew: 2338316K->72152K(2534400K), 0.0365550 secs] 6472977K->4207964K(10982400K), 0.0371160 secs] [Times: user=0.37 sys=0.00, real=0.04 secs] 
20503.130: [GC 20503.130: [ParNew: 2324952K->54050K(2534400K), 0.0455570 secs] 6460764K->4191220K(10982400K), 0.0460520 secs] [Times: user=0.31 sys=0.00, real=0.05 secs] 
20507.083: [GC 20507.083: [ParNew: 2306850K->104186K(2534400K), 0.0932010 secs] 6444020K->4245418K(10982400K), 0.0937440 secs] [Times: user=0.35 sys=0.00, real=0.10 secs] 
20510.665: [GC 20510.665: [ParNew: 2356986K->48203K(2534400K), 0.0513890 secs] 6498218K->4190581K(10982400K), 0.0519230 secs] [Times: user=0.29 sys=0.01, real=0.06 secs] 
20512.892: [GC 20512.892: [ParNew: 2301003K->61784K(2534400K), 0.0585600 secs] 6443381K->4205529K(10982400K), 0.0590320 secs] [Times: user=0.22 sys=0.00, real=0.06 secs] 
20515.420: [GC 20515.420: [ParNew: 2314584K->69454K(2534400K), 0.0761200 secs] 6458329K->4216192K(10982400K), 0.0766390 secs] [Times: user=0.29 sys=0.00, real=0.08 secs] 
20518.019: [GC 20518.020: [ParNew: 2322254K->93072K(2534400K), 0.0888300 secs] 6468992K->4241206K(10982400K), 0.0893560 secs] [Times: user=0.32 sys=0.00, real=0.09 secs] 
20521.925: [GC 20521.925: [ParNew: 2345872K->33515K(2534400K), 0.0415930 secs] 6494006K->4182747K(10982400K), 0.0421120 secs] [Times: user=0.26 sys=0.01, real=0.04 secs] 
20524.928: [GC 20524.929: [ParNew: 2286315K->31235K(2534400K), 0.0384460 secs] 6435547K->4180928K(10982400K), 0.0389370 secs] [Times: user=0.25 sys=0.00, real=0.03 secs] 
20528.979: [GC 20528.979: [ParNew: 2284035K->31692K(2534400K), 0.0379320 secs] 6433728K->4182111K(10982400K), 0.0384250 secs] [Times: user=0.22 sys=0.00, real=0.03 secs] 
20531.732: [GC 20531.733: [ParNew: 2284492K->56519K(2534400K), 0.0381150 secs] 6434911K->4208125K(10982400K), 0.0386390 secs] [Times: user=0.36 sys=0.00, real=0.04 secs] 
20535.907: [GC 20535.908: [ParNew: 2309319K->49855K(2534400K), 0.0415100 secs] 6460925K->4202588K(10982400K), 0.0420260 secs] [Times: user=0.26 sys=0.00, real=0.05 secs] 
20539.394: [GC 20539.395: [ParNew: 2302655K->90519K(2534400K), 0.0442640 secs] 6455388K->4244898K(10982400K), 0.0447420 secs] [Times: user=0.43 sys=0.00, real=0.04 secs] 
20544.330: [GC 20544.330: [ParNew: 2343319K->69974K(2534400K), 0.0474550 secs] 6497698K->4225335K(10982400K), 0.0479370 secs] [Times: user=0.28 sys=0.00, real=0.05 secs] 
20548.266: [GC 20548.266: [ParNew: 2322774K->36099K(2534400K), 0.0394680 secs] 6478135K->4192468K(10982400K), 0.0399820 secs] [Times: user=0.26 sys=0.00, real=0.04 secs] 
20552.307: [GC 20552.307: [ParNew: 2288899K->58205K(2534400K), 0.0484070 secs] 6445268K->4215612K(10982400K), 0.0489250 secs] [Times: user=0.46 sys=0.00, real=0.05 secs] 
20555.605: [GC 20555.605: [ParNew: 2311005K->46611K(2534400K), 0.0369960 secs] 6468412K->4205121K(10982400K), 0.0375610 secs] [Times: user=0.23 sys=0.00, real=0.04 secs] 
20559.087: [GC 20559.087: [ParNew: 2299411K->79691K(2534400K), 0.0595000 secs] 6457921K->4239016K(10982400K), 0.0601490 secs] [Times: user=0.38 sys=0.00, real=0.06 secs] 
20561.967: [GC 20561.968: [ParNew: 2332491K->101258K(2534400K), 0.0884560 secs] 6491816K->4263018K(10982400K), 0.0890510 secs] [Times: user=0.31 sys=0.00, real=0.09 secs] 
20564.180: [GC 20564.180: [ParNew: 2354058K->106739K(2534400K), 0.0688310 secs] 6515818K->4271915K(10982400K), 0.0694030 secs] [Times: user=0.55 sys=0.00, real=0.07 secs] 
20566.862: [GC 20566.862: [ParNew: 2359539K->146467K(2534400K), 0.1110720 secs] 6524715K->4313461K(10982400K), 0.1117270 secs] [Times: user=0.47 sys=0.00, real=0.11 secs] 
20568.378: [GC 20568.378: [ParNew: 2399267K->54890K(2534400K), 0.0494830 secs] 6566261K->4224006K(10982400K), 0.0500420 secs] [Times: user=0.22 sys=0.00, real=0.05 secs] 
20573.431: [GC 20573.432: [ParNew: 2307690K->38570K(2534400K), 0.0499840 secs] 6476806K->4208419K(10982400K), 0.0505700 secs] [Times: user=0.28 sys=0.00, real=0.05 secs] 
20575.767: [GC 20575.767: [ParNew: 2291370K->28305K(2534400K), 0.0296890 secs] 6461219K->4198776K(10982400K), 0.0302590 secs] [Times: user=0.21 sys=0.01, real=0.03 secs] 
20577.565: [GC 20577.565: [ParNew: 2281105K->76585K(2534400K), 0.0403600 secs] 6451576K->4248097K(10982400K), 0.0409200 secs] [Times: user=0.46 sys=0.00, real=0.05 secs] 
20579.286: [GC 20579.286: [ParNew: 2329385K->59249K(2534400K), 0.0339310 secs] 6500897K->4231798K(10982400K), 0.0345720 secs] [Times: user=0.21 sys=0.00, real=0.03 secs] 
20581.655: [GC 20581.656: [ParNew: 2312049K->26285K(2534400K), 0.0335600 secs] 6484598K->4200499K(10982400K), 0.0342440 secs] [Times: user=0.22 sys=0.00, real=0.04 secs] 
20583.722: [GC 20583.722: [ParNew: 2279085K->31587K(2534400K), 0.0321720 secs] 6453299K->4206723K(10982400K), 0.0328320 secs] [Times: user=0.27 sys=0.01, real=0.03 secs] 
20586.910: [GC 20586.911: [ParNew: 2284387K->30149K(2534400K), 0.0485710 secs] 6459523K->4206384K(10982400K), 0.0492210 secs] [Times: user=0.35 sys=0.00, real=0.05 secs] 
20590.905: [GC 20590.905: [ParNew: 2282949K->31020K(2534400K), 0.0417630 secs] 6459184K->4208025K(10982400K), 0.0423310 secs] [Times: user=0.18 sys=0.00, real=0.04 secs] 
20593.296: [GC 20593.296: [ParNew: 2283820K->22766K(2534400K), 0.0345180 secs] 6460825K->4200582K(10982400K), 0.0351470 secs] [Times: user=0.24 sys=0.00, real=0.04 secs] 
20597.570: [GC 20597.571: [ParNew: 2275566K->32141K(2534400K), 0.0426630 secs] 6453382K->4210301K(10982400K), 0.0432410 secs] [Times: user=0.26 sys=0.00, real=0.04 secs] 
20601.414: [GC 20601.415: [ParNew: 2284941K->79762K(2534400K), 0.0554440 secs] 6463101K->4259086K(10982400K), 0.0560300 secs] [Times: user=0.57 sys=0.01, real=0.06 secs] 
20606.004: [GC 20606.005: [ParNew: 2332562K->63370K(2534400K), 0.0455220 secs] 6511886K->4243778K(10982400K), 0.0461930 secs] [Times: user=0.33 sys=0.00, real=0.05 secs] 
20609.564: [GC 20609.565: [ParNew: 2316170K->47156K(2534400K), 0.0395870 secs] 6496578K->4229690K(10982400K), 0.0402750 secs] [Times: user=0.21 sys=0.00, real=0.04 secs] 
20613.222: [GC 20613.222: [ParNew: 2299956K->36536K(2534400K), 0.0418910 secs] 6482490K->4220307K(10982400K), 0.0425460 secs] [Times: user=0.28 sys=0.00, real=0.04 secs] 
20615.473: [GC 20615.474: [ParNew: 2289336K->36813K(2534400K), 0.0319370 secs] 6473107K->4221912K(10982400K), 0.0325190 secs] [Times: user=0.27 sys=0.00, real=0.03 secs] 
20617.396: [GC 20617.396: [ParNew: 2289613K->48568K(2534400K), 0.0306650 secs] 6474712K->4235326K(10982400K), 0.0312370 secs] [Times: user=0.29 sys=0.01, real=0.03 secs] 
20620.334: [GC 20620.334: [ParNew: 2301368K->45283K(2534400K), 0.0366140 secs] 6488126K->4233053K(10982400K), 0.0372630 secs] [Times: user=0.25 sys=0.00, real=0.03 secs] 
20622.375: [GC 20622.375: [ParNew: 2298083K->38543K(2534400K), 0.0394080 secs] 6485853K->4232895K(10982400K), 0.0400580 secs] [Times: user=0.29 sys=0.00, real=0.04 secs] 
20624.825: [GC 20624.826: [ParNew: 2291343K->39045K(2534400K), 0.0324720 secs] 6485695K->4235113K(10982400K), 0.0331280 secs] [Times: user=0.24 sys=0.00, real=0.03 secs] 
20627.191: [GC 20627.191: [ParNew: 2291845K->58926K(2534400K), 0.0382080 secs] 6487913K->4256283K(10982400K), 0.0387780 secs] [Times: user=0.39 sys=0.01, real=0.04 secs] 
20630.725: [GC 20630.725: [ParNew: 2311726K->45341K(2534400K), 0.0380490 secs] 6509083K->4244237K(10982400K), 0.0386530 secs] [Times: user=0.22 sys=0.00, real=0.04 secs] 
20634.822: [GC 20634.822: [ParNew: 2298141K->29791K(2534400K), 0.0424080 secs] 6497037K->4229677K(10982400K), 0.0430670 secs] [Times: user=0.23 sys=0.00, real=0.05 secs] 
20638.036: [GC 20638.036: [ParNew: 2282591K->28933K(2534400K), 0.0431040 secs] 6482477K->4230327K(10982400K), 0.0436930 secs] [Times: user=0.26 sys=0.01, real=0.04 secs] 
20641.459: [GC 20641.460: [ParNew: 2281733K->41634K(2534400K), 0.0382960 secs] 6483127K->4244054K(10982400K), 0.0389030 secs] [Times: user=0.29 sys=0.00, real=0.04 secs] 
20645.533: [GC 20645.533: [ParNew: 2294434K->41130K(2534400K), 0.0395570 secs] 6496854K->4245914K(10982400K), 0.0401520 secs] [Times: user=0.28 sys=0.00, real=0.04 secs] 
20647.550: [GC 20647.550: [ParNew: 2293930K->59786K(2534400K), 0.0378910 secs] 6498714K->4266610K(10982400K), 0.0383730 secs] [Times: user=0.38 sys=0.01, real=0.04 secs] 
20651.957: [GC 20651.957: [ParNew: 2312586K->48734K(2534400K), 0.0473920 secs] 6519410K->4256819K(10982400K), 0.0478870 secs] [Times: user=0.30 sys=0.00, real=0.04 secs] 
20657.454: [GC 20657.454: [ParNew: 2301534K->45337K(2534400K), 0.0455570 secs] 6509619K->4254832K(10982400K), 0.0460930 secs] [Times: user=0.26 sys=0.00, real=0.05 secs] 
20661.058: [GC 20661.058: [ParNew: 2298137K->66592K(2534400K), 0.0449540 secs] 6507632K->4277151K(10982400K), 0.0454740 secs] [Times: user=0.42 sys=0.01, real=0.05 secs] 
20663.541: [GC 20663.542: [ParNew: 2319392K->67203K(2534400K), 0.0396400 secs] 6529951K->4279658K(10982400K), 0.0401630 secs] [Times: user=0.32 sys=0.00, real=0.04 secs] 
20667.855: [GC 20667.855: [ParNew: 2320003K->53507K(2534400K), 0.0385950 secs] 6532458K->4266854K(10982400K), 0.0391290 secs] [Times: user=0.23 sys=0.00, real=0.04 secs] 
20673.418: [GC 20673.418: [ParNew: 2306307K->42531K(2534400K), 0.0619590 secs] 6519654K->4267582K(10982400K), 0.0624850 secs] [Times: user=0.31 sys=0.01, real=0.07 secs] 
20676.228: [GC 20676.228: [ParNew: 2295331K->60777K(2534400K), 0.0395410 secs] 6520382K->4289550K(10982400K), 0.0400480 secs] [Times: user=0.40 sys=0.00, real=0.04 secs] 
20680.661: [GC 20680.661: [ParNew: 2313577K->48479K(2534400K), 0.0448060 secs] 6542350K->4278347K(10982400K), 0.0453290 secs] [Times: user=0.27 sys=0.01, real=0.05 secs] 
20683.688: [GC 20683.688: [ParNew: 2301279K->75767K(2534400K), 0.0481420 secs] 6531147K->4307992K(10982400K), 0.0486580 secs] [Times: user=0.50 sys=0.00, real=0.05 secs] 
20688.238: [GC 20688.238: [ParNew: 2328585K->61370K(2534400K), 0.0481430 secs] 6560810K->4295581K(10982400K), 0.0486760 secs] [Times: user=0.29 sys=0.00, real=0.05 secs] 
20692.118: [GC 20692.118: [ParNew: 2314170K->42637K(2534400K), 0.0402600 secs] 6548381K->4277626K(10982400K), 0.0407860 secs] [Times: user=0.25 sys=0.00, real=0.04 secs] 
20696.015: [GC 20696.015: [ParNew: 2295437K->69082K(2534400K), 0.0483650 secs] 6530426K->4304808K(10982400K), 0.0488890 secs] [Times: user=0.46 sys=0.00, real=0.05 secs] 
20698.692: [GC 20698.692: [ParNew: 2321882K->61728K(2534400K), 0.0468390 secs] 6557608K->4298065K(10982400K), 0.0473540 secs] [Times: user=0.26 sys=0.00, real=0.05 secs] 
20701.075: [GC 20701.075: [ParNew: 2314528K->38936K(2534400K), 0.0319900 secs] 6550865K->4277903K(10982400K), 0.0325140 secs] [Times: user=0.24 sys=0.01, real=0.04 secs] 
20705.392: [GC 20705.392: [ParNew: 2291736K->31433K(2534400K), 0.0416700 secs] 6530703K->4271851K(10982400K), 0.0422830 secs] [Times: user=0.27 sys=0.00, real=0.04 secs] 
20708.792: [GC 20708.792: [ParNew: 2284697K->28685K(2534400K), 0.0383280 secs] 6525115K->4270902K(10982400K), 0.0388480 secs] [Times: user=0.28 sys=0.01, real=0.04 secs] 
20708.832: [GC 20708.832: [ParNew: 30075K->30288K(2534400K), 0.0116870 secs] 4272292K->4274302K(10982400K), 0.0120260 secs] [Times: user=0.20 sys=0.00, real=0.01 secs] 
20711.123: [GC 20711.123: [ParNew: 2283088K->41982K(2534400K), 0.0318920 secs] 6527102K->4287810K(10982400K), 0.0324160 secs] [Times: user=0.29 sys=0.01, real=0.03 secs] 
20713.735: [GC 20713.735: [ParNew: 2294782K->43975K(2534400K), 0.0323670 secs] 6540610K->4292075K(10982400K), 0.0328680 secs] [Times: user=0.28 sys=0.01, real=0.04 secs] 
20715.912: [GC 20715.912: [ParNew: 2296775K->41414K(2534400K), 0.0319040 secs] 6544875K->4290604K(10982400K), 0.0324210 secs] [Times: user=0.26 sys=0.00, real=0.03 secs] 
20719.104: [GC 20719.104: [ParNew: 2294211K->38100K(2534400K), 0.0375560 secs] 6543402K->4287291K(10982400K), 0.0380700 secs] [Times: user=0.27 sys=0.00, real=0.04 secs] 
20722.047: [GC 20722.048: [ParNew: 2290900K->61101K(2534400K), 0.0379880 secs] 6540091K->4311655K(10982400K), 0.0385080 secs] [Times: user=0.36 sys=0.00, real=0.04 secs] 
20725.387: [GC 20725.387: [ParNew: 2313901K->74128K(2534400K), 0.0461170 secs] 6564455K->4334502K(10982400K), 0.0466260 secs] [Times: user=0.42 sys=0.01, real=0.05 secs] 
20728.336: [GC 20728.336: [ParNew: 2326928K->75927K(2534400K), 0.0452340 secs] 6587302K->4337586K(10982400K), 0.0457110 secs] [Times: user=0.40 sys=0.00, real=0.05 secs] 
20733.265: [GC 20733.265: [ParNew: 2328727K->57297K(2534400K), 0.0498560 secs] 6590386K->4320165K(10982400K), 0.0505060 secs] [Times: user=0.31 sys=0.00, real=0.05 secs] 
20737.450: [GC 20737.451: [ParNew: 2310097K->69945K(2534400K), 0.0480360 secs] 6572965K->4333608K(10982400K), 0.0487070 secs] [Times: user=0.36 sys=0.00, real=0.04 secs] 
20739.641: [GC 20739.641: [ParNew: 2322745K->90160K(2534400K), 0.0434180 secs] 6586408K->4355796K(10982400K), 0.0440670 secs] [Times: user=0.47 sys=0.00, real=0.04 secs] 
20744.658: [GC 20744.658: [ParNew: 2342960K->67084K(2534400K), 0.0471870 secs] 6608596K->4333703K(10982400K), 0.0478450 secs] [Times: user=0.24 sys=0.00, real=0.05 secs] 
20747.591: [GC 20747.591: [ParNew: 2319884K->37507K(2534400K), 0.0341460 secs] 6586503K->4308570K(10982400K), 0.0347180 secs] [Times: user=0.27 sys=0.00, real=0.04 secs] 
20750.137: [GC 20750.138: [ParNew: 2290307K->86293K(2534400K), 0.0451020 secs] 6561370K->4358482K(10982400K), 0.0457540 secs] [Times: user=0.51 sys=0.00, real=0.05 secs] 
20753.296: [GC 20753.296: [ParNew: 2339093K->68335K(2534400K), 0.0440800 secs] 6611282K->4341999K(10982400K), 0.0446520 secs] [Times: user=0.32 sys=0.00, real=0.04 secs] 
20756.638: [GC 20756.639: [ParNew: 2321135K->35965K(2534400K), 0.0448700 secs] 6594799K->4312494K(10982400K), 0.0455170 secs] [Times: user=0.27 sys=0.00, real=0.05 secs] 
20759.128: [GC 20759.128: [ParNew: 2288765K->29310K(2534400K), 0.0463510 secs] 6565294K->4307867K(10982400K), 0.0470010 secs] [Times: user=0.27 sys=0.00, real=0.05 secs] 
20763.281: [GC 20763.282: [ParNew: 2282079K->29098K(2534400K), 0.0491190 secs] 6560637K->4308698K(10982400K), 0.0497850 secs] [Times: user=0.30 sys=0.00, real=0.05 secs] 
20765.900: [GC 20765.900: [ParNew: 2281898K->30156K(2534400K), 0.0353760 secs] 6561498K->4310638K(10982400K), 0.0360110 secs] [Times: user=0.22 sys=0.01, real=0.04 secs] 
20768.844: [GC 20768.844: [ParNew: 2282956K->94026K(2534400K), 0.0492010 secs] 6563438K->4375669K(10982400K), 0.0498520 secs] [Times: user=0.55 sys=0.00, real=0.05 secs] 
20772.175: [GC 20772.175: [ParNew: 2346826K->74183K(2534400K), 0.0429330 secs] 6628469K->4360054K(10982400K), 0.0435060 secs] [Times: user=0.24 sys=0.00, real=0.05 secs] 
20775.196: [GC 20775.196: [ParNew: 2326983K->69437K(2534400K), 0.0478620 secs] 6612854K->4356810K(10982400K), 0.0484310 secs] [Times: user=0.45 sys=0.00, real=0.04 secs] 
20779.803: [GC 20779.804: [ParNew: 2322237K->54542K(2534400K), 0.0573500 secs] 6609610K->4344919K(10982400K), 0.0581520 secs] [Times: user=0.41 sys=0.01, real=0.06 secs] 
20782.005: [GC 20782.005: [ParNew: 2307342K->128790K(2534400K), 0.0932760 secs] 6597719K->4420172K(10982400K), 0.0938530 secs] [Times: user=0.46 sys=0.00, real=0.10 secs] 
20784.038: [GC 20784.039: [ParNew: 2381590K->82643K(2534400K), 0.0489610 secs] 6672972K->4376203K(10982400K), 0.0495280 secs] [Times: user=0.40 sys=0.00, real=0.05 secs] 
20786.393: [GC 20786.394: [ParNew: 2335443K->77664K(2534400K), 0.0615520 secs] 6629003K->4376464K(10982400K), 0.0622380 secs] [Times: user=0.25 sys=0.00, real=0.06 secs] 
20789.905: [GC 20789.906: [ParNew: 2330464K->51946K(2534400K), 0.0572380 secs] 6629264K->4352623K(10982400K), 0.0579000 secs] [Times: user=0.28 sys=0.00, real=0.06 secs] 
20794.895: [GC 20794.895: [ParNew: 2304746K->33314K(2534400K), 0.0467510 secs] 6605423K->4334729K(10982400K), 0.0473340 secs] [Times: user=0.27 sys=0.00, real=0.05 secs] 
20798.865: [GC 20798.865: [ParNew: 2286114K->67520K(2534400K), 0.0474280 secs] 6587529K->4369947K(10982400K), 0.0481410 secs] [Times: user=0.43 sys=0.00, real=0.05 secs] 
20802.185: [GC 20802.185: [ParNew: 2320320K->71586K(2534400K), 0.0519820 secs] 6622747K->4374812K(10982400K), 0.0526280 secs] [Times: user=0.41 sys=0.01, real=0.05 secs] 
20804.565: [GC 20804.566: [ParNew: 2324386K->63538K(2534400K), 0.0432460 secs] 6627612K->4368189K(10982400K), 0.0438830 secs] [Times: user=0.30 sys=0.00, real=0.04 secs] 
20809.128: [GC 20809.128: [ParNew: 2316338K->47378K(2534400K), 0.0462140 secs] 6620989K->4354011K(10982400K), 0.0468050 secs] [Times: user=0.26 sys=0.00, real=0.05 secs] 
20813.419: [GC 20813.419: [ParNew: 2300178K->59539K(2534400K), 0.0481200 secs] 6606811K->4367337K(10982400K), 0.0487110 secs] [Times: user=0.34 sys=0.00, real=0.05 secs] 
20817.052: [GC 20817.052: [ParNew: 2312339K->51357K(2534400K), 0.0438180 secs] 6620137K->4362548K(10982400K), 0.0443120 secs] [Times: user=0.23 sys=0.01, real=0.04 secs] 
20822.175: [GC 20822.176: [ParNew: 2304157K->40112K(2534400K), 0.0540830 secs] 6615348K->4352505K(10982400K), 0.0546020 secs] [Times: user=0.31 sys=0.00, real=0.05 secs] 
20824.328: [GC 20824.328: [ParNew: 2292912K->80728K(2534400K), 0.0655370 secs] 6605305K->4394356K(10982400K), 0.0660150 secs] [Times: user=0.33 sys=0.00, real=0.07 secs] 
20827.268: [GC 20827.268: [ParNew: 2333525K->102328K(2534400K), 0.0923030 secs] 6647153K->4418247K(10982400K), 0.0927860 secs] [Times: user=0.32 sys=0.01, real=0.09 secs] 
20829.674: [GC 20829.674: [ParNew: 2355119K->31384K(2534400K), 0.0272450 secs] 6671038K->4348374K(10982400K), 0.0277230 secs] [Times: user=0.23 sys=0.01, real=0.02 secs] 
20832.615: [GC 20832.615: [ParNew: 2284184K->34990K(2534400K), 0.0355410 secs] 6601174K->4354320K(10982400K), 0.0360560 secs] [Times: user=0.27 sys=0.00, real=0.03 secs] 
20837.179: [GC 20837.179: [ParNew: 2287790K->36240K(2534400K), 0.0481180 secs] 6607120K->4356597K(10982400K), 0.0486300 secs] [Times: user=0.31 sys=0.00, real=0.05 secs] 
20840.375: [GC 20840.375: [ParNew: 2289040K->65741K(2534400K), 0.0409940 secs] 6609397K->4387435K(10982400K), 0.0415230 secs] [Times: user=0.41 sys=0.00, real=0.05 secs] 
20842.843: [GC 20842.844: [ParNew: 2318538K->48580K(2534400K), 0.0414470 secs] 6640232K->4378485K(10982400K), 0.0420930 secs] [Times: user=0.28 sys=0.00, real=0.04 secs] 
20844.291: [GC 20844.291: [ParNew: 2301380K->53911K(2534400K), 0.0308950 secs] 6631285K->4385493K(10982400K), 0.0315250 secs] [Times: user=0.35 sys=0.00, real=0.03 secs] 
20846.377: [GC 20846.378: [ParNew: 2306711K->44440K(2534400K), 0.0316100 secs] 6638293K->4377535K(10982400K), 0.0322590 secs] [Times: user=0.23 sys=0.00, real=0.03 secs] 
20848.545: [GC 20848.546: [ParNew: 2297240K->32977K(2534400K), 0.0346490 secs] 6630335K->4369390K(10982400K), 0.0352840 secs] [Times: user=0.28 sys=0.00, real=0.04 secs] 
20850.455: [GC 20850.455: [ParNew: 2285777K->84865K(2534400K), 0.0383500 secs] 6622190K->4422101K(10982400K), 0.0389310 secs] [Times: user=0.52 sys=0.00, real=0.04 secs] 
20851.945: [GC 20851.945: [ParNew: 2337665K->69968K(2534400K), 0.0349030 secs] 6674901K->4412379K(10982400K), 0.0354620 secs] [Times: user=0.39 sys=0.00, real=0.04 secs] 
20855.445: [GC 20855.445: [ParNew: 2322768K->52262K(2534400K), 0.0381980 secs] 6665179K->4397087K(10982400K), 0.0387710 secs] [Times: user=0.25 sys=0.00, real=0.04 secs] 
20859.518: [GC 20859.518: [ParNew: 2305062K->51311K(2534400K), 0.0445840 secs] 6649887K->4396767K(10982400K), 0.0451630 secs] [Times: user=0.33 sys=0.00, real=0.05 secs] 
20863.076: [GC 20863.076: [ParNew: 2304111K->38208K(2534400K), 0.0403530 secs] 6649567K->4384650K(10982400K), 0.0409350 secs] [Times: user=0.26 sys=0.00, real=0.04 secs] 
20867.687: [GC 20867.688: [ParNew: 2291008K->36076K(2534400K), 0.0460390 secs] 6637450K->4382973K(10982400K), 0.0466990 secs] [Times: user=0.28 sys=0.00, real=0.05 secs] 
20869.753: [GC 20869.753: [ParNew: 2288876K->48898K(2534400K), 0.0358010 secs] 6635773K->4396506K(10982400K), 0.0364580 secs] [Times: user=0.29 sys=0.01, real=0.03 secs] 
20873.840: [GC 20873.840: [ParNew: 2301613K->43056K(2534400K), 0.0445190 secs] 6649221K->4391767K(10982400K), 0.0451990 secs] [Times: user=0.30 sys=0.01, real=0.05 secs] 
20875.673: [GC 20875.673: [ParNew: 2295856K->57196K(2534400K), 0.0331630 secs] 6644567K->4407746K(10982400K), 0.0338140 secs] [Times: user=0.32 sys=0.01, real=0.03 secs] 
20878.925: [GC 20878.925: [ParNew: 2309986K->62635K(2534400K), 0.0638520 secs] 6660537K->4415187K(10982400K), 0.0644390 secs] [Times: user=0.30 sys=0.00, real=0.06 secs] 
20880.892: [GC 20880.892: [ParNew: 2315435K->59093K(2534400K), 0.0405070 secs] 6667987K->4412529K(10982400K), 0.0410830 secs] [Times: user=0.40 sys=0.01, real=0.04 secs] 
20883.347: [GC 20883.348: [ParNew: 2311893K->75575K(2534400K), 0.0469140 secs] 6665329K->4430649K(10982400K), 0.0475690 secs] [Times: user=0.42 sys=0.00, real=0.05 secs] 
20886.483: [GC 20886.483: [ParNew: 2328375K->74904K(2534400K), 0.0650240 secs] 6683449K->4431138K(10982400K), 0.0656860 secs] [Times: user=0.30 sys=0.01, real=0.06 secs] 
20889.336: [GC 20889.336: [ParNew: 2327704K->89673K(2534400K), 0.0732230 secs] 6683938K->4447440K(10982400K), 0.0738840 secs] [Times: user=0.43 sys=0.00, real=0.07 secs] 
20890.690: [GC 20890.691: [ParNew: 2342473K->100255K(2534400K), 0.0536500 secs] 6700240K->4459034K(10982400K), 0.0543230 secs] [Times: user=0.51 sys=0.00, real=0.06 secs] 
20893.070: [GC 20893.070: [ParNew: 2353055K->88881K(2534400K), 0.0615490 secs] 6711834K->4449044K(10982400K), 0.0622010 secs] [Times: user=0.29 sys=0.00, real=0.06 secs] 
20896.308: [GC 20896.309: [ParNew: 2341681K->29272K(2534400K), 0.0374750 secs] 6701844K->4391158K(10982400K), 0.0380560 secs] [Times: user=0.28 sys=0.00, real=0.04 secs] 
20899.283: [GC 20899.283: [ParNew: 2282072K->55845K(2534400K), 0.0442600 secs] 6643958K->4419165K(10982400K), 0.0449060 secs] [Times: user=0.34 sys=0.00, real=0.05 secs] 
20901.828: [GC 20901.828: [ParNew: 2308645K->87906K(2534400K), 0.0403840 secs] 6671965K->4452039K(10982400K), 0.0410230 secs] [Times: user=0.42 sys=0.01, real=0.04 secs] 
20903.168: [GC 20903.169: [ParNew: 2340706K->119436K(2534400K), 0.0360580 secs] 6704839K->4484299K(10982400K), 0.0366960 secs] [Times: user=0.52 sys=0.00, real=0.03 secs] 
20905.519: [GC 20905.519: [ParNew: 2372229K->107515K(2534400K), 0.0409000 secs] 6737092K->4476305K(10982400K), 0.0414690 secs] [Times: user=0.41 sys=0.00, real=0.04 secs] 
20907.528: [GC 20907.528: [ParNew: 2360315K->125979K(2534400K), 0.0466990 secs] 6729105K->4505603K(10982400K), 0.0472730 secs] [Times: user=0.52 sys=0.01, real=0.04 secs] 
20909.666: [GC 20909.666: [ParNew: 2378779K->85744K(2534400K), 0.0514840 secs] 6758403K->4484915K(10982400K), 0.0520670 secs] [Times: user=0.47 sys=0.01, real=0.06 secs] 
20912.168: [GC 20912.169: [ParNew: 2338544K->74225K(2534400K), 0.0480760 secs] 6737715K->4481539K(10982400K), 0.0487340 secs] [Times: user=0.49 sys=0.00, real=0.05 secs] 
20914.626: [GC 20914.626: [ParNew: 2327025K->72623K(2534400K), 0.0420250 secs] 6734339K->4485227K(10982400K), 0.0426160 secs] [Times: user=0.46 sys=0.00, real=0.05 secs] 
20917.034: [GC 20917.035: [ParNew: 2325423K->113758K(2534400K), 0.0575710 secs] 6738027K->4537781K(10982400K), 0.0582100 secs] [Times: user=0.74 sys=0.00, real=0.06 secs] 
20919.561: [GC 20919.561: [ParNew: 2366558K->87905K(2534400K), 0.0403860 secs] 6790581K->4514305K(10982400K), 0.0410320 secs] [Times: user=0.35 sys=0.00, real=0.04 secs] 
20922.717: [GC 20922.718: [ParNew: 2340705K->48199K(2534400K), 0.0553530 secs] 6767105K->4475768K(10982400K), 0.0560070 secs] [Times: user=0.33 sys=0.01, real=0.06 secs] 
20925.565: [GC 20925.565: [ParNew: 2300999K->85727K(2534400K), 0.0614140 secs] 6728568K->4515518K(10982400K), 0.0620750 secs] [Times: user=0.42 sys=0.00, real=0.06 secs] 
20927.858: [GC 20927.859: [ParNew: 2338527K->47667K(2534400K), 0.0314940 secs] 6768318K->4478684K(10982400K), 0.0321380 secs] [Times: user=0.20 sys=0.00, real=0.04 secs] 
20929.800: [GC 20929.800: [ParNew: 2300467K->64807K(2534400K), 0.0420390 secs] 6731484K->4501838K(10982400K), 0.0426910 secs] [Times: user=0.46 sys=0.00, real=0.04 secs] 
20931.014: [GC 20931.014: [ParNew: 2317607K->103490K(2534400K), 0.0649150 secs] 6754638K->4541260K(10982400K), 0.0654890 secs] [Times: user=0.38 sys=0.00, real=0.07 secs] 
20932.545: [GC 20932.546: [ParNew: 2356290K->121971K(2534400K), 0.0843600 secs] 6794060K->4561934K(10982400K), 0.0849940 secs] [Times: user=0.45 sys=0.01, real=0.09 secs] 
20934.804: [GC 20934.805: [ParNew: 2374771K->102807K(2534400K), 0.0471010 secs] 6814734K->4543854K(10982400K), 0.0477280 secs] [Times: user=0.50 sys=0.01, real=0.05 secs] 
20937.021: [GC 20937.021: [ParNew: 2355607K->81123K(2534400K), 0.0550950 secs] 6796654K->4523383K(10982400K), 0.0557490 secs] [Times: user=0.51 sys=0.00, real=0.05 secs] 
20938.713: [GC 20938.714: [ParNew: 2333923K->78758K(2534400K), 0.0451940 secs] 6776183K->4521695K(10982400K), 0.0458910 secs] [Times: user=0.43 sys=0.00, real=0.04 secs] 
20940.937: [GC 20940.937: [ParNew: 2331558K->89598K(2534400K), 0.0415110 secs] 6774495K->4533763K(10982400K), 0.0421700 secs] [Times: user=0.47 sys=0.00, real=0.04 secs] 
20943.435: [GC 20943.435: [ParNew: 2342398K->63968K(2534400K), 0.0339300 secs] 6786563K->4510309K(10982400K), 0.0344960 secs] [Times: user=0.21 sys=0.01, real=0.03 secs] 
20946.424: [GC 20946.424: [ParNew: 2316768K->50692K(2534400K), 0.0398560 secs] 6763109K->4497869K(10982400K), 0.0403360 secs] [Times: user=0.35 sys=0.01, real=0.04 secs] 
20949.761: [GC 20949.761: [ParNew: 2303492K->40980K(2534400K), 0.0358360 secs] 6750669K->4489016K(10982400K), 0.0363130 secs] [Times: user=0.23 sys=0.00, real=0.04 secs] 
20952.754: [GC 20952.754: [ParNew: 2293780K->63120K(2534400K), 0.0424200 secs] 6741816K->4512109K(10982400K), 0.0430660 secs] [Times: user=0.41 sys=0.00, real=0.04 secs] 
20955.015: [GC 20955.016: [ParNew: 2315920K->47040K(2534400K), 0.0335530 secs] 6764909K->4496720K(10982400K), 0.0341710 secs] [Times: user=0.26 sys=0.00, real=0.03 secs] 
20958.861: [GC 20958.861: [ParNew: 2299840K->51775K(2534400K), 0.0480520 secs] 6749520K->4505636K(10982400K), 0.0486340 secs] [Times: user=0.32 sys=0.00, real=0.05 secs] 
20961.627: [GC 20961.627: [ParNew: 2304575K->91128K(2534400K), 0.0707840 secs] 6758436K->4546150K(10982400K), 0.0714460 secs] [Times: user=0.34 sys=0.01, real=0.07 secs] 
20964.004: [GC 20964.004: [ParNew: 2343928K->71438K(2534400K), 0.0471010 secs] 6798950K->4532201K(10982400K), 0.0476730 secs] [Times: user=0.37 sys=0.00, real=0.05 secs] 
20967.404: [GC 20967.404: [ParNew: 2324238K->71561K(2534400K), 0.0616320 secs] 6785001K->4533680K(10982400K), 0.0622320 secs] [Times: user=0.31 sys=0.00, real=0.07 secs] 
20970.442: [GC 20970.443: [ParNew: 2324361K->130584K(2534400K), 0.0906060 secs] 6786480K->4594186K(10982400K), 0.0912520 secs] [Times: user=0.53 sys=0.00, real=0.09 secs] 
20972.420: [GC 20972.420: [ParNew: 2383384K->90308K(2534400K), 0.0443110 secs] 6846986K->4555655K(10982400K), 0.0449450 secs] [Times: user=0.43 sys=0.00, real=0.04 secs] 
20974.336: [GC 20974.337: [ParNew: 2343108K->106800K(2534400K), 0.0787370 secs] 6808455K->4578069K(10982400K), 0.0793830 secs] [Times: user=0.33 sys=0.00, real=0.08 secs] 
20976.225: [GC 20976.226: [ParNew: 2359600K->138393K(2534400K), 0.0956320 secs] 6830869K->4616569K(10982400K), 0.0961970 secs] [Times: user=0.56 sys=0.00, real=0.10 secs] 
20978.909: [GC 20978.909: [ParNew: 2391146K->60065K(2534400K), 0.0379260 secs] 6869322K->4539559K(10982400K), 0.0385620 secs] [Times: user=0.32 sys=0.00, real=0.04 secs] 
20980.458: [GC 20980.459: [ParNew: 2312865K->77042K(2534400K), 0.0376900 secs] 6792359K->4557201K(10982400K), 0.0383460 secs] [Times: user=0.52 sys=0.01, real=0.04 secs] 
20982.549: [GC 20982.549: [ParNew: 2329842K->59066K(2534400K), 0.0406450 secs] 6810001K->4542394K(10982400K), 0.0412710 secs] [Times: user=0.34 sys=0.00, real=0.04 secs] 
20984.288: [GC 20984.288: [ParNew: 2311866K->120449K(2534400K), 0.0619990 secs] 6795194K->4604849K(10982400K), 0.0626350 secs] [Times: user=0.70 sys=0.01, real=0.06 secs] 
20986.376: [GC 20986.376: [ParNew: 2373249K->89927K(2534400K), 0.0376620 secs] 6857649K->4575885K(10982400K), 0.0383130 secs] [Times: user=0.27 sys=0.00, real=0.04 secs] 
20988.879: [GC 20988.879: [ParNew: 2342727K->33806K(2534400K), 0.0325840 secs] 6828685K->4521352K(10982400K), 0.0332520 secs] [Times: user=0.22 sys=0.00, real=0.03 secs] 
20990.548: [GC 20990.548: [ParNew: 2286606K->52532K(2534400K), 0.0364180 secs] 6774152K->4546529K(10982400K), 0.0370710 secs] [Times: user=0.39 sys=0.00, real=0.04 secs] 
20992.741: [GC 20992.741: [ParNew: 2305332K->84504K(2534400K), 0.0422110 secs] 6799329K->4579271K(10982400K), 0.0427750 secs] [Times: user=0.48 sys=0.01, real=0.04 secs] 
20995.509: [GC 20995.510: [ParNew: 2337304K->62146K(2534400K), 0.0404110 secs] 6832071K->4558192K(10982400K), 0.0409840 secs] [Times: user=0.28 sys=0.00, real=0.05 secs] 
20997.993: [GC 20997.993: [ParNew: 2314946K->31955K(2534400K), 0.0411240 secs] 6810992K->4529040K(10982400K), 0.0417080 secs] [Times: user=0.27 sys=0.00, real=0.04 secs] 
21002.189: [GC 21002.189: [ParNew: 2284755K->37626K(2534400K), 0.0449140 secs] 6781840K->4535381K(10982400K), 0.0454600 secs] [Times: user=0.27 sys=0.01, real=0.05 secs] 
21006.645: [GC 21006.646: [ParNew: 2290426K->62875K(2534400K), 0.0465670 secs] 6788181K->4561260K(10982400K), 0.0470550 secs] [Times: user=0.38 sys=0.00, real=0.05 secs] 
21009.372: [GC 21009.372: [ParNew: 2315675K->70042K(2534400K), 0.0423920 secs] 6814060K->4569444K(10982400K), 0.0428750 secs] [Times: user=0.33 sys=0.00, real=0.05 secs] 
21013.212: [GC 21013.212: [ParNew: 2322861K->46363K(2534400K), 0.0421050 secs] 6822263K->4549356K(10982400K), 0.0426190 secs] [Times: user=0.28 sys=0.01, real=0.04 secs] 
21013.257: [GC 21013.257: [ParNew: 48034K->30506K(2534400K), 0.0148050 secs] 4551027K->4540191K(10982400K), 0.0151940 secs] [Times: user=0.22 sys=0.00, real=0.02 secs] 
21016.434: [GC 21016.435: [ParNew: 2283306K->55358K(2534400K), 0.0445990 secs] 6792991K->4566908K(10982400K), 0.0451150 secs] [Times: user=0.38 sys=0.00, real=0.04 secs] 
21020.099: [GC 21020.100: [ParNew: 2308150K->62717K(2534400K), 0.0444940 secs] 6819699K->4575346K(10982400K), 0.0450120 secs] [Times: user=0.40 sys=0.00, real=0.05 secs] 
21023.755: [GC 21023.755: [ParNew: 2315517K->51730K(2534400K), 0.0416600 secs] 6828146K->4565775K(10982400K), 0.0421790 secs] [Times: user=0.29 sys=0.00, real=0.04 secs] 
21026.834: [GC 21026.835: [ParNew: 2304530K->33617K(2534400K), 0.0319170 secs] 6818575K->4547662K(10982400K), 0.0324350 secs] [Times: user=0.21 sys=0.00, real=0.03 secs] 
21030.179: [GC 21030.179: [ParNew: 2286412K->55355K(2534400K), 0.0425680 secs] 6800457K->4570588K(10982400K), 0.0430840 secs] [Times: user=0.35 sys=0.00, real=0.04 secs] 
21033.165: [GC 21033.165: [ParNew: 2308155K->40581K(2534400K), 0.0348650 secs] 6823388K->4558893K(10982400K), 0.0353460 secs] [Times: user=0.22 sys=0.00, real=0.03 secs] 
21035.932: [GC 21035.932: [ParNew: 2293381K->62546K(2534400K), 0.0418390 secs] 6811693K->4582275K(10982400K), 0.0423240 secs] [Times: user=0.44 sys=0.00, real=0.04 secs] 
21039.027: [GC 21039.027: [ParNew: 2315346K->59004K(2534400K), 0.0470050 secs] 6835075K->4580541K(10982400K), 0.0474910 secs] [Times: user=0.26 sys=0.00, real=0.04 secs] 
21040.967: [GC 21040.967: [ParNew: 2311804K->34781K(2534400K), 0.0273070 secs] 6833341K->4558824K(10982400K), 0.0278270 secs] [Times: user=0.24 sys=0.01, real=0.02 secs] 
21045.115: [GC 21045.115: [ParNew: 2287581K->64940K(2534400K), 0.0478620 secs] 6811624K->4590393K(10982400K), 0.0484010 secs] [Times: user=0.40 sys=0.00, real=0.05 secs] 
21047.977: [GC 21047.977: [ParNew: 2317707K->45567K(2534400K), 0.0335180 secs] 6843160K->4571944K(10982400K), 0.0340530 secs] [Times: user=0.26 sys=0.00, real=0.04 secs] 
21050.612: [GC 21050.613: [ParNew: 2298367K->97466K(2534400K), 0.0540720 secs] 6824744K->4625633K(10982400K), 0.0546550 secs] [Times: user=0.58 sys=0.00, real=0.05 secs] 
21053.857: [GC 21053.857: [ParNew: 2350266K->69873K(2534400K), 0.0439640 secs] 6878433K->4598628K(10982400K), 0.0446120 secs] [Times: user=0.30 sys=0.00, real=0.05 secs] 
21056.367: [GC 21056.367: [ParNew: 2322673K->71411K(2534400K), 0.0458310 secs] 6851428K->4602485K(10982400K), 0.0464900 secs] [Times: user=0.46 sys=0.00, real=0.05 secs] 
21058.107: [GC 21058.107: [ParNew: 2324211K->80098K(2534400K), 0.0581030 secs] 6855285K->4611813K(10982400K), 0.0586770 secs] [Times: user=0.26 sys=0.01, real=0.06 secs] 
21060.346: [GC 21060.346: [ParNew: 2332898K->51007K(2534400K), 0.0524150 secs] 6864613K->4585563K(10982400K), 0.0530380 secs] [Times: user=0.23 sys=0.01, real=0.06 secs] 
21063.028: [GC 21063.029: [ParNew: 2303804K->42743K(2534400K), 0.0415710 secs] 6838359K->4578840K(10982400K), 0.0421430 secs] [Times: user=0.24 sys=0.00, real=0.05 secs] 
21065.863: [GC 21065.864: [ParNew: 2295543K->61615K(2534400K), 0.0672840 secs] 6831640K->4599377K(10982400K), 0.0679460 secs] [Times: user=0.29 sys=0.00, real=0.07 secs] 
21068.905: [GC 21068.906: [ParNew: 2314415K->31413K(2534400K), 0.0381420 secs] 6852177K->4571513K(10982400K), 0.0387090 secs] [Times: user=0.28 sys=0.00, real=0.04 secs] 
21072.029: [GC 21072.029: [ParNew: 2284213K->46242K(2534400K), 0.0400560 secs] 6824313K->4588488K(10982400K), 0.0406290 secs] [Times: user=0.35 sys=0.01, real=0.04 secs] 
21074.754: [GC 21074.755: [ParNew: 2299042K->60227K(2534400K), 0.0400690 secs] 6841288K->4603364K(10982400K), 0.0406520 secs] [Times: user=0.33 sys=0.00, real=0.04 secs] 
21077.761: [GC 21077.762: [ParNew: 2313027K->41729K(2534400K), 0.0384930 secs] 6856164K->4585539K(10982400K), 0.0391560 secs] [Times: user=0.22 sys=0.00, real=0.04 secs] 
21081.543: [GC 21081.543: [ParNew: 2294529K->38978K(2534400K), 0.0483230 secs] 6838339K->4583613K(10982400K), 0.0489080 secs] [Times: user=0.30 sys=0.00, real=0.04 secs] 
21084.894: [GC 21084.894: [ParNew: 2291778K->55604K(2534400K), 0.0449840 secs] 6836413K->4601870K(10982400K), 0.0456550 secs] [Times: user=0.39 sys=0.00, real=0.04 secs] 
21087.940: [GC 21087.940: [ParNew: 2308404K->58218K(2534400K), 0.0378430 secs] 6854670K->4605273K(10982400K), 0.0384890 secs] [Times: user=0.28 sys=0.00, real=0.04 secs] 
21091.140: [GC 21091.140: [ParNew: 2311018K->103071K(2534400K), 0.0517380 secs] 6858073K->4651884K(10982400K), 0.0523220 secs] [Times: user=0.61 sys=0.01, real=0.05 secs] 
21094.489: [GC 21094.490: [ParNew: 2355871K->87493K(2534400K), 0.0500370 secs] 6904684K->4643361K(10982400K), 0.0506170 secs] [Times: user=0.23 sys=0.01, real=0.05 secs] 
21098.102: [GC 21098.102: [ParNew: 2340293K->61982K(2534400K), 0.0405330 secs] 6896161K->4619607K(10982400K), 0.0411110 secs] [Times: user=0.40 sys=0.00, real=0.04 secs] 
21100.414: [GC 21100.414: [ParNew: 2314782K->49000K(2534400K), 0.0301010 secs] 6872407K->4609005K(10982400K), 0.0306160 secs] [Times: user=0.23 sys=0.00, real=0.03 secs] 
21102.254: [GC 21102.254: [ParNew: 2301800K->45498K(2534400K), 0.0311130 secs] 6861805K->4606784K(10982400K), 0.0316300 secs] [Times: user=0.26 sys=0.00, real=0.04 secs] 
21106.130: [GC 21106.130: [ParNew: 2298298K->79251K(2534400K), 0.0549290 secs] 6859584K->4643281K(10982400K), 0.0554570 secs] [Times: user=0.45 sys=0.00, real=0.05 secs] 
21108.407: [GC 21108.407: [ParNew: 2332051K->55009K(2534400K), 0.0298950 secs] 6896081K->4620243K(10982400K), 0.0304030 secs] [Times: user=0.19 sys=0.00, real=0.03 secs] 
21111.228: [GC 21111.229: [ParNew: 2307809K->65831K(2534400K), 0.0424700 secs] 6873043K->4631599K(10982400K), 0.0430080 secs] [Times: user=0.40 sys=0.00, real=0.04 secs] 
21114.463: [GC 21114.463: [ParNew: 2318631K->51658K(2534400K), 0.0426120 secs] 6884399K->4618246K(10982400K), 0.0431120 secs] [Times: user=0.23 sys=0.00, real=0.04 secs] 
21117.173: [GC 21117.173: [ParNew: 2304458K->65340K(2534400K), 0.0412390 secs] 6871046K->4635800K(10982400K), 0.0417200 secs] [Times: user=0.46 sys=0.00, real=0.04 secs] 
21119.752: [GC 21119.753: [ParNew: 2318140K->50097K(2534400K), 0.0322620 secs] 6888600K->4623393K(10982400K), 0.0327750 secs] [Times: user=0.27 sys=0.00, real=0.03 secs] 
21121.992: [GC 21121.992: [ParNew: 2302884K->61791K(2534400K), 0.0328300 secs] 6876181K->4636749K(10982400K), 0.0333350 secs] [Times: user=0.30 sys=0.00, real=0.03 secs] 
21124.775: [GC 21124.775: [ParNew: 2314591K->45524K(2534400K), 0.0373450 secs] 6889549K->4621624K(10982400K), 0.0378610 secs] [Times: user=0.31 sys=0.00, real=0.04 secs] 
21127.429: [GC 21127.429: [ParNew: 2298324K->66080K(2534400K), 0.0413030 secs] 6874424K->4649141K(10982400K), 0.0417820 secs] [Times: user=0.44 sys=0.01, real=0.05 secs] 
21129.975: [GC 21129.976: [ParNew: 2318880K->98375K(2534400K), 0.0439120 secs] 6901941K->4682494K(10982400K), 0.0444090 secs] [Times: user=0.55 sys=0.00, real=0.05 secs] 
21134.644: [GC 21134.645: [ParNew: 2351175K->76108K(2534400K), 0.0534760 secs] 6935294K->4670759K(10982400K), 0.0539730 secs] [Times: user=0.31 sys=0.01, real=0.05 secs] 
21138.204: [GC 21138.205: [ParNew: 2328908K->36171K(2534400K), 0.0414070 secs] 6923559K->4633941K(10982400K), 0.0419360 secs] [Times: user=0.29 sys=0.01, real=0.04 secs] 
21142.143: [GC 21142.143: [ParNew: 2288971K->55813K(2534400K), 0.0433180 secs] 6886741K->4654227K(10982400K), 0.0438400 secs] [Times: user=0.35 sys=0.00, real=0.04 secs] 
21145.981: [GC 21145.981: [ParNew: 2308613K->69541K(2534400K), 0.0465350 secs] 6907027K->4668986K(10982400K), 0.0470470 secs] [Times: user=0.38 sys=0.01, real=0.05 secs] 
21148.029: [GC 21148.029: [ParNew: 2322341K->77429K(2534400K), 0.0430210 secs] 6921786K->4677962K(10982400K), 0.0435750 secs] [Times: user=0.44 sys=0.01, real=0.04 secs] 
21151.557: [GC 21151.557: [ParNew: 2330229K->114600K(2534400K), 0.0530060 secs] 6930762K->4716882K(10982400K), 0.0534920 secs] [Times: user=0.59 sys=0.00, real=0.05 secs] 
21154.732: [GC 21154.732: [ParNew: 2367400K->93239K(2534400K), 0.0493950 secs] 6969682K->4697222K(10982400K), 0.0498990 secs] [Times: user=0.49 sys=0.00, real=0.05 secs] 
21157.006: [GC 21157.007: [ParNew: 2346039K->78143K(2534400K), 0.0365630 secs] 6950022K->4684773K(10982400K), 0.0370850 secs] [Times: user=0.35 sys=0.00, real=0.04 secs] 
21160.345: [GC 21160.345: [ParNew: 2330943K->67362K(2534400K), 0.0510760 secs] 6937573K->4680837K(10982400K), 0.0515960 secs] [Times: user=0.42 sys=0.00, real=0.05 secs] 
21163.900: [GC 21163.901: [ParNew: 2320162K->49108K(2534400K), 0.0374830 secs] 6933637K->4663421K(10982400K), 0.0379970 secs] [Times: user=0.22 sys=0.00, real=0.04 secs] 
21166.909: [GC 21166.910: [ParNew: 2301908K->39129K(2534400K), 0.0423330 secs] 6916221K->4654638K(10982400K), 0.0428380 secs] [Times: user=0.29 sys=0.00, real=0.04 secs] 
21172.128: [GC 21172.128: [ParNew: 2291929K->35719K(2534400K), 0.0427340 secs] 6907438K->4653612K(10982400K), 0.0432600 secs] [Times: user=0.23 sys=0.00, real=0.04 secs] 
21175.673: [GC 21175.673: [ParNew: 2288519K->79006K(2534400K), 0.0447220 secs] 6906412K->4698133K(10982400K), 0.0452470 secs] [Times: user=0.41 sys=0.00, real=0.05 secs] 
21177.745: [GC 21177.745: [ParNew: 2331806K->69094K(2534400K), 0.0438130 secs] 6950933K->4691497K(10982400K), 0.0444000 secs] [Times: user=0.41 sys=0.01, real=0.05 secs] 
21180.998: [GC 21180.998: [ParNew: 2321894K->54452K(2534400K), 0.0451360 secs] 6944297K->4678414K(10982400K), 0.0458090 secs] [Times: user=0.32 sys=0.00, real=0.05 secs] 
21184.013: [GC 21184.013: [ParNew: 2307252K->57481K(2534400K), 0.0423460 secs] 6931214K->4682731K(10982400K), 0.0429240 secs] [Times: user=0.39 sys=0.00, real=0.04 secs] 
21187.341: [GC 21187.341: [ParNew: 2310281K->44090K(2534400K), 0.0399530 secs] 6935531K->4671244K(10982400K), 0.0406000 secs] [Times: user=0.27 sys=0.00, real=0.04 secs] 
21190.402: [GC 21190.403: [ParNew: 2296890K->38116K(2534400K), 0.0427690 secs] 6924044K->4665892K(10982400K), 0.0434320 secs] [Times: user=0.28 sys=0.00, real=0.04 secs] 
21195.309: [GC 21195.309: [ParNew: 2290916K->43822K(2534400K), 0.0488450 secs] 6918692K->4672974K(10982400K), 0.0494400 secs] [Times: user=0.29 sys=0.01, real=0.05 secs] 
21199.144: [GC 21199.145: [ParNew: 2296622K->47419K(2534400K), 0.0403150 secs] 6925774K->4677119K(10982400K), 0.0409220 secs] [Times: user=0.25 sys=0.00, real=0.04 secs] 
21202.906: [GC 21202.906: [ParNew: 2300219K->40582K(2534400K), 0.0413310 secs] 6929919K->4672033K(10982400K), 0.0419040 secs] [Times: user=0.28 sys=0.00, real=0.04 secs] 
21207.264: [GC 21207.265: [ParNew: 2293382K->56286K(2534400K), 0.0548360 secs] 6924833K->4698449K(10982400K), 0.0554810 secs] [Times: user=0.42 sys=0.01, real=0.05 secs] 
21209.936: [GC 21209.936: [ParNew: 2309086K->66483K(2534400K), 0.0394800 secs] 6951249K->4709986K(10982400K), 0.0400540 secs] [Times: user=0.39 sys=0.00, real=0.04 secs] 
21214.773: [GC 21214.774: [ParNew: 2319283K->53663K(2534400K), 0.0509750 secs] 6962786K->4698255K(10982400K), 0.0516350 secs] [Times: user=0.34 sys=0.00, real=0.05 secs] 
21217.531: [GC 21217.531: [ParNew: 2306463K->59893K(2534400K), 0.0397480 secs] 6951055K->4705781K(10982400K), 0.0403890 secs] [Times: user=0.36 sys=0.01, real=0.04 secs] 
21221.116: [GC 21221.116: [ParNew: 2312693K->76753K(2534400K), 0.0483020 secs] 6958581K->4724263K(10982400K), 0.0489630 secs] [Times: user=0.42 sys=0.00, real=0.05 secs] 
21223.435: [GC 21223.435: [ParNew: 2329553K->108905K(2534400K), 0.0456380 secs] 6977063K->4757325K(10982400K), 0.0462810 secs] [Times: user=0.55 sys=0.00, real=0.04 secs] 
21226.069: [GC 21226.069: [ParNew: 2361705K->83063K(2534400K), 0.0531070 secs] 7010125K->4732964K(10982400K), 0.0537650 secs] [Times: user=0.33 sys=0.00, real=0.05 secs] 
21229.776: [GC 21229.776: [ParNew: 2335863K->42091K(2534400K), 0.0530170 secs] 6985764K->4702619K(10982400K), 0.0536630 secs] [Times: user=0.28 sys=0.01, real=0.05 secs] 
21233.366: [GC 21233.367: [ParNew: 2294891K->42970K(2534400K), 0.0421720 secs] 6955419K->4707400K(10982400K), 0.0428190 secs] [Times: user=0.31 sys=0.00, real=0.04 secs] 
21233.413: [GC 21233.413: [ParNew: 44478K->43221K(2534400K), 0.0167170 secs] 4708907K->4712205K(10982400K), 0.0171480 secs] [Times: user=0.28 sys=0.01, real=0.02 secs] 
21235.986: [GC 21235.987: [ParNew: 2296021K->35666K(2534400K), 0.0358270 secs] 6965005K->4706706K(10982400K), 0.0365040 secs] [Times: user=0.25 sys=0.00, real=0.03 secs] 
21237.949: [GC 21237.949: [ParNew: 2288466K->69359K(2534400K), 0.0426270 secs] 6959506K->4742191K(10982400K), 0.0432670 secs] [Times: user=0.44 sys=0.00, real=0.04 secs] 
21239.426: [GC 21239.427: [ParNew: 2322159K->63704K(2534400K), 0.0301240 secs] 6994991K->4738114K(10982400K), 0.0307830 secs] [Times: user=0.34 sys=0.01, real=0.04 secs] 
21240.724: [GC 21240.725: [ParNew: 2316504K->71420K(2534400K), 0.0298990 secs] 6990914K->4745830K(10982400K), 0.0305470 secs] [Times: user=0.38 sys=0.00, real=0.03 secs] 
21242.296: [GC 21242.296: [ParNew: 2324220K->69286K(2534400K), 0.0302440 secs] 6998630K->4745482K(10982400K), 0.0308470 secs] [Times: user=0.39 sys=0.00, real=0.04 secs] 
21244.580: [GC 21244.580: [ParNew: 2322086K->83451K(2534400K), 0.0402110 secs] 6998282K->4760686K(10982400K), 0.0408400 secs] [Times: user=0.42 sys=0.00, real=0.04 secs] 
21247.197: [GC 21247.197: [ParNew: 2336251K->76970K(2534400K), 0.0386970 secs] 7013486K->4754763K(10982400K), 0.0392630 secs] [Times: user=0.40 sys=0.01, real=0.04 secs] 
21249.519: [GC 21249.520: [ParNew: 2329770K->55899K(2534400K), 0.0306550 secs] 7007563K->4734390K(10982400K), 0.0312210 secs] [Times: user=0.24 sys=0.00, real=0.03 secs] 
21252.382: [GC 21252.382: [ParNew: 2308699K->63079K(2534400K), 0.0386150 secs] 6987190K->4742496K(10982400K), 0.0391890 secs] [Times: user=0.38 sys=0.01, real=0.04 secs] 
21254.646: [GC 21254.647: [ParNew: 2315879K->50094K(2534400K), 0.0359150 secs] 6995296K->4731506K(10982400K), 0.0365650 secs] [Times: user=0.30 sys=0.01, real=0.04 secs] 
21256.508: [GC 21256.509: [ParNew: 2302894K->41018K(2534400K), 0.0324050 secs] 6984306K->4728883K(10982400K), 0.0330540 secs] [Times: user=0.27 sys=0.00, real=0.04 secs] 
21258.751: [GC 21258.751: [ParNew: 2293818K->45142K(2534400K), 0.0327350 secs] 6981683K->4734929K(10982400K), 0.0333060 secs] [Times: user=0.31 sys=0.00, real=0.03 secs] 
21260.265: [GC 21260.265: [ParNew: 2297942K->60432K(2534400K), 0.0362290 secs] 6987729K->4758399K(10982400K), 0.0367860 secs] [Times: user=0.39 sys=0.00, real=0.04 secs] 
21262.756: [GC 21262.757: [ParNew: 2313232K->42288K(2534400K), 0.0336660 secs] 7011199K->4741633K(10982400K), 0.0342370 secs] [Times: user=0.27 sys=0.00, real=0.04 secs] 
21265.649: [GC 21265.649: [ParNew: 2295088K->51663K(2534400K), 0.0395470 secs] 6994433K->4752323K(10982400K), 0.0401910 secs] [Times: user=0.36 sys=0.01, real=0.04 secs] 
21268.419: [GC 21268.419: [ParNew: 2304463K->82940K(2534400K), 0.0465790 secs] 7005123K->4785612K(10982400K), 0.0472460 secs] [Times: user=0.53 sys=0.00, real=0.05 secs] 
21272.401: [GC 21272.401: [ParNew: 2335740K->65482K(2534400K), 0.0397110 secs] 7038412K->4768902K(10982400K), 0.0402930 secs] [Times: user=0.23 sys=0.00, real=0.04 secs] 
21275.505: [GC 21275.505: [ParNew: 2318282K->46982K(2534400K), 0.0355030 secs] 7021702K->4751186K(10982400K), 0.0360750 secs] [Times: user=0.27 sys=0.00, real=0.03 secs] 
21277.876: [GC 21277.877: [ParNew: 2299782K->91143K(2534400K), 0.0449950 secs] 7003986K->4797976K(10982400K), 0.0455590 secs] [Times: user=0.56 sys=0.00, real=0.04 secs] 
21280.674: [GC 21280.675: [ParNew: 2343943K->87045K(2534400K), 0.0497870 secs] 7050776K->4795840K(10982400K), 0.0504590 secs] [Times: user=0.48 sys=0.00, real=0.05 secs] 
21284.252: [GC 21284.253: [ParNew: 2339845K->108089K(2534400K), 0.0527750 secs] 7048640K->4818799K(10982400K), 0.0534390 secs] [Times: user=0.52 sys=0.00, real=0.06 secs] 
21287.733: [GC 21287.734: [ParNew: 2360889K->76103K(2534400K), 0.0513700 secs] 7071599K->4790857K(10982400K), 0.0519440 secs] [Times: user=0.33 sys=0.00, real=0.06 secs] 
21290.924: [GC 21290.924: [ParNew: 2328903K->38538K(2534400K), 0.0390160 secs] 7043657K->4754425K(10982400K), 0.0395710 secs] [Times: user=0.25 sys=0.01, real=0.04 secs] 
21294.295: [GC 21294.295: [ParNew: 2291338K->53043K(2534400K), 0.0391960 secs] 7007225K->4769971K(10982400K), 0.0397750 secs] [Times: user=0.34 sys=0.00, real=0.04 secs] 
21296.913: [GC 21296.913: [ParNew: 2305843K->55465K(2534400K), 0.0407980 secs] 7022771K->4773902K(10982400K), 0.0414530 secs] [Times: user=0.31 sys=0.01, real=0.04 secs] 
21299.075: [GC 21299.075: [ParNew: 2308265K->39458K(2534400K), 0.0448490 secs] 7026702K->4758995K(10982400K), 0.0454650 secs] [Times: user=0.24 sys=0.00, real=0.05 secs] 
21302.234: [GC 21302.234: [ParNew: 2292258K->65592K(2534400K), 0.0431240 secs] 7011795K->4788426K(10982400K), 0.0436830 secs] [Times: user=0.43 sys=0.00, real=0.05 secs] 
21304.151: [GC 21304.151: [ParNew: 2318392K->62418K(2534400K), 0.0351240 secs] 7041226K->4785906K(10982400K), 0.0356860 secs] [Times: user=0.34 sys=0.00, real=0.04 secs] 
21307.297: [GC 21307.298: [ParNew: 2315218K->49127K(2534400K), 0.0447260 secs] 7038706K->4774170K(10982400K), 0.0453760 secs] [Times: user=0.29 sys=0.01, real=0.04 secs] 
21312.148: [GC 21312.148: [ParNew: 2301927K->90317K(2534400K), 0.0602750 secs] 7026970K->4816540K(10982400K), 0.0609140 secs] [Times: user=0.61 sys=0.01, real=0.06 secs] 
21315.495: [GC 21315.496: [ParNew: 2343117K->69189K(2534400K), 0.0427240 secs] 7069340K->4797246K(10982400K), 0.0433690 secs] [Times: user=0.29 sys=0.00, real=0.05 secs] 
21319.003: [GC 21319.003: [ParNew: 2321989K->61694K(2534400K), 0.0429460 secs] 7050046K->4790971K(10982400K), 0.0436300 secs] [Times: user=0.39 sys=0.01, real=0.04 secs] 
21322.410: [GC 21322.410: [ParNew: 2314494K->50148K(2534400K), 0.0418690 secs] 7043771K->4780238K(10982400K), 0.0424450 secs] [Times: user=0.23 sys=0.00, real=0.04 secs] 
21325.442: [GC 21325.442: [ParNew: 2302948K->57791K(2534400K), 0.0451860 secs] 7033038K->4789851K(10982400K), 0.0459880 secs] [Times: user=0.41 sys=0.00, real=0.04 secs] 
21330.008: [GC 21330.008: [ParNew: 2310591K->67391K(2534400K), 0.0685010 secs] 7042651K->4800305K(10982400K), 0.0691200 secs] [Times: user=0.33 sys=0.01, real=0.07 secs] 
21332.577: [GC 21332.577: [ParNew: 2320191K->67083K(2534400K), 0.0486220 secs] 7053105K->4801465K(10982400K), 0.0492000 secs] [Times: user=0.44 sys=0.01, real=0.05 secs] 
21335.599: [GC 21335.600: [ParNew: 2319881K->178175K(2534400K), 0.1438280 secs] 7054263K->4914607K(10982400K), 0.1445250 secs] [Times: user=0.44 sys=0.00, real=0.15 secs] 
21337.478: [GC 21337.478: [ParNew: 2430719K->156423K(2534400K), 0.0862240 secs] 7167151K->4911836K(10982400K), 0.0868930 secs] [Times: user=1.09 sys=0.00, real=0.09 secs] 
21341.807: [GC 21341.808: [ParNew: 2409223K->106923K(2534400K), 0.0488240 secs] 7164636K->4862336K(10982400K), 0.0495200 secs] [Times: user=0.38 sys=0.01, real=0.05 secs] 
21345.741: [GC 21345.742: [ParNew: 2359710K->95681K(2534400K), 0.0516340 secs] 7115123K->4851094K(10982400K), 0.0522160 secs] [Times: user=0.47 sys=0.00, real=0.06 secs] 
21347.408: [GC 21347.408: [ParNew: 2348481K->157622K(2534400K), 0.0584530 secs] 7103894K->4913035K(10982400K), 0.0590170 secs] [Times: user=0.82 sys=0.00, real=0.06 secs] 
21349.897: [GC 21349.897: [ParNew: 2410422K->143314K(2534400K), 0.0585590 secs] 7165835K->4916935K(10982400K), 0.0591090 secs] [Times: user=0.68 sys=0.00, real=0.06 secs] 
21352.475: [GC 21352.475: [ParNew: 2396114K->73953K(2534400K), 0.0438020 secs] 7169735K->4850159K(10982400K), 0.0443200 secs] [Times: user=0.28 sys=0.00, real=0.04 secs] 
21355.602: [GC 21355.602: [ParNew: 2326753K->67392K(2534400K), 0.0365590 secs] 7102959K->4845130K(10982400K), 0.0370800 secs] [Times: user=0.34 sys=0.00, real=0.04 secs] 
21358.728: [GC 21358.728: [ParNew: 2320185K->68559K(2534400K), 0.0494960 secs] 7097922K->4846951K(10982400K), 0.0500130 secs] [Times: user=0.40 sys=0.00, real=0.05 secs] 
21362.414: [GC 21362.414: [ParNew: 2321359K->88375K(2534400K), 0.0522100 secs] 7099751K->4868547K(10982400K), 0.0529020 secs] [Times: user=0.44 sys=0.01, real=0.06 secs] 
21364.772: [GC 21364.773: [ParNew: 2341175K->62049K(2534400K), 0.0366090 secs] 7121347K->4843271K(10982400K), 0.0372770 secs] [Times: user=0.26 sys=0.01, real=0.04 secs] 
21366.847: [GC 21366.847: [ParNew: 2314849K->49435K(2534400K), 0.0334010 secs] 7096071K->4831357K(10982400K), 0.0340400 secs] [Times: user=0.32 sys=0.00, real=0.03 secs] 
21370.213: [GC 21370.214: [ParNew: 2302235K->45613K(2534400K), 0.0411660 secs] 7084157K->4828520K(10982400K), 0.0418130 secs] [Times: user=0.26 sys=0.00, real=0.04 secs] 
21373.340: [GC 21373.340: [ParNew: 2298413K->51012K(2534400K), 0.0372630 secs] 7081320K->4834954K(10982400K), 0.0379070 secs] [Times: user=0.31 sys=0.00, real=0.04 secs] 
21375.875: [GC 21375.876: [ParNew: 2303812K->41855K(2534400K), 0.0367370 secs] 7087754K->4826913K(10982400K), 0.0374220 secs] [Times: user=0.29 sys=0.00, real=0.04 secs] 
21379.284: [GC 21379.284: [ParNew: 2294655K->48533K(2534400K), 0.0370380 secs] 7079713K->4834686K(10982400K), 0.0376590 secs] [Times: user=0.23 sys=0.00, real=0.04 secs] 
21383.782: [GC 21383.783: [ParNew: 2301333K->39281K(2534400K), 0.0509980 secs] 7087486K->4836331K(10982400K), 0.0516710 secs] [Times: user=0.25 sys=0.00, real=0.05 secs] 
21387.090: [GC 21387.091: [ParNew: 2291975K->39232K(2534400K), 0.0474510 secs] 7089024K->4839715K(10982400K), 0.0479410 secs] [Times: user=0.24 sys=0.00, real=0.04 secs] 
21389.731: [GC 21389.732: [ParNew: 2292032K->28936K(2534400K), 0.0355940 secs] 7092515K->4830037K(10982400K), 0.0360810 secs] [Times: user=0.25 sys=0.00, real=0.03 secs] 
21391.864: [GC 21391.864: [ParNew: 2281736K->49570K(2534400K), 0.0376630 secs] 7082837K->4851669K(10982400K), 0.0382040 secs] [Times: user=0.35 sys=0.00, real=0.04 secs] 
21394.141: [GC 21394.141: [ParNew: 2302532K->103496K(2534400K), 0.0723800 secs] 7104631K->4907056K(10982400K), 0.0728520 secs] [Times: user=0.39 sys=0.00, real=0.07 secs] 
21394.216: [GC 21394.217: [ParNew: 105552K->104641K(2534400K), 0.0170750 secs] 4909111K->4909831K(10982400K), 0.0174530 secs] [Times: user=0.34 sys=0.00, real=0.02 secs] 
21396.021: [GC 21396.021: [ParNew: 2357441K->126868K(2534400K), 0.0729360 secs] 7162631K->4933240K(10982400K), 0.0734430 secs] [Times: user=0.36 sys=0.00, real=0.07 secs] 
21398.541: [GC 21398.541: [ParNew: 2379657K->98587K(2534400K), 0.0847360 secs] 7186029K->4906237K(10982400K), 0.0852430 secs] [Times: user=0.32 sys=0.00, real=0.08 secs] 
21400.530: [GC 21400.530: [ParNew: 2351387K->103959K(2534400K), 0.0764810 secs] 7159037K->4913799K(10982400K), 0.0769810 secs] [Times: user=0.38 sys=0.01, real=0.08 secs] 
21402.596: [GC 21402.596: [ParNew: 2356669K->77453K(2534400K), 0.0591560 secs] 7166509K->4887295K(10982400K), 0.0596930 secs] [Times: user=0.37 sys=0.00, real=0.06 secs] 
21405.132: [GC 21405.132: [ParNew: 2330253K->109699K(2534400K), 0.0919750 secs] 7140095K->4920525K(10982400K), 0.0924940 secs] [Times: user=0.31 sys=0.00, real=0.09 secs] 
21406.808: [GC 21406.808: [ParNew: 2362499K->66334K(2534400K), 0.0680490 secs] 7173325K->4879208K(10982400K), 0.0685650 secs] [Times: user=0.28 sys=0.00, real=0.07 secs] 
21408.408: [GC 21408.408: [ParNew: 2319134K->81898K(2534400K), 0.0586900 secs] 7132008K->4896141K(10982400K), 0.0591940 secs] [Times: user=0.44 sys=0.00, real=0.06 secs] 
21412.169: [GC 21412.169: [ParNew: 2334698K->58774K(2534400K), 0.0511750 secs] 7148941K->4874159K(10982400K), 0.0517550 secs] [Times: user=0.33 sys=0.00, real=0.05 secs] 
21415.208: [GC 21415.208: [ParNew: 2311574K->40474K(2534400K), 0.0437120 secs] 7126959K->4856871K(10982400K), 0.0442280 secs] [Times: user=0.25 sys=0.00, real=0.04 secs] 
21419.392: [GC 21419.392: [ParNew: 2293274K->45445K(2534400K), 0.0438070 secs] 7109671K->4863006K(10982400K), 0.0443220 secs] [Times: user=0.28 sys=0.01, real=0.05 secs] 
21423.309: [GC 21423.310: [ParNew: 2298245K->46518K(2534400K), 0.0404930 secs] 7115806K->4864669K(10982400K), 0.0409900 secs] [Times: user=0.25 sys=0.00, real=0.04 secs] 
21427.076: [GC 21427.076: [ParNew: 2299318K->48457K(2534400K), 0.0389060 secs] 7117469K->4868052K(10982400K), 0.0394260 secs] [Times: user=0.26 sys=0.00, real=0.04 secs] 
21430.507: [GC 21430.507: [ParNew: 2301257K->35950K(2534400K), 0.0484600 secs] 7120852K->4868052K(10982400K), 0.0489690 secs] [Times: user=0.27 sys=0.01, real=0.05 secs] 
21434.383: [GC 21434.384: [ParNew: 2288750K->71355K(2534400K), 0.0484160 secs] 7120852K->4905007K(10982400K), 0.0489520 secs] [Times: user=0.46 sys=0.00, real=0.05 secs] 
21437.630: [GC 21437.630: [ParNew: 2324155K->82503K(2534400K), 0.0451480 secs] 7157807K->4920050K(10982400K), 0.0456360 secs] [Times: user=0.44 sys=0.00, real=0.04 secs] 
21440.346: [GC 21440.347: [ParNew: 2335308K->60323K(2534400K), 0.0343970 secs] 7172855K->4899008K(10982400K), 0.0348910 secs] [Times: user=0.24 sys=0.01, real=0.04 secs] 
21440.384: [GC 21440.384: [ParNew: 62713K->42108K(2534400K), 0.0127950 secs] 4901398K->4882406K(10982400K), 0.0132610 secs] [Times: user=0.22 sys=0.00, real=0.02 secs] 
21445.566: [GC 21445.566: [ParNew: 2294908K->40720K(2534400K), 0.0549800 secs] 7135206K->4882048K(10982400K), 0.0555880 secs] [Times: user=0.29 sys=0.00, real=0.06 secs] 
21449.426: [GC 21449.427: [ParNew: 2293520K->27375K(2534400K), 0.0402490 secs] 7134848K->4870381K(10982400K), 0.0408460 secs] [Times: user=0.25 sys=0.00, real=0.04 secs] 
21452.693: [GC 21452.693: [ParNew: 2280175K->36365K(2534400K), 0.0392470 secs] 7123181K->4880122K(10982400K), 0.0399010 secs] [Times: user=0.26 sys=0.00, real=0.04 secs] 
21455.611: [GC 21455.612: [ParNew: 2289165K->55205K(2534400K), 0.0410400 secs] 7132922K->4898963K(10982400K), 0.0416280 secs] [Times: user=0.35 sys=0.00, real=0.04 secs] 
21460.548: [GC 21460.549: [ParNew: 2308005K->54819K(2534400K), 0.0494970 secs] 7151763K->4900077K(10982400K), 0.0500890 secs] [Times: user=0.31 sys=0.00, real=0.05 secs] 
21464.048: [GC 21464.048: [ParNew: 2307619K->56365K(2534400K), 0.0456650 secs] 7152877K->4904208K(10982400K), 0.0462570 secs] [Times: user=0.39 sys=0.00, real=0.05 secs] 
21467.907: [GC 21467.907: [ParNew: 2309165K->46144K(2534400K), 0.0469540 secs] 7157008K->4894630K(10982400K), 0.0476110 secs] [Times: user=0.28 sys=0.00, real=0.05 secs] 
21471.057: [GC 21471.058: [ParNew: 2298944K->47811K(2534400K), 0.0453680 secs] 7147430K->4897163K(10982400K), 0.0459850 secs] [Times: user=0.34 sys=0.01, real=0.05 secs] 
21474.440: [GC 21474.440: [ParNew: 2300611K->45699K(2534400K), 0.0414220 secs] 7149963K->4895963K(10982400K), 0.0420080 secs] [Times: user=0.27 sys=0.01, real=0.05 secs] 
21476.892: [GC 21476.893: [ParNew: 2298499K->98976K(2534400K), 0.0471180 secs] 7148763K->4950924K(10982400K), 0.0476950 secs] [Times: user=0.58 sys=0.00, real=0.05 secs] 
21479.331: [GC 21479.332: [ParNew: 2351776K->81627K(2534400K), 0.0484440 secs] 7203724K->4934540K(10982400K), 0.0491210 secs] [Times: user=0.32 sys=0.00, real=0.05 secs] 
21482.886: [GC 21482.887: [ParNew: 2334427K->90862K(2534400K), 0.0502450 secs] 7187340K->4944883K(10982400K), 0.0509500 secs] [Times: user=0.56 sys=0.01, real=0.05 secs] 
21486.208: [GC 21486.208: [ParNew: 2343662K->72037K(2534400K), 0.0472800 secs] 7197683K->4926894K(10982400K), 0.0479590 secs] [Times: user=0.34 sys=0.01, real=0.05 secs] 
21489.108: [GC 21489.109: [ParNew: 2324837K->53547K(2534400K), 0.0350300 secs] 7179694K->4909088K(10982400K), 0.0356150 secs] [Times: user=0.25 sys=0.00, real=0.03 secs] 
21493.838: [GC 21493.838: [ParNew: 2306335K->63216K(2534400K), 0.0504940 secs] 7161875K->4919826K(10982400K), 0.0510900 secs] [Times: user=0.38 sys=0.01, real=0.05 secs] 
21495.295: [GC 21495.296: [ParNew: 2316016K->114844K(2534400K), 0.0478460 secs] 7172626K->4972497K(10982400K), 0.0484320 secs] [Times: user=0.66 sys=0.00, real=0.05 secs] 
21497.251: [GC 21497.252: [ParNew: 2367644K->85409K(2534400K), 0.0368140 secs] 7225297K->4944339K(10982400K), 0.0374800 secs] [Times: user=0.22 sys=0.00, real=0.04 secs] 
21500.000: [GC 21500.000: [ParNew: 2338209K->138142K(2534400K), 0.0594030 secs] 7197139K->4998424K(10982400K), 0.0600790 secs] [Times: user=0.80 sys=0.00, real=0.06 secs] 
21502.928: [GC 21502.928: [ParNew: 2390942K->107523K(2534400K), 0.0460580 secs] 7251224K->4970405K(10982400K), 0.0466480 secs] [Times: user=0.40 sys=0.00, real=0.04 secs] 
21506.551: [GC 21506.551: [ParNew: 2360323K->96690K(2534400K), 0.0542130 secs] 7223205K->4960880K(10982400K), 0.0547970 secs] [Times: user=0.52 sys=0.01, real=0.05 secs] 
21509.886: [GC 21509.886: [ParNew: 2349490K->139242K(2534400K), 0.0567160 secs] 7213680K->5004511K(10982400K), 0.0572840 secs] [Times: user=0.68 sys=0.00, real=0.06 secs] 
21511.275: [GC 21511.275: [ParNew: 2392042K->95033K(2534400K), 0.0368370 secs] 7257311K->4961274K(10982400K), 0.0374090 secs] [Times: user=0.42 sys=0.00, real=0.04 secs] 
21513.822: [GC 21513.822: [ParNew: 2347833K->101099K(2534400K), 0.0539640 secs] 7214074K->4967935K(10982400K), 0.0545340 secs] [Times: user=0.60 sys=0.00, real=0.05 secs] 
21515.760: [GC 21515.760: [ParNew: 2353899K->86543K(2534400K), 0.0475480 secs] 7220735K->4964932K(10982400K), 0.0481290 secs] [Times: user=0.47 sys=0.01, real=0.04 secs] 
21517.919: [GC 21517.920: [ParNew: 2339343K->51544K(2534400K), 0.0387270 secs] 7217732K->4931431K(10982400K), 0.0393500 secs] [Times: user=0.31 sys=0.00, real=0.04 secs] 
21521.954: [GC 21521.955: [ParNew: 2304344K->40057K(2534400K), 0.0438910 secs] 7184231K->4920405K(10982400K), 0.0445730 secs] [Times: user=0.24 sys=0.00, real=0.04 secs] 
21524.928: [GC 21524.929: [ParNew: 2292822K->25207K(2534400K), 0.0355280 secs] 7173169K->4907378K(10982400K), 0.0361960 secs] [Times: user=0.26 sys=0.00, real=0.04 secs] 
21527.142: [GC 21527.143: [ParNew: 2278007K->46743K(2534400K), 0.0338210 secs] 7160178K->4930159K(10982400K), 0.0345050 secs] [Times: user=0.31 sys=0.01, real=0.03 secs] 
21529.218: [GC 21529.218: [ParNew: 2299543K->56686K(2534400K), 0.0357250 secs] 7182959K->4940443K(10982400K), 0.0363730 secs] [Times: user=0.32 sys=0.01, real=0.04 secs] 
21531.570: [GC 21531.570: [ParNew: 2309486K->45214K(2534400K), 0.0372900 secs] 7193243K->4930072K(10982400K), 0.0379630 secs] [Times: user=0.30 sys=0.00, real=0.04 secs] 
21534.631: [GC 21534.631: [ParNew: 2298014K->58596K(2534400K), 0.0416540 secs] 7182872K->4944286K(10982400K), 0.0423180 secs] [Times: user=0.36 sys=0.00, real=0.05 secs] 
21536.678: [GC 21536.678: [ParNew: 2311396K->41460K(2534400K), 0.0313520 secs] 7197086K->4928840K(10982400K), 0.0320170 secs] [Times: user=0.22 sys=0.00, real=0.03 secs] 
21538.150: [GC 21538.150: [ParNew: 2294259K->35680K(2534400K), 0.0300300 secs] 7181638K->4923941K(10982400K), 0.0306200 secs] [Times: user=0.21 sys=0.00, real=0.03 secs] 
21540.510: [GC 21540.510: [ParNew: 2288480K->30097K(2534400K), 0.0356860 secs] 7176741K->4919755K(10982400K), 0.0362800 secs] [Times: user=0.24 sys=0.00, real=0.04 secs] 
21544.194: [GC 21544.194: [ParNew: 2282897K->47174K(2534400K), 0.0443000 secs] 7172555K->4939090K(10982400K), 0.0448930 secs] [Times: user=0.35 sys=0.01, real=0.04 secs] 
21546.810: [GC 21546.811: [ParNew: 2299974K->64282K(2534400K), 0.0439710 secs] 7191890K->4957356K(10982400K), 0.0446240 secs] [Times: user=0.40 sys=0.01, real=0.05 secs] 
21549.468: [GC 21549.469: [ParNew: 2317082K->48796K(2534400K), 0.0390890 secs] 7210156K->4942245K(10982400K), 0.0396760 secs] [Times: user=0.25 sys=0.01, real=0.04 secs] 
21552.203: [GC 21552.203: [ParNew: 2301596K->25651K(2534400K), 0.0335380 secs] 7195045K->4920059K(10982400K), 0.0341150 secs] [Times: user=0.22 sys=0.00, real=0.04 secs] 
21555.416: [GC 21555.417: [ParNew: 2278451K->43824K(2534400K), 0.0387640 secs] 7172859K->4940160K(10982400K), 0.0394280 secs] [Times: user=0.27 sys=0.00, real=0.04 secs] 
21559.139: [GC 21559.139: [ParNew: 2296624K->62751K(2534400K), 0.0447340 secs] 7192960K->4961434K(10982400K), 0.0453590 secs] [Times: user=0.39 sys=0.01, real=0.04 secs] 
21562.410: [GC 21562.411: [ParNew: 2315551K->46860K(2534400K), 0.0408130 secs] 7214234K->4946752K(10982400K), 0.0414830 secs] [Times: user=0.26 sys=0.00, real=0.04 secs] 
21566.042: [GC 21566.042: [ParNew: 2299660K->40078K(2534400K), 0.0388510 secs] 7199552K->4940558K(10982400K), 0.0394300 secs] [Times: user=0.28 sys=0.00, real=0.04 secs] 
21569.472: [GC 21569.472: [ParNew: 2292878K->89484K(2534400K), 0.0490320 secs] 7193358K->4990752K(10982400K), 0.0497110 secs] [Times: user=0.51 sys=0.00, real=0.05 secs] 
21573.601: [GC 21573.602: [ParNew: 2342284K->69498K(2534400K), 0.0472570 secs] 7243552K->4971879K(10982400K), 0.0479130 secs] [Times: user=0.31 sys=0.00, real=0.05 secs] 
21577.583: [GC 21577.584: [ParNew: 2322298K->40670K(2534400K), 0.0406760 secs] 7224679K->4944112K(10982400K), 0.0411800 secs] [Times: user=0.25 sys=0.00, real=0.04 secs] 
21581.408: [GC 21581.408: [ParNew: 2293470K->59348K(2534400K), 0.0482540 secs] 7196912K->4966619K(10982400K), 0.0487570 secs] [Times: user=0.40 sys=0.00, real=0.05 secs] 
21585.234: [GC 21585.234: [ParNew: 2312148K->84043K(2534400K), 0.0526500 secs] 7219419K->4993097K(10982400K), 0.0531850 secs] [Times: user=0.49 sys=0.00, real=0.05 secs] 
21587.932: [GC 21587.932: [ParNew: 2336843K->115885K(2534400K), 0.0512700 secs] 7245897K->5026430K(10982400K), 0.0517600 secs] [Times: user=0.66 sys=0.00, real=0.05 secs] 
21590.648: [GC 21590.649: [ParNew: 2368685K->93437K(2534400K), 0.0509070 secs] 7279230K->5005422K(10982400K), 0.0514060 secs] [Times: user=0.51 sys=0.00, real=0.06 secs] 
21594.835: [GC 21594.835: [ParNew: 2346237K->70306K(2534400K), 0.0439520 secs] 7258222K->4983115K(10982400K), 0.0444570 secs] [Times: user=0.30 sys=0.01, real=0.04 secs] 
21597.915: [GC 21597.916: [ParNew: 2323106K->59539K(2534400K), 0.0467550 secs] 7235915K->4975237K(10982400K), 0.0472550 secs] [Times: user=0.37 sys=0.00, real=0.05 secs] 
21601.687: [GC 21601.687: [ParNew: 2312339K->51256K(2534400K), 0.0439860 secs] 7228037K->4968261K(10982400K), 0.0445180 secs] [Times: user=0.31 sys=0.00, real=0.05 secs] 
21604.263: [GC 21604.263: [ParNew: 2304056K->38295K(2534400K), 0.0339110 secs] 7221061K->4958031K(10982400K), 0.0345340 secs] [Times: user=0.22 sys=0.00, real=0.03 secs] 
21606.980: [GC 21606.980: [ParNew: 2291095K->62275K(2534400K), 0.0426920 secs] 7210831K->4983432K(10982400K), 0.0432330 secs] [Times: user=0.46 sys=0.00, real=0.05 secs] 
21609.838: [GC 21609.838: [ParNew: 2315075K->51610K(2534400K), 0.0351810 secs] 7236232K->4973496K(10982400K), 0.0357100 secs] [Times: user=0.28 sys=0.00, real=0.04 secs] 
21612.149: [GC 21612.150: [ParNew: 2304410K->55770K(2534400K), 0.0338780 secs] 7226296K->4979032K(10982400K), 0.0344190 secs] [Times: user=0.28 sys=0.00, real=0.04 secs] 
21614.740: [GC 21614.740: [ParNew: 2308570K->102663K(2534400K), 0.0510710 secs] 7231832K->5026770K(10982400K), 0.0516060 secs] [Times: user=0.46 sys=0.01, real=0.05 secs] 
21617.955: [GC 21617.955: [ParNew: 2355463K->153301K(2534400K), 0.0525740 secs] 7279570K->5079623K(10982400K), 0.0531060 secs] [Times: user=0.62 sys=0.00, real=0.05 secs] 
21620.963: [GC 21620.963: [ParNew: 2406101K->127409K(2534400K), 0.0409160 secs] 7332423K->5054526K(10982400K), 0.0414150 secs] [Times: user=0.36 sys=0.00, real=0.05 secs] 
21622.386: [GC 21622.387: [ParNew: 2380209K->76492K(2534400K), 0.0329710 secs] 7307326K->5020150K(10982400K), 0.0334560 secs] [Times: user=0.35 sys=0.00, real=0.03 secs] 
21623.991: [GC 21623.992: [ParNew: 2329292K->55437K(2534400K), 0.0373390 secs] 7272950K->5034523K(10982400K), 0.0378230 secs] [Times: user=0.41 sys=0.00, real=0.04 secs] 
21625.864: [GC 21625.865: [ParNew: 2308237K->36281K(2534400K), 0.0303160 secs] 7287323K->5018073K(10982400K), 0.0308040 secs] [Times: user=0.27 sys=0.00, real=0.04 secs] 
21628.539: [GC 21628.540: [ParNew: 2289037K->28753K(2534400K), 0.0346570 secs] 7270829K->5014077K(10982400K), 0.0351490 secs] [Times: user=0.27 sys=0.00, real=0.03 secs] 
21632.026: [GC 21632.027: [ParNew: 2281553K->27181K(2534400K), 0.0300200 secs] 7266877K->5013835K(10982400K), 0.0305530 secs] [Times: user=0.20 sys=0.01, real=0.03 secs] 
21635.284: [GC 21635.284: [ParNew: 2279981K->47602K(2534400K), 0.0386190 secs] 7266635K->5035422K(10982400K), 0.0391510 secs] [Times: user=0.32 sys=0.01, real=0.04 secs] 
21638.854: [GC 21638.854: [ParNew: 2300402K->39868K(2534400K), 0.0468530 secs] 7288222K->5031073K(10982400K), 0.0473590 secs] [Times: user=0.33 sys=0.01, real=0.05 secs] 
21642.651: [GC 21642.652: [ParNew: 2292668K->33488K(2534400K), 0.0391340 secs] 7283873K->5026397K(10982400K), 0.0396580 secs] [Times: user=0.28 sys=0.00, real=0.04 secs] 
21646.354: [GC 21646.354: [ParNew: 2286288K->88086K(2534400K), 0.0557670 secs] 7279197K->5081663K(10982400K), 0.0563110 secs] [Times: user=0.50 sys=0.00, real=0.06 secs] 
21649.301: [GC 21649.302: [ParNew: 2340886K->95849K(2534400K), 0.0401030 secs] 7334463K->5090456K(10982400K), 0.0406340 secs] [Times: user=0.32 sys=0.00, real=0.04 secs] 
21652.111: [GC 21652.112: [ParNew: 2348649K->134532K(2534400K), 0.0799700 secs] 7343256K->5130778K(10982400K), 0.0805010 secs] [Times: user=0.52 sys=0.00, real=0.08 secs] 
21654.859: [GC 21654.859: [ParNew: 2387332K->109907K(2534400K), 0.0729630 secs] 7383578K->5107733K(10982400K), 0.0735080 secs] [Times: user=0.30 sys=0.00, real=0.08 secs] 
21656.604: [GC 21656.604: [ParNew: 2362707K->58168K(2534400K), 0.0485290 secs] 7360533K->5061445K(10982400K), 0.0490870 secs] [Times: user=0.32 sys=0.00, real=0.05 secs] 
21658.648: [GC 21658.649: [ParNew: 2310968K->67272K(2534400K), 0.0465630 secs] 7314245K->5072799K(10982400K), 0.0470870 secs] [Times: user=0.39 sys=0.00, real=0.05 secs] 
21661.711: [GC 21661.711: [ParNew: 2320072K->50115K(2534400K), 0.0389140 secs] 7325599K->5056495K(10982400K), 0.0395010 secs] [Times: user=0.24 sys=0.00, real=0.04 secs] 
21665.072: [GC 21665.073: [ParNew: 2302915K->37839K(2534400K), 0.0380850 secs] 7309295K->5046091K(10982400K), 0.0386200 secs] [Times: user=0.26 sys=0.00, real=0.04 secs] 
21666.917: [GC 21666.918: [ParNew: 2290639K->43666K(2534400K), 0.0301800 secs] 7298891K->5052787K(10982400K), 0.0307010 secs] [Times: user=0.29 sys=0.00, real=0.03 secs] 
21669.507: [GC 21669.507: [ParNew: 2296466K->44611K(2534400K), 0.0341460 secs] 7305587K->5055073K(10982400K), 0.0346810 secs] [Times: user=0.29 sys=0.00, real=0.03 secs] 
21671.685: [GC 21671.685: [ParNew: 2297411K->43307K(2534400K), 0.0291850 secs] 7307873K->5054340K(10982400K), 0.0297120 secs] [Times: user=0.23 sys=0.00, real=0.03 secs] 
21673.319: [GC 21673.319: [ParNew: 2296107K->34691K(2534400K), 0.0374640 secs] 7307140K->5057092K(10982400K), 0.0379850 secs] [Times: user=0.28 sys=0.01, real=0.04 secs] 
21675.483: [GC 21675.483: [ParNew: 2286756K->25297K(2534400K), 0.0307700 secs] 7309157K->5049112K(10982400K), 0.0312950 secs] [Times: user=0.25 sys=0.00, real=0.04 secs] 
21678.934: [GC 21678.934: [ParNew: 2278097K->69752K(2534400K), 0.0465260 secs] 7301912K->5095231K(10982400K), 0.0470530 secs] [Times: user=0.48 sys=0.00, real=0.04 secs] 
21681.412: [GC 21681.412: [ParNew: 2322552K->52528K(2534400K), 0.0348330 secs] 7348031K->5081298K(10982400K), 0.0353290 secs] [Times: user=0.25 sys=0.00, real=0.04 secs] 
21684.940: [GC 21684.940: [ParNew: 2305328K->42857K(2534400K), 0.0437330 secs] 7334098K->5072935K(10982400K), 0.0442310 secs] [Times: user=0.36 sys=0.00, real=0.05 secs] 
21687.700: [GC 21687.701: [ParNew: 2295657K->123468K(2534400K), 0.0675390 secs] 7325735K->5154446K(10982400K), 0.0680300 secs] [Times: user=0.60 sys=0.00, real=0.07 secs] 
21690.401: [GC 21690.402: [ParNew: 2376268K->82171K(2534400K), 0.0399640 secs] 7407246K->5114279K(10982400K), 0.0404950 secs] [Times: user=0.23 sys=0.00, real=0.04 secs] 
21693.077: [GC 21693.077: [ParNew: 2334971K->44892K(2534400K), 0.0454960 secs] 7367079K->5078188K(10982400K), 0.0459950 secs] [Times: user=0.24 sys=0.01, real=0.04 secs] 
21696.985: [GC 21696.985: [ParNew: 2297692K->79328K(2534400K), 0.0849570 secs] 7330988K->5113613K(10982400K), 0.0854980 secs] [Times: user=0.32 sys=0.00, real=0.09 secs] 
21699.582: [GC 21699.583: [ParNew: 2332128K->105158K(2534400K), 0.0939480 secs] 7366413K->5140893K(10982400K), 0.0944390 secs] [Times: user=0.34 sys=0.01, real=0.10 secs] 
21701.257: [GC 21701.258: [ParNew: 2357958K->85777K(2534400K), 0.0678330 secs] 7393693K->5122733K(10982400K), 0.0683260 secs] [Times: user=0.33 sys=0.00, real=0.06 secs] 
21703.120: [GC 21703.120: [ParNew: 2338577K->102546K(2534400K), 0.0819890 secs] 7375533K->5140370K(10982400K), 0.0826170 secs] [Times: user=0.31 sys=0.01, real=0.08 secs] 
21705.211: [GC 21705.212: [ParNew: 2355346K->42899K(2534400K), 0.0325410 secs] 7393170K->5082385K(10982400K), 0.0330350 secs] [Times: user=0.28 sys=0.00, real=0.03 secs] 
21708.470: [GC 21708.470: [ParNew: 2295699K->37433K(2534400K), 0.0406280 secs] 7335185K->5079029K(10982400K), 0.0412150 secs] [Times: user=0.28 sys=0.00, real=0.04 secs] 
21711.460: [GC 21711.460: [ParNew: 2290233K->61086K(2534400K), 0.0501180 secs] 7331829K->5104074K(10982400K), 0.0508290 secs] [Times: user=0.35 sys=0.00, real=0.05 secs] 
21715.587: [GC 21715.587: [ParNew: 2313886K->41180K(2534400K), 0.0489130 secs] 7356874K->5085042K(10982400K), 0.0495880 secs] [Times: user=0.28 sys=0.00, real=0.05 secs] 
21717.208: [GC 21717.209: [ParNew: 2293980K->81567K(2534400K), 0.0409640 secs] 7337842K->5127499K(10982400K), 0.0415370 secs] [Times: user=0.50 sys=0.00, real=0.05 secs] 
21719.264: [GC 21719.264: [ParNew: 2334367K->64183K(2534400K), 0.0366620 secs] 7380299K->5113080K(10982400K), 0.0372460 secs] [Times: user=0.19 sys=0.01, real=0.04 secs] 
21722.729: [GC 21722.730: [ParNew: 2316983K->54191K(2534400K), 0.0411040 secs] 7365880K->5103568K(10982400K), 0.0416930 secs] [Times: user=0.35 sys=0.00, real=0.05 secs] 
21726.422: [GC 21726.422: [ParNew: 2306991K->46694K(2534400K), 0.0442150 secs] 7356368K->5097946K(10982400K), 0.0448170 secs] [Times: user=0.31 sys=0.00, real=0.04 secs] 
21728.093: [GC 21728.093: [ParNew: 2299494K->45939K(2534400K), 0.0292270 secs] 7350746K->5097980K(10982400K), 0.0297930 secs] [Times: user=0.27 sys=0.00, real=0.03 secs] 
21731.427: [GC 21731.427: [ParNew: 2298739K->84797K(2534400K), 0.0704780 secs] 7350780K->5137774K(10982400K), 0.0711500 secs] [Times: user=0.35 sys=0.00, real=0.07 secs] 
21734.005: [GC 21734.005: [ParNew: 2337597K->43009K(2534400K), 0.0369430 secs] 7390574K->5097618K(10982400K), 0.0375220 secs] [Times: user=0.26 sys=0.00, real=0.04 secs] 
21737.504: [GC 21737.504: [ParNew: 2295809K->73322K(2534400K), 0.0577090 secs] 7350418K->5129451K(10982400K), 0.0583070 secs] [Times: user=0.32 sys=0.00, real=0.06 secs] 
21739.834: [GC 21739.835: [ParNew: 2326122K->39692K(2534400K), 0.0352930 secs] 7382251K->5096317K(10982400K), 0.0359430 secs] [Times: user=0.25 sys=0.00, real=0.03 secs] 
21742.160: [GC 21742.160: [ParNew: 2292492K->87941K(2534400K), 0.0881350 secs] 7349117K->5145730K(10982400K), 0.0887230 secs] [Times: user=0.32 sys=0.01, real=0.09 secs] 
21745.201: [GC 21745.201: [ParNew: 2340741K->49940K(2534400K), 0.0568680 secs] 7398530K->5108992K(10982400K), 0.0574980 secs] [Times: user=0.27 sys=0.00, real=0.06 secs] 
21748.239: [GC 21748.239: [ParNew: 2302740K->143306K(2534400K), 0.1157870 secs] 7361792K->5205292K(10982400K), 0.1163830 secs] [Times: user=0.44 sys=0.00, real=0.12 secs] 
21750.282: [GC 21750.283: [ParNew: 2396106K->160435K(2534400K), 0.1353410 secs] 7458092K->5223540K(10982400K), 0.1359450 secs] [Times: user=0.34 sys=0.00, real=0.14 secs] 
21752.734: [GC 21752.735: [ParNew: 2413235K->103243K(2534400K), 0.1004760 secs] 7476340K->5170752K(10982400K), 0.1010620 secs] [Times: user=0.34 sys=0.01, real=0.11 secs] 
21755.586: [GC 21755.586: [ParNew: 2356043K->132742K(2534400K), 0.1102930 secs] 7423552K->5200252K(10982400K), 0.1108840 secs] [Times: user=0.42 sys=0.00, real=0.11 secs] 
21756.801: [GC 21756.802: [ParNew: 2385542K->122264K(2534400K), 0.0799230 secs] 7453052K->5190934K(10982400K), 0.0806100 secs] [Times: user=0.53 sys=0.00, real=0.08 secs] 
21758.291: [GC 21758.292: [ParNew: 2375064K->104268K(2534400K), 0.0737330 secs] 7443734K->5174121K(10982400K), 0.0743200 secs] [Times: user=0.27 sys=0.00, real=0.08 secs] 
21758.368: [GC [1 CMS-initial-mark: 5069852K(8448000K)] 5174279K(10982400K), 0.0572890 secs] [Times: user=0.05 sys=0.00, real=0.05 secs] 
21761.422: [GC 21761.422: [ParNew: 2357068K->50350K(2534400K), 0.0437810 secs] 7426921K->5120686K(10982400K), 0.0443840 secs] [Times: user=0.30 sys=0.00, real=0.05 secs] 
21763.562: [GC[YG occupancy: 1610406 K (2534400 K)]21763.562: [Rescan (parallel) , 0.4021210 secs]21763.964: [weak refs processing, 0.2223350 secs] [1 CMS-remark: 5070335K(8448000K)] 6680742K(10982400K), 0.6272770 secs] [Times: user=8.49 sys=0.03, real=0.63 secs] 
21764.495: [GC 21764.495: [ParNew: 2303150K->39867K(2534400K), 0.0396490 secs] 7328479K->5066585K(10982400K), 0.0401380 secs] [Times: user=0.30 sys=0.00, real=0.04 secs] 
21768.239: [GC 21768.239: [ParNew: 2292667K->35656K(2534400K), 0.0458050 secs] 6708313K->4451825K(10982400K), 0.0462960 secs] [Times: user=0.31 sys=0.00, real=0.04 secs] 
21769.871: [GC 21769.871: [ParNew: 2288456K->27665K(2534400K), 0.0261120 secs] 6160664K->3900625K(10982400K), 0.0266320 secs] [Times: user=0.22 sys=0.00, real=0.03 secs] 
21772.696: [GC 21772.696: [ParNew: 2280465K->45862K(2534400K), 0.0451400 secs] 6153425K->3919826K(10982400K), 0.0456430 secs] [Times: user=0.33 sys=0.00, real=0.05 secs] 
21775.104: [GC 21775.104: [ParNew: 2298662K->55273K(2534400K), 0.0388330 secs] 6172626K->3930256K(10982400K), 0.0394490 secs] [Times: user=0.30 sys=0.00, real=0.04 secs] 
21778.079: [GC 21778.079: [ParNew: 2308073K->72240K(2534400K), 0.0497440 secs] 6183056K->3950278K(10982400K), 0.0503490 secs] [Times: user=0.43 sys=0.00, real=0.06 secs] 
21781.039: [GC 21781.039: [ParNew: 2325040K->51831K(2534400K), 0.0440000 secs] 6203078K->3930816K(10982400K), 0.0447540 secs] [Times: user=0.29 sys=0.00, real=0.05 secs] 
21783.813: [GC 21783.813: [ParNew: 2304631K->36960K(2534400K), 0.0361860 secs] 6183616K->3917663K(10982400K), 0.0367850 secs] [Times: user=0.30 sys=0.00, real=0.04 secs] 
21787.383: [GC 21787.383: [ParNew: 2289760K->50821K(2534400K), 0.0423780 secs] 6170463K->3933404K(10982400K), 0.0429830 secs] [Times: user=0.27 sys=0.00, real=0.04 secs] 
21790.660: [GC 21790.660: [ParNew: 2303621K->69750K(2534400K), 0.0542580 secs] 6186204K->3953215K(10982400K), 0.0549440 secs] [Times: user=0.51 sys=0.00, real=0.05 secs] 
21794.804: [GC 21794.805: [ParNew: 2322550K->64649K(2534400K), 0.0549290 secs] 6206015K->3950222K(10982400K), 0.0556120 secs] [Times: user=0.34 sys=0.01, real=0.05 secs] 
21799.253: [GC 21799.254: [ParNew: 2317449K->46859K(2534400K), 0.0441530 secs] 6203022K->3933737K(10982400K), 0.0447460 secs] [Times: user=0.24 sys=0.00, real=0.04 secs] 
21801.178: [GC 21801.178: [ParNew: 2299659K->27122K(2534400K), 0.0290150 secs] 6186537K->3916535K(10982400K), 0.0296610 secs] [Times: user=0.19 sys=0.01, real=0.03 secs] 
21804.155: [GC 21804.155: [ParNew: 2279922K->41268K(2534400K), 0.0362460 secs] 6169335K->3931784K(10982400K), 0.0369370 secs] [Times: user=0.24 sys=0.00, real=0.04 secs] 
21807.020: [GC 21807.020: [ParNew: 2294068K->69329K(2534400K), 0.0434390 secs] 6184584K->3962005K(10982400K), 0.0441380 secs] [Times: user=0.40 sys=0.00, real=0.05 secs] 
21809.009: [GC 21809.009: [ParNew: 2322129K->77847K(2534400K), 0.0393140 secs] 6214805K->3974599K(10982400K), 0.0399480 secs] [Times: user=0.38 sys=0.00, real=0.04 secs] 
21811.744: [GC 21811.744: [ParNew: 2330647K->54997K(2534400K), 0.0378670 secs] 6227399K->3952158K(10982400K), 0.0385320 secs] [Times: user=0.23 sys=0.00, real=0.03 secs] 
21814.606: [GC 21814.607: [ParNew: 2307797K->43905K(2534400K), 0.0502750 secs] 6204958K->3941893K(10982400K), 0.0509550 secs] [Times: user=0.26 sys=0.00, real=0.05 secs] 
21817.088: [GC 21817.089: [ParNew: 2296705K->29912K(2534400K), 0.0324000 secs] 6194693K->3930815K(10982400K), 0.0329810 secs] [Times: user=0.19 sys=0.01, real=0.03 secs] 
21818.846: [GC 21818.847: [ParNew: 2282712K->82344K(2534400K), 0.0519930 secs] 6183615K->3983747K(10982400K), 0.0526670 secs] [Times: user=0.47 sys=0.01, real=0.05 secs] 
21820.638: [GC 21820.639: [ParNew: 2335144K->93542K(2534400K), 0.0732040 secs] 6236547K->3995557K(10982400K), 0.0738640 secs] [Times: user=0.31 sys=0.01, real=0.07 secs] 
21822.351: [GC 21822.351: [ParNew: 2346342K->104586K(2534400K), 0.0734070 secs] 6248357K->4007387K(10982400K), 0.0740600 secs] [Times: user=0.46 sys=0.00, real=0.08 secs] 
21823.778: [GC 21823.778: [ParNew: 2357386K->60382K(2534400K), 0.0406090 secs] 6260187K->3964172K(10982400K), 0.0412850 secs] [Times: user=0.24 sys=0.01, real=0.04 secs] 
21826.257: [GC 21826.257: [ParNew: 2313182K->72721K(2534400K), 0.0782700 secs] 6216972K->3977708K(10982400K), 0.0788540 secs] [Times: user=0.31 sys=0.01, real=0.08 secs] 
21829.730: [GC 21829.730: [ParNew: 2325521K->34900K(2534400K), 0.0373140 secs] 6230508K->3940363K(10982400K), 0.0379110 secs] [Times: user=0.25 sys=0.00, real=0.04 secs] 
21832.955: [GC 21832.955: [ParNew: 2287700K->56055K(2534400K), 0.0404520 secs] 6193163K->3961955K(10982400K), 0.0410470 secs] [Times: user=0.37 sys=0.00, real=0.04 secs] 
21836.228: [GC 21836.229: [ParNew: 2308855K->57431K(2534400K), 0.0486690 secs] 6214755K->3964089K(10982400K), 0.0494910 secs] [Times: user=0.34 sys=0.00, real=0.05 secs] 
21838.397: [GC 21838.398: [ParNew: 2310231K->55265K(2534400K), 0.0442450 secs] 6216889K->3963435K(10982400K), 0.0449280 secs] [Times: user=0.33 sys=0.00, real=0.05 secs] 
21841.777: [GC 21841.777: [ParNew: 2308065K->40887K(2534400K), 0.0437830 secs] 6216235K->3950379K(10982400K), 0.0443870 secs] [Times: user=0.29 sys=0.00, real=0.05 secs] 
21845.102: [GC 21845.102: [ParNew: 2293687K->31943K(2534400K), 0.0429700 secs] 6203179K->3942891K(10982400K), 0.0436530 secs] [Times: user=0.25 sys=0.00, real=0.04 secs] 
21847.943: [GC 21847.943: [ParNew: 2284743K->81762K(2534400K), 0.0458260 secs] 6195691K->3993757K(10982400K), 0.0464800 secs] [Times: user=0.53 sys=0.00, real=0.05 secs] 
21849.500: [GC 21849.501: [ParNew: 2334562K->113759K(2534400K), 0.0413110 secs] 6246557K->4026411K(10982400K), 0.0419790 secs] [Times: user=0.54 sys=0.00, real=0.04 secs] 
21851.608: [GC 21851.609: [ParNew: 2366559K->78771K(2534400K), 0.0403290 secs] 6279211K->3992340K(10982400K), 0.0410060 secs] [Times: user=0.39 sys=0.01, real=0.04 secs] 
21854.473: [GC 21854.474: [ParNew: 2331571K->72849K(2534400K), 0.0426240 secs] 6245140K->3987699K(10982400K), 0.0433010 secs] [Times: user=0.42 sys=0.00, real=0.04 secs] 
21856.925: [GC 21856.925: [ParNew: 2325649K->51865K(2534400K), 0.0401090 secs] 6240499K->3968175K(10982400K), 0.0407840 secs] [Times: user=0.31 sys=0.00, real=0.04 secs] 
21859.595: [GC 21859.595: [ParNew: 2304665K->44552K(2534400K), 0.0376620 secs] 6220975K->3962134K(10982400K), 0.0383250 secs] [Times: user=0.30 sys=0.01, real=0.04 secs] 
21862.474: [GC 21862.474: [ParNew: 2297352K->34914K(2534400K), 0.0395440 secs] 6214934K->3955246K(10982400K), 0.0402510 secs] [Times: user=0.28 sys=0.00, real=0.04 secs] 
21865.741: [GC 21865.741: [ParNew: 2287714K->52390K(2534400K), 0.0424000 secs] 6208046K->3974221K(10982400K), 0.0429980 secs] [Times: user=0.34 sys=0.00, real=0.05 secs] 
21869.410: [GC 21869.411: [ParNew: 2305190K->41109K(2534400K), 0.0436740 secs] 6227021K->3964503K(10982400K), 0.0443770 secs] [Times: user=0.29 sys=0.00, real=0.05 secs] 
21873.085: [GC 21873.085: [ParNew: 2293909K->47290K(2534400K), 0.0441400 secs] 6217303K->3972828K(10982400K), 0.0447420 secs] [Times: user=0.33 sys=0.00, real=0.04 secs] 
21876.411: [GC 21876.411: [ParNew: 2300090K->56690K(2534400K), 0.0474590 secs] 6225628K->3983350K(10982400K), 0.0481510 secs] [Times: user=0.32 sys=0.00, real=0.05 secs] 
21880.021: [GC 21880.022: [ParNew: 2309490K->40916K(2534400K), 0.0426810 secs] 6236150K->3968654K(10982400K), 0.0433910 secs] [Times: user=0.24 sys=0.01, real=0.05 secs] 
21882.711: [GC 21882.711: [ParNew: 2293716K->107840K(2534400K), 0.0548490 secs] 6221454K->4036678K(10982400K), 0.0554350 secs] [Times: user=0.74 sys=0.00, real=0.06 secs] 
21885.675: [GC 21885.675: [ParNew: 2360640K->134585K(2534400K), 0.0591680 secs] 6289478K->4064460K(10982400K), 0.0598490 secs] [Times: user=0.69 sys=0.00, real=0.06 secs] 
21889.152: [GC 21889.153: [ParNew: 2387385K->101388K(2534400K), 0.0498130 secs] 6317260K->4032425K(10982400K), 0.0504060 secs] [Times: user=0.46 sys=0.00, real=0.05 secs] 
21891.367: [GC 21891.368: [ParNew: 2354188K->50609K(2534400K), 0.0395220 secs] 6285225K->3982577K(10982400K), 0.0402130 secs] [Times: user=0.26 sys=0.00, real=0.04 secs] 
21894.205: [GC 21894.206: [ParNew: 2303409K->48762K(2534400K), 0.0410510 secs] 6235377K->3982362K(10982400K), 0.0416500 secs] [Times: user=0.31 sys=0.00, real=0.05 secs] 
21897.715: [GC 21897.716: [ParNew: 2301562K->40269K(2534400K), 0.0474710 secs] 6235162K->3975215K(10982400K), 0.0480840 secs] [Times: user=0.30 sys=0.00, real=0.05 secs] 
21899.451: [GC 21899.451: [ParNew: 2293069K->59599K(2534400K), 0.0405290 secs] 6228015K->3996297K(10982400K), 0.0411500 secs] [Times: user=0.37 sys=0.00, real=0.04 secs] 
21901.462: [GC 21901.462: [ParNew: 2312399K->74875K(2534400K), 0.0376890 secs] 6249097K->4012597K(10982400K), 0.0382800 secs] [Times: user=0.40 sys=0.00, real=0.04 secs] 
21905.366: [GC 21905.366: [ParNew: 2327675K->71812K(2534400K), 0.0512920 secs] 6265397K->4010219K(10982400K), 0.0519020 secs] [Times: user=0.41 sys=0.00, real=0.06 secs] 
21908.973: [GC 21908.973: [ParNew: 2324612K->54178K(2534400K), 0.0438670 secs] 6263019K->3995511K(10982400K), 0.0444550 secs] [Times: user=0.25 sys=0.00, real=0.04 secs] 
21912.002: [GC 21912.002: [ParNew: 2306978K->31695K(2534400K), 0.0367800 secs] 6248311K->3974520K(10982400K), 0.0374840 secs] [Times: user=0.24 sys=0.00, real=0.04 secs] 
21914.408: [GC 21914.409: [ParNew: 2284495K->30355K(2534400K), 0.0336480 secs] 6227320K->3974244K(10982400K), 0.0343270 secs] [Times: user=0.22 sys=0.00, real=0.04 secs] 
21918.321: [GC 21918.321: [ParNew: 2283155K->108003K(2534400K), 0.0549640 secs] 6227044K->4053975K(10982400K), 0.0554980 secs] [Times: user=0.66 sys=0.00, real=0.05 secs] 
21920.513: [GC 21920.513: [ParNew: 2360803K->118761K(2534400K), 0.0513070 secs] 6306775K->4067391K(10982400K), 0.0519280 secs] [Times: user=0.64 sys=0.00, real=0.05 secs] 
21922.779: [GC 21922.779: [ParNew: 2371561K->83941K(2534400K), 0.0389710 secs] 6320191K->4034953K(10982400K), 0.0395510 secs] [Times: user=0.32 sys=0.00, real=0.04 secs] 
21925.493: [GC 21925.493: [ParNew: 2336741K->34541K(2534400K), 0.0366070 secs] 6287753K->3987405K(10982400K), 0.0372040 secs] [Times: user=0.27 sys=0.00, real=0.03 secs] 
21927.856: [GC 21927.856: [ParNew: 2287341K->27241K(2534400K), 0.0296840 secs] 6240205K->3983207K(10982400K), 0.0302680 secs] [Times: user=0.22 sys=0.00, real=0.03 secs] 
21930.207: [GC 21930.208: [ParNew: 2280041K->24492K(2534400K), 0.0249270 secs] 6236007K->3981913K(10982400K), 0.0255130 secs] [Times: user=0.19 sys=0.00, real=0.03 secs] 
21933.825: [GC 21933.825: [ParNew: 2277292K->57923K(2534400K), 0.0483190 secs] 6234713K->4016862K(10982400K), 0.0489140 secs] [Times: user=0.42 sys=0.00, real=0.05 secs] 
21936.130: [GC 21936.130: [ParNew: 2310723K->42849K(2534400K), 0.0379480 secs] 6269662K->4003325K(10982400K), 0.0386010 secs] [Times: user=0.24 sys=0.00, real=0.04 secs] 
21938.508: [GC 21938.508: [ParNew: 2295649K->26434K(2534400K), 0.0347550 secs] 6256125K->3989141K(10982400K), 0.0353610 secs] [Times: user=0.24 sys=0.00, real=0.04 secs] 
21941.201: [GC 21941.201: [ParNew: 2279234K->68119K(2534400K), 0.0421710 secs] 6241941K->4032054K(10982400K), 0.0427580 secs] [Times: user=0.44 sys=0.00, real=0.05 secs] 
21943.524: [GC 21943.524: [ParNew: 2320919K->72606K(2534400K), 0.0381620 secs] 6284854K->4038214K(10982400K), 0.0387450 secs] [Times: user=0.40 sys=0.00, real=0.03 secs] 
21945.637: [GC 21945.637: [ParNew: 2325406K->58005K(2534400K), 0.0348050 secs] 6291014K->4024972K(10982400K), 0.0353950 secs] [Times: user=0.33 sys=0.00, real=0.03 secs] 
21948.210: [GC 21948.211: [ParNew: 2310805K->52685K(2534400K), 0.0366230 secs] 6277772K->4020414K(10982400K), 0.0373120 secs] [Times: user=0.28 sys=0.00, real=0.04 secs] 
21950.522: [GC 21950.522: [ParNew: 2305485K->98063K(2534400K), 0.0530080 secs] 6273214K->4066948K(10982400K), 0.0535950 secs] [Times: user=0.66 sys=0.00, real=0.06 secs] 
21952.182: [GC 21952.182: [ParNew: 2350863K->126728K(2534400K), 0.0620000 secs] 6319748K->4096241K(10982400K), 0.0626580 secs] [Times: user=0.54 sys=0.01, real=0.07 secs] 
21953.898: [GC 21953.898: [ParNew: 2379528K->84307K(2534400K), 0.0471790 secs] 6349041K->4056624K(10982400K), 0.0478410 secs] [Times: user=0.27 sys=0.00, real=0.05 secs] 
21956.017: [GC 21956.017: [ParNew: 2337107K->77732K(2534400K), 0.0512000 secs] 6309424K->4052561K(10982400K), 0.0517900 secs] [Times: user=0.39 sys=0.00, real=0.05 secs] 
21957.513: [GC 21957.514: [ParNew: 2330532K->76818K(2534400K), 0.0559680 secs] 6305361K->4053113K(10982400K), 0.0565480 secs] [Times: user=0.33 sys=0.00, real=0.06 secs] 
21958.977: [GC 21958.978: [ParNew: 2329618K->74150K(2534400K), 0.0530170 secs] 6305913K->4051830K(10982400K), 0.0536020 secs] [Times: user=0.35 sys=0.00, real=0.05 secs] 
21961.195: [GC 21961.196: [ParNew: 2326950K->106085K(2534400K), 0.0870900 secs] 6304630K->4084802K(10982400K), 0.0876290 secs] [Times: user=0.32 sys=0.00, real=0.09 secs] 
21964.310: [GC 21964.311: [ParNew: 2358885K->102533K(2534400K), 0.0933110 secs] 6337602K->4083001K(10982400K), 0.0938890 secs] [Times: user=0.28 sys=0.01, real=0.09 secs] 
21966.284: [GC 21966.284: [ParNew: 2355333K->50753K(2534400K), 0.0476800 secs] 6335801K->4032763K(10982400K), 0.0482110 secs] [Times: user=0.21 sys=0.00, real=0.05 secs] 
21969.185: [GC 21969.185: [ParNew: 2303553K->58765K(2534400K), 0.0647360 secs] 6285563K->4048428K(10982400K), 0.0652680 secs] [Times: user=0.26 sys=0.01, real=0.07 secs] 
21970.877: [GC 21970.877: [ParNew: 2311565K->59993K(2534400K), 0.0633880 secs] 6301228K->4051052K(10982400K), 0.0639150 secs] [Times: user=0.31 sys=0.00, real=0.07 secs] 
21972.290: [GC 21972.290: [ParNew: 2312793K->63367K(2534400K), 0.0589570 secs] 6303852K->4055296K(10982400K), 0.0596560 secs] [Times: user=0.31 sys=0.00, real=0.06 secs] 
21974.242: [GC 21974.242: [ParNew: 2316167K->153573K(2534400K), 0.1249430 secs] 6308096K->4146276K(10982400K), 0.1256320 secs] [Times: user=0.55 sys=0.00, real=0.13 secs] 
21976.560: [GC 21976.561: [ParNew: 2406373K->132725K(2534400K), 0.0945190 secs] 6399076K->4131225K(10982400K), 0.0951170 secs] [Times: user=0.48 sys=0.00, real=0.09 secs] 
21978.892: [GC 21978.893: [ParNew: 2385525K->140453K(2534400K), 0.1023160 secs] 6384025K->4138953K(10982400K), 0.1029120 secs] [Times: user=0.43 sys=0.00, real=0.10 secs] 
21981.030: [GC 21981.031: [ParNew: 2393253K->108312K(2534400K), 0.0940570 secs] 6391753K->4106812K(10982400K), 0.0948850 secs] [Times: user=0.36 sys=0.01, real=0.09 secs] 
21983.448: [GC 21983.449: [ParNew: 2361112K->108284K(2534400K), 0.1034230 secs] 6359612K->4110251K(10982400K), 0.1041100 secs] [Times: user=0.35 sys=0.01, real=0.11 secs] 
21985.786: [GC 21985.786: [ParNew: 2361084K->156924K(2534400K), 0.1310250 secs] 6363051K->4161236K(10982400K), 0.1317250 secs] [Times: user=0.49 sys=0.01, real=0.13 secs] 
21987.574: [GC 21987.574: [ParNew: 2409724K->106919K(2534400K), 0.0852450 secs] 6414036K->4117618K(10982400K), 0.0858450 secs] [Times: user=0.29 sys=0.00, real=0.09 secs] 
21989.280: [GC 21989.280: [ParNew: 2359719K->153920K(2534400K), 0.1212680 secs] 6370418K->4164618K(10982400K), 0.1219420 secs] [Times: user=0.49 sys=0.00, real=0.13 secs] 
21991.191: [GC 21991.191: [ParNew: 2406720K->121129K(2534400K), 0.1073690 secs] 6417418K->4139653K(10982400K), 0.1080730 secs] [Times: user=0.32 sys=0.00, real=0.11 secs] 
21993.102: [GC 21993.102: [ParNew: 2373929K->137788K(2534400K), 0.1315770 secs] 6392453K->4156312K(10982400K), 0.1322370 secs] [Times: user=0.33 sys=0.00, real=0.13 secs] 
21994.300: [GC 21994.300: [ParNew: 2390588K->115696K(2534400K), 0.1035010 secs] 6409112K->4134220K(10982400K), 0.1041130 secs] [Times: user=0.31 sys=0.00, real=0.11 secs] 
21995.777: [GC 21995.777: [ParNew: 2366387K->128713K(2534400K), 0.1321600 secs] 6384911K->4148259K(10982400K), 0.1327530 secs] [Times: user=0.51 sys=0.00, real=0.13 secs] 
21997.190: [GC 21997.190: [ParNew: 2381513K->159826K(2534400K), 0.1519580 secs] 6401059K->4181106K(10982400K), 0.1526500 secs] [Times: user=0.32 sys=0.00, real=0.16 secs] 
21999.668: [GC 21999.668: [ParNew: 2412626K->59424K(2534400K), 0.0709490 secs] 6433906K->4086072K(10982400K), 0.0716360 secs] [Times: user=0.30 sys=0.01, real=0.07 secs] 
22003.064: [GC 22003.065: [ParNew: 2312224K->54585K(2534400K), 0.0511880 secs] 6338872K->4081233K(10982400K), 0.0518790 secs] [Times: user=0.42 sys=0.01, real=0.05 secs] 
22005.994: [GC 22005.995: [ParNew: 2307385K->72831K(2534400K), 0.0463090 secs] 6334033K->4099478K(10982400K), 0.0469970 secs] [Times: user=0.42 sys=0.00, real=0.04 secs] 
22009.484: [GC 22009.484: [ParNew: 2325631K->53062K(2534400K), 0.0459480 secs] 6352278K->4079710K(10982400K), 0.0466400 secs] [Times: user=0.27 sys=0.00, real=0.04 secs] 
22012.304: [GC 22012.305: [ParNew: 2305862K->35774K(2534400K), 0.0434020 secs] 6332510K->4065056K(10982400K), 0.0440920 secs] [Times: user=0.27 sys=0.00, real=0.04 secs] 
22015.059: [GC 22015.060: [ParNew: 2288574K->28858K(2534400K), 0.0375410 secs] 6317856K->4060039K(10982400K), 0.0381340 secs] [Times: user=0.24 sys=0.00, real=0.04 secs] 
22017.576: [GC 22017.576: [ParNew: 2281658K->29838K(2534400K), 0.0425200 secs] 6312839K->4063881K(10982400K), 0.0431380 secs] [Times: user=0.27 sys=0.00, real=0.04 secs] 
22020.883: [GC 22020.884: [ParNew: 2282638K->37050K(2534400K), 0.0450120 secs] 6316681K->4072059K(10982400K), 0.0456100 secs] [Times: user=0.27 sys=0.01, real=0.05 secs] 
22023.921: [GC 22023.921: [ParNew: 2289850K->34568K(2534400K), 0.0418580 secs] 6324859K->4070723K(10982400K), 0.0425350 secs] [Times: user=0.25 sys=0.01, real=0.04 secs] 
22027.547: [GC 22027.547: [ParNew: 2287368K->34675K(2534400K), 0.0424470 secs] 6323523K->4073138K(10982400K), 0.0430510 secs] [Times: user=0.26 sys=0.00, real=0.04 secs] 
22030.744: [GC 22030.745: [ParNew: 2287475K->70339K(2534400K), 0.0546800 secs] 6325938K->4111684K(10982400K), 0.0553790 secs] [Times: user=0.43 sys=0.00, real=0.06 secs] 
22033.072: [GC 22033.072: [ParNew: 2323139K->47687K(2534400K), 0.0380520 secs] 6364484K->4091197K(10982400K), 0.0386330 secs] [Times: user=0.29 sys=0.00, real=0.04 secs] 
22035.358: [GC 22035.359: [ParNew: 2300487K->27619K(2534400K), 0.0334480 secs] 6343997K->4073458K(10982400K), 0.0340430 secs] [Times: user=0.19 sys=0.01, real=0.03 secs] 
22037.990: [GC 22037.990: [ParNew: 2280419K->50365K(2534400K), 0.0413150 secs] 6326258K->4097168K(10982400K), 0.0420170 secs] [Times: user=0.36 sys=0.01, real=0.04 secs] 
22041.602: [GC 22041.602: [ParNew: 2303165K->60978K(2534400K), 0.0492130 secs] 6349968K->4109046K(10982400K), 0.0499190 secs] [Times: user=0.34 sys=0.00, real=0.05 secs] 
22045.015: [GC 22045.016: [ParNew: 2313778K->44226K(2534400K), 0.0448880 secs] 6361846K->4092865K(10982400K), 0.0455660 secs] [Times: user=0.28 sys=0.01, real=0.05 secs] 
22048.833: [GC 22048.833: [ParNew: 2297026K->32324K(2534400K), 0.0467650 secs] 6345665K->4081944K(10982400K), 0.0474410 secs] [Times: user=0.26 sys=0.00, real=0.05 secs] 
22052.485: [GC 22052.485: [ParNew: 2285124K->28541K(2534400K), 0.0448540 secs] 6334744K->4078989K(10982400K), 0.0454560 secs] [Times: user=0.34 sys=0.00, real=0.05 secs] 
22056.775: [GC 22056.775: [ParNew: 2281341K->30003K(2534400K), 0.0470220 secs] 6331789K->4081280K(10982400K), 0.0476210 secs] [Times: user=0.28 sys=0.01, real=0.05 secs] 
22059.824: [GC 22059.825: [ParNew: 2282803K->58515K(2534400K), 0.0466010 secs] 6334080K->4110783K(10982400K), 0.0472720 secs] [Times: user=0.42 sys=0.01, real=0.05 secs] 
22062.284: [GC 22062.284: [ParNew: 2311315K->97208K(2534400K), 0.0445440 secs] 6363583K->4150766K(10982400K), 0.0452120 secs] [Times: user=0.51 sys=0.00, real=0.04 secs] 
22065.917: [GC 22065.918: [ParNew: 2350008K->78055K(2534400K), 0.0435940 secs] 6403566K->4133065K(10982400K), 0.0441910 secs] [Times: user=0.30 sys=0.00, real=0.05 secs] 
22069.031: [GC 22069.031: [ParNew: 2330855K->83116K(2534400K), 0.0488900 secs] 6385865K->4139098K(10982400K), 0.0494950 secs] [Times: user=0.49 sys=0.00, real=0.05 secs] 
22071.868: [GC 22071.868: [ParNew: 2335916K->67003K(2534400K), 0.0452980 secs] 6391898K->4123982K(10982400K), 0.0459910 secs] [Times: user=0.32 sys=0.01, real=0.05 secs] 
22075.140: [GC 22075.140: [ParNew: 2319803K->104445K(2534400K), 0.0542380 secs] 6376782K->4171715K(10982400K), 0.0549050 secs] [Times: user=0.61 sys=0.00, real=0.06 secs] 
22077.923: [GC 22077.923: [ParNew: 2357245K->89359K(2534400K), 0.0524800 secs] 6424515K->4160599K(10982400K), 0.0531560 secs] [Times: user=0.43 sys=0.00, real=0.06 secs] 
22080.964: [GC 22080.965: [ParNew: 2342159K->64689K(2534400K), 0.0428760 secs] 6413399K->4138300K(10982400K), 0.0435580 secs] [Times: user=0.27 sys=0.00, real=0.05 secs] 
22084.114: [GC 22084.115: [ParNew: 2317489K->59123K(2534400K), 0.0473100 secs] 6391100K->4140616K(10982400K), 0.0479100 secs] [Times: user=0.41 sys=0.00, real=0.05 secs] 
22084.917: [GC 22084.917: [ParNew: 2311923K->66836K(2534400K), 0.0292860 secs] 6393416K->4153183K(10982400K), 0.0298550 secs] [Times: user=0.39 sys=0.00, real=0.03 secs] 
22087.192: [GC 22087.192: [ParNew: 2319636K->49314K(2534400K), 0.0331560 secs] 6405983K->4137254K(10982400K), 0.0338350 secs] [Times: user=0.19 sys=0.01, real=0.04 secs] 
22088.923: [GC 22088.923: [ParNew: 2302114K->33833K(2534400K), 0.0306620 secs] 6390054K->4122572K(10982400K), 0.0312370 secs] [Times: user=0.23 sys=0.01, real=0.03 secs] 
22091.714: [GC 22091.714: [ParNew: 2286633K->37745K(2534400K), 0.0356030 secs] 6375372K->4129494K(10982400K), 0.0361990 secs] [Times: user=0.26 sys=0.00, real=0.04 secs] 
22094.211: [GC 22094.211: [ParNew: 2290545K->86971K(2534400K), 0.0483660 secs] 6382294K->4180780K(10982400K), 0.0489600 secs] [Times: user=0.55 sys=0.01, real=0.05 secs] 
22095.632: [GC 22095.632: [ParNew: 2339771K->97134K(2534400K), 0.0393450 secs] 6433580K->4191771K(10982400K), 0.0399320 secs] [Times: user=0.49 sys=0.01, real=0.04 secs] 
22097.975: [GC 22097.975: [ParNew: 2349934K->68632K(2534400K), 0.0352430 secs] 6444571K->4164047K(10982400K), 0.0359430 secs] [Times: user=0.24 sys=0.01, real=0.04 secs] 
22100.156: [GC 22100.157: [ParNew: 2321432K->40538K(2534400K), 0.0306320 secs] 6416847K->4137278K(10982400K), 0.0313260 secs] [Times: user=0.26 sys=0.01, real=0.04 secs] 
22101.765: [GC 22101.765: [ParNew: 2293338K->56208K(2534400K), 0.0374480 secs] 6390078K->4154620K(10982400K), 0.0381200 secs] [Times: user=0.38 sys=0.00, real=0.04 secs] 
22103.964: [GC 22103.965: [ParNew: 2309008K->43438K(2534400K), 0.0380700 secs] 6407420K->4142899K(10982400K), 0.0388520 secs] [Times: user=0.24 sys=0.00, real=0.04 secs] 
22109.057: [GC 22109.057: [ParNew: 2296238K->38596K(2534400K), 0.0531500 secs] 6395699K->4138846K(10982400K), 0.0538260 secs] [Times: user=0.26 sys=0.00, real=0.06 secs] 
22111.772: [GC 22111.772: [ParNew: 2291396K->63565K(2534400K), 0.0417630 secs] 6391646K->4164754K(10982400K), 0.0424400 secs] [Times: user=0.41 sys=0.00, real=0.04 secs] 
22114.495: [GC 22114.495: [ParNew: 2316365K->90844K(2534400K), 0.0470930 secs] 6417554K->4192612K(10982400K), 0.0478730 secs] [Times: user=0.44 sys=0.01, real=0.05 secs] 
22117.889: [GC 22117.889: [ParNew: 2343644K->100605K(2534400K), 0.0582070 secs] 6445412K->4204902K(10982400K), 0.0590120 secs] [Times: user=0.50 sys=0.00, real=0.06 secs] 
22120.342: [GC 22120.342: [ParNew: 2353405K->72665K(2534400K), 0.0542710 secs] 6457702K->4180199K(10982400K), 0.0549790 secs] [Times: user=0.45 sys=0.01, real=0.05 secs] 
22123.745: [GC 22123.746: [ParNew: 2325465K->59667K(2534400K), 0.0409650 secs] 6432999K->4168215K(10982400K), 0.0416630 secs] [Times: user=0.27 sys=0.00, real=0.04 secs] 
22126.665: [GC 22126.665: [ParNew: 2312467K->30158K(2534400K), 0.0401030 secs] 6421015K->4140113K(10982400K), 0.0407820 secs] [Times: user=0.28 sys=0.00, real=0.04 secs] 
22129.729: [GC 22129.729: [ParNew: 2282949K->50526K(2534400K), 0.0421700 secs] 6392904K->4161679K(10982400K), 0.0427630 secs] [Times: user=0.33 sys=0.01, real=0.05 secs] 
22132.766: [GC 22132.767: [ParNew: 2303326K->52717K(2534400K), 0.0476030 secs] 6414479K->4165689K(10982400K), 0.0482990 secs] [Times: user=0.35 sys=0.00, real=0.05 secs] 
22136.221: [GC 22136.221: [ParNew: 2305517K->95920K(2534400K), 0.0543920 secs] 6418489K->4209872K(10982400K), 0.0550620 secs] [Times: user=0.54 sys=0.01, real=0.06 secs] 
22138.073: [GC 22138.073: [ParNew: 2348720K->72949K(2534400K), 0.0381620 secs] 6462672K->4190085K(10982400K), 0.0387590 secs] [Times: user=0.27 sys=0.00, real=0.03 secs] 
22139.699: [GC 22139.699: [ParNew: 2325749K->90571K(2534400K), 0.0446810 secs] 6442885K->4210732K(10982400K), 0.0452980 secs] [Times: user=0.57 sys=0.00, real=0.05 secs] 
22142.850: [GC 22142.851: [ParNew: 2343371K->71306K(2534400K), 0.0431240 secs] 6463532K->4192274K(10982400K), 0.0437230 secs] [Times: user=0.26 sys=0.01, real=0.05 secs] 
22145.266: [GC 22145.267: [ParNew: 2324106K->53793K(2534400K), 0.0417770 secs] 6445074K->4176684K(10982400K), 0.0424610 secs] [Times: user=0.35 sys=0.00, real=0.04 secs] 
22149.039: [GC 22149.040: [ParNew: 2306593K->49062K(2534400K), 0.0540470 secs] 6429484K->4172403K(10982400K), 0.0546570 secs] [Times: user=0.40 sys=0.00, real=0.05 secs] 
22151.837: [GC 22151.838: [ParNew: 2301862K->105816K(2534400K), 0.0864760 secs] 6425203K->4230116K(10982400K), 0.0871660 secs] [Times: user=0.51 sys=0.01, real=0.08 secs] 
22153.859: [GC 22153.859: [ParNew: 2358616K->74594K(2534400K), 0.0543070 secs] 6482916K->4202829K(10982400K), 0.0549120 secs] [Times: user=0.27 sys=0.00, real=0.05 secs] 
22155.948: [GC 22155.949: [ParNew: 2327394K->95155K(2534400K), 0.0759360 secs] 6455629K->4225453K(10982400K), 0.0765710 secs] [Times: user=0.41 sys=0.00, real=0.07 secs] 
22159.413: [GC 22159.414: [ParNew: 2347955K->70094K(2534400K), 0.0712760 secs] 6478253K->4201985K(10982400K), 0.0718810 secs] [Times: user=0.33 sys=0.00, real=0.07 secs] 
22161.392: [GC 22161.392: [ParNew: 2322894K->44909K(2534400K), 0.0533470 secs] 6454785K->4178512K(10982400K), 0.0540950 secs] [Times: user=0.30 sys=0.00, real=0.05 secs] 
22163.270: [GC 22163.271: [ParNew: 2297709K->69254K(2534400K), 0.0554470 secs] 6431312K->4203958K(10982400K), 0.0560350 secs] [Times: user=0.35 sys=0.00, real=0.05 secs] 
22165.322: [GC 22165.322: [ParNew: 2322054K->83197K(2534400K), 0.0784710 secs] 6456758K->4220404K(10982400K), 0.0791930 secs] [Times: user=0.33 sys=0.01, real=0.08 secs] 
22167.525: [GC 22167.525: [ParNew: 2335997K->102217K(2534400K), 0.0767950 secs] 6473204K->4240783K(10982400K), 0.0775200 secs] [Times: user=0.39 sys=0.00, real=0.08 secs] 
22168.620: [GC 22168.621: [ParNew: 2355017K->61467K(2534400K), 0.0437250 secs] 6493583K->4200902K(10982400K), 0.0443870 secs] [Times: user=0.34 sys=0.00, real=0.04 secs] 
22170.662: [GC 22170.662: [ParNew: 2314267K->121439K(2534400K), 0.0717440 secs] 6453702K->4262365K(10982400K), 0.0724250 secs] [Times: user=0.59 sys=0.00, real=0.07 secs] 
22171.811: [GC 22171.812: [ParNew: 2374239K->165723K(2534400K), 0.0532030 secs] 6515165K->4308001K(10982400K), 0.0538860 secs] [Times: user=0.77 sys=0.00, real=0.05 secs] 
22173.747: [GC 22173.747: [ParNew: 2418523K->115443K(2534400K), 0.0403020 secs] 6560801K->4259222K(10982400K), 0.0409950 secs] [Times: user=0.25 sys=0.00, real=0.04 secs] 
22175.906: [GC 22175.906: [ParNew: 2368243K->115972K(2534400K), 0.0535420 secs] 6512022K->4260669K(10982400K), 0.0542250 secs] [Times: user=0.64 sys=0.01, real=0.06 secs] 
22178.022: [GC 22178.022: [ParNew: 2368772K->126251K(2534400K), 0.0577170 secs] 6513469K->4272105K(10982400K), 0.0584010 secs] [Times: user=0.68 sys=0.00, real=0.06 secs] 
22179.979: [GC 22179.979: [ParNew: 2379050K->89032K(2534400K), 0.0453430 secs] 6524904K->4235164K(10982400K), 0.0459550 secs] [Times: user=0.41 sys=0.00, real=0.05 secs] 
22182.645: [GC 22182.645: [ParNew: 2341832K->47159K(2534400K), 0.0504500 secs] 6487964K->4194531K(10982400K), 0.0510530 secs] [Times: user=0.37 sys=0.00, real=0.05 secs] 
22186.596: [GC 22186.596: [ParNew: 2299959K->43503K(2534400K), 0.0500390 secs] 6447331K->4191999K(10982400K), 0.0506570 secs] [Times: user=0.36 sys=0.00, real=0.05 secs] 
22191.133: [GC 22191.133: [ParNew: 2296303K->35816K(2534400K), 0.0451600 secs] 6444799K->4185792K(10982400K), 0.0457650 secs] [Times: user=0.26 sys=0.00, real=0.04 secs] 
22194.243: [GC 22194.243: [ParNew: 2288616K->42784K(2534400K), 0.0449980 secs] 6438592K->4194163K(10982400K), 0.0455870 secs] [Times: user=0.33 sys=0.00, real=0.04 secs] 
22197.169: [GC 22197.169: [ParNew: 2295584K->65393K(2534400K), 0.0453180 secs] 6446963K->4217507K(10982400K), 0.0459120 secs] [Times: user=0.40 sys=0.01, real=0.05 secs] 
22198.805: [GC 22198.805: [ParNew: 2318193K->49399K(2534400K), 0.0397760 secs] 6470307K->4204250K(10982400K), 0.0405580 secs] [Times: user=0.25 sys=0.00, real=0.04 secs] 
22202.804: [GC 22202.805: [ParNew: 2302199K->42330K(2534400K), 0.0487520 secs] 6457050K->4200984K(10982400K), 0.0493550 secs] [Times: user=0.31 sys=0.00, real=0.05 secs] 
22204.600: [GC 22204.600: [ParNew: 2295130K->38904K(2534400K), 0.0358290 secs] 6453784K->4198683K(10982400K), 0.0365040 secs] [Times: user=0.28 sys=0.01, real=0.04 secs] 
22207.041: [GC 22207.042: [ParNew: 2291704K->68816K(2534400K), 0.0411650 secs] 6451483K->4230073K(10982400K), 0.0418440 secs] [Times: user=0.40 sys=0.01, real=0.04 secs] 
22210.968: [GC 22210.968: [ParNew: 2321616K->51829K(2534400K), 0.0438840 secs] 6482873K->4214208K(10982400K), 0.0447000 secs] [Times: user=0.26 sys=0.00, real=0.04 secs] 
22212.966: [GC 22212.967: [ParNew: 2304629K->60156K(2534400K), 0.0456040 secs] 6467008K->4230035K(10982400K), 0.0464090 secs] [Times: user=0.41 sys=0.00, real=0.04 secs] 
22215.293: [GC 22215.293: [ParNew: 2312956K->66896K(2534400K), 0.0504560 secs] 6482835K->4242901K(10982400K), 0.0511490 secs] [Times: user=0.50 sys=0.00, real=0.05 secs] 
22217.103: [GC 22217.104: [ParNew: 2319696K->65352K(2534400K), 0.0513890 secs] 6495701K->4242434K(10982400K), 0.0520760 secs] [Times: user=0.21 sys=0.00, real=0.06 secs] 
22219.516: [GC 22219.517: [ParNew: 2318152K->32381K(2534400K), 0.0376660 secs] 6495234K->4210933K(10982400K), 0.0383640 secs] [Times: user=0.21 sys=0.00, real=0.03 secs] 
22222.080: [GC 22222.080: [ParNew: 2285181K->40815K(2534400K), 0.0517350 secs] 6463733K->4220782K(10982400K), 0.0524070 secs] [Times: user=0.27 sys=0.01, real=0.05 secs] 
22224.602: [GC 22224.603: [ParNew: 2293615K->56508K(2534400K), 0.0468710 secs] 6473582K->4237747K(10982400K), 0.0475710 secs] [Times: user=0.35 sys=0.00, real=0.05 secs] 
22228.599: [GC 22228.599: [ParNew: 2309308K->43098K(2534400K), 0.0458580 secs] 6490547K->4224973K(10982400K), 0.0464570 secs] [Times: user=0.30 sys=0.00, real=0.04 secs] 
22230.561: [GC 22230.561: [ParNew: 2295898K->30404K(2534400K), 0.0300250 secs] 6477773K->4213987K(10982400K), 0.0306110 secs] [Times: user=0.24 sys=0.00, real=0.03 secs] 
22232.559: [GC 22232.560: [ParNew: 2283204K->87906K(2534400K), 0.0468140 secs] 6466787K->4275307K(10982400K), 0.0473970 secs] [Times: user=0.57 sys=0.00, real=0.04 secs] 
22234.526: [GC 22234.526: [ParNew: 2340706K->116478K(2534400K), 0.0522100 secs] 6528107K->4304828K(10982400K), 0.0527950 secs] [Times: user=0.67 sys=0.01, real=0.06 secs] 
22236.266: [GC 22236.266: [ParNew: 2369278K->77526K(2534400K), 0.0349080 secs] 6557628K->4269515K(10982400K), 0.0355500 secs] [Times: user=0.31 sys=0.00, real=0.04 secs] 
22238.283: [GC 22238.284: [ParNew: 2330326K->88156K(2534400K), 0.0445890 secs] 6522315K->4281072K(10982400K), 0.0452000 secs] [Times: user=0.53 sys=0.00, real=0.05 secs] 
22239.813: [GC 22239.813: [ParNew: 2340956K->70380K(2534400K), 0.0379110 secs] 6533872K->4264521K(10982400K), 0.0385030 secs] [Times: user=0.41 sys=0.00, real=0.04 secs] 
22242.019: [GC 22242.019: [ParNew: 2323180K->58176K(2534400K), 0.0356130 secs] 6517321K->4253487K(10982400K), 0.0362110 secs] [Times: user=0.34 sys=0.00, real=0.03 secs] 
22243.309: [GC 22243.309: [ParNew: 2310976K->42664K(2534400K), 0.0302300 secs] 6506287K->4239062K(10982400K), 0.0308010 secs] [Times: user=0.28 sys=0.00, real=0.03 secs] 
22245.395: [GC 22245.396: [ParNew: 2295464K->38811K(2534400K), 0.0338010 secs] 6491862K->4235919K(10982400K), 0.0343830 secs] [Times: user=0.25 sys=0.00, real=0.04 secs] 
22247.406: [GC 22247.406: [ParNew: 2291611K->28758K(2534400K), 0.0350870 secs] 6488719K->4226716K(10982400K), 0.0357520 secs] [Times: user=0.27 sys=0.01, real=0.04 secs] 
22250.603: [GC 22250.603: [ParNew: 2281558K->46647K(2534400K), 0.0423620 secs] 6479516K->4245418K(10982400K), 0.0429680 secs] [Times: user=0.32 sys=0.00, real=0.04 secs] 
22252.979: [GC 22252.979: [ParNew: 2299447K->74632K(2534400K), 0.0504720 secs] 6498218K->4274412K(10982400K), 0.0511660 secs] [Times: user=0.45 sys=0.00, real=0.05 secs] 
22255.919: [GC 22255.919: [ParNew: 2327432K->57494K(2534400K), 0.0444860 secs] 6527212K->4258307K(10982400K), 0.0451640 secs] [Times: user=0.33 sys=0.01, real=0.05 secs] 
22258.601: [GC 22258.602: [ParNew: 2309641K->70308K(2534400K), 0.0508360 secs] 6510453K->4271804K(10982400K), 0.0515170 secs] [Times: user=0.45 sys=0.00, real=0.06 secs] 
22261.214: [GC 22261.215: [ParNew: 2323108K->52424K(2534400K), 0.0526550 secs] 6524604K->4266953K(10982400K), 0.0532560 secs] [Times: user=0.26 sys=0.01, real=0.05 secs] 
22265.028: [GC 22265.028: [ParNew: 2305224K->51845K(2534400K), 0.0476270 secs] 6519753K->4269364K(10982400K), 0.0482160 secs] [Times: user=0.41 sys=0.00, real=0.05 secs] 
22268.349: [GC 22268.350: [ParNew: 2304645K->64788K(2534400K), 0.0455860 secs] 6522164K->4283886K(10982400K), 0.0462520 secs] [Times: user=0.37 sys=0.00, real=0.05 secs] 
22271.305: [GC 22271.305: [ParNew: 2317588K->52780K(2534400K), 0.0420160 secs] 6536686K->4272849K(10982400K), 0.0426880 secs] [Times: user=0.32 sys=0.00, real=0.04 secs] 
22274.677: [GC 22274.678: [ParNew: 2305580K->73736K(2534400K), 0.0459480 secs] 6525649K->4295122K(10982400K), 0.0465430 secs] [Times: user=0.40 sys=0.00, real=0.05 secs] 
22276.916: [GC 22276.916: [ParNew: 2326536K->46493K(2534400K), 0.0300540 secs] 6547922K->4270210K(10982400K), 0.0306460 secs] [Times: user=0.22 sys=0.01, real=0.03 secs] 
22279.172: [GC 22279.172: [ParNew: 2299293K->35362K(2534400K), 0.0354470 secs] 6523010K->4261318K(10982400K), 0.0361120 secs] [Times: user=0.26 sys=0.01, real=0.04 secs] 
22281.877: [GC 22281.877: [ParNew: 2288162K->49324K(2534400K), 0.0420800 secs] 6514118K->4276565K(10982400K), 0.0426720 secs] [Times: user=0.48 sys=0.00, real=0.04 secs] 
22284.593: [GC 22284.593: [ParNew: 2302124K->36451K(2534400K), 0.0367060 secs] 6529365K->4264894K(10982400K), 0.0373980 secs] [Times: user=0.27 sys=0.01, real=0.04 secs] 
22287.961: [GC 22287.961: [ParNew: 2289251K->33150K(2534400K), 0.0412840 secs] 6517694K->4262632K(10982400K), 0.0419610 secs] [Times: user=0.26 sys=0.00, real=0.04 secs] 
22290.428: [GC 22290.429: [ParNew: 2285950K->102807K(2534400K), 0.0573020 secs] 6515432K->4333010K(10982400K), 0.0580210 secs] [Times: user=0.71 sys=0.00, real=0.06 secs] 
22292.623: [GC 22292.624: [ParNew: 2355607K->76396K(2534400K), 0.0327260 secs] 6585810K->4307389K(10982400K), 0.0334170 secs] [Times: user=0.28 sys=0.00, real=0.04 secs] 
22294.819: [GC 22294.819: [ParNew: 2329196K->65890K(2534400K), 0.0373430 secs] 6560189K->4298166K(10982400K), 0.0380160 secs] [Times: user=0.39 sys=0.00, real=0.04 secs] 
22298.903: [GC 22298.903: [ParNew: 2318690K->56511K(2534400K), 0.0531390 secs] 6550966K->4295782K(10982400K), 0.0538100 secs] [Times: user=0.26 sys=0.00, real=0.05 secs] 
22302.972: [GC 22302.972: [ParNew: 2309311K->35129K(2534400K), 0.0461470 secs] 6548582K->4276135K(10982400K), 0.0468260 secs] [Times: user=0.30 sys=0.00, real=0.05 secs] 
22306.546: [GC 22306.547: [ParNew: 2287929K->44462K(2534400K), 0.0420860 secs] 6528935K->4288304K(10982400K), 0.0427500 secs] [Times: user=0.28 sys=0.00, real=0.05 secs] 
22310.345: [GC 22310.345: [ParNew: 2297262K->38769K(2534400K), 0.0429770 secs] 6541104K->4283532K(10982400K), 0.0435810 secs] [Times: user=0.29 sys=0.01, real=0.04 secs] 
22313.321: [GC 22313.321: [ParNew: 2291569K->64473K(2534400K), 0.0468520 secs] 6536332K->4310859K(10982400K), 0.0474430 secs] [Times: user=0.39 sys=0.01, real=0.04 secs] 
22316.459: [GC 22316.459: [ParNew: 2317273K->65963K(2534400K), 0.0439090 secs] 6563659K->4315990K(10982400K), 0.0445040 secs] [Times: user=0.38 sys=0.00, real=0.05 secs] 
22317.746: [GC 22317.746: [ParNew: 2318763K->127953K(2534400K), 0.0524250 secs] 6568790K->4379670K(10982400K), 0.0531140 secs] [Times: user=0.78 sys=0.00, real=0.05 secs] 
22320.068: [GC 22320.069: [ParNew: 2380753K->95084K(2534400K), 0.0383230 secs] 6632470K->4350205K(10982400K), 0.0389310 secs] [Times: user=0.24 sys=0.00, real=0.04 secs] 
22321.614: [GC 22321.614: [ParNew: 2347884K->29936K(2534400K), 0.0272140 secs] 6603005K->4286176K(10982400K), 0.0278800 secs] [Times: user=0.19 sys=0.00, real=0.03 secs] 
22325.759: [GC 22325.759: [ParNew: 2282736K->26672K(2534400K), 0.0521920 secs] 6538976K->4284759K(10982400K), 0.0528250 secs] [Times: user=0.36 sys=0.01, real=0.06 secs] 
22328.670: [GC 22328.670: [ParNew: 2279472K->29238K(2534400K), 0.0368200 secs] 6537559K->4288283K(10982400K), 0.0374040 secs] [Times: user=0.25 sys=0.01, real=0.04 secs] 
22332.362: [GC 22332.363: [ParNew: 2282038K->27990K(2534400K), 0.0398320 secs] 6541083K->4288362K(10982400K), 0.0405610 secs] [Times: user=0.28 sys=0.00, real=0.05 secs] 
22335.701: [GC 22335.701: [ParNew: 2280790K->26562K(2534400K), 0.0343520 secs] 6541162K->4287804K(10982400K), 0.0349530 secs] [Times: user=0.19 sys=0.00, real=0.04 secs] 
22338.867: [GC 22338.868: [ParNew: 2279362K->93787K(2534400K), 0.0504860 secs] 6540604K->4356708K(10982400K), 0.0510730 secs] [Times: user=0.58 sys=0.00, real=0.05 secs] 
22342.169: [GC 22342.169: [ParNew: 2346587K->81074K(2534400K), 0.0531230 secs] 6609508K->4345128K(10982400K), 0.0538460 secs] [Times: user=0.27 sys=0.00, real=0.05 secs] 
22344.743: [GC 22344.744: [ParNew: 2333874K->51869K(2534400K), 0.0393470 secs] 6597928K->4317682K(10982400K), 0.0400450 secs] [Times: user=0.35 sys=0.00, real=0.04 secs] 
22347.977: [GC 22347.977: [ParNew: 2304669K->40174K(2534400K), 0.0448630 secs] 6570482K->4306879K(10982400K), 0.0455370 secs] [Times: user=0.28 sys=0.00, real=0.04 secs] 
22351.982: [GC 22351.982: [ParNew: 2292974K->37886K(2534400K), 0.0458310 secs] 6559679K->4305541K(10982400K), 0.0466170 secs] [Times: user=0.30 sys=0.00, real=0.05 secs] 
22354.319: [GC 22354.319: [ParNew: 2290686K->70238K(2534400K), 0.0395660 secs] 6558341K->4338772K(10982400K), 0.0401480 secs] [Times: user=0.45 sys=0.00, real=0.04 secs] 
22358.573: [GC 22358.573: [ParNew: 2323038K->56618K(2534400K), 0.0500530 secs] 6591572K->4325937K(10982400K), 0.0506980 secs] [Times: user=0.33 sys=0.00, real=0.05 secs] 
22363.322: [GC 22363.322: [ParNew: 2309418K->31051K(2534400K), 0.0571600 secs] 6578737K->4301252K(10982400K), 0.0578020 secs] [Times: user=0.36 sys=0.00, real=0.06 secs] 
22368.208: [GC 22368.208: [ParNew: 2283851K->58496K(2534400K), 0.0523960 secs] 6554052K->4330840K(10982400K), 0.0530020 secs] [Times: user=0.43 sys=0.00, real=0.06 secs] 
22370.793: [GC 22370.793: [ParNew: 2311296K->45507K(2534400K), 0.0395630 secs] 6583640K->4318879K(10982400K), 0.0401580 secs] [Times: user=0.29 sys=0.01, real=0.04 secs] 
22373.268: [GC 22373.269: [ParNew: 2298307K->65469K(2534400K), 0.0392980 secs] 6571679K->4339701K(10982400K), 0.0399760 secs] [Times: user=0.44 sys=0.01, real=0.04 secs] 
22374.597: [GC 22374.598: [ParNew: 2318269K->61451K(2534400K), 0.0301730 secs] 6592501K->4336622K(10982400K), 0.0308170 secs] [Times: user=0.34 sys=0.00, real=0.03 secs] 
22376.235: [GC 22376.236: [ParNew: 2314251K->61976K(2534400K), 0.0340770 secs] 6589422K->4339806K(10982400K), 0.0347240 secs] [Times: user=0.36 sys=0.00, real=0.04 secs] 
22377.715: [GC 22377.716: [ParNew: 2314779K->48475K(2534400K), 0.0368410 secs] 6592609K->4329540K(10982400K), 0.0374190 secs] [Times: user=0.31 sys=0.00, real=0.04 secs] 
22377.755: [GC 22377.755: [ParNew: 48695K->33062K(2534400K), 0.0123150 secs] 4329760K->4314689K(10982400K), 0.0127890 secs] [Times: user=0.25 sys=0.00, real=0.01 secs] 
22379.848: [GC 22379.849: [ParNew: 2285862K->85413K(2534400K), 0.0477150 secs] 6567489K->4367945K(10982400K), 0.0483980 secs] [Times: user=0.54 sys=0.01, real=0.05 secs] 
22381.231: [GC 22381.232: [ParNew: 2338213K->93454K(2534400K), 0.0413840 secs] 6620745K->4377258K(10982400K), 0.0420640 secs] [Times: user=0.50 sys=0.00, real=0.04 secs] 
22382.634: [GC 22382.635: [ParNew: 2346254K->133055K(2534400K), 0.0430660 secs] 6630058K->4417984K(10982400K), 0.0437280 secs] [Times: user=0.63 sys=0.01, real=0.04 secs] 
22383.809: [GC 22383.809: [ParNew: 2385855K->91128K(2534400K), 0.0337270 secs] 6670784K->4376056K(10982400K), 0.0343930 secs] [Times: user=0.33 sys=0.00, real=0.04 secs] 
22386.782: [GC 22386.782: [ParNew: 2343928K->91726K(2534400K), 0.0628020 secs] 6628856K->4377696K(10982400K), 0.0634140 secs] [Times: user=0.84 sys=0.00, real=0.06 secs] 
22390.323: [GC 22390.324: [ParNew: 2344526K->71447K(2534400K), 0.0488720 secs] 6630496K->4358375K(10982400K), 0.0494700 secs] [Times: user=0.33 sys=0.00, real=0.05 secs] 
22393.044: [GC 22393.044: [ParNew: 2324247K->38126K(2534400K), 0.0397240 secs] 6611175K->4325684K(10982400K), 0.0403810 secs] [Times: user=0.24 sys=0.00, real=0.04 secs] 
22396.926: [GC 22396.926: [ParNew: 2290926K->61093K(2534400K), 0.0470350 secs] 6578484K->4349043K(10982400K), 0.0477020 secs] [Times: user=0.40 sys=0.01, real=0.05 secs] 
22399.774: [GC 22399.774: [ParNew: 2313893K->43706K(2534400K), 0.0344030 secs] 6601843K->4335974K(10982400K), 0.0349870 secs] [Times: user=0.27 sys=0.01, real=0.03 secs] 
22403.416: [GC 22403.417: [ParNew: 2296506K->61831K(2534400K), 0.0476770 secs] 6588774K->4355552K(10982400K), 0.0482700 secs] [Times: user=0.41 sys=0.00, real=0.05 secs] 
22406.306: [GC 22406.306: [ParNew: 2314631K->94529K(2534400K), 0.0572370 secs] 6608352K->4390571K(10982400K), 0.0578990 secs] [Times: user=0.56 sys=0.00, real=0.06 secs] 
22408.853: [GC 22408.853: [ParNew: 2347329K->146404K(2534400K), 0.0729990 secs] 6643371K->4444706K(10982400K), 0.0736200 secs] [Times: user=0.61 sys=0.00, real=0.08 secs] 
22411.919: [GC 22411.919: [ParNew: 2399204K->85403K(2534400K), 0.0409110 secs] 6697506K->4384234K(10982400K), 0.0415330 secs] [Times: user=0.24 sys=0.00, real=0.04 secs] 
22414.993: [GC 22414.994: [ParNew: 2338203K->59498K(2534400K), 0.0431380 secs] 6637034K->4359325K(10982400K), 0.0438290 secs] [Times: user=0.38 sys=0.00, real=0.05 secs] 
22417.822: [GC 22417.823: [ParNew: 2312298K->47739K(2534400K), 0.0419070 secs] 6612125K->4350000K(10982400K), 0.0425010 secs] [Times: user=0.27 sys=0.00, real=0.04 secs] 
22421.754: [GC 22421.755: [ParNew: 2300539K->93304K(2534400K), 0.0573380 secs] 6602800K->4397492K(10982400K), 0.0580440 secs] [Times: user=0.62 sys=0.00, real=0.06 secs] 
22424.713: [GC 22424.714: [ParNew: 2346104K->71850K(2534400K), 0.0449950 secs] 6650292K->4376974K(10982400K), 0.0456720 secs] [Times: user=0.29 sys=0.01, real=0.05 secs] 
22427.582: [GC 22427.583: [ParNew: 2324650K->46588K(2534400K), 0.0430270 secs] 6629774K->4352654K(10982400K), 0.0437070 secs] [Times: user=0.32 sys=0.00, real=0.04 secs] 
22430.352: [GC 22430.352: [ParNew: 2299388K->93479K(2534400K), 0.0513980 secs] 6605454K->4401469K(10982400K), 0.0520790 secs] [Times: user=0.54 sys=0.00, real=0.05 secs] 
22433.160: [GC 22433.160: [ParNew: 2346279K->68104K(2534400K), 0.0433140 secs] 6654269K->4377458K(10982400K), 0.0439810 secs] [Times: user=0.35 sys=0.00, real=0.04 secs] 
22436.706: [GC 22436.706: [ParNew: 2320904K->38424K(2534400K), 0.0443550 secs] 6630258K->4349481K(10982400K), 0.0449530 secs] [Times: user=0.29 sys=0.00, real=0.05 secs] 
22439.805: [GC 22439.805: [ParNew: 2291224K->58335K(2534400K), 0.0517430 secs] 6602281K->4371186K(10982400K), 0.0524370 secs] [Times: user=0.41 sys=0.00, real=0.05 secs] 
22443.019: [GC 22443.019: [ParNew: 2311135K->73487K(2534400K), 0.0503470 secs] 6623986K->4387217K(10982400K), 0.0509560 secs] [Times: user=0.46 sys=0.00, real=0.06 secs] 
22446.017: [GC 22446.018: [ParNew: 2326287K->69279K(2534400K), 0.0397910 secs] 6640017K->4383377K(10982400K), 0.0403880 secs] [Times: user=0.30 sys=0.00, real=0.04 secs] 
22450.105: [GC 22450.105: [ParNew: 2322079K->63302K(2534400K), 0.0485590 secs] 6636177K->4378183K(10982400K), 0.0491570 secs] [Times: user=0.38 sys=0.00, real=0.05 secs] 
22454.222: [GC 22454.223: [ParNew: 2316102K->50663K(2534400K), 0.0441870 secs] 6630983K->4366742K(10982400K), 0.0448860 secs] [Times: user=0.27 sys=0.00, real=0.04 secs] 
22457.851: [GC 22457.852: [ParNew: 2303463K->51731K(2534400K), 0.0449040 secs] 6619542K->4371937K(10982400K), 0.0455730 secs] [Times: user=0.33 sys=0.01, real=0.05 secs] 
22461.613: [GC 22461.614: [ParNew: 2304531K->40879K(2534400K), 0.0445010 secs] 6624737K->4362416K(10982400K), 0.0451870 secs] [Times: user=0.28 sys=0.00, real=0.04 secs] 
22464.408: [GC 22464.409: [ParNew: 2293679K->65582K(2534400K), 0.0439440 secs] 6615216K->4389130K(10982400K), 0.0446160 secs] [Times: user=0.44 sys=0.00, real=0.05 secs] 
22466.958: [GC 22466.958: [ParNew: 2318382K->52216K(2534400K), 0.0372090 secs] 6641930K->4377087K(10982400K), 0.0378050 secs] [Times: user=0.24 sys=0.00, real=0.04 secs] 
22469.942: [GC 22469.943: [ParNew: 2305016K->94926K(2534400K), 0.0538100 secs] 6629887K->4421196K(10982400K), 0.0544870 secs] [Times: user=0.60 sys=0.00, real=0.06 secs] 
22472.678: [GC 22472.679: [ParNew: 2347726K->72092K(2534400K), 0.0406110 secs] 6673996K->4399280K(10982400K), 0.0412170 secs] [Times: user=0.28 sys=0.01, real=0.04 secs] 
22476.106: [GC 22476.107: [ParNew: 2324892K->44655K(2534400K), 0.0439700 secs] 6652080K->4373292K(10982400K), 0.0446410 secs] [Times: user=0.31 sys=0.00, real=0.04 secs] 
22478.615: [GC 22478.616: [ParNew: 2297455K->32776K(2534400K), 0.0374940 secs] 6626092K->4363882K(10982400K), 0.0381630 secs] [Times: user=0.29 sys=0.00, real=0.03 secs] 
22482.166: [GC 22482.167: [ParNew: 2285576K->35997K(2534400K), 0.0488970 secs] 6616682K->4368858K(10982400K), 0.0495730 secs] [Times: user=0.32 sys=0.00, real=0.05 secs] 
22485.932: [GC 22485.932: [ParNew: 2288797K->33895K(2534400K), 0.0430930 secs] 6621658K->4368673K(10982400K), 0.0437910 secs] [Times: user=0.29 sys=0.01, real=0.05 secs] 
22488.673: [GC 22488.674: [ParNew: 2286695K->83297K(2534400K), 0.0481720 secs] 6621473K->4420676K(10982400K), 0.0487690 secs] [Times: user=0.54 sys=0.00, real=0.05 secs] 
22492.043: [GC 22492.044: [ParNew: 2336097K->80935K(2534400K), 0.0480910 secs] 6673476K->4418969K(10982400K), 0.0487050 secs] [Times: user=0.43 sys=0.00, real=0.05 secs] 
22495.408: [GC 22495.408: [ParNew: 2333735K->59918K(2534400K), 0.0427270 secs] 6671769K->4399395K(10982400K), 0.0433250 secs] [Times: user=0.27 sys=0.00, real=0.04 secs] 
22497.684: [GC 22497.685: [ParNew: 2312718K->63922K(2534400K), 0.0489680 secs] 6652195K->4405626K(10982400K), 0.0495870 secs] [Times: user=0.51 sys=0.00, real=0.05 secs] 
22500.478: [GC 22500.478: [ParNew: 2316722K->47291K(2534400K), 0.0393670 secs] 6658426K->4390344K(10982400K), 0.0399510 secs] [Times: user=0.26 sys=0.00, real=0.04 secs] 
22502.851: [GC 22502.851: [ParNew: 2300091K->26644K(2534400K), 0.0398700 secs] 6643144K->4372707K(10982400K), 0.0405260 secs] [Times: user=0.27 sys=0.01, real=0.04 secs] 
22505.787: [GC 22505.788: [ParNew: 2279444K->47622K(2534400K), 0.0529650 secs] 6625507K->4395574K(10982400K), 0.0536580 secs] [Times: user=0.36 sys=0.00, real=0.06 secs] 
22508.296: [GC 22508.296: [ParNew: 2300422K->61105K(2534400K), 0.0404820 secs] 6648374K->4411060K(10982400K), 0.0411340 secs] [Times: user=0.37 sys=0.00, real=0.04 secs] 
22509.465: [GC 22509.466: [ParNew: 2313905K->40425K(2534400K), 0.0273440 secs] 6663860K->4391724K(10982400K), 0.0280080 secs] [Times: user=0.27 sys=0.00, real=0.03 secs] 
22511.956: [GC 22511.956: [ParNew: 2293225K->33355K(2534400K), 0.0343930 secs] 6644524K->4385171K(10982400K), 0.0349980 secs] [Times: user=0.29 sys=0.01, real=0.04 secs] 
22514.163: [GC 22514.163: [ParNew: 2286155K->27433K(2534400K), 0.0314060 secs] 6637971K->4380118K(10982400K), 0.0320010 secs] [Times: user=0.25 sys=0.00, real=0.03 secs] 
22517.225: [GC 22517.225: [ParNew: 2280233K->31639K(2534400K), 0.0355920 secs] 6632918K->4385214K(10982400K), 0.0361910 secs] [Times: user=0.25 sys=0.00, real=0.04 secs] 
22520.098: [GC 22520.099: [ParNew: 2284439K->54979K(2534400K), 0.0428460 secs] 6638014K->4409288K(10982400K), 0.0434700 secs] [Times: user=0.35 sys=0.00, real=0.05 secs] 
22522.983: [GC 22522.983: [ParNew: 2307773K->40213K(2534400K), 0.0432140 secs] 6662083K->4399188K(10982400K), 0.0438930 secs] [Times: user=0.26 sys=0.01, real=0.04 secs] 
22525.542: [GC 22525.542: [ParNew: 2293013K->74657K(2534400K), 0.0448300 secs] 6651988K->4434580K(10982400K), 0.0454090 secs] [Times: user=0.48 sys=0.01, real=0.04 secs] 
22528.169: [GC 22528.170: [ParNew: 2327457K->61972K(2534400K), 0.0439240 secs] 6687380K->4423839K(10982400K), 0.0445680 secs] [Times: user=0.33 sys=0.00, real=0.05 secs] 
22531.172: [GC 22531.172: [ParNew: 2314772K->37821K(2534400K), 0.0458170 secs] 6676639K->4402686K(10982400K), 0.0464700 secs] [Times: user=0.29 sys=0.00, real=0.05 secs] 
22534.452: [GC 22534.452: [ParNew: 2290621K->79036K(2534400K), 0.0807180 secs] 6655486K->4444646K(10982400K), 0.0813980 secs] [Times: user=0.35 sys=0.01, real=0.09 secs] 
22537.346: [GC 22537.346: [ParNew: 2331836K->90747K(2534400K), 0.0916070 secs] 6697446K->4460067K(10982400K), 0.0923030 secs] [Times: user=0.30 sys=0.00, real=0.09 secs] 
22539.395: [GC 22539.396: [ParNew: 2343547K->135223K(2534400K), 0.0721580 secs] 6712867K->4508382K(10982400K), 0.0728290 secs] [Times: user=0.76 sys=0.00, real=0.07 secs] 
22541.077: [GC 22541.077: [ParNew: 2388023K->101662K(2534400K), 0.0490620 secs] 6761182K->4475687K(10982400K), 0.0497830 secs] [Times: user=0.25 sys=0.00, real=0.05 secs] 
22544.129: [GC 22544.130: [ParNew: 2354462K->63494K(2534400K), 0.0477550 secs] 6728487K->4439304K(10982400K), 0.0484360 secs] [Times: user=0.41 sys=0.01, real=0.05 secs] 
22547.425: [GC 22547.426: [ParNew: 2316294K->50631K(2534400K), 0.0437750 secs] 6692104K->4427587K(10982400K), 0.0443670 secs] [Times: user=0.31 sys=0.00, real=0.04 secs] 
22551.855: [GC 22551.855: [ParNew: 2303431K->47113K(2534400K), 0.0492060 secs] 6680387K->4425462K(10982400K), 0.0498540 secs] [Times: user=0.29 sys=0.00, real=0.05 secs] 
22554.600: [GC 22554.601: [ParNew: 2299913K->56058K(2534400K), 0.0467890 secs] 6678262K->4434983K(10982400K), 0.0475630 secs] [Times: user=0.36 sys=0.01, real=0.05 secs] 
22557.439: [GC 22557.439: [ParNew: 2308858K->43019K(2534400K), 0.0458740 secs] 6687783K->4425096K(10982400K), 0.0464590 secs] [Times: user=0.30 sys=0.01, real=0.04 secs] 
22560.920: [GC 22560.921: [ParNew: 2295819K->35641K(2534400K), 0.0479280 secs] 6677896K->4419424K(10982400K), 0.0486090 secs] [Times: user=0.29 sys=0.01, real=0.05 secs] 
22564.330: [GC 22564.331: [ParNew: 2288441K->60720K(2534400K), 0.0500210 secs] 6672224K->4448885K(10982400K), 0.0507020 secs] [Times: user=0.39 sys=0.00, real=0.05 secs] 
22567.524: [GC 22567.524: [ParNew: 2313520K->52078K(2534400K), 0.0445330 secs] 6701685K->4443043K(10982400K), 0.0452120 secs] [Times: user=0.30 sys=0.01, real=0.05 secs] 
22570.857: [GC 22570.858: [ParNew: 2304878K->38323K(2534400K), 0.0395890 secs] 6695843K->4430766K(10982400K), 0.0401920 secs] [Times: user=0.25 sys=0.00, real=0.04 secs] 
22575.314: [GC 22575.315: [ParNew: 2291123K->30062K(2534400K), 0.0481580 secs] 6683566K->4423829K(10982400K), 0.0488440 secs] [Times: user=0.26 sys=0.00, real=0.05 secs] 
22579.225: [GC 22579.225: [ParNew: 2282862K->68289K(2534400K), 0.0495640 secs] 6676629K->4462874K(10982400K), 0.0502630 secs] [Times: user=0.44 sys=0.00, real=0.05 secs] 
22581.020: [GC 22581.020: [ParNew: 2321089K->47609K(2534400K), 0.0320450 secs] 6715674K->4445303K(10982400K), 0.0327240 secs] [Times: user=0.26 sys=0.00, real=0.04 secs] 
22582.943: [GC 22582.943: [ParNew: 2300409K->102421K(2534400K), 0.0461740 secs] 6698103K->4500884K(10982400K), 0.0468370 secs] [Times: user=0.60 sys=0.00, real=0.04 secs] 
22585.716: [GC 22585.716: [ParNew: 2355221K->79374K(2534400K), 0.0412170 secs] 6753684K->4479352K(10982400K), 0.0418990 secs] [Times: user=0.21 sys=0.00, real=0.04 secs] 
22588.446: [GC 22588.447: [ParNew: 2332174K->55666K(2534400K), 0.0422400 secs] 6732152K->4457481K(10982400K), 0.0429180 secs] [Times: user=0.39 sys=0.00, real=0.04 secs] 
22590.330: [GC 22590.331: [ParNew: 2308466K->63098K(2534400K), 0.0375890 secs] 6710281K->4465678K(10982400K), 0.0381720 secs] [Times: user=0.38 sys=0.00, real=0.04 secs] 
22593.403: [GC 22593.404: [ParNew: 2315898K->87893K(2534400K), 0.0504660 secs] 6718478K->4491802K(10982400K), 0.0510660 secs] [Times: user=0.49 sys=0.00, real=0.05 secs] 
22597.729: [GC 22597.729: [ParNew: 2340693K->62734K(2534400K), 0.0510910 secs] 6744602K->4467597K(10982400K), 0.0517660 secs] [Times: user=0.33 sys=0.00, real=0.05 secs] 
22601.894: [GC 22601.894: [ParNew: 2315534K->53569K(2534400K), 0.0527020 secs] 6720397K->4459537K(10982400K), 0.0533910 secs] [Times: user=0.34 sys=0.00, real=0.05 secs] 
22606.032: [GC 22606.033: [ParNew: 2306369K->41357K(2534400K), 0.0461500 secs] 6712337K->4448752K(10982400K), 0.0467590 secs] [Times: user=0.26 sys=0.00, real=0.05 secs] 
22609.692: [GC 22609.693: [ParNew: 2294157K->67921K(2534400K), 0.0544620 secs] 6701552K->4480108K(10982400K), 0.0551310 secs] [Times: user=0.48 sys=0.00, real=0.06 secs] 
22612.202: [GC 22612.203: [ParNew: 2320721K->57819K(2534400K), 0.0360470 secs] 6732908K->4470841K(10982400K), 0.0366410 secs] [Times: user=0.33 sys=0.00, real=0.04 secs] 
22615.379: [GC 22615.379: [ParNew: 2310619K->45666K(2534400K), 0.0395950 secs] 6723641K->4459812K(10982400K), 0.0401980 secs] [Times: user=0.21 sys=0.00, real=0.04 secs] 
22617.613: [GC 22617.613: [ParNew: 2298466K->48240K(2534400K), 0.0409980 secs] 6712612K->4464586K(10982400K), 0.0416200 secs] [Times: user=0.35 sys=0.00, real=0.04 secs] 
22619.976: [GC 22619.976: [ParNew: 2301040K->46486K(2534400K), 0.0420980 secs] 6717386K->4467181K(10982400K), 0.0427630 secs] [Times: user=0.26 sys=0.00, real=0.04 secs] 
22624.094: [GC 22624.094: [ParNew: 2299286K->30595K(2534400K), 0.0442040 secs] 6719981K->4452622K(10982400K), 0.0447930 secs] [Times: user=0.25 sys=0.00, real=0.05 secs] 
22627.220: [GC 22627.220: [ParNew: 2283395K->62691K(2534400K), 0.0489000 secs] 6705422K->4485805K(10982400K), 0.0494990 secs] [Times: user=0.50 sys=0.01, real=0.05 secs] 
22629.417: [GC 22629.417: [ParNew: 2315491K->91207K(2534400K), 0.0472390 secs] 6738605K->4515360K(10982400K), 0.0483510 secs] [Times: user=0.47 sys=0.00, real=0.05 secs] 
22632.963: [GC 22632.963: [ParNew: 2344007K->84364K(2534400K), 0.0533050 secs] 6768160K->4510286K(10982400K), 0.0539950 secs] [Times: user=0.47 sys=0.01, real=0.05 secs] 
22636.320: [GC 22636.320: [ParNew: 2337164K->61523K(2534400K), 0.0375590 secs] 6763086K->4488783K(10982400K), 0.0382440 secs] [Times: user=0.24 sys=0.00, real=0.03 secs] 
22638.893: [GC 22638.893: [ParNew: 2314323K->39962K(2534400K), 0.0398590 secs] 6741583K->4470376K(10982400K), 0.0405390 secs] [Times: user=0.32 sys=0.00, real=0.04 secs] 
22641.670: [GC 22641.670: [ParNew: 2292773K->35986K(2534400K), 0.0371160 secs] 6723187K->4469252K(10982400K), 0.0378060 secs] [Times: user=0.22 sys=0.00, real=0.03 secs] 
22641.711: [GC 22641.711: [ParNew: 37975K->30347K(2534400K), 0.0159160 secs] 4471242K->4467138K(10982400K), 0.0163830 secs] [Times: user=0.26 sys=0.00, real=0.01 secs] 
22644.469: [GC 22644.470: [ParNew: 2283147K->56537K(2534400K), 0.0404030 secs] 6719938K->4495176K(10982400K), 0.0410890 secs] [Times: user=0.34 sys=0.00, real=0.05 secs] 
22646.226: [GC 22646.227: [ParNew: 2309337K->48192K(2534400K), 0.0350470 secs] 6747975K->4490189K(10982400K), 0.0356420 secs] [Times: user=0.34 sys=0.01, real=0.04 secs] 
22648.531: [GC 22648.531: [ParNew: 2300992K->110588K(2534400K), 0.0535460 secs] 6742989K->4553945K(10982400K), 0.0541490 secs] [Times: user=0.52 sys=0.01, real=0.05 secs] 
22650.564: [GC 22650.565: [ParNew: 2363388K->90905K(2534400K), 0.0413020 secs] 6806745K->4534262K(10982400K), 0.0419820 secs] [Times: user=0.44 sys=0.00, real=0.04 secs] 
22653.242: [GC 22653.243: [ParNew: 2343705K->81374K(2534400K), 0.0516710 secs] 6787062K->4525991K(10982400K), 0.0522780 secs] [Times: user=0.32 sys=0.00, real=0.05 secs] 
22655.547: [GC 22655.547: [ParNew: 2334174K->69021K(2534400K), 0.0624230 secs] 6778791K->4517011K(10982400K), 0.0630280 secs] [Times: user=0.33 sys=0.00, real=0.06 secs] 
22658.041: [GC 22658.041: [ParNew: 2321821K->103041K(2534400K), 0.0637120 secs] 6769811K->4554096K(10982400K), 0.0643110 secs] [Times: user=0.57 sys=0.01, real=0.07 secs] 
22660.796: [GC 22660.796: [ParNew: 2355841K->87240K(2534400K), 0.0587530 secs] 6806896K->4539855K(10982400K), 0.0593700 secs] [Times: user=0.45 sys=0.01, real=0.06 secs] 
22664.669: [GC 22664.669: [ParNew: 2340040K->108513K(2534400K), 0.0623140 secs] 6792655K->4565554K(10982400K), 0.0629150 secs] [Times: user=0.56 sys=0.00, real=0.06 secs] 
22666.975: [GC 22666.976: [ParNew: 2361313K->76984K(2534400K), 0.0416180 secs] 6818354K->4535028K(10982400K), 0.0422070 secs] [Times: user=0.33 sys=0.01, real=0.04 secs] 
22668.641: [GC 22668.642: [ParNew: 2329784K->41481K(2534400K), 0.0342180 secs] 6787828K->4501227K(10982400K), 0.0347970 secs] [Times: user=0.33 sys=0.00, real=0.04 secs] 
22673.098: [GC 22673.098: [ParNew: 2294281K->48042K(2534400K), 0.0530600 secs] 6754027K->4508905K(10982400K), 0.0536390 secs] [Times: user=0.33 sys=0.00, real=0.05 secs] 
22676.445: [GC 22676.445: [ParNew: 2300842K->46753K(2534400K), 0.0424430 secs] 6761705K->4509228K(10982400K), 0.0429840 secs] [Times: user=0.33 sys=0.01, real=0.04 secs] 
22679.182: [GC 22679.183: [ParNew: 2299553K->50149K(2534400K), 0.0492290 secs] 6762028K->4513605K(10982400K), 0.0497470 secs] [Times: user=0.34 sys=0.00, real=0.05 secs] 
22683.523: [GC 22683.524: [ParNew: 2302949K->39067K(2534400K), 0.0585980 secs] 6766405K->4515543K(10982400K), 0.0591490 secs] [Times: user=0.28 sys=0.00, real=0.06 secs] 
22686.555: [GC 22686.556: [ParNew: 2291859K->26445K(2534400K), 0.0389890 secs] 6768334K->4505528K(10982400K), 0.0394890 secs] [Times: user=0.28 sys=0.00, real=0.04 secs] 
22689.223: [GC 22689.223: [ParNew: 2279245K->59365K(2534400K), 0.0432460 secs] 6758328K->4539425K(10982400K), 0.0437830 secs] [Times: user=0.41 sys=0.01, real=0.05 secs] 
22691.722: [GC 22691.723: [ParNew: 2312165K->107486K(2534400K), 0.0517860 secs] 6792225K->4588069K(10982400K), 0.0523190 secs] [Times: user=0.62 sys=0.01, real=0.05 secs] 
22695.037: [GC 22695.038: [ParNew: 2360286K->79962K(2534400K), 0.0429670 secs] 6840869K->4563583K(10982400K), 0.0435060 secs] [Times: user=0.29 sys=0.01, real=0.05 secs] 
22698.872: [GC 22698.872: [ParNew: 2332762K->43659K(2534400K), 0.0471850 secs] 6816383K->4528313K(10982400K), 0.0477470 secs] [Times: user=0.32 sys=0.01, real=0.05 secs] 
22701.891: [GC 22701.891: [ParNew: 2296459K->39482K(2534400K), 0.0397680 secs] 6781113K->4526216K(10982400K), 0.0403090 secs] [Times: user=0.30 sys=0.00, real=0.04 secs] 
22706.402: [GC 22706.402: [ParNew: 2292282K->39119K(2534400K), 0.0467610 secs] 6779016K->4527194K(10982400K), 0.0473130 secs] [Times: user=0.26 sys=0.01, real=0.04 secs] 
22709.628: [GC 22709.629: [ParNew: 2291919K->82236K(2534400K), 0.0525540 secs] 6779994K->4572206K(10982400K), 0.0530950 secs] [Times: user=0.53 sys=0.00, real=0.06 secs] 
22713.113: [GC 22713.114: [ParNew: 2335036K->61214K(2534400K), 0.0434070 secs] 6825006K->4552656K(10982400K), 0.0440630 secs] [Times: user=0.33 sys=0.00, real=0.04 secs] 
22716.618: [GC 22716.618: [ParNew: 2314014K->42582K(2534400K), 0.0440670 secs] 6805456K->4535255K(10982400K), 0.0445970 secs] [Times: user=0.31 sys=0.01, real=0.05 secs] 
22720.775: [GC 22720.775: [ParNew: 2295382K->50217K(2534400K), 0.0488390 secs] 6788055K->4544040K(10982400K), 0.0493860 secs] [Times: user=0.28 sys=0.00, real=0.05 secs] 
22723.130: [GC 22723.131: [ParNew: 2303017K->59944K(2534400K), 0.0391430 secs] 6796840K->4555939K(10982400K), 0.0396390 secs] [Times: user=0.35 sys=0.01, real=0.04 secs] 
22726.065: [GC 22726.065: [ParNew: 2312744K->61577K(2534400K), 0.0456980 secs] 6808739K->4558589K(10982400K), 0.0462320 secs] [Times: user=0.38 sys=0.00, real=0.04 secs] 
22729.294: [GC 22729.295: [ParNew: 2314377K->71714K(2534400K), 0.0445810 secs] 6811389K->4569756K(10982400K), 0.0450760 secs] [Times: user=0.39 sys=0.00, real=0.04 secs] 
22731.627: [GC 22731.627: [ParNew: 2324514K->51565K(2534400K), 0.0356470 secs] 6822556K->4551034K(10982400K), 0.0361500 secs] [Times: user=0.22 sys=0.00, real=0.04 secs] 
22734.309: [GC 22734.310: [ParNew: 2304365K->27914K(2534400K), 0.0339780 secs] 6803834K->4530030K(10982400K), 0.0344840 secs] [Times: user=0.21 sys=0.01, real=0.04 secs] 
22737.736: [GC 22737.736: [ParNew: 2280714K->26437K(2534400K), 0.0442970 secs] 6782830K->4530196K(10982400K), 0.0448570 secs] [Times: user=0.27 sys=0.00, real=0.04 secs] 
22740.323: [GC 22740.324: [ParNew: 2279237K->34537K(2534400K), 0.0417840 secs] 6782996K->4539457K(10982400K), 0.0423590 secs] [Times: user=0.30 sys=0.00, real=0.05 secs] 
22741.568: [GC 22741.568: [ParNew: 2287337K->47588K(2534400K), 0.0282610 secs] 6792257K->4552908K(10982400K), 0.0287770 secs] [Times: user=0.33 sys=0.00, real=0.03 secs] 
22744.652: [GC 22744.652: [ParNew: 2300388K->71409K(2534400K), 0.0436750 secs] 6805708K->4577661K(10982400K), 0.0441770 secs] [Times: user=0.39 sys=0.00, real=0.05 secs] 
22747.683: [GC 22747.683: [ParNew: 2324209K->57754K(2534400K), 0.0402790 secs] 6830461K->4565465K(10982400K), 0.0407820 secs] [Times: user=0.27 sys=0.00, real=0.04 secs] 
22751.390: [GC 22751.390: [ParNew: 2310554K->32873K(2534400K), 0.0486110 secs] 6818265K->4542103K(10982400K), 0.0491560 secs] [Times: user=0.32 sys=0.00, real=0.05 secs] 
22754.611: [GC 22754.612: [ParNew: 2285639K->47527K(2534400K), 0.0397620 secs] 6794869K->4556936K(10982400K), 0.0402740 secs] [Times: user=0.29 sys=0.01, real=0.04 secs] 
22757.234: [GC 22757.235: [ParNew: 2300327K->83599K(2534400K), 0.0468310 secs] 6809736K->4594213K(10982400K), 0.0473930 secs] [Times: user=0.50 sys=0.00, real=0.05 secs] 
22760.713: [GC 22760.713: [ParNew: 2336399K->67220K(2534400K), 0.0453680 secs] 6847013K->4580802K(10982400K), 0.0458970 secs] [Times: user=0.26 sys=0.00, real=0.05 secs] 
22762.385: [GC 22762.386: [ParNew: 2320020K->136665K(2534400K), 0.0883800 secs] 6833602K->4651134K(10982400K), 0.0888960 secs] [Times: user=1.03 sys=0.00, real=0.09 secs] 
22764.528: [GC 22764.529: [ParNew: 2389465K->92688K(2534400K), 0.0496870 secs] 6903934K->4607930K(10982400K), 0.0502340 secs] [Times: user=0.32 sys=0.00, real=0.05 secs] 
22767.005: [GC 22767.005: [ParNew: 2345488K->33164K(2534400K), 0.0387870 secs] 6860730K->4550317K(10982400K), 0.0392950 secs] [Times: user=0.28 sys=0.00, real=0.04 secs] 
22769.511: [GC 22769.511: [ParNew: 2285964K->57176K(2534400K), 0.0427730 secs] 6803117K->4577804K(10982400K), 0.0432650 secs] [Times: user=0.42 sys=0.00, real=0.04 secs] 
22773.209: [GC 22773.210: [ParNew: 2309976K->71227K(2534400K), 0.0499610 secs] 6830604K->4592841K(10982400K), 0.0505130 secs] [Times: user=0.41 sys=0.00, real=0.06 secs] 
22776.131: [GC 22776.131: [ParNew: 2323987K->50035K(2534400K), 0.0404490 secs] 6845601K->4572242K(10982400K), 0.0409810 secs] [Times: user=0.25 sys=0.00, real=0.04 secs] 
22777.922: [GC 22777.922: [ParNew: 2302835K->23479K(2534400K), 0.0263380 secs] 6825042K->4547387K(10982400K), 0.0268620 secs] [Times: user=0.27 sys=0.00, real=0.02 secs] 
22779.866: [GC 22779.867: [ParNew: 2276279K->25257K(2534400K), 0.0295900 secs] 6800187K->4550599K(10982400K), 0.0300900 secs] [Times: user=0.23 sys=0.00, real=0.03 secs] 
22781.582: [GC 22781.583: [ParNew: 2278057K->29634K(2534400K), 0.0289050 secs] 6803399K->4556279K(10982400K), 0.0294550 secs] [Times: user=0.23 sys=0.00, real=0.03 secs] 
22783.745: [GC 22783.746: [ParNew: 2282434K->40132K(2534400K), 0.0351560 secs] 6809079K->4568063K(10982400K), 0.0356910 secs] [Times: user=0.32 sys=0.00, real=0.04 secs] 
22785.278: [GC 22785.278: [ParNew: 2292932K->54852K(2534400K), 0.0317020 secs] 6820863K->4583281K(10982400K), 0.0322030 secs] [Times: user=0.34 sys=0.00, real=0.03 secs] 
22787.075: [GC 22787.075: [ParNew: 2307652K->96331K(2534400K), 0.0405290 secs] 6836081K->4625907K(10982400K), 0.0410130 secs] [Times: user=0.54 sys=0.00, real=0.04 secs] 
22789.107: [GC 22789.108: [ParNew: 2349131K->78999K(2534400K), 0.0405180 secs] 6878707K->4609902K(10982400K), 0.0410510 secs] [Times: user=0.41 sys=0.00, real=0.04 secs] 
22790.966: [GC 22790.966: [ParNew: 2331799K->73929K(2534400K), 0.0365220 secs] 6862702K->4607017K(10982400K), 0.0370300 secs] [Times: user=0.36 sys=0.01, real=0.04 secs] 
22793.770: [GC 22793.771: [ParNew: 2326729K->56161K(2534400K), 0.0434990 secs] 6859817K->4590459K(10982400K), 0.0440530 secs] [Times: user=0.25 sys=0.01, real=0.05 secs] 
22796.966: [GC 22796.966: [ParNew: 2308961K->37039K(2534400K), 0.0422630 secs] 6843259K->4572245K(10982400K), 0.0427690 secs] [Times: user=0.22 sys=0.01, real=0.04 secs] 
22799.139: [GC 22799.139: [ParNew: 2289808K->30865K(2534400K), 0.0416420 secs] 6825014K->4572665K(10982400K), 0.0422420 secs] [Times: user=0.24 sys=0.00, real=0.04 secs] 
22802.125: [GC 22802.125: [ParNew: 2283665K->27971K(2534400K), 0.0337390 secs] 6825465K->4570656K(10982400K), 0.0343390 secs] [Times: user=0.21 sys=0.00, real=0.03 secs] 
22806.405: [GC 22806.405: [ParNew: 2280771K->30858K(2534400K), 0.0506730 secs] 6823456K->4574806K(10982400K), 0.0513570 secs] [Times: user=0.35 sys=0.01, real=0.05 secs] 
22810.215: [GC 22810.215: [ParNew: 2283658K->28695K(2534400K), 0.0455610 secs] 6827606K->4574224K(10982400K), 0.0462650 secs] [Times: user=0.29 sys=0.01, real=0.04 secs] 
22812.161: [GC 22812.162: [ParNew: 2281495K->93169K(2534400K), 0.0503660 secs] 6827024K->4640229K(10982400K), 0.0510380 secs] [Times: user=0.61 sys=0.00, real=0.05 secs] 
22814.661: [GC 22814.661: [ParNew: 2345969K->73121K(2534400K), 0.0411410 secs] 6893029K->4621044K(10982400K), 0.0418260 secs] [Times: user=0.27 sys=0.00, real=0.04 secs] 
22817.338: [GC 22817.338: [ParNew: 2325921K->48588K(2534400K), 0.0443270 secs] 6873844K->4599017K(10982400K), 0.0450310 secs] [Times: user=0.31 sys=0.01, real=0.04 secs] 
22820.887: [GC 22820.888: [ParNew: 2301388K->84705K(2534400K), 0.0612020 secs] 6851817K->4635937K(10982400K), 0.0619260 secs] [Times: user=0.41 sys=0.00, real=0.06 secs] 
22824.121: [GC 22824.121: [ParNew: 2337505K->65501K(2534400K), 0.0510200 secs] 6888737K->4618297K(10982400K), 0.0517000 secs] [Times: user=0.35 sys=0.00, real=0.05 secs] 
22827.349: [GC 22827.350: [ParNew: 2318301K->89593K(2534400K), 0.0755650 secs] 6871097K->4643629K(10982400K), 0.0764660 secs] [Times: user=0.39 sys=0.00, real=0.07 secs] 
22829.845: [GC 22829.845: [ParNew: 2342393K->109205K(2534400K), 0.0976360 secs] 6896429K->4665612K(10982400K), 0.0982940 secs] [Times: user=0.33 sys=0.00, real=0.10 secs] 
22832.206: [GC 22832.206: [ParNew: 2362005K->64703K(2534400K), 0.0498060 secs] 6918412K->4622566K(10982400K), 0.0504970 secs] [Times: user=0.31 sys=0.00, real=0.05 secs] 
22835.677: [GC 22835.677: [ParNew: 2317503K->56905K(2534400K), 0.0512650 secs] 6875366K->4616246K(10982400K), 0.0519630 secs] [Times: user=0.33 sys=0.00, real=0.06 secs] 
22839.472: [GC 22839.472: [ParNew: 2309705K->61223K(2534400K), 0.0475150 secs] 6869046K->4621746K(10982400K), 0.0482360 secs] [Times: user=0.32 sys=0.00, real=0.05 secs] 
22841.678: [GC 22841.678: [ParNew: 2314023K->77701K(2534400K), 0.0416020 secs] 6874546K->4639284K(10982400K), 0.0422050 secs] [Times: user=0.44 sys=0.00, real=0.05 secs] 
22844.726: [GC 22844.726: [ParNew: 2330501K->71703K(2534400K), 0.0540390 secs] 6892084K->4644833K(10982400K), 0.0546460 secs] [Times: user=0.47 sys=0.01, real=0.06 secs] 
22847.214: [GC 22847.214: [ParNew: 2324503K->61056K(2534400K), 0.0436210 secs] 6897633K->4634894K(10982400K), 0.0442360 secs] [Times: user=0.41 sys=0.00, real=0.04 secs] 
22850.176: [GC 22850.177: [ParNew: 2313856K->49530K(2534400K), 0.0417540 secs] 6887694K->4624807K(10982400K), 0.0424650 secs] [Times: user=0.31 sys=0.00, real=0.04 secs] 
22853.906: [GC 22853.907: [ParNew: 2302330K->58419K(2534400K), 0.0501000 secs] 6877607K->4634883K(10982400K), 0.0507070 secs] [Times: user=0.41 sys=0.00, real=0.05 secs] 
22855.998: [GC 22855.999: [ParNew: 2311207K->47616K(2534400K), 0.0385300 secs] 6887671K->4624715K(10982400K), 0.0391220 secs] [Times: user=0.22 sys=0.00, real=0.04 secs] 
22858.088: [GC 22858.088: [ParNew: 2300416K->28630K(2534400K), 0.0380200 secs] 6877515K->4608047K(10982400K), 0.0386930 secs] [Times: user=0.22 sys=0.01, real=0.04 secs] 
22861.600: [GC 22861.601: [ParNew: 2281430K->28833K(2534400K), 0.0471130 secs] 6860847K->4609680K(10982400K), 0.0477940 secs] [Times: user=0.31 sys=0.00, real=0.05 secs] 
22864.192: [GC 22864.192: [ParNew: 2281633K->43973K(2534400K), 0.0434640 secs] 6862480K->4627884K(10982400K), 0.0440960 secs] [Times: user=0.33 sys=0.01, real=0.05 secs] 
22867.695: [GC 22867.695: [ParNew: 2296773K->65828K(2534400K), 0.0398780 secs] 6880684K->4651346K(10982400K), 0.0404990 secs] [Times: user=0.30 sys=0.00, real=0.04 secs] 
22870.702: [GC 22870.702: [ParNew: 2318628K->51275K(2534400K), 0.0482910 secs] 6904146K->4637436K(10982400K), 0.0489980 secs] [Times: user=0.30 sys=0.00, real=0.05 secs] 
22873.323: [GC 22873.324: [ParNew: 2304075K->78601K(2534400K), 0.0481700 secs] 6890236K->4665844K(10982400K), 0.0487650 secs] [Times: user=0.53 sys=0.00, real=0.05 secs] 
22877.116: [GC 22877.116: [ParNew: 2331401K->62931K(2534400K), 0.0647830 secs] 6918644K->4650879K(10982400K), 0.0655680 secs] [Times: user=0.36 sys=0.00, real=0.06 secs] 
22880.132: [GC 22880.132: [ParNew: 2315731K->27300K(2534400K), 0.0407500 secs] 6903679K->4616224K(10982400K), 0.0414310 secs] [Times: user=0.32 sys=0.00, real=0.04 secs] 
22883.936: [GC 22883.937: [ParNew: 2280055K->34023K(2534400K), 0.0417810 secs] 6868979K->4624276K(10982400K), 0.0424820 secs] [Times: user=0.23 sys=0.00, real=0.05 secs] 
22886.885: [GC 22886.885: [ParNew: 2286823K->46455K(2534400K), 0.0502260 secs] 6877076K->4637345K(10982400K), 0.0508980 secs] [Times: user=0.31 sys=0.00, real=0.05 secs] 
22889.223: [GC 22889.223: [ParNew: 2299255K->63267K(2534400K), 0.0424870 secs] 6890145K->4655163K(10982400K), 0.0430910 secs] [Times: user=0.42 sys=0.00, real=0.04 secs] 
22891.970: [GC 22891.970: [ParNew: 2316067K->47722K(2534400K), 0.0354120 secs] 6907963K->4640951K(10982400K), 0.0360270 secs] [Times: user=0.22 sys=0.00, real=0.03 secs] 
22896.283: [GC 22896.284: [ParNew: 2300522K->43755K(2534400K), 0.0550670 secs] 6893751K->4642552K(10982400K), 0.0557730 secs] [Times: user=0.33 sys=0.00, real=0.06 secs] 
22900.774: [GC 22900.774: [ParNew: 2296548K->43175K(2534400K), 0.0484110 secs] 6895344K->4643358K(10982400K), 0.0491210 secs] [Times: user=0.29 sys=0.01, real=0.05 secs] 
22903.770: [GC 22903.771: [ParNew: 2295975K->97417K(2534400K), 0.0531410 secs] 6896158K->4698617K(10982400K), 0.0538420 secs] [Times: user=0.58 sys=0.00, real=0.05 secs] 
22906.787: [GC 22906.787: [ParNew: 2350217K->79336K(2534400K), 0.0457050 secs] 6951417K->4681895K(10982400K), 0.0463920 secs] [Times: user=0.33 sys=0.00, real=0.05 secs] 
22910.127: [GC 22910.127: [ParNew: 2332136K->65256K(2534400K), 0.0447370 secs] 6934695K->4669601K(10982400K), 0.0453610 secs] [Times: user=0.39 sys=0.00, real=0.05 secs] 
22912.810: [GC 22912.810: [ParNew: 2318056K->90448K(2534400K), 0.0418840 secs] 6922401K->4696043K(10982400K), 0.0424820 secs] [Times: user=0.44 sys=0.00, real=0.05 secs] 
22915.260: [GC 22915.261: [ParNew: 2343248K->59785K(2534400K), 0.0487160 secs] 6948843K->4676498K(10982400K), 0.0493280 secs] [Times: user=0.34 sys=0.01, real=0.05 secs] 
22917.435: [GC 22917.435: [ParNew: 2312585K->28603K(2534400K), 0.0334090 secs] 6929298K->4648775K(10982400K), 0.0340170 secs] [Times: user=0.22 sys=0.00, real=0.03 secs] 
22919.647: [GC 22919.647: [ParNew: 2281403K->35505K(2534400K), 0.0456370 secs] 6901575K->4656896K(10982400K), 0.0462460 secs] [Times: user=0.30 sys=0.00, real=0.05 secs] 
22921.962: [GC 22921.962: [ParNew: 2288305K->69049K(2534400K), 0.0412280 secs] 6909696K->4692037K(10982400K), 0.0419160 secs] [Times: user=0.45 sys=0.00, real=0.04 secs] 
22923.889: [GC 22923.889: [ParNew: 2321849K->64988K(2534400K), 0.0378770 secs] 6944837K->4689385K(10982400K), 0.0385450 secs] [Times: user=0.38 sys=0.01, real=0.04 secs] 
22927.686: [GC 22927.687: [ParNew: 2317788K->64784K(2534400K), 0.0542710 secs] 6942185K->4690611K(10982400K), 0.0549800 secs] [Times: user=0.42 sys=0.01, real=0.05 secs] 
22930.788: [GC 22930.789: [ParNew: 2317584K->52887K(2534400K), 0.0457090 secs] 6943411K->4679547K(10982400K), 0.0463350 secs] [Times: user=0.35 sys=0.01, real=0.05 secs] 
22934.171: [GC 22934.172: [ParNew: 2305687K->71295K(2534400K), 0.0453180 secs] 6932347K->4698935K(10982400K), 0.0460070 secs] [Times: user=0.35 sys=0.00, real=0.05 secs] 
22936.843: [GC 22936.844: [ParNew: 2324095K->53507K(2534400K), 0.0397070 secs] 6951735K->4681593K(10982400K), 0.0404400 secs] [Times: user=0.24 sys=0.01, real=0.04 secs] 
22940.050: [GC 22940.051: [ParNew: 2306307K->69904K(2534400K), 0.0468650 secs] 6934393K->4698736K(10982400K), 0.0475270 secs] [Times: user=0.36 sys=0.00, real=0.05 secs] 
22942.754: [GC 22942.754: [ParNew: 2322704K->46540K(2534400K), 0.0540210 secs] 6951536K->4689280K(10982400K), 0.0546560 secs] [Times: user=0.27 sys=0.00, real=0.06 secs] 
22945.406: [GC 22945.407: [ParNew: 2299340K->45075K(2534400K), 0.0357300 secs] 6942080K->4689228K(10982400K), 0.0363380 secs] [Times: user=0.33 sys=0.00, real=0.03 secs] 
22948.177: [GC 22948.178: [ParNew: 2297875K->56314K(2534400K), 0.0419470 secs] 6942028K->4703064K(10982400K), 0.0426490 secs] [Times: user=0.35 sys=0.00, real=0.04 secs] 
22952.337: [GC 22952.338: [ParNew: 2309114K->44805K(2534400K), 0.0445900 secs] 6955864K->4693856K(10982400K), 0.0452180 secs] [Times: user=0.23 sys=0.00, real=0.04 secs] 
22955.750: [GC 22955.750: [ParNew: 2297605K->61592K(2534400K), 0.0480270 secs] 6946656K->4711557K(10982400K), 0.0486850 secs] [Times: user=0.37 sys=0.00, real=0.05 secs] 
22958.738: [GC 22958.738: [ParNew: 2314392K->61573K(2534400K), 0.0394520 secs] 6964357K->4713192K(10982400K), 0.0401480 secs] [Times: user=0.36 sys=0.00, real=0.04 secs] 
22961.271: [GC 22961.271: [ParNew: 2314373K->48165K(2534400K), 0.0370040 secs] 6965992K->4701031K(10982400K), 0.0377060 secs] [Times: user=0.24 sys=0.01, real=0.04 secs] 
22965.261: [GC 22965.262: [ParNew: 2300965K->94299K(2534400K), 0.0552370 secs] 6953831K->4749189K(10982400K), 0.0559400 secs] [Times: user=0.44 sys=0.00, real=0.05 secs] 
22968.434: [GC 22968.434: [ParNew: 2347099K->116356K(2534400K), 0.0464600 secs] 7001989K->4772487K(10982400K), 0.0471380 secs] [Times: user=0.44 sys=0.01, real=0.05 secs] 
22971.762: [GC 22971.762: [ParNew: 2369156K->143972K(2534400K), 0.0554930 secs] 7025287K->4801311K(10982400K), 0.0561820 secs] [Times: user=0.57 sys=0.00, real=0.05 secs] 
22975.991: [GC 22975.992: [ParNew: 2396772K->139169K(2534400K), 0.0726040 secs] 7054111K->4808724K(10982400K), 0.0733300 secs] [Times: user=0.55 sys=0.01, real=0.07 secs] 
22979.107: [GC 22979.107: [ParNew: 2391969K->95194K(2534400K), 0.0749770 secs] 7061524K->4815052K(10982400K), 0.0755730 secs] [Times: user=0.46 sys=0.01, real=0.08 secs] 
22983.932: [GC 22983.933: [ParNew: 2347994K->51115K(2534400K), 0.0488580 secs] 7067852K->4771833K(10982400K), 0.0494250 secs] [Times: user=0.33 sys=0.00, real=0.05 secs] 
22987.327: [GC 22987.327: [ParNew: 2303915K->46266K(2534400K), 0.0424850 secs] 7024633K->4768100K(10982400K), 0.0430020 secs] [Times: user=0.33 sys=0.00, real=0.04 secs] 
22990.250: [GC 22990.251: [ParNew: 2299066K->37164K(2534400K), 0.0401060 secs] 7020900K->4761107K(10982400K), 0.0406610 secs] [Times: user=0.26 sys=0.00, real=0.04 secs] 
22993.483: [GC 22993.483: [ParNew: 2289964K->106430K(2534400K), 0.0559980 secs] 7013907K->4831720K(10982400K), 0.0565380 secs] [Times: user=0.64 sys=0.00, real=0.05 secs] 
22995.712: [GC 22995.712: [ParNew: 2359230K->89954K(2534400K), 0.0465980 secs] 7084520K->4817006K(10982400K), 0.0471590 secs] [Times: user=0.45 sys=0.00, real=0.05 secs] 
22997.872: [GC 22997.873: [ParNew: 2342754K->67086K(2534400K), 0.0421720 secs] 7069806K->4797864K(10982400K), 0.0426890 secs] [Times: user=0.30 sys=0.01, real=0.05 secs] 
23000.640: [GC 23000.641: [ParNew: 2319886K->75666K(2534400K), 0.0446770 secs] 7050664K->4807849K(10982400K), 0.0452160 secs] [Times: user=0.46 sys=0.00, real=0.05 secs] 
23004.088: [GC 23004.088: [ParNew: 2328466K->59583K(2534400K), 0.0427770 secs] 7060649K->4792434K(10982400K), 0.0433260 secs] [Times: user=0.34 sys=0.00, real=0.04 secs] 
23008.457: [GC 23008.457: [ParNew: 2312383K->51941K(2534400K), 0.0526740 secs] 7045234K->4787026K(10982400K), 0.0532160 secs] [Times: user=0.32 sys=0.00, real=0.05 secs] 
23012.528: [GC 23012.528: [ParNew: 2304741K->36056K(2534400K), 0.0469920 secs] 7039826K->4772636K(10982400K), 0.0475300 secs] [Times: user=0.31 sys=0.00, real=0.04 secs] 
23015.435: [GC 23015.435: [ParNew: 2288856K->33026K(2534400K), 0.0413700 secs] 7025436K->4770483K(10982400K), 0.0419010 secs] [Times: user=0.30 sys=0.00, real=0.05 secs] 
23018.644: [GC 23018.644: [ParNew: 2285826K->60190K(2534400K), 0.0458660 secs] 7023283K->4799415K(10982400K), 0.0464110 secs] [Times: user=0.38 sys=0.00, real=0.05 secs] 
23022.285: [GC 23022.285: [ParNew: 2312990K->74834K(2534400K), 0.0463810 secs] 7052215K->4816951K(10982400K), 0.0469250 secs] [Times: user=0.32 sys=0.00, real=0.05 secs] 
23025.215: [GC 23025.216: [ParNew: 2327634K->57059K(2534400K), 0.0436580 secs] 7069751K->4800214K(10982400K), 0.0442090 secs] [Times: user=0.33 sys=0.00, real=0.05 secs] 
23028.847: [GC 23028.847: [ParNew: 2309859K->71497K(2534400K), 0.0431830 secs] 7053014K->4816607K(10982400K), 0.0436920 secs] [Times: user=0.37 sys=0.00, real=0.05 secs] 
23032.862: [GC 23032.862: [ParNew: 2324297K->58375K(2534400K), 0.0456730 secs] 7069407K->4804630K(10982400K), 0.0461840 secs] [Times: user=0.33 sys=0.00, real=0.04 secs] 
23036.347: [GC 23036.347: [ParNew: 2311175K->57908K(2534400K), 0.0466570 secs] 7057430K->4805255K(10982400K), 0.0472030 secs] [Times: user=0.28 sys=0.01, real=0.05 secs] 
23038.888: [GC 23038.888: [ParNew: 2310708K->85351K(2534400K), 0.0480630 secs] 7058055K->4833327K(10982400K), 0.0486030 secs] [Times: user=0.45 sys=0.01, real=0.05 secs] 
23042.304: [GC 23042.304: [ParNew: 2338151K->64494K(2534400K), 0.0561260 secs] 7086127K->4825663K(10982400K), 0.0566580 secs] [Times: user=0.37 sys=0.01, real=0.06 secs] 
23044.783: [GC 23044.784: [ParNew: 2317294K->71930K(2534400K), 0.0471290 secs] 7078463K->4834328K(10982400K), 0.0476310 secs] [Times: user=0.39 sys=0.00, real=0.05 secs] 
23047.520: [GC 23047.520: [ParNew: 2324730K->60589K(2534400K), 0.0478010 secs] 7087128K->4825457K(10982400K), 0.0483510 secs] [Times: user=0.28 sys=0.00, real=0.05 secs] 
23049.608: [GC 23049.608: [ParNew: 2313389K->55618K(2534400K), 0.0350840 secs] 7078257K->4822287K(10982400K), 0.0356000 secs] [Times: user=0.36 sys=0.00, real=0.04 secs] 
23051.136: [GC 23051.137: [ParNew: 2308418K->43034K(2534400K), 0.0287540 secs] 7075087K->4811501K(10982400K), 0.0292480 secs] [Times: user=0.29 sys=0.00, real=0.03 secs] 
23054.124: [GC 23054.124: [ParNew: 2295834K->29765K(2534400K), 0.0381100 secs] 7064301K->4802118K(10982400K), 0.0386280 secs] [Times: user=0.24 sys=0.01, real=0.04 secs] 
23056.421: [GC 23056.422: [ParNew: 2282565K->29578K(2534400K), 0.0369050 secs] 7054918K->4803265K(10982400K), 0.0374450 secs] [Times: user=0.26 sys=0.00, real=0.04 secs] 
23058.298: [GC 23058.298: [ParNew: 2282378K->31970K(2534400K), 0.0332320 secs] 7056065K->4806832K(10982400K), 0.0337300 secs] [Times: user=0.28 sys=0.01, real=0.03 secs] 
23061.018: [GC 23061.018: [ParNew: 2284770K->29545K(2534400K), 0.0330640 secs] 7059632K->4806747K(10982400K), 0.0335870 secs] [Times: user=0.23 sys=0.00, real=0.03 secs] 
23065.273: [GC 23065.274: [ParNew: 2282345K->43464K(2534400K), 0.0450460 secs] 7059547K->4823169K(10982400K), 0.0457090 secs] [Times: user=0.26 sys=0.00, real=0.05 secs] 
23068.611: [GC 23068.611: [ParNew: 2296264K->46632K(2534400K), 0.0429520 secs] 7075969K->4827443K(10982400K), 0.0434760 secs] [Times: user=0.28 sys=0.01, real=0.04 secs] 
23072.271: [GC 23072.272: [ParNew: 2299432K->84362K(2534400K), 0.0514910 secs] 7080243K->4866499K(10982400K), 0.0520010 secs] [Times: user=0.56 sys=0.00, real=0.05 secs] 
23075.471: [GC 23075.471: [ParNew: 2337162K->66304K(2534400K), 0.0436940 secs] 7119299K->4852327K(10982400K), 0.0442370 secs] [Times: user=0.34 sys=0.01, real=0.04 secs] 
23079.377: [GC 23079.378: [ParNew: 2319104K->46518K(2534400K), 0.0471530 secs] 7105127K->4834617K(10982400K), 0.0477400 secs] [Times: user=0.33 sys=0.00, real=0.04 secs] 
23081.961: [GC 23081.961: [ParNew: 2299318K->62020K(2534400K), 0.0507720 secs] 7087417K->4851540K(10982400K), 0.0513370 secs] [Times: user=0.37 sys=0.00, real=0.05 secs] 
23083.753: [GC 23083.753: [ParNew: 2314820K->42340K(2534400K), 0.0448560 secs] 7104340K->4844590K(10982400K), 0.0453840 secs] [Times: user=0.35 sys=0.01, real=0.05 secs] 
23087.338: [GC 23087.339: [ParNew: 2295140K->59006K(2534400K), 0.0476110 secs] 7097390K->4862820K(10982400K), 0.0481630 secs] [Times: user=0.39 sys=0.01, real=0.04 secs] 
23090.336: [GC 23090.336: [ParNew: 2311806K->44608K(2534400K), 0.0432070 secs] 7115620K->4850429K(10982400K), 0.0438960 secs] [Times: user=0.29 sys=0.00, real=0.05 secs] 
23091.849: [GC 23091.849: [ParNew: 2297408K->77267K(2534400K), 0.0423770 secs] 7103229K->4884325K(10982400K), 0.0430570 secs] [Times: user=0.46 sys=0.00, real=0.04 secs] 
23093.540: [GC 23093.541: [ParNew: 2330067K->87221K(2534400K), 0.0412310 secs] 7137125K->4895666K(10982400K), 0.0419420 secs] [Times: user=0.37 sys=0.00, real=0.04 secs] 
23094.965: [GC 23094.966: [ParNew: 2340021K->57890K(2534400K), 0.0342490 secs] 7148466K->4867907K(10982400K), 0.0349510 secs] [Times: user=0.28 sys=0.00, real=0.04 secs] 
23096.555: [GC 23096.555: [ParNew: 2310690K->52724K(2534400K), 0.0369460 secs] 7120707K->4866119K(10982400K), 0.0376200 secs] [Times: user=0.26 sys=0.01, real=0.04 secs] 
23098.205: [GC 23098.205: [ParNew: 2305524K->71637K(2534400K), 0.0403210 secs] 7118919K->4885868K(10982400K), 0.0409440 secs] [Times: user=0.40 sys=0.00, real=0.04 secs] 
23100.279: [GC 23100.279: [ParNew: 2324437K->67279K(2534400K), 0.0414360 secs] 7138668K->4885392K(10982400K), 0.0420760 secs] [Times: user=0.37 sys=0.01, real=0.05 secs] 
23103.578: [GC 23103.578: [ParNew: 2320079K->48254K(2534400K), 0.0408560 secs] 7138192K->4870148K(10982400K), 0.0414750 secs] [Times: user=0.26 sys=0.00, real=0.05 secs] 
23106.563: [GC 23106.563: [ParNew: 2301054K->61824K(2534400K), 0.0431000 secs] 7122948K->4884416K(10982400K), 0.0437210 secs] [Times: user=0.44 sys=0.00, real=0.04 secs] 
23109.601: [GC 23109.601: [ParNew: 2314624K->50359K(2534400K), 0.0407440 secs] 7137216K->4874314K(10982400K), 0.0413470 secs] [Times: user=0.31 sys=0.00, real=0.04 secs] 
23111.558: [GC 23111.559: [ParNew: 2303159K->50862K(2534400K), 0.0366730 secs] 7127114K->4876355K(10982400K), 0.0373250 secs] [Times: user=0.32 sys=0.01, real=0.04 secs] 
23113.405: [GC 23113.406: [ParNew: 2303662K->71140K(2534400K), 0.0381410 secs] 7129155K->4898510K(10982400K), 0.0388440 secs] [Times: user=0.43 sys=0.00, real=0.04 secs] 
23115.252: [GC 23115.253: [ParNew: 2323940K->53904K(2534400K), 0.0332820 secs] 7151310K->4884116K(10982400K), 0.0338760 secs] [Times: user=0.29 sys=0.00, real=0.03 secs] 
23118.330: [GC 23118.330: [ParNew: 2306704K->38758K(2534400K), 0.0388640 secs] 7136916K->4871300K(10982400K), 0.0394750 secs] [Times: user=0.27 sys=0.00, real=0.04 secs] 
23120.192: [GC 23120.193: [ParNew: 2291551K->96558K(2534400K), 0.0476480 secs] 7124093K->4930312K(10982400K), 0.0483350 secs] [Times: user=0.60 sys=0.01, real=0.05 secs] 
23124.312: [GC 23124.313: [ParNew: 2349358K->74887K(2534400K), 0.0515890 secs] 7183112K->4909937K(10982400K), 0.0523060 secs] [Times: user=0.28 sys=0.00, real=0.06 secs] 
23128.633: [GC 23128.634: [ParNew: 2327687K->68347K(2534400K), 0.0526470 secs] 7162737K->4904840K(10982400K), 0.0533770 secs] [Times: user=0.37 sys=0.00, real=0.06 secs] 
23130.873: [GC 23130.873: [ParNew: 2321147K->47942K(2534400K), 0.0372510 secs] 7157640K->4886679K(10982400K), 0.0379420 secs] [Times: user=0.26 sys=0.01, real=0.04 secs] 
23133.368: [GC 23133.368: [ParNew: 2300742K->60657K(2534400K), 0.0499900 secs] 7139479K->4906834K(10982400K), 0.0506600 secs] [Times: user=0.44 sys=0.01, real=0.05 secs] 
23136.848: [GC 23136.848: [ParNew: 2313457K->97073K(2534400K), 0.0577640 secs] 7159634K->4945793K(10982400K), 0.0584440 secs] [Times: user=0.62 sys=0.00, real=0.06 secs] 
23140.029: [GC 23140.030: [ParNew: 2349873K->106003K(2534400K), 0.0567000 secs] 7198593K->4958985K(10982400K), 0.0574110 secs] [Times: user=0.59 sys=0.00, real=0.06 secs] 
23142.997: [GC 23142.997: [ParNew: 2358803K->92810K(2534400K), 0.0524580 secs] 7211785K->4946951K(10982400K), 0.0530600 secs] [Times: user=0.47 sys=0.00, real=0.05 secs] 
23146.349: [GC 23146.349: [ParNew: 2345610K->99516K(2534400K), 0.0477500 secs] 7199751K->4954419K(10982400K), 0.0483530 secs] [Times: user=0.44 sys=0.00, real=0.05 secs] 
23149.365: [GC 23149.366: [ParNew: 2352316K->81163K(2534400K), 0.0598090 secs] 7207219K->4945926K(10982400K), 0.0604790 secs] [Times: user=0.58 sys=0.01, real=0.06 secs] 
23153.631: [GC 23153.632: [ParNew: 2333963K->62592K(2534400K), 0.0507690 secs] 7198726K->4929441K(10982400K), 0.0514680 secs] [Times: user=0.29 sys=0.00, real=0.05 secs] 
23156.583: [GC 23156.584: [ParNew: 2315392K->35613K(2534400K), 0.0423890 secs] 7182241K->4903583K(10982400K), 0.0430900 secs] [Times: user=0.30 sys=0.00, real=0.04 secs] 
23159.053: [GC 23159.053: [ParNew: 2288413K->31799K(2534400K), 0.0493880 secs] 7156383K->4903676K(10982400K), 0.0499850 secs] [Times: user=0.35 sys=0.00, real=0.05 secs] 
23162.984: [GC 23162.984: [ParNew: 2284599K->51460K(2534400K), 0.0516930 secs] 7156476K->4923989K(10982400K), 0.0523770 secs] [Times: user=0.32 sys=0.01, real=0.05 secs] 
23166.729: [GC 23166.729: [ParNew: 2304260K->41223K(2534400K), 0.0491210 secs] 7176789K->4914887K(10982400K), 0.0497270 secs] [Times: user=0.31 sys=0.00, real=0.05 secs] 
23171.285: [GC 23171.286: [ParNew: 2294023K->48095K(2534400K), 0.0542530 secs] 7167687K->4924449K(10982400K), 0.0548560 secs] [Times: user=0.42 sys=0.00, real=0.06 secs] 
23174.255: [GC 23174.255: [ParNew: 2300895K->56845K(2534400K), 0.0577880 secs] 7177249K->4933882K(10982400K), 0.0584730 secs] [Times: user=0.36 sys=0.01, real=0.06 secs] 
23177.759: [GC 23177.759: [ParNew: 2309645K->57543K(2534400K), 0.0423000 secs] 7186682K->4936213K(10982400K), 0.0430150 secs] [Times: user=0.28 sys=0.01, real=0.05 secs] 
23180.302: [GC 23180.303: [ParNew: 2310343K->83423K(2534400K), 0.0451720 secs] 7189013K->4963036K(10982400K), 0.0457770 secs] [Times: user=0.46 sys=0.00, real=0.04 secs] 
23182.944: [GC 23182.944: [ParNew: 2336223K->67516K(2534400K), 0.0436380 secs] 7215836K->4949353K(10982400K), 0.0443390 secs] [Times: user=0.35 sys=0.00, real=0.04 secs] 
23185.261: [GC 23185.262: [ParNew: 2320316K->71012K(2534400K), 0.0495860 secs] 7202153K->4965288K(10982400K), 0.0503000 secs] [Times: user=0.50 sys=0.01, real=0.06 secs] 
23187.977: [GC 23187.977: [ParNew: 2323812K->85242K(2534400K), 0.0490800 secs] 7218088K->4981124K(10982400K), 0.0497970 secs] [Times: user=0.41 sys=0.01, real=0.05 secs] 
23190.347: [GC 23190.348: [ParNew: 2338042K->63967K(2534400K), 0.0383610 secs] 7233924K->4960521K(10982400K), 0.0389650 secs] [Times: user=0.31 sys=0.00, real=0.04 secs] 
23193.334: [GC 23193.335: [ParNew: 2316767K->37352K(2534400K), 0.0477680 secs] 7213321K->4946004K(10982400K), 0.0484440 secs] [Times: user=0.33 sys=0.01, real=0.04 secs] 
23194.942: [GC 23194.943: [ParNew: 2290152K->32610K(2534400K), 0.0303110 secs] 7198804K->4941769K(10982400K), 0.0309000 secs] [Times: user=0.25 sys=0.00, real=0.03 secs] 
23197.653: [GC 23197.654: [ParNew: 2285410K->43738K(2534400K), 0.0426530 secs] 7194569K->4954667K(10982400K), 0.0433580 secs] [Times: user=0.34 sys=0.01, real=0.05 secs] 
23201.186: [GC 23201.186: [ParNew: 2296538K->39066K(2534400K), 0.0484390 secs] 7207467K->4951099K(10982400K), 0.0491500 secs] [Times: user=0.28 sys=0.00, real=0.05 secs] 
23203.228: [GC 23203.229: [ParNew: 2291866K->28702K(2534400K), 0.0424130 secs] 7203899K->4942405K(10982400K), 0.0431120 secs] [Times: user=0.20 sys=0.01, real=0.04 secs] 
23206.864: [GC 23206.865: [ParNew: 2281498K->51282K(2534400K), 0.0510180 secs] 7195201K->4966148K(10982400K), 0.0516300 secs] [Times: user=0.39 sys=0.00, real=0.06 secs] 
23210.043: [GC 23210.043: [ParNew: 2304082K->39098K(2534400K), 0.0426740 secs] 7218948K->4954540K(10982400K), 0.0432900 secs] [Times: user=0.26 sys=0.00, real=0.05 secs] 
23213.159: [GC 23213.159: [ParNew: 2291898K->62948K(2534400K), 0.0465060 secs] 7207340K->4979590K(10982400K), 0.0472120 secs] [Times: user=0.39 sys=0.00, real=0.04 secs] 
23215.566: [GC 23215.566: [ParNew: 2315748K->58753K(2534400K), 0.0403130 secs] 7232390K->4975780K(10982400K), 0.0410520 secs] [Times: user=0.34 sys=0.00, real=0.05 secs] 
23217.553: [GC 23217.553: [ParNew: 2311553K->118317K(2534400K), 0.0525850 secs] 7228580K->5036449K(10982400K), 0.0532130 secs] [Times: user=0.64 sys=0.00, real=0.05 secs] 
23219.404: [GC 23219.405: [ParNew: 2371117K->100087K(2534400K), 0.0468750 secs] 7289249K->5019950K(10982400K), 0.0475180 secs] [Times: user=0.50 sys=0.00, real=0.05 secs] 
23222.095: [GC 23222.095: [ParNew: 2352887K->75869K(2534400K), 0.0567830 secs] 7272750K->5008436K(10982400K), 0.0574700 secs] [Times: user=0.46 sys=0.01, real=0.06 secs] 
23224.611: [GC 23224.611: [ParNew: 2328669K->57079K(2534400K), 0.0402980 secs] 7261236K->4990700K(10982400K), 0.0409120 secs] [Times: user=0.21 sys=0.00, real=0.04 secs] 
23227.583: [GC 23227.583: [ParNew: 2309879K->55682K(2534400K), 0.0403100 secs] 7243500K->4990248K(10982400K), 0.0409320 secs] [Times: user=0.38 sys=0.00, real=0.04 secs] 
23230.021: [GC 23230.021: [ParNew: 2308482K->75763K(2534400K), 0.0384800 secs] 7243048K->5011075K(10982400K), 0.0390840 secs] [Times: user=0.39 sys=0.01, real=0.04 secs] 
23232.402: [GC 23232.402: [ParNew: 2328563K->52168K(2534400K), 0.0338440 secs] 7263875K->4988176K(10982400K), 0.0344590 secs] [Times: user=0.25 sys=0.00, real=0.03 secs] 
23234.493: [GC 23234.494: [ParNew: 2304968K->52506K(2534400K), 0.0470730 secs] 7240976K->4989620K(10982400K), 0.0477630 secs] [Times: user=0.37 sys=0.00, real=0.05 secs] 
23237.034: [GC 23237.034: [ParNew: 2305306K->40209K(2534400K), 0.0365810 secs] 7242420K->4979026K(10982400K), 0.0371800 secs] [Times: user=0.23 sys=0.01, real=0.04 secs] 
23239.489: [GC 23239.490: [ParNew: 2293009K->75661K(2534400K), 0.0400060 secs] 7231826K->5015183K(10982400K), 0.0406240 secs] [Times: user=0.47 sys=0.00, real=0.04 secs] 
23241.714: [GC 23241.714: [ParNew: 2328461K->58663K(2534400K), 0.0360540 secs] 7267983K->5000547K(10982400K), 0.0367300 secs] [Times: user=0.22 sys=0.01, real=0.04 secs] 
23244.410: [GC 23244.410: [ParNew: 2311463K->53106K(2534400K), 0.0417670 secs] 7253347K->4995853K(10982400K), 0.0424650 secs] [Times: user=0.35 sys=0.00, real=0.05 secs] 
23247.583: [GC 23247.583: [ParNew: 2305911K->41732K(2534400K), 0.0396050 secs] 7248658K->4985610K(10982400K), 0.0402730 secs] [Times: user=0.22 sys=0.00, real=0.04 secs] 
23250.424: [GC 23250.425: [ParNew: 2294532K->46428K(2534400K), 0.0434970 secs] 7238410K->4991937K(10982400K), 0.0441870 secs] [Times: user=0.36 sys=0.00, real=0.04 secs] 
23253.537: [GC 23253.538: [ParNew: 2299228K->36584K(2534400K), 0.0359440 secs] 7244737K->4983013K(10982400K), 0.0365660 secs] [Times: user=0.25 sys=0.01, real=0.04 secs] 
23256.705: [GC 23256.705: [ParNew: 2289384K->42156K(2534400K), 0.0408630 secs] 7235813K->4989559K(10982400K), 0.0414680 secs] [Times: user=0.32 sys=0.00, real=0.04 secs] 
23261.514: [GC 23261.514: [ParNew: 2294956K->39544K(2534400K), 0.0542110 secs] 7242359K->4988761K(10982400K), 0.0548460 secs] [Times: user=0.32 sys=0.00, real=0.06 secs] 
23265.106: [GC 23265.106: [ParNew: 2292344K->60051K(2534400K), 0.0497300 secs] 7241561K->5010397K(10982400K), 0.0503370 secs] [Times: user=0.41 sys=0.00, real=0.05 secs] 
23268.305: [GC 23268.305: [ParNew: 2312851K->45025K(2534400K), 0.0400500 secs] 7263197K->4996619K(10982400K), 0.0407670 secs] [Times: user=0.22 sys=0.01, real=0.05 secs] 
23272.571: [GC 23272.571: [ParNew: 2297825K->31320K(2534400K), 0.0493650 secs] 7249419K->4984052K(10982400K), 0.0499910 secs] [Times: user=0.32 sys=0.01, real=0.05 secs] 
23276.871: [GC 23276.872: [ParNew: 2284120K->33361K(2534400K), 0.0574330 secs] 7236852K->4987188K(10982400K), 0.0580510 secs] [Times: user=0.36 sys=0.00, real=0.06 secs] 
23278.790: [GC 23278.790: [ParNew: 2286161K->104753K(2534400K), 0.0537050 secs] 7239988K->5060508K(10982400K), 0.0543490 secs] [Times: user=0.68 sys=0.00, real=0.05 secs] 
23281.543: [GC 23281.543: [ParNew: 2357553K->83361K(2534400K), 0.0442440 secs] 7313308K->5040475K(10982400K), 0.0448530 secs] [Times: user=0.41 sys=0.00, real=0.05 secs] 
23284.959: [GC 23284.959: [ParNew: 2336161K->58481K(2534400K), 0.0461690 secs] 7293275K->5016494K(10982400K), 0.0468620 secs] [Times: user=0.33 sys=0.00, real=0.04 secs] 
23289.343: [GC 23289.344: [ParNew: 2311281K->74714K(2534400K), 0.0593600 secs] 7269294K->5033722K(10982400K), 0.0600850 secs] [Times: user=0.53 sys=0.01, real=0.06 secs] 
23291.810: [GC 23291.810: [ParNew: 2327514K->53966K(2534400K), 0.0379580 secs] 7286522K->5014264K(10982400K), 0.0386400 secs] [Times: user=0.29 sys=0.00, real=0.03 secs] 
23293.738: [GC 23293.738: [ParNew: 2306766K->112214K(2534400K), 0.0485930 secs] 7267064K->5073217K(10982400K), 0.0492890 secs] [Times: user=0.65 sys=0.01, real=0.05 secs] 
23296.924: [GC 23296.924: [ParNew: 2365014K->87461K(2534400K), 0.0421330 secs] 7326017K->5049423K(10982400K), 0.0428010 secs] [Times: user=0.21 sys=0.01, real=0.04 secs] 
23300.139: [GC 23300.140: [ParNew: 2340261K->33628K(2534400K), 0.0443430 secs] 7302223K->4997886K(10982400K), 0.0450600 secs] [Times: user=0.30 sys=0.00, real=0.05 secs] 
23303.074: [GC 23303.074: [ParNew: 2286428K->41311K(2534400K), 0.0480940 secs] 7250686K->5006338K(10982400K), 0.0487710 secs] [Times: user=0.34 sys=0.00, real=0.05 secs] 
23304.552: [GC 23304.553: [ParNew: 2294111K->31388K(2534400K), 0.0320110 secs] 7259138K->4996770K(10982400K), 0.0328220 secs] [Times: user=0.31 sys=0.00, real=0.03 secs] 
23308.188: [GC 23308.188: [ParNew: 2284188K->34039K(2534400K), 0.0451420 secs] 7249570K->5000574K(10982400K), 0.0458370 secs] [Times: user=0.32 sys=0.00, real=0.05 secs] 
23311.962: [GC 23311.963: [ParNew: 2286839K->35237K(2534400K), 0.0457320 secs] 7253374K->5003061K(10982400K), 0.0464570 secs] [Times: user=0.25 sys=0.00, real=0.04 secs] 
23315.414: [GC 23315.415: [ParNew: 2288037K->35548K(2534400K), 0.0469620 secs] 7255861K->5004502K(10982400K), 0.0476760 secs] [Times: user=0.33 sys=0.00, real=0.05 secs] 
23318.517: [GC 23318.517: [ParNew: 2288343K->31243K(2534400K), 0.0400390 secs] 7257297K->5001836K(10982400K), 0.0406560 secs] [Times: user=0.31 sys=0.00, real=0.04 secs] 
23320.492: [GC 23320.492: [ParNew: 2284043K->26915K(2534400K), 0.0292850 secs] 7254636K->5000103K(10982400K), 0.0299080 secs] [Times: user=0.20 sys=0.00, real=0.03 secs] 
23322.698: [GC 23322.699: [ParNew: 2279715K->61896K(2534400K), 0.0384110 secs] 7252903K->5036008K(10982400K), 0.0391090 secs] [Times: user=0.41 sys=0.00, real=0.04 secs] 
23324.565: [GC 23324.565: [ParNew: 2314696K->50608K(2534400K), 0.0366310 secs] 7288808K->5025949K(10982400K), 0.0373060 secs] [Times: user=0.32 sys=0.00, real=0.03 secs] 
23327.206: [GC 23327.207: [ParNew: 2303408K->58655K(2534400K), 0.0439970 secs] 7278749K->5034799K(10982400K), 0.0447120 secs] [Times: user=0.39 sys=0.01, real=0.04 secs] 
23328.805: [GC 23328.806: [ParNew: 2311455K->81494K(2534400K), 0.0391680 secs] 7287599K->5058818K(10982400K), 0.0397670 secs] [Times: user=0.44 sys=0.00, real=0.04 secs] 
23330.949: [GC 23330.949: [ParNew: 2334294K->92484K(2534400K), 0.0518480 secs] 7311618K->5080325K(10982400K), 0.0524610 secs] [Times: user=0.52 sys=0.00, real=0.05 secs] 
23334.136: [GC 23334.136: [ParNew: 2345284K->64603K(2534400K), 0.0482240 secs] 7333125K->5055098K(10982400K), 0.0489170 secs] [Times: user=0.32 sys=0.00, real=0.05 secs] 
23337.709: [GC 23337.709: [ParNew: 2317408K->34309K(2534400K), 0.0584850 secs] 7307903K->5026090K(10982400K), 0.0591390 secs] [Times: user=0.39 sys=0.00, real=0.06 secs] 
23340.564: [GC 23340.564: [ParNew: 2287109K->45434K(2534400K), 0.0460520 secs] 7278890K->5038355K(10982400K), 0.0467120 secs] [Times: user=0.31 sys=0.00, real=0.05 secs] 
23343.021: [GC 23343.021: [ParNew: 2298234K->91605K(2534400K), 0.0463420 secs] 7291155K->5085338K(10982400K), 0.0470310 secs] [Times: user=0.53 sys=0.00, real=0.05 secs] 
23346.460: [GC 23346.461: [ParNew: 2344405K->70634K(2534400K), 0.0493890 secs] 7338138K->5067751K(10982400K), 0.0501260 secs] [Times: user=0.26 sys=0.01, real=0.05 secs] 
23349.801: [GC 23349.802: [ParNew: 2323434K->45304K(2534400K), 0.0444470 secs] 7320551K->5043903K(10982400K), 0.0450960 secs] [Times: user=0.30 sys=0.00, real=0.04 secs] 
23352.844: [GC 23352.845: [ParNew: 2298104K->70652K(2534400K), 0.0455060 secs] 7296703K->5071085K(10982400K), 0.0461920 secs] [Times: user=0.45 sys=0.00, real=0.05 secs] 
23355.141: [GC 23355.141: [ParNew: 2323452K->51141K(2534400K), 0.0394540 secs] 7323885K->5052998K(10982400K), 0.0402340 secs] [Times: user=0.28 sys=0.00, real=0.04 secs] 
23358.153: [GC 23358.154: [ParNew: 2303941K->30775K(2534400K), 0.0411950 secs] 7305798K->5034831K(10982400K), 0.0418180 secs] [Times: user=0.30 sys=0.01, real=0.04 secs] 
23360.622: [GC 23360.623: [ParNew: 2283575K->78958K(2534400K), 0.0455450 secs] 7287631K->5084482K(10982400K), 0.0461430 secs] [Times: user=0.51 sys=0.00, real=0.04 secs] 
23363.373: [GC 23363.373: [ParNew: 2331758K->123474K(2534400K), 0.0535490 secs] 7337282K->5130380K(10982400K), 0.0542360 secs] [Times: user=0.62 sys=0.00, real=0.05 secs] 
23366.268: [GC 23366.268: [ParNew: 2376274K->92028K(2534400K), 0.0480340 secs] 7383180K->5101216K(10982400K), 0.0487200 secs] [Times: user=0.39 sys=0.00, real=0.05 secs] 
23368.736: [GC 23368.737: [ParNew: 2344828K->54496K(2534400K), 0.0424240 secs] 7354016K->5065213K(10982400K), 0.0430320 secs] [Times: user=0.36 sys=0.00, real=0.05 secs] 
23371.464: [GC 23371.465: [ParNew: 2307296K->65355K(2534400K), 0.0532910 secs] 7318013K->5077319K(10982400K), 0.0540090 secs] [Times: user=0.46 sys=0.00, real=0.05 secs] 
23374.533: [GC 23374.533: [ParNew: 2318155K->73124K(2534400K), 0.0472710 secs] 7330119K->5085794K(10982400K), 0.0479890 secs] [Times: user=0.38 sys=0.00, real=0.05 secs] 
23378.029: [GC 23378.030: [ParNew: 2325924K->68935K(2534400K), 0.0479550 secs] 7338594K->5082728K(10982400K), 0.0485800 secs] [Times: user=0.38 sys=0.01, real=0.05 secs] 
23381.593: [GC 23381.594: [ParNew: 2321735K->49289K(2534400K), 0.0490410 secs] 7335528K->5064525K(10982400K), 0.0496550 secs] [Times: user=0.26 sys=0.00, real=0.05 secs] 
23384.299: [GC 23384.299: [ParNew: 2302089K->39908K(2534400K), 0.0373250 secs] 7317325K->5055921K(10982400K), 0.0380690 secs] [Times: user=0.29 sys=0.00, real=0.04 secs] 
23388.457: [GC 23388.457: [ParNew: 2292708K->35187K(2534400K), 0.0519130 secs] 7308721K->5052591K(10982400K), 0.0527340 secs] [Times: user=0.31 sys=0.00, real=0.05 secs] 
23391.481: [GC 23391.481: [ParNew: 2287987K->28171K(2534400K), 0.0415830 secs] 7305391K->5047118K(10982400K), 0.0422950 secs] [Times: user=0.30 sys=0.00, real=0.04 secs] 
23394.586: [GC 23394.587: [ParNew: 2280971K->53254K(2534400K), 0.0423440 secs] 7299918K->5072981K(10982400K), 0.0430310 secs] [Times: user=0.39 sys=0.00, real=0.04 secs] 
23397.325: [GC 23397.325: [ParNew: 2306054K->49939K(2534400K), 0.0564540 secs] 7325781K->5070278K(10982400K), 0.0571280 secs] [Times: user=0.36 sys=0.00, real=0.05 secs] 
23400.831: [GC 23400.831: [ParNew: 2302739K->33992K(2534400K), 0.0546550 secs] 7323078K->5055815K(10982400K), 0.0553690 secs] [Times: user=0.31 sys=0.00, real=0.06 secs] 
23402.473: [GC 23402.473: [ParNew: 2286792K->71974K(2534400K), 0.0357110 secs] 7308615K->5094318K(10982400K), 0.0363200 secs] [Times: user=0.44 sys=0.01, real=0.04 secs] 
23405.119: [GC 23405.119: [ParNew: 2324774K->70197K(2534400K), 0.0412070 secs] 7347118K->5093724K(10982400K), 0.0418190 secs] [Times: user=0.37 sys=0.00, real=0.04 secs] 
23407.401: [GC 23407.402: [ParNew: 2322997K->50201K(2534400K), 0.0366350 secs] 7346524K->5078443K(10982400K), 0.0373140 secs] [Times: user=0.27 sys=0.00, real=0.04 secs] 
23409.835: [GC 23409.836: [ParNew: 2303001K->51357K(2534400K), 0.0427380 secs] 7331243K->5080556K(10982400K), 0.0434300 secs] [Times: user=0.45 sys=0.01, real=0.05 secs] 
23412.966: [GC 23412.967: [ParNew: 2304157K->45966K(2534400K), 0.0407960 secs] 7333356K->5075590K(10982400K), 0.0414950 secs] [Times: user=0.31 sys=0.00, real=0.05 secs] 
23415.825: [GC 23415.825: [ParNew: 2298766K->73004K(2534400K), 0.0482970 secs] 7328390K->5103413K(10982400K), 0.0489800 secs] [Times: user=0.43 sys=0.00, real=0.05 secs] 
23417.569: [GC 23417.569: [ParNew: 2325804K->63435K(2534400K), 0.0416440 secs] 7356213K->5094947K(10982400K), 0.0423270 secs] [Times: user=0.28 sys=0.00, real=0.04 secs] 
23419.539: [GC 23419.540: [ParNew: 2316235K->56485K(2534400K), 0.0542140 secs] 7347747K->5089882K(10982400K), 0.0548750 secs] [Times: user=0.33 sys=0.00, real=0.05 secs] 
23421.130: [GC 23421.130: [ParNew: 2309285K->74251K(2534400K), 0.0555590 secs] 7342682K->5119396K(10982400K), 0.0561650 secs] [Times: user=0.45 sys=0.01, real=0.05 secs] 
23423.738: [GC 23423.738: [ParNew: 2327051K->78609K(2534400K), 0.0483280 secs] 7372196K->5125128K(10982400K), 0.0490430 secs] [Times: user=0.40 sys=0.01, real=0.05 secs] 
23426.221: [GC 23426.221: [ParNew: 2331409K->58216K(2534400K), 0.0401660 secs] 7377928K->5105505K(10982400K), 0.0408490 secs] [Times: user=0.25 sys=0.00, real=0.04 secs] 
23428.807: [GC 23428.807: [ParNew: 2311016K->47773K(2534400K), 0.0424270 secs] 7358305K->5096533K(10982400K), 0.0431220 secs] [Times: user=0.32 sys=0.01, real=0.05 secs] 
23431.813: [GC 23431.813: [ParNew: 2300573K->100801K(2534400K), 0.0509410 secs] 7349333K->5150301K(10982400K), 0.0515570 secs] [Times: user=0.51 sys=0.01, real=0.05 secs] 
23434.304: [GC 23434.304: [ParNew: 2353601K->77285K(2534400K), 0.0451620 secs] 7403101K->5127866K(10982400K), 0.0458500 secs] [Times: user=0.42 sys=0.01, real=0.05 secs] 
23438.161: [GC 23438.161: [ParNew: 2330085K->62574K(2534400K), 0.0488590 secs] 7380666K->5117521K(10982400K), 0.0495440 secs] [Times: user=0.32 sys=0.00, real=0.04 secs] 
23440.410: [GC 23440.410: [ParNew: 2315374K->32659K(2534400K), 0.0456170 secs] 7370321K->5098627K(10982400K), 0.0463070 secs] [Times: user=0.34 sys=0.01, real=0.05 secs] 
23444.800: [GC 23444.800: [ParNew: 2285459K->33213K(2534400K), 0.0543590 secs] 7351427K->5100277K(10982400K), 0.0549830 secs] [Times: user=0.34 sys=0.00, real=0.06 secs] 
23447.428: [GC 23447.429: [ParNew: 2286013K->52986K(2534400K), 0.0423500 secs] 7353077K->5121315K(10982400K), 0.0429620 secs] [Times: user=0.39 sys=0.00, real=0.05 secs] 
23450.723: [GC 23450.724: [ParNew: 2305786K->70258K(2534400K), 0.0490840 secs] 7374115K->5140218K(10982400K), 0.0497060 secs] [Times: user=0.41 sys=0.00, real=0.05 secs] 
23450.775: [GC [1 CMS-initial-mark: 5069959K(8448000K)] 5140886K(10982400K), 0.0892990 secs] [Times: user=0.09 sys=0.00, real=0.09 secs] 
23454.957: [GC 23454.958: [ParNew: 2323058K->52871K(2534400K), 0.0498420 secs] 7393018K->5123578K(10982400K), 0.0504410 secs] [Times: user=0.30 sys=0.01, real=0.05 secs] 
23456.590: [GC[YG occupancy: 1275016 K (2534400 K)]23456.590: [Rescan (parallel) , 0.1702620 secs]23456.761: [weak refs processing, 0.1830300 secs] [1 CMS-remark: 5070706K(8448000K)] 6345723K(10982400K), 0.3551960 secs] [Times: user=3.71 sys=0.01, real=0.36 secs] 
23457.876: [GC 23457.876: [ParNew: 2305671K->48094K(2534400K), 0.0423710 secs] 7229986K->4973892K(10982400K), 0.0430070 secs] [Times: user=0.35 sys=0.01, real=0.04 secs] 
23460.009: [GC 23460.009: [ParNew: 2300894K->52515K(2534400K), 0.0408140 secs] 6987838K->4741632K(10982400K), 0.0414190 secs] [Times: user=0.35 sys=0.00, real=0.04 secs] 
23462.578: [GC 23462.579: [ParNew: 2305315K->71672K(2534400K), 0.0434920 secs] 6195037K->3963198K(10982400K), 0.0441310 secs] [Times: user=0.47 sys=0.01, real=0.04 secs] 
23465.195: [GC 23465.196: [ParNew: 2324472K->59867K(2534400K), 0.0404390 secs] 6215998K->3954817K(10982400K), 0.0410440 secs] [Times: user=0.33 sys=0.00, real=0.04 secs] 
23468.212: [GC 23468.213: [ParNew: 2312667K->39049K(2534400K), 0.0369700 secs] 6207617K->3935149K(10982400K), 0.0376120 secs] [Times: user=0.22 sys=0.00, real=0.04 secs] 
23471.522: [GC 23471.522: [ParNew: 2291849K->33267K(2534400K), 0.0482540 secs] 6187949K->3933880K(10982400K), 0.0489460 secs] [Times: user=0.32 sys=0.00, real=0.05 secs] 
23473.785: [GC 23473.785: [ParNew: 2286067K->61550K(2534400K), 0.0436630 secs] 6186680K->3963868K(10982400K), 0.0443730 secs] [Times: user=0.45 sys=0.00, real=0.05 secs] 
23476.490: [GC 23476.490: [ParNew: 2314350K->79210K(2534400K), 0.0441020 secs] 6216668K->3982369K(10982400K), 0.0447080 secs] [Times: user=0.44 sys=0.00, real=0.04 secs] 
23479.981: [GC 23479.981: [ParNew: 2332010K->55736K(2534400K), 0.0448590 secs] 6235169K->3960622K(10982400K), 0.0454700 secs] [Times: user=0.31 sys=0.00, real=0.04 secs] 
23483.594: [GC 23483.595: [ParNew: 2308536K->29618K(2534400K), 0.0490050 secs] 6213422K->3936564K(10982400K), 0.0496210 secs] [Times: user=0.32 sys=0.00, real=0.05 secs] 
23486.778: [GC 23486.779: [ParNew: 2282418K->44884K(2534400K), 0.0447390 secs] 6189364K->3952973K(10982400K), 0.0453480 secs] [Times: user=0.36 sys=0.01, real=0.04 secs] 
23489.263: [GC 23489.264: [ParNew: 2297684K->80892K(2534400K), 0.0444440 secs] 6205773K->3989712K(10982400K), 0.0451330 secs] [Times: user=0.40 sys=0.00, real=0.05 secs] 
23492.681: [GC 23492.681: [ParNew: 2333692K->101280K(2534400K), 0.0478620 secs] 6242512K->4011066K(10982400K), 0.0484800 secs] [Times: user=0.43 sys=0.01, real=0.05 secs] 
23496.269: [GC 23496.269: [ParNew: 2354080K->107024K(2534400K), 0.0489130 secs] 6263866K->4017822K(10982400K), 0.0496210 secs] [Times: user=0.42 sys=0.00, real=0.05 secs] 
23498.860: [GC 23498.860: [ParNew: 2359824K->90892K(2534400K), 0.0391930 secs] 6270622K->4004023K(10982400K), 0.0398080 secs] [Times: user=0.32 sys=0.00, real=0.04 secs] 
23501.441: [GC 23501.442: [ParNew: 2343692K->82115K(2534400K), 0.0616220 secs] 6256823K->4032627K(10982400K), 0.0623280 secs] [Times: user=0.52 sys=0.02, real=0.06 secs] 
23504.079: [GC 23504.079: [ParNew: 2334915K->58914K(2534400K), 0.0381580 secs] 6285427K->4011704K(10982400K), 0.0387810 secs] [Times: user=0.27 sys=0.00, real=0.04 secs] 
23506.754: [GC 23506.754: [ParNew: 2311714K->38386K(2534400K), 0.0377620 secs] 6264504K->3993776K(10982400K), 0.0383730 secs] [Times: user=0.33 sys=0.00, real=0.04 secs] 
23511.146: [GC 23511.146: [ParNew: 2291186K->38412K(2534400K), 0.0496410 secs] 6246576K->3997358K(10982400K), 0.0503380 secs] [Times: user=0.32 sys=0.00, real=0.05 secs] 
23513.667: [GC 23513.668: [ParNew: 2291212K->33611K(2534400K), 0.0468810 secs] 6250158K->3995108K(10982400K), 0.0475030 secs] [Times: user=0.32 sys=0.00, real=0.05 secs] 
23516.642: [GC 23516.642: [ParNew: 2286411K->52161K(2534400K), 0.0479720 secs] 6247908K->4014529K(10982400K), 0.0486890 secs] [Times: user=0.36 sys=0.01, real=0.05 secs] 
23519.893: [GC 23519.893: [ParNew: 2304961K->73233K(2534400K), 0.0503930 secs] 6267329K->4041031K(10982400K), 0.0510570 secs] [Times: user=0.46 sys=0.00, real=0.05 secs] 
23522.595: [GC 23522.595: [ParNew: 2326033K->55092K(2534400K), 0.0451100 secs] 6293831K->4025580K(10982400K), 0.0458320 secs] [Times: user=0.35 sys=0.00, real=0.04 secs] 
23525.114: [GC 23525.114: [ParNew: 2307892K->64717K(2534400K), 0.0413930 secs] 6278380K->4036178K(10982400K), 0.0421060 secs] [Times: user=0.36 sys=0.00, real=0.04 secs] 
23527.598: [GC 23527.598: [ParNew: 2317517K->79342K(2534400K), 0.0447940 secs] 6288978K->4055022K(10982400K), 0.0454040 secs] [Times: user=0.47 sys=0.00, real=0.05 secs] 
23530.223: [GC 23530.223: [ParNew: 2332142K->69591K(2534400K), 0.0425080 secs] 6307822K->4046796K(10982400K), 0.0432240 secs] [Times: user=0.39 sys=0.00, real=0.05 secs] 
23533.016: [GC 23533.016: [ParNew: 2322391K->55719K(2534400K), 0.0400610 secs] 6299596K->4033815K(10982400K), 0.0406730 secs] [Times: user=0.27 sys=0.00, real=0.04 secs] 
23536.251: [GC 23536.252: [ParNew: 2308519K->33532K(2534400K), 0.0456520 secs] 6286615K->4014196K(10982400K), 0.0462700 secs] [Times: user=0.32 sys=0.00, real=0.05 secs] 
23539.782: [GC 23539.783: [ParNew: 2286332K->31055K(2534400K), 0.0447610 secs] 6266996K->4013702K(10982400K), 0.0453740 secs] [Times: user=0.31 sys=0.00, real=0.05 secs] 
23544.118: [GC 23544.118: [ParNew: 2283855K->67548K(2534400K), 0.0666170 secs] 6266502K->4052739K(10982400K), 0.0673160 secs] [Times: user=0.43 sys=0.00, real=0.06 secs] 
23545.913: [GC 23545.914: [ParNew: 2320299K->53913K(2534400K), 0.0335800 secs] 6305490K->4040022K(10982400K), 0.0342510 secs] [Times: user=0.29 sys=0.01, real=0.04 secs] 
23548.764: [GC 23548.765: [ParNew: 2306713K->80615K(2534400K), 0.0453000 secs] 6292822K->4067369K(10982400K), 0.0459070 secs] [Times: user=0.38 sys=0.00, real=0.05 secs] 
23552.409: [GC 23552.410: [ParNew: 2333431K->67429K(2534400K), 0.0542370 secs] 6320185K->4057256K(10982400K), 0.0549240 secs] [Times: user=0.40 sys=0.00, real=0.05 secs] 
23556.111: [GC 23556.112: [ParNew: 2320229K->56817K(2534400K), 0.0491300 secs] 6310056K->4050093K(10982400K), 0.0497420 secs] [Times: user=0.38 sys=0.00, real=0.05 secs] 
23558.400: [GC 23558.400: [ParNew: 2309617K->46283K(2534400K), 0.0466900 secs] 6302893K->4040398K(10982400K), 0.0474510 secs] [Times: user=0.35 sys=0.01, real=0.04 secs] 
23561.783: [GC 23561.783: [ParNew: 2299083K->59612K(2534400K), 0.0463150 secs] 6293198K->4055291K(10982400K), 0.0469210 secs] [Times: user=0.35 sys=0.01, real=0.05 secs] 
23565.984: [GC 23565.985: [ParNew: 2312412K->100876K(2534400K), 0.0591630 secs] 6308091K->4098733K(10982400K), 0.0597760 secs] [Times: user=0.57 sys=0.00, real=0.06 secs] 
23569.368: [GC 23569.368: [ParNew: 2353676K->93221K(2534400K), 0.0549980 secs] 6351533K->4094003K(10982400K), 0.0556280 secs] [Times: user=0.52 sys=0.00, real=0.06 secs] 
23573.131: [GC 23573.132: [ParNew: 2346021K->101870K(2534400K), 0.0552310 secs] 6346803K->4107747K(10982400K), 0.0558510 secs] [Times: user=0.48 sys=0.00, real=0.05 secs] 
23576.923: [GC 23576.923: [ParNew: 2354670K->81683K(2534400K), 0.0552620 secs] 6360547K->4089794K(10982400K), 0.0559820 secs] [Times: user=0.43 sys=0.00, real=0.05 secs] 
23580.118: [GC 23580.119: [ParNew: 2334483K->67430K(2534400K), 0.0601560 secs] 6342594K->4076823K(10982400K), 0.0608440 secs] [Times: user=0.38 sys=0.01, real=0.06 secs] 
23583.410: [GC 23583.410: [ParNew: 2320230K->75427K(2534400K), 0.0465920 secs] 6329623K->4086945K(10982400K), 0.0472110 secs] [Times: user=0.42 sys=0.00, real=0.05 secs] 
23587.092: [GC 23587.092: [ParNew: 2328227K->59113K(2534400K), 0.0597470 secs] 6339745K->4086628K(10982400K), 0.0604460 secs] [Times: user=0.37 sys=0.01, real=0.06 secs] 
23589.076: [GC 23589.076: [ParNew: 2311913K->39179K(2534400K), 0.0336980 secs] 6339428K->4068237K(10982400K), 0.0344360 secs] [Times: user=0.27 sys=0.00, real=0.03 secs] 
23591.001: [GC 23591.001: [ParNew: 2291979K->67588K(2534400K), 0.0428910 secs] 6321037K->4101160K(10982400K), 0.0435940 secs] [Times: user=0.44 sys=0.00, real=0.05 secs] 
23593.387: [GC 23593.388: [ParNew: 2320388K->68315K(2534400K), 0.0433960 secs] 6353960K->4103762K(10982400K), 0.0440040 secs] [Times: user=0.42 sys=0.00, real=0.04 secs] 
23595.069: [GC 23595.069: [ParNew: 2321115K->83775K(2534400K), 0.0411790 secs] 6356562K->4123801K(10982400K), 0.0417800 secs] [Times: user=0.45 sys=0.00, real=0.04 secs] 
23597.232: [GC 23597.232: [ParNew: 2336544K->56032K(2534400K), 0.0386250 secs] 6376570K->4096987K(10982400K), 0.0393400 secs] [Times: user=0.29 sys=0.01, real=0.04 secs] 
23600.036: [GC 23600.037: [ParNew: 2308832K->34288K(2534400K), 0.0423560 secs] 6349787K->4075922K(10982400K), 0.0429840 secs] [Times: user=0.32 sys=0.00, real=0.04 secs] 
23602.733: [GC 23602.734: [ParNew: 2287088K->66601K(2534400K), 0.0453670 secs] 6328722K->4109616K(10982400K), 0.0459830 secs] [Times: user=0.43 sys=0.00, real=0.05 secs] 
23605.731: [GC 23605.731: [ParNew: 2319401K->52052K(2534400K), 0.0486180 secs] 6362416K->4096504K(10982400K), 0.0493150 secs] [Times: user=0.33 sys=0.00, real=0.05 secs] 
23607.706: [GC 23607.706: [ParNew: 2304852K->69699K(2534400K), 0.0394690 secs] 6349304K->4115734K(10982400K), 0.0400930 secs] [Times: user=0.46 sys=0.00, real=0.04 secs] 
23610.453: [GC 23610.453: [ParNew: 2322499K->56183K(2534400K), 0.0402950 secs] 6368534K->4104008K(10982400K), 0.0408880 secs] [Times: user=0.30 sys=0.00, real=0.04 secs] 
23612.614: [GC 23612.614: [ParNew: 2308946K->35132K(2534400K), 0.0319890 secs] 6356771K->4084767K(10982400K), 0.0325820 secs] [Times: user=0.23 sys=0.00, real=0.04 secs] 
23616.284: [GC 23616.284: [ParNew: 2287932K->52084K(2534400K), 0.0498770 secs] 6337567K->4104815K(10982400K), 0.0505560 secs] [Times: user=0.38 sys=0.00, real=0.05 secs] 
23618.851: [GC 23618.851: [ParNew: 2304884K->38806K(2534400K), 0.0394130 secs] 6357615K->4094701K(10982400K), 0.0400370 secs] [Times: user=0.27 sys=0.00, real=0.04 secs] 
23622.728: [GC 23622.729: [ParNew: 2291606K->43653K(2534400K), 0.0504910 secs] 6347501K->4100950K(10982400K), 0.0512190 secs] [Times: user=0.36 sys=0.00, real=0.06 secs] 
23627.060: [GC 23627.061: [ParNew: 2296453K->37835K(2534400K), 0.0583690 secs] 6353750K->4095896K(10982400K), 0.0590650 secs] [Times: user=0.37 sys=0.00, real=0.06 secs] 
23630.110: [GC 23630.111: [ParNew: 2290635K->27897K(2534400K), 0.0437730 secs] 6348696K->4087572K(10982400K), 0.0444000 secs] [Times: user=0.31 sys=0.00, real=0.04 secs] 
23633.813: [GC 23633.814: [ParNew: 2280697K->56442K(2534400K), 0.0487950 secs] 6340372K->4116486K(10982400K), 0.0495180 secs] [Times: user=0.39 sys=0.00, real=0.05 secs] 
23636.869: [GC 23636.869: [ParNew: 2309242K->60400K(2534400K), 0.0481730 secs] 6369286K->4121585K(10982400K), 0.0488650 secs] [Times: user=0.33 sys=0.01, real=0.05 secs] 
23639.295: [GC 23639.295: [ParNew: 2313200K->73791K(2534400K), 0.0707290 secs] 6374385K->4135814K(10982400K), 0.0713430 secs] [Times: user=0.33 sys=0.00, real=0.07 secs] 
23641.888: [GC 23641.888: [ParNew: 2326591K->85291K(2534400K), 0.0549060 secs] 6388614K->4148347K(10982400K), 0.0555060 secs] [Times: user=0.38 sys=0.00, real=0.06 secs] 
23644.046: [GC 23644.047: [ParNew: 2338091K->61091K(2534400K), 0.0508510 secs] 6401147K->4125113K(10982400K), 0.0515520 secs] [Times: user=0.27 sys=0.00, real=0.05 secs] 
23647.181: [GC 23647.181: [ParNew: 2313889K->37697K(2534400K), 0.0479820 secs] 6377911K->4102943K(10982400K), 0.0486830 secs] [Times: user=0.33 sys=0.00, real=0.05 secs] 
23651.549: [GC 23651.550: [ParNew: 2290497K->38639K(2534400K), 0.0527020 secs] 6355743K->4105200K(10982400K), 0.0534280 secs] [Times: user=0.34 sys=0.00, real=0.06 secs] 
23656.369: [GC 23656.369: [ParNew: 2291439K->38070K(2534400K), 0.0594530 secs] 6358000K->4108444K(10982400K), 0.0601660 secs] [Times: user=0.39 sys=0.00, real=0.06 secs] 
23659.144: [GC 23659.144: [ParNew: 2290870K->28684K(2534400K), 0.0412220 secs] 6361244K->4101178K(10982400K), 0.0418270 secs] [Times: user=0.27 sys=0.00, real=0.04 secs] 
23662.922: [GC 23662.923: [ParNew: 2281484K->30709K(2534400K), 0.0509110 secs] 6353978K->4104675K(10982400K), 0.0516200 secs] [Times: user=0.29 sys=0.00, real=0.05 secs] 
23665.825: [GC 23665.825: [ParNew: 2283509K->41386K(2534400K), 0.0443000 secs] 6357475K->4117140K(10982400K), 0.0450280 secs] [Times: user=0.35 sys=0.00, real=0.05 secs] 
23668.267: [GC 23668.268: [ParNew: 2294186K->45511K(2534400K), 0.0416330 secs] 6369940K->4122759K(10982400K), 0.0423320 secs] [Times: user=0.33 sys=0.00, real=0.04 secs] 
23670.001: [GC 23670.001: [ParNew: 2298311K->54193K(2534400K), 0.0408500 secs] 6375559K->4132058K(10982400K), 0.0415360 secs] [Times: user=0.36 sys=0.00, real=0.04 secs] 
23672.186: [GC 23672.186: [ParNew: 2306993K->50285K(2534400K), 0.0387870 secs] 6384858K->4129916K(10982400K), 0.0394930 secs] [Times: user=0.34 sys=0.00, real=0.03 secs] 
23673.802: [GC 23673.802: [ParNew: 2303085K->49336K(2534400K), 0.0327480 secs] 6382716K->4132953K(10982400K), 0.0334220 secs] [Times: user=0.31 sys=0.00, real=0.03 secs] 
23677.118: [GC 23677.118: [ParNew: 2302136K->61783K(2534400K), 0.0455400 secs] 6385753K->4147128K(10982400K), 0.0461740 secs] [Times: user=0.39 sys=0.00, real=0.04 secs] 
23680.407: [GC 23680.408: [ParNew: 2314583K->78571K(2534400K), 0.0510940 secs] 6399928K->4165104K(10982400K), 0.0518170 secs] [Times: user=0.45 sys=0.00, real=0.06 secs] 
23684.179: [GC 23684.180: [ParNew: 2331371K->57126K(2534400K), 0.0464350 secs] 6417904K->4144930K(10982400K), 0.0471470 secs] [Times: user=0.24 sys=0.00, real=0.04 secs] 
23687.780: [GC 23687.780: [ParNew: 2309916K->39383K(2534400K), 0.0465610 secs] 6397720K->4128279K(10982400K), 0.0472610 secs] [Times: user=0.34 sys=0.00, real=0.04 secs] 
23689.563: [GC 23689.563: [ParNew: 2292183K->45462K(2534400K), 0.0296020 secs] 6381079K->4135811K(10982400K), 0.0302910 secs] [Times: user=0.30 sys=0.00, real=0.03 secs] 
23692.293: [GC 23692.294: [ParNew: 2298262K->56237K(2534400K), 0.0469180 secs] 6388611K->4148138K(10982400K), 0.0476420 secs] [Times: user=0.36 sys=0.00, real=0.05 secs] 
23694.665: [GC 23694.665: [ParNew: 2309037K->43431K(2534400K), 0.0402620 secs] 6400938K->4136533K(10982400K), 0.0409100 secs] [Times: user=0.21 sys=0.00, real=0.04 secs] 
23697.222: [GC 23697.222: [ParNew: 2296231K->63495K(2534400K), 0.0463190 secs] 6389333K->4158300K(10982400K), 0.0469750 secs] [Times: user=0.43 sys=0.00, real=0.04 secs] 
23699.869: [GC 23699.869: [ParNew: 2316295K->52405K(2534400K), 0.0578720 secs] 6411100K->4148440K(10982400K), 0.0585690 secs] [Times: user=0.33 sys=0.00, real=0.06 secs] 
23703.105: [GC 23703.106: [ParNew: 2305205K->39622K(2534400K), 0.0443660 secs] 6401240K->4136585K(10982400K), 0.0450790 secs] [Times: user=0.29 sys=0.00, real=0.05 secs] 
23706.233: [GC 23706.234: [ParNew: 2292422K->32933K(2534400K), 0.0399280 secs] 6389385K->4130700K(10982400K), 0.0405400 secs] [Times: user=0.25 sys=0.00, real=0.04 secs] 
23708.500: [GC 23708.500: [ParNew: 2285733K->62855K(2534400K), 0.0386860 secs] 6383500K->4162318K(10982400K), 0.0392890 secs] [Times: user=0.42 sys=0.00, real=0.04 secs] 
23710.500: [GC 23710.501: [ParNew: 2315655K->62565K(2534400K), 0.0395780 secs] 6415118K->4163579K(10982400K), 0.0402790 secs] [Times: user=0.39 sys=0.00, real=0.04 secs] 
23712.319: [GC 23712.319: [ParNew: 2315365K->64179K(2534400K), 0.0368820 secs] 6416379K->4166140K(10982400K), 0.0375590 secs] [Times: user=0.35 sys=0.00, real=0.04 secs] 
23714.480: [GC 23714.480: [ParNew: 2316979K->51094K(2534400K), 0.0421510 secs] 6418940K->4154224K(10982400K), 0.0428480 secs] [Times: user=0.38 sys=0.01, real=0.05 secs] 
23716.619: [GC 23716.619: [ParNew: 2303894K->40103K(2534400K), 0.0366960 secs] 6407024K->4143800K(10982400K), 0.0373050 secs] [Times: user=0.32 sys=0.00, real=0.04 secs] 
23720.122: [GC 23720.123: [ParNew: 2292903K->36605K(2534400K), 0.0431640 secs] 6396600K->4141318K(10982400K), 0.0437760 secs] [Times: user=0.27 sys=0.00, real=0.05 secs] 
23722.366: [GC 23722.367: [ParNew: 2289405K->32329K(2534400K), 0.0402540 secs] 6394118K->4138355K(10982400K), 0.0408590 secs] [Times: user=0.30 sys=0.01, real=0.04 secs] 
23724.284: [GC 23724.284: [ParNew: 2285129K->26655K(2534400K), 0.0335070 secs] 6391155K->4133649K(10982400K), 0.0341740 secs] [Times: user=0.29 sys=0.00, real=0.03 secs] 
23726.154: [GC 23726.155: [ParNew: 2279455K->26115K(2534400K), 0.0343850 secs] 6386449K->4137658K(10982400K), 0.0349970 secs] [Times: user=0.27 sys=0.01, real=0.04 secs] 
23728.609: [GC 23728.610: [ParNew: 2278915K->41227K(2534400K), 0.0410380 secs] 6390458K->4154440K(10982400K), 0.0417280 secs] [Times: user=0.36 sys=0.00, real=0.04 secs] 
23730.586: [GC 23730.587: [ParNew: 2294027K->89651K(2534400K), 0.0412510 secs] 6407240K->4204029K(10982400K), 0.0419520 secs] [Times: user=0.41 sys=0.00, real=0.04 secs] 
23732.335: [GC 23732.335: [ParNew: 2342451K->66449K(2534400K), 0.0347710 secs] 6456829K->4181499K(10982400K), 0.0354390 secs] [Times: user=0.30 sys=0.00, real=0.04 secs] 
23734.582: [GC 23734.582: [ParNew: 2319249K->32079K(2534400K), 0.0412200 secs] 6434299K->4148569K(10982400K), 0.0418230 secs] [Times: user=0.30 sys=0.00, real=0.04 secs] 
23737.786: [GC 23737.786: [ParNew: 2284879K->35760K(2534400K), 0.0426040 secs] 6401369K->4153576K(10982400K), 0.0433200 secs] [Times: user=0.28 sys=0.01, real=0.04 secs] 
23740.229: [GC 23740.229: [ParNew: 2288560K->43399K(2534400K), 0.0539650 secs] 6406376K->4162095K(10982400K), 0.0545870 secs] [Times: user=0.32 sys=0.00, real=0.05 secs] 
23742.841: [GC 23742.842: [ParNew: 2296199K->65129K(2534400K), 0.0508090 secs] 6414895K->4184317K(10982400K), 0.0515240 secs] [Times: user=0.43 sys=0.00, real=0.05 secs] 
23745.786: [GC 23745.787: [ParNew: 2317632K->47096K(2534400K), 0.0450520 secs] 6436820K->4167085K(10982400K), 0.0457370 secs] [Times: user=0.31 sys=0.00, real=0.05 secs] 
23748.052: [GC 23748.052: [ParNew: 2299896K->26896K(2534400K), 0.0401070 secs] 6419885K->4148473K(10982400K), 0.0407880 secs] [Times: user=0.28 sys=0.01, real=0.04 secs] 
23751.054: [GC 23751.055: [ParNew: 2279696K->54864K(2534400K), 0.0454830 secs] 6401273K->4178798K(10982400K), 0.0461540 secs] [Times: user=0.39 sys=0.01, real=0.05 secs] 
23752.709: [GC 23752.709: [ParNew: 2307664K->41422K(2534400K), 0.0386490 secs] 6431598K->4165909K(10982400K), 0.0393490 secs] [Times: user=0.26 sys=0.01, real=0.03 secs] 
23755.341: [GC 23755.341: [ParNew: 2294222K->30791K(2534400K), 0.0444870 secs] 6418709K->4156388K(10982400K), 0.0450930 secs] [Times: user=0.32 sys=0.00, real=0.04 secs] 
23757.607: [GC 23757.608: [ParNew: 2283591K->27067K(2534400K), 0.0372340 secs] 6409188K->4154823K(10982400K), 0.0378950 secs] [Times: user=0.26 sys=0.00, real=0.04 secs] 
23759.772: [GC 23759.773: [ParNew: 2279867K->26560K(2534400K), 0.0496230 secs] 6407623K->4155536K(10982400K), 0.0503360 secs] [Times: user=0.31 sys=0.00, real=0.05 secs] 
23761.883: [GC 23761.883: [ParNew: 2279360K->80907K(2534400K), 0.0584270 secs] 6408336K->4210588K(10982400K), 0.0590680 secs] [Times: user=0.65 sys=0.00, real=0.06 secs] 
23764.976: [GC 23764.976: [ParNew: 2333707K->76960K(2534400K), 0.0528310 secs] 6463388K->4207960K(10982400K), 0.0535280 secs] [Times: user=0.42 sys=0.00, real=0.05 secs] 
23768.252: [GC 23768.252: [ParNew: 2329760K->54604K(2534400K), 0.0446970 secs] 6460760K->4186686K(10982400K), 0.0453080 secs] [Times: user=0.32 sys=0.00, real=0.04 secs] 
23771.643: [GC 23771.643: [ParNew: 2307404K->36163K(2534400K), 0.0466980 secs] 6439486K->4169200K(10982400K), 0.0474090 secs] [Times: user=0.33 sys=0.00, real=0.04 secs] 
23774.744: [GC 23774.744: [ParNew: 2288963K->33107K(2534400K), 0.0423430 secs] 6422000K->4167289K(10982400K), 0.0430630 secs] [Times: user=0.26 sys=0.01, real=0.04 secs] 
23779.306: [GC 23779.307: [ParNew: 2285907K->60613K(2534400K), 0.0540550 secs] 6420089K->4196890K(10982400K), 0.0547670 secs] [Times: user=0.36 sys=0.00, real=0.05 secs] 
23782.660: [GC 23782.661: [ParNew: 2313413K->55746K(2534400K), 0.0474170 secs] 6449690K->4193236K(10982400K), 0.0479890 secs] [Times: user=0.36 sys=0.00, real=0.05 secs] 
23786.052: [GC 23786.053: [ParNew: 2308546K->66868K(2534400K), 0.0486690 secs] 6446036K->4205572K(10982400K), 0.0492170 secs] [Times: user=0.39 sys=0.01, real=0.05 secs] 
23789.925: [GC 23789.925: [ParNew: 2319668K->71499K(2534400K), 0.0522280 secs] 6458372K->4211791K(10982400K), 0.0527790 secs] [Times: user=0.33 sys=0.00, real=0.05 secs] 
23792.763: [GC 23792.763: [ParNew: 2324299K->46787K(2534400K), 0.0420820 secs] 6464591K->4188472K(10982400K), 0.0426350 secs] [Times: user=0.33 sys=0.01, real=0.05 secs] 
23796.904: [GC 23796.905: [ParNew: 2299587K->83215K(2534400K), 0.0882180 secs] 6441272K->4225811K(10982400K), 0.0887560 secs] [Times: user=0.39 sys=0.01, real=0.09 secs] 
23799.704: [GC 23799.704: [ParNew: 2336015K->48976K(2534400K), 0.0523530 secs] 6478611K->4195881K(10982400K), 0.0529130 secs] [Times: user=0.29 sys=0.00, real=0.06 secs] 
23804.128: [GC 23804.128: [ParNew: 2301776K->62597K(2534400K), 0.0627110 secs] 6448681K->4211301K(10982400K), 0.0632290 secs] [Times: user=0.36 sys=0.00, real=0.06 secs] 
23806.727: [GC 23806.727: [ParNew: 2315397K->70662K(2534400K), 0.0418080 secs] 6464101K->4220713K(10982400K), 0.0423530 secs] [Times: user=0.40 sys=0.00, real=0.04 secs] 
23809.375: [GC 23809.376: [ParNew: 2323462K->52379K(2534400K), 0.0422820 secs] 6473513K->4204298K(10982400K), 0.0428380 secs] [Times: user=0.34 sys=0.00, real=0.05 secs] 
23812.362: [GC 23812.362: [ParNew: 2305179K->32909K(2534400K), 0.0460080 secs] 6457098K->4185912K(10982400K), 0.0465700 secs] [Times: user=0.32 sys=0.00, real=0.05 secs] 
23814.876: [GC 23814.876: [ParNew: 2285709K->59885K(2534400K), 0.0456140 secs] 6438712K->4214372K(10982400K), 0.0461600 secs] [Times: user=0.42 sys=0.01, real=0.05 secs] 
23818.263: [GC 23818.264: [ParNew: 2312685K->50228K(2534400K), 0.0444360 secs] 6467172K->4208596K(10982400K), 0.0449920 secs] [Times: user=0.29 sys=0.00, real=0.05 secs] 
23821.403: [GC 23821.403: [ParNew: 2303028K->33024K(2534400K), 0.0477050 secs] 6461396K->4192514K(10982400K), 0.0482600 secs] [Times: user=0.28 sys=0.00, real=0.05 secs] 
23824.911: [GC 23824.911: [ParNew: 2285824K->29284K(2534400K), 0.0449670 secs] 6445314K->4189886K(10982400K), 0.0455820 secs] [Times: user=0.31 sys=0.00, real=0.04 secs] 
23828.349: [GC 23828.349: [ParNew: 2282084K->47572K(2534400K), 0.0546090 secs] 6442686K->4208674K(10982400K), 0.0551440 secs] [Times: user=0.49 sys=0.01, real=0.06 secs] 
23832.402: [GC 23832.403: [ParNew: 2300372K->40002K(2534400K), 0.0501460 secs] 6461474K->4202468K(10982400K), 0.0507030 secs] [Times: user=0.33 sys=0.00, real=0.05 secs] 
23836.505: [GC 23836.505: [ParNew: 2292802K->35419K(2534400K), 0.0529080 secs] 6455268K->4199277K(10982400K), 0.0536100 secs] [Times: user=0.28 sys=0.01, real=0.05 secs] 
23840.033: [GC 23840.034: [ParNew: 2288219K->46120K(2534400K), 0.0443510 secs] 6452077K->4210549K(10982400K), 0.0449780 secs] [Times: user=0.35 sys=0.00, real=0.04 secs] 
23842.844: [GC 23842.844: [ParNew: 2298920K->40122K(2534400K), 0.0430750 secs] 6463349K->4206400K(10982400K), 0.0436980 secs] [Times: user=0.27 sys=0.00, real=0.04 secs] 
23845.756: [GC 23845.756: [ParNew: 2292922K->55078K(2534400K), 0.0414270 secs] 6459200K->4223387K(10982400K), 0.0420990 secs] [Times: user=0.35 sys=0.00, real=0.04 secs] 
23849.281: [GC 23849.281: [ParNew: 2307878K->45689K(2534400K), 0.0454960 secs] 6476187K->4215014K(10982400K), 0.0462240 secs] [Times: user=0.31 sys=0.00, real=0.05 secs] 
23851.933: [GC 23851.933: [ParNew: 2298489K->28749K(2534400K), 0.0371660 secs] 6467814K->4199544K(10982400K), 0.0378930 secs] [Times: user=0.30 sys=0.01, real=0.04 secs] 
23854.436: [GC 23854.436: [ParNew: 2281549K->64660K(2534400K), 0.0447650 secs] 6452344K->4236719K(10982400K), 0.0453840 secs] [Times: user=0.43 sys=0.00, real=0.04 secs] 
23857.408: [GC 23857.408: [ParNew: 2317460K->47693K(2534400K), 0.0427340 secs] 6489519K->4220908K(10982400K), 0.0434360 secs] [Times: user=0.31 sys=0.00, real=0.04 secs] 
23859.373: [GC 23859.373: [ParNew: 2300493K->70895K(2534400K), 0.0394490 secs] 6473708K->4246722K(10982400K), 0.0401420 secs] [Times: user=0.41 sys=0.01, real=0.04 secs] 
23861.547: [GC 23861.547: [ParNew: 2323695K->53696K(2534400K), 0.0375510 secs] 6499522K->4230561K(10982400K), 0.0382640 secs] [Times: user=0.27 sys=0.01, real=0.04 secs] 
23863.831: [GC 23863.832: [ParNew: 2306496K->37389K(2534400K), 0.0367300 secs] 6483361K->4215157K(10982400K), 0.0374320 secs] [Times: user=0.28 sys=0.00, real=0.04 secs] 
23866.580: [GC 23866.581: [ParNew: 2290189K->38571K(2534400K), 0.0434720 secs] 6467957K->4217900K(10982400K), 0.0441740 secs] [Times: user=0.31 sys=0.00, real=0.04 secs] 
23869.343: [GC 23869.344: [ParNew: 2291371K->35162K(2534400K), 0.0363470 secs] 6470700K->4215457K(10982400K), 0.0369670 secs] [Times: user=0.25 sys=0.00, real=0.04 secs] 
23871.688: [GC 23871.689: [ParNew: 2287962K->41879K(2534400K), 0.0411970 secs] 6468257K->4223377K(10982400K), 0.0418270 secs] [Times: user=0.33 sys=0.00, real=0.04 secs] 
23874.051: [GC 23874.051: [ParNew: 2294679K->58948K(2534400K), 0.0486350 secs] 6476177K->4245685K(10982400K), 0.0493750 secs] [Times: user=0.38 sys=0.00, real=0.05 secs] 
23877.650: [GC 23877.650: [ParNew: 2311748K->70383K(2534400K), 0.0510710 secs] 6498485K->4259128K(10982400K), 0.0517760 secs] [Times: user=0.41 sys=0.01, real=0.05 secs] 
23880.528: [GC 23880.528: [ParNew: 2323124K->50252K(2534400K), 0.0424830 secs] 6511870K->4241156K(10982400K), 0.0432110 secs] [Times: user=0.27 sys=0.00, real=0.05 secs] 
23881.687: [GC 23881.688: [ParNew: 2303052K->21275K(2534400K), 0.0253160 secs] 6493956K->4212970K(10982400K), 0.0260060 secs] [Times: user=0.25 sys=0.00, real=0.03 secs] 
23885.001: [GC 23885.002: [ParNew: 2274075K->36785K(2534400K), 0.0520870 secs] 6465770K->4229058K(10982400K), 0.0529650 secs] [Times: user=0.29 sys=0.00, real=0.05 secs] 
23888.048: [GC 23888.049: [ParNew: 2289585K->68200K(2534400K), 0.0510250 secs] 6481858K->4262088K(10982400K), 0.0517440 secs] [Times: user=0.42 sys=0.00, real=0.06 secs] 
23891.546: [GC 23891.546: [ParNew: 2321000K->64301K(2534400K), 0.0469020 secs] 6514888K->4259963K(10982400K), 0.0476270 secs] [Times: user=0.34 sys=0.00, real=0.05 secs] 
23894.114: [GC 23894.114: [ParNew: 2317101K->51253K(2534400K), 0.0371470 secs] 6512763K->4247305K(10982400K), 0.0378060 secs] [Times: user=0.30 sys=0.00, real=0.04 secs] 
23897.219: [GC 23897.219: [ParNew: 2304053K->51361K(2534400K), 0.0439930 secs] 6500105K->4248536K(10982400K), 0.0446910 secs] [Times: user=0.29 sys=0.01, real=0.05 secs] 
23901.098: [GC 23901.098: [ParNew: 2304161K->39983K(2534400K), 0.0449610 secs] 6501336K->4239141K(10982400K), 0.0455910 secs] [Times: user=0.27 sys=0.00, real=0.05 secs] 
23904.149: [GC 23904.149: [ParNew: 2292783K->23219K(2534400K), 0.0420220 secs] 6491941K->4223603K(10982400K), 0.0427490 secs] [Times: user=0.26 sys=0.00, real=0.04 secs] 
23907.558: [GC 23907.558: [ParNew: 2276019K->74661K(2534400K), 0.0453750 secs] 6476403K->4275722K(10982400K), 0.0459860 secs] [Times: user=0.39 sys=0.01, real=0.05 secs] 
23911.757: [GC 23911.758: [ParNew: 2327461K->57955K(2534400K), 0.0519420 secs] 6528522K->4260335K(10982400K), 0.0526920 secs] [Times: user=0.33 sys=0.00, real=0.05 secs] 
23914.322: [GC 23914.322: [ParNew: 2310755K->90605K(2534400K), 0.0505710 secs] 6513135K->4294032K(10982400K), 0.0511910 secs] [Times: user=0.57 sys=0.00, real=0.06 secs] 
23917.689: [GC 23917.689: [ParNew: 2343405K->76019K(2534400K), 0.0503510 secs] 6546832K->4280102K(10982400K), 0.0509820 secs] [Times: user=0.40 sys=0.00, real=0.05 secs] 
23921.573: [GC 23921.574: [ParNew: 2328819K->88792K(2534400K), 0.0693680 secs] 6532902K->4307259K(10982400K), 0.0700780 secs] [Times: user=0.51 sys=0.00, real=0.07 secs] 
23925.669: [GC 23925.669: [ParNew: 2341592K->67266K(2534400K), 0.0497000 secs] 6560059K->4287737K(10982400K), 0.0504150 secs] [Times: user=0.29 sys=0.00, real=0.05 secs] 
23930.686: [GC 23930.686: [ParNew: 2320066K->53258K(2534400K), 0.0521130 secs] 6540537K->4275471K(10982400K), 0.0527390 secs] [Times: user=0.34 sys=0.00, real=0.05 secs] 
23933.860: [GC 23933.860: [ParNew: 2306058K->72100K(2534400K), 0.0882460 secs] 6528271K->4307585K(10982400K), 0.0889390 secs] [Times: user=0.36 sys=0.00, real=0.09 secs] 
23938.026: [GC 23938.027: [ParNew: 2324900K->43996K(2534400K), 0.0550990 secs] 6560385K->4280980K(10982400K), 0.0557170 secs] [Times: user=0.31 sys=0.00, real=0.06 secs] 
23943.208: [GC 23943.208: [ParNew: 2296802K->43309K(2534400K), 0.0535680 secs] 6533786K->4282968K(10982400K), 0.0541680 secs] [Times: user=0.29 sys=0.00, real=0.05 secs] 
23943.265: [GC 23943.265: [ParNew: 44475K->43558K(2534400K), 0.0134400 secs] 4284134K->4284788K(10982400K), 0.0138420 secs] [Times: user=0.26 sys=0.00, real=0.02 secs] 
23947.237: [GC 23947.237: [ParNew: 2296358K->63629K(2534400K), 0.0566460 secs] 6537588K->4309010K(10982400K), 0.0574030 secs] [Times: user=0.37 sys=0.00, real=0.06 secs] 
23949.649: [GC 23949.649: [ParNew: 2316429K->43740K(2534400K), 0.0441650 secs] 6561810K->4290817K(10982400K), 0.0447800 secs] [Times: user=0.31 sys=0.00, real=0.04 secs] 
23952.082: [GC 23952.082: [ParNew: 2296540K->40011K(2534400K), 0.0430770 secs] 6543617K->4289536K(10982400K), 0.0438140 secs] [Times: user=0.28 sys=0.00, real=0.04 secs] 
23955.060: [GC 23955.060: [ParNew: 2292811K->36149K(2534400K), 0.0434130 secs] 6542336K->4285673K(10982400K), 0.0441190 secs] [Times: user=0.22 sys=0.01, real=0.04 secs] 
23958.204: [GC 23958.204: [ParNew: 2288949K->79516K(2534400K), 0.0551550 secs] 6538473K->4331390K(10982400K), 0.0558610 secs] [Times: user=0.50 sys=0.00, real=0.05 secs] 
23961.063: [GC 23961.064: [ParNew: 2332316K->60764K(2534400K), 0.0454270 secs] 6584190K->4314970K(10982400K), 0.0461170 secs] [Times: user=0.34 sys=0.00, real=0.04 secs] 
23963.912: [GC 23963.913: [ParNew: 2313564K->57777K(2534400K), 0.0494560 secs] 6567770K->4313534K(10982400K), 0.0502990 secs] [Times: user=0.38 sys=0.00, real=0.05 secs] 
23967.809: [GC 23967.809: [ParNew: 2310577K->52694K(2534400K), 0.0634440 secs] 6566334K->4312488K(10982400K), 0.0641570 secs] [Times: user=0.34 sys=0.00, real=0.07 secs] 
23970.637: [GC 23970.637: [ParNew: 2305494K->61934K(2534400K), 0.0495960 secs] 6565288K->4322966K(10982400K), 0.0503140 secs] [Times: user=0.36 sys=0.01, real=0.05 secs] 
23973.634: [GC 23973.635: [ParNew: 2314734K->84130K(2534400K), 0.0504370 secs] 6575766K->4346994K(10982400K), 0.0511230 secs] [Times: user=0.48 sys=0.00, real=0.05 secs] 
23975.414: [GC 23975.415: [ParNew: 2336930K->101074K(2534400K), 0.0568250 secs] 6599794K->4366203K(10982400K), 0.0574980 secs] [Times: user=0.49 sys=0.00, real=0.05 secs] 
23978.638: [GC 23978.639: [ParNew: 2353874K->83439K(2534400K), 0.0546960 secs] 6619003K->4353287K(10982400K), 0.0554010 secs] [Times: user=0.51 sys=0.01, real=0.06 secs] 
23981.739: [GC 23981.739: [ParNew: 2336172K->67957K(2534400K), 0.0462200 secs] 6606020K->4338947K(10982400K), 0.0469350 secs] [Times: user=0.31 sys=0.00, real=0.05 secs] 
23984.160: [GC 23984.160: [ParNew: 2320757K->30857K(2534400K), 0.0561200 secs] 6591747K->4314017K(10982400K), 0.0568080 secs] [Times: user=0.36 sys=0.00, real=0.06 secs] 
23987.483: [GC 23987.483: [ParNew: 2283657K->45077K(2534400K), 0.0467500 secs] 6566817K->4330910K(10982400K), 0.0474610 secs] [Times: user=0.38 sys=0.00, real=0.05 secs] 
23991.253: [GC 23991.253: [ParNew: 2297877K->39105K(2534400K), 0.0508410 secs] 6583710K->4326350K(10982400K), 0.0514620 secs] [Times: user=0.34 sys=0.00, real=0.05 secs] 
23994.412: [GC 23994.413: [ParNew: 2291905K->41833K(2534400K), 0.0579970 secs] 6579150K->4330207K(10982400K), 0.0587520 secs] [Times: user=0.37 sys=0.00, real=0.06 secs] 
23995.997: [GC 23995.998: [ParNew: 2294633K->63819K(2534400K), 0.0335050 secs] 6583007K->4352832K(10982400K), 0.0341890 secs] [Times: user=0.37 sys=0.00, real=0.03 secs] 
23997.868: [GC 23997.868: [ParNew: 2316619K->68255K(2534400K), 0.0426750 secs] 6605632K->4358297K(10982400K), 0.0432830 secs] [Times: user=0.41 sys=0.01, real=0.04 secs] 
23999.455: [GC 23999.456: [ParNew: 2321055K->64419K(2534400K), 0.0424450 secs] 6611097K->4355911K(10982400K), 0.0430480 secs] [Times: user=0.38 sys=0.00, real=0.05 secs] 
24001.721: [GC 24001.721: [ParNew: 2317219K->47525K(2534400K), 0.0382820 secs] 6608711K->4340302K(10982400K), 0.0389280 secs] [Times: user=0.27 sys=0.00, real=0.04 secs] 
24003.782: [GC 24003.783: [ParNew: 2300325K->33136K(2534400K), 0.0406790 secs] 6593102K->4326564K(10982400K), 0.0414000 secs] [Times: user=0.23 sys=0.01, real=0.04 secs] 
24006.808: [GC 24006.808: [ParNew: 2285936K->60493K(2534400K), 0.0419390 secs] 6579364K->4354883K(10982400K), 0.0425560 secs] [Times: user=0.38 sys=0.01, real=0.04 secs] 
24010.134: [GC 24010.135: [ParNew: 2313293K->47062K(2534400K), 0.0467880 secs] 6607683K->4342785K(10982400K), 0.0474040 secs] [Times: user=0.32 sys=0.00, real=0.05 secs] 
24012.796: [GC 24012.796: [ParNew: 2299862K->53433K(2534400K), 0.0401870 secs] 6595585K->4349613K(10982400K), 0.0407940 secs] [Times: user=0.37 sys=0.00, real=0.04 secs] 
24015.621: [GC 24015.621: [ParNew: 2306233K->76652K(2534400K), 0.0446390 secs] 6602413K->4373321K(10982400K), 0.0452540 secs] [Times: user=0.42 sys=0.00, real=0.04 secs] 
24017.331: [GC 24017.331: [ParNew: 2329452K->66113K(2534400K), 0.0382040 secs] 6626121K->4364604K(10982400K), 0.0389010 secs] [Times: user=0.39 sys=0.00, real=0.04 secs] 
24019.786: [GC 24019.787: [ParNew: 2318913K->48328K(2534400K), 0.0385210 secs] 6617404K->4348841K(10982400K), 0.0392390 secs] [Times: user=0.27 sys=0.00, real=0.04 secs] 
24023.309: [GC 24023.310: [ParNew: 2301128K->50242K(2534400K), 0.0497890 secs] 6601641K->4352556K(10982400K), 0.0505050 secs] [Times: user=0.34 sys=0.01, real=0.06 secs] 
24025.780: [GC 24025.780: [ParNew: 2303042K->39652K(2534400K), 0.0413170 secs] 6605356K->4344245K(10982400K), 0.0419980 secs] [Times: user=0.27 sys=0.01, real=0.04 secs] 
24028.909: [GC 24028.910: [ParNew: 2292450K->39672K(2534400K), 0.0455930 secs] 6597043K->4345615K(10982400K), 0.0463350 secs] [Times: user=0.25 sys=0.00, real=0.05 secs] 
24032.837: [GC 24032.837: [ParNew: 2292472K->51444K(2534400K), 0.0477250 secs] 6598415K->4358462K(10982400K), 0.0483540 secs] [Times: user=0.35 sys=0.01, real=0.05 secs] 
24036.298: [GC 24036.298: [ParNew: 2304244K->69372K(2534400K), 0.0462490 secs] 6611262K->4378079K(10982400K), 0.0468690 secs] [Times: user=0.33 sys=0.00, real=0.05 secs] 
24038.744: [GC 24038.744: [ParNew: 2322172K->45522K(2534400K), 0.0392560 secs] 6630879K->4359725K(10982400K), 0.0398650 secs] [Times: user=0.26 sys=0.00, real=0.04 secs] 
24041.887: [GC 24041.888: [ParNew: 2298322K->54501K(2534400K), 0.0441390 secs] 6612525K->4369633K(10982400K), 0.0448550 secs] [Times: user=0.35 sys=0.01, real=0.04 secs] 
24044.537: [GC 24044.537: [ParNew: 2307185K->42009K(2534400K), 0.0423430 secs] 6622317K->4358915K(10982400K), 0.0430660 secs] [Times: user=0.31 sys=0.00, real=0.04 secs] 
24048.829: [GC 24048.829: [ParNew: 2294809K->29564K(2534400K), 0.0564890 secs] 6611715K->4350896K(10982400K), 0.0571700 secs] [Times: user=0.32 sys=0.00, real=0.06 secs] 
24052.629: [GC 24052.630: [ParNew: 2282363K->26530K(2534400K), 0.0456000 secs] 6603696K->4348321K(10982400K), 0.0462200 secs] [Times: user=0.30 sys=0.01, real=0.05 secs] 
24056.177: [GC 24056.177: [ParNew: 2279330K->56591K(2534400K), 0.0509300 secs] 6601121K->4379841K(10982400K), 0.0515820 secs] [Times: user=0.41 sys=0.00, real=0.05 secs] 
24058.827: [GC 24058.827: [ParNew: 2309391K->44359K(2534400K), 0.0485500 secs] 6632641K->4368045K(10982400K), 0.0491670 secs] [Times: user=0.34 sys=0.00, real=0.05 secs] 
24062.407: [GC 24062.408: [ParNew: 2297159K->25519K(2534400K), 0.0484290 secs] 6620845K->4350663K(10982400K), 0.0491280 secs] [Times: user=0.31 sys=0.00, real=0.05 secs] 
24065.056: [GC 24065.057: [ParNew: 2278319K->90318K(2534400K), 0.0665960 secs] 6603463K->4416939K(10982400K), 0.0672120 secs] [Times: user=0.57 sys=0.00, real=0.06 secs] 
24068.172: [GC 24068.172: [ParNew: 2343118K->81257K(2534400K), 0.0514070 secs] 6669739K->4409007K(10982400K), 0.0520780 secs] [Times: user=0.41 sys=0.00, real=0.05 secs] 
24071.615: [GC 24071.616: [ParNew: 2334057K->88813K(2534400K), 0.0751760 secs] 6661807K->4417350K(10982400K), 0.0758090 secs] [Times: user=0.35 sys=0.01, real=0.08 secs] 
24075.153: [GC 24075.154: [ParNew: 2341613K->64861K(2534400K), 0.0533060 secs] 6670150K->4394573K(10982400K), 0.0539240 secs] [Times: user=0.42 sys=0.00, real=0.06 secs] 
24078.490: [GC 24078.490: [ParNew: 2317661K->101820K(2534400K), 0.0667270 secs] 6647373K->4432966K(10982400K), 0.0673670 secs] [Times: user=0.48 sys=0.00, real=0.07 secs] 
24082.401: [GC 24082.401: [ParNew: 2354620K->60469K(2534400K), 0.0490490 secs] 6685766K->4392431K(10982400K), 0.0497630 secs] [Times: user=0.28 sys=0.00, real=0.05 secs] 
24087.075: [GC 24087.075: [ParNew: 2313269K->44197K(2534400K), 0.0558340 secs] 6645231K->4377050K(10982400K), 0.0565380 secs] [Times: user=0.34 sys=0.00, real=0.06 secs] 
24090.114: [GC 24090.115: [ParNew: 2296997K->36348K(2534400K), 0.0428200 secs] 6629850K->4370805K(10982400K), 0.0435280 secs] [Times: user=0.22 sys=0.00, real=0.04 secs] 
24093.705: [GC 24093.705: [ParNew: 2289148K->33074K(2534400K), 0.0505170 secs] 6623605K->4373526K(10982400K), 0.0512180 secs] [Times: user=0.27 sys=0.01, real=0.05 secs] 
24097.185: [GC 24097.186: [ParNew: 2285874K->71857K(2534400K), 0.0551620 secs] 6626326K->4413728K(10982400K), 0.0558960 secs] [Times: user=0.50 sys=0.00, real=0.06 secs] 
24099.150: [GC 24099.151: [ParNew: 2324657K->64861K(2534400K), 0.0423420 secs] 6666528K->4408665K(10982400K), 0.0429420 secs] [Times: user=0.40 sys=0.00, real=0.05 secs] 
24102.580: [GC 24102.580: [ParNew: 2317660K->54001K(2534400K), 0.0457500 secs] 6661464K->4399240K(10982400K), 0.0464690 secs] [Times: user=0.32 sys=0.00, real=0.05 secs] 
24105.358: [GC 24105.358: [ParNew: 2306801K->55065K(2534400K), 0.0490300 secs] 6652040K->4401200K(10982400K), 0.0496470 secs] [Times: user=0.30 sys=0.00, real=0.05 secs] 
24108.623: [GC 24108.623: [ParNew: 2307865K->99159K(2534400K), 0.1024690 secs] 6654000K->4447016K(10982400K), 0.1031930 secs] [Times: user=0.38 sys=0.01, real=0.10 secs] 
24111.505: [GC 24111.505: [ParNew: 2351959K->82825K(2534400K), 0.0593360 secs] 6699816K->4431293K(10982400K), 0.0600430 secs] [Times: user=0.42 sys=0.01, real=0.06 secs] 
24114.067: [GC 24114.068: [ParNew: 2335571K->112793K(2534400K), 0.0957310 secs] 6684039K->4462903K(10982400K), 0.0963580 secs] [Times: user=0.32 sys=0.00, real=0.10 secs] 
24116.627: [GC 24116.627: [ParNew: 2365593K->122189K(2534400K), 0.1329680 secs] 6715703K->4473553K(10982400K), 0.1336340 secs] [Times: user=0.40 sys=0.00, real=0.13 secs] 
24118.909: [GC 24118.909: [ParNew: 2374989K->146421K(2534400K), 0.1380710 secs] 6726353K->4499400K(10982400K), 0.1387740 secs] [Times: user=0.42 sys=0.00, real=0.14 secs] 
24121.543: [GC 24121.543: [ParNew: 2399221K->166654K(2534400K), 0.1561630 secs] 6752200K->4521608K(10982400K), 0.1569130 secs] [Times: user=0.45 sys=0.01, real=0.16 secs] 
24124.394: [GC 24124.395: [ParNew: 2419454K->53011K(2534400K), 0.0655070 secs] 6774408K->4414454K(10982400K), 0.0662270 secs] [Times: user=0.33 sys=0.01, real=0.07 secs] 
24127.392: [GC 24127.392: [ParNew: 2305811K->90810K(2534400K), 0.0941180 secs] 6667254K->4452253K(10982400K), 0.0948670 secs] [Times: user=0.38 sys=0.01, real=0.10 secs] 
24129.206: [GC 24129.207: [ParNew: 2343610K->116820K(2534400K), 0.0935950 secs] 6705053K->4478263K(10982400K), 0.0942110 secs] [Times: user=0.45 sys=0.00, real=0.09 secs] 
24130.331: [GC 24130.331: [ParNew: 2369620K->88936K(2534400K), 0.0763540 secs] 6731063K->4450379K(10982400K), 0.0770830 secs] [Times: user=0.35 sys=0.00, real=0.08 secs] 
24131.550: [GC 24131.550: [ParNew: 2341736K->94246K(2534400K), 0.0675200 secs] 6703179K->4457515K(10982400K), 0.0681380 secs] [Times: user=0.34 sys=0.00, real=0.07 secs] 
24132.888: [GC 24132.889: [ParNew: 2347046K->82890K(2534400K), 0.0597600 secs] 6710315K->4450141K(10982400K), 0.0604720 secs] [Times: user=0.33 sys=0.00, real=0.06 secs] 
24134.810: [GC 24134.810: [ParNew: 2335179K->111768K(2534400K), 0.0733280 secs] 6702430K->4480495K(10982400K), 0.0740700 secs] [Times: user=0.44 sys=0.00, real=0.07 secs] 
24136.589: [GC 24136.590: [ParNew: 2364568K->162176K(2534400K), 0.1358970 secs] 6733295K->4531910K(10982400K), 0.1366060 secs] [Times: user=0.37 sys=0.00, real=0.13 secs] 
24137.922: [GC 24137.922: [ParNew: 2414976K->126339K(2534400K), 0.0995290 secs] 6784710K->4501770K(10982400K), 0.1002480 secs] [Times: user=0.50 sys=0.00, real=0.10 secs] 
24139.107: [GC 24139.108: [ParNew: 2379139K->164945K(2534400K), 0.1000320 secs] 6754570K->4541002K(10982400K), 0.1007400 secs] [Times: user=0.53 sys=0.00, real=0.10 secs] 
24140.165: [GC 24140.165: [ParNew: 2417745K->163744K(2534400K), 0.0786280 secs] 6793802K->4544245K(10982400K), 0.0793070 secs] [Times: user=0.68 sys=0.00, real=0.08 secs] 
24141.535: [GC 24141.535: [ParNew: 2416544K->154081K(2534400K), 0.0915270 secs] 6797045K->4534582K(10982400K), 0.0922080 secs] [Times: user=0.37 sys=0.00, real=0.09 secs] 
24143.198: [GC 24143.199: [ParNew: 2406881K->149468K(2534400K), 0.1426380 secs] 6787382K->4529969K(10982400K), 0.1433350 secs] [Times: user=0.41 sys=0.00, real=0.14 secs] 
24145.171: [GC 24145.171: [ParNew: 2402268K->146779K(2534400K), 0.1492840 secs] 6782769K->4528762K(10982400K), 0.1500640 secs] [Times: user=0.34 sys=0.00, real=0.15 secs] 
24146.921: [GC 24146.921: [ParNew: 2399579K->55700K(2534400K), 0.0648260 secs] 6781562K->4439730K(10982400K), 0.0655510 secs] [Times: user=0.29 sys=0.00, real=0.06 secs] 
24149.379: [GC 24149.380: [ParNew: 2308500K->93177K(2534400K), 0.0540300 secs] 6692530K->4478116K(10982400K), 0.0547520 secs] [Times: user=0.60 sys=0.01, real=0.05 secs] 
24151.823: [GC 24151.823: [ParNew: 2345977K->69089K(2534400K), 0.0378060 secs] 6730916K->4454602K(10982400K), 0.0384340 secs] [Times: user=0.31 sys=0.00, real=0.04 secs] 
24154.821: [GC 24154.822: [ParNew: 2321889K->62487K(2534400K), 0.0450500 secs] 6707402K->4449178K(10982400K), 0.0457730 secs] [Times: user=0.38 sys=0.00, real=0.04 secs] 
24158.142: [GC 24158.143: [ParNew: 2315287K->45441K(2534400K), 0.0497660 secs] 6701978K->4435034K(10982400K), 0.0505520 secs] [Times: user=0.33 sys=0.00, real=0.05 secs] 
24160.867: [GC 24160.868: [ParNew: 2298236K->60760K(2534400K), 0.0464070 secs] 6687829K->4451360K(10982400K), 0.0471130 secs] [Times: user=0.42 sys=0.00, real=0.05 secs] 
24163.452: [GC 24163.452: [ParNew: 2313560K->67963K(2534400K), 0.0409110 secs] 6704160K->4459976K(10982400K), 0.0415290 secs] [Times: user=0.37 sys=0.00, real=0.04 secs] 
24166.682: [GC 24166.683: [ParNew: 2320763K->48398K(2534400K), 0.0444190 secs] 6712776K->4441926K(10982400K), 0.0450360 secs] [Times: user=0.31 sys=0.00, real=0.04 secs] 
24169.306: [GC 24169.306: [ParNew: 2301198K->32582K(2534400K), 0.0413140 secs] 6694726K->4427336K(10982400K), 0.0420100 secs] [Times: user=0.32 sys=0.00, real=0.04 secs] 
24173.789: [GC 24173.789: [ParNew: 2285382K->45527K(2534400K), 0.0524470 secs] 6680136K->4442562K(10982400K), 0.0530710 secs] [Times: user=0.36 sys=0.00, real=0.05 secs] 
24176.486: [GC 24176.487: [ParNew: 2298327K->54297K(2534400K), 0.0403780 secs] 6695362K->4452532K(10982400K), 0.0410880 secs] [Times: user=0.33 sys=0.00, real=0.04 secs] 
24178.409: [GC 24178.410: [ParNew: 2307097K->41059K(2534400K), 0.0411990 secs] 6705332K->4441068K(10982400K), 0.0418160 secs] [Times: user=0.32 sys=0.00, real=0.04 secs] 
24180.427: [GC 24180.427: [ParNew: 2293859K->76022K(2534400K), 0.0494830 secs] 6693868K->4478581K(10982400K), 0.0501830 secs] [Times: user=0.52 sys=0.01, real=0.05 secs] 
24183.026: [GC 24183.026: [ParNew: 2328822K->58891K(2534400K), 0.0401710 secs] 6731381K->4462830K(10982400K), 0.0408500 secs] [Times: user=0.26 sys=0.00, real=0.04 secs] 
24186.721: [GC 24186.721: [ParNew: 2311691K->34400K(2534400K), 0.0702770 secs] 6715630K->4439913K(10982400K), 0.0708980 secs] [Times: user=0.46 sys=0.00, real=0.07 secs] 
24189.998: [GC 24189.999: [ParNew: 2287200K->112775K(2534400K), 0.0613720 secs] 6692713K->4519962K(10982400K), 0.0621130 secs] [Times: user=0.72 sys=0.00, real=0.06 secs] 
24191.963: [GC 24191.963: [ParNew: 2365575K->83729K(2534400K), 0.0376300 secs] 6772762K->4491837K(10982400K), 0.0382820 secs] [Times: user=0.24 sys=0.01, real=0.04 secs] 
24195.774: [GC 24195.774: [ParNew: 2336529K->61506K(2534400K), 0.0490660 secs] 6744637K->4470168K(10982400K), 0.0497310 secs] [Times: user=0.41 sys=0.01, real=0.05 secs] 
24199.807: [GC 24199.807: [ParNew: 2314306K->49753K(2534400K), 0.0476160 secs] 6722968K->4460413K(10982400K), 0.0483000 secs] [Times: user=0.33 sys=0.00, real=0.04 secs] 
24202.849: [GC 24202.849: [ParNew: 2302553K->39376K(2534400K), 0.0425970 secs] 6713213K->4451062K(10982400K), 0.0433020 secs] [Times: user=0.28 sys=0.00, real=0.04 secs] 
24205.656: [GC 24205.656: [ParNew: 2292176K->70363K(2534400K), 0.0451580 secs] 6703862K->4482429K(10982400K), 0.0457870 secs] [Times: user=0.44 sys=0.00, real=0.05 secs] 
24209.162: [GC 24209.162: [ParNew: 2323163K->54481K(2534400K), 0.0472240 secs] 6735229K->4467360K(10982400K), 0.0478560 secs] [Times: user=0.33 sys=0.00, real=0.05 secs] 
24211.732: [GC 24211.733: [ParNew: 2307281K->44362K(2534400K), 0.0385430 secs] 6720160K->4458184K(10982400K), 0.0392330 secs] [Times: user=0.26 sys=0.00, real=0.04 secs] 
24214.019: [GC 24214.020: [ParNew: 2297162K->58336K(2534400K), 0.0416550 secs] 6710984K->4473587K(10982400K), 0.0423820 secs] [Times: user=0.37 sys=0.00, real=0.04 secs] 
24216.560: [GC 24216.560: [ParNew: 2311136K->73974K(2534400K), 0.0467910 secs] 6726387K->4493423K(10982400K), 0.0475030 secs] [Times: user=0.40 sys=0.00, real=0.04 secs] 
24220.085: [GC 24220.086: [ParNew: 2326774K->64701K(2534400K), 0.0584140 secs] 6746223K->4490878K(10982400K), 0.0591470 secs] [Times: user=0.47 sys=0.00, real=0.06 secs] 
24222.334: [GC 24222.334: [ParNew: 2317501K->56744K(2534400K), 0.0398830 secs] 6743678K->4484362K(10982400K), 0.0405060 secs] [Times: user=0.32 sys=0.00, real=0.04 secs] 
24225.479: [GC 24225.480: [ParNew: 2309544K->65502K(2534400K), 0.0467770 secs] 6737162K->4495018K(10982400K), 0.0474390 secs] [Times: user=0.35 sys=0.00, real=0.05 secs] 
24228.756: [GC 24228.757: [ParNew: 2318302K->54303K(2534400K), 0.0496610 secs] 6747818K->4485527K(10982400K), 0.0502880 secs] [Times: user=0.35 sys=0.00, real=0.05 secs] 
24232.531: [GC 24232.531: [ParNew: 2307103K->68189K(2534400K), 0.0619680 secs] 6738327K->4501341K(10982400K), 0.0626070 secs] [Times: user=0.41 sys=0.01, real=0.07 secs] 
24234.148: [GC 24234.148: [ParNew: 2320989K->82985K(2534400K), 0.0525430 secs] 6754141K->4517750K(10982400K), 0.0532390 secs] [Times: user=0.45 sys=0.01, real=0.05 secs] 
24237.513: [GC 24237.513: [ParNew: 2335785K->66382K(2534400K), 0.0470630 secs] 6770550K->4502299K(10982400K), 0.0477040 secs] [Times: user=0.32 sys=0.00, real=0.04 secs] 
24239.525: [GC 24239.525: [ParNew: 2319182K->63849K(2534400K), 0.0546610 secs] 6755099K->4501385K(10982400K), 0.0553500 secs] [Times: user=0.34 sys=0.00, real=0.05 secs] 
24241.863: [GC 24241.864: [ParNew: 2316649K->55286K(2534400K), 0.0538170 secs] 6754185K->4494999K(10982400K), 0.0544540 secs] [Times: user=0.30 sys=0.00, real=0.05 secs] 
24245.089: [GC 24245.089: [ParNew: 2308086K->33204K(2534400K), 0.0528610 secs] 6747799K->4473451K(10982400K), 0.0535720 secs] [Times: user=0.33 sys=0.00, real=0.05 secs] 
24248.132: [GC 24248.132: [ParNew: 2286004K->29615K(2534400K), 0.0420930 secs] 6726251K->4471222K(10982400K), 0.0428160 secs] [Times: user=0.27 sys=0.00, real=0.05 secs] 
24250.645: [GC 24250.646: [ParNew: 2282415K->51528K(2534400K), 0.0401520 secs] 6724022K->4494621K(10982400K), 0.0408710 secs] [Times: user=0.38 sys=0.00, real=0.04 secs] 
24254.016: [GC 24254.016: [ParNew: 2304321K->40265K(2534400K), 0.0424900 secs] 6747413K->4484480K(10982400K), 0.0432030 secs] [Times: user=0.26 sys=0.00, real=0.04 secs] 
24257.050: [GC 24257.051: [ParNew: 2293065K->72395K(2534400K), 0.0513310 secs] 6737280K->4518560K(10982400K), 0.0521750 secs] [Times: user=0.54 sys=0.00, real=0.05 secs] 
24259.575: [GC 24259.576: [ParNew: 2325194K->55800K(2534400K), 0.0402450 secs] 6771360K->4503817K(10982400K), 0.0410960 secs] [Times: user=0.22 sys=0.01, real=0.05 secs] 
24261.780: [GC 24261.780: [ParNew: 2308600K->85025K(2534400K), 0.0520340 secs] 6756617K->4534195K(10982400K), 0.0527170 secs] [Times: user=0.55 sys=0.00, real=0.05 secs] 
24264.829: [GC 24264.829: [ParNew: 2337825K->83505K(2534400K), 0.0509000 secs] 6786995K->4533699K(10982400K), 0.0514640 secs] [Times: user=0.48 sys=0.00, real=0.05 secs] 
24267.164: [GC 24267.164: [ParNew: 2336305K->118158K(2534400K), 0.0543340 secs] 6786499K->4570613K(10982400K), 0.0549480 secs] [Times: user=0.66 sys=0.00, real=0.06 secs] 
24268.161: [GC 24268.161: [ParNew: 2370958K->73792K(2534400K), 0.0286390 secs] 6823413K->4527588K(10982400K), 0.0292410 secs] [Times: user=0.35 sys=0.00, real=0.03 secs] 
24270.118: [GC 24270.118: [ParNew: 2326592K->57550K(2534400K), 0.0385320 secs] 6780388K->4512358K(10982400K), 0.0392370 secs] [Times: user=0.37 sys=0.01, real=0.04 secs] 
24272.410: [GC 24272.410: [ParNew: 2310350K->40812K(2534400K), 0.0362950 secs] 6765158K->4496640K(10982400K), 0.0370000 secs] [Times: user=0.27 sys=0.00, real=0.03 secs] 
24274.664: [GC 24274.665: [ParNew: 2293612K->64812K(2534400K), 0.0431860 secs] 6749440K->4523860K(10982400K), 0.0438910 secs] [Times: user=0.44 sys=0.00, real=0.05 secs] 
24276.549: [GC 24276.549: [ParNew: 2317612K->92096K(2534400K), 0.0396350 secs] 6776660K->4551984K(10982400K), 0.0403130 secs] [Times: user=0.47 sys=0.01, real=0.04 secs] 
24278.304: [GC 24278.305: [ParNew: 2344896K->109816K(2534400K), 0.0449440 secs] 6804784K->4571422K(10982400K), 0.0456700 secs] [Times: user=0.54 sys=0.01, real=0.05 secs] 
24279.574: [GC 24279.575: [ParNew: 2362616K->77981K(2534400K), 0.0354660 secs] 6824222K->4540138K(10982400K), 0.0361700 secs] [Times: user=0.37 sys=0.00, real=0.04 secs] 
24281.941: [GC 24281.941: [ParNew: 2330781K->80858K(2534400K), 0.0531850 secs] 6792938K->4543845K(10982400K), 0.0538630 secs] [Times: user=0.56 sys=0.00, real=0.05 secs] 
24283.812: [GC 24283.813: [ParNew: 2333658K->99040K(2534400K), 0.0422360 secs] 6796645K->4563476K(10982400K), 0.0429580 secs] [Times: user=0.51 sys=0.00, real=0.04 secs] 
24285.915: [GC 24285.916: [ParNew: 2351840K->69028K(2534400K), 0.0420150 secs] 6816276K->4534233K(10982400K), 0.0426340 secs] [Times: user=0.39 sys=0.00, real=0.04 secs] 
24288.569: [GC 24288.569: [ParNew: 2321828K->44682K(2534400K), 0.0437030 secs] 6787033K->4510679K(10982400K), 0.0443480 secs] [Times: user=0.34 sys=0.00, real=0.05 secs] 
24290.801: [GC 24290.802: [ParNew: 2297482K->34141K(2534400K), 0.0394890 secs] 6763479K->4503014K(10982400K), 0.0400930 secs] [Times: user=0.26 sys=0.01, real=0.04 secs] 
24293.404: [GC 24293.405: [ParNew: 2286941K->51500K(2534400K), 0.0506880 secs] 6755814K->4524177K(10982400K), 0.0512980 secs] [Times: user=0.38 sys=0.00, real=0.05 secs] 
24296.732: [GC 24296.732: [ParNew: 2304300K->67188K(2534400K), 0.0487740 secs] 6776977K->4541671K(10982400K), 0.0493950 secs] [Times: user=0.39 sys=0.00, real=0.05 secs] 
24299.016: [GC 24299.016: [ParNew: 2319988K->43329K(2534400K), 0.0422190 secs] 6794471K->4519136K(10982400K), 0.0429230 secs] [Times: user=0.32 sys=0.01, real=0.04 secs] 
24302.515: [GC 24302.516: [ParNew: 2296129K->31108K(2534400K), 0.0496340 secs] 6771936K->4507838K(10982400K), 0.0503660 secs] [Times: user=0.31 sys=0.00, real=0.05 secs] 
24305.095: [GC 24305.095: [ParNew: 2283908K->64765K(2534400K), 0.0498150 secs] 6760638K->4542010K(10982400K), 0.0505110 secs] [Times: user=0.43 sys=0.01, real=0.05 secs] 
24307.364: [GC 24307.365: [ParNew: 2317565K->72829K(2534400K), 0.0507210 secs] 6794810K->4551696K(10982400K), 0.0513300 secs] [Times: user=0.41 sys=0.01, real=0.05 secs] 
24309.866: [GC 24309.866: [ParNew: 2325629K->55771K(2534400K), 0.0456210 secs] 6804496K->4536129K(10982400K), 0.0462350 secs] [Times: user=0.37 sys=0.01, real=0.04 secs] 
24312.465: [GC 24312.466: [ParNew: 2308571K->93778K(2534400K), 0.0512180 secs] 6788929K->4575238K(10982400K), 0.0518490 secs] [Times: user=0.48 sys=0.00, real=0.05 secs] 
24315.477: [GC 24315.477: [ParNew: 2346578K->99528K(2534400K), 0.0489820 secs] 6828038K->4582200K(10982400K), 0.0496840 secs] [Times: user=0.37 sys=0.00, real=0.05 secs] 
24317.986: [GC 24317.987: [ParNew: 2352328K->145710K(2534400K), 0.0600930 secs] 6835000K->4629049K(10982400K), 0.0607960 secs] [Times: user=0.70 sys=0.00, real=0.06 secs] 
24321.046: [GC 24321.047: [ParNew: 2398510K->135850K(2534400K), 0.0499070 secs] 6881849K->4620108K(10982400K), 0.0505390 secs] [Times: user=0.51 sys=0.00, real=0.05 secs] 
24322.838: [GC 24322.838: [ParNew: 2388650K->99404K(2534400K), 0.0540360 secs] 6872908K->4608305K(10982400K), 0.0547190 secs] [Times: user=0.42 sys=0.01, real=0.05 secs] 
24325.696: [GC 24325.696: [ParNew: 2352204K->47022K(2534400K), 0.0547560 secs] 6861105K->4585005K(10982400K), 0.0554590 secs] [Times: user=0.36 sys=0.01, real=0.06 secs] 
24329.066: [GC 24329.066: [ParNew: 2299822K->33812K(2534400K), 0.0430290 secs] 6837805K->4574850K(10982400K), 0.0437260 secs] [Times: user=0.25 sys=0.00, real=0.04 secs] 
24331.589: [GC 24331.589: [ParNew: 2286612K->27809K(2534400K), 0.0402140 secs] 6827650K->4571116K(10982400K), 0.0409060 secs] [Times: user=0.26 sys=0.00, real=0.04 secs] 
24335.605: [GC 24335.605: [ParNew: 2280609K->90194K(2534400K), 0.0589780 secs] 6823916K->4634612K(10982400K), 0.0596850 secs] [Times: user=0.59 sys=0.00, real=0.06 secs] 
24338.261: [GC 24338.261: [ParNew: 2342893K->69272K(2534400K), 0.0479820 secs] 6887310K->4614879K(10982400K), 0.0487300 secs] [Times: user=0.47 sys=0.00, real=0.05 secs] 
24341.714: [GC 24341.715: [ParNew: 2322072K->53254K(2534400K), 0.0426480 secs] 6867679K->4600166K(10982400K), 0.0433600 secs] [Times: user=0.27 sys=0.00, real=0.05 secs] 
24344.769: [GC 24344.769: [ParNew: 2306054K->31205K(2534400K), 0.0417160 secs] 6852966K->4579001K(10982400K), 0.0424170 secs] [Times: user=0.27 sys=0.00, real=0.04 secs] 
24348.232: [GC 24348.233: [ParNew: 2284005K->61470K(2534400K), 0.0511880 secs] 6831801K->4610548K(10982400K), 0.0518950 secs] [Times: user=0.41 sys=0.00, real=0.05 secs] 
24350.918: [GC 24350.918: [ParNew: 2314270K->46360K(2534400K), 0.0424080 secs] 6863348K->4596356K(10982400K), 0.0430230 secs] [Times: user=0.32 sys=0.00, real=0.05 secs] 
24354.121: [GC 24354.122: [ParNew: 2299160K->58003K(2534400K), 0.0442190 secs] 6849156K->4609697K(10982400K), 0.0449340 secs] [Times: user=0.41 sys=0.00, real=0.04 secs] 
24356.400: [GC 24356.401: [ParNew: 2310803K->44474K(2534400K), 0.0385740 secs] 6862497K->4596984K(10982400K), 0.0392010 secs] [Times: user=0.26 sys=0.00, real=0.03 secs] 
24359.185: [GC 24359.185: [ParNew: 2297274K->59737K(2534400K), 0.0507920 secs] 6849784K->4613862K(10982400K), 0.0514190 secs] [Times: user=0.42 sys=0.00, real=0.05 secs] 
24363.090: [GC 24363.091: [ParNew: 2312537K->50245K(2534400K), 0.0491540 secs] 6866662K->4605432K(10982400K), 0.0498830 secs] [Times: user=0.27 sys=0.00, real=0.05 secs] 
24365.446: [GC 24365.446: [ParNew: 2303045K->84304K(2534400K), 0.0535550 secs] 6858232K->4640494K(10982400K), 0.0542520 secs] [Times: user=0.70 sys=0.00, real=0.05 secs] 
24369.082: [GC 24369.083: [ParNew: 2337104K->68460K(2534400K), 0.0501950 secs] 6893294K->4626361K(10982400K), 0.0509110 secs] [Times: user=0.28 sys=0.00, real=0.05 secs] 
24371.596: [GC 24371.596: [ParNew: 2321260K->60685K(2534400K), 0.0458440 secs] 6879161K->4619855K(10982400K), 0.0465320 secs] [Times: user=0.41 sys=0.00, real=0.05 secs] 
24374.120: [GC 24374.120: [ParNew: 2313485K->46428K(2534400K), 0.0409180 secs] 6872655K->4606854K(10982400K), 0.0415310 secs] [Times: user=0.27 sys=0.00, real=0.04 secs] 
24377.448: [GC 24377.448: [ParNew: 2299228K->62841K(2534400K), 0.0757190 secs] 6859654K->4624823K(10982400K), 0.0764240 secs] [Times: user=0.34 sys=0.00, real=0.08 secs] 
24379.410: [GC 24379.411: [ParNew: 2315641K->26280K(2534400K), 0.0334750 secs] 6877623K->4589561K(10982400K), 0.0341950 secs] [Times: user=0.23 sys=0.00, real=0.04 secs] 
24381.697: [GC 24381.697: [ParNew: 2279079K->28171K(2534400K), 0.0388990 secs] 6842361K->4593005K(10982400K), 0.0395210 secs] [Times: user=0.31 sys=0.00, real=0.04 secs] 
24385.404: [GC 24385.405: [ParNew: 2280971K->49261K(2534400K), 0.0569420 secs] 6845805K->4615761K(10982400K), 0.0577100 secs] [Times: user=0.33 sys=0.00, real=0.06 secs] 
24388.880: [GC 24388.880: [ParNew: 2302061K->71066K(2534400K), 0.0475590 secs] 6868561K->4638620K(10982400K), 0.0481730 secs] [Times: user=0.40 sys=0.00, real=0.05 secs] 
24392.953: [GC 24392.954: [ParNew: 2323866K->62949K(2534400K), 0.0554720 secs] 6891420K->4631418K(10982400K), 0.0561880 secs] [Times: user=0.39 sys=0.00, real=0.06 secs] 
24395.941: [GC 24395.942: [ParNew: 2315749K->57040K(2534400K), 0.0455580 secs] 6884218K->4626644K(10982400K), 0.0462800 secs] [Times: user=0.35 sys=0.00, real=0.05 secs] 
24399.711: [GC 24399.712: [ParNew: 2309838K->51915K(2534400K), 0.0471240 secs] 6879442K->4622602K(10982400K), 0.0478530 secs] [Times: user=0.30 sys=0.01, real=0.05 secs] 
24403.415: [GC 24403.415: [ParNew: 2304715K->69465K(2534400K), 0.0642500 secs] 6875402K->4653100K(10982400K), 0.0649550 secs] [Times: user=0.44 sys=0.01, real=0.07 secs] 
24405.971: [GC 24405.972: [ParNew: 2322265K->48589K(2534400K), 0.0413390 secs] 6905900K->4634877K(10982400K), 0.0420470 secs] [Times: user=0.30 sys=0.00, real=0.04 secs] 
24409.769: [GC 24409.769: [ParNew: 2301389K->67834K(2534400K), 0.0530780 secs] 6887677K->4657182K(10982400K), 0.0537790 secs] [Times: user=0.41 sys=0.01, real=0.05 secs] 
24412.270: [GC 24412.270: [ParNew: 2320634K->80196K(2534400K), 0.0558570 secs] 6909982K->4671256K(10982400K), 0.0564820 secs] [Times: user=0.47 sys=0.00, real=0.05 secs] 
24414.941: [GC 24414.942: [ParNew: 2332976K->102295K(2534400K), 0.0527070 secs] 6924036K->4694758K(10982400K), 0.0533180 secs] [Times: user=0.54 sys=0.00, real=0.05 secs] 
24416.705: [GC 24416.706: [ParNew: 2355095K->127139K(2534400K), 0.0504990 secs] 6947558K->4721469K(10982400K), 0.0511280 secs] [Times: user=0.71 sys=0.00, real=0.05 secs] 
24417.668: [GC 24417.668: [ParNew: 2379939K->170383K(2534400K), 0.0583350 secs] 6974269K->4766298K(10982400K), 0.0589260 secs] [Times: user=1.01 sys=0.00, real=0.06 secs] 
24419.491: [GC 24419.491: [ParNew: 2423183K->111860K(2534400K), 0.0373200 secs] 7019098K->4711000K(10982400K), 0.0380060 secs] [Times: user=0.28 sys=0.01, real=0.03 secs] 
24421.868: [GC 24421.869: [ParNew: 2364660K->59681K(2534400K), 0.0423820 secs] 6963800K->4663419K(10982400K), 0.0430700 secs] [Times: user=0.36 sys=0.00, real=0.05 secs] 
24423.718: [GC 24423.719: [ParNew: 2312481K->90965K(2534400K), 0.0434870 secs] 6916219K->4695993K(10982400K), 0.0440900 secs] [Times: user=0.51 sys=0.00, real=0.05 secs] 
24425.301: [GC 24425.302: [ParNew: 2343765K->79025K(2534400K), 0.0391980 secs] 6948793K->4685252K(10982400K), 0.0398840 secs] [Times: user=0.41 sys=0.00, real=0.04 secs] 
24428.012: [GC 24428.012: [ParNew: 2331825K->61635K(2534400K), 0.0470860 secs] 6938052K->4668979K(10982400K), 0.0477000 secs] [Times: user=0.28 sys=0.01, real=0.04 secs] 
24430.943: [GC 24430.944: [ParNew: 2314435K->35869K(2534400K), 0.0446990 secs] 6921779K->4645438K(10982400K), 0.0454160 secs] [Times: user=0.29 sys=0.00, real=0.04 secs] 
24434.359: [GC 24434.360: [ParNew: 2288669K->30109K(2534400K), 0.0447160 secs] 6898238K->4640954K(10982400K), 0.0454090 secs] [Times: user=0.27 sys=0.01, real=0.05 secs] 
24437.218: [GC 24437.219: [ParNew: 2282909K->86946K(2534400K), 0.0549750 secs] 6893754K->4698684K(10982400K), 0.0556950 secs] [Times: user=0.56 sys=0.01, real=0.06 secs] 
24441.214: [GC 24441.215: [ParNew: 2339746K->72526K(2534400K), 0.0551740 secs] 6951484K->4686697K(10982400K), 0.0559000 secs] [Times: user=0.37 sys=0.00, real=0.05 secs] 
24444.133: [GC 24444.133: [ParNew: 2325326K->80370K(2534400K), 0.0607100 secs] 6939497K->4695585K(10982400K), 0.0613930 secs] [Times: user=0.36 sys=0.01, real=0.07 secs] 
24447.448: [GC 24447.448: [ParNew: 2333170K->49349K(2534400K), 0.0457090 secs] 6948385K->4666069K(10982400K), 0.0464190 secs] [Times: user=0.28 sys=0.00, real=0.05 secs] 
24449.836: [GC 24449.836: [ParNew: 2302149K->61896K(2534400K), 0.0440910 secs] 6918869K->4680039K(10982400K), 0.0448030 secs] [Times: user=0.41 sys=0.01, real=0.04 secs] 
24453.711: [GC 24453.712: [ParNew: 2314696K->66115K(2534400K), 0.0514370 secs] 6932839K->4685463K(10982400K), 0.0521670 secs] [Times: user=0.35 sys=0.00, real=0.05 secs] 
24456.231: [GC 24456.231: [ParNew: 2318915K->113956K(2534400K), 0.0528020 secs] 6938263K->4735982K(10982400K), 0.0534970 secs] [Times: user=0.63 sys=0.00, real=0.05 secs] 
24458.286: [GC 24458.286: [ParNew: 2366756K->83920K(2534400K), 0.0433430 secs] 6988782K->4708640K(10982400K), 0.0441760 secs] [Times: user=0.30 sys=0.00, real=0.04 secs] 
24460.767: [GC 24460.767: [ParNew: 2336720K->62346K(2534400K), 0.0442960 secs] 6961440K->4687816K(10982400K), 0.0449860 secs] [Times: user=0.38 sys=0.01, real=0.04 secs] 
24463.052: [GC 24463.052: [ParNew: 2315146K->55037K(2534400K), 0.0408850 secs] 6940616K->4681842K(10982400K), 0.0415820 secs] [Times: user=0.32 sys=0.00, real=0.04 secs] 
24465.930: [GC 24465.930: [ParNew: 2307837K->46816K(2534400K), 0.0471160 secs] 6934642K->4674918K(10982400K), 0.0477270 secs] [Times: user=0.36 sys=0.00, real=0.05 secs] 
24468.493: [GC 24468.494: [ParNew: 2299616K->41694K(2534400K), 0.0410970 secs] 6927718K->4671916K(10982400K), 0.0418130 secs] [Times: user=0.29 sys=0.00, real=0.04 secs] 
24472.268: [GC 24472.268: [ParNew: 2294494K->85832K(2534400K), 0.0766560 secs] 6924716K->4717136K(10982400K), 0.0773750 secs] [Times: user=0.41 sys=0.01, real=0.07 secs] 
24474.948: [GC 24474.948: [ParNew: 2338632K->56692K(2534400K), 0.0530750 secs] 6969936K->4688574K(10982400K), 0.0537690 secs] [Times: user=0.28 sys=0.01, real=0.05 secs] 
24477.606: [GC 24477.606: [ParNew: 2309492K->67968K(2534400K), 0.0534090 secs] 6941374K->4701447K(10982400K), 0.0540360 secs] [Times: user=0.44 sys=0.00, real=0.06 secs] 
24479.501: [GC 24479.501: [ParNew: 2320768K->57504K(2534400K), 0.0511380 secs] 6954247K->4692700K(10982400K), 0.0518130 secs] [Times: user=0.28 sys=0.00, real=0.05 secs] 
24481.896: [GC 24481.896: [ParNew: 2310307K->60884K(2534400K), 0.0505580 secs] 6945504K->4698254K(10982400K), 0.0511610 secs] [Times: user=0.43 sys=0.00, real=0.05 secs] 
24481.950: [GC 24481.950: [ParNew: 63650K->78129K(2534400K), 0.0166880 secs] 4701019K->4716675K(10982400K), 0.0171040 secs] [Times: user=0.33 sys=0.01, real=0.01 secs] 
24484.590: [GC 24484.590: [ParNew: 2330929K->59411K(2534400K), 0.0476760 secs] 6969475K->4699284K(10982400K), 0.0483690 secs] [Times: user=0.26 sys=0.01, real=0.04 secs] 
24488.131: [GC 24488.131: [ParNew: 2312211K->30385K(2534400K), 0.0599520 secs] 6952084K->4671286K(10982400K), 0.0606250 secs] [Times: user=0.38 sys=0.00, real=0.06 secs] 
24492.382: [GC 24492.382: [ParNew: 2283185K->52975K(2534400K), 0.0502360 secs] 6924086K->4694725K(10982400K), 0.0509350 secs] [Times: user=0.37 sys=0.01, real=0.05 secs] 
24497.065: [GC 24497.065: [ParNew: 2305775K->45696K(2534400K), 0.0560760 secs] 6947525K->4687446K(10982400K), 0.0567550 secs] [Times: user=0.28 sys=0.00, real=0.06 secs] 
24500.258: [GC 24500.259: [ParNew: 2298496K->94807K(2534400K), 0.0605510 secs] 6940246K->4737447K(10982400K), 0.0612620 secs] [Times: user=0.64 sys=0.01, real=0.06 secs] 
24503.042: [GC 24503.042: [ParNew: 2347607K->84889K(2534400K), 0.0550310 secs] 6990247K->4729932K(10982400K), 0.0556570 secs] [Times: user=0.27 sys=0.00, real=0.06 secs] 
24506.821: [GC 24506.821: [ParNew: 2337689K->44773K(2534400K), 0.0494890 secs] 6982732K->4690699K(10982400K), 0.0501210 secs] [Times: user=0.34 sys=0.00, real=0.05 secs] 
24508.985: [GC 24508.986: [ParNew: 2297573K->89254K(2534400K), 0.0571880 secs] 6943499K->4736557K(10982400K), 0.0578240 secs] [Times: user=0.56 sys=0.00, real=0.05 secs] 
24510.716: [GC 24510.716: [ParNew: 2342054K->68285K(2534400K), 0.0452940 secs] 6989357K->4716837K(10982400K), 0.0459010 secs] [Times: user=0.42 sys=0.01, real=0.04 secs] 
24512.142: [GC 24512.143: [ParNew: 2321085K->70074K(2534400K), 0.0497750 secs] 6969637K->4722735K(10982400K), 0.0503730 secs] [Times: user=0.43 sys=0.00, real=0.05 secs] 
24514.395: [GC 24514.396: [ParNew: 2322874K->55606K(2534400K), 0.0466520 secs] 6975535K->4715609K(10982400K), 0.0472660 secs] [Times: user=0.33 sys=0.00, real=0.04 secs] 
24517.604: [GC 24517.605: [ParNew: 2308406K->32876K(2534400K), 0.0476160 secs] 6968409K->4693632K(10982400K), 0.0483170 secs] [Times: user=0.28 sys=0.00, real=0.05 secs] 
24520.980: [GC 24520.981: [ParNew: 2285676K->55775K(2534400K), 0.0535800 secs] 6946432K->4717819K(10982400K), 0.0543360 secs] [Times: user=0.36 sys=0.00, real=0.06 secs] 
24523.356: [GC 24523.356: [ParNew: 2308582K->42825K(2534400K), 0.0379390 secs] 6970626K->4705981K(10982400K), 0.0386090 secs] [Times: user=0.24 sys=0.00, real=0.03 secs] 
24523.398: [GC 24523.398: [ParNew: 43724K->29939K(2534400K), 0.0151750 secs] 4706880K->4694114K(10982400K), 0.0156300 secs] [Times: user=0.28 sys=0.00, real=0.01 secs] 
24526.195: [GC 24526.196: [ParNew: 2282739K->44770K(2534400K), 0.0585270 secs] 6946914K->4711088K(10982400K), 0.0592320 secs] [Times: user=0.33 sys=0.00, real=0.06 secs] 
24528.212: [GC 24528.212: [ParNew: 2297570K->70652K(2534400K), 0.0473530 secs] 6963888K->4738378K(10982400K), 0.0480490 secs] [Times: user=0.46 sys=0.00, real=0.05 secs] 
24531.583: [GC 24531.583: [ParNew: 2323452K->110114K(2534400K), 0.0746140 secs] 6991178K->4778718K(10982400K), 0.0753310 secs] [Times: user=0.79 sys=0.01, real=0.08 secs] 
24533.337: [GC 24533.337: [ParNew: 2362914K->145485K(2534400K), 0.0616890 secs] 7031518K->4814089K(10982400K), 0.0623090 secs] [Times: user=0.71 sys=0.01, real=0.06 secs] 
24534.969: [GC 24534.979: [ParNew: 2398285K->96660K(2534400K), 0.0450900 secs] 7066889K->4767885K(10982400K), 0.0457130 secs] [Times: user=0.43 sys=0.00, real=0.05 secs] 
24537.291: [GC 24537.292: [ParNew: 2349460K->55224K(2534400K), 0.0476090 secs] 7020685K->4728636K(10982400K), 0.0482800 secs] [Times: user=0.41 sys=0.00, real=0.05 secs] 
24539.727: [GC 24539.727: [ParNew: 2308024K->74852K(2534400K), 0.0475320 secs] 6981436K->4750168K(10982400K), 0.0482340 secs] [Times: user=0.44 sys=0.00, real=0.05 secs] 
24542.183: [GC 24542.184: [ParNew: 2327652K->55345K(2534400K), 0.0395500 secs] 7002968K->4731895K(10982400K), 0.0402860 secs] [Times: user=0.31 sys=0.01, real=0.04 secs] 
24545.231: [GC 24545.231: [ParNew: 2308145K->72308K(2534400K), 0.0505970 secs] 6984695K->4749974K(10982400K), 0.0512960 secs] [Times: user=0.47 sys=0.00, real=0.05 secs] 
24548.352: [GC 24548.352: [ParNew: 2325108K->68501K(2534400K), 0.0501090 secs] 7002774K->4749065K(10982400K), 0.0508220 secs] [Times: user=0.37 sys=0.00, real=0.05 secs] 
24550.703: [GC 24550.704: [ParNew: 2321301K->73594K(2534400K), 0.0432730 secs] 7001865K->4756434K(10982400K), 0.0439670 secs] [Times: user=0.38 sys=0.00, real=0.04 secs] 
24552.814: [GC 24552.814: [ParNew: 2326394K->49826K(2534400K), 0.0370060 secs] 7009234K->4733643K(10982400K), 0.0377420 secs] [Times: user=0.28 sys=0.00, real=0.04 secs] 
24555.093: [GC 24555.093: [ParNew: 2302626K->34682K(2534400K), 0.0352920 secs] 6986443K->4719745K(10982400K), 0.0359140 secs] [Times: user=0.21 sys=0.00, real=0.03 secs] 
24557.366: [GC 24557.366: [ParNew: 2287482K->31646K(2534400K), 0.0379620 secs] 6972545K->4721548K(10982400K), 0.0385850 secs] [Times: user=0.22 sys=0.01, real=0.04 secs] 
24560.037: [GC 24560.037: [ParNew: 2284446K->25526K(2534400K), 0.0372580 secs] 6974348K->4717390K(10982400K), 0.0378740 secs] [Times: user=0.26 sys=0.00, real=0.04 secs] 
24562.166: [GC 24562.167: [ParNew: 2278326K->29661K(2534400K), 0.0358440 secs] 6970190K->4722663K(10982400K), 0.0365540 secs] [Times: user=0.28 sys=0.00, real=0.04 secs] 
24565.131: [GC 24565.132: [ParNew: 2282461K->30926K(2534400K), 0.0398390 secs] 6975463K->4724862K(10982400K), 0.0404650 secs] [Times: user=0.32 sys=0.00, real=0.05 secs] 
24567.430: [GC 24567.430: [ParNew: 2283726K->28106K(2534400K), 0.0373780 secs] 6977662K->4722839K(10982400K), 0.0380690 secs] [Times: user=0.26 sys=0.00, real=0.04 secs] 
24570.971: [GC 24570.971: [ParNew: 2280906K->89379K(2534400K), 0.0616040 secs] 6975639K->4785181K(10982400K), 0.0622650 secs] [Times: user=0.58 sys=0.00, real=0.07 secs] 
24573.904: [GC 24573.904: [ParNew: 2342179K->67154K(2534400K), 0.0438180 secs] 7037981K->4763535K(10982400K), 0.0445190 secs] [Times: user=0.30 sys=0.00, real=0.04 secs] 
24576.396: [GC 24576.396: [ParNew: 2319954K->32849K(2534400K), 0.0358770 secs] 7016335K->4730547K(10982400K), 0.0365960 secs] [Times: user=0.27 sys=0.00, real=0.03 secs] 
24579.266: [GC 24579.267: [ParNew: 2285649K->56351K(2534400K), 0.0461790 secs] 6983347K->4755523K(10982400K), 0.0469270 secs] [Times: user=0.39 sys=0.00, real=0.05 secs] 
24582.042: [GC 24582.042: [ParNew: 2309151K->44287K(2534400K), 0.0427760 secs] 7008323K->4744425K(10982400K), 0.0434490 secs] [Times: user=0.28 sys=0.00, real=0.05 secs] 
24586.061: [GC 24586.061: [ParNew: 2297087K->37604K(2534400K), 0.0487910 secs] 6997225K->4738954K(10982400K), 0.0494580 secs] [Times: user=0.30 sys=0.00, real=0.05 secs] 
24587.977: [GC 24587.978: [ParNew: 2290404K->28511K(2534400K), 0.0344940 secs] 6991754K->4731353K(10982400K), 0.0351100 secs] [Times: user=0.26 sys=0.00, real=0.03 secs] 
24590.515: [GC 24590.516: [ParNew: 2281311K->24978K(2534400K), 0.0374780 secs] 6984153K->4730667K(10982400K), 0.0381070 secs] [Times: user=0.27 sys=0.00, real=0.04 secs] 
24593.189: [GC 24593.189: [ParNew: 2277778K->26231K(2534400K), 0.0431160 secs] 6983467K->4733306K(10982400K), 0.0437590 secs] [Times: user=0.26 sys=0.00, real=0.04 secs] 
24596.970: [GC 24596.970: [ParNew: 2279031K->33563K(2534400K), 0.0465480 secs] 6986106K->4741611K(10982400K), 0.0471940 secs] [Times: user=0.29 sys=0.00, real=0.05 secs] 
24599.764: [GC 24599.764: [ParNew: 2286363K->61381K(2534400K), 0.0435360 secs] 6994411K->4770243K(10982400K), 0.0441770 secs] [Times: user=0.40 sys=0.00, real=0.05 secs] 
24602.587: [GC 24602.587: [ParNew: 2314181K->50855K(2534400K), 0.0443190 secs] 7023043K->4760555K(10982400K), 0.0449420 secs] [Times: user=0.36 sys=0.01, real=0.05 secs] 
24605.332: [GC 24605.332: [ParNew: 2303655K->78159K(2534400K), 0.0457130 secs] 7013355K->4788874K(10982400K), 0.0463450 secs] [Times: user=0.44 sys=0.00, real=0.05 secs] 
24608.026: [GC 24608.026: [ParNew: 2330959K->62617K(2534400K), 0.0515210 secs] 7041674K->4774743K(10982400K), 0.0522580 secs] [Times: user=0.28 sys=0.01, real=0.05 secs] 
24611.227: [GC 24611.227: [ParNew: 2315417K->40374K(2534400K), 0.0518110 secs] 7027543K->4754295K(10982400K), 0.0525200 secs] [Times: user=0.33 sys=0.00, real=0.06 secs] 
24614.936: [GC 24614.936: [ParNew: 2293174K->37202K(2534400K), 0.0543440 secs] 7007095K->4758497K(10982400K), 0.0550560 secs] [Times: user=0.28 sys=0.00, real=0.06 secs] 
24618.377: [GC 24618.377: [ParNew: 2290002K->57666K(2534400K), 0.0487100 secs] 7011297K->4782494K(10982400K), 0.0493310 secs] [Times: user=0.40 sys=0.01, real=0.05 secs] 
24621.857: [GC 24621.858: [ParNew: 2310466K->47929K(2534400K), 0.0509720 secs] 7035294K->4774564K(10982400K), 0.0516950 secs] [Times: user=0.35 sys=0.00, real=0.05 secs] 
24624.609: [GC 24624.610: [ParNew: 2300729K->80797K(2534400K), 0.0477880 secs] 7027364K->4808275K(10982400K), 0.0485090 secs] [Times: user=0.45 sys=0.00, real=0.05 secs] 
24627.549: [GC 24627.549: [ParNew: 2333597K->60673K(2534400K), 0.0391160 secs] 7061075K->4789667K(10982400K), 0.0397370 secs] [Times: user=0.30 sys=0.00, real=0.04 secs] 
24630.560: [GC 24630.561: [ParNew: 2313473K->42155K(2534400K), 0.0387470 secs] 7042467K->4772023K(10982400K), 0.0393730 secs] [Times: user=0.28 sys=0.01, real=0.04 secs] 
24633.668: [GC 24633.669: [ParNew: 2294955K->70757K(2534400K), 0.0600370 secs] 7024823K->4810615K(10982400K), 0.0607640 secs] [Times: user=0.51 sys=0.00, real=0.06 secs] 
24636.465: [GC 24636.465: [ParNew: 2323557K->59174K(2534400K), 0.0524460 secs] 7063415K->4800191K(10982400K), 0.0531500 secs] [Times: user=0.28 sys=0.00, real=0.05 secs] 
24640.405: [GC 24640.406: [ParNew: 2311974K->37946K(2534400K), 0.0525770 secs] 7052991K->4780748K(10982400K), 0.0532980 secs] [Times: user=0.34 sys=0.01, real=0.05 secs] 
24643.302: [GC 24643.302: [ParNew: 2290746K->62030K(2534400K), 0.0454130 secs] 7033548K->4806689K(10982400K), 0.0460400 secs] [Times: user=0.41 sys=0.00, real=0.05 secs] 
24647.051: [GC 24647.052: [ParNew: 2314830K->76350K(2534400K), 0.0577790 secs] 7059489K->4822270K(10982400K), 0.0584600 secs] [Times: user=0.43 sys=0.00, real=0.06 secs] 
24649.964: [GC 24649.964: [ParNew: 2329150K->71895K(2534400K), 0.0619460 secs] 7075070K->4819798K(10982400K), 0.0627010 secs] [Times: user=0.43 sys=0.00, real=0.07 secs] 
24653.237: [GC 24653.238: [ParNew: 2324695K->57243K(2534400K), 0.0567120 secs] 7072598K->4806513K(10982400K), 0.0574490 secs] [Times: user=0.29 sys=0.00, real=0.05 secs] 
24656.635: [GC 24656.635: [ParNew: 2310043K->33849K(2534400K), 0.0475470 secs] 7059313K->4784293K(10982400K), 0.0482000 secs] [Times: user=0.31 sys=0.01, real=0.05 secs] 
24659.837: [GC 24659.837: [ParNew: 2286649K->47898K(2534400K), 0.0458140 secs] 7037093K->4800152K(10982400K), 0.0465350 secs] [Times: user=0.38 sys=0.01, real=0.05 secs] 
24663.088: [GC 24663.088: [ParNew: 2300698K->37327K(2534400K), 0.0445160 secs] 7052952K->4791454K(10982400K), 0.0452300 secs] [Times: user=0.27 sys=0.00, real=0.04 secs] 
24666.529: [GC 24666.530: [ParNew: 2290127K->38332K(2534400K), 0.0439900 secs] 7044254K->4793140K(10982400K), 0.0446870 secs] [Times: user=0.24 sys=0.00, real=0.04 secs] 
24669.980: [GC 24669.981: [ParNew: 2291132K->34309K(2534400K), 0.0468550 secs] 7045940K->4790730K(10982400K), 0.0475870 secs] [Times: user=0.32 sys=0.01, real=0.05 secs] 
24672.886: [GC 24672.886: [ParNew: 2287109K->42396K(2534400K), 0.0418190 secs] 7043530K->4800694K(10982400K), 0.0425490 secs] [Times: user=0.26 sys=0.00, real=0.04 secs] 
24675.589: [GC 24675.589: [ParNew: 2295196K->43914K(2534400K), 0.0400430 secs] 7053494K->4803530K(10982400K), 0.0406550 secs] [Times: user=0.34 sys=0.00, real=0.04 secs] 
24678.186: [GC 24678.186: [ParNew: 2296714K->53637K(2534400K), 0.0454820 secs] 7056330K->4815893K(10982400K), 0.0460980 secs] [Times: user=0.30 sys=0.01, real=0.05 secs] 
24680.880: [GC 24680.880: [ParNew: 2306437K->47972K(2534400K), 0.0531880 secs] 7068693K->4811239K(10982400K), 0.0538190 secs] [Times: user=0.32 sys=0.01, real=0.05 secs] 
24683.934: [GC 24683.934: [ParNew: 2300772K->39357K(2534400K), 0.0488010 secs] 7064039K->4803736K(10982400K), 0.0494210 secs] [Times: user=0.32 sys=0.00, real=0.05 secs] 
24687.108: [GC 24687.109: [ParNew: 2292146K->31857K(2534400K), 0.0463780 secs] 7056525K->4798386K(10982400K), 0.0470190 secs] [Times: user=0.29 sys=0.00, real=0.05 secs] 
24688.900: [GC 24688.900: [ParNew: 2284657K->80871K(2534400K), 0.0858880 secs] 7051186K->4848437K(10982400K), 0.0866020 secs] [Times: user=0.31 sys=0.00, real=0.09 secs] 
24690.492: [GC 24690.492: [ParNew: 2333671K->70117K(2534400K), 0.0665740 secs] 7101237K->4839014K(10982400K), 0.0671810 secs] [Times: user=0.35 sys=0.00, real=0.06 secs] 
24692.387: [GC 24692.388: [ParNew: 2322917K->34808K(2534400K), 0.0360930 secs] 7091814K->4804877K(10982400K), 0.0367060 secs] [Times: user=0.33 sys=0.00, real=0.04 secs] 
24694.285: [GC 24694.285: [ParNew: 2287608K->65253K(2534400K), 0.0567960 secs] 7057677K->4836736K(10982400K), 0.0574130 secs] [Times: user=0.35 sys=0.00, real=0.06 secs] 
24696.423: [GC 24696.423: [ParNew: 2318053K->125159K(2534400K), 0.1154930 secs] 7089536K->4897660K(10982400K), 0.1161200 secs] [Times: user=0.36 sys=0.00, real=0.11 secs] 
24698.110: [GC 24698.110: [ParNew: 2377959K->124661K(2534400K), 0.0968970 secs] 7150460K->4897768K(10982400K), 0.0975290 secs] [Times: user=0.44 sys=0.00, real=0.10 secs] 
24700.674: [GC 24700.674: [ParNew: 2377461K->109212K(2534400K), 0.0969710 secs] 7150568K->4883350K(10982400K), 0.0976140 secs] [Times: user=0.36 sys=0.00, real=0.09 secs] 
24704.390: [GC 24704.390: [ParNew: 2362012K->64173K(2534400K), 0.0798010 secs] 7136150K->4839357K(10982400K), 0.0805350 secs] [Times: user=0.33 sys=0.01, real=0.08 secs] 
24706.425: [GC 24706.426: [ParNew: 2316973K->142584K(2534400K), 0.1329350 secs] 7092157K->4918767K(10982400K), 0.1335780 secs] [Times: user=0.42 sys=0.00, real=0.13 secs] 
24708.360: [GC 24708.361: [ParNew: 2395384K->165940K(2534400K), 0.1276470 secs] 7171567K->4942923K(10982400K), 0.1282330 secs] [Times: user=0.45 sys=0.00, real=0.13 secs] 
24710.278: [GC 24710.278: [ParNew: 2418740K->156439K(2534400K), 0.1285300 secs] 7195723K->4943104K(10982400K), 0.1290570 secs] [Times: user=0.39 sys=0.01, real=0.13 secs] 
24712.070: [GC 24712.071: [ParNew: 2409239K->123450K(2534400K), 0.1168510 secs] 7195904K->4910116K(10982400K), 0.1174150 secs] [Times: user=0.38 sys=0.01, real=0.12 secs] 
24713.500: [GC 24713.500: [ParNew: 2376250K->119697K(2534400K), 0.1141020 secs] 7162916K->4906362K(10982400K), 0.1146680 secs] [Times: user=0.38 sys=0.00, real=0.11 secs] 
24715.967: [GC 24715.967: [ParNew: 2372497K->139699K(2534400K), 0.1301610 secs] 7159162K->4926365K(10982400K), 0.1307180 secs] [Times: user=0.32 sys=0.00, real=0.13 secs] 
24717.927: [GC 24717.928: [ParNew: 2392499K->82271K(2534400K), 0.0768650 secs] 7179165K->4870238K(10982400K), 0.0774360 secs] [Times: user=0.41 sys=0.00, real=0.08 secs] 
24719.651: [GC 24719.651: [ParNew: 2335071K->81071K(2534400K), 0.0745480 secs] 7123038K->4870242K(10982400K), 0.0751200 secs] [Times: user=0.26 sys=0.00, real=0.08 secs] 
24721.316: [GC 24721.316: [ParNew: 2333871K->125542K(2534400K), 0.0933480 secs] 7123042K->4915379K(10982400K), 0.0939170 secs] [Times: user=0.48 sys=0.00, real=0.09 secs] 
24722.908: [GC 24722.908: [ParNew: 2378342K->118447K(2534400K), 0.0931780 secs] 7168179K->4909721K(10982400K), 0.0937320 secs] [Times: user=0.41 sys=0.01, real=0.09 secs] 
24724.353: [GC 24724.353: [ParNew: 2371247K->187528K(2534400K), 0.1545320 secs] 7162521K->4980152K(10982400K), 0.1550730 secs] [Times: user=0.50 sys=0.00, real=0.16 secs] 
24726.669: [GC 24726.670: [ParNew: 2440328K->171030K(2534400K), 0.1502270 secs] 7232952K->4971746K(10982400K), 0.1509580 secs] [Times: user=0.43 sys=0.01, real=0.15 secs] 
24728.521: [GC 24728.521: [ParNew: 2423829K->154319K(2534400K), 0.1456120 secs] 7224546K->4963259K(10982400K), 0.1462310 secs] [Times: user=0.42 sys=0.01, real=0.15 secs] 
24730.237: [GC 24730.238: [ParNew: 2407119K->68467K(2534400K), 0.0747850 secs] 7216059K->4883631K(10982400K), 0.0754180 secs] [Times: user=0.43 sys=0.00, real=0.07 secs] 
24733.685: [GC 24733.686: [ParNew: 2321267K->55518K(2534400K), 0.0479370 secs] 7136431K->4870682K(10982400K), 0.0486860 secs] [Times: user=0.39 sys=0.00, real=0.05 secs] 
24737.222: [GC 24737.223: [ParNew: 2308318K->47595K(2534400K), 0.0485230 secs] 7123482K->4862759K(10982400K), 0.0492410 secs] [Times: user=0.35 sys=0.00, real=0.05 secs] 
24740.367: [GC 24740.368: [ParNew: 2300395K->47084K(2534400K), 0.0487050 secs] 7115559K->4862248K(10982400K), 0.0494590 secs] [Times: user=0.35 sys=0.00, real=0.05 secs] 
24742.514: [GC 24742.515: [ParNew: 2299884K->63644K(2534400K), 0.0709550 secs] 7115048K->4888356K(10982400K), 0.0716700 secs] [Times: user=0.37 sys=0.00, real=0.07 secs] 
24746.297: [GC 24746.298: [ParNew: 2316444K->62135K(2534400K), 0.0564250 secs] 7141156K->4890773K(10982400K), 0.0570550 secs] [Times: user=0.42 sys=0.00, real=0.06 secs] 
24749.493: [GC 24749.493: [ParNew: 2314935K->44782K(2534400K), 0.0446230 secs] 7143573K->4874698K(10982400K), 0.0453440 secs] [Times: user=0.24 sys=0.01, real=0.04 secs] 
24751.776: [GC 24751.777: [ParNew: 2297582K->29152K(2534400K), 0.0357710 secs] 7127498K->4860508K(10982400K), 0.0363960 secs] [Times: user=0.32 sys=0.00, real=0.04 secs] 
24754.220: [GC 24754.221: [ParNew: 2281952K->31705K(2534400K), 0.0478120 secs] 7113308K->4864484K(10982400K), 0.0485610 secs] [Times: user=0.34 sys=0.00, real=0.05 secs] 
24755.878: [GC 24755.879: [ParNew: 2284505K->27096K(2534400K), 0.0511080 secs] 7117284K->4863879K(10982400K), 0.0518950 secs] [Times: user=0.40 sys=0.01, real=0.05 secs] 
24759.057: [GC 24759.058: [ParNew: 2279896K->53315K(2534400K), 0.0471890 secs] 7116679K->4890884K(10982400K), 0.0479120 secs] [Times: user=0.37 sys=0.01, real=0.05 secs] 
24761.871: [GC 24761.872: [ParNew: 2306115K->78884K(2534400K), 0.0500440 secs] 7143684K->4917369K(10982400K), 0.0508920 secs] [Times: user=0.47 sys=0.01, real=0.06 secs] 
24764.190: [GC 24764.190: [ParNew: 2331684K->77941K(2534400K), 0.0425440 secs] 7170169K->4917521K(10982400K), 0.0432370 secs] [Times: user=0.40 sys=0.00, real=0.05 secs] 
24767.025: [GC 24767.025: [ParNew: 2330741K->91196K(2534400K), 0.0529690 secs] 7170321K->4932866K(10982400K), 0.0536760 secs] [Times: user=0.45 sys=0.00, real=0.05 secs] 
24770.306: [GC 24770.306: [ParNew: 2343996K->67170K(2534400K), 0.0451720 secs] 7185666K->4909895K(10982400K), 0.0458370 secs] [Times: user=0.28 sys=0.00, real=0.04 secs] 
24772.647: [GC 24772.648: [ParNew: 2319970K->83615K(2534400K), 0.0483800 secs] 7162695K->4930478K(10982400K), 0.0489710 secs] [Times: user=0.47 sys=0.00, real=0.05 secs] 
24774.443: [GC 24774.443: [ParNew: 2336415K->112229K(2534400K), 0.0518160 secs] 7183278K->4966730K(10982400K), 0.0523690 secs] [Times: user=0.63 sys=0.00, real=0.06 secs] 
24778.419: [GC 24778.419: [ParNew: 2365029K->79189K(2534400K), 0.0508150 secs] 7219530K->4935669K(10982400K), 0.0513870 secs] [Times: user=0.33 sys=0.00, real=0.05 secs] 
24782.269: [GC 24782.269: [ParNew: 2331989K->59154K(2534400K), 0.0504430 secs] 7188469K->4918450K(10982400K), 0.0510070 secs] [Times: user=0.39 sys=0.00, real=0.05 secs] 
24786.374: [GC 24786.374: [ParNew: 2311954K->63800K(2534400K), 0.0531070 secs] 7171250K->4924010K(10982400K), 0.0536780 secs] [Times: user=0.39 sys=0.01, real=0.06 secs] 
24788.854: [GC 24788.854: [ParNew: 2316600K->63151K(2534400K), 0.0478210 secs] 7176810K->4925148K(10982400K), 0.0483870 secs] [Times: user=0.36 sys=0.00, real=0.05 secs] 
24791.047: [GC 24791.047: [ParNew: 2315951K->57343K(2534400K), 0.0535120 secs] 7177948K->4921929K(10982400K), 0.0540550 secs] [Times: user=0.37 sys=0.00, real=0.05 secs] 
24793.933: [GC 24793.933: [ParNew: 2310143K->85273K(2534400K), 0.0631870 secs] 7174729K->4961590K(10982400K), 0.0637540 secs] [Times: user=0.61 sys=0.00, real=0.06 secs] 
24796.738: [GC 24796.738: [ParNew: 2338073K->62764K(2534400K), 0.0418140 secs] 7214390K->4946027K(10982400K), 0.0423750 secs] [Times: user=0.28 sys=0.00, real=0.04 secs] 
24798.495: [GC 24798.495: [ParNew: 2315564K->28007K(2534400K), 0.0363180 secs] 7198827K->4913076K(10982400K), 0.0368800 secs] [Times: user=0.30 sys=0.00, real=0.04 secs] 
24802.119: [GC 24802.120: [ParNew: 2280807K->32769K(2534400K), 0.0477180 secs] 7165876K->4918701K(10982400K), 0.0482880 secs] [Times: user=0.33 sys=0.00, real=0.05 secs] 
24805.063: [GC 24805.063: [ParNew: 2285569K->29240K(2534400K), 0.0426370 secs] 7171501K->4916820K(10982400K), 0.0431960 secs] [Times: user=0.32 sys=0.00, real=0.04 secs] 
24808.119: [GC 24808.120: [ParNew: 2282040K->26179K(2534400K), 0.0450210 secs] 7169620K->4915899K(10982400K), 0.0455570 secs] [Times: user=0.32 sys=0.00, real=0.04 secs] 
24810.896: [GC 24810.896: [ParNew: 2278979K->26534K(2534400K), 0.0414020 secs] 7168699K->4916905K(10982400K), 0.0419650 secs] [Times: user=0.31 sys=0.00, real=0.04 secs] 
24814.258: [GC 24814.258: [ParNew: 2279334K->39937K(2534400K), 0.0411570 secs] 7169705K->4931381K(10982400K), 0.0417340 secs] [Times: user=0.28 sys=0.01, real=0.04 secs] 
24817.435: [GC 24817.435: [ParNew: 2292732K->48763K(2534400K), 0.0482800 secs] 7184175K->4941690K(10982400K), 0.0488560 secs] [Times: user=0.40 sys=0.00, real=0.05 secs] 
24820.841: [GC 24820.841: [ParNew: 2301563K->72643K(2534400K), 0.0535170 secs] 7194490K->4966643K(10982400K), 0.0540670 secs] [Times: user=0.44 sys=0.00, real=0.06 secs] 
24823.135: [GC 24823.135: [ParNew: 2325443K->53223K(2534400K), 0.0395160 secs] 7219443K->4948511K(10982400K), 0.0400290 secs] [Times: user=0.32 sys=0.00, real=0.04 secs] 
24824.525: [GC 24824.525: [ParNew: 2305976K->63720K(2534400K), 0.0361430 secs] 7201263K->4961279K(10982400K), 0.0366980 secs] [Times: user=0.41 sys=0.00, real=0.04 secs] 
24826.972: [GC 24826.973: [ParNew: 2316520K->50010K(2534400K), 0.0391330 secs] 7214079K->4949090K(10982400K), 0.0397100 secs] [Times: user=0.31 sys=0.00, real=0.04 secs] 
24829.366: [GC 24829.367: [ParNew: 2302810K->30409K(2534400K), 0.0356420 secs] 7201890K->4931353K(10982400K), 0.0362620 secs] [Times: user=0.27 sys=0.00, real=0.04 secs] 
24831.661: [GC 24831.662: [ParNew: 2283209K->32943K(2534400K), 0.0359780 secs] 7184153K->4935072K(10982400K), 0.0366080 secs] [Times: user=0.26 sys=0.01, real=0.04 secs] 
24832.882: [GC 24832.883: [ParNew: 2285743K->32545K(2534400K), 0.0319320 secs] 7187872K->4935935K(10982400K), 0.0325570 secs] [Times: user=0.27 sys=0.00, real=0.04 secs] 
24834.556: [GC 24834.556: [ParNew: 2285345K->57180K(2534400K), 0.0380210 secs] 7188735K->4961494K(10982400K), 0.0386350 secs] [Times: user=0.37 sys=0.00, real=0.04 secs] 
24836.890: [GC 24836.891: [ParNew: 2309980K->43334K(2534400K), 0.0421430 secs] 7214294K->4949071K(10982400K), 0.0428720 secs] [Times: user=0.28 sys=0.00, real=0.05 secs] 
24838.865: [GC 24838.866: [ParNew: 2296134K->31962K(2534400K), 0.0393950 secs] 7201871K->4938781K(10982400K), 0.0401060 secs] [Times: user=0.31 sys=0.00, real=0.04 secs] 
24840.832: [GC 24840.832: [ParNew: 2284762K->57980K(2534400K), 0.0395470 secs] 7191581K->4965040K(10982400K), 0.0402520 secs] [Times: user=0.40 sys=0.00, real=0.04 secs] 
24842.895: [GC 24842.896: [ParNew: 2310780K->45401K(2534400K), 0.0379920 secs] 7217840K->4953515K(10982400K), 0.0387030 secs] [Times: user=0.26 sys=0.00, real=0.04 secs] 
24845.033: [GC 24845.034: [ParNew: 2298201K->40504K(2534400K), 0.0384740 secs] 7206315K->4949603K(10982400K), 0.0392070 secs] [Times: user=0.31 sys=0.00, real=0.04 secs] 
24846.778: [GC 24846.778: [ParNew: 2293304K->59966K(2534400K), 0.0396810 secs] 7202403K->4970220K(10982400K), 0.0403820 secs] [Times: user=0.38 sys=0.01, real=0.04 secs] 
24848.800: [GC 24848.801: [ParNew: 2312766K->46383K(2534400K), 0.0411380 secs] 7223020K->4957613K(10982400K), 0.0418750 secs] [Times: user=0.28 sys=0.00, real=0.04 secs] 
24850.716: [GC 24850.716: [ParNew: 2299183K->91761K(2534400K), 0.0479630 secs] 7210413K->5003998K(10982400K), 0.0485820 secs] [Times: user=0.61 sys=0.01, real=0.04 secs] 
24852.574: [GC 24852.574: [ParNew: 2344561K->69527K(2534400K), 0.0419100 secs] 7256798K->4982778K(10982400K), 0.0425270 secs] [Times: user=0.40 sys=0.00, real=0.05 secs] 
24854.551: [GC 24854.552: [ParNew: 2322327K->65814K(2534400K), 0.0483810 secs] 7235578K->4980164K(10982400K), 0.0492060 secs] [Times: user=0.48 sys=0.01, real=0.05 secs] 
24857.766: [GC 24857.766: [ParNew: 2318614K->66377K(2534400K), 0.0597510 secs] 7232964K->4981966K(10982400K), 0.0603160 secs] [Times: user=0.34 sys=0.00, real=0.07 secs] 
24859.200: [GC 24859.200: [ParNew: 2319177K->26004K(2534400K), 0.0299600 secs] 7234766K->4942830K(10982400K), 0.0305080 secs] [Times: user=0.29 sys=0.00, real=0.03 secs] 
24862.476: [GC 24862.476: [ParNew: 2278804K->34005K(2534400K), 0.0456510 secs] 7195630K->4951875K(10982400K), 0.0462390 secs] [Times: user=0.27 sys=0.00, real=0.05 secs] 
24864.672: [GC 24864.673: [ParNew: 2286805K->32839K(2534400K), 0.0422280 secs] 7204675K->4951567K(10982400K), 0.0429610 secs] [Times: user=0.31 sys=0.00, real=0.04 secs] 
24867.950: [GC 24867.950: [ParNew: 2285639K->80740K(2534400K), 0.0578810 secs] 7204367K->5001597K(10982400K), 0.0585280 secs] [Times: user=0.60 sys=0.01, real=0.06 secs] 
24870.463: [GC 24870.464: [ParNew: 2333540K->118142K(2534400K), 0.0496070 secs] 7254397K->5040441K(10982400K), 0.0502210 secs] [Times: user=0.51 sys=0.00, real=0.05 secs] 
24873.858: [GC 24873.858: [ParNew: 2370942K->97337K(2534400K), 0.0601420 secs] 7293241K->5020487K(10982400K), 0.0608540 secs] [Times: user=0.51 sys=0.00, real=0.07 secs] 
24876.251: [GC 24876.252: [ParNew: 2350137K->46960K(2534400K), 0.0448230 secs] 7273287K->4972669K(10982400K), 0.0455610 secs] [Times: user=0.31 sys=0.00, real=0.04 secs] 
24879.863: [GC 24879.863: [ParNew: 2299760K->38374K(2534400K), 0.0481200 secs] 7225469K->4966082K(10982400K), 0.0488380 secs] [Times: user=0.31 sys=0.00, real=0.05 secs] 
24881.885: [GC 24881.886: [ParNew: 2291174K->49894K(2534400K), 0.0385820 secs] 7218882K->4978543K(10982400K), 0.0393130 secs] [Times: user=0.34 sys=0.00, real=0.04 secs] 
24884.423: [GC 24884.423: [ParNew: 2302694K->40390K(2534400K), 0.0392390 secs] 7231343K->4970399K(10982400K), 0.0398760 secs] [Times: user=0.34 sys=0.01, real=0.04 secs] 
24887.791: [GC 24887.792: [ParNew: 2293190K->50832K(2534400K), 0.0486480 secs] 7223199K->4981669K(10982400K), 0.0493810 secs] [Times: user=0.34 sys=0.00, real=0.05 secs] 
24891.311: [GC 24891.312: [ParNew: 2303632K->39776K(2534400K), 0.0488870 secs] 7234469K->4971558K(10982400K), 0.0495980 secs] [Times: user=0.26 sys=0.00, real=0.05 secs] 
24893.177: [GC 24893.178: [ParNew: 2292576K->65276K(2534400K), 0.0463680 secs] 7224358K->4998178K(10982400K), 0.0470740 secs] [Times: user=0.40 sys=0.01, real=0.05 secs] 
24896.136: [GC 24896.136: [ParNew: 2318076K->83038K(2534400K), 0.0538440 secs] 7250978K->5019530K(10982400K), 0.0545660 secs] [Times: user=0.42 sys=0.01, real=0.05 secs] 
24899.253: [GC 24899.253: [ParNew: 2335838K->55659K(2534400K), 0.0473110 secs] 7272330K->4993945K(10982400K), 0.0480250 secs] [Times: user=0.28 sys=0.00, real=0.04 secs] 
24902.622: [GC 24902.622: [ParNew: 2308459K->40193K(2534400K), 0.0463970 secs] 7246745K->4980450K(10982400K), 0.0471360 secs] [Times: user=0.25 sys=0.00, real=0.05 secs] 
24906.044: [GC 24906.045: [ParNew: 2292993K->95324K(2534400K), 0.0576210 secs] 7233250K->5037096K(10982400K), 0.0583410 secs] [Times: user=0.59 sys=0.00, real=0.05 secs] 
24909.863: [GC 24909.864: [ParNew: 2348124K->85189K(2534400K), 0.0572030 secs] 7289896K->5028287K(10982400K), 0.0579300 secs] [Times: user=0.47 sys=0.00, real=0.06 secs] 
24912.391: [GC 24912.391: [ParNew: 2337989K->119962K(2534400K), 0.0527110 secs] 7281087K->5063530K(10982400K), 0.0534230 secs] [Times: user=0.57 sys=0.00, real=0.05 secs] 
24915.151: [GC 24915.152: [ParNew: 2372762K->84876K(2534400K), 0.0650530 secs] 7316330K->5039274K(10982400K), 0.0657630 secs] [Times: user=0.50 sys=0.01, real=0.07 secs] 
24918.679: [GC 24918.679: [ParNew: 2337676K->50477K(2534400K), 0.0477160 secs] 7292074K->5007464K(10982400K), 0.0483430 secs] [Times: user=0.32 sys=0.00, real=0.05 secs] 
24920.779: [GC 24920.779: [ParNew: 2303277K->89896K(2534400K), 0.0523440 secs] 7260264K->5048324K(10982400K), 0.0530490 secs] [Times: user=0.54 sys=0.00, real=0.05 secs] 
24923.636: [GC 24923.637: [ParNew: 2342692K->68577K(2534400K), 0.0445930 secs] 7301121K->5029340K(10982400K), 0.0453340 secs] [Times: user=0.23 sys=0.01, real=0.05 secs] 
24926.979: [GC 24926.979: [ParNew: 2321377K->60067K(2534400K), 0.0466800 secs] 7282140K->5021531K(10982400K), 0.0473200 secs] [Times: user=0.38 sys=0.00, real=0.05 secs] 
24929.540: [GC 24929.540: [ParNew: 2312867K->71948K(2534400K), 0.0475430 secs] 7274331K->5034953K(10982400K), 0.0482920 secs] [Times: user=0.41 sys=0.00, real=0.05 secs] 
24932.245: [GC 24932.246: [ParNew: 2324748K->78161K(2534400K), 0.0482070 secs] 7287753K->5043356K(10982400K), 0.0489340 secs] [Times: user=0.43 sys=0.00, real=0.05 secs] 
24934.945: [GC 24934.946: [ParNew: 2330961K->55577K(2534400K), 0.0402180 secs] 7296156K->5022046K(10982400K), 0.0408540 secs] [Times: user=0.31 sys=0.00, real=0.04 secs] 
24938.517: [GC 24938.518: [ParNew: 2308377K->34157K(2534400K), 0.0473020 secs] 7274846K->5006448K(10982400K), 0.0479360 secs] [Times: user=0.29 sys=0.01, real=0.05 secs] 
24942.398: [GC 24942.399: [ParNew: 2286957K->31898K(2534400K), 0.0499320 secs] 7259248K->5004886K(10982400K), 0.0505690 secs] [Times: user=0.31 sys=0.00, real=0.05 secs] 
24946.306: [GC 24946.306: [ParNew: 2284698K->71127K(2534400K), 0.0763600 secs] 7257686K->5045309K(10982400K), 0.0770830 secs] [Times: user=0.41 sys=0.00, real=0.08 secs] 
24948.635: [GC 24948.636: [ParNew: 2323927K->76136K(2534400K), 0.0517960 secs] 7298109K->5051664K(10982400K), 0.0525220 secs] [Times: user=0.44 sys=0.00, real=0.05 secs] 
24951.088: [GC 24951.089: [ParNew: 2328936K->53062K(2534400K), 0.0395210 secs] 7304464K->5029519K(10982400K), 0.0401740 secs] [Times: user=0.34 sys=0.00, real=0.04 secs] 
24951.131: [GC 24951.131: [ParNew: 53671K->50440K(2534400K), 0.0155250 secs] 5030128K->5030737K(10982400K), 0.0159860 secs] [Times: user=0.27 sys=0.00, real=0.01 secs] 
24953.100: [GC 24953.101: [ParNew: 2303240K->76766K(2534400K), 0.0779590 secs] 7283537K->5059228K(10982400K), 0.0787180 secs] [Times: user=0.34 sys=0.00, real=0.08 secs] 
24955.060: [GC 24955.061: [ParNew: 2329566K->70117K(2534400K), 0.0765650 secs] 7312028K->5054462K(10982400K), 0.0774190 secs] [Times: user=0.28 sys=0.00, real=0.08 secs] 
24957.741: [GC 24957.742: [ParNew: 2322917K->56311K(2534400K), 0.0613380 secs] 7307262K->5041371K(10982400K), 0.0620310 secs] [Times: user=0.37 sys=0.00, real=0.07 secs] 
24959.250: [GC 24959.250: [ParNew: 2309111K->76096K(2534400K), 0.0467070 secs] 7294171K->5061156K(10982400K), 0.0473710 secs] [Times: user=0.45 sys=0.01, real=0.05 secs] 
24960.604: [GC 24960.605: [ParNew: 2328896K->86100K(2534400K), 0.0465380 secs] 7313956K->5072017K(10982400K), 0.0472540 secs] [Times: user=0.43 sys=0.00, real=0.05 secs] 
24963.703: [GC 24963.703: [ParNew: 2338900K->65142K(2534400K), 0.0503710 secs] 7324817K->5053305K(10982400K), 0.0510070 secs] [Times: user=0.33 sys=0.00, real=0.05 secs] 
24966.342: [GC 24966.343: [ParNew: 2317942K->45917K(2534400K), 0.0399930 secs] 7306105K->5036735K(10982400K), 0.0407250 secs] [Times: user=0.27 sys=0.00, real=0.05 secs] 
24970.171: [GC 24970.172: [ParNew: 2298717K->41389K(2534400K), 0.0504710 secs] 7289535K->5034115K(10982400K), 0.0513400 secs] [Times: user=0.30 sys=0.00, real=0.05 secs] 
24972.757: [GC 24972.757: [ParNew: 2294189K->30293K(2534400K), 0.0371700 secs] 7286915K->5024322K(10982400K), 0.0377980 secs] [Times: user=0.31 sys=0.00, real=0.04 secs] 
24976.792: [GC 24976.792: [ParNew: 2283093K->30310K(2534400K), 0.0530660 secs] 7277122K->5025836K(10982400K), 0.0537140 secs] [Times: user=0.33 sys=0.00, real=0.06 secs] 
24978.963: [GC 24978.964: [ParNew: 2283110K->33622K(2534400K), 0.0355350 secs] 7278636K->5030065K(10982400K), 0.0362480 secs] [Times: user=0.29 sys=0.00, real=0.04 secs] 
24980.713: [GC 24980.714: [ParNew: 2286422K->30916K(2534400K), 0.0330330 secs] 7282865K->5029592K(10982400K), 0.0337380 secs] [Times: user=0.27 sys=0.01, real=0.04 secs] 
24982.608: [GC 24982.609: [ParNew: 2283716K->27258K(2534400K), 0.0301800 secs] 7282392K->5026446K(10982400K), 0.0308960 secs] [Times: user=0.23 sys=0.00, real=0.03 secs] 
24984.901: [GC 24984.901: [ParNew: 2280058K->59766K(2534400K), 0.0433140 secs] 7279246K->5060318K(10982400K), 0.0439750 secs] [Times: user=0.41 sys=0.01, real=0.04 secs] 
24987.550: [GC 24987.550: [ParNew: 2312566K->45002K(2534400K), 0.0401450 secs] 7313118K->5046888K(10982400K), 0.0408620 secs] [Times: user=0.27 sys=0.00, real=0.04 secs] 
24989.536: [GC 24989.537: [ParNew: 2297802K->46502K(2534400K), 0.0341730 secs] 7299688K->5048860K(10982400K), 0.0349110 secs] [Times: user=0.32 sys=0.00, real=0.04 secs] 
24992.706: [GC 24992.706: [ParNew: 2299302K->38490K(2534400K), 0.0433950 secs] 7301660K->5041404K(10982400K), 0.0440490 secs] [Times: user=0.28 sys=0.00, real=0.05 secs] 
24996.434: [GC 24996.435: [ParNew: 2291290K->55131K(2534400K), 0.0509700 secs] 7294204K->5059110K(10982400K), 0.0516130 secs] [Times: user=0.42 sys=0.00, real=0.05 secs] 
24999.653: [GC 24999.654: [ParNew: 2307931K->60835K(2534400K), 0.0493950 secs] 7311910K->5065706K(10982400K), 0.0501040 secs] [Times: user=0.33 sys=0.00, real=0.05 secs] 
25001.962: [GC 25001.962: [ParNew: 2313635K->43042K(2534400K), 0.0392610 secs] 7318506K->5048496K(10982400K), 0.0399840 secs] [Times: user=0.26 sys=0.00, real=0.04 secs] 
25004.587: [GC 25004.588: [ParNew: 2295842K->33894K(2534400K), 0.0402330 secs] 7301296K->5040143K(10982400K), 0.0409550 secs] [Times: user=0.25 sys=0.01, real=0.04 secs] 
25007.275: [GC 25007.275: [ParNew: 2286694K->31493K(2534400K), 0.0372360 secs] 7292943K->5038832K(10982400K), 0.0378720 secs] [Times: user=0.29 sys=0.00, real=0.04 secs] 
25010.120: [GC 25010.120: [ParNew: 2284293K->30785K(2534400K), 0.0451900 secs] 7291632K->5038891K(10982400K), 0.0459080 secs] [Times: user=0.28 sys=0.00, real=0.04 secs] 
25012.447: [GC 25012.447: [ParNew: 2283585K->60081K(2534400K), 0.0450000 secs] 7291691K->5068966K(10982400K), 0.0456450 secs] [Times: user=0.41 sys=0.00, real=0.05 secs] 
25015.026: [GC 25015.026: [ParNew: 2312881K->48269K(2534400K), 0.0472300 secs] 7321766K->5059206K(10982400K), 0.0478580 secs] [Times: user=0.30 sys=0.00, real=0.05 secs] 
25018.136: [GC 25018.136: [ParNew: 2301069K->38673K(2534400K), 0.0445480 secs] 7312006K->5051662K(10982400K), 0.0452090 secs] [Times: user=0.28 sys=0.00, real=0.05 secs] 
25020.854: [GC 25020.854: [ParNew: 2291473K->34962K(2534400K), 0.0410330 secs] 7304462K->5050225K(10982400K), 0.0416620 secs] [Times: user=0.28 sys=0.00, real=0.04 secs] 
25022.989: [GC 25022.990: [ParNew: 2287762K->27765K(2534400K), 0.0351740 secs] 7303025K->5043589K(10982400K), 0.0359030 secs] [Times: user=0.28 sys=0.00, real=0.04 secs] 
25025.503: [GC 25025.503: [ParNew: 2280565K->49596K(2534400K), 0.0434150 secs] 7296389K->5066494K(10982400K), 0.0441430 secs] [Times: user=0.31 sys=0.00, real=0.04 secs] 
25027.547: [GC 25027.547: [ParNew: 2302396K->63414K(2534400K), 0.0432440 secs] 7319294K->5082602K(10982400K), 0.0440040 secs] [Times: user=0.38 sys=0.00, real=0.04 secs] 
25028.933: [GC 25028.933: [ParNew: 2316214K->45455K(2534400K), 0.0318690 secs] 7335402K->5065872K(10982400K), 0.0325650 secs] [Times: user=0.29 sys=0.00, real=0.03 secs] 
25031.960: [GC 25031.961: [ParNew: 2298255K->45134K(2534400K), 0.0451580 secs] 7318672K->5068425K(10982400K), 0.0458050 secs] [Times: user=0.38 sys=0.00, real=0.05 secs] 
25034.151: [GC 25034.151: [ParNew: 2297934K->56841K(2534400K), 0.0367190 secs] 7321225K->5082767K(10982400K), 0.0373450 secs] [Times: user=0.32 sys=0.00, real=0.04 secs] 
25036.983: [GC 25036.983: [ParNew: 2309641K->47253K(2534400K), 0.0427070 secs] 7335567K->5075642K(10982400K), 0.0433840 secs] [Times: user=0.28 sys=0.00, real=0.05 secs] 
25040.614: [GC 25040.615: [ParNew: 2300053K->43824K(2534400K), 0.0463960 secs] 7328442K->5072731K(10982400K), 0.0470390 secs] [Times: user=0.29 sys=0.00, real=0.04 secs] 
25043.570: [GC 25043.571: [ParNew: 2296624K->115421K(2534400K), 0.0787680 secs] 7325531K->5145262K(10982400K), 0.0794380 secs] [Times: user=0.49 sys=0.00, real=0.08 secs] 
25046.000: [GC 25046.000: [ParNew: 2368221K->96974K(2534400K), 0.0684450 secs] 7398062K->5138827K(10982400K), 0.0691800 secs] [Times: user=0.64 sys=0.00, real=0.07 secs] 
25048.893: [GC 25048.893: [ParNew: 2349774K->83630K(2534400K), 0.0605360 secs] 7391627K->5128489K(10982400K), 0.0612950 secs] [Times: user=0.37 sys=0.00, real=0.06 secs] 
25050.846: [GC 25050.847: [ParNew: 2336430K->58279K(2534400K), 0.0451620 secs] 7381289K->5104724K(10982400K), 0.0458790 secs] [Times: user=0.29 sys=0.00, real=0.04 secs] 
25053.936: [GC 25053.937: [ParNew: 2311079K->45596K(2534400K), 0.0439870 secs] 7357524K->5093515K(10982400K), 0.0447330 secs] [Times: user=0.30 sys=0.00, real=0.04 secs] 
25057.063: [GC 25057.063: [ParNew: 2298396K->38424K(2534400K), 0.0468770 secs] 7346315K->5089667K(10982400K), 0.0476190 secs] [Times: user=0.29 sys=0.01, real=0.05 secs] 
25060.475: [GC 25060.476: [ParNew: 2291224K->92611K(2534400K), 0.0526800 secs] 7342467K->5145639K(10982400K), 0.0533880 secs] [Times: user=0.47 sys=0.01, real=0.06 secs] 
25063.776: [GC 25063.776: [ParNew: 2345411K->69467K(2534400K), 0.0461690 secs] 7398439K->5123804K(10982400K), 0.0469050 secs] [Times: user=0.28 sys=0.00, real=0.05 secs] 
25067.393: [GC 25067.393: [ParNew: 2322267K->40085K(2534400K), 0.0491070 secs] 7376604K->5095381K(10982400K), 0.0497410 secs] [Times: user=0.34 sys=0.01, real=0.05 secs] 
25071.170: [GC 25071.171: [ParNew: 2292885K->36330K(2534400K), 0.0498140 secs] 7348181K->5092785K(10982400K), 0.0505670 secs] [Times: user=0.31 sys=0.00, real=0.05 secs] 
25074.117: [GC 25074.117: [ParNew: 2289130K->78523K(2534400K), 0.0541130 secs] 7345585K->5135824K(10982400K), 0.0547360 secs] [Times: user=0.47 sys=0.00, real=0.06 secs] 
25076.492: [GC 25076.492: [ParNew: 2331323K->58783K(2534400K), 0.0400690 secs] 7388624K->5117117K(10982400K), 0.0407980 secs] [Times: user=0.27 sys=0.00, real=0.04 secs] 
25079.369: [GC 25079.370: [ParNew: 2311583K->48535K(2534400K), 0.0413690 secs] 7369917K->5109200K(10982400K), 0.0420110 secs] [Times: user=0.31 sys=0.01, real=0.05 secs] 
25082.067: [GC 25082.068: [ParNew: 2301335K->35154K(2534400K), 0.0414460 secs] 7362000K->5099175K(10982400K), 0.0421730 secs] [Times: user=0.32 sys=0.00, real=0.04 secs] 
25085.008: [GC 25085.009: [ParNew: 2287954K->43928K(2534400K), 0.0432630 secs] 7351975K->5109562K(10982400K), 0.0439840 secs] [Times: user=0.32 sys=0.00, real=0.05 secs] 
25087.495: [GC 25087.495: [ParNew: 2296728K->55016K(2534400K), 0.0455400 secs] 7362362K->5123811K(10982400K), 0.0463000 secs] [Times: user=0.40 sys=0.00, real=0.04 secs] 
25090.632: [GC 25090.633: [ParNew: 2307816K->46761K(2534400K), 0.0533020 secs] 7376611K->5116776K(10982400K), 0.0540470 secs] [Times: user=0.32 sys=0.00, real=0.05 secs] 
25090.689: [GC [1 CMS-initial-mark: 5070014K(8448000K)] 5116940K(10982400K), 0.0519330 secs] [Times: user=0.05 sys=0.00, real=0.05 secs] 
25091.560: [GC 25091.560: [ParNew: 2299561K->27295K(2534400K), 0.0271510 secs] 7369576K->5098344K(10982400K), 0.0278330 secs] [Times: user=0.29 sys=0.01, real=0.03 secs] 
25093.434: [GC 25093.434: [ParNew: 2280095K->45291K(2534400K), 0.0391360 secs] 7351144K->5117470K(10982400K), 0.0398480 secs] [Times: user=0.35 sys=0.00, real=0.04 secs] 
25095.112: [GC[YG occupancy: 1183976 K (2534400 K)]25095.112: [Rescan (parallel) , 0.3477020 secs]25095.460: [weak refs processing, 0.1750950 secs] [1 CMS-remark: 5072178K(8448000K)] 6256155K(10982400K), 0.5252160 secs] [Times: user=7.27 sys=0.03, real=0.53 secs] 
25096.908: [GC 25096.909: [ParNew: 2298091K->37977K(2534400K), 0.0508740 secs] 7198625K->4939318K(10982400K), 0.0515960 secs] [Times: user=0.32 sys=0.01, real=0.05 secs] 
25100.300: [GC 25100.300: [ParNew: 2290777K->88843K(2534400K), 0.0545540 secs] 6698238K->4497225K(10982400K), 0.0551890 secs] [Times: user=0.56 sys=0.00, real=0.06 secs] 
25103.209: [GC 25103.210: [ParNew: 2341643K->93748K(2534400K), 0.0476540 secs] 6300814K->4053044K(10982400K), 0.0482920 secs] [Times: user=0.46 sys=0.00, real=0.05 secs] 
25105.439: [GC 25105.440: [ParNew: 2346548K->86816K(2534400K), 0.0444600 secs] 6305844K->4047341K(10982400K), 0.0450890 secs] [Times: user=0.45 sys=0.00, real=0.05 secs] 
25108.305: [GC 25108.305: [ParNew: 2339616K->76078K(2534400K), 0.0441720 secs] 6300141K->4038877K(10982400K), 0.0448120 secs] [Times: user=0.45 sys=0.00, real=0.04 secs] 
25111.283: [GC 25111.283: [ParNew: 2328878K->59017K(2534400K), 0.0566970 secs] 6291677K->4032264K(10982400K), 0.0574020 secs] [Times: user=0.35 sys=0.01, real=0.06 secs] 
25114.651: [GC 25114.651: [ParNew: 2311817K->36093K(2534400K), 0.0465380 secs] 6285064K->4010166K(10982400K), 0.0471740 secs] [Times: user=0.31 sys=0.00, real=0.05 secs] 
25117.052: [GC 25117.053: [ParNew: 2288893K->63393K(2534400K), 0.0444580 secs] 6262966K->4039635K(10982400K), 0.0451720 secs] [Times: user=0.45 sys=0.01, real=0.05 secs] 
25118.923: [GC 25118.924: [ParNew: 2316193K->46605K(2534400K), 0.0347380 secs] 6292435K->4025786K(10982400K), 0.0354570 secs] [Times: user=0.27 sys=0.01, real=0.04 secs] 
25121.085: [GC 25121.085: [ParNew: 2299405K->28910K(2534400K), 0.0407530 secs] 6278586K->4011539K(10982400K), 0.0414830 secs] [Times: user=0.31 sys=0.00, real=0.05 secs] 
25122.943: [GC 25122.944: [ParNew: 2281710K->23454K(2534400K), 0.0329120 secs] 6264339K->4006847K(10982400K), 0.0336370 secs] [Times: user=0.22 sys=0.00, real=0.04 secs] 
25125.686: [GC 25125.686: [ParNew: 2276254K->50171K(2534400K), 0.0418100 secs] 6259647K->4034462K(10982400K), 0.0425430 secs] [Times: user=0.37 sys=0.01, real=0.05 secs] 
25127.828: [GC 25127.829: [ParNew: 2302971K->68629K(2534400K), 0.0404970 secs] 6287262K->4053501K(10982400K), 0.0412040 secs] [Times: user=0.40 sys=0.00, real=0.04 secs] 
25129.896: [GC 25129.896: [ParNew: 2321429K->61907K(2534400K), 0.0375770 secs] 6306301K->4048292K(10982400K), 0.0382120 secs] [Times: user=0.33 sys=0.00, real=0.04 secs] 
25131.974: [GC 25131.975: [ParNew: 2314707K->81087K(2534400K), 0.0449320 secs] 6301092K->4068606K(10982400K), 0.0455660 secs] [Times: user=0.46 sys=0.01, real=0.05 secs] 
25134.537: [GC 25134.537: [ParNew: 2333887K->112342K(2534400K), 0.0592740 secs] 6321406K->4102461K(10982400K), 0.0600010 secs] [Times: user=0.59 sys=0.01, real=0.06 secs] 
25137.317: [GC 25137.318: [ParNew: 2365142K->77272K(2534400K), 0.0459130 secs] 6355261K->4068390K(10982400K), 0.0465750 secs] [Times: user=0.31 sys=0.00, real=0.05 secs] 
25139.211: [GC 25139.211: [ParNew: 2330072K->33071K(2534400K), 0.0390570 secs] 6321190K->4025777K(10982400K), 0.0395810 secs] [Times: user=0.31 sys=0.00, real=0.04 secs] 
25141.115: [GC 25141.115: [ParNew: 2285871K->40692K(2534400K), 0.0444510 secs] 6278577K->4034445K(10982400K), 0.0451010 secs] [Times: user=0.31 sys=0.00, real=0.05 secs] 
25143.395: [GC 25143.395: [ParNew: 2293492K->32486K(2534400K), 0.0510620 secs] 6287245K->4027178K(10982400K), 0.0517740 secs] [Times: user=0.32 sys=0.00, real=0.05 secs] 
25146.679: [GC 25146.680: [ParNew: 2285286K->38810K(2534400K), 0.0466960 secs] 6279978K->4035127K(10982400K), 0.0474150 secs] [Times: user=0.29 sys=0.00, real=0.05 secs] 
25149.086: [GC 25149.087: [ParNew: 2291610K->54268K(2534400K), 0.0392920 secs] 6287927K->4051723K(10982400K), 0.0400180 secs] [Times: user=0.34 sys=0.00, real=0.04 secs] 
25152.188: [GC 25152.189: [ParNew: 2307068K->44161K(2534400K), 0.0438480 secs] 6304523K->4042621K(10982400K), 0.0445870 secs] [Times: user=0.26 sys=0.00, real=0.05 secs] 
25154.693: [GC 25154.693: [ParNew: 2296961K->30233K(2534400K), 0.0420100 secs] 6295421K->4029788K(10982400K), 0.0427490 secs] [Times: user=0.27 sys=0.01, real=0.04 secs] 
25157.540: [GC 25157.541: [ParNew: 2283033K->30743K(2534400K), 0.0449550 secs] 6282588K->4032191K(10982400K), 0.0456960 secs] [Times: user=0.29 sys=0.01, real=0.05 secs] 
25160.435: [GC 25160.436: [ParNew: 2283543K->32759K(2534400K), 0.0417610 secs] 6284991K->4035605K(10982400K), 0.0424030 secs] [Times: user=0.28 sys=0.00, real=0.04 secs] 
25163.578: [GC 25163.578: [ParNew: 2285559K->27483K(2534400K), 0.0433820 secs] 6288405K->4032116K(10982400K), 0.0440320 secs] [Times: user=0.28 sys=0.00, real=0.04 secs] 
25167.218: [GC 25167.218: [ParNew: 2280283K->71337K(2534400K), 0.0576740 secs] 6284916K->4076754K(10982400K), 0.0583150 secs] [Times: user=0.62 sys=0.00, real=0.06 secs] 
25170.786: [GC 25170.787: [ParNew: 2324137K->55555K(2534400K), 0.0473270 secs] 6329554K->4063458K(10982400K), 0.0480440 secs] [Times: user=0.27 sys=0.01, real=0.05 secs] 
25174.648: [GC 25174.648: [ParNew: 2308355K->28630K(2534400K), 0.0487210 secs] 6316258K->4037574K(10982400K), 0.0493560 secs] [Times: user=0.29 sys=0.00, real=0.05 secs] 
25177.848: [GC 25177.848: [ParNew: 2281430K->33224K(2534400K), 0.0445330 secs] 6290374K->4042802K(10982400K), 0.0451760 secs] [Times: user=0.25 sys=0.00, real=0.04 secs] 
25180.505: [GC 25180.505: [ParNew: 2286024K->26376K(2534400K), 0.0392180 secs] 6295602K->4037748K(10982400K), 0.0398750 secs] [Times: user=0.31 sys=0.00, real=0.04 secs] 
25183.517: [GC 25183.517: [ParNew: 2279176K->30745K(2534400K), 0.0451300 secs] 6290548K->4043152K(10982400K), 0.0458380 secs] [Times: user=0.32 sys=0.01, real=0.04 secs] 
25186.867: [GC 25186.867: [ParNew: 2283545K->54063K(2534400K), 0.0485790 secs] 6295952K->4067980K(10982400K), 0.0492950 secs] [Times: user=0.36 sys=0.00, real=0.04 secs] 
25189.241: [GC 25189.242: [ParNew: 2306863K->40401K(2534400K), 0.0415870 secs] 6320780K->4055871K(10982400K), 0.0423200 secs] [Times: user=0.32 sys=0.00, real=0.04 secs] 
25192.042: [GC 25192.043: [ParNew: 2293201K->41861K(2534400K), 0.0399930 secs] 6308671K->4059249K(10982400K), 0.0407390 secs] [Times: user=0.33 sys=0.00, real=0.04 secs] 
25194.695: [GC 25194.695: [ParNew: 2294661K->67017K(2534400K), 0.0513200 secs] 6312049K->4085443K(10982400K), 0.0520420 secs] [Times: user=0.44 sys=0.00, real=0.05 secs] 
25196.860: [GC 25196.861: [ParNew: 2319817K->85045K(2534400K), 0.0480470 secs] 6338243K->4105165K(10982400K), 0.0487720 secs] [Times: user=0.53 sys=0.01, real=0.05 secs] 
25200.159: [GC 25200.159: [ParNew: 2337845K->62677K(2534400K), 0.0447670 secs] 6357965K->4083809K(10982400K), 0.0454070 secs] [Times: user=0.30 sys=0.01, real=0.04 secs] 
25202.469: [GC 25202.469: [ParNew: 2315477K->31053K(2534400K), 0.0334370 secs] 6336609K->4054446K(10982400K), 0.0340880 secs] [Times: user=0.27 sys=0.01, real=0.03 secs] 
25205.755: [GC 25205.756: [ParNew: 2283853K->64630K(2534400K), 0.0648190 secs] 6307246K->4090744K(10982400K), 0.0655680 secs] [Times: user=0.31 sys=0.01, real=0.07 secs] 
25208.161: [GC 25208.161: [ParNew: 2317430K->60721K(2534400K), 0.0526350 secs] 6343544K->4089116K(10982400K), 0.0533460 secs] [Times: user=0.43 sys=0.00, real=0.05 secs] 
25210.678: [GC 25210.678: [ParNew: 2313521K->88035K(2534400K), 0.0599720 secs] 6341916K->4118950K(10982400K), 0.0606910 secs] [Times: user=0.45 sys=0.00, real=0.06 secs] 
25212.290: [GC 25212.290: [ParNew: 2340835K->73174K(2534400K), 0.0623470 secs] 6371750K->4104763K(10982400K), 0.0631060 secs] [Times: user=0.30 sys=0.00, real=0.07 secs] 
25213.022: [GC 25213.022: [ParNew: 2325974K->32671K(2534400K), 0.0327110 secs] 6357563K->4066994K(10982400K), 0.0334270 secs] [Times: user=0.31 sys=0.00, real=0.03 secs] 
25214.176: [GC 25214.177: [ParNew: 2285471K->79156K(2534400K), 0.0569800 secs] 6319794K->4115846K(10982400K), 0.0576630 secs] [Times: user=0.42 sys=0.00, real=0.06 secs] 
25216.571: [GC 25216.572: [ParNew: 2331956K->90272K(2534400K), 0.0554130 secs] 6368646K->4128268K(10982400K), 0.0561630 secs] [Times: user=0.41 sys=0.00, real=0.05 secs] 
25219.754: [GC 25219.755: [ParNew: 2343072K->54190K(2534400K), 0.0480770 secs] 6381068K->4096559K(10982400K), 0.0487090 secs] [Times: user=0.32 sys=0.00, real=0.05 secs] 
25222.065: [GC 25222.066: [ParNew: 2306990K->32479K(2534400K), 0.0410700 secs] 6349359K->4075278K(10982400K), 0.0417410 secs] [Times: user=0.29 sys=0.00, real=0.04 secs] 
25225.386: [GC 25225.386: [ParNew: 2285279K->32426K(2534400K), 0.0507790 secs] 6328078K->4075692K(10982400K), 0.0515190 secs] [Times: user=0.32 sys=0.00, real=0.05 secs] 
25228.316: [GC 25228.316: [ParNew: 2285226K->31753K(2534400K), 0.0401510 secs] 6328492K->4076246K(10982400K), 0.0408880 secs] [Times: user=0.27 sys=0.00, real=0.04 secs] 
25230.450: [GC 25230.451: [ParNew: 2284553K->27143K(2534400K), 0.0339690 secs] 6329046K->4073264K(10982400K), 0.0346880 secs] [Times: user=0.27 sys=0.00, real=0.04 secs] 
25233.936: [GC 25233.937: [ParNew: 2279943K->29829K(2534400K), 0.0424620 secs] 6326064K->4076387K(10982400K), 0.0431200 secs] [Times: user=0.25 sys=0.00, real=0.04 secs] 
25236.712: [GC 25236.712: [ParNew: 2282629K->29987K(2534400K), 0.0392730 secs] 6329187K->4077677K(10982400K), 0.0399360 secs] [Times: user=0.27 sys=0.00, real=0.04 secs] 
25239.057: [GC 25239.058: [ParNew: 2282787K->58025K(2534400K), 0.0429300 secs] 6330477K->4107234K(10982400K), 0.0436590 secs] [Times: user=0.39 sys=0.00, real=0.04 secs] 
25242.095: [GC 25242.095: [ParNew: 2310825K->45916K(2534400K), 0.0403570 secs] 6360034K->4096510K(10982400K), 0.0410000 secs] [Times: user=0.29 sys=0.00, real=0.04 secs] 
25245.062: [GC 25245.062: [ParNew: 2298675K->30871K(2534400K), 0.0436950 secs] 6349269K->4082841K(10982400K), 0.0444240 secs] [Times: user=0.30 sys=0.00, real=0.05 secs] 
25247.968: [GC 25247.968: [ParNew: 2283671K->36801K(2534400K), 0.0508540 secs] 6335641K->4089582K(10982400K), 0.0515940 secs] [Times: user=0.34 sys=0.00, real=0.05 secs] 
25250.583: [GC 25250.583: [ParNew: 2289601K->48263K(2534400K), 0.0411320 secs] 6342382K->4102162K(10982400K), 0.0417670 secs] [Times: user=0.32 sys=0.01, real=0.04 secs] 
25252.381: [GC 25252.381: [ParNew: 2301063K->40262K(2534400K), 0.0386660 secs] 6354962K->4095525K(10982400K), 0.0393260 secs] [Times: user=0.34 sys=0.00, real=0.04 secs] 
25254.571: [GC 25254.571: [ParNew: 2292973K->37623K(2534400K), 0.0382070 secs] 6348236K->4095611K(10982400K), 0.0388530 secs] [Times: user=0.28 sys=0.00, real=0.04 secs] 
25255.560: [GC 25255.560: [ParNew: 2290423K->53719K(2534400K), 0.0276730 secs] 6348411K->4114371K(10982400K), 0.0282940 secs] [Times: user=0.36 sys=0.00, real=0.03 secs] 
25256.944: [GC 25256.944: [ParNew: 2306519K->39008K(2534400K), 0.0280370 secs] 6367171K->4101588K(10982400K), 0.0287300 secs] [Times: user=0.28 sys=0.00, real=0.03 secs] 
25258.226: [GC 25258.227: [ParNew: 2291808K->36730K(2534400K), 0.0268130 secs] 6354388K->4100077K(10982400K), 0.0274340 secs] [Times: user=0.30 sys=0.00, real=0.03 secs] 
25259.316: [GC 25259.316: [ParNew: 2289530K->30394K(2534400K), 0.0249880 secs] 6352877K->4095587K(10982400K), 0.0256090 secs] [Times: user=0.26 sys=0.00, real=0.03 secs] 
25260.333: [GC 25260.333: [ParNew: 2283194K->25622K(2534400K), 0.0252680 secs] 6348387K->4094325K(10982400K), 0.0258880 secs] [Times: user=0.25 sys=0.01, real=0.03 secs] 
25262.319: [GC 25262.320: [ParNew: 2278422K->77077K(2534400K), 0.0417410 secs] 6347125K->4147268K(10982400K), 0.0423840 secs] [Times: user=0.51 sys=0.00, real=0.04 secs] 
25263.457: [GC 25263.457: [ParNew: 2329877K->97552K(2534400K), 0.0383780 secs] 6400068K->4169044K(10982400K), 0.0389910 secs] [Times: user=0.49 sys=0.00, real=0.04 secs] 
25265.834: [GC 25265.834: [ParNew: 2350352K->68296K(2534400K), 0.0486580 secs] 6421844K->4140796K(10982400K), 0.0492930 secs] [Times: user=0.32 sys=0.00, real=0.05 secs] 
25268.208: [GC 25268.208: [ParNew: 2321096K->49317K(2534400K), 0.0399750 secs] 6393596K->4123451K(10982400K), 0.0406650 secs] [Times: user=0.30 sys=0.00, real=0.04 secs] 
25269.918: [GC 25269.919: [ParNew: 2302117K->43573K(2534400K), 0.0358030 secs] 6376251K->4118675K(10982400K), 0.0364390 secs] [Times: user=0.32 sys=0.01, real=0.04 secs] 
25272.425: [GC 25272.425: [ParNew: 2296373K->64416K(2534400K), 0.0482210 secs] 6371475K->4146556K(10982400K), 0.0489830 secs] [Times: user=0.41 sys=0.00, real=0.05 secs] 
25274.945: [GC 25274.946: [ParNew: 2317216K->89146K(2534400K), 0.0534040 secs] 6399356K->4173461K(10982400K), 0.0540480 secs] [Times: user=0.54 sys=0.00, real=0.05 secs] 
25277.168: [GC 25277.168: [ParNew: 2341946K->77274K(2534400K), 0.0579150 secs] 6426261K->4164064K(10982400K), 0.0586560 secs] [Times: user=0.34 sys=0.00, real=0.06 secs] 
25279.709: [GC 25279.710: [ParNew: 2329845K->40372K(2534400K), 0.0396050 secs] 6416634K->4128135K(10982400K), 0.0402490 secs] [Times: user=0.34 sys=0.00, real=0.04 secs] 
25282.490: [GC 25282.491: [ParNew: 2293172K->61691K(2534400K), 0.0577160 secs] 6380935K->4150397K(10982400K), 0.0583640 secs] [Times: user=0.33 sys=0.01, real=0.06 secs] 
25285.771: [GC 25285.771: [ParNew: 2314491K->72096K(2534400K), 0.0672450 secs] 6403197K->4162587K(10982400K), 0.0679430 secs] [Times: user=0.38 sys=0.00, real=0.07 secs] 
25287.738: [GC 25287.739: [ParNew: 2324896K->71943K(2534400K), 0.0563710 secs] 6415387K->4174002K(10982400K), 0.0570740 secs] [Times: user=0.53 sys=0.00, real=0.06 secs] 
25291.128: [GC 25291.129: [ParNew: 2324743K->56566K(2534400K), 0.0518370 secs] 6426802K->4160211K(10982400K), 0.0525980 secs] [Times: user=0.33 sys=0.00, real=0.05 secs] 
25294.313: [GC 25294.314: [ParNew: 2309366K->56404K(2534400K), 0.0470480 secs] 6413011K->4162720K(10982400K), 0.0477120 secs] [Times: user=0.38 sys=0.00, real=0.04 secs] 
25298.148: [GC 25298.149: [ParNew: 2309204K->43515K(2534400K), 0.0520890 secs] 6415520K->4151600K(10982400K), 0.0528480 secs] [Times: user=0.32 sys=0.00, real=0.05 secs] 
25301.388: [GC 25301.388: [ParNew: 2296315K->55134K(2534400K), 0.0484810 secs] 6404400K->4164154K(10982400K), 0.0492350 secs] [Times: user=0.40 sys=0.01, real=0.05 secs] 
25304.400: [GC 25304.400: [ParNew: 2307934K->52938K(2534400K), 0.0476990 secs] 6416954K->4163280K(10982400K), 0.0484310 secs] [Times: user=0.35 sys=0.00, real=0.05 secs] 
25307.193: [GC 25307.193: [ParNew: 2305738K->42476K(2534400K), 0.0480130 secs] 6416080K->4156134K(10982400K), 0.0487720 secs] [Times: user=0.31 sys=0.00, real=0.05 secs] 
25309.670: [GC 25309.670: [ParNew: 2295276K->89236K(2534400K), 0.0520540 secs] 6408934K->4204164K(10982400K), 0.0527750 secs] [Times: user=0.55 sys=0.00, real=0.05 secs] 
25312.331: [GC 25312.331: [ParNew: 2342036K->68329K(2534400K), 0.0457820 secs] 6456964K->4185284K(10982400K), 0.0464330 secs] [Times: user=0.34 sys=0.00, real=0.05 secs] 
25314.625: [GC 25314.625: [ParNew: 2321129K->31182K(2534400K), 0.0461420 secs] 6438084K->4150207K(10982400K), 0.0468190 secs] [Times: user=0.35 sys=0.00, real=0.05 secs] 
25317.325: [GC 25317.326: [ParNew: 2283982K->28193K(2534400K), 0.0411160 secs] 6403007K->4150095K(10982400K), 0.0418030 secs] [Times: user=0.29 sys=0.01, real=0.05 secs] 
25319.751: [GC 25319.751: [ParNew: 2280993K->71592K(2534400K), 0.0560100 secs] 6402895K->4194315K(10982400K), 0.0567350 secs] [Times: user=0.43 sys=0.00, real=0.06 secs] 
25322.273: [GC 25322.273: [ParNew: 2324392K->68795K(2534400K), 0.0450920 secs] 6447115K->4193267K(10982400K), 0.0458030 secs] [Times: user=0.40 sys=0.00, real=0.05 secs] 
25323.992: [GC 25323.993: [ParNew: 2321595K->73277K(2534400K), 0.0453280 secs] 6446067K->4198560K(10982400K), 0.0459990 secs] [Times: user=0.40 sys=0.00, real=0.05 secs] 
25326.095: [GC 25326.096: [ParNew: 2326077K->102337K(2534400K), 0.0864410 secs] 6451360K->4228901K(10982400K), 0.0871490 secs] [Times: user=0.32 sys=0.00, real=0.09 secs] 
25328.936: [GC 25328.936: [ParNew: 2355137K->63072K(2534400K), 0.0775790 secs] 6481701K->4190593K(10982400K), 0.0782190 secs] [Times: user=0.38 sys=0.00, real=0.08 secs] 
25331.768: [GC 25331.768: [ParNew: 2315872K->85813K(2534400K), 0.0772710 secs] 6443393K->4214783K(10982400K), 0.0780130 secs] [Times: user=0.39 sys=0.01, real=0.08 secs] 
25333.254: [GC 25333.254: [ParNew: 2338626K->71437K(2534400K), 0.0484350 secs] 6467596K->4200927K(10982400K), 0.0491260 secs] [Times: user=0.32 sys=0.01, real=0.05 secs] 
25333.306: [GC 25333.306: [ParNew: 74474K->71732K(2534400K), 0.0193180 secs] 4203963K->4202238K(10982400K), 0.0198050 secs] [Times: user=0.36 sys=0.00, real=0.02 secs] 
25334.750: [GC 25334.750: [ParNew: 2324532K->77916K(2534400K), 0.0647550 secs] 6455038K->4211155K(10982400K), 0.0654540 secs] [Times: user=0.35 sys=0.00, real=0.06 secs] 
25335.523: [GC 25335.524: [ParNew: 2330716K->33701K(2534400K), 0.0369330 secs] 6463955K->4170290K(10982400K), 0.0376380 secs] [Times: user=0.24 sys=0.00, real=0.04 secs] 
25336.853: [GC 25336.854: [ParNew: 2286501K->97493K(2534400K), 0.0837630 secs] 6423090K->4235690K(10982400K), 0.0845120 secs] [Times: user=0.45 sys=0.00, real=0.08 secs] 
25338.416: [GC 25338.416: [ParNew: 2350293K->129885K(2534400K), 0.1251470 secs] 6488490K->4268084K(10982400K), 0.1258620 secs] [Times: user=0.35 sys=0.01, real=0.13 secs] 
25340.821: [GC 25340.822: [ParNew: 2382685K->78917K(2534400K), 0.0687720 secs] 6520884K->4218197K(10982400K), 0.0695190 secs] [Times: user=0.44 sys=0.00, real=0.07 secs] 
25342.876: [GC 25342.877: [ParNew: 2331717K->57490K(2534400K), 0.0512080 secs] 6470997K->4197130K(10982400K), 0.0519300 secs] [Times: user=0.24 sys=0.00, real=0.05 secs] 
25345.357: [GC 25345.358: [ParNew: 2310290K->74528K(2534400K), 0.0878120 secs] 6449930K->4214764K(10982400K), 0.0885580 secs] [Times: user=0.38 sys=0.00, real=0.09 secs] 
25347.701: [GC 25347.701: [ParNew: 2327328K->107861K(2534400K), 0.1016500 secs] 6467564K->4249397K(10982400K), 0.1023780 secs] [Times: user=0.34 sys=0.00, real=0.10 secs] 
25349.513: [GC 25349.514: [ParNew: 2360661K->96820K(2534400K), 0.0949270 secs] 6502197K->4240223K(10982400K), 0.0956880 secs] [Times: user=0.32 sys=0.00, real=0.09 secs] 
25351.664: [GC 25351.665: [ParNew: 2349620K->73541K(2534400K), 0.0751280 secs] 6493023K->4218398K(10982400K), 0.0758780 secs] [Times: user=0.28 sys=0.01, real=0.07 secs] 
25353.273: [GC 25353.274: [ParNew: 2326364K->89603K(2534400K), 0.0530460 secs] 6471220K->4235604K(10982400K), 0.0537550 secs] [Times: user=0.49 sys=0.00, real=0.05 secs] 
25353.330: [GC 25353.330: [ParNew: 91515K->110233K(2534400K), 0.0224880 secs] 4237515K->4258275K(10982400K), 0.0229400 secs] [Times: user=0.44 sys=0.00, real=0.03 secs] 
25354.887: [GC 25354.887: [ParNew: 2363033K->95720K(2534400K), 0.0542990 secs] 6511075K->4244781K(10982400K), 0.0550280 secs] [Times: user=0.39 sys=0.01, real=0.06 secs] 
25356.482: [GC 25356.482: [ParNew: 2348520K->82408K(2534400K), 0.0562120 secs] 6497581K->4232516K(10982400K), 0.0568550 secs] [Times: user=0.40 sys=0.01, real=0.05 secs] 
25358.092: [GC 25358.092: [ParNew: 2335208K->89145K(2534400K), 0.0594450 secs] 6485316K->4240741K(10982400K), 0.0600750 secs] [Times: user=0.37 sys=0.00, real=0.06 secs] 
25359.939: [GC 25359.939: [ParNew: 2341945K->93037K(2534400K), 0.0774790 secs] 6493541K->4244634K(10982400K), 0.0782090 secs] [Times: user=0.42 sys=0.00, real=0.08 secs] 
25361.798: [GC 25361.799: [ParNew: 2345837K->100527K(2534400K), 0.0959850 secs] 6497434K->4253595K(10982400K), 0.0967250 secs] [Times: user=0.39 sys=0.00, real=0.10 secs] 
25363.910: [GC 25363.911: [ParNew: 2353327K->81857K(2534400K), 0.0759180 secs] 6506395K->4235734K(10982400K), 0.0766550 secs] [Times: user=0.34 sys=0.00, real=0.08 secs] 
25366.215: [GC 25366.215: [ParNew: 2334657K->87904K(2534400K), 0.0845550 secs] 6488534K->4242526K(10982400K), 0.0850860 secs] [Times: user=0.37 sys=0.00, real=0.08 secs] 
25367.881: [GC 25367.882: [ParNew: 2340704K->170645K(2534400K), 0.1230940 secs] 6495326K->4327159K(10982400K), 0.1236790 secs] [Times: user=0.64 sys=0.01, real=0.13 secs] 
25369.562: [GC 25369.563: [ParNew: 2423445K->107513K(2534400K), 0.0796530 secs] 6579959K->4272699K(10982400K), 0.0802460 secs] [Times: user=0.55 sys=0.01, real=0.08 secs] 
25371.891: [GC 25371.891: [ParNew: 2360313K->65543K(2534400K), 0.0435630 secs] 6525499K->4230729K(10982400K), 0.0441360 secs] [Times: user=0.41 sys=0.00, real=0.05 secs] 
25373.770: [GC 25373.770: [ParNew: 2318343K->50325K(2534400K), 0.0437430 secs] 6483529K->4215511K(10982400K), 0.0442830 secs] [Times: user=0.32 sys=0.00, real=0.04 secs] 
25375.961: [GC 25375.961: [ParNew: 2303125K->70811K(2534400K), 0.0539240 secs] 6468311K->4235997K(10982400K), 0.0544500 secs] [Times: user=0.57 sys=0.00, real=0.06 secs] 
25379.050: [GC 25379.051: [ParNew: 2323611K->61341K(2534400K), 0.0445600 secs] 6488797K->4227606K(10982400K), 0.0452090 secs] [Times: user=0.34 sys=0.00, real=0.05 secs] 
25381.310: [GC 25381.311: [ParNew: 2314141K->46908K(2534400K), 0.0355860 secs] 6480406K->4214251K(10982400K), 0.0361500 secs] [Times: user=0.28 sys=0.00, real=0.04 secs] 
25384.299: [GC 25384.299: [ParNew: 2299708K->100353K(2534400K), 0.0595740 secs] 6467051K->4269188K(10982400K), 0.0601360 secs] [Times: user=0.63 sys=0.00, real=0.06 secs] 
25386.358: [GC 25386.359: [ParNew: 2353153K->84786K(2534400K), 0.0534810 secs] 6521988K->4257204K(10982400K), 0.0540590 secs] [Times: user=0.42 sys=0.00, real=0.05 secs] 
25388.932: [GC 25388.932: [ParNew: 2337586K->63530K(2534400K), 0.0465470 secs] 6510004K->4237479K(10982400K), 0.0471220 secs] [Times: user=0.30 sys=0.00, real=0.05 secs] 
25391.414: [GC 25391.415: [ParNew: 2316330K->58226K(2534400K), 0.0629330 secs] 6490279K->4234393K(10982400K), 0.0635230 secs] [Times: user=0.30 sys=0.00, real=0.07 secs] 
25394.289: [GC 25394.289: [ParNew: 2311026K->104940K(2534400K), 0.0931230 secs] 6487193K->4283327K(10982400K), 0.0936530 secs] [Times: user=0.40 sys=0.01, real=0.09 secs] 
25396.406: [GC 25396.407: [ParNew: 2357740K->101244K(2534400K), 0.0686780 secs] 6536127K->4280931K(10982400K), 0.0692140 secs] [Times: user=0.44 sys=0.00, real=0.07 secs] 
25397.844: [GC 25397.844: [ParNew: 2354017K->58416K(2534400K), 0.0383420 secs] 6533705K->4239153K(10982400K), 0.0388960 secs] [Times: user=0.30 sys=0.00, real=0.04 secs] 
25399.972: [GC 25399.972: [ParNew: 2311216K->68005K(2534400K), 0.0396820 secs] 6491953K->4250380K(10982400K), 0.0402110 secs] [Times: user=0.38 sys=0.00, real=0.04 secs] 
25400.955: [GC 25400.955: [ParNew: 2320805K->55387K(2534400K), 0.0276780 secs] 6503180K->4240854K(10982400K), 0.0282270 secs] [Times: user=0.29 sys=0.01, real=0.03 secs] 
25402.593: [GC 25402.593: [ParNew: 2308187K->79617K(2534400K), 0.0638410 secs] 6493654K->4266729K(10982400K), 0.0644030 secs] [Times: user=0.34 sys=0.00, real=0.06 secs] 
25404.610: [GC 25404.610: [ParNew: 2332417K->103289K(2534400K), 0.0750510 secs] 6519529K->4290981K(10982400K), 0.0756220 secs] [Times: user=0.45 sys=0.00, real=0.07 secs] 
25405.933: [GC 25405.933: [ParNew: 2356089K->74403K(2534400K), 0.0555180 secs] 6543781K->4263885K(10982400K), 0.0560950 secs] [Times: user=0.28 sys=0.01, real=0.05 secs] 
25407.756: [GC 25407.757: [ParNew: 2327203K->47138K(2534400K), 0.0428380 secs] 6516685K->4237217K(10982400K), 0.0434230 secs] [Times: user=0.35 sys=0.00, real=0.05 secs] 
25409.121: [GC 25409.121: [ParNew: 2299938K->83510K(2534400K), 0.0658300 secs] 6490017K->4274169K(10982400K), 0.0664090 secs] [Times: user=0.34 sys=0.00, real=0.06 secs] 
25410.761: [GC 25410.761: [ParNew: 2336310K->102848K(2534400K), 0.0634640 secs] 6526969K->4295381K(10982400K), 0.0640410 secs] [Times: user=0.43 sys=0.00, real=0.06 secs] 
25412.323: [GC 25412.323: [ParNew: 2355648K->83227K(2534400K), 0.0576970 secs] 6548181K->4280064K(10982400K), 0.0582600 secs] [Times: user=0.30 sys=0.00, real=0.06 secs] 
25413.906: [GC 25413.907: [ParNew: 2336027K->77994K(2534400K), 0.0706290 secs] 6532864K->4280673K(10982400K), 0.0711810 secs] [Times: user=0.45 sys=0.00, real=0.07 secs] 
25416.199: [GC 25416.199: [ParNew: 2330794K->124979K(2534400K), 0.1016660 secs] 6533473K->4330036K(10982400K), 0.1022300 secs] [Times: user=0.44 sys=0.00, real=0.10 secs] 
25418.052: [GC 25418.052: [ParNew: 2377779K->95163K(2534400K), 0.0831750 secs] 6582836K->4302127K(10982400K), 0.0838980 secs] [Times: user=0.36 sys=0.00, real=0.08 secs] 
25420.735: [GC 25420.736: [ParNew: 2347963K->146787K(2534400K), 0.1309780 secs] 6554927K->4355370K(10982400K), 0.1315290 secs] [Times: user=0.39 sys=0.01, real=0.13 secs] 
25422.728: [GC 25422.728: [ParNew: 2399587K->180222K(2534400K), 0.1345540 secs] 6608170K->4390504K(10982400K), 0.1350850 secs] [Times: user=0.52 sys=0.00, real=0.14 secs] 
25424.710: [GC 25424.710: [ParNew: 2433022K->121103K(2534400K), 0.1008200 secs] 6643304K->4343324K(10982400K), 0.1014050 secs] [Times: user=0.31 sys=0.01, real=0.10 secs] 
25426.617: [GC 25426.618: [ParNew: 2373903K->188446K(2534400K), 0.1678990 secs] 6596124K->4410667K(10982400K), 0.1684960 secs] [Times: user=0.41 sys=0.00, real=0.17 secs] 
25428.139: [GC 25428.139: [ParNew: 2441246K->156008K(2534400K), 0.1389600 secs] 6663467K->4386928K(10982400K), 0.1395300 secs] [Times: user=0.39 sys=0.00, real=0.14 secs] 
25429.536: [GC 25429.537: [ParNew: 2408808K->167430K(2534400K), 0.1312590 secs] 6639728K->4409411K(10982400K), 0.1319420 secs] [Times: user=0.62 sys=0.01, real=0.13 secs] 
25430.984: [GC 25430.984: [ParNew: 2420230K->120327K(2534400K), 0.0884350 secs] 6662211K->4377212K(10982400K), 0.0889910 secs] [Times: user=0.53 sys=0.00, real=0.08 secs] 
25431.981: [GC 25431.982: [ParNew: 2373127K->63538K(2534400K), 0.0440500 secs] 6630012K->4320423K(10982400K), 0.0445790 secs] [Times: user=0.27 sys=0.00, real=0.05 secs] 
25433.236: [GC 25433.237: [ParNew: 2316338K->66261K(2534400K), 0.0546200 secs] 6573223K->4323146K(10982400K), 0.0551500 secs] [Times: user=0.33 sys=0.00, real=0.05 secs] 
25434.283: [GC 25434.283: [ParNew: 2319061K->72140K(2534400K), 0.0630440 secs] 6575946K->4329025K(10982400K), 0.0636160 secs] [Times: user=0.31 sys=0.01, real=0.07 secs] 
25435.610: [GC 25435.610: [ParNew: 2324940K->147126K(2534400K), 0.1220690 secs] 6581825K->4409106K(10982400K), 0.1226530 secs] [Times: user=0.46 sys=0.00, real=0.12 secs] 
25437.489: [GC 25437.489: [ParNew: 2399926K->65690K(2534400K), 0.0632110 secs] 6661906K->4328647K(10982400K), 0.0637820 secs] [Times: user=0.38 sys=0.01, real=0.06 secs] 
25440.003: [GC 25440.004: [ParNew: 2318490K->82369K(2534400K), 0.0510900 secs] 6581447K->4345652K(10982400K), 0.0517510 secs] [Times: user=0.50 sys=0.00, real=0.06 secs] 
25441.619: [GC 25441.619: [ParNew: 2335169K->81959K(2534400K), 0.0401010 secs] 6598452K->4345853K(10982400K), 0.0406580 secs] [Times: user=0.46 sys=0.00, real=0.04 secs] 
25444.648: [GC 25444.648: [ParNew: 2334759K->65245K(2534400K), 0.0457640 secs] 6598653K->4332361K(10982400K), 0.0463170 secs] [Times: user=0.30 sys=0.00, real=0.04 secs] 
25447.159: [GC 25447.160: [ParNew: 2318045K->39210K(2534400K), 0.0483090 secs] 6585161K->4318405K(10982400K), 0.0488860 secs] [Times: user=0.31 sys=0.00, real=0.05 secs] 
25448.783: [GC 25448.784: [ParNew: 2292010K->68499K(2534400K), 0.0398110 secs] 6571205K->4349507K(10982400K), 0.0403760 secs] [Times: user=0.42 sys=0.01, real=0.04 secs] 
25450.487: [GC 25450.488: [ParNew: 2321299K->122039K(2534400K), 0.0498630 secs] 6602307K->4403794K(10982400K), 0.0504400 secs] [Times: user=0.67 sys=0.00, real=0.05 secs] 
25452.538: [GC 25452.538: [ParNew: 2374839K->89236K(2534400K), 0.0392770 secs] 6656594K->4372203K(10982400K), 0.0398550 secs] [Times: user=0.32 sys=0.00, real=0.04 secs] 
25456.027: [GC 25456.028: [ParNew: 2342036K->45933K(2534400K), 0.0439450 secs] 6625003K->4330825K(10982400K), 0.0445300 secs] [Times: user=0.34 sys=0.00, real=0.05 secs] 
25458.500: [GC 25458.501: [ParNew: 2298733K->46166K(2534400K), 0.0700210 secs] 6583625K->4342102K(10982400K), 0.0705560 secs] [Times: user=0.38 sys=0.01, real=0.07 secs] 
25461.902: [GC 25461.902: [ParNew: 2298966K->35282K(2534400K), 0.0517810 secs] 6594902K->4332323K(10982400K), 0.0523860 secs] [Times: user=0.34 sys=0.01, real=0.05 secs] 
25465.118: [GC 25465.118: [ParNew: 2288082K->53254K(2534400K), 0.0588250 secs] 6585123K->4352728K(10982400K), 0.0594050 secs] [Times: user=0.28 sys=0.00, real=0.06 secs] 
25469.063: [GC 25469.063: [ParNew: 2306054K->39788K(2534400K), 0.0543680 secs] 6605528K->4340462K(10982400K), 0.0549590 secs] [Times: user=0.35 sys=0.00, real=0.05 secs] 
25472.753: [GC 25472.753: [ParNew: 2292588K->31547K(2534400K), 0.0475110 secs] 6593262K->4333621K(10982400K), 0.0480970 secs] [Times: user=0.34 sys=0.00, real=0.05 secs] 
25475.693: [GC 25475.693: [ParNew: 2284347K->84842K(2534400K), 0.0501690 secs] 6586421K->4388950K(10982400K), 0.0507390 secs] [Times: user=0.57 sys=0.00, real=0.05 secs] 
25479.187: [GC 25479.187: [ParNew: 2337642K->66063K(2534400K), 0.0511620 secs] 6641750K->4370966K(10982400K), 0.0517320 secs] [Times: user=0.33 sys=0.00, real=0.05 secs] 
25482.193: [GC 25482.193: [ParNew: 2318863K->48654K(2534400K), 0.0434630 secs] 6623766K->4354712K(10982400K), 0.0440520 secs] [Times: user=0.32 sys=0.00, real=0.04 secs] 
25484.957: [GC 25484.957: [ParNew: 2301454K->72866K(2534400K), 0.0467560 secs] 6607512K->4380617K(10982400K), 0.0473210 secs] [Times: user=0.44 sys=0.01, real=0.05 secs] 
25487.833: [GC 25487.834: [ParNew: 2325666K->56245K(2534400K), 0.0458510 secs] 6633417K->4364927K(10982400K), 0.0464320 secs] [Times: user=0.33 sys=0.00, real=0.04 secs] 
25490.432: [GC 25490.432: [ParNew: 2308880K->60136K(2534400K), 0.0427190 secs] 6617561K->4369829K(10982400K), 0.0432900 secs] [Times: user=0.39 sys=0.00, real=0.05 secs] 
25493.299: [GC 25493.299: [ParNew: 2312936K->49499K(2534400K), 0.0493580 secs] 6622629K->4365687K(10982400K), 0.0499030 secs] [Times: user=0.33 sys=0.01, real=0.05 secs] 
25495.480: [GC 25495.480: [ParNew: 2302299K->33425K(2534400K), 0.0395440 secs] 6618487K->4350885K(10982400K), 0.0400990 secs] [Times: user=0.32 sys=0.00, real=0.04 secs] 
25497.781: [GC 25497.781: [ParNew: 2286225K->27563K(2534400K), 0.0347160 secs] 6603685K->4349350K(10982400K), 0.0352520 secs] [Times: user=0.27 sys=0.00, real=0.04 secs] 
25501.110: [GC 25501.111: [ParNew: 2280363K->40442K(2534400K), 0.0472520 secs] 6602150K->4363387K(10982400K), 0.0477980 secs] [Times: user=0.35 sys=0.00, real=0.05 secs] 
25504.711: [GC 25504.711: [ParNew: 2293242K->33235K(2534400K), 0.0447430 secs] 6616187K->4357279K(10982400K), 0.0453290 secs] [Times: user=0.22 sys=0.00, real=0.05 secs] 
25507.714: [GC 25507.715: [ParNew: 2286035K->59665K(2534400K), 0.0460230 secs] 6610079K->4384551K(10982400K), 0.0465570 secs] [Times: user=0.40 sys=0.00, real=0.05 secs] 
25511.089: [GC 25511.089: [ParNew: 2312465K->47523K(2534400K), 0.0482130 secs] 6637351K->4373147K(10982400K), 0.0488180 secs] [Times: user=0.32 sys=0.00, real=0.05 secs] 
25514.480: [GC 25514.480: [ParNew: 2300323K->84811K(2534400K), 0.0575550 secs] 6625947K->4411911K(10982400K), 0.0581650 secs] [Times: user=0.61 sys=0.00, real=0.06 secs] 
25517.782: [GC 25517.782: [ParNew: 2337605K->67523K(2534400K), 0.0476570 secs] 6664705K->4397556K(10982400K), 0.0482910 secs] [Times: user=0.34 sys=0.00, real=0.05 secs] 
25520.442: [GC 25520.442: [ParNew: 2320323K->44278K(2534400K), 0.0537280 secs] 6650356K->4374950K(10982400K), 0.0543830 secs] [Times: user=0.31 sys=0.00, real=0.05 secs] 
25522.948: [GC 25522.948: [ParNew: 2297078K->70742K(2534400K), 0.0450300 secs] 6627750K->4402397K(10982400K), 0.0456630 secs] [Times: user=0.44 sys=0.01, real=0.04 secs] 
25526.013: [GC 25526.014: [ParNew: 2323542K->64685K(2534400K), 0.0462020 secs] 6655197K->4399212K(10982400K), 0.0467710 secs] [Times: user=0.34 sys=0.00, real=0.05 secs] 
25529.622: [GC 25529.623: [ParNew: 2317485K->79476K(2534400K), 0.0526240 secs] 6652012K->4416305K(10982400K), 0.0532200 secs] [Times: user=0.42 sys=0.00, real=0.05 secs] 
25532.217: [GC 25532.217: [ParNew: 2332276K->57140K(2534400K), 0.0413230 secs] 6669105K->4394902K(10982400K), 0.0419030 secs] [Times: user=0.34 sys=0.00, real=0.05 secs] 
25536.009: [GC 25536.010: [ParNew: 2309940K->62900K(2534400K), 0.0615430 secs] 6647702K->4401334K(10982400K), 0.0621470 secs] [Times: user=0.36 sys=0.01, real=0.07 secs] 
25537.796: [GC 25537.796: [ParNew: 2315700K->55954K(2534400K), 0.0386700 secs] 6654134K->4398822K(10982400K), 0.0393090 secs] [Times: user=0.37 sys=0.00, real=0.04 secs] 
25540.052: [GC 25540.053: [ParNew: 2308754K->54207K(2534400K), 0.0423980 secs] 6651622K->4398712K(10982400K), 0.0431670 secs] [Times: user=0.26 sys=0.01, real=0.04 secs] 
25541.463: [GC 25541.463: [ParNew: 2307007K->51841K(2534400K), 0.0437140 secs] 6651512K->4397747K(10982400K), 0.0443530 secs] [Times: user=0.33 sys=0.01, real=0.04 secs] 
25542.627: [GC 25542.628: [ParNew: 2304641K->69183K(2534400K), 0.0417290 secs] 6650547K->4418250K(10982400K), 0.0423770 secs] [Times: user=0.38 sys=0.00, real=0.04 secs] 
25544.205: [GC 25544.205: [ParNew: 2321983K->62717K(2534400K), 0.0480170 secs] 6671050K->4412916K(10982400K), 0.0487550 secs] [Times: user=0.28 sys=0.01, real=0.05 secs] 
25545.495: [GC 25545.495: [ParNew: 2315517K->56014K(2534400K), 0.0444720 secs] 6665716K->4407924K(10982400K), 0.0452100 secs] [Times: user=0.37 sys=0.01, real=0.04 secs] 
25546.613: [GC 25546.613: [ParNew: 2308814K->62911K(2534400K), 0.0381600 secs] 6660724K->4419881K(10982400K), 0.0387130 secs] [Times: user=0.40 sys=0.01, real=0.04 secs] 
25548.370: [GC 25548.371: [ParNew: 2315711K->96757K(2534400K), 0.0533850 secs] 6672681K->4454868K(10982400K), 0.0539620 secs] [Times: user=0.52 sys=0.00, real=0.06 secs] 
25549.961: [GC 25549.962: [ParNew: 2349557K->62449K(2534400K), 0.0396300 secs] 6707668K->4421416K(10982400K), 0.0402140 secs] [Times: user=0.33 sys=0.00, real=0.05 secs] 
25551.582: [GC 25551.583: [ParNew: 2315249K->41628K(2534400K), 0.0292920 secs] 6674216K->4401754K(10982400K), 0.0298530 secs] [Times: user=0.25 sys=0.01, real=0.03 secs] 
25552.743: [GC 25552.743: [ParNew: 2294428K->58861K(2534400K), 0.0397300 secs] 6654554K->4420459K(10982400K), 0.0402880 secs] [Times: user=0.43 sys=0.00, real=0.04 secs] 
25554.336: [GC 25554.336: [ParNew: 2311517K->48629K(2534400K), 0.0393840 secs] 6673115K->4412663K(10982400K), 0.0399550 secs] [Times: user=0.35 sys=0.00, real=0.04 secs] 
25556.263: [GC 25556.263: [ParNew: 2301429K->64439K(2534400K), 0.0395920 secs] 6665463K->4432469K(10982400K), 0.0403540 secs] [Times: user=0.40 sys=0.00, real=0.04 secs] 
25557.498: [GC 25557.498: [ParNew: 2317239K->70758K(2534400K), 0.0385110 secs] 6685269K->4441350K(10982400K), 0.0392760 secs] [Times: user=0.41 sys=0.00, real=0.04 secs] 
25559.862: [GC 25559.862: [ParNew: 2323558K->51627K(2534400K), 0.0394190 secs] 6694150K->4423160K(10982400K), 0.0400810 secs] [Times: user=0.30 sys=0.00, real=0.04 secs] 
25562.122: [GC 25562.123: [ParNew: 2304427K->45826K(2534400K), 0.0419520 secs] 6675960K->4417984K(10982400K), 0.0426290 secs] [Times: user=0.39 sys=0.00, real=0.05 secs] 
25565.389: [GC 25565.390: [ParNew: 2298626K->43556K(2534400K), 0.0490150 secs] 6670784K->4417167K(10982400K), 0.0497680 secs] [Times: user=0.31 sys=0.00, real=0.05 secs] 
25569.183: [GC 25569.183: [ParNew: 2296356K->39532K(2534400K), 0.0541540 secs] 6669967K->4413594K(10982400K), 0.0549070 secs] [Times: user=0.32 sys=0.00, real=0.06 secs] 
25571.558: [GC 25571.558: [ParNew: 2292332K->79833K(2534400K), 0.0475330 secs] 6666394K->4456807K(10982400K), 0.0482810 secs] [Times: user=0.51 sys=0.00, real=0.05 secs] 
25574.039: [GC 25574.039: [ParNew: 2332633K->60744K(2534400K), 0.0392620 secs] 6709607K->4439338K(10982400K), 0.0400020 secs] [Times: user=0.24 sys=0.00, real=0.04 secs] 
25577.477: [GC 25577.477: [ParNew: 2313544K->30345K(2534400K), 0.0478820 secs] 6692138K->4411257K(10982400K), 0.0486330 secs] [Times: user=0.32 sys=0.00, real=0.05 secs] 
25580.875: [GC 25580.875: [ParNew: 2283145K->49702K(2534400K), 0.0661100 secs] 6664057K->4432655K(10982400K), 0.0668460 secs] [Times: user=0.33 sys=0.00, real=0.07 secs] 
25583.667: [GC 25583.667: [ParNew: 2302502K->58819K(2534400K), 0.0592590 secs] 6685455K->4443220K(10982400K), 0.0599160 secs] [Times: user=0.27 sys=0.00, real=0.06 secs] 
25585.858: [GC 25585.858: [ParNew: 2311619K->47933K(2534400K), 0.0551020 secs] 6696020K->4433371K(10982400K), 0.0557640 secs] [Times: user=0.29 sys=0.00, real=0.05 secs] 
25588.364: [GC 25588.364: [ParNew: 2300733K->62958K(2534400K), 0.0764940 secs] 6686171K->4449974K(10982400K), 0.0772470 secs] [Times: user=0.33 sys=0.01, real=0.08 secs] 
25590.760: [GC 25590.761: [ParNew: 2315758K->36856K(2534400K), 0.0511990 secs] 6702774K->4425464K(10982400K), 0.0519500 secs] [Times: user=0.29 sys=0.00, real=0.05 secs] 
25593.546: [GC 25593.546: [ParNew: 2289656K->62679K(2534400K), 0.0707170 secs] 6678264K->4452394K(10982400K), 0.0714760 secs] [Times: user=0.33 sys=0.00, real=0.07 secs] 
25596.564: [GC 25596.565: [ParNew: 2315479K->60992K(2534400K), 0.0713990 secs] 6705194K->4452077K(10982400K), 0.0721920 secs] [Times: user=0.36 sys=0.00, real=0.07 secs] 
25599.016: [GC 25599.017: [ParNew: 2313792K->49000K(2534400K), 0.0419010 secs] 6704877K->4442163K(10982400K), 0.0426290 secs] [Times: user=0.33 sys=0.00, real=0.05 secs] 
25602.644: [GC 25602.644: [ParNew: 2301800K->42708K(2534400K), 0.0515840 secs] 6694963K->4436835K(10982400K), 0.0523450 secs] [Times: user=0.29 sys=0.00, real=0.05 secs] 
25606.168: [GC 25606.169: [ParNew: 2295508K->32951K(2534400K), 0.0518510 secs] 6689635K->4428044K(10982400K), 0.0526110 secs] [Times: user=0.35 sys=0.00, real=0.06 secs] 
25608.353: [GC 25608.353: [ParNew: 2285751K->35549K(2534400K), 0.0391480 secs] 6680844K->4433474K(10982400K), 0.0398130 secs] [Times: user=0.30 sys=0.01, real=0.04 secs] 
25610.580: [GC 25610.580: [ParNew: 2288349K->59658K(2534400K), 0.0422430 secs] 6686274K->4459106K(10982400K), 0.0429150 secs] [Times: user=0.36 sys=0.00, real=0.05 secs] 
25612.446: [GC 25612.446: [ParNew: 2312458K->42641K(2534400K), 0.0360170 secs] 6711906K->4443257K(10982400K), 0.0367570 secs] [Times: user=0.24 sys=0.01, real=0.04 secs] 
25614.538: [GC 25614.538: [ParNew: 2295441K->59697K(2534400K), 0.0495130 secs] 6696057K->4462595K(10982400K), 0.0502680 secs] [Times: user=0.40 sys=0.00, real=0.05 secs] 
25616.814: [GC 25616.815: [ParNew: 2312497K->88793K(2534400K), 0.0522760 secs] 6715395K->4492958K(10982400K), 0.0530370 secs] [Times: user=0.50 sys=0.00, real=0.05 secs] 
25619.364: [GC 25619.365: [ParNew: 2341593K->116784K(2534400K), 0.0878560 secs] 6745758K->4524799K(10982400K), 0.0886190 secs] [Times: user=0.47 sys=0.01, real=0.09 secs] 
25621.600: [GC 25621.600: [ParNew: 2369584K->158874K(2534400K), 0.0911230 secs] 6777599K->4567374K(10982400K), 0.0918330 secs] [Times: user=0.68 sys=0.00, real=0.09 secs] 
25623.694: [GC 25623.695: [ParNew: 2411674K->118734K(2534400K), 0.0813850 secs] 6820174K->4530531K(10982400K), 0.0821360 secs] [Times: user=0.37 sys=0.01, real=0.08 secs] 
25626.000: [GC 25626.000: [ParNew: 2371534K->90203K(2534400K), 0.0925800 secs] 6783331K->4503382K(10982400K), 0.0933710 secs] [Times: user=0.34 sys=0.00, real=0.10 secs] 
25628.243: [GC 25628.244: [ParNew: 2343003K->100310K(2534400K), 0.0801980 secs] 6756182K->4516134K(10982400K), 0.0809110 secs] [Times: user=0.38 sys=0.01, real=0.09 secs] 
25630.182: [GC 25630.183: [ParNew: 2353110K->65872K(2534400K), 0.0590990 secs] 6768934K->4482912K(10982400K), 0.0598170 secs] [Times: user=0.29 sys=0.00, real=0.06 secs] 
25632.224: [GC 25632.224: [ParNew: 2318672K->60350K(2534400K), 0.0697400 secs] 6735712K->4478837K(10982400K), 0.0705400 secs] [Times: user=0.35 sys=0.00, real=0.07 secs] 
25634.709: [GC 25634.709: [ParNew: 2313150K->74218K(2534400K), 0.0630300 secs] 6731637K->4493765K(10982400K), 0.0638020 secs] [Times: user=0.43 sys=0.00, real=0.06 secs] 
25636.343: [GC 25636.344: [ParNew: 2327018K->80024K(2534400K), 0.0579060 secs] 6746565K->4504075K(10982400K), 0.0586710 secs] [Times: user=0.39 sys=0.00, real=0.06 secs] 
25637.688: [GC 25637.688: [ParNew: 2332824K->86551K(2534400K), 0.0721050 secs] 6756875K->4511497K(10982400K), 0.0727680 secs] [Times: user=0.37 sys=0.00, real=0.07 secs] 
25639.417: [GC 25639.417: [ParNew: 2339351K->99600K(2534400K), 0.0699250 secs] 6764297K->4526843K(10982400K), 0.0706000 secs] [Times: user=0.42 sys=0.00, real=0.07 secs] 
25641.159: [GC 25641.160: [ParNew: 2352400K->97496K(2534400K), 0.0636500 secs] 6779643K->4526153K(10982400K), 0.0643320 secs] [Times: user=0.48 sys=0.01, real=0.06 secs] 
25642.261: [GC 25642.261: [ParNew: 2350296K->78357K(2534400K), 0.0581570 secs] 6778953K->4509653K(10982400K), 0.0588090 secs] [Times: user=0.43 sys=0.01, real=0.06 secs] 
25643.313: [GC 25643.313: [ParNew: 2331157K->104684K(2534400K), 0.0883140 secs] 6762453K->4546289K(10982400K), 0.0893090 secs] [Times: user=0.53 sys=0.01, real=0.09 secs] 
25644.661: [GC 25644.662: [ParNew: 2357484K->87684K(2534400K), 0.0714700 secs] 6799089K->4531924K(10982400K), 0.0721640 secs] [Times: user=0.35 sys=0.01, real=0.07 secs] 
25646.022: [GC 25646.023: [ParNew: 2340484K->89673K(2534400K), 0.0694680 secs] 6784724K->4534863K(10982400K), 0.0701310 secs] [Times: user=0.39 sys=0.01, real=0.07 secs] 
25647.317: [GC 25647.317: [ParNew: 2342473K->115313K(2534400K), 0.0667170 secs] 6787663K->4561254K(10982400K), 0.0674150 secs] [Times: user=0.53 sys=0.01, real=0.06 secs] 
25648.778: [GC 25648.779: [ParNew: 2368113K->97132K(2534400K), 0.0647050 secs] 6814054K->4543657K(10982400K), 0.0653550 secs] [Times: user=0.38 sys=0.01, real=0.06 secs] 
25650.039: [GC 25650.040: [ParNew: 2349932K->57479K(2534400K), 0.0580020 secs] 6796457K->4505080K(10982400K), 0.0586780 secs] [Times: user=0.30 sys=0.00, real=0.06 secs] 
25651.233: [GC 25651.234: [ParNew: 2310279K->89269K(2534400K), 0.0919720 secs] 6757880K->4538558K(10982400K), 0.0927200 secs] [Times: user=0.34 sys=0.00, real=0.09 secs] 
25652.494: [GC 25652.495: [ParNew: 2342069K->38668K(2534400K), 0.0443940 secs] 6791358K->4489447K(10982400K), 0.0451400 secs] [Times: user=0.32 sys=0.00, real=0.05 secs] 
25655.247: [GC 25655.248: [ParNew: 2291468K->42864K(2534400K), 0.0472660 secs] 6742247K->4494784K(10982400K), 0.0480330 secs] [Times: user=0.37 sys=0.01, real=0.05 secs] 
25657.606: [GC 25657.606: [ParNew: 2295664K->65199K(2534400K), 0.0428580 secs] 6747584K->4517899K(10982400K), 0.0436040 secs] [Times: user=0.33 sys=0.00, real=0.05 secs] 
25659.180: [GC 25659.180: [ParNew: 2317999K->97472K(2534400K), 0.0492300 secs] 6770699K->4551208K(10982400K), 0.0499270 secs] [Times: user=0.58 sys=0.00, real=0.05 secs] 
25661.823: [GC 25661.823: [ParNew: 2350272K->80772K(2534400K), 0.0465670 secs] 6804008K->4535471K(10982400K), 0.0473530 secs] [Times: user=0.39 sys=0.01, real=0.05 secs] 
25664.158: [GC 25664.159: [ParNew: 2333572K->102696K(2534400K), 0.0600920 secs] 6788271K->4568741K(10982400K), 0.0608200 secs] [Times: user=0.49 sys=0.01, real=0.07 secs] 
25666.382: [GC 25666.382: [ParNew: 2355496K->112173K(2534400K), 0.0572130 secs] 6821541K->4591291K(10982400K), 0.0580220 secs] [Times: user=0.51 sys=0.00, real=0.06 secs] 
25667.846: [GC 25667.847: [ParNew: 2364973K->110909K(2534400K), 0.0392650 secs] 6844091K->4591385K(10982400K), 0.0399790 secs] [Times: user=0.40 sys=0.00, real=0.04 secs] 
25670.095: [GC 25670.095: [ParNew: 2363769K->134693K(2534400K), 0.0510700 secs] 6844244K->4621636K(10982400K), 0.0517590 secs] [Times: user=0.55 sys=0.00, real=0.05 secs] 
25670.149: [GC 25670.150: [ParNew: 135401K->100632K(2534400K), 0.0493840 secs] 4622343K->4634909K(10982400K), 0.0498890 secs] [Times: user=0.52 sys=0.01, real=0.05 secs] 
25672.228: [GC 25672.229: [ParNew: 2353432K->86768K(2534400K), 0.0480210 secs] 6887709K->4622499K(10982400K), 0.0487350 secs] [Times: user=0.48 sys=0.00, real=0.05 secs] 
25673.871: [GC 25673.871: [ParNew: 2339568K->67339K(2534400K), 0.0461730 secs] 6875299K->4603641K(10982400K), 0.0468270 secs] [Times: user=0.40 sys=0.00, real=0.04 secs] 
25676.126: [GC 25676.126: [ParNew: 2320139K->53982K(2534400K), 0.0402130 secs] 6856441K->4592898K(10982400K), 0.0408770 secs] [Times: user=0.28 sys=0.00, real=0.04 secs] 
25679.280: [GC 25679.281: [ParNew: 2306782K->42623K(2534400K), 0.0452180 secs] 6845698K->4581539K(10982400K), 0.0459290 secs] [Times: user=0.33 sys=0.00, real=0.05 secs] 
25682.128: [GC 25682.129: [ParNew: 2295423K->41965K(2534400K), 0.0408330 secs] 6834339K->4582368K(10982400K), 0.0414870 secs] [Times: user=0.29 sys=0.00, real=0.04 secs] 
25684.251: [GC 25684.251: [ParNew: 2294765K->36107K(2534400K), 0.0389420 secs] 6835168K->4577390K(10982400K), 0.0395760 secs] [Times: user=0.33 sys=0.00, real=0.04 secs] 
25686.075: [GC 25686.075: [ParNew: 2288907K->50346K(2534400K), 0.0368900 secs] 6830190K->4592754K(10982400K), 0.0377680 secs] [Times: user=0.35 sys=0.00, real=0.03 secs] 
25687.790: [GC 25687.790: [ParNew: 2303146K->71290K(2534400K), 0.0450840 secs] 6845554K->4616245K(10982400K), 0.0457180 secs] [Times: user=0.42 sys=0.01, real=0.05 secs] 
25689.425: [GC 25689.426: [ParNew: 2324090K->51621K(2534400K), 0.0333320 secs] 6869045K->4598237K(10982400K), 0.0340490 secs] [Times: user=0.29 sys=0.01, real=0.03 secs] 
25690.976: [GC 25690.976: [ParNew: 2304421K->66584K(2534400K), 0.0378320 secs] 6851037K->4613974K(10982400K), 0.0385840 secs] [Times: user=0.42 sys=0.00, real=0.04 secs] 
25692.699: [GC 25692.700: [ParNew: 2319384K->97113K(2534400K), 0.0450440 secs] 6866774K->4645682K(10982400K), 0.0457770 secs] [Times: user=0.50 sys=0.00, real=0.05 secs] 
25694.225: [GC 25694.225: [ParNew: 2349913K->74034K(2534400K), 0.0376960 secs] 6898482K->4623684K(10982400K), 0.0384300 secs] [Times: user=0.40 sys=0.00, real=0.03 secs] 
25696.047: [GC 25696.048: [ParNew: 2326834K->90237K(2534400K), 0.0491020 secs] 6876484K->4640669K(10982400K), 0.0498640 secs] [Times: user=0.55 sys=0.00, real=0.05 secs] 
25697.668: [GC 25697.669: [ParNew: 2343037K->104720K(2534400K), 0.0468830 secs] 6893469K->4656389K(10982400K), 0.0475260 secs] [Times: user=0.62 sys=0.00, real=0.05 secs] 
25699.956: [GC 25699.956: [ParNew: 2357520K->74864K(2534400K), 0.0624230 secs] 6909189K->4637241K(10982400K), 0.0633010 secs] [Times: user=0.37 sys=0.01, real=0.06 secs] 
25701.803: [GC 25701.803: [ParNew: 2327664K->34503K(2534400K), 0.0341000 secs] 6890041K->4599228K(10982400K), 0.0347490 secs] [Times: user=0.26 sys=0.00, real=0.04 secs] 
25703.247: [GC 25703.247: [ParNew: 2287303K->29805K(2534400K), 0.0340770 secs] 6852028K->4596486K(10982400K), 0.0348070 secs] [Times: user=0.28 sys=0.00, real=0.03 secs] 
25705.066: [GC 25705.067: [ParNew: 2282605K->33746K(2534400K), 0.0600000 secs] 6849286K->4601322K(10982400K), 0.0607830 secs] [Times: user=0.36 sys=0.00, real=0.06 secs] 
25706.923: [GC 25706.924: [ParNew: 2286546K->53538K(2534400K), 0.0529270 secs] 6854122K->4622707K(10982400K), 0.0536260 secs] [Times: user=0.40 sys=0.00, real=0.06 secs] 
25708.732: [GC 25708.733: [ParNew: 2306338K->61132K(2534400K), 0.0427450 secs] 6875507K->4631447K(10982400K), 0.0434980 secs] [Times: user=0.40 sys=0.00, real=0.05 secs] 
25710.335: [GC 25710.336: [ParNew: 2313932K->83219K(2534400K), 0.0420110 secs] 6884247K->4653930K(10982400K), 0.0427470 secs] [Times: user=0.46 sys=0.00, real=0.05 secs] 
25712.462: [GC 25712.462: [ParNew: 2336019K->72816K(2534400K), 0.0447780 secs] 6906730K->4644363K(10982400K), 0.0454470 secs] [Times: user=0.42 sys=0.01, real=0.05 secs] 
25714.622: [GC 25714.623: [ParNew: 2325616K->56814K(2534400K), 0.0390170 secs] 6897163K->4632296K(10982400K), 0.0396650 secs] [Times: user=0.30 sys=0.00, real=0.04 secs] 
25717.139: [GC 25717.139: [ParNew: 2309614K->64857K(2534400K), 0.0440440 secs] 6885096K->4641195K(10982400K), 0.0447170 secs] [Times: user=0.44 sys=0.01, real=0.04 secs] 
25719.410: [GC 25719.411: [ParNew: 2317657K->53701K(2534400K), 0.0431680 secs] 6893995K->4630732K(10982400K), 0.0439140 secs] [Times: user=0.36 sys=0.00, real=0.04 secs] 
25722.273: [GC 25722.274: [ParNew: 2306501K->75160K(2534400K), 0.0485860 secs] 6883532K->4652683K(10982400K), 0.0493000 secs] [Times: user=0.43 sys=0.00, real=0.05 secs] 
25725.267: [GC 25725.267: [ParNew: 2327960K->59952K(2534400K), 0.0481020 secs] 6905483K->4640786K(10982400K), 0.0488550 secs] [Times: user=0.37 sys=0.00, real=0.05 secs] 
25727.929: [GC 25727.929: [ParNew: 2312752K->37237K(2534400K), 0.0505070 secs] 6893586K->4628998K(10982400K), 0.0512390 secs] [Times: user=0.32 sys=0.01, real=0.05 secs] 
25730.828: [GC 25730.828: [ParNew: 2290037K->41429K(2534400K), 0.0420340 secs] 6881798K->4633785K(10982400K), 0.0427230 secs] [Times: user=0.30 sys=0.00, real=0.05 secs] 
25733.452: [GC 25733.453: [ParNew: 2294229K->34591K(2534400K), 0.0470570 secs] 6886585K->4632174K(10982400K), 0.0477950 secs] [Times: user=0.24 sys=0.01, real=0.05 secs] 
25735.625: [GC 25735.626: [ParNew: 2287391K->42236K(2534400K), 0.0406390 secs] 6884974K->4641211K(10982400K), 0.0414140 secs] [Times: user=0.32 sys=0.01, real=0.04 secs] 
25737.821: [GC 25737.821: [ParNew: 2295036K->35500K(2534400K), 0.0409390 secs] 6894011K->4635634K(10982400K), 0.0416110 secs] [Times: user=0.34 sys=0.00, real=0.04 secs] 
25740.347: [GC 25740.347: [ParNew: 2288300K->65241K(2534400K), 0.0454390 secs] 6888434K->4666804K(10982400K), 0.0461840 secs] [Times: user=0.43 sys=0.00, real=0.05 secs] 
25742.494: [GC 25742.495: [ParNew: 2318041K->74057K(2534400K), 0.0428250 secs] 6919604K->4676189K(10982400K), 0.0435800 secs] [Times: user=0.42 sys=0.01, real=0.04 secs] 
25744.835: [GC 25744.835: [ParNew: 2326857K->54355K(2534400K), 0.0394210 secs] 6928989K->4657819K(10982400K), 0.0400950 secs] [Times: user=0.30 sys=0.01, real=0.04 secs] 
25748.166: [GC 25748.166: [ParNew: 2307155K->42736K(2534400K), 0.0431230 secs] 6910619K->4648373K(10982400K), 0.0437920 secs] [Times: user=0.29 sys=0.00, real=0.04 secs] 
25750.367: [GC 25750.367: [ParNew: 2295536K->27073K(2534400K), 0.0406440 secs] 6901173K->4633881K(10982400K), 0.0413810 secs] [Times: user=0.28 sys=0.00, real=0.04 secs] 
25753.941: [GC 25753.942: [ParNew: 2279861K->36963K(2534400K), 0.0480170 secs] 6886669K->4644537K(10982400K), 0.0487670 secs] [Times: user=0.29 sys=0.01, real=0.05 secs] 
25757.157: [GC 25757.157: [ParNew: 2289763K->67335K(2534400K), 0.0491790 secs] 6897337K->4675897K(10982400K), 0.0498420 secs] [Times: user=0.43 sys=0.00, real=0.05 secs] 
25759.283: [GC 25759.283: [ParNew: 2320135K->47319K(2534400K), 0.0411020 secs] 6928697K->4657302K(10982400K), 0.0418440 secs] [Times: user=0.32 sys=0.00, real=0.05 secs] 
25761.824: [GC 25761.825: [ParNew: 2300119K->57985K(2534400K), 0.0431500 secs] 6910102K->4668863K(10982400K), 0.0438240 secs] [Times: user=0.36 sys=0.01, real=0.04 secs] 
25763.849: [GC 25763.850: [ParNew: 2310785K->44578K(2534400K), 0.0395490 secs] 6921663K->4656790K(10982400K), 0.0401880 secs] [Times: user=0.26 sys=0.00, real=0.04 secs] 
25766.105: [GC 25766.106: [ParNew: 2297378K->39303K(2534400K), 0.0410470 secs] 6909590K->4654980K(10982400K), 0.0418000 secs] [Times: user=0.28 sys=0.01, real=0.04 secs] 
25768.124: [GC 25768.124: [ParNew: 2292103K->42474K(2534400K), 0.0591160 secs] 6907780K->4658776K(10982400K), 0.0598580 secs] [Times: user=0.38 sys=0.00, real=0.06 secs] 
25770.779: [GC 25770.779: [ParNew: 2295274K->59007K(2534400K), 0.0491040 secs] 6911576K->4676700K(10982400K), 0.0497730 secs] [Times: user=0.41 sys=0.01, real=0.05 secs] 
25772.773: [GC 25772.774: [ParNew: 2311807K->42184K(2534400K), 0.0331540 secs] 6929500K->4660403K(10982400K), 0.0337900 secs] [Times: user=0.25 sys=0.00, real=0.04 secs] 
25774.728: [GC 25774.728: [ParNew: 2294984K->49658K(2534400K), 0.0581700 secs] 6913203K->4672320K(10982400K), 0.0588190 secs] [Times: user=0.35 sys=0.00, real=0.06 secs] 
25776.604: [GC 25776.604: [ParNew: 2302458K->89569K(2534400K), 0.0662680 secs] 6925120K->4713134K(10982400K), 0.0670400 secs] [Times: user=0.45 sys=0.00, real=0.07 secs] 
25779.853: [GC 25779.854: [ParNew: 2342368K->78792K(2534400K), 0.0542450 secs] 6965934K->4703966K(10982400K), 0.0549050 secs] [Times: user=0.43 sys=0.00, real=0.06 secs] 
25782.392: [GC 25782.392: [ParNew: 2331592K->85653K(2534400K), 0.0450900 secs] 6956766K->4711326K(10982400K), 0.0457420 secs] [Times: user=0.35 sys=0.00, real=0.05 secs] 
25784.944: [GC 25784.945: [ParNew: 2338453K->72807K(2534400K), 0.0477560 secs] 6964126K->4699582K(10982400K), 0.0485090 secs] [Times: user=0.42 sys=0.01, real=0.05 secs] 
25787.633: [GC 25787.634: [ParNew: 2325607K->78725K(2534400K), 0.0451420 secs] 6952382K->4706540K(10982400K), 0.0458250 secs] [Times: user=0.44 sys=0.00, real=0.05 secs] 
25790.531: [GC 25790.531: [ParNew: 2331525K->75135K(2534400K), 0.0488190 secs] 6959340K->4704409K(10982400K), 0.0494810 secs] [Times: user=0.44 sys=0.00, real=0.05 secs] 
25793.169: [GC 25793.170: [ParNew: 2327935K->57853K(2534400K), 0.0510310 secs] 6957209K->4687979K(10982400K), 0.0517520 secs] [Times: user=0.33 sys=0.01, real=0.05 secs] 
25796.043: [GC 25796.043: [ParNew: 2310653K->44603K(2534400K), 0.0474300 secs] 6940779K->4675929K(10982400K), 0.0480980 secs] [Times: user=0.37 sys=0.00, real=0.05 secs] 
25798.424: [GC 25798.424: [ParNew: 2297403K->35156K(2534400K), 0.0415140 secs] 6928729K->4667750K(10982400K), 0.0421710 secs] [Times: user=0.33 sys=0.00, real=0.04 secs] 
25801.284: [GC 25801.285: [ParNew: 2287956K->65918K(2534400K), 0.0480410 secs] 6920550K->4699520K(10982400K), 0.0488240 secs] [Times: user=0.42 sys=0.00, real=0.05 secs] 
25804.388: [GC 25804.389: [ParNew: 2318718K->74548K(2534400K), 0.0526100 secs] 6952320K->4709042K(10982400K), 0.0533780 secs] [Times: user=0.44 sys=0.01, real=0.06 secs] 
25807.515: [GC 25807.516: [ParNew: 2327348K->55153K(2534400K), 0.0476490 secs] 6961842K->4692483K(10982400K), 0.0483060 secs] [Times: user=0.32 sys=0.01, real=0.05 secs] 
25811.351: [GC 25811.351: [ParNew: 2307953K->52228K(2534400K), 0.0530560 secs] 6945283K->4690827K(10982400K), 0.0536030 secs] [Times: user=0.45 sys=0.00, real=0.06 secs] 
25814.471: [GC 25814.472: [ParNew: 2305027K->43153K(2534400K), 0.0423350 secs] 6943625K->4682928K(10982400K), 0.0428720 secs] [Times: user=0.26 sys=0.00, real=0.05 secs] 
25816.907: [GC 25816.907: [ParNew: 2295953K->33826K(2534400K), 0.0377690 secs] 6935728K->4674585K(10982400K), 0.0383110 secs] [Times: user=0.30 sys=0.01, real=0.04 secs] 
25818.861: [GC 25818.861: [ParNew: 2286626K->40904K(2534400K), 0.0344210 secs] 6927385K->4682703K(10982400K), 0.0349470 secs] [Times: user=0.36 sys=0.00, real=0.04 secs] 
25820.702: [GC 25820.703: [ParNew: 2293704K->46669K(2534400K), 0.0368120 secs] 6935503K->4690797K(10982400K), 0.0373580 secs] [Times: user=0.38 sys=0.01, real=0.04 secs] 
25823.432: [GC 25823.432: [ParNew: 2299469K->67529K(2534400K), 0.0449230 secs] 6943597K->4712504K(10982400K), 0.0454560 secs] [Times: user=0.42 sys=0.00, real=0.05 secs] 
25825.990: [GC 25825.991: [ParNew: 2320329K->56333K(2534400K), 0.0417320 secs] 6965304K->4702340K(10982400K), 0.0422800 secs] [Times: user=0.37 sys=0.00, real=0.04 secs] 
25828.063: [GC 25828.063: [ParNew: 2309133K->87832K(2534400K), 0.0522920 secs] 6955140K->4734815K(10982400K), 0.0528200 secs] [Times: user=0.49 sys=0.00, real=0.06 secs] 
25829.081: [GC 25829.081: [ParNew: 2340632K->116742K(2534400K), 0.0539120 secs] 6987615K->4765180K(10982400K), 0.0544410 secs] [Times: user=0.84 sys=0.00, real=0.06 secs] 
25829.936: [GC 25829.937: [ParNew: 2369542K->92608K(2534400K), 0.0409360 secs] 7017980K->4747278K(10982400K), 0.0414700 secs] [Times: user=0.58 sys=0.01, real=0.04 secs] 
25833.345: [GC 25833.345: [ParNew: 2345405K->77183K(2534400K), 0.0450720 secs] 7000075K->4734424K(10982400K), 0.0456230 secs] [Times: user=0.32 sys=0.00, real=0.04 secs] 
25835.162: [GC 25835.163: [ParNew: 2329983K->57431K(2534400K), 0.0382090 secs] 6987224K->4716270K(10982400K), 0.0387490 secs] [Times: user=0.44 sys=0.00, real=0.04 secs] 
25836.536: [GC 25836.537: [ParNew: 2310231K->48742K(2534400K), 0.0344810 secs] 6969070K->4709150K(10982400K), 0.0350450 secs] [Times: user=0.38 sys=0.01, real=0.03 secs] 
25838.400: [GC 25838.400: [ParNew: 2301542K->50672K(2534400K), 0.0380830 secs] 6961950K->4711715K(10982400K), 0.0386280 secs] [Times: user=0.41 sys=0.00, real=0.04 secs] 
25840.667: [GC 25840.667: [ParNew: 2303472K->51719K(2534400K), 0.0420040 secs] 6964515K->4715156K(10982400K), 0.0425530 secs] [Times: user=0.35 sys=0.00, real=0.04 secs] 
25842.261: [GC 25842.261: [ParNew: 2304519K->63676K(2534400K), 0.0350680 secs] 6967956K->4729336K(10982400K), 0.0355940 secs] [Times: user=0.35 sys=0.00, real=0.04 secs] 
25844.159: [GC 25844.159: [ParNew: 2316476K->54105K(2534400K), 0.0348530 secs] 6982136K->4721055K(10982400K), 0.0353740 secs] [Times: user=0.35 sys=0.00, real=0.03 secs] 
25846.063: [GC 25846.064: [ParNew: 2306905K->38008K(2534400K), 0.0329880 secs] 6973855K->4707560K(10982400K), 0.0335360 secs] [Times: user=0.25 sys=0.01, real=0.04 secs] 
25848.622: [GC 25848.622: [ParNew: 2290808K->34296K(2534400K), 0.0436630 secs] 6960360K->4705178K(10982400K), 0.0442120 secs] [Times: user=0.35 sys=0.00, real=0.04 secs] 
25850.710: [GC 25850.711: [ParNew: 2287096K->51288K(2534400K), 0.0395430 secs] 6957978K->4723335K(10982400K), 0.0400900 secs] [Times: user=0.39 sys=0.00, real=0.04 secs] 
25852.084: [GC 25852.084: [ParNew: 2304088K->75886K(2534400K), 0.0362670 secs] 6976135K->4748617K(10982400K), 0.0367980 secs] [Times: user=0.44 sys=0.01, real=0.04 secs] 
25853.486: [GC 25853.486: [ParNew: 2328686K->54906K(2534400K), 0.0359100 secs] 7001417K->4728783K(10982400K), 0.0364400 secs] [Times: user=0.33 sys=0.00, real=0.04 secs] 
25856.170: [GC 25856.170: [ParNew: 2307712K->34296K(2534400K), 0.0404660 secs] 6981589K->4709251K(10982400K), 0.0410030 secs] [Times: user=0.32 sys=0.01, real=0.04 secs] 
25856.214: [GC 25856.214: [ParNew: 36504K->32480K(2534400K), 0.0151860 secs] 4711459K->4708708K(10982400K), 0.0156020 secs] [Times: user=0.31 sys=0.00, real=0.02 secs] 
25858.429: [GC 25858.429: [ParNew: 2285280K->43782K(2534400K), 0.0376980 secs] 6961508K->4720861K(10982400K), 0.0382240 secs] [Times: user=0.35 sys=0.01, real=0.03 secs] 
25860.930: [GC 25860.931: [ParNew: 2296582K->35480K(2534400K), 0.0368990 secs] 6973661K->4713074K(10982400K), 0.0374480 secs] [Times: user=0.34 sys=0.00, real=0.03 secs] 
25863.719: [GC 25863.719: [ParNew: 2288280K->62677K(2534400K), 0.0447760 secs] 6965874K->4743024K(10982400K), 0.0453250 secs] [Times: user=0.43 sys=0.00, real=0.05 secs] 
25866.448: [GC 25866.449: [ParNew: 2315477K->85887K(2534400K), 0.0535250 secs] 6995824K->4766271K(10982400K), 0.0541320 secs] [Times: user=0.48 sys=0.01, real=0.06 secs] 
25868.856: [GC 25868.857: [ParNew: 2338687K->59769K(2534400K), 0.0476980 secs] 7019071K->4741717K(10982400K), 0.0483490 secs] [Times: user=0.36 sys=0.01, real=0.05 secs] 
25871.320: [GC 25871.320: [ParNew: 2312569K->37347K(2534400K), 0.0425060 secs] 6994517K->4720606K(10982400K), 0.0430620 secs] [Times: user=0.30 sys=0.00, real=0.05 secs] 
25873.885: [GC 25873.885: [ParNew: 2290147K->69396K(2534400K), 0.0481370 secs] 6973406K->4755719K(10982400K), 0.0486870 secs] [Times: user=0.45 sys=0.00, real=0.05 secs] 
25875.427: [GC 25875.427: [ParNew: 2322196K->78615K(2534400K), 0.0413160 secs] 7008519K->4767220K(10982400K), 0.0418630 secs] [Times: user=0.45 sys=0.01, real=0.04 secs] 
25878.831: [GC 25878.831: [ParNew: 2331415K->77871K(2534400K), 0.0553600 secs] 7020020K->4768322K(10982400K), 0.0559320 secs] [Times: user=0.44 sys=0.01, real=0.06 secs] 
25882.004: [GC 25882.004: [ParNew: 2330671K->73321K(2534400K), 0.0529050 secs] 7021122K->4765215K(10982400K), 0.0534570 secs] [Times: user=0.43 sys=0.00, real=0.05 secs] 
25884.454: [GC 25884.454: [ParNew: 2326121K->52950K(2534400K), 0.0480470 secs] 7018015K->4745701K(10982400K), 0.0485830 secs] [Times: user=0.34 sys=0.00, real=0.04 secs] 
25887.843: [GC 25887.843: [ParNew: 2305750K->46813K(2534400K), 0.0560750 secs] 6998501K->4741467K(10982400K), 0.0568540 secs] [Times: user=0.39 sys=0.00, real=0.05 secs] 
25890.347: [GC 25890.348: [ParNew: 2299613K->71920K(2534400K), 0.0565750 secs] 6994267K->4767958K(10982400K), 0.0572910 secs] [Times: user=0.44 sys=0.00, real=0.06 secs] 
25893.119: [GC 25893.120: [ParNew: 2324720K->52526K(2534400K), 0.0581960 secs] 7020758K->4749499K(10982400K), 0.0589780 secs] [Times: user=0.36 sys=0.01, real=0.06 secs] 
25895.681: [GC 25895.682: [ParNew: 2305326K->64685K(2534400K), 0.0510430 secs] 7002299K->4762523K(10982400K), 0.0518140 secs] [Times: user=0.40 sys=0.01, real=0.05 secs] 
25898.771: [GC 25898.772: [ParNew: 2317485K->58712K(2534400K), 0.0538140 secs] 7015323K->4759315K(10982400K), 0.0545790 secs] [Times: user=0.35 sys=0.01, real=0.06 secs] 
25902.066: [GC 25902.066: [ParNew: 2311512K->50158K(2534400K), 0.0553730 secs] 7012115K->4754490K(10982400K), 0.0561190 secs] [Times: user=0.32 sys=0.01, real=0.05 secs] 
25904.677: [GC 25904.677: [ParNew: 2302958K->35540K(2534400K), 0.0429780 secs] 7007290K->4740609K(10982400K), 0.0436340 secs] [Times: user=0.32 sys=0.00, real=0.04 secs] 
25907.910: [GC 25907.911: [ParNew: 2288340K->28901K(2534400K), 0.0422030 secs] 6993409K->4735189K(10982400K), 0.0428670 secs] [Times: user=0.29 sys=0.00, real=0.04 secs] 
25910.689: [GC 25910.689: [ParNew: 2281701K->62639K(2534400K), 0.0479680 secs] 6987989K->4770440K(10982400K), 0.0486220 secs] [Times: user=0.43 sys=0.00, real=0.05 secs] 
25912.886: [GC 25912.886: [ParNew: 2315439K->63342K(2534400K), 0.0474720 secs] 7023240K->4773127K(10982400K), 0.0482250 secs] [Times: user=0.37 sys=0.00, real=0.05 secs] 
25913.978: [GC 25913.978: [ParNew: 2316142K->43266K(2534400K), 0.0323780 secs] 7025927K->4753975K(10982400K), 0.0331050 secs] [Times: user=0.26 sys=0.01, real=0.03 secs] 
25916.709: [GC 25916.709: [ParNew: 2296066K->39678K(2534400K), 0.0523750 secs] 7006775K->4753811K(10982400K), 0.0531440 secs] [Times: user=0.38 sys=0.00, real=0.05 secs] 
25919.897: [GC 25919.898: [ParNew: 2292478K->73930K(2534400K), 0.0520630 secs] 7006611K->4789218K(10982400K), 0.0528100 secs] [Times: user=0.47 sys=0.01, real=0.06 secs] 
25921.862: [GC 25921.862: [ParNew: 2326730K->57123K(2534400K), 0.0385000 secs] 7042018K->4773933K(10982400K), 0.0392330 secs] [Times: user=0.27 sys=0.00, real=0.04 secs] 
25925.907: [GC 25925.908: [ParNew: 2309923K->56451K(2534400K), 0.0470430 secs] 7026733K->4773863K(10982400K), 0.0476330 secs] [Times: user=0.33 sys=0.01, real=0.05 secs] 
25928.031: [GC 25928.031: [ParNew: 2309251K->42254K(2534400K), 0.0357390 secs] 7026663K->4760945K(10982400K), 0.0362740 secs] [Times: user=0.27 sys=0.01, real=0.03 secs] 
25930.215: [GC 25930.216: [ParNew: 2295054K->62479K(2534400K), 0.0436220 secs] 7013745K->4786004K(10982400K), 0.0441620 secs] [Times: user=0.45 sys=0.00, real=0.04 secs] 
25933.225: [GC 25933.225: [ParNew: 2315279K->70492K(2534400K), 0.0439840 secs] 7038804K->4795209K(10982400K), 0.0445230 secs] [Times: user=0.40 sys=0.00, real=0.05 secs] 
25936.049: [GC 25936.049: [ParNew: 2323292K->92673K(2534400K), 0.0540480 secs] 7048009K->4819070K(10982400K), 0.0546420 secs] [Times: user=0.53 sys=0.01, real=0.06 secs] 
25938.649: [GC 25938.649: [ParNew: 2345473K->66124K(2534400K), 0.0446660 secs] 7071870K->4794919K(10982400K), 0.0452020 secs] [Times: user=0.32 sys=0.00, real=0.05 secs] 
25941.982: [GC 25941.983: [ParNew: 2318924K->54279K(2534400K), 0.0462490 secs] 7047719K->4783674K(10982400K), 0.0468430 secs] [Times: user=0.28 sys=0.00, real=0.04 secs] 
25944.989: [GC 25944.990: [ParNew: 2307079K->46896K(2534400K), 0.0442200 secs] 7036474K->4777179K(10982400K), 0.0447600 secs] [Times: user=0.35 sys=0.01, real=0.05 secs] 
25947.827: [GC 25947.827: [ParNew: 2299696K->36280K(2534400K), 0.0501410 secs] 7029979K->4779667K(10982400K), 0.0506750 secs] [Times: user=0.27 sys=0.01, real=0.05 secs] 
25950.779: [GC 25950.779: [ParNew: 2289080K->41955K(2534400K), 0.0484640 secs] 7032467K->4786867K(10982400K), 0.0492150 secs] [Times: user=0.37 sys=0.00, real=0.05 secs] 
25953.024: [GC 25953.024: [ParNew: 2294755K->33361K(2534400K), 0.0490110 secs] 7039667K->4779505K(10982400K), 0.0496660 secs] [Times: user=0.29 sys=0.01, real=0.05 secs] 
25955.632: [GC 25955.633: [ParNew: 2286161K->50365K(2534400K), 0.0455000 secs] 7032305K->4798210K(10982400K), 0.0461500 secs] [Times: user=0.41 sys=0.00, real=0.05 secs] 
25958.987: [GC 25958.988: [ParNew: 2303165K->40549K(2534400K), 0.0440120 secs] 7051010K->4789279K(10982400K), 0.0446840 secs] [Times: user=0.31 sys=0.00, real=0.04 secs] 
25962.252: [GC 25962.252: [ParNew: 2293349K->73034K(2534400K), 0.0545480 secs] 7042079K->4823120K(10982400K), 0.0552320 secs] [Times: user=0.48 sys=0.00, real=0.06 secs] 
25964.909: [GC 25964.910: [ParNew: 2325834K->85202K(2534400K), 0.0484850 secs] 7075920K->4835671K(10982400K), 0.0492340 secs] [Times: user=0.49 sys=0.01, real=0.05 secs] 
25967.480: [GC 25967.480: [ParNew: 2338002K->74052K(2534400K), 0.0422670 secs] 7088471K->4825584K(10982400K), 0.0429240 secs] [Times: user=0.42 sys=0.00, real=0.04 secs] 
25970.294: [GC 25970.295: [ParNew: 2326852K->57239K(2534400K), 0.0426630 secs] 7078384K->4810475K(10982400K), 0.0433260 secs] [Times: user=0.31 sys=0.00, real=0.05 secs] 
25971.486: [GC 25971.487: [ParNew: 2310039K->64524K(2534400K), 0.0362350 secs] 7063275K->4819189K(10982400K), 0.0370150 secs] [Times: user=0.42 sys=0.00, real=0.03 secs] 
25972.982: [GC 25972.983: [ParNew: 2317324K->68235K(2534400K), 0.0384180 secs] 7071989K->4825437K(10982400K), 0.0390770 secs] [Times: user=0.41 sys=0.01, real=0.04 secs] 
25974.505: [GC 25974.505: [ParNew: 2321035K->54994K(2534400K), 0.0373930 secs] 7078237K->4813543K(10982400K), 0.0381430 secs] [Times: user=0.29 sys=0.01, real=0.04 secs] 
25976.470: [GC 25976.471: [ParNew: 2307794K->68461K(2534400K), 0.0462600 secs] 7066343K->4832545K(10982400K), 0.0470230 secs] [Times: user=0.45 sys=0.01, real=0.05 secs] 
25977.953: [GC 25977.953: [ParNew: 2321261K->77706K(2534400K), 0.0384670 secs] 7085345K->4843898K(10982400K), 0.0391680 secs] [Times: user=0.38 sys=0.01, real=0.04 secs] 
25979.344: [GC 25979.345: [ParNew: 2330506K->70234K(2534400K), 0.0353870 secs] 7096698K->4838472K(10982400K), 0.0361460 secs] [Times: user=0.40 sys=0.00, real=0.04 secs] 
25981.290: [GC 25981.290: [ParNew: 2323034K->59123K(2534400K), 0.0375890 secs] 7091272K->4829412K(10982400K), 0.0383100 secs] [Times: user=0.30 sys=0.01, real=0.04 secs] 
25983.934: [GC 25983.934: [ParNew: 2311923K->56326K(2534400K), 0.0454280 secs] 7082212K->4828843K(10982400K), 0.0460950 secs] [Times: user=0.35 sys=0.00, real=0.05 secs] 
25985.836: [GC 25985.836: [ParNew: 2309126K->107637K(2534400K), 0.0449780 secs] 7081643K->4881389K(10982400K), 0.0456430 secs] [Times: user=0.57 sys=0.00, real=0.05 secs] 
25988.261: [GC 25988.261: [ParNew: 2360437K->77738K(2534400K), 0.0455420 secs] 7134189K->4852338K(10982400K), 0.0463000 secs] [Times: user=0.36 sys=0.00, real=0.04 secs] 
25990.461: [GC 25990.461: [ParNew: 2330538K->53140K(2534400K), 0.0436260 secs] 7105138K->4828482K(10982400K), 0.0443860 secs] [Times: user=0.31 sys=0.00, real=0.04 secs] 
25992.921: [GC 25992.922: [ParNew: 2305940K->60224K(2534400K), 0.0594960 secs] 7081282K->4854269K(10982400K), 0.0601540 secs] [Times: user=0.42 sys=0.01, real=0.06 secs] 
25994.852: [GC 25994.852: [ParNew: 2313024K->72723K(2534400K), 0.0459100 secs] 7107069K->4868897K(10982400K), 0.0465710 secs] [Times: user=0.49 sys=0.01, real=0.05 secs] 
25998.593: [GC 25998.593: [ParNew: 2325523K->53057K(2534400K), 0.0608290 secs] 7121697K->4850678K(10982400K), 0.0616020 secs] [Times: user=0.37 sys=0.00, real=0.06 secs] 
26001.278: [GC 26001.278: [ParNew: 2305813K->40013K(2534400K), 0.0410830 secs] 7103434K->4838433K(10982400K), 0.0418570 secs] [Times: user=0.26 sys=0.00, real=0.05 secs] 
26004.011: [GC 26004.011: [ParNew: 2292813K->41416K(2534400K), 0.0403380 secs] 7091233K->4840576K(10982400K), 0.0410030 secs] [Times: user=0.30 sys=0.00, real=0.04 secs] 
26007.572: [GC 26007.572: [ParNew: 2294216K->49737K(2534400K), 0.0537800 secs] 7093376K->4849875K(10982400K), 0.0545690 secs] [Times: user=0.32 sys=0.01, real=0.05 secs] 
26010.895: [GC 26010.896: [ParNew: 2302537K->56302K(2534400K), 0.0496230 secs] 7102675K->4857777K(10982400K), 0.0503860 secs] [Times: user=0.38 sys=0.00, real=0.05 secs] 
26013.134: [GC 26013.134: [ParNew: 2309102K->53002K(2534400K), 0.0579850 secs] 7110577K->4867150K(10982400K), 0.0587830 secs] [Times: user=0.34 sys=0.01, real=0.06 secs] 
26015.061: [GC 26015.062: [ParNew: 2305802K->82802K(2534400K), 0.0419400 secs] 7119950K->4898054K(10982400K), 0.0426960 secs] [Times: user=0.37 sys=0.00, real=0.05 secs] 
26017.641: [GC 26017.642: [ParNew: 2335602K->142668K(2534400K), 0.0631500 secs] 7150854K->4958889K(10982400K), 0.0638890 secs] [Times: user=0.79 sys=0.01, real=0.07 secs] 
26019.293: [GC 26019.294: [ParNew: 2395353K->99009K(2534400K), 0.0449860 secs] 7211574K->4927443K(10982400K), 0.0457510 secs] [Times: user=0.31 sys=0.00, real=0.04 secs] 
26022.016: [GC 26022.016: [ParNew: 2351809K->41561K(2534400K), 0.0452940 secs] 7180243K->4870884K(10982400K), 0.0460710 secs] [Times: user=0.30 sys=0.00, real=0.04 secs] 
26024.671: [GC 26024.672: [ParNew: 2294361K->32945K(2534400K), 0.0419340 secs] 7123684K->4863954K(10982400K), 0.0426820 secs] [Times: user=0.26 sys=0.00, real=0.05 secs] 
26026.591: [GC 26026.591: [ParNew: 2285745K->56007K(2534400K), 0.0325200 secs] 7116754K->4887956K(10982400K), 0.0331670 secs] [Times: user=0.28 sys=0.00, real=0.04 secs] 
26028.698: [GC 26028.698: [ParNew: 2308807K->78616K(2534400K), 0.0444400 secs] 7140756K->4911113K(10982400K), 0.0450960 secs] [Times: user=0.45 sys=0.00, real=0.04 secs] 
26030.813: [GC 26030.813: [ParNew: 2331402K->54228K(2534400K), 0.0381900 secs] 7163899K->4887706K(10982400K), 0.0388600 secs] [Times: user=0.29 sys=0.00, real=0.04 secs] 
26032.707: [GC 26032.707: [ParNew: 2307028K->157082K(2534400K), 0.0589680 secs] 7140506K->4993102K(10982400K), 0.0596150 secs] [Times: user=0.86 sys=0.00, real=0.06 secs] 
26034.197: [GC 26034.197: [ParNew: 2409882K->118326K(2534400K), 0.0534290 secs] 7245902K->4959150K(10982400K), 0.0540710 secs] [Times: user=0.58 sys=0.01, real=0.05 secs] 
26037.725: [GC 26037.726: [ParNew: 2371126K->88866K(2534400K), 0.0503930 secs] 7211950K->4929690K(10982400K), 0.0511280 secs] [Times: user=0.30 sys=0.00, real=0.06 secs] 
26041.205: [GC 26041.206: [ParNew: 2341666K->45871K(2534400K), 0.0467260 secs] 7182490K->4886695K(10982400K), 0.0475290 secs] [Times: user=0.27 sys=0.00, real=0.05 secs] 
26043.573: [GC 26043.573: [ParNew: 2298671K->58073K(2534400K), 0.0442440 secs] 7139495K->4900173K(10982400K), 0.0450010 secs] [Times: user=0.38 sys=0.01, real=0.05 secs] 
26045.753: [GC 26045.754: [ParNew: 2310873K->52614K(2534400K), 0.0408090 secs] 7152973K->4895663K(10982400K), 0.0415570 secs] [Times: user=0.40 sys=0.01, real=0.04 secs] 
26048.694: [GC 26048.695: [ParNew: 2305414K->43023K(2534400K), 0.0434230 secs] 7148463K->4886937K(10982400K), 0.0441630 secs] [Times: user=0.34 sys=0.00, real=0.05 secs] 
26050.930: [GC 26050.931: [ParNew: 2295815K->41081K(2534400K), 0.0362930 secs] 7139728K->4886937K(10982400K), 0.0370480 secs] [Times: user=0.26 sys=0.00, real=0.03 secs] 
26053.505: [GC 26053.505: [ParNew: 2293881K->53068K(2534400K), 0.0402880 secs] 7139737K->4899693K(10982400K), 0.0409790 secs] [Times: user=0.32 sys=0.01, real=0.04 secs] 
26055.594: [GC 26055.595: [ParNew: 2305868K->105585K(2534400K), 0.0515090 secs] 7152493K->4954014K(10982400K), 0.0521720 secs] [Times: user=0.63 sys=0.00, real=0.05 secs] 
26058.360: [GC 26058.360: [ParNew: 2358385K->82283K(2534400K), 0.0453760 secs] 7206814K->4932577K(10982400K), 0.0460510 secs] [Times: user=0.32 sys=0.00, real=0.04 secs] 
26061.339: [GC 26061.340: [ParNew: 2335083K->43498K(2534400K), 0.0394310 secs] 7185377K->4894880K(10982400K), 0.0401040 secs] [Times: user=0.25 sys=0.01, real=0.04 secs] 
26064.553: [GC 26064.553: [ParNew: 2296298K->40312K(2534400K), 0.0459750 secs] 7147680K->4892698K(10982400K), 0.0466530 secs] [Times: user=0.27 sys=0.00, real=0.05 secs] 
26067.590: [GC 26067.591: [ParNew: 2293112K->50385K(2534400K), 0.0432850 secs] 7145498K->4903743K(10982400K), 0.0440470 secs] [Times: user=0.31 sys=0.00, real=0.05 secs] 
26069.187: [GC 26069.187: [ParNew: 2303185K->68490K(2534400K), 0.0393380 secs] 7156543K->4922359K(10982400K), 0.0400740 secs] [Times: user=0.41 sys=0.00, real=0.04 secs] 
26072.641: [GC 26072.642: [ParNew: 2321290K->55203K(2534400K), 0.0544850 secs] 7175159K->4912273K(10982400K), 0.0552360 secs] [Times: user=0.36 sys=0.00, real=0.05 secs] 
26075.196: [GC 26075.196: [ParNew: 2308003K->46746K(2534400K), 0.0489020 secs] 7165073K->4904960K(10982400K), 0.0496540 secs] [Times: user=0.36 sys=0.01, real=0.05 secs] 
26077.413: [GC 26077.414: [ParNew: 2299546K->56290K(2534400K), 0.0410800 secs] 7157760K->4918969K(10982400K), 0.0417430 secs] [Times: user=0.30 sys=0.00, real=0.04 secs] 
26079.659: [GC 26079.659: [ParNew: 2309090K->54458K(2534400K), 0.0457290 secs] 7171769K->4917801K(10982400K), 0.0464820 secs] [Times: user=0.38 sys=0.00, real=0.05 secs] 
26083.236: [GC 26083.237: [ParNew: 2307258K->77135K(2534400K), 0.0526670 secs] 7170601K->4941538K(10982400K), 0.0533780 secs] [Times: user=0.44 sys=0.01, real=0.05 secs] 
26086.173: [GC 26086.173: [ParNew: 2329935K->62188K(2534400K), 0.0563690 secs] 7194338K->4938559K(10982400K), 0.0571480 secs] [Times: user=0.38 sys=0.00, real=0.05 secs] 
26089.295: [GC 26089.296: [ParNew: 2314988K->85911K(2534400K), 0.0624670 secs] 7191359K->4973205K(10982400K), 0.0632160 secs] [Times: user=0.60 sys=0.00, real=0.06 secs] 
26091.611: [GC 26091.612: [ParNew: 2338711K->90788K(2534400K), 0.0484560 secs] 7226005K->4980918K(10982400K), 0.0492320 secs] [Times: user=0.47 sys=0.00, real=0.05 secs] 
26093.564: [GC 26093.564: [ParNew: 2343588K->88455K(2534400K), 0.0476730 secs] 7233718K->4980454K(10982400K), 0.0484090 secs] [Times: user=0.43 sys=0.00, real=0.04 secs] 
26095.088: [GC 26095.088: [ParNew: 2341255K->72894K(2534400K), 0.0421110 secs] 7233254K->4966837K(10982400K), 0.0428650 secs] [Times: user=0.39 sys=0.00, real=0.04 secs] 
26097.764: [GC 26097.764: [ParNew: 2325694K->109048K(2534400K), 0.0650100 secs] 7219637K->5017323K(10982400K), 0.0657070 secs] [Times: user=0.70 sys=0.00, real=0.07 secs] 
26100.030: [GC 26100.030: [ParNew: 2361848K->79432K(2534400K), 0.0439110 secs] 7270123K->4992212K(10982400K), 0.0446160 secs] [Times: user=0.29 sys=0.00, real=0.04 secs] 
26102.732: [GC 26102.732: [ParNew: 2332232K->97792K(2534400K), 0.0566170 secs] 7245012K->5013078K(10982400K), 0.0572790 secs] [Times: user=0.61 sys=0.00, real=0.06 secs] 
26104.933: [GC 26104.934: [ParNew: 2350592K->75400K(2534400K), 0.0470200 secs] 7265878K->4991669K(10982400K), 0.0476860 secs] [Times: user=0.45 sys=0.00, real=0.05 secs] 
26106.607: [GC 26106.607: [ParNew: 2328200K->69378K(2534400K), 0.0399770 secs] 7244469K->4989153K(10982400K), 0.0407430 secs] [Times: user=0.45 sys=0.00, real=0.04 secs] 
26108.321: [GC 26108.321: [ParNew: 2322178K->60022K(2534400K), 0.0375990 secs] 7241953K->4980768K(10982400K), 0.0383110 secs] [Times: user=0.31 sys=0.00, real=0.04 secs] 
26110.704: [GC 26110.705: [ParNew: 2312822K->75449K(2534400K), 0.0480210 secs] 7233568K->4998199K(10982400K), 0.0486860 secs] [Times: user=0.41 sys=0.00, real=0.05 secs] 
26112.344: [GC 26112.345: [ParNew: 2328249K->100149K(2534400K), 0.0499430 secs] 7250999K->5025223K(10982400K), 0.0505900 secs] [Times: user=0.61 sys=0.00, real=0.05 secs] 
26114.556: [GC 26114.556: [ParNew: 2352949K->86973K(2534400K), 0.0467300 secs] 7278023K->5013186K(10982400K), 0.0474620 secs] [Times: user=0.34 sys=0.01, real=0.05 secs] 
26116.229: [GC 26116.229: [ParNew: 2339773K->108101K(2534400K), 0.0492620 secs] 7265986K->5035955K(10982400K), 0.0500160 secs] [Times: user=0.65 sys=0.00, real=0.05 secs] 
26118.394: [GC 26118.394: [ParNew: 2360901K->90019K(2534400K), 0.0412430 secs] 7288755K->5019219K(10982400K), 0.0420600 secs] [Times: user=0.37 sys=0.00, real=0.04 secs] 
26121.278: [GC 26121.279: [ParNew: 2342819K->69965K(2534400K), 0.0568570 secs] 7272019K->5016033K(10982400K), 0.0576380 secs] [Times: user=0.44 sys=0.01, real=0.06 secs] 
26123.272: [GC 26123.272: [ParNew: 2322765K->46655K(2534400K), 0.0427530 secs] 7268833K->4994976K(10982400K), 0.0434890 secs] [Times: user=0.37 sys=0.00, real=0.04 secs] 
26126.348: [GC 26126.348: [ParNew: 2299455K->64883K(2534400K), 0.0487190 secs] 7247776K->5014477K(10982400K), 0.0494850 secs] [Times: user=0.38 sys=0.01, real=0.05 secs] 
26128.178: [GC 26128.179: [ParNew: 2317683K->45253K(2534400K), 0.0402540 secs] 7267277K->4995716K(10982400K), 0.0410030 secs] [Times: user=0.33 sys=0.00, real=0.05 secs] 
26130.898: [GC 26130.899: [ParNew: 2298053K->64079K(2534400K), 0.0459500 secs] 7248516K->5015835K(10982400K), 0.0466500 secs] [Times: user=0.45 sys=0.00, real=0.05 secs] 
26133.499: [GC 26133.499: [ParNew: 2316879K->50300K(2534400K), 0.0411040 secs] 7268635K->5004130K(10982400K), 0.0417760 secs] [Times: user=0.25 sys=0.00, real=0.05 secs] 
26136.149: [GC 26136.150: [ParNew: 2303100K->35009K(2534400K), 0.0495220 secs] 7256930K->4991049K(10982400K), 0.0502000 secs] [Times: user=0.37 sys=0.00, real=0.05 secs] 
26138.079: [GC 26138.080: [ParNew: 2287809K->121946K(2534400K), 0.0568940 secs] 7243849K->5078719K(10982400K), 0.0578030 secs] [Times: user=0.79 sys=0.01, real=0.06 secs] 
26139.937: [GC 26139.938: [ParNew: 2374746K->89312K(2534400K), 0.0420340 secs] 7331519K->5047601K(10982400K), 0.0426930 secs] [Times: user=0.32 sys=0.01, real=0.04 secs] 
26144.062: [GC 26144.063: [ParNew: 2342112K->71790K(2534400K), 0.0587750 secs] 7300401K->5031174K(10982400K), 0.0595400 secs] [Times: user=0.45 sys=0.00, real=0.06 secs] 
26146.323: [GC 26146.323: [ParNew: 2324590K->102262K(2534400K), 0.0466880 secs] 7283974K->5063901K(10982400K), 0.0473560 secs] [Times: user=0.55 sys=0.00, real=0.04 secs] 
26148.378: [GC 26148.379: [ParNew: 2355062K->71693K(2534400K), 0.0433190 secs] 7316701K->5035314K(10982400K), 0.0439620 secs] [Times: user=0.36 sys=0.00, real=0.04 secs] 
26151.378: [GC 26151.379: [ParNew: 2324493K->58898K(2534400K), 0.0472990 secs] 7288114K->5026472K(10982400K), 0.0479730 secs] [Times: user=0.41 sys=0.00, real=0.05 secs] 
26153.238: [GC 26153.238: [ParNew: 2311698K->49026K(2534400K), 0.0411320 secs] 7279272K->5018880K(10982400K), 0.0419040 secs] [Times: user=0.28 sys=0.00, real=0.04 secs] 
26155.504: [GC 26155.504: [ParNew: 2301826K->52729K(2534400K), 0.0559420 secs] 7271680K->5024174K(10982400K), 0.0567250 secs] [Times: user=0.37 sys=0.00, real=0.05 secs] 
26158.704: [GC 26158.705: [ParNew: 2305529K->66801K(2534400K), 0.0560500 secs] 7276974K->5041354K(10982400K), 0.0567210 secs] [Times: user=0.41 sys=0.00, real=0.05 secs] 
26160.609: [GC 26160.610: [ParNew: 2319601K->49933K(2534400K), 0.0410240 secs] 7294154K->5032079K(10982400K), 0.0417010 secs] [Times: user=0.33 sys=0.01, real=0.04 secs] 
26162.671: [GC 26162.671: [ParNew: 2302733K->48307K(2534400K), 0.0397430 secs] 7284879K->5032221K(10982400K), 0.0404060 secs] [Times: user=0.39 sys=0.00, real=0.04 secs] 
26165.080: [GC 26165.080: [ParNew: 2301107K->92627K(2534400K), 0.0680690 secs] 7285021K->5078500K(10982400K), 0.0687360 secs] [Times: user=0.44 sys=0.00, real=0.07 secs] 
26167.267: [GC 26167.267: [ParNew: 2345427K->47642K(2534400K), 0.0373540 secs] 7331300K->5035554K(10982400K), 0.0380170 secs] [Times: user=0.29 sys=0.00, real=0.03 secs] 
26170.409: [GC 26170.410: [ParNew: 2300442K->48620K(2534400K), 0.0492590 secs] 7288354K->5037372K(10982400K), 0.0500490 secs] [Times: user=0.40 sys=0.00, real=0.05 secs] 
26172.958: [GC 26172.958: [ParNew: 2301420K->66297K(2534400K), 0.0463410 secs] 7290172K->5056923K(10982400K), 0.0470120 secs] [Times: user=0.38 sys=0.01, real=0.04 secs] 
26174.908: [GC 26174.908: [ParNew: 2319097K->74462K(2534400K), 0.0427180 secs] 7309723K->5069357K(10982400K), 0.0433980 secs] [Times: user=0.45 sys=0.00, real=0.04 secs] 
26178.852: [GC 26178.852: [ParNew: 2327262K->60754K(2534400K), 0.0546520 secs] 7322157K->5056869K(10982400K), 0.0554610 secs] [Times: user=0.35 sys=0.00, real=0.06 secs] 
26181.592: [GC 26181.592: [ParNew: 2313554K->53375K(2534400K), 0.0437420 secs] 7309669K->5052012K(10982400K), 0.0445080 secs] [Times: user=0.32 sys=0.00, real=0.04 secs] 
26183.830: [GC 26183.830: [ParNew: 2306175K->78737K(2534400K), 0.0450990 secs] 7304812K->5079562K(10982400K), 0.0458050 secs] [Times: user=0.42 sys=0.00, real=0.04 secs] 
26186.315: [GC 26186.316: [ParNew: 2331537K->72801K(2534400K), 0.0494900 secs] 7332362K->5075252K(10982400K), 0.0502710 secs] [Times: user=0.41 sys=0.01, real=0.05 secs] 
26189.396: [GC 26189.396: [ParNew: 2325597K->54494K(2534400K), 0.0532970 secs] 7328048K->5059298K(10982400K), 0.0540560 secs] [Times: user=0.38 sys=0.01, real=0.06 secs] 
26192.187: [GC 26192.188: [ParNew: 2307294K->65383K(2534400K), 0.0498960 secs] 7312098K->5074312K(10982400K), 0.0506660 secs] [Times: user=0.43 sys=0.01, real=0.05 secs] 
26194.307: [GC 26194.307: [ParNew: 2318183K->71181K(2534400K), 0.0509300 secs] 7327112K->5081089K(10982400K), 0.0516980 secs] [Times: user=0.43 sys=0.00, real=0.05 secs] 
26197.674: [GC 26197.674: [ParNew: 2323981K->101797K(2534400K), 0.0595810 secs] 7333889K->5113079K(10982400K), 0.0602590 secs] [Times: user=0.54 sys=0.00, real=0.06 secs] 
26199.662: [GC 26199.663: [ParNew: 2354597K->65224K(2534400K), 0.0407600 secs] 7365879K->5077951K(10982400K), 0.0414230 secs] [Times: user=0.36 sys=0.00, real=0.04 secs] 
26202.551: [GC 26202.552: [ParNew: 2318024K->50358K(2534400K), 0.0415480 secs] 7330751K->5064166K(10982400K), 0.0422960 secs] [Times: user=0.26 sys=0.00, real=0.04 secs] 
26204.787: [GC 26204.788: [ParNew: 2303158K->72457K(2534400K), 0.0431040 secs] 7316966K->5086768K(10982400K), 0.0438540 secs] [Times: user=0.43 sys=0.01, real=0.05 secs] 
26207.215: [GC 26207.216: [ParNew: 2325257K->54619K(2534400K), 0.0450360 secs] 7339568K->5070484K(10982400K), 0.0458600 secs] [Times: user=0.34 sys=0.01, real=0.04 secs] 
26209.509: [GC 26209.509: [ParNew: 2307419K->56890K(2534400K), 0.0484110 secs] 7323284K->5074022K(10982400K), 0.0491680 secs] [Times: user=0.42 sys=0.00, real=0.05 secs] 
26212.937: [GC 26212.938: [ParNew: 2309690K->48326K(2534400K), 0.0494500 secs] 7326822K->5066949K(10982400K), 0.0501280 secs] [Times: user=0.29 sys=0.00, real=0.05 secs] 
26215.439: [GC 26215.439: [ParNew: 2301126K->31920K(2534400K), 0.0477420 secs] 7319749K->5051083K(10982400K), 0.0484740 secs] [Times: user=0.35 sys=0.00, real=0.05 secs] 
26217.725: [GC 26217.725: [ParNew: 2284720K->68708K(2534400K), 0.0449130 secs] 7303883K->5089136K(10982400K), 0.0456800 secs] [Times: user=0.44 sys=0.00, real=0.04 secs] 
26220.022: [GC 26220.022: [ParNew: 2321508K->70321K(2534400K), 0.0560810 secs] 7341936K->5092022K(10982400K), 0.0568320 secs] [Times: user=0.38 sys=0.00, real=0.06 secs] 
26223.603: [GC 26223.603: [ParNew: 2323121K->47984K(2534400K), 0.0513060 secs] 7344822K->5071026K(10982400K), 0.0519870 secs] [Times: user=0.32 sys=0.00, real=0.06 secs] 
26225.783: [GC 26225.783: [ParNew: 2300784K->92109K(2534400K), 0.0754140 secs] 7323826K->5116170K(10982400K), 0.0761900 secs] [Times: user=0.38 sys=0.00, real=0.08 secs] 
26228.803: [GC 26228.803: [ParNew: 2344909K->75767K(2534400K), 0.0925280 secs] 7368970K->5111236K(10982400K), 0.0932570 secs] [Times: user=0.34 sys=0.01, real=0.10 secs] 
26230.826: [GC 26230.826: [ParNew: 2328552K->110758K(2534400K), 0.0821460 secs] 7364021K->5150999K(10982400K), 0.0828230 secs] [Times: user=0.49 sys=0.00, real=0.08 secs] 
26232.863: [GC 26232.864: [ParNew: 2363558K->129497K(2534400K), 0.0779840 secs] 7403799K->5171151K(10982400K), 0.0786550 secs] [Times: user=0.55 sys=0.01, real=0.08 secs] 
26234.976: [GC 26234.976: [ParNew: 2382297K->100992K(2534400K), 0.0619430 secs] 7423951K->5144904K(10982400K), 0.0626030 secs] [Times: user=0.52 sys=0.00, real=0.06 secs] 
26236.794: [GC 26236.794: [ParNew: 2353792K->78417K(2534400K), 0.0491610 secs] 7397704K->5126803K(10982400K), 0.0498290 secs] [Times: user=0.28 sys=0.00, real=0.05 secs] 
26239.328: [GC 26239.329: [ParNew: 2331217K->35021K(2534400K), 0.0430100 secs] 7379603K->5084587K(10982400K), 0.0436730 secs] [Times: user=0.35 sys=0.00, real=0.04 secs] 
26241.718: [GC 26241.719: [ParNew: 2287821K->34735K(2534400K), 0.0453020 secs] 7337387K->5084771K(10982400K), 0.0459720 secs] [Times: user=0.37 sys=0.00, real=0.04 secs] 
26243.112: [GC 26243.113: [ParNew: 2287535K->57566K(2534400K), 0.0371670 secs] 7337571K->5109298K(10982400K), 0.0379300 secs] [Times: user=0.42 sys=0.00, real=0.04 secs] 
26245.061: [GC 26245.062: [ParNew: 2310366K->45302K(2534400K), 0.0405130 secs] 7362098K->5100215K(10982400K), 0.0412490 secs] [Times: user=0.32 sys=0.01, real=0.04 secs] 
26247.139: [GC 26247.139: [ParNew: 2298102K->35277K(2534400K), 0.0416600 secs] 7353015K->5091308K(10982400K), 0.0424390 secs] [Times: user=0.36 sys=0.01, real=0.04 secs] 
26249.603: [GC 26249.604: [ParNew: 2288077K->36376K(2534400K), 0.0450400 secs] 7344108K->5093295K(10982400K), 0.0457940 secs] [Times: user=0.34 sys=0.00, real=0.05 secs] 
26252.083: [GC 26252.083: [ParNew: 2289176K->44675K(2534400K), 0.0452220 secs] 7346095K->5104173K(10982400K), 0.0459980 secs] [Times: user=0.37 sys=0.01, real=0.05 secs] 
26254.251: [GC 26254.252: [ParNew: 2297475K->88660K(2534400K), 0.0508170 secs] 7356973K->5149249K(10982400K), 0.0515310 secs] [Times: user=0.53 sys=0.00, real=0.05 secs] 
26256.491: [GC 26256.492: [ParNew: 2341460K->64593K(2534400K), 0.0436280 secs] 7402049K->5126164K(10982400K), 0.0446410 secs] [Times: user=0.34 sys=0.00, real=0.04 secs] 
26259.486: [GC 26259.486: [ParNew: 2317393K->36165K(2534400K), 0.0461270 secs] 7378964K->5101058K(10982400K), 0.0468020 secs] [Times: user=0.33 sys=0.00, real=0.05 secs] 
26263.404: [GC 26263.404: [ParNew: 2288965K->60449K(2534400K), 0.0554280 secs] 7353858K->5126300K(10982400K), 0.0559840 secs] [Times: user=0.44 sys=0.01, real=0.06 secs] 
26266.269: [GC 26266.269: [ParNew: 2313249K->47329K(2534400K), 0.0461220 secs] 7379100K->5114598K(10982400K), 0.0467270 secs] [Times: user=0.30 sys=0.00, real=0.05 secs] 
26268.188: [GC 26268.188: [ParNew: 2300129K->35678K(2534400K), 0.0344660 secs] 7367398K->5103873K(10982400K), 0.0350360 secs] [Times: user=0.28 sys=0.00, real=0.04 secs] 
26271.556: [GC 26271.557: [ParNew: 2288478K->41251K(2534400K), 0.0505860 secs] 7356673K->5110610K(10982400K), 0.0511750 secs] [Times: user=0.38 sys=0.00, real=0.05 secs] 
26271.610: [GC [1 CMS-initial-mark: 5069358K(8448000K)] 5110771K(10982400K), 0.0564850 secs] [Times: user=0.06 sys=0.00, real=0.06 secs] 
26273.749: [GC 26273.750: [ParNew: 2294051K->43390K(2534400K), 0.0401260 secs] 7363410K->5114057K(10982400K), 0.0407280 secs] [Times: user=0.33 sys=0.00, real=0.04 secs] 
26275.285: [GC[YG occupancy: 1365760 K (2534400 K)]26275.285: [Rescan (parallel) , 0.4050510 secs]26275.690: [weak refs processing, 0.1402200 secs] [1 CMS-remark: 5070667K(8448000K)] 6436428K(10982400K), 0.5464840 secs] [Times: user=8.43 sys=0.02, real=0.54 secs] 
26276.641: [GC 26276.641: [ParNew: 2296190K->45893K(2534400K), 0.0491630 secs] 7246453K->4997800K(10982400K), 0.0497600 secs] [Times: user=0.36 sys=0.01, real=0.05 secs] 
26279.080: [GC 26279.080: [ParNew: 2298693K->50029K(2534400K), 0.0432000 secs] 6962810K->4715858K(10982400K), 0.0437580 secs] [Times: user=0.28 sys=0.00, real=0.05 secs] 
26281.917: [GC 26281.918: [ParNew: 2302737K->36082K(2534400K), 0.0461860 secs] 6314695K->4050550K(10982400K), 0.0467920 secs] [Times: user=0.34 sys=0.00, real=0.05 secs] 
26285.940: [GC 26285.940: [ParNew: 2288882K->35076K(2534400K), 0.0566450 secs] 6303350K->4050385K(10982400K), 0.0572380 secs] [Times: user=0.37 sys=0.00, real=0.06 secs] 
26289.066: [GC 26289.067: [ParNew: 2287876K->80136K(2534400K), 0.0537870 secs] 6303185K->4096653K(10982400K), 0.0543450 secs] [Times: user=0.52 sys=0.00, real=0.05 secs] 
26291.851: [GC 26291.851: [ParNew: 2332936K->58838K(2534400K), 0.0427140 secs] 6349453K->4076965K(10982400K), 0.0432960 secs] [Times: user=0.25 sys=0.00, real=0.04 secs] 
26295.107: [GC 26295.107: [ParNew: 2311638K->42925K(2534400K), 0.0453900 secs] 6329765K->4061881K(10982400K), 0.0459890 secs] [Times: user=0.32 sys=0.01, real=0.04 secs] 
26298.854: [GC 26298.854: [ParNew: 2295725K->39507K(2534400K), 0.0471520 secs] 6314681K->4059974K(10982400K), 0.0477400 secs] [Times: user=0.28 sys=0.00, real=0.05 secs] 
26303.273: [GC 26303.274: [ParNew: 2292301K->35030K(2534400K), 0.0572220 secs] 6312768K->4057697K(10982400K), 0.0578150 secs] [Times: user=0.35 sys=0.00, real=0.06 secs] 
26306.132: [GC 26306.133: [ParNew: 2287830K->81642K(2534400K), 0.0518240 secs] 6310497K->4105908K(10982400K), 0.0524110 secs] [Times: user=0.54 sys=0.00, real=0.05 secs] 
26308.888: [GC 26308.888: [ParNew: 2334442K->94695K(2534400K), 0.0487660 secs] 6358708K->4120747K(10982400K), 0.0493290 secs] [Times: user=0.48 sys=0.00, real=0.05 secs] 
26311.083: [GC 26311.083: [ParNew: 2347495K->127130K(2534400K), 0.0487690 secs] 6373547K->4154522K(10982400K), 0.0493110 secs] [Times: user=0.65 sys=0.00, real=0.05 secs] 
26313.526: [GC 26313.526: [ParNew: 2379930K->91891K(2534400K), 0.0445680 secs] 6407322K->4121161K(10982400K), 0.0451010 secs] [Times: user=0.41 sys=0.00, real=0.05 secs] 
26316.097: [GC 26316.097: [ParNew: 2344691K->84223K(2534400K), 0.0549410 secs] 6373961K->4115724K(10982400K), 0.0554880 secs] [Times: user=0.48 sys=0.00, real=0.06 secs] 
26318.349: [GC 26318.349: [ParNew: 2337023K->62506K(2534400K), 0.0435350 secs] 6368524K->4100044K(10982400K), 0.0441090 secs] [Times: user=0.27 sys=0.01, real=0.04 secs] 
26321.219: [GC 26321.219: [ParNew: 2315306K->41158K(2534400K), 0.0440330 secs] 6352844K->4080148K(10982400K), 0.0446300 secs] [Times: user=0.31 sys=0.00, real=0.04 secs] 
26325.345: [GC 26325.345: [ParNew: 2293955K->71326K(2534400K), 0.0514070 secs] 6332945K->4112312K(10982400K), 0.0519930 secs] [Times: user=0.31 sys=0.00, real=0.05 secs] 
26327.562: [GC 26327.562: [ParNew: 2324126K->49533K(2534400K), 0.0396070 secs] 6365112K->4092239K(10982400K), 0.0402000 secs] [Times: user=0.31 sys=0.01, real=0.04 secs] 
26331.312: [GC 26331.312: [ParNew: 2302277K->28916K(2534400K), 0.0501760 secs] 6344984K->4072633K(10982400K), 0.0507230 secs] [Times: user=0.34 sys=0.01, real=0.05 secs] 
26332.663: [GC 26332.664: [ParNew: 2281716K->31765K(2534400K), 0.0330860 secs] 6325433K->4076723K(10982400K), 0.0336630 secs] [Times: user=0.31 sys=0.01, real=0.03 secs] 
26334.830: [GC 26334.831: [ParNew: 2284565K->49651K(2534400K), 0.0422240 secs] 6329523K->4096456K(10982400K), 0.0427640 secs] [Times: user=0.35 sys=0.00, real=0.05 secs] 
26338.542: [GC 26338.543: [ParNew: 2302451K->45768K(2534400K), 0.0515600 secs] 6349256K->4093703K(10982400K), 0.0521100 secs] [Times: user=0.36 sys=0.00, real=0.05 secs] 
26340.980: [GC 26340.980: [ParNew: 2298568K->42944K(2534400K), 0.0422160 secs] 6346503K->4091907K(10982400K), 0.0428000 secs] [Times: user=0.35 sys=0.00, real=0.05 secs] 
26342.301: [GC 26342.301: [ParNew: 2295744K->104750K(2534400K), 0.0405120 secs] 6344707K->4154617K(10982400K), 0.0410820 secs] [Times: user=0.60 sys=0.00, real=0.05 secs] 
26344.303: [GC 26344.303: [ParNew: 2357550K->81294K(2534400K), 0.0413740 secs] 6407417K->4132345K(10982400K), 0.0419400 secs] [Times: user=0.39 sys=0.00, real=0.04 secs] 
26346.892: [GC 26346.893: [ParNew: 2334094K->59037K(2534400K), 0.0449300 secs] 6385145K->4116920K(10982400K), 0.0454900 secs] [Times: user=0.33 sys=0.00, real=0.05 secs] 
26349.257: [GC 26349.257: [ParNew: 2311837K->93859K(2534400K), 0.0506210 secs] 6369720K->4157908K(10982400K), 0.0511470 secs] [Times: user=0.55 sys=0.00, real=0.05 secs] 
26352.682: [GC 26352.682: [ParNew: 2346659K->90201K(2534400K), 0.0550550 secs] 6410708K->4157781K(10982400K), 0.0556450 secs] [Times: user=0.44 sys=0.00, real=0.06 secs] 
26355.095: [GC 26355.095: [ParNew: 2343001K->63354K(2534400K), 0.0425920 secs] 6410581K->4138851K(10982400K), 0.0432280 secs] [Times: user=0.27 sys=0.01, real=0.04 secs] 
26358.173: [GC 26358.173: [ParNew: 2316149K->115133K(2534400K), 0.0548990 secs] 6391646K->4191448K(10982400K), 0.0554700 secs] [Times: user=0.59 sys=0.01, real=0.06 secs] 
26362.083: [GC 26362.084: [ParNew: 2367933K->88031K(2534400K), 0.0522400 secs] 6444248K->4174252K(10982400K), 0.0528520 secs] [Times: user=0.27 sys=0.00, real=0.06 secs] 
26364.716: [GC 26364.716: [ParNew: 2340831K->34419K(2534400K), 0.0388620 secs] 6427052K->4121509K(10982400K), 0.0394050 secs] [Times: user=0.28 sys=0.00, real=0.03 secs] 
26367.574: [GC 26367.575: [ParNew: 2287219K->33054K(2534400K), 0.0428800 secs] 6374309K->4121468K(10982400K), 0.0434360 secs] [Times: user=0.28 sys=0.00, real=0.05 secs] 
26370.418: [GC 26370.419: [ParNew: 2285854K->38211K(2534400K), 0.0440820 secs] 6374268K->4128869K(10982400K), 0.0446810 secs] [Times: user=0.36 sys=0.00, real=0.04 secs] 
26373.400: [GC 26373.400: [ParNew: 2291011K->48861K(2534400K), 0.0451570 secs] 6381669K->4141744K(10982400K), 0.0457340 secs] [Times: user=0.33 sys=0.00, real=0.04 secs] 
26376.431: [GC 26376.432: [ParNew: 2301661K->72751K(2534400K), 0.0467020 secs] 6394544K->4166765K(10982400K), 0.0473390 secs] [Times: user=0.35 sys=0.00, real=0.05 secs] 
26378.023: [GC 26378.024: [ParNew: 2325551K->67060K(2534400K), 0.0335920 secs] 6419565K->4162115K(10982400K), 0.0341600 secs] [Times: user=0.32 sys=0.00, real=0.03 secs] 
26379.796: [GC 26379.796: [ParNew: 2319860K->51520K(2534400K), 0.0384390 secs] 6414915K->4154886K(10982400K), 0.0390300 secs] [Times: user=0.30 sys=0.01, real=0.04 secs] 
26382.328: [GC 26382.328: [ParNew: 2304320K->55154K(2534400K), 0.0544780 secs] 6407686K->4169092K(10982400K), 0.0552270 secs] [Times: user=0.48 sys=0.01, real=0.05 secs] 
26384.100: [GC 26384.100: [ParNew: 2307954K->71792K(2534400K), 0.0379150 secs] 6421892K->4187253K(10982400K), 0.0386510 secs] [Times: user=0.42 sys=0.00, real=0.04 secs] 
26387.137: [GC 26387.137: [ParNew: 2324592K->61495K(2534400K), 0.0458640 secs] 6440053K->4177276K(10982400K), 0.0466150 secs] [Times: user=0.31 sys=0.00, real=0.05 secs] 
26390.243: [GC 26390.244: [ParNew: 2314295K->81245K(2534400K), 0.0525780 secs] 6430076K->4198153K(10982400K), 0.0533260 secs] [Times: user=0.45 sys=0.00, real=0.05 secs] 
26392.286: [GC 26392.286: [ParNew: 2334045K->90689K(2534400K), 0.0552700 secs] 6450953K->4220238K(10982400K), 0.0560230 secs] [Times: user=0.49 sys=0.01, real=0.06 secs] 
26394.136: [GC 26394.136: [ParNew: 2343489K->89046K(2534400K), 0.0509400 secs] 6473038K->4219557K(10982400K), 0.0516860 secs] [Times: user=0.45 sys=0.01, real=0.05 secs] 
26397.937: [GC 26397.938: [ParNew: 2341846K->67803K(2534400K), 0.0587810 secs] 6472357K->4209895K(10982400K), 0.0595770 secs] [Times: user=0.27 sys=0.00, real=0.06 secs] 
26399.968: [GC 26399.969: [ParNew: 2320603K->119242K(2534400K), 0.0557520 secs] 6462695K->4264974K(10982400K), 0.0564080 secs] [Times: user=0.74 sys=0.01, real=0.06 secs] 
26401.864: [GC 26401.864: [ParNew: 2372042K->89288K(2534400K), 0.0398540 secs] 6517774K->4236216K(10982400K), 0.0405650 secs] [Times: user=0.39 sys=0.00, real=0.04 secs] 
26405.078: [GC 26405.079: [ParNew: 2342088K->48561K(2534400K), 0.0465060 secs] 6489016K->4195783K(10982400K), 0.0471750 secs] [Times: user=0.32 sys=0.00, real=0.05 secs] 
26408.728: [GC 26408.728: [ParNew: 2301361K->63438K(2534400K), 0.0534620 secs] 6448583K->4213056K(10982400K), 0.0541420 secs] [Times: user=0.39 sys=0.00, real=0.06 secs] 
26411.272: [GC 26411.273: [ParNew: 2316238K->44584K(2534400K), 0.0427780 secs] 6465856K->4194814K(10982400K), 0.0435770 secs] [Times: user=0.29 sys=0.00, real=0.05 secs] 
26413.534: [GC 26413.534: [ParNew: 2297384K->57035K(2534400K), 0.0436100 secs] 6447614K->4207970K(10982400K), 0.0442790 secs] [Times: user=0.40 sys=0.00, real=0.04 secs] 
26416.163: [GC 26416.164: [ParNew: 2309835K->58850K(2534400K), 0.0486840 secs] 6460770K->4211397K(10982400K), 0.0493490 secs] [Times: user=0.41 sys=0.00, real=0.05 secs] 
26419.508: [GC 26419.509: [ParNew: 2311650K->80757K(2534400K), 0.0541680 secs] 6464197K->4234823K(10982400K), 0.0549410 secs] [Times: user=0.47 sys=0.00, real=0.05 secs] 
26422.737: [GC 26422.737: [ParNew: 2333557K->75107K(2534400K), 0.0709400 secs] 6487623K->4230628K(10982400K), 0.0717050 secs] [Times: user=0.39 sys=0.01, real=0.07 secs] 
26425.804: [GC 26425.805: [ParNew: 2327907K->50667K(2534400K), 0.0496220 secs] 6483428K->4206720K(10982400K), 0.0504110 secs] [Times: user=0.33 sys=0.00, real=0.06 secs] 
26428.245: [GC 26428.247: [ParNew: 2303467K->79063K(2534400K), 0.0513620 secs] 6459520K->4236299K(10982400K), 0.0520720 secs] [Times: user=0.57 sys=0.00, real=0.05 secs] 
26431.164: [GC 26431.165: [ParNew: 2331863K->75945K(2534400K), 0.0509840 secs] 6489099K->4234147K(10982400K), 0.0518910 secs] [Times: user=0.38 sys=0.00, real=0.06 secs] 
26433.655: [GC 26433.656: [ParNew: 2328745K->54115K(2534400K), 0.0401040 secs] 6486947K->4213043K(10982400K), 0.0407680 secs] [Times: user=0.27 sys=0.00, real=0.05 secs] 
26435.758: [GC 26435.758: [ParNew: 2306915K->62645K(2534400K), 0.0448260 secs] 6465843K->4224248K(10982400K), 0.0456280 secs] [Times: user=0.44 sys=0.01, real=0.04 secs] 
26439.072: [GC 26439.072: [ParNew: 2315445K->50316K(2534400K), 0.0541610 secs] 6477048K->4214320K(10982400K), 0.0548340 secs] [Times: user=0.35 sys=0.01, real=0.06 secs] 
26441.381: [GC 26441.382: [ParNew: 2303116K->59860K(2534400K), 0.0441720 secs] 6467120K->4226698K(10982400K), 0.0448510 secs] [Times: user=0.41 sys=0.01, real=0.04 secs] 
26443.898: [GC 26443.898: [ParNew: 2312660K->70044K(2534400K), 0.0445580 secs] 6479498K->4237462K(10982400K), 0.0451330 secs] [Times: user=0.40 sys=0.00, real=0.04 secs] 
26446.759: [GC 26446.759: [ParNew: 2322844K->52706K(2534400K), 0.0514420 secs] 6490262K->4221827K(10982400K), 0.0521740 secs] [Times: user=0.35 sys=0.01, real=0.05 secs] 
26448.722: [GC 26448.722: [ParNew: 2305506K->52753K(2534400K), 0.0431760 secs] 6474627K->4223507K(10982400K), 0.0437190 secs] [Times: user=0.41 sys=0.00, real=0.04 secs] 
26452.434: [GC 26452.434: [ParNew: 2305553K->50166K(2534400K), 0.0515170 secs] 6476307K->4221558K(10982400K), 0.0521450 secs] [Times: user=0.32 sys=0.00, real=0.05 secs] 
26454.899: [GC 26454.899: [ParNew: 2302966K->42535K(2534400K), 0.0448160 secs] 6474358K->4214836K(10982400K), 0.0454680 secs] [Times: user=0.31 sys=0.00, real=0.04 secs] 
26458.036: [GC 26458.037: [ParNew: 2295335K->91028K(2534400K), 0.0553670 secs] 6467636K->4265000K(10982400K), 0.0561070 secs] [Times: user=0.57 sys=0.01, real=0.06 secs] 
26461.591: [GC 26461.591: [ParNew: 2343828K->72415K(2534400K), 0.0525120 secs] 6517800K->4247045K(10982400K), 0.0532770 secs] [Times: user=0.39 sys=0.00, real=0.05 secs] 
26464.049: [GC 26464.049: [ParNew: 2325215K->52783K(2534400K), 0.0528940 secs] 6499845K->4229250K(10982400K), 0.0536810 secs] [Times: user=0.29 sys=0.00, real=0.06 secs] 
26466.653: [GC 26466.654: [ParNew: 2305583K->29949K(2534400K), 0.0467650 secs] 6482050K->4207534K(10982400K), 0.0476980 secs] [Times: user=0.34 sys=0.00, real=0.05 secs] 
26468.863: [GC 26468.863: [ParNew: 2282749K->25789K(2534400K), 0.0390880 secs] 6460334K->4205616K(10982400K), 0.0398160 secs] [Times: user=0.24 sys=0.00, real=0.04 secs] 
26471.866: [GC 26471.866: [ParNew: 2278589K->37943K(2534400K), 0.0452500 secs] 6458416K->4219031K(10982400K), 0.0460230 secs] [Times: user=0.30 sys=0.00, real=0.05 secs] 
26475.143: [GC 26475.144: [ParNew: 2290743K->34268K(2534400K), 0.0520060 secs] 6471831K->4216174K(10982400K), 0.0527660 secs] [Times: user=0.34 sys=0.00, real=0.05 secs] 
26478.127: [GC 26478.127: [ParNew: 2287068K->27440K(2534400K), 0.0436590 secs] 6468974K->4210522K(10982400K), 0.0443000 secs] [Times: user=0.29 sys=0.00, real=0.04 secs] 
26480.955: [GC 26480.956: [ParNew: 2280240K->76741K(2534400K), 0.0493130 secs] 6463322K->4260520K(10982400K), 0.0499840 secs] [Times: user=0.50 sys=0.01, real=0.05 secs] 
26483.407: [GC 26483.408: [ParNew: 2329541K->71088K(2534400K), 0.0479740 secs] 6513320K->4256317K(10982400K), 0.0487520 secs] [Times: user=0.44 sys=0.00, real=0.05 secs] 
26485.878: [GC 26485.878: [ParNew: 2323888K->89920K(2534400K), 0.0511900 secs] 6509117K->4276268K(10982400K), 0.0518610 secs] [Times: user=0.51 sys=0.00, real=0.05 secs] 
26488.583: [GC 26488.583: [ParNew: 2342720K->66411K(2534400K), 0.0461020 secs] 6529068K->4254245K(10982400K), 0.0467670 secs] [Times: user=0.32 sys=0.00, real=0.05 secs] 
26491.670: [GC 26491.671: [ParNew: 2319211K->51891K(2534400K), 0.0629420 secs] 6507045K->4250461K(10982400K), 0.0637080 secs] [Times: user=0.35 sys=0.01, real=0.06 secs] 
26494.347: [GC 26494.347: [ParNew: 2304691K->35436K(2534400K), 0.0453370 secs] 6503261K->4238782K(10982400K), 0.0460830 secs] [Times: user=0.30 sys=0.00, real=0.04 secs] 
26496.293: [GC 26496.293: [ParNew: 2288236K->84108K(2534400K), 0.0497980 secs] 6491582K->4289125K(10982400K), 0.0505750 secs] [Times: user=0.51 sys=0.00, real=0.05 secs] 
26498.268: [GC 26498.268: [ParNew: 2336908K->78936K(2534400K), 0.0460120 secs] 6541925K->4287251K(10982400K), 0.0467670 secs] [Times: user=0.41 sys=0.01, real=0.04 secs] 
26500.993: [GC 26500.993: [ParNew: 2331736K->76296K(2534400K), 0.0481530 secs] 6540051K->4286088K(10982400K), 0.0488060 secs] [Times: user=0.41 sys=0.00, real=0.05 secs] 
26503.307: [GC 26503.307: [ParNew: 2329096K->52311K(2534400K), 0.0411340 secs] 6538888K->4263761K(10982400K), 0.0418820 secs] [Times: user=0.28 sys=0.00, real=0.04 secs] 
26506.002: [GC 26506.003: [ParNew: 2305111K->29678K(2534400K), 0.0430640 secs] 6516561K->4244465K(10982400K), 0.0437280 secs] [Times: user=0.30 sys=0.00, real=0.04 secs] 
26509.013: [GC 26509.014: [ParNew: 2282467K->29908K(2534400K), 0.0438040 secs] 6497254K->4245859K(10982400K), 0.0444690 secs] [Times: user=0.30 sys=0.00, real=0.05 secs] 
26510.487: [GC 26510.487: [ParNew: 2282702K->26951K(2534400K), 0.0309890 secs] 6498653K->4244734K(10982400K), 0.0316520 secs] [Times: user=0.27 sys=0.01, real=0.04 secs] 
26512.083: [GC 26512.084: [ParNew: 2279751K->60180K(2534400K), 0.0366700 secs] 6497534K->4278886K(10982400K), 0.0373330 secs] [Times: user=0.42 sys=0.01, real=0.04 secs] 
26513.903: [GC 26513.903: [ParNew: 2312980K->49433K(2534400K), 0.0450670 secs] 6531686K->4270036K(10982400K), 0.0457260 secs] [Times: user=0.33 sys=0.00, real=0.05 secs] 
26516.108: [GC 26516.109: [ParNew: 2302233K->60871K(2534400K), 0.0422930 secs] 6522836K->4282777K(10982400K), 0.0429720 secs] [Times: user=0.40 sys=0.00, real=0.05 secs] 
26518.282: [GC 26518.283: [ParNew: 2313671K->46168K(2534400K), 0.0365020 secs] 6535577K->4269553K(10982400K), 0.0371600 secs] [Times: user=0.25 sys=0.00, real=0.04 secs] 
26520.321: [GC 26520.321: [ParNew: 2298968K->29425K(2534400K), 0.0388230 secs] 6522353K->4253783K(10982400K), 0.0394950 secs] [Times: user=0.31 sys=0.00, real=0.04 secs] 
26523.524: [GC 26523.525: [ParNew: 2282225K->34818K(2534400K), 0.0538380 secs] 6506583K->4259636K(10982400K), 0.0545580 secs] [Times: user=0.25 sys=0.00, real=0.05 secs] 
26526.641: [GC 26526.641: [ParNew: 2287618K->37274K(2534400K), 0.0481400 secs] 6512436K->4266198K(10982400K), 0.0488220 secs] [Times: user=0.29 sys=0.00, real=0.05 secs] 
26528.455: [GC 26528.456: [ParNew: 2290074K->44431K(2534400K), 0.0345880 secs] 6518998K->4274168K(10982400K), 0.0352430 secs] [Times: user=0.30 sys=0.00, real=0.04 secs] 
26531.335: [GC 26531.336: [ParNew: 2297231K->43778K(2534400K), 0.0543610 secs] 6526968K->4274397K(10982400K), 0.0551360 secs] [Times: user=0.37 sys=0.01, real=0.05 secs] 
26533.740: [GC 26533.741: [ParNew: 2296579K->37834K(2534400K), 0.0447920 secs] 6527198K->4271243K(10982400K), 0.0455390 secs] [Times: user=0.28 sys=0.00, real=0.05 secs] 
26533.789: [GC 26533.789: [ParNew: 38339K->29783K(2534400K), 0.0126140 secs] 4271748K->4265878K(10982400K), 0.0131180 secs] [Times: user=0.23 sys=0.01, real=0.02 secs] 
26536.097: [GC 26536.097: [ParNew: 2282583K->73197K(2534400K), 0.0501120 secs] 6518678K->4310477K(10982400K), 0.0509120 secs] [Times: user=0.46 sys=0.00, real=0.05 secs] 
26538.105: [GC 26538.105: [ParNew: 2325997K->98643K(2534400K), 0.0583820 secs] 6563277K->4337294K(10982400K), 0.0590640 secs] [Times: user=0.39 sys=0.00, real=0.06 secs] 
26540.294: [GC 26540.294: [ParNew: 2351443K->174980K(2534400K), 0.0829910 secs] 6590094K->4414573K(10982400K), 0.0837820 secs] [Times: user=0.92 sys=0.01, real=0.08 secs] 
26542.157: [GC 26542.157: [ParNew: 2427780K->129903K(2534400K), 0.0664090 secs] 6667373K->4381897K(10982400K), 0.0670970 secs] [Times: user=0.40 sys=0.01, real=0.07 secs] 
26543.285: [GC 26543.285: [ParNew: 2382703K->88318K(2534400K), 0.0445440 secs] 6634697K->4340312K(10982400K), 0.0452350 secs] [Times: user=0.43 sys=0.00, real=0.04 secs] 
26545.263: [GC 26545.263: [ParNew: 2341113K->99106K(2534400K), 0.0654950 secs] 6593107K->4352131K(10982400K), 0.0661580 secs] [Times: user=0.37 sys=0.00, real=0.06 secs] 
26547.675: [GC 26547.676: [ParNew: 2351906K->61860K(2534400K), 0.0577800 secs] 6604931K->4326680K(10982400K), 0.0584600 secs] [Times: user=0.41 sys=0.00, real=0.06 secs] 
26549.407: [GC 26549.407: [ParNew: 2314660K->91361K(2534400K), 0.0914490 secs] 6579480K->4367574K(10982400K), 0.0921080 secs] [Times: user=0.41 sys=0.00, real=0.09 secs] 
26551.858: [GC 26551.858: [ParNew: 2344161K->117125K(2534400K), 0.0774490 secs] 6620374K->4393864K(10982400K), 0.0781240 secs] [Times: user=0.57 sys=0.00, real=0.08 secs] 
26554.070: [GC 26554.071: [ParNew: 2369925K->97117K(2534400K), 0.0515140 secs] 6646664K->4376669K(10982400K), 0.0522660 secs] [Times: user=0.50 sys=0.01, real=0.05 secs] 
26555.862: [GC 26555.863: [ParNew: 2349917K->85957K(2534400K), 0.0470420 secs] 6629469K->4367623K(10982400K), 0.0477730 secs] [Times: user=0.45 sys=0.00, real=0.05 secs] 
26557.627: [GC 26557.627: [ParNew: 2338757K->72628K(2534400K), 0.0534870 secs] 6620423K->4355056K(10982400K), 0.0544160 secs] [Times: user=0.42 sys=0.00, real=0.05 secs] 
26559.029: [GC 26559.030: [ParNew: 2325428K->132870K(2534400K), 0.0587330 secs] 6607856K->4416869K(10982400K), 0.0594450 secs] [Times: user=0.90 sys=0.00, real=0.06 secs] 
26561.790: [GC 26561.791: [ParNew: 2385670K->101516K(2534400K), 0.0462930 secs] 6669669K->4387594K(10982400K), 0.0470540 secs] [Times: user=0.35 sys=0.00, real=0.05 secs] 
26564.070: [GC 26564.070: [ParNew: 2354316K->79661K(2534400K), 0.0486340 secs] 6640394K->4367474K(10982400K), 0.0493880 secs] [Times: user=0.46 sys=0.01, real=0.05 secs] 
26566.628: [GC 26566.628: [ParNew: 2332461K->71811K(2534400K), 0.0493790 secs] 6620274K->4360208K(10982400K), 0.0500580 secs] [Times: user=0.45 sys=0.00, real=0.05 secs] 
26569.120: [GC 26569.120: [ParNew: 2324611K->54849K(2534400K), 0.0421240 secs] 6613008K->4343897K(10982400K), 0.0427850 secs] [Times: user=0.31 sys=0.00, real=0.04 secs] 
26571.339: [GC 26571.339: [ParNew: 2307649K->90171K(2534400K), 0.0557810 secs] 6596697K->4384763K(10982400K), 0.0564380 secs] [Times: user=0.60 sys=0.00, real=0.05 secs] 
26573.149: [GC 26573.149: [ParNew: 2342971K->101370K(2534400K), 0.0565520 secs] 6637563K->4402326K(10982400K), 0.0573320 secs] [Times: user=0.54 sys=0.01, real=0.05 secs] 
26575.571: [GC 26575.571: [ParNew: 2354170K->74881K(2534400K), 0.0470500 secs] 6655126K->4377971K(10982400K), 0.0477210 secs] [Times: user=0.32 sys=0.00, real=0.05 secs] 
26577.746: [GC 26577.747: [ParNew: 2327681K->72108K(2534400K), 0.0453260 secs] 6630771K->4376547K(10982400K), 0.0460120 secs] [Times: user=0.46 sys=0.00, real=0.05 secs] 
26579.727: [GC 26579.728: [ParNew: 2324908K->58479K(2534400K), 0.0411100 secs] 6629347K->4364186K(10982400K), 0.0417780 secs] [Times: user=0.33 sys=0.00, real=0.05 secs] 
26582.104: [GC 26582.105: [ParNew: 2311279K->92376K(2534400K), 0.0593930 secs] 6616986K->4402572K(10982400K), 0.0600780 secs] [Times: user=0.58 sys=0.01, real=0.06 secs] 
26584.301: [GC 26584.301: [ParNew: 2345176K->74887K(2534400K), 0.0462690 secs] 6655372K->4386100K(10982400K), 0.0469370 secs] [Times: user=0.39 sys=0.00, real=0.04 secs] 
26586.571: [GC 26586.572: [ParNew: 2327687K->38383K(2534400K), 0.0376980 secs] 6638900K->4350637K(10982400K), 0.0382540 secs] [Times: user=0.29 sys=0.00, real=0.04 secs] 
26589.565: [GC 26589.565: [ParNew: 2291183K->63573K(2534400K), 0.0505920 secs] 6603437K->4377068K(10982400K), 0.0511820 secs] [Times: user=0.44 sys=0.00, real=0.05 secs] 
26592.341: [GC 26592.342: [ParNew: 2316373K->57854K(2534400K), 0.0474690 secs] 6629868K->4372717K(10982400K), 0.0480760 secs] [Times: user=0.35 sys=0.00, real=0.05 secs] 
26594.125: [GC 26594.126: [ParNew: 2310654K->46992K(2534400K), 0.0410130 secs] 6625517K->4362430K(10982400K), 0.0415960 secs] [Times: user=0.36 sys=0.00, real=0.04 secs] 
26596.312: [GC 26596.312: [ParNew: 2299792K->77359K(2534400K), 0.0483930 secs] 6615230K->4394038K(10982400K), 0.0489770 secs] [Times: user=0.43 sys=0.01, real=0.05 secs] 
26598.887: [GC 26598.888: [ParNew: 2330159K->89388K(2534400K), 0.0781100 secs] 6646838K->4408285K(10982400K), 0.0787100 secs] [Times: user=0.35 sys=0.01, real=0.08 secs] 
26600.770: [GC 26600.770: [ParNew: 2342188K->56824K(2534400K), 0.0472470 secs] 6661085K->4376656K(10982400K), 0.0478420 secs] [Times: user=0.40 sys=0.00, real=0.05 secs] 
26603.076: [GC 26603.076: [ParNew: 2309624K->105300K(2534400K), 0.0459820 secs] 6629456K->4426117K(10982400K), 0.0465730 secs] [Times: user=0.52 sys=0.01, real=0.05 secs] 
26605.141: [GC 26605.141: [ParNew: 2358100K->142106K(2534400K), 0.0882650 secs] 6678917K->4464004K(10982400K), 0.0888250 secs] [Times: user=0.35 sys=0.01, real=0.09 secs] 
26606.637: [GC 26606.638: [ParNew: 2394906K->40829K(2534400K), 0.0386030 secs] 6716804K->4367327K(10982400K), 0.0391560 secs] [Times: user=0.24 sys=0.00, real=0.04 secs] 
26608.736: [GC 26608.736: [ParNew: 2293629K->100746K(2534400K), 0.0828500 secs] 6620127K->4430030K(10982400K), 0.0834440 secs] [Times: user=0.40 sys=0.00, real=0.08 secs] 
26610.595: [GC 26610.595: [ParNew: 2353546K->116252K(2534400K), 0.0754790 secs] 6682830K->4447731K(10982400K), 0.0760720 secs] [Times: user=0.49 sys=0.00, real=0.07 secs] 
26612.247: [GC 26612.247: [ParNew: 2369052K->84248K(2534400K), 0.0577210 secs] 6700531K->4417425K(10982400K), 0.0583230 secs] [Times: user=0.40 sys=0.01, real=0.06 secs] 
26614.317: [GC 26614.317: [ParNew: 2337048K->80520K(2534400K), 0.0593740 secs] 6670225K->4414364K(10982400K), 0.0600350 secs] [Times: user=0.34 sys=0.00, real=0.06 secs] 
26616.761: [GC 26616.762: [ParNew: 2333320K->55937K(2534400K), 0.0445580 secs] 6667164K->4390521K(10982400K), 0.0452390 secs] [Times: user=0.32 sys=0.01, real=0.05 secs] 
26618.875: [GC 26618.876: [ParNew: 2308737K->83854K(2534400K), 0.0510930 secs] 6643321K->4419074K(10982400K), 0.0518380 secs] [Times: user=0.45 sys=0.00, real=0.05 secs] 
26620.550: [GC 26620.550: [ParNew: 2336654K->95745K(2534400K), 0.0691630 secs] 6671874K->4442994K(10982400K), 0.0699530 secs] [Times: user=0.47 sys=0.01, real=0.07 secs] 
26622.346: [GC 26622.346: [ParNew: 2348545K->71439K(2534400K), 0.0588040 secs] 6695794K->4421064K(10982400K), 0.0596240 secs] [Times: user=0.37 sys=0.01, real=0.06 secs] 
26625.414: [GC 26625.414: [ParNew: 2324239K->73160K(2534400K), 0.0557210 secs] 6673864K->4426972K(10982400K), 0.0564840 secs] [Times: user=0.36 sys=0.01, real=0.06 secs] 
26626.803: [GC 26626.803: [ParNew: 2325960K->83154K(2534400K), 0.0448110 secs] 6679772K->4438108K(10982400K), 0.0455730 secs] [Times: user=0.42 sys=0.00, real=0.05 secs] 
26628.579: [GC 26628.579: [ParNew: 2335954K->92081K(2534400K), 0.0766990 secs] 6690908K->4457797K(10982400K), 0.0774520 secs] [Times: user=0.34 sys=0.01, real=0.08 secs] 
26630.727: [GC 26630.727: [ParNew: 2344881K->95243K(2534400K), 0.0626230 secs] 6710597K->4463879K(10982400K), 0.0634200 secs] [Times: user=0.51 sys=0.00, real=0.06 secs] 
26632.764: [GC 26632.765: [ParNew: 2348043K->87426K(2534400K), 0.0564950 secs] 6716679K->4457679K(10982400K), 0.0571710 secs] [Times: user=0.42 sys=0.00, real=0.06 secs] 
26634.943: [GC 26634.944: [ParNew: 2340226K->125435K(2534400K), 0.0929850 secs] 6710479K->4497039K(10982400K), 0.0937230 secs] [Times: user=0.51 sys=0.00, real=0.10 secs] 
26636.323: [GC 26636.323: [ParNew: 2378235K->110685K(2534400K), 0.0831670 secs] 6749839K->4482893K(10982400K), 0.0839490 secs] [Times: user=0.47 sys=0.00, real=0.09 secs] 
26637.995: [GC 26637.995: [ParNew: 2363481K->97786K(2534400K), 0.0804730 secs] 6735689K->4471553K(10982400K), 0.0811580 secs] [Times: user=0.45 sys=0.01, real=0.08 secs] 
26639.559: [GC 26639.559: [ParNew: 2350586K->98449K(2534400K), 0.0720080 secs] 6724353K->4473135K(10982400K), 0.0726680 secs] [Times: user=0.38 sys=0.00, real=0.07 secs] 
26640.980: [GC 26640.980: [ParNew: 2351249K->80302K(2534400K), 0.0733310 secs] 6725935K->4456406K(10982400K), 0.0739910 secs] [Times: user=0.33 sys=0.00, real=0.07 secs] 
26642.600: [GC 26642.600: [ParNew: 2333102K->59491K(2534400K), 0.0688780 secs] 6709206K->4437192K(10982400K), 0.0695810 secs] [Times: user=0.33 sys=0.00, real=0.07 secs] 
26644.382: [GC 26644.383: [ParNew: 2312291K->58003K(2534400K), 0.0692580 secs] 6689992K->4436894K(10982400K), 0.0700130 secs] [Times: user=0.35 sys=0.00, real=0.07 secs] 
26645.842: [GC 26645.842: [ParNew: 2310803K->49953K(2534400K), 0.0556200 secs] 6689694K->4429709K(10982400K), 0.0563650 secs] [Times: user=0.34 sys=0.01, real=0.06 secs] 
26647.452: [GC 26647.453: [ParNew: 2302753K->51740K(2534400K), 0.0606550 secs] 6682509K->4432203K(10982400K), 0.0614140 secs] [Times: user=0.33 sys=0.00, real=0.06 secs] 
26648.520: [GC 26648.520: [ParNew: 2304540K->34832K(2534400K), 0.0375520 secs] 6685003K->4416146K(10982400K), 0.0382790 secs] [Times: user=0.24 sys=0.00, real=0.03 secs] 
26649.860: [GC 26649.861: [ParNew: 2287632K->30985K(2534400K), 0.0383990 secs] 6668946K->4413807K(10982400K), 0.0391490 secs] [Times: user=0.30 sys=0.00, real=0.04 secs] 
26650.512: [GC 26650.512: [ParNew: 2283785K->53059K(2534400K), 0.0353760 secs] 6666607K->4437102K(10982400K), 0.0361280 secs] [Times: user=0.33 sys=0.00, real=0.03 secs] 
26651.515: [GC 26651.515: [ParNew: 2305859K->46811K(2534400K), 0.0529170 secs] 6689902K->4433789K(10982400K), 0.0536820 secs] [Times: user=0.36 sys=0.00, real=0.06 secs] 
26653.133: [GC 26653.133: [ParNew: 2299611K->89162K(2534400K), 0.0429500 secs] 6686589K->4477287K(10982400K), 0.0437010 secs] [Times: user=0.46 sys=0.00, real=0.04 secs] 
26655.082: [GC 26655.083: [ParNew: 2341958K->68086K(2534400K), 0.0388010 secs] 6730083K->4456944K(10982400K), 0.0395950 secs] [Times: user=0.25 sys=0.00, real=0.04 secs] 
26657.095: [GC 26657.095: [ParNew: 2320886K->52526K(2534400K), 0.0419240 secs] 6709744K->4442502K(10982400K), 0.0427070 secs] [Times: user=0.36 sys=0.00, real=0.04 secs] 
26658.436: [GC 26658.437: [ParNew: 2305326K->38553K(2534400K), 0.0342470 secs] 6695302K->4430541K(10982400K), 0.0349010 secs] [Times: user=0.34 sys=0.00, real=0.04 secs] 
26660.369: [GC 26660.369: [ParNew: 2291353K->58304K(2534400K), 0.0400820 secs] 6683341K->4450948K(10982400K), 0.0407770 secs] [Times: user=0.39 sys=0.00, real=0.04 secs] 
26662.191: [GC 26662.191: [ParNew: 2311104K->44197K(2534400K), 0.0364840 secs] 6703748K->4438491K(10982400K), 0.0371410 secs] [Times: user=0.29 sys=0.00, real=0.03 secs] 
26664.381: [GC 26664.381: [ParNew: 2296997K->63800K(2534400K), 0.0535640 secs] 6691291K->4459153K(10982400K), 0.0543460 secs] [Times: user=0.51 sys=0.01, real=0.05 secs] 
26667.009: [GC 26667.009: [ParNew: 2316527K->53593K(2534400K), 0.0491840 secs] 6711880K->4449613K(10982400K), 0.0499570 secs] [Times: user=0.33 sys=0.00, real=0.05 secs] 
26668.884: [GC 26668.884: [ParNew: 2306393K->41909K(2534400K), 0.0372040 secs] 6702413K->4439349K(10982400K), 0.0379260 secs] [Times: user=0.30 sys=0.00, real=0.04 secs] 
26671.031: [GC 26671.031: [ParNew: 2294709K->43875K(2534400K), 0.0397420 secs] 6692149K->4442231K(10982400K), 0.0403930 secs] [Times: user=0.30 sys=0.00, real=0.05 secs] 
26672.863: [GC 26672.863: [ParNew: 2296675K->42123K(2534400K), 0.0388850 secs] 6695031K->4441547K(10982400K), 0.0395380 secs] [Times: user=0.31 sys=0.00, real=0.03 secs] 
26674.368: [GC 26674.369: [ParNew: 2294923K->96277K(2534400K), 0.0576970 secs] 6694347K->4498317K(10982400K), 0.0584460 secs] [Times: user=0.81 sys=0.01, real=0.06 secs] 
26675.758: [GC 26675.758: [ParNew: 2349077K->83125K(2534400K), 0.0424000 secs] 6751117K->4486051K(10982400K), 0.0431570 secs] [Times: user=0.39 sys=0.00, real=0.04 secs] 
26678.021: [GC 26678.022: [ParNew: 2335925K->73325K(2534400K), 0.0477290 secs] 6738851K->4477539K(10982400K), 0.0484890 secs] [Times: user=0.43 sys=0.00, real=0.05 secs] 
26679.973: [GC 26679.973: [ParNew: 2326125K->65350K(2534400K), 0.0452100 secs] 6730339K->4471730K(10982400K), 0.0459780 secs] [Times: user=0.41 sys=0.00, real=0.05 secs] 
26681.802: [GC 26681.803: [ParNew: 2318150K->82432K(2534400K), 0.0440180 secs] 6724530K->4489862K(10982400K), 0.0447660 secs] [Times: user=0.45 sys=0.01, real=0.05 secs] 
26683.310: [GC 26683.311: [ParNew: 2335232K->86678K(2534400K), 0.0446610 secs] 6742662K->4496768K(10982400K), 0.0454080 secs] [Times: user=0.44 sys=0.01, real=0.05 secs] 
26685.802: [GC 26685.802: [ParNew: 2339478K->71580K(2534400K), 0.0531180 secs] 6749568K->4484042K(10982400K), 0.0538690 secs] [Times: user=0.42 sys=0.00, real=0.06 secs] 
26688.235: [GC 26688.235: [ParNew: 2324380K->111185K(2534400K), 0.0797670 secs] 6736842K->4527627K(10982400K), 0.0805080 secs] [Times: user=0.51 sys=0.00, real=0.08 secs] 
26690.298: [GC 26690.298: [ParNew: 2363985K->120965K(2534400K), 0.0702220 secs] 6780427K->4541179K(10982400K), 0.0709770 secs] [Times: user=0.60 sys=0.01, real=0.07 secs] 
26692.643: [GC 26692.643: [ParNew: 2373765K->76839K(2534400K), 0.0468880 secs] 6793979K->4498080K(10982400K), 0.0476540 secs] [Times: user=0.34 sys=0.01, real=0.05 secs] 
26694.447: [GC 26694.447: [ParNew: 2329639K->44770K(2534400K), 0.0450060 secs] 6750880K->4467082K(10982400K), 0.0457630 secs] [Times: user=0.37 sys=0.00, real=0.04 secs] 
26696.200: [GC 26696.201: [ParNew: 2297570K->83574K(2534400K), 0.0470430 secs] 6719883K->4506868K(10982400K), 0.0477570 secs] [Times: user=0.50 sys=0.01, real=0.05 secs] 
26696.251: [GC 26696.252: [ParNew: 86370K->90524K(2534400K), 0.0256160 secs] 4509665K->4515153K(10982400K), 0.0261530 secs] [Times: user=0.52 sys=0.00, real=0.03 secs] 
26698.843: [GC 26698.843: [ParNew: 2343324K->72238K(2534400K), 0.0541680 secs] 6767953K->4498170K(10982400K), 0.0549310 secs] [Times: user=0.45 sys=0.00, real=0.06 secs] 
26701.296: [GC 26701.296: [ParNew: 2325038K->82842K(2534400K), 0.0502420 secs] 6750970K->4509987K(10982400K), 0.0510210 secs] [Times: user=0.44 sys=0.01, real=0.06 secs] 
26702.822: [GC 26702.822: [ParNew: 2335642K->54069K(2534400K), 0.0362660 secs] 6762787K->4483195K(10982400K), 0.0370210 secs] [Times: user=0.29 sys=0.00, real=0.04 secs] 
26705.932: [GC 26705.932: [ParNew: 2306869K->35385K(2534400K), 0.0503850 secs] 6735995K->4464511K(10982400K), 0.0511640 secs] [Times: user=0.34 sys=0.01, real=0.05 secs] 
26708.898: [GC 26708.899: [ParNew: 2288185K->44621K(2534400K), 0.0489580 secs] 6717311K->4478927K(10982400K), 0.0496330 secs] [Times: user=0.33 sys=0.00, real=0.05 secs] 
26710.907: [GC 26710.907: [ParNew: 2297421K->37797K(2534400K), 0.0386570 secs] 6731727K->4473633K(10982400K), 0.0393310 secs] [Times: user=0.31 sys=0.00, real=0.04 secs] 
26714.378: [GC 26714.378: [ParNew: 2290597K->67729K(2534400K), 0.0552940 secs] 6726433K->4504134K(10982400K), 0.0560760 secs] [Times: user=0.41 sys=0.00, real=0.06 secs] 
26716.606: [GC 26716.606: [ParNew: 2320529K->49360K(2534400K), 0.0425260 secs] 6756934K->4487948K(10982400K), 0.0432720 secs] [Times: user=0.33 sys=0.00, real=0.05 secs] 
26718.228: [GC 26718.228: [ParNew: 2302160K->51810K(2534400K), 0.0387800 secs] 6740748K->4492823K(10982400K), 0.0394880 secs] [Times: user=0.33 sys=0.00, real=0.04 secs] 
26720.178: [GC 26720.178: [ParNew: 2304610K->35228K(2534400K), 0.0389960 secs] 6745623K->4477624K(10982400K), 0.0397760 secs] [Times: user=0.32 sys=0.01, real=0.04 secs] 
26723.028: [GC 26723.028: [ParNew: 2288028K->39992K(2534400K), 0.0473200 secs] 6730424K->4484236K(10982400K), 0.0480010 secs] [Times: user=0.28 sys=0.01, real=0.05 secs] 
26725.474: [GC 26725.475: [ParNew: 2292792K->30163K(2534400K), 0.0441430 secs] 6737036K->4476227K(10982400K), 0.0448080 secs] [Times: user=0.33 sys=0.01, real=0.04 secs] 
26727.650: [GC 26727.650: [ParNew: 2282942K->37777K(2534400K), 0.0410270 secs] 6729006K->4484597K(10982400K), 0.0418140 secs] [Times: user=0.30 sys=0.01, real=0.05 secs] 
26729.775: [GC 26729.775: [ParNew: 2290577K->107283K(2534400K), 0.0522570 secs] 6737397K->4554971K(10982400K), 0.0530430 secs] [Times: user=0.62 sys=0.01, real=0.05 secs] 
26732.359: [GC 26732.360: [ParNew: 2360083K->81560K(2534400K), 0.0488570 secs] 6807771K->4530308K(10982400K), 0.0495420 secs] [Times: user=0.40 sys=0.00, real=0.05 secs] 
26734.628: [GC 26734.628: [ParNew: 2334360K->57645K(2534400K), 0.0486440 secs] 6783108K->4508343K(10982400K), 0.0493270 secs] [Times: user=0.38 sys=0.00, real=0.05 secs] 
26736.259: [GC 26736.260: [ParNew: 2310445K->76332K(2534400K), 0.0469230 secs] 6761143K->4528287K(10982400K), 0.0476040 secs] [Times: user=0.43 sys=0.00, real=0.05 secs] 
26737.694: [GC 26737.694: [ParNew: 2329132K->94416K(2534400K), 0.0558120 secs] 6781087K->4552026K(10982400K), 0.0564930 secs] [Times: user=0.49 sys=0.00, real=0.05 secs] 
26739.473: [GC 26739.474: [ParNew: 2347216K->90038K(2534400K), 0.0694020 secs] 6804826K->4551668K(10982400K), 0.0703580 secs] [Times: user=0.52 sys=0.00, real=0.07 secs] 
26741.336: [GC 26741.337: [ParNew: 2342838K->68606K(2534400K), 0.0496000 secs] 6804468K->4542014K(10982400K), 0.0502870 secs] [Times: user=0.46 sys=0.00, real=0.05 secs] 
26743.353: [GC 26743.354: [ParNew: 2321406K->78843K(2534400K), 0.0449570 secs] 6794814K->4553017K(10982400K), 0.0456260 secs] [Times: user=0.44 sys=0.00, real=0.04 secs] 
26745.520: [GC 26745.521: [ParNew: 2331643K->114797K(2534400K), 0.0571870 secs] 6805817K->4589834K(10982400K), 0.0578600 secs] [Times: user=0.69 sys=0.00, real=0.06 secs] 
26747.404: [GC 26747.404: [ParNew: 2367597K->163059K(2534400K), 0.0631650 secs] 6842634K->4638983K(10982400K), 0.0640040 secs] [Times: user=0.75 sys=0.00, real=0.06 secs] 
26749.527: [GC 26749.528: [ParNew: 2415859K->104208K(2534400K), 0.0456260 secs] 6891783K->4580897K(10982400K), 0.0463040 secs] [Times: user=0.43 sys=0.00, real=0.05 secs] 
26752.145: [GC 26752.145: [ParNew: 2357008K->49066K(2534400K), 0.0440610 secs] 6833697K->4527527K(10982400K), 0.0447390 secs] [Times: user=0.29 sys=0.01, real=0.04 secs] 
26754.194: [GC 26754.194: [ParNew: 2301866K->29046K(2534400K), 0.0444790 secs] 6780327K->4510069K(10982400K), 0.0451480 secs] [Times: user=0.25 sys=0.00, real=0.05 secs] 
26757.256: [GC 26757.256: [ParNew: 2281846K->43795K(2534400K), 0.0513160 secs] 6762869K->4525839K(10982400K), 0.0520370 secs] [Times: user=0.41 sys=0.00, real=0.05 secs] 
26759.643: [GC 26759.644: [ParNew: 2296595K->57457K(2534400K), 0.0461950 secs] 6778639K->4540211K(10982400K), 0.0469680 secs] [Times: user=0.36 sys=0.01, real=0.05 secs] 
26761.309: [GC 26761.310: [ParNew: 2310238K->42015K(2534400K), 0.0364400 secs] 6792992K->4525648K(10982400K), 0.0372120 secs] [Times: user=0.32 sys=0.00, real=0.04 secs] 
26763.199: [GC 26763.199: [ParNew: 2294815K->69119K(2534400K), 0.0457500 secs] 6778448K->4553229K(10982400K), 0.0465010 secs] [Times: user=0.46 sys=0.01, real=0.04 secs] 
26765.304: [GC 26765.304: [ParNew: 2321919K->53431K(2534400K), 0.0433220 secs] 6806029K->4539265K(10982400K), 0.0440720 secs] [Times: user=0.30 sys=0.00, real=0.05 secs] 
26768.063: [GC 26768.063: [ParNew: 2306231K->55796K(2534400K), 0.0511020 secs] 6792065K->4542590K(10982400K), 0.0518800 secs] [Times: user=0.41 sys=0.00, real=0.05 secs] 
26769.796: [GC 26769.796: [ParNew: 2308596K->47669K(2534400K), 0.0349730 secs] 6795390K->4534917K(10982400K), 0.0356260 secs] [Times: user=0.33 sys=0.00, real=0.04 secs] 
26771.361: [GC 26771.361: [ParNew: 2300469K->96732K(2534400K), 0.0430970 secs] 6787717K->4585615K(10982400K), 0.0437450 secs] [Times: user=0.55 sys=0.00, real=0.04 secs] 
26772.498: [GC 26772.498: [ParNew: 2349532K->73225K(2534400K), 0.0323800 secs] 6838415K->4563494K(10982400K), 0.0330380 secs] [Times: user=0.32 sys=0.00, real=0.03 secs] 
26773.950: [GC 26773.950: [ParNew: 2326025K->66983K(2534400K), 0.0504810 secs] 6816294K->4570995K(10982400K), 0.0512360 secs] [Times: user=0.46 sys=0.00, real=0.05 secs] 
26775.757: [GC 26775.758: [ParNew: 2319783K->68686K(2534400K), 0.0400180 secs] 6823795K->4573506K(10982400K), 0.0406880 secs] [Times: user=0.42 sys=0.00, real=0.05 secs] 
26777.096: [GC 26777.096: [ParNew: 2321486K->49973K(2534400K), 0.0328830 secs] 6826306K->4555292K(10982400K), 0.0336290 secs] [Times: user=0.23 sys=0.00, real=0.04 secs] 
26778.668: [GC 26778.668: [ParNew: 2302773K->43086K(2534400K), 0.0380350 secs] 6808092K->4548818K(10982400K), 0.0387900 secs] [Times: user=0.36 sys=0.00, real=0.04 secs] 
26780.825: [GC 26780.825: [ParNew: 2295886K->47793K(2534400K), 0.0387260 secs] 6801618K->4554095K(10982400K), 0.0394090 secs] [Times: user=0.34 sys=0.00, real=0.04 secs] 
26782.784: [GC 26782.785: [ParNew: 2300593K->97025K(2534400K), 0.0556200 secs] 6806895K->4605202K(10982400K), 0.0562940 secs] [Times: user=0.56 sys=0.00, real=0.06 secs] 
26784.711: [GC 26784.712: [ParNew: 2349825K->88520K(2534400K), 0.0620920 secs] 6858002K->4598226K(10982400K), 0.0627550 secs] [Times: user=0.36 sys=0.01, real=0.06 secs] 
26786.881: [GC 26786.881: [ParNew: 2341320K->62050K(2534400K), 0.0637770 secs] 6851026K->4572416K(10982400K), 0.0644500 secs] [Times: user=0.38 sys=0.00, real=0.06 secs] 
26789.051: [GC 26789.051: [ParNew: 2314850K->97034K(2534400K), 0.0715800 secs] 6825216K->4609340K(10982400K), 0.0722540 secs] [Times: user=0.48 sys=0.00, real=0.07 secs] 
26790.134: [GC 26790.134: [ParNew: 2349834K->59277K(2534400K), 0.0428540 secs] 6862140K->4573550K(10982400K), 0.0436600 secs] [Times: user=0.37 sys=0.00, real=0.04 secs] 
26791.801: [GC 26791.801: [ParNew: 2312077K->109700K(2534400K), 0.0489120 secs] 6826350K->4625296K(10982400K), 0.0495770 secs] [Times: user=0.65 sys=0.00, real=0.05 secs] 
26792.853: [GC 26792.854: [ParNew: 2362500K->141321K(2534400K), 0.0466390 secs] 6878096K->4660784K(10982400K), 0.0474030 secs] [Times: user=0.66 sys=0.00, real=0.05 secs] 
26794.453: [GC 26794.453: [ParNew: 2394121K->131313K(2534400K), 0.0693070 secs] 6913584K->4652639K(10982400K), 0.0699630 secs] [Times: user=0.40 sys=0.00, real=0.07 secs] 
26795.649: [GC 26795.649: [ParNew: 2384113K->72491K(2534400K), 0.0655230 secs] 6905439K->4599933K(10982400K), 0.0661900 secs] [Times: user=0.37 sys=0.01, real=0.07 secs] 
26796.679: [GC 26796.679: [ParNew: 2325291K->68485K(2534400K), 0.0465940 secs] 6852733K->4597184K(10982400K), 0.0472490 secs] [Times: user=0.35 sys=0.01, real=0.05 secs] 
26797.485: [GC 26797.485: [ParNew: 2321285K->77993K(2534400K), 0.0427050 secs] 6849984K->4608707K(10982400K), 0.0433580 secs] [Times: user=0.37 sys=0.01, real=0.04 secs] 
26798.576: [GC 26798.576: [ParNew: 2330793K->61284K(2534400K), 0.0479290 secs] 6861507K->4594070K(10982400K), 0.0485860 secs] [Times: user=0.32 sys=0.00, real=0.05 secs] 
26800.485: [GC 26800.485: [ParNew: 2314084K->75225K(2534400K), 0.0599480 secs] 6846870K->4613001K(10982400K), 0.0607030 secs] [Times: user=0.49 sys=0.01, real=0.06 secs] 
26802.017: [GC 26802.017: [ParNew: 2328025K->47903K(2534400K), 0.0335360 secs] 6865801K->4586302K(10982400K), 0.0342050 secs] [Times: user=0.29 sys=0.00, real=0.03 secs] 
26803.958: [GC 26803.958: [ParNew: 2300703K->85751K(2534400K), 0.0512710 secs] 6839102K->4625211K(10982400K), 0.0520470 secs] [Times: user=0.57 sys=0.00, real=0.05 secs] 
26806.480: [GC 26806.480: [ParNew: 2338551K->67148K(2534400K), 0.0440330 secs] 6878011K->4607028K(10982400K), 0.0447140 secs] [Times: user=0.30 sys=0.00, real=0.05 secs] 
26808.392: [GC 26808.392: [ParNew: 2319948K->81760K(2534400K), 0.0468320 secs] 6859828K->4622658K(10982400K), 0.0475190 secs] [Times: user=0.52 sys=0.00, real=0.05 secs] 
26809.682: [GC 26809.682: [ParNew: 2334560K->120098K(2534400K), 0.0467300 secs] 6875458K->4661436K(10982400K), 0.0474820 secs] [Times: user=0.60 sys=0.00, real=0.05 secs] 
26811.372: [GC 26811.372: [ParNew: 2372898K->83700K(2534400K), 0.0423780 secs] 6914236K->4625795K(10982400K), 0.0430490 secs] [Times: user=0.45 sys=0.01, real=0.05 secs] 
26812.740: [GC 26812.741: [ParNew: 2336500K->81777K(2534400K), 0.0437610 secs] 6878595K->4625632K(10982400K), 0.0444940 secs] [Times: user=0.45 sys=0.00, real=0.05 secs] 
26814.087: [GC 26814.087: [ParNew: 2334577K->78976K(2534400K), 0.0453260 secs] 6878432K->4624819K(10982400K), 0.0460740 secs] [Times: user=0.44 sys=0.00, real=0.04 secs] 
26817.265: [GC 26817.265: [ParNew: 2331776K->62687K(2534400K), 0.0511230 secs] 6877619K->4609155K(10982400K), 0.0518290 secs] [Times: user=0.37 sys=0.00, real=0.05 secs] 
26819.569: [GC 26819.570: [ParNew: 2315487K->35361K(2534400K), 0.0479600 secs] 6861955K->4585826K(10982400K), 0.0487400 secs] [Times: user=0.28 sys=0.00, real=0.05 secs] 
26822.418: [GC 26822.418: [ParNew: 2288149K->41965K(2534400K), 0.0471940 secs] 6838613K->4593064K(10982400K), 0.0478810 secs] [Times: user=0.33 sys=0.00, real=0.05 secs] 
26824.655: [GC 26824.655: [ParNew: 2294768K->64008K(2534400K), 0.0447600 secs] 6845867K->4615826K(10982400K), 0.0454500 secs] [Times: user=0.43 sys=0.00, real=0.05 secs] 
26824.704: [GC 26824.704: [ParNew: 65423K->74395K(2534400K), 0.0208720 secs] 4617241K->4628373K(10982400K), 0.0214130 secs] [Times: user=0.39 sys=0.00, real=0.02 secs] 
26826.991: [GC 26826.992: [ParNew: 2327195K->63379K(2534400K), 0.0462270 secs] 6881173K->4618372K(10982400K), 0.0470410 secs] [Times: user=0.37 sys=0.00, real=0.05 secs] 
26829.239: [GC 26829.239: [ParNew: 2316145K->52502K(2534400K), 0.0431100 secs] 6871138K->4609561K(10982400K), 0.0437950 secs] [Times: user=0.34 sys=0.00, real=0.04 secs] 
26830.905: [GC 26830.906: [ParNew: 2305302K->87562K(2534400K), 0.0470620 secs] 6862361K->4645541K(10982400K), 0.0478560 secs] [Times: user=0.56 sys=0.00, real=0.05 secs] 
26833.194: [GC 26833.194: [ParNew: 2340362K->69775K(2534400K), 0.0468940 secs] 6898341K->4627754K(10982400K), 0.0476810 secs] [Times: user=0.34 sys=0.00, real=0.05 secs] 
26835.820: [GC 26835.820: [ParNew: 2322575K->46236K(2534400K), 0.0456220 secs] 6880554K->4605178K(10982400K), 0.0463950 secs] [Times: user=0.33 sys=0.00, real=0.04 secs] 
26838.552: [GC 26838.552: [ParNew: 2299036K->36809K(2534400K), 0.0466930 secs] 6857978K->4596771K(10982400K), 0.0473970 secs] [Times: user=0.31 sys=0.00, real=0.05 secs] 
26841.718: [GC 26841.718: [ParNew: 2289609K->28596K(2534400K), 0.0518600 secs] 6849571K->4591888K(10982400K), 0.0526440 secs] [Times: user=0.28 sys=0.00, real=0.05 secs] 
26843.800: [GC 26843.800: [ParNew: 2281396K->26124K(2534400K), 0.0442550 secs] 6844688K->4589944K(10982400K), 0.0450170 secs] [Times: user=0.32 sys=0.01, real=0.04 secs] 
26846.550: [GC 26846.550: [ParNew: 2278924K->29059K(2534400K), 0.0482150 secs] 6842744K->4594603K(10982400K), 0.0490110 secs] [Times: user=0.32 sys=0.01, real=0.05 secs] 
26849.839: [GC 26849.839: [ParNew: 2281859K->32402K(2534400K), 0.0559070 secs] 6847403K->4599202K(10982400K), 0.0566310 secs] [Times: user=0.39 sys=0.00, real=0.05 secs] 
26852.598: [GC 26852.599: [ParNew: 2285202K->56407K(2534400K), 0.0456340 secs] 6852002K->4624111K(10982400K), 0.0464410 secs] [Times: user=0.36 sys=0.00, real=0.05 secs] 
26854.639: [GC 26854.640: [ParNew: 2309207K->75067K(2534400K), 0.0476940 secs] 6876911K->4643813K(10982400K), 0.0484720 secs] [Times: user=0.44 sys=0.00, real=0.05 secs] 
26857.254: [GC 26857.254: [ParNew: 2327867K->56475K(2534400K), 0.0501570 secs] 6896613K->4629186K(10982400K), 0.0508430 secs] [Times: user=0.36 sys=0.01, real=0.05 secs] 
26859.661: [GC 26859.662: [ParNew: 2309275K->34955K(2534400K), 0.0425860 secs] 6881986K->4610261K(10982400K), 0.0432600 secs] [Times: user=0.35 sys=0.00, real=0.04 secs] 
26862.837: [GC 26862.838: [ParNew: 2287755K->40749K(2534400K), 0.0551900 secs] 6863061K->4618735K(10982400K), 0.0558640 secs] [Times: user=0.34 sys=0.00, real=0.06 secs] 
26865.659: [GC 26865.660: [ParNew: 2293549K->33831K(2534400K), 0.0496360 secs] 6871535K->4612920K(10982400K), 0.0504180 secs] [Times: user=0.33 sys=0.01, real=0.05 secs] 
26867.951: [GC 26867.951: [ParNew: 2286631K->37699K(2534400K), 0.0505900 secs] 6865720K->4618333K(10982400K), 0.0513680 secs] [Times: user=0.34 sys=0.00, real=0.06 secs] 
26870.621: [GC 26870.621: [ParNew: 2290499K->32222K(2534400K), 0.0444760 secs] 6871133K->4614018K(10982400K), 0.0451590 secs] [Times: user=0.31 sys=0.00, real=0.05 secs] 
26872.627: [GC 26872.627: [ParNew: 2285022K->62759K(2534400K), 0.0495010 secs] 6866818K->4645365K(10982400K), 0.0501860 secs] [Times: user=0.43 sys=0.00, real=0.05 secs] 
26874.757: [GC 26874.757: [ParNew: 2315559K->48639K(2534400K), 0.0537230 secs] 6898165K->4633180K(10982400K), 0.0544050 secs] [Times: user=0.36 sys=0.00, real=0.05 secs] 
26877.275: [GC 26877.275: [ParNew: 2301439K->76633K(2534400K), 0.0491650 secs] 6885980K->4662767K(10982400K), 0.0498430 secs] [Times: user=0.45 sys=0.00, real=0.05 secs] 
26879.671: [GC 26879.671: [ParNew: 2329433K->82421K(2534400K), 0.0509680 secs] 6915567K->4669803K(10982400K), 0.0517570 secs] [Times: user=0.38 sys=0.01, real=0.05 secs] 
26882.077: [GC 26882.078: [ParNew: 2335221K->64924K(2534400K), 0.0501800 secs] 6922603K->4653945K(10982400K), 0.0509780 secs] [Times: user=0.37 sys=0.00, real=0.05 secs] 
26884.077: [GC 26884.077: [ParNew: 2317724K->47514K(2534400K), 0.0427400 secs] 6906745K->4637351K(10982400K), 0.0434910 secs] [Times: user=0.25 sys=0.00, real=0.04 secs] 
26885.513: [GC 26885.513: [ParNew: 2300314K->30379K(2534400K), 0.0387500 secs] 6890151K->4621512K(10982400K), 0.0394960 secs] [Times: user=0.27 sys=0.00, real=0.04 secs] 
26887.010: [GC 26887.010: [ParNew: 2283179K->54997K(2534400K), 0.0425210 secs] 6874312K->4647917K(10982400K), 0.0432970 secs] [Times: user=0.36 sys=0.01, real=0.04 secs] 
26888.698: [GC 26888.699: [ParNew: 2307797K->49563K(2534400K), 0.0489810 secs] 6900717K->4645320K(10982400K), 0.0497670 secs] [Times: user=0.37 sys=0.00, real=0.05 secs] 
26890.331: [GC 26890.331: [ParNew: 2302363K->130094K(2534400K), 0.0594220 secs] 6898120K->4726886K(10982400K), 0.0601020 secs] [Times: user=0.75 sys=0.01, real=0.06 secs] 
26891.221: [GC 26891.222: [ParNew: 2382894K->98940K(2534400K), 0.0375760 secs] 6979686K->4696484K(10982400K), 0.0383130 secs] [Times: user=0.34 sys=0.00, real=0.04 secs] 
26892.412: [GC 26892.412: [ParNew: 2351740K->49313K(2534400K), 0.0477910 secs] 6949284K->4654016K(10982400K), 0.0485280 secs] [Times: user=0.37 sys=0.00, real=0.05 secs] 
26893.489: [GC 26893.490: [ParNew: 2302113K->56103K(2534400K), 0.0474580 secs] 6906816K->4666431K(10982400K), 0.0482150 secs] [Times: user=0.41 sys=0.01, real=0.05 secs] 
26894.241: [GC 26894.241: [ParNew: 2308903K->73200K(2534400K), 0.0398730 secs] 6919231K->4687212K(10982400K), 0.0406170 secs] [Times: user=0.44 sys=0.01, real=0.04 secs] 
26895.593: [GC 26895.593: [ParNew: 2326000K->84411K(2534400K), 0.0690390 secs] 6940012K->4699273K(10982400K), 0.0697470 secs] [Times: user=0.34 sys=0.00, real=0.07 secs] 
26897.664: [GC 26897.665: [ParNew: 2337211K->68621K(2534400K), 0.0608050 secs] 6952073K->4684161K(10982400K), 0.0615900 secs] [Times: user=0.39 sys=0.00, real=0.06 secs] 
26899.160: [GC 26899.161: [ParNew: 2321421K->78366K(2534400K), 0.0410590 secs] 6936961K->4694342K(10982400K), 0.0418030 secs] [Times: user=0.45 sys=0.01, real=0.04 secs] 
26901.292: [GC 26901.292: [ParNew: 2331166K->66292K(2534400K), 0.0485250 secs] 6947142K->4682608K(10982400K), 0.0492730 secs] [Times: user=0.39 sys=0.00, real=0.05 secs] 
26903.690: [GC 26903.691: [ParNew: 2319092K->50476K(2534400K), 0.0404860 secs] 6935408K->4667878K(10982400K), 0.0411570 secs] [Times: user=0.31 sys=0.00, real=0.04 secs] 
26906.486: [GC 26906.486: [ParNew: 2303270K->52954K(2534400K), 0.0483980 secs] 6920672K->4671862K(10982400K), 0.0491800 secs] [Times: user=0.35 sys=0.00, real=0.05 secs] 
26908.212: [GC 26908.212: [ParNew: 2305754K->56712K(2534400K), 0.0385160 secs] 6924662K->4676176K(10982400K), 0.0391920 secs] [Times: user=0.35 sys=0.00, real=0.04 secs] 
26911.109: [GC 26911.109: [ParNew: 2309512K->73887K(2534400K), 0.0537160 secs] 6928976K->4694197K(10982400K), 0.0544040 secs] [Times: user=0.50 sys=0.00, real=0.05 secs] 
26914.015: [GC 26914.015: [ParNew: 2326687K->54958K(2534400K), 0.0520690 secs] 6946997K->4676891K(10982400K), 0.0528600 secs] [Times: user=0.36 sys=0.00, real=0.05 secs] 
26916.474: [GC 26916.475: [ParNew: 2307758K->68583K(2534400K), 0.0502670 secs] 6929691K->4692567K(10982400K), 0.0509570 secs] [Times: user=0.47 sys=0.00, real=0.05 secs] 
26918.541: [GC 26918.542: [ParNew: 2321383K->57720K(2534400K), 0.0422520 secs] 6945367K->4682473K(10982400K), 0.0429210 secs] [Times: user=0.34 sys=0.00, real=0.04 secs] 
26919.959: [GC 26919.959: [ParNew: 2310520K->55707K(2534400K), 0.0367070 secs] 6935273K->4682796K(10982400K), 0.0373750 secs] [Times: user=0.28 sys=0.00, real=0.04 secs] 
26921.957: [GC 26921.958: [ParNew: 2308507K->78673K(2534400K), 0.0478280 secs] 6935596K->4708083K(10982400K), 0.0486270 secs] [Times: user=0.50 sys=0.00, real=0.05 secs] 
26924.134: [GC 26924.134: [ParNew: 2331473K->60624K(2534400K), 0.0449310 secs] 6960883K->4691991K(10982400K), 0.0456050 secs] [Times: user=0.38 sys=0.00, real=0.04 secs] 
26925.663: [GC 26925.664: [ParNew: 2313424K->65971K(2534400K), 0.0545450 secs] 6944791K->4708374K(10982400K), 0.0552260 secs] [Times: user=0.49 sys=0.01, real=0.05 secs] 
26928.938: [GC 26928.938: [ParNew: 2318771K->50687K(2534400K), 0.0479190 secs] 6961174K->4693592K(10982400K), 0.0486450 secs] [Times: user=0.30 sys=0.00, real=0.05 secs] 
26931.574: [GC 26931.575: [ParNew: 2303487K->27856K(2534400K), 0.0439830 secs] 6946392K->4671330K(10982400K), 0.0447810 secs] [Times: user=0.29 sys=0.00, real=0.04 secs] 
26933.862: [GC 26933.862: [ParNew: 2280656K->89108K(2534400K), 0.0584500 secs] 6924130K->4733886K(10982400K), 0.0592260 secs] [Times: user=0.48 sys=0.00, real=0.05 secs] 
26935.473: [GC 26935.474: [ParNew: 2341908K->82210K(2534400K), 0.0652570 secs] 6986686K->4727978K(10982400K), 0.0662270 secs] [Times: user=0.54 sys=0.01, real=0.06 secs] 
26937.503: [GC 26937.503: [ParNew: 2335010K->40969K(2534400K), 0.0466550 secs] 6980778K->4688418K(10982400K), 0.0473940 secs] [Times: user=0.35 sys=0.01, real=0.05 secs] 
26939.014: [GC 26939.014: [ParNew: 2293769K->97645K(2534400K), 0.0504150 secs] 6941218K->4745720K(10982400K), 0.0510800 secs] [Times: user=0.65 sys=0.00, real=0.05 secs] 
26939.815: [GC 26939.815: [ParNew: 2350445K->140504K(2534400K), 0.0414760 secs] 6998520K->4790303K(10982400K), 0.0421280 secs] [Times: user=0.62 sys=0.01, real=0.04 secs] 
26941.636: [GC 26941.636: [ParNew: 2393304K->104538K(2534400K), 0.0445390 secs] 7043103K->4755832K(10982400K), 0.0452170 secs] [Times: user=0.38 sys=0.00, real=0.04 secs] 
26943.028: [GC 26943.028: [ParNew: 2357338K->104859K(2534400K), 0.0426210 secs] 7008632K->4757000K(10982400K), 0.0433780 secs] [Times: user=0.58 sys=0.00, real=0.04 secs] 
26944.823: [GC 26944.824: [ParNew: 2357659K->125107K(2534400K), 0.0525630 secs] 7009800K->4778985K(10982400K), 0.0532310 secs] [Times: user=0.65 sys=0.01, real=0.06 secs] 
26946.515: [GC 26946.515: [ParNew: 2377907K->88959K(2534400K), 0.0407250 secs] 7031785K->4746630K(10982400K), 0.0414980 secs] [Times: user=0.39 sys=0.00, real=0.04 secs] 
26948.452: [GC 26948.452: [ParNew: 2341759K->73900K(2534400K), 0.0452360 secs] 6999430K->4737885K(10982400K), 0.0459210 secs] [Times: user=0.44 sys=0.01, real=0.05 secs] 
26950.308: [GC 26950.308: [ParNew: 2326700K->57396K(2534400K), 0.0487390 secs] 6990685K->4733246K(10982400K), 0.0495060 secs] [Times: user=0.34 sys=0.00, real=0.05 secs] 
26952.161: [GC 26952.161: [ParNew: 2310187K->61726K(2534400K), 0.0423040 secs] 6986038K->4741648K(10982400K), 0.0430850 secs] [Times: user=0.40 sys=0.01, real=0.04 secs] 
26954.204: [GC 26954.204: [ParNew: 2314526K->56382K(2534400K), 0.0417240 secs] 6994448K->4738800K(10982400K), 0.0424830 secs] [Times: user=0.34 sys=0.00, real=0.05 secs] 
26957.158: [GC 26957.159: [ParNew: 2309182K->63081K(2534400K), 0.0515580 secs] 6991600K->4746879K(10982400K), 0.0523310 secs] [Times: user=0.35 sys=0.00, real=0.05 secs] 
26959.935: [GC 26959.936: [ParNew: 2315881K->50449K(2534400K), 0.0515550 secs] 6999679K->4735756K(10982400K), 0.0523370 secs] [Times: user=0.37 sys=0.00, real=0.06 secs] 
26962.475: [GC 26962.476: [ParNew: 2303249K->56150K(2534400K), 0.0460180 secs] 6988556K->4741907K(10982400K), 0.0467080 secs] [Times: user=0.41 sys=0.00, real=0.05 secs] 
26964.892: [GC 26964.892: [ParNew: 2308950K->43160K(2534400K), 0.0501210 secs] 6994707K->4730423K(10982400K), 0.0508550 secs] [Times: user=0.36 sys=0.00, real=0.05 secs] 
26964.945: [GC 26964.946: [ParNew: 43290K->32765K(2534400K), 0.0151180 secs] 4730553K->4721153K(10982400K), 0.0156380 secs] [Times: user=0.27 sys=0.01, real=0.02 secs] 
26967.422: [GC 26967.422: [ParNew: 2285565K->40761K(2534400K), 0.0423920 secs] 6973953K->4731655K(10982400K), 0.0430960 secs] [Times: user=0.28 sys=0.01, real=0.04 secs] 
26970.772: [GC 26970.773: [ParNew: 2293561K->39226K(2534400K), 0.0488030 secs] 6984455K->4731009K(10982400K), 0.0496050 secs] [Times: user=0.27 sys=0.00, real=0.05 secs] 
26974.351: [GC 26974.351: [ParNew: 2292026K->34516K(2534400K), 0.0554920 secs] 6983809K->4727032K(10982400K), 0.0562710 secs] [Times: user=0.34 sys=0.00, real=0.05 secs] 
26976.744: [GC 26976.745: [ParNew: 2287316K->30034K(2534400K), 0.0433950 secs] 6979832K->4722550K(10982400K), 0.0441950 secs] [Times: user=0.30 sys=0.01, real=0.05 secs] 
26978.851: [GC 26978.851: [ParNew: 2282834K->34715K(2534400K), 0.0431060 secs] 6975350K->4728258K(10982400K), 0.0438300 secs] [Times: user=0.31 sys=0.00, real=0.04 secs] 
26981.072: [GC 26981.073: [ParNew: 2287515K->52558K(2534400K), 0.0512170 secs] 6981058K->4747528K(10982400K), 0.0519880 secs] [Times: user=0.34 sys=0.00, real=0.05 secs] 
26983.518: [GC 26983.519: [ParNew: 2305358K->70730K(2534400K), 0.0462230 secs] 7000328K->4766905K(10982400K), 0.0469760 secs] [Times: user=0.38 sys=0.00, real=0.05 secs] 
26986.025: [GC 26986.026: [ParNew: 2323530K->51464K(2534400K), 0.0451130 secs] 7019705K->4748852K(10982400K), 0.0458030 secs] [Times: user=0.34 sys=0.01, real=0.05 secs] 
26988.386: [GC 26988.386: [ParNew: 2304264K->55899K(2534400K), 0.0494200 secs] 7001652K->4760082K(10982400K), 0.0500900 secs] [Times: user=0.40 sys=0.00, real=0.05 secs] 
26991.014: [GC 26991.014: [ParNew: 2308699K->45988K(2534400K), 0.0438950 secs] 7012882K->4751609K(10982400K), 0.0445900 secs] [Times: user=0.33 sys=0.01, real=0.04 secs] 
26994.050: [GC 26994.050: [ParNew: 2298788K->47337K(2534400K), 0.0496410 secs] 7004409K->4753619K(10982400K), 0.0504300 secs] [Times: user=0.28 sys=0.00, real=0.06 secs] 
26996.297: [GC 26996.297: [ParNew: 2300137K->46678K(2534400K), 0.0463990 secs] 7006419K->4754498K(10982400K), 0.0471910 secs] [Times: user=0.37 sys=0.00, real=0.05 secs] 
26998.583: [GC 26998.583: [ParNew: 2299478K->111356K(2534400K), 0.0703820 secs] 7007298K->4820928K(10982400K), 0.0710550 secs] [Times: user=0.49 sys=0.01, real=0.07 secs] 
27000.245: [GC 27000.245: [ParNew: 2364156K->62797K(2534400K), 0.0441240 secs] 7073728K->4773952K(10982400K), 0.0447940 secs] [Times: user=0.30 sys=0.01, real=0.04 secs] 
27002.406: [GC 27002.407: [ParNew: 2315597K->121860K(2534400K), 0.0645940 secs] 7026752K->4834120K(10982400K), 0.0653410 secs] [Times: user=0.83 sys=0.00, real=0.06 secs] 
27004.494: [GC 27004.494: [ParNew: 2374660K->92339K(2534400K), 0.0485720 secs] 7086920K->4806305K(10982400K), 0.0492520 secs] [Times: user=0.47 sys=0.00, real=0.05 secs] 
27007.336: [GC 27007.336: [ParNew: 2345139K->72935K(2534400K), 0.0467820 secs] 7059105K->4788081K(10982400K), 0.0475160 secs] [Times: user=0.34 sys=0.00, real=0.05 secs] 
27009.631: [GC 27009.632: [ParNew: 2325735K->81950K(2534400K), 0.0524730 secs] 7040881K->4797809K(10982400K), 0.0532630 secs] [Times: user=0.52 sys=0.00, real=0.06 secs] 
27012.401: [GC 27012.402: [ParNew: 2334750K->75330K(2534400K), 0.0512310 secs] 7050609K->4791741K(10982400K), 0.0520240 secs] [Times: user=0.37 sys=0.00, real=0.05 secs] 
27015.432: [GC 27015.432: [ParNew: 2328130K->148875K(2534400K), 0.0622450 secs] 7044541K->4866368K(10982400K), 0.0630460 secs] [Times: user=0.65 sys=0.00, real=0.07 secs] 
27017.504: [GC 27017.505: [ParNew: 2401675K->139228K(2534400K), 0.0470450 secs] 7119168K->4857792K(10982400K), 0.0477370 secs] [Times: user=0.42 sys=0.00, real=0.05 secs] 
27020.353: [GC 27020.353: [ParNew: 2392028K->170629K(2534400K), 0.0615410 secs] 7110592K->4891409K(10982400K), 0.0622330 secs] [Times: user=0.69 sys=0.01, real=0.07 secs] 
27022.752: [GC 27022.753: [ParNew: 2423429K->176098K(2534400K), 0.0766130 secs] 7144209K->4925277K(10982400K), 0.0774240 secs] [Times: user=0.79 sys=0.01, real=0.08 secs] 
27025.083: [GC 27025.084: [ParNew: 2428898K->119690K(2534400K), 0.0656490 secs] 7178077K->4903909K(10982400K), 0.0664400 secs] [Times: user=0.48 sys=0.01, real=0.07 secs] 
27027.442: [GC 27027.442: [ParNew: 2372490K->79031K(2534400K), 0.0519890 secs] 7156709K->4864028K(10982400K), 0.0527910 secs] [Times: user=0.47 sys=0.01, real=0.05 secs] 
27030.080: [GC 27030.080: [ParNew: 2331831K->58813K(2534400K), 0.0476570 secs] 7116828K->4845644K(10982400K), 0.0484040 secs] [Times: user=0.33 sys=0.01, real=0.05 secs] 
27032.644: [GC 27032.644: [ParNew: 2311613K->39284K(2534400K), 0.0535900 secs] 7098444K->4837831K(10982400K), 0.0543610 secs] [Times: user=0.30 sys=0.01, real=0.06 secs] 
27035.148: [GC 27035.148: [ParNew: 2292084K->53172K(2534400K), 0.0650100 secs] 7090631K->4853787K(10982400K), 0.0658010 secs] [Times: user=0.33 sys=0.00, real=0.06 secs] 
27036.654: [GC 27036.654: [ParNew: 2305972K->40865K(2534400K), 0.0451830 secs] 7106587K->4843668K(10982400K), 0.0458670 secs] [Times: user=0.36 sys=0.00, real=0.05 secs] 
27039.389: [GC 27039.389: [ParNew: 2293665K->49005K(2534400K), 0.0450450 secs] 7096468K->4852623K(10982400K), 0.0457330 secs] [Times: user=0.34 sys=0.00, real=0.04 secs] 
27041.600: [GC 27041.600: [ParNew: 2301805K->35500K(2534400K), 0.0418500 secs] 7105423K->4842619K(10982400K), 0.0425430 secs] [Times: user=0.25 sys=0.00, real=0.04 secs] 
27044.134: [GC 27044.134: [ParNew: 2288300K->54753K(2534400K), 0.0456840 secs] 7095419K->4862960K(10982400K), 0.0463660 secs] [Times: user=0.40 sys=0.00, real=0.05 secs] 
27046.555: [GC 27046.555: [ParNew: 2307553K->48032K(2534400K), 0.0478500 secs] 7115760K->4856749K(10982400K), 0.0486450 secs] [Times: user=0.28 sys=0.00, real=0.05 secs] 
27048.250: [GC 27048.251: [ParNew: 2300832K->46100K(2534400K), 0.0483700 secs] 7109549K->4856610K(10982400K), 0.0490830 secs] [Times: user=0.33 sys=0.00, real=0.05 secs] 
27050.719: [GC 27050.719: [ParNew: 2298900K->29422K(2534400K), 0.0438260 secs] 7109410K->4841154K(10982400K), 0.0445030 secs] [Times: user=0.34 sys=0.00, real=0.05 secs] 
27053.181: [GC 27053.181: [ParNew: 2282222K->35709K(2534400K), 0.0474260 secs] 7093954K->4848407K(10982400K), 0.0481120 secs] [Times: user=0.31 sys=0.00, real=0.04 secs] 
27055.046: [GC 27055.047: [ParNew: 2288509K->89949K(2534400K), 0.0877000 secs] 7101207K->4904155K(10982400K), 0.0885090 secs] [Times: user=0.40 sys=0.00, real=0.09 secs] 
27056.640: [GC 27056.640: [ParNew: 2342749K->76313K(2534400K), 0.0763400 secs] 7156955K->4892738K(10982400K), 0.0770140 secs] [Times: user=0.33 sys=0.01, real=0.08 secs] 
27059.155: [GC 27059.156: [ParNew: 2329113K->64787K(2534400K), 0.0582950 secs] 7145538K->4882534K(10982400K), 0.0590140 secs] [Times: user=0.37 sys=0.01, real=0.06 secs] 
27061.180: [GC 27061.180: [ParNew: 2317598K->46768K(2534400K), 0.0392750 secs] 7135345K->4865252K(10982400K), 0.0399360 secs] [Times: user=0.31 sys=0.00, real=0.04 secs] 
27061.222: [GC 27061.222: [ParNew: 47181K->50934K(2534400K), 0.0156990 secs] 4865666K->4870237K(10982400K), 0.0161540 secs] [Times: user=0.30 sys=0.00, real=0.01 secs] 
27063.342: [GC 27063.342: [ParNew: 2303734K->58596K(2534400K), 0.0581450 secs] 7123037K->4878843K(10982400K), 0.0589640 secs] [Times: user=0.33 sys=0.00, real=0.06 secs] 
27065.022: [GC 27065.023: [ParNew: 2311396K->116853K(2534400K), 0.0963210 secs] 7131643K->4940711K(10982400K), 0.0970170 secs] [Times: user=0.50 sys=0.01, real=0.09 secs] 
27066.973: [GC 27066.973: [ParNew: 2369653K->53885K(2534400K), 0.0518170 secs] 7193511K->4878488K(10982400K), 0.0525270 secs] [Times: user=0.38 sys=0.01, real=0.05 secs] 
27068.709: [GC 27068.709: [ParNew: 2306685K->84347K(2534400K), 0.0565650 secs] 7131288K->4908950K(10982400K), 0.0574810 secs] [Times: user=0.70 sys=0.00, real=0.06 secs] 
27070.928: [GC 27070.928: [ParNew: 2337147K->64308K(2534400K), 0.0405110 secs] 7161750K->4889711K(10982400K), 0.0412750 secs] [Times: user=0.29 sys=0.00, real=0.04 secs] 
27074.267: [GC 27074.268: [ParNew: 2317108K->63962K(2534400K), 0.0497760 secs] 7142511K->4890764K(10982400K), 0.0504550 secs] [Times: user=0.40 sys=0.01, real=0.05 secs] 
27076.288: [GC 27076.288: [ParNew: 2316720K->49951K(2534400K), 0.0411870 secs] 7143523K->4881350K(10982400K), 0.0419010 secs] [Times: user=0.26 sys=0.01, real=0.04 secs] 
27078.494: [GC 27078.495: [ParNew: 2302751K->89606K(2534400K), 0.0552070 secs] 7134150K->4922432K(10982400K), 0.0559860 secs] [Times: user=0.59 sys=0.00, real=0.05 secs] 
27080.097: [GC 27080.098: [ParNew: 2342406K->135371K(2534400K), 0.0507080 secs] 7175232K->4969616K(10982400K), 0.0513920 secs] [Times: user=0.71 sys=0.00, real=0.05 secs] 
27081.655: [GC 27081.655: [ParNew: 2388171K->99274K(2534400K), 0.0370210 secs] 7222416K->4934442K(10982400K), 0.0377010 secs] [Times: user=0.32 sys=0.00, real=0.03 secs] 
27083.284: [GC 27083.285: [ParNew: 2352074K->39401K(2534400K), 0.0422580 secs] 7187242K->4875738K(10982400K), 0.0431170 secs] [Times: user=0.36 sys=0.00, real=0.05 secs] 
27084.793: [GC 27084.793: [ParNew: 2292201K->48822K(2534400K), 0.0355250 secs] 7128538K->4887068K(10982400K), 0.0361970 secs] [Times: user=0.34 sys=0.00, real=0.04 secs] 
27086.359: [GC 27086.359: [ParNew: 2301622K->45234K(2534400K), 0.0389510 secs] 7139868K->4884481K(10982400K), 0.0396320 secs] [Times: user=0.37 sys=0.00, real=0.04 secs] 
27087.775: [GC 27087.775: [ParNew: 2298034K->68433K(2534400K), 0.0381240 secs] 7137281K->4908724K(10982400K), 0.0388060 secs] [Times: user=0.46 sys=0.01, real=0.04 secs] 
27089.039: [GC 27089.039: [ParNew: 2321233K->82206K(2534400K), 0.0368340 secs] 7161524K->4923152K(10982400K), 0.0375190 secs] [Times: user=0.42 sys=0.00, real=0.04 secs] 
27090.711: [GC 27090.711: [ParNew: 2335006K->54486K(2534400K), 0.0349830 secs] 7175952K->4896278K(10982400K), 0.0356770 secs] [Times: user=0.31 sys=0.00, real=0.04 secs] 
27092.732: [GC 27092.733: [ParNew: 2307286K->96451K(2534400K), 0.0501080 secs] 7149078K->4940920K(10982400K), 0.0508910 secs] [Times: user=0.55 sys=0.00, real=0.05 secs] 
27095.334: [GC 27095.335: [ParNew: 2349251K->96288K(2534400K), 0.0473800 secs] 7193720K->4942471K(10982400K), 0.0481750 secs] [Times: user=0.37 sys=0.00, real=0.05 secs] 
27098.449: [GC 27098.450: [ParNew: 2349088K->93417K(2534400K), 0.0527220 secs] 7195271K->4940552K(10982400K), 0.0535400 secs] [Times: user=0.42 sys=0.00, real=0.05 secs] 
27100.750: [GC 27100.751: [ParNew: 2346217K->121403K(2534400K), 0.0444100 secs] 7193352K->4971493K(10982400K), 0.0452190 secs] [Times: user=0.43 sys=0.00, real=0.04 secs] 
27101.494: [GC 27101.495: [ParNew: 2374203K->80922K(2534400K), 0.0369110 secs] 7224293K->4962961K(10982400K), 0.0375880 secs] [Times: user=0.30 sys=0.00, real=0.04 secs] 
27103.566: [GC 27103.567: [ParNew: 2333722K->43673K(2534400K), 0.0430080 secs] 7215761K->4930926K(10982400K), 0.0438190 secs] [Times: user=0.34 sys=0.01, real=0.05 secs] 
27106.186: [GC 27106.186: [ParNew: 2296473K->91001K(2534400K), 0.0575600 secs] 7183726K->4980915K(10982400K), 0.0583560 secs] [Times: user=0.60 sys=0.01, real=0.06 secs] 
27107.980: [GC 27107.980: [ParNew: 2343801K->99452K(2534400K), 0.0455260 secs] 7233715K->4990816K(10982400K), 0.0460960 secs] [Times: user=0.54 sys=0.00, real=0.04 secs] 
27110.784: [GC 27110.784: [ParNew: 2352252K->72560K(2534400K), 0.0451510 secs] 7243616K->4964189K(10982400K), 0.0457160 secs] [Times: user=0.39 sys=0.00, real=0.05 secs] 
27112.896: [GC 27112.896: [ParNew: 2325360K->94576K(2534400K), 0.0452940 secs] 7216989K->4988440K(10982400K), 0.0458990 secs] [Times: user=0.47 sys=0.00, real=0.05 secs] 
27114.775: [GC 27114.775: [ParNew: 2347376K->63762K(2534400K), 0.0390150 secs] 7241240K->4959500K(10982400K), 0.0395710 secs] [Times: user=0.26 sys=0.00, real=0.04 secs] 
27117.088: [GC 27117.089: [ParNew: 2316562K->48058K(2534400K), 0.0489840 secs] 7212300K->4957190K(10982400K), 0.0495510 secs] [Times: user=0.37 sys=0.01, real=0.05 secs] 
27120.079: [GC 27120.079: [ParNew: 2300858K->43489K(2534400K), 0.0425560 secs] 7209990K->4954032K(10982400K), 0.0431320 secs] [Times: user=0.33 sys=0.01, real=0.05 secs] 
27122.228: [GC 27122.228: [ParNew: 2296289K->58369K(2534400K), 0.0381400 secs] 7206832K->4969967K(10982400K), 0.0387060 secs] [Times: user=0.34 sys=0.00, real=0.04 secs] 
27124.284: [GC 27124.284: [ParNew: 2311169K->50816K(2534400K), 0.0402210 secs] 7222767K->4963394K(10982400K), 0.0408120 secs] [Times: user=0.32 sys=0.01, real=0.04 secs] 
27126.207: [GC 27126.207: [ParNew: 2303616K->68038K(2534400K), 0.0514380 secs] 7216194K->4989644K(10982400K), 0.0520790 secs] [Times: user=0.41 sys=0.00, real=0.05 secs] 
27128.494: [GC 27128.494: [ParNew: 2320838K->59797K(2534400K), 0.0437920 secs] 7242444K->4987572K(10982400K), 0.0443970 secs] [Times: user=0.37 sys=0.01, real=0.04 secs] 
27130.620: [GC 27130.621: [ParNew: 2312597K->48032K(2534400K), 0.0407460 secs] 7240372K->4976495K(10982400K), 0.0413440 secs] [Times: user=0.35 sys=0.00, real=0.04 secs] 
27133.327: [GC 27133.327: [ParNew: 2300920K->49471K(2534400K), 0.0443710 secs] 7229382K->4979477K(10982400K), 0.0449370 secs] [Times: user=0.33 sys=0.01, real=0.04 secs] 
27133.376: [GC 27133.376: [ParNew: 52673K->53633K(2534400K), 0.0186830 secs] 4982679K->4985350K(10982400K), 0.0191270 secs] [Times: user=0.35 sys=0.00, real=0.02 secs] 
27135.782: [GC 27135.783: [ParNew: 2306433K->53923K(2534400K), 0.0392730 secs] 7238150K->4987308K(10982400K), 0.0398610 secs] [Times: user=0.32 sys=0.01, real=0.04 secs] 
27138.620: [GC 27138.620: [ParNew: 2306723K->105624K(2534400K), 0.0664170 secs] 7240108K->5052800K(10982400K), 0.0670210 secs] [Times: user=0.67 sys=0.00, real=0.07 secs] 
27141.573: [GC 27141.574: [ParNew: 2358424K->78928K(2534400K), 0.0505720 secs] 7305600K->5027437K(10982400K), 0.0511750 secs] [Times: user=0.34 sys=0.00, real=0.06 secs] 
27144.389: [GC 27144.389: [ParNew: 2331728K->50108K(2534400K), 0.0451360 secs] 7280237K->4998617K(10982400K), 0.0457060 secs] [Times: user=0.33 sys=0.01, real=0.05 secs] 
27146.402: [GC 27146.402: [ParNew: 2302908K->57554K(2534400K), 0.0393700 secs] 7251417K->5007862K(10982400K), 0.0399850 secs] [Times: user=0.32 sys=0.00, real=0.04 secs] 
27149.149: [GC 27149.149: [ParNew: 2310354K->55818K(2534400K), 0.0525600 secs] 7260662K->5010274K(10982400K), 0.0531740 secs] [Times: user=0.39 sys=0.01, real=0.05 secs] 
27151.106: [GC 27151.106: [ParNew: 2308618K->47348K(2534400K), 0.0410760 secs] 7263074K->5003204K(10982400K), 0.0416950 secs] [Times: user=0.37 sys=0.01, real=0.04 secs] 
27153.872: [GC 27153.873: [ParNew: 2300148K->38845K(2534400K), 0.0452770 secs] 7256004K->4997795K(10982400K), 0.0458840 secs] [Times: user=0.32 sys=0.00, real=0.05 secs] 
27156.940: [GC 27156.941: [ParNew: 2291645K->29312K(2534400K), 0.0520120 secs] 7250595K->4991240K(10982400K), 0.0526040 secs] [Times: user=0.36 sys=0.00, real=0.05 secs] 
27159.877: [GC 27159.877: [ParNew: 2282112K->59802K(2534400K), 0.0493550 secs] 7244040K->5023315K(10982400K), 0.0499560 secs] [Times: user=0.44 sys=0.01, real=0.05 secs] 
27162.406: [GC 27162.406: [ParNew: 2312602K->46273K(2534400K), 0.0470360 secs] 7276115K->5010544K(10982400K), 0.0476400 secs] [Times: user=0.31 sys=0.00, real=0.05 secs] 
27164.653: [GC 27164.654: [ParNew: 2299073K->35043K(2534400K), 0.0419550 secs] 7263344K->5000009K(10982400K), 0.0425630 secs] [Times: user=0.31 sys=0.00, real=0.04 secs] 
27167.316: [GC 27167.316: [ParNew: 2287843K->47339K(2534400K), 0.0493250 secs] 7252809K->5014060K(10982400K), 0.0499360 secs] [Times: user=0.37 sys=0.00, real=0.05 secs] 
27168.903: [GC 27168.904: [ParNew: 2300139K->97437K(2534400K), 0.0507620 secs] 7266860K->5065695K(10982400K), 0.0513350 secs] [Times: user=0.54 sys=0.01, real=0.05 secs] 
27171.420: [GC 27171.420: [ParNew: 2350237K->68602K(2534400K), 0.0390890 secs] 7318495K->5038429K(10982400K), 0.0396620 secs] [Times: user=0.28 sys=0.00, real=0.04 secs] 
27173.922: [GC 27173.922: [ParNew: 2321402K->40899K(2534400K), 0.0501870 secs] 7291229K->5016346K(10982400K), 0.0507900 secs] [Times: user=0.31 sys=0.00, real=0.05 secs] 
27176.266: [GC 27176.266: [ParNew: 2293699K->44170K(2534400K), 0.0437870 secs] 7269146K->5022219K(10982400K), 0.0443980 secs] [Times: user=0.33 sys=0.01, real=0.05 secs] 
27177.981: [GC 27177.982: [ParNew: 2296963K->35471K(2534400K), 0.0352830 secs] 7275012K->5015357K(10982400K), 0.0358400 secs] [Times: user=0.25 sys=0.00, real=0.03 secs] 
27179.458: [GC 27179.459: [ParNew: 2288271K->82533K(2534400K), 0.0433260 secs] 7268157K->5063586K(10982400K), 0.0439130 secs] [Times: user=0.50 sys=0.01, real=0.05 secs] 
27182.088: [GC 27182.089: [ParNew: 2335333K->62404K(2534400K), 0.0425480 secs] 7316386K->5044619K(10982400K), 0.0431150 secs] [Times: user=0.27 sys=0.00, real=0.05 secs] 
27183.920: [GC 27183.921: [ParNew: 2315204K->62069K(2534400K), 0.0421090 secs] 7297419K->5045600K(10982400K), 0.0427190 secs] [Times: user=0.37 sys=0.00, real=0.04 secs] 
27186.112: [GC 27186.113: [ParNew: 2314869K->111373K(2534400K), 0.0858390 secs] 7298400K->5095826K(10982400K), 0.0865050 secs] [Times: user=0.34 sys=0.00, real=0.08 secs] 
27187.556: [GC 27187.556: [ParNew: 2364173K->110250K(2534400K), 0.0687890 secs] 7348626K->5097133K(10982400K), 0.0694240 secs] [Times: user=0.50 sys=0.00, real=0.07 secs] 
27188.956: [GC 27188.956: [ParNew: 2363050K->99922K(2534400K), 0.0687340 secs] 7349933K->5091558K(10982400K), 0.0694210 secs] [Times: user=0.45 sys=0.00, real=0.07 secs] 
27190.925: [GC 27190.925: [ParNew: 2352722K->93948K(2534400K), 0.0804430 secs] 7344358K->5086685K(10982400K), 0.0812610 secs] [Times: user=0.36 sys=0.01, real=0.08 secs] 
27193.303: [GC 27193.303: [ParNew: 2346748K->84678K(2534400K), 0.0652350 secs] 7339485K->5078738K(10982400K), 0.0659700 secs] [Times: user=0.43 sys=0.00, real=0.06 secs] 
27195.165: [GC 27195.166: [ParNew: 2337478K->49745K(2534400K), 0.0453050 secs] 7331538K->5045000K(10982400K), 0.0460630 secs] [Times: user=0.26 sys=0.00, real=0.04 secs] 
27197.255: [GC 27197.256: [ParNew: 2302545K->52144K(2534400K), 0.0592200 secs] 7297800K->5048121K(10982400K), 0.0599810 secs] [Times: user=0.31 sys=0.00, real=0.06 secs] 
27200.119: [GC 27200.119: [ParNew: 2304944K->66212K(2534400K), 0.0516080 secs] 7300921K->5063550K(10982400K), 0.0523230 secs] [Times: user=0.43 sys=0.00, real=0.05 secs] 
27202.712: [GC 27202.712: [ParNew: 2319012K->98882K(2534400K), 0.0555500 secs] 7316350K->5097774K(10982400K), 0.0563420 secs] [Times: user=0.54 sys=0.00, real=0.06 secs] 
27205.552: [GC 27205.553: [ParNew: 2351682K->76853K(2534400K), 0.0546130 secs] 7350574K->5076803K(10982400K), 0.0554110 secs] [Times: user=0.34 sys=0.01, real=0.06 secs] 
27208.011: [GC 27208.011: [ParNew: 2329653K->64080K(2534400K), 0.0511040 secs] 7329603K->5065099K(10982400K), 0.0518940 secs] [Times: user=0.44 sys=0.01, real=0.05 secs] 
27209.827: [GC 27209.827: [ParNew: 2316880K->48640K(2534400K), 0.0418910 secs] 7317899K->5052040K(10982400K), 0.0426840 secs] [Times: user=0.31 sys=0.00, real=0.04 secs] 
27213.026: [GC 27213.027: [ParNew: 2301440K->44960K(2534400K), 0.0564920 secs] 7304840K->5050594K(10982400K), 0.0573080 secs] [Times: user=0.34 sys=0.00, real=0.05 secs] 
27215.148: [GC 27215.149: [ParNew: 2297760K->96513K(2534400K), 0.0472180 secs] 7303394K->5104229K(10982400K), 0.0478970 secs] [Times: user=0.60 sys=0.00, real=0.05 secs] 
27216.770: [GC 27216.770: [ParNew: 2349313K->71198K(2534400K), 0.0361370 secs] 7357029K->5081207K(10982400K), 0.0369180 secs] [Times: user=0.27 sys=0.01, real=0.04 secs] 
27218.459: [GC 27218.460: [ParNew: 2323991K->47982K(2534400K), 0.0335840 secs] 7334000K->5059007K(10982400K), 0.0342530 secs] [Times: user=0.32 sys=0.00, real=0.03 secs] 
27220.672: [GC 27220.673: [ParNew: 2300782K->58164K(2534400K), 0.0417120 secs] 7311807K->5070872K(10982400K), 0.0424030 secs] [Times: user=0.38 sys=0.00, real=0.04 secs] 
27222.570: [GC 27222.571: [ParNew: 2310964K->59589K(2534400K), 0.0380870 secs] 7323672K->5073976K(10982400K), 0.0389020 secs] [Times: user=0.34 sys=0.00, real=0.04 secs] 
27224.611: [GC 27224.611: [ParNew: 2312389K->44310K(2534400K), 0.0393300 secs] 7326776K->5059557K(10982400K), 0.0401420 secs] [Times: user=0.28 sys=0.00, real=0.04 secs] 
27226.403: [GC 27226.404: [ParNew: 2297110K->38282K(2534400K), 0.0359910 secs] 7312357K->5054647K(10982400K), 0.0366680 secs] [Times: user=0.30 sys=0.00, real=0.04 secs] 
27228.485: [GC 27228.485: [ParNew: 2291082K->39721K(2534400K), 0.0473880 secs] 7307447K->5059817K(10982400K), 0.0481970 secs] [Times: user=0.36 sys=0.00, real=0.05 secs] 
27230.138: [GC 27230.138: [ParNew: 2292521K->34231K(2534400K), 0.0386490 secs] 7312617K->5055232K(10982400K), 0.0393420 secs] [Times: user=0.30 sys=0.00, real=0.04 secs] 
27232.904: [GC 27232.905: [ParNew: 2287031K->35377K(2534400K), 0.0504950 secs] 7308032K->5057121K(10982400K), 0.0511820 secs] [Times: user=0.37 sys=0.00, real=0.05 secs] 
27235.095: [GC 27235.095: [ParNew: 2288177K->46766K(2534400K), 0.0481950 secs] 7309921K->5070179K(10982400K), 0.0489860 secs] [Times: user=0.36 sys=0.00, real=0.05 secs] 
27238.037: [GC 27238.038: [ParNew: 2299566K->36519K(2534400K), 0.0496550 secs] 7322979K->5062283K(10982400K), 0.0503660 secs] [Times: user=0.35 sys=0.00, real=0.06 secs] 
27240.596: [GC 27240.597: [ParNew: 2289319K->62315K(2534400K), 0.0483520 secs] 7315083K->5089180K(10982400K), 0.0490500 secs] [Times: user=0.44 sys=0.00, real=0.05 secs] 
27242.902: [GC 27242.902: [ParNew: 2315100K->88053K(2534400K), 0.0427580 secs] 7341965K->5116385K(10982400K), 0.0434510 secs] [Times: user=0.34 sys=0.00, real=0.04 secs] 
27245.601: [GC 27245.601: [ParNew: 2340853K->64005K(2534400K), 0.0419430 secs] 7369185K->5094388K(10982400K), 0.0426720 secs] [Times: user=0.27 sys=0.00, real=0.04 secs] 
27247.807: [GC 27247.807: [ParNew: 2316805K->42738K(2534400K), 0.0388160 secs] 7347188K->5074957K(10982400K), 0.0395890 secs] [Times: user=0.29 sys=0.00, real=0.04 secs] 
27250.694: [GC 27250.695: [ParNew: 2295538K->77623K(2534400K), 0.0548180 secs] 7327757K->5110737K(10982400K), 0.0556110 secs] [Times: user=0.48 sys=0.01, real=0.06 secs] 
27253.379: [GC 27253.380: [ParNew: 2330423K->62646K(2534400K), 0.0462380 secs] 7363537K->5097026K(10982400K), 0.0470090 secs] [Times: user=0.34 sys=0.00, real=0.05 secs] 
27256.478: [GC 27256.479: [ParNew: 2315446K->58035K(2534400K), 0.0618370 secs] 7349826K->5095591K(10982400K), 0.0626530 secs] [Times: user=0.41 sys=0.00, real=0.07 secs] 
27258.321: [GC 27258.322: [ParNew: 2310835K->63228K(2534400K), 0.0740370 secs] 7348391K->5112585K(10982400K), 0.0748310 secs] [Times: user=0.31 sys=0.01, real=0.08 secs] 
27260.056: [GC 27260.056: [ParNew: 2316028K->33004K(2534400K), 0.0431180 secs] 7365385K->5083438K(10982400K), 0.0438870 secs] [Times: user=0.29 sys=0.00, real=0.04 secs] 
27262.642: [GC 27262.643: [ParNew: 2285804K->71275K(2534400K), 0.0624460 secs] 7336238K->5123044K(10982400K), 0.0632350 secs] [Times: user=0.44 sys=0.00, real=0.06 secs] 
27264.982: [GC 27264.983: [ParNew: 2324075K->101656K(2534400K), 0.0972720 secs] 7375844K->5155181K(10982400K), 0.0980630 secs] [Times: user=0.40 sys=0.01, real=0.10 secs] 
27267.183: [GC 27267.184: [ParNew: 2354456K->113940K(2534400K), 0.0794750 secs] 7407981K->5168066K(10982400K), 0.0802680 secs] [Times: user=0.56 sys=0.00, real=0.08 secs] 
27269.368: [GC 27269.368: [ParNew: 2366740K->157100K(2534400K), 0.0864740 secs] 7420866K->5211736K(10982400K), 0.0872680 secs] [Times: user=0.73 sys=0.00, real=0.09 secs] 
27271.779: [GC 27271.780: [ParNew: 2409900K->98643K(2534400K), 0.0538290 secs] 7464536K->5154468K(10982400K), 0.0546250 secs] [Times: user=0.36 sys=0.01, real=0.06 secs] 
27274.196: [GC 27274.196: [ParNew: 2351443K->81996K(2534400K), 0.0873570 secs] 7407268K->5139035K(10982400K), 0.0880780 secs] [Times: user=0.40 sys=0.00, real=0.08 secs] 
27275.884: [GC 27275.885: [ParNew: 2334796K->107565K(2534400K), 0.1146660 secs] 7391835K->5166773K(10982400K), 0.1154540 secs] [Times: user=0.43 sys=0.00, real=0.11 secs] 
27277.619: [GC 27277.619: [ParNew: 2360365K->111652K(2534400K), 0.1172020 secs] 7419573K->5175008K(10982400K), 0.1179750 secs] [Times: user=0.42 sys=0.01, real=0.12 secs] 
27280.402: [GC 27280.403: [ParNew: 2364452K->51131K(2534400K), 0.0595570 secs] 7427808K->5115889K(10982400K), 0.0603550 secs] [Times: user=0.33 sys=0.00, real=0.06 secs] 
27282.441: [GC 27282.442: [ParNew: 2303931K->95495K(2534400K), 0.1040120 secs] 7368689K->5160825K(10982400K), 0.1048320 secs] [Times: user=0.36 sys=0.01, real=0.11 secs] 
27284.122: [GC 27284.123: [ParNew: 2348295K->98529K(2534400K), 0.1096460 secs] 7413625K->5165913K(10982400K), 0.1104270 secs] [Times: user=0.34 sys=0.00, real=0.11 secs] 
27285.888: [GC 27285.889: [ParNew: 2351329K->46830K(2534400K), 0.0525580 secs] 7418713K->5114922K(10982400K), 0.0533000 secs] [Times: user=0.30 sys=0.00, real=0.05 secs] 
27288.434: [GC 27288.435: [ParNew: 2299630K->36596K(2534400K), 0.0459980 secs] 7367722K->5106117K(10982400K), 0.0466960 secs] [Times: user=0.36 sys=0.00, real=0.05 secs] 
27288.484: [GC [1 CMS-initial-mark: 5069521K(8448000K)] 5107200K(10982400K), 0.0584110 secs] [Times: user=0.06 sys=0.00, real=0.06 secs] 
27291.203: [GC 27291.203: [ParNew: 2289396K->35730K(2534400K), 0.0470660 secs] 7358917K->5105817K(10982400K), 0.0478530 secs] [Times: user=0.33 sys=0.00, real=0.05 secs] 
27292.437: [GC[YG occupancy: 1405193 K (2534400 K)]27292.437: [Rescan (parallel) , 0.3120680 secs]27292.749: [weak refs processing, 0.1502180 secs] [1 CMS-remark: 5070086K(8448000K)] 6475280K(10982400K), 0.4644030 secs] [Times: user=6.50 sys=0.03, real=0.46 secs] 
27293.314: [GC 27293.314: [ParNew: 2288530K->36493K(2534400K), 0.0417210 secs] 7303861K->5052363K(10982400K), 0.0425070 secs] [Times: user=0.25 sys=0.00, real=0.05 secs] 
27295.608: [GC 27295.608: [ParNew: 2288930K->58776K(2534400K), 0.0528780 secs] 7000062K->4771065K(10982400K), 0.0536630 secs] [Times: user=0.43 sys=0.01, real=0.05 secs] 
27298.394: [GC 27298.395: [ParNew: 2311576K->44216K(2534400K), 0.0460270 secs] 6340519K->4075343K(10982400K), 0.0467590 secs] [Times: user=0.32 sys=0.00, real=0.05 secs] 
27300.251: [GC 27300.251: [ParNew: 2297016K->44853K(2534400K), 0.0382710 secs] 6328143K->4077195K(10982400K), 0.0389730 secs] [Times: user=0.28 sys=0.00, real=0.04 secs] 
27302.715: [GC 27302.715: [ParNew: 2297653K->35309K(2534400K), 0.0399290 secs] 6329995K->4069661K(10982400K), 0.0405440 secs] [Times: user=0.26 sys=0.00, real=0.04 secs] 
27304.967: [GC 27304.967: [ParNew: 2288109K->34207K(2534400K), 0.0425920 secs] 6322461K->4069666K(10982400K), 0.0431580 secs] [Times: user=0.35 sys=0.00, real=0.05 secs] 
27307.766: [GC 27307.766: [ParNew: 2287007K->44192K(2534400K), 0.0450260 secs] 6322466K->4081970K(10982400K), 0.0456000 secs] [Times: user=0.31 sys=0.00, real=0.05 secs] 
27310.015: [GC 27310.015: [ParNew: 2296992K->36375K(2534400K), 0.0420280 secs] 6334770K->4075194K(10982400K), 0.0428220 secs] [Times: user=0.26 sys=0.00, real=0.04 secs] 
27313.227: [GC 27313.228: [ParNew: 2289175K->32706K(2534400K), 0.0527720 secs] 6327994K->4073005K(10982400K), 0.0535630 secs] [Times: user=0.35 sys=0.01, real=0.06 secs] 
27315.543: [GC 27315.543: [ParNew: 2285506K->42274K(2534400K), 0.0442060 secs] 6325805K->4083355K(10982400K), 0.0450170 secs] [Times: user=0.33 sys=0.00, real=0.04 secs] 
27318.225: [GC 27318.226: [ParNew: 2295074K->61554K(2534400K), 0.0515990 secs] 6336155K->4104106K(10982400K), 0.0523910 secs] [Times: user=0.42 sys=0.01, real=0.05 secs] 
27320.455: [GC 27320.455: [ParNew: 2314354K->47401K(2534400K), 0.0460530 secs] 6356906K->4091905K(10982400K), 0.0468420 secs] [Times: user=0.35 sys=0.00, real=0.05 secs] 
27323.277: [GC 27323.278: [ParNew: 2300201K->48007K(2534400K), 0.0508540 secs] 6344705K->4094761K(10982400K), 0.0516770 secs] [Times: user=0.40 sys=0.00, real=0.05 secs] 
27325.960: [GC 27325.961: [ParNew: 2300807K->46873K(2534400K), 0.0486820 secs] 6347561K->4095525K(10982400K), 0.0494860 secs] [Times: user=0.38 sys=0.01, real=0.05 secs] 
27329.141: [GC 27329.141: [ParNew: 2299673K->55177K(2534400K), 0.0496700 secs] 6348325K->4108081K(10982400K), 0.0503580 secs] [Times: user=0.34 sys=0.00, real=0.05 secs] 
27332.196: [GC 27332.196: [ParNew: 2307977K->50075K(2534400K), 0.0520400 secs] 6360881K->4103545K(10982400K), 0.0528580 secs] [Times: user=0.34 sys=0.00, real=0.05 secs] 
27334.539: [GC 27334.539: [ParNew: 2302875K->91246K(2534400K), 0.0625570 secs] 6356345K->4154093K(10982400K), 0.0632420 secs] [Times: user=0.67 sys=0.01, real=0.06 secs] 
27337.052: [GC 27337.053: [ParNew: 2344046K->69596K(2534400K), 0.0490020 secs] 6406893K->4135104K(10982400K), 0.0497080 secs] [Times: user=0.37 sys=0.00, real=0.05 secs] 
27339.728: [GC 27339.729: [ParNew: 2322396K->35063K(2534400K), 0.0516850 secs] 6387904K->4101586K(10982400K), 0.0525000 secs] [Times: user=0.35 sys=0.01, real=0.05 secs] 
27342.328: [GC 27342.328: [ParNew: 2287863K->32297K(2534400K), 0.0477050 secs] 6354386K->4100349K(10982400K), 0.0484580 secs] [Times: user=0.36 sys=0.00, real=0.05 secs] 
27344.700: [GC 27344.700: [ParNew: 2285097K->38144K(2534400K), 0.0603280 secs] 6353149K->4107784K(10982400K), 0.0611380 secs] [Times: user=0.34 sys=0.00, real=0.06 secs] 
27346.269: [GC 27346.269: [ParNew: 2290944K->54435K(2534400K), 0.0425990 secs] 6360584K->4125633K(10982400K), 0.0433960 secs] [Times: user=0.42 sys=0.00, real=0.04 secs] 
27348.241: [GC 27348.242: [ParNew: 2307235K->41238K(2534400K), 0.0371620 secs] 6378433K->4115290K(10982400K), 0.0379440 secs] [Times: user=0.26 sys=0.00, real=0.04 secs] 
27350.734: [GC 27350.734: [ParNew: 2294038K->31504K(2534400K), 0.0423830 secs] 6368090K->4108659K(10982400K), 0.0430860 secs] [Times: user=0.25 sys=0.01, real=0.05 secs] 
27353.058: [GC 27353.059: [ParNew: 2284304K->33665K(2534400K), 0.0447680 secs] 6361459K->4113159K(10982400K), 0.0454740 secs] [Times: user=0.28 sys=0.00, real=0.04 secs] 
27354.971: [GC 27354.971: [ParNew: 2286465K->41718K(2534400K), 0.0404740 secs] 6365959K->4121992K(10982400K), 0.0411890 secs] [Times: user=0.31 sys=0.00, real=0.04 secs] 
27356.758: [GC 27356.758: [ParNew: 2294510K->43593K(2534400K), 0.0409670 secs] 6374783K->4125644K(10982400K), 0.0417540 secs] [Times: user=0.37 sys=0.00, real=0.04 secs] 
27358.344: [GC 27358.345: [ParNew: 2296393K->43578K(2534400K), 0.0384660 secs] 6378444K->4128496K(10982400K), 0.0392020 secs] [Times: user=0.34 sys=0.00, real=0.04 secs] 
27360.753: [GC 27360.753: [ParNew: 2296378K->69539K(2534400K), 0.0477490 secs] 6381296K->4156636K(10982400K), 0.0484510 secs] [Times: user=0.45 sys=0.00, real=0.05 secs] 
27362.212: [GC 27362.212: [ParNew: 2322339K->98391K(2534400K), 0.0490860 secs] 6409436K->4194168K(10982400K), 0.0497610 secs] [Times: user=0.55 sys=0.01, real=0.05 secs] 
27364.143: [GC 27364.143: [ParNew: 2351191K->68398K(2534400K), 0.0433980 secs] 6446968K->4165514K(10982400K), 0.0442140 secs] [Times: user=0.31 sys=0.01, real=0.04 secs] 
27365.785: [GC 27365.785: [ParNew: 2321198K->39092K(2534400K), 0.0393450 secs] 6418314K->4137313K(10982400K), 0.0401370 secs] [Times: user=0.35 sys=0.00, real=0.04 secs] 
27367.664: [GC 27367.665: [ParNew: 2291892K->33633K(2534400K), 0.0382570 secs] 6390113K->4133678K(10982400K), 0.0390280 secs] [Times: user=0.30 sys=0.00, real=0.04 secs] 
27370.338: [GC 27370.339: [ParNew: 2286433K->52477K(2534400K), 0.0518990 secs] 6386478K->4153166K(10982400K), 0.0526880 secs] [Times: user=0.41 sys=0.00, real=0.06 secs] 
27373.107: [GC 27373.108: [ParNew: 2305277K->41461K(2534400K), 0.0489670 secs] 6405966K->4143389K(10982400K), 0.0496750 secs] [Times: user=0.37 sys=0.00, real=0.05 secs] 
27375.336: [GC 27375.336: [ParNew: 2294255K->33030K(2534400K), 0.0373430 secs] 6396183K->4136175K(10982400K), 0.0381150 secs] [Times: user=0.26 sys=0.00, real=0.04 secs] 
27377.563: [GC 27377.563: [ParNew: 2285830K->68857K(2534400K), 0.0496550 secs] 6388975K->4174431K(10982400K), 0.0503450 secs] [Times: user=0.47 sys=0.00, real=0.05 secs] 
27379.975: [GC 27379.975: [ParNew: 2321657K->63598K(2534400K), 0.0477080 secs] 6427231K->4171049K(10982400K), 0.0485480 secs] [Times: user=0.41 sys=0.01, real=0.05 secs] 
27381.836: [GC 27381.837: [ParNew: 2316398K->44501K(2534400K), 0.0417140 secs] 6423849K->4153890K(10982400K), 0.0424920 secs] [Times: user=0.35 sys=0.00, real=0.04 secs] 
27384.626: [GC 27384.627: [ParNew: 2297301K->40766K(2534400K), 0.0459070 secs] 6406690K->4151274K(10982400K), 0.0467150 secs] [Times: user=0.38 sys=0.01, real=0.05 secs] 
27387.479: [GC 27387.479: [ParNew: 2293566K->79820K(2534400K), 0.0522130 secs] 6404074K->4191332K(10982400K), 0.0530090 secs] [Times: user=0.43 sys=0.00, real=0.06 secs] 
27389.885: [GC 27389.885: [ParNew: 2332620K->60144K(2534400K), 0.0424170 secs] 6444132K->4172710K(10982400K), 0.0432390 secs] [Times: user=0.28 sys=0.01, real=0.04 secs] 
27392.357: [GC 27392.358: [ParNew: 2312944K->88042K(2534400K), 0.0489880 secs] 6425510K->4201003K(10982400K), 0.0497790 secs] [Times: user=0.48 sys=0.01, real=0.05 secs] 
27395.464: [GC 27395.464: [ParNew: 2340842K->91191K(2534400K), 0.0869220 secs] 6453803K->4221648K(10982400K), 0.0877430 secs] [Times: user=0.50 sys=0.01, real=0.09 secs] 
27397.776: [GC 27397.777: [ParNew: 2343991K->91894K(2534400K), 0.0677830 secs] 6474448K->4225201K(10982400K), 0.0685690 secs] [Times: user=0.47 sys=0.00, real=0.07 secs] 
27400.042: [GC 27400.043: [ParNew: 2344694K->56247K(2534400K), 0.0414630 secs] 6478001K->4190508K(10982400K), 0.0422630 secs] [Times: user=0.30 sys=0.00, real=0.05 secs] 
27401.444: [GC 27401.445: [ParNew: 2309047K->79493K(2534400K), 0.0477240 secs] 6443308K->4214826K(10982400K), 0.0485000 secs] [Times: user=0.46 sys=0.00, real=0.05 secs] 
27403.035: [GC 27403.036: [ParNew: 2332293K->93773K(2534400K), 0.0467570 secs] 6467626K->4230361K(10982400K), 0.0474310 secs] [Times: user=0.45 sys=0.00, real=0.04 secs] 
27404.394: [GC 27404.395: [ParNew: 2346573K->72948K(2534400K), 0.0469500 secs] 6483161K->4210948K(10982400K), 0.0477390 secs] [Times: user=0.29 sys=0.01, real=0.04 secs] 
27405.771: [GC 27405.772: [ParNew: 2325748K->85355K(2534400K), 0.0493810 secs] 6463748K->4225877K(10982400K), 0.0500540 secs] [Times: user=0.48 sys=0.01, real=0.05 secs] 
27406.713: [GC 27406.714: [ParNew: 2338155K->60898K(2534400K), 0.0410750 secs] 6478677K->4203397K(10982400K), 0.0418690 secs] [Times: user=0.38 sys=0.01, real=0.05 secs] 
27407.505: [GC 27407.505: [ParNew: 2313698K->51066K(2534400K), 0.0420120 secs] 6456197K->4195207K(10982400K), 0.0427870 secs] [Times: user=0.37 sys=0.00, real=0.04 secs] 
27408.931: [GC 27408.932: [ParNew: 2303866K->34221K(2534400K), 0.0329710 secs] 6448007K->4180735K(10982400K), 0.0337380 secs] [Times: user=0.34 sys=0.00, real=0.04 secs] 
27411.514: [GC 27411.514: [ParNew: 2287021K->32246K(2534400K), 0.0442070 secs] 6433535K->4181893K(10982400K), 0.0450080 secs] [Times: user=0.27 sys=0.00, real=0.05 secs] 
27413.065: [GC 27413.065: [ParNew: 2285046K->50552K(2534400K), 0.0391170 secs] 6434693K->4201061K(10982400K), 0.0398110 secs] [Times: user=0.35 sys=0.00, real=0.04 secs] 
27415.060: [GC 27415.060: [ParNew: 2303352K->89353K(2534400K), 0.0528960 secs] 6453861K->4240285K(10982400K), 0.0536660 secs] [Times: user=0.48 sys=0.00, real=0.05 secs] 
27416.654: [GC 27416.654: [ParNew: 2342153K->70528K(2534400K), 0.0417360 secs] 6493085K->4222328K(10982400K), 0.0425310 secs] [Times: user=0.38 sys=0.01, real=0.05 secs] 
27418.749: [GC 27418.750: [ParNew: 2323328K->69016K(2534400K), 0.0484810 secs] 6475128K->4221702K(10982400K), 0.0492710 secs] [Times: user=0.43 sys=0.00, real=0.05 secs] 
27420.524: [GC 27420.525: [ParNew: 2321747K->53502K(2534400K), 0.0532180 secs] 6474433K->4220029K(10982400K), 0.0540180 secs] [Times: user=0.35 sys=0.01, real=0.06 secs] 
27422.016: [GC 27422.016: [ParNew: 2306302K->37248K(2534400K), 0.0397850 secs] 6472829K->4208250K(10982400K), 0.0405530 secs] [Times: user=0.31 sys=0.00, real=0.04 secs] 
27423.772: [GC 27423.773: [ParNew: 2290048K->38576K(2534400K), 0.0398820 secs] 6461050K->4210746K(10982400K), 0.0405650 secs] [Times: user=0.37 sys=0.01, real=0.04 secs] 
27425.306: [GC 27425.306: [ParNew: 2291376K->94846K(2534400K), 0.0509760 secs] 6463546K->4268936K(10982400K), 0.0517480 secs] [Times: user=0.63 sys=0.01, real=0.06 secs] 
27426.858: [GC 27426.859: [ParNew: 2347646K->71631K(2534400K), 0.0397610 secs] 6521736K->4247156K(10982400K), 0.0405210 secs] [Times: user=0.32 sys=0.00, real=0.04 secs] 
27428.762: [GC 27428.762: [ParNew: 2324431K->92707K(2534400K), 0.0493400 secs] 6499956K->4269525K(10982400K), 0.0501300 secs] [Times: user=0.57 sys=0.00, real=0.05 secs] 
27431.061: [GC 27431.061: [ParNew: 2345507K->101333K(2534400K), 0.0543360 secs] 6522325K->4278747K(10982400K), 0.0550190 secs] [Times: user=0.53 sys=0.00, real=0.05 secs] 
27433.068: [GC 27433.069: [ParNew: 2354133K->126623K(2534400K), 0.0581200 secs] 6531547K->4305235K(10982400K), 0.0588970 secs] [Times: user=0.62 sys=0.01, real=0.05 secs] 
27435.751: [GC 27435.751: [ParNew: 2379423K->84195K(2534400K), 0.0445320 secs] 6558035K->4263710K(10982400K), 0.0452130 secs] [Times: user=0.32 sys=0.00, real=0.04 secs] 
27438.555: [GC 27438.555: [ParNew: 2336995K->45365K(2534400K), 0.0504120 secs] 6516510K->4225781K(10982400K), 0.0512060 secs] [Times: user=0.32 sys=0.00, real=0.05 secs] 
27441.894: [GC 27441.895: [ParNew: 2298165K->49200K(2534400K), 0.0505230 secs] 6478581K->4230756K(10982400K), 0.0513490 secs] [Times: user=0.39 sys=0.00, real=0.05 secs] 
27444.290: [GC 27444.290: [ParNew: 2302000K->59328K(2534400K), 0.0524810 secs] 6483556K->4241417K(10982400K), 0.0532910 secs] [Times: user=0.41 sys=0.00, real=0.05 secs] 
27447.228: [GC 27447.228: [ParNew: 2312128K->51713K(2534400K), 0.0575870 secs] 6494217K->4235111K(10982400K), 0.0583780 secs] [Times: user=0.39 sys=0.01, real=0.06 secs] 
27450.395: [GC 27450.395: [ParNew: 2304513K->41612K(2534400K), 0.0496950 secs] 6487911K->4225861K(10982400K), 0.0504900 secs] [Times: user=0.30 sys=0.00, real=0.05 secs] 
27453.284: [GC 27453.285: [ParNew: 2294412K->39395K(2534400K), 0.0552430 secs] 6478661K->4229778K(10982400K), 0.0560330 secs] [Times: user=0.31 sys=0.00, real=0.06 secs] 
27456.820: [GC 27456.821: [ParNew: 2292195K->38003K(2534400K), 0.0555480 secs] 6482578K->4229772K(10982400K), 0.0563760 secs] [Times: user=0.33 sys=0.00, real=0.06 secs] 
27460.516: [GC 27460.516: [ParNew: 2290803K->38742K(2534400K), 0.0585890 secs] 6482572K->4233401K(10982400K), 0.0594050 secs] [Times: user=0.37 sys=0.00, real=0.06 secs] 
27464.697: [GC 27464.697: [ParNew: 2291542K->61798K(2534400K), 0.0621500 secs] 6486201K->4258519K(10982400K), 0.0629480 secs] [Times: user=0.38 sys=0.00, real=0.06 secs] 
27467.223: [GC 27467.224: [ParNew: 2314598K->83406K(2534400K), 0.0471990 secs] 6511319K->4282818K(10982400K), 0.0478910 secs] [Times: user=0.47 sys=0.01, real=0.04 secs] 
27469.467: [GC 27469.467: [ParNew: 2336201K->69860K(2534400K), 0.0416970 secs] 6535614K->4270878K(10982400K), 0.0423920 secs] [Times: user=0.35 sys=0.00, real=0.04 secs] 
27471.918: [GC 27471.919: [ParNew: 2322660K->97836K(2534400K), 0.0445340 secs] 6523678K->4300138K(10982400K), 0.0452220 secs] [Times: user=0.45 sys=0.00, real=0.05 secs] 
27474.422: [GC 27474.423: [ParNew: 2350636K->94827K(2534400K), 0.0624970 secs] 6552938K->4309359K(10982400K), 0.0633020 secs] [Times: user=0.49 sys=0.01, real=0.07 secs] 
27477.643: [GC 27477.644: [ParNew: 2347627K->72704K(2534400K), 0.0531380 secs] 6562159K->4289968K(10982400K), 0.0539580 secs] [Times: user=0.36 sys=0.01, real=0.06 secs] 
27479.954: [GC 27479.954: [ParNew: 2325504K->38247K(2534400K), 0.0462100 secs] 6542768K->4268753K(10982400K), 0.0468920 secs] [Times: user=0.28 sys=0.01, real=0.05 secs] 
27482.438: [GC 27482.438: [ParNew: 2291047K->29708K(2534400K), 0.0430110 secs] 6521553K->4261057K(10982400K), 0.0438060 secs] [Times: user=0.30 sys=0.01, real=0.04 secs] 
27484.697: [GC 27484.697: [ParNew: 2282508K->64508K(2534400K), 0.0472620 secs] 6513857K->4296718K(10982400K), 0.0480590 secs] [Times: user=0.43 sys=0.00, real=0.04 secs] 
27487.610: [GC 27487.610: [ParNew: 2317308K->66723K(2534400K), 0.0528340 secs] 6549518K->4300498K(10982400K), 0.0536550 secs] [Times: user=0.43 sys=0.00, real=0.05 secs] 
27490.495: [GC 27490.495: [ParNew: 2319523K->52198K(2534400K), 0.0481650 secs] 6553298K->4290515K(10982400K), 0.0488640 secs] [Times: user=0.33 sys=0.00, real=0.05 secs] 
27492.547: [GC 27492.547: [ParNew: 2304998K->63154K(2534400K), 0.0439740 secs] 6543315K->4302374K(10982400K), 0.0447510 secs] [Times: user=0.39 sys=0.01, real=0.04 secs] 
27494.445: [GC 27494.446: [ParNew: 2315954K->72917K(2534400K), 0.0434640 secs] 6555174K->4313258K(10982400K), 0.0442760 secs] [Times: user=0.41 sys=0.00, real=0.05 secs] 
27496.438: [GC 27496.439: [ParNew: 2325717K->52309K(2534400K), 0.0376760 secs] 6566058K->4293839K(10982400K), 0.0384790 secs] [Times: user=0.28 sys=0.00, real=0.03 secs] 
27498.640: [GC 27498.640: [ParNew: 2305109K->43819K(2534400K), 0.0398680 secs] 6546639K->4287324K(10982400K), 0.0405700 secs] [Times: user=0.35 sys=0.00, real=0.04 secs] 
27500.375: [GC 27500.375: [ParNew: 2296619K->73719K(2534400K), 0.0437490 secs] 6540124K->4317950K(10982400K), 0.0444480 secs] [Times: user=0.49 sys=0.00, real=0.05 secs] 
27502.248: [GC 27502.249: [ParNew: 2326519K->54926K(2534400K), 0.0399370 secs] 6570750K->4300547K(10982400K), 0.0406320 secs] [Times: user=0.36 sys=0.01, real=0.05 secs] 
27503.890: [GC 27503.890: [ParNew: 2307726K->59274K(2534400K), 0.0410080 secs] 6553347K->4306564K(10982400K), 0.0417500 secs] [Times: user=0.39 sys=0.00, real=0.04 secs] 
27506.261: [GC 27506.261: [ParNew: 2312074K->45578K(2534400K), 0.0437070 secs] 6559364K->4294299K(10982400K), 0.0444040 secs] [Times: user=0.36 sys=0.00, real=0.04 secs] 
27507.721: [GC 27507.721: [ParNew: 2298378K->40079K(2534400K), 0.0382270 secs] 6547099K->4290361K(10982400K), 0.0390090 secs] [Times: user=0.38 sys=0.00, real=0.04 secs] 
27510.507: [GC 27510.508: [ParNew: 2292879K->65985K(2534400K), 0.0503150 secs] 6543161K->4318577K(10982400K), 0.0511150 secs] [Times: user=0.43 sys=0.00, real=0.05 secs] 
27512.746: [GC 27512.746: [ParNew: 2318785K->85108K(2534400K), 0.0478270 secs] 6571377K->4338518K(10982400K), 0.0485800 secs] [Times: user=0.47 sys=0.01, real=0.05 secs] 
27515.227: [GC 27515.228: [ParNew: 2337908K->59545K(2534400K), 0.0438200 secs] 6591318K->4315140K(10982400K), 0.0446290 secs] [Times: user=0.25 sys=0.00, real=0.05 secs] 
27518.292: [GC 27518.292: [ParNew: 2312345K->56303K(2534400K), 0.0573940 secs] 6567940K->4312361K(10982400K), 0.0581770 secs] [Times: user=0.43 sys=0.00, real=0.05 secs] 
27521.023: [GC 27521.024: [ParNew: 2309103K->43323K(2534400K), 0.0505190 secs] 6565161K->4300562K(10982400K), 0.0513400 secs] [Times: user=0.33 sys=0.00, real=0.05 secs] 
27523.673: [GC 27523.674: [ParNew: 2296123K->74790K(2534400K), 0.0550930 secs] 6553362K->4332647K(10982400K), 0.0558530 secs] [Times: user=0.53 sys=0.00, real=0.05 secs] 
27525.148: [GC 27525.148: [ParNew: 2327590K->60219K(2534400K), 0.0386260 secs] 6585447K->4319928K(10982400K), 0.0394420 secs] [Times: user=0.28 sys=0.01, real=0.04 secs] 
27527.536: [GC 27527.537: [ParNew: 2313019K->87807K(2534400K), 0.0509320 secs] 6572728K->4348923K(10982400K), 0.0517270 secs] [Times: user=0.55 sys=0.00, real=0.05 secs] 
27529.509: [GC 27529.510: [ParNew: 2340607K->65914K(2534400K), 0.0381760 secs] 6601723K->4328208K(10982400K), 0.0389860 secs] [Times: user=0.28 sys=0.00, real=0.04 secs] 
27531.974: [GC 27531.974: [ParNew: 2318714K->36981K(2534400K), 0.0424600 secs] 6581008K->4301400K(10982400K), 0.0431500 secs] [Times: user=0.32 sys=0.00, real=0.04 secs] 
27533.433: [GC 27533.433: [ParNew: 2289781K->39968K(2534400K), 0.0384800 secs] 6554200K->4305670K(10982400K), 0.0391650 secs] [Times: user=0.35 sys=0.01, real=0.03 secs] 
27535.258: [GC 27535.259: [ParNew: 2292768K->67459K(2534400K), 0.0481780 secs] 6558470K->4337837K(10982400K), 0.0489670 secs] [Times: user=0.45 sys=0.01, real=0.05 secs] 
27537.445: [GC 27537.446: [ParNew: 2320259K->52087K(2534400K), 0.0435160 secs] 6590637K->4325243K(10982400K), 0.0442550 secs] [Times: user=0.37 sys=0.01, real=0.04 secs] 
27539.828: [GC 27539.828: [ParNew: 2304887K->59116K(2534400K), 0.0478260 secs] 6578043K->4333852K(10982400K), 0.0485980 secs] [Times: user=0.44 sys=0.01, real=0.05 secs] 
27542.996: [GC 27542.996: [ParNew: 2311916K->49161K(2534400K), 0.0474050 secs] 6586652K->4325233K(10982400K), 0.0482010 secs] [Times: user=0.28 sys=0.00, real=0.04 secs] 
27545.046: [GC 27545.047: [ParNew: 2301961K->53467K(2534400K), 0.0471550 secs] 6578033K->4330629K(10982400K), 0.0479420 secs] [Times: user=0.42 sys=0.00, real=0.04 secs] 
27547.484: [GC 27547.484: [ParNew: 2306267K->41860K(2534400K), 0.0452510 secs] 6583429K->4320731K(10982400K), 0.0460270 secs] [Times: user=0.31 sys=0.00, real=0.05 secs] 
27549.603: [GC 27549.603: [ParNew: 2294660K->42523K(2534400K), 0.0452990 secs] 6573531K->4323063K(10982400K), 0.0460380 secs] [Times: user=0.39 sys=0.01, real=0.05 secs] 
27551.919: [GC 27551.920: [ParNew: 2295323K->68819K(2534400K), 0.0496830 secs] 6575863K->4350540K(10982400K), 0.0505290 secs] [Times: user=0.47 sys=0.00, real=0.05 secs] 
27553.973: [GC 27553.974: [ParNew: 2321619K->66079K(2534400K), 0.0489720 secs] 6603340K->4349003K(10982400K), 0.0497830 secs] [Times: user=0.44 sys=0.00, real=0.05 secs] 
27556.309: [GC 27556.309: [ParNew: 2318879K->115744K(2534400K), 0.0552480 secs] 6601803K->4400338K(10982400K), 0.0560650 secs] [Times: user=0.58 sys=0.01, real=0.05 secs] 
27559.109: [GC 27559.109: [ParNew: 2368544K->87442K(2534400K), 0.0545640 secs] 6653138K->4373086K(10982400K), 0.0553120 secs] [Times: user=0.48 sys=0.00, real=0.05 secs] 
27561.453: [GC 27561.453: [ParNew: 2340242K->64567K(2534400K), 0.0427060 secs] 6625886K->4351522K(10982400K), 0.0435020 secs] [Times: user=0.26 sys=0.00, real=0.04 secs] 
27563.966: [GC 27563.966: [ParNew: 2317367K->67169K(2534400K), 0.0511320 secs] 6604322K->4356280K(10982400K), 0.0518190 secs] [Times: user=0.46 sys=0.00, real=0.05 secs] 
27565.927: [GC 27565.928: [ParNew: 2319969K->108981K(2534400K), 0.0526320 secs] 6609080K->4400825K(10982400K), 0.0533120 secs] [Times: user=0.62 sys=0.00, real=0.06 secs] 
27568.126: [GC 27568.127: [ParNew: 2361781K->81000K(2534400K), 0.0444500 secs] 6653625K->4375397K(10982400K), 0.0452490 secs] [Times: user=0.35 sys=0.00, real=0.05 secs] 
27569.106: [GC 27569.106: [ParNew: 2333800K->135811K(2534400K), 0.0637960 secs] 6628197K->4431541K(10982400K), 0.0644700 secs] [Times: user=0.74 sys=0.00, real=0.07 secs] 
27570.916: [GC 27570.916: [ParNew: 2388611K->102308K(2534400K), 0.0503400 secs] 6684341K->4400108K(10982400K), 0.0511570 secs] [Times: user=0.27 sys=0.00, real=0.05 secs] 
27573.551: [GC 27573.551: [ParNew: 2355108K->45373K(2534400K), 0.0465890 secs] 6652908K->4347050K(10982400K), 0.0472750 secs] [Times: user=0.38 sys=0.00, real=0.04 secs] 
27575.595: [GC 27575.595: [ParNew: 2298173K->33852K(2534400K), 0.0384340 secs] 6599850K->4336272K(10982400K), 0.0391280 secs] [Times: user=0.29 sys=0.00, real=0.04 secs] 
27578.416: [GC 27578.417: [ParNew: 2286652K->68097K(2534400K), 0.0493330 secs] 6589072K->4372151K(10982400K), 0.0500200 secs] [Times: user=0.47 sys=0.01, real=0.05 secs] 
27581.095: [GC 27581.096: [ParNew: 2320897K->50384K(2534400K), 0.0452460 secs] 6624951K->4358308K(10982400K), 0.0459450 secs] [Times: user=0.33 sys=0.00, real=0.05 secs] 
27584.489: [GC 27584.489: [ParNew: 2303184K->78938K(2534400K), 0.0599070 secs] 6611108K->4389539K(10982400K), 0.0606130 secs] [Times: user=0.54 sys=0.00, real=0.06 secs] 
27587.509: [GC 27587.510: [ParNew: 2331738K->67602K(2534400K), 0.0587170 secs] 6642339K->4379483K(10982400K), 0.0595260 secs] [Times: user=0.41 sys=0.01, real=0.06 secs] 
27590.199: [GC 27590.200: [ParNew: 2320402K->39970K(2534400K), 0.0441220 secs] 6632283K->4353037K(10982400K), 0.0447990 secs] [Times: user=0.35 sys=0.00, real=0.05 secs] 
27592.145: [GC 27592.146: [ParNew: 2292762K->50413K(2534400K), 0.0403990 secs] 6605829K->4364645K(10982400K), 0.0411960 secs] [Times: user=0.35 sys=0.00, real=0.04 secs] 
27593.500: [GC 27593.500: [ParNew: 2303213K->83392K(2534400K), 0.0436080 secs] 6617445K->4399682K(10982400K), 0.0442720 secs] [Times: user=0.52 sys=0.00, real=0.05 secs] 
27593.546: [GC 27593.547: [ParNew: 89697K->98616K(2534400K), 0.0243530 secs] 4405986K->4420391K(10982400K), 0.0248560 secs] [Times: user=0.45 sys=0.01, real=0.02 secs] 
27596.204: [GC 27596.205: [ParNew: 2351416K->86952K(2534400K), 0.0533520 secs] 6673191K->4409739K(10982400K), 0.0541520 secs] [Times: user=0.45 sys=0.00, real=0.05 secs] 
27598.892: [GC 27598.892: [ParNew: 2339752K->43870K(2534400K), 0.0509050 secs] 6662539K->4367660K(10982400K), 0.0516520 secs] [Times: user=0.34 sys=0.01, real=0.06 secs] 
27601.561: [GC 27601.562: [ParNew: 2296670K->26183K(2534400K), 0.0502730 secs] 6620460K->4351558K(10982400K), 0.0510720 secs] [Times: user=0.33 sys=0.00, real=0.05 secs] 
27605.180: [GC 27605.180: [ParNew: 2278983K->32863K(2534400K), 0.0513120 secs] 6604358K->4358239K(10982400K), 0.0520780 secs] [Times: user=0.33 sys=0.01, real=0.05 secs] 
27608.217: [GC 27608.218: [ParNew: 2285663K->33460K(2534400K), 0.0507890 secs] 6611039K->4359535K(10982400K), 0.0516130 secs] [Times: user=0.35 sys=0.00, real=0.05 secs] 
27609.923: [GC 27609.923: [ParNew: 2286260K->65059K(2534400K), 0.0372670 secs] 6612335K->4391705K(10982400K), 0.0380390 secs] [Times: user=0.40 sys=0.00, real=0.04 secs] 
27612.187: [GC 27612.188: [ParNew: 2317790K->51024K(2534400K), 0.0390100 secs] 6644436K->4378889K(10982400K), 0.0396920 secs] [Times: user=0.25 sys=0.00, real=0.04 secs] 
27615.102: [GC 27615.102: [ParNew: 2303824K->59619K(2534400K), 0.0503760 secs] 6631689K->4389110K(10982400K), 0.0511720 secs] [Times: user=0.45 sys=0.00, real=0.05 secs] 
27617.306: [GC 27617.306: [ParNew: 2312419K->87831K(2534400K), 0.0554390 secs] 6641910K->4418388K(10982400K), 0.0562180 secs] [Times: user=0.54 sys=0.00, real=0.05 secs] 
27619.170: [GC 27619.170: [ParNew: 2340631K->117308K(2534400K), 0.0539460 secs] 6671188K->4448360K(10982400K), 0.0547010 secs] [Times: user=0.67 sys=0.01, real=0.05 secs] 
27620.894: [GC 27620.895: [ParNew: 2370108K->83427K(2534400K), 0.0394670 secs] 6701160K->4415392K(10982400K), 0.0401740 secs] [Times: user=0.34 sys=0.00, real=0.04 secs] 
27623.052: [GC 27623.052: [ParNew: 2336227K->77970K(2534400K), 0.0562600 secs] 6668192K->4417784K(10982400K), 0.0570510 secs] [Times: user=0.52 sys=0.01, real=0.06 secs] 
27625.385: [GC 27625.386: [ParNew: 2330770K->89236K(2534400K), 0.0471210 secs] 6670584K->4430208K(10982400K), 0.0478980 secs] [Times: user=0.45 sys=0.01, real=0.05 secs] 
27628.156: [GC 27628.156: [ParNew: 2342036K->97418K(2534400K), 0.0575850 secs] 6683008K->4445749K(10982400K), 0.0582930 secs] [Times: user=0.51 sys=0.01, real=0.06 secs] 
27631.027: [GC 27631.027: [ParNew: 2350195K->132995K(2534400K), 0.0597500 secs] 6698526K->4482302K(10982400K), 0.0605470 secs] [Times: user=0.57 sys=0.01, real=0.07 secs] 
27632.871: [GC 27632.871: [ParNew: 2385795K->135382K(2534400K), 0.0541510 secs] 6735102K->4491025K(10982400K), 0.0549190 secs] [Times: user=0.65 sys=0.00, real=0.05 secs] 
27634.479: [GC 27634.479: [ParNew: 2388182K->121826K(2534400K), 0.0542130 secs] 6743825K->4487938K(10982400K), 0.0549900 secs] [Times: user=0.63 sys=0.00, real=0.05 secs] 
27636.590: [GC 27636.591: [ParNew: 2374626K->107398K(2534400K), 0.0481970 secs] 6740738K->4478380K(10982400K), 0.0488980 secs] [Times: user=0.56 sys=0.00, real=0.05 secs] 
27638.957: [GC 27638.957: [ParNew: 2360198K->78420K(2534400K), 0.0518210 secs] 6731180K->4457726K(10982400K), 0.0525150 secs] [Times: user=0.44 sys=0.01, real=0.06 secs] 
27640.802: [GC 27640.802: [ParNew: 2331220K->70806K(2534400K), 0.0507230 secs] 6710526K->4462369K(10982400K), 0.0514130 secs] [Times: user=0.49 sys=0.01, real=0.05 secs] 
27642.530: [GC 27642.530: [ParNew: 2323606K->53392K(2534400K), 0.0403070 secs] 6715169K->4446956K(10982400K), 0.0411050 secs] [Times: user=0.30 sys=0.01, real=0.04 secs] 
27645.631: [GC 27645.632: [ParNew: 2306192K->62936K(2534400K), 0.0556640 secs] 6699756K->4458534K(10982400K), 0.0564110 secs] [Times: user=0.45 sys=0.00, real=0.05 secs] 
27648.536: [GC 27648.536: [ParNew: 2315736K->53487K(2534400K), 0.0539730 secs] 6711334K->4451237K(10982400K), 0.0547620 secs] [Times: user=0.41 sys=0.00, real=0.05 secs] 
27651.118: [GC 27651.119: [ParNew: 2306287K->76965K(2534400K), 0.0505050 secs] 6704037K->4476427K(10982400K), 0.0513300 secs] [Times: user=0.46 sys=0.00, real=0.05 secs] 
27652.948: [GC 27652.949: [ParNew: 2329765K->74028K(2534400K), 0.0397050 secs] 6729227K->4474661K(10982400K), 0.0405080 secs] [Times: user=0.34 sys=0.01, real=0.04 secs] 
27654.522: [GC 27654.523: [ParNew: 2326828K->94040K(2534400K), 0.0461800 secs] 6727461K->4496543K(10982400K), 0.0469820 secs] [Times: user=0.45 sys=0.00, real=0.04 secs] 
27656.193: [GC 27656.194: [ParNew: 2346840K->85016K(2534400K), 0.0587950 secs] 6749343K->4505834K(10982400K), 0.0596040 secs] [Times: user=0.49 sys=0.00, real=0.06 secs] 
27658.513: [GC 27658.513: [ParNew: 2337816K->62332K(2534400K), 0.0451950 secs] 6758634K->4485022K(10982400K), 0.0459320 secs] [Times: user=0.39 sys=0.00, real=0.04 secs] 
27660.644: [GC 27660.644: [ParNew: 2315174K->77726K(2534400K), 0.0505330 secs] 6737864K->4505384K(10982400K), 0.0512940 secs] [Times: user=0.48 sys=0.00, real=0.05 secs] 
27660.699: [GC 27660.699: [ParNew: 80111K->92292K(2534400K), 0.0227340 secs] 4507769K->4523092K(10982400K), 0.0232580 secs] [Times: user=0.44 sys=0.01, real=0.02 secs] 
27662.839: [GC 27662.839: [ParNew: 2345092K->68834K(2534400K), 0.0458870 secs] 6775892K->4502421K(10982400K), 0.0466800 secs] [Times: user=0.39 sys=0.00, real=0.05 secs] 
27665.739: [GC 27665.739: [ParNew: 2321634K->41442K(2534400K), 0.0475670 secs] 6755221K->4476651K(10982400K), 0.0483500 secs] [Times: user=0.34 sys=0.00, real=0.05 secs] 
27669.099: [GC 27669.099: [ParNew: 2294242K->60518K(2534400K), 0.0565920 secs] 6729451K->4503225K(10982400K), 0.0572880 secs] [Times: user=0.44 sys=0.00, real=0.06 secs] 
27671.690: [GC 27671.691: [ParNew: 2313318K->49689K(2534400K), 0.0448600 secs] 6756025K->4492396K(10982400K), 0.0455530 secs] [Times: user=0.33 sys=0.01, real=0.05 secs] 
27674.358: [GC 27674.358: [ParNew: 2302489K->37161K(2534400K), 0.0462910 secs] 6745196K->4485056K(10982400K), 0.0469890 secs] [Times: user=0.31 sys=0.00, real=0.05 secs] 
27677.232: [GC 27677.232: [ParNew: 2289961K->63582K(2534400K), 0.0555880 secs] 6737856K->4513717K(10982400K), 0.0562810 secs] [Times: user=0.44 sys=0.00, real=0.06 secs] 
27679.098: [GC 27679.098: [ParNew: 2316382K->80798K(2534400K), 0.0454310 secs] 6766517K->4532472K(10982400K), 0.0461190 secs] [Times: user=0.45 sys=0.00, real=0.04 secs] 
27682.432: [GC 27682.433: [ParNew: 2333598K->67166K(2534400K), 0.0564770 secs] 6785272K->4519763K(10982400K), 0.0573080 secs] [Times: user=0.39 sys=0.00, real=0.06 secs] 
27683.962: [GC 27683.962: [ParNew: 2319966K->85394K(2534400K), 0.0514410 secs] 6772563K->4539443K(10982400K), 0.0521240 secs] [Times: user=0.42 sys=0.00, real=0.05 secs] 
27685.348: [GC 27685.348: [ParNew: 2338194K->100781K(2534400K), 0.0477470 secs] 6792243K->4556382K(10982400K), 0.0485240 secs] [Times: user=0.50 sys=0.01, real=0.05 secs] 
27687.727: [GC 27687.727: [ParNew: 2353581K->81118K(2534400K), 0.0549320 secs] 6809182K->4544588K(10982400K), 0.0554940 secs] [Times: user=0.36 sys=0.01, real=0.05 secs] 
27690.242: [GC 27690.243: [ParNew: 2333918K->68894K(2534400K), 0.0455810 secs] 6797388K->4534511K(10982400K), 0.0461690 secs] [Times: user=0.37 sys=0.00, real=0.05 secs] 
27692.645: [GC 27692.646: [ParNew: 2321694K->49612K(2534400K), 0.0428140 secs] 6787311K->4516219K(10982400K), 0.0434440 secs] [Times: user=0.32 sys=0.00, real=0.05 secs] 
27695.814: [GC 27695.814: [ParNew: 2302412K->38763K(2534400K), 0.0472160 secs] 6769019K->4506565K(10982400K), 0.0478520 secs] [Times: user=0.31 sys=0.00, real=0.05 secs] 
27698.371: [GC 27698.371: [ParNew: 2291563K->37780K(2534400K), 0.0431550 secs] 6759365K->4510234K(10982400K), 0.0437560 secs] [Times: user=0.31 sys=0.00, real=0.04 secs] 
27700.577: [GC 27700.578: [ParNew: 2290580K->81604K(2534400K), 0.0470490 secs] 6763034K->4555937K(10982400K), 0.0476600 secs] [Times: user=0.50 sys=0.00, real=0.05 secs] 
27702.513: [GC 27702.513: [ParNew: 2334404K->58890K(2534400K), 0.0386720 secs] 6808737K->4533956K(10982400K), 0.0392300 secs] [Times: user=0.30 sys=0.00, real=0.04 secs] 
27704.914: [GC 27704.914: [ParNew: 2311690K->30560K(2534400K), 0.0463630 secs] 6786756K->4506899K(10982400K), 0.0469720 secs] [Times: user=0.34 sys=0.01, real=0.05 secs] 
27707.283: [GC 27707.283: [ParNew: 2283360K->38017K(2534400K), 0.0424760 secs] 6759699K->4515313K(10982400K), 0.0430420 secs] [Times: user=0.37 sys=0.00, real=0.04 secs] 
27708.881: [GC 27708.882: [ParNew: 2290817K->52999K(2534400K), 0.0371250 secs] 6768113K->4531349K(10982400K), 0.0377360 secs] [Times: user=0.36 sys=0.00, real=0.03 secs] 
27710.313: [GC 27710.313: [ParNew: 2305799K->145490K(2534400K), 0.0626220 secs] 6784149K->4624339K(10982400K), 0.0632070 secs] [Times: user=1.03 sys=0.00, real=0.06 secs] 
27712.197: [GC 27712.198: [ParNew: 2398290K->113037K(2534400K), 0.0379490 secs] 6877139K->4593271K(10982400K), 0.0386350 secs] [Times: user=0.25 sys=0.00, real=0.04 secs] 
27714.151: [GC 27714.152: [ParNew: 2365837K->90809K(2534400K), 0.0585030 secs] 6846071K->4572493K(10982400K), 0.0591730 secs] [Times: user=0.48 sys=0.00, real=0.06 secs] 
27715.488: [GC 27715.490: [ParNew: 2343609K->126474K(2534400K), 0.0643880 secs] 6825293K->4610772K(10982400K), 0.0652340 secs] [Times: user=0.72 sys=0.00, real=0.07 secs] 
27717.831: [GC 27717.832: [ParNew: 2379274K->83296K(2534400K), 0.0464960 secs] 6863572K->4571669K(10982400K), 0.0471900 secs] [Times: user=0.39 sys=0.00, real=0.04 secs] 
27719.416: [GC 27719.416: [ParNew: 2336096K->67690K(2534400K), 0.0476920 secs] 6824469K->4557157K(10982400K), 0.0484490 secs] [Times: user=0.42 sys=0.00, real=0.05 secs] 
27721.292: [GC 27721.292: [ParNew: 2320490K->49224K(2534400K), 0.0465210 secs] 6809957K->4539468K(10982400K), 0.0473040 secs] [Times: user=0.31 sys=0.00, real=0.04 secs] 
27723.137: [GC 27723.138: [ParNew: 2302024K->46583K(2534400K), 0.0542540 secs] 6792268K->4537972K(10982400K), 0.0550260 secs] [Times: user=0.37 sys=0.00, real=0.06 secs] 
27724.774: [GC 27724.774: [ParNew: 2299383K->46386K(2534400K), 0.0445420 secs] 6790772K->4539765K(10982400K), 0.0452440 secs] [Times: user=0.39 sys=0.00, real=0.04 secs] 
27726.679: [GC 27726.679: [ParNew: 2299186K->47369K(2534400K), 0.0478240 secs] 6792565K->4541776K(10982400K), 0.0485740 secs] [Times: user=0.28 sys=0.00, real=0.05 secs] 
27729.801: [GC 27729.801: [ParNew: 2300169K->70913K(2534400K), 0.0552420 secs] 6794576K->4566275K(10982400K), 0.0560320 secs] [Times: user=0.42 sys=0.00, real=0.06 secs] 
27731.497: [GC 27731.497: [ParNew: 2323713K->50054K(2534400K), 0.0438690 secs] 6819075K->4545924K(10982400K), 0.0446540 secs] [Times: user=0.35 sys=0.01, real=0.04 secs] 
27733.999: [GC 27734.000: [ParNew: 2302854K->28973K(2534400K), 0.0467210 secs] 6798724K->4527112K(10982400K), 0.0474690 secs] [Times: user=0.34 sys=0.00, real=0.05 secs] 
27735.798: [GC 27735.799: [ParNew: 2281773K->58357K(2534400K), 0.0410820 secs] 6779912K->4558131K(10982400K), 0.0417830 secs] [Times: user=0.38 sys=0.00, real=0.04 secs] 
27737.304: [GC 27737.304: [ParNew: 2311157K->41783K(2534400K), 0.0377210 secs] 6810931K->4542801K(10982400K), 0.0385090 secs] [Times: user=0.33 sys=0.00, real=0.03 secs] 
27740.335: [GC 27740.335: [ParNew: 2294583K->26268K(2534400K), 0.0428890 secs] 6795601K->4528291K(10982400K), 0.0435940 secs] [Times: user=0.26 sys=0.01, real=0.04 secs] 
27742.872: [GC 27742.872: [ParNew: 2279068K->25702K(2534400K), 0.0496120 secs] 6781091K->4528924K(10982400K), 0.0504250 secs] [Times: user=0.35 sys=0.00, real=0.05 secs] 
27745.079: [GC 27745.079: [ParNew: 2278502K->52539K(2534400K), 0.0444420 secs] 6781724K->4556725K(10982400K), 0.0452320 secs] [Times: user=0.35 sys=0.01, real=0.04 secs] 
27747.431: [GC 27747.431: [ParNew: 2305339K->79546K(2534400K), 0.0532290 secs] 6809525K->4584393K(10982400K), 0.0539250 secs] [Times: user=0.49 sys=0.00, real=0.05 secs] 
27749.663: [GC 27749.664: [ParNew: 2332346K->56555K(2534400K), 0.0465670 secs] 6837193K->4562561K(10982400K), 0.0472530 secs] [Times: user=0.37 sys=0.00, real=0.05 secs] 
27751.673: [GC 27751.673: [ParNew: 2309355K->61191K(2534400K), 0.0448740 secs] 6815361K->4567713K(10982400K), 0.0455710 secs] [Times: user=0.42 sys=0.00, real=0.05 secs] 
27753.333: [GC 27753.333: [ParNew: 2313991K->46158K(2534400K), 0.0359590 secs] 6820513K->4553770K(10982400K), 0.0366490 secs] [Times: user=0.25 sys=0.01, real=0.04 secs] 
27756.016: [GC 27756.016: [ParNew: 2298958K->29185K(2534400K), 0.0459470 secs] 6806570K->4541214K(10982400K), 0.0466430 secs] [Times: user=0.31 sys=0.01, real=0.05 secs] 
27758.348: [GC 27758.348: [ParNew: 2281985K->27423K(2534400K), 0.0414330 secs] 6794014K->4541176K(10982400K), 0.0421430 secs] [Times: user=0.28 sys=0.00, real=0.05 secs] 
27760.598: [GC 27760.598: [ParNew: 2280223K->28577K(2534400K), 0.0372470 secs] 6793976K->4543022K(10982400K), 0.0380460 secs] [Times: user=0.24 sys=0.00, real=0.03 secs] 
27763.907: [GC 27763.907: [ParNew: 2281377K->50466K(2534400K), 0.0526410 secs] 6795822K->4565464K(10982400K), 0.0533470 secs] [Times: user=0.42 sys=0.00, real=0.06 secs] 
27766.415: [GC 27766.416: [ParNew: 2303266K->52281K(2534400K), 0.0545790 secs] 6818264K->4568672K(10982400K), 0.0552870 secs] [Times: user=0.34 sys=0.00, real=0.06 secs] 
27768.537: [GC 27768.537: [ParNew: 2305081K->61228K(2534400K), 0.0520910 secs] 6821472K->4578616K(10982400K), 0.0528080 secs] [Times: user=0.30 sys=0.00, real=0.06 secs] 
27770.492: [GC 27770.493: [ParNew: 2314028K->73009K(2534400K), 0.0475090 secs] 6831416K->4593884K(10982400K), 0.0482240 secs] [Times: user=0.44 sys=0.00, real=0.05 secs] 
27771.885: [GC 27771.885: [ParNew: 2325809K->59147K(2534400K), 0.0493880 secs] 6846684K->4589663K(10982400K), 0.0501360 secs] [Times: user=0.41 sys=0.01, real=0.05 secs] 
27773.453: [GC 27773.454: [ParNew: 2311947K->77347K(2534400K), 0.0580230 secs] 6842463K->4611463K(10982400K), 0.0588560 secs] [Times: user=0.36 sys=0.00, real=0.06 secs] 
27774.945: [GC 27774.945: [ParNew: 2330147K->54216K(2534400K), 0.0392250 secs] 6864263K->4589515K(10982400K), 0.0399920 secs] [Times: user=0.35 sys=0.00, real=0.04 secs] 
27777.310: [GC 27777.310: [ParNew: 2307016K->44900K(2534400K), 0.0470030 secs] 6842315K->4581924K(10982400K), 0.0477370 secs] [Times: user=0.33 sys=0.00, real=0.04 secs] 
27778.675: [GC 27778.676: [ParNew: 2297700K->82383K(2534400K), 0.0487010 secs] 6834724K->4621144K(10982400K), 0.0494080 secs] [Times: user=0.48 sys=0.00, real=0.05 secs] 
27780.074: [GC 27780.074: [ParNew: 2335183K->119712K(2534400K), 0.0932710 secs] 6873944K->4659653K(10982400K), 0.0940900 secs] [Times: user=0.46 sys=0.00, real=0.09 secs] 
27782.223: [GC 27782.223: [ParNew: 2372512K->103768K(2534400K), 0.0881470 secs] 6912453K->4644463K(10982400K), 0.0888590 secs] [Times: user=0.41 sys=0.00, real=0.09 secs] 
27784.425: [GC 27784.425: [ParNew: 2356568K->76709K(2534400K), 0.0804090 secs] 6897263K->4619012K(10982400K), 0.0812100 secs] [Times: user=0.42 sys=0.00, real=0.08 secs] 
27786.363: [GC 27786.363: [ParNew: 2329509K->72100K(2534400K), 0.0867460 secs] 6871812K->4615355K(10982400K), 0.0874360 secs] [Times: user=0.37 sys=0.00, real=0.08 secs] 
27787.952: [GC 27787.952: [ParNew: 2324900K->90599K(2534400K), 0.0727540 secs] 6868155K->4635123K(10982400K), 0.0735450 secs] [Times: user=0.48 sys=0.00, real=0.07 secs] 
27789.477: [GC 27789.477: [ParNew: 2343399K->68854K(2534400K), 0.0624650 secs] 6887923K->4614752K(10982400K), 0.0632500 secs] [Times: user=0.38 sys=0.00, real=0.06 secs] 
27791.088: [GC 27791.089: [ParNew: 2321654K->64326K(2534400K), 0.0737970 secs] 6867552K->4611568K(10982400K), 0.0745080 secs] [Times: user=0.34 sys=0.00, real=0.08 secs] 
27792.038: [GC 27792.038: [ParNew: 2317126K->77813K(2534400K), 0.0715610 secs] 6864368K->4626369K(10982400K), 0.0722530 secs] [Times: user=0.41 sys=0.00, real=0.07 secs] 
27792.728: [GC 27792.729: [ParNew: 2330613K->47482K(2534400K), 0.0390140 secs] 6879169K->4597125K(10982400K), 0.0397010 secs] [Times: user=0.32 sys=0.00, real=0.04 secs] 
27793.521: [GC 27793.522: [ParNew: 2300282K->40257K(2534400K), 0.0474250 secs] 6849925K->4591062K(10982400K), 0.0481150 secs] [Times: user=0.36 sys=0.00, real=0.05 secs] 
27794.209: [GC 27794.210: [ParNew: 2293057K->35566K(2534400K), 0.0433500 secs] 6843862K->4587753K(10982400K), 0.0441080 secs] [Times: user=0.30 sys=0.01, real=0.05 secs] 
27794.856: [GC 27794.856: [ParNew: 2288366K->49089K(2534400K), 0.0357510 secs] 6840553K->4601716K(10982400K), 0.0365440 secs] [Times: user=0.32 sys=0.00, real=0.03 secs] 
27795.728: [GC 27795.729: [ParNew: 2301889K->37531K(2534400K), 0.0380030 secs] 6854516K->4591630K(10982400K), 0.0387950 secs] [Times: user=0.37 sys=0.00, real=0.04 secs] 
27796.458: [GC 27796.459: [ParNew: 2290331K->102621K(2534400K), 0.0495470 secs] 6844430K->4657527K(10982400K), 0.0503270 secs] [Times: user=0.60 sys=0.01, real=0.05 secs] 
27797.166: [GC 27797.167: [ParNew: 2355421K->74801K(2534400K), 0.0384340 secs] 6910327K->4630290K(10982400K), 0.0391700 secs] [Times: user=0.36 sys=0.00, real=0.04 secs] 
27798.525: [GC 27798.526: [ParNew: 2327601K->32259K(2534400K), 0.0470620 secs] 6883090K->4588981K(10982400K), 0.0478480 secs] [Times: user=0.37 sys=0.00, real=0.04 secs] 
27800.819: [GC 27800.819: [ParNew: 2285059K->35855K(2534400K), 0.0450010 secs] 6841781K->4593925K(10982400K), 0.0457320 secs] [Times: user=0.33 sys=0.00, real=0.05 secs] 
27803.221: [GC 27803.222: [ParNew: 2288655K->45680K(2534400K), 0.0511160 secs] 6846725K->4605383K(10982400K), 0.0518670 secs] [Times: user=0.33 sys=0.00, real=0.05 secs] 
27805.210: [GC 27805.210: [ParNew: 2298480K->40563K(2534400K), 0.0488610 secs] 6858183K->4602625K(10982400K), 0.0497280 secs] [Times: user=0.39 sys=0.01, real=0.05 secs] 
27807.479: [GC 27807.479: [ParNew: 2293289K->37104K(2534400K), 0.0454940 secs] 6855351K->4599849K(10982400K), 0.0462760 secs] [Times: user=0.36 sys=0.01, real=0.05 secs] 
27809.039: [GC 27809.040: [ParNew: 2289904K->40826K(2534400K), 0.0366130 secs] 6852649K->4604502K(10982400K), 0.0373420 secs] [Times: user=0.37 sys=0.01, real=0.04 secs] 
27810.984: [GC 27810.984: [ParNew: 2293626K->45003K(2534400K), 0.0403010 secs] 6857302K->4609455K(10982400K), 0.0410070 secs] [Times: user=0.34 sys=0.00, real=0.04 secs] 
27813.677: [GC 27813.678: [ParNew: 2297361K->41537K(2534400K), 0.0494000 secs] 6861813K->4608053K(10982400K), 0.0500890 secs] [Times: user=0.40 sys=0.00, real=0.05 secs] 
27815.644: [GC 27815.645: [ParNew: 2294337K->29859K(2534400K), 0.0469000 secs] 6860853K->4600580K(10982400K), 0.0477570 secs] [Times: user=0.37 sys=0.01, real=0.05 secs] 
27818.227: [GC 27818.227: [ParNew: 2282700K->72701K(2534400K), 0.0548960 secs] 6853420K->4644366K(10982400K), 0.0556620 secs] [Times: user=0.50 sys=0.00, real=0.05 secs] 
27818.286: [GC 27818.286: [ParNew: 73024K->93837K(2534400K), 0.0223440 secs] 4644690K->4666039K(10982400K), 0.0228870 secs] [Times: user=0.45 sys=0.01, real=0.03 secs] 
27821.112: [GC 27821.113: [ParNew: 2346637K->71455K(2534400K), 0.0457200 secs] 6918839K->4644291K(10982400K), 0.0464210 secs] [Times: user=0.28 sys=0.01, real=0.05 secs] 
27823.511: [GC 27823.512: [ParNew: 2324255K->80337K(2534400K), 0.0520890 secs] 6897091K->4654780K(10982400K), 0.0527920 secs] [Times: user=0.56 sys=0.01, real=0.05 secs] 
27825.152: [GC 27825.152: [ParNew: 2333137K->58878K(2534400K), 0.0387020 secs] 6907580K->4635876K(10982400K), 0.0394890 secs] [Times: user=0.29 sys=0.01, real=0.04 secs] 
27827.595: [GC 27827.596: [ParNew: 2311678K->37983K(2534400K), 0.0519590 secs] 6888676K->4614981K(10982400K), 0.0526490 secs] [Times: user=0.38 sys=0.00, real=0.06 secs] 
27829.585: [GC 27829.585: [ParNew: 2290783K->37603K(2534400K), 0.0424830 secs] 6867781K->4616027K(10982400K), 0.0431730 secs] [Times: user=0.36 sys=0.00, real=0.05 secs] 
27832.114: [GC 27832.115: [ParNew: 2290403K->80557K(2534400K), 0.0556360 secs] 6868827K->4660499K(10982400K), 0.0563320 secs] [Times: user=0.58 sys=0.00, real=0.06 secs] 
27833.701: [GC 27833.702: [ParNew: 2333357K->60316K(2534400K), 0.0403180 secs] 6913299K->4641133K(10982400K), 0.0410070 secs] [Times: user=0.27 sys=0.00, real=0.04 secs] 
27835.512: [GC 27835.512: [ParNew: 2313116K->66433K(2534400K), 0.0506400 secs] 6893933K->4649556K(10982400K), 0.0514030 secs] [Times: user=0.48 sys=0.00, real=0.05 secs] 
27837.662: [GC 27837.662: [ParNew: 2319233K->95320K(2534400K), 0.0484140 secs] 6902356K->4679733K(10982400K), 0.0491060 secs] [Times: user=0.52 sys=0.00, real=0.05 secs] 
27840.409: [GC 27840.410: [ParNew: 2348120K->82318K(2534400K), 0.0547450 secs] 6932533K->4668199K(10982400K), 0.0555680 secs] [Times: user=0.44 sys=0.00, real=0.06 secs] 
27841.872: [GC 27841.872: [ParNew: 2335118K->73645K(2534400K), 0.0399740 secs] 6920999K->4661265K(10982400K), 0.0406500 secs] [Times: user=0.44 sys=0.00, real=0.04 secs] 
27843.742: [GC 27843.743: [ParNew: 2326445K->56621K(2534400K), 0.0372840 secs] 6914065K->4645733K(10982400K), 0.0379640 secs] [Times: user=0.32 sys=0.00, real=0.03 secs] 
27846.168: [GC 27846.169: [ParNew: 2309421K->58019K(2534400K), 0.0515450 secs] 6898533K->4648458K(10982400K), 0.0522450 secs] [Times: user=0.40 sys=0.00, real=0.06 secs] 
27848.723: [GC 27848.724: [ParNew: 2310819K->45939K(2534400K), 0.0435640 secs] 6901258K->4637391K(10982400K), 0.0442500 secs] [Times: user=0.32 sys=0.00, real=0.04 secs] 
27850.853: [GC 27850.853: [ParNew: 2298739K->47465K(2534400K), 0.0441940 secs] 6890191K->4639470K(10982400K), 0.0449960 secs] [Times: user=0.40 sys=0.01, real=0.04 secs] 
27853.712: [GC 27853.712: [ParNew: 2300265K->38740K(2534400K), 0.0637090 secs] 6892270K->4641483K(10982400K), 0.0643940 secs] [Times: user=0.37 sys=0.01, real=0.06 secs] 
27856.446: [GC 27856.447: [ParNew: 2291540K->32468K(2534400K), 0.0501650 secs] 6894283K->4638687K(10982400K), 0.0509940 secs] [Times: user=0.33 sys=0.00, real=0.05 secs] 
27859.585: [GC 27859.586: [ParNew: 2285268K->27766K(2534400K), 0.0502390 secs] 6891487K->4635624K(10982400K), 0.0510470 secs] [Times: user=0.34 sys=0.00, real=0.05 secs] 
27862.242: [GC 27862.242: [ParNew: 2280566K->33377K(2534400K), 0.0497800 secs] 6888424K->4643316K(10982400K), 0.0505990 secs] [Times: user=0.37 sys=0.00, real=0.05 secs] 
27864.962: [GC 27864.963: [ParNew: 2286177K->34536K(2534400K), 0.0473120 secs] 6896116K->4645550K(10982400K), 0.0481020 secs] [Times: user=0.33 sys=0.00, real=0.05 secs] 
27867.610: [GC 27867.610: [ParNew: 2287336K->31303K(2534400K), 0.0456660 secs] 6898350K->4644010K(10982400K), 0.0463900 secs] [Times: user=0.32 sys=0.00, real=0.05 secs] 
27869.866: [GC 27869.867: [ParNew: 2284103K->64927K(2534400K), 0.0511610 secs] 6896810K->4678466K(10982400K), 0.0519580 secs] [Times: user=0.44 sys=0.00, real=0.05 secs] 
27871.438: [GC 27871.439: [ParNew: 2317727K->46880K(2534400K), 0.0393450 secs] 6931266K->4661913K(10982400K), 0.0401380 secs] [Times: user=0.31 sys=0.00, real=0.04 secs] 
27874.057: [GC 27874.058: [ParNew: 2299680K->35312K(2534400K), 0.0487050 secs] 6914713K->4651487K(10982400K), 0.0494620 secs] [Times: user=0.36 sys=0.00, real=0.05 secs] 
27876.719: [GC 27876.720: [ParNew: 2288112K->84848K(2534400K), 0.0615660 secs] 6904287K->4702783K(10982400K), 0.0623700 secs] [Times: user=0.65 sys=0.00, real=0.06 secs] 
27879.037: [GC 27879.037: [ParNew: 2337648K->65256K(2534400K), 0.0448830 secs] 6955583K->4684140K(10982400K), 0.0456860 secs] [Times: user=0.35 sys=0.00, real=0.04 secs] 
27881.419: [GC 27881.420: [ParNew: 2318056K->35842K(2534400K), 0.0409950 secs] 6936940K->4656028K(10982400K), 0.0416920 secs] [Times: user=0.28 sys=0.00, real=0.04 secs] 
27883.813: [GC 27883.814: [ParNew: 2288642K->38959K(2534400K), 0.0391360 secs] 6908828K->4659868K(10982400K), 0.0398350 secs] [Times: user=0.28 sys=0.00, real=0.04 secs] 
27886.635: [GC 27886.635: [ParNew: 2291759K->65236K(2534400K), 0.0541620 secs] 6912668K->4687909K(10982400K), 0.0548520 secs] [Times: user=0.46 sys=0.00, real=0.06 secs] 
27888.881: [GC 27888.881: [ParNew: 2318036K->74064K(2534400K), 0.0509780 secs] 6940709K->4697755K(10982400K), 0.0516880 secs] [Times: user=0.41 sys=0.00, real=0.05 secs] 
27890.081: [GC 27890.081: [ParNew: 2326697K->87388K(2534400K), 0.0374310 secs] 6950388K->4712574K(10982400K), 0.0381240 secs] [Times: user=0.45 sys=0.01, real=0.04 secs] 
27892.499: [GC 27892.500: [ParNew: 2340188K->65168K(2534400K), 0.0500690 secs] 6965374K->4691059K(10982400K), 0.0507670 secs] [Times: user=0.43 sys=0.00, real=0.05 secs] 
27894.125: [GC 27894.125: [ParNew: 2317968K->47532K(2534400K), 0.0471900 secs] 6943859K->4674621K(10982400K), 0.0480080 secs] [Times: user=0.37 sys=0.01, real=0.05 secs] 
27896.263: [GC 27896.264: [ParNew: 2300332K->45667K(2534400K), 0.0461600 secs] 6927421K->4674335K(10982400K), 0.0469810 secs] [Times: user=0.36 sys=0.00, real=0.05 secs] 
27897.861: [GC 27897.861: [ParNew: 2298467K->34775K(2534400K), 0.0402960 secs] 6927135K->4664004K(10982400K), 0.0410070 secs] [Times: user=0.35 sys=0.00, real=0.04 secs] 
27900.004: [GC 27900.005: [ParNew: 2287575K->32906K(2534400K), 0.0422720 secs] 6916804K->4663003K(10982400K), 0.0430740 secs] [Times: user=0.32 sys=0.00, real=0.04 secs] 
27902.485: [GC 27902.485: [ParNew: 2285553K->58964K(2534400K), 0.0483940 secs] 6915650K->4689687K(10982400K), 0.0492060 secs] [Times: user=0.40 sys=0.00, real=0.05 secs] 
27904.895: [GC 27904.895: [ParNew: 2311764K->47059K(2534400K), 0.0453490 secs] 6942487K->4679149K(10982400K), 0.0460550 secs] [Times: user=0.38 sys=0.00, real=0.05 secs] 
27907.174: [GC 27907.174: [ParNew: 2299859K->47422K(2534400K), 0.0411780 secs] 6931949K->4680147K(10982400K), 0.0418720 secs] [Times: user=0.34 sys=0.00, real=0.04 secs] 
27908.569: [GC 27908.570: [ParNew: 2300222K->96794K(2534400K), 0.0452960 secs] 6932947K->4730356K(10982400K), 0.0459700 secs] [Times: user=0.58 sys=0.01, real=0.05 secs] 
27910.286: [GC 27910.287: [ParNew: 2349594K->83446K(2534400K), 0.0550700 secs] 6983156K->4725515K(10982400K), 0.0558770 secs] [Times: user=0.46 sys=0.00, real=0.06 secs] 
27912.012: [GC 27912.012: [ParNew: 2336246K->39944K(2534400K), 0.0390470 secs] 6978315K->4687480K(10982400K), 0.0397310 secs] [Times: user=0.33 sys=0.00, real=0.04 secs] 
27912.860: [GC 27912.860: [ParNew: 2292744K->31835K(2534400K), 0.0250210 secs] 6940280K->4680636K(10982400K), 0.0257630 secs] [Times: user=0.25 sys=0.01, real=0.03 secs] 
27915.142: [GC 27915.142: [ParNew: 2284635K->35386K(2534400K), 0.0429050 secs] 6933436K->4684745K(10982400K), 0.0435940 secs] [Times: user=0.32 sys=0.00, real=0.04 secs] 
27916.570: [GC 27916.570: [ParNew: 2288186K->37539K(2534400K), 0.0304650 secs] 6937545K->4687692K(10982400K), 0.0312630 secs] [Times: user=0.27 sys=0.00, real=0.03 secs] 
27919.062: [GC 27919.062: [ParNew: 2290339K->35214K(2534400K), 0.0422420 secs] 6940492K->4689555K(10982400K), 0.0430500 secs] [Times: user=0.26 sys=0.00, real=0.05 secs] 
27921.178: [GC 27921.179: [ParNew: 2288014K->29634K(2534400K), 0.0403720 secs] 6942355K->4684670K(10982400K), 0.0410550 secs] [Times: user=0.31 sys=0.00, real=0.04 secs] 
27922.988: [GC 27922.989: [ParNew: 2282434K->32140K(2534400K), 0.0371140 secs] 6937470K->4688480K(10982400K), 0.0378110 secs] [Times: user=0.31 sys=0.01, real=0.04 secs] 
27925.153: [GC 27925.153: [ParNew: 2284940K->31818K(2534400K), 0.0457550 secs] 6941280K->4689191K(10982400K), 0.0465620 secs] [Times: user=0.35 sys=0.00, real=0.04 secs] 
27927.058: [GC 27927.059: [ParNew: 2284618K->29449K(2534400K), 0.0419550 secs] 6941991K->4688117K(10982400K), 0.0426440 secs] [Times: user=0.34 sys=0.00, real=0.04 secs] 
27928.914: [GC 27928.914: [ParNew: 2282249K->32208K(2534400K), 0.0382280 secs] 6940917K->4691956K(10982400K), 0.0389010 secs] [Times: user=0.33 sys=0.00, real=0.04 secs] 
27931.209: [GC 27931.209: [ParNew: 2285008K->39443K(2534400K), 0.0416090 secs] 6944756K->4700343K(10982400K), 0.0424360 secs] [Times: user=0.32 sys=0.00, real=0.04 secs] 
27932.720: [GC 27932.720: [ParNew: 2292243K->73777K(2534400K), 0.0424790 secs] 6953143K->4735838K(10982400K), 0.0432670 secs] [Times: user=0.48 sys=0.01, real=0.04 secs] 
27934.986: [GC 27934.986: [ParNew: 2326577K->79737K(2534400K), 0.0659810 secs] 6988638K->4744100K(10982400K), 0.0666770 secs] [Times: user=0.36 sys=0.00, real=0.06 secs] 
27937.266: [GC 27937.266: [ParNew: 2332531K->57123K(2534400K), 0.0670770 secs] 6996894K->4724027K(10982400K), 0.0677820 secs] [Times: user=0.39 sys=0.01, real=0.06 secs] 
27939.663: [GC 27939.664: [ParNew: 2309923K->38718K(2534400K), 0.0437660 secs] 6976827K->4706538K(10982400K), 0.0445520 secs] [Times: user=0.33 sys=0.00, real=0.05 secs] 
27941.466: [GC 27941.466: [ParNew: 2291518K->71147K(2534400K), 0.0495490 secs] 6959338K->4740145K(10982400K), 0.0503500 secs] [Times: user=0.42 sys=0.01, real=0.05 secs] 
27943.623: [GC 27943.624: [ParNew: 2323947K->73284K(2534400K), 0.0487470 secs] 6992945K->4743296K(10982400K), 0.0495090 secs] [Times: user=0.44 sys=0.01, real=0.05 secs] 
27945.644: [GC 27945.645: [ParNew: 2326087K->50658K(2534400K), 0.0459040 secs] 6996099K->4721572K(10982400K), 0.0466550 secs] [Times: user=0.32 sys=0.00, real=0.05 secs] 
27945.694: [GC 27945.694: [ParNew: 52612K->29571K(2534400K), 0.0152870 secs] 4723526K->4702419K(10982400K), 0.0158110 secs] [Times: user=0.28 sys=0.01, real=0.02 secs] 
27947.481: [GC 27947.482: [ParNew: 2282371K->63693K(2534400K), 0.0468700 secs] 6955219K->4737613K(10982400K), 0.0476570 secs] [Times: user=0.44 sys=0.00, real=0.05 secs] 
27950.266: [GC 27950.266: [ParNew: 2316493K->52293K(2534400K), 0.0552910 secs] 6990413K->4727033K(10982400K), 0.0560950 secs] [Times: user=0.34 sys=0.00, real=0.06 secs] 
27952.779: [GC 27952.780: [ParNew: 2305093K->46742K(2534400K), 0.0494780 secs] 6979833K->4723352K(10982400K), 0.0501730 secs] [Times: user=0.34 sys=0.00, real=0.05 secs] 
27955.213: [GC 27955.213: [ParNew: 2299542K->85863K(2534400K), 0.0600310 secs] 6976152K->4762473K(10982400K), 0.0608340 secs] [Times: user=0.46 sys=0.00, real=0.06 secs] 
27956.727: [GC 27956.728: [ParNew: 2338663K->55897K(2534400K), 0.0466290 secs] 7015273K->4744226K(10982400K), 0.0473240 secs] [Times: user=0.31 sys=0.01, real=0.05 secs] 
27958.755: [GC 27958.755: [ParNew: 2308697K->54520K(2534400K), 0.0460340 secs] 6997026K->4744880K(10982400K), 0.0467200 secs] [Times: user=0.34 sys=0.00, real=0.05 secs] 
27960.365: [GC 27960.365: [ParNew: 2307320K->114353K(2534400K), 0.0623420 secs] 6997680K->4806870K(10982400K), 0.0630380 secs] [Times: user=0.63 sys=0.00, real=0.07 secs] 
27962.045: [GC 27962.046: [ParNew: 2367153K->108065K(2534400K), 0.0564400 secs] 7059670K->4801619K(10982400K), 0.0572090 secs] [Times: user=0.51 sys=0.00, real=0.06 secs] 
27964.140: [GC 27964.141: [ParNew: 2360865K->127718K(2534400K), 0.0565830 secs] 7054419K->4822006K(10982400K), 0.0573020 secs] [Times: user=0.70 sys=0.00, real=0.05 secs] 
27966.351: [GC 27966.351: [ParNew: 2380518K->85813K(2534400K), 0.0503400 secs] 7074806K->4781082K(10982400K), 0.0511160 secs] [Times: user=0.38 sys=0.00, real=0.05 secs] 
27968.615: [GC 27968.615: [ParNew: 2338613K->48808K(2534400K), 0.0463170 secs] 7033882K->4748280K(10982400K), 0.0470150 secs] [Times: user=0.39 sys=0.00, real=0.05 secs] 
27970.393: [GC 27970.393: [ParNew: 2301608K->75979K(2534400K), 0.0431700 secs] 7001080K->4776374K(10982400K), 0.0438460 secs] [Times: user=0.45 sys=0.00, real=0.04 secs] 
27972.162: [GC 27972.162: [ParNew: 2328779K->58515K(2534400K), 0.0462640 secs] 7029174K->4769881K(10982400K), 0.0469510 secs] [Times: user=0.29 sys=0.00, real=0.04 secs] 
27974.188: [GC 27974.188: [ParNew: 2311315K->48198K(2534400K), 0.0425380 secs] 7022681K->4764174K(10982400K), 0.0432610 secs] [Times: user=0.36 sys=0.00, real=0.05 secs] 
27976.885: [GC 27976.886: [ParNew: 2300998K->65798K(2534400K), 0.0516460 secs] 7016974K->4782599K(10982400K), 0.0524610 secs] [Times: user=0.40 sys=0.00, real=0.05 secs] 
27979.187: [GC 27979.188: [ParNew: 2318598K->46290K(2534400K), 0.0438270 secs] 7035399K->4763773K(10982400K), 0.0446520 secs] [Times: user=0.32 sys=0.01, real=0.05 secs] 
27981.565: [GC 27981.566: [ParNew: 2299090K->41889K(2534400K), 0.0504780 secs] 7016573K->4760094K(10982400K), 0.0513290 secs] [Times: user=0.39 sys=0.00, real=0.05 secs] 
27984.096: [GC 27984.097: [ParNew: 2294689K->34627K(2534400K), 0.0455510 secs] 7012894K->4756570K(10982400K), 0.0463730 secs] [Times: user=0.23 sys=0.01, real=0.05 secs] 
27986.001: [GC 27986.001: [ParNew: 2287427K->58462K(2534400K), 0.0455380 secs] 7009370K->4783004K(10982400K), 0.0463370 secs] [Times: user=0.42 sys=0.00, real=0.05 secs] 
27988.385: [GC 27988.386: [ParNew: 2311262K->52311K(2534400K), 0.0474600 secs] 7035804K->4779356K(10982400K), 0.0482090 secs] [Times: user=0.36 sys=0.00, real=0.05 secs] 
27990.665: [GC 27990.665: [ParNew: 2305111K->70803K(2534400K), 0.0474000 secs] 7032156K->4799349K(10982400K), 0.0481110 secs] [Times: user=0.46 sys=0.00, real=0.05 secs] 
27992.953: [GC 27992.953: [ParNew: 2323603K->83367K(2534400K), 0.0526220 secs] 7052149K->4813446K(10982400K), 0.0534050 secs] [Times: user=0.51 sys=0.00, real=0.05 secs] 
27995.738: [GC 27995.739: [ParNew: 2336167K->69432K(2534400K), 0.0586390 secs] 7066246K->4800641K(10982400K), 0.0594460 secs] [Times: user=0.33 sys=0.00, real=0.06 secs] 
27999.188: [GC 27999.189: [ParNew: 2322232K->32214K(2534400K), 0.0555060 secs] 7053441K->4765102K(10982400K), 0.0562150 secs] [Times: user=0.39 sys=0.00, real=0.06 secs] 
28001.294: [GC 28001.294: [ParNew: 2285014K->84687K(2534400K), 0.0668990 secs] 7017902K->4818584K(10982400K), 0.0675910 secs] [Times: user=0.47 sys=0.00, real=0.06 secs] 
28003.198: [GC 28003.198: [ParNew: 2337487K->92707K(2534400K), 0.0554240 secs] 7071384K->4827177K(10982400K), 0.0562180 secs] [Times: user=0.42 sys=0.00, real=0.05 secs] 
28005.812: [GC 28005.813: [ParNew: 2345507K->65319K(2534400K), 0.0505440 secs] 7079977K->4800912K(10982400K), 0.0513620 secs] [Times: user=0.37 sys=0.00, real=0.05 secs] 
28008.681: [GC 28008.681: [ParNew: 2318119K->97208K(2534400K), 0.0580030 secs] 7053712K->4834891K(10982400K), 0.0587580 secs] [Times: user=0.55 sys=0.01, real=0.06 secs] 
28010.414: [GC 28010.414: [ParNew: 2350008K->68283K(2534400K), 0.0429670 secs] 7087691K->4807728K(10982400K), 0.0436700 secs] [Times: user=0.32 sys=0.01, real=0.05 secs] 
28012.776: [GC 28012.777: [ParNew: 2321083K->34420K(2534400K), 0.0432670 secs] 7060528K->4775022K(10982400K), 0.0440730 secs] [Times: user=0.27 sys=0.00, real=0.04 secs] 
28015.133: [GC 28015.133: [ParNew: 2287220K->30362K(2534400K), 0.0483210 secs] 7027822K->4773190K(10982400K), 0.0490420 secs] [Times: user=0.33 sys=0.00, real=0.05 secs] 
28017.304: [GC 28017.305: [ParNew: 2283162K->32926K(2534400K), 0.0411140 secs] 7025990K->4777643K(10982400K), 0.0418140 secs] [Times: user=0.32 sys=0.00, real=0.04 secs] 
28019.145: [GC 28019.146: [ParNew: 2285726K->73933K(2534400K), 0.0435960 secs] 7030443K->4820753K(10982400K), 0.0443210 secs] [Times: user=0.50 sys=0.00, real=0.05 secs] 
28020.952: [GC 28020.952: [ParNew: 2326733K->58234K(2534400K), 0.0383120 secs] 7073553K->4805891K(10982400K), 0.0390200 secs] [Times: user=0.33 sys=0.01, real=0.04 secs] 
28022.596: [GC 28022.596: [ParNew: 2311034K->81125K(2534400K), 0.0443800 secs] 7058691K->4829636K(10982400K), 0.0450970 secs] [Times: user=0.56 sys=0.00, real=0.05 secs] 
28024.510: [GC 28024.510: [ParNew: 2333925K->85406K(2534400K), 0.0469120 secs] 7082436K->4835426K(10982400K), 0.0476170 secs] [Times: user=0.52 sys=0.00, real=0.04 secs] 
28026.681: [GC 28026.682: [ParNew: 2338206K->86476K(2534400K), 0.0472540 secs] 7088226K->4838599K(10982400K), 0.0480080 secs] [Times: user=0.45 sys=0.00, real=0.05 secs] 
28029.007: [GC 28029.008: [ParNew: 2339276K->65239K(2534400K), 0.0462430 secs] 7091399K->4818640K(10982400K), 0.0469610 secs] [Times: user=0.35 sys=0.00, real=0.05 secs] 
28031.278: [GC 28031.279: [ParNew: 2318039K->109604K(2534400K), 0.0626600 secs] 7071440K->4864609K(10982400K), 0.0636360 secs] [Times: user=0.67 sys=0.00, real=0.07 secs] 
28033.260: [GC 28033.260: [ParNew: 2362404K->81569K(2534400K), 0.0404600 secs] 7117409K->4838445K(10982400K), 0.0411460 secs] [Times: user=0.33 sys=0.00, real=0.04 secs] 
28035.370: [GC 28035.370: [ParNew: 2334369K->40248K(2534400K), 0.0455910 secs] 7091245K->4799149K(10982400K), 0.0462940 secs] [Times: user=0.37 sys=0.00, real=0.04 secs] 
28038.277: [GC 28038.277: [ParNew: 2293048K->99588K(2534400K), 0.0611170 secs] 7051949K->4860577K(10982400K), 0.0618270 secs] [Times: user=0.65 sys=0.00, real=0.06 secs] 
28040.689: [GC 28040.690: [ParNew: 2352388K->75767K(2534400K), 0.0448730 secs] 7113377K->4837734K(10982400K), 0.0457130 secs] [Times: user=0.34 sys=0.00, real=0.05 secs] 
28043.040: [GC 28043.041: [ParNew: 2328567K->74480K(2534400K), 0.0522030 secs] 7090534K->4837075K(10982400K), 0.0530110 secs] [Times: user=0.46 sys=0.00, real=0.06 secs] 
28044.984: [GC 28044.984: [ParNew: 2327280K->69880K(2534400K), 0.0418180 secs] 7089875K->4833870K(10982400K), 0.0426530 secs] [Times: user=0.35 sys=0.01, real=0.04 secs] 
28046.577: [GC 28046.578: [ParNew: 2322680K->54419K(2534400K), 0.0521640 secs] 7086670K->4829732K(10982400K), 0.0530100 secs] [Times: user=0.30 sys=0.01, real=0.05 secs] 
28049.297: [GC 28049.297: [ParNew: 2307219K->39692K(2534400K), 0.0583640 secs] 7082532K->4819095K(10982400K), 0.0592640 secs] [Times: user=0.42 sys=0.00, real=0.06 secs] 
28051.024: [GC 28051.025: [ParNew: 2292492K->95679K(2534400K), 0.0476110 secs] 7071895K->4878025K(10982400K), 0.0483320 secs] [Times: user=0.60 sys=0.00, real=0.05 secs] 
28052.878: [GC 28052.878: [ParNew: 2348479K->73504K(2534400K), 0.0391960 secs] 7130825K->4856468K(10982400K), 0.0398970 secs] [Times: user=0.28 sys=0.00, real=0.04 secs] 
28054.681: [GC 28054.682: [ParNew: 2326304K->49472K(2534400K), 0.0417020 secs] 7109268K->4835069K(10982400K), 0.0423970 secs] [Times: user=0.39 sys=0.00, real=0.05 secs] 
28056.565: [GC 28056.565: [ParNew: 2302272K->50836K(2534400K), 0.0432190 secs] 7087869K->4838699K(10982400K), 0.0439740 secs] [Times: user=0.40 sys=0.00, real=0.04 secs] 
28058.933: [GC 28058.934: [ParNew: 2303636K->58987K(2534400K), 0.0475770 secs] 7091499K->4851398K(10982400K), 0.0483070 secs] [Times: user=0.43 sys=0.00, real=0.04 secs] 
28060.848: [GC 28060.849: [ParNew: 2311782K->62549K(2534400K), 0.0395860 secs] 7104193K->4857908K(10982400K), 0.0404140 secs] [Times: user=0.35 sys=0.00, real=0.04 secs] 
28062.305: [GC 28062.306: [ParNew: 2315349K->68080K(2534400K), 0.0363290 secs] 7110708K->4866675K(10982400K), 0.0370440 secs] [Times: user=0.37 sys=0.00, real=0.03 secs] 
28063.876: [GC 28063.876: [ParNew: 2320880K->92367K(2534400K), 0.0434150 secs] 7119475K->4892908K(10982400K), 0.0442010 secs] [Times: user=0.47 sys=0.00, real=0.04 secs] 
28065.015: [GC 28065.016: [ParNew: 2345115K->73739K(2534400K), 0.0583990 secs] 7145655K->4894449K(10982400K), 0.0591850 secs] [Times: user=0.42 sys=0.02, real=0.06 secs] 
28066.052: [GC 28066.053: [ParNew: 2326539K->39884K(2534400K), 0.0434180 secs] 7147249K->4863949K(10982400K), 0.0442070 secs] [Times: user=0.35 sys=0.01, real=0.05 secs] 
28067.309: [GC 28067.309: [ParNew: 2292684K->88973K(2534400K), 0.0588140 secs] 7116749K->4915154K(10982400K), 0.0595980 secs] [Times: user=0.55 sys=0.00, real=0.06 secs] 
28069.044: [GC 28069.044: [ParNew: 2341773K->75871K(2534400K), 0.0424760 secs] 7167954K->4904152K(10982400K), 0.0432870 secs] [Times: user=0.39 sys=0.00, real=0.05 secs] 
28071.247: [GC 28071.247: [ParNew: 2328671K->55160K(2534400K), 0.0454100 secs] 7156952K->4884972K(10982400K), 0.0462540 secs] [Times: user=0.37 sys=0.00, real=0.04 secs] 
28072.829: [GC 28072.830: [ParNew: 2307960K->83754K(2534400K), 0.0495470 secs] 7137772K->4914310K(10982400K), 0.0502370 secs] [Times: user=0.54 sys=0.00, real=0.05 secs] 
28075.267: [GC 28075.268: [ParNew: 2336554K->66176K(2534400K), 0.0609580 secs] 7167110K->4899266K(10982400K), 0.0619890 secs] [Times: user=0.28 sys=0.00, real=0.06 secs] 
28077.047: [GC 28077.047: [ParNew: 2318933K->34362K(2534400K), 0.0379180 secs] 7152024K->4868286K(10982400K), 0.0386190 secs] [Times: user=0.30 sys=0.00, real=0.03 secs] 
28079.256: [GC 28079.256: [ParNew: 2287162K->61950K(2534400K), 0.0633640 secs] 7121086K->4898099K(10982400K), 0.0642190 secs] [Times: user=0.41 sys=0.00, real=0.06 secs] 
28081.143: [GC 28081.143: [ParNew: 2314750K->61719K(2534400K), 0.0697740 secs] 7150899K->4901615K(10982400K), 0.0704990 secs] [Times: user=0.39 sys=0.01, real=0.07 secs] 
28083.138: [GC 28083.138: [ParNew: 2314519K->43791K(2534400K), 0.0423720 secs] 7154415K->4885122K(10982400K), 0.0430890 secs] [Times: user=0.34 sys=0.00, real=0.04 secs] 
28084.809: [GC 28084.810: [ParNew: 2296591K->41836K(2534400K), 0.0424780 secs] 7137922K->4884322K(10982400K), 0.0431720 secs] [Times: user=0.37 sys=0.00, real=0.04 secs] 
28086.226: [GC 28086.227: [ParNew: 2294636K->65495K(2534400K), 0.0675030 secs] 7137122K->4910086K(10982400K), 0.0682680 secs] [Times: user=0.29 sys=0.00, real=0.07 secs] 
28087.819: [GC 28087.819: [ParNew: 2318295K->101055K(2534400K), 0.0996170 secs] 7162886K->4946843K(10982400K), 0.1003450 secs] [Times: user=0.37 sys=0.01, real=0.10 secs] 
28089.191: [GC 28089.191: [ParNew: 2353855K->123147K(2534400K), 0.1005070 secs] 7199643K->4970277K(10982400K), 0.1012100 secs] [Times: user=0.45 sys=0.00, real=0.10 secs] 
28090.203: [GC 28090.203: [ParNew: 2375947K->87323K(2534400K), 0.0784560 secs] 7223077K->4935923K(10982400K), 0.0791590 secs] [Times: user=0.36 sys=0.00, real=0.08 secs] 
28091.460: [GC 28091.460: [ParNew: 2340123K->88074K(2534400K), 0.0886520 secs] 7188723K->4937376K(10982400K), 0.0893450 secs] [Times: user=0.40 sys=0.00, real=0.09 secs] 
28093.051: [GC 28093.052: [ParNew: 2340874K->67745K(2534400K), 0.0789010 secs] 7190176K->4917940K(10982400K), 0.0796060 secs] [Times: user=0.34 sys=0.00, real=0.08 secs] 
28095.587: [GC 28095.587: [ParNew: 2320545K->33373K(2534400K), 0.0460560 secs] 7170740K->4884802K(10982400K), 0.0467630 secs] [Times: user=0.29 sys=0.00, real=0.05 secs] 
28097.309: [GC 28097.309: [ParNew: 2286173K->61113K(2534400K), 0.0465280 secs] 7137602K->4913039K(10982400K), 0.0473200 secs] [Times: user=0.47 sys=0.00, real=0.04 secs] 
28098.866: [GC 28098.866: [ParNew: 2313913K->45778K(2534400K), 0.0439290 secs] 7165839K->4898150K(10982400K), 0.0446360 secs] [Times: user=0.37 sys=0.00, real=0.05 secs] 
28100.221: [GC 28100.222: [ParNew: 2298578K->28879K(2534400K), 0.0371950 secs] 7150950K->4882412K(10982400K), 0.0380120 secs] [Times: user=0.35 sys=0.00, real=0.04 secs] 
28101.945: [GC 28101.946: [ParNew: 2281679K->29284K(2534400K), 0.0489560 secs] 7135212K->4884475K(10982400K), 0.0497110 secs] [Times: user=0.36 sys=0.00, real=0.05 secs] 
28103.978: [GC 28103.978: [ParNew: 2282076K->28955K(2534400K), 0.0410010 secs] 7137267K->4884959K(10982400K), 0.0418100 secs] [Times: user=0.27 sys=0.00, real=0.05 secs] 
28105.818: [GC 28105.819: [ParNew: 2281755K->58364K(2534400K), 0.0406410 secs] 7137759K->4915555K(10982400K), 0.0414660 secs] [Times: user=0.46 sys=0.00, real=0.05 secs] 
28107.968: [GC 28107.968: [ParNew: 2311164K->52942K(2534400K), 0.0439870 secs] 7168355K->4911102K(10982400K), 0.0447940 secs] [Times: user=0.32 sys=0.00, real=0.05 secs] 
28110.383: [GC 28110.383: [ParNew: 2305742K->58962K(2534400K), 0.0492730 secs] 7163902K->4917452K(10982400K), 0.0499800 secs] [Times: user=0.35 sys=0.00, real=0.05 secs] 
28112.342: [GC 28112.342: [ParNew: 2311762K->43588K(2534400K), 0.0404180 secs] 7170252K->4903346K(10982400K), 0.0412230 secs] [Times: user=0.28 sys=0.00, real=0.04 secs] 
28114.209: [GC 28114.209: [ParNew: 2296388K->96106K(2534400K), 0.0506440 secs] 7156146K->4957523K(10982400K), 0.0513990 secs] [Times: user=0.61 sys=0.00, real=0.05 secs] 
28115.735: [GC 28115.735: [ParNew: 2348906K->72039K(2534400K), 0.0394820 secs] 7210323K->4935701K(10982400K), 0.0402670 secs] [Times: user=0.32 sys=0.01, real=0.04 secs] 
28117.853: [GC 28117.853: [ParNew: 2324839K->34115K(2534400K), 0.0442250 secs] 7188501K->4899801K(10982400K), 0.0450350 secs] [Times: user=0.32 sys=0.01, real=0.04 secs] 
28120.162: [GC 28120.162: [ParNew: 2286915K->30142K(2534400K), 0.0463420 secs] 7152601K->4897057K(10982400K), 0.0470780 secs] [Times: user=0.36 sys=0.00, real=0.05 secs] 
28122.279: [GC 28122.279: [ParNew: 2282938K->32001K(2534400K), 0.0449770 secs] 7149854K->4899541K(10982400K), 0.0456630 secs] [Times: user=0.38 sys=0.00, real=0.05 secs] 
28124.048: [GC 28124.048: [ParNew: 2284801K->57285K(2534400K), 0.0395040 secs] 7152341K->4925982K(10982400K), 0.0402110 secs] [Times: user=0.41 sys=0.00, real=0.04 secs] 
28126.256: [GC 28126.256: [ParNew: 2310085K->67694K(2534400K), 0.0481160 secs] 7178782K->4937357K(10982400K), 0.0489000 secs] [Times: user=0.44 sys=0.00, real=0.05 secs] 
28127.951: [GC 28127.951: [ParNew: 2320523K->64136K(2534400K), 0.0472010 secs] 7190186K->4934592K(10982400K), 0.0478660 secs] [Times: user=0.43 sys=0.01, real=0.05 secs] 
28128.002: [GC 28128.002: [ParNew: 64583K->67018K(2534400K), 0.0199380 secs] 4935039K->4938167K(10982400K), 0.0204130 secs] [Times: user=0.39 sys=0.00, real=0.02 secs] 
28130.602: [GC 28130.602: [ParNew: 2319818K->62641K(2534400K), 0.0531770 secs] 7190967K->4934485K(10982400K), 0.0538870 secs] [Times: user=0.42 sys=0.00, real=0.06 secs] 
28132.825: [GC 28132.825: [ParNew: 2315441K->48991K(2534400K), 0.0487500 secs] 7187285K->4925796K(10982400K), 0.0494560 secs] [Times: user=0.39 sys=0.01, real=0.05 secs] 
28134.988: [GC 28134.989: [ParNew: 2301791K->33861K(2534400K), 0.0484750 secs] 7178596K->4912415K(10982400K), 0.0491870 secs] [Times: user=0.31 sys=0.00, real=0.05 secs] 
28137.264: [GC 28137.265: [ParNew: 2286661K->33343K(2534400K), 0.0461520 secs] 7165215K->4911897K(10982400K), 0.0469910 secs] [Times: user=0.34 sys=0.00, real=0.05 secs] 
28139.515: [GC 28139.516: [ParNew: 2286143K->61504K(2534400K), 0.0472550 secs] 7164697K->4942040K(10982400K), 0.0478340 secs] [Times: user=0.41 sys=0.01, real=0.04 secs] 
28141.748: [GC 28141.748: [ParNew: 2314307K->91625K(2534400K), 0.0485630 secs] 7194844K->4973723K(10982400K), 0.0491180 secs] [Times: user=0.48 sys=0.00, real=0.05 secs] 
28141.800: [GC 28141.800: [ParNew: 92355K->86188K(2534400K), 0.0228390 secs] 4974453K->4969521K(10982400K), 0.0232490 secs] [Times: user=0.47 sys=0.00, real=0.02 secs] 
28143.941: [GC 28143.941: [ParNew: 2338988K->71680K(2534400K), 0.0497910 secs] 7222321K->4955998K(10982400K), 0.0504900 secs] [Times: user=0.45 sys=0.00, real=0.05 secs] 
28145.953: [GC 28145.954: [ParNew: 2324480K->73866K(2534400K), 0.0465160 secs] 7208798K->4959133K(10982400K), 0.0473110 secs] [Times: user=0.42 sys=0.01, real=0.05 secs] 
28147.720: [GC 28147.721: [ParNew: 2326666K->62614K(2534400K), 0.0448160 secs] 7211933K->4951094K(10982400K), 0.0458400 secs] [Times: user=0.45 sys=0.01, real=0.04 secs] 
28150.086: [GC 28150.086: [ParNew: 2315414K->52700K(2534400K), 0.0448650 secs] 7203894K->4941180K(10982400K), 0.0456640 secs] [Times: user=0.39 sys=0.00, real=0.05 secs] 
28153.001: [GC 28153.002: [ParNew: 2305500K->43123K(2534400K), 0.0544600 secs] 7193980K->4933917K(10982400K), 0.0553110 secs] [Times: user=0.37 sys=0.01, real=0.05 secs] 
28155.117: [GC 28155.118: [ParNew: 2295923K->65061K(2534400K), 0.0482150 secs] 7186717K->4958719K(10982400K), 0.0490120 secs] [Times: user=0.43 sys=0.00, real=0.05 secs] 
28157.245: [GC 28157.245: [ParNew: 2317861K->49956K(2534400K), 0.0439480 secs] 7211519K->4944628K(10982400K), 0.0447500 secs] [Times: user=0.33 sys=0.00, real=0.05 secs] 
28159.236: [GC 28159.237: [ParNew: 2302756K->63379K(2534400K), 0.0457740 secs] 7197428K->4959463K(10982400K), 0.0466020 secs] [Times: user=0.39 sys=0.00, real=0.05 secs] 
28161.424: [GC 28161.424: [ParNew: 2316179K->95627K(2534400K), 0.0515670 secs] 7212263K->4992988K(10982400K), 0.0523780 secs] [Times: user=0.53 sys=0.00, real=0.05 secs] 
28162.757: [GC 28162.757: [ParNew: 2348427K->68889K(2534400K), 0.0397420 secs] 7245788K->4967190K(10982400K), 0.0404370 secs] [Times: user=0.37 sys=0.00, real=0.04 secs] 
28164.847: [GC 28164.847: [ParNew: 2321689K->49482K(2534400K), 0.0431520 secs] 7219990K->4948799K(10982400K), 0.0439510 secs] [Times: user=0.36 sys=0.00, real=0.05 secs] 
28166.621: [GC 28166.622: [ParNew: 2302282K->40056K(2534400K), 0.0504750 secs] 7201599K->4949135K(10982400K), 0.0512980 secs] [Times: user=0.29 sys=0.01, real=0.05 secs] 
28168.745: [GC 28168.745: [ParNew: 2292856K->72897K(2534400K), 0.0488580 secs] 7201935K->4983422K(10982400K), 0.0495610 secs] [Times: user=0.50 sys=0.00, real=0.05 secs] 
28171.142: [GC 28171.142: [ParNew: 2325697K->55956K(2534400K), 0.0447480 secs] 7236222K->4967496K(10982400K), 0.0454710 secs] [Times: user=0.34 sys=0.00, real=0.04 secs] 
28173.480: [GC 28173.480: [ParNew: 2308756K->62482K(2534400K), 0.0502190 secs] 7220296K->4976081K(10982400K), 0.0510240 secs] [Times: user=0.41 sys=0.01, real=0.06 secs] 
28175.621: [GC 28175.622: [ParNew: 2315282K->70331K(2534400K), 0.0523820 secs] 7228881K->4987264K(10982400K), 0.0530930 secs] [Times: user=0.50 sys=0.00, real=0.05 secs] 
28177.441: [GC 28177.442: [ParNew: 2323131K->84872K(2534400K), 0.0453060 secs] 7240064K->5002712K(10982400K), 0.0460920 secs] [Times: user=0.48 sys=0.00, real=0.04 secs] 
28179.517: [GC 28179.517: [ParNew: 2337672K->108302K(2534400K), 0.0558200 secs] 7255512K->5027093K(10982400K), 0.0566490 secs] [Times: user=0.59 sys=0.00, real=0.06 secs] 
28181.302: [GC 28181.303: [ParNew: 2361102K->71425K(2534400K), 0.0388790 secs] 7279893K->4991046K(10982400K), 0.0396460 secs] [Times: user=0.32 sys=0.00, real=0.04 secs] 
28183.482: [GC 28183.482: [ParNew: 2324260K->55993K(2534400K), 0.0475960 secs] 7243881K->4977699K(10982400K), 0.0483660 secs] [Times: user=0.41 sys=0.00, real=0.04 secs] 
28183.533: [GC 28183.533: [ParNew: 56076K->51491K(2534400K), 0.0194200 secs] 4977782K->4977682K(10982400K), 0.0199690 secs] [Times: user=0.33 sys=0.00, real=0.02 secs] 
28185.397: [GC 28185.398: [ParNew: 2304291K->50800K(2534400K), 0.0399580 secs] 7230482K->4982946K(10982400K), 0.0406670 secs] [Times: user=0.33 sys=0.01, real=0.04 secs] 
28188.073: [GC 28188.073: [ParNew: 2303600K->29945K(2534400K), 0.0429110 secs] 7235746K->4963051K(10982400K), 0.0436200 secs] [Times: user=0.27 sys=0.00, real=0.04 secs] 
28189.637: [GC 28189.638: [ParNew: 2282745K->25433K(2534400K), 0.0429410 secs] 7215851K->4960131K(10982400K), 0.0436900 secs] [Times: user=0.35 sys=0.01, real=0.04 secs] 
28191.369: [GC 28191.370: [ParNew: 2278233K->100393K(2534400K), 0.0501160 secs] 7212931K->5035092K(10982400K), 0.0509430 secs] [Times: user=0.52 sys=0.00, real=0.05 secs] 
28193.467: [GC 28193.467: [ParNew: 2353193K->74932K(2534400K), 0.0454150 secs] 7287892K->5010285K(10982400K), 0.0462300 secs] [Times: user=0.28 sys=0.00, real=0.04 secs] 
28194.524: [GC 28194.525: [ParNew: 2327732K->43060K(2534400K), 0.0415820 secs] 7263085K->4980417K(10982400K), 0.0423820 secs] [Times: user=0.39 sys=0.00, real=0.04 secs] 
28197.126: [GC 28197.127: [ParNew: 2295860K->55963K(2534400K), 0.0465090 secs] 7233217K->4994197K(10982400K), 0.0472060 secs] [Times: user=0.41 sys=0.00, real=0.04 secs] 
28198.582: [GC 28198.582: [ParNew: 2308763K->107086K(2534400K), 0.0500600 secs] 7246997K->5047063K(10982400K), 0.0507400 secs] [Times: user=0.65 sys=0.00, real=0.05 secs] 
28200.007: [GC 28200.008: [ParNew: 2359886K->80393K(2534400K), 0.0358650 secs] 7299863K->5021364K(10982400K), 0.0366240 secs] [Times: user=0.35 sys=0.00, real=0.03 secs] 
28201.294: [GC 28201.294: [ParNew: 2333193K->47907K(2534400K), 0.0364690 secs] 7274164K->4989989K(10982400K), 0.0372520 secs] [Times: user=0.33 sys=0.00, real=0.04 secs] 
28202.853: [GC 28202.853: [ParNew: 2300707K->42103K(2534400K), 0.0404160 secs] 7242789K->4985669K(10982400K), 0.0412020 secs] [Times: user=0.40 sys=0.00, real=0.04 secs] 
28204.217: [GC 28204.217: [ParNew: 2294903K->98253K(2534400K), 0.0482940 secs] 7238469K->5042865K(10982400K), 0.0489980 secs] [Times: user=0.68 sys=0.00, real=0.05 secs] 
28206.071: [GC 28206.072: [ParNew: 2351053K->86401K(2534400K), 0.0452850 secs] 7295665K->5031946K(10982400K), 0.0461010 secs] [Times: user=0.43 sys=0.00, real=0.05 secs] 
28207.724: [GC 28207.724: [ParNew: 2339201K->66631K(2534400K), 0.0389150 secs] 7284746K->5012779K(10982400K), 0.0396020 secs] [Times: user=0.40 sys=0.00, real=0.04 secs] 
28209.242: [GC 28209.242: [ParNew: 2319431K->50718K(2534400K), 0.0406260 secs] 7265579K->4998592K(10982400K), 0.0413510 secs] [Times: user=0.41 sys=0.00, real=0.04 secs] 
28211.151: [GC 28211.151: [ParNew: 2303518K->61056K(2534400K), 0.0433170 secs] 7251392K->5010116K(10982400K), 0.0440240 secs] [Times: user=0.43 sys=0.00, real=0.04 secs] 
28212.880: [GC 28212.880: [ParNew: 2313856K->64923K(2534400K), 0.0384500 secs] 7262916K->5015294K(10982400K), 0.0391480 secs] [Times: user=0.39 sys=0.00, real=0.04 secs] 
28214.789: [GC 28214.789: [ParNew: 2317723K->60875K(2534400K), 0.0447180 secs] 7268094K->5013292K(10982400K), 0.0455300 secs] [Times: user=0.36 sys=0.01, real=0.04 secs] 
28216.499: [GC 28216.499: [ParNew: 2313675K->69816K(2534400K), 0.0397280 secs] 7266092K->5023270K(10982400K), 0.0404790 secs] [Times: user=0.32 sys=0.01, real=0.04 secs] 
28218.164: [GC 28218.164: [ParNew: 2322616K->90091K(2534400K), 0.0541440 secs] 7276070K->5054673K(10982400K), 0.0547540 secs] [Times: user=0.53 sys=0.01, real=0.06 secs] 
28219.936: [GC 28219.937: [ParNew: 2342891K->68651K(2534400K), 0.0413330 secs] 7307473K->5034652K(10982400K), 0.0419390 secs] [Times: user=0.37 sys=0.01, real=0.05 secs] 
28221.336: [GC 28221.336: [ParNew: 2321451K->37274K(2534400K), 0.0391710 secs] 7287452K->5014407K(10982400K), 0.0397720 secs] [Times: user=0.34 sys=0.01, real=0.04 secs] 
28222.999: [GC 28222.999: [ParNew: 2290074K->122217K(2534400K), 0.0542790 secs] 7267207K->5100460K(10982400K), 0.0548940 secs] [Times: user=0.78 sys=0.01, real=0.05 secs] 
28224.566: [GC 28224.566: [ParNew: 2375017K->108605K(2534400K), 0.0418600 secs] 7353260K->5087710K(10982400K), 0.0424550 secs] [Times: user=0.47 sys=0.01, real=0.05 secs] 
28226.002: [GC 28226.002: [ParNew: 2361405K->135920K(2534400K), 0.0466960 secs] 7340510K->5116991K(10982400K), 0.0473070 secs] [Times: user=0.63 sys=0.00, real=0.05 secs] 
28227.682: [GC 28227.683: [ParNew: 2388720K->102218K(2534400K), 0.0425420 secs] 7369791K->5086920K(10982400K), 0.0431760 secs] [Times: user=0.44 sys=0.00, real=0.04 secs] 
28229.901: [GC 28229.901: [ParNew: 2355018K->83953K(2534400K), 0.0574910 secs] 7339720K->5081963K(10982400K), 0.0581050 secs] [Times: user=0.55 sys=0.00, real=0.06 secs] 
28232.757: [GC 28232.758: [ParNew: 2336753K->67742K(2534400K), 0.0516550 secs] 7334763K->5070179K(10982400K), 0.0522740 secs] [Times: user=0.42 sys=0.00, real=0.06 secs] 
28234.939: [GC 28234.940: [ParNew: 2320542K->68927K(2534400K), 0.0457540 secs] 7322979K->5073769K(10982400K), 0.0463670 secs] [Times: user=0.46 sys=0.01, real=0.05 secs] 
28237.652: [GC 28237.653: [ParNew: 2321727K->63382K(2534400K), 0.0502590 secs] 7326569K->5070223K(10982400K), 0.0508820 secs] [Times: user=0.40 sys=0.00, real=0.05 secs] 
28240.064: [GC 28240.065: [ParNew: 2316182K->120274K(2534400K), 0.0634540 secs] 7323023K->5139859K(10982400K), 0.0641010 secs] [Times: user=0.72 sys=0.00, real=0.06 secs] 
28242.244: [GC 28242.244: [ParNew: 2373074K->97063K(2534400K), 0.0530680 secs] 7392659K->5122623K(10982400K), 0.0536830 secs] [Times: user=0.46 sys=0.01, real=0.05 secs] 
28245.650: [GC 28245.650: [ParNew: 2349863K->60673K(2534400K), 0.0597530 secs] 7375423K->5088390K(10982400K), 0.0604020 secs] [Times: user=0.42 sys=0.00, real=0.06 secs] 
28247.851: [GC 28247.851: [ParNew: 2313473K->40484K(2534400K), 0.0435580 secs] 7341190K->5069229K(10982400K), 0.0441810 secs] [Times: user=0.31 sys=0.00, real=0.05 secs] 
28250.086: [GC 28250.086: [ParNew: 2293284K->57024K(2534400K), 0.0424840 secs] 7322029K->5086545K(10982400K), 0.0430950 secs] [Times: user=0.38 sys=0.00, real=0.04 secs] 
28253.023: [GC 28253.023: [ParNew: 2309824K->50746K(2534400K), 0.0555760 secs] 7339345K->5081999K(10982400K), 0.0561730 secs] [Times: user=0.40 sys=0.00, real=0.05 secs] 
28255.460: [GC 28255.460: [ParNew: 2303554K->37597K(2534400K), 0.0515130 secs] 7334807K->5070596K(10982400K), 0.0521130 secs] [Times: user=0.30 sys=0.00, real=0.05 secs] 
28255.515: [GC 28255.515: [ParNew: 40019K->36475K(2534400K), 0.0136990 secs] 5073018K->5071697K(10982400K), 0.0141520 secs] [Times: user=0.25 sys=0.00, real=0.01 secs] 
28258.976: [GC 28258.976: [ParNew: 2289275K->59714K(2534400K), 0.0540670 secs] 7324497K->5095833K(10982400K), 0.0546840 secs] [Times: user=0.37 sys=0.00, real=0.05 secs] 
28262.059: [GC 28262.059: [ParNew: 2312514K->44551K(2534400K), 0.0513170 secs] 7348633K->5083834K(10982400K), 0.0519010 secs] [Times: user=0.36 sys=0.00, real=0.05 secs] 
28263.868: [GC 28263.869: [ParNew: 2297351K->53606K(2534400K), 0.0390110 secs] 7336634K->5094324K(10982400K), 0.0397170 secs] [Times: user=0.39 sys=0.00, real=0.04 secs] 
28266.589: [GC 28266.589: [ParNew: 2306406K->117322K(2534400K), 0.0592790 secs] 7347124K->5158039K(10982400K), 0.0599380 secs] [Times: user=0.72 sys=0.01, real=0.06 secs] 
28268.119: [GC 28268.119: [ParNew: 2370122K->96345K(2534400K), 0.0423380 secs] 7410839K->5138802K(10982400K), 0.0430360 secs] [Times: user=0.49 sys=0.00, real=0.04 secs] 
28271.150: [GC 28271.151: [ParNew: 2349145K->78312K(2534400K), 0.0509840 secs] 7391602K->5121698K(10982400K), 0.0516940 secs] [Times: user=0.34 sys=0.00, real=0.05 secs] 
28274.223: [GC 28274.224: [ParNew: 2331112K->67444K(2534400K), 0.0535620 secs] 7374498K->5111260K(10982400K), 0.0542600 secs] [Times: user=0.44 sys=0.00, real=0.06 secs] 
28277.186: [GC 28277.187: [ParNew: 2320244K->72613K(2534400K), 0.0660460 secs] 7364060K->5126381K(10982400K), 0.0668720 secs] [Times: user=0.36 sys=0.01, real=0.06 secs] 
28280.178: [GC 28280.179: [ParNew: 2325413K->108735K(2534400K), 0.0610750 secs] 7379181K->5164740K(10982400K), 0.0617880 secs] [Times: user=0.61 sys=0.00, real=0.06 secs] 
28283.040: [GC 28283.041: [ParNew: 2361535K->79296K(2534400K), 0.0531550 secs] 7417540K->5139713K(10982400K), 0.0538570 secs] [Times: user=0.45 sys=0.00, real=0.05 secs] 
28285.302: [GC 28285.303: [ParNew: 2332096K->69911K(2534400K), 0.0494240 secs] 7392513K->5131463K(10982400K), 0.0502260 secs] [Times: user=0.37 sys=0.01, real=0.05 secs] 
28288.567: [GC 28288.567: [ParNew: 2322711K->51506K(2534400K), 0.0493030 secs] 7384263K->5114145K(10982400K), 0.0500130 secs] [Times: user=0.34 sys=0.00, real=0.05 secs] 
28291.381: [GC 28291.382: [ParNew: 2304306K->31810K(2534400K), 0.0448270 secs] 7366945K->5096175K(10982400K), 0.0455390 secs] [Times: user=0.32 sys=0.00, real=0.04 secs] 
28293.544: [GC 28293.544: [ParNew: 2284610K->34405K(2534400K), 0.0446480 secs] 7348975K->5099579K(10982400K), 0.0453600 secs] [Times: user=0.32 sys=0.00, real=0.05 secs] 
28296.248: [GC 28296.248: [ParNew: 2287205K->45129K(2534400K), 0.0448800 secs] 7352379K->5111234K(10982400K), 0.0455940 secs] [Times: user=0.30 sys=0.00, real=0.05 secs] 
28297.681: [GC 28297.681: [ParNew: 2297929K->35790K(2534400K), 0.0379530 secs] 7364034K->5103267K(10982400K), 0.0387540 secs] [Times: user=0.35 sys=0.01, real=0.04 secs] 
28300.174: [GC 28300.174: [ParNew: 2288590K->73403K(2534400K), 0.0557880 secs] 7356067K->5144516K(10982400K), 0.0565970 secs] [Times: user=0.53 sys=0.00, real=0.06 secs] 
28300.234: [GC [1 CMS-initial-mark: 5071113K(8448000K)] 5144948K(10982400K), 0.1299540 secs] [Times: user=0.13 sys=0.00, real=0.13 secs] 
28302.923: [GC 28302.923: [ParNew: 2326203K->75325K(2534400K), 0.0498570 secs] 7397316K->5147252K(10982400K), 0.0505590 secs] [Times: user=0.42 sys=0.00, real=0.05 secs] 
28304.181: [GC[YG occupancy: 1253030 K (2534400 K)]28304.181: [Rescan (parallel) , 0.5118870 secs]28304.693: [weak refs processing, 0.1070130 secs] [1 CMS-remark: 5071927K(8448000K)] 6324957K(10982400K), 0.6208060 secs] [Times: user=10.52 sys=0.03, real=0.62 secs] 
28305.338: [GC 28305.338: [ParNew: 2328125K->111667K(2534400K), 0.0533430 secs] 7334846K->5119660K(10982400K), 0.0540620 secs] [Times: user=0.53 sys=0.01, real=0.06 secs] 
28307.789: [GC 28307.790: [ParNew: 2364467K->78632K(2534400K), 0.0451620 secs] 7056319K->4771750K(10982400K), 0.0458860 secs] [Times: user=0.30 sys=0.01, real=0.05 secs] 
28308.590: [GC 28308.590: [ParNew: 2331432K->26632K(2534400K), 0.0286040 secs] 6855984K->4552858K(10982400K), 0.0292490 secs] [Times: user=0.36 sys=0.00, real=0.03 secs] 
28310.442: [GC 28310.442: [ParNew: 2279432K->57918K(2534400K), 0.0408480 secs] 6309373K->4089315K(10982400K), 0.0414660 secs] [Times: user=0.45 sys=0.00, real=0.04 secs] 
28312.455: [GC 28312.456: [ParNew: 2310718K->85082K(2534400K), 0.0511810 secs] 6342115K->4119521K(10982400K), 0.0518740 secs] [Times: user=0.53 sys=0.01, real=0.05 secs] 
28314.294: [GC 28314.294: [ParNew: 2337882K->70611K(2534400K), 0.0524390 secs] 6372321K->4106223K(10982400K), 0.0531670 secs] [Times: user=0.43 sys=0.01, real=0.05 secs] 
28316.348: [GC 28316.348: [ParNew: 2323411K->69698K(2534400K), 0.0433480 secs] 6359023K->4105721K(10982400K), 0.0440800 secs] [Times: user=0.35 sys=0.00, real=0.05 secs] 
28318.103: [GC 28318.103: [ParNew: 2322490K->49598K(2534400K), 0.0436430 secs] 6358513K->4092071K(10982400K), 0.0444710 secs] [Times: user=0.26 sys=0.01, real=0.04 secs] 
28319.951: [GC 28319.951: [ParNew: 2302398K->59160K(2534400K), 0.0424530 secs] 6344871K->4103738K(10982400K), 0.0431740 secs] [Times: user=0.45 sys=0.00, real=0.05 secs] 
28322.080: [GC 28322.081: [ParNew: 2311960K->76922K(2534400K), 0.0464720 secs] 6356538K->4122745K(10982400K), 0.0473180 secs] [Times: user=0.45 sys=0.00, real=0.05 secs] 
28324.887: [GC 28324.887: [ParNew: 2329722K->57424K(2534400K), 0.0532230 secs] 6375545K->4104778K(10982400K), 0.0539600 secs] [Times: user=0.39 sys=0.00, real=0.05 secs] 
28327.888: [GC 28327.889: [ParNew: 2310224K->31852K(2534400K), 0.0504500 secs] 6357578K->4080397K(10982400K), 0.0512000 secs] [Times: user=0.39 sys=0.01, real=0.05 secs] 
28330.561: [GC 28330.562: [ParNew: 2284652K->50939K(2534400K), 0.0467870 secs] 6333197K->4100319K(10982400K), 0.0475140 secs] [Times: user=0.31 sys=0.00, real=0.05 secs] 
28333.454: [GC 28333.455: [ParNew: 2303739K->56585K(2534400K), 0.0504930 secs] 6353119K->4107415K(10982400K), 0.0513290 secs] [Times: user=0.36 sys=0.00, real=0.06 secs] 
28336.244: [GC 28336.245: [ParNew: 2309385K->44406K(2534400K), 0.0501310 secs] 6360215K->4098968K(10982400K), 0.0508630 secs] [Times: user=0.33 sys=0.00, real=0.06 secs] 
28338.871: [GC 28338.871: [ParNew: 2297206K->32438K(2534400K), 0.0494070 secs] 6351768K->4088856K(10982400K), 0.0501350 secs] [Times: user=0.38 sys=0.01, real=0.05 secs] 
28340.737: [GC 28340.738: [ParNew: 2285237K->28608K(2534400K), 0.0396140 secs] 6341655K->4086987K(10982400K), 0.0403380 secs] [Times: user=0.31 sys=0.00, real=0.04 secs] 
28342.786: [GC 28342.787: [ParNew: 2281408K->70573K(2534400K), 0.0554770 secs] 6339787K->4130558K(10982400K), 0.0562620 secs] [Times: user=0.48 sys=0.00, real=0.05 secs] 
28345.168: [GC 28345.168: [ParNew: 2323373K->51219K(2534400K), 0.0464690 secs] 6383358K->4112692K(10982400K), 0.0474660 secs] [Times: user=0.31 sys=0.00, real=0.04 secs] 
28347.182: [GC 28347.182: [ParNew: 2304019K->41342K(2534400K), 0.0444900 secs] 6365492K->4103935K(10982400K), 0.0453050 secs] [Times: user=0.39 sys=0.01, real=0.05 secs] 
28349.294: [GC 28349.294: [ParNew: 2294120K->43251K(2534400K), 0.0440980 secs] 6356712K->4106745K(10982400K), 0.0449500 secs] [Times: user=0.37 sys=0.01, real=0.05 secs] 
28350.920: [GC 28350.921: [ParNew: 2296051K->73572K(2534400K), 0.0413390 secs] 6359545K->4138480K(10982400K), 0.0421910 secs] [Times: user=0.44 sys=0.01, real=0.04 secs] 
28352.648: [GC 28352.648: [ParNew: 2326372K->68325K(2534400K), 0.0441720 secs] 6391280K->4134069K(10982400K), 0.0451300 secs] [Times: user=0.38 sys=0.00, real=0.04 secs] 
28355.194: [GC 28355.194: [ParNew: 2321125K->69581K(2534400K), 0.0484020 secs] 6386869K->4136427K(10982400K), 0.0492390 secs] [Times: user=0.38 sys=0.00, real=0.05 secs] 
28358.197: [GC 28358.197: [ParNew: 2322381K->64468K(2534400K), 0.0544460 secs] 6389227K->4132671K(10982400K), 0.0552350 secs] [Times: user=0.43 sys=0.00, real=0.06 secs] 
28360.519: [GC 28360.519: [ParNew: 2317268K->58923K(2534400K), 0.0431290 secs] 6385471K->4128101K(10982400K), 0.0439570 secs] [Times: user=0.35 sys=0.00, real=0.04 secs] 
28364.213: [GC 28364.213: [ParNew: 2311723K->100561K(2534400K), 0.0626760 secs] 6380901K->4171167K(10982400K), 0.0634770 secs] [Times: user=0.46 sys=0.00, real=0.06 secs] 
28366.844: [GC 28366.844: [ParNew: 2353361K->126041K(2534400K), 0.0574570 secs] 6423967K->4198984K(10982400K), 0.0582560 secs] [Times: user=0.55 sys=0.00, real=0.06 secs] 
28369.901: [GC 28369.902: [ParNew: 2378841K->113043K(2534400K), 0.0565440 secs] 6451784K->4187153K(10982400K), 0.0573870 secs] [Times: user=0.43 sys=0.00, real=0.05 secs] 
28372.446: [GC 28372.447: [ParNew: 2365843K->108180K(2534400K), 0.0530220 secs] 6439953K->4182790K(10982400K), 0.0538640 secs] [Times: user=0.42 sys=0.00, real=0.05 secs] 
28374.839: [GC 28374.840: [ParNew: 2360980K->82056K(2534400K), 0.0925160 secs] 6435590K->4204532K(10982400K), 0.0933270 secs] [Times: user=0.57 sys=0.02, real=0.10 secs] 
28377.256: [GC 28377.256: [ParNew: 2334856K->42780K(2534400K), 0.0468300 secs] 6457332K->4168509K(10982400K), 0.0476360 secs] [Times: user=0.29 sys=0.01, real=0.05 secs] 
28379.858: [GC 28379.859: [ParNew: 2295580K->37404K(2534400K), 0.0470610 secs] 6421309K->4165079K(10982400K), 0.0479180 secs] [Times: user=0.33 sys=0.00, real=0.05 secs] 
28381.941: [GC 28381.941: [ParNew: 2290204K->80939K(2534400K), 0.0507160 secs] 6417879K->4211672K(10982400K), 0.0514230 secs] [Times: user=0.56 sys=0.00, real=0.06 secs] 
28384.110: [GC 28384.110: [ParNew: 2333739K->62056K(2534400K), 0.0480680 secs] 6464472K->4194804K(10982400K), 0.0488270 secs] [Times: user=0.37 sys=0.00, real=0.05 secs] 
28386.699: [GC 28386.699: [ParNew: 2314856K->43920K(2534400K), 0.0491650 secs] 6447604K->4179047K(10982400K), 0.0499920 secs] [Times: user=0.34 sys=0.01, real=0.05 secs] 
28389.319: [GC 28389.319: [ParNew: 2296720K->37860K(2534400K), 0.0500980 secs] 6431847K->4174430K(10982400K), 0.0508350 secs] [Times: user=0.36 sys=0.00, real=0.05 secs] 
28391.969: [GC 28391.969: [ParNew: 2290660K->34406K(2534400K), 0.0485690 secs] 6427230K->4173059K(10982400K), 0.0493960 secs] [Times: user=0.34 sys=0.00, real=0.05 secs] 
28394.752: [GC 28394.753: [ParNew: 2287206K->88981K(2534400K), 0.0561980 secs] 6425859K->4229107K(10982400K), 0.0570320 secs] [Times: user=0.56 sys=0.01, real=0.06 secs] 
28397.118: [GC 28397.119: [ParNew: 2341781K->68627K(2534400K), 0.0533850 secs] 6481907K->4211312K(10982400K), 0.0541990 secs] [Times: user=0.38 sys=0.00, real=0.05 secs] 
28399.262: [GC 28399.262: [ParNew: 2321427K->32189K(2534400K), 0.0481460 secs] 6464112K->4176466K(10982400K), 0.0489710 secs] [Times: user=0.35 sys=0.00, real=0.05 secs] 
28401.905: [GC 28401.905: [ParNew: 2284947K->28580K(2534400K), 0.0489120 secs] 6429224K->4173656K(10982400K), 0.0496320 secs] [Times: user=0.37 sys=0.00, real=0.05 secs] 
28404.030: [GC 28404.031: [ParNew: 2281380K->65067K(2534400K), 0.0568830 secs] 6426456K->4210913K(10982400K), 0.0577220 secs] [Times: user=0.46 sys=0.01, real=0.06 secs] 
28406.215: [GC 28406.216: [ParNew: 2317867K->101789K(2534400K), 0.0489880 secs] 6463713K->4249020K(10982400K), 0.0497070 secs] [Times: user=0.51 sys=0.00, real=0.05 secs] 
28408.561: [GC 28408.561: [ParNew: 2354753K->115650K(2534400K), 0.0515160 secs] 6501984K->4263804K(10982400K), 0.0523210 secs] [Times: user=0.50 sys=0.00, real=0.05 secs] 
28408.616: [GC 28408.617: [ParNew: 116888K->98698K(2534400K), 0.0232400 secs] 4265042K->4249130K(10982400K), 0.0238050 secs] [Times: user=0.45 sys=0.00, real=0.02 secs] 
28411.227: [GC 28411.227: [ParNew: 2351498K->85120K(2534400K), 0.0611030 secs] 6501930K->4250397K(10982400K), 0.0619320 secs] [Times: user=0.39 sys=0.00, real=0.06 secs] 
28413.539: [GC 28413.540: [ParNew: 2337920K->35769K(2534400K), 0.0506900 secs] 6503197K->4214432K(10982400K), 0.0515250 secs] [Times: user=0.31 sys=0.00, real=0.05 secs] 
28416.074: [GC 28416.075: [ParNew: 2288569K->59006K(2534400K), 0.0742850 secs] 6467232K->4238756K(10982400K), 0.0750710 secs] [Times: user=0.39 sys=0.00, real=0.08 secs] 
28418.036: [GC 28418.037: [ParNew: 2311806K->83061K(2534400K), 0.0680490 secs] 6491556K->4262811K(10982400K), 0.0689150 secs] [Times: user=0.57 sys=0.00, real=0.07 secs] 
28419.974: [GC 28419.974: [ParNew: 2335861K->63156K(2534400K), 0.0532430 secs] 6515611K->4244048K(10982400K), 0.0539600 secs] [Times: user=0.32 sys=0.00, real=0.06 secs] 
28421.933: [GC 28421.934: [ParNew: 2315956K->32165K(2534400K), 0.0433580 secs] 6496848K->4214222K(10982400K), 0.0441870 secs] [Times: user=0.27 sys=0.00, real=0.04 secs] 
28423.707: [GC 28423.708: [ParNew: 2284965K->99754K(2534400K), 0.0805320 secs] 6467022K->4285972K(10982400K), 0.0813790 secs] [Times: user=0.51 sys=0.00, real=0.09 secs] 
28425.980: [GC 28425.980: [ParNew: 2352554K->91466K(2534400K), 0.0841320 secs] 6538772K->4279001K(10982400K), 0.0849830 secs] [Times: user=0.34 sys=0.00, real=0.08 secs] 
28428.066: [GC 28428.066: [ParNew: 2344266K->65649K(2534400K), 0.0758440 secs] 6531801K->4254701K(10982400K), 0.0766660 secs] [Times: user=0.40 sys=0.00, real=0.08 secs] 
28429.957: [GC 28429.957: [ParNew: 2318449K->57566K(2534400K), 0.0571520 secs] 6507501K->4247741K(10982400K), 0.0578720 secs] [Times: user=0.43 sys=0.00, real=0.06 secs] 
28431.238: [GC 28431.238: [ParNew: 2310366K->78415K(2534400K), 0.0534760 secs] 6500541K->4269960K(10982400K), 0.0541890 secs] [Times: user=0.38 sys=0.01, real=0.06 secs] 
28432.414: [GC 28432.414: [ParNew: 2331215K->46880K(2534400K), 0.0448130 secs] 6522760K->4239484K(10982400K), 0.0456200 secs] [Times: user=0.38 sys=0.00, real=0.04 secs] 
28433.516: [GC 28433.516: [ParNew: 2299680K->45992K(2534400K), 0.0550850 secs] 6492284K->4242218K(10982400K), 0.0558900 secs] [Times: user=0.39 sys=0.00, real=0.06 secs] 
28434.617: [GC 28434.617: [ParNew: 2298792K->74790K(2534400K), 0.0455430 secs] 6495018K->4273312K(10982400K), 0.0463610 secs] [Times: user=0.51 sys=0.00, real=0.05 secs] 
28435.886: [GC 28435.886: [ParNew: 2327590K->105294K(2534400K), 0.0485250 secs] 6526112K->4304453K(10982400K), 0.0493400 secs] [Times: user=0.54 sys=0.00, real=0.05 secs] 
28438.222: [GC 28438.223: [ParNew: 2358094K->74300K(2534400K), 0.0568290 secs] 6557253K->4275228K(10982400K), 0.0576780 secs] [Times: user=0.38 sys=0.00, real=0.05 secs] 
28440.744: [GC 28440.744: [ParNew: 2327100K->35234K(2534400K), 0.0447880 secs] 6528028K->4236596K(10982400K), 0.0455510 secs] [Times: user=0.39 sys=0.00, real=0.04 secs] 
28442.730: [GC 28442.731: [ParNew: 2288034K->52827K(2534400K), 0.0459180 secs] 6489396K->4255961K(10982400K), 0.0466360 secs] [Times: user=0.39 sys=0.01, real=0.05 secs] 
28444.940: [GC 28444.941: [ParNew: 2305627K->40170K(2534400K), 0.0475160 secs] 6508761K->4245625K(10982400K), 0.0483270 secs] [Times: user=0.39 sys=0.00, real=0.05 secs] 
28447.353: [GC 28447.353: [ParNew: 2292970K->48783K(2534400K), 0.0515900 secs] 6498425K->4256252K(10982400K), 0.0523700 secs] [Times: user=0.44 sys=0.00, real=0.05 secs] 
28450.066: [GC 28450.066: [ParNew: 2301583K->41070K(2534400K), 0.0498990 secs] 6509052K->4249476K(10982400K), 0.0505610 secs] [Times: user=0.39 sys=0.01, real=0.05 secs] 
28451.671: [GC 28451.672: [ParNew: 2293870K->72750K(2534400K), 0.0440280 secs] 6502276K->4284599K(10982400K), 0.0446650 secs] [Times: user=0.44 sys=0.00, real=0.05 secs] 
28453.851: [GC 28453.851: [ParNew: 2325550K->54034K(2534400K), 0.0427530 secs] 6537399K->4267445K(10982400K), 0.0433370 secs] [Times: user=0.34 sys=0.00, real=0.05 secs] 
28456.598: [GC 28456.599: [ParNew: 2306834K->30893K(2534400K), 0.0466540 secs] 6520245K->4246092K(10982400K), 0.0472390 secs] [Times: user=0.35 sys=0.00, real=0.05 secs] 
28459.438: [GC 28459.439: [ParNew: 2283693K->36139K(2534400K), 0.0516450 secs] 6498892K->4252490K(10982400K), 0.0522940 secs] [Times: user=0.38 sys=0.00, real=0.05 secs] 
28461.748: [GC 28461.748: [ParNew: 2288939K->48874K(2534400K), 0.0429480 secs] 6505290K->4266121K(10982400K), 0.0435730 secs] [Times: user=0.42 sys=0.01, real=0.04 secs] 
28463.752: [GC 28463.752: [ParNew: 2301674K->64114K(2534400K), 0.0461190 secs] 6518921K->4282246K(10982400K), 0.0468070 secs] [Times: user=0.46 sys=0.01, real=0.05 secs] 
28466.627: [GC 28466.628: [ParNew: 2316914K->70897K(2534400K), 0.0513510 secs] 6535046K->4290448K(10982400K), 0.0519800 secs] [Times: user=0.46 sys=0.00, real=0.05 secs] 
28468.894: [GC 28468.894: [ParNew: 2323697K->59106K(2534400K), 0.0471120 secs] 6543248K->4280210K(10982400K), 0.0477520 secs] [Times: user=0.40 sys=0.00, real=0.05 secs] 
28471.502: [GC 28471.503: [ParNew: 2311906K->42858K(2534400K), 0.0476260 secs] 6533010K->4265640K(10982400K), 0.0482550 secs] [Times: user=0.40 sys=0.00, real=0.05 secs] 
28474.448: [GC 28474.449: [ParNew: 2295658K->46896K(2534400K), 0.0480970 secs] 6518440K->4272269K(10982400K), 0.0486780 secs] [Times: user=0.32 sys=0.00, real=0.05 secs] 
28476.224: [GC 28476.225: [ParNew: 2299696K->37541K(2534400K), 0.0379210 secs] 6525069K->4265351K(10982400K), 0.0385170 secs] [Times: user=0.32 sys=0.00, real=0.04 secs] 
28477.781: [GC 28477.781: [ParNew: 2290341K->34019K(2534400K), 0.0305310 secs] 6518151K->4263973K(10982400K), 0.0311630 secs] [Times: user=0.27 sys=0.01, real=0.03 secs] 
28479.276: [GC 28479.276: [ParNew: 2286819K->32445K(2534400K), 0.0363500 secs] 6516773K->4265327K(10982400K), 0.0369370 secs] [Times: user=0.36 sys=0.00, real=0.04 secs] 
28480.580: [GC 28480.580: [ParNew: 2285193K->35674K(2534400K), 0.0352690 secs] 6518076K->4271019K(10982400K), 0.0358750 secs] [Times: user=0.37 sys=0.00, real=0.03 secs] 
28482.019: [GC 28482.019: [ParNew: 2288474K->26854K(2534400K), 0.0307400 secs] 6523819K->4264176K(10982400K), 0.0313660 secs] [Times: user=0.24 sys=0.00, real=0.03 secs] 
28483.368: [GC 28483.368: [ParNew: 2279654K->22784K(2534400K), 0.0308010 secs] 6516976K->4260958K(10982400K), 0.0314330 secs] [Times: user=0.24 sys=0.00, real=0.03 secs] 
28485.167: [GC 28485.168: [ParNew: 2275584K->42769K(2534400K), 0.0417050 secs] 6513758K->4282215K(10982400K), 0.0423290 secs] [Times: user=0.41 sys=0.00, real=0.05 secs] 
28487.025: [GC 28487.025: [ParNew: 2295569K->34795K(2534400K), 0.0410450 secs] 6535015K->4275299K(10982400K), 0.0416730 secs] [Times: user=0.35 sys=0.01, real=0.04 secs] 
28488.704: [GC 28488.704: [ParNew: 2287595K->33665K(2534400K), 0.0363930 secs] 6528099K->4274650K(10982400K), 0.0369800 secs] [Times: user=0.37 sys=0.00, real=0.04 secs] 
28490.964: [GC 28490.964: [ParNew: 2286465K->35987K(2534400K), 0.0419530 secs] 6527450K->4277357K(10982400K), 0.0425890 secs] [Times: user=0.37 sys=0.00, real=0.04 secs] 
28492.659: [GC 28492.659: [ParNew: 2288787K->38695K(2534400K), 0.0422990 secs] 6530157K->4280747K(10982400K), 0.0429410 secs] [Times: user=0.39 sys=0.00, real=0.04 secs] 
28493.801: [GC 28493.801: [ParNew: 2291495K->95030K(2534400K), 0.0527690 secs] 6533547K->4339117K(10982400K), 0.0533570 secs] [Times: user=0.71 sys=0.01, real=0.05 secs] 
28495.522: [GC 28495.522: [ParNew: 2347830K->74000K(2534400K), 0.0446510 secs] 6591917K->4319439K(10982400K), 0.0452780 secs] [Times: user=0.37 sys=0.00, real=0.04 secs] 
28497.378: [GC 28497.378: [ParNew: 2326800K->32973K(2534400K), 0.0354750 secs] 6572239K->4279486K(10982400K), 0.0360760 secs] [Times: user=0.30 sys=0.00, real=0.04 secs] 
28499.684: [GC 28499.685: [ParNew: 2285773K->70262K(2534400K), 0.0540990 secs] 6532286K->4322126K(10982400K), 0.0547450 secs] [Times: user=0.51 sys=0.01, real=0.05 secs] 
28502.239: [GC 28502.239: [ParNew: 2323062K->95451K(2534400K), 0.0497280 secs] 6574926K->4348452K(10982400K), 0.0503630 secs] [Times: user=0.51 sys=0.00, real=0.05 secs] 
28504.196: [GC 28504.196: [ParNew: 2348251K->64792K(2534400K), 0.0421560 secs] 6601252K->4319443K(10982400K), 0.0427400 secs] [Times: user=0.36 sys=0.00, real=0.04 secs] 
28506.563: [GC 28506.564: [ParNew: 2317583K->30203K(2534400K), 0.0462540 secs] 6572234K->4286317K(10982400K), 0.0468910 secs] [Times: user=0.36 sys=0.01, real=0.04 secs] 
28509.597: [GC 28509.598: [ParNew: 2283003K->36019K(2534400K), 0.0523140 secs] 6539117K->4293462K(10982400K), 0.0530800 secs] [Times: user=0.40 sys=0.00, real=0.05 secs] 
28512.590: [GC 28512.590: [ParNew: 2288819K->46275K(2534400K), 0.0458030 secs] 6546262K->4304312K(10982400K), 0.0464240 secs] [Times: user=0.32 sys=0.00, real=0.05 secs] 
28514.392: [GC 28514.392: [ParNew: 2299075K->34883K(2534400K), 0.0435260 secs] 6557112K->4293321K(10982400K), 0.0441160 secs] [Times: user=0.38 sys=0.01, real=0.04 secs] 
28517.313: [GC 28517.313: [ParNew: 2287686K->31141K(2534400K), 0.0496030 secs] 6546123K->4291099K(10982400K), 0.0502100 secs] [Times: user=0.38 sys=0.00, real=0.05 secs] 
28517.366: [GC 28517.366: [ParNew: 34155K->28649K(2534400K), 0.0172310 secs] 4294114K->4290570K(10982400K), 0.0176770 secs] [Times: user=0.34 sys=0.00, real=0.02 secs] 
28520.033: [GC 28520.034: [ParNew: 2281449K->37214K(2534400K), 0.0483490 secs] 6543370K->4299875K(10982400K), 0.0489470 secs] [Times: user=0.39 sys=0.00, real=0.04 secs] 
28522.701: [GC 28522.702: [ParNew: 2290014K->31446K(2534400K), 0.0426430 secs] 6552675K->4295110K(10982400K), 0.0432940 secs] [Times: user=0.27 sys=0.00, real=0.05 secs] 
28525.438: [GC 28525.438: [ParNew: 2284246K->62288K(2534400K), 0.0530970 secs] 6547910K->4327029K(10982400K), 0.0537020 secs] [Times: user=0.47 sys=0.00, real=0.05 secs] 
28525.494: [GC 28525.495: [ParNew: 63373K->79078K(2534400K), 0.0347360 secs] 4328115K->4343820K(10982400K), 0.0351980 secs] [Times: user=0.72 sys=0.01, real=0.03 secs] 
28527.454: [GC 28527.454: [ParNew: 2331878K->90491K(2534400K), 0.0474870 secs] 6596620K->4356754K(10982400K), 0.0480860 secs] [Times: user=0.46 sys=0.00, real=0.04 secs] 
28529.368: [GC 28529.368: [ParNew: 2343291K->65144K(2534400K), 0.0381020 secs] 6609554K->4333412K(10982400K), 0.0386870 secs] [Times: user=0.30 sys=0.00, real=0.04 secs] 
28531.694: [GC 28531.694: [ParNew: 2317944K->40425K(2534400K), 0.0415190 secs] 6586212K->4310297K(10982400K), 0.0421620 secs] [Times: user=0.33 sys=0.00, real=0.05 secs] 
28534.564: [GC 28534.565: [ParNew: 2293225K->39781K(2534400K), 0.0484270 secs] 6563097K->4309654K(10982400K), 0.0490400 secs] [Times: user=0.39 sys=0.00, real=0.05 secs] 
28536.192: [GC 28536.192: [ParNew: 2292581K->106713K(2534400K), 0.0532710 secs] 6562454K->4378925K(10982400K), 0.0539080 secs] [Times: user=0.69 sys=0.01, real=0.06 secs] 
28539.123: [GC 28539.123: [ParNew: 2359513K->85822K(2534400K), 0.0558330 secs] 6631725K->4359666K(10982400K), 0.0564650 secs] [Times: user=0.50 sys=0.00, real=0.06 secs] 
28541.880: [GC 28541.881: [ParNew: 2338622K->78816K(2534400K), 0.0528910 secs] 6612466K->4357853K(10982400K), 0.0535250 secs] [Times: user=0.48 sys=0.01, real=0.05 secs] 
28544.249: [GC 28544.249: [ParNew: 2331616K->65117K(2534400K), 0.0461410 secs] 6610653K->4345315K(10982400K), 0.0467790 secs] [Times: user=0.35 sys=0.00, real=0.04 secs] 
28546.618: [GC 28546.619: [ParNew: 2317917K->48546K(2534400K), 0.0437610 secs] 6598115K->4330004K(10982400K), 0.0444070 secs] [Times: user=0.36 sys=0.00, real=0.04 secs] 
28549.272: [GC 28549.272: [ParNew: 2301346K->65520K(2534400K), 0.0529830 secs] 6582804K->4349152K(10982400K), 0.0536080 secs] [Times: user=0.49 sys=0.00, real=0.05 secs] 
28551.494: [GC 28551.495: [ParNew: 2318320K->93321K(2534400K), 0.0536000 secs] 6601952K->4379096K(10982400K), 0.0542700 secs] [Times: user=0.51 sys=0.00, real=0.06 secs] 
28553.733: [GC 28553.734: [ParNew: 2346121K->62886K(2534400K), 0.0470040 secs] 6631896K->4349390K(10982400K), 0.0476430 secs] [Times: user=0.32 sys=0.01, real=0.05 secs] 
28556.015: [GC 28556.015: [ParNew: 2315686K->37709K(2534400K), 0.0460360 secs] 6602190K->4326875K(10982400K), 0.0466280 secs] [Times: user=0.35 sys=0.00, real=0.05 secs] 
28558.529: [GC 28558.529: [ParNew: 2290509K->49011K(2534400K), 0.0501340 secs] 6579675K->4339318K(10982400K), 0.0507520 secs] [Times: user=0.42 sys=0.01, real=0.05 secs] 
28561.559: [GC 28561.560: [ParNew: 2301820K->39620K(2534400K), 0.0496950 secs] 6592127K->4330662K(10982400K), 0.0503120 secs] [Times: user=0.38 sys=0.00, real=0.06 secs] 
28561.613: [GC 28561.613: [ParNew: 44067K->39540K(2534400K), 0.0170680 secs] 4335109K->4331399K(10982400K), 0.0175620 secs] [Times: user=0.32 sys=0.00, real=0.02 secs] 
28563.796: [GC 28563.797: [ParNew: 2292340K->42080K(2534400K), 0.0486270 secs] 6584199K->4337792K(10982400K), 0.0492330 secs] [Times: user=0.38 sys=0.00, real=0.05 secs] 
28565.989: [GC 28565.990: [ParNew: 2294880K->88202K(2534400K), 0.0508630 secs] 6590592K->4386444K(10982400K), 0.0514980 secs] [Times: user=0.58 sys=0.00, real=0.06 secs] 
28568.141: [GC 28568.142: [ParNew: 2341002K->75228K(2534400K), 0.0474200 secs] 6639244K->4374338K(10982400K), 0.0480110 secs] [Times: user=0.42 sys=0.00, real=0.04 secs] 
28571.204: [GC 28571.205: [ParNew: 2328028K->40881K(2534400K), 0.0494350 secs] 6627138K->4339992K(10982400K), 0.0500380 secs] [Times: user=0.35 sys=0.00, real=0.05 secs] 
28573.989: [GC 28573.989: [ParNew: 2293681K->50695K(2534400K), 0.0477560 secs] 6592792K->4350820K(10982400K), 0.0483600 secs] [Times: user=0.42 sys=0.00, real=0.05 secs] 
28575.838: [GC 28575.839: [ParNew: 2303495K->54901K(2534400K), 0.0435730 secs] 6603620K->4356170K(10982400K), 0.0441510 secs] [Times: user=0.42 sys=0.00, real=0.05 secs] 
28578.672: [GC 28578.673: [ParNew: 2307701K->46089K(2534400K), 0.0511550 secs] 6608970K->4349488K(10982400K), 0.0517480 secs] [Times: user=0.47 sys=0.00, real=0.05 secs] 
28581.714: [GC 28581.715: [ParNew: 2298889K->62952K(2534400K), 0.0561000 secs] 6602288K->4368344K(10982400K), 0.0567340 secs] [Times: user=0.42 sys=0.00, real=0.05 secs] 
28583.536: [GC 28583.537: [ParNew: 2315752K->108026K(2534400K), 0.0614080 secs] 6621144K->4414946K(10982400K), 0.0620540 secs] [Times: user=0.58 sys=0.00, real=0.06 secs] 
28585.892: [GC 28585.892: [ParNew: 2360826K->95193K(2534400K), 0.0661400 secs] 6667746K->4402934K(10982400K), 0.0667820 secs] [Times: user=0.36 sys=0.00, real=0.07 secs] 
28587.776: [GC 28587.776: [ParNew: 2347993K->71303K(2534400K), 0.0605120 secs] 6655734K->4380451K(10982400K), 0.0611200 secs] [Times: user=0.45 sys=0.00, real=0.06 secs] 
28589.375: [GC 28589.376: [ParNew: 2324103K->102801K(2534400K), 0.0568760 secs] 6633251K->4413437K(10982400K), 0.0575020 secs] [Times: user=0.55 sys=0.01, real=0.05 secs] 
28591.384: [GC 28591.385: [ParNew: 2355601K->80997K(2534400K), 0.0572550 secs] 6666237K->4392337K(10982400K), 0.0578700 secs] [Times: user=0.38 sys=0.00, real=0.05 secs] 
28592.964: [GC 28592.965: [ParNew: 2333797K->33379K(2534400K), 0.0452670 secs] 6645137K->4346382K(10982400K), 0.0459000 secs] [Times: user=0.36 sys=0.00, real=0.04 secs] 
28594.147: [GC 28594.147: [ParNew: 2286179K->29284K(2534400K), 0.0363060 secs] 6599182K->4343627K(10982400K), 0.0369350 secs] [Times: user=0.33 sys=0.00, real=0.03 secs] 
28595.727: [GC 28595.728: [ParNew: 2282084K->89038K(2534400K), 0.0955700 secs] 6596427K->4404908K(10982400K), 0.0962010 secs] [Times: user=0.40 sys=0.00, real=0.09 secs] 
28597.523: [GC 28597.523: [ParNew: 2341838K->155923K(2534400K), 0.0991930 secs] 6657708K->4472603K(10982400K), 0.0998230 secs] [Times: user=0.60 sys=0.01, real=0.10 secs] 
28599.549: [GC 28599.550: [ParNew: 2408723K->76424K(2534400K), 0.0518110 secs] 6725403K->4403266K(10982400K), 0.0524400 secs] [Times: user=0.34 sys=0.01, real=0.05 secs] 
28601.010: [GC 28601.010: [ParNew: 2329224K->30215K(2534400K), 0.0357930 secs] 6656066K->4357057K(10982400K), 0.0364810 secs] [Times: user=0.34 sys=0.01, real=0.04 secs] 
28603.800: [GC 28603.801: [ParNew: 2283015K->33097K(2534400K), 0.0453870 secs] 6609857K->4359939K(10982400K), 0.0459780 secs] [Times: user=0.37 sys=0.00, real=0.05 secs] 
28606.253: [GC 28606.253: [ParNew: 2285897K->69719K(2534400K), 0.0427040 secs] 6612739K->4396562K(10982400K), 0.0433320 secs] [Times: user=0.37 sys=0.00, real=0.05 secs] 
28608.245: [GC 28608.246: [ParNew: 2322519K->78666K(2534400K), 0.0449060 secs] 6649362K->4406357K(10982400K), 0.0454970 secs] [Times: user=0.49 sys=0.00, real=0.05 secs] 
28610.088: [GC 28610.089: [ParNew: 2331466K->54839K(2534400K), 0.0368660 secs] 6659157K->4383982K(10982400K), 0.0374630 secs] [Times: user=0.29 sys=0.01, real=0.03 secs] 
28610.775: [GC 28610.775: [ParNew: 2307639K->42805K(2534400K), 0.0281010 secs] 6636782K->4373270K(10982400K), 0.0286680 secs] [Times: user=0.37 sys=0.01, real=0.03 secs] 
28611.522: [GC 28611.522: [ParNew: 2295605K->41560K(2534400K), 0.0288030 secs] 6626070K->4374196K(10982400K), 0.0293750 secs] [Times: user=0.35 sys=0.01, real=0.03 secs] 
28612.798: [GC 28612.799: [ParNew: 2294360K->68632K(2534400K), 0.0425330 secs] 6626996K->4402580K(10982400K), 0.0432450 secs] [Times: user=0.50 sys=0.00, real=0.04 secs] 
28614.328: [GC 28614.329: [ParNew: 2321432K->103087K(2534400K), 0.0692790 secs] 6655380K->4448701K(10982400K), 0.0699820 secs] [Times: user=0.67 sys=0.01, real=0.07 secs] 
28616.405: [GC 28616.405: [ParNew: 2355887K->82999K(2534400K), 0.0525920 secs] 6701501K->4429272K(10982400K), 0.0533220 secs] [Times: user=0.46 sys=0.00, real=0.06 secs] 
28618.346: [GC 28618.347: [ParNew: 2335799K->59595K(2534400K), 0.0386140 secs] 6682072K->4408056K(10982400K), 0.0393410 secs] [Times: user=0.26 sys=0.00, real=0.04 secs] 
28621.091: [GC 28621.091: [ParNew: 2312395K->59533K(2534400K), 0.0517640 secs] 6660856K->4409310K(10982400K), 0.0524940 secs] [Times: user=0.44 sys=0.00, real=0.05 secs] 
28623.354: [GC 28623.354: [ParNew: 2312333K->49450K(2534400K), 0.0474140 secs] 6662110K->4400223K(10982400K), 0.0482570 secs] [Times: user=0.41 sys=0.00, real=0.05 secs] 
28624.667: [GC 28624.668: [ParNew: 2302250K->63673K(2534400K), 0.0367890 secs] 6653023K->4416650K(10982400K), 0.0374290 secs] [Times: user=0.42 sys=0.00, real=0.04 secs] 
28625.935: [GC 28625.935: [ParNew: 2316473K->64118K(2534400K), 0.0367260 secs] 6669450K->4418675K(10982400K), 0.0373190 secs] [Times: user=0.43 sys=0.00, real=0.04 secs] 
28627.164: [GC 28627.165: [ParNew: 2316913K->61702K(2534400K), 0.0329260 secs] 6671470K->4417977K(10982400K), 0.0335110 secs] [Times: user=0.36 sys=0.00, real=0.03 secs] 
28628.714: [GC 28628.715: [ParNew: 2314502K->50859K(2534400K), 0.0374410 secs] 6670777K->4409636K(10982400K), 0.0381470 secs] [Times: user=0.31 sys=0.00, real=0.04 secs] 
28629.885: [GC 28629.885: [ParNew: 2303659K->58938K(2534400K), 0.0364160 secs] 6662436K->4418714K(10982400K), 0.0371690 secs] [Times: user=0.44 sys=0.00, real=0.04 secs] 
28631.705: [GC 28631.705: [ParNew: 2311738K->61183K(2534400K), 0.0373260 secs] 6671514K->4421893K(10982400K), 0.0380530 secs] [Times: user=0.36 sys=0.00, real=0.04 secs] 
28632.983: [GC 28632.984: [ParNew: 2313994K->48185K(2534400K), 0.0360380 secs] 6674703K->4409537K(10982400K), 0.0367260 secs] [Times: user=0.33 sys=0.01, real=0.04 secs] 
28633.024: [GC 28633.024: [ParNew: 49970K->36807K(2534400K), 0.0155570 secs] 4411322K->4400536K(10982400K), 0.0160690 secs] [Times: user=0.29 sys=0.00, real=0.02 secs] 
28634.555: [GC 28634.555: [ParNew: 2289607K->35222K(2534400K), 0.0379300 secs] 6653336K->4399620K(10982400K), 0.0386480 secs] [Times: user=0.38 sys=0.00, real=0.04 secs] 
28636.350: [GC 28636.350: [ParNew: 2288022K->62528K(2534400K), 0.0437040 secs] 6652420K->4427826K(10982400K), 0.0445300 secs] [Times: user=0.41 sys=0.00, real=0.05 secs] 
28637.850: [GC 28637.850: [ParNew: 2315328K->94608K(2534400K), 0.0455220 secs] 6680626K->4461154K(10982400K), 0.0463490 secs] [Times: user=0.57 sys=0.01, real=0.05 secs] 
28639.108: [GC 28639.108: [ParNew: 2347408K->70873K(2534400K), 0.0429780 secs] 6713954K->4437421K(10982400K), 0.0437690 secs] [Times: user=0.41 sys=0.00, real=0.05 secs] 
28640.569: [GC 28640.569: [ParNew: 2323673K->33308K(2534400K), 0.0387570 secs] 6690221K->4401210K(10982400K), 0.0395740 secs] [Times: user=0.27 sys=0.00, real=0.04 secs] 
28642.094: [GC 28642.095: [ParNew: 2286119K->36607K(2534400K), 0.0400430 secs] 6654021K->4405258K(10982400K), 0.0408290 secs] [Times: user=0.37 sys=0.00, real=0.04 secs] 
28642.138: [GC 28642.138: [ParNew: 38073K->39326K(2534400K), 0.0189010 secs] 4406724K->4408869K(10982400K), 0.0194590 secs] [Times: user=0.37 sys=0.00, real=0.02 secs] 
28644.144: [GC 28644.144: [ParNew: 2292126K->38110K(2534400K), 0.0491540 secs] 6661669K->4408911K(10982400K), 0.0500130 secs] [Times: user=0.39 sys=0.00, real=0.05 secs] 
28646.554: [GC 28646.555: [ParNew: 2290910K->60007K(2534400K), 0.0482610 secs] 6661711K->4431853K(10982400K), 0.0490960 secs] [Times: user=0.39 sys=0.00, real=0.05 secs] 
28648.805: [GC 28648.806: [ParNew: 2312807K->55188K(2534400K), 0.0470770 secs] 6684653K->4427972K(10982400K), 0.0480610 secs] [Times: user=0.34 sys=0.00, real=0.05 secs] 
28651.612: [GC 28651.612: [ParNew: 2307988K->51908K(2534400K), 0.0501880 secs] 6680772K->4424692K(10982400K), 0.0510370 secs] [Times: user=0.40 sys=0.00, real=0.05 secs] 
28653.897: [GC 28653.897: [ParNew: 2304708K->74800K(2534400K), 0.0466120 secs] 6677492K->4448597K(10982400K), 0.0473350 secs] [Times: user=0.47 sys=0.00, real=0.05 secs] 
28656.877: [GC 28656.877: [ParNew: 2327600K->65728K(2534400K), 0.0580990 secs] 6701397K->4445016K(10982400K), 0.0588430 secs] [Times: user=0.32 sys=0.00, real=0.06 secs] 
28659.035: [GC 28659.035: [ParNew: 2318528K->71611K(2534400K), 0.0466740 secs] 6697816K->4452448K(10982400K), 0.0474070 secs] [Times: user=0.49 sys=0.01, real=0.04 secs] 
28661.644: [GC 28661.645: [ParNew: 2324411K->53454K(2534400K), 0.0474110 secs] 6705248K->4435771K(10982400K), 0.0481470 secs] [Times: user=0.38 sys=0.00, real=0.05 secs] 
28664.117: [GC 28664.117: [ParNew: 2306254K->52017K(2534400K), 0.0494170 secs] 6688571K->4435734K(10982400K), 0.0502460 secs] [Times: user=0.44 sys=0.00, real=0.05 secs] 
28666.378: [GC 28666.378: [ParNew: 2304817K->54322K(2534400K), 0.0477510 secs] 6688534K->4439361K(10982400K), 0.0484890 secs] [Times: user=0.36 sys=0.00, real=0.05 secs] 
28668.877: [GC 28668.877: [ParNew: 2307122K->39130K(2534400K), 0.0474080 secs] 6692161K->4425127K(10982400K), 0.0481100 secs] [Times: user=0.37 sys=0.00, real=0.04 secs] 
28670.919: [GC 28670.919: [ParNew: 2291930K->31394K(2534400K), 0.0416530 secs] 6677927K->4418253K(10982400K), 0.0425210 secs] [Times: user=0.28 sys=0.01, real=0.04 secs] 
28673.577: [GC 28673.578: [ParNew: 2284194K->37168K(2534400K), 0.0486980 secs] 6671053K->4426850K(10982400K), 0.0494410 secs] [Times: user=0.29 sys=0.00, real=0.05 secs] 
28675.741: [GC 28675.742: [ParNew: 2289968K->52315K(2534400K), 0.0528020 secs] 6679650K->4445557K(10982400K), 0.0536330 secs] [Times: user=0.44 sys=0.00, real=0.05 secs] 
28678.822: [GC 28678.823: [ParNew: 2305115K->63123K(2534400K), 0.0569290 secs] 6698357K->4458468K(10982400K), 0.0576580 secs] [Times: user=0.44 sys=0.01, real=0.06 secs] 
28681.377: [GC 28681.377: [ParNew: 2315923K->53318K(2534400K), 0.0512850 secs] 6711268K->4450032K(10982400K), 0.0521320 secs] [Times: user=0.37 sys=0.01, real=0.06 secs] 
28683.359: [GC 28683.360: [ParNew: 2306118K->65722K(2534400K), 0.0393450 secs] 6702832K->4463584K(10982400K), 0.0401740 secs] [Times: user=0.34 sys=0.01, real=0.04 secs] 
28686.269: [GC 28686.269: [ParNew: 2318522K->52521K(2534400K), 0.0549910 secs] 6716384K->4451458K(10982400K), 0.0559110 secs] [Times: user=0.43 sys=0.00, real=0.06 secs] 
28689.369: [GC 28689.370: [ParNew: 2305321K->61852K(2534400K), 0.0537230 secs] 6704258K->4463016K(10982400K), 0.0545790 secs] [Times: user=0.43 sys=0.00, real=0.05 secs] 
28691.529: [GC 28691.529: [ParNew: 2314652K->57916K(2534400K), 0.0480710 secs] 6715816K->4460360K(10982400K), 0.0488060 secs] [Times: user=0.46 sys=0.00, real=0.04 secs] 
28694.233: [GC 28694.233: [ParNew: 2310716K->43691K(2534400K), 0.0462530 secs] 6713160K->4446995K(10982400K), 0.0471220 secs] [Times: user=0.39 sys=0.01, real=0.05 secs] 
28696.369: [GC 28696.369: [ParNew: 2296491K->52522K(2534400K), 0.0472280 secs] 6699795K->4457361K(10982400K), 0.0479560 secs] [Times: user=0.43 sys=0.00, real=0.05 secs] 
28699.661: [GC 28699.662: [ParNew: 2305322K->71720K(2534400K), 0.0586540 secs] 6710161K->4478137K(10982400K), 0.0594870 secs] [Times: user=0.48 sys=0.01, real=0.06 secs] 
28702.091: [GC 28702.091: [ParNew: 2324520K->82047K(2534400K), 0.0514340 secs] 6730937K->4490408K(10982400K), 0.0523180 secs] [Times: user=0.46 sys=0.01, real=0.05 secs] 
28704.322: [GC 28704.323: [ParNew: 2334847K->120043K(2534400K), 0.0562410 secs] 6743208K->4529191K(10982400K), 0.0570030 secs] [Times: user=0.63 sys=0.00, real=0.05 secs] 
28706.261: [GC 28706.261: [ParNew: 2372843K->95587K(2534400K), 0.0524730 secs] 6781991K->4506537K(10982400K), 0.0533240 secs] [Times: user=0.50 sys=0.00, real=0.06 secs] 
28708.774: [GC 28708.774: [ParNew: 2348387K->74374K(2534400K), 0.0453710 secs] 6759337K->4489732K(10982400K), 0.0460980 secs] [Times: user=0.31 sys=0.00, real=0.04 secs] 
28711.315: [GC 28711.316: [ParNew: 2327174K->80715K(2534400K), 0.0545990 secs] 6742532K->4497783K(10982400K), 0.0554020 secs] [Times: user=0.49 sys=0.00, real=0.05 secs] 
28714.665: [GC 28714.665: [ParNew: 2333515K->67605K(2534400K), 0.0596370 secs] 6750583K->4487648K(10982400K), 0.0604710 secs] [Times: user=0.43 sys=0.00, real=0.06 secs] 
28717.199: [GC 28717.199: [ParNew: 2320405K->70432K(2534400K), 0.0528380 secs] 6740448K->4491560K(10982400K), 0.0536840 secs] [Times: user=0.48 sys=0.00, real=0.06 secs] 
28719.096: [GC 28719.096: [ParNew: 2323232K->85285K(2534400K), 0.0432760 secs] 6744360K->4507545K(10982400K), 0.0439840 secs] [Times: user=0.44 sys=0.00, real=0.04 secs] 
28721.401: [GC 28721.401: [ParNew: 2338085K->80381K(2534400K), 0.0646160 secs] 6760345K->4514904K(10982400K), 0.0653430 secs] [Times: user=0.52 sys=0.01, real=0.07 secs] 
28723.976: [GC 28723.977: [ParNew: 2333181K->40170K(2534400K), 0.0442630 secs] 6767704K->4477037K(10982400K), 0.0451080 secs] [Times: user=0.28 sys=0.00, real=0.04 secs] 
28726.339: [GC 28726.340: [ParNew: 2293009K->62383K(2534400K), 0.0487920 secs] 6729876K->4501382K(10982400K), 0.0497450 secs] [Times: user=0.43 sys=0.00, real=0.05 secs] 
28726.393: [GC 28726.393: [ParNew: 64883K->75519K(2534400K), 0.0190710 secs] 4503881K->4515466K(10982400K), 0.0196730 secs] [Times: user=0.37 sys=0.00, real=0.02 secs] 
28728.607: [GC 28728.607: [ParNew: 2328319K->56886K(2534400K), 0.0437180 secs] 6768266K->4498259K(10982400K), 0.0444460 secs] [Times: user=0.37 sys=0.00, real=0.04 secs] 
28730.153: [GC 28730.153: [ParNew: 2309686K->32673K(2534400K), 0.0376750 secs] 6751059K->4475124K(10982400K), 0.0385160 secs] [Times: user=0.38 sys=0.00, real=0.04 secs] 
28732.344: [GC 28732.344: [ParNew: 2285473K->64448K(2534400K), 0.0531010 secs] 6727924K->4508187K(10982400K), 0.0539370 secs] [Times: user=0.42 sys=0.01, real=0.06 secs] 
28734.568: [GC 28734.569: [ParNew: 2317248K->75573K(2534400K), 0.0510140 secs] 6760987K->4519312K(10982400K), 0.0518610 secs] [Times: user=0.42 sys=0.00, real=0.05 secs] 
28737.595: [GC 28737.595: [ParNew: 2328373K->57530K(2534400K), 0.0539530 secs] 6772112K->4503062K(10982400K), 0.0547710 secs] [Times: user=0.38 sys=0.01, real=0.06 secs] 
28740.441: [GC 28740.442: [ParNew: 2310330K->91904K(2534400K), 0.0633460 secs] 6755862K->4538884K(10982400K), 0.0641380 secs] [Times: user=0.59 sys=0.00, real=0.06 secs] 
28743.136: [GC 28743.136: [ParNew: 2344704K->67557K(2534400K), 0.0541860 secs] 6791684K->4516191K(10982400K), 0.0550110 secs] [Times: user=0.40 sys=0.01, real=0.06 secs] 
28746.196: [GC 28746.196: [ParNew: 2320357K->70044K(2534400K), 0.0615720 secs] 6768991K->4519603K(10982400K), 0.0624030 secs] [Times: user=0.48 sys=0.00, real=0.07 secs] 
28749.181: [GC 28749.182: [ParNew: 2322844K->110458K(2534400K), 0.0601700 secs] 6772403K->4561497K(10982400K), 0.0608970 secs] [Times: user=0.59 sys=0.00, real=0.06 secs] 
28751.677: [GC 28751.678: [ParNew: 2363258K->100240K(2534400K), 0.0640630 secs] 6814297K->4563866K(10982400K), 0.0648090 secs] [Times: user=0.49 sys=0.01, real=0.07 secs] 
28753.405: [GC 28753.405: [ParNew: 2353040K->51561K(2534400K), 0.0414530 secs] 6816666K->4516508K(10982400K), 0.0422620 secs] [Times: user=0.33 sys=0.01, real=0.04 secs] 
28755.829: [GC 28755.830: [ParNew: 2304361K->84330K(2534400K), 0.0554470 secs] 6769308K->4551103K(10982400K), 0.0562770 secs] [Times: user=0.50 sys=0.00, real=0.05 secs] 
28758.056: [GC 28758.056: [ParNew: 2337130K->62509K(2534400K), 0.0576900 secs] 6803903K->4541819K(10982400K), 0.0584760 secs] [Times: user=0.34 sys=0.00, real=0.06 secs] 
28760.729: [GC 28760.729: [ParNew: 2315309K->56208K(2534400K), 0.0520850 secs] 6794619K->4538887K(10982400K), 0.0529240 secs] [Times: user=0.44 sys=0.00, real=0.06 secs] 
28763.426: [GC 28763.427: [ParNew: 2309013K->47545K(2534400K), 0.0472270 secs] 6791692K->4530903K(10982400K), 0.0479340 secs] [Times: user=0.34 sys=0.00, real=0.05 secs] 
28763.477: [GC 28763.477: [ParNew: 49185K->48269K(2534400K), 0.0167440 secs] 4532542K->4533494K(10982400K), 0.0172550 secs] [Times: user=0.33 sys=0.00, real=0.02 secs] 
28765.701: [GC 28765.701: [ParNew: 2301069K->68275K(2534400K), 0.0467750 secs] 6786294K->4554504K(10982400K), 0.0475090 secs] [Times: user=0.40 sys=0.00, real=0.05 secs] 
28766.903: [GC 28766.903: [ParNew: 2321075K->73849K(2534400K), 0.0432920 secs] 6807304K->4565927K(10982400K), 0.0441140 secs] [Times: user=0.47 sys=0.01, real=0.04 secs] 
28768.843: [GC 28768.844: [ParNew: 2326649K->47639K(2534400K), 0.0377030 secs] 6818727K->4540906K(10982400K), 0.0385270 secs] [Times: user=0.28 sys=0.00, real=0.04 secs] 
28770.542: [GC 28770.543: [ParNew: 2300439K->65413K(2534400K), 0.0405050 secs] 6793706K->4558680K(10982400K), 0.0412350 secs] [Times: user=0.42 sys=0.00, real=0.04 secs] 
28772.932: [GC 28772.932: [ParNew: 2318213K->54429K(2534400K), 0.0493420 secs] 6811480K->4550059K(10982400K), 0.0500780 secs] [Times: user=0.36 sys=0.00, real=0.05 secs] 
28774.946: [GC 28774.946: [ParNew: 2307229K->76067K(2534400K), 0.0478870 secs] 6802859K->4572292K(10982400K), 0.0486020 secs] [Times: user=0.49 sys=0.00, real=0.05 secs] 
28776.774: [GC 28776.775: [ParNew: 2328867K->55557K(2534400K), 0.0519470 secs] 6825092K->4559067K(10982400K), 0.0527790 secs] [Times: user=0.39 sys=0.01, real=0.05 secs] 
28778.136: [GC 28778.137: [ParNew: 2308357K->48375K(2534400K), 0.0382130 secs] 6811867K->4552716K(10982400K), 0.0390190 secs] [Times: user=0.40 sys=0.00, real=0.04 secs] 
28779.689: [GC 28779.689: [ParNew: 2301175K->36329K(2534400K), 0.0357210 secs] 6805516K->4542155K(10982400K), 0.0364410 secs] [Times: user=0.26 sys=0.01, real=0.04 secs] 
28781.594: [GC 28781.594: [ParNew: 2289133K->76147K(2534400K), 0.0469740 secs] 6794959K->4583488K(10982400K), 0.0477600 secs] [Times: user=0.49 sys=0.01, real=0.04 secs] 
28781.645: [GC 28781.645: [ParNew: 78271K->99449K(2534400K), 0.0214740 secs] 4585611K->4607767K(10982400K), 0.0220460 secs] [Times: user=0.43 sys=0.00, real=0.02 secs] 
28783.971: [GC 28783.971: [ParNew: 2352249K->74623K(2534400K), 0.0474990 secs] 6860567K->4583263K(10982400K), 0.0482260 secs] [Times: user=0.38 sys=0.01, real=0.05 secs] 
28786.408: [GC 28786.408: [ParNew: 2327423K->31323K(2534400K), 0.0478920 secs] 6836063K->4541165K(10982400K), 0.0486240 secs] [Times: user=0.37 sys=0.00, real=0.05 secs] 
28788.783: [GC 28788.784: [ParNew: 2284123K->34832K(2534400K), 0.0515630 secs] 6793965K->4545284K(10982400K), 0.0524020 secs] [Times: user=0.39 sys=0.00, real=0.06 secs] 
28790.902: [GC 28790.902: [ParNew: 2287632K->44878K(2534400K), 0.0450240 secs] 6798084K->4555330K(10982400K), 0.0457540 secs] [Times: user=0.41 sys=0.00, real=0.05 secs] 
28792.599: [GC 28792.600: [ParNew: 2297678K->117855K(2534400K), 0.0563340 secs] 6808130K->4629314K(10982400K), 0.0570460 secs] [Times: user=0.70 sys=0.01, real=0.06 secs] 
28794.678: [GC 28794.678: [ParNew: 2370655K->92859K(2534400K), 0.0612630 secs] 6882114K->4605646K(10982400K), 0.0619950 secs] [Times: user=0.45 sys=0.00, real=0.06 secs] 
28796.398: [GC 28796.398: [ParNew: 2345659K->47178K(2534400K), 0.0419300 secs] 6858446K->4561138K(10982400K), 0.0426430 secs] [Times: user=0.33 sys=0.01, real=0.04 secs] 
28799.627: [GC 28799.627: [ParNew: 2299978K->44172K(2534400K), 0.0534380 secs] 6813938K->4559400K(10982400K), 0.0541620 secs] [Times: user=0.40 sys=0.01, real=0.05 secs] 
28802.551: [GC 28802.551: [ParNew: 2296972K->36492K(2534400K), 0.0513080 secs] 6812200K->4552606K(10982400K), 0.0520470 secs] [Times: user=0.33 sys=0.00, real=0.05 secs] 
28805.699: [GC 28805.700: [ParNew: 2289292K->60309K(2534400K), 0.0548480 secs] 6805406K->4577190K(10982400K), 0.0555840 secs] [Times: user=0.50 sys=0.00, real=0.05 secs] 
28808.602: [GC 28808.602: [ParNew: 2313109K->47416K(2534400K), 0.0625830 secs] 6829990K->4565178K(10982400K), 0.0633930 secs] [Times: user=0.43 sys=0.00, real=0.06 secs] 
28811.568: [GC 28811.569: [ParNew: 2300216K->36878K(2534400K), 0.0528750 secs] 6817978K->4555852K(10982400K), 0.0536360 secs] [Times: user=0.38 sys=0.01, real=0.05 secs] 
28813.895: [GC 28813.896: [ParNew: 2289678K->54982K(2534400K), 0.0481860 secs] 6808652K->4574929K(10982400K), 0.0490300 secs] [Times: user=0.36 sys=0.00, real=0.05 secs] 
28816.336: [GC 28816.337: [ParNew: 2307782K->53650K(2534400K), 0.0474020 secs] 6827729K->4575281K(10982400K), 0.0482120 secs] [Times: user=0.31 sys=0.00, real=0.05 secs] 
28819.103: [GC 28819.104: [ParNew: 2306450K->53486K(2534400K), 0.0496510 secs] 6828081K->4579355K(10982400K), 0.0504400 secs] [Times: user=0.32 sys=0.01, real=0.05 secs] 
28822.098: [GC 28822.099: [ParNew: 2306286K->79410K(2534400K), 0.0504730 secs] 6832155K->4606687K(10982400K), 0.0512090 secs] [Times: user=0.44 sys=0.01, real=0.06 secs] 
28824.586: [GC 28824.587: [ParNew: 2332210K->58203K(2534400K), 0.0549160 secs] 6859487K->4597503K(10982400K), 0.0557760 secs] [Times: user=0.37 sys=0.01, real=0.06 secs] 
28826.542: [GC 28826.543: [ParNew: 2311003K->68607K(2534400K), 0.0400380 secs] 6850303K->4609079K(10982400K), 0.0409150 secs] [Times: user=0.34 sys=0.00, real=0.04 secs] 
28827.887: [GC 28827.887: [ParNew: 2321407K->49742K(2534400K), 0.0303470 secs] 6861879K->4591817K(10982400K), 0.0310680 secs] [Times: user=0.26 sys=0.00, real=0.03 secs] 
28829.159: [GC 28829.160: [ParNew: 2302542K->36742K(2534400K), 0.0246930 secs] 6844617K->4580270K(10982400K), 0.0255480 secs] [Times: user=0.26 sys=0.00, real=0.03 secs] 
28830.271: [GC 28830.272: [ParNew: 2289542K->66973K(2534400K), 0.0336780 secs] 6833070K->4613273K(10982400K), 0.0344060 secs] [Times: user=0.47 sys=0.00, real=0.03 secs] 
28831.518: [GC 28831.518: [ParNew: 2319773K->47871K(2534400K), 0.0336940 secs] 6866073K->4600136K(10982400K), 0.0344040 secs] [Times: user=0.36 sys=0.01, real=0.04 secs] 
28832.778: [GC 28832.779: [ParNew: 2300671K->37235K(2534400K), 0.0371140 secs] 6852936K->4594726K(10982400K), 0.0379550 secs] [Times: user=0.39 sys=0.00, real=0.04 secs] 
28834.137: [GC 28834.138: [ParNew: 2290035K->70506K(2534400K), 0.0388100 secs] 6847526K->4629037K(10982400K), 0.0396050 secs] [Times: user=0.45 sys=0.00, real=0.04 secs] 
28835.493: [GC 28835.494: [ParNew: 2323306K->86358K(2534400K), 0.0442450 secs] 6881837K->4648312K(10982400K), 0.0450600 secs] [Times: user=0.49 sys=0.00, real=0.04 secs] 
28838.086: [GC 28838.087: [ParNew: 2339158K->67551K(2534400K), 0.0572080 secs] 6901112K->4630275K(10982400K), 0.0580630 secs] [Times: user=0.37 sys=0.00, real=0.06 secs] 
28840.469: [GC 28840.469: [ParNew: 2320351K->73067K(2534400K), 0.0654690 secs] 6883075K->4646432K(10982400K), 0.0662820 secs] [Times: user=0.49 sys=0.01, real=0.07 secs] 
28842.279: [GC 28842.279: [ParNew: 2325867K->53061K(2534400K), 0.0407990 secs] 6899232K->4627031K(10982400K), 0.0416280 secs] [Times: user=0.28 sys=0.00, real=0.04 secs] 
28845.043: [GC 28845.044: [ParNew: 2305861K->63501K(2534400K), 0.0508070 secs] 6879831K->4639566K(10982400K), 0.0515400 secs] [Times: user=0.41 sys=0.01, real=0.05 secs] 
28847.733: [GC 28847.734: [ParNew: 2316301K->60783K(2534400K), 0.0534470 secs] 6892366K->4639181K(10982400K), 0.0544710 secs] [Times: user=0.41 sys=0.00, real=0.05 secs] 
28850.138: [GC 28850.138: [ParNew: 2313583K->45849K(2534400K), 0.0447600 secs] 6891981K->4626878K(10982400K), 0.0454840 secs] [Times: user=0.30 sys=0.01, real=0.05 secs] 
28852.027: [GC 28852.027: [ParNew: 2298649K->40834K(2534400K), 0.0437980 secs] 6879678K->4622878K(10982400K), 0.0445310 secs] [Times: user=0.40 sys=0.01, real=0.04 secs] 
28854.273: [GC 28854.273: [ParNew: 2293634K->37669K(2534400K), 0.0544910 secs] 6875678K->4621003K(10982400K), 0.0552370 secs] [Times: user=0.38 sys=0.00, real=0.06 secs] 
28856.765: [GC 28856.766: [ParNew: 2290469K->61474K(2534400K), 0.0550010 secs] 6873803K->4646735K(10982400K), 0.0557880 secs] [Times: user=0.49 sys=0.00, real=0.05 secs] 
28859.297: [GC 28859.297: [ParNew: 2314274K->50984K(2534400K), 0.0528400 secs] 6899535K->4637641K(10982400K), 0.0536110 secs] [Times: user=0.41 sys=0.00, real=0.05 secs] 
28861.862: [GC 28861.863: [ParNew: 2303784K->36178K(2534400K), 0.0521030 secs] 6890441K->4623628K(10982400K), 0.0529440 secs] [Times: user=0.40 sys=0.00, real=0.06 secs] 
28864.327: [GC 28864.328: [ParNew: 2288978K->66342K(2534400K), 0.0523500 secs] 6876428K->4654918K(10982400K), 0.0531270 secs] [Times: user=0.40 sys=0.00, real=0.05 secs] 
28866.498: [GC 28866.499: [ParNew: 2319142K->84134K(2534400K), 0.0519870 secs] 6907718K->4673689K(10982400K), 0.0527360 secs] [Times: user=0.51 sys=0.01, real=0.05 secs] 
28869.263: [GC 28869.263: [ParNew: 2336934K->59035K(2534400K), 0.0474740 secs] 6926489K->4649671K(10982400K), 0.0483130 secs] [Times: user=0.28 sys=0.00, real=0.05 secs] 
28871.619: [GC 28871.619: [ParNew: 2311835K->133610K(2534400K), 0.0621430 secs] 6902471K->4726089K(10982400K), 0.0628080 secs] [Times: user=0.83 sys=0.00, real=0.06 secs] 
28874.223: [GC 28874.224: [ParNew: 2386410K->104542K(2534400K), 0.0505000 secs] 6978889K->4698758K(10982400K), 0.0511370 secs] [Times: user=0.34 sys=0.01, real=0.05 secs] 
28877.063: [GC 28877.064: [ParNew: 2357342K->65481K(2534400K), 0.0541520 secs] 6951558K->4661532K(10982400K), 0.0547950 secs] [Times: user=0.46 sys=0.00, real=0.06 secs] 
28879.556: [GC 28879.556: [ParNew: 2318281K->90453K(2534400K), 0.0558120 secs] 6914332K->4687517K(10982400K), 0.0564360 secs] [Times: user=0.51 sys=0.00, real=0.06 secs] 
28882.223: [GC 28882.224: [ParNew: 2343253K->68021K(2534400K), 0.0483110 secs] 6940317K->4666629K(10982400K), 0.0489010 secs] [Times: user=0.28 sys=0.01, real=0.05 secs] 
28883.826: [GC 28883.827: [ParNew: 2320821K->83323K(2534400K), 0.0578610 secs] 6919429K->4683130K(10982400K), 0.0586540 secs] [Times: user=0.50 sys=0.00, real=0.06 secs] 
28886.170: [GC 28886.171: [ParNew: 2336123K->55770K(2534400K), 0.0537230 secs] 6935930K->4656938K(10982400K), 0.0545290 secs] [Times: user=0.38 sys=0.00, real=0.05 secs] 
28888.907: [GC 28888.908: [ParNew: 2308570K->59992K(2534400K), 0.0685750 secs] 6909738K->4662466K(10982400K), 0.0693060 secs] [Times: user=0.42 sys=0.00, real=0.07 secs] 
28890.968: [GC 28890.969: [ParNew: 2312792K->88072K(2534400K), 0.0916400 secs] 6915266K->4691224K(10982400K), 0.0924050 secs] [Times: user=0.43 sys=0.00, real=0.10 secs] 
28893.463: [GC 28893.463: [ParNew: 2340872K->55714K(2534400K), 0.0657450 secs] 6944024K->4660456K(10982400K), 0.0665920 secs] [Times: user=0.40 sys=0.01, real=0.06 secs] 
28896.095: [GC 28896.096: [ParNew: 2308514K->58277K(2534400K), 0.0718740 secs] 6913256K->4665603K(10982400K), 0.0727350 secs] [Times: user=0.35 sys=0.00, real=0.07 secs] 
28898.509: [GC 28898.509: [ParNew: 2311077K->34749K(2534400K), 0.0478100 secs] 6918403K->4645678K(10982400K), 0.0486340 secs] [Times: user=0.32 sys=0.00, real=0.05 secs] 
28900.698: [GC 28900.698: [ParNew: 2287549K->36804K(2534400K), 0.0439020 secs] 6898478K->4648668K(10982400K), 0.0446420 secs] [Times: user=0.34 sys=0.00, real=0.05 secs] 
28902.984: [GC 28902.985: [ParNew: 2289604K->31481K(2534400K), 0.0478790 secs] 6901468K->4645225K(10982400K), 0.0485980 secs] [Times: user=0.38 sys=0.01, real=0.05 secs] 
28905.157: [GC 28905.158: [ParNew: 2284281K->33557K(2534400K), 0.0444780 secs] 6898025K->4649459K(10982400K), 0.0453120 secs] [Times: user=0.39 sys=0.00, real=0.05 secs] 
28906.686: [GC 28906.686: [ParNew: 2286357K->34615K(2534400K), 0.0449720 secs] 6902259K->4652058K(10982400K), 0.0457940 secs] [Times: user=0.37 sys=0.01, real=0.04 secs] 
28908.474: [GC 28908.474: [ParNew: 2287415K->66921K(2534400K), 0.0761830 secs] 6904858K->4685379K(10982400K), 0.0771060 secs] [Times: user=0.40 sys=0.00, real=0.07 secs] 
28910.839: [GC 28910.840: [ParNew: 2319721K->42055K(2534400K), 0.0474260 secs] 6938179K->4662063K(10982400K), 0.0481300 secs] [Times: user=0.29 sys=0.00, real=0.05 secs] 
28912.977: [GC 28912.977: [ParNew: 2294855K->40554K(2534400K), 0.0422980 secs] 6914863K->4663115K(10982400K), 0.0430330 secs] [Times: user=0.33 sys=0.00, real=0.04 secs] 
28914.439: [GC 28914.439: [ParNew: 2293354K->60785K(2534400K), 0.0486090 secs] 6915915K->4684389K(10982400K), 0.0493340 secs] [Times: user=0.48 sys=0.00, real=0.05 secs] 
28915.729: [GC 28915.730: [ParNew: 2313585K->77675K(2534400K), 0.0438620 secs] 6937189K->4701920K(10982400K), 0.0445850 secs] [Times: user=0.48 sys=0.00, real=0.05 secs] 
28917.142: [GC 28917.142: [ParNew: 2330475K->80380K(2534400K), 0.0437670 secs] 6954720K->4705751K(10982400K), 0.0445100 secs] [Times: user=0.48 sys=0.01, real=0.05 secs] 
28919.350: [GC 28919.351: [ParNew: 2333185K->57413K(2534400K), 0.0528380 secs] 6958556K->4684199K(10982400K), 0.0536630 secs] [Times: user=0.39 sys=0.00, real=0.06 secs] 
28919.408: [GC 28919.409: [ParNew: 60661K->32384K(2534400K), 0.0172470 secs] 4687447K->4660071K(10982400K), 0.0178290 secs] [Times: user=0.35 sys=0.00, real=0.02 secs] 
28921.750: [GC 28921.751: [ParNew: 2285113K->48468K(2534400K), 0.0494750 secs] 6912800K->4676720K(10982400K), 0.0503190 secs] [Times: user=0.43 sys=0.00, real=0.05 secs] 
28923.878: [GC 28923.878: [ParNew: 2301268K->52093K(2534400K), 0.0485540 secs] 6929520K->4681114K(10982400K), 0.0493020 secs] [Times: user=0.34 sys=0.00, real=0.05 secs] 
28925.964: [GC 28925.965: [ParNew: 2304893K->68174K(2534400K), 0.0514470 secs] 6933914K->4698676K(10982400K), 0.0523530 secs] [Times: user=0.46 sys=0.00, real=0.06 secs] 
28928.874: [GC 28928.874: [ParNew: 2320974K->73362K(2534400K), 0.0539970 secs] 6951476K->4703865K(10982400K), 0.0547440 secs] [Times: user=0.44 sys=0.00, real=0.06 secs] 
28931.095: [GC 28931.096: [ParNew: 2326162K->60235K(2534400K), 0.0552230 secs] 6956665K->4692417K(10982400K), 0.0560220 secs] [Times: user=0.38 sys=0.00, real=0.06 secs] 
28933.090: [GC 28933.091: [ParNew: 2313035K->53869K(2534400K), 0.0605650 secs] 6945217K->4687612K(10982400K), 0.0614050 secs] [Times: user=0.41 sys=0.00, real=0.06 secs] 
28934.761: [GC 28934.761: [ParNew: 2306669K->55893K(2534400K), 0.0404390 secs] 6940412K->4691946K(10982400K), 0.0411640 secs] [Times: user=0.41 sys=0.00, real=0.04 secs] 
28936.648: [GC 28936.649: [ParNew: 2308693K->49013K(2534400K), 0.0412520 secs] 6944746K->4686766K(10982400K), 0.0420800 secs] [Times: user=0.30 sys=0.00, real=0.04 secs] 
28938.400: [GC 28938.401: [ParNew: 2301813K->59560K(2534400K), 0.0589920 secs] 6939566K->4698495K(10982400K), 0.0597100 secs] [Times: user=0.40 sys=0.00, real=0.06 secs] 
28940.291: [GC 28940.292: [ParNew: 2312360K->88803K(2534400K), 0.0876110 secs] 6951295K->4728794K(10982400K), 0.0884760 secs] [Times: user=0.43 sys=0.00, real=0.09 secs] 
28941.736: [GC 28941.737: [ParNew: 2341603K->82107K(2534400K), 0.0560960 secs] 6981594K->4723321K(10982400K), 0.0569230 secs] [Times: user=0.46 sys=0.00, real=0.06 secs] 
28943.499: [GC 28943.500: [ParNew: 2334907K->84729K(2534400K), 0.0727440 secs] 6976121K->4727223K(10982400K), 0.0734750 secs] [Times: user=0.41 sys=0.00, real=0.07 secs] 
28945.046: [GC 28945.047: [ParNew: 2337529K->77202K(2534400K), 0.0836970 secs] 6980023K->4720236K(10982400K), 0.0844260 secs] [Times: user=0.35 sys=0.01, real=0.09 secs] 
28946.469: [GC 28946.469: [ParNew: 2330002K->69753K(2534400K), 0.0800440 secs] 6973036K->4714809K(10982400K), 0.0807680 secs] [Times: user=0.40 sys=0.00, real=0.08 secs] 
28948.485: [GC 28948.485: [ParNew: 2322558K->66120K(2534400K), 0.0723140 secs] 6967614K->4712403K(10982400K), 0.0731130 secs] [Times: user=0.32 sys=0.00, real=0.08 secs] 
28948.561: [GC 28948.561: [ParNew: 67049K->64849K(2534400K), 0.0192860 secs] 4713333K->4712563K(10982400K), 0.0197930 secs] [Times: user=0.38 sys=0.00, real=0.02 secs] 
28950.463: [GC 28950.463: [ParNew: 2317649K->123263K(2534400K), 0.1123230 secs] 6965363K->4771822K(10982400K), 0.1131690 secs] [Times: user=0.44 sys=0.00, real=0.11 secs] 
28952.053: [GC 28952.053: [ParNew: 2376063K->38927K(2534400K), 0.0490590 secs] 7024622K->4689090K(10982400K), 0.0497940 secs] [Times: user=0.32 sys=0.00, real=0.05 secs] 
28953.265: [GC 28953.266: [ParNew: 2291727K->89648K(2534400K), 0.0471550 secs] 6941890K->4741455K(10982400K), 0.0478780 secs] [Times: user=0.46 sys=0.00, real=0.05 secs] 
28954.522: [GC 28954.523: [ParNew: 2342448K->75761K(2534400K), 0.0464500 secs] 6994255K->4727568K(10982400K), 0.0473170 secs] [Times: user=0.27 sys=0.00, real=0.05 secs] 
28955.396: [GC 28955.397: [ParNew: 2328561K->25715K(2534400K), 0.0335930 secs] 6980368K->4678531K(10982400K), 0.0343230 secs] [Times: user=0.26 sys=0.00, real=0.04 secs] 
28956.527: [GC 28956.527: [ParNew: 2278515K->64304K(2534400K), 0.0669580 secs] 6931331K->4718370K(10982400K), 0.0678230 secs] [Times: user=0.32 sys=0.00, real=0.07 secs] 
28958.247: [GC 28958.248: [ParNew: 2317104K->107968K(2534400K), 0.0979700 secs] 6971170K->4762515K(10982400K), 0.0987120 secs] [Times: user=0.48 sys=0.01, real=0.10 secs] 
28960.102: [GC 28960.103: [ParNew: 2360768K->92803K(2534400K), 0.0729620 secs] 7015315K->4748276K(10982400K), 0.0738230 secs] [Times: user=0.49 sys=0.00, real=0.07 secs] 
28961.985: [GC 28961.985: [ParNew: 2345603K->93295K(2534400K), 0.0714330 secs] 7001076K->4749563K(10982400K), 0.0721740 secs] [Times: user=0.42 sys=0.00, real=0.07 secs] 
28963.715: [GC 28963.716: [ParNew: 2346095K->116474K(2534400K), 0.0918010 secs] 7002363K->4773984K(10982400K), 0.0926320 secs] [Times: user=0.51 sys=0.00, real=0.09 secs] 
28965.348: [GC 28965.349: [ParNew: 2369274K->129791K(2534400K), 0.1120010 secs] 7026784K->4788575K(10982400K), 0.1128550 secs] [Times: user=0.44 sys=0.00, real=0.12 secs] 
28967.022: [GC 28967.023: [ParNew: 2382591K->118501K(2534400K), 0.0631690 secs] 7041375K->4778318K(10982400K), 0.0640430 secs] [Times: user=0.58 sys=0.00, real=0.06 secs] 
28968.444: [GC 28968.445: [ParNew: 2371301K->147152K(2534400K), 0.0994380 secs] 7031118K->4811941K(10982400K), 0.1002340 secs] [Times: user=0.51 sys=0.00, real=0.10 secs] 
28970.478: [GC 28970.478: [ParNew: 2399952K->73271K(2534400K), 0.0520680 secs] 7064741K->4740345K(10982400K), 0.0528030 secs] [Times: user=0.40 sys=0.00, real=0.05 secs] 
28972.498: [GC 28972.498: [ParNew: 2326071K->71503K(2534400K), 0.0604430 secs] 6993145K->4739544K(10982400K), 0.0613040 secs] [Times: user=0.44 sys=0.00, real=0.06 secs] 
28974.104: [GC 28974.105: [ParNew: 2324303K->61040K(2534400K), 0.0606900 secs] 6992344K->4732134K(10982400K), 0.0614990 secs] [Times: user=0.43 sys=0.00, real=0.06 secs] 
28975.763: [GC 28975.764: [ParNew: 2313840K->56197K(2534400K), 0.0530080 secs] 6984934K->4728073K(10982400K), 0.0537570 secs] [Times: user=0.44 sys=0.00, real=0.05 secs] 
28977.920: [GC 28977.921: [ParNew: 2307659K->50862K(2534400K), 0.0583250 secs] 6979535K->4724560K(10982400K), 0.0592440 secs] [Times: user=0.40 sys=0.00, real=0.06 secs] 
28979.407: [GC 28979.407: [ParNew: 2303662K->45692K(2534400K), 0.0485620 secs] 6977360K->4722015K(10982400K), 0.0493020 secs] [Times: user=0.40 sys=0.00, real=0.05 secs] 
28980.961: [GC 28980.962: [ParNew: 2298492K->74617K(2534400K), 0.0723300 secs] 6974815K->4752071K(10982400K), 0.0730830 secs] [Times: user=0.44 sys=0.00, real=0.08 secs] 
28982.899: [GC 28982.899: [ParNew: 2327417K->89673K(2534400K), 0.0975250 secs] 7004871K->4768663K(10982400K), 0.0983470 secs] [Times: user=0.43 sys=0.00, real=0.10 secs] 
28984.714: [GC 28984.715: [ParNew: 2342473K->91952K(2534400K), 0.0926020 secs] 7021463K->4772408K(10982400K), 0.0933370 secs] [Times: user=0.47 sys=0.00, real=0.09 secs] 
28986.121: [GC 28986.122: [ParNew: 2344752K->62854K(2534400K), 0.0661800 secs] 7025208K->4744445K(10982400K), 0.0669170 secs] [Times: user=0.33 sys=0.01, real=0.07 secs] 
28988.391: [GC 28988.391: [ParNew: 2315654K->82312K(2534400K), 0.0756230 secs] 6997245K->4765169K(10982400K), 0.0763660 secs] [Times: user=0.34 sys=0.00, real=0.08 secs] 
28990.315: [GC 28990.316: [ParNew: 2335112K->105749K(2534400K), 0.0799160 secs] 7017969K->4789842K(10982400K), 0.0806530 secs] [Times: user=0.44 sys=0.00, real=0.08 secs] 
28991.778: [GC 28991.778: [ParNew: 2358549K->106336K(2534400K), 0.0878040 secs] 7042642K->4791695K(10982400K), 0.0886470 secs] [Times: user=0.51 sys=0.00, real=0.09 secs] 
28993.236: [GC 28993.237: [ParNew: 2359136K->66554K(2534400K), 0.0627110 secs] 7044495K->4753119K(10982400K), 0.0635670 secs] [Times: user=0.43 sys=0.00, real=0.06 secs] 
28994.358: [GC 28994.359: [ParNew: 2319354K->43440K(2534400K), 0.0578620 secs] 7005919K->4741593K(10982400K), 0.0585770 secs] [Times: user=0.32 sys=0.00, real=0.06 secs] 
28995.406: [GC 28995.406: [ParNew: 2296240K->53072K(2534400K), 0.0442730 secs] 6994393K->4752326K(10982400K), 0.0449940 secs] [Times: user=0.38 sys=0.00, real=0.04 secs] 
28996.540: [GC 28996.541: [ParNew: 2303665K->75455K(2534400K), 0.0584840 secs] 7002919K->4776420K(10982400K), 0.0593310 secs] [Times: user=0.49 sys=0.00, real=0.06 secs] 
28997.494: [GC 28997.495: [ParNew: 2328255K->96098K(2534400K), 0.0626870 secs] 7029220K->4797924K(10982400K), 0.0634370 secs] [Times: user=0.48 sys=0.00, real=0.07 secs] 
28999.078: [GC 28999.078: [ParNew: 2348898K->67771K(2534400K), 0.0535710 secs] 7050724K->4770853K(10982400K), 0.0542950 secs] [Times: user=0.32 sys=0.00, real=0.05 secs] 
29001.122: [GC 29001.122: [ParNew: 2320571K->42908K(2534400K), 0.0467860 secs] 7023653K->4747198K(10982400K), 0.0476710 secs] [Times: user=0.38 sys=0.00, real=0.05 secs] 
29002.990: [GC 29002.991: [ParNew: 2295708K->48023K(2534400K), 0.0432470 secs] 6999998K->4752908K(10982400K), 0.0439750 secs] [Times: user=0.42 sys=0.00, real=0.04 secs] 
29004.706: [GC 29004.707: [ParNew: 2300823K->59454K(2534400K), 0.0516120 secs] 7005708K->4766823K(10982400K), 0.0522900 secs] [Times: user=0.39 sys=0.01, real=0.06 secs] 
29006.429: [GC 29006.430: [ParNew: 2312254K->85218K(2534400K), 0.0488100 secs] 7019623K->4793292K(10982400K), 0.0496580 secs] [Times: user=0.49 sys=0.00, real=0.05 secs] 
29008.513: [GC 29008.514: [ParNew: 2338018K->116220K(2534400K), 0.0578040 secs] 7046092K->4826331K(10982400K), 0.0585510 secs] [Times: user=0.63 sys=0.01, real=0.06 secs] 
29010.679: [GC 29010.680: [ParNew: 2369020K->82997K(2534400K), 0.0494690 secs] 7079131K->4794055K(10982400K), 0.0502120 secs] [Times: user=0.44 sys=0.00, real=0.05 secs] 
29013.277: [GC 29013.278: [ParNew: 2335797K->56931K(2534400K), 0.0496610 secs] 7046855K->4770024K(10982400K), 0.0504970 secs] [Times: user=0.36 sys=0.00, real=0.06 secs] 
29015.700: [GC 29015.701: [ParNew: 2309731K->69378K(2534400K), 0.0765580 secs] 7022824K->4789208K(10982400K), 0.0775580 secs] [Times: user=0.45 sys=0.01, real=0.07 secs] 
29017.897: [GC 29017.898: [ParNew: 2322178K->146185K(2534400K), 0.0822280 secs] 7042008K->4877596K(10982400K), 0.0830400 secs] [Times: user=1.01 sys=0.01, real=0.09 secs] 
29019.742: [GC 29019.742: [ParNew: 2398985K->108844K(2534400K), 0.0497640 secs] 7130396K->4841387K(10982400K), 0.0506100 secs] [Times: user=0.45 sys=0.00, real=0.05 secs] 
29021.695: [GC 29021.696: [ParNew: 2361644K->74685K(2534400K), 0.0658570 secs] 7094187K->4808656K(10982400K), 0.0666700 secs] [Times: user=0.41 sys=0.00, real=0.07 secs] 
29023.381: [GC 29023.381: [ParNew: 2327485K->68759K(2534400K), 0.0673590 secs] 7061456K->4804099K(10982400K), 0.0681010 secs] [Times: user=0.39 sys=0.00, real=0.06 secs] 
29025.581: [GC 29025.582: [ParNew: 2321559K->79186K(2534400K), 0.0693480 secs] 7056899K->4816397K(10982400K), 0.0702060 secs] [Times: user=0.40 sys=0.01, real=0.07 secs] 
29027.231: [GC 29027.232: [ParNew: 2331986K->150032K(2534400K), 0.0724010 secs] 7069197K->4888879K(10982400K), 0.0731470 secs] [Times: user=0.82 sys=0.01, real=0.07 secs] 
29028.732: [GC 29028.733: [ParNew: 2402832K->108663K(2534400K), 0.0489090 secs] 7141679K->4851619K(10982400K), 0.0496450 secs] [Times: user=0.31 sys=0.00, real=0.05 secs] 
29030.177: [GC 29030.177: [ParNew: 2361463K->50743K(2534400K), 0.0503320 secs] 7104419K->4794089K(10982400K), 0.0510450 secs] [Times: user=0.38 sys=0.00, real=0.05 secs] 
29031.728: [GC 29031.729: [ParNew: 2303543K->57181K(2534400K), 0.0704690 secs] 7046889K->4802099K(10982400K), 0.0714010 secs] [Times: user=0.45 sys=0.00, real=0.07 secs] 
29033.098: [GC 29033.098: [ParNew: 2309981K->67345K(2534400K), 0.0481570 secs] 7054899K->4813627K(10982400K), 0.0489980 secs] [Times: user=0.50 sys=0.01, real=0.05 secs] 
29034.435: [GC 29034.436: [ParNew: 2320145K->79210K(2534400K), 0.0507800 secs] 7066427K->4826645K(10982400K), 0.0516240 secs] [Times: user=0.49 sys=0.00, real=0.05 secs] 
29035.858: [GC 29035.858: [ParNew: 2332010K->72974K(2534400K), 0.0439630 secs] 7079445K->4821062K(10982400K), 0.0447810 secs] [Times: user=0.43 sys=0.00, real=0.05 secs] 
29038.693: [GC 29038.693: [ParNew: 2325774K->55819K(2534400K), 0.0557780 secs] 7073862K->4805339K(10982400K), 0.0566090 secs] [Times: user=0.39 sys=0.00, real=0.05 secs] 
29040.557: [GC 29040.558: [ParNew: 2308299K->36679K(2534400K), 0.0445880 secs] 7057819K->4787729K(10982400K), 0.0453150 secs] [Times: user=0.29 sys=0.01, real=0.05 secs] 
29042.241: [GC 29042.242: [ParNew: 2289479K->69751K(2534400K), 0.0467560 secs] 7040529K->4821428K(10982400K), 0.0475190 secs] [Times: user=0.44 sys=0.00, real=0.05 secs] 
29043.462: [GC 29043.463: [ParNew: 2322551K->57034K(2534400K), 0.0418100 secs] 7074228K->4809520K(10982400K), 0.0425830 secs] [Times: user=0.29 sys=0.00, real=0.05 secs] 
29044.333: [GC 29044.334: [ParNew: 2309834K->42665K(2534400K), 0.0308740 secs] 7062320K->4797324K(10982400K), 0.0315750 secs] [Times: user=0.30 sys=0.00, real=0.03 secs] 
29045.328: [GC 29045.329: [ParNew: 2295465K->40992K(2534400K), 0.0386540 secs] 7050124K->4799857K(10982400K), 0.0394600 secs] [Times: user=0.28 sys=0.00, real=0.04 secs] 
29046.401: [GC 29046.401: [ParNew: 2293792K->49892K(2534400K), 0.0465810 secs] 7052657K->4817703K(10982400K), 0.0474210 secs] [Times: user=0.38 sys=0.00, real=0.05 secs] 
29047.655: [GC 29047.655: [ParNew: 2302692K->52302K(2534400K), 0.0505320 secs] 7070503K->4822704K(10982400K), 0.0513150 secs] [Times: user=0.42 sys=0.00, real=0.05 secs] 
29048.554: [GC 29048.554: [ParNew: 2305102K->31552K(2534400K), 0.0309250 secs] 7075504K->4802209K(10982400K), 0.0316870 secs] [Times: user=0.37 sys=0.00, real=0.03 secs] 
29049.885: [GC 29049.886: [ParNew: 2279425K->100460K(2534400K), 0.0513820 secs] 7050083K->4872372K(10982400K), 0.0521560 secs] [Times: user=0.73 sys=0.00, real=0.05 secs] 
29051.244: [GC 29051.245: [ParNew: 2353260K->78267K(2534400K), 0.0374520 secs] 7125172K->4851325K(10982400K), 0.0382990 secs] [Times: user=0.26 sys=0.00, real=0.03 secs] 
29052.672: [GC 29052.672: [ParNew: 2331067K->47392K(2534400K), 0.0347720 secs] 7104125K->4821172K(10982400K), 0.0355990 secs] [Times: user=0.35 sys=0.01, real=0.04 secs] 
29053.829: [GC 29053.830: [ParNew: 2300192K->100100K(2534400K), 0.0490290 secs] 7073972K->4874498K(10982400K), 0.0498850 secs] [Times: user=0.62 sys=0.01, real=0.05 secs] 
29055.898: [GC 29055.898: [ParNew: 2352900K->77809K(2534400K), 0.0525070 secs] 7127298K->4854848K(10982400K), 0.0533480 secs] [Times: user=0.38 sys=0.00, real=0.05 secs] 
29057.354: [GC 29057.354: [ParNew: 2330698K->56255K(2534400K), 0.0375850 secs] 7107737K->4834366K(10982400K), 0.0383980 secs] [Times: user=0.38 sys=0.00, real=0.04 secs] 
29057.396: [GC 29057.396: [ParNew: 57548K->67878K(2534400K), 0.0203330 secs] 4835659K->4847040K(10982400K), 0.0209080 secs] [Times: user=0.40 sys=0.00, real=0.02 secs] 
29059.015: [GC 29059.015: [ParNew: 2320678K->53033K(2534400K), 0.0422090 secs] 7099840K->4832933K(10982400K), 0.0429300 secs] [Times: user=0.35 sys=0.00, real=0.05 secs] 
29060.646: [GC 29060.646: [ParNew: 2305833K->28142K(2534400K), 0.0389460 secs] 7085733K->4809498K(10982400K), 0.0396590 secs] [Times: user=0.32 sys=0.00, real=0.04 secs] 
29062.331: [GC 29062.332: [ParNew: 2280942K->75610K(2534400K), 0.0554380 secs] 7062298K->4857967K(10982400K), 0.0562410 secs] [Times: user=0.67 sys=0.00, real=0.06 secs] 
29063.682: [GC 29063.682: [ParNew: 2328410K->62458K(2534400K), 0.0391870 secs] 7110767K->4844815K(10982400K), 0.0400100 secs] [Times: user=0.36 sys=0.00, real=0.04 secs] 
29065.156: [GC 29065.156: [ParNew: 2315258K->65359K(2534400K), 0.0422560 secs] 7097615K->4848414K(10982400K), 0.0430740 secs] [Times: user=0.45 sys=0.00, real=0.04 secs] 
29066.708: [GC 29066.708: [ParNew: 2318159K->47211K(2534400K), 0.0377330 secs] 7101214K->4831244K(10982400K), 0.0385520 secs] [Times: user=0.27 sys=0.01, real=0.04 secs] 
29068.490: [GC 29068.491: [ParNew: 2300011K->41794K(2534400K), 0.0440550 secs] 7084044K->4827593K(10982400K), 0.0448320 secs] [Times: user=0.38 sys=0.00, real=0.04 secs] 
29069.976: [GC 29069.977: [ParNew: 2294594K->45151K(2534400K), 0.0458450 secs] 7080393K->4832228K(10982400K), 0.0465720 secs] [Times: user=0.39 sys=0.00, real=0.05 secs] 
29071.441: [GC 29071.442: [ParNew: 2297951K->57068K(2534400K), 0.0499170 secs] 7085028K->4845024K(10982400K), 0.0507680 secs] [Times: user=0.40 sys=0.01, real=0.05 secs] 
29072.551: [GC 29072.551: [ParNew: 2309868K->43505K(2534400K), 0.0446950 secs] 7097824K->4833899K(10982400K), 0.0454270 secs] [Times: user=0.33 sys=0.01, real=0.04 secs] 
29073.815: [GC 29073.815: [ParNew: 2296305K->30444K(2534400K), 0.0449690 secs] 7086699K->4821699K(10982400K), 0.0458150 secs] [Times: user=0.36 sys=0.00, real=0.05 secs] 
29075.539: [GC 29075.539: [ParNew: 2283244K->45842K(2534400K), 0.0499590 secs] 7074499K->4838499K(10982400K), 0.0506810 secs] [Times: user=0.41 sys=0.00, real=0.05 secs] 
29077.206: [GC 29077.207: [ParNew: 2298642K->80861K(2534400K), 0.0618170 secs] 7091299K->4873894K(10982400K), 0.0625420 secs] [Times: user=0.49 sys=0.01, real=0.07 secs] 
29078.687: [GC 29078.687: [ParNew: 2333661K->49819K(2534400K), 0.0455020 secs] 7126694K->4843501K(10982400K), 0.0463210 secs] [Times: user=0.38 sys=0.00, real=0.05 secs] 
29080.150: [GC 29080.151: [ParNew: 2302619K->33402K(2534400K), 0.0459090 secs] 7096301K->4828483K(10982400K), 0.0467680 secs] [Times: user=0.33 sys=0.00, real=0.04 secs] 
29082.023: [GC 29082.023: [ParNew: 2286202K->43409K(2534400K), 0.0393990 secs] 7081283K->4840688K(10982400K), 0.0402040 secs] [Times: user=0.32 sys=0.00, real=0.04 secs] 
29083.853: [GC 29083.854: [ParNew: 2296209K->67797K(2534400K), 0.0466620 secs] 7093488K->4865602K(10982400K), 0.0474810 secs] [Times: user=0.46 sys=0.00, real=0.05 secs] 
29086.408: [GC 29086.409: [ParNew: 2320597K->49504K(2534400K), 0.0502770 secs] 7118402K->4848226K(10982400K), 0.0511040 secs] [Times: user=0.40 sys=0.00, real=0.06 secs] 
29088.713: [GC 29088.713: [ParNew: 2302304K->45775K(2534400K), 0.0442980 secs] 7101026K->4845398K(10982400K), 0.0450800 secs] [Times: user=0.36 sys=0.00, real=0.04 secs] 
29091.208: [GC 29091.209: [ParNew: 2298575K->35569K(2534400K), 0.0498730 secs] 7098198K->4835706K(10982400K), 0.0506050 secs] [Times: user=0.39 sys=0.00, real=0.05 secs] 
29093.471: [GC 29093.471: [ParNew: 2288369K->31266K(2534400K), 0.0506220 secs] 7088506K->4832579K(10982400K), 0.0514690 secs] [Times: user=0.40 sys=0.00, real=0.05 secs] 
29095.130: [GC 29095.130: [ParNew: 2284066K->32472K(2534400K), 0.0545650 secs] 7085379K->4836481K(10982400K), 0.0553880 secs] [Times: user=0.40 sys=0.01, real=0.06 secs] 
29096.857: [GC 29096.857: [ParNew: 2285272K->53392K(2534400K), 0.0446960 secs] 7089281K->4858757K(10982400K), 0.0454150 secs] [Times: user=0.46 sys=0.00, real=0.05 secs] 
29099.590: [GC 29099.591: [ParNew: 2306192K->50895K(2534400K), 0.0492060 secs] 7111557K->4857074K(10982400K), 0.0499430 secs] [Times: user=0.35 sys=0.00, real=0.05 secs] 
29101.319: [GC 29101.319: [ParNew: 2303695K->69060K(2534400K), 0.0474700 secs] 7109874K->4876096K(10982400K), 0.0482060 secs] [Times: user=0.49 sys=0.00, real=0.05 secs] 
29102.859: [GC 29102.859: [ParNew: 2321860K->89855K(2534400K), 0.0431580 secs] 7128896K->4897612K(10982400K), 0.0438940 secs] [Times: user=0.47 sys=0.00, real=0.05 secs] 
29104.356: [GC 29104.357: [ParNew: 2342655K->90575K(2534400K), 0.0483030 secs] 7150412K->4901885K(10982400K), 0.0490210 secs] [Times: user=0.51 sys=0.01, real=0.05 secs] 
29106.640: [GC 29106.640: [ParNew: 2343375K->65692K(2534400K), 0.0472330 secs] 7154685K->4879495K(10982400K), 0.0479620 secs] [Times: user=0.33 sys=0.00, real=0.05 secs] 
29108.642: [GC 29108.642: [ParNew: 2318492K->48977K(2534400K), 0.0477330 secs] 7132295K->4864186K(10982400K), 0.0484730 secs] [Times: user=0.43 sys=0.00, real=0.05 secs] 
29110.861: [GC 29110.862: [ParNew: 2301777K->59546K(2534400K), 0.0572060 secs] 7116986K->4875359K(10982400K), 0.0580600 secs] [Times: user=0.36 sys=0.00, real=0.06 secs] 
29113.019: [GC 29113.020: [ParNew: 2312346K->79155K(2534400K), 0.0659810 secs] 7128159K->4895477K(10982400K), 0.0668440 secs] [Times: user=0.48 sys=0.00, real=0.07 secs] 
29115.442: [GC 29115.443: [ParNew: 2331955K->53457K(2534400K), 0.0541520 secs] 7148277K->4872855K(10982400K), 0.0549860 secs] [Times: user=0.43 sys=0.00, real=0.06 secs] 
29116.806: [GC 29116.806: [ParNew: 2306257K->61912K(2534400K), 0.0559120 secs] 7125655K->4892394K(10982400K), 0.0567100 secs] [Times: user=0.42 sys=0.01, real=0.05 secs] 
29118.058: [GC 29118.058: [ParNew: 2314712K->59145K(2534400K), 0.0555070 secs] 7145194K->4891586K(10982400K), 0.0563360 secs] [Times: user=0.43 sys=0.00, real=0.06 secs] 
29119.329: [GC 29119.330: [ParNew: 2311945K->103294K(2534400K), 0.0600100 secs] 7144386K->4937575K(10982400K), 0.0608340 secs] [Times: user=0.55 sys=0.01, real=0.06 secs] 
29120.844: [GC 29120.844: [ParNew: 2356094K->99974K(2534400K), 0.0842900 secs] 7190375K->4938700K(10982400K), 0.0851560 secs] [Times: user=0.48 sys=0.01, real=0.09 secs] 
29122.060: [GC 29122.061: [ParNew: 2352774K->55232K(2534400K), 0.0524190 secs] 7191500K->4895242K(10982400K), 0.0532610 secs] [Times: user=0.31 sys=0.01, real=0.05 secs] 
29123.036: [GC 29123.036: [ParNew: 2308032K->58043K(2534400K), 0.0489790 secs] 7148042K->4901944K(10982400K), 0.0498060 secs] [Times: user=0.39 sys=0.00, real=0.05 secs] 
29123.837: [GC 29123.837: [ParNew: 2310843K->46949K(2534400K), 0.0412360 secs] 7154744K->4891668K(10982400K), 0.0420420 secs] [Times: user=0.29 sys=0.00, real=0.04 secs] 
29124.704: [GC 29124.704: [ParNew: 2299749K->38801K(2534400K), 0.0480490 secs] 7144468K->4884818K(10982400K), 0.0488670 secs] [Times: user=0.37 sys=0.00, real=0.05 secs] 
29125.797: [GC 29125.798: [ParNew: 2291601K->28867K(2534400K), 0.0475580 secs] 7137618K->4876240K(10982400K), 0.0483460 secs] [Times: user=0.37 sys=0.01, real=0.05 secs] 
29126.986: [GC 29126.987: [ParNew: 2281667K->49509K(2534400K), 0.0499890 secs] 7129040K->4898180K(10982400K), 0.0508290 secs] [Times: user=0.43 sys=0.01, real=0.05 secs] 
29128.562: [GC 29128.562: [ParNew: 2302309K->48966K(2534400K), 0.0500220 secs] 7150980K->4898140K(10982400K), 0.0508970 secs] [Times: user=0.43 sys=0.01, real=0.05 secs] 
29130.105: [GC 29130.105: [ParNew: 2301766K->88359K(2534400K), 0.0913970 secs] 7150940K->4938396K(10982400K), 0.0922360 secs] [Times: user=0.42 sys=0.00, real=0.10 secs] 
29131.799: [GC 29131.800: [ParNew: 2341159K->71738K(2534400K), 0.0825630 secs] 7191196K->4922884K(10982400K), 0.0833960 secs] [Times: user=0.43 sys=0.00, real=0.08 secs] 
29133.564: [GC 29133.564: [ParNew: 2324538K->46166K(2534400K), 0.0614730 secs] 7175684K->4897970K(10982400K), 0.0622480 secs] [Times: user=0.39 sys=0.00, real=0.06 secs] 
29135.271: [GC 29135.271: [ParNew: 2298966K->68688K(2534400K), 0.0672940 secs] 7150770K->4922041K(10982400K), 0.0681040 secs] [Times: user=0.38 sys=0.00, real=0.07 secs] 
29137.320: [GC 29137.320: [ParNew: 2321488K->91612K(2534400K), 0.0942740 secs] 7174841K->4945710K(10982400K), 0.0951460 secs] [Times: user=0.38 sys=0.00, real=0.09 secs] 
29138.883: [GC 29138.884: [ParNew: 2344412K->66531K(2534400K), 0.0621460 secs] 7198510K->4921508K(10982400K), 0.0629880 secs] [Times: user=0.30 sys=0.00, real=0.06 secs] 
29140.631: [GC 29140.631: [ParNew: 2319331K->78421K(2534400K), 0.0752990 secs] 7174308K->4934140K(10982400K), 0.0760450 secs] [Times: user=0.37 sys=0.00, real=0.07 secs] 
29142.150: [GC 29142.150: [ParNew: 2331220K->94053K(2534400K), 0.0823150 secs] 7186940K->4951200K(10982400K), 0.0830550 secs] [Times: user=0.32 sys=0.00, real=0.08 secs] 
29143.728: [GC 29143.729: [ParNew: 2346853K->106279K(2534400K), 0.0901310 secs] 7204000K->4965113K(10982400K), 0.0907540 secs] [Times: user=0.48 sys=0.00, real=0.09 secs] 
29145.747: [GC 29145.747: [ParNew: 2359079K->76290K(2534400K), 0.0731800 secs] 7217913K->4935829K(10982400K), 0.0737760 secs] [Times: user=0.41 sys=0.00, real=0.08 secs] 
29147.660: [GC 29147.661: [ParNew: 2329090K->78514K(2534400K), 0.0772570 secs] 7188629K->4939546K(10982400K), 0.0778880 secs] [Times: user=0.31 sys=0.01, real=0.07 secs] 
29149.074: [GC 29149.075: [ParNew: 2331314K->86614K(2534400K), 0.0754610 secs] 7192346K->4948218K(10982400K), 0.0762010 secs] [Times: user=0.47 sys=0.00, real=0.08 secs] 
29150.402: [GC 29150.403: [ParNew: 2339414K->100190K(2534400K), 0.0895320 secs] 7201018K->4963332K(10982400K), 0.0901320 secs] [Times: user=0.44 sys=0.01, real=0.09 secs] 
29152.202: [GC 29152.203: [ParNew: 2352987K->84922K(2534400K), 0.0819570 secs] 7216130K->4948963K(10982400K), 0.0826210 secs] [Times: user=0.45 sys=0.00, real=0.08 secs] 
29153.683: [GC 29153.683: [ParNew: 2337722K->71134K(2534400K), 0.0767380 secs] 7201763K->4936642K(10982400K), 0.0773720 secs] [Times: user=0.43 sys=0.01, real=0.08 secs] 
29154.910: [GC 29154.910: [ParNew: 2323934K->86370K(2534400K), 0.0725840 secs] 7189442K->4952789K(10982400K), 0.0731600 secs] [Times: user=0.50 sys=0.00, real=0.07 secs] 
29156.005: [GC 29156.006: [ParNew: 2339170K->94406K(2534400K), 0.0713540 secs] 7205589K->4962714K(10982400K), 0.0719880 secs] [Times: user=0.44 sys=0.01, real=0.07 secs] 
29156.988: [GC 29156.988: [ParNew: 2347206K->68127K(2534400K), 0.0536450 secs] 7215514K->4937110K(10982400K), 0.0543630 secs] [Times: user=0.31 sys=0.01, real=0.06 secs] 
29158.230: [GC 29158.230: [ParNew: 2320927K->142301K(2534400K), 0.1214980 secs] 7189910K->5012540K(10982400K), 0.1222420 secs] [Times: user=0.53 sys=0.00, real=0.12 secs] 
29159.500: [GC 29159.501: [ParNew: 2395101K->112290K(2534400K), 0.0915110 secs] 7265340K->4983811K(10982400K), 0.0922760 secs] [Times: user=0.50 sys=0.01, real=0.10 secs] 
29160.898: [GC 29160.898: [ParNew: 2365090K->108854K(2534400K), 0.0879510 secs] 7236611K->4981784K(10982400K), 0.0886840 secs] [Times: user=0.50 sys=0.00, real=0.09 secs] 
29162.520: [GC 29162.521: [ParNew: 2361654K->77493K(2534400K), 0.0773840 secs] 7234584K->4951461K(10982400K), 0.0782060 secs] [Times: user=0.42 sys=0.00, real=0.08 secs] 
29164.000: [GC 29164.001: [ParNew: 2330293K->55054K(2534400K), 0.0620830 secs] 7204261K->4930150K(10982400K), 0.0628180 secs] [Times: user=0.30 sys=0.00, real=0.07 secs] 
29165.403: [GC 29165.404: [ParNew: 2307854K->86228K(2534400K), 0.0815470 secs] 7182950K->4962572K(10982400K), 0.0824010 secs] [Times: user=0.48 sys=0.00, real=0.08 secs] 
29167.094: [GC 29167.094: [ParNew: 2339028K->67613K(2534400K), 0.0544310 secs] 7215372K->4945309K(10982400K), 0.0551510 secs] [Times: user=0.36 sys=0.00, real=0.05 secs] 
29168.403: [GC 29168.403: [ParNew: 2320413K->94607K(2534400K), 0.0735750 secs] 7198109K->4974777K(10982400K), 0.0743160 secs] [Times: user=0.47 sys=0.00, real=0.07 secs] 
29170.027: [GC 29170.028: [ParNew: 2347407K->92559K(2534400K), 0.0878050 secs] 7227577K->4973641K(10982400K), 0.0885300 secs] [Times: user=0.44 sys=0.00, real=0.09 secs] 
29171.082: [GC 29171.082: [ParNew: 2345359K->74915K(2534400K), 0.0607170 secs] 7226441K->4957208K(10982400K), 0.0614450 secs] [Times: user=0.48 sys=0.01, real=0.06 secs] 
29171.977: [GC 29171.978: [ParNew: 2327715K->79725K(2534400K), 0.0632730 secs] 7210008K->4963161K(10982400K), 0.0639960 secs] [Times: user=0.38 sys=0.01, real=0.07 secs] 
29172.894: [GC 29172.894: [ParNew: 2332525K->38612K(2534400K), 0.0382170 secs] 7215961K->4922661K(10982400K), 0.0389330 secs] [Times: user=0.32 sys=0.00, real=0.04 secs] 
29173.703: [GC 29173.704: [ParNew: 2291412K->77510K(2534400K), 0.0828130 secs] 7175461K->4962996K(10982400K), 0.0835350 secs] [Times: user=0.41 sys=0.00, real=0.08 secs] 
29174.540: [GC 29174.540: [ParNew: 2330310K->135490K(2534400K), 0.0894560 secs] 7215796K->5022346K(10982400K), 0.0902590 secs] [Times: user=0.70 sys=0.00, real=0.09 secs] 
29175.362: [GC 29175.362: [ParNew: 2388290K->74516K(2534400K), 0.0442220 secs] 7275146K->4962755K(10982400K), 0.0450460 secs] [Times: user=0.36 sys=0.01, real=0.05 secs] 
29176.285: [GC 29176.285: [ParNew: 2327316K->72978K(2534400K), 0.0443710 secs] 7215555K->4961595K(10982400K), 0.0452120 secs] [Times: user=0.46 sys=0.00, real=0.04 secs] 
29177.169: [GC 29177.170: [ParNew: 2325778K->104597K(2534400K), 0.0952420 secs] 7214395K->4996131K(10982400K), 0.0960800 secs] [Times: user=0.33 sys=0.01, real=0.10 secs] 
29178.699: [GC 29178.700: [ParNew: 2357436K->242709K(2534400K), 0.2255570 secs] 7248970K->5135015K(10982400K), 0.2263030 secs] [Times: user=0.53 sys=0.00, real=0.23 secs] 
29178.929: [GC 29178.929: [ParNew: 242974K->7656K(2534400K), 0.1522580 secs] 5135280K->5135052K(10982400K), 0.1527480 secs] [Times: user=0.89 sys=0.06, real=0.15 secs] 
29179.084: [GC [1 CMS-initial-mark: 5127396K(8448000K)] 5135489K(10982400K), 0.0187250 secs] [Times: user=0.02 sys=0.00, real=0.01 secs] 
29180.359: [GC 29180.360: [ParNew: 2260456K->90159K(2534400K), 0.0895930 secs] 7387852K->5217555K(10982400K), 0.0902280 secs] [Times: user=0.48 sys=0.00, real=0.09 secs] 
29182.565: [GC 29182.566: [ParNew: 2342965K->56877K(2534400K), 0.0514070 secs] 7470361K->5184273K(10982400K), 0.0520220 secs] [Times: user=0.43 sys=0.00, real=0.05 secs] 
29183.582: [GC[YG occupancy: 1423303 K (2534400 K)]29183.582: [Rescan (parallel) , 0.3919140 secs]29183.974: [weak refs processing, 0.1219460 secs] [1 CMS-remark: 5127396K(8448000K)] 6550699K(10982400K), 0.5156220 secs] [Times: user=8.13 sys=0.02, real=0.52 secs] 
29184.375: [GC 29184.376: [ParNew: 2309677K->114239K(2534400K), 0.0904850 secs] 7415545K->5220106K(10982400K), 0.0912550 secs] [Times: user=0.48 sys=0.00, real=0.09 secs] 
29185.816: [GC 29185.817: [ParNew: 2367039K->125944K(2534400K), 0.0922670 secs] 7294443K->5053348K(10982400K), 0.0931050 secs] [Times: user=0.45 sys=0.00, real=0.09 secs] 
29187.063: [GC 29187.063: [ParNew: 2378744K->185326K(2534400K), 0.1527020 secs] 7200318K->5009553K(10982400K), 0.1535090 secs] [Times: user=0.49 sys=0.00, real=0.16 secs] 
29188.473: [GC 29188.473: [ParNew: 2438126K->167173K(2534400K), 0.1436170 secs] 7040482K->4791634K(10982400K), 0.1444740 secs] [Times: user=0.71 sys=0.01, real=0.15 secs] 
29189.779: [GC 29189.779: [ParNew: 2419973K->166201K(2534400K), 0.1215080 secs] 6558540K->4326159K(10982400K), 0.1222340 secs] [Times: user=0.66 sys=0.01, real=0.12 secs] 
29190.964: [GC 29190.964: [ParNew: 2419001K->162681K(2534400K), 0.1131360 secs] 6578959K->4322638K(10982400K), 0.1138610 secs] [Times: user=0.54 sys=0.00, real=0.12 secs] 
29192.245: [GC 29192.245: [ParNew: 2415481K->198508K(2534400K), 0.1166820 secs] 6575438K->4358466K(10982400K), 0.1175700 secs] [Times: user=0.62 sys=0.00, real=0.11 secs] 
29193.250: [GC 29193.251: [ParNew: 2451308K->170578K(2534400K), 0.1392030 secs] 6611266K->4366381K(10982400K), 0.1400680 secs] [Times: user=0.58 sys=0.01, real=0.14 secs] 
29194.078: [GC 29194.079: [ParNew: 2423378K->99449K(2534400K), 0.0835090 secs] 6619181K->4295252K(10982400K), 0.0843260 secs] [Times: user=0.38 sys=0.00, real=0.08 secs] 
29194.969: [GC 29194.970: [ParNew: 2352249K->109707K(2534400K), 0.0958570 secs] 6548052K->4305510K(10982400K), 0.0967080 secs] [Times: user=0.40 sys=0.00, real=0.10 secs] 
29196.049: [GC 29196.049: [ParNew: 2362507K->146388K(2534400K), 0.1305050 secs] 6558310K->4346986K(10982400K), 0.1313500 secs] [Times: user=0.48 sys=0.00, real=0.13 secs] 
29197.399: [GC 29197.399: [ParNew: 2399188K->113113K(2534400K), 0.1017950 secs] 6599786K->4317466K(10982400K), 0.1025270 secs] [Times: user=0.42 sys=0.01, real=0.10 secs] 
29198.452: [GC 29198.452: [ParNew: 2365913K->109829K(2534400K), 0.0739050 secs] 6570266K->4315675K(10982400K), 0.0746190 secs] [Times: user=0.65 sys=0.00, real=0.08 secs] 
29199.158: [GC 29199.159: [ParNew: 2362629K->118873K(2534400K), 0.0730520 secs] 6568475K->4327718K(10982400K), 0.0737600 secs] [Times: user=0.50 sys=0.00, real=0.07 secs] 
29200.104: [GC 29200.105: [ParNew: 2371673K->107239K(2534400K), 0.0760200 secs] 6580518K->4318328K(10982400K), 0.0767490 secs] [Times: user=0.43 sys=0.00, real=0.08 secs] 
29201.424: [GC 29201.424: [ParNew: 2360039K->118480K(2534400K), 0.0996900 secs] 6571128K->4333861K(10982400K), 0.1005600 secs] [Times: user=0.42 sys=0.00, real=0.10 secs] 
29202.493: [GC 29202.494: [ParNew: 2371280K->120209K(2534400K), 0.0943330 secs] 6586661K->4337307K(10982400K), 0.0950590 secs] [Times: user=0.44 sys=0.00, real=0.10 secs] 
29203.416: [GC 29203.416: [ParNew: 2373009K->115323K(2534400K), 0.1022970 secs] 6590107K->4333889K(10982400K), 0.1030810 secs] [Times: user=0.42 sys=0.01, real=0.11 secs] 
29204.251: [GC 29204.251: [ParNew: 2368123K->100595K(2534400K), 0.0824730 secs] 6586689K->4321607K(10982400K), 0.0833040 secs] [Times: user=0.36 sys=0.00, real=0.08 secs] 
29205.293: [GC 29205.294: [ParNew: 2353395K->138648K(2534400K), 0.0869490 secs] 6574407K->4362932K(10982400K), 0.0878120 secs] [Times: user=0.59 sys=0.01, real=0.09 secs] 
29206.193: [GC 29206.194: [ParNew: 2391448K->101327K(2534400K), 0.0691920 secs] 6615732K->4326412K(10982400K), 0.0700440 secs] [Times: user=0.37 sys=0.00, real=0.07 secs] 
29207.277: [GC 29207.278: [ParNew: 2354127K->117060K(2534400K), 0.1080000 secs] 6579212K->4343723K(10982400K), 0.1087640 secs] [Times: user=0.47 sys=0.00, real=0.11 secs] 
29208.339: [GC 29208.339: [ParNew: 2369860K->91579K(2534400K), 0.0893940 secs] 6596523K->4321972K(10982400K), 0.0902430 secs] [Times: user=0.38 sys=0.01, real=0.09 secs] 
29209.575: [GC 29209.575: [ParNew: 2344379K->137452K(2534400K), 0.1016130 secs] 6574772K->4369892K(10982400K), 0.1024260 secs] [Times: user=0.67 sys=0.01, real=0.11 secs] 
29210.680: [GC 29210.681: [ParNew: 2390252K->154793K(2534400K), 0.1209380 secs] 6622692K->4387666K(10982400K), 0.1218170 secs] [Times: user=0.45 sys=0.00, real=0.12 secs] 
29211.830: [GC 29211.831: [ParNew: 2407593K->183086K(2534400K), 0.1286000 secs] 6640466K->4419250K(10982400K), 0.1293260 secs] [Times: user=0.64 sys=0.01, real=0.13 secs] 
29212.661: [GC 29212.662: [ParNew: 2435886K->129198K(2534400K), 0.0949730 secs] 6672050K->4377722K(10982400K), 0.0957090 secs] [Times: user=0.47 sys=0.00, real=0.09 secs] 
29213.725: [GC 29213.725: [ParNew: 2381991K->139019K(2534400K), 0.1103020 secs] 6630514K->4387543K(10982400K), 0.1110410 secs] [Times: user=0.50 sys=0.00, real=0.11 secs] 
29215.041: [GC 29215.041: [ParNew: 2391819K->187173K(2534400K), 0.1465950 secs] 6640343K->4435697K(10982400K), 0.1473530 secs] [Times: user=0.55 sys=0.00, real=0.14 secs] 
29216.089: [GC 29216.090: [ParNew: 2438467K->126314K(2534400K), 0.1145880 secs] 6686990K->4396951K(10982400K), 0.1153110 secs] [Times: user=0.55 sys=0.01, real=0.11 secs] 
29217.107: [GC 29217.108: [ParNew: 2379114K->96359K(2534400K), 0.0819560 secs] 6649751K->4366996K(10982400K), 0.0828020 secs] [Times: user=0.41 sys=0.00, real=0.09 secs] 
29218.512: [GC 29218.512: [ParNew: 2349159K->135291K(2534400K), 0.0979880 secs] 6619796K->4405928K(10982400K), 0.0987490 secs] [Times: user=0.47 sys=0.00, real=0.10 secs] 
29219.957: [GC 29219.958: [ParNew: 2388091K->121497K(2534400K), 0.0992930 secs] 6658728K->4392133K(10982400K), 0.1000390 secs] [Times: user=0.47 sys=0.00, real=0.10 secs] 
29221.433: [GC 29221.433: [ParNew: 2374297K->153963K(2534400K), 0.1477030 secs] 6644933K->4433003K(10982400K), 0.1485030 secs] [Times: user=0.55 sys=0.01, real=0.15 secs] 
29222.576: [GC 29222.576: [ParNew: 2406763K->205276K(2534400K), 0.1859730 secs] 6685803K->4485551K(10982400K), 0.1868650 secs] [Times: user=0.58 sys=0.00, real=0.19 secs] 
29223.613: [GC 29223.614: [ParNew: 2458076K->154768K(2534400K), 0.1361770 secs] 6738351K->4443853K(10982400K), 0.1369150 secs] [Times: user=0.48 sys=0.01, real=0.14 secs] 
29224.944: [GC 29224.944: [ParNew: 2407564K->195720K(2534400K), 0.1859530 secs] 6696649K->4496813K(10982400K), 0.1868050 secs] [Times: user=0.53 sys=0.00, real=0.19 secs] 
29226.232: [GC 29226.233: [ParNew: 2448520K->154352K(2534400K), 0.1474470 secs] 6749613K->4468610K(10982400K), 0.1481710 secs] [Times: user=0.55 sys=0.00, real=0.15 secs] 
29227.392: [GC 29227.392: [ParNew: 2407152K->115618K(2534400K), 0.0805150 secs] 6721410K->4429876K(10982400K), 0.0812960 secs] [Times: user=0.45 sys=0.01, real=0.08 secs] 
29228.868: [GC 29228.868: [ParNew: 2368418K->83520K(2534400K), 0.0694750 secs] 6682676K->4397778K(10982400K), 0.0702220 secs] [Times: user=0.42 sys=0.00, real=0.07 secs] 
29230.227: [GC 29230.227: [ParNew: 2336320K->147921K(2534400K), 0.1263970 secs] 6650578K->4462179K(10982400K), 0.1271430 secs] [Times: user=0.45 sys=0.00, real=0.13 secs] 
29231.438: [GC 29231.439: [ParNew: 2400721K->177533K(2534400K), 0.1521230 secs] 6714979K->4497490K(10982400K), 0.1528650 secs] [Times: user=0.55 sys=0.01, real=0.16 secs] 
29232.631: [GC 29232.632: [ParNew: 2430333K->189624K(2534400K), 0.1768950 secs] 6750290K->4520476K(10982400K), 0.1776690 secs] [Times: user=0.52 sys=0.00, real=0.18 secs] 
29233.536: [GC 29233.536: [ParNew: 2442424K->158599K(2534400K), 0.1108680 secs] 6773276K->4492047K(10982400K), 0.1116650 secs] [Times: user=0.65 sys=0.01, real=0.11 secs] 
29235.349: [GC 29235.349: [ParNew: 2411399K->109428K(2534400K), 0.0819060 secs] 6744847K->4447646K(10982400K), 0.0826880 secs] [Times: user=0.40 sys=0.00, real=0.08 secs] 
29237.220: [GC 29237.220: [ParNew: 2362228K->80416K(2534400K), 0.0692200 secs] 6700446K->4418634K(10982400K), 0.0699610 secs] [Times: user=0.43 sys=0.00, real=0.07 secs] 
29238.669: [GC 29238.669: [ParNew: 2333216K->110486K(2534400K), 0.0928680 secs] 6671434K->4448704K(10982400K), 0.0935970 secs] [Times: user=0.44 sys=0.00, real=0.10 secs] 
29240.100: [GC 29240.100: [ParNew: 2363286K->177196K(2534400K), 0.1616780 secs] 6701504K->4515414K(10982400K), 0.1624600 secs] [Times: user=0.46 sys=0.01, real=0.17 secs] 
29240.887: [GC 29240.887: [ParNew: 2429996K->171879K(2534400K), 0.1396970 secs] 6768214K->4521412K(10982400K), 0.1404770 secs] [Times: user=0.57 sys=0.00, real=0.14 secs] 
29242.209: [GC 29242.209: [ParNew: 2424679K->232427K(2534400K), 0.1837340 secs] 6774212K->4586360K(10982400K), 0.1846030 secs] [Times: user=0.58 sys=0.01, real=0.19 secs] 
29243.240: [GC 29243.241: [ParNew: 2485227K->140788K(2534400K), 0.1106590 secs] 6839160K->4497789K(10982400K), 0.1115290 secs] [Times: user=0.39 sys=0.00, real=0.11 secs] 
29244.586: [GC 29244.587: [ParNew: 2393139K->163766K(2534400K), 0.1388750 secs] 6750140K->4520767K(10982400K), 0.1397500 secs] [Times: user=0.45 sys=0.00, real=0.14 secs] 
29245.722: [GC 29245.722: [ParNew: 2416566K->151508K(2534400K), 0.1225060 secs] 6773567K->4516206K(10982400K), 0.1233290 secs] [Times: user=0.53 sys=0.00, real=0.13 secs] 
29246.926: [GC 29246.926: [ParNew: 2404308K->123129K(2534400K), 0.1001640 secs] 6769006K->4487827K(10982400K), 0.1009000 secs] [Times: user=0.41 sys=0.00, real=0.10 secs] 
29248.276: [GC 29248.277: [ParNew: 2375929K->188333K(2534400K), 0.1601550 secs] 6740627K->4553031K(10982400K), 0.1609000 secs] [Times: user=0.47 sys=0.00, real=0.16 secs] 
29250.003: [GC 29250.004: [ParNew: 2441133K->136323K(2534400K), 0.1437060 secs] 6805831K->4510565K(10982400K), 0.1445810 secs] [Times: user=0.44 sys=0.01, real=0.15 secs] 
29251.177: [GC 29251.178: [ParNew: 2389123K->112531K(2534400K), 0.0952510 secs] 6763365K->4486773K(10982400K), 0.0961120 secs] [Times: user=0.52 sys=0.00, real=0.10 secs] 
29252.461: [GC 29252.461: [ParNew: 2365331K->161502K(2534400K), 0.1128220 secs] 6739573K->4535744K(10982400K), 0.1137240 secs] [Times: user=0.57 sys=0.00, real=0.11 secs] 
29253.959: [GC 29253.960: [ParNew: 2414302K->181872K(2534400K), 0.1398120 secs] 6788544K->4556114K(10982400K), 0.1405710 secs] [Times: user=0.46 sys=0.00, real=0.14 secs] 
29254.948: [GC 29254.949: [ParNew: 2434682K->153191K(2534400K), 0.1219330 secs] 6808924K->4536607K(10982400K), 0.1227630 secs] [Times: user=0.55 sys=0.01, real=0.12 secs] 
29255.074: [GC 29255.075: [ParNew: 155302K->152499K(2534400K), 0.0211680 secs] 4538718K->4535915K(10982400K), 0.0217670 secs] [Times: user=0.44 sys=0.00, real=0.03 secs] 
29255.960: [GC 29255.961: [ParNew: 2405299K->179041K(2534400K), 0.0922600 secs] 6788715K->4562457K(10982400K), 0.0929990 secs] [Times: user=0.51 sys=0.00, real=0.09 secs] 
29257.155: [GC 29257.156: [ParNew: 2431850K->124883K(2534400K), 0.0980330 secs] 6815266K->4508300K(10982400K), 0.0987430 secs] [Times: user=0.38 sys=0.00, real=0.09 secs] 
29257.257: [GC 29257.257: [ParNew: 125029K->105194K(2534400K), 0.0209130 secs] 4508445K->4490878K(10982400K), 0.0214370 secs] [Times: user=0.41 sys=0.00, real=0.02 secs] 
29258.353: [GC 29258.353: [ParNew: 2357994K->142188K(2534400K), 0.0869550 secs] 6743678K->4527872K(10982400K), 0.0877300 secs] [Times: user=0.36 sys=0.00, real=0.09 secs] 
29259.762: [GC 29259.762: [ParNew: 2394988K->128106K(2534400K), 0.0932920 secs] 6780672K->4516334K(10982400K), 0.0940340 secs] [Times: user=0.46 sys=0.01, real=0.10 secs] 
29261.065: [GC 29261.066: [ParNew: 2380906K->138258K(2534400K), 0.0941430 secs] 6769134K->4527753K(10982400K), 0.0948870 secs] [Times: user=0.54 sys=0.01, real=0.10 secs] 
29262.597: [GC 29262.598: [ParNew: 2391058K->219269K(2534400K), 0.1779680 secs] 6780553K->4608764K(10982400K), 0.1786410 secs] [Times: user=0.47 sys=0.01, real=0.18 secs] 
29264.019: [GC 29264.020: [ParNew: 2472101K->208586K(2534400K), 0.2094330 secs] 6861595K->4611540K(10982400K), 0.2102270 secs] [Times: user=0.53 sys=0.01, real=0.21 secs] 
29264.233: [GC 29264.233: [ParNew: 208937K->9386K(2534400K), 0.1396040 secs] 4611891K->4610954K(10982400K), 0.1402470 secs] [Times: user=0.74 sys=0.04, real=0.14 secs] 
29266.077: [GC 29266.078: [ParNew: 2262186K->119291K(2534400K), 0.1278200 secs] 6863754K->4720859K(10982400K), 0.1286950 secs] [Times: user=0.53 sys=0.01, real=0.12 secs] 
29267.974: [GC 29267.974: [ParNew: 2372091K->108394K(2534400K), 0.0907450 secs] 6973659K->4709962K(10982400K), 0.0915900 secs] [Times: user=0.46 sys=0.01, real=0.09 secs] 
29269.687: [GC 29269.687: [ParNew: 2361194K->110337K(2534400K), 0.0981550 secs] 6962762K->4711904K(10982400K), 0.0990050 secs] [Times: user=0.45 sys=0.00, real=0.09 secs] 
29270.964: [GC 29270.964: [ParNew: 2363137K->189663K(2534400K), 0.1493010 secs] 6964704K->4791238K(10982400K), 0.1501750 secs] [Times: user=0.56 sys=0.01, real=0.15 secs] 
29271.923: [GC 29271.923: [ParNew: 2442431K->175132K(2534400K), 0.1495230 secs] 7044007K->4797086K(10982400K), 0.1503760 secs] [Times: user=0.53 sys=0.01, real=0.15 secs] 
29273.204: [GC 29273.205: [ParNew: 2427932K->187550K(2534400K), 0.1777480 secs] 7049886K->4813605K(10982400K), 0.1785990 secs] [Times: user=0.52 sys=0.00, real=0.18 secs] 
29274.942: [GC 29274.942: [ParNew: 2440350K->164831K(2534400K), 0.1463760 secs] 7066405K->4795392K(10982400K), 0.1471100 secs] [Times: user=0.53 sys=0.00, real=0.15 secs] 
29276.234: [GC 29276.234: [ParNew: 2417631K->130199K(2534400K), 0.1200490 secs] 7048192K->4772857K(10982400K), 0.1207950 secs] [Times: user=0.54 sys=0.00, real=0.12 secs] 
29277.502: [GC 29277.502: [ParNew: 2382999K->207526K(2534400K), 0.1685700 secs] 7025657K->4850184K(10982400K), 0.1692970 secs] [Times: user=0.52 sys=0.00, real=0.17 secs] 
29278.909: [GC 29278.909: [ParNew: 2460326K->203745K(2534400K), 0.1857120 secs] 7102984K->4863589K(10982400K), 0.1864460 secs] [Times: user=0.55 sys=0.01, real=0.18 secs] 
29280.406: [GC 29280.407: [ParNew: 2456545K->190073K(2534400K), 0.1729250 secs] 7116389K->4859883K(10982400K), 0.1736810 secs] [Times: user=0.47 sys=0.00, real=0.18 secs] 
29281.775: [GC 29281.776: [ParNew: 2442873K->129060K(2534400K), 0.1014610 secs] 7112683K->4806617K(10982400K), 0.1021900 secs] [Times: user=0.52 sys=0.01, real=0.10 secs] 
29283.307: [GC 29283.307: [ParNew: 2381860K->169443K(2534400K), 0.0985550 secs] 7059417K->4847000K(10982400K), 0.0993610 secs] [Times: user=0.70 sys=0.00, real=0.10 secs] 
29284.912: [GC 29284.912: [ParNew: 2422243K->151690K(2534400K), 0.1041360 secs] 7099800K->4831888K(10982400K), 0.1049520 secs] [Times: user=0.44 sys=0.00, real=0.10 secs] 
29286.511: [GC 29286.511: [ParNew: 2404490K->157370K(2534400K), 0.1467050 secs] 7084688K->4837567K(10982400K), 0.1476030 secs] [Times: user=0.51 sys=0.01, real=0.14 secs] 
29288.186: [GC 29288.186: [ParNew: 2410170K->151294K(2534400K), 0.1453260 secs] 7090367K->4836173K(10982400K), 0.1461820 secs] [Times: user=0.51 sys=0.01, real=0.15 secs] 
29289.731: [GC 29289.732: [ParNew: 2404094K->123758K(2534400K), 0.1228600 secs] 7088973K->4812208K(10982400K), 0.1236890 secs] [Times: user=0.42 sys=0.00, real=0.12 secs] 
29291.206: [GC 29291.206: [ParNew: 2376558K->119971K(2534400K), 0.0945870 secs] 7065008K->4808421K(10982400K), 0.0954600 secs] [Times: user=0.49 sys=0.00, real=0.10 secs] 
29293.069: [GC 29293.069: [ParNew: 2372771K->96687K(2534400K), 0.0882920 secs] 7061221K->4785137K(10982400K), 0.0891640 secs] [Times: user=0.35 sys=0.00, real=0.09 secs] 
29294.811: [GC 29294.812: [ParNew: 2349487K->122000K(2534400K), 0.1210210 secs] 7037937K->4813208K(10982400K), 0.1218790 secs] [Times: user=0.42 sys=0.00, real=0.12 secs] 
29296.175: [GC 29296.175: [ParNew: 2374800K->163318K(2534400K), 0.1473660 secs] 7066008K->4855419K(10982400K), 0.1482310 secs] [Times: user=0.45 sys=0.00, real=0.15 secs] 
29297.707: [GC 29297.707: [ParNew: 2416118K->224798K(2534400K), 0.1903310 secs] 7108219K->4922067K(10982400K), 0.1910630 secs] [Times: user=0.55 sys=0.00, real=0.19 secs] 
29299.413: [GC 29299.414: [ParNew: 2477598K->153668K(2534400K), 0.1472060 secs] 7174867K->4863342K(10982400K), 0.1479520 secs] [Times: user=0.52 sys=0.00, real=0.14 secs] 
29301.141: [GC 29301.142: [ParNew: 2406468K->161338K(2534400K), 0.1325430 secs] 7116142K->4871011K(10982400K), 0.1332930 secs] [Times: user=0.58 sys=0.00, real=0.14 secs] 
29302.153: [GC 29302.154: [ParNew: 2414138K->138236K(2534400K), 0.1146930 secs] 7123811K->4867852K(10982400K), 0.1154280 secs] [Times: user=0.63 sys=0.01, real=0.11 secs] 
29303.318: [GC 29303.318: [ParNew: 2391036K->160795K(2534400K), 0.1273010 secs] 7120652K->4890411K(10982400K), 0.1280560 secs] [Times: user=0.46 sys=0.00, real=0.13 secs] 
29304.800: [GC 29304.801: [ParNew: 2413595K->193113K(2534400K), 0.1386710 secs] 7143211K->4922729K(10982400K), 0.1394200 secs] [Times: user=0.58 sys=0.00, real=0.14 secs] 
29306.194: [GC 29306.194: [ParNew: 2445913K->109696K(2534400K), 0.0931420 secs] 7175529K->4856544K(10982400K), 0.0938780 secs] [Times: user=0.52 sys=0.01, real=0.09 secs] 
29307.645: [GC 29307.645: [ParNew: 2362496K->179808K(2534400K), 0.1460360 secs] 7109344K->4926656K(10982400K), 0.1467740 secs] [Times: user=0.49 sys=0.01, real=0.14 secs] 
29308.898: [GC 29308.899: [ParNew: 2432608K->185709K(2534400K), 0.1573260 secs] 7179456K->4941501K(10982400K), 0.1580090 secs] [Times: user=0.52 sys=0.00, real=0.16 secs] 
29310.255: [GC 29310.256: [ParNew: 2438509K->226494K(2534400K), 0.1706790 secs] 7194301K->4985715K(10982400K), 0.1713170 secs] [Times: user=0.63 sys=0.00, real=0.17 secs] 
29311.533: [GC 29311.534: [ParNew: 2479337K->212295K(2534400K), 0.1502030 secs] 7238558K->4979967K(10982400K), 0.1508560 secs] [Times: user=0.67 sys=0.01, real=0.16 secs] 
29312.708: [GC 29312.708: [ParNew: 2465095K->187875K(2534400K), 0.1400260 secs] 7232767K->4960702K(10982400K), 0.1409290 secs] [Times: user=0.57 sys=0.01, real=0.14 secs] 
29313.966: [GC 29313.966: [ParNew: 2440675K->137401K(2534400K), 0.1235250 secs] 7213502K->4925251K(10982400K), 0.1244850 secs] [Times: user=0.39 sys=0.01, real=0.12 secs] 
29315.180: [GC 29315.180: [ParNew: 2390201K->131638K(2534400K), 0.1256550 secs] 7178051K->4919488K(10982400K), 0.1265150 secs] [Times: user=0.48 sys=0.00, real=0.13 secs] 
29316.343: [GC 29316.343: [ParNew: 2384438K->197218K(2534400K), 0.1880390 secs] 7172288K->4985069K(10982400K), 0.1887740 secs] [Times: user=0.51 sys=0.00, real=0.19 secs] 
29317.395: [GC 29317.396: [ParNew: 2450018K->138578K(2534400K), 0.1422530 secs] 7237869K->4936250K(10982400K), 0.1431710 secs] [Times: user=0.50 sys=0.01, real=0.14 secs] 
29318.451: [GC 29318.451: [ParNew: 2391378K->175897K(2534400K), 0.1339530 secs] 7189050K->4973570K(10982400K), 0.1347880 secs] [Times: user=0.65 sys=0.00, real=0.14 secs] 
29319.512: [GC 29319.512: [ParNew: 2428697K->156299K(2534400K), 0.1186110 secs] 7226370K->4960261K(10982400K), 0.1194150 secs] [Times: user=0.49 sys=0.00, real=0.12 secs] 
29320.255: [GC 29320.256: [ParNew: 2409099K->112339K(2534400K), 0.0718080 secs] 7213061K->4916301K(10982400K), 0.0725500 secs] [Times: user=0.47 sys=0.00, real=0.07 secs] 
29321.302: [GC 29321.302: [ParNew: 2365139K->199487K(2534400K), 0.1485200 secs] 7169101K->5003450K(10982400K), 0.1493710 secs] [Times: user=0.59 sys=0.01, real=0.15 secs] 
29322.409: [GC 29322.409: [ParNew: 2452287K->213685K(2534400K), 0.1680070 secs] 7256250K->5034463K(10982400K), 0.1688510 secs] [Times: user=0.81 sys=0.01, real=0.17 secs] 
29323.168: [GC 29323.169: [ParNew: 2466485K->160251K(2534400K), 0.1188730 secs] 7287263K->4989908K(10982400K), 0.1196950 secs] [Times: user=0.46 sys=0.01, real=0.12 secs] 
29324.050: [GC 29324.051: [ParNew: 2413051K->120670K(2534400K), 0.1151710 secs] 7242708K->4950328K(10982400K), 0.1161580 secs] [Times: user=0.42 sys=0.01, real=0.12 secs] 
29324.931: [GC 29324.931: [ParNew: 2373470K->139649K(2534400K), 0.1223910 secs] 7203128K->4969307K(10982400K), 0.1232780 secs] [Times: user=0.39 sys=0.01, real=0.12 secs] 
29325.920: [GC 29325.920: [ParNew: 2392449K->203619K(2534400K), 0.1367810 secs] 7222107K->5033277K(10982400K), 0.1376200 secs] [Times: user=0.67 sys=0.00, real=0.14 secs] 
29327.239: [GC 29327.240: [ParNew: 2456419K->176436K(2534400K), 0.1421960 secs] 7286077K->5023388K(10982400K), 0.1431590 secs] [Times: user=0.45 sys=0.01, real=0.14 secs] 
29328.311: [GC 29328.311: [ParNew: 2429236K->151637K(2534400K), 0.1072710 secs] 7276188K->4998590K(10982400K), 0.1081310 secs] [Times: user=0.56 sys=0.00, real=0.11 secs] 
29329.714: [GC 29329.714: [ParNew: 2404437K->141635K(2534400K), 0.1160920 secs] 7251390K->4988587K(10982400K), 0.1169690 secs] [Times: user=0.46 sys=0.00, real=0.12 secs] 
29330.908: [GC 29330.909: [ParNew: 2394435K->75106K(2534400K), 0.0639340 secs] 7241387K->4922058K(10982400K), 0.0648020 secs] [Times: user=0.38 sys=0.00, real=0.06 secs] 
29331.943: [GC 29331.944: [ParNew: 2327906K->53523K(2534400K), 0.0538150 secs] 7174858K->4906083K(10982400K), 0.0546890 secs] [Times: user=0.32 sys=0.00, real=0.06 secs] 
29332.776: [GC 29332.777: [ParNew: 2306323K->39376K(2534400K), 0.0431830 secs] 7158883K->4895097K(10982400K), 0.0440170 secs] [Times: user=0.30 sys=0.00, real=0.05 secs] 
29333.532: [GC 29333.532: [ParNew: 2292176K->52118K(2534400K), 0.0532380 secs] 7147897K->4909694K(10982400K), 0.0539710 secs] [Times: user=0.41 sys=0.00, real=0.05 secs] 
29334.490: [GC 29334.491: [ParNew: 2304918K->116336K(2534400K), 0.1093490 secs] 7162494K->4975213K(10982400K), 0.1101730 secs] [Times: user=0.42 sys=0.00, real=0.11 secs] 
29335.594: [GC 29335.594: [ParNew: 2369136K->161820K(2534400K), 0.1377820 secs] 7228013K->5021965K(10982400K), 0.1385370 secs] [Times: user=0.50 sys=0.01, real=0.14 secs] 
29336.688: [GC 29336.689: [ParNew: 2414620K->101823K(2534400K), 0.1006800 secs] 7274765K->4973399K(10982400K), 0.1016470 secs] [Times: user=0.46 sys=0.00, real=0.10 secs] 
29337.725: [GC 29337.725: [ParNew: 2354623K->85288K(2534400K), 0.0759700 secs] 7226199K->4956865K(10982400K), 0.0767260 secs] [Times: user=0.45 sys=0.00, real=0.08 secs] 
29338.581: [GC 29338.581: [ParNew: 2338088K->162604K(2534400K), 0.1012450 secs] 7209665K->5034180K(10982400K), 0.1019730 secs] [Times: user=0.66 sys=0.00, real=0.10 secs] 
29339.681: [GC 29339.682: [ParNew: 2415404K->156806K(2534400K), 0.1143870 secs] 7286980K->5043485K(10982400K), 0.1151430 secs] [Times: user=0.45 sys=0.00, real=0.11 secs] 
29340.985: [GC 29340.986: [ParNew: 2409606K->99157K(2534400K), 0.1065010 secs] 7296285K->4985837K(10982400K), 0.1073650 secs] [Times: user=0.42 sys=0.00, real=0.11 secs] 
29341.975: [GC 29341.975: [ParNew: 2351957K->77598K(2534400K), 0.0725190 secs] 7238637K->4964277K(10982400K), 0.0733580 secs] [Times: user=0.40 sys=0.00, real=0.08 secs] 
29342.991: [GC 29342.991: [ParNew: 2330398K->66245K(2534400K), 0.0674610 secs] 7217077K->4952925K(10982400K), 0.0683660 secs] [Times: user=0.36 sys=0.00, real=0.07 secs] 
29344.194: [GC 29344.195: [ParNew: 2319045K->175616K(2534400K), 0.1552800 secs] 7205725K->5065681K(10982400K), 0.1561480 secs] [Times: user=0.52 sys=0.01, real=0.16 secs] 
29345.152: [GC 29345.152: [ParNew: 2428416K->201975K(2534400K), 0.1658020 secs] 7318481K->5113227K(10982400K), 0.1666750 secs] [Times: user=0.77 sys=0.00, real=0.16 secs] 
29346.046: [GC 29346.046: [ParNew: 2454775K->160905K(2534400K), 0.1343180 secs] 7366027K->5085051K(10982400K), 0.1352010 secs] [Times: user=0.45 sys=0.01, real=0.14 secs] 
29347.211: [GC 29347.211: [ParNew: 2413705K->129371K(2534400K), 0.1185260 secs] 7337851K->5053516K(10982400K), 0.1193770 secs] [Times: user=0.43 sys=0.00, real=0.12 secs] 
29348.230: [GC 29348.231: [ParNew: 2382171K->134142K(2534400K), 0.1206300 secs] 7306316K->5058288K(10982400K), 0.1215260 secs] [Times: user=0.44 sys=0.01, real=0.12 secs] 
29349.289: [GC 29349.290: [ParNew: 2386942K->116175K(2534400K), 0.1026390 secs] 7311088K->5040320K(10982400K), 0.1033780 secs] [Times: user=0.47 sys=0.00, real=0.10 secs] 
29350.410: [GC 29350.410: [ParNew: 2368975K->162507K(2534400K), 0.1279760 secs] 7293120K->5091189K(10982400K), 0.1285770 secs] [Times: user=0.46 sys=0.01, real=0.12 secs] 
29351.478: [GC 29351.478: [ParNew: 2415307K->118649K(2534400K), 0.1016430 secs] 7343989K->5052888K(10982400K), 0.1022760 secs] [Times: user=0.47 sys=0.00, real=0.11 secs] 
29352.355: [GC 29352.356: [ParNew: 2371449K->137805K(2534400K), 0.1169720 secs] 7305688K->5072044K(10982400K), 0.1176150 secs] [Times: user=0.47 sys=0.00, real=0.12 secs] 
29353.292: [GC 29353.293: [ParNew: 2390605K->126425K(2534400K), 0.1078500 secs] 7324844K->5065514K(10982400K), 0.1085610 secs] [Times: user=0.43 sys=0.01, real=0.11 secs] 
29354.614: [GC 29354.615: [ParNew: 2379225K->112755K(2534400K), 0.1012090 secs] 7318314K->5054853K(10982400K), 0.1018760 secs] [Times: user=0.47 sys=0.00, real=0.10 secs] 
29355.728: [GC 29355.728: [ParNew: 2364349K->141292K(2534400K), 0.0927810 secs] 7306448K->5085699K(10982400K), 0.0933700 secs] [Times: user=0.56 sys=0.01, real=0.10 secs] 
29356.911: [GC 29356.911: [ParNew: 2394092K->108568K(2534400K), 0.0757470 secs] 7338499K->5055308K(10982400K), 0.0763390 secs] [Times: user=0.40 sys=0.00, real=0.07 secs] 
29358.344: [GC 29358.345: [ParNew: 2361368K->151202K(2534400K), 0.0942720 secs] 7308108K->5100704K(10982400K), 0.0948760 secs] [Times: user=0.55 sys=0.00, real=0.09 secs] 
29359.590: [GC 29359.590: [ParNew: 2404002K->163005K(2534400K), 0.1060180 secs] 7353504K->5114859K(10982400K), 0.1065940 secs] [Times: user=0.60 sys=0.00, real=0.11 secs] 
29360.381: [GC 29360.381: [ParNew: 2415778K->157484K(2534400K), 0.0803840 secs] 7367632K->5112555K(10982400K), 0.0810310 secs] [Times: user=0.74 sys=0.00, real=0.08 secs] 
29361.057: [GC 29361.057: [ParNew: 2410284K->125195K(2534400K), 0.0772980 secs] 7365355K->5084445K(10982400K), 0.0779200 secs] [Times: user=0.66 sys=0.00, real=0.08 secs] 
29361.809: [GC 29361.809: [ParNew: 2377995K->105565K(2534400K), 0.0988350 secs] 7337245K->5090771K(10982400K), 0.0996850 secs] [Times: user=0.47 sys=0.01, real=0.10 secs] 
29362.446: [GC 29362.447: [ParNew: 2356782K->73775K(2534400K), 0.0742700 secs] 7341989K->5063845K(10982400K), 0.0750860 secs] [Times: user=0.40 sys=0.01, real=0.08 secs] 
29363.098: [GC 29363.099: [ParNew: 2326575K->89049K(2534400K), 0.0873900 secs] 7316645K->5080602K(10982400K), 0.0882430 secs] [Times: user=0.39 sys=0.00, real=0.09 secs] 
29363.975: [GC 29363.975: [ParNew: 2341849K->89049K(2534400K), 0.0546050 secs] 7333402K->5081408K(10982400K), 0.0553460 secs] [Times: user=0.42 sys=0.00, real=0.05 secs] 
29364.562: [GC 29364.562: [ParNew: 2336190K->130449K(2534400K), 0.0622240 secs] 7328549K->5123738K(10982400K), 0.0629550 secs] [Times: user=0.56 sys=0.00, real=0.06 secs] 
29365.416: [GC 29365.416: [ParNew: 2383249K->129192K(2534400K), 0.0719420 secs] 7376538K->5122954K(10982400K), 0.0726780 secs] [Times: user=0.45 sys=0.01, real=0.07 secs] 
29366.571: [GC 29366.571: [ParNew: 2381992K->105107K(2534400K), 0.0723810 secs] 7375754K->5100884K(10982400K), 0.0731260 secs] [Times: user=0.38 sys=0.01, real=0.08 secs] 
29367.973: [GC 29367.973: [ParNew: 2357907K->89266K(2534400K), 0.0685970 secs] 7353684K->5090638K(10982400K), 0.0693990 secs] [Times: user=0.50 sys=0.01, real=0.07 secs] 
29368.992: [GC 29368.992: [ParNew: 2342066K->87969K(2534400K), 0.0590400 secs] 7343438K->5089799K(10982400K), 0.0598890 secs] [Times: user=0.35 sys=0.00, real=0.06 secs] 
29370.013: [GC 29370.014: [ParNew: 2340769K->143882K(2534400K), 0.1019960 secs] 7342599K->5146439K(10982400K), 0.1028500 secs] [Times: user=0.54 sys=0.01, real=0.10 secs] 
29371.313: [GC 29371.314: [ParNew: 2396682K->119398K(2534400K), 0.0989840 secs] 7399239K->5129343K(10982400K), 0.0998260 secs] [Times: user=0.37 sys=0.00, real=0.10 secs] 
29372.511: [GC 29372.511: [ParNew: 2372198K->110403K(2534400K), 0.1085210 secs] 7382143K->5123260K(10982400K), 0.1093290 secs] [Times: user=0.48 sys=0.00, real=0.11 secs] 
29374.015: [GC 29374.016: [ParNew: 2363203K->135886K(2534400K), 0.1372020 secs] 7376060K->5150120K(10982400K), 0.1380560 secs] [Times: user=0.43 sys=0.01, real=0.14 secs] 
29375.629: [GC 29375.630: [ParNew: 2388686K->143875K(2534400K), 0.1379930 secs] 7402920K->5158863K(10982400K), 0.1388790 secs] [Times: user=0.44 sys=0.01, real=0.14 secs] 
29376.823: [GC 29376.823: [ParNew: 2396675K->136251K(2534400K), 0.1319040 secs] 7411663K->5151730K(10982400K), 0.1326940 secs] [Times: user=0.40 sys=0.01, real=0.14 secs] 
29377.899: [GC 29377.900: [ParNew: 2389051K->146933K(2534400K), 0.1437150 secs] 7404530K->5163422K(10982400K), 0.1445680 secs] [Times: user=0.43 sys=0.00, real=0.15 secs] 
29379.095: [GC 29379.095: [ParNew: 2399733K->191201K(2534400K), 0.1678880 secs] 7416222K->5208887K(10982400K), 0.1686890 secs] [Times: user=0.46 sys=0.00, real=0.16 secs] 
29380.088: [GC 29380.089: [ParNew: 2444001K->149708K(2534400K), 0.1518730 secs] 7461687K->5177482K(10982400K), 0.1527400 secs] [Times: user=0.42 sys=0.01, real=0.15 secs] 
29381.179: [GC 29381.180: [ParNew: 2402508K->159508K(2534400K), 0.1578520 secs] 7430282K->5187282K(10982400K), 0.1587610 secs] [Times: user=0.44 sys=0.00, real=0.16 secs] 
29382.157: [GC 29382.157: [ParNew: 2412308K->140199K(2534400K), 0.1337210 secs] 7440082K->5175245K(10982400K), 0.1345840 secs] [Times: user=0.46 sys=0.01, real=0.13 secs] 
29383.408: [GC 29383.409: [ParNew: 2392999K->159170K(2534400K), 0.1352590 secs] 7428045K->5194217K(10982400K), 0.1361290 secs] [Times: user=0.50 sys=0.00, real=0.14 secs] 
29384.640: [GC 29384.640: [ParNew: 2411970K->112183K(2534400K), 0.0967740 secs] 7447017K->5155667K(10982400K), 0.0976350 secs] [Times: user=0.45 sys=0.01, real=0.10 secs] 
29385.727: [GC 29385.728: [ParNew: 2364983K->108208K(2534400K), 0.0957830 secs] 7408467K->5151693K(10982400K), 0.0966680 secs] [Times: user=0.42 sys=0.01, real=0.09 secs] 
29386.640: [GC 29386.641: [ParNew: 2361008K->108192K(2534400K), 0.0907080 secs] 7404493K->5151676K(10982400K), 0.0914590 secs] [Times: user=0.42 sys=0.01, real=0.09 secs] 
29387.424: [GC 29387.425: [ParNew: 2358462K->123064K(2534400K), 0.1049990 secs] 7401947K->5167781K(10982400K), 0.1058560 secs] [Times: user=0.43 sys=0.01, real=0.11 secs] 
29388.173: [GC 29388.174: [ParNew: 2375864K->128829K(2534400K), 0.1109710 secs] 7420581K->5174853K(10982400K), 0.1118440 secs] [Times: user=0.40 sys=0.00, real=0.12 secs] 
29388.951: [GC 29388.951: [ParNew: 2377812K->99550K(2534400K), 0.0844260 secs] 7423836K->5147298K(10982400K), 0.0852470 secs] [Times: user=0.40 sys=0.00, real=0.09 secs] 
29389.757: [GC 29389.757: [ParNew: 2350427K->91931K(2534400K), 0.0694070 secs] 7398175K->5142667K(10982400K), 0.0702590 secs] [Times: user=0.37 sys=0.00, real=0.07 secs] 
29390.459: [GC 29390.459: [ParNew: 2344731K->90254K(2534400K), 0.0732100 secs] 7395467K->5142424K(10982400K), 0.0741060 secs] [Times: user=0.39 sys=0.00, real=0.07 secs] 
29391.277: [GC 29391.278: [ParNew: 2343054K->78503K(2534400K), 0.0601210 secs] 7395224K->5132386K(10982400K), 0.0609060 secs] [Times: user=0.42 sys=0.01, real=0.06 secs] 
29392.691: [GC 29392.692: [ParNew: 2331303K->123432K(2534400K), 0.1038780 secs] 7385186K->5187685K(10982400K), 0.1046500 secs] [Times: user=0.52 sys=0.01, real=0.11 secs] 
29393.950: [GC 29393.950: [ParNew: 2376232K->115859K(2534400K), 0.0946850 secs] 7440485K->5181427K(10982400K), 0.0954200 secs] [Times: user=0.39 sys=0.01, real=0.10 secs] 
29395.145: [GC 29395.145: [ParNew: 2368659K->92701K(2534400K), 0.0952500 secs] 7434227K->5159274K(10982400K), 0.0961150 secs] [Times: user=0.44 sys=0.00, real=0.10 secs] 
29396.251: [GC 29396.252: [ParNew: 2345501K->111156K(2534400K), 0.0918390 secs] 7412074K->5180415K(10982400K), 0.0925870 secs] [Times: user=0.42 sys=0.00, real=0.09 secs] 
29396.346: [GC [1 CMS-initial-mark: 5069258K(8448000K)] 5180549K(10982400K), 0.0947050 secs] [Times: user=0.09 sys=0.00, real=0.10 secs] 
29397.683: [GC 29397.684: [ParNew: 2363894K->87030K(2534400K), 0.0676430 secs] 7433152K->5157642K(10982400K), 0.0684230 secs] [Times: user=0.41 sys=0.00, real=0.07 secs] 
29399.236: [GC 29399.236: [ParNew: 2339830K->76327K(2534400K), 0.0474730 secs] 7410442K->5151076K(10982400K), 0.0482200 secs] [Times: user=0.53 sys=0.00, real=0.05 secs] 
29400.641: [GC[YG occupancy: 1809641 K (2534400 K)]29400.642: [Rescan (parallel) , 0.5690950 secs]29401.211: [weak refs processing, 0.0835480 secs] [1 CMS-remark: 5074748K(8448000K)] 6884390K(10982400K), 0.6543710 secs] [Times: user=11.59 sys=0.04, real=0.65 secs] 
29401.451: [GC 29401.452: [ParNew: 2329127K->78907K(2534400K), 0.0519220 secs] 7385795K->5140659K(10982400K), 0.0526990 secs] [Times: user=0.52 sys=0.00, real=0.05 secs] 
29402.802: [GC 29402.802: [ParNew: 2331707K->59278K(2534400K), 0.0394220 secs] 7224166K->4952657K(10982400K), 0.0401730 secs] [Times: user=0.36 sys=0.00, real=0.04 secs] 
29404.402: [GC 29404.402: [ParNew: 2312078K->72807K(2534400K), 0.0506480 secs] 7010347K->4783758K(10982400K), 0.0514030 secs] [Times: user=0.54 sys=0.01, real=0.05 secs] 
29406.092: [GC 29406.092: [ParNew: 2325607K->111090K(2534400K), 0.0513880 secs] 6733185K->4519173K(10982400K), 0.0521400 secs] [Times: user=0.63 sys=0.00, real=0.05 secs] 
29407.303: [GC 29407.303: [ParNew: 2363890K->82276K(2534400K), 0.0399520 secs] 6475808K->4195699K(10982400K), 0.0407920 secs] [Times: user=0.34 sys=0.01, real=0.04 secs] 
29408.817: [GC 29408.817: [ParNew: 2335076K->76705K(2534400K), 0.0440310 secs] 6448499K->4192096K(10982400K), 0.0448580 secs] [Times: user=0.50 sys=0.00, real=0.05 secs] 
29410.721: [GC 29410.721: [ParNew: 2329505K->65706K(2534400K), 0.0485290 secs] 6444896K->4184391K(10982400K), 0.0493850 secs] [Times: user=0.44 sys=0.00, real=0.05 secs] 
29412.281: [GC 29412.281: [ParNew: 2318506K->72642K(2534400K), 0.0424670 secs] 6437191K->4193328K(10982400K), 0.0432180 secs] [Times: user=0.43 sys=0.01, real=0.04 secs] 
29413.748: [GC 29413.749: [ParNew: 2325442K->71260K(2534400K), 0.0404820 secs] 6446128K->4193157K(10982400K), 0.0413180 secs] [Times: user=0.40 sys=0.01, real=0.05 secs] 
29415.282: [GC 29415.282: [ParNew: 2324060K->64814K(2534400K), 0.0410940 secs] 6445957K->4189379K(10982400K), 0.0420050 secs] [Times: user=0.40 sys=0.00, real=0.04 secs] 
29416.211: [GC 29416.211: [ParNew: 2317614K->47824K(2534400K), 0.0325240 secs] 6442179K->4174650K(10982400K), 0.0333760 secs] [Times: user=0.34 sys=0.00, real=0.03 secs] 
29418.009: [GC 29418.010: [ParNew: 2300624K->46692K(2534400K), 0.0424500 secs] 6427450K->4177363K(10982400K), 0.0431870 secs] [Times: user=0.39 sys=0.00, real=0.05 secs] 
29419.553: [GC 29419.553: [ParNew: 2299510K->28671K(2534400K), 0.0392850 secs] 6430180K->4165270K(10982400K), 0.0400010 secs] [Times: user=0.32 sys=0.00, real=0.04 secs] 
29419.596: [GC 29419.596: [ParNew: 28998K->28163K(2534400K), 0.0147140 secs] 4165597K->4166770K(10982400K), 0.0152390 secs] [Times: user=0.29 sys=0.00, real=0.02 secs] 
29420.707: [GC 29420.707: [ParNew: 2280963K->37539K(2534400K), 0.0303400 secs] 6419570K->4176885K(10982400K), 0.0310690 secs] [Times: user=0.35 sys=0.00, real=0.03 secs] 
29421.727: [GC 29421.727: [ParNew: 2290339K->30592K(2534400K), 0.0296090 secs] 6429685K->4171018K(10982400K), 0.0304430 secs] [Times: user=0.33 sys=0.00, real=0.03 secs] 
29423.049: [GC 29423.050: [ParNew: 2283392K->42432K(2534400K), 0.0347230 secs] 6423818K->4183782K(10982400K), 0.0356110 secs] [Times: user=0.36 sys=0.01, real=0.04 secs] 
29425.107: [GC 29425.108: [ParNew: 2295232K->45995K(2534400K), 0.0429210 secs] 6436582K->4187345K(10982400K), 0.0438370 secs] [Times: user=0.36 sys=0.00, real=0.05 secs] 
29427.319: [GC 29427.319: [ParNew: 2298795K->39387K(2534400K), 0.0464850 secs] 6440145K->4181748K(10982400K), 0.0473660 secs] [Times: user=0.30 sys=0.00, real=0.05 secs] 
29429.350: [GC 29429.351: [ParNew: 2292187K->72571K(2534400K), 0.0485190 secs] 6434548K->4216416K(10982400K), 0.0494140 secs] [Times: user=0.47 sys=0.00, real=0.05 secs] 
29430.939: [GC 29430.940: [ParNew: 2325371K->79651K(2534400K), 0.0579100 secs] 6469216K->4224685K(10982400K), 0.0586650 secs] [Times: user=0.37 sys=0.01, real=0.06 secs] 
29432.585: [GC 29432.585: [ParNew: 2332451K->63266K(2534400K), 0.0565280 secs] 6477485K->4210011K(10982400K), 0.0574280 secs] [Times: user=0.38 sys=0.00, real=0.06 secs] 
29433.679: [GC 29433.680: [ParNew: 2316066K->39318K(2534400K), 0.0373580 secs] 6462811K->4189513K(10982400K), 0.0382060 secs] [Times: user=0.33 sys=0.00, real=0.04 secs] 
29434.944: [GC 29434.945: [ParNew: 2292118K->50018K(2534400K), 0.0441290 secs] 6442313K->4201265K(10982400K), 0.0450470 secs] [Times: user=0.34 sys=0.00, real=0.04 secs] 
29435.963: [GC 29435.964: [ParNew: 2302818K->47962K(2534400K), 0.0492160 secs] 6454065K->4199764K(10982400K), 0.0501470 secs] [Times: user=0.33 sys=0.00, real=0.05 secs] 
29437.875: [GC 29437.875: [ParNew: 2300762K->41538K(2534400K), 0.0438220 secs] 6452564K->4194380K(10982400K), 0.0446110 secs] [Times: user=0.38 sys=0.00, real=0.04 secs] 
29439.435: [GC 29439.436: [ParNew: 2294338K->48966K(2534400K), 0.0363620 secs] 6447180K->4203412K(10982400K), 0.0371570 secs] [Times: user=0.37 sys=0.00, real=0.04 secs] 
29441.057: [GC 29441.057: [ParNew: 2301766K->41749K(2534400K), 0.0604290 secs] 6456212K->4199989K(10982400K), 0.0612790 secs] [Times: user=0.38 sys=0.00, real=0.06 secs] 
29442.540: [GC 29442.540: [ParNew: 2294549K->70389K(2534400K), 0.0607330 secs] 6452789K->4229873K(10982400K), 0.0615620 secs] [Times: user=0.42 sys=0.00, real=0.06 secs] 
29443.997: [GC 29443.998: [ParNew: 2323189K->41245K(2534400K), 0.0426390 secs] 6482673K->4201592K(10982400K), 0.0435290 secs] [Times: user=0.38 sys=0.01, real=0.04 secs] 
29445.455: [GC 29445.455: [ParNew: 2294045K->53444K(2534400K), 0.0343540 secs] 6454392K->4215065K(10982400K), 0.0351500 secs] [Times: user=0.37 sys=0.00, real=0.03 secs] 
29447.337: [GC 29447.338: [ParNew: 2306244K->47299K(2534400K), 0.0440610 secs] 6467865K->4210233K(10982400K), 0.0449180 secs] [Times: user=0.39 sys=0.00, real=0.04 secs] 
29449.288: [GC 29449.288: [ParNew: 2300099K->38810K(2534400K), 0.0432150 secs] 6463033K->4203979K(10982400K), 0.0439950 secs] [Times: user=0.35 sys=0.00, real=0.04 secs] 
29450.887: [GC 29450.888: [ParNew: 2291610K->42088K(2534400K), 0.0379150 secs] 6456779K->4208372K(10982400K), 0.0387790 secs] [Times: user=0.34 sys=0.01, real=0.04 secs] 
29451.834: [GC 29451.834: [ParNew: 2294888K->67540K(2534400K), 0.0308210 secs] 6461172K->4234484K(10982400K), 0.0316690 secs] [Times: user=0.39 sys=0.00, real=0.04 secs] 
29453.010: [GC 29453.011: [ParNew: 2320340K->63876K(2534400K), 0.0360280 secs] 6487284K->4232967K(10982400K), 0.0368510 secs] [Times: user=0.40 sys=0.00, real=0.04 secs] 
29454.377: [GC 29454.377: [ParNew: 2316676K->48971K(2534400K), 0.0392210 secs] 6485767K->4219432K(10982400K), 0.0399890 secs] [Times: user=0.35 sys=0.01, real=0.04 secs] 
29456.128: [GC 29456.129: [ParNew: 2301771K->61535K(2534400K), 0.0519210 secs] 6472232K->4233809K(10982400K), 0.0526770 secs] [Times: user=0.53 sys=0.00, real=0.05 secs] 
29457.477: [GC 29457.478: [ParNew: 2314335K->60115K(2534400K), 0.0346920 secs] 6486609K->4232894K(10982400K), 0.0355440 secs] [Times: user=0.39 sys=0.01, real=0.03 secs] 
29459.319: [GC 29459.320: [ParNew: 2312915K->101366K(2534400K), 0.0536020 secs] 6485694K->4274737K(10982400K), 0.0542580 secs] [Times: user=0.59 sys=0.00, real=0.05 secs] 
29460.748: [GC 29460.748: [ParNew: 2354166K->83573K(2534400K), 0.0391390 secs] 6527537K->4257870K(10982400K), 0.0398000 secs] [Times: user=0.43 sys=0.00, real=0.04 secs] 
29462.606: [GC 29462.607: [ParNew: 2336373K->67825K(2534400K), 0.0439580 secs] 6510670K->4243793K(10982400K), 0.0446310 secs] [Times: user=0.40 sys=0.00, real=0.05 secs] 
29464.522: [GC 29464.523: [ParNew: 2320625K->51861K(2534400K), 0.0407370 secs] 6496593K->4228190K(10982400K), 0.0415100 secs] [Times: user=0.34 sys=0.01, real=0.04 secs] 
29466.636: [GC 29466.637: [ParNew: 2304661K->35640K(2534400K), 0.0403690 secs] 6480990K->4213292K(10982400K), 0.0410400 secs] [Times: user=0.33 sys=0.00, real=0.05 secs] 
29468.198: [GC 29468.198: [ParNew: 2288440K->59192K(2534400K), 0.0390110 secs] 6466092K->4238674K(10982400K), 0.0396570 secs] [Times: user=0.42 sys=0.01, real=0.04 secs] 
29469.943: [GC 29469.943: [ParNew: 2311992K->55960K(2534400K), 0.0418680 secs] 6491474K->4236200K(10982400K), 0.0425040 secs] [Times: user=0.43 sys=0.00, real=0.04 secs] 
29471.676: [GC 29471.677: [ParNew: 2308760K->73147K(2534400K), 0.0410220 secs] 6489000K->4254386K(10982400K), 0.0416700 secs] [Times: user=0.41 sys=0.00, real=0.05 secs] 
29473.330: [GC 29473.330: [ParNew: 2325947K->53724K(2534400K), 0.0417200 secs] 6507186K->4236446K(10982400K), 0.0423750 secs] [Times: user=0.32 sys=0.01, real=0.04 secs] 
29475.303: [GC 29475.303: [ParNew: 2306524K->48892K(2534400K), 0.0403320 secs] 6489246K->4232580K(10982400K), 0.0410100 secs] [Times: user=0.37 sys=0.01, real=0.04 secs] 
29476.891: [GC 29476.892: [ParNew: 2301692K->123853K(2534400K), 0.0546000 secs] 6485380K->4308920K(10982400K), 0.0552830 secs] [Times: user=0.73 sys=0.00, real=0.05 secs] 
29478.726: [GC 29478.726: [ParNew: 2376668K->93423K(2534400K), 0.0453010 secs] 6561735K->4280246K(10982400K), 0.0459420 secs] [Times: user=0.36 sys=0.01, real=0.05 secs] 
29478.776: [GC 29478.776: [ParNew: 96115K->47824K(2534400K), 0.0169490 secs] 4282938K->4235764K(10982400K), 0.0176380 secs] [Times: user=0.32 sys=0.00, real=0.02 secs] 
29480.492: [GC 29480.492: [ParNew: 2300624K->63579K(2534400K), 0.0404010 secs] 6488564K->4253036K(10982400K), 0.0411570 secs] [Times: user=0.40 sys=0.01, real=0.04 secs] 
29481.993: [GC 29481.993: [ParNew: 2316379K->43251K(2534400K), 0.0357570 secs] 6505836K->4234186K(10982400K), 0.0365020 secs] [Times: user=0.32 sys=0.01, real=0.04 secs] 
29484.023: [GC 29484.023: [ParNew: 2296051K->78483K(2534400K), 0.0488960 secs] 6486986K->4271670K(10982400K), 0.0496450 secs] [Times: user=0.52 sys=0.00, real=0.05 secs] 
29485.522: [GC 29485.522: [ParNew: 2331283K->101660K(2534400K), 0.0462680 secs] 6524470K->4294848K(10982400K), 0.0470880 secs] [Times: user=0.50 sys=0.00, real=0.04 secs] 
29487.244: [GC 29487.245: [ParNew: 2354460K->66722K(2534400K), 0.0406180 secs] 6547648K->4262639K(10982400K), 0.0413810 secs] [Times: user=0.33 sys=0.00, real=0.04 secs] 
29488.745: [GC 29488.745: [ParNew: 2319522K->75496K(2534400K), 0.0426620 secs] 6515439K->4271840K(10982400K), 0.0434100 secs] [Times: user=0.43 sys=0.00, real=0.04 secs] 
29491.665: [GC 29491.665: [ParNew: 2328278K->88753K(2534400K), 0.0614650 secs] 6524621K->4290014K(10982400K), 0.0623830 secs] [Times: user=0.40 sys=0.00, real=0.06 secs] 
29494.183: [GC 29494.183: [ParNew: 2341553K->62490K(2534400K), 0.0494150 secs] 6542814K->4264250K(10982400K), 0.0501750 secs] [Times: user=0.36 sys=0.00, real=0.05 secs] 
29497.221: [GC 29497.222: [ParNew: 2315290K->102015K(2534400K), 0.0882070 secs] 6517050K->4307429K(10982400K), 0.0891140 secs] [Times: user=0.44 sys=0.00, real=0.09 secs] 
29499.606: [GC 29499.606: [ParNew: 2354815K->91993K(2534400K), 0.0514850 secs] 6560229K->4300770K(10982400K), 0.0522520 secs] [Times: user=0.44 sys=0.00, real=0.05 secs] 
29501.710: [GC 29501.711: [ParNew: 2344793K->143601K(2534400K), 0.0809720 secs] 6553570K->4354163K(10982400K), 0.0818930 secs] [Times: user=0.67 sys=0.00, real=0.08 secs] 
29503.169: [GC 29503.170: [ParNew: 2396401K->113821K(2534400K), 0.0635560 secs] 6606963K->4325805K(10982400K), 0.0643180 secs] [Times: user=0.47 sys=0.01, real=0.07 secs] 
29505.662: [GC 29505.662: [ParNew: 2366621K->103524K(2534400K), 0.0973640 secs] 6578605K->4329257K(10982400K), 0.0983330 secs] [Times: user=0.55 sys=0.01, real=0.10 secs] 
29507.530: [GC 29507.530: [ParNew: 2356324K->93665K(2534400K), 0.0672360 secs] 6582057K->4323679K(10982400K), 0.0681370 secs] [Times: user=0.44 sys=0.00, real=0.07 secs] 
29509.742: [GC 29509.742: [ParNew: 2346465K->136123K(2534400K), 0.0827530 secs] 6576479K->4367662K(10982400K), 0.0835130 secs] [Times: user=0.59 sys=0.01, real=0.09 secs] 
29511.227: [GC 29511.228: [ParNew: 2388923K->85831K(2534400K), 0.0611880 secs] 6620462K->4327850K(10982400K), 0.0619450 secs] [Times: user=0.51 sys=0.00, real=0.06 secs] 
29513.039: [GC 29513.039: [ParNew: 2338631K->69548K(2534400K), 0.0497750 secs] 6580650K->4313013K(10982400K), 0.0506630 secs] [Times: user=0.44 sys=0.00, real=0.05 secs] 
29514.692: [GC 29514.693: [ParNew: 2322360K->134145K(2534400K), 0.0748320 secs] 6565825K->4378648K(10982400K), 0.0756790 secs] [Times: user=0.70 sys=0.00, real=0.08 secs] 
29514.771: [GC 29514.772: [ParNew: 134830K->154899K(2534400K), 0.0288590 secs] 4379334K->4402427K(10982400K), 0.0294800 secs] [Times: user=0.57 sys=0.00, real=0.03 secs] 
29516.249: [GC 29516.249: [ParNew: 2407699K->132657K(2534400K), 0.0684430 secs] 6655227K->4383058K(10982400K), 0.0693490 secs] [Times: user=0.42 sys=0.00, real=0.07 secs] 
29517.803: [GC 29517.804: [ParNew: 2385457K->64599K(2534400K), 0.0668220 secs] 6635858K->4318738K(10982400K), 0.0678580 secs] [Times: user=0.36 sys=0.00, real=0.07 secs] 
29519.263: [GC 29519.264: [ParNew: 2317399K->88513K(2534400K), 0.0840310 secs] 6571538K->4347225K(10982400K), 0.0848100 secs] [Times: user=0.48 sys=0.00, real=0.09 secs] 
29520.438: [GC 29520.439: [ParNew: 2341313K->173146K(2534400K), 0.0923830 secs] 6600025K->4431859K(10982400K), 0.0934040 secs] [Times: user=0.80 sys=0.00, real=0.09 secs] 
29521.835: [GC 29521.835: [ParNew: 2425946K->133488K(2534400K), 0.0868060 secs] 6684659K->4404457K(10982400K), 0.0876770 secs] [Times: user=0.59 sys=0.00, real=0.09 secs] 
29523.496: [GC 29523.496: [ParNew: 2386288K->83886K(2534400K), 0.0702210 secs] 6657257K->4354855K(10982400K), 0.0709980 secs] [Times: user=0.39 sys=0.00, real=0.07 secs] 
29524.975: [GC 29524.976: [ParNew: 2336956K->89201K(2534400K), 0.0631590 secs] 6607925K->4360169K(10982400K), 0.0639020 secs] [Times: user=0.51 sys=0.00, real=0.07 secs] 
29525.042: [GC 29525.042: [ParNew: 90640K->102307K(2534400K), 0.0215110 secs] 4361608K->4373275K(10982400K), 0.0220700 secs] [Times: user=0.46 sys=0.00, real=0.02 secs] 
29526.115: [GC 29526.115: [ParNew: 2355107K->119726K(2534400K), 0.0882650 secs] 6626075K->4401649K(10982400K), 0.0893240 secs] [Times: user=0.52 sys=0.01, real=0.09 secs] 
29527.445: [GC 29527.445: [ParNew: 2372526K->179112K(2534400K), 0.1453440 secs] 6654449K->4462357K(10982400K), 0.1461200 secs] [Times: user=0.46 sys=0.01, real=0.15 secs] 
29528.532: [GC 29528.533: [ParNew: 2431912K->124690K(2534400K), 0.0971720 secs] 6715157K->4417986K(10982400K), 0.0979440 secs] [Times: user=0.53 sys=0.01, real=0.10 secs] 
29530.075: [GC 29530.076: [ParNew: 2377490K->108970K(2534400K), 0.0975530 secs] 6670786K->4402266K(10982400K), 0.0984810 secs] [Times: user=0.39 sys=0.00, real=0.10 secs] 
29531.528: [GC 29531.529: [ParNew: 2361770K->88599K(2534400K), 0.0866360 secs] 6655066K->4381895K(10982400K), 0.0875580 secs] [Times: user=0.45 sys=0.01, real=0.08 secs] 
29533.809: [GC 29533.810: [ParNew: 2341399K->136691K(2534400K), 0.1335880 secs] 6634695K->4429987K(10982400K), 0.1344840 secs] [Times: user=0.48 sys=0.00, real=0.13 secs] 
29535.498: [GC 29535.499: [ParNew: 2389491K->118263K(2534400K), 0.1156440 secs] 6682787K->4414805K(10982400K), 0.1165450 secs] [Times: user=0.43 sys=0.01, real=0.11 secs] 
29537.254: [GC 29537.254: [ParNew: 2371062K->79650K(2534400K), 0.0696530 secs] 6667603K->4377053K(10982400K), 0.0704150 secs] [Times: user=0.44 sys=0.00, real=0.07 secs] 
29538.529: [GC 29538.530: [ParNew: 2332450K->144559K(2534400K), 0.1038960 secs] 6629853K->4445921K(10982400K), 0.1046400 secs] [Times: user=0.63 sys=0.00, real=0.10 secs] 
29539.787: [GC 29539.788: [ParNew: 2397359K->101984K(2534400K), 0.0743100 secs] 6698721K->4404117K(10982400K), 0.0752080 secs] [Times: user=0.40 sys=0.00, real=0.08 secs] 
29541.073: [GC 29541.073: [ParNew: 2354784K->102335K(2534400K), 0.0679090 secs] 6656917K->4407152K(10982400K), 0.0687780 secs] [Times: user=0.49 sys=0.00, real=0.07 secs] 
29542.245: [GC 29542.245: [ParNew: 2355135K->135288K(2534400K), 0.0812570 secs] 6659952K->4442146K(10982400K), 0.0821400 secs] [Times: user=0.46 sys=0.00, real=0.08 secs] 
29543.406: [GC 29543.406: [ParNew: 2388088K->110214K(2534400K), 0.0663080 secs] 6694946K->4421533K(10982400K), 0.0670790 secs] [Times: user=0.52 sys=0.00, real=0.07 secs] 
29545.037: [GC 29545.037: [ParNew: 2363014K->64149K(2534400K), 0.0452160 secs] 6674333K->4380771K(10982400K), 0.0459760 secs] [Times: user=0.36 sys=0.00, real=0.05 secs] 
29546.093: [GC 29546.094: [ParNew: 2316949K->27672K(2534400K), 0.0306680 secs] 6633571K->4345434K(10982400K), 0.0314010 secs] [Times: user=0.32 sys=0.00, real=0.03 secs] 
29548.239: [GC 29548.239: [ParNew: 2280472K->54093K(2534400K), 0.0462660 secs] 6598234K->4372738K(10982400K), 0.0471410 secs] [Times: user=0.40 sys=0.00, real=0.05 secs] 
29549.658: [GC 29549.659: [ParNew: 2306893K->48443K(2534400K), 0.0397960 secs] 6625538K->4367895K(10982400K), 0.0405440 secs] [Times: user=0.38 sys=0.00, real=0.04 secs] 
29551.693: [GC 29551.694: [ParNew: 2301243K->63501K(2534400K), 0.0472980 secs] 6620695K->4383523K(10982400K), 0.0480590 secs] [Times: user=0.46 sys=0.00, real=0.05 secs] 
29553.724: [GC 29553.724: [ParNew: 2316301K->45863K(2534400K), 0.0488490 secs] 6636323K->4367981K(10982400K), 0.0497360 secs] [Times: user=0.39 sys=0.00, real=0.05 secs] 
29555.747: [GC 29555.747: [ParNew: 2298663K->61461K(2534400K), 0.0478250 secs] 6620781K->4384696K(10982400K), 0.0486870 secs] [Times: user=0.41 sys=0.00, real=0.05 secs] 
29557.539: [GC 29557.540: [ParNew: 2314261K->72665K(2534400K), 0.0492320 secs] 6637496K->4399337K(10982400K), 0.0499820 secs] [Times: user=0.42 sys=0.01, real=0.05 secs] 
29558.820: [GC 29558.820: [ParNew: 2325465K->48688K(2534400K), 0.0361670 secs] 6652137K->4376496K(10982400K), 0.0369040 secs] [Times: user=0.40 sys=0.00, real=0.04 secs] 
29560.541: [GC 29560.542: [ParNew: 2301488K->54039K(2534400K), 0.0430920 secs] 6629296K->4382663K(10982400K), 0.0438430 secs] [Times: user=0.40 sys=0.00, real=0.04 secs] 
29561.639: [GC 29561.640: [ParNew: 2306839K->106673K(2534400K), 0.0666020 secs] 6635463K->4442107K(10982400K), 0.0674640 secs] [Times: user=0.80 sys=0.00, real=0.07 secs] 
29563.223: [GC 29563.223: [ParNew: 2359473K->105917K(2534400K), 0.0728680 secs] 6694907K->4444484K(10982400K), 0.0737560 secs] [Times: user=0.41 sys=0.01, real=0.07 secs] 
29564.465: [GC 29564.466: [ParNew: 2358717K->85137K(2534400K), 0.0545160 secs] 6697284K->4424505K(10982400K), 0.0553750 secs] [Times: user=0.48 sys=0.01, real=0.05 secs] 
29565.925: [GC 29565.926: [ParNew: 2337937K->92966K(2534400K), 0.0648540 secs] 6677305K->4432858K(10982400K), 0.0657170 secs] [Times: user=0.46 sys=0.00, real=0.06 secs] 
29567.080: [GC 29567.080: [ParNew: 2346010K->118267K(2534400K), 0.0677540 secs] 6685901K->4464897K(10982400K), 0.0684750 secs] [Times: user=0.63 sys=0.01, real=0.07 secs] 
29568.539: [GC 29568.539: [ParNew: 2371067K->83595K(2534400K), 0.0520680 secs] 6717697K->4436218K(10982400K), 0.0528270 secs] [Times: user=0.45 sys=0.00, real=0.05 secs] 
29569.652: [GC 29569.653: [ParNew: 2336395K->93474K(2534400K), 0.0407290 secs] 6689018K->4447145K(10982400K), 0.0414630 secs] [Times: user=0.52 sys=0.00, real=0.05 secs] 
29571.378: [GC 29571.379: [ParNew: 2346274K->71066K(2534400K), 0.0442790 secs] 6699945K->4425700K(10982400K), 0.0450210 secs] [Times: user=0.45 sys=0.00, real=0.05 secs] 
29572.851: [GC 29572.851: [ParNew: 2323866K->90466K(2534400K), 0.0580400 secs] 6678500K->4456464K(10982400K), 0.0587760 secs] [Times: user=0.69 sys=0.00, real=0.06 secs] 
29573.775: [GC 29573.776: [ParNew: 2343264K->63782K(2534400K), 0.0358850 secs] 6709262K->4431380K(10982400K), 0.0367600 secs] [Times: user=0.37 sys=0.01, real=0.03 secs] 
29575.270: [GC 29575.270: [ParNew: 2316582K->45456K(2534400K), 0.0464470 secs] 6684180K->4415659K(10982400K), 0.0471970 secs] [Times: user=0.41 sys=0.00, real=0.05 secs] 
29577.121: [GC 29577.121: [ParNew: 2298256K->35182K(2534400K), 0.0450100 secs] 6668459K->4406879K(10982400K), 0.0458820 secs] [Times: user=0.38 sys=0.00, real=0.05 secs] 
29579.034: [GC 29579.035: [ParNew: 2287982K->54950K(2534400K), 0.0422190 secs] 6659679K->4427267K(10982400K), 0.0429720 secs] [Times: user=0.38 sys=0.00, real=0.04 secs] 
29581.209: [GC 29581.209: [ParNew: 2307750K->51710K(2534400K), 0.0422880 secs] 6680067K->4424760K(10982400K), 0.0430440 secs] [Times: user=0.36 sys=0.00, real=0.04 secs] 
29583.244: [GC 29583.245: [ParNew: 2304510K->41602K(2534400K), 0.0443150 secs] 6677560K->4416318K(10982400K), 0.0452030 secs] [Times: user=0.36 sys=0.01, real=0.05 secs] 
29585.145: [GC 29585.145: [ParNew: 2294402K->77923K(2534400K), 0.0510780 secs] 6669118K->4454312K(10982400K), 0.0519430 secs] [Times: user=0.48 sys=0.00, real=0.05 secs] 
29586.974: [GC 29586.975: [ParNew: 2330723K->73591K(2534400K), 0.0724980 secs] 6707112K->4458350K(10982400K), 0.0734840 secs] [Times: user=0.54 sys=0.01, real=0.08 secs] 
29588.845: [GC 29588.845: [ParNew: 2326391K->78760K(2534400K), 0.0501570 secs] 6711150K->4464988K(10982400K), 0.0510580 secs] [Times: user=0.45 sys=0.00, real=0.06 secs] 
29590.466: [GC 29590.467: [ParNew: 2331560K->56246K(2534400K), 0.0438710 secs] 6717788K->4443619K(10982400K), 0.0447540 secs] [Times: user=0.36 sys=0.00, real=0.04 secs] 
29592.688: [GC 29592.688: [ParNew: 2309046K->39392K(2534400K), 0.0514150 secs] 6696419K->4427909K(10982400K), 0.0523030 secs] [Times: user=0.39 sys=0.00, real=0.05 secs] 
29594.685: [GC 29594.686: [ParNew: 2292192K->41514K(2534400K), 0.0560260 secs] 6680709K->4436300K(10982400K), 0.0569230 secs] [Times: user=0.40 sys=0.00, real=0.06 secs] 
29596.771: [GC 29596.771: [ParNew: 2294314K->32450K(2534400K), 0.0476330 secs] 6689100K->4428348K(10982400K), 0.0484010 secs] [Times: user=0.35 sys=0.01, real=0.05 secs] 
29598.464: [GC 29598.464: [ParNew: 2285250K->37836K(2534400K), 0.0442400 secs] 6681148K->4434783K(10982400K), 0.0450100 secs] [Times: user=0.35 sys=0.00, real=0.05 secs] 
29600.517: [GC 29600.518: [ParNew: 2290636K->62844K(2534400K), 0.0478820 secs] 6687583K->4460588K(10982400K), 0.0486510 secs] [Times: user=0.41 sys=0.00, real=0.05 secs] 
29601.304: [GC 29601.304: [ParNew: 2315644K->96310K(2534400K), 0.0390000 secs] 6713388K->4495155K(10982400K), 0.0398630 secs] [Times: user=0.53 sys=0.01, real=0.04 secs] 
29602.192: [GC 29602.192: [ParNew: 2349110K->69776K(2534400K), 0.0343510 secs] 6747955K->4469604K(10982400K), 0.0351920 secs] [Times: user=0.36 sys=0.00, real=0.03 secs] 
29603.919: [GC 29603.920: [ParNew: 2322576K->36936K(2534400K), 0.0413070 secs] 6722404K->4437529K(10982400K), 0.0422310 secs] [Times: user=0.38 sys=0.00, real=0.04 secs] 
29605.837: [GC 29605.838: [ParNew: 2289736K->33165K(2534400K), 0.0486650 secs] 6690329K->4436594K(10982400K), 0.0495650 secs] [Times: user=0.31 sys=0.00, real=0.05 secs] 
29607.597: [GC 29607.598: [ParNew: 2285965K->68666K(2534400K), 0.0454280 secs] 6689394K->4472521K(10982400K), 0.0462040 secs] [Times: user=0.48 sys=0.01, real=0.05 secs] 
29608.853: [GC 29608.854: [ParNew: 2321466K->91652K(2534400K), 0.0451390 secs] 6725321K->4497271K(10982400K), 0.0459080 secs] [Times: user=0.49 sys=0.00, real=0.05 secs] 
29610.416: [GC 29610.416: [ParNew: 2344452K->60725K(2534400K), 0.0409850 secs] 6750071K->4467103K(10982400K), 0.0417520 secs] [Times: user=0.36 sys=0.01, real=0.04 secs] 
29612.219: [GC 29612.219: [ParNew: 2313525K->63968K(2534400K), 0.0453970 secs] 6719903K->4471264K(10982400K), 0.0461730 secs] [Times: user=0.43 sys=0.00, real=0.04 secs] 
29613.589: [GC 29613.589: [ParNew: 2316768K->53300K(2534400K), 0.0416480 secs] 6724064K->4461648K(10982400K), 0.0424910 secs] [Times: user=0.41 sys=0.00, real=0.05 secs] 
29614.531: [GC 29614.532: [ParNew: 2306100K->72505K(2534400K), 0.0364010 secs] 6714448K->4481702K(10982400K), 0.0372490 secs] [Times: user=0.47 sys=0.01, real=0.03 secs] 
29615.664: [GC 29615.665: [ParNew: 2325305K->93556K(2534400K), 0.0426550 secs] 6734502K->4505576K(10982400K), 0.0436220 secs] [Times: user=0.47 sys=0.01, real=0.04 secs] 
29617.515: [GC 29617.516: [ParNew: 2346356K->66325K(2534400K), 0.0525190 secs] 6758376K->4487310K(10982400K), 0.0534170 secs] [Times: user=0.31 sys=0.00, real=0.05 secs] 
29619.556: [GC 29619.556: [ParNew: 2319125K->35545K(2534400K), 0.0514500 secs] 6740110K->4459421K(10982400K), 0.0523710 secs] [Times: user=0.35 sys=0.01, real=0.05 secs] 
29621.736: [GC 29621.736: [ParNew: 2288345K->67012K(2534400K), 0.0615040 secs] 6712221K->4491315K(10982400K), 0.0622940 secs] [Times: user=0.64 sys=0.01, real=0.06 secs] 
29623.423: [GC 29623.424: [ParNew: 2319812K->50058K(2534400K), 0.0388370 secs] 6744115K->4475839K(10982400K), 0.0396030 secs] [Times: user=0.35 sys=0.01, real=0.04 secs] 
29624.969: [GC 29624.970: [ParNew: 2302858K->75543K(2534400K), 0.0462200 secs] 6728639K->4503687K(10982400K), 0.0470730 secs] [Times: user=0.51 sys=0.00, real=0.05 secs] 
29626.352: [GC 29626.353: [ParNew: 2328343K->68585K(2534400K), 0.0404380 secs] 6756487K->4499454K(10982400K), 0.0412060 secs] [Times: user=0.41 sys=0.01, real=0.04 secs] 
29627.242: [GC 29627.242: [ParNew: 2321385K->70036K(2534400K), 0.0407020 secs] 6752254K->4502627K(10982400K), 0.0415530 secs] [Times: user=0.41 sys=0.00, real=0.04 secs] 
29628.494: [GC 29628.495: [ParNew: 2322836K->96280K(2534400K), 0.0536100 secs] 6755427K->4529734K(10982400K), 0.0543660 secs] [Times: user=0.44 sys=0.00, real=0.05 secs] 
29629.842: [GC 29629.843: [ParNew: 2349080K->132662K(2534400K), 0.0684920 secs] 6782534K->4567350K(10982400K), 0.0692790 secs] [Times: user=0.80 sys=0.01, real=0.07 secs] 
29631.224: [GC 29631.224: [ParNew: 2385459K->100745K(2534400K), 0.0457640 secs] 6820148K->4536452K(10982400K), 0.0466800 secs] [Times: user=0.37 sys=0.01, real=0.04 secs] 
29632.865: [GC 29632.866: [ParNew: 2353545K->89614K(2534400K), 0.0525880 secs] 6789252K->4531620K(10982400K), 0.0534740 secs] [Times: user=0.57 sys=0.01, real=0.05 secs] 
29634.712: [GC 29634.712: [ParNew: 2342414K->115450K(2534400K), 0.0597180 secs] 6784420K->4561751K(10982400K), 0.0605040 secs] [Times: user=0.61 sys=0.00, real=0.06 secs] 
29635.912: [GC 29635.913: [ParNew: 2368250K->109515K(2534400K), 0.0547790 secs] 6814551K->4558461K(10982400K), 0.0555410 secs] [Times: user=0.54 sys=0.01, real=0.06 secs] 
29637.397: [GC 29637.397: [ParNew: 2357599K->85667K(2534400K), 0.0466860 secs] 6806545K->4538631K(10982400K), 0.0474540 secs] [Times: user=0.46 sys=0.00, real=0.05 secs] 
29639.033: [GC 29639.034: [ParNew: 2338467K->61249K(2534400K), 0.0509040 secs] 6791431K->4516184K(10982400K), 0.0516760 secs] [Times: user=0.34 sys=0.00, real=0.05 secs] 
29640.311: [GC 29640.311: [ParNew: 2314049K->125972K(2534400K), 0.0815490 secs] 6768984K->4583324K(10982400K), 0.0824200 secs] [Times: user=0.58 sys=0.01, real=0.08 secs] 
29641.761: [GC 29641.761: [ParNew: 2378772K->68653K(2534400K), 0.0455930 secs] 6836124K->4528110K(10982400K), 0.0463970 secs] [Times: user=0.35 sys=0.01, real=0.05 secs] 
29643.480: [GC 29643.480: [ParNew: 2321453K->52865K(2534400K), 0.0394990 secs] 6780910K->4513744K(10982400K), 0.0402590 secs] [Times: user=0.38 sys=0.00, real=0.04 secs] 
29645.093: [GC 29645.093: [ParNew: 2305665K->58973K(2534400K), 0.0415070 secs] 6766544K->4521179K(10982400K), 0.0422570 secs] [Times: user=0.44 sys=0.00, real=0.05 secs] 
29647.006: [GC 29647.006: [ParNew: 2311773K->73698K(2534400K), 0.0473640 secs] 6773979K->4537681K(10982400K), 0.0481550 secs] [Times: user=0.44 sys=0.01, real=0.04 secs] 
29648.961: [GC 29648.961: [ParNew: 2326498K->53107K(2534400K), 0.0442830 secs] 6790481K->4517507K(10982400K), 0.0451900 secs] [Times: user=0.29 sys=0.00, real=0.05 secs] 
29650.676: [GC 29650.676: [ParNew: 2305907K->66716K(2534400K), 0.0429750 secs] 6770307K->4531847K(10982400K), 0.0438160 secs] [Times: user=0.41 sys=0.01, real=0.04 secs] 
29652.547: [GC 29652.548: [ParNew: 2319516K->50607K(2534400K), 0.0430580 secs] 6784647K->4517075K(10982400K), 0.0439410 secs] [Times: user=0.32 sys=0.01, real=0.04 secs] 
29654.158: [GC 29654.158: [ParNew: 2303407K->40969K(2534400K), 0.0404350 secs] 6769875K->4508484K(10982400K), 0.0413190 secs] [Times: user=0.34 sys=0.00, real=0.04 secs] 
29655.931: [GC 29655.931: [ParNew: 2293769K->73283K(2534400K), 0.0439590 secs] 6761284K->4542136K(10982400K), 0.0448280 secs] [Times: user=0.43 sys=0.00, real=0.05 secs] 
29657.743: [GC 29657.743: [ParNew: 2326083K->84728K(2534400K), 0.0466800 secs] 6794936K->4554750K(10982400K), 0.0475370 secs] [Times: user=0.43 sys=0.00, real=0.05 secs] 
29659.771: [GC 29659.771: [ParNew: 2337528K->58004K(2534400K), 0.0450210 secs] 6807550K->4529435K(10982400K), 0.0458800 secs] [Times: user=0.36 sys=0.01, real=0.05 secs] 
29661.938: [GC 29661.938: [ParNew: 2310804K->68335K(2534400K), 0.0455930 secs] 6782235K->4540937K(10982400K), 0.0463510 secs] [Times: user=0.41 sys=0.00, real=0.04 secs] 
29663.881: [GC 29663.881: [ParNew: 2321135K->50020K(2534400K), 0.0532170 secs] 6793737K->4524601K(10982400K), 0.0541260 secs] [Times: user=0.48 sys=0.00, real=0.05 secs] 
29665.520: [GC 29665.521: [ParNew: 2302820K->66611K(2534400K), 0.0420870 secs] 6777401K->4542784K(10982400K), 0.0428540 secs] [Times: user=0.43 sys=0.00, real=0.04 secs] 
29667.142: [GC 29667.143: [ParNew: 2317479K->51080K(2534400K), 0.0416460 secs] 6793652K->4528541K(10982400K), 0.0424700 secs] [Times: user=0.41 sys=0.00, real=0.04 secs] 
29668.411: [GC 29668.412: [ParNew: 2303880K->88359K(2534400K), 0.0451210 secs] 6781341K->4567821K(10982400K), 0.0458880 secs] [Times: user=0.58 sys=0.00, real=0.04 secs] 
29670.072: [GC 29670.072: [ParNew: 2341159K->69595K(2534400K), 0.0449160 secs] 6820621K->4553839K(10982400K), 0.0456730 secs] [Times: user=0.38 sys=0.00, real=0.05 secs] 
29671.486: [GC 29671.487: [ParNew: 2322395K->35510K(2534400K), 0.0377300 secs] 6806639K->4520854K(10982400K), 0.0387120 secs] [Times: user=0.34 sys=0.00, real=0.04 secs] 
29673.411: [GC 29673.412: [ParNew: 2288310K->33803K(2534400K), 0.0428990 secs] 6773654K->4523983K(10982400K), 0.0436550 secs] [Times: user=0.33 sys=0.01, real=0.04 secs] 
29675.202: [GC 29675.202: [ParNew: 2286603K->67254K(2534400K), 0.0440710 secs] 6776783K->4558305K(10982400K), 0.0448560 secs] [Times: user=0.44 sys=0.00, real=0.04 secs] 
29676.932: [GC 29676.932: [ParNew: 2320054K->52245K(2534400K), 0.0431600 secs] 6811105K->4544646K(10982400K), 0.0440330 secs] [Times: user=0.38 sys=0.00, real=0.04 secs] 
29678.637: [GC 29678.638: [ParNew: 2305045K->39867K(2534400K), 0.0409240 secs] 6797446K->4532793K(10982400K), 0.0417790 secs] [Times: user=0.32 sys=0.00, real=0.05 secs] 
29680.366: [GC 29680.366: [ParNew: 2292667K->69303K(2534400K), 0.0488170 secs] 6785593K->4563301K(10982400K), 0.0496830 secs] [Times: user=0.53 sys=0.01, real=0.05 secs] 
29681.931: [GC 29681.931: [ParNew: 2322103K->67994K(2534400K), 0.0459570 secs] 6816101K->4563289K(10982400K), 0.0468300 secs] [Times: user=0.46 sys=0.01, real=0.04 secs] 
29683.887: [GC 29683.888: [ParNew: 2320794K->52827K(2534400K), 0.0448380 secs] 6816089K->4549090K(10982400K), 0.0457210 secs] [Times: user=0.40 sys=0.00, real=0.05 secs] 
29685.825: [GC 29685.825: [ParNew: 2305627K->72839K(2534400K), 0.0453370 secs] 6801890K->4570001K(10982400K), 0.0461070 secs] [Times: user=0.43 sys=0.01, real=0.05 secs] 
29687.537: [GC 29687.538: [ParNew: 2325639K->63018K(2534400K), 0.0505220 secs] 6822801K->4561157K(10982400K), 0.0512810 secs] [Times: user=0.43 sys=0.00, real=0.05 secs] 
29689.052: [GC 29689.052: [ParNew: 2315818K->72914K(2534400K), 0.0433240 secs] 6813957K->4571605K(10982400K), 0.0440960 secs] [Times: user=0.41 sys=0.00, real=0.04 secs] 
29690.769: [GC 29690.770: [ParNew: 2325714K->49598K(2534400K), 0.0404330 secs] 6824405K->4549051K(10982400K), 0.0412210 secs] [Times: user=0.37 sys=0.00, real=0.04 secs] 
29692.582: [GC 29692.583: [ParNew: 2302398K->35320K(2534400K), 0.0436700 secs] 6801851K->4537157K(10982400K), 0.0445460 secs] [Times: user=0.34 sys=0.00, real=0.04 secs] 
29694.041: [GC 29694.042: [ParNew: 2288120K->58676K(2534400K), 0.0602420 secs] 6789957K->4561808K(10982400K), 0.0610850 secs] [Times: user=0.37 sys=0.01, real=0.07 secs] 
29695.592: [GC 29695.593: [ParNew: 2311476K->58025K(2534400K), 0.0584810 secs] 6814608K->4561890K(10982400K), 0.0594210 secs] [Times: user=0.37 sys=0.01, real=0.06 secs] 
29697.295: [GC 29697.295: [ParNew: 2310825K->44688K(2534400K), 0.0562660 secs] 6814690K->4550768K(10982400K), 0.0570940 secs] [Times: user=0.47 sys=0.00, real=0.06 secs] 
29698.695: [GC 29698.696: [ParNew: 2297488K->60564K(2534400K), 0.0715760 secs] 6803568K->4570794K(10982400K), 0.0724760 secs] [Times: user=0.33 sys=0.01, real=0.07 secs] 
29700.935: [GC 29700.935: [ParNew: 2313364K->74466K(2534400K), 0.0599170 secs] 6823594K->4586268K(10982400K), 0.0608260 secs] [Times: user=0.44 sys=0.00, real=0.06 secs] 
29702.948: [GC 29702.948: [ParNew: 2327266K->56019K(2534400K), 0.0482880 secs] 6839068K->4569965K(10982400K), 0.0491230 secs] [Times: user=0.41 sys=0.01, real=0.05 secs] 
29704.916: [GC 29704.917: [ParNew: 2308819K->43610K(2534400K), 0.0439590 secs] 6822765K->4558481K(10982400K), 0.0447390 secs] [Times: user=0.32 sys=0.00, real=0.04 secs] 
29706.498: [GC 29706.499: [ParNew: 2296410K->36576K(2534400K), 0.0367270 secs] 6811281K->4551833K(10982400K), 0.0374810 secs] [Times: user=0.34 sys=0.00, real=0.04 secs] 
29708.222: [GC 29708.222: [ParNew: 2289376K->52807K(2534400K), 0.0406240 secs] 6804633K->4568897K(10982400K), 0.0413830 secs] [Times: user=0.36 sys=0.00, real=0.04 secs] 
29709.555: [GC 29709.556: [ParNew: 2305593K->61734K(2534400K), 0.0405610 secs] 6821684K->4579321K(10982400K), 0.0413270 secs] [Times: user=0.38 sys=0.00, real=0.04 secs] 
29712.686: [GC 29712.687: [ParNew: 2314534K->77570K(2534400K), 0.0573440 secs] 6832121K->4597048K(10982400K), 0.0582330 secs] [Times: user=0.41 sys=0.00, real=0.06 secs] 
29714.690: [GC 29714.691: [ParNew: 2330370K->121443K(2534400K), 0.0649590 secs] 6849848K->4651554K(10982400K), 0.0658660 secs] [Times: user=0.63 sys=0.01, real=0.07 secs] 
29717.098: [GC 29717.099: [ParNew: 2374243K->107783K(2534400K), 0.0561470 secs] 6904354K->4639399K(10982400K), 0.0570630 secs] [Times: user=0.47 sys=0.00, real=0.06 secs] 
29719.228: [GC 29719.228: [ParNew: 2360583K->98553K(2534400K), 0.0560910 secs] 6892199K->4631951K(10982400K), 0.0568540 secs] [Times: user=0.48 sys=0.01, real=0.05 secs] 
29720.855: [GC 29720.855: [ParNew: 2351353K->112139K(2534400K), 0.0627790 secs] 6884751K->4670363K(10982400K), 0.0635190 secs] [Times: user=0.61 sys=0.01, real=0.07 secs] 
29723.240: [GC 29723.241: [ParNew: 2364939K->80570K(2534400K), 0.0738830 secs] 6923163K->4664242K(10982400K), 0.0747140 secs] [Times: user=0.46 sys=0.00, real=0.07 secs] 
29725.931: [GC 29725.932: [ParNew: 2333370K->83978K(2534400K), 0.0906830 secs] 6917042K->4669137K(10982400K), 0.0915670 secs] [Times: user=0.41 sys=0.01, real=0.09 secs] 
29727.791: [GC 29727.791: [ParNew: 2336778K->87740K(2534400K), 0.0756640 secs] 6921937K->4674247K(10982400K), 0.0765870 secs] [Times: user=0.43 sys=0.00, real=0.08 secs] 
29729.783: [GC 29729.783: [ParNew: 2340540K->82370K(2534400K), 0.0818900 secs] 6927047K->4670337K(10982400K), 0.0827750 secs] [Times: user=0.42 sys=0.00, real=0.08 secs] 
29731.966: [GC 29731.966: [ParNew: 2335170K->61586K(2534400K), 0.0685280 secs] 6923137K->4651013K(10982400K), 0.0693800 secs] [Times: user=0.42 sys=0.01, real=0.07 secs] 
29734.096: [GC 29734.096: [ParNew: 2314386K->71098K(2534400K), 0.0687930 secs] 6903813K->4665289K(10982400K), 0.0697020 secs] [Times: user=0.43 sys=0.01, real=0.07 secs] 
29735.574: [GC 29735.574: [ParNew: 2323898K->60490K(2534400K), 0.0524600 secs] 6918089K->4656727K(10982400K), 0.0533520 secs] [Times: user=0.44 sys=0.00, real=0.05 secs] 
29736.780: [GC 29736.781: [ParNew: 2313290K->61840K(2534400K), 0.0551810 secs] 6909527K->4660360K(10982400K), 0.0560850 secs] [Times: user=0.40 sys=0.00, real=0.05 secs] 
29737.962: [GC 29737.962: [ParNew: 2314640K->71646K(2534400K), 0.0677440 secs] 6913160K->4671785K(10982400K), 0.0686340 secs] [Times: user=0.37 sys=0.00, real=0.07 secs] 
29738.989: [GC 29738.989: [ParNew: 2324446K->56867K(2534400K), 0.0537180 secs] 6924585K->4658815K(10982400K), 0.0544940 secs] [Times: user=0.44 sys=0.00, real=0.05 secs] 
29739.964: [GC 29739.964: [ParNew: 2309703K->79090K(2534400K), 0.0724150 secs] 6911651K->4694211K(10982400K), 0.0731530 secs] [Times: user=0.45 sys=0.00, real=0.07 secs] 
29740.931: [GC 29740.932: [ParNew: 2331890K->70646K(2534400K), 0.0524390 secs] 6947011K->4686844K(10982400K), 0.0531830 secs] [Times: user=0.46 sys=0.01, real=0.05 secs] 
29741.789: [GC 29741.789: [ParNew: 2323446K->108593K(2534400K), 0.0579100 secs] 6939644K->4725606K(10982400K), 0.0586580 secs] [Times: user=0.57 sys=0.00, real=0.05 secs] 
29742.793: [GC 29742.793: [ParNew: 2361393K->89306K(2534400K), 0.0562690 secs] 6978406K->4707067K(10982400K), 0.0571760 secs] [Times: user=0.40 sys=0.00, real=0.06 secs] 
29744.897: [GC 29744.898: [ParNew: 2342106K->45086K(2534400K), 0.0476790 secs] 6959867K->4664309K(10982400K), 0.0485830 secs] [Times: user=0.42 sys=0.00, real=0.05 secs] 
29746.521: [GC 29746.522: [ParNew: 2297886K->37158K(2534400K), 0.0407730 secs] 6917109K->4657560K(10982400K), 0.0416540 secs] [Times: user=0.34 sys=0.00, real=0.04 secs] 
29749.007: [GC 29749.008: [ParNew: 2289958K->42577K(2534400K), 0.0565960 secs] 6910360K->4664653K(10982400K), 0.0574790 secs] [Times: user=0.42 sys=0.01, real=0.06 secs] 
29751.433: [GC 29751.434: [ParNew: 2295377K->47428K(2534400K), 0.0536810 secs] 6917453K->4670777K(10982400K), 0.0544540 secs] [Times: user=0.44 sys=0.00, real=0.05 secs] 
29753.496: [GC 29753.496: [ParNew: 2300228K->83047K(2534400K), 0.0493170 secs] 6923577K->4707410K(10982400K), 0.0500850 secs] [Times: user=0.50 sys=0.01, real=0.05 secs] 
29755.255: [GC 29755.256: [ParNew: 2335847K->64461K(2534400K), 0.0517920 secs] 6960210K->4690467K(10982400K), 0.0526870 secs] [Times: user=0.36 sys=0.00, real=0.05 secs] 
29756.606: [GC 29756.607: [ParNew: 2317261K->48637K(2534400K), 0.0460310 secs] 6943267K->4678318K(10982400K), 0.0467890 secs] [Times: user=0.44 sys=0.00, real=0.05 secs] 
29758.671: [GC 29758.672: [ParNew: 2301437K->47819K(2534400K), 0.0491590 secs] 6931118K->4682867K(10982400K), 0.0499220 secs] [Times: user=0.37 sys=0.00, real=0.05 secs] 
29760.863: [GC 29760.863: [ParNew: 2300619K->42945K(2534400K), 0.0509100 secs] 6935667K->4679709K(10982400K), 0.0517220 secs] [Times: user=0.37 sys=0.00, real=0.05 secs] 
29762.417: [GC 29762.417: [ParNew: 2295745K->59818K(2534400K), 0.0428010 secs] 6932509K->4697858K(10982400K), 0.0436550 secs] [Times: user=0.42 sys=0.01, real=0.04 secs] 
29764.775: [GC 29764.776: [ParNew: 2312618K->86613K(2534400K), 0.0566690 secs] 6950658K->4726458K(10982400K), 0.0574290 secs] [Times: user=0.44 sys=0.00, real=0.05 secs] 
29766.782: [GC 29766.782: [ParNew: 2339413K->63318K(2534400K), 0.0515680 secs] 6979258K->4704054K(10982400K), 0.0524440 secs] [Times: user=0.40 sys=0.01, real=0.06 secs] 
29769.381: [GC 29769.382: [ParNew: 2316118K->35160K(2534400K), 0.0677800 secs] 6956854K->4677006K(10982400K), 0.0689490 secs] [Times: user=0.42 sys=0.01, real=0.07 secs] 
29771.173: [GC 29771.174: [ParNew: 2287960K->60899K(2534400K), 0.0494820 secs] 6929806K->4704858K(10982400K), 0.0503960 secs] [Times: user=0.46 sys=0.01, real=0.05 secs] 
29773.594: [GC 29773.595: [ParNew: 2313699K->91297K(2534400K), 0.0508980 secs] 6957658K->4736163K(10982400K), 0.0517760 secs] [Times: user=0.47 sys=0.00, real=0.05 secs] 
29775.334: [GC 29775.335: [ParNew: 2344097K->72669K(2534400K), 0.0462570 secs] 6988963K->4718732K(10982400K), 0.0471120 secs] [Times: user=0.41 sys=0.00, real=0.04 secs] 
29776.961: [GC 29776.962: [ParNew: 2325469K->66132K(2534400K), 0.0477710 secs] 6971532K->4713412K(10982400K), 0.0486660 secs] [Times: user=0.46 sys=0.00, real=0.05 secs] 
29779.539: [GC 29779.540: [ParNew: 2318932K->70455K(2534400K), 0.0560990 secs] 6966212K->4719256K(10982400K), 0.0569250 secs] [Times: user=0.50 sys=0.01, real=0.06 secs] 
29781.849: [GC 29781.849: [ParNew: 2323261K->80554K(2534400K), 0.0522370 secs] 6972061K->4730739K(10982400K), 0.0529700 secs] [Times: user=0.50 sys=0.00, real=0.05 secs] 
29781.905: [GC 29781.905: [ParNew: 84203K->79393K(2534400K), 0.0222060 secs] 4734388K->4730923K(10982400K), 0.0227640 secs] [Times: user=0.44 sys=0.00, real=0.02 secs] 
29784.260: [GC 29784.261: [ParNew: 2332193K->62073K(2534400K), 0.0554180 secs] 6983723K->4715053K(10982400K), 0.0561690 secs] [Times: user=0.46 sys=0.00, real=0.06 secs] 
29786.275: [GC 29786.275: [ParNew: 2314873K->43478K(2534400K), 0.0474120 secs] 6967853K->4698987K(10982400K), 0.0481830 secs] [Times: user=0.42 sys=0.00, real=0.05 secs] 
29788.354: [GC 29788.354: [ParNew: 2296278K->64490K(2534400K), 0.0470540 secs] 6951787K->4720911K(10982400K), 0.0478150 secs] [Times: user=0.40 sys=0.00, real=0.05 secs] 
29790.760: [GC 29790.761: [ParNew: 2317290K->62160K(2534400K), 0.0480590 secs] 6973711K->4718581K(10982400K), 0.0489540 secs] [Times: user=0.35 sys=0.01, real=0.05 secs] 
29793.113: [GC 29793.113: [ParNew: 2314960K->71662K(2534400K), 0.0567020 secs] 6971381K->4730054K(10982400K), 0.0576350 secs] [Times: user=0.47 sys=0.00, real=0.06 secs] 
29795.248: [GC 29795.248: [ParNew: 2324462K->71240K(2534400K), 0.0589600 secs] 6982854K->4737385K(10982400K), 0.0598010 secs] [Times: user=0.47 sys=0.00, real=0.06 secs] 
29797.377: [GC 29797.378: [ParNew: 2324040K->103307K(2534400K), 0.0593420 secs] 6990185K->4774298K(10982400K), 0.0601110 secs] [Times: user=0.58 sys=0.01, real=0.06 secs] 
29798.825: [GC 29798.826: [ParNew: 2356107K->141519K(2534400K), 0.0652730 secs] 7027098K->4823393K(10982400K), 0.0660320 secs] [Times: user=0.77 sys=0.01, real=0.07 secs] 
29800.370: [GC 29800.370: [ParNew: 2394319K->180706K(2534400K), 0.0686410 secs] 7076193K->4863956K(10982400K), 0.0694030 secs] [Times: user=0.95 sys=0.00, real=0.07 secs] 
29801.772: [GC 29801.773: [ParNew: 2433506K->116975K(2534400K), 0.0497250 secs] 7116756K->4811486K(10982400K), 0.0505840 secs] [Times: user=0.33 sys=0.00, real=0.05 secs] 
29803.975: [GC 29803.975: [ParNew: 2369775K->42364K(2534400K), 0.0473740 secs] 7064286K->4741002K(10982400K), 0.0482600 secs] [Times: user=0.35 sys=0.00, real=0.05 secs] 
29806.440: [GC 29806.441: [ParNew: 2295164K->45135K(2534400K), 0.0465350 secs] 6993802K->4747520K(10982400K), 0.0474490 secs] [Times: user=0.34 sys=0.00, real=0.04 secs] 
29808.914: [GC 29808.914: [ParNew: 2297935K->45275K(2534400K), 0.0544980 secs] 7000320K->4750079K(10982400K), 0.0553270 secs] [Times: user=0.42 sys=0.00, real=0.06 secs] 
29811.318: [GC 29811.319: [ParNew: 2298075K->39981K(2534400K), 0.0577400 secs] 7002879K->4746372K(10982400K), 0.0586460 secs] [Times: user=0.41 sys=0.00, real=0.06 secs] 
29813.048: [GC 29813.049: [ParNew: 2292781K->35565K(2534400K), 0.0474100 secs] 6999172K->4744108K(10982400K), 0.0482850 secs] [Times: user=0.32 sys=0.00, real=0.05 secs] 
29814.871: [GC 29814.872: [ParNew: 2288365K->44022K(2534400K), 0.0556180 secs] 6996908K->4755231K(10982400K), 0.0565150 secs] [Times: user=0.33 sys=0.00, real=0.05 secs] 
29816.393: [GC 29816.394: [ParNew: 2296822K->50827K(2534400K), 0.0503780 secs] 7008031K->4764276K(10982400K), 0.0512750 secs] [Times: user=0.38 sys=0.00, real=0.05 secs] 
29817.879: [GC 29817.879: [ParNew: 2303507K->51946K(2534400K), 0.0504980 secs] 7016957K->4766327K(10982400K), 0.0513010 secs] [Times: user=0.43 sys=0.00, real=0.05 secs] 
29819.151: [GC 29819.152: [ParNew: 2304746K->54919K(2534400K), 0.0515470 secs] 7019127K->4770702K(10982400K), 0.0524150 secs] [Times: user=0.44 sys=0.01, real=0.05 secs] 
29820.395: [GC 29820.395: [ParNew: 2307719K->50352K(2534400K), 0.0504660 secs] 7023502K->4767160K(10982400K), 0.0513320 secs] [Times: user=0.44 sys=0.00, real=0.05 secs] 
29821.538: [GC 29821.538: [ParNew: 2303188K->49365K(2534400K), 0.0655390 secs] 7019996K->4779870K(10982400K), 0.0663680 secs] [Times: user=0.40 sys=0.01, real=0.07 secs] 
29821.608: [GC 29821.608: [ParNew: 49907K->36557K(2534400K), 0.0143480 secs] 4780413K->4768087K(10982400K), 0.0149190 secs] [Times: user=0.28 sys=0.00, real=0.02 secs] 
29823.063: [GC 29823.063: [ParNew: 2289357K->62845K(2534400K), 0.0524970 secs] 7020887K->4797349K(10982400K), 0.0533170 secs] [Times: user=0.48 sys=0.00, real=0.05 secs] 
29824.399: [GC 29824.400: [ParNew: 2315645K->78233K(2534400K), 0.0486330 secs] 7050149K->4813350K(10982400K), 0.0495050 secs] [Times: user=0.43 sys=0.00, real=0.05 secs] 
29825.732: [GC 29825.733: [ParNew: 2331033K->55887K(2534400K), 0.0453220 secs] 7066150K->4792356K(10982400K), 0.0462170 secs] [Times: user=0.31 sys=0.01, real=0.04 secs] 
29826.981: [GC 29826.982: [ParNew: 2308687K->34908K(2534400K), 0.0491730 secs] 7045156K->4771377K(10982400K), 0.0500160 secs] [Times: user=0.39 sys=0.00, real=0.05 secs] 
29828.318: [GC 29828.318: [ParNew: 2287708K->58537K(2534400K), 0.0584970 secs] 7024177K->4796281K(10982400K), 0.0593110 secs] [Times: user=0.41 sys=0.01, real=0.06 secs] 
29830.051: [GC 29830.052: [ParNew: 2311337K->35548K(2534400K), 0.0390400 secs] 7049081K->4774422K(10982400K), 0.0397920 secs] [Times: user=0.35 sys=0.00, real=0.04 secs] 
29832.036: [GC 29832.037: [ParNew: 2288348K->33505K(2534400K), 0.0440150 secs] 7027222K->4773316K(10982400K), 0.0447900 secs] [Times: user=0.34 sys=0.00, real=0.04 secs] 
29833.274: [GC 29833.275: [ParNew: 2286305K->60846K(2534400K), 0.0457060 secs] 7026116K->4801387K(10982400K), 0.0466100 secs] [Times: user=0.50 sys=0.00, real=0.04 secs] 
29834.396: [GC 29834.396: [ParNew: 2313661K->48761K(2534400K), 0.0384030 secs] 7054202K->4790033K(10982400K), 0.0391220 secs] [Times: user=0.33 sys=0.00, real=0.04 secs] 
29834.438: [GC 29834.438: [ParNew: 49552K->49336K(2534400K), 0.0197960 secs] 4790823K->4791455K(10982400K), 0.0203190 secs] [Times: user=0.40 sys=0.00, real=0.02 secs] 
29835.336: [GC 29835.336: [ParNew: 2302136K->59718K(2534400K), 0.0360570 secs] 7044255K->4803240K(10982400K), 0.0369160 secs] [Times: user=0.35 sys=0.00, real=0.04 secs] 
29836.241: [GC 29836.241: [ParNew: 2312518K->50331K(2534400K), 0.0386660 secs] 7056040K->4794795K(10982400K), 0.0394220 secs] [Times: user=0.45 sys=0.01, real=0.04 secs] 
29837.489: [GC 29837.489: [ParNew: 2303131K->41868K(2534400K), 0.0397850 secs] 7047595K->4788341K(10982400K), 0.0405580 secs] [Times: user=0.30 sys=0.01, real=0.04 secs] 
29838.864: [GC 29838.864: [ParNew: 2294668K->36451K(2534400K), 0.0430030 secs] 7041141K->4782924K(10982400K), 0.0437590 secs] [Times: user=0.38 sys=0.00, real=0.04 secs] 
29840.249: [GC 29840.249: [ParNew: 2289251K->29567K(2534400K), 0.0428130 secs] 7035724K->4779674K(10982400K), 0.0436970 secs] [Times: user=0.31 sys=0.00, real=0.04 secs] 
29841.534: [GC 29841.534: [ParNew: 2282367K->29541K(2534400K), 0.0424410 secs] 7032474K->4780565K(10982400K), 0.0432950 secs] [Times: user=0.36 sys=0.00, real=0.04 secs] 
29842.268: [GC 29842.268: [ParNew: 2282341K->71244K(2534400K), 0.0374340 secs] 7033365K->4823713K(10982400K), 0.0382640 secs] [Times: user=0.48 sys=0.00, real=0.04 secs] 
29842.850: [GC 29842.850: [ParNew: 2324044K->58336K(2534400K), 0.0368150 secs] 7076513K->4812231K(10982400K), 0.0376280 secs] [Times: user=0.39 sys=0.01, real=0.04 secs] 
29843.490: [GC 29843.490: [ParNew: 2311136K->28264K(2534400K), 0.0300610 secs] 7065031K->4784045K(10982400K), 0.0307900 secs] [Times: user=0.27 sys=0.00, real=0.03 secs] 
29844.690: [GC 29844.691: [ParNew: 2281064K->46061K(2534400K), 0.0431080 secs] 7036845K->4802283K(10982400K), 0.0439650 secs] [Times: user=0.37 sys=0.00, real=0.04 secs] 
29845.925: [GC 29845.925: [ParNew: 2298688K->36388K(2534400K), 0.0383220 secs] 7054910K->4793496K(10982400K), 0.0390900 secs] [Times: user=0.33 sys=0.00, real=0.03 secs] 
29847.273: [GC 29847.274: [ParNew: 2289188K->60957K(2534400K), 0.0433880 secs] 7046296K->4820938K(10982400K), 0.0441360 secs] [Times: user=0.42 sys=0.00, real=0.05 secs] 
29848.072: [GC 29848.072: [ParNew: 2313757K->82709K(2534400K), 0.0404010 secs] 7073738K->4843057K(10982400K), 0.0412330 secs] [Times: user=0.48 sys=0.00, real=0.04 secs] 
29849.014: [GC 29849.014: [ParNew: 2330262K->86889K(2534400K), 0.0398560 secs] 7090609K->4848356K(10982400K), 0.0405950 secs] [Times: user=0.51 sys=0.00, real=0.04 secs] 
29849.525: [GC 29849.525: [ParNew: 2339689K->76280K(2534400K), 0.0328860 secs] 7101156K->4839894K(10982400K), 0.0335060 secs] [Times: user=0.38 sys=0.00, real=0.03 secs] 
29850.451: [GC 29850.452: [ParNew: 2329080K->54509K(2534400K), 0.0381370 secs] 7092694K->4820094K(10982400K), 0.0388060 secs] [Times: user=0.32 sys=0.01, real=0.04 secs] 
29851.674: [GC 29851.674: [ParNew: 2307309K->31821K(2534400K), 0.0404640 secs] 7072894K->4798365K(10982400K), 0.0411130 secs] [Times: user=0.38 sys=0.00, real=0.04 secs] 
29852.833: [GC 29852.833: [ParNew: 2278715K->26090K(2534400K), 0.0387220 secs] 7045260K->4793693K(10982400K), 0.0393640 secs] [Times: user=0.35 sys=0.00, real=0.04 secs] 
29854.000: [GC 29854.000: [ParNew: 2278890K->26233K(2534400K), 0.0391730 secs] 7046493K->4794517K(10982400K), 0.0400200 secs] [Times: user=0.29 sys=0.00, real=0.04 secs] 
29855.231: [GC 29855.232: [ParNew: 2279033K->26205K(2534400K), 0.0376170 secs] 7047317K->4794938K(10982400K), 0.0385140 secs] [Times: user=0.32 sys=0.00, real=0.04 secs] 
29856.158: [GC 29856.158: [ParNew: 2279005K->61564K(2534400K), 0.0435660 secs] 7047738K->4831094K(10982400K), 0.0444190 secs] [Times: user=0.49 sys=0.00, real=0.04 secs] 
29857.315: [GC 29857.315: [ParNew: 2314364K->46765K(2534400K), 0.0425930 secs] 7083894K->4816902K(10982400K), 0.0435450 secs] [Times: user=0.38 sys=0.00, real=0.05 secs] 
29858.749: [GC 29858.750: [ParNew: 2299565K->36360K(2534400K), 0.0434930 secs] 7069702K->4810130K(10982400K), 0.0442460 secs] [Times: user=0.40 sys=0.00, real=0.04 secs] 
29859.888: [GC 29859.889: [ParNew: 2289160K->56421K(2534400K), 0.0430170 secs] 7062930K->4831331K(10982400K), 0.0438950 secs] [Times: user=0.47 sys=0.01, real=0.04 secs] 
29861.102: [GC 29861.102: [ParNew: 2309221K->63820K(2534400K), 0.0438260 secs] 7084131K->4839519K(10982400K), 0.0445760 secs] [Times: user=0.45 sys=0.00, real=0.05 secs] 
29862.108: [GC 29862.108: [ParNew: 2316620K->46687K(2534400K), 0.0409350 secs] 7092319K->4823313K(10982400K), 0.0416770 secs] [Times: user=0.34 sys=0.00, real=0.04 secs] 
29863.967: [GC 29863.967: [ParNew: 2299487K->29324K(2534400K), 0.0449790 secs] 7076113K->4810885K(10982400K), 0.0457450 secs] [Times: user=0.24 sys=0.00, real=0.05 secs] 
29865.954: [GC 29865.954: [ParNew: 2282124K->31624K(2534400K), 0.0450990 secs] 7063685K->4813954K(10982400K), 0.0458610 secs] [Times: user=0.38 sys=0.01, real=0.05 secs] 
29867.387: [GC 29867.387: [ParNew: 2284424K->56206K(2534400K), 0.0435530 secs] 7066754K->4839113K(10982400K), 0.0442900 secs] [Times: user=0.47 sys=0.01, real=0.05 secs] 
29868.918: [GC 29868.919: [ParNew: 2308982K->48455K(2534400K), 0.0397740 secs] 7091888K->4831817K(10982400K), 0.0405330 secs] [Times: user=0.37 sys=0.01, real=0.04 secs] 
29870.289: [GC 29870.290: [ParNew: 2301255K->39017K(2534400K), 0.0395670 secs] 7084617K->4825157K(10982400K), 0.0404350 secs] [Times: user=0.36 sys=0.00, real=0.04 secs] 
29871.542: [GC 29871.543: [ParNew: 2291762K->50879K(2534400K), 0.0390000 secs] 7077902K->4838751K(10982400K), 0.0398820 secs] [Times: user=0.36 sys=0.00, real=0.04 secs] 
29872.912: [GC 29872.913: [ParNew: 2303679K->46216K(2534400K), 0.0442750 secs] 7091551K->4835593K(10982400K), 0.0451410 secs] [Times: user=0.40 sys=0.00, real=0.04 secs] 
29874.300: [GC 29874.301: [ParNew: 2299016K->43303K(2534400K), 0.0417750 secs] 7088393K->4833315K(10982400K), 0.0426570 secs] [Times: user=0.31 sys=0.00, real=0.04 secs] 
29875.686: [GC 29875.687: [ParNew: 2296103K->58425K(2534400K), 0.0454070 secs] 7086115K->4849315K(10982400K), 0.0462960 secs] [Times: user=0.40 sys=0.00, real=0.05 secs] 
29877.047: [GC 29877.047: [ParNew: 2311225K->42107K(2534400K), 0.0477040 secs] 7102115K->4843538K(10982400K), 0.0484720 secs] [Times: user=0.31 sys=0.01, real=0.05 secs] 
29878.587: [GC 29878.587: [ParNew: 2294907K->44302K(2534400K), 0.0427140 secs] 7096338K->4846832K(10982400K), 0.0434580 secs] [Times: user=0.42 sys=0.00, real=0.05 secs] 
29880.745: [GC 29880.745: [ParNew: 2297102K->75662K(2534400K), 0.0491550 secs] 7099632K->4878701K(10982400K), 0.0499210 secs] [Times: user=0.53 sys=0.00, real=0.05 secs] 
29882.068: [GC 29882.068: [ParNew: 2328462K->141095K(2534400K), 0.0536260 secs] 7131501K->4947076K(10982400K), 0.0543840 secs] [Times: user=0.76 sys=0.00, real=0.06 secs] 
29883.310: [GC 29883.310: [ParNew: 2393895K->97754K(2534400K), 0.0399350 secs] 7199876K->4905218K(10982400K), 0.0406930 secs] [Times: user=0.36 sys=0.00, real=0.05 secs] 
29885.404: [GC 29885.404: [ParNew: 2350554K->47659K(2534400K), 0.0462010 secs] 7158018K->4856028K(10982400K), 0.0470980 secs] [Times: user=0.36 sys=0.01, real=0.05 secs] 
29887.180: [GC 29887.180: [ParNew: 2300459K->76052K(2534400K), 0.0501290 secs] 7108828K->4885613K(10982400K), 0.0510150 secs] [Times: user=0.47 sys=0.01, real=0.06 secs] 
29889.336: [GC 29889.337: [ParNew: 2328852K->57973K(2534400K), 0.0563020 secs] 7138413K->4877539K(10982400K), 0.0571840 secs] [Times: user=0.34 sys=0.01, real=0.06 secs] 
29891.030: [GC 29891.030: [ParNew: 2310773K->31484K(2534400K), 0.0423740 secs] 7130339K->4852569K(10982400K), 0.0432820 secs] [Times: user=0.33 sys=0.00, real=0.05 secs] 
29893.041: [GC 29893.042: [ParNew: 2284284K->44536K(2534400K), 0.0473300 secs] 7105369K->4866995K(10982400K), 0.0481160 secs] [Times: user=0.44 sys=0.01, real=0.05 secs] 
29895.179: [GC 29895.179: [ParNew: 2297336K->35483K(2534400K), 0.0480800 secs] 7119795K->4860599K(10982400K), 0.0488410 secs] [Times: user=0.40 sys=0.01, real=0.05 secs] 
29897.319: [GC 29897.320: [ParNew: 2288283K->41679K(2534400K), 0.0451710 secs] 7113399K->4867732K(10982400K), 0.0459520 secs] [Times: user=0.33 sys=0.00, real=0.05 secs] 
29899.774: [GC 29899.774: [ParNew: 2294479K->46112K(2534400K), 0.0488390 secs] 7120532K->4873013K(10982400K), 0.0496210 secs] [Times: user=0.36 sys=0.00, real=0.05 secs] 
29902.009: [GC 29902.009: [ParNew: 2298912K->37571K(2534400K), 0.0525990 secs] 7125813K->4865898K(10982400K), 0.0534680 secs] [Times: user=0.40 sys=0.00, real=0.05 secs] 
29904.666: [GC 29904.667: [ParNew: 2290371K->77684K(2534400K), 0.0601250 secs] 7118698K->4907330K(10982400K), 0.0609000 secs] [Times: user=0.51 sys=0.00, real=0.06 secs] 
29906.630: [GC 29906.631: [ParNew: 2330484K->88610K(2534400K), 0.0492120 secs] 7160130K->4919958K(10982400K), 0.0500970 secs] [Times: user=0.46 sys=0.00, real=0.05 secs] 
29909.210: [GC 29909.210: [ParNew: 2341410K->73952K(2534400K), 0.0500130 secs] 7172758K->4906866K(10982400K), 0.0508470 secs] [Times: user=0.39 sys=0.00, real=0.05 secs] 
29911.077: [GC 29911.077: [ParNew: 2326752K->104436K(2534400K), 0.0519850 secs] 7159666K->4938712K(10982400K), 0.0529000 secs] [Times: user=0.59 sys=0.01, real=0.05 secs] 
29913.092: [GC 29913.093: [ParNew: 2357236K->80549K(2534400K), 0.0579580 secs] 7191512K->4927003K(10982400K), 0.0587240 secs] [Times: user=0.38 sys=0.01, real=0.06 secs] 
29915.340: [GC 29915.340: [ParNew: 2333349K->54754K(2534400K), 0.0511430 secs] 7179803K->4910133K(10982400K), 0.0519220 secs] [Times: user=0.45 sys=0.01, real=0.05 secs] 
29917.684: [GC 29917.685: [ParNew: 2307554K->52061K(2534400K), 0.0500410 secs] 7162933K->4910000K(10982400K), 0.0508080 secs] [Times: user=0.38 sys=0.00, real=0.05 secs] 
29920.133: [GC 29920.133: [ParNew: 2304861K->49584K(2534400K), 0.0495340 secs] 7162800K->4908822K(10982400K), 0.0504160 secs] [Times: user=0.36 sys=0.00, real=0.05 secs] 
29922.299: [GC 29922.300: [ParNew: 2302384K->57701K(2534400K), 0.0456660 secs] 7161622K->4918912K(10982400K), 0.0464570 secs] [Times: user=0.36 sys=0.01, real=0.05 secs] 
29923.947: [GC 29923.948: [ParNew: 2310501K->60861K(2534400K), 0.0440370 secs] 7171712K->4923741K(10982400K), 0.0449170 secs] [Times: user=0.45 sys=0.00, real=0.04 secs] 
29925.875: [GC 29925.876: [ParNew: 2313661K->64040K(2534400K), 0.0461200 secs] 7176541K->4928409K(10982400K), 0.0468960 secs] [Times: user=0.50 sys=0.01, real=0.05 secs] 
29928.065: [GC 29928.065: [ParNew: 2316840K->138642K(2534400K), 0.0608700 secs] 7181209K->5004535K(10982400K), 0.0616380 secs] [Times: user=0.78 sys=0.01, real=0.07 secs] 
29930.425: [GC 29930.426: [ParNew: 2391442K->119149K(2534400K), 0.0537200 secs] 7257335K->4986611K(10982400K), 0.0545120 secs] [Times: user=0.56 sys=0.00, real=0.06 secs] 
29931.985: [GC 29931.986: [ParNew: 2371949K->99861K(2534400K), 0.0494230 secs] 7239411K->4969622K(10982400K), 0.0503160 secs] [Times: user=0.52 sys=0.01, real=0.05 secs] 
29934.292: [GC 29934.293: [ParNew: 2352661K->86004K(2534400K), 0.0590010 secs] 7222422K->4967216K(10982400K), 0.0597680 secs] [Times: user=0.42 sys=0.01, real=0.06 secs] 
29935.985: [GC 29935.986: [ParNew: 2338804K->40308K(2534400K), 0.0511230 secs] 7220016K->4926902K(10982400K), 0.0521350 secs] [Times: user=0.42 sys=0.00, real=0.05 secs] 
29937.992: [GC 29937.993: [ParNew: 2293108K->92249K(2534400K), 0.0559950 secs] 7179702K->4981514K(10982400K), 0.0568020 secs] [Times: user=0.66 sys=0.00, real=0.06 secs] 
29939.798: [GC 29939.798: [ParNew: 2345049K->68728K(2534400K), 0.0463190 secs] 7234314K->4958859K(10982400K), 0.0471050 secs] [Times: user=0.41 sys=0.01, real=0.05 secs] 
29942.127: [GC 29942.128: [ParNew: 2321528K->42058K(2534400K), 0.0503590 secs] 7211659K->4933136K(10982400K), 0.0511410 secs] [Times: user=0.43 sys=0.01, real=0.06 secs] 
29944.438: [GC 29944.439: [ParNew: 2294858K->30898K(2534400K), 0.0451500 secs] 7185936K->4923141K(10982400K), 0.0459100 secs] [Times: user=0.31 sys=0.00, real=0.05 secs] 
29946.209: [GC 29946.209: [ParNew: 2283698K->33566K(2534400K), 0.0450410 secs] 7175941K->4926739K(10982400K), 0.0458100 secs] [Times: user=0.37 sys=0.01, real=0.05 secs] 
29948.297: [GC 29948.298: [ParNew: 2286366K->63071K(2534400K), 0.0540280 secs] 7179539K->4956797K(10982400K), 0.0549310 secs] [Times: user=0.52 sys=0.00, real=0.06 secs] 
29950.455: [GC 29950.455: [ParNew: 2315871K->48449K(2534400K), 0.0474620 secs] 7209597K->4943031K(10982400K), 0.0482950 secs] [Times: user=0.32 sys=0.00, real=0.05 secs] 
29952.201: [GC 29952.202: [ParNew: 2301249K->44526K(2534400K), 0.0445310 secs] 7195831K->4939743K(10982400K), 0.0452960 secs] [Times: user=0.33 sys=0.00, real=0.04 secs] 
29953.753: [GC 29953.754: [ParNew: 2297326K->40207K(2534400K), 0.0372230 secs] 7192543K->4936494K(10982400K), 0.0380070 secs] [Times: user=0.35 sys=0.00, real=0.04 secs] 
29955.391: [GC 29955.392: [ParNew: 2293007K->77656K(2534400K), 0.0489560 secs] 7189294K->4975267K(10982400K), 0.0498650 secs] [Times: user=0.52 sys=0.01, real=0.05 secs] 
29957.261: [GC 29957.262: [ParNew: 2330456K->60071K(2534400K), 0.0484250 secs] 7228067K->4958584K(10982400K), 0.0493260 secs] [Times: user=0.39 sys=0.00, real=0.05 secs] 
29959.389: [GC 29959.390: [ParNew: 2312871K->49558K(2534400K), 0.0562270 secs] 7211384K->4959122K(10982400K), 0.0571250 secs] [Times: user=0.37 sys=0.01, real=0.06 secs] 
29961.619: [GC 29961.620: [ParNew: 2302358K->34564K(2534400K), 0.0484830 secs] 7211922K->4947330K(10982400K), 0.0492520 secs] [Times: user=0.41 sys=0.01, real=0.05 secs] 
29964.432: [GC 29964.432: [ParNew: 2287364K->45378K(2534400K), 0.0617050 secs] 7200130K->4960591K(10982400K), 0.0626330 secs] [Times: user=0.39 sys=0.01, real=0.07 secs] 
29967.175: [GC 29967.176: [ParNew: 2298178K->35812K(2534400K), 0.0586790 secs] 7213391K->4953520K(10982400K), 0.0595870 secs] [Times: user=0.40 sys=0.00, real=0.06 secs] 
29969.553: [GC 29969.554: [ParNew: 2288612K->52129K(2534400K), 0.0535960 secs] 7206320K->4972513K(10982400K), 0.0545370 secs] [Times: user=0.45 sys=0.01, real=0.06 secs] 
29971.843: [GC 29971.843: [ParNew: 2304929K->90605K(2534400K), 0.0567860 secs] 7225313K->5012002K(10982400K), 0.0575750 secs] [Times: user=0.59 sys=0.01, real=0.06 secs] 
29974.207: [GC 29974.207: [ParNew: 2343405K->82268K(2534400K), 0.0538200 secs] 7264802K->5004849K(10982400K), 0.0545830 secs] [Times: user=0.52 sys=0.01, real=0.05 secs] 
29976.346: [GC 29976.346: [ParNew: 2335068K->62559K(2534400K), 0.0494570 secs] 7257649K->4988893K(10982400K), 0.0503970 secs] [Times: user=0.34 sys=0.01, real=0.05 secs] 
29978.356: [GC 29978.356: [ParNew: 2315359K->70113K(2534400K), 0.0525990 secs] 7241693K->4998065K(10982400K), 0.0535160 secs] [Times: user=0.51 sys=0.01, real=0.05 secs] 
29980.807: [GC 29980.807: [ParNew: 2322913K->53019K(2534400K), 0.0484260 secs] 7250865K->4984567K(10982400K), 0.0492110 secs] [Times: user=0.32 sys=0.00, real=0.05 secs] 
29982.867: [GC 29982.868: [ParNew: 2305819K->102884K(2534400K), 0.0757480 secs] 7237367K->5035450K(10982400K), 0.0766560 secs] [Times: user=0.49 sys=0.01, real=0.07 secs] 
29985.087: [GC 29985.087: [ParNew: 2355684K->93632K(2534400K), 0.0832530 secs] 7288250K->5028107K(10982400K), 0.0841370 secs] [Times: user=0.40 sys=0.00, real=0.08 secs] 
29987.543: [GC 29987.544: [ParNew: 2346432K->43922K(2534400K), 0.0591240 secs] 7280907K->4980115K(10982400K), 0.0599840 secs] [Times: user=0.41 sys=0.01, real=0.06 secs] 
29989.723: [GC 29989.724: [ParNew: 2296722K->61378K(2534400K), 0.0755330 secs] 7232915K->4998535K(10982400K), 0.0766080 secs] [Times: user=0.33 sys=0.00, real=0.08 secs] 
29992.014: [GC 29992.014: [ParNew: 2314178K->46830K(2534400K), 0.0608670 secs] 7251335K->4985673K(10982400K), 0.0619310 secs] [Times: user=0.37 sys=0.00, real=0.06 secs] 
29994.142: [GC 29994.142: [ParNew: 2299630K->67427K(2534400K), 0.0814990 secs] 7238473K->5007199K(10982400K), 0.0823760 secs] [Times: user=0.44 sys=0.00, real=0.08 secs] 
29995.559: [GC 29995.559: [ParNew: 2320227K->82425K(2534400K), 0.0598780 secs] 7259999K->5023685K(10982400K), 0.0606340 secs] [Times: user=0.51 sys=0.01, real=0.06 secs] 
29997.164: [GC 29997.165: [ParNew: 2335225K->120529K(2534400K), 0.0855560 secs] 7276485K->5063172K(10982400K), 0.0863570 secs] [Times: user=0.53 sys=0.01, real=0.09 secs] 
29998.995: [GC 29998.996: [ParNew: 2373329K->93283K(2534400K), 0.0572230 secs] 7315972K->5036993K(10982400K), 0.0579890 secs] [Times: user=0.44 sys=0.00, real=0.06 secs] 
30000.664: [GC 30000.665: [ParNew: 2346083K->67572K(2534400K), 0.0584350 secs] 7289793K->5012998K(10982400K), 0.0592050 secs] [Times: user=0.41 sys=0.00, real=0.06 secs] 
30001.784: [GC 30001.784: [ParNew: 2320372K->77295K(2534400K), 0.0502050 secs] 7265798K->5024555K(10982400K), 0.0509520 secs] [Times: user=0.51 sys=0.00, real=0.05 secs] 
30003.292: [GC 30003.292: [ParNew: 2330095K->108911K(2534400K), 0.0513750 secs] 7277355K->5057061K(10982400K), 0.0521430 secs] [Times: user=0.62 sys=0.00, real=0.05 secs] 
30004.413: [GC 30004.413: [ParNew: 2361711K->77050K(2534400K), 0.0365700 secs] 7309861K->5026278K(10982400K), 0.0373260 secs] [Times: user=0.39 sys=0.00, real=0.04 secs] 
30006.408: [GC 30006.408: [ParNew: 2329850K->44437K(2534400K), 0.0479560 secs] 7279078K->4995236K(10982400K), 0.0488560 secs] [Times: user=0.37 sys=0.01, real=0.05 secs] 
30007.896: [GC 30007.896: [ParNew: 2297237K->69533K(2534400K), 0.0361820 secs] 7248036K->5020993K(10982400K), 0.0369430 secs] [Times: user=0.40 sys=0.00, real=0.04 secs] 
30010.049: [GC 30010.049: [ParNew: 2322333K->56460K(2534400K), 0.0618750 secs] 7273793K->5020059K(10982400K), 0.0626430 secs] [Times: user=0.39 sys=0.01, real=0.07 secs] 
30011.663: [GC 30011.664: [ParNew: 2309260K->54092K(2534400K), 0.0420730 secs] 7272859K->5018142K(10982400K), 0.0428400 secs] [Times: user=0.37 sys=0.01, real=0.04 secs] 
30013.109: [GC 30013.110: [ParNew: 2306892K->64150K(2534400K), 0.0441250 secs] 7270942K->5029313K(10982400K), 0.0450010 secs] [Times: user=0.42 sys=0.01, real=0.05 secs] 
30014.560: [GC 30014.560: [ParNew: 2316950K->54619K(2534400K), 0.0419150 secs] 7282113K->5020801K(10982400K), 0.0427570 secs] [Times: user=0.44 sys=0.01, real=0.04 secs] 
30016.911: [GC 30016.912: [ParNew: 2307419K->46068K(2534400K), 0.0595360 secs] 7273601K->5023528K(10982400K), 0.0604100 secs] [Times: user=0.36 sys=0.01, real=0.06 secs] 
30018.314: [GC 30018.314: [ParNew: 2298868K->84724K(2534400K), 0.0635890 secs] 7276328K->5063132K(10982400K), 0.0644550 secs] [Times: user=0.52 sys=0.00, real=0.06 secs] 
30019.615: [GC 30019.615: [ParNew: 2337524K->48508K(2534400K), 0.0386610 secs] 7315932K->5027948K(10982400K), 0.0394740 secs] [Times: user=0.35 sys=0.00, real=0.04 secs] 
30021.384: [GC 30021.384: [ParNew: 2301308K->56897K(2534400K), 0.0479890 secs] 7280748K->5037447K(10982400K), 0.0488830 secs] [Times: user=0.48 sys=0.00, real=0.05 secs] 
30023.030: [GC 30023.031: [ParNew: 2309697K->42754K(2534400K), 0.0460980 secs] 7290247K->5024471K(10982400K), 0.0469980 secs] [Times: user=0.35 sys=0.01, real=0.05 secs] 
30025.874: [GC 30025.874: [ParNew: 2295554K->40721K(2534400K), 0.0513850 secs] 7277271K->5023632K(10982400K), 0.0521050 secs] [Times: user=0.37 sys=0.00, real=0.05 secs] 
30027.920: [GC 30027.920: [ParNew: 2293521K->41852K(2534400K), 0.0430210 secs] 7276432K->5025291K(10982400K), 0.0438340 secs] [Times: user=0.31 sys=0.01, real=0.05 secs] 
30029.774: [GC 30029.774: [ParNew: 2294652K->43766K(2534400K), 0.0433350 secs] 7278091K->5029550K(10982400K), 0.0443770 secs] [Times: user=0.36 sys=0.00, real=0.04 secs] 
30032.773: [GC 30032.774: [ParNew: 2296566K->50934K(2534400K), 0.0595750 secs] 7282350K->5037617K(10982400K), 0.0606350 secs] [Times: user=0.46 sys=0.00, real=0.06 secs] 
30034.539: [GC 30034.539: [ParNew: 2303734K->46201K(2534400K), 0.0452000 secs] 7290417K->5034930K(10982400K), 0.0460700 secs] [Times: user=0.33 sys=0.00, real=0.05 secs] 
30036.850: [GC 30036.851: [ParNew: 2299001K->62103K(2534400K), 0.0514350 secs] 7287730K->5051661K(10982400K), 0.0523220 secs] [Times: user=0.46 sys=0.00, real=0.05 secs] 
30038.462: [GC 30038.463: [ParNew: 2314903K->81263K(2534400K), 0.0444100 secs] 7304461K->5071545K(10982400K), 0.0452610 secs] [Times: user=0.46 sys=0.01, real=0.05 secs] 
30040.592: [GC 30040.593: [ParNew: 2334083K->70695K(2534400K), 0.0484420 secs] 7324365K->5062822K(10982400K), 0.0492890 secs] [Times: user=0.42 sys=0.01, real=0.05 secs] 
30040.645: [GC 30040.646: [ParNew: 72561K->73745K(2534400K), 0.0193000 secs] 5064689K->5067023K(10982400K), 0.0198940 secs] [Times: user=0.35 sys=0.00, real=0.02 secs] 
30042.306: [GC 30042.306: [ParNew: 2326545K->58285K(2534400K), 0.0485770 secs] 7319823K->5052940K(10982400K), 0.0493540 secs] [Times: user=0.40 sys=0.00, real=0.05 secs] 
30044.219: [GC 30044.219: [ParNew: 2311085K->30071K(2534400K), 0.0447990 secs] 7305740K->5026361K(10982400K), 0.0455430 secs] [Times: user=0.40 sys=0.00, real=0.04 secs] 
30046.246: [GC 30046.246: [ParNew: 2282871K->32056K(2534400K), 0.0398720 secs] 7279161K->5029702K(10982400K), 0.0406600 secs] [Times: user=0.30 sys=0.00, real=0.04 secs] 
30047.688: [GC 30047.689: [ParNew: 2284856K->85330K(2534400K), 0.0623930 secs] 7282502K->5082976K(10982400K), 0.0632590 secs] [Times: user=0.47 sys=0.00, real=0.06 secs] 
30049.070: [GC 30049.071: [ParNew: 2338130K->104935K(2534400K), 0.0780950 secs] 7335776K->5103745K(10982400K), 0.0789840 secs] [Times: user=0.45 sys=0.01, real=0.08 secs] 
30050.968: [GC 30050.968: [ParNew: 2357735K->77963K(2534400K), 0.0637490 secs] 7356545K->5078123K(10982400K), 0.0645150 secs] [Times: user=0.47 sys=0.00, real=0.06 secs] 
30053.025: [GC 30053.025: [ParNew: 2330763K->71213K(2534400K), 0.0714580 secs] 7330923K->5073250K(10982400K), 0.0723500 secs] [Times: user=0.45 sys=0.00, real=0.08 secs] 
30054.283: [GC 30054.284: [ParNew: 2324013K->67862K(2534400K), 0.0535500 secs] 7326050K->5073128K(10982400K), 0.0544560 secs] [Times: user=0.43 sys=0.01, real=0.06 secs] 
30055.489: [GC 30055.489: [ParNew: 2320662K->53937K(2534400K), 0.0459660 secs] 7325928K->5060222K(10982400K), 0.0468360 secs] [Times: user=0.44 sys=0.01, real=0.04 secs] 
30056.726: [GC 30056.727: [ParNew: 2306737K->87231K(2534400K), 0.0568200 secs] 7313022K->5094916K(10982400K), 0.0577270 secs] [Times: user=0.46 sys=0.00, real=0.06 secs] 
30057.880: [GC 30057.880: [ParNew: 2340031K->55155K(2534400K), 0.0459000 secs] 7347716K->5064186K(10982400K), 0.0467040 secs] [Times: user=0.41 sys=0.00, real=0.04 secs] 
30058.898: [GC 30058.898: [ParNew: 2307955K->29142K(2534400K), 0.0391380 secs] 7316986K->5039128K(10982400K), 0.0399060 secs] [Times: user=0.32 sys=0.00, real=0.04 secs] 
30060.395: [GC 30060.396: [ParNew: 2281942K->28190K(2534400K), 0.0587160 secs] 7291928K->5039179K(10982400K), 0.0596260 secs] [Times: user=0.40 sys=0.00, real=0.06 secs] 
30062.660: [GC 30062.660: [ParNew: 2280990K->34015K(2534400K), 0.0501520 secs] 7291979K->5046026K(10982400K), 0.0510180 secs] [Times: user=0.31 sys=0.00, real=0.05 secs] 
30064.825: [GC 30064.826: [ParNew: 2286815K->39934K(2534400K), 0.0519530 secs] 7298826K->5052700K(10982400K), 0.0528450 secs] [Times: user=0.41 sys=0.00, real=0.06 secs] 
30067.225: [GC 30067.225: [ParNew: 2292734K->72460K(2534400K), 0.0503390 secs] 7305500K->5085783K(10982400K), 0.0511190 secs] [Times: user=0.47 sys=0.01, real=0.05 secs] 
30069.274: [GC 30069.274: [ParNew: 2325260K->88148K(2534400K), 0.0505710 secs] 7338583K->5102321K(10982400K), 0.0513500 secs] [Times: user=0.46 sys=0.00, real=0.05 secs] 
30071.710: [GC 30071.710: [ParNew: 2340948K->59014K(2534400K), 0.0474610 secs] 7355121K->5074276K(10982400K), 0.0482540 secs] [Times: user=0.34 sys=0.00, real=0.04 secs] 
30073.313: [GC 30073.314: [ParNew: 2311814K->86625K(2534400K), 0.0471820 secs] 7327076K->5103880K(10982400K), 0.0479630 secs] [Times: user=0.51 sys=0.01, real=0.05 secs] 
30075.199: [GC 30075.199: [ParNew: 2339425K->61520K(2534400K), 0.0471530 secs] 7356680K->5080906K(10982400K), 0.0479160 secs] [Times: user=0.37 sys=0.01, real=0.05 secs] 
30077.366: [GC 30077.366: [ParNew: 2314321K->103463K(2534400K), 0.0565060 secs] 7333707K->5124646K(10982400K), 0.0572450 secs] [Times: user=0.53 sys=0.01, real=0.06 secs] 
30079.771: [GC 30079.771: [ParNew: 2356263K->79222K(2534400K), 0.0683200 secs] 7377446K->5111429K(10982400K), 0.0692540 secs] [Times: user=0.31 sys=0.01, real=0.07 secs] 
30081.755: [GC 30081.755: [ParNew: 2332022K->32375K(2534400K), 0.0452540 secs] 7364229K->5065319K(10982400K), 0.0461630 secs] [Times: user=0.38 sys=0.00, real=0.05 secs] 
30083.980: [GC 30083.980: [ParNew: 2285175K->52944K(2534400K), 0.0554860 secs] 7318119K->5087390K(10982400K), 0.0563710 secs] [Times: user=0.48 sys=0.00, real=0.06 secs] 
30085.990: [GC 30085.991: [ParNew: 2305744K->71193K(2534400K), 0.0527280 secs] 7340190K->5107242K(10982400K), 0.0536150 secs] [Times: user=0.45 sys=0.00, real=0.06 secs] 
30088.063: [GC 30088.064: [ParNew: 2323993K->56662K(2534400K), 0.0504080 secs] 7360042K->5093698K(10982400K), 0.0511780 secs] [Times: user=0.44 sys=0.00, real=0.05 secs] 
30090.238: [GC 30090.238: [ParNew: 2309462K->48159K(2534400K), 0.0441130 secs] 7346498K->5086149K(10982400K), 0.0448910 secs] [Times: user=0.37 sys=0.00, real=0.05 secs] 
30091.639: [GC 30091.639: [ParNew: 2300959K->36552K(2534400K), 0.0431810 secs] 7338949K->5079682K(10982400K), 0.0440630 secs] [Times: user=0.41 sys=0.00, real=0.05 secs] 
30094.189: [GC 30094.190: [ParNew: 2289352K->100104K(2534400K), 0.0614890 secs] 7332482K->5145639K(10982400K), 0.0622750 secs] [Times: user=0.64 sys=0.00, real=0.06 secs] 
30096.002: [GC 30096.003: [ParNew: 2352904K->76796K(2534400K), 0.0534910 secs] 7398439K->5123620K(10982400K), 0.0542610 secs] [Times: user=0.42 sys=0.00, real=0.06 secs] 
30097.572: [GC 30097.573: [ParNew: 2329596K->37751K(2534400K), 0.0394140 secs] 7376420K->5085865K(10982400K), 0.0402860 secs] [Times: user=0.35 sys=0.01, real=0.05 secs] 
30099.525: [GC 30099.526: [ParNew: 2290551K->34839K(2534400K), 0.0461840 secs] 7338665K->5084698K(10982400K), 0.0469610 secs] [Times: user=0.35 sys=0.00, real=0.05 secs] 
30101.970: [GC 30101.971: [ParNew: 2287639K->36607K(2534400K), 0.0570200 secs] 7337498K->5089019K(10982400K), 0.0578800 secs] [Times: user=0.43 sys=0.00, real=0.06 secs] 
30103.825: [GC 30103.825: [ParNew: 2289407K->37597K(2534400K), 0.0440530 secs] 7341819K->5091608K(10982400K), 0.0449390 secs] [Times: user=0.34 sys=0.00, real=0.04 secs] 
30106.355: [GC 30106.355: [ParNew: 2290397K->37690K(2534400K), 0.0536940 secs] 7344408K->5092686K(10982400K), 0.0544760 secs] [Times: user=0.42 sys=0.00, real=0.05 secs] 
30107.703: [GC 30107.704: [ParNew: 2290490K->69625K(2534400K), 0.0454820 secs] 7345486K->5125952K(10982400K), 0.0462620 secs] [Times: user=0.51 sys=0.00, real=0.05 secs] 
30109.031: [GC 30109.032: [ParNew: 2322425K->75013K(2534400K), 0.0424150 secs] 7378752K->5136635K(10982400K), 0.0432900 secs] [Times: user=0.43 sys=0.01, real=0.05 secs] 
30110.663: [GC 30110.664: [ParNew: 2327813K->72267K(2534400K), 0.0470780 secs] 7389435K->5135088K(10982400K), 0.0479250 secs] [Times: user=0.50 sys=0.00, real=0.05 secs] 
30112.663: [GC 30112.664: [ParNew: 2325067K->57698K(2534400K), 0.0505930 secs] 7387888K->5121609K(10982400K), 0.0514920 secs] [Times: user=0.37 sys=0.01, real=0.06 secs] 
30114.096: [GC 30114.096: [ParNew: 2310498K->65114K(2534400K), 0.0471240 secs] 7374409K->5130586K(10982400K), 0.0478850 secs] [Times: user=0.46 sys=0.01, real=0.04 secs] 
30115.515: [GC 30115.516: [ParNew: 2318059K->53412K(2534400K), 0.0481020 secs] 7383531K->5119671K(10982400K), 0.0489420 secs] [Times: user=0.44 sys=0.00, real=0.05 secs] 
30115.568: [GC 30115.568: [ParNew: 53870K->51625K(2534400K), 0.0204710 secs] 5120129K->5118811K(10982400K), 0.0211010 secs] [Times: user=0.39 sys=0.00, real=0.02 secs] 
30117.554: [GC 30117.555: [ParNew: 2304425K->71559K(2534400K), 0.0506460 secs] 7371611K->5140582K(10982400K), 0.0514810 secs] [Times: user=0.50 sys=0.01, real=0.06 secs] 
30117.610: [GC [1 CMS-initial-mark: 5069023K(8448000K)] 5142617K(10982400K), 0.1039930 secs] [Times: user=0.11 sys=0.00, real=0.10 secs] 
30119.780: [GC 30119.781: [ParNew: 2324339K->52065K(2534400K), 0.0471700 secs] 7393363K->5122084K(10982400K), 0.0479440 secs] [Times: user=0.34 sys=0.00, real=0.05 secs] 
30120.907: [GC[YG occupancy: 1833026 K (2534400 K)]30120.908: [Rescan (parallel) , 0.2028250 secs]30121.110: [weak refs processing, 0.1095940 secs] [1 CMS-remark: 5070019K(8448000K)] 6903046K(10982400K), 0.3136590 secs] [Times: user=4.26 sys=0.02, real=0.31 secs] 
30121.342: [GC 30121.343: [ParNew: 2304865K->28580K(2534400K), 0.0417820 secs] 7360503K->5088169K(10982400K), 0.0425470 secs] [Times: user=0.31 sys=0.00, real=0.04 secs] 
30122.218: [GC 30122.218: [ParNew: 2281380K->25183K(2534400K), 0.0339690 secs] 7237655K->4981458K(10982400K), 0.0348280 secs] [Times: user=0.33 sys=0.01, real=0.03 secs] 
30125.044: [GC 30125.044: [ParNew: 2277983K->43227K(2534400K), 0.0531460 secs] 6881702K->4648246K(10982400K), 0.0539030 secs] [Times: user=0.38 sys=0.00, real=0.06 secs] 
30127.471: [GC 30127.471: [ParNew: 2296027K->58752K(2534400K), 0.0469970 secs] 6472650K->4236506K(10982400K), 0.0477730 secs] [Times: user=0.34 sys=0.01, real=0.05 secs] 
30129.496: [GC 30129.497: [ParNew: 2311552K->72346K(2534400K), 0.0513070 secs] 6489306K->4250961K(10982400K), 0.0521160 secs] [Times: user=0.47 sys=0.00, real=0.06 secs] 
30131.516: [GC 30131.517: [ParNew: 2325146K->52091K(2534400K), 0.0461720 secs] 6503761K->4231202K(10982400K), 0.0469910 secs] [Times: user=0.37 sys=0.00, real=0.05 secs] 
30134.220: [GC 30134.220: [ParNew: 2304891K->48619K(2534400K), 0.0666490 secs] 6484002K->4238497K(10982400K), 0.0675480 secs] [Times: user=0.40 sys=0.01, real=0.06 secs] 
30136.300: [GC 30136.300: [ParNew: 2301419K->53230K(2534400K), 0.0491060 secs] 6491297K->4244465K(10982400K), 0.0499970 secs] [Times: user=0.40 sys=0.01, real=0.05 secs] 
30139.003: [GC 30139.004: [ParNew: 2306030K->47364K(2534400K), 0.0504690 secs] 6497265K->4240142K(10982400K), 0.0512500 secs] [Times: user=0.33 sys=0.00, real=0.05 secs] 
30140.873: [GC 30140.873: [ParNew: 2300164K->40849K(2534400K), 0.0427150 secs] 6492942K->4235161K(10982400K), 0.0434780 secs] [Times: user=0.37 sys=0.00, real=0.04 secs] 
30143.137: [GC 30143.138: [ParNew: 2293649K->36442K(2534400K), 0.0451600 secs] 6487961K->4232948K(10982400K), 0.0459360 secs] [Times: user=0.31 sys=0.01, real=0.05 secs] 
30144.911: [GC 30144.912: [ParNew: 2289242K->41549K(2534400K), 0.0588810 secs] 6485748K->4239993K(10982400K), 0.0597200 secs] [Times: user=0.40 sys=0.00, real=0.06 secs] 
30146.460: [GC 30146.461: [ParNew: 2294349K->56693K(2534400K), 0.0606320 secs] 6492793K->4256302K(10982400K), 0.0614090 secs] [Times: user=0.46 sys=0.00, real=0.07 secs] 
30147.637: [GC 30147.637: [ParNew: 2309493K->79992K(2534400K), 0.0415390 secs] 6509102K->4280472K(10982400K), 0.0423000 secs] [Times: user=0.44 sys=0.00, real=0.04 secs] 
30148.872: [GC 30148.873: [ParNew: 2332792K->62337K(2534400K), 0.0410130 secs] 6533272K->4263545K(10982400K), 0.0417990 secs] [Times: user=0.38 sys=0.00, real=0.04 secs] 
30149.877: [GC 30149.877: [ParNew: 2315137K->34802K(2534400K), 0.0389650 secs] 6516345K->4236634K(10982400K), 0.0397900 secs] [Times: user=0.39 sys=0.00, real=0.04 secs] 
30151.293: [GC 30151.293: [ParNew: 2286881K->42422K(2534400K), 0.0570820 secs] 6488713K->4248456K(10982400K), 0.0579880 secs] [Times: user=0.37 sys=0.00, real=0.06 secs] 
30152.350: [GC 30152.351: [ParNew: 2295222K->81489K(2534400K), 0.0541680 secs] 6501256K->4288538K(10982400K), 0.0549130 secs] [Times: user=0.50 sys=0.01, real=0.06 secs] 
30153.826: [GC 30153.827: [ParNew: 2334289K->66676K(2534400K), 0.0629280 secs] 6541338K->4274630K(10982400K), 0.0639800 secs] [Times: user=0.43 sys=0.00, real=0.06 secs] 
30155.342: [GC 30155.343: [ParNew: 2319476K->89314K(2534400K), 0.0480930 secs] 6527430K->4297910K(10982400K), 0.0488490 secs] [Times: user=0.58 sys=0.00, real=0.04 secs] 
30156.749: [GC 30156.749: [ParNew: 2342114K->75116K(2534400K), 0.0485320 secs] 6550710K->4284300K(10982400K), 0.0492990 secs] [Times: user=0.49 sys=0.00, real=0.05 secs] 
30158.480: [GC 30158.480: [ParNew: 2327916K->46118K(2534400K), 0.0439270 secs] 6537100K->4256100K(10982400K), 0.0447920 secs] [Times: user=0.37 sys=0.01, real=0.05 secs] 
30160.038: [GC 30160.038: [ParNew: 2298918K->129985K(2534400K), 0.0695610 secs] 6508900K->4343673K(10982400K), 0.0704640 secs] [Times: user=0.78 sys=0.00, real=0.07 secs] 
30161.091: [GC 30161.091: [ParNew: 2382785K->89276K(2534400K), 0.0350140 secs] 6596473K->4303729K(10982400K), 0.0358890 secs] [Times: user=0.27 sys=0.00, real=0.04 secs] 
30162.991: [GC 30162.992: [ParNew: 2342076K->50438K(2534400K), 0.0492090 secs] 6556529K->4266549K(10982400K), 0.0500870 secs] [Times: user=0.45 sys=0.00, real=0.05 secs] 
30164.301: [GC 30164.302: [ParNew: 2303238K->55490K(2534400K), 0.0366180 secs] 6519349K->4272880K(10982400K), 0.0374720 secs] [Times: user=0.33 sys=0.01, real=0.04 secs] 
30166.708: [GC 30166.708: [ParNew: 2308290K->56440K(2534400K), 0.0507160 secs] 6525680K->4275097K(10982400K), 0.0514740 secs] [Times: user=0.40 sys=0.00, real=0.05 secs] 
30168.720: [GC 30168.720: [ParNew: 2309240K->89441K(2534400K), 0.0515010 secs] 6527897K->4308530K(10982400K), 0.0523360 secs] [Times: user=0.48 sys=0.00, real=0.05 secs] 
30170.365: [GC 30170.366: [ParNew: 2342327K->106596K(2534400K), 0.0623270 secs] 6561416K->4344119K(10982400K), 0.0630680 secs] [Times: user=0.56 sys=0.01, real=0.06 secs] 
30170.431: [GC 30170.432: [ParNew: 107804K->102782K(2534400K), 0.0193100 secs] 4345327K->4341037K(10982400K), 0.0198560 secs] [Times: user=0.40 sys=0.00, real=0.02 secs] 
30172.406: [GC 30172.406: [ParNew: 2355578K->79609K(2534400K), 0.0489320 secs] 6593833K->4320260K(10982400K), 0.0496980 secs] [Times: user=0.41 sys=0.00, real=0.05 secs] 
30174.612: [GC 30174.612: [ParNew: 2332409K->35308K(2534400K), 0.0537920 secs] 6573060K->4278371K(10982400K), 0.0546400 secs] [Times: user=0.37 sys=0.01, real=0.06 secs] 
30176.656: [GC 30176.657: [ParNew: 2288096K->35590K(2534400K), 0.0489850 secs] 6531159K->4280284K(10982400K), 0.0500140 secs] [Times: user=0.37 sys=0.00, real=0.05 secs] 
30179.261: [GC 30179.262: [ParNew: 2288390K->35245K(2534400K), 0.0558570 secs] 6533084K->4279939K(10982400K), 0.0567220 secs] [Times: user=0.41 sys=0.00, real=0.06 secs] 
30181.028: [GC 30181.028: [ParNew: 2288045K->33447K(2534400K), 0.0415570 secs] 6532739K->4279010K(10982400K), 0.0423300 secs] [Times: user=0.32 sys=0.00, real=0.04 secs] 
30182.539: [GC 30182.540: [ParNew: 2286247K->29583K(2534400K), 0.0359720 secs] 6531810K->4275998K(10982400K), 0.0368530 secs] [Times: user=0.29 sys=0.00, real=0.04 secs] 
30184.751: [GC 30184.752: [ParNew: 2282383K->38959K(2534400K), 0.0493060 secs] 6528798K->4286968K(10982400K), 0.0502320 secs] [Times: user=0.33 sys=0.01, real=0.05 secs] 
30187.066: [GC 30187.066: [ParNew: 2291759K->36150K(2534400K), 0.0527800 secs] 6539768K->4286170K(10982400K), 0.0536560 secs] [Times: user=0.41 sys=0.00, real=0.06 secs] 
30188.616: [GC 30188.617: [ParNew: 2288950K->33216K(2534400K), 0.0366510 secs] 6538970K->4283978K(10982400K), 0.0374220 secs] [Times: user=0.34 sys=0.00, real=0.04 secs] 
30190.407: [GC 30190.408: [ParNew: 2286016K->32302K(2534400K), 0.0454100 secs] 6536778K->4283943K(10982400K), 0.0463260 secs] [Times: user=0.33 sys=0.00, real=0.04 secs] 
30192.108: [GC 30192.109: [ParNew: 2285102K->59667K(2534400K), 0.0429800 secs] 6536743K->4312731K(10982400K), 0.0437480 secs] [Times: user=0.46 sys=0.01, real=0.04 secs] 
30194.048: [GC 30194.049: [ParNew: 2312467K->47832K(2534400K), 0.0477380 secs] 6565531K->4305536K(10982400K), 0.0485160 secs] [Times: user=0.41 sys=0.00, real=0.04 secs] 
30195.586: [GC 30195.587: [ParNew: 2300632K->54156K(2534400K), 0.0414280 secs] 6558336K->4312590K(10982400K), 0.0423390 secs] [Times: user=0.41 sys=0.00, real=0.05 secs] 
30197.573: [GC 30197.574: [ParNew: 2306956K->50123K(2534400K), 0.0462330 secs] 6565390K->4309634K(10982400K), 0.0470040 secs] [Times: user=0.39 sys=0.01, real=0.05 secs] 
30199.835: [GC 30199.836: [ParNew: 2302923K->112178K(2534400K), 0.0594870 secs] 6562434K->4372348K(10982400K), 0.0602610 secs] [Times: user=0.68 sys=0.01, real=0.06 secs] 
30201.781: [GC 30201.782: [ParNew: 2364978K->99885K(2534400K), 0.0530620 secs] 6625148K->4360922K(10982400K), 0.0537990 secs] [Times: user=0.53 sys=0.00, real=0.05 secs] 
30203.394: [GC 30203.394: [ParNew: 2352685K->73995K(2534400K), 0.0424820 secs] 6613722K->4335952K(10982400K), 0.0432540 secs] [Times: user=0.35 sys=0.00, real=0.04 secs] 
30205.578: [GC 30205.579: [ParNew: 2326795K->39171K(2534400K), 0.0531220 secs] 6588752K->4302352K(10982400K), 0.0538980 secs] [Times: user=0.42 sys=0.00, real=0.06 secs] 
30208.265: [GC 30208.265: [ParNew: 2291971K->49217K(2534400K), 0.0549980 secs] 6555152K->4313617K(10982400K), 0.0557780 secs] [Times: user=0.46 sys=0.00, real=0.06 secs] 
30210.076: [GC 30210.076: [ParNew: 2302017K->56605K(2534400K), 0.0621500 secs] 6566417K->4322956K(10982400K), 0.0629790 secs] [Times: user=0.40 sys=0.01, real=0.06 secs] 
30212.769: [GC 30212.770: [ParNew: 2309405K->44321K(2534400K), 0.0620730 secs] 6575756K->4311680K(10982400K), 0.0630010 secs] [Times: user=0.44 sys=0.00, real=0.07 secs] 
30215.526: [GC 30215.527: [ParNew: 2297103K->48481K(2534400K), 0.0683620 secs] 6564462K->4318535K(10982400K), 0.0692870 secs] [Times: user=0.38 sys=0.00, real=0.07 secs] 
30216.968: [GC 30216.969: [ParNew: 2301281K->67214K(2534400K), 0.0691010 secs] 6571335K->4339646K(10982400K), 0.0698840 secs] [Times: user=0.37 sys=0.01, real=0.07 secs] 
30218.914: [GC 30218.914: [ParNew: 2320014K->96400K(2534400K), 0.0718810 secs] 6592446K->4370710K(10982400K), 0.0726560 secs] [Times: user=0.49 sys=0.00, real=0.07 secs] 
30220.581: [GC 30220.582: [ParNew: 2349200K->122542K(2534400K), 0.0686500 secs] 6623510K->4398154K(10982400K), 0.0695430 secs] [Times: user=0.72 sys=0.01, real=0.07 secs] 
30221.766: [GC 30221.766: [ParNew: 2373287K->184318K(2534400K), 0.0758880 secs] 6648899K->4461588K(10982400K), 0.0767630 secs] [Times: user=0.94 sys=0.00, real=0.08 secs] 
30222.958: [GC 30222.958: [ParNew: 2437118K->129382K(2534400K), 0.0626950 secs] 6714388K->4407583K(10982400K), 0.0635780 secs] [Times: user=0.46 sys=0.00, real=0.07 secs] 
30225.297: [GC 30225.297: [ParNew: 2382182K->57277K(2534400K), 0.0604420 secs] 6660383K->4341249K(10982400K), 0.0613290 secs] [Times: user=0.47 sys=0.01, real=0.06 secs] 
30226.749: [GC 30226.750: [ParNew: 2310077K->94957K(2534400K), 0.0687650 secs] 6594049K->4380956K(10982400K), 0.0696550 secs] [Times: user=0.53 sys=0.00, real=0.07 secs] 
30228.134: [GC 30228.135: [ParNew: 2347757K->95206K(2534400K), 0.0869030 secs] 6633756K->4384986K(10982400K), 0.0877770 secs] [Times: user=0.38 sys=0.01, real=0.08 secs] 
30229.621: [GC 30229.621: [ParNew: 2348006K->91096K(2534400K), 0.1042850 secs] 6637786K->4382278K(10982400K), 0.1051910 secs] [Times: user=0.45 sys=0.01, real=0.11 secs] 
30231.434: [GC 30231.435: [ParNew: 2343896K->111029K(2534400K), 0.1019610 secs] 6635078K->4404098K(10982400K), 0.1028780 secs] [Times: user=0.53 sys=0.00, real=0.10 secs] 
30232.986: [GC 30232.986: [ParNew: 2363829K->94297K(2534400K), 0.0633920 secs] 6656898K->4389059K(10982400K), 0.0642580 secs] [Times: user=0.48 sys=0.00, real=0.06 secs] 
30234.300: [GC 30234.300: [ParNew: 2347097K->68872K(2534400K), 0.0561860 secs] 6641859K->4364739K(10982400K), 0.0572060 secs] [Times: user=0.38 sys=0.00, real=0.06 secs] 
30235.621: [GC 30235.622: [ParNew: 2321672K->56016K(2534400K), 0.0594790 secs] 6617539K->4352858K(10982400K), 0.0604040 secs] [Times: user=0.40 sys=0.00, real=0.06 secs] 
30237.409: [GC 30237.410: [ParNew: 2308816K->99060K(2534400K), 0.0744440 secs] 6605658K->4396725K(10982400K), 0.0752300 secs] [Times: user=0.55 sys=0.00, real=0.08 secs] 
30238.679: [GC 30238.680: [ParNew: 2351860K->89198K(2534400K), 0.0722130 secs] 6649525K->4390668K(10982400K), 0.0731250 secs] [Times: user=0.48 sys=0.00, real=0.07 secs] 
30239.980: [GC 30239.981: [ParNew: 2341998K->76583K(2534400K), 0.0570750 secs] 6643468K->4378954K(10982400K), 0.0579780 secs] [Times: user=0.41 sys=0.00, real=0.06 secs] 
30240.965: [GC 30240.966: [ParNew: 2329383K->85317K(2534400K), 0.0535920 secs] 6631754K->4388801K(10982400K), 0.0544120 secs] [Times: user=0.50 sys=0.00, real=0.05 secs] 
30242.003: [GC 30242.004: [ParNew: 2338117K->118009K(2534400K), 0.0566990 secs] 6641601K->4424806K(10982400K), 0.0575860 secs] [Times: user=0.59 sys=0.01, real=0.06 secs] 
30242.806: [GC 30242.807: [ParNew: 2370809K->180620K(2534400K), 0.0697920 secs] 6677606K->4489119K(10982400K), 0.0706290 secs] [Times: user=0.79 sys=0.00, real=0.07 secs] 
30243.529: [GC 30243.529: [ParNew: 2433420K->126955K(2534400K), 0.0678690 secs] 6741919K->4446807K(10982400K), 0.0687390 secs] [Times: user=0.57 sys=0.00, real=0.07 secs] 
30244.292: [GC 30244.293: [ParNew: 2379755K->132671K(2534400K), 0.0649050 secs] 6699607K->4453248K(10982400K), 0.0657180 secs] [Times: user=0.75 sys=0.01, real=0.07 secs] 
30245.038: [GC 30245.038: [ParNew: 2385471K->123516K(2534400K), 0.0744420 secs] 6706048K->4444675K(10982400K), 0.0752000 secs] [Times: user=0.50 sys=0.00, real=0.07 secs] 
30246.005: [GC 30246.006: [ParNew: 2376307K->125642K(2534400K), 0.1141630 secs] 6697465K->4448669K(10982400K), 0.1150070 secs] [Times: user=0.39 sys=0.00, real=0.12 secs] 
30247.274: [GC 30247.274: [ParNew: 2378442K->191429K(2534400K), 0.1275970 secs] 6701469K->4515007K(10982400K), 0.1283800 secs] [Times: user=0.64 sys=0.01, real=0.13 secs] 
30248.496: [GC 30248.497: [ParNew: 2444229K->116516K(2534400K), 0.0777000 secs] 6767807K->4451613K(10982400K), 0.0784670 secs] [Times: user=0.30 sys=0.02, real=0.07 secs] 
30250.459: [GC 30250.459: [ParNew: 2369316K->73438K(2534400K), 0.0653270 secs] 6704413K->4408535K(10982400K), 0.0661910 secs] [Times: user=0.42 sys=0.00, real=0.06 secs] 
30251.854: [GC 30251.854: [ParNew: 2326238K->94393K(2534400K), 0.0675460 secs] 6661335K->4429489K(10982400K), 0.0684580 secs] [Times: user=0.51 sys=0.00, real=0.07 secs] 
30253.543: [GC 30253.544: [ParNew: 2347193K->104999K(2534400K), 0.0894930 secs] 6682289K->4440095K(10982400K), 0.0903960 secs] [Times: user=0.43 sys=0.00, real=0.09 secs] 
30255.334: [GC 30255.335: [ParNew: 2357799K->102121K(2534400K), 0.0869180 secs] 6692895K->4438665K(10982400K), 0.0877510 secs] [Times: user=0.49 sys=0.00, real=0.09 secs] 
30256.516: [GC 30256.516: [ParNew: 2354921K->113868K(2534400K), 0.0726590 secs] 6691465K->4452310K(10982400K), 0.0734230 secs] [Times: user=0.54 sys=0.00, real=0.08 secs] 
30257.502: [GC 30257.503: [ParNew: 2366668K->98246K(2534400K), 0.0748930 secs] 6705110K->4437285K(10982400K), 0.0757070 secs] [Times: user=0.34 sys=0.00, real=0.08 secs] 
30258.628: [GC 30258.628: [ParNew: 2351046K->87066K(2534400K), 0.0879170 secs] 6690085K->4427252K(10982400K), 0.0888040 secs] [Times: user=0.40 sys=0.00, real=0.09 secs] 
30260.011: [GC 30260.012: [ParNew: 2339866K->41225K(2534400K), 0.0477960 secs] 6680052K->4387457K(10982400K), 0.0486800 secs] [Times: user=0.36 sys=0.00, real=0.05 secs] 
30261.776: [GC 30261.777: [ParNew: 2294025K->47768K(2534400K), 0.0468630 secs] 6640257K->4395044K(10982400K), 0.0477150 secs] [Times: user=0.44 sys=0.00, real=0.05 secs] 
30263.719: [GC 30263.720: [ParNew: 2300568K->61368K(2534400K), 0.0482570 secs] 6647844K->4410117K(10982400K), 0.0490520 secs] [Times: user=0.44 sys=0.00, real=0.05 secs] 
30265.617: [GC 30265.618: [ParNew: 2314168K->53132K(2534400K), 0.0433520 secs] 6662917K->4402871K(10982400K), 0.0441140 secs] [Times: user=0.29 sys=0.00, real=0.05 secs] 
30267.206: [GC 30267.206: [ParNew: 2305932K->71007K(2534400K), 0.0481220 secs] 6655671K->4423697K(10982400K), 0.0488900 secs] [Times: user=0.49 sys=0.00, real=0.05 secs] 
30268.710: [GC 30268.710: [ParNew: 2323807K->55480K(2534400K), 0.0454550 secs] 6676497K->4409796K(10982400K), 0.0463540 secs] [Times: user=0.37 sys=0.01, real=0.04 secs] 
30270.437: [GC 30270.437: [ParNew: 2308280K->39048K(2534400K), 0.0514930 secs] 6662596K->4399956K(10982400K), 0.0522690 secs] [Times: user=0.35 sys=0.00, real=0.06 secs] 
30272.369: [GC 30272.370: [ParNew: 2291848K->43570K(2534400K), 0.0446110 secs] 6652756K->4405141K(10982400K), 0.0453840 secs] [Times: user=0.38 sys=0.00, real=0.05 secs] 
30274.304: [GC 30274.305: [ParNew: 2296370K->42969K(2534400K), 0.0509830 secs] 6657941K->4406726K(10982400K), 0.0518740 secs] [Times: user=0.37 sys=0.00, real=0.05 secs] 
30276.007: [GC 30276.008: [ParNew: 2295769K->86513K(2534400K), 0.0524660 secs] 6659526K->4450994K(10982400K), 0.0533440 secs] [Times: user=0.56 sys=0.00, real=0.06 secs] 
30277.375: [GC 30277.376: [ParNew: 2339313K->87274K(2534400K), 0.0484090 secs] 6703794K->4452568K(10982400K), 0.0492650 secs] [Times: user=0.53 sys=0.00, real=0.05 secs] 
30279.134: [GC 30279.134: [ParNew: 2340074K->70675K(2534400K), 0.0445020 secs] 6705368K->4436651K(10982400K), 0.0453990 secs] [Times: user=0.37 sys=0.00, real=0.04 secs] 
30281.529: [GC 30281.529: [ParNew: 2323475K->44640K(2534400K), 0.0541130 secs] 6689451K->4412374K(10982400K), 0.0548920 secs] [Times: user=0.42 sys=0.01, real=0.06 secs] 
30283.447: [GC 30283.447: [ParNew: 2297440K->74430K(2534400K), 0.0507130 secs] 6665174K->4444057K(10982400K), 0.0514840 secs] [Times: user=0.47 sys=0.00, real=0.05 secs] 
30285.722: [GC 30285.723: [ParNew: 2327230K->72475K(2534400K), 0.0580110 secs] 6696857K->4443838K(10982400K), 0.0588020 secs] [Times: user=0.51 sys=0.01, real=0.05 secs] 
30287.584: [GC 30287.584: [ParNew: 2325275K->102836K(2534400K), 0.0561450 secs] 6696638K->4475571K(10982400K), 0.0569110 secs] [Times: user=0.56 sys=0.00, real=0.05 secs] 
30289.372: [GC 30289.372: [ParNew: 2355636K->74228K(2534400K), 0.0536890 secs] 6728371K->4448204K(10982400K), 0.0545640 secs] [Times: user=0.45 sys=0.00, real=0.05 secs] 
30290.204: [GC 30290.205: [ParNew: 2327028K->39561K(2534400K), 0.0439040 secs] 6701004K->4426511K(10982400K), 0.0447940 secs] [Times: user=0.39 sys=0.01, real=0.04 secs] 
30291.468: [GC 30291.469: [ParNew: 2292361K->37347K(2534400K), 0.0393110 secs] 6679311K->4425924K(10982400K), 0.0402200 secs] [Times: user=0.34 sys=0.00, real=0.04 secs] 
30293.680: [GC 30293.681: [ParNew: 2290147K->48977K(2534400K), 0.0658380 secs] 6678724K->4439472K(10982400K), 0.0667590 secs] [Times: user=0.35 sys=0.00, real=0.07 secs] 
30295.187: [GC 30295.188: [ParNew: 2301777K->106260K(2534400K), 0.0847480 secs] 6692272K->4497799K(10982400K), 0.0856280 secs] [Times: user=0.50 sys=0.00, real=0.09 secs] 
30296.482: [GC 30296.483: [ParNew: 2359060K->73781K(2534400K), 0.0539390 secs] 6750599K->4465835K(10982400K), 0.0547980 secs] [Times: user=0.49 sys=0.00, real=0.06 secs] 
30297.487: [GC 30297.488: [ParNew: 2326581K->45256K(2534400K), 0.0366150 secs] 6718635K->4437736K(10982400K), 0.0375120 secs] [Times: user=0.34 sys=0.00, real=0.04 secs] 
30298.526: [GC 30298.527: [ParNew: 2298056K->92510K(2534400K), 0.0474090 secs] 6690536K->4486097K(10982400K), 0.0482340 secs] [Times: user=0.65 sys=0.00, real=0.05 secs] 
30299.980: [GC 30299.981: [ParNew: 2345310K->71290K(2534400K), 0.0390050 secs] 6738897K->4465585K(10982400K), 0.0397990 secs] [Times: user=0.29 sys=0.00, real=0.04 secs] 
30301.585: [GC 30301.585: [ParNew: 2324108K->31969K(2534400K), 0.0402950 secs] 6718403K->4427234K(10982400K), 0.0410280 secs] [Times: user=0.30 sys=0.00, real=0.04 secs] 
30301.630: [GC 30301.630: [ParNew: 36160K->32605K(2534400K), 0.0160210 secs] 4431425K->4428249K(10982400K), 0.0165940 secs] [Times: user=0.31 sys=0.00, real=0.02 secs] 
30302.969: [GC 30302.970: [ParNew: 2285405K->31739K(2534400K), 0.0435970 secs] 6681049K->4428206K(10982400K), 0.0444970 secs] [Times: user=0.38 sys=0.00, real=0.05 secs] 
30304.210: [GC 30304.210: [ParNew: 2284539K->27072K(2534400K), 0.0367470 secs] 6681006K->4425113K(10982400K), 0.0376060 secs] [Times: user=0.34 sys=0.00, real=0.04 secs] 
30305.416: [GC 30305.416: [ParNew: 2279872K->44083K(2534400K), 0.0451720 secs] 6677913K->4443012K(10982400K), 0.0460670 secs] [Times: user=0.42 sys=0.00, real=0.04 secs] 
30306.702: [GC 30306.702: [ParNew: 2296883K->37406K(2534400K), 0.0392200 secs] 6695812K->4436336K(10982400K), 0.0401030 secs] [Times: user=0.30 sys=0.00, real=0.04 secs] 
30308.143: [GC 30308.143: [ParNew: 2290206K->34865K(2534400K), 0.0412840 secs] 6689136K->4435513K(10982400K), 0.0421510 secs] [Times: user=0.31 sys=0.00, real=0.05 secs] 
30309.302: [GC 30309.303: [ParNew: 2287665K->105778K(2534400K), 0.0526750 secs] 6688313K->4506794K(10982400K), 0.0534930 secs] [Times: user=0.66 sys=0.01, real=0.06 secs] 
30310.171: [GC 30310.172: [ParNew: 2358578K->77705K(2534400K), 0.0423690 secs] 6759594K->4479945K(10982400K), 0.0432440 secs] [Times: user=0.43 sys=0.00, real=0.05 secs] 
30311.069: [GC 30311.070: [ParNew: 2330505K->112547K(2534400K), 0.0488960 secs] 6732745K->4516491K(10982400K), 0.0497710 secs] [Times: user=0.67 sys=0.00, real=0.05 secs] 
30311.796: [GC 30311.796: [ParNew: 2365347K->86560K(2534400K), 0.0381000 secs] 6769291K->4491371K(10982400K), 0.0389810 secs] [Times: user=0.41 sys=0.00, real=0.03 secs] 
30313.128: [GC 30313.129: [ParNew: 2339360K->103501K(2534400K), 0.0436250 secs] 6744171K->4509494K(10982400K), 0.0445120 secs] [Times: user=0.52 sys=0.00, real=0.04 secs] 
30314.471: [GC 30314.472: [ParNew: 2356301K->71765K(2534400K), 0.0433980 secs] 6762294K->4478674K(10982400K), 0.0443350 secs] [Times: user=0.39 sys=0.00, real=0.04 secs] 
30316.177: [GC 30316.178: [ParNew: 2324565K->36599K(2534400K), 0.0418970 secs] 6731474K->4444107K(10982400K), 0.0426890 secs] [Times: user=0.37 sys=0.00, real=0.04 secs] 
30317.869: [GC 30317.869: [ParNew: 2289399K->52096K(2534400K), 0.0462000 secs] 6696907K->4460950K(10982400K), 0.0469740 secs] [Times: user=0.46 sys=0.01, real=0.04 secs] 
30319.294: [GC 30319.295: [ParNew: 2304896K->77004K(2534400K), 0.0478950 secs] 6713750K->4488107K(10982400K), 0.0486080 secs] [Times: user=0.51 sys=0.00, real=0.05 secs] 
30320.820: [GC 30320.820: [ParNew: 2329804K->68078K(2534400K), 0.0410020 secs] 6740907K->4480004K(10982400K), 0.0416190 secs] [Times: user=0.41 sys=0.00, real=0.04 secs] 
30322.195: [GC 30322.195: [ParNew: 2320878K->89572K(2534400K), 0.0437940 secs] 6732804K->4502343K(10982400K), 0.0445430 secs] [Times: user=0.54 sys=0.00, real=0.05 secs] 
30323.727: [GC 30323.728: [ParNew: 2342372K->65779K(2534400K), 0.0444140 secs] 6755143K->4479789K(10982400K), 0.0451900 secs] [Times: user=0.48 sys=0.01, real=0.04 secs] 
30325.270: [GC 30325.270: [ParNew: 2318579K->53721K(2534400K), 0.0419640 secs] 6732589K->4468447K(10982400K), 0.0428760 secs] [Times: user=0.28 sys=0.00, real=0.04 secs] 
30326.634: [GC 30326.634: [ParNew: 2306521K->34946K(2534400K), 0.0418920 secs] 6721247K->4450523K(10982400K), 0.0427910 secs] [Times: user=0.36 sys=0.00, real=0.04 secs] 
30327.835: [GC 30327.835: [ParNew: 2287746K->58698K(2534400K), 0.0363960 secs] 6703323K->4474892K(10982400K), 0.0371630 secs] [Times: user=0.38 sys=0.00, real=0.04 secs] 
30329.318: [GC 30329.319: [ParNew: 2311498K->45817K(2534400K), 0.0453820 secs] 6727692K->4465150K(10982400K), 0.0461820 secs] [Times: user=0.28 sys=0.00, real=0.04 secs] 
30330.620: [GC 30330.621: [ParNew: 2298617K->36892K(2534400K), 0.0435760 secs] 6717950K->4457075K(10982400K), 0.0443490 secs] [Times: user=0.40 sys=0.00, real=0.04 secs] 
30331.702: [GC 30331.703: [ParNew: 2289692K->40063K(2534400K), 0.0405890 secs] 6709875K->4462450K(10982400K), 0.0413660 secs] [Times: user=0.40 sys=0.00, real=0.04 secs] 
30333.005: [GC 30333.006: [ParNew: 2292863K->33384K(2534400K), 0.0424270 secs] 6715250K->4456997K(10982400K), 0.0431840 secs] [Times: user=0.35 sys=0.00, real=0.05 secs] 
30334.221: [GC 30334.221: [ParNew: 2286184K->33772K(2534400K), 0.0408660 secs] 6709797K->4458380K(10982400K), 0.0416400 secs] [Times: user=0.34 sys=0.00, real=0.04 secs] 
30335.630: [GC 30335.631: [ParNew: 2286572K->39100K(2534400K), 0.0473280 secs] 6711180K->4464408K(10982400K), 0.0482210 secs] [Times: user=0.38 sys=0.00, real=0.04 secs] 
30336.641: [GC 30336.641: [ParNew: 2291900K->45202K(2534400K), 0.0394400 secs] 6717208K->4470945K(10982400K), 0.0403040 secs] [Times: user=0.38 sys=0.00, real=0.04 secs] 
30337.913: [GC 30337.913: [ParNew: 2298002K->61774K(2534400K), 0.0441260 secs] 6723745K->4488989K(10982400K), 0.0448950 secs] [Times: user=0.43 sys=0.01, real=0.04 secs] 
30339.006: [GC 30339.006: [ParNew: 2314574K->43933K(2534400K), 0.0416590 secs] 6741789K->4472205K(10982400K), 0.0424210 secs] [Times: user=0.33 sys=0.00, real=0.04 secs] 
30340.439: [GC 30340.440: [ParNew: 2296733K->33823K(2534400K), 0.0430700 secs] 6725005K->4463353K(10982400K), 0.0438400 secs] [Times: user=0.31 sys=0.00, real=0.05 secs] 
30341.479: [GC 30341.479: [ParNew: 2286623K->56985K(2534400K), 0.0412330 secs] 6716153K->4487226K(10982400K), 0.0419980 secs] [Times: user=0.42 sys=0.00, real=0.05 secs] 
30342.696: [GC 30342.697: [ParNew: 2309785K->50853K(2534400K), 0.0459910 secs] 6740026K->4481704K(10982400K), 0.0467520 secs] [Times: user=0.38 sys=0.00, real=0.05 secs] 
30343.707: [GC 30343.707: [ParNew: 2303653K->37979K(2534400K), 0.0476500 secs] 6734504K->4469179K(10982400K), 0.0484160 secs] [Times: user=0.38 sys=0.01, real=0.05 secs] 
30344.433: [GC 30344.434: [ParNew: 2290779K->56604K(2534400K), 0.0404620 secs] 6721979K->4488732K(10982400K), 0.0412250 secs] [Times: user=0.43 sys=0.00, real=0.04 secs] 
30345.178: [GC 30345.178: [ParNew: 2309404K->53593K(2534400K), 0.0401690 secs] 6741532K->4487078K(10982400K), 0.0409160 secs] [Times: user=0.41 sys=0.00, real=0.04 secs] 
30346.333: [GC 30346.333: [ParNew: 2306393K->48072K(2534400K), 0.0439210 secs] 6739878K->4482606K(10982400K), 0.0446820 secs] [Times: user=0.37 sys=0.00, real=0.04 secs] 
30347.508: [GC 30347.508: [ParNew: 2300872K->45489K(2534400K), 0.0424070 secs] 6735406K->4480712K(10982400K), 0.0431600 secs] [Times: user=0.35 sys=0.01, real=0.05 secs] 
30348.381: [GC 30348.381: [ParNew: 2298289K->52965K(2534400K), 0.0399780 secs] 6733512K->4491055K(10982400K), 0.0407150 secs] [Times: user=0.39 sys=0.00, real=0.04 secs] 
30349.365: [GC 30349.366: [ParNew: 2305765K->66145K(2534400K), 0.0437170 secs] 6743855K->4505187K(10982400K), 0.0445980 secs] [Times: user=0.41 sys=0.00, real=0.04 secs] 
30350.343: [GC 30350.343: [ParNew: 2318945K->47135K(2534400K), 0.0444270 secs] 6757987K->4487038K(10982400K), 0.0452430 secs] [Times: user=0.39 sys=0.00, real=0.04 secs] 
30351.568: [GC 30351.569: [ParNew: 2299935K->39530K(2534400K), 0.0412180 secs] 6739838K->4481550K(10982400K), 0.0419940 secs] [Times: user=0.36 sys=0.00, real=0.04 secs] 
30352.963: [GC 30352.964: [ParNew: 2292330K->33907K(2534400K), 0.0438920 secs] 6734350K->4476612K(10982400K), 0.0447970 secs] [Times: user=0.31 sys=0.00, real=0.04 secs] 
30353.933: [GC 30353.933: [ParNew: 2286707K->35334K(2534400K), 0.0450430 secs] 6729412K->4478674K(10982400K), 0.0458670 secs] [Times: user=0.40 sys=0.01, real=0.04 secs] 
30354.981: [GC 30354.981: [ParNew: 2288134K->48257K(2534400K), 0.0421550 secs] 6731474K->4492741K(10982400K), 0.0429060 secs] [Times: user=0.34 sys=0.00, real=0.05 secs] 
30356.252: [GC 30356.252: [ParNew: 2301057K->38992K(2534400K), 0.0487410 secs] 6745541K->4486638K(10982400K), 0.0494980 secs] [Times: user=0.41 sys=0.01, real=0.04 secs] 
30357.405: [GC 30357.405: [ParNew: 2289849K->26099K(2534400K), 0.0398620 secs] 6737496K->4475825K(10982400K), 0.0406400 secs] [Times: user=0.29 sys=0.00, real=0.04 secs] 
30358.515: [GC 30358.515: [ParNew: 2278899K->47596K(2534400K), 0.0446510 secs] 6728625K->4497878K(10982400K), 0.0454140 secs] [Times: user=0.43 sys=0.00, real=0.04 secs] 
30359.781: [GC 30359.781: [ParNew: 2300396K->50057K(2534400K), 0.0420790 secs] 6750678K->4501399K(10982400K), 0.0428450 secs] [Times: user=0.35 sys=0.01, real=0.05 secs] 
30360.700: [GC 30360.701: [ParNew: 2302857K->74476K(2534400K), 0.0462100 secs] 6754199K->4526862K(10982400K), 0.0470340 secs] [Times: user=0.51 sys=0.00, real=0.05 secs] 
30361.913: [GC 30361.913: [ParNew: 2327276K->56625K(2534400K), 0.0464170 secs] 6779662K->4509576K(10982400K), 0.0472870 secs] [Times: user=0.37 sys=0.00, real=0.04 secs] 
30363.299: [GC 30363.299: [ParNew: 2309425K->33921K(2534400K), 0.0561100 secs] 6762376K->4497469K(10982400K), 0.0570100 secs] [Times: user=0.33 sys=0.00, real=0.06 secs] 
30364.680: [GC 30364.681: [ParNew: 2286721K->35668K(2534400K), 0.0427720 secs] 6750269K->4500298K(10982400K), 0.0436230 secs] [Times: user=0.38 sys=0.00, real=0.05 secs] 
30365.932: [GC 30365.933: [ParNew: 2288468K->43225K(2534400K), 0.0432260 secs] 6753098K->4508287K(10982400K), 0.0439870 secs] [Times: user=0.42 sys=0.01, real=0.05 secs] 
30366.934: [GC 30366.935: [ParNew: 2296025K->47663K(2534400K), 0.0441680 secs] 6761087K->4513209K(10982400K), 0.0449220 secs] [Times: user=0.44 sys=0.00, real=0.04 secs] 
30367.515: [GC 30367.516: [ParNew: 2300463K->42987K(2534400K), 0.0379140 secs] 6766009K->4509510K(10982400K), 0.0387600 secs] [Times: user=0.41 sys=0.00, real=0.04 secs] 
30368.293: [GC 30368.294: [ParNew: 2295787K->36004K(2534400K), 0.0380730 secs] 6762310K->4503831K(10982400K), 0.0388310 secs] [Times: user=0.36 sys=0.01, real=0.04 secs] 
30369.324: [GC 30369.325: [ParNew: 2288804K->33936K(2534400K), 0.0471770 secs] 6756631K->4505665K(10982400K), 0.0479260 secs] [Times: user=0.38 sys=0.01, real=0.04 secs] 
30370.610: [GC 30370.610: [ParNew: 2286736K->53844K(2534400K), 0.0434630 secs] 6758465K->4526908K(10982400K), 0.0442230 secs] [Times: user=0.36 sys=0.00, real=0.04 secs] 
30371.851: [GC 30371.851: [ParNew: 2306644K->41565K(2534400K), 0.0459810 secs] 6779708K->4515437K(10982400K), 0.0469990 secs] [Times: user=0.34 sys=0.01, real=0.05 secs] 
30372.908: [GC 30372.908: [ParNew: 2294365K->65071K(2534400K), 0.0450530 secs] 6768237K->4539616K(10982400K), 0.0459000 secs] [Times: user=0.44 sys=0.00, real=0.04 secs] 
30373.628: [GC 30373.629: [ParNew: 2317871K->90274K(2534400K), 0.0428910 secs] 6792416K->4565534K(10982400K), 0.0437540 secs] [Times: user=0.48 sys=0.00, real=0.04 secs] 
30374.827: [GC 30374.828: [ParNew: 2343074K->65387K(2534400K), 0.0439790 secs] 6818334K->4543899K(10982400K), 0.0447430 secs] [Times: user=0.29 sys=0.00, real=0.04 secs] 
30376.091: [GC 30376.091: [ParNew: 2318187K->33300K(2534400K), 0.0432920 secs] 6796699K->4512505K(10982400K), 0.0441960 secs] [Times: user=0.30 sys=0.00, real=0.05 secs] 
30377.325: [GC 30377.325: [ParNew: 2286100K->83623K(2534400K), 0.0532700 secs] 6765305K->4563535K(10982400K), 0.0541640 secs] [Times: user=0.57 sys=0.01, real=0.06 secs] 
30378.155: [GC 30378.155: [ParNew: 2336423K->62309K(2534400K), 0.0384890 secs] 6816335K->4542738K(10982400K), 0.0393020 secs] [Times: user=0.30 sys=0.01, real=0.04 secs] 
30379.315: [GC 30379.316: [ParNew: 2315109K->45013K(2534400K), 0.0617200 secs] 6795538K->4526215K(10982400K), 0.0626070 secs] [Times: user=0.43 sys=0.00, real=0.07 secs] 
30381.356: [GC 30381.356: [ParNew: 2297813K->36973K(2534400K), 0.0520300 secs] 6779015K->4518905K(10982400K), 0.0529350 secs] [Times: user=0.41 sys=0.00, real=0.06 secs] 
30384.034: [GC 30384.035: [ParNew: 2289773K->64555K(2534400K), 0.0587530 secs] 6771705K->4547249K(10982400K), 0.0596630 secs] [Times: user=0.52 sys=0.01, real=0.06 secs] 
30386.355: [GC 30386.355: [ParNew: 2317355K->90125K(2534400K), 0.0577740 secs] 6800049K->4573093K(10982400K), 0.0586860 secs] [Times: user=0.56 sys=0.00, real=0.06 secs] 
30388.441: [GC 30388.441: [ParNew: 2342925K->103694K(2534400K), 0.0550490 secs] 6825893K->4588201K(10982400K), 0.0558900 secs] [Times: user=0.54 sys=0.01, real=0.06 secs] 
30390.429: [GC 30390.430: [ParNew: 2356494K->82048K(2534400K), 0.0509440 secs] 6841001K->4567289K(10982400K), 0.0518490 secs] [Times: user=0.45 sys=0.00, real=0.05 secs] 
30392.162: [GC 30392.162: [ParNew: 2334848K->117536K(2534400K), 0.0537280 secs] 6820089K->4604119K(10982400K), 0.0546030 secs] [Times: user=0.60 sys=0.01, real=0.05 secs] 
30394.155: [GC 30394.156: [ParNew: 2370336K->79706K(2534400K), 0.0477590 secs] 6856919K->4568055K(10982400K), 0.0485450 secs] [Times: user=0.36 sys=0.01, real=0.05 secs] 
30396.161: [GC 30396.162: [ParNew: 2332506K->58541K(2534400K), 0.0515310 secs] 6820855K->4548557K(10982400K), 0.0523130 secs] [Times: user=0.42 sys=0.00, real=0.05 secs] 
30398.077: [GC 30398.077: [ParNew: 2311341K->92978K(2534400K), 0.0547170 secs] 6801357K->4584114K(10982400K), 0.0554940 secs] [Times: user=0.62 sys=0.00, real=0.06 secs] 
30400.208: [GC 30400.208: [ParNew: 2345778K->67835K(2534400K), 0.0475460 secs] 6836914K->4559981K(10982400K), 0.0484430 secs] [Times: user=0.31 sys=0.01, real=0.05 secs] 
30402.488: [GC 30402.489: [ParNew: 2320635K->41233K(2534400K), 0.0563040 secs] 6812781K->4534502K(10982400K), 0.0572010 secs] [Times: user=0.43 sys=0.00, real=0.06 secs] 
30404.925: [GC 30404.926: [ParNew: 2293953K->36187K(2534400K), 0.0494800 secs] 6787221K->4530614K(10982400K), 0.0503670 secs] [Times: user=0.38 sys=0.00, real=0.05 secs] 
30407.468: [GC 30407.468: [ParNew: 2288987K->40411K(2534400K), 0.0499400 secs] 6783414K->4536646K(10982400K), 0.0507230 secs] [Times: user=0.36 sys=0.01, real=0.05 secs] 
30410.288: [GC 30410.288: [ParNew: 2293211K->39760K(2534400K), 0.0517490 secs] 6789446K->4537657K(10982400K), 0.0525610 secs] [Times: user=0.36 sys=0.00, real=0.06 secs] 
30412.873: [GC 30412.873: [ParNew: 2292560K->34174K(2534400K), 0.0681890 secs] 6790457K->4536941K(10982400K), 0.0691350 secs] [Times: user=0.36 sys=0.01, real=0.07 secs] 
30415.014: [GC 30415.015: [ParNew: 2286974K->33101K(2534400K), 0.0504710 secs] 6789741K->4536868K(10982400K), 0.0512640 secs] [Times: user=0.32 sys=0.01, real=0.05 secs] 
30417.522: [GC 30417.523: [ParNew: 2285901K->31235K(2534400K), 0.0565750 secs] 6789668K->4536441K(10982400K), 0.0573600 secs] [Times: user=0.42 sys=0.01, real=0.05 secs] 
30419.904: [GC 30419.905: [ParNew: 2284035K->49300K(2534400K), 0.0559180 secs] 6789241K->4555539K(10982400K), 0.0568240 secs] [Times: user=0.47 sys=0.00, real=0.05 secs] 
30421.893: [GC 30421.893: [ParNew: 2302100K->50958K(2534400K), 0.0531710 secs] 6808339K->4558046K(10982400K), 0.0541050 secs] [Times: user=0.43 sys=0.00, real=0.05 secs] 
30424.011: [GC 30424.012: [ParNew: 2303758K->68050K(2534400K), 0.0495980 secs] 6810846K->4576185K(10982400K), 0.0504320 secs] [Times: user=0.44 sys=0.00, real=0.05 secs] 
30425.647: [GC 30425.648: [ParNew: 2320850K->110412K(2534400K), 0.0520240 secs] 6828985K->4619668K(10982400K), 0.0527980 secs] [Times: user=0.65 sys=0.00, real=0.05 secs] 
30427.651: [GC 30427.652: [ParNew: 2363212K->84611K(2534400K), 0.0548070 secs] 6872468K->4595882K(10982400K), 0.0558680 secs] [Times: user=0.44 sys=0.00, real=0.06 secs] 
30429.990: [GC 30429.990: [ParNew: 2337411K->76584K(2534400K), 0.0670840 secs] 6848682K->4599804K(10982400K), 0.0678600 secs] [Times: user=0.56 sys=0.01, real=0.07 secs] 
30431.959: [GC 30431.959: [ParNew: 2329384K->79923K(2534400K), 0.0499970 secs] 6852604K->4605856K(10982400K), 0.0508800 secs] [Times: user=0.45 sys=0.00, real=0.05 secs] 
30434.080: [GC 30434.081: [ParNew: 2332723K->58748K(2534400K), 0.0528640 secs] 6858656K->4585710K(10982400K), 0.0537770 secs] [Times: user=0.44 sys=0.00, real=0.06 secs] 
30436.596: [GC 30436.597: [ParNew: 2311548K->56100K(2534400K), 0.0569930 secs] 6838510K->4587010K(10982400K), 0.0578960 secs] [Times: user=0.46 sys=0.00, real=0.05 secs] 
30439.152: [GC 30439.153: [ParNew: 2308900K->53853K(2534400K), 0.0554360 secs] 6839810K->4586393K(10982400K), 0.0563490 secs] [Times: user=0.43 sys=0.00, real=0.06 secs] 
30441.829: [GC 30441.830: [ParNew: 2306642K->56880K(2534400K), 0.0569140 secs] 6839182K->4591116K(10982400K), 0.0578560 secs] [Times: user=0.42 sys=0.00, real=0.06 secs] 
30444.214: [GC 30444.214: [ParNew: 2309680K->71657K(2534400K), 0.0525360 secs] 6843916K->4606881K(10982400K), 0.0533210 secs] [Times: user=0.44 sys=0.00, real=0.06 secs] 
30446.534: [GC 30446.535: [ParNew: 2324457K->52886K(2534400K), 0.0585370 secs] 6859681K->4599086K(10982400K), 0.0593120 secs] [Times: user=0.36 sys=0.00, real=0.06 secs] 
30449.143: [GC 30449.143: [ParNew: 2305686K->38313K(2534400K), 0.0540080 secs] 6851886K->4585691K(10982400K), 0.0549060 secs] [Times: user=0.37 sys=0.00, real=0.06 secs] 
30451.357: [GC 30451.358: [ParNew: 2291113K->38678K(2534400K), 0.0500780 secs] 6838491K->4588301K(10982400K), 0.0508680 secs] [Times: user=0.38 sys=0.01, real=0.05 secs] 
30453.626: [GC 30453.626: [ParNew: 2291478K->36874K(2534400K), 0.0485120 secs] 6841101K->4587811K(10982400K), 0.0492880 secs] [Times: user=0.37 sys=0.01, real=0.05 secs] 
30455.774: [GC 30455.774: [ParNew: 2289674K->34767K(2534400K), 0.0457810 secs] 6840611K->4589501K(10982400K), 0.0465720 secs] [Times: user=0.30 sys=0.01, real=0.05 secs] 
30457.029: [GC 30457.029: [ParNew: 2287567K->30107K(2534400K), 0.0337580 secs] 6842301K->4585830K(10982400K), 0.0345220 secs] [Times: user=0.37 sys=0.00, real=0.03 secs] 
30458.780: [GC 30458.780: [ParNew: 2282907K->39262K(2534400K), 0.0414530 secs] 6838630K->4596423K(10982400K), 0.0422600 secs] [Times: user=0.35 sys=0.00, real=0.04 secs] 
30460.438: [GC 30460.439: [ParNew: 2292062K->75980K(2534400K), 0.0454390 secs] 6849223K->4634456K(10982400K), 0.0462350 secs] [Times: user=0.49 sys=0.00, real=0.04 secs] 
30461.352: [GC 30461.352: [ParNew: 2328780K->77770K(2534400K), 0.0355920 secs] 6887256K->4639482K(10982400K), 0.0363480 secs] [Times: user=0.40 sys=0.00, real=0.04 secs] 
30463.366: [GC 30463.367: [ParNew: 2330570K->60952K(2534400K), 0.0518000 secs] 6892282K->4623129K(10982400K), 0.0526930 secs] [Times: user=0.41 sys=0.00, real=0.06 secs] 
30464.686: [GC 30464.686: [ParNew: 2313752K->84423K(2534400K), 0.0428000 secs] 6875929K->4647662K(10982400K), 0.0435790 secs] [Times: user=0.50 sys=0.00, real=0.05 secs] 
30466.571: [GC 30466.572: [ParNew: 2337223K->68451K(2534400K), 0.0604350 secs] 6900462K->4642492K(10982400K), 0.0612260 secs] [Times: user=0.47 sys=0.00, real=0.06 secs] 
30468.469: [GC 30468.470: [ParNew: 2321251K->69034K(2534400K), 0.0614790 secs] 6895292K->4643742K(10982400K), 0.0622590 secs] [Times: user=0.42 sys=0.00, real=0.06 secs] 
30470.199: [GC 30470.199: [ParNew: 2321834K->97217K(2534400K), 0.0722900 secs] 6896542K->4673354K(10982400K), 0.0731780 secs] [Times: user=0.52 sys=0.00, real=0.08 secs] 
30472.023: [GC 30472.024: [ParNew: 2350017K->60277K(2534400K), 0.0590630 secs] 6926154K->4638136K(10982400K), 0.0599660 secs] [Times: user=0.39 sys=0.00, real=0.06 secs] 
30473.624: [GC 30473.624: [ParNew: 2313077K->48761K(2534400K), 0.0584220 secs] 6890936K->4629559K(10982400K), 0.0592890 secs] [Times: user=0.34 sys=0.01, real=0.06 secs] 
30474.907: [GC 30474.907: [ParNew: 2301561K->55657K(2534400K), 0.0581530 secs] 6882359K->4638910K(10982400K), 0.0589400 secs] [Times: user=0.37 sys=0.00, real=0.06 secs] 
30476.493: [GC 30476.493: [ParNew: 2308457K->74171K(2534400K), 0.0720910 secs] 6891710K->4659901K(10982400K), 0.0728640 secs] [Times: user=0.38 sys=0.01, real=0.07 secs] 
30477.896: [GC 30477.897: [ParNew: 2326971K->47607K(2534400K), 0.0476190 secs] 6912701K->4634349K(10982400K), 0.0483740 secs] [Times: user=0.36 sys=0.00, real=0.05 secs] 
30479.320: [GC 30479.321: [ParNew: 2300407K->82646K(2534400K), 0.0586810 secs] 6887149K->4672732K(10982400K), 0.0594650 secs] [Times: user=0.50 sys=0.00, real=0.06 secs] 
30480.568: [GC 30480.569: [ParNew: 2335446K->74134K(2534400K), 0.0615740 secs] 6925532K->4665260K(10982400K), 0.0623670 secs] [Times: user=0.38 sys=0.00, real=0.07 secs] 
30481.889: [GC 30481.889: [ParNew: 2326934K->26988K(2534400K), 0.0436510 secs] 6918060K->4621372K(10982400K), 0.0444300 secs] [Times: user=0.34 sys=0.00, real=0.05 secs] 
30484.502: [GC 30484.503: [ParNew: 2279788K->30289K(2534400K), 0.0514320 secs] 6874172K->4625225K(10982400K), 0.0522180 secs] [Times: user=0.36 sys=0.00, real=0.05 secs] 
30487.027: [GC 30487.028: [ParNew: 2283089K->39437K(2534400K), 0.0540020 secs] 6878025K->4635250K(10982400K), 0.0549220 secs] [Times: user=0.39 sys=0.00, real=0.06 secs] 
30489.382: [GC 30489.382: [ParNew: 2292237K->54628K(2534400K), 0.0528770 secs] 6888050K->4652147K(10982400K), 0.0538090 secs] [Times: user=0.43 sys=0.01, real=0.06 secs] 
30491.423: [GC 30491.424: [ParNew: 2307428K->71814K(2534400K), 0.0482540 secs] 6904947K->4669929K(10982400K), 0.0491550 secs] [Times: user=0.40 sys=0.00, real=0.04 secs] 
30493.458: [GC 30493.458: [ParNew: 2324614K->51916K(2534400K), 0.0519160 secs] 6922729K->4650739K(10982400K), 0.0528510 secs] [Times: user=0.43 sys=0.01, real=0.05 secs] 
30495.170: [GC 30495.171: [ParNew: 2304716K->39281K(2534400K), 0.0433740 secs] 6903539K->4642008K(10982400K), 0.0443060 secs] [Times: user=0.37 sys=0.00, real=0.05 secs] 
30496.734: [GC 30496.734: [ParNew: 2292081K->72954K(2534400K), 0.0481220 secs] 6894808K->4679007K(10982400K), 0.0490450 secs] [Times: user=0.48 sys=0.01, real=0.04 secs] 
30498.254: [GC 30498.255: [ParNew: 2325754K->55052K(2534400K), 0.0439330 secs] 6931807K->4662110K(10982400K), 0.0447040 secs] [Times: user=0.42 sys=0.00, real=0.04 secs] 
30499.998: [GC 30499.998: [ParNew: 2307864K->40097K(2534400K), 0.0478870 secs] 6914922K->4647782K(10982400K), 0.0487380 secs] [Times: user=0.41 sys=0.01, real=0.05 secs] 
30500.050: [GC 30500.050: [ParNew: 40587K->41932K(2534400K), 0.0173990 secs] 4648272K->4650599K(10982400K), 0.0180250 secs] [Times: user=0.34 sys=0.00, real=0.02 secs] 
30502.012: [GC 30502.013: [ParNew: 2294732K->47478K(2534400K), 0.0485580 secs] 6903399K->4657467K(10982400K), 0.0493420 secs] [Times: user=0.38 sys=0.00, real=0.05 secs] 
30503.518: [GC 30503.518: [ParNew: 2300278K->63502K(2534400K), 0.0457460 secs] 6910267K->4674137K(10982400K), 0.0466130 secs] [Times: user=0.48 sys=0.01, real=0.04 secs] 
30505.133: [GC 30505.134: [ParNew: 2316302K->63225K(2534400K), 0.0428380 secs] 6926937K->4675274K(10982400K), 0.0437520 secs] [Times: user=0.46 sys=0.00, real=0.05 secs] 
30506.717: [GC 30506.717: [ParNew: 2316025K->49049K(2534400K), 0.0379510 secs] 6928074K->4661097K(10982400K), 0.0387170 secs] [Times: user=0.36 sys=0.00, real=0.04 secs] 
30508.728: [GC 30508.729: [ParNew: 2301849K->46787K(2534400K), 0.0529990 secs] 6913897K->4660543K(10982400K), 0.0538900 secs] [Times: user=0.45 sys=0.01, real=0.05 secs] 
30510.363: [GC 30510.363: [ParNew: 2299587K->41599K(2534400K), 0.0443140 secs] 6913343K->4656602K(10982400K), 0.0451120 secs] [Times: user=0.37 sys=0.00, real=0.05 secs] 
30512.250: [GC 30512.251: [ParNew: 2294399K->41616K(2534400K), 0.0487680 secs] 6909402K->4658046K(10982400K), 0.0496660 secs] [Times: user=0.43 sys=0.00, real=0.05 secs] 
30513.714: [GC 30513.714: [ParNew: 2294416K->80825K(2534400K), 0.0471450 secs] 6910846K->4699735K(10982400K), 0.0479180 secs] [Times: user=0.51 sys=0.00, real=0.05 secs] 
30515.394: [GC 30515.395: [ParNew: 2333625K->61880K(2534400K), 0.0438230 secs] 6952535K->4684902K(10982400K), 0.0445960 secs] [Times: user=0.37 sys=0.01, real=0.05 secs] 
30517.134: [GC 30517.135: [ParNew: 2314680K->37024K(2534400K), 0.0493020 secs] 6937702K->4664231K(10982400K), 0.0502300 secs] [Times: user=0.42 sys=0.01, real=0.05 secs] 
30518.789: [GC 30518.790: [ParNew: 2289824K->50418K(2534400K), 0.0442850 secs] 6917031K->4680293K(10982400K), 0.0450410 secs] [Times: user=0.41 sys=0.00, real=0.04 secs] 
30520.683: [GC 30520.684: [ParNew: 2303218K->62962K(2534400K), 0.0481270 secs] 6933093K->4694651K(10982400K), 0.0490610 secs] [Times: user=0.43 sys=0.01, real=0.05 secs] 
30522.311: [GC 30522.311: [ParNew: 2315762K->48212K(2534400K), 0.0495090 secs] 6947451K->4682021K(10982400K), 0.0503870 secs] [Times: user=0.35 sys=0.00, real=0.05 secs] 
30524.052: [GC 30524.053: [ParNew: 2301012K->56814K(2534400K), 0.0546730 secs] 6934821K->4692622K(10982400K), 0.0555870 secs] [Times: user=0.44 sys=0.00, real=0.06 secs] 
30525.375: [GC 30525.376: [ParNew: 2309614K->41347K(2534400K), 0.0438050 secs] 6945422K->4678734K(10982400K), 0.0447100 secs] [Times: user=0.36 sys=0.01, real=0.05 secs] 
30527.111: [GC 30527.112: [ParNew: 2294147K->34483K(2534400K), 0.0462220 secs] 6931534K->4673178K(10982400K), 0.0471350 secs] [Times: user=0.40 sys=0.00, real=0.05 secs] 
30528.655: [GC 30528.656: [ParNew: 2287283K->40888K(2534400K), 0.0473500 secs] 6925978K->4680911K(10982400K), 0.0481180 secs] [Times: user=0.42 sys=0.00, real=0.05 secs] 
30529.959: [GC 30529.959: [ParNew: 2293688K->36446K(2534400K), 0.0398240 secs] 6933711K->4677422K(10982400K), 0.0406010 secs] [Times: user=0.34 sys=0.01, real=0.04 secs] 
30531.831: [GC 30531.832: [ParNew: 2289246K->59291K(2534400K), 0.0551440 secs] 6930222K->4705371K(10982400K), 0.0559230 secs] [Times: user=0.50 sys=0.01, real=0.05 secs] 
30533.850: [GC 30533.851: [ParNew: 2312091K->48345K(2534400K), 0.0496720 secs] 6958171K->4695237K(10982400K), 0.0505890 secs] [Times: user=0.33 sys=0.00, real=0.05 secs] 
30535.403: [GC 30535.404: [ParNew: 2301145K->72890K(2534400K), 0.0517580 secs] 6948037K->4720540K(10982400K), 0.0528300 secs] [Times: user=0.48 sys=0.00, real=0.05 secs] 
30537.253: [GC 30537.254: [ParNew: 2325690K->92613K(2534400K), 0.0487990 secs] 6973340K->4741183K(10982400K), 0.0495880 secs] [Times: user=0.47 sys=0.00, real=0.05 secs] 
30538.740: [GC 30538.740: [ParNew: 2345413K->102254K(2534400K), 0.0503480 secs] 6993983K->4751411K(10982400K), 0.0512490 secs] [Times: user=0.55 sys=0.00, real=0.05 secs] 
30540.793: [GC 30540.793: [ParNew: 2355054K->93556K(2534400K), 0.0587200 secs] 7004211K->4747463K(10982400K), 0.0596180 secs] [Times: user=0.46 sys=0.00, real=0.06 secs] 
30542.791: [GC 30542.791: [ParNew: 2346356K->83917K(2534400K), 0.0568780 secs] 7000263K->4745498K(10982400K), 0.0577660 secs] [Times: user=0.46 sys=0.01, real=0.05 secs] 
30544.589: [GC 30544.589: [ParNew: 2336717K->60532K(2534400K), 0.0511400 secs] 6998298K->4729656K(10982400K), 0.0520310 secs] [Times: user=0.36 sys=0.00, real=0.06 secs] 
30546.434: [GC 30546.434: [ParNew: 2313332K->34690K(2534400K), 0.0498020 secs] 6982456K->4705297K(10982400K), 0.0507020 secs] [Times: user=0.40 sys=0.00, real=0.05 secs] 
30548.709: [GC 30548.710: [ParNew: 2287490K->37702K(2534400K), 0.0492610 secs] 6958097K->4709410K(10982400K), 0.0501670 secs] [Times: user=0.36 sys=0.00, real=0.05 secs] 
30551.236: [GC 30551.236: [ParNew: 2290502K->33266K(2534400K), 0.0516410 secs] 6962210K->4706736K(10982400K), 0.0524360 secs] [Times: user=0.41 sys=0.00, real=0.05 secs] 
30553.969: [GC 30553.969: [ParNew: 2286066K->43767K(2534400K), 0.0542780 secs] 6959536K->4718782K(10982400K), 0.0551840 secs] [Times: user=0.40 sys=0.00, real=0.06 secs] 
30555.948: [GC 30555.948: [ParNew: 2296567K->71092K(2534400K), 0.0559200 secs] 6971582K->4748249K(10982400K), 0.0568380 secs] [Times: user=0.47 sys=0.00, real=0.06 secs] 
30558.371: [GC 30558.371: [ParNew: 2323892K->57954K(2534400K), 0.0523090 secs] 7001049K->4736006K(10982400K), 0.0530930 secs] [Times: user=0.44 sys=0.00, real=0.06 secs] 
30560.815: [GC 30560.816: [ParNew: 2310754K->69348K(2534400K), 0.0546860 secs] 6988806K->4749381K(10982400K), 0.0556190 secs] [Times: user=0.45 sys=0.01, real=0.05 secs] 
30562.797: [GC 30562.798: [ParNew: 2322148K->76361K(2534400K), 0.0517980 secs] 7002181K->4757707K(10982400K), 0.0528800 secs] [Times: user=0.48 sys=0.00, real=0.05 secs] 
30564.929: [GC 30564.930: [ParNew: 2329161K->53058K(2534400K), 0.0477470 secs] 7010507K->4736023K(10982400K), 0.0486910 secs] [Times: user=0.36 sys=0.00, real=0.05 secs] 
30566.735: [GC 30566.736: [ParNew: 2305858K->34661K(2534400K), 0.0466140 secs] 6988823K->4718646K(10982400K), 0.0475540 secs] [Times: user=0.41 sys=0.00, real=0.04 secs] 
30569.051: [GC 30569.052: [ParNew: 2287461K->34194K(2534400K), 0.0561120 secs] 6971446K->4720152K(10982400K), 0.0569080 secs] [Times: user=0.38 sys=0.00, real=0.06 secs] 
30570.976: [GC 30570.976: [ParNew: 2286994K->33988K(2534400K), 0.0435270 secs] 6972952K->4721526K(10982400K), 0.0443010 secs] [Times: user=0.36 sys=0.00, real=0.04 secs] 
30573.162: [GC 30573.163: [ParNew: 2286788K->34703K(2534400K), 0.0553500 secs] 6974326K->4723664K(10982400K), 0.0564360 secs] [Times: user=0.38 sys=0.00, real=0.06 secs] 
30575.012: [GC 30575.012: [ParNew: 2287503K->65726K(2534400K), 0.0476460 secs] 6976464K->4756642K(10982400K), 0.0484870 secs] [Times: user=0.44 sys=0.00, real=0.05 secs] 
30576.515: [GC 30576.516: [ParNew: 2318526K->52287K(2534400K), 0.0530700 secs] 7009442K->4744080K(10982400K), 0.0541580 secs] [Times: user=0.43 sys=0.00, real=0.06 secs] 
30578.349: [GC 30578.350: [ParNew: 2305087K->79297K(2534400K), 0.0504480 secs] 6996880K->4772525K(10982400K), 0.0512170 secs] [Times: user=0.54 sys=0.01, real=0.05 secs] 
30580.319: [GC 30580.319: [ParNew: 2332097K->97964K(2534400K), 0.0564150 secs] 7025325K->4796252K(10982400K), 0.0573450 secs] [Times: user=0.54 sys=0.00, real=0.06 secs] 
30582.149: [GC 30582.150: [ParNew: 2350764K->80407K(2534400K), 0.0482650 secs] 7049052K->4782377K(10982400K), 0.0490490 secs] [Times: user=0.51 sys=0.00, real=0.05 secs] 
30583.749: [GC 30583.749: [ParNew: 2333207K->98817K(2534400K), 0.0492610 secs] 7035177K->4804224K(10982400K), 0.0500480 secs] [Times: user=0.55 sys=0.00, real=0.05 secs] 
30586.161: [GC 30586.161: [ParNew: 2351617K->68025K(2534400K), 0.0559880 secs] 7057024K->4775881K(10982400K), 0.0567820 secs] [Times: user=0.44 sys=0.01, real=0.06 secs] 
30588.105: [GC 30588.106: [ParNew: 2320825K->46645K(2534400K), 0.0628290 secs] 7028681K->4762388K(10982400K), 0.0636150 secs] [Times: user=0.36 sys=0.00, real=0.07 secs] 
30589.878: [GC 30589.878: [ParNew: 2299445K->82423K(2534400K), 0.0710970 secs] 7015188K->4799140K(10982400K), 0.0718840 secs] [Times: user=0.54 sys=0.00, real=0.07 secs] 
30592.520: [GC 30592.520: [ParNew: 2335223K->92687K(2534400K), 0.0632890 secs] 7051940K->4811379K(10982400K), 0.0640840 secs] [Times: user=0.53 sys=0.00, real=0.06 secs] 
30594.721: [GC 30594.722: [ParNew: 2345487K->62232K(2534400K), 0.0541200 secs] 7064179K->4782888K(10982400K), 0.0549110 secs] [Times: user=0.36 sys=0.01, real=0.05 secs] 
30596.950: [GC 30596.950: [ParNew: 2315032K->41752K(2534400K), 0.0523900 secs] 7035688K->4764172K(10982400K), 0.0531940 secs] [Times: user=0.39 sys=0.00, real=0.05 secs] 
30599.379: [GC 30599.379: [ParNew: 2294552K->61907K(2534400K), 0.0583010 secs] 7016972K->4785224K(10982400K), 0.0591660 secs] [Times: user=0.43 sys=0.01, real=0.05 secs] 
30601.915: [GC 30601.916: [ParNew: 2314707K->55177K(2534400K), 0.0515640 secs] 7038024K->4780953K(10982400K), 0.0523610 secs] [Times: user=0.39 sys=0.00, real=0.05 secs] 
30604.026: [GC 30604.026: [ParNew: 2307977K->88824K(2534400K), 0.0622930 secs] 7033753K->4815804K(10982400K), 0.0630870 secs] [Times: user=0.57 sys=0.00, real=0.06 secs] 
30605.786: [GC 30605.787: [ParNew: 2341624K->63563K(2534400K), 0.0463320 secs] 7068604K->4797248K(10982400K), 0.0472610 secs] [Times: user=0.37 sys=0.00, real=0.05 secs] 
30606.992: [GC 30606.992: [ParNew: 2316363K->30330K(2534400K), 0.0412800 secs] 7050048K->4775532K(10982400K), 0.0421600 secs] [Times: user=0.30 sys=0.01, real=0.04 secs] 
30608.953: [GC 30608.953: [ParNew: 2283130K->24682K(2534400K), 0.0464870 secs] 7028332K->4770716K(10982400K), 0.0473930 secs] [Times: user=0.31 sys=0.00, real=0.04 secs] 
30610.435: [GC 30610.436: [ParNew: 2277482K->52109K(2534400K), 0.0410110 secs] 7023516K->4799060K(10982400K), 0.0420660 secs] [Times: user=0.37 sys=0.00, real=0.04 secs] 
30612.000: [GC 30612.000: [ParNew: 2304909K->57720K(2534400K), 0.0451150 secs] 7051860K->4805668K(10982400K), 0.0460150 secs] [Times: user=0.40 sys=0.01, real=0.05 secs] 
30613.161: [GC 30613.162: [ParNew: 2310520K->44599K(2534400K), 0.0382200 secs] 7058468K->4793062K(10982400K), 0.0390910 secs] [Times: user=0.36 sys=0.00, real=0.04 secs] 
30615.337: [GC 30615.337: [ParNew: 2297399K->40530K(2534400K), 0.0485520 secs] 7045862K->4790968K(10982400K), 0.0494590 secs] [Times: user=0.38 sys=0.00, real=0.05 secs] 
30617.141: [GC 30617.141: [ParNew: 2293330K->46446K(2534400K), 0.0439860 secs] 7043768K->4798180K(10982400K), 0.0447580 secs] [Times: user=0.37 sys=0.00, real=0.05 secs] 
30619.028: [GC 30619.028: [ParNew: 2299246K->38493K(2534400K), 0.0403250 secs] 7050980K->4791562K(10982400K), 0.0411120 secs] [Times: user=0.32 sys=0.00, real=0.04 secs] 
30621.413: [GC 30621.414: [ParNew: 2291293K->44377K(2534400K), 0.0553690 secs] 7044362K->4803676K(10982400K), 0.0561570 secs] [Times: user=0.46 sys=0.01, real=0.05 secs] 
30622.994: [GC 30622.994: [ParNew: 2297177K->36520K(2534400K), 0.0464420 secs] 7056476K->4797215K(10982400K), 0.0473640 secs] [Times: user=0.36 sys=0.01, real=0.04 secs] 
30624.191: [GC 30624.192: [ParNew: 2289320K->91896K(2534400K), 0.0456960 secs] 7050015K->4853481K(10982400K), 0.0467250 secs] [Times: user=0.59 sys=0.01, real=0.05 secs] 
30625.578: [GC 30625.579: [ParNew: 2344696K->70533K(2534400K), 0.0443690 secs] 7106281K->4833263K(10982400K), 0.0452510 secs] [Times: user=0.36 sys=0.00, real=0.05 secs] 
30627.627: [GC 30627.628: [ParNew: 2323333K->35030K(2534400K), 0.0472910 secs] 7086063K->4800136K(10982400K), 0.0480680 secs] [Times: user=0.40 sys=0.00, real=0.05 secs] 
30629.322: [GC 30629.322: [ParNew: 2287828K->34619K(2534400K), 0.0469880 secs] 7052933K->4803259K(10982400K), 0.0477630 secs] [Times: user=0.40 sys=0.00, real=0.05 secs] 
30632.224: [GC 30632.224: [ParNew: 2287419K->31720K(2534400K), 0.0598460 secs] 7056059K->4801513K(10982400K), 0.0606270 secs] [Times: user=0.45 sys=0.01, real=0.06 secs] 
30634.514: [GC 30634.515: [ParNew: 2284520K->30187K(2534400K), 0.0516140 secs] 7054313K->4800742K(10982400K), 0.0524080 secs] [Times: user=0.40 sys=0.00, real=0.06 secs] 
30637.104: [GC 30637.105: [ParNew: 2282987K->31687K(2534400K), 0.0584590 secs] 7053542K->4803343K(10982400K), 0.0593720 secs] [Times: user=0.35 sys=0.00, real=0.06 secs] 
30639.127: [GC 30639.128: [ParNew: 2284487K->36318K(2534400K), 0.0478660 secs] 7056143K->4809142K(10982400K), 0.0487470 secs] [Times: user=0.37 sys=0.00, real=0.05 secs] 
30640.685: [GC 30640.685: [ParNew: 2289118K->30019K(2534400K), 0.0443890 secs] 7061942K->4804897K(10982400K), 0.0452740 secs] [Times: user=0.32 sys=0.00, real=0.05 secs] 
30642.282: [GC 30642.282: [ParNew: 2282819K->33362K(2534400K), 0.0440290 secs] 7057697K->4809100K(10982400K), 0.0449060 secs] [Times: user=0.39 sys=0.00, real=0.05 secs] 
30643.560: [GC 30643.561: [ParNew: 2286171K->34462K(2534400K), 0.0416830 secs] 7061909K->4811404K(10982400K), 0.0425370 secs] [Times: user=0.40 sys=0.01, real=0.04 secs] 
30643.607: [GC 30643.607: [ParNew: 34768K->38106K(2534400K), 0.0200390 secs] 4811710K->4816156K(10982400K), 0.0207010 secs] [Times: user=0.38 sys=0.00, real=0.02 secs] 
30644.832: [GC 30644.833: [ParNew: 2290906K->35637K(2534400K), 0.0396800 secs] 7068956K->4815678K(10982400K), 0.0405940 secs] [Times: user=0.34 sys=0.00, real=0.04 secs] 
30646.236: [GC 30646.236: [ParNew: 2288437K->23117K(2534400K), 0.0401860 secs] 7068478K->4809909K(10982400K), 0.0409610 secs] [Times: user=0.34 sys=0.01, real=0.04 secs] 
30648.597: [GC 30648.597: [ParNew: 2275917K->28319K(2534400K), 0.0455490 secs] 7062709K->4816347K(10982400K), 0.0463280 secs] [Times: user=0.32 sys=0.00, real=0.04 secs] 
30650.673: [GC 30650.674: [ParNew: 2281119K->38535K(2534400K), 0.0484320 secs] 7069147K->4826563K(10982400K), 0.0492210 secs] [Times: user=0.43 sys=0.00, real=0.05 secs] 
30652.762: [GC 30652.763: [ParNew: 2291335K->34266K(2534400K), 0.0517150 secs] 7079363K->4823991K(10982400K), 0.0525090 secs] [Times: user=0.42 sys=0.00, real=0.05 secs] 
30654.780: [GC 30654.781: [ParNew: 2287066K->37178K(2534400K), 0.0522810 secs] 7076791K->4827807K(10982400K), 0.0530680 secs] [Times: user=0.33 sys=0.00, real=0.05 secs] 
30656.854: [GC 30656.854: [ParNew: 2289978K->45023K(2534400K), 0.0576310 secs] 7080607K->4837821K(10982400K), 0.0585720 secs] [Times: user=0.36 sys=0.00, real=0.06 secs] 
30659.348: [GC 30659.348: [ParNew: 2297823K->52243K(2534400K), 0.0526640 secs] 7090621K->4845728K(10982400K), 0.0534420 secs] [Times: user=0.39 sys=0.00, real=0.05 secs] 
30661.681: [GC 30661.681: [ParNew: 2305043K->61421K(2534400K), 0.0591950 secs] 7098528K->4855792K(10982400K), 0.0601060 secs] [Times: user=0.36 sys=0.01, real=0.06 secs] 
30664.113: [GC 30664.114: [ParNew: 2314221K->70886K(2534400K), 0.0588280 secs] 7108592K->4865993K(10982400K), 0.0596240 secs] [Times: user=0.44 sys=0.00, real=0.06 secs] 
30666.237: [GC 30666.237: [ParNew: 2323686K->55151K(2534400K), 0.0640580 secs] 7118793K->4861963K(10982400K), 0.0649400 secs] [Times: user=0.34 sys=0.01, real=0.07 secs] 
30668.527: [GC 30668.527: [ParNew: 2307951K->31079K(2534400K), 0.0527780 secs] 7114763K->4839499K(10982400K), 0.0536820 secs] [Times: user=0.37 sys=0.01, real=0.06 secs] 
30670.846: [GC 30670.846: [ParNew: 2283879K->33963K(2534400K), 0.0564170 secs] 7092299K->4843539K(10982400K), 0.0573330 secs] [Times: user=0.41 sys=0.00, real=0.06 secs] 
30672.902: [GC 30672.902: [ParNew: 2286763K->59962K(2534400K), 0.0549390 secs] 7096339K->4870553K(10982400K), 0.0558550 secs] [Times: user=0.51 sys=0.00, real=0.05 secs] 
30675.002: [GC 30675.003: [ParNew: 2312762K->46553K(2534400K), 0.0513350 secs] 7123353K->4858649K(10982400K), 0.0522560 secs] [Times: user=0.36 sys=0.00, real=0.05 secs] 
30676.875: [GC 30676.875: [ParNew: 2299353K->58643K(2534400K), 0.0503340 secs] 7111449K->4872115K(10982400K), 0.0512390 secs] [Times: user=0.43 sys=0.01, real=0.05 secs] 
30678.962: [GC 30678.963: [ParNew: 2311443K->45999K(2534400K), 0.0556720 secs] 7124915K->4860838K(10982400K), 0.0566100 secs] [Times: user=0.38 sys=0.00, real=0.05 secs] 
30681.542: [GC 30681.542: [ParNew: 2298799K->43428K(2534400K), 0.0550140 secs] 7113638K->4859012K(10982400K), 0.0559530 secs] [Times: user=0.40 sys=0.01, real=0.05 secs] 
30683.701: [GC 30683.702: [ParNew: 2296228K->47230K(2534400K), 0.0524900 secs] 7111812K->4864035K(10982400K), 0.0534090 secs] [Times: user=0.44 sys=0.00, real=0.06 secs] 
30685.753: [GC 30685.754: [ParNew: 2300030K->47467K(2534400K), 0.0471000 secs] 7116835K->4866055K(10982400K), 0.0479380 secs] [Times: user=0.37 sys=0.00, real=0.04 secs] 
30687.503: [GC 30687.504: [ParNew: 2300267K->85629K(2534400K), 0.0523320 secs] 7118855K->4906199K(10982400K), 0.0532450 secs] [Times: user=0.45 sys=0.00, real=0.05 secs] 
30689.099: [GC 30689.100: [ParNew: 2338429K->82148K(2534400K), 0.0558620 secs] 7158999K->4914073K(10982400K), 0.0567710 secs] [Times: user=0.37 sys=0.01, real=0.06 secs] 
30690.884: [GC 30690.885: [ParNew: 2334948K->107302K(2534400K), 0.0531450 secs] 7166873K->4939939K(10982400K), 0.0540710 secs] [Times: user=0.55 sys=0.00, real=0.05 secs] 
30692.969: [GC 30692.969: [ParNew: 2360102K->97897K(2534400K), 0.0523190 secs] 7192739K->4932338K(10982400K), 0.0531660 secs] [Times: user=0.39 sys=0.00, real=0.05 secs] 
30694.740: [GC 30694.740: [ParNew: 2350697K->101520K(2534400K), 0.0657790 secs] 7185138K->4968029K(10982400K), 0.0666650 secs] [Times: user=0.67 sys=0.00, real=0.07 secs] 
30696.499: [GC 30696.499: [ParNew: 2354320K->72373K(2534400K), 0.0479770 secs] 7220829K->4939743K(10982400K), 0.0488300 secs] [Times: user=0.42 sys=0.01, real=0.05 secs] 
30698.026: [GC 30698.027: [ParNew: 2325173K->75587K(2534400K), 0.0470770 secs] 7192543K->4943851K(10982400K), 0.0479710 secs] [Times: user=0.50 sys=0.01, real=0.05 secs] 
30699.727: [GC 30699.727: [ParNew: 2328387K->71881K(2534400K), 0.0435740 secs] 7196651K->4941911K(10982400K), 0.0443490 secs] [Times: user=0.43 sys=0.00, real=0.04 secs] 
30701.561: [GC 30701.561: [ParNew: 2324681K->77434K(2534400K), 0.0529490 secs] 7194711K->4950215K(10982400K), 0.0537700 secs] [Times: user=0.51 sys=0.00, real=0.05 secs] 
30703.416: [GC 30703.417: [ParNew: 2330234K->98783K(2534400K), 0.0802990 secs] 7203015K->4984387K(10982400K), 0.0810890 secs] [Times: user=0.57 sys=0.00, real=0.08 secs] 
30704.881: [GC 30704.882: [ParNew: 2351583K->55319K(2534400K), 0.0489890 secs] 7237187K->4943690K(10982400K), 0.0499060 secs] [Times: user=0.41 sys=0.00, real=0.05 secs] 
30707.018: [GC 30707.018: [ParNew: 2308119K->75786K(2534400K), 0.0511840 secs] 7196490K->4965876K(10982400K), 0.0519810 secs] [Times: user=0.45 sys=0.00, real=0.05 secs] 
30708.624: [GC 30708.624: [ParNew: 2328586K->77379K(2534400K), 0.0642090 secs] 7218676K->4969823K(10982400K), 0.0650450 secs] [Times: user=0.41 sys=0.00, real=0.07 secs] 
30709.959: [GC 30709.959: [ParNew: 2330179K->92528K(2534400K), 0.0711060 secs] 7222623K->4986750K(10982400K), 0.0720810 secs] [Times: user=0.56 sys=0.01, real=0.07 secs] 
30711.397: [GC 30711.397: [ParNew: 2345328K->70529K(2534400K), 0.0560860 secs] 7239550K->4966052K(10982400K), 0.0568540 secs] [Times: user=0.39 sys=0.01, real=0.05 secs] 
30712.907: [GC 30712.907: [ParNew: 2323329K->39508K(2534400K), 0.0518500 secs] 7218852K->4937692K(10982400K), 0.0526150 secs] [Times: user=0.37 sys=0.00, real=0.05 secs] 
30714.361: [GC 30714.361: [ParNew: 2292308K->68070K(2534400K), 0.0822920 secs] 7190492K->4967550K(10982400K), 0.0831740 secs] [Times: user=0.41 sys=0.00, real=0.08 secs] 
30715.927: [GC 30715.928: [ParNew: 2320870K->94025K(2534400K), 0.0967170 secs] 7220350K->4994934K(10982400K), 0.0976340 secs] [Times: user=0.38 sys=0.01, real=0.09 secs] 
30717.358: [GC 30717.359: [ParNew: 2346825K->83767K(2534400K), 0.0776170 secs] 7247734K->4985433K(10982400K), 0.0784060 secs] [Times: user=0.43 sys=0.01, real=0.08 secs] 
30718.277: [GC 30718.278: [ParNew: 2336567K->101026K(2534400K), 0.0523630 secs] 7238233K->5003766K(10982400K), 0.0531370 secs] [Times: user=0.56 sys=0.00, real=0.05 secs] 
30719.465: [GC 30719.466: [ParNew: 2353826K->105993K(2534400K), 0.0761510 secs] 7256566K->5011532K(10982400K), 0.0769270 secs] [Times: user=0.40 sys=0.00, real=0.08 secs] 
30720.911: [GC 30720.911: [ParNew: 2358793K->80493K(2534400K), 0.0897550 secs] 7264332K->4988532K(10982400K), 0.0907730 secs] [Times: user=0.41 sys=0.00, real=0.09 secs] 
30722.396: [GC 30722.396: [ParNew: 2333293K->87507K(2534400K), 0.0694770 secs] 7241332K->4996911K(10982400K), 0.0703060 secs] [Times: user=0.50 sys=0.01, real=0.07 secs] 
30723.667: [GC 30723.667: [ParNew: 2340307K->109019K(2534400K), 0.0601390 secs] 7249711K->5019107K(10982400K), 0.0610410 secs] [Times: user=0.53 sys=0.00, real=0.07 secs] 
30724.952: [GC 30724.953: [ParNew: 2361819K->92000K(2534400K), 0.0658270 secs] 7271907K->5003430K(10982400K), 0.0667250 secs] [Times: user=0.51 sys=0.00, real=0.07 secs] 
30726.121: [GC 30726.121: [ParNew: 2344800K->127008K(2534400K), 0.0945650 secs] 7256230K->5039299K(10982400K), 0.0953780 secs] [Times: user=0.50 sys=0.00, real=0.09 secs] 
30727.299: [GC 30727.299: [ParNew: 2379808K->138190K(2534400K), 0.1181410 secs] 7292099K->5051757K(10982400K), 0.1190400 secs] [Times: user=0.47 sys=0.00, real=0.11 secs] 
30728.778: [GC 30728.779: [ParNew: 2390990K->120197K(2534400K), 0.0992570 secs] 7304557K->5035971K(10982400K), 0.1000280 secs] [Times: user=0.52 sys=0.00, real=0.10 secs] 
30729.851: [GC 30729.851: [ParNew: 2372997K->72624K(2534400K), 0.0601220 secs] 7288771K->4989490K(10982400K), 0.0608960 secs] [Times: user=0.37 sys=0.00, real=0.06 secs] 
30730.946: [GC 30730.946: [ParNew: 2325424K->73530K(2534400K), 0.0588630 secs] 7242290K->4991585K(10982400K), 0.0597530 secs] [Times: user=0.40 sys=0.00, real=0.06 secs] 
30731.885: [GC 30731.885: [ParNew: 2326330K->82394K(2534400K), 0.0543630 secs] 7244385K->5003139K(10982400K), 0.0552450 secs] [Times: user=0.50 sys=0.00, real=0.06 secs] 
30733.091: [GC 30733.092: [ParNew: 2335194K->77285K(2534400K), 0.0694710 secs] 7255939K->4999571K(10982400K), 0.0703630 secs] [Times: user=0.45 sys=0.01, real=0.07 secs] 
30734.254: [GC 30734.254: [ParNew: 2330085K->112914K(2534400K), 0.0742590 secs] 7252371K->5036680K(10982400K), 0.0751270 secs] [Times: user=0.60 sys=0.01, real=0.07 secs] 
30735.256: [GC 30735.256: [ParNew: 2365714K->124946K(2534400K), 0.0874590 secs] 7289480K->5049686K(10982400K), 0.0883760 secs] [Times: user=0.52 sys=0.01, real=0.09 secs] 
30736.121: [GC 30736.121: [ParNew: 2377746K->163419K(2534400K), 0.1043270 secs] 7302486K->5089073K(10982400K), 0.1052060 secs] [Times: user=0.66 sys=0.01, real=0.10 secs] 
30737.035: [GC 30737.035: [ParNew: 2416219K->135096K(2534400K), 0.0901720 secs] 7341873K->5062816K(10982400K), 0.0909510 secs] [Times: user=0.53 sys=0.01, real=0.09 secs] 
30738.204: [GC 30738.204: [ParNew: 2387896K->142730K(2534400K), 0.1125060 secs] 7315616K->5073824K(10982400K), 0.1132850 secs] [Times: user=0.45 sys=0.01, real=0.11 secs] 
30739.306: [GC 30739.306: [ParNew: 2395530K->31097K(2534400K), 0.0442040 secs] 7326624K->4964030K(10982400K), 0.0449760 secs] [Times: user=0.36 sys=0.00, real=0.05 secs] 
30740.461: [GC 30740.462: [ParNew: 2283897K->40086K(2534400K), 0.0497610 secs] 7216830K->4974330K(10982400K), 0.0506800 secs] [Times: user=0.42 sys=0.00, real=0.05 secs] 
30741.518: [GC 30741.519: [ParNew: 2290220K->33245K(2534400K), 0.0432360 secs] 7224464K->4968673K(10982400K), 0.0441280 secs] [Times: user=0.35 sys=0.01, real=0.05 secs] 
30743.475: [GC 30743.475: [ParNew: 2286045K->46644K(2534400K), 0.0530040 secs] 7221473K->4984379K(10982400K), 0.0539420 secs] [Times: user=0.37 sys=0.00, real=0.05 secs] 
30745.499: [GC 30745.500: [ParNew: 2299444K->37054K(2534400K), 0.0510520 secs] 7237179K->4975321K(10982400K), 0.0519440 secs] [Times: user=0.35 sys=0.00, real=0.05 secs] 
30747.520: [GC 30747.521: [ParNew: 2289854K->46869K(2534400K), 0.0525580 secs] 7228121K->4985768K(10982400K), 0.0534560 secs] [Times: user=0.45 sys=0.00, real=0.06 secs] 
30748.917: [GC 30748.918: [ParNew: 2299669K->85056K(2534400K), 0.0481810 secs] 7238568K->5024338K(10982400K), 0.0489410 secs] [Times: user=0.57 sys=0.00, real=0.05 secs] 
30750.970: [GC 30750.970: [ParNew: 2337856K->63748K(2534400K), 0.0477870 secs] 7277138K->5004794K(10982400K), 0.0485720 secs] [Times: user=0.38 sys=0.00, real=0.05 secs] 
30752.692: [GC 30752.693: [ParNew: 2316548K->68659K(2534400K), 0.0524980 secs] 7257594K->5010615K(10982400K), 0.0532820 secs] [Times: user=0.51 sys=0.00, real=0.06 secs] 
30754.106: [GC 30754.106: [ParNew: 2321459K->47743K(2534400K), 0.0408720 secs] 7263415K->4992116K(10982400K), 0.0417680 secs] [Times: user=0.35 sys=0.01, real=0.04 secs] 
30755.819: [GC 30755.820: [ParNew: 2300543K->80929K(2534400K), 0.0501480 secs] 7244916K->5026253K(10982400K), 0.0509300 secs] [Times: user=0.56 sys=0.00, real=0.05 secs] 
30757.998: [GC 30757.999: [ParNew: 2333729K->72217K(2534400K), 0.0513000 secs] 7279053K->5020221K(10982400K), 0.0521010 secs] [Times: user=0.45 sys=0.00, real=0.05 secs] 
30759.175: [GC 30759.175: [ParNew: 2325017K->51674K(2534400K), 0.0349020 secs] 7273021K->5001246K(10982400K), 0.0356690 secs] [Times: user=0.42 sys=0.00, real=0.03 secs] 
30760.649: [GC 30760.650: [ParNew: 2304474K->71473K(2534400K), 0.0404540 secs] 7254046K->5021568K(10982400K), 0.0412350 secs] [Times: user=0.45 sys=0.00, real=0.04 secs] 
30762.278: [GC 30762.278: [ParNew: 2324273K->52130K(2534400K), 0.0490050 secs] 7274368K->5003422K(10982400K), 0.0499060 secs] [Times: user=0.42 sys=0.01, real=0.05 secs] 
30763.901: [GC 30763.901: [ParNew: 2304894K->49178K(2534400K), 0.0453320 secs] 7256186K->5002334K(10982400K), 0.0462340 secs] [Times: user=0.44 sys=0.01, real=0.05 secs] 
30765.401: [GC 30765.402: [ParNew: 2301978K->37902K(2534400K), 0.0418060 secs] 7255134K->4992204K(10982400K), 0.0425820 secs] [Times: user=0.36 sys=0.00, real=0.04 secs] 
30767.094: [GC 30767.095: [ParNew: 2290702K->61231K(2534400K), 0.0479660 secs] 7245004K->5017976K(10982400K), 0.0488720 secs] [Times: user=0.49 sys=0.01, real=0.05 secs] 
30769.010: [GC 30769.011: [ParNew: 2314031K->78152K(2534400K), 0.0522740 secs] 7270776K->5037147K(10982400K), 0.0531970 secs] [Times: user=0.44 sys=0.01, real=0.05 secs] 
30770.743: [GC 30770.744: [ParNew: 2330952K->102859K(2534400K), 0.0533140 secs] 7289947K->5062940K(10982400K), 0.0542250 secs] [Times: user=0.56 sys=0.00, real=0.06 secs] 
30772.365: [GC 30772.365: [ParNew: 2355659K->66094K(2534400K), 0.0426330 secs] 7315740K->5027370K(10982400K), 0.0435160 secs] [Times: user=0.40 sys=0.00, real=0.05 secs] 
30773.975: [GC 30773.976: [ParNew: 2318894K->38917K(2534400K), 0.0513440 secs] 7280170K->5011823K(10982400K), 0.0521240 secs] [Times: user=0.32 sys=0.00, real=0.06 secs] 
30775.560: [GC 30775.560: [ParNew: 2291717K->60384K(2534400K), 0.0522310 secs] 7264623K->5035658K(10982400K), 0.0530180 secs] [Times: user=0.46 sys=0.00, real=0.05 secs] 
30776.853: [GC 30776.854: [ParNew: 2313184K->122170K(2534400K), 0.0556130 secs] 7288458K->5099994K(10982400K), 0.0563810 secs] [Times: user=0.74 sys=0.00, real=0.06 secs] 
30778.221: [GC 30778.222: [ParNew: 2374961K->90947K(2534400K), 0.0447470 secs] 7352784K->5069492K(10982400K), 0.0455240 secs] [Times: user=0.38 sys=0.00, real=0.05 secs] 
30779.966: [GC 30779.967: [ParNew: 2343747K->72205K(2534400K), 0.0467900 secs] 7322292K->5051403K(10982400K), 0.0475880 secs] [Times: user=0.45 sys=0.00, real=0.05 secs] 
30781.470: [GC 30781.471: [ParNew: 2325005K->51042K(2534400K), 0.0430080 secs] 7304203K->5031879K(10982400K), 0.0437950 secs] [Times: user=0.38 sys=0.00, real=0.04 secs] 
30783.390: [GC 30783.391: [ParNew: 2303842K->40805K(2534400K), 0.0455040 secs] 7284679K->5023057K(10982400K), 0.0463210 secs] [Times: user=0.39 sys=0.00, real=0.05 secs] 
30785.076: [GC 30785.077: [ParNew: 2293605K->34744K(2534400K), 0.0539370 secs] 7275857K->5019126K(10982400K), 0.0548470 secs] [Times: user=0.38 sys=0.00, real=0.06 secs] 
30786.445: [GC 30786.445: [ParNew: 2287544K->66273K(2534400K), 0.0551830 secs] 7271926K->5052786K(10982400K), 0.0559590 secs] [Times: user=0.47 sys=0.01, real=0.06 secs] 
30788.054: [GC 30788.054: [ParNew: 2319073K->57479K(2534400K), 0.0472510 secs] 7305586K->5044842K(10982400K), 0.0480300 secs] [Times: user=0.43 sys=0.00, real=0.05 secs] 
30789.764: [GC 30789.765: [ParNew: 2310279K->112661K(2534400K), 0.0574280 secs] 7297642K->5101209K(10982400K), 0.0583530 secs] [Times: user=0.65 sys=0.00, real=0.06 secs] 
30791.559: [GC 30791.560: [ParNew: 2365461K->82375K(2534400K), 0.0506850 secs] 7354009K->5071832K(10982400K), 0.0515960 secs] [Times: user=0.38 sys=0.01, real=0.05 secs] 
30793.283: [GC 30793.283: [ParNew: 2335175K->36291K(2534400K), 0.0472910 secs] 7324632K->5026504K(10982400K), 0.0481680 secs] [Times: user=0.38 sys=0.01, real=0.05 secs] 
30795.078: [GC 30795.079: [ParNew: 2289091K->70336K(2534400K), 0.0503430 secs] 7279304K->5062207K(10982400K), 0.0512550 secs] [Times: user=0.48 sys=0.00, real=0.06 secs] 
30797.053: [GC 30797.054: [ParNew: 2323136K->95819K(2534400K), 0.0559440 secs] 7315007K->5092379K(10982400K), 0.0568650 secs] [Times: user=0.52 sys=0.00, real=0.06 secs] 
30798.525: [GC 30798.525: [ParNew: 2348619K->107094K(2534400K), 0.0545870 secs] 7345179K->5104850K(10982400K), 0.0554240 secs] [Times: user=0.55 sys=0.01, real=0.06 secs] 
30800.165: [GC 30800.166: [ParNew: 2359894K->86713K(2534400K), 0.0477220 secs] 7357650K->5085229K(10982400K), 0.0486340 secs] [Times: user=0.45 sys=0.01, real=0.05 secs] 
30802.061: [GC 30802.061: [ParNew: 2339513K->73986K(2534400K), 0.0528600 secs] 7338029K->5073556K(10982400K), 0.0537790 secs] [Times: user=0.47 sys=0.01, real=0.05 secs] 
30803.288: [GC 30803.288: [ParNew: 2326803K->53006K(2534400K), 0.0418960 secs] 7326373K->5053913K(10982400K), 0.0427470 secs] [Times: user=0.40 sys=0.00, real=0.05 secs] 
30803.334: [GC 30803.334: [ParNew: 53291K->35908K(2534400K), 0.0189760 secs] 5054198K->5038378K(10982400K), 0.0196080 secs] [Times: user=0.36 sys=0.00, real=0.02 secs] 
30805.057: [GC 30805.057: [ParNew: 2288708K->65342K(2534400K), 0.0485720 secs] 7291178K->5069969K(10982400K), 0.0494860 secs] [Times: user=0.42 sys=0.00, real=0.05 secs] 
30806.010: [GC 30806.011: [ParNew: 2318142K->47945K(2534400K), 0.0399950 secs] 7322769K->5053894K(10982400K), 0.0408360 secs] [Times: user=0.40 sys=0.00, real=0.05 secs] 
30807.180: [GC 30807.180: [ParNew: 2300745K->117246K(2534400K), 0.0506380 secs] 7306694K->5123974K(10982400K), 0.0515280 secs] [Times: user=0.71 sys=0.00, real=0.06 secs] 
30808.810: [GC 30808.810: [ParNew: 2370046K->91182K(2534400K), 0.0492760 secs] 7376774K->5097910K(10982400K), 0.0501830 secs] [Times: user=0.39 sys=0.00, real=0.05 secs] 
30810.683: [GC 30810.683: [ParNew: 2343982K->43397K(2534400K), 0.0492050 secs] 7350710K->5051086K(10982400K), 0.0501280 secs] [Times: user=0.38 sys=0.00, real=0.05 secs] 
30811.822: [GC 30811.822: [ParNew: 2296197K->84791K(2534400K), 0.0483120 secs] 7303886K->5094825K(10982400K), 0.0492080 secs] [Times: user=0.56 sys=0.00, real=0.05 secs] 
30813.002: [GC 30813.002: [ParNew: 2337596K->62722K(2534400K), 0.0421410 secs] 7347630K->5078075K(10982400K), 0.0427860 secs] [Times: user=0.37 sys=0.01, real=0.04 secs] 
30813.047: [GC 30813.048: [ParNew: 64487K->35851K(2534400K), 0.0190130 secs] 5079841K->5052752K(10982400K), 0.0195050 secs] [Times: user=0.36 sys=0.00, real=0.02 secs] 
30813.956: [GC 30813.957: [ParNew: 2288620K->31196K(2534400K), 0.0355020 secs] 7305521K->5049567K(10982400K), 0.0361700 secs] [Times: user=0.39 sys=0.01, real=0.04 secs] 
30814.934: [GC 30814.934: [ParNew: 2283996K->46596K(2534400K), 0.0351630 secs] 7302367K->5065466K(10982400K), 0.0358260 secs] [Times: user=0.38 sys=0.01, real=0.03 secs] 
30816.657: [GC 30816.658: [ParNew: 2299396K->41188K(2534400K), 0.0490530 secs] 7318266K->5061535K(10982400K), 0.0497490 secs] [Times: user=0.38 sys=0.01, real=0.05 secs] 
30817.936: [GC 30817.937: [ParNew: 2293988K->77982K(2534400K), 0.0450530 secs] 7314335K->5098329K(10982400K), 0.0457280 secs] [Times: user=0.54 sys=0.00, real=0.04 secs] 
30819.306: [GC 30819.307: [ParNew: 2330782K->62696K(2534400K), 0.0443860 secs] 7351129K->5083504K(10982400K), 0.0450620 secs] [Times: user=0.39 sys=0.00, real=0.04 secs] 
30821.388: [GC 30821.388: [ParNew: 2315496K->53993K(2534400K), 0.0495220 secs] 7336304K->5075359K(10982400K), 0.0501790 secs] [Times: user=0.40 sys=0.00, real=0.05 secs] 
30822.893: [GC 30822.893: [ParNew: 2306797K->57997K(2534400K), 0.0471150 secs] 7328163K->5081695K(10982400K), 0.0477740 secs] [Times: user=0.43 sys=0.00, real=0.05 secs] 
30822.943: [GC 30822.944: [ParNew: 58425K->64404K(2534400K), 0.0208980 secs] 5082123K->5089899K(10982400K), 0.0214040 secs] [Times: user=0.43 sys=0.00, real=0.02 secs] 
30824.566: [GC 30824.566: [ParNew: 2317204K->96628K(2534400K), 0.0502870 secs] 7342699K->5124947K(10982400K), 0.0509710 secs] [Times: user=0.53 sys=0.00, real=0.05 secs] 
30826.099: [GC 30826.100: [ParNew: 2349428K->128247K(2534400K), 0.0605170 secs] 7377747K->5165220K(10982400K), 0.0612040 secs] [Times: user=0.70 sys=0.01, real=0.06 secs] 
30827.966: [GC 30827.966: [ParNew: 2381047K->92839K(2534400K), 0.0548020 secs] 7418020K->5140570K(10982400K), 0.0554870 secs] [Times: user=0.48 sys=0.00, real=0.05 secs] 
30829.245: [GC 30829.245: [ParNew: 2345639K->46518K(2534400K), 0.0382910 secs] 7393370K->5094249K(10982400K), 0.0389230 secs] [Times: user=0.37 sys=0.00, real=0.04 secs] 
30830.924: [GC 30830.924: [ParNew: 2299318K->45684K(2534400K), 0.0430090 secs] 7347049K->5098440K(10982400K), 0.0437130 secs] [Times: user=0.39 sys=0.00, real=0.05 secs] 
30833.216: [GC 30833.217: [ParNew: 2298484K->58830K(2534400K), 0.0531250 secs] 7351240K->5115379K(10982400K), 0.0539140 secs] [Times: user=0.42 sys=0.00, real=0.05 secs] 
30834.906: [GC 30834.907: [ParNew: 2311630K->47682K(2534400K), 0.0574490 secs] 7368179K->5113221K(10982400K), 0.0582210 secs] [Times: user=0.40 sys=0.00, real=0.05 secs] 
30837.054: [GC 30837.055: [ParNew: 2300482K->56451K(2534400K), 0.0641490 secs] 7366021K->5124425K(10982400K), 0.0650520 secs] [Times: user=0.47 sys=0.00, real=0.07 secs] 
30838.565: [GC 30838.565: [ParNew: 2309251K->88030K(2534400K), 0.0514580 secs] 7377225K->5157856K(10982400K), 0.0523970 secs] [Times: user=0.52 sys=0.00, real=0.06 secs] 
30838.620: [GC [1 CMS-initial-mark: 5069826K(8448000K)] 5158937K(10982400K), 0.1405090 secs] [Times: user=0.15 sys=0.00, real=0.14 secs] 
30840.662: [GC 30840.662: [ParNew: 2340830K->70649K(2534400K), 0.0566490 secs] 7410656K->5147586K(10982400K), 0.0575960 secs] [Times: user=0.39 sys=0.00, real=0.06 secs] 
30841.743: [GC[YG occupancy: 1407559 K (2534400 K)]30841.743: [Rescan (parallel) , 0.3661650 secs]30842.109: [weak refs processing, 0.0972330 secs] [1 CMS-remark: 5076937K(8448000K)] 6484496K(10982400K), 0.4652900 secs] [Times: user=7.57 sys=0.04, real=0.47 secs] 
30842.576: [GC 30842.576: [ParNew: 2323449K->76360K(2534400K), 0.0525500 secs] 7364395K->5118910K(10982400K), 0.0533240 secs] [Times: user=0.55 sys=0.00, real=0.06 secs] 
30844.024: [GC 30844.025: [ParNew: 2329160K->55458K(2534400K), 0.0468410 secs] 7203834K->4934415K(10982400K), 0.0476210 secs] [Times: user=0.42 sys=0.00, real=0.05 secs] 
30845.984: [GC 30845.985: [ParNew: 2308258K->51904K(2534400K), 0.0563740 secs] 6956173K->4705672K(10982400K), 0.0571630 secs] [Times: user=0.49 sys=0.01, real=0.06 secs] 
30846.618: [GC 30846.618: [ParNew: 2304704K->61968K(2534400K), 0.0360730 secs] 6874024K->4635115K(10982400K), 0.0368310 secs] [Times: user=0.44 sys=0.01, real=0.03 secs] 
30847.337: [GC 30847.338: [ParNew: 2314768K->46143K(2534400K), 0.0314460 secs] 6788227K->4521173K(10982400K), 0.0322070 secs] [Times: user=0.33 sys=0.00, real=0.03 secs] 
30849.434: [GC 30849.434: [ParNew: 2298943K->25627K(2534400K), 0.0488620 secs] 6541095K->4268534K(10982400K), 0.0496550 secs] [Times: user=0.40 sys=0.00, real=0.05 secs] 
30851.995: [GC 30851.996: [ParNew: 2278427K->44468K(2534400K), 0.0704660 secs] 6521334K->4289095K(10982400K), 0.0713360 secs] [Times: user=0.40 sys=0.00, real=0.07 secs] 
30854.257: [GC 30854.257: [ParNew: 2297268K->58166K(2534400K), 0.0512850 secs] 6541895K->4303318K(10982400K), 0.0520760 secs] [Times: user=0.44 sys=0.01, real=0.06 secs] 
30855.799: [GC 30855.800: [ParNew: 2310966K->48495K(2534400K), 0.0498690 secs] 6556118K->4293943K(10982400K), 0.0507630 secs] [Times: user=0.32 sys=0.01, real=0.05 secs] 
30857.298: [GC 30857.298: [ParNew: 2301275K->45342K(2534400K), 0.0455950 secs] 6546723K->4291781K(10982400K), 0.0464840 secs] [Times: user=0.34 sys=0.00, real=0.05 secs] 
30859.064: [GC 30859.064: [ParNew: 2298142K->105256K(2534400K), 0.0951050 secs] 6544581K->4358865K(10982400K), 0.0959610 secs] [Times: user=0.45 sys=0.01, real=0.10 secs] 
30860.965: [GC 30860.966: [ParNew: 2358056K->50624K(2534400K), 0.0538440 secs] 6611665K->4306361K(10982400K), 0.0547740 secs] [Times: user=0.39 sys=0.00, real=0.06 secs] 
30862.973: [GC 30862.974: [ParNew: 2303424K->32758K(2534400K), 0.0510890 secs] 6559161K->4290309K(10982400K), 0.0520020 secs] [Times: user=0.35 sys=0.01, real=0.05 secs] 
30864.374: [GC 30864.375: [ParNew: 2285558K->52030K(2534400K), 0.0682470 secs] 6543109K->4310748K(10982400K), 0.0691490 secs] [Times: user=0.39 sys=0.00, real=0.07 secs] 
30866.017: [GC 30866.017: [ParNew: 2304830K->93327K(2534400K), 0.1002970 secs] 6563548K->4353718K(10982400K), 0.1012510 secs] [Times: user=0.43 sys=0.00, real=0.10 secs] 
30867.406: [GC 30867.407: [ParNew: 2346127K->52581K(2534400K), 0.0606130 secs] 6606518K->4314823K(10982400K), 0.0614660 secs] [Times: user=0.37 sys=0.00, real=0.06 secs] 
30869.144: [GC 30869.145: [ParNew: 2305381K->46924K(2534400K), 0.0545890 secs] 6567623K->4310127K(10982400K), 0.0553880 secs] [Times: user=0.40 sys=0.00, real=0.06 secs] 
30870.528: [GC 30870.529: [ParNew: 2299724K->65468K(2534400K), 0.0579140 secs] 6562927K->4329228K(10982400K), 0.0587180 secs] [Times: user=0.44 sys=0.00, real=0.06 secs] 
30871.623: [GC 30871.624: [ParNew: 2318268K->49083K(2534400K), 0.0504010 secs] 6582028K->4316406K(10982400K), 0.0512800 secs] [Times: user=0.40 sys=0.00, real=0.05 secs] 
30872.904: [GC 30872.904: [ParNew: 2301883K->51082K(2534400K), 0.0579990 secs] 6569206K->4319628K(10982400K), 0.0589470 secs] [Times: user=0.44 sys=0.00, real=0.06 secs] 
30873.826: [GC 30873.827: [ParNew: 2303882K->34280K(2534400K), 0.0416880 secs] 6572428K->4304176K(10982400K), 0.0426080 secs] [Times: user=0.31 sys=0.01, real=0.04 secs] 
30874.981: [GC 30874.981: [ParNew: 2287080K->37604K(2534400K), 0.0539020 secs] 6556976K->4308714K(10982400K), 0.0548080 secs] [Times: user=0.38 sys=0.00, real=0.05 secs] 
30876.211: [GC 30876.212: [ParNew: 2290404K->56231K(2534400K), 0.0539750 secs] 6561514K->4328218K(10982400K), 0.0548810 secs] [Times: user=0.43 sys=0.00, real=0.05 secs] 
30877.204: [GC 30877.205: [ParNew: 2309031K->53908K(2534400K), 0.0504130 secs] 6581018K->4327772K(10982400K), 0.0513530 secs] [Times: user=0.41 sys=0.00, real=0.05 secs] 
30878.463: [GC 30878.463: [ParNew: 2306708K->100097K(2534400K), 0.0809610 secs] 6580572K->4374479K(10982400K), 0.0817400 secs] [Times: user=0.48 sys=0.00, real=0.08 secs] 
30879.708: [GC 30879.709: [ParNew: 2352897K->145420K(2534400K), 0.1091350 secs] 6627279K->4420467K(10982400K), 0.1100540 secs] [Times: user=0.52 sys=0.01, real=0.11 secs] 
30881.449: [GC 30881.450: [ParNew: 2398220K->97416K(2534400K), 0.0888620 secs] 6673267K->4375118K(10982400K), 0.0897770 secs] [Times: user=0.41 sys=0.00, real=0.09 secs] 
30883.308: [GC 30883.308: [ParNew: 2350216K->52964K(2534400K), 0.0718730 secs] 6627918K->4333987K(10982400K), 0.0727790 secs] [Times: user=0.41 sys=0.00, real=0.07 secs] 
30885.689: [GC 30885.690: [ParNew: 2305764K->37089K(2534400K), 0.0575700 secs] 6586787K->4318393K(10982400K), 0.0585140 secs] [Times: user=0.39 sys=0.01, real=0.06 secs] 
30887.445: [GC 30887.446: [ParNew: 2289889K->32255K(2534400K), 0.0453790 secs] 6571193K->4314423K(10982400K), 0.0462800 secs] [Times: user=0.32 sys=0.00, real=0.04 secs] 
30889.599: [GC 30889.600: [ParNew: 2285055K->66647K(2534400K), 0.0532860 secs] 6567223K->4350838K(10982400K), 0.0539920 secs] [Times: user=0.47 sys=0.01, real=0.06 secs] 
30891.799: [GC 30891.799: [ParNew: 2319447K->50387K(2534400K), 0.0551370 secs] 6603638K->4335958K(10982400K), 0.0560690 secs] [Times: user=0.40 sys=0.00, real=0.06 secs] 
30893.637: [GC 30893.637: [ParNew: 2303187K->39645K(2534400K), 0.0489210 secs] 6588758K->4326816K(10982400K), 0.0497030 secs] [Times: user=0.37 sys=0.01, real=0.05 secs] 
30895.732: [GC 30895.733: [ParNew: 2292445K->34773K(2534400K), 0.0548920 secs] 6579616K->4323548K(10982400K), 0.0557400 secs] [Times: user=0.39 sys=0.00, real=0.06 secs] 
30898.022: [GC 30898.023: [ParNew: 2287573K->77307K(2534400K), 0.0589600 secs] 6576348K->4367074K(10982400K), 0.0597610 secs] [Times: user=0.59 sys=0.00, real=0.06 secs] 
30899.776: [GC 30899.776: [ParNew: 2330107K->58659K(2534400K), 0.0476520 secs] 6619874K->4352135K(10982400K), 0.0484380 secs] [Times: user=0.38 sys=0.00, real=0.04 secs] 
30901.834: [GC 30901.834: [ParNew: 2311459K->38097K(2534400K), 0.0491760 secs] 6604935K->4332343K(10982400K), 0.0499750 secs] [Times: user=0.41 sys=0.00, real=0.05 secs] 
30903.618: [GC 30903.619: [ParNew: 2290897K->112576K(2534400K), 0.0602830 secs] 6585143K->4408203K(10982400K), 0.0610700 secs] [Times: user=0.71 sys=0.00, real=0.06 secs] 
30905.021: [GC 30905.021: [ParNew: 2365376K->91281K(2534400K), 0.0440980 secs] 6661003K->4389354K(10982400K), 0.0448930 secs] [Times: user=0.40 sys=0.00, real=0.05 secs] 
30907.093: [GC 30907.094: [ParNew: 2344081K->91937K(2534400K), 0.0489790 secs] 6642154K->4391507K(10982400K), 0.0497740 secs] [Times: user=0.45 sys=0.00, real=0.05 secs] 
30907.862: [GC 30907.863: [ParNew: 2344737K->90995K(2534400K), 0.0367360 secs] 6644307K->4391911K(10982400K), 0.0375130 secs] [Times: user=0.44 sys=0.00, real=0.04 secs] 
30909.003: [GC 30909.003: [ParNew: 2343795K->76557K(2534400K), 0.0692900 secs] 6644711K->4399920K(10982400K), 0.0702160 secs] [Times: user=0.49 sys=0.02, real=0.07 secs] 
30910.408: [GC 30910.409: [ParNew: 2329357K->84773K(2534400K), 0.0630760 secs] 6652720K->4423638K(10982400K), 0.0638550 secs] [Times: user=0.62 sys=0.01, real=0.06 secs] 
30912.547: [GC 30912.547: [ParNew: 2337573K->83990K(2534400K), 0.0502370 secs] 6676438K->4430875K(10982400K), 0.0510270 secs] [Times: user=0.39 sys=0.00, real=0.05 secs] 
30913.750: [GC 30913.751: [ParNew: 2336790K->73820K(2534400K), 0.0394860 secs] 6683675K->4421150K(10982400K), 0.0402640 secs] [Times: user=0.46 sys=0.00, real=0.04 secs] 
30915.191: [GC 30915.192: [ParNew: 2326620K->92646K(2534400K), 0.0415750 secs] 6673950K->4441033K(10982400K), 0.0423660 secs] [Times: user=0.42 sys=0.00, real=0.04 secs] 
30916.459: [GC 30916.459: [ParNew: 2345461K->122379K(2534400K), 0.0839170 secs] 6693848K->4493545K(10982400K), 0.0846830 secs] [Times: user=0.79 sys=0.01, real=0.08 secs] 
30917.842: [GC 30917.842: [ParNew: 2375114K->115408K(2534400K), 0.0822500 secs] 6746281K->4505460K(10982400K), 0.0830860 secs] [Times: user=0.98 sys=0.00, real=0.08 secs] 
30919.586: [GC 30919.586: [ParNew: 2368208K->102470K(2534400K), 0.0435460 secs] 6758260K->4493104K(10982400K), 0.0444440 secs] [Times: user=0.44 sys=0.00, real=0.05 secs] 
30920.831: [GC 30920.831: [ParNew: 2355259K->99255K(2534400K), 0.0432940 secs] 6745893K->4493465K(10982400K), 0.0441760 secs] [Times: user=0.48 sys=0.01, real=0.04 secs] 
30922.275: [GC 30922.276: [ParNew: 2352055K->82863K(2534400K), 0.0688630 secs] 6746265K->4501888K(10982400K), 0.0697950 secs] [Times: user=0.52 sys=0.01, real=0.07 secs] 
30923.538: [GC 30923.538: [ParNew: 2335663K->127346K(2534400K), 0.0677390 secs] 6754688K->4561702K(10982400K), 0.0686300 secs] [Times: user=0.81 sys=0.00, real=0.07 secs] 
30924.338: [GC 30924.338: [ParNew: 2380146K->191099K(2534400K), 0.0547760 secs] 6814502K->4626283K(10982400K), 0.0556440 secs] [Times: user=0.84 sys=0.00, real=0.06 secs] 
30925.516: [GC 30925.517: [ParNew: 2443899K->143294K(2534400K), 0.0537800 secs] 6879083K->4580107K(10982400K), 0.0545600 secs] [Times: user=0.68 sys=0.00, real=0.06 secs] 
30926.861: [GC 30926.862: [ParNew: 2396094K->107633K(2534400K), 0.0479560 secs] 6832907K->4545714K(10982400K), 0.0488600 secs] [Times: user=0.45 sys=0.01, real=0.05 secs] 
30927.663: [GC 30927.664: [ParNew: 2360433K->51464K(2534400K), 0.0297510 secs] 6798514K->4490356K(10982400K), 0.0305140 secs] [Times: user=0.31 sys=0.00, real=0.03 secs] 
30929.427: [GC 30929.428: [ParNew: 2304264K->37740K(2534400K), 0.0433550 secs] 6743156K->4477459K(10982400K), 0.0441340 secs] [Times: user=0.32 sys=0.00, real=0.05 secs] 
30931.068: [GC 30931.068: [ParNew: 2290540K->43029K(2534400K), 0.0440220 secs] 6730259K->4483752K(10982400K), 0.0451290 secs] [Times: user=0.34 sys=0.01, real=0.05 secs] 
30932.681: [GC 30932.681: [ParNew: 2295829K->35657K(2534400K), 0.0482640 secs] 6736552K->4479807K(10982400K), 0.0491550 secs] [Times: user=0.43 sys=0.00, real=0.05 secs] 
30934.114: [GC 30934.115: [ParNew: 2288457K->72642K(2534400K), 0.0527470 secs] 6732607K->4520111K(10982400K), 0.0536530 secs] [Times: user=0.55 sys=0.00, real=0.05 secs] 
30936.011: [GC 30936.012: [ParNew: 2325442K->95300K(2534400K), 0.0529890 secs] 6772911K->4544123K(10982400K), 0.0537180 secs] [Times: user=0.53 sys=0.00, real=0.05 secs] 
30937.404: [GC 30937.405: [ParNew: 2348100K->100122K(2534400K), 0.0506320 secs] 6796923K->4549504K(10982400K), 0.0515630 secs] [Times: user=0.48 sys=0.01, real=0.05 secs] 
30938.955: [GC 30938.956: [ParNew: 2352922K->85292K(2534400K), 0.0455620 secs] 6802304K->4536971K(10982400K), 0.0463650 secs] [Times: user=0.44 sys=0.00, real=0.05 secs] 
30940.432: [GC 30940.433: [ParNew: 2338092K->78447K(2534400K), 0.0582880 secs] 6789771K->4540828K(10982400K), 0.0591940 secs] [Times: user=0.54 sys=0.00, real=0.06 secs] 
30941.824: [GC 30941.824: [ParNew: 2331247K->81387K(2534400K), 0.0537350 secs] 6793628K->4546345K(10982400K), 0.0546350 secs] [Times: user=0.56 sys=0.00, real=0.05 secs] 
30942.955: [GC 30942.955: [ParNew: 2334238K->116215K(2534400K), 0.0487450 secs] 6799196K->4583373K(10982400K), 0.0496080 secs] [Times: user=0.56 sys=0.00, real=0.05 secs] 
30943.008: [GC 30943.008: [ParNew: 116526K->110588K(2534400K), 0.0250690 secs] 4583684K->4579287K(10982400K), 0.0257670 secs] [Times: user=0.51 sys=0.00, real=0.03 secs] 
30944.256: [GC 30944.257: [ParNew: 2363388K->147958K(2534400K), 0.0557340 secs] 6832087K->4617705K(10982400K), 0.0566660 secs] [Times: user=0.70 sys=0.00, real=0.06 secs] 
30945.858: [GC 30945.859: [ParNew: 2400758K->105776K(2534400K), 0.0468090 secs] 6870505K->4576766K(10982400K), 0.0477130 secs] [Times: user=0.38 sys=0.01, real=0.05 secs] 
30947.829: [GC 30947.830: [ParNew: 2358576K->78697K(2534400K), 0.0551620 secs] 6829566K->4550276K(10982400K), 0.0559410 secs] [Times: user=0.57 sys=0.00, real=0.06 secs] 
30949.640: [GC 30949.640: [ParNew: 2331497K->58603K(2534400K), 0.0477670 secs] 6803076K->4530182K(10982400K), 0.0484580 secs] [Times: user=0.37 sys=0.01, real=0.05 secs] 
30951.841: [GC 30951.842: [ParNew: 2311403K->57833K(2534400K), 0.0580700 secs] 6782982K->4530062K(10982400K), 0.0588170 secs] [Times: user=0.51 sys=0.01, real=0.06 secs] 
30953.533: [GC 30953.533: [ParNew: 2310633K->40572K(2534400K), 0.0442390 secs] 6782862K->4513569K(10982400K), 0.0450100 secs] [Times: user=0.41 sys=0.01, real=0.05 secs] 
30955.179: [GC 30955.179: [ParNew: 2293372K->49733K(2534400K), 0.0543490 secs] 6766369K->4524501K(10982400K), 0.0550230 secs] [Times: user=0.49 sys=0.00, real=0.06 secs] 
30956.814: [GC 30956.814: [ParNew: 2302529K->35984K(2534400K), 0.0449860 secs] 6777297K->4511848K(10982400K), 0.0456610 secs] [Times: user=0.34 sys=0.01, real=0.04 secs] 
30958.768: [GC 30958.768: [ParNew: 2288784K->28169K(2534400K), 0.0439240 secs] 6764648K->4505654K(10982400K), 0.0445940 secs] [Times: user=0.31 sys=0.00, real=0.04 secs] 
30960.591: [GC 30960.592: [ParNew: 2280969K->27513K(2534400K), 0.0456800 secs] 6758454K->4506043K(10982400K), 0.0463630 secs] [Times: user=0.38 sys=0.00, real=0.05 secs] 
30962.811: [GC 30962.812: [ParNew: 2280313K->68320K(2534400K), 0.0556100 secs] 6758843K->4547559K(10982400K), 0.0563080 secs] [Times: user=0.54 sys=0.00, real=0.06 secs] 
30964.930: [GC 30964.931: [ParNew: 2321120K->51752K(2534400K), 0.0518670 secs] 6800359K->4531834K(10982400K), 0.0525290 secs] [Times: user=0.36 sys=0.00, real=0.05 secs] 
30967.177: [GC 30967.178: [ParNew: 2304552K->29570K(2534400K), 0.0552470 secs] 6784634K->4510412K(10982400K), 0.0561700 secs] [Times: user=0.43 sys=0.00, real=0.05 secs] 
30968.640: [GC 30968.640: [ParNew: 2282370K->32020K(2534400K), 0.0431840 secs] 6763212K->4513390K(10982400K), 0.0440630 secs] [Times: user=0.39 sys=0.01, real=0.04 secs] 
30970.333: [GC 30970.334: [ParNew: 2284820K->49363K(2534400K), 0.0450220 secs] 6766190K->4532103K(10982400K), 0.0459500 secs] [Times: user=0.40 sys=0.00, real=0.05 secs] 
30972.289: [GC 30972.290: [ParNew: 2302163K->39534K(2534400K), 0.0545280 secs] 6784903K->4523281K(10982400K), 0.0553890 secs] [Times: user=0.43 sys=0.00, real=0.05 secs] 
30973.730: [GC 30973.730: [ParNew: 2292334K->48997K(2534400K), 0.0474650 secs] 6776081K->4534605K(10982400K), 0.0482390 secs] [Times: user=0.48 sys=0.01, real=0.05 secs] 
30975.367: [GC 30975.367: [ParNew: 2301797K->133360K(2534400K), 0.0619080 secs] 6787405K->4619789K(10982400K), 0.0627020 secs] [Times: user=0.84 sys=0.00, real=0.06 secs] 
30976.755: [GC 30976.755: [ParNew: 2386160K->107731K(2534400K), 0.0545850 secs] 6872589K->4594777K(10982400K), 0.0553750 secs] [Times: user=0.50 sys=0.00, real=0.06 secs] 
30978.843: [GC 30978.844: [ParNew: 2360531K->77470K(2534400K), 0.0485580 secs] 6847577K->4565481K(10982400K), 0.0493590 secs] [Times: user=0.33 sys=0.00, real=0.05 secs] 
30980.598: [GC 30980.599: [ParNew: 2330270K->36386K(2534400K), 0.0488700 secs] 6818281K->4525237K(10982400K), 0.0498200 secs] [Times: user=0.36 sys=0.00, real=0.05 secs] 
30982.340: [GC 30982.341: [ParNew: 2289186K->31980K(2534400K), 0.0449270 secs] 6778037K->4521914K(10982400K), 0.0457020 secs] [Times: user=0.34 sys=0.00, real=0.04 secs] 
30984.088: [GC 30984.088: [ParNew: 2284780K->71321K(2534400K), 0.0500900 secs] 6774714K->4562102K(10982400K), 0.0508580 secs] [Times: user=0.48 sys=0.01, real=0.06 secs] 
30985.900: [GC 30985.900: [ParNew: 2324121K->53816K(2534400K), 0.0468460 secs] 6814902K->4545771K(10982400K), 0.0476240 secs] [Times: user=0.36 sys=0.01, real=0.04 secs] 
30987.977: [GC 30987.977: [ParNew: 2306616K->37415K(2534400K), 0.0463860 secs] 6798571K->4529992K(10982400K), 0.0472310 secs] [Times: user=0.36 sys=0.01, real=0.05 secs] 
30989.992: [GC 30989.992: [ParNew: 2290215K->58306K(2534400K), 0.0523840 secs] 6782792K->4551540K(10982400K), 0.0533140 secs] [Times: user=0.43 sys=0.01, real=0.05 secs] 
30991.810: [GC 30991.810: [ParNew: 2311106K->104255K(2534400K), 0.0589190 secs] 6804340K->4598506K(10982400K), 0.0598300 secs] [Times: user=0.61 sys=0.01, real=0.06 secs] 
30993.334: [GC 30993.335: [ParNew: 2357055K->182605K(2534400K), 0.0770870 secs] 6851306K->4678360K(10982400K), 0.0779560 secs] [Times: user=1.17 sys=0.00, real=0.08 secs] 
30995.135: [GC 30995.135: [ParNew: 2435405K->131029K(2534400K), 0.1058500 secs] 6931160K->4657569K(10982400K), 0.1067730 secs] [Times: user=0.53 sys=0.04, real=0.11 secs] 
30996.816: [GC 30996.817: [ParNew: 2383829K->55832K(2534400K), 0.0460060 secs] 6910369K->4582372K(10982400K), 0.0469440 secs] [Times: user=0.39 sys=0.00, real=0.05 secs] 
30998.969: [GC 30998.970: [ParNew: 2308632K->97679K(2534400K), 0.0577860 secs] 6835172K->4624218K(10982400K), 0.0587050 secs] [Times: user=0.56 sys=0.01, real=0.06 secs] 
31000.982: [GC 31000.983: [ParNew: 2350479K->70758K(2534400K), 0.0597080 secs] 6877018K->4616405K(10982400K), 0.0604950 secs] [Times: user=0.42 sys=0.00, real=0.06 secs] 
31002.729: [GC 31002.730: [ParNew: 2323558K->78786K(2534400K), 0.0512840 secs] 6869205K->4625461K(10982400K), 0.0521790 secs] [Times: user=0.51 sys=0.00, real=0.06 secs] 
31004.398: [GC 31004.399: [ParNew: 2331623K->66048K(2534400K), 0.0464020 secs] 6878298K->4614128K(10982400K), 0.0471550 secs] [Times: user=0.39 sys=0.01, real=0.05 secs] 
31005.669: [GC 31005.670: [ParNew: 2318848K->94165K(2534400K), 0.0620910 secs] 6866928K->4652996K(10982400K), 0.0628730 secs] [Times: user=0.73 sys=0.00, real=0.07 secs] 
31006.952: [GC 31006.953: [ParNew: 2346965K->77945K(2534400K), 0.0489630 secs] 6905796K->4638411K(10982400K), 0.0498390 secs] [Times: user=0.49 sys=0.00, real=0.05 secs] 
31008.966: [GC 31008.967: [ParNew: 2330744K->59670K(2534400K), 0.0472550 secs] 6891210K->4620910K(10982400K), 0.0480390 secs] [Times: user=0.36 sys=0.00, real=0.05 secs] 
31010.677: [GC 31010.678: [ParNew: 2312470K->32959K(2534400K), 0.0466530 secs] 6873710K->4595230K(10982400K), 0.0474490 secs] [Times: user=0.35 sys=0.01, real=0.05 secs] 
31012.696: [GC 31012.696: [ParNew: 2285821K->35001K(2534400K), 0.0503060 secs] 6848092K->4598638K(10982400K), 0.0510660 secs] [Times: user=0.38 sys=0.01, real=0.05 secs] 
31012.750: [GC 31012.751: [ParNew: 36350K->35279K(2534400K), 0.0192230 secs] 4599987K->4600420K(10982400K), 0.0198070 secs] [Times: user=0.38 sys=0.00, real=0.02 secs] 
31014.186: [GC 31014.186: [ParNew: 2288079K->34794K(2534400K), 0.0442770 secs] 6853220K->4600949K(10982400K), 0.0450720 secs] [Times: user=0.35 sys=0.00, real=0.04 secs] 
31015.978: [GC 31015.979: [ParNew: 2287594K->50371K(2534400K), 0.0490200 secs] 6853749K->4619989K(10982400K), 0.0498090 secs] [Times: user=0.37 sys=0.00, real=0.05 secs] 
31018.574: [GC 31018.574: [ParNew: 2303171K->42122K(2534400K), 0.0596610 secs] 6872789K->4612384K(10982400K), 0.0604670 secs] [Times: user=0.41 sys=0.00, real=0.06 secs] 
31020.978: [GC 31020.978: [ParNew: 2294922K->65749K(2534400K), 0.0565130 secs] 6865184K->4636056K(10982400K), 0.0573400 secs] [Times: user=0.53 sys=0.00, real=0.06 secs] 
31022.877: [GC 31022.878: [ParNew: 2318549K->51142K(2534400K), 0.0537280 secs] 6888856K->4623175K(10982400K), 0.0546510 secs] [Times: user=0.36 sys=0.01, real=0.05 secs] 
31025.058: [GC 31025.058: [ParNew: 2303942K->31241K(2534400K), 0.0526570 secs] 6875975K->4604642K(10982400K), 0.0534990 secs] [Times: user=0.34 sys=0.00, real=0.05 secs] 
31026.805: [GC 31026.805: [ParNew: 2284041K->33137K(2534400K), 0.0490540 secs] 6857442K->4607907K(10982400K), 0.0499720 secs] [Times: user=0.38 sys=0.00, real=0.05 secs] 
31028.819: [GC 31028.819: [ParNew: 2285937K->60024K(2534400K), 0.0537990 secs] 6860707K->4635894K(10982400K), 0.0547060 secs] [Times: user=0.44 sys=0.00, real=0.05 secs] 
31030.781: [GC 31030.782: [ParNew: 2312824K->43730K(2534400K), 0.0476920 secs] 6888694K->4620178K(10982400K), 0.0486420 secs] [Times: user=0.33 sys=0.00, real=0.05 secs] 
31033.035: [GC 31033.036: [ParNew: 2296530K->34758K(2534400K), 0.0541340 secs] 6872978K->4612286K(10982400K), 0.0550530 secs] [Times: user=0.37 sys=0.00, real=0.05 secs] 
31035.451: [GC 31035.451: [ParNew: 2287552K->56680K(2534400K), 0.0591020 secs] 6865080K->4635575K(10982400K), 0.0600050 secs] [Times: user=0.47 sys=0.00, real=0.06 secs] 
31037.275: [GC 31037.275: [ParNew: 2309480K->81011K(2534400K), 0.0539540 secs] 6888375K->4661006K(10982400K), 0.0547410 secs] [Times: user=0.55 sys=0.00, real=0.06 secs] 
31038.954: [GC 31038.954: [ParNew: 2333811K->57670K(2534400K), 0.0459940 secs] 6913806K->4638663K(10982400K), 0.0467650 secs] [Times: user=0.40 sys=0.00, real=0.05 secs] 
31041.148: [GC 31041.149: [ParNew: 2310470K->48624K(2534400K), 0.0543730 secs] 6891463K->4630345K(10982400K), 0.0551710 secs] [Times: user=0.49 sys=0.00, real=0.05 secs] 
31042.799: [GC 31042.799: [ParNew: 2301424K->76059K(2534400K), 0.0510700 secs] 6883145K->4659870K(10982400K), 0.0518600 secs] [Times: user=0.54 sys=0.00, real=0.05 secs] 
31045.274: [GC 31045.274: [ParNew: 2328859K->59868K(2534400K), 0.0524990 secs] 6912670K->4645591K(10982400K), 0.0533090 secs] [Times: user=0.37 sys=0.00, real=0.06 secs] 
31047.368: [GC 31047.369: [ParNew: 2312668K->33568K(2534400K), 0.0572220 secs] 6898391K->4620444K(10982400K), 0.0581510 secs] [Times: user=0.43 sys=0.01, real=0.05 secs] 
31049.507: [GC 31049.508: [ParNew: 2286368K->39167K(2534400K), 0.0479330 secs] 6873244K->4627760K(10982400K), 0.0487220 secs] [Times: user=0.38 sys=0.00, real=0.05 secs] 
31051.269: [GC 31051.269: [ParNew: 2291967K->62186K(2534400K), 0.0511450 secs] 6880560K->4652462K(10982400K), 0.0519430 secs] [Times: user=0.47 sys=0.00, real=0.05 secs] 
31053.195: [GC 31053.196: [ParNew: 2314986K->48138K(2534400K), 0.0585900 secs] 6905262K->4640355K(10982400K), 0.0594740 secs] [Times: user=0.44 sys=0.00, real=0.06 secs] 
31054.659: [GC 31054.659: [ParNew: 2300938K->81319K(2534400K), 0.0557970 secs] 6893155K->4674953K(10982400K), 0.0565910 secs] [Times: user=0.62 sys=0.00, real=0.06 secs] 
31055.743: [GC 31055.743: [ParNew: 2334119K->74753K(2534400K), 0.0480570 secs] 6927753K->4669348K(10982400K), 0.0487030 secs] [Times: user=0.51 sys=0.00, real=0.05 secs] 
31057.188: [GC 31057.189: [ParNew: 2327553K->56393K(2534400K), 0.0437330 secs] 6922148K->4651646K(10982400K), 0.0443800 secs] [Times: user=0.37 sys=0.00, real=0.05 secs] 
31058.762: [GC 31058.763: [ParNew: 2309193K->31846K(2534400K), 0.0468960 secs] 6904446K->4628522K(10982400K), 0.0475800 secs] [Times: user=0.35 sys=0.01, real=0.05 secs] 
31060.322: [GC 31060.322: [ParNew: 2284646K->41088K(2534400K), 0.0497230 secs] 6881322K->4638572K(10982400K), 0.0503960 secs] [Times: user=0.41 sys=0.00, real=0.05 secs] 
31061.809: [GC 31061.809: [ParNew: 2293888K->36878K(2534400K), 0.0449040 secs] 6891372K->4635162K(10982400K), 0.0455740 secs] [Times: user=0.36 sys=0.00, real=0.05 secs] 
31063.150: [GC 31063.150: [ParNew: 2289678K->65472K(2534400K), 0.0514650 secs] 6887962K->4665022K(10982400K), 0.0521580 secs] [Times: user=0.43 sys=0.01, real=0.05 secs] 
31064.429: [GC 31064.430: [ParNew: 2318845K->96263K(2534400K), 0.0505970 secs] 6918395K->4696737K(10982400K), 0.0512070 secs] [Times: user=0.53 sys=0.00, real=0.06 secs] 
31064.483: [GC 31064.483: [ParNew: 97234K->101682K(2534400K), 0.0236320 secs] 4697709K->4703673K(10982400K), 0.0240950 secs] [Times: user=0.48 sys=0.01, real=0.02 secs] 
31065.364: [GC 31065.365: [ParNew: 2351397K->99132K(2534400K), 0.0442820 secs] 6953388K->4702222K(10982400K), 0.0449750 secs] [Times: user=0.42 sys=0.01, real=0.04 secs] 
31066.623: [GC 31066.623: [ParNew: 2351932K->78050K(2534400K), 0.0750060 secs] 6955022K->4716476K(10982400K), 0.0756390 secs] [Times: user=0.44 sys=0.02, real=0.07 secs] 
31069.306: [GC 31069.306: [ParNew: 2330850K->53618K(2534400K), 0.0629480 secs] 6969276K->4703657K(10982400K), 0.0635780 secs] [Times: user=0.54 sys=0.00, real=0.06 secs] 
31070.584: [GC 31070.585: [ParNew: 2306418K->46664K(2534400K), 0.0405820 secs] 6956457K->4696703K(10982400K), 0.0412080 secs] [Times: user=0.44 sys=0.00, real=0.04 secs] 
31072.342: [GC 31072.342: [ParNew: 2299464K->37687K(2534400K), 0.0438860 secs] 6949503K->4688333K(10982400K), 0.0445150 secs] [Times: user=0.36 sys=0.00, real=0.04 secs] 
31073.815: [GC 31073.816: [ParNew: 2290487K->44153K(2534400K), 0.0473980 secs] 6941133K->4695767K(10982400K), 0.0480220 secs] [Times: user=0.43 sys=0.00, real=0.05 secs] 
31074.577: [GC 31074.577: [ParNew: 2296953K->74024K(2534400K), 0.0401970 secs] 6948567K->4728218K(10982400K), 0.0408130 secs] [Times: user=0.55 sys=0.00, real=0.04 secs] 
31075.906: [GC 31075.906: [ParNew: 2326824K->58060K(2534400K), 0.0429290 secs] 6981018K->4713794K(10982400K), 0.0435630 secs] [Times: user=0.37 sys=0.01, real=0.04 secs] 
31077.457: [GC 31077.458: [ParNew: 2310860K->60673K(2534400K), 0.0445320 secs] 6966594K->4717719K(10982400K), 0.0451850 secs] [Times: user=0.42 sys=0.00, real=0.05 secs] 
31079.408: [GC 31079.408: [ParNew: 2313476K->48638K(2534400K), 0.0492550 secs] 6970522K->4707432K(10982400K), 0.0499140 secs] [Times: user=0.38 sys=0.00, real=0.05 secs] 
31079.461: [GC 31079.461: [ParNew: 49442K->34934K(2534400K), 0.0193890 secs] 4708236K->4694234K(10982400K), 0.0198860 secs] [Times: user=0.38 sys=0.01, real=0.02 secs] 
31081.207: [GC 31081.208: [ParNew: 2287734K->62146K(2534400K), 0.0442370 secs] 6947034K->4722774K(10982400K), 0.0449350 secs] [Times: user=0.43 sys=0.01, real=0.05 secs] 
31082.535: [GC 31082.536: [ParNew: 2314946K->54000K(2534400K), 0.0393350 secs] 6975574K->4716040K(10982400K), 0.0400140 secs] [Times: user=0.35 sys=0.00, real=0.04 secs] 
31084.177: [GC 31084.177: [ParNew: 2306800K->46113K(2534400K), 0.0477550 secs] 6968840K->4710905K(10982400K), 0.0484270 secs] [Times: user=0.46 sys=0.00, real=0.05 secs] 
31085.720: [GC 31085.721: [ParNew: 2298913K->64733K(2534400K), 0.0423270 secs] 6963705K->4729525K(10982400K), 0.0430010 secs] [Times: user=0.44 sys=0.01, real=0.05 secs] 
31087.048: [GC 31087.049: [ParNew: 2317533K->45129K(2534400K), 0.0380010 secs] 6982325K->4710798K(10982400K), 0.0386290 secs] [Times: user=0.35 sys=0.01, real=0.04 secs] 
31088.708: [GC 31088.708: [ParNew: 2297929K->39911K(2534400K), 0.0456650 secs] 6963598K->4706105K(10982400K), 0.0462870 secs] [Times: user=0.44 sys=0.00, real=0.05 secs] 
31090.528: [GC 31090.528: [ParNew: 2292711K->57801K(2534400K), 0.0457110 secs] 6958905K->4725240K(10982400K), 0.0463690 secs] [Times: user=0.39 sys=0.00, real=0.05 secs] 
31092.133: [GC 31092.133: [ParNew: 2310601K->43080K(2534400K), 0.0457340 secs] 6978040K->4711977K(10982400K), 0.0464070 secs] [Times: user=0.41 sys=0.00, real=0.05 secs] 
31094.389: [GC 31094.389: [ParNew: 2295880K->61760K(2534400K), 0.0528210 secs] 6964777K->4731892K(10982400K), 0.0535020 secs] [Times: user=0.46 sys=0.00, real=0.05 secs] 
31096.492: [GC 31096.493: [ParNew: 2314560K->46034K(2534400K), 0.0498170 secs] 6984692K->4717423K(10982400K), 0.0505140 secs] [Times: user=0.38 sys=0.00, real=0.05 secs] 
31098.586: [GC 31098.587: [ParNew: 2298834K->53957K(2534400K), 0.0521050 secs] 6970223K->4726551K(10982400K), 0.0527940 secs] [Times: user=0.51 sys=0.00, real=0.05 secs] 
31100.427: [GC 31100.428: [ParNew: 2306757K->44467K(2534400K), 0.0481020 secs] 6979351K->4717916K(10982400K), 0.0487220 secs] [Times: user=0.44 sys=0.00, real=0.05 secs] 
31102.444: [GC 31102.444: [ParNew: 2297267K->51990K(2534400K), 0.0474310 secs] 6970716K->4726100K(10982400K), 0.0480770 secs] [Times: user=0.38 sys=0.00, real=0.05 secs] 
31104.216: [GC 31104.216: [ParNew: 2304790K->69634K(2534400K), 0.0517930 secs] 6978900K->4744596K(10982400K), 0.0524560 secs] [Times: user=0.53 sys=0.01, real=0.05 secs] 
31105.828: [GC 31105.828: [ParNew: 2322434K->54664K(2534400K), 0.0467940 secs] 6997396K->4730990K(10982400K), 0.0474170 secs] [Times: user=0.45 sys=0.01, real=0.04 secs] 
31108.162: [GC 31108.162: [ParNew: 2307464K->44431K(2534400K), 0.0521740 secs] 6983790K->4729754K(10982400K), 0.0528050 secs] [Times: user=0.30 sys=0.01, real=0.05 secs] 
31110.042: [GC 31110.042: [ParNew: 2297231K->64823K(2534400K), 0.0560320 secs] 6982554K->4751141K(10982400K), 0.0567200 secs] [Times: user=0.45 sys=0.00, real=0.06 secs] 
31111.594: [GC 31111.594: [ParNew: 2317623K->77829K(2534400K), 0.0493390 secs] 7003941K->4765581K(10982400K), 0.0500250 secs] [Times: user=0.52 sys=0.01, real=0.05 secs] 
31113.143: [GC 31113.143: [ParNew: 2330629K->54330K(2534400K), 0.0457660 secs] 7018381K->4743609K(10982400K), 0.0463960 secs] [Times: user=0.42 sys=0.00, real=0.05 secs] 
31114.983: [GC 31114.984: [ParNew: 2307130K->63977K(2534400K), 0.0490160 secs] 6996409K->4755243K(10982400K), 0.0496970 secs] [Times: user=0.47 sys=0.00, real=0.05 secs] 
31116.446: [GC 31116.446: [ParNew: 2316777K->48025K(2534400K), 0.0426120 secs] 7008043K->4740386K(10982400K), 0.0433120 secs] [Times: user=0.35 sys=0.00, real=0.05 secs] 
31118.033: [GC 31118.033: [ParNew: 2300727K->48550K(2534400K), 0.0406060 secs] 6993088K->4741391K(10982400K), 0.0412780 secs] [Times: user=0.37 sys=0.01, real=0.04 secs] 
31119.465: [GC 31119.466: [ParNew: 2301350K->68666K(2534400K), 0.0484820 secs] 6994191K->4762355K(10982400K), 0.0493340 secs] [Times: user=0.46 sys=0.00, real=0.05 secs] 
31120.784: [GC 31120.784: [ParNew: 2321466K->51763K(2534400K), 0.0454980 secs] 7015155K->4746419K(10982400K), 0.0464070 secs] [Times: user=0.38 sys=0.01, real=0.05 secs] 
31122.217: [GC 31122.217: [ParNew: 2304601K->49128K(2534400K), 0.0433170 secs] 6999258K->4744966K(10982400K), 0.0441880 secs] [Times: user=0.40 sys=0.00, real=0.05 secs] 
31122.265: [GC 31122.265: [ParNew: 49345K->46180K(2534400K), 0.0319410 secs] 4745184K->4753187K(10982400K), 0.0325910 secs] [Times: user=0.32 sys=0.01, real=0.03 secs] 
31124.013: [GC 31124.013: [ParNew: 2298980K->43974K(2534400K), 0.0516660 secs] 7005987K->4752684K(10982400K), 0.0525620 secs] [Times: user=0.40 sys=0.01, real=0.05 secs] 
31125.628: [GC 31125.628: [ParNew: 2296774K->51669K(2534400K), 0.0477290 secs] 7005484K->4761427K(10982400K), 0.0485810 secs] [Times: user=0.47 sys=0.00, real=0.05 secs] 
31127.025: [GC 31127.026: [ParNew: 2304469K->93338K(2534400K), 0.0540560 secs] 7014227K->4804106K(10982400K), 0.0549770 secs] [Times: user=0.60 sys=0.00, real=0.06 secs] 
31128.481: [GC 31128.482: [ParNew: 2346138K->90327K(2534400K), 0.0656820 secs] 7056906K->4801096K(10982400K), 0.0665170 secs] [Times: user=0.42 sys=0.00, real=0.06 secs] 
31130.253: [GC 31130.253: [ParNew: 2343127K->59198K(2534400K), 0.0659800 secs] 7053896K->4774316K(10982400K), 0.0667720 secs] [Times: user=0.35 sys=0.00, real=0.07 secs] 
31132.024: [GC 31132.025: [ParNew: 2311998K->69082K(2534400K), 0.0740770 secs] 7027116K->4786383K(10982400K), 0.0748660 secs] [Times: user=0.50 sys=0.00, real=0.07 secs] 
31133.776: [GC 31133.776: [ParNew: 2321882K->42321K(2534400K), 0.0539750 secs] 7039183K->4762716K(10982400K), 0.0547550 secs] [Times: user=0.37 sys=0.00, real=0.05 secs] 
31135.687: [GC 31135.687: [ParNew: 2295121K->69568K(2534400K), 0.0692460 secs] 7015516K->4790998K(10982400K), 0.0699070 secs] [Times: user=0.45 sys=0.01, real=0.07 secs] 
31137.477: [GC 31137.477: [ParNew: 2322368K->48473K(2534400K), 0.0552410 secs] 7043798K->4770609K(10982400K), 0.0560390 secs] [Times: user=0.37 sys=0.00, real=0.06 secs] 
31139.252: [GC 31139.253: [ParNew: 2301273K->52861K(2534400K), 0.0656990 secs] 7023409K->4777444K(10982400K), 0.0664870 secs] [Times: user=0.44 sys=0.01, real=0.06 secs] 
31140.602: [GC 31140.603: [ParNew: 2305661K->35297K(2534400K), 0.0459930 secs] 7030244K->4762043K(10982400K), 0.0467880 secs] [Times: user=0.40 sys=0.00, real=0.04 secs] 
31142.492: [GC 31142.492: [ParNew: 2288097K->39407K(2534400K), 0.0510940 secs] 7014843K->4767490K(10982400K), 0.0520150 secs] [Times: user=0.38 sys=0.00, real=0.05 secs] 
31143.932: [GC 31143.932: [ParNew: 2292207K->77483K(2534400K), 0.0576160 secs] 7020290K->4806968K(10982400K), 0.0585440 secs] [Times: user=0.48 sys=0.00, real=0.05 secs] 
31145.397: [GC 31145.397: [ParNew: 2330283K->70638K(2534400K), 0.0595780 secs] 7059768K->4801649K(10982400K), 0.0605240 secs] [Times: user=0.50 sys=0.01, real=0.06 secs] 
31146.552: [GC 31146.552: [ParNew: 2323438K->105307K(2534400K), 0.0560860 secs] 7054449K->4837158K(10982400K), 0.0569320 secs] [Times: user=0.61 sys=0.00, real=0.06 secs] 
31148.281: [GC 31148.282: [ParNew: 2358107K->79620K(2534400K), 0.0496560 secs] 7089958K->4812312K(10982400K), 0.0505570 secs] [Times: user=0.35 sys=0.01, real=0.05 secs] 
31149.887: [GC 31149.888: [ParNew: 2332420K->46745K(2534400K), 0.0448920 secs] 7065112K->4780384K(10982400K), 0.0458330 secs] [Times: user=0.36 sys=0.01, real=0.05 secs] 
31151.397: [GC 31151.397: [ParNew: 2299545K->53924K(2534400K), 0.0455160 secs] 7033184K->4788930K(10982400K), 0.0464270 secs] [Times: user=0.40 sys=0.01, real=0.05 secs] 
31153.180: [GC 31153.181: [ParNew: 2306724K->76011K(2534400K), 0.0523150 secs] 7041730K->4812337K(10982400K), 0.0532180 secs] [Times: user=0.50 sys=0.00, real=0.05 secs] 
31154.136: [GC 31154.136: [ParNew: 2328811K->94066K(2534400K), 0.0460700 secs] 7065137K->4836221K(10982400K), 0.0468570 secs] [Times: user=0.53 sys=0.01, real=0.04 secs] 
31155.617: [GC 31155.617: [ParNew: 2346866K->64456K(2534400K), 0.0482320 secs] 7089021K->4808119K(10982400K), 0.0491650 secs] [Times: user=0.44 sys=0.01, real=0.05 secs] 
31156.850: [GC 31156.850: [ParNew: 2317256K->30613K(2534400K), 0.0362000 secs] 7060919K->4775685K(10982400K), 0.0369980 secs] [Times: user=0.35 sys=0.00, real=0.04 secs] 
31158.090: [GC 31158.090: [ParNew: 2283413K->43758K(2534400K), 0.0400000 secs] 7028485K->4789940K(10982400K), 0.0407930 secs] [Times: user=0.35 sys=0.00, real=0.04 secs] 
31159.714: [GC 31159.715: [ParNew: 2296558K->40545K(2534400K), 0.0458950 secs] 7042740K->4787634K(10982400K), 0.0468140 secs] [Times: user=0.38 sys=0.00, real=0.05 secs] 
31161.079: [GC 31161.080: [ParNew: 2293345K->95684K(2534400K), 0.0494540 secs] 7040434K->4844360K(10982400K), 0.0503590 secs] [Times: user=0.59 sys=0.00, real=0.05 secs] 
31161.846: [GC 31161.847: [ParNew: 2348484K->97243K(2534400K), 0.0451470 secs] 7097160K->4846636K(10982400K), 0.0460270 secs] [Times: user=0.54 sys=0.01, real=0.04 secs] 
31163.220: [GC 31163.221: [ParNew: 2350043K->69693K(2534400K), 0.0437290 secs] 7099436K->4820655K(10982400K), 0.0446260 secs] [Times: user=0.37 sys=0.00, real=0.05 secs] 
31164.614: [GC 31164.615: [ParNew: 2322485K->48606K(2534400K), 0.0521870 secs] 7073448K->4800624K(10982400K), 0.0531020 secs] [Times: user=0.38 sys=0.01, real=0.06 secs] 
31165.930: [GC 31165.931: [ParNew: 2301406K->81383K(2534400K), 0.0533980 secs] 7053424K->4835000K(10982400K), 0.0541980 secs] [Times: user=0.48 sys=0.00, real=0.06 secs] 
31166.810: [GC 31166.810: [ParNew: 2334183K->103158K(2534400K), 0.0514500 secs] 7087800K->4858220K(10982400K), 0.0523210 secs] [Times: user=0.58 sys=0.01, real=0.05 secs] 
31168.261: [GC 31168.261: [ParNew: 2355958K->90712K(2534400K), 0.0560540 secs] 7111020K->4848773K(10982400K), 0.0569830 secs] [Times: user=0.47 sys=0.00, real=0.06 secs] 
31169.670: [GC 31169.671: [ParNew: 2343512K->74979K(2534400K), 0.0499020 secs] 7101573K->4833963K(10982400K), 0.0507030 secs] [Times: user=0.45 sys=0.00, real=0.05 secs] 
31171.140: [GC 31171.141: [ParNew: 2327779K->72271K(2534400K), 0.0599110 secs] 7086763K->4833575K(10982400K), 0.0607110 secs] [Times: user=0.50 sys=0.01, real=0.06 secs] 
31172.436: [GC 31172.437: [ParNew: 2325600K->96712K(2534400K), 0.0534250 secs] 7086903K->4860801K(10982400K), 0.0541870 secs] [Times: user=0.53 sys=0.00, real=0.05 secs] 
31172.494: [GC 31172.494: [ParNew: 97118K->99697K(2534400K), 0.0230210 secs] 4861207K->4867369K(10982400K), 0.0236000 secs] [Times: user=0.43 sys=0.01, real=0.03 secs] 
31173.974: [GC 31173.974: [ParNew: 2352497K->82679K(2534400K), 0.0635630 secs] 7120169K->4862884K(10982400K), 0.0644700 secs] [Times: user=0.40 sys=0.00, real=0.07 secs] 
31175.471: [GC 31175.471: [ParNew: 2335479K->56974K(2534400K), 0.0659590 secs] 7115684K->4840140K(10982400K), 0.0667590 secs] [Times: user=0.43 sys=0.00, real=0.07 secs] 
31177.111: [GC 31177.112: [ParNew: 2309774K->86987K(2534400K), 0.0837950 secs] 7092940K->4871076K(10982400K), 0.0845840 secs] [Times: user=0.39 sys=0.00, real=0.08 secs] 
31178.819: [GC 31178.819: [ParNew: 2339787K->103503K(2534400K), 0.0936210 secs] 7123876K->4887593K(10982400K), 0.0944400 secs] [Times: user=0.42 sys=0.01, real=0.09 secs] 
31180.204: [GC 31180.205: [ParNew: 2356303K->97820K(2534400K), 0.0810690 secs] 7140393K->4883370K(10982400K), 0.0818710 secs] [Times: user=0.55 sys=0.01, real=0.08 secs] 
31181.922: [GC 31181.922: [ParNew: 2350620K->159537K(2534400K), 0.0998150 secs] 7136170K->4948771K(10982400K), 0.1006150 secs] [Times: user=0.76 sys=0.00, real=0.10 secs] 
31183.200: [GC 31183.201: [ParNew: 2412337K->141836K(2534400K), 0.0995230 secs] 7201571K->4937904K(10982400K), 0.1003100 secs] [Times: user=0.53 sys=0.01, real=0.10 secs] 
31184.443: [GC 31184.444: [ParNew: 2394721K->107562K(2534400K), 0.0997630 secs] 7190788K->4907096K(10982400K), 0.1005940 secs] [Times: user=0.47 sys=0.01, real=0.10 secs] 
31184.548: [GC 31184.548: [ParNew: 107867K->111203K(2534400K), 0.0325330 secs] 4907400K->4912484K(10982400K), 0.0332090 secs] [Times: user=0.69 sys=0.00, real=0.03 secs] 
31185.670: [GC 31185.671: [ParNew: 2364003K->125203K(2534400K), 0.0801320 secs] 7165284K->4929139K(10982400K), 0.0809280 secs] [Times: user=0.50 sys=0.00, real=0.08 secs] 
31187.185: [GC 31187.186: [ParNew: 2378000K->100517K(2534400K), 0.0803800 secs] 7181935K->4906075K(10982400K), 0.0812960 secs] [Times: user=0.41 sys=0.00, real=0.08 secs] 
31188.274: [GC 31188.274: [ParNew: 2353317K->145365K(2534400K), 0.1026520 secs] 7158875K->4952561K(10982400K), 0.1035540 secs] [Times: user=0.63 sys=0.00, real=0.10 secs] 
31189.116: [GC 31189.116: [ParNew: 2398165K->89600K(2534400K), 0.0646270 secs] 7205361K->4896796K(10982400K), 0.0655230 secs] [Times: user=0.42 sys=0.00, real=0.07 secs] 
31189.868: [GC 31189.869: [ParNew: 2342400K->103980K(2534400K), 0.0673170 secs] 7149596K->4913751K(10982400K), 0.0681050 secs] [Times: user=0.66 sys=0.00, real=0.07 secs] 
31191.062: [GC 31191.062: [ParNew: 2356780K->126450K(2534400K), 0.0975730 secs] 7166551K->4938144K(10982400K), 0.0983710 secs] [Times: user=0.58 sys=0.00, real=0.10 secs] 
31192.019: [GC 31192.019: [ParNew: 2379250K->127499K(2534400K), 0.0820450 secs] 7190944K->4940430K(10982400K), 0.0828410 secs] [Times: user=0.50 sys=0.00, real=0.09 secs] 
31193.186: [GC 31193.187: [ParNew: 2380299K->100474K(2534400K), 0.0815940 secs] 7193230K->4914191K(10982400K), 0.0823810 secs] [Times: user=0.47 sys=0.00, real=0.08 secs] 
31194.404: [GC 31194.404: [ParNew: 2353274K->135740K(2534400K), 0.1006480 secs] 7166991K->4950737K(10982400K), 0.1014580 secs] [Times: user=0.60 sys=0.00, real=0.10 secs] 
31195.458: [GC 31195.459: [ParNew: 2388540K->100363K(2534400K), 0.0732790 secs] 7203537K->4916638K(10982400K), 0.0740750 secs] [Times: user=0.48 sys=0.00, real=0.08 secs] 
31196.663: [GC 31196.663: [ParNew: 2353163K->83545K(2534400K), 0.0711740 secs] 7169438K->4902263K(10982400K), 0.0720780 secs] [Times: user=0.48 sys=0.00, real=0.07 secs] 
31198.140: [GC 31198.141: [ParNew: 2336345K->98256K(2534400K), 0.0835340 secs] 7155063K->4918365K(10982400K), 0.0844040 secs] [Times: user=0.45 sys=0.00, real=0.08 secs] 
31199.254: [GC 31199.254: [ParNew: 2351056K->84850K(2534400K), 0.0720770 secs] 7171165K->4905858K(10982400K), 0.0730220 secs] [Times: user=0.42 sys=0.00, real=0.07 secs] 
31200.254: [GC 31200.254: [ParNew: 2337650K->88381K(2534400K), 0.0891760 secs] 7158658K->4919328K(10982400K), 0.0901150 secs] [Times: user=0.41 sys=0.01, real=0.09 secs] 
31201.209: [GC 31201.210: [ParNew: 2341181K->86436K(2534400K), 0.0917040 secs] 7172128K->4921946K(10982400K), 0.0926720 secs] [Times: user=0.49 sys=0.01, real=0.10 secs] 
31202.186: [GC 31202.187: [ParNew: 2339236K->90867K(2534400K), 0.0868080 secs] 7174746K->4927038K(10982400K), 0.0877250 secs] [Times: user=0.40 sys=0.00, real=0.09 secs] 
31203.114: [GC 31203.114: [ParNew: 2343667K->85287K(2534400K), 0.0787670 secs] 7179838K->4922077K(10982400K), 0.0796760 secs] [Times: user=0.44 sys=0.00, real=0.08 secs] 
31204.267: [GC 31204.268: [ParNew: 2338087K->101735K(2534400K), 0.0842600 secs] 7174877K->4939664K(10982400K), 0.0851650 secs] [Times: user=0.53 sys=0.00, real=0.09 secs] 
31205.536: [GC 31205.537: [ParNew: 2354535K->77052K(2534400K), 0.0635030 secs] 7192464K->4915741K(10982400K), 0.0644470 secs] [Times: user=0.37 sys=0.00, real=0.06 secs] 
31206.865: [GC 31206.866: [ParNew: 2329852K->81005K(2534400K), 0.0670840 secs] 7168541K->4920563K(10982400K), 0.0680470 secs] [Times: user=0.46 sys=0.01, real=0.07 secs] 
31207.785: [GC 31207.786: [ParNew: 2333805K->78499K(2534400K), 0.0785410 secs] 7173363K->4927152K(10982400K), 0.0794220 secs] [Times: user=0.42 sys=0.01, real=0.08 secs] 
31208.738: [GC 31208.738: [ParNew: 2331299K->89318K(2534400K), 0.0778740 secs] 7179952K->4940630K(10982400K), 0.0788000 secs] [Times: user=0.40 sys=0.00, real=0.08 secs] 
31209.670: [GC 31209.671: [ParNew: 2342118K->91382K(2534400K), 0.0828200 secs] 7193430K->4945090K(10982400K), 0.0838990 secs] [Times: user=0.47 sys=0.00, real=0.09 secs] 
31210.810: [GC 31210.811: [ParNew: 2344182K->101003K(2534400K), 0.0853400 secs] 7197890K->4956532K(10982400K), 0.0862790 secs] [Times: user=0.42 sys=0.00, real=0.09 secs] 
31211.719: [GC 31211.720: [ParNew: 2353803K->151146K(2534400K), 0.0878540 secs] 7209332K->5007626K(10982400K), 0.0887850 secs] [Times: user=0.55 sys=0.00, real=0.09 secs] 
31212.635: [GC 31212.636: [ParNew: 2403946K->183928K(2534400K), 0.0992130 secs] 7260426K->5046003K(10982400K), 0.1001460 secs] [Times: user=0.76 sys=0.00, real=0.10 secs] 
31213.749: [GC 31213.749: [ParNew: 2436728K->145734K(2534400K), 0.0962130 secs] 7298803K->5012753K(10982400K), 0.0971560 secs] [Times: user=0.44 sys=0.00, real=0.10 secs] 
31215.257: [GC 31215.257: [ParNew: 2398534K->114940K(2534400K), 0.1154270 secs] 7265553K->4985442K(10982400K), 0.1163510 secs] [Times: user=0.41 sys=0.00, real=0.12 secs] 
31216.379: [GC 31216.380: [ParNew: 2367734K->105865K(2534400K), 0.0835140 secs] 7238236K->4979448K(10982400K), 0.0843190 secs] [Times: user=0.56 sys=0.00, real=0.09 secs] 
31217.232: [GC 31217.232: [ParNew: 2358665K->130922K(2534400K), 0.0550240 secs] 7232248K->5005800K(10982400K), 0.0557980 secs] [Times: user=0.49 sys=0.00, real=0.06 secs] 
31218.319: [GC 31218.319: [ParNew: 2383722K->198625K(2534400K), 0.1025790 secs] 7258600K->5075351K(10982400K), 0.1033580 secs] [Times: user=0.70 sys=0.00, real=0.10 secs] 
31219.479: [GC 31219.480: [ParNew: 2451425K->155242K(2534400K), 0.1160560 secs] 7328151K->5051381K(10982400K), 0.1168500 secs] [Times: user=0.52 sys=0.01, real=0.12 secs] 
31220.591: [GC 31220.592: [ParNew: 2406841K->132908K(2534400K), 0.1087530 secs] 7302980K->5029047K(10982400K), 0.1095570 secs] [Times: user=0.48 sys=0.01, real=0.11 secs] 
31221.729: [GC 31221.729: [ParNew: 2385708K->136910K(2534400K), 0.1247780 secs] 7281847K->5041097K(10982400K), 0.1255740 secs] [Times: user=0.46 sys=0.01, real=0.13 secs] 
31222.548: [GC 31222.548: [ParNew: 2389710K->147445K(2534400K), 0.1189370 secs] 7293897K->5055645K(10982400K), 0.1197220 secs] [Times: user=0.50 sys=0.00, real=0.12 secs] 
31223.249: [GC 31223.250: [ParNew: 2400245K->125042K(2534400K), 0.1076780 secs] 7308445K->5034443K(10982400K), 0.1085780 secs] [Times: user=0.41 sys=0.00, real=0.11 secs] 
31224.019: [GC 31224.019: [ParNew: 2377842K->126074K(2534400K), 0.1051550 secs] 7287243K->5037268K(10982400K), 0.1059950 secs] [Times: user=0.49 sys=0.00, real=0.11 secs] 
31225.035: [GC 31225.035: [ParNew: 2378874K->126899K(2534400K), 0.1164890 secs] 7290068K->5038737K(10982400K), 0.1172910 secs] [Times: user=1.24 sys=0.00, real=0.11 secs] 
31225.918: [GC 31225.919: [ParNew: 2379699K->137252K(2534400K), 0.0743990 secs] 7291537K->5052386K(10982400K), 0.0751810 secs] [Times: user=0.58 sys=0.00, real=0.07 secs] 
31226.943: [GC 31226.943: [ParNew: 2390052K->141119K(2534400K), 0.0737180 secs] 7305186K->5057215K(10982400K), 0.0745010 secs] [Times: user=0.50 sys=0.00, real=0.08 secs] 
31228.165: [GC 31228.166: [ParNew: 2393919K->114341K(2534400K), 0.0762120 secs] 7310015K->5034315K(10982400K), 0.0771220 secs] [Times: user=0.49 sys=0.01, real=0.07 secs] 
31229.081: [GC 31229.081: [ParNew: 2367141K->90525K(2534400K), 0.0672010 secs] 7287115K->5013463K(10982400K), 0.0681150 secs] [Times: user=0.40 sys=0.00, real=0.07 secs] 
31229.952: [GC 31229.953: [ParNew: 2343325K->145413K(2534400K), 0.1308380 secs] 7266263K->5071281K(10982400K), 0.1317660 secs] [Times: user=0.50 sys=0.01, real=0.13 secs] 
31230.761: [GC 31230.761: [ParNew: 2398213K->160117K(2534400K), 0.1373510 secs] 7324081K->5088346K(10982400K), 0.1382650 secs] [Times: user=0.51 sys=0.01, real=0.14 secs] 
31231.618: [GC 31231.619: [ParNew: 2412917K->184157K(2534400K), 0.1587400 secs] 7341146K->5118962K(10982400K), 0.1596540 secs] [Times: user=0.52 sys=0.00, real=0.16 secs] 
31232.797: [GC 31232.798: [ParNew: 2436957K->134729K(2534400K), 0.1304190 secs] 7371762K->5082499K(10982400K), 0.1313050 secs] [Times: user=0.50 sys=0.01, real=0.13 secs] 
31233.836: [GC 31233.837: [ParNew: 2387529K->172871K(2534400K), 0.1237090 secs] 7335299K->5120641K(10982400K), 0.1246440 secs] [Times: user=0.60 sys=0.00, real=0.12 secs] 
31234.591: [GC 31234.591: [ParNew: 2425671K->107995K(2534400K), 0.0852380 secs] 7373441K->5071978K(10982400K), 0.0861840 secs] [Times: user=0.48 sys=0.01, real=0.09 secs] 
31235.421: [GC 31235.421: [ParNew: 2360795K->105160K(2534400K), 0.0725200 secs] 7324778K->5069144K(10982400K), 0.0734730 secs] [Times: user=0.51 sys=0.00, real=0.07 secs] 
31236.303: [GC 31236.303: [ParNew: 2357960K->88102K(2534400K), 0.0721210 secs] 7321944K->5052086K(10982400K), 0.0730310 secs] [Times: user=0.41 sys=0.00, real=0.08 secs] 
31237.432: [GC 31237.433: [ParNew: 2340902K->93909K(2534400K), 0.0857420 secs] 7304886K->5057893K(10982400K), 0.0866770 secs] [Times: user=0.48 sys=0.00, real=0.09 secs] 
31238.375: [GC 31238.375: [ParNew: 2346709K->120840K(2534400K), 0.0957290 secs] 7310693K->5086069K(10982400K), 0.0966430 secs] [Times: user=0.46 sys=0.00, real=0.10 secs] 
31239.628: [GC 31239.629: [ParNew: 2373640K->130790K(2534400K), 0.1102720 secs] 7338869K->5097380K(10982400K), 0.1111760 secs] [Times: user=0.48 sys=0.00, real=0.11 secs] 
31240.712: [GC 31240.712: [ParNew: 2383590K->119925K(2534400K), 0.0946870 secs] 7350180K->5088992K(10982400K), 0.0955970 secs] [Times: user=0.41 sys=0.00, real=0.10 secs] 
31241.890: [GC 31241.890: [ParNew: 2372725K->135956K(2534400K), 0.1199180 secs] 7341792K->5115370K(10982400K), 0.1208380 secs] [Times: user=0.44 sys=0.01, real=0.12 secs] 
31242.900: [GC 31242.900: [ParNew: 2388756K->112871K(2534400K), 0.0989960 secs] 7368170K->5093770K(10982400K), 0.0997940 secs] [Times: user=0.45 sys=0.00, real=0.10 secs] 
31243.817: [GC 31243.817: [ParNew: 2365671K->163295K(2534400K), 0.1140110 secs] 7346570K->5149821K(10982400K), 0.1148650 secs] [Times: user=0.52 sys=0.01, real=0.11 secs] 
31244.743: [GC 31244.743: [ParNew: 2416095K->143271K(2534400K), 0.1062200 secs] 7402621K->5141139K(10982400K), 0.1070540 secs] [Times: user=0.52 sys=0.01, real=0.11 secs] 
31245.611: [GC 31245.612: [ParNew: 2396071K->134394K(2534400K), 0.1119370 secs] 7393939K->5132261K(10982400K), 0.1128180 secs] [Times: user=0.50 sys=0.00, real=0.11 secs] 
31246.478: [GC 31246.478: [ParNew: 2387194K->136020K(2534400K), 0.1104750 secs] 7385061K->5133888K(10982400K), 0.1112960 secs] [Times: user=0.46 sys=0.00, real=0.11 secs] 
31247.407: [GC 31247.408: [ParNew: 2388820K->134151K(2534400K), 0.0966890 secs] 7386688K->5132019K(10982400K), 0.0974080 secs] [Times: user=0.50 sys=0.00, real=0.10 secs] 
31248.238: [GC 31248.239: [ParNew: 2386951K->168576K(2534400K), 0.1069680 secs] 7384819K->5173349K(10982400K), 0.1076100 secs] [Times: user=0.64 sys=0.01, real=0.10 secs] 
31249.171: [GC 31249.171: [ParNew: 2421376K->114963K(2534400K), 0.0767810 secs] 7426149K->5120847K(10982400K), 0.0774130 secs] [Times: user=0.46 sys=0.00, real=0.08 secs] 
31249.888: [GC 31249.888: [ParNew: 2367763K->136638K(2534400K), 0.0888730 secs] 7373647K->5143720K(10982400K), 0.0895050 secs] [Times: user=0.55 sys=0.00, real=0.09 secs] 
31250.966: [GC 31250.966: [ParNew: 2389438K->136167K(2534400K), 0.0895220 secs] 7396520K->5145606K(10982400K), 0.0901560 secs] [Times: user=0.50 sys=0.00, real=0.09 secs] 
31252.052: [GC 31252.052: [ParNew: 2388967K->125040K(2534400K), 0.0858870 secs] 7398406K->5137785K(10982400K), 0.0865200 secs] [Times: user=0.45 sys=0.01, real=0.08 secs] 
31252.916: [GC 31252.917: [ParNew: 2377804K->82011K(2534400K), 0.0606040 secs] 7390549K->5098443K(10982400K), 0.0612430 secs] [Times: user=0.48 sys=0.00, real=0.06 secs] 
31254.156: [GC 31254.157: [ParNew: 2334811K->79197K(2534400K), 0.0643790 secs] 7351243K->5104447K(10982400K), 0.0650230 secs] [Times: user=0.48 sys=0.00, real=0.07 secs] 
31255.783: [GC 31255.783: [ParNew: 2331997K->41451K(2534400K), 0.0420530 secs] 7357247K->5073636K(10982400K), 0.0427000 secs] [Times: user=0.38 sys=0.00, real=0.04 secs] 
31257.171: [GC 31257.172: [ParNew: 2294251K->42151K(2534400K), 0.0457690 secs] 7326436K->5074875K(10982400K), 0.0464580 secs] [Times: user=0.44 sys=0.00, real=0.04 secs] 
31258.636: [GC 31258.636: [ParNew: 2294951K->53086K(2534400K), 0.0437100 secs] 7327675K->5086860K(10982400K), 0.0443460 secs] [Times: user=0.41 sys=0.01, real=0.05 secs] 
31260.346: [GC 31260.346: [ParNew: 2305886K->82694K(2534400K), 0.0537480 secs] 7339660K->5117930K(10982400K), 0.0544970 secs] [Times: user=0.52 sys=0.00, real=0.06 secs] 
31262.515: [GC 31262.516: [ParNew: 2335494K->65169K(2534400K), 0.0559260 secs] 7370730K->5102340K(10982400K), 0.0566920 secs] [Times: user=0.45 sys=0.01, real=0.06 secs] 
31264.735: [GC 31264.736: [ParNew: 2317969K->44698K(2534400K), 0.0662440 secs] 7355140K->5093037K(10982400K), 0.0671030 secs] [Times: user=0.38 sys=0.01, real=0.07 secs] 
31266.651: [GC 31266.651: [ParNew: 2297498K->29405K(2534400K), 0.0460360 secs] 7345837K->5078289K(10982400K), 0.0467950 secs] [Times: user=0.34 sys=0.00, real=0.04 secs] 
31268.506: [GC 31268.507: [ParNew: 2282205K->98022K(2534400K), 0.0575680 secs] 7331089K->5149079K(10982400K), 0.0584200 secs] [Times: user=0.61 sys=0.00, real=0.06 secs] 
31269.997: [GC 31269.997: [ParNew: 2350822K->89215K(2534400K), 0.0600230 secs] 7401879K->5141544K(10982400K), 0.0609200 secs] [Times: user=0.51 sys=0.00, real=0.06 secs] 
31271.566: [GC 31271.567: [ParNew: 2342015K->74581K(2534400K), 0.0435280 secs] 7394344K->5128004K(10982400K), 0.0443110 secs] [Times: user=0.43 sys=0.00, real=0.04 secs] 
31273.916: [GC 31273.917: [ParNew: 2327381K->53524K(2534400K), 0.0539940 secs] 7380804K->5108737K(10982400K), 0.0547870 secs] [Times: user=0.41 sys=0.00, real=0.05 secs] 
31275.506: [GC 31275.506: [ParNew: 2306324K->80296K(2534400K), 0.0622640 secs] 7361537K->5146656K(10982400K), 0.0630670 secs] [Times: user=0.54 sys=0.01, real=0.06 secs] 
31277.098: [GC 31277.098: [ParNew: 2333096K->63791K(2534400K), 0.0466360 secs] 7399456K->5134214K(10982400K), 0.0474180 secs] [Times: user=0.45 sys=0.00, real=0.05 secs] 
31277.149: [GC [1 CMS-initial-mark: 5070422K(8448000K)] 5135435K(10982400K), 0.0883400 secs] [Times: user=0.09 sys=0.00, real=0.09 secs] 
31279.118: [GC 31279.119: [ParNew: 2316591K->51588K(2534400K), 0.0486710 secs] 7387014K->5122601K(10982400K), 0.0494530 secs] [Times: user=0.38 sys=0.00, real=0.05 secs] 
31280.456: [GC[YG occupancy: 1274556 K (2534400 K)]31280.456: [Rescan (parallel) , 0.2291800 secs]31280.685: [weak refs processing, 0.0957460 secs] [1 CMS-remark: 5071012K(8448000K)] 6345568K(10982400K), 0.3260140 secs] [Times: user=4.59 sys=0.02, real=0.32 secs] 
31281.665: [GC 31281.665: [ParNew: 2304393K->45550K(2534400K), 0.0547550 secs] 7267312K->5009712K(10982400K), 0.0555320 secs] [Times: user=0.42 sys=0.01, real=0.05 secs] 
31281.724: [GC 31281.724: [ParNew: 46248K->49435K(2534400K), 0.0178880 secs] 5010405K->5014726K(10982400K), 0.0184630 secs] [Times: user=0.36 sys=0.00, real=0.01 secs] 
31283.568: [GC 31283.569: [ParNew: 2302235K->41813K(2534400K), 0.0609010 secs] 7073286K->4814053K(10982400K), 0.0617540 secs] [Times: user=0.43 sys=0.00, real=0.06 secs] 
31285.042: [GC 31285.042: [ParNew: 2294613K->54259K(2534400K), 0.0459450 secs] 6882111K->4642579K(10982400K), 0.0467340 secs] [Times: user=0.43 sys=0.01, real=0.05 secs] 
31286.735: [GC 31286.736: [ParNew: 2307059K->94765K(2534400K), 0.0600180 secs] 6565693K->4355433K(10982400K), 0.0608170 secs] [Times: user=0.66 sys=0.00, real=0.06 secs] 
31288.294: [GC 31288.294: [ParNew: 2347565K->69661K(2534400K), 0.0451040 secs] 6608233K->4330330K(10982400K), 0.0458990 secs] [Times: user=0.39 sys=0.00, real=0.04 secs] 
31289.704: [GC 31289.705: [ParNew: 2322461K->68041K(2534400K), 0.0494750 secs] 6583130K->4331235K(10982400K), 0.0502710 secs] [Times: user=0.47 sys=0.00, real=0.05 secs] 
31291.678: [GC 31291.678: [ParNew: 2320841K->51963K(2534400K), 0.0491030 secs] 6584035K->4317104K(10982400K), 0.0499180 secs] [Times: user=0.36 sys=0.00, real=0.05 secs] 
31293.687: [GC 31293.688: [ParNew: 2304763K->63105K(2534400K), 0.0521160 secs] 6569904K->4331035K(10982400K), 0.0531960 secs] [Times: user=0.45 sys=0.00, real=0.05 secs] 
31295.789: [GC 31295.789: [ParNew: 2315905K->47187K(2534400K), 0.0529180 secs] 6583835K->4316631K(10982400K), 0.0537070 secs] [Times: user=0.39 sys=0.00, real=0.05 secs] 
31297.826: [GC 31297.827: [ParNew: 2299987K->38385K(2534400K), 0.0546590 secs] 6569431K->4308807K(10982400K), 0.0555240 secs] [Times: user=0.39 sys=0.00, real=0.05 secs] 
31299.287: [GC 31299.287: [ParNew: 2291185K->33640K(2534400K), 0.0432880 secs] 6561607K->4305270K(10982400K), 0.0440740 secs] [Times: user=0.36 sys=0.00, real=0.04 secs] 
31300.599: [GC 31300.600: [ParNew: 2286440K->40093K(2534400K), 0.0462660 secs] 6558070K->4312700K(10982400K), 0.0472240 secs] [Times: user=0.39 sys=0.00, real=0.05 secs] 
31301.661: [GC 31301.662: [ParNew: 2292893K->29955K(2534400K), 0.0405140 secs] 6565500K->4306018K(10982400K), 0.0413000 secs] [Times: user=0.37 sys=0.00, real=0.04 secs] 
31302.705: [GC 31302.706: [ParNew: 2282755K->23486K(2534400K), 0.0398800 secs] 6558818K->4301050K(10982400K), 0.0406050 secs] [Times: user=0.38 sys=0.00, real=0.05 secs] 
31304.651: [GC 31304.651: [ParNew: 2276286K->33199K(2534400K), 0.0500460 secs] 6553850K->4311817K(10982400K), 0.0508430 secs] [Times: user=0.44 sys=0.00, real=0.05 secs] 
31306.476: [GC 31306.477: [ParNew: 2285918K->32779K(2534400K), 0.0494690 secs] 6564535K->4312167K(10982400K), 0.0503990 secs] [Times: user=0.40 sys=0.00, real=0.06 secs] 
31308.433: [GC 31308.433: [ParNew: 2285579K->38778K(2534400K), 0.0532490 secs] 6564967K->4318566K(10982400K), 0.0541040 secs] [Times: user=0.42 sys=0.01, real=0.06 secs] 
31310.608: [GC 31310.608: [ParNew: 2291578K->51352K(2534400K), 0.0557810 secs] 6571366K->4331739K(10982400K), 0.0566630 secs] [Times: user=0.43 sys=0.00, real=0.05 secs] 
31312.120: [GC 31312.121: [ParNew: 2304152K->52360K(2534400K), 0.0453490 secs] 6584539K->4333926K(10982400K), 0.0464370 secs] [Times: user=0.43 sys=0.00, real=0.04 secs] 
31313.760: [GC 31313.760: [ParNew: 2305160K->53011K(2534400K), 0.0494770 secs] 6586726K->4338095K(10982400K), 0.0504000 secs] [Times: user=0.45 sys=0.01, real=0.05 secs] 
31314.979: [GC 31314.979: [ParNew: 2305811K->64264K(2534400K), 0.0433030 secs] 6590895K->4351145K(10982400K), 0.0440910 secs] [Times: user=0.43 sys=0.00, real=0.04 secs] 
31316.945: [GC 31316.946: [ParNew: 2317064K->45658K(2534400K), 0.0581000 secs] 6603945K->4343821K(10982400K), 0.0589020 secs] [Times: user=0.34 sys=0.00, real=0.06 secs] 
31319.155: [GC 31319.156: [ParNew: 2298458K->58319K(2534400K), 0.0563440 secs] 6596621K->4357339K(10982400K), 0.0572750 secs] [Times: user=0.51 sys=0.01, real=0.06 secs] 
31321.505: [GC 31321.505: [ParNew: 2311119K->50623K(2534400K), 0.0570570 secs] 6610139K->4350273K(10982400K), 0.0579980 secs] [Times: user=0.41 sys=0.00, real=0.06 secs] 
31323.051: [GC 31323.051: [ParNew: 2303423K->83250K(2534400K), 0.0506140 secs] 6603073K->4384023K(10982400K), 0.0515170 secs] [Times: user=0.49 sys=0.01, real=0.05 secs] 
31324.922: [GC 31324.922: [ParNew: 2336050K->66097K(2534400K), 0.0485950 secs] 6636823K->4367935K(10982400K), 0.0494960 secs] [Times: user=0.36 sys=0.01, real=0.05 secs] 
31327.159: [GC 31327.159: [ParNew: 2318897K->42555K(2534400K), 0.0503060 secs] 6620735K->4345587K(10982400K), 0.0511010 secs] [Times: user=0.39 sys=0.01, real=0.06 secs] 
31329.079: [GC 31329.080: [ParNew: 2295355K->48499K(2534400K), 0.0526730 secs] 6598387K->4354053K(10982400K), 0.0535960 secs] [Times: user=0.41 sys=0.00, real=0.06 secs] 
31331.298: [GC 31331.298: [ParNew: 2301299K->41936K(2534400K), 0.0699220 secs] 6606853K->4357931K(10982400K), 0.0708970 secs] [Times: user=0.36 sys=0.01, real=0.07 secs] 
31333.944: [GC 31333.945: [ParNew: 2294736K->34661K(2534400K), 0.0648020 secs] 6610731K->4353698K(10982400K), 0.0657010 secs] [Times: user=0.46 sys=0.00, real=0.06 secs] 
31336.200: [GC 31336.200: [ParNew: 2287461K->31738K(2534400K), 0.0600650 secs] 6606498K->4351921K(10982400K), 0.0609880 secs] [Times: user=0.37 sys=0.01, real=0.07 secs] 
31338.117: [GC 31338.117: [ParNew: 2284538K->97127K(2534400K), 0.0676640 secs] 6604721K->4418110K(10982400K), 0.0685860 secs] [Times: user=0.81 sys=0.00, real=0.07 secs] 
31339.861: [GC 31339.861: [ParNew: 2349927K->73140K(2534400K), 0.0483670 secs] 6670910K->4394978K(10982400K), 0.0492840 secs] [Times: user=0.34 sys=0.00, real=0.05 secs] 
31341.973: [GC 31341.974: [ParNew: 2325940K->36515K(2534400K), 0.0527370 secs] 6647778K->4359497K(10982400K), 0.0537040 secs] [Times: user=0.40 sys=0.01, real=0.05 secs] 
31343.918: [GC 31343.919: [ParNew: 2289315K->35813K(2534400K), 0.0496480 secs] 6612297K->4359836K(10982400K), 0.0505210 secs] [Times: user=0.39 sys=0.00, real=0.05 secs] 
31346.312: [GC 31346.312: [ParNew: 2288613K->40604K(2534400K), 0.0571590 secs] 6612636K->4366017K(10982400K), 0.0580740 secs] [Times: user=0.40 sys=0.00, real=0.06 secs] 
31348.383: [GC 31348.384: [ParNew: 2293404K->44601K(2534400K), 0.0576550 secs] 6618817K->4370995K(10982400K), 0.0585750 secs] [Times: user=0.46 sys=0.00, real=0.05 secs] 
31350.324: [GC 31350.324: [ParNew: 2297401K->76910K(2534400K), 0.0553430 secs] 6623795K->4404895K(10982400K), 0.0561470 secs] [Times: user=0.50 sys=0.00, real=0.05 secs] 
31351.626: [GC 31351.627: [ParNew: 2329710K->56887K(2534400K), 0.0471080 secs] 6657695K->4385934K(10982400K), 0.0478970 secs] [Times: user=0.42 sys=0.00, real=0.05 secs] 
31353.458: [GC 31353.458: [ParNew: 2309687K->35324K(2534400K), 0.0506860 secs] 6638734K->4365577K(10982400K), 0.0514640 secs] [Times: user=0.42 sys=0.00, real=0.05 secs] 
31355.044: [GC 31355.044: [ParNew: 2288124K->64873K(2534400K), 0.0498350 secs] 6618377K->4397746K(10982400K), 0.0506140 secs] [Times: user=0.46 sys=0.01, real=0.05 secs] 
31356.943: [GC 31356.944: [ParNew: 2317673K->49536K(2534400K), 0.0530560 secs] 6650546K->4383627K(10982400K), 0.0539700 secs] [Times: user=0.35 sys=0.00, real=0.06 secs] 
31358.337: [GC 31358.337: [ParNew: 2302336K->27146K(2534400K), 0.0432830 secs] 6636427K->4361871K(10982400K), 0.0442350 secs] [Times: user=0.36 sys=0.00, real=0.04 secs] 
31360.604: [GC 31360.605: [ParNew: 2279946K->38315K(2534400K), 0.0551860 secs] 6614671K->4373752K(10982400K), 0.0561180 secs] [Times: user=0.40 sys=0.00, real=0.06 secs] 
31361.899: [GC 31361.900: [ParNew: 2291115K->51616K(2534400K), 0.0376830 secs] 6626552K->4388460K(10982400K), 0.0384750 secs] [Times: user=0.37 sys=0.01, real=0.04 secs] 
31363.781: [GC 31363.781: [ParNew: 2304416K->43315K(2534400K), 0.0464020 secs] 6641260K->4381163K(10982400K), 0.0471670 secs] [Times: user=0.39 sys=0.00, real=0.05 secs] 
31365.310: [GC 31365.310: [ParNew: 2296115K->42381K(2534400K), 0.0403110 secs] 6633963K->4381022K(10982400K), 0.0411060 secs] [Times: user=0.40 sys=0.00, real=0.04 secs] 
31366.891: [GC 31366.891: [ParNew: 2295181K->63985K(2534400K), 0.0519260 secs] 6633822K->4405173K(10982400K), 0.0528380 secs] [Times: user=0.55 sys=0.01, real=0.05 secs] 
31368.500: [GC 31368.501: [ParNew: 2316785K->56597K(2534400K), 0.0529090 secs] 6657973K->4399129K(10982400K), 0.0537910 secs] [Times: user=0.36 sys=0.00, real=0.05 secs] 
31370.270: [GC 31370.270: [ParNew: 2309397K->53798K(2534400K), 0.0641300 secs] 6651929K->4397032K(10982400K), 0.0650520 secs] [Times: user=0.40 sys=0.00, real=0.06 secs] 
31371.866: [GC 31371.866: [ParNew: 2306598K->50177K(2534400K), 0.0560610 secs] 6649832K->4395045K(10982400K), 0.0569690 secs] [Times: user=0.40 sys=0.00, real=0.06 secs] 
31373.275: [GC 31373.275: [ParNew: 2302977K->52903K(2534400K), 0.0561550 secs] 6647845K->4405015K(10982400K), 0.0570600 secs] [Times: user=0.42 sys=0.00, real=0.06 secs] 
31374.928: [GC 31374.929: [ParNew: 2305703K->42708K(2534400K), 0.0545630 secs] 6657815K->4396707K(10982400K), 0.0554960 secs] [Times: user=0.39 sys=0.00, real=0.05 secs] 
31376.557: [GC 31376.558: [ParNew: 2295508K->46562K(2534400K), 0.0538120 secs] 6649507K->4401346K(10982400K), 0.0548880 secs] [Times: user=0.39 sys=0.00, real=0.05 secs] 
31378.100: [GC 31378.100: [ParNew: 2299362K->52306K(2534400K), 0.0505650 secs] 6654146K->4407762K(10982400K), 0.0513710 secs] [Times: user=0.41 sys=0.00, real=0.05 secs] 
31379.725: [GC 31379.726: [ParNew: 2305106K->45241K(2534400K), 0.0511630 secs] 6660562K->4402260K(10982400K), 0.0519810 secs] [Times: user=0.40 sys=0.00, real=0.05 secs] 
31380.983: [GC 31380.984: [ParNew: 2298041K->49885K(2534400K), 0.0564800 secs] 6655060K->4408132K(10982400K), 0.0572750 secs] [Times: user=0.43 sys=0.00, real=0.06 secs] 
31382.132: [GC 31382.133: [ParNew: 2302685K->38266K(2534400K), 0.0465190 secs] 6660932K->4397957K(10982400K), 0.0473200 secs] [Times: user=0.39 sys=0.01, real=0.05 secs] 
31382.889: [GC 31382.890: [ParNew: 2290962K->36484K(2534400K), 0.0394890 secs] 6650654K->4398117K(10982400K), 0.0403200 secs] [Times: user=0.37 sys=0.01, real=0.04 secs] 
31383.495: [GC 31383.496: [ParNew: 2289284K->29124K(2534400K), 0.0359120 secs] 6650917K->4392947K(10982400K), 0.0367620 secs] [Times: user=0.39 sys=0.00, real=0.04 secs] 
31384.468: [GC 31384.469: [ParNew: 2281924K->46771K(2534400K), 0.0471450 secs] 6645747K->4411521K(10982400K), 0.0480740 secs] [Times: user=0.34 sys=0.00, real=0.05 secs] 
31385.754: [GC 31385.755: [ParNew: 2299571K->43707K(2534400K), 0.0468500 secs] 6664321K->4409527K(10982400K), 0.0476400 secs] [Times: user=0.40 sys=0.00, real=0.05 secs] 
31387.307: [GC 31387.307: [ParNew: 2296507K->67341K(2534400K), 0.0484940 secs] 6662327K->4434424K(10982400K), 0.0493820 secs] [Times: user=0.47 sys=0.01, real=0.05 secs] 
31389.261: [GC 31389.261: [ParNew: 2320141K->53584K(2534400K), 0.0464860 secs] 6687224K->4421081K(10982400K), 0.0474110 secs] [Times: user=0.32 sys=0.00, real=0.04 secs] 
31390.364: [GC 31390.364: [ParNew: 2306384K->31716K(2534400K), 0.0436180 secs] 6673881K->4400135K(10982400K), 0.0445350 secs] [Times: user=0.37 sys=0.00, real=0.04 secs] 
31391.192: [GC 31391.193: [ParNew: 2284516K->36488K(2534400K), 0.0336150 secs] 6652935K->4406182K(10982400K), 0.0344650 secs] [Times: user=0.36 sys=0.00, real=0.03 secs] 
31393.047: [GC 31393.047: [ParNew: 2289288K->31934K(2534400K), 0.0516320 secs] 6658982K->4403738K(10982400K), 0.0525360 secs] [Times: user=0.43 sys=0.01, real=0.05 secs] 
31394.721: [GC 31394.721: [ParNew: 2284734K->35354K(2534400K), 0.0492140 secs] 6656538K->4408297K(10982400K), 0.0502530 secs] [Times: user=0.40 sys=0.00, real=0.05 secs] 
31396.163: [GC 31396.164: [ParNew: 2288154K->48150K(2534400K), 0.0454460 secs] 6661097K->4421783K(10982400K), 0.0463570 secs] [Times: user=0.39 sys=0.00, real=0.05 secs] 
31397.877: [GC 31397.877: [ParNew: 2300950K->74350K(2534400K), 0.0529650 secs] 6674583K->4448204K(10982400K), 0.0539010 secs] [Times: user=0.48 sys=0.01, real=0.05 secs] 
31399.060: [GC 31399.060: [ParNew: 2327150K->56995K(2534400K), 0.0378850 secs] 6701004K->4432133K(10982400K), 0.0388140 secs] [Times: user=0.33 sys=0.00, real=0.04 secs] 
31400.386: [GC 31400.387: [ParNew: 2309795K->59283K(2534400K), 0.0449860 secs] 6684933K->4435188K(10982400K), 0.0459300 secs] [Times: user=0.45 sys=0.00, real=0.05 secs] 
31401.771: [GC 31401.771: [ParNew: 2312083K->46161K(2534400K), 0.0442240 secs] 6687988K->4425729K(10982400K), 0.0451320 secs] [Times: user=0.38 sys=0.00, real=0.04 secs] 
31403.263: [GC 31403.264: [ParNew: 2298961K->44855K(2534400K), 0.0455440 secs] 6678529K->4426100K(10982400K), 0.0464530 secs] [Times: user=0.42 sys=0.00, real=0.04 secs] 
31405.023: [GC 31405.023: [ParNew: 2297655K->50398K(2534400K), 0.0489210 secs] 6678900K->4432434K(10982400K), 0.0498630 secs] [Times: user=0.41 sys=0.00, real=0.05 secs] 
31406.862: [GC 31406.862: [ParNew: 2303198K->50072K(2534400K), 0.0504460 secs] 6685234K->4432929K(10982400K), 0.0513690 secs] [Times: user=0.41 sys=0.01, real=0.05 secs] 
31408.440: [GC 31408.441: [ParNew: 2302872K->40882K(2534400K), 0.0446540 secs] 6685729K->4429296K(10982400K), 0.0455640 secs] [Times: user=0.29 sys=0.01, real=0.05 secs] 
31410.347: [GC 31410.348: [ParNew: 2293682K->52000K(2534400K), 0.0515860 secs] 6682096K->4441390K(10982400K), 0.0523920 secs] [Times: user=0.50 sys=0.00, real=0.05 secs] 
31411.702: [GC 31411.702: [ParNew: 2304800K->97398K(2534400K), 0.0435350 secs] 6694190K->4488341K(10982400K), 0.0443330 secs] [Times: user=0.49 sys=0.00, real=0.05 secs] 
31413.032: [GC 31413.032: [ParNew: 2350198K->73619K(2534400K), 0.0474170 secs] 6741141K->4466029K(10982400K), 0.0483250 secs] [Times: user=0.39 sys=0.00, real=0.05 secs] 
31414.572: [GC 31414.573: [ParNew: 2326419K->67946K(2534400K), 0.0471370 secs] 6718829K->4461609K(10982400K), 0.0480480 secs] [Times: user=0.45 sys=0.00, real=0.05 secs] 
31415.868: [GC 31415.868: [ParNew: 2320746K->56090K(2534400K), 0.0519670 secs] 6714409K->4452317K(10982400K), 0.0528770 secs] [Times: user=0.46 sys=0.00, real=0.05 secs] 
31417.172: [GC 31417.173: [ParNew: 2308896K->78398K(2534400K), 0.0464010 secs] 6705124K->4475255K(10982400K), 0.0472280 secs] [Times: user=0.49 sys=0.00, real=0.05 secs] 
31417.223: [GC 31417.223: [ParNew: 80344K->81634K(2534400K), 0.0211560 secs] 4477201K->4480897K(10982400K), 0.0217970 secs] [Times: user=0.40 sys=0.00, real=0.03 secs] 
31418.712: [GC 31418.712: [ParNew: 2334434K->93375K(2534400K), 0.0530910 secs] 6733697K->4494520K(10982400K), 0.0540030 secs] [Times: user=0.52 sys=0.00, real=0.06 secs] 
31420.323: [GC 31420.324: [ParNew: 2346175K->65581K(2534400K), 0.0467290 secs] 6747320K->4468326K(10982400K), 0.0476850 secs] [Times: user=0.35 sys=0.00, real=0.05 secs] 
31421.769: [GC 31421.770: [ParNew: 2318381K->35319K(2534400K), 0.0455250 secs] 6721126K->4441479K(10982400K), 0.0464200 secs] [Times: user=0.38 sys=0.00, real=0.05 secs] 
31423.395: [GC 31423.395: [ParNew: 2288119K->55329K(2534400K), 0.0436450 secs] 6694279K->4461490K(10982400K), 0.0444390 secs] [Times: user=0.39 sys=0.00, real=0.04 secs] 
31424.794: [GC 31424.794: [ParNew: 2308129K->42172K(2534400K), 0.0476750 secs] 6714290K->4449178K(10982400K), 0.0485600 secs] [Times: user=0.36 sys=0.00, real=0.05 secs] 
31426.596: [GC 31426.596: [ParNew: 2294972K->45025K(2534400K), 0.0522860 secs] 6701978K->4454318K(10982400K), 0.0532120 secs] [Times: user=0.48 sys=0.00, real=0.05 secs] 
31428.159: [GC 31428.160: [ParNew: 2297825K->36126K(2534400K), 0.0442490 secs] 6707118K->4446372K(10982400K), 0.0450200 secs] [Times: user=0.38 sys=0.00, real=0.05 secs] 
31430.142: [GC 31430.142: [ParNew: 2288926K->32731K(2534400K), 0.0522090 secs] 6699172K->4444680K(10982400K), 0.0530110 secs] [Times: user=0.42 sys=0.00, real=0.05 secs] 
31431.876: [GC 31431.876: [ParNew: 2285531K->64966K(2534400K), 0.0511170 secs] 6697480K->4478529K(10982400K), 0.0518060 secs] [Times: user=0.49 sys=0.00, real=0.06 secs] 
31433.219: [GC 31433.219: [ParNew: 2317766K->47722K(2534400K), 0.0420120 secs] 6731329K->4462167K(10982400K), 0.0426850 secs] [Times: user=0.36 sys=0.01, real=0.04 secs] 
31434.764: [GC 31434.764: [ParNew: 2300522K->36069K(2534400K), 0.0485550 secs] 6714967K->4451309K(10982400K), 0.0492380 secs] [Times: user=0.38 sys=0.00, real=0.05 secs] 
31436.432: [GC 31436.432: [ParNew: 2288869K->62193K(2534400K), 0.0547590 secs] 6704109K->4478418K(10982400K), 0.0554360 secs] [Times: user=0.46 sys=0.00, real=0.06 secs] 
31437.829: [GC 31437.829: [ParNew: 2314993K->70764K(2534400K), 0.0549670 secs] 6731218K->4488062K(10982400K), 0.0556360 secs] [Times: user=0.42 sys=0.00, real=0.05 secs] 
31438.986: [GC 31438.986: [ParNew: 2323564K->77203K(2534400K), 0.0460740 secs] 6740862K->4496656K(10982400K), 0.0467340 secs] [Times: user=0.48 sys=0.00, real=0.05 secs] 
31440.115: [GC 31440.115: [ParNew: 2330003K->60530K(2534400K), 0.0509930 secs] 6749456K->4483903K(10982400K), 0.0516250 secs] [Times: user=0.41 sys=0.00, real=0.06 secs] 
31441.874: [GC 31441.875: [ParNew: 2313330K->53828K(2534400K), 0.0484040 secs] 6736703K->4478508K(10982400K), 0.0490910 secs] [Times: user=0.39 sys=0.00, real=0.05 secs] 
31443.282: [GC 31443.283: [ParNew: 2306642K->47661K(2534400K), 0.0425220 secs] 6731322K->4474209K(10982400K), 0.0431380 secs] [Times: user=0.39 sys=0.00, real=0.04 secs] 
31443.328: [GC 31443.329: [ParNew: 48140K->46625K(2534400K), 0.0177150 secs] 4474688K->4474225K(10982400K), 0.0181800 secs] [Times: user=0.35 sys=0.01, real=0.01 secs] 
31444.816: [GC 31444.816: [ParNew: 2299425K->41437K(2534400K), 0.0494390 secs] 6727025K->4470488K(10982400K), 0.0501140 secs] [Times: user=0.42 sys=0.00, real=0.05 secs] 
31446.218: [GC 31446.218: [ParNew: 2294237K->92614K(2534400K), 0.0532680 secs] 6723288K->4522477K(10982400K), 0.0539800 secs] [Times: user=0.59 sys=0.00, real=0.05 secs] 
31447.864: [GC 31447.864: [ParNew: 2345414K->81711K(2534400K), 0.0524880 secs] 6775277K->4512761K(10982400K), 0.0531230 secs] [Times: user=0.48 sys=0.00, real=0.05 secs] 
31449.546: [GC 31449.546: [ParNew: 2334511K->79351K(2534400K), 0.0506350 secs] 6765561K->4510400K(10982400K), 0.0512740 secs] [Times: user=0.54 sys=0.00, real=0.05 secs] 
31450.846: [GC 31450.847: [ParNew: 2332151K->91850K(2534400K), 0.0473280 secs] 6763200K->4523742K(10982400K), 0.0479630 secs] [Times: user=0.54 sys=0.00, real=0.05 secs] 
31452.695: [GC 31452.696: [ParNew: 2344650K->67705K(2534400K), 0.0608770 secs] 6776542K->4503364K(10982400K), 0.0615590 secs] [Times: user=0.46 sys=0.00, real=0.06 secs] 
31454.501: [GC 31454.501: [ParNew: 2320588K->64839K(2534400K), 0.0516510 secs] 6756248K->4503625K(10982400K), 0.0523140 secs] [Times: user=0.45 sys=0.00, real=0.05 secs] 
31454.556: [GC 31454.556: [ParNew: 65269K->66139K(2534400K), 0.0243870 secs] 4504055K->4508670K(10982400K), 0.0248860 secs] [Times: user=0.46 sys=0.00, real=0.03 secs] 
31456.449: [GC 31456.450: [ParNew: 2318939K->93214K(2534400K), 0.0522260 secs] 6761470K->4536632K(10982400K), 0.0529230 secs] [Times: user=0.45 sys=0.00, real=0.06 secs] 
31458.098: [GC 31458.098: [ParNew: 2346014K->98731K(2534400K), 0.0615620 secs] 6789432K->4553744K(10982400K), 0.0622140 secs] [Times: user=0.62 sys=0.01, real=0.07 secs] 
31459.913: [GC 31459.914: [ParNew: 2351531K->66524K(2534400K), 0.0534980 secs] 6806544K->4533761K(10982400K), 0.0541310 secs] [Times: user=0.37 sys=0.01, real=0.05 secs] 
31461.701: [GC 31461.701: [ParNew: 2319324K->34678K(2534400K), 0.0420600 secs] 6786561K->4501914K(10982400K), 0.0427010 secs] [Times: user=0.32 sys=0.00, real=0.04 secs] 
31463.357: [GC 31463.357: [ParNew: 2287478K->32200K(2534400K), 0.0442980 secs] 6754714K->4501044K(10982400K), 0.0450490 secs] [Times: user=0.36 sys=0.00, real=0.05 secs] 
31465.436: [GC 31465.436: [ParNew: 2285000K->34315K(2534400K), 0.0539020 secs] 6753844K->4504134K(10982400K), 0.0546110 secs] [Times: user=0.44 sys=0.00, real=0.05 secs] 
31467.551: [GC 31467.551: [ParNew: 2287115K->45692K(2534400K), 0.0512250 secs] 6756934K->4516558K(10982400K), 0.0519220 secs] [Times: user=0.41 sys=0.01, real=0.05 secs] 
31469.392: [GC 31469.392: [ParNew: 2298492K->45649K(2534400K), 0.0463230 secs] 6769358K->4519621K(10982400K), 0.0470040 secs] [Times: user=0.39 sys=0.00, real=0.04 secs] 
31471.247: [GC 31471.248: [ParNew: 2298449K->44157K(2534400K), 0.0554820 secs] 6772421K->4518923K(10982400K), 0.0561820 secs] [Times: user=0.41 sys=0.00, real=0.06 secs] 
31472.892: [GC 31472.892: [ParNew: 2296957K->38512K(2534400K), 0.0475060 secs] 6771723K->4514351K(10982400K), 0.0481910 secs] [Times: user=0.34 sys=0.01, real=0.04 secs] 
31474.780: [GC 31474.781: [ParNew: 2291312K->37769K(2534400K), 0.0487460 secs] 6767151K->4517066K(10982400K), 0.0493910 secs] [Times: user=0.39 sys=0.00, real=0.05 secs] 
31476.801: [GC 31476.802: [ParNew: 2290569K->37853K(2534400K), 0.0499050 secs] 6769866K->4518244K(10982400K), 0.0505990 secs] [Times: user=0.38 sys=0.00, real=0.05 secs] 
31478.622: [GC 31478.622: [ParNew: 2290653K->67443K(2534400K), 0.0535580 secs] 6771044K->4552135K(10982400K), 0.0541820 secs] [Times: user=0.49 sys=0.00, real=0.06 secs] 
31480.434: [GC 31480.434: [ParNew: 2320243K->88653K(2534400K), 0.0545470 secs] 6804935K->4574502K(10982400K), 0.0552270 secs] [Times: user=0.50 sys=0.00, real=0.05 secs] 
31482.419: [GC 31482.419: [ParNew: 2341453K->62585K(2534400K), 0.0500020 secs] 6827302K->4549606K(10982400K), 0.0507960 secs] [Times: user=0.38 sys=0.00, real=0.05 secs] 
31484.015: [GC 31484.015: [ParNew: 2315385K->42828K(2534400K), 0.0463420 secs] 6802406K->4531528K(10982400K), 0.0471420 secs] [Times: user=0.42 sys=0.00, real=0.04 secs] 
31486.121: [GC 31486.122: [ParNew: 2295628K->63559K(2534400K), 0.0518710 secs] 6784328K->4553273K(10982400K), 0.0526780 secs] [Times: user=0.45 sys=0.01, real=0.06 secs] 
31487.931: [GC 31487.931: [ParNew: 2316359K->101557K(2534400K), 0.0545570 secs] 6806073K->4592778K(10982400K), 0.0553490 secs] [Times: user=0.60 sys=0.01, real=0.06 secs] 
31489.773: [GC 31489.774: [ParNew: 2354357K->80571K(2534400K), 0.0524640 secs] 6845578K->4573330K(10982400K), 0.0534140 secs] [Times: user=0.44 sys=0.00, real=0.06 secs] 
31491.680: [GC 31491.680: [ParNew: 2333371K->70307K(2534400K), 0.0500860 secs] 6826130K->4563931K(10982400K), 0.0510550 secs] [Times: user=0.45 sys=0.00, real=0.05 secs] 
31493.854: [GC 31493.855: [ParNew: 2323107K->73042K(2534400K), 0.0647830 secs] 6816731K->4573263K(10982400K), 0.0657160 secs] [Times: user=0.50 sys=0.01, real=0.07 secs] 
31495.370: [GC 31495.370: [ParNew: 2325842K->115895K(2534400K), 0.0679310 secs] 6826063K->4627851K(10982400K), 0.0687260 secs] [Times: user=0.74 sys=0.00, real=0.07 secs] 
31497.854: [GC 31497.855: [ParNew: 2368695K->104262K(2534400K), 0.0709500 secs] 6880651K->4617507K(10982400K), 0.0718850 secs] [Times: user=0.57 sys=0.01, real=0.08 secs] 
31500.420: [GC 31500.421: [ParNew: 2357062K->76166K(2534400K), 0.0670220 secs] 6870307K->4604586K(10982400K), 0.0679100 secs] [Times: user=0.35 sys=0.00, real=0.07 secs] 
31502.604: [GC 31502.605: [ParNew: 2328966K->51464K(2534400K), 0.0504060 secs] 6857386K->4580835K(10982400K), 0.0512230 secs] [Times: user=0.38 sys=0.00, real=0.05 secs] 
31504.199: [GC 31504.199: [ParNew: 2304264K->42634K(2534400K), 0.0453850 secs] 6833635K->4573378K(10982400K), 0.0462890 secs] [Times: user=0.40 sys=0.00, real=0.04 secs] 
31506.105: [GC 31506.105: [ParNew: 2295434K->36823K(2534400K), 0.0487390 secs] 6826178K->4569367K(10982400K), 0.0496250 secs] [Times: user=0.37 sys=0.01, real=0.05 secs] 
31507.788: [GC 31507.788: [ParNew: 2289623K->38945K(2534400K), 0.0467910 secs] 6822167K->4573150K(10982400K), 0.0476900 secs] [Times: user=0.41 sys=0.00, real=0.04 secs] 
31509.562: [GC 31509.562: [ParNew: 2291745K->126920K(2534400K), 0.0688700 secs] 6825950K->4665170K(10982400K), 0.0697880 secs] [Times: user=0.81 sys=0.00, real=0.07 secs] 
31511.419: [GC 31511.419: [ParNew: 2379720K->97853K(2534400K), 0.0548520 secs] 6917970K->4637051K(10982400K), 0.0557860 secs] [Times: user=0.42 sys=0.00, real=0.05 secs] 
31513.330: [GC 31513.331: [ParNew: 2350653K->62343K(2534400K), 0.0530890 secs] 6889851K->4602709K(10982400K), 0.0540130 secs] [Times: user=0.50 sys=0.01, real=0.05 secs] 
31515.461: [GC 31515.461: [ParNew: 2315143K->54302K(2534400K), 0.0543240 secs] 6855509K->4596111K(10982400K), 0.0552690 secs] [Times: user=0.44 sys=0.01, real=0.05 secs] 
31517.365: [GC 31517.366: [ParNew: 2307102K->52423K(2534400K), 0.0512410 secs] 6848911K->4595732K(10982400K), 0.0523320 secs] [Times: user=0.37 sys=0.00, real=0.05 secs] 
31519.158: [GC 31519.158: [ParNew: 2305277K->73315K(2534400K), 0.0547010 secs] 6848585K->4617299K(10982400K), 0.0555710 secs] [Times: user=0.53 sys=0.00, real=0.06 secs] 
31519.218: [GC 31519.218: [ParNew: 74431K->69856K(2534400K), 0.0271180 secs] 4618415K->4625280K(10982400K), 0.0277730 secs] [Times: user=0.43 sys=0.00, real=0.03 secs] 
31521.011: [GC 31521.011: [ParNew: 2322656K->58285K(2534400K), 0.0477470 secs] 6878080K->4615560K(10982400K), 0.0485520 secs] [Times: user=0.38 sys=0.00, real=0.05 secs] 
31522.671: [GC 31522.671: [ParNew: 2311085K->34037K(2534400K), 0.0461120 secs] 6868360K->4593606K(10982400K), 0.0469000 secs] [Times: user=0.37 sys=0.01, real=0.04 secs] 
31524.579: [GC 31524.579: [ParNew: 2286837K->25953K(2534400K), 0.0479070 secs] 6846406K->4586926K(10982400K), 0.0486900 secs] [Times: user=0.36 sys=0.00, real=0.05 secs] 
31526.642: [GC 31526.642: [ParNew: 2278753K->40724K(2534400K), 0.0464710 secs] 6839726K->4601697K(10982400K), 0.0472760 secs] [Times: user=0.39 sys=0.01, real=0.04 secs] 
31528.263: [GC 31528.263: [ParNew: 2293524K->39098K(2534400K), 0.0433400 secs] 6854497K->4601744K(10982400K), 0.0441320 secs] [Times: user=0.38 sys=0.00, real=0.04 secs] 
31529.954: [GC 31529.954: [ParNew: 2291898K->36965K(2534400K), 0.0468760 secs] 6854544K->4600861K(10982400K), 0.0478110 secs] [Times: user=0.35 sys=0.01, real=0.05 secs] 
31532.105: [GC 31532.105: [ParNew: 2289765K->33767K(2534400K), 0.0477980 secs] 6853661K->4598868K(10982400K), 0.0485930 secs] [Times: user=0.39 sys=0.00, real=0.05 secs] 
31534.188: [GC 31534.189: [ParNew: 2286567K->31539K(2534400K), 0.0485160 secs] 6851668K->4599167K(10982400K), 0.0493080 secs] [Times: user=0.34 sys=0.00, real=0.05 secs] 
31536.580: [GC 31536.581: [ParNew: 2284339K->39535K(2534400K), 0.0539250 secs] 6851967K->4608539K(10982400K), 0.0546460 secs] [Times: user=0.39 sys=0.01, real=0.06 secs] 
31539.278: [GC 31539.278: [ParNew: 2292335K->39146K(2534400K), 0.0599550 secs] 6861339K->4609097K(10982400K), 0.0608590 secs] [Times: user=0.39 sys=0.00, real=0.06 secs] 
31541.984: [GC 31541.985: [ParNew: 2291938K->40076K(2534400K), 0.0557180 secs] 6861889K->4611291K(10982400K), 0.0565090 secs] [Times: user=0.34 sys=0.00, real=0.05 secs] 
31543.686: [GC 31543.686: [ParNew: 2292876K->40525K(2534400K), 0.0540060 secs] 6864091K->4612877K(10982400K), 0.0549100 secs] [Times: user=0.43 sys=0.00, real=0.05 secs] 
31546.027: [GC 31546.028: [ParNew: 2293325K->81696K(2534400K), 0.0598830 secs] 6865677K->4655908K(10982400K), 0.0608090 secs] [Times: user=0.50 sys=0.00, real=0.06 secs] 
31548.283: [GC 31548.284: [ParNew: 2334496K->63100K(2534400K), 0.0529080 secs] 6908708K->4639022K(10982400K), 0.0537050 secs] [Times: user=0.40 sys=0.01, real=0.06 secs] 
31550.748: [GC 31550.749: [ParNew: 2315900K->62705K(2534400K), 0.0559580 secs] 6891822K->4640121K(10982400K), 0.0566280 secs] [Times: user=0.49 sys=0.00, real=0.06 secs] 
31552.838: [GC 31552.838: [ParNew: 2315505K->55361K(2534400K), 0.0557850 secs] 6892921K->4634190K(10982400K), 0.0564800 secs] [Times: user=0.47 sys=0.00, real=0.06 secs] 
31554.596: [GC 31554.597: [ParNew: 2308161K->44834K(2534400K), 0.0603920 secs] 6886990K->4636890K(10982400K), 0.0611740 secs] [Times: user=0.35 sys=0.01, real=0.06 secs] 
31555.742: [GC 31555.742: [ParNew: 2297634K->34346K(2534400K), 0.0380900 secs] 6889690K->4628197K(10982400K), 0.0389100 secs] [Times: user=0.38 sys=0.00, real=0.04 secs] 
31557.104: [GC 31557.104: [ParNew: 2287146K->42807K(2534400K), 0.0453360 secs] 6880997K->4638059K(10982400K), 0.0461210 secs] [Times: user=0.32 sys=0.00, real=0.05 secs] 
31558.686: [GC 31558.687: [ParNew: 2295607K->37201K(2534400K), 0.0493580 secs] 6890859K->4634261K(10982400K), 0.0501630 secs] [Times: user=0.39 sys=0.00, real=0.05 secs] 
31559.881: [GC 31559.881: [ParNew: 2290001K->33117K(2534400K), 0.0461450 secs] 6887061K->4632776K(10982400K), 0.0469450 secs] [Times: user=0.40 sys=0.00, real=0.05 secs] 
31561.117: [GC 31561.118: [ParNew: 2285917K->31957K(2534400K), 0.0391190 secs] 6885576K->4632714K(10982400K), 0.0399070 secs] [Times: user=0.36 sys=0.00, real=0.04 secs] 
31562.696: [GC 31562.697: [ParNew: 2284757K->25530K(2534400K), 0.0432930 secs] 6885514K->4627242K(10982400K), 0.0441810 secs] [Times: user=0.31 sys=0.00, real=0.04 secs] 
31564.655: [GC 31564.655: [ParNew: 2278330K->36685K(2534400K), 0.0529590 secs] 6880042K->4639388K(10982400K), 0.0538890 secs] [Times: user=0.44 sys=0.00, real=0.06 secs] 
31565.977: [GC 31565.977: [ParNew: 2289485K->29926K(2534400K), 0.0373100 secs] 6892188K->4633225K(10982400K), 0.0380660 secs] [Times: user=0.31 sys=0.00, real=0.03 secs] 
31568.012: [GC 31568.013: [ParNew: 2282726K->39943K(2534400K), 0.0504640 secs] 6886025K->4644137K(10982400K), 0.0510930 secs] [Times: user=0.45 sys=0.00, real=0.05 secs] 
31569.572: [GC 31569.573: [ParNew: 2292743K->35183K(2534400K), 0.0413600 secs] 6896937K->4639908K(10982400K), 0.0421560 secs] [Times: user=0.38 sys=0.00, real=0.04 secs] 
31571.529: [GC 31571.530: [ParNew: 2287983K->36345K(2534400K), 0.0453840 secs] 6892708K->4642250K(10982400K), 0.0460610 secs] [Times: user=0.37 sys=0.00, real=0.04 secs] 
31573.566: [GC 31573.566: [ParNew: 2289145K->41891K(2534400K), 0.0462740 secs] 6895050K->4648622K(10982400K), 0.0469460 secs] [Times: user=0.35 sys=0.00, real=0.05 secs] 
31575.394: [GC 31575.395: [ParNew: 2294691K->33915K(2534400K), 0.0477610 secs] 6901422K->4642685K(10982400K), 0.0484390 secs] [Times: user=0.40 sys=0.00, real=0.05 secs] 
31576.985: [GC 31576.985: [ParNew: 2286715K->36990K(2534400K), 0.0499400 secs] 6895485K->4647196K(10982400K), 0.0508520 secs] [Times: user=0.39 sys=0.00, real=0.05 secs] 
31578.990: [GC 31578.990: [ParNew: 2289790K->34238K(2534400K), 0.0479460 secs] 6899996K->4645680K(10982400K), 0.0487360 secs] [Times: user=0.37 sys=0.00, real=0.05 secs] 
31580.615: [GC 31580.615: [ParNew: 2287038K->38988K(2534400K), 0.0495660 secs] 6898480K->4654136K(10982400K), 0.0504710 secs] [Times: user=0.44 sys=0.01, real=0.05 secs] 
31582.521: [GC 31582.521: [ParNew: 2291788K->33247K(2534400K), 0.0518710 secs] 6906936K->4649331K(10982400K), 0.0526820 secs] [Times: user=0.42 sys=0.01, real=0.05 secs] 
31584.820: [GC 31584.821: [ParNew: 2286047K->65137K(2534400K), 0.0595480 secs] 6902131K->4682333K(10982400K), 0.0603460 secs] [Times: user=0.55 sys=0.00, real=0.06 secs] 
31586.965: [GC 31586.966: [ParNew: 2317967K->75425K(2534400K), 0.0568830 secs] 6935163K->4693733K(10982400K), 0.0576460 secs] [Times: user=0.46 sys=0.01, real=0.06 secs] 
31587.026: [GC 31587.027: [ParNew: 75786K->77090K(2534400K), 0.0198740 secs] 4694094K->4695893K(10982400K), 0.0204510 secs] [Times: user=0.40 sys=0.00, real=0.02 secs] 
31589.356: [GC 31589.357: [ParNew: 2329890K->65276K(2534400K), 0.0550170 secs] 6948693K->4684986K(10982400K), 0.0557850 secs] [Times: user=0.42 sys=0.00, real=0.06 secs] 
31591.441: [GC 31591.442: [ParNew: 2318076K->38622K(2534400K), 0.0610460 secs] 6937786K->4661031K(10982400K), 0.0619980 secs] [Times: user=0.38 sys=0.00, real=0.06 secs] 
31593.514: [GC 31593.514: [ParNew: 2291422K->59172K(2534400K), 0.0560060 secs] 6913831K->4683253K(10982400K), 0.0567950 secs] [Times: user=0.46 sys=0.01, real=0.06 secs] 
31595.174: [GC 31595.174: [ParNew: 2311972K->73211K(2534400K), 0.0573200 secs] 6936053K->4697292K(10982400K), 0.0582320 secs] [Times: user=0.52 sys=0.00, real=0.06 secs] 
31596.526: [GC 31596.527: [ParNew: 2326011K->51070K(2534400K), 0.0489200 secs] 6950092K->4677061K(10982400K), 0.0498430 secs] [Times: user=0.33 sys=0.00, real=0.05 secs] 
31597.886: [GC 31597.886: [ParNew: 2303870K->43830K(2534400K), 0.0540870 secs] 6929861K->4671338K(10982400K), 0.0549770 secs] [Times: user=0.49 sys=0.00, real=0.06 secs] 
31599.258: [GC 31599.259: [ParNew: 2296630K->44018K(2534400K), 0.0554570 secs] 6924138K->4673110K(10982400K), 0.0562790 secs] [Times: user=0.38 sys=0.00, real=0.06 secs] 
31601.121: [GC 31601.121: [ParNew: 2296818K->30039K(2534400K), 0.0523900 secs] 6925910K->4660479K(10982400K), 0.0532030 secs] [Times: user=0.43 sys=0.01, real=0.06 secs] 
31603.602: [GC 31603.602: [ParNew: 2282839K->38416K(2534400K), 0.0577780 secs] 6913279K->4670383K(10982400K), 0.0585870 secs] [Times: user=0.45 sys=0.00, real=0.05 secs] 
31606.046: [GC 31606.046: [ParNew: 2291216K->36459K(2534400K), 0.0551640 secs] 6923183K->4669449K(10982400K), 0.0559690 secs] [Times: user=0.40 sys=0.00, real=0.06 secs] 
31608.647: [GC 31608.648: [ParNew: 2289259K->45766K(2534400K), 0.0624990 secs] 6922249K->4680358K(10982400K), 0.0634250 secs] [Times: user=0.47 sys=0.00, real=0.06 secs] 
31611.315: [GC 31611.316: [ParNew: 2298566K->36708K(2534400K), 0.0598290 secs] 6933158K->4672125K(10982400K), 0.0607720 secs] [Times: user=0.36 sys=0.01, real=0.06 secs] 
31614.086: [GC 31614.086: [ParNew: 2289508K->37262K(2534400K), 0.0635540 secs] 6924925K->4673865K(10982400K), 0.0644380 secs] [Times: user=0.44 sys=0.00, real=0.06 secs] 
31616.175: [GC 31616.176: [ParNew: 2290062K->53807K(2534400K), 0.0595680 secs] 6926665K->4692604K(10982400K), 0.0605120 secs] [Times: user=0.44 sys=0.00, real=0.06 secs] 
31618.151: [GC 31618.152: [ParNew: 2306607K->78283K(2534400K), 0.0591900 secs] 6945404K->4719948K(10982400K), 0.0599820 secs] [Times: user=0.56 sys=0.00, real=0.06 secs] 
31620.430: [GC 31620.430: [ParNew: 2331083K->58364K(2534400K), 0.0577490 secs] 6972748K->4701158K(10982400K), 0.0585010 secs] [Times: user=0.43 sys=0.01, real=0.06 secs] 
31622.740: [GC 31622.741: [ParNew: 2311164K->35019K(2534400K), 0.0519650 secs] 6953958K->4679315K(10982400K), 0.0527720 secs] [Times: user=0.40 sys=0.00, real=0.05 secs] 
31625.249: [GC 31625.250: [ParNew: 2287819K->31294K(2534400K), 0.0563620 secs] 6932115K->4676411K(10982400K), 0.0572700 secs] [Times: user=0.36 sys=0.01, real=0.06 secs] 
31627.561: [GC 31627.562: [ParNew: 2284094K->35367K(2534400K), 0.0564750 secs] 6929211K->4681562K(10982400K), 0.0574300 secs] [Times: user=0.34 sys=0.00, real=0.06 secs] 
31629.544: [GC 31629.544: [ParNew: 2288167K->32286K(2534400K), 0.0534430 secs] 6934362K->4679734K(10982400K), 0.0543120 secs] [Times: user=0.38 sys=0.00, real=0.06 secs] 
31631.928: [GC 31631.929: [ParNew: 2285086K->34624K(2534400K), 0.0606780 secs] 6932534K->4682541K(10982400K), 0.0616270 secs] [Times: user=0.45 sys=0.00, real=0.06 secs] 
31634.010: [GC 31634.010: [ParNew: 2287424K->46228K(2534400K), 0.0555320 secs] 6935341K->4695354K(10982400K), 0.0564630 secs] [Times: user=0.38 sys=0.01, real=0.05 secs] 
31635.955: [GC 31635.956: [ParNew: 2299026K->64981K(2534400K), 0.0538200 secs] 6948152K->4717140K(10982400K), 0.0548430 secs] [Times: user=0.42 sys=0.00, real=0.06 secs] 
31637.838: [GC 31637.839: [ParNew: 2317781K->82695K(2534400K), 0.0548670 secs] 6969940K->4737125K(10982400K), 0.0558080 secs] [Times: user=0.47 sys=0.00, real=0.05 secs] 
31640.128: [GC 31640.129: [ParNew: 2335495K->60301K(2534400K), 0.0558860 secs] 6989925K->4715987K(10982400K), 0.0566910 secs] [Times: user=0.46 sys=0.00, real=0.05 secs] 
31642.579: [GC 31642.579: [ParNew: 2313101K->58784K(2534400K), 0.0543440 secs] 6968787K->4715609K(10982400K), 0.0551490 secs] [Times: user=0.46 sys=0.00, real=0.05 secs] 
31645.546: [GC 31645.547: [ParNew: 2311584K->51874K(2534400K), 0.0715640 secs] 6968409K->4716942K(10982400K), 0.0724900 secs] [Times: user=0.43 sys=0.01, real=0.08 secs] 
31647.851: [GC 31647.852: [ParNew: 2304674K->37924K(2534400K), 0.0592340 secs] 6969742K->4712695K(10982400K), 0.0600340 secs] [Times: user=0.39 sys=0.01, real=0.06 secs] 
31649.779: [GC 31649.780: [ParNew: 2290724K->75084K(2534400K), 0.0521490 secs] 6965495K->4751152K(10982400K), 0.0529380 secs] [Times: user=0.50 sys=0.00, real=0.05 secs] 
31651.578: [GC 31651.578: [ParNew: 2327899K->56604K(2534400K), 0.0511090 secs] 7003967K->4734088K(10982400K), 0.0518750 secs] [Times: user=0.45 sys=0.00, real=0.06 secs] 
31653.772: [GC 31653.772: [ParNew: 2309404K->32594K(2534400K), 0.0559210 secs] 6986888K->4711603K(10982400K), 0.0567160 secs] [Times: user=0.41 sys=0.00, real=0.05 secs] 
31655.697: [GC 31655.698: [ParNew: 2285394K->42294K(2534400K), 0.0516840 secs] 6964403K->4722700K(10982400K), 0.0524800 secs] [Times: user=0.39 sys=0.00, real=0.06 secs] 
31657.769: [GC 31657.770: [ParNew: 2295094K->49973K(2534400K), 0.0540390 secs] 6975500K->4731937K(10982400K), 0.0549430 secs] [Times: user=0.42 sys=0.00, real=0.06 secs] 
31659.621: [GC 31659.622: [ParNew: 2302773K->79485K(2534400K), 0.0529420 secs] 6984737K->4762470K(10982400K), 0.0538600 secs] [Times: user=0.52 sys=0.01, real=0.05 secs] 
31661.469: [GC 31661.469: [ParNew: 2332285K->101065K(2534400K), 0.0495750 secs] 7015270K->4785154K(10982400K), 0.0503680 secs] [Times: user=0.52 sys=0.00, real=0.05 secs] 
31663.749: [GC 31663.749: [ParNew: 2353865K->99074K(2534400K), 0.0599660 secs] 7037954K->4788101K(10982400K), 0.0607650 secs] [Times: user=0.50 sys=0.01, real=0.06 secs] 
31665.808: [GC 31665.809: [ParNew: 2351874K->66989K(2534400K), 0.0557300 secs] 7040901K->4763961K(10982400K), 0.0565250 secs] [Times: user=0.39 sys=0.00, real=0.06 secs] 
31668.010: [GC 31668.010: [ParNew: 2319789K->64404K(2534400K), 0.0567680 secs] 7016761K->4762353K(10982400K), 0.0576890 secs] [Times: user=0.48 sys=0.00, real=0.06 secs] 
31670.246: [GC 31670.246: [ParNew: 2317204K->48496K(2534400K), 0.0531420 secs] 7015153K->4747148K(10982400K), 0.0539470 secs] [Times: user=0.39 sys=0.00, real=0.05 secs] 
31672.459: [GC 31672.460: [ParNew: 2301296K->36302K(2534400K), 0.0538130 secs] 6999948K->4736817K(10982400K), 0.0546200 secs] [Times: user=0.39 sys=0.00, real=0.06 secs] 
31674.125: [GC 31674.126: [ParNew: 2289102K->31537K(2534400K), 0.0501880 secs] 6989617K->4733572K(10982400K), 0.0511320 secs] [Times: user=0.38 sys=0.00, real=0.05 secs] 
31675.613: [GC 31675.613: [ParNew: 2284337K->59566K(2534400K), 0.0544960 secs] 6986372K->4764773K(10982400K), 0.0553160 secs] [Times: user=0.52 sys=0.00, real=0.05 secs] 
31678.023: [GC 31678.023: [ParNew: 2312366K->79111K(2534400K), 0.0596750 secs] 7017573K->4785769K(10982400K), 0.0604880 secs] [Times: user=0.55 sys=0.00, real=0.06 secs] 
31680.776: [GC 31680.776: [ParNew: 2331911K->55078K(2534400K), 0.0555190 secs] 7038569K->4762471K(10982400K), 0.0563290 secs] [Times: user=0.40 sys=0.01, real=0.05 secs] 
31682.531: [GC 31682.531: [ParNew: 2307878K->69197K(2534400K), 0.0527700 secs] 7015271K->4778549K(10982400K), 0.0537200 secs] [Times: user=0.47 sys=0.00, real=0.06 secs] 
31684.609: [GC 31684.609: [ParNew: 2321997K->86714K(2534400K), 0.0558250 secs] 7031349K->4796942K(10982400K), 0.0566200 secs] [Times: user=0.48 sys=0.00, real=0.06 secs] 
31686.542: [GC 31686.543: [ParNew: 2339514K->60170K(2534400K), 0.0640520 secs] 7049742K->4771843K(10982400K), 0.0648180 secs] [Times: user=0.45 sys=0.00, real=0.07 secs] 
31688.597: [GC 31688.597: [ParNew: 2312970K->37104K(2534400K), 0.0519500 secs] 7024643K->4752972K(10982400K), 0.0525940 secs] [Times: user=0.37 sys=0.00, real=0.05 secs] 
31690.771: [GC 31690.772: [ParNew: 2289904K->32852K(2534400K), 0.0507720 secs] 7005772K->4750169K(10982400K), 0.0514570 secs] [Times: user=0.41 sys=0.00, real=0.05 secs] 
31692.745: [GC 31692.745: [ParNew: 2285652K->28268K(2534400K), 0.0533640 secs] 7002969K->4746666K(10982400K), 0.0542730 secs] [Times: user=0.39 sys=0.00, real=0.06 secs] 
31694.777: [GC 31694.778: [ParNew: 2281068K->40559K(2534400K), 0.0607570 secs] 6999466K->4760600K(10982400K), 0.0617370 secs] [Times: user=0.45 sys=0.00, real=0.06 secs] 
31696.339: [GC 31696.340: [ParNew: 2293359K->36086K(2534400K), 0.0457180 secs] 7013400K->4757497K(10982400K), 0.0466380 secs] [Times: user=0.38 sys=0.00, real=0.05 secs] 
31698.894: [GC 31698.895: [ParNew: 2288886K->72980K(2534400K), 0.0644720 secs] 7010297K->4795387K(10982400K), 0.0653780 secs] [Times: user=0.57 sys=0.00, real=0.07 secs] 
31700.902: [GC 31700.902: [ParNew: 2325780K->54595K(2534400K), 0.0527240 secs] 7048187K->4777856K(10982400K), 0.0536620 secs] [Times: user=0.40 sys=0.00, real=0.05 secs] 
31703.177: [GC 31703.178: [ParNew: 2307395K->89336K(2534400K), 0.0570580 secs] 7030656K->4813510K(10982400K), 0.0578630 secs] [Times: user=0.59 sys=0.00, real=0.05 secs] 
31704.801: [GC 31704.801: [ParNew: 2342136K->69935K(2534400K), 0.0482560 secs] 7066310K->4796452K(10982400K), 0.0490290 secs] [Times: user=0.43 sys=0.00, real=0.05 secs] 
31707.561: [GC 31707.562: [ParNew: 2322735K->66092K(2534400K), 0.0623900 secs] 7049252K->4795028K(10982400K), 0.0631790 secs] [Times: user=0.50 sys=0.00, real=0.06 secs] 
31709.178: [GC 31709.179: [ParNew: 2318892K->81122K(2534400K), 0.0502380 secs] 7047828K->4811350K(10982400K), 0.0511520 secs] [Times: user=0.53 sys=0.00, real=0.05 secs] 
31710.816: [GC 31710.817: [ParNew: 2333922K->70000K(2534400K), 0.0481800 secs] 7064150K->4804868K(10982400K), 0.0490840 secs] [Times: user=0.44 sys=0.01, real=0.05 secs] 
31712.303: [GC 31712.304: [ParNew: 2322800K->103898K(2534400K), 0.0683910 secs] 7057668K->4857967K(10982400K), 0.0693140 secs] [Times: user=0.60 sys=0.02, real=0.07 secs] 
31714.059: [GC 31714.060: [ParNew: 2356698K->77148K(2534400K), 0.0503660 secs] 7110767K->4834472K(10982400K), 0.0512870 secs] [Times: user=0.39 sys=0.00, real=0.05 secs] 
31716.018: [GC 31716.018: [ParNew: 2329969K->50318K(2534400K), 0.0519790 secs] 7087293K->4808564K(10982400K), 0.0528440 secs] [Times: user=0.44 sys=0.00, real=0.06 secs] 
31716.074: [GC 31716.075: [ParNew: 51054K->47694K(2534400K), 0.0234370 secs] 4809301K->4810468K(10982400K), 0.0241120 secs] [Times: user=0.40 sys=0.01, real=0.03 secs] 
31718.297: [GC 31718.297: [ParNew: 2300494K->59880K(2534400K), 0.0558210 secs] 7063268K->4823464K(10982400K), 0.0567280 secs] [Times: user=0.45 sys=0.01, real=0.06 secs] 
31719.575: [GC 31719.576: [ParNew: 2312680K->63902K(2534400K), 0.0438590 secs] 7076264K->4829063K(10982400K), 0.0447960 secs] [Times: user=0.44 sys=0.00, real=0.05 secs] 
31721.264: [GC 31721.265: [ParNew: 2316702K->84716K(2534400K), 0.0549480 secs] 7081863K->4851421K(10982400K), 0.0558740 secs] [Times: user=0.56 sys=0.01, real=0.06 secs] 
31722.946: [GC 31722.946: [ParNew: 2337516K->60318K(2534400K), 0.0470440 secs] 7104221K->4827023K(10982400K), 0.0479510 secs] [Times: user=0.42 sys=0.01, real=0.05 secs] 
31725.345: [GC 31725.346: [ParNew: 2313118K->49082K(2534400K), 0.0536730 secs] 7079823K->4817776K(10982400K), 0.0544610 secs] [Times: user=0.39 sys=0.00, real=0.05 secs] 
31726.984: [GC 31726.985: [ParNew: 2301882K->87873K(2534400K), 0.0559500 secs] 7070576K->4857721K(10982400K), 0.0567380 secs] [Times: user=0.57 sys=0.00, real=0.06 secs] 
31728.779: [GC 31728.779: [ParNew: 2340673K->64341K(2534400K), 0.0480230 secs] 7110521K->4834809K(10982400K), 0.0488090 secs] [Times: user=0.38 sys=0.00, real=0.05 secs] 
31731.060: [GC 31731.060: [ParNew: 2317161K->37085K(2534400K), 0.0598240 secs] 7087630K->4808422K(10982400K), 0.0607040 secs] [Times: user=0.46 sys=0.00, real=0.06 secs] 
31731.124: [GC 31731.124: [ParNew: 37772K->28453K(2534400K), 0.0188370 secs] 4809109K->4801248K(10982400K), 0.0194910 secs] [Times: user=0.34 sys=0.00, real=0.02 secs] 
31733.302: [GC 31733.303: [ParNew: 2281253K->39940K(2534400K), 0.0568910 secs] 7054048K->4813947K(10982400K), 0.0578120 secs] [Times: user=0.44 sys=0.00, real=0.05 secs] 
31734.857: [GC 31734.858: [ParNew: 2292740K->68746K(2534400K), 0.0816100 secs] 7066747K->4844295K(10982400K), 0.0824070 secs] [Times: user=0.43 sys=0.00, real=0.08 secs] 
31736.783: [GC 31736.784: [ParNew: 2321546K->37583K(2534400K), 0.0624840 secs] 7097095K->4814065K(10982400K), 0.0634270 secs] [Times: user=0.40 sys=0.01, real=0.06 secs] 
31738.622: [GC 31738.622: [ParNew: 2290383K->50317K(2534400K), 0.0563470 secs] 7066865K->4826800K(10982400K), 0.0572700 secs] [Times: user=0.43 sys=0.00, real=0.06 secs] 
31740.893: [GC 31740.893: [ParNew: 2303117K->52949K(2534400K), 0.0560680 secs] 7079600K->4830534K(10982400K), 0.0569380 secs] [Times: user=0.45 sys=0.01, real=0.05 secs] 
31743.363: [GC 31743.364: [ParNew: 2305749K->82091K(2534400K), 0.0615240 secs] 7083334K->4860989K(10982400K), 0.0623890 secs] [Times: user=0.49 sys=0.00, real=0.06 secs] 
31745.561: [GC 31745.562: [ParNew: 2334891K->69823K(2534400K), 0.0602400 secs] 7113789K->4849526K(10982400K), 0.0611750 secs] [Times: user=0.50 sys=0.00, real=0.06 secs] 
31748.263: [GC 31748.264: [ParNew: 2322623K->61234K(2534400K), 0.0721200 secs] 7102326K->4849395K(10982400K), 0.0730110 secs] [Times: user=0.47 sys=0.00, real=0.08 secs] 
31751.113: [GC 31751.114: [ParNew: 2314034K->72267K(2534400K), 0.0656140 secs] 7102195K->4864445K(10982400K), 0.0664120 secs] [Times: user=0.49 sys=0.00, real=0.07 secs] 
31753.124: [GC 31753.125: [ParNew: 2325067K->107935K(2534400K), 0.0765230 secs] 7117245K->4901898K(10982400K), 0.0774770 secs] [Times: user=0.52 sys=0.01, real=0.08 secs] 
31754.652: [GC 31754.652: [ParNew: 2360735K->105018K(2534400K), 0.0856630 secs] 7154698K->4910101K(10982400K), 0.0865630 secs] [Times: user=0.57 sys=0.01, real=0.09 secs] 
31756.356: [GC 31756.357: [ParNew: 2357818K->92762K(2534400K), 0.0703420 secs] 7162901K->4901142K(10982400K), 0.0712590 secs] [Times: user=0.51 sys=0.00, real=0.07 secs] 
31758.768: [GC 31758.768: [ParNew: 2345562K->116483K(2534400K), 0.0774360 secs] 7153942K->4926551K(10982400K), 0.0782410 secs] [Times: user=0.53 sys=0.00, real=0.08 secs] 
31760.999: [GC 31761.000: [ParNew: 2369277K->75321K(2534400K), 0.0631720 secs] 7179345K->4887059K(10982400K), 0.0639770 secs] [Times: user=0.42 sys=0.01, real=0.06 secs] 
31763.429: [GC 31763.430: [ParNew: 2328121K->58604K(2534400K), 0.0695080 secs] 7139859K->4871031K(10982400K), 0.0702970 secs] [Times: user=0.47 sys=0.00, real=0.07 secs] 
31766.105: [GC 31766.105: [ParNew: 2311404K->43936K(2534400K), 0.0598860 secs] 7123831K->4858859K(10982400K), 0.0608390 secs] [Times: user=0.43 sys=0.00, real=0.06 secs] 
31768.561: [GC 31768.562: [ParNew: 2296687K->44459K(2534400K), 0.0557980 secs] 7111610K->4860869K(10982400K), 0.0566240 secs] [Times: user=0.45 sys=0.01, real=0.06 secs] 
31770.954: [GC 31770.954: [ParNew: 2297259K->38640K(2534400K), 0.0542700 secs] 7113669K->4858871K(10982400K), 0.0550750 secs] [Times: user=0.39 sys=0.00, real=0.06 secs] 
31773.078: [GC 31773.078: [ParNew: 2291467K->41818K(2534400K), 0.0539020 secs] 7111698K->4864579K(10982400K), 0.0546640 secs] [Times: user=0.41 sys=0.00, real=0.06 secs] 
31773.135: [GC 31773.136: [ParNew: 41979K->46668K(2534400K), 0.0211390 secs] 4864739K->4871008K(10982400K), 0.0217100 secs] [Times: user=0.41 sys=0.00, real=0.02 secs] 
31774.442: [GC 31774.442: [ParNew: 2299468K->93810K(2534400K), 0.0476060 secs] 7123808K->4921171K(10982400K), 0.0484050 secs] [Times: user=0.53 sys=0.00, real=0.05 secs] 
31776.939: [GC 31776.940: [ParNew: 2346610K->72300K(2534400K), 0.0639700 secs] 7173971K->4901179K(10982400K), 0.0647900 secs] [Times: user=0.43 sys=0.00, real=0.06 secs] 
31779.442: [GC 31779.442: [ParNew: 2325100K->46470K(2534400K), 0.0591370 secs] 7153979K->4876032K(10982400K), 0.0599260 secs] [Times: user=0.43 sys=0.01, real=0.06 secs] 
31782.062: [GC 31782.063: [ParNew: 2299270K->58772K(2534400K), 0.0637240 secs] 7128832K->4888334K(10982400K), 0.0645950 secs] [Times: user=0.44 sys=0.00, real=0.06 secs] 
31784.125: [GC 31784.126: [ParNew: 2311572K->46064K(2534400K), 0.0505750 secs] 7141134K->4876569K(10982400K), 0.0514700 secs] [Times: user=0.38 sys=0.00, real=0.05 secs] 
31785.941: [GC 31785.941: [ParNew: 2298864K->52164K(2534400K), 0.0442900 secs] 7129369K->4883842K(10982400K), 0.0451120 secs] [Times: user=0.41 sys=0.00, real=0.04 secs] 
31788.154: [GC 31788.155: [ParNew: 2304964K->44945K(2534400K), 0.0586460 secs] 7136642K->4886367K(10982400K), 0.0594340 secs] [Times: user=0.35 sys=0.01, real=0.06 secs] 
31790.171: [GC 31790.171: [ParNew: 2297745K->30305K(2534400K), 0.0473810 secs] 7139167K->4874145K(10982400K), 0.0481730 secs] [Times: user=0.34 sys=0.00, real=0.04 secs] 
31792.179: [GC 31792.179: [ParNew: 2283105K->43024K(2534400K), 0.0582320 secs] 7126945K->4888367K(10982400K), 0.0591720 secs] [Times: user=0.47 sys=0.00, real=0.06 secs] 
31793.979: [GC 31793.980: [ParNew: 2295824K->66323K(2534400K), 0.0540260 secs] 7141167K->4912618K(10982400K), 0.0548070 secs] [Times: user=0.55 sys=0.00, real=0.06 secs] 
31795.964: [GC 31795.965: [ParNew: 2319123K->51954K(2534400K), 0.0592390 secs] 7165418K->4899803K(10982400K), 0.0600420 secs] [Times: user=0.47 sys=0.00, real=0.06 secs] 
31798.398: [GC 31798.399: [ParNew: 2304754K->48515K(2534400K), 0.0668620 secs] 7152603K->4897143K(10982400K), 0.0679620 secs] [Times: user=0.50 sys=0.00, real=0.07 secs] 
31800.274: [GC 31800.274: [ParNew: 2301315K->119431K(2534400K), 0.0625570 secs] 7149943K->4968991K(10982400K), 0.0633790 secs] [Times: user=0.77 sys=0.01, real=0.06 secs] 
31802.604: [GC 31802.605: [ParNew: 2372231K->95734K(2534400K), 0.0588780 secs] 7221791K->4946528K(10982400K), 0.0597030 secs] [Times: user=0.49 sys=0.00, real=0.06 secs] 
31804.760: [GC 31804.760: [ParNew: 2348534K->70458K(2534400K), 0.0610640 secs] 7199328K->4922861K(10982400K), 0.0619330 secs] [Times: user=0.45 sys=0.01, real=0.06 secs] 
31807.450: [GC 31807.451: [ParNew: 2323258K->51340K(2534400K), 0.0619860 secs] 7175661K->4906530K(10982400K), 0.0629460 secs] [Times: user=0.44 sys=0.01, real=0.07 secs] 
31809.963: [GC 31809.963: [ParNew: 2304140K->40724K(2534400K), 0.0595480 secs] 7159330K->4896986K(10982400K), 0.0604660 secs] [Times: user=0.41 sys=0.00, real=0.06 secs] 
31812.682: [GC 31812.683: [ParNew: 2293524K->48381K(2534400K), 0.0648790 secs] 7149786K->4906234K(10982400K), 0.0657670 secs] [Times: user=0.43 sys=0.00, real=0.07 secs] 
31815.082: [GC 31815.082: [ParNew: 2301181K->78611K(2534400K), 0.0650430 secs] 7159034K->4937403K(10982400K), 0.0658310 secs] [Times: user=0.59 sys=0.00, real=0.07 secs] 
31817.259: [GC 31817.260: [ParNew: 2331411K->63072K(2534400K), 0.0541020 secs] 7190203K->4923540K(10982400K), 0.0549080 secs] [Times: user=0.41 sys=0.01, real=0.06 secs] 
31819.139: [GC 31819.139: [ParNew: 2315872K->58841K(2534400K), 0.0732410 secs] 7176340K->4921813K(10982400K), 0.0740320 secs] [Times: user=0.47 sys=0.01, real=0.07 secs] 
31821.098: [GC 31821.099: [ParNew: 2311641K->39805K(2534400K), 0.0567280 secs] 7174613K->4903797K(10982400K), 0.0576440 secs] [Times: user=0.40 sys=0.00, real=0.06 secs] 
31823.568: [GC 31823.569: [ParNew: 2292605K->28949K(2534400K), 0.0529440 secs] 7156597K->4893872K(10982400K), 0.0538910 secs] [Times: user=0.38 sys=0.01, real=0.05 secs] 
31825.683: [GC 31825.684: [ParNew: 2281749K->32172K(2534400K), 0.0547620 secs] 7146672K->4898080K(10982400K), 0.0557220 secs] [Times: user=0.37 sys=0.00, real=0.06 secs] 
31827.652: [GC 31827.653: [ParNew: 2284972K->34235K(2534400K), 0.0530020 secs] 7150880K->4901023K(10982400K), 0.0539360 secs] [Times: user=0.35 sys=0.00, real=0.06 secs] 
31830.141: [GC 31830.142: [ParNew: 2287035K->38452K(2534400K), 0.0581370 secs] 7153823K->4906555K(10982400K), 0.0590800 secs] [Times: user=0.41 sys=0.01, real=0.06 secs] 
31832.584: [GC 31832.584: [ParNew: 2291306K->43240K(2534400K), 0.0595580 secs] 7159408K->4912231K(10982400K), 0.0603990 secs] [Times: user=0.41 sys=0.00, real=0.06 secs] 
31834.590: [GC 31834.591: [ParNew: 2296040K->65107K(2534400K), 0.0520920 secs] 7165031K->4935126K(10982400K), 0.0528920 secs] [Times: user=0.41 sys=0.01, real=0.05 secs] 
31836.834: [GC 31836.834: [ParNew: 2317907K->94480K(2534400K), 0.0678660 secs] 7187926K->4968435K(10982400K), 0.0686710 secs] [Times: user=0.67 sys=0.00, real=0.07 secs] 
31838.702: [GC 31838.702: [ParNew: 2347280K->67526K(2534400K), 0.0503850 secs] 7221235K->4942323K(10982400K), 0.0511720 secs] [Times: user=0.43 sys=0.01, real=0.05 secs] 
31840.713: [GC 31840.714: [ParNew: 2320326K->73130K(2534400K), 0.0535800 secs] 7195123K->4949305K(10982400K), 0.0545040 secs] [Times: user=0.48 sys=0.01, real=0.06 secs] 
31842.696: [GC 31842.697: [ParNew: 2325930K->57296K(2534400K), 0.0536320 secs] 7202105K->4934773K(10982400K), 0.0545100 secs] [Times: user=0.40 sys=0.00, real=0.06 secs] 
31844.909: [GC 31844.909: [ParNew: 2310096K->53589K(2534400K), 0.0598420 secs] 7187573K->4935752K(10982400K), 0.0606430 secs] [Times: user=0.46 sys=0.00, real=0.06 secs] 
31846.907: [GC 31846.908: [ParNew: 2306389K->59155K(2534400K), 0.0557080 secs] 7188552K->4942668K(10982400K), 0.0565350 secs] [Times: user=0.47 sys=0.00, real=0.06 secs] 
31848.738: [GC 31848.738: [ParNew: 2311955K->40584K(2534400K), 0.0502670 secs] 7195468K->4925331K(10982400K), 0.0511390 secs] [Times: user=0.42 sys=0.00, real=0.06 secs] 
31850.313: [GC 31850.314: [ParNew: 2293384K->32695K(2534400K), 0.0470540 secs] 7178131K->4918582K(10982400K), 0.0477950 secs] [Times: user=0.42 sys=0.00, real=0.05 secs] 
31852.219: [GC 31852.220: [ParNew: 2285495K->44813K(2534400K), 0.0479320 secs] 7171382K->4932186K(10982400K), 0.0485800 secs] [Times: user=0.41 sys=0.00, real=0.05 secs] 
31853.274: [GC 31853.274: [ParNew: 2297613K->29683K(2534400K), 0.0369200 secs] 7184986K->4919339K(10982400K), 0.0376200 secs] [Times: user=0.34 sys=0.00, real=0.04 secs] 
31854.713: [GC 31854.713: [ParNew: 2282483K->29102K(2534400K), 0.0489370 secs] 7172139K->4920581K(10982400K), 0.0498630 secs] [Times: user=0.38 sys=0.00, real=0.05 secs] 
31856.126: [GC 31856.127: [ParNew: 2281902K->36475K(2534400K), 0.0502200 secs] 7173381K->4928984K(10982400K), 0.0511360 secs] [Times: user=0.43 sys=0.00, real=0.05 secs] 
31857.999: [GC 31858.000: [ParNew: 2289275K->32974K(2534400K), 0.0525140 secs] 7181784K->4926857K(10982400K), 0.0533840 secs] [Times: user=0.40 sys=0.00, real=0.06 secs] 
31859.241: [GC 31859.241: [ParNew: 2285774K->63076K(2534400K), 0.0472730 secs] 7179657K->4957571K(10982400K), 0.0482020 secs] [Times: user=0.54 sys=0.00, real=0.04 secs] 
31860.941: [GC 31860.941: [ParNew: 2315876K->80636K(2534400K), 0.0616390 secs] 7210371K->4976207K(10982400K), 0.0625610 secs] [Times: user=0.57 sys=0.00, real=0.06 secs] 
31862.931: [GC 31862.931: [ParNew: 2333436K->54977K(2534400K), 0.0497670 secs] 7229007K->4951498K(10982400K), 0.0505640 secs] [Times: user=0.38 sys=0.00, real=0.06 secs] 
31864.891: [GC 31864.892: [ParNew: 2307777K->49558K(2534400K), 0.0565810 secs] 7204298K->4946845K(10982400K), 0.0574980 secs] [Times: user=0.47 sys=0.00, real=0.06 secs] 
31866.788: [GC 31866.789: [ParNew: 2302358K->57216K(2534400K), 0.0499550 secs] 7199645K->4956248K(10982400K), 0.0508270 secs] [Times: user=0.38 sys=0.00, real=0.05 secs] 
31868.792: [GC 31868.792: [ParNew: 2310016K->45122K(2534400K), 0.0537850 secs] 7209048K->4947001K(10982400K), 0.0545790 secs] [Times: user=0.45 sys=0.00, real=0.05 secs] 
31871.006: [GC 31871.007: [ParNew: 2297922K->44550K(2534400K), 0.0528100 secs] 7199801K->4947268K(10982400K), 0.0536130 secs] [Times: user=0.40 sys=0.00, real=0.05 secs] 
31873.267: [GC 31873.268: [ParNew: 2297350K->42302K(2534400K), 0.0641640 secs] 7200068K->4951298K(10982400K), 0.0651040 secs] [Times: user=0.41 sys=0.01, real=0.06 secs] 
31875.576: [GC 31875.577: [ParNew: 2295102K->57348K(2534400K), 0.0672980 secs] 7204098K->4967989K(10982400K), 0.0682170 secs] [Times: user=0.50 sys=0.01, real=0.07 secs] 
31877.747: [GC 31877.747: [ParNew: 2310148K->55657K(2534400K), 0.0549900 secs] 7220789K->4967571K(10982400K), 0.0558370 secs] [Times: user=0.37 sys=0.01, real=0.05 secs] 
31880.017: [GC 31880.017: [ParNew: 2308457K->51776K(2534400K), 0.0539810 secs] 7220371K->4969000K(10982400K), 0.0546230 secs] [Times: user=0.36 sys=0.00, real=0.05 secs] 
31882.118: [GC 31882.119: [ParNew: 2304576K->45206K(2534400K), 0.0487680 secs] 7221800K->4963181K(10982400K), 0.0494860 secs] [Times: user=0.36 sys=0.00, real=0.05 secs] 
31884.351: [GC 31884.352: [ParNew: 2298006K->46946K(2534400K), 0.0557540 secs] 7215981K->4966669K(10982400K), 0.0564020 secs] [Times: user=0.36 sys=0.01, real=0.06 secs] 
31886.287: [GC 31886.288: [ParNew: 2299746K->49637K(2534400K), 0.0651070 secs] 7219469K->4975424K(10982400K), 0.0657980 secs] [Times: user=0.44 sys=0.00, real=0.06 secs] 
31888.456: [GC 31888.456: [ParNew: 2302437K->31568K(2534400K), 0.0553010 secs] 7228224K->4958896K(10982400K), 0.0559500 secs] [Times: user=0.46 sys=0.00, real=0.05 secs] 
31890.697: [GC 31890.697: [ParNew: 2284368K->32925K(2534400K), 0.0534010 secs] 7211696K->4961844K(10982400K), 0.0540970 secs] [Times: user=0.40 sys=0.00, real=0.05 secs] 
31893.103: [GC 31893.103: [ParNew: 2285725K->34923K(2534400K), 0.0545190 secs] 7214644K->4964798K(10982400K), 0.0551930 secs] [Times: user=0.39 sys=0.00, real=0.06 secs] 
31895.261: [GC 31895.262: [ParNew: 2287727K->63332K(2534400K), 0.0555100 secs] 7217602K->4994264K(10982400K), 0.0561440 secs] [Times: user=0.55 sys=0.00, real=0.06 secs] 
31897.396: [GC 31897.396: [ParNew: 2316132K->49920K(2534400K), 0.0555300 secs] 7247064K->4982027K(10982400K), 0.0561810 secs] [Times: user=0.46 sys=0.00, real=0.06 secs] 
31899.735: [GC 31899.736: [ParNew: 2302720K->69569K(2534400K), 0.0601690 secs] 7234827K->5002971K(10982400K), 0.0610190 secs] [Times: user=0.57 sys=0.00, real=0.06 secs] 
31901.578: [GC 31901.578: [ParNew: 2322369K->57681K(2534400K), 0.0548040 secs] 7255771K->4992206K(10982400K), 0.0557120 secs] [Times: user=0.48 sys=0.01, real=0.05 secs] 
31903.659: [GC 31903.660: [ParNew: 2310481K->81852K(2534400K), 0.0605790 secs] 7245006K->5018235K(10982400K), 0.0613900 secs] [Times: user=0.58 sys=0.01, real=0.06 secs] 
31905.616: [GC 31905.616: [ParNew: 2334652K->61989K(2534400K), 0.0522420 secs] 7271035K->4999965K(10982400K), 0.0530550 secs] [Times: user=0.42 sys=0.00, real=0.06 secs] 
31907.645: [GC 31907.646: [ParNew: 2314789K->48792K(2534400K), 0.0526150 secs] 7252765K->4993015K(10982400K), 0.0534150 secs] [Times: user=0.36 sys=0.01, real=0.06 secs] 
31909.119: [GC 31909.120: [ParNew: 2301592K->73091K(2534400K), 0.0653360 secs] 7245815K->5018742K(10982400K), 0.0661240 secs] [Times: user=0.45 sys=0.00, real=0.06 secs] 
31911.123: [GC 31911.123: [ParNew: 2325891K->88957K(2534400K), 0.0968710 secs] 7271542K->5036922K(10982400K), 0.0977080 secs] [Times: user=0.44 sys=0.00, real=0.10 secs] 
31912.727: [GC 31912.728: [ParNew: 2341757K->68249K(2534400K), 0.0834200 secs] 7289722K->5017882K(10982400K), 0.0843450 secs] [Times: user=0.46 sys=0.00, real=0.09 secs] 
31914.324: [GC 31914.325: [ParNew: 2321049K->62007K(2534400K), 0.0630820 secs] 7270682K->5013347K(10982400K), 0.0640040 secs] [Times: user=0.38 sys=0.00, real=0.06 secs] 
31916.301: [GC 31916.301: [ParNew: 2314807K->67800K(2534400K), 0.0715970 secs] 7266147K->5020955K(10982400K), 0.0725440 secs] [Times: user=0.48 sys=0.00, real=0.07 secs] 
31918.059: [GC 31918.059: [ParNew: 2320600K->49297K(2534400K), 0.0560550 secs] 7273755K->5003273K(10982400K), 0.0568690 secs] [Times: user=0.49 sys=0.00, real=0.06 secs] 
31919.897: [GC 31919.898: [ParNew: 2302097K->108945K(2534400K), 0.0983140 secs] 7256073K->5066620K(10982400K), 0.0992450 secs] [Times: user=0.59 sys=0.00, real=0.10 secs] 
31921.586: [GC 31921.587: [ParNew: 2361745K->103823K(2534400K), 0.0954830 secs] 7319420K->5072373K(10982400K), 0.0964950 secs] [Times: user=0.55 sys=0.00, real=0.10 secs] 
31923.553: [GC 31923.554: [ParNew: 2356623K->66062K(2534400K), 0.0683750 secs] 7325173K->5036084K(10982400K), 0.0691900 secs] [Times: user=0.41 sys=0.00, real=0.07 secs] 
31925.634: [GC 31925.635: [ParNew: 2318862K->33437K(2534400K), 0.0603960 secs] 7288884K->5004797K(10982400K), 0.0613070 secs] [Times: user=0.44 sys=0.00, real=0.06 secs] 
31927.093: [GC 31927.093: [ParNew: 2286237K->59362K(2534400K), 0.0745180 secs] 7257597K->5032577K(10982400K), 0.0754000 secs] [Times: user=0.47 sys=0.00, real=0.07 secs] 
31928.417: [GC 31928.418: [ParNew: 2312162K->50156K(2534400K), 0.0619820 secs] 7285377K->5024911K(10982400K), 0.0628520 secs] [Times: user=0.42 sys=0.00, real=0.06 secs] 
31929.680: [GC 31929.680: [ParNew: 2302956K->87906K(2534400K), 0.0595680 secs] 7277711K->5063492K(10982400K), 0.0604690 secs] [Times: user=0.52 sys=0.00, real=0.06 secs] 
31931.375: [GC 31931.376: [ParNew: 2340706K->85510K(2534400K), 0.0654900 secs] 7316292K->5062493K(10982400K), 0.0664190 secs] [Times: user=0.49 sys=0.00, real=0.07 secs] 
31932.578: [GC 31932.578: [ParNew: 2338310K->63933K(2534400K), 0.0605570 secs] 7315293K->5047713K(10982400K), 0.0614830 secs] [Times: user=0.34 sys=0.01, real=0.06 secs] 
31933.522: [GC 31933.522: [ParNew: 2316733K->34659K(2534400K), 0.0547560 secs] 7300513K->5019261K(10982400K), 0.0557170 secs] [Times: user=0.38 sys=0.00, real=0.05 secs] 
31934.226: [GC 31934.226: [ParNew: 2287459K->34308K(2534400K), 0.0489400 secs] 7272061K->5021166K(10982400K), 0.0498590 secs] [Times: user=0.38 sys=0.01, real=0.05 secs] 
31935.193: [GC 31935.194: [ParNew: 2287108K->37287K(2534400K), 0.0582490 secs] 7273966K->5025439K(10982400K), 0.0592160 secs] [Times: user=0.38 sys=0.00, real=0.06 secs] 
31936.136: [GC 31936.137: [ParNew: 2290087K->32713K(2534400K), 0.0471430 secs] 7278239K->5021740K(10982400K), 0.0480440 secs] [Times: user=0.32 sys=0.00, real=0.05 secs] 
31937.697: [GC 31937.697: [ParNew: 2285513K->36039K(2534400K), 0.0508950 secs] 7274540K->5025695K(10982400K), 0.0516970 secs] [Times: user=0.40 sys=0.01, real=0.05 secs] 
31939.849: [GC 31939.849: [ParNew: 2288824K->38933K(2534400K), 0.0544920 secs] 7278480K->5029047K(10982400K), 0.0553670 secs] [Times: user=0.42 sys=0.00, real=0.06 secs] 
31941.995: [GC 31941.995: [ParNew: 2291733K->36335K(2534400K), 0.0513740 secs] 7281847K->5027302K(10982400K), 0.0521740 secs] [Times: user=0.46 sys=0.01, real=0.05 secs] 
31944.007: [GC 31944.007: [ParNew: 2289135K->43239K(2534400K), 0.0546570 secs] 7280102K->5037682K(10982400K), 0.0554670 secs] [Times: user=0.37 sys=0.01, real=0.05 secs] 
31945.882: [GC 31945.882: [ParNew: 2296039K->68439K(2534400K), 0.0662940 secs] 7290482K->5063510K(10982400K), 0.0672060 secs] [Times: user=0.45 sys=0.01, real=0.07 secs] 
31947.340: [GC 31947.341: [ParNew: 2321239K->88519K(2534400K), 0.0698140 secs] 7316310K->5084491K(10982400K), 0.0706690 secs] [Times: user=0.48 sys=0.00, real=0.07 secs] 
31949.322: [GC 31949.323: [ParNew: 2341319K->84396K(2534400K), 0.0707860 secs] 7337291K->5081912K(10982400K), 0.0717030 secs] [Times: user=0.56 sys=0.00, real=0.07 secs] 
31951.480: [GC 31951.481: [ParNew: 2337196K->81559K(2534400K), 0.0664320 secs] 7334712K->5081230K(10982400K), 0.0672850 secs] [Times: user=0.49 sys=0.00, real=0.07 secs] 
31953.509: [GC 31953.510: [ParNew: 2334359K->71112K(2534400K), 0.0641570 secs] 7334030K->5078626K(10982400K), 0.0649810 secs] [Times: user=0.53 sys=0.00, real=0.06 secs] 
31955.223: [GC 31955.224: [ParNew: 2323912K->53969K(2534400K), 0.0661390 secs] 7331426K->5080524K(10982400K), 0.0669250 secs] [Times: user=0.49 sys=0.01, real=0.07 secs] 
31957.313: [GC 31957.314: [ParNew: 2306769K->65062K(2534400K), 0.0526430 secs] 7333324K->5096394K(10982400K), 0.0535010 secs] [Times: user=0.48 sys=0.00, real=0.06 secs] 
31958.955: [GC 31958.956: [ParNew: 2317862K->55330K(2534400K), 0.0475970 secs] 7349194K->5088236K(10982400K), 0.0485150 secs] [Times: user=0.42 sys=0.00, real=0.05 secs] 
31960.595: [GC 31960.596: [ParNew: 2308130K->46594K(2534400K), 0.0447050 secs] 7341036K->5080864K(10982400K), 0.0456440 secs] [Times: user=0.34 sys=0.00, real=0.05 secs] 
31963.207: [GC 31963.208: [ParNew: 2299394K->55580K(2534400K), 0.0565450 secs] 7333664K->5091579K(10982400K), 0.0575080 secs] [Times: user=0.40 sys=0.00, real=0.05 secs] 
31965.626: [GC 31965.626: [ParNew: 2308396K->55955K(2534400K), 0.0597410 secs] 7344395K->5093168K(10982400K), 0.0606300 secs] [Times: user=0.47 sys=0.00, real=0.06 secs] 
31965.690: [GC 31965.691: [ParNew: 57022K->48843K(2534400K), 0.0208010 secs] 5094235K->5089142K(10982400K), 0.0214780 secs] [Times: user=0.38 sys=0.01, real=0.02 secs] 
31967.668: [GC 31967.669: [ParNew: 2301643K->51834K(2534400K), 0.0572580 secs] 7341942K->5093423K(10982400K), 0.0581700 secs] [Times: user=0.46 sys=0.00, real=0.05 secs] 
31969.571: [GC 31969.571: [ParNew: 2304619K->66416K(2534400K), 0.0571000 secs] 7346209K->5116227K(10982400K), 0.0580180 secs] [Times: user=0.46 sys=0.00, real=0.06 secs] 
31971.560: [GC 31971.561: [ParNew: 2319216K->52583K(2534400K), 0.0527870 secs] 7369027K->5104122K(10982400K), 0.0535950 secs] [Times: user=0.41 sys=0.00, real=0.05 secs] 
31973.691: [GC 31973.692: [ParNew: 2305383K->36754K(2534400K), 0.0553510 secs] 7356922K->5088293K(10982400K), 0.0562620 secs] [Times: user=0.40 sys=0.00, real=0.06 secs] 
31975.472: [GC 31975.473: [ParNew: 2289554K->57528K(2534400K), 0.0564210 secs] 7341093K->5110319K(10982400K), 0.0573440 secs] [Times: user=0.45 sys=0.00, real=0.06 secs] 
31977.369: [GC 31977.369: [ParNew: 2310328K->86561K(2534400K), 0.0534120 secs] 7363119K->5141164K(10982400K), 0.0542460 secs] [Times: user=0.48 sys=0.01, real=0.05 secs] 
31979.608: [GC 31979.608: [ParNew: 2339361K->64583K(2534400K), 0.0563610 secs] 7393964K->5121275K(10982400K), 0.0572350 secs] [Times: user=0.49 sys=0.01, real=0.06 secs] 
31981.785: [GC 31981.785: [ParNew: 2317383K->40365K(2534400K), 0.0555230 secs] 7374075K->5100468K(10982400K), 0.0563230 secs] [Times: user=0.42 sys=0.00, real=0.06 secs] 
31983.772: [GC 31983.772: [ParNew: 2293165K->46567K(2534400K), 0.0508040 secs] 7353268K->5107408K(10982400K), 0.0516000 secs] [Times: user=0.40 sys=0.00, real=0.05 secs] 
31985.771: [GC 31985.772: [ParNew: 2299367K->55514K(2534400K), 0.0577540 secs] 7360208K->5120089K(10982400K), 0.0586830 secs] [Times: user=0.51 sys=0.01, real=0.06 secs] 
31987.319: [GC 31987.319: [ParNew: 2308314K->49964K(2534400K), 0.0468220 secs] 7372889K->5115765K(10982400K), 0.0476720 secs] [Times: user=0.47 sys=0.00, real=0.05 secs] 
31989.181: [GC 31989.182: [ParNew: 2302764K->41499K(2534400K), 0.0500530 secs] 7368565K->5110389K(10982400K), 0.0509680 secs] [Times: user=0.40 sys=0.01, real=0.05 secs] 
31989.236: [GC [1 CMS-initial-mark: 5068890K(8448000K)] 5110845K(10982400K), 0.0671810 secs] [Times: user=0.06 sys=0.00, real=0.07 secs] 
31990.412: [GC 31990.413: [ParNew: 2294299K->38694K(2534400K), 0.0372080 secs] 7363189K->5108724K(10982400K), 0.0379970 secs] [Times: user=0.35 sys=0.00, real=0.04 secs] 
31992.397: [GC 31992.397: [ParNew: 2291494K->36068K(2534400K), 0.0503010 secs] 7361524K->5108031K(10982400K), 0.0511780 secs] [Times: user=0.36 sys=0.00, real=0.05 secs] 
31993.359: [GC[YG occupancy: 1523224 K (2534400 K)]31993.359: [Rescan (parallel) , 0.4127590 secs]31993.772: [weak refs processing, 0.0731860 secs] [1 CMS-remark: 5071962K(8448000K)] 6595187K(10982400K), 0.4877840 secs] [Times: user=8.49 sys=0.02, real=0.49 secs] 
31994.026: [GC 31994.027: [ParNew: 2288808K->54994K(2534400K), 0.0471340 secs] 7346987K->5114307K(10982400K), 0.0480520 secs] [Times: user=0.38 sys=0.01, real=0.05 secs] 
31994.886: [GC 31994.886: [ParNew: 2307794K->69163K(2534400K), 0.0366040 secs] 7269883K->5032167K(10982400K), 0.0375380 secs] [Times: user=0.44 sys=0.00, real=0.04 secs] 
31996.344: [GC 31996.345: [ParNew: 2321963K->53228K(2534400K), 0.0482760 secs] 7136907K->4869399K(10982400K), 0.0491920 secs] [Times: user=0.40 sys=0.00, real=0.05 secs] 
31997.889: [GC 31997.889: [ParNew: 2306174K->51077K(2534400K), 0.0479400 secs] 6920810K->4666850K(10982400K), 0.0488400 secs] [Times: user=0.43 sys=0.00, real=0.05 secs] 
31997.941: [GC 31997.942: [ParNew: 51655K->54790K(2534400K), 0.0195160 secs] 4667420K->4672864K(10982400K), 0.0201960 secs] [Times: user=0.38 sys=0.00, real=0.03 secs] 
31999.306: [GC 31999.307: [ParNew: 2307590K->129160K(2534400K), 0.0624980 secs] 6577199K->4399348K(10982400K), 0.0634060 secs] [Times: user=0.76 sys=0.01, real=0.06 secs] 
32000.786: [GC 32000.787: [ParNew: 2381960K->94548K(2534400K), 0.0536790 secs] 6652148K->4366815K(10982400K), 0.0545430 secs] [Times: user=0.46 sys=0.01, real=0.05 secs] 
32002.277: [GC 32002.278: [ParNew: 2347348K->44230K(2534400K), 0.0488150 secs] 6619615K->4318183K(10982400K), 0.0497520 secs] [Times: user=0.46 sys=0.00, real=0.05 secs] 
32003.519: [GC 32003.520: [ParNew: 2297030K->61611K(2534400K), 0.0446190 secs] 6570983K->4335564K(10982400K), 0.0455360 secs] [Times: user=0.50 sys=0.00, real=0.05 secs] 
32005.241: [GC 32005.242: [ParNew: 2314411K->48617K(2534400K), 0.0539410 secs] 6588364K->4323977K(10982400K), 0.0549740 secs] [Times: user=0.42 sys=0.01, real=0.06 secs] 
32006.749: [GC 32006.749: [ParNew: 2301417K->44545K(2534400K), 0.0457780 secs] 6576777K->4321532K(10982400K), 0.0467490 secs] [Times: user=0.41 sys=0.01, real=0.05 secs] 
32008.200: [GC 32008.200: [ParNew: 2297345K->61363K(2534400K), 0.0474180 secs] 6574332K->4341051K(10982400K), 0.0483550 secs] [Times: user=0.45 sys=0.00, real=0.05 secs] 
32009.628: [GC 32009.629: [ParNew: 2314163K->57719K(2534400K), 0.0416360 secs] 6593851K->4338452K(10982400K), 0.0424350 secs] [Times: user=0.37 sys=0.00, real=0.04 secs] 
32010.812: [GC 32010.812: [ParNew: 2310519K->48403K(2534400K), 0.0482260 secs] 6591252K->4330094K(10982400K), 0.0490340 secs] [Times: user=0.41 sys=0.00, real=0.05 secs] 
32012.911: [GC 32012.911: [ParNew: 2301203K->38094K(2534400K), 0.0588640 secs] 6582894K->4321092K(10982400K), 0.0597870 secs] [Times: user=0.43 sys=0.00, real=0.06 secs] 
32014.631: [GC 32014.631: [ParNew: 2290894K->31432K(2534400K), 0.0486480 secs] 6573892K->4316084K(10982400K), 0.0494600 secs] [Times: user=0.40 sys=0.00, real=0.05 secs] 
32016.491: [GC 32016.491: [ParNew: 2284232K->34549K(2534400K), 0.0522140 secs] 6568884K->4320023K(10982400K), 0.0530570 secs] [Times: user=0.39 sys=0.00, real=0.05 secs] 
32017.708: [GC 32017.709: [ParNew: 2287349K->50568K(2534400K), 0.0717470 secs] 6572823K->4337138K(10982400K), 0.0726870 secs] [Times: user=0.44 sys=0.01, real=0.07 secs] 
32019.265: [GC 32019.266: [ParNew: 2303368K->60721K(2534400K), 0.0645150 secs] 6589938K->4348447K(10982400K), 0.0654880 secs] [Times: user=0.52 sys=0.00, real=0.06 secs] 
32020.922: [GC 32020.923: [ParNew: 2313521K->84127K(2534400K), 0.0679770 secs] 6601247K->4373099K(10982400K), 0.0687960 secs] [Times: user=0.54 sys=0.01, real=0.07 secs] 
32022.314: [GC 32022.314: [ParNew: 2336927K->50713K(2534400K), 0.0556380 secs] 6625899K->4341273K(10982400K), 0.0565800 secs] [Times: user=0.39 sys=0.00, real=0.06 secs] 
32023.668: [GC 32023.668: [ParNew: 2303513K->52621K(2534400K), 0.0504620 secs] 6594073K->4344197K(10982400K), 0.0512560 secs] [Times: user=0.46 sys=0.00, real=0.05 secs] 
32024.752: [GC 32024.753: [ParNew: 2305421K->71574K(2534400K), 0.0599850 secs] 6596997K->4364965K(10982400K), 0.0609420 secs] [Times: user=0.52 sys=0.01, real=0.06 secs] 
32025.793: [GC 32025.793: [ParNew: 2324374K->56315K(2534400K), 0.0575970 secs] 6617765K->4350774K(10982400K), 0.0585390 secs] [Times: user=0.43 sys=0.00, real=0.06 secs] 
32027.503: [GC 32027.504: [ParNew: 2309115K->87913K(2534400K), 0.0977710 secs] 6603574K->4383074K(10982400K), 0.0985870 secs] [Times: user=0.61 sys=0.00, real=0.10 secs] 
32029.555: [GC 32029.556: [ParNew: 2340713K->93735K(2534400K), 0.0923680 secs] 6635874K->4389311K(10982400K), 0.0933300 secs] [Times: user=0.57 sys=0.00, real=0.10 secs] 
32031.159: [GC 32031.160: [ParNew: 2346535K->85861K(2534400K), 0.0690370 secs] 6642111K->4382090K(10982400K), 0.0699190 secs] [Times: user=0.48 sys=0.00, real=0.07 secs] 
32033.083: [GC 32033.084: [ParNew: 2338661K->68743K(2534400K), 0.0729710 secs] 6634890K->4365676K(10982400K), 0.0739050 secs] [Times: user=0.42 sys=0.00, real=0.08 secs] 
32034.662: [GC 32034.662: [ParNew: 2321504K->78203K(2534400K), 0.0829250 secs] 6618437K->4376367K(10982400K), 0.0837940 secs] [Times: user=0.45 sys=0.00, real=0.08 secs] 
32035.928: [GC 32035.929: [ParNew: 2331003K->41214K(2534400K), 0.0505840 secs] 6629167K->4341726K(10982400K), 0.0515130 secs] [Times: user=0.43 sys=0.01, real=0.05 secs] 
32037.663: [GC 32037.664: [ParNew: 2294014K->40667K(2534400K), 0.0529530 secs] 6594526K->4342970K(10982400K), 0.0538490 secs] [Times: user=0.38 sys=0.00, real=0.05 secs] 
32039.549: [GC 32039.549: [ParNew: 2293467K->36772K(2534400K), 0.0564340 secs] 6595770K->4340308K(10982400K), 0.0573740 secs] [Times: user=0.41 sys=0.00, real=0.05 secs] 
32041.614: [GC 32041.615: [ParNew: 2289572K->39679K(2534400K), 0.0626210 secs] 6593108K->4344418K(10982400K), 0.0635900 secs] [Times: user=0.46 sys=0.01, real=0.06 secs] 
32043.656: [GC 32043.656: [ParNew: 2292479K->35759K(2534400K), 0.0572750 secs] 6597218K->4341502K(10982400K), 0.0582070 secs] [Times: user=0.47 sys=0.00, real=0.06 secs] 
32045.650: [GC 32045.651: [ParNew: 2288559K->38004K(2534400K), 0.0554650 secs] 6594302K->4345773K(10982400K), 0.0562750 secs] [Times: user=0.46 sys=0.00, real=0.05 secs] 
32047.781: [GC 32047.781: [ParNew: 2290804K->58819K(2534400K), 0.0531650 secs] 6598573K->4368057K(10982400K), 0.0539840 secs] [Times: user=0.47 sys=0.00, real=0.05 secs] 
32049.804: [GC 32049.805: [ParNew: 2311619K->45340K(2534400K), 0.0575300 secs] 6620857K->4356622K(10982400K), 0.0584730 secs] [Times: user=0.46 sys=0.00, real=0.06 secs] 
32051.976: [GC 32051.976: [ParNew: 2298140K->37120K(2534400K), 0.0517170 secs] 6609422K->4351886K(10982400K), 0.0525260 secs] [Times: user=0.40 sys=0.00, real=0.05 secs] 
32054.123: [GC 32054.124: [ParNew: 2289920K->59693K(2534400K), 0.0553860 secs] 6604686K->4375280K(10982400K), 0.0562040 secs] [Times: user=0.46 sys=0.00, real=0.06 secs] 
32056.145: [GC 32056.146: [ParNew: 2312493K->88939K(2534400K), 0.0613900 secs] 6628080K->4406202K(10982400K), 0.0622090 secs] [Times: user=0.55 sys=0.00, real=0.06 secs] 
32058.354: [GC 32058.354: [ParNew: 2341739K->65696K(2534400K), 0.0593310 secs] 6659002K->4385083K(10982400K), 0.0602160 secs] [Times: user=0.48 sys=0.01, real=0.06 secs] 
32060.120: [GC 32060.121: [ParNew: 2318496K->41846K(2534400K), 0.0535670 secs] 6637883K->4362339K(10982400K), 0.0545320 secs] [Times: user=0.41 sys=0.00, real=0.06 secs] 
32062.620: [GC 32062.621: [ParNew: 2294646K->32401K(2534400K), 0.0609290 secs] 6615139K->4353884K(10982400K), 0.0618130 secs] [Times: user=0.45 sys=0.01, real=0.07 secs] 
32064.692: [GC 32064.693: [ParNew: 2285201K->48014K(2534400K), 0.0540380 secs] 6606684K->4371245K(10982400K), 0.0549920 secs] [Times: user=0.45 sys=0.01, real=0.05 secs] 
32066.762: [GC 32066.763: [ParNew: 2300814K->55768K(2534400K), 0.0512300 secs] 6624045K->4380653K(10982400K), 0.0521270 secs] [Times: user=0.39 sys=0.00, real=0.05 secs] 
32069.015: [GC 32069.016: [ParNew: 2308568K->62088K(2534400K), 0.0518910 secs] 6633453K->4388310K(10982400K), 0.0527030 secs] [Times: user=0.43 sys=0.00, real=0.05 secs] 
32071.060: [GC 32071.060: [ParNew: 2314888K->63365K(2534400K), 0.0577790 secs] 6641110K->4390354K(10982400K), 0.0586080 secs] [Times: user=0.49 sys=0.00, real=0.06 secs] 
32072.892: [GC 32072.893: [ParNew: 2316165K->53918K(2534400K), 0.0611890 secs] 6643154K->4394033K(10982400K), 0.0620020 secs] [Times: user=0.38 sys=0.01, real=0.07 secs] 
32074.997: [GC 32074.998: [ParNew: 2306718K->38915K(2534400K), 0.0576070 secs] 6646833K->4382931K(10982400K), 0.0585900 secs] [Times: user=0.41 sys=0.00, real=0.06 secs] 
32077.001: [GC 32077.002: [ParNew: 2291715K->76930K(2534400K), 0.0833560 secs] 6635731K->4423733K(10982400K), 0.0843270 secs] [Times: user=0.55 sys=0.00, real=0.09 secs] 
32079.100: [GC 32079.100: [ParNew: 2329730K->45607K(2534400K), 0.0523810 secs] 6676533K->4397422K(10982400K), 0.0532100 secs] [Times: user=0.41 sys=0.00, real=0.05 secs] 
32080.823: [GC 32080.823: [ParNew: 2298407K->29885K(2534400K), 0.0496870 secs] 6650222K->4383192K(10982400K), 0.0506210 secs] [Times: user=0.40 sys=0.00, real=0.05 secs] 
32083.098: [GC 32083.099: [ParNew: 2282685K->30814K(2534400K), 0.0545970 secs] 6635992K->4385050K(10982400K), 0.0554860 secs] [Times: user=0.41 sys=0.00, real=0.05 secs] 
32085.011: [GC 32085.011: [ParNew: 2283614K->31959K(2534400K), 0.0498320 secs] 6637850K->4387789K(10982400K), 0.0507260 secs] [Times: user=0.38 sys=0.01, real=0.05 secs] 
32087.235: [GC 32087.235: [ParNew: 2284759K->36619K(2534400K), 0.0482370 secs] 6640589K->4394214K(10982400K), 0.0491910 secs] [Times: user=0.34 sys=0.00, real=0.05 secs] 
32089.119: [GC 32089.120: [ParNew: 2289419K->45555K(2534400K), 0.0517390 secs] 6647014K->4404438K(10982400K), 0.0525670 secs] [Times: user=0.41 sys=0.00, real=0.05 secs] 
32091.087: [GC 32091.088: [ParNew: 2298355K->42510K(2534400K), 0.0504510 secs] 6657238K->4402288K(10982400K), 0.0512640 secs] [Times: user=0.41 sys=0.00, real=0.05 secs] 
32092.466: [GC 32092.467: [ParNew: 2295310K->37962K(2534400K), 0.0503050 secs] 6655088K->4401822K(10982400K), 0.0512300 secs] [Times: user=0.42 sys=0.00, real=0.05 secs] 
32094.185: [GC 32094.186: [ParNew: 2290762K->36590K(2534400K), 0.0550650 secs] 6654622K->4402613K(10982400K), 0.0560220 secs] [Times: user=0.41 sys=0.00, real=0.06 secs] 
32095.976: [GC 32095.976: [ParNew: 2289390K->36177K(2534400K), 0.0562940 secs] 6655413K->4403226K(10982400K), 0.0572220 secs] [Times: user=0.39 sys=0.00, real=0.06 secs] 
32097.971: [GC 32097.971: [ParNew: 2288977K->38887K(2534400K), 0.0555160 secs] 6656026K->4407268K(10982400K), 0.0563520 secs] [Times: user=0.47 sys=0.00, real=0.06 secs] 
32099.687: [GC 32099.688: [ParNew: 2291687K->41436K(2534400K), 0.0470670 secs] 6660068K->4410399K(10982400K), 0.0480200 secs] [Times: user=0.37 sys=0.00, real=0.04 secs] 
32101.838: [GC 32101.839: [ParNew: 2293920K->37561K(2534400K), 0.0560900 secs] 6662883K->4408487K(10982400K), 0.0569310 secs] [Times: user=0.40 sys=0.00, real=0.05 secs] 
32103.810: [GC 32103.810: [ParNew: 2290361K->64859K(2534400K), 0.0552370 secs] 6661287K->4436989K(10982400K), 0.0561170 secs] [Times: user=0.47 sys=0.00, real=0.05 secs] 
32105.602: [GC 32105.603: [ParNew: 2317659K->48455K(2534400K), 0.0559530 secs] 6689789K->4422619K(10982400K), 0.0569190 secs] [Times: user=0.44 sys=0.00, real=0.06 secs] 
32107.189: [GC 32107.190: [ParNew: 2301255K->75535K(2534400K), 0.0563940 secs] 6675419K->4451749K(10982400K), 0.0573170 secs] [Times: user=0.60 sys=0.00, real=0.05 secs] 
32109.130: [GC 32109.131: [ParNew: 2328335K->59011K(2534400K), 0.0572910 secs] 6704549K->4436962K(10982400K), 0.0582370 secs] [Times: user=0.44 sys=0.00, real=0.05 secs] 
32110.659: [GC 32110.659: [ParNew: 2311811K->40269K(2534400K), 0.0492570 secs] 6689762K->4419618K(10982400K), 0.0500830 secs] [Times: user=0.45 sys=0.00, real=0.05 secs] 
32112.340: [GC 32112.340: [ParNew: 2293064K->95484K(2534400K), 0.0564840 secs] 6672413K->4475694K(10982400K), 0.0572860 secs] [Times: user=0.63 sys=0.00, real=0.05 secs] 
32113.864: [GC 32113.865: [ParNew: 2348284K->82074K(2534400K), 0.0581000 secs] 6728494K->4463538K(10982400K), 0.0589680 secs] [Times: user=0.56 sys=0.00, real=0.06 secs] 
32115.831: [GC 32115.831: [ParNew: 2334874K->60065K(2534400K), 0.0566630 secs] 6716338K->4442369K(10982400K), 0.0575320 secs] [Times: user=0.46 sys=0.00, real=0.05 secs] 
32117.445: [GC 32117.446: [ParNew: 2312865K->44075K(2534400K), 0.0550170 secs] 6695169K->4428120K(10982400K), 0.0558910 secs] [Times: user=0.41 sys=0.00, real=0.06 secs] 
32119.122: [GC 32119.123: [ParNew: 2296875K->40817K(2534400K), 0.0495730 secs] 6680920K->4425500K(10982400K), 0.0505140 secs] [Times: user=0.39 sys=0.00, real=0.05 secs] 
32120.880: [GC 32120.881: [ParNew: 2293617K->63967K(2534400K), 0.0561350 secs] 6678300K->4449503K(10982400K), 0.0570790 secs] [Times: user=0.54 sys=0.01, real=0.06 secs] 
32122.682: [GC 32122.683: [ParNew: 2316767K->65590K(2534400K), 0.0563040 secs] 6702303K->4452918K(10982400K), 0.0572490 secs] [Times: user=0.47 sys=0.00, real=0.05 secs] 
32124.432: [GC 32124.433: [ParNew: 2318390K->53373K(2534400K), 0.0587930 secs] 6705718K->4441845K(10982400K), 0.0597400 secs] [Times: user=0.44 sys=0.00, real=0.06 secs] 
32125.840: [GC 32125.841: [ParNew: 2306173K->39804K(2534400K), 0.0461760 secs] 6694645K->4429408K(10982400K), 0.0471180 secs] [Times: user=0.36 sys=0.00, real=0.05 secs] 
32127.631: [GC 32127.631: [ParNew: 2292604K->65751K(2534400K), 0.0558960 secs] 6682208K->4457635K(10982400K), 0.0567850 secs] [Times: user=0.48 sys=0.00, real=0.06 secs] 
32129.188: [GC 32129.189: [ParNew: 2318551K->86272K(2534400K), 0.0500320 secs] 6710435K->4479613K(10982400K), 0.0509740 secs] [Times: user=0.42 sys=0.00, real=0.05 secs] 
32130.514: [GC 32130.515: [ParNew: 2339072K->75270K(2534400K), 0.0686400 secs] 6732413K->4470261K(10982400K), 0.0695910 secs] [Times: user=0.45 sys=0.01, real=0.07 secs] 
32131.810: [GC 32131.811: [ParNew: 2328070K->124917K(2534400K), 0.0609540 secs] 6723061K->4522169K(10982400K), 0.0619540 secs] [Times: user=0.73 sys=0.01, real=0.07 secs] 
32133.486: [GC 32133.487: [ParNew: 2377717K->92120K(2534400K), 0.0541650 secs] 6774969K->4497027K(10982400K), 0.0551080 secs] [Times: user=0.42 sys=0.00, real=0.05 secs] 
32135.212: [GC 32135.213: [ParNew: 2344978K->68958K(2534400K), 0.0498210 secs] 6749884K->4474847K(10982400K), 0.0505890 secs] [Times: user=0.49 sys=0.00, real=0.06 secs] 
32135.266: [GC 32135.267: [ParNew: 71457K->82051K(2534400K), 0.0212250 secs] 4477347K->4489166K(10982400K), 0.0218130 secs] [Times: user=0.43 sys=0.01, real=0.02 secs] 
32136.574: [GC 32136.575: [ParNew: 2334851K->79930K(2534400K), 0.0645280 secs] 6741966K->4488316K(10982400K), 0.0653390 secs] [Times: user=0.40 sys=0.00, real=0.06 secs] 
32137.637: [GC 32137.637: [ParNew: 2332730K->44463K(2534400K), 0.0575520 secs] 6741116K->4454084K(10982400K), 0.0583490 secs] [Times: user=0.41 sys=0.01, real=0.06 secs] 
32138.840: [GC 32138.841: [ParNew: 2297263K->41054K(2534400K), 0.0534070 secs] 6706884K->4452255K(10982400K), 0.0542110 secs] [Times: user=0.45 sys=0.00, real=0.06 secs] 
32140.213: [GC 32140.214: [ParNew: 2293854K->47571K(2534400K), 0.0458930 secs] 6705055K->4458772K(10982400K), 0.0468390 secs] [Times: user=0.44 sys=0.01, real=0.05 secs] 
32141.479: [GC 32141.479: [ParNew: 2300371K->74371K(2534400K), 0.0764340 secs] 6711572K->4486278K(10982400K), 0.0773790 secs] [Times: user=0.55 sys=0.00, real=0.08 secs] 
32142.700: [GC 32142.701: [ParNew: 2327171K->77995K(2534400K), 0.0795980 secs] 6739078K->4490844K(10982400K), 0.0805510 secs] [Times: user=0.44 sys=0.01, real=0.08 secs] 
32143.724: [GC 32143.725: [ParNew: 2330795K->72749K(2534400K), 0.0616000 secs] 6743644K->4486845K(10982400K), 0.0625520 secs] [Times: user=0.44 sys=0.00, real=0.06 secs] 
32144.837: [GC 32144.838: [ParNew: 2325549K->81620K(2534400K), 0.0817760 secs] 6739645K->4497415K(10982400K), 0.0826670 secs] [Times: user=0.49 sys=0.00, real=0.08 secs] 
32146.025: [GC 32146.025: [ParNew: 2334420K->87701K(2534400K), 0.0815510 secs] 6750215K->4506703K(10982400K), 0.0824840 secs] [Times: user=0.45 sys=0.00, real=0.08 secs] 
32147.054: [GC 32147.055: [ParNew: 2340501K->125950K(2534400K), 0.0810870 secs] 6759503K->4546639K(10982400K), 0.0820500 secs] [Times: user=0.66 sys=0.00, real=0.09 secs] 
32148.309: [GC 32148.309: [ParNew: 2378750K->126607K(2534400K), 0.0832460 secs] 6799439K->4547984K(10982400K), 0.0841820 secs] [Times: user=0.63 sys=0.00, real=0.08 secs] 
32149.631: [GC 32149.632: [ParNew: 2379407K->89197K(2534400K), 0.0626140 secs] 6800784K->4512221K(10982400K), 0.0634280 secs] [Times: user=0.42 sys=0.00, real=0.07 secs] 
32151.110: [GC 32151.111: [ParNew: 2341997K->69317K(2534400K), 0.0698170 secs] 6765021K->4493191K(10982400K), 0.0707880 secs] [Times: user=0.43 sys=0.00, real=0.07 secs] 
32152.592: [GC 32152.592: [ParNew: 2322117K->41115K(2534400K), 0.0496710 secs] 6745991K->4465959K(10982400K), 0.0506020 secs] [Times: user=0.42 sys=0.00, real=0.05 secs] 
32153.957: [GC 32153.957: [ParNew: 2293915K->80045K(2534400K), 0.0736170 secs] 6718759K->4506244K(10982400K), 0.0746460 secs] [Times: user=0.49 sys=0.00, real=0.07 secs] 
32154.837: [GC 32154.837: [ParNew: 2332845K->125278K(2534400K), 0.0765660 secs] 6759044K->4555148K(10982400K), 0.0774520 secs] [Times: user=0.62 sys=0.00, real=0.07 secs] 
32156.118: [GC 32156.118: [ParNew: 2378078K->123049K(2534400K), 0.0939060 secs] 6807948K->4554047K(10982400K), 0.0947820 secs] [Times: user=0.46 sys=0.00, real=0.09 secs] 
32157.043: [GC 32157.044: [ParNew: 2375849K->114111K(2534400K), 0.0917640 secs] 6806847K->4546326K(10982400K), 0.0926190 secs] [Times: user=0.53 sys=0.00, real=0.10 secs] 
32158.175: [GC 32158.176: [ParNew: 2366911K->80494K(2534400K), 0.0720230 secs] 6799126K->4519039K(10982400K), 0.0728230 secs] [Times: user=0.40 sys=0.01, real=0.08 secs] 
32159.429: [GC 32159.429: [ParNew: 2333294K->61298K(2534400K), 0.0636050 secs] 6771839K->4500679K(10982400K), 0.0644110 secs] [Times: user=0.42 sys=0.00, real=0.06 secs] 
32160.782: [GC 32160.782: [ParNew: 2314098K->95304K(2534400K), 0.0903640 secs] 6753479K->4535410K(10982400K), 0.0912570 secs] [Times: user=0.42 sys=0.00, real=0.09 secs] 
32161.806: [GC 32161.806: [ParNew: 2348104K->113889K(2534400K), 0.0808650 secs] 6788210K->4555030K(10982400K), 0.0817640 secs] [Times: user=0.51 sys=0.00, real=0.09 secs] 
32163.047: [GC 32163.048: [ParNew: 2366689K->97816K(2534400K), 0.0853940 secs] 6807830K->4540723K(10982400K), 0.0862110 secs] [Times: user=0.45 sys=0.01, real=0.08 secs] 
32164.683: [GC 32164.683: [ParNew: 2350616K->113320K(2534400K), 0.0955990 secs] 6793523K->4556718K(10982400K), 0.0965620 secs] [Times: user=0.61 sys=0.01, real=0.10 secs] 
32166.223: [GC 32166.224: [ParNew: 2366120K->144323K(2534400K), 0.1110120 secs] 6809518K->4591978K(10982400K), 0.1119750 secs] [Times: user=0.64 sys=0.00, real=0.11 secs] 
32168.000: [GC 32168.001: [ParNew: 2397123K->74599K(2534400K), 0.0597860 secs] 6844778K->4522586K(10982400K), 0.0606120 secs] [Times: user=0.36 sys=0.00, real=0.06 secs] 
32169.834: [GC 32169.834: [ParNew: 2327399K->62092K(2534400K), 0.0718210 secs] 6775386K->4511437K(10982400K), 0.0726430 secs] [Times: user=0.42 sys=0.01, real=0.07 secs] 
32171.376: [GC 32171.376: [ParNew: 2314892K->116797K(2534400K), 0.1038210 secs] 6764237K->4567050K(10982400K), 0.1047290 secs] [Times: user=0.52 sys=0.00, real=0.11 secs] 
32172.716: [GC 32172.716: [ParNew: 2369566K->134486K(2534400K), 0.1236090 secs] 6819820K->4585675K(10982400K), 0.1245460 secs] [Times: user=0.57 sys=0.00, real=0.13 secs] 
32174.089: [GC 32174.090: [ParNew: 2387286K->142542K(2534400K), 0.1073520 secs] 6838475K->4595399K(10982400K), 0.1081650 secs] [Times: user=0.55 sys=0.01, real=0.10 secs] 
32175.378: [GC 32175.378: [ParNew: 2395342K->117414K(2534400K), 0.1075260 secs] 6848199K->4571455K(10982400K), 0.1083550 secs] [Times: user=0.48 sys=0.00, real=0.11 secs] 
32177.015: [GC 32177.015: [ParNew: 2370214K->110973K(2534400K), 0.1235730 secs] 6824255K->4565770K(10982400K), 0.1245330 secs] [Times: user=0.46 sys=0.01, real=0.13 secs] 
32178.115: [GC 32178.116: [ParNew: 2363773K->156891K(2534400K), 0.1221740 secs] 6818570K->4613872K(10982400K), 0.1230420 secs] [Times: user=0.59 sys=0.01, real=0.13 secs] 
32179.011: [GC 32179.012: [ParNew: 2409691K->162178K(2534400K), 0.1034480 secs] 6866672K->4624439K(10982400K), 0.1043730 secs] [Times: user=0.61 sys=0.01, real=0.10 secs] 
32180.319: [GC 32180.320: [ParNew: 2414978K->137173K(2534400K), 0.1083460 secs] 6877239K->4599434K(10982400K), 0.1093280 secs] [Times: user=0.44 sys=0.00, real=0.11 secs] 
32181.626: [GC 32181.626: [ParNew: 2389973K->130255K(2534400K), 0.1285060 secs] 6852234K->4592516K(10982400K), 0.1294490 secs] [Times: user=0.51 sys=0.00, real=0.13 secs] 
32183.057: [GC 32183.058: [ParNew: 2383055K->70472K(2534400K), 0.0686420 secs] 6845316K->4534269K(10982400K), 0.0696130 secs] [Times: user=0.46 sys=0.00, real=0.07 secs] 
32184.422: [GC 32184.423: [ParNew: 2323272K->83947K(2534400K), 0.0784710 secs] 6787069K->4548405K(10982400K), 0.0793630 secs] [Times: user=0.50 sys=0.00, real=0.08 secs] 
32185.799: [GC 32185.799: [ParNew: 2336747K->113554K(2534400K), 0.0853910 secs] 6801205K->4578821K(10982400K), 0.0863650 secs] [Times: user=0.50 sys=0.00, real=0.09 secs] 
32187.104: [GC 32187.105: [ParNew: 2366354K->132925K(2534400K), 0.0910790 secs] 6831621K->4599895K(10982400K), 0.0920490 secs] [Times: user=0.60 sys=0.01, real=0.09 secs] 
32188.206: [GC 32188.207: [ParNew: 2385749K->153889K(2534400K), 0.1105000 secs] 6852720K->4623754K(10982400K), 0.1113390 secs] [Times: user=0.53 sys=0.00, real=0.11 secs] 
32188.322: [GC 32188.322: [ParNew: 155216K->147613K(2534400K), 0.0242800 secs] 4625081K->4620710K(10982400K), 0.0249450 secs] [Times: user=0.49 sys=0.01, real=0.02 secs] 
32189.208: [GC 32189.208: [ParNew: 2400413K->178454K(2534400K), 0.1086210 secs] 6873510K->4655141K(10982400K), 0.1095760 secs] [Times: user=0.56 sys=0.01, real=0.11 secs] 
32190.343: [GC 32190.344: [ParNew: 2431254K->143336K(2534400K), 0.1349470 secs] 6907941K->4622318K(10982400K), 0.1359110 secs] [Times: user=0.43 sys=0.01, real=0.13 secs] 
32191.530: [GC 32191.531: [ParNew: 2396136K->124284K(2534400K), 0.1202390 secs] 6875118K->4604544K(10982400K), 0.1211190 secs] [Times: user=0.48 sys=0.00, real=0.13 secs] 
32192.552: [GC 32192.553: [ParNew: 2377084K->148871K(2534400K), 0.1156760 secs] 6857344K->4629130K(10982400K), 0.1166440 secs] [Times: user=0.64 sys=0.00, real=0.11 secs] 
32193.628: [GC 32193.629: [ParNew: 2401671K->111819K(2534400K), 0.0986050 secs] 6881930K->4594514K(10982400K), 0.0995800 secs] [Times: user=0.43 sys=0.00, real=0.10 secs] 
32194.730: [GC 32194.730: [ParNew: 2364619K->86977K(2534400K), 0.0826880 secs] 6847314K->4572028K(10982400K), 0.0835210 secs] [Times: user=0.50 sys=0.00, real=0.09 secs] 
32195.961: [GC 32195.962: [ParNew: 2339777K->129743K(2534400K), 0.1065760 secs] 6824828K->4618165K(10982400K), 0.1073980 secs] [Times: user=0.51 sys=0.01, real=0.11 secs] 
32197.132: [GC 32197.133: [ParNew: 2382543K->151874K(2534400K), 0.1244390 secs] 6870965K->4642588K(10982400K), 0.1253570 secs] [Times: user=0.63 sys=0.00, real=0.12 secs] 
32198.268: [GC 32198.268: [ParNew: 2404674K->164443K(2534400K), 0.1155690 secs] 6895388K->4657872K(10982400K), 0.1165100 secs] [Times: user=0.57 sys=0.01, real=0.12 secs] 
32199.099: [GC 32199.100: [ParNew: 2417243K->119319K(2534400K), 0.0967270 secs] 6910672K->4614481K(10982400K), 0.0976830 secs] [Times: user=0.52 sys=0.01, real=0.10 secs] 
32200.034: [GC 32200.034: [ParNew: 2372119K->121133K(2534400K), 0.1150480 secs] 6867281K->4617682K(10982400K), 0.1157780 secs] [Times: user=0.52 sys=0.01, real=0.11 secs] 
32201.218: [GC 32201.218: [ParNew: 2373933K->157394K(2534400K), 0.1409570 secs] 6870482K->4657193K(10982400K), 0.1416330 secs] [Times: user=0.56 sys=0.00, real=0.14 secs] 
32202.229: [GC 32202.229: [ParNew: 2410194K->148663K(2534400K), 0.1313980 secs] 6909993K->4654809K(10982400K), 0.1320590 secs] [Times: user=0.68 sys=0.00, real=0.13 secs] 
32203.152: [GC 32203.152: [ParNew: 2401463K->147597K(2534400K), 0.1244840 secs] 6907609K->4653743K(10982400K), 0.1251980 secs] [Times: user=0.51 sys=0.01, real=0.13 secs] 
32204.113: [GC 32204.114: [ParNew: 2400397K->181079K(2534400K), 0.1297710 secs] 6906543K->4687225K(10982400K), 0.1304720 secs] [Times: user=0.63 sys=0.00, real=0.13 secs] 
32205.084: [GC 32205.084: [ParNew: 2433879K->122536K(2534400K), 0.0983460 secs] 6940025K->4638704K(10982400K), 0.0990160 secs] [Times: user=0.48 sys=0.00, real=0.10 secs] 
32206.228: [GC 32206.228: [ParNew: 2375336K->105601K(2534400K), 0.1043080 secs] 6891504K->4621769K(10982400K), 0.1050160 secs] [Times: user=0.48 sys=0.00, real=0.10 secs] 
32207.459: [GC 32207.459: [ParNew: 2358401K->96039K(2534400K), 0.0849400 secs] 6874569K->4612207K(10982400K), 0.0856360 secs] [Times: user=0.45 sys=0.00, real=0.09 secs] 
32208.561: [GC 32208.561: [ParNew: 2348839K->96620K(2534400K), 0.0887280 secs] 6865007K->4612788K(10982400K), 0.0893950 secs] [Times: user=0.37 sys=0.01, real=0.09 secs] 
32209.529: [GC 32209.530: [ParNew: 2349420K->152971K(2534400K), 0.1170030 secs] 6865588K->4670808K(10982400K), 0.1178850 secs] [Times: user=0.58 sys=0.00, real=0.12 secs] 
32210.661: [GC 32210.661: [ParNew: 2405771K->157056K(2534400K), 0.1405600 secs] 6923608K->4675865K(10982400K), 0.1414580 secs] [Times: user=0.57 sys=0.00, real=0.14 secs] 
32212.021: [GC 32212.022: [ParNew: 2409856K->109532K(2534400K), 0.1030450 secs] 6928665K->4632504K(10982400K), 0.1040130 secs] [Times: user=0.43 sys=0.00, real=0.11 secs] 
32213.209: [GC 32213.210: [ParNew: 2362332K->94032K(2534400K), 0.0917250 secs] 6885304K->4619427K(10982400K), 0.0926640 secs] [Times: user=0.39 sys=0.01, real=0.09 secs] 
32214.512: [GC 32214.513: [ParNew: 2346832K->96732K(2534400K), 0.1023470 secs] 6872227K->4625090K(10982400K), 0.1033070 secs] [Times: user=0.48 sys=0.00, real=0.11 secs] 
32215.748: [GC 32215.749: [ParNew: 2349532K->118115K(2534400K), 0.1011400 secs] 6877890K->4648580K(10982400K), 0.1021260 secs] [Times: user=0.54 sys=0.01, real=0.10 secs] 
32216.836: [GC 32216.837: [ParNew: 2370915K->145975K(2534400K), 0.1353010 secs] 6901380K->4677810K(10982400K), 0.1362410 secs] [Times: user=0.53 sys=0.01, real=0.13 secs] 
32217.829: [GC 32217.829: [ParNew: 2398775K->154456K(2534400K), 0.1402170 secs] 6930610K->4687516K(10982400K), 0.1410530 secs] [Times: user=0.51 sys=0.00, real=0.14 secs] 
32218.877: [GC 32218.878: [ParNew: 2407256K->161189K(2534400K), 0.1612720 secs] 6940316K->4697499K(10982400K), 0.1622260 secs] [Times: user=0.52 sys=0.00, real=0.16 secs] 
32219.912: [GC 32219.912: [ParNew: 2413989K->127639K(2534400K), 0.1316740 secs] 6950299K->4673846K(10982400K), 0.1326840 secs] [Times: user=0.47 sys=0.01, real=0.13 secs] 
32221.312: [GC 32221.313: [ParNew: 2380439K->199375K(2534400K), 0.1792210 secs] 6926646K->4745582K(10982400K), 0.1801570 secs] [Times: user=0.76 sys=0.00, real=0.18 secs] 
32222.360: [GC 32222.360: [ParNew: 2452175K->145879K(2534400K), 0.1489580 secs] 6998382K->4709631K(10982400K), 0.1499290 secs] [Times: user=0.59 sys=0.01, real=0.15 secs] 
32223.586: [GC 32223.586: [ParNew: 2398679K->193016K(2534400K), 0.1805510 secs] 6962431K->4756769K(10982400K), 0.1815250 secs] [Times: user=0.51 sys=0.00, real=0.18 secs] 
32224.708: [GC 32224.708: [ParNew: 2445816K->203517K(2534400K), 0.1986360 secs] 7009569K->4778566K(10982400K), 0.1995610 secs] [Times: user=0.58 sys=0.01, real=0.20 secs] 
32225.985: [GC 32225.985: [ParNew: 2456317K->184968K(2534400K), 0.1858700 secs] 7031366K->4772072K(10982400K), 0.1868250 secs] [Times: user=0.57 sys=0.01, real=0.19 secs] 
32227.405: [GC 32227.406: [ParNew: 2437768K->122558K(2534400K), 0.1334500 secs] 7024872K->4713975K(10982400K), 0.1344460 secs] [Times: user=0.51 sys=0.00, real=0.14 secs] 
32228.979: [GC 32228.980: [ParNew: 2375358K->90706K(2534400K), 0.0791980 secs] 6966775K->4682123K(10982400K), 0.0800300 secs] [Times: user=0.49 sys=0.00, real=0.08 secs] 
32230.658: [GC 32230.658: [ParNew: 2343506K->113707K(2534400K), 0.0999930 secs] 6934923K->4705123K(10982400K), 0.1007590 secs] [Times: user=0.49 sys=0.00, real=0.10 secs] 
32232.125: [GC 32232.125: [ParNew: 2366507K->136342K(2534400K), 0.1234450 secs] 6957923K->4727759K(10982400K), 0.1244180 secs] [Times: user=0.52 sys=0.00, real=0.13 secs] 
32233.273: [GC 32233.274: [ParNew: 2389142K->183471K(2534400K), 0.1711040 secs] 6980559K->4780891K(10982400K), 0.1720540 secs] [Times: user=0.58 sys=0.00, real=0.17 secs] 
32234.611: [GC 32234.612: [ParNew: 2436271K->178476K(2534400K), 0.1891250 secs] 7033691K->4788758K(10982400K), 0.1900780 secs] [Times: user=0.58 sys=0.01, real=0.19 secs] 
32235.838: [GC 32235.839: [ParNew: 2431276K->167244K(2534400K), 0.1710720 secs] 7041558K->4779693K(10982400K), 0.1719790 secs] [Times: user=0.58 sys=0.01, real=0.17 secs] 
32237.341: [GC 32237.341: [ParNew: 2420044K->124612K(2534400K), 0.1300510 secs] 7032493K->4743142K(10982400K), 0.1310090 secs] [Times: user=0.46 sys=0.01, real=0.13 secs] 
32238.798: [GC 32238.799: [ParNew: 2377412K->129670K(2534400K), 0.1121890 secs] 6995942K->4748199K(10982400K), 0.1131060 secs] [Times: user=0.53 sys=0.00, real=0.12 secs] 
32240.264: [GC 32240.265: [ParNew: 2382470K->150699K(2534400K), 0.1421080 secs] 7000999K->4769228K(10982400K), 0.1430140 secs] [Times: user=0.44 sys=0.00, real=0.14 secs] 
32241.372: [GC 32241.373: [ParNew: 2403499K->76060K(2534400K), 0.0770100 secs] 7022028K->4694589K(10982400K), 0.0779680 secs] [Times: user=0.37 sys=0.00, real=0.08 secs] 
32242.832: [GC 32242.833: [ParNew: 2328860K->149850K(2534400K), 0.1497160 secs] 6947389K->4769656K(10982400K), 0.1505840 secs] [Times: user=0.50 sys=0.01, real=0.15 secs] 
32244.000: [GC 32244.001: [ParNew: 2402650K->126999K(2534400K), 0.1014320 secs] 7022456K->4748187K(10982400K), 0.1023580 secs] [Times: user=0.61 sys=0.00, real=0.10 secs] 
32245.321: [GC 32245.322: [ParNew: 2379799K->168283K(2534400K), 0.1568490 secs] 7000987K->4791241K(10982400K), 0.1578240 secs] [Times: user=0.54 sys=0.01, real=0.15 secs] 
32246.768: [GC 32246.768: [ParNew: 2421083K->152613K(2534400K), 0.1634730 secs] 7044041K->4780291K(10982400K), 0.1643530 secs] [Times: user=0.54 sys=0.00, real=0.17 secs] 
32248.264: [GC 32248.265: [ParNew: 2405413K->137203K(2534400K), 0.1429720 secs] 7033091K->4767272K(10982400K), 0.1438980 secs] [Times: user=0.51 sys=0.01, real=0.14 secs] 
32249.592: [GC 32249.593: [ParNew: 2390003K->156823K(2534400K), 0.1380620 secs] 7020072K->4786891K(10982400K), 0.1391050 secs] [Times: user=0.47 sys=0.00, real=0.14 secs] 
32251.231: [GC 32251.232: [ParNew: 2409623K->162917K(2534400K), 0.1602560 secs] 7039691K->4798816K(10982400K), 0.1611060 secs] [Times: user=0.49 sys=0.01, real=0.16 secs] 
32252.637: [GC 32252.637: [ParNew: 2415717K->175247K(2534400K), 0.1607470 secs] 7051616K->4819298K(10982400K), 0.1618310 secs] [Times: user=0.44 sys=0.00, real=0.16 secs] 
32254.152: [GC 32254.153: [ParNew: 2428047K->142395K(2534400K), 0.1149420 secs] 7072098K->4791063K(10982400K), 0.1156130 secs] [Times: user=0.47 sys=0.00, real=0.11 secs] 
32255.440: [GC 32255.440: [ParNew: 2395195K->190056K(2534400K), 0.1365290 secs] 7043863K->4838725K(10982400K), 0.1372440 secs] [Times: user=0.58 sys=0.01, real=0.14 secs] 
32257.098: [GC 32257.098: [ParNew: 2442856K->139486K(2534400K), 0.1268200 secs] 7091525K->4801227K(10982400K), 0.1275370 secs] [Times: user=0.58 sys=0.00, real=0.13 secs] 
32258.428: [GC 32258.429: [ParNew: 2392286K->162877K(2534400K), 0.1316940 secs] 7054027K->4824618K(10982400K), 0.1327330 secs] [Times: user=0.56 sys=0.00, real=0.13 secs] 
32259.825: [GC 32259.826: [ParNew: 2415677K->159064K(2534400K), 0.1482790 secs] 7077418K->4835793K(10982400K), 0.1490960 secs] [Times: user=0.56 sys=0.01, real=0.15 secs] 
32261.336: [GC 32261.337: [ParNew: 2411864K->166032K(2534400K), 0.1510990 secs] 7088593K->4842761K(10982400K), 0.1520480 secs] [Times: user=0.57 sys=0.00, real=0.15 secs] 
32262.535: [GC 32262.535: [ParNew: 2418638K->129554K(2534400K), 0.1256050 secs] 7095368K->4812434K(10982400K), 0.1265580 secs] [Times: user=0.44 sys=0.00, real=0.12 secs] 
32263.899: [GC 32263.900: [ParNew: 2382354K->123448K(2534400K), 0.1097230 secs] 7065234K->4806328K(10982400K), 0.1105500 secs] [Times: user=0.43 sys=0.01, real=0.11 secs] 
32264.959: [GC 32264.959: [ParNew: 2376248K->166659K(2534400K), 0.1490910 secs] 7059128K->4849539K(10982400K), 0.1499160 secs] [Times: user=0.52 sys=0.01, real=0.15 secs] 
32266.014: [GC 32266.015: [ParNew: 2419459K->137512K(2534400K), 0.1296230 secs] 7102339K->4830326K(10982400K), 0.1305850 secs] [Times: user=0.53 sys=0.01, real=0.13 secs] 
32267.698: [GC 32267.698: [ParNew: 2390312K->145049K(2534400K), 0.1394060 secs] 7083126K->4837863K(10982400K), 0.1402290 secs] [Times: user=0.50 sys=0.01, real=0.14 secs] 
32269.479: [GC 32269.480: [ParNew: 2397849K->121706K(2534400K), 0.1206060 secs] 7090663K->4814520K(10982400K), 0.1216000 secs] [Times: user=0.57 sys=0.01, real=0.12 secs] 
32271.000: [GC 32271.000: [ParNew: 2374506K->174203K(2534400K), 0.1500810 secs] 7067320K->4867017K(10982400K), 0.1510700 secs] [Times: user=0.52 sys=0.00, real=0.15 secs] 
32272.411: [GC 32272.412: [ParNew: 2427003K->125746K(2534400K), 0.1315330 secs] 7119817K->4833608K(10982400K), 0.1324650 secs] [Times: user=0.54 sys=0.01, real=0.14 secs] 
32273.888: [GC 32273.889: [ParNew: 2378546K->169232K(2534400K), 0.1541750 secs] 7086408K->4877095K(10982400K), 0.1551530 secs] [Times: user=0.62 sys=0.00, real=0.16 secs] 
32275.348: [GC 32275.349: [ParNew: 2422032K->151234K(2534400K), 0.1485550 secs] 7129895K->4884344K(10982400K), 0.1495420 secs] [Times: user=0.82 sys=0.01, real=0.15 secs] 
32277.035: [GC 32277.036: [ParNew: 2404034K->129244K(2534400K), 0.1094000 secs] 7137144K->4862354K(10982400K), 0.1103910 secs] [Times: user=0.50 sys=0.01, real=0.11 secs] 
32278.583: [GC 32278.584: [ParNew: 2382044K->131985K(2534400K), 0.1135390 secs] 7115154K->4865095K(10982400K), 0.1145030 secs] [Times: user=0.45 sys=0.00, real=0.12 secs] 
32280.109: [GC 32280.109: [ParNew: 2384701K->173941K(2534400K), 0.1382600 secs] 7117811K->4907051K(10982400K), 0.1390940 secs] [Times: user=0.61 sys=0.01, real=0.14 secs] 
32281.588: [GC 32281.589: [ParNew: 2426741K->147863K(2534400K), 0.1420380 secs] 7159851K->4893806K(10982400K), 0.1428610 secs] [Times: user=0.81 sys=0.00, real=0.14 secs] 
32282.928: [GC 32282.928: [ParNew: 2400663K->150921K(2534400K), 0.1414490 secs] 7146606K->4903412K(10982400K), 0.1422770 secs] [Times: user=0.53 sys=0.00, real=0.14 secs] 
32283.714: [GC 32283.715: [ParNew: 2403721K->124643K(2534400K), 0.1027040 secs] 7156212K->4879687K(10982400K), 0.1035120 secs] [Times: user=0.47 sys=0.01, real=0.11 secs] 
32284.377: [GC 32284.377: [ParNew: 2377407K->117345K(2534400K), 0.0833950 secs] 7132451K->4874278K(10982400K), 0.0842010 secs] [Times: user=0.52 sys=0.01, real=0.08 secs] 
32285.135: [GC 32285.136: [ParNew: 2370129K->118384K(2534400K), 0.1034220 secs] 7127061K->4878088K(10982400K), 0.1042340 secs] [Times: user=0.50 sys=0.01, real=0.11 secs] 
32285.842: [GC 32285.843: [ParNew: 2371184K->119680K(2534400K), 0.1098980 secs] 7130888K->4884299K(10982400K), 0.1107700 secs] [Times: user=0.48 sys=0.00, real=0.11 secs] 
32286.823: [GC 32286.823: [ParNew: 2372480K->170030K(2534400K), 0.1370380 secs] 7137099K->4935410K(10982400K), 0.1377910 secs] [Times: user=0.62 sys=0.00, real=0.14 secs] 
32287.588: [GC 32287.589: [ParNew: 2423824K->140046K(2534400K), 0.1252210 secs] 7189204K->4913649K(10982400K), 0.1261170 secs] [Times: user=0.48 sys=0.01, real=0.12 secs] 
32287.718: [GC 32287.718: [ParNew: 140303K->128426K(2534400K), 0.0234980 secs] 4913906K->4902029K(10982400K), 0.0241860 secs] [Times: user=0.49 sys=0.00, real=0.02 secs] 
32288.769: [GC 32288.769: [ParNew: 2381226K->201451K(2534400K), 0.1251870 secs] 7154829K->4975054K(10982400K), 0.1260080 secs] [Times: user=0.47 sys=0.01, real=0.12 secs] 
32289.973: [GC 32289.973: [ParNew: 2454251K->150277K(2534400K), 0.1265200 secs] 7227854K->4923880K(10982400K), 0.1273340 secs] [Times: user=0.51 sys=0.00, real=0.13 secs] 
32291.220: [GC 32291.221: [ParNew: 2403077K->84625K(2534400K), 0.0950290 secs] 7176680K->4863574K(10982400K), 0.0960690 secs] [Times: user=0.58 sys=0.00, real=0.10 secs] 
32292.954: [GC 32292.954: [ParNew: 2337425K->101307K(2534400K), 0.0868800 secs] 7116374K->4880256K(10982400K), 0.0877270 secs] [Times: user=0.44 sys=0.00, real=0.09 secs] 
32294.502: [GC 32294.503: [ParNew: 2354107K->142850K(2534400K), 0.1401640 secs] 7133056K->4923888K(10982400K), 0.1411230 secs] [Times: user=0.53 sys=0.00, real=0.14 secs] 
32295.981: [GC 32295.982: [ParNew: 2395650K->165721K(2534400K), 0.1428560 secs] 7176688K->4948164K(10982400K), 0.1436850 secs] [Times: user=0.53 sys=0.00, real=0.14 secs] 
32296.918: [GC 32296.918: [ParNew: 2418521K->136529K(2534400K), 0.1210170 secs] 7200964K->4928273K(10982400K), 0.1218400 secs] [Times: user=0.46 sys=0.00, real=0.12 secs] 
32298.142: [GC 32298.143: [ParNew: 2389329K->166041K(2534400K), 0.1624810 secs] 7181073K->4957784K(10982400K), 0.1634970 secs] [Times: user=0.52 sys=0.01, real=0.16 secs] 
32299.437: [GC 32299.438: [ParNew: 2418841K->159812K(2534400K), 0.1551290 secs] 7210584K->4962130K(10982400K), 0.1561010 secs] [Times: user=0.56 sys=0.00, real=0.16 secs] 
32300.610: [GC 32300.611: [ParNew: 2412612K->183323K(2534400K), 0.1777180 secs] 7214930K->4998731K(10982400K), 0.1786820 secs] [Times: user=0.58 sys=0.01, real=0.18 secs] 
32301.557: [GC 32301.557: [ParNew: 2436123K->138719K(2534400K), 0.1191220 secs] 7251531K->4962902K(10982400K), 0.1200940 secs] [Times: user=0.55 sys=0.00, real=0.12 secs] 
32302.436: [GC 32302.436: [ParNew: 2391519K->135257K(2534400K), 0.1165000 secs] 7215702K->4959440K(10982400K), 0.1174520 secs] [Times: user=0.62 sys=0.00, real=0.12 secs] 
32303.277: [GC 32303.278: [ParNew: 2388057K->108744K(2534400K), 0.0818300 secs] 7212240K->4932926K(10982400K), 0.0827720 secs] [Times: user=0.55 sys=0.00, real=0.09 secs] 
32304.175: [GC 32304.176: [ParNew: 2361544K->107473K(2534400K), 0.0626230 secs] 7185726K->4931656K(10982400K), 0.0635470 secs] [Times: user=0.51 sys=0.00, real=0.07 secs] 
32305.264: [GC 32305.265: [ParNew: 2360273K->138371K(2534400K), 0.0824840 secs] 7184456K->4972608K(10982400K), 0.0834770 secs] [Times: user=0.72 sys=0.00, real=0.08 secs] 
32306.445: [GC 32306.446: [ParNew: 2391171K->138102K(2534400K), 0.0974310 secs] 7225408K->4978070K(10982400K), 0.0984050 secs] [Times: user=0.60 sys=0.01, real=0.10 secs] 
32307.592: [GC 32307.592: [ParNew: 2390902K->106750K(2534400K), 0.0905180 secs] 7230870K->4952467K(10982400K), 0.0913520 secs] [Times: user=0.54 sys=0.00, real=0.09 secs] 
32308.573: [GC 32308.574: [ParNew: 2359550K->165326K(2534400K), 0.1053600 secs] 7205267K->5014825K(10982400K), 0.1061750 secs] [Times: user=0.58 sys=0.01, real=0.11 secs] 
32309.597: [GC 32309.597: [ParNew: 2418126K->172443K(2534400K), 0.1051560 secs] 7267625K->5027802K(10982400K), 0.1059860 secs] [Times: user=0.68 sys=0.01, real=0.11 secs] 
32310.685: [GC 32310.686: [ParNew: 2425243K->209533K(2534400K), 0.1453160 secs] 7280602K->5064892K(10982400K), 0.1462650 secs] [Times: user=0.63 sys=0.00, real=0.15 secs] 
32311.729: [GC 32311.730: [ParNew: 2462333K->109865K(2534400K), 0.0780680 secs] 7317692K->4979797K(10982400K), 0.0790510 secs] [Times: user=0.41 sys=0.01, real=0.08 secs] 
32313.113: [GC 32313.113: [ParNew: 2362665K->111822K(2534400K), 0.1128680 secs] 7232597K->4981754K(10982400K), 0.1138500 secs] [Times: user=0.46 sys=0.00, real=0.11 secs] 
32314.455: [GC 32314.455: [ParNew: 2364622K->102672K(2534400K), 0.0939000 secs] 7234554K->4972604K(10982400K), 0.0947620 secs] [Times: user=0.45 sys=0.00, real=0.10 secs] 
32315.511: [GC 32315.512: [ParNew: 2355472K->150003K(2534400K), 0.1073370 secs] 7225404K->5019935K(10982400K), 0.1083140 secs] [Times: user=0.51 sys=0.00, real=0.11 secs] 
32316.667: [GC 32316.667: [ParNew: 2402803K->124049K(2534400K), 0.0944530 secs] 7272735K->5000489K(10982400K), 0.0954260 secs] [Times: user=0.57 sys=0.00, real=0.10 secs] 
32317.722: [GC 32317.723: [ParNew: 2376849K->125465K(2534400K), 0.0951720 secs] 7253289K->5004736K(10982400K), 0.0960670 secs] [Times: user=0.54 sys=0.00, real=0.09 secs] 
32318.537: [GC 32318.537: [ParNew: 2378265K->102193K(2534400K), 0.0828730 secs] 7257536K->4986525K(10982400K), 0.0838380 secs] [Times: user=0.50 sys=0.01, real=0.09 secs] 
32319.424: [GC 32319.424: [ParNew: 2354993K->168162K(2534400K), 0.1093970 secs] 7239325K->5057535K(10982400K), 0.1102210 secs] [Times: user=0.69 sys=0.01, real=0.11 secs] 
32320.216: [GC 32320.217: [ParNew: 2420962K->134678K(2534400K), 0.0981840 secs] 7310335K->5032603K(10982400K), 0.0991610 secs] [Times: user=0.47 sys=0.01, real=0.10 secs] 
32321.305: [GC 32321.306: [ParNew: 2387478K->109235K(2534400K), 0.1068310 secs] 7285403K->5007160K(10982400K), 0.1078120 secs] [Times: user=0.48 sys=0.01, real=0.11 secs] 
32322.265: [GC 32322.265: [ParNew: 2362035K->123465K(2534400K), 0.1030680 secs] 7259960K->5021390K(10982400K), 0.1040230 secs] [Times: user=0.59 sys=0.01, real=0.10 secs] 
32323.202: [GC 32323.202: [ParNew: 2376265K->103679K(2534400K), 0.0829870 secs] 7274190K->5001603K(10982400K), 0.0838070 secs] [Times: user=0.47 sys=0.00, real=0.08 secs] 
32324.428: [GC 32324.429: [ParNew: 2356479K->81571K(2534400K), 0.0885210 secs] 7254403K->4985136K(10982400K), 0.0893350 secs] [Times: user=0.45 sys=0.00, real=0.09 secs] 
32325.485: [GC 32325.485: [ParNew: 2334371K->148178K(2534400K), 0.1237430 secs] 7237936K->5052283K(10982400K), 0.1247120 secs] [Times: user=0.55 sys=0.00, real=0.12 secs] 
32326.451: [GC 32326.452: [ParNew: 2400978K->147566K(2534400K), 0.1281060 secs] 7305083K->5052582K(10982400K), 0.1289330 secs] [Times: user=0.47 sys=0.01, real=0.13 secs] 
32327.484: [GC 32327.485: [ParNew: 2400366K->195594K(2534400K), 0.1479280 secs] 7305382K->5101514K(10982400K), 0.1487450 secs] [Times: user=0.59 sys=0.01, real=0.15 secs] 
32328.417: [GC 32328.417: [ParNew: 2448394K->133025K(2534400K), 0.1088380 secs] 7354314K->5047844K(10982400K), 0.1098110 secs] [Times: user=0.46 sys=0.00, real=0.11 secs] 
32329.809: [GC 32329.810: [ParNew: 2385825K->167354K(2534400K), 0.1554590 secs] 7300644K->5082173K(10982400K), 0.1562990 secs] [Times: user=0.45 sys=0.00, real=0.16 secs] 
32330.991: [GC 32330.991: [ParNew: 2420154K->97120K(2534400K), 0.0926390 secs] 7334973K->5022699K(10982400K), 0.0934780 secs] [Times: user=0.44 sys=0.00, real=0.10 secs] 
32332.123: [GC 32332.123: [ParNew: 2349920K->144217K(2534400K), 0.0876640 secs] 7275499K->5069796K(10982400K), 0.0884900 secs] [Times: user=0.66 sys=0.00, real=0.08 secs] 
32333.390: [GC 32333.390: [ParNew: 2397017K->128252K(2534400K), 0.0846680 secs] 7322596K->5053831K(10982400K), 0.0854900 secs] [Times: user=0.47 sys=0.00, real=0.09 secs] 
32334.456: [GC 32334.456: [ParNew: 2381052K->126174K(2534400K), 0.0976420 secs] 7306631K->5051754K(10982400K), 0.0985370 secs] [Times: user=0.42 sys=0.00, real=0.10 secs] 
32335.624: [GC 32335.625: [ParNew: 2378974K->134544K(2534400K), 0.1195510 secs] 7304554K->5067025K(10982400K), 0.1205770 secs] [Times: user=0.50 sys=0.00, real=0.12 secs] 
32336.772: [GC 32336.773: [ParNew: 2387344K->165082K(2534400K), 0.1255720 secs] 7319825K->5100209K(10982400K), 0.1264780 secs] [Times: user=0.56 sys=0.00, real=0.13 secs] 
32338.115: [GC 32338.115: [ParNew: 2417882K->140634K(2534400K), 0.1159230 secs] 7353009K->5077879K(10982400K), 0.1167530 secs] [Times: user=0.53 sys=0.00, real=0.11 secs] 
32339.588: [GC 32339.589: [ParNew: 2393434K->148991K(2534400K), 0.1014900 secs] 7330679K->5086235K(10982400K), 0.1025440 secs] [Times: user=0.56 sys=0.01, real=0.10 secs] 
32340.713: [GC 32340.713: [ParNew: 2401791K->174299K(2534400K), 0.1263140 secs] 7339035K->5116560K(10982400K), 0.1271600 secs] [Times: user=0.58 sys=0.00, real=0.13 secs] 
32341.783: [GC 32341.783: [ParNew: 2427099K->108811K(2534400K), 0.0919050 secs] 7369360K->5057147K(10982400K), 0.0927630 secs] [Times: user=0.51 sys=0.00, real=0.10 secs] 
32342.939: [GC 32342.940: [ParNew: 2361611K->123651K(2534400K), 0.0902030 secs] 7309947K->5071987K(10982400K), 0.0910380 secs] [Times: user=0.52 sys=0.00, real=0.09 secs] 
32344.150: [GC 32344.150: [ParNew: 2376451K->127516K(2534400K), 0.1093060 secs] 7324787K->5077505K(10982400K), 0.1101160 secs] [Times: user=0.52 sys=0.00, real=0.11 secs] 
32345.291: [GC 32345.292: [ParNew: 2380316K->128406K(2534400K), 0.1252940 secs] 7330305K->5080167K(10982400K), 0.1261360 secs] [Times: user=0.52 sys=0.01, real=0.13 secs] 
32346.299: [GC 32346.300: [ParNew: 2381206K->117036K(2534400K), 0.1167490 secs] 7332967K->5070982K(10982400K), 0.1177120 secs] [Times: user=0.43 sys=0.01, real=0.12 secs] 
32347.163: [GC 32347.163: [ParNew: 2369836K->202994K(2534400K), 0.1509970 secs] 7323782K->5158674K(10982400K), 0.1519400 secs] [Times: user=0.73 sys=0.00, real=0.16 secs] 
32348.026: [GC 32348.026: [ParNew: 2455794K->165786K(2534400K), 0.1257060 secs] 7411474K->5131394K(10982400K), 0.1265330 secs] [Times: user=0.62 sys=0.00, real=0.12 secs] 
32349.022: [GC 32349.022: [ParNew: 2418586K->156788K(2534400K), 0.1404090 secs] 7384194K->5122395K(10982400K), 0.1412870 secs] [Times: user=0.52 sys=0.00, real=0.14 secs] 
32350.160: [GC 32350.160: [ParNew: 2409588K->143082K(2534400K), 0.1445400 secs] 7375195K->5108690K(10982400K), 0.1454340 secs] [Times: user=0.52 sys=0.00, real=0.14 secs] 
32351.416: [GC 32351.416: [ParNew: 2395882K->176754K(2534400K), 0.1503510 secs] 7361490K->5142361K(10982400K), 0.1511850 secs] [Times: user=0.58 sys=0.00, real=0.15 secs] 
32352.316: [GC 32352.317: [ParNew: 2429554K->155181K(2534400K), 0.1139680 secs] 7395161K->5135121K(10982400K), 0.1146790 secs] [Times: user=0.72 sys=0.01, real=0.11 secs] 
32353.474: [GC 32353.474: [ParNew: 2407981K->105351K(2534400K), 0.0844990 secs] 7387921K->5094988K(10982400K), 0.0851670 secs] [Times: user=0.53 sys=0.01, real=0.09 secs] 
32355.146: [GC 32355.147: [ParNew: 2358151K->68094K(2534400K), 0.0681610 secs] 7347788K->5057731K(10982400K), 0.0688310 secs] [Times: user=0.44 sys=0.00, real=0.06 secs] 
32356.235: [GC 32356.235: [ParNew: 2320894K->79904K(2534400K), 0.0816340 secs] 7310531K->5069541K(10982400K), 0.0823970 secs] [Times: user=0.50 sys=0.00, real=0.09 secs] 
32357.565: [GC 32357.566: [ParNew: 2332704K->114105K(2534400K), 0.0808320 secs] 7322341K->5103742K(10982400K), 0.0815200 secs] [Times: user=0.48 sys=0.00, real=0.09 secs] 
32358.466: [GC 32358.467: [ParNew: 2366905K->167283K(2534400K), 0.1010500 secs] 7356542K->5161105K(10982400K), 0.1017050 secs] [Times: user=0.58 sys=0.00, real=0.11 secs] 
32359.293: [GC 32359.293: [ParNew: 2420083K->198597K(2534400K), 0.1202000 secs] 7413905K->5193789K(10982400K), 0.1209250 secs] [Times: user=0.57 sys=0.00, real=0.12 secs] 
32360.391: [GC 32360.391: [ParNew: 2451397K->137866K(2534400K), 0.1046490 secs] 7446589K->5144906K(10982400K), 0.1053720 secs] [Times: user=0.45 sys=0.00, real=0.10 secs] 
32361.548: [GC 32361.548: [ParNew: 2386701K->96693K(2534400K), 0.0901350 secs] 7393740K->5103733K(10982400K), 0.0907990 secs] [Times: user=0.46 sys=0.01, real=0.09 secs] 
32362.596: [GC 32362.596: [ParNew: 2349493K->99543K(2534400K), 0.0745030 secs] 7356533K->5106583K(10982400K), 0.0751610 secs] [Times: user=0.50 sys=0.00, real=0.08 secs] 
32364.119: [GC 32364.120: [ParNew: 2352343K->83289K(2534400K), 0.0741790 secs] 7359383K->5090329K(10982400K), 0.0748500 secs] [Times: user=0.43 sys=0.00, real=0.07 secs] 
32365.142: [GC 32365.142: [ParNew: 2336089K->153874K(2534400K), 0.0883400 secs] 7343129K->5161608K(10982400K), 0.0889980 secs] [Times: user=0.70 sys=0.00, real=0.09 secs] 
32366.100: [GC 32366.100: [ParNew: 2406674K->157929K(2534400K), 0.1125780 secs] 7414408K->5171356K(10982400K), 0.1132780 secs] [Times: user=0.56 sys=0.00, real=0.11 secs] 
32367.339: [GC 32367.340: [ParNew: 2410729K->134569K(2534400K), 0.1050270 secs] 7424156K->5147996K(10982400K), 0.1058020 secs] [Times: user=0.45 sys=0.00, real=0.10 secs] 
32368.463: [GC 32368.464: [ParNew: 2387369K->135769K(2534400K), 0.1187000 secs] 7400796K->5149195K(10982400K), 0.1194720 secs] [Times: user=0.53 sys=0.00, real=0.12 secs] 
32369.697: [GC 32369.697: [ParNew: 2388569K->138971K(2534400K), 0.1003610 secs] 7401995K->5154555K(10982400K), 0.1010790 secs] [Times: user=0.51 sys=0.00, real=0.11 secs] 
32370.989: [GC 32370.990: [ParNew: 2391771K->131749K(2534400K), 0.1114080 secs] 7407355K->5148859K(10982400K), 0.1121390 secs] [Times: user=0.49 sys=0.01, real=0.11 secs] 
32372.161: [GC 32372.162: [ParNew: 2384549K->132432K(2534400K), 0.1130920 secs] 7401659K->5153098K(10982400K), 0.1138040 secs] [Times: user=0.56 sys=0.00, real=0.11 secs] 
32373.400: [GC 32373.401: [ParNew: 2385232K->143846K(2534400K), 0.1269540 secs] 7405898K->5167323K(10982400K), 0.1276840 secs] [Times: user=0.43 sys=0.00, real=0.12 secs] 
32374.560: [GC 32374.561: [ParNew: 2396646K->127768K(2534400K), 0.1126830 secs] 7420123K->5152510K(10982400K), 0.1133550 secs] [Times: user=0.54 sys=0.00, real=0.11 secs] 
32375.627: [GC 32375.628: [ParNew: 2380568K->146431K(2534400K), 0.0990640 secs] 7405310K->5172755K(10982400K), 0.0997440 secs] [Times: user=0.65 sys=0.01, real=0.10 secs] 
32376.932: [GC 32376.932: [ParNew: 2399231K->110025K(2534400K), 0.0862820 secs] 7425555K->5136604K(10982400K), 0.0869710 secs] [Times: user=0.46 sys=0.01, real=0.08 secs] 
32378.342: [GC 32378.342: [ParNew: 2362825K->86160K(2534400K), 0.0800200 secs] 7389404K->5114874K(10982400K), 0.0806760 secs] [Times: user=0.46 sys=0.00, real=0.08 secs] 
32379.824: [GC 32379.824: [ParNew: 2338960K->129564K(2534400K), 0.1187400 secs] 7367674K->5163152K(10982400K), 0.1194250 secs] [Times: user=0.48 sys=0.00, real=0.12 secs] 
32380.993: [GC 32380.994: [ParNew: 2382364K->150221K(2534400K), 0.1370190 secs] 7415952K->5184975K(10982400K), 0.1377550 secs] [Times: user=0.51 sys=0.00, real=0.14 secs] 
32382.150: [GC 32382.150: [ParNew: 2403021K->181283K(2534400K), 0.1608550 secs] 7437775K->5217206K(10982400K), 0.1615750 secs] [Times: user=0.56 sys=0.00, real=0.16 secs] 
32383.281: [GC 32383.281: [ParNew: 2434083K->190869K(2534400K), 0.1525500 secs] 7470006K->5239194K(10982400K), 0.1532760 secs] [Times: user=0.68 sys=0.01, real=0.15 secs] 
32384.609: [GC 32384.610: [ParNew: 2443669K->148500K(2534400K), 0.1256640 secs] 7491994K->5203886K(10982400K), 0.1263870 secs] [Times: user=0.39 sys=0.00, real=0.13 secs] 
32385.808: [GC 32385.808: [ParNew: 2401300K->129532K(2534400K), 0.1259010 secs] 7456686K->5184918K(10982400K), 0.1266180 secs] [Times: user=0.46 sys=0.00, real=0.13 secs] 
32386.878: [GC 32386.878: [ParNew: 2382332K->151205K(2534400K), 0.1395560 secs] 7437718K->5206591K(10982400K), 0.1402280 secs] [Times: user=0.53 sys=0.00, real=0.14 secs] 
32388.069: [GC 32388.069: [ParNew: 2404005K->156324K(2534400K), 0.1369070 secs] 7459391K->5215237K(10982400K), 0.1376190 secs] [Times: user=0.47 sys=0.01, real=0.14 secs] 
32389.039: [GC 32389.040: [ParNew: 2409124K->131179K(2534400K), 0.1238160 secs] 7468037K->5194650K(10982400K), 0.1245260 secs] [Times: user=0.49 sys=0.00, real=0.13 secs] 
32390.666: [GC 32390.667: [ParNew: 2383979K->133778K(2534400K), 0.1146180 secs] 7447450K->5197250K(10982400K), 0.1152940 secs] [Times: user=0.46 sys=0.01, real=0.12 secs] 
32391.969: [GC 32391.970: [ParNew: 2386578K->136763K(2534400K), 0.1235570 secs] 7450050K->5200235K(10982400K), 0.1242850 secs] [Times: user=0.47 sys=0.00, real=0.13 secs] 
32393.690: [GC 32393.690: [ParNew: 2389563K->127675K(2534400K), 0.1160970 secs] 7453035K->5192459K(10982400K), 0.1168090 secs] [Times: user=0.45 sys=0.00, real=0.12 secs] 
32394.914: [GC 32394.915: [ParNew: 2380475K->173649K(2534400K), 0.1402770 secs] 7445259K->5240160K(10982400K), 0.1409980 secs] [Times: user=0.57 sys=0.00, real=0.14 secs] 
32396.049: [GC 32396.050: [ParNew: 2426449K->155143K(2534400K), 0.1494610 secs] 7492960K->5239723K(10982400K), 0.1502990 secs] [Times: user=0.55 sys=0.01, real=0.15 secs] 
32396.204: [GC [1 CMS-initial-mark: 5084580K(8448000K)] 5244644K(10982400K), 0.1121630 secs] [Times: user=0.12 sys=0.00, real=0.11 secs] 
32397.309: [GC 32397.310: [ParNew: 2407943K->172118K(2534400K), 0.1254170 secs] 7492523K->5256699K(10982400K), 0.1263510 secs] [Times: user=0.63 sys=0.01, real=0.13 secs] 
32398.216: [GC 32398.217: [ParNew: 2424918K->190638K(2534400K), 0.1420670 secs] 7509499K->5290224K(10982400K), 0.1429510 secs] [Times: user=0.70 sys=0.00, real=0.14 secs] 
32399.243: [GC 32399.243: [ParNew: 2443438K->186276K(2534400K), 0.1356840 secs] 7543024K->5295964K(10982400K), 0.1365520 secs] [Times: user=0.67 sys=0.00, real=0.13 secs] 
32400.048: [GC[YG occupancy: 2297649 K (2534400 K)]32400.048: [Rescan (parallel) , 1.0213290 secs]32401.070: [weak refs processing, 0.0973210 secs] [1 CMS-remark: 5109687K(8448000K)] 7407336K(10982400K), 1.1208010 secs] [Times: user=20.72 sys=0.09, real=1.12 secs] 
32401.214: [GC 32401.214: [ParNew: 2439076K->224246K(2534400K), 0.1490140 secs] 7547997K->5343769K(10982400K), 0.1500270 secs] [Times: user=0.92 sys=0.00, real=0.15 secs] 
32401.838: [GC 32401.839: [ParNew: 2477225K->119698K(2534400K), 0.1232900 secs] 7564194K->5251931K(10982400K), 0.1242770 secs] [Times: user=0.74 sys=0.01, real=0.13 secs] 
32401.970: [GC 32401.970: [ParNew: 133319K->97380K(2534400K), 0.0229390 secs] 5265051K->5229112K(10982400K), 0.0237760 secs] [Times: user=0.46 sys=0.01, real=0.03 secs] 
32402.620: [GC 32402.621: [ParNew: 2350180K->144232K(2534400K), 0.0884700 secs] 7421647K->5215699K(10982400K), 0.0896180 secs] [Times: user=0.64 sys=0.00, real=0.09 secs] 
32404.109: [GC 32404.110: [ParNew: 2397032K->143333K(2534400K), 0.0826970 secs] 7318861K->5065163K(10982400K), 0.0837790 secs] [Times: user=0.57 sys=0.00, real=0.08 secs] 
32405.781: [GC 32405.782: [ParNew: 2396133K->143327K(2534400K), 0.1312540 secs] 7142342K->4914755K(10982400K), 0.1324060 secs] [Times: user=0.76 sys=0.00, real=0.13 secs] 
32407.220: [GC 32407.221: [ParNew: 2396127K->126061K(2534400K), 0.0920640 secs] 6846337K->4576434K(10982400K), 0.0931940 secs] [Times: user=0.52 sys=0.01, real=0.10 secs] 
32408.519: [GC 32408.520: [ParNew: 2378861K->146810K(2534400K), 0.1317580 secs] 6829234K->4615772K(10982400K), 0.1328350 secs] [Times: user=0.69 sys=0.00, real=0.13 secs] 
32409.667: [GC 32409.667: [ParNew: 2399610K->253226K(2534400K), 0.1537340 secs] 6868572K->4726154K(10982400K), 0.1547140 secs] [Times: user=1.02 sys=0.01, real=0.15 secs] 
32411.168: [GC 32411.169: [ParNew: 2506026K->227445K(2534400K), 0.1626570 secs] 6978954K->4719619K(10982400K), 0.1638390 secs] [Times: user=0.54 sys=0.01, real=0.16 secs] 
32412.577: [GC 32412.578: [ParNew: 2480245K->147660K(2534400K), 0.1191190 secs] 6972419K->4639834K(10982400K), 0.1202440 secs] [Times: user=0.51 sys=0.01, real=0.12 secs] 
32414.044: [GC 32414.044: [ParNew: 2400460K->207286K(2534400K), 0.1513640 secs] 6892634K->4699460K(10982400K), 0.1524450 secs] [Times: user=0.66 sys=0.01, real=0.16 secs] 
32415.450: [GC 32415.451: [ParNew: 2460086K->177903K(2534400K), 0.1904170 secs] 6952260K->4732244K(10982400K), 0.1914220 secs] [Times: user=0.74 sys=0.02, real=0.19 secs] 
32416.774: [GC 32416.775: [ParNew: 2430703K->154326K(2534400K), 0.1221620 secs] 6985044K->4708667K(10982400K), 0.1229670 secs] [Times: user=0.52 sys=0.01, real=0.13 secs] 
32418.022: [GC 32418.023: [ParNew: 2407126K->163276K(2534400K), 0.1422140 secs] 6961467K->4721837K(10982400K), 0.1430870 secs] [Times: user=0.57 sys=0.01, real=0.15 secs] 
32419.246: [GC 32419.247: [ParNew: 2416076K->130699K(2534400K), 0.1249260 secs] 6974637K->4694855K(10982400K), 0.1258110 secs] [Times: user=0.49 sys=0.00, real=0.12 secs] 
32420.505: [GC 32420.505: [ParNew: 2383499K->149278K(2534400K), 0.1385190 secs] 6947655K->4713434K(10982400K), 0.1394480 secs] [Times: user=0.50 sys=0.01, real=0.14 secs] 
32421.973: [GC 32421.973: [ParNew: 2402078K->110845K(2534400K), 0.0991100 secs] 6966234K->4678231K(10982400K), 0.0999930 secs] [Times: user=0.47 sys=0.00, real=0.10 secs] 
32423.426: [GC 32423.427: [ParNew: 2363645K->125784K(2534400K), 0.1117590 secs] 6931031K->4693170K(10982400K), 0.1126610 secs] [Times: user=0.44 sys=0.00, real=0.12 secs] 
32424.624: [GC 32424.625: [ParNew: 2378584K->163860K(2534400K), 0.1504510 secs] 6945970K->4733652K(10982400K), 0.1515750 secs] [Times: user=0.60 sys=0.00, real=0.15 secs] 
32425.850: [GC 32425.851: [ParNew: 2416660K->198508K(2534400K), 0.1661720 secs] 6986452K->4779335K(10982400K), 0.1672680 secs] [Times: user=0.71 sys=0.01, real=0.17 secs] 
32427.094: [GC 32427.094: [ParNew: 2451308K->197309K(2534400K), 0.1778560 secs] 7032135K->4794920K(10982400K), 0.1789540 secs] [Times: user=0.56 sys=0.00, real=0.18 secs] 
32428.366: [GC 32428.366: [ParNew: 2450109K->162504K(2534400K), 0.1663040 secs] 7047720K->4768980K(10982400K), 0.1673150 secs] [Times: user=0.57 sys=0.00, real=0.17 secs] 
32429.431: [GC 32429.432: [ParNew: 2415304K->129495K(2534400K), 0.1324980 secs] 7021780K->4745861K(10982400K), 0.1336280 secs] [Times: user=0.51 sys=0.00, real=0.13 secs] 
32430.523: [GC 32430.524: [ParNew: 2382295K->134767K(2534400K), 0.1179820 secs] 6998661K->4751133K(10982400K), 0.1190360 secs] [Times: user=0.51 sys=0.01, real=0.12 secs] 
32431.678: [GC 32431.679: [ParNew: 2387567K->131676K(2534400K), 0.1179040 secs] 7003933K->4748042K(10982400K), 0.1190140 secs] [Times: user=0.57 sys=0.00, real=0.12 secs] 
32432.647: [GC 32432.648: [ParNew: 2384476K->115520K(2534400K), 0.1037610 secs] 7000842K->4731886K(10982400K), 0.1048670 secs] [Times: user=0.42 sys=0.01, real=0.11 secs] 
32433.592: [GC 32433.593: [ParNew: 2368320K->150919K(2534400K), 0.1134750 secs] 6984686K->4772403K(10982400K), 0.1145810 secs] [Times: user=0.67 sys=0.01, real=0.11 secs] 
32434.502: [GC 32434.502: [ParNew: 2403719K->188016K(2534400K), 0.1549860 secs] 7025203K->4812996K(10982400K), 0.1561210 secs] [Times: user=0.48 sys=0.01, real=0.16 secs] 
32435.568: [GC 32435.569: [ParNew: 2440816K->223864K(2534400K), 0.2066850 secs] 7065796K->4859921K(10982400K), 0.2077980 secs] [Times: user=0.71 sys=0.00, real=0.20 secs] 
32436.589: [GC 32436.590: [ParNew: 2476664K->177768K(2534400K), 0.1608610 secs] 7112721K->4816030K(10982400K), 0.1619560 secs] [Times: user=0.53 sys=0.01, real=0.16 secs] 
32437.890: [GC 32437.890: [ParNew: 2430568K->126603K(2534400K), 0.1184450 secs] 7068830K->4771758K(10982400K), 0.1195470 secs] [Times: user=0.49 sys=0.01, real=0.12 secs] 
32439.276: [GC 32439.277: [ParNew: 2379403K->113109K(2534400K), 0.1140170 secs] 7024558K->4758264K(10982400K), 0.1150340 secs] [Times: user=0.47 sys=0.00, real=0.12 secs] 
32440.956: [GC 32440.956: [ParNew: 2365909K->86848K(2534400K), 0.0921480 secs] 7011064K->4732003K(10982400K), 0.0932560 secs] [Times: user=0.46 sys=0.00, real=0.10 secs] 
32442.425: [GC 32442.426: [ParNew: 2339648K->172745K(2534400K), 0.1102420 secs] 6984803K->4817900K(10982400K), 0.1112800 secs] [Times: user=0.89 sys=0.01, real=0.11 secs] 
32443.690: [GC 32443.691: [ParNew: 2425545K->189506K(2534400K), 0.1548600 secs] 7070700K->4860412K(10982400K), 0.1559880 secs] [Times: user=0.61 sys=0.01, real=0.15 secs] 
32445.038: [GC 32445.039: [ParNew: 2442306K->145693K(2534400K), 0.1201750 secs] 7113212K->4816599K(10982400K), 0.1212790 secs] [Times: user=0.55 sys=0.00, real=0.13 secs] 
32446.154: [GC 32446.155: [ParNew: 2398493K->154129K(2534400K), 0.1067720 secs] 7069399K->4825035K(10982400K), 0.1078670 secs] [Times: user=0.63 sys=0.00, real=0.11 secs] 
32447.331: [GC 32447.331: [ParNew: 2406929K->126944K(2534400K), 0.1031210 secs] 7077835K->4797850K(10982400K), 0.1042190 secs] [Times: user=0.49 sys=0.01, real=0.10 secs] 
32448.899: [GC 32448.900: [ParNew: 2379744K->145130K(2534400K), 0.1231080 secs] 7050650K->4824555K(10982400K), 0.1240720 secs] [Times: user=0.62 sys=0.00, real=0.13 secs] 
32450.369: [GC 32450.370: [ParNew: 2397930K->155799K(2534400K), 0.1432580 secs] 7077355K->4841348K(10982400K), 0.1443730 secs] [Times: user=0.55 sys=0.00, real=0.15 secs] 
32451.551: [GC 32451.552: [ParNew: 2408599K->132389K(2534400K), 0.0942920 secs] 7094148K->4820729K(10982400K), 0.0954110 secs] [Times: user=0.49 sys=0.01, real=0.09 secs] 
32452.933: [GC 32452.934: [ParNew: 2385189K->114921K(2534400K), 0.0816680 secs] 7073529K->4805537K(10982400K), 0.0827320 secs] [Times: user=0.51 sys=0.00, real=0.08 secs] 
32453.741: [GC 32453.742: [ParNew: 2367721K->181407K(2534400K), 0.1079930 secs] 7058337K->4878512K(10982400K), 0.1090730 secs] [Times: user=0.74 sys=0.00, real=0.10 secs] 
32454.612: [GC 32454.613: [ParNew: 2434207K->172361K(2534400K), 0.1347870 secs] 7131312K->4893360K(10982400K), 0.1359000 secs] [Times: user=0.53 sys=0.00, real=0.13 secs] 
32455.541: [GC 32455.542: [ParNew: 2425055K->148276K(2534400K), 0.1068790 secs] 7146054K->4869276K(10982400K), 0.1079800 secs] [Times: user=0.59 sys=0.01, real=0.11 secs] 
32456.354: [GC 32456.355: [ParNew: 2401076K->133997K(2534400K), 0.1073560 secs] 7122076K->4854996K(10982400K), 0.1083780 secs] [Times: user=0.48 sys=0.00, real=0.11 secs] 
32457.279: [GC 32457.280: [ParNew: 2386797K->126468K(2534400K), 0.1088970 secs] 7107796K->4851932K(10982400K), 0.1099890 secs] [Times: user=0.60 sys=0.00, real=0.11 secs] 
32458.181: [GC 32458.182: [ParNew: 2379268K->116429K(2534400K), 0.0838430 secs] 7104732K->4846386K(10982400K), 0.0847950 secs] [Times: user=0.60 sys=0.00, real=0.09 secs] 
32459.119: [GC 32459.120: [ParNew: 2369263K->99705K(2534400K), 0.0840400 secs] 7099220K->4832929K(10982400K), 0.0851020 secs] [Times: user=0.47 sys=0.00, real=0.09 secs] 
32459.208: [GC 32459.209: [ParNew: 100021K->84025K(2534400K), 0.0248680 secs] 4833246K->4821613K(10982400K), 0.0256680 secs] [Times: user=0.41 sys=0.00, real=0.03 secs] 
32460.221: [GC 32460.222: [ParNew: 2336825K->84440K(2534400K), 0.0540400 secs] 7074413K->4824958K(10982400K), 0.0549730 secs] [Times: user=0.47 sys=0.00, real=0.06 secs] 
32461.316: [GC 32461.316: [ParNew: 2337219K->95639K(2534400K), 0.0615320 secs] 7077737K->4839374K(10982400K), 0.0623310 secs] [Times: user=0.45 sys=0.00, real=0.06 secs] 
32462.168: [GC 32462.168: [ParNew: 2348439K->92485K(2534400K), 0.0731930 secs] 7092174K->4838535K(10982400K), 0.0739780 secs] [Times: user=0.46 sys=0.01, real=0.07 secs] 
32463.130: [GC 32463.131: [ParNew: 2345285K->95134K(2534400K), 0.0837290 secs] 7091335K->4841184K(10982400K), 0.0846040 secs] [Times: user=0.43 sys=0.00, real=0.09 secs] 
32464.099: [GC 32464.100: [ParNew: 2347934K->96460K(2534400K), 0.0860840 secs] 7093984K->4845438K(10982400K), 0.0868820 secs] [Times: user=0.42 sys=0.01, real=0.09 secs] 
32465.041: [GC 32465.041: [ParNew: 2349260K->98850K(2534400K), 0.0941160 secs] 7098238K->4849611K(10982400K), 0.0949960 secs] [Times: user=0.45 sys=0.00, real=0.10 secs] 
32465.915: [GC 32465.916: [ParNew: 2351650K->143767K(2534400K), 0.0976290 secs] 7102411K->4895934K(10982400K), 0.0985190 secs] [Times: user=0.59 sys=0.00, real=0.10 secs] 
32466.957: [GC 32466.957: [ParNew: 2396567K->131240K(2534400K), 0.1018300 secs] 7148734K->4884736K(10982400K), 0.1027470 secs] [Times: user=0.53 sys=0.00, real=0.10 secs] 
32467.835: [GC 32467.835: [ParNew: 2384040K->160516K(2534400K), 0.1115750 secs] 7137536K->4915840K(10982400K), 0.1123700 secs] [Times: user=0.66 sys=0.00, real=0.11 secs] 
32468.670: [GC 32468.671: [ParNew: 2413344K->122664K(2534400K), 0.0839960 secs] 7168668K->4886880K(10982400K), 0.0848010 secs] [Times: user=0.53 sys=0.01, real=0.09 secs] 
32468.759: [GC 32468.759: [ParNew: 124918K->133571K(2534400K), 0.0224730 secs] 4889134K->4897787K(10982400K), 0.0231420 secs] [Times: user=0.48 sys=0.00, real=0.02 secs] 
32469.560: [GC 32469.561: [ParNew: 2386475K->160246K(2534400K), 0.0915860 secs] 7150691K->4924461K(10982400K), 0.0925770 secs] [Times: user=0.44 sys=0.01, real=0.09 secs] 
32470.619: [GC 32470.620: [ParNew: 2413046K->122508K(2534400K), 0.1123360 secs] 7177261K->4889799K(10982400K), 0.1133620 secs] [Times: user=0.48 sys=0.01, real=0.11 secs] 
32471.572: [GC 32471.573: [ParNew: 2375308K->132581K(2534400K), 0.0912560 secs] 7142599K->4902958K(10982400K), 0.0922680 secs] [Times: user=0.58 sys=0.01, real=0.10 secs] 
32472.449: [GC 32472.449: [ParNew: 2385381K->140008K(2534400K), 0.0898430 secs] 7155758K->4910403K(10982400K), 0.0909280 secs] [Times: user=0.53 sys=0.01, real=0.09 secs] 
32473.250: [GC 32473.251: [ParNew: 2392808K->135587K(2534400K), 0.0896480 secs] 7163203K->4907062K(10982400K), 0.0907340 secs] [Times: user=0.62 sys=0.00, real=0.09 secs] 
32474.167: [GC 32474.167: [ParNew: 2388387K->130252K(2534400K), 0.1080180 secs] 7159862K->4904023K(10982400K), 0.1091300 secs] [Times: user=0.50 sys=0.00, real=0.11 secs] 
32475.130: [GC 32475.130: [ParNew: 2383052K->98431K(2534400K), 0.0772750 secs] 7156823K->4873882K(10982400K), 0.0783480 secs] [Times: user=0.58 sys=0.01, real=0.08 secs] 
32476.009: [GC 32476.010: [ParNew: 2351231K->98652K(2534400K), 0.0868110 secs] 7126682K->4876636K(10982400K), 0.0879690 secs] [Times: user=0.47 sys=0.00, real=0.09 secs] 
32476.991: [GC 32476.991: [ParNew: 2351452K->115434K(2534400K), 0.1097130 secs] 7129436K->4895633K(10982400K), 0.1107830 secs] [Times: user=0.49 sys=0.01, real=0.11 secs] 
32477.817: [GC 32477.818: [ParNew: 2368234K->68053K(2534400K), 0.0735330 secs] 7148433K->4851937K(10982400K), 0.0746540 secs] [Times: user=0.45 sys=0.01, real=0.07 secs] 
32478.693: [GC 32478.693: [ParNew: 2320853K->62051K(2534400K), 0.0572980 secs] 7104737K->4847172K(10982400K), 0.0583780 secs] [Times: user=0.44 sys=0.01, real=0.06 secs] 
32479.342: [GC 32479.342: [ParNew: 2314851K->99567K(2534400K), 0.0614970 secs] 7099972K->4887356K(10982400K), 0.0625520 secs] [Times: user=0.63 sys=0.00, real=0.06 secs] 
32479.939: [GC 32479.939: [ParNew: 2351797K->89823K(2534400K), 0.0501350 secs] 7139586K->4879754K(10982400K), 0.0512140 secs] [Times: user=0.56 sys=0.00, real=0.05 secs] 
32480.601: [GC 32480.602: [ParNew: 2342623K->68193K(2534400K), 0.0526580 secs] 7132554K->4862570K(10982400K), 0.0537270 secs] [Times: user=0.47 sys=0.00, real=0.06 secs] 
32481.245: [GC 32481.245: [ParNew: 2320993K->51074K(2534400K), 0.0454140 secs] 7115370K->4846530K(10982400K), 0.0463480 secs] [Times: user=0.45 sys=0.00, real=0.04 secs] 
32481.898: [GC 32481.899: [ParNew: 2303874K->45284K(2534400K), 0.0424740 secs] 7099330K->4841472K(10982400K), 0.0434080 secs] [Times: user=0.43 sys=0.00, real=0.04 secs] 
32482.604: [GC 32482.605: [ParNew: 2298084K->51946K(2534400K), 0.0457410 secs] 7094272K->4849638K(10982400K), 0.0468310 secs] [Times: user=0.45 sys=0.00, real=0.05 secs] 
32483.201: [GC 32483.201: [ParNew: 2304746K->48413K(2534400K), 0.0408240 secs] 7102438K->4846518K(10982400K), 0.0417350 secs] [Times: user=0.45 sys=0.00, real=0.04 secs] 
32483.820: [GC 32483.821: [ParNew: 2301213K->39569K(2534400K), 0.0445310 secs] 7099318K->4838512K(10982400K), 0.0455070 secs] [Times: user=0.40 sys=0.00, real=0.05 secs] 
32484.265: [GC 32484.265: [ParNew: 2292369K->29164K(2534400K), 0.0361020 secs] 7091312K->4828386K(10982400K), 0.0370780 secs] [Times: user=0.35 sys=0.01, real=0.04 secs] 
32484.651: [GC 32484.651: [ParNew: 2281964K->36500K(2534400K), 0.0443610 secs] 7081186K->4839092K(10982400K), 0.0452370 secs] [Times: user=0.44 sys=0.00, real=0.05 secs] 
32485.046: [GC 32485.046: [ParNew: 2289300K->32380K(2534400K), 0.0353460 secs] 7091892K->4835921K(10982400K), 0.0362000 secs] [Times: user=0.35 sys=0.01, real=0.03 secs] 
32485.460: [GC 32485.461: [ParNew: 2283828K->39508K(2534400K), 0.0357580 secs] 7087369K->4843792K(10982400K), 0.0366540 secs] [Times: user=0.41 sys=0.01, real=0.04 secs] 
32485.858: [GC 32485.859: [ParNew: 2292308K->42992K(2534400K), 0.0350730 secs] 7096592K->4847656K(10982400K), 0.0359600 secs] [Times: user=0.40 sys=0.00, real=0.03 secs] 
32486.284: [GC 32486.285: [ParNew: 2295792K->51200K(2534400K), 0.0383010 secs] 7100456K->4857018K(10982400K), 0.0392090 secs] [Times: user=0.47 sys=0.00, real=0.04 secs] 
32486.718: [GC 32486.719: [ParNew: 2304000K->107610K(2534400K), 0.0436360 secs] 7109818K->4914345K(10982400K), 0.0445120 secs] [Times: user=0.65 sys=0.01, real=0.04 secs] 
32487.114: [GC 32487.115: [ParNew: 2360410K->133363K(2534400K), 0.0445150 secs] 7167145K->4941016K(10982400K), 0.0454050 secs] [Times: user=0.62 sys=0.00, real=0.05 secs] 
32487.542: [GC 32487.543: [ParNew: 2386163K->85488K(2534400K), 0.0395080 secs] 7193815K->4897550K(10982400K), 0.0403880 secs] [Times: user=0.42 sys=0.01, real=0.04 secs] 
32487.984: [GC 32487.985: [ParNew: 2338288K->34429K(2534400K), 0.0349890 secs] 7150350K->4848591K(10982400K), 0.0359490 secs] [Times: user=0.40 sys=0.00, real=0.04 secs] 
32488.571: [GC 32488.571: [ParNew: 2287229K->53965K(2534400K), 0.0578370 secs] 7101391K->4870111K(10982400K), 0.0588560 secs] [Times: user=0.47 sys=0.00, real=0.06 secs] 
32489.588: [GC 32489.588: [ParNew: 2306765K->75676K(2534400K), 0.0738290 secs] 7122911K->4893884K(10982400K), 0.0747690 secs] [Times: user=0.45 sys=0.01, real=0.07 secs] 
32490.727: [GC 32490.728: [ParNew: 2324439K->53589K(2534400K), 0.0552390 secs] 7142647K->4872494K(10982400K), 0.0561740 secs] [Times: user=0.44 sys=0.00, real=0.05 secs] 
32491.522: [GC 32491.522: [ParNew: 2296261K->115659K(2534400K), 0.0460670 secs] 7115166K->4935215K(10982400K), 0.0470090 secs] [Times: user=0.60 sys=0.00, real=0.05 secs] 
32492.307: [GC 32492.308: [ParNew: 2368459K->92721K(2534400K), 0.0514170 secs] 7188015K->4914554K(10982400K), 0.0523670 secs] [Times: user=0.51 sys=0.00, real=0.05 secs] 
32493.232: [GC 32493.232: [ParNew: 2345521K->80250K(2534400K), 0.0529030 secs] 7167354K->4905538K(10982400K), 0.0538390 secs] [Times: user=0.59 sys=0.00, real=0.05 secs] 
32494.301: [GC 32494.301: [ParNew: 2333050K->70215K(2534400K), 0.0503940 secs] 7158338K->4896300K(10982400K), 0.0513360 secs] [Times: user=0.40 sys=0.00, real=0.05 secs] 
32495.129: [GC 32495.129: [ParNew: 2323015K->44469K(2534400K), 0.0463380 secs] 7149100K->4871578K(10982400K), 0.0473990 secs] [Times: user=0.46 sys=0.01, real=0.04 secs] 
32495.916: [GC 32495.916: [ParNew: 2297269K->90993K(2534400K), 0.0565510 secs] 7124378K->4919017K(10982400K), 0.0576160 secs] [Times: user=0.55 sys=0.00, real=0.06 secs] 
32496.577: [GC 32496.578: [ParNew: 2343824K->75261K(2534400K), 0.0559060 secs] 7171849K->4904992K(10982400K), 0.0569610 secs] [Times: user=0.39 sys=0.00, real=0.06 secs] 
32496.638: [GC 32496.638: [ParNew: 75854K->65864K(2534400K), 0.0235760 secs] 4905585K->4896352K(10982400K), 0.0243510 secs] [Times: user=0.47 sys=0.01, real=0.02 secs] 
32497.401: [GC 32497.402: [ParNew: 2318664K->95889K(2534400K), 0.0881190 secs] 7149152K->4934399K(10982400K), 0.0891410 secs] [Times: user=0.47 sys=0.00, real=0.09 secs] 
32498.271: [GC 32498.272: [ParNew: 2348689K->69105K(2534400K), 0.0630110 secs] 7187199K->4911588K(10982400K), 0.0639730 secs] [Times: user=0.47 sys=0.00, real=0.06 secs] 
32499.044: [GC 32499.044: [ParNew: 2321905K->108835K(2534400K), 0.0672640 secs] 7164388K->4954437K(10982400K), 0.0682250 secs] [Times: user=0.62 sys=0.01, real=0.07 secs] 
32499.796: [GC 32499.797: [ParNew: 2361635K->119957K(2534400K), 0.0536400 secs] 7207237K->4965559K(10982400K), 0.0545910 secs] [Times: user=0.55 sys=0.00, real=0.06 secs] 
32500.548: [GC 32500.548: [ParNew: 2372757K->84129K(2534400K), 0.0523530 secs] 7218359K->4936365K(10982400K), 0.0532890 secs] [Times: user=0.39 sys=0.00, real=0.05 secs] 
32501.201: [GC 32501.201: [ParNew: 2336929K->66180K(2534400K), 0.0545960 secs] 7189165K->4921676K(10982400K), 0.0555140 secs] [Times: user=0.48 sys=0.01, real=0.05 secs] 
32501.767: [GC 32501.767: [ParNew: 2316738K->41180K(2534400K), 0.0348690 secs] 7172233K->4897099K(10982400K), 0.0359080 secs] [Times: user=0.41 sys=0.00, real=0.04 secs] 
32502.246: [GC 32502.246: [ParNew: 2293980K->47089K(2534400K), 0.0381070 secs] 7149899K->4904375K(10982400K), 0.0390170 secs] [Times: user=0.46 sys=0.01, real=0.04 secs] 
32502.656: [GC 32502.657: [ParNew: 2299889K->62929K(2534400K), 0.0462300 secs] 7157175K->4923329K(10982400K), 0.0472070 secs] [Times: user=0.54 sys=0.00, real=0.05 secs] 
32503.097: [GC 32503.098: [ParNew: 2315729K->89178K(2534400K), 0.0422970 secs] 7176129K->4952783K(10982400K), 0.0433510 secs] [Times: user=0.54 sys=0.00, real=0.05 secs] 
32503.615: [GC 32503.615: [ParNew: 2341978K->152908K(2534400K), 0.0689350 secs] 7205583K->5017471K(10982400K), 0.0698810 secs] [Times: user=0.79 sys=0.00, real=0.07 secs] 
32504.269: [GC 32504.270: [ParNew: 2405708K->99615K(2534400K), 0.0459020 secs] 7270271K->4965981K(10982400K), 0.0469630 secs] [Times: user=0.54 sys=0.00, real=0.04 secs] 
32504.828: [GC 32504.828: [ParNew: 2352415K->112610K(2534400K), 0.0470250 secs] 7218781K->4985726K(10982400K), 0.0479820 secs] [Times: user=0.66 sys=0.00, real=0.05 secs] 
32505.510: [GC 32505.511: [ParNew: 2365410K->96540K(2534400K), 0.0503570 secs] 7238526K->4976328K(10982400K), 0.0514040 secs] [Times: user=0.59 sys=0.00, real=0.05 secs] 
32506.222: [GC 32506.223: [ParNew: 2349340K->120912K(2534400K), 0.0552250 secs] 7229128K->5009940K(10982400K), 0.0563060 secs] [Times: user=0.61 sys=0.01, real=0.05 secs] 
32506.970: [GC 32506.970: [ParNew: 2373686K->95741K(2534400K), 0.0616020 secs] 7262714K->4992144K(10982400K), 0.0626790 secs] [Times: user=0.56 sys=0.01, real=0.06 secs] 
32507.805: [GC 32507.806: [ParNew: 2348541K->70897K(2534400K), 0.0571310 secs] 7244944K->4978753K(10982400K), 0.0582210 secs] [Times: user=0.54 sys=0.00, real=0.06 secs] 
32508.483: [GC 32508.484: [ParNew: 2323697K->55200K(2534400K), 0.0513970 secs] 7231553K->4973256K(10982400K), 0.0524270 secs] [Times: user=0.55 sys=0.00, real=0.05 secs] 
32509.117: [GC 32509.117: [ParNew: 2308000K->80514K(2534400K), 0.0525660 secs] 7226056K->5001173K(10982400K), 0.0536180 secs] [Times: user=0.61 sys=0.00, real=0.06 secs] 
32509.839: [GC 32509.840: [ParNew: 2333314K->77041K(2534400K), 0.0628830 secs] 7253973K->5001177K(10982400K), 0.0640140 secs] [Times: user=0.45 sys=0.01, real=0.07 secs] 
32510.876: [GC 32510.876: [ParNew: 2329841K->146354K(2534400K), 0.0775320 secs] 7253977K->5071063K(10982400K), 0.0783230 secs] [Times: user=0.83 sys=0.01, real=0.08 secs] 
32511.975: [GC 32511.975: [ParNew: 2399154K->103227K(2534400K), 0.0583740 secs] 7323863K->5028636K(10982400K), 0.0592670 secs] [Times: user=0.47 sys=0.00, real=0.06 secs] 
32513.102: [GC 32513.103: [ParNew: 2356047K->68129K(2534400K), 0.0593410 secs] 7281457K->4994365K(10982400K), 0.0602020 secs] [Times: user=0.44 sys=0.00, real=0.06 secs] 
32513.166: [GC 32513.166: [ParNew: 68302K->69894K(2534400K), 0.0229160 secs] 4994538K->4997152K(10982400K), 0.0235620 secs] [Times: user=0.45 sys=0.00, real=0.02 secs] 
32514.474: [GC 32514.475: [ParNew: 2322694K->75940K(2534400K), 0.0639270 secs] 7249952K->5009120K(10982400K), 0.0649800 secs] [Times: user=0.52 sys=0.01, real=0.06 secs] 
32515.688: [GC 32515.689: [ParNew: 2328740K->107747K(2534400K), 0.0562700 secs] 7261920K->5041525K(10982400K), 0.0571560 secs] [Times: user=0.60 sys=0.00, real=0.06 secs] 
32517.311: [GC 32517.311: [ParNew: 2360547K->79304K(2534400K), 0.0539440 secs] 7294325K->5015004K(10982400K), 0.0548440 secs] [Times: user=0.38 sys=0.00, real=0.05 secs] 
32518.808: [GC 32518.808: [ParNew: 2332104K->44332K(2534400K), 0.0458790 secs] 7267804K->4980032K(10982400K), 0.0467840 secs] [Times: user=0.42 sys=0.00, real=0.05 secs] 
32520.307: [GC 32520.308: [ParNew: 2297132K->65161K(2534400K), 0.0509140 secs] 7232832K->5002268K(10982400K), 0.0518320 secs] [Times: user=0.53 sys=0.00, real=0.05 secs] 
32522.020: [GC 32522.021: [ParNew: 2317961K->50675K(2534400K), 0.0496620 secs] 7255068K->4990927K(10982400K), 0.0505860 secs] [Times: user=0.43 sys=0.00, real=0.05 secs] 
32523.580: [GC 32523.581: [ParNew: 2303475K->33943K(2534400K), 0.0466650 secs] 7243727K->4977652K(10982400K), 0.0474600 secs] [Times: user=0.43 sys=0.00, real=0.05 secs] 
32524.940: [GC 32524.941: [ParNew: 2286743K->62667K(2534400K), 0.0445020 secs] 7230452K->5007875K(10982400K), 0.0452990 secs] [Times: user=0.49 sys=0.00, real=0.05 secs] 
32526.718: [GC 32526.719: [ParNew: 2315467K->58893K(2534400K), 0.0554830 secs] 7260675K->5004822K(10982400K), 0.0563620 secs] [Times: user=0.41 sys=0.01, real=0.06 secs] 
32528.172: [GC 32528.172: [ParNew: 2311693K->46371K(2534400K), 0.0446320 secs] 7257622K->4992739K(10982400K), 0.0454270 secs] [Times: user=0.44 sys=0.01, real=0.05 secs] 
32530.014: [GC 32530.015: [ParNew: 2299171K->71335K(2534400K), 0.0553410 secs] 7245539K->5020908K(10982400K), 0.0561380 secs] [Times: user=0.51 sys=0.01, real=0.05 secs] 
32532.031: [GC 32532.032: [ParNew: 2324135K->53780K(2534400K), 0.0525540 secs] 7273708K->5007936K(10982400K), 0.0535250 secs] [Times: user=0.42 sys=0.01, real=0.06 secs] 
32533.329: [GC 32533.330: [ParNew: 2306580K->61574K(2534400K), 0.0618340 secs] 7260736K->5017824K(10982400K), 0.0629200 secs] [Times: user=0.44 sys=0.00, real=0.06 secs] 
32534.935: [GC 32534.936: [ParNew: 2314374K->62236K(2534400K), 0.0597810 secs] 7270624K->5020475K(10982400K), 0.0608820 secs] [Times: user=0.48 sys=0.00, real=0.06 secs] 
32536.796: [GC 32536.796: [ParNew: 2315036K->56885K(2534400K), 0.0544860 secs] 7273275K->5017264K(10982400K), 0.0555830 secs] [Times: user=0.48 sys=0.01, real=0.05 secs] 
32538.381: [GC 32538.381: [ParNew: 2309685K->69193K(2534400K), 0.0647700 secs] 7270064K->5032726K(10982400K), 0.0658100 secs] [Times: user=0.47 sys=0.00, real=0.07 secs] 
32539.387: [GC 32539.388: [ParNew: 2321993K->96656K(2534400K), 0.0623680 secs] 7285526K->5067903K(10982400K), 0.0632890 secs] [Times: user=0.52 sys=0.01, real=0.06 secs] 
32540.570: [GC 32540.571: [ParNew: 2349498K->109190K(2534400K), 0.0635010 secs] 7320746K->5081799K(10982400K), 0.0644150 secs] [Times: user=0.53 sys=0.00, real=0.07 secs] 
32540.639: [GC 32540.639: [ParNew: 110979K->108119K(2534400K), 0.0292650 secs] 5083588K->5087616K(10982400K), 0.0299550 secs] [Times: user=0.51 sys=0.00, real=0.03 secs] 
32541.805: [GC 32541.806: [ParNew: 2360919K->99899K(2534400K), 0.0662010 secs] 7340416K->5082291K(10982400K), 0.0671540 secs] [Times: user=0.45 sys=0.01, real=0.06 secs] 
32543.044: [GC 32543.044: [ParNew: 2352699K->57174K(2534400K), 0.0582050 secs] 7335091K->5041148K(10982400K), 0.0591440 secs] [Times: user=0.44 sys=0.00, real=0.06 secs] 
32544.089: [GC 32544.090: [ParNew: 2309974K->89913K(2534400K), 0.0651650 secs] 7293948K->5076215K(10982400K), 0.0661060 secs] [Times: user=0.59 sys=0.01, real=0.07 secs] 
32545.437: [GC 32545.438: [ParNew: 2342713K->63836K(2534400K), 0.0500300 secs] 7329015K->5050139K(10982400K), 0.0509230 secs] [Times: user=0.44 sys=0.00, real=0.05 secs] 
32547.341: [GC 32547.342: [ParNew: 2316636K->66336K(2534400K), 0.0507790 secs] 7302939K->5054796K(10982400K), 0.0516520 secs] [Times: user=0.46 sys=0.01, real=0.05 secs] 
32549.073: [GC 32549.074: [ParNew: 2319136K->105278K(2534400K), 0.0583840 secs] 7307596K->5098387K(10982400K), 0.0592600 secs] [Times: user=0.66 sys=0.00, real=0.06 secs] 
32550.407: [GC 32550.407: [ParNew: 2358078K->121436K(2534400K), 0.0625420 secs] 7351187K->5122402K(10982400K), 0.0634160 secs] [Times: user=0.71 sys=0.00, real=0.06 secs] 
32551.274: [GC 32551.275: [ParNew: 2374236K->80858K(2534400K), 0.0357630 secs] 7375202K->5083834K(10982400K), 0.0366110 secs] [Times: user=0.40 sys=0.01, real=0.04 secs] 
32552.035: [GC 32552.036: [ParNew: 2333658K->107587K(2534400K), 0.0459730 secs] 7336634K->5113372K(10982400K), 0.0468530 secs] [Times: user=0.64 sys=0.01, real=0.05 secs] 
32552.857: [GC 32552.857: [ParNew: 2360387K->92974K(2534400K), 0.0396520 secs] 7366172K->5101259K(10982400K), 0.0404920 secs] [Times: user=0.50 sys=0.00, real=0.04 secs] 
32553.626: [GC 32553.627: [ParNew: 2345774K->67409K(2534400K), 0.0390320 secs] 7354059K->5079528K(10982400K), 0.0398710 secs] [Times: user=0.47 sys=0.00, real=0.04 secs] 
32554.978: [GC 32554.978: [ParNew: 2320209K->52966K(2534400K), 0.0393800 secs] 7332328K->5066328K(10982400K), 0.0402180 secs] [Times: user=0.36 sys=0.00, real=0.04 secs] 
32556.467: [GC 32556.468: [ParNew: 2305766K->56214K(2534400K), 0.0539490 secs] 7319128K->5070511K(10982400K), 0.0547420 secs] [Times: user=0.48 sys=0.00, real=0.05 secs] 
32557.632: [GC 32557.633: [ParNew: 2309014K->93824K(2534400K), 0.0644500 secs] 7323311K->5108486K(10982400K), 0.0655590 secs] [Times: user=0.59 sys=0.00, real=0.07 secs] 
32558.771: [GC 32558.772: [ParNew: 2346624K->70036K(2534400K), 0.0459540 secs] 7361286K->5085615K(10982400K), 0.0469730 secs] [Times: user=0.46 sys=0.01, real=0.05 secs] 
32560.217: [GC 32560.218: [ParNew: 2322836K->62626K(2534400K), 0.0484780 secs] 7338415K->5081059K(10982400K), 0.0495770 secs] [Times: user=0.47 sys=0.01, real=0.05 secs] 
32561.183: [GC 32561.184: [ParNew: 2315426K->68283K(2534400K), 0.0411480 secs] 7333859K->5088852K(10982400K), 0.0422270 secs] [Times: user=0.53 sys=0.00, real=0.04 secs] 
32562.606: [GC 32562.607: [ParNew: 2321095K->58445K(2534400K), 0.0500940 secs] 7341664K->5082904K(10982400K), 0.0511450 secs] [Times: user=0.44 sys=0.01, real=0.05 secs] 
32562.661: [GC 32562.661: [ParNew: 59207K->43371K(2534400K), 0.0224450 secs] 5083667K->5073190K(10982400K), 0.0232050 secs] [Times: user=0.38 sys=0.00, real=0.02 secs] 
32564.039: [GC 32564.039: [ParNew: 2296171K->76024K(2534400K), 0.0599470 secs] 7325990K->5109136K(10982400K), 0.0609320 secs] [Times: user=0.57 sys=0.01, real=0.06 secs] 
32565.306: [GC 32565.307: [ParNew: 2328824K->57540K(2534400K), 0.0514330 secs] 7361936K->5092774K(10982400K), 0.0523820 secs] [Times: user=0.41 sys=0.01, real=0.06 secs] 
32566.679: [GC 32566.680: [ParNew: 2310340K->52504K(2534400K), 0.0555010 secs] 7345574K->5088620K(10982400K), 0.0564530 secs] [Times: user=0.48 sys=0.00, real=0.05 secs] 
32568.528: [GC 32568.529: [ParNew: 2305304K->50403K(2534400K), 0.0501400 secs] 7341420K->5086520K(10982400K), 0.0511090 secs] [Times: user=0.43 sys=0.01, real=0.06 secs] 
32569.929: [GC 32569.930: [ParNew: 2303203K->47622K(2534400K), 0.0531670 secs] 7339320K->5084969K(10982400K), 0.0541900 secs] [Times: user=0.43 sys=0.01, real=0.05 secs] 
32571.361: [GC 32571.362: [ParNew: 2300422K->47056K(2534400K), 0.0593000 secs] 7337769K->5086187K(10982400K), 0.0603470 secs] [Times: user=0.42 sys=0.00, real=0.06 secs] 
32572.678: [GC 32572.679: [ParNew: 2299885K->49935K(2534400K), 0.0673000 secs] 7339016K->5094426K(10982400K), 0.0687190 secs] [Times: user=0.48 sys=0.00, real=0.07 secs] 
32572.751: [GC 32572.751: [ParNew: 50071K->47605K(2534400K), 0.0232830 secs] 5094562K->5093390K(10982400K), 0.0240530 secs] [Times: user=0.42 sys=0.00, real=0.02 secs] 
32573.956: [GC 32573.956: [ParNew: 2300405K->48649K(2534400K), 0.0539340 secs] 7346190K->5096685K(10982400K), 0.0550420 secs] [Times: user=0.41 sys=0.00, real=0.06 secs] 
32575.047: [GC 32575.048: [ParNew: 2301449K->79541K(2534400K), 0.0702220 secs] 7349485K->5128335K(10982400K), 0.0714580 secs] [Times: user=0.50 sys=0.00, real=0.07 secs] 
32576.121: [GC 32576.121: [ParNew: 2332291K->56492K(2534400K), 0.0559260 secs] 7381085K->5106090K(10982400K), 0.0569610 secs] [Times: user=0.37 sys=0.00, real=0.05 secs] 
32577.181: [GC 32577.181: [ParNew: 2309292K->61181K(2534400K), 0.0701490 secs] 7358890K->5110779K(10982400K), 0.0711420 secs] [Times: user=0.49 sys=0.00, real=0.07 secs] 
32578.183: [GC 32578.184: [ParNew: 2313981K->57151K(2534400K), 0.0515420 secs] 7363579K->5107669K(10982400K), 0.0526520 secs] [Times: user=0.45 sys=0.00, real=0.05 secs] 
32578.995: [GC 32578.996: [ParNew: 2309951K->38786K(2534400K), 0.0399990 secs] 7360469K->5092557K(10982400K), 0.0409250 secs] [Times: user=0.38 sys=0.01, real=0.04 secs] 
32579.870: [GC 32579.871: [ParNew: 2291586K->49832K(2534400K), 0.0428460 secs] 7345357K->5104926K(10982400K), 0.0437870 secs] [Times: user=0.46 sys=0.00, real=0.04 secs] 
32580.661: [GC 32580.662: [ParNew: 2302632K->42457K(2534400K), 0.0396440 secs] 7357726K->5100593K(10982400K), 0.0405990 secs] [Times: user=0.36 sys=0.01, real=0.04 secs] 
32581.808: [GC 32581.808: [ParNew: 2295257K->58622K(2534400K), 0.0669730 secs] 7353393K->5117909K(10982400K), 0.0679020 secs] [Times: user=0.47 sys=0.00, real=0.07 secs] 
32583.175: [GC 32583.176: [ParNew: 2311422K->80125K(2534400K), 0.0794590 secs] 7370709K->5140279K(10982400K), 0.0804240 secs] [Times: user=0.52 sys=0.00, real=0.08 secs] 
32584.607: [GC 32584.607: [ParNew: 2332945K->83866K(2534400K), 0.0600740 secs] 7393099K->5144946K(10982400K), 0.0611440 secs] [Times: user=0.49 sys=0.01, real=0.06 secs] 
32584.672: [GC 32584.672: [ParNew: 84361K->102021K(2534400K), 0.0245920 secs] 5145441K->5164520K(10982400K), 0.0253900 secs] [Times: user=0.51 sys=0.00, real=0.02 secs] 
32585.696: [GC 32585.697: [ParNew: 2354821K->95015K(2534400K), 0.0539110 secs] 7417320K->5158803K(10982400K), 0.0549900 secs] [Times: user=0.50 sys=0.00, real=0.06 secs] 
32587.176: [GC 32587.177: [ParNew: 2347815K->73707K(2534400K), 0.0562940 secs] 7411603K->5140390K(10982400K), 0.0574270 secs] [Times: user=0.42 sys=0.00, real=0.06 secs] 
32588.480: [GC 32588.481: [ParNew: 2326507K->61668K(2534400K), 0.0579950 secs] 7393190K->5132152K(10982400K), 0.0589400 secs] [Times: user=0.47 sys=0.01, real=0.06 secs] 
32588.542: [GC [1 CMS-initial-mark: 5070484K(8448000K)] 5132260K(10982400K), 0.0778760 secs] [Times: user=0.08 sys=0.00, real=0.07 secs] 
32589.515: [GC 32589.516: [ParNew: 2314468K->78983K(2534400K), 0.0570210 secs] 7384952K->5149467K(10982400K), 0.0579560 secs] [Times: user=0.51 sys=0.00, real=0.06 secs] 
32590.437: [GC 32590.438: [ParNew: 2331783K->58044K(2534400K), 0.0551980 secs] 7402267K->5133409K(10982400K), 0.0561210 secs] [Times: user=0.48 sys=0.01, real=0.06 secs] 
32591.432: [GC 32591.432: [ParNew: 2310844K->42951K(2534400K), 0.0457910 secs] 7386209K->5119982K(10982400K), 0.0467380 secs] [Times: user=0.46 sys=0.00, real=0.04 secs] 
32592.201: [GC[YG occupancy: 1400903 K (2534400 K)]32592.202: [Rescan (parallel) , 0.4489360 secs]32592.651: [weak refs processing, 0.1020490 secs] [1 CMS-remark: 5077030K(8448000K)] 6477934K(10982400K), 0.5528050 secs] [Times: user=9.23 sys=0.03, real=0.56 secs] 
32593.081: [GC 32593.081: [ParNew: 2295751K->62534K(2534400K), 0.0634160 secs] 7345453K->5114150K(10982400K), 0.0645200 secs] [Times: user=0.48 sys=0.01, real=0.07 secs] 
32593.995: [GC 32593.995: [ParNew: 2315334K->73160K(2534400K), 0.0429640 secs] 7268290K->5027085K(10982400K), 0.0439090 secs] [Times: user=0.49 sys=0.00, real=0.04 secs] 
32595.541: [GC 32595.542: [ParNew: 2325960K->56493K(2534400K), 0.0444940 secs] 7132560K->4863746K(10982400K), 0.0454530 secs] [Times: user=0.42 sys=0.00, real=0.05 secs] 
32596.944: [GC 32596.945: [ParNew: 2309293K->55492K(2534400K), 0.0459870 secs] 6913447K->4660659K(10982400K), 0.0470660 secs] [Times: user=0.46 sys=0.00, real=0.04 secs] 
32598.398: [GC 32598.399: [ParNew: 2308292K->44238K(2534400K), 0.0479160 secs] 6616407K->4356577K(10982400K), 0.0490100 secs] [Times: user=0.43 sys=0.01, real=0.05 secs] 
32600.109: [GC 32600.109: [ParNew: 2297038K->38005K(2534400K), 0.0489570 secs] 6609377K->4353093K(10982400K), 0.0500650 secs] [Times: user=0.42 sys=0.00, real=0.05 secs] 
32601.731: [GC 32601.732: [ParNew: 2290805K->45197K(2534400K), 0.0468530 secs] 6605893K->4361357K(10982400K), 0.0478710 secs] [Times: user=0.42 sys=0.00, real=0.05 secs] 
32603.479: [GC 32603.480: [ParNew: 2297997K->45310K(2534400K), 0.0504940 secs] 6614157K->4363187K(10982400K), 0.0516280 secs] [Times: user=0.43 sys=0.00, real=0.05 secs] 
32604.991: [GC 32604.991: [ParNew: 2298110K->55075K(2534400K), 0.0474920 secs] 6615987K->4373732K(10982400K), 0.0485770 secs] [Times: user=0.44 sys=0.00, real=0.05 secs] 
32606.509: [GC 32606.510: [ParNew: 2307875K->87447K(2534400K), 0.0497080 secs] 6626532K->4407595K(10982400K), 0.0508120 secs] [Times: user=0.53 sys=0.00, real=0.05 secs] 
32608.398: [GC 32608.399: [ParNew: 2340247K->78967K(2534400K), 0.0542140 secs] 6660395K->4400809K(10982400K), 0.0553140 secs] [Times: user=0.48 sys=0.00, real=0.05 secs] 
32610.159: [GC 32610.159: [ParNew: 2331767K->99291K(2534400K), 0.0726760 secs] 6653609K->4423187K(10982400K), 0.0736470 secs] [Times: user=0.63 sys=0.00, real=0.07 secs] 
32611.311: [GC 32611.312: [ParNew: 2352091K->82838K(2534400K), 0.0648350 secs] 6675987K->4409776K(10982400K), 0.0659410 secs] [Times: user=0.54 sys=0.01, real=0.07 secs] 
32612.656: [GC 32612.657: [ParNew: 2335638K->74223K(2534400K), 0.0696800 secs] 6662576K->4407094K(10982400K), 0.0707830 secs] [Times: user=0.56 sys=0.01, real=0.07 secs] 
32613.821: [GC 32613.822: [ParNew: 2327023K->69173K(2534400K), 0.0636770 secs] 6659894K->4411569K(10982400K), 0.0646420 secs] [Times: user=0.52 sys=0.00, real=0.07 secs] 
32615.122: [GC 32615.123: [ParNew: 2321973K->52216K(2534400K), 0.0567670 secs] 6664369K->4400723K(10982400K), 0.0578470 secs] [Times: user=0.40 sys=0.00, real=0.06 secs] 
32616.406: [GC 32616.407: [ParNew: 2305016K->70768K(2534400K), 0.0658600 secs] 6653523K->4420600K(10982400K), 0.0668860 secs] [Times: user=0.48 sys=0.01, real=0.06 secs] 
32617.522: [GC 32617.523: [ParNew: 2323568K->83682K(2534400K), 0.0718560 secs] 6673400K->4434176K(10982400K), 0.0728590 secs] [Times: user=0.53 sys=0.01, real=0.07 secs] 
32618.973: [GC 32618.974: [ParNew: 2336514K->98647K(2534400K), 0.0794050 secs] 6687008K->4449704K(10982400K), 0.0801830 secs] [Times: user=0.58 sys=0.00, real=0.08 secs] 
32619.056: [GC 32619.057: [ParNew: 99213K->97049K(2534400K), 0.0283230 secs] 4450269K->4449950K(10982400K), 0.0289060 secs] [Times: user=0.59 sys=0.00, real=0.03 secs] 
32620.113: [GC 32620.114: [ParNew: 2349849K->99748K(2534400K), 0.0589180 secs] 6702750K->4455427K(10982400K), 0.0597060 secs] [Times: user=0.51 sys=0.00, real=0.06 secs] 
32621.519: [GC 32621.520: [ParNew: 2352548K->120933K(2534400K), 0.0651010 secs] 6708227K->4477664K(10982400K), 0.0659090 secs] [Times: user=0.58 sys=0.01, real=0.06 secs] 
32622.759: [GC 32622.759: [ParNew: 2373733K->89564K(2534400K), 0.0634900 secs] 6730464K->4453967K(10982400K), 0.0642820 secs] [Times: user=0.53 sys=0.00, real=0.06 secs] 
32624.309: [GC 32624.310: [ParNew: 2342364K->84849K(2534400K), 0.0688310 secs] 6706767K->4449251K(10982400K), 0.0697150 secs] [Times: user=0.54 sys=0.00, real=0.07 secs] 
32625.418: [GC 32625.419: [ParNew: 2337649K->86458K(2534400K), 0.0709110 secs] 6702051K->4452183K(10982400K), 0.0717810 secs] [Times: user=0.48 sys=0.00, real=0.07 secs] 
32626.870: [GC 32626.870: [ParNew: 2339295K->85266K(2534400K), 0.0724350 secs] 6705019K->4452604K(10982400K), 0.0732730 secs] [Times: user=0.48 sys=0.00, real=0.07 secs] 
32626.947: [GC 32626.947: [ParNew: 85957K->82102K(2534400K), 0.0237560 secs] 4453295K->4452615K(10982400K), 0.0243850 secs] [Times: user=0.45 sys=0.00, real=0.03 secs] 
32628.553: [GC 32628.554: [ParNew: 2334902K->91787K(2534400K), 0.0707180 secs] 6705415K->4464207K(10982400K), 0.0715720 secs] [Times: user=0.47 sys=0.00, real=0.07 secs] 
32629.632: [GC 32629.632: [ParNew: 2344587K->111908K(2534400K), 0.0804090 secs] 6717007K->4487358K(10982400K), 0.0812430 secs] [Times: user=0.48 sys=0.00, real=0.08 secs] 
32630.911: [GC 32630.912: [ParNew: 2364708K->98032K(2534400K), 0.0652970 secs] 6740158K->4479132K(10982400K), 0.0661550 secs] [Times: user=0.50 sys=0.00, real=0.06 secs] 
32632.300: [GC 32632.301: [ParNew: 2350832K->115301K(2534400K), 0.0953570 secs] 6731932K->4496401K(10982400K), 0.0961860 secs] [Times: user=0.56 sys=0.00, real=0.09 secs] 
32633.436: [GC 32633.437: [ParNew: 2368101K->108792K(2534400K), 0.0915190 secs] 6749201K->4492937K(10982400K), 0.0923860 secs] [Times: user=0.50 sys=0.01, real=0.10 secs] 
32634.881: [GC 32634.881: [ParNew: 2361592K->111710K(2534400K), 0.0818230 secs] 6745737K->4496790K(10982400K), 0.0826920 secs] [Times: user=0.55 sys=0.00, real=0.08 secs] 
32636.334: [GC 32636.335: [ParNew: 2364510K->141092K(2534400K), 0.0939640 secs] 6749590K->4527306K(10982400K), 0.0948120 secs] [Times: user=0.56 sys=0.00, real=0.10 secs] 
32637.541: [GC 32637.542: [ParNew: 2393892K->139732K(2534400K), 0.0990610 secs] 6780106K->4538028K(10982400K), 0.1001460 secs] [Times: user=0.63 sys=0.01, real=0.10 secs] 
32638.652: [GC 32638.653: [ParNew: 2392532K->99573K(2534400K), 0.0765400 secs] 6790828K->4499415K(10982400K), 0.0776720 secs] [Times: user=0.47 sys=0.01, real=0.08 secs] 
32639.873: [GC 32639.874: [ParNew: 2352373K->56900K(2534400K), 0.0665250 secs] 6752215K->4459332K(10982400K), 0.0675500 secs] [Times: user=0.49 sys=0.01, real=0.07 secs] 
32641.213: [GC 32641.213: [ParNew: 2309700K->81674K(2534400K), 0.0918260 secs] 6712132K->4486176K(10982400K), 0.0928510 secs] [Times: user=0.52 sys=0.01, real=0.09 secs] 
32642.519: [GC 32642.520: [ParNew: 2334474K->71448K(2534400K), 0.0665690 secs] 6738976K->4476837K(10982400K), 0.0675210 secs] [Times: user=0.47 sys=0.00, real=0.07 secs] 
32643.761: [GC 32643.762: [ParNew: 2324248K->69507K(2534400K), 0.0663470 secs] 6729637K->4475590K(10982400K), 0.0673130 secs] [Times: user=0.50 sys=0.01, real=0.06 secs] 
32645.217: [GC 32645.218: [ParNew: 2322301K->93748K(2534400K), 0.0767410 secs] 6728384K->4502220K(10982400K), 0.0778350 secs] [Times: user=0.54 sys=0.00, real=0.08 secs] 
32646.463: [GC 32646.463: [ParNew: 2345159K->59784K(2534400K), 0.0535580 secs] 6753632K->4469999K(10982400K), 0.0545910 secs] [Times: user=0.44 sys=0.01, real=0.05 secs] 
32647.529: [GC 32647.529: [ParNew: 2312584K->61247K(2534400K), 0.0577920 secs] 6722799K->4472410K(10982400K), 0.0588770 secs] [Times: user=0.44 sys=0.00, real=0.06 secs] 
32648.656: [GC 32648.657: [ParNew: 2314047K->69822K(2534400K), 0.0719690 secs] 6725210K->4483564K(10982400K), 0.0730940 secs] [Times: user=0.53 sys=0.00, real=0.07 secs] 
32649.706: [GC 32649.706: [ParNew: 2322622K->98791K(2534400K), 0.0800970 secs] 6736364K->4515025K(10982400K), 0.0810350 secs] [Times: user=0.51 sys=0.01, real=0.08 secs] 
32650.739: [GC 32650.739: [ParNew: 2351591K->89594K(2534400K), 0.0808810 secs] 6767825K->4507237K(10982400K), 0.0819910 secs] [Times: user=0.46 sys=0.00, real=0.09 secs] 
32651.904: [GC 32651.905: [ParNew: 2342394K->161576K(2534400K), 0.1426370 secs] 6760037K->4579649K(10982400K), 0.1435910 secs] [Times: user=0.55 sys=0.00, real=0.14 secs] 
32652.910: [GC 32652.911: [ParNew: 2414437K->179902K(2534400K), 0.1296970 secs] 6832511K->4611170K(10982400K), 0.1306160 secs] [Times: user=0.62 sys=0.01, real=0.13 secs] 
32654.208: [GC 32654.208: [ParNew: 2432702K->179850K(2534400K), 0.1460770 secs] 6863970K->4622554K(10982400K), 0.1470450 secs] [Times: user=0.55 sys=0.00, real=0.15 secs] 
32655.804: [GC 32655.805: [ParNew: 2432650K->97841K(2534400K), 0.1160920 secs] 6875354K->4548694K(10982400K), 0.1172110 secs] [Times: user=0.51 sys=0.01, real=0.11 secs] 
32657.528: [GC 32657.528: [ParNew: 2350641K->130083K(2534400K), 0.1335850 secs] 6801494K->4580935K(10982400K), 0.1347090 secs] [Times: user=0.45 sys=0.00, real=0.14 secs] 
32658.901: [GC 32658.902: [ParNew: 2382883K->191116K(2534400K), 0.1476130 secs] 6833735K->4641968K(10982400K), 0.1486470 secs] [Times: user=0.71 sys=0.01, real=0.15 secs] 
32660.039: [GC 32660.040: [ParNew: 2443896K->160681K(2534400K), 0.1478260 secs] 6894748K->4626503K(10982400K), 0.1488700 secs] [Times: user=0.65 sys=0.00, real=0.15 secs] 
32661.062: [GC 32661.063: [ParNew: 2413481K->169588K(2534400K), 0.1439030 secs] 6879303K->4635410K(10982400K), 0.1449310 secs] [Times: user=0.65 sys=0.00, real=0.15 secs] 
32662.428: [GC 32662.429: [ParNew: 2422388K->181653K(2534400K), 0.1961340 secs] 6888210K->4673383K(10982400K), 0.1972520 secs] [Times: user=0.63 sys=0.00, real=0.20 secs] 
32663.797: [GC 32663.798: [ParNew: 2434453K->144266K(2534400K), 0.1493760 secs] 6926183K->4645302K(10982400K), 0.1505070 secs] [Times: user=0.56 sys=0.00, real=0.15 secs] 
32664.896: [GC 32664.897: [ParNew: 2397066K->156971K(2534400K), 0.1293560 secs] 6898102K->4658006K(10982400K), 0.1304590 secs] [Times: user=0.56 sys=0.01, real=0.13 secs] 
32665.829: [GC 32665.829: [ParNew: 2409771K->181075K(2534400K), 0.1767340 secs] 6910806K->4691584K(10982400K), 0.1779820 secs] [Times: user=0.57 sys=0.00, real=0.18 secs] 
32666.011: [GC 32666.011: [ParNew: 184586K->4055K(2534400K), 0.1245930 secs] 4695095K->4671353K(10982400K), 0.1254460 secs] [Times: user=0.58 sys=0.04, real=0.13 secs] 
32667.079: [GC 32667.080: [ParNew: 2256855K->162064K(2534400K), 0.1632400 secs] 6924153K->4829361K(10982400K), 0.1644290 secs] [Times: user=0.53 sys=0.01, real=0.17 secs] 
32668.221: [GC 32668.222: [ParNew: 2414864K->154146K(2534400K), 0.1643010 secs] 7082161K->4828663K(10982400K), 0.1653940 secs] [Times: user=0.56 sys=0.00, real=0.17 secs] 
32669.345: [GC 32669.345: [ParNew: 2406946K->193189K(2534400K), 0.1705860 secs] 7081463K->4871881K(10982400K), 0.1716670 secs] [Times: user=0.60 sys=0.00, real=0.17 secs] 
32670.535: [GC 32670.536: [ParNew: 2445989K->153649K(2534400K), 0.1498730 secs] 7124681K->4837711K(10982400K), 0.1509580 secs] [Times: user=0.52 sys=0.01, real=0.15 secs] 
32672.105: [GC 32672.106: [ParNew: 2406449K->170522K(2534400K), 0.1745390 secs] 7090511K->4854584K(10982400K), 0.1756590 secs] [Times: user=0.59 sys=0.00, real=0.17 secs] 
32673.420: [GC 32673.421: [ParNew: 2423322K->141190K(2534400K), 0.1598790 secs] 7107384K->4834910K(10982400K), 0.1610120 secs] [Times: user=0.58 sys=0.00, real=0.16 secs] 
32674.873: [GC 32674.874: [ParNew: 2393990K->202922K(2534400K), 0.1732320 secs] 7087710K->4896642K(10982400K), 0.1743630 secs] [Times: user=0.61 sys=0.01, real=0.18 secs] 
32676.374: [GC 32676.375: [ParNew: 2455722K->156408K(2534400K), 0.1562700 secs] 7149442K->4858619K(10982400K), 0.1573690 secs] [Times: user=0.58 sys=0.00, real=0.16 secs] 
32677.589: [GC 32677.590: [ParNew: 2409208K->138517K(2534400K), 0.1322260 secs] 7111419K->4840727K(10982400K), 0.1333430 secs] [Times: user=0.53 sys=0.01, real=0.13 secs] 
32679.061: [GC 32679.062: [ParNew: 2391317K->121781K(2534400K), 0.1189050 secs] 7093527K->4823992K(10982400K), 0.1200070 secs] [Times: user=0.51 sys=0.00, real=0.12 secs] 
32680.471: [GC 32680.472: [ParNew: 2374581K->89548K(2534400K), 0.0827060 secs] 7076792K->4791758K(10982400K), 0.0838170 secs] [Times: user=0.41 sys=0.00, real=0.08 secs] 
32681.833: [GC 32681.833: [ParNew: 2342348K->137000K(2534400K), 0.1072750 secs] 7044558K->4840870K(10982400K), 0.1083830 secs] [Times: user=0.57 sys=0.00, real=0.11 secs] 
32682.990: [GC 32682.991: [ParNew: 2389800K->166022K(2534400K), 0.1331190 secs] 7093670K->4871592K(10982400K), 0.1342180 secs] [Times: user=0.58 sys=0.00, real=0.13 secs] 
32684.110: [GC 32684.111: [ParNew: 2418822K->190900K(2534400K), 0.1539390 secs] 7124392K->4897961K(10982400K), 0.1550310 secs] [Times: user=0.60 sys=0.00, real=0.15 secs] 
32685.324: [GC 32685.324: [ParNew: 2443799K->169315K(2534400K), 0.1867990 secs] 7150861K->4902017K(10982400K), 0.1878920 secs] [Times: user=0.67 sys=0.02, real=0.19 secs] 
32685.516: [GC 32685.516: [ParNew: 170310K->19221K(2534400K), 0.1068300 secs] 4903012K->4898432K(10982400K), 0.1076650 secs] [Times: user=0.65 sys=0.02, real=0.10 secs] 
32686.595: [GC 32686.596: [ParNew: 2271989K->157149K(2534400K), 0.1679150 secs] 7151200K->5036361K(10982400K), 0.1690360 secs] [Times: user=0.60 sys=0.01, real=0.17 secs] 
32687.653: [GC 32687.654: [ParNew: 2409949K->206886K(2534400K), 0.1634540 secs] 7289161K->5094690K(10982400K), 0.1644050 secs] [Times: user=0.74 sys=0.00, real=0.17 secs] 
32688.709: [GC 32688.710: [ParNew: 2459686K->215762K(2534400K), 0.1891860 secs] 7347490K->5125163K(10982400K), 0.1901200 secs] [Times: user=0.63 sys=0.01, real=0.19 secs] 
32689.785: [GC 32689.786: [ParNew: 2468562K->199111K(2534400K), 0.1948120 secs] 7377963K->5115477K(10982400K), 0.1959390 secs] [Times: user=0.56 sys=0.01, real=0.20 secs] 
32691.049: [GC 32691.049: [ParNew: 2451911K->190410K(2534400K), 0.1714220 secs] 7368277K->5109788K(10982400K), 0.1723930 secs] [Times: user=0.50 sys=0.00, real=0.17 secs] 
32692.349: [GC 32692.349: [ParNew: 2443210K->160986K(2534400K), 0.1613320 secs] 7362588K->5087472K(10982400K), 0.1622940 secs] [Times: user=0.56 sys=0.01, real=0.16 secs] 
32693.750: [GC 32693.751: [ParNew: 2413786K->123884K(2534400K), 0.1390230 secs] 7340272K->5052153K(10982400K), 0.1400770 secs] [Times: user=0.51 sys=0.00, real=0.14 secs] 
32695.278: [GC 32695.279: [ParNew: 2376684K->115796K(2534400K), 0.1254780 secs] 7304953K->5044065K(10982400K), 0.1265990 secs] [Times: user=0.51 sys=0.00, real=0.12 secs] 
32696.510: [GC 32696.525: [ParNew: 2367476K->104723K(2534400K), 0.0990350 secs] 7295744K->5032992K(10982400K), 0.1001420 secs] [Times: user=0.50 sys=0.00, real=0.11 secs] 
32698.000: [GC 32698.001: [ParNew: 2357523K->134292K(2534400K), 0.1273690 secs] 7285792K->5062560K(10982400K), 0.1283600 secs] [Times: user=0.54 sys=0.00, real=0.13 secs] 
32699.144: [GC 32699.144: [ParNew: 2387067K->155804K(2534400K), 0.1492490 secs] 7315336K->5086179K(10982400K), 0.1503620 secs] [Times: user=0.52 sys=0.01, real=0.15 secs] 
32700.094: [GC 32700.094: [ParNew: 2408604K->97801K(2534400K), 0.0985690 secs] 7338979K->5033266K(10982400K), 0.0996000 secs] [Times: user=0.51 sys=0.00, real=0.10 secs] 
32701.234: [GC 32701.234: [ParNew: 2350849K->98857K(2534400K), 0.0907840 secs] 7286314K->5034322K(10982400K), 0.0917280 secs] [Times: user=0.54 sys=0.01, real=0.09 secs] 
32702.255: [GC 32702.256: [ParNew: 2351657K->96234K(2534400K), 0.0855980 secs] 7287122K->5034095K(10982400K), 0.0864140 secs] [Times: user=0.53 sys=0.00, real=0.09 secs] 
32703.346: [GC 32703.346: [ParNew: 2349034K->80864K(2534400K), 0.0750390 secs] 7286895K->5021949K(10982400K), 0.0759970 secs] [Times: user=0.45 sys=0.00, real=0.08 secs] 
32704.370: [GC 32704.371: [ParNew: 2333664K->76519K(2534400K), 0.0771350 secs] 7274749K->5022677K(10982400K), 0.0782350 secs] [Times: user=0.47 sys=0.01, real=0.07 secs] 
32705.707: [GC 32705.707: [ParNew: 2329319K->97791K(2534400K), 0.0869800 secs] 7275477K->5045200K(10982400K), 0.0882340 secs] [Times: user=0.58 sys=0.00, real=0.09 secs] 
32706.589: [GC 32706.589: [ParNew: 2350625K->118727K(2534400K), 0.0824250 secs] 7298034K->5068604K(10982400K), 0.0835170 secs] [Times: user=0.49 sys=0.00, real=0.09 secs] 
32706.677: [GC 32706.677: [ParNew: 122190K->123994K(2534400K), 0.0275610 secs] 5072066K->5075643K(10982400K), 0.0283330 secs] [Times: user=0.55 sys=0.00, real=0.03 secs] 
32707.653: [GC 32707.654: [ParNew: 2376794K->133810K(2534400K), 0.0912780 secs] 7328443K->5088152K(10982400K), 0.0924360 secs] [Times: user=0.53 sys=0.00, real=0.09 secs] 
32708.543: [GC 32708.543: [ParNew: 2386610K->80409K(2534400K), 0.0844630 secs] 7340952K->5040838K(10982400K), 0.0855020 secs] [Times: user=0.48 sys=0.00, real=0.08 secs] 
32709.389: [GC 32709.390: [ParNew: 2333209K->112626K(2534400K), 0.0854530 secs] 7293638K->5075664K(10982400K), 0.0864890 secs] [Times: user=0.62 sys=0.00, real=0.09 secs] 
32710.157: [GC 32710.157: [ParNew: 2365426K->108549K(2534400K), 0.0844230 secs] 7328464K->5071586K(10982400K), 0.0854940 secs] [Times: user=0.51 sys=0.00, real=0.09 secs] 
32711.010: [GC 32711.010: [ParNew: 2361349K->136068K(2534400K), 0.0976960 secs] 7324386K->5099816K(10982400K), 0.0987960 secs] [Times: user=0.52 sys=0.00, real=0.09 secs] 
32712.081: [GC 32712.082: [ParNew: 2388868K->105588K(2534400K), 0.0764480 secs] 7352616K->5070409K(10982400K), 0.0774120 secs] [Times: user=0.55 sys=0.00, real=0.07 secs] 
32712.913: [GC 32712.913: [ParNew: 2358388K->132010K(2534400K), 0.0881740 secs] 7323209K->5097471K(10982400K), 0.0892760 secs] [Times: user=0.66 sys=0.00, real=0.09 secs] 
32713.674: [GC 32713.674: [ParNew: 2384810K->112009K(2534400K), 0.0934000 secs] 7350271K->5078652K(10982400K), 0.0943520 secs] [Times: user=0.55 sys=0.00, real=0.09 secs] 
32714.550: [GC 32714.551: [ParNew: 2364809K->107032K(2534400K), 0.0900480 secs] 7331452K->5075491K(10982400K), 0.0909680 secs] [Times: user=0.59 sys=0.00, real=0.10 secs] 
32715.445: [GC 32715.445: [ParNew: 2359832K->99170K(2534400K), 0.0825510 secs] 7328291K->5069635K(10982400K), 0.0833440 secs] [Times: user=0.58 sys=0.01, real=0.08 secs] 
32716.291: [GC 32716.292: [ParNew: 2351970K->83277K(2534400K), 0.0690510 secs] 7322435K->5055965K(10982400K), 0.0699440 secs] [Times: user=0.56 sys=0.01, real=0.07 secs] 
32717.108: [GC 32717.108: [ParNew: 2336077K->117326K(2534400K), 0.0780080 secs] 7308765K->5090321K(10982400K), 0.0788090 secs] [Times: user=0.60 sys=0.00, real=0.08 secs] 
32718.014: [GC 32718.015: [ParNew: 2370126K->178295K(2534400K), 0.1285740 secs] 7343121K->5156240K(10982400K), 0.1293710 secs] [Times: user=0.64 sys=0.01, real=0.13 secs] 
32718.934: [GC 32718.934: [ParNew: 2431095K->124687K(2534400K), 0.1012800 secs] 7409040K->5110250K(10982400K), 0.1020700 secs] [Times: user=0.57 sys=0.00, real=0.10 secs] 
32719.812: [GC 32719.812: [ParNew: 2377487K->125152K(2534400K), 0.0951340 secs] 7363050K->5110716K(10982400K), 0.0959710 secs] [Times: user=0.50 sys=0.00, real=0.09 secs] 
32720.750: [GC 32720.750: [ParNew: 2377952K->93162K(2534400K), 0.0796720 secs] 7363516K->5078726K(10982400K), 0.0804630 secs] [Times: user=0.46 sys=0.01, real=0.08 secs] 
32721.864: [GC 32721.865: [ParNew: 2345962K->109408K(2534400K), 0.0943200 secs] 7331526K->5097156K(10982400K), 0.0951810 secs] [Times: user=0.49 sys=0.00, real=0.09 secs] 
32722.936: [GC 32722.936: [ParNew: 2362208K->87821K(2534400K), 0.0749950 secs] 7349956K->5076701K(10982400K), 0.0757990 secs] [Times: user=0.45 sys=0.01, real=0.07 secs] 
32724.088: [GC 32724.089: [ParNew: 2340283K->95796K(2534400K), 0.0858560 secs] 7329163K->5086753K(10982400K), 0.0866650 secs] [Times: user=0.41 sys=0.00, real=0.09 secs] 
32725.171: [GC 32725.172: [ParNew: 2348596K->99288K(2534400K), 0.0966760 secs] 7339553K->5091622K(10982400K), 0.0975290 secs] [Times: user=0.51 sys=0.01, real=0.10 secs] 
32726.354: [GC 32726.355: [ParNew: 2352088K->111033K(2534400K), 0.1042860 secs] 7344422K->5103817K(10982400K), 0.1051980 secs] [Times: user=0.50 sys=0.00, real=0.10 secs] 
32727.182: [GC 32727.182: [ParNew: 2363833K->110300K(2534400K), 0.0931120 secs] 7356617K->5103695K(10982400K), 0.0940040 secs] [Times: user=0.53 sys=0.00, real=0.10 secs] 
32728.176: [GC 32728.177: [ParNew: 2363100K->115772K(2534400K), 0.1002820 secs] 7356495K->5110507K(10982400K), 0.1011910 secs] [Times: user=0.50 sys=0.01, real=0.10 secs] 
32729.127: [GC 32729.127: [ParNew: 2368572K->125438K(2534400K), 0.0997610 secs] 7363307K->5128448K(10982400K), 0.1005950 secs] [Times: user=0.67 sys=0.01, real=0.10 secs] 
32730.169: [GC 32730.169: [ParNew: 2378238K->112269K(2534400K), 0.0959960 secs] 7381248K->5116705K(10982400K), 0.0968700 secs] [Times: user=0.47 sys=0.00, real=0.10 secs] 
32731.002: [GC 32731.003: [ParNew: 2365069K->124888K(2534400K), 0.1199030 secs] 7369505K->5131118K(10982400K), 0.1209740 secs] [Times: user=0.52 sys=0.00, real=0.13 secs] 
32731.707: [GC 32731.707: [ParNew: 2377688K->113154K(2534400K), 0.0989730 secs] 7383918K->5122963K(10982400K), 0.1000770 secs] [Times: user=0.56 sys=0.00, real=0.10 secs] 
32732.551: [GC 32732.552: [ParNew: 2365954K->102855K(2534400K), 0.0978430 secs] 7375763K->5114952K(10982400K), 0.0989350 secs] [Times: user=0.56 sys=0.00, real=0.10 secs] 
32733.337: [GC 32733.338: [ParNew: 2355655K->91451K(2534400K), 0.0850660 secs] 7367752K->5106592K(10982400K), 0.0861340 secs] [Times: user=0.52 sys=0.00, real=0.09 secs] 
32734.165: [GC 32734.165: [ParNew: 2344251K->116588K(2534400K), 0.1059520 secs] 7359392K->5133143K(10982400K), 0.1070140 secs] [Times: user=0.59 sys=0.01, real=0.10 secs] 
32735.042: [GC 32735.043: [ParNew: 2369388K->96792K(2534400K), 0.0794460 secs] 7385943K->5114302K(10982400K), 0.0805250 secs] [Times: user=0.49 sys=0.00, real=0.08 secs] 
32736.052: [GC 32736.052: [ParNew: 2349469K->99345K(2534400K), 0.0924580 secs] 7366978K->5117590K(10982400K), 0.0935480 secs] [Times: user=0.43 sys=0.00, real=0.10 secs] 
32736.850: [GC 32736.851: [ParNew: 2352145K->129879K(2534400K), 0.0811190 secs] 7370390K->5150285K(10982400K), 0.0822160 secs] [Times: user=0.59 sys=0.00, real=0.08 secs] 
32737.830: [GC 32737.830: [ParNew: 2382679K->100879K(2534400K), 0.0803030 secs] 7403085K->5122623K(10982400K), 0.0813780 secs] [Times: user=0.50 sys=0.01, real=0.08 secs] 
32738.870: [GC 32738.871: [ParNew: 2353679K->96022K(2534400K), 0.0919490 secs] 7375423K->5119151K(10982400K), 0.0930560 secs] [Times: user=0.48 sys=0.00, real=0.09 secs] 
32739.889: [GC 32739.890: [ParNew: 2348822K->66891K(2534400K), 0.0664930 secs] 7371951K->5091138K(10982400K), 0.0676600 secs] [Times: user=0.48 sys=0.01, real=0.07 secs] 
32740.709: [GC 32740.710: [ParNew: 2320536K->67004K(2534400K), 0.0623950 secs] 7344783K->5094613K(10982400K), 0.0634500 secs] [Times: user=0.45 sys=0.01, real=0.06 secs] 
32740.777: [GC 32740.777: [ParNew: 68500K->63670K(2534400K), 0.0228160 secs] 5096109K->5094656K(10982400K), 0.0235810 secs] [Times: user=0.42 sys=0.00, real=0.02 secs] 
32741.455: [GC 32741.455: [ParNew: 2316470K->72685K(2534400K), 0.0611590 secs] 7347456K->5105642K(10982400K), 0.0622280 secs] [Times: user=0.39 sys=0.01, real=0.06 secs] 
32742.214: [GC 32742.215: [ParNew: 2325485K->68571K(2534400K), 0.0668430 secs] 7358442K->5102837K(10982400K), 0.0679860 secs] [Times: user=0.51 sys=0.01, real=0.07 secs] 
32742.950: [GC 32742.951: [ParNew: 2321371K->69625K(2534400K), 0.0612420 secs] 7355637K->5104599K(10982400K), 0.0623230 secs] [Times: user=0.49 sys=0.01, real=0.06 secs] 
32743.611: [GC 32743.612: [ParNew: 2322425K->68521K(2534400K), 0.0522750 secs] 7357399K->5103494K(10982400K), 0.0533470 secs] [Times: user=0.50 sys=0.00, real=0.05 secs] 
32744.254: [GC 32744.254: [ParNew: 2321321K->59019K(2534400K), 0.0420450 secs] 7356294K->5094554K(10982400K), 0.0431130 secs] [Times: user=0.49 sys=0.00, real=0.05 secs] 
32744.918: [GC 32744.918: [ParNew: 2311819K->69649K(2534400K), 0.0465530 secs] 7347354K->5106003K(10982400K), 0.0476100 secs] [Times: user=0.46 sys=0.01, real=0.05 secs] 
32745.568: [GC 32745.569: [ParNew: 2322449K->93132K(2534400K), 0.0684680 secs] 7358803K->5134755K(10982400K), 0.0695740 secs] [Times: user=0.52 sys=0.00, real=0.07 secs] 
32746.256: [GC 32746.257: [ParNew: 2345932K->61916K(2534400K), 0.0518130 secs] 7387555K->5104388K(10982400K), 0.0528840 secs] [Times: user=0.41 sys=0.01, real=0.05 secs] 
32746.955: [GC 32746.955: [ParNew: 2314716K->80783K(2534400K), 0.0565070 secs] 7357188K->5123947K(10982400K), 0.0576030 secs] [Times: user=0.50 sys=0.00, real=0.06 secs] 
32747.787: [GC 32747.788: [ParNew: 2333583K->60073K(2534400K), 0.0502840 secs] 7376747K->5104527K(10982400K), 0.0514000 secs] [Times: user=0.42 sys=0.01, real=0.05 secs] 
32748.720: [GC 32748.721: [ParNew: 2312873K->66520K(2534400K), 0.0708550 secs] 7357327K->5112265K(10982400K), 0.0719470 secs] [Times: user=0.49 sys=0.00, real=0.07 secs] 
32749.452: [GC 32749.452: [ParNew: 2319320K->69986K(2534400K), 0.0537770 secs] 7365065K->5116430K(10982400K), 0.0546700 secs] [Times: user=0.47 sys=0.00, real=0.06 secs] 
32750.036: [GC 32750.037: [ParNew: 2322786K->69091K(2534400K), 0.0441150 secs] 7369230K->5119134K(10982400K), 0.0450370 secs] [Times: user=0.47 sys=0.01, real=0.04 secs] 
32751.005: [GC 32751.005: [ParNew: 2321891K->81839K(2534400K), 0.0718690 secs] 7371934K->5135279K(10982400K), 0.0728650 secs] [Times: user=0.47 sys=0.00, real=0.08 secs] 
32752.104: [GC 32752.104: [ParNew: 2333149K->128537K(2534400K), 0.0891260 secs] 7386588K->5184556K(10982400K), 0.0900790 secs] [Times: user=0.53 sys=0.01, real=0.09 secs] 
32753.258: [GC 32753.259: [ParNew: 2381337K->95635K(2534400K), 0.0800240 secs] 7437356K->5152507K(10982400K), 0.0811560 secs] [Times: user=0.40 sys=0.00, real=0.08 secs] 
32754.529: [GC 32754.530: [ParNew: 2348435K->59356K(2534400K), 0.0545900 secs] 7405307K->5117262K(10982400K), 0.0555380 secs] [Times: user=0.53 sys=0.00, real=0.05 secs] 
32755.678: [GC 32755.679: [ParNew: 2312156K->111710K(2534400K), 0.0555440 secs] 7370062K->5170603K(10982400K), 0.0565030 secs] [Times: user=0.60 sys=0.01, real=0.05 secs] 
32757.089: [GC 32757.090: [ParNew: 2364510K->97962K(2534400K), 0.0635930 secs] 7423403K->5157254K(10982400K), 0.0646580 secs] [Times: user=0.50 sys=0.00, real=0.06 secs] 
32758.503: [GC 32758.504: [ParNew: 2350762K->69549K(2534400K), 0.0612320 secs] 7410054K->5130147K(10982400K), 0.0623500 secs] [Times: user=0.51 sys=0.01, real=0.06 secs] 
32759.504: [GC 32759.504: [ParNew: 2322349K->87560K(2534400K), 0.0597370 secs] 7382947K->5149751K(10982400K), 0.0608540 secs] [Times: user=0.59 sys=0.00, real=0.06 secs] 
32760.498: [GC 32760.499: [ParNew: 2340360K->87100K(2534400K), 0.0640920 secs] 7402551K->5156075K(10982400K), 0.0652130 secs] [Times: user=0.58 sys=0.00, real=0.06 secs] 
32760.567: [GC [1 CMS-initial-mark: 5068974K(8448000K)] 5156169K(10982400K), 0.1192150 secs] [Times: user=0.12 sys=0.00, real=0.12 secs] 
32761.501: [GC 32761.501: [ParNew: 2339900K->80462K(2534400K), 0.0659530 secs] 7408875K->5154675K(10982400K), 0.0670490 secs] [Times: user=0.52 sys=0.00, real=0.07 secs] 
32762.465: [GC 32762.466: [ParNew: 2333262K->100666K(2534400K), 0.0599280 secs] 7407475K->5176867K(10982400K), 0.0610080 secs] [Times: user=0.50 sys=0.00, real=0.06 secs] 
32763.301: [GC 32763.301: [ParNew: 2353466K->115919K(2534400K), 0.0669800 secs] 7429667K->5195652K(10982400K), 0.0680870 secs] [Times: user=0.63 sys=0.00, real=0.07 secs] 
32764.140: [GC 32764.140: [ParNew: 2368719K->78296K(2534400K), 0.0530940 secs] 7448452K->5159014K(10982400K), 0.0541810 secs] [Times: user=0.54 sys=0.00, real=0.05 secs] 
32764.717: [GC 32764.717: [ParNew: 2331096K->73721K(2534400K), 0.0678930 secs] 7411814K->5165060K(10982400K), 0.0689620 secs] [Times: user=0.49 sys=0.00, real=0.07 secs] 
32764.937: [GC[YG occupancy: 565798 K (2534400 K)]32764.937: [Rescan (parallel) , 0.0388870 secs]32764.976: [weak refs processing, 0.0401070 secs] [1 CMS-remark: 5091338K(8448000K)] 5657137K(10982400K), 0.0799640 secs] [Times: user=0.87 sys=0.00, real=0.08 secs] 
32765.526: [GC 32765.527: [ParNew: 2326521K->63893K(2534400K), 0.0612340 secs] 7364588K->5103711K(10982400K), 0.0623440 secs] [Times: user=0.47 sys=0.00, real=0.07 secs] 
32766.309: [GC 32766.309: [ParNew: 2316693K->67944K(2534400K), 0.0632110 secs] 7289905K->5044439K(10982400K), 0.0641680 secs] [Times: user=0.39 sys=0.01, real=0.07 secs] 
32766.966: [GC 32766.966: [ParNew: 2320744K->54752K(2534400K), 0.0518190 secs] 7240528K->4975288K(10982400K), 0.0528290 secs] [Times: user=0.46 sys=0.00, real=0.06 secs] 
32767.708: [GC 32767.709: [ParNew: 2307552K->64517K(2534400K), 0.0535490 secs] 7168444K->4925921K(10982400K), 0.0545090 secs] [Times: user=0.46 sys=0.00, real=0.06 secs] 
32768.471: [GC 32768.472: [ParNew: 2317317K->56392K(2534400K), 0.0606010 secs] 7107273K->4850483K(10982400K), 0.0617020 secs] [Times: user=0.45 sys=0.01, real=0.06 secs] 
32769.135: [GC 32769.136: [ParNew: 2309192K->135973K(2534400K), 0.0826560 secs] 7010028K->4837672K(10982400K), 0.0837140 secs] [Times: user=0.60 sys=0.01, real=0.09 secs] 
32769.917: [GC 32769.918: [ParNew: 2388773K->123722K(2534400K), 0.0903440 secs] 6999418K->4735323K(10982400K), 0.0914750 secs] [Times: user=0.50 sys=0.00, real=0.10 secs] 
32770.678: [GC 32770.679: [ParNew: 2376522K->95101K(2534400K), 0.0739140 secs] 6696671K->4417533K(10982400K), 0.0750100 secs] [Times: user=0.50 sys=0.00, real=0.08 secs] 
32771.504: [GC 32771.505: [ParNew: 2347901K->66158K(2534400K), 0.0559050 secs] 6670333K->4393278K(10982400K), 0.0569990 secs] [Times: user=0.47 sys=0.00, real=0.06 secs] 
32772.320: [GC 32772.321: [ParNew: 2318958K->56695K(2534400K), 0.0486230 secs] 6646078K->4385190K(10982400K), 0.0497020 secs] [Times: user=0.43 sys=0.00, real=0.05 secs] 
32773.160: [GC 32773.160: [ParNew: 2309495K->58228K(2534400K), 0.0461840 secs] 6637990K->4388272K(10982400K), 0.0473050 secs] [Times: user=0.45 sys=0.00, real=0.04 secs] 
32773.782: [GC 32773.783: [ParNew: 2311028K->96318K(2534400K), 0.0692780 secs] 6641072K->4430545K(10982400K), 0.0703530 secs] [Times: user=0.52 sys=0.00, real=0.07 secs] 
32774.448: [GC 32774.448: [ParNew: 2349118K->137168K(2534400K), 0.0632980 secs] 6683345K->4472301K(10982400K), 0.0643940 secs] [Times: user=0.74 sys=0.01, real=0.07 secs] 
32775.325: [GC 32775.325: [ParNew: 2389968K->106434K(2534400K), 0.0602690 secs] 6725101K->4442007K(10982400K), 0.0612930 secs] [Times: user=0.48 sys=0.00, real=0.06 secs] 
32776.342: [GC 32776.343: [ParNew: 2359234K->110070K(2534400K), 0.0809200 secs] 6694807K->4446685K(10982400K), 0.0819480 secs] [Times: user=0.54 sys=0.01, real=0.08 secs] 
32777.355: [GC 32777.355: [ParNew: 2362870K->102945K(2534400K), 0.0916210 secs] 6699485K->4446229K(10982400K), 0.0927100 secs] [Times: user=0.53 sys=0.01, real=0.09 secs] 
32778.415: [GC 32778.416: [ParNew: 2355745K->100333K(2534400K), 0.0889590 secs] 6699029K->4445529K(10982400K), 0.0900500 secs] [Times: user=0.49 sys=0.01, real=0.09 secs] 
32779.281: [GC 32779.281: [ParNew: 2353133K->113778K(2534400K), 0.0954270 secs] 6698329K->4464727K(10982400K), 0.0965370 secs] [Times: user=0.53 sys=0.01, real=0.09 secs] 
32780.057: [GC 32780.057: [ParNew: 2366578K->87916K(2534400K), 0.0779420 secs] 6717527K->4442620K(10982400K), 0.0790380 secs] [Times: user=0.48 sys=0.00, real=0.08 secs] 
32781.213: [GC 32781.214: [ParNew: 2340716K->109066K(2534400K), 0.0911960 secs] 6695420K->4465892K(10982400K), 0.0923200 secs] [Times: user=0.53 sys=0.01, real=0.09 secs] 
32782.356: [GC 32782.357: [ParNew: 2361866K->99463K(2534400K), 0.0897020 secs] 6718692K->4459507K(10982400K), 0.0907970 secs] [Times: user=0.50 sys=0.01, real=0.09 secs] 
32783.600: [GC 32783.601: [ParNew: 2352289K->84371K(2534400K), 0.0896720 secs] 6712333K->4446191K(10982400K), 0.0907350 secs] [Times: user=0.47 sys=0.00, real=0.10 secs] 
32783.696: [GC 32783.696: [ParNew: 84552K->81836K(2534400K), 0.0235800 secs] 4446372K->4445077K(10982400K), 0.0243580 secs] [Times: user=0.46 sys=0.01, real=0.02 secs] 
32784.738: [GC 32784.739: [ParNew: 2334636K->127819K(2534400K), 0.1040500 secs] 6697877K->4493068K(10982400K), 0.1051510 secs] [Times: user=0.51 sys=0.01, real=0.11 secs] 
32785.662: [GC 32785.663: [ParNew: 2380619K->112139K(2534400K), 0.0828370 secs] 6745868K->4478294K(10982400K), 0.0839760 secs] [Times: user=0.54 sys=0.00, real=0.08 secs] 
32786.671: [GC 32786.671: [ParNew: 2363818K->90736K(2534400K), 0.0789400 secs] 6729973K->4458132K(10982400K), 0.0800390 secs] [Times: user=0.49 sys=0.00, real=0.08 secs] 
32788.007: [GC 32788.007: [ParNew: 2343536K->91590K(2534400K), 0.0806770 secs] 6710932K->4458987K(10982400K), 0.0817540 secs] [Times: user=0.47 sys=0.00, real=0.08 secs] 
32789.049: [GC 32789.049: [ParNew: 2344390K->85969K(2534400K), 0.0759270 secs] 6711787K->4456985K(10982400K), 0.0770250 secs] [Times: user=0.47 sys=0.01, real=0.08 secs] 
32790.427: [GC 32790.428: [ParNew: 2338769K->103627K(2534400K), 0.0839210 secs] 6709785K->4476450K(10982400K), 0.0850640 secs] [Times: user=0.51 sys=0.00, real=0.09 secs] 
32791.479: [GC 32791.479: [ParNew: 2356427K->128492K(2534400K), 0.1092220 secs] 6729250K->4503973K(10982400K), 0.1102680 secs] [Times: user=0.52 sys=0.00, real=0.11 secs] 
32792.452: [GC 32792.453: [ParNew: 2381292K->111079K(2534400K), 0.0995870 secs] 6756773K->4489021K(10982400K), 0.1004720 secs] [Times: user=0.52 sys=0.00, real=0.11 secs] 
32793.192: [GC 32793.192: [ParNew: 2363879K->131939K(2534400K), 0.0976040 secs] 6741821K->4511783K(10982400K), 0.0984220 secs] [Times: user=0.55 sys=0.01, real=0.10 secs] 
32793.954: [GC 32793.955: [ParNew: 2384739K->125804K(2534400K), 0.1072040 secs] 6764583K->4508068K(10982400K), 0.1080570 secs] [Times: user=0.52 sys=0.00, real=0.10 secs] 
32794.743: [GC 32794.744: [ParNew: 2378604K->102633K(2534400K), 0.0824160 secs] 6760868K->4485587K(10982400K), 0.0832940 secs] [Times: user=0.43 sys=0.01, real=0.08 secs] 
32795.511: [GC 32795.512: [ParNew: 2355433K->80586K(2534400K), 0.0705200 secs] 6738387K->4465068K(10982400K), 0.0713530 secs] [Times: user=0.46 sys=0.00, real=0.08 secs] 
32796.236: [GC 32796.236: [ParNew: 2333386K->116139K(2534400K), 0.0669090 secs] 6717868K->4501287K(10982400K), 0.0677960 secs] [Times: user=0.63 sys=0.01, real=0.07 secs] 
32797.037: [GC 32797.038: [ParNew: 2368939K->111156K(2534400K), 0.0809290 secs] 6754087K->4496851K(10982400K), 0.0819980 secs] [Times: user=0.50 sys=0.00, real=0.08 secs] 
32797.818: [GC 32797.819: [ParNew: 2363956K->74708K(2534400K), 0.0762810 secs] 6749651K->4464541K(10982400K), 0.0773690 secs] [Times: user=0.49 sys=0.01, real=0.08 secs] 
32798.463: [GC 32798.464: [ParNew: 2327508K->95936K(2534400K), 0.0610820 secs] 6717341K->4486864K(10982400K), 0.0621730 secs] [Times: user=0.50 sys=0.00, real=0.07 secs] 
32799.174: [GC 32799.175: [ParNew: 2348736K->72996K(2534400K), 0.0570020 secs] 6739664K->4465324K(10982400K), 0.0580320 secs] [Times: user=0.44 sys=0.00, real=0.05 secs] 
32800.086: [GC 32800.087: [ParNew: 2325796K->73011K(2534400K), 0.0686330 secs] 6718124K->4466950K(10982400K), 0.0696640 secs] [Times: user=0.47 sys=0.01, real=0.07 secs] 
32800.848: [GC 32800.849: [ParNew: 2325811K->99038K(2534400K), 0.0833950 secs] 6719750K->4493442K(10982400K), 0.0844850 secs] [Times: user=0.54 sys=0.01, real=0.08 secs] 
32801.599: [GC 32801.600: [ParNew: 2350701K->104298K(2534400K), 0.0733080 secs] 6745106K->4501903K(10982400K), 0.0744120 secs] [Times: user=0.47 sys=0.00, real=0.08 secs] 
32802.357: [GC 32802.357: [ParNew: 2357098K->91873K(2534400K), 0.0803210 secs] 6754703K->4490302K(10982400K), 0.0814000 secs] [Times: user=0.47 sys=0.01, real=0.08 secs] 
32803.198: [GC 32803.198: [ParNew: 2342913K->136918K(2534400K), 0.1323440 secs] 6741342K->4539556K(10982400K), 0.1333670 secs] [Times: user=0.56 sys=0.01, real=0.13 secs] 
32804.169: [GC 32804.170: [ParNew: 2389718K->99261K(2534400K), 0.0952160 secs] 6792356K->4502503K(10982400K), 0.0963580 secs] [Times: user=0.47 sys=0.01, real=0.10 secs] 
32804.883: [GC 32804.883: [ParNew: 2352061K->129398K(2534400K), 0.1160700 secs] 6755303K->4533068K(10982400K), 0.1171380 secs] [Times: user=0.50 sys=0.00, real=0.12 secs] 
32805.598: [GC 32805.599: [ParNew: 2382198K->144008K(2534400K), 0.1199340 secs] 6785868K->4549499K(10982400K), 0.1208740 secs] [Times: user=0.50 sys=0.01, real=0.12 secs] 
32806.302: [GC 32806.302: [ParNew: 2396808K->135745K(2534400K), 0.0960110 secs] 6802299K->4542470K(10982400K), 0.0969490 secs] [Times: user=0.61 sys=0.00, real=0.10 secs] 
32807.174: [GC 32807.174: [ParNew: 2388545K->128008K(2534400K), 0.1071400 secs] 6795270K->4536366K(10982400K), 0.1080990 secs] [Times: user=0.59 sys=0.01, real=0.11 secs] 
32808.166: [GC 32808.167: [ParNew: 2380808K->107782K(2534400K), 0.0944860 secs] 6789166K->4517015K(10982400K), 0.0954370 secs] [Times: user=0.46 sys=0.01, real=0.09 secs] 
32809.254: [GC 32809.254: [ParNew: 2360582K->98766K(2534400K), 0.1006870 secs] 6769815K->4509403K(10982400K), 0.1016450 secs] [Times: user=0.59 sys=0.00, real=0.11 secs] 
32810.213: [GC 32810.213: [ParNew: 2351566K->129021K(2534400K), 0.1112180 secs] 6762203K->4540323K(10982400K), 0.1121720 secs] [Times: user=0.50 sys=0.01, real=0.12 secs] 
32811.234: [GC 32811.234: [ParNew: 2381821K->151205K(2534400K), 0.1109850 secs] 6793123K->4564459K(10982400K), 0.1119470 secs] [Times: user=0.75 sys=0.00, real=0.12 secs] 
32812.128: [GC 32812.129: [ParNew: 2404005K->148404K(2534400K), 0.1150480 secs] 6817259K->4562736K(10982400K), 0.1160330 secs] [Times: user=0.55 sys=0.01, real=0.11 secs] 
32812.994: [GC 32812.994: [ParNew: 2401204K->164265K(2534400K), 0.1406560 secs] 6815536K->4580928K(10982400K), 0.1415290 secs] [Times: user=0.52 sys=0.01, real=0.14 secs] 
32813.817: [GC 32813.817: [ParNew: 2417065K->138116K(2534400K), 0.1211410 secs] 6833728K->4556534K(10982400K), 0.1219980 secs] [Times: user=0.55 sys=0.01, real=0.12 secs] 
32814.772: [GC 32814.772: [ParNew: 2390550K->169028K(2534400K), 0.1476990 secs] 6808968K->4588372K(10982400K), 0.1485490 secs] [Times: user=0.53 sys=0.01, real=0.15 secs] 
32815.650: [GC 32815.651: [ParNew: 2421828K->146786K(2534400K), 0.1331250 secs] 6841172K->4576690K(10982400K), 0.1339630 secs] [Times: user=0.48 sys=0.01, real=0.13 secs] 
32816.595: [GC 32816.596: [ParNew: 2399586K->155036K(2534400K), 0.1216360 secs] 6829490K->4584940K(10982400K), 0.1224660 secs] [Times: user=0.54 sys=0.01, real=0.13 secs] 
32817.488: [GC 32817.488: [ParNew: 2407836K->141096K(2534400K), 0.1121390 secs] 6837740K->4571000K(10982400K), 0.1129350 secs] [Times: user=0.58 sys=0.00, real=0.11 secs] 
32818.424: [GC 32818.424: [ParNew: 2393896K->167699K(2534400K), 0.1261060 secs] 6823800K->4597603K(10982400K), 0.1270550 secs] [Times: user=0.57 sys=0.00, real=0.13 secs] 
32819.208: [GC 32819.209: [ParNew: 2420499K->131131K(2534400K), 0.1147910 secs] 6850403K->4570351K(10982400K), 0.1156950 secs] [Times: user=0.55 sys=0.00, real=0.11 secs] 
32819.917: [GC 32819.918: [ParNew: 2383931K->161507K(2534400K), 0.1145800 secs] 6823151K->4600726K(10982400K), 0.1154790 secs] [Times: user=0.58 sys=0.00, real=0.11 secs] 
32820.739: [GC 32820.740: [ParNew: 2414307K->140755K(2534400K), 0.1227630 secs] 6853526K->4591046K(10982400K), 0.1237280 secs] [Times: user=0.56 sys=0.01, real=0.12 secs] 
32821.578: [GC 32821.578: [ParNew: 2393555K->156367K(2534400K), 0.1440940 secs] 6843846K->4606657K(10982400K), 0.1451790 secs] [Times: user=0.52 sys=0.00, real=0.14 secs] 
32822.339: [GC 32822.339: [ParNew: 2409167K->140356K(2534400K), 0.1279630 secs] 6859457K->4597416K(10982400K), 0.1289450 secs] [Times: user=0.53 sys=0.01, real=0.13 secs] 
32823.191: [GC 32823.192: [ParNew: 2393156K->161744K(2534400K), 0.1169060 secs] 6850216K->4618804K(10982400K), 0.1179950 secs] [Times: user=0.61 sys=0.00, real=0.12 secs] 
32823.836: [GC 32823.836: [ParNew: 2414544K->111928K(2534400K), 0.0877320 secs] 6871604K->4580356K(10982400K), 0.0887140 secs] [Times: user=0.51 sys=0.01, real=0.09 secs] 
32824.426: [GC 32824.427: [ParNew: 2364728K->86973K(2534400K), 0.0660440 secs] 6833156K->4555401K(10982400K), 0.0671190 secs] [Times: user=0.42 sys=0.00, real=0.07 secs] 
32825.270: [GC 32825.270: [ParNew: 2339773K->131281K(2534400K), 0.0987960 secs] 6808201K->4599709K(10982400K), 0.0998210 secs] [Times: user=0.63 sys=0.00, real=0.10 secs] 
32826.144: [GC 32826.145: [ParNew: 2384081K->102739K(2534400K), 0.0946750 secs] 6852509K->4571563K(10982400K), 0.0957140 secs] [Times: user=0.52 sys=0.00, real=0.10 secs] 
32826.818: [GC 32826.818: [ParNew: 2355539K->104980K(2534400K), 0.0841830 secs] 6824363K->4576333K(10982400K), 0.0851110 secs] [Times: user=0.49 sys=0.01, real=0.08 secs] 
32827.653: [GC 32827.654: [ParNew: 2357780K->99410K(2534400K), 0.0829310 secs] 6829133K->4571210K(10982400K), 0.0839710 secs] [Times: user=0.54 sys=0.01, real=0.09 secs] 
32828.466: [GC 32828.467: [ParNew: 2352210K->132813K(2534400K), 0.0903700 secs] 6824010K->4605625K(10982400K), 0.0915290 secs] [Times: user=0.56 sys=0.00, real=0.10 secs] 
32829.362: [GC 32829.363: [ParNew: 2385613K->112774K(2534400K), 0.0847600 secs] 6858425K->4586351K(10982400K), 0.0857180 secs] [Times: user=0.50 sys=0.01, real=0.09 secs] 
32830.231: [GC 32830.231: [ParNew: 2365574K->144901K(2534400K), 0.0905470 secs] 6839151K->4621623K(10982400K), 0.0915030 secs] [Times: user=0.66 sys=0.01, real=0.09 secs] 
32831.014: [GC 32831.015: [ParNew: 2397701K->109786K(2534400K), 0.0736050 secs] 6874423K->4587924K(10982400K), 0.0745570 secs] [Times: user=0.45 sys=0.01, real=0.08 secs] 
32831.819: [GC 32831.820: [ParNew: 2362586K->122363K(2534400K), 0.0758850 secs] 6840724K->4601033K(10982400K), 0.0767490 secs] [Times: user=0.59 sys=0.00, real=0.07 secs] 
32832.736: [GC 32832.737: [ParNew: 2375163K->93049K(2534400K), 0.0718900 secs] 6853833K->4575228K(10982400K), 0.0735930 secs] [Times: user=0.51 sys=0.00, real=0.08 secs] 
32833.739: [GC 32833.739: [ParNew: 2345849K->91931K(2534400K), 0.0728930 secs] 6828028K->4575097K(10982400K), 0.0736870 secs] [Times: user=0.55 sys=0.01, real=0.07 secs] 
32834.531: [GC 32834.532: [ParNew: 2344731K->130871K(2534400K), 0.0636300 secs] 6827897K->4615100K(10982400K), 0.0648790 secs] [Times: user=0.68 sys=0.00, real=0.06 secs] 
32835.264: [GC 32835.264: [ParNew: 2382415K->110915K(2534400K), 0.0736070 secs] 6866644K->4601514K(10982400K), 0.0745470 secs] [Times: user=0.56 sys=0.00, real=0.08 secs] 
32836.055: [GC 32836.056: [ParNew: 2363715K->85065K(2534400K), 0.0686550 secs] 6854314K->4577256K(10982400K), 0.0696240 secs] [Times: user=0.47 sys=0.01, real=0.07 secs] 
32836.897: [GC 32836.898: [ParNew: 2337865K->106650K(2534400K), 0.0632770 secs] 6830056K->4601127K(10982400K), 0.0642120 secs] [Times: user=0.55 sys=0.01, real=0.07 secs] 
32837.685: [GC 32837.686: [ParNew: 2359450K->101332K(2534400K), 0.0753240 secs] 6853927K->4598406K(10982400K), 0.0762750 secs] [Times: user=0.46 sys=0.01, real=0.08 secs] 
32838.629: [GC 32838.630: [ParNew: 2354132K->152454K(2534400K), 0.1151070 secs] 6851206K->4650859K(10982400K), 0.1160590 secs] [Times: user=0.62 sys=0.00, real=0.12 secs] 
32839.440: [GC 32839.441: [ParNew: 2405003K->143793K(2534400K), 0.1204710 secs] 6903408K->4645440K(10982400K), 0.1214260 secs] [Times: user=0.51 sys=0.00, real=0.12 secs] 
32840.200: [GC 32840.201: [ParNew: 2396593K->106683K(2534400K), 0.0979850 secs] 6898240K->4609823K(10982400K), 0.0990910 secs] [Times: user=0.50 sys=0.01, real=0.10 secs] 
32840.784: [GC 32840.785: [ParNew: 2359483K->90070K(2534400K), 0.0700230 secs] 6862623K->4595363K(10982400K), 0.0710200 secs] [Times: user=0.49 sys=0.00, real=0.07 secs] 
32841.382: [GC 32841.382: [ParNew: 2342870K->98536K(2534400K), 0.0602680 secs] 6848163K->4604556K(10982400K), 0.0613180 secs] [Times: user=0.51 sys=0.00, real=0.06 secs] 
32842.098: [GC 32842.098: [ParNew: 2351336K->131087K(2534400K), 0.0867780 secs] 6857356K->4638025K(10982400K), 0.0877980 secs] [Times: user=0.54 sys=0.00, real=0.09 secs] 
32843.168: [GC 32843.168: [ParNew: 2383887K->145665K(2534400K), 0.0980660 secs] 6890825K->4653815K(10982400K), 0.0991940 secs] [Times: user=0.88 sys=0.01, real=0.10 secs] 
32843.939: [GC 32843.940: [ParNew: 2398477K->110673K(2534400K), 0.0872610 secs] 6906627K->4621542K(10982400K), 0.0883710 secs] [Times: user=0.51 sys=0.01, real=0.09 secs] 
32844.032: [GC 32844.032: [ParNew: 111709K->82725K(2534400K), 0.0250390 secs] 4622577K->4598089K(10982400K), 0.0258310 secs] [Times: user=0.46 sys=0.01, real=0.02 secs] 
32844.818: [GC 32844.819: [ParNew: 2335525K->100383K(2534400K), 0.0752050 secs] 6850889K->4617224K(10982400K), 0.0762950 secs] [Times: user=0.50 sys=0.00, real=0.08 secs] 
32845.681: [GC 32845.681: [ParNew: 2353183K->109010K(2534400K), 0.0845670 secs] 6870024K->4629604K(10982400K), 0.0855900 secs] [Times: user=0.63 sys=0.00, real=0.08 secs] 
32846.653: [GC 32846.654: [ParNew: 2361810K->158111K(2534400K), 0.0954720 secs] 6882404K->4679752K(10982400K), 0.0968180 secs] [Times: user=0.59 sys=0.01, real=0.09 secs] 
32847.523: [GC 32847.524: [ParNew: 2410911K->128060K(2534400K), 0.0915100 secs] 6932552K->4649701K(10982400K), 0.0925490 secs] [Times: user=0.52 sys=0.01, real=0.09 secs] 
32848.327: [GC 32848.327: [ParNew: 2380860K->135730K(2534400K), 0.0979450 secs] 6902501K->4659258K(10982400K), 0.0990770 secs] [Times: user=0.57 sys=0.00, real=0.10 secs] 
32849.305: [GC 32849.305: [ParNew: 2388530K->180172K(2534400K), 0.1230260 secs] 6912058K->4709314K(10982400K), 0.1241100 secs] [Times: user=0.69 sys=0.01, real=0.12 secs] 
32850.203: [GC 32850.204: [ParNew: 2432972K->125171K(2534400K), 0.0970990 secs] 6962114K->4658570K(10982400K), 0.0981890 secs] [Times: user=0.51 sys=0.00, real=0.09 secs] 
32851.285: [GC 32851.285: [ParNew: 2377915K->107335K(2534400K), 0.0909030 secs] 6911313K->4642215K(10982400K), 0.0918680 secs] [Times: user=0.43 sys=0.01, real=0.09 secs] 
32852.250: [GC 32852.250: [ParNew: 2360135K->105959K(2534400K), 0.0760330 secs] 6895015K->4648353K(10982400K), 0.0772160 secs] [Times: user=0.55 sys=0.01, real=0.08 secs] 
32853.208: [GC 32853.209: [ParNew: 2357600K->95442K(2534400K), 0.0742350 secs] 6899995K->4640144K(10982400K), 0.0753190 secs] [Times: user=0.49 sys=0.01, real=0.08 secs] 
32854.186: [GC 32854.187: [ParNew: 2348242K->88792K(2534400K), 0.0805120 secs] 6892944K->4635447K(10982400K), 0.0816470 secs] [Times: user=0.46 sys=0.00, real=0.08 secs] 
32855.013: [GC 32855.014: [ParNew: 2341592K->76365K(2534400K), 0.0681450 secs] 6888247K->4624583K(10982400K), 0.0692750 secs] [Times: user=0.49 sys=0.00, real=0.07 secs] 
32855.748: [GC 32855.749: [ParNew: 2329165K->64857K(2534400K), 0.0568120 secs] 6877383K->4614256K(10982400K), 0.0578260 secs] [Times: user=0.43 sys=0.01, real=0.06 secs] 
32856.719: [GC 32856.720: [ParNew: 2317657K->113685K(2534400K), 0.1046670 secs] 6867056K->4664963K(10982400K), 0.1057700 secs] [Times: user=0.52 sys=0.00, real=0.11 secs] 
32857.674: [GC 32857.675: [ParNew: 2366485K->92352K(2534400K), 0.0865140 secs] 6917763K->4645138K(10982400K), 0.0876400 secs] [Times: user=0.42 sys=0.01, real=0.08 secs] 
32858.672: [GC 32858.673: [ParNew: 2345152K->123450K(2534400K), 0.1245090 secs] 6897938K->4677796K(10982400K), 0.1256240 secs] [Times: user=0.48 sys=0.00, real=0.13 secs] 
32859.614: [GC 32859.615: [ParNew: 2376250K->132833K(2534400K), 0.1045980 secs] 6930596K->4688273K(10982400K), 0.1055520 secs] [Times: user=0.56 sys=0.01, real=0.10 secs] 
32860.793: [GC 32860.794: [ParNew: 2385633K->91675K(2534400K), 0.0817660 secs] 6941073K->4648022K(10982400K), 0.0827980 secs] [Times: user=0.51 sys=0.00, real=0.08 secs] 
32861.829: [GC 32861.829: [ParNew: 2344496K->103546K(2534400K), 0.0972470 secs] 6900843K->4660828K(10982400K), 0.0983140 secs] [Times: user=0.48 sys=0.01, real=0.10 secs] 
32861.931: [GC 32861.932: [ParNew: 103932K->102228K(2534400K), 0.0245170 secs] 4661213K->4660627K(10982400K), 0.0253230 secs] [Times: user=0.48 sys=0.00, real=0.03 secs] 
32862.798: [GC 32862.798: [ParNew: 2355028K->141513K(2534400K), 0.1014420 secs] 6913427K->4706605K(10982400K), 0.1024020 secs] [Times: user=0.51 sys=0.00, real=0.10 secs] 
32863.629: [GC 32863.629: [ParNew: 2394313K->114184K(2534400K), 0.0760300 secs] 6959405K->4680728K(10982400K), 0.0771650 secs] [Times: user=0.62 sys=0.01, real=0.08 secs] 
32864.539: [GC 32864.540: [ParNew: 2367011K->94527K(2534400K), 0.0771060 secs] 6933555K->4662789K(10982400K), 0.0781920 secs] [Times: user=0.51 sys=0.00, real=0.08 secs] 
32864.622: [GC 32864.622: [ParNew: 94681K->74550K(2534400K), 0.0210620 secs] 4662943K->4642812K(10982400K), 0.0218690 secs] [Times: user=0.44 sys=0.00, real=0.03 secs] 
32865.576: [GC 32865.577: [ParNew: 2327350K->143801K(2534400K), 0.0814610 secs] 6895612K->4724529K(10982400K), 0.0825950 secs] [Times: user=0.70 sys=0.00, real=0.08 secs] 
32866.449: [GC 32866.450: [ParNew: 2396601K->125342K(2534400K), 0.0886270 secs] 6977329K->4710146K(10982400K), 0.0897160 secs] [Times: user=0.60 sys=0.00, real=0.09 secs] 
32867.567: [GC 32867.567: [ParNew: 2378142K->94131K(2534400K), 0.0904200 secs] 6962946K->4680015K(10982400K), 0.0915650 secs] [Times: user=0.49 sys=0.00, real=0.09 secs] 
32868.413: [GC 32868.413: [ParNew: 2346931K->83420K(2534400K), 0.0805290 secs] 6932815K->4669304K(10982400K), 0.0817090 secs] [Times: user=0.47 sys=0.00, real=0.09 secs] 
32869.340: [GC 32869.341: [ParNew: 2336220K->120633K(2534400K), 0.1030660 secs] 6922104K->4707772K(10982400K), 0.1041460 secs] [Times: user=0.58 sys=0.00, real=0.11 secs] 
32870.422: [GC 32870.422: [ParNew: 2373433K->108960K(2534400K), 0.0979490 secs] 6960572K->4698290K(10982400K), 0.0989750 secs] [Times: user=0.50 sys=0.00, real=0.10 secs] 
32871.438: [GC 32871.438: [ParNew: 2361760K->99924K(2534400K), 0.0832260 secs] 6951090K->4691257K(10982400K), 0.0843310 secs] [Times: user=0.51 sys=0.00, real=0.08 secs] 
32872.397: [GC 32872.398: [ParNew: 2351419K->81463K(2534400K), 0.0673870 secs] 6942751K->4673390K(10982400K), 0.0685180 secs] [Times: user=0.47 sys=0.00, real=0.07 secs] 
32873.384: [GC 32873.385: [ParNew: 2334263K->101795K(2534400K), 0.1137010 secs] 6926190K->4707020K(10982400K), 0.1147830 secs] [Times: user=0.45 sys=0.01, real=0.12 secs] 
32874.358: [GC 32874.358: [ParNew: 2354595K->85878K(2534400K), 0.0846380 secs] 6959820K->4692181K(10982400K), 0.0857350 secs] [Times: user=0.43 sys=0.00, real=0.08 secs] 
32875.363: [GC 32875.364: [ParNew: 2338678K->83010K(2534400K), 0.0745190 secs] 6944981K->4691054K(10982400K), 0.0754860 secs] [Times: user=0.48 sys=0.00, real=0.08 secs] 
32876.464: [GC 32876.465: [ParNew: 2335810K->105552K(2534400K), 0.0910710 secs] 6943854K->4714299K(10982400K), 0.0921570 secs] [Times: user=0.51 sys=0.00, real=0.10 secs] 
32877.527: [GC 32877.528: [ParNew: 2358352K->88771K(2534400K), 0.0737590 secs] 6967099K->4698990K(10982400K), 0.0747220 secs] [Times: user=0.55 sys=0.00, real=0.07 secs] 
32878.749: [GC 32878.749: [ParNew: 2341571K->95203K(2534400K), 0.0801070 secs] 6951790K->4707715K(10982400K), 0.0812390 secs] [Times: user=0.57 sys=0.01, real=0.08 secs] 
32879.982: [GC 32879.982: [ParNew: 2348003K->69406K(2534400K), 0.0699440 secs] 6960515K->4683253K(10982400K), 0.0710750 secs] [Times: user=0.51 sys=0.01, real=0.07 secs] 
32880.949: [GC 32880.950: [ParNew: 2322206K->72345K(2534400K), 0.0645420 secs] 6936053K->4689851K(10982400K), 0.0655830 secs] [Times: user=0.49 sys=0.01, real=0.06 secs] 
32881.745: [GC 32881.746: [ParNew: 2325145K->69393K(2534400K), 0.0642430 secs] 6942651K->4689144K(10982400K), 0.0653920 secs] [Times: user=0.52 sys=0.00, real=0.07 secs] 
32882.690: [GC 32882.691: [ParNew: 2322214K->102791K(2534400K), 0.0803910 secs] 6941965K->4723817K(10982400K), 0.0814730 secs] [Times: user=0.51 sys=0.00, real=0.08 secs] 
32882.776: [GC 32882.776: [ParNew: 103140K->103053K(2534400K), 0.0234850 secs] 4724166K->4725222K(10982400K), 0.0242630 secs] [Times: user=0.47 sys=0.01, real=0.02 secs] 
32883.579: [GC 32883.580: [ParNew: 2355853K->103023K(2534400K), 0.0691240 secs] 6978022K->4726178K(10982400K), 0.0700770 secs] [Times: user=0.54 sys=0.01, real=0.07 secs] 
32884.393: [GC 32884.394: [ParNew: 2355823K->80994K(2534400K), 0.0683880 secs] 6978978K->4708469K(10982400K), 0.0694800 secs] [Times: user=0.48 sys=0.00, real=0.07 secs] 
32885.232: [GC 32885.233: [ParNew: 2333794K->209855K(2534400K), 0.1826890 secs] 6961269K->4840751K(10982400K), 0.1836340 secs] [Times: user=0.63 sys=0.01, real=0.18 secs] 
32886.548: [GC 32886.548: [ParNew: 2462655K->146616K(2534400K), 0.1366260 secs] 7093551K->4788877K(10982400K), 0.1376040 secs] [Times: user=0.60 sys=0.00, real=0.13 secs] 
32887.623: [GC 32887.624: [ParNew: 2399416K->184868K(2534400K), 0.1477590 secs] 7041677K->4827130K(10982400K), 0.1487020 secs] [Times: user=0.64 sys=0.00, real=0.15 secs] 
32888.681: [GC 32888.688: [ParNew: 2437668K->151637K(2534400K), 0.1537290 secs] 7079930K->4817685K(10982400K), 0.1606430 secs] [Times: user=0.68 sys=0.01, real=0.16 secs] 
32889.989: [GC 32889.990: [ParNew: 2404437K->103097K(2534400K), 0.0901470 secs] 7070485K->4769145K(10982400K), 0.0911040 secs] [Times: user=0.47 sys=0.00, real=0.09 secs] 
32891.217: [GC 32891.218: [ParNew: 2355897K->142469K(2534400K), 0.1057990 secs] 7021945K->4808516K(10982400K), 0.1069740 secs] [Times: user=0.58 sys=0.00, real=0.11 secs] 
32892.242: [GC 32892.243: [ParNew: 2395269K->135570K(2534400K), 0.1169810 secs] 7061316K->4801617K(10982400K), 0.1180640 secs] [Times: user=0.53 sys=0.01, real=0.12 secs] 
32893.321: [GC 32893.322: [ParNew: 2388370K->139533K(2534400K), 0.1065600 secs] 7054417K->4814562K(10982400K), 0.1073880 secs] [Times: user=0.53 sys=0.00, real=0.11 secs] 
32894.118: [GC 32894.118: [ParNew: 2392333K->120883K(2534400K), 0.0834010 secs] 7067362K->4802992K(10982400K), 0.0843340 secs] [Times: user=0.55 sys=0.01, real=0.09 secs] 
32895.165: [GC 32895.165: [ParNew: 2373683K->139715K(2534400K), 0.1173420 secs] 7055792K->4824184K(10982400K), 0.1183150 secs] [Times: user=0.62 sys=0.01, real=0.12 secs] 
32896.154: [GC 32896.155: [ParNew: 2392515K->161388K(2534400K), 0.1234950 secs] 7076984K->4847335K(10982400K), 0.1244510 secs] [Times: user=0.57 sys=0.01, real=0.13 secs] 
32897.226: [GC 32897.227: [ParNew: 2414188K->133518K(2534400K), 0.1185720 secs] 7100135K->4821476K(10982400K), 0.1195300 secs] [Times: user=0.52 sys=0.00, real=0.12 secs] 
32898.367: [GC 32898.368: [ParNew: 2386318K->163828K(2534400K), 0.1540810 secs] 7074276K->4853168K(10982400K), 0.1552570 secs] [Times: user=0.56 sys=0.01, real=0.16 secs] 
32899.407: [GC 32899.408: [ParNew: 2416628K->171746K(2534400K), 0.1507930 secs] 7105968K->4868620K(10982400K), 0.1518880 secs] [Times: user=0.58 sys=0.00, real=0.16 secs] 
32900.386: [GC 32900.386: [ParNew: 2424546K->140070K(2534400K), 0.1320340 secs] 7121420K->4839530K(10982400K), 0.1331520 secs] [Times: user=0.52 sys=0.00, real=0.14 secs] 
32901.594: [GC 32901.594: [ParNew: 2392870K->115580K(2534400K), 0.1112790 secs] 7092330K->4815039K(10982400K), 0.1123890 secs] [Times: user=0.49 sys=0.00, real=0.11 secs] 
32902.512: [GC 32902.513: [ParNew: 2368380K->147097K(2534400K), 0.1122890 secs] 7067839K->4846557K(10982400K), 0.1134050 secs] [Times: user=0.60 sys=0.01, real=0.11 secs] 
32903.257: [GC 32903.258: [ParNew: 2399897K->150810K(2534400K), 0.1076490 secs] 7099357K->4850269K(10982400K), 0.1087810 secs] [Times: user=0.57 sys=0.00, real=0.11 secs] 
32903.993: [GC 32903.993: [ParNew: 2403610K->186157K(2534400K), 0.1285650 secs] 7103069K->4887082K(10982400K), 0.1296330 secs] [Times: user=0.67 sys=0.00, real=0.13 secs] 
32904.763: [GC 32904.763: [ParNew: 2438901K->144558K(2534400K), 0.1028700 secs] 7139826K->4860872K(10982400K), 0.1039500 secs] [Times: user=0.61 sys=0.00, real=0.10 secs] 
32905.540: [GC 32905.541: [ParNew: 2397358K->126975K(2534400K), 0.1027080 secs] 7113672K->4843289K(10982400K), 0.1038590 secs] [Times: user=0.49 sys=0.00, real=0.10 secs] 
32906.340: [GC 32906.341: [ParNew: 2379775K->121497K(2534400K), 0.1088780 secs] 7096089K->4837811K(10982400K), 0.1099950 secs] [Times: user=0.51 sys=0.00, real=0.11 secs] 
32907.392: [GC 32907.393: [ParNew: 2374297K->99888K(2534400K), 0.0909470 secs] 7090611K->4816202K(10982400K), 0.0920670 secs] [Times: user=0.47 sys=0.01, real=0.09 secs] 
32908.324: [GC 32908.325: [ParNew: 2352688K->115605K(2534400K), 0.1079720 secs] 7069002K->4832668K(10982400K), 0.1090660 secs] [Times: user=0.49 sys=0.00, real=0.11 secs] 
32909.336: [GC 32909.336: [ParNew: 2368405K->123760K(2534400K), 0.1007910 secs] 7085468K->4841919K(10982400K), 0.1018690 secs] [Times: user=0.56 sys=0.00, real=0.10 secs] 
32910.119: [GC 32910.119: [ParNew: 2376560K->113476K(2534400K), 0.0903690 secs] 7094719K->4837861K(10982400K), 0.0914690 secs] [Times: user=0.55 sys=0.00, real=0.09 secs] 
32911.003: [GC 32911.004: [ParNew: 2366276K->114393K(2534400K), 0.0994950 secs] 7090661K->4841080K(10982400K), 0.1005380 secs] [Times: user=0.49 sys=0.01, real=0.10 secs] 
32911.837: [GC 32911.837: [ParNew: 2367193K->100056K(2534400K), 0.0825500 secs] 7093880K->4827823K(10982400K), 0.0836250 secs] [Times: user=0.53 sys=0.00, real=0.09 secs] 
32912.532: [GC 32912.533: [ParNew: 2352856K->123552K(2534400K), 0.0854300 secs] 7080623K->4853745K(10982400K), 0.0864670 secs] [Times: user=0.60 sys=0.00, real=0.08 secs] 
32913.322: [GC 32913.323: [ParNew: 2376352K->105302K(2534400K), 0.0886830 secs] 7106545K->4836443K(10982400K), 0.0897850 secs] [Times: user=0.46 sys=0.01, real=0.09 secs] 
32914.155: [GC 32914.156: [ParNew: 2358102K->87932K(2534400K), 0.0910090 secs] 7089243K->4819810K(10982400K), 0.0921120 secs] [Times: user=0.46 sys=0.00, real=0.09 secs] 
32915.118: [GC 32915.118: [ParNew: 2340732K->93294K(2534400K), 0.0956460 secs] 7072610K->4826010K(10982400K), 0.0967400 secs] [Times: user=0.48 sys=0.00, real=0.10 secs] 
32916.069: [GC 32916.070: [ParNew: 2346094K->104215K(2534400K), 0.0859680 secs] 7078810K->4838278K(10982400K), 0.0867940 secs] [Times: user=0.50 sys=0.01, real=0.09 secs] 
32917.086: [GC 32917.086: [ParNew: 2357015K->103542K(2534400K), 0.0845090 secs] 7091078K->4839408K(10982400K), 0.0854660 secs] [Times: user=0.46 sys=0.01, real=0.08 secs] 
32918.067: [GC 32918.068: [ParNew: 2356153K->177962K(2534400K), 0.1246760 secs] 7092019K->4915136K(10982400K), 0.1255510 secs] [Times: user=0.58 sys=0.00, real=0.13 secs] 
32918.975: [GC 32918.976: [ParNew: 2430451K->115486K(2534400K), 0.1127070 secs] 7167626K->4874843K(10982400K), 0.1135040 secs] [Times: user=0.57 sys=0.02, real=0.11 secs] 
32919.821: [GC 32919.822: [ParNew: 2368286K->73726K(2534400K), 0.0638730 secs] 7127643K->4833082K(10982400K), 0.0647230 secs] [Times: user=0.47 sys=0.00, real=0.07 secs] 
32920.576: [GC 32920.577: [ParNew: 2326526K->83709K(2534400K), 0.0588400 secs] 7085882K->4843065K(10982400K), 0.0597220 secs] [Times: user=0.49 sys=0.00, real=0.06 secs] 
32921.265: [GC 32921.266: [ParNew: 2336509K->108276K(2534400K), 0.0803510 secs] 7095865K->4867633K(10982400K), 0.0812030 secs] [Times: user=0.49 sys=0.00, real=0.08 secs] 
32922.015: [GC 32922.015: [ParNew: 2361076K->120846K(2534400K), 0.0783570 secs] 7120433K->4888234K(10982400K), 0.0792290 secs] [Times: user=0.55 sys=0.01, real=0.08 secs] 
32922.741: [GC 32922.742: [ParNew: 2373646K->119617K(2534400K), 0.0891500 secs] 7141034K->4887729K(10982400K), 0.0900260 secs] [Times: user=0.48 sys=0.00, real=0.09 secs] 
32923.463: [GC 32923.464: [ParNew: 2372417K->87837K(2534400K), 0.0709830 secs] 7140529K->4857017K(10982400K), 0.0718570 secs] [Times: user=0.64 sys=0.00, real=0.07 secs] 
32924.159: [GC 32924.159: [ParNew: 2340637K->94610K(2534400K), 0.0660650 secs] 7109817K->4865377K(10982400K), 0.0669170 secs] [Times: user=0.55 sys=0.00, real=0.07 secs] 
32924.917: [GC 32924.917: [ParNew: 2347410K->108007K(2534400K), 0.0699700 secs] 7118177K->4881675K(10982400K), 0.0708660 secs] [Times: user=0.48 sys=0.01, real=0.07 secs] 
32925.720: [GC 32925.720: [ParNew: 2360807K->87428K(2534400K), 0.0567000 secs] 7134475K->4861473K(10982400K), 0.0575530 secs] [Times: user=0.47 sys=0.00, real=0.06 secs] 
32926.560: [GC 32926.561: [ParNew: 2340228K->99818K(2534400K), 0.0644060 secs] 7114273K->4877931K(10982400K), 0.0652340 secs] [Times: user=0.53 sys=0.00, real=0.07 secs] 
32927.477: [GC 32927.478: [ParNew: 2352618K->92973K(2534400K), 0.0621170 secs] 7130731K->4874862K(10982400K), 0.0629810 secs] [Times: user=0.51 sys=0.01, real=0.06 secs] 
32928.308: [GC 32928.309: [ParNew: 2345773K->83190K(2534400K), 0.0543360 secs] 7127662K->4873315K(10982400K), 0.0552300 secs] [Times: user=0.50 sys=0.00, real=0.06 secs] 
32929.130: [GC 32929.130: [ParNew: 2335990K->102784K(2534400K), 0.0616240 secs] 7126115K->4895741K(10982400K), 0.0624200 secs] [Times: user=0.55 sys=0.00, real=0.06 secs] 
32929.898: [GC 32929.899: [ParNew: 2355584K->103612K(2534400K), 0.0519820 secs] 7148541K->4897840K(10982400K), 0.0528570 secs] [Times: user=0.51 sys=0.00, real=0.05 secs] 
32930.583: [GC 32930.583: [ParNew: 2356412K->86659K(2534400K), 0.0516970 secs] 7150640K->4883609K(10982400K), 0.0524840 secs] [Times: user=0.50 sys=0.00, real=0.06 secs] 
32931.275: [GC 32931.275: [ParNew: 2339459K->85261K(2534400K), 0.0562210 secs] 7136409K->4883008K(10982400K), 0.0570760 secs] [Times: user=0.50 sys=0.01, real=0.05 secs] 
32931.934: [GC 32931.935: [ParNew: 2339518K->157007K(2534400K), 0.0619470 secs] 7137266K->4957672K(10982400K), 0.0627390 secs] [Times: user=0.76 sys=0.00, real=0.06 secs] 
32932.006: [GC 32932.007: [ParNew: 199293K->168519K(2534400K), 0.0331890 secs] 4999958K->4975595K(10982400K), 0.0338760 secs] [Times: user=0.63 sys=0.01, real=0.03 secs] 
32932.735: [GC 32932.736: [ParNew: 2421319K->127415K(2534400K), 0.0636680 secs] 7228395K->4939306K(10982400K), 0.0645760 secs] [Times: user=0.56 sys=0.00, real=0.06 secs] 
32933.409: [GC 32933.410: [ParNew: 2380215K->66659K(2534400K), 0.0547210 secs] 7192106K->4887949K(10982400K), 0.0556180 secs] [Times: user=0.49 sys=0.01, real=0.06 secs] 
32934.151: [GC 32934.152: [ParNew: 2319459K->100369K(2534400K), 0.0581980 secs] 7140749K->4925725K(10982400K), 0.0590670 secs] [Times: user=0.52 sys=0.01, real=0.06 secs] 
32934.867: [GC 32934.867: [ParNew: 2353169K->162727K(2534400K), 0.1138910 secs] 7178525K->4988088K(10982400K), 0.1146850 secs] [Times: user=0.71 sys=0.00, real=0.11 secs] 
32935.717: [GC 32935.718: [ParNew: 2415527K->170910K(2534400K), 0.0887200 secs] 7240888K->4999600K(10982400K), 0.0895810 secs] [Times: user=0.73 sys=0.01, real=0.09 secs] 
32936.503: [GC 32936.504: [ParNew: 2423710K->151139K(2534400K), 0.0796200 secs] 7252400K->4985241K(10982400K), 0.0804830 secs] [Times: user=0.61 sys=0.01, real=0.08 secs] 
32937.353: [GC 32937.354: [ParNew: 2403939K->161671K(2534400K), 0.0908410 secs] 7238041K->4997086K(10982400K), 0.0917740 secs] [Times: user=0.70 sys=0.00, real=0.10 secs] 
32938.135: [GC 32938.136: [ParNew: 2414483K->175605K(2534400K), 0.1029230 secs] 7249898K->5017753K(10982400K), 0.1037380 secs] [Times: user=0.70 sys=0.00, real=0.10 secs] 
32938.242: [GC 32938.242: [ParNew: 177687K->163335K(2534400K), 0.0433530 secs] 5019834K->5025472K(10982400K), 0.0439760 secs] [Times: user=0.70 sys=0.01, real=0.05 secs] 
32939.097: [GC 32939.097: [ParNew: 2416135K->181015K(2534400K), 0.0988940 secs] 7278272K->5049446K(10982400K), 0.0997880 secs] [Times: user=0.54 sys=0.00, real=0.10 secs] 
32940.172: [GC 32940.173: [ParNew: 2433815K->108399K(2534400K), 0.0947140 secs] 7302246K->4985822K(10982400K), 0.0955510 secs] [Times: user=0.56 sys=0.01, real=0.10 secs] 
32941.056: [GC 32941.057: [ParNew: 2361199K->117933K(2534400K), 0.1057580 secs] 7238622K->5002224K(10982400K), 0.1066070 secs] [Times: user=0.74 sys=0.00, real=0.10 secs] 
32941.957: [GC 32941.957: [ParNew: 2370733K->131488K(2534400K), 0.1020260 secs] 7255024K->5015779K(10982400K), 0.1028900 secs] [Times: user=0.51 sys=0.00, real=0.10 secs] 
32943.031: [GC 32943.031: [ParNew: 2384288K->122044K(2534400K), 0.1027570 secs] 7268579K->5008573K(10982400K), 0.1035110 secs] [Times: user=0.51 sys=0.00, real=0.10 secs] 
32944.031: [GC 32944.031: [ParNew: 2374844K->139495K(2534400K), 0.1031260 secs] 7261373K->5027839K(10982400K), 0.1039890 secs] [Times: user=0.56 sys=0.00, real=0.10 secs] 
32945.047: [GC 32945.048: [ParNew: 2392386K->164700K(2534400K), 0.1098100 secs] 7280731K->5054857K(10982400K), 0.1107100 secs] [Times: user=0.67 sys=0.00, real=0.11 secs] 
32945.162: [GC 32945.162: [ParNew: 166320K->156481K(2534400K), 0.0396460 secs] 5056477K->5059440K(10982400K), 0.0402710 secs] [Times: user=0.66 sys=0.01, real=0.04 secs] 
32945.909: [GC 32945.910: [ParNew: 2409281K->188918K(2534400K), 0.1047280 secs] 7312240K->5091877K(10982400K), 0.1055830 secs] [Times: user=0.57 sys=0.00, real=0.10 secs] 
32946.804: [GC 32946.804: [ParNew: 2441718K->146405K(2534400K), 0.0963800 secs] 7344677K->5056413K(10982400K), 0.0972410 secs] [Times: user=0.82 sys=0.01, real=0.10 secs] 
32947.742: [GC 32947.743: [ParNew: 2399205K->151969K(2534400K), 0.1137840 secs] 7309213K->5071012K(10982400K), 0.1146180 secs] [Times: user=0.62 sys=0.01, real=0.12 secs] 
32949.142: [GC 32949.143: [ParNew: 2404769K->153488K(2534400K), 0.1202150 secs] 7323812K->5072532K(10982400K), 0.1211040 secs] [Times: user=0.60 sys=0.00, real=0.12 secs] 
32950.591: [GC 32950.591: [ParNew: 2406288K->94538K(2534400K), 0.0757490 secs] 7325332K->5018595K(10982400K), 0.0766040 secs] [Times: user=0.51 sys=0.00, real=0.08 secs] 
32951.846: [GC 32951.846: [ParNew: 2347338K->113889K(2534400K), 0.0817730 secs] 7271395K->5041729K(10982400K), 0.0826240 secs] [Times: user=0.58 sys=0.01, real=0.09 secs] 
32952.941: [GC 32952.941: [ParNew: 2366689K->144228K(2534400K), 0.0968580 secs] 7294529K->5077396K(10982400K), 0.0977150 secs] [Times: user=0.56 sys=0.01, real=0.10 secs] 
32953.942: [GC 32953.943: [ParNew: 2397028K->135564K(2534400K), 0.1150000 secs] 7330196K->5082509K(10982400K), 0.1158870 secs] [Times: user=0.46 sys=0.01, real=0.12 secs] 
32954.868: [GC 32954.869: [ParNew: 2388364K->137607K(2534400K), 0.1281870 secs] 7335309K->5086667K(10982400K), 0.1290620 secs] [Times: user=0.51 sys=0.01, real=0.13 secs] 
32955.803: [GC 32955.803: [ParNew: 2390407K->136990K(2534400K), 0.1170070 secs] 7339467K->5086933K(10982400K), 0.1178550 secs] [Times: user=0.50 sys=0.00, real=0.12 secs] 
32956.674: [GC 32956.674: [ParNew: 2389790K->146472K(2534400K), 0.1151880 secs] 7339733K->5097454K(10982400K), 0.1162940 secs] [Times: user=0.61 sys=0.01, real=0.12 secs] 
32957.671: [GC 32957.672: [ParNew: 2399272K->145698K(2534400K), 0.1130210 secs] 7350254K->5099028K(10982400K), 0.1141310 secs] [Times: user=0.56 sys=0.00, real=0.11 secs] 
32958.906: [GC 32958.906: [ParNew: 2398498K->110395K(2534400K), 0.0882340 secs] 7351828K->5064822K(10982400K), 0.0892960 secs] [Times: user=0.52 sys=0.00, real=0.09 secs] 
32960.042: [GC 32960.042: [ParNew: 2363195K->96385K(2534400K), 0.0812180 secs] 7317622K->5052054K(10982400K), 0.0823250 secs] [Times: user=0.51 sys=0.01, real=0.08 secs] 
32960.996: [GC 32960.997: [ParNew: 2349185K->125036K(2534400K), 0.0865320 secs] 7304854K->5083479K(10982400K), 0.0876790 secs] [Times: user=0.56 sys=0.00, real=0.09 secs] 
32962.070: [GC 32962.070: [ParNew: 2377836K->103291K(2534400K), 0.0820020 secs] 7336279K->5064080K(10982400K), 0.0831870 secs] [Times: user=0.43 sys=0.01, real=0.08 secs] 
32962.871: [GC 32962.871: [ParNew: 2356091K->77633K(2534400K), 0.0732310 secs] 7316880K->5041167K(10982400K), 0.0743150 secs] [Times: user=0.47 sys=0.01, real=0.07 secs] 
32963.573: [GC 32963.573: [ParNew: 2330433K->50419K(2534400K), 0.0488020 secs] 7293967K->5017219K(10982400K), 0.0498790 secs] [Times: user=0.44 sys=0.00, real=0.05 secs] 
32964.051: [GC 32964.052: [ParNew: 2303219K->108203K(2534400K), 0.0768130 secs] 7270019K->5075677K(10982400K), 0.0779190 secs] [Times: user=0.52 sys=0.01, real=0.08 secs] 
32964.696: [GC 32964.696: [ParNew: 2361003K->87310K(2534400K), 0.0812850 secs] 7328477K->5055522K(10982400K), 0.0824320 secs] [Times: user=0.46 sys=0.01, real=0.08 secs] 
32965.563: [GC 32965.565: [ParNew: 2340110K->152544K(2534400K), 0.1416710 secs] 7308322K->5123003K(10982400K), 0.1427030 secs] [Times: user=0.52 sys=0.01, real=0.14 secs] 
32966.479: [GC 32966.479: [ParNew: 2405344K->159658K(2534400K), 0.1462180 secs] 7375803K->5130729K(10982400K), 0.1473280 secs] [Times: user=0.65 sys=0.01, real=0.14 secs] 
32967.458: [GC 32967.459: [ParNew: 2412458K->165608K(2534400K), 0.1679480 secs] 7383529K->5164811K(10982400K), 0.1691060 secs] [Times: user=0.93 sys=0.01, real=0.17 secs] 
32968.519: [GC 32968.519: [ParNew: 2418408K->109378K(2534400K), 0.0841340 secs] 7417611K->5111095K(10982400K), 0.0850890 secs] [Times: user=0.45 sys=0.01, real=0.08 secs] 
32969.582: [GC 32969.583: [ParNew: 2362178K->114328K(2534400K), 0.0948030 secs] 7363895K->5116045K(10982400K), 0.0957610 secs] [Times: user=0.54 sys=0.00, real=0.09 secs] 
32970.836: [GC 32970.836: [ParNew: 2367128K->102856K(2534400K), 0.0839940 secs] 7368845K->5104573K(10982400K), 0.0849580 secs] [Times: user=0.44 sys=0.00, real=0.09 secs] 
32971.802: [GC 32971.802: [ParNew: 2355656K->145226K(2534400K), 0.1240180 secs] 7357373K->5146943K(10982400K), 0.1251160 secs] [Times: user=0.55 sys=0.01, real=0.12 secs] 
32972.891: [GC 32972.892: [ParNew: 2398026K->150242K(2534400K), 0.1327380 secs] 7399743K->5154056K(10982400K), 0.1337130 secs] [Times: user=0.61 sys=0.00, real=0.13 secs] 
32974.062: [GC 32974.063: [ParNew: 2403042K->131971K(2534400K), 0.1024260 secs] 7406856K->5137930K(10982400K), 0.1034210 secs] [Times: user=0.51 sys=0.00, real=0.10 secs] 
32975.089: [GC 32975.089: [ParNew: 2384771K->127445K(2534400K), 0.1097460 secs] 7390730K->5139340K(10982400K), 0.1107050 secs] [Times: user=0.57 sys=0.00, real=0.12 secs] 
32976.122: [GC 32976.122: [ParNew: 2380245K->122670K(2534400K), 0.1031190 secs] 7392140K->5136177K(10982400K), 0.1041000 secs] [Times: user=0.47 sys=0.00, real=0.10 secs] 
32977.357: [GC 32977.357: [ParNew: 2375470K->150512K(2534400K), 0.1241230 secs] 7388977K->5166329K(10982400K), 0.1250960 secs] [Times: user=0.56 sys=0.00, real=0.13 secs] 
32978.376: [GC 32978.377: [ParNew: 2403312K->123631K(2534400K), 0.1080840 secs] 7419129K->5141136K(10982400K), 0.1090380 secs] [Times: user=0.50 sys=0.00, real=0.11 secs] 
32979.528: [GC 32979.528: [ParNew: 2376431K->159069K(2534400K), 0.1255220 secs] 7393936K->5181167K(10982400K), 0.1264760 secs] [Times: user=0.59 sys=0.00, real=0.13 secs] 
32980.450: [GC 32980.451: [ParNew: 2411869K->157661K(2534400K), 0.1108950 secs] 7433967K->5189962K(10982400K), 0.1118590 secs] [Times: user=0.72 sys=0.00, real=0.12 secs] 
32981.492: [GC 32981.493: [ParNew: 2410461K->157517K(2534400K), 0.1254510 secs] 7442762K->5189818K(10982400K), 0.1265760 secs] [Times: user=0.66 sys=0.00, real=0.12 secs] 
32982.140: [GC 32982.140: [ParNew: 2410317K->146347K(2534400K), 0.0797250 secs] 7442618K->5178647K(10982400K), 0.0807370 secs] [Times: user=0.65 sys=0.00, real=0.08 secs] 
32982.808: [GC 32982.809: [ParNew: 2399147K->147011K(2534400K), 0.1007900 secs] 7431447K->5181273K(10982400K), 0.1018640 secs] [Times: user=0.59 sys=0.01, real=0.10 secs] 
32983.351: [GC 32983.351: [ParNew: 2399811K->157702K(2534400K), 0.0802160 secs] 7434073K->5193275K(10982400K), 0.0812700 secs] [Times: user=0.65 sys=0.01, real=0.09 secs] 
32983.896: [GC 32983.897: [ParNew: 2410502K->137692K(2534400K), 0.0845540 secs] 7446075K->5176793K(10982400K), 0.0856340 secs] [Times: user=0.61 sys=0.00, real=0.09 secs] 
32984.439: [GC 32984.440: [ParNew: 2390492K->127039K(2534400K), 0.0905620 secs] 7429593K->5166740K(10982400K), 0.0916040 secs] [Times: user=0.50 sys=0.01, real=0.09 secs] 
32985.003: [GC 32985.004: [ParNew: 2379839K->110060K(2534400K), 0.0759300 secs] 7419540K->5150427K(10982400K), 0.0770550 secs] [Times: user=0.51 sys=0.00, real=0.07 secs] 
32985.785: [GC 32985.786: [ParNew: 2362860K->95270K(2534400K), 0.0691590 secs] 7403227K->5136585K(10982400K), 0.0702940 secs] [Times: user=0.53 sys=0.00, real=0.07 secs] 
32986.450: [GC 32986.450: [ParNew: 2348070K->95803K(2534400K), 0.0713410 secs] 7389385K->5139820K(10982400K), 0.0724390 secs] [Times: user=0.57 sys=0.01, real=0.08 secs] 
32987.270: [GC 32987.270: [ParNew: 2348603K->107246K(2534400K), 0.0891260 secs] 7392620K->5156116K(10982400K), 0.0902010 secs] [Times: user=0.53 sys=0.00, real=0.09 secs] 
32988.047: [GC 32988.048: [ParNew: 2360046K->89189K(2534400K), 0.0664880 secs] 7408916K->5141213K(10982400K), 0.0675670 secs] [Times: user=0.55 sys=0.00, real=0.07 secs] 
32988.767: [GC 32988.767: [ParNew: 2341989K->97264K(2534400K), 0.0625720 secs] 7394013K->5154486K(10982400K), 0.0636720 secs] [Times: user=0.52 sys=0.00, real=0.06 secs] 
32989.423: [GC 32989.424: [ParNew: 2349780K->93882K(2534400K), 0.0752650 secs] 7407002K->5153613K(10982400K), 0.0762480 secs] [Times: user=0.50 sys=0.01, real=0.07 secs] 
32990.275: [GC 32990.276: [ParNew: 2346682K->124111K(2534400K), 0.1066750 secs] 7406413K->5191310K(10982400K), 0.1077970 secs] [Times: user=0.49 sys=0.01, real=0.11 secs] 
32991.132: [GC 32991.133: [ParNew: 2376911K->163694K(2534400K), 0.1345730 secs] 7444110K->5232001K(10982400K), 0.1357210 secs] [Times: user=0.55 sys=0.00, real=0.14 secs] 
32991.986: [GC 32991.987: [ParNew: 2416494K->161395K(2534400K), 0.1249260 secs] 7484801K->5231947K(10982400K), 0.1260020 secs] [Times: user=0.68 sys=0.00, real=0.12 secs] 
32992.116: [GC [1 CMS-initial-mark: 5070552K(8448000K)] 5231996K(10982400K), 0.1651190 secs] [Times: user=0.17 sys=0.00, real=0.16 secs] 
32992.947: [GC 32992.947: [ParNew: 2414195K->129372K(2534400K), 0.0981650 secs] 7484747K->5199924K(10982400K), 0.0992890 secs] [Times: user=0.55 sys=0.01, real=0.10 secs] 
32993.757: [GC 32993.758: [ParNew: 2382172K->115805K(2534400K), 0.0813970 secs] 7452724K->5188538K(10982400K), 0.0823350 secs] [Times: user=0.60 sys=0.00, real=0.08 secs] 
32994.697: [GC 32994.698: [ParNew: 2368605K->136237K(2534400K), 0.1093600 secs] 7441338K->5210258K(10982400K), 0.1103070 secs] [Times: user=0.50 sys=0.00, real=0.11 secs] 
32995.513: [GC 32995.514: [ParNew: 2389037K->121358K(2534400K), 0.1099340 secs] 7463058K->5197008K(10982400K), 0.1109730 secs] [Times: user=0.50 sys=0.01, real=0.12 secs] 
32996.201: [GC[YG occupancy: 1875376 K (2534400 K)]32996.201: [Rescan (parallel) , 0.9838800 secs]32997.185: [weak refs processing, 0.0643940 secs] [1 CMS-remark: 5075650K(8448000K)] 6951026K(10982400K), 1.0494910 secs] [Times: user=20.01 sys=0.10, real=1.05 secs] 
32997.391: [GC 32997.392: [ParNew: 2374158K->125793K(2534400K), 0.1071160 secs] 7441790K->5195635K(10982400K), 0.1083190 secs] [Times: user=0.50 sys=0.00, real=0.11 secs] 
32998.151: [GC 32998.151: [ParNew: 2378593K->94462K(2534400K), 0.0853370 secs] 7405916K->5127201K(10982400K), 0.0863410 secs] [Times: user=0.57 sys=0.00, real=0.09 secs] 
32999.053: [GC 32999.054: [ParNew: 2347262K->101114K(2534400K), 0.0692710 secs] 7292286K->5047774K(10982400K), 0.0702300 secs] [Times: user=0.58 sys=0.00, real=0.08 secs] 
33000.072: [GC 33000.072: [ParNew: 2353914K->131227K(2534400K), 0.1034660 secs] 7190461K->4969158K(10982400K), 0.1044470 secs] [Times: user=0.46 sys=0.00, real=0.11 secs] 
33001.059: [GC 33001.059: [ParNew: 2384027K->178878K(2534400K), 0.1352460 secs] 7138901K->4934543K(10982400K), 0.1362360 secs] [Times: user=0.57 sys=0.00, real=0.14 secs] 
33001.797: [GC 33001.797: [ParNew: 2431678K->132442K(2534400K), 0.1072750 secs] 7112996K->4834138K(10982400K), 0.1082460 secs] [Times: user=0.54 sys=0.01, real=0.11 secs] 
33002.681: [GC 33002.682: [ParNew: 2385242K->144953K(2534400K), 0.1189000 secs] 6972080K->4731791K(10982400K), 0.1198580 secs] [Times: user=0.44 sys=0.00, real=0.12 secs] 
33003.683: [GC 33003.684: [ParNew: 2397753K->126484K(2534400K), 0.1037400 secs] 6782110K->4510841K(10982400K), 0.1047280 secs] [Times: user=0.45 sys=0.00, real=0.11 secs] 
33004.525: [GC 33004.526: [ParNew: 2379284K->107231K(2534400K), 0.0968400 secs] 6763641K->4491587K(10982400K), 0.0979740 secs] [Times: user=0.45 sys=0.01, real=0.09 secs] 
33005.590: [GC 33005.591: [ParNew: 2360046K->118218K(2534400K), 0.1010310 secs] 6744403K->4503596K(10982400K), 0.1021440 secs] [Times: user=0.60 sys=0.00, real=0.10 secs] 
33005.698: [GC 33005.698: [ParNew: 124735K->113792K(2534400K), 0.0309790 secs] 4510113K->4503119K(10982400K), 0.0318050 secs] [Times: user=0.57 sys=0.01, real=0.03 secs] 
33006.750: [GC 33006.751: [ParNew: 2366592K->122926K(2534400K), 0.0777420 secs] 6755919K->4515792K(10982400K), 0.0788140 secs] [Times: user=0.53 sys=0.01, real=0.08 secs] 
33007.880: [GC 33007.881: [ParNew: 2375726K->65458K(2534400K), 0.0606420 secs] 6768592K->4460943K(10982400K), 0.0616300 secs] [Times: user=0.53 sys=0.00, real=0.06 secs] 
33008.839: [GC 33008.839: [ParNew: 2318258K->87727K(2534400K), 0.0877420 secs] 6713743K->4484965K(10982400K), 0.0889000 secs] [Times: user=0.46 sys=0.00, real=0.09 secs] 
33009.598: [GC 33009.599: [ParNew: 2340527K->118508K(2534400K), 0.0947210 secs] 6737765K->4515746K(10982400K), 0.0958580 secs] [Times: user=0.52 sys=0.01, real=0.09 secs] 
33010.480: [GC 33010.481: [ParNew: 2371308K->167657K(2534400K), 0.1446610 secs] 6768546K->4573369K(10982400K), 0.1457250 secs] [Times: user=0.50 sys=0.00, real=0.15 secs] 
33011.521: [GC 33011.521: [ParNew: 2420457K->162143K(2534400K), 0.1365620 secs] 6826169K->4572413K(10982400K), 0.1377260 secs] [Times: user=0.58 sys=0.00, real=0.14 secs] 
33012.511: [GC 33012.511: [ParNew: 2414943K->140212K(2534400K), 0.1395900 secs] 6825213K->4558768K(10982400K), 0.1406860 secs] [Times: user=0.50 sys=0.01, real=0.14 secs] 
33013.477: [GC 33013.478: [ParNew: 2393012K->121443K(2534400K), 0.1223020 secs] 6811568K->4539999K(10982400K), 0.1234670 secs] [Times: user=0.51 sys=0.00, real=0.12 secs] 
33014.602: [GC 33014.603: [ParNew: 2374243K->133470K(2534400K), 0.1219350 secs] 6792799K->4552026K(10982400K), 0.1227980 secs] [Times: user=0.51 sys=0.01, real=0.12 secs] 
33015.574: [GC 33015.575: [ParNew: 2386270K->132369K(2534400K), 0.1212940 secs] 6804826K->4552361K(10982400K), 0.1222870 secs] [Times: user=0.50 sys=0.01, real=0.13 secs] 
33016.502: [GC 33016.502: [ParNew: 2385169K->161963K(2534400K), 0.1214580 secs] 6805161K->4583601K(10982400K), 0.1223690 secs] [Times: user=0.66 sys=0.01, real=0.12 secs] 
33017.359: [GC 33017.360: [ParNew: 2414763K->138565K(2534400K), 0.1195160 secs] 6836401K->4573704K(10982400K), 0.1203630 secs] [Times: user=0.51 sys=0.00, real=0.12 secs] 
33018.182: [GC 33018.183: [ParNew: 2391365K->149637K(2534400K), 0.1287910 secs] 6826504K->4584776K(10982400K), 0.1296240 secs] [Times: user=0.50 sys=0.00, real=0.13 secs] 
33019.009: [GC 33019.009: [ParNew: 2402437K->127806K(2534400K), 0.1116980 secs] 6837576K->4562944K(10982400K), 0.1125270 secs] [Times: user=0.52 sys=0.00, real=0.11 secs] 
33019.890: [GC 33019.890: [ParNew: 2380606K->154970K(2534400K), 0.1368210 secs] 6815744K->4590109K(10982400K), 0.1376510 secs] [Times: user=0.52 sys=0.01, real=0.14 secs] 
33020.853: [GC 33020.853: [ParNew: 2407770K->172532K(2534400K), 0.1475910 secs] 6842908K->4612471K(10982400K), 0.1484200 secs] [Times: user=0.55 sys=0.00, real=0.15 secs] 
33021.789: [GC 33021.790: [ParNew: 2425332K->145497K(2534400K), 0.1368070 secs] 6865271K->4596813K(10982400K), 0.1377350 secs] [Times: user=0.53 sys=0.00, real=0.13 secs] 
33022.669: [GC 33022.670: [ParNew: 2396939K->162448K(2534400K), 0.1165890 secs] 6848255K->4613765K(10982400K), 0.1174480 secs] [Times: user=0.58 sys=0.00, real=0.11 secs] 
33023.529: [GC 33023.529: [ParNew: 2415248K->120078K(2534400K), 0.1010600 secs] 6866565K->4584263K(10982400K), 0.1019620 secs] [Times: user=0.52 sys=0.01, real=0.10 secs] 
33024.526: [GC 33024.526: [ParNew: 2372878K->158370K(2534400K), 0.1359890 secs] 6837063K->4622555K(10982400K), 0.1369000 secs] [Times: user=0.52 sys=0.00, real=0.14 secs] 
33025.250: [GC 33025.250: [ParNew: 2411170K->124070K(2534400K), 0.0995240 secs] 6875355K->4592429K(10982400K), 0.1004130 secs] [Times: user=0.54 sys=0.00, real=0.10 secs] 
33025.990: [GC 33025.991: [ParNew: 2376818K->138008K(2534400K), 0.0966430 secs] 6845177K->4606367K(10982400K), 0.0975070 secs] [Times: user=0.54 sys=0.00, real=0.10 secs] 
33026.780: [GC 33026.780: [ParNew: 2390808K->139564K(2534400K), 0.0860980 secs] 6859167K->4607923K(10982400K), 0.0869210 secs] [Times: user=0.54 sys=0.00, real=0.08 secs] 
33027.500: [GC 33027.500: [ParNew: 2392364K->114283K(2534400K), 0.0746210 secs] 6860723K->4585243K(10982400K), 0.0755140 secs] [Times: user=0.50 sys=0.00, real=0.07 secs] 
33028.297: [GC 33028.297: [ParNew: 2358523K->109314K(2534400K), 0.0895870 secs] 6829483K->4593387K(10982400K), 0.0905070 secs] [Times: user=0.49 sys=0.00, real=0.09 secs] 
33029.059: [GC 33029.060: [ParNew: 2362114K->77153K(2534400K), 0.0670350 secs] 6846187K->4565077K(10982400K), 0.0679410 secs] [Times: user=0.41 sys=0.01, real=0.06 secs] 
33029.831: [GC 33029.832: [ParNew: 2329953K->54626K(2534400K), 0.0469960 secs] 6817877K->4544886K(10982400K), 0.0479490 secs] [Times: user=0.42 sys=0.00, real=0.05 secs] 
33030.665: [GC 33030.665: [ParNew: 2307426K->85864K(2534400K), 0.0539630 secs] 6797686K->4577422K(10982400K), 0.0548480 secs] [Times: user=0.48 sys=0.01, real=0.06 secs] 
33031.231: [GC 33031.231: [ParNew: 2338664K->94972K(2534400K), 0.0810380 secs] 6830222K->4590396K(10982400K), 0.0821540 secs] [Times: user=0.48 sys=0.00, real=0.08 secs] 
33032.122: [GC 33032.122: [ParNew: 2347772K->126998K(2534400K), 0.1089800 secs] 6843196K->4623215K(10982400K), 0.1101200 secs] [Times: user=0.51 sys=0.00, real=0.11 secs] 
33033.117: [GC 33033.118: [ParNew: 2379714K->127321K(2534400K), 0.1164610 secs] 6875930K->4624647K(10982400K), 0.1175670 secs] [Times: user=0.50 sys=0.00, real=0.12 secs] 
33033.975: [GC 33033.976: [ParNew: 2380121K->134165K(2534400K), 0.0953700 secs] 6877447K->4632303K(10982400K), 0.0972060 secs] [Times: user=0.58 sys=0.00, real=0.10 secs] 
33034.820: [GC 33034.821: [ParNew: 2386965K->149842K(2534400K), 0.1157140 secs] 6885103K->4649634K(10982400K), 0.1168590 secs] [Times: user=0.56 sys=0.01, real=0.11 secs] 
33035.798: [GC 33035.799: [ParNew: 2402642K->149675K(2534400K), 0.1306270 secs] 6902434K->4650301K(10982400K), 0.1316880 secs] [Times: user=0.51 sys=0.01, real=0.14 secs] 
33036.703: [GC 33036.704: [ParNew: 2402475K->139497K(2534400K), 0.1061660 secs] 6903101K->4642932K(10982400K), 0.1073430 secs] [Times: user=0.58 sys=0.01, real=0.11 secs] 
33037.729: [GC 33037.729: [ParNew: 2392297K->142480K(2534400K), 0.1195890 secs] 6895732K->4649427K(10982400K), 0.1206090 secs] [Times: user=0.51 sys=0.00, real=0.13 secs] 
33038.568: [GC 33038.568: [ParNew: 2395280K->131990K(2534400K), 0.1015430 secs] 6902227K->4640270K(10982400K), 0.1025140 secs] [Times: user=0.54 sys=0.00, real=0.11 secs] 
33039.355: [GC 33039.355: [ParNew: 2383336K->116227K(2534400K), 0.1092240 secs] 6891616K->4626929K(10982400K), 0.1102380 secs] [Times: user=0.50 sys=0.00, real=0.11 secs] 
33040.388: [GC 33040.389: [ParNew: 2369027K->136983K(2534400K), 0.1365750 secs] 6879729K->4649960K(10982400K), 0.1375490 secs] [Times: user=0.53 sys=0.00, real=0.14 secs] 
33041.274: [GC 33041.275: [ParNew: 2389783K->107099K(2534400K), 0.0992090 secs] 6902760K->4621136K(10982400K), 0.1001910 secs] [Times: user=0.49 sys=0.00, real=0.10 secs] 
33042.347: [GC 33042.348: [ParNew: 2359899K->127116K(2534400K), 0.1100610 secs] 6873936K->4641444K(10982400K), 0.1111570 secs] [Times: user=0.53 sys=0.00, real=0.11 secs] 
33043.224: [GC 33043.225: [ParNew: 2379916K->138257K(2534400K), 0.0836960 secs] 6894244K->4653754K(10982400K), 0.0846830 secs] [Times: user=0.60 sys=0.01, real=0.08 secs] 
33044.079: [GC 33044.079: [ParNew: 2390605K->119570K(2534400K), 0.0931460 secs] 6906103K->4636426K(10982400K), 0.0943520 secs] [Times: user=0.48 sys=0.00, real=0.10 secs] 
33045.191: [GC 33045.192: [ParNew: 2372370K->100473K(2534400K), 0.0936080 secs] 6889226K->4618967K(10982400K), 0.0947210 secs] [Times: user=0.51 sys=0.01, real=0.09 secs] 
33045.988: [GC 33045.989: [ParNew: 2353273K->106157K(2534400K), 0.0911200 secs] 6871767K->4625118K(10982400K), 0.0922460 secs] [Times: user=0.54 sys=0.00, real=0.10 secs] 
33047.010: [GC 33047.011: [ParNew: 2358957K->138712K(2534400K), 0.1310310 secs] 6877918K->4658612K(10982400K), 0.1321950 secs] [Times: user=0.52 sys=0.01, real=0.14 secs] 
33047.918: [GC 33047.919: [ParNew: 2391512K->167071K(2534400K), 0.1265480 secs] 6911412K->4689913K(10982400K), 0.1275350 secs] [Times: user=0.61 sys=0.01, real=0.13 secs] 
33048.860: [GC 33048.861: [ParNew: 2419871K->127965K(2534400K), 0.1116200 secs] 6942713K->4659654K(10982400K), 0.1126160 secs] [Times: user=0.47 sys=0.00, real=0.12 secs] 
33049.600: [GC 33049.601: [ParNew: 2380765K->147482K(2534400K), 0.1017040 secs] 6912454K->4679172K(10982400K), 0.1026820 secs] [Times: user=0.58 sys=0.01, real=0.11 secs] 
33050.519: [GC 33050.520: [ParNew: 2400282K->162959K(2534400K), 0.1254070 secs] 6931972K->4694648K(10982400K), 0.1263810 secs] [Times: user=0.58 sys=0.00, real=0.13 secs] 
33051.401: [GC 33051.402: [ParNew: 2415759K->141754K(2534400K), 0.1166780 secs] 6947448K->4680318K(10982400K), 0.1176690 secs] [Times: user=0.57 sys=0.00, real=0.12 secs] 
33052.373: [GC 33052.374: [ParNew: 2394554K->154196K(2534400K), 0.1133840 secs] 6933118K->4692759K(10982400K), 0.1143470 secs] [Times: user=0.57 sys=0.00, real=0.11 secs] 
33053.502: [GC 33053.502: [ParNew: 2407011K->105537K(2534400K), 0.0660060 secs] 6945574K->4645161K(10982400K), 0.0669510 secs] [Times: user=0.55 sys=0.00, real=0.06 secs] 
33053.572: [GC 33053.573: [ParNew: 106177K->99688K(2534400K), 0.0274690 secs] 4645801K->4645010K(10982400K), 0.0282560 secs] [Times: user=0.47 sys=0.00, real=0.02 secs] 
33054.799: [GC 33054.800: [ParNew: 2352488K->81450K(2534400K), 0.0610310 secs] 6897810K->4628656K(10982400K), 0.0621780 secs] [Times: user=0.49 sys=0.00, real=0.06 secs] 
33055.928: [GC 33055.928: [ParNew: 2334250K->43852K(2534400K), 0.0442730 secs] 6881456K->4592415K(10982400K), 0.0454610 secs] [Times: user=0.45 sys=0.01, real=0.05 secs] 
33057.045: [GC 33057.045: [ParNew: 2296652K->50935K(2534400K), 0.0430130 secs] 6845215K->4601154K(10982400K), 0.0440690 secs] [Times: user=0.45 sys=0.00, real=0.04 secs] 
33058.310: [GC 33058.311: [ParNew: 2303735K->41949K(2534400K), 0.0409050 secs] 6853954K->4592168K(10982400K), 0.0420000 secs] [Times: user=0.38 sys=0.01, real=0.04 secs] 
33059.567: [GC 33059.568: [ParNew: 2294749K->95952K(2534400K), 0.0559800 secs] 6844968K->4648519K(10982400K), 0.0573250 secs] [Times: user=0.64 sys=0.01, real=0.06 secs] 
33060.788: [GC 33060.788: [ParNew: 2348752K->75139K(2534400K), 0.0524320 secs] 6901319K->4630589K(10982400K), 0.0534200 secs] [Times: user=0.56 sys=0.00, real=0.05 secs] 
33061.923: [GC 33061.924: [ParNew: 2327939K->59844K(2534400K), 0.0438960 secs] 6883389K->4616445K(10982400K), 0.0448930 secs] [Times: user=0.47 sys=0.01, real=0.05 secs] 
33063.167: [GC 33063.167: [ParNew: 2312644K->46859K(2534400K), 0.0403010 secs] 6869245K->4604262K(10982400K), 0.0412830 secs] [Times: user=0.43 sys=0.00, real=0.04 secs] 
33064.501: [GC 33064.502: [ParNew: 2299659K->87427K(2534400K), 0.0503390 secs] 6857062K->4645959K(10982400K), 0.0514790 secs] [Times: user=0.57 sys=0.00, real=0.05 secs] 
33065.495: [GC 33065.496: [ParNew: 2340227K->123381K(2534400K), 0.0488240 secs] 6898759K->4682948K(10982400K), 0.0498180 secs] [Times: user=0.64 sys=0.00, real=0.05 secs] 
33066.445: [GC 33066.445: [ParNew: 2376181K->101791K(2534400K), 0.0493610 secs] 6935748K->4663031K(10982400K), 0.0503460 secs] [Times: user=0.62 sys=0.01, real=0.05 secs] 
33067.267: [GC 33067.268: [ParNew: 2354591K->73297K(2534400K), 0.0386230 secs] 6915831K->4636303K(10982400K), 0.0395890 secs] [Times: user=0.46 sys=0.00, real=0.04 secs] 
33068.335: [GC 33068.335: [ParNew: 2326097K->45341K(2534400K), 0.0404620 secs] 6889103K->4612794K(10982400K), 0.0414710 secs] [Times: user=0.42 sys=0.01, real=0.04 secs] 
33069.990: [GC 33069.991: [ParNew: 2298141K->61038K(2534400K), 0.0484890 secs] 6865594K->4629909K(10982400K), 0.0494820 secs] [Times: user=0.46 sys=0.00, real=0.05 secs] 
33071.385: [GC 33071.386: [ParNew: 2313838K->48562K(2534400K), 0.0462000 secs] 6882709K->4617949K(10982400K), 0.0473790 secs] [Times: user=0.44 sys=0.01, real=0.04 secs] 
33072.982: [GC 33072.983: [ParNew: 2301362K->47264K(2534400K), 0.0506140 secs] 6870748K->4617582K(10982400K), 0.0517840 secs] [Times: user=0.43 sys=0.00, real=0.05 secs] 
33074.011: [GC 33074.012: [ParNew: 2300064K->51735K(2534400K), 0.0392030 secs] 6870382K->4623934K(10982400K), 0.0403390 secs] [Times: user=0.39 sys=0.00, real=0.04 secs] 
33074.768: [GC 33074.768: [ParNew: 2304535K->43102K(2534400K), 0.0365570 secs] 6876734K->4616309K(10982400K), 0.0376390 secs] [Times: user=0.43 sys=0.00, real=0.04 secs] 
33075.744: [GC 33075.745: [ParNew: 2295902K->51051K(2534400K), 0.0383560 secs] 6869109K->4625163K(10982400K), 0.0395080 secs] [Times: user=0.40 sys=0.00, real=0.04 secs] 
33076.843: [GC 33076.843: [ParNew: 2303851K->40251K(2534400K), 0.0414120 secs] 6877963K->4615401K(10982400K), 0.0425290 secs] [Times: user=0.41 sys=0.00, real=0.05 secs] 
33078.287: [GC 33078.288: [ParNew: 2293051K->72221K(2534400K), 0.0501240 secs] 6868201K->4649023K(10982400K), 0.0512030 secs] [Times: user=0.51 sys=0.00, real=0.05 secs] 
33079.450: [GC 33079.450: [ParNew: 2325021K->56736K(2534400K), 0.0431890 secs] 6901823K->4634260K(10982400K), 0.0443340 secs] [Times: user=0.44 sys=0.00, real=0.04 secs] 
33080.992: [GC 33080.993: [ParNew: 2309531K->41092K(2534400K), 0.0477810 secs] 6887054K->4619672K(10982400K), 0.0489380 secs] [Times: user=0.40 sys=0.00, real=0.05 secs] 
33082.704: [GC 33082.705: [ParNew: 2293892K->48945K(2534400K), 0.0506440 secs] 6872472K->4630887K(10982400K), 0.0517880 secs] [Times: user=0.44 sys=0.01, real=0.05 secs] 
33084.284: [GC 33084.285: [ParNew: 2301745K->47894K(2534400K), 0.0501090 secs] 6883687K->4630545K(10982400K), 0.0512090 secs] [Times: user=0.48 sys=0.01, real=0.05 secs] 
33085.925: [GC 33085.926: [ParNew: 2300694K->45488K(2534400K), 0.0485080 secs] 6883345K->4629558K(10982400K), 0.0496430 secs] [Times: user=0.43 sys=0.00, real=0.05 secs] 
33087.448: [GC 33087.449: [ParNew: 2298288K->40675K(2534400K), 0.0459110 secs] 6882358K->4625488K(10982400K), 0.0468930 secs] [Times: user=0.41 sys=0.00, real=0.04 secs] 
33088.859: [GC 33088.860: [ParNew: 2293475K->36234K(2534400K), 0.0516770 secs] 6878288K->4625418K(10982400K), 0.0526660 secs] [Times: user=0.41 sys=0.00, real=0.05 secs] 
33090.029: [GC 33090.030: [ParNew: 2289034K->84742K(2534400K), 0.0515930 secs] 6878218K->4675782K(10982400K), 0.0527700 secs] [Times: user=0.62 sys=0.01, real=0.05 secs] 
33091.182: [GC 33091.183: [ParNew: 2337542K->63028K(2534400K), 0.0504990 secs] 6928582K->4655850K(10982400K), 0.0516600 secs] [Times: user=0.49 sys=0.01, real=0.05 secs] 
33092.521: [GC 33092.522: [ParNew: 2315828K->59256K(2534400K), 0.0504800 secs] 6908650K->4652688K(10982400K), 0.0516220 secs] [Times: user=0.49 sys=0.00, real=0.05 secs] 
33093.750: [GC 33093.751: [ParNew: 2312056K->78897K(2534400K), 0.0510100 secs] 6905488K->4672955K(10982400K), 0.0521370 secs] [Times: user=0.51 sys=0.00, real=0.05 secs] 
33094.881: [GC 33094.882: [ParNew: 2331697K->56509K(2534400K), 0.0462240 secs] 6925755K->4651725K(10982400K), 0.0475320 secs] [Times: user=0.44 sys=0.00, real=0.05 secs] 
33096.259: [GC 33096.260: [ParNew: 2309309K->41480K(2534400K), 0.0500820 secs] 6904525K->4638027K(10982400K), 0.0512420 secs] [Times: user=0.41 sys=0.00, real=0.05 secs] 
33097.232: [GC 33097.233: [ParNew: 2294280K->100459K(2534400K), 0.0485610 secs] 6890827K->4698310K(10982400K), 0.0496890 secs] [Times: user=0.58 sys=0.00, real=0.05 secs] 
33098.599: [GC 33098.600: [ParNew: 2353259K->76177K(2534400K), 0.0471680 secs] 6951110K->4674988K(10982400K), 0.0483190 secs] [Times: user=0.42 sys=0.00, real=0.04 secs] 
33100.118: [GC 33100.119: [ParNew: 2328977K->33614K(2534400K), 0.0458900 secs] 6927788K->4633745K(10982400K), 0.0470980 secs] [Times: user=0.40 sys=0.01, real=0.05 secs] 
33101.510: [GC 33101.511: [ParNew: 2286436K->37732K(2534400K), 0.0432610 secs] 6886567K->4638859K(10982400K), 0.0442170 secs] [Times: user=0.39 sys=0.00, real=0.04 secs] 
33101.559: [GC 33101.559: [ParNew: 38095K->43226K(2534400K), 0.0190160 secs] 4639222K->4645054K(10982400K), 0.0197210 secs] [Times: user=0.39 sys=0.00, real=0.02 secs] 
33103.174: [GC 33103.175: [ParNew: 2296026K->48107K(2534400K), 0.0548610 secs] 6897854K->4650562K(10982400K), 0.0558520 secs] [Times: user=0.50 sys=0.00, real=0.06 secs] 
33104.332: [GC 33104.332: [ParNew: 2300907K->104840K(2534400K), 0.0614210 secs] 6903362K->4708174K(10982400K), 0.0623970 secs] [Times: user=0.59 sys=0.01, real=0.06 secs] 
33105.648: [GC 33105.648: [ParNew: 2357640K->86953K(2534400K), 0.0635020 secs] 6960974K->4692117K(10982400K), 0.0644950 secs] [Times: user=0.45 sys=0.01, real=0.07 secs] 
33107.111: [GC 33107.112: [ParNew: 2339753K->85377K(2534400K), 0.0679690 secs] 6944917K->4690541K(10982400K), 0.0691070 secs] [Times: user=0.54 sys=0.00, real=0.07 secs] 
33108.168: [GC 33108.169: [ParNew: 2338177K->56627K(2534400K), 0.0559350 secs] 6943341K->4664724K(10982400K), 0.0570570 secs] [Times: user=0.43 sys=0.00, real=0.06 secs] 
33109.434: [GC 33109.435: [ParNew: 2309427K->57592K(2534400K), 0.0554990 secs] 6917524K->4666347K(10982400K), 0.0565350 secs] [Times: user=0.41 sys=0.00, real=0.06 secs] 
33110.555: [GC 33110.555: [ParNew: 2310396K->75511K(2534400K), 0.0712640 secs] 6919152K->4685527K(10982400K), 0.0721320 secs] [Times: user=0.48 sys=0.00, real=0.07 secs] 
33110.631: [GC 33110.631: [ParNew: 76178K->74395K(2534400K), 0.0227630 secs] 4686194K->4686205K(10982400K), 0.0234570 secs] [Times: user=0.44 sys=0.00, real=0.02 secs] 
33112.105: [GC 33112.106: [ParNew: 2327195K->74714K(2534400K), 0.0635190 secs] 6939005K->4687609K(10982400K), 0.0644600 secs] [Times: user=0.44 sys=0.00, real=0.06 secs] 
33113.615: [GC 33113.616: [ParNew: 2327514K->74911K(2534400K), 0.0655020 secs] 6940409K->4689109K(10982400K), 0.0663710 secs] [Times: user=0.50 sys=0.00, real=0.07 secs] 
33114.901: [GC 33114.901: [ParNew: 2327711K->55843K(2534400K), 0.0602260 secs] 6941909K->4681334K(10982400K), 0.0610840 secs] [Times: user=0.36 sys=0.01, real=0.07 secs] 
33116.152: [GC 33116.153: [ParNew: 2308643K->67433K(2534400K), 0.0699550 secs] 6934134K->4692924K(10982400K), 0.0709860 secs] [Times: user=0.50 sys=0.00, real=0.07 secs] 
33117.132: [GC 33117.133: [ParNew: 2320233K->99950K(2534400K), 0.0725960 secs] 6945724K->4726613K(10982400K), 0.0736520 secs] [Times: user=0.47 sys=0.00, real=0.07 secs] 
33118.438: [GC 33118.438: [ParNew: 2352750K->88334K(2534400K), 0.0808370 secs] 6979413K->4716205K(10982400K), 0.0819750 secs] [Times: user=0.48 sys=0.00, real=0.08 secs] 
33119.394: [GC 33119.395: [ParNew: 2341134K->94245K(2534400K), 0.0833150 secs] 6969005K->4723602K(10982400K), 0.0844600 secs] [Times: user=0.57 sys=0.00, real=0.08 secs] 
33120.694: [GC 33120.695: [ParNew: 2347045K->67939K(2534400K), 0.0685500 secs] 6976402K->4698297K(10982400K), 0.0695380 secs] [Times: user=0.44 sys=0.00, real=0.07 secs] 
33122.367: [GC 33122.368: [ParNew: 2320739K->94025K(2534400K), 0.1011350 secs] 6951097K->4725299K(10982400K), 0.1021010 secs] [Times: user=0.52 sys=0.01, real=0.10 secs] 
33123.802: [GC 33123.803: [ParNew: 2346825K->62588K(2534400K), 0.0616520 secs] 6978099K->4694927K(10982400K), 0.0624730 secs] [Times: user=0.40 sys=0.01, real=0.07 secs] 
33125.080: [GC 33125.081: [ParNew: 2315388K->86939K(2534400K), 0.0695440 secs] 6947727K->4720076K(10982400K), 0.0705360 secs] [Times: user=0.54 sys=0.00, real=0.07 secs] 
33126.283: [GC 33126.283: [ParNew: 2339739K->79707K(2534400K), 0.0796490 secs] 6972876K->4715586K(10982400K), 0.0807780 secs] [Times: user=0.51 sys=0.00, real=0.09 secs] 
33127.358: [GC 33127.359: [ParNew: 2332507K->90513K(2534400K), 0.0958400 secs] 6968386K->4727120K(10982400K), 0.0969490 secs] [Times: user=0.46 sys=0.00, real=0.10 secs] 
33128.434: [GC 33128.435: [ParNew: 2343313K->98888K(2534400K), 0.1021570 secs] 6979920K->4737372K(10982400K), 0.1033150 secs] [Times: user=0.57 sys=0.00, real=0.10 secs] 
33129.519: [GC 33129.519: [ParNew: 2351688K->88864K(2534400K), 0.0893540 secs] 6990172K->4728471K(10982400K), 0.0904840 secs] [Times: user=0.52 sys=0.00, real=0.09 secs] 
33130.897: [GC 33130.898: [ParNew: 2341664K->97215K(2534400K), 0.0869810 secs] 6981271K->4737635K(10982400K), 0.0880970 secs] [Times: user=0.52 sys=0.00, real=0.09 secs] 
33132.161: [GC 33132.161: [ParNew: 2350015K->114105K(2534400K), 0.0656040 secs] 6990435K->4755253K(10982400K), 0.0667250 secs] [Times: user=0.63 sys=0.00, real=0.07 secs] 
33133.534: [GC 33133.535: [ParNew: 2366905K->103092K(2534400K), 0.0770510 secs] 7008053K->4748728K(10982400K), 0.0780310 secs] [Times: user=0.60 sys=0.01, real=0.08 secs] 
33134.809: [GC 33134.810: [ParNew: 2355892K->87808K(2534400K), 0.0666440 secs] 7001528K->4734541K(10982400K), 0.0676340 secs] [Times: user=0.49 sys=0.00, real=0.07 secs] 
33136.005: [GC 33136.005: [ParNew: 2340608K->85002K(2534400K), 0.0813060 secs] 6987341K->4733110K(10982400K), 0.0822810 secs] [Times: user=0.47 sys=0.01, real=0.08 secs] 
33137.202: [GC 33137.203: [ParNew: 2337802K->120765K(2534400K), 0.0830530 secs] 6985910K->4771638K(10982400K), 0.0840280 secs] [Times: user=0.64 sys=0.00, real=0.09 secs] 
33138.030: [GC 33138.031: [ParNew: 2373565K->91718K(2534400K), 0.0741920 secs] 7024438K->4745093K(10982400K), 0.0751770 secs] [Times: user=0.53 sys=0.00, real=0.08 secs] 
33139.052: [GC 33139.053: [ParNew: 2344518K->82443K(2534400K), 0.0720120 secs] 6997893K->4737666K(10982400K), 0.0731670 secs] [Times: user=0.43 sys=0.00, real=0.08 secs] 
33139.835: [GC 33139.835: [ParNew: 2335243K->87263K(2534400K), 0.0810000 secs] 6990466K->4745505K(10982400K), 0.0820800 secs] [Times: user=0.49 sys=0.01, real=0.09 secs] 
33140.846: [GC 33140.847: [ParNew: 2340063K->87711K(2534400K), 0.0966090 secs] 6998305K->4747641K(10982400K), 0.0977890 secs] [Times: user=0.47 sys=0.01, real=0.09 secs] 
33142.202: [GC 33142.203: [ParNew: 2340511K->74394K(2534400K), 0.0838630 secs] 7000441K->4738116K(10982400K), 0.0849690 secs] [Times: user=0.49 sys=0.01, real=0.09 secs] 
33143.785: [GC 33143.786: [ParNew: 2327194K->64156K(2534400K), 0.0529490 secs] 6990916K->4728776K(10982400K), 0.0540740 secs] [Times: user=0.48 sys=0.00, real=0.06 secs] 
33145.066: [GC 33145.067: [ParNew: 2316956K->76772K(2534400K), 0.0745190 secs] 6981576K->4741833K(10982400K), 0.0755050 secs] [Times: user=0.50 sys=0.00, real=0.07 secs] 
33146.409: [GC 33146.409: [ParNew: 2329572K->66453K(2534400K), 0.0710500 secs] 6994633K->4732652K(10982400K), 0.0721220 secs] [Times: user=0.46 sys=0.00, real=0.07 secs] 
33147.540: [GC 33147.541: [ParNew: 2319253K->83043K(2534400K), 0.0848160 secs] 6985452K->4750704K(10982400K), 0.0859250 secs] [Times: user=0.50 sys=0.00, real=0.08 secs] 
33148.645: [GC 33148.645: [ParNew: 2335843K->99544K(2534400K), 0.0982280 secs] 7003504K->4768158K(10982400K), 0.0992920 secs] [Times: user=0.54 sys=0.00, real=0.10 secs] 
33149.908: [GC 33149.908: [ParNew: 2352344K->82428K(2534400K), 0.0884650 secs] 7020958K->4752138K(10982400K), 0.0895220 secs] [Times: user=0.49 sys=0.00, real=0.09 secs] 
33151.340: [GC 33151.341: [ParNew: 2333361K->87270K(2534400K), 0.0861730 secs] 7003072K->4762514K(10982400K), 0.0873070 secs] [Times: user=0.54 sys=0.00, real=0.09 secs] 
33152.715: [GC 33152.716: [ParNew: 2340070K->110842K(2534400K), 0.0870690 secs] 7015314K->4786899K(10982400K), 0.0882030 secs] [Times: user=0.60 sys=0.00, real=0.09 secs] 
33154.086: [GC 33154.087: [ParNew: 2363642K->130160K(2534400K), 0.0926640 secs] 7039699K->4806872K(10982400K), 0.0938140 secs] [Times: user=0.63 sys=0.00, real=0.10 secs] 
33155.241: [GC 33155.241: [ParNew: 2382948K->104440K(2534400K), 0.0865890 secs] 7059660K->4781732K(10982400K), 0.0876690 secs] [Times: user=0.52 sys=0.00, real=0.09 secs] 
33156.332: [GC 33156.332: [ParNew: 2356621K->94229K(2534400K), 0.0799630 secs] 7033912K->4772783K(10982400K), 0.0809780 secs] [Times: user=0.49 sys=0.00, real=0.08 secs] 
33157.467: [GC 33157.467: [ParNew: 2347029K->106712K(2534400K), 0.0985420 secs] 7025583K->4787294K(10982400K), 0.0995180 secs] [Times: user=0.44 sys=0.00, real=0.10 secs] 
33158.708: [GC 33158.709: [ParNew: 2359512K->36798K(2534400K), 0.0554350 secs] 7040094K->4719538K(10982400K), 0.0565290 secs] [Times: user=0.44 sys=0.01, real=0.05 secs] 
33160.517: [GC 33160.517: [ParNew: 2289598K->39114K(2534400K), 0.0532150 secs] 6972338K->4724966K(10982400K), 0.0543880 secs] [Times: user=0.38 sys=0.00, real=0.06 secs] 
33162.383: [GC 33162.384: [ParNew: 2291914K->39690K(2534400K), 0.0567320 secs] 6977766K->4727043K(10982400K), 0.0578800 secs] [Times: user=0.48 sys=0.01, real=0.06 secs] 
33164.146: [GC 33164.147: [ParNew: 2292490K->48792K(2534400K), 0.0493790 secs] 6979843K->4736851K(10982400K), 0.0504510 secs] [Times: user=0.46 sys=0.00, real=0.05 secs] 
33165.904: [GC 33165.904: [ParNew: 2301592K->72765K(2534400K), 0.0535080 secs] 6989651K->4761414K(10982400K), 0.0546260 secs] [Times: user=0.46 sys=0.00, real=0.05 secs] 
33167.567: [GC 33167.568: [ParNew: 2325565K->58867K(2534400K), 0.0456880 secs] 7014214K->4748669K(10982400K), 0.0466650 secs] [Times: user=0.40 sys=0.00, real=0.05 secs] 
33168.967: [GC 33168.968: [ParNew: 2311667K->87389K(2534400K), 0.0521760 secs] 7001469K->4780155K(10982400K), 0.0531390 secs] [Times: user=0.56 sys=0.01, real=0.06 secs] 
33170.438: [GC 33170.438: [ParNew: 2340189K->98967K(2534400K), 0.0706960 secs] 7032955K->4798436K(10982400K), 0.0716810 secs] [Times: user=0.53 sys=0.01, real=0.08 secs] 
33172.261: [GC 33172.262: [ParNew: 2351767K->90934K(2534400K), 0.0824950 secs] 7051236K->4794222K(10982400K), 0.0834670 secs] [Times: user=0.48 sys=0.01, real=0.08 secs] 
33173.968: [GC 33173.968: [ParNew: 2343734K->75947K(2534400K), 0.0656040 secs] 7047022K->4781125K(10982400K), 0.0665830 secs] [Times: user=0.50 sys=0.00, real=0.07 secs] 
33175.532: [GC 33175.533: [ParNew: 2328747K->81498K(2534400K), 0.0821380 secs] 7033925K->4793322K(10982400K), 0.0831210 secs] [Times: user=0.54 sys=0.00, real=0.08 secs] 
33176.890: [GC 33176.891: [ParNew: 2334298K->89453K(2534400K), 0.0797320 secs] 7046122K->4802907K(10982400K), 0.0808770 secs] [Times: user=0.45 sys=0.00, real=0.09 secs] 
33178.483: [GC 33178.484: [ParNew: 2342253K->88624K(2534400K), 0.0873180 secs] 7055707K->4803821K(10982400K), 0.0884340 secs] [Times: user=0.50 sys=0.01, real=0.09 secs] 
33180.171: [GC 33180.172: [ParNew: 2341424K->72961K(2534400K), 0.0682160 secs] 7056621K->4799664K(10982400K), 0.0693640 secs] [Times: user=0.58 sys=0.01, real=0.07 secs] 
33182.460: [GC 33182.461: [ParNew: 2325761K->53585K(2534400K), 0.0537140 secs] 7052464K->4781111K(10982400K), 0.0548460 secs] [Times: user=0.40 sys=0.00, real=0.06 secs] 
33184.382: [GC 33184.383: [ParNew: 2306385K->51834K(2534400K), 0.0508370 secs] 7033911K->4779791K(10982400K), 0.0518120 secs] [Times: user=0.46 sys=0.00, real=0.05 secs] 
33186.226: [GC 33186.227: [ParNew: 2304634K->57779K(2534400K), 0.0587370 secs] 7032591K->4788980K(10982400K), 0.0597710 secs] [Times: user=0.53 sys=0.00, real=0.06 secs] 
33188.433: [GC 33188.433: [ParNew: 2310579K->65330K(2534400K), 0.0553930 secs] 7041780K->4797212K(10982400K), 0.0563760 secs] [Times: user=0.53 sys=0.00, real=0.05 secs] 
33189.945: [GC 33189.945: [ParNew: 2318130K->100052K(2534400K), 0.0570250 secs] 7050012K->4835538K(10982400K), 0.0580530 secs] [Times: user=0.63 sys=0.00, real=0.06 secs] 
33191.862: [GC 33191.863: [ParNew: 2352852K->76543K(2534400K), 0.0529610 secs] 7088338K->4813265K(10982400K), 0.0539850 secs] [Times: user=0.45 sys=0.00, real=0.06 secs] 
33194.142: [GC 33194.143: [ParNew: 2329343K->55934K(2534400K), 0.0628170 secs] 7066065K->4799422K(10982400K), 0.0637900 secs] [Times: user=0.48 sys=0.00, real=0.07 secs] 
33196.122: [GC 33196.122: [ParNew: 2308734K->50417K(2534400K), 0.0581600 secs] 7052222K->4796647K(10982400K), 0.0591600 secs] [Times: user=0.51 sys=0.01, real=0.06 secs] 
33198.021: [GC 33198.021: [ParNew: 2303217K->46603K(2534400K), 0.0550000 secs] 7049447K->4795021K(10982400K), 0.0559790 secs] [Times: user=0.49 sys=0.00, real=0.06 secs] 
33199.822: [GC 33199.823: [ParNew: 2299403K->54673K(2534400K), 0.0525390 secs] 7047821K->4804243K(10982400K), 0.0536280 secs] [Times: user=0.46 sys=0.00, real=0.06 secs] 
33201.773: [GC 33201.774: [ParNew: 2307473K->44502K(2534400K), 0.0485120 secs] 7057043K->4795969K(10982400K), 0.0495090 secs] [Times: user=0.44 sys=0.00, real=0.05 secs] 
33204.027: [GC 33204.027: [ParNew: 2297302K->47703K(2534400K), 0.0568760 secs] 7048769K->4802209K(10982400K), 0.0580040 secs] [Times: user=0.43 sys=0.01, real=0.05 secs] 
33205.959: [GC 33205.960: [ParNew: 2300503K->70133K(2534400K), 0.0691550 secs] 7055009K->4828279K(10982400K), 0.0701560 secs] [Times: user=0.55 sys=0.00, real=0.07 secs] 
33208.270: [GC 33208.271: [ParNew: 2322933K->59539K(2534400K), 0.0651520 secs] 7081079K->4820680K(10982400K), 0.0662350 secs] [Times: user=0.42 sys=0.01, real=0.07 secs] 
33210.526: [GC 33210.527: [ParNew: 2312339K->39314K(2534400K), 0.0546450 secs] 7073480K->4803537K(10982400K), 0.0557700 secs] [Times: user=0.38 sys=0.01, real=0.05 secs] 
33212.182: [GC 33212.183: [ParNew: 2292114K->46811K(2534400K), 0.0514720 secs] 7056337K->4811935K(10982400K), 0.0526130 secs] [Times: user=0.41 sys=0.00, real=0.05 secs] 
33214.868: [GC 33214.868: [ParNew: 2299611K->38934K(2534400K), 0.0605290 secs] 7064735K->4805705K(10982400K), 0.0616820 secs] [Times: user=0.47 sys=0.00, real=0.06 secs] 
33217.251: [GC 33217.251: [ParNew: 2291734K->31803K(2534400K), 0.0514550 secs] 7058505K->4800153K(10982400K), 0.0525950 secs] [Times: user=0.37 sys=0.00, real=0.05 secs] 
33219.014: [GC 33219.015: [ParNew: 2284603K->49630K(2534400K), 0.0515860 secs] 7052953K->4818841K(10982400K), 0.0527300 secs] [Times: user=0.46 sys=0.00, real=0.05 secs] 
33220.825: [GC 33220.825: [ParNew: 2302324K->68217K(2534400K), 0.0533730 secs] 7071535K->4838505K(10982400K), 0.0545200 secs] [Times: user=0.57 sys=0.00, real=0.06 secs] 
33221.915: [GC 33221.916: [ParNew: 2321015K->51720K(2534400K), 0.0403850 secs] 7091302K->4823134K(10982400K), 0.0415070 secs] [Times: user=0.45 sys=0.00, real=0.04 secs] 
33222.783: [GC 33222.784: [ParNew: 2304520K->42534K(2534400K), 0.0351250 secs] 7075934K->4815142K(10982400K), 0.0362410 secs] [Times: user=0.41 sys=0.00, real=0.04 secs] 
33223.650: [GC 33223.651: [ParNew: 2295334K->107438K(2534400K), 0.0446860 secs] 7067942K->4884108K(10982400K), 0.0458080 secs] [Times: user=0.65 sys=0.01, real=0.04 secs] 
33224.413: [GC 33224.413: [ParNew: 2360238K->76480K(2534400K), 0.0349040 secs] 7136908K->4859691K(10982400K), 0.0359720 secs] [Times: user=0.39 sys=0.01, real=0.04 secs] 
33225.352: [GC 33225.353: [ParNew: 2329280K->39085K(2534400K), 0.0333520 secs] 7112491K->4823111K(10982400K), 0.0344620 secs] [Times: user=0.37 sys=0.00, real=0.03 secs] 
33226.355: [GC 33226.355: [ParNew: 2291885K->39867K(2534400K), 0.0337890 secs] 7075911K->4824637K(10982400K), 0.0347440 secs] [Times: user=0.42 sys=0.01, real=0.04 secs] 
33227.643: [GC 33227.643: [ParNew: 2292667K->43127K(2534400K), 0.0443040 secs] 7077437K->4829268K(10982400K), 0.0454120 secs] [Times: user=0.44 sys=0.00, real=0.04 secs] 
33229.191: [GC 33229.191: [ParNew: 2295927K->46201K(2534400K), 0.0445820 secs] 7082068K->4832850K(10982400K), 0.0456860 secs] [Times: user=0.43 sys=0.01, real=0.04 secs] 
33230.811: [GC 33230.811: [ParNew: 2299001K->69729K(2534400K), 0.0613730 secs] 7085650K->4868278K(10982400K), 0.0623370 secs] [Times: user=0.56 sys=0.00, real=0.06 secs] 
33232.106: [GC 33232.106: [ParNew: 2322529K->81915K(2534400K), 0.0466270 secs] 7121078K->4881018K(10982400K), 0.0475980 secs] [Times: user=0.49 sys=0.01, real=0.05 secs] 
33233.719: [GC 33233.719: [ParNew: 2334715K->53222K(2534400K), 0.0458800 secs] 7133818K->4853255K(10982400K), 0.0468610 secs] [Times: user=0.44 sys=0.00, real=0.05 secs] 
33234.867: [GC 33234.867: [ParNew: 2306022K->32806K(2534400K), 0.0383900 secs] 7106055K->4833543K(10982400K), 0.0393560 secs] [Times: user=0.42 sys=0.01, real=0.04 secs] 
33236.112: [GC 33236.112: [ParNew: 2285565K->57166K(2534400K), 0.0539700 secs] 7086301K->4860131K(10982400K), 0.0549570 secs] [Times: user=0.44 sys=0.00, real=0.05 secs] 
33237.550: [GC 33237.550: [ParNew: 2309966K->41564K(2534400K), 0.0544900 secs] 7112931K->4846012K(10982400K), 0.0554860 secs] [Times: user=0.41 sys=0.00, real=0.05 secs] 
33239.016: [GC 33239.017: [ParNew: 2294364K->52902K(2534400K), 0.0563650 secs] 7098812K->4858539K(10982400K), 0.0573500 secs] [Times: user=0.41 sys=0.01, real=0.06 secs] 
33240.625: [GC 33240.625: [ParNew: 2305702K->49322K(2534400K), 0.0560570 secs] 7111339K->4855918K(10982400K), 0.0570430 secs] [Times: user=0.47 sys=0.00, real=0.06 secs] 
33242.275: [GC 33242.276: [ParNew: 2302122K->66398K(2534400K), 0.0756900 secs] 7108718K->4873771K(10982400K), 0.0766660 secs] [Times: user=0.39 sys=0.00, real=0.08 secs] 
33243.693: [GC 33243.693: [ParNew: 2319198K->66236K(2534400K), 0.0721440 secs] 7126571K->4875235K(10982400K), 0.0731290 secs] [Times: user=0.52 sys=0.01, real=0.07 secs] 
33244.643: [GC 33244.644: [ParNew: 2319036K->88805K(2534400K), 0.0618240 secs] 7128035K->4898680K(10982400K), 0.0627860 secs] [Times: user=0.59 sys=0.00, real=0.06 secs] 
33245.437: [GC 33245.438: [ParNew: 2341605K->54113K(2534400K), 0.0412260 secs] 7151480K->4865028K(10982400K), 0.0421820 secs] [Times: user=0.40 sys=0.00, real=0.04 secs] 
33246.183: [GC 33246.184: [ParNew: 2306913K->34142K(2534400K), 0.0368070 secs] 7117828K->4845915K(10982400K), 0.0377630 secs] [Times: user=0.42 sys=0.01, real=0.03 secs] 
33246.817: [GC 33246.818: [ParNew: 2286942K->51646K(2534400K), 0.0462980 secs] 7098715K->4864315K(10982400K), 0.0473970 secs] [Times: user=0.47 sys=0.01, real=0.05 secs] 
33247.529: [GC 33247.530: [ParNew: 2304446K->63213K(2534400K), 0.0497580 secs] 7117115K->4877610K(10982400K), 0.0508590 secs] [Times: user=0.46 sys=0.00, real=0.05 secs] 
33248.411: [GC 33248.411: [ParNew: 2316013K->68293K(2534400K), 0.0634110 secs] 7130410K->4883754K(10982400K), 0.0645410 secs] [Times: user=0.36 sys=0.00, real=0.07 secs] 
33249.578: [GC 33249.579: [ParNew: 2321093K->68512K(2534400K), 0.0682110 secs] 7136554K->4884727K(10982400K), 0.0693450 secs] [Times: user=0.47 sys=0.00, real=0.07 secs] 
33250.795: [GC 33250.796: [ParNew: 2321312K->74085K(2534400K), 0.0583960 secs] 7137527K->4890794K(10982400K), 0.0594820 secs] [Times: user=0.48 sys=0.01, real=0.06 secs] 
33251.627: [GC 33251.628: [ParNew: 2326885K->72735K(2534400K), 0.0513890 secs] 7143594K->4890142K(10982400K), 0.0525030 secs] [Times: user=0.46 sys=0.00, real=0.05 secs] 
33252.712: [GC 33252.713: [ParNew: 2325535K->93885K(2534400K), 0.0610780 secs] 7142942K->4912050K(10982400K), 0.0622330 secs] [Times: user=0.53 sys=0.00, real=0.07 secs] 
33253.730: [GC 33253.731: [ParNew: 2346685K->99703K(2534400K), 0.0676410 secs] 7164850K->4918913K(10982400K), 0.0687960 secs] [Times: user=0.59 sys=0.01, real=0.07 secs] 
33254.833: [GC 33254.833: [ParNew: 2352503K->78783K(2534400K), 0.0641130 secs] 7171713K->4899567K(10982400K), 0.0650920 secs] [Times: user=0.49 sys=0.00, real=0.06 secs] 
33256.254: [GC 33256.255: [ParNew: 2331583K->73247K(2534400K), 0.0692390 secs] 7152367K->4894672K(10982400K), 0.0702360 secs] [Times: user=0.47 sys=0.00, real=0.07 secs] 
33257.505: [GC 33257.506: [ParNew: 2326047K->106434K(2534400K), 0.0789560 secs] 7147472K->4929113K(10982400K), 0.0801160 secs] [Times: user=0.52 sys=0.00, real=0.08 secs] 
33258.865: [GC 33258.865: [ParNew: 2359234K->69400K(2534400K), 0.0598400 secs] 7181913K->4893451K(10982400K), 0.0609330 secs] [Times: user=0.47 sys=0.00, real=0.06 secs] 
33260.084: [GC 33260.085: [ParNew: 2322200K->55563K(2534400K), 0.0523070 secs] 7146251K->4883480K(10982400K), 0.0534550 secs] [Times: user=0.47 sys=0.00, real=0.05 secs] 
33261.596: [GC 33261.597: [ParNew: 2308363K->66790K(2534400K), 0.0446610 secs] 7136280K->4896077K(10982400K), 0.0458150 secs] [Times: user=0.48 sys=0.00, real=0.04 secs] 
33262.596: [GC 33262.597: [ParNew: 2319590K->63797K(2534400K), 0.0385290 secs] 7148877K->4893517K(10982400K), 0.0396620 secs] [Times: user=0.47 sys=0.00, real=0.04 secs] 
33263.696: [GC 33263.696: [ParNew: 2316597K->86935K(2534400K), 0.0398920 secs] 7146317K->4917353K(10982400K), 0.0409400 secs] [Times: user=0.51 sys=0.00, real=0.04 secs] 
33264.770: [GC 33264.771: [ParNew: 2339735K->70872K(2534400K), 0.0510000 secs] 7170153K->4909116K(10982400K), 0.0520920 secs] [Times: user=0.53 sys=0.01, real=0.05 secs] 
33265.719: [GC 33265.720: [ParNew: 2323672K->52218K(2534400K), 0.0395950 secs] 7161916K->4891254K(10982400K), 0.0407470 secs] [Times: user=0.44 sys=0.00, real=0.04 secs] 
33267.151: [GC 33267.152: [ParNew: 2305018K->42275K(2534400K), 0.0481600 secs] 7144054K->4882873K(10982400K), 0.0491250 secs] [Times: user=0.41 sys=0.00, real=0.05 secs] 
33268.938: [GC 33268.939: [ParNew: 2295075K->39566K(2534400K), 0.0458900 secs] 7135673K->4881348K(10982400K), 0.0468770 secs] [Times: user=0.44 sys=0.01, real=0.05 secs] 
33269.920: [GC 33269.921: [ParNew: 2292366K->47495K(2534400K), 0.0346440 secs] 7134148K->4890169K(10982400K), 0.0357780 secs] [Times: user=0.39 sys=0.00, real=0.04 secs] 
33271.042: [GC 33271.043: [ParNew: 2300295K->35169K(2534400K), 0.0387020 secs] 7142969K->4878688K(10982400K), 0.0398510 secs] [Times: user=0.43 sys=0.00, real=0.04 secs] 
33272.429: [GC 33272.429: [ParNew: 2287969K->37470K(2534400K), 0.0428640 secs] 7131488K->4883083K(10982400K), 0.0438530 secs] [Times: user=0.43 sys=0.00, real=0.04 secs] 
33274.100: [GC 33274.101: [ParNew: 2290231K->68181K(2534400K), 0.0491020 secs] 7135845K->4915361K(10982400K), 0.0500670 secs] [Times: user=0.49 sys=0.00, real=0.05 secs] 
33275.494: [GC 33275.495: [ParNew: 2320981K->57094K(2534400K), 0.0470790 secs] 7168161K->4905214K(10982400K), 0.0482470 secs] [Times: user=0.43 sys=0.01, real=0.05 secs] 
33277.833: [GC 33277.834: [ParNew: 2309894K->42994K(2534400K), 0.0519910 secs] 7158014K->4892214K(10982400K), 0.0530640 secs] [Times: user=0.44 sys=0.00, real=0.06 secs] 
33280.003: [GC 33280.003: [ParNew: 2295794K->42362K(2534400K), 0.0513660 secs] 7145014K->4892220K(10982400K), 0.0523420 secs] [Times: user=0.44 sys=0.01, real=0.05 secs] 
33281.678: [GC 33281.679: [ParNew: 2295162K->64151K(2534400K), 0.0550780 secs] 7145020K->4918128K(10982400K), 0.0562180 secs] [Times: user=0.50 sys=0.01, real=0.05 secs] 
33283.399: [GC 33283.400: [ParNew: 2316951K->53196K(2534400K), 0.0509090 secs] 7170928K->4907885K(10982400K), 0.0519210 secs] [Times: user=0.44 sys=0.00, real=0.05 secs] 
33285.027: [GC 33285.028: [ParNew: 2305996K->38820K(2534400K), 0.0445490 secs] 7160685K->4895124K(10982400K), 0.0457130 secs] [Times: user=0.38 sys=0.00, real=0.05 secs] 
33287.170: [GC 33287.171: [ParNew: 2291620K->44942K(2534400K), 0.0502920 secs] 7147924K->4902331K(10982400K), 0.0514640 secs] [Times: user=0.42 sys=0.00, real=0.05 secs] 
33288.867: [GC 33288.867: [ParNew: 2297742K->55604K(2534400K), 0.0537770 secs] 7155131K->4914291K(10982400K), 0.0549020 secs] [Times: user=0.49 sys=0.01, real=0.06 secs] 
33290.511: [GC 33290.512: [ParNew: 2308404K->71023K(2534400K), 0.0541650 secs] 7167091K->4935413K(10982400K), 0.0551460 secs] [Times: user=0.51 sys=0.01, real=0.05 secs] 
33292.186: [GC 33292.187: [ParNew: 2323823K->59849K(2534400K), 0.0478000 secs] 7188213K->4925023K(10982400K), 0.0489490 secs] [Times: user=0.46 sys=0.00, real=0.05 secs] 
33293.787: [GC 33293.788: [ParNew: 2312635K->50827K(2534400K), 0.0460690 secs] 7177809K->4918336K(10982400K), 0.0471120 secs] [Times: user=0.44 sys=0.00, real=0.05 secs] 
33295.339: [GC 33295.340: [ParNew: 2303627K->46548K(2534400K), 0.0541210 secs] 7171136K->4925213K(10982400K), 0.0551100 secs] [Times: user=0.46 sys=0.01, real=0.05 secs] 
33296.799: [GC 33296.799: [ParNew: 2299348K->37843K(2534400K), 0.0485670 secs] 7178013K->4918588K(10982400K), 0.0495430 secs] [Times: user=0.42 sys=0.00, real=0.04 secs] 
33297.916: [GC 33297.917: [ParNew: 2290643K->39584K(2534400K), 0.0463660 secs] 7171388K->4921042K(10982400K), 0.0475560 secs] [Times: user=0.47 sys=0.00, real=0.05 secs] 
33299.691: [GC 33299.692: [ParNew: 2292384K->33019K(2534400K), 0.0453180 secs] 7173842K->4915412K(10982400K), 0.0462950 secs] [Times: user=0.43 sys=0.00, real=0.04 secs] 
33300.874: [GC 33300.874: [ParNew: 2285819K->54655K(2534400K), 0.0433940 secs] 7168212K->4937856K(10982400K), 0.0445070 secs] [Times: user=0.53 sys=0.00, real=0.04 secs] 
33302.170: [GC 33302.170: [ParNew: 2307455K->71294K(2534400K), 0.0694930 secs] 7190656K->4955242K(10982400K), 0.0705840 secs] [Times: user=0.48 sys=0.00, real=0.08 secs] 
33303.797: [GC 33303.798: [ParNew: 2324094K->49630K(2534400K), 0.0553570 secs] 7208042K->4934504K(10982400K), 0.0564240 secs] [Times: user=0.46 sys=0.00, real=0.06 secs] 
33305.121: [GC 33305.121: [ParNew: 2302430K->80839K(2534400K), 0.0481610 secs] 7187304K->4969006K(10982400K), 0.0491590 secs] [Times: user=0.53 sys=0.00, real=0.04 secs] 
33306.310: [GC 33306.311: [ParNew: 2333639K->59717K(2534400K), 0.0420210 secs] 7221806K->4948600K(10982400K), 0.0430080 secs] [Times: user=0.40 sys=0.00, real=0.05 secs] 
33307.898: [GC 33307.898: [ParNew: 2312517K->41720K(2534400K), 0.0496490 secs] 7201400K->4932024K(10982400K), 0.0507800 secs] [Times: user=0.43 sys=0.00, real=0.05 secs] 
33309.270: [GC 33309.270: [ParNew: 2294520K->52974K(2534400K), 0.0482210 secs] 7184824K->4946150K(10982400K), 0.0492320 secs] [Times: user=0.46 sys=0.00, real=0.05 secs] 
33310.944: [GC 33310.945: [ParNew: 2305774K->54044K(2534400K), 0.0538670 secs] 7198950K->4950127K(10982400K), 0.0550450 secs] [Times: user=0.48 sys=0.00, real=0.05 secs] 
33312.619: [GC 33312.619: [ParNew: 2306844K->56003K(2534400K), 0.0476080 secs] 7202927K->4952710K(10982400K), 0.0486070 secs] [Times: user=0.47 sys=0.00, real=0.05 secs] 
33314.014: [GC 33314.014: [ParNew: 2308803K->46879K(2534400K), 0.0480030 secs] 7205510K->4945558K(10982400K), 0.0490050 secs] [Times: user=0.43 sys=0.00, real=0.05 secs] 
33314.790: [GC 33314.790: [ParNew: 2299679K->72940K(2534400K), 0.0380360 secs] 7198358K->4972388K(10982400K), 0.0390060 secs] [Times: user=0.51 sys=0.01, real=0.04 secs] 
33315.702: [GC 33315.702: [ParNew: 2325740K->67189K(2534400K), 0.0401070 secs] 7225188K->4968127K(10982400K), 0.0411720 secs] [Times: user=0.47 sys=0.01, real=0.04 secs] 
33316.724: [GC 33316.725: [ParNew: 2319989K->61315K(2534400K), 0.0423990 secs] 7220927K->4970742K(10982400K), 0.0433790 secs] [Times: user=0.48 sys=0.00, real=0.04 secs] 
33317.820: [GC 33317.821: [ParNew: 2314115K->60769K(2534400K), 0.0448480 secs] 7223542K->4972101K(10982400K), 0.0458310 secs] [Times: user=0.46 sys=0.01, real=0.05 secs] 
33319.155: [GC 33319.156: [ParNew: 2313569K->64494K(2534400K), 0.0459070 secs] 7224901K->4976199K(10982400K), 0.0469020 secs] [Times: user=0.47 sys=0.00, real=0.04 secs] 
33320.609: [GC 33320.610: [ParNew: 2317294K->76275K(2534400K), 0.0594780 secs] 7228999K->4998550K(10982400K), 0.0604620 secs] [Times: user=0.50 sys=0.01, real=0.06 secs] 
33322.420: [GC 33322.421: [ParNew: 2325807K->72735K(2534400K), 0.0539710 secs] 7248081K->4995736K(10982400K), 0.0549610 secs] [Times: user=0.49 sys=0.00, real=0.06 secs] 
33323.904: [GC 33323.904: [ParNew: 2325535K->64966K(2534400K), 0.0515620 secs] 7248536K->4988741K(10982400K), 0.0526930 secs] [Times: user=0.48 sys=0.00, real=0.05 secs] 
33325.197: [GC 33325.198: [ParNew: 2317766K->87932K(2534400K), 0.0469870 secs] 7241541K->5012623K(10982400K), 0.0481030 secs] [Times: user=0.51 sys=0.00, real=0.05 secs] 
33326.659: [GC 33326.659: [ParNew: 2340732K->83795K(2534400K), 0.0693960 secs] 7265423K->5021441K(10982400K), 0.0705430 secs] [Times: user=0.58 sys=0.00, real=0.07 secs] 
33327.985: [GC 33327.986: [ParNew: 2336595K->59728K(2534400K), 0.0521460 secs] 7274241K->4999271K(10982400K), 0.0533000 secs] [Times: user=0.45 sys=0.00, real=0.05 secs] 
33329.398: [GC 33329.398: [ParNew: 2312528K->62205K(2534400K), 0.0498240 secs] 7252071K->5002641K(10982400K), 0.0508110 secs] [Times: user=0.50 sys=0.00, real=0.05 secs] 
33330.973: [GC 33330.974: [ParNew: 2315005K->81701K(2534400K), 0.0539220 secs] 7255441K->5023171K(10982400K), 0.0550480 secs] [Times: user=0.52 sys=0.00, real=0.06 secs] 
33332.213: [GC 33332.213: [ParNew: 2334501K->68204K(2534400K), 0.0546040 secs] 7275971K->5012621K(10982400K), 0.0555750 secs] [Times: user=0.48 sys=0.00, real=0.06 secs] 
33333.650: [GC 33333.651: [ParNew: 2321004K->61978K(2534400K), 0.0631060 secs] 7265421K->5007542K(10982400K), 0.0642820 secs] [Times: user=0.46 sys=0.00, real=0.07 secs] 
33335.267: [GC 33335.268: [ParNew: 2314778K->62301K(2534400K), 0.0629780 secs] 7260342K->5011529K(10982400K), 0.0638820 secs] [Times: user=0.50 sys=0.00, real=0.06 secs] 
33336.653: [GC 33336.653: [ParNew: 2315101K->78186K(2534400K), 0.0595590 secs] 7264329K->5028446K(10982400K), 0.0605450 secs] [Times: user=0.50 sys=0.00, real=0.06 secs] 
33337.761: [GC 33337.762: [ParNew: 2330986K->100361K(2534400K), 0.0595040 secs] 7281246K->5051993K(10982400K), 0.0606470 secs] [Times: user=0.56 sys=0.00, real=0.06 secs] 
33339.220: [GC 33339.221: [ParNew: 2353161K->89464K(2534400K), 0.0756200 secs] 7304793K->5041821K(10982400K), 0.0766740 secs] [Times: user=0.50 sys=0.00, real=0.08 secs] 
33340.549: [GC 33340.549: [ParNew: 2342264K->50256K(2534400K), 0.0528470 secs] 7294621K->5004047K(10982400K), 0.0538300 secs] [Times: user=0.43 sys=0.00, real=0.05 secs] 
33341.964: [GC 33341.965: [ParNew: 2303056K->72652K(2534400K), 0.0558290 secs] 7256847K->5027364K(10982400K), 0.0568820 secs] [Times: user=0.47 sys=0.01, real=0.06 secs] 
33343.071: [GC 33343.072: [ParNew: 2325452K->98152K(2534400K), 0.0693550 secs] 7280164K->5059133K(10982400K), 0.0704910 secs] [Times: user=0.60 sys=0.00, real=0.07 secs] 
33344.114: [GC 33344.114: [ParNew: 2350952K->71176K(2534400K), 0.0604150 secs] 7311933K->5036172K(10982400K), 0.0613800 secs] [Times: user=0.44 sys=0.00, real=0.06 secs] 
33345.493: [GC 33345.494: [ParNew: 2323976K->68516K(2534400K), 0.0584730 secs] 7288972K->5035915K(10982400K), 0.0594450 secs] [Times: user=0.53 sys=0.00, real=0.06 secs] 
33347.444: [GC 33347.444: [ParNew: 2321316K->51506K(2534400K), 0.0526730 secs] 7288715K->5019364K(10982400K), 0.0538450 secs] [Times: user=0.40 sys=0.00, real=0.06 secs] 
33348.822: [GC 33348.822: [ParNew: 2304306K->72961K(2534400K), 0.0575140 secs] 7272164K->5041623K(10982400K), 0.0586430 secs] [Times: user=0.61 sys=0.00, real=0.06 secs] 
33351.175: [GC 33351.176: [ParNew: 2325761K->58509K(2534400K), 0.0689570 secs] 7294423K->5027488K(10982400K), 0.0701190 secs] [Times: user=0.47 sys=0.00, real=0.07 secs] 
33353.029: [GC 33353.029: [ParNew: 2311309K->92200K(2534400K), 0.0606950 secs] 7280288K->5062127K(10982400K), 0.0618460 secs] [Times: user=0.55 sys=0.00, real=0.06 secs] 
33354.910: [GC 33354.910: [ParNew: 2345000K->98877K(2534400K), 0.0655530 secs] 7314927K->5070884K(10982400K), 0.0666930 secs] [Times: user=0.64 sys=0.00, real=0.06 secs] 
33356.369: [GC 33356.370: [ParNew: 2351677K->69701K(2534400K), 0.0560550 secs] 7323684K->5042345K(10982400K), 0.0571970 secs] [Times: user=0.42 sys=0.00, real=0.05 secs] 
33358.051: [GC 33358.051: [ParNew: 2322501K->69872K(2534400K), 0.0580960 secs] 7295145K->5045651K(10982400K), 0.0589790 secs] [Times: user=0.49 sys=0.00, real=0.06 secs] 
33359.996: [GC 33359.996: [ParNew: 2322672K->54233K(2534400K), 0.0559460 secs] 7298451K->5030991K(10982400K), 0.0568330 secs] [Times: user=0.45 sys=0.01, real=0.06 secs] 
33362.400: [GC 33362.401: [ParNew: 2307033K->40652K(2534400K), 0.0635550 secs] 7283791K->5019089K(10982400K), 0.0644580 secs] [Times: user=0.46 sys=0.00, real=0.06 secs] 
33364.319: [GC 33364.319: [ParNew: 2293452K->47043K(2534400K), 0.0517010 secs] 7271889K->5026903K(10982400K), 0.0525300 secs] [Times: user=0.46 sys=0.00, real=0.06 secs] 
33366.274: [GC 33366.274: [ParNew: 2299843K->47403K(2534400K), 0.0539620 secs] 7279703K->5028696K(10982400K), 0.0549070 secs] [Times: user=0.50 sys=0.00, real=0.05 secs] 
33368.316: [GC 33368.317: [ParNew: 2300203K->78884K(2534400K), 0.0657280 secs] 7281496K->5062317K(10982400K), 0.0667770 secs] [Times: user=0.55 sys=0.00, real=0.07 secs] 
33370.489: [GC 33370.489: [ParNew: 2331684K->98175K(2534400K), 0.0606200 secs] 7315117K->5082299K(10982400K), 0.0615380 secs] [Times: user=0.61 sys=0.00, real=0.07 secs] 
33372.548: [GC 33372.548: [ParNew: 2350975K->69975K(2534400K), 0.0557350 secs] 7335099K->5056710K(10982400K), 0.0566220 secs] [Times: user=0.47 sys=0.01, real=0.06 secs] 
33374.637: [GC 33374.638: [ParNew: 2322775K->61813K(2534400K), 0.0551930 secs] 7309510K->5053204K(10982400K), 0.0561530 secs] [Times: user=0.46 sys=0.00, real=0.06 secs] 
33376.574: [GC 33376.574: [ParNew: 2314613K->70112K(2534400K), 0.0620570 secs] 7306004K->5071625K(10982400K), 0.0629600 secs] [Times: user=0.55 sys=0.00, real=0.06 secs] 
33378.555: [GC 33378.556: [ParNew: 2322912K->86644K(2534400K), 0.0503910 secs] 7324425K->5089452K(10982400K), 0.0512210 secs] [Times: user=0.49 sys=0.00, real=0.05 secs] 
33379.956: [GC 33379.957: [ParNew: 2339444K->65241K(2534400K), 0.0532670 secs] 7342252K->5069732K(10982400K), 0.0541800 secs] [Times: user=0.42 sys=0.00, real=0.05 secs] 
33382.061: [GC 33382.061: [ParNew: 2318041K->80220K(2534400K), 0.0772430 secs] 7322532K->5086402K(10982400K), 0.0781560 secs] [Times: user=0.45 sys=0.00, real=0.08 secs] 
33383.634: [GC 33383.635: [ParNew: 2333020K->54275K(2534400K), 0.0618550 secs] 7339202K->5063203K(10982400K), 0.0627540 secs] [Times: user=0.47 sys=0.01, real=0.06 secs] 
33385.292: [GC 33385.293: [ParNew: 2307075K->70981K(2534400K), 0.0705120 secs] 7316003K->5080586K(10982400K), 0.0713300 secs] [Times: user=0.55 sys=0.00, real=0.08 secs] 
33386.837: [GC 33386.837: [ParNew: 2323781K->78900K(2534400K), 0.0791500 secs] 7333386K->5094126K(10982400K), 0.0800720 secs] [Times: user=0.48 sys=0.01, real=0.08 secs] 
33388.245: [GC 33388.245: [ParNew: 2331700K->100350K(2534400K), 0.0754720 secs] 7346926K->5116298K(10982400K), 0.0763700 secs] [Times: user=0.51 sys=0.00, real=0.07 secs] 
33389.634: [GC 33389.634: [ParNew: 2353232K->96894K(2534400K), 0.0618920 secs] 7369180K->5113801K(10982400K), 0.0626910 secs] [Times: user=0.62 sys=0.00, real=0.06 secs] 
33389.701: [GC 33389.701: [ParNew: 100027K->98007K(2534400K), 0.0286710 secs] 5116933K->5119230K(10982400K), 0.0293090 secs] [Times: user=0.56 sys=0.00, real=0.03 secs] 
33390.760: [GC 33390.761: [ParNew: 2350807K->96874K(2534400K), 0.0625660 secs] 7372030K->5119524K(10982400K), 0.0635240 secs] [Times: user=0.42 sys=0.00, real=0.07 secs] 
33392.123: [GC 33392.123: [ParNew: 2349674K->89240K(2534400K), 0.0886610 secs] 7372324K->5113769K(10982400K), 0.0895850 secs] [Times: user=0.55 sys=0.01, real=0.09 secs] 
33393.490: [GC 33393.491: [ParNew: 2342040K->67608K(2534400K), 0.0667770 secs] 7366569K->5093601K(10982400K), 0.0676920 secs] [Times: user=0.42 sys=0.01, real=0.07 secs] 
33394.766: [GC 33394.766: [ParNew: 2320408K->88985K(2534400K), 0.0654710 secs] 7346401K->5114978K(10982400K), 0.0663230 secs] [Times: user=0.54 sys=0.00, real=0.06 secs] 
33395.935: [GC 33395.935: [ParNew: 2341785K->112671K(2534400K), 0.0715310 secs] 7367778K->5144583K(10982400K), 0.0724020 secs] [Times: user=0.64 sys=0.01, real=0.07 secs] 
33397.221: [GC 33397.222: [ParNew: 2365471K->100848K(2534400K), 0.0801560 secs] 7397383K->5141614K(10982400K), 0.0810590 secs] [Times: user=0.59 sys=0.01, real=0.08 secs] 
33398.237: [GC 33398.238: [ParNew: 2353648K->73941K(2534400K), 0.0699660 secs] 7394414K->5115400K(10982400K), 0.0708110 secs] [Times: user=0.48 sys=0.00, real=0.07 secs] 
33399.272: [GC 33399.273: [ParNew: 2326741K->65489K(2534400K), 0.0649130 secs] 7368200K->5115543K(10982400K), 0.0657340 secs] [Times: user=0.46 sys=0.00, real=0.07 secs] 
33400.594: [GC 33400.595: [ParNew: 2318289K->53242K(2534400K), 0.0523590 secs] 7368343K->5105067K(10982400K), 0.0532500 secs] [Times: user=0.44 sys=0.00, real=0.06 secs] 
33402.220: [GC 33402.220: [ParNew: 2306042K->59086K(2534400K), 0.0511110 secs] 7357867K->5111310K(10982400K), 0.0519250 secs] [Times: user=0.50 sys=0.00, real=0.05 secs] 
33403.599: [GC 33403.600: [ParNew: 2311886K->63470K(2534400K), 0.0514460 secs] 7364110K->5117181K(10982400K), 0.0523690 secs] [Times: user=0.41 sys=0.00, real=0.05 secs] 
33405.113: [GC 33405.114: [ParNew: 2316270K->66689K(2534400K), 0.0602490 secs] 7369981K->5121546K(10982400K), 0.0611080 secs] [Times: user=0.51 sys=0.00, real=0.06 secs] 
33406.083: [GC 33406.084: [ParNew: 2319489K->101979K(2534400K), 0.0730770 secs] 7374346K->5168877K(10982400K), 0.0739660 secs] [Times: user=0.59 sys=0.00, real=0.08 secs] 
33407.555: [GC 33407.556: [ParNew: 2354779K->69284K(2534400K), 0.0543940 secs] 7421677K->5138160K(10982400K), 0.0552110 secs] [Times: user=0.38 sys=0.01, real=0.06 secs] 
33407.615: [GC [1 CMS-initial-mark: 5068875K(8448000K)] 5140958K(10982400K), 0.0673250 secs] [Times: user=0.07 sys=0.00, real=0.07 secs] 
33409.168: [GC 33409.168: [ParNew: 2322084K->52814K(2534400K), 0.0526820 secs] 7390960K->5124404K(10982400K), 0.0534970 secs] [Times: user=0.46 sys=0.01, real=0.05 secs] 
33410.373: [GC 33410.373: [ParNew: 2305614K->84450K(2534400K), 0.0610430 secs] 7377204K->5161829K(10982400K), 0.0618640 secs] [Times: user=0.52 sys=0.01, real=0.06 secs] 
33411.352: [GC[YG occupancy: 1936884 K (2534400 K)]33411.352: [Rescan (parallel) , 1.2055720 secs]33412.558: [weak refs processing, 0.0393180 secs] [1 CMS-remark: 5077378K(8448000K)] 7014262K(10982400K), 1.2458340 secs] [Times: user=24.34 sys=0.12, real=1.25 secs] 
33412.704: [GC 33412.705: [ParNew: 2337250K->98466K(2534400K), 0.0650130 secs] 7407784K->5170815K(10982400K), 0.0658420 secs] [Times: user=0.61 sys=0.01, real=0.07 secs] 
33413.549: [GC 33413.550: [ParNew: 2351266K->67209K(2534400K), 0.0578780 secs] 7369420K->5085890K(10982400K), 0.0590260 secs] [Times: user=0.49 sys=0.00, real=0.06 secs] 
33415.144: [GC 33415.144: [ParNew: 2320009K->53634K(2534400K), 0.0571030 secs] 7194524K->4929252K(10982400K), 0.0581670 secs] [Times: user=0.43 sys=0.00, real=0.06 secs] 
33416.594: [GC 33416.595: [ParNew: 2306434K->60912K(2534400K), 0.0566900 secs] 7075288K->4830577K(10982400K), 0.0578610 secs] [Times: user=0.41 sys=0.00, real=0.06 secs] 
33417.968: [GC 33417.969: [ParNew: 2313712K->62655K(2534400K), 0.0556950 secs] 6930726K->4683222K(10982400K), 0.0567350 secs] [Times: user=0.52 sys=0.00, real=0.05 secs] 
33419.013: [GC 33419.014: [ParNew: 2315455K->88425K(2534400K), 0.0551320 secs] 6725355K->4499453K(10982400K), 0.0563080 secs] [Times: user=0.64 sys=0.01, real=0.06 secs] 
33420.482: [GC 33420.483: [ParNew: 2341225K->73312K(2534400K), 0.0613700 secs] 6752253K->4486372K(10982400K), 0.0625820 secs] [Times: user=0.51 sys=0.00, real=0.06 secs] 
33421.838: [GC 33421.839: [ParNew: 2325470K->59746K(2534400K), 0.0631590 secs] 6738530K->4474186K(10982400K), 0.0645300 secs] [Times: user=0.50 sys=0.00, real=0.06 secs] 
33422.989: [GC 33422.990: [ParNew: 2312546K->87896K(2534400K), 0.0561050 secs] 6726986K->4508584K(10982400K), 0.0572130 secs] [Times: user=0.63 sys=0.00, real=0.05 secs] 
33423.925: [GC 33423.926: [ParNew: 2340696K->65151K(2534400K), 0.0500710 secs] 6761384K->4488152K(10982400K), 0.0512220 secs] [Times: user=0.41 sys=0.00, real=0.05 secs] 
33425.242: [GC 33425.243: [ParNew: 2317951K->55802K(2534400K), 0.0683000 secs] 6740952K->4482915K(10982400K), 0.0696630 secs] [Times: user=0.51 sys=0.01, real=0.07 secs] 
33427.060: [GC 33427.061: [ParNew: 2308602K->126367K(2534400K), 0.0838290 secs] 6735715K->4557600K(10982400K), 0.0849870 secs] [Times: user=0.49 sys=0.01, real=0.08 secs] 
33428.803: [GC 33428.804: [ParNew: 2379167K->124092K(2534400K), 0.0604030 secs] 6810400K->4556324K(10982400K), 0.0615760 secs] [Times: user=0.66 sys=0.01, real=0.06 secs] 
33431.419: [GC 33431.420: [ParNew: 2376892K->90058K(2534400K), 0.0668800 secs] 6809124K->4532553K(10982400K), 0.0680610 secs] [Times: user=0.38 sys=0.01, real=0.07 secs] 
33433.043: [GC 33433.043: [ParNew: 2342858K->102675K(2534400K), 0.0577930 secs] 6785353K->4545865K(10982400K), 0.0588570 secs] [Times: user=0.75 sys=0.00, real=0.06 secs] 
33434.786: [GC 33434.787: [ParNew: 2355475K->98752K(2534400K), 0.0616960 secs] 6798665K->4543077K(10982400K), 0.0628540 secs] [Times: user=0.63 sys=0.00, real=0.06 secs] 
33436.750: [GC 33436.751: [ParNew: 2351552K->73497K(2534400K), 0.0556160 secs] 6795877K->4519436K(10982400K), 0.0567740 secs] [Times: user=0.50 sys=0.00, real=0.06 secs] 
33438.494: [GC 33438.494: [ParNew: 2326297K->45150K(2534400K), 0.0502490 secs] 6772236K->4493642K(10982400K), 0.0513550 secs] [Times: user=0.46 sys=0.01, real=0.05 secs] 
33440.306: [GC 33440.307: [ParNew: 2297950K->78291K(2534400K), 0.0526580 secs] 6746442K->4528522K(10982400K), 0.0536850 secs] [Times: user=0.55 sys=0.01, real=0.05 secs] 
33442.314: [GC 33442.315: [ParNew: 2331091K->112210K(2534400K), 0.0664760 secs] 6781322K->4565623K(10982400K), 0.0683340 secs] [Times: user=0.67 sys=0.00, real=0.07 secs] 
33443.822: [GC 33443.822: [ParNew: 2365010K->92233K(2534400K), 0.0556670 secs] 6818423K->4550113K(10982400K), 0.0567270 secs] [Times: user=0.54 sys=0.00, real=0.05 secs] 
33446.129: [GC 33446.130: [ParNew: 2345033K->82841K(2534400K), 0.0587940 secs] 6802913K->4542933K(10982400K), 0.0597820 secs] [Times: user=0.53 sys=0.01, real=0.06 secs] 
33448.298: [GC 33448.298: [ParNew: 2335641K->120495K(2534400K), 0.0620000 secs] 6795733K->4581566K(10982400K), 0.0630210 secs] [Times: user=0.73 sys=0.00, real=0.06 secs] 
33450.477: [GC 33450.478: [ParNew: 2373295K->85257K(2534400K), 0.0563590 secs] 6834366K->4549483K(10982400K), 0.0573740 secs] [Times: user=0.42 sys=0.00, real=0.06 secs] 
33452.662: [GC 33452.663: [ParNew: 2338057K->55063K(2534400K), 0.0564030 secs] 6802283K->4519855K(10982400K), 0.0574140 secs] [Times: user=0.54 sys=0.01, real=0.06 secs] 
33455.259: [GC 33455.260: [ParNew: 2307863K->57809K(2534400K), 0.0653970 secs] 6772655K->4523513K(10982400K), 0.0665380 secs] [Times: user=0.55 sys=0.00, real=0.07 secs] 
33457.442: [GC 33457.443: [ParNew: 2310609K->60926K(2534400K), 0.0553090 secs] 6776313K->4529871K(10982400K), 0.0563090 secs] [Times: user=0.52 sys=0.01, real=0.06 secs] 
33458.956: [GC 33458.957: [ParNew: 2313726K->54120K(2534400K), 0.0467850 secs] 6782671K->4524488K(10982400K), 0.0479830 secs] [Times: user=0.47 sys=0.00, real=0.05 secs] 
33460.830: [GC 33460.830: [ParNew: 2306920K->73857K(2534400K), 0.0617720 secs] 6777288K->4555352K(10982400K), 0.0627630 secs] [Times: user=0.57 sys=0.01, real=0.06 secs] 
33462.321: [GC 33462.322: [ParNew: 2326657K->54107K(2534400K), 0.0512810 secs] 6808152K->4540106K(10982400K), 0.0524920 secs] [Times: user=0.46 sys=0.00, real=0.05 secs] 
33463.149: [GC 33463.150: [ParNew: 2306877K->72045K(2534400K), 0.0423550 secs] 6792876K->4560085K(10982400K), 0.0434790 secs] [Times: user=0.59 sys=0.00, real=0.04 secs] 
33463.751: [GC 33463.752: [ParNew: 2324845K->87629K(2534400K), 0.0400050 secs] 6812885K->4576984K(10982400K), 0.0411230 secs] [Times: user=0.56 sys=0.01, real=0.04 secs] 
33464.617: [GC 33464.618: [ParNew: 2340429K->64221K(2534400K), 0.0395950 secs] 6829784K->4555223K(10982400K), 0.0407460 secs] [Times: user=0.45 sys=0.00, real=0.04 secs] 
33465.620: [GC 33465.621: [ParNew: 2317029K->29293K(2534400K), 0.0397190 secs] 6808031K->4524313K(10982400K), 0.0406770 secs] [Times: user=0.41 sys=0.00, real=0.04 secs] 
33467.469: [GC 33467.469: [ParNew: 2282093K->37310K(2534400K), 0.0462930 secs] 6777113K->4532743K(10982400K), 0.0472910 secs] [Times: user=0.42 sys=0.00, real=0.05 secs] 
33469.341: [GC 33469.342: [ParNew: 2290110K->49666K(2534400K), 0.0512020 secs] 6785543K->4545779K(10982400K), 0.0522030 secs] [Times: user=0.48 sys=0.00, real=0.05 secs] 
33471.212: [GC 33471.213: [ParNew: 2302466K->43124K(2534400K), 0.0504230 secs] 6798579K->4539489K(10982400K), 0.0515890 secs] [Times: user=0.42 sys=0.01, real=0.05 secs] 
33473.172: [GC 33473.173: [ParNew: 2295924K->77788K(2534400K), 0.0589980 secs] 6792289K->4576923K(10982400K), 0.0601490 secs] [Times: user=0.62 sys=0.00, real=0.06 secs] 
33474.777: [GC 33474.778: [ParNew: 2330588K->70234K(2534400K), 0.0546030 secs] 6829723K->4574182K(10982400K), 0.0555960 secs] [Times: user=0.58 sys=0.00, real=0.05 secs] 
33476.038: [GC 33476.038: [ParNew: 2323034K->51103K(2534400K), 0.0474170 secs] 6826982K->4560603K(10982400K), 0.0485440 secs] [Times: user=0.46 sys=0.00, real=0.04 secs] 
33476.909: [GC 33476.909: [ParNew: 2303903K->46505K(2534400K), 0.0345350 secs] 6813403K->4557175K(10982400K), 0.0355000 secs] [Times: user=0.38 sys=0.01, real=0.03 secs] 
33478.713: [GC 33478.713: [ParNew: 2299305K->67170K(2534400K), 0.0522460 secs] 6809975K->4579907K(10982400K), 0.0533850 secs] [Times: user=0.51 sys=0.00, real=0.05 secs] 
33480.576: [GC 33480.577: [ParNew: 2319979K->54009K(2534400K), 0.0632060 secs] 6832716K->4578207K(10982400K), 0.0643560 secs] [Times: user=0.47 sys=0.01, real=0.07 secs] 
33480.645: [GC 33480.645: [ParNew: 54149K->51711K(2534400K), 0.0230450 secs] 4578346K->4576915K(10982400K), 0.0238540 secs] [Times: user=0.43 sys=0.00, real=0.03 secs] 
33482.839: [GC 33482.839: [ParNew: 2304511K->46582K(2534400K), 0.0517650 secs] 6829715K->4572391K(10982400K), 0.0527610 secs] [Times: user=0.44 sys=0.01, real=0.05 secs] 
33485.080: [GC 33485.081: [ParNew: 2299382K->35227K(2534400K), 0.0550870 secs] 6825191K->4568842K(10982400K), 0.0562920 secs] [Times: user=0.37 sys=0.01, real=0.05 secs] 
33486.677: [GC 33486.678: [ParNew: 2288027K->42846K(2534400K), 0.0395720 secs] 6821642K->4578467K(10982400K), 0.0405700 secs] [Times: user=0.39 sys=0.00, real=0.05 secs] 
33488.179: [GC 33488.180: [ParNew: 2295646K->89098K(2534400K), 0.0577050 secs] 6831267K->4624718K(10982400K), 0.0587030 secs] [Times: user=0.62 sys=0.00, real=0.06 secs] 
33489.531: [GC 33489.531: [ParNew: 2341898K->57072K(2534400K), 0.0461970 secs] 6877518K->4593726K(10982400K), 0.0473320 secs] [Times: user=0.44 sys=0.00, real=0.04 secs] 
33491.230: [GC 33491.231: [ParNew: 2309872K->36778K(2534400K), 0.0424130 secs] 6846526K->4574164K(10982400K), 0.0434120 secs] [Times: user=0.42 sys=0.01, real=0.04 secs] 
33493.233: [GC 33493.233: [ParNew: 2289578K->33955K(2534400K), 0.0450150 secs] 6826964K->4571973K(10982400K), 0.0460870 secs] [Times: user=0.36 sys=0.00, real=0.05 secs] 
33495.422: [GC 33495.423: [ParNew: 2286755K->55485K(2534400K), 0.0585870 secs] 6824773K->4594483K(10982400K), 0.0597500 secs] [Times: user=0.57 sys=0.00, real=0.06 secs] 
33497.371: [GC 33497.371: [ParNew: 2308285K->62318K(2534400K), 0.0583910 secs] 6847283K->4603776K(10982400K), 0.0595500 secs] [Times: user=0.53 sys=0.00, real=0.06 secs] 
33498.857: [GC 33498.857: [ParNew: 2315118K->68158K(2534400K), 0.0515560 secs] 6856576K->4613111K(10982400K), 0.0527240 secs] [Times: user=0.54 sys=0.00, real=0.06 secs] 
33500.533: [GC 33500.534: [ParNew: 2320958K->52201K(2534400K), 0.0492540 secs] 6865911K->4597503K(10982400K), 0.0502590 secs] [Times: user=0.48 sys=0.01, real=0.05 secs] 
33502.125: [GC 33502.125: [ParNew: 2305001K->52499K(2534400K), 0.0451610 secs] 6850303K->4600363K(10982400K), 0.0461600 secs] [Times: user=0.46 sys=0.00, real=0.05 secs] 
33503.954: [GC 33503.954: [ParNew: 2305299K->39656K(2534400K), 0.0523900 secs] 6853163K->4589952K(10982400K), 0.0534030 secs] [Times: user=0.48 sys=0.01, real=0.05 secs] 
33505.846: [GC 33505.847: [ParNew: 2292456K->32862K(2534400K), 0.0446900 secs] 6842752K->4585034K(10982400K), 0.0456990 secs] [Times: user=0.37 sys=0.01, real=0.05 secs] 
33507.975: [GC 33507.976: [ParNew: 2285662K->38749K(2534400K), 0.0510790 secs] 6837834K->4592454K(10982400K), 0.0522360 secs] [Times: user=0.44 sys=0.00, real=0.05 secs] 
33509.828: [GC 33509.828: [ParNew: 2291549K->48249K(2534400K), 0.0469800 secs] 6845254K->4602319K(10982400K), 0.0479810 secs] [Times: user=0.44 sys=0.00, real=0.05 secs] 
33511.920: [GC 33511.921: [ParNew: 2301049K->37164K(2534400K), 0.0528400 secs] 6855119K->4591827K(10982400K), 0.0540280 secs] [Times: user=0.48 sys=0.00, real=0.06 secs] 
33513.985: [GC 33513.986: [ParNew: 2289961K->39258K(2534400K), 0.0570500 secs] 6844624K->4595712K(10982400K), 0.0582080 secs] [Times: user=0.45 sys=0.00, real=0.06 secs] 
33516.030: [GC 33516.030: [ParNew: 2292058K->36505K(2534400K), 0.0491550 secs] 6848512K->4594872K(10982400K), 0.0501690 secs] [Times: user=0.42 sys=0.01, real=0.05 secs] 
33517.939: [GC 33517.940: [ParNew: 2289305K->35534K(2534400K), 0.0549300 secs] 6847672K->4595209K(10982400K), 0.0560620 secs] [Times: user=0.45 sys=0.01, real=0.06 secs] 
33520.207: [GC 33520.208: [ParNew: 2288334K->49100K(2534400K), 0.0524620 secs] 6848009K->4609919K(10982400K), 0.0536300 secs] [Times: user=0.47 sys=0.01, real=0.05 secs] 
33521.592: [GC 33521.593: [ParNew: 2301900K->91518K(2534400K), 0.0462170 secs] 6862719K->4653027K(10982400K), 0.0473700 secs] [Times: user=0.55 sys=0.00, real=0.05 secs] 
33523.304: [GC 33523.305: [ParNew: 2344318K->85045K(2534400K), 0.0493070 secs] 6905827K->4648247K(10982400K), 0.0503070 secs] [Times: user=0.52 sys=0.00, real=0.05 secs] 
33524.797: [GC 33524.797: [ParNew: 2337845K->71225K(2534400K), 0.0489940 secs] 6901047K->4635799K(10982400K), 0.0500590 secs] [Times: user=0.53 sys=0.00, real=0.05 secs] 
33526.388: [GC 33526.388: [ParNew: 2324025K->137815K(2534400K), 0.0659290 secs] 6888599K->4713283K(10982400K), 0.0669300 secs] [Times: user=0.72 sys=0.01, real=0.07 secs] 
33527.683: [GC 33527.683: [ParNew: 2390615K->119169K(2534400K), 0.0613410 secs] 6966083K->4696997K(10982400K), 0.0623310 secs] [Times: user=0.90 sys=0.01, real=0.07 secs] 
33529.728: [GC 33529.729: [ParNew: 2371969K->174746K(2534400K), 0.0701690 secs] 6949797K->4753868K(10982400K), 0.0713380 secs] [Times: user=0.79 sys=0.00, real=0.07 secs] 
33531.413: [GC 33531.413: [ParNew: 2427546K->109837K(2534400K), 0.0651530 secs] 7006668K->4700451K(10982400K), 0.0663060 secs] [Times: user=0.51 sys=0.01, real=0.07 secs] 
33532.934: [GC 33532.935: [ParNew: 2362637K->44119K(2534400K), 0.0483330 secs] 6953251K->4637880K(10982400K), 0.0494770 secs] [Times: user=0.46 sys=0.00, real=0.05 secs] 
33534.648: [GC 33534.649: [ParNew: 2296919K->45299K(2534400K), 0.0511330 secs] 6890680K->4640936K(10982400K), 0.0522870 secs] [Times: user=0.49 sys=0.00, real=0.05 secs] 
33536.021: [GC 33536.022: [ParNew: 2298099K->41521K(2534400K), 0.0476140 secs] 6893736K->4638684K(10982400K), 0.0487790 secs] [Times: user=0.43 sys=0.00, real=0.05 secs] 
33537.624: [GC 33537.625: [ParNew: 2294321K->70195K(2534400K), 0.0547520 secs] 6891484K->4668822K(10982400K), 0.0557690 secs] [Times: user=0.62 sys=0.01, real=0.06 secs] 
33539.594: [GC 33539.595: [ParNew: 2322995K->53822K(2534400K), 0.0469800 secs] 6921622K->4653071K(10982400K), 0.0481360 secs] [Times: user=0.40 sys=0.00, real=0.05 secs] 
33541.217: [GC 33541.218: [ParNew: 2300484K->50521K(2534400K), 0.0501100 secs] 6899734K->4650966K(10982400K), 0.0513200 secs] [Times: user=0.48 sys=0.00, real=0.05 secs] 
33542.956: [GC 33542.957: [ParNew: 2303321K->61614K(2534400K), 0.0504190 secs] 6903766K->4662999K(10982400K), 0.0514280 secs] [Times: user=0.44 sys=0.00, real=0.06 secs] 
33544.484: [GC 33544.485: [ParNew: 2314414K->90221K(2534400K), 0.0519770 secs] 6915799K->4692940K(10982400K), 0.0529700 secs] [Times: user=0.61 sys=0.01, real=0.06 secs] 
33545.875: [GC 33545.876: [ParNew: 2343021K->70298K(2534400K), 0.0464760 secs] 6945740K->4674690K(10982400K), 0.0476340 secs] [Times: user=0.43 sys=0.00, real=0.05 secs] 
33547.413: [GC 33547.413: [ParNew: 2323098K->57608K(2534400K), 0.0459990 secs] 6927490K->4663154K(10982400K), 0.0469960 secs] [Times: user=0.50 sys=0.01, real=0.05 secs] 
33549.526: [GC 33549.526: [ParNew: 2310408K->46205K(2534400K), 0.0580300 secs] 6915954K->4663126K(10982400K), 0.0590570 secs] [Times: user=0.33 sys=0.01, real=0.06 secs] 
33551.456: [GC 33551.457: [ParNew: 2299005K->78754K(2534400K), 0.0536160 secs] 6915926K->4698428K(10982400K), 0.0546160 secs] [Times: user=0.56 sys=0.00, real=0.06 secs] 
33552.855: [GC 33552.856: [ParNew: 2331554K->58645K(2534400K), 0.0487280 secs] 6951228K->4679877K(10982400K), 0.0497890 secs] [Times: user=0.49 sys=0.01, real=0.05 secs] 
33554.211: [GC 33554.211: [ParNew: 2311445K->41454K(2534400K), 0.0530440 secs] 6932677K->4667157K(10982400K), 0.0541970 secs] [Times: user=0.44 sys=0.00, real=0.05 secs] 
33555.435: [GC 33555.436: [ParNew: 2294254K->43308K(2534400K), 0.0476130 secs] 6919957K->4670061K(10982400K), 0.0487660 secs] [Times: user=0.43 sys=0.00, real=0.05 secs] 
33556.928: [GC 33556.929: [ParNew: 2296108K->41883K(2534400K), 0.0500930 secs] 6922861K->4670143K(10982400K), 0.0512370 secs] [Times: user=0.47 sys=0.01, real=0.06 secs] 
33558.334: [GC 33558.335: [ParNew: 2294683K->42984K(2534400K), 0.0479240 secs] 6922943K->4671710K(10982400K), 0.0490850 secs] [Times: user=0.42 sys=0.00, real=0.05 secs] 
33559.746: [GC 33559.747: [ParNew: 2295784K->44327K(2534400K), 0.0455650 secs] 6924510K->4674598K(10982400K), 0.0465820 secs] [Times: user=0.48 sys=0.00, real=0.05 secs] 
33561.590: [GC 33561.590: [ParNew: 2297127K->43398K(2534400K), 0.0446250 secs] 6927398K->4674373K(10982400K), 0.0457680 secs] [Times: user=0.39 sys=0.00, real=0.04 secs] 
33563.356: [GC 33563.357: [ParNew: 2296198K->46707K(2534400K), 0.0521260 secs] 6927173K->4679446K(10982400K), 0.0531910 secs] [Times: user=0.47 sys=0.00, real=0.06 secs] 
33565.027: [GC 33565.028: [ParNew: 2299507K->84920K(2534400K), 0.0533950 secs] 6932246K->4718375K(10982400K), 0.0543790 secs] [Times: user=0.63 sys=0.01, real=0.06 secs] 
33566.492: [GC 33566.493: [ParNew: 2337720K->59736K(2534400K), 0.0459590 secs] 6971175K->4694185K(10982400K), 0.0469680 secs] [Times: user=0.45 sys=0.00, real=0.04 secs] 
33568.064: [GC 33568.065: [ParNew: 2312536K->36953K(2534400K), 0.0404970 secs] 6946985K->4672681K(10982400K), 0.0414930 secs] [Times: user=0.37 sys=0.00, real=0.04 secs] 
33569.589: [GC 33569.590: [ParNew: 2278267K->46573K(2534400K), 0.0438930 secs] 6913995K->4683029K(10982400K), 0.0448800 secs] [Times: user=0.44 sys=0.01, real=0.05 secs] 
33570.783: [GC 33570.783: [ParNew: 2299373K->48445K(2534400K), 0.0434940 secs] 6935829K->4686242K(10982400K), 0.0446420 secs] [Times: user=0.46 sys=0.00, real=0.04 secs] 
33572.004: [GC 33572.005: [ParNew: 2301245K->57673K(2534400K), 0.0427360 secs] 6939042K->4697085K(10982400K), 0.0439060 secs] [Times: user=0.48 sys=0.00, real=0.04 secs] 
33573.066: [GC 33573.067: [ParNew: 2310473K->46811K(2534400K), 0.0470560 secs] 6949885K->4687257K(10982400K), 0.0481340 secs] [Times: user=0.47 sys=0.00, real=0.05 secs] 
33574.189: [GC 33574.190: [ParNew: 2299611K->43960K(2534400K), 0.0434410 secs] 6940057K->4685977K(10982400K), 0.0445940 secs] [Times: user=0.44 sys=0.00, real=0.05 secs] 
33575.296: [GC 33575.297: [ParNew: 2296760K->47907K(2534400K), 0.0419330 secs] 6938777K->4690845K(10982400K), 0.0431060 secs] [Times: user=0.46 sys=0.01, real=0.04 secs] 
33576.742: [GC 33576.743: [ParNew: 2300707K->47563K(2534400K), 0.0396190 secs] 6943645K->4690980K(10982400K), 0.0406190 secs] [Times: user=0.38 sys=0.01, real=0.04 secs] 
33578.510: [GC 33578.510: [ParNew: 2300363K->48513K(2534400K), 0.0496960 secs] 6943780K->4692656K(10982400K), 0.0506830 secs] [Times: user=0.45 sys=0.00, real=0.05 secs] 
33580.658: [GC 33580.659: [ParNew: 2301313K->51219K(2534400K), 0.0592160 secs] 6945456K->4696781K(10982400K), 0.0603680 secs] [Times: user=0.50 sys=0.01, real=0.06 secs] 
33582.916: [GC 33582.917: [ParNew: 2304019K->56951K(2534400K), 0.0524340 secs] 6949581K->4703539K(10982400K), 0.0536450 secs] [Times: user=0.49 sys=0.00, real=0.05 secs] 
33585.015: [GC 33585.015: [ParNew: 2309751K->62202K(2534400K), 0.0591500 secs] 6956339K->4711574K(10982400K), 0.0603490 secs] [Times: user=0.58 sys=0.01, real=0.06 secs] 
33586.908: [GC 33586.909: [ParNew: 2315002K->48517K(2534400K), 0.0496030 secs] 6964374K->4698831K(10982400K), 0.0507550 secs] [Times: user=0.43 sys=0.00, real=0.05 secs] 
33588.846: [GC 33588.846: [ParNew: 2301317K->40112K(2534400K), 0.0496160 secs] 6951631K->4691547K(10982400K), 0.0506140 secs] [Times: user=0.41 sys=0.00, real=0.05 secs] 
33590.078: [GC 33590.079: [ParNew: 2292912K->69578K(2534400K), 0.0500600 secs] 6944347K->4725225K(10982400K), 0.0511850 secs] [Times: user=0.52 sys=0.00, real=0.05 secs] 
33591.622: [GC 33591.623: [ParNew: 2322378K->74779K(2534400K), 0.0570340 secs] 6978025K->4732216K(10982400K), 0.0581950 secs] [Times: user=0.57 sys=0.00, real=0.06 secs] 
33593.256: [GC 33593.257: [ParNew: 2327579K->57773K(2534400K), 0.0649710 secs] 6985016K->4716483K(10982400K), 0.0661430 secs] [Times: user=0.48 sys=0.00, real=0.06 secs] 
33594.752: [GC 33594.753: [ParNew: 2310573K->70778K(2534400K), 0.0602190 secs] 6969283K->4730200K(10982400K), 0.0615580 secs] [Times: user=0.60 sys=0.00, real=0.06 secs] 
33595.700: [GC 33595.701: [ParNew: 2323578K->73885K(2534400K), 0.0500350 secs] 6983000K->4734355K(10982400K), 0.0511890 secs] [Times: user=0.51 sys=0.00, real=0.05 secs] 
33597.017: [GC 33597.018: [ParNew: 2326685K->62565K(2534400K), 0.0569130 secs] 6987155K->4723691K(10982400K), 0.0580700 secs] [Times: user=0.38 sys=0.00, real=0.06 secs] 
33598.470: [GC 33598.471: [ParNew: 2315365K->30489K(2534400K), 0.0451110 secs] 6976491K->4692838K(10982400K), 0.0461050 secs] [Times: user=0.40 sys=0.00, real=0.05 secs] 
33600.118: [GC 33600.118: [ParNew: 2283289K->33263K(2534400K), 0.0482620 secs] 6945638K->4697186K(10982400K), 0.0492640 secs] [Times: user=0.43 sys=0.00, real=0.05 secs] 
33601.281: [GC 33601.282: [ParNew: 2286063K->52853K(2534400K), 0.0473120 secs] 6949986K->4717576K(10982400K), 0.0484630 secs] [Times: user=0.53 sys=0.01, real=0.05 secs] 
33602.333: [GC 33602.333: [ParNew: 2305561K->41826K(2534400K), 0.0442910 secs] 6970284K->4707572K(10982400K), 0.0454040 secs] [Times: user=0.43 sys=0.00, real=0.05 secs] 
33603.394: [GC 33603.395: [ParNew: 2294626K->61506K(2534400K), 0.0438970 secs] 6960372K->4728165K(10982400K), 0.0450570 secs] [Times: user=0.51 sys=0.00, real=0.05 secs] 
33604.806: [GC 33604.806: [ParNew: 2314306K->49720K(2534400K), 0.0458770 secs] 6980965K->4716966K(10982400K), 0.0469970 secs] [Times: user=0.38 sys=0.00, real=0.04 secs] 
33606.145: [GC 33606.145: [ParNew: 2302520K->41494K(2534400K), 0.0509780 secs] 6969766K->4709232K(10982400K), 0.0520360 secs] [Times: user=0.43 sys=0.00, real=0.06 secs] 
33607.511: [GC 33607.512: [ParNew: 2294294K->39453K(2534400K), 0.0476880 secs] 6962032K->4707945K(10982400K), 0.0487830 secs] [Times: user=0.41 sys=0.01, real=0.05 secs] 
33608.581: [GC 33608.582: [ParNew: 2292253K->52488K(2534400K), 0.0465040 secs] 6960745K->4721614K(10982400K), 0.0476460 secs] [Times: user=0.45 sys=0.01, real=0.05 secs] 
33609.526: [GC 33609.526: [ParNew: 2305288K->45727K(2534400K), 0.0476370 secs] 6974414K->4715688K(10982400K), 0.0488000 secs] [Times: user=0.46 sys=0.00, real=0.05 secs] 
33611.146: [GC 33611.147: [ParNew: 2298527K->46766K(2534400K), 0.0551180 secs] 6968488K->4721107K(10982400K), 0.0562720 secs] [Times: user=0.45 sys=0.01, real=0.06 secs] 
33612.505: [GC 33612.506: [ParNew: 2299566K->35454K(2534400K), 0.0412860 secs] 6973907K->4712731K(10982400K), 0.0422960 secs] [Times: user=0.40 sys=0.00, real=0.05 secs] 
33613.966: [GC 33613.966: [ParNew: 2288254K->40924K(2534400K), 0.0540750 secs] 6965531K->4719001K(10982400K), 0.0550700 secs] [Times: user=0.49 sys=0.00, real=0.06 secs] 
33615.187: [GC 33615.188: [ParNew: 2293724K->39723K(2534400K), 0.0519730 secs] 6971801K->4718469K(10982400K), 0.0529810 secs] [Times: user=0.45 sys=0.00, real=0.06 secs] 
33616.375: [GC 33616.376: [ParNew: 2292523K->40160K(2534400K), 0.0488800 secs] 6971269K->4720350K(10982400K), 0.0500560 secs] [Times: user=0.45 sys=0.00, real=0.05 secs] 
33617.789: [GC 33617.790: [ParNew: 2292960K->103412K(2534400K), 0.0571660 secs] 6973150K->4784172K(10982400K), 0.0585520 secs] [Times: user=0.66 sys=0.00, real=0.06 secs] 
33619.046: [GC 33619.047: [ParNew: 2356189K->75991K(2534400K), 0.0449480 secs] 7036950K->4758619K(10982400K), 0.0459410 secs] [Times: user=0.44 sys=0.00, real=0.05 secs] 
33620.292: [GC 33620.293: [ParNew: 2328791K->53899K(2534400K), 0.0462260 secs] 7011419K->4738068K(10982400K), 0.0472310 secs] [Times: user=0.48 sys=0.00, real=0.05 secs] 
33621.604: [GC 33621.604: [ParNew: 2306699K->39872K(2534400K), 0.0483190 secs] 6990868K->4728362K(10982400K), 0.0495140 secs] [Times: user=0.36 sys=0.01, real=0.05 secs] 
33623.029: [GC 33623.030: [ParNew: 2292653K->32993K(2534400K), 0.0474390 secs] 6981143K->4722514K(10982400K), 0.0484280 secs] [Times: user=0.41 sys=0.00, real=0.04 secs] 
33624.561: [GC 33624.561: [ParNew: 2285793K->61172K(2534400K), 0.0504540 secs] 6975314K->4751165K(10982400K), 0.0514530 secs] [Times: user=0.48 sys=0.01, real=0.05 secs] 
33625.843: [GC 33625.843: [ParNew: 2313972K->50370K(2534400K), 0.0482770 secs] 7003965K->4741891K(10982400K), 0.0492690 secs] [Times: user=0.47 sys=0.00, real=0.05 secs] 
33627.218: [GC 33627.219: [ParNew: 2303170K->42015K(2534400K), 0.0494090 secs] 6994691K->4733984K(10982400K), 0.0504030 secs] [Times: user=0.46 sys=0.01, real=0.05 secs] 
33628.279: [GC 33628.279: [ParNew: 2294815K->37358K(2534400K), 0.0469900 secs] 6986784K->4731490K(10982400K), 0.0479650 secs] [Times: user=0.44 sys=0.00, real=0.05 secs] 
33629.741: [GC 33629.742: [ParNew: 2290158K->36185K(2534400K), 0.0489020 secs] 6984290K->4730837K(10982400K), 0.0500700 secs] [Times: user=0.47 sys=0.00, real=0.05 secs] 
33631.282: [GC 33631.282: [ParNew: 2288985K->39873K(2534400K), 0.0541630 secs] 6983637K->4736906K(10982400K), 0.0553130 secs] [Times: user=0.39 sys=0.00, real=0.05 secs] 
33632.502: [GC 33632.502: [ParNew: 2292673K->43574K(2534400K), 0.0540230 secs] 6989706K->4741651K(10982400K), 0.0551710 secs] [Times: user=0.45 sys=0.00, real=0.05 secs] 
33634.406: [GC 33634.407: [ParNew: 2296374K->62794K(2534400K), 0.0731920 secs] 6994451K->4761534K(10982400K), 0.0743670 secs] [Times: user=0.42 sys=0.00, real=0.08 secs] 
33635.800: [GC 33635.801: [ParNew: 2315594K->92208K(2534400K), 0.0643250 secs] 7014334K->4792237K(10982400K), 0.0655110 secs] [Times: user=0.63 sys=0.01, real=0.07 secs] 
33637.298: [GC 33637.299: [ParNew: 2345008K->82316K(2534400K), 0.0568270 secs] 7045037K->4783247K(10982400K), 0.0580330 secs] [Times: user=0.52 sys=0.00, real=0.06 secs] 
33638.799: [GC 33638.800: [ParNew: 2335116K->121671K(2534400K), 0.0714980 secs] 7036047K->4828630K(10982400K), 0.0726250 secs] [Times: user=0.69 sys=0.00, real=0.08 secs] 
33641.018: [GC 33641.019: [ParNew: 2374471K->83650K(2534400K), 0.0538210 secs] 7081430K->4791517K(10982400K), 0.0549420 secs] [Times: user=0.44 sys=0.01, real=0.06 secs] 
33643.488: [GC 33643.489: [ParNew: 2336450K->57049K(2534400K), 0.0575640 secs] 7044317K->4765719K(10982400K), 0.0587700 secs] [Times: user=0.51 sys=0.00, real=0.06 secs] 
33645.342: [GC 33645.343: [ParNew: 2309849K->46151K(2534400K), 0.0545010 secs] 7018519K->4762688K(10982400K), 0.0556630 secs] [Times: user=0.36 sys=0.00, real=0.05 secs] 
33647.559: [GC 33647.560: [ParNew: 2298951K->42471K(2534400K), 0.0576210 secs] 7015488K->4761153K(10982400K), 0.0587990 secs] [Times: user=0.50 sys=0.01, real=0.06 secs] 
33649.286: [GC 33649.287: [ParNew: 2295271K->73141K(2534400K), 0.0542630 secs] 7013953K->4792810K(10982400K), 0.0554300 secs] [Times: user=0.49 sys=0.00, real=0.05 secs] 
33651.324: [GC 33651.325: [ParNew: 2325843K->62205K(2534400K), 0.0641740 secs] 7045512K->4787897K(10982400K), 0.0653450 secs] [Times: user=0.48 sys=0.00, real=0.06 secs] 
33653.039: [GC 33653.039: [ParNew: 2315005K->58485K(2534400K), 0.0531120 secs] 7040697K->4785772K(10982400K), 0.0541200 secs] [Times: user=0.55 sys=0.01, real=0.05 secs] 
33655.003: [GC 33655.004: [ParNew: 2311285K->80441K(2534400K), 0.0654490 secs] 7038572K->4808773K(10982400K), 0.0669120 secs] [Times: user=0.54 sys=0.01, real=0.07 secs] 
33656.859: [GC 33656.860: [ParNew: 2333248K->61600K(2534400K), 0.0609380 secs] 7061580K->4796347K(10982400K), 0.0620810 secs] [Times: user=0.39 sys=0.00, real=0.06 secs] 
33658.986: [GC 33658.987: [ParNew: 2314400K->90906K(2534400K), 0.0584580 secs] 7049147K->4826996K(10982400K), 0.0596130 secs] [Times: user=0.60 sys=0.01, real=0.06 secs] 
33661.179: [GC 33661.180: [ParNew: 2343706K->70697K(2534400K), 0.0547490 secs] 7079796K->4808817K(10982400K), 0.0556740 secs] [Times: user=0.43 sys=0.00, real=0.06 secs] 
33663.401: [GC 33663.402: [ParNew: 2323497K->38390K(2534400K), 0.0547240 secs] 7061617K->4781828K(10982400K), 0.0555700 secs] [Times: user=0.48 sys=0.00, real=0.06 secs] 
33665.341: [GC 33665.341: [ParNew: 2291190K->40897K(2534400K), 0.0506410 secs] 7034628K->4785099K(10982400K), 0.0515640 secs] [Times: user=0.44 sys=0.00, real=0.05 secs] 
33667.945: [GC 33667.946: [ParNew: 2293697K->71031K(2534400K), 0.0613000 secs] 7037899K->4815926K(10982400K), 0.0621430 secs] [Times: user=0.60 sys=0.00, real=0.07 secs] 
33669.582: [GC 33669.583: [ParNew: 2323831K->57451K(2534400K), 0.0477060 secs] 7068726K->4803169K(10982400K), 0.0485930 secs] [Times: user=0.45 sys=0.00, real=0.05 secs] 
33672.265: [GC 33672.266: [ParNew: 2310251K->67926K(2534400K), 0.0675550 secs] 7055969K->4816379K(10982400K), 0.0684940 secs] [Times: user=0.59 sys=0.00, real=0.07 secs] 
33673.986: [GC 33673.986: [ParNew: 2320726K->57129K(2534400K), 0.0495530 secs] 7069179K->4809398K(10982400K), 0.0504680 secs] [Times: user=0.47 sys=0.01, real=0.05 secs] 
33675.741: [GC 33675.742: [ParNew: 2309929K->50310K(2534400K), 0.0516220 secs] 7062198K->4804235K(10982400K), 0.0525350 secs] [Times: user=0.51 sys=0.00, real=0.05 secs] 
33677.904: [GC 33677.905: [ParNew: 2303110K->77188K(2534400K), 0.0553810 secs] 7057035K->4832368K(10982400K), 0.0564890 secs] [Times: user=0.54 sys=0.00, real=0.06 secs] 
33679.729: [GC 33679.730: [ParNew: 2329988K->57009K(2534400K), 0.0515760 secs] 7085168K->4813313K(10982400K), 0.0525150 secs] [Times: user=0.47 sys=0.00, real=0.05 secs] 
33682.185: [GC 33682.186: [ParNew: 2309809K->40082K(2534400K), 0.0505950 secs] 7066113K->4797741K(10982400K), 0.0515320 secs] [Times: user=0.42 sys=0.01, real=0.05 secs] 
33684.294: [GC 33684.295: [ParNew: 2292882K->70253K(2534400K), 0.0496210 secs] 7050541K->4829387K(10982400K), 0.0505590 secs] [Times: user=0.48 sys=0.00, real=0.05 secs] 
33686.575: [GC 33686.576: [ParNew: 2323053K->56665K(2534400K), 0.0645590 secs] 7082187K->4821107K(10982400K), 0.0659210 secs] [Times: user=0.37 sys=0.00, real=0.07 secs] 
33688.171: [GC 33688.172: [ParNew: 2309465K->90000K(2534400K), 0.0592650 secs] 7073907K->4855658K(10982400K), 0.0604610 secs] [Times: user=0.62 sys=0.01, real=0.06 secs] 
33689.837: [GC 33689.837: [ParNew: 2342800K->84001K(2534400K), 0.0586190 secs] 7108458K->4851125K(10982400K), 0.0597910 secs] [Times: user=0.61 sys=0.00, real=0.06 secs] 
33691.698: [GC 33691.699: [ParNew: 2336801K->62579K(2534400K), 0.0525950 secs] 7103925K->4831467K(10982400K), 0.0537570 secs] [Times: user=0.44 sys=0.01, real=0.06 secs] 
33693.784: [GC 33693.784: [ParNew: 2315379K->33242K(2534400K), 0.0583090 secs] 7084267K->4807961K(10982400K), 0.0594600 secs] [Times: user=0.42 sys=0.01, real=0.06 secs] 
33696.018: [GC 33696.019: [ParNew: 2286042K->49777K(2534400K), 0.0554620 secs] 7060761K->4824939K(10982400K), 0.0566480 secs] [Times: user=0.50 sys=0.01, real=0.06 secs] 
33697.782: [GC 33697.783: [ParNew: 2302577K->45931K(2534400K), 0.0495170 secs] 7077739K->4822402K(10982400K), 0.0506850 secs] [Times: user=0.44 sys=0.00, real=0.05 secs] 
33699.657: [GC 33699.657: [ParNew: 2298731K->56016K(2534400K), 0.0534220 secs] 7075202K->4833799K(10982400K), 0.0545900 secs] [Times: user=0.48 sys=0.00, real=0.06 secs] 
33701.487: [GC 33701.487: [ParNew: 2308816K->52481K(2534400K), 0.0464220 secs] 7086599K->4831275K(10982400K), 0.0475950 secs] [Times: user=0.45 sys=0.00, real=0.05 secs] 
33703.065: [GC 33703.066: [ParNew: 2305281K->51965K(2534400K), 0.0506200 secs] 7084075K->4835550K(10982400K), 0.0518170 secs] [Times: user=0.46 sys=0.00, real=0.05 secs] 
33705.059: [GC 33705.059: [ParNew: 2304765K->41818K(2534400K), 0.0511800 secs] 7088350K->4829292K(10982400K), 0.0522060 secs] [Times: user=0.45 sys=0.00, real=0.06 secs] 
33706.413: [GC 33706.414: [ParNew: 2294618K->39329K(2534400K), 0.0433080 secs] 7082092K->4833030K(10982400K), 0.0444640 secs] [Times: user=0.42 sys=0.00, real=0.04 secs] 
33707.767: [GC 33707.768: [ParNew: 2292129K->39080K(2534400K), 0.0425630 secs] 7085830K->4835693K(10982400K), 0.0437590 secs] [Times: user=0.43 sys=0.00, real=0.04 secs] 
33709.545: [GC 33709.545: [ParNew: 2291880K->59924K(2534400K), 0.0470040 secs] 7088493K->4857747K(10982400K), 0.0480060 secs] [Times: user=0.48 sys=0.01, real=0.05 secs] 
33710.924: [GC 33710.924: [ParNew: 2312724K->78095K(2534400K), 0.0531700 secs] 7110547K->4878323K(10982400K), 0.0543290 secs] [Times: user=0.61 sys=0.00, real=0.05 secs] 
33712.139: [GC 33712.140: [ParNew: 2330894K->79594K(2534400K), 0.0465540 secs] 7131122K->4880498K(10982400K), 0.0477170 secs] [Times: user=0.48 sys=0.00, real=0.05 secs] 
33714.110: [GC 33714.111: [ParNew: 2332394K->58183K(2534400K), 0.0521000 secs] 7133298K->4859950K(10982400K), 0.0533040 secs] [Times: user=0.43 sys=0.00, real=0.06 secs] 
33715.880: [GC 33715.881: [ParNew: 2310983K->37616K(2534400K), 0.0486920 secs] 7112750K->4840837K(10982400K), 0.0498830 secs] [Times: user=0.45 sys=0.00, real=0.05 secs] 
33716.910: [GC 33716.911: [ParNew: 2290416K->31353K(2534400K), 0.0394880 secs] 7093637K->4835240K(10982400K), 0.0404930 secs] [Times: user=0.39 sys=0.00, real=0.04 secs] 
33718.290: [GC 33718.291: [ParNew: 2284153K->31042K(2534400K), 0.0454840 secs] 7088040K->4836097K(10982400K), 0.0463980 secs] [Times: user=0.42 sys=0.01, real=0.05 secs] 
33720.407: [GC 33720.408: [ParNew: 2283842K->38973K(2534400K), 0.0523180 secs] 7088897K->4845947K(10982400K), 0.0532240 secs] [Times: user=0.46 sys=0.00, real=0.05 secs] 
33722.069: [GC 33722.069: [ParNew: 2291789K->65852K(2534400K), 0.0504320 secs] 7098763K->4874194K(10982400K), 0.0512430 secs] [Times: user=0.59 sys=0.01, real=0.05 secs] 
33722.123: [GC 33722.124: [ParNew: 66411K->77048K(2534400K), 0.0245200 secs] 4874753K->4885708K(10982400K), 0.0251350 secs] [Times: user=0.52 sys=0.00, real=0.03 secs] 
33723.782: [GC 33723.783: [ParNew: 2329848K->59743K(2534400K), 0.0459460 secs] 7138508K->4869261K(10982400K), 0.0468590 secs] [Times: user=0.43 sys=0.01, real=0.05 secs] 
33725.618: [GC 33725.618: [ParNew: 2312543K->66397K(2534400K), 0.0515010 secs] 7122061K->4877191K(10982400K), 0.0524110 secs] [Times: user=0.53 sys=0.00, real=0.05 secs] 
33727.392: [GC 33727.392: [ParNew: 2319197K->58157K(2534400K), 0.0479420 secs] 7129991K->4869743K(10982400K), 0.0488510 secs] [Times: user=0.50 sys=0.00, real=0.05 secs] 
33729.397: [GC 33729.398: [ParNew: 2310957K->86076K(2534400K), 0.0503140 secs] 7122543K->4897662K(10982400K), 0.0512430 secs] [Times: user=0.49 sys=0.00, real=0.05 secs] 
33730.998: [GC 33730.999: [ParNew: 2338876K->64054K(2534400K), 0.0442710 secs] 7150462K->4876297K(10982400K), 0.0451460 secs] [Times: user=0.45 sys=0.00, real=0.04 secs] 
33733.058: [GC 33733.059: [ParNew: 2316854K->93944K(2534400K), 0.0617390 secs] 7129097K->4914032K(10982400K), 0.0626820 secs] [Times: user=0.70 sys=0.00, real=0.06 secs] 
33734.436: [GC 33734.437: [ParNew: 2346744K->67913K(2534400K), 0.0398720 secs] 7166832K->4889229K(10982400K), 0.0408350 secs] [Times: user=0.39 sys=0.00, real=0.04 secs] 
33736.014: [GC 33736.015: [ParNew: 2320713K->54759K(2534400K), 0.0443980 secs] 7142029K->4876902K(10982400K), 0.0453110 secs] [Times: user=0.48 sys=0.00, real=0.05 secs] 
33737.414: [GC 33737.414: [ParNew: 2307559K->50855K(2534400K), 0.0465130 secs] 7129702K->4874323K(10982400K), 0.0474280 secs] [Times: user=0.48 sys=0.01, real=0.05 secs] 
33739.288: [GC 33739.289: [ParNew: 2303655K->52451K(2534400K), 0.0467350 secs] 7127123K->4878162K(10982400K), 0.0476720 secs] [Times: user=0.47 sys=0.00, real=0.04 secs] 
33741.319: [GC 33741.320: [ParNew: 2305251K->49530K(2534400K), 0.0498870 secs] 7130962K->4876277K(10982400K), 0.0508210 secs] [Times: user=0.46 sys=0.00, real=0.05 secs] 
33743.102: [GC 33743.103: [ParNew: 2302330K->41644K(2534400K), 0.0487340 secs] 7129077K->4872413K(10982400K), 0.0496590 secs] [Times: user=0.39 sys=0.01, real=0.05 secs] 
33744.793: [GC 33744.793: [ParNew: 2294444K->63392K(2534400K), 0.0514870 secs] 7125213K->4895930K(10982400K), 0.0524260 secs] [Times: user=0.55 sys=0.01, real=0.05 secs] 
33746.430: [GC 33746.431: [ParNew: 2316192K->59168K(2534400K), 0.0603070 secs] 7148730K->4892811K(10982400K), 0.0613350 secs] [Times: user=0.42 sys=0.00, real=0.06 secs] 
33748.160: [GC 33748.161: [ParNew: 2311968K->54694K(2534400K), 0.0502490 secs] 7145611K->4889448K(10982400K), 0.0511580 secs] [Times: user=0.55 sys=0.00, real=0.05 secs] 
33750.147: [GC 33750.148: [ParNew: 2307494K->43880K(2534400K), 0.0508280 secs] 7142248K->4881510K(10982400K), 0.0519980 secs] [Times: user=0.44 sys=0.00, real=0.06 secs] 
33752.034: [GC 33752.035: [ParNew: 2296680K->52166K(2534400K), 0.0505120 secs] 7134310K->4892033K(10982400K), 0.0517110 secs] [Times: user=0.46 sys=0.00, real=0.05 secs] 
33753.661: [GC 33753.662: [ParNew: 2304966K->69114K(2534400K), 0.0492770 secs] 7144833K->4910275K(10982400K), 0.0504350 secs] [Times: user=0.51 sys=0.00, real=0.05 secs] 
33755.554: [GC 33755.554: [ParNew: 2321914K->52621K(2534400K), 0.0529570 secs] 7163075K->4897912K(10982400K), 0.0540530 secs] [Times: user=0.42 sys=0.00, real=0.05 secs] 
33757.303: [GC 33757.304: [ParNew: 2305421K->68291K(2534400K), 0.0463650 secs] 7150712K->4914461K(10982400K), 0.0475730 secs] [Times: user=0.46 sys=0.01, real=0.05 secs] 
33758.909: [GC 33758.910: [ParNew: 2321091K->52055K(2534400K), 0.0471210 secs] 7167261K->4899055K(10982400K), 0.0481820 secs] [Times: user=0.41 sys=0.01, real=0.05 secs] 
33760.450: [GC 33760.451: [ParNew: 2304855K->56095K(2534400K), 0.0488780 secs] 7151855K->4904252K(10982400K), 0.0499020 secs] [Times: user=0.47 sys=0.01, real=0.05 secs] 
33762.345: [GC 33762.346: [ParNew: 2308895K->52944K(2534400K), 0.0557210 secs] 7157052K->4902008K(10982400K), 0.0568180 secs] [Times: user=0.51 sys=0.00, real=0.06 secs] 
33763.942: [GC 33763.943: [ParNew: 2305744K->153700K(2534400K), 0.0637320 secs] 7154808K->5004032K(10982400K), 0.0647320 secs] [Times: user=0.90 sys=0.00, real=0.06 secs] 
33765.326: [GC 33765.326: [ParNew: 2406468K->130307K(2534400K), 0.0480490 secs] 7256800K->4981933K(10982400K), 0.0490410 secs] [Times: user=0.56 sys=0.01, real=0.05 secs] 
33766.593: [GC 33766.593: [ParNew: 2383107K->108574K(2534400K), 0.0425080 secs] 7234733K->4961236K(10982400K), 0.0435000 secs] [Times: user=0.51 sys=0.00, real=0.04 secs] 
33768.404: [GC 33768.405: [ParNew: 2361374K->147061K(2534400K), 0.0656610 secs] 7214036K->5008655K(10982400K), 0.0666680 secs] [Times: user=0.76 sys=0.00, real=0.07 secs] 
33769.491: [GC 33769.492: [ParNew: 2399861K->100559K(2534400K), 0.0636140 secs] 7261455K->5000222K(10982400K), 0.0647530 secs] [Times: user=0.42 sys=0.01, real=0.06 secs] 
33771.504: [GC 33771.505: [ParNew: 2353359K->38048K(2534400K), 0.0515360 secs] 7253022K->4939011K(10982400K), 0.0527310 secs] [Times: user=0.41 sys=0.00, real=0.05 secs] 
33773.781: [GC 33773.781: [ParNew: 2290848K->51148K(2534400K), 0.0591420 secs] 7191811K->4953367K(10982400K), 0.0603120 secs] [Times: user=0.57 sys=0.00, real=0.06 secs] 
33775.697: [GC 33775.697: [ParNew: 2303948K->43246K(2534400K), 0.0519970 secs] 7206167K->4947251K(10982400K), 0.0531580 secs] [Times: user=0.40 sys=0.00, real=0.05 secs] 
33777.597: [GC 33777.597: [ParNew: 2296067K->42294K(2534400K), 0.0529870 secs] 7200071K->4947486K(10982400K), 0.0539870 secs] [Times: user=0.43 sys=0.00, real=0.05 secs] 
33779.610: [GC 33779.611: [ParNew: 2295094K->40477K(2534400K), 0.0553820 secs] 7200286K->4947592K(10982400K), 0.0564770 secs] [Times: user=0.47 sys=0.01, real=0.06 secs] 
33781.310: [GC 33781.311: [ParNew: 2293277K->45056K(2534400K), 0.0503110 secs] 7200392K->4954070K(10982400K), 0.0513830 secs] [Times: user=0.49 sys=0.00, real=0.05 secs] 
33782.459: [GC 33782.460: [ParNew: 2297856K->42589K(2534400K), 0.0420670 secs] 7206870K->4955241K(10982400K), 0.0432210 secs] [Times: user=0.47 sys=0.00, real=0.05 secs] 
33784.491: [GC 33784.491: [ParNew: 2295389K->39606K(2534400K), 0.0480350 secs] 7208041K->4955689K(10982400K), 0.0490340 secs] [Times: user=0.43 sys=0.00, real=0.05 secs] 
33786.131: [GC 33786.132: [ParNew: 2292406K->32679K(2534400K), 0.0415960 secs] 7208489K->4950012K(10982400K), 0.0427660 secs] [Times: user=0.37 sys=0.00, real=0.05 secs] 
33787.902: [GC 33787.902: [ParNew: 2285479K->34525K(2534400K), 0.0492150 secs] 7202812K->4952443K(10982400K), 0.0503960 secs] [Times: user=0.44 sys=0.01, real=0.05 secs] 
33790.002: [GC 33790.002: [ParNew: 2287325K->39096K(2534400K), 0.0527940 secs] 7205243K->4957295K(10982400K), 0.0539610 secs] [Times: user=0.43 sys=0.01, real=0.06 secs] 
33792.304: [GC 33792.305: [ParNew: 2291896K->40112K(2534400K), 0.0569670 secs] 7210095K->4958776K(10982400K), 0.0581410 secs] [Times: user=0.47 sys=0.00, real=0.06 secs] 
33794.334: [GC 33794.335: [ParNew: 2292912K->66964K(2534400K), 0.0587740 secs] 7211576K->4986995K(10982400K), 0.0599410 secs] [Times: user=0.59 sys=0.00, real=0.06 secs] 
33796.426: [GC 33796.427: [ParNew: 2319764K->64764K(2534400K), 0.0571470 secs] 7239795K->4986016K(10982400K), 0.0581360 secs] [Times: user=0.49 sys=0.00, real=0.05 secs] 
33798.331: [GC 33798.332: [ParNew: 2317564K->75948K(2534400K), 0.0568620 secs] 7238816K->4999135K(10982400K), 0.0580090 secs] [Times: user=0.48 sys=0.00, real=0.06 secs] 
33800.472: [GC 33800.472: [ParNew: 2328748K->53402K(2534400K), 0.0572930 secs] 7251935K->4978649K(10982400K), 0.0584630 secs] [Times: user=0.43 sys=0.00, real=0.06 secs] 
33802.695: [GC 33802.696: [ParNew: 2306204K->37054K(2534400K), 0.0608510 secs] 7231452K->4964032K(10982400K), 0.0619680 secs] [Times: user=0.50 sys=0.01, real=0.07 secs] 
33802.762: [GC 33802.762: [ParNew: 37345K->38691K(2534400K), 0.0225310 secs] 4964323K->4966876K(10982400K), 0.0233400 secs] [Times: user=0.42 sys=0.00, real=0.02 secs] 
33804.734: [GC 33804.734: [ParNew: 2291491K->36504K(2534400K), 0.0476760 secs] 7219676K->4965231K(10982400K), 0.0486800 secs] [Times: user=0.38 sys=0.00, real=0.05 secs] 
33806.736: [GC 33806.736: [ParNew: 2289304K->62326K(2534400K), 0.0528350 secs] 7218031K->4992002K(10982400K), 0.0538510 secs] [Times: user=0.53 sys=0.00, real=0.06 secs] 
33808.483: [GC 33808.484: [ParNew: 2315126K->49058K(2534400K), 0.0561550 secs] 7244802K->4979752K(10982400K), 0.0571560 secs] [Times: user=0.50 sys=0.01, real=0.06 secs] 
33810.555: [GC 33810.556: [ParNew: 2301858K->46291K(2534400K), 0.0492200 secs] 7232552K->4976986K(10982400K), 0.0502240 secs] [Times: user=0.41 sys=0.01, real=0.05 secs] 
33812.066: [GC 33812.066: [ParNew: 2299091K->77464K(2534400K), 0.0492820 secs] 7229786K->5009600K(10982400K), 0.0502830 secs] [Times: user=0.54 sys=0.00, real=0.05 secs] 
33813.689: [GC 33813.690: [ParNew: 2330264K->66949K(2534400K), 0.0499980 secs] 7262400K->5001871K(10982400K), 0.0509970 secs] [Times: user=0.46 sys=0.00, real=0.05 secs] 
33815.516: [GC 33815.516: [ParNew: 2319749K->52494K(2534400K), 0.0533990 secs] 7254671K->4990944K(10982400K), 0.0544040 secs] [Times: user=0.44 sys=0.00, real=0.06 secs] 
33817.667: [GC 33817.667: [ParNew: 2305294K->46962K(2534400K), 0.0586760 secs] 7243744K->4987626K(10982400K), 0.0597020 secs] [Times: user=0.51 sys=0.00, real=0.06 secs] 
33819.729: [GC 33819.729: [ParNew: 2299762K->38525K(2534400K), 0.0532290 secs] 7240426K->4981237K(10982400K), 0.0542360 secs] [Times: user=0.42 sys=0.01, real=0.05 secs] 
33821.860: [GC 33821.861: [ParNew: 2291325K->34560K(2534400K), 0.0496800 secs] 7234037K->4980031K(10982400K), 0.0506930 secs] [Times: user=0.38 sys=0.01, real=0.05 secs] 
33824.226: [GC 33824.227: [ParNew: 2287360K->32992K(2534400K), 0.0588220 secs] 7232831K->4979785K(10982400K), 0.0599760 secs] [Times: user=0.43 sys=0.01, real=0.06 secs] 
33826.637: [GC 33826.638: [ParNew: 2285792K->50587K(2534400K), 0.0533670 secs] 7232585K->4997957K(10982400K), 0.0543810 secs] [Times: user=0.47 sys=0.00, real=0.06 secs] 
33827.844: [GC 33827.845: [ParNew: 2303387K->36534K(2534400K), 0.0402060 secs] 7250757K->4984606K(10982400K), 0.0412090 secs] [Times: user=0.40 sys=0.01, real=0.04 secs] 
33829.868: [GC 33829.869: [ParNew: 2289334K->40233K(2534400K), 0.0514530 secs] 7237406K->4989175K(10982400K), 0.0526520 secs] [Times: user=0.39 sys=0.01, real=0.06 secs] 
33831.677: [GC 33831.677: [ParNew: 2293033K->80436K(2534400K), 0.0604420 secs] 7241975K->5030138K(10982400K), 0.0615410 secs] [Times: user=0.63 sys=0.00, real=0.06 secs] 
33833.874: [GC 33833.875: [ParNew: 2333236K->60166K(2534400K), 0.0606570 secs] 7282938K->5010827K(10982400K), 0.0618460 secs] [Times: user=0.45 sys=0.00, real=0.06 secs] 
33835.608: [GC 33835.609: [ParNew: 2312966K->34611K(2534400K), 0.0560210 secs] 7263627K->4986325K(10982400K), 0.0571670 secs] [Times: user=0.47 sys=0.00, real=0.06 secs] 
33837.290: [GC 33837.291: [ParNew: 2287411K->40062K(2534400K), 0.0621120 secs] 7239125K->4993875K(10982400K), 0.0632620 secs] [Times: user=0.50 sys=0.00, real=0.07 secs] 
33839.067: [GC 33839.068: [ParNew: 2292862K->56595K(2534400K), 0.0544860 secs] 7246675K->5012503K(10982400K), 0.0556540 secs] [Times: user=0.48 sys=0.00, real=0.06 secs] 
33841.265: [GC 33841.266: [ParNew: 2309395K->41770K(2534400K), 0.0562860 secs] 7265303K->4999087K(10982400K), 0.0573850 secs] [Times: user=0.47 sys=0.00, real=0.06 secs] 
33843.406: [GC 33843.407: [ParNew: 2294570K->63524K(2534400K), 0.0566340 secs] 7251887K->5021760K(10982400K), 0.0576970 secs] [Times: user=0.54 sys=0.00, real=0.06 secs] 
33845.626: [GC 33845.627: [ParNew: 2316324K->49336K(2534400K), 0.0558450 secs] 7274560K->5009578K(10982400K), 0.0571590 secs] [Times: user=0.46 sys=0.01, real=0.06 secs] 
33848.283: [GC 33848.283: [ParNew: 2302136K->44756K(2534400K), 0.0570850 secs] 7262378K->5006472K(10982400K), 0.0580850 secs] [Times: user=0.44 sys=0.00, real=0.06 secs] 
33850.726: [GC 33850.727: [ParNew: 2297556K->49100K(2534400K), 0.0666770 secs] 7259272K->5012206K(10982400K), 0.0679200 secs] [Times: user=0.52 sys=0.00, real=0.07 secs] 
33852.381: [GC 33852.381: [ParNew: 2301900K->53325K(2534400K), 0.0490010 secs] 7265006K->5018171K(10982400K), 0.0500070 secs] [Times: user=0.48 sys=0.01, real=0.05 secs] 
33854.184: [GC 33854.184: [ParNew: 2306125K->51226K(2534400K), 0.0593960 secs] 7270971K->5017844K(10982400K), 0.0604760 secs] [Times: user=0.65 sys=0.01, real=0.06 secs] 
33856.063: [GC 33856.064: [ParNew: 2304026K->69521K(2534400K), 0.0598550 secs] 7270644K->5038265K(10982400K), 0.0610260 secs] [Times: user=0.58 sys=0.00, real=0.07 secs] 
33858.327: [GC 33858.328: [ParNew: 2322321K->89618K(2534400K), 0.0640070 secs] 7291065K->5059959K(10982400K), 0.0651260 secs] [Times: user=0.66 sys=0.00, real=0.06 secs] 
33860.319: [GC 33860.319: [ParNew: 2342418K->69605K(2534400K), 0.0639710 secs] 7312759K->5048623K(10982400K), 0.0650100 secs] [Times: user=0.64 sys=0.01, real=0.06 secs] 
33862.699: [GC 33862.700: [ParNew: 2322405K->57039K(2534400K), 0.0618490 secs] 7301423K->5042827K(10982400K), 0.0630120 secs] [Times: user=0.49 sys=0.00, real=0.06 secs] 
33865.118: [GC 33865.119: [ParNew: 2309839K->64006K(2534400K), 0.0608420 secs] 7295627K->5050602K(10982400K), 0.0620130 secs] [Times: user=0.60 sys=0.00, real=0.06 secs] 
33866.875: [GC 33866.875: [ParNew: 2316806K->71762K(2534400K), 0.0557890 secs] 7303402K->5058923K(10982400K), 0.0568660 secs] [Times: user=0.57 sys=0.00, real=0.06 secs] 
33869.142: [GC 33869.143: [ParNew: 2324562K->53601K(2534400K), 0.0578020 secs] 7311723K->5041435K(10982400K), 0.0588240 secs] [Times: user=0.49 sys=0.00, real=0.06 secs] 
33870.719: [GC 33870.719: [ParNew: 2306401K->53805K(2534400K), 0.0519980 secs] 7294235K->5042809K(10982400K), 0.0530180 secs] [Times: user=0.57 sys=0.00, real=0.05 secs] 
33872.741: [GC 33872.741: [ParNew: 2306605K->51119K(2534400K), 0.0635080 secs] 7295609K->5042834K(10982400K), 0.0645270 secs] [Times: user=0.51 sys=0.01, real=0.06 secs] 
33874.414: [GC 33874.414: [ParNew: 2303919K->45118K(2534400K), 0.0596840 secs] 7295634K->5039578K(10982400K), 0.0606890 secs] [Times: user=0.51 sys=0.00, real=0.06 secs] 
33876.499: [GC 33876.499: [ParNew: 2297918K->63765K(2534400K), 0.0609110 secs] 7292378K->5059087K(10982400K), 0.0621060 secs] [Times: user=0.43 sys=0.00, real=0.06 secs] 
33878.342: [GC 33878.343: [ParNew: 2316565K->72416K(2534400K), 0.0625890 secs] 7311887K->5069995K(10982400K), 0.0637310 secs] [Times: user=0.59 sys=0.00, real=0.06 secs] 
33879.895: [GC 33879.896: [ParNew: 2325216K->78692K(2534400K), 0.0538360 secs] 7322795K->5077415K(10982400K), 0.0548440 secs] [Times: user=0.59 sys=0.00, real=0.06 secs] 
33881.434: [GC 33881.435: [ParNew: 2331492K->60417K(2534400K), 0.0548690 secs] 7330215K->5059875K(10982400K), 0.0558950 secs] [Times: user=0.47 sys=0.00, real=0.06 secs] 
33882.967: [GC 33882.967: [ParNew: 2313217K->35498K(2534400K), 0.0482680 secs] 7312675K->5037421K(10982400K), 0.0492670 secs] [Times: user=0.46 sys=0.00, real=0.05 secs] 
33884.866: [GC 33884.866: [ParNew: 2288298K->63407K(2534400K), 0.0675860 secs] 7290221K->5066563K(10982400K), 0.0685970 secs] [Times: user=0.51 sys=0.00, real=0.07 secs] 
33887.091: [GC 33887.091: [ParNew: 2316207K->53951K(2534400K), 0.0574250 secs] 7319363K->5058159K(10982400K), 0.0585920 secs] [Times: user=0.53 sys=0.00, real=0.06 secs] 
33889.167: [GC 33889.168: [ParNew: 2306751K->68342K(2534400K), 0.0520390 secs] 7310959K->5073192K(10982400K), 0.0530550 secs] [Times: user=0.49 sys=0.01, real=0.06 secs] 
33891.400: [GC 33891.401: [ParNew: 2321142K->50639K(2534400K), 0.0603800 secs] 7325992K->5056311K(10982400K), 0.0615440 secs] [Times: user=0.50 sys=0.01, real=0.06 secs] 
33893.065: [GC 33893.065: [ParNew: 2303439K->40279K(2534400K), 0.0485740 secs] 7309111K->5049527K(10982400K), 0.0497150 secs] [Times: user=0.37 sys=0.00, real=0.05 secs] 
33895.149: [GC 33895.150: [ParNew: 2293079K->55291K(2534400K), 0.0556840 secs] 7302327K->5066067K(10982400K), 0.0568510 secs] [Times: user=0.52 sys=0.00, real=0.06 secs] 
33896.889: [GC 33896.890: [ParNew: 2308091K->64609K(2534400K), 0.0612770 secs] 7318867K->5077276K(10982400K), 0.0624220 secs] [Times: user=0.58 sys=0.00, real=0.07 secs] 
33899.292: [GC 33899.292: [ParNew: 2317409K->69513K(2534400K), 0.0698490 secs] 7330076K->5083810K(10982400K), 0.0711280 secs] [Times: user=0.42 sys=0.00, real=0.07 secs] 
33901.522: [GC 33901.522: [ParNew: 2322313K->38744K(2534400K), 0.0595010 secs] 7336610K->5055731K(10982400K), 0.0606610 secs] [Times: user=0.51 sys=0.01, real=0.06 secs] 
33903.620: [GC 33903.621: [ParNew: 2291544K->38515K(2534400K), 0.0655420 secs] 7308531K->5057280K(10982400K), 0.0667650 secs] [Times: user=0.45 sys=0.00, real=0.07 secs] 
33905.939: [GC 33905.940: [ParNew: 2291315K->42500K(2534400K), 0.0544650 secs] 7310080K->5062629K(10982400K), 0.0556250 secs] [Times: user=0.40 sys=0.00, real=0.06 secs] 
33908.402: [GC 33908.402: [ParNew: 2295300K->43835K(2534400K), 0.0556010 secs] 7315429K->5065571K(10982400K), 0.0566110 secs] [Times: user=0.40 sys=0.01, real=0.05 secs] 
33910.635: [GC 33910.635: [ParNew: 2296635K->40389K(2534400K), 0.0580840 secs] 7318371K->5063806K(10982400K), 0.0591190 secs] [Times: user=0.50 sys=0.01, real=0.06 secs] 
33912.836: [GC 33912.837: [ParNew: 2293189K->41005K(2534400K), 0.0506300 secs] 7316606K->5065165K(10982400K), 0.0516400 secs] [Times: user=0.40 sys=0.00, real=0.05 secs] 
33914.750: [GC 33914.750: [ParNew: 2293805K->38489K(2534400K), 0.0493930 secs] 7317965K->5067485K(10982400K), 0.0504050 secs] [Times: user=0.41 sys=0.01, real=0.05 secs] 
33916.493: [GC 33916.494: [ParNew: 2291289K->38916K(2534400K), 0.0505120 secs] 7320285K->5070409K(10982400K), 0.0515240 secs] [Times: user=0.44 sys=0.00, real=0.06 secs] 
33918.120: [GC 33918.121: [ParNew: 2291716K->41500K(2534400K), 0.0467680 secs] 7323209K->5074377K(10982400K), 0.0476760 secs] [Times: user=0.45 sys=0.00, real=0.05 secs] 
33919.536: [GC 33919.537: [ParNew: 2294300K->34919K(2534400K), 0.0405620 secs] 7327177K->5068968K(10982400K), 0.0414720 secs] [Times: user=0.40 sys=0.01, real=0.04 secs] 
33921.096: [GC 33921.097: [ParNew: 2287719K->33170K(2534400K), 0.0462940 secs] 7321768K->5068590K(10982400K), 0.0471530 secs] [Times: user=0.43 sys=0.00, real=0.05 secs] 
33922.618: [GC 33922.618: [ParNew: 2285970K->61790K(2534400K), 0.0461420 secs] 7321390K->5098231K(10982400K), 0.0469140 secs] [Times: user=0.51 sys=0.01, real=0.05 secs] 
33924.285: [GC 33924.286: [ParNew: 2314590K->48658K(2534400K), 0.0483990 secs] 7351031K->5086183K(10982400K), 0.0493020 secs] [Times: user=0.45 sys=0.00, real=0.04 secs] 
33926.134: [GC 33926.135: [ParNew: 2301458K->49609K(2534400K), 0.0525200 secs] 7338983K->5087738K(10982400K), 0.0535660 secs] [Times: user=0.51 sys=0.00, real=0.06 secs] 
33927.598: [GC 33927.598: [ParNew: 2302409K->41838K(2534400K), 0.0420460 secs] 7340538K->5080858K(10982400K), 0.0428780 secs] [Times: user=0.45 sys=0.00, real=0.04 secs] 
33929.161: [GC 33929.162: [ParNew: 2294638K->73344K(2534400K), 0.0495450 secs] 7333658K->5113524K(10982400K), 0.0503810 secs] [Times: user=0.54 sys=0.01, real=0.05 secs] 
33930.919: [GC 33930.920: [ParNew: 2326144K->52421K(2534400K), 0.0476910 secs] 7366324K->5093639K(10982400K), 0.0485750 secs] [Times: user=0.42 sys=0.00, real=0.05 secs] 
33932.840: [GC 33932.841: [ParNew: 2305221K->43296K(2534400K), 0.0626200 secs] 7346439K->5086214K(10982400K), 0.0635940 secs] [Times: user=0.47 sys=0.00, real=0.06 secs] 
33934.765: [GC 33934.766: [ParNew: 2296096K->40287K(2534400K), 0.0554770 secs] 7339014K->5084312K(10982400K), 0.0564180 secs] [Times: user=0.38 sys=0.00, real=0.06 secs] 
33936.263: [GC 33936.264: [ParNew: 2293087K->45804K(2534400K), 0.0532630 secs] 7337112K->5090796K(10982400K), 0.0541080 secs] [Times: user=0.48 sys=0.00, real=0.06 secs] 
33937.889: [GC 33937.889: [ParNew: 2298604K->54638K(2534400K), 0.0639420 secs] 7343596K->5100283K(10982400K), 0.0647830 secs] [Times: user=0.45 sys=0.00, real=0.06 secs] 
33939.395: [GC 33939.396: [ParNew: 2307438K->36602K(2534400K), 0.0500170 secs] 7353083K->5083824K(10982400K), 0.0508690 secs] [Times: user=0.45 sys=0.00, real=0.05 secs] 
33940.719: [GC 33940.719: [ParNew: 2289402K->48821K(2534400K), 0.0589020 secs] 7336624K->5096627K(10982400K), 0.0598100 secs] [Times: user=0.43 sys=0.01, real=0.06 secs] 
33941.796: [GC 33941.796: [ParNew: 2301621K->56974K(2534400K), 0.0494770 secs] 7349427K->5106474K(10982400K), 0.0503890 secs] [Times: user=0.43 sys=0.00, real=0.05 secs] 
33943.162: [GC 33943.163: [ParNew: 2309774K->52154K(2534400K), 0.0592790 secs] 7359274K->5103907K(10982400K), 0.0601850 secs] [Times: user=0.51 sys=0.01, real=0.06 secs] 
33944.624: [GC 33944.624: [ParNew: 2304954K->54504K(2534400K), 0.0580230 secs] 7356707K->5107013K(10982400K), 0.0589660 secs] [Times: user=0.46 sys=0.00, real=0.06 secs] 
33946.527: [GC 33946.528: [ParNew: 2307304K->77338K(2534400K), 0.0635340 secs] 7359813K->5130916K(10982400K), 0.0647120 secs] [Times: user=0.59 sys=0.01, real=0.07 secs] 
33948.319: [GC 33948.319: [ParNew: 2330138K->79539K(2534400K), 0.0551450 secs] 7383716K->5134108K(10982400K), 0.0563110 secs] [Times: user=0.55 sys=0.00, real=0.05 secs] 
33950.122: [GC 33950.123: [ParNew: 2332339K->57556K(2534400K), 0.0536830 secs] 7386908K->5113021K(10982400K), 0.0548350 secs] [Times: user=0.47 sys=0.01, real=0.05 secs] 
33952.286: [GC 33952.287: [ParNew: 2310356K->38933K(2534400K), 0.0539200 secs] 7365821K->5096636K(10982400K), 0.0549250 secs] [Times: user=0.44 sys=0.00, real=0.06 secs] 
33954.276: [GC 33954.276: [ParNew: 2291733K->85449K(2534400K), 0.0587490 secs] 7349436K->5145727K(10982400K), 0.0599050 secs] [Times: user=0.56 sys=0.01, real=0.06 secs] 
33956.010: [GC 33956.010: [ParNew: 2338249K->64399K(2534400K), 0.0508160 secs] 7398527K->5126390K(10982400K), 0.0518200 secs] [Times: user=0.45 sys=0.01, real=0.06 secs] 
33957.962: [GC 33957.963: [ParNew: 2317199K->59263K(2534400K), 0.0579990 secs] 7379190K->5122243K(10982400K), 0.0590180 secs] [Times: user=0.53 sys=0.00, real=0.06 secs] 
33960.017: [GC 33960.018: [ParNew: 2312063K->46307K(2534400K), 0.0529480 secs] 7375043K->5109902K(10982400K), 0.0539600 secs] [Times: user=0.49 sys=0.00, real=0.06 secs] 
33961.922: [GC 33961.923: [ParNew: 2299107K->45287K(2534400K), 0.0533060 secs] 7362702K->5110189K(10982400K), 0.0544770 secs] [Times: user=0.46 sys=0.00, real=0.05 secs] 
33963.886: [GC 33963.886: [ParNew: 2298087K->43539K(2534400K), 0.0520800 secs] 7362989K->5109428K(10982400K), 0.0530990 secs] [Times: user=0.47 sys=0.00, real=0.05 secs] 
33965.814: [GC 33965.815: [ParNew: 2296339K->47221K(2534400K), 0.0525700 secs] 7362228K->5114073K(10982400K), 0.0535860 secs] [Times: user=0.42 sys=0.00, real=0.05 secs] 
33968.153: [GC 33968.154: [ParNew: 2300021K->40971K(2534400K), 0.0586020 secs] 7366873K->5108908K(10982400K), 0.0597370 secs] [Times: user=0.43 sys=0.01, real=0.06 secs] 
33969.985: [GC 33969.986: [ParNew: 2293715K->62523K(2534400K), 0.0571700 secs] 7361651K->5133527K(10982400K), 0.0583260 secs] [Times: user=0.58 sys=0.00, real=0.06 secs] 
33970.048: [GC [1 CMS-initial-mark: 5071004K(8448000K)] 5133900K(10982400K), 0.1110840 secs] [Times: user=0.11 sys=0.00, real=0.11 secs] 
33971.854: [GC 33971.854: [ParNew: 2315323K->66988K(2534400K), 0.0579450 secs] 7386327K->5138523K(10982400K), 0.0590250 secs] [Times: user=0.55 sys=0.00, real=0.06 secs] 
33973.957: [GC 33973.957: [ParNew: 2319788K->48731K(2534400K), 0.0564140 secs] 7391323K->5122162K(10982400K), 0.0575630 secs] [Times: user=0.47 sys=0.00, real=0.06 secs] 
33975.216: [GC[YG occupancy: 1209317 K (2534400 K)]33975.217: [Rescan (parallel) , 0.2845490 secs]33975.501: [weak refs processing, 0.0965120 secs] [1 CMS-remark: 5073431K(8448000K)] 6282748K(10982400K), 0.3826530 secs] [Times: user=5.85 sys=0.02, real=0.38 secs] 
33976.495: [GC 33976.496: [ParNew: 2301531K->48578K(2534400K), 0.0604020 secs] 7295681K->5044443K(10982400K), 0.0615860 secs] [Times: user=0.47 sys=0.00, real=0.06 secs] 
33978.509: [GC 33978.510: [ParNew: 2301378K->41408K(2534400K), 0.0514420 secs] 7125714K->4867492K(10982400K), 0.0525420 secs] [Times: user=0.44 sys=0.01, real=0.05 secs] 
33980.374: [GC 33980.375: [ParNew: 2294208K->42866K(2534400K), 0.0527140 secs] 6863003K->4613462K(10982400K), 0.0538850 secs] [Times: user=0.46 sys=0.00, real=0.05 secs] 
33982.378: [GC 33982.378: [ParNew: 2295666K->79897K(2534400K), 0.0563380 secs] 6724366K->4511957K(10982400K), 0.0574780 secs] [Times: user=0.55 sys=0.00, real=0.06 secs] 
33983.815: [GC 33983.816: [ParNew: 2332697K->61575K(2534400K), 0.0490630 secs] 6764757K->4494923K(10982400K), 0.0501930 secs] [Times: user=0.48 sys=0.01, real=0.05 secs] 
33985.955: [GC 33985.956: [ParNew: 2314375K->49716K(2534400K), 0.0519040 secs] 6747723K->4484360K(10982400K), 0.0530240 secs] [Times: user=0.39 sys=0.01, real=0.05 secs] 
33987.874: [GC 33987.875: [ParNew: 2302516K->56902K(2534400K), 0.0599850 secs] 6737160K->4493626K(10982400K), 0.0611310 secs] [Times: user=0.53 sys=0.01, real=0.06 secs] 
33989.563: [GC 33989.563: [ParNew: 2310189K->53373K(2534400K), 0.0484750 secs] 6746914K->4490640K(10982400K), 0.0495960 secs] [Times: user=0.46 sys=0.00, real=0.05 secs] 
33991.596: [GC 33991.596: [ParNew: 2306173K->42693K(2534400K), 0.0551160 secs] 6743440K->4484058K(10982400K), 0.0563370 secs] [Times: user=0.40 sys=0.01, real=0.05 secs] 
33993.665: [GC 33993.666: [ParNew: 2295493K->60595K(2534400K), 0.0674630 secs] 6736858K->4503369K(10982400K), 0.0686330 secs] [Times: user=0.49 sys=0.01, real=0.06 secs] 
33996.300: [GC 33996.301: [ParNew: 2313395K->48601K(2534400K), 0.0557520 secs] 6756169K->4494395K(10982400K), 0.0567660 secs] [Times: user=0.43 sys=0.00, real=0.06 secs] 
33997.971: [GC 33997.972: [ParNew: 2301401K->78930K(2534400K), 0.0503880 secs] 6747195K->4526048K(10982400K), 0.0513840 secs] [Times: user=0.49 sys=0.00, real=0.05 secs] 
33999.375: [GC 33999.375: [ParNew: 2331730K->74385K(2534400K), 0.0614350 secs] 6778848K->4522689K(10982400K), 0.0624330 secs] [Times: user=0.42 sys=0.00, real=0.07 secs] 
34000.758: [GC 34000.759: [ParNew: 2327185K->38395K(2534400K), 0.0522900 secs] 6775489K->4488232K(10982400K), 0.0532950 secs] [Times: user=0.43 sys=0.01, real=0.05 secs] 
34001.844: [GC 34001.845: [ParNew: 2291195K->68618K(2534400K), 0.0509060 secs] 6741032K->4520654K(10982400K), 0.0518960 secs] [Times: user=0.53 sys=0.00, real=0.05 secs] 
34002.869: [GC 34002.870: [ParNew: 2321418K->57953K(2534400K), 0.0470210 secs] 6773454K->4512014K(10982400K), 0.0480140 secs] [Times: user=0.47 sys=0.00, real=0.05 secs] 
34003.922: [GC 34003.923: [ParNew: 2310873K->73502K(2534400K), 0.0484860 secs] 6764933K->4529145K(10982400K), 0.0494420 secs] [Times: user=0.51 sys=0.00, real=0.05 secs] 
34003.975: [GC 34003.976: [ParNew: 74365K->77470K(2534400K), 0.0242640 secs] 4530007K->4534045K(10982400K), 0.0249910 secs] [Times: user=0.52 sys=0.00, real=0.03 secs] 
34004.838: [GC 34004.838: [ParNew: 2330270K->64504K(2534400K), 0.0483470 secs] 6786845K->4521690K(10982400K), 0.0493340 secs] [Times: user=0.43 sys=0.00, real=0.05 secs] 
34005.712: [GC 34005.713: [ParNew: 2317304K->51173K(2534400K), 0.0511030 secs] 6774490K->4509509K(10982400K), 0.0520870 secs] [Times: user=0.43 sys=0.00, real=0.05 secs] 
34006.590: [GC 34006.591: [ParNew: 2303973K->52320K(2534400K), 0.0607440 secs] 6762309K->4512000K(10982400K), 0.0617350 secs] [Times: user=0.50 sys=0.00, real=0.06 secs] 
34007.606: [GC 34007.607: [ParNew: 2305120K->57751K(2534400K), 0.0504230 secs] 6764800K->4517431K(10982400K), 0.0514000 secs] [Times: user=0.51 sys=0.00, real=0.06 secs] 
34008.651: [GC 34008.652: [ParNew: 2310569K->42445K(2534400K), 0.0448930 secs] 6770249K->4503450K(10982400K), 0.0458500 secs] [Times: user=0.42 sys=0.01, real=0.04 secs] 
34008.702: [GC 34008.702: [ParNew: 44284K->31496K(2534400K), 0.0193090 secs] 4505289K->4494801K(10982400K), 0.0200480 secs] [Times: user=0.37 sys=0.00, real=0.02 secs] 
34010.371: [GC 34010.371: [ParNew: 2284296K->67184K(2534400K), 0.0821520 secs] 6747601K->4531477K(10982400K), 0.0833350 secs] [Times: user=0.48 sys=0.01, real=0.08 secs] 
34011.845: [GC 34011.846: [ParNew: 2319984K->57271K(2534400K), 0.0650910 secs] 6784277K->4522608K(10982400K), 0.0660970 secs] [Times: user=0.45 sys=0.01, real=0.07 secs] 
34013.503: [GC 34013.504: [ParNew: 2310071K->37699K(2534400K), 0.0523640 secs] 6775408K->4503530K(10982400K), 0.0533730 secs] [Times: user=0.42 sys=0.01, real=0.05 secs] 
34014.949: [GC 34014.950: [ParNew: 2290499K->98085K(2534400K), 0.0582570 secs] 6756330K->4563967K(10982400K), 0.0596100 secs] [Times: user=0.63 sys=0.00, real=0.06 secs] 
34017.025: [GC 34017.026: [ParNew: 2350885K->75306K(2534400K), 0.0620680 secs] 6816767K->4542831K(10982400K), 0.0632470 secs] [Times: user=0.51 sys=0.00, real=0.07 secs] 
34018.742: [GC 34018.742: [ParNew: 2328086K->42157K(2534400K), 0.0469910 secs] 6795612K->4511411K(10982400K), 0.0480060 secs] [Times: user=0.44 sys=0.00, real=0.05 secs] 
34020.542: [GC 34020.543: [ParNew: 2294957K->62540K(2534400K), 0.0529080 secs] 6764211K->4532591K(10982400K), 0.0540900 secs] [Times: user=0.50 sys=0.00, real=0.05 secs] 
34022.044: [GC 34022.045: [ParNew: 2315340K->74501K(2534400K), 0.0485400 secs] 6785391K->4545975K(10982400K), 0.0495470 secs] [Times: user=0.51 sys=0.01, real=0.05 secs] 
34024.038: [GC 34024.039: [ParNew: 2327301K->54369K(2534400K), 0.0535810 secs] 6798775K->4526827K(10982400K), 0.0547370 secs] [Times: user=0.44 sys=0.01, real=0.06 secs] 
34025.160: [GC 34025.161: [ParNew: 2307169K->102484K(2534400K), 0.0505940 secs] 6779627K->4576121K(10982400K), 0.0517660 secs] [Times: user=0.66 sys=0.00, real=0.05 secs] 
34027.095: [GC 34027.096: [ParNew: 2355284K->79122K(2534400K), 0.0591710 secs] 6828921K->4557009K(10982400K), 0.0601740 secs] [Times: user=0.47 sys=0.00, real=0.06 secs] 
34028.912: [GC 34028.912: [ParNew: 2331922K->42924K(2534400K), 0.0537320 secs] 6809809K->4522578K(10982400K), 0.0547360 secs] [Times: user=0.48 sys=0.00, real=0.05 secs] 
34030.688: [GC 34030.689: [ParNew: 2295724K->47427K(2534400K), 0.0518010 secs] 6775378K->4528314K(10982400K), 0.0528360 secs] [Times: user=0.47 sys=0.01, real=0.06 secs] 
34032.470: [GC 34032.471: [ParNew: 2300227K->49467K(2534400K), 0.0564490 secs] 6781114K->4531878K(10982400K), 0.0575990 secs] [Times: user=0.48 sys=0.01, real=0.06 secs] 
34034.456: [GC 34034.457: [ParNew: 2302267K->40249K(2534400K), 0.0544510 secs] 6784678K->4523492K(10982400K), 0.0556220 secs] [Times: user=0.44 sys=0.00, real=0.06 secs] 
34036.706: [GC 34036.707: [ParNew: 2293049K->69849K(2534400K), 0.0573880 secs] 6776292K->4554457K(10982400K), 0.0585540 secs] [Times: user=0.52 sys=0.00, real=0.06 secs] 
34038.901: [GC 34038.902: [ParNew: 2322649K->59627K(2534400K), 0.0597380 secs] 6807257K->4549209K(10982400K), 0.0609040 secs] [Times: user=0.46 sys=0.00, real=0.07 secs] 
34040.818: [GC 34040.819: [ParNew: 2312427K->79144K(2534400K), 0.0613700 secs] 6802009K->4569806K(10982400K), 0.0625520 secs] [Times: user=0.63 sys=0.00, real=0.06 secs] 
34043.112: [GC 34043.113: [ParNew: 2331944K->60982K(2534400K), 0.0584860 secs] 6822606K->4552719K(10982400K), 0.0594990 secs] [Times: user=0.51 sys=0.01, real=0.06 secs] 
34045.219: [GC 34045.220: [ParNew: 2313782K->86995K(2534400K), 0.0550650 secs] 6805519K->4579784K(10982400K), 0.0560750 secs] [Times: user=0.55 sys=0.01, real=0.06 secs] 
34046.952: [GC 34046.953: [ParNew: 2339795K->64827K(2534400K), 0.0481590 secs] 6832584K->4559023K(10982400K), 0.0491610 secs] [Times: user=0.43 sys=0.01, real=0.05 secs] 
34048.724: [GC 34048.725: [ParNew: 2317627K->37566K(2534400K), 0.0509160 secs] 6811823K->4533670K(10982400K), 0.0522610 secs] [Times: user=0.39 sys=0.00, real=0.05 secs] 
34050.918: [GC 34050.919: [ParNew: 2290366K->36058K(2534400K), 0.0534880 secs] 6786470K->4532817K(10982400K), 0.0545010 secs] [Times: user=0.44 sys=0.00, real=0.05 secs] 
34053.211: [GC 34053.212: [ParNew: 2288858K->67677K(2534400K), 0.0578750 secs] 6785617K->4567881K(10982400K), 0.0588900 secs] [Times: user=0.55 sys=0.01, real=0.06 secs] 
34054.868: [GC 34054.868: [ParNew: 2320477K->72922K(2534400K), 0.0518170 secs] 6820681K->4574065K(10982400K), 0.0528780 secs] [Times: user=0.57 sys=0.00, real=0.05 secs] 
34056.153: [GC 34056.154: [ParNew: 2325722K->50545K(2534400K), 0.0400420 secs] 6826865K->4552352K(10982400K), 0.0410370 secs] [Times: user=0.44 sys=0.00, real=0.05 secs] 
34057.823: [GC 34057.824: [ParNew: 2303345K->33834K(2534400K), 0.0455990 secs] 6805152K->4537124K(10982400K), 0.0465920 secs] [Times: user=0.41 sys=0.01, real=0.05 secs] 
34059.018: [GC 34059.018: [ParNew: 2286634K->41421K(2534400K), 0.0418590 secs] 6789924K->4545490K(10982400K), 0.0430350 secs] [Times: user=0.44 sys=0.01, real=0.04 secs] 
34060.297: [GC 34060.298: [ParNew: 2294221K->89290K(2534400K), 0.0447020 secs] 6798290K->4595853K(10982400K), 0.0457660 secs] [Times: user=0.58 sys=0.00, real=0.04 secs] 
34061.110: [GC 34061.111: [ParNew: 2342090K->125525K(2534400K), 0.0429800 secs] 6848653K->4633337K(10982400K), 0.0438070 secs] [Times: user=0.66 sys=0.00, real=0.04 secs] 
34062.456: [GC 34062.457: [ParNew: 2378325K->84260K(2534400K), 0.0414140 secs] 6886137K->4592799K(10982400K), 0.0422610 secs] [Times: user=0.41 sys=0.00, real=0.04 secs] 
34064.086: [GC 34064.087: [ParNew: 2337060K->39563K(2534400K), 0.0429220 secs] 6845599K->4549596K(10982400K), 0.0438420 secs] [Times: user=0.44 sys=0.00, real=0.04 secs] 
34065.550: [GC 34065.551: [ParNew: 2292363K->73321K(2534400K), 0.0456050 secs] 6802396K->4584231K(10982400K), 0.0464510 secs] [Times: user=0.52 sys=0.00, real=0.05 secs] 
34067.299: [GC 34067.300: [ParNew: 2326121K->57621K(2534400K), 0.0488940 secs] 6837031K->4568761K(10982400K), 0.0497400 secs] [Times: user=0.47 sys=0.00, real=0.05 secs] 
34068.917: [GC 34068.918: [ParNew: 2310421K->76324K(2534400K), 0.0502950 secs] 6821561K->4588126K(10982400K), 0.0511720 secs] [Times: user=0.52 sys=0.00, real=0.05 secs] 
34070.575: [GC 34070.576: [ParNew: 2329124K->64504K(2534400K), 0.0621000 secs] 6840926K->4578298K(10982400K), 0.0630260 secs] [Times: user=0.47 sys=0.00, real=0.07 secs] 
34072.388: [GC 34072.389: [ParNew: 2317304K->56811K(2534400K), 0.0666990 secs] 6831098K->4573354K(10982400K), 0.0675470 secs] [Times: user=0.44 sys=0.00, real=0.06 secs] 
34074.049: [GC 34074.050: [ParNew: 2309611K->56862K(2534400K), 0.0638280 secs] 6826154K->4575023K(10982400K), 0.0647140 secs] [Times: user=0.51 sys=0.00, real=0.06 secs] 
34075.846: [GC 34075.846: [ParNew: 2309662K->60734K(2534400K), 0.0705300 secs] 6827823K->4581225K(10982400K), 0.0717170 secs] [Times: user=0.49 sys=0.00, real=0.07 secs] 
34077.279: [GC 34077.280: [ParNew: 2313534K->59132K(2534400K), 0.0672020 secs] 6834025K->4580943K(10982400K), 0.0681970 secs] [Times: user=0.45 sys=0.01, real=0.07 secs] 
34078.541: [GC 34078.542: [ParNew: 2311932K->54139K(2534400K), 0.0612240 secs] 6833743K->4577232K(10982400K), 0.0623600 secs] [Times: user=0.43 sys=0.00, real=0.06 secs] 
34080.343: [GC 34080.344: [ParNew: 2306939K->62600K(2534400K), 0.0704370 secs] 6830032K->4590652K(10982400K), 0.0716070 secs] [Times: user=0.50 sys=0.01, real=0.07 secs] 
34082.367: [GC 34082.368: [ParNew: 2315400K->71020K(2534400K), 0.0581890 secs] 6843452K->4599974K(10982400K), 0.0592880 secs] [Times: user=0.49 sys=0.00, real=0.06 secs] 
34084.517: [GC 34084.518: [ParNew: 2323820K->81852K(2534400K), 0.0535540 secs] 6852774K->4611881K(10982400K), 0.0545620 secs] [Times: user=0.57 sys=0.00, real=0.06 secs] 
34086.593: [GC 34086.593: [ParNew: 2334652K->55877K(2534400K), 0.0535570 secs] 6864681K->4586599K(10982400K), 0.0545630 secs] [Times: user=0.45 sys=0.01, real=0.05 secs] 
34088.278: [GC 34088.279: [ParNew: 2308677K->41714K(2534400K), 0.0485220 secs] 6839399K->4574077K(10982400K), 0.0495310 secs] [Times: user=0.44 sys=0.00, real=0.05 secs] 
34090.418: [GC 34090.419: [ParNew: 2294514K->41559K(2534400K), 0.0512800 secs] 6826877K->4575879K(10982400K), 0.0522870 secs] [Times: user=0.43 sys=0.00, real=0.06 secs] 
34092.546: [GC 34092.546: [ParNew: 2294359K->102078K(2534400K), 0.0627110 secs] 6828679K->4637200K(10982400K), 0.0638470 secs] [Times: user=0.70 sys=0.01, real=0.07 secs] 
34094.169: [GC 34094.170: [ParNew: 2354878K->77258K(2534400K), 0.0533300 secs] 6890000K->4613215K(10982400K), 0.0545030 secs] [Times: user=0.45 sys=0.00, real=0.06 secs] 
34096.095: [GC 34096.096: [ParNew: 2330058K->70911K(2534400K), 0.0559080 secs] 6866015K->4611018K(10982400K), 0.0569100 secs] [Times: user=0.56 sys=0.01, real=0.06 secs] 
34098.160: [GC 34098.161: [ParNew: 2323711K->56392K(2534400K), 0.0517800 secs] 6863818K->4597808K(10982400K), 0.0528020 secs] [Times: user=0.44 sys=0.01, real=0.06 secs] 
34099.878: [GC 34099.878: [ParNew: 2309192K->43720K(2534400K), 0.0503100 secs] 6850608K->4586140K(10982400K), 0.0514760 secs] [Times: user=0.46 sys=0.00, real=0.05 secs] 
34101.855: [GC 34101.856: [ParNew: 2296520K->39705K(2534400K), 0.0517800 secs] 6838940K->4582627K(10982400K), 0.0529410 secs] [Times: user=0.44 sys=0.00, real=0.05 secs] 
34103.680: [GC 34103.680: [ParNew: 2292505K->62686K(2534400K), 0.0566740 secs] 6835427K->4607530K(10982400K), 0.0578400 secs] [Times: user=0.56 sys=0.00, real=0.06 secs] 
34105.524: [GC 34105.524: [ParNew: 2315486K->63011K(2534400K), 0.0541480 secs] 6860330K->4609781K(10982400K), 0.0550420 secs] [Times: user=0.51 sys=0.00, real=0.05 secs] 
34107.082: [GC 34107.083: [ParNew: 2315811K->79437K(2534400K), 0.0532520 secs] 6862581K->4628448K(10982400K), 0.0543970 secs] [Times: user=0.53 sys=0.01, real=0.06 secs] 
34109.035: [GC 34109.036: [ParNew: 2332234K->55915K(2534400K), 0.0517330 secs] 6881245K->4606322K(10982400K), 0.0529100 secs] [Times: user=0.43 sys=0.01, real=0.05 secs] 
34110.774: [GC 34110.775: [ParNew: 2308715K->51781K(2534400K), 0.0530360 secs] 6859122K->4603945K(10982400K), 0.0540420 secs] [Times: user=0.50 sys=0.01, real=0.05 secs] 
34112.781: [GC 34112.781: [ParNew: 2304581K->66824K(2534400K), 0.0537750 secs] 6856745K->4621183K(10982400K), 0.0547780 secs] [Times: user=0.53 sys=0.01, real=0.06 secs] 
34114.617: [GC 34114.618: [ParNew: 2319624K->52048K(2534400K), 0.0516230 secs] 6873983K->4608820K(10982400K), 0.0526270 secs] [Times: user=0.47 sys=0.01, real=0.05 secs] 
34116.334: [GC 34116.334: [ParNew: 2304848K->101054K(2534400K), 0.0531490 secs] 6861620K->4658964K(10982400K), 0.0541570 secs] [Times: user=0.55 sys=0.01, real=0.05 secs] 
34118.201: [GC 34118.202: [ParNew: 2353854K->71508K(2534400K), 0.0526220 secs] 6911764K->4630635K(10982400K), 0.0536790 secs] [Times: user=0.48 sys=0.01, real=0.06 secs] 
34119.851: [GC 34119.852: [ParNew: 2324308K->39527K(2534400K), 0.0468700 secs] 6883435K->4600788K(10982400K), 0.0478030 secs] [Times: user=0.41 sys=0.00, real=0.05 secs] 
34121.954: [GC 34121.955: [ParNew: 2292327K->42866K(2534400K), 0.0528900 secs] 6853588K->4605059K(10982400K), 0.0537750 secs] [Times: user=0.46 sys=0.00, real=0.06 secs] 
34123.903: [GC 34123.903: [ParNew: 2295666K->67520K(2534400K), 0.0552600 secs] 6857859K->4635868K(10982400K), 0.0561760 secs] [Times: user=0.52 sys=0.00, real=0.06 secs] 
34125.914: [GC 34125.914: [ParNew: 2320320K->87649K(2534400K), 0.0551480 secs] 6888668K->4657590K(10982400K), 0.0559920 secs] [Times: user=0.56 sys=0.00, real=0.06 secs] 
34127.809: [GC 34127.809: [ParNew: 2340449K->59970K(2534400K), 0.0500420 secs] 6910390K->4630695K(10982400K), 0.0508760 secs] [Times: user=0.46 sys=0.01, real=0.05 secs] 
34129.690: [GC 34129.690: [ParNew: 2312770K->65704K(2534400K), 0.0526510 secs] 6883495K->4637982K(10982400K), 0.0535680 secs] [Times: user=0.55 sys=0.00, real=0.05 secs] 
34131.595: [GC 34131.596: [ParNew: 2318504K->52515K(2534400K), 0.0556310 secs] 6890782K->4625285K(10982400K), 0.0565270 secs] [Times: user=0.47 sys=0.00, real=0.06 secs] 
34133.625: [GC 34133.625: [ParNew: 2305315K->59523K(2534400K), 0.0509210 secs] 6878085K->4633512K(10982400K), 0.0517720 secs] [Times: user=0.50 sys=0.00, real=0.06 secs] 
34135.519: [GC 34135.519: [ParNew: 2312323K->51674K(2534400K), 0.0512530 secs] 6886312K->4627343K(10982400K), 0.0521730 secs] [Times: user=0.47 sys=0.01, real=0.05 secs] 
34136.925: [GC 34136.926: [ParNew: 2304474K->41020K(2534400K), 0.0477440 secs] 6880143K->4618863K(10982400K), 0.0486600 secs] [Times: user=0.41 sys=0.00, real=0.05 secs] 
34138.111: [GC 34138.112: [ParNew: 2293820K->62328K(2534400K), 0.0484970 secs] 6871663K->4640967K(10982400K), 0.0494040 secs] [Times: user=0.53 sys=0.01, real=0.05 secs] 
34139.650: [GC 34139.650: [ParNew: 2315128K->51553K(2534400K), 0.0457060 secs] 6893767K->4630812K(10982400K), 0.0466200 secs] [Times: user=0.43 sys=0.00, real=0.04 secs] 
34141.767: [GC 34141.768: [ParNew: 2304353K->40924K(2534400K), 0.0542160 secs] 6883612K->4621433K(10982400K), 0.0553140 secs] [Times: user=0.49 sys=0.00, real=0.06 secs] 
34144.015: [GC 34144.016: [ParNew: 2293724K->33095K(2534400K), 0.0536010 secs] 6874233K->4614971K(10982400K), 0.0545380 secs] [Times: user=0.42 sys=0.00, real=0.06 secs] 
34146.130: [GC 34146.131: [ParNew: 2285895K->32529K(2534400K), 0.0492820 secs] 6867771K->4615525K(10982400K), 0.0501930 secs] [Times: user=0.40 sys=0.01, real=0.05 secs] 
34148.371: [GC 34148.371: [ParNew: 2285329K->52819K(2534400K), 0.0567460 secs] 6868325K->4636784K(10982400K), 0.0576580 secs] [Times: user=0.51 sys=0.00, real=0.06 secs] 
34150.631: [GC 34150.632: [ParNew: 2305619K->41662K(2534400K), 0.0548700 secs] 6889584K->4626173K(10982400K), 0.0557700 secs] [Times: user=0.43 sys=0.00, real=0.05 secs] 
34153.023: [GC 34153.024: [ParNew: 2294462K->40843K(2534400K), 0.0523340 secs] 6878973K->4626787K(10982400K), 0.0532620 secs] [Times: user=0.44 sys=0.00, real=0.05 secs] 
34155.068: [GC 34155.069: [ParNew: 2293643K->34298K(2534400K), 0.0518000 secs] 6879587K->4621229K(10982400K), 0.0528930 secs] [Times: user=0.41 sys=0.00, real=0.06 secs] 
34157.346: [GC 34157.347: [ParNew: 2287098K->37859K(2534400K), 0.0560810 secs] 6874029K->4626700K(10982400K), 0.0569570 secs] [Times: user=0.46 sys=0.01, real=0.06 secs] 
34159.782: [GC 34159.782: [ParNew: 2290614K->40651K(2534400K), 0.0514910 secs] 6879455K->4630770K(10982400K), 0.0523390 secs] [Times: user=0.42 sys=0.00, real=0.05 secs] 
34162.120: [GC 34162.121: [ParNew: 2293451K->58434K(2534400K), 0.0535950 secs] 6883570K->4649170K(10982400K), 0.0545150 secs] [Times: user=0.50 sys=0.01, real=0.06 secs] 
34164.305: [GC 34164.306: [ParNew: 2311234K->71445K(2534400K), 0.0570150 secs] 6901970K->4664143K(10982400K), 0.0581010 secs] [Times: user=0.55 sys=0.00, real=0.06 secs] 
34166.401: [GC 34166.402: [ParNew: 2324245K->50415K(2534400K), 0.0483560 secs] 6916943K->4644575K(10982400K), 0.0493750 secs] [Times: user=0.45 sys=0.01, real=0.05 secs] 
34168.928: [GC 34168.928: [ParNew: 2303215K->38913K(2534400K), 0.0572960 secs] 6897375K->4634307K(10982400K), 0.0583070 secs] [Times: user=0.47 sys=0.00, real=0.06 secs] 
34171.404: [GC 34171.404: [ParNew: 2291713K->34163K(2534400K), 0.0558260 secs] 6887107K->4630992K(10982400K), 0.0569940 secs] [Times: user=0.40 sys=0.00, real=0.05 secs] 
34174.217: [GC 34174.218: [ParNew: 2286963K->36586K(2534400K), 0.0601880 secs] 6883792K->4634427K(10982400K), 0.0613770 secs] [Times: user=0.43 sys=0.01, real=0.06 secs] 
34176.787: [GC 34176.788: [ParNew: 2289386K->42795K(2534400K), 0.0609110 secs] 6887227K->4641934K(10982400K), 0.0620770 secs] [Times: user=0.46 sys=0.00, real=0.06 secs] 
34179.080: [GC 34179.081: [ParNew: 2295595K->91165K(2534400K), 0.0614140 secs] 6894734K->4692255K(10982400K), 0.0625930 secs] [Times: user=0.61 sys=0.00, real=0.07 secs] 
34181.527: [GC 34181.528: [ParNew: 2343965K->72588K(2534400K), 0.0559250 secs] 6945055K->4674756K(10982400K), 0.0571110 secs] [Times: user=0.51 sys=0.00, real=0.06 secs] 
34183.830: [GC 34183.831: [ParNew: 2325388K->69489K(2534400K), 0.0519850 secs] 6927556K->4673226K(10982400K), 0.0530780 secs] [Times: user=0.45 sys=0.00, real=0.05 secs] 
34185.614: [GC 34185.614: [ParNew: 2322289K->69985K(2534400K), 0.0489010 secs] 6926026K->4674868K(10982400K), 0.0500740 secs] [Times: user=0.49 sys=0.00, real=0.05 secs] 
34186.916: [GC 34186.917: [ParNew: 2322785K->87121K(2534400K), 0.0535680 secs] 6927668K->4699789K(10982400K), 0.0547490 secs] [Times: user=0.55 sys=0.01, real=0.05 secs] 
34188.623: [GC 34188.624: [ParNew: 2339921K->118603K(2534400K), 0.0593940 secs] 6952589K->4737275K(10982400K), 0.0606170 secs] [Times: user=0.67 sys=0.01, real=0.06 secs] 
34190.530: [GC 34190.531: [ParNew: 2371403K->86633K(2534400K), 0.0572350 secs] 6990075K->4708114K(10982400K), 0.0582550 secs] [Times: user=0.47 sys=0.01, real=0.06 secs] 
34192.404: [GC 34192.405: [ParNew: 2339433K->48032K(2534400K), 0.0617020 secs] 6960914K->4678074K(10982400K), 0.0627220 secs] [Times: user=0.47 sys=0.00, real=0.07 secs] 
34194.116: [GC 34194.116: [ParNew: 2300832K->56975K(2534400K), 0.0524300 secs] 6930874K->4688189K(10982400K), 0.0534290 secs] [Times: user=0.49 sys=0.00, real=0.05 secs] 
34195.363: [GC 34195.363: [ParNew: 2309769K->49800K(2534400K), 0.0454840 secs] 6940983K->4682966K(10982400K), 0.0464950 secs] [Times: user=0.45 sys=0.00, real=0.05 secs] 
34196.687: [GC 34196.688: [ParNew: 2302600K->48029K(2534400K), 0.0501320 secs] 6935766K->4683496K(10982400K), 0.0512800 secs] [Times: user=0.47 sys=0.00, real=0.05 secs] 
34198.061: [GC 34198.061: [ParNew: 2300829K->46558K(2534400K), 0.0537070 secs] 6936296K->4683192K(10982400K), 0.0547560 secs] [Times: user=0.46 sys=0.00, real=0.05 secs] 
34200.174: [GC 34200.175: [ParNew: 2299358K->76459K(2534400K), 0.0888650 secs] 6935992K->4714672K(10982400K), 0.0900390 secs] [Times: user=0.46 sys=0.00, real=0.09 secs] 
34202.131: [GC 34202.132: [ParNew: 2329259K->51981K(2534400K), 0.0619550 secs] 6967472K->4691508K(10982400K), 0.0629660 secs] [Times: user=0.45 sys=0.00, real=0.06 secs] 
34203.771: [GC 34203.771: [ParNew: 2304781K->32735K(2534400K), 0.0476680 secs] 6944308K->4673811K(10982400K), 0.0487680 secs] [Times: user=0.46 sys=0.00, real=0.05 secs] 
34205.509: [GC 34205.510: [ParNew: 2285535K->35497K(2534400K), 0.0497870 secs] 6926611K->4677258K(10982400K), 0.0509630 secs] [Times: user=0.41 sys=0.00, real=0.05 secs] 
34207.552: [GC 34207.553: [ParNew: 2288297K->41364K(2534400K), 0.0593070 secs] 6930058K->4684358K(10982400K), 0.0604880 secs] [Times: user=0.48 sys=0.00, real=0.06 secs] 
34209.472: [GC 34209.473: [ParNew: 2294164K->51127K(2534400K), 0.0581470 secs] 6937158K->4695509K(10982400K), 0.0593410 secs] [Times: user=0.51 sys=0.00, real=0.06 secs] 
34211.581: [GC 34211.582: [ParNew: 2303927K->76742K(2534400K), 0.0589010 secs] 6948309K->4721845K(10982400K), 0.0599810 secs] [Times: user=0.55 sys=0.00, real=0.06 secs] 
34214.038: [GC 34214.039: [ParNew: 2329542K->66016K(2534400K), 0.0607080 secs] 6974645K->4712049K(10982400K), 0.0618700 secs] [Times: user=0.49 sys=0.00, real=0.07 secs] 
34216.001: [GC 34216.002: [ParNew: 2318816K->77419K(2534400K), 0.0615050 secs] 6964849K->4726105K(10982400K), 0.0626530 secs] [Times: user=0.57 sys=0.00, real=0.06 secs] 
34218.175: [GC 34218.175: [ParNew: 2330219K->85286K(2534400K), 0.0609680 secs] 6978905K->4737209K(10982400K), 0.0621330 secs] [Times: user=0.56 sys=0.00, real=0.06 secs] 
34220.363: [GC 34220.364: [ParNew: 2338086K->70629K(2534400K), 0.0588340 secs] 6990009K->4724363K(10982400K), 0.0600140 secs] [Times: user=0.51 sys=0.00, real=0.06 secs] 
34222.401: [GC 34222.402: [ParNew: 2323429K->44474K(2534400K), 0.0570760 secs] 6977163K->4709576K(10982400K), 0.0580940 secs] [Times: user=0.39 sys=0.00, real=0.06 secs] 
34224.584: [GC 34224.585: [ParNew: 2297274K->48464K(2534400K), 0.0556800 secs] 6962376K->4714884K(10982400K), 0.0566840 secs] [Times: user=0.45 sys=0.00, real=0.06 secs] 
34227.163: [GC 34227.163: [ParNew: 2301264K->49708K(2534400K), 0.0586510 secs] 6967684K->4717568K(10982400K), 0.0596680 secs] [Times: user=0.44 sys=0.01, real=0.06 secs] 
34229.300: [GC 34229.301: [ParNew: 2302508K->57682K(2534400K), 0.0666130 secs] 6970368K->4726815K(10982400K), 0.0677760 secs] [Times: user=0.50 sys=0.00, real=0.07 secs] 
34231.432: [GC 34231.432: [ParNew: 2310482K->59524K(2534400K), 0.0665580 secs] 6979615K->4732014K(10982400K), 0.0677200 secs] [Times: user=0.48 sys=0.01, real=0.06 secs] 
34233.728: [GC 34233.729: [ParNew: 2312324K->57624K(2534400K), 0.0607270 secs] 6984814K->4732931K(10982400K), 0.0618890 secs] [Times: user=0.49 sys=0.00, real=0.06 secs] 
34236.100: [GC 34236.101: [ParNew: 2310424K->65029K(2534400K), 0.0641790 secs] 6985731K->4744828K(10982400K), 0.0653600 secs] [Times: user=0.50 sys=0.00, real=0.07 secs] 
34238.522: [GC 34238.523: [ParNew: 2317829K->49752K(2534400K), 0.0654810 secs] 6997628K->4734521K(10982400K), 0.0666720 secs] [Times: user=0.47 sys=0.00, real=0.07 secs] 
34240.895: [GC 34240.895: [ParNew: 2302552K->47706K(2534400K), 0.0659260 secs] 6987321K->4736799K(10982400K), 0.0670980 secs] [Times: user=0.45 sys=0.00, real=0.06 secs] 
34242.665: [GC 34242.666: [ParNew: 2300506K->49807K(2534400K), 0.0617980 secs] 6989599K->4739854K(10982400K), 0.0629890 secs] [Times: user=0.43 sys=0.00, real=0.06 secs] 
34244.780: [GC 34244.781: [ParNew: 2302607K->67687K(2534400K), 0.0804360 secs] 6992654K->4759556K(10982400K), 0.0814430 secs] [Times: user=0.50 sys=0.00, real=0.08 secs] 
34246.545: [GC 34246.546: [ParNew: 2320487K->70828K(2534400K), 0.0808610 secs] 7012356K->4764861K(10982400K), 0.0818330 secs] [Times: user=0.45 sys=0.00, real=0.08 secs] 
34248.882: [GC 34248.882: [ParNew: 2323628K->50686K(2534400K), 0.0682430 secs] 7017661K->4746206K(10982400K), 0.0693400 secs] [Times: user=0.49 sys=0.00, real=0.07 secs] 
34250.588: [GC 34250.588: [ParNew: 2303486K->103375K(2534400K), 0.0643330 secs] 6999006K->4799461K(10982400K), 0.0653360 secs] [Times: user=0.62 sys=0.00, real=0.06 secs] 
34252.399: [GC 34252.400: [ParNew: 2356175K->80525K(2534400K), 0.0591880 secs] 7052261K->4778333K(10982400K), 0.0601880 secs] [Times: user=0.40 sys=0.00, real=0.06 secs] 
34254.326: [GC 34254.327: [ParNew: 2333325K->64888K(2534400K), 0.0534000 secs] 7031133K->4763807K(10982400K), 0.0544180 secs] [Times: user=0.53 sys=0.00, real=0.05 secs] 
34255.842: [GC 34255.843: [ParNew: 2317688K->128647K(2534400K), 0.0641150 secs] 7016607K->4828651K(10982400K), 0.0651340 secs] [Times: user=0.61 sys=0.00, real=0.07 secs] 
34257.242: [GC 34257.243: [ParNew: 2381447K->132111K(2534400K), 0.0917470 secs] 7081451K->4833579K(10982400K), 0.0927610 secs] [Times: user=0.53 sys=0.00, real=0.10 secs] 
34259.038: [GC 34259.038: [ParNew: 2384932K->98780K(2534400K), 0.0835020 secs] 7086399K->4801061K(10982400K), 0.0845020 secs] [Times: user=0.50 sys=0.00, real=0.08 secs] 
34259.127: [GC 34259.127: [ParNew: 100235K->100301K(2534400K), 0.0278250 secs] 4802516K->4807209K(10982400K), 0.0286480 secs] [Times: user=0.52 sys=0.01, real=0.02 secs] 
34260.634: [GC 34260.635: [ParNew: 2353101K->95306K(2534400K), 0.0675220 secs] 7060009K->4804039K(10982400K), 0.0685510 secs] [Times: user=0.58 sys=0.00, real=0.07 secs] 
34262.271: [GC 34262.271: [ParNew: 2348106K->58403K(2534400K), 0.0599810 secs] 7056839K->4768319K(10982400K), 0.0610020 secs] [Times: user=0.40 sys=0.00, real=0.06 secs] 
34263.789: [GC 34263.790: [ParNew: 2311203K->113527K(2534400K), 0.0896320 secs] 7021119K->4826286K(10982400K), 0.0908310 secs] [Times: user=0.55 sys=0.01, real=0.09 secs] 
34264.941: [GC 34264.941: [ParNew: 2366327K->101310K(2534400K), 0.0846740 secs] 7079086K->4814069K(10982400K), 0.0858380 secs] [Times: user=0.54 sys=0.01, real=0.09 secs] 
34266.370: [GC 34266.370: [ParNew: 2354110K->110436K(2534400K), 0.1058860 secs] 7066869K->4824982K(10982400K), 0.1070860 secs] [Times: user=0.51 sys=0.00, real=0.11 secs] 
34267.784: [GC 34267.785: [ParNew: 2363236K->136152K(2534400K), 0.1296560 secs] 7077782K->4851559K(10982400K), 0.1307850 secs] [Times: user=0.50 sys=0.01, real=0.13 secs] 
34269.427: [GC 34269.428: [ParNew: 2388952K->114437K(2534400K), 0.1038290 secs] 7104359K->4830699K(10982400K), 0.1050270 secs] [Times: user=0.46 sys=0.01, real=0.10 secs] 
34270.731: [GC 34270.731: [ParNew: 2367237K->87307K(2534400K), 0.0600650 secs] 7083499K->4805537K(10982400K), 0.0612520 secs] [Times: user=0.47 sys=0.01, real=0.06 secs] 
34272.251: [GC 34272.252: [ParNew: 2340107K->131592K(2534400K), 0.0824940 secs] 7058337K->4851398K(10982400K), 0.0836750 secs] [Times: user=0.55 sys=0.01, real=0.08 secs] 
34273.812: [GC 34273.812: [ParNew: 2384392K->131600K(2534400K), 0.0842980 secs] 7104198K->4862141K(10982400K), 0.0852980 secs] [Times: user=0.69 sys=0.01, real=0.08 secs] 
34275.151: [GC 34275.152: [ParNew: 2384400K->131158K(2534400K), 0.0971500 secs] 7114941K->4862871K(10982400K), 0.0981590 secs] [Times: user=0.52 sys=0.01, real=0.10 secs] 
34276.501: [GC 34276.502: [ParNew: 2383958K->122972K(2534400K), 0.1285990 secs] 7115671K->4865360K(10982400K), 0.1297120 secs] [Times: user=0.53 sys=0.00, real=0.13 secs] 
34277.674: [GC 34277.675: [ParNew: 2375772K->128639K(2534400K), 0.1139790 secs] 7118160K->4871856K(10982400K), 0.1151370 secs] [Times: user=0.57 sys=0.01, real=0.12 secs] 
34278.560: [GC 34278.561: [ParNew: 2380413K->134376K(2534400K), 0.0935710 secs] 7123630K->4880948K(10982400K), 0.0947770 secs] [Times: user=0.62 sys=0.00, real=0.09 secs] 
34279.465: [GC 34279.465: [ParNew: 2386689K->110849K(2534400K), 0.0935950 secs] 7133261K->4858741K(10982400K), 0.0947790 secs] [Times: user=0.52 sys=0.01, real=0.10 secs] 
34280.633: [GC 34280.633: [ParNew: 2363649K->108631K(2534400K), 0.1000950 secs] 7111541K->4858490K(10982400K), 0.1012880 secs] [Times: user=0.54 sys=0.01, real=0.10 secs] 
34281.714: [GC 34281.714: [ParNew: 2361431K->97931K(2534400K), 0.1005090 secs] 7111290K->4849228K(10982400K), 0.1017040 secs] [Times: user=0.47 sys=0.00, real=0.10 secs] 
34283.017: [GC 34283.017: [ParNew: 2350731K->117183K(2534400K), 0.1040110 secs] 7102028K->4869511K(10982400K), 0.1052030 secs] [Times: user=0.56 sys=0.01, real=0.11 secs] 
34284.181: [GC 34284.182: [ParNew: 2369983K->72881K(2534400K), 0.0799750 secs] 7122311K->4829150K(10982400K), 0.0811120 secs] [Times: user=0.44 sys=0.00, real=0.08 secs] 
34285.425: [GC 34285.425: [ParNew: 2325681K->68169K(2534400K), 0.0885740 secs] 7081950K->4825611K(10982400K), 0.0896700 secs] [Times: user=0.47 sys=0.00, real=0.09 secs] 
34286.414: [GC 34286.414: [ParNew: 2320969K->164172K(2534400K), 0.1157610 secs] 7078411K->4922934K(10982400K), 0.1169030 secs] [Times: user=0.73 sys=0.01, real=0.12 secs] 
34287.205: [GC 34287.206: [ParNew: 2416972K->123795K(2534400K), 0.0816640 secs] 7175734K->4894225K(10982400K), 0.0826620 secs] [Times: user=0.46 sys=0.01, real=0.08 secs] 
34288.116: [GC 34288.117: [ParNew: 2376595K->174687K(2534400K), 0.1082920 secs] 7147025K->4945117K(10982400K), 0.1092840 secs] [Times: user=0.74 sys=0.01, real=0.11 secs] 
34289.079: [GC 34289.080: [ParNew: 2427487K->145926K(2534400K), 0.0990380 secs] 7197917K->4950794K(10982400K), 0.1000420 secs] [Times: user=0.73 sys=0.01, real=0.10 secs] 
34290.090: [GC 34290.091: [ParNew: 2398718K->102284K(2534400K), 0.0658780 secs] 7203586K->4907152K(10982400K), 0.0669030 secs] [Times: user=0.56 sys=0.01, real=0.06 secs] 
34291.498: [GC 34291.499: [ParNew: 2355084K->110567K(2534400K), 0.0573990 secs] 7159952K->4915435K(10982400K), 0.0584140 secs] [Times: user=0.56 sys=0.00, real=0.06 secs] 
34292.535: [GC 34292.536: [ParNew: 2363367K->85976K(2534400K), 0.0663410 secs] 7168235K->4895416K(10982400K), 0.0673600 secs] [Times: user=0.53 sys=0.00, real=0.07 secs] 
34293.676: [GC 34293.677: [ParNew: 2338776K->76131K(2534400K), 0.0720130 secs] 7148216K->4889288K(10982400K), 0.0730220 secs] [Times: user=0.56 sys=0.00, real=0.07 secs] 
34294.711: [GC 34294.711: [ParNew: 2328931K->126004K(2534400K), 0.1178680 secs] 7142088K->4945718K(10982400K), 0.1188830 secs] [Times: user=0.54 sys=0.01, real=0.11 secs] 
34295.704: [GC 34295.705: [ParNew: 2378833K->123449K(2534400K), 0.1107760 secs] 7198547K->4945467K(10982400K), 0.1117780 secs] [Times: user=0.56 sys=0.00, real=0.11 secs] 
34295.820: [GC 34295.821: [ParNew: 124670K->125857K(2534400K), 0.0265910 secs] 4946688K->4948761K(10982400K), 0.0273640 secs] [Times: user=0.54 sys=0.01, real=0.03 secs] 
34296.942: [GC 34296.943: [ParNew: 2378657K->120841K(2534400K), 0.0779360 secs] 7201561K->4945321K(10982400K), 0.0789670 secs] [Times: user=0.56 sys=0.00, real=0.08 secs] 
34298.572: [GC 34298.573: [ParNew: 2373641K->66285K(2534400K), 0.0555600 secs] 7198121K->4893032K(10982400K), 0.0565900 secs] [Times: user=0.55 sys=0.00, real=0.05 secs] 
34300.426: [GC 34300.426: [ParNew: 2319085K->47874K(2534400K), 0.0650050 secs] 7145832K->4876195K(10982400K), 0.0660780 secs] [Times: user=0.61 sys=0.00, real=0.07 secs] 
34302.089: [GC 34302.090: [ParNew: 2300674K->55508K(2534400K), 0.0488800 secs] 7128995K->4883830K(10982400K), 0.0499080 secs] [Times: user=0.46 sys=0.00, real=0.05 secs] 
34303.486: [GC 34303.487: [ParNew: 2308308K->41858K(2534400K), 0.0442000 secs] 7136630K->4871542K(10982400K), 0.0452080 secs] [Times: user=0.42 sys=0.00, real=0.04 secs] 
34305.033: [GC 34305.033: [ParNew: 2294658K->36883K(2534400K), 0.0488490 secs] 7124342K->4867310K(10982400K), 0.0498610 secs] [Times: user=0.44 sys=0.00, real=0.05 secs] 
34306.846: [GC 34306.847: [ParNew: 2289683K->54696K(2534400K), 0.0513200 secs] 7120110K->4886198K(10982400K), 0.0523300 secs] [Times: user=0.48 sys=0.00, real=0.05 secs] 
34308.661: [GC 34308.661: [ParNew: 2307496K->75689K(2534400K), 0.0558870 secs] 7138998K->4908796K(10982400K), 0.0569050 secs] [Times: user=0.54 sys=0.00, real=0.06 secs] 
34310.286: [GC 34310.286: [ParNew: 2328489K->54644K(2534400K), 0.0499110 secs] 7161596K->4889964K(10982400K), 0.0509220 secs] [Times: user=0.46 sys=0.00, real=0.05 secs] 
34312.041: [GC 34312.041: [ParNew: 2307444K->35979K(2534400K), 0.0515660 secs] 7142764K->4872252K(10982400K), 0.0525710 secs] [Times: user=0.45 sys=0.01, real=0.05 secs] 
34313.881: [GC 34313.882: [ParNew: 2288779K->34086K(2534400K), 0.0529680 secs] 7125052K->4872748K(10982400K), 0.0540070 secs] [Times: user=0.49 sys=0.01, real=0.06 secs] 
34315.664: [GC 34315.664: [ParNew: 2286886K->77184K(2534400K), 0.0562870 secs] 7125548K->4917179K(10982400K), 0.0573000 secs] [Times: user=0.62 sys=0.00, real=0.06 secs] 
34317.289: [GC 34317.289: [ParNew: 2329984K->58571K(2534400K), 0.0516370 secs] 7169979K->4900125K(10982400K), 0.0526520 secs] [Times: user=0.39 sys=0.00, real=0.05 secs] 
34319.027: [GC 34319.028: [ParNew: 2311163K->39928K(2534400K), 0.0534300 secs] 7152717K->4882566K(10982400K), 0.0546060 secs] [Times: user=0.47 sys=0.00, real=0.05 secs] 
34320.519: [GC 34320.519: [ParNew: 2292728K->66505K(2534400K), 0.0522220 secs] 7135366K->4910487K(10982400K), 0.0534120 secs] [Times: user=0.60 sys=0.01, real=0.05 secs] 
34322.497: [GC 34322.498: [ParNew: 2319305K->71959K(2534400K), 0.0684110 secs] 7163287K->4917595K(10982400K), 0.0695940 secs] [Times: user=0.56 sys=0.01, real=0.07 secs] 
34324.471: [GC 34324.472: [ParNew: 2324759K->74760K(2534400K), 0.0560510 secs] 7170395K->4922017K(10982400K), 0.0571640 secs] [Times: user=0.51 sys=0.00, real=0.06 secs] 
34326.436: [GC 34326.437: [ParNew: 2327560K->54653K(2534400K), 0.0544300 secs] 7174817K->4903818K(10982400K), 0.0554380 secs] [Times: user=0.49 sys=0.00, real=0.05 secs] 
34327.871: [GC 34327.871: [ParNew: 2307453K->47802K(2534400K), 0.0523730 secs] 7156618K->4898458K(10982400K), 0.0533760 secs] [Times: user=0.43 sys=0.00, real=0.05 secs] 
34329.354: [GC 34329.355: [ParNew: 2300602K->49346K(2534400K), 0.0607750 secs] 7151258K->4901580K(10982400K), 0.0617960 secs] [Times: user=0.50 sys=0.00, real=0.07 secs] 
34330.699: [GC 34330.700: [ParNew: 2302146K->56862K(2534400K), 0.0556970 secs] 7154380K->4911060K(10982400K), 0.0567110 secs] [Times: user=0.45 sys=0.00, real=0.05 secs] 
34331.482: [GC 34331.483: [ParNew: 2309662K->101859K(2534400K), 0.0482110 secs] 7163860K->4958893K(10982400K), 0.0491980 secs] [Times: user=0.66 sys=0.00, real=0.05 secs] 
34332.416: [GC 34332.417: [ParNew: 2354659K->86041K(2534400K), 0.0541400 secs] 7211693K->4944315K(10982400K), 0.0551240 secs] [Times: user=0.47 sys=0.01, real=0.06 secs] 
34333.926: [GC 34333.926: [ParNew: 2338841K->66498K(2534400K), 0.0675060 secs] 7197115K->4926847K(10982400K), 0.0685120 secs] [Times: user=0.42 sys=0.00, real=0.07 secs] 
34335.168: [GC 34335.169: [ParNew: 2319298K->66499K(2534400K), 0.0723000 secs] 7179647K->4928624K(10982400K), 0.0733140 secs] [Times: user=0.48 sys=0.00, real=0.07 secs] 
34336.204: [GC 34336.205: [ParNew: 2319299K->64142K(2534400K), 0.0693220 secs] 7181424K->4926842K(10982400K), 0.0703270 secs] [Times: user=0.48 sys=0.00, real=0.07 secs] 
34337.516: [GC 34337.516: [ParNew: 2316942K->74870K(2534400K), 0.0805480 secs] 7179642K->4938068K(10982400K), 0.0816180 secs] [Times: user=0.48 sys=0.01, real=0.09 secs] 
34338.269: [GC 34338.269: [ParNew: 2327670K->75290K(2534400K), 0.0471920 secs] 7190868K->4940198K(10982400K), 0.0483670 secs] [Times: user=0.50 sys=0.01, real=0.04 secs] 
34339.337: [GC 34339.337: [ParNew: 2328090K->61861K(2534400K), 0.0498700 secs] 7192998K->4928292K(10982400K), 0.0508760 secs] [Times: user=0.43 sys=0.00, real=0.05 secs] 
34340.645: [GC 34340.645: [ParNew: 2314661K->70320K(2534400K), 0.0676860 secs] 7181092K->4938951K(10982400K), 0.0686890 secs] [Times: user=0.45 sys=0.00, real=0.07 secs] 
34341.967: [GC 34341.968: [ParNew: 2323120K->64305K(2534400K), 0.0705550 secs] 7191751K->4936586K(10982400K), 0.0717550 secs] [Times: user=0.47 sys=0.00, real=0.08 secs] 
34343.418: [GC 34343.419: [ParNew: 2317105K->83850K(2534400K), 0.0754360 secs] 7189386K->4956822K(10982400K), 0.0766150 secs] [Times: user=0.60 sys=0.00, real=0.07 secs] 
34344.405: [GC 34344.406: [ParNew: 2336650K->89878K(2534400K), 0.0724070 secs] 7209622K->4964675K(10982400K), 0.0735800 secs] [Times: user=0.53 sys=0.00, real=0.08 secs] 
34345.333: [GC 34345.333: [ParNew: 2342678K->80953K(2534400K), 0.0740170 secs] 7217475K->4958192K(10982400K), 0.0750960 secs] [Times: user=0.51 sys=0.00, real=0.07 secs] 
34346.145: [GC 34346.146: [ParNew: 2333753K->45450K(2534400K), 0.0519040 secs] 7210992K->4924108K(10982400K), 0.0530340 secs] [Times: user=0.48 sys=0.00, real=0.05 secs] 
34346.811: [GC 34346.812: [ParNew: 2298250K->52845K(2534400K), 0.0503050 secs] 7176908K->4934829K(10982400K), 0.0514630 secs] [Times: user=0.44 sys=0.01, real=0.05 secs] 
34347.539: [GC 34347.540: [ParNew: 2305645K->68836K(2534400K), 0.0456770 secs] 7187629K->4951476K(10982400K), 0.0466600 secs] [Times: user=0.46 sys=0.02, real=0.04 secs] 
34348.263: [GC 34348.264: [ParNew: 2321636K->51116K(2534400K), 0.0421990 secs] 7204276K->4934861K(10982400K), 0.0431770 secs] [Times: user=0.46 sys=0.00, real=0.04 secs] 
34349.273: [GC 34349.273: [ParNew: 2303916K->63272K(2534400K), 0.0680630 secs] 7187661K->4950213K(10982400K), 0.0690670 secs] [Times: user=0.49 sys=0.00, real=0.07 secs] 
34350.413: [GC 34350.413: [ParNew: 2313609K->59155K(2534400K), 0.0640140 secs] 7200550K->4947565K(10982400K), 0.0650200 secs] [Times: user=0.44 sys=0.00, real=0.06 secs] 
34351.574: [GC 34351.575: [ParNew: 2311955K->113273K(2534400K), 0.0888000 secs] 7200365K->5002605K(10982400K), 0.0898050 secs] [Times: user=0.56 sys=0.00, real=0.09 secs] 
34352.882: [GC 34352.882: [ParNew: 2366073K->143911K(2534400K), 0.0822960 secs] 7255405K->5034104K(10982400K), 0.0833250 secs] [Times: user=0.64 sys=0.01, real=0.08 secs] 
34353.771: [GC 34353.772: [ParNew: 2396711K->98917K(2534400K), 0.0635770 secs] 7286904K->4990101K(10982400K), 0.0645700 secs] [Times: user=0.62 sys=0.00, real=0.06 secs] 
34355.116: [GC 34355.116: [ParNew: 2351717K->92769K(2534400K), 0.0609860 secs] 7242901K->4986777K(10982400K), 0.0620950 secs] [Times: user=0.45 sys=0.01, real=0.06 secs] 
34356.509: [GC 34356.509: [ParNew: 2345569K->101406K(2534400K), 0.0649720 secs] 7239577K->4997732K(10982400K), 0.0661500 secs] [Times: user=0.61 sys=0.00, real=0.07 secs] 
34358.138: [GC 34358.139: [ParNew: 2354206K->122108K(2534400K), 0.0923670 secs] 7250532K->5028973K(10982400K), 0.0935310 secs] [Times: user=0.57 sys=0.01, real=0.10 secs] 
34359.378: [GC 34359.379: [ParNew: 2374908K->81919K(2534400K), 0.0682290 secs] 7281773K->4989596K(10982400K), 0.0696260 secs] [Times: user=0.43 sys=0.00, real=0.07 secs] 
34360.542: [GC 34360.543: [ParNew: 2334719K->131829K(2534400K), 0.1171820 secs] 7242396K->5041141K(10982400K), 0.1183550 secs] [Times: user=0.61 sys=0.00, real=0.12 secs] 
34361.644: [GC 34361.645: [ParNew: 2384629K->143501K(2534400K), 0.1135750 secs] 7293941K->5064295K(10982400K), 0.1147420 secs] [Times: user=0.72 sys=0.01, real=0.11 secs] 
34362.651: [GC 34362.652: [ParNew: 2396301K->144628K(2534400K), 0.0924760 secs] 7317095K->5071462K(10982400K), 0.0935580 secs] [Times: user=0.62 sys=0.00, real=0.09 secs] 
34363.493: [GC 34363.494: [ParNew: 2397428K->121041K(2534400K), 0.0850520 secs] 7324262K->5049260K(10982400K), 0.0862120 secs] [Times: user=0.64 sys=0.00, real=0.08 secs] 
34364.480: [GC 34364.481: [ParNew: 2373841K->117259K(2534400K), 0.0958340 secs] 7302060K->5046503K(10982400K), 0.0969090 secs] [Times: user=0.51 sys=0.01, real=0.10 secs] 
34365.699: [GC 34365.700: [ParNew: 2370059K->121934K(2534400K), 0.1125490 secs] 7299303K->5051900K(10982400K), 0.1136610 secs] [Times: user=0.53 sys=0.00, real=0.12 secs] 
34366.751: [GC 34366.751: [ParNew: 2374734K->126642K(2534400K), 0.1097750 secs] 7304700K->5057210K(10982400K), 0.1108000 secs] [Times: user=0.54 sys=0.00, real=0.12 secs] 
34367.924: [GC 34367.925: [ParNew: 2379442K->168406K(2534400K), 0.1164210 secs] 7310010K->5100886K(10982400K), 0.1175950 secs] [Times: user=0.73 sys=0.01, real=0.12 secs] 
34369.201: [GC 34369.202: [ParNew: 2421206K->101408K(2534400K), 0.0887390 secs] 7353686K->5047548K(10982400K), 0.0897520 secs] [Times: user=0.56 sys=0.01, real=0.09 secs] 
34370.334: [GC 34370.335: [ParNew: 2354208K->69946K(2534400K), 0.0783400 secs] 7300348K->5016086K(10982400K), 0.0795340 secs] [Times: user=0.49 sys=0.00, real=0.08 secs] 
34371.620: [GC 34371.621: [ParNew: 2322746K->67710K(2534400K), 0.0736830 secs] 7268886K->5013850K(10982400K), 0.0749140 secs] [Times: user=0.49 sys=0.00, real=0.08 secs] 
34372.941: [GC 34372.941: [ParNew: 2320510K->71414K(2534400K), 0.0740710 secs] 7266650K->5017554K(10982400K), 0.0750760 secs] [Times: user=0.51 sys=0.00, real=0.08 secs] 
34373.944: [GC 34373.945: [ParNew: 2324214K->86554K(2534400K), 0.0916900 secs] 7270354K->5034383K(10982400K), 0.0926870 secs] [Times: user=0.50 sys=0.00, real=0.09 secs] 
34375.379: [GC 34375.379: [ParNew: 2339018K->139287K(2534400K), 0.1318510 secs] 7286847K->5087983K(10982400K), 0.1329260 secs] [Times: user=0.57 sys=0.01, real=0.13 secs] 
34376.456: [GC 34376.457: [ParNew: 2391322K->148378K(2534400K), 0.1305360 secs] 7340018K->5097730K(10982400K), 0.1316210 secs] [Times: user=0.54 sys=0.00, real=0.13 secs] 
34377.757: [GC 34377.758: [ParNew: 2401178K->157541K(2534400K), 0.1547200 secs] 7350530K->5107404K(10982400K), 0.1557920 secs] [Times: user=0.56 sys=0.00, real=0.15 secs] 
34378.784: [GC 34378.785: [ParNew: 2410341K->141944K(2534400K), 0.1175140 secs] 7360204K->5093403K(10982400K), 0.1187140 secs] [Times: user=0.62 sys=0.00, real=0.11 secs] 
34379.765: [GC 34379.766: [ParNew: 2394744K->153322K(2534400K), 0.1348620 secs] 7346203K->5104782K(10982400K), 0.1359750 secs] [Times: user=0.55 sys=0.00, real=0.13 secs] 
34381.270: [GC 34381.270: [ParNew: 2406117K->161911K(2534400K), 0.1531490 secs] 7357576K->5114589K(10982400K), 0.1544150 secs] [Times: user=0.59 sys=0.01, real=0.16 secs] 
34382.451: [GC 34382.452: [ParNew: 2414711K->136846K(2534400K), 0.1382060 secs] 7367389K->5097463K(10982400K), 0.1393800 secs] [Times: user=0.54 sys=0.01, real=0.14 secs] 
34384.125: [GC 34384.126: [ParNew: 2389646K->118809K(2534400K), 0.1185050 secs] 7350263K->5079426K(10982400K), 0.1195390 secs] [Times: user=0.50 sys=0.00, real=0.12 secs] 
34385.916: [GC 34385.917: [ParNew: 2371609K->140653K(2534400K), 0.1294020 secs] 7332226K->5101270K(10982400K), 0.1304310 secs] [Times: user=0.57 sys=0.00, real=0.13 secs] 
34387.530: [GC 34387.531: [ParNew: 2393453K->116914K(2534400K), 0.0996080 secs] 7354070K->5077531K(10982400K), 0.1007850 secs] [Times: user=0.49 sys=0.00, real=0.10 secs] 
34388.691: [GC 34388.692: [ParNew: 2369714K->155982K(2534400K), 0.1465360 secs] 7330331K->5117946K(10982400K), 0.1477800 secs] [Times: user=0.66 sys=0.00, real=0.15 secs] 
34389.884: [GC 34389.885: [ParNew: 2408782K->162775K(2534400K), 0.1291700 secs] 7370746K->5126158K(10982400K), 0.1303640 secs] [Times: user=0.61 sys=0.01, real=0.13 secs] 
34391.222: [GC 34391.223: [ParNew: 2415575K->136106K(2534400K), 0.1271850 secs] 7378958K->5104606K(10982400K), 0.1283570 secs] [Times: user=0.57 sys=0.00, real=0.13 secs] 
34392.625: [GC 34392.625: [ParNew: 2388906K->112511K(2534400K), 0.1109490 secs] 7357406K->5081011K(10982400K), 0.1121230 secs] [Times: user=0.50 sys=0.00, real=0.12 secs] 
34393.986: [GC 34393.987: [ParNew: 2365311K->100997K(2534400K), 0.1081810 secs] 7333811K->5070171K(10982400K), 0.1093750 secs] [Times: user=0.52 sys=0.01, real=0.11 secs] 
34395.132: [GC 34395.133: [ParNew: 2353797K->128359K(2534400K), 0.1309710 secs] 7322971K->5100994K(10982400K), 0.1321370 secs] [Times: user=0.50 sys=0.01, real=0.13 secs] 
34396.114: [GC 34396.115: [ParNew: 2381159K->151301K(2534400K), 0.1264710 secs] 7353794K->5126901K(10982400K), 0.1276520 secs] [Times: user=0.60 sys=0.01, real=0.13 secs] 
34397.078: [GC 34397.079: [ParNew: 2404101K->194664K(2534400K), 0.1385250 secs] 7379701K->5171444K(10982400K), 0.1395150 secs] [Times: user=0.64 sys=0.00, real=0.14 secs] 
34398.000: [GC 34398.000: [ParNew: 2447464K->99305K(2534400K), 0.0853950 secs] 7424244K->5084520K(10982400K), 0.0864060 secs] [Times: user=0.61 sys=0.01, real=0.08 secs] 
34399.303: [GC 34399.304: [ParNew: 2352105K->124439K(2534400K), 0.1039320 secs] 7337320K->5109655K(10982400K), 0.1050530 secs] [Times: user=0.50 sys=0.00, real=0.11 secs] 
34400.434: [GC 34400.435: [ParNew: 2377340K->130761K(2534400K), 0.1007650 secs] 7362556K->5115976K(10982400K), 0.1018660 secs] [Times: user=0.58 sys=0.01, real=0.10 secs] 
34401.633: [GC 34401.633: [ParNew: 2383561K->119577K(2534400K), 0.1030400 secs] 7368776K->5104793K(10982400K), 0.1042060 secs] [Times: user=0.64 sys=0.00, real=0.11 secs] 
34402.914: [GC 34402.915: [ParNew: 2372377K->170360K(2534400K), 0.1283210 secs] 7357593K->5161164K(10982400K), 0.1294770 secs] [Times: user=0.65 sys=0.01, real=0.13 secs] 
34403.868: [GC 34403.869: [ParNew: 2423160K->93387K(2534400K), 0.0673140 secs] 7413964K->5091707K(10982400K), 0.0684750 secs] [Times: user=0.54 sys=0.00, real=0.06 secs] 
34405.305: [GC 34405.306: [ParNew: 2346187K->120042K(2534400K), 0.1061730 secs] 7344507K->5118362K(10982400K), 0.1073640 secs] [Times: user=0.53 sys=0.00, real=0.11 secs] 
34406.733: [GC 34406.734: [ParNew: 2372842K->131795K(2534400K), 0.1109080 secs] 7371162K->5133766K(10982400K), 0.1121070 secs] [Times: user=0.60 sys=0.01, real=0.11 secs] 
34407.882: [GC 34407.883: [ParNew: 2384595K->119591K(2534400K), 0.1140380 secs] 7386566K->5124822K(10982400K), 0.1151910 secs] [Times: user=0.57 sys=0.01, real=0.11 secs] 
34408.860: [GC 34408.861: [ParNew: 2372391K->138195K(2534400K), 0.1138890 secs] 7377622K->5153093K(10982400K), 0.1148950 secs] [Times: user=0.55 sys=0.01, real=0.11 secs] 
34409.951: [GC 34409.952: [ParNew: 2390995K->160528K(2534400K), 0.1500830 secs] 7405893K->5176543K(10982400K), 0.1512590 secs] [Times: user=0.54 sys=0.00, real=0.15 secs] 
34410.929: [GC 34410.930: [ParNew: 2413328K->154588K(2534400K), 0.1407440 secs] 7429343K->5173207K(10982400K), 0.1418820 secs] [Times: user=0.58 sys=0.00, real=0.14 secs] 
34412.050: [GC 34412.051: [ParNew: 2407388K->152498K(2534400K), 0.1444520 secs] 7426007K->5173039K(10982400K), 0.1453510 secs] [Times: user=0.61 sys=0.00, real=0.14 secs] 
34413.223: [GC 34413.223: [ParNew: 2405298K->128996K(2534400K), 0.1230260 secs] 7425839K->5150727K(10982400K), 0.1238700 secs] [Times: user=0.52 sys=0.01, real=0.12 secs] 
34414.469: [GC 34414.469: [ParNew: 2381796K->116847K(2534400K), 0.1041880 secs] 7403527K->5139744K(10982400K), 0.1050540 secs] [Times: user=0.52 sys=0.01, real=0.10 secs] 
34415.920: [GC 34415.921: [ParNew: 2369647K->157887K(2534400K), 0.1217170 secs] 7392544K->5181524K(10982400K), 0.1228700 secs] [Times: user=0.64 sys=0.00, real=0.12 secs] 
34417.004: [GC 34417.005: [ParNew: 2410687K->97632K(2534400K), 0.0878060 secs] 7434324K->5124758K(10982400K), 0.0890080 secs] [Times: user=0.56 sys=0.00, real=0.09 secs] 
34418.063: [GC 34418.063: [ParNew: 2350432K->128917K(2534400K), 0.1224470 secs] 7377558K->5156043K(10982400K), 0.1235950 secs] [Times: user=0.53 sys=0.01, real=0.12 secs] 
34419.122: [GC 34419.122: [ParNew: 2381717K->140097K(2534400K), 0.1194530 secs] 7408843K->5169145K(10982400K), 0.1206070 secs] [Times: user=0.59 sys=0.00, real=0.12 secs] 
34420.319: [GC 34420.320: [ParNew: 2392897K->159158K(2534400K), 0.1461830 secs] 7421945K->5190666K(10982400K), 0.1473130 secs] [Times: user=0.57 sys=0.01, real=0.15 secs] 
34421.460: [GC 34421.460: [ParNew: 2411958K->153112K(2534400K), 0.1416950 secs] 7443466K->5186577K(10982400K), 0.1428450 secs] [Times: user=0.59 sys=0.00, real=0.14 secs] 
34422.559: [GC 34422.560: [ParNew: 2405912K->143127K(2534400K), 0.1067940 secs] 7439377K->5178880K(10982400K), 0.1079660 secs] [Times: user=0.61 sys=0.01, real=0.11 secs] 
34423.674: [GC 34423.675: [ParNew: 2395927K->125843K(2534400K), 0.0941790 secs] 7431680K->5163291K(10982400K), 0.0953550 secs] [Times: user=0.49 sys=0.00, real=0.09 secs] 
34424.798: [GC 34424.799: [ParNew: 2378643K->102816K(2534400K), 0.0950920 secs] 7416091K->5143230K(10982400K), 0.0962650 secs] [Times: user=0.50 sys=0.01, real=0.10 secs] 
34425.932: [GC 34425.933: [ParNew: 2355616K->142617K(2534400K), 0.1128550 secs] 7396030K->5186645K(10982400K), 0.1139630 secs] [Times: user=0.69 sys=0.00, real=0.11 secs] 
34427.003: [GC 34427.004: [ParNew: 2395417K->153209K(2534400K), 0.1357650 secs] 7439445K->5198214K(10982400K), 0.1369550 secs] [Times: user=0.52 sys=0.00, real=0.13 secs] 
34428.071: [GC 34428.072: [ParNew: 2406009K->120847K(2534400K), 0.1171300 secs] 7451014K->5168564K(10982400K), 0.1183270 secs] [Times: user=0.51 sys=0.00, real=0.11 secs] 
34429.263: [GC 34429.264: [ParNew: 2373647K->144436K(2534400K), 0.1278320 secs] 7421364K->5194848K(10982400K), 0.1290100 secs] [Times: user=0.58 sys=0.01, real=0.13 secs] 
34430.070: [GC 34430.070: [ParNew: 2397236K->184112K(2534400K), 0.1185450 secs] 7447648K->5235507K(10982400K), 0.1195420 secs] [Times: user=0.75 sys=0.00, real=0.12 secs] 
34430.892: [GC 34430.892: [ParNew: 2436912K->133884K(2534400K), 0.0959100 secs] 7488307K->5195105K(10982400K), 0.0969000 secs] [Times: user=0.53 sys=0.00, real=0.09 secs] 
34431.886: [GC 34431.887: [ParNew: 2386684K->102266K(2534400K), 0.0974360 secs] 7447905K->5163488K(10982400K), 0.0984560 secs] [Times: user=0.50 sys=0.00, real=0.10 secs] 
34432.862: [GC 34432.863: [ParNew: 2355066K->137565K(2534400K), 0.0884110 secs] 7416288K->5198786K(10982400K), 0.0894200 secs] [Times: user=0.66 sys=0.00, real=0.09 secs] 
34433.847: [GC 34433.848: [ParNew: 2390365K->101556K(2534400K), 0.0720790 secs] 7451586K->5162777K(10982400K), 0.0730820 secs] [Times: user=0.45 sys=0.00, real=0.07 secs] 
34434.966: [GC 34434.966: [ParNew: 2354356K->83647K(2534400K), 0.0834860 secs] 7415577K->5147943K(10982400K), 0.0844920 secs] [Times: user=0.52 sys=0.01, real=0.08 secs] 
34436.384: [GC 34436.385: [ParNew: 2336447K->111189K(2534400K), 0.1229580 secs] 7400743K->5178482K(10982400K), 0.1241210 secs] [Times: user=0.56 sys=0.00, real=0.12 secs] 
34437.295: [GC 34437.296: [ParNew: 2363002K->101141K(2534400K), 0.0869510 secs] 7430295K->5169435K(10982400K), 0.0881060 secs] [Times: user=0.60 sys=0.01, real=0.09 secs] 
34437.995: [GC 34437.996: [ParNew: 2353941K->59904K(2534400K), 0.0510790 secs] 7422235K->5129377K(10982400K), 0.0521730 secs] [Times: user=0.41 sys=0.01, real=0.05 secs] 
34438.051: [GC [1 CMS-initial-mark: 5069472K(8448000K)] 5129531K(10982400K), 0.0822910 secs] [Times: user=0.08 sys=0.00, real=0.09 secs] 
34438.723: [GC 34438.724: [ParNew: 2312704K->73065K(2534400K), 0.0528110 secs] 7382177K->5143657K(10982400K), 0.0539590 secs] [Times: user=0.48 sys=0.00, real=0.05 secs] 
34439.301: [GC 34439.301: [ParNew: 2325865K->99317K(2534400K), 0.0539320 secs] 7396457K->5172273K(10982400K), 0.0550600 secs] [Times: user=0.57 sys=0.00, real=0.06 secs] 
34439.963: [GC 34439.964: [ParNew: 2352117K->116472K(2534400K), 0.0645870 secs] 7425073K->5196343K(10982400K), 0.0657680 secs] [Times: user=0.62 sys=0.01, real=0.06 secs] 
34440.569: [GC 34440.570: [ParNew: 2369272K->87913K(2534400K), 0.0609080 secs] 7449143K->5170042K(10982400K), 0.0620730 secs] [Times: user=0.53 sys=0.00, real=0.06 secs] 
34441.203: [GC 34441.203: [ParNew: 2340713K->85703K(2534400K), 0.0558260 secs] 7422842K->5169618K(10982400K), 0.0569690 secs] [Times: user=0.47 sys=0.00, real=0.05 secs] 
34441.713: [GC[YG occupancy: 1639367 K (2534400 K)]34441.714: [Rescan (parallel) , 0.4680640 secs]34442.182: [weak refs processing, 0.0811390 secs] [1 CMS-remark: 5083915K(8448000K)] 6723282K(10982400K), 0.5505850 secs] [Times: user=9.63 sys=0.03, real=0.55 secs] 
34442.414: [GC 34442.415: [ParNew: 2342157K->122267K(2534400K), 0.0719470 secs] 7419040K->5200415K(10982400K), 0.0730700 secs] [Times: user=0.60 sys=0.01, real=0.07 secs] 
34442.495: [GC 34442.495: [ParNew: 135433K->117942K(2534400K), 0.0287230 secs] 5213506K->5200096K(10982400K), 0.0295810 secs] [Times: user=0.52 sys=0.00, real=0.03 secs] 
34443.091: [GC 34443.092: [ParNew: 2370742K->102392K(2534400K), 0.0590270 secs] 7431611K->5164751K(10982400K), 0.0600260 secs] [Times: user=0.55 sys=0.00, real=0.06 secs] 
34443.825: [GC 34443.826: [ParNew: 2355192K->114831K(2534400K), 0.0889340 secs] 7358073K->5119064K(10982400K), 0.0899630 secs] [Times: user=0.63 sys=0.00, real=0.09 secs] 
34444.698: [GC 34444.699: [ParNew: 2367631K->117205K(2534400K), 0.1068990 secs] 7293395K->5044136K(10982400K), 0.1079700 secs] [Times: user=0.57 sys=0.00, real=0.11 secs] 
34445.583: [GC 34445.584: [ParNew: 2368250K->149713K(2534400K), 0.0990170 secs] 7259417K->5040880K(10982400K), 0.1001770 secs] [Times: user=0.64 sys=0.00, real=0.10 secs] 
34446.342: [GC 34446.343: [ParNew: 2402513K->108224K(2534400K), 0.0792150 secs] 7208270K->4915007K(10982400K), 0.0803860 secs] [Times: user=0.46 sys=0.00, real=0.08 secs] 
34447.138: [GC 34447.139: [ParNew: 2361024K->67185K(2534400K), 0.0727020 secs] 7094168K->4802468K(10982400K), 0.0737150 secs] [Times: user=0.47 sys=0.00, real=0.07 secs] 
34448.000: [GC 34448.000: [ParNew: 2319985K->83874K(2534400K), 0.0814800 secs] 6951334K->4716468K(10982400K), 0.0824770 secs] [Times: user=0.51 sys=0.00, real=0.08 secs] 
34448.793: [GC 34448.794: [ParNew: 2336674K->104488K(2534400K), 0.0847260 secs] 6803689K->4573028K(10982400K), 0.0857190 secs] [Times: user=0.54 sys=0.01, real=0.09 secs] 
34449.547: [GC 34449.548: [ParNew: 2357288K->102747K(2534400K), 0.0759880 secs] 6825828K->4571778K(10982400K), 0.0769840 secs] [Times: user=0.53 sys=0.01, real=0.07 secs] 
34450.339: [GC 34450.340: [ParNew: 2355547K->115506K(2534400K), 0.0879760 secs] 6824578K->4585275K(10982400K), 0.0889860 secs] [Times: user=0.54 sys=0.00, real=0.09 secs] 
34451.200: [GC 34451.200: [ParNew: 2368306K->134292K(2534400K), 0.0989690 secs] 6838075K->4605594K(10982400K), 0.0999660 secs] [Times: user=0.61 sys=0.00, real=0.10 secs] 
34452.145: [GC 34452.146: [ParNew: 2387092K->149998K(2534400K), 0.1309450 secs] 6858394K->4622326K(10982400K), 0.1319530 secs] [Times: user=0.54 sys=0.01, real=0.13 secs] 
34453.222: [GC 34453.223: [ParNew: 2402798K->139697K(2534400K), 0.0992660 secs] 6875126K->4613119K(10982400K), 0.1004180 secs] [Times: user=0.61 sys=0.00, real=0.10 secs] 
34454.184: [GC 34454.185: [ParNew: 2392497K->105861K(2534400K), 0.0898440 secs] 6865919K->4580821K(10982400K), 0.0911330 secs] [Times: user=0.56 sys=0.01, real=0.10 secs] 
34455.016: [GC 34455.017: [ParNew: 2358661K->76789K(2534400K), 0.0765870 secs] 6833621K->4552865K(10982400K), 0.0776730 secs] [Times: user=0.47 sys=0.00, real=0.07 secs] 
34456.047: [GC 34456.047: [ParNew: 2329589K->118554K(2534400K), 0.1236270 secs] 6805665K->4596910K(10982400K), 0.1247570 secs] [Times: user=0.54 sys=0.01, real=0.12 secs] 
34457.213: [GC 34457.214: [ParNew: 2371354K->113113K(2534400K), 0.0904290 secs] 6849710K->4593410K(10982400K), 0.0915950 secs] [Times: user=0.66 sys=0.01, real=0.09 secs] 
34458.344: [GC 34458.345: [ParNew: 2365913K->132857K(2534400K), 0.1103750 secs] 6846210K->4613994K(10982400K), 0.1112900 secs] [Times: user=0.52 sys=0.00, real=0.12 secs] 
34459.362: [GC 34459.362: [ParNew: 2385657K->122377K(2534400K), 0.0883780 secs] 6866794K->4604654K(10982400K), 0.0892780 secs] [Times: user=0.56 sys=0.00, real=0.09 secs] 
34460.447: [GC 34460.448: [ParNew: 2375177K->146542K(2534400K), 0.0962190 secs] 6857454K->4629802K(10982400K), 0.0971450 secs] [Times: user=0.67 sys=0.00, real=0.09 secs] 
34461.630: [GC 34461.631: [ParNew: 2399342K->120251K(2534400K), 0.0959840 secs] 6882602K->4604711K(10982400K), 0.0969010 secs] [Times: user=0.51 sys=0.00, real=0.10 secs] 
34462.850: [GC 34462.851: [ParNew: 2373063K->87175K(2534400K), 0.0804420 secs] 6857522K->4573293K(10982400K), 0.0813530 secs] [Times: user=0.50 sys=0.00, real=0.08 secs] 
34462.936: [GC 34462.936: [ParNew: 91150K->84427K(2534400K), 0.0264610 secs] 4577269K->4573552K(10982400K), 0.0271340 secs] [Times: user=0.48 sys=0.01, real=0.03 secs] 
34464.275: [GC 34464.275: [ParNew: 2337227K->99413K(2534400K), 0.0765330 secs] 6826352K->4590760K(10982400K), 0.0774640 secs] [Times: user=0.51 sys=0.00, real=0.08 secs] 
34465.447: [GC 34465.448: [ParNew: 2352213K->128051K(2534400K), 0.1169160 secs] 6843560K->4620471K(10982400K), 0.1178580 secs] [Times: user=0.55 sys=0.00, real=0.11 secs] 
34466.537: [GC 34466.537: [ParNew: 2380851K->166574K(2534400K), 0.1398520 secs] 6873271K->4660744K(10982400K), 0.1407580 secs] [Times: user=0.60 sys=0.00, real=0.14 secs] 
34467.594: [GC 34467.594: [ParNew: 2419374K->169814K(2534400K), 0.1524790 secs] 6913544K->4674844K(10982400K), 0.1533490 secs] [Times: user=0.63 sys=0.02, real=0.16 secs] 
34468.584: [GC 34468.585: [ParNew: 2422614K->173299K(2534400K), 0.1432640 secs] 6927644K->4687279K(10982400K), 0.1441580 secs] [Times: user=0.60 sys=0.00, real=0.15 secs] 
34469.608: [GC 34469.608: [ParNew: 2426099K->146900K(2534400K), 0.1407260 secs] 6940079K->4666606K(10982400K), 0.1416520 secs] [Times: user=0.55 sys=0.01, real=0.15 secs] 
34470.708: [GC 34470.708: [ParNew: 2399700K->130340K(2534400K), 0.1106760 secs] 6919406K->4650046K(10982400K), 0.1115960 secs] [Times: user=0.61 sys=0.01, real=0.11 secs] 
34471.793: [GC 34471.794: [ParNew: 2383140K->109066K(2534400K), 0.0793270 secs] 6902846K->4628772K(10982400K), 0.0802810 secs] [Times: user=0.55 sys=0.00, real=0.08 secs] 
34473.275: [GC 34473.275: [ParNew: 2361866K->135617K(2534400K), 0.1188680 secs] 6881572K->4655323K(10982400K), 0.1197030 secs] [Times: user=0.60 sys=0.00, real=0.12 secs] 
34474.705: [GC 34474.706: [ParNew: 2388417K->125062K(2534400K), 0.0784060 secs] 6908123K->4648745K(10982400K), 0.0793180 secs] [Times: user=0.68 sys=0.00, real=0.08 secs] 
34476.000: [GC 34476.000: [ParNew: 2377862K->148009K(2534400K), 0.0846620 secs] 6901545K->4672253K(10982400K), 0.0855990 secs] [Times: user=0.53 sys=0.01, real=0.08 secs] 
34477.273: [GC 34477.274: [ParNew: 2400809K->109115K(2534400K), 0.0801480 secs] 6925053K->4634230K(10982400K), 0.0810640 secs] [Times: user=0.50 sys=0.01, real=0.08 secs] 
34478.235: [GC 34478.235: [ParNew: 2361915K->72337K(2534400K), 0.0521800 secs] 6887030K->4601287K(10982400K), 0.0533560 secs] [Times: user=0.54 sys=0.00, real=0.05 secs] 
34479.132: [GC 34479.132: [ParNew: 2325137K->57275K(2534400K), 0.0460280 secs] 6854087K->4589363K(10982400K), 0.0472020 secs] [Times: user=0.42 sys=0.00, real=0.05 secs] 
34480.032: [GC 34480.033: [ParNew: 2310075K->48898K(2534400K), 0.0542250 secs] 6842163K->4590177K(10982400K), 0.0554130 secs] [Times: user=0.49 sys=0.00, real=0.05 secs] 
34480.621: [GC 34480.622: [ParNew: 2301698K->101123K(2534400K), 0.0543900 secs] 6842977K->4643354K(10982400K), 0.0553750 secs] [Times: user=0.60 sys=0.01, real=0.05 secs] 
34481.150: [GC 34481.150: [ParNew: 2353923K->74724K(2534400K), 0.0517460 secs] 6896154K->4617788K(10982400K), 0.0528610 secs] [Times: user=0.46 sys=0.00, real=0.05 secs] 
34481.817: [GC 34481.818: [ParNew: 2327524K->120780K(2534400K), 0.0845510 secs] 6870588K->4664683K(10982400K), 0.0855380 secs] [Times: user=0.59 sys=0.01, real=0.09 secs] 
34482.512: [GC 34482.513: [ParNew: 2371935K->141038K(2534400K), 0.0940060 secs] 6915839K->4686017K(10982400K), 0.0951820 secs] [Times: user=0.54 sys=0.00, real=0.09 secs] 
34483.285: [GC 34483.285: [ParNew: 2393838K->115768K(2534400K), 0.0944310 secs] 6938817K->4661346K(10982400K), 0.0955350 secs] [Times: user=0.50 sys=0.01, real=0.10 secs] 
34484.399: [GC 34484.400: [ParNew: 2368568K->119050K(2534400K), 0.1029090 secs] 6914146K->4664882K(10982400K), 0.1041040 secs] [Times: user=0.55 sys=0.00, real=0.11 secs] 
34486.256: [GC 34486.257: [ParNew: 2371850K->43379K(2534400K), 0.0544850 secs] 6917682K->4590076K(10982400K), 0.0556910 secs] [Times: user=0.42 sys=0.00, real=0.06 secs] 
34487.817: [GC 34487.818: [ParNew: 2296179K->64490K(2534400K), 0.0602590 secs] 6842876K->4612435K(10982400K), 0.0614010 secs] [Times: user=0.59 sys=0.00, real=0.06 secs] 
34489.363: [GC 34489.364: [ParNew: 2317290K->56030K(2534400K), 0.0518960 secs] 6865235K->4604508K(10982400K), 0.0530270 secs] [Times: user=0.48 sys=0.00, real=0.05 secs] 
34490.742: [GC 34490.743: [ParNew: 2308830K->81895K(2534400K), 0.0505730 secs] 6857308K->4631378K(10982400K), 0.0516010 secs] [Times: user=0.57 sys=0.01, real=0.05 secs] 
34492.595: [GC 34492.596: [ParNew: 2334695K->64840K(2534400K), 0.0571350 secs] 6884178K->4616133K(10982400K), 0.0583090 secs] [Times: user=0.45 sys=0.00, real=0.06 secs] 
34493.900: [GC 34493.901: [ParNew: 2317640K->103730K(2534400K), 0.0735170 secs] 6868933K->4656162K(10982400K), 0.0746730 secs] [Times: user=1.03 sys=0.01, real=0.08 secs] 
34495.419: [GC 34495.419: [ParNew: 2356530K->79121K(2534400K), 0.0559840 secs] 6908962K->4632216K(10982400K), 0.0571510 secs] [Times: user=0.47 sys=0.00, real=0.06 secs] 
34496.678: [GC 34496.679: [ParNew: 2331921K->52833K(2534400K), 0.0538660 secs] 6885016K->4608084K(10982400K), 0.0550420 secs] [Times: user=0.49 sys=0.00, real=0.06 secs] 
34497.704: [GC 34497.705: [ParNew: 2305633K->94647K(2534400K), 0.0496750 secs] 6860884K->4651067K(10982400K), 0.0508260 secs] [Times: user=0.64 sys=0.00, real=0.05 secs] 
34498.314: [GC 34498.314: [ParNew: 2347447K->76270K(2534400K), 0.0409330 secs] 6903867K->4633625K(10982400K), 0.0419190 secs] [Times: user=0.53 sys=0.00, real=0.04 secs] 
34499.018: [GC 34499.019: [ParNew: 2329070K->65345K(2534400K), 0.0326680 secs] 6886425K->4623978K(10982400K), 0.0336470 secs] [Times: user=0.42 sys=0.00, real=0.04 secs] 
34500.050: [GC 34500.051: [ParNew: 2318145K->60277K(2534400K), 0.0579970 secs] 6876778K->4630034K(10982400K), 0.0590110 secs] [Times: user=0.43 sys=0.01, real=0.06 secs] 
34501.003: [GC 34501.004: [ParNew: 2313077K->62628K(2534400K), 0.0528160 secs] 6882834K->4636764K(10982400K), 0.0539810 secs] [Times: user=0.57 sys=0.01, real=0.05 secs] 
34501.998: [GC 34501.999: [ParNew: 2315428K->79436K(2534400K), 0.0437470 secs] 6889564K->4654721K(10982400K), 0.0449440 secs] [Times: user=0.50 sys=0.00, real=0.05 secs] 
34503.203: [GC 34503.203: [ParNew: 2332236K->59184K(2534400K), 0.0454960 secs] 6907521K->4635290K(10982400K), 0.0465970 secs] [Times: user=0.49 sys=0.00, real=0.04 secs] 
34504.304: [GC 34504.305: [ParNew: 2311984K->75715K(2534400K), 0.0517490 secs] 6888090K->4652986K(10982400K), 0.0529330 secs] [Times: user=0.57 sys=0.00, real=0.05 secs] 
34505.885: [GC 34505.886: [ParNew: 2328515K->52623K(2534400K), 0.0527300 secs] 6905786K->4631087K(10982400K), 0.0539410 secs] [Times: user=0.41 sys=0.00, real=0.05 secs] 
34507.453: [GC 34507.455: [ParNew: 2305423K->70190K(2534400K), 0.0578860 secs] 6883887K->4648944K(10982400K), 0.0590640 secs] [Times: user=0.61 sys=0.00, real=0.06 secs] 
34508.585: [GC 34508.586: [ParNew: 2322990K->53876K(2534400K), 0.0498960 secs] 6901744K->4634436K(10982400K), 0.0510700 secs] [Times: user=0.47 sys=0.00, real=0.05 secs] 
34509.940: [GC 34509.940: [ParNew: 2306676K->82769K(2534400K), 0.0552150 secs] 6887236K->4664251K(10982400K), 0.0562240 secs] [Times: user=0.65 sys=0.01, real=0.06 secs] 
34511.263: [GC 34511.263: [ParNew: 2335569K->62015K(2534400K), 0.0473480 secs] 6917051K->4644769K(10982400K), 0.0483660 secs] [Times: user=0.44 sys=0.00, real=0.05 secs] 
34512.938: [GC 34512.939: [ParNew: 2314815K->36966K(2534400K), 0.0531090 secs] 6897569K->4621907K(10982400K), 0.0541090 secs] [Times: user=0.45 sys=0.01, real=0.05 secs] 
34514.043: [GC 34514.043: [ParNew: 2289766K->60023K(2534400K), 0.0495700 secs] 6874707K->4646255K(10982400K), 0.0505660 secs] [Times: user=0.55 sys=0.00, real=0.05 secs] 
34514.871: [GC 34514.872: [ParNew: 2312823K->58054K(2534400K), 0.0496960 secs] 6899055K->4645369K(10982400K), 0.0506810 secs] [Times: user=0.49 sys=0.00, real=0.05 secs] 
34515.779: [GC 34515.780: [ParNew: 2310854K->38351K(2534400K), 0.0387650 secs] 6898169K->4626665K(10982400K), 0.0397070 secs] [Times: user=0.45 sys=0.00, real=0.04 secs] 
34516.553: [GC 34516.554: [ParNew: 2291151K->48049K(2534400K), 0.0377530 secs] 6879465K->4637428K(10982400K), 0.0386780 secs] [Times: user=0.48 sys=0.00, real=0.04 secs] 
34517.726: [GC 34517.727: [ParNew: 2300849K->37817K(2534400K), 0.0395080 secs] 6890228K->4627901K(10982400K), 0.0404280 secs] [Times: user=0.38 sys=0.00, real=0.04 secs] 
34519.237: [GC 34519.238: [ParNew: 2290617K->31344K(2534400K), 0.0487690 secs] 6880701K->4622977K(10982400K), 0.0496830 secs] [Times: user=0.41 sys=0.00, real=0.05 secs] 
34520.372: [GC 34520.372: [ParNew: 2284144K->54302K(2534400K), 0.0462470 secs] 6875777K->4647317K(10982400K), 0.0471300 secs] [Times: user=0.43 sys=0.00, real=0.05 secs] 
34521.423: [GC 34521.424: [ParNew: 2307102K->56772K(2534400K), 0.0561810 secs] 6900117K->4650232K(10982400K), 0.0570970 secs] [Times: user=0.43 sys=0.00, real=0.06 secs] 
34522.580: [GC 34522.581: [ParNew: 2307278K->52911K(2534400K), 0.0546660 secs] 6900738K->4646918K(10982400K), 0.0556040 secs] [Times: user=0.40 sys=0.01, real=0.06 secs] 
34523.731: [GC 34523.731: [ParNew: 2305711K->69387K(2534400K), 0.0531340 secs] 6899718K->4665294K(10982400K), 0.0540360 secs] [Times: user=0.46 sys=0.00, real=0.05 secs] 
34524.931: [GC 34524.931: [ParNew: 2322187K->79505K(2534400K), 0.0666440 secs] 6918094K->4676164K(10982400K), 0.0675670 secs] [Times: user=0.55 sys=0.01, real=0.07 secs] 
34525.953: [GC 34525.954: [ParNew: 2332305K->63646K(2534400K), 0.0558660 secs] 6928964K->4661343K(10982400K), 0.0568150 secs] [Times: user=0.48 sys=0.00, real=0.06 secs] 
34526.698: [GC 34526.698: [ParNew: 2316446K->64581K(2534400K), 0.0605180 secs] 6914143K->4662926K(10982400K), 0.0614580 secs] [Times: user=0.47 sys=0.00, real=0.06 secs] 
34527.915: [GC 34527.916: [ParNew: 2317381K->42999K(2534400K), 0.0485660 secs] 6915726K->4642278K(10982400K), 0.0494000 secs] [Times: user=0.47 sys=0.00, real=0.05 secs] 
34528.899: [GC 34528.899: [ParNew: 2295799K->85051K(2534400K), 0.0410920 secs] 6895078K->4685638K(10982400K), 0.0419260 secs] [Times: user=0.56 sys=0.00, real=0.04 secs] 
34530.341: [GC 34530.342: [ParNew: 2337851K->66371K(2534400K), 0.0523520 secs] 6938438K->4671648K(10982400K), 0.0533400 secs] [Times: user=0.47 sys=0.00, real=0.05 secs] 
34531.360: [GC 34531.360: [ParNew: 2319171K->40471K(2534400K), 0.0365400 secs] 6924448K->4646428K(10982400K), 0.0373770 secs] [Times: user=0.39 sys=0.00, real=0.04 secs] 
34533.031: [GC 34533.031: [ParNew: 2293294K->47958K(2534400K), 0.0500250 secs] 6899251K->4655538K(10982400K), 0.0509230 secs] [Times: user=0.46 sys=0.00, real=0.05 secs] 
34533.085: [GC 34533.086: [ParNew: 48204K->55309K(2534400K), 0.0213350 secs] 4655784K->4663772K(10982400K), 0.0220140 secs] [Times: user=0.43 sys=0.00, real=0.03 secs] 
34534.669: [GC 34534.670: [ParNew: 2308109K->47277K(2534400K), 0.0483880 secs] 6916572K->4657617K(10982400K), 0.0492800 secs] [Times: user=0.44 sys=0.00, real=0.05 secs] 
34536.012: [GC 34536.013: [ParNew: 2300077K->35222K(2534400K), 0.0474650 secs] 6910417K->4648913K(10982400K), 0.0483830 secs] [Times: user=0.46 sys=0.00, real=0.05 secs] 
34537.472: [GC 34537.472: [ParNew: 2288022K->39459K(2534400K), 0.0464970 secs] 6901713K->4654526K(10982400K), 0.0473400 secs] [Times: user=0.42 sys=0.01, real=0.05 secs] 
34539.001: [GC 34539.002: [ParNew: 2292259K->33187K(2534400K), 0.0426510 secs] 6907326K->4648254K(10982400K), 0.0434980 secs] [Times: user=0.38 sys=0.00, real=0.04 secs] 
34540.521: [GC 34540.521: [ParNew: 2285987K->46262K(2534400K), 0.0462510 secs] 6901054K->4662319K(10982400K), 0.0470870 secs] [Times: user=0.46 sys=0.00, real=0.05 secs] 
34541.877: [GC 34541.878: [ParNew: 2299062K->48740K(2534400K), 0.0477040 secs] 6915119K->4667447K(10982400K), 0.0486360 secs] [Times: user=0.49 sys=0.01, real=0.05 secs] 
34543.072: [GC 34543.073: [ParNew: 2301540K->37205K(2534400K), 0.0389290 secs] 6920247K->4656514K(10982400K), 0.0398400 secs] [Times: user=0.42 sys=0.01, real=0.04 secs] 
34544.621: [GC 34544.621: [ParNew: 2290024K->51957K(2534400K), 0.0490020 secs] 6909333K->4672103K(10982400K), 0.0499030 secs] [Times: user=0.52 sys=0.00, real=0.05 secs] 
34544.674: [GC 34544.675: [ParNew: 52349K->58288K(2534400K), 0.0240460 secs] 4672496K->4679333K(10982400K), 0.0247110 secs] [Times: user=0.49 sys=0.01, real=0.03 secs] 
34545.787: [GC 34545.788: [ParNew: 2311088K->47633K(2534400K), 0.0435940 secs] 6932133K->4672475K(10982400K), 0.0445140 secs] [Times: user=0.43 sys=0.01, real=0.05 secs] 
34547.107: [GC 34547.108: [ParNew: 2300433K->70736K(2534400K), 0.0495290 secs] 6925275K->4695930K(10982400K), 0.0504690 secs] [Times: user=0.54 sys=0.01, real=0.05 secs] 
34548.231: [GC 34548.232: [ParNew: 2323536K->54909K(2534400K), 0.0409470 secs] 6948730K->4681834K(10982400K), 0.0418810 secs] [Times: user=0.39 sys=0.00, real=0.04 secs] 
34549.460: [GC 34549.461: [ParNew: 2307709K->39029K(2534400K), 0.0453100 secs] 6934634K->4665954K(10982400K), 0.0462180 secs] [Times: user=0.46 sys=0.00, real=0.04 secs] 
34551.057: [GC 34551.057: [ParNew: 2291829K->43087K(2534400K), 0.0487800 secs] 6918754K->4671241K(10982400K), 0.0497170 secs] [Times: user=0.47 sys=0.00, real=0.05 secs] 
34552.475: [GC 34552.476: [ParNew: 2295887K->66458K(2534400K), 0.0463090 secs] 6924041K->4695887K(10982400K), 0.0472310 secs] [Times: user=0.46 sys=0.00, real=0.05 secs] 
34553.834: [GC 34553.835: [ParNew: 2319258K->88360K(2534400K), 0.0527540 secs] 6948687K->4718183K(10982400K), 0.0536620 secs] [Times: user=0.58 sys=0.00, real=0.05 secs] 
34555.426: [GC 34555.427: [ParNew: 2341160K->87078K(2534400K), 0.0553640 secs] 6970983K->4717350K(10982400K), 0.0562420 secs] [Times: user=0.58 sys=0.00, real=0.06 secs] 
34556.508: [GC 34556.509: [ParNew: 2339878K->115780K(2534400K), 0.0648680 secs] 6970150K->4757141K(10982400K), 0.0657080 secs] [Times: user=0.75 sys=0.01, real=0.07 secs] 
34557.702: [GC 34557.702: [ParNew: 2365983K->81651K(2534400K), 0.0502750 secs] 7007344K->4723459K(10982400K), 0.0511190 secs] [Times: user=0.48 sys=0.00, real=0.05 secs] 
34559.360: [GC 34559.361: [ParNew: 2334451K->39872K(2534400K), 0.0490660 secs] 6976259K->4682998K(10982400K), 0.0499130 secs] [Times: user=0.43 sys=0.01, real=0.05 secs] 
34561.249: [GC 34561.250: [ParNew: 2292672K->35048K(2534400K), 0.0463860 secs] 6935798K->4679203K(10982400K), 0.0472330 secs] [Times: user=0.39 sys=0.00, real=0.05 secs] 
34562.708: [GC 34562.709: [ParNew: 2287848K->54762K(2534400K), 0.0469410 secs] 6932003K->4701729K(10982400K), 0.0477800 secs] [Times: user=0.50 sys=0.00, real=0.05 secs] 
34564.332: [GC 34564.333: [ParNew: 2307562K->67973K(2534400K), 0.0475550 secs] 6954529K->4715585K(10982400K), 0.0483960 secs] [Times: user=0.51 sys=0.01, real=0.04 secs] 
34565.495: [GC 34565.496: [ParNew: 2320773K->48090K(2534400K), 0.0416740 secs] 6968385K->4696678K(10982400K), 0.0425270 secs] [Times: user=0.43 sys=0.00, real=0.04 secs] 
34567.149: [GC 34567.150: [ParNew: 2300890K->35168K(2534400K), 0.0485300 secs] 6949478K->4684650K(10982400K), 0.0494650 secs] [Times: user=0.45 sys=0.01, real=0.05 secs] 
34568.587: [GC 34568.587: [ParNew: 2287968K->46646K(2534400K), 0.0444810 secs] 6937450K->4696634K(10982400K), 0.0453870 secs] [Times: user=0.41 sys=0.00, real=0.04 secs] 
34570.087: [GC 34570.087: [ParNew: 2299446K->44892K(2534400K), 0.0466870 secs] 6949434K->4696029K(10982400K), 0.0476100 secs] [Times: user=0.47 sys=0.00, real=0.05 secs] 
34571.296: [GC 34571.297: [ParNew: 2297692K->62045K(2534400K), 0.0485110 secs] 6948829K->4714646K(10982400K), 0.0494240 secs] [Times: user=0.51 sys=0.00, real=0.05 secs] 
34572.835: [GC 34572.836: [ParNew: 2314845K->48757K(2534400K), 0.0501230 secs] 6967446K->4702277K(10982400K), 0.0510360 secs] [Times: user=0.44 sys=0.00, real=0.05 secs] 
34573.822: [GC 34573.822: [ParNew: 2301557K->42268K(2534400K), 0.0368190 secs] 6955077K->4696728K(10982400K), 0.0377840 secs] [Times: user=0.39 sys=0.00, real=0.04 secs] 
34575.015: [GC 34575.015: [ParNew: 2295068K->67500K(2534400K), 0.0499110 secs] 6949528K->4723042K(10982400K), 0.0510700 secs] [Times: user=0.53 sys=0.01, real=0.05 secs] 
34576.567: [GC 34576.568: [ParNew: 2320300K->77959K(2534400K), 0.0536370 secs] 6975842K->4734354K(10982400K), 0.0547070 secs] [Times: user=0.47 sys=0.00, real=0.05 secs] 
34577.932: [GC 34577.933: [ParNew: 2330759K->53899K(2534400K), 0.0622390 secs] 6987154K->4711385K(10982400K), 0.0637170 secs] [Times: user=0.48 sys=0.00, real=0.07 secs] 
34579.587: [GC 34579.588: [ParNew: 2306699K->69104K(2534400K), 0.0520880 secs] 6964185K->4727124K(10982400K), 0.0532840 secs] [Times: user=0.49 sys=0.00, real=0.05 secs] 
34580.692: [GC 34580.693: [ParNew: 2321904K->55379K(2534400K), 0.0523480 secs] 6979924K->4714379K(10982400K), 0.0535480 secs] [Times: user=0.45 sys=0.01, real=0.06 secs] 
34582.097: [GC 34582.098: [ParNew: 2308179K->72312K(2534400K), 0.0532840 secs] 6967179K->4732347K(10982400K), 0.0544330 secs] [Times: user=0.57 sys=0.01, real=0.05 secs] 
34583.811: [GC 34583.812: [ParNew: 2325112K->54395K(2534400K), 0.0526550 secs] 6985147K->4715538K(10982400K), 0.0536720 secs] [Times: user=0.46 sys=0.01, real=0.06 secs] 
34585.725: [GC 34585.726: [ParNew: 2307195K->44001K(2534400K), 0.0538170 secs] 6968338K->4708149K(10982400K), 0.0548440 secs] [Times: user=0.40 sys=0.01, real=0.05 secs] 
34587.271: [GC 34587.271: [ParNew: 2296801K->38584K(2534400K), 0.0476170 secs] 6960949K->4703731K(10982400K), 0.0487810 secs] [Times: user=0.42 sys=0.00, real=0.05 secs] 
34589.215: [GC 34589.215: [ParNew: 2291384K->75000K(2534400K), 0.0560270 secs] 6956531K->4741071K(10982400K), 0.0570400 secs] [Times: user=0.62 sys=0.00, real=0.06 secs] 
34591.127: [GC 34591.128: [ParNew: 2327800K->70423K(2534400K), 0.0615940 secs] 6993871K->4741646K(10982400K), 0.0627610 secs] [Times: user=0.52 sys=0.00, real=0.06 secs] 
34592.746: [GC 34592.747: [ParNew: 2323223K->70117K(2534400K), 0.0592610 secs] 6994446K->4742499K(10982400K), 0.0602600 secs] [Times: user=0.59 sys=0.01, real=0.06 secs] 
34594.765: [GC 34594.766: [ParNew: 2322917K->92500K(2534400K), 0.0585450 secs] 6995299K->4767010K(10982400K), 0.0595630 secs] [Times: user=0.57 sys=0.00, real=0.06 secs] 
34595.980: [GC 34595.981: [ParNew: 2345300K->92910K(2534400K), 0.0513930 secs] 7019810K->4768153K(10982400K), 0.0525820 secs] [Times: user=0.54 sys=0.00, real=0.05 secs] 
34597.416: [GC 34597.417: [ParNew: 2345710K->72166K(2534400K), 0.0518110 secs] 7020953K->4749479K(10982400K), 0.0528090 secs] [Times: user=0.56 sys=0.00, real=0.06 secs] 
34599.140: [GC 34599.141: [ParNew: 2324966K->56494K(2534400K), 0.0552080 secs] 7002279K->4740900K(10982400K), 0.0562230 secs] [Times: user=0.46 sys=0.00, real=0.05 secs] 
34600.807: [GC 34600.807: [ParNew: 2309294K->67349K(2534400K), 0.0575560 secs] 6993700K->4753208K(10982400K), 0.0587210 secs] [Times: user=0.60 sys=0.01, real=0.06 secs] 
34602.412: [GC 34602.412: [ParNew: 2320149K->106968K(2534400K), 0.0573490 secs] 7006008K->4793847K(10982400K), 0.0585040 secs] [Times: user=0.65 sys=0.01, real=0.06 secs] 
34603.847: [GC 34603.847: [ParNew: 2359768K->82110K(2534400K), 0.0554280 secs] 7046647K->4771172K(10982400K), 0.0565630 secs] [Times: user=0.46 sys=0.00, real=0.06 secs] 
34605.719: [GC 34605.719: [ParNew: 2334910K->40643K(2534400K), 0.0510090 secs] 7023972K->4730615K(10982400K), 0.0521180 secs] [Times: user=0.41 sys=0.00, real=0.05 secs] 
34607.575: [GC 34607.576: [ParNew: 2293443K->43198K(2534400K), 0.0540300 secs] 6983415K->4734009K(10982400K), 0.0551480 secs] [Times: user=0.45 sys=0.01, real=0.06 secs] 
34609.415: [GC 34609.416: [ParNew: 2295998K->44600K(2534400K), 0.0527630 secs] 6986809K->4738447K(10982400K), 0.0537820 secs] [Times: user=0.44 sys=0.01, real=0.06 secs] 
34610.594: [GC 34610.595: [ParNew: 2297400K->39198K(2534400K), 0.0421630 secs] 6991247K->4733725K(10982400K), 0.0431790 secs] [Times: user=0.41 sys=0.00, real=0.04 secs] 
34612.237: [GC 34612.238: [ParNew: 2291998K->57719K(2534400K), 0.0509720 secs] 6986525K->4756030K(10982400K), 0.0519970 secs] [Times: user=0.45 sys=0.00, real=0.06 secs] 
34613.744: [GC 34613.745: [ParNew: 2310519K->43634K(2534400K), 0.0551720 secs] 7008830K->4743562K(10982400K), 0.0563400 secs] [Times: user=0.49 sys=0.01, real=0.06 secs] 
34615.887: [GC 34615.888: [ParNew: 2296434K->32793K(2534400K), 0.0600050 secs] 6996362K->4734654K(10982400K), 0.0612330 secs] [Times: user=0.45 sys=0.00, real=0.06 secs] 
34617.435: [GC 34617.436: [ParNew: 2285593K->59488K(2534400K), 0.0546450 secs] 6987454K->4762145K(10982400K), 0.0557740 secs] [Times: user=0.53 sys=0.01, real=0.06 secs] 
34618.843: [GC 34618.843: [ParNew: 2312312K->58133K(2534400K), 0.0521760 secs] 7014969K->4761189K(10982400K), 0.0533000 secs] [Times: user=0.48 sys=0.00, real=0.05 secs] 
34618.901: [GC 34618.901: [ParNew: 61788K->53782K(2534400K), 0.0222510 secs] 4764843K->4758170K(10982400K), 0.0230980 secs] [Times: user=0.42 sys=0.01, real=0.02 secs] 
34620.448: [GC 34620.449: [ParNew: 2306582K->95602K(2534400K), 0.0529370 secs] 7010970K->4801550K(10982400K), 0.0539570 secs] [Times: user=0.57 sys=0.00, real=0.06 secs] 
34622.083: [GC 34622.083: [ParNew: 2348402K->67132K(2534400K), 0.0502180 secs] 7054350K->4774229K(10982400K), 0.0512780 secs] [Times: user=0.41 sys=0.00, real=0.05 secs] 
34623.706: [GC 34623.707: [ParNew: 2319932K->64638K(2534400K), 0.0516250 secs] 7027029K->4773048K(10982400K), 0.0527930 secs] [Times: user=0.53 sys=0.00, real=0.05 secs] 
34625.687: [GC 34625.688: [ParNew: 2317438K->55936K(2534400K), 0.0523130 secs] 7025848K->4764347K(10982400K), 0.0535170 secs] [Times: user=0.40 sys=0.00, real=0.06 secs] 
34627.300: [GC 34627.300: [ParNew: 2308736K->63735K(2534400K), 0.0574440 secs] 7017147K->4774645K(10982400K), 0.0586000 secs] [Times: user=0.60 sys=0.00, real=0.06 secs] 
34629.192: [GC 34629.192: [ParNew: 2316535K->79805K(2534400K), 0.0553600 secs] 7027445K->4791165K(10982400K), 0.0564930 secs] [Times: user=0.50 sys=0.00, real=0.05 secs] 
34630.614: [GC 34630.615: [ParNew: 2332605K->83824K(2534400K), 0.0504810 secs] 7043965K->4796304K(10982400K), 0.0516660 secs] [Times: user=0.53 sys=0.00, real=0.05 secs] 
34631.888: [GC 34631.889: [ParNew: 2336624K->122737K(2534400K), 0.0574380 secs] 7049104K->4836324K(10982400K), 0.0586200 secs] [Times: user=0.69 sys=0.00, real=0.06 secs] 
34633.659: [GC 34633.660: [ParNew: 2375537K->87651K(2534400K), 0.0649420 secs] 7089124K->4812820K(10982400K), 0.0661240 secs] [Times: user=0.40 sys=0.00, real=0.07 secs] 
34635.311: [GC 34635.312: [ParNew: 2340451K->77139K(2534400K), 0.0535340 secs] 7065620K->4804756K(10982400K), 0.0547250 secs] [Times: user=0.55 sys=0.00, real=0.06 secs] 
34637.197: [GC 34637.198: [ParNew: 2329939K->58078K(2534400K), 0.0563090 secs] 7057556K->4787293K(10982400K), 0.0574890 secs] [Times: user=0.42 sys=0.00, real=0.06 secs] 
34638.558: [GC 34638.558: [ParNew: 2310878K->120088K(2534400K), 0.0580200 secs] 7040093K->4853702K(10982400K), 0.0591770 secs] [Times: user=0.70 sys=0.01, real=0.06 secs] 
34640.174: [GC 34640.175: [ParNew: 2372888K->93772K(2534400K), 0.0552120 secs] 7106502K->4827742K(10982400K), 0.0563820 secs] [Times: user=0.43 sys=0.00, real=0.05 secs] 
34641.872: [GC 34641.872: [ParNew: 2346572K->46314K(2534400K), 0.0602260 secs] 7080542K->4781485K(10982400K), 0.0613970 secs] [Times: user=0.52 sys=0.00, real=0.06 secs] 
34643.323: [GC 34643.324: [ParNew: 2299114K->40815K(2534400K), 0.0475040 secs] 7034285K->4777208K(10982400K), 0.0486900 secs] [Times: user=0.39 sys=0.00, real=0.05 secs] 
34644.681: [GC 34644.681: [ParNew: 2293615K->71880K(2534400K), 0.0596020 secs] 7030008K->4811816K(10982400K), 0.0607670 secs] [Times: user=0.62 sys=0.01, real=0.06 secs] 
34646.409: [GC 34646.409: [ParNew: 2324680K->58694K(2534400K), 0.0616990 secs] 7064616K->4799565K(10982400K), 0.0628740 secs] [Times: user=0.52 sys=0.01, real=0.06 secs] 
34647.728: [GC 34647.729: [ParNew: 2311494K->83585K(2534400K), 0.0583050 secs] 7052365K->4825704K(10982400K), 0.0594430 secs] [Times: user=0.68 sys=0.00, real=0.06 secs] 
34649.477: [GC 34649.478: [ParNew: 2336385K->87105K(2534400K), 0.0557990 secs] 7078504K->4829819K(10982400K), 0.0569810 secs] [Times: user=0.47 sys=0.01, real=0.05 secs] 
34651.309: [GC 34651.310: [ParNew: 2339905K->64476K(2534400K), 0.0565950 secs] 7082619K->4808028K(10982400K), 0.0577890 secs] [Times: user=0.42 sys=0.00, real=0.06 secs] 
34653.364: [GC 34653.365: [ParNew: 2317276K->33313K(2534400K), 0.0522340 secs] 7060828K->4778585K(10982400K), 0.0533990 secs] [Times: user=0.38 sys=0.00, real=0.06 secs] 
34655.160: [GC 34655.160: [ParNew: 2286113K->47017K(2534400K), 0.0500920 secs] 7031385K->4793357K(10982400K), 0.0512760 secs] [Times: user=0.43 sys=0.00, real=0.05 secs] 
34656.753: [GC 34656.754: [ParNew: 2299817K->48668K(2534400K), 0.0474640 secs] 7046157K->4795660K(10982400K), 0.0486620 secs] [Times: user=0.45 sys=0.01, real=0.05 secs] 
34658.179: [GC 34658.180: [ParNew: 2301468K->59145K(2534400K), 0.0513440 secs] 7048460K->4807462K(10982400K), 0.0525050 secs] [Times: user=0.51 sys=0.00, real=0.05 secs] 
34659.397: [GC 34659.398: [ParNew: 2311945K->91782K(2534400K), 0.0510760 secs] 7060262K->4841073K(10982400K), 0.0522270 secs] [Times: user=0.56 sys=0.00, real=0.05 secs] 
34661.003: [GC 34661.004: [ParNew: 2344582K->69969K(2534400K), 0.0597770 secs] 7093873K->4830006K(10982400K), 0.0607980 secs] [Times: user=0.44 sys=0.01, real=0.06 secs] 
34662.488: [GC 34662.488: [ParNew: 2322769K->46971K(2534400K), 0.0494650 secs] 7082806K->4807758K(10982400K), 0.0504650 secs] [Times: user=0.45 sys=0.00, real=0.05 secs] 
34664.256: [GC 34664.256: [ParNew: 2299771K->78100K(2534400K), 0.0621170 secs] 7060558K->4842030K(10982400K), 0.0631190 secs] [Times: user=0.63 sys=0.00, real=0.07 secs] 
34666.146: [GC 34666.146: [ParNew: 2330900K->81257K(2534400K), 0.0578080 secs] 7094830K->4846088K(10982400K), 0.0589000 secs] [Times: user=0.53 sys=0.00, real=0.06 secs] 
34667.667: [GC 34667.668: [ParNew: 2334057K->91841K(2534400K), 0.0598830 secs] 7098888K->4857754K(10982400K), 0.0610260 secs] [Times: user=0.56 sys=0.00, real=0.07 secs] 
34669.122: [GC 34669.123: [ParNew: 2344641K->65789K(2534400K), 0.0555760 secs] 7110554K->4839867K(10982400K), 0.0568400 secs] [Times: user=0.51 sys=0.01, real=0.06 secs] 
34670.073: [GC 34670.074: [ParNew: 2318589K->59048K(2534400K), 0.0431250 secs] 7092667K->4834140K(10982400K), 0.0443140 secs] [Times: user=0.43 sys=0.00, real=0.05 secs] 
34670.977: [GC 34670.978: [ParNew: 2311848K->112915K(2534400K), 0.0502100 secs] 7086940K->4889380K(10982400K), 0.0513790 secs] [Times: user=0.64 sys=0.00, real=0.06 secs] 
34672.127: [GC 34672.128: [ParNew: 2365715K->79915K(2534400K), 0.0467410 secs] 7142180K->4857731K(10982400K), 0.0477180 secs] [Times: user=0.48 sys=0.00, real=0.05 secs] 
34673.092: [GC 34673.093: [ParNew: 2332715K->69184K(2534400K), 0.0439320 secs] 7110531K->4847801K(10982400K), 0.0450920 secs] [Times: user=0.49 sys=0.00, real=0.04 secs] 
34674.886: [GC 34674.887: [ParNew: 2321984K->89976K(2534400K), 0.0558250 secs] 7100601K->4869399K(10982400K), 0.0569800 secs] [Times: user=0.56 sys=0.00, real=0.06 secs] 
34676.704: [GC 34676.704: [ParNew: 2342776K->64680K(2534400K), 0.0551300 secs] 7122199K->4844752K(10982400K), 0.0563110 secs] [Times: user=0.40 sys=0.00, real=0.06 secs] 
34678.856: [GC 34678.857: [ParNew: 2317480K->86777K(2534400K), 0.0635570 secs] 7097552K->4867412K(10982400K), 0.0646160 secs] [Times: user=0.57 sys=0.01, real=0.07 secs] 
34680.397: [GC 34680.398: [ParNew: 2339577K->129952K(2534400K), 0.0558260 secs] 7120212K->4910803K(10982400K), 0.0569200 secs] [Times: user=0.66 sys=0.00, real=0.06 secs] 
34682.181: [GC 34682.181: [ParNew: 2382752K->104505K(2534400K), 0.0612820 secs] 7163603K->4886452K(10982400K), 0.0624610 secs] [Times: user=0.61 sys=0.00, real=0.06 secs] 
34684.435: [GC 34684.436: [ParNew: 2357305K->64785K(2534400K), 0.0633100 secs] 7139252K->4850482K(10982400K), 0.0643210 secs] [Times: user=0.49 sys=0.01, real=0.07 secs] 
34686.182: [GC 34686.183: [ParNew: 2317585K->126181K(2534400K), 0.0682930 secs] 7103282K->4918618K(10982400K), 0.0694520 secs] [Times: user=0.78 sys=0.01, real=0.07 secs] 
34687.378: [GC 34687.379: [ParNew: 2378981K->101725K(2534400K), 0.0498410 secs] 7171418K->4895883K(10982400K), 0.0508730 secs] [Times: user=0.56 sys=0.00, real=0.05 secs] 
34689.357: [GC 34689.357: [ParNew: 2354525K->82646K(2534400K), 0.0634610 secs] 7148683K->4877647K(10982400K), 0.0646580 secs] [Times: user=0.51 sys=0.00, real=0.07 secs] 
34690.992: [GC 34690.993: [ParNew: 2335446K->58875K(2534400K), 0.0749780 secs] 7130447K->4867096K(10982400K), 0.0761500 secs] [Times: user=0.58 sys=0.01, real=0.07 secs] 
34692.571: [GC 34692.572: [ParNew: 2311675K->44909K(2534400K), 0.0501150 secs] 7119896K->4854196K(10982400K), 0.0512940 secs] [Times: user=0.46 sys=0.00, real=0.06 secs] 
34694.031: [GC 34694.032: [ParNew: 2297709K->44854K(2534400K), 0.0667830 secs] 7106996K->4855048K(10982400K), 0.0681600 secs] [Times: user=0.49 sys=0.00, real=0.07 secs] 
34695.762: [GC 34695.763: [ParNew: 2297654K->59663K(2534400K), 0.0537620 secs] 7107848K->4870771K(10982400K), 0.0549390 secs] [Times: user=0.46 sys=0.00, real=0.05 secs] 
34697.760: [GC 34697.760: [ParNew: 2312463K->89312K(2534400K), 0.0624930 secs] 7123571K->4901622K(10982400K), 0.0636890 secs] [Times: user=0.66 sys=0.00, real=0.07 secs] 
34699.596: [GC 34699.597: [ParNew: 2342112K->67090K(2534400K), 0.0571750 secs] 7154422K->4884751K(10982400K), 0.0583520 secs] [Times: user=0.44 sys=0.00, real=0.06 secs] 
34701.648: [GC 34701.649: [ParNew: 2319890K->44125K(2534400K), 0.0567560 secs] 7137551K->4862720K(10982400K), 0.0579420 secs] [Times: user=0.51 sys=0.01, real=0.06 secs] 
34703.714: [GC 34703.715: [ParNew: 2296931K->83661K(2534400K), 0.0601050 secs] 7115526K->4904885K(10982400K), 0.0611000 secs] [Times: user=0.58 sys=0.01, real=0.06 secs] 
34703.779: [GC 34703.779: [ParNew: 85438K->99379K(2534400K), 0.0274020 secs] 4906662K->4925133K(10982400K), 0.0281440 secs] [Times: user=0.51 sys=0.00, real=0.03 secs] 
34704.648: [GC 34704.648: [ParNew: 2352179K->90804K(2534400K), 0.0439450 secs] 7177933K->4918036K(10982400K), 0.0449580 secs] [Times: user=0.58 sys=0.00, real=0.05 secs] 
34705.608: [GC 34705.608: [ParNew: 2343604K->70061K(2534400K), 0.0393370 secs] 7170836K->4898753K(10982400K), 0.0403540 secs] [Times: user=0.41 sys=0.00, real=0.04 secs] 
34707.428: [GC 34707.429: [ParNew: 2322861K->46178K(2534400K), 0.0522430 secs] 7151553K->4876532K(10982400K), 0.0534400 secs] [Times: user=0.40 sys=0.00, real=0.05 secs] 
34708.832: [GC 34708.832: [ParNew: 2298978K->41596K(2534400K), 0.0426220 secs] 7129332K->4871949K(10982400K), 0.0437890 secs] [Times: user=0.44 sys=0.00, real=0.05 secs] 
34710.270: [GC 34710.271: [ParNew: 2294396K->39277K(2534400K), 0.0417950 secs] 7124749K->4870379K(10982400K), 0.0429590 secs] [Times: user=0.41 sys=0.00, real=0.04 secs] 
34712.168: [GC 34712.168: [ParNew: 2292077K->38400K(2534400K), 0.0535500 secs] 7123179K->4870211K(10982400K), 0.0547250 secs] [Times: user=0.45 sys=0.00, real=0.05 secs] 
34713.552: [GC 34713.552: [ParNew: 2291200K->35316K(2534400K), 0.0453950 secs] 7123011K->4868380K(10982400K), 0.0464070 secs] [Times: user=0.39 sys=0.00, real=0.05 secs] 
34714.765: [GC 34714.766: [ParNew: 2288116K->79211K(2534400K), 0.0486480 secs] 7121180K->4913149K(10982400K), 0.0498450 secs] [Times: user=0.57 sys=0.00, real=0.05 secs] 
34716.690: [GC 34716.690: [ParNew: 2332020K->63323K(2534400K), 0.0494770 secs] 7165958K->4898027K(10982400K), 0.0504810 secs] [Times: user=0.43 sys=0.00, real=0.05 secs] 
34716.744: [GC 34716.745: [ParNew: 63595K->37418K(2534400K), 0.0235720 secs] 4898299K->4875247K(10982400K), 0.0243040 secs] [Times: user=0.40 sys=0.01, real=0.03 secs] 
34718.384: [GC 34718.385: [ParNew: 2290218K->73093K(2534400K), 0.0544230 secs] 7128047K->4911602K(10982400K), 0.0554400 secs] [Times: user=0.64 sys=0.01, real=0.06 secs] 
34719.861: [GC 34719.861: [ParNew: 2325893K->94762K(2534400K), 0.0487800 secs] 7164402K->4934794K(10982400K), 0.0497980 secs] [Times: user=0.56 sys=0.01, real=0.05 secs] 
34721.429: [GC 34721.430: [ParNew: 2347562K->71519K(2534400K), 0.0475990 secs] 7187594K->4913120K(10982400K), 0.0487730 secs] [Times: user=0.43 sys=0.00, real=0.05 secs] 
34723.126: [GC 34723.127: [ParNew: 2324319K->50269K(2534400K), 0.0521320 secs] 7165920K->4891870K(10982400K), 0.0532950 secs] [Times: user=0.53 sys=0.00, real=0.05 secs] 
34724.384: [GC 34724.384: [ParNew: 2303069K->65977K(2534400K), 0.0455550 secs] 7144670K->4909505K(10982400K), 0.0467020 secs] [Times: user=0.50 sys=0.01, real=0.05 secs] 
34726.263: [GC 34726.264: [ParNew: 2318777K->60842K(2534400K), 0.0661100 secs] 7162305K->4916114K(10982400K), 0.0673100 secs] [Times: user=0.50 sys=0.00, real=0.07 secs] 
34727.747: [GC 34727.748: [ParNew: 2313642K->43451K(2534400K), 0.0469570 secs] 7168914K->4900650K(10982400K), 0.0481320 secs] [Times: user=0.41 sys=0.00, real=0.04 secs] 
34729.117: [GC 34729.118: [ParNew: 2296251K->58474K(2534400K), 0.0460210 secs] 7153450K->4916546K(10982400K), 0.0472010 secs] [Times: user=0.45 sys=0.00, real=0.04 secs] 
34731.285: [GC 34731.285: [ParNew: 2311274K->46681K(2534400K), 0.0583800 secs] 7169346K->4906644K(10982400K), 0.0595690 secs] [Times: user=0.46 sys=0.00, real=0.06 secs] 
34733.410: [GC 34733.411: [ParNew: 2299481K->30960K(2534400K), 0.0567300 secs] 7159444K->4892992K(10982400K), 0.0579280 secs] [Times: user=0.43 sys=0.01, real=0.06 secs] 
34735.252: [GC 34735.253: [ParNew: 2283760K->28874K(2534400K), 0.0544280 secs] 7145792K->4891752K(10982400K), 0.0556090 secs] [Times: user=0.45 sys=0.00, real=0.06 secs] 
34737.003: [GC 34737.004: [ParNew: 2281674K->38216K(2534400K), 0.0544760 secs] 7144552K->4902037K(10982400K), 0.0556330 secs] [Times: user=0.44 sys=0.01, real=0.06 secs] 
34738.239: [GC 34738.240: [ParNew: 2291016K->37686K(2534400K), 0.0465630 secs] 7154837K->4902380K(10982400K), 0.0476230 secs] [Times: user=0.46 sys=0.00, real=0.04 secs] 
34740.048: [GC 34740.048: [ParNew: 2290486K->43411K(2534400K), 0.0526110 secs] 7155180K->4908958K(10982400K), 0.0537800 secs] [Times: user=0.47 sys=0.00, real=0.06 secs] 
34741.641: [GC 34741.641: [ParNew: 2296211K->62502K(2534400K), 0.0418070 secs] 7161758K->4929644K(10982400K), 0.0429770 secs] [Times: user=0.46 sys=0.00, real=0.04 secs] 
34743.281: [GC 34743.282: [ParNew: 2315302K->84120K(2534400K), 0.0483750 secs] 7182444K->4953096K(10982400K), 0.0493850 secs] [Times: user=0.54 sys=0.00, real=0.05 secs] 
34744.901: [GC 34744.902: [ParNew: 2336920K->118187K(2534400K), 0.0521300 secs] 7205896K->4987917K(10982400K), 0.0531330 secs] [Times: user=0.62 sys=0.01, real=0.05 secs] 
34746.567: [GC 34746.568: [ParNew: 2370987K->84916K(2534400K), 0.0509730 secs] 7240717K->4957501K(10982400K), 0.0521370 secs] [Times: user=0.40 sys=0.00, real=0.06 secs] 
34748.678: [GC 34748.678: [ParNew: 2337716K->44168K(2534400K), 0.0624290 secs] 7210301K->4921527K(10982400K), 0.0635790 secs] [Times: user=0.46 sys=0.00, real=0.07 secs] 
34750.439: [GC 34750.440: [ParNew: 2296968K->60259K(2534400K), 0.0571600 secs] 7174327K->4940319K(10982400K), 0.0583580 secs] [Times: user=0.55 sys=0.00, real=0.06 secs] 
34751.922: [GC 34751.923: [ParNew: 2313059K->57346K(2534400K), 0.0554850 secs] 7193119K->4939739K(10982400K), 0.0566800 secs] [Times: user=0.54 sys=0.00, real=0.05 secs] 
34753.865: [GC 34753.866: [ParNew: 2310146K->61253K(2534400K), 0.0584380 secs] 7192539K->4946548K(10982400K), 0.0595830 secs] [Times: user=0.55 sys=0.00, real=0.06 secs] 
34755.554: [GC 34755.555: [ParNew: 2314053K->48797K(2534400K), 0.0524090 secs] 7199348K->4935437K(10982400K), 0.0534370 secs] [Times: user=0.47 sys=0.00, real=0.05 secs] 
34757.754: [GC 34757.755: [ParNew: 2301597K->34175K(2534400K), 0.0513790 secs] 7188237K->4921810K(10982400K), 0.0524340 secs] [Times: user=0.41 sys=0.01, real=0.05 secs] 
34759.065: [GC 34759.066: [ParNew: 2286975K->119675K(2534400K), 0.0502730 secs] 7174610K->5009211K(10982400K), 0.0512640 secs] [Times: user=0.68 sys=0.00, real=0.05 secs] 
34760.405: [GC 34760.406: [ParNew: 2372475K->91233K(2534400K), 0.0533030 secs] 7262011K->4981465K(10982400K), 0.0543260 secs] [Times: user=0.50 sys=0.00, real=0.05 secs] 
34762.747: [GC 34762.748: [ParNew: 2344033K->58030K(2534400K), 0.0607480 secs] 7234265K->4949419K(10982400K), 0.0619140 secs] [Times: user=0.55 sys=0.01, real=0.06 secs] 
34764.328: [GC 34764.329: [ParNew: 2310830K->41340K(2534400K), 0.0487560 secs] 7202219K->4933419K(10982400K), 0.0499410 secs] [Times: user=0.42 sys=0.01, real=0.05 secs] 
34766.071: [GC 34766.072: [ParNew: 2294140K->55430K(2534400K), 0.0500090 secs] 7186219K->4948111K(10982400K), 0.0511880 secs] [Times: user=0.45 sys=0.00, real=0.05 secs] 
34767.930: [GC 34767.931: [ParNew: 2308230K->42002K(2534400K), 0.0482880 secs] 7200911K->4935720K(10982400K), 0.0492970 secs] [Times: user=0.42 sys=0.00, real=0.05 secs] 
34769.646: [GC 34769.647: [ParNew: 2294802K->98826K(2534400K), 0.0580510 secs] 7188520K->4993711K(10982400K), 0.0592850 secs] [Times: user=0.68 sys=0.01, real=0.06 secs] 
34771.208: [GC 34771.209: [ParNew: 2351626K->76833K(2534400K), 0.0522250 secs] 7246511K->4974444K(10982400K), 0.0533970 secs] [Times: user=0.46 sys=0.01, real=0.05 secs] 
34773.057: [GC 34773.058: [ParNew: 2329633K->43286K(2534400K), 0.0579670 secs] 7227244K->4942780K(10982400K), 0.0591320 secs] [Times: user=0.48 sys=0.00, real=0.06 secs] 
34775.033: [GC 34775.033: [ParNew: 2296086K->52395K(2534400K), 0.0559350 secs] 7195580K->4952798K(10982400K), 0.0569560 secs] [Times: user=0.48 sys=0.00, real=0.06 secs] 
34776.716: [GC 34776.717: [ParNew: 2305195K->70217K(2534400K), 0.0564710 secs] 7205598K->4971789K(10982400K), 0.0575020 secs] [Times: user=0.62 sys=0.00, real=0.06 secs] 
34778.316: [GC 34778.317: [ParNew: 2323017K->64051K(2534400K), 0.0502630 secs] 7224589K->4968053K(10982400K), 0.0514350 secs] [Times: user=0.44 sys=0.01, real=0.05 secs] 
34780.381: [GC 34780.382: [ParNew: 2316851K->61404K(2534400K), 0.0519110 secs] 7220853K->4966248K(10982400K), 0.0530430 secs] [Times: user=0.46 sys=0.00, real=0.06 secs] 
34782.377: [GC 34782.378: [ParNew: 2314204K->57307K(2534400K), 0.0545360 secs] 7219048K->4963898K(10982400K), 0.0557290 secs] [Times: user=0.42 sys=0.01, real=0.05 secs] 
34784.199: [GC 34784.200: [ParNew: 2310107K->78634K(2534400K), 0.0602030 secs] 7216698K->4986528K(10982400K), 0.0613770 secs] [Times: user=0.51 sys=0.01, real=0.06 secs] 
34785.988: [GC 34785.988: [ParNew: 2331434K->113539K(2534400K), 0.0671740 secs] 7239328K->5029389K(10982400K), 0.0683550 secs] [Times: user=0.73 sys=0.00, real=0.07 secs] 
34788.204: [GC 34788.205: [ParNew: 2366339K->81686K(2534400K), 0.0594560 secs] 7282189K->5002038K(10982400K), 0.0606360 secs] [Times: user=0.46 sys=0.01, real=0.06 secs] 
34790.146: [GC 34790.147: [ParNew: 2334486K->49407K(2534400K), 0.0690050 secs] 7254838K->4971043K(10982400K), 0.0701800 secs] [Times: user=0.45 sys=0.00, real=0.07 secs] 
34792.025: [GC 34792.025: [ParNew: 2302207K->47733K(2534400K), 0.0612550 secs] 7223843K->4971094K(10982400K), 0.0624350 secs] [Times: user=0.39 sys=0.01, real=0.07 secs] 
34793.781: [GC 34793.781: [ParNew: 2300533K->41500K(2534400K), 0.0535100 secs] 7223894K->4965837K(10982400K), 0.0546800 secs] [Times: user=0.48 sys=0.00, real=0.05 secs] 
34795.343: [GC 34795.344: [ParNew: 2294300K->36151K(2534400K), 0.0533530 secs] 7218637K->4961524K(10982400K), 0.0544920 secs] [Times: user=0.49 sys=0.00, real=0.06 secs] 
34796.793: [GC 34796.794: [ParNew: 2288951K->41056K(2534400K), 0.0514030 secs] 7214324K->4967797K(10982400K), 0.0524250 secs] [Times: user=0.51 sys=0.00, real=0.05 secs] 
34798.157: [GC 34798.158: [ParNew: 2293856K->49961K(2534400K), 0.0524220 secs] 7220597K->4977405K(10982400K), 0.0534260 secs] [Times: user=0.52 sys=0.00, real=0.06 secs] 
34799.562: [GC 34799.563: [ParNew: 2302768K->40186K(2534400K), 0.0445280 secs] 7230212K->4969140K(10982400K), 0.0455250 secs] [Times: user=0.39 sys=0.01, real=0.05 secs] 
34799.613: [GC 34799.613: [ParNew: 41775K->40486K(2534400K), 0.0236080 secs] 4970729K->4970633K(10982400K), 0.0243470 secs] [Times: user=0.47 sys=0.00, real=0.02 secs] 
34801.601: [GC 34801.601: [ParNew: 2293286K->43839K(2534400K), 0.0501880 secs] 7223433K->4975105K(10982400K), 0.0513780 secs] [Times: user=0.40 sys=0.00, real=0.05 secs] 
34803.186: [GC 34803.187: [ParNew: 2296639K->90367K(2534400K), 0.0530160 secs] 7227905K->5023163K(10982400K), 0.0541780 secs] [Times: user=0.61 sys=0.00, real=0.06 secs] 
34804.981: [GC 34804.982: [ParNew: 2343167K->68894K(2534400K), 0.0526600 secs] 7275963K->5003222K(10982400K), 0.0538390 secs] [Times: user=0.40 sys=0.00, real=0.05 secs] 
34807.151: [GC 34807.152: [ParNew: 2321688K->76520K(2534400K), 0.0599650 secs] 7256015K->5010848K(10982400K), 0.0609930 secs] [Times: user=0.64 sys=0.01, real=0.06 secs] 
34809.092: [GC 34809.093: [ParNew: 2329320K->56861K(2534400K), 0.0535020 secs] 7263648K->4992113K(10982400K), 0.0545150 secs] [Times: user=0.51 sys=0.00, real=0.05 secs] 
34811.125: [GC 34811.126: [ParNew: 2309661K->53545K(2534400K), 0.0616500 secs] 7244913K->4991597K(10982400K), 0.0626930 secs] [Times: user=0.51 sys=0.00, real=0.06 secs] 
34813.085: [GC 34813.086: [ParNew: 2306345K->69502K(2534400K), 0.0571070 secs] 7244397K->5011588K(10982400K), 0.0581340 secs] [Times: user=0.56 sys=0.00, real=0.06 secs] 
34814.969: [GC 34814.970: [ParNew: 2322302K->86731K(2534400K), 0.0566150 secs] 7264388K->5030349K(10982400K), 0.0577740 secs] [Times: user=0.50 sys=0.00, real=0.06 secs] 
34817.163: [GC 34817.164: [ParNew: 2339531K->60550K(2534400K), 0.0594350 secs] 7283149K->5005131K(10982400K), 0.0606190 secs] [Times: user=0.42 sys=0.00, real=0.06 secs] 
34819.091: [GC 34819.091: [ParNew: 2313350K->42350K(2534400K), 0.0566480 secs] 7257931K->4988139K(10982400K), 0.0578160 secs] [Times: user=0.50 sys=0.01, real=0.06 secs] 
34821.208: [GC 34821.208: [ParNew: 2295150K->35716K(2534400K), 0.0520170 secs] 7240939K->4982725K(10982400K), 0.0531980 secs] [Times: user=0.39 sys=0.00, real=0.06 secs] 
34823.530: [GC 34823.531: [ParNew: 2288516K->35361K(2534400K), 0.0609230 secs] 7235525K->4983576K(10982400K), 0.0621010 secs] [Times: user=0.44 sys=0.01, real=0.07 secs] 
34825.421: [GC 34825.421: [ParNew: 2288161K->46894K(2534400K), 0.0531650 secs] 7236376K->4996238K(10982400K), 0.0543590 secs] [Times: user=0.46 sys=0.01, real=0.06 secs] 
34827.227: [GC 34827.228: [ParNew: 2299694K->76160K(2534400K), 0.0562370 secs] 7249038K->5026717K(10982400K), 0.0574130 secs] [Times: user=0.55 sys=0.00, real=0.06 secs] 
34828.752: [GC 34828.753: [ParNew: 2328960K->56221K(2534400K), 0.0503630 secs] 7279517K->5007531K(10982400K), 0.0515050 secs] [Times: user=0.42 sys=0.00, real=0.05 secs] 
34830.711: [GC 34830.712: [ParNew: 2309021K->95454K(2534400K), 0.0597460 secs] 7260331K->5047668K(10982400K), 0.0608490 secs] [Times: user=0.62 sys=0.00, real=0.06 secs] 
34831.855: [GC 34831.855: [ParNew: 2348254K->71293K(2534400K), 0.0449450 secs] 7300468K->5024514K(10982400K), 0.0461010 secs] [Times: user=0.45 sys=0.00, real=0.04 secs] 
34833.664: [GC 34833.664: [ParNew: 2324093K->64531K(2534400K), 0.0565650 secs] 7277314K->5022297K(10982400K), 0.0577080 secs] [Times: user=0.51 sys=0.00, real=0.05 secs] 
34835.326: [GC 34835.327: [ParNew: 2317331K->93977K(2534400K), 0.0750540 secs] 7275097K->5052462K(10982400K), 0.0762510 secs] [Times: user=0.57 sys=0.01, real=0.08 secs] 
34837.155: [GC 34837.156: [ParNew: 2346777K->79515K(2534400K), 0.0684910 secs] 7305262K->5042225K(10982400K), 0.0695020 secs] [Times: user=0.66 sys=0.00, real=0.07 secs] 
34839.160: [GC 34839.161: [ParNew: 2332315K->67327K(2534400K), 0.0659620 secs] 7295025K->5033754K(10982400K), 0.0671750 secs] [Times: user=0.47 sys=0.00, real=0.07 secs] 
34841.062: [GC 34841.062: [ParNew: 2320127K->53417K(2534400K), 0.0589110 secs] 7286554K->5026160K(10982400K), 0.0599340 secs] [Times: user=0.50 sys=0.00, real=0.06 secs] 
34842.658: [GC 34842.659: [ParNew: 2306217K->70780K(2534400K), 0.0593690 secs] 7278960K->5050281K(10982400K), 0.0604000 secs] [Times: user=0.64 sys=0.00, real=0.06 secs] 
34845.002: [GC 34845.003: [ParNew: 2323580K->68061K(2534400K), 0.0568710 secs] 7303081K->5049851K(10982400K), 0.0578900 secs] [Times: user=0.55 sys=0.00, real=0.06 secs] 
34847.039: [GC 34847.040: [ParNew: 2320861K->52520K(2534400K), 0.0542530 secs] 7302651K->5036081K(10982400K), 0.0555240 secs] [Times: user=0.45 sys=0.01, real=0.06 secs] 
34849.150: [GC 34849.150: [ParNew: 2305320K->45716K(2534400K), 0.0552640 secs] 7288881K->5030194K(10982400K), 0.0562810 secs] [Times: user=0.48 sys=0.00, real=0.06 secs] 
34851.303: [GC 34851.304: [ParNew: 2298516K->41880K(2534400K), 0.0558110 secs] 7282994K->5027470K(10982400K), 0.0568280 secs] [Times: user=0.49 sys=0.00, real=0.06 secs] 
34853.338: [GC 34853.338: [ParNew: 2294680K->38370K(2534400K), 0.0476050 secs] 7280270K->5025147K(10982400K), 0.0486210 secs] [Times: user=0.40 sys=0.00, real=0.05 secs] 
34855.074: [GC 34855.075: [ParNew: 2291170K->35290K(2534400K), 0.0585090 secs] 7277947K->5027068K(10982400K), 0.0595910 secs] [Times: user=0.46 sys=0.01, real=0.06 secs] 
34856.604: [GC 34856.605: [ParNew: 2288090K->60909K(2534400K), 0.0488960 secs] 7279868K->5053792K(10982400K), 0.0499990 secs] [Times: user=0.47 sys=0.00, real=0.05 secs] 
34857.680: [GC 34857.681: [ParNew: 2313709K->46067K(2534400K), 0.0444160 secs] 7306592K->5039929K(10982400K), 0.0454340 secs] [Times: user=0.45 sys=0.00, real=0.04 secs] 
34859.391: [GC 34859.391: [ParNew: 2298867K->44629K(2534400K), 0.0525230 secs] 7292729K->5038981K(10982400K), 0.0537030 secs] [Times: user=0.51 sys=0.01, real=0.05 secs] 
34861.025: [GC 34861.026: [ParNew: 2297429K->45017K(2534400K), 0.0489160 secs] 7291781K->5040632K(10982400K), 0.0500920 secs] [Times: user=0.41 sys=0.00, real=0.05 secs] 
34862.440: [GC 34862.441: [ParNew: 2297817K->52980K(2534400K), 0.0469340 secs] 7293432K->5049274K(10982400K), 0.0481080 secs] [Times: user=0.50 sys=0.00, real=0.05 secs] 
34863.824: [GC 34863.824: [ParNew: 2305780K->43884K(2534400K), 0.0490550 secs] 7302074K->5041325K(10982400K), 0.0501650 secs] [Times: user=0.51 sys=0.00, real=0.05 secs] 
34865.267: [GC 34865.268: [ParNew: 2296684K->46088K(2534400K), 0.0485570 secs] 7294125K->5044932K(10982400K), 0.0496440 secs] [Times: user=0.49 sys=0.01, real=0.05 secs] 
34866.803: [GC 34866.804: [ParNew: 2298888K->34967K(2534400K), 0.0497660 secs] 7297732K->5035018K(10982400K), 0.0509510 secs] [Times: user=0.44 sys=0.00, real=0.05 secs] 
34868.496: [GC 34868.496: [ParNew: 2287767K->58342K(2534400K), 0.0506490 secs] 7287818K->5059169K(10982400K), 0.0515650 secs] [Times: user=0.50 sys=0.00, real=0.05 secs] 
34869.891: [GC 34869.891: [ParNew: 2311142K->45066K(2534400K), 0.0452440 secs] 7311969K->5047280K(10982400K), 0.0462000 secs] [Times: user=0.43 sys=0.00, real=0.04 secs] 
34871.487: [GC 34871.488: [ParNew: 2297866K->31382K(2534400K), 0.0490330 secs] 7300080K->5034431K(10982400K), 0.0499500 secs] [Times: user=0.43 sys=0.00, real=0.05 secs] 
34873.255: [GC 34873.256: [ParNew: 2284182K->38535K(2534400K), 0.0475740 secs] 7287231K->5042693K(10982400K), 0.0485060 secs] [Times: user=0.40 sys=0.01, real=0.05 secs] 
34875.139: [GC 34875.139: [ParNew: 2291335K->34524K(2534400K), 0.0580270 secs] 7295493K->5039924K(10982400K), 0.0592130 secs] [Times: user=0.48 sys=0.01, real=0.05 secs] 
34877.203: [GC 34877.203: [ParNew: 2287324K->50147K(2534400K), 0.0575840 secs] 7292724K->5056421K(10982400K), 0.0587760 secs] [Times: user=0.51 sys=0.00, real=0.06 secs] 
34878.738: [GC 34878.739: [ParNew: 2302947K->74229K(2534400K), 0.0513240 secs] 7309221K->5081381K(10982400K), 0.0524710 secs] [Times: user=0.54 sys=0.00, real=0.06 secs] 
34880.727: [GC 34880.727: [ParNew: 2327029K->58866K(2534400K), 0.0621170 secs] 7334181K->5066649K(10982400K), 0.0632740 secs] [Times: user=0.55 sys=0.00, real=0.07 secs] 
34882.358: [GC 34882.359: [ParNew: 2311666K->37440K(2534400K), 0.0482320 secs] 7319449K->5046929K(10982400K), 0.0494020 secs] [Times: user=0.39 sys=0.00, real=0.05 secs] 
34884.034: [GC 34884.035: [ParNew: 2290240K->63984K(2534400K), 0.0499530 secs] 7299729K->5074512K(10982400K), 0.0511320 secs] [Times: user=0.46 sys=0.00, real=0.05 secs] 
34886.068: [GC 34886.069: [ParNew: 2316784K->61880K(2534400K), 0.0544340 secs] 7327312K->5073449K(10982400K), 0.0554630 secs] [Times: user=0.51 sys=0.00, real=0.06 secs] 
34888.485: [GC 34888.486: [ParNew: 2314680K->52516K(2534400K), 0.0598550 secs] 7326249K->5066444K(10982400K), 0.0608790 secs] [Times: user=0.48 sys=0.01, real=0.06 secs] 
34890.258: [GC 34890.259: [ParNew: 2305316K->37134K(2534400K), 0.0525790 secs] 7319244K->5051693K(10982400K), 0.0536820 secs] [Times: user=0.44 sys=0.00, real=0.06 secs] 
34892.633: [GC 34892.633: [ParNew: 2289934K->37388K(2534400K), 0.0576710 secs] 7304493K->5053818K(10982400K), 0.0586960 secs] [Times: user=0.52 sys=0.00, real=0.06 secs] 
34894.855: [GC 34894.856: [ParNew: 2290188K->37522K(2534400K), 0.0542610 secs] 7306618K->5055502K(10982400K), 0.0552810 secs] [Times: user=0.42 sys=0.01, real=0.05 secs] 
34896.909: [GC 34896.910: [ParNew: 2290322K->59753K(2534400K), 0.0626220 secs] 7308302K->5078713K(10982400K), 0.0636490 secs] [Times: user=0.59 sys=0.01, real=0.07 secs] 
34898.855: [GC 34898.856: [ParNew: 2312553K->59155K(2534400K), 0.0665810 secs] 7331513K->5079476K(10982400K), 0.0675910 secs] [Times: user=0.53 sys=0.00, real=0.07 secs] 
34901.036: [GC 34901.037: [ParNew: 2311955K->58728K(2534400K), 0.0527100 secs] 7332276K->5080012K(10982400K), 0.0539380 secs] [Times: user=0.44 sys=0.01, real=0.05 secs] 
34903.329: [GC 34903.330: [ParNew: 2311528K->52134K(2534400K), 0.0572090 secs] 7332812K->5074147K(10982400K), 0.0582600 secs] [Times: user=0.48 sys=0.01, real=0.06 secs] 
34905.651: [GC 34905.651: [ParNew: 2304934K->84789K(2534400K), 0.0781880 secs] 7326947K->5108645K(10982400K), 0.0792240 secs] [Times: user=0.54 sys=0.00, real=0.08 secs] 
34907.623: [GC 34907.624: [ParNew: 2337602K->58661K(2534400K), 0.0527860 secs] 7361457K->5084008K(10982400K), 0.0537890 secs] [Times: user=0.48 sys=0.00, real=0.06 secs] 
34909.427: [GC 34909.428: [ParNew: 2311461K->47279K(2534400K), 0.0554540 secs] 7336808K->5074687K(10982400K), 0.0566450 secs] [Times: user=0.46 sys=0.01, real=0.06 secs] 
34911.397: [GC 34911.398: [ParNew: 2300079K->60925K(2534400K), 0.0567010 secs] 7327487K->5089632K(10982400K), 0.0579010 secs] [Times: user=0.53 sys=0.00, real=0.06 secs] 
34913.562: [GC 34913.562: [ParNew: 2313725K->50669K(2534400K), 0.0604040 secs] 7342432K->5082975K(10982400K), 0.0615920 secs] [Times: user=0.49 sys=0.00, real=0.06 secs] 
34915.284: [GC 34915.285: [ParNew: 2303469K->44367K(2534400K), 0.0577850 secs] 7335775K->5079135K(10982400K), 0.0589470 secs] [Times: user=0.50 sys=0.01, real=0.06 secs] 
34917.129: [GC 34917.130: [ParNew: 2297167K->90691K(2534400K), 0.0709670 secs] 7331935K->5126270K(10982400K), 0.0721600 secs] [Times: user=0.64 sys=0.00, real=0.07 secs] 
34918.592: [GC 34918.592: [ParNew: 2343491K->71620K(2534400K), 0.0574180 secs] 7379070K->5108701K(10982400K), 0.0584440 secs] [Times: user=0.53 sys=0.00, real=0.06 secs] 
34920.264: [GC 34920.264: [ParNew: 2324420K->107370K(2534400K), 0.0713690 secs] 7361501K->5148006K(10982400K), 0.0724020 secs] [Times: user=0.57 sys=0.00, real=0.08 secs] 
34922.229: [GC 34922.230: [ParNew: 2360170K->82853K(2534400K), 0.0721680 secs] 7400806K->5131521K(10982400K), 0.0731900 secs] [Times: user=0.48 sys=0.00, real=0.07 secs] 
34923.855: [GC 34923.855: [ParNew: 2335653K->60495K(2534400K), 0.0582940 secs] 7384321K->5112254K(10982400K), 0.0593170 secs] [Times: user=0.49 sys=0.00, real=0.06 secs] 
34925.415: [GC 34925.416: [ParNew: 2313295K->63009K(2534400K), 0.0540910 secs] 7365054K->5115689K(10982400K), 0.0553140 secs] [Times: user=0.53 sys=0.00, real=0.06 secs] 
34927.094: [GC 34927.094: [ParNew: 2315809K->71881K(2534400K), 0.0716250 secs] 7368489K->5128647K(10982400K), 0.0728130 secs] [Times: user=0.59 sys=0.00, real=0.08 secs] 
34928.763: [GC 34928.763: [ParNew: 2324681K->81427K(2534400K), 0.0669520 secs] 7381447K->5138691K(10982400K), 0.0681300 secs] [Times: user=0.48 sys=0.00, real=0.07 secs] 
34929.925: [GC 34929.926: [ParNew: 2334227K->70182K(2534400K), 0.0614440 secs] 7391491K->5128300K(10982400K), 0.0626110 secs] [Times: user=0.55 sys=0.01, real=0.07 secs] 
34931.492: [GC 34931.493: [ParNew: 2322982K->65706K(2534400K), 0.0621810 secs] 7381100K->5125297K(10982400K), 0.0633750 secs] [Times: user=0.53 sys=0.00, real=0.06 secs] 
34932.959: [GC 34932.959: [ParNew: 2318506K->50839K(2534400K), 0.0557800 secs] 7378097K->5112364K(10982400K), 0.0568620 secs] [Times: user=0.43 sys=0.00, real=0.05 secs] 
34933.903: [GC 34933.904: [ParNew: 2303639K->36445K(2534400K), 0.0506430 secs] 7365164K->5099087K(10982400K), 0.0518240 secs] [Times: user=0.44 sys=0.00, real=0.05 secs] 
34934.633: [GC 34934.633: [ParNew: 2289245K->29195K(2534400K), 0.0430140 secs] 7351887K->5093585K(10982400K), 0.0441570 secs] [Times: user=0.39 sys=0.00, real=0.04 secs] 
34935.477: [GC 34935.478: [ParNew: 2281995K->37811K(2534400K), 0.0547050 secs] 7346385K->5103793K(10982400K), 0.0559060 secs] [Times: user=0.46 sys=0.00, real=0.06 secs] 
34936.819: [GC 34936.820: [ParNew: 2290611K->71116K(2534400K), 0.0639680 secs] 7356593K->5138274K(10982400K), 0.0653960 secs] [Times: user=0.64 sys=0.00, real=0.06 secs] 
34938.614: [GC 34938.615: [ParNew: 2323916K->71473K(2534400K), 0.0512960 secs] 7391074K->5139327K(10982400K), 0.0524620 secs] [Times: user=0.48 sys=0.01, real=0.05 secs] 
34940.369: [GC 34940.370: [ParNew: 2324273K->51798K(2534400K), 0.0542260 secs] 7392127K->5120112K(10982400K), 0.0554120 secs] [Times: user=0.47 sys=0.01, real=0.05 secs] 
34942.227: [GC 34942.227: [ParNew: 2304598K->34783K(2534400K), 0.0546740 secs] 7372912K->5103985K(10982400K), 0.0558600 secs] [Times: user=0.44 sys=0.00, real=0.06 secs] 
34942.287: [GC [1 CMS-initial-mark: 5069201K(8448000K)] 5104108K(10982400K), 0.0689940 secs] [Times: user=0.07 sys=0.00, real=0.07 secs] 
34944.490: [GC 34944.490: [ParNew: 2287583K->35668K(2534400K), 0.0574740 secs] 7356785K->5106761K(10982400K), 0.0586460 secs] [Times: user=0.43 sys=0.01, real=0.05 secs] 
34945.560: [GC[YG occupancy: 1452798 K (2534400 K)]34945.560: [Rescan (parallel) , 0.3643570 secs]34945.925: [weak refs processing, 0.0546450 secs] [1 CMS-remark: 5071093K(8448000K)] 6523891K(10982400K), 0.4206810 secs] [Times: user=7.51 sys=0.03, real=0.42 secs] 
34946.301: [GC 34946.302: [ParNew: 2288468K->58561K(2534400K), 0.0516870 secs] 7337984K->5109148K(10982400K), 0.0528660 secs] [Times: user=0.49 sys=0.00, real=0.05 secs] 
34947.951: [GC 34947.952: [ParNew: 2311361K->45907K(2534400K), 0.0485620 secs] 7230685K->4966309K(10982400K), 0.0496370 secs] [Times: user=0.43 sys=0.00, real=0.05 secs] 
34949.493: [GC 34949.494: [ParNew: 2298707K->77002K(2534400K), 0.0487310 secs] 7072380K->4851837K(10982400K), 0.0499160 secs] [Times: user=0.56 sys=0.01, real=0.05 secs] 
34951.509: [GC 34951.510: [ParNew: 2329802K->63248K(2534400K), 0.0544440 secs] 6773347K->4507695K(10982400K), 0.0556490 secs] [Times: user=0.43 sys=0.00, real=0.06 secs] 
34953.574: [GC 34953.575: [ParNew: 2316048K->45913K(2534400K), 0.0525630 secs] 6760495K->4493238K(10982400K), 0.0537600 secs] [Times: user=0.46 sys=0.01, real=0.05 secs] 
34955.261: [GC 34955.262: [ParNew: 2298713K->67452K(2534400K), 0.0563520 secs] 6746038K->4516575K(10982400K), 0.0573750 secs] [Times: user=0.64 sys=0.00, real=0.05 secs] 
34956.717: [GC 34956.717: [ParNew: 2320252K->83266K(2534400K), 0.0553870 secs] 6769375K->4536344K(10982400K), 0.0564230 secs] [Times: user=0.62 sys=0.01, real=0.06 secs] 
34958.030: [GC 34958.030: [ParNew: 2336066K->55263K(2534400K), 0.0453720 secs] 6789144K->4509647K(10982400K), 0.0465230 secs] [Times: user=0.41 sys=0.00, real=0.05 secs] 
34959.756: [GC 34959.756: [ParNew: 2308063K->39279K(2534400K), 0.0457830 secs] 6762447K->4494739K(10982400K), 0.0468010 secs] [Times: user=0.48 sys=0.00, real=0.05 secs] 
34962.121: [GC 34962.121: [ParNew: 2292079K->42553K(2534400K), 0.0587300 secs] 6747539K->4499172K(10982400K), 0.0597580 secs] [Times: user=0.50 sys=0.00, real=0.06 secs] 
34963.688: [GC 34963.688: [ParNew: 2295353K->37516K(2534400K), 0.0512230 secs] 6751972K->4496172K(10982400K), 0.0524070 secs] [Times: user=0.47 sys=0.01, real=0.05 secs] 
34965.869: [GC 34965.870: [ParNew: 2290316K->59935K(2534400K), 0.0556940 secs] 6748972K->4519240K(10982400K), 0.0567170 secs] [Times: user=0.45 sys=0.01, real=0.06 secs] 
34967.967: [GC 34967.968: [ParNew: 2312735K->55699K(2534400K), 0.0582380 secs] 6772040K->4518836K(10982400K), 0.0594400 secs] [Times: user=0.51 sys=0.00, real=0.06 secs] 
34970.378: [GC 34970.379: [ParNew: 2308499K->54316K(2534400K), 0.0576010 secs] 6771636K->4518382K(10982400K), 0.0587560 secs] [Times: user=0.47 sys=0.01, real=0.06 secs] 
34972.791: [GC 34972.792: [ParNew: 2307116K->56826K(2534400K), 0.0570910 secs] 6771182K->4521765K(10982400K), 0.0581160 secs] [Times: user=0.46 sys=0.00, real=0.06 secs] 
34974.619: [GC 34974.620: [ParNew: 2309626K->57499K(2534400K), 0.0505830 secs] 6774565K->4524364K(10982400K), 0.0517670 secs] [Times: user=0.42 sys=0.00, real=0.05 secs] 
34976.973: [GC 34976.973: [ParNew: 2310299K->64419K(2534400K), 0.0617110 secs] 6777164K->4532267K(10982400K), 0.0628250 secs] [Times: user=0.54 sys=0.00, real=0.07 secs] 
34979.010: [GC 34979.011: [ParNew: 2317219K->54643K(2534400K), 0.0667660 secs] 6785067K->4533494K(10982400K), 0.0678880 secs] [Times: user=0.40 sys=0.00, real=0.07 secs] 
34981.337: [GC 34981.338: [ParNew: 2307395K->51716K(2534400K), 0.0535600 secs] 6786247K->4531225K(10982400K), 0.0547600 secs] [Times: user=0.48 sys=0.00, real=0.05 secs] 
34982.854: [GC 34982.855: [ParNew: 2304516K->48562K(2534400K), 0.0503130 secs] 6784024K->4528944K(10982400K), 0.0515020 secs] [Times: user=0.52 sys=0.00, real=0.06 secs] 
34985.297: [GC 34985.298: [ParNew: 2301362K->63545K(2534400K), 0.0580510 secs] 6781744K->4545202K(10982400K), 0.0592660 secs] [Times: user=0.51 sys=0.01, real=0.06 secs] 
34987.198: [GC 34987.199: [ParNew: 2316345K->87224K(2534400K), 0.0541400 secs] 6798002K->4570093K(10982400K), 0.0553250 secs] [Times: user=0.50 sys=0.00, real=0.05 secs] 
34988.980: [GC 34988.981: [ParNew: 2340024K->61603K(2534400K), 0.0521710 secs] 6822893K->4546313K(10982400K), 0.0533340 secs] [Times: user=0.44 sys=0.00, real=0.05 secs] 
34990.734: [GC 34990.735: [ParNew: 2314403K->79742K(2534400K), 0.0529380 secs] 6799113K->4565706K(10982400K), 0.0541120 secs] [Times: user=0.53 sys=0.00, real=0.06 secs] 
34992.047: [GC 34992.047: [ParNew: 2332542K->58846K(2534400K), 0.0438540 secs] 6818506K->4546169K(10982400K), 0.0449900 secs] [Times: user=0.39 sys=0.00, real=0.04 secs] 
34993.227: [GC 34993.227: [ParNew: 2311646K->33771K(2534400K), 0.0391490 secs] 6798969K->4522926K(10982400K), 0.0401520 secs] [Times: user=0.37 sys=0.00, real=0.05 secs] 
34995.180: [GC 34995.180: [ParNew: 2286571K->31745K(2534400K), 0.0547480 secs] 6775726K->4522148K(10982400K), 0.0557750 secs] [Times: user=0.46 sys=0.01, real=0.05 secs] 
34997.204: [GC 34997.205: [ParNew: 2284545K->37255K(2534400K), 0.0557200 secs] 6774948K->4528377K(10982400K), 0.0569400 secs] [Times: user=0.51 sys=0.01, real=0.06 secs] 
34998.636: [GC 34998.636: [ParNew: 2290055K->34105K(2534400K), 0.0441590 secs] 6781177K->4525597K(10982400K), 0.0453850 secs] [Times: user=0.45 sys=0.00, real=0.05 secs] 
35000.086: [GC 35000.086: [ParNew: 2286936K->63175K(2534400K), 0.0504040 secs] 6778429K->4555467K(10982400K), 0.0515480 secs] [Times: user=0.51 sys=0.00, real=0.06 secs] 
35000.142: [GC 35000.142: [ParNew: 64191K->74970K(2534400K), 0.0257820 secs] 4556483K->4568499K(10982400K), 0.0266110 secs] [Times: user=0.50 sys=0.00, real=0.03 secs] 
35001.347: [GC 35001.348: [ParNew: 2327720K->55122K(2534400K), 0.0472710 secs] 6821249K->4549965K(10982400K), 0.0484420 secs] [Times: user=0.46 sys=0.00, real=0.05 secs] 
35003.068: [GC 35003.068: [ParNew: 2307922K->33059K(2534400K), 0.0436670 secs] 6802765K->4528589K(10982400K), 0.0448170 secs] [Times: user=0.42 sys=0.01, real=0.05 secs] 
35005.151: [GC 35005.152: [ParNew: 2285859K->31330K(2534400K), 0.0498630 secs] 6781389K->4527746K(10982400K), 0.0510470 secs] [Times: user=0.45 sys=0.00, real=0.05 secs] 
35007.000: [GC 35007.001: [ParNew: 2284130K->44463K(2534400K), 0.0520070 secs] 6780546K->4540881K(10982400K), 0.0532170 secs] [Times: user=0.48 sys=0.00, real=0.05 secs] 
35008.555: [GC 35008.555: [ParNew: 2297263K->43796K(2534400K), 0.0450350 secs] 6793681K->4540842K(10982400K), 0.0461820 secs] [Times: user=0.40 sys=0.00, real=0.05 secs] 
35010.275: [GC 35010.275: [ParNew: 2296596K->36941K(2534400K), 0.0442960 secs] 6793642K->4534619K(10982400K), 0.0453150 secs] [Times: user=0.38 sys=0.00, real=0.05 secs] 
35012.365: [GC 35012.366: [ParNew: 2289741K->38906K(2534400K), 0.0493060 secs] 6787419K->4537741K(10982400K), 0.0503220 secs] [Times: user=0.40 sys=0.00, real=0.05 secs] 
35014.225: [GC 35014.226: [ParNew: 2291706K->51560K(2534400K), 0.0484150 secs] 6790541K->4551834K(10982400K), 0.0496620 secs] [Times: user=0.44 sys=0.00, real=0.05 secs] 
35015.720: [GC 35015.720: [ParNew: 2304360K->38520K(2534400K), 0.0468300 secs] 6804634K->4539624K(10982400K), 0.0478450 secs] [Times: user=0.47 sys=0.00, real=0.05 secs] 
35016.949: [GC 35016.950: [ParNew: 2291320K->61924K(2534400K), 0.0472900 secs] 6792424K->4564009K(10982400K), 0.0482880 secs] [Times: user=0.59 sys=0.00, real=0.05 secs] 
35018.479: [GC 35018.480: [ParNew: 2314724K->47461K(2534400K), 0.0438000 secs] 6816809K->4550126K(10982400K), 0.0448080 secs] [Times: user=0.43 sys=0.00, real=0.05 secs] 
35020.099: [GC 35020.100: [ParNew: 2300261K->34651K(2534400K), 0.0494080 secs] 6802926K->4538469K(10982400K), 0.0505730 secs] [Times: user=0.46 sys=0.00, real=0.05 secs] 
35021.808: [GC 35021.809: [ParNew: 2287451K->63004K(2534400K), 0.0512750 secs] 6791269K->4567872K(10982400K), 0.0522910 secs] [Times: user=0.59 sys=0.01, real=0.05 secs] 
35023.464: [GC 35023.465: [ParNew: 2315804K->81215K(2534400K), 0.0577420 secs] 6820672K->4586549K(10982400K), 0.0588180 secs] [Times: user=0.63 sys=0.00, real=0.06 secs] 
35025.068: [GC 35025.068: [ParNew: 2334015K->57495K(2534400K), 0.0470210 secs] 6839349K->4563170K(10982400K), 0.0482010 secs] [Times: user=0.38 sys=0.00, real=0.05 secs] 
35027.143: [GC 35027.144: [ParNew: 2310295K->39233K(2534400K), 0.0540420 secs] 6815970K->4546092K(10982400K), 0.0552130 secs] [Times: user=0.48 sys=0.01, real=0.05 secs] 
35029.245: [GC 35029.246: [ParNew: 2292033K->57174K(2534400K), 0.0573360 secs] 6798892K->4564712K(10982400K), 0.0585050 secs] [Times: user=0.53 sys=0.01, real=0.06 secs] 
35031.142: [GC 35031.143: [ParNew: 2309974K->62519K(2534400K), 0.0549640 secs] 6817512K->4570716K(10982400K), 0.0559750 secs] [Times: user=0.57 sys=0.00, real=0.06 secs] 
35033.684: [GC 35033.684: [ParNew: 2315319K->61307K(2534400K), 0.0581800 secs] 6823516K->4570534K(10982400K), 0.0591870 secs] [Times: user=0.44 sys=0.00, real=0.06 secs] 
35035.569: [GC 35035.570: [ParNew: 2314107K->72597K(2534400K), 0.0491360 secs] 6823334K->4583302K(10982400K), 0.0501360 secs] [Times: user=0.46 sys=0.01, real=0.05 secs] 
35037.238: [GC 35037.239: [ParNew: 2325397K->108547K(2534400K), 0.0602950 secs] 6836102K->4622278K(10982400K), 0.0613080 secs] [Times: user=0.69 sys=0.00, real=0.06 secs] 
35039.133: [GC 35039.134: [ParNew: 2361347K->88083K(2534400K), 0.0568520 secs] 6875078K->4604787K(10982400K), 0.0578670 secs] [Times: user=0.53 sys=0.00, real=0.06 secs] 
35041.035: [GC 35041.036: [ParNew: 2340883K->46514K(2534400K), 0.0529130 secs] 6857587K->4565128K(10982400K), 0.0539490 secs] [Times: user=0.48 sys=0.00, real=0.05 secs] 
35043.457: [GC 35043.458: [ParNew: 2299314K->50239K(2534400K), 0.0591660 secs] 6817928K->4569832K(10982400K), 0.0603500 secs] [Times: user=0.50 sys=0.00, real=0.06 secs] 
35045.171: [GC 35045.171: [ParNew: 2303039K->98218K(2534400K), 0.0577880 secs] 6822632K->4619154K(10982400K), 0.0589820 secs] [Times: user=0.69 sys=0.00, real=0.06 secs] 
35047.108: [GC 35047.109: [ParNew: 2351018K->73627K(2534400K), 0.0519960 secs] 6871954K->4595590K(10982400K), 0.0531820 secs] [Times: user=0.43 sys=0.00, real=0.05 secs] 
35049.239: [GC 35049.239: [ParNew: 2326427K->45368K(2534400K), 0.0488850 secs] 6848390K->4568443K(10982400K), 0.0499070 secs] [Times: user=0.39 sys=0.00, real=0.05 secs] 
35051.725: [GC 35051.726: [ParNew: 2298168K->31945K(2534400K), 0.0606280 secs] 6821243K->4556707K(10982400K), 0.0618160 secs] [Times: user=0.47 sys=0.00, real=0.07 secs] 
35053.502: [GC 35053.502: [ParNew: 2284745K->30609K(2534400K), 0.0504120 secs] 6809507K->4556756K(10982400K), 0.0514190 secs] [Times: user=0.47 sys=0.00, real=0.05 secs] 
35055.698: [GC 35055.699: [ParNew: 2283399K->35060K(2534400K), 0.0551840 secs] 6809545K->4562977K(10982400K), 0.0563350 secs] [Times: user=0.47 sys=0.00, real=0.05 secs] 
35057.615: [GC 35057.616: [ParNew: 2287860K->32986K(2534400K), 0.0533990 secs] 6815777K->4561948K(10982400K), 0.0547890 secs] [Times: user=0.46 sys=0.00, real=0.06 secs] 
35059.554: [GC 35059.555: [ParNew: 2285783K->31121K(2534400K), 0.0543800 secs] 6814745K->4561099K(10982400K), 0.0553970 secs] [Times: user=0.47 sys=0.00, real=0.06 secs] 
35061.574: [GC 35061.575: [ParNew: 2283921K->38070K(2534400K), 0.0502820 secs] 6813899K->4568454K(10982400K), 0.0512900 secs] [Times: user=0.44 sys=0.00, real=0.05 secs] 
35063.440: [GC 35063.441: [ParNew: 2290870K->90860K(2534400K), 0.0572860 secs] 6821254K->4622717K(10982400K), 0.0583080 secs] [Times: user=0.66 sys=0.00, real=0.06 secs] 
35065.486: [GC 35065.486: [ParNew: 2343660K->71357K(2534400K), 0.0621540 secs] 6875517K->4604233K(10982400K), 0.0633500 secs] [Times: user=0.49 sys=0.00, real=0.07 secs] 
35067.180: [GC 35067.181: [ParNew: 2324157K->96193K(2534400K), 0.0576670 secs] 6857033K->4630118K(10982400K), 0.0588410 secs] [Times: user=0.69 sys=0.00, real=0.06 secs] 
35068.800: [GC 35068.800: [ParNew: 2348993K->70899K(2534400K), 0.0528680 secs] 6882918K->4605973K(10982400K), 0.0540550 secs] [Times: user=0.47 sys=0.00, real=0.05 secs] 
35070.684: [GC 35070.685: [ParNew: 2323699K->67053K(2534400K), 0.0549400 secs] 6858773K->4602585K(10982400K), 0.0561200 secs] [Times: user=0.60 sys=0.01, real=0.06 secs] 
35072.807: [GC 35072.808: [ParNew: 2319853K->54072K(2534400K), 0.0544480 secs] 6855385K->4591260K(10982400K), 0.0556300 secs] [Times: user=0.42 sys=0.00, real=0.06 secs] 
35074.735: [GC 35074.736: [ParNew: 2306872K->35404K(2534400K), 0.0507440 secs] 6844060K->4574055K(10982400K), 0.0519260 secs] [Times: user=0.47 sys=0.00, real=0.05 secs] 
35077.169: [GC 35077.170: [ParNew: 2288204K->46737K(2534400K), 0.0600410 secs] 6826855K->4586276K(10982400K), 0.0612260 secs] [Times: user=0.50 sys=0.00, real=0.07 secs] 
35079.522: [GC 35079.522: [ParNew: 2299537K->82015K(2534400K), 0.0610810 secs] 6839076K->4622763K(10982400K), 0.0621080 secs] [Times: user=0.58 sys=0.00, real=0.06 secs] 
35081.415: [GC 35081.416: [ParNew: 2334815K->63029K(2534400K), 0.0527240 secs] 6875563K->4604291K(10982400K), 0.0540150 secs] [Times: user=0.49 sys=0.00, real=0.05 secs] 
35083.958: [GC 35083.959: [ParNew: 2315829K->54673K(2534400K), 0.0551910 secs] 6857091K->4597363K(10982400K), 0.0562030 secs] [Times: user=0.48 sys=0.00, real=0.06 secs] 
35086.162: [GC 35086.163: [ParNew: 2307473K->39792K(2534400K), 0.0648910 secs] 6850163K->4593713K(10982400K), 0.0659260 secs] [Times: user=0.38 sys=0.00, real=0.06 secs] 
35088.382: [GC 35088.383: [ParNew: 2292592K->34518K(2534400K), 0.0556430 secs] 6846513K->4589543K(10982400K), 0.0566530 secs] [Times: user=0.52 sys=0.01, real=0.05 secs] 
35090.156: [GC 35090.157: [ParNew: 2287318K->38685K(2534400K), 0.0510670 secs] 6842343K->4594640K(10982400K), 0.0520850 secs] [Times: user=0.46 sys=0.00, real=0.05 secs] 
35092.089: [GC 35092.090: [ParNew: 2291485K->56346K(2534400K), 0.0756940 secs] 6847440K->4613219K(10982400K), 0.0767250 secs] [Times: user=0.51 sys=0.00, real=0.08 secs] 
35094.208: [GC 35094.209: [ParNew: 2309146K->37500K(2534400K), 0.0616970 secs] 6866019K->4596031K(10982400K), 0.0628710 secs] [Times: user=0.44 sys=0.00, real=0.06 secs] 
35096.441: [GC 35096.442: [ParNew: 2290300K->35917K(2534400K), 0.0610910 secs] 6848831K->4595762K(10982400K), 0.0622220 secs] [Times: user=0.50 sys=0.00, real=0.07 secs] 
35098.895: [GC 35098.895: [ParNew: 2288717K->61906K(2534400K), 0.0547160 secs] 6848562K->4622734K(10982400K), 0.0557310 secs] [Times: user=0.53 sys=0.01, real=0.05 secs] 
35100.843: [GC 35100.844: [ParNew: 2314706K->74344K(2534400K), 0.0560680 secs] 6875534K->4636501K(10982400K), 0.0571010 secs] [Times: user=0.58 sys=0.00, real=0.06 secs] 
35103.402: [GC 35103.402: [ParNew: 2327144K->52371K(2534400K), 0.0541050 secs] 6889301K->4615339K(10982400K), 0.0551250 secs] [Times: user=0.43 sys=0.00, real=0.06 secs] 
35105.770: [GC 35105.771: [ParNew: 2305171K->33232K(2534400K), 0.0589600 secs] 6868139K->4597350K(10982400K), 0.0599820 secs] [Times: user=0.46 sys=0.00, real=0.06 secs] 
35108.022: [GC 35108.023: [ParNew: 2286032K->42910K(2534400K), 0.0558770 secs] 6850150K->4607970K(10982400K), 0.0570730 secs] [Times: user=0.47 sys=0.01, real=0.06 secs] 
35109.926: [GC 35109.927: [ParNew: 2295710K->50537K(2534400K), 0.0520630 secs] 6860770K->4616813K(10982400K), 0.0531660 secs] [Times: user=0.47 sys=0.00, real=0.05 secs] 
35111.909: [GC 35111.910: [ParNew: 2303337K->41193K(2534400K), 0.0515230 secs] 6869613K->4609014K(10982400K), 0.0527980 secs] [Times: user=0.44 sys=0.00, real=0.05 secs] 
35113.965: [GC 35113.966: [ParNew: 2293993K->95289K(2534400K), 0.0579240 secs] 6861814K->4664507K(10982400K), 0.0590970 secs] [Times: user=0.63 sys=0.00, real=0.06 secs] 
35115.813: [GC 35115.814: [ParNew: 2348089K->98051K(2534400K), 0.0519310 secs] 6917307K->4668209K(10982400K), 0.0531390 secs] [Times: user=0.48 sys=0.01, real=0.06 secs] 
35117.112: [GC 35117.113: [ParNew: 2350851K->114364K(2534400K), 0.0483040 secs] 6921009K->4686669K(10982400K), 0.0494580 secs] [Times: user=0.56 sys=0.00, real=0.05 secs] 
35119.172: [GC 35119.172: [ParNew: 2367164K->104416K(2534400K), 0.0493590 secs] 6939469K->4677946K(10982400K), 0.0503620 secs] [Times: user=0.46 sys=0.00, real=0.05 secs] 
35121.045: [GC 35121.046: [ParNew: 2357216K->76061K(2534400K), 0.0865300 secs] 6930746K->4694327K(10982400K), 0.0875560 secs] [Times: user=0.49 sys=0.03, real=0.09 secs] 
35122.820: [GC 35122.821: [ParNew: 2328861K->68580K(2534400K), 0.0521460 secs] 6947127K->4688057K(10982400K), 0.0531520 secs] [Times: user=0.61 sys=0.00, real=0.05 secs] 
35124.940: [GC 35124.941: [ParNew: 2321380K->74531K(2534400K), 0.0526230 secs] 6940857K->4694627K(10982400K), 0.0536280 secs] [Times: user=0.48 sys=0.01, real=0.05 secs] 
35126.995: [GC 35126.996: [ParNew: 2327331K->53884K(2534400K), 0.0566770 secs] 6947427K->4675151K(10982400K), 0.0578850 secs] [Times: user=0.49 sys=0.00, real=0.06 secs] 
35129.440: [GC 35129.441: [ParNew: 2306684K->51412K(2534400K), 0.0609550 secs] 6927951K->4674599K(10982400K), 0.0621350 secs] [Times: user=0.53 sys=0.01, real=0.06 secs] 
35131.533: [GC 35131.533: [ParNew: 2304212K->54173K(2534400K), 0.0538420 secs] 6927399K->4677846K(10982400K), 0.0549450 secs] [Times: user=0.48 sys=0.01, real=0.06 secs] 
35133.895: [GC 35133.896: [ParNew: 2306973K->57941K(2534400K), 0.0601940 secs] 6930646K->4683777K(10982400K), 0.0613780 secs] [Times: user=0.56 sys=0.00, real=0.06 secs] 
35135.529: [GC 35135.530: [ParNew: 2310741K->84026K(2534400K), 0.0539950 secs] 6936577K->4712413K(10982400K), 0.0551810 secs] [Times: user=0.54 sys=0.01, real=0.05 secs] 
35137.941: [GC 35137.942: [ParNew: 2336826K->66360K(2534400K), 0.0762890 secs] 6965213K->4705670K(10982400K), 0.0774770 secs] [Times: user=0.43 sys=0.01, real=0.08 secs] 
35139.792: [GC 35139.793: [ParNew: 2319160K->68098K(2534400K), 0.0591680 secs] 6958470K->4710534K(10982400K), 0.0602870 secs] [Times: user=0.61 sys=0.00, real=0.06 secs] 
35141.902: [GC 35141.902: [ParNew: 2320898K->49931K(2534400K), 0.0516750 secs] 6963334K->4694111K(10982400K), 0.0526870 secs] [Times: user=0.39 sys=0.00, real=0.05 secs] 
35144.333: [GC 35144.334: [ParNew: 2302731K->78331K(2534400K), 0.0627310 secs] 6946911K->4723559K(10982400K), 0.0638140 secs] [Times: user=0.66 sys=0.01, real=0.06 secs] 
35146.233: [GC 35146.234: [ParNew: 2331131K->65608K(2534400K), 0.0557360 secs] 6976359K->4712758K(10982400K), 0.0569250 secs] [Times: user=0.45 sys=0.00, real=0.06 secs] 
35147.604: [GC 35147.605: [ParNew: 2318408K->51838K(2534400K), 0.0412950 secs] 6965558K->4700731K(10982400K), 0.0422990 secs] [Times: user=0.32 sys=0.00, real=0.04 secs] 
35149.434: [GC 35149.435: [ParNew: 2304638K->49830K(2534400K), 0.0500920 secs] 6953531K->4700104K(10982400K), 0.0511050 secs] [Times: user=0.51 sys=0.00, real=0.05 secs] 
35150.689: [GC 35150.689: [ParNew: 2302631K->80229K(2534400K), 0.0451660 secs] 6952905K->4731936K(10982400K), 0.0461460 secs] [Times: user=0.51 sys=0.00, real=0.05 secs] 
35150.739: [GC 35150.739: [ParNew: 89662K->90457K(2534400K), 0.0260380 secs] 4741369K->4746717K(10982400K), 0.0267710 secs] [Times: user=0.47 sys=0.00, real=0.03 secs] 
35152.230: [GC 35152.230: [ParNew: 2343257K->69131K(2534400K), 0.0501990 secs] 6999517K->4726313K(10982400K), 0.0512020 secs] [Times: user=0.47 sys=0.00, real=0.06 secs] 
35153.829: [GC 35153.829: [ParNew: 2321931K->38852K(2534400K), 0.0507810 secs] 6979113K->4697151K(10982400K), 0.0518260 secs] [Times: user=0.36 sys=0.00, real=0.05 secs] 
35155.812: [GC 35155.812: [ParNew: 2291652K->50255K(2534400K), 0.0526160 secs] 6949951K->4709034K(10982400K), 0.0536470 secs] [Times: user=0.42 sys=0.00, real=0.05 secs] 
35157.265: [GC 35157.266: [ParNew: 2303055K->68805K(2534400K), 0.0491290 secs] 6961834K->4727583K(10982400K), 0.0501500 secs] [Times: user=0.47 sys=0.00, real=0.05 secs] 
35158.732: [GC 35158.733: [ParNew: 2321605K->66151K(2534400K), 0.0545410 secs] 6980383K->4726979K(10982400K), 0.0557210 secs] [Times: user=0.50 sys=0.00, real=0.05 secs] 
35160.348: [GC 35160.349: [ParNew: 2318951K->70344K(2534400K), 0.0642670 secs] 6979779K->4732294K(10982400K), 0.0654660 secs] [Times: user=0.51 sys=0.00, real=0.07 secs] 
35162.736: [GC 35162.736: [ParNew: 2323144K->45495K(2534400K), 0.0594560 secs] 6985094K->4714647K(10982400K), 0.0606310 secs] [Times: user=0.46 sys=0.00, real=0.06 secs] 
35164.317: [GC 35164.318: [ParNew: 2298295K->83491K(2534400K), 0.0572980 secs] 6967447K->4755777K(10982400K), 0.0585010 secs] [Times: user=0.68 sys=0.01, real=0.06 secs] 
35166.032: [GC 35166.033: [ParNew: 2336291K->100036K(2534400K), 0.0590220 secs] 7008577K->4773763K(10982400K), 0.0602060 secs] [Times: user=0.66 sys=0.00, real=0.06 secs] 
35167.786: [GC 35167.787: [ParNew: 2352836K->71880K(2534400K), 0.0607810 secs] 7026563K->4746494K(10982400K), 0.0618970 secs] [Times: user=0.57 sys=0.00, real=0.06 secs] 
35169.665: [GC 35169.666: [ParNew: 2324680K->46150K(2534400K), 0.0489630 secs] 6999294K->4721394K(10982400K), 0.0501170 secs] [Times: user=0.40 sys=0.01, real=0.05 secs] 
35172.048: [GC 35172.048: [ParNew: 2298950K->44391K(2534400K), 0.0625690 secs] 6974194K->4720554K(10982400K), 0.0637400 secs] [Times: user=0.52 sys=0.01, real=0.06 secs] 
35174.057: [GC 35174.057: [ParNew: 2297191K->41157K(2534400K), 0.0591860 secs] 6973354K->4722388K(10982400K), 0.0603680 secs] [Times: user=0.42 sys=0.01, real=0.06 secs] 
35175.554: [GC 35175.555: [ParNew: 2293957K->59559K(2534400K), 0.0515280 secs] 6975188K->4742329K(10982400K), 0.0525550 secs] [Times: user=0.58 sys=0.00, real=0.06 secs] 
35177.615: [GC 35177.616: [ParNew: 2312359K->45748K(2534400K), 0.0574990 secs] 6995129K->4729827K(10982400K), 0.0586690 secs] [Times: user=0.47 sys=0.00, real=0.05 secs] 
35179.704: [GC 35179.704: [ParNew: 2298548K->30465K(2534400K), 0.0527860 secs] 6982627K->4715715K(10982400K), 0.0538090 secs] [Times: user=0.45 sys=0.01, real=0.06 secs] 
35181.914: [GC 35181.915: [ParNew: 2283265K->40328K(2534400K), 0.0587820 secs] 6968515K->4727039K(10982400K), 0.0598140 secs] [Times: user=0.47 sys=0.00, real=0.06 secs] 
35183.782: [GC 35183.782: [ParNew: 2293128K->54136K(2534400K), 0.0549560 secs] 6979839K->4741562K(10982400K), 0.0559730 secs] [Times: user=0.55 sys=0.00, real=0.06 secs] 
35185.831: [GC 35185.831: [ParNew: 2306936K->78232K(2534400K), 0.0529730 secs] 6994362K->4766371K(10982400K), 0.0539990 secs] [Times: user=0.48 sys=0.00, real=0.05 secs] 
35188.019: [GC 35188.020: [ParNew: 2331032K->59746K(2534400K), 0.0626600 secs] 7019171K->4748853K(10982400K), 0.0638460 secs] [Times: user=0.56 sys=0.00, real=0.06 secs] 
35189.935: [GC 35189.936: [ParNew: 2312540K->45723K(2534400K), 0.0503660 secs] 7001648K->4736168K(10982400K), 0.0515990 secs] [Times: user=0.43 sys=0.00, real=0.06 secs] 
35191.985: [GC 35191.985: [ParNew: 2298523K->52589K(2534400K), 0.0526410 secs] 6988968K->4743971K(10982400K), 0.0538130 secs] [Times: user=0.44 sys=0.00, real=0.06 secs] 
35194.424: [GC 35194.424: [ParNew: 2305389K->57448K(2534400K), 0.0705430 secs] 6996771K->4749919K(10982400K), 0.0717190 secs] [Times: user=0.41 sys=0.00, real=0.07 secs] 
35196.851: [GC 35196.852: [ParNew: 2310248K->31246K(2534400K), 0.0559320 secs] 7002719K->4725353K(10982400K), 0.0570260 secs] [Times: user=0.44 sys=0.01, real=0.06 secs] 
35199.368: [GC 35199.369: [ParNew: 2284046K->58914K(2534400K), 0.0576650 secs] 6978153K->4754566K(10982400K), 0.0587010 secs] [Times: user=0.53 sys=0.00, real=0.06 secs] 
35201.290: [GC 35201.291: [ParNew: 2311714K->47585K(2534400K), 0.0502960 secs] 7007366K->4743940K(10982400K), 0.0513200 secs] [Times: user=0.47 sys=0.00, real=0.05 secs] 
35203.490: [GC 35203.491: [ParNew: 2300385K->41886K(2534400K), 0.0536310 secs] 6996740K->4739584K(10982400K), 0.0548110 secs] [Times: user=0.45 sys=0.00, real=0.05 secs] 
35205.767: [GC 35205.768: [ParNew: 2294686K->46059K(2534400K), 0.0537190 secs] 6992384K->4744721K(10982400K), 0.0548950 secs] [Times: user=0.45 sys=0.00, real=0.06 secs] 
35207.752: [GC 35207.753: [ParNew: 2298859K->43271K(2534400K), 0.0499770 secs] 6997521K->4743139K(10982400K), 0.0511290 secs] [Times: user=0.43 sys=0.01, real=0.05 secs] 
35209.893: [GC 35209.893: [ParNew: 2296071K->49765K(2534400K), 0.0491350 secs] 6995939K->4750569K(10982400K), 0.0501550 secs] [Times: user=0.47 sys=0.00, real=0.05 secs] 
35212.119: [GC 35212.119: [ParNew: 2302565K->69538K(2534400K), 0.0664650 secs] 7003369K->4777040K(10982400K), 0.0676370 secs] [Times: user=0.53 sys=0.00, real=0.07 secs] 
35214.157: [GC 35214.158: [ParNew: 2322338K->64802K(2534400K), 0.0517650 secs] 7029840K->4774027K(10982400K), 0.0529570 secs] [Times: user=0.46 sys=0.01, real=0.05 secs] 
35216.271: [GC 35216.272: [ParNew: 2317602K->46143K(2534400K), 0.0496610 secs] 7026827K->4756582K(10982400K), 0.0508460 secs] [Times: user=0.40 sys=0.00, real=0.05 secs] 
35217.806: [GC 35217.807: [ParNew: 2298943K->38652K(2534400K), 0.0493780 secs] 7009382K->4750096K(10982400K), 0.0504050 secs] [Times: user=0.46 sys=0.00, real=0.05 secs] 
35219.862: [GC 35219.862: [ParNew: 2291452K->77026K(2534400K), 0.0826580 secs] 7002896K->4790199K(10982400K), 0.0838300 secs] [Times: user=0.58 sys=0.01, real=0.08 secs] 
35221.581: [GC 35221.581: [ParNew: 2329826K->94268K(2534400K), 0.0706390 secs] 7042999K->4809512K(10982400K), 0.0718320 secs] [Times: user=0.63 sys=0.00, real=0.08 secs] 
35223.781: [GC 35223.781: [ParNew: 2347068K->102625K(2534400K), 0.0564100 secs] 7062312K->4818899K(10982400K), 0.0574170 secs] [Times: user=0.56 sys=0.00, real=0.06 secs] 
35225.828: [GC 35225.828: [ParNew: 2355425K->73138K(2534400K), 0.0585370 secs] 7071699K->4796159K(10982400K), 0.0597610 secs] [Times: user=0.39 sys=0.01, real=0.06 secs] 
35228.470: [GC 35228.471: [ParNew: 2325938K->64976K(2534400K), 0.0563370 secs] 7048959K->4789634K(10982400K), 0.0573620 secs] [Times: user=0.43 sys=0.01, real=0.06 secs] 
35230.527: [GC 35230.528: [ParNew: 2317776K->82593K(2534400K), 0.0582860 secs] 7042434K->4808322K(10982400K), 0.0594650 secs] [Times: user=0.57 sys=0.00, real=0.06 secs] 
35233.013: [GC 35233.013: [ParNew: 2335393K->73469K(2534400K), 0.0587790 secs] 7061122K->4800392K(10982400K), 0.0598030 secs] [Times: user=0.51 sys=0.00, real=0.06 secs] 
35234.597: [GC 35234.598: [ParNew: 2326269K->87842K(2534400K), 0.0784290 secs] 7053192K->4829247K(10982400K), 0.0794500 secs] [Times: user=0.57 sys=0.02, real=0.08 secs] 
35236.540: [GC 35236.540: [ParNew: 2340642K->64282K(2534400K), 0.0617030 secs] 7082047K->4809397K(10982400K), 0.0627590 secs] [Times: user=0.50 sys=0.01, real=0.06 secs] 
35238.701: [GC 35238.701: [ParNew: 2317082K->47009K(2534400K), 0.0536930 secs] 7062197K->4795586K(10982400K), 0.0547050 secs] [Times: user=0.48 sys=0.00, real=0.06 secs] 
35241.033: [GC 35241.034: [ParNew: 2299809K->58446K(2534400K), 0.0658120 secs] 7048386K->4808038K(10982400K), 0.0670340 secs] [Times: user=0.41 sys=0.00, real=0.07 secs] 
35242.918: [GC 35242.919: [ParNew: 2311246K->77981K(2534400K), 0.0962440 secs] 7060838K->4835321K(10982400K), 0.0974270 secs] [Times: user=0.48 sys=0.01, real=0.10 secs] 
35244.429: [GC 35244.430: [ParNew: 2330781K->61220K(2534400K), 0.0569400 secs] 7088121K->4820254K(10982400K), 0.0581320 secs] [Times: user=0.50 sys=0.00, real=0.06 secs] 
35245.883: [GC 35245.883: [ParNew: 2314020K->56261K(2534400K), 0.0585340 secs] 7073054K->4816381K(10982400K), 0.0597040 secs] [Times: user=0.50 sys=0.01, real=0.06 secs] 
35247.372: [GC 35247.372: [ParNew: 2309061K->111121K(2534400K), 0.1068810 secs] 7069181K->4872255K(10982400K), 0.1080640 secs] [Times: user=0.52 sys=0.00, real=0.11 secs] 
35248.779: [GC 35248.780: [ParNew: 2363952K->60584K(2534400K), 0.0582270 secs] 7125086K->4822490K(10982400K), 0.0593640 secs] [Times: user=0.48 sys=0.01, real=0.06 secs] 
35248.843: [GC 35248.843: [ParNew: 60934K->55004K(2534400K), 0.0342680 secs] 4822840K->4828534K(10982400K), 0.0350970 secs] [Times: user=0.40 sys=0.00, real=0.04 secs] 
35249.814: [GC 35249.815: [ParNew: 2307804K->42593K(2534400K), 0.0462500 secs] 7081334K->4817590K(10982400K), 0.0474300 secs] [Times: user=0.42 sys=0.01, real=0.05 secs] 
35250.777: [GC 35250.777: [ParNew: 2295393K->35828K(2534400K), 0.0445810 secs] 7070390K->4812351K(10982400K), 0.0456690 secs] [Times: user=0.39 sys=0.00, real=0.04 secs] 
35253.074: [GC 35253.074: [ParNew: 2288628K->33292K(2534400K), 0.0521480 secs] 7065151K->4811058K(10982400K), 0.0532470 secs] [Times: user=0.39 sys=0.00, real=0.06 secs] 
35255.402: [GC 35255.403: [ParNew: 2286092K->30156K(2534400K), 0.0563490 secs] 7063858K->4807921K(10982400K), 0.0575600 secs] [Times: user=0.42 sys=0.00, real=0.06 secs] 
35257.927: [GC 35257.928: [ParNew: 2282956K->33555K(2534400K), 0.0624880 secs] 7060721K->4812394K(10982400K), 0.0636630 secs] [Times: user=0.47 sys=0.00, real=0.06 secs] 
35260.821: [GC 35260.822: [ParNew: 2286355K->35213K(2534400K), 0.0574170 secs] 7065194K->4814386K(10982400K), 0.0585490 secs] [Times: user=0.43 sys=0.01, real=0.06 secs] 
35263.005: [GC 35263.005: [ParNew: 2288013K->44509K(2534400K), 0.0552990 secs] 7067186K->4824406K(10982400K), 0.0562430 secs] [Times: user=0.46 sys=0.00, real=0.06 secs] 
35265.496: [GC 35265.497: [ParNew: 2297309K->45862K(2534400K), 0.0542290 secs] 7077206K->4826693K(10982400K), 0.0551810 secs] [Times: user=0.47 sys=0.01, real=0.06 secs] 
35267.805: [GC 35267.806: [ParNew: 2298662K->48969K(2534400K), 0.0564340 secs] 7079493K->4830802K(10982400K), 0.0573370 secs] [Times: user=0.51 sys=0.00, real=0.06 secs] 
35269.795: [GC 35269.796: [ParNew: 2301769K->64926K(2534400K), 0.0507110 secs] 7083602K->4848482K(10982400K), 0.0516330 secs] [Times: user=0.47 sys=0.01, real=0.05 secs] 
35272.006: [GC 35272.006: [ParNew: 2317726K->50251K(2534400K), 0.0571520 secs] 7101282K->4834989K(10982400K), 0.0580510 secs] [Times: user=0.45 sys=0.01, real=0.06 secs] 
35274.577: [GC 35274.577: [ParNew: 2303051K->40207K(2534400K), 0.0559800 secs] 7087789K->4827250K(10982400K), 0.0568420 secs] [Times: user=0.45 sys=0.00, real=0.06 secs] 
35276.725: [GC 35276.726: [ParNew: 2293007K->54357K(2534400K), 0.0663550 secs] 7080050K->4842911K(10982400K), 0.0672090 secs] [Times: user=0.46 sys=0.00, real=0.07 secs] 
35278.683: [GC 35278.683: [ParNew: 2307157K->57712K(2534400K), 0.0721750 secs] 7095711K->4847584K(10982400K), 0.0731060 secs] [Times: user=0.48 sys=0.01, real=0.07 secs] 
35280.160: [GC 35280.160: [ParNew: 2310512K->100606K(2534400K), 0.0585020 secs] 7100384K->4891221K(10982400K), 0.0594250 secs] [Times: user=0.62 sys=0.01, real=0.06 secs] 
35281.547: [GC 35281.547: [ParNew: 2353406K->78247K(2534400K), 0.0529600 secs] 7144021K->4870123K(10982400K), 0.0538860 secs] [Times: user=0.43 sys=0.00, real=0.06 secs] 
35283.030: [GC 35283.030: [ParNew: 2331047K->61147K(2534400K), 0.0562600 secs] 7122923K->4853863K(10982400K), 0.0571650 secs] [Times: user=0.48 sys=0.00, real=0.06 secs] 
35284.430: [GC 35284.430: [ParNew: 2313947K->61642K(2534400K), 0.0515660 secs] 7106663K->4855033K(10982400K), 0.0524170 secs] [Times: user=0.47 sys=0.01, real=0.06 secs] 
35285.264: [GC 35285.264: [ParNew: 2314442K->48447K(2534400K), 0.0519630 secs] 7107833K->4854947K(10982400K), 0.0528180 secs] [Times: user=0.37 sys=0.01, real=0.05 secs] 
35286.555: [GC 35286.556: [ParNew: 2301247K->79734K(2534400K), 0.0615750 secs] 7107747K->4887335K(10982400K), 0.0625090 secs] [Times: user=0.52 sys=0.00, real=0.06 secs] 
35287.725: [GC 35287.726: [ParNew: 2332534K->59342K(2534400K), 0.0553750 secs] 7140135K->4870825K(10982400K), 0.0562840 secs] [Times: user=0.43 sys=0.01, real=0.06 secs] 
35288.799: [GC 35288.800: [ParNew: 2312142K->91598K(2534400K), 0.0596870 secs] 7123625K->4903732K(10982400K), 0.0605710 secs] [Times: user=0.68 sys=0.00, real=0.06 secs] 
35288.863: [GC 35288.863: [ParNew: 91713K->116871K(2534400K), 0.0279320 secs] 4903847K->4929619K(10982400K), 0.0286060 secs] [Times: user=0.58 sys=0.00, real=0.03 secs] 
35289.906: [GC 35289.906: [ParNew: 2369671K->90355K(2534400K), 0.0570620 secs] 7182419K->4906407K(10982400K), 0.0579970 secs] [Times: user=0.56 sys=0.00, real=0.06 secs] 
35291.199: [GC 35291.200: [ParNew: 2343155K->67761K(2534400K), 0.0575560 secs] 7159207K->4884523K(10982400K), 0.0584000 secs] [Times: user=0.47 sys=0.00, real=0.06 secs] 
35292.479: [GC 35292.480: [ParNew: 2320561K->54363K(2534400K), 0.0625720 secs] 7137323K->4876710K(10982400K), 0.0634250 secs] [Times: user=0.51 sys=0.01, real=0.07 secs] 
35293.481: [GC 35293.482: [ParNew: 2307163K->75945K(2534400K), 0.0533220 secs] 7129510K->4898292K(10982400K), 0.0541690 secs] [Times: user=0.57 sys=0.00, real=0.06 secs] 
35294.152: [GC 35294.152: [ParNew: 2328745K->54828K(2534400K), 0.0434950 secs] 7151092K->4878720K(10982400K), 0.0443210 secs] [Times: user=0.47 sys=0.00, real=0.05 secs] 
35294.941: [GC 35294.942: [ParNew: 2307628K->45929K(2534400K), 0.0565370 secs] 7131520K->4870594K(10982400K), 0.0574130 secs] [Times: user=0.49 sys=0.00, real=0.06 secs] 
35295.639: [GC 35295.640: [ParNew: 2298729K->53182K(2534400K), 0.0502470 secs] 7123394K->4878436K(10982400K), 0.0511540 secs] [Times: user=0.53 sys=0.00, real=0.05 secs] 
35296.403: [GC 35296.404: [ParNew: 2305982K->42879K(2534400K), 0.0433090 secs] 7131236K->4868868K(10982400K), 0.0442210 secs] [Times: user=0.41 sys=0.00, real=0.04 secs] 
35297.688: [GC 35297.689: [ParNew: 2295679K->35138K(2534400K), 0.0446760 secs] 7121668K->4861569K(10982400K), 0.0455970 secs] [Times: user=0.41 sys=0.01, real=0.05 secs] 
35299.167: [GC 35299.168: [ParNew: 2287982K->36995K(2534400K), 0.0443800 secs] 7114414K->4864096K(10982400K), 0.0453010 secs] [Times: user=0.46 sys=0.01, real=0.04 secs] 
35299.218: [GC 35299.219: [ParNew: 49483K->41693K(2534400K), 0.0205750 secs] 4876584K->4870126K(10982400K), 0.0212450 secs] [Times: user=0.40 sys=0.01, real=0.02 secs] 
35300.921: [GC 35300.922: [ParNew: 2294493K->41706K(2534400K), 0.0475030 secs] 7122926K->4870604K(10982400K), 0.0484480 secs] [Times: user=0.39 sys=0.00, real=0.05 secs] 
35302.597: [GC 35302.597: [ParNew: 2294506K->35878K(2534400K), 0.0466080 secs] 7123404K->4865298K(10982400K), 0.0475410 secs] [Times: user=0.43 sys=0.00, real=0.05 secs] 
35304.403: [GC 35304.403: [ParNew: 2288678K->67030K(2534400K), 0.0491020 secs] 7118098K->4898282K(10982400K), 0.0500170 secs] [Times: user=0.47 sys=0.00, real=0.05 secs] 
35306.598: [GC 35306.599: [ParNew: 2319830K->51765K(2534400K), 0.0537100 secs] 7151082K->4883062K(10982400K), 0.0546510 secs] [Times: user=0.44 sys=0.01, real=0.05 secs] 
35308.792: [GC 35308.793: [ParNew: 2304565K->44963K(2534400K), 0.0621530 secs] 7135862K->4877449K(10982400K), 0.0630880 secs] [Times: user=0.48 sys=0.00, real=0.07 secs] 
35310.770: [GC 35310.770: [ParNew: 2297763K->47162K(2534400K), 0.0593200 secs] 7130249K->4882848K(10982400K), 0.0605190 secs] [Times: user=0.47 sys=0.00, real=0.06 secs] 
35312.723: [GC 35312.724: [ParNew: 2299962K->72112K(2534400K), 0.0579820 secs] 7135648K->4909122K(10982400K), 0.0590130 secs] [Times: user=0.56 sys=0.00, real=0.06 secs] 
35314.306: [GC 35314.307: [ParNew: 2324912K->60795K(2534400K), 0.0553890 secs] 7161922K->4900034K(10982400K), 0.0565910 secs] [Times: user=0.53 sys=0.00, real=0.05 secs] 
35315.638: [GC 35315.639: [ParNew: 2313595K->59051K(2534400K), 0.0510540 secs] 7152834K->4899816K(10982400K), 0.0522380 secs] [Times: user=0.47 sys=0.01, real=0.05 secs] 
35317.137: [GC 35317.138: [ParNew: 2311851K->54912K(2534400K), 0.0636390 secs] 7152616K->4900003K(10982400K), 0.0648100 secs] [Times: user=0.54 sys=0.01, real=0.06 secs] 
35318.484: [GC 35318.485: [ParNew: 2307712K->65238K(2534400K), 0.0621180 secs] 7152803K->4911701K(10982400K), 0.0633010 secs] [Times: user=0.51 sys=0.00, real=0.07 secs] 
35319.507: [GC 35319.508: [ParNew: 2318038K->55159K(2534400K), 0.0652880 secs] 7164501K->4912638K(10982400K), 0.0663570 secs] [Times: user=0.51 sys=0.00, real=0.06 secs] 
35321.479: [GC 35321.480: [ParNew: 2307959K->51769K(2534400K), 0.0609970 secs] 7165438K->4909767K(10982400K), 0.0621920 secs] [Times: user=0.50 sys=0.01, real=0.06 secs] 
35323.280: [GC 35323.281: [ParNew: 2304569K->70800K(2534400K), 0.0691300 secs] 7162567K->4940093K(10982400K), 0.0703000 secs] [Times: user=0.67 sys=0.00, real=0.07 secs] 
35324.910: [GC 35324.911: [ParNew: 2323600K->52968K(2534400K), 0.0520370 secs] 7192893K->4922797K(10982400K), 0.0532110 secs] [Times: user=0.43 sys=0.00, real=0.05 secs] 
35327.045: [GC 35327.045: [ParNew: 2305768K->67703K(2534400K), 0.0541510 secs] 7175597K->4938190K(10982400K), 0.0550720 secs] [Times: user=0.54 sys=0.00, real=0.06 secs] 
35329.200: [GC 35329.201: [ParNew: 2320503K->51302K(2534400K), 0.0557870 secs] 7190990K->4922696K(10982400K), 0.0566740 secs] [Times: user=0.50 sys=0.00, real=0.05 secs] 
35330.855: [GC 35330.855: [ParNew: 2304102K->47804K(2534400K), 0.0524980 secs] 7175496K->4919707K(10982400K), 0.0533550 secs] [Times: user=0.45 sys=0.00, real=0.05 secs] 
35332.926: [GC 35332.926: [ParNew: 2300604K->56428K(2534400K), 0.0566600 secs] 7172507K->4930820K(10982400K), 0.0575680 secs] [Times: user=0.49 sys=0.00, real=0.06 secs] 
35334.936: [GC 35334.937: [ParNew: 2309228K->46296K(2534400K), 0.0535690 secs] 7183620K->4922261K(10982400K), 0.0544940 secs] [Times: user=0.45 sys=0.00, real=0.06 secs] 
35336.969: [GC 35336.970: [ParNew: 2299096K->40404K(2534400K), 0.0569290 secs] 7175061K->4917221K(10982400K), 0.0578600 secs] [Times: user=0.43 sys=0.01, real=0.05 secs] 
35338.429: [GC 35338.430: [ParNew: 2293204K->55734K(2534400K), 0.0558370 secs] 7170021K->4934490K(10982400K), 0.0566930 secs] [Times: user=0.55 sys=0.00, real=0.06 secs] 
35340.741: [GC 35340.741: [ParNew: 2308534K->52701K(2534400K), 0.0503660 secs] 7187290K->4932735K(10982400K), 0.0513080 secs] [Times: user=0.42 sys=0.01, real=0.05 secs] 
35342.117: [GC 35342.118: [ParNew: 2305501K->73502K(2534400K), 0.0487090 secs] 7185535K->4955095K(10982400K), 0.0496170 secs] [Times: user=0.55 sys=0.00, real=0.05 secs] 
35343.526: [GC 35343.526: [ParNew: 2326302K->65500K(2534400K), 0.0530450 secs] 7207895K->4948891K(10982400K), 0.0539660 secs] [Times: user=0.45 sys=0.00, real=0.06 secs] 
35345.513: [GC 35345.514: [ParNew: 2318300K->49617K(2534400K), 0.0551210 secs] 7201691K->4935378K(10982400K), 0.0559720 secs] [Times: user=0.49 sys=0.00, real=0.05 secs] 
35347.115: [GC 35347.116: [ParNew: 2302417K->50639K(2534400K), 0.0600580 secs] 7188178K->4938022K(10982400K), 0.0609040 secs] [Times: user=0.52 sys=0.00, real=0.06 secs] 
35348.641: [GC 35348.641: [ParNew: 2303439K->66715K(2534400K), 0.0568440 secs] 7190822K->4954733K(10982400K), 0.0576880 secs] [Times: user=0.53 sys=0.00, real=0.05 secs] 
35349.758: [GC 35349.758: [ParNew: 2319515K->97444K(2534400K), 0.0603620 secs] 7207533K->4987705K(10982400K), 0.0613670 secs] [Times: user=0.57 sys=0.00, real=0.06 secs] 
35351.279: [GC 35351.280: [ParNew: 2350244K->93220K(2534400K), 0.0768380 secs] 7240505K->4984825K(10982400K), 0.0782940 secs] [Times: user=0.66 sys=0.00, real=0.08 secs] 
35352.493: [GC 35352.494: [ParNew: 2344527K->71963K(2534400K), 0.0554170 secs] 7236132K->4965131K(10982400K), 0.0565130 secs] [Times: user=0.40 sys=0.01, real=0.05 secs] 
35353.842: [GC 35353.843: [ParNew: 2324763K->65702K(2534400K), 0.0571900 secs] 7217931K->4959600K(10982400K), 0.0583800 secs] [Times: user=0.46 sys=0.01, real=0.05 secs] 
35355.029: [GC 35355.030: [ParNew: 2318502K->40311K(2534400K), 0.0642700 secs] 7212400K->4944907K(10982400K), 0.0654260 secs] [Times: user=0.35 sys=0.01, real=0.07 secs] 
35356.148: [GC 35356.149: [ParNew: 2293111K->30772K(2534400K), 0.0502070 secs] 7197707K->4936576K(10982400K), 0.0513620 secs] [Times: user=0.49 sys=0.01, real=0.05 secs] 
35357.256: [GC 35357.257: [ParNew: 2283572K->52897K(2534400K), 0.0531800 secs] 7189376K->4959102K(10982400K), 0.0541850 secs] [Times: user=0.54 sys=0.00, real=0.05 secs] 
35358.452: [GC 35358.453: [ParNew: 2299362K->57671K(2534400K), 0.0621660 secs] 7205567K->4965705K(10982400K), 0.0631830 secs] [Times: user=0.47 sys=0.01, real=0.07 secs] 
35359.795: [GC 35359.796: [ParNew: 2310471K->70608K(2534400K), 0.0811170 secs] 7218505K->4979784K(10982400K), 0.0821380 secs] [Times: user=0.54 sys=0.00, real=0.08 secs] 
35361.909: [GC 35361.909: [ParNew: 2323408K->44098K(2534400K), 0.0554370 secs] 7232584K->4954674K(10982400K), 0.0564640 secs] [Times: user=0.49 sys=0.00, real=0.06 secs] 
35363.475: [GC 35363.475: [ParNew: 2296898K->50192K(2534400K), 0.0509180 secs] 7207474K->4961508K(10982400K), 0.0520720 secs] [Times: user=0.48 sys=0.01, real=0.05 secs] 
35365.275: [GC 35365.276: [ParNew: 2302992K->55292K(2534400K), 0.0552520 secs] 7214308K->4968070K(10982400K), 0.0564390 secs] [Times: user=0.50 sys=0.01, real=0.05 secs] 
35366.703: [GC 35366.704: [ParNew: 2308092K->66591K(2534400K), 0.0541380 secs] 7220870K->4981852K(10982400K), 0.0553290 secs] [Times: user=0.57 sys=0.01, real=0.06 secs] 
35368.642: [GC 35368.643: [ParNew: 2319391K->74458K(2534400K), 0.0615410 secs] 7234652K->4991373K(10982400K), 0.0627110 secs] [Times: user=0.58 sys=0.00, real=0.07 secs] 
35370.742: [GC 35370.742: [ParNew: 2327258K->55556K(2534400K), 0.0550200 secs] 7244173K->4972879K(10982400K), 0.0561150 secs] [Times: user=0.52 sys=0.00, real=0.06 secs] 
35372.884: [GC 35372.885: [ParNew: 2308356K->78724K(2534400K), 0.0602430 secs] 7225679K->4996856K(10982400K), 0.0614280 secs] [Times: user=0.57 sys=0.00, real=0.07 secs] 
35374.719: [GC 35374.719: [ParNew: 2331524K->59534K(2534400K), 0.0550790 secs] 7249656K->4980561K(10982400K), 0.0561720 secs] [Times: user=0.46 sys=0.00, real=0.06 secs] 
35376.629: [GC 35376.630: [ParNew: 2312334K->34803K(2534400K), 0.0492210 secs] 7233361K->4958068K(10982400K), 0.0503820 secs] [Times: user=0.40 sys=0.00, real=0.05 secs] 
35378.317: [GC 35378.317: [ParNew: 2287603K->42926K(2534400K), 0.0516650 secs] 7210868K->4968225K(10982400K), 0.0528030 secs] [Times: user=0.47 sys=0.01, real=0.05 secs] 
35380.251: [GC 35380.252: [ParNew: 2295726K->68971K(2534400K), 0.0592790 secs] 7221025K->4995580K(10982400K), 0.0604770 secs] [Times: user=0.56 sys=0.00, real=0.06 secs] 
35382.139: [GC 35382.140: [ParNew: 2321771K->58544K(2534400K), 0.0635000 secs] 7248380K->4985669K(10982400K), 0.0646890 secs] [Times: user=0.44 sys=0.00, real=0.06 secs] 
35383.356: [GC 35383.357: [ParNew: 2311344K->60670K(2534400K), 0.0489520 secs] 7238469K->4989878K(10982400K), 0.0501200 secs] [Times: user=0.54 sys=0.00, real=0.06 secs] 
35385.337: [GC 35385.337: [ParNew: 2313470K->54783K(2534400K), 0.0584490 secs] 7242678K->4984730K(10982400K), 0.0596220 secs] [Times: user=0.49 sys=0.00, real=0.05 secs] 
35387.247: [GC 35387.248: [ParNew: 2307583K->48653K(2534400K), 0.0644600 secs] 7237530K->4980500K(10982400K), 0.0656330 secs] [Times: user=0.49 sys=0.01, real=0.06 secs] 
35389.569: [GC 35389.569: [ParNew: 2301453K->45247K(2534400K), 0.0731760 secs] 7233300K->4977859K(10982400K), 0.0744050 secs] [Times: user=0.54 sys=0.00, real=0.07 secs] 
35391.356: [GC 35391.357: [ParNew: 2298047K->65386K(2534400K), 0.0589820 secs] 7230659K->4998682K(10982400K), 0.0600000 secs] [Times: user=0.45 sys=0.00, real=0.06 secs] 
35392.877: [GC 35392.877: [ParNew: 2318186K->54015K(2534400K), 0.0648330 secs] 7251482K->4988406K(10982400K), 0.0658470 secs] [Times: user=0.52 sys=0.00, real=0.07 secs] 
35394.152: [GC 35394.153: [ParNew: 2306815K->45977K(2534400K), 0.0570820 secs] 7241206K->4981318K(10982400K), 0.0580880 secs] [Times: user=0.48 sys=0.00, real=0.06 secs] 
35395.891: [GC 35395.891: [ParNew: 2298777K->63234K(2534400K), 0.0610790 secs] 7234118K->4999840K(10982400K), 0.0621030 secs] [Times: user=0.54 sys=0.01, real=0.06 secs] 
35397.220: [GC 35397.221: [ParNew: 2316034K->109603K(2534400K), 0.0643650 secs] 7252640K->5047191K(10982400K), 0.0655560 secs] [Times: user=0.63 sys=0.00, real=0.06 secs] 
35398.410: [GC 35398.410: [ParNew: 2362403K->89657K(2534400K), 0.0577760 secs] 7299991K->5028304K(10982400K), 0.0589110 secs] [Times: user=0.46 sys=0.00, real=0.06 secs] 
35399.592: [GC 35399.592: [ParNew: 2342457K->63174K(2534400K), 0.0690960 secs] 7281104K->5008625K(10982400K), 0.0702730 secs] [Times: user=0.47 sys=0.00, real=0.07 secs] 
35400.512: [GC 35400.513: [ParNew: 2315974K->47497K(2534400K), 0.0587060 secs] 7261425K->5004218K(10982400K), 0.0599250 secs] [Times: user=0.44 sys=0.01, real=0.06 secs] 
35401.430: [GC 35401.431: [ParNew: 2300297K->43313K(2534400K), 0.0493550 secs] 7257018K->5002717K(10982400K), 0.0505450 secs] [Times: user=0.40 sys=0.00, real=0.05 secs] 
35402.317: [GC 35402.318: [ParNew: 2296113K->60696K(2534400K), 0.0513360 secs] 7255517K->5022089K(10982400K), 0.0524960 secs] [Times: user=0.44 sys=0.00, real=0.06 secs] 
35403.229: [GC 35403.229: [ParNew: 2313496K->54169K(2534400K), 0.0582050 secs] 7274889K->5017346K(10982400K), 0.0593570 secs] [Times: user=0.54 sys=0.01, real=0.06 secs] 
35404.121: [GC 35404.121: [ParNew: 2306969K->64906K(2534400K), 0.0524220 secs] 7270146K->5029933K(10982400K), 0.0534970 secs] [Times: user=0.57 sys=0.01, real=0.05 secs] 
35405.004: [GC 35405.005: [ParNew: 2317706K->47837K(2534400K), 0.0440370 secs] 7282733K->5013867K(10982400K), 0.0451940 secs] [Times: user=0.45 sys=0.01, real=0.04 secs] 
35406.232: [GC 35406.232: [ParNew: 2300637K->39987K(2534400K), 0.0501650 secs] 7266667K->5008064K(10982400K), 0.0513280 secs] [Times: user=0.40 sys=0.00, real=0.05 secs] 
35408.012: [GC 35408.012: [ParNew: 2292787K->39396K(2534400K), 0.0620950 secs] 7260864K->5010132K(10982400K), 0.0631220 secs] [Times: user=0.51 sys=0.00, real=0.06 secs] 
35410.634: [GC 35410.634: [ParNew: 2292196K->39219K(2534400K), 0.0606510 secs] 7262932K->5010758K(10982400K), 0.0618360 secs] [Times: user=0.45 sys=0.01, real=0.06 secs] 
35412.722: [GC 35412.723: [ParNew: 2292019K->35381K(2534400K), 0.0512930 secs] 7263558K->5007753K(10982400K), 0.0524590 secs] [Times: user=0.40 sys=0.00, real=0.05 secs] 
35414.961: [GC 35414.961: [ParNew: 2288181K->66175K(2534400K), 0.0628180 secs] 7260553K->5039620K(10982400K), 0.0638440 secs] [Times: user=0.63 sys=0.00, real=0.06 secs] 
35416.977: [GC 35416.978: [ParNew: 2318975K->52304K(2534400K), 0.0551370 secs] 7292420K->5027420K(10982400K), 0.0561650 secs] [Times: user=0.49 sys=0.00, real=0.06 secs] 
35419.087: [GC 35419.087: [ParNew: 2305104K->46114K(2534400K), 0.0656960 secs] 7280220K->5022366K(10982400K), 0.0667200 secs] [Times: user=0.51 sys=0.01, real=0.07 secs] 
35421.515: [GC 35421.516: [ParNew: 2298914K->38003K(2534400K), 0.0670190 secs] 7275166K->5015938K(10982400K), 0.0681860 secs] [Times: user=0.52 sys=0.00, real=0.07 secs] 
35423.298: [GC 35423.299: [ParNew: 2290803K->65500K(2534400K), 0.0632760 secs] 7268738K->5044402K(10982400K), 0.0644420 secs] [Times: user=0.62 sys=0.01, real=0.06 secs] 
35425.452: [GC 35425.452: [ParNew: 2318273K->52063K(2534400K), 0.0606070 secs] 7297176K->5032272K(10982400K), 0.0617980 secs] [Times: user=0.49 sys=0.00, real=0.07 secs] 
35426.158: [GC 35426.159: [ParNew: 2304908K->30529K(2534400K), 0.0370980 secs] 7285117K->5012623K(10982400K), 0.0382100 secs] [Times: user=0.47 sys=0.00, real=0.04 secs] 
35426.201: [GC 35426.202: [ParNew: 33954K->31618K(2534400K), 0.0192090 secs] 5016048K->5014893K(10982400K), 0.0199070 secs] [Times: user=0.38 sys=0.01, real=0.02 secs] 
35427.742: [GC 35427.743: [ParNew: 2284418K->43671K(2534400K), 0.0519710 secs] 7267693K->5027597K(10982400K), 0.0529080 secs] [Times: user=0.42 sys=0.01, real=0.06 secs] 
35429.768: [GC 35429.769: [ParNew: 2296471K->37086K(2534400K), 0.0484370 secs] 7280397K->5023545K(10982400K), 0.0492790 secs] [Times: user=0.40 sys=0.01, real=0.05 secs] 
35431.734: [GC 35431.735: [ParNew: 2289886K->60119K(2534400K), 0.0512210 secs] 7276345K->5047840K(10982400K), 0.0520500 secs] [Times: user=0.54 sys=0.01, real=0.05 secs] 
35432.876: [GC 35432.876: [ParNew: 2312919K->82659K(2534400K), 0.0443630 secs] 7300640K->5070380K(10982400K), 0.0452720 secs] [Times: user=0.63 sys=0.00, real=0.04 secs] 
35434.600: [GC 35434.601: [ParNew: 2335459K->60799K(2534400K), 0.0477000 secs] 7323180K->5049812K(10982400K), 0.0485330 secs] [Times: user=0.46 sys=0.00, real=0.05 secs] 
35436.446: [GC 35436.446: [ParNew: 2313599K->51812K(2534400K), 0.0549020 secs] 7302612K->5043700K(10982400K), 0.0557590 secs] [Times: user=0.56 sys=0.00, real=0.05 secs] 
35437.936: [GC 35437.937: [ParNew: 2304612K->45336K(2534400K), 0.0476620 secs] 7296500K->5039026K(10982400K), 0.0485010 secs] [Times: user=0.50 sys=0.00, real=0.05 secs] 
35439.889: [GC 35439.890: [ParNew: 2298136K->38593K(2534400K), 0.0501210 secs] 7291826K->5033332K(10982400K), 0.0510490 secs] [Times: user=0.44 sys=0.00, real=0.05 secs] 
35442.232: [GC 35442.233: [ParNew: 2291393K->30282K(2534400K), 0.0502410 secs] 7286132K->5025377K(10982400K), 0.0511620 secs] [Times: user=0.44 sys=0.00, real=0.05 secs] 
35444.149: [GC 35444.149: [ParNew: 2283082K->33175K(2534400K), 0.0504050 secs] 7278177K->5029173K(10982400K), 0.0513180 secs] [Times: user=0.45 sys=0.00, real=0.05 secs] 
35445.637: [GC 35445.637: [ParNew: 2285975K->47963K(2534400K), 0.0498460 secs] 7281973K->5044784K(10982400K), 0.0510230 secs] [Times: user=0.51 sys=0.01, real=0.05 secs] 
35447.241: [GC 35447.242: [ParNew: 2300763K->49745K(2534400K), 0.0491240 secs] 7297584K->5047434K(10982400K), 0.0502070 secs] [Times: user=0.49 sys=0.01, real=0.05 secs] 
35449.291: [GC 35449.292: [ParNew: 2302545K->64000K(2534400K), 0.0588010 secs] 7300234K->5062651K(10982400K), 0.0601730 secs] [Times: user=0.57 sys=0.01, real=0.06 secs] 
35451.038: [GC 35451.039: [ParNew: 2316800K->95327K(2534400K), 0.0575710 secs] 7315451K->5094644K(10982400K), 0.0585700 secs] [Times: user=0.64 sys=0.00, real=0.06 secs] 
35452.478: [GC 35452.479: [ParNew: 2348127K->68342K(2534400K), 0.0647770 secs] 7347444K->5078735K(10982400K), 0.0659360 secs] [Times: user=0.43 sys=0.01, real=0.06 secs] 
35454.505: [GC 35454.506: [ParNew: 2321142K->50821K(2534400K), 0.0527620 secs] 7331535K->5061880K(10982400K), 0.0539530 secs] [Times: user=0.46 sys=0.00, real=0.06 secs] 
35456.167: [GC 35456.168: [ParNew: 2303621K->59372K(2534400K), 0.0512770 secs] 7314680K->5072247K(10982400K), 0.0524490 secs] [Times: user=0.55 sys=0.00, real=0.06 secs] 
35457.501: [GC 35457.501: [ParNew: 2312172K->66109K(2534400K), 0.0499570 secs] 7325047K->5079757K(10982400K), 0.0509710 secs] [Times: user=0.50 sys=0.00, real=0.05 secs] 
35459.182: [GC 35459.183: [ParNew: 2318909K->68758K(2534400K), 0.0562130 secs] 7332557K->5082996K(10982400K), 0.0573160 secs] [Times: user=0.50 sys=0.01, real=0.06 secs] 
35461.114: [GC 35461.114: [ParNew: 2321558K->68625K(2534400K), 0.0525020 secs] 7335796K->5084033K(10982400K), 0.0535190 secs] [Times: user=0.51 sys=0.01, real=0.05 secs] 
35463.136: [GC 35463.137: [ParNew: 2321425K->56363K(2534400K), 0.0772030 secs] 7336833K->5092455K(10982400K), 0.0782160 secs] [Times: user=0.46 sys=0.01, real=0.08 secs] 
35465.711: [GC 35465.711: [ParNew: 2309163K->38124K(2534400K), 0.0663550 secs] 7345255K->5077526K(10982400K), 0.0673830 secs] [Times: user=0.52 sys=0.00, real=0.06 secs] 
35467.472: [GC 35467.473: [ParNew: 2290924K->59080K(2534400K), 0.0616400 secs] 7330326K->5101056K(10982400K), 0.0628690 secs] [Times: user=0.58 sys=0.00, real=0.06 secs] 
35468.895: [GC 35468.895: [ParNew: 2311880K->54730K(2534400K), 0.0524290 secs] 7353856K->5098141K(10982400K), 0.0535790 secs] [Times: user=0.49 sys=0.00, real=0.05 secs] 
35470.220: [GC 35470.221: [ParNew: 2307530K->43465K(2534400K), 0.0490150 secs] 7350941K->5087654K(10982400K), 0.0501100 secs] [Times: user=0.47 sys=0.01, real=0.05 secs] 
35472.186: [GC 35472.187: [ParNew: 2296265K->35560K(2534400K), 0.0552910 secs] 7340454K->5080984K(10982400K), 0.0563150 secs] [Times: user=0.49 sys=0.01, real=0.06 secs] 
35473.628: [GC 35473.629: [ParNew: 2285366K->33274K(2534400K), 0.0481090 secs] 7330790K->5082154K(10982400K), 0.0491180 secs] [Times: user=0.45 sys=0.01, real=0.05 secs] 
35474.874: [GC 35474.875: [ParNew: 2286074K->33645K(2534400K), 0.0453580 secs] 7334954K->5084132K(10982400K), 0.0463670 secs] [Times: user=0.46 sys=0.00, real=0.05 secs] 
35476.313: [GC 35476.314: [ParNew: 2286445K->42553K(2534400K), 0.0560930 secs] 7336932K->5094020K(10982400K), 0.0571100 secs] [Times: user=0.48 sys=0.00, real=0.06 secs] 
35477.694: [GC 35477.694: [ParNew: 2295353K->40666K(2534400K), 0.0584770 secs] 7346820K->5093085K(10982400K), 0.0594780 secs] [Times: user=0.43 sys=0.00, real=0.06 secs] 
35478.820: [GC 35478.821: [ParNew: 2293466K->62244K(2534400K), 0.0466030 secs] 7345885K->5115467K(10982400K), 0.0477730 secs] [Times: user=0.48 sys=0.00, real=0.05 secs] 
35480.076: [GC 35480.077: [ParNew: 2315044K->79731K(2534400K), 0.0531560 secs] 7368267K->5133791K(10982400K), 0.0543510 secs] [Times: user=0.59 sys=0.00, real=0.06 secs] 
35481.418: [GC 35481.419: [ParNew: 2332531K->54458K(2534400K), 0.0523010 secs] 7386591K->5109296K(10982400K), 0.0534810 secs] [Times: user=0.49 sys=0.00, real=0.06 secs] 
35482.582: [GC 35482.582: [ParNew: 2307258K->33407K(2534400K), 0.0499180 secs] 7362096K->5089177K(10982400K), 0.0511000 secs] [Times: user=0.37 sys=0.00, real=0.05 secs] 
35484.891: [GC 35484.892: [ParNew: 2286207K->43512K(2534400K), 0.0623570 secs] 7341977K->5101895K(10982400K), 0.0635260 secs] [Times: user=0.49 sys=0.01, real=0.07 secs] 
35487.456: [GC 35487.457: [ParNew: 2296312K->50311K(2534400K), 0.0651710 secs] 7354695K->5110007K(10982400K), 0.0663660 secs] [Times: user=0.53 sys=0.00, real=0.07 secs] 
35489.655: [GC 35489.656: [ParNew: 2303111K->38532K(2534400K), 0.0514680 secs] 7362807K->5098885K(10982400K), 0.0526520 secs] [Times: user=0.40 sys=0.00, real=0.05 secs] 
35492.191: [GC 35492.191: [ParNew: 2291332K->38940K(2534400K), 0.0589190 secs] 7351685K->5099520K(10982400K), 0.0599480 secs] [Times: user=0.51 sys=0.00, real=0.06 secs] 
35494.423: [GC 35494.424: [ParNew: 2291740K->35613K(2534400K), 0.0527860 secs] 7352320K->5097417K(10982400K), 0.0539840 secs] [Times: user=0.43 sys=0.00, real=0.05 secs] 
35496.418: [GC 35496.419: [ParNew: 2288413K->41507K(2534400K), 0.0562670 secs] 7350217K->5106511K(10982400K), 0.0574490 secs] [Times: user=0.46 sys=0.01, real=0.06 secs] 
35498.275: [GC 35498.276: [ParNew: 2294307K->72254K(2534400K), 0.0591410 secs] 7359311K->5138463K(10982400K), 0.0601510 secs] [Times: user=0.63 sys=0.00, real=0.06 secs] 
35500.003: [GC 35500.004: [ParNew: 2325054K->55469K(2534400K), 0.0499480 secs] 7391263K->5122787K(10982400K), 0.0509680 secs] [Times: user=0.45 sys=0.00, real=0.06 secs] 
35502.267: [GC 35502.268: [ParNew: 2308269K->39288K(2534400K), 0.0619080 secs] 7375587K->5108103K(10982400K), 0.0630660 secs] [Times: user=0.51 sys=0.00, real=0.06 secs] 
35502.334: [GC [1 CMS-initial-mark: 5068815K(8448000K)] 5108224K(10982400K), 0.0748210 secs] [Times: user=0.07 sys=0.01, real=0.08 secs] 
35504.220: [GC 35504.221: [ParNew: 2292088K->82834K(2534400K), 0.0519030 secs] 7360903K->5152522K(10982400K), 0.0529590 secs] [Times: user=0.56 sys=0.00, real=0.05 secs] 
35506.101: [GC 35506.102: [ParNew: 2335584K->59309K(2534400K), 0.0556910 secs] 7405272K->5132146K(10982400K), 0.0568780 secs] [Times: user=0.46 sys=0.00, real=0.06 secs] 
35507.505: [GC[YG occupancy: 1623092 K (2534400 K)]35507.506: [Rescan (parallel) , 0.4429480 secs]35507.949: [weak refs processing, 0.0951640 secs] [1 CMS-remark: 5072836K(8448000K)] 6695929K(10982400K), 0.5401660 secs] [Times: user=9.17 sys=0.04, real=0.54 secs] 
35508.357: [GC 35508.357: [ParNew: 2312109K->90919K(2534400K), 0.0624260 secs] 7372347K->5152556K(10982400K), 0.0634510 secs] [Times: user=0.68 sys=0.00, real=0.06 secs] 
35509.840: [GC 35509.841: [ParNew: 2343719K->76006K(2534400K), 0.0517590 secs] 7289115K->5022867K(10982400K), 0.0527770 secs] [Times: user=0.48 sys=0.00, real=0.05 secs] 
35511.909: [GC 35511.910: [ParNew: 2328806K->111474K(2534400K), 0.0633300 secs] 7095260K->4879741K(10982400K), 0.0643470 secs] [Times: user=0.61 sys=0.00, real=0.06 secs] 
35513.758: [GC 35513.758: [ParNew: 2364274K->72753K(2534400K), 0.0560010 secs] 6843209K->4555422K(10982400K), 0.0570200 secs] [Times: user=0.49 sys=0.01, real=0.05 secs] 
35515.762: [GC 35515.763: [ParNew: 2325553K->36761K(2534400K), 0.0551880 secs] 6808222K->4521182K(10982400K), 0.0563450 secs] [Times: user=0.47 sys=0.01, real=0.06 secs] 
35517.267: [GC 35517.268: [ParNew: 2289561K->62358K(2534400K), 0.0515470 secs] 6773982K->4547725K(10982400K), 0.0525710 secs] [Times: user=0.56 sys=0.00, real=0.05 secs] 
35518.816: [GC 35518.817: [ParNew: 2315158K->46972K(2534400K), 0.0503140 secs] 6800525K->4533927K(10982400K), 0.0514980 secs] [Times: user=0.42 sys=0.00, real=0.06 secs] 
35520.714: [GC 35520.715: [ParNew: 2299772K->36502K(2534400K), 0.0517350 secs] 6786727K->4524326K(10982400K), 0.0527670 secs] [Times: user=0.47 sys=0.01, real=0.06 secs] 
35522.945: [GC 35522.945: [ParNew: 2289302K->67793K(2534400K), 0.0588140 secs] 6777126K->4557289K(10982400K), 0.0600070 secs] [Times: user=0.55 sys=0.00, real=0.06 secs] 
35524.575: [GC 35524.575: [ParNew: 2320593K->95089K(2534400K), 0.0560140 secs] 6810089K->4586323K(10982400K), 0.0571090 secs] [Times: user=0.60 sys=0.01, real=0.06 secs] 
35527.059: [GC 35527.060: [ParNew: 2347889K->69697K(2534400K), 0.0577220 secs] 6839123K->4561897K(10982400K), 0.0588670 secs] [Times: user=0.42 sys=0.00, real=0.06 secs] 
35529.227: [GC 35529.228: [ParNew: 2322497K->58288K(2534400K), 0.0585720 secs] 6814697K->4551904K(10982400K), 0.0597900 secs] [Times: user=0.52 sys=0.00, real=0.06 secs] 
35530.830: [GC 35530.830: [ParNew: 2311088K->80344K(2534400K), 0.0543960 secs] 6804704K->4574629K(10982400K), 0.0555770 secs] [Times: user=0.56 sys=0.01, real=0.05 secs] 
35532.339: [GC 35532.340: [ParNew: 2333144K->57101K(2534400K), 0.0543140 secs] 6827429K->4556312K(10982400K), 0.0555110 secs] [Times: user=0.44 sys=0.01, real=0.05 secs] 
35534.723: [GC 35534.723: [ParNew: 2309901K->38587K(2534400K), 0.0556540 secs] 6809112K->4541261K(10982400K), 0.0566860 secs] [Times: user=0.45 sys=0.00, real=0.06 secs] 
35537.221: [GC 35537.222: [ParNew: 2291387K->51848K(2534400K), 0.0570490 secs] 6794061K->4555579K(10982400K), 0.0582360 secs] [Times: user=0.49 sys=0.00, real=0.05 secs] 
35539.404: [GC 35539.404: [ParNew: 2304648K->53388K(2534400K), 0.0556650 secs] 6808379K->4558580K(10982400K), 0.0567020 secs] [Times: user=0.50 sys=0.00, real=0.06 secs] 
35541.253: [GC 35541.254: [ParNew: 2306188K->43160K(2534400K), 0.0510620 secs] 6811380K->4549116K(10982400K), 0.0522390 secs] [Times: user=0.46 sys=0.00, real=0.05 secs] 
35544.032: [GC 35544.033: [ParNew: 2295960K->62820K(2534400K), 0.0652600 secs] 6801916K->4569654K(10982400K), 0.0664420 secs] [Times: user=0.51 sys=0.01, real=0.06 secs] 
35546.545: [GC 35546.546: [ParNew: 2315620K->47219K(2534400K), 0.0621960 secs] 6822454K->4557339K(10982400K), 0.0634000 secs] [Times: user=0.46 sys=0.00, real=0.06 secs] 
35549.475: [GC 35549.476: [ParNew: 2300019K->53720K(2534400K), 0.0676340 secs] 6810139K->4564658K(10982400K), 0.0688350 secs] [Times: user=0.52 sys=0.01, real=0.07 secs] 
35551.459: [GC 35551.460: [ParNew: 2306520K->47969K(2534400K), 0.0535290 secs] 6817458K->4559631K(10982400K), 0.0547290 secs] [Times: user=0.45 sys=0.01, real=0.06 secs] 
35554.078: [GC 35554.079: [ParNew: 2300769K->40823K(2534400K), 0.0596260 secs] 6812431K->4554606K(10982400K), 0.0607780 secs] [Times: user=0.45 sys=0.01, real=0.06 secs] 
35555.813: [GC 35555.814: [ParNew: 2293623K->35612K(2534400K), 0.0479870 secs] 6807406K->4551122K(10982400K), 0.0491710 secs] [Times: user=0.39 sys=0.00, real=0.05 secs] 
35558.195: [GC 35558.196: [ParNew: 2288412K->64955K(2534400K), 0.0616040 secs] 6803922K->4582713K(10982400K), 0.0627840 secs] [Times: user=0.54 sys=0.00, real=0.06 secs] 
35560.053: [GC 35560.054: [ParNew: 2317755K->50686K(2534400K), 0.0535780 secs] 6835513K->4569526K(10982400K), 0.0547580 secs] [Times: user=0.48 sys=0.01, real=0.05 secs] 
35562.146: [GC 35562.146: [ParNew: 2303486K->41614K(2534400K), 0.0553110 secs] 6822326K->4561794K(10982400K), 0.0564940 secs] [Times: user=0.44 sys=0.00, real=0.05 secs] 
35563.974: [GC 35563.975: [ParNew: 2294414K->50991K(2534400K), 0.0545060 secs] 6814594K->4572973K(10982400K), 0.0557030 secs] [Times: user=0.49 sys=0.01, real=0.05 secs] 
35565.976: [GC 35565.976: [ParNew: 2303859K->56574K(2534400K), 0.0517940 secs] 6825841K->4579757K(10982400K), 0.0529360 secs] [Times: user=0.42 sys=0.00, real=0.05 secs] 
35566.033: [GC 35566.034: [ParNew: 56967K->55034K(2534400K), 0.0212780 secs] 4580150K->4579526K(10982400K), 0.0221130 secs] [Times: user=0.42 sys=0.01, real=0.03 secs] 
35567.971: [GC 35567.972: [ParNew: 2307834K->54421K(2534400K), 0.0525310 secs] 6832326K->4580457K(10982400K), 0.0535440 secs] [Times: user=0.50 sys=0.00, real=0.06 secs] 
35570.140: [GC 35570.141: [ParNew: 2307221K->44366K(2534400K), 0.0676390 secs] 6833257K->4583465K(10982400K), 0.0688010 secs] [Times: user=0.50 sys=0.01, real=0.07 secs] 
35572.137: [GC 35572.138: [ParNew: 2297166K->40117K(2534400K), 0.0537620 secs] 6836265K->4580878K(10982400K), 0.0547850 secs] [Times: user=0.50 sys=0.01, real=0.05 secs] 
35573.719: [GC 35573.719: [ParNew: 2293105K->54500K(2534400K), 0.0467250 secs] 6833866K->4595261K(10982400K), 0.0478390 secs] [Times: user=0.47 sys=0.00, real=0.05 secs] 
35573.772: [GC 35573.772: [ParNew: 57985K->61729K(2534400K), 0.0238330 secs] 4598746K->4604084K(10982400K), 0.0247020 secs] [Times: user=0.45 sys=0.00, real=0.03 secs] 
35575.869: [GC 35575.870: [ParNew: 2314529K->53870K(2534400K), 0.0599660 secs] 6856884K->4597506K(10982400K), 0.0611580 secs] [Times: user=0.54 sys=0.00, real=0.06 secs] 
35577.680: [GC 35577.680: [ParNew: 2306670K->41492K(2534400K), 0.0600040 secs] 6850306K->4586541K(10982400K), 0.0610490 secs] [Times: user=0.52 sys=0.00, real=0.06 secs] 
35579.545: [GC 35579.546: [ParNew: 2294292K->42537K(2534400K), 0.0544130 secs] 6839341K->4588381K(10982400K), 0.0554500 secs] [Times: user=0.52 sys=0.01, real=0.06 secs] 
35581.553: [GC 35581.554: [ParNew: 2295337K->68276K(2534400K), 0.0564780 secs] 6841181K->4614120K(10982400K), 0.0573890 secs] [Times: user=0.58 sys=0.00, real=0.06 secs] 
35583.633: [GC 35583.634: [ParNew: 2321076K->50800K(2534400K), 0.0583720 secs] 6866920K->4598277K(10982400K), 0.0592890 secs] [Times: user=0.53 sys=0.01, real=0.06 secs] 
35585.559: [GC 35585.560: [ParNew: 2303600K->50799K(2534400K), 0.0494140 secs] 6851077K->4599502K(10982400K), 0.0502780 secs] [Times: user=0.46 sys=0.00, real=0.05 secs] 
35587.505: [GC 35587.506: [ParNew: 2303599K->49945K(2534400K), 0.0499530 secs] 6852302K->4600169K(10982400K), 0.0509720 secs] [Times: user=0.41 sys=0.00, real=0.05 secs] 
35589.011: [GC 35589.012: [ParNew: 2302745K->49070K(2534400K), 0.0490260 secs] 6852969K->4601814K(10982400K), 0.0502040 secs] [Times: user=0.49 sys=0.01, real=0.05 secs] 
35590.486: [GC 35590.486: [ParNew: 2301870K->79716K(2534400K), 0.0542110 secs] 6854614K->4633726K(10982400K), 0.0552360 secs] [Times: user=0.64 sys=0.00, real=0.06 secs] 
35591.978: [GC 35591.978: [ParNew: 2332516K->57912K(2534400K), 0.0481700 secs] 6886526K->4616933K(10982400K), 0.0491800 secs] [Times: user=0.51 sys=0.00, real=0.04 secs] 
35594.030: [GC 35594.031: [ParNew: 2310712K->47335K(2534400K), 0.0575100 secs] 6869733K->4609721K(10982400K), 0.0586950 secs] [Times: user=0.52 sys=0.00, real=0.06 secs] 
35596.057: [GC 35596.058: [ParNew: 2300135K->46442K(2534400K), 0.0539450 secs] 6862521K->4610495K(10982400K), 0.0549720 secs] [Times: user=0.50 sys=0.00, real=0.06 secs] 
35597.753: [GC 35597.754: [ParNew: 2299242K->63407K(2534400K), 0.0552910 secs] 6863295K->4630965K(10982400K), 0.0562810 secs] [Times: user=0.60 sys=0.00, real=0.06 secs] 
35599.442: [GC 35599.443: [ParNew: 2316207K->51523K(2534400K), 0.0524290 secs] 6883765K->4620685K(10982400K), 0.0535490 secs] [Times: user=0.52 sys=0.01, real=0.05 secs] 
35601.266: [GC 35601.267: [ParNew: 2304323K->43992K(2534400K), 0.0558160 secs] 6873485K->4614154K(10982400K), 0.0569830 secs] [Times: user=0.49 sys=0.00, real=0.06 secs] 
35603.106: [GC 35603.106: [ParNew: 2296792K->47468K(2534400K), 0.0517300 secs] 6866954K->4619044K(10982400K), 0.0528930 secs] [Times: user=0.41 sys=0.00, real=0.05 secs] 
35604.904: [GC 35604.905: [ParNew: 2300268K->45646K(2534400K), 0.0557590 secs] 6871844K->4618814K(10982400K), 0.0570010 secs] [Times: user=0.53 sys=0.00, real=0.06 secs] 
35606.498: [GC 35606.499: [ParNew: 2298446K->35957K(2534400K), 0.0469050 secs] 6871614K->4611850K(10982400K), 0.0480700 secs] [Times: user=0.38 sys=0.01, real=0.05 secs] 
35607.868: [GC 35607.868: [ParNew: 2288757K->60644K(2534400K), 0.0608130 secs] 6864650K->4637573K(10982400K), 0.0618210 secs] [Times: user=0.49 sys=0.00, real=0.06 secs] 
35609.012: [GC 35609.013: [ParNew: 2313444K->68142K(2534400K), 0.0735610 secs] 6890373K->4645959K(10982400K), 0.0747730 secs] [Times: user=0.50 sys=0.00, real=0.07 secs] 
35610.207: [GC 35610.207: [ParNew: 2320942K->62783K(2534400K), 0.0733360 secs] 6898759K->4642637K(10982400K), 0.0744460 secs] [Times: user=0.53 sys=0.00, real=0.08 secs] 
35611.673: [GC 35611.674: [ParNew: 2315588K->54282K(2534400K), 0.0511980 secs] 6895442K->4635198K(10982400K), 0.0521870 secs] [Times: user=0.50 sys=0.00, real=0.05 secs] 
35611.730: [GC 35611.730: [ParNew: 56035K->61918K(2534400K), 0.0232800 secs] 4636951K->4644058K(10982400K), 0.0240140 secs] [Times: user=0.44 sys=0.01, real=0.03 secs] 
35613.004: [GC 35613.005: [ParNew: 2314718K->89823K(2534400K), 0.0512870 secs] 6896858K->4673034K(10982400K), 0.0522950 secs] [Times: user=0.58 sys=0.00, real=0.05 secs] 
35614.457: [GC 35614.458: [ParNew: 2342623K->60161K(2534400K), 0.0512450 secs] 6925834K->4644277K(10982400K), 0.0522670 secs] [Times: user=0.50 sys=0.00, real=0.05 secs] 
35616.353: [GC 35616.354: [ParNew: 2312961K->38010K(2534400K), 0.0567380 secs] 6897077K->4623254K(10982400K), 0.0577550 secs] [Times: user=0.52 sys=0.00, real=0.05 secs] 
35618.314: [GC 35618.315: [ParNew: 2290810K->44751K(2534400K), 0.0647390 secs] 6876054K->4629996K(10982400K), 0.0659480 secs] [Times: user=0.56 sys=0.00, real=0.06 secs] 
35619.878: [GC 35619.879: [ParNew: 2297551K->45228K(2534400K), 0.0587680 secs] 6882796K->4634202K(10982400K), 0.0599550 secs] [Times: user=0.51 sys=0.01, real=0.06 secs] 
35621.588: [GC 35621.589: [ParNew: 2298028K->66899K(2534400K), 0.0568010 secs] 6887002K->4657515K(10982400K), 0.0580070 secs] [Times: user=0.61 sys=0.00, real=0.06 secs] 
35623.466: [GC 35623.466: [ParNew: 2319699K->71322K(2534400K), 0.0639880 secs] 6910315K->4665855K(10982400K), 0.0652050 secs] [Times: user=0.47 sys=0.00, real=0.06 secs] 
35625.517: [GC 35625.517: [ParNew: 2324122K->91135K(2534400K), 0.0661160 secs] 6918655K->4687288K(10982400K), 0.0673150 secs] [Times: user=0.62 sys=0.00, real=0.07 secs] 
35627.042: [GC 35627.042: [ParNew: 2343935K->62589K(2534400K), 0.0549730 secs] 6940088K->4660051K(10982400K), 0.0561540 secs] [Times: user=0.40 sys=0.01, real=0.06 secs] 
35628.876: [GC 35628.876: [ParNew: 2315389K->51451K(2534400K), 0.0617090 secs] 6912851K->4649538K(10982400K), 0.0628990 secs] [Times: user=0.55 sys=0.00, real=0.06 secs] 
35630.752: [GC 35630.752: [ParNew: 2304251K->89959K(2534400K), 0.0679310 secs] 6902338K->4689987K(10982400K), 0.0689480 secs] [Times: user=0.58 sys=0.01, real=0.07 secs] 
35632.453: [GC 35632.454: [ParNew: 2342759K->57876K(2534400K), 0.0597710 secs] 6942787K->4660181K(10982400K), 0.0608780 secs] [Times: user=0.52 sys=0.00, real=0.07 secs] 
35634.217: [GC 35634.218: [ParNew: 2310676K->42933K(2534400K), 0.0635130 secs] 6912981K->4646562K(10982400K), 0.0646970 secs] [Times: user=0.49 sys=0.01, real=0.06 secs] 
35635.715: [GC 35635.716: [ParNew: 2295733K->47572K(2534400K), 0.0645800 secs] 6899362K->4654418K(10982400K), 0.0656080 secs] [Times: user=0.51 sys=0.01, real=0.06 secs] 
35637.033: [GC 35637.033: [ParNew: 2300372K->62349K(2534400K), 0.0709110 secs] 6907218K->4670611K(10982400K), 0.0720750 secs] [Times: user=0.42 sys=0.00, real=0.08 secs] 
35638.342: [GC 35638.343: [ParNew: 2315149K->48646K(2534400K), 0.0663200 secs] 6923411K->4657620K(10982400K), 0.0675150 secs] [Times: user=0.50 sys=0.00, real=0.07 secs] 
35639.842: [GC 35639.843: [ParNew: 2301446K->66916K(2534400K), 0.0794420 secs] 6910420K->4676961K(10982400K), 0.0806250 secs] [Times: user=0.55 sys=0.00, real=0.08 secs] 
35641.125: [GC 35641.126: [ParNew: 2319716K->69324K(2534400K), 0.0676660 secs] 6929761K->4680532K(10982400K), 0.0686790 secs] [Times: user=0.55 sys=0.00, real=0.07 secs] 
35642.308: [GC 35642.309: [ParNew: 2322124K->75198K(2534400K), 0.0674400 secs] 6933332K->4687648K(10982400K), 0.0684570 secs] [Times: user=0.56 sys=0.01, real=0.07 secs] 
35643.652: [GC 35643.653: [ParNew: 2327998K->64136K(2534400K), 0.0612210 secs] 6940448K->4677946K(10982400K), 0.0620690 secs] [Times: user=0.44 sys=0.00, real=0.06 secs] 
35644.864: [GC 35644.864: [ParNew: 2316864K->78020K(2534400K), 0.0586980 secs] 6930673K->4692684K(10982400K), 0.0597120 secs] [Times: user=0.46 sys=0.00, real=0.06 secs] 
35646.311: [GC 35646.312: [ParNew: 2330820K->85142K(2534400K), 0.0614440 secs] 6945484K->4701524K(10982400K), 0.0624790 secs] [Times: user=0.52 sys=0.00, real=0.06 secs] 
35647.638: [GC 35647.639: [ParNew: 2337942K->77779K(2534400K), 0.0671840 secs] 6954324K->4695143K(10982400K), 0.0681920 secs] [Times: user=0.42 sys=0.01, real=0.06 secs] 
35648.995: [GC 35648.996: [ParNew: 2330579K->78859K(2534400K), 0.0756650 secs] 6947943K->4697508K(10982400K), 0.0766800 secs] [Times: user=0.54 sys=0.00, real=0.08 secs] 
35650.144: [GC 35650.145: [ParNew: 2331659K->59937K(2534400K), 0.0650040 secs] 6950308K->4680687K(10982400K), 0.0660160 secs] [Times: user=0.52 sys=0.00, real=0.07 secs] 
35651.174: [GC 35651.174: [ParNew: 2312737K->40570K(2534400K), 0.0530270 secs] 6933487K->4663766K(10982400K), 0.0540430 secs] [Times: user=0.40 sys=0.01, real=0.06 secs] 
35652.294: [GC 35652.295: [ParNew: 2293370K->107423K(2534400K), 0.1080460 secs] 6916566K->4731460K(10982400K), 0.1090610 secs] [Times: user=0.45 sys=0.00, real=0.11 secs] 
35653.427: [GC 35653.427: [ParNew: 2360223K->90552K(2534400K), 0.1050680 secs] 6984260K->4715248K(10982400K), 0.1062470 secs] [Times: user=0.53 sys=0.00, real=0.11 secs] 
35654.356: [GC 35654.357: [ParNew: 2343352K->102637K(2534400K), 0.0869190 secs] 6968048K->4729055K(10982400K), 0.0881230 secs] [Times: user=0.67 sys=0.00, real=0.09 secs] 
35655.242: [GC 35655.243: [ParNew: 2355437K->116375K(2534400K), 0.0941880 secs] 6981855K->4743501K(10982400K), 0.0953510 secs] [Times: user=0.66 sys=0.01, real=0.09 secs] 
35656.383: [GC 35656.383: [ParNew: 2369175K->86477K(2534400K), 0.0775600 secs] 6996301K->4714377K(10982400K), 0.0786740 secs] [Times: user=0.45 sys=0.01, real=0.08 secs] 
35657.610: [GC 35657.610: [ParNew: 2339277K->89190K(2534400K), 0.0717320 secs] 6967177K->4717562K(10982400K), 0.0727230 secs] [Times: user=0.65 sys=0.00, real=0.07 secs] 
35658.897: [GC 35658.898: [ParNew: 2341990K->71218K(2534400K), 0.0694410 secs] 6970362K->4700398K(10982400K), 0.0706710 secs] [Times: user=0.47 sys=0.00, real=0.08 secs] 
35660.496: [GC 35660.496: [ParNew: 2324018K->76414K(2534400K), 0.0616250 secs] 6953198K->4707118K(10982400K), 0.0626470 secs] [Times: user=0.65 sys=0.00, real=0.07 secs] 
35661.420: [GC 35661.420: [ParNew: 2329214K->72984K(2534400K), 0.0635940 secs] 6959918K->4704854K(10982400K), 0.0645970 secs] [Times: user=0.47 sys=0.00, real=0.06 secs] 
35662.570: [GC 35662.570: [ParNew: 2325784K->92815K(2534400K), 0.0809050 secs] 6957654K->4725647K(10982400K), 0.0819200 secs] [Times: user=0.64 sys=0.01, real=0.08 secs] 
35663.529: [GC 35663.529: [ParNew: 2345615K->93461K(2534400K), 0.0802140 secs] 6978447K->4727349K(10982400K), 0.0812600 secs] [Times: user=0.50 sys=0.00, real=0.08 secs] 
35664.528: [GC 35664.529: [ParNew: 2346261K->73986K(2534400K), 0.0744370 secs] 6980149K->4712196K(10982400K), 0.0755190 secs] [Times: user=0.41 sys=0.00, real=0.08 secs] 
35665.853: [GC 35665.854: [ParNew: 2326786K->56287K(2534400K), 0.0672760 secs] 6964996K->4695772K(10982400K), 0.0683000 secs] [Times: user=0.45 sys=0.00, real=0.07 secs] 
35667.602: [GC 35667.603: [ParNew: 2309087K->58630K(2534400K), 0.0751010 secs] 6948572K->4698575K(10982400K), 0.0761180 secs] [Times: user=0.52 sys=0.00, real=0.07 secs] 
35669.014: [GC 35669.014: [ParNew: 2311430K->47056K(2534400K), 0.0604950 secs] 6951375K->4687731K(10982400K), 0.0616710 secs] [Times: user=0.46 sys=0.00, real=0.06 secs] 
35670.516: [GC 35670.516: [ParNew: 2299856K->58813K(2534400K), 0.0741730 secs] 6940531K->4701278K(10982400K), 0.0753470 secs] [Times: user=0.53 sys=0.00, real=0.08 secs] 
35672.043: [GC 35672.044: [ParNew: 2311613K->71800K(2534400K), 0.0891610 secs] 6954078K->4715298K(10982400K), 0.0903420 secs] [Times: user=0.55 sys=0.01, real=0.09 secs] 
35673.183: [GC 35673.184: [ParNew: 2324600K->76097K(2534400K), 0.0807410 secs] 6968098K->4722306K(10982400K), 0.0819000 secs] [Times: user=0.44 sys=0.00, real=0.08 secs] 
35674.398: [GC 35674.399: [ParNew: 2328897K->91795K(2534400K), 0.1059570 secs] 6975106K->4738899K(10982400K), 0.1070890 secs] [Times: user=0.55 sys=0.00, real=0.11 secs] 
35675.609: [GC 35675.609: [ParNew: 2344595K->87822K(2534400K), 0.0980870 secs] 6991699K->4736164K(10982400K), 0.0992460 secs] [Times: user=0.55 sys=0.00, real=0.10 secs] 
35676.641: [GC 35676.641: [ParNew: 2340622K->66426K(2534400K), 0.0793690 secs] 6988964K->4717588K(10982400K), 0.0805210 secs] [Times: user=0.52 sys=0.00, real=0.08 secs] 
35677.709: [GC 35677.710: [ParNew: 2319226K->67153K(2534400K), 0.0765690 secs] 6970388K->4718925K(10982400K), 0.0776800 secs] [Times: user=0.42 sys=0.00, real=0.08 secs] 
35678.513: [GC 35678.514: [ParNew: 2319953K->60572K(2534400K), 0.0668370 secs] 6971725K->4712856K(10982400K), 0.0681640 secs] [Times: user=0.54 sys=0.00, real=0.07 secs] 
35679.229: [GC 35679.230: [ParNew: 2313372K->49051K(2534400K), 0.0471520 secs] 6965656K->4702480K(10982400K), 0.0483290 secs] [Times: user=0.42 sys=0.00, real=0.05 secs] 
35680.519: [GC 35680.520: [ParNew: 2301851K->107672K(2534400K), 0.0985220 secs] 6955280K->4762154K(10982400K), 0.0997450 secs] [Times: user=0.63 sys=0.00, real=0.10 secs] 
35681.960: [GC 35681.961: [ParNew: 2360472K->118394K(2534400K), 0.1126270 secs] 7014954K->4773198K(10982400K), 0.1138040 secs] [Times: user=0.52 sys=0.01, real=0.12 secs] 
35683.765: [GC 35683.765: [ParNew: 2371194K->40924K(2534400K), 0.0611140 secs] 7025998K->4702838K(10982400K), 0.0622740 secs] [Times: user=0.32 sys=0.01, real=0.06 secs] 
35685.589: [GC 35685.589: [ParNew: 2293724K->76396K(2534400K), 0.0651450 secs] 6955638K->4740934K(10982400K), 0.0663400 secs] [Times: user=0.67 sys=0.00, real=0.07 secs] 
35687.359: [GC 35687.359: [ParNew: 2329196K->65219K(2534400K), 0.0546090 secs] 6993734K->4731186K(10982400K), 0.0557650 secs] [Times: user=0.45 sys=0.00, real=0.06 secs] 
35689.297: [GC 35689.298: [ParNew: 2318019K->38424K(2534400K), 0.0518920 secs] 6983986K->4705020K(10982400K), 0.0530680 secs] [Times: user=0.39 sys=0.00, real=0.05 secs] 
35690.975: [GC 35690.976: [ParNew: 2291224K->37764K(2534400K), 0.0591700 secs] 6957820K->4705331K(10982400K), 0.0603490 secs] [Times: user=0.52 sys=0.00, real=0.06 secs] 
35692.821: [GC 35692.822: [ParNew: 2290564K->38091K(2534400K), 0.0533780 secs] 6958131K->4707439K(10982400K), 0.0545670 secs] [Times: user=0.44 sys=0.01, real=0.06 secs] 
35694.875: [GC 35694.875: [ParNew: 2290891K->79165K(2534400K), 0.0616310 secs] 6960239K->4750128K(10982400K), 0.0628260 secs] [Times: user=0.58 sys=0.00, real=0.06 secs] 
35696.331: [GC 35696.332: [ParNew: 2331965K->58598K(2534400K), 0.0522810 secs] 7002928K->4730775K(10982400K), 0.0534450 secs] [Times: user=0.45 sys=0.00, real=0.06 secs] 
35697.621: [GC 35697.622: [ParNew: 2311398K->57938K(2534400K), 0.0535610 secs] 6983575K->4730732K(10982400K), 0.0545780 secs] [Times: user=0.52 sys=0.01, real=0.06 secs] 
35698.987: [GC 35698.988: [ParNew: 2310738K->44367K(2534400K), 0.0531960 secs] 6983532K->4717709K(10982400K), 0.0543550 secs] [Times: user=0.46 sys=0.00, real=0.05 secs] 
35700.445: [GC 35700.446: [ParNew: 2297167K->75435K(2534400K), 0.0556470 secs] 6970509K->4750535K(10982400K), 0.0568350 secs] [Times: user=0.53 sys=0.00, real=0.05 secs] 
35701.952: [GC 35701.953: [ParNew: 2328184K->61435K(2534400K), 0.0552070 secs] 7003284K->4738917K(10982400K), 0.0563740 secs] [Times: user=0.49 sys=0.00, real=0.06 secs] 
35703.369: [GC 35703.370: [ParNew: 2314235K->40225K(2534400K), 0.0478740 secs] 6991717K->4718776K(10982400K), 0.0490380 secs] [Times: user=0.45 sys=0.00, real=0.05 secs] 
35704.886: [GC 35704.887: [ParNew: 2293025K->38491K(2534400K), 0.0524240 secs] 6971576K->4717524K(10982400K), 0.0536030 secs] [Times: user=0.40 sys=0.00, real=0.05 secs] 
35706.648: [GC 35706.649: [ParNew: 2291291K->39004K(2534400K), 0.0561300 secs] 6970324K->4719110K(10982400K), 0.0571600 secs] [Times: user=0.48 sys=0.00, real=0.06 secs] 
35708.232: [GC 35708.233: [ParNew: 2291804K->38372K(2534400K), 0.0536570 secs] 6971910K->4719590K(10982400K), 0.0546680 secs] [Times: user=0.48 sys=0.01, real=0.06 secs] 
35709.773: [GC 35709.774: [ParNew: 2291172K->35061K(2534400K), 0.0497330 secs] 6972390K->4717375K(10982400K), 0.0509250 secs] [Times: user=0.38 sys=0.00, real=0.05 secs] 
35711.369: [GC 35711.370: [ParNew: 2287861K->35204K(2534400K), 0.0562500 secs] 6970175K->4718765K(10982400K), 0.0574050 secs] [Times: user=0.46 sys=0.01, real=0.06 secs] 
35713.053: [GC 35713.053: [ParNew: 2288004K->54355K(2534400K), 0.0569700 secs] 6971565K->4739070K(10982400K), 0.0580610 secs] [Times: user=0.52 sys=0.00, real=0.06 secs] 
35714.266: [GC 35714.266: [ParNew: 2307155K->85395K(2534400K), 0.0558610 secs] 6991870K->4770672K(10982400K), 0.0571150 secs] [Times: user=0.69 sys=0.00, real=0.06 secs] 
35715.682: [GC 35715.683: [ParNew: 2338195K->65451K(2534400K), 0.0572060 secs] 7023472K->4752246K(10982400K), 0.0583800 secs] [Times: user=0.47 sys=0.00, real=0.06 secs] 
35717.199: [GC 35717.200: [ParNew: 2318251K->36090K(2534400K), 0.0555530 secs] 7005046K->4723897K(10982400K), 0.0567540 secs] [Times: user=0.47 sys=0.00, real=0.05 secs] 
35718.716: [GC 35718.717: [ParNew: 2288890K->44378K(2534400K), 0.0533750 secs] 6976697K->4732961K(10982400K), 0.0545620 secs] [Times: user=0.49 sys=0.00, real=0.06 secs] 
35720.437: [GC 35720.438: [ParNew: 2297178K->40995K(2534400K), 0.0567930 secs] 6985761K->4730294K(10982400K), 0.0579150 secs] [Times: user=0.45 sys=0.00, real=0.06 secs] 
35721.890: [GC 35721.891: [ParNew: 2293795K->42856K(2534400K), 0.0570570 secs] 6983094K->4733358K(10982400K), 0.0582720 secs] [Times: user=0.51 sys=0.00, real=0.06 secs] 
35723.062: [GC 35723.063: [ParNew: 2295656K->58836K(2534400K), 0.0510560 secs] 6986158K->4750083K(10982400K), 0.0522080 secs] [Times: user=0.51 sys=0.00, real=0.05 secs] 
35724.393: [GC 35724.393: [ParNew: 2311636K->47656K(2534400K), 0.0543780 secs] 7002883K->4739995K(10982400K), 0.0555430 secs] [Times: user=0.42 sys=0.00, real=0.06 secs] 
35725.519: [GC 35725.520: [ParNew: 2300456K->37912K(2534400K), 0.0476890 secs] 6992795K->4732589K(10982400K), 0.0488630 secs] [Times: user=0.41 sys=0.01, real=0.05 secs] 
35726.730: [GC 35726.730: [ParNew: 2290712K->46322K(2534400K), 0.0569970 secs] 6985389K->4743051K(10982400K), 0.0581520 secs] [Times: user=0.52 sys=0.00, real=0.05 secs] 
35727.577: [GC 35727.578: [ParNew: 2299122K->52047K(2534400K), 0.0457480 secs] 6995851K->4749602K(10982400K), 0.0469220 secs] [Times: user=0.49 sys=0.00, real=0.05 secs] 
35728.339: [GC 35728.339: [ParNew: 2304847K->68412K(2534400K), 0.0447600 secs] 7002402K->4767134K(10982400K), 0.0457580 secs] [Times: user=0.52 sys=0.01, real=0.04 secs] 
35729.175: [GC 35729.176: [ParNew: 2321212K->62112K(2534400K), 0.0423170 secs] 7019934K->4762198K(10982400K), 0.0433800 secs] [Times: user=0.45 sys=0.00, real=0.05 secs] 
35730.588: [GC 35730.589: [ParNew: 2314912K->50273K(2534400K), 0.0529520 secs] 7014998K->4751670K(10982400K), 0.0540480 secs] [Times: user=0.49 sys=0.00, real=0.06 secs] 
35731.831: [GC 35731.831: [ParNew: 2303073K->58743K(2534400K), 0.0521320 secs] 7004470K->4760853K(10982400K), 0.0533050 secs] [Times: user=0.55 sys=0.00, real=0.05 secs] 
35733.241: [GC 35733.242: [ParNew: 2311543K->68473K(2534400K), 0.0635030 secs] 7013653K->4771101K(10982400K), 0.0645070 secs] [Times: user=0.56 sys=0.00, real=0.06 secs] 
35734.750: [GC 35734.751: [ParNew: 2321273K->91580K(2534400K), 0.0728910 secs] 7023901K->4794873K(10982400K), 0.0739780 secs] [Times: user=0.55 sys=0.00, real=0.07 secs] 
35736.150: [GC 35736.151: [ParNew: 2344380K->103555K(2534400K), 0.0565720 secs] 7047673K->4809934K(10982400K), 0.0575830 secs] [Times: user=0.68 sys=0.01, real=0.05 secs] 
35737.684: [GC 35737.685: [ParNew: 2356355K->75739K(2534400K), 0.0509070 secs] 7062734K->4783467K(10982400K), 0.0519260 secs] [Times: user=0.50 sys=0.00, real=0.05 secs] 
35738.521: [GC 35738.522: [ParNew: 2328539K->40865K(2534400K), 0.0368600 secs] 7036267K->4750053K(10982400K), 0.0379340 secs] [Times: user=0.47 sys=0.00, real=0.03 secs] 
35739.798: [GC 35739.799: [ParNew: 2293665K->70234K(2534400K), 0.0521440 secs] 7002853K->4786578K(10982400K), 0.0533390 secs] [Times: user=0.52 sys=0.00, real=0.06 secs] 
35741.106: [GC 35741.106: [ParNew: 2323034K->58293K(2534400K), 0.0485160 secs] 7039378K->4779896K(10982400K), 0.0496910 secs] [Times: user=0.47 sys=0.00, real=0.05 secs] 
35742.430: [GC 35742.431: [ParNew: 2311093K->53141K(2534400K), 0.0478640 secs] 7032696K->4777451K(10982400K), 0.0488560 secs] [Times: user=0.52 sys=0.00, real=0.05 secs] 
35743.752: [GC 35743.753: [ParNew: 2305941K->70656K(2534400K), 0.0557280 secs] 7030251K->4795757K(10982400K), 0.0569170 secs] [Times: user=0.58 sys=0.00, real=0.05 secs] 
35745.197: [GC 35745.198: [ParNew: 2323456K->86908K(2534400K), 0.0587350 secs] 7048557K->4813578K(10982400K), 0.0600100 secs] [Times: user=0.64 sys=0.00, real=0.06 secs] 
35746.170: [GC 35746.171: [ParNew: 2339708K->57617K(2534400K), 0.0426280 secs] 7066378K->4785797K(10982400K), 0.0437920 secs] [Times: user=0.49 sys=0.00, real=0.05 secs] 
35747.620: [GC 35747.621: [ParNew: 2310417K->42181K(2534400K), 0.0514090 secs] 7038597K->4772111K(10982400K), 0.0525860 secs] [Times: user=0.46 sys=0.00, real=0.06 secs] 
35748.739: [GC 35748.740: [ParNew: 2294981K->59094K(2534400K), 0.0487600 secs] 7024911K->4789537K(10982400K), 0.0498480 secs] [Times: user=0.58 sys=0.00, real=0.05 secs] 
35749.964: [GC 35749.964: [ParNew: 2311894K->47711K(2534400K), 0.0465840 secs] 7042337K->4781193K(10982400K), 0.0476010 secs] [Times: user=0.44 sys=0.00, real=0.04 secs] 
35751.655: [GC 35751.656: [ParNew: 2300511K->35979K(2534400K), 0.0553420 secs] 7033993K->4769840K(10982400K), 0.0563670 secs] [Times: user=0.46 sys=0.01, real=0.05 secs] 
35753.225: [GC 35753.226: [ParNew: 2288779K->43819K(2534400K), 0.0542160 secs] 7022640K->4778105K(10982400K), 0.0552180 secs] [Times: user=0.50 sys=0.01, real=0.05 secs] 
35754.819: [GC 35754.820: [ParNew: 2296619K->35776K(2534400K), 0.0526740 secs] 7030905K->4771125K(10982400K), 0.0537200 secs] [Times: user=0.47 sys=0.00, real=0.06 secs] 
35756.149: [GC 35756.150: [ParNew: 2288576K->59284K(2534400K), 0.0491260 secs] 7023925K->4795269K(10982400K), 0.0503010 secs] [Times: user=0.49 sys=0.01, real=0.05 secs] 
35757.289: [GC 35757.289: [ParNew: 2312084K->45448K(2534400K), 0.0521590 secs] 7048069K->4782453K(10982400K), 0.0533530 secs] [Times: user=0.49 sys=0.00, real=0.05 secs] 
35758.470: [GC 35758.471: [ParNew: 2298248K->44498K(2534400K), 0.0549990 secs] 7035253K->4782708K(10982400K), 0.0561800 secs] [Times: user=0.48 sys=0.01, real=0.06 secs] 
35759.951: [GC 35759.952: [ParNew: 2297298K->35964K(2534400K), 0.0520120 secs] 7035508K->4775480K(10982400K), 0.0531990 secs] [Times: user=0.46 sys=0.00, real=0.06 secs] 
35761.394: [GC 35761.395: [ParNew: 2288764K->72944K(2534400K), 0.0533400 secs] 7028280K->4813059K(10982400K), 0.0543530 secs] [Times: user=0.59 sys=0.00, real=0.05 secs] 
35762.587: [GC 35762.588: [ParNew: 2325744K->54254K(2534400K), 0.0483160 secs] 7065859K->4796541K(10982400K), 0.0493220 secs] [Times: user=0.43 sys=0.00, real=0.05 secs] 
35764.174: [GC 35764.175: [ParNew: 2307054K->68167K(2534400K), 0.0547200 secs] 7049341K->4811250K(10982400K), 0.0558910 secs] [Times: user=0.56 sys=0.00, real=0.05 secs] 
35765.606: [GC 35765.607: [ParNew: 2320967K->52253K(2534400K), 0.0534030 secs] 7064050K->4796562K(10982400K), 0.0544160 secs] [Times: user=0.42 sys=0.00, real=0.05 secs] 
35766.708: [GC 35766.709: [ParNew: 2305053K->85934K(2534400K), 0.0554750 secs] 7049362K->4832065K(10982400K), 0.0565350 secs] [Times: user=0.68 sys=0.01, real=0.06 secs] 
35768.237: [GC 35768.238: [ParNew: 2338734K->65369K(2534400K), 0.0518110 secs] 7084865K->4812091K(10982400K), 0.0528360 secs] [Times: user=0.42 sys=0.00, real=0.05 secs] 
35769.450: [GC 35769.450: [ParNew: 2318169K->88681K(2534400K), 0.0627510 secs] 7064891K->4837174K(10982400K), 0.0637610 secs] [Times: user=0.71 sys=0.01, real=0.06 secs] 
35770.596: [GC 35770.597: [ParNew: 2341493K->69603K(2534400K), 0.0534690 secs] 7089986K->4819028K(10982400K), 0.0545820 secs] [Times: user=0.46 sys=0.00, real=0.05 secs] 
35770.655: [GC 35770.655: [ParNew: 77899K->56611K(2534400K), 0.0223580 secs] 4827324K->4807290K(10982400K), 0.0231020 secs] [Times: user=0.45 sys=0.01, real=0.02 secs] 
35772.181: [GC 35772.182: [ParNew: 2309410K->56592K(2534400K), 0.0602080 secs] 7060089K->4808730K(10982400K), 0.0613950 secs] [Times: user=0.46 sys=0.00, real=0.06 secs] 
35773.304: [GC 35773.305: [ParNew: 2309392K->95855K(2534400K), 0.0569340 secs] 7061530K->4849425K(10982400K), 0.0580040 secs] [Times: user=0.62 sys=0.01, real=0.06 secs] 
35774.575: [GC 35774.576: [ParNew: 2348655K->71241K(2534400K), 0.0534130 secs] 7102225K->4825759K(10982400K), 0.0545690 secs] [Times: user=0.44 sys=0.00, real=0.06 secs] 
35775.617: [GC 35775.618: [ParNew: 2324041K->49016K(2534400K), 0.0521210 secs] 7078559K->4803535K(10982400K), 0.0532920 secs] [Times: user=0.51 sys=0.00, real=0.05 secs] 
35776.722: [GC 35776.723: [ParNew: 2301816K->41782K(2534400K), 0.0517440 secs] 7056335K->4797122K(10982400K), 0.0529060 secs] [Times: user=0.42 sys=0.00, real=0.06 secs] 
35777.879: [GC 35777.879: [ParNew: 2294586K->47929K(2534400K), 0.0638220 secs] 7049926K->4804566K(10982400K), 0.0649680 secs] [Times: user=0.49 sys=0.00, real=0.06 secs] 
35779.102: [GC 35779.102: [ParNew: 2300752K->60796K(2534400K), 0.0676790 secs] 7057388K->4817856K(10982400K), 0.0688140 secs] [Times: user=0.42 sys=0.00, real=0.07 secs] 
35779.175: [GC 35779.175: [ParNew: 61035K->58679K(2534400K), 0.0253700 secs] 4818096K->4817345K(10982400K), 0.0262410 secs] [Times: user=0.49 sys=0.00, real=0.03 secs] 
35780.445: [GC 35780.446: [ParNew: 2311479K->83051K(2534400K), 0.0831920 secs] 7070145K->4842592K(10982400K), 0.0846060 secs] [Times: user=0.50 sys=0.00, real=0.09 secs] 
35782.135: [GC 35782.135: [ParNew: 2335851K->96563K(2534400K), 0.1036710 secs] 7095392K->4856796K(10982400K), 0.1048290 secs] [Times: user=0.60 sys=0.00, real=0.11 secs] 
35783.823: [GC 35783.823: [ParNew: 2349363K->83450K(2534400K), 0.1010220 secs] 7109596K->4844739K(10982400K), 0.1022160 secs] [Times: user=0.51 sys=0.00, real=0.10 secs] 
35785.549: [GC 35785.549: [ParNew: 2336250K->54797K(2534400K), 0.0767270 secs] 7097539K->4816086K(10982400K), 0.0779040 secs] [Times: user=0.43 sys=0.00, real=0.07 secs] 
35787.049: [GC 35787.050: [ParNew: 2307597K->94623K(2534400K), 0.0998380 secs] 7068886K->4857007K(10982400K), 0.1010360 secs] [Times: user=0.52 sys=0.01, real=0.10 secs] 
35788.344: [GC 35788.345: [ParNew: 2347423K->74795K(2534400K), 0.0664420 secs] 7109807K->4838629K(10982400K), 0.0676340 secs] [Times: user=0.57 sys=0.00, real=0.07 secs] 
35789.390: [GC 35789.391: [ParNew: 2327595K->98418K(2534400K), 0.0625820 secs] 7091429K->4863869K(10982400K), 0.0637460 secs] [Times: user=0.56 sys=0.01, real=0.06 secs] 
35790.398: [GC 35790.399: [ParNew: 2351218K->96440K(2534400K), 0.0717430 secs] 7116669K->4862829K(10982400K), 0.0729440 secs] [Times: user=0.55 sys=0.01, real=0.07 secs] 
35791.521: [GC 35791.522: [ParNew: 2349257K->93889K(2534400K), 0.0747740 secs] 7115646K->4862519K(10982400K), 0.0757950 secs] [Times: user=0.58 sys=0.00, real=0.07 secs] 
35791.601: [GC 35791.601: [ParNew: 94082K->79026K(2534400K), 0.0272350 secs] 4862712K->4850946K(10982400K), 0.0279740 secs] [Times: user=0.50 sys=0.00, real=0.03 secs] 
35792.593: [GC 35792.594: [ParNew: 2331826K->85284K(2534400K), 0.0785200 secs] 7103746K->4870317K(10982400K), 0.0795420 secs] [Times: user=0.43 sys=0.00, real=0.08 secs] 
35793.599: [GC 35793.600: [ParNew: 2338084K->64151K(2534400K), 0.0714290 secs] 7123117K->4850530K(10982400K), 0.0724480 secs] [Times: user=0.46 sys=0.01, real=0.07 secs] 
35794.448: [GC 35794.449: [ParNew: 2316951K->38666K(2534400K), 0.0556220 secs] 7103330K->4826254K(10982400K), 0.0566380 secs] [Times: user=0.46 sys=0.01, real=0.06 secs] 
35795.338: [GC 35795.339: [ParNew: 2291466K->45590K(2534400K), 0.0598520 secs] 7079054K->4833178K(10982400K), 0.0609390 secs] [Times: user=0.44 sys=0.00, real=0.07 secs] 
35796.401: [GC 35796.401: [ParNew: 2298390K->49949K(2534400K), 0.0683830 secs] 7085978K->4837970K(10982400K), 0.0695540 secs] [Times: user=0.44 sys=0.00, real=0.07 secs] 
35797.650: [GC 35797.651: [ParNew: 2302749K->43578K(2534400K), 0.0616410 secs] 7090770K->4832122K(10982400K), 0.0628240 secs] [Times: user=0.40 sys=0.01, real=0.06 secs] 
35798.877: [GC 35798.878: [ParNew: 2296378K->74895K(2534400K), 0.0598130 secs] 7084922K->4863879K(10982400K), 0.0609000 secs] [Times: user=0.49 sys=0.00, real=0.06 secs] 
35800.166: [GC 35800.167: [ParNew: 2327695K->69519K(2534400K), 0.0664610 secs] 7116679K->4859389K(10982400K), 0.0677110 secs] [Times: user=0.46 sys=0.01, real=0.07 secs] 
35801.252: [GC 35801.253: [ParNew: 2322319K->52513K(2534400K), 0.0539430 secs] 7112189K->4843165K(10982400K), 0.0549530 secs] [Times: user=0.40 sys=0.00, real=0.05 secs] 
35802.523: [GC 35802.524: [ParNew: 2305313K->52207K(2534400K), 0.0609810 secs] 7095965K->4843361K(10982400K), 0.0621960 secs] [Times: user=0.41 sys=0.00, real=0.06 secs] 
35803.659: [GC 35803.660: [ParNew: 2305007K->69398K(2534400K), 0.0583360 secs] 7096161K->4861163K(10982400K), 0.0594880 secs] [Times: user=0.47 sys=0.00, real=0.06 secs] 
35804.764: [GC 35804.765: [ParNew: 2322198K->51222K(2534400K), 0.0605380 secs] 7113963K->4844700K(10982400K), 0.0617200 secs] [Times: user=0.51 sys=0.01, real=0.06 secs] 
35805.761: [GC 35805.762: [ParNew: 2304022K->59228K(2534400K), 0.0516240 secs] 7097500K->4853667K(10982400K), 0.0527790 secs] [Times: user=0.44 sys=0.00, real=0.05 secs] 
35806.695: [GC 35806.696: [ParNew: 2312028K->54600K(2534400K), 0.0647290 secs] 7106467K->4853861K(10982400K), 0.0658930 secs] [Times: user=0.51 sys=0.00, real=0.07 secs] 
35807.661: [GC 35807.662: [ParNew: 2307400K->84903K(2534400K), 0.0758400 secs] 7106661K->4885447K(10982400K), 0.0769890 secs] [Times: user=0.59 sys=0.00, real=0.07 secs] 
35808.589: [GC 35808.590: [ParNew: 2337703K->50526K(2534400K), 0.0501260 secs] 7138247K->4852459K(10982400K), 0.0513210 secs] [Times: user=0.44 sys=0.00, real=0.06 secs] 
35810.091: [GC 35810.092: [ParNew: 2303326K->36447K(2534400K), 0.0565010 secs] 7105259K->4839819K(10982400K), 0.0577010 secs] [Times: user=0.40 sys=0.00, real=0.05 secs] 
35811.792: [GC 35811.792: [ParNew: 2289247K->40390K(2534400K), 0.0588090 secs] 7092619K->4844660K(10982400K), 0.0599810 secs] [Times: user=0.44 sys=0.00, real=0.06 secs] 
35813.187: [GC 35813.187: [ParNew: 2293190K->38930K(2534400K), 0.0524500 secs] 7097460K->4844184K(10982400K), 0.0536180 secs] [Times: user=0.47 sys=0.00, real=0.05 secs] 
35814.802: [GC 35814.803: [ParNew: 2291730K->51281K(2534400K), 0.0556870 secs] 7096984K->4857172K(10982400K), 0.0568440 secs] [Times: user=0.51 sys=0.00, real=0.05 secs] 
35816.665: [GC 35816.666: [ParNew: 2304081K->41579K(2534400K), 0.0546420 secs] 7109972K->4848149K(10982400K), 0.0558150 secs] [Times: user=0.44 sys=0.00, real=0.05 secs] 
35817.982: [GC 35817.982: [ParNew: 2294379K->53288K(2534400K), 0.0481030 secs] 7100949K->4860903K(10982400K), 0.0491180 secs] [Times: user=0.47 sys=0.00, real=0.05 secs] 
35819.240: [GC 35819.241: [ParNew: 2306088K->59821K(2534400K), 0.0544710 secs] 7113703K->4868032K(10982400K), 0.0556480 secs] [Times: user=0.58 sys=0.00, real=0.06 secs] 
35820.742: [GC 35820.743: [ParNew: 2312621K->52964K(2534400K), 0.0550830 secs] 7120832K->4862852K(10982400K), 0.0562680 secs] [Times: user=0.49 sys=0.00, real=0.06 secs] 
35822.297: [GC 35822.298: [ParNew: 2305764K->46541K(2534400K), 0.0578310 secs] 7115652K->4858071K(10982400K), 0.0589690 secs] [Times: user=0.51 sys=0.00, real=0.06 secs] 
35823.363: [GC 35823.364: [ParNew: 2299341K->38669K(2534400K), 0.0543400 secs] 7110871K->4851024K(10982400K), 0.0554990 secs] [Times: user=0.47 sys=0.00, real=0.05 secs] 
35824.427: [GC 35824.428: [ParNew: 2291469K->48768K(2534400K), 0.0576000 secs] 7103824K->4862101K(10982400K), 0.0587820 secs] [Times: user=0.53 sys=0.01, real=0.06 secs] 
35825.566: [GC 35825.567: [ParNew: 2301568K->36943K(2534400K), 0.0547680 secs] 7114901K->4851838K(10982400K), 0.0559890 secs] [Times: user=0.48 sys=0.01, real=0.05 secs] 
35826.950: [GC 35826.951: [ParNew: 2289743K->39372K(2534400K), 0.0550580 secs] 7104638K->4855558K(10982400K), 0.0560760 secs] [Times: user=0.51 sys=0.00, real=0.06 secs] 
35828.485: [GC 35828.485: [ParNew: 2292172K->61598K(2534400K), 0.0553240 secs] 7108358K->4878714K(10982400K), 0.0563280 secs] [Times: user=0.55 sys=0.00, real=0.05 secs] 
35829.928: [GC 35829.929: [ParNew: 2314398K->52154K(2534400K), 0.0529690 secs] 7131514K->4869943K(10982400K), 0.0540800 secs] [Times: user=0.42 sys=0.00, real=0.05 secs] 
35831.503: [GC 35831.504: [ParNew: 2304954K->54869K(2534400K), 0.0532850 secs] 7122743K->4873525K(10982400K), 0.0545080 secs] [Times: user=0.45 sys=0.00, real=0.06 secs] 
35833.232: [GC 35833.232: [ParNew: 2307669K->61361K(2534400K), 0.0548690 secs] 7126325K->4882059K(10982400K), 0.0559840 secs] [Times: user=0.51 sys=0.00, real=0.06 secs] 
35834.939: [GC 35834.939: [ParNew: 2314161K->93341K(2534400K), 0.0660620 secs] 7134859K->4915280K(10982400K), 0.0672440 secs] [Times: user=0.68 sys=0.01, real=0.07 secs] 
35836.839: [GC 35836.840: [ParNew: 2346141K->80883K(2534400K), 0.0662680 secs] 7168080K->4906381K(10982400K), 0.0674320 secs] [Times: user=0.60 sys=0.01, real=0.07 secs] 
35838.591: [GC 35838.592: [ParNew: 2333683K->67894K(2534400K), 0.0634930 secs] 7159181K->4902665K(10982400K), 0.0646020 secs] [Times: user=0.53 sys=0.01, real=0.07 secs] 
35840.305: [GC 35840.306: [ParNew: 2320694K->66023K(2534400K), 0.0607870 secs] 7155465K->4906143K(10982400K), 0.0618870 secs] [Times: user=0.60 sys=0.00, real=0.07 secs] 
35842.274: [GC 35842.275: [ParNew: 2318823K->76685K(2534400K), 0.0706000 secs] 7158943K->4929656K(10982400K), 0.0717940 secs] [Times: user=0.53 sys=0.00, real=0.08 secs] 
35844.498: [GC 35844.499: [ParNew: 2329485K->53058K(2534400K), 0.0596800 secs] 7182456K->4907628K(10982400K), 0.0608640 secs] [Times: user=0.44 sys=0.00, real=0.06 secs] 
35846.333: [GC 35846.334: [ParNew: 2305858K->30011K(2534400K), 0.0513840 secs] 7160428K->4886225K(10982400K), 0.0525480 secs] [Times: user=0.39 sys=0.01, real=0.05 secs] 
35847.869: [GC 35847.870: [ParNew: 2282724K->34212K(2534400K), 0.0508320 secs] 7138938K->4891543K(10982400K), 0.0519800 secs] [Times: user=0.43 sys=0.01, real=0.05 secs] 
35849.428: [GC 35849.429: [ParNew: 2287012K->33669K(2534400K), 0.0513140 secs] 7144343K->4892097K(10982400K), 0.0523220 secs] [Times: user=0.49 sys=0.00, real=0.05 secs] 
35851.567: [GC 35851.567: [ParNew: 2286469K->51896K(2534400K), 0.0628360 secs] 7144897K->4911198K(10982400K), 0.0639730 secs] [Times: user=0.56 sys=0.00, real=0.07 secs] 
35853.761: [GC 35853.762: [ParNew: 2304696K->55251K(2534400K), 0.0559280 secs] 7163998K->4915402K(10982400K), 0.0571080 secs] [Times: user=0.46 sys=0.00, real=0.06 secs] 
35855.548: [GC 35855.548: [ParNew: 2308051K->47495K(2534400K), 0.0551660 secs] 7168202K->4908581K(10982400K), 0.0561830 secs] [Times: user=0.51 sys=0.00, real=0.05 secs] 
35857.204: [GC 35857.205: [ParNew: 2300327K->38840K(2534400K), 0.0526100 secs] 7161413K->4901480K(10982400K), 0.0535880 secs] [Times: user=0.50 sys=0.00, real=0.05 secs] 
35857.262: [GC 35857.262: [ParNew: 39284K->37895K(2534400K), 0.0195430 secs] 4901924K->4901905K(10982400K), 0.0202830 secs] [Times: user=0.37 sys=0.00, real=0.02 secs] 
35859.200: [GC 35859.201: [ParNew: 2290819K->42426K(2534400K), 0.0724020 secs] 7154829K->4907702K(10982400K), 0.0735050 secs] [Times: user=0.55 sys=0.00, real=0.07 secs] 
35859.277: [GC 35859.278: [ParNew: 42616K->38962K(2534400K), 0.0242850 secs] 4907892K->4906357K(10982400K), 0.0250320 secs] [Times: user=0.46 sys=0.01, real=0.03 secs] 
35860.924: [GC 35860.925: [ParNew: 2291762K->37324K(2534400K), 0.0582200 secs] 7159157K->4909037K(10982400K), 0.0593010 secs] [Times: user=0.45 sys=0.00, real=0.06 secs] 
35862.382: [GC 35862.382: [ParNew: 2290124K->34436K(2534400K), 0.0464160 secs] 7161837K->4906149K(10982400K), 0.0473430 secs] [Times: user=0.44 sys=0.00, real=0.05 secs] 
35864.156: [GC 35864.157: [ParNew: 2287236K->46169K(2534400K), 0.0526490 secs] 7158949K->4919434K(10982400K), 0.0535920 secs] [Times: user=0.48 sys=0.00, real=0.06 secs] 
35865.618: [GC 35865.619: [ParNew: 2298969K->55280K(2534400K), 0.0643370 secs] 7172234K->4928545K(10982400K), 0.0651900 secs] [Times: user=0.45 sys=0.00, real=0.07 secs] 
35866.878: [GC 35866.878: [ParNew: 2308080K->40371K(2534400K), 0.0578820 secs] 7181345K->4914264K(10982400K), 0.0587270 secs] [Times: user=0.52 sys=0.01, real=0.06 secs] 
35868.675: [GC 35868.676: [ParNew: 2293171K->37487K(2534400K), 0.0597460 secs] 7167064K->4911991K(10982400K), 0.0605940 secs] [Times: user=0.50 sys=0.00, real=0.06 secs] 
35870.717: [GC 35870.718: [ParNew: 2290287K->38250K(2534400K), 0.0558070 secs] 7164791K->4914132K(10982400K), 0.0567330 secs] [Times: user=0.44 sys=0.01, real=0.06 secs] 
35872.140: [GC 35872.141: [ParNew: 2291050K->48344K(2534400K), 0.0592290 secs] 7166932K->4925394K(10982400K), 0.0601440 secs] [Times: user=0.42 sys=0.01, real=0.06 secs] 
35873.380: [GC 35873.381: [ParNew: 2301144K->59676K(2534400K), 0.0616160 secs] 7178194K->4938288K(10982400K), 0.0624890 secs] [Times: user=0.59 sys=0.01, real=0.07 secs] 
35874.609: [GC 35874.609: [ParNew: 2312476K->62082K(2534400K), 0.0645460 secs] 7191088K->4941924K(10982400K), 0.0655280 secs] [Times: user=0.49 sys=0.00, real=0.07 secs] 
35875.828: [GC 35875.829: [ParNew: 2314863K->62346K(2534400K), 0.0602630 secs] 7194705K->4943510K(10982400K), 0.0611980 secs] [Times: user=0.57 sys=0.00, real=0.06 secs] 
35877.280: [GC 35877.280: [ParNew: 2315146K->73522K(2534400K), 0.0598200 secs] 7196310K->4955497K(10982400K), 0.0607510 secs] [Times: user=0.58 sys=0.01, real=0.06 secs] 
35879.008: [GC 35879.009: [ParNew: 2326322K->50434K(2534400K), 0.0511180 secs] 7208297K->4933742K(10982400K), 0.0521010 secs] [Times: user=0.46 sys=0.01, real=0.05 secs] 
35880.889: [GC 35880.890: [ParNew: 2303261K->54630K(2534400K), 0.0600310 secs] 7186569K->4939785K(10982400K), 0.0609510 secs] [Times: user=0.59 sys=0.00, real=0.06 secs] 
35880.954: [GC 35880.955: [ParNew: 55730K->64540K(2534400K), 0.0205290 secs] 4940885K->4950329K(10982400K), 0.0212960 secs] [Times: user=0.42 sys=0.00, real=0.02 secs] 
35882.542: [GC 35882.543: [ParNew: 2317340K->54339K(2534400K), 0.0530590 secs] 7203129K->4941467K(10982400K), 0.0540960 secs] [Times: user=0.50 sys=0.00, real=0.05 secs] 
35884.260: [GC 35884.261: [ParNew: 2307139K->50777K(2534400K), 0.0613150 secs] 7194267K->4939866K(10982400K), 0.0625320 secs] [Times: user=0.51 sys=0.01, real=0.07 secs] 
35885.959: [GC 35885.960: [ParNew: 2303577K->62596K(2534400K), 0.0545670 secs] 7192666K->4953938K(10982400K), 0.0556010 secs] [Times: user=0.45 sys=0.01, real=0.06 secs] 
35887.756: [GC 35887.757: [ParNew: 2315396K->72793K(2534400K), 0.0618270 secs] 7206738K->4964135K(10982400K), 0.0630130 secs] [Times: user=0.56 sys=0.01, real=0.06 secs] 
35888.956: [GC 35888.957: [ParNew: 2325653K->70030K(2534400K), 0.0627220 secs] 7216996K->4968631K(10982400K), 0.0638710 secs] [Times: user=0.57 sys=0.00, real=0.06 secs] 
35889.024: [GC 35889.025: [ParNew: 73118K->65889K(2534400K), 0.0265240 secs] 4971720K->4970672K(10982400K), 0.0273690 secs] [Times: user=0.40 sys=0.01, real=0.02 secs] 
35890.625: [GC 35890.626: [ParNew: 2318689K->112825K(2534400K), 0.1103400 secs] 7223472K->5028654K(10982400K), 0.1117710 secs] [Times: user=0.65 sys=0.01, real=0.11 secs] 
35892.482: [GC 35892.483: [ParNew: 2365625K->91419K(2534400K), 0.0931530 secs] 7281454K->5009770K(10982400K), 0.0941750 secs] [Times: user=0.51 sys=0.00, real=0.10 secs] 
35894.529: [GC 35894.529: [ParNew: 2344219K->58060K(2534400K), 0.0817930 secs] 7262570K->4978134K(10982400K), 0.0828000 secs] [Times: user=0.55 sys=0.00, real=0.08 secs] 
35896.365: [GC 35896.365: [ParNew: 2310860K->82821K(2534400K), 0.0905950 secs] 7230934K->5002895K(10982400K), 0.0916240 secs] [Times: user=0.48 sys=0.00, real=0.09 secs] 
35898.217: [GC 35898.218: [ParNew: 2335621K->36674K(2534400K), 0.0553150 secs] 7255695K->4957807K(10982400K), 0.0563450 secs] [Times: user=0.46 sys=0.00, real=0.05 secs] 
35900.167: [GC 35900.168: [ParNew: 2289474K->36886K(2534400K), 0.0549690 secs] 7210607K->4959275K(10982400K), 0.0559950 secs] [Times: user=0.42 sys=0.01, real=0.05 secs] 
35901.635: [GC 35901.636: [ParNew: 2289686K->60259K(2534400K), 0.0564340 secs] 7212075K->4983744K(10982400K), 0.0574560 secs] [Times: user=0.46 sys=0.01, real=0.05 secs] 
35903.002: [GC 35903.003: [ParNew: 2313059K->43448K(2534400K), 0.0517240 secs] 7236544K->4967713K(10982400K), 0.0527490 secs] [Times: user=0.45 sys=0.00, real=0.05 secs] 
35904.095: [GC 35904.095: [ParNew: 2296248K->40635K(2534400K), 0.0481130 secs] 7220513K->4966007K(10982400K), 0.0491220 secs] [Times: user=0.49 sys=0.00, real=0.05 secs] 
35905.105: [GC 35905.106: [ParNew: 2293435K->36182K(2534400K), 0.0474960 secs] 7218807K->4962628K(10982400K), 0.0486760 secs] [Times: user=0.44 sys=0.01, real=0.05 secs] 
35905.709: [GC 35905.710: [ParNew: 2288982K->64872K(2534400K), 0.0447740 secs] 7215428K->4992351K(10982400K), 0.0459290 secs] [Times: user=0.55 sys=0.01, real=0.04 secs] 
35906.282: [GC 35906.282: [ParNew: 2317672K->56902K(2534400K), 0.0436210 secs] 7245151K->4985021K(10982400K), 0.0447450 secs] [Times: user=0.54 sys=0.00, real=0.05 secs] 
35906.859: [GC 35906.859: [ParNew: 2309702K->44759K(2534400K), 0.0402980 secs] 7237821K->4973650K(10982400K), 0.0414070 secs] [Times: user=0.42 sys=0.00, real=0.04 secs] 
35907.687: [GC 35907.688: [ParNew: 2297559K->48871K(2534400K), 0.0484150 secs] 7226450K->4979192K(10982400K), 0.0495480 secs] [Times: user=0.49 sys=0.00, real=0.05 secs] 
