0.844: [Full GC0.855: [SoftReference, 0 refs, 0.0000230 secs]0.855: [WeakReference, 183 refs, 0.0000090 secs]0.855: [FinalReference, 1110 refs, 0.0002100 secs]0.855: [PhantomReference, 1 refs, 0.0000030 secs]0.855: [JNI Weak Reference, 0.0000090 secs] 17M->3756K(13M), 0.0236280 secs]
   [Eden: 18.0M(24.0M)->0.0B(5120.0K) Survivors: 0.0B->0.0B Heap: 17.2M(256.0M)->3756.9K(13.0M)]
 [Times: user=0.02 sys=0.00, real=0.02 secs] 
0.868: [Full GC0.873: [SoftReference, 0 refs, 0.0000150 secs]0.873: [WeakReference, 159 refs, 0.0000070 secs]0.873: [FinalReference, 111 refs, 0.0000060 secs]0.873: [PhantomReference, 1 refs, 0.0000020 secs]0.874: [JNI Weak Reference, 0.0000020 secs] 3777K->3757K(13M), 0.0123430 secs]
   [Eden: 1024.0K(5120.0K)->0.0B(5120.0K) Survivors: 0.0B->0.0B Heap: 3777.4K(13.0M)->3757.0K(13.0M)]
 [Times: user=0.01 sys=0.00, real=0.01 secs] 
44.202: [Full GC44.213: [SoftReference, 0 refs, 0.0000130 secs]44.213: [WeakReference, 171 refs, 0.0000090 secs]44.213: [FinalReference, 74 refs, 0.0000130 secs]44.213: [PhantomReference, 1 refs, 0.0000030 secs]44.213: [JNI Weak Reference, 0.0000020 secs] 5120K->2076K(7168K), 0.0196900 secs]
   [Eden: 2048.0K(5120.0K)->0.0B(2048.0K) Survivors: 0.0B->0.0B Heap: 5120.6K(13.0M)->2076.9K(7168.0K)]
 [Times: user=0.01 sys=0.00, real=0.02 secs] 
44.538: [Full GC44.546: [SoftReference, 0 refs, 0.0000190 secs]44.546: [WeakReference, 171 refs, 0.0000080 secs]44.546: [FinalReference, 12 refs, 0.0000050 secs]44.546: [PhantomReference, 0 refs, 0.0000030 secs]44.546: [JNI Weak Reference, 0.0000020 secs] 2329K->2002K(7168K), 0.0167740 secs]
   [Eden: 1024.0K(2048.0K)->0.0B(2048.0K) Survivors: 0.0B->0.0B Heap: 2329.6K(7168.0K)->2002.5K(7168.0K)]
 [Times: user=0.01 sys=0.00, real=0.02 secs] 
44.914: [Full GC44.924: [SoftReference, 0 refs, 0.0000240 secs]44.924: [WeakReference, 171 refs, 0.0000070 secs]44.924: [FinalReference, 4 refs, 0.0000020 secs]44.924: [PhantomReference, 0 refs, 0.0000030 secs]44.924: [JNI Weak Reference, 0.0000030 secs] 2069K->1984K(7168K), 0.0178290 secs]
   [Eden: 1024.0K(2048.0K)->0.0B(2048.0K) Survivors: 0.0B->0.0B Heap: 2069.2K(7168.0K)->1984.7K(7168.0K)]
 [Times: user=0.02 sys=0.01, real=0.02 secs] 
45.290: [Full GC45.298: [SoftReference, 0 refs, 0.0000270 secs]45.298: [WeakReference, 171 refs, 0.0000090 secs]45.298: [FinalReference, 4 refs, 0.0000030 secs]45.298: [PhantomReference, 0 refs, 0.0000030 secs]45.298: [JNI Weak Reference, 0.0000030 secs] 2071K->1984K(7168K), 0.0173070 secs]
   [Eden: 1024.0K(2048.0K)->0.0B(2048.0K) Survivors: 0.0B->0.0B Heap: 2071.9K(7168.0K)->1984.7K(7168.0K)]
 [Times: user=0.02 sys=0.00, real=0.02 secs] 
45.665: [Full GC45.673: [SoftReference, 0 refs, 0.0000220 secs]45.673: [WeakReference, 171 refs, 0.0000070 secs]45.673: [FinalReference, 4 refs, 0.0000020 secs]45.673: [PhantomReference, 0 refs, 0.0000030 secs]45.673: [JNI Weak Reference, 0.0000030 secs] 2051K->1984K(7168K), 0.0167410 secs]
   [Eden: 1024.0K(2048.0K)->0.0B(2048.0K) Survivors: 0.0B->0.0B Heap: 2051.9K(7168.0K)->1984.7K(7168.0K)]
 [Times: user=0.02 sys=0.00, real=0.02 secs] 
46.042: [Full GC46.052: [SoftReference, 0 refs, 0.0000260 secs]46.052: [WeakReference, 171 refs, 0.0000070 secs]46.052: [FinalReference, 4 refs, 0.0000030 secs]46.052: [PhantomReference, 0 refs, 0.0000030 secs]46.052: [JNI Weak Reference, 0.0000030 secs] 2051K->1984K(7168K), 0.0176520 secs]
   [Eden: 1024.0K(2048.0K)->0.0B(2048.0K) Survivors: 0.0B->0.0B Heap: 2051.4K(7168.0K)->1984.7K(7168.0K)]
 [Times: user=0.02 sys=0.00, real=0.01 secs] 
46.371: [GC pause (young)46.373: [SoftReference, 0 refs, 0.0000380 secs]46.373: [WeakReference, 1 refs, 0.0000050 secs]46.373: [FinalReference, 8 refs, 0.0000110 secs]46.373: [PhantomReference, 0 refs, 0.0000040 secs]46.373: [JNI Weak Reference, 0.0000040 secs], 0.0024170 secs]
   [Parallel Time: 2.0 ms, GC Workers: 8]
      [GC Worker Start (ms): Min: 46371.2, Avg: 46371.8, Max: 46373.1, Diff: 1.9]
      [Ext Root Scanning (ms): Min: 0.0, Avg: 0.6, Max: 1.2, Diff: 1.2, Sum: 4.8]
      [Update RS (ms): Min: 0.0, Avg: 0.0, Max: 0.1, Diff: 0.1, Sum: 0.1]
         [Processed Buffers: Min: 0, Avg: 0.2, Max: 1, Diff: 1, Sum: 2]
      [Scan RS (ms): Min: 0.0, Avg: 0.0, Max: 0.0, Diff: 0.0, Sum: 0.0]
      [Object Copy (ms): Min: 0.0, Avg: 0.6, Max: 1.4, Diff: 1.4, Sum: 4.9]
      [Termination (ms): Min: 0.0, Avg: 0.1, Max: 0.1, Diff: 0.1, Sum: 0.7]
      [GC Worker Other (ms): Min: 0.0, Avg: 0.0, Max: 0.0, Diff: 0.0, Sum: 0.1]
      [GC Worker Total (ms): Min: 0.0, Avg: 1.3, Max: 2.0, Diff: 2.0, Sum: 10.6]
      [GC Worker End (ms): Min: 46373.2, Avg: 46373.2, Max: 46373.2, Diff: 0.0]
   [Code Root Fixup: 0.0 ms]
   [Clear CT: 0.1 ms]
   [Other: 0.3 ms]
      [Choose CSet: 0.0 ms]
      [Ref Proc: 0.2 ms]
      [Ref Enq: 0.0 ms]
      [Free CSet: 0.0 ms]
   [Eden: 2048.0K(2048.0K)->0.0B(1024.0K) Survivors: 0.0B->1024.0K Heap: 4032.7K(7168.0K)->3008.7K(7168.0K)]
 [Times: user=0.01 sys=0.00, real=0.00 secs] 
46.394: [GC pause (young)46.397: [SoftReference, 0 refs, 0.0000320 secs]46.397: [WeakReference, 0 refs, 0.0000030 secs]46.397: [FinalReference, 1 refs, 0.0000030 secs]46.397: [PhantomReference, 0 refs, 0.0000020 secs]46.397: [JNI Weak Reference, 0.0000030 secs], 0.0027650 secs]
   [Parallel Time: 2.4 ms, GC Workers: 8]
      [GC Worker Start (ms): Min: 46394.0, Avg: 46394.9, Max: 46396.3, Diff: 2.3]
      [Ext Root Scanning (ms): Min: 0.0, Avg: 0.6, Max: 1.0, Diff: 1.0, Sum: 4.5]
      [Update RS (ms): Min: 0.0, Avg: 0.0, Max: 0.1, Diff: 0.1, Sum: 0.1]
         [Processed Buffers: Min: 0, Avg: 1.0, Max: 8, Diff: 8, Sum: 8]
      [Scan RS (ms): Min: 0.0, Avg: 0.0, Max: 0.0, Diff: 0.0, Sum: 0.0]
      [Object Copy (ms): Min: 0.0, Avg: 0.7, Max: 1.2, Diff: 1.2, Sum: 5.7]
      [Termination (ms): Min: 0.0, Avg: 0.1, Max: 0.2, Diff: 0.2, Sum: 1.2]
      [GC Worker Other (ms): Min: 0.0, Avg: 0.0, Max: 0.0, Diff: 0.0, Sum: 0.0]
      [GC Worker Total (ms): Min: 0.0, Avg: 1.4, Max: 2.3, Diff: 2.3, Sum: 11.4]
      [GC Worker End (ms): Min: 46396.3, Avg: 46396.3, Max: 46396.3, Diff: 0.0]
   [Code Root Fixup: 0.0 ms]
   [Clear CT: 0.1 ms]
   [Other: 0.3 ms]
      [Choose CSet: 0.0 ms]
      [Ref Proc: 0.2 ms]
      [Ref Enq: 0.0 ms]
      [Free CSet: 0.0 ms]
   [Eden: 1024.0K(1024.0K)->0.0B(1024.0K) Survivors: 1024.0K->1024.0K Heap: 4032.7K(7168.0K)->3522.7K(7168.0K)]
 [Times: user=0.02 sys=0.00, real=0.00 secs] 
46.410: [GC pause (young)46.412: [SoftReference, 0 refs, 0.0000320 secs]46.412: [WeakReference, 1 refs, 0.0000120 secs]46.412: [FinalReference, 0 refs, 0.0000020 secs]46.412: [PhantomReference, 0 refs, 0.0000110 secs]46.412: [JNI Weak Reference, 0.0000030 secs], 0.0018280 secs]
   [Parallel Time: 1.4 ms, GC Workers: 8]
      [GC Worker Start (ms): Min: 46410.1, Avg: 46410.2, Max: 46410.2, Diff: 0.1]
      [Ext Root Scanning (ms): Min: 0.5, Avg: 0.5, Max: 0.6, Diff: 0.1, Sum: 4.3]
      [Update RS (ms): Min: 0.1, Avg: 0.2, Max: 0.4, Diff: 0.3, Sum: 1.9]
         [Processed Buffers: Min: 1, Avg: 1.6, Max: 4, Diff: 3, Sum: 13]
      [Scan RS (ms): Min: 0.0, Avg: 0.0, Max: 0.0, Diff: 0.0, Sum: 0.0]
      [Object Copy (ms): Min: 0.4, Avg: 0.5, Max: 0.6, Diff: 0.2, Sum: 4.0]
      [Termination (ms): Min: 0.0, Avg: 0.0, Max: 0.0, Diff: 0.0, Sum: 0.0]
      [GC Worker Other (ms): Min: 0.0, Avg: 0.0, Max: 0.0, Diff: 0.0, Sum: 0.2]
      [GC Worker Total (ms): Min: 1.3, Avg: 1.3, Max: 1.4, Diff: 0.1, Sum: 10.5]
      [GC Worker End (ms): Min: 46411.5, Avg: 46411.5, Max: 46411.5, Diff: 0.0]
   [Code Root Fixup: 0.0 ms]
   [Clear CT: 0.1 ms]
   [Other: 0.3 ms]
      [Choose CSet: 0.0 ms]
      [Ref Proc: 0.2 ms]
      [Ref Enq: 0.0 ms]
      [Free CSet: 0.0 ms]
   [Eden: 1024.0K(1024.0K)->0.0B(1024.0K) Survivors: 1024.0K->1024.0K Heap: 4546.7K(7168.0K)->3954.2K(7168.0K)]
 [Times: user=0.01 sys=0.00, real=0.01 secs] 
46.419: [Full GC46.428: [SoftReference, 0 refs, 0.0000220 secs]46.428: [WeakReference, 172 refs, 0.0000070 secs]46.428: [FinalReference, 5 refs, 0.0000030 secs]46.428: [PhantomReference, 0 refs, 0.0000020 secs]46.428: [JNI Weak Reference, 0.0000020 secs] 4841K->3982K(7168K), 0.0191030 secs]
   [Eden: 1024.0K(1024.0K)->0.0B(1024.0K) Survivors: 1024.0K->0.0B Heap: 4841.7K(7168.0K)->3982.2K(7168.0K)]
 [Times: user=0.03 sys=0.01, real=0.02 secs] 
46.445: [GC pause (young)46.447: [SoftReference, 0 refs, 0.0000190 secs]46.447: [WeakReference, 1 refs, 0.0000050 secs]46.447: [FinalReference, 0 refs, 0.0000020 secs]46.447: [PhantomReference, 0 refs, 0.0000020 secs]46.447: [JNI Weak Reference, 0.0000030 secs], 0.0022010 secs]
   [Parallel Time: 1.9 ms, GC Workers: 8]
      [GC Worker Start (ms): Min: 46445.3, Avg: 46446.1, Max: 46447.1, Diff: 1.8]
      [Ext Root Scanning (ms): Min: 0.0, Avg: 0.5, Max: 1.0, Diff: 1.0, Sum: 3.7]
      [Update RS (ms): Min: 0.0, Avg: 0.2, Max: 0.5, Diff: 0.5, Sum: 1.7]
         [Processed Buffers: Min: 0, Avg: 0.8, Max: 2, Diff: 2, Sum: 6]
      [Scan RS (ms): Min: 0.0, Avg: 0.0, Max: 0.0, Diff: 0.0, Sum: 0.0]
      [Object Copy (ms): Min: 0.0, Avg: 0.3, Max: 0.5, Diff: 0.5, Sum: 2.2]
      [Termination (ms): Min: 0.0, Avg: 0.1, Max: 0.1, Diff: 0.1, Sum: 0.5]
      [GC Worker Other (ms): Min: 0.0, Avg: 0.0, Max: 0.0, Diff: 0.0, Sum: 0.1]
      [GC Worker Total (ms): Min: 0.0, Avg: 1.0, Max: 1.9, Diff: 1.9, Sum: 8.3]
      [GC Worker End (ms): Min: 46447.1, Avg: 46447.1, Max: 46447.2, Diff: 0.0]
   [Code Root Fixup: 0.0 ms]
   [Clear CT: 0.1 ms]
   [Other: 0.2 ms]
      [Choose CSet: 0.0 ms]
      [Ref Proc: 0.2 ms]
      [Ref Enq: 0.0 ms]
      [Free CSet: 0.0 ms]
   [Eden: 1024.0K(1024.0K)->0.0B(1024.0K) Survivors: 0.0B->1024.0K Heap: 5006.2K(7168.0K)->4583.2K(7168.0K)]
 [Times: user=0.01 sys=0.00, real=0.00 secs] 
46.455: [GC pause (young) (initial-mark)46.458: [SoftReference, 0 refs, 0.0000150 secs]46.458: [WeakReference, 0 refs, 0.0000020 secs]46.458: [FinalReference, 0 refs, 0.0000020 secs]46.458: [PhantomReference, 0 refs, 0.0000020 secs]46.458: [JNI Weak Reference, 0.0000030 secs], 0.0032790 secs]
   [Parallel Time: 2.8 ms, GC Workers: 8]
      [GC Worker Start (ms): Min: 46455.1, Avg: 46455.8, Max: 46456.7, Diff: 1.6]
      [Ext Root Scanning (ms): Min: 0.0, Avg: 0.4, Max: 0.9, Diff: 0.9, Sum: 3.2]
      [Update RS (ms): Min: 0.0, Avg: 0.3, Max: 0.8, Diff: 0.8, Sum: 2.6]
         [Processed Buffers: Min: 0, Avg: 1.4, Max: 3, Diff: 3, Sum: 11]
      [Scan RS (ms): Min: 0.0, Avg: 0.0, Max: 0.4, Diff: 0.4, Sum: 0.4]
      [Object Copy (ms): Min: 1.0, Avg: 1.1, Max: 1.4, Diff: 0.5, Sum: 9.0]
      [Termination (ms): Min: 0.0, Avg: 0.1, Max: 0.1, Diff: 0.1, Sum: 0.5]
      [GC Worker Other (ms): Min: 0.0, Avg: 0.0, Max: 0.0, Diff: 0.0, Sum: 0.0]
      [GC Worker Total (ms): Min: 1.1, Avg: 2.0, Max: 2.7, Diff: 1.6, Sum: 15.6]
      [GC Worker End (ms): Min: 46457.8, Avg: 46457.8, Max: 46457.8, Diff: 0.0]
   [Code Root Fixup: 0.0 ms]
   [Clear CT: 0.1 ms]
   [Other: 0.4 ms]
      [Choose CSet: 0.0 ms]
      [Ref Proc: 0.2 ms]
      [Ref Enq: 0.0 ms]
      [Free CSet: 0.0 ms]
   [Eden: 1024.0K(1024.0K)->0.0B(1024.0K) Survivors: 1024.0K->1024.0K Heap: 5607.2K(7168.0K)->5089.9K(8192.0K)]
 [Times: user=0.02 sys=0.00, real=0.00 secs] 
46.458: [GC concurrent-root-region-scan-start]
46.460: [GC concurrent-root-region-scan-end, 0.0014530 secs]
46.460: [GC concurrent-mark-start]
46.465: [GC concurrent-mark-end, 0.0051540 secs]
46.465: [GC remark 46.465: [GC ref-proc46.465: [SoftReference, 0 refs, 0.0000180 secs]46.465: [WeakReference, 15 refs, 0.0000240 secs]46.465: [FinalReference, 0 refs, 0.0000110 secs]46.465: [PhantomReference, 0 refs, 0.0000110 secs]46.465: [JNI Weak Reference, 0.0000050 secs], 0.0000960 secs], 0.0012290 secs]
 [Times: user=0.00 sys=0.00, real=0.00 secs] 
46.466: [GC cleanup 5686K->5686K(8192K), 0.0005250 secs]
 [Times: user=0.00 sys=0.00, real=0.00 secs] 
46.473: [GC pause (young)46.476: [SoftReference, 0 refs, 0.0000150 secs]46.476: [WeakReference, 0 refs, 0.0000030 secs]46.476: [FinalReference, 0 refs, 0.0000030 secs]46.476: [PhantomReference, 0 refs, 0.0000030 secs]46.476: [JNI Weak Reference, 0.0000020 secs], 0.0029940 secs]
   [Parallel Time: 2.7 ms, GC Workers: 8]
      [GC Worker Start (ms): Min: 46473.4, Avg: 46474.4, Max: 46476.0, Diff: 2.6]
      [Ext Root Scanning (ms): Min: 0.0, Avg: 0.4, Max: 0.8, Diff: 0.8, Sum: 2.9]
      [Update RS (ms): Min: 0.0, Avg: 0.3, Max: 0.7, Diff: 0.7, Sum: 2.4]
         [Processed Buffers: Min: 0, Avg: 1.8, Max: 5, Diff: 5, Sum: 14]
      [Scan RS (ms): Min: 0.0, Avg: 0.0, Max: 0.0, Diff: 0.0, Sum: 0.0]
      [Object Copy (ms): Min: 0.0, Avg: 0.7, Max: 1.2, Diff: 1.2, Sum: 5.8]
      [Termination (ms): Min: 0.0, Avg: 0.1, Max: 0.2, Diff: 0.2, Sum: 1.2]
      [GC Worker Other (ms): Min: 0.0, Avg: 0.0, Max: 0.0, Diff: 0.0, Sum: 0.0]
      [GC Worker Total (ms): Min: 0.0, Avg: 1.5, Max: 2.6, Diff: 2.6, Sum: 12.3]
      [GC Worker End (ms): Min: 46476.0, Avg: 46476.0, Max: 46476.0, Diff: 0.0]
   [Code Root Fixup: 0.0 ms]
   [Clear CT: 0.1 ms]
   [Other: 0.2 ms]
      [Choose CSet: 0.0 ms]
      [Ref Proc: 0.2 ms]
      [Ref Enq: 0.0 ms]
      [Free CSet: 0.0 ms]
   [Eden: 1024.0K(1024.0K)->0.0B(1024.0K) Survivors: 1024.0K->1024.0K Heap: 6113.9K(8192.0K)->5311.9K(8192.0K)]
 [Times: user=0.02 sys=0.01, real=0.00 secs] 
46.488: [GC pause (young)46.490: [SoftReference, 0 refs, 0.0000150 secs]46.490: [WeakReference, 0 refs, 0.0000030 secs]46.490: [FinalReference, 0 refs, 0.0000030 secs]46.490: [PhantomReference, 0 refs, 0.0000020 secs]46.490: [JNI Weak Reference, 0.0000030 secs], 0.0023170 secs]
   [Parallel Time: 1.9 ms, GC Workers: 8]
      [GC Worker Start (ms): Min: 46487.7, Avg: 46487.9, Max: 46488.2, Diff: 0.5]
      [Ext Root Scanning (ms): Min: 0.2, Avg: 0.5, Max: 0.6, Diff: 0.4, Sum: 3.7]
      [Update RS (ms): Min: 0.4, Avg: 0.5, Max: 0.7, Diff: 0.3, Sum: 4.0]
         [Processed Buffers: Min: 1, Avg: 2.0, Max: 3, Diff: 2, Sum: 16]
      [Scan RS (ms): Min: 0.0, Avg: 0.0, Max: 0.0, Diff: 0.0, Sum: 0.0]
      [Object Copy (ms): Min: 0.5, Avg: 0.7, Max: 0.8, Diff: 0.3, Sum: 5.6]
      [Termination (ms): Min: 0.0, Avg: 0.0, Max: 0.0, Diff: 0.0, Sum: 0.0]
      [GC Worker Other (ms): Min: 0.0, Avg: 0.0, Max: 0.1, Diff: 0.1, Sum: 0.3]
      [GC Worker Total (ms): Min: 1.4, Avg: 1.7, Max: 1.9, Diff: 0.5, Sum: 13.7]
      [GC Worker End (ms): Min: 46489.6, Avg: 46489.6, Max: 46489.6, Diff: 0.1]
   [Code Root Fixup: 0.0 ms]
   [Clear CT: 0.1 ms]
   [Other: 0.3 ms]
      [Choose CSet: 0.0 ms]
      [Ref Proc: 0.2 ms]
      [Ref Enq: 0.0 ms]
      [Free CSet: 0.0 ms]
   [Eden: 1024.0K(1024.0K)->0.0B(1024.0K) Survivors: 1024.0K->1024.0K Heap: 6335.9K(8192.0K)->6210.8K(9216.0K)]
 [Times: user=0.01 sys=0.00, real=0.00 secs] 
46.497: [GC pause (young) (initial-mark)46.500: [SoftReference, 0 refs, 0.0000240 secs]46.500: [WeakReference, 0 refs, 0.0000020 secs]46.500: [FinalReference, 0 refs, 0.0000020 secs]46.500: [PhantomReference, 0 refs, 0.0000030 secs]46.500: [JNI Weak Reference, 0.0000020 secs], 0.0025990 secs]
   [Parallel Time: 2.2 ms, GC Workers: 8]
      [GC Worker Start (ms): Min: 46497.5, Avg: 46497.7, Max: 46497.9, Diff: 0.4]
      [Ext Root Scanning (ms): Min: 0.3, Avg: 0.5, Max: 0.7, Diff: 0.4, Sum: 3.9]
      [Update RS (ms): Min: 0.3, Avg: 0.6, Max: 0.8, Diff: 0.5, Sum: 4.7]
         [Processed Buffers: Min: 1, Avg: 2.0, Max: 3, Diff: 2, Sum: 16]
      [Scan RS (ms): Min: 0.0, Avg: 0.0, Max: 0.2, Diff: 0.2, Sum: 0.3]
      [Object Copy (ms): Min: 0.6, Avg: 0.8, Max: 1.0, Diff: 0.4, Sum: 6.4]
      [Termination (ms): Min: 0.0, Avg: 0.0, Max: 0.0, Diff: 0.0, Sum: 0.0]
      [GC Worker Other (ms): Min: 0.0, Avg: 0.1, Max: 0.1, Diff: 0.0, Sum: 0.6]
      [GC Worker Total (ms): Min: 1.8, Avg: 2.0, Max: 2.2, Diff: 0.4, Sum: 15.9]
      [GC Worker End (ms): Min: 46499.6, Avg: 46499.7, Max: 46499.7, Diff: 0.0]
   [Code Root Fixup: 0.0 ms]
   [Clear CT: 0.1 ms]
   [Other: 0.3 ms]
      [Choose CSet: 0.0 ms]
      [Ref Proc: 0.2 ms]
      [Ref Enq: 0.0 ms]
      [Free CSet: 0.0 ms]
   [Eden: 1024.0K(1024.0K)->0.0B(1024.0K) Survivors: 1024.0K->1024.0K Heap: 7234.8K(9216.0K)->6684.1K(9216.0K)]
 [Times: user=0.01 sys=0.00, real=0.00 secs] 
46.500: [GC concurrent-root-region-scan-start]
46.501: [GC concurrent-root-region-scan-end, 0.0008720 secs]
46.501: [GC concurrent-mark-start]
46.506: [GC concurrent-mark-end, 0.0047020 secs]
46.506: [GC remark 46.506: [GC ref-proc46.506: [SoftReference, 0 refs, 0.0000210 secs]46.506: [WeakReference, 15 refs, 0.0000110 secs]46.506: [FinalReference, 0 refs, 0.0000080 secs]46.506: [PhantomReference, 0 refs, 0.0000070 secs]46.506: [JNI Weak Reference, 0.0000040 secs], 0.0000780 secs], 0.0009750 secs]
 [Times: user=0.00 sys=0.00, real=0.00 secs] 
46.507: [GC cleanup 7486K->7486K(9216K), 0.0005680 secs]
 [Times: user=0.00 sys=0.00, real=0.00 secs] 
46.509: [GC pause (young)46.511: [SoftReference, 0 refs, 0.0000150 secs]46.511: [WeakReference, 0 refs, 0.0000030 secs]46.511: [FinalReference, 0 refs, 0.0000030 secs]46.511: [PhantomReference, 0 refs, 0.0000030 secs]46.511: [JNI Weak Reference, 0.0000020 secs], 0.0025370 secs]
   [Parallel Time: 2.3 ms, GC Workers: 8]
      [GC Worker Start (ms): Min: 46508.5, Avg: 46509.1, Max: 46510.7, Diff: 2.2]
      [Ext Root Scanning (ms): Min: 0.0, Avg: 0.4, Max: 0.6, Diff: 0.6, Sum: 3.3]
      [Update RS (ms): Min: 0.0, Avg: 0.5, Max: 0.9, Diff: 0.9, Sum: 4.4]
         [Processed Buffers: Min: 0, Avg: 2.5, Max: 6, Diff: 6, Sum: 20]
      [Scan RS (ms): Min: 0.0, Avg: 0.0, Max: 0.0, Diff: 0.0, Sum: 0.0]
      [Object Copy (ms): Min: 0.0, Avg: 0.7, Max: 0.9, Diff: 0.9, Sum: 5.3]
      [Termination (ms): Min: 0.0, Avg: 0.1, Max: 0.1, Diff: 0.1, Sum: 0.6]
      [GC Worker Other (ms): Min: 0.0, Avg: 0.0, Max: 0.0, Diff: 0.0, Sum: 0.2]
      [GC Worker Total (ms): Min: 0.0, Avg: 1.7, Max: 2.2, Diff: 2.2, Sum: 13.7]
      [GC Worker End (ms): Min: 46510.7, Avg: 46510.8, Max: 46510.8, Diff: 0.0]
   [Code Root Fixup: 0.0 ms]
   [Clear CT: 0.1 ms]
   [Other: 0.2 ms]
      [Choose CSet: 0.0 ms]
      [Ref Proc: 0.1 ms]
      [Ref Enq: 0.0 ms]
      [Free CSet: 0.0 ms]
   [Eden: 1024.0K(1024.0K)->0.0B(1024.0K) Survivors: 1024.0K->1024.0K Heap: 7708.1K(9216.0K)->7329.9K(10.0M)]
 [Times: user=0.02 sys=0.00, real=0.01 secs] 
46.515: [GC pause (young)46.518: [SoftReference, 0 refs, 0.0000150 secs]46.518: [WeakReference, 1 refs, 0.0000030 secs]46.518: [FinalReference, 0 refs, 0.0000020 secs]46.518: [PhantomReference, 0 refs, 0.0000020 secs]46.518: [JNI Weak Reference, 0.0000020 secs], 0.0030360 secs]
   [Parallel Time: 2.7 ms, GC Workers: 8]
      [GC Worker Start (ms): Min: 46515.1, Avg: 46516.2, Max: 46517.8, Diff: 2.7]
      [Ext Root Scanning (ms): Min: 0.0, Avg: 0.4, Max: 0.8, Diff: 0.8, Sum: 2.8]
      [Update RS (ms): Min: 0.0, Avg: 0.6, Max: 1.1, Diff: 1.1, Sum: 4.8]
         [Processed Buffers: Min: 0, Avg: 2.1, Max: 4, Diff: 4, Sum: 17]
      [Scan RS (ms): Min: 0.0, Avg: 0.0, Max: 0.0, Diff: 0.0, Sum: 0.0]
      [Object Copy (ms): Min: 0.0, Avg: 0.6, Max: 1.0, Diff: 1.0, Sum: 4.4]
      [Termination (ms): Min: 0.0, Avg: 0.1, Max: 0.1, Diff: 0.1, Sum: 0.5]
      [GC Worker Other (ms): Min: 0.0, Avg: 0.0, Max: 0.0, Diff: 0.0, Sum: 0.1]
      [GC Worker Total (ms): Min: 0.0, Avg: 1.6, Max: 2.7, Diff: 2.7, Sum: 12.6]
      [GC Worker End (ms): Min: 46517.8, Avg: 46517.8, Max: 46517.8, Diff: 0.0]
   [Code Root Fixup: 0.0 ms]
   [Clear CT: 0.1 ms]
   [Other: 0.2 ms]
      [Choose CSet: 0.0 ms]
      [Ref Proc: 0.2 ms]
      [Ref Enq: 0.0 ms]
      [Free CSet: 0.0 ms]
   [Eden: 1024.0K(1024.0K)->0.0B(1024.0K) Survivors: 1024.0K->1024.0K Heap: 8353.9K(10.0M)->7868.9K(10.0M)]
 [Times: user=0.02 sys=0.00, real=0.00 secs] 
46.522: [GC pause (young) (initial-mark)46.526: [SoftReference, 0 refs, 0.0000150 secs]46.526: [WeakReference, 1 refs, 0.0000030 secs]46.526: [FinalReference, 0 refs, 0.0000020 secs]46.526: [PhantomReference, 0 refs, 0.0000030 secs]46.526: [JNI Weak Reference, 0.0000020 secs], 0.0037010 secs]
   [Parallel Time: 3.4 ms, GC Workers: 8]
      [GC Worker Start (ms): Min: 46522.3, Avg: 46523.9, Max: 46525.6, Diff: 3.3]
      [Ext Root Scanning (ms): Min: 0.0, Avg: 0.4, Max: 0.8, Diff: 0.8, Sum: 3.1]
      [Update RS (ms): Min: 0.0, Avg: 0.6, Max: 1.4, Diff: 1.4, Sum: 5.1]
         [Processed Buffers: Min: 0, Avg: 2.4, Max: 6, Diff: 6, Sum: 19]
      [Scan RS (ms): Min: 0.0, Avg: 0.0, Max: 0.0, Diff: 0.0, Sum: 0.0]
      [Object Copy (ms): Min: 0.0, Avg: 0.6, Max: 1.3, Diff: 1.3, Sum: 4.5]
      [Termination (ms): Min: 0.0, Avg: 0.1, Max: 0.2, Diff: 0.2, Sum: 0.8]
      [GC Worker Other (ms): Min: 0.0, Avg: 0.0, Max: 0.0, Diff: 0.0, Sum: 0.0]
      [GC Worker Total (ms): Min: 0.0, Avg: 1.7, Max: 3.3, Diff: 3.3, Sum: 13.5]
      [GC Worker End (ms): Min: 46525.6, Avg: 46525.6, Max: 46525.6, Diff: 0.0]
   [Code Root Fixup: 0.0 ms]
   [Clear CT: 0.1 ms]
   [Other: 0.3 ms]
      [Choose CSet: 0.0 ms]
      [Ref Proc: 0.2 ms]
      [Ref Enq: 0.0 ms]
      [Free CSet: 0.0 ms]
   [Eden: 1024.0K(1024.0K)->0.0B(7168.0K) Survivors: 1024.0K->1024.0K Heap: 8892.9K(10.0M)->8201.8K(22.0M)]
 [Times: user=0.01 sys=0.00, real=0.00 secs] 
46.526: [GC concurrent-root-region-scan-start]
46.527: [GC concurrent-root-region-scan-end, 0.0008750 secs]
46.527: [GC concurrent-mark-start]
46.533: [GC concurrent-mark-end, 0.0059610 secs]
46.533: [GC remark 46.533: [GC ref-proc46.533: [SoftReference, 0 refs, 0.0000190 secs]46.533: [WeakReference, 15 refs, 0.0000160 secs]46.533: [FinalReference, 0 refs, 0.0000120 secs]46.533: [PhantomReference, 0 refs, 0.0000120 secs]46.533: [JNI Weak Reference, 0.0000060 secs], 0.0000940 secs], 0.0011670 secs]
 [Times: user=0.00 sys=0.00, real=0.00 secs] 
46.534: [GC cleanup 10008K->10008K(22M), 0.0003130 secs]
 [Times: user=0.00 sys=0.00, real=0.00 secs] 
46.569: [GC pause (young)46.573: [SoftReference, 0 refs, 0.0000150 secs]46.573: [WeakReference, 1 refs, 0.0000030 secs]46.573: [FinalReference, 0 refs, 0.0000110 secs]46.573: [PhantomReference, 0 refs, 0.0000020 secs]46.573: [JNI Weak Reference, 0.0000030 secs], 0.0047630 secs]
   [Parallel Time: 4.4 ms, GC Workers: 8]
      [GC Worker Start (ms): Min: 46568.6, Avg: 46569.4, Max: 46571.4, Diff: 2.7]
      [Ext Root Scanning (ms): Min: 0.0, Avg: 0.4, Max: 0.8, Diff: 0.8, Sum: 3.6]
      [Update RS (ms): Min: 0.0, Avg: 1.1, Max: 2.0, Diff: 2.0, Sum: 8.7]
         [Processed Buffers: Min: 0, Avg: 3.0, Max: 5, Diff: 5, Sum: 24]
      [Scan RS (ms): Min: 0.0, Avg: 0.0, Max: 0.0, Diff: 0.0, Sum: 0.0]
      [Object Copy (ms): Min: 1.5, Avg: 1.9, Max: 2.2, Diff: 0.7, Sum: 15.5]
      [Termination (ms): Min: 0.0, Avg: 0.1, Max: 0.1, Diff: 0.1, Sum: 0.4]
      [GC Worker Other (ms): Min: 0.0, Avg: 0.0, Max: 0.0, Diff: 0.0, Sum: 0.2]
      [GC Worker Total (ms): Min: 1.6, Avg: 3.5, Max: 4.3, Diff: 2.8, Sum: 28.3]
      [GC Worker End (ms): Min: 46572.9, Avg: 46573.0, Max: 46573.0, Diff: 0.0]
   [Code Root Fixup: 0.0 ms]
   [Clear CT: 0.1 ms]
   [Other: 0.3 ms]
      [Choose CSet: 0.0 ms]
      [Ref Proc: 0.2 ms]
      [Ref Enq: 0.0 ms]
      [Free CSet: 0.0 ms]
   [Eden: 7168.0K(7168.0K)->0.0B(18.0M) Survivors: 1024.0K->1024.0K Heap: 15.0M(22.0M)->10069.8K(44.0M)]
 [Times: user=0.03 sys=0.00, real=0.01 secs] 
46.579: [Full GC46.589: [SoftReference, 0 refs, 0.0000140 secs]46.589: [WeakReference, 172 refs, 0.0000080 secs]46.590: [FinalReference, 5 refs, 0.0000030 secs]46.590: [PhantomReference, 0 refs, 0.0000030 secs]46.590: [JNI Weak Reference, 0.0000020 secs] 13M->7846K(26M), 0.0256680 secs]
   [Eden: 4096.0K(18.0M)->0.0B(9216.0K) Survivors: 1024.0K->0.0B Heap: 13.5M(44.0M)->7846.3K(26.0M)]
 [Times: user=0.04 sys=0.00, real=0.03 secs] 
46.792: [GC pause (young)46.797: [SoftReference, 0 refs, 0.0000180 secs]46.797: [WeakReference, 1 refs, 0.0000030 secs]46.797: [FinalReference, 0 refs, 0.0000020 secs]46.797: [PhantomReference, 0 refs, 0.0000020 secs]46.797: [JNI Weak Reference, 0.0000020 secs], 0.0058650 secs]
   [Parallel Time: 5.3 ms, GC Workers: 8]
      [GC Worker Start (ms): Min: 46791.7, Avg: 46792.4, Max: 46794.5, Diff: 2.8]
      [Ext Root Scanning (ms): Min: 0.0, Avg: 0.7, Max: 1.6, Diff: 1.6, Sum: 5.4]
      [Update RS (ms): Min: 0.0, Avg: 0.9, Max: 1.5, Diff: 1.5, Sum: 7.2]
         [Processed Buffers: Min: 0, Avg: 2.8, Max: 6, Diff: 6, Sum: 22]
      [Scan RS (ms): Min: 0.3, Avg: 0.9, Max: 2.1, Diff: 1.8, Sum: 7.3]
      [Object Copy (ms): Min: 1.1, Avg: 1.9, Max: 2.2, Diff: 1.2, Sum: 15.5]
      [Termination (ms): Min: 0.0, Avg: 0.1, Max: 0.1, Diff: 0.1, Sum: 0.5]
      [GC Worker Other (ms): Min: 0.0, Avg: 0.0, Max: 0.0, Diff: 0.0, Sum: 0.2]
      [GC Worker Total (ms): Min: 2.4, Avg: 4.5, Max: 5.2, Diff: 2.8, Sum: 36.2]
      [GC Worker End (ms): Min: 46796.9, Avg: 46796.9, Max: 46796.9, Diff: 0.1]
   [Code Root Fixup: 0.0 ms]
   [Clear CT: 0.2 ms]
   [Other: 0.4 ms]
      [Choose CSet: 0.0 ms]
      [Ref Proc: 0.2 ms]
      [Ref Enq: 0.0 ms]
      [Free CSet: 0.0 ms]
   [Eden: 9216.0K(9216.0K)->0.0B(22.0M) Survivors: 0.0B->2048.0K Heap: 16.7M(26.0M)->11.2M(52.0M)]
 [Times: user=0.03 sys=0.00, real=0.00 secs] 
46.798: [Full GC46.811: [SoftReference, 0 refs, 0.0000220 secs]46.811: [WeakReference, 171 refs, 0.0000100 secs]46.811: [FinalReference, 5 refs, 0.0000030 secs]46.811: [PhantomReference, 0 refs, 0.0000020 secs]46.811: [JNI Weak Reference, 0.0000020 secs] 11M->9933K(33M), 0.0331350 secs]
   [Eden: 1024.0K(22.0M)->0.0B(12.0M) Survivors: 2048.0K->0.0B Heap: 11.4M(52.0M)->9933.8K(33.0M)]
 [Times: user=0.04 sys=0.00, real=0.04 secs] 
46.852: [Full GC46.868: [SoftReference, 0 refs, 0.0000180 secs]46.868: [WeakReference, 173 refs, 0.0000080 secs]46.868: [FinalReference, 5 refs, 0.0000030 secs]46.868: [PhantomReference, 0 refs, 0.0000020 secs]46.868: [JNI Weak Reference, 0.0000030 secs] 18M->10M(33M), 0.0411460 secs]
   [Eden: 9216.0K(12.0M)->0.0B(12.0M) Survivors: 0.0B->0.0B Heap: 18.2M(33.0M)->10.6M(33.0M)]
 [Times: user=0.05 sys=0.00, real=0.04 secs] 
47.170: [Full GC47.191: [SoftReference, 0 refs, 0.0000340 secs]47.191: [WeakReference, 172 refs, 0.0000090 secs]47.191: [FinalReference, 4 refs, 0.0000020 secs]47.191: [PhantomReference, 0 refs, 0.0000030 secs]47.191: [JNI Weak Reference, 0.0000030 secs] 10M->10M(33M), 0.0426360 secs]
   [Eden: 1024.0K(12.0M)->0.0B(12.0M) Survivors: 0.0B->0.0B Heap: 10.7M(33.0M)->10.6M(33.0M)]
 [Times: user=0.05 sys=0.00, real=0.05 secs] 
47.546: [Full GC47.564: [SoftReference, 0 refs, 0.0000190 secs]47.564: [WeakReference, 172 refs, 0.0000070 secs]47.564: [FinalReference, 4 refs, 0.0000030 secs]47.564: [PhantomReference, 0 refs, 0.0000020 secs]47.564: [JNI Weak Reference, 0.0000030 secs] 10M->10M(33M), 0.0402370 secs]
   [Eden: 1024.0K(12.0M)->0.0B(12.0M) Survivors: 0.0B->0.0B Heap: 10.7M(33.0M)->10.6M(33.0M)]
 [Times: user=0.05 sys=0.00, real=0.04 secs] 
47.921: [Full GC47.938: [SoftReference, 0 refs, 0.0000210 secs]47.938: [WeakReference, 172 refs, 0.0000100 secs]47.938: [FinalReference, 5 refs, 0.0000040 secs]47.938: [PhantomReference, 0 refs, 0.0000030 secs]47.938: [JNI Weak Reference, 0.0000030 secs] 11M->10M(33M), 0.0402190 secs]
   [Eden: 2048.0K(12.0M)->0.0B(12.0M) Survivors: 0.0B->0.0B Heap: 11.7M(33.0M)->10.8M(33.0M)]
 [Times: user=0.05 sys=0.00, real=0.04 secs] 
47.994: [GC pause (young)48.001: [SoftReference, 0 refs, 0.0000220 secs]48.001: [WeakReference, 1 refs, 0.0000030 secs]48.001: [FinalReference, 0 refs, 0.0000020 secs]48.001: [PhantomReference, 0 refs, 0.0000020 secs]48.001: [JNI Weak Reference, 0.0000030 secs], 0.0074090 secs]
   [Parallel Time: 7.0 ms, GC Workers: 8]
      [GC Worker Start (ms): Min: 47994.0, Avg: 47994.8, Max: 47998.1, Diff: 4.1]
      [Ext Root Scanning (ms): Min: 0.0, Avg: 0.6, Max: 0.8, Diff: 0.8, Sum: 4.8]
      [Update RS (ms): Min: 0.0, Avg: 1.2, Max: 1.8, Diff: 1.8, Sum: 9.7]
         [Processed Buffers: Min: 0, Avg: 3.2, Max: 4, Diff: 4, Sum: 26]
      [Scan RS (ms): Min: 0.0, Avg: 1.4, Max: 1.7, Diff: 1.7, Sum: 10.9]
      [Object Copy (ms): Min: 2.7, Avg: 2.8, Max: 2.9, Diff: 0.1, Sum: 22.6]
      [Termination (ms): Min: 0.0, Avg: 0.1, Max: 0.1, Diff: 0.1, Sum: 0.5]
      [GC Worker Other (ms): Min: 0.0, Avg: 0.0, Max: 0.0, Diff: 0.0, Sum: 0.2]
      [GC Worker Total (ms): Min: 2.8, Avg: 6.1, Max: 6.9, Diff: 4.1, Sum: 48.6]
      [GC Worker End (ms): Min: 48000.9, Avg: 48000.9, Max: 48000.9, Diff: 0.0]
   [Code Root Fixup: 0.0 ms]
   [Clear CT: 0.1 ms]
   [Other: 0.4 ms]
      [Choose CSet: 0.0 ms]
      [Ref Proc: 0.2 ms]
      [Ref Enq: 0.0 ms]
      [Free CSet: 0.0 ms]
   [Eden: 12.0M(12.0M)->0.0B(28.0M) Survivors: 0.0B->2048.0K Heap: 22.8M(33.0M)->16.1M(66.0M)]
 [Times: user=0.04 sys=0.00, real=0.01 secs] 
48.013: [Full GC48.030: [SoftReference, 0 refs, 0.0000200 secs]48.030: [WeakReference, 173 refs, 0.0000090 secs]48.030: [FinalReference, 5 refs, 0.0000030 secs]48.030: [PhantomReference, 0 refs, 0.0000020 secs]48.030: [JNI Weak Reference, 0.0000030 secs] 20M->13M(45M), 0.0459810 secs]
   [Eden: 5120.0K(28.0M)->0.0B(18.0M) Survivors: 2048.0K->0.0B Heap: 20.6M(66.0M)->13.3M(45.0M)]
 [Times: user=0.06 sys=0.00, real=0.04 secs] 
48.298: [Full GC48.318: [SoftReference, 0 refs, 0.0000210 secs]48.318: [WeakReference, 172 refs, 0.0000070 secs]48.318: [FinalReference, 4 refs, 0.0000030 secs]48.318: [PhantomReference, 0 refs, 0.0000020 secs]48.318: [JNI Weak Reference, 0.0000020 secs] 13M->13M(45M), 0.0457020 secs]
   [Eden: 1024.0K(18.0M)->0.0B(18.0M) Survivors: 0.0B->0.0B Heap: 13.4M(45.0M)->13.3M(45.0M)]
 [Times: user=0.06 sys=0.00, real=0.05 secs] 
48.396: [Full GC48.420: [SoftReference, 0 refs, 0.0000220 secs]48.420: [WeakReference, 173 refs, 0.0000080 secs]48.420: [FinalReference, 5 refs, 0.0000030 secs]48.420: [PhantomReference, 0 refs, 0.0000030 secs]48.420: [JNI Weak Reference, 0.0000030 secs] 31M->15M(45M), 0.0583250 secs]
   [Eden: 18.0M(18.0M)->0.0B(16.0M) Survivors: 0.0B->0.0B Heap: 31.0M(45.0M)->16.0M(45.0M)]
 [Times: user=0.07 sys=0.01, real=0.06 secs] 
48.673: [Full GC48.702: [SoftReference, 0 refs, 0.0000320 secs]48.702: [WeakReference, 172 refs, 0.0000080 secs]48.702: [FinalReference, 4 refs, 0.0000030 secs]48.702: [PhantomReference, 0 refs, 0.0000020 secs]48.702: [JNI Weak Reference, 0.0000030 secs] 16M->15M(45M), 0.0556840 secs]
   [Eden: 1024.0K(16.0M)->0.0B(16.0M) Survivors: 0.0B->0.0B Heap: 16.0M(45.0M)->16.0M(45.0M)]
 [Times: user=0.07 sys=0.00, real=0.05 secs] 
49.001: [GC pause (young)49.009: [SoftReference, 0 refs, 0.0000310 secs]49.009: [WeakReference, 1 refs, 0.0000120 secs]49.009: [FinalReference, 1 refs, 0.0000110 secs]49.009: [PhantomReference, 0 refs, 0.0000020 secs]49.009: [JNI Weak Reference, 0.0000030 secs], 0.0084820 secs]
   [Parallel Time: 7.9 ms, GC Workers: 8]
      [GC Worker Start (ms): Min: 49001.2, Avg: 49001.9, Max: 49005.8, Diff: 4.5]
      [Ext Root Scanning (ms): Min: 0.0, Avg: 0.6, Max: 0.9, Diff: 0.8, Sum: 5.0]
      [Update RS (ms): Min: 0.0, Avg: 1.1, Max: 1.5, Diff: 1.5, Sum: 9.0]
         [Processed Buffers: Min: 0, Avg: 2.5, Max: 3, Diff: 3, Sum: 20]
      [Scan RS (ms): Min: 0.0, Avg: 2.1, Max: 2.6, Diff: 2.6, Sum: 16.5]
      [Object Copy (ms): Min: 3.2, Avg: 3.3, Max: 3.4, Diff: 0.2, Sum: 26.6]
      [Termination (ms): Min: 0.0, Avg: 0.1, Max: 0.1, Diff: 0.1, Sum: 0.5]
      [GC Worker Other (ms): Min: 0.0, Avg: 0.0, Max: 0.0, Diff: 0.0, Sum: 0.2]
      [GC Worker Total (ms): Min: 3.3, Avg: 7.2, Max: 7.9, Diff: 4.5, Sum: 57.8]
      [GC Worker End (ms): Min: 49009.1, Avg: 49009.1, Max: 49009.1, Diff: 0.0]
   [Code Root Fixup: 0.0 ms]
   [Clear CT: 0.2 ms]
   [Other: 0.4 ms]
      [Choose CSet: 0.0 ms]
      [Ref Proc: 0.2 ms]
      [Ref Enq: 0.0 ms]
      [Free CSet: 0.0 ms]
   [Eden: 16.0M(16.0M)->0.0B(40.0M) Survivors: 0.0B->2048.0K Heap: 32.0M(45.0M)->23.3M(90.0M)]
 [Times: user=0.05 sys=0.00, real=0.00 secs] 
49.016: [Full GC49.048: [SoftReference, 0 refs, 0.0000260 secs]49.048: [WeakReference, 172 refs, 0.0000090 secs]49.048: [FinalReference, 4 refs, 0.0000030 secs]49.048: [PhantomReference, 0 refs, 0.0000020 secs]49.048: [JNI Weak Reference, 0.0000020 secs] 28M->18M(62M), 0.0673310 secs]
   [Eden: 5120.0K(40.0M)->0.0B(25.0M) Survivors: 2048.0K->0.0B Heap: 28.2M(90.0M)->18.5M(62.0M)]
 [Times: user=0.08 sys=0.00, real=0.07 secs] 
49.084: [Full GC49.114: [SoftReference, 0 refs, 0.0000270 secs]49.114: [WeakReference, 171 refs, 0.0000070 secs]49.114: [FinalReference, 4 refs, 0.0000020 secs]49.114: [PhantomReference, 0 refs, 0.0000020 secs]49.114: [JNI Weak Reference, 0.0000030 secs] 18M->18M(62M), 0.0627350 secs]
   [Eden: 1024.0K(25.0M)->0.0B(25.0M) Survivors: 0.0B->0.0B Heap: 18.6M(62.0M)->18.5M(62.0M)]
 [Times: user=0.09 sys=0.00, real=0.06 secs] 
49.286: [GC pause (young)49.299: [SoftReference, 0 refs, 0.0000380 secs]49.299: [WeakReference, 1 refs, 0.0000050 secs]49.299: [FinalReference, 2 refs, 0.0000040 secs]49.299: [PhantomReference, 0 refs, 0.0000030 secs]49.299: [JNI Weak Reference, 0.0000040 secs], 0.0134690 secs]
   [Parallel Time: 12.9 ms, GC Workers: 8]
      [GC Worker Start (ms): Min: 49285.7, Avg: 49288.3, Max: 49293.8, Diff: 8.0]
      [Ext Root Scanning (ms): Min: 0.0, Avg: 0.5, Max: 0.9, Diff: 0.9, Sum: 4.3]
      [Update RS (ms): Min: 0.0, Avg: 1.4, Max: 2.4, Diff: 2.4, Sum: 11.5]
         [Processed Buffers: Min: 0, Avg: 3.6, Max: 8, Diff: 8, Sum: 29]
      [Scan RS (ms): Min: 0.0, Avg: 2.4, Max: 3.7, Diff: 3.7, Sum: 19.4]
      [Object Copy (ms): Min: 4.7, Avg: 5.7, Max: 6.0, Diff: 1.3, Sum: 45.8]
      [Termination (ms): Min: 0.0, Avg: 0.0, Max: 0.1, Diff: 0.0, Sum: 0.3]
      [GC Worker Other (ms): Min: 0.0, Avg: 0.0, Max: 0.0, Diff: 0.0, Sum: 0.2]
      [GC Worker Total (ms): Min: 4.8, Avg: 10.2, Max: 12.8, Diff: 8.1, Sum: 81.5]
      [GC Worker End (ms): Min: 49298.5, Avg: 49298.5, Max: 49298.6, Diff: 0.0]
   [Code Root Fixup: 0.0 ms]
   [Clear CT: 0.1 ms]
   [Other: 0.5 ms]
      [Choose CSet: 0.0 ms]
      [Ref Proc: 0.2 ms]
      [Ref Enq: 0.0 ms]
      [Free CSet: 0.1 ms]
   [Eden: 25.0M(25.0M)->0.0B(57.0M) Survivors: 0.0B->4096.0K Heap: 43.5M(62.0M)->27.9M(124.0M)]
 [Times: user=0.07 sys=0.00, real=0.01 secs] 
49.314: [Full GC49.346: [SoftReference, 0 refs, 0.0000220 secs]49.346: [WeakReference, 172 refs, 0.0000080 secs]49.346: [FinalReference, 6 refs, 0.0000030 secs]49.346: [PhantomReference, 0 refs, 0.0000020 secs]49.346: [JNI Weak Reference, 0.0000030 secs] 37M->23M(79M), 0.0752500 secs]
   [Eden: 10.0M(57.0M)->0.0B(33.0M) Survivors: 4096.0K->0.0B Heap: 37.5M(124.0M)->23.7M(79.0M)]
 [Times: user=0.10 sys=0.00, real=0.07 secs] 
49.399: [Full GC49.438: [SoftReference, 0 refs, 0.0000270 secs]49.438: [WeakReference, 173 refs, 0.0000100 secs]49.438: [FinalReference, 5 refs, 0.0000030 secs]49.438: [PhantomReference, 0 refs, 0.0000020 secs]49.438: [JNI Weak Reference, 0.0000020 secs] 30M->23M(79M), 0.0839010 secs]
   [Eden: 7168.0K(33.0M)->0.0B(33.0M) Survivors: 0.0B->0.0B Heap: 30.4M(79.0M)->23.4M(79.0M)]
 [Times: user=0.12 sys=0.00, real=0.09 secs] 
49.484: [Full GC49.509: [SoftReference, 0 refs, 0.0000140 secs]49.509: [WeakReference, 171 refs, 0.0000060 secs]49.509: [FinalReference, 5 refs, 0.0000020 secs]49.509: [PhantomReference, 0 refs, 0.0000020 secs]49.509: [JNI Weak Reference, 0.0000030 secs] 23M->23M(79M), 0.0634860 secs]
   [Eden: 1024.0K(33.0M)->0.0B(33.0M) Survivors: 0.0B->0.0B Heap: 23.7M(79.0M)->23.5M(79.0M)]
 [Times: user=0.09 sys=0.00, real=0.06 secs] 
49.622: [GC pause (young)49.639: [SoftReference, 0 refs, 0.0003420 secs]49.640: [WeakReference, 1 refs, 0.0000140 secs]49.640: [FinalReference, 2 refs, 0.0000070 secs]49.640: [PhantomReference, 0 refs, 0.0000020 secs]49.640: [JNI Weak Reference, 0.0000020 secs], 0.0186930 secs]
   [Parallel Time: 17.6 ms, GC Workers: 8]
      [GC Worker Start (ms): Min: 49621.7, Avg: 49623.8, Max: 49630.5, Diff: 8.8]
      [Ext Root Scanning (ms): Min: 0.0, Avg: 0.8, Max: 2.2, Diff: 2.2, Sum: 6.7]
      [Update RS (ms): Min: 0.0, Avg: 2.2, Max: 4.4, Diff: 4.4, Sum: 17.9]
         [Processed Buffers: Min: 0, Avg: 3.2, Max: 7, Diff: 7, Sum: 26]
      [Scan RS (ms): Min: 0.0, Avg: 3.5, Max: 5.1, Diff: 5.1, Sum: 27.8]
      [Object Copy (ms): Min: 8.6, Avg: 8.7, Max: 8.8, Diff: 0.2, Sum: 69.8]
      [Termination (ms): Min: 0.0, Avg: 0.1, Max: 0.1, Diff: 0.1, Sum: 0.6]
      [GC Worker Other (ms): Min: 0.0, Avg: 0.0, Max: 0.0, Diff: 0.0, Sum: 0.1]
      [GC Worker Total (ms): Min: 8.7, Avg: 15.4, Max: 17.5, Diff: 8.8, Sum: 122.9]
      [GC Worker End (ms): Min: 49639.2, Avg: 49639.2, Max: 49639.2, Diff: 0.0]
   [Code Root Fixup: 0.0 ms]
   [Clear CT: 0.1 ms]
   [Other: 1.0 ms]
      [Choose CSet: 0.0 ms]
      [Ref Proc: 0.6 ms]
      [Ref Enq: 0.0 ms]
      [Free CSet: 0.1 ms]
   [Eden: 33.0M(33.0M)->0.0B(76.0M) Survivors: 0.0B->5120.0K Heap: 56.5M(79.0M)->34.0M(158.0M)]
 [Times: user=0.10 sys=0.01, real=0.01 secs] 
49.644: [Full GC49.680: [SoftReference, 0 refs, 0.0000170 secs]49.680: [WeakReference, 171 refs, 0.0000090 secs]49.680: [FinalReference, 6 refs, 0.0000040 secs]49.680: [PhantomReference, 0 refs, 0.0000030 secs]49.680: [JNI Weak Reference, 0.0000030 secs] 37M->29M(97M), 0.0814480 secs]
   [Eden: 4096.0K(76.0M)->0.0B(41.0M) Survivors: 5120.0K->0.0B Heap: 38.0M(158.0M)->29.0M(97.0M)]
 [Times: user=0.14 sys=0.00, real=0.08 secs] 
49.727: [Full GC49.757: [SoftReference, 0 refs, 0.0000160 secs]49.758: [WeakReference, 173 refs, 0.0000080 secs]49.758: [FinalReference, 5 refs, 0.0000020 secs]49.758: [PhantomReference, 0 refs, 0.0000020 secs]49.758: [JNI Weak Reference, 0.0000020 secs] 31M->28M(96M), 0.0758300 secs]
   [Eden: 3072.0K(41.0M)->0.0B(41.0M) Survivors: 0.0B->0.0B Heap: 31.8M(97.0M)->28.8M(96.0M)]
 [Times: user=0.11 sys=0.00, real=0.08 secs] 
49.803: [Full GC49.833: [SoftReference, 0 refs, 0.0000160 secs]49.833: [WeakReference, 171 refs, 0.0000070 secs]49.833: [FinalReference, 5 refs, 0.0000030 secs]49.833: [PhantomReference, 0 refs, 0.0000020 secs]49.833: [JNI Weak Reference, 0.0000030 secs] 28M->28M(96M), 0.0788710 secs]
   [Eden: 1024.0K(41.0M)->0.0B(41.0M) Survivors: 0.0B->0.0B Heap: 28.9M(96.0M)->28.8M(96.0M)]
 [Times: user=0.12 sys=0.00, real=0.08 secs] 
49.934: [Full GC49.982: [SoftReference, 0 refs, 0.0000250 secs]49.982: [WeakReference, 173 refs, 0.0000120 secs]49.982: [FinalReference, 6 refs, 0.0000030 secs]49.982: [PhantomReference, 0 refs, 0.0000020 secs]49.982: [JNI Weak Reference, 0.0000030 secs] 59M->33M(96M), 0.1160630 secs]
   [Eden: 31.0M(41.0M)->0.0B(38.0M) Survivors: 0.0B->0.0B Heap: 59.1M(96.0M)->33.3M(96.0M)]
 [Times: user=0.16 sys=0.00, real=0.11 secs] 
50.059: [Full GC50.109: [SoftReference, 0 refs, 0.0000350 secs]50.109: [WeakReference, 172 refs, 0.0000090 secs]50.109: [FinalReference, 4 refs, 0.0000020 secs]50.109: [PhantomReference, 0 refs, 0.0000020 secs]50.109: [JNI Weak Reference, 0.0000030 secs] 38M->32M(96M), 0.1064930 secs]
   [Eden: 6144.0K(38.0M)->0.0B(38.0M) Survivors: 0.0B->0.0B Heap: 38.8M(96.0M)->33.0M(96.0M)]
 [Times: user=0.14 sys=0.00, real=0.11 secs] 
50.179: [Full GC50.227: [SoftReference, 0 refs, 0.0000250 secs]50.227: [WeakReference, 172 refs, 0.0000090 secs]50.227: [FinalReference, 4 refs, 0.0000030 secs]50.227: [PhantomReference, 0 refs, 0.0000020 secs]50.227: [JNI Weak Reference, 0.0000030 secs] 33M->32M(96M), 0.1012480 secs]
   [Eden: 1024.0K(38.0M)->0.0B(38.0M) Survivors: 0.0B->0.0B Heap: 33.1M(96.0M)->33.0M(96.0M)]
 [Times: user=0.14 sys=0.00, real=0.10 secs] 
50.554: [Full GC50.606: [SoftReference, 0 refs, 0.0000230 secs]50.607: [WeakReference, 172 refs, 0.0000080 secs]50.607: [FinalReference, 4 refs, 0.0000030 secs]50.607: [PhantomReference, 0 refs, 0.0000020 secs]50.607: [JNI Weak Reference, 0.0000020 secs] 33M->32M(96M), 0.1039900 secs]
   [Eden: 1024.0K(38.0M)->0.0B(38.0M) Survivors: 0.0B->0.0B Heap: 33.1M(96.0M)->33.0M(96.0M)]
 [Times: user=0.15 sys=0.00, real=0.10 secs] 
50.726: [Full GC50.784: [SoftReference, 0 refs, 0.0000220 secs]50.784: [WeakReference, 172 refs, 0.0000100 secs]50.784: [FinalReference, 6 refs, 0.0000040 secs]50.784: [PhantomReference, 0 refs, 0.0000020 secs]50.784: [JNI Weak Reference, 0.0000020 secs] 70M->37M(96M), 0.1372040 secs]
   [Eden: 38.0M(38.0M)->0.0B(35.0M) Survivors: 0.0B->0.0B Heap: 70.2M(96.0M)->37.9M(96.0M)]
 [Times: user=0.18 sys=0.00, real=0.14 secs] 
50.864: [Full GC50.903: [SoftReference, 0 refs, 0.0000130 secs]50.903: [WeakReference, 171 refs, 0.0000080 secs]50.903: [FinalReference, 4 refs, 0.0000030 secs]50.903: [PhantomReference, 0 refs, 0.0000030 secs]50.903: [JNI Weak Reference, 0.0000020 secs] 38M->37M(96M), 0.0894410 secs]
   [Eden: 1024.0K(35.0M)->0.0B(35.0M) Survivors: 0.0B->0.0B Heap: 38.5M(96.0M)->37.7M(96.0M)]
 [Times: user=0.14 sys=0.00, real=0.09 secs] 
50.954: [Full GC50.993: [SoftReference, 0 refs, 0.0000150 secs]50.993: [WeakReference, 172 refs, 0.0000080 secs]50.993: [FinalReference, 5 refs, 0.0000020 secs]50.993: [PhantomReference, 0 refs, 0.0000020 secs]50.993: [JNI Weak Reference, 0.0000020 secs] 37M->37M(96M), 0.0872650 secs]
   [Eden: 1024.0K(35.0M)->0.0B(35.0M) Survivors: 0.0B->0.0B Heap: 37.8M(96.0M)->37.7M(96.0M)]
 [Times: user=0.13 sys=0.00, real=0.09 secs] 
51.082: [Full GC51.141: [SoftReference, 0 refs, 0.0000310 secs]51.141: [WeakReference, 173 refs, 0.0000080 secs]51.141: [FinalReference, 5 refs, 0.0000200 secs]51.141: [PhantomReference, 0 refs, 0.0000030 secs]51.141: [JNI Weak Reference, 0.0000020 secs] 55M->39M(96M), 0.1329420 secs]
   [Eden: 19.0M(35.0M)->0.0B(33.0M) Survivors: 0.0B->0.0B Heap: 56.0M(96.0M)->40.0M(96.0M)]
 [Times: user=0.19 sys=0.00, real=0.13 secs] 
51.303: [Full GC51.367: [SoftReference, 0 refs, 0.0000230 secs]51.367: [WeakReference, 172 refs, 0.0000070 secs]51.367: [FinalReference, 4 refs, 0.0000020 secs]51.367: [PhantomReference, 0 refs, 0.0000020 secs]51.367: [JNI Weak Reference, 0.0000030 secs] 40M->39M(96M), 0.1208140 secs]
   [Eden: 1024.0K(33.0M)->0.0B(33.0M) Survivors: 0.0B->0.0B Heap: 40.1M(96.0M)->40.0M(96.0M)]
 [Times: user=0.17 sys=0.00, real=0.12 secs] 
51.680: [Full GC51.747: [SoftReference, 0 refs, 0.0000280 secs]51.747: [WeakReference, 172 refs, 0.0000110 secs]51.747: [FinalReference, 4 refs, 0.0000020 secs]51.747: [PhantomReference, 0 refs, 0.0000020 secs]51.747: [JNI Weak Reference, 0.0000030 secs] 40M->39M(96M), 0.1393560 secs]
   [Eden: 1024.0K(33.0M)->0.0B(33.0M) Survivors: 0.0B->0.0B Heap: 40.0M(96.0M)->40.0M(96.0M)]
 [Times: user=0.19 sys=0.00, real=0.14 secs] 
52.040: [Full GC52.106: [SoftReference, 0 refs, 0.0000250 secs]52.106: [WeakReference, 173 refs, 0.0000180 secs]52.107: [FinalReference, 5 refs, 0.0000040 secs]52.107: [PhantomReference, 0 refs, 0.0000020 secs]52.107: [JNI Weak Reference, 0.0000030 secs] 63M->42M(96M), 0.1483330 secs]
   [Eden: 24.0M(33.0M)->0.0B(31.0M) Survivors: 0.0B->0.0B Heap: 63.9M(96.0M)->42.3M(96.0M)]
 [Times: user=0.20 sys=0.00, real=0.15 secs] 
52.188: [Full GC52.249: [SoftReference, 0 refs, 0.0000250 secs]52.249: [WeakReference, 171 refs, 0.0000070 secs]52.249: [FinalReference, 5 refs, 0.0000030 secs]52.249: [PhantomReference, 0 refs, 0.0000020 secs]52.249: [JNI Weak Reference, 0.0000020 secs] 42M->42M(96M), 0.1352170 secs]
   [Eden: 1024.0K(31.0M)->0.0B(31.0M) Survivors: 0.0B->0.0B Heap: 42.4M(96.0M)->42.3M(96.0M)]
 [Times: user=0.19 sys=0.00, real=0.14 secs] 
52.364: [GC pause (young)52.381: [SoftReference, 0 refs, 0.0000180 secs]52.381: [WeakReference, 1 refs, 0.0000030 secs]52.381: [FinalReference, 2 refs, 0.0000030 secs]52.381: [PhantomReference, 0 refs, 0.0000020 secs]52.381: [JNI Weak Reference, 0.0000030 secs], 0.0177310 secs]
   [Parallel Time: 17.0 ms, GC Workers: 8]
      [GC Worker Start (ms): Min: 52364.2, Avg: 52364.8, Max: 52366.7, Diff: 2.6]
      [Ext Root Scanning (ms): Min: 0.0, Avg: 0.8, Max: 1.9, Diff: 1.9, Sum: 6.3]
      [Update RS (ms): Min: 2.5, Avg: 4.0, Max: 8.1, Diff: 5.5, Sum: 32.3]
         [Processed Buffers: Min: 1, Avg: 5.8, Max: 8, Diff: 7, Sum: 46]
      [Scan RS (ms): Min: 0.0, Avg: 4.4, Max: 5.2, Diff: 5.2, Sum: 35.1]
      [Object Copy (ms): Min: 6.7, Avg: 7.1, Max: 7.2, Diff: 0.5, Sum: 56.6]
      [Termination (ms): Min: 0.0, Avg: 0.1, Max: 0.1, Diff: 0.1, Sum: 0.5]
      [GC Worker Other (ms): Min: 0.0, Avg: 0.0, Max: 0.0, Diff: 0.0, Sum: 0.1]
      [GC Worker Total (ms): Min: 14.4, Avg: 16.3, Max: 17.0, Diff: 2.6, Sum: 130.8]
      [GC Worker End (ms): Min: 52381.1, Avg: 52381.1, Max: 52381.2, Diff: 0.0]
   [Code Root Fixup: 0.0 ms]
   [Clear CT: 0.1 ms]
   [Other: 0.6 ms]
      [Choose CSet: 0.0 ms]
      [Ref Proc: 0.2 ms]
      [Ref Enq: 0.0 ms]
      [Free CSet: 0.1 ms]
   [Eden: 31.0M(31.0M)->0.0B(80.0M) Survivors: 0.0B->4096.0K Heap: 73.3M(96.0M)->50.8M(180.0M)]
 [Times: user=0.10 sys=0.00, real=0.02 secs] 
52.402: [Full GC52.474: [SoftReference, 0 refs, 0.0000230 secs]52.474: [WeakReference, 172 refs, 0.0000150 secs]52.474: [FinalReference, 7 refs, 0.0000040 secs]52.474: [PhantomReference, 0 refs, 0.0000030 secs]52.474: [JNI Weak Reference, 0.0000030 secs] 68M->49M(165M), 0.1624460 secs]
   [Eden: 18.0M(80.0M)->0.0B(72.0M) Survivors: 4096.0K->0.0B Heap: 68.6M(180.0M)->49.4M(165.0M)]
 [Times: user=0.23 sys=0.00, real=0.16 secs] 
52.567: [Full GC52.622: [SoftReference, 0 refs, 0.0000170 secs]52.622: [WeakReference, 172 refs, 0.0000080 secs]52.622: [FinalReference, 5 refs, 0.0000020 secs]52.622: [PhantomReference, 0 refs, 0.0000020 secs]52.622: [JNI Weak Reference, 0.0000020 secs] 54M->49M(165M), 0.1273760 secs]
   [Eden: 5120.0K(72.0M)->0.0B(72.0M) Survivors: 0.0B->0.0B Heap: 54.1M(165.0M)->49.4M(165.0M)]
 [Times: user=0.19 sys=0.01, real=0.13 secs] 
52.714: [Full GC52.788: [SoftReference, 0 refs, 0.0000240 secs]52.788: [WeakReference, 173 refs, 0.0000310 secs]52.788: [FinalReference, 6 refs, 0.0000030 secs]52.788: [PhantomReference, 0 refs, 0.0000020 secs]52.788: [JNI Weak Reference, 0.0000030 secs] 98M->50M(165M), 0.1624530 secs]
   [Eden: 50.0M(72.0M)->0.0B(71.0M) Survivors: 0.0B->0.0B Heap: 98.4M(165.0M)->50.3M(165.0M)]
 [Times: user=0.23 sys=0.00, real=0.16 secs] 
52.877: [Full GC52.929: [SoftReference, 0 refs, 0.0000180 secs]52.929: [WeakReference, 171 refs, 0.0000070 secs]52.929: [FinalReference, 5 refs, 0.0000020 secs]52.929: [PhantomReference, 0 refs, 0.0000020 secs]52.929: [JNI Weak Reference, 0.0000030 secs] 50M->50M(165M), 0.1247790 secs]
   [Eden: 1024.0K(71.0M)->0.0B(71.0M) Survivors: 0.0B->0.0B Heap: 50.4M(165.0M)->50.3M(165.0M)]
 [Times: user=0.19 sys=0.00, real=0.13 secs] 
53.028: [Full GC53.103: [SoftReference, 0 refs, 0.0000260 secs]53.103: [WeakReference, 173 refs, 0.0000120 secs]53.103: [FinalReference, 5 refs, 0.0000030 secs]53.103: [PhantomReference, 0 refs, 0.0000020 secs]53.103: [JNI Weak Reference, 0.0000030 secs] 73M->51M(165M), 0.1660710 secs]
   [Eden: 24.0M(71.0M)->0.0B(70.0M) Survivors: 0.0B->0.0B Heap: 73.6M(165.0M)->51.5M(165.0M)]
 [Times: user=0.24 sys=0.00, real=0.17 secs] 
53.242: [Full GC53.340: [SoftReference, 0 refs, 0.0000280 secs]53.340: [WeakReference, 172 refs, 0.0000180 secs]53.340: [FinalReference, 6 refs, 0.0000060 secs]53.340: [PhantomReference, 0 refs, 0.0000040 secs]53.340: [JNI Weak Reference, 0.0000040 secs] 91M->56M(165M), 0.2087490 secs]
   [Eden: 41.0M(70.0M)->0.0B(67.0M) Survivors: 0.0B->0.0B Heap: 91.5M(165.0M)->56.3M(165.0M)]
 [Times: user=0.29 sys=0.00, real=0.21 secs] 
53.453: [Full GC53.515: [SoftReference, 0 refs, 0.0000160 secs]53.515: [WeakReference, 172 refs, 0.0000100 secs]53.515: [FinalReference, 5 refs, 0.0000030 secs]53.515: [PhantomReference, 0 refs, 0.0000020 secs]53.515: [JNI Weak Reference, 0.0000020 secs] 65M->56M(165M), 0.1461600 secs]
   [Eden: 10.0M(67.0M)->0.0B(67.0M) Survivors: 0.0B->0.0B Heap: 65.7M(165.0M)->56.1M(165.0M)]
 [Times: user=0.22 sys=0.00, real=0.14 secs] 
53.599: [Full GC53.660: [SoftReference, 0 refs, 0.0000180 secs]53.660: [WeakReference, 171 refs, 0.0000070 secs]53.660: [FinalReference, 5 refs, 0.0000030 secs]53.660: [PhantomReference, 0 refs, 0.0000020 secs]53.660: [JNI Weak Reference, 0.0000030 secs] 56M->56M(165M), 0.1330210 secs]
   [Eden: 1024.0K(67.0M)->0.0B(67.0M) Survivors: 0.0B->0.0B Heap: 56.4M(165.0M)->56.2M(165.0M)]
 [Times: user=0.21 sys=0.00, real=0.14 secs] 
53.789: [Full GC53.881: [SoftReference, 0 refs, 0.0000270 secs]53.881: [WeakReference, 173 refs, 0.0000110 secs]53.881: [FinalReference, 6 refs, 0.0000040 secs]53.881: [PhantomReference, 0 refs, 0.0000020 secs]53.881: [JNI Weak Reference, 0.0000030 secs] 87M->60M(165M), 0.1919590 secs]
   [Eden: 32.0M(67.0M)->0.0B(64.0M) Survivors: 0.0B->0.0B Heap: 87.4M(165.0M)->60.8M(165.0M)]
 [Times: user=0.27 sys=0.00, real=0.20 secs] 
53.981: [Full GC54.077: [SoftReference, 0 refs, 0.0000290 secs]54.077: [WeakReference, 172 refs, 0.0000110 secs]54.077: [FinalReference, 5 refs, 0.0000030 secs]54.077: [PhantomReference, 0 refs, 0.0000020 secs]54.077: [JNI Weak Reference, 0.0000020 secs] 60M->60M(165M), 0.2104650 secs]
   [Eden: 1024.0K(64.0M)->0.0B(64.0M) Survivors: 0.0B->0.0B Heap: 61.0M(165.0M)->60.8M(165.0M)]
 [Times: user=0.29 sys=0.00, real=0.21 secs] 
54.245: [Full GC54.347: [SoftReference, 0 refs, 0.0000270 secs]54.347: [WeakReference, 172 refs, 0.0000150 secs]54.347: [FinalReference, 6 refs, 0.0000030 secs]54.347: [PhantomReference, 0 refs, 0.0000020 secs]54.347: [JNI Weak Reference, 0.0000030 secs] 114M->61M(165M), 0.2154420 secs]
   [Eden: 54.0M(64.0M)->0.0B(63.0M) Survivors: 0.0B->0.0B Heap: 114.3M(165.0M)->61.6M(165.0M)]
 [Times: user=0.31 sys=0.00, real=0.22 secs] 
54.461: [Full GC54.526: [SoftReference, 0 refs, 0.0000180 secs]54.526: [WeakReference, 171 refs, 0.0000100 secs]54.526: [FinalReference, 5 refs, 0.0000020 secs]54.526: [PhantomReference, 0 refs, 0.0000020 secs]54.526: [JNI Weak Reference, 0.0000020 secs] 61M->61M(165M), 0.1648000 secs]
   [Eden: 1024.0K(63.0M)->0.0B(63.0M) Survivors: 0.0B->0.0B Heap: 61.8M(165.0M)->61.6M(165.0M)]
 [Times: user=0.25 sys=0.00, real=0.16 secs] 
54.662: [GC pause (young)54.672: [SoftReference, 0 refs, 0.0000200 secs]54.672: [WeakReference, 1 refs, 0.0000030 secs]54.672: [FinalReference, 0 refs, 0.0000020 secs]54.672: [PhantomReference, 0 refs, 0.0000020 secs]54.672: [JNI Weak Reference, 0.0000020 secs], 0.0099650 secs]
   [Parallel Time: 9.4 ms, GC Workers: 8]
      [GC Worker Start (ms): Min: 54662.4, Avg: 54663.7, Max: 54669.7, Diff: 7.3]
      [Ext Root Scanning (ms): Min: 0.0, Avg: 0.8, Max: 1.2, Diff: 1.2, Sum: 6.2]
      [Update RS (ms): Min: 0.0, Avg: 2.8, Max: 5.2, Diff: 5.2, Sum: 22.5]
         [Processed Buffers: Min: 0, Avg: 3.5, Max: 6, Diff: 6, Sum: 28]
      [Scan RS (ms): Min: 0.0, Avg: 2.3, Max: 3.4, Diff: 3.4, Sum: 18.8]
      [Object Copy (ms): Min: 2.0, Avg: 2.1, Max: 2.2, Diff: 0.1, Sum: 16.9]
      [Termination (ms): Min: 0.0, Avg: 0.0, Max: 0.0, Diff: 0.0, Sum: 0.0]
      [GC Worker Other (ms): Min: 0.0, Avg: 0.0, Max: 0.1, Diff: 0.1, Sum: 0.4]
      [GC Worker Total (ms): Min: 2.0, Avg: 8.1, Max: 9.4, Diff: 7.3, Sum: 64.8]
      [GC Worker End (ms): Min: 54671.8, Avg: 54671.8, Max: 54671.8, Diff: 0.0]
   [Code Root Fixup: 0.0 ms]
   [Clear CT: 0.1 ms]
   [Other: 0.5 ms]
      [Choose CSet: 0.0 ms]
      [Ref Proc: 0.2 ms]
      [Ref Enq: 0.0 ms]
      [Free CSet: 0.1 ms]
   [Eden: 63.0M(63.0M)->0.0B(112.0M) Survivors: 0.0B->4096.0K Heap: 124.6M(165.0M)->65.6M(235.0M)]
 [Times: user=0.05 sys=0.01, real=0.01 secs] 
54.678: [Full GC54.772: [SoftReference, 0 refs, 0.0000230 secs]54.772: [WeakReference, 171 refs, 0.0000110 secs]54.772: [FinalReference, 5 refs, 0.0000030 secs]54.772: [PhantomReference, 0 refs, 0.0000020 secs]54.772: [JNI Weak Reference, 0.0000020 secs] 122M->62M(210M), 0.1862270 secs]
   [Eden: 58.0M(112.0M)->0.0B(99.0M) Survivors: 4096.0K->0.0B Heap: 122.9M(235.0M)->62.8M(210.0M)]
 [Times: user=0.27 sys=0.00, real=0.19 secs] 
54.865: [Full GC54.965: [SoftReference, 0 refs, 0.0000190 secs]54.965: [WeakReference, 172 refs, 0.0000170 secs]54.965: [FinalReference, 4 refs, 0.0000020 secs]54.965: [PhantomReference, 0 refs, 0.0000020 secs]54.965: [JNI Weak Reference, 0.0000020 secs] 62M->62M(210M), 0.1835880 secs]
   [Eden: 1024.0K(99.0M)->0.0B(99.0M) Survivors: 0.0B->0.0B Heap: 62.9M(210.0M)->62.8M(210.0M)]
 [Times: user=0.28 sys=0.00, real=0.18 secs] 
55.128: [Full GC55.243: [SoftReference, 0 refs, 0.0000290 secs]55.243: [WeakReference, 172 refs, 0.0000170 secs]55.243: [FinalReference, 7 refs, 0.0000040 secs]55.243: [PhantomReference, 0 refs, 0.0000020 secs]55.243: [JNI Weak Reference, 0.0000030 secs] 110M->69M(210M), 0.2540650 secs]
   [Eden: 48.0M(99.0M)->0.0B(94.0M) Survivors: 0.0B->0.0B Heap: 110.5M(210.0M)->70.0M(210.0M)]
 [Times: user=0.36 sys=0.01, real=0.26 secs] 
55.387: [Full GC55.495: [SoftReference, 0 refs, 0.0000270 secs]55.495: [WeakReference, 172 refs, 0.0000160 secs]55.495: [FinalReference, 6 refs, 0.0000040 secs]55.495: [PhantomReference, 0 refs, 0.0000020 secs]55.495: [JNI Weak Reference, 0.0000030 secs] 76M->69M(210M), 0.2287040 secs]
   [Eden: 7168.0K(94.0M)->0.0B(94.0M) Survivors: 0.0B->0.0B Heap: 76.9M(210.0M)->69.8M(210.0M)]
 [Times: user=0.33 sys=0.00, real=0.23 secs] 
55.616: [Full GC55.731: [SoftReference, 0 refs, 0.0000260 secs]55.731: [WeakReference, 172 refs, 0.0000160 secs]55.731: [FinalReference, 4 refs, 0.0000020 secs]55.731: [PhantomReference, 0 refs, 0.0000020 secs]55.731: [JNI Weak Reference, 0.0000030 secs] 70M->69M(210M), 0.2389660 secs]
   [Eden: 1024.0K(94.0M)->0.0B(94.0M) Survivors: 0.0B->0.0B Heap: 70.1M(210.0M)->69.8M(210.0M)]
 [Times: user=0.35 sys=0.00, real=0.24 secs] 
55.887: [Full GC55.993: [SoftReference, 0 refs, 0.0000230 secs]55.993: [WeakReference, 172 refs, 0.0000160 secs]55.993: [FinalReference, 5 refs, 0.0000020 secs]55.993: [PhantomReference, 0 refs, 0.0000190 secs]55.993: [JNI Weak Reference, 0.0000030 secs] 113M->71M(210M), 0.2354850 secs]
   [Eden: 44.0M(94.0M)->0.0B(93.0M) Survivors: 0.0B->0.0B Heap: 113.7M(210.0M)->71.4M(210.0M)]
 [Times: user=0.34 sys=0.00, real=0.24 secs] 
56.177: [GC pause (young)56.191: [SoftReference, 0 refs, 0.0000270 secs]56.191: [WeakReference, 1 refs, 0.0000040 secs]56.191: [FinalReference, 1 refs, 0.0000030 secs]56.191: [PhantomReference, 0 refs, 0.0000030 secs]56.191: [JNI Weak Reference, 0.0000030 secs], 0.0142290 secs]
   [Parallel Time: 13.3 ms, GC Workers: 8]
      [GC Worker Start (ms): Min: 56177.1, Avg: 56178.8, Max: 56185.9, Diff: 8.8]
      [Ext Root Scanning (ms): Min: 0.0, Avg: 0.5, Max: 0.9, Diff: 0.9, Sum: 4.0]
      [Update RS (ms): Min: 0.0, Avg: 3.0, Max: 4.3, Diff: 4.3, Sum: 23.9]
         [Processed Buffers: Min: 0, Avg: 4.6, Max: 7, Diff: 7, Sum: 37]
      [Scan RS (ms): Min: 0.0, Avg: 3.3, Max: 4.3, Diff: 4.3, Sum: 26.7]
      [Object Copy (ms): Min: 4.3, Avg: 4.7, Max: 4.8, Diff: 0.5, Sum: 37.2]
      [Termination (ms): Min: 0.0, Avg: 0.1, Max: 0.1, Diff: 0.1, Sum: 0.6]
      [GC Worker Other (ms): Min: 0.0, Avg: 0.0, Max: 0.0, Diff: 0.0, Sum: 0.2]
      [GC Worker Total (ms): Min: 4.5, Avg: 11.6, Max: 13.3, Diff: 8.8, Sum: 92.7]
      [GC Worker End (ms): Min: 56190.3, Avg: 56190.4, Max: 56190.4, Diff: 0.1]
   [Code Root Fixup: 0.0 ms]
   [Clear CT: 0.1 ms]
   [Other: 0.8 ms]
      [Choose CSet: 0.0 ms]
      [Ref Proc: 0.2 ms]
      [Ref Enq: 0.0 ms]
      [Free CSet: 0.3 ms]
   [Eden: 93.0M(93.0M)->0.0B(132.0M) Survivors: 0.0B->6144.0K Heap: 164.4M(210.0M)->76.8M(271.0M)]
 [Times: user=0.07 sys=0.00, real=0.02 secs] 
56.192: [Full GC56.307: [SoftReference, 0 refs, 0.0000270 secs]56.307: [WeakReference, 171 refs, 0.0000150 secs]56.307: [FinalReference, 6 refs, 0.0000040 secs]56.307: [PhantomReference, 0 refs, 0.0000020 secs]56.307: [JNI Weak Reference, 0.0000020 secs] 80M->73M(247M), 0.2415850 secs]
   [Eden: 4096.0K(132.0M)->0.0B(120.0M) Survivors: 6144.0K->0.0B Heap: 80.7M(271.0M)->74.0M(247.0M)]
 [Times: user=0.35 sys=0.01, real=0.24 secs] 
56.444: [Full GC56.570: [SoftReference, 0 refs, 0.0000210 secs]56.570: [WeakReference, 172 refs, 0.0000120 secs]56.570: [FinalReference, 5 refs, 0.0000030 secs]56.570: [PhantomReference, 0 refs, 0.0000020 secs]56.570: [JNI Weak Reference, 0.0000030 secs] 155M->74M(247M), 0.2370610 secs]
   [Eden: 82.0M(120.0M)->0.0B(120.0M) Survivors: 0.0B->0.0B Heap: 155.8M(247.0M)->74.2M(247.0M)]
 [Times: user=0.35 sys=0.00, real=0.24 secs] 
56.688: [Full GC56.801: [SoftReference, 0 refs, 0.0000240 secs]56.801: [WeakReference, 173 refs, 0.0000160 secs]56.801: [FinalReference, 6 refs, 0.0000030 secs]56.801: [PhantomReference, 0 refs, 0.0000020 secs]56.801: [JNI Weak Reference, 0.0000030 secs] 81M->74M(247M), 0.2414950 secs]
   [Eden: 7168.0K(120.0M)->0.0B(120.0M) Survivors: 0.0B->0.0B Heap: 81.1M(247.0M)->74.5M(247.0M)]
 [Times: user=0.36 sys=0.00, real=0.24 secs] 
56.939: [Full GC57.054: [SoftReference, 0 refs, 0.0000280 secs]57.054: [WeakReference, 172 refs, 0.0000160 secs]57.054: [FinalReference, 6 refs, 0.0000030 secs]57.055: [PhantomReference, 0 refs, 0.0000020 secs]57.055: [JNI Weak Reference, 0.0000020 secs] 80M->75M(247M), 0.2470760 secs]
   [Eden: 7168.0K(120.0M)->0.0B(120.0M) Survivors: 0.0B->0.0B Heap: 80.9M(247.0M)->75.7M(247.0M)]
 [Times: user=0.36 sys=0.00, real=0.25 secs] 
57.222: [Full GC57.352: [SoftReference, 0 refs, 0.0000220 secs]57.352: [WeakReference, 172 refs, 0.0000180 secs]57.352: [FinalReference, 7 refs, 0.0000030 secs]57.352: [PhantomReference, 0 refs, 0.0000020 secs]57.352: [JNI Weak Reference, 0.0000030 secs] 106M->80M(247M), 0.2832420 secs]
   [Eden: 31.0M(120.0M)->0.0B(116.0M) Survivors: 0.0B->0.0B Heap: 106.0M(247.0M)->80.0M(247.0M)]
 [Times: user=0.41 sys=0.00, real=0.28 secs] 
57.520: [Full GC57.646: [SoftReference, 0 refs, 0.0000370 secs]57.646: [WeakReference, 172 refs, 0.0000170 secs]57.646: [FinalReference, 6 refs, 0.0000130 secs]57.646: [PhantomReference, 0 refs, 0.0000020 secs]57.646: [JNI Weak Reference, 0.0000030 secs] 93M->80M(247M), 0.2449380 secs]
   [Eden: 14.0M(116.0M)->0.0B(116.0M) Survivors: 0.0B->0.0B Heap: 93.4M(247.0M)->80.5M(247.0M)]
 [Times: user=0.37 sys=0.00, real=0.25 secs] 
57.782: [Full GC57.915: [SoftReference, 0 refs, 0.0000240 secs]57.915: [WeakReference, 173 refs, 0.0000110 secs]57.915: [FinalReference, 6 refs, 0.0000030 secs]57.915: [PhantomReference, 0 refs, 0.0000020 secs]57.915: [JNI Weak Reference, 0.0000020 secs] 99M->82M(247M), 0.2812210 secs]
   [Eden: 19.0M(116.0M)->0.0B(115.0M) Survivors: 0.0B->0.0B Heap: 99.1M(247.0M)->82.0M(247.0M)]
 [Times: user=0.41 sys=0.00, real=0.28 secs] 
58.133: [GC pause (young)58.148: [SoftReference, 0 refs, 0.0000290 secs]58.148: [WeakReference, 1 refs, 0.0000030 secs]58.148: [FinalReference, 1 refs, 0.0000080 secs]58.148: [PhantomReference, 0 refs, 0.0000020 secs]58.148: [JNI Weak Reference, 0.0000020 secs], 0.0150680 secs]
   [Parallel Time: 14.2 ms, GC Workers: 8]
      [GC Worker Start (ms): Min: 58133.5, Avg: 58134.8, Max: 58137.8, Diff: 4.3]
      [Ext Root Scanning (ms): Min: 0.0, Avg: 0.6, Max: 1.0, Diff: 1.0, Sum: 4.7]
      [Update RS (ms): Min: 0.7, Avg: 3.2, Max: 4.2, Diff: 3.4, Sum: 25.7]
         [Processed Buffers: Min: 1, Avg: 4.4, Max: 9, Diff: 8, Sum: 35]
      [Scan RS (ms): Min: 4.6, Avg: 4.8, Max: 4.9, Diff: 0.3, Sum: 38.3]
      [Object Copy (ms): Min: 4.2, Avg: 4.2, Max: 4.3, Diff: 0.2, Sum: 33.9]
      [Termination (ms): Min: 0.0, Avg: 0.0, Max: 0.0, Diff: 0.0, Sum: 0.2]
      [GC Worker Other (ms): Min: 0.0, Avg: 0.0, Max: 0.0, Diff: 0.0, Sum: 0.2]
      [GC Worker Total (ms): Min: 9.8, Avg: 12.9, Max: 14.1, Diff: 4.4, Sum: 102.9]
      [GC Worker End (ms): Min: 58147.6, Avg: 58147.6, Max: 58147.6, Diff: 0.0]
   [Code Root Fixup: 0.0 ms]
   [Clear CT: 0.1 ms]
   [Other: 0.8 ms]
      [Choose CSet: 0.0 ms]
      [Ref Proc: 0.2 ms]
      [Ref Enq: 0.0 ms]
      [Free CSet: 0.2 ms]
   [Eden: 115.0M(115.0M)->0.0B(147.0M) Survivors: 0.0B->9216.0K Heap: 197.0M(247.0M)->90.8M(300.0M)]
 [Times: user=0.10 sys=0.00, real=0.01 secs] 
58.153: [Full GC58.285: [SoftReference, 0 refs, 0.0000380 secs]58.285: [WeakReference, 171 refs, 0.0000170 secs]58.285: [FinalReference, 5 refs, 0.0000040 secs]58.285: [PhantomReference, 0 refs, 0.0000020 secs]58.285: [JNI Weak Reference, 0.0000030 secs] 114M->85M(286M), 0.2586610 secs]
   [Eden: 24.0M(147.0M)->0.0B(142.0M) Survivors: 9216.0K->0.0B Heap: 114.8M(300.0M)->85.6M(286.0M)]
 [Times: user=0.39 sys=0.00, real=0.26 secs] 
58.413: [Full GC58.555: [SoftReference, 0 refs, 0.0000230 secs]58.555: [WeakReference, 171 refs, 0.0000180 secs]58.555: [FinalReference, 4 refs, 0.0000030 secs]58.555: [PhantomReference, 0 refs, 0.0000020 secs]58.555: [JNI Weak Reference, 0.0000030 secs] 89M->85M(285M), 0.2515290 secs]
   [Eden: 4096.0K(142.0M)->0.0B(142.0M) Survivors: 0.0B->0.0B Heap: 89.4M(286.0M)->85.3M(285.0M)]
 [Times: user=0.38 sys=0.00, real=0.25 secs] 
58.665: [Full GC58.786: [SoftReference, 0 refs, 0.0000370 secs]58.786: [WeakReference, 172 refs, 0.0000170 secs]58.786: [FinalReference, 4 refs, 0.0000030 secs]58.786: [PhantomReference, 0 refs, 0.0000030 secs]58.786: [JNI Weak Reference, 0.0000030 secs] 85M->85M(285M), 0.2306260 secs]
   [Eden: 1024.0K(142.0M)->0.0B(142.0M) Survivors: 0.0B->0.0B Heap: 85.4M(285.0M)->85.3M(285.0M)]
 [Times: user=0.37 sys=0.01, real=0.23 secs] 
58.896: [Full GC59.033: [SoftReference, 0 refs, 0.0000230 secs]59.033: [WeakReference, 171 refs, 0.0000170 secs]59.033: [FinalReference, 5 refs, 0.0000030 secs]59.033: [PhantomReference, 0 refs, 0.0000030 secs]59.033: [JNI Weak Reference, 0.0000030 secs] 85M->85M(285M), 0.2433400 secs]
   [Eden: 1024.0K(142.0M)->0.0B(142.0M) Survivors: 0.0B->0.0B Heap: 85.4M(285.0M)->85.3M(285.0M)]
 [Times: user=0.37 sys=0.00, real=0.24 secs] 
59.191: [Full GC59.334: [SoftReference, 0 refs, 0.0000390 secs]59.334: [WeakReference, 172 refs, 0.0000180 secs]59.334: [FinalReference, 6 refs, 0.0000030 secs]59.334: [PhantomReference, 0 refs, 0.0000030 secs]59.334: [JNI Weak Reference, 0.0000040 secs] 112M->90M(285M), 0.3059940 secs]
   [Eden: 27.0M(142.0M)->0.0B(138.0M) Survivors: 0.0B->0.0B Heap: 112.3M(285.0M)->90.2M(285.0M)]
 [Times: user=0.47 sys=0.00, real=0.30 secs] 
59.504: [Full GC59.648: [SoftReference, 0 refs, 0.0000270 secs]59.648: [WeakReference, 172 refs, 0.0000190 secs]59.648: [FinalReference, 6 refs, 0.0000040 secs]59.648: [PhantomReference, 0 refs, 0.0000040 secs]59.648: [JNI Weak Reference, 0.0000030 secs] 97M->90M(285M), 0.3043510 secs]
   [Eden: 8192.0K(138.0M)->0.0B(138.0M) Survivors: 0.0B->0.0B Heap: 97.9M(285.0M)->90.1M(285.0M)]
 [Times: user=0.45 sys=0.00, real=0.30 secs] 
59.809: [Full GC59.942: [SoftReference, 0 refs, 0.0000260 secs]59.942: [WeakReference, 172 refs, 0.0000180 secs]59.942: [FinalReference, 4 refs, 0.0000030 secs]59.942: [PhantomReference, 0 refs, 0.0000040 secs]59.942: [JNI Weak Reference, 0.0000040 secs] 90M->90M(285M), 0.2576520 secs]
   [Eden: 1024.0K(138.0M)->0.0B(138.0M) Survivors: 0.0B->0.0B Heap: 90.5M(285.0M)->90.1M(285.0M)]
 [Times: user=0.39 sys=0.00, real=0.26 secs] 
60.067: [Full GC60.211: [SoftReference, 0 refs, 0.0000390 secs]60.211: [WeakReference, 171 refs, 0.0000170 secs]60.211: [FinalReference, 4 refs, 0.0000030 secs]60.211: [PhantomReference, 0 refs, 0.0000030 secs]60.211: [JNI Weak Reference, 0.0000030 secs] 90M->90M(285M), 0.2569570 secs]
   [Eden: 1024.0K(138.0M)->0.0B(138.0M) Survivors: 0.0B->0.0B Heap: 90.5M(285.0M)->90.1M(285.0M)]
 [Times: user=0.40 sys=0.01, real=0.26 secs] 
60.329: [Full GC60.465: [SoftReference, 0 refs, 0.0000260 secs]60.465: [WeakReference, 173 refs, 0.0000190 secs]60.465: [FinalReference, 5 refs, 0.0000030 secs]60.465: [PhantomReference, 0 refs, 0.0000030 secs]60.465: [JNI Weak Reference, 0.0000030 secs] 94M->90M(285M), 0.2703870 secs]
   [Eden: 5120.0K(138.0M)->0.0B(138.0M) Survivors: 0.0B->0.0B Heap: 94.9M(285.0M)->90.1M(285.0M)]
 [Times: user=0.40 sys=0.00, real=0.27 secs] 
60.641: [Full GC60.793: [SoftReference, 0 refs, 0.0000330 secs]60.793: [WeakReference, 173 refs, 0.0000180 secs]60.794: [FinalReference, 5 refs, 0.0000030 secs]60.794: [PhantomReference, 0 refs, 0.0000020 secs]60.794: [JNI Weak Reference, 0.0000030 secs] 108M->92M(285M), 0.3147400 secs]
   [Eden: 19.0M(138.0M)->0.0B(137.0M) Survivors: 0.0B->0.0B Heap: 109.0M(285.0M)->92.1M(285.0M)]
 [Times: user=0.46 sys=0.00, real=0.31 secs] 
60.956: [Full GC61.102: [SoftReference, 0 refs, 0.0000360 secs]61.102: [WeakReference, 171 refs, 0.0000170 secs]61.102: [FinalReference, 4 refs, 0.0000030 secs]61.102: [PhantomReference, 0 refs, 0.0000030 secs]61.102: [JNI Weak Reference, 0.0000020 secs] 92M->92M(285M), 0.2626950 secs]
   [Eden: 1024.0K(137.0M)->0.0B(137.0M) Survivors: 0.0B->0.0B Heap: 92.2M(285.0M)->92.1M(285.0M)]
 [Times: user=0.41 sys=0.00, real=0.26 secs] 
61.272: [Full GC61.448: [SoftReference, 0 refs, 0.0000270 secs]61.448: [WeakReference, 172 refs, 0.0000190 secs]61.448: [FinalReference, 6 refs, 0.0000050 secs]61.448: [PhantomReference, 0 refs, 0.0000030 secs]61.448: [JNI Weak Reference, 0.0000040 secs] 150M->96M(285M), 0.3710380 secs]
   [Eden: 59.0M(137.0M)->0.0B(134.0M) Survivors: 0.0B->0.0B Heap: 150.2M(285.0M)->96.7M(285.0M)]
 [Times: user=0.53 sys=0.00, real=0.37 secs] 
61.643: [Full GC61.798: [SoftReference, 0 refs, 0.0000400 secs]61.798: [WeakReference, 173 refs, 0.0000170 secs]61.798: [FinalReference, 5 refs, 0.0000030 secs]61.798: [PhantomReference, 0 refs, 0.0000130 secs]61.798: [JNI Weak Reference, 0.0000030 secs] 96M->96M(285M), 0.3119190 secs]
   [Eden: 1024.0K(134.0M)->0.0B(134.0M) Survivors: 0.0B->0.0B Heap: 96.8M(285.0M)->96.7M(285.0M)]
 [Times: user=0.47 sys=0.00, real=0.31 secs] 
61.962: [Full GC62.114: [SoftReference, 0 refs, 0.0000340 secs]62.115: [WeakReference, 172 refs, 0.0000180 secs]62.115: [FinalReference, 6 refs, 0.0000040 secs]62.115: [PhantomReference, 0 refs, 0.0000020 secs]62.115: [JNI Weak Reference, 0.0000030 secs] 102M->96M(285M), 0.3232370 secs]
   [Eden: 7168.0K(134.0M)->0.0B(134.0M) Survivors: 0.0B->0.0B Heap: 102.8M(285.0M)->96.9M(285.0M)]
 [Times: user=0.47 sys=0.01, real=0.32 secs] 
62.343: [Full GC62.504: [SoftReference, 0 refs, 0.0000320 secs]62.504: [WeakReference, 172 refs, 0.0000160 secs]62.504: [FinalReference, 7 refs, 0.0000310 secs]62.504: [PhantomReference, 0 refs, 0.0000020 secs]62.504: [JNI Weak Reference, 0.0000030 secs] 135M->101M(285M), 0.3459090 secs]
   [Eden: 39.0M(134.0M)->0.0B(130.0M) Survivors: 0.0B->0.0B Heap: 135.7M(285.0M)->101.5M(285.0M)]
 [Times: user=0.51 sys=0.00, real=0.34 secs] 
62.691: [Full GC62.855: [SoftReference, 0 refs, 0.0000280 secs]62.855: [WeakReference, 173 refs, 0.0000170 secs]62.855: [FinalReference, 5 refs, 0.0000030 secs]62.855: [PhantomReference, 0 refs, 0.0000030 secs]62.855: [JNI Weak Reference, 0.0000020 secs] 104M->101M(285M), 0.3375520 secs]
   [Eden: 4096.0K(130.0M)->0.0B(130.0M) Survivors: 0.0B->0.0B Heap: 104.6M(285.0M)->101.4M(285.0M)]
 [Times: user=0.50 sys=0.00, real=0.33 secs] 
63.072: [Full GC63.240: [SoftReference, 0 refs, 0.0000240 secs]63.240: [WeakReference, 172 refs, 0.0000130 secs]63.240: [FinalReference, 6 refs, 0.0000040 secs]63.240: [PhantomReference, 0 refs, 0.0000030 secs]63.240: [JNI Weak Reference, 0.0000030 secs] 127M->105M(285M), 0.3604550 secs]
   [Eden: 26.0M(130.0M)->0.0B(127.0M) Survivors: 0.0B->0.0B Heap: 127.1M(285.0M)->105.1M(285.0M)]
 [Times: user=0.53 sys=0.00, real=0.36 secs] 
63.450: [Full GC63.621: [SoftReference, 0 refs, 0.0000250 secs]63.621: [WeakReference, 172 refs, 0.0000180 secs]63.621: [FinalReference, 6 refs, 0.0000050 secs]63.621: [PhantomReference, 0 refs, 0.0000030 secs]63.621: [JNI Weak Reference, 0.0000030 secs] 118M->106M(285M), 0.3600620 secs]
   [Eden: 14.0M(127.0M)->0.0B(127.0M) Survivors: 0.0B->0.0B Heap: 118.6M(285.0M)->106.6M(285.0M)]
 [Times: user=0.53 sys=0.00, real=0.36 secs] 
63.810: [Full GC63.977: [SoftReference, 0 refs, 0.0000290 secs]63.977: [WeakReference, 172 refs, 0.0000170 secs]63.977: [FinalReference, 5 refs, 0.0000040 secs]63.977: [PhantomReference, 0 refs, 0.0000030 secs]63.977: [JNI Weak Reference, 0.0000030 secs] 106M->106M(285M), 0.3523280 secs]
   [Eden: 1024.0K(127.0M)->0.0B(127.0M) Survivors: 0.0B->0.0B Heap: 106.7M(285.0M)->106.6M(285.0M)]
 [Times: user=0.54 sys=0.00, real=0.36 secs] 
64.163: [Full GC64.334: [SoftReference, 0 refs, 0.0000280 secs]64.334: [WeakReference, 171 refs, 0.0000170 secs]64.334: [FinalReference, 5 refs, 0.0000040 secs]64.334: [PhantomReference, 0 refs, 0.0000030 secs]64.334: [JNI Weak Reference, 0.0000030 secs] 106M->106M(285M), 0.3649240 secs]
   [Eden: 1024.0K(127.0M)->0.0B(127.0M) Survivors: 0.0B->0.0B Heap: 106.8M(285.0M)->106.6M(285.0M)]
 [Times: user=0.55 sys=0.00, real=0.36 secs] 
64.528: [Full GC64.698: [SoftReference, 0 refs, 0.0000260 secs]64.698: [WeakReference, 172 refs, 0.0000170 secs]64.698: [FinalReference, 5 refs, 0.0000030 secs]64.698: [PhantomReference, 0 refs, 0.0000020 secs]64.698: [JNI Weak Reference, 0.0000030 secs] 106M->106M(285M), 0.3576970 secs]
   [Eden: 1024.0K(127.0M)->0.0B(127.0M) Survivors: 0.0B->0.0B Heap: 106.8M(285.0M)->106.6M(285.0M)]
 [Times: user=0.54 sys=0.00, real=0.36 secs] 
64.887: [Full GC65.063: [SoftReference, 0 refs, 0.0000310 secs]65.063: [WeakReference, 171 refs, 0.0000170 secs]65.063: [FinalReference, 5 refs, 0.0000030 secs]65.063: [PhantomReference, 0 refs, 0.0000030 secs]65.063: [JNI Weak Reference, 0.0000030 secs] 106M->106M(285M), 0.3746710 secs]
   [Eden: 1024.0K(127.0M)->0.0B(127.0M) Survivors: 0.0B->0.0B Heap: 106.8M(285.0M)->106.6M(285.0M)]
 [Times: user=0.56 sys=0.00, real=0.38 secs] 
65.262: [Full GC65.436: [SoftReference, 0 refs, 0.0000400 secs]65.436: [WeakReference, 172 refs, 0.0000270 secs]65.436: [FinalReference, 5 refs, 0.0000040 secs]65.436: [PhantomReference, 0 refs, 0.0000130 secs]65.436: [JNI Weak Reference, 0.0000030 secs] 106M->106M(285M), 0.3517620 secs]
   [Eden: 1024.0K(127.0M)->0.0B(127.0M) Survivors: 0.0B->0.0B Heap: 106.8M(285.0M)->106.6M(285.0M)]
 [Times: user=0.54 sys=0.00, real=0.35 secs] 
65.643: [Full GC65.825: [SoftReference, 0 refs, 0.0000300 secs]65.825: [WeakReference, 172 refs, 0.0000190 secs]65.825: [FinalReference, 6 refs, 0.0000030 secs]65.825: [PhantomReference, 0 refs, 0.0000020 secs]65.825: [JNI Weak Reference, 0.0000030 secs] 129M->109M(285M), 0.3842980 secs]
   [Eden: 23.0M(127.0M)->0.0B(124.0M) Survivors: 0.0B->0.0B Heap: 129.4M(285.0M)->109.3M(285.0M)]
 [Times: user=0.57 sys=0.00, real=0.38 secs] 
66.061: [Full GC66.240: [SoftReference, 0 refs, 0.0000280 secs]66.240: [WeakReference, 172 refs, 0.0000260 secs]66.240: [FinalReference, 6 refs, 0.0000030 secs]66.240: [PhantomReference, 0 refs, 0.0000030 secs]66.240: [JNI Weak Reference, 0.0000030 secs] 132M->111M(285M), 0.3812750 secs]
   [Eden: 23.0M(124.0M)->0.0B(123.0M) Survivors: 0.0B->0.0B Heap: 132.1M(285.0M)->111.4M(285.0M)]
 [Times: user=0.57 sys=0.01, real=0.38 secs] 
66.469: [Full GC66.650: [SoftReference, 0 refs, 0.0000340 secs]66.650: [WeakReference, 173 refs, 0.0000170 secs]66.650: [FinalReference, 6 refs, 0.0000140 secs]66.650: [PhantomReference, 0 refs, 0.0000030 secs]66.650: [JNI Weak Reference, 0.0000030 secs] 130M->113M(285M), 0.3852160 secs]
   [Eden: 19.0M(123.0M)->0.0B(122.0M) Survivors: 0.0B->0.0B Heap: 130.1M(285.0M)->113.3M(285.0M)]
 [Times: user=0.58 sys=0.00, real=0.39 secs] 
66.854: [Full GC67.045: [SoftReference, 0 refs, 0.0000420 secs]67.045: [WeakReference, 171 refs, 0.0000180 secs]67.045: [FinalReference, 5 refs, 0.0000030 secs]67.045: [PhantomReference, 0 refs, 0.0000020 secs]67.045: [JNI Weak Reference, 0.0000030 secs] 113M->113M(285M), 0.3898270 secs]
   [Eden: 1024.0K(122.0M)->0.0B(122.0M) Survivors: 0.0B->0.0B Heap: 113.5M(285.0M)->113.3M(285.0M)]
 [Times: user=0.58 sys=0.00, real=0.39 secs] 
67.274: [Full GC67.454: [SoftReference, 0 refs, 0.0000260 secs]67.454: [WeakReference, 173 refs, 0.0000170 secs]67.454: [FinalReference, 5 refs, 0.0000040 secs]67.454: [PhantomReference, 0 refs, 0.0000020 secs]67.454: [JNI Weak Reference, 0.0000040 secs] 128M->114M(285M), 0.3798390 secs]
   [Eden: 16.0M(122.0M)->0.0B(121.0M) Survivors: 0.0B->0.0B Heap: 128.7M(285.0M)->114.1M(285.0M)]
 [Times: user=0.58 sys=0.00, real=0.38 secs] 
67.654: [Full GC67.844: [SoftReference, 0 refs, 0.0000220 secs]67.844: [WeakReference, 171 refs, 0.0000160 secs]67.844: [FinalReference, 4 refs, 0.0000030 secs]67.844: [PhantomReference, 0 refs, 0.0000030 secs]67.844: [JNI Weak Reference, 0.0000030 secs] 114M->114M(285M), 0.3695800 secs]
   [Eden: 1024.0K(121.0M)->0.0B(121.0M) Survivors: 0.0B->0.0B Heap: 114.2M(285.0M)->114.1M(285.0M)]
 [Times: user=0.57 sys=0.00, real=0.37 secs] 
68.024: [Full GC68.223: [SoftReference, 0 refs, 0.0000280 secs]68.223: [WeakReference, 172 refs, 0.0000170 secs]68.223: [FinalReference, 5 refs, 0.0000040 secs]68.223: [PhantomReference, 0 refs, 0.0000020 secs]68.223: [JNI Weak Reference, 0.0000030 secs] 114M->114M(285M), 0.3847060 secs]
   [Eden: 1024.0K(121.0M)->0.0B(121.0M) Survivors: 0.0B->0.0B Heap: 114.3M(285.0M)->114.2M(285.0M)]
 [Times: user=0.58 sys=0.00, real=0.38 secs] 
68.468: [Full GC68.675: [SoftReference, 0 refs, 0.0000350 secs]68.675: [WeakReference, 172 refs, 0.0000170 secs]68.675: [FinalReference, 7 refs, 0.0000150 secs]68.675: [PhantomReference, 0 refs, 0.0000030 secs]68.675: [JNI Weak Reference, 0.0000030 secs] 153M->118M(285M), 0.4258970 secs]
   [Eden: 40.0M(121.0M)->0.0B(118.0M) Survivors: 0.0B->0.0B Heap: 153.4M(285.0M)->119.0M(285.0M)]
 [Times: user=0.64 sys=0.00, real=0.43 secs] 
68.895: [Full GC69.086: [SoftReference, 0 refs, 0.0000280 secs]69.086: [WeakReference, 173 refs, 0.0000130 secs]69.086: [FinalReference, 5 refs, 0.0000030 secs]69.086: [PhantomReference, 0 refs, 0.0000030 secs]69.086: [JNI Weak Reference, 0.0000020 secs] 120M->118M(285M), 0.3960000 secs]
   [Eden: 2048.0K(118.0M)->0.0B(118.0M) Survivors: 0.0B->0.0B Heap: 120.3M(285.0M)->118.7M(285.0M)]
 [Times: user=0.61 sys=0.00, real=0.40 secs] 
69.292: [Full GC69.486: [SoftReference, 0 refs, 0.0000280 secs]69.486: [WeakReference, 171 refs, 0.0000180 secs]69.487: [FinalReference, 5 refs, 0.0000030 secs]69.487: [PhantomReference, 0 refs, 0.0000030 secs]69.487: [JNI Weak Reference, 0.0000030 secs] 118M->118M(285M), 0.3993200 secs]
   [Eden: 1024.0K(118.0M)->0.0B(118.0M) Survivors: 0.0B->0.0B Heap: 118.9M(285.0M)->118.7M(285.0M)]
 [Times: user=0.61 sys=0.00, real=0.40 secs] 
69.692: [Full GC69.902: [SoftReference, 0 refs, 0.0000390 secs]69.902: [WeakReference, 172 refs, 0.0000430 secs]69.902: [FinalReference, 5 refs, 0.0000030 secs]69.902: [PhantomReference, 0 refs, 0.0000030 secs]69.902: [JNI Weak Reference, 0.0000030 secs] 118M->118M(285M), 0.4279090 secs]
   [Eden: 1024.0K(118.0M)->0.0B(118.0M) Survivors: 0.0B->0.0B Heap: 118.9M(285.0M)->118.7M(285.0M)]
 [Times: user=0.64 sys=0.00, real=0.42 secs] 
70.120: [Full GC70.310: [SoftReference, 0 refs, 0.0000260 secs]70.310: [WeakReference, 171 refs, 0.0000180 secs]70.310: [FinalReference, 5 refs, 0.0000030 secs]70.310: [PhantomReference, 0 refs, 0.0000030 secs]70.310: [JNI Weak Reference, 0.0000030 secs] 118M->118M(285M), 0.3870470 secs]
   [Eden: 1024.0K(118.0M)->0.0B(118.0M) Survivors: 0.0B->0.0B Heap: 118.9M(285.0M)->118.8M(285.0M)]
 [Times: user=0.59 sys=0.00, real=0.39 secs] 
70.507: [Full GC70.697: [SoftReference, 0 refs, 0.0000370 secs]70.697: [WeakReference, 172 refs, 0.0000170 secs]70.697: [FinalReference, 5 refs, 0.0000030 secs]70.697: [PhantomReference, 0 refs, 0.0000130 secs]70.697: [JNI Weak Reference, 0.0000030 secs] 118M->118M(285M), 0.3860560 secs]
   [Eden: 1024.0K(118.0M)->0.0B(118.0M) Survivors: 0.0B->0.0B Heap: 118.9M(285.0M)->118.8M(285.0M)]
 [Times: user=0.60 sys=0.00, real=0.39 secs] 
70.945: [Full GC71.148: [SoftReference, 0 refs, 0.0000400 secs]71.148: [WeakReference, 172 refs, 0.0000180 secs]71.148: [FinalReference, 6 refs, 0.0000150 secs]71.148: [PhantomReference, 0 refs, 0.0000020 secs]71.148: [JNI Weak Reference, 0.0000040 secs] 149M->123M(285M), 0.4271260 secs]
   [Eden: 31.0M(118.0M)->0.0B(114.0M) Survivors: 0.0B->0.0B Heap: 149.5M(285.0M)->123.2M(285.0M)]
 [Times: user=0.64 sys=0.00, real=0.43 secs] 
71.377: [Full GC71.572: [SoftReference, 0 refs, 0.0000400 secs]71.572: [WeakReference, 172 refs, 0.0000170 secs]71.572: [FinalReference, 5 refs, 0.0000140 secs]71.572: [PhantomReference, 0 refs, 0.0000020 secs]71.572: [JNI Weak Reference, 0.0000030 secs] 127M->123M(285M), 0.4052500 secs]
   [Eden: 4096.0K(114.0M)->0.0B(114.0M) Survivors: 0.0B->0.0B Heap: 127.2M(285.0M)->123.2M(285.0M)]
 [Times: user=0.62 sys=0.00, real=0.41 secs] 
71.844: [Full GC72.053: [SoftReference, 0 refs, 0.0000400 secs]72.053: [WeakReference, 173 refs, 0.0000180 secs]72.053: [FinalReference, 6 refs, 0.0000140 secs]72.053: [PhantomReference, 0 refs, 0.0000030 secs]72.053: [JNI Weak Reference, 0.0000030 secs] 156M->127M(285M), 0.4415740 secs]
   [Eden: 34.0M(114.0M)->0.0B(112.0M) Survivors: 0.0B->0.0B Heap: 156.8M(285.0M)->127.7M(285.0M)]
 [Times: user=0.67 sys=0.00, real=0.44 secs] 
72.286: [Full GC72.495: [SoftReference, 0 refs, 0.0000380 secs]72.495: [WeakReference, 172 refs, 0.0000170 secs]72.495: [FinalReference, 4 refs, 0.0000030 secs]72.495: [PhantomReference, 0 refs, 0.0000030 secs]72.495: [JNI Weak Reference, 0.0000020 secs] 129M->127M(285M), 0.4071930 secs]
   [Eden: 3072.0K(112.0M)->0.0B(112.0M) Survivors: 0.0B->0.0B Heap: 129.8M(285.0M)->127.4M(285.0M)]
 [Times: user=0.62 sys=0.00, real=0.41 secs] 
73.133: [Full GC73.342: [SoftReference, 0 refs, 0.0000260 secs]73.342: [WeakReference, 173 refs, 0.0000160 secs]73.342: [FinalReference, 5 refs, 0.0000030 secs]73.342: [PhantomReference, 0 refs, 0.0000020 secs]73.342: [JNI Weak Reference, 0.0000030 secs] 147M->129M(285M), 0.4401810 secs]
   [Eden: 21.0M(112.0M)->0.0B(110.0M) Survivors: 0.0B->0.0B Heap: 147.7M(285.0M)->129.6M(285.0M)]
 [Times: user=0.67 sys=0.00, real=0.44 secs] 
73.622: [Full GC73.837: [SoftReference, 0 refs, 0.0000210 secs]73.837: [WeakReference, 173 refs, 0.0000170 secs]73.837: [FinalReference, 5 refs, 0.0000040 secs]73.837: [PhantomReference, 0 refs, 0.0000020 secs]73.837: [JNI Weak Reference, 0.0000020 secs] 152M->131M(285M), 0.4459590 secs]
   [Eden: 23.0M(110.0M)->0.0B(109.0M) Survivors: 0.0B->0.0B Heap: 152.5M(285.0M)->131.9M(285.0M)]
 [Times: user=0.68 sys=0.00, real=0.44 secs] 
74.127: [Full GC74.347: [SoftReference, 0 refs, 0.0000260 secs]74.347: [WeakReference, 172 refs, 0.0000160 secs]74.347: [FinalReference, 6 refs, 0.0000030 secs]74.347: [PhantomReference, 0 refs, 0.0000020 secs]74.347: [JNI Weak Reference, 0.0000020 secs] 168M->136M(285M), 0.4652080 secs]
   [Eden: 38.0M(109.0M)->0.0B(105.0M) Survivors: 0.0B->0.0B Heap: 169.0M(285.0M)->136.7M(285.0M)]
 [Times: user=0.71 sys=0.00, real=0.47 secs] 
74.594: [Full GC74.817: [SoftReference, 0 refs, 0.0000250 secs]74.817: [WeakReference, 172 refs, 0.0000160 secs]74.817: [FinalReference, 5 refs, 0.0000020 secs]74.817: [PhantomReference, 0 refs, 0.0000020 secs]74.817: [JNI Weak Reference, 0.0000030 secs] 137M->136M(285M), 0.4591770 secs]
   [Eden: 1024.0K(105.0M)->0.0B(105.0M) Survivors: 0.0B->0.0B Heap: 137.6M(285.0M)->136.4M(285.0M)]
 [Times: user=0.70 sys=0.00, real=0.46 secs] 
75.112: [Full GC75.353: [SoftReference, 0 refs, 0.0000250 secs]75.353: [WeakReference, 173 refs, 0.0000170 secs]75.353: [FinalReference, 6 refs, 0.0000030 secs]75.353: [PhantomReference, 0 refs, 0.0000020 secs]75.353: [JNI Weak Reference, 0.0000030 secs] 164M->139M(285M), 0.4969460 secs]
   [Eden: 29.0M(105.0M)->0.0B(103.0M) Survivors: 0.0B->0.0B Heap: 164.9M(285.0M)->139.9M(285.0M)]
 [Times: user=0.75 sys=0.00, real=0.49 secs] 
75.644: [Full GC75.875: [SoftReference, 0 refs, 0.0000220 secs]75.875: [WeakReference, 172 refs, 0.0000170 secs]75.875: [FinalReference, 6 refs, 0.0000040 secs]75.875: [PhantomReference, 0 refs, 0.0000020 secs]75.875: [JNI Weak Reference, 0.0000030 secs] 158M->142M(285M), 0.4838030 secs]
   [Eden: 19.0M(103.0M)->0.0B(101.0M) Survivors: 0.0B->0.0B Heap: 158.9M(285.0M)->142.4M(285.0M)]
 [Times: user=0.74 sys=0.00, real=0.48 secs] 
76.156: [Full GC76.390: [SoftReference, 0 refs, 0.0000220 secs]76.390: [WeakReference, 172 refs, 0.0000160 secs]76.390: [FinalReference, 6 refs, 0.0000030 secs]76.390: [PhantomReference, 0 refs, 0.0000030 secs]76.390: [JNI Weak Reference, 0.0000030 secs] 157M->144M(285M), 0.4860530 secs]
   [Eden: 16.0M(101.0M)->0.0B(100.0M) Survivors: 0.0B->0.0B Heap: 157.8M(285.0M)->144.3M(285.0M)]
 [Times: user=0.75 sys=0.00, real=0.49 secs] 
76.669: [Full GC76.901: [SoftReference, 0 refs, 0.0000420 secs]76.901: [WeakReference, 173 refs, 0.0000370 secs]76.901: [FinalReference, 5 refs, 0.0000040 secs]76.901: [PhantomReference, 0 refs, 0.0000130 secs]76.901: [JNI Weak Reference, 0.0000030 secs] 155M->145M(285M), 0.4865710 secs]
   [Eden: 11.0M(100.0M)->0.0B(99.0M) Survivors: 0.0B->0.0B Heap: 155.1M(285.0M)->145.3M(285.0M)]
 [Times: user=0.76 sys=0.00, real=0.49 secs] 
77.297: [Full GC77.560: [SoftReference, 0 refs, 0.0000270 secs]77.560: [WeakReference, 173 refs, 0.0000170 secs]77.560: [FinalReference, 5 refs, 0.0000030 secs]77.560: [PhantomReference, 0 refs, 0.0000020 secs]77.560: [JNI Weak Reference, 0.0000020 secs] 165M->147M(285M), 0.5355170 secs]
   [Eden: 21.0M(99.0M)->0.0B(98.0M) Survivors: 0.0B->0.0B Heap: 165.7M(285.0M)->147.5M(285.0M)]
 [Times: user=0.80 sys=0.00, real=0.54 secs] 
78.018: [Full GC78.264: [SoftReference, 0 refs, 0.0000270 secs]78.264: [WeakReference, 173 refs, 0.0000170 secs]78.264: [FinalReference, 5 refs, 0.0000040 secs]78.264: [PhantomReference, 0 refs, 0.0000020 secs]78.264: [JNI Weak Reference, 0.0000020 secs] 168M->149M(285M), 0.5090540 secs]
   [Eden: 21.0M(98.0M)->0.0B(96.0M) Survivors: 0.0B->0.0B Heap: 168.2M(285.0M)->149.8M(285.0M)]
 [Times: user=0.78 sys=0.00, real=0.51 secs] 
79.111: [Full GC79.357: [SoftReference, 0 refs, 0.0000260 secs]79.357: [WeakReference, 173 refs, 0.0000160 secs]79.357: [FinalReference, 5 refs, 0.0000030 secs]79.357: [PhantomReference, 0 refs, 0.0000020 secs]79.357: [JNI Weak Reference, 0.0000020 secs] 167M->151M(285M), 0.5189380 secs]
   [Eden: 18.0M(96.0M)->0.0B(93.0M) Survivors: 0.0B->0.0B Heap: 167.0M(285.0M)->152.0M(285.0M)]
 [Times: user=0.79 sys=0.00, real=0.51 secs] 
79.691: [Full GC79.947: [SoftReference, 0 refs, 0.0000230 secs]79.947: [WeakReference, 172 refs, 0.0000180 secs]79.947: [FinalReference, 6 refs, 0.0000040 secs]79.947: [PhantomReference, 0 refs, 0.0000030 secs]79.947: [JNI Weak Reference, 0.0000030 secs] 185M->156M(285M), 0.5437360 secs]
   [Eden: 34.0M(93.0M)->0.0B(90.0M) Survivors: 0.0B->0.0B Heap: 186.0M(285.0M)->156.8M(285.0M)]
 [Times: user=0.83 sys=0.00, real=0.54 secs] 
80.240: [Full GC80.515: [SoftReference, 0 refs, 0.0000390 secs]80.515: [WeakReference, 173 refs, 0.0000170 secs]80.515: [FinalReference, 5 refs, 0.0000030 secs]80.515: [PhantomReference, 0 refs, 0.0000020 secs]80.515: [JNI Weak Reference, 0.0000030 secs] 162M->156M(285M), 0.5648490 secs]
   [Eden: 6144.0K(90.0M)->0.0B(90.0M) Survivors: 0.0B->0.0B Heap: 162.8M(285.0M)->156.7M(285.0M)]
 [Times: user=0.86 sys=0.00, real=0.57 secs] 
80.854: [Full GC81.110: [SoftReference, 0 refs, 0.0000230 secs]81.111: [WeakReference, 173 refs, 0.0000160 secs]81.111: [FinalReference, 5 refs, 0.0000030 secs]81.111: [PhantomReference, 0 refs, 0.0000020 secs]81.111: [JNI Weak Reference, 0.0000030 secs] 184M->158M(285M), 0.5355550 secs]
   [Eden: 28.0M(90.0M)->0.0B(88.0M) Survivors: 0.0B->0.0B Heap: 184.5M(285.0M)->158.7M(285.0M)]
 [Times: user=0.83 sys=0.00, real=0.53 secs] 
81.447: [Full GC81.726: [SoftReference, 0 refs, 0.0000230 secs]81.726: [WeakReference, 172 refs, 0.0000170 secs]81.726: [FinalReference, 6 refs, 0.0000040 secs]81.726: [PhantomReference, 0 refs, 0.0000030 secs]81.726: [JNI Weak Reference, 0.0000030 secs] 195M->163M(285M), 0.5723550 secs]
   [Eden: 37.0M(88.0M)->0.0B(85.0M) Survivors: 0.0B->0.0B Heap: 195.7M(285.0M)->163.4M(285.0M)]
 [Times: user=0.88 sys=0.00, real=0.57 secs] 
82.024: [Full GC82.297: [SoftReference, 0 refs, 0.0000200 secs]82.297: [WeakReference, 171 refs, 0.0000170 secs]82.297: [FinalReference, 4 refs, 0.0000030 secs]82.297: [PhantomReference, 0 refs, 0.0000020 secs]82.297: [JNI Weak Reference, 0.0000020 secs] 166M->163M(285M), 0.5420100 secs]
   [Eden: 4096.0K(85.0M)->0.0B(85.0M) Survivors: 0.0B->0.0B Heap: 166.6M(285.0M)->163.1M(285.0M)]
 [Times: user=0.85 sys=0.00, real=0.54 secs] 
82.615: [Full GC82.885: [SoftReference, 0 refs, 0.0000240 secs]82.885: [WeakReference, 173 refs, 0.0000160 secs]82.885: [FinalReference, 5 refs, 0.0000040 secs]82.885: [PhantomReference, 0 refs, 0.0000030 secs]82.885: [JNI Weak Reference, 0.0000020 secs] 183M->165M(285M), 0.5620440 secs]
   [Eden: 21.0M(85.0M)->0.0B(83.0M) Survivors: 0.0B->0.0B Heap: 183.5M(285.0M)->165.4M(285.0M)]
 [Times: user=0.87 sys=0.00, real=0.56 secs] 
83.411: [Full GC83.698: [SoftReference, 0 refs, 0.0000240 secs]83.698: [WeakReference, 173 refs, 0.0000170 secs]83.698: [FinalReference, 5 refs, 0.0000030 secs]83.698: [PhantomReference, 0 refs, 0.0000030 secs]83.698: [JNI Weak Reference, 0.0000030 secs] 185M->167M(285M), 0.5828660 secs]
   [Eden: 21.0M(83.0M)->0.0B(81.0M) Survivors: 0.0B->0.0B Heap: 185.7M(285.0M)->167.6M(285.0M)]
 [Times: user=0.90 sys=0.00, real=0.58 secs] 
84.107: [Full GC84.393: [SoftReference, 0 refs, 0.0000280 secs]84.393: [WeakReference, 172 refs, 0.0000170 secs]84.393: [FinalReference, 6 refs, 0.0000040 secs]84.393: [PhantomReference, 0 refs, 0.0000030 secs]84.393: [JNI Weak Reference, 0.0000030 secs] 187M->170M(285M), 0.6169220 secs]
   [Eden: 20.0M(81.0M)->0.0B(78.0M) Survivors: 0.0B->0.0B Heap: 187.5M(285.0M)->170.3M(285.0M)]
 [Times: user=0.93 sys=0.00, real=0.62 secs] 
84.780: [Full GC85.078: [SoftReference, 0 refs, 0.0000320 secs]85.078: [WeakReference, 172 refs, 0.0000170 secs]85.078: [FinalReference, 6 refs, 0.0000040 secs]85.078: [PhantomReference, 0 refs, 0.0000030 secs]85.078: [JNI Weak Reference, 0.0000030 secs] 201M->174M(291M), 0.6101020 secs]
   [Eden: 31.0M(78.0M)->0.0B(79.0M) Survivors: 0.0B->0.0B Heap: 201.1M(285.0M)->174.3M(291.0M)]
 [Times: user=0.94 sys=0.00, real=0.61 secs] 
85.400: [Full GC85.697: [SoftReference, 0 refs, 0.0000410 secs]85.697: [WeakReference, 173 refs, 0.0000170 secs]85.697: [FinalReference, 6 refs, 0.0000040 secs]85.697: [PhantomReference, 0 refs, 0.0000030 secs]85.697: [JNI Weak Reference, 0.0000040 secs] 184M->174M(292M), 0.6255630 secs]
   [Eden: 11.0M(79.0M)->0.0B(80.0M) Survivors: 0.0B->0.0B Heap: 184.5M(291.0M)->174.8M(292.0M)]
 [Times: user=0.96 sys=0.00, real=0.63 secs] 
86.067: [Full GC86.359: [SoftReference, 0 refs, 0.0000260 secs]86.359: [WeakReference, 173 refs, 0.0000180 secs]86.359: [FinalReference, 5 refs, 0.0000040 secs]86.359: [PhantomReference, 0 refs, 0.0000020 secs]86.359: [JNI Weak Reference, 0.0000040 secs] 202M->176M(295M), 0.6084150 secs]
   [Eden: 28.0M(80.0M)->0.0B(81.0M) Survivors: 0.0B->0.0B Heap: 202.1M(292.0M)->176.5M(295.0M)]
 [Times: user=0.95 sys=0.00, real=0.61 secs] 
86.729: [Full GC87.046: [SoftReference, 0 refs, 0.0000280 secs]87.046: [WeakReference, 173 refs, 0.0000180 secs]87.046: [FinalReference, 5 refs, 0.0000040 secs]87.046: [PhantomReference, 0 refs, 0.0000030 secs]87.046: [JNI Weak Reference, 0.0000030 secs] 194M->178M(298M), 0.6374520 secs]
   [Eden: 19.0M(81.0M)->0.0B(82.0M) Survivors: 0.0B->0.0B Heap: 194.8M(295.0M)->178.7M(298.0M)]
 [Times: user=0.97 sys=0.00, real=0.64 secs] 
87.836: [Full GC88.135: [SoftReference, 0 refs, 0.0000290 secs]88.135: [WeakReference, 173 refs, 0.0000180 secs]88.135: [FinalReference, 5 refs, 0.0000040 secs]88.135: [PhantomReference, 0 refs, 0.0000020 secs]88.135: [JNI Weak Reference, 0.0000030 secs] 196M->180M(302M), 0.6161840 secs]
   [Eden: 19.0M(82.0M)->0.0B(83.0M) Survivors: 0.0B->0.0B Heap: 196.9M(298.0M)->180.9M(302.0M)]
 [Times: user=0.96 sys=0.00, real=0.62 secs] 
89.765: [Full GC90.067: [SoftReference, 0 refs, 0.0000200 secs]90.067: [WeakReference, 173 refs, 0.0000170 secs]90.067: [FinalReference, 5 refs, 0.0000040 secs]90.067: [PhantomReference, 0 refs, 0.0000030 secs]90.067: [JNI Weak Reference, 0.0000030 secs] 198M->183M(306M), 0.6285550 secs]
   [Eden: 18.0M(83.0M)->0.0B(84.0M) Survivors: 0.0B->0.0B Heap: 198.3M(302.0M)->183.1M(306.0M)]
 [Times: user=0.97 sys=0.00, real=0.63 secs] 
94.766: [Full GC95.083: [SoftReference, 0 refs, 0.0000240 secs]95.083: [WeakReference, 172 refs, 0.0000170 secs]95.083: [FinalReference, 8 refs, 0.0000060 secs]95.083: [PhantomReference, 0 refs, 0.0000020 secs]95.083: [JNI Weak Reference, 0.0000030 secs] 217M->187M(313M), 0.6570900 secs]
   [Eden: 35.0M(84.0M)->0.0B(85.0M) Survivors: 0.0B->0.0B Heap: 218.0M(306.0M)->187.8M(313.0M)]
 [Times: user=1.01 sys=0.00, real=0.66 secs] 
95.428: [Full GC95.737: [SoftReference, 0 refs, 0.0000220 secs]95.738: [WeakReference, 171 refs, 0.0000170 secs]95.738: [FinalReference, 4 refs, 0.0000030 secs]95.738: [PhantomReference, 0 refs, 0.0000020 secs]95.738: [JNI Weak Reference, 0.0000030 secs] 197M->187M(313M), 0.5975070 secs]
   [Eden: 10.0M(85.0M)->0.0B(85.0M) Survivors: 0.0B->0.0B Heap: 197.2M(313.0M)->187.5M(313.0M)]
 [Times: user=0.96 sys=0.00, real=0.60 secs] 
96.095: [Full GC96.418: [SoftReference, 0 refs, 0.0000390 secs]96.418: [WeakReference, 173 refs, 0.0000260 secs]96.418: [FinalReference, 7 refs, 0.0000060 secs]96.418: [PhantomReference, 0 refs, 0.0000020 secs]96.418: [JNI Weak Reference, 0.0000030 secs] 230M->192M(321M), 0.6893760 secs]
   [Eden: 44.0M(85.0M)->0.0B(87.0M) Survivors: 0.0B->0.0B Heap: 230.7M(313.0M)->192.2M(321.0M)]
 [Times: user=1.05 sys=0.00, real=0.69 secs] 
96.786: [Full GC97.105: [SoftReference, 0 refs, 0.0000270 secs]97.105: [WeakReference, 172 refs, 0.0000300 secs]97.105: [FinalReference, 4 refs, 0.0000060 secs]97.105: [PhantomReference, 0 refs, 0.0000050 secs]97.105: [JNI Weak Reference, 0.0000060 secs] 193M->191M(321M), 0.6185410 secs]
   [Eden: 2048.0K(87.0M)->0.0B(88.0M) Survivors: 0.0B->0.0B Heap: 193.2M(321.0M)->191.9M(321.0M)]
 [Times: user=0.99 sys=0.01, real=0.62 secs] 
97.503: [Full GC97.837: [SoftReference, 0 refs, 0.0000240 secs]97.837: [WeakReference, 173 refs, 0.0000180 secs]97.837: [FinalReference, 5 refs, 0.0000050 secs]97.837: [PhantomReference, 0 refs, 0.0000030 secs]97.837: [JNI Weak Reference, 0.0000030 secs] 209M->194M(324M), 0.6822490 secs]
   [Eden: 18.0M(88.0M)->0.0B(88.0M) Survivors: 0.0B->0.0B Heap: 209.2M(321.0M)->194.1M(324.0M)]
 [Times: user=1.06 sys=0.00, real=0.68 secs] 
98.247: [Full GC98.577: [SoftReference, 0 refs, 0.0000220 secs]98.577: [WeakReference, 172 refs, 0.0000170 secs]98.577: [FinalReference, 6 refs, 0.0000030 secs]98.577: [PhantomReference, 0 refs, 0.0000020 secs]98.577: [JNI Weak Reference, 0.0000030 secs] 235M->198M(332M), 0.6855720 secs]
   [Eden: 42.0M(88.0M)->0.0B(90.0M) Survivors: 0.0B->0.0B Heap: 235.8M(324.0M)->198.9M(332.0M)]
 [Times: user=1.07 sys=0.01, real=0.69 secs] 
98.935: [Full GC99.263: [SoftReference, 0 refs, 0.0000420 secs]99.263: [WeakReference, 172 refs, 0.0000160 secs]99.263: [FinalReference, 5 refs, 0.0000030 secs]99.263: [PhantomReference, 0 refs, 0.0000030 secs]99.263: [JNI Weak Reference, 0.0000030 secs] 201M->198M(332M), 0.6735760 secs]
   [Eden: 3072.0K(90.0M)->0.0B(90.0M) Survivors: 0.0B->0.0B Heap: 201.3M(332.0M)->198.7M(332.0M)]
 [Times: user=1.06 sys=0.00, real=0.67 secs] 
99.667: [Full GC100.039: [SoftReference, 0 refs, 0.0000230 secs]100.039: [WeakReference, 172 refs, 0.0000180 secs]100.039: [FinalReference, 7 refs, 0.0000040 secs]100.039: [PhantomReference, 0 refs, 0.0000030 secs]100.039: [JNI Weak Reference, 0.0000030 secs] 234M->203M(339M), 0.7555420 secs]
   [Eden: 36.0M(90.0M)->0.0B(92.0M) Survivors: 0.0B->0.0B Heap: 234.2M(332.0M)->203.4M(339.0M)]
 [Times: user=1.15 sys=0.00, real=0.76 secs] 
100.427: [Full GC100.762: [SoftReference, 0 refs, 0.0000230 secs]100.762: [WeakReference, 172 refs, 0.0000280 secs]100.762: [FinalReference, 5 refs, 0.0000030 secs]100.762: [PhantomReference, 0 refs, 0.0000030 secs]100.762: [JNI Weak Reference, 0.0000030 secs] 208M->203M(339M), 0.6884890 secs]
   [Eden: 5120.0K(92.0M)->0.0B(92.0M) Survivors: 0.0B->0.0B Heap: 208.3M(339.0M)->203.3M(339.0M)]
 [Times: user=1.09 sys=0.01, real=0.69 secs] 
101.176: [Full GC101.525: [SoftReference, 0 refs, 0.0000250 secs]101.525: [WeakReference, 173 refs, 0.0000170 secs]101.525: [FinalReference, 6 refs, 0.0000040 secs]101.525: [PhantomReference, 0 refs, 0.0000020 secs]101.525: [JNI Weak Reference, 0.0000020 secs] 234M->207M(347M), 0.7188020 secs]
   [Eden: 31.0M(92.0M)->0.0B(94.0M) Survivors: 0.0B->0.0B Heap: 234.3M(339.0M)->207.6M(347.0M)]
 [Times: user=1.12 sys=0.00, real=0.72 secs] 
101.897: [Full GC102.246: [SoftReference, 0 refs, 0.0000250 secs]102.246: [WeakReference, 171 refs, 0.0000170 secs]102.246: [FinalReference, 5 refs, 0.0000030 secs]102.246: [PhantomReference, 0 refs, 0.0000020 secs]102.246: [JNI Weak Reference, 0.0000030 secs] 209M->207M(347M), 0.7127260 secs]
   [Eden: 3072.0K(94.0M)->0.0B(94.0M) Survivors: 0.0B->0.0B Heap: 209.9M(347.0M)->207.4M(347.0M)]
 [Times: user=1.11 sys=0.00, real=0.71 secs] 
102.673: [Full GC103.052: [SoftReference, 0 refs, 0.0000230 secs]103.052: [WeakReference, 172 refs, 0.0000170 secs]103.052: [FinalReference, 7 refs, 0.0000040 secs]103.052: [PhantomReference, 0 refs, 0.0000020 secs]103.052: [JNI Weak Reference, 0.0000030 secs] 244M->212M(355M), 0.7699120 secs]
   [Eden: 37.0M(94.0M)->0.0B(96.0M) Survivors: 0.0B->0.0B Heap: 244.4M(347.0M)->212.7M(355.0M)]
 [Times: user=1.19 sys=0.00, real=0.77 secs] 
103.444: [Full GC103.797: [SoftReference, 0 refs, 0.0000230 secs]103.797: [WeakReference, 171 refs, 0.0000160 secs]103.797: [FinalReference, 5 refs, 0.0000030 secs]103.797: [PhantomReference, 0 refs, 0.0000030 secs]103.797: [JNI Weak Reference, 0.0000030 secs] 214M->212M(355M), 0.7237790 secs]
   [Eden: 2048.0K(96.0M)->0.0B(96.0M) Survivors: 0.0B->0.0B Heap: 214.0M(355.0M)->212.5M(355.0M)]
 [Times: user=1.15 sys=0.00, real=0.72 secs] 
104.213: [Full GC104.572: [SoftReference, 0 refs, 0.0000260 secs]104.572: [WeakReference, 173 refs, 0.0000180 secs]104.572: [FinalReference, 6 refs, 0.0000040 secs]104.572: [PhantomReference, 0 refs, 0.0000020 secs]104.572: [JNI Weak Reference, 0.0000030 secs] 236M->215M(360M), 0.7405630 secs]
   [Eden: 25.0M(96.0M)->0.0B(98.0M) Survivors: 0.0B->0.0B Heap: 236.9M(355.0M)->215.9M(360.0M)]
 [Times: user=1.15 sys=0.00, real=0.74 secs] 
104.969: [Full GC105.344: [SoftReference, 0 refs, 0.0000240 secs]105.344: [WeakReference, 172 refs, 0.0000170 secs]105.344: [FinalReference, 6 refs, 0.0000030 secs]105.344: [PhantomReference, 0 refs, 0.0000020 secs]105.344: [JNI Weak Reference, 0.0000030 secs] 225M->216M(362M), 0.7564790 secs]
   [Eden: 10.0M(98.0M)->0.0B(98.0M) Survivors: 0.0B->0.0B Heap: 225.9M(360.0M)->216.8M(362.0M)]
 [Times: user=1.18 sys=0.00, real=0.76 secs] 
105.770: [Full GC106.140: [SoftReference, 0 refs, 0.0000250 secs]106.140: [WeakReference, 172 refs, 0.0000180 secs]106.140: [FinalReference, 6 refs, 0.0000040 secs]106.140: [PhantomReference, 0 refs, 0.0000190 secs]106.140: [JNI Weak Reference, 0.0000020 secs] 241M->220M(368M), 0.7625990 secs]
   [Eden: 26.0M(98.0M)->0.0B(99.0M) Survivors: 0.0B->0.0B Heap: 242.0M(362.0M)->220.4M(368.0M)]
 [Times: user=1.20 sys=0.00, real=0.77 secs] 
106.543: [Full GC106.934: [SoftReference, 0 refs, 0.0000220 secs]106.934: [WeakReference, 173 refs, 0.0000170 secs]106.934: [FinalReference, 5 refs, 0.0000040 secs]106.934: [PhantomReference, 0 refs, 0.0000020 secs]106.934: [JNI Weak Reference, 0.0000030 secs] 228M->220M(368M), 0.7957300 secs]
   [Eden: 9216.0K(99.0M)->0.0B(99.0M) Survivors: 0.0B->0.0B Heap: 228.9M(368.0M)->220.4M(368.0M)]
 [Times: user=1.23 sys=0.01, real=0.79 secs] 
107.414: [Full GC107.791: [SoftReference, 0 refs, 0.0000240 secs]107.791: [WeakReference, 172 refs, 0.0000170 secs]107.791: [FinalReference, 6 refs, 0.0000040 secs]107.791: [PhantomReference, 0 refs, 0.0000020 secs]107.791: [JNI Weak Reference, 0.0000020 secs] 258M->224M(375M), 0.7799890 secs]
   [Eden: 39.0M(99.0M)->0.0B(100.0M) Survivors: 0.0B->0.0B Heap: 258.6M(368.0M)->224.8M(375.0M)]
 [Times: user=1.24 sys=0.00, real=0.78 secs] 
108.196: [Full GC108.575: [SoftReference, 0 refs, 0.0000270 secs]108.575: [WeakReference, 171 refs, 0.0000160 secs]108.575: [FinalReference, 5 refs, 0.0000030 secs]108.575: [PhantomReference, 0 refs, 0.0000020 secs]108.575: [JNI Weak Reference, 0.0000020 secs] 236M->224M(375M), 0.7753330 secs]
   [Eden: 12.0M(100.0M)->0.0B(100.0M) Survivors: 0.0B->0.0B Heap: 236.1M(375.0M)->224.8M(375.0M)]
 [Times: user=1.23 sys=0.00, real=0.78 secs] 
109.028: [Full GC109.421: [SoftReference, 0 refs, 0.0000290 secs]109.421: [WeakReference, 173 refs, 0.0000170 secs]109.421: [FinalReference, 5 refs, 0.0000030 secs]109.421: [PhantomReference, 0 refs, 0.0000020 secs]109.421: [JNI Weak Reference, 0.0000030 secs] 247M->226M(379M), 0.7957660 secs]
   [Eden: 23.0M(100.0M)->0.0B(101.0M) Survivors: 0.0B->0.0B Heap: 247.0M(375.0M)->227.0M(379.0M)]
 [Times: user=1.25 sys=0.01, real=0.80 secs] 
109.873: [Full GC110.280: [SoftReference, 0 refs, 0.0000250 secs]110.280: [WeakReference, 172 refs, 0.0000180 secs]110.280: [FinalReference, 5 refs, 0.0000040 secs]110.280: [PhantomReference, 0 refs, 0.0000030 secs]110.280: [JNI Weak Reference, 0.0000040 secs] 247M->229M(382M), 0.8251840 secs]
   [Eden: 21.0M(101.0M)->0.0B(101.0M) Survivors: 0.0B->0.0B Heap: 247.2M(379.0M)->229.2M(382.0M)]
 [Times: user=1.29 sys=0.00, real=0.82 secs] 
111.315: [Full GC111.700: [SoftReference, 0 refs, 0.0000240 secs]111.700: [WeakReference, 172 refs, 0.0000170 secs]111.700: [FinalReference, 5 refs, 0.0000040 secs]111.700: [PhantomReference, 0 refs, 0.0000020 secs]111.700: [JNI Weak Reference, 0.0000030 secs] 249M->231M(386M), 0.7966800 secs]
   [Eden: 21.0M(101.0M)->0.0B(102.0M) Survivors: 0.0B->0.0B Heap: 249.4M(382.0M)->231.4M(386.0M)]
 [Times: user=1.26 sys=0.00, real=0.80 secs] 
112.373: [Full GC112.823: [SoftReference, 0 refs, 0.0000230 secs]112.823: [WeakReference, 172 refs, 0.0000180 secs]112.823: [FinalReference, 5 refs, 0.0000040 secs]112.823: [PhantomReference, 0 refs, 0.0000030 secs]112.823: [JNI Weak Reference, 0.0000040 secs] 249M->233M(390M), 0.8749180 secs]
   [Eden: 19.0M(102.0M)->0.0B(104.0M) Survivors: 0.0B->0.0B Heap: 249.5M(386.0M)->233.6M(390.0M)]
 [Times: user=1.34 sys=0.00, real=0.87 secs] 
113.326: [Full GC113.725: [SoftReference, 0 refs, 0.0000250 secs]113.725: [WeakReference, 173 refs, 0.0000180 secs]113.725: [FinalReference, 5 refs, 0.0000040 secs]113.725: [PhantomReference, 0 refs, 0.0000030 secs]113.725: [JNI Weak Reference, 0.0000030 secs] 253M->235M(393M), 0.8175810 secs]
   [Eden: 21.0M(104.0M)->0.0B(104.0M) Survivors: 0.0B->0.0B Heap: 253.9M(390.0M)->235.8M(393.0M)]
 [Times: user=1.30 sys=0.00, real=0.82 secs] 
115.488: [Full GC115.886: [SoftReference, 0 refs, 0.0000220 secs]115.886: [WeakReference, 173 refs, 0.0000170 secs]115.886: [FinalReference, 5 refs, 0.0000040 secs]115.886: [PhantomReference, 0 refs, 0.0000030 secs]115.886: [JNI Weak Reference, 0.0000030 secs] 253M->238M(397M), 0.8316580 secs]
   [Eden: 18.0M(104.0M)->0.0B(105.0M) Survivors: 0.0B->0.0B Heap: 253.2M(393.0M)->238.0M(397.0M)]
 [Times: user=1.32 sys=0.00, real=0.83 secs] 
116.378: [Full GC116.798: [SoftReference, 0 refs, 0.0000230 secs]116.798: [WeakReference, 173 refs, 0.0000170 secs]116.798: [FinalReference, 6 refs, 0.0000040 secs]116.798: [PhantomReference, 0 refs, 0.0000020 secs]116.798: [JNI Weak Reference, 0.0000030 secs] 261M->240M(401M), 0.8531830 secs]
   [Eden: 24.0M(105.0M)->0.0B(105.0M) Survivors: 0.0B->0.0B Heap: 262.0M(397.0M)->240.2M(401.0M)]
 [Times: user=1.33 sys=0.00, real=0.86 secs] 
117.484: [Full GC117.911: [SoftReference, 0 refs, 0.0000290 secs]117.911: [WeakReference, 173 refs, 0.0000180 secs]117.911: [FinalReference, 5 refs, 0.0000040 secs]117.911: [PhantomReference, 0 refs, 0.0000030 secs]117.911: [JNI Weak Reference, 0.0000030 secs] 261M->242M(405M), 0.8639750 secs]
   [Eden: 22.0M(105.0M)->0.0B(107.0M) Survivors: 0.0B->0.0B Heap: 262.0M(401.0M)->242.5M(405.0M)]
 [Times: user=1.35 sys=0.00, real=0.86 secs] 
119.883: [Full GC120.303: [SoftReference, 0 refs, 0.0000250 secs]120.303: [WeakReference, 173 refs, 0.0000170 secs]120.303: [FinalReference, 5 refs, 0.0000040 secs]120.303: [PhantomReference, 0 refs, 0.0000030 secs]120.303: [JNI Weak Reference, 0.0000030 secs] 263M->244M(408M), 0.8540700 secs]
   [Eden: 21.0M(107.0M)->0.0B(107.0M) Survivors: 0.0B->0.0B Heap: 263.0M(405.0M)->244.7M(408.0M)]
 [Times: user=1.36 sys=0.01, real=0.85 secs] 
120.738: [Full GC121.153: [SoftReference, 0 refs, 0.0000230 secs]121.153: [WeakReference, 171 refs, 0.0000160 secs]121.153: [FinalReference, 6 refs, 0.0000040 secs]121.153: [PhantomReference, 0 refs, 0.0000020 secs]121.153: [JNI Weak Reference, 0.0000030 secs] 244M->244M(408M), 0.7897230 secs]
   [Eden: 1024.0K(107.0M)->0.0B(107.0M) Survivors: 0.0B->0.0B Heap: 244.9M(408.0M)->244.7M(408.0M)]
 [Times: user=1.29 sys=0.00, real=0.79 secs] 
121.587: [Full GC122.034: [SoftReference, 0 refs, 0.0000260 secs]122.035: [WeakReference, 173 refs, 0.0000170 secs]122.035: [FinalReference, 5 refs, 0.0000050 secs]122.035: [PhantomReference, 0 refs, 0.0000030 secs]122.035: [JNI Weak Reference, 0.0000030 secs] 282M->246M(412M), 0.8851820 secs]
   [Eden: 39.0M(107.0M)->0.0B(108.0M) Survivors: 0.0B->0.0B Heap: 283.0M(408.0M)->246.9M(412.0M)]
 [Times: user=1.40 sys=0.00, real=0.89 secs] 
124.099: [Full GC124.517: [SoftReference, 0 refs, 0.0000210 secs]124.517: [WeakReference, 173 refs, 0.0000170 secs]124.517: [FinalReference, 5 refs, 0.0000030 secs]124.517: [PhantomReference, 0 refs, 0.0000020 secs]124.517: [JNI Weak Reference, 0.0000030 secs] 270M->249M(416M), 0.8875250 secs]
   [Eden: 24.0M(108.0M)->0.0B(109.0M) Survivors: 0.0B->0.0B Heap: 270.3M(412.0M)->249.1M(416.0M)]
 [Times: user=1.39 sys=0.00, real=0.89 secs] 
125.498: [Full GC125.923: [SoftReference, 0 refs, 0.0000250 secs]125.923: [WeakReference, 173 refs, 0.0000160 secs]125.923: [FinalReference, 5 refs, 0.0000030 secs]125.923: [PhantomReference, 0 refs, 0.0000020 secs]125.923: [JNI Weak Reference, 0.0000020 secs] 269M->251M(419M), 0.8871470 secs]
   [Eden: 21.0M(109.0M)->0.0B(109.0M) Survivors: 0.0B->0.0B Heap: 269.5M(416.0M)->251.4M(419.0M)]
 [Times: user=1.40 sys=0.00, real=0.89 secs] 
126.439: [Full GC126.869: [SoftReference, 0 refs, 0.0009810 secs]126.870: [WeakReference, 172 refs, 0.0000610 secs]126.870: [FinalReference, 5 refs, 0.0000090 secs]126.870: [PhantomReference, 0 refs, 0.0000050 secs]126.870: [JNI Weak Reference, 0.0000070 secs] 274M->253M(423M), 0.9018490 secs]
   [Eden: 23.0M(109.0M)->0.0B(110.0M) Survivors: 0.0B->0.0B Heap: 274.2M(419.0M)->253.6M(423.0M)]
 [Times: user=1.43 sys=0.00, real=0.90 secs] 
127.402: [Full GC127.839: [SoftReference, 0 refs, 0.0000250 secs]127.839: [WeakReference, 173 refs, 0.0000180 secs]127.839: [FinalReference, 6 refs, 0.0000060 secs]127.839: [PhantomReference, 0 refs, 0.0000030 secs]127.839: [JNI Weak Reference, 0.0000040 secs] 271M->255M(427M), 0.9008090 secs]
   [Eden: 19.0M(110.0M)->0.0B(112.0M) Survivors: 0.0B->0.0B Heap: 271.6M(423.0M)->255.9M(427.0M)]
 [Times: user=1.42 sys=0.00, real=0.90 secs] 
128.363: [Full GC128.805: [SoftReference, 0 refs, 0.0000400 secs]128.805: [WeakReference, 172 refs, 0.0000170 secs]128.805: [FinalReference, 6 refs, 0.0000040 secs]128.805: [PhantomReference, 0 refs, 0.0000020 secs]128.805: [JNI Weak Reference, 0.0000020 secs] 285M->260M(434M), 0.9106400 secs]
   [Eden: 30.0M(112.0M)->0.0B(112.0M) Survivors: 0.0B->0.0B Heap: 285.5M(427.0M)->260.0M(434.0M)]
 [Times: user=1.44 sys=0.00, real=0.91 secs] 
129.295: [Full GC129.769: [SoftReference, 0 refs, 0.0000220 secs]129.769: [WeakReference, 173 refs, 0.0000170 secs]129.769: [FinalReference, 6 refs, 0.0000040 secs]129.769: [PhantomReference, 0 refs, 0.0000030 secs]129.769: [JNI Weak Reference, 0.0000030 secs] 271M->261M(436M), 0.9367780 secs]
   [Eden: 12.0M(112.0M)->0.0B(113.0M) Survivors: 0.0B->0.0B Heap: 271.8M(434.0M)->261.2M(436.0M)]
 [Times: user=1.48 sys=0.00, real=0.94 secs] 
130.276: [Full GC130.746: [SoftReference, 0 refs, 0.0000230 secs]130.746: [WeakReference, 172 refs, 0.0000170 secs]130.746: [FinalReference, 6 refs, 0.0000040 secs]130.746: [PhantomReference, 0 refs, 0.0000030 secs]130.746: [JNI Weak Reference, 0.0000030 secs] 284M->264M(441M), 0.9450090 secs]
   [Eden: 24.0M(113.0M)->0.0B(114.0M) Survivors: 0.0B->0.0B Heap: 284.5M(436.0M)->264.5M(441.0M)]
 [Times: user=1.50 sys=0.00, real=0.95 secs] 
131.237: [Full GC131.691: [SoftReference, 0 refs, 0.0000190 secs]131.691: [WeakReference, 172 refs, 0.0000170 secs]131.691: [FinalReference, 5 refs, 0.0000040 secs]131.691: [PhantomReference, 0 refs, 0.0000020 secs]131.691: [JNI Weak Reference, 0.0000030 secs] 272M->264M(442M), 0.9445650 secs]
   [Eden: 8192.0K(114.0M)->0.0B(114.0M) Survivors: 0.0B->0.0B Heap: 272.2M(441.0M)->264.8M(442.0M)]
 [Times: user=1.50 sys=0.00, real=0.95 secs] 
132.231: [Full GC132.697: [SoftReference, 0 refs, 0.0000260 secs]132.697: [WeakReference, 173 refs, 0.0000170 secs]132.697: [FinalReference, 5 refs, 0.0000030 secs]132.697: [PhantomReference, 0 refs, 0.0000020 secs]132.697: [JNI Weak Reference, 0.0000030 secs] 283M->267M(446M), 0.9429900 secs]
   [Eden: 19.0M(114.0M)->0.0B(115.0M) Survivors: 0.0B->0.0B Heap: 283.5M(442.0M)->267.0M(446.0M)]
 [Times: user=1.51 sys=0.01, real=0.94 secs] 
133.235: [Full GC133.719: [SoftReference, 0 refs, 0.0008090 secs]133.719: [WeakReference, 172 refs, 0.0000190 secs]133.719: [FinalReference, 5 refs, 0.0000040 secs]133.719: [PhantomReference, 0 refs, 0.0000030 secs]133.719: [JNI Weak Reference, 0.0000030 secs] 301M->269M(449M), 0.9836230 secs]
   [Eden: 35.0M(115.0M)->0.0B(116.0M) Survivors: 0.0B->0.0B Heap: 301.7M(446.0M)->269.3M(449.0M)]
 [Times: user=1.54 sys=0.01, real=0.98 secs] 
134.283: [Full GC134.773: [SoftReference, 0 refs, 0.0000230 secs]134.773: [WeakReference, 173 refs, 0.0000170 secs]134.773: [FinalReference, 6 refs, 0.0000040 secs]134.773: [PhantomReference, 0 refs, 0.0000020 secs]134.773: [JNI Weak Reference, 0.0000030 secs] 302M->274M(457M), 0.9848240 secs]
   [Eden: 34.0M(116.0M)->0.0B(117.0M) Survivors: 0.0B->0.0B Heap: 303.0M(449.0M)->274.0M(457.0M)]
 [Times: user=1.56 sys=0.01, real=0.98 secs] 
135.272: [Full GC135.768: [SoftReference, 0 refs, 0.0000220 secs]135.768: [WeakReference, 172 refs, 0.0000180 secs]135.768: [FinalReference, 4 refs, 0.0000030 secs]135.768: [PhantomReference, 0 refs, 0.0000020 secs]135.768: [JNI Weak Reference, 0.0000030 secs] 278M->273M(457M), 0.9934260 secs]
   [Eden: 5120.0K(117.0M)->0.0B(118.0M) Survivors: 0.0B->0.0B Heap: 278.1M(457.0M)->273.7M(457.0M)]
 [Times: user=1.56 sys=0.00, real=0.99 secs] 
136.791: [Full GC137.285: [SoftReference, 0 refs, 0.0000240 secs]137.285: [WeakReference, 173 refs, 0.0000180 secs]137.285: [FinalReference, 5 refs, 0.0000040 secs]137.285: [PhantomReference, 0 refs, 0.0000030 secs]137.285: [JNI Weak Reference, 0.0000030 secs] 291M->275M(460M), 1.0108960 secs]
   [Eden: 18.0M(118.0M)->0.0B(118.0M) Survivors: 0.0B->0.0B Heap: 291.1M(457.0M)->276.0M(460.0M)]
 [Times: user=1.59 sys=0.01, real=1.01 secs] 
139.235: [Full GC139.731: [SoftReference, 0 refs, 0.0000250 secs]139.732: [WeakReference, 173 refs, 0.0000170 secs]139.732: [FinalReference, 5 refs, 0.0000040 secs]139.732: [PhantomReference, 0 refs, 0.0000180 secs]139.732: [JNI Weak Reference, 0.0000030 secs] 293M->278M(464M), 1.0155950 secs]
   [Eden: 18.0M(118.0M)->0.0B(119.0M) Survivors: 0.0B->0.0B Heap: 293.4M(460.0M)->278.2M(464.0M)]
 [Times: user=1.61 sys=0.00, real=1.01 secs] 
141.532: [Full GC142.037: [SoftReference, 0 refs, 0.0000250 secs]142.037: [WeakReference, 171 refs, 0.0000160 secs]142.037: [FinalReference, 6 refs, 0.0000050 secs]142.037: [PhantomReference, 0 refs, 0.0000030 secs]142.037: [JNI Weak Reference, 0.0000030 secs] 278M->278M(464M), 0.9568120 secs]
   [Eden: 1024.0K(119.0M)->0.0B(119.0M) Survivors: 0.0B->0.0B Heap: 278.4M(464.0M)->278.2M(464.0M)]
 [Times: user=1.55 sys=0.01, real=0.95 secs] 
142.567: [Full GC143.062: [SoftReference, 0 refs, 0.0000270 secs]143.062: [WeakReference, 172 refs, 0.0000170 secs]143.062: [FinalReference, 7 refs, 0.0000040 secs]143.062: [PhantomReference, 0 refs, 0.0000020 secs]143.062: [JNI Weak Reference, 0.0000030 secs] 322M->284M(475M), 1.0251400 secs]
   [Eden: 45.0M(119.0M)->0.0B(122.0M) Survivors: 0.0B->0.0B Heap: 322.4M(464.0M)->284.8M(475.0M)]
 [Times: user=1.63 sys=0.00, real=1.03 secs] 
143.597: [Full GC144.085: [SoftReference, 0 refs, 0.0000220 secs]144.085: [WeakReference, 172 refs, 0.0000170 secs]144.085: [FinalReference, 5 refs, 0.0000030 secs]144.085: [PhantomReference, 0 refs, 0.0000030 secs]144.085: [JNI Weak Reference, 0.0000030 secs] 314M->284M(475M), 1.0007650 secs]
   [Eden: 31.0M(122.0M)->0.0B(122.0M) Survivors: 0.0B->0.0B Heap: 314.9M(475.0M)->284.7M(475.0M)]
 [Times: user=1.61 sys=0.01, real=1.00 secs] 
144.619: [Full GC145.116: [SoftReference, 0 refs, 0.0000380 secs]145.116: [WeakReference, 172 refs, 0.0000290 secs]145.116: [FinalReference, 5 refs, 0.0000040 secs]145.116: [PhantomReference, 0 refs, 0.0000020 secs]145.116: [JNI Weak Reference, 0.0000030 secs] 297M->284M(475M), 1.0035640 secs]
   [Eden: 14.0M(122.0M)->0.0B(121.0M) Survivors: 0.0B->0.0B Heap: 297.8M(475.0M)->285.0M(475.0M)]
 [Times: user=1.61 sys=0.00, real=1.01 secs] 
146.115: [Full GC146.601: [SoftReference, 0 refs, 0.0000250 secs]146.601: [WeakReference, 172 refs, 0.0000170 secs]146.601: [FinalReference, 5 refs, 0.0000040 secs]146.601: [PhantomReference, 0 refs, 0.0000020 secs]146.601: [JNI Weak Reference, 0.0000030 secs] 302M->287M(479M), 1.0037800 secs]
   [Eden: 18.0M(121.0M)->0.0B(122.0M) Survivors: 0.0B->0.0B Heap: 303.0M(475.0M)->287.2M(479.0M)]
 [Times: user=1.61 sys=0.00, real=1.00 secs] 
147.167: [Full GC147.656: [SoftReference, 0 refs, 0.0000270 secs]147.656: [WeakReference, 173 refs, 0.0000170 secs]147.656: [FinalReference, 5 refs, 0.0000040 secs]147.656: [PhantomReference, 0 refs, 0.0000020 secs]147.656: [JNI Weak Reference, 0.0000030 secs] 304M->289M(483M), 1.0171120 secs]
   [Eden: 18.0M(122.0M)->0.0B(123.0M) Survivors: 0.0B->0.0B Heap: 304.5M(479.0M)->289.4M(483.0M)]
 [Times: user=1.64 sys=0.00, real=1.02 secs] 
148.315: [Full GC148.824: [SoftReference, 0 refs, 0.0000320 secs]148.824: [WeakReference, 173 refs, 0.0000230 secs]148.824: [FinalReference, 5 refs, 0.0000040 secs]148.824: [PhantomReference, 0 refs, 0.0000020 secs]148.824: [JNI Weak Reference, 0.0000030 secs] 309M->291M(487M), 1.0422330 secs]
   [Eden: 21.0M(123.0M)->0.0B(124.0M) Survivors: 0.0B->0.0B Heap: 309.7M(483.0M)->291.7M(487.0M)]
 [Times: user=1.67 sys=0.00, real=1.04 secs] 
150.396: [Full GC150.911: [SoftReference, 0 refs, 0.0000280 secs]150.911: [WeakReference, 173 refs, 0.0000180 secs]150.911: [FinalReference, 5 refs, 0.0000040 secs]150.911: [PhantomReference, 0 refs, 0.0000020 secs]150.911: [JNI Weak Reference, 0.0000030 secs] 314M->293M(490M), 1.0457290 secs]
   [Eden: 24.0M(124.0M)->0.0B(125.0M) Survivors: 0.0B->0.0B Heap: 314.8M(487.0M)->293.9M(490.0M)]
 [Times: user=1.66 sys=0.00, real=1.05 secs] 
151.502: [Full GC152.007: [SoftReference, 0 refs, 0.0000220 secs]152.007: [WeakReference, 172 refs, 0.0000170 secs]152.007: [FinalReference, 5 refs, 0.0000040 secs]152.007: [PhantomReference, 0 refs, 0.0000020 secs]152.007: [JNI Weak Reference, 0.0000020 secs] 315M->296M(494M), 1.0406680 secs]
   [Eden: 22.0M(125.0M)->0.0B(125.0M) Survivors: 0.0B->0.0B Heap: 315.2M(490.0M)->296.1M(494.0M)]
 [Times: user=1.67 sys=0.00, real=1.04 secs] 
152.605: [Full GC153.121: [SoftReference, 0 refs, 0.0000230 secs]153.121: [WeakReference, 173 refs, 0.0000170 secs]153.121: [FinalReference, 6 refs, 0.0000040 secs]153.121: [PhantomReference, 0 refs, 0.0000020 secs]153.121: [JNI Weak Reference, 0.0000030 secs] 317M->298M(498M), 1.1028540 secs]
   [Eden: 22.0M(125.0M)->0.0B(127.0M) Survivors: 0.0B->0.0B Heap: 317.2M(494.0M)->298.3M(498.0M)]
 [Times: user=1.74 sys=0.01, real=1.10 secs] 
153.774: [Full GC154.308: [SoftReference, 0 refs, 0.0000250 secs]154.308: [WeakReference, 172 refs, 0.0000160 secs]154.308: [FinalReference, 5 refs, 0.0000040 secs]154.308: [PhantomReference, 0 refs, 0.0000020 secs]154.308: [JNI Weak Reference, 0.0000030 secs] 321M->300M(501M), 1.0922200 secs]
   [Eden: 24.0M(127.0M)->0.0B(127.0M) Survivors: 0.0B->0.0B Heap: 321.7M(498.0M)->300.5M(501.0M)]
 [Times: user=1.73 sys=0.01, real=1.09 secs] 
155.199: [Full GC155.729: [SoftReference, 0 refs, 0.0000240 secs]155.729: [WeakReference, 172 refs, 0.0000170 secs]155.729: [FinalReference, 5 refs, 0.0000040 secs]155.729: [PhantomReference, 0 refs, 0.0000020 secs]155.729: [JNI Weak Reference, 0.0000020 secs] 356M->302M(505M), 1.0843780 secs]
   [Eden: 56.0M(127.0M)->0.0B(128.0M) Survivors: 0.0B->0.0B Heap: 356.4M(501.0M)->302.7M(505.0M)]
 [Times: user=1.73 sys=0.00, real=1.09 secs] 
156.341: [Full GC156.904: [SoftReference, 0 refs, 0.0000260 secs]156.904: [WeakReference, 173 refs, 0.0000160 secs]156.904: [FinalReference, 5 refs, 0.0000030 secs]156.904: [PhantomReference, 0 refs, 0.0000020 secs]156.904: [JNI Weak Reference, 0.0000030 secs] 323M->304M(509M), 1.1454890 secs]
   [Eden: 21.0M(128.0M)->0.0B(129.0M) Survivors: 0.0B->0.0B Heap: 323.1M(505.0M)->305.0M(509.0M)]
 [Times: user=1.80 sys=0.01, real=1.14 secs] 
157.553: [Full GC158.093: [SoftReference, 0 refs, 0.0000270 secs]158.093: [WeakReference, 172 refs, 0.0000180 secs]158.093: [FinalReference, 7 refs, 0.0000050 secs]158.093: [PhantomReference, 0 refs, 0.0000020 secs]158.093: [JNI Weak Reference, 0.0000030 secs] 341M->309M(512M), 1.1388080 secs]
   [Eden: 37.0M(129.0M)->0.0B(127.0M) Survivors: 0.0B->0.0B Heap: 341.2M(509.0M)->309.8M(512.0M)]
 [Times: user=1.78 sys=0.00, real=1.14 secs] 
158.695: [Full GC159.234: [SoftReference, 0 refs, 0.0000380 secs]159.234: [WeakReference, 173 refs, 0.0000180 secs]159.234: [FinalReference, 5 refs, 0.0000030 secs]159.234: [PhantomReference, 0 refs, 0.0000030 secs]159.234: [JNI Weak Reference, 0.0000030 secs] 314M->309M(512M), 1.1013160 secs]
   [Eden: 5120.0K(127.0M)->0.0B(127.0M) Survivors: 0.0B->0.0B Heap: 314.2M(512.0M)->309.6M(512.0M)]
 [Times: user=1.77 sys=0.01, real=1.10 secs] 
159.849: [Full GC160.409: [SoftReference, 0 refs, 0.0000250 secs]160.409: [WeakReference, 173 refs, 0.0000180 secs]160.409: [FinalReference, 6 refs, 0.0000030 secs]160.409: [PhantomReference, 0 refs, 0.0000020 secs]160.409: [JNI Weak Reference, 0.0000030 secs] 329M->312M(512M), 1.1479780 secs]
   [Eden: 21.0M(127.0M)->0.0B(125.0M) Survivors: 0.0B->0.0B Heap: 329.7M(512.0M)->312.4M(512.0M)]
 [Times: user=1.81 sys=0.00, real=1.15 secs] 
161.042: [Full GC161.609: [SoftReference, 0 refs, 0.0000270 secs]161.609: [WeakReference, 173 refs, 0.0000200 secs]161.609: [FinalReference, 5 refs, 0.0000040 secs]161.609: [PhantomReference, 0 refs, 0.0000020 secs]161.609: [JNI Weak Reference, 0.0000030 secs] 325M->313M(512M), 1.2040460 secs]
   [Eden: 14.0M(125.0M)->0.0B(124.0M) Survivors: 0.0B->0.0B Heap: 325.8M(512.0M)->313.9M(512.0M)]
 [Times: user=1.87 sys=0.01, real=1.20 secs] 
162.301: [Full GC162.859: [SoftReference, 0 refs, 0.0000250 secs]162.859: [WeakReference, 173 refs, 0.0000180 secs]162.859: [FinalReference, 5 refs, 0.0000040 secs]162.859: [PhantomReference, 0 refs, 0.0000020 secs]162.859: [JNI Weak Reference, 0.0000020 secs] 334M->316M(512M), 1.1394630 secs]
   [Eden: 21.0M(124.0M)->0.0B(122.0M) Survivors: 0.0B->0.0B Heap: 334.6M(512.0M)->316.1M(512.0M)]
 [Times: user=1.83 sys=0.00, real=1.13 secs] 
163.757: [Full GC164.326: [SoftReference, 0 refs, 0.0004150 secs]164.327: [WeakReference, 173 refs, 0.0000180 secs]164.327: [FinalReference, 5 refs, 0.0000040 secs]164.327: [PhantomReference, 0 refs, 0.0000030 secs]164.327: [JNI Weak Reference, 0.0000030 secs] 336M->318M(512M), 1.1710150 secs]
   [Eden: 21.0M(122.0M)->0.0B(121.0M) Survivors: 0.0B->0.0B Heap: 336.6M(512.0M)->318.3M(512.0M)]
 [Times: user=1.85 sys=0.00, real=1.17 secs] 
164.987: [Full GC165.576: [SoftReference, 0 refs, 0.0000200 secs]165.576: [WeakReference, 173 refs, 0.0000160 secs]165.576: [FinalReference, 5 refs, 0.0000040 secs]165.576: [PhantomReference, 0 refs, 0.0000020 secs]165.576: [JNI Weak Reference, 0.0000030 secs] 338M->320M(512M), 1.1931940 secs]
   [Eden: 21.0M(121.0M)->0.0B(119.0M) Survivors: 0.0B->0.0B Heap: 338.7M(512.0M)->320.5M(512.0M)]
 [Times: user=1.87 sys=0.01, real=1.19 secs] 
166.242: [Full GC166.831: [SoftReference, 0 refs, 0.0007570 secs]166.832: [WeakReference, 173 refs, 0.0000200 secs]166.832: [FinalReference, 5 refs, 0.0000040 secs]166.832: [PhantomReference, 0 refs, 0.0000030 secs]166.832: [JNI Weak Reference, 0.0000030 secs] 340M->322M(512M), 1.1961980 secs]
   [Eden: 20.0M(119.0M)->0.0B(118.0M) Survivors: 0.0B->0.0B Heap: 340.2M(512.0M)->322.8M(512.0M)]
 [Times: user=1.91 sys=0.01, real=1.19 secs] 
167.439: [Full GC168.008: [SoftReference, 0 refs, 0.0000250 secs]168.008: [WeakReference, 171 refs, 0.0000170 secs]168.008: [FinalReference, 6 refs, 0.0000040 secs]168.008: [PhantomReference, 0 refs, 0.0000020 secs]168.008: [JNI Weak Reference, 0.0000030 secs] 322M->322M(512M), 1.1031850 secs]
   [Eden: 1024.0K(118.0M)->0.0B(118.0M) Survivors: 0.0B->0.0B Heap: 323.0M(512.0M)->322.8M(512.0M)]
 [Times: user=1.82 sys=0.00, real=1.11 secs] 
168.597: [Full GC169.181: [SoftReference, 0 refs, 0.0000270 secs]169.181: [WeakReference, 173 refs, 0.0000180 secs]169.181: [FinalReference, 5 refs, 0.0000030 secs]169.181: [PhantomReference, 0 refs, 0.0000020 secs]169.181: [JNI Weak Reference, 0.0000030 secs] 340M->324M(512M), 1.1932640 secs]
   [Eden: 18.0M(118.0M)->0.0B(116.0M) Survivors: 0.0B->0.0B Heap: 340.3M(512.0M)->325.0M(512.0M)]
 [Times: user=1.92 sys=0.01, real=1.19 secs] 
171.904: [Full GC172.496: [SoftReference, 0 refs, 0.0000270 secs]172.496: [WeakReference, 173 refs, 0.0000270 secs]172.496: [FinalReference, 5 refs, 0.0000140 secs]172.496: [PhantomReference, 0 refs, 0.0000020 secs]172.496: [JNI Weak Reference, 0.0000020 secs] 345M->327M(512M), 1.2099030 secs]
   [Eden: 21.0M(116.0M)->0.0B(114.0M) Survivors: 0.0B->0.0B Heap: 345.4M(512.0M)->327.2M(512.0M)]
 [Times: user=1.93 sys=0.00, real=1.21 secs] 
173.174: [Full GC173.768: [SoftReference, 0 refs, 0.0000470 secs]173.768: [WeakReference, 172 refs, 0.0000300 secs]173.768: [FinalReference, 5 refs, 0.0000040 secs]173.768: [PhantomReference, 0 refs, 0.0000030 secs]173.768: [JNI Weak Reference, 0.0000030 secs] 347M->329M(512M), 1.2231310 secs]
   [Eden: 21.0M(114.0M)->0.0B(113.0M) Survivors: 0.0B->0.0B Heap: 347.5M(512.0M)->329.4M(512.0M)]
 [Times: user=1.95 sys=0.00, real=1.22 secs] 
174.459: [Full GC175.056: [SoftReference, 0 refs, 0.0000270 secs]175.056: [WeakReference, 173 refs, 0.0000200 secs]175.056: [FinalReference, 6 refs, 0.0000060 secs]175.056: [PhantomReference, 0 refs, 0.0000030 secs]175.056: [JNI Weak Reference, 0.0000030 secs] 353M->331M(512M), 1.2198260 secs]
   [Eden: 24.0M(113.0M)->0.0B(112.0M) Survivors: 0.0B->0.0B Heap: 353.2M(512.0M)->331.6M(512.0M)]
 [Times: user=1.97 sys=0.01, real=1.22 secs] 
176.041: [Full GC176.643: [SoftReference, 0 refs, 0.0000250 secs]176.643: [WeakReference, 173 refs, 0.0000160 secs]176.643: [FinalReference, 5 refs, 0.0000040 secs]176.643: [PhantomReference, 0 refs, 0.0000020 secs]176.643: [JNI Weak Reference, 0.0000020 secs] 348M->333M(512M), 1.2394560 secs]
   [Eden: 18.0M(112.0M)->0.0B(110.0M) Survivors: 0.0B->0.0B Heap: 349.0M(512.0M)->333.9M(512.0M)]
 [Times: user=1.99 sys=0.00, real=1.23 secs] 
178.602: [Full GC179.215: [SoftReference, 0 refs, 0.0000240 secs]179.215: [WeakReference, 173 refs, 0.0000170 secs]179.215: [FinalReference, 6 refs, 0.0000050 secs]179.215: [PhantomReference, 0 refs, 0.0000190 secs]179.215: [JNI Weak Reference, 0.0000030 secs] 352M->336M(512M), 1.2329830 secs]
   [Eden: 19.0M(110.0M)->0.0B(108.0M) Survivors: 0.0B->0.0B Heap: 352.6M(512.0M)->336.1M(512.0M)]
 [Times: user=1.98 sys=0.00, real=1.23 secs] 
179.906: [Full GC180.520: [SoftReference, 303 refs, 0.0008900 secs]180.521: [WeakReference, 172 refs, 0.0000190 secs]180.521: [FinalReference, 7 refs, 0.0000080 secs]180.521: [PhantomReference, 0 refs, 0.0000020 secs]180.521: [JNI Weak Reference, 0.0000040 secs] 370M->340M(512M), 1.2483620 secs]
   [Eden: 35.0M(108.0M)->0.0B(105.0M) Survivors: 0.0B->0.0B Heap: 370.7M(512.0M)->340.3M(512.0M)]
 [Times: user=2.00 sys=0.01, real=1.25 secs] 
181.155: [Full GC181.740: [SoftReference, 22 refs, 0.0000480 secs]181.740: [WeakReference, 171 refs, 0.0000250 secs]181.740: [FinalReference, 4 refs, 0.0000020 secs]181.740: [PhantomReference, 0 refs, 0.0000020 secs]181.740: [JNI Weak Reference, 0.0000030 secs] 340M->340M(512M), 1.1179930 secs]
   [Eden: 1024.0K(105.0M)->0.0B(105.0M) Survivors: 0.0B->0.0B Heap: 340.8M(512.0M)->340.3M(512.0M)]
 [Times: user=1.88 sys=0.00, real=1.12 secs] 
182.337: [Full GC182.936: [SoftReference, 22 refs, 0.0000290 secs]182.936: [WeakReference, 173 refs, 0.0000170 secs]182.936: [FinalReference, 5 refs, 0.0000040 secs]182.936: [PhantomReference, 0 refs, 0.0000020 secs]182.936: [JNI Weak Reference, 0.0000020 secs] 364M->342M(512M), 1.2183590 secs]
   [Eden: 24.0M(105.0M)->0.0B(104.0M) Survivors: 0.0B->0.0B Heap: 364.0M(512.0M)->342.5M(512.0M)]
 [Times: user=1.98 sys=0.01, real=1.22 secs] 
185.248: [Full GC185.872: [SoftReference, 22 refs, 0.0000270 secs]185.872: [WeakReference, 173 refs, 0.0000160 secs]185.872: [FinalReference, 5 refs, 0.0000040 secs]185.872: [PhantomReference, 0 refs, 0.0000020 secs]185.872: [JNI Weak Reference, 0.0000030 secs] 360M->344M(512M), 1.2473420 secs]
   [Eden: 19.0M(104.0M)->0.0B(102.0M) Survivors: 0.0B->0.0B Heap: 360.8M(512.0M)->344.7M(512.0M)]
 [Times: user=2.01 sys=0.00, real=1.25 secs] 
186.571: [Full GC187.188: [SoftReference, 22 refs, 0.0000290 secs]187.188: [WeakReference, 172 refs, 0.0000170 secs]187.188: [FinalReference, 6 refs, 0.0000040 secs]187.188: [PhantomReference, 0 refs, 0.0000020 secs]187.188: [JNI Weak Reference, 0.0000020 secs] 385M->349M(512M), 1.2660690 secs]
   [Eden: 41.0M(102.0M)->0.0B(99.0M) Survivors: 0.0B->0.0B Heap: 385.5M(512.0M)->349.4M(512.0M)]
 [Times: user=2.05 sys=0.01, real=1.26 secs] 
187.839: [Full GC188.467: [SoftReference, 22 refs, 0.0000250 secs]188.467: [WeakReference, 172 refs, 0.0000160 secs]188.467: [FinalReference, 4 refs, 0.0000030 secs]188.467: [PhantomReference, 0 refs, 0.0000020 secs]188.467: [JNI Weak Reference, 0.0000020 secs] 357M->349M(512M), 1.1781190 secs]
   [Eden: 8192.0K(99.0M)->0.0B(99.0M) Survivors: 0.0B->0.0B Heap: 357.3M(512.0M)->349.1M(512.0M)]
 [Times: user=1.97 sys=0.00, real=1.18 secs] 
189.453: [Full GC190.083: [SoftReference, 22 refs, 0.0000280 secs]190.083: [WeakReference, 173 refs, 0.0000170 secs]190.083: [FinalReference, 5 refs, 0.0000040 secs]190.083: [PhantomReference, 0 refs, 0.0000030 secs]190.083: [JNI Weak Reference, 0.0000030 secs] 370M->351M(512M), 1.2862260 secs]
   [Eden: 22.0M(99.0M)->0.0B(98.0M) Survivors: 0.0B->0.0B Heap: 370.2M(512.0M)->351.3M(512.0M)]
 [Times: user=2.08 sys=0.00, real=1.28 secs] 
191.073: [Full GC191.699: [SoftReference, 22 refs, 0.0000280 secs]191.699: [WeakReference, 173 refs, 0.0000170 secs]191.699: [FinalReference, 5 refs, 0.0000040 secs]191.699: [PhantomReference, 0 refs, 0.0000030 secs]191.699: [JNI Weak Reference, 0.0000030 secs] 408M->353M(512M), 1.2883900 secs]
   [Eden: 57.0M(98.0M)->0.0B(96.0M) Survivors: 0.0B->0.0B Heap: 408.0M(512.0M)->353.5M(512.0M)]
 [Times: user=2.09 sys=0.00, real=1.29 secs] 
192.490: [Full GC193.112: [SoftReference, 22 refs, 0.0000270 secs]193.112: [WeakReference, 173 refs, 0.0000170 secs]193.112: [FinalReference, 5 refs, 0.0000040 secs]193.112: [PhantomReference, 0 refs, 0.0000020 secs]193.112: [JNI Weak Reference, 0.0000030 secs] 377M->355M(512M), 1.2728640 secs]
   [Eden: 24.0M(96.0M)->0.0B(94.0M) Survivors: 0.0B->0.0B Heap: 377.5M(512.0M)->355.8M(512.0M)]
 [Times: user=2.07 sys=0.01, real=1.28 secs] 
193.763: [Full GC194.400: [SoftReference, 22 refs, 0.0000290 secs]194.400: [WeakReference, 171 refs, 0.0000170 secs]194.400: [FinalReference, 7 refs, 0.0000050 secs]194.400: [PhantomReference, 0 refs, 0.0000020 secs]194.400: [JNI Weak Reference, 0.0000020 secs] 355M->355M(512M), 1.2288200 secs]
   [Eden: 1024.0K(94.0M)->0.0B(94.0M) Survivors: 0.0B->0.0B Heap: 356.0M(512.0M)->355.8M(512.0M)]
 [Times: user=2.02 sys=0.00, real=1.23 secs] 
195.049: [Full GC195.700: [SoftReference, 22 refs, 0.0000290 secs]195.700: [WeakReference, 172 refs, 0.0000180 secs]195.700: [FinalReference, 5 refs, 0.0000040 secs]195.700: [PhantomReference, 0 refs, 0.0000040 secs]195.700: [JNI Weak Reference, 0.0000040 secs] 390M->357M(512M), 1.3268630 secs]
   [Eden: 35.0M(94.0M)->0.0B(92.0M) Survivors: 0.0B->0.0B Heap: 390.6M(512.0M)->358.0M(512.0M)]
 [Times: user=2.12 sys=0.00, real=1.33 secs] 
196.428: [Full GC197.059: [SoftReference, 22 refs, 0.0000250 secs]197.059: [WeakReference, 173 refs, 0.0000170 secs]197.059: [FinalReference, 5 refs, 0.0000030 secs]197.059: [PhantomReference, 0 refs, 0.0000020 secs]197.059: [JNI Weak Reference, 0.0000030 secs] 386M->360M(512M), 1.2865750 secs]
   [Eden: 29.0M(92.0M)->0.0B(90.0M) Survivors: 0.0B->0.0B Heap: 386.8M(512.0M)->360.1M(512.0M)]
 [Times: user=2.10 sys=0.01, real=1.29 secs] 
198.053: [Full GC198.692: [SoftReference, 23 refs, 0.0000280 secs]198.692: [WeakReference, 173 refs, 0.0000160 secs]198.692: [FinalReference, 5 refs, 0.0000030 secs]198.692: [PhantomReference, 0 refs, 0.0000020 secs]198.692: [JNI Weak Reference, 0.0000030 secs] 380M->362M(512M), 1.2990670 secs]
   [Eden: 21.0M(90.0M)->0.0B(88.0M) Survivors: 0.0B->0.0B Heap: 380.3M(512.0M)->362.3M(512.0M)]
 [Times: user=2.13 sys=0.01, real=1.30 secs] 
199.409: [Full GC200.063: [SoftReference, 22 refs, 0.0000300 secs]200.063: [WeakReference, 173 refs, 0.0000180 secs]200.063: [FinalReference, 6 refs, 0.0000050 secs]200.063: [PhantomReference, 0 refs, 0.0000030 secs]200.063: [JNI Weak Reference, 0.0000030 secs] 380M->364M(512M), 1.3587090 secs]
   [Eden: 18.0M(88.0M)->0.0B(87.0M) Survivors: 0.0B->0.0B Heap: 380.2M(512.0M)->364.5M(512.0M)]
 [Times: user=2.19 sys=0.00, real=1.36 secs] 
200.827: [Full GC201.477: [SoftReference, 22 refs, 0.0000270 secs]201.477: [WeakReference, 173 refs, 0.0000170 secs]201.477: [FinalReference, 5 refs, 0.0000040 secs]201.477: [PhantomReference, 0 refs, 0.0000020 secs]201.477: [JNI Weak Reference, 0.0000030 secs] 392M->366M(512M), 1.3497910 secs]
   [Eden: 29.0M(87.0M)->0.0B(85.0M) Survivors: 0.0B->0.0B Heap: 393.0M(512.0M)->366.8M(512.0M)]
 [Times: user=2.19 sys=0.00, real=1.35 secs] 
202.230: [Full GC202.877: [SoftReference, 23 refs, 0.0000280 secs]202.877: [WeakReference, 173 refs, 0.0000170 secs]202.877: [FinalReference, 5 refs, 0.0000040 secs]202.877: [PhantomReference, 0 refs, 0.0000020 secs]202.877: [JNI Weak Reference, 0.0000030 secs] 385M->368M(512M), 1.3304730 secs]
   [Eden: 19.0M(85.0M)->0.0B(83.0M) Survivors: 0.0B->0.0B Heap: 385.1M(512.0M)->369.0M(512.0M)]
 [Times: user=2.17 sys=0.01, real=1.33 secs] 
203.825: [Full GC204.480: [SoftReference, 22 refs, 0.0000290 secs]204.480: [WeakReference, 172 refs, 0.0000170 secs]204.480: [FinalReference, 6 refs, 0.0000050 secs]204.480: [PhantomReference, 0 refs, 0.0000020 secs]204.480: [JNI Weak Reference, 0.0000040 secs] 386M->371M(512M), 1.3409270 secs]
   [Eden: 18.0M(83.0M)->0.0B(81.0M) Survivors: 0.0B->0.0B Heap: 386.3M(512.0M)->371.2M(512.0M)]
 [Times: user=2.19 sys=0.01, real=1.34 secs] 
205.258: [Full GC205.926: [SoftReference, 22 refs, 0.0000300 secs]205.926: [WeakReference, 173 refs, 0.0000160 secs]205.926: [FinalReference, 6 refs, 0.0000040 secs]205.926: [PhantomReference, 0 refs, 0.0000020 secs]205.926: [JNI Weak Reference, 0.0000030 secs] 443M->375M(512M), 1.3698400 secs]
   [Eden: 73.0M(81.0M)->0.0B(77.0M) Survivors: 0.0B->0.0B Heap: 443.5M(512.0M)->375.8M(512.0M)]
 [Times: user=2.24 sys=0.00, real=1.37 secs] 
206.660: [Full GC207.324: [SoftReference, 22 refs, 0.0000660 secs]207.324: [WeakReference, 172 refs, 0.0000170 secs]207.324: [FinalReference, 5 refs, 0.0000120 secs]207.324: [PhantomReference, 0 refs, 0.0000020 secs]207.324: [JNI Weak Reference, 0.0000030 secs] 418M->377M(512M), 1.3579680 secs]
   [Eden: 43.0M(77.0M)->0.0B(76.0M) Survivors: 0.0B->0.0B Heap: 418.7M(512.0M)->377.2M(512.0M)]
 [Times: user=2.22 sys=0.01, real=1.36 secs] 
208.054: [Full GC208.745: [SoftReference, 22 refs, 0.0000280 secs]208.745: [WeakReference, 172 refs, 0.0000160 secs]208.745: [FinalReference, 6 refs, 0.0000030 secs]208.745: [PhantomReference, 0 refs, 0.0000020 secs]208.745: [JNI Weak Reference, 0.0000030 secs] 398M->379M(512M), 1.4045440 secs]
   [Eden: 21.0M(76.0M)->0.0B(74.0M) Survivors: 0.0B->0.0B Heap: 398.0M(512.0M)->379.3M(512.0M)]
 [Times: user=2.26 sys=0.01, real=1.40 secs] 
209.492: [GC pause (young)209.508: [SoftReference, 0 refs, 0.0000220 secs]209.508: [WeakReference, 1 refs, 0.0000030 secs]209.508: [FinalReference, 0 refs, 0.0000030 secs]209.508: [PhantomReference, 0 refs, 0.0000020 secs]209.508: [JNI Weak Reference, 0.0000030 secs], 0.0161850 secs]
   [Parallel Time: 15.5 ms, GC Workers: 8]
      [GC Worker Start (ms): Min: 209492.4, Avg: 209494.3, Max: 209498.0, Diff: 5.6]
      [Ext Root Scanning (ms): Min: 0.0, Avg: 0.7, Max: 1.7, Diff: 1.7, Sum: 5.3]
      [Update RS (ms): Min: 5.5, Avg: 9.6, Max: 11.5, Diff: 6.0, Sum: 76.6]
         [Processed Buffers: Min: 3, Avg: 5.2, Max: 9, Diff: 6, Sum: 42]
      [Scan RS (ms): Min: 0.9, Avg: 1.4, Max: 1.9, Diff: 1.0, Sum: 11.1]
      [Object Copy (ms): Min: 1.6, Avg: 1.7, Max: 1.8, Diff: 0.2, Sum: 13.3]
      [Termination (ms): Min: 0.0, Avg: 0.0, Max: 0.0, Diff: 0.0, Sum: 0.1]
      [GC Worker Other (ms): Min: 0.0, Avg: 0.2, Max: 1.5, Diff: 1.5, Sum: 2.0]
      [GC Worker Total (ms): Min: 9.8, Avg: 13.5, Max: 15.5, Diff: 5.6, Sum: 108.3]
      [GC Worker End (ms): Min: 209507.9, Avg: 209507.9, Max: 209507.9, Diff: 0.0]
   [Code Root Fixup: 0.0 ms]
   [Clear CT: 0.1 ms]
   [Other: 0.6 ms]
      [Choose CSet: 0.0 ms]
      [Ref Proc: 0.2 ms]
      [Ref Enq: 0.0 ms]
      [Free CSet: 0.1 ms]
   [Eden: 74.0M(74.0M)->0.0B(70.0M) Survivors: 0.0B->4096.0K Heap: 453.3M(512.0M)->383.3M(512.0M)]
 [Times: user=0.09 sys=0.00, real=0.01 secs] 
209.513: [Full GC210.177: [SoftReference, 22 refs, 0.0000260 secs]210.177: [WeakReference, 172 refs, 0.0000170 secs]210.177: [FinalReference, 5 refs, 0.0000040 secs]210.177: [PhantomReference, 0 refs, 0.0000030 secs]210.177: [JNI Weak Reference, 0.0000030 secs] 426M->380M(512M), 1.3644600 secs]
   [Eden: 44.0M(70.0M)->0.0B(73.0M) Survivors: 4096.0K->0.0B Heap: 426.9M(512.0M)->380.0M(512.0M)]
 [Times: user=2.23 sys=0.01, real=1.36 secs] 
210.947: [Full GC211.640: [SoftReference, 22 refs, 0.0000320 secs]211.640: [WeakReference, 172 refs, 0.0000270 secs]211.640: [FinalReference, 6 refs, 0.0000040 secs]211.640: [PhantomReference, 0 refs, 0.0000020 secs]211.640: [JNI Weak Reference, 0.0000030 secs] 418M->384M(512M), 1.4070290 secs]
   [Eden: 39.0M(73.0M)->0.0B(70.0M) Survivors: 0.0B->0.0B Heap: 418.5M(512.0M)->384.7M(512.0M)]
 [Times: user=2.30 sys=0.00, real=1.41 secs] 
212.356: [Full GC213.034: [SoftReference, 22 refs, 0.0000290 secs]213.034: [WeakReference, 172 refs, 0.0000180 secs]213.034: [FinalReference, 5 refs, 0.0000030 secs]213.034: [PhantomReference, 0 refs, 0.0000020 secs]213.034: [JNI Weak Reference, 0.0000040 secs] 386M->384M(512M), 1.3876640 secs]
   [Eden: 2048.0K(70.0M)->0.0B(70.0M) Survivors: 0.0B->0.0B Heap: 386.5M(512.0M)->384.5M(512.0M)]
 [Times: user=2.30 sys=0.00, real=1.39 secs] 
213.814: [Full GC214.523: [SoftReference, 22 refs, 0.0007840 secs]214.523: [WeakReference, 172 refs, 0.0000260 secs]214.523: [FinalReference, 6 refs, 0.0000080 secs]214.523: [PhantomReference, 0 refs, 0.0000050 secs]214.523: [JNI Weak Reference, 0.0000060 secs] 421M->389M(512M), 1.4406260 secs]
   [Eden: 37.0M(70.0M)->0.0B(65.0M) Survivors: 0.0B->0.0B Heap: 421.3M(512.0M)->389.2M(512.0M)]
 [Times: user=2.33 sys=0.01, real=1.44 secs] 
215.284: [Full GC215.982: [SoftReference, 22 refs, 0.0000320 secs]215.983: [WeakReference, 172 refs, 0.0000180 secs]215.983: [FinalReference, 5 refs, 0.0000030 secs]215.983: [PhantomReference, 0 refs, 0.0000030 secs]215.983: [JNI Weak Reference, 0.0000030 secs] 428M->390M(512M), 1.4145330 secs]
   [Eden: 40.0M(65.0M)->0.0B(64.0M) Survivors: 0.0B->0.0B Heap: 428.4M(512.0M)->390.4M(512.0M)]
 [Times: user=2.31 sys=0.01, real=1.41 secs] 
216.729: [Full GC217.422: [SoftReference, 22 refs, 0.0000300 secs]217.422: [WeakReference, 173 refs, 0.0000160 secs]217.422: [FinalReference, 5 refs, 0.0000030 secs]217.422: [PhantomReference, 0 refs, 0.0000020 secs]217.422: [JNI Weak Reference, 0.0000030 secs] 405M->391M(512M), 1.4016390 secs]
   [Eden: 16.0M(64.0M)->0.0B(63.0M) Survivors: 0.0B->0.0B Heap: 405.5M(512.0M)->391.0M(512.0M)]
 [Times: user=2.31 sys=0.00, real=1.41 secs] 
218.194: [Full GC218.879: [SoftReference, 22 refs, 0.0000230 secs]218.879: [WeakReference, 172 refs, 0.0000160 secs]218.879: [FinalReference, 6 refs, 0.0000040 secs]218.879: [PhantomReference, 0 refs, 0.0000030 secs]218.879: [JNI Weak Reference, 0.0000030 secs] 425M->395M(512M), 1.4091850 secs]
   [Eden: 35.0M(63.0M)->0.0B(59.0M) Survivors: 0.0B->0.0B Heap: 425.4M(512.0M)->395.8M(512.0M)]
 [Times: user=2.33 sys=0.01, real=1.41 secs] 
219.612: [GC pause (young)219.614: [SoftReference, 0 refs, 0.0000310 secs]219.614: [WeakReference, 0 refs, 0.0000030 secs]219.614: [FinalReference, 0 refs, 0.0000020 secs]219.614: [PhantomReference, 0 refs, 0.0000020 secs]219.614: [JNI Weak Reference, 0.0000030 secs], 0.0022900 secs]
   [Parallel Time: 1.7 ms, GC Workers: 8]
      [GC Worker Start (ms): Min: 219612.3, Avg: 219612.9, Max: 219613.9, Diff: 1.6]
      [Ext Root Scanning (ms): Min: 0.0, Avg: 0.8, Max: 1.5, Diff: 1.5, Sum: 6.6]
      [Update RS (ms): Min: 0.0, Avg: 0.0, Max: 0.1, Diff: 0.1, Sum: 0.1]
         [Processed Buffers: Min: 0, Avg: 0.6, Max: 4, Diff: 4, Sum: 5]
      [Scan RS (ms): Min: 0.0, Avg: 0.0, Max: 0.1, Diff: 0.1, Sum: 0.1]
      [Object Copy (ms): Min: 0.0, Avg: 0.1, Max: 0.1, Diff: 0.1, Sum: 0.5]
      [Termination (ms): Min: 0.0, Avg: 0.1, Max: 0.2, Diff: 0.2, Sum: 1.0]
      [GC Worker Other (ms): Min: 0.0, Avg: 0.0, Max: 0.0, Diff: 0.0, Sum: 0.1]
      [GC Worker Total (ms): Min: 0.1, Avg: 1.1, Max: 1.7, Diff: 1.6, Sum: 8.4]
      [GC Worker End (ms): Min: 219614.0, Avg: 219614.0, Max: 219614.0, Diff: 0.0]
   [Code Root Fixup: 0.0 ms]
   [Clear CT: 0.1 ms]
   [Other: 0.5 ms]
      [Choose CSet: 0.0 ms]
      [Ref Proc: 0.2 ms]
      [Ref Enq: 0.0 ms]
      [Free CSet: 0.0 ms]
   [Eden: 59.0M(59.0M)->0.0B(59.0M) Survivors: 0.0B->1024.0K Heap: 454.8M(512.0M)->396.5M(512.0M)]
 [Times: user=0.01 sys=0.00, real=0.00 secs] 
219.619: [GC pause (young) (initial-mark)219.621: [SoftReference, 0 refs, 0.0000250 secs]219.621: [WeakReference, 0 refs, 0.0000020 secs]219.621: [FinalReference, 0 refs, 0.0000020 secs]219.621: [PhantomReference, 0 refs, 0.0000030 secs]219.621: [JNI Weak Reference, 0.0000020 secs], 0.0016110 secs]
   [Parallel Time: 1.1 ms, GC Workers: 8]
      [GC Worker Start (ms): Min: 219619.3, Avg: 219619.7, Max: 219620.3, Diff: 1.0]
      [Ext Root Scanning (ms): Min: 0.0, Avg: 0.4, Max: 0.7, Diff: 0.7, Sum: 3.0]
      [Update RS (ms): Min: 0.0, Avg: 0.0, Max: 0.0, Diff: 0.0, Sum: 0.0]
         [Processed Buffers: Min: 0, Avg: 0.5, Max: 4, Diff: 4, Sum: 4]
      [Scan RS (ms): Min: 0.0, Avg: 0.0, Max: 0.0, Diff: 0.0, Sum: 0.0]
      [Object Copy (ms): Min: 0.0, Avg: 0.2, Max: 0.3, Diff: 0.3, Sum: 1.3]
      [Termination (ms): Min: 0.0, Avg: 0.1, Max: 0.2, Diff: 0.2, Sum: 0.8]
      [GC Worker Other (ms): Min: 0.0, Avg: 0.0, Max: 0.0, Diff: 0.0, Sum: 0.0]
      [GC Worker Total (ms): Min: 0.1, Avg: 0.7, Max: 1.1, Diff: 1.0, Sum: 5.3]
      [GC Worker End (ms): Min: 219620.3, Avg: 219620.3, Max: 219620.4, Diff: 0.0]
   [Code Root Fixup: 0.0 ms]
   [Clear CT: 0.2 ms]
   [Other: 0.3 ms]
      [Choose CSet: 0.0 ms]
      [Ref Proc: 0.2 ms]
      [Ref Enq: 0.0 ms]
      [Free CSet: 0.1 ms]
   [Eden: 59.0M(59.0M)->0.0B(60.0M) Survivors: 1024.0K->1024.0K Heap: 455.5M(512.0M)->396.2M(512.0M)]
 [Times: user=0.01 sys=0.00, real=0.01 secs] 
219.621: [GC concurrent-root-region-scan-start]
219.621: [GC concurrent-root-region-scan-end, 0.0000550 secs]
219.621: [GC concurrent-mark-start]
219.625: [Full GC220.337: [SoftReference, 22 refs, 0.0000310 secs]220.337: [WeakReference, 172 refs, 0.0000160 secs]220.337: [FinalReference, 4 refs, 0.0000020 secs]220.337: [PhantomReference, 0 refs, 0.0000020 secs]220.337: [JNI Weak Reference, 0.0000030 secs] 438M->395M(512M), 1.3353710 secs]
   [Eden: 43.0M(60.0M)->0.0B(61.0M) Survivors: 1024.0K->0.0B Heap: 438.9M(512.0M)->395.4M(512.0M)]
 [Times: user=2.26 sys=0.01, real=1.33 secs] 
220.960: [GC concurrent-mark-abort]
223.769: [Full GC224.469: [SoftReference, 22 refs, 0.0000310 secs]224.469: [WeakReference, 172 refs, 0.0000160 secs]224.469: [FinalReference, 5 refs, 0.0000040 secs]224.469: [PhantomReference, 0 refs, 0.0000020 secs]224.469: [JNI Weak Reference, 0.0000030 secs] 395M->395M(512M), 1.3205440 secs]
   [Eden: 1024.0K(61.0M)->0.0B(61.0M) Survivors: 0.0B->0.0B Heap: 395.6M(512.0M)->395.4M(512.0M)]
 [Times: user=2.25 sys=0.01, real=1.32 secs] 
228.071: [Full GC228.782: [SoftReference, 22 refs, 0.0000240 secs]228.782: [WeakReference, 173 refs, 0.0000170 secs]228.782: [FinalReference, 5 refs, 0.0000030 secs]228.782: [PhantomReference, 0 refs, 0.0000020 secs]228.782: [JNI Weak Reference, 0.0000030 secs] 413M->397M(512M), 1.4301260 secs]
   [Eden: 19.0M(61.0M)->0.0B(59.0M) Survivors: 0.0B->0.0B Heap: 413.6M(512.0M)->397.7M(512.0M)]
 [Times: user=2.36 sys=0.00, real=1.43 secs] 
229.502: [Full GC230.243: [SoftReference, 22 refs, 0.0000280 secs]230.243: [WeakReference, 171 refs, 0.0000170 secs]230.243: [FinalReference, 6 refs, 0.0000050 secs]230.243: [PhantomReference, 0 refs, 0.0000130 secs]230.243: [JNI Weak Reference, 0.0000030 secs] 397M->397M(512M), 1.4661470 secs]
   [Eden: 1024.0K(59.0M)->0.0B(59.0M) Survivors: 0.0B->0.0B Heap: 397.8M(512.0M)->397.7M(512.0M)]
 [Times: user=2.40 sys=0.01, real=1.46 secs] 
231.026: [Full GC231.772: [SoftReference, 22 refs, 0.0000180 secs]231.772: [WeakReference, 172 refs, 0.0000170 secs]231.773: [FinalReference, 5 refs, 0.0000030 secs]231.773: [PhantomReference, 0 refs, 0.0000020 secs]231.773: [JNI Weak Reference, 0.0000030 secs] 416M->399M(512M), 1.5214370 secs]
   [Eden: 19.0M(59.0M)->0.0B(56.0M) Survivors: 0.0B->0.0B Heap: 416.5M(512.0M)->399.9M(512.0M)]
 [Times: user=2.45 sys=0.01, real=1.52 secs] 
232.603: [Full GC233.317: [SoftReference, 22 refs, 0.0000310 secs]233.317: [WeakReference, 173 refs, 0.0000170 secs]233.317: [FinalReference, 5 refs, 0.0000040 secs]233.317: [PhantomReference, 0 refs, 0.0000020 secs]233.318: [JNI Weak Reference, 0.0000030 secs] 434M->402M(512M), 1.4559020 secs]
   [Eden: 35.0M(56.0M)->0.0B(54.0M) Survivors: 0.0B->0.0B Heap: 434.7M(512.0M)->402.1M(512.0M)]
 [Times: user=2.40 sys=0.01, real=1.45 secs] 
234.117: [Full GC234.810: [SoftReference, 22 refs, 0.0000300 secs]234.810: [WeakReference, 172 refs, 0.0000160 secs]234.810: [FinalReference, 5 refs, 0.0000030 secs]234.810: [PhantomReference, 0 refs, 0.0000020 secs]234.810: [JNI Weak Reference, 0.0000040 secs] 419M->404M(512M), 1.4564100 secs]
   [Eden: 18.0M(54.0M)->0.0B(52.0M) Survivors: 0.0B->0.0B Heap: 420.0M(512.0M)->404.3M(512.0M)]
 [Times: user=2.41 sys=0.00, real=1.46 secs] 
236.186: [Full GC236.952: [SoftReference, 22 refs, 0.0000270 secs]236.952: [WeakReference, 172 refs, 0.0000170 secs]236.952: [FinalReference, 5 refs, 0.0000040 secs]236.952: [PhantomReference, 0 refs, 0.0000030 secs]236.952: [JNI Weak Reference, 0.0000030 secs] 421M->406M(512M), 1.5368590 secs]
   [Eden: 18.0M(52.0M)->0.0B(50.0M) Survivors: 0.0B->0.0B Heap: 421.7M(512.0M)->406.4M(512.0M)]
 [Times: user=2.49 sys=0.01, real=1.54 secs] 
237.774: [Full GC238.502: [SoftReference, 22 refs, 0.0000280 secs]238.502: [WeakReference, 173 refs, 0.0000170 secs]238.502: [FinalReference, 5 refs, 0.0000050 secs]238.502: [PhantomReference, 0 refs, 0.0000030 secs]238.502: [JNI Weak Reference, 0.0000030 secs] 423M->408M(512M), 1.4761220 secs]
   [Eden: 18.0M(50.0M)->0.0B(48.0M) Survivors: 0.0B->0.0B Heap: 423.4M(512.0M)->408.6M(512.0M)]
 [Times: user=2.44 sys=0.01, real=1.47 secs] 
239.301: [Full GC240.052: [SoftReference, 22 refs, 0.0000380 secs]240.052: [WeakReference, 172 refs, 0.0000270 secs]240.052: [FinalReference, 5 refs, 0.0000050 secs]240.052: [PhantomReference, 0 refs, 0.0000030 secs]240.052: [JNI Weak Reference, 0.0000040 secs] 427M->410M(512M), 1.4980240 secs]
   [Eden: 19.0M(48.0M)->0.0B(46.0M) Survivors: 0.0B->0.0B Heap: 427.0M(512.0M)->410.7M(512.0M)]
 [Times: user=2.47 sys=0.01, real=1.49 secs] 
240.852: [Full GC241.567: [SoftReference, 22 refs, 0.0000280 secs]241.567: [WeakReference, 173 refs, 0.0000170 secs]241.567: [FinalReference, 6 refs, 0.0000040 secs]241.567: [PhantomReference, 0 refs, 0.0000020 secs]241.567: [JNI Weak Reference, 0.0000020 secs] 427M->412M(512M), 1.4571940 secs]
   [Eden: 18.0M(46.0M)->0.0B(43.0M) Survivors: 0.0B->0.0B Heap: 427.9M(512.0M)->412.9M(512.0M)]
 [Times: user=2.43 sys=0.01, real=1.45 secs] 
242.375: [Full GC243.107: [SoftReference, 22 refs, 0.0000290 secs]243.107: [WeakReference, 172 refs, 0.0000180 secs]243.107: [FinalReference, 6 refs, 0.0000040 secs]243.107: [PhantomReference, 0 refs, 0.0000030 secs]243.107: [JNI Weak Reference, 0.0000040 secs] 447M->417M(512M), 1.4936390 secs]
   [Eden: 35.0M(43.0M)->0.0B(39.0M) Survivors: 0.0B->0.0B Heap: 447.3M(512.0M)->417.5M(512.0M)]
 [Times: user=2.48 sys=0.01, real=1.49 secs] 
243.878: [Full GC244.619: [SoftReference, 22 refs, 0.0000270 secs]244.619: [WeakReference, 172 refs, 0.0000160 secs]244.619: [FinalReference, 5 refs, 0.0000020 secs]244.619: [PhantomReference, 0 refs, 0.0000020 secs]244.619: [JNI Weak Reference, 0.0000020 secs] 427M->417M(512M), 1.4967780 secs]
   [Eden: 11.0M(39.0M)->0.0B(39.0M) Survivors: 0.0B->0.0B Heap: 427.9M(512.0M)->417.8M(512.0M)]
 [Times: user=2.49 sys=0.00, real=1.50 secs] 
245.434: [Full GC246.221: [SoftReference, 22 refs, 0.0000390 secs]246.221: [WeakReference, 173 refs, 0.0000180 secs]246.221: [FinalReference, 6 refs, 0.0000050 secs]246.221: [PhantomReference, 0 refs, 0.0000030 secs]246.221: [JNI Weak Reference, 0.0000030 secs] 452M->421M(512M), 1.5849470 secs]
   [Eden: 35.0M(39.0M)->0.0B(34.0M) Survivors: 0.0B->0.0B Heap: 452.0M(512.0M)->421.9M(512.0M)]
 [Times: user=2.58 sys=0.01, real=1.58 secs] 
247.028: [GC pause (young)247.038: [SoftReference, 0 refs, 0.0000280 secs]247.038: [WeakReference, 1 refs, 0.0000030 secs]247.038: [FinalReference, 1 refs, 0.0000110 secs]247.038: [PhantomReference, 0 refs, 0.0000020 secs]247.038: [JNI Weak Reference, 0.0000030 secs], 0.0102810 secs]
   [Parallel Time: 9.6 ms, GC Workers: 8]
      [GC Worker Start (ms): Min: 247028.0, Avg: 247028.1, Max: 247028.3, Diff: 0.3]
      [Ext Root Scanning (ms): Min: 0.5, Avg: 0.6, Max: 0.7, Diff: 0.2, Sum: 5.0]
      [Update RS (ms): Min: 7.3, Avg: 7.9, Max: 8.7, Diff: 1.4, Sum: 63.4]
         [Processed Buffers: Min: 4, Avg: 5.0, Max: 9, Diff: 5, Sum: 40]
      [Scan RS (ms): Min: 0.0, Avg: 0.0, Max: 0.0, Diff: 0.0, Sum: 0.0]
      [Object Copy (ms): Min: 0.1, Avg: 0.6, Max: 1.1, Diff: 1.1, Sum: 5.0]
      [Termination (ms): Min: 0.0, Avg: 0.3, Max: 0.4, Diff: 0.4, Sum: 2.2]
      [GC Worker Other (ms): Min: 0.0, Avg: 0.0, Max: 0.0, Diff: 0.0, Sum: 0.2]
      [GC Worker Total (ms): Min: 9.3, Avg: 9.5, Max: 9.6, Diff: 0.3, Sum: 75.9]
      [GC Worker End (ms): Min: 247037.6, Avg: 247037.6, Max: 247037.6, Diff: 0.0]
   [Code Root Fixup: 0.0 ms]
   [Clear CT: 0.1 ms]
   [Other: 0.5 ms]
      [Choose CSet: 0.0 ms]
      [Ref Proc: 0.2 ms]
      [Ref Enq: 0.0 ms]
      [Free CSet: 0.0 ms]
   [Eden: 34.0M(34.0M)->0.0B(33.0M) Survivors: 0.0B->1024.0K Heap: 455.9M(512.0M)->422.7M(512.0M)]
 [Times: user=0.07 sys=0.00, real=0.01 secs] 
247.041: [GC pause (young) (initial-mark)247.052: [SoftReference, 0 refs, 0.0000250 secs]247.052: [WeakReference, 1 refs, 0.0000120 secs]247.052: [FinalReference, 1 refs, 0.0000020 secs]247.052: [PhantomReference, 0 refs, 0.0000020 secs]247.052: [JNI Weak Reference, 0.0000030 secs], 0.0113910 secs]
   [Parallel Time: 10.8 ms, GC Workers: 8]
      [GC Worker Start (ms): Min: 247041.0, Avg: 247042.7, Max: 247050.7, Diff: 9.8]
      [Ext Root Scanning (ms): Min: 0.0, Avg: 0.4, Max: 0.7, Diff: 0.7, Sum: 3.5]
      [Update RS (ms): Min: 0.8, Avg: 7.8, Max: 9.3, Diff: 8.6, Sum: 62.8]
         [Processed Buffers: Min: 1, Avg: 4.9, Max: 7, Diff: 6, Sum: 39]
      [Scan RS (ms): Min: 0.0, Avg: 0.0, Max: 0.1, Diff: 0.1, Sum: 0.1]
      [Object Copy (ms): Min: 0.2, Avg: 0.7, Max: 1.0, Diff: 0.8, Sum: 5.6]
      [Termination (ms): Min: 0.0, Avg: 0.0, Max: 0.0, Diff: 0.0, Sum: 0.0]
      [GC Worker Other (ms): Min: 0.0, Avg: 0.0, Max: 0.1, Diff: 0.0, Sum: 0.3]
      [GC Worker Total (ms): Min: 1.0, Avg: 9.0, Max: 10.8, Diff: 9.8, Sum: 72.3]
      [GC Worker End (ms): Min: 247051.7, Avg: 247051.7, Max: 247051.7, Diff: 0.1]
   [Code Root Fixup: 0.0 ms]
   [Clear CT: 0.1 ms]
   [Other: 0.4 ms]
      [Choose CSet: 0.0 ms]
      [Ref Proc: 0.2 ms]
      [Ref Enq: 0.0 ms]
      [Free CSet: 0.0 ms]
   [Eden: 33.0M(33.0M)->0.0B(32.0M) Survivors: 1024.0K->2048.0K Heap: 455.7M(512.0M)->423.2M(512.0M)]
 [Times: user=0.07 sys=0.01, real=0.01 secs] 
247.052: [GC concurrent-root-region-scan-start]
247.054: [GC concurrent-root-region-scan-end, 0.0019000 secs]
247.054: [GC concurrent-mark-start]
247.055: [GC pause (young)247.067: [SoftReference, 0 refs, 0.0000160 secs]247.067: [WeakReference, 1 refs, 0.0000030 secs]247.067: [FinalReference, 0 refs, 0.0000020 secs]247.067: [PhantomReference, 0 refs, 0.0000020 secs]247.067: [JNI Weak Reference, 0.0000020 secs], 0.0120900 secs]
   [Parallel Time: 11.6 ms, GC Workers: 8]
      [GC Worker Start (ms): Min: 247055.5, Avg: 247056.9, Max: 247065.5, Diff: 10.0]
      [Ext Root Scanning (ms): Min: 0.0, Avg: 0.5, Max: 0.7, Diff: 0.7, Sum: 3.7]
      [SATB Filtering (ms): Min: 0.0, Avg: 0.0, Max: 0.0, Diff: 0.0, Sum: 0.0]
      [Update RS (ms): Min: 0.0, Avg: 8.9, Max: 10.6, Diff: 10.5, Sum: 71.1]
         [Processed Buffers: Min: 1, Avg: 5.2, Max: 8, Diff: 7, Sum: 42]
      [Scan RS (ms): Min: 0.0, Avg: 0.0, Max: 0.0, Diff: 0.0, Sum: 0.0]
      [Object Copy (ms): Min: 0.2, Avg: 0.7, Max: 1.4, Diff: 1.2, Sum: 5.7]
      [Termination (ms): Min: 0.0, Avg: 0.0, Max: 0.0, Diff: 0.0, Sum: 0.0]
      [GC Worker Other (ms): Min: 0.0, Avg: 0.0, Max: 0.1, Diff: 0.0, Sum: 0.3]
      [GC Worker Total (ms): Min: 1.4, Avg: 10.1, Max: 11.5, Diff: 10.1, Sum: 80.9]
      [GC Worker End (ms): Min: 247067.0, Avg: 247067.0, Max: 247067.0, Diff: 0.0]
   [Code Root Fixup: 0.0 ms]
   [Clear CT: 0.2 ms]
   [Other: 0.3 ms]
      [Choose CSet: 0.0 ms]
      [Ref Proc: 0.2 ms]
      [Ref Enq: 0.0 ms]
      [Free CSet: 0.0 ms]
   [Eden: 32.0M(32.0M)->0.0B(32.0M) Survivors: 2048.0K->2048.0K Heap: 455.2M(512.0M)->423.5M(512.0M)]
 [Times: user=0.08 sys=0.00, real=0.01 secs] 
247.070: [Full GC247.806: [SoftReference, 22 refs, 0.0000250 secs]247.806: [WeakReference, 172 refs, 0.0000160 secs]247.806: [FinalReference, 5 refs, 0.0000030 secs]247.806: [PhantomReference, 0 refs, 0.0000020 secs]247.806: [JNI Weak Reference, 0.0000030 secs] 442M->422M(512M), 1.5120650 secs]
   [Eden: 19.0M(32.0M)->0.0B(35.0M) Survivors: 2048.0K->0.0B Heap: 442.1M(512.0M)->422.4M(512.0M)]
 [Times: user=2.52 sys=0.00, real=1.52 secs] 
248.582: [GC concurrent-mark-abort]
248.625: [Full GC249.371: [SoftReference, 22 refs, 0.0000300 secs]249.371: [WeakReference, 172 refs, 0.0000170 secs]249.371: [FinalReference, 5 refs, 0.0000050 secs]249.371: [PhantomReference, 0 refs, 0.0000020 secs]249.371: [JNI Weak Reference, 0.0000030 secs] 435M->423M(512M), 1.5236660 secs]
   [Eden: 13.0M(35.0M)->0.0B(34.0M) Survivors: 0.0B->0.0B Heap: 435.1M(512.0M)->423.7M(512.0M)]
 [Times: user=2.54 sys=0.01, real=1.52 secs] 
250.570: [Full GC251.327: [SoftReference, 22 refs, 0.0000290 secs]251.327: [WeakReference, 172 refs, 0.0000160 secs]251.327: [FinalReference, 5 refs, 0.0000040 secs]251.327: [PhantomReference, 0 refs, 0.0000020 secs]251.327: [JNI Weak Reference, 0.0000020 secs] 444M->425M(512M), 1.5728000 secs]
   [Eden: 21.0M(34.0M)->0.0B(31.0M) Survivors: 0.0B->0.0B Heap: 444.2M(512.0M)->425.9M(512.0M)]
 [Times: user=2.61 sys=0.01, real=1.58 secs] 
252.194: [Full GC252.946: [SoftReference, 22 refs, 0.0000400 secs]252.946: [WeakReference, 173 refs, 0.0000170 secs]252.946: [FinalReference, 5 refs, 0.0000030 secs]252.946: [PhantomReference, 0 refs, 0.0000030 secs]252.946: [JNI Weak Reference, 0.0000020 secs] 442M->428M(512M), 1.5353580 secs]
   [Eden: 18.0M(31.0M)->0.0B(29.0M) Survivors: 0.0B->0.0B Heap: 443.0M(512.0M)->428.1M(512.0M)]
 [Times: user=2.57 sys=0.01, real=1.53 secs] 
254.507: [Full GC255.282: [SoftReference, 22 refs, 0.0000280 secs]255.282: [WeakReference, 172 refs, 0.0000170 secs]255.282: [FinalReference, 5 refs, 0.0000040 secs]255.282: [PhantomReference, 0 refs, 0.0000020 secs]255.282: [JNI Weak Reference, 0.0000030 secs] 428M->428M(512M), 1.4641460 secs]
   [Eden: 1024.0K(29.0M)->0.0B(29.0M) Survivors: 0.0B->0.0B Heap: 428.3M(512.0M)->428.1M(512.0M)]
 [Times: user=2.49 sys=0.00, real=1.47 secs] 
256.100: [Full GC256.868: [SoftReference, 22 refs, 0.0000290 secs]256.868: [WeakReference, 173 refs, 0.0000170 secs]256.868: [FinalReference, 5 refs, 0.0000040 secs]256.868: [PhantomReference, 0 refs, 0.0000030 secs]256.868: [JNI Weak Reference, 0.0000030 secs] 445M->430M(512M), 1.5535910 secs]
   [Eden: 18.0M(29.0M)->0.0B(27.0M) Survivors: 0.0B->0.0B Heap: 445.4M(512.0M)->430.3M(512.0M)]
 [Times: user=2.59 sys=0.01, real=1.56 secs] 
258.200: [Full GC258.960: [SoftReference, 22 refs, 0.0000270 secs]258.960: [WeakReference, 173 refs, 0.0000170 secs]258.960: [FinalReference, 5 refs, 0.0000040 secs]258.960: [PhantomReference, 0 refs, 0.0000030 secs]258.960: [JNI Weak Reference, 0.0000030 secs] 451M->432M(512M), 1.5644040 secs]
   [Eden: 21.0M(27.0M)->0.0B(26.0M) Survivors: 0.0B->0.0B Heap: 451.0M(512.0M)->432.5M(512.0M)]
 [Times: user=2.61 sys=0.01, real=1.57 secs] 
259.765: [Full GC260.542: [SoftReference, 22 refs, 0.0000290 secs]260.542: [WeakReference, 171 refs, 0.0000160 secs]260.542: [FinalReference, 7 refs, 0.0000040 secs]260.542: [PhantomReference, 0 refs, 0.0000020 secs]260.542: [JNI Weak Reference, 0.0000030 secs] 432M->432M(512M), 1.4817550 secs]
   [Eden: 1024.0K(26.0M)->0.0B(26.0M) Survivors: 0.0B->0.0B Heap: 432.7M(512.0M)->432.5M(512.0M)]
 [Times: user=2.53 sys=0.01, real=1.48 secs] 
261.301: [Full GC262.080: [SoftReference, 22 refs, 0.0000310 secs]262.080: [WeakReference, 173 refs, 0.0000180 secs]262.080: [FinalReference, 5 refs, 0.0000040 secs]262.080: [PhantomReference, 0 refs, 0.0000030 secs]262.080: [JNI Weak Reference, 0.0000030 secs] 449M->434M(512M), 1.5740220 secs]
   [Eden: 18.0M(26.0M)->0.0B(25.0M) Survivors: 0.0B->0.0B Heap: 449.6M(512.0M)->434.7M(512.0M)]
 [Times: user=2.61 sys=0.00, real=1.57 secs] 
262.929: [Full GC263.710: [SoftReference, 22 refs, 0.0000280 secs]263.710: [WeakReference, 172 refs, 0.0000170 secs]263.710: [FinalReference, 5 refs, 0.0000030 secs]263.710: [PhantomReference, 0 refs, 0.0000020 secs]263.710: [JNI Weak Reference, 0.0000020 secs] 455M->436M(512M), 1.5828780 secs]
   [Eden: 21.0M(25.0M)->0.0B(25.0M) Survivors: 0.0B->0.0B Heap: 455.5M(512.0M)->436.8M(512.0M)]
 [Times: user=2.64 sys=0.01, real=1.59 secs] 
264.567: [Full GC265.366: [SoftReference, 22 refs, 0.0000260 secs]265.366: [WeakReference, 173 refs, 0.0000170 secs]265.366: [FinalReference, 5 refs, 0.0000040 secs]265.366: [PhantomReference, 0 refs, 0.0000020 secs]265.366: [JNI Weak Reference, 0.0000030 secs] 454M->439M(512M), 1.6132050 secs]
   [Eden: 18.0M(25.0M)->0.0B(25.0M) Survivors: 0.0B->0.0B Heap: 454.0M(512.0M)->439.0M(512.0M)]
 [Times: user=2.67 sys=0.01, real=1.61 secs] 
266.231: [Full GC267.010: [SoftReference, 22 refs, 0.0000270 secs]267.010: [WeakReference, 172 refs, 0.0000170 secs]267.010: [FinalReference, 5 refs, 0.0000040 secs]267.010: [PhantomReference, 0 refs, 0.0000020 secs]267.010: [JNI Weak Reference, 0.0000030 secs] 456M->441M(512M), 1.5938530 secs]
   [Eden: 18.0M(25.0M)->0.0B(25.0M) Survivors: 0.0B->0.0B Heap: 456.5M(512.0M)->441.3M(512.0M)]
 [Times: user=2.66 sys=0.01, real=1.59 secs] 
267.990: [Full GC268.772: [SoftReference, 22 refs, 0.0000240 secs]268.772: [WeakReference, 172 refs, 0.0000160 secs]268.772: [FinalReference, 5 refs, 0.0000040 secs]268.772: [PhantomReference, 0 refs, 0.0004430 secs]268.773: [JNI Weak Reference, 0.0000030 secs] 464M->443M(512M), 1.5913270 secs]
   [Eden: 23.0M(25.0M)->0.0B(25.0M) Survivors: 0.0B->0.0B Heap: 464.2M(512.0M)->443.5M(512.0M)]
 [Times: user=2.66 sys=0.01, real=1.60 secs] 
269.825: [Full GC270.634: [SoftReference, 22 refs, 0.0000280 secs]270.634: [WeakReference, 173 refs, 0.0000160 secs]270.634: [FinalReference, 6 refs, 0.0000050 secs]270.634: [PhantomReference, 0 refs, 0.0000020 secs]270.634: [JNI Weak Reference, 0.0000020 secs] 464M->445M(512M), 1.6259980 secs]
   [Eden: 21.0M(25.0M)->0.0B(25.0M) Survivors: 0.0B->0.0B Heap: 464.3M(512.0M)->445.7M(512.0M)]
 [Times: user=2.70 sys=0.01, real=1.63 secs] 
271.505: [GC pause (young)271.527: [SoftReference, 0 refs, 0.0000190 secs]271.527: [WeakReference, 1 refs, 0.0000030 secs]271.527: [FinalReference, 1 refs, 0.0000080 secs]271.527: [PhantomReference, 0 refs, 0.0000020 secs]271.527: [JNI Weak Reference, 0.0000020 secs], 0.0225380 secs]
   [Parallel Time: 21.7 ms, GC Workers: 8]
      [GC Worker Start (ms): Min: 271505.0, Avg: 271506.5, Max: 271515.0, Diff: 10.0]
      [Ext Root Scanning (ms): Min: 0.0, Avg: 0.6, Max: 0.9, Diff: 0.9, Sum: 4.6]
      [Update RS (ms): Min: 4.9, Avg: 13.2, Max: 15.7, Diff: 10.8, Sum: 106.0]
         [Processed Buffers: Min: 7, Avg: 8.8, Max: 12, Diff: 5, Sum: 70]
      [Scan RS (ms): Min: 2.4, Avg: 3.5, Max: 4.0, Diff: 1.6, Sum: 27.7]
      [Object Copy (ms): Min: 2.7, Avg: 2.8, Max: 2.9, Diff: 0.1, Sum: 22.3]
      [Termination (ms): Min: 0.0, Avg: 0.0, Max: 0.0, Diff: 0.0, Sum: 0.0]
      [GC Worker Other (ms): Min: 0.0, Avg: 0.0, Max: 0.1, Diff: 0.0, Sum: 0.3]
      [GC Worker Total (ms): Min: 11.5, Avg: 20.1, Max: 21.6, Diff: 10.1, Sum: 160.8]
      [GC Worker End (ms): Min: 271526.6, Avg: 271526.6, Max: 271526.6, Diff: 0.0]
   [Code Root Fixup: 0.0 ms]
   [Clear CT: 0.1 ms]
   [Other: 0.7 ms]
      [Choose CSet: 0.0 ms]
      [Ref Proc: 0.2 ms]
      [Ref Enq: 0.0 ms]
      [Free CSet: 0.1 ms]
   [Eden: 25.0M(25.0M)->0.0B(21.0M) Survivors: 0.0B->4096.0K Heap: 470.7M(512.0M)->449.3M(512.0M)]
 [Times: user=0.16 sys=0.00, real=0.02 secs] 
271.530: [GC pause (young) (initial-mark)271.561: [SoftReference, 0 refs, 0.0000180 secs]271.561: [WeakReference, 0 refs, 0.0000020 secs]271.561: [FinalReference, 0 refs, 0.0000020 secs]271.561: [PhantomReference, 0 refs, 0.0000020 secs]271.561: [JNI Weak Reference, 0.0000020 secs], 0.0312690 secs]
   [Parallel Time: 30.7 ms, GC Workers: 8]
      [GC Worker Start (ms): Min: 271529.8, Avg: 271532.0, Max: 271539.8, Diff: 10.0]
      [Ext Root Scanning (ms): Min: 0.0, Avg: 0.4, Max: 0.7, Diff: 0.7, Sum: 3.3]
      [Update RS (ms): Min: 17.6, Avg: 25.1, Max: 28.2, Diff: 10.6, Sum: 200.9]
         [Processed Buffers: Min: 9, Avg: 14.0, Max: 18, Diff: 9, Sum: 112]
      [Scan RS (ms): Min: 0.0, Avg: 0.4, Max: 0.7, Diff: 0.7, Sum: 2.9]
      [Object Copy (ms): Min: 1.7, Avg: 2.4, Max: 2.8, Diff: 1.2, Sum: 19.3]
      [Termination (ms): Min: 0.0, Avg: 0.1, Max: 0.1, Diff: 0.1, Sum: 0.6]
      [GC Worker Other (ms): Min: 0.0, Avg: 0.0, Max: 0.0, Diff: 0.0, Sum: 0.1]
      [GC Worker Total (ms): Min: 20.6, Avg: 28.4, Max: 30.6, Diff: 10.0, Sum: 227.0]
      [GC Worker End (ms): Min: 271560.4, Avg: 271560.4, Max: 271560.4, Diff: 0.0]
   [Code Root Fixup: 0.0 ms]
   [Clear CT: 0.1 ms]
   [Other: 0.5 ms]
      [Choose CSet: 0.0 ms]
      [Ref Proc: 0.2 ms]
      [Ref Enq: 0.0 ms]
      [Free CSet: 0.0 ms]
   [Eden: 21.0M(21.0M)->0.0B(23.0M) Survivors: 4096.0K->2048.0K Heap: 470.3M(512.0M)->450.0M(512.0M)]
 [Times: user=0.22 sys=0.00, real=0.04 secs] 
271.561: [GC concurrent-root-region-scan-start]
271.561: [GC concurrent-root-region-scan-end, 0.0000420 secs]
271.561: [GC concurrent-mark-start]
271.564: [GC pause (young)271.594: [SoftReference, 0 refs, 0.0000170 secs]271.594: [WeakReference, 0 refs, 0.0000020 secs]271.594: [FinalReference, 0 refs, 0.0000020 secs]271.594: [PhantomReference, 0 refs, 0.0000020 secs]271.594: [JNI Weak Reference, 0.0000120 secs], 0.0304080 secs]
   [Parallel Time: 30.0 ms, GC Workers: 8]
      [GC Worker Start (ms): Min: 271564.2, Avg: 271565.2, Max: 271566.9, Diff: 2.7]
      [Ext Root Scanning (ms): Min: 0.0, Avg: 0.4, Max: 0.8, Diff: 0.8, Sum: 3.4]
      [SATB Filtering (ms): Min: 0.0, Avg: 0.0, Max: 0.0, Diff: 0.0, Sum: 0.0]
      [Update RS (ms): Min: 26.4, Avg: 27.9, Max: 29.2, Diff: 2.8, Sum: 223.3]
         [Processed Buffers: Min: 15, Avg: 16.5, Max: 18, Diff: 3, Sum: 132]
      [Scan RS (ms): Min: 0.0, Avg: 0.0, Max: 0.0, Diff: 0.0, Sum: 0.0]
      [Object Copy (ms): Min: 0.0, Avg: 0.0, Max: 0.1, Diff: 0.1, Sum: 0.3]
      [Termination (ms): Min: 0.0, Avg: 0.6, Max: 1.0, Diff: 1.0, Sum: 4.6]
      [GC Worker Other (ms): Min: 0.0, Avg: 0.0, Max: 0.0, Diff: 0.0, Sum: 0.2]
      [GC Worker Total (ms): Min: 27.2, Avg: 29.0, Max: 30.0, Diff: 2.7, Sum: 231.8]
      [GC Worker End (ms): Min: 271594.1, Avg: 271594.1, Max: 271594.2, Diff: 0.0]
   [Code Root Fixup: 0.0 ms]
   [Clear CT: 0.1 ms]
   [Other: 0.3 ms]
      [Choose CSet: 0.0 ms]
      [Ref Proc: 0.2 ms]
      [Ref Enq: 0.0 ms]
      [Free CSet: 0.0 ms]
   [Eden: 23.0M(23.0M)->0.0B(24.0M) Survivors: 2048.0K->1024.0K Heap: 473.0M(512.0M)->448.8M(512.0M)]
 [Times: user=0.23 sys=0.00, real=0.03 secs] 
271.597: [GC pause (young)271.598: [SoftReference, 0 refs, 0.0000140 secs]271.598: [WeakReference, 0 refs, 0.0000030 secs]271.598: [FinalReference, 0 refs, 0.0000020 secs]271.598: [PhantomReference, 0 refs, 0.0000020 secs]271.598: [JNI Weak Reference, 0.0000110 secs], 0.0013820 secs]
   [Parallel Time: 1.0 ms, GC Workers: 8]
      [GC Worker Start (ms): Min: 271597.3, Avg: 271597.7, Max: 271598.2, Diff: 0.8]
      [Ext Root Scanning (ms): Min: 0.0, Avg: 0.4, Max: 0.7, Diff: 0.7, Sum: 3.4]
      [SATB Filtering (ms): Min: 0.0, Avg: 0.0, Max: 0.0, Diff: 0.0, Sum: 0.0]
      [Update RS (ms): Min: 0.0, Avg: 0.0, Max: 0.0, Diff: 0.0, Sum: 0.0]
         [Processed Buffers: Min: 0, Avg: 0.1, Max: 1, Diff: 1, Sum: 1]
      [Scan RS (ms): Min: 0.0, Avg: 0.0, Max: 0.0, Diff: 0.0, Sum: 0.0]
      [Object Copy (ms): Min: 0.0, Avg: 0.0, Max: 0.1, Diff: 0.1, Sum: 0.3]
      [Termination (ms): Min: 0.0, Avg: 0.1, Max: 0.2, Diff: 0.2, Sum: 0.9]
      [GC Worker Other (ms): Min: 0.0, Avg: 0.0, Max: 0.0, Diff: 0.0, Sum: 0.0]
      [GC Worker Total (ms): Min: 0.1, Avg: 0.6, Max: 0.9, Diff: 0.8, Sum: 4.7]
      [GC Worker End (ms): Min: 271598.2, Avg: 271598.2, Max: 271598.3, Diff: 0.0]
   [Code Root Fixup: 0.0 ms]
   [Clear CT: 0.2 ms]
   [Other: 0.3 ms]
      [Choose CSet: 0.0 ms]
      [Ref Proc: 0.2 ms]
      [Ref Enq: 0.0 ms]
      [Free CSet: 0.0 ms]
   [Eden: 24.0M(24.0M)->0.0B(24.0M) Survivors: 1024.0K->1024.0K Heap: 472.8M(512.0M)->448.8M(512.0M)]
 [Times: user=0.00 sys=0.00, real=0.00 secs] 
271.601: [GC pause (young)271.602: [SoftReference, 0 refs, 0.0000330 secs]271.602: [WeakReference, 0 refs, 0.0000020 secs]271.602: [FinalReference, 0 refs, 0.0000020 secs]271.602: [PhantomReference, 0 refs, 0.0000020 secs]271.602: [JNI Weak Reference, 0.0000030 secs], 0.0013240 secs]
   [Parallel Time: 0.9 ms, GC Workers: 8]
      [GC Worker Start (ms): Min: 271600.9, Avg: 271601.2, Max: 271601.7, Diff: 0.8]
      [Ext Root Scanning (ms): Min: 0.0, Avg: 0.4, Max: 0.7, Diff: 0.7, Sum: 3.2]
      [SATB Filtering (ms): Min: 0.0, Avg: 0.0, Max: 0.0, Diff: 0.0, Sum: 0.0]
      [Update RS (ms): Min: 0.0, Avg: 0.0, Max: 0.0, Diff: 0.0, Sum: 0.0]
         [Processed Buffers: Min: 0, Avg: 0.1, Max: 1, Diff: 1, Sum: 1]
      [Scan RS (ms): Min: 0.0, Avg: 0.0, Max: 0.0, Diff: 0.0, Sum: 0.0]
      [Object Copy (ms): Min: 0.0, Avg: 0.0, Max: 0.1, Diff: 0.1, Sum: 0.3]
      [Termination (ms): Min: 0.0, Avg: 0.1, Max: 0.2, Diff: 0.2, Sum: 0.8]
      [GC Worker Other (ms): Min: 0.0, Avg: 0.0, Max: 0.0, Diff: 0.0, Sum: 0.2]
      [GC Worker Total (ms): Min: 0.1, Avg: 0.6, Max: 0.9, Diff: 0.8, Sum: 4.4]
      [GC Worker End (ms): Min: 271601.7, Avg: 271601.7, Max: 271601.8, Diff: 0.0]
   [Code Root Fixup: 0.0 ms]
   [Clear CT: 0.1 ms]
   [Other: 0.3 ms]
      [Choose CSet: 0.0 ms]
      [Ref Proc: 0.2 ms]
      [Ref Enq: 0.0 ms]
      [Free CSet: 0.0 ms]
   [Eden: 24.0M(24.0M)->0.0B(24.0M) Survivors: 1024.0K->1024.0K Heap: 472.8M(512.0M)->448.8M(512.0M)]
 [Times: user=0.01 sys=0.00, real=0.00 secs] 
271.604: [Full GC272.390: [SoftReference, 22 refs, 0.0000280 secs]272.390: [WeakReference, 171 refs, 0.0000160 secs]272.390: [FinalReference, 4 refs, 0.0000030 secs]272.390: [PhantomReference, 0 refs, 0.0000030 secs]272.390: [JNI Weak Reference, 0.0000030 secs] 470M->447M(512M), 1.5996840 secs]
   [Eden: 23.0M(24.0M)->0.0B(25.0M) Survivors: 1024.0K->0.0B Heap: 470.9M(512.0M)->447.9M(512.0M)]
 [Times: user=2.70 sys=0.00, real=1.60 secs] 
273.204: [GC concurrent-mark-abort]
273.259: [Full GC274.044: [SoftReference, 22 refs, 0.0000350 secs]274.044: [WeakReference, 173 refs, 0.0000210 secs]274.044: [FinalReference, 5 refs, 0.0000040 secs]274.044: [PhantomReference, 0 refs, 0.0000020 secs]274.044: [JNI Weak Reference, 0.0000030 secs] 468M->450M(512M), 1.6140090 secs]
   [Eden: 21.0M(25.0M)->0.0B(25.0M) Survivors: 0.0B->0.0B Heap: 468.2M(512.0M)->450.1M(512.0M)]
 [Times: user=2.72 sys=0.01, real=1.62 secs] 
274.924: [GC pause (young)274.962: [SoftReference, 0 refs, 0.0000240 secs]274.962: [WeakReference, 1 refs, 0.0000040 secs]274.962: [FinalReference, 3 refs, 0.0000030 secs]274.962: [PhantomReference, 0 refs, 0.0000020 secs]274.962: [JNI Weak Reference, 0.0000030 secs], 0.0388360 secs]
   [Parallel Time: 37.5 ms, GC Workers: 8]
      [GC Worker Start (ms): Min: 274924.4, Avg: 274924.8, Max: 274926.7, Diff: 2.3]
      [Ext Root Scanning (ms): Min: 0.0, Avg: 0.6, Max: 0.9, Diff: 0.9, Sum: 5.0]
      [Update RS (ms): Min: 24.2, Avg: 26.1, Max: 26.7, Diff: 2.4, Sum: 208.7]
         [Processed Buffers: Min: 15, Avg: 16.5, Max: 18, Diff: 3, Sum: 132]
      [Scan RS (ms): Min: 4.6, Avg: 5.0, Max: 5.7, Diff: 1.1, Sum: 40.3]
      [Object Copy (ms): Min: 5.1, Avg: 5.2, Max: 5.3, Diff: 0.2, Sum: 41.5]
      [Termination (ms): Min: 0.0, Avg: 0.1, Max: 0.1, Diff: 0.1, Sum: 0.7]
      [GC Worker Other (ms): Min: 0.0, Avg: 0.0, Max: 0.0, Diff: 0.0, Sum: 0.1]
      [GC Worker Total (ms): Min: 35.1, Avg: 37.0, Max: 37.4, Diff: 2.3, Sum: 296.2]
      [GC Worker End (ms): Min: 274961.8, Avg: 274961.9, Max: 274961.9, Diff: 0.0]
   [Code Root Fixup: 0.0 ms]
   [Clear CT: 0.1 ms]
   [Other: 1.2 ms]
      [Choose CSet: 0.0 ms]
      [Ref Proc: 0.4 ms]
      [Ref Enq: 0.0 ms]
      [Free CSet: 0.2 ms]
   [Eden: 25.0M(25.0M)->0.0B(21.0M) Survivors: 0.0B->4096.0K Heap: 475.1M(512.0M)->455.6M(512.0M)]
 [Times: user=0.29 sys=0.01, real=0.04 secs] 
274.978: [Full GC275.794: [SoftReference, 22 refs, 0.0000220 secs]275.795: [WeakReference, 172 refs, 0.0000160 secs]275.795: [FinalReference, 7 refs, 0.0000050 secs]275.795: [PhantomReference, 0 refs, 0.0000020 secs]275.795: [JNI Weak Reference, 0.0000020 secs] 464M->454M(512M), 1.7079540 secs]
   [Eden: 9216.0K(21.0M)->0.0B(25.0M) Survivors: 4096.0K->0.0B Heap: 464.6M(512.0M)->454.8M(512.0M)]
 [Times: user=2.81 sys=0.00, real=1.71 secs] 
276.686: [Full GC277.517: [SoftReference, 22 refs, 0.0000250 secs]277.517: [WeakReference, 171 refs, 0.0000160 secs]277.517: [FinalReference, 4 refs, 0.0000020 secs]277.517: [PhantomReference, 0 refs, 0.0000020 secs]277.517: [JNI Weak Reference, 0.0000030 secs] 455M->454M(512M), 1.5564730 secs]
   [Eden: 1024.0K(25.0M)->0.0B(25.0M) Survivors: 0.0B->0.0B Heap: 455.7M(512.0M)->454.6M(512.0M)]
 [Times: user=2.68 sys=0.00, real=1.56 secs] 
278.297: [GC pause (young)278.332: [SoftReference, 0 refs, 0.0000390 secs]278.332: [WeakReference, 1 refs, 0.0000030 secs]278.332: [FinalReference, 2 refs, 0.0000030 secs]278.332: [PhantomReference, 0 refs, 0.0000030 secs]278.332: [JNI Weak Reference, 0.0000120 secs], 0.0364810 secs]
   [Parallel Time: 35.4 ms, GC Workers: 8]
      [GC Worker Start (ms): Min: 278296.8, Avg: 278296.9, Max: 278296.9, Diff: 0.1]
      [Ext Root Scanning (ms): Min: 0.7, Avg: 0.8, Max: 1.0, Diff: 0.3, Sum: 6.3]
      [Update RS (ms): Min: 24.5, Avg: 25.0, Max: 25.8, Diff: 1.3, Sum: 200.0]
         [Processed Buffers: Min: 14, Avg: 15.5, Max: 17, Diff: 3, Sum: 124]
      [Scan RS (ms): Min: 4.3, Avg: 5.2, Max: 5.6, Diff: 1.3, Sum: 41.4]
      [Object Copy (ms): Min: 4.2, Avg: 4.2, Max: 4.3, Diff: 0.1, Sum: 33.8]
      [Termination (ms): Min: 0.0, Avg: 0.0, Max: 0.0, Diff: 0.0, Sum: 0.0]
      [GC Worker Other (ms): Min: 0.0, Avg: 0.1, Max: 0.1, Diff: 0.1, Sum: 0.4]
      [GC Worker Total (ms): Min: 35.2, Avg: 35.3, Max: 35.3, Diff: 0.1, Sum: 282.0]
      [GC Worker End (ms): Min: 278332.1, Avg: 278332.1, Max: 278332.1, Diff: 0.1]
   [Code Root Fixup: 0.0 ms]
   [Clear CT: 0.2 ms]
   [Other: 0.9 ms]
      [Choose CSet: 0.0 ms]
      [Ref Proc: 0.2 ms]
      [Ref Enq: 0.0 ms]
      [Free CSet: 0.2 ms]
   [Eden: 25.0M(25.0M)->0.0B(21.0M) Survivors: 0.0B->4096.0K Heap: 479.6M(512.0M)->463.4M(512.0M)]
 [Times: user=0.28 sys=0.00, real=0.04 secs] 
278.344: [Full GC279.205: [SoftReference, 22 refs, 0.0000270 secs]279.205: [WeakReference, 173 refs, 0.0000170 secs]279.205: [FinalReference, 6 refs, 0.0000050 secs]279.205: [PhantomReference, 0 refs, 0.0000030 secs]279.205: [JNI Weak Reference, 0.0000030 secs] 476M->459M(512M), 1.7036360 secs]
   [Eden: 14.0M(21.0M)->0.0B(25.0M) Survivors: 4096.0K->0.0B Heap: 476.5M(512.0M)->459.3M(512.0M)]
 [Times: user=2.83 sys=0.01, real=1.70 secs] 
280.053: [GC pause (young)280.055: [SoftReference, 0 refs, 0.0000150 secs]280.055: [WeakReference, 0 refs, 0.0000020 secs]280.055: [FinalReference, 0 refs, 0.0000020 secs]280.055: [PhantomReference, 0 refs, 0.0000030 secs]280.055: [JNI Weak Reference, 0.0000020 secs], 0.0017430 secs]
   [Parallel Time: 1.2 ms, GC Workers: 8]
      [GC Worker Start (ms): Min: 280053.4, Avg: 280053.5, Max: 280053.6, Diff: 0.3]
      [Ext Root Scanning (ms): Min: 0.5, Avg: 0.7, Max: 1.0, Diff: 0.5, Sum: 5.9]
      [Update RS (ms): Min: 0.0, Avg: 0.0, Max: 0.0, Diff: 0.0, Sum: 0.1]
         [Processed Buffers: Min: 0, Avg: 0.6, Max: 4, Diff: 4, Sum: 5]
      [Scan RS (ms): Min: 0.0, Avg: 0.0, Max: 0.0, Diff: 0.0, Sum: 0.0]
      [Object Copy (ms): Min: 0.0, Avg: 0.1, Max: 0.1, Diff: 0.1, Sum: 0.6]
      [Termination (ms): Min: 0.0, Avg: 0.1, Max: 0.2, Diff: 0.2, Sum: 0.8]
      [GC Worker Other (ms): Min: 0.0, Avg: 0.0, Max: 0.1, Diff: 0.1, Sum: 0.3]
      [GC Worker Total (ms): Min: 0.8, Avg: 1.0, Max: 1.1, Diff: 0.3, Sum: 7.6]
      [GC Worker End (ms): Min: 280054.4, Avg: 280054.4, Max: 280054.5, Diff: 0.1]
   [Code Root Fixup: 0.0 ms]
   [Clear CT: 0.1 ms]
   [Other: 0.5 ms]
      [Choose CSet: 0.0 ms]
      [Ref Proc: 0.2 ms]
      [Ref Enq: 0.0 ms]
      [Free CSet: 0.0 ms]
   [Eden: 25.0M(25.0M)->0.0B(22.0M) Survivors: 0.0B->3072.0K Heap: 484.3M(512.0M)->462.3M(512.0M)]
 [Times: user=0.00 sys=0.00, real=0.00 secs] 
280.055: [Full GC280.906: [SoftReference, 22 refs, 0.0007480 secs]280.907: [WeakReference, 172 refs, 0.0000180 secs]280.907: [FinalReference, 4 refs, 0.0000030 secs]280.907: [PhantomReference, 0 refs, 0.0000020 secs]280.907: [JNI Weak Reference, 0.0000040 secs] 466M->458M(512M), 1.5918820 secs]
   [Eden: 5120.0K(22.0M)->0.0B(25.0M) Survivors: 3072.0K->0.0B Heap: 466.8M(512.0M)->459.0M(512.0M)]
 [Times: user=2.73 sys=0.01, real=1.59 secs] 
281.701: [GC pause (young)281.738: [SoftReference, 0 refs, 0.0000210 secs]281.738: [WeakReference, 1 refs, 0.0000030 secs]281.738: [FinalReference, 2 refs, 0.0000120 secs]281.738: [PhantomReference, 0 refs, 0.0000020 secs]281.738: [JNI Weak Reference, 0.0000030 secs], 0.0377090 secs]
   [Parallel Time: 36.7 ms, GC Workers: 8]
      [GC Worker Start (ms): Min: 281701.3, Avg: 281703.3, Max: 281707.1, Diff: 5.8]
      [Ext Root Scanning (ms): Min: 0.0, Avg: 0.5, Max: 0.9, Diff: 0.9, Sum: 4.2]
      [Update RS (ms): Min: 20.9, Avg: 23.9, Max: 26.0, Diff: 5.1, Sum: 191.0]
         [Processed Buffers: Min: 13, Avg: 14.9, Max: 18, Diff: 5, Sum: 119]
      [Scan RS (ms): Min: 4.8, Avg: 5.5, Max: 5.9, Diff: 1.2, Sum: 43.9]
      [Object Copy (ms): Min: 4.6, Avg: 4.7, Max: 4.8, Diff: 0.2, Sum: 37.4]
      [Termination (ms): Min: 0.0, Avg: 0.0, Max: 0.0, Diff: 0.0, Sum: 0.0]
      [GC Worker Other (ms): Min: 0.0, Avg: 0.0, Max: 0.0, Diff: 0.0, Sum: 0.1]
      [GC Worker Total (ms): Min: 30.8, Avg: 34.6, Max: 36.6, Diff: 5.8, Sum: 276.6]
      [GC Worker End (ms): Min: 281737.8, Avg: 281737.8, Max: 281737.9, Diff: 0.0]
   [Code Root Fixup: 0.0 ms]
   [Clear CT: 0.1 ms]
   [Other: 0.9 ms]
      [Choose CSet: 0.0 ms]
      [Ref Proc: 0.2 ms]
      [Ref Enq: 0.0 ms]
      [Free CSet: 0.2 ms]
   [Eden: 25.0M(25.0M)->0.0B(21.0M) Survivors: 0.0B->4096.0K Heap: 484.0M(512.0M)->465.5M(512.0M)]
 [Times: user=0.26 sys=0.00, real=0.03 secs] 
281.754: [Full GC282.581: [SoftReference, 22 refs, 0.0000300 secs]282.581: [WeakReference, 172 refs, 0.0000170 secs]282.581: [FinalReference, 6 refs, 0.0000050 secs]282.581: [PhantomReference, 0 refs, 0.0000020 secs]282.581: [JNI Weak Reference, 0.0000030 secs] 475M->463M(512M), 1.6826930 secs]
   [Eden: 10.0M(21.0M)->0.0B(25.0M) Survivors: 4096.0K->0.0B Heap: 475.5M(512.0M)->463.7M(512.0M)]
 [Times: user=2.83 sys=0.01, real=1.68 secs] 
283.440: [Full GC284.337: [SoftReference, 22 refs, 0.0000290 secs]284.337: [WeakReference, 171 refs, 0.0000160 secs]284.337: [FinalReference, 4 refs, 0.0000020 secs]284.337: [PhantomReference, 0 refs, 0.0000020 secs]284.337: [JNI Weak Reference, 0.0000030 secs] 466M->463M(512M), 1.6603110 secs]
   [Eden: 4096.0K(25.0M)->0.0B(25.0M) Survivors: 0.0B->0.0B Heap: 466.9M(512.0M)->463.4M(512.0M)]
 [Times: user=2.80 sys=0.01, real=1.66 secs] 
285.160: [Full GC286.002: [SoftReference, 22 refs, 0.0000260 secs]286.003: [WeakReference, 173 refs, 0.0000170 secs]286.003: [FinalReference, 5 refs, 0.0000040 secs]286.003: [PhantomReference, 0 refs, 0.0000030 secs]286.003: [JNI Weak Reference, 0.0000030 secs] 484M->465M(512M), 1.7175040 secs]
   [Eden: 21.0M(25.0M)->0.0B(25.0M) Survivors: 0.0B->0.0B Heap: 484.3M(512.0M)->465.6M(512.0M)]
 [Times: user=2.87 sys=0.01, real=1.72 secs] 
286.936: [Full GC287.786: [SoftReference, 22 refs, 0.0000320 secs]287.786: [WeakReference, 172 refs, 0.0000160 secs]287.786: [FinalReference, 5 refs, 0.0000040 secs]287.786: [PhantomReference, 0 refs, 0.0000030 secs]287.786: [JNI Weak Reference, 0.0000030 secs] 483M->467M(512M), 1.7542780 secs]
   [Eden: 18.0M(25.0M)->0.0B(25.0M) Survivors: 0.0B->0.0B Heap: 483.4M(512.0M)->467.9M(512.0M)]
 [Times: user=2.90 sys=0.01, real=1.76 secs] 
288.748: [Full GC289.602: [SoftReference, 22 refs, 0.0000290 secs]289.602: [WeakReference, 173 refs, 0.0000170 secs]289.602: [FinalReference, 5 refs, 0.0000040 secs]289.602: [PhantomReference, 0 refs, 0.0000030 secs]289.602: [JNI Weak Reference, 0.0000030 secs] 485M->470M(512M), 1.7667210 secs]
   [Eden: 18.0M(25.0M)->0.0B(25.0M) Survivors: 0.0B->0.0B Heap: 485.2M(512.0M)->470.1M(512.0M)]
 [Times: user=2.95 sys=0.01, real=1.77 secs] 
290.576: [GC pause (young)290.610: [SoftReference, 0 refs, 0.0000390 secs]290.610: [WeakReference, 1 refs, 0.0000030 secs]290.610: [FinalReference, 3 refs, 0.0000030 secs]290.610: [PhantomReference, 0 refs, 0.0000020 secs]290.610: [JNI Weak Reference, 0.0000030 secs], 0.0347850 secs]
   [Parallel Time: 33.6 ms, GC Workers: 8]
      [GC Worker Start (ms): Min: 290575.8, Avg: 290576.1, Max: 290577.6, Diff: 1.8]
      [Ext Root Scanning (ms): Min: 0.0, Avg: 0.7, Max: 1.0, Diff: 1.0, Sum: 5.3]
      [Update RS (ms): Min: 20.6, Avg: 21.7, Max: 22.8, Diff: 2.2, Sum: 173.9]
         [Processed Buffers: Min: 11, Avg: 13.8, Max: 17, Diff: 6, Sum: 110]
      [Scan RS (ms): Min: 5.0, Avg: 5.9, Max: 6.3, Diff: 1.3, Sum: 47.0]
      [Object Copy (ms): Min: 4.8, Avg: 4.9, Max: 4.9, Diff: 0.1, Sum: 38.9]
      [Termination (ms): Min: 0.0, Avg: 0.1, Max: 0.1, Diff: 0.1, Sum: 0.4]
      [GC Worker Other (ms): Min: 0.0, Avg: 0.0, Max: 0.0, Diff: 0.0, Sum: 0.1]
      [GC Worker Total (ms): Min: 31.7, Avg: 33.2, Max: 33.5, Diff: 1.8, Sum: 265.7]
      [GC Worker End (ms): Min: 290609.3, Avg: 290609.3, Max: 290609.3, Diff: 0.0]
   [Code Root Fixup: 0.0 ms]
   [Clear CT: 0.1 ms]
   [Other: 1.1 ms]
      [Choose CSet: 0.0 ms]
      [Ref Proc: 0.2 ms]
      [Ref Enq: 0.0 ms]
      [Free CSet: 0.2 ms]
   [Eden: 25.0M(25.0M)->0.0B(21.0M) Survivors: 0.0B->4096.0K Heap: 495.1M(512.0M)->476.6M(512.0M)]
 [Times: user=0.25 sys=0.00, real=0.03 secs] 
290.626: [Full GC291.499: [SoftReference, 22 refs, 0.0000300 secs]291.499: [WeakReference, 172 refs, 0.0000170 secs]291.499: [FinalReference, 7 refs, 0.0000220 secs]291.499: [PhantomReference, 0 refs, 0.0000030 secs]291.499: [JNI Weak Reference, 0.0000030 secs] 487M->474M(512M), 1.7538130 secs]
   [Eden: 11.0M(21.0M)->0.0B(25.0M) Survivors: 4096.0K->0.0B Heap: 487.2M(512.0M)->474.6M(512.0M)]
 [Times: user=2.94 sys=0.01, real=1.75 secs] 
292.380: [Full GC293.246: [SoftReference, 22 refs, 0.0000270 secs]293.246: [WeakReference, 171 refs, 0.0000160 secs]293.246: [FinalReference, 107 refs, 0.0000110 secs]293.246: [PhantomReference, 0 refs, 0.0000030 secs]293.246: [JNI Weak Reference, 0.0000030 secs] 474M->474M(512M), 1.6994040 secs]
   [Eden: 0.0B(25.0M)->0.0B(25.0M) Survivors: 0.0B->0.0B Heap: 474.6M(512.0M)->474.6M(512.0M)]
 [Times: user=2.89 sys=0.01, real=1.70 secs] 
294.138: [Full GC294.999: [SoftReference, 22 refs, 0.0000280 secs]294.999: [WeakReference, 173 refs, 0.0000170 secs]294.999: [FinalReference, 5 refs, 0.0000040 secs]294.999: [PhantomReference, 0 refs, 0.0000020 secs]294.999: [JNI Weak Reference, 0.0000030 secs] 492M->476M(512M), 1.7530350 secs]
   [Eden: 18.0M(25.0M)->0.0B(25.0M) Survivors: 0.0B->0.0B Heap: 492.2M(512.0M)->476.8M(512.0M)]
 [Times: user=2.95 sys=0.01, real=1.76 secs] 
297.982: [Full GC298.866: [SoftReference, 22 refs, 0.0000490 secs]298.866: [WeakReference, 173 refs, 0.0000350 secs]298.866: [FinalReference, 5 refs, 0.0000050 secs]298.866: [PhantomReference, 0 refs, 0.0000030 secs]298.866: [JNI Weak Reference, 0.0000030 secs] 494M->479M(512M), 1.8389700 secs]
   [Eden: 18.0M(25.0M)->0.0B(25.0M) Survivors: 0.0B->0.0B Heap: 494.1M(512.0M)->479.0M(512.0M)]
 [Times: user=3.03 sys=0.01, real=1.84 secs] 
300.575: [GC pause (young)300.612: [SoftReference, 0 refs, 0.0000200 secs]300.612: [WeakReference, 1 refs, 0.0000040 secs]300.612: [FinalReference, 1 refs, 0.0000030 secs]300.612: [PhantomReference, 0 refs, 0.0000020 secs]300.612: [JNI Weak Reference, 0.0000020 secs] (to-space exhausted), 0.0420570 secs]
   [Parallel Time: 36.3 ms, GC Workers: 8]
      [GC Worker Start (ms): Min: 300575.5, Avg: 300576.4, Max: 300580.8, Diff: 5.3]
      [Ext Root Scanning (ms): Min: 0.0, Avg: 0.7, Max: 1.1, Diff: 1.1, Sum: 5.4]
      [Update RS (ms): Min: 19.8, Avg: 23.6, Max: 24.4, Diff: 4.6, Sum: 188.4]
         [Processed Buffers: Min: 14, Avg: 15.0, Max: 18, Diff: 4, Sum: 120]
      [Scan RS (ms): Min: 5.2, Avg: 5.5, Max: 5.8, Diff: 0.6, Sum: 44.1]
      [Object Copy (ms): Min: 5.5, Avg: 5.6, Max: 5.7, Diff: 0.2, Sum: 44.9]
      [Termination (ms): Min: 0.0, Avg: 0.1, Max: 0.1, Diff: 0.1, Sum: 0.6]
      [GC Worker Other (ms): Min: 0.0, Avg: 0.0, Max: 0.0, Diff: 0.0, Sum: 0.2]
      [GC Worker Total (ms): Min: 30.9, Avg: 35.4, Max: 36.3, Diff: 5.4, Sum: 283.5]
      [GC Worker End (ms): Min: 300611.8, Avg: 300611.8, Max: 300611.8, Diff: 0.0]
   [Code Root Fixup: 0.0 ms]
   [Clear CT: 0.1 ms]
   [Other: 5.6 ms]
      [Choose CSet: 0.0 ms]
      [Ref Proc: 0.2 ms]
      [Ref Enq: 0.0 ms]
      [Free CSet: 0.2 ms]
   [Eden: 25.0M(25.0M)->0.0B(21.0M) Survivors: 0.0B->4096.0K Heap: 504.0M(512.0M)->499.0M(512.0M)]
 [Times: user=0.29 sys=0.00, real=0.04 secs] 
300.634: [GC pause (young) (initial-mark)300.742: [SoftReference, 0 refs, 0.0000230 secs]300.742: [WeakReference, 0 refs, 0.0000030 secs]300.742: [FinalReference, 0 refs, 0.0000030 secs]300.742: [PhantomReference, 0 refs, 0.0000020 secs]300.742: [JNI Weak Reference, 0.0000020 secs] (to-space exhausted), 0.1146540 secs]
   [Parallel Time: 107.7 ms, GC Workers: 8]
      [GC Worker Start (ms): Min: 300634.1, Avg: 300634.4, Max: 300636.3, Diff: 2.2]
      [Ext Root Scanning (ms): Min: 0.0, Avg: 2.1, Max: 12.1, Diff: 12.1, Sum: 16.7]
      [Update RS (ms): Min: 39.0, Avg: 48.9, Max: 51.9, Diff: 12.9, Sum: 391.3]
         [Processed Buffers: Min: 21, Avg: 34.9, Max: 55, Diff: 34, Sum: 279]
      [Scan RS (ms): Min: 1.3, Avg: 2.7, Max: 3.1, Diff: 1.8, Sum: 21.5]
      [Object Copy (ms): Min: 53.3, Avg: 53.5, Max: 53.7, Diff: 0.4, Sum: 428.3]
      [Termination (ms): Min: 0.0, Avg: 0.1, Max: 0.1, Diff: 0.1, Sum: 0.4]
      [GC Worker Other (ms): Min: 0.0, Avg: 0.0, Max: 0.0, Diff: 0.0, Sum: 0.2]
      [GC Worker Total (ms): Min: 105.4, Avg: 107.3, Max: 107.7, Diff: 2.3, Sum: 858.4]
      [GC Worker End (ms): Min: 300741.7, Avg: 300741.7, Max: 300741.7, Diff: 0.0]
   [Code Root Fixup: 0.0 ms]
   [Clear CT: 0.1 ms]
   [Other: 6.9 ms]
      [Choose CSet: 0.0 ms]
      [Ref Proc: 0.1 ms]
      [Ref Enq: 0.0 ms]
      [Free CSet: 0.1 ms]
   [Eden: 12.0M(21.0M)->0.0B(25.0M) Survivors: 4096.0K->0.0B Heap: 511.0M(512.0M)->511.0M(512.0M)]
 [Times: user=0.47 sys=0.07, real=0.11 secs] 
300.749: [GC concurrent-root-region-scan-start]
300.749: [GC concurrent-root-region-scan-end, 0.0000040 secs]
300.749: [GC concurrent-mark-start]
300.749: [Full GC301.664: [SoftReference, 30 refs, 0.0000330 secs]301.664: [WeakReference, 172 refs, 0.0000170 secs]301.664: [FinalReference, 8 refs, 0.0000060 secs]301.664: [PhantomReference, 0 refs, 0.0000030 secs]301.664: [JNI Weak Reference, 0.0000030 secs] 511M->483M(512M), 1.8145810 secs]
   [Eden: 0.0B(25.0M)->0.0B(25.0M) Survivors: 0.0B->0.0B Heap: 511.0M(512.0M)->483.9M(512.0M)]
 [Times: user=3.03 sys=0.01, real=1.82 secs] 
302.564: [GC concurrent-mark-abort]
302.567: [GC pause (young)302.569: [SoftReference, 0 refs, 0.0000280 secs]302.569: [WeakReference, 0 refs, 0.0000120 secs]302.569: [FinalReference, 0 refs, 0.0000030 secs]302.569: [PhantomReference, 0 refs, 0.0000020 secs]302.569: [JNI Weak Reference, 0.0000030 secs], 0.0017970 secs]
   [Parallel Time: 1.2 ms, GC Workers: 8]
      [GC Worker Start (ms): Min: 302567.5, Avg: 302568.0, Max: 302568.6, Diff: 1.1]
      [Ext Root Scanning (ms): Min: 0.0, Avg: 0.5, Max: 0.9, Diff: 0.9, Sum: 4.2]
      [Update RS (ms): Min: 0.0, Avg: 0.0, Max: 0.0, Diff: 0.0, Sum: 0.1]
         [Processed Buffers: Min: 0, Avg: 0.5, Max: 2, Diff: 2, Sum: 4]
      [Scan RS (ms): Min: 0.0, Avg: 0.0, Max: 0.0, Diff: 0.0, Sum: 0.0]
      [Object Copy (ms): Min: 0.0, Avg: 0.1, Max: 0.1, Diff: 0.1, Sum: 0.4]
      [Termination (ms): Min: 0.0, Avg: 0.1, Max: 0.1, Diff: 0.1, Sum: 0.5]
      [GC Worker Other (ms): Min: 0.0, Avg: 0.0, Max: 0.0, Diff: 0.0, Sum: 0.1]
      [GC Worker Total (ms): Min: 0.0, Avg: 0.7, Max: 1.1, Diff: 1.1, Sum: 5.4]
      [GC Worker End (ms): Min: 302568.6, Avg: 302568.6, Max: 302568.7, Diff: 0.0]
   [Code Root Fixup: 0.0 ms]
   [Clear CT: 0.1 ms]
   [Other: 0.5 ms]
      [Choose CSet: 0.0 ms]
      [Ref Proc: 0.2 ms]
      [Ref Enq: 0.0 ms]
      [Free CSet: 0.0 ms]
   [Eden: 25.0M(25.0M)->0.0B(24.0M) Survivors: 0.0B->1024.0K Heap: 508.9M(512.0M)->484.4M(512.0M)]
 [Times: user=0.01 sys=0.00, real=0.00 secs] 
302.571: [GC pause (young) (initial-mark)302.572: [SoftReference, 0 refs, 0.0000260 secs]302.572: [WeakReference, 0 refs, 0.0000030 secs]302.572: [FinalReference, 0 refs, 0.0000030 secs]302.573: [PhantomReference, 0 refs, 0.0000020 secs]302.573: [JNI Weak Reference, 0.0000020 secs], 0.0014620 secs]
   [Parallel Time: 1.1 ms, GC Workers: 8]
      [GC Worker Start (ms): Min: 302571.3, Avg: 302571.6, Max: 302572.2, Diff: 0.9]
      [Ext Root Scanning (ms): Min: 0.0, Avg: 0.4, Max: 0.7, Diff: 0.7, Sum: 3.0]
      [Update RS (ms): Min: 0.0, Avg: 0.0, Max: 0.0, Diff: 0.0, Sum: 0.0]
         [Processed Buffers: Min: 0, Avg: 0.4, Max: 3, Diff: 3, Sum: 3]
      [Scan RS (ms): Min: 0.0, Avg: 0.0, Max: 0.0, Diff: 0.0, Sum: 0.0]
      [Object Copy (ms): Min: 0.0, Avg: 0.2, Max: 0.3, Diff: 0.3, Sum: 1.2]
      [Termination (ms): Min: 0.0, Avg: 0.1, Max: 0.2, Diff: 0.2, Sum: 0.9]
      [GC Worker Other (ms): Min: 0.0, Avg: 0.0, Max: 0.0, Diff: 0.0, Sum: 0.0]
      [GC Worker Total (ms): Min: 0.1, Avg: 0.6, Max: 1.0, Diff: 0.9, Sum: 5.2]
      [GC Worker End (ms): Min: 302572.3, Avg: 302572.3, Max: 302572.3, Diff: 0.0]
   [Code Root Fixup: 0.0 ms]
   [Clear CT: 0.1 ms]
   [Other: 0.3 ms]
      [Choose CSet: 0.0 ms]
      [Ref Proc: 0.2 ms]
      [Ref Enq: 0.0 ms]
      [Free CSet: 0.0 ms]
   [Eden: 24.0M(24.0M)->0.0B(24.0M) Survivors: 1024.0K->1024.0K Heap: 508.4M(512.0M)->484.2M(512.0M)]
 [Times: user=0.00 sys=0.00, real=0.00 secs] 
302.573: [GC concurrent-root-region-scan-start]
302.573: [GC concurrent-root-region-scan-end, 0.0000980 secs]
302.573: [GC concurrent-mark-start]
302.574: [Full GC303.448: [SoftReference, 20 refs, 0.0000260 secs]303.448: [WeakReference, 169 refs, 0.0000170 secs]303.448: [FinalReference, 4 refs, 0.0000020 secs]303.448: [PhantomReference, 0 refs, 0.0000020 secs]303.448: [JNI Weak Reference, 0.0000030 secs] 492M->483M(512M), 1.7065990 secs]
   [Eden: 9216.0K(24.0M)->0.0B(25.0M) Survivors: 1024.0K->0.0B Heap: 492.9M(512.0M)->483.7M(512.0M)]
 [Times: user=2.93 sys=0.01, real=1.70 secs] 
304.280: [GC concurrent-mark-abort]
304.283: [GC pause (young)304.287: [SoftReference, 0 refs, 0.0000160 secs]304.287: [WeakReference, 0 refs, 0.0000030 secs]304.287: [FinalReference, 1 refs, 0.0000030 secs]304.287: [PhantomReference, 0 refs, 0.0000020 secs]304.287: [JNI Weak Reference, 0.0000030 secs], 0.0041080 secs]
   [Parallel Time: 3.5 ms, GC Workers: 8]
      [GC Worker Start (ms): Min: 304283.1, Avg: 304283.9, Max: 304286.2, Diff: 3.0]
      [Ext Root Scanning (ms): Min: 0.0, Avg: 0.6, Max: 0.9, Diff: 0.9, Sum: 4.8]
      [Update RS (ms): Min: 0.0, Avg: 1.5, Max: 2.6, Diff: 2.6, Sum: 12.0]
         [Processed Buffers: Min: 0, Avg: 1.1, Max: 3, Diff: 3, Sum: 9]
      [Scan RS (ms): Min: 0.0, Avg: 0.0, Max: 0.0, Diff: 0.0, Sum: 0.0]
      [Object Copy (ms): Min: 0.0, Avg: 0.1, Max: 0.5, Diff: 0.4, Sum: 1.2]
      [Termination (ms): Min: 0.0, Avg: 0.4, Max: 0.6, Diff: 0.6, Sum: 3.2]
      [GC Worker Other (ms): Min: 0.0, Avg: 0.0, Max: 0.0, Diff: 0.0, Sum: 0.0]
      [GC Worker Total (ms): Min: 0.4, Avg: 2.7, Max: 3.4, Diff: 3.0, Sum: 21.3]
      [GC Worker End (ms): Min: 304286.6, Avg: 304286.6, Max: 304286.6, Diff: 0.0]
   [Code Root Fixup: 0.0 ms]
   [Clear CT: 0.1 ms]
   [Other: 0.5 ms]
      [Choose CSet: 0.0 ms]
      [Ref Proc: 0.2 ms]
      [Ref Enq: 0.0 ms]
      [Free CSet: 0.0 ms]
   [Eden: 25.0M(25.0M)->0.0B(24.0M) Survivors: 0.0B->1024.0K Heap: 508.7M(512.0M)->484.1M(512.0M)]
 [Times: user=0.02 sys=0.00, real=0.00 secs] 
304.289: [GC pause (young) (initial-mark)304.294: [SoftReference, 0 refs, 0.0000150 secs]304.294: [WeakReference, 1 refs, 0.0000030 secs]304.294: [FinalReference, 0 refs, 0.0000020 secs]304.294: [PhantomReference, 0 refs, 0.0000020 secs]304.294: [JNI Weak Reference, 0.0000020 secs], 0.0054310 secs]
   [Parallel Time: 5.0 ms, GC Workers: 8]
      [GC Worker Start (ms): Min: 304289.1, Avg: 304290.4, Max: 304294.0, Diff: 4.9]
      [Ext Root Scanning (ms): Min: 0.0, Avg: 0.4, Max: 0.7, Diff: 0.7, Sum: 3.4]
      [Update RS (ms): Min: 0.0, Avg: 2.7, Max: 4.2, Diff: 4.2, Sum: 21.6]
         [Processed Buffers: Min: 0, Avg: 2.4, Max: 4, Diff: 4, Sum: 19]
      [Scan RS (ms): Min: 0.0, Avg: 0.0, Max: 0.1, Diff: 0.1, Sum: 0.1]
      [Object Copy (ms): Min: 0.0, Avg: 0.3, Max: 0.7, Diff: 0.7, Sum: 2.7]
      [Termination (ms): Min: 0.0, Avg: 0.2, Max: 0.4, Diff: 0.4, Sum: 1.9]
      [GC Worker Other (ms): Min: 0.0, Avg: 0.0, Max: 0.0, Diff: 0.0, Sum: 0.1]
      [GC Worker Total (ms): Min: 0.1, Avg: 3.7, Max: 5.0, Diff: 4.9, Sum: 29.9]
      [GC Worker End (ms): Min: 304294.1, Avg: 304294.1, Max: 304294.1, Diff: 0.0]
   [Code Root Fixup: 0.0 ms]
   [Clear CT: 0.1 ms]
   [Other: 0.3 ms]
      [Choose CSet: 0.0 ms]
      [Ref Proc: 0.2 ms]
      [Ref Enq: 0.0 ms]
      [Free CSet: 0.0 ms]
   [Eden: 24.0M(24.0M)->0.0B(24.0M) Survivors: 1024.0K->1024.0K Heap: 508.1M(512.0M)->484.1M(512.0M)]
 [Times: user=0.03 sys=0.00, real=0.01 secs] 
304.295: [GC concurrent-root-region-scan-start]
304.295: [GC concurrent-root-region-scan-end, 0.0006280 secs]
304.295: [GC concurrent-mark-start]
304.296: [Full GC305.150: [SoftReference, 20 refs, 0.0000280 secs]305.150: [WeakReference, 170 refs, 0.0000170 secs]305.150: [FinalReference, 5 refs, 0.0000030 secs]305.150: [PhantomReference, 0 refs, 0.0000030 secs]305.150: [JNI Weak Reference, 0.0000040 secs] 503M->483M(512M), 1.7955010 secs]
   [Eden: 20.0M(24.0M)->0.0B(25.0M) Survivors: 1024.0K->0.0B Heap: 503.6M(512.0M)->483.8M(512.0M)]
 [Times: user=3.01 sys=0.01, real=1.80 secs] 
306.092: [GC concurrent-mark-abort]
306.149: [Full GC307.101: [SoftReference, 20 refs, 0.0002450 secs]307.101: [WeakReference, 171 refs, 0.0000190 secs]307.101: [FinalReference, 5 refs, 0.0000050 secs]307.101: [PhantomReference, 0 refs, 0.0000030 secs]307.101: [JNI Weak Reference, 0.0000040 secs] 502M->485M(512M), 1.9115180 secs]
   [Eden: 19.0M(25.0M)->0.0B(25.0M) Survivors: 0.0B->0.0B Heap: 502.5M(512.0M)->485.8M(512.0M)]
 [Times: user=3.13 sys=0.01, real=1.92 secs] 
308.119: [Full GC309.010: [SoftReference, 20 refs, 0.0000260 secs]309.010: [WeakReference, 171 refs, 0.0000160 secs]309.010: [FinalReference, 5 refs, 0.0000030 secs]309.010: [PhantomReference, 0 refs, 0.0000020 secs]309.010: [JNI Weak Reference, 0.0000030 secs] 503M->488M(512M), 1.8159990 secs]
   [Eden: 18.0M(25.0M)->0.0B(25.0M) Survivors: 0.0B->0.0B Heap: 503.2M(512.0M)->488.0M(512.0M)]
 [Times: user=3.05 sys=0.01, real=1.82 secs] 
309.995: [Full GC310.874: [SoftReference, 20 refs, 0.0000240 secs]310.874: [WeakReference, 171 refs, 0.0000170 secs]310.874: [FinalReference, 5 refs, 0.0000040 secs]310.874: [PhantomReference, 0 refs, 0.0000020 secs]310.874: [JNI Weak Reference, 0.0000020 secs] 507M->490M(512M), 1.7946830 secs]
   [Eden: 20.0M(25.0M)->0.0B(25.0M) Survivors: 0.0B->0.0B Heap: 507.2M(512.0M)->490.3M(512.0M)]
 [Times: user=3.03 sys=0.01, real=1.79 secs] 
311.836: [GC pause (young)311.899: [SoftReference, 0 refs, 0.0000210 secs]311.899: [WeakReference, 0 refs, 0.0000020 secs]311.899: [FinalReference, 0 refs, 0.0000020 secs]311.899: [PhantomReference, 0 refs, 0.0000030 secs]311.899: [JNI Weak Reference, 0.0000030 secs] (to-space exhausted), 0.0739840 secs]
   [Parallel Time: 62.8 ms, GC Workers: 8]
      [GC Worker Start (ms): Min: 311836.1, Avg: 311836.2, Max: 311836.4, Diff: 0.2]
      [Ext Root Scanning (ms): Min: 0.1, Avg: 0.5, Max: 0.9, Diff: 0.8, Sum: 4.4]
      [Update RS (ms): Min: 8.9, Avg: 18.1, Max: 20.9, Diff: 12.0, Sum: 144.8]
         [Processed Buffers: Min: 6, Avg: 12.1, Max: 15, Diff: 9, Sum: 97]
      [Scan RS (ms): Min: 4.0, Avg: 4.9, Max: 5.6, Diff: 1.6, Sum: 39.5]
      [Object Copy (ms): Min: 36.1, Avg: 39.0, Max: 49.6, Diff: 13.5, Sum: 312.3]
      [Termination (ms): Min: 0.0, Avg: 0.1, Max: 0.1, Diff: 0.1, Sum: 0.4]
      [GC Worker Other (ms): Min: 0.0, Avg: 0.0, Max: 0.0, Diff: 0.0, Sum: 0.2]
      [GC Worker Total (ms): Min: 62.6, Avg: 62.7, Max: 62.8, Diff: 0.2, Sum: 501.5]
      [GC Worker End (ms): Min: 311898.9, Avg: 311898.9, Max: 311898.9, Diff: 0.0]
   [Code Root Fixup: 0.0 ms]
   [Clear CT: 0.1 ms]
   [Other: 11.0 ms]
      [Choose CSet: 0.0 ms]
      [Ref Proc: 0.1 ms]
      [Ref Enq: 0.0 ms]
      [Free CSet: 0.5 ms]
   [Eden: 21.0M(25.0M)->0.0B(25.0M) Survivors: 0.0B->0.0B Heap: 511.3M(512.0M)->511.3M(512.0M)]
 [Times: user=0.32 sys=0.05, real=0.07 secs] 
311.910: [GC pause (young) (initial-mark)311.960: [SoftReference, 0 refs, 0.0000440 secs]311.960: [WeakReference, 0 refs, 0.0000030 secs]311.960: [FinalReference, 0 refs, 0.0000020 secs]311.960: [PhantomReference, 0 refs, 0.0000110 secs]311.960: [JNI Weak Reference, 0.0000030 secs], 0.0502490 secs]
   [Parallel Time: 49.9 ms, GC Workers: 8]
      [GC Worker Start (ms): Min: 311910.2, Avg: 311910.2, Max: 311910.3, Diff: 0.1]
      [Ext Root Scanning (ms): Min: 0.8, Avg: 0.9, Max: 1.2, Diff: 0.4, Sum: 7.5]
      [Update RS (ms): Min: 48.5, Avg: 48.6, Max: 48.7, Diff: 0.2, Sum: 388.7]
         [Processed Buffers: Min: 107, Avg: 131.0, Max: 160, Diff: 53, Sum: 1048]
      [Scan RS (ms): Min: 0.0, Avg: 0.0, Max: 0.0, Diff: 0.0, Sum: 0.0]
      [Object Copy (ms): Min: 0.0, Avg: 0.2, Max: 0.3, Diff: 0.3, Sum: 1.7]
      [Termination (ms): Min: 0.0, Avg: 0.0, Max: 0.0, Diff: 0.0, Sum: 0.0]
      [GC Worker Other (ms): Min: 0.0, Avg: 0.0, Max: 0.1, Diff: 0.1, Sum: 0.4]
      [GC Worker Total (ms): Min: 49.7, Avg: 49.8, Max: 49.8, Diff: 0.1, Sum: 398.2]
      [GC Worker End (ms): Min: 311959.9, Avg: 311960.0, Max: 311960.0, Diff: 0.1]
   [Code Root Fixup: 0.0 ms]
   [Clear CT: 0.1 ms]
   [Other: 0.2 ms]
      [Choose CSet: 0.0 ms]
      [Ref Proc: 0.2 ms]
      [Ref Enq: 0.0 ms]
      [Free CSet: 0.0 ms]
   [Eden: 0.0B(25.0M)->0.0B(25.0M) Survivors: 0.0B->0.0B Heap: 511.3M(512.0M)->511.3M(512.0M)]
 [Times: user=0.39 sys=0.00, real=0.05 secs] 
311.960: [GC concurrent-root-region-scan-start]
311.960: [GC concurrent-root-region-scan-end, 0.0000150 secs]
311.960: [GC concurrent-mark-start]
311.961: [Full GC312.918: [SoftReference, 34 refs, 0.0000270 secs]312.918: [WeakReference, 170 refs, 0.0000160 secs]312.918: [FinalReference, 7 refs, 0.0000040 secs]312.918: [PhantomReference, 0 refs, 0.0000030 secs]312.918: [JNI Weak Reference, 0.0000030 secs] 511M->494M(512M), 1.8760080 secs]
   [Eden: 0.0B(25.0M)->0.0B(25.0M) Survivors: 0.0B->0.0B Heap: 511.3M(512.0M)->494.0M(512.0M)]
 [Times: user=3.12 sys=0.01, real=1.87 secs] 
313.837: [GC concurrent-mark-abort]
313.861: [GC pause (young)313.914: [SoftReference, 0 refs, 0.0000210 secs]313.914: [WeakReference, 0 refs, 0.0000030 secs]313.914: [FinalReference, 0 refs, 0.0000030 secs]313.914: [PhantomReference, 0 refs, 0.0000020 secs]313.914: [JNI Weak Reference, 0.0000020 secs] (to-space exhausted), 0.0598330 secs]
   [Parallel Time: 52.2 ms, GC Workers: 8]
      [GC Worker Start (ms): Min: 313861.2, Avg: 313862.6, Max: 313871.2, Diff: 10.0]
      [Ext Root Scanning (ms): Min: 0.0, Avg: 0.6, Max: 0.9, Diff: 0.9, Sum: 4.4]
      [Update RS (ms): Min: 9.9, Avg: 17.6, Max: 20.1, Diff: 10.2, Sum: 140.6]
         [Processed Buffers: Min: 7, Avg: 11.6, Max: 15, Diff: 8, Sum: 93]
      [Scan RS (ms): Min: 1.3, Avg: 2.5, Max: 3.1, Diff: 1.8, Sum: 20.0]
      [Object Copy (ms): Min: 29.8, Avg: 30.1, Max: 31.9, Diff: 2.1, Sum: 240.8]
      [Termination (ms): Min: 0.0, Avg: 0.0, Max: 0.0, Diff: 0.0, Sum: 0.1]
      [GC Worker Other (ms): Min: 0.0, Avg: 0.0, Max: 0.0, Diff: 0.0, Sum: 0.2]
      [GC Worker Total (ms): Min: 42.1, Avg: 50.8, Max: 52.2, Diff: 10.1, Sum: 406.2]
      [GC Worker End (ms): Min: 313913.4, Avg: 313913.4, Max: 313913.4, Diff: 0.0]
   [Code Root Fixup: 0.0 ms]
   [Clear CT: 0.1 ms]
   [Other: 7.5 ms]
      [Choose CSet: 0.0 ms]
      [Ref Proc: 0.2 ms]
      [Ref Enq: 0.0 ms]
      [Free CSet: 0.2 ms]
   [Eden: 17.0M(25.0M)->0.0B(25.0M) Survivors: 0.0B->0.0B Heap: 511.0M(512.0M)->511.0M(512.0M)]
 [Times: user=0.25 sys=0.04, real=0.06 secs] 
313.921: [GC pause (young) (initial-mark)313.956: [SoftReference, 0 refs, 0.0000310 secs]313.956: [WeakReference, 0 refs, 0.0000030 secs]313.956: [FinalReference, 0 refs, 0.0000020 secs]313.956: [PhantomReference, 0 refs, 0.0000020 secs]313.956: [JNI Weak Reference, 0.0000020 secs], 0.0350070 secs]
   [Parallel Time: 34.7 ms, GC Workers: 8]
      [GC Worker Start (ms): Min: 313921.1, Avg: 313922.1, Max: 313924.4, Diff: 3.3]
      [Ext Root Scanning (ms): Min: 0.0, Avg: 0.4, Max: 0.8, Diff: 0.8, Sum: 3.6]
      [Update RS (ms): Min: 31.3, Avg: 32.9, Max: 33.7, Diff: 2.4, Sum: 263.5]
         [Processed Buffers: Min: 84, Avg: 96.2, Max: 120, Diff: 36, Sum: 770]
      [Scan RS (ms): Min: 0.0, Avg: 0.0, Max: 0.0, Diff: 0.0, Sum: 0.0]
      [Object Copy (ms): Min: 0.0, Avg: 0.1, Max: 0.3, Diff: 0.3, Sum: 1.1]
      [Termination (ms): Min: 0.0, Avg: 0.0, Max: 0.0, Diff: 0.0, Sum: 0.0]
      [GC Worker Other (ms): Min: 0.0, Avg: 0.0, Max: 0.0, Diff: 0.0, Sum: 0.2]
      [GC Worker Total (ms): Min: 31.3, Avg: 33.6, Max: 34.6, Diff: 3.3, Sum: 268.4]
      [GC Worker End (ms): Min: 313955.6, Avg: 313955.7, Max: 313955.7, Diff: 0.0]
   [Code Root Fixup: 0.0 ms]
   [Clear CT: 0.1 ms]
   [Other: 0.2 ms]
      [Choose CSet: 0.0 ms]
      [Ref Proc: 0.2 ms]
      [Ref Enq: 0.0 ms]
      [Free CSet: 0.0 ms]
   [Eden: 0.0B(25.0M)->0.0B(25.0M) Survivors: 0.0B->0.0B Heap: 511.0M(512.0M)->511.0M(512.0M)]
 [Times: user=0.26 sys=0.00, real=0.03 secs] 
313.956: [GC concurrent-root-region-scan-start]
313.956: [GC concurrent-root-region-scan-end, 0.0000140 secs]
313.956: [GC concurrent-mark-start]
313.956: [Full GC314.942: [SoftReference, 30 refs, 0.0000270 secs]314.942: [WeakReference, 170 refs, 0.0000170 secs]314.942: [FinalReference, 7 refs, 0.0000040 secs]314.942: [PhantomReference, 0 refs, 0.0000020 secs]314.942: [JNI Weak Reference, 0.0000030 secs] 511M->496M(512M), 1.9408560 secs]
   [Eden: 0.0B(25.0M)->0.0B(25.0M) Survivors: 0.0B->0.0B Heap: 511.0M(512.0M)->496.3M(512.0M)]
 [Times: user=3.20 sys=0.01, real=1.94 secs] 
315.897: [GC concurrent-mark-abort]
315.901: [Full GC316.805: [SoftReference, 20 refs, 0.0003770 secs]316.805: [WeakReference, 169 refs, 0.0000190 secs]316.805: [FinalReference, 5 refs, 0.0000030 secs]316.805: [PhantomReference, 0 refs, 0.0000020 secs]316.805: [JNI Weak Reference, 0.0000040 secs] 501M->496M(512M), 1.8220370 secs]
   [Eden: 6144.0K(25.0M)->0.0B(25.0M) Survivors: 0.0B->0.0B Heap: 501.9M(512.0M)->496.2M(512.0M)]
 [Times: user=3.08 sys=0.01, real=1.82 secs] 
317.727: [Full GC318.634: [SoftReference, 20 refs, 0.0000280 secs]318.634: [WeakReference, 170 refs, 0.0000160 secs]318.634: [FinalReference, 5 refs, 0.0000030 secs]318.634: [PhantomReference, 0 refs, 0.0000020 secs]318.634: [JNI Weak Reference, 0.0000040 secs] 500M->496M(512M), 1.8494440 secs]
   [Eden: 5120.0K(25.0M)->0.0B(25.0M) Survivors: 0.0B->0.0B Heap: 501.0M(512.0M)->496.1M(512.0M)]
 [Times: user=3.11 sys=0.01, real=1.85 secs] 
319.614: [GC pause (young)319.642: [SoftReference, 0 refs, 0.0000190 secs]319.642: [WeakReference, 0 refs, 0.0000030 secs]319.642: [FinalReference, 0 refs, 0.0000030 secs]319.642: [PhantomReference, 0 refs, 0.0000020 secs]319.642: [JNI Weak Reference, 0.0000020 secs] (to-space exhausted), 0.0330240 secs]
   [Parallel Time: 28.2 ms, GC Workers: 8]
      [GC Worker Start (ms): Min: 319613.8, Avg: 319614.8, Max: 319616.7, Diff: 2.9]
      [Ext Root Scanning (ms): Min: 0.0, Avg: 0.5, Max: 0.9, Diff: 0.9, Sum: 4.2]
      [Update RS (ms): Min: 1.9, Avg: 4.0, Max: 5.5, Diff: 3.6, Sum: 31.9]
         [Processed Buffers: Min: 2, Avg: 2.6, Max: 4, Diff: 2, Sum: 21]
      [Scan RS (ms): Min: 2.3, Avg: 3.1, Max: 3.8, Diff: 1.5, Sum: 25.0]
      [Object Copy (ms): Min: 19.5, Avg: 19.6, Max: 19.7, Diff: 0.2, Sum: 156.5]
      [Termination (ms): Min: 0.0, Avg: 0.0, Max: 0.0, Diff: 0.0, Sum: 0.2]
      [GC Worker Other (ms): Min: 0.0, Avg: 0.0, Max: 0.0, Diff: 0.0, Sum: 0.1]
      [GC Worker Total (ms): Min: 25.3, Avg: 27.2, Max: 28.2, Diff: 2.9, Sum: 217.8]
      [GC Worker End (ms): Min: 319642.0, Avg: 319642.0, Max: 319642.0, Diff: 0.0]
   [Code Root Fixup: 0.0 ms]
   [Clear CT: 0.1 ms]
   [Other: 4.7 ms]
      [Choose CSet: 0.0 ms]
      [Ref Proc: 0.1 ms]
      [Ref Enq: 0.0 ms]
      [Free CSet: 0.1 ms]
   [Eden: 15.0M(25.0M)->0.0B(25.0M) Survivors: 0.0B->0.0B Heap: 511.1M(512.0M)->511.1M(512.0M)]
 [Times: user=0.12 sys=0.03, real=0.03 secs] 
319.647: [Full GC320.647: [SoftReference, 30 refs, 0.0000270 secs]320.647: [WeakReference, 171 refs, 0.0000170 secs]320.647: [FinalReference, 5 refs, 0.0000040 secs]320.647: [PhantomReference, 0 refs, 0.0000020 secs]320.647: [JNI Weak Reference, 0.0000020 secs] 511M->497M(512M), 1.9642950 secs]
   [Eden: 0.0B(25.0M)->0.0B(25.0M) Survivors: 0.0B->0.0B Heap: 511.1M(512.0M)->497.1M(512.0M)]
 [Times: user=3.23 sys=0.00, real=1.97 secs] 
321.611: [Full GC322.568: [SoftReference, 20 refs, 0.0000240 secs]322.568: [WeakReference, 170 refs, 0.0000150 secs]322.568: [FinalReference, 4 refs, 0.0000030 secs]322.568: [PhantomReference, 0 refs, 0.0000030 secs]322.568: [JNI Weak Reference, 0.0000030 secs] 497M->497M(512M), 1.8002140 secs]
   [Eden: 1024.0K(25.0M)->0.0B(25.0M) Survivors: 0.0B->0.0B Heap: 498.0M(512.0M)->497.0M(512.0M)]
 [Times: user=3.08 sys=0.01, real=1.80 secs] 
323.412: [Full GC324.373: [SoftReference, 20 refs, 0.0000260 secs]324.373: [WeakReference, 169 refs, 0.0000160 secs]324.373: [FinalReference, 6 refs, 0.0000050 secs]324.373: [PhantomReference, 0 refs, 0.0000020 secs]324.373: [JNI Weak Reference, 0.0000020 secs] 497M->497M(512M), 1.8174000 secs]
   [Eden: 1024.0K(25.0M)->0.0B(25.0M) Survivors: 0.0B->0.0B Heap: 497.2M(512.0M)->497.1M(512.0M)]
 [Times: user=3.09 sys=0.01, real=1.81 secs] 
325.267: [GC pause (young)325.315: [SoftReference, 0 refs, 0.0000210 secs]325.315: [WeakReference, 0 refs, 0.0000030 secs]325.315: [FinalReference, 0 refs, 0.0000110 secs]325.315: [PhantomReference, 0 refs, 0.0000020 secs]325.315: [JNI Weak Reference, 0.0000030 secs] (to-space exhausted), 0.0573850 secs]
   [Parallel Time: 47.2 ms, GC Workers: 8]
      [GC Worker Start (ms): Min: 325267.3, Avg: 325267.5, Max: 325268.7, Diff: 1.4]
      [Ext Root Scanning (ms): Min: 0.0, Avg: 0.6, Max: 1.0, Diff: 0.9, Sum: 4.6]
      [Update RS (ms): Min: 9.2, Avg: 11.0, Max: 13.0, Diff: 3.8, Sum: 88.2]
         [Processed Buffers: Min: 5, Avg: 7.5, Max: 10, Diff: 5, Sum: 60]
      [Scan RS (ms): Min: 2.8, Avg: 4.0, Max: 4.8, Diff: 2.0, Sum: 32.3]
      [Object Copy (ms): Min: 30.3, Avg: 31.2, Max: 33.8, Diff: 3.5, Sum: 249.3]
      [Termination (ms): Min: 0.0, Avg: 0.1, Max: 0.1, Diff: 0.1, Sum: 0.5]
      [GC Worker Other (ms): Min: 0.0, Avg: 0.0, Max: 0.0, Diff: 0.0, Sum: 0.1]
      [GC Worker Total (ms): Min: 45.7, Avg: 46.9, Max: 47.1, Diff: 1.4, Sum: 375.1]
      [GC Worker End (ms): Min: 325314.4, Avg: 325314.4, Max: 325314.4, Diff: 0.0]
   [Code Root Fixup: 0.0 ms]
   [Clear CT: 0.1 ms]
   [Other: 10.1 ms]
      [Choose CSet: 0.0 ms]
      [Ref Proc: 0.2 ms]
      [Ref Enq: 0.0 ms]
      [Free CSet: 0.2 ms]
   [Eden: 14.0M(25.0M)->0.0B(25.0M) Survivors: 0.0B->0.0B Heap: 511.1M(512.0M)->511.1M(512.0M)]
 [Times: user=0.20 sys=0.04, real=0.06 secs] 
325.325: [GC pause (young) (initial-mark)325.367: [SoftReference, 0 refs, 0.0000200 secs]325.367: [WeakReference, 0 refs, 0.0000020 secs]325.367: [FinalReference, 0 refs, 0.0000020 secs]325.367: [PhantomReference, 0 refs, 0.0000020 secs]325.368: [JNI Weak Reference, 0.0000030 secs], 0.0430000 secs]
   [Parallel Time: 42.6 ms, GC Workers: 8]
      [GC Worker Start (ms): Min: 325324.7, Avg: 325325.5, Max: 325327.2, Diff: 2.5]
      [Ext Root Scanning (ms): Min: 0.0, Avg: 0.6, Max: 1.8, Diff: 1.8, Sum: 5.0]
      [Update RS (ms): Min: 40.1, Avg: 41.0, Max: 41.5, Diff: 1.4, Sum: 327.7]
         [Processed Buffers: Min: 66, Avg: 94.9, Max: 131, Diff: 65, Sum: 759]
      [Scan RS (ms): Min: 0.0, Avg: 0.0, Max: 0.0, Diff: 0.0, Sum: 0.0]
      [Object Copy (ms): Min: 0.0, Avg: 0.2, Max: 0.4, Diff: 0.4, Sum: 1.4]
      [Termination (ms): Min: 0.0, Avg: 0.0, Max: 0.1, Diff: 0.1, Sum: 0.3]
      [GC Worker Other (ms): Min: 0.0, Avg: 0.0, Max: 0.0, Diff: 0.0, Sum: 0.2]
      [GC Worker Total (ms): Min: 40.1, Avg: 41.8, Max: 42.6, Diff: 2.5, Sum: 334.6]
      [GC Worker End (ms): Min: 325367.3, Avg: 325367.3, Max: 325367.3, Diff: 0.0]
   [Code Root Fixup: 0.0 ms]
   [Clear CT: 0.1 ms]
   [Other: 0.2 ms]
      [Choose CSet: 0.0 ms]
      [Ref Proc: 0.2 ms]
      [Ref Enq: 0.0 ms]
      [Free CSet: 0.0 ms]
   [Eden: 0.0B(25.0M)->0.0B(25.0M) Survivors: 0.0B->0.0B Heap: 511.1M(512.0M)->511.1M(512.0M)]
 [Times: user=0.29 sys=0.00, real=0.04 secs] 
325.368: [GC concurrent-root-region-scan-start]
325.368: [GC concurrent-root-region-scan-end, 0.0000040 secs]
325.368: [GC concurrent-mark-start]
325.368: [Full GC326.382: [SoftReference, 33 refs, 0.0000290 secs]326.382: [WeakReference, 171 refs, 0.0000160 secs]326.382: [FinalReference, 6 refs, 0.0000020 secs]326.382: [PhantomReference, 0 refs, 0.0000020 secs]326.382: [JNI Weak Reference, 0.0000030 secs] 511M->499M(512M), 1.9957590 secs]
   [Eden: 0.0B(25.0M)->0.0B(25.0M) Survivors: 0.0B->0.0B Heap: 511.1M(512.0M)->499.6M(512.0M)]
 [Times: user=3.28 sys=0.01, real=2.00 secs] 
327.364: [GC concurrent-mark-abort]
327.383: [GC pause (young)327.431: [SoftReference, 0 refs, 0.0000220 secs]327.431: [WeakReference, 0 refs, 0.0000020 secs]327.431: [FinalReference, 0 refs, 0.0000020 secs]327.431: [PhantomReference, 0 refs, 0.0000030 secs]327.431: [JNI Weak Reference, 0.0000030 secs] (to-space exhausted), 0.0552920 secs]
   [Parallel Time: 47.9 ms, GC Workers: 8]
      [GC Worker Start (ms): Min: 327383.3, Avg: 327383.4, Max: 327383.5, Diff: 0.2]
      [Ext Root Scanning (ms): Min: 0.1, Avg: 0.6, Max: 0.9, Diff: 0.8, Sum: 4.8]
      [Update RS (ms): Min: 19.8, Avg: 21.0, Max: 22.0, Diff: 2.3, Sum: 167.7]
         [Processed Buffers: Min: 11, Avg: 12.5, Max: 16, Diff: 5, Sum: 100]
      [Scan RS (ms): Min: 1.1, Avg: 1.9, Max: 2.4, Diff: 1.3, Sum: 15.1]
      [Object Copy (ms): Min: 23.8, Avg: 24.2, Max: 25.4, Diff: 1.6, Sum: 193.9]
      [Termination (ms): Min: 0.0, Avg: 0.1, Max: 0.1, Diff: 0.1, Sum: 0.6]
      [GC Worker Other (ms): Min: 0.0, Avg: 0.0, Max: 0.0, Diff: 0.0, Sum: 0.1]
      [GC Worker Total (ms): Min: 47.7, Avg: 47.8, Max: 47.8, Diff: 0.2, Sum: 382.1]
      [GC Worker End (ms): Min: 327431.1, Avg: 327431.1, Max: 327431.2, Diff: 0.0]
   [Code Root Fixup: 0.0 ms]
   [Clear CT: 0.1 ms]
   [Other: 7.3 ms]
      [Choose CSet: 0.0 ms]
      [Ref Proc: 0.2 ms]
      [Ref Enq: 0.0 ms]
      [Free CSet: 0.1 ms]
   [Eden: 12.0M(25.0M)->0.0B(25.0M) Survivors: 0.0B->0.0B Heap: 511.6M(512.0M)->511.6M(512.0M)]
 [Times: user=0.26 sys=0.03, real=0.05 secs] 
327.439: [GC pause (young) (initial-mark)327.472: [SoftReference, 0 refs, 0.0000180 secs]327.472: [WeakReference, 0 refs, 0.0000030 secs]327.472: [FinalReference, 0 refs, 0.0000030 secs]327.472: [PhantomReference, 0 refs, 0.0000030 secs]327.472: [JNI Weak Reference, 0.0000030 secs], 0.0332930 secs]
   [Parallel Time: 33.0 ms, GC Workers: 8]
      [GC Worker Start (ms): Min: 327438.6, Avg: 327439.0, Max: 327440.3, Diff: 1.6]
      [Ext Root Scanning (ms): Min: 0.0, Avg: 0.5, Max: 0.8, Diff: 0.8, Sum: 4.2]
      [Update RS (ms): Min: 31.2, Avg: 31.8, Max: 32.0, Diff: 0.8, Sum: 254.0]
         [Processed Buffers: Min: 57, Avg: 75.6, Max: 92, Diff: 35, Sum: 605]
      [Scan RS (ms): Min: 0.0, Avg: 0.0, Max: 0.0, Diff: 0.0, Sum: 0.0]
      [Object Copy (ms): Min: 0.0, Avg: 0.2, Max: 0.3, Diff: 0.3, Sum: 1.4]
      [Termination (ms): Min: 0.0, Avg: 0.1, Max: 0.1, Diff: 0.1, Sum: 0.7]
      [GC Worker Other (ms): Min: 0.0, Avg: 0.0, Max: 0.0, Diff: 0.0, Sum: 0.1]
      [GC Worker Total (ms): Min: 31.3, Avg: 32.5, Max: 32.9, Diff: 1.6, Sum: 260.4]
      [GC Worker End (ms): Min: 327471.5, Avg: 327471.6, Max: 327471.6, Diff: 0.0]
   [Code Root Fixup: 0.0 ms]
   [Clear CT: 0.1 ms]
   [Other: 0.2 ms]
      [Choose CSet: 0.0 ms]
      [Ref Proc: 0.2 ms]
      [Ref Enq: 0.0 ms]
      [Free CSet: 0.0 ms]
   [Eden: 0.0B(25.0M)->0.0B(25.0M) Survivors: 0.0B->0.0B Heap: 511.6M(512.0M)->511.6M(512.0M)]
 [Times: user=0.25 sys=0.00, real=0.04 secs] 
327.472: [GC concurrent-root-region-scan-start]
327.472: [GC concurrent-root-region-scan-end, 0.0000050 secs]
327.472: [GC concurrent-mark-start]
327.472: [Full GC328.508: [SoftReference, 30 refs, 0.0000300 secs]328.508: [WeakReference, 170 refs, 0.0000170 secs]328.508: [FinalReference, 7 refs, 0.0000030 secs]328.508: [PhantomReference, 0 refs, 0.0000030 secs]328.508: [JNI Weak Reference, 0.0000030 secs] 511M->501M(512M), 2.0116340 secs]
   [Eden: 0.0B(25.0M)->0.0B(25.0M) Survivors: 0.0B->0.0B Heap: 511.6M(512.0M)->501.7M(512.0M)]
 [Times: user=3.30 sys=0.01, real=2.01 secs] 
329.484: [GC concurrent-mark-abort]
329.500: [GC pause (young)329.545: [SoftReference, 0 refs, 0.0000230 secs]329.545: [WeakReference, 0 refs, 0.0000020 secs]329.545: [FinalReference, 0 refs, 0.0000020 secs]329.545: [PhantomReference, 0 refs, 0.0000020 secs]329.545: [JNI Weak Reference, 0.0000030 secs] (to-space exhausted), 0.0505170 secs]
   [Parallel Time: 44.4 ms, GC Workers: 8]
      [GC Worker Start (ms): Min: 329500.3, Avg: 329500.4, Max: 329500.5, Diff: 0.2]
      [Ext Root Scanning (ms): Min: 0.1, Avg: 0.6, Max: 0.9, Diff: 0.7, Sum: 4.8]
      [Update RS (ms): Min: 15.9, Avg: 16.9, Max: 17.8, Diff: 1.9, Sum: 135.2]
         [Processed Buffers: Min: 10, Avg: 10.6, Max: 12, Diff: 2, Sum: 85]
      [Scan RS (ms): Min: 0.9, Avg: 1.5, Max: 2.0, Diff: 1.1, Sum: 11.8]
      [Object Copy (ms): Min: 24.8, Avg: 25.2, Max: 26.5, Diff: 1.7, Sum: 201.8]
      [Termination (ms): Min: 0.0, Avg: 0.1, Max: 0.1, Diff: 0.1, Sum: 0.5]
      [GC Worker Other (ms): Min: 0.0, Avg: 0.0, Max: 0.0, Diff: 0.0, Sum: 0.1]
      [GC Worker Total (ms): Min: 44.2, Avg: 44.3, Max: 44.4, Diff: 0.2, Sum: 354.1]
      [GC Worker End (ms): Min: 329544.7, Avg: 329544.7, Max: 329544.7, Diff: 0.0]
   [Code Root Fixup: 0.0 ms]
   [Clear CT: 0.1 ms]
   [Other: 6.0 ms]
      [Choose CSet: 0.0 ms]
      [Ref Proc: 0.2 ms]
      [Ref Enq: 0.0 ms]
      [Free CSet: 0.1 ms]
   [Eden: 10.0M(25.0M)->0.0B(25.0M) Survivors: 0.0B->0.0B Heap: 511.7M(512.0M)->511.7M(512.0M)]
 [Times: user=0.21 sys=0.04, real=0.06 secs] 
329.551: [GC pause (young) (initial-mark)329.578: [SoftReference, 0 refs, 0.0000160 secs]329.578: [WeakReference, 0 refs, 0.0000110 secs]329.578: [FinalReference, 0 refs, 0.0000020 secs]329.578: [PhantomReference, 0 refs, 0.0000020 secs]329.578: [JNI Weak Reference, 0.0000020 secs], 0.0273350 secs]
   [Parallel Time: 26.9 ms, GC Workers: 8]
      [GC Worker Start (ms): Min: 329550.9, Avg: 329551.4, Max: 329553.3, Diff: 2.4]
      [Ext Root Scanning (ms): Min: 0.0, Avg: 0.5, Max: 0.8, Diff: 0.8, Sum: 3.9]
      [Update RS (ms): Min: 23.9, Avg: 25.3, Max: 25.9, Diff: 2.0, Sum: 202.6]
         [Processed Buffers: Min: 54, Avg: 65.8, Max: 93, Diff: 39, Sum: 526]
      [Scan RS (ms): Min: 0.0, Avg: 0.0, Max: 0.0, Diff: 0.0, Sum: 0.0]
      [Object Copy (ms): Min: 0.0, Avg: 0.2, Max: 0.3, Diff: 0.3, Sum: 1.2]
      [Termination (ms): Min: 0.0, Avg: 0.4, Max: 0.5, Diff: 0.5, Sum: 2.9]
      [GC Worker Other (ms): Min: 0.0, Avg: 0.0, Max: 0.0, Diff: 0.0, Sum: 0.2]
      [GC Worker Total (ms): Min: 24.4, Avg: 26.3, Max: 26.9, Diff: 2.5, Sum: 210.8]
      [GC Worker End (ms): Min: 329577.7, Avg: 329577.7, Max: 329577.8, Diff: 0.0]
   [Code Root Fixup: 0.0 ms]
   [Clear CT: 0.1 ms]
   [Other: 0.3 ms]
      [Choose CSet: 0.0 ms]
      [Ref Proc: 0.2 ms]
      [Ref Enq: 0.0 ms]
      [Free CSet: 0.0 ms]
   [Eden: 0.0B(25.0M)->0.0B(25.0M) Survivors: 0.0B->0.0B Heap: 511.7M(512.0M)->511.7M(512.0M)]
 [Times: user=0.20 sys=0.00, real=0.02 secs] 
329.578: [GC concurrent-root-region-scan-start]
329.578: [GC concurrent-root-region-scan-end, 0.0000140 secs]
329.578: [GC concurrent-mark-start]
329.578: [Full GC330.625: [SoftReference, 28 refs, 0.0000290 secs]330.625: [WeakReference, 170 refs, 0.0000160 secs]330.625: [FinalReference, 7 refs, 0.0000030 secs]330.625: [PhantomReference, 0 refs, 0.0000020 secs]330.625: [JNI Weak Reference, 0.0000020 secs] 511M->503M(512M), 2.0294340 secs]
   [Eden: 0.0B(25.0M)->0.0B(25.0M) Survivors: 0.0B->0.0B Heap: 511.7M(512.0M)->503.3M(512.0M)]
 [Times: user=3.33 sys=0.01, real=2.03 secs] 
331.608: [GC concurrent-mark-abort]
331.613: [GC pause (young)331.628: [SoftReference, 0 refs, 0.0000320 secs]331.628: [WeakReference, 0 refs, 0.0000030 secs]331.628: [FinalReference, 0 refs, 0.0000020 secs]331.628: [PhantomReference, 0 refs, 0.0000020 secs]331.628: [JNI Weak Reference, 0.0000020 secs] (to-space exhausted), 0.0164840 secs]
   [Parallel Time: 14.1 ms, GC Workers: 8]
      [GC Worker Start (ms): Min: 331613.5, Avg: 331614.6, Max: 331619.7, Diff: 6.3]
      [Ext Root Scanning (ms): Min: 0.0, Avg: 0.8, Max: 1.4, Diff: 1.3, Sum: 6.4]
      [Update RS (ms): Min: 0.0, Avg: 4.6, Max: 6.0, Diff: 5.9, Sum: 37.2]
         [Processed Buffers: Min: 3, Avg: 3.5, Max: 5, Diff: 2, Sum: 28]
      [Scan RS (ms): Min: 0.0, Avg: 0.1, Max: 0.4, Diff: 0.4, Sum: 1.0]
      [Object Copy (ms): Min: 6.8, Avg: 7.3, Max: 7.5, Diff: 0.7, Sum: 58.2]
      [Termination (ms): Min: 0.0, Avg: 0.1, Max: 0.1, Diff: 0.1, Sum: 0.5]
      [GC Worker Other (ms): Min: 0.0, Avg: 0.0, Max: 0.0, Diff: 0.0, Sum: 0.1]
      [GC Worker Total (ms): Min: 7.8, Avg: 12.9, Max: 14.1, Diff: 6.3, Sum: 103.3]
      [GC Worker End (ms): Min: 331627.5, Avg: 331627.5, Max: 331627.6, Diff: 0.0]
   [Code Root Fixup: 0.0 ms]
   [Clear CT: 0.1 ms]
   [Other: 2.3 ms]
      [Choose CSet: 0.0 ms]
      [Ref Proc: 0.1 ms]
      [Ref Enq: 0.0 ms]
      [Free CSet: 0.0 ms]
   [Eden: 8192.0K(25.0M)->0.0B(25.0M) Survivors: 0.0B->0.0B Heap: 511.3M(512.0M)->511.3M(512.0M)]
 [Times: user=0.06 sys=0.01, real=0.01 secs] 
331.630: [GC pause (young) (initial-mark)331.637: [SoftReference, 0 refs, 0.0000470 secs]331.637: [WeakReference, 0 refs, 0.0000030 secs]331.637: [FinalReference, 0 refs, 0.0000030 secs]331.637: [PhantomReference, 0 refs, 0.0000020 secs]331.637: [JNI Weak Reference, 0.0000110 secs], 0.0071160 secs]
   [Parallel Time: 6.7 ms, GC Workers: 8]
      [GC Worker Start (ms): Min: 331629.9, Avg: 331630.2, Max: 331631.0, Diff: 1.1]
      [Ext Root Scanning (ms): Min: 0.0, Avg: 0.6, Max: 0.9, Diff: 0.9, Sum: 4.5]
      [Update RS (ms): Min: 5.2, Avg: 5.4, Max: 5.6, Diff: 0.4, Sum: 43.0]
         [Processed Buffers: Min: 11, Avg: 17.4, Max: 24, Diff: 13, Sum: 139]
      [Scan RS (ms): Min: 0.0, Avg: 0.0, Max: 0.0, Diff: 0.0, Sum: 0.0]
      [Object Copy (ms): Min: 0.0, Avg: 0.2, Max: 0.4, Diff: 0.4, Sum: 1.4]
      [Termination (ms): Min: 0.0, Avg: 0.1, Max: 0.3, Diff: 0.3, Sum: 1.1]
      [GC Worker Other (ms): Min: 0.0, Avg: 0.0, Max: 0.1, Diff: 0.0, Sum: 0.3]
      [GC Worker Total (ms): Min: 5.5, Avg: 6.3, Max: 6.6, Diff: 1.2, Sum: 50.3]
      [GC Worker End (ms): Min: 331636.5, Avg: 331636.5, Max: 331636.6, Diff: 0.0]
   [Code Root Fixup: 0.0 ms]
   [Clear CT: 0.1 ms]
   [Other: 0.3 ms]
      [Choose CSet: 0.0 ms]
      [Ref Proc: 0.2 ms]
      [Ref Enq: 0.0 ms]
      [Free CSet: 0.0 ms]
   [Eden: 0.0B(25.0M)->0.0B(25.0M) Survivors: 0.0B->0.0B Heap: 511.3M(512.0M)->511.3M(512.0M)]
 [Times: user=0.05 sys=0.00, real=0.01 secs] 
331.637: [GC concurrent-root-region-scan-start]
331.637: [GC concurrent-root-region-scan-end, 0.0000040 secs]
331.637: [GC concurrent-mark-start]
331.637: [Full GC332.675: [SoftReference, 28 refs, 0.0000300 secs]332.675: [WeakReference, 169 refs, 0.0000160 secs]332.675: [FinalReference, 6 refs, 0.0000030 secs]332.675: [PhantomReference, 0 refs, 0.0000030 secs]332.675: [JNI Weak Reference, 0.0000030 secs] 511M->503M(512M), 2.0278870 secs]
   [Eden: 0.0B(25.0M)->0.0B(25.0M) Survivors: 0.0B->0.0B Heap: 511.3M(512.0M)->503.6M(512.0M)]
 [Times: user=3.32 sys=0.01, real=2.03 secs] 
333.665: [GC concurrent-mark-abort]
333.666: [Full GC334.623: [SoftReference, 20 refs, 0.0000260 secs]334.623: [WeakReference, 169 refs, 0.0000160 secs]334.623: [FinalReference, 5 refs, 0.0000030 secs]334.623: [PhantomReference, 0 refs, 0.0000030 secs]334.623: [JNI Weak Reference, 0.0000030 secs] 505M->503M(512M), 1.8935340 secs]
   [Eden: 2048.0K(25.0M)->0.0B(25.0M) Survivors: 0.0B->0.0B Heap: 505.2M(512.0M)->503.4M(512.0M)]
 [Times: user=3.19 sys=0.01, real=1.89 secs] 
335.565: [Full GC336.525: [SoftReference, 20 refs, 0.0000280 secs]336.525: [WeakReference, 170 refs, 0.0000160 secs]336.525: [FinalReference, 5 refs, 0.0000030 secs]336.525: [PhantomReference, 0 refs, 0.0000020 secs]336.525: [JNI Weak Reference, 0.0000020 secs] 508M->503M(512M), 1.9699490 secs]
   [Eden: 5120.0K(25.0M)->0.0B(25.0M) Survivors: 0.0B->0.0B Heap: 508.3M(512.0M)->503.3M(512.0M)]
 [Times: user=3.26 sys=0.01, real=1.97 secs] 
337.560: [GC pause (young)337.580: [SoftReference, 0 refs, 0.0000220 secs]337.580: [WeakReference, 0 refs, 0.0000030 secs]337.580: [FinalReference, 0 refs, 0.0000020 secs]337.580: [PhantomReference, 0 refs, 0.0000020 secs]337.580: [JNI Weak Reference, 0.0000030 secs] (to-space exhausted), 0.0242000 secs]
   [Parallel Time: 20.0 ms, GC Workers: 8]
      [GC Worker Start (ms): Min: 337559.9, Avg: 337560.0, Max: 337560.2, Diff: 0.3]
      [Ext Root Scanning (ms): Min: 0.5, Avg: 0.7, Max: 0.8, Diff: 0.2, Sum: 5.3]
      [Update RS (ms): Min: 2.6, Avg: 2.9, Max: 3.1, Diff: 0.5, Sum: 23.1]
         [Processed Buffers: Min: 1, Avg: 2.2, Max: 4, Diff: 3, Sum: 18]
      [Scan RS (ms): Min: 1.7, Avg: 2.0, Max: 2.2, Diff: 0.5, Sum: 15.6]
      [Object Copy (ms): Min: 14.2, Avg: 14.3, Max: 14.3, Diff: 0.1, Sum: 114.2]
      [Termination (ms): Min: 0.0, Avg: 0.1, Max: 0.1, Diff: 0.1, Sum: 0.5]
      [GC Worker Other (ms): Min: 0.0, Avg: 0.0, Max: 0.0, Diff: 0.0, Sum: 0.3]
      [GC Worker Total (ms): Min: 19.7, Avg: 19.9, Max: 20.0, Diff: 0.3, Sum: 159.0]
      [GC Worker End (ms): Min: 337579.9, Avg: 337579.9, Max: 337579.9, Diff: 0.0]
   [Code Root Fixup: 0.0 ms]
   [Clear CT: 0.1 ms]
   [Other: 4.1 ms]
      [Choose CSet: 0.0 ms]
      [Ref Proc: 0.2 ms]
      [Ref Enq: 0.0 ms]
      [Free CSet: 0.1 ms]
   [Eden: 8192.0K(25.0M)->0.0B(25.0M) Survivors: 0.0B->0.0B Heap: 511.3M(512.0M)->511.3M(512.0M)]
 [Times: user=0.08 sys=0.01, real=0.03 secs] 
337.584: [Full GC338.593: [SoftReference, 30 refs, 0.0000410 secs]338.593: [WeakReference, 170 refs, 0.0000210 secs]338.593: [FinalReference, 5 refs, 0.0000120 secs]338.593: [PhantomReference, 0 refs, 0.0000020 secs]338.593: [JNI Weak Reference, 0.0000030 secs] 511M->503M(512M), 1.9979700 secs]
   [Eden: 0.0B(25.0M)->0.0B(25.0M) Survivors: 0.0B->0.0B Heap: 511.3M(512.0M)->503.8M(512.0M)]
 [Times: user=3.29 sys=0.01, real=2.00 secs] 
339.583: [Full GC340.518: [SoftReference, 20 refs, 0.0000210 secs]340.518: [WeakReference, 169 refs, 0.0000160 secs]340.518: [FinalReference, 4 refs, 0.0000030 secs]340.518: [PhantomReference, 0 refs, 0.0000020 secs]340.518: [JNI Weak Reference, 0.0000030 secs] 506M->503M(512M), 1.8089850 secs]
   [Eden: 3072.0K(25.0M)->0.0B(25.0M) Survivors: 0.0B->0.0B Heap: 506.6M(512.0M)->503.8M(512.0M)]
 [Times: user=3.11 sys=0.01, real=1.81 secs] 
341.408: [GC pause (young)341.434: [SoftReference, 0 refs, 0.0000240 secs]341.434: [WeakReference, 0 refs, 0.0000030 secs]341.434: [FinalReference, 0 refs, 0.0000030 secs]341.434: [PhantomReference, 0 refs, 0.0000020 secs]341.434: [JNI Weak Reference, 0.0000030 secs] (to-space exhausted), 0.0296110 secs]
   [Parallel Time: 25.4 ms, GC Workers: 8]
      [GC Worker Start (ms): Min: 341408.7, Avg: 341408.9, Max: 341409.0, Diff: 0.3]
      [Ext Root Scanning (ms): Min: 0.1, Avg: 0.6, Max: 0.9, Diff: 0.8, Sum: 4.7]
      [Update RS (ms): Min: 8.5, Avg: 10.7, Max: 11.6, Diff: 3.1, Sum: 85.7]
         [Processed Buffers: Min: 4, Avg: 6.9, Max: 9, Diff: 5, Sum: 55]
      [Scan RS (ms): Min: 0.8, Avg: 1.3, Max: 1.7, Diff: 1.0, Sum: 10.6]
      [Object Copy (ms): Min: 11.9, Avg: 12.6, Max: 15.2, Diff: 3.3, Sum: 100.7]
      [Termination (ms): Min: 0.0, Avg: 0.1, Max: 0.1, Diff: 0.1, Sum: 0.5]
      [GC Worker Other (ms): Min: 0.0, Avg: 0.0, Max: 0.0, Diff: 0.0, Sum: 0.1]
      [GC Worker Total (ms): Min: 25.1, Avg: 25.3, Max: 25.4, Diff: 0.3, Sum: 202.3]
      [GC Worker End (ms): Min: 341434.1, Avg: 341434.1, Max: 341434.1, Diff: 0.0]
   [Code Root Fixup: 0.0 ms]
   [Clear CT: 0.1 ms]
   [Other: 4.1 ms]
      [Choose CSet: 0.0 ms]
      [Ref Proc: 0.2 ms]
      [Ref Enq: 0.0 ms]
      [Free CSet: 0.1 ms]
   [Eden: 7168.0K(25.0M)->0.0B(25.0M) Survivors: 0.0B->0.0B Heap: 510.8M(512.0M)->510.8M(512.0M)]
 [Times: user=0.14 sys=0.02, real=0.03 secs] 
341.438: [GC pause (young) (initial-mark)341.459: [SoftReference, 0 refs, 0.0000260 secs]341.459: [WeakReference, 0 refs, 0.0000030 secs]341.459: [FinalReference, 0 refs, 0.0000120 secs]341.459: [PhantomReference, 0 refs, 0.0000020 secs]341.459: [JNI Weak Reference, 0.0000030 secs], 0.0204880 secs]
   [Parallel Time: 20.1 ms, GC Workers: 8]
      [GC Worker Start (ms): Min: 341438.4, Avg: 341438.5, Max: 341439.1, Diff: 0.7]
      [Ext Root Scanning (ms): Min: 0.0, Avg: 0.6, Max: 0.8, Diff: 0.8, Sum: 4.6]
      [Update RS (ms): Min: 18.9, Avg: 19.1, Max: 19.3, Diff: 0.4, Sum: 152.4]
         [Processed Buffers: Min: 36, Avg: 44.8, Max: 53, Diff: 17, Sum: 358]
      [Scan RS (ms): Min: 0.0, Avg: 0.0, Max: 0.0, Diff: 0.0, Sum: 0.0]
      [Object Copy (ms): Min: 0.0, Avg: 0.2, Max: 0.3, Diff: 0.3, Sum: 1.4]
      [Termination (ms): Min: 0.0, Avg: 0.1, Max: 0.2, Diff: 0.2, Sum: 0.9]
      [GC Worker Other (ms): Min: 0.0, Avg: 0.0, Max: 0.0, Diff: 0.0, Sum: 0.3]
      [GC Worker Total (ms): Min: 19.3, Avg: 20.0, Max: 20.1, Diff: 0.8, Sum: 159.7]
      [GC Worker End (ms): Min: 341458.4, Avg: 341458.4, Max: 341458.4, Diff: 0.0]
   [Code Root Fixup: 0.0 ms]
   [Clear CT: 0.1 ms]
   [Other: 0.3 ms]
      [Choose CSet: 0.0 ms]
      [Ref Proc: 0.2 ms]
      [Ref Enq: 0.0 ms]
      [Free CSet: 0.0 ms]
   [Eden: 0.0B(25.0M)->0.0B(25.0M) Survivors: 0.0B->0.0B Heap: 510.8M(512.0M)->510.8M(512.0M)]
 [Times: user=0.15 sys=0.00, real=0.02 secs] 
341.459: [GC concurrent-root-region-scan-start]
341.459: [GC concurrent-root-region-scan-end, 0.0000140 secs]
341.459: [GC concurrent-mark-start]
341.459: [Full GC342.485: [SoftReference, 24 refs, 0.0000280 secs]342.485: [WeakReference, 171 refs, 0.0000170 secs]342.485: [FinalReference, 7 refs, 0.0000040 secs]342.485: [PhantomReference, 0 refs, 0.0000020 secs]342.485: [JNI Weak Reference, 0.0000030 secs] 510M->505M(512M), 2.0220430 secs]
   [Eden: 0.0B(25.0M)->0.0B(25.0M) Survivors: 0.0B->0.0B Heap: 510.8M(512.0M)->505.1M(512.0M)]
 [Times: user=3.33 sys=0.01, real=2.03 secs] 
343.481: [GC concurrent-mark-abort]
343.494: [GC pause (young)343.522: [SoftReference, 0 refs, 0.0000200 secs]343.522: [WeakReference, 0 refs, 0.0000030 secs]343.522: [FinalReference, 0 refs, 0.0000020 secs]343.522: [PhantomReference, 0 refs, 0.0000020 secs]343.522: [JNI Weak Reference, 0.0000030 secs] (to-space exhausted), 0.0315640 secs]
   [Parallel Time: 27.7 ms, GC Workers: 8]
      [GC Worker Start (ms): Min: 343494.2, Avg: 343494.3, Max: 343494.9, Diff: 0.7]
      [Ext Root Scanning (ms): Min: 0.0, Avg: 0.6, Max: 0.7, Diff: 0.7, Sum: 4.8]
      [Update RS (ms): Min: 10.7, Avg: 11.2, Max: 11.8, Diff: 1.1, Sum: 89.8]
         [Processed Buffers: Min: 5, Avg: 6.8, Max: 10, Diff: 5, Sum: 54]
      [Scan RS (ms): Min: 0.6, Avg: 1.1, Max: 1.7, Diff: 1.1, Sum: 9.0]
      [Object Copy (ms): Min: 14.4, Avg: 14.5, Max: 14.7, Diff: 0.3, Sum: 116.4]
      [Termination (ms): Min: 0.0, Avg: 0.0, Max: 0.0, Diff: 0.0, Sum: 0.1]
      [GC Worker Other (ms): Min: 0.0, Avg: 0.0, Max: 0.0, Diff: 0.0, Sum: 0.2]
      [GC Worker Total (ms): Min: 26.9, Avg: 27.5, Max: 27.7, Diff: 0.8, Sum: 220.4]
      [GC Worker End (ms): Min: 343521.8, Avg: 343521.9, Max: 343521.9, Diff: 0.0]
   [Code Root Fixup: 0.0 ms]
   [Clear CT: 0.1 ms]
   [Other: 3.7 ms]
      [Choose CSet: 0.0 ms]
      [Ref Proc: 0.1 ms]
      [Ref Enq: 0.0 ms]
      [Free CSet: 0.1 ms]
   [Eden: 6144.0K(25.0M)->0.0B(25.0M) Survivors: 0.0B->0.0B Heap: 511.1M(512.0M)->511.1M(512.0M)]
 [Times: user=0.14 sys=0.02, real=0.03 secs] 
343.526: [GC pause (young) (initial-mark)343.545: [SoftReference, 0 refs, 0.0000210 secs]343.545: [WeakReference, 0 refs, 0.0000030 secs]343.545: [FinalReference, 0 refs, 0.0000030 secs]343.545: [PhantomReference, 0 refs, 0.0000020 secs]343.545: [JNI Weak Reference, 0.0000020 secs], 0.0198640 secs]
   [Parallel Time: 19.5 ms, GC Workers: 8]
      [GC Worker Start (ms): Min: 343525.7, Avg: 343526.1, Max: 343526.9, Diff: 1.2]
      [Ext Root Scanning (ms): Min: 0.0, Avg: 0.5, Max: 0.8, Diff: 0.8, Sum: 3.7]
      [Update RS (ms): Min: 18.0, Avg: 18.1, Max: 18.3, Diff: 0.3, Sum: 145.2]
         [Processed Buffers: Min: 25, Avg: 42.6, Max: 55, Diff: 30, Sum: 341]
      [Scan RS (ms): Min: 0.0, Avg: 0.0, Max: 0.0, Diff: 0.0, Sum: 0.0]
      [Object Copy (ms): Min: 0.0, Avg: 0.1, Max: 0.3, Diff: 0.3, Sum: 1.2]
      [Termination (ms): Min: 0.0, Avg: 0.2, Max: 0.2, Diff: 0.2, Sum: 1.6]
      [GC Worker Other (ms): Min: 0.0, Avg: 0.0, Max: 0.0, Diff: 0.0, Sum: 0.1]
      [GC Worker Total (ms): Min: 18.2, Avg: 19.0, Max: 19.4, Diff: 1.2, Sum: 151.8]
      [GC Worker End (ms): Min: 343545.1, Avg: 343545.1, Max: 343545.1, Diff: 0.0]
   [Code Root Fixup: 0.0 ms]
   [Clear CT: 0.2 ms]
   [Other: 0.2 ms]
      [Choose CSet: 0.0 ms]
      [Ref Proc: 0.2 ms]
      [Ref Enq: 0.0 ms]
      [Free CSet: 0.0 ms]
   [Eden: 0.0B(25.0M)->0.0B(25.0M) Survivors: 0.0B->0.0B Heap: 511.1M(512.0M)->511.1M(512.0M)]
 [Times: user=0.13 sys=0.00, real=0.02 secs] 
343.546: [GC concurrent-root-region-scan-start]
343.546: [GC concurrent-root-region-scan-end, 0.0000140 secs]
343.546: [GC concurrent-mark-start]
343.546: [Full GC344.583: [SoftReference, 32 refs, 0.0000280 secs]344.583: [WeakReference, 171 refs, 0.0000170 secs]344.583: [FinalReference, 6 refs, 0.0000030 secs]344.583: [PhantomReference, 0 refs, 0.0000020 secs]344.583: [JNI Weak Reference, 0.0000020 secs] 511M->506M(512M), 2.0305960 secs]
   [Eden: 0.0B(25.0M)->0.0B(25.0M) Survivors: 0.0B->0.0B Heap: 511.1M(512.0M)->506.1M(512.0M)]
 [Times: user=3.33 sys=0.01, real=2.03 secs] 
345.576: [GC concurrent-mark-abort]
345.583: [GC pause (young)345.608: [SoftReference, 0 refs, 0.0000260 secs]345.608: [WeakReference, 0 refs, 0.0000030 secs]345.608: [FinalReference, 0 refs, 0.0000030 secs]345.608: [PhantomReference, 0 refs, 0.0000030 secs]345.608: [JNI Weak Reference, 0.0000030 secs] (to-space exhausted), 0.0284790 secs]
   [Parallel Time: 24.7 ms, GC Workers: 8]
      [GC Worker Start (ms): Min: 345583.4, Avg: 345583.5, Max: 345583.6, Diff: 0.2]
      [Ext Root Scanning (ms): Min: 0.2, Avg: 0.6, Max: 0.9, Diff: 0.7, Sum: 5.0]
      [Update RS (ms): Min: 11.6, Avg: 12.4, Max: 13.5, Diff: 1.9, Sum: 99.5]
         [Processed Buffers: Min: 6, Avg: 7.6, Max: 10, Diff: 4, Sum: 61]
      [Scan RS (ms): Min: 0.0, Avg: 0.2, Max: 0.5, Diff: 0.5, Sum: 1.9]
      [Object Copy (ms): Min: 10.8, Avg: 11.2, Max: 12.8, Diff: 1.9, Sum: 89.5]
      [Termination (ms): Min: 0.0, Avg: 0.1, Max: 0.1, Diff: 0.1, Sum: 0.5]
      [GC Worker Other (ms): Min: 0.0, Avg: 0.0, Max: 0.0, Diff: 0.0, Sum: 0.2]
      [GC Worker Total (ms): Min: 24.4, Avg: 24.6, Max: 24.6, Diff: 0.2, Sum: 196.5]
      [GC Worker End (ms): Min: 345608.0, Avg: 345608.0, Max: 345608.0, Diff: 0.0]
   [Code Root Fixup: 0.0 ms]
   [Clear CT: 0.1 ms]
   [Other: 3.7 ms]
      [Choose CSet: 0.0 ms]
      [Ref Proc: 0.2 ms]
      [Ref Enq: 0.0 ms]
      [Free CSet: 0.0 ms]
   [Eden: 5120.0K(25.0M)->0.0B(25.0M) Survivors: 0.0B->0.0B Heap: 511.1M(512.0M)->511.1M(512.0M)]
 [Times: user=0.14 sys=0.01, real=0.03 secs] 
345.612: [GC pause (young) (initial-mark)345.628: [SoftReference, 0 refs, 0.0000280 secs]345.628: [WeakReference, 0 refs, 0.0000020 secs]345.628: [FinalReference, 0 refs, 0.0000020 secs]345.628: [PhantomReference, 0 refs, 0.0000020 secs]345.628: [JNI Weak Reference, 0.0000120 secs], 0.0164400 secs]
   [Parallel Time: 15.9 ms, GC Workers: 8]
      [GC Worker Start (ms): Min: 345611.9, Avg: 345612.2, Max: 345614.2, Diff: 2.3]
      [Ext Root Scanning (ms): Min: 0.0, Avg: 0.6, Max: 0.8, Diff: 0.8, Sum: 4.5]
      [Update RS (ms): Min: 13.5, Avg: 14.7, Max: 15.1, Diff: 1.5, Sum: 118.0]
         [Processed Buffers: Min: 24, Avg: 33.9, Max: 43, Diff: 19, Sum: 271]
      [Scan RS (ms): Min: 0.0, Avg: 0.0, Max: 0.0, Diff: 0.0, Sum: 0.0]
      [Object Copy (ms): Min: 0.0, Avg: 0.2, Max: 0.3, Diff: 0.3, Sum: 1.4]
      [Termination (ms): Min: 0.0, Avg: 0.0, Max: 0.0, Diff: 0.0, Sum: 0.1]
      [GC Worker Other (ms): Min: 0.0, Avg: 0.0, Max: 0.0, Diff: 0.0, Sum: 0.1]
      [GC Worker Total (ms): Min: 13.5, Avg: 15.5, Max: 15.8, Diff: 2.3, Sum: 124.2]
      [GC Worker End (ms): Min: 345627.7, Avg: 345627.7, Max: 345627.8, Diff: 0.0]
   [Code Root Fixup: 0.0 ms]
   [Clear CT: 0.3 ms]
   [Other: 0.3 ms]
      [Choose CSet: 0.0 ms]
      [Ref Proc: 0.2 ms]
      [Ref Enq: 0.0 ms]
      [Free CSet: 0.0 ms]
   [Eden: 0.0B(25.0M)->0.0B(25.0M) Survivors: 0.0B->0.0B Heap: 511.1M(512.0M)->511.1M(512.0M)]
 [Times: user=0.12 sys=0.00, real=0.01 secs] 
345.628: [GC concurrent-root-region-scan-start]
345.628: [GC concurrent-root-region-scan-end, 0.0000150 secs]
345.628: [GC concurrent-mark-start]
345.628: [GC pause (young)345.629: [SoftReference, 0 refs, 0.0000150 secs]345.630: [WeakReference, 0 refs, 0.0000030 secs]345.630: [FinalReference, 0 refs, 0.0000020 secs]345.630: [PhantomReference, 0 refs, 0.0000020 secs]345.630: [JNI Weak Reference, 0.0000030 secs], 0.0011370 secs]
   [Parallel Time: 0.9 ms, GC Workers: 8]
      [GC Worker Start (ms): Min: 345628.5, Avg: 345628.7, Max: 345629.2, Diff: 0.7]
      [Ext Root Scanning (ms): Min: 0.0, Avg: 0.5, Max: 0.7, Diff: 0.7, Sum: 4.1]
      [SATB Filtering (ms): Min: 0.0, Avg: 0.0, Max: 0.0, Diff: 0.0, Sum: 0.0]
      [Update RS (ms): Min: 0.0, Avg: 0.0, Max: 0.0, Diff: 0.0, Sum: 0.0]
         [Processed Buffers: Min: 0, Avg: 0.1, Max: 1, Diff: 1, Sum: 1]
      [Scan RS (ms): Min: 0.0, Avg: 0.0, Max: 0.0, Diff: 0.0, Sum: 0.0]
      [Object Copy (ms): Min: 0.0, Avg: 0.0, Max: 0.1, Diff: 0.1, Sum: 0.3]
      [Termination (ms): Min: 0.0, Avg: 0.1, Max: 0.2, Diff: 0.2, Sum: 1.1]
      [GC Worker Other (ms): Min: 0.0, Avg: 0.0, Max: 0.0, Diff: 0.0, Sum: 0.0]
      [GC Worker Total (ms): Min: 0.1, Avg: 0.7, Max: 0.8, Diff: 0.7, Sum: 5.5]
      [GC Worker End (ms): Min: 345629.3, Avg: 345629.4, Max: 345629.4, Diff: 0.0]
   [Code Root Fixup: 0.0 ms]
   [Clear CT: 0.1 ms]
   [Other: 0.2 ms]
      [Choose CSet: 0.0 ms]
      [Ref Proc: 0.1 ms]
      [Ref Enq: 0.0 ms]
      [Free CSet: 0.0 ms]
   [Eden: 0.0B(25.0M)->0.0B(25.0M) Survivors: 0.0B->0.0B Heap: 511.1M(512.0M)->511.1M(512.0M)]
 [Times: user=0.01 sys=0.00, real=0.00 secs] 
345.630: [GC pause (young)345.631: [SoftReference, 0 refs, 0.0000240 secs]345.631: [WeakReference, 0 refs, 0.0000020 secs]345.631: [FinalReference, 0 refs, 0.0000020 secs]345.631: [PhantomReference, 0 refs, 0.0000110 secs]345.631: [JNI Weak Reference, 0.0000020 secs], 0.0012330 secs]
   [Parallel Time: 0.9 ms, GC Workers: 8]
      [GC Worker Start (ms): Min: 345629.8, Avg: 345630.1, Max: 345630.5, Diff: 0.8]
      [Ext Root Scanning (ms): Min: 0.0, Avg: 0.4, Max: 0.7, Diff: 0.7, Sum: 3.1]
      [SATB Filtering (ms): Min: 0.0, Avg: 0.0, Max: 0.0, Diff: 0.0, Sum: 0.0]
      [Update RS (ms): Min: 0.0, Avg: 0.0, Max: 0.0, Diff: 0.0, Sum: 0.0]
         [Processed Buffers: Min: 0, Avg: 0.1, Max: 1, Diff: 1, Sum: 1]
      [Scan RS (ms): Min: 0.0, Avg: 0.0, Max: 0.0, Diff: 0.0, Sum: 0.0]
      [Object Copy (ms): Min: 0.0, Avg: 0.0, Max: 0.1, Diff: 0.1, Sum: 0.3]
      [Termination (ms): Min: 0.0, Avg: 0.1, Max: 0.2, Diff: 0.2, Sum: 0.9]
      [GC Worker Other (ms): Min: 0.0, Avg: 0.0, Max: 0.0, Diff: 0.0, Sum: 0.0]
      [GC Worker Total (ms): Min: 0.1, Avg: 0.5, Max: 0.8, Diff: 0.7, Sum: 4.4]
      [GC Worker End (ms): Min: 345630.6, Avg: 345630.6, Max: 345630.6, Diff: 0.0]
   [Code Root Fixup: 0.0 ms]
   [Clear CT: 0.1 ms]
   [Other: 0.2 ms]
      [Choose CSet: 0.0 ms]
      [Ref Proc: 0.2 ms]
      [Ref Enq: 0.0 ms]
      [Free CSet: 0.0 ms]
   [Eden: 0.0B(25.0M)->0.0B(25.0M) Survivors: 0.0B->0.0B Heap: 511.1M(512.0M)->511.1M(512.0M)]
 [Times: user=0.00 sys=0.00, real=0.01 secs] 
345.631: [Full GC346.665: [SoftReference, 30 refs, 0.0000280 secs]346.665: [WeakReference, 170 refs, 0.0000170 secs]346.665: [FinalReference, 7 refs, 0.0000030 secs]346.665: [PhantomReference, 0 refs, 0.0000030 secs]346.665: [JNI Weak Reference, 0.0000030 secs] 511M->507M(512M), 2.0480090 secs]
   [Eden: 0.0B(25.0M)->0.0B(25.0M) Survivors: 0.0B->0.0B Heap: 511.1M(512.0M)->507.0M(512.0M)]
 [Times: user=3.36 sys=0.01, real=2.04 secs] 
347.680: [GC concurrent-mark-abort]
347.684: [GC pause (young)347.707: [SoftReference, 0 refs, 0.0000240 secs]347.707: [WeakReference, 0 refs, 0.0000020 secs]347.707: [FinalReference, 0 refs, 0.0000030 secs]347.707: [PhantomReference, 0 refs, 0.0000020 secs]347.707: [JNI Weak Reference, 0.0000030 secs] (to-space exhausted), 0.0246160 secs]
   [Parallel Time: 22.0 ms, GC Workers: 8]
      [GC Worker Start (ms): Min: 347684.8, Avg: 347685.3, Max: 347686.9, Diff: 2.2]
      [Ext Root Scanning (ms): Min: 0.0, Avg: 0.6, Max: 0.9, Diff: 0.8, Sum: 4.5]
      [Update RS (ms): Min: 10.5, Avg: 11.1, Max: 11.8, Diff: 1.2, Sum: 88.7]
         [Processed Buffers: Min: 6, Avg: 6.9, Max: 8, Diff: 2, Sum: 55]
      [Scan RS (ms): Min: 0.0, Avg: 0.1, Max: 0.3, Diff: 0.3, Sum: 0.8]
      [Object Copy (ms): Min: 8.9, Avg: 9.6, Max: 9.8, Diff: 0.9, Sum: 76.5]
      [Termination (ms): Min: 0.0, Avg: 0.1, Max: 0.1, Diff: 0.1, Sum: 0.4]
      [GC Worker Other (ms): Min: 0.0, Avg: 0.0, Max: 0.0, Diff: 0.0, Sum: 0.1]
      [GC Worker Total (ms): Min: 19.8, Avg: 21.4, Max: 21.9, Diff: 2.2, Sum: 171.0]
      [GC Worker End (ms): Min: 347706.7, Avg: 347706.7, Max: 347706.7, Diff: 0.0]
   [Code Root Fixup: 0.0 ms]
   [Clear CT: 0.1 ms]
   [Other: 2.6 ms]
      [Choose CSet: 0.0 ms]
      [Ref Proc: 0.2 ms]
      [Ref Enq: 0.0 ms]
      [Free CSet: 0.0 ms]
   [Eden: 4096.0K(25.0M)->0.0B(25.0M) Survivors: 0.0B->0.0B Heap: 511.0M(512.0M)->511.0M(512.0M)]
 [Times: user=0.12 sys=0.01, real=0.02 secs] 
347.709: [GC pause (young) (initial-mark)347.724: [SoftReference, 0 refs, 0.0000160 secs]347.724: [WeakReference, 0 refs, 0.0000030 secs]347.724: [FinalReference, 0 refs, 0.0000030 secs]347.724: [PhantomReference, 0 refs, 0.0000210 secs]347.724: [JNI Weak Reference, 0.0000020 secs], 0.0146220 secs]
   [Parallel Time: 14.3 ms, GC Workers: 8]
      [GC Worker Start (ms): Min: 347709.3, Avg: 347709.5, Max: 347710.1, Diff: 0.8]
      [Ext Root Scanning (ms): Min: 0.0, Avg: 0.6, Max: 0.8, Diff: 0.8, Sum: 4.8]
      [Update RS (ms): Min: 12.1, Avg: 12.5, Max: 13.2, Diff: 1.1, Sum: 100.0]
         [Processed Buffers: Min: 15, Avg: 26.4, Max: 37, Diff: 22, Sum: 211]
      [Scan RS (ms): Min: 0.0, Avg: 0.0, Max: 0.0, Diff: 0.0, Sum: 0.0]
      [Object Copy (ms): Min: 0.0, Avg: 0.2, Max: 0.3, Diff: 0.3, Sum: 1.5]
      [Termination (ms): Min: 0.0, Avg: 0.8, Max: 1.2, Diff: 1.2, Sum: 6.2]
      [GC Worker Other (ms): Min: 0.0, Avg: 0.0, Max: 0.1, Diff: 0.1, Sum: 0.3]
      [GC Worker Total (ms): Min: 13.5, Avg: 14.1, Max: 14.3, Diff: 0.9, Sum: 112.8]
      [GC Worker End (ms): Min: 347723.6, Avg: 347723.6, Max: 347723.6, Diff: 0.1]
   [Code Root Fixup: 0.0 ms]
   [Clear CT: 0.1 ms]
   [Other: 0.2 ms]
      [Choose CSet: 0.0 ms]
      [Ref Proc: 0.1 ms]
      [Ref Enq: 0.0 ms]
      [Free CSet: 0.0 ms]
   [Eden: 0.0B(25.0M)->0.0B(25.0M) Survivors: 0.0B->0.0B Heap: 511.0M(512.0M)->511.0M(512.0M)]
 [Times: user=0.10 sys=0.00, real=0.02 secs] 
347.724: [GC concurrent-root-region-scan-start]
347.724: [GC concurrent-root-region-scan-end, 0.0000040 secs]
347.724: [GC concurrent-mark-start]
347.724: [Full GC348.753: [SoftReference, 28 refs, 0.0000300 secs]348.753: [WeakReference, 170 refs, 0.0000160 secs]348.753: [FinalReference, 7 refs, 0.0000030 secs]348.753: [PhantomReference, 0 refs, 0.0000030 secs]348.753: [JNI Weak Reference, 0.0000030 secs] 511M->507M(512M), 2.0203360 secs]
   [Eden: 0.0B(25.0M)->0.0B(25.0M) Survivors: 0.0B->0.0B Heap: 511.0M(512.0M)->507.7M(512.0M)]
 [Times: user=3.33 sys=0.01, real=2.02 secs] 
349.745: [GC concurrent-mark-abort]
349.750: [GC pause (young)349.773: [SoftReference, 0 refs, 0.0000230 secs]349.774: [WeakReference, 0 refs, 0.0000030 secs]349.774: [FinalReference, 0 refs, 0.0000030 secs]349.774: [PhantomReference, 0 refs, 0.0000030 secs]349.774: [JNI Weak Reference, 0.0000030 secs] (to-space exhausted), 0.0253050 secs]
   [Parallel Time: 22.7 ms, GC Workers: 8]
      [GC Worker Start (ms): Min: 349750.7, Avg: 349751.7, Max: 349754.0, Diff: 3.3]
      [Ext Root Scanning (ms): Min: 0.0, Avg: 0.6, Max: 1.0, Diff: 1.0, Sum: 4.4]
      [Update RS (ms): Min: 9.9, Avg: 11.2, Max: 12.3, Diff: 2.4, Sum: 89.8]
         [Processed Buffers: Min: 5, Avg: 6.8, Max: 9, Diff: 4, Sum: 54]
      [Scan RS (ms): Min: 0.0, Avg: 0.1, Max: 0.4, Diff: 0.4, Sum: 0.7]
      [Object Copy (ms): Min: 9.3, Avg: 9.6, Max: 10.0, Diff: 0.6, Sum: 77.2]
      [Termination (ms): Min: 0.0, Avg: 0.1, Max: 0.1, Diff: 0.1, Sum: 0.5]
      [GC Worker Other (ms): Min: 0.0, Avg: 0.0, Max: 0.0, Diff: 0.0, Sum: 0.2]
      [GC Worker Total (ms): Min: 19.3, Avg: 21.6, Max: 22.7, Diff: 3.4, Sum: 172.8]
      [GC Worker End (ms): Min: 349773.3, Avg: 349773.3, Max: 349773.4, Diff: 0.0]
   [Code Root Fixup: 0.0 ms]
   [Clear CT: 0.1 ms]
   [Other: 2.5 ms]
      [Choose CSet: 0.0 ms]
      [Ref Proc: 0.2 ms]
      [Ref Enq: 0.0 ms]
      [Free CSet: 0.0 ms]
   [Eden: 4096.0K(25.0M)->0.0B(25.0M) Survivors: 0.0B->0.0B Heap: 511.7M(512.0M)->511.7M(512.0M)]
 [Times: user=0.11 sys=0.01, real=0.03 secs] 
349.776: [GC pause (young) (initial-mark)349.791: [SoftReference, 0 refs, 0.0000400 secs]349.791: [WeakReference, 0 refs, 0.0000020 secs]349.791: [FinalReference, 0 refs, 0.0000020 secs]349.791: [PhantomReference, 0 refs, 0.0000020 secs]349.791: [JNI Weak Reference, 0.0000020 secs], 0.0152010 secs]
   [Parallel Time: 14.8 ms, GC Workers: 8]
      [GC Worker Start (ms): Min: 349775.9, Avg: 349776.1, Max: 349777.1, Diff: 1.2]
      [Ext Root Scanning (ms): Min: 0.0, Avg: 0.6, Max: 0.9, Diff: 0.9, Sum: 5.2]
      [Update RS (ms): Min: 13.0, Avg: 13.2, Max: 13.8, Diff: 0.8, Sum: 105.7]
         [Processed Buffers: Min: 16, Avg: 31.0, Max: 54, Diff: 38, Sum: 248]
      [Scan RS (ms): Min: 0.0, Avg: 0.0, Max: 0.0, Diff: 0.0, Sum: 0.0]
      [Object Copy (ms): Min: 0.0, Avg: 0.2, Max: 0.6, Diff: 0.6, Sum: 1.7]
      [Termination (ms): Min: 0.0, Avg: 0.4, Max: 0.5, Diff: 0.5, Sum: 3.1]
      [GC Worker Other (ms): Min: 0.0, Avg: 0.0, Max: 0.0, Diff: 0.0, Sum: 0.2]
      [GC Worker Total (ms): Min: 13.5, Avg: 14.5, Max: 14.7, Diff: 1.2, Sum: 115.9]
      [GC Worker End (ms): Min: 349790.6, Avg: 349790.6, Max: 349790.6, Diff: 0.0]
   [Code Root Fixup: 0.0 ms]
   [Clear CT: 0.1 ms]
   [Other: 0.3 ms]
      [Choose CSet: 0.0 ms]
      [Ref Proc: 0.2 ms]
      [Ref Enq: 0.0 ms]
      [Free CSet: 0.0 ms]
   [Eden: 0.0B(25.0M)->0.0B(25.0M) Survivors: 0.0B->0.0B Heap: 511.7M(512.0M)->511.7M(512.0M)]
 [Times: user=0.10 sys=0.00, real=0.02 secs] 
349.791: [GC concurrent-root-region-scan-start]
349.791: [GC concurrent-root-region-scan-end, 0.0000160 secs]
349.791: [GC concurrent-mark-start]
349.791: [Full GC350.832: [SoftReference, 28 refs, 0.0000290 secs]350.832: [WeakReference, 170 refs, 0.0000170 secs]350.832: [FinalReference, 7 refs, 0.0000030 secs]350.832: [PhantomReference, 0 refs, 0.0000020 secs]350.832: [JNI Weak Reference, 0.0000030 secs] 511M->508M(512M), 2.0469000 secs]
   [Eden: 0.0B(25.0M)->0.0B(25.0M) Survivors: 0.0B->0.0B Heap: 511.7M(512.0M)->508.4M(512.0M)]
 [Times: user=3.35 sys=0.01, real=2.04 secs] 
351.838: [GC concurrent-mark-abort]
351.843: [GC pause (young)351.860: [SoftReference, 0 refs, 0.0000200 secs]351.860: [WeakReference, 0 refs, 0.0000030 secs]351.860: [FinalReference, 0 refs, 0.0000020 secs]351.860: [PhantomReference, 0 refs, 0.0000020 secs]351.860: [JNI Weak Reference, 0.0000030 secs] (to-space exhausted), 0.0195090 secs]
   [Parallel Time: 17.3 ms, GC Workers: 8]
      [GC Worker Start (ms): Min: 351843.0, Avg: 351843.1, Max: 351843.2, Diff: 0.2]
      [Ext Root Scanning (ms): Min: 0.1, Avg: 0.8, Max: 1.5, Diff: 1.3, Sum: 6.8]
      [Update RS (ms): Min: 6.5, Avg: 8.7, Max: 9.7, Diff: 3.2, Sum: 69.7]
         [Processed Buffers: Min: 3, Avg: 5.5, Max: 8, Diff: 5, Sum: 44]
      [Scan RS (ms): Min: 0.0, Avg: 0.0, Max: 0.0, Diff: 0.0, Sum: 0.0]
      [Object Copy (ms): Min: 6.6, Avg: 7.6, Max: 10.6, Diff: 4.0, Sum: 60.6]
      [Termination (ms): Min: 0.0, Avg: 0.0, Max: 0.0, Diff: 0.0, Sum: 0.1]
      [GC Worker Other (ms): Min: 0.0, Avg: 0.0, Max: 0.0, Diff: 0.0, Sum: 0.2]
      [GC Worker Total (ms): Min: 17.1, Avg: 17.2, Max: 17.3, Diff: 0.2, Sum: 137.5]
      [GC Worker End (ms): Min: 351860.3, Avg: 351860.3, Max: 351860.3, Diff: 0.0]
   [Code Root Fixup: 0.0 ms]
   [Clear CT: 0.0 ms]
   [Other: 2.1 ms]
      [Choose CSet: 0.0 ms]
      [Ref Proc: 0.1 ms]
      [Ref Enq: 0.0 ms]
      [Free CSet: 0.0 ms]
   [Eden: 3072.0K(25.0M)->0.0B(25.0M) Survivors: 0.0B->0.0B Heap: 511.4M(512.0M)->511.4M(512.0M)]
 [Times: user=0.09 sys=0.01, real=0.02 secs] 
351.862: [GC pause (young) (initial-mark)351.872: [SoftReference, 0 refs, 0.0000150 secs]351.872: [WeakReference, 0 refs, 0.0000030 secs]351.872: [FinalReference, 0 refs, 0.0000020 secs]351.872: [PhantomReference, 0 refs, 0.0000030 secs]351.872: [JNI Weak Reference, 0.0000020 secs], 0.0094500 secs]
   [Parallel Time: 9.2 ms, GC Workers: 8]
      [GC Worker Start (ms): Min: 351862.4, Avg: 351862.5, Max: 351863.0, Diff: 0.6]
      [Ext Root Scanning (ms): Min: 0.2, Avg: 0.5, Max: 0.7, Diff: 0.6, Sum: 4.2]
      [Update RS (ms): Min: 8.0, Avg: 8.3, Max: 8.4, Diff: 0.3, Sum: 66.1]
         [Processed Buffers: Min: 17, Avg: 23.6, Max: 32, Diff: 15, Sum: 189]
      [Scan RS (ms): Min: 0.0, Avg: 0.0, Max: 0.0, Diff: 0.0, Sum: 0.0]
      [Object Copy (ms): Min: 0.0, Avg: 0.2, Max: 0.3, Diff: 0.2, Sum: 1.4]
      [Termination (ms): Min: 0.0, Avg: 0.0, Max: 0.0, Diff: 0.0, Sum: 0.3]
      [GC Worker Other (ms): Min: 0.0, Avg: 0.0, Max: 0.1, Diff: 0.0, Sum: 0.3]
      [GC Worker Total (ms): Min: 8.5, Avg: 9.0, Max: 9.1, Diff: 0.6, Sum: 72.2]
      [GC Worker End (ms): Min: 351871.5, Avg: 351871.5, Max: 351871.5, Diff: 0.0]
   [Code Root Fixup: 0.0 ms]
   [Clear CT: 0.1 ms]
   [Other: 0.2 ms]
      [Choose CSet: 0.0 ms]
      [Ref Proc: 0.2 ms]
      [Ref Enq: 0.0 ms]
      [Free CSet: 0.0 ms]
   [Eden: 0.0B(25.0M)->0.0B(25.0M) Survivors: 0.0B->0.0B Heap: 511.4M(512.0M)->511.4M(512.0M)]
 [Times: user=0.07 sys=0.00, real=0.01 secs] 
351.872: [GC concurrent-root-region-scan-start]
351.872: [GC concurrent-root-region-scan-end, 0.0000060 secs]
351.872: [GC concurrent-mark-start]
351.872: [Full GC352.920: [SoftReference, 28 refs, 0.0000290 secs]352.920: [WeakReference, 170 refs, 0.0000160 secs]352.920: [FinalReference, 7 refs, 0.0000030 secs]352.920: [PhantomReference, 0 refs, 0.0000020 secs]352.920: [JNI Weak Reference, 0.0000030 secs] 511M->508M(512M), 2.0360190 secs]
   [Eden: 0.0B(25.0M)->0.0B(25.0M) Survivors: 0.0B->0.0B Heap: 511.4M(512.0M)->508.9M(512.0M)]
 [Times: user=3.35 sys=0.01, real=2.03 secs] 
353.908: [GC concurrent-mark-abort]
353.911: [GC pause (young)353.925: [SoftReference, 0 refs, 0.0000170 secs]353.925: [WeakReference, 0 refs, 0.0000030 secs]353.925: [FinalReference, 0 refs, 0.0000030 secs]353.925: [PhantomReference, 0 refs, 0.0000020 secs]353.925: [JNI Weak Reference, 0.0000020 secs] (to-space exhausted), 0.0155380 secs]
   [Parallel Time: 13.3 ms, GC Workers: 8]
      [GC Worker Start (ms): Min: 353911.6, Avg: 353913.2, Max: 353915.9, Diff: 4.3]
      [Ext Root Scanning (ms): Min: 0.0, Avg: 0.5, Max: 0.9, Diff: 0.9, Sum: 4.1]
      [Update RS (ms): Min: 3.4, Avg: 5.8, Max: 7.6, Diff: 4.2, Sum: 46.1]
         [Processed Buffers: Min: 2, Avg: 3.8, Max: 5, Diff: 3, Sum: 30]
      [Scan RS (ms): Min: 0.0, Avg: 0.0, Max: 0.0, Diff: 0.0, Sum: 0.0]
      [Object Copy (ms): Min: 4.7, Avg: 5.4, Max: 5.6, Diff: 1.0, Sum: 42.9]
      [Termination (ms): Min: 0.0, Avg: 0.1, Max: 0.1, Diff: 0.1, Sum: 0.4]
      [GC Worker Other (ms): Min: 0.0, Avg: 0.0, Max: 0.0, Diff: 0.0, Sum: 0.1]
      [GC Worker Total (ms): Min: 9.0, Avg: 11.7, Max: 13.3, Diff: 4.3, Sum: 93.7]
      [GC Worker End (ms): Min: 353924.9, Avg: 353924.9, Max: 353924.9, Diff: 0.0]
   [Code Root Fixup: 0.0 ms]
   [Clear CT: 0.0 ms]
   [Other: 2.2 ms]
      [Choose CSet: 0.0 ms]
      [Ref Proc: 0.1 ms]
      [Ref Enq: 0.0 ms]
      [Free CSet: 0.0 ms]
   [Eden: 2048.0K(25.0M)->0.0B(25.0M) Survivors: 0.0B->0.0B Heap: 510.9M(512.0M)->510.9M(512.0M)]
 [Times: user=0.06 sys=0.01, real=0.01 secs] 
353.927: [GC pause (young) (initial-mark)353.936: [SoftReference, 0 refs, 0.0000300 secs]353.936: [WeakReference, 0 refs, 0.0000030 secs]353.936: [FinalReference, 0 refs, 0.0000020 secs]353.936: [PhantomReference, 0 refs, 0.0000020 secs]353.936: [JNI Weak Reference, 0.0000030 secs], 0.0088610 secs]
   [Parallel Time: 8.5 ms, GC Workers: 8]
      [GC Worker Start (ms): Min: 353927.0, Avg: 353927.4, Max: 353928.1, Diff: 1.1]
      [Ext Root Scanning (ms): Min: 0.0, Avg: 0.4, Max: 0.9, Diff: 0.8, Sum: 3.6]
      [Update RS (ms): Min: 6.8, Avg: 7.0, Max: 7.3, Diff: 0.5, Sum: 56.2]
         [Processed Buffers: Min: 12, Avg: 18.9, Max: 28, Diff: 16, Sum: 151]
      [Scan RS (ms): Min: 0.0, Avg: 0.0, Max: 0.0, Diff: 0.0, Sum: 0.0]
      [Object Copy (ms): Min: 0.0, Avg: 0.2, Max: 0.3, Diff: 0.3, Sum: 1.2]
      [Termination (ms): Min: 0.0, Avg: 0.4, Max: 0.5, Diff: 0.5, Sum: 3.2]
      [GC Worker Other (ms): Min: 0.0, Avg: 0.0, Max: 0.0, Diff: 0.0, Sum: 0.1]
      [GC Worker Total (ms): Min: 7.3, Avg: 8.0, Max: 8.5, Diff: 1.1, Sum: 64.3]
      [GC Worker End (ms): Min: 353935.4, Avg: 353935.4, Max: 353935.5, Diff: 0.0]
   [Code Root Fixup: 0.0 ms]
   [Clear CT: 0.1 ms]
   [Other: 0.3 ms]
      [Choose CSet: 0.0 ms]
      [Ref Proc: 0.2 ms]
      [Ref Enq: 0.0 ms]
      [Free CSet: 0.0 ms]
   [Eden: 0.0B(25.0M)->0.0B(25.0M) Survivors: 0.0B->0.0B Heap: 510.9M(512.0M)->510.9M(512.0M)]
 [Times: user=0.06 sys=0.00, real=0.01 secs] 
353.936: [GC concurrent-root-region-scan-start]
353.936: [GC concurrent-root-region-scan-end, 0.0000040 secs]
353.936: [GC concurrent-mark-start]
353.936: [Full GC354.984: [SoftReference, 28 refs, 0.0000280 secs]354.984: [WeakReference, 170 refs, 0.0000170 secs]354.984: [FinalReference, 7 refs, 0.0000030 secs]354.984: [PhantomReference, 0 refs, 0.0000020 secs]354.984: [JNI Weak Reference, 0.0000040 secs] 510M->509M(512M), 2.0267080 secs]
   [Eden: 0.0B(25.0M)->0.0B(25.0M) Survivors: 0.0B->0.0B Heap: 510.9M(512.0M)->509.3M(512.0M)]
 [Times: user=3.33 sys=0.01, real=2.03 secs] 
355.963: [GC concurrent-mark-abort]
355.966: [GC pause (young)355.979: [SoftReference, 0 refs, 0.0000220 secs]355.979: [WeakReference, 0 refs, 0.0000030 secs]355.979: [FinalReference, 0 refs, 0.0000030 secs]355.979: [PhantomReference, 0 refs, 0.0000030 secs]355.979: [JNI Weak Reference, 0.0000030 secs] (to-space exhausted), 0.0146900 secs]
   [Parallel Time: 12.6 ms, GC Workers: 8]
      [GC Worker Start (ms): Min: 355966.4, Avg: 355966.4, Max: 355966.6, Diff: 0.2]
      [Ext Root Scanning (ms): Min: 0.1, Avg: 0.6, Max: 0.9, Diff: 0.9, Sum: 4.6]
      [Update RS (ms): Min: 2.0, Avg: 5.9, Max: 7.5, Diff: 5.5, Sum: 46.9]
         [Processed Buffers: Min: 1, Avg: 4.1, Max: 8, Diff: 7, Sum: 33]
      [Scan RS (ms): Min: 0.0, Avg: 0.0, Max: 0.0, Diff: 0.0, Sum: 0.0]
      [Object Copy (ms): Min: 4.1, Avg: 6.0, Max: 10.3, Diff: 6.2, Sum: 48.2]
      [Termination (ms): Min: 0.0, Avg: 0.0, Max: 0.0, Diff: 0.0, Sum: 0.1]
      [GC Worker Other (ms): Min: 0.0, Avg: 0.0, Max: 0.0, Diff: 0.0, Sum: 0.2]
      [GC Worker Total (ms): Min: 12.4, Avg: 12.5, Max: 12.6, Diff: 0.2, Sum: 100.0]
      [GC Worker End (ms): Min: 355978.9, Avg: 355978.9, Max: 355979.0, Diff: 0.0]
   [Code Root Fixup: 0.0 ms]
   [Clear CT: 0.1 ms]
   [Other: 2.0 ms]
      [Choose CSet: 0.0 ms]
      [Ref Proc: 0.1 ms]
      [Ref Enq: 0.0 ms]
      [Free CSet: 0.0 ms]
   [Eden: 2048.0K(25.0M)->0.0B(25.0M) Survivors: 0.0B->0.0B Heap: 511.3M(512.0M)->511.3M(512.0M)]
 [Times: user=0.06 sys=0.00, real=0.02 secs] 
355.981: [GC pause (young) (initial-mark)355.988: [SoftReference, 0 refs, 0.0000160 secs]355.988: [WeakReference, 0 refs, 0.0000020 secs]355.988: [FinalReference, 0 refs, 0.0000020 secs]355.988: [PhantomReference, 0 refs, 0.0000020 secs]355.988: [JNI Weak Reference, 0.0000020 secs], 0.0069780 secs]
   [Parallel Time: 6.7 ms, GC Workers: 8]
      [GC Worker Start (ms): Min: 355981.3, Avg: 355981.6, Max: 355982.2, Diff: 0.9]
      [Ext Root Scanning (ms): Min: 0.0, Avg: 0.5, Max: 0.7, Diff: 0.7, Sum: 3.8]
      [Update RS (ms): Min: 5.5, Avg: 5.7, Max: 5.9, Diff: 0.4, Sum: 45.6]
         [Processed Buffers: Min: 9, Avg: 15.1, Max: 21, Diff: 12, Sum: 121]
      [Scan RS (ms): Min: 0.0, Avg: 0.0, Max: 0.0, Diff: 0.0, Sum: 0.0]
      [Object Copy (ms): Min: 0.0, Avg: 0.2, Max: 0.3, Diff: 0.3, Sum: 1.3]
      [Termination (ms): Min: 0.0, Avg: 0.1, Max: 0.2, Diff: 0.2, Sum: 0.6]
      [GC Worker Other (ms): Min: 0.0, Avg: 0.0, Max: 0.0, Diff: 0.0, Sum: 0.2]
      [GC Worker Total (ms): Min: 5.7, Avg: 6.4, Max: 6.7, Diff: 0.9, Sum: 51.5]
      [GC Worker End (ms): Min: 355988.0, Avg: 355988.0, Max: 355988.0, Diff: 0.1]
   [Code Root Fixup: 0.0 ms]
   [Clear CT: 0.1 ms]
   [Other: 0.2 ms]
      [Choose CSet: 0.0 ms]
      [Ref Proc: 0.2 ms]
      [Ref Enq: 0.0 ms]
      [Free CSet: 0.0 ms]
   [Eden: 0.0B(25.0M)->0.0B(25.0M) Survivors: 0.0B->0.0B Heap: 511.3M(512.0M)->511.3M(512.0M)]
 [Times: user=0.05 sys=0.00, real=0.00 secs] 
355.988: [GC concurrent-root-region-scan-start]
355.988: [GC concurrent-root-region-scan-end, 0.0000050 secs]
355.988: [GC concurrent-mark-start]
355.988: [Full GC357.025: [SoftReference, 24 refs, 0.0000320 secs]357.025: [WeakReference, 170 refs, 0.0000180 secs]357.025: [FinalReference, 7 refs, 0.0000040 secs]357.025: [PhantomReference, 0 refs, 0.0000030 secs]357.025: [JNI Weak Reference, 0.0000030 secs] 511M->509M(512M), 2.0204490 secs]
   [Eden: 0.0B(25.0M)->0.0B(25.0M) Survivors: 0.0B->0.0B Heap: 511.3M(512.0M)->509.6M(512.0M)]
 [Times: user=3.33 sys=0.01, real=2.02 secs] 
358.009: [GC concurrent-mark-abort]
358.012: [GC pause (young)358.025: [SoftReference, 0 refs, 0.0000220 secs]358.025: [WeakReference, 0 refs, 0.0000020 secs]358.025: [FinalReference, 0 refs, 0.0000020 secs]358.025: [PhantomReference, 0 refs, 0.0000020 secs]358.025: [JNI Weak Reference, 0.0000030 secs] (to-space exhausted), 0.0147470 secs]
   [Parallel Time: 12.6 ms, GC Workers: 8]
      [GC Worker Start (ms): Min: 358012.3, Avg: 358012.4, Max: 358012.5, Diff: 0.2]
      [Ext Root Scanning (ms): Min: 0.6, Avg: 1.1, Max: 3.9, Diff: 3.2, Sum: 8.8]
      [Update RS (ms): Min: 2.4, Avg: 6.1, Max: 7.3, Diff: 4.9, Sum: 48.8]
         [Processed Buffers: Min: 3, Avg: 3.8, Max: 4, Diff: 1, Sum: 30]
      [Scan RS (ms): Min: 0.0, Avg: 0.0, Max: 0.0, Diff: 0.0, Sum: 0.0]
      [Object Copy (ms): Min: 4.4, Avg: 5.2, Max: 6.1, Diff: 1.7, Sum: 41.4]
      [Termination (ms): Min: 0.0, Avg: 0.1, Max: 0.1, Diff: 0.1, Sum: 0.4]
      [GC Worker Other (ms): Min: 0.0, Avg: 0.0, Max: 0.0, Diff: 0.0, Sum: 0.3]
      [GC Worker Total (ms): Min: 12.3, Avg: 12.5, Max: 12.6, Diff: 0.2, Sum: 99.7]
      [GC Worker End (ms): Min: 358024.8, Avg: 358024.8, Max: 358024.9, Diff: 0.0]
   [Code Root Fixup: 0.0 ms]
   [Clear CT: 0.1 ms]
   [Other: 2.1 ms]
      [Choose CSet: 0.0 ms]
      [Ref Proc: 0.1 ms]
      [Ref Enq: 0.0 ms]
      [Free CSet: 0.0 ms]
   [Eden: 2048.0K(25.0M)->0.0B(25.0M) Survivors: 0.0B->0.0B Heap: 511.6M(512.0M)->511.6M(512.0M)]
 [Times: user=0.07 sys=0.01, real=0.01 secs] 
358.027: [GC pause (young) (initial-mark)358.034: [SoftReference, 0 refs, 0.0000150 secs]358.034: [WeakReference, 0 refs, 0.0000030 secs]358.034: [FinalReference, 0 refs, 0.0000020 secs]358.034: [PhantomReference, 0 refs, 0.0000030 secs]358.034: [JNI Weak Reference, 0.0000020 secs], 0.0072600 secs]
   [Parallel Time: 6.9 ms, GC Workers: 8]
      [GC Worker Start (ms): Min: 358026.9, Avg: 358027.0, Max: 358027.7, Diff: 0.8]
      [Ext Root Scanning (ms): Min: 0.0, Avg: 0.6, Max: 0.8, Diff: 0.8, Sum: 4.5]
      [Update RS (ms): Min: 5.9, Avg: 6.0, Max: 6.1, Diff: 0.3, Sum: 47.9]
         [Processed Buffers: Min: 13, Avg: 17.1, Max: 21, Diff: 8, Sum: 137]
      [Scan RS (ms): Min: 0.0, Avg: 0.0, Max: 0.0, Diff: 0.0, Sum: 0.0]
      [Object Copy (ms): Min: 0.0, Avg: 0.2, Max: 0.3, Diff: 0.3, Sum: 1.4]
      [Termination (ms): Min: 0.0, Avg: 0.0, Max: 0.0, Diff: 0.0, Sum: 0.1]
      [GC Worker Other (ms): Min: 0.0, Avg: 0.0, Max: 0.0, Diff: 0.0, Sum: 0.3]
      [GC Worker Total (ms): Min: 6.0, Avg: 6.8, Max: 6.9, Diff: 0.9, Sum: 54.2]
      [GC Worker End (ms): Min: 358033.8, Avg: 358033.8, Max: 358033.8, Diff: 0.0]
   [Code Root Fixup: 0.0 ms]
   [Clear CT: 0.1 ms]
   [Other: 0.2 ms]
      [Choose CSet: 0.0 ms]
      [Ref Proc: 0.2 ms]
      [Ref Enq: 0.0 ms]
      [Free CSet: 0.0 ms]
   [Eden: 0.0B(25.0M)->0.0B(25.0M) Survivors: 0.0B->0.0B Heap: 511.6M(512.0M)->511.6M(512.0M)]
 [Times: user=0.05 sys=0.00, real=0.01 secs] 
358.034: [GC concurrent-root-region-scan-start]
358.034: [GC concurrent-root-region-scan-end, 0.0000040 secs]
358.034: [GC concurrent-mark-start]
358.034: [GC pause (young)358.035: [SoftReference, 0 refs, 0.0000270 secs]358.035: [WeakReference, 0 refs, 0.0000120 secs]358.036: [FinalReference, 0 refs, 0.0000030 secs]358.036: [PhantomReference, 0 refs, 0.0000020 secs]358.036: [JNI Weak Reference, 0.0000020 secs], 0.0013270 secs]
   [Parallel Time: 0.9 ms, GC Workers: 8]
      [GC Worker Start (ms): Min: 358034.3, Avg: 358034.6, Max: 358035.1, Diff: 0.8]
      [Ext Root Scanning (ms): Min: 0.0, Avg: 0.4, Max: 0.7, Diff: 0.7, Sum: 3.3]
      [Update RS (ms): Min: 0.0, Avg: 0.0, Max: 0.0, Diff: 0.0, Sum: 0.0]
         [Processed Buffers: Min: 0, Avg: 0.1, Max: 1, Diff: 1, Sum: 1]
      [Scan RS (ms): Min: 0.0, Avg: 0.0, Max: 0.0, Diff: 0.0, Sum: 0.0]
      [Object Copy (ms): Min: 0.0, Avg: 0.0, Max: 0.1, Diff: 0.1, Sum: 0.3]
      [Termination (ms): Min: 0.0, Avg: 0.1, Max: 0.2, Diff: 0.2, Sum: 1.0]
      [GC Worker Other (ms): Min: 0.0, Avg: 0.0, Max: 0.0, Diff: 0.0, Sum: 0.1]
      [GC Worker Total (ms): Min: 0.1, Avg: 0.6, Max: 0.9, Diff: 0.8, Sum: 4.6]
      [GC Worker End (ms): Min: 358035.2, Avg: 358035.2, Max: 358035.2, Diff: 0.0]
   [Code Root Fixup: 0.0 ms]
   [Clear CT: 0.1 ms]
   [Other: 0.3 ms]
      [Choose CSet: 0.0 ms]
      [Ref Proc: 0.2 ms]
      [Ref Enq: 0.0 ms]
      [Free CSet: 0.0 ms]
   [Eden: 0.0B(25.0M)->0.0B(25.0M) Survivors: 0.0B->0.0B Heap: 511.6M(512.0M)->511.6M(512.0M)]
 [Times: user=0.00 sys=0.00, real=0.00 secs] 
358.036: [Full GC359.091: [SoftReference, 29 refs, 0.0000280 secs]359.091: [WeakReference, 170 refs, 0.0000160 secs]359.091: [FinalReference, 7 refs, 0.0000030 secs]359.091: [PhantomReference, 0 refs, 0.0000020 secs]359.091: [JNI Weak Reference, 0.0000030 secs] 511M->509M(512M), 2.0409060 secs]
   [Eden: 0.0B(25.0M)->0.0B(25.0M) Survivors: 0.0B->0.0B Heap: 511.6M(512.0M)->510.0M(512.0M)]
 [Times: user=3.35 sys=0.01, real=2.04 secs] 
360.077: [GC concurrent-mark-abort]
360.078: [GC pause (young)360.086: [SoftReference, 0 refs, 0.0000240 secs]360.086: [WeakReference, 0 refs, 0.0000030 secs]360.086: [FinalReference, 0 refs, 0.0000030 secs]360.086: [PhantomReference, 0 refs, 0.0000020 secs]360.086: [JNI Weak Reference, 0.0000030 secs] (to-space exhausted), 0.0092990 secs]
   [Parallel Time: 7.3 ms, GC Workers: 8]
      [GC Worker Start (ms): Min: 360078.6, Avg: 360079.1, Max: 360082.5, Diff: 3.9]
      [Ext Root Scanning (ms): Min: 0.0, Avg: 0.7, Max: 0.9, Diff: 0.9, Sum: 5.3]
      [Update RS (ms): Min: 1.2, Avg: 3.0, Max: 3.6, Diff: 2.3, Sum: 24.3]
         [Processed Buffers: Min: 1, Avg: 2.4, Max: 3, Diff: 2, Sum: 19]
      [Scan RS (ms): Min: 0.0, Avg: 0.0, Max: 0.0, Diff: 0.0, Sum: 0.0]
      [Object Copy (ms): Min: 1.9, Avg: 2.9, Max: 3.2, Diff: 1.3, Sum: 23.4]
      [Termination (ms): Min: 0.0, Avg: 0.0, Max: 0.1, Diff: 0.1, Sum: 0.4]
      [GC Worker Other (ms): Min: 0.0, Avg: 0.0, Max: 0.0, Diff: 0.0, Sum: 0.2]
      [GC Worker Total (ms): Min: 3.3, Avg: 6.7, Max: 7.2, Diff: 4.0, Sum: 53.6]
      [GC Worker End (ms): Min: 360085.8, Avg: 360085.8, Max: 360085.8, Diff: 0.0]
   [Code Root Fixup: 0.0 ms]
   [Clear CT: 0.1 ms]
   [Other: 2.0 ms]
      [Choose CSet: 0.0 ms]
      [Ref Proc: 0.2 ms]
      [Ref Enq: 0.0 ms]
      [Free CSet: 0.0 ms]
   [Eden: 1024.0K(25.0M)->0.0B(25.0M) Survivors: 0.0B->0.0B Heap: 511.0M(512.0M)->511.0M(512.0M)]
 [Times: user=0.04 sys=0.00, real=0.01 secs] 
360.088: [GC pause (young) (initial-mark)360.093: [SoftReference, 0 refs, 0.0000230 secs]360.093: [WeakReference, 0 refs, 0.0000050 secs]360.093: [FinalReference, 0 refs, 0.0000050 secs]360.093: [PhantomReference, 0 refs, 0.0000040 secs]360.093: [JNI Weak Reference, 0.0000040 secs], 0.0052470 secs]
   [Parallel Time: 4.9 ms, GC Workers: 8]
      [GC Worker Start (ms): Min: 360087.8, Avg: 360088.1, Max: 360088.9, Diff: 1.1]
      [Ext Root Scanning (ms): Min: 0.0, Avg: 0.5, Max: 0.9, Diff: 0.9, Sum: 4.1]
      [Update RS (ms): Min: 3.6, Avg: 3.8, Max: 4.1, Diff: 0.4, Sum: 30.5]
         [Processed Buffers: Min: 4, Avg: 9.6, Max: 19, Diff: 15, Sum: 77]
      [Scan RS (ms): Min: 0.0, Avg: 0.0, Max: 0.0, Diff: 0.0, Sum: 0.0]
      [Object Copy (ms): Min: 0.0, Avg: 0.2, Max: 0.2, Diff: 0.2, Sum: 1.3]
      [Termination (ms): Min: 0.0, Avg: 0.1, Max: 0.1, Diff: 0.1, Sum: 0.8]
      [GC Worker Other (ms): Min: 0.0, Avg: 0.0, Max: 0.0, Diff: 0.0, Sum: 0.1]
      [GC Worker Total (ms): Min: 3.8, Avg: 4.6, Max: 4.9, Diff: 1.1, Sum: 36.8]
      [GC Worker End (ms): Min: 360092.7, Avg: 360092.7, Max: 360092.7, Diff: 0.0]
   [Code Root Fixup: 0.0 ms]
   [Clear CT: 0.1 ms]
   [Other: 0.2 ms]
      [Choose CSet: 0.0 ms]
      [Ref Proc: 0.2 ms]
      [Ref Enq: 0.0 ms]
      [Free CSet: 0.0 ms]
   [Eden: 0.0B(25.0M)->0.0B(25.0M) Survivors: 0.0B->0.0B Heap: 511.0M(512.0M)->511.0M(512.0M)]
 [Times: user=0.03 sys=0.00, real=0.01 secs] 
360.093: [GC concurrent-root-region-scan-start]
360.093: [GC concurrent-root-region-scan-end, 0.0000040 secs]
360.093: [GC concurrent-mark-start]
360.093: [GC pause (young)360.094: [SoftReference, 0 refs, 0.0000140 secs]360.094: [WeakReference, 0 refs, 0.0000020 secs]360.094: [FinalReference, 0 refs, 0.0000030 secs]360.094: [PhantomReference, 0 refs, 0.0000030 secs]360.094: [JNI Weak Reference, 0.0000030 secs], 0.0012320 secs]
   [Parallel Time: 0.9 ms, GC Workers: 8]
      [GC Worker Start (ms): Min: 360093.3, Avg: 360093.4, Max: 360094.0, Diff: 0.7]
      [Ext Root Scanning (ms): Min: 0.0, Avg: 0.5, Max: 0.7, Diff: 0.7, Sum: 4.2]
      [SATB Filtering (ms): Min: 0.0, Avg: 0.0, Max: 0.0, Diff: 0.0, Sum: 0.0]
      [Update RS (ms): Min: 0.0, Avg: 0.0, Max: 0.0, Diff: 0.0, Sum: 0.0]
         [Processed Buffers: Min: 0, Avg: 0.1, Max: 1, Diff: 1, Sum: 1]
      [Scan RS (ms): Min: 0.0, Avg: 0.0, Max: 0.0, Diff: 0.0, Sum: 0.0]
      [Object Copy (ms): Min: 0.0, Avg: 0.0, Max: 0.1, Diff: 0.1, Sum: 0.4]
      [Termination (ms): Min: 0.0, Avg: 0.1, Max: 0.2, Diff: 0.2, Sum: 0.9]
      [GC Worker Other (ms): Min: 0.0, Avg: 0.0, Max: 0.0, Diff: 0.0, Sum: 0.1]
      [GC Worker Total (ms): Min: 0.1, Avg: 0.7, Max: 0.8, Diff: 0.7, Sum: 5.6]
      [GC Worker End (ms): Min: 360094.0, Avg: 360094.1, Max: 360094.1, Diff: 0.0]
   [Code Root Fixup: 0.0 ms]
   [Clear CT: 0.1 ms]
   [Other: 0.3 ms]
      [Choose CSet: 0.0 ms]
      [Ref Proc: 0.2 ms]
      [Ref Enq: 0.0 ms]
      [Free CSet: 0.0 ms]
   [Eden: 0.0B(25.0M)->0.0B(25.0M) Survivors: 0.0B->0.0B Heap: 511.0M(512.0M)->511.0M(512.0M)]
 [Times: user=0.00 sys=0.00, real=0.00 secs] 
360.095: [Full GC361.133: [SoftReference, 28 refs, 0.0000270 secs]361.133: [WeakReference, 170 refs, 0.0000170 secs]361.133: [FinalReference, 7 refs, 0.0000030 secs]361.133: [PhantomReference, 0 refs, 0.0000020 secs]361.133: [JNI Weak Reference, 0.0000030 secs] 510M->510M(512M), 2.0384380 secs]
   [Eden: 0.0B(25.0M)->0.0B(25.0M) Survivors: 0.0B->0.0B Heap: 511.0M(512.0M)->510.1M(512.0M)]
 [Times: user=3.36 sys=0.01, real=2.04 secs] 
362.133: [GC concurrent-mark-abort]
362.135: [GC pause (young)362.143: [SoftReference, 0 refs, 0.0000160 secs]362.143: [WeakReference, 0 refs, 0.0000020 secs]362.143: [FinalReference, 0 refs, 0.0000020 secs]362.143: [PhantomReference, 0 refs, 0.0000020 secs]362.143: [JNI Weak Reference, 0.0000030 secs] (to-space exhausted), 0.0096280 secs]
   [Parallel Time: 7.8 ms, GC Workers: 8]
      [GC Worker Start (ms): Min: 362135.1, Avg: 362135.3, Max: 362136.2, Diff: 1.1]
      [Ext Root Scanning (ms): Min: 0.0, Avg: 0.6, Max: 0.9, Diff: 0.9, Sum: 4.7]
      [Update RS (ms): Min: 0.5, Avg: 2.1, Max: 4.0, Diff: 3.5, Sum: 16.6]
         [Processed Buffers: Min: 1, Avg: 1.9, Max: 3, Diff: 2, Sum: 15]
      [Scan RS (ms): Min: 0.0, Avg: 0.0, Max: 0.0, Diff: 0.0, Sum: 0.0]
      [Object Copy (ms): Min: 2.8, Avg: 4.8, Max: 7.0, Diff: 4.2, Sum: 38.1]
      [Termination (ms): Min: 0.0, Avg: 0.0, Max: 0.1, Diff: 0.1, Sum: 0.4]
      [GC Worker Other (ms): Min: 0.0, Avg: 0.0, Max: 0.0, Diff: 0.0, Sum: 0.2]
      [GC Worker Total (ms): Min: 6.6, Avg: 7.5, Max: 7.7, Diff: 1.1, Sum: 60.0]
      [GC Worker End (ms): Min: 362142.8, Avg: 362142.8, Max: 362142.8, Diff: 0.0]
   [Code Root Fixup: 0.0 ms]
   [Clear CT: 0.1 ms]
   [Other: 1.8 ms]
      [Choose CSet: 0.0 ms]
      [Ref Proc: 0.2 ms]
      [Ref Enq: 0.0 ms]
      [Free CSet: 0.0 ms]
   [Eden: 1024.0K(25.0M)->0.0B(25.0M) Survivors: 0.0B->0.0B Heap: 511.1M(512.0M)->511.1M(512.0M)]
 [Times: user=0.03 sys=0.01, real=0.01 secs] 
362.144: [GC pause (young)362.148: [SoftReference, 0 refs, 0.0000160 secs]362.148: [WeakReference, 0 refs, 0.0000030 secs]362.148: [FinalReference, 0 refs, 0.0000020 secs]362.148: [PhantomReference, 0 refs, 0.0000030 secs]362.148: [JNI Weak Reference, 0.0000110 secs], 0.0032170 secs]
   [Parallel Time: 2.9 ms, GC Workers: 8]
      [GC Worker Start (ms): Min: 362144.5, Avg: 362144.7, Max: 362145.2, Diff: 0.7]
      [Ext Root Scanning (ms): Min: 0.0, Avg: 0.4, Max: 0.6, Diff: 0.6, Sum: 3.5]
      [Update RS (ms): Min: 1.5, Avg: 1.8, Max: 2.2, Diff: 0.7, Sum: 14.5]
         [Processed Buffers: Min: 3, Avg: 9.1, Max: 18, Diff: 15, Sum: 73]
      [Scan RS (ms): Min: 0.0, Avg: 0.0, Max: 0.0, Diff: 0.0, Sum: 0.0]
      [Object Copy (ms): Min: 0.0, Avg: 0.0, Max: 0.1, Diff: 0.1, Sum: 0.3]
      [Termination (ms): Min: 0.0, Avg: 0.3, Max: 0.5, Diff: 0.5, Sum: 2.7]
      [GC Worker Other (ms): Min: 0.0, Avg: 0.0, Max: 0.0, Diff: 0.0, Sum: 0.2]
      [GC Worker Total (ms): Min: 2.1, Avg: 2.7, Max: 2.9, Diff: 0.8, Sum: 21.2]
      [GC Worker End (ms): Min: 362147.3, Avg: 362147.3, Max: 362147.4, Diff: 0.0]
   [Code Root Fixup: 0.0 ms]
   [Clear CT: 0.1 ms]
   [Other: 0.2 ms]
      [Choose CSet: 0.0 ms]
      [Ref Proc: 0.2 ms]
      [Ref Enq: 0.0 ms]
      [Free CSet: 0.0 ms]
   [Eden: 0.0B(25.0M)->0.0B(25.0M) Survivors: 0.0B->0.0B Heap: 511.1M(512.0M)->511.1M(512.0M)]
 [Times: user=0.02 sys=0.00, real=0.00 secs] 
362.148: [Full GC363.206: [SoftReference, 28 refs, 0.0000350 secs]363.206: [WeakReference, 170 refs, 0.0000280 secs]363.206: [FinalReference, 7 refs, 0.0000070 secs]363.206: [PhantomReference, 0 refs, 0.0000050 secs]363.206: [JNI Weak Reference, 0.0000060 secs] 511M->510M(512M), 2.0797330 secs]
   [Eden: 0.0B(25.0M)->0.0B(25.0M) Survivors: 0.0B->0.0B Heap: 511.1M(512.0M)->510.2M(512.0M)]
 [Times: user=3.40 sys=0.01, real=2.08 secs] 
364.229: [GC pause (young)364.234: [SoftReference, 0 refs, 0.0000230 secs]364.234: [WeakReference, 0 refs, 0.0000050 secs]364.234: [FinalReference, 0 refs, 0.0000050 secs]364.234: [PhantomReference, 0 refs, 0.0000050 secs]364.234: [JNI Weak Reference, 0.0000050 secs] (to-space exhausted), 0.0062110 secs]
   [Parallel Time: 4.6 ms, GC Workers: 8]
      [GC Worker Start (ms): Min: 364229.2, Avg: 364229.9, Max: 364231.1, Diff: 1.9]
      [Ext Root Scanning (ms): Min: 0.0, Avg: 0.7, Max: 1.7, Diff: 1.6, Sum: 5.2]
      [Update RS (ms): Min: 0.0, Avg: 1.5, Max: 2.5, Diff: 2.5, Sum: 12.0]
         [Processed Buffers: Min: 0, Avg: 1.5, Max: 5, Diff: 5, Sum: 12]
      [Scan RS (ms): Min: 0.0, Avg: 0.0, Max: 0.0, Diff: 0.0, Sum: 0.0]
      [Object Copy (ms): Min: 0.4, Avg: 1.6, Max: 4.3, Diff: 4.0, Sum: 12.7]
      [Termination (ms): Min: 0.0, Avg: 0.1, Max: 0.1, Diff: 0.1, Sum: 0.6]
      [GC Worker Other (ms): Min: 0.0, Avg: 0.0, Max: 0.0, Diff: 0.0, Sum: 0.1]
      [GC Worker Total (ms): Min: 2.6, Avg: 3.8, Max: 4.5, Diff: 1.9, Sum: 30.6]
      [GC Worker End (ms): Min: 364233.7, Avg: 364233.8, Max: 364233.8, Diff: 0.0]
   [Code Root Fixup: 0.0 ms]
   [Clear CT: 0.1 ms]
   [Other: 1.5 ms]
      [Choose CSet: 0.0 ms]
      [Ref Proc: 0.2 ms]
      [Ref Enq: 0.0 ms]
      [Free CSet: 0.0 ms]
   [Eden: 1024.0K(25.0M)->0.0B(25.0M) Survivors: 0.0B->0.0B Heap: 511.2M(512.0M)->511.2M(512.0M)]
 [Times: user=0.03 sys=0.00, real=0.01 secs] 
364.235: [GC pause (young) (initial-mark)364.238: [SoftReference, 0 refs, 0.0000280 secs]364.238: [WeakReference, 0 refs, 0.0000020 secs]364.238: [FinalReference, 0 refs, 0.0000020 secs]364.238: [PhantomReference, 0 refs, 0.0000020 secs]364.238: [JNI Weak Reference, 0.0000020 secs], 0.0029150 secs]
   [Parallel Time: 2.5 ms, GC Workers: 8]
      [GC Worker Start (ms): Min: 364235.3, Avg: 364235.5, Max: 364235.9, Diff: 0.6]
      [Ext Root Scanning (ms): Min: 0.2, Avg: 0.5, Max: 0.7, Diff: 0.5, Sum: 3.7]
      [Update RS (ms): Min: 1.3, Avg: 1.5, Max: 1.6, Diff: 0.3, Sum: 12.0]
         [Processed Buffers: Min: 1, Avg: 5.5, Max: 11, Diff: 10, Sum: 44]
      [Scan RS (ms): Min: 0.0, Avg: 0.0, Max: 0.0, Diff: 0.0, Sum: 0.0]
      [Object Copy (ms): Min: 0.1, Avg: 0.2, Max: 0.3, Diff: 0.2, Sum: 1.3]
      [Termination (ms): Min: 0.0, Avg: 0.1, Max: 0.1, Diff: 0.1, Sum: 0.7]
      [GC Worker Other (ms): Min: 0.0, Avg: 0.0, Max: 0.1, Diff: 0.0, Sum: 0.3]
      [GC Worker Total (ms): Min: 1.9, Avg: 2.3, Max: 2.5, Diff: 0.6, Sum: 18.1]
      [GC Worker End (ms): Min: 364237.8, Avg: 364237.8, Max: 364237.8, Diff: 0.1]
   [Code Root Fixup: 0.0 ms]
   [Clear CT: 0.1 ms]
   [Other: 0.3 ms]
      [Choose CSet: 0.0 ms]
      [Ref Proc: 0.2 ms]
      [Ref Enq: 0.0 ms]
      [Free CSet: 0.0 ms]
   [Eden: 0.0B(25.0M)->0.0B(25.0M) Survivors: 0.0B->0.0B Heap: 511.2M(512.0M)->511.2M(512.0M)]
 [Times: user=0.01 sys=0.00, real=0.00 secs] 
364.238: [GC concurrent-root-region-scan-start]
364.238: [GC concurrent-root-region-scan-end, 0.0000040 secs]
364.238: [GC concurrent-mark-start]
364.238: [Full GC365.278: [SoftReference, 27 refs, 0.0000290 secs]365.278: [WeakReference, 170 refs, 0.0000170 secs]365.278: [FinalReference, 6 refs, 0.0000020 secs]365.278: [PhantomReference, 0 refs, 0.0000020 secs]365.278: [JNI Weak Reference, 0.0000030 secs] 511M->510M(512M), 2.0473600 secs]
   [Eden: 0.0B(25.0M)->0.0B(25.0M) Survivors: 0.0B->0.0B Heap: 511.2M(512.0M)->510.3M(512.0M)]
 [Times: user=3.38 sys=0.01, real=2.05 secs] 
366.286: [GC concurrent-mark-abort]
366.287: [GC pause (young)366.293: [SoftReference, 0 refs, 0.0000220 secs]366.293: [WeakReference, 0 refs, 0.0000030 secs]366.293: [FinalReference, 0 refs, 0.0000020 secs]366.293: [PhantomReference, 0 refs, 0.0000030 secs]366.293: [JNI Weak Reference, 0.0000030 secs] (to-space exhausted), 0.0072220 secs]
   [Parallel Time: 5.8 ms, GC Workers: 8]
      [GC Worker Start (ms): Min: 366287.4, Avg: 366288.3, Max: 366289.5, Diff: 2.1]
      [Ext Root Scanning (ms): Min: 0.0, Avg: 0.5, Max: 1.0, Diff: 1.0, Sum: 4.2]
      [Update RS (ms): Min: 0.1, Avg: 1.3, Max: 2.1, Diff: 2.0, Sum: 10.1]
         [Processed Buffers: Min: 1, Avg: 1.4, Max: 3, Diff: 2, Sum: 11]
      [Scan RS (ms): Min: 0.0, Avg: 0.0, Max: 0.0, Diff: 0.0, Sum: 0.0]
      [Object Copy (ms): Min: 2.5, Avg: 3.0, Max: 3.5, Diff: 1.0, Sum: 23.7]
      [Termination (ms): Min: 0.0, Avg: 0.1, Max: 0.1, Diff: 0.1, Sum: 0.4]
      [GC Worker Other (ms): Min: 0.0, Avg: 0.0, Max: 0.0, Diff: 0.0, Sum: 0.1]
      [GC Worker Total (ms): Min: 3.6, Avg: 4.8, Max: 5.7, Diff: 2.1, Sum: 38.5]
      [GC Worker End (ms): Min: 366293.1, Avg: 366293.1, Max: 366293.1, Diff: 0.0]
   [Code Root Fixup: 0.0 ms]
   [Clear CT: 0.1 ms]
   [Other: 1.4 ms]
      [Choose CSet: 0.0 ms]
      [Ref Proc: 0.1 ms]
      [Ref Enq: 0.0 ms]
      [Free CSet: 0.0 ms]
   [Eden: 1024.0K(25.0M)->0.0B(25.0M) Survivors: 0.0B->0.0B Heap: 511.3M(512.0M)->511.3M(512.0M)]
 [Times: user=0.02 sys=0.01, real=0.01 secs] 
366.295: [GC pause (young)366.297: [SoftReference, 0 refs, 0.0000150 secs]366.297: [WeakReference, 0 refs, 0.0000030 secs]366.297: [FinalReference, 0 refs, 0.0000030 secs]366.297: [PhantomReference, 0 refs, 0.0000030 secs]366.297: [JNI Weak Reference, 0.0000020 secs], 0.0026290 secs]
   [Parallel Time: 2.3 ms, GC Workers: 8]
      [GC Worker Start (ms): Min: 366294.5, Avg: 366294.8, Max: 366295.4, Diff: 0.9]
      [Ext Root Scanning (ms): Min: 0.0, Avg: 0.5, Max: 0.8, Diff: 0.8, Sum: 4.1]
      [Update RS (ms): Min: 1.0, Avg: 1.3, Max: 1.6, Diff: 0.5, Sum: 10.3]
         [Processed Buffers: Min: 2, Avg: 6.0, Max: 12, Diff: 10, Sum: 48]
      [Scan RS (ms): Min: 0.0, Avg: 0.0, Max: 0.0, Diff: 0.0, Sum: 0.0]
      [Object Copy (ms): Min: 0.0, Avg: 0.0, Max: 0.1, Diff: 0.1, Sum: 0.3]
      [Termination (ms): Min: 0.0, Avg: 0.2, Max: 0.3, Diff: 0.3, Sum: 1.2]
      [GC Worker Other (ms): Min: 0.0, Avg: 0.0, Max: 0.1, Diff: 0.1, Sum: 0.3]
      [GC Worker Total (ms): Min: 1.4, Avg: 2.0, Max: 2.3, Diff: 0.9, Sum: 16.2]
      [GC Worker End (ms): Min: 366296.8, Avg: 366296.8, Max: 366296.8, Diff: 0.0]
   [Code Root Fixup: 0.0 ms]
   [Clear CT: 0.1 ms]
   [Other: 0.3 ms]
      [Choose CSet: 0.0 ms]
      [Ref Proc: 0.2 ms]
      [Ref Enq: 0.0 ms]
      [Free CSet: 0.0 ms]
   [Eden: 0.0B(25.0M)->0.0B(25.0M) Survivors: 0.0B->0.0B Heap: 511.3M(512.0M)->511.3M(512.0M)]
 [Times: user=0.01 sys=0.00, real=0.00 secs] 
366.297: [GC pause (young)366.298: [SoftReference, 0 refs, 0.0000130 secs]366.298: [WeakReference, 0 refs, 0.0000030 secs]366.298: [FinalReference, 0 refs, 0.0000030 secs]366.298: [PhantomReference, 0 refs, 0.0000020 secs]366.298: [JNI Weak Reference, 0.0000020 secs], 0.0010960 secs]
   [Parallel Time: 0.8 ms, GC Workers: 8]
      [GC Worker Start (ms): Min: 366297.4, Avg: 366297.4, Max: 366297.6, Diff: 0.2]
      [Ext Root Scanning (ms): Min: 0.4, Avg: 0.5, Max: 0.6, Diff: 0.2, Sum: 4.2]
      [Update RS (ms): Min: 0.0, Avg: 0.0, Max: 0.0, Diff: 0.0, Sum: 0.0]
         [Processed Buffers: Min: 0, Avg: 0.1, Max: 1, Diff: 1, Sum: 1]
      [Scan RS (ms): Min: 0.0, Avg: 0.0, Max: 0.0, Diff: 0.0, Sum: 0.0]
      [Object Copy (ms): Min: 0.0, Avg: 0.0, Max: 0.1, Diff: 0.0, Sum: 0.4]
      [Termination (ms): Min: 0.0, Avg: 0.1, Max: 0.2, Diff: 0.2, Sum: 1.0]
      [GC Worker Other (ms): Min: 0.0, Avg: 0.0, Max: 0.0, Diff: 0.0, Sum: 0.3]
      [GC Worker Total (ms): Min: 0.5, Avg: 0.7, Max: 0.8, Diff: 0.3, Sum: 5.8]
      [GC Worker End (ms): Min: 366298.1, Avg: 366298.2, Max: 366298.2, Diff: 0.1]
   [Code Root Fixup: 0.0 ms]
   [Clear CT: 0.1 ms]
   [Other: 0.2 ms]
      [Choose CSet: 0.0 ms]
      [Ref Proc: 0.1 ms]
      [Ref Enq: 0.0 ms]
      [Free CSet: 0.0 ms]
   [Eden: 0.0B(25.0M)->0.0B(25.0M) Survivors: 0.0B->0.0B Heap: 511.3M(512.0M)->511.3M(512.0M)]
 [Times: user=0.00 sys=0.00, real=0.00 secs] 
366.299: [GC pause (young)366.299: [SoftReference, 0 refs, 0.0000130 secs]366.300: [WeakReference, 0 refs, 0.0000030 secs]366.300: [FinalReference, 0 refs, 0.0000020 secs]366.300: [PhantomReference, 0 refs, 0.0000030 secs]366.300: [JNI Weak Reference, 0.0000020 secs], 0.0010570 secs]
   [Parallel Time: 0.8 ms, GC Workers: 8]
      [GC Worker Start (ms): Min: 366298.6, Avg: 366298.7, Max: 366298.9, Diff: 0.2]
      [Ext Root Scanning (ms): Min: 0.3, Avg: 0.5, Max: 0.6, Diff: 0.2, Sum: 3.9]
      [Update RS (ms): Min: 0.0, Avg: 0.0, Max: 0.0, Diff: 0.0, Sum: 0.0]
         [Processed Buffers: Min: 0, Avg: 0.1, Max: 1, Diff: 1, Sum: 1]
      [Scan RS (ms): Min: 0.0, Avg: 0.0, Max: 0.0, Diff: 0.0, Sum: 0.0]
      [Object Copy (ms): Min: 0.0, Avg: 0.0, Max: 0.1, Diff: 0.0, Sum: 0.4]
      [Termination (ms): Min: 0.0, Avg: 0.1, Max: 0.2, Diff: 0.2, Sum: 0.8]
      [GC Worker Other (ms): Min: 0.0, Avg: 0.0, Max: 0.0, Diff: 0.0, Sum: 0.0]
      [GC Worker Total (ms): Min: 0.5, Avg: 0.6, Max: 0.7, Diff: 0.2, Sum: 5.1]
      [GC Worker End (ms): Min: 366299.3, Avg: 366299.4, Max: 366299.4, Diff: 0.0]
   [Code Root Fixup: 0.0 ms]
   [Clear CT: 0.1 ms]
   [Other: 0.2 ms]
      [Choose CSet: 0.0 ms]
      [Ref Proc: 0.1 ms]
      [Ref Enq: 0.0 ms]
      [Free CSet: 0.0 ms]
   [Eden: 0.0B(25.0M)->0.0B(25.0M) Survivors: 0.0B->0.0B Heap: 511.3M(512.0M)->511.3M(512.0M)]
 [Times: user=0.01 sys=0.00, real=0.00 secs] 
366.300: [Full GC367.328: [SoftReference, 27 refs, 0.0000300 secs]367.328: [WeakReference, 169 refs, 0.0000170 secs]367.328: [FinalReference, 6 refs, 0.0000040 secs]367.328: [PhantomReference, 0 refs, 0.0000020 secs]367.328: [JNI Weak Reference, 0.0000020 secs] 511M->510M(512M), 2.0096870 secs]
   [Eden: 0.0B(25.0M)->0.0B(25.0M) Survivors: 0.0B->0.0B Heap: 511.3M(512.0M)->510.3M(512.0M)]
 [Times: user=3.32 sys=0.01, real=2.01 secs] 
368.311: [GC pause (young)368.314: [SoftReference, 0 refs, 0.0000210 secs]368.314: [WeakReference, 0 refs, 0.0000030 secs]368.314: [FinalReference, 0 refs, 0.0000020 secs]368.314: [PhantomReference, 0 refs, 0.0000120 secs]368.314: [JNI Weak Reference, 0.0000020 secs] (to-space exhausted), 0.0039460 secs]
   [Parallel Time: 2.6 ms, GC Workers: 8]
      [GC Worker Start (ms): Min: 368310.9, Avg: 368311.3, Max: 368312.1, Diff: 1.2]
      [Ext Root Scanning (ms): Min: 0.0, Avg: 0.7, Max: 1.1, Diff: 1.1, Sum: 5.2]
      [Update RS (ms): Min: 0.0, Avg: 0.6, Max: 1.3, Diff: 1.3, Sum: 4.6]
         [Processed Buffers: Min: 0, Avg: 1.2, Max: 4, Diff: 4, Sum: 10]
      [Scan RS (ms): Min: 0.0, Avg: 0.0, Max: 0.0, Diff: 0.0, Sum: 0.0]
      [Object Copy (ms): Min: 0.2, Avg: 0.8, Max: 1.4, Diff: 1.2, Sum: 6.7]
      [Termination (ms): Min: 0.0, Avg: 0.1, Max: 0.1, Diff: 0.1, Sum: 0.5]
      [GC Worker Other (ms): Min: 0.0, Avg: 0.0, Max: 0.0, Diff: 0.0, Sum: 0.0]
      [GC Worker Total (ms): Min: 1.3, Avg: 2.1, Max: 2.5, Diff: 1.2, Sum: 17.0]
      [GC Worker End (ms): Min: 368313.4, Avg: 368313.4, Max: 368313.4, Diff: 0.0]
   [Code Root Fixup: 0.0 ms]
   [Clear CT: 0.1 ms]
   [Other: 1.3 ms]
      [Choose CSet: 0.0 ms]
      [Ref Proc: 0.2 ms]
      [Ref Enq: 0.0 ms]
      [Free CSet: 0.0 ms]
   [Eden: 1024.0K(25.0M)->0.0B(25.0M) Survivors: 0.0B->0.0B Heap: 511.3M(512.0M)->511.3M(512.0M)]
 [Times: user=0.02 sys=0.00, real=0.00 secs] 
368.315: [GC pause (young) (initial-mark)368.317: [SoftReference, 0 refs, 0.0000160 secs]368.317: [WeakReference, 0 refs, 0.0000030 secs]368.317: [FinalReference, 0 refs, 0.0000020 secs]368.317: [PhantomReference, 0 refs, 0.0000020 secs]368.317: [JNI Weak Reference, 0.0000030 secs], 0.0020960 secs]
   [Parallel Time: 1.8 ms, GC Workers: 8]
      [GC Worker Start (ms): Min: 368314.7, Avg: 368315.0, Max: 368315.9, Diff: 1.2]
      [Ext Root Scanning (ms): Min: 0.0, Avg: 0.6, Max: 1.2, Diff: 1.2, Sum: 4.5]
      [Update RS (ms): Min: 0.5, Avg: 0.7, Max: 0.9, Diff: 0.4, Sum: 5.5]
         [Processed Buffers: Min: 1, Avg: 4.0, Max: 14, Diff: 13, Sum: 32]
      [Scan RS (ms): Min: 0.0, Avg: 0.0, Max: 0.0, Diff: 0.0, Sum: 0.0]
      [Object Copy (ms): Min: 0.0, Avg: 0.1, Max: 0.3, Diff: 0.3, Sum: 1.1]
      [Termination (ms): Min: 0.0, Avg: 0.1, Max: 0.1, Diff: 0.1, Sum: 0.4]
      [GC Worker Other (ms): Min: 0.0, Avg: 0.0, Max: 0.0, Diff: 0.0, Sum: 0.0]
      [GC Worker Total (ms): Min: 0.6, Avg: 1.5, Max: 1.8, Diff: 1.2, Sum: 11.6]
      [GC Worker End (ms): Min: 368316.5, Avg: 368316.5, Max: 368316.5, Diff: 0.0]
   [Code Root Fixup: 0.0 ms]
   [Clear CT: 0.1 ms]
   [Other: 0.2 ms]
      [Choose CSet: 0.0 ms]
      [Ref Proc: 0.2 ms]
      [Ref Enq: 0.0 ms]
      [Free CSet: 0.0 ms]
   [Eden: 0.0B(25.0M)->0.0B(25.0M) Survivors: 0.0B->0.0B Heap: 511.3M(512.0M)->511.3M(512.0M)]
 [Times: user=0.01 sys=0.00, real=0.00 secs] 
368.317: [GC concurrent-root-region-scan-start]
368.317: [GC concurrent-root-region-scan-end, 0.0000050 secs]
368.317: [GC concurrent-mark-start]
368.317: [Full GC369.337: [SoftReference, 27 refs, 0.0000300 secs]369.337: [WeakReference, 169 refs, 0.0000150 secs]369.337: [FinalReference, 5 refs, 0.0000030 secs]369.337: [PhantomReference, 0 refs, 0.0000020 secs]369.337: [JNI Weak Reference, 0.0000020 secs] 511M->510M(512M), 1.9298610 secs]
   [Eden: 0.0B(25.0M)->0.0B(25.0M) Survivors: 0.0B->0.0B Heap: 511.3M(512.0M)->510.3M(512.0M)]
 [Times: user=3.25 sys=0.01, real=1.93 secs] 
370.247: [GC concurrent-mark-abort]
370.248: [GC pause (young)370.251: [SoftReference, 0 refs, 0.0000320 secs]370.251: [WeakReference, 0 refs, 0.0000030 secs]370.251: [FinalReference, 0 refs, 0.0000030 secs]370.251: [PhantomReference, 0 refs, 0.0000020 secs]370.251: [JNI Weak Reference, 0.0000030 secs] (to-space exhausted), 0.0042530 secs]
   [Parallel Time: 2.9 ms, GC Workers: 8]
      [GC Worker Start (ms): Min: 370248.1, Avg: 370248.4, Max: 370249.2, Diff: 1.1]
      [Ext Root Scanning (ms): Min: 0.0, Avg: 0.6, Max: 0.9, Diff: 0.9, Sum: 5.0]
      [Update RS (ms): Min: 0.0, Avg: 0.5, Max: 1.9, Diff: 1.9, Sum: 3.8]
         [Processed Buffers: Min: 0, Avg: 0.9, Max: 4, Diff: 4, Sum: 7]
      [Scan RS (ms): Min: 0.0, Avg: 0.0, Max: 0.0, Diff: 0.0, Sum: 0.0]
      [Object Copy (ms): Min: 0.1, Avg: 0.5, Max: 0.8, Diff: 0.8, Sum: 3.9]
      [Termination (ms): Min: 0.0, Avg: 0.9, Max: 1.2, Diff: 1.2, Sum: 7.3]
      [GC Worker Other (ms): Min: 0.0, Avg: 0.0, Max: 0.0, Diff: 0.0, Sum: 0.1]
      [GC Worker Total (ms): Min: 1.7, Avg: 2.5, Max: 2.8, Diff: 1.1, Sum: 20.1]
      [GC Worker End (ms): Min: 370250.9, Avg: 370250.9, Max: 370251.0, Diff: 0.0]
   [Code Root Fixup: 0.0 ms]
   [Clear CT: 0.1 ms]
   [Other: 1.3 ms]
      [Choose CSet: 0.0 ms]
      [Ref Proc: 0.2 ms]
      [Ref Enq: 0.0 ms]
      [Free CSet: 0.0 ms]
   [Eden: 1024.0K(25.0M)->0.0B(25.0M) Survivors: 0.0B->0.0B Heap: 511.3M(512.0M)->511.3M(512.0M)]
 [Times: user=0.02 sys=0.00, real=0.01 secs] 
370.252: [Full GC371.282: [SoftReference, 27 refs, 0.0000270 secs]371.282: [WeakReference, 169 refs, 0.0000150 secs]371.282: [FinalReference, 5 refs, 0.0000030 secs]371.282: [PhantomReference, 0 refs, 0.0000020 secs]371.282: [JNI Weak Reference, 0.0000020 secs] 511M->510M(512M), 1.9575050 secs]
   [Eden: 0.0B(25.0M)->0.0B(25.0M) Survivors: 0.0B->0.0B Heap: 511.3M(512.0M)->510.4M(512.0M)]
 [Times: user=3.27 sys=0.01, real=1.95 secs] 
372.211: [GC pause (young)372.214: [SoftReference, 0 refs, 0.0000160 secs]372.214: [WeakReference, 0 refs, 0.0000030 secs]372.214: [FinalReference, 0 refs, 0.0000020 secs]372.214: [PhantomReference, 0 refs, 0.0000020 secs]372.214: [JNI Weak Reference, 0.0000120 secs] (to-space exhausted), 0.0038610 secs]
   [Parallel Time: 2.5 ms, GC Workers: 8]
      [GC Worker Start (ms): Min: 372211.0, Avg: 372211.8, Max: 372213.2, Diff: 2.1]
      [Ext Root Scanning (ms): Min: 0.0, Avg: 0.5, Max: 0.9, Diff: 0.9, Sum: 4.1]
      [Update RS (ms): Min: 0.0, Avg: 0.6, Max: 1.4, Diff: 1.4, Sum: 5.0]
         [Processed Buffers: Min: 0, Avg: 1.0, Max: 4, Diff: 4, Sum: 8]
      [Scan RS (ms): Min: 0.0, Avg: 0.0, Max: 0.0, Diff: 0.0, Sum: 0.0]
      [Object Copy (ms): Min: 0.0, Avg: 0.2, Max: 0.8, Diff: 0.7, Sum: 1.4]
      [Termination (ms): Min: 0.0, Avg: 0.3, Max: 0.7, Diff: 0.7, Sum: 2.5]
      [GC Worker Other (ms): Min: 0.0, Avg: 0.0, Max: 0.0, Diff: 0.0, Sum: 0.1]
      [GC Worker Total (ms): Min: 0.3, Avg: 1.6, Max: 2.5, Diff: 2.2, Sum: 13.1]
      [GC Worker End (ms): Min: 372213.4, Avg: 372213.5, Max: 372213.5, Diff: 0.0]
   [Code Root Fixup: 0.0 ms]
   [Clear CT: 0.2 ms]
   [Other: 1.2 ms]
      [Choose CSet: 0.0 ms]
      [Ref Proc: 0.2 ms]
      [Ref Enq: 0.0 ms]
      [Free CSet: 0.0 ms]
   [Eden: 1024.0K(25.0M)->0.0B(25.0M) Survivors: 0.0B->0.0B Heap: 511.4M(512.0M)->511.4M(512.0M)]
 [Times: user=0.01 sys=0.00, real=0.00 secs] 
372.215: [Full GC373.242: [SoftReference, 27 refs, 0.0000260 secs]373.242: [WeakReference, 169 refs, 0.0000160 secs]373.242: [FinalReference, 5 refs, 0.0000030 secs]373.242: [PhantomReference, 0 refs, 0.0000020 secs]373.242: [JNI Weak Reference, 0.0000030 secs] 511M->510M(512M), 1.9144390 secs]
   [Eden: 0.0B(25.0M)->0.0B(25.0M) Survivors: 0.0B->0.0B Heap: 511.4M(512.0M)->510.4M(512.0M)]
 [Times: user=3.24 sys=0.01, real=1.91 secs] 
374.130: [GC pause (young)374.133: [SoftReference, 0 refs, 0.0000240 secs]374.133: [WeakReference, 0 refs, 0.0000030 secs]374.133: [FinalReference, 0 refs, 0.0000020 secs]374.133: [PhantomReference, 0 refs, 0.0000020 secs]374.133: [JNI Weak Reference, 0.0000030 secs] (to-space exhausted), 0.0037950 secs]
   [Parallel Time: 2.5 ms, GC Workers: 8]
      [GC Worker Start (ms): Min: 374130.4, Avg: 374130.7, Max: 374131.5, Diff: 1.1]
      [Ext Root Scanning (ms): Min: 0.0, Avg: 0.6, Max: 0.9, Diff: 0.9, Sum: 5.0]
      [Update RS (ms): Min: 0.0, Avg: 0.4, Max: 1.5, Diff: 1.5, Sum: 3.1]
         [Processed Buffers: Min: 0, Avg: 0.9, Max: 3, Diff: 3, Sum: 7]
      [Scan RS (ms): Min: 0.0, Avg: 0.0, Max: 0.0, Diff: 0.0, Sum: 0.0]
      [Object Copy (ms): Min: 0.1, Avg: 0.4, Max: 0.8, Diff: 0.7, Sum: 3.3]
      [Termination (ms): Min: 0.1, Avg: 0.7, Max: 1.1, Diff: 1.0, Sum: 5.8]
      [GC Worker Other (ms): Min: 0.0, Avg: 0.0, Max: 0.0, Diff: 0.0, Sum: 0.0]
      [GC Worker Total (ms): Min: 1.4, Avg: 2.1, Max: 2.5, Diff: 1.1, Sum: 17.2]
      [GC Worker End (ms): Min: 374132.8, Avg: 374132.8, Max: 374132.8, Diff: 0.0]
   [Code Root Fixup: 0.0 ms]
   [Clear CT: 0.1 ms]
   [Other: 1.2 ms]
      [Choose CSet: 0.0 ms]
      [Ref Proc: 0.2 ms]
      [Ref Enq: 0.0 ms]
      [Free CSet: 0.0 ms]
   [Eden: 1024.0K(25.0M)->0.0B(25.0M) Survivors: 0.0B->0.0B Heap: 511.4M(512.0M)->511.4M(512.0M)]
 [Times: user=0.02 sys=0.00, real=0.01 secs] 
374.134: [Full GC375.171: [SoftReference, 27 refs, 0.0000270 secs]375.171: [WeakReference, 169 refs, 0.0000170 secs]375.171: [FinalReference, 5 refs, 0.0000030 secs]375.171: [PhantomReference, 0 refs, 0.0000020 secs]375.171: [JNI Weak Reference, 0.0000020 secs] 511M->510M(512M), 1.9340930 secs]
   [Eden: 0.0B(25.0M)->0.0B(25.0M) Survivors: 0.0B->0.0B Heap: 511.4M(512.0M)->510.1M(512.0M)]
 [Times: user=3.25 sys=0.01, real=1.93 secs] 
376.068: [GC pause (young)376.071: [SoftReference, 0 refs, 0.0000240 secs]376.071: [WeakReference, 0 refs, 0.0000110 secs]376.071: [FinalReference, 0 refs, 0.0000020 secs]376.071: [PhantomReference, 0 refs, 0.0000020 secs]376.071: [JNI Weak Reference, 0.0000030 secs] (to-space exhausted), 0.0027640 secs]
   [Parallel Time: 1.9 ms, GC Workers: 8]
      [GC Worker Start (ms): Min: 376068.8, Avg: 376068.9, Max: 376069.1, Diff: 0.3]
      [Ext Root Scanning (ms): Min: 0.5, Avg: 0.7, Max: 0.8, Diff: 0.3, Sum: 5.6]
      [Update RS (ms): Min: 0.0, Avg: 0.1, Max: 1.0, Diff: 1.0, Sum: 1.0]
         [Processed Buffers: Min: 0, Avg: 0.4, Max: 1, Diff: 1, Sum: 3]
      [Scan RS (ms): Min: 0.0, Avg: 0.0, Max: 0.0, Diff: 0.0, Sum: 0.0]
      [Object Copy (ms): Min: 0.0, Avg: 0.1, Max: 0.2, Diff: 0.1, Sum: 0.8]
      [Termination (ms): Min: 0.0, Avg: 0.8, Max: 0.9, Diff: 0.9, Sum: 6.3]
      [GC Worker Other (ms): Min: 0.0, Avg: 0.0, Max: 0.0, Diff: 0.0, Sum: 0.1]
      [GC Worker Total (ms): Min: 1.5, Avg: 1.7, Max: 1.8, Diff: 0.3, Sum: 13.8]
      [GC Worker End (ms): Min: 376070.6, Avg: 376070.6, Max: 376070.6, Diff: 0.0]
   [Code Root Fixup: 0.0 ms]
   [Clear CT: 0.1 ms]
   [Other: 0.8 ms]
      [Choose CSet: 0.0 ms]
      [Ref Proc: 0.2 ms]
      [Ref Enq: 0.0 ms]
      [Free CSet: 0.0 ms]
   [Eden: 1024.0K(25.0M)->0.0B(25.0M) Survivors: 0.0B->0.0B Heap: 511.1M(512.0M)->511.1M(512.0M)]
 [Times: user=0.02 sys=0.00, real=0.01 secs] 
376.071: [Full GC377.105: [SoftReference, 6 refs, 0.0007970 secs]377.106: [WeakReference, 170 refs, 0.0000240 secs]377.106: [FinalReference, 5 refs, 0.0000060 secs]377.106: [PhantomReference, 0 refs, 0.0000050 secs]377.106: [JNI Weak Reference, 0.0000060 secs] 511M->510M(512M), 1.9287100 secs]
   [Eden: 0.0B(25.0M)->0.0B(25.0M) Survivors: 0.0B->0.0B Heap: 511.1M(512.0M)->510.1M(512.0M)]
 [Times: user=3.25 sys=0.01, real=1.92 secs] 
378.000: [GC pause (young)378.003: [SoftReference, 0 refs, 0.0000240 secs]378.003: [WeakReference, 0 refs, 0.0000030 secs]378.003: [FinalReference, 0 refs, 0.0000130 secs]378.003: [PhantomReference, 0 refs, 0.0000020 secs]378.003: [JNI Weak Reference, 0.0000030 secs] (to-space exhausted), 0.0029240 secs]
   [Parallel Time: 2.1 ms, GC Workers: 8]
      [GC Worker Start (ms): Min: 378000.7, Avg: 378001.3, Max: 378002.0, Diff: 1.3]
      [Ext Root Scanning (ms): Min: 0.0, Avg: 0.6, Max: 1.1, Diff: 1.1, Sum: 4.4]
      [Update RS (ms): Min: 0.0, Avg: 0.1, Max: 1.0, Diff: 1.0, Sum: 1.0]
         [Processed Buffers: Min: 0, Avg: 0.5, Max: 3, Diff: 3, Sum: 4]
      [Scan RS (ms): Min: 0.0, Avg: 0.0, Max: 0.0, Diff: 0.0, Sum: 0.0]
      [Object Copy (ms): Min: 0.0, Avg: 0.1, Max: 0.1, Diff: 0.1, Sum: 0.7]
      [Termination (ms): Min: 0.1, Avg: 0.7, Max: 1.0, Diff: 0.9, Sum: 6.0]
      [GC Worker Other (ms): Min: 0.0, Avg: 0.0, Max: 0.0, Diff: 0.0, Sum: 0.0]
      [GC Worker Total (ms): Min: 0.8, Avg: 1.5, Max: 2.1, Diff: 1.3, Sum: 12.1]
      [GC Worker End (ms): Min: 378002.8, Avg: 378002.8, Max: 378002.8, Diff: 0.0]
   [Code Root Fixup: 0.0 ms]
   [Clear CT: 0.1 ms]
   [Other: 0.7 ms]
      [Choose CSet: 0.0 ms]
      [Ref Proc: 0.2 ms]
      [Ref Enq: 0.0 ms]
      [Free CSet: 0.0 ms]
   [Eden: 1024.0K(25.0M)->0.0B(25.0M) Survivors: 0.0B->0.0B Heap: 511.1M(512.0M)->511.1M(512.0M)]
 [Times: user=0.01 sys=0.00, real=0.01 secs] 
378.003: [Full GC379.030: [SoftReference, 23 refs, 0.0000280 secs]379.030: [WeakReference, 169 refs, 0.0000160 secs]379.030: [FinalReference, 5 refs, 0.0000110 secs]379.030: [PhantomReference, 0 refs, 0.0000020 secs]379.030: [JNI Weak Reference, 0.0000030 secs] 511M->510M(512M), 1.9358110 secs]
   [Eden: 0.0B(25.0M)->0.0B(25.0M) Survivors: 0.0B->0.0B Heap: 511.1M(512.0M)->510.2M(512.0M)]
 [Times: user=3.25 sys=0.01, real=1.93 secs] 
379.940: [GC pause (young)379.941: [SoftReference, 0 refs, 0.0000220 secs]379.941: [WeakReference, 0 refs, 0.0000120 secs]379.941: [FinalReference, 0 refs, 0.0000020 secs]379.941: [PhantomReference, 0 refs, 0.0000020 secs]379.942: [JNI Weak Reference, 0.0000020 secs] (to-space exhausted), 0.0022390 secs]
   [Parallel Time: 1.5 ms, GC Workers: 8]
      [GC Worker Start (ms): Min: 379939.8, Avg: 379939.9, Max: 379940.0, Diff: 0.2]
      [Ext Root Scanning (ms): Min: 0.1, Avg: 0.7, Max: 1.0, Diff: 0.8, Sum: 5.8]
      [Update RS (ms): Min: 0.0, Avg: 0.1, Max: 0.5, Diff: 0.5, Sum: 0.5]
         [Processed Buffers: Min: 0, Avg: 0.6, Max: 4, Diff: 4, Sum: 5]
      [Scan RS (ms): Min: 0.0, Avg: 0.0, Max: 0.0, Diff: 0.0, Sum: 0.0]
      [Object Copy (ms): Min: 0.1, Avg: 0.2, Max: 1.0, Diff: 1.0, Sum: 1.9]
      [Termination (ms): Min: 0.0, Avg: 0.3, Max: 0.5, Diff: 0.5, Sum: 2.4]
      [GC Worker Other (ms): Min: 0.0, Avg: 0.0, Max: 0.0, Diff: 0.0, Sum: 0.2]
      [GC Worker Total (ms): Min: 1.3, Avg: 1.3, Max: 1.4, Diff: 0.1, Sum: 10.7]
      [GC Worker End (ms): Min: 379941.2, Avg: 379941.3, Max: 379941.3, Diff: 0.0]
   [Code Root Fixup: 0.0 ms]
   [Clear CT: 0.1 ms]
   [Other: 0.6 ms]
      [Choose CSet: 0.0 ms]
      [Ref Proc: 0.2 ms]
      [Ref Enq: 0.0 ms]
      [Free CSet: 0.0 ms]
   [Eden: 1024.0K(25.0M)->0.0B(25.0M) Survivors: 0.0B->0.0B Heap: 511.2M(512.0M)->511.2M(512.0M)]
 [Times: user=0.01 sys=0.00, real=0.01 secs] 
379.942: [Full GC380.983: [SoftReference, 25 refs, 0.0000250 secs]380.983: [WeakReference, 169 refs, 0.0000160 secs]380.983: [FinalReference, 5 refs, 0.0000030 secs]380.983: [PhantomReference, 0 refs, 0.0000020 secs]380.983: [JNI Weak Reference, 0.0000030 secs] 511M->510M(512M), 1.9071990 secs]
   [Eden: 0.0B(25.0M)->0.0B(25.0M) Survivors: 0.0B->0.0B Heap: 511.2M(512.0M)->510.2M(512.0M)]
 [Times: user=3.22 sys=0.01, real=1.90 secs] 
381.850: [GC pause (young)381.852: [SoftReference, 0 refs, 0.0000230 secs]381.852: [WeakReference, 0 refs, 0.0000270 secs]381.852: [FinalReference, 0 refs, 0.0000020 secs]381.852: [PhantomReference, 0 refs, 0.0000020 secs]381.852: [JNI Weak Reference, 0.0000020 secs] (to-space exhausted), 0.0027310 secs]
   [Parallel Time: 1.8 ms, GC Workers: 8]
      [GC Worker Start (ms): Min: 381849.9, Avg: 381850.1, Max: 381850.5, Diff: 0.6]
      [Ext Root Scanning (ms): Min: 0.3, Avg: 0.7, Max: 1.0, Diff: 0.7, Sum: 5.5]
      [Update RS (ms): Min: 0.0, Avg: 0.1, Max: 0.7, Diff: 0.7, Sum: 0.7]
         [Processed Buffers: Min: 0, Avg: 0.2, Max: 1, Diff: 1, Sum: 2]
      [Scan RS (ms): Min: 0.0, Avg: 0.0, Max: 0.0, Diff: 0.0, Sum: 0.0]
      [Object Copy (ms): Min: 0.0, Avg: 0.1, Max: 0.4, Diff: 0.4, Sum: 1.1]
      [Termination (ms): Min: 0.0, Avg: 0.5, Max: 0.7, Diff: 0.7, Sum: 4.1]
      [GC Worker Other (ms): Min: 0.0, Avg: 0.1, Max: 0.1, Diff: 0.0, Sum: 0.4]
      [GC Worker Total (ms): Min: 1.1, Avg: 1.5, Max: 1.7, Diff: 0.6, Sum: 11.8]
      [GC Worker End (ms): Min: 381851.6, Avg: 381851.6, Max: 381851.6, Diff: 0.0]
   [Code Root Fixup: 0.0 ms]
   [Clear CT: 0.2 ms]
   [Other: 0.8 ms]
      [Choose CSet: 0.0 ms]
      [Ref Proc: 0.2 ms]
      [Ref Enq: 0.0 ms]
      [Free CSet: 0.0 ms]
   [Eden: 1024.0K(25.0M)->0.0B(25.0M) Survivors: 0.0B->0.0B Heap: 511.2M(512.0M)->511.2M(512.0M)]
 [Times: user=0.01 sys=0.00, real=0.01 secs] 
381.853: [Full GC382.891: [SoftReference, 25 refs, 0.0000280 secs]382.891: [WeakReference, 169 refs, 0.0000180 secs]382.891: [FinalReference, 5 refs, 0.0000030 secs]382.891: [PhantomReference, 0 refs, 0.0000020 secs]382.891: [JNI Weak Reference, 0.0000030 secs] 511M->510M(512M), 1.9188120 secs]
   [Eden: 0.0B(25.0M)->0.0B(25.0M) Survivors: 0.0B->0.0B Heap: 511.2M(512.0M)->510.2M(512.0M)]
 [Times: user=3.24 sys=0.01, real=1.92 secs] 
383.772: [GC pause (young)383.774: [SoftReference, 0 refs, 0.0000260 secs]383.774: [WeakReference, 0 refs, 0.0000030 secs]383.774: [FinalReference, 0 refs, 0.0000030 secs]383.774: [PhantomReference, 0 refs, 0.0000110 secs]383.774: [JNI Weak Reference, 0.0000020 secs] (to-space exhausted), 0.0028510 secs]
   [Parallel Time: 2.0 ms, GC Workers: 8]
      [GC Worker Start (ms): Min: 383771.9, Avg: 383772.0, Max: 383772.1, Diff: 0.2]
      [Ext Root Scanning (ms): Min: 0.1, Avg: 0.6, Max: 0.8, Diff: 0.7, Sum: 5.0]
      [Update RS (ms): Min: 0.0, Avg: 0.1, Max: 1.1, Diff: 1.1, Sum: 1.2]
         [Processed Buffers: Min: 0, Avg: 0.5, Max: 2, Diff: 2, Sum: 4]
      [Scan RS (ms): Min: 0.0, Avg: 0.0, Max: 0.0, Diff: 0.0, Sum: 0.0]
      [Object Copy (ms): Min: 0.1, Avg: 0.3, Max: 0.9, Diff: 0.8, Sum: 2.3]
      [Termination (ms): Min: 0.0, Avg: 0.8, Max: 0.9, Diff: 0.9, Sum: 6.2]
      [GC Worker Other (ms): Min: 0.0, Avg: 0.0, Max: 0.0, Diff: 0.0, Sum: 0.2]
      [GC Worker Total (ms): Min: 1.8, Avg: 1.9, Max: 1.9, Diff: 0.1, Sum: 14.9]
      [GC Worker End (ms): Min: 383773.9, Avg: 383773.9, Max: 383773.9, Diff: 0.0]
   [Code Root Fixup: 0.0 ms]
   [Clear CT: 0.1 ms]
   [Other: 0.7 ms]
      [Choose CSet: 0.0 ms]
      [Ref Proc: 0.2 ms]
      [Ref Enq: 0.0 ms]
      [Free CSet: 0.0 ms]
   [Eden: 1024.0K(25.0M)->0.0B(25.0M) Survivors: 0.0B->0.0B Heap: 511.2M(512.0M)->511.2M(512.0M)]
 [Times: user=0.02 sys=0.00, real=0.00 secs] 
383.775: [Full GC384.813: [SoftReference, 25 refs, 0.0000280 secs]384.813: [WeakReference, 169 refs, 0.0000160 secs]384.813: [FinalReference, 5 refs, 0.0000030 secs]384.813: [PhantomReference, 0 refs, 0.0000020 secs]384.813: [JNI Weak Reference, 0.0000020 secs] 511M->510M(512M), 1.9078270 secs]
   [Eden: 0.0B(25.0M)->0.0B(25.0M) Survivors: 0.0B->0.0B Heap: 511.2M(512.0M)->510.2M(512.0M)]
 [Times: user=3.22 sys=0.01, real=1.91 secs] 
385.683: [GC pause (young)385.685: [SoftReference, 0 refs, 0.0000190 secs]385.685: [WeakReference, 0 refs, 0.0000030 secs]385.685: [FinalReference, 0 refs, 0.0000030 secs]385.685: [PhantomReference, 0 refs, 0.0000030 secs]385.685: [JNI Weak Reference, 0.0000030 secs] (to-space exhausted), 0.0024630 secs]
   [Parallel Time: 1.7 ms, GC Workers: 8]
      [GC Worker Start (ms): Min: 385683.2, Avg: 385683.6, Max: 385684.4, Diff: 1.2]
      [Ext Root Scanning (ms): Min: 0.0, Avg: 0.6, Max: 1.3, Diff: 1.3, Sum: 4.8]
      [Update RS (ms): Min: 0.0, Avg: 0.1, Max: 0.8, Diff: 0.8, Sum: 0.8]
         [Processed Buffers: Min: 0, Avg: 0.5, Max: 3, Diff: 3, Sum: 4]
      [Scan RS (ms): Min: 0.0, Avg: 0.0, Max: 0.0, Diff: 0.0, Sum: 0.0]
      [Object Copy (ms): Min: 0.0, Avg: 0.1, Max: 0.2, Diff: 0.2, Sum: 0.9]
      [Termination (ms): Min: 0.0, Avg: 0.4, Max: 0.6, Diff: 0.6, Sum: 3.2]
      [GC Worker Other (ms): Min: 0.0, Avg: 0.0, Max: 0.0, Diff: 0.0, Sum: 0.0]
      [GC Worker Total (ms): Min: 0.5, Avg: 1.2, Max: 1.7, Diff: 1.2, Sum: 9.8]
      [GC Worker End (ms): Min: 385684.8, Avg: 385684.8, Max: 385684.9, Diff: 0.0]
   [Code Root Fixup: 0.0 ms]
   [Clear CT: 0.1 ms]
   [Other: 0.6 ms]
      [Choose CSet: 0.0 ms]
      [Ref Proc: 0.2 ms]
      [Ref Enq: 0.0 ms]
      [Free CSet: 0.0 ms]
   [Eden: 1024.0K(25.0M)->0.0B(25.0M) Survivors: 0.0B->0.0B Heap: 511.2M(512.0M)->511.2M(512.0M)]
 [Times: user=0.01 sys=0.00, real=0.00 secs] 
385.686: [Full GC386.707: [SoftReference, 26 refs, 0.0000250 secs]386.707: [WeakReference, 169 refs, 0.0000160 secs]386.707: [FinalReference, 5 refs, 0.0000030 secs]386.707: [PhantomReference, 0 refs, 0.0000020 secs]386.707: [JNI Weak Reference, 0.0000030 secs] 511M->510M(512M), 1.9010610 secs]
   [Eden: 0.0B(25.0M)->0.0B(25.0M) Survivors: 0.0B->0.0B Heap: 511.2M(512.0M)->510.2M(512.0M)]
 [Times: user=3.22 sys=0.01, real=1.90 secs] 
387.587: [Full GC388.562: [SoftReference, 22 refs, 0.0000270 secs]388.562: [WeakReference, 169 refs, 0.0000160 secs]388.562: [FinalReference, 5 refs, 0.0000030 secs]388.562: [PhantomReference, 0 refs, 0.0000030 secs]388.562: [JNI Weak Reference, 0.0000030 secs] 510M->510M(512M), 1.8729950 secs]
   [Eden: 1024.0K(25.0M)->0.0B(25.0M) Survivors: 0.0B->0.0B Heap: 510.3M(512.0M)->510.1M(512.0M)]
 [Times: user=3.18 sys=0.01, real=1.87 secs] 
389.462: [GC pause (young)389.465: [SoftReference, 0 refs, 0.0000160 secs]389.465: [WeakReference, 0 refs, 0.0000030 secs]389.465: [FinalReference, 0 refs, 0.0000030 secs]389.465: [PhantomReference, 0 refs, 0.0000020 secs]389.465: [JNI Weak Reference, 0.0000030 secs] (to-space exhausted), 0.0038030 secs]
   [Parallel Time: 2.4 ms, GC Workers: 8]
      [GC Worker Start (ms): Min: 389462.1, Avg: 389462.2, Max: 389462.6, Diff: 0.5]
      [Ext Root Scanning (ms): Min: 0.5, Avg: 0.7, Max: 1.0, Diff: 0.5, Sum: 6.0]
      [Update RS (ms): Min: 0.0, Avg: 0.8, Max: 1.5, Diff: 1.5, Sum: 6.6]
         [Processed Buffers: Min: 0, Avg: 1.0, Max: 3, Diff: 3, Sum: 8]
      [Scan RS (ms): Min: 0.0, Avg: 0.0, Max: 0.0, Diff: 0.0, Sum: 0.0]
      [Object Copy (ms): Min: 0.1, Avg: 0.6, Max: 1.4, Diff: 1.3, Sum: 4.7]
      [Termination (ms): Min: 0.0, Avg: 0.1, Max: 0.1, Diff: 0.1, Sum: 0.4]
      [GC Worker Other (ms): Min: 0.0, Avg: 0.0, Max: 0.1, Diff: 0.1, Sum: 0.4]
      [GC Worker Total (ms): Min: 1.8, Avg: 2.3, Max: 2.4, Diff: 0.5, Sum: 18.0]
      [GC Worker End (ms): Min: 389464.4, Avg: 389464.5, Max: 389464.5, Diff: 0.1]
   [Code Root Fixup: 0.0 ms]
   [Clear CT: 0.1 ms]
   [Other: 1.3 ms]
      [Choose CSet: 0.0 ms]
      [Ref Proc: 0.2 ms]
      [Ref Enq: 0.0 ms]
      [Free CSet: 0.0 ms]
   [Eden: 1024.0K(25.0M)->0.0B(25.0M) Survivors: 0.0B->0.0B Heap: 511.1M(512.0M)->511.1M(512.0M)]
 [Times: user=0.02 sys=0.00, real=0.00 secs] 
389.466: [GC pause (young) (initial-mark)389.469: [SoftReference, 0 refs, 0.0000270 secs]389.469: [WeakReference, 0 refs, 0.0000050 secs]389.469: [FinalReference, 0 refs, 0.0000040 secs]389.469: [PhantomReference, 0 refs, 0.0000040 secs]389.469: [JNI Weak Reference, 0.0000040 secs], 0.0035770 secs]
   [Parallel Time: 3.1 ms, GC Workers: 8]
      [GC Worker Start (ms): Min: 389465.7, Avg: 389465.8, Max: 389466.1, Diff: 0.4]
      [Ext Root Scanning (ms): Min: 0.6, Avg: 0.7, Max: 1.0, Diff: 0.5, Sum: 5.9]
      [Update RS (ms): Min: 1.6, Avg: 1.8, Max: 2.1, Diff: 0.5, Sum: 14.6]
         [Processed Buffers: Min: 1, Avg: 4.1, Max: 13, Diff: 12, Sum: 33]
      [Scan RS (ms): Min: 0.0, Avg: 0.0, Max: 0.0, Diff: 0.0, Sum: 0.0]
      [Object Copy (ms): Min: 0.1, Avg: 0.2, Max: 0.3, Diff: 0.2, Sum: 1.5]
      [Termination (ms): Min: 0.0, Avg: 0.1, Max: 0.3, Diff: 0.3, Sum: 0.9]
      [GC Worker Other (ms): Min: 0.0, Avg: 0.0, Max: 0.0, Diff: 0.0, Sum: 0.1]
      [GC Worker Total (ms): Min: 2.6, Avg: 2.9, Max: 3.0, Diff: 0.4, Sum: 23.1]
      [GC Worker End (ms): Min: 389468.7, Avg: 389468.7, Max: 389468.7, Diff: 0.0]
   [Code Root Fixup: 0.0 ms]
   [Clear CT: 0.1 ms]
   [Other: 0.4 ms]
      [Choose CSet: 0.0 ms]
      [Ref Proc: 0.4 ms]
      [Ref Enq: 0.0 ms]
      [Free CSet: 0.0 ms]
   [Eden: 0.0B(25.0M)->0.0B(25.0M) Survivors: 0.0B->0.0B Heap: 511.1M(512.0M)->511.1M(512.0M)]
 [Times: user=0.02 sys=0.00, real=0.00 secs] 
389.469: [GC concurrent-root-region-scan-start]
389.469: [GC concurrent-root-region-scan-end, 0.0000040 secs]
389.469: [GC concurrent-mark-start]
389.470: [Full GC390.508: [SoftReference, 28 refs, 0.0000280 secs]390.508: [WeakReference, 169 refs, 0.0000160 secs]390.508: [FinalReference, 5 refs, 0.0000020 secs]390.508: [PhantomReference, 0 refs, 0.0000020 secs]390.508: [JNI Weak Reference, 0.0000030 secs] 511M->510M(512M), 1.9836040 secs]
   [Eden: 0.0B(25.0M)->0.0B(25.0M) Survivors: 0.0B->0.0B Heap: 511.1M(512.0M)->510.2M(512.0M)]
 [Times: user=3.30 sys=0.01, real=1.99 secs] 
391.453: [GC concurrent-mark-abort]
391.454: [GC pause (young)391.457: [SoftReference, 0 refs, 0.0000150 secs]391.457: [WeakReference, 0 refs, 0.0000030 secs]391.457: [FinalReference, 0 refs, 0.0000020 secs]391.457: [PhantomReference, 0 refs, 0.0000110 secs]391.457: [JNI Weak Reference, 0.0000020 secs] (to-space exhausted), 0.0035670 secs]
   [Parallel Time: 2.4 ms, GC Workers: 8]
      [GC Worker Start (ms): Min: 391454.4, Avg: 391454.6, Max: 391455.0, Diff: 0.6]
      [Ext Root Scanning (ms): Min: 0.3, Avg: 0.7, Max: 0.9, Diff: 0.6, Sum: 5.5]
      [Update RS (ms): Min: 0.0, Avg: 0.4, Max: 1.5, Diff: 1.5, Sum: 3.5]
         [Processed Buffers: Min: 0, Avg: 0.8, Max: 3, Diff: 3, Sum: 6]
      [Scan RS (ms): Min: 0.0, Avg: 0.0, Max: 0.0, Diff: 0.0, Sum: 0.0]
      [Object Copy (ms): Min: 0.1, Avg: 0.5, Max: 0.9, Diff: 0.8, Sum: 4.0]
      [Termination (ms): Min: 0.0, Avg: 0.5, Max: 0.7, Diff: 0.7, Sum: 4.1]
      [GC Worker Other (ms): Min: 0.0, Avg: 0.0, Max: 0.1, Diff: 0.0, Sum: 0.3]
      [GC Worker Total (ms): Min: 1.7, Avg: 2.2, Max: 2.4, Diff: 0.6, Sum: 17.5]
      [GC Worker End (ms): Min: 391456.7, Avg: 391456.7, Max: 391456.8, Diff: 0.0]
   [Code Root Fixup: 0.0 ms]
   [Clear CT: 0.1 ms]
   [Other: 1.1 ms]
      [Choose CSet: 0.0 ms]
      [Ref Proc: 0.2 ms]
      [Ref Enq: 0.0 ms]
      [Free CSet: 0.0 ms]
   [Eden: 1024.0K(25.0M)->0.0B(25.0M) Survivors: 0.0B->0.0B Heap: 511.2M(512.0M)->511.2M(512.0M)]
 [Times: user=0.01 sys=0.00, real=0.00 secs] 
391.458: [Full GC392.486: [SoftReference, 28 refs, 0.0000270 secs]392.487: [WeakReference, 170 refs, 0.0000160 secs]392.487: [FinalReference, 5 refs, 0.0000030 secs]392.487: [PhantomReference, 0 refs, 0.0000020 secs]392.487: [JNI Weak Reference, 0.0000020 secs] 511M->509M(512M), 1.9557870 secs]
   [Eden: 0.0B(25.0M)->0.0B(25.0M) Survivors: 0.0B->0.0B Heap: 511.2M(512.0M)->509.9M(512.0M)]
 [Times: user=3.28 sys=0.01, real=1.96 secs] 
393.414: [GC pause (young)393.416: [SoftReference, 0 refs, 0.0000330 secs]393.416: [WeakReference, 0 refs, 0.0000040 secs]393.416: [FinalReference, 0 refs, 0.0000030 secs]393.416: [PhantomReference, 0 refs, 0.0000130 secs]393.416: [JNI Weak Reference, 0.0000040 secs] (to-space exhausted), 0.0022740 secs]
   [Parallel Time: 1.5 ms, GC Workers: 8]
      [GC Worker Start (ms): Min: 393414.4, Avg: 393414.6, Max: 393415.3, Diff: 0.9]
      [Ext Root Scanning (ms): Min: 0.0, Avg: 0.7, Max: 0.9, Diff: 0.9, Sum: 5.6]
      [Update RS (ms): Min: 0.0, Avg: 0.1, Max: 0.6, Diff: 0.6, Sum: 0.7]
         [Processed Buffers: Min: 0, Avg: 0.6, Max: 4, Diff: 4, Sum: 5]
      [Scan RS (ms): Min: 0.0, Avg: 0.0, Max: 0.0, Diff: 0.0, Sum: 0.0]
      [Object Copy (ms): Min: 0.1, Avg: 0.2, Max: 0.4, Diff: 0.4, Sum: 1.9]
      [Termination (ms): Min: 0.0, Avg: 0.3, Max: 0.3, Diff: 0.3, Sum: 2.0]
      [GC Worker Other (ms): Min: 0.0, Avg: 0.0, Max: 0.0, Diff: 0.0, Sum: 0.0]
      [GC Worker Total (ms): Min: 0.5, Avg: 1.3, Max: 1.4, Diff: 0.9, Sum: 10.2]
      [GC Worker End (ms): Min: 393415.8, Avg: 393415.8, Max: 393415.8, Diff: 0.0]
   [Code Root Fixup: 0.0 ms]
   [Clear CT: 0.1 ms]
   [Other: 0.7 ms]
      [Choose CSet: 0.0 ms]
      [Ref Proc: 0.2 ms]
      [Ref Enq: 0.0 ms]
      [Free CSet: 0.0 ms]
   [Eden: 1024.0K(25.0M)->0.0B(25.0M) Survivors: 0.0B->0.0B Heap: 510.9M(512.0M)->510.9M(512.0M)]
 [Times: user=0.01 sys=0.00, real=0.00 secs] 
393.417: [Full GC394.457: [SoftReference, 20 refs, 0.0000260 secs]394.457: [WeakReference, 169 refs, 0.0000160 secs]394.457: [FinalReference, 6 refs, 0.0000030 secs]394.457: [PhantomReference, 0 refs, 0.0000020 secs]394.457: [JNI Weak Reference, 0.0000030 secs] 510M->509M(512M), 1.9181230 secs]
   [Eden: 0.0B(25.0M)->0.0B(25.0M) Survivors: 0.0B->0.0B Heap: 510.9M(512.0M)->510.0M(512.0M)]
 [Times: user=3.23 sys=0.01, real=1.92 secs] 
395.335: [GC pause (young)395.337: [SoftReference, 0 refs, 0.0000150 secs]395.337: [WeakReference, 0 refs, 0.0000030 secs]395.337: [FinalReference, 0 refs, 0.0000020 secs]395.337: [PhantomReference, 0 refs, 0.0000030 secs]395.338: [JNI Weak Reference, 0.0000120 secs] (to-space exhausted), 0.0028430 secs]
   [Parallel Time: 2.0 ms, GC Workers: 8]
      [GC Worker Start (ms): Min: 395335.4, Avg: 395335.5, Max: 395336.3, Diff: 0.9]
      [Ext Root Scanning (ms): Min: 0.0, Avg: 0.6, Max: 0.9, Diff: 0.9, Sum: 4.8]
      [Update RS (ms): Min: 0.0, Avg: 0.2, Max: 0.9, Diff: 0.9, Sum: 1.3]
         [Processed Buffers: Min: 0, Avg: 0.5, Max: 2, Diff: 2, Sum: 4]
      [Scan RS (ms): Min: 0.0, Avg: 0.0, Max: 0.0, Diff: 0.0, Sum: 0.0]
      [Object Copy (ms): Min: 0.1, Avg: 0.2, Max: 0.8, Diff: 0.8, Sum: 1.9]
      [Termination (ms): Min: 0.3, Avg: 0.8, Max: 0.9, Diff: 0.6, Sum: 6.3]
      [GC Worker Other (ms): Min: 0.0, Avg: 0.0, Max: 0.0, Diff: 0.0, Sum: 0.1]
      [GC Worker Total (ms): Min: 1.0, Avg: 1.8, Max: 2.0, Diff: 0.9, Sum: 14.4]
      [GC Worker End (ms): Min: 395337.3, Avg: 395337.3, Max: 395337.4, Diff: 0.0]
   [Code Root Fixup: 0.0 ms]
   [Clear CT: 0.2 ms]
   [Other: 0.7 ms]
      [Choose CSet: 0.0 ms]
      [Ref Proc: 0.2 ms]
      [Ref Enq: 0.0 ms]
      [Free CSet: 0.0 ms]
   [Eden: 1024.0K(25.0M)->0.0B(25.0M) Survivors: 0.0B->0.0B Heap: 511.0M(512.0M)->511.0M(512.0M)]
 [Times: user=0.02 sys=0.00, real=0.00 secs] 
395.338: [GC pause (young) (initial-mark)395.339: [SoftReference, 0 refs, 0.0000230 secs]395.339: [WeakReference, 0 refs, 0.0000130 secs]395.339: [FinalReference, 0 refs, 0.0000040 secs]395.339: [PhantomReference, 0 refs, 0.0000050 secs]395.339: [JNI Weak Reference, 0.0000030 secs], 0.0014100 secs]
   [Parallel Time: 1.1 ms, GC Workers: 8]
      [GC Worker Start (ms): Min: 395338.2, Avg: 395338.4, Max: 395339.0, Diff: 0.9]
      [Ext Root Scanning (ms): Min: 0.0, Avg: 0.4, Max: 0.6, Diff: 0.6, Sum: 3.3]
      [Update RS (ms): Min: 0.1, Avg: 0.2, Max: 0.3, Diff: 0.2, Sum: 1.3]
         [Processed Buffers: Min: 1, Avg: 2.6, Max: 6, Diff: 5, Sum: 21]
      [Scan RS (ms): Min: 0.0, Avg: 0.0, Max: 0.0, Diff: 0.0, Sum: 0.0]
      [Object Copy (ms): Min: 0.0, Avg: 0.1, Max: 0.2, Diff: 0.2, Sum: 1.2]
      [Termination (ms): Min: 0.0, Avg: 0.0, Max: 0.1, Diff: 0.1, Sum: 0.3]
      [GC Worker Other (ms): Min: 0.0, Avg: 0.0, Max: 0.0, Diff: 0.0, Sum: 0.2]
      [GC Worker Total (ms): Min: 0.1, Avg: 0.8, Max: 1.0, Diff: 0.9, Sum: 6.2]
      [GC Worker End (ms): Min: 395339.2, Avg: 395339.2, Max: 395339.2, Diff: 0.0]
   [Code Root Fixup: 0.0 ms]
   [Clear CT: 0.1 ms]
   [Other: 0.2 ms]
      [Choose CSet: 0.0 ms]
      [Ref Proc: 0.2 ms]
      [Ref Enq: 0.0 ms]
      [Free CSet: 0.0 ms]
   [Eden: 0.0B(25.0M)->0.0B(25.0M) Survivors: 0.0B->0.0B Heap: 511.0M(512.0M)->511.0M(512.0M)]
 [Times: user=0.00 sys=0.00, real=0.00 secs] 
395.340: [GC concurrent-root-region-scan-start]
395.340: [GC concurrent-root-region-scan-end, 0.0000050 secs]
395.340: [GC concurrent-mark-start]
395.340: [GC pause (young)395.341: [SoftReference, 0 refs, 0.0000130 secs]395.341: [WeakReference, 0 refs, 0.0000180 secs]395.341: [FinalReference, 0 refs, 0.0000020 secs]395.341: [PhantomReference, 0 refs, 0.0000020 secs]395.341: [JNI Weak Reference, 0.0000020 secs], 0.0012380 secs]
   [Parallel Time: 0.9 ms, GC Workers: 8]
      [GC Worker Start (ms): Min: 395339.7, Avg: 395340.0, Max: 395340.4, Diff: 0.7]
      [Ext Root Scanning (ms): Min: 0.0, Avg: 0.4, Max: 0.7, Diff: 0.6, Sum: 3.3]
      [Update RS (ms): Min: 0.0, Avg: 0.0, Max: 0.0, Diff: 0.0, Sum: 0.0]
         [Processed Buffers: Min: 0, Avg: 0.1, Max: 1, Diff: 1, Sum: 1]
      [Scan RS (ms): Min: 0.0, Avg: 0.0, Max: 0.0, Diff: 0.0, Sum: 0.0]
      [Object Copy (ms): Min: 0.0, Avg: 0.0, Max: 0.1, Diff: 0.1, Sum: 0.3]
      [Termination (ms): Min: 0.0, Avg: 0.1, Max: 0.2, Diff: 0.2, Sum: 0.9]
      [GC Worker Other (ms): Min: 0.0, Avg: 0.0, Max: 0.0, Diff: 0.0, Sum: 0.1]
      [GC Worker Total (ms): Min: 0.1, Avg: 0.6, Max: 0.8, Diff: 0.7, Sum: 4.6]
      [GC Worker End (ms): Min: 395340.5, Avg: 395340.5, Max: 395340.6, Diff: 0.0]
   [Code Root Fixup: 0.0 ms]
   [Clear CT: 0.1 ms]
   [Other: 0.2 ms]
      [Choose CSet: 0.0 ms]
      [Ref Proc: 0.2 ms]
      [Ref Enq: 0.0 ms]
      [Free CSet: 0.0 ms]
   [Eden: 0.0B(25.0M)->0.0B(25.0M) Survivors: 0.0B->0.0B Heap: 511.0M(512.0M)->511.0M(512.0M)]
 [Times: user=0.01 sys=0.00, real=0.01 secs] 
395.341: [Full GC396.366: [SoftReference, 28 refs, 0.0000300 secs]396.366: [WeakReference, 169 refs, 0.0000170 secs]396.366: [FinalReference, 6 refs, 0.0000030 secs]396.366: [PhantomReference, 0 refs, 0.0000020 secs]396.366: [JNI Weak Reference, 0.0000030 secs] 510M->509M(512M), 1.9453350 secs]
   [Eden: 0.0B(25.0M)->0.0B(25.0M) Survivors: 0.0B->0.0B Heap: 511.0M(512.0M)->510.0M(512.0M)]
 [Times: user=3.27 sys=0.01, real=1.94 secs] 
397.287: [GC concurrent-mark-abort]
397.287: [GC pause (young)397.289: [SoftReference, 0 refs, 0.0000160 secs]397.289: [WeakReference, 0 refs, 0.0000030 secs]397.289: [FinalReference, 0 refs, 0.0000030 secs]397.289: [PhantomReference, 0 refs, 0.0000030 secs]397.289: [JNI Weak Reference, 0.0000030 secs] (to-space exhausted), 0.0029030 secs]
   [Parallel Time: 2.1 ms, GC Workers: 8]
      [GC Worker Start (ms): Min: 397287.2, Avg: 397287.4, Max: 397288.0, Diff: 0.8]
      [Ext Root Scanning (ms): Min: 0.0, Avg: 0.6, Max: 0.9, Diff: 0.9, Sum: 5.0]
      [Update RS (ms): Min: 0.0, Avg: 0.3, Max: 1.1, Diff: 1.1, Sum: 2.2]
         [Processed Buffers: Min: 0, Avg: 0.6, Max: 2, Diff: 2, Sum: 5]
      [Scan RS (ms): Min: 0.0, Avg: 0.0, Max: 0.0, Diff: 0.0, Sum: 0.0]
      [Object Copy (ms): Min: 0.0, Avg: 0.2, Max: 0.4, Diff: 0.3, Sum: 1.6]
      [Termination (ms): Min: 0.1, Avg: 0.7, Max: 1.0, Diff: 0.9, Sum: 5.8]
      [GC Worker Other (ms): Min: 0.0, Avg: 0.0, Max: 0.1, Diff: 0.0, Sum: 0.3]
      [GC Worker Total (ms): Min: 1.2, Avg: 1.9, Max: 2.0, Diff: 0.8, Sum: 15.0]
      [GC Worker End (ms): Min: 397289.2, Avg: 397289.2, Max: 397289.3, Diff: 0.1]
   [Code Root Fixup: 0.0 ms]
   [Clear CT: 0.1 ms]
   [Other: 0.7 ms]
      [Choose CSet: 0.0 ms]
      [Ref Proc: 0.2 ms]
      [Ref Enq: 0.0 ms]
      [Free CSet: 0.0 ms]
   [Eden: 1024.0K(25.0M)->0.0B(25.0M) Survivors: 0.0B->0.0B Heap: 511.0M(512.0M)->511.0M(512.0M)]
 [Times: user=0.01 sys=0.00, real=0.00 secs] 
397.290: [Full GC398.321: [SoftReference, 23 refs, 0.0000240 secs]398.321: [WeakReference, 169 refs, 0.0000160 secs]398.321: [FinalReference, 6 refs, 0.0000030 secs]398.321: [PhantomReference, 0 refs, 0.0000030 secs]398.321: [JNI Weak Reference, 0.0000030 secs] 510M->509M(512M), 1.9123770 secs]
   [Eden: 0.0B(25.0M)->0.0B(25.0M) Survivors: 0.0B->0.0B Heap: 511.0M(512.0M)->510.0M(512.0M)]
 [Times: user=3.24 sys=0.01, real=1.92 secs] 
399.203: [Full GC400.191: [SoftReference, 22 refs, 0.0000260 secs]400.191: [WeakReference, 169 refs, 0.0000170 secs]400.191: [FinalReference, 6 refs, 0.0000030 secs]400.191: [PhantomReference, 0 refs, 0.0000020 secs]400.191: [JNI Weak Reference, 0.0000030 secs] 510M->509M(512M), 1.8504840 secs]
   [Eden: 1024.0K(25.0M)->0.0B(25.0M) Survivors: 0.0B->0.0B Heap: 510.9M(512.0M)->510.0M(512.0M)]
 [Times: user=3.16 sys=0.01, real=1.85 secs] 
401.055: [GC pause (young)401.063: [SoftReference, 0 refs, 0.0000150 secs]401.063: [WeakReference, 0 refs, 0.0000030 secs]401.063: [FinalReference, 0 refs, 0.0000030 secs]401.063: [PhantomReference, 0 refs, 0.0000020 secs]401.063: [JNI Weak Reference, 0.0000020 secs] (to-space exhausted), 0.0096360 secs]
   [Parallel Time: 7.6 ms, GC Workers: 8]
      [GC Worker Start (ms): Min: 401055.6, Avg: 401056.8, Max: 401060.0, Diff: 4.4]
      [Ext Root Scanning (ms): Min: 0.0, Avg: 0.6, Max: 1.0, Diff: 1.0, Sum: 5.2]
      [Update RS (ms): Min: 0.0, Avg: 2.8, Max: 4.4, Diff: 4.4, Sum: 22.5]
         [Processed Buffers: Min: 0, Avg: 2.0, Max: 3, Diff: 3, Sum: 16]
      [Scan RS (ms): Min: 0.0, Avg: 0.0, Max: 0.0, Diff: 0.0, Sum: 0.0]
      [Object Copy (ms): Min: 2.1, Avg: 2.9, Max: 3.4, Diff: 1.3, Sum: 22.9]
      [Termination (ms): Min: 0.0, Avg: 0.1, Max: 0.1, Diff: 0.1, Sum: 0.5]
      [GC Worker Other (ms): Min: 0.0, Avg: 0.0, Max: 0.0, Diff: 0.0, Sum: 0.1]
      [GC Worker Total (ms): Min: 3.2, Avg: 6.4, Max: 7.6, Diff: 4.4, Sum: 51.1]
      [GC Worker End (ms): Min: 401063.1, Avg: 401063.1, Max: 401063.2, Diff: 0.0]
   [Code Root Fixup: 0.0 ms]
   [Clear CT: 0.1 ms]
   [Other: 2.0 ms]
      [Choose CSet: 0.0 ms]
      [Ref Proc: 0.2 ms]
      [Ref Enq: 0.0 ms]
      [Free CSet: 0.0 ms]
   [Eden: 1024.0K(25.0M)->0.0B(25.0M) Survivors: 0.0B->0.0B Heap: 511.0M(512.0M)->511.0M(512.0M)]
 [Times: user=0.04 sys=0.00, real=0.01 secs] 
401.065: [GC pause (young) (initial-mark)401.070: [SoftReference, 0 refs, 0.0000360 secs]401.070: [WeakReference, 0 refs, 0.0000030 secs]401.070: [FinalReference, 0 refs, 0.0000030 secs]401.070: [PhantomReference, 0 refs, 0.0000020 secs]401.070: [JNI Weak Reference, 0.0000020 secs], 0.0051580 secs]
   [Parallel Time: 4.7 ms, GC Workers: 8]
      [GC Worker Start (ms): Min: 401065.0, Avg: 401065.3, Max: 401066.1, Diff: 1.1]
      [Ext Root Scanning (ms): Min: 0.0, Avg: 0.5, Max: 0.7, Diff: 0.7, Sum: 4.1]
      [Update RS (ms): Min: 3.4, Avg: 3.6, Max: 3.8, Diff: 0.4, Sum: 28.7]
         [Processed Buffers: Min: 4, Avg: 9.2, Max: 23, Diff: 19, Sum: 74]
      [Scan RS (ms): Min: 0.0, Avg: 0.0, Max: 0.0, Diff: 0.0, Sum: 0.0]
      [Object Copy (ms): Min: 0.0, Avg: 0.2, Max: 0.2, Diff: 0.2, Sum: 1.3]
      [Termination (ms): Min: 0.0, Avg: 0.1, Max: 0.2, Diff: 0.2, Sum: 0.7]
      [GC Worker Other (ms): Min: 0.0, Avg: 0.0, Max: 0.0, Diff: 0.0, Sum: 0.3]
      [GC Worker Total (ms): Min: 3.6, Avg: 4.4, Max: 4.7, Diff: 1.1, Sum: 35.0]
      [GC Worker End (ms): Min: 401069.7, Avg: 401069.7, Max: 401069.7, Diff: 0.0]
   [Code Root Fixup: 0.0 ms]
   [Clear CT: 0.1 ms]
   [Other: 0.3 ms]
      [Choose CSet: 0.0 ms]
      [Ref Proc: 0.3 ms]
      [Ref Enq: 0.0 ms]
      [Free CSet: 0.0 ms]
   [Eden: 0.0B(25.0M)->0.0B(25.0M) Survivors: 0.0B->0.0B Heap: 511.0M(512.0M)->511.0M(512.0M)]
 [Times: user=0.03 sys=0.00, real=0.00 secs] 
401.070: [GC concurrent-root-region-scan-start]
401.070: [GC concurrent-root-region-scan-end, 0.0000050 secs]
401.070: [GC concurrent-mark-start]
401.070: [GC pause (young)401.071: [SoftReference, 0 refs, 0.0000130 secs]401.071: [WeakReference, 0 refs, 0.0000030 secs]401.071: [FinalReference, 0 refs, 0.0000030 secs]401.071: [PhantomReference, 0 refs, 0.0000020 secs]401.071: [JNI Weak Reference, 0.0000020 secs], 0.0013070 secs]
   [Parallel Time: 1.0 ms, GC Workers: 8]
      [GC Worker Start (ms): Min: 401070.4, Avg: 401070.7, Max: 401071.3, Diff: 0.9]
      [Ext Root Scanning (ms): Min: 0.0, Avg: 0.5, Max: 0.8, Diff: 0.8, Sum: 3.7]
      [SATB Filtering (ms): Min: 0.0, Avg: 0.0, Max: 0.0, Diff: 0.0, Sum: 0.0]
      [Update RS (ms): Min: 0.0, Avg: 0.0, Max: 0.0, Diff: 0.0, Sum: 0.0]
         [Processed Buffers: Min: 0, Avg: 0.1, Max: 1, Diff: 1, Sum: 1]
      [Scan RS (ms): Min: 0.0, Avg: 0.0, Max: 0.0, Diff: 0.0, Sum: 0.0]
      [Object Copy (ms): Min: 0.0, Avg: 0.0, Max: 0.1, Diff: 0.1, Sum: 0.3]
      [Termination (ms): Min: 0.0, Avg: 0.1, Max: 0.2, Diff: 0.2, Sum: 0.8]
      [GC Worker Other (ms): Min: 0.0, Avg: 0.0, Max: 0.0, Diff: 0.0, Sum: 0.1]
      [GC Worker Total (ms): Min: 0.1, Avg: 0.6, Max: 0.9, Diff: 0.9, Sum: 4.9]
      [GC Worker End (ms): Min: 401071.3, Avg: 401071.3, Max: 401071.3, Diff: 0.0]
   [Code Root Fixup: 0.0 ms]
   [Clear CT: 0.2 ms]
   [Other: 0.2 ms]
      [Choose CSet: 0.0 ms]
      [Ref Proc: 0.1 ms]
      [Ref Enq: 0.0 ms]
      [Free CSet: 0.0 ms]
   [Eden: 0.0B(25.0M)->0.0B(25.0M) Survivors: 0.0B->0.0B Heap: 511.0M(512.0M)->511.0M(512.0M)]
 [Times: user=0.00 sys=0.00, real=0.01 secs] 
401.072: [GC pause (young)401.073: [SoftReference, 0 refs, 0.0000120 secs]401.073: [WeakReference, 0 refs, 0.0000030 secs]401.073: [FinalReference, 0 refs, 0.0000020 secs]401.073: [PhantomReference, 0 refs, 0.0000020 secs]401.073: [JNI Weak Reference, 0.0000020 secs], 0.0011190 secs]
   [Parallel Time: 0.8 ms, GC Workers: 8]
      [GC Worker Start (ms): Min: 401071.9, Avg: 401072.1, Max: 401072.5, Diff: 0.7]
      [Ext Root Scanning (ms): Min: 0.0, Avg: 0.4, Max: 0.6, Diff: 0.6, Sum: 3.4]
      [Update RS (ms): Min: 0.0, Avg: 0.0, Max: 0.0, Diff: 0.0, Sum: 0.0]
         [Processed Buffers: Min: 0, Avg: 0.1, Max: 1, Diff: 1, Sum: 1]
      [Scan RS (ms): Min: 0.0, Avg: 0.0, Max: 0.0, Diff: 0.0, Sum: 0.0]
      [Object Copy (ms): Min: 0.0, Avg: 0.0, Max: 0.1, Diff: 0.1, Sum: 0.3]
      [Termination (ms): Min: 0.0, Avg: 0.1, Max: 0.2, Diff: 0.2, Sum: 0.7]
      [GC Worker Other (ms): Min: 0.0, Avg: 0.0, Max: 0.0, Diff: 0.0, Sum: 0.0]
      [GC Worker Total (ms): Min: 0.1, Avg: 0.5, Max: 0.8, Diff: 0.7, Sum: 4.4]
      [GC Worker End (ms): Min: 401072.6, Avg: 401072.6, Max: 401072.6, Diff: 0.0]
   [Code Root Fixup: 0.0 ms]
   [Clear CT: 0.1 ms]
   [Other: 0.2 ms]
      [Choose CSet: 0.0 ms]
      [Ref Proc: 0.2 ms]
      [Ref Enq: 0.0 ms]
      [Free CSet: 0.0 ms]
   [Eden: 0.0B(25.0M)->0.0B(25.0M) Survivors: 0.0B->0.0B Heap: 511.0M(512.0M)->511.0M(512.0M)]
 [Times: user=0.01 sys=0.00, real=0.00 secs] 
401.073: [Full GC402.140: [SoftReference, 20 refs, 0.0000260 secs]402.140: [WeakReference, 170 refs, 0.0000160 secs]402.140: [FinalReference, 6 refs, 0.0000030 secs]402.140: [PhantomReference, 0 refs, 0.0000020 secs]402.140: [JNI Weak Reference, 0.0000020 secs] 510M->510M(512M), 2.0679200 secs]
   [Eden: 0.0B(25.0M)->0.0B(25.0M) Survivors: 0.0B->0.0B Heap: 511.0M(512.0M)->510.2M(512.0M)]
 [Times: user=3.38 sys=0.01, real=2.07 secs] 
403.141: [GC concurrent-mark-abort]
403.143: [GC pause (young)403.150: [SoftReference, 0 refs, 0.0000150 secs]403.150: [WeakReference, 0 refs, 0.0000020 secs]403.150: [FinalReference, 0 refs, 0.0000020 secs]403.150: [PhantomReference, 0 refs, 0.0000020 secs]403.150: [JNI Weak Reference, 0.0000030 secs] (to-space exhausted), 0.0084930 secs]
   [Parallel Time: 6.7 ms, GC Workers: 8]
      [GC Worker Start (ms): Min: 403143.6, Avg: 403143.7, Max: 403143.8, Diff: 0.2]
      [Ext Root Scanning (ms): Min: 0.2, Avg: 0.8, Max: 1.1, Diff: 1.0, Sum: 6.4]
      [Update RS (ms): Min: 1.8, Avg: 3.5, Max: 4.3, Diff: 2.5, Sum: 28.0]
         [Processed Buffers: Min: 2, Avg: 2.2, Max: 4, Diff: 2, Sum: 18]
      [Scan RS (ms): Min: 0.0, Avg: 0.0, Max: 0.0, Diff: 0.0, Sum: 0.0]
      [Object Copy (ms): Min: 1.2, Avg: 2.2, Max: 4.6, Diff: 3.4, Sum: 17.5]
      [Termination (ms): Min: 0.0, Avg: 0.1, Max: 0.1, Diff: 0.1, Sum: 0.5]
      [GC Worker Other (ms): Min: 0.0, Avg: 0.0, Max: 0.0, Diff: 0.0, Sum: 0.1]
      [GC Worker Total (ms): Min: 6.4, Avg: 6.5, Max: 6.6, Diff: 0.2, Sum: 52.4]
      [GC Worker End (ms): Min: 403150.2, Avg: 403150.2, Max: 403150.2, Diff: 0.0]
   [Code Root Fixup: 0.0 ms]
   [Clear CT: 0.1 ms]
   [Other: 1.8 ms]
      [Choose CSet: 0.0 ms]
      [Ref Proc: 0.1 ms]
      [Ref Enq: 0.0 ms]
      [Free CSet: 0.0 ms]
   [Eden: 1024.0K(25.0M)->0.0B(25.0M) Survivors: 0.0B->0.0B Heap: 511.2M(512.0M)->511.2M(512.0M)]
 [Times: user=0.04 sys=0.00, real=0.01 secs] 
403.152: [GC pause (young) (initial-mark)403.156: [SoftReference, 0 refs, 0.0000150 secs]403.156: [WeakReference, 0 refs, 0.0000030 secs]403.156: [FinalReference, 0 refs, 0.0000030 secs]403.156: [PhantomReference, 0 refs, 0.0000020 secs]403.156: [JNI Weak Reference, 0.0000020 secs], 0.0044110 secs]
   [Parallel Time: 4.1 ms, GC Workers: 8]
      [GC Worker Start (ms): Min: 403152.0, Avg: 403152.3, Max: 403152.9, Diff: 0.9]
      [Ext Root Scanning (ms): Min: 0.0, Avg: 0.4, Max: 0.7, Diff: 0.7, Sum: 3.5]
      [Update RS (ms): Min: 2.8, Avg: 3.0, Max: 3.3, Diff: 0.5, Sum: 23.6]
         [Processed Buffers: Min: 4, Avg: 8.1, Max: 14, Diff: 10, Sum: 65]
      [Scan RS (ms): Min: 0.0, Avg: 0.0, Max: 0.0, Diff: 0.0, Sum: 0.0]
      [Object Copy (ms): Min: 0.0, Avg: 0.2, Max: 0.2, Diff: 0.2, Sum: 1.2]
      [Termination (ms): Min: 0.0, Avg: 0.2, Max: 0.4, Diff: 0.4, Sum: 1.8]
      [GC Worker Other (ms): Min: 0.0, Avg: 0.0, Max: 0.0, Diff: 0.0, Sum: 0.1]
      [GC Worker Total (ms): Min: 3.1, Avg: 3.8, Max: 4.0, Diff: 1.0, Sum: 30.2]
      [GC Worker End (ms): Min: 403156.0, Avg: 403156.0, Max: 403156.0, Diff: 0.0]
   [Code Root Fixup: 0.0 ms]
   [Clear CT: 0.1 ms]
   [Other: 0.3 ms]
      [Choose CSet: 0.0 ms]
      [Ref Proc: 0.2 ms]
      [Ref Enq: 0.0 ms]
      [Free CSet: 0.0 ms]
   [Eden: 0.0B(25.0M)->0.0B(25.0M) Survivors: 0.0B->0.0B Heap: 511.2M(512.0M)->511.2M(512.0M)]
 [Times: user=0.03 sys=0.00, real=0.00 secs] 
403.156: [GC concurrent-root-region-scan-start]
403.156: [GC concurrent-root-region-scan-end, 0.0000050 secs]
403.156: [GC concurrent-mark-start]
403.157: [Full GC404.217: [SoftReference, 29 refs, 0.0000290 secs]404.217: [WeakReference, 170 refs, 0.0000150 secs]404.217: [FinalReference, 7 refs, 0.0000040 secs]404.217: [PhantomReference, 0 refs, 0.0000020 secs]404.217: [JNI Weak Reference, 0.0000030 secs] 511M->510M(512M), 2.0759720 secs]
   [Eden: 0.0B(25.0M)->0.0B(25.0M) Survivors: 0.0B->0.0B Heap: 511.2M(512.0M)->510.3M(512.0M)]
 [Times: user=3.39 sys=0.01, real=2.08 secs] 
405.233: [GC concurrent-mark-abort]
405.235: [GC pause (young)405.242: [SoftReference, 0 refs, 0.0000280 secs]405.242: [WeakReference, 0 refs, 0.0000030 secs]405.242: [FinalReference, 0 refs, 0.0000020 secs]405.242: [PhantomReference, 0 refs, 0.0000020 secs]405.242: [JNI Weak Reference, 0.0000020 secs] (to-space exhausted), 0.0083720 secs]
   [Parallel Time: 6.3 ms, GC Workers: 8]
      [GC Worker Start (ms): Min: 405235.2, Avg: 405235.4, Max: 405236.1, Diff: 0.9]
      [Ext Root Scanning (ms): Min: 0.0, Avg: 0.7, Max: 0.9, Diff: 0.9, Sum: 5.4]
      [Update RS (ms): Min: 1.8, Avg: 2.8, Max: 3.2, Diff: 1.4, Sum: 22.6]
         [Processed Buffers: Min: 2, Avg: 2.2, Max: 4, Diff: 2, Sum: 18]
      [Scan RS (ms): Min: 0.0, Avg: 0.0, Max: 0.0, Diff: 0.0, Sum: 0.0]
      [Object Copy (ms): Min: 2.2, Avg: 2.5, Max: 3.4, Diff: 1.2, Sum: 20.2]
      [Termination (ms): Min: 0.0, Avg: 0.1, Max: 0.1, Diff: 0.1, Sum: 0.4]
      [GC Worker Other (ms): Min: 0.0, Avg: 0.0, Max: 0.0, Diff: 0.0, Sum: 0.0]
      [GC Worker Total (ms): Min: 5.3, Avg: 6.1, Max: 6.3, Diff: 1.0, Sum: 48.7]
      [GC Worker End (ms): Min: 405241.5, Avg: 405241.5, Max: 405241.5, Diff: 0.0]
   [Code Root Fixup: 0.0 ms]
   [Clear CT: 0.1 ms]
   [Other: 2.0 ms]
      [Choose CSet: 0.0 ms]
      [Ref Proc: 0.2 ms]
      [Ref Enq: 0.0 ms]
      [Free CSet: 0.0 ms]
   [Eden: 1024.0K(25.0M)->0.0B(25.0M) Survivors: 0.0B->0.0B Heap: 511.3M(512.0M)->511.3M(512.0M)]
 [Times: user=0.04 sys=0.01, real=0.01 secs] 
405.243: [GC pause (young) (initial-mark)405.247: [SoftReference, 0 refs, 0.0000160 secs]405.247: [WeakReference, 0 refs, 0.0000030 secs]405.247: [FinalReference, 0 refs, 0.0000030 secs]405.247: [PhantomReference, 0 refs, 0.0000030 secs]405.247: [JNI Weak Reference, 0.0000030 secs], 0.0041430 secs]
   [Parallel Time: 3.8 ms, GC Workers: 8]
      [GC Worker Start (ms): Min: 405243.4, Avg: 405243.4, Max: 405243.5, Diff: 0.2]
      [Ext Root Scanning (ms): Min: 0.4, Avg: 0.5, Max: 0.6, Diff: 0.2, Sum: 4.1]
      [Update RS (ms): Min: 2.8, Avg: 2.9, Max: 3.1, Diff: 0.3, Sum: 23.4]
         [Processed Buffers: Min: 5, Avg: 9.0, Max: 14, Diff: 9, Sum: 72]
      [Scan RS (ms): Min: 0.0, Avg: 0.0, Max: 0.0, Diff: 0.0, Sum: 0.0]
      [Object Copy (ms): Min: 0.1, Avg: 0.2, Max: 0.3, Diff: 0.2, Sum: 1.5]
      [Termination (ms): Min: 0.0, Avg: 0.1, Max: 0.2, Diff: 0.2, Sum: 0.5]
      [GC Worker Other (ms): Min: 0.0, Avg: 0.0, Max: 0.0, Diff: 0.0, Sum: 0.3]
      [GC Worker Total (ms): Min: 3.6, Avg: 3.7, Max: 3.8, Diff: 0.2, Sum: 29.7]
      [GC Worker End (ms): Min: 405247.1, Avg: 405247.1, Max: 405247.2, Diff: 0.1]
   [Code Root Fixup: 0.0 ms]
   [Clear CT: 0.1 ms]
   [Other: 0.2 ms]
      [Choose CSet: 0.0 ms]
      [Ref Proc: 0.2 ms]
      [Ref Enq: 0.0 ms]
      [Free CSet: 0.0 ms]
   [Eden: 0.0B(25.0M)->0.0B(25.0M) Survivors: 0.0B->0.0B Heap: 511.3M(512.0M)->511.3M(512.0M)]
 [Times: user=0.02 sys=0.00, real=0.00 secs] 
405.248: [GC concurrent-root-region-scan-start]
405.248: [GC concurrent-root-region-scan-end, 0.0000040 secs]
405.248: [GC concurrent-mark-start]
405.248: [Full GC406.306: [SoftReference, 28 refs, 0.0000380 secs]406.306: [WeakReference, 170 refs, 0.0000380 secs]406.306: [FinalReference, 6 refs, 0.0000030 secs]406.306: [PhantomReference, 0 refs, 0.0000020 secs]406.306: [JNI Weak Reference, 0.0000030 secs] 511M->510M(512M), 2.0825960 secs]
   [Eden: 0.0B(25.0M)->0.0B(25.0M) Survivors: 0.0B->0.0B Heap: 511.3M(512.0M)->510.4M(512.0M)]
 [Times: user=3.40 sys=0.00, real=2.08 secs] 
407.330: [GC concurrent-mark-abort]
407.331: [Full GC408.304: [SoftReference, 20 refs, 0.0000260 secs]408.305: [WeakReference, 169 refs, 0.0000160 secs]408.305: [FinalReference, 6 refs, 0.0000050 secs]408.305: [PhantomReference, 0 refs, 0.0000020 secs]408.305: [JNI Weak Reference, 0.0000030 secs] 510M->510M(512M), 2.0035740 secs]
   [Eden: 1024.0K(25.0M)->0.0B(25.0M) Survivors: 0.0B->0.0B Heap: 511.0M(512.0M)->510.5M(512.0M)]
 [Times: user=3.32 sys=0.00, real=2.00 secs] 
409.337: [GC pause (young)409.345: [SoftReference, 0 refs, 0.0000270 secs]409.345: [WeakReference, 0 refs, 0.0000040 secs]409.345: [FinalReference, 0 refs, 0.0000040 secs]409.345: [PhantomReference, 0 refs, 0.0000040 secs]409.345: [JNI Weak Reference, 0.0000050 secs] (to-space exhausted), 0.0095960 secs]
   [Parallel Time: 7.6 ms, GC Workers: 8]
      [GC Worker Start (ms): Min: 409337.2, Avg: 409337.4, Max: 409337.6, Diff: 0.3]
      [Ext Root Scanning (ms): Min: 0.6, Avg: 1.2, Max: 4.5, Diff: 3.9, Sum: 9.7]
      [Update RS (ms): Min: 0.0, Avg: 3.3, Max: 5.2, Diff: 5.2, Sum: 26.7]
         [Processed Buffers: Min: 0, Avg: 2.8, Max: 6, Diff: 6, Sum: 22]
      [Scan RS (ms): Min: 0.0, Avg: 0.0, Max: 0.0, Diff: 0.0, Sum: 0.0]
      [Object Copy (ms): Min: 1.4, Avg: 2.7, Max: 3.2, Diff: 1.8, Sum: 21.9]
      [Termination (ms): Min: 0.0, Avg: 0.1, Max: 0.1, Diff: 0.1, Sum: 0.5]
      [GC Worker Other (ms): Min: 0.0, Avg: 0.0, Max: 0.0, Diff: 0.0, Sum: 0.2]
      [GC Worker Total (ms): Min: 7.2, Avg: 7.4, Max: 7.5, Diff: 0.3, Sum: 59.1]
      [GC Worker End (ms): Min: 409344.7, Avg: 409344.7, Max: 409344.8, Diff: 0.0]
   [Code Root Fixup: 0.0 ms]
   [Clear CT: 0.1 ms]
   [Other: 2.0 ms]
      [Choose CSet: 0.0 ms]
      [Ref Proc: 0.2 ms]
      [Ref Enq: 0.0 ms]
      [Free CSet: 0.0 ms]
   [Eden: 1024.0K(25.0M)->0.0B(25.0M) Survivors: 0.0B->0.0B Heap: 511.5M(512.0M)->511.5M(512.0M)]
 [Times: user=0.04 sys=0.01, real=0.01 secs] 
409.347: [Full GC410.398: [SoftReference, 29 refs, 0.0000290 secs]410.398: [WeakReference, 170 refs, 0.0000170 secs]410.398: [FinalReference, 6 refs, 0.0000030 secs]410.398: [PhantomReference, 0 refs, 0.0000020 secs]410.398: [JNI Weak Reference, 0.0000030 secs] 511M->510M(512M), 2.0879750 secs]
   [Eden: 0.0B(25.0M)->0.0B(25.0M) Survivors: 0.0B->0.0B Heap: 511.5M(512.0M)->510.7M(512.0M)]
 [Times: user=3.40 sys=0.01, real=2.09 secs] 
411.437: [GC pause (young)411.445: [SoftReference, 0 refs, 0.0000210 secs]411.445: [WeakReference, 0 refs, 0.0000030 secs]411.445: [FinalReference, 0 refs, 0.0000030 secs]411.445: [PhantomReference, 0 refs, 0.0000020 secs]411.445: [JNI Weak Reference, 0.0000020 secs] (to-space exhausted), 0.0093000 secs]
   [Parallel Time: 7.3 ms, GC Workers: 8]
      [GC Worker Start (ms): Min: 411437.2, Avg: 411437.8, Max: 411441.3, Diff: 4.0]
      [Ext Root Scanning (ms): Min: 0.0, Avg: 0.6, Max: 0.9, Diff: 0.9, Sum: 5.2]
      [Update RS (ms): Min: 0.7, Avg: 3.2, Max: 4.2, Diff: 3.5, Sum: 25.7]
         [Processed Buffers: Min: 1, Avg: 2.2, Max: 4, Diff: 3, Sum: 18]
      [Scan RS (ms): Min: 0.0, Avg: 0.0, Max: 0.0, Diff: 0.0, Sum: 0.0]
      [Object Copy (ms): Min: 2.1, Avg: 2.8, Max: 3.2, Diff: 1.1, Sum: 22.5]
      [Termination (ms): Min: 0.0, Avg: 0.1, Max: 0.1, Diff: 0.1, Sum: 0.5]
      [GC Worker Other (ms): Min: 0.0, Avg: 0.0, Max: 0.0, Diff: 0.0, Sum: 0.1]
      [GC Worker Total (ms): Min: 3.2, Avg: 6.7, Max: 7.3, Diff: 4.1, Sum: 53.9]
      [GC Worker End (ms): Min: 411444.5, Avg: 411444.5, Max: 411444.5, Diff: 0.0]
   [Code Root Fixup: 0.0 ms]
   [Clear CT: 0.0 ms]
   [Other: 1.9 ms]
      [Choose CSet: 0.0 ms]
      [Ref Proc: 0.2 ms]
      [Ref Enq: 0.0 ms]
      [Free CSet: 0.0 ms]
   [Eden: 1024.0K(25.0M)->0.0B(25.0M) Survivors: 0.0B->0.0B Heap: 511.7M(512.0M)->511.7M(512.0M)]
 [Times: user=0.03 sys=0.00, real=0.01 secs] 
411.446: [GC pause (young) (initial-mark)411.451: [SoftReference, 0 refs, 0.0000250 secs]411.451: [WeakReference, 0 refs, 0.0000020 secs]411.451: [FinalReference, 0 refs, 0.0000020 secs]411.451: [PhantomReference, 0 refs, 0.0000030 secs]411.451: [JNI Weak Reference, 0.0000020 secs], 0.0047890 secs]
   [Parallel Time: 4.5 ms, GC Workers: 8]
      [GC Worker Start (ms): Min: 411446.4, Avg: 411446.7, Max: 411447.5, Diff: 1.0]
      [Ext Root Scanning (ms): Min: 0.0, Avg: 0.5, Max: 0.8, Diff: 0.8, Sum: 4.2]
      [Update RS (ms): Min: 3.0, Avg: 3.2, Max: 3.6, Diff: 0.6, Sum: 25.7]
         [Processed Buffers: Min: 5, Avg: 8.8, Max: 18, Diff: 13, Sum: 70]
      [Scan RS (ms): Min: 0.0, Avg: 0.0, Max: 0.0, Diff: 0.0, Sum: 0.0]
      [Object Copy (ms): Min: 0.0, Avg: 0.2, Max: 0.2, Diff: 0.2, Sum: 1.3]
      [Termination (ms): Min: 0.0, Avg: 0.2, Max: 0.4, Diff: 0.4, Sum: 1.9]
      [GC Worker Other (ms): Min: 0.0, Avg: 0.0, Max: 0.0, Diff: 0.0, Sum: 0.0]
      [GC Worker Total (ms): Min: 3.4, Avg: 4.1, Max: 4.4, Diff: 1.0, Sum: 33.1]
      [GC Worker End (ms): Min: 411450.8, Avg: 411450.8, Max: 411450.8, Diff: 0.0]
   [Code Root Fixup: 0.0 ms]
   [Clear CT: 0.1 ms]
   [Other: 0.2 ms]
      [Choose CSet: 0.0 ms]
      [Ref Proc: 0.2 ms]
      [Ref Enq: 0.0 ms]
      [Free CSet: 0.0 ms]
   [Eden: 0.0B(25.0M)->0.0B(25.0M) Survivors: 0.0B->0.0B Heap: 511.7M(512.0M)->511.7M(512.0M)]
 [Times: user=0.03 sys=0.00, real=0.01 secs] 
411.451: [GC concurrent-root-region-scan-start]
411.451: [GC concurrent-root-region-scan-end, 0.0000050 secs]
411.451: [GC concurrent-mark-start]
411.451: [Full GC412.536: [SoftReference, 28 refs, 0.0000310 secs]412.536: [WeakReference, 170 refs, 0.0000160 secs]412.536: [FinalReference, 6 refs, 0.0000030 secs]412.537: [PhantomReference, 0 refs, 0.0000030 secs]412.537: [JNI Weak Reference, 0.0000030 secs] 511M->510M(512M), 2.0948230 secs]
   [Eden: 0.0B(25.0M)->0.0B(25.0M) Survivors: 0.0B->0.0B Heap: 511.7M(512.0M)->510.8M(512.0M)]
 [Times: user=3.41 sys=0.01, real=2.09 secs] 
413.546: [Full GC414.613: [SoftReference, 5 refs, 0.0000290 secs]414.613: [WeakReference, 170 refs, 0.0000170 secs]414.613: [FinalReference, 6 refs, 0.0000030 secs]414.613: [PhantomReference, 0 refs, 0.0000020 secs]414.613: [JNI Weak Reference, 0.0000030 secs] 510M->510M(512M), 1.9694680 secs]
   [Eden: 0.0B(25.0M)->0.0B(25.0M) Survivors: 0.0B->0.0B Heap: 510.8M(512.0M)->510.8M(512.0M)]
 [Times: user=3.28 sys=0.01, real=1.97 secs] 
415.516: [GC concurrent-mark-abort]
415.516: [GC pause (young)415.518: [SoftReference, 0 refs, 0.0000320 secs]415.518: [WeakReference, 0 refs, 0.0000020 secs]415.518: [FinalReference, 0 refs, 0.0000020 secs]415.518: [PhantomReference, 0 refs, 0.0000020 secs]415.518: [JNI Weak Reference, 0.0000030 secs], 0.0018770 secs]
   [Parallel Time: 1.3 ms, GC Workers: 8]
      [GC Worker Start (ms): Min: 415516.3, Avg: 415516.4, Max: 415517.4, Diff: 1.2]
      [Ext Root Scanning (ms): Min: 0.0, Avg: 0.9, Max: 1.1, Diff: 1.1, Sum: 7.1]
      [Update RS (ms): Min: 0.0, Avg: 0.0, Max: 0.0, Diff: 0.0, Sum: 0.0]
         [Processed Buffers: Min: 0, Avg: 0.2, Max: 2, Diff: 2, Sum: 2]
      [Scan RS (ms): Min: 0.0, Avg: 0.0, Max: 0.0, Diff: 0.0, Sum: 0.0]
      [Object Copy (ms): Min: 0.0, Avg: 0.0, Max: 0.1, Diff: 0.1, Sum: 0.4]
      [Termination (ms): Min: 0.0, Avg: 0.1, Max: 0.3, Diff: 0.3, Sum: 0.8]
      [GC Worker Other (ms): Min: 0.0, Avg: 0.0, Max: 0.0, Diff: 0.0, Sum: 0.0]
      [GC Worker Total (ms): Min: 0.1, Avg: 1.0, Max: 1.2, Diff: 1.1, Sum: 8.4]
      [GC Worker End (ms): Min: 415517.5, Avg: 415517.5, Max: 415517.5, Diff: 0.0]
   [Code Root Fixup: 0.0 ms]
   [Clear CT: 0.1 ms]
   [Other: 0.5 ms]
      [Choose CSet: 0.0 ms]
      [Ref Proc: 0.2 ms]
      [Ref Enq: 0.0 ms]
      [Free CSet: 0.0 ms]
   [Eden: 0.0B(25.0M)->0.0B(25.0M) Survivors: 0.0B->0.0B Heap: 510.8M(512.0M)->510.8M(512.0M)]
 [Times: user=0.01 sys=0.00, real=0.00 secs] 
415.518: [GC pause (young)415.519: [SoftReference, 0 refs, 0.0000160 secs]415.519: [WeakReference, 0 refs, 0.0000030 secs]415.519: [FinalReference, 0 refs, 0.0000020 secs]415.519: [PhantomReference, 0 refs, 0.0000110 secs]415.519: [JNI Weak Reference, 0.0000030 secs], 0.0012970 secs]
   [Parallel Time: 1.0 ms, GC Workers: 8]
      [GC Worker Start (ms): Min: 415518.1, Avg: 415518.3, Max: 415518.9, Diff: 0.8]
      [Ext Root Scanning (ms): Min: 0.0, Avg: 0.6, Max: 0.8, Diff: 0.8, Sum: 4.9]
      [Update RS (ms): Min: 0.0, Avg: 0.0, Max: 0.0, Diff: 0.0, Sum: 0.0]
         [Processed Buffers: Min: 0, Avg: 0.4, Max: 3, Diff: 3, Sum: 3]
      [Scan RS (ms): Min: 0.0, Avg: 0.0, Max: 0.0, Diff: 0.0, Sum: 0.0]
      [Object Copy (ms): Min: 0.0, Avg: 0.0, Max: 0.1, Diff: 0.1, Sum: 0.3]
      [Termination (ms): Min: 0.0, Avg: 0.1, Max: 0.2, Diff: 0.2, Sum: 0.8]
      [GC Worker Other (ms): Min: 0.0, Avg: 0.0, Max: 0.0, Diff: 0.0, Sum: 0.1]
      [GC Worker Total (ms): Min: 0.1, Avg: 0.8, Max: 0.9, Diff: 0.8, Sum: 6.1]
      [GC Worker End (ms): Min: 415519.0, Avg: 415519.1, Max: 415519.1, Diff: 0.0]
   [Code Root Fixup: 0.0 ms]
   [Clear CT: 0.1 ms]
   [Other: 0.2 ms]
      [Choose CSet: 0.0 ms]
      [Ref Proc: 0.2 ms]
      [Ref Enq: 0.0 ms]
      [Free CSet: 0.0 ms]
   [Eden: 0.0B(25.0M)->0.0B(25.0M) Survivors: 0.0B->0.0B Heap: 510.8M(512.0M)->510.8M(512.0M)]
 [Times: user=0.00 sys=0.00, real=0.00 secs] 
415.520: [Full GC416.582: [SoftReference, 5 refs, 0.0000270 secs]416.582: [WeakReference, 170 refs, 0.0000160 secs]416.582: [FinalReference, 6 refs, 0.0000030 secs]416.582: [PhantomReference, 0 refs, 0.0000020 secs]416.582: [JNI Weak Reference, 0.0000020 secs] 510M->510M(512M), 1.9640920 secs]
   [Eden: 0.0B(25.0M)->0.0B(25.0M) Survivors: 0.0B->0.0B Heap: 510.8M(512.0M)->510.8M(512.0M)]
 [Times: user=3.29 sys=0.01, real=1.97 secs] 
417.486: [GC pause (young)417.492: [SoftReference, 0 refs, 0.0000160 secs]417.492: [WeakReference, 0 refs, 0.0000030 secs]417.492: [FinalReference, 0 refs, 0.0000030 secs]417.492: [PhantomReference, 0 refs, 0.0000020 secs]417.492: [JNI Weak Reference, 0.0000030 secs] (to-space exhausted), 0.0080140 secs]
   [Parallel Time: 6.1 ms, GC Workers: 8]
      [GC Worker Start (ms): Min: 417485.9, Avg: 417485.9, Max: 417486.0, Diff: 0.2]
      [Ext Root Scanning (ms): Min: 0.1, Avg: 0.6, Max: 0.7, Diff: 0.6, Sum: 4.7]
      [Update RS (ms): Min: 0.0, Avg: 2.5, Max: 3.5, Diff: 3.5, Sum: 19.8]
         [Processed Buffers: Min: 0, Avg: 2.2, Max: 6, Diff: 6, Sum: 18]
      [Scan RS (ms): Min: 0.0, Avg: 0.0, Max: 0.0, Diff: 0.0, Sum: 0.0]
      [Object Copy (ms): Min: 1.8, Avg: 2.9, Max: 5.8, Diff: 4.0, Sum: 22.9]
      [Termination (ms): Min: 0.0, Avg: 0.1, Max: 0.1, Diff: 0.1, Sum: 0.4]
      [GC Worker Other (ms): Min: 0.0, Avg: 0.0, Max: 0.0, Diff: 0.0, Sum: 0.2]
      [GC Worker Total (ms): Min: 5.9, Avg: 6.0, Max: 6.1, Diff: 0.2, Sum: 48.0]
      [GC Worker End (ms): Min: 417491.9, Avg: 417491.9, Max: 417492.0, Diff: 0.0]
   [Code Root Fixup: 0.0 ms]
   [Clear CT: 0.1 ms]
   [Other: 1.8 ms]
      [Choose CSet: 0.0 ms]
      [Ref Proc: 0.1 ms]
      [Ref Enq: 0.0 ms]
      [Free CSet: 0.0 ms]
   [Eden: 1024.0K(25.0M)->0.0B(25.0M) Survivors: 0.0B->0.0B Heap: 511.8M(512.0M)->511.8M(512.0M)]
 [Times: user=0.04 sys=0.00, real=0.01 secs] 
417.494: [GC pause (young) (initial-mark)417.498: [SoftReference, 0 refs, 0.0000270 secs]417.498: [WeakReference, 0 refs, 0.0004120 secs]417.498: [FinalReference, 0 refs, 0.0000020 secs]417.498: [PhantomReference, 0 refs, 0.0000020 secs]417.498: [JNI Weak Reference, 0.0000030 secs], 0.0043260 secs]
   [Parallel Time: 3.5 ms, GC Workers: 8]
      [GC Worker Start (ms): Min: 417493.8, Avg: 417493.9, Max: 417494.2, Diff: 0.4]
      [Ext Root Scanning (ms): Min: 0.5, Avg: 0.6, Max: 0.7, Diff: 0.2, Sum: 5.0]
      [Update RS (ms): Min: 2.2, Avg: 2.5, Max: 2.7, Diff: 0.4, Sum: 20.1]
         [Processed Buffers: Min: 5, Avg: 8.5, Max: 17, Diff: 12, Sum: 68]
      [Scan RS (ms): Min: 0.0, Avg: 0.0, Max: 0.0, Diff: 0.0, Sum: 0.0]
      [Object Copy (ms): Min: 0.0, Avg: 0.2, Max: 0.3, Diff: 0.2, Sum: 1.3]
      [Termination (ms): Min: 0.0, Avg: 0.0, Max: 0.1, Diff: 0.1, Sum: 0.3]
      [GC Worker Other (ms): Min: 0.0, Avg: 0.0, Max: 0.0, Diff: 0.0, Sum: 0.1]
      [GC Worker Total (ms): Min: 3.1, Avg: 3.4, Max: 3.5, Diff: 0.4, Sum: 26.9]
      [GC Worker End (ms): Min: 417497.2, Avg: 417497.3, Max: 417497.3, Diff: 0.1]
   [Code Root Fixup: 0.0 ms]
   [Clear CT: 0.1 ms]
   [Other: 0.7 ms]
      [Choose CSet: 0.0 ms]
      [Ref Proc: 0.7 ms]
      [Ref Enq: 0.0 ms]
      [Free CSet: 0.0 ms]
   [Eden: 0.0B(25.0M)->0.0B(25.0M) Survivors: 0.0B->0.0B Heap: 511.8M(512.0M)->511.8M(512.0M)]
 [Times: user=0.02 sys=0.01, real=0.00 secs] 
417.498: [GC concurrent-root-region-scan-start]
417.498: [GC concurrent-root-region-scan-end, 0.0000020 secs]
417.498: [GC concurrent-mark-start]
417.498: [GC pause (young)417.499: [SoftReference, 0 refs, 0.0000140 secs]417.499: [WeakReference, 0 refs, 0.0000050 secs]417.499: [FinalReference, 0 refs, 0.0000020 secs]417.499: [PhantomReference, 0 refs, 0.0000020 secs]417.499: [JNI Weak Reference, 0.0000020 secs], 0.0011060 secs]
   [Parallel Time: 0.8 ms, GC Workers: 8]
      [GC Worker Start (ms): Min: 417498.2, Avg: 417498.5, Max: 417499.0, Diff: 0.8]
      [Ext Root Scanning (ms): Min: 0.0, Avg: 0.4, Max: 0.7, Diff: 0.7, Sum: 3.5]
      [SATB Filtering (ms): Min: 0.0, Avg: 0.0, Max: 0.0, Diff: 0.0, Sum: 0.0]
      [Update RS (ms): Min: 0.0, Avg: 0.0, Max: 0.0, Diff: 0.0, Sum: 0.0]
         [Processed Buffers: Min: 0, Avg: 0.1, Max: 1, Diff: 1, Sum: 1]
      [Scan RS (ms): Min: 0.0, Avg: 0.0, Max: 0.0, Diff: 0.0, Sum: 0.0]
      [Object Copy (ms): Min: 0.0, Avg: 0.0, Max: 0.1, Diff: 0.1, Sum: 0.3]
      [Termination (ms): Min: 0.0, Avg: 0.1, Max: 0.2, Diff: 0.2, Sum: 0.6]
      [GC Worker Other (ms): Min: 0.0, Avg: 0.0, Max: 0.0, Diff: 0.0, Sum: 0.1]
      [GC Worker Total (ms): Min: 0.1, Avg: 0.6, Max: 0.8, Diff: 0.8, Sum: 4.5]
      [GC Worker End (ms): Min: 417499.0, Avg: 417499.0, Max: 417499.0, Diff: 0.0]
   [Code Root Fixup: 0.0 ms]
   [Clear CT: 0.1 ms]
   [Other: 0.2 ms]
      [Choose CSet: 0.0 ms]
      [Ref Proc: 0.2 ms]
      [Ref Enq: 0.0 ms]
      [Free CSet: 0.0 ms]
   [Eden: 0.0B(25.0M)->0.0B(25.0M) Survivors: 0.0B->0.0B Heap: 511.8M(512.0M)->511.8M(512.0M)]
 [Times: user=0.01 sys=0.00, real=0.00 secs] 
417.499: [Full GC418.535: [SoftReference, 36 refs, 0.0000290 secs]418.535: [WeakReference, 170 refs, 0.0000170 secs]418.535: [FinalReference, 6 refs, 0.0000030 secs]418.535: [PhantomReference, 0 refs, 0.0000020 secs]418.535: [JNI Weak Reference, 0.0000030 secs] 511M->510M(512M), 2.0575150 secs]
   [Eden: 0.0B(25.0M)->0.0B(25.0M) Survivors: 0.0B->0.0B Heap: 511.8M(512.0M)->510.9M(512.0M)]
 [Times: user=3.38 sys=0.00, real=2.06 secs] 
419.557: [Full GC420.617: [SoftReference, 5 refs, 0.0000280 secs]420.617: [WeakReference, 170 refs, 0.0000150 secs]420.617: [FinalReference, 6 refs, 0.0000030 secs]420.617: [PhantomReference, 0 refs, 0.0000020 secs]420.617: [JNI Weak Reference, 0.0000020 secs] 510M->510M(512M), 1.9520780 secs]
   [Eden: 0.0B(25.0M)->0.0B(25.0M) Survivors: 0.0B->0.0B Heap: 510.9M(512.0M)->510.9M(512.0M)]
 [Times: user=3.26 sys=0.01, real=1.95 secs] 
421.509: [GC concurrent-mark-abort]
421.509: [GC pause (young)421.511: [SoftReference, 0 refs, 0.0000260 secs]421.511: [WeakReference, 0 refs, 0.0000030 secs]421.511: [FinalReference, 0 refs, 0.0000020 secs]421.511: [PhantomReference, 0 refs, 0.0000170 secs]421.511: [JNI Weak Reference, 0.0000030 secs], 0.0016240 secs]
   [Parallel Time: 1.0 ms, GC Workers: 8]
      [GC Worker Start (ms): Min: 421509.5, Avg: 421509.7, Max: 421509.8, Diff: 0.3]
      [Ext Root Scanning (ms): Min: 0.5, Avg: 0.7, Max: 0.8, Diff: 0.2, Sum: 5.2]
      [Update RS (ms): Min: 0.0, Avg: 0.0, Max: 0.0, Diff: 0.0, Sum: 0.0]
         [Processed Buffers: Min: 0, Avg: 0.1, Max: 1, Diff: 1, Sum: 1]
      [Scan RS (ms): Min: 0.0, Avg: 0.0, Max: 0.0, Diff: 0.0, Sum: 0.0]
      [Object Copy (ms): Min: 0.0, Avg: 0.0, Max: 0.1, Diff: 0.0, Sum: 0.4]
      [Termination (ms): Min: 0.0, Avg: 0.1, Max: 0.1, Diff: 0.1, Sum: 0.7]
      [GC Worker Other (ms): Min: 0.0, Avg: 0.0, Max: 0.1, Diff: 0.0, Sum: 0.3]
      [GC Worker Total (ms): Min: 0.6, Avg: 0.8, Max: 1.0, Diff: 0.3, Sum: 6.6]
      [GC Worker End (ms): Min: 421510.5, Avg: 421510.5, Max: 421510.5, Diff: 0.1]
   [Code Root Fixup: 0.0 ms]
   [Clear CT: 0.2 ms]
   [Other: 0.4 ms]
      [Choose CSet: 0.0 ms]
      [Ref Proc: 0.2 ms]
      [Ref Enq: 0.0 ms]
      [Free CSet: 0.0 ms]
   [Eden: 0.0B(25.0M)->0.0B(25.0M) Survivors: 0.0B->0.0B Heap: 510.9M(512.0M)->510.9M(512.0M)]
 [Times: user=0.01 sys=0.00, real=0.01 secs] 
421.511: [GC pause (young)421.512: [SoftReference, 0 refs, 0.0000540 secs]421.512: [WeakReference, 0 refs, 0.0000030 secs]421.512: [FinalReference, 0 refs, 0.0000030 secs]421.512: [PhantomReference, 0 refs, 0.0000020 secs]421.512: [JNI Weak Reference, 0.0000020 secs], 0.0013170 secs]
   [Parallel Time: 1.0 ms, GC Workers: 8]
      [GC Worker Start (ms): Min: 421511.2, Avg: 421511.4, Max: 421512.0, Diff: 0.8]
      [Ext Root Scanning (ms): Min: 0.0, Avg: 0.6, Max: 0.7, Diff: 0.7, Sum: 4.6]
      [Update RS (ms): Min: 0.0, Avg: 0.0, Max: 0.0, Diff: 0.0, Sum: 0.0]
         [Processed Buffers: Min: 0, Avg: 0.2, Max: 2, Diff: 2, Sum: 2]
      [Scan RS (ms): Min: 0.0, Avg: 0.0, Max: 0.0, Diff: 0.0, Sum: 0.0]
      [Object Copy (ms): Min: 0.0, Avg: 0.0, Max: 0.1, Diff: 0.1, Sum: 0.4]
      [Termination (ms): Min: 0.0, Avg: 0.1, Max: 0.3, Diff: 0.3, Sum: 1.1]
      [GC Worker Other (ms): Min: 0.0, Avg: 0.0, Max: 0.0, Diff: 0.0, Sum: 0.0]
      [GC Worker Total (ms): Min: 0.1, Avg: 0.8, Max: 0.9, Diff: 0.8, Sum: 6.2]
      [GC Worker End (ms): Min: 421512.1, Avg: 421512.1, Max: 421512.1, Diff: 0.0]
   [Code Root Fixup: 0.0 ms]
   [Clear CT: 0.1 ms]
   [Other: 0.3 ms]
      [Choose CSet: 0.0 ms]
      [Ref Proc: 0.2 ms]
      [Ref Enq: 0.0 ms]
      [Free CSet: 0.0 ms]
   [Eden: 0.0B(25.0M)->0.0B(25.0M) Survivors: 0.0B->0.0B Heap: 510.9M(512.0M)->510.9M(512.0M)]
 [Times: user=0.01 sys=0.00, real=0.00 secs] 
421.513: [Full GC422.569: [SoftReference, 5 refs, 0.0000290 secs]422.569: [WeakReference, 170 refs, 0.0000190 secs]422.569: [FinalReference, 6 refs, 0.0000040 secs]422.569: [PhantomReference, 0 refs, 0.0000030 secs]422.569: [JNI Weak Reference, 0.0000030 secs] 510M->510M(512M), 1.9263230 secs]
   [Eden: 0.0B(25.0M)->0.0B(25.0M) Survivors: 0.0B->0.0B Heap: 510.9M(512.0M)->510.9M(512.0M)]
 [Times: user=3.25 sys=0.01, real=1.92 secs] 
423.439: [Full GC424.501: [SoftReference, 5 refs, 0.0000260 secs]424.501: [WeakReference, 170 refs, 0.0000170 secs]424.501: [FinalReference, 6 refs, 0.0000030 secs]424.501: [PhantomReference, 0 refs, 0.0000030 secs]424.501: [JNI Weak Reference, 0.0000030 secs] 510M->510M(512M), 1.9837840 secs]
   [Eden: 0.0B(25.0M)->0.0B(25.0M) Survivors: 0.0B->0.0B Heap: 510.9M(512.0M)->510.9M(512.0M)]
 [Times: user=3.29 sys=0.01, real=1.99 secs] 
425.423: [GC pause (young)425.425: [SoftReference, 0 refs, 0.0000160 secs]425.425: [WeakReference, 0 refs, 0.0000030 secs]425.425: [FinalReference, 0 refs, 0.0000020 secs]425.425: [PhantomReference, 0 refs, 0.0000020 secs]425.425: [JNI Weak Reference, 0.0000030 secs], 0.0016790 secs]
   [Parallel Time: 1.1 ms, GC Workers: 8]
      [GC Worker Start (ms): Min: 425423.3, Avg: 425423.5, Max: 425424.2, Diff: 0.9]
      [Ext Root Scanning (ms): Min: 0.0, Avg: 0.6, Max: 1.0, Diff: 0.9, Sum: 5.1]
      [Update RS (ms): Min: 0.0, Avg: 0.0, Max: 0.0, Diff: 0.0, Sum: 0.0]
         [Processed Buffers: Min: 0, Avg: 0.1, Max: 1, Diff: 1, Sum: 1]
      [Scan RS (ms): Min: 0.0, Avg: 0.0, Max: 0.0, Diff: 0.0, Sum: 0.0]
      [Object Copy (ms): Min: 0.0, Avg: 0.1, Max: 0.1, Diff: 0.1, Sum: 0.4]
      [Termination (ms): Min: 0.0, Avg: 0.1, Max: 0.3, Diff: 0.3, Sum: 1.0]
      [GC Worker Other (ms): Min: 0.0, Avg: 0.0, Max: 0.0, Diff: 0.0, Sum: 0.0]
      [GC Worker Total (ms): Min: 0.2, Avg: 0.8, Max: 1.1, Diff: 0.9, Sum: 6.6]
      [GC Worker End (ms): Min: 425424.3, Avg: 425424.3, Max: 425424.4, Diff: 0.0]
   [Code Root Fixup: 0.0 ms]
   [Clear CT: 0.1 ms]
   [Other: 0.5 ms]
      [Choose CSet: 0.0 ms]
      [Ref Proc: 0.2 ms]
      [Ref Enq: 0.0 ms]
      [Free CSet: 0.0 ms]
   [Eden: 0.0B(25.0M)->0.0B(25.0M) Survivors: 0.0B->0.0B Heap: 510.9M(512.0M)->510.9M(512.0M)]
 [Times: user=0.01 sys=0.00, real=0.00 secs] 
425.425: [GC pause (young)425.426: [SoftReference, 0 refs, 0.0000200 secs]425.426: [WeakReference, 0 refs, 0.0000020 secs]425.426: [FinalReference, 0 refs, 0.0000130 secs]425.426: [PhantomReference, 0 refs, 0.0000030 secs]425.426: [JNI Weak Reference, 0.0000020 secs], 0.0011450 secs]
   [Parallel Time: 0.9 ms, GC Workers: 8]
      [GC Worker Start (ms): Min: 425424.9, Avg: 425425.2, Max: 425425.7, Diff: 0.8]
      [Ext Root Scanning (ms): Min: 0.0, Avg: 0.4, Max: 0.7, Diff: 0.7, Sum: 3.3]
      [Update RS (ms): Min: 0.0, Avg: 0.0, Max: 0.0, Diff: 0.0, Sum: 0.0]
         [Processed Buffers: Min: 0, Avg: 0.2, Max: 2, Diff: 2, Sum: 2]
      [Scan RS (ms): Min: 0.0, Avg: 0.0, Max: 0.0, Diff: 0.0, Sum: 0.0]
      [Object Copy (ms): Min: 0.0, Avg: 0.0, Max: 0.1, Diff: 0.1, Sum: 0.3]
      [Termination (ms): Min: 0.0, Avg: 0.1, Max: 0.2, Diff: 0.1, Sum: 0.5]
      [GC Worker Other (ms): Min: 0.0, Avg: 0.0, Max: 0.0, Diff: 0.0, Sum: 0.0]
      [GC Worker Total (ms): Min: 0.1, Avg: 0.5, Max: 0.8, Diff: 0.8, Sum: 4.2]
      [GC Worker End (ms): Min: 425425.7, Avg: 425425.7, Max: 425425.7, Diff: 0.0]
   [Code Root Fixup: 0.0 ms]
   [Clear CT: 0.1 ms]
   [Other: 0.2 ms]
      [Choose CSet: 0.0 ms]
      [Ref Proc: 0.2 ms]
      [Ref Enq: 0.0 ms]
      [Free CSet: 0.0 ms]
   [Eden: 0.0B(25.0M)->0.0B(25.0M) Survivors: 0.0B->0.0B Heap: 510.9M(512.0M)->510.9M(512.0M)]
 [Times: user=0.00 sys=0.00, real=0.00 secs] 
425.426: [GC pause (young)425.427: [SoftReference, 0 refs, 0.0000120 secs]425.427: [WeakReference, 0 refs, 0.0000020 secs]425.427: [FinalReference, 0 refs, 0.0000020 secs]425.427: [PhantomReference, 0 refs, 0.0000030 secs]425.427: [JNI Weak Reference, 0.0000020 secs], 0.0013250 secs]
   [Parallel Time: 0.9 ms, GC Workers: 8]
      [GC Worker Start (ms): Min: 425426.2, Avg: 425426.5, Max: 425427.0, Diff: 0.8]
      [Ext Root Scanning (ms): Min: 0.0, Avg: 0.4, Max: 0.7, Diff: 0.7, Sum: 3.1]
      [Update RS (ms): Min: 0.0, Avg: 0.0, Max: 0.0, Diff: 0.0, Sum: 0.0]
         [Processed Buffers: Min: 0, Avg: 0.1, Max: 1, Diff: 1, Sum: 1]
      [Scan RS (ms): Min: 0.0, Avg: 0.0, Max: 0.0, Diff: 0.0, Sum: 0.0]
      [Object Copy (ms): Min: 0.0, Avg: 0.0, Max: 0.1, Diff: 0.1, Sum: 0.3]
      [Termination (ms): Min: 0.0, Avg: 0.1, Max: 0.2, Diff: 0.2, Sum: 1.0]
      [GC Worker Other (ms): Min: 0.0, Avg: 0.0, Max: 0.0, Diff: 0.0, Sum: 0.1]
      [GC Worker Total (ms): Min: 0.1, Avg: 0.6, Max: 0.9, Diff: 0.8, Sum: 4.4]
      [GC Worker End (ms): Min: 425427.1, Avg: 425427.1, Max: 425427.1, Diff: 0.0]
   [Code Root Fixup: 0.0 ms]
   [Clear CT: 0.1 ms]
   [Other: 0.2 ms]
      [Choose CSet: 0.0 ms]
      [Ref Proc: 0.2 ms]
      [Ref Enq: 0.0 ms]
      [Free CSet: 0.0 ms]
   [Eden: 0.0B(25.0M)->0.0B(25.0M) Survivors: 0.0B->0.0B Heap: 510.9M(512.0M)->510.9M(512.0M)]
 [Times: user=0.01 sys=0.00, real=0.00 secs] 
425.428: [Full GC426.477: [SoftReference, 5 refs, 0.0000280 secs]426.477: [WeakReference, 170 refs, 0.0000180 secs]426.477: [FinalReference, 6 refs, 0.0000030 secs]426.477: [PhantomReference, 0 refs, 0.0000020 secs]426.477: [JNI Weak Reference, 0.0000030 secs] 510M->510M(512M), 1.9387710 secs]
   [Eden: 0.0B(25.0M)->0.0B(25.0M) Survivors: 0.0B->0.0B Heap: 510.9M(512.0M)->510.9M(512.0M)]
 [Times: user=3.25 sys=0.01, real=1.94 secs] 
427.367: [Full GC428.416: [SoftReference, 5 refs, 0.0000280 secs]428.416: [WeakReference, 170 refs, 0.0000160 secs]428.416: [FinalReference, 6 refs, 0.0000020 secs]428.416: [PhantomReference, 0 refs, 0.0000020 secs]428.416: [JNI Weak Reference, 0.0000030 secs] 510M->510M(512M), 1.9403480 secs]
   [Eden: 0.0B(25.0M)->0.0B(25.0M) Survivors: 0.0B->0.0B Heap: 510.9M(512.0M)->510.9M(512.0M)]
 [Times: user=3.26 sys=0.01, real=1.94 secs] 
429.307: [GC pause (young)429.309: [SoftReference, 0 refs, 0.0000150 secs]429.309: [WeakReference, 0 refs, 0.0000030 secs]429.309: [FinalReference, 0 refs, 0.0000110 secs]429.309: [PhantomReference, 0 refs, 0.0000020 secs]429.309: [JNI Weak Reference, 0.0000030 secs], 0.0016460 secs]
   [Parallel Time: 1.0 ms, GC Workers: 8]
      [GC Worker Start (ms): Min: 429307.4, Avg: 429307.6, Max: 429308.3, Diff: 0.8]
      [Ext Root Scanning (ms): Min: 0.0, Avg: 0.6, Max: 0.8, Diff: 0.8, Sum: 5.1]
      [Update RS (ms): Min: 0.0, Avg: 0.0, Max: 0.0, Diff: 0.0, Sum: 0.0]
         [Processed Buffers: Min: 0, Avg: 0.1, Max: 1, Diff: 1, Sum: 1]
      [Scan RS (ms): Min: 0.0, Avg: 0.0, Max: 0.0, Diff: 0.0, Sum: 0.0]
      [Object Copy (ms): Min: 0.0, Avg: 0.0, Max: 0.1, Diff: 0.1, Sum: 0.4]
      [Termination (ms): Min: 0.0, Avg: 0.1, Max: 0.2, Diff: 0.2, Sum: 1.1]
      [GC Worker Other (ms): Min: 0.0, Avg: 0.0, Max: 0.0, Diff: 0.0, Sum: 0.0]
      [GC Worker Total (ms): Min: 0.1, Avg: 0.8, Max: 1.0, Diff: 0.8, Sum: 6.6]
      [GC Worker End (ms): Min: 429308.4, Avg: 429308.4, Max: 429308.4, Diff: 0.0]
   [Code Root Fixup: 0.0 ms]
   [Clear CT: 0.1 ms]
   [Other: 0.5 ms]
      [Choose CSet: 0.0 ms]
      [Ref Proc: 0.2 ms]
      [Ref Enq: 0.0 ms]
      [Free CSet: 0.0 ms]
   [Eden: 0.0B(25.0M)->0.0B(25.0M) Survivors: 0.0B->0.0B Heap: 510.9M(512.0M)->510.9M(512.0M)]
 [Times: user=0.01 sys=0.00, real=0.00 secs] 
429.309: [GC pause (young)429.310: [SoftReference, 0 refs, 0.0000130 secs]429.310: [WeakReference, 0 refs, 0.0000030 secs]429.310: [FinalReference, 0 refs, 0.0000030 secs]429.310: [PhantomReference, 0 refs, 0.0000030 secs]429.310: [JNI Weak Reference, 0.0000030 secs], 0.0012270 secs]
   [Parallel Time: 0.8 ms, GC Workers: 8]
      [GC Worker Start (ms): Min: 429309.1, Avg: 429309.4, Max: 429309.8, Diff: 0.8]
      [Ext Root Scanning (ms): Min: 0.0, Avg: 0.4, Max: 0.7, Diff: 0.7, Sum: 3.2]
      [Update RS (ms): Min: 0.0, Avg: 0.0, Max: 0.0, Diff: 0.0, Sum: 0.0]
         [Processed Buffers: Min: 0, Avg: 0.2, Max: 2, Diff: 2, Sum: 2]
      [Scan RS (ms): Min: 0.0, Avg: 0.0, Max: 0.0, Diff: 0.0, Sum: 0.0]
      [Object Copy (ms): Min: 0.0, Avg: 0.0, Max: 0.1, Diff: 0.1, Sum: 0.3]
      [Termination (ms): Min: 0.0, Avg: 0.1, Max: 0.1, Diff: 0.1, Sum: 0.4]
      [GC Worker Other (ms): Min: 0.0, Avg: 0.0, Max: 0.0, Diff: 0.0, Sum: 0.0]
      [GC Worker Total (ms): Min: 0.0, Avg: 0.5, Max: 0.8, Diff: 0.8, Sum: 3.9]
      [GC Worker End (ms): Min: 429309.8, Avg: 429309.9, Max: 429309.9, Diff: 0.0]
   [Code Root Fixup: 0.0 ms]
   [Clear CT: 0.1 ms]
   [Other: 0.3 ms]
      [Choose CSet: 0.0 ms]
      [Ref Proc: 0.2 ms]
      [Ref Enq: 0.0 ms]
      [Free CSet: 0.0 ms]
   [Eden: 0.0B(25.0M)->0.0B(25.0M) Survivors: 0.0B->0.0B Heap: 510.9M(512.0M)->510.9M(512.0M)]
 [Times: user=0.01 sys=0.00, real=0.00 secs] 
429.310: [Full GC430.356: [SoftReference, 5 refs, 0.0000240 secs]430.356: [WeakReference, 170 refs, 0.0000160 secs]430.356: [FinalReference, 6 refs, 0.0000020 secs]430.356: [PhantomReference, 0 refs, 0.0000020 secs]430.356: [JNI Weak Reference, 0.0000030 secs] 510M->510M(512M), 1.9418160 secs]
   [Eden: 0.0B(25.0M)->0.0B(25.0M) Survivors: 0.0B->0.0B Heap: 510.9M(512.0M)->510.9M(512.0M)]
 [Times: user=3.26 sys=0.01, real=1.95 secs] 
431.252: [Full GC432.288: [SoftReference, 5 refs, 0.0000250 secs]432.288: [WeakReference, 170 refs, 0.0000160 secs]432.288: [FinalReference, 6 refs, 0.0000030 secs]432.288: [PhantomReference, 0 refs, 0.0000020 secs]432.288: [JNI Weak Reference, 0.0000030 secs] 510M->510M(512M), 1.9318930 secs]
   [Eden: 0.0B(25.0M)->0.0B(25.0M) Survivors: 0.0B->0.0B Heap: 510.9M(512.0M)->510.9M(512.0M)]
 [Times: user=3.25 sys=0.01, real=1.93 secs] 
433.184: [GC pause (young)433.186: [SoftReference, 0 refs, 0.0000150 secs]433.186: [WeakReference, 0 refs, 0.0000020 secs]433.186: [FinalReference, 0 refs, 0.0000020 secs]433.186: [PhantomReference, 0 refs, 0.0000210 secs]433.186: [JNI Weak Reference, 0.0000030 secs], 0.0016320 secs]
   [Parallel Time: 1.1 ms, GC Workers: 8]
      [GC Worker Start (ms): Min: 433184.7, Avg: 433185.0, Max: 433185.6, Diff: 1.0]
      [Ext Root Scanning (ms): Min: 0.0, Avg: 0.5, Max: 1.0, Diff: 1.0, Sum: 4.3]
      [Update RS (ms): Min: 0.0, Avg: 0.0, Max: 0.0, Diff: 0.0, Sum: 0.0]
         [Processed Buffers: Min: 0, Avg: 0.1, Max: 1, Diff: 1, Sum: 1]
      [Scan RS (ms): Min: 0.0, Avg: 0.0, Max: 0.0, Diff: 0.0, Sum: 0.0]
      [Object Copy (ms): Min: 0.0, Avg: 0.0, Max: 0.1, Diff: 0.1, Sum: 0.3]
      [Termination (ms): Min: 0.0, Avg: 0.1, Max: 0.2, Diff: 0.2, Sum: 0.7]
      [GC Worker Other (ms): Min: 0.0, Avg: 0.0, Max: 0.0, Diff: 0.0, Sum: 0.0]
      [GC Worker Total (ms): Min: 0.1, Avg: 0.7, Max: 1.0, Diff: 0.9, Sum: 5.4]
      [GC Worker End (ms): Min: 433185.7, Avg: 433185.7, Max: 433185.7, Diff: 0.0]
   [Code Root Fixup: 0.0 ms]
   [Clear CT: 0.1 ms]
   [Other: 0.4 ms]
      [Choose CSet: 0.0 ms]
      [Ref Proc: 0.2 ms]
      [Ref Enq: 0.0 ms]
      [Free CSet: 0.0 ms]
   [Eden: 0.0B(25.0M)->0.0B(25.0M) Survivors: 0.0B->0.0B Heap: 510.9M(512.0M)->510.9M(512.0M)]
 [Times: user=0.01 sys=0.00, real=0.00 secs] 
433.186: [Full GC434.236: [SoftReference, 22 refs, 0.0000280 secs]434.236: [WeakReference, 169 refs, 0.0000170 secs]434.236: [FinalReference, 6 refs, 0.0000030 secs]434.236: [PhantomReference, 0 refs, 0.0000030 secs]434.236: [JNI Weak Reference, 0.0000030 secs] 510M->510M(512M), 1.9414360 secs]
   [Eden: 0.0B(25.0M)->0.0B(25.0M) Survivors: 0.0B->0.0B Heap: 510.9M(512.0M)->510.9M(512.0M)]
 [Times: user=3.26 sys=0.01, real=1.94 secs] 
435.128: [Full GC436.178: [SoftReference, 22 refs, 0.0000290 secs]436.178: [WeakReference, 169 refs, 0.0000160 secs]436.178: [FinalReference, 6 refs, 0.0000020 secs]436.178: [PhantomReference, 0 refs, 0.0000020 secs]436.178: [JNI Weak Reference, 0.0000030 secs] 510M->510M(512M), 1.9142960 secs]
   [Eden: 0.0B(25.0M)->0.0B(25.0M) Survivors: 0.0B->0.0B Heap: 510.9M(512.0M)->510.9M(512.0M)]
 [Times: user=3.23 sys=0.01, real=1.92 secs] 
437.042: [GC pause (young)437.044: [SoftReference, 0 refs, 0.0000200 secs]437.044: [WeakReference, 0 refs, 0.0000030 secs]437.044: [FinalReference, 0 refs, 0.0000020 secs]437.044: [PhantomReference, 0 refs, 0.0000030 secs]437.044: [JNI Weak Reference, 0.0000120 secs], 0.0016810 secs]
   [Parallel Time: 1.1 ms, GC Workers: 8]
      [GC Worker Start (ms): Min: 437042.5, Avg: 437042.9, Max: 437043.5, Diff: 1.0]
      [Ext Root Scanning (ms): Min: 0.0, Avg: 0.6, Max: 1.0, Diff: 1.0, Sum: 4.5]
      [Update RS (ms): Min: 0.0, Avg: 0.0, Max: 0.0, Diff: 0.0, Sum: 0.0]
         [Processed Buffers: Min: 0, Avg: 0.0, Max: 0, Diff: 0, Sum: 0]
      [Scan RS (ms): Min: 0.0, Avg: 0.0, Max: 0.0, Diff: 0.0, Sum: 0.0]
      [Object Copy (ms): Min: 0.0, Avg: 0.0, Max: 0.1, Diff: 0.1, Sum: 0.3]
      [Termination (ms): Min: 0.0, Avg: 0.1, Max: 0.2, Diff: 0.2, Sum: 0.7]
      [GC Worker Other (ms): Min: 0.0, Avg: 0.0, Max: 0.0, Diff: 0.0, Sum: 0.0]
      [GC Worker Total (ms): Min: 0.1, Avg: 0.7, Max: 1.1, Diff: 1.0, Sum: 5.6]
      [GC Worker End (ms): Min: 437043.6, Avg: 437043.6, Max: 437043.6, Diff: 0.0]
   [Code Root Fixup: 0.0 ms]
   [Clear CT: 0.1 ms]
   [Other: 0.4 ms]
      [Choose CSet: 0.0 ms]
      [Ref Proc: 0.2 ms]
      [Ref Enq: 0.0 ms]
      [Free CSet: 0.0 ms]
   [Eden: 0.0B(25.0M)->0.0B(25.0M) Survivors: 0.0B->0.0B Heap: 510.9M(512.0M)->510.9M(512.0M)]
 [Times: user=0.01 sys=0.00, real=0.00 secs] 
437.044: [GC pause (young)437.045: [SoftReference, 0 refs, 0.0000160 secs]437.045: [WeakReference, 0 refs, 0.0000030 secs]437.045: [FinalReference, 0 refs, 0.0000020 secs]437.045: [PhantomReference, 0 refs, 0.0000020 secs]437.045: [JNI Weak Reference, 0.0000020 secs], 0.0011960 secs]
   [Parallel Time: 0.9 ms, GC Workers: 8]
      [GC Worker Start (ms): Min: 437044.1, Avg: 437044.3, Max: 437044.8, Diff: 0.7]
      [Ext Root Scanning (ms): Min: 0.0, Avg: 0.5, Max: 0.7, Diff: 0.7, Sum: 3.8]
      [Update RS (ms): Min: 0.0, Avg: 0.0, Max: 0.0, Diff: 0.0, Sum: 0.0]
         [Processed Buffers: Min: 0, Avg: 0.1, Max: 1, Diff: 1, Sum: 1]
      [Scan RS (ms): Min: 0.0, Avg: 0.0, Max: 0.0, Diff: 0.0, Sum: 0.0]
      [Object Copy (ms): Min: 0.0, Avg: 0.0, Max: 0.1, Diff: 0.1, Sum: 0.4]
      [Termination (ms): Min: 0.0, Avg: 0.1, Max: 0.2, Diff: 0.2, Sum: 1.0]
      [GC Worker Other (ms): Min: 0.0, Avg: 0.0, Max: 0.0, Diff: 0.0, Sum: 0.0]
      [GC Worker Total (ms): Min: 0.2, Avg: 0.7, Max: 0.9, Diff: 0.7, Sum: 5.3]
      [GC Worker End (ms): Min: 437045.0, Avg: 437045.0, Max: 437045.0, Diff: 0.0]
   [Code Root Fixup: 0.0 ms]
   [Clear CT: 0.1 ms]
   [Other: 0.2 ms]
      [Choose CSet: 0.0 ms]
      [Ref Proc: 0.2 ms]
      [Ref Enq: 0.0 ms]
      [Free CSet: 0.0 ms]
   [Eden: 0.0B(25.0M)->0.0B(25.0M) Survivors: 0.0B->0.0B Heap: 510.9M(512.0M)->510.9M(512.0M)]
 [Times: user=0.01 sys=0.00, real=0.00 secs] 
437.045: [GC pause (young)437.046: [SoftReference, 0 refs, 0.0000100 secs]437.046: [WeakReference, 0 refs, 0.0000030 secs]437.046: [FinalReference, 0 refs, 0.0000030 secs]437.046: [PhantomReference, 0 refs, 0.0000110 secs]437.046: [JNI Weak Reference, 0.0000020 secs], 0.0011020 secs]
   [Parallel Time: 0.8 ms, GC Workers: 8]
      [GC Worker Start (ms): Min: 437045.5, Avg: 437045.7, Max: 437046.2, Diff: 0.7]
      [Ext Root Scanning (ms): Min: 0.0, Avg: 0.4, Max: 0.7, Diff: 0.7, Sum: 3.5]
      [Update RS (ms): Min: 0.0, Avg: 0.0, Max: 0.0, Diff: 0.0, Sum: 0.0]
         [Processed Buffers: Min: 0, Avg: 0.1, Max: 1, Diff: 1, Sum: 1]
      [Scan RS (ms): Min: 0.0, Avg: 0.0, Max: 0.0, Diff: 0.0, Sum: 0.0]
      [Object Copy (ms): Min: 0.0, Avg: 0.0, Max: 0.1, Diff: 0.1, Sum: 0.3]
      [Termination (ms): Min: 0.0, Avg: 0.1, Max: 0.2, Diff: 0.2, Sum: 0.7]
      [GC Worker Other (ms): Min: 0.0, Avg: 0.0, Max: 0.0, Diff: 0.0, Sum: 0.1]
      [GC Worker Total (ms): Min: 0.1, Avg: 0.6, Max: 0.8, Diff: 0.7, Sum: 4.6]
      [GC Worker End (ms): Min: 437046.2, Avg: 437046.2, Max: 437046.3, Diff: 0.0]
   [Code Root Fixup: 0.0 ms]
   [Clear CT: 0.1 ms]
   [Other: 0.2 ms]
      [Choose CSet: 0.0 ms]
      [Ref Proc: 0.2 ms]
      [Ref Enq: 0.0 ms]
      [Free CSet: 0.0 ms]
   [Eden: 0.0B(25.0M)->0.0B(25.0M) Survivors: 0.0B->0.0B Heap: 510.9M(512.0M)->510.9M(512.0M)]
 [Times: user=0.00 sys=0.00, real=0.00 secs] 
437.047: [Full GC438.095: [SoftReference, 22 refs, 0.0000270 secs]438.095: [WeakReference, 169 refs, 0.0000160 secs]438.095: [FinalReference, 6 refs, 0.0000040 secs]438.095: [PhantomReference, 0 refs, 0.0000020 secs]438.095: [JNI Weak Reference, 0.0000030 secs] 510M->510M(512M), 1.9520180 secs]
   [Eden: 0.0B(25.0M)->0.0B(25.0M) Survivors: 0.0B->0.0B Heap: 510.9M(512.0M)->510.6M(512.0M)]
 [Times: user=3.27 sys=0.01, real=1.95 secs] 
439.002: [GC pause (young)439.008: [SoftReference, 0 refs, 0.0000140 secs]439.008: [WeakReference, 0 refs, 0.0000030 secs]439.008: [FinalReference, 0 refs, 0.0000030 secs]439.008: [PhantomReference, 0 refs, 0.0000020 secs]439.008: [JNI Weak Reference, 0.0000020 secs] (to-space exhausted), 0.0080110 secs]
   [Parallel Time: 6.0 ms, GC Workers: 8]
      [GC Worker Start (ms): Min: 439001.9, Avg: 439002.1, Max: 439002.2, Diff: 0.2]
      [Ext Root Scanning (ms): Min: 0.1, Avg: 0.9, Max: 2.2, Diff: 2.1, Sum: 6.9]
      [Update RS (ms): Min: 1.8, Avg: 3.0, Max: 3.8, Diff: 2.0, Sum: 24.0]
         [Processed Buffers: Min: 1, Avg: 2.2, Max: 7, Diff: 6, Sum: 18]
      [Scan RS (ms): Min: 0.0, Avg: 0.0, Max: 0.0, Diff: 0.0, Sum: 0.0]
      [Object Copy (ms): Min: 1.1, Avg: 1.9, Max: 2.7, Diff: 1.6, Sum: 15.0]
      [Termination (ms): Min: 0.0, Avg: 0.1, Max: 0.1, Diff: 0.1, Sum: 0.5]
      [GC Worker Other (ms): Min: 0.0, Avg: 0.0, Max: 0.0, Diff: 0.0, Sum: 0.2]
      [GC Worker Total (ms): Min: 5.7, Avg: 5.8, Max: 5.9, Diff: 0.2, Sum: 46.5]
      [GC Worker End (ms): Min: 439007.8, Avg: 439007.9, Max: 439007.9, Diff: 0.1]
   [Code Root Fixup: 0.0 ms]
   [Clear CT: 0.1 ms]
   [Other: 1.9 ms]
      [Choose CSet: 0.0 ms]
      [Ref Proc: 0.2 ms]
      [Ref Enq: 0.0 ms]
      [Free CSet: 0.0 ms]
   [Eden: 1024.0K(25.0M)->0.0B(25.0M) Survivors: 0.0B->0.0B Heap: 511.6M(512.0M)->511.6M(512.0M)]
 [Times: user=0.03 sys=0.00, real=0.00 secs] 
439.010: [GC pause (young) (initial-mark)439.014: [SoftReference, 0 refs, 0.0000150 secs]439.014: [WeakReference, 0 refs, 0.0000020 secs]439.014: [FinalReference, 0 refs, 0.0000120 secs]439.014: [PhantomReference, 0 refs, 0.0000020 secs]439.014: [JNI Weak Reference, 0.0000020 secs], 0.0042570 secs]
   [Parallel Time: 3.9 ms, GC Workers: 8]
      [GC Worker Start (ms): Min: 439009.9, Avg: 439010.3, Max: 439011.0, Diff: 1.2]
      [Ext Root Scanning (ms): Min: 0.0, Avg: 0.4, Max: 0.8, Diff: 0.8, Sum: 3.3]
      [Update RS (ms): Min: 2.4, Avg: 2.7, Max: 2.8, Diff: 0.4, Sum: 21.3]
         [Processed Buffers: Min: 4, Avg: 7.6, Max: 12, Diff: 8, Sum: 61]
      [Scan RS (ms): Min: 0.0, Avg: 0.0, Max: 0.0, Diff: 0.0, Sum: 0.0]
      [Object Copy (ms): Min: 0.0, Avg: 0.2, Max: 0.9, Diff: 0.9, Sum: 2.0]
      [Termination (ms): Min: 0.0, Avg: 0.1, Max: 0.1, Diff: 0.1, Sum: 0.8]
      [GC Worker Other (ms): Min: 0.0, Avg: 0.0, Max: 0.0, Diff: 0.0, Sum: 0.2]
      [GC Worker Total (ms): Min: 2.7, Avg: 3.4, Max: 3.9, Diff: 1.2, Sum: 27.6]
      [GC Worker End (ms): Min: 439013.7, Avg: 439013.7, Max: 439013.8, Diff: 0.0]
   [Code Root Fixup: 0.0 ms]
   [Clear CT: 0.1 ms]
   [Other: 0.2 ms]
      [Choose CSet: 0.0 ms]
      [Ref Proc: 0.2 ms]
      [Ref Enq: 0.0 ms]
      [Free CSet: 0.0 ms]
   [Eden: 0.0B(25.0M)->0.0B(25.0M) Survivors: 0.0B->0.0B Heap: 511.6M(512.0M)->511.6M(512.0M)]
 [Times: user=0.02 sys=0.00, real=0.01 secs] 
439.014: [GC concurrent-root-region-scan-start]
439.014: [GC concurrent-root-region-scan-end, 0.0000050 secs]
439.014: [GC concurrent-mark-start]
439.014: [GC pause (young)439.015: [SoftReference, 0 refs, 0.0000120 secs]439.015: [WeakReference, 0 refs, 0.0000120 secs]439.015: [FinalReference, 0 refs, 0.0000030 secs]439.015: [PhantomReference, 0 refs, 0.0000020 secs]439.015: [JNI Weak Reference, 0.0000020 secs], 0.0011830 secs]
   [Parallel Time: 0.8 ms, GC Workers: 8]
      [GC Worker Start (ms): Min: 439014.2, Avg: 439014.4, Max: 439014.9, Diff: 0.7]
      [Ext Root Scanning (ms): Min: 0.0, Avg: 0.4, Max: 0.7, Diff: 0.7, Sum: 3.6]
      [SATB Filtering (ms): Min: 0.0, Avg: 0.0, Max: 0.0, Diff: 0.0, Sum: 0.0]
      [Update RS (ms): Min: 0.0, Avg: 0.0, Max: 0.0, Diff: 0.0, Sum: 0.0]
         [Processed Buffers: Min: 0, Avg: 0.1, Max: 1, Diff: 1, Sum: 1]
      [Scan RS (ms): Min: 0.0, Avg: 0.0, Max: 0.0, Diff: 0.0, Sum: 0.0]
      [Object Copy (ms): Min: 0.0, Avg: 0.0, Max: 0.1, Diff: 0.1, Sum: 0.3]
      [Termination (ms): Min: 0.0, Avg: 0.1, Max: 0.2, Diff: 0.2, Sum: 0.6]
      [GC Worker Other (ms): Min: 0.0, Avg: 0.0, Max: 0.0, Diff: 0.0, Sum: 0.0]
      [GC Worker Total (ms): Min: 0.1, Avg: 0.6, Max: 0.7, Diff: 0.7, Sum: 4.5]
      [GC Worker End (ms): Min: 439015.0, Avg: 439015.0, Max: 439015.0, Diff: 0.0]
   [Code Root Fixup: 0.0 ms]
   [Clear CT: 0.1 ms]
   [Other: 0.3 ms]
      [Choose CSet: 0.0 ms]
      [Ref Proc: 0.3 ms]
      [Ref Enq: 0.0 ms]
      [Free CSet: 0.0 ms]
   [Eden: 0.0B(25.0M)->0.0B(25.0M) Survivors: 0.0B->0.0B Heap: 511.6M(512.0M)->511.6M(512.0M)]
 [Times: user=0.01 sys=0.00, real=0.00 secs] 
439.016: [Full GC440.046: [SoftReference, 31 refs, 0.0000310 secs]440.046: [WeakReference, 172 refs, 0.0000160 secs]440.046: [FinalReference, 7 refs, 0.0000030 secs]440.046: [PhantomReference, 0 refs, 0.0000020 secs]440.046: [JNI Weak Reference, 0.0000030 secs] 511M->510M(512M), 2.0349330 secs]
   [Eden: 0.0B(25.0M)->0.0B(25.0M) Survivors: 0.0B->0.0B Heap: 511.6M(512.0M)->510.8M(512.0M)]
 [Times: user=3.35 sys=0.01, real=2.04 secs] 
441.051: [GC concurrent-mark-abort]
441.053: [GC pause (young)441.060: [SoftReference, 0 refs, 0.0000170 secs]441.060: [WeakReference, 0 refs, 0.0000030 secs]441.060: [FinalReference, 0 refs, 0.0000020 secs]441.060: [PhantomReference, 0 refs, 0.0000020 secs]441.060: [JNI Weak Reference, 0.0000040 secs] (to-space exhausted), 0.0091030 secs]
   [Parallel Time: 7.1 ms, GC Workers: 8]
      [GC Worker Start (ms): Min: 441053.0, Avg: 441053.3, Max: 441054.5, Diff: 1.4]
      [Ext Root Scanning (ms): Min: 0.0, Avg: 0.6, Max: 0.8, Diff: 0.8, Sum: 4.7]
      [Update RS (ms): Min: 0.0, Avg: 3.1, Max: 4.6, Diff: 4.6, Sum: 25.0]
         [Processed Buffers: Min: 0, Avg: 2.2, Max: 4, Diff: 4, Sum: 18]
      [Scan RS (ms): Min: 0.0, Avg: 0.0, Max: 0.0, Diff: 0.0, Sum: 0.0]
      [Object Copy (ms): Min: 1.5, Avg: 3.1, Max: 6.9, Diff: 5.4, Sum: 24.5]
      [Termination (ms): Min: 0.0, Avg: 0.1, Max: 0.1, Diff: 0.1, Sum: 0.4]
      [GC Worker Other (ms): Min: 0.0, Avg: 0.0, Max: 0.0, Diff: 0.0, Sum: 0.1]
      [GC Worker Total (ms): Min: 5.6, Avg: 6.8, Max: 7.1, Diff: 1.4, Sum: 54.7]
      [GC Worker End (ms): Min: 441060.1, Avg: 441060.1, Max: 441060.1, Diff: 0.0]
   [Code Root Fixup: 0.0 ms]
   [Clear CT: 0.1 ms]
   [Other: 1.9 ms]
      [Choose CSet: 0.0 ms]
      [Ref Proc: 0.2 ms]
      [Ref Enq: 0.0 ms]
      [Free CSet: 0.0 ms]
   [Eden: 1024.0K(25.0M)->0.0B(25.0M) Survivors: 0.0B->0.0B Heap: 511.8M(512.0M)->511.8M(512.0M)]
 [Times: user=0.03 sys=0.01, real=0.01 secs] 
441.062: [GC pause (young) (initial-mark)441.066: [SoftReference, 0 refs, 0.0000160 secs]441.066: [WeakReference, 0 refs, 0.0000020 secs]441.066: [FinalReference, 0 refs, 0.0000020 secs]441.066: [PhantomReference, 0 refs, 0.0000030 secs]441.066: [JNI Weak Reference, 0.0000030 secs], 0.0041840 secs]
   [Parallel Time: 3.8 ms, GC Workers: 8]
      [GC Worker Start (ms): Min: 441062.0, Avg: 441062.1, Max: 441062.8, Diff: 0.8]
      [Ext Root Scanning (ms): Min: 0.0, Avg: 0.5, Max: 0.7, Diff: 0.7, Sum: 4.1]
      [Update RS (ms): Min: 2.6, Avg: 2.7, Max: 3.0, Diff: 0.5, Sum: 21.8]
         [Processed Buffers: Min: 4, Avg: 7.8, Max: 12, Diff: 8, Sum: 62]
      [Scan RS (ms): Min: 0.0, Avg: 0.0, Max: 0.0, Diff: 0.0, Sum: 0.0]
      [Object Copy (ms): Min: 0.0, Avg: 0.2, Max: 0.3, Diff: 0.3, Sum: 1.4]
      [Termination (ms): Min: 0.0, Avg: 0.2, Max: 0.3, Diff: 0.3, Sum: 1.8]
      [GC Worker Other (ms): Min: 0.0, Avg: 0.0, Max: 0.1, Diff: 0.1, Sum: 0.3]
      [GC Worker Total (ms): Min: 2.9, Avg: 3.7, Max: 3.8, Diff: 0.9, Sum: 29.3]
      [GC Worker End (ms): Min: 441065.7, Avg: 441065.8, Max: 441065.8, Diff: 0.1]
   [Code Root Fixup: 0.0 ms]
   [Clear CT: 0.2 ms]
   [Other: 0.2 ms]
      [Choose CSet: 0.0 ms]
      [Ref Proc: 0.2 ms]
      [Ref Enq: 0.0 ms]
      [Free CSet: 0.0 ms]
   [Eden: 0.0B(25.0M)->0.0B(25.0M) Survivors: 0.0B->0.0B Heap: 511.8M(512.0M)->511.8M(512.0M)]
 [Times: user=0.03 sys=0.00, real=0.00 secs] 
441.066: [GC concurrent-root-region-scan-start]
441.066: [GC concurrent-root-region-scan-end, 0.0000040 secs]
441.066: [GC concurrent-mark-start]
441.066: [Full GC442.116: [SoftReference, 22 refs, 0.0000290 secs]442.116: [WeakReference, 172 refs, 0.0000160 secs]442.116: [FinalReference, 6 refs, 0.0000030 secs]442.116: [PhantomReference, 0 refs, 0.0000020 secs]442.116: [JNI Weak Reference, 0.0000030 secs] 511M->511M(512M), 2.0495630 secs]
   [Eden: 0.0B(25.0M)->0.0B(25.0M) Survivors: 0.0B->0.0B Heap: 511.8M(512.0M)->511.0M(512.0M)]
 [Times: user=3.37 sys=0.00, real=2.05 secs] 
443.116: [Full GC444.172: [SoftReference, 22 refs, 0.0000260 secs]444.172: [WeakReference, 171 refs, 0.0000160 secs]444.172: [FinalReference, 6 refs, 0.0000030 secs]444.172: [PhantomReference, 0 refs, 0.0000020 secs]444.172: [JNI Weak Reference, 0.0000030 secs] 511M->511M(512M), 1.9847820 secs]
   [Eden: 0.0B(25.0M)->0.0B(25.0M) Survivors: 0.0B->0.0B Heap: 511.0M(512.0M)->511.0M(512.0M)]
 [Times: user=3.30 sys=0.01, real=1.99 secs] 
445.101: [GC concurrent-mark-abort]
445.101: [GC pause (young)445.103: [SoftReference, 0 refs, 0.0000160 secs]445.103: [WeakReference, 0 refs, 0.0000030 secs]445.103: [FinalReference, 0 refs, 0.0000020 secs]445.103: [PhantomReference, 0 refs, 0.0000020 secs]445.103: [JNI Weak Reference, 0.0000030 secs], 0.0017710 secs]
   [Parallel Time: 1.3 ms, GC Workers: 8]
      [GC Worker Start (ms): Min: 445101.2, Avg: 445101.3, Max: 445101.5, Diff: 0.3]
      [Ext Root Scanning (ms): Min: 0.5, Avg: 0.8, Max: 1.0, Diff: 0.5, Sum: 6.7]
      [Update RS (ms): Min: 0.0, Avg: 0.0, Max: 0.0, Diff: 0.0, Sum: 0.0]
         [Processed Buffers: Min: 0, Avg: 0.0, Max: 0, Diff: 0, Sum: 0]
      [Scan RS (ms): Min: 0.0, Avg: 0.0, Max: 0.0, Diff: 0.0, Sum: 0.0]
      [Object Copy (ms): Min: 0.0, Avg: 0.1, Max: 0.2, Diff: 0.2, Sum: 0.6]
      [Termination (ms): Min: 0.0, Avg: 0.1, Max: 0.2, Diff: 0.2, Sum: 0.8]
      [GC Worker Other (ms): Min: 0.0, Avg: 0.0, Max: 0.1, Diff: 0.0, Sum: 0.4]
      [GC Worker Total (ms): Min: 0.9, Avg: 1.1, Max: 1.2, Diff: 0.3, Sum: 8.4]
      [GC Worker End (ms): Min: 445102.3, Avg: 445102.4, Max: 445102.4, Diff: 0.1]
   [Code Root Fixup: 0.0 ms]
   [Clear CT: 0.1 ms]
   [Other: 0.4 ms]
      [Choose CSet: 0.0 ms]
      [Ref Proc: 0.2 ms]
      [Ref Enq: 0.0 ms]
      [Free CSet: 0.0 ms]
   [Eden: 0.0B(25.0M)->0.0B(25.0M) Survivors: 0.0B->0.0B Heap: 511.0M(512.0M)->511.0M(512.0M)]
 [Times: user=0.01 sys=0.00, real=0.00 secs] 
445.103: [GC pause (young)445.104: [SoftReference, 0 refs, 0.0000210 secs]445.104: [WeakReference, 0 refs, 0.0000140 secs]445.104: [FinalReference, 0 refs, 0.0000020 secs]445.104: [PhantomReference, 0 refs, 0.0000020 secs]445.104: [JNI Weak Reference, 0.0000020 secs], 0.0012240 secs]
   [Parallel Time: 0.9 ms, GC Workers: 8]
      [GC Worker Start (ms): Min: 445102.9, Avg: 445103.2, Max: 445103.6, Diff: 0.8]
      [Ext Root Scanning (ms): Min: 0.0, Avg: 0.4, Max: 0.7, Diff: 0.7, Sum: 3.3]
      [Update RS (ms): Min: 0.0, Avg: 0.0, Max: 0.0, Diff: 0.0, Sum: 0.0]
         [Processed Buffers: Min: 0, Avg: 0.2, Max: 2, Diff: 2, Sum: 2]
      [Scan RS (ms): Min: 0.0, Avg: 0.0, Max: 0.0, Diff: 0.0, Sum: 0.0]
      [Object Copy (ms): Min: 0.0, Avg: 0.0, Max: 0.1, Diff: 0.1, Sum: 0.3]
      [Termination (ms): Min: 0.0, Avg: 0.1, Max: 0.2, Diff: 0.2, Sum: 0.9]
      [GC Worker Other (ms): Min: 0.0, Avg: 0.0, Max: 0.0, Diff: 0.0, Sum: 0.1]
      [GC Worker Total (ms): Min: 0.1, Avg: 0.6, Max: 0.9, Diff: 0.8, Sum: 4.6]
      [GC Worker End (ms): Min: 445103.7, Avg: 445103.7, Max: 445103.8, Diff: 0.0]
   [Code Root Fixup: 0.0 ms]
   [Clear CT: 0.1 ms]
   [Other: 0.2 ms]
      [Choose CSet: 0.0 ms]
      [Ref Proc: 0.2 ms]
      [Ref Enq: 0.0 ms]
      [Free CSet: 0.0 ms]
   [Eden: 0.0B(25.0M)->0.0B(25.0M) Survivors: 0.0B->0.0B Heap: 511.0M(512.0M)->511.0M(512.0M)]
 [Times: user=0.00 sys=0.01, real=0.00 secs] 
445.104: [Full GC446.145: [SoftReference, 22 refs, 0.0000280 secs]446.145: [WeakReference, 171 refs, 0.0000170 secs]446.145: [FinalReference, 6 refs, 0.0000040 secs]446.145: [PhantomReference, 0 refs, 0.0000030 secs]446.145: [JNI Weak Reference, 0.0000040 secs] 511M->510M(512M), 1.8950500 secs]
   [Eden: 0.0B(25.0M)->0.0B(25.0M) Survivors: 0.0B->0.0B Heap: 511.0M(512.0M)->511.0M(512.0M)]
 [Times: user=3.22 sys=0.00, real=1.89 secs] 
446.999: [Full GC448.040: [SoftReference, 22 refs, 0.0000280 secs]448.040: [WeakReference, 171 refs, 0.0000170 secs]448.040: [FinalReference, 108 refs, 0.0000110 secs]448.041: [PhantomReference, 0 refs, 0.0000030 secs]448.041: [JNI Weak Reference, 0.0000030 secs] 510M->510M(512M), 1.9313170 secs]
   [Eden: 0.0B(25.0M)->0.0B(25.0M) Survivors: 0.0B->0.0B Heap: 511.0M(512.0M)->511.0M(512.0M)]
 [Times: user=3.25 sys=0.01, real=1.94 secs] 
448.931: [GC pause (young)448.932: [SoftReference, 0 refs, 0.0000150 secs]448.932: [WeakReference, 0 refs, 0.0000030 secs]448.932: [FinalReference, 0 refs, 0.0000030 secs]448.932: [PhantomReference, 0 refs, 0.0000020 secs]448.932: [JNI Weak Reference, 0.0000110 secs], 0.0017290 secs]
   [Parallel Time: 1.1 ms, GC Workers: 8]
      [GC Worker Start (ms): Min: 448931.1, Avg: 448931.4, Max: 448932.0, Diff: 0.9]
      [Ext Root Scanning (ms): Min: 0.0, Avg: 0.5, Max: 0.9, Diff: 0.9, Sum: 4.3]
      [Update RS (ms): Min: 0.0, Avg: 0.0, Max: 0.0, Diff: 0.0, Sum: 0.0]
         [Processed Buffers: Min: 0, Avg: 0.1, Max: 1, Diff: 1, Sum: 1]
      [Scan RS (ms): Min: 0.0, Avg: 0.0, Max: 0.0, Diff: 0.0, Sum: 0.0]
      [Object Copy (ms): Min: 0.0, Avg: 0.0, Max: 0.1, Diff: 0.1, Sum: 0.3]
      [Termination (ms): Min: 0.0, Avg: 0.1, Max: 0.2, Diff: 0.2, Sum: 1.0]
      [GC Worker Other (ms): Min: 0.0, Avg: 0.0, Max: 0.0, Diff: 0.0, Sum: 0.0]
      [GC Worker Total (ms): Min: 0.1, Avg: 0.7, Max: 1.1, Diff: 0.9, Sum: 5.7]
      [GC Worker End (ms): Min: 448932.1, Avg: 448932.2, Max: 448932.2, Diff: 0.0]
   [Code Root Fixup: 0.0 ms]
   [Clear CT: 0.1 ms]
   [Other: 0.5 ms]
      [Choose CSet: 0.0 ms]
      [Ref Proc: 0.2 ms]
      [Ref Enq: 0.0 ms]
      [Free CSet: 0.0 ms]
   [Eden: 0.0B(25.0M)->0.0B(25.0M) Survivors: 0.0B->0.0B Heap: 511.0M(512.0M)->511.0M(512.0M)]
 [Times: user=0.01 sys=0.00, real=0.00 secs] 
448.933: [GC pause (young)448.934: [SoftReference, 0 refs, 0.0000150 secs]448.934: [WeakReference, 0 refs, 0.0000030 secs]448.934: [FinalReference, 0 refs, 0.0000030 secs]448.934: [PhantomReference, 0 refs, 0.0000020 secs]448.934: [JNI Weak Reference, 0.0000020 secs], 0.0012580 secs]
   [Parallel Time: 1.0 ms, GC Workers: 8]
      [GC Worker Start (ms): Min: 448933.2, Avg: 448933.5, Max: 448933.9, Diff: 0.7]
      [Ext Root Scanning (ms): Min: 0.0, Avg: 0.5, Max: 0.8, Diff: 0.8, Sum: 3.7]
      [Update RS (ms): Min: 0.0, Avg: 0.0, Max: 0.0, Diff: 0.0, Sum: 0.0]
         [Processed Buffers: Min: 0, Avg: 0.2, Max: 2, Diff: 2, Sum: 2]
      [Scan RS (ms): Min: 0.0, Avg: 0.0, Max: 0.0, Diff: 0.0, Sum: 0.0]
      [Object Copy (ms): Min: 0.0, Avg: 0.1, Max: 0.1, Diff: 0.1, Sum: 0.4]
      [Termination (ms): Min: 0.0, Avg: 0.1, Max: 0.2, Diff: 0.2, Sum: 1.1]
      [GC Worker Other (ms): Min: 0.0, Avg: 0.0, Max: 0.0, Diff: 0.0, Sum: 0.0]
      [GC Worker Total (ms): Min: 0.2, Avg: 0.7, Max: 0.9, Diff: 0.7, Sum: 5.3]
      [GC Worker End (ms): Min: 448934.1, Avg: 448934.1, Max: 448934.1, Diff: 0.0]
   [Code Root Fixup: 0.0 ms]
   [Clear CT: 0.1 ms]
   [Other: 0.2 ms]
      [Choose CSet: 0.0 ms]
      [Ref Proc: 0.1 ms]
      [Ref Enq: 0.0 ms]
      [Free CSet: 0.0 ms]
   [Eden: 0.0B(25.0M)->0.0B(25.0M) Survivors: 0.0B->0.0B Heap: 511.0M(512.0M)->511.0M(512.0M)]
 [Times: user=0.00 sys=0.00, real=0.00 secs] 
448.935: [Full GC450.001: [SoftReference, 22 refs, 0.0000320 secs]450.001: [WeakReference, 171 refs, 0.0000180 secs]450.001: [FinalReference, 5 refs, 0.0000040 secs]450.001: [PhantomReference, 0 refs, 0.0000030 secs]450.001: [JNI Weak Reference, 0.0000030 secs] 510M->510M(512M), 1.9571500 secs]
   [Eden: 0.0B(25.0M)->0.0B(25.0M) Survivors: 0.0B->0.0B Heap: 511.0M(512.0M)->510.9M(512.0M)]
 [Times: user=3.28 sys=0.01, real=1.96 secs] 
450.892: [Full GC451.937: [SoftReference, 22 refs, 0.0000280 secs]451.937: [WeakReference, 171 refs, 0.0000160 secs]451.937: [FinalReference, 107 refs, 0.0000110 secs]451.937: [PhantomReference, 0 refs, 0.0000020 secs]451.937: [JNI Weak Reference, 0.0000030 secs] 510M->510M(512M), 1.9463140 secs]
   [Eden: 0.0B(25.0M)->0.0B(25.0M) Survivors: 0.0B->0.0B Heap: 510.9M(512.0M)->510.9M(512.0M)]
 [Times: user=3.26 sys=0.01, real=1.94 secs] 
452.838: [GC pause (young)452.840: [SoftReference, 0 refs, 0.0000160 secs]452.840: [WeakReference, 0 refs, 0.0000030 secs]452.840: [FinalReference, 0 refs, 0.0000030 secs]452.840: [PhantomReference, 0 refs, 0.0000020 secs]452.840: [JNI Weak Reference, 0.0000030 secs], 0.0017070 secs]
   [Parallel Time: 1.1 ms, GC Workers: 8]
      [GC Worker Start (ms): Min: 452838.7, Avg: 452838.7, Max: 452838.8, Diff: 0.1]
      [Ext Root Scanning (ms): Min: 0.6, Avg: 0.7, Max: 0.9, Diff: 0.3, Sum: 5.9]
      [Update RS (ms): Min: 0.0, Avg: 0.0, Max: 0.0, Diff: 0.0, Sum: 0.0]
         [Processed Buffers: Min: 0, Avg: 0.2, Max: 1, Diff: 1, Sum: 2]
      [Scan RS (ms): Min: 0.0, Avg: 0.0, Max: 0.0, Diff: 0.0, Sum: 0.0]
      [Object Copy (ms): Min: 0.0, Avg: 0.0, Max: 0.1, Diff: 0.1, Sum: 0.4]
      [Termination (ms): Min: 0.0, Avg: 0.2, Max: 0.3, Diff: 0.3, Sum: 1.4]
      [GC Worker Other (ms): Min: 0.0, Avg: 0.0, Max: 0.0, Diff: 0.0, Sum: 0.2]
      [GC Worker Total (ms): Min: 0.9, Avg: 1.0, Max: 1.1, Diff: 0.2, Sum: 7.9]
      [GC Worker End (ms): Min: 452839.7, Avg: 452839.7, Max: 452839.7, Diff: 0.0]
   [Code Root Fixup: 0.0 ms]
   [Clear CT: 0.2 ms]
   [Other: 0.4 ms]
      [Choose CSet: 0.0 ms]
      [Ref Proc: 0.2 ms]
      [Ref Enq: 0.0 ms]
      [Free CSet: 0.0 ms]
   [Eden: 0.0B(25.0M)->0.0B(25.0M) Survivors: 0.0B->0.0B Heap: 510.9M(512.0M)->510.9M(512.0M)]
 [Times: user=0.01 sys=0.00, real=0.00 secs] 
452.840: [GC pause (young)452.841: [SoftReference, 0 refs, 0.0000130 secs]452.841: [WeakReference, 0 refs, 0.0000020 secs]452.841: [FinalReference, 0 refs, 0.0000110 secs]452.841: [PhantomReference, 0 refs, 0.0000020 secs]452.841: [JNI Weak Reference, 0.0000020 secs], 0.0011630 secs]
   [Parallel Time: 0.8 ms, GC Workers: 8]
      [GC Worker Start (ms): Min: 452840.3, Avg: 452840.6, Max: 452841.1, Diff: 0.8]
      [Ext Root Scanning (ms): Min: 0.0, Avg: 0.4, Max: 0.7, Diff: 0.7, Sum: 3.2]
      [Update RS (ms): Min: 0.0, Avg: 0.0, Max: 0.0, Diff: 0.0, Sum: 0.0]
         [Processed Buffers: Min: 0, Avg: 0.2, Max: 2, Diff: 2, Sum: 2]
      [Scan RS (ms): Min: 0.0, Avg: 0.0, Max: 0.0, Diff: 0.0, Sum: 0.0]
      [Object Copy (ms): Min: 0.0, Avg: 0.0, Max: 0.1, Diff: 0.1, Sum: 0.3]
      [Termination (ms): Min: 0.0, Avg: 0.1, Max: 0.2, Diff: 0.2, Sum: 0.5]
      [GC Worker Other (ms): Min: 0.0, Avg: 0.0, Max: 0.0, Diff: 0.0, Sum: 0.0]
      [GC Worker Total (ms): Min: 0.0, Avg: 0.5, Max: 0.8, Diff: 0.8, Sum: 4.0]
      [GC Worker End (ms): Min: 452841.1, Avg: 452841.1, Max: 452841.2, Diff: 0.0]
   [Code Root Fixup: 0.0 ms]
   [Clear CT: 0.1 ms]
   [Other: 0.2 ms]
      [Choose CSet: 0.0 ms]
      [Ref Proc: 0.2 ms]
      [Ref Enq: 0.0 ms]
      [Free CSet: 0.0 ms]
   [Eden: 0.0B(25.0M)->0.0B(25.0M) Survivors: 0.0B->0.0B Heap: 510.9M(512.0M)->510.9M(512.0M)]
 [Times: user=0.01 sys=0.00, real=0.01 secs] 
452.842: [Full GC453.894: [SoftReference, 22 refs, 0.0000270 secs]453.894: [WeakReference, 171 refs, 0.0000160 secs]453.894: [FinalReference, 4 refs, 0.0000030 secs]453.894: [PhantomReference, 0 refs, 0.0000030 secs]453.894: [JNI Weak Reference, 0.0000030 secs] 510M->510M(512M), 1.9159790 secs]
   [Eden: 0.0B(25.0M)->0.0B(25.0M) Survivors: 0.0B->0.0B Heap: 510.9M(512.0M)->510.9M(512.0M)]
 [Times: user=3.23 sys=0.01, real=1.91 secs] 
454.758: [Full GC455.825: [SoftReference, 22 refs, 0.0000310 secs]455.825: [WeakReference, 171 refs, 0.0000160 secs]455.825: [FinalReference, 4 refs, 0.0000020 secs]455.825: [PhantomReference, 0 refs, 0.0000020 secs]455.825: [JNI Weak Reference, 0.0000030 secs] 510M->510M(512M), 1.9791100 secs]
   [Eden: 0.0B(25.0M)->0.0B(25.0M) Survivors: 0.0B->0.0B Heap: 510.9M(512.0M)->510.9M(512.0M)]
 [Times: user=3.29 sys=0.01, real=1.98 secs] 
456.737: [GC pause (young)456.738: [SoftReference, 0 refs, 0.0000220 secs]456.739: [WeakReference, 0 refs, 0.0000030 secs]456.739: [FinalReference, 0 refs, 0.0000020 secs]456.739: [PhantomReference, 0 refs, 0.0000020 secs]456.739: [JNI Weak Reference, 0.0000030 secs], 0.0016670 secs]
   [Parallel Time: 1.1 ms, GC Workers: 8]
      [GC Worker Start (ms): Min: 456737.3, Avg: 456737.4, Max: 456738.2, Diff: 0.9]
      [Ext Root Scanning (ms): Min: 0.0, Avg: 0.7, Max: 0.9, Diff: 0.9, Sum: 5.6]
      [Update RS (ms): Min: 0.0, Avg: 0.0, Max: 0.0, Diff: 0.0, Sum: 0.0]
         [Processed Buffers: Min: 0, Avg: 0.0, Max: 0, Diff: 0, Sum: 0]
      [Scan RS (ms): Min: 0.0, Avg: 0.0, Max: 0.0, Diff: 0.0, Sum: 0.0]
      [Object Copy (ms): Min: 0.0, Avg: 0.0, Max: 0.1, Diff: 0.1, Sum: 0.4]
      [Termination (ms): Min: 0.0, Avg: 0.1, Max: 0.2, Diff: 0.2, Sum: 0.9]
      [GC Worker Other (ms): Min: 0.0, Avg: 0.0, Max: 0.0, Diff: 0.0, Sum: 0.0]
      [GC Worker Total (ms): Min: 0.1, Avg: 0.9, Max: 1.0, Diff: 0.9, Sum: 7.0]
      [GC Worker End (ms): Min: 456738.3, Avg: 456738.3, Max: 456738.3, Diff: 0.0]
   [Code Root Fixup: 0.0 ms]
   [Clear CT: 0.1 ms]
   [Other: 0.5 ms]
      [Choose CSet: 0.0 ms]
      [Ref Proc: 0.2 ms]
      [Ref Enq: 0.0 ms]
      [Free CSet: 0.0 ms]
   [Eden: 0.0B(25.0M)->0.0B(25.0M) Survivors: 0.0B->0.0B Heap: 510.9M(512.0M)->510.9M(512.0M)]
 [Times: user=0.01 sys=0.00, real=0.00 secs] 
456.739: [GC pause (young)456.740: [SoftReference, 0 refs, 0.0000180 secs]456.740: [WeakReference, 0 refs, 0.0000030 secs]456.740: [FinalReference, 0 refs, 0.0000020 secs]456.740: [PhantomReference, 0 refs, 0.0000120 secs]456.740: [JNI Weak Reference, 0.0000020 secs], 0.0012760 secs]
   [Parallel Time: 0.9 ms, GC Workers: 8]
      [GC Worker Start (ms): Min: 456738.9, Avg: 456739.2, Max: 456739.7, Diff: 0.8]
      [Ext Root Scanning (ms): Min: 0.0, Avg: 0.4, Max: 0.7, Diff: 0.7, Sum: 3.4]
      [Update RS (ms): Min: 0.0, Avg: 0.0, Max: 0.0, Diff: 0.0, Sum: 0.0]
         [Processed Buffers: Min: 0, Avg: 0.1, Max: 1, Diff: 1, Sum: 1]
      [Scan RS (ms): Min: 0.0, Avg: 0.0, Max: 0.0, Diff: 0.0, Sum: 0.0]
      [Object Copy (ms): Min: 0.0, Avg: 0.0, Max: 0.1, Diff: 0.1, Sum: 0.3]
      [Termination (ms): Min: 0.0, Avg: 0.1, Max: 0.2, Diff: 0.2, Sum: 0.5]
      [GC Worker Other (ms): Min: 0.0, Avg: 0.0, Max: 0.0, Diff: 0.0, Sum: 0.0]
      [GC Worker Total (ms): Min: 0.1, Avg: 0.5, Max: 0.8, Diff: 0.8, Sum: 4.3]
      [GC Worker End (ms): Min: 456739.7, Avg: 456739.7, Max: 456739.7, Diff: 0.0]
   [Code Root Fixup: 0.0 ms]
   [Clear CT: 0.1 ms]
   [Other: 0.2 ms]
      [Choose CSet: 0.0 ms]
      [Ref Proc: 0.2 ms]
      [Ref Enq: 0.0 ms]
      [Free CSet: 0.0 ms]
   [Eden: 0.0B(25.0M)->0.0B(25.0M) Survivors: 0.0B->0.0B Heap: 510.9M(512.0M)->510.9M(512.0M)]
 [Times: user=0.01 sys=0.01, real=0.00 secs] 
456.740: [Full GC457.820: [SoftReference, 22 refs, 0.0000270 secs]457.820: [WeakReference, 171 refs, 0.0000160 secs]457.820: [FinalReference, 4 refs, 0.0000030 secs]457.820: [PhantomReference, 0 refs, 0.0000120 secs]457.820: [JNI Weak Reference, 0.0000030 secs] 510M->510M(512M), 1.9674810 secs]
   [Eden: 0.0B(25.0M)->0.0B(25.0M) Survivors: 0.0B->0.0B Heap: 510.9M(512.0M)->510.9M(512.0M)]
 [Times: user=3.27 sys=0.01, real=1.97 secs] 
458.708: [Full GC459.775: [SoftReference, 22 refs, 0.0000280 secs]459.775: [WeakReference, 171 refs, 0.0000160 secs]459.775: [FinalReference, 4 refs, 0.0000030 secs]459.775: [PhantomReference, 0 refs, 0.0000020 secs]459.775: [JNI Weak Reference, 0.0000030 secs] 510M->510M(512M), 1.9445570 secs]
   [Eden: 0.0B(25.0M)->0.0B(25.0M) Survivors: 0.0B->0.0B Heap: 510.9M(512.0M)->510.9M(512.0M)]
 [Times: user=3.27 sys=0.01, real=1.95 secs] 
460.653: [GC pause (young)460.654: [SoftReference, 0 refs, 0.0000160 secs]460.654: [WeakReference, 0 refs, 0.0000030 secs]460.654: [FinalReference, 0 refs, 0.0000030 secs]460.654: [PhantomReference, 0 refs, 0.0000020 secs]460.654: [JNI Weak Reference, 0.0000030 secs], 0.0015670 secs]
   [Parallel Time: 1.0 ms, GC Workers: 8]
      [GC Worker Start (ms): Min: 460652.9, Avg: 460652.9, Max: 460652.9, Diff: 0.1]
      [Ext Root Scanning (ms): Min: 0.6, Avg: 0.7, Max: 0.8, Diff: 0.1, Sum: 5.7]
      [Update RS (ms): Min: 0.0, Avg: 0.0, Max: 0.0, Diff: 0.0, Sum: 0.0]
         [Processed Buffers: Min: 0, Avg: 0.1, Max: 1, Diff: 1, Sum: 1]
      [Scan RS (ms): Min: 0.0, Avg: 0.0, Max: 0.0, Diff: 0.0, Sum: 0.0]
      [Object Copy (ms): Min: 0.0, Avg: 0.1, Max: 0.2, Diff: 0.1, Sum: 0.5]
      [Termination (ms): Min: 0.0, Avg: 0.1, Max: 0.1, Diff: 0.1, Sum: 0.5]
      [GC Worker Other (ms): Min: 0.0, Avg: 0.0, Max: 0.0, Diff: 0.0, Sum: 0.3]
      [GC Worker Total (ms): Min: 0.8, Avg: 0.9, Max: 0.9, Diff: 0.1, Sum: 7.0]
      [GC Worker End (ms): Min: 460653.8, Avg: 460653.8, Max: 460653.8, Diff: 0.1]
   [Code Root Fixup: 0.0 ms]
   [Clear CT: 0.1 ms]
   [Other: 0.5 ms]
      [Choose CSet: 0.0 ms]
      [Ref Proc: 0.2 ms]
      [Ref Enq: 0.0 ms]
      [Free CSet: 0.0 ms]
   [Eden: 0.0B(25.0M)->0.0B(25.0M) Survivors: 0.0B->0.0B Heap: 510.9M(512.0M)->510.9M(512.0M)]
 [Times: user=0.01 sys=0.00, real=0.00 secs] 
460.654: [GC pause (young)460.655: [SoftReference, 0 refs, 0.0000120 secs]460.655: [WeakReference, 0 refs, 0.0000030 secs]460.655: [FinalReference, 0 refs, 0.0000020 secs]460.655: [PhantomReference, 0 refs, 0.0000030 secs]460.655: [JNI Weak Reference, 0.0000020 secs], 0.0011900 secs]
   [Parallel Time: 0.9 ms, GC Workers: 8]
      [GC Worker Start (ms): Min: 460654.4, Avg: 460654.7, Max: 460655.2, Diff: 0.8]
      [Ext Root Scanning (ms): Min: 0.0, Avg: 0.4, Max: 0.8, Diff: 0.8, Sum: 3.1]
      [Update RS (ms): Min: 0.0, Avg: 0.0, Max: 0.0, Diff: 0.0, Sum: 0.0]
         [Processed Buffers: Min: 0, Avg: 0.2, Max: 2, Diff: 2, Sum: 2]
      [Scan RS (ms): Min: 0.0, Avg: 0.0, Max: 0.0, Diff: 0.0, Sum: 0.0]
      [Object Copy (ms): Min: 0.0, Avg: 0.0, Max: 0.1, Diff: 0.1, Sum: 0.3]
      [Termination (ms): Min: 0.0, Avg: 0.1, Max: 0.2, Diff: 0.2, Sum: 1.0]
      [GC Worker Other (ms): Min: 0.0, Avg: 0.0, Max: 0.0, Diff: 0.0, Sum: 0.0]
      [GC Worker Total (ms): Min: 0.1, Avg: 0.6, Max: 0.9, Diff: 0.8, Sum: 4.5]
      [GC Worker End (ms): Min: 460655.2, Avg: 460655.2, Max: 460655.3, Diff: 0.0]
   [Code Root Fixup: 0.0 ms]
   [Clear CT: 0.1 ms]
   [Other: 0.2 ms]
      [Choose CSet: 0.0 ms]
      [Ref Proc: 0.1 ms]
      [Ref Enq: 0.0 ms]
      [Free CSet: 0.0 ms]
   [Eden: 0.0B(25.0M)->0.0B(25.0M) Survivors: 0.0B->0.0B Heap: 510.9M(512.0M)->510.9M(512.0M)]
 [Times: user=0.00 sys=0.00, real=0.00 secs] 
460.656: [Full GC461.712: [SoftReference, 22 refs, 0.0000390 secs]461.712: [WeakReference, 171 refs, 0.0000340 secs]461.712: [FinalReference, 5 refs, 0.0000060 secs]461.712: [PhantomReference, 0 refs, 0.0000020 secs]461.712: [JNI Weak Reference, 0.0000040 secs] 510M->510M(512M), 1.9925870 secs]
   [Eden: 0.0B(25.0M)->0.0B(25.0M) Survivors: 0.0B->0.0B Heap: 510.9M(512.0M)->510.9M(512.0M)]
 [Times: user=3.31 sys=0.01, real=1.99 secs] 
462.648: [Full GC463.674: [SoftReference, 22 refs, 0.0000300 secs]463.674: [WeakReference, 171 refs, 0.0000170 secs]463.675: [FinalReference, 106 refs, 0.0000110 secs]463.675: [PhantomReference, 0 refs, 0.0000030 secs]463.675: [JNI Weak Reference, 0.0000040 secs] 510M->510M(512M), 1.8875150 secs]
   [Eden: 0.0B(25.0M)->0.0B(25.0M) Survivors: 0.0B->0.0B Heap: 510.9M(512.0M)->510.9M(512.0M)]
 [Times: user=3.20 sys=0.01, real=1.89 secs] 
464.536: [GC pause (young)464.538: [SoftReference, 0 refs, 0.0000140 secs]464.538: [WeakReference, 0 refs, 0.0000030 secs]464.538: [FinalReference, 0 refs, 0.0000020 secs]464.538: [PhantomReference, 0 refs, 0.0000200 secs]464.538: [JNI Weak Reference, 0.0000020 secs], 0.0020920 secs]
   [Parallel Time: 1.4 ms, GC Workers: 8]
      [GC Worker Start (ms): Min: 464536.4, Avg: 464536.9, Max: 464537.6, Diff: 1.2]
      [Ext Root Scanning (ms): Min: 0.0, Avg: 0.6, Max: 1.2, Diff: 1.2, Sum: 5.0]
      [Update RS (ms): Min: 0.0, Avg: 0.0, Max: 0.0, Diff: 0.0, Sum: 0.0]
         [Processed Buffers: Min: 0, Avg: 0.1, Max: 1, Diff: 1, Sum: 1]
      [Scan RS (ms): Min: 0.0, Avg: 0.0, Max: 0.0, Diff: 0.0, Sum: 0.0]
      [Object Copy (ms): Min: 0.0, Avg: 0.0, Max: 0.1, Diff: 0.1, Sum: 0.3]
      [Termination (ms): Min: 0.0, Avg: 0.1, Max: 0.2, Diff: 0.2, Sum: 0.9]
      [GC Worker Other (ms): Min: 0.0, Avg: 0.0, Max: 0.0, Diff: 0.0, Sum: 0.1]
      [GC Worker Total (ms): Min: 0.1, Avg: 0.8, Max: 1.3, Diff: 1.2, Sum: 6.4]
      [GC Worker End (ms): Min: 464537.7, Avg: 464537.7, Max: 464537.8, Diff: 0.0]
   [Code Root Fixup: 0.0 ms]
   [Clear CT: 0.2 ms]
   [Other: 0.5 ms]
      [Choose CSet: 0.0 ms]
      [Ref Proc: 0.2 ms]
      [Ref Enq: 0.0 ms]
      [Free CSet: 0.0 ms]
   [Eden: 0.0B(25.0M)->0.0B(25.0M) Survivors: 0.0B->0.0B Heap: 510.9M(512.0M)->510.9M(512.0M)]
 [Times: user=0.00 sys=0.00, real=0.00 secs] 
464.538: [GC pause (young)464.539: [SoftReference, 0 refs, 0.0000130 secs]464.539: [WeakReference, 0 refs, 0.0000020 secs]464.539: [FinalReference, 0 refs, 0.0000110 secs]464.539: [PhantomReference, 0 refs, 0.0000020 secs]464.539: [JNI Weak Reference, 0.0000020 secs], 0.0012290 secs]
   [Parallel Time: 0.9 ms, GC Workers: 8]
      [GC Worker Start (ms): Min: 464538.4, Avg: 464538.7, Max: 464539.1, Diff: 0.8]
      [Ext Root Scanning (ms): Min: 0.0, Avg: 0.4, Max: 0.7, Diff: 0.7, Sum: 3.2]
      [Update RS (ms): Min: 0.0, Avg: 0.0, Max: 0.0, Diff: 0.0, Sum: 0.0]
         [Processed Buffers: Min: 0, Avg: 0.4, Max: 3, Diff: 3, Sum: 3]
      [Scan RS (ms): Min: 0.0, Avg: 0.0, Max: 0.0, Diff: 0.0, Sum: 0.0]
      [Object Copy (ms): Min: 0.0, Avg: 0.0, Max: 0.1, Diff: 0.1, Sum: 0.3]
      [Termination (ms): Min: 0.0, Avg: 0.1, Max: 0.2, Diff: 0.2, Sum: 0.9]
      [GC Worker Other (ms): Min: 0.0, Avg: 0.0, Max: 0.0, Diff: 0.0, Sum: 0.1]
      [GC Worker Total (ms): Min: 0.1, Avg: 0.6, Max: 0.9, Diff: 0.8, Sum: 4.6]
      [GC Worker End (ms): Min: 464539.2, Avg: 464539.2, Max: 464539.3, Diff: 0.0]
   [Code Root Fixup: 0.0 ms]
   [Clear CT: 0.1 ms]
   [Other: 0.2 ms]
      [Choose CSet: 0.0 ms]
      [Ref Proc: 0.2 ms]
      [Ref Enq: 0.0 ms]
      [Free CSet: 0.0 ms]
   [Eden: 0.0B(25.0M)->0.0B(25.0M) Survivors: 0.0B->0.0B Heap: 510.9M(512.0M)->510.9M(512.0M)]
 [Times: user=0.01 sys=0.00, real=0.00 secs] 
464.540: [GC pause (young)464.541: [SoftReference, 0 refs, 0.0000120 secs]464.541: [WeakReference, 0 refs, 0.0000020 secs]464.541: [FinalReference, 0 refs, 0.0000110 secs]464.541: [PhantomReference, 0 refs, 0.0000020 secs]464.541: [JNI Weak Reference, 0.0000020 secs], 0.0010660 secs]
   [Parallel Time: 0.7 ms, GC Workers: 8]
      [GC Worker Start (ms): Min: 464539.8, Avg: 464539.9, Max: 464540.0, Diff: 0.2]
      [Ext Root Scanning (ms): Min: 0.4, Avg: 0.5, Max: 0.6, Diff: 0.2, Sum: 3.8]
      [Update RS (ms): Min: 0.0, Avg: 0.0, Max: 0.0, Diff: 0.0, Sum: 0.0]
         [Processed Buffers: Min: 0, Avg: 0.1, Max: 1, Diff: 1, Sum: 1]
      [Scan RS (ms): Min: 0.0, Avg: 0.0, Max: 0.0, Diff: 0.0, Sum: 0.0]
      [Object Copy (ms): Min: 0.0, Avg: 0.0, Max: 0.1, Diff: 0.0, Sum: 0.3]
      [Termination (ms): Min: 0.0, Avg: 0.1, Max: 0.1, Diff: 0.1, Sum: 0.7]
      [GC Worker Other (ms): Min: 0.0, Avg: 0.0, Max: 0.0, Diff: 0.0, Sum: 0.3]
      [GC Worker Total (ms): Min: 0.5, Avg: 0.6, Max: 0.7, Diff: 0.2, Sum: 5.2]
      [GC Worker End (ms): Min: 464540.5, Avg: 464540.5, Max: 464540.5, Diff: 0.0]
   [Code Root Fixup: 0.0 ms]
   [Clear CT: 0.1 ms]
   [Other: 0.2 ms]
      [Choose CSet: 0.0 ms]
      [Ref Proc: 0.2 ms]
      [Ref Enq: 0.0 ms]
      [Free CSet: 0.0 ms]
   [Eden: 0.0B(25.0M)->0.0B(25.0M) Survivors: 0.0B->0.0B Heap: 510.9M(512.0M)->510.9M(512.0M)]
 [Times: user=0.00 sys=0.00, real=0.01 secs] 
464.541: [Full GC465.575: [SoftReference, 22 refs, 0.0000260 secs]465.575: [WeakReference, 171 refs, 0.0000160 secs]465.575: [FinalReference, 4 refs, 0.0000020 secs]465.575: [PhantomReference, 0 refs, 0.0000020 secs]465.575: [JNI Weak Reference, 0.0000030 secs] 510M->510M(512M), 1.9082960 secs]
   [Eden: 0.0B(25.0M)->0.0B(25.0M) Survivors: 0.0B->0.0B Heap: 510.9M(512.0M)->510.9M(512.0M)]
 [Times: user=3.22 sys=0.01, real=1.90 secs] 
466.449: [Full GC467.498: [SoftReference, 22 refs, 0.0000260 secs]467.498: [WeakReference, 171 refs, 0.0000180 secs]467.498: [FinalReference, 4 refs, 0.0000030 secs]467.498: [PhantomReference, 0 refs, 0.0000030 secs]467.498: [JNI Weak Reference, 0.0000030 secs] 510M->510M(512M), 1.9057990 secs]
   [Eden: 0.0B(25.0M)->0.0B(25.0M) Survivors: 0.0B->0.0B Heap: 510.9M(512.0M)->510.9M(512.0M)]
 [Times: user=3.23 sys=0.01, real=1.91 secs] 
468.355: [GC pause (young)468.357: [SoftReference, 0 refs, 0.0000160 secs]468.357: [WeakReference, 0 refs, 0.0000030 secs]468.357: [FinalReference, 0 refs, 0.0000030 secs]468.357: [PhantomReference, 0 refs, 0.0000030 secs]468.357: [JNI Weak Reference, 0.0000030 secs], 0.0016490 secs]
   [Parallel Time: 1.1 ms, GC Workers: 8]
      [GC Worker Start (ms): Min: 468355.6, Avg: 468355.7, Max: 468355.8, Diff: 0.1]
      [Ext Root Scanning (ms): Min: 0.7, Avg: 0.8, Max: 1.0, Diff: 0.4, Sum: 6.7]
      [Update RS (ms): Min: 0.0, Avg: 0.0, Max: 0.0, Diff: 0.0, Sum: 0.0]
         [Processed Buffers: Min: 0, Avg: 0.1, Max: 1, Diff: 1, Sum: 1]
      [Scan RS (ms): Min: 0.0, Avg: 0.0, Max: 0.0, Diff: 0.0, Sum: 0.0]
      [Object Copy (ms): Min: 0.0, Avg: 0.1, Max: 0.1, Diff: 0.1, Sum: 0.4]
      [Termination (ms): Min: 0.0, Avg: 0.1, Max: 0.3, Diff: 0.3, Sum: 1.2]
      [GC Worker Other (ms): Min: 0.0, Avg: 0.0, Max: 0.0, Diff: 0.0, Sum: 0.0]
      [GC Worker Total (ms): Min: 1.0, Avg: 1.0, Max: 1.1, Diff: 0.1, Sum: 8.4]
      [GC Worker End (ms): Min: 468356.7, Avg: 468356.7, Max: 468356.8, Diff: 0.0]
   [Code Root Fixup: 0.0 ms]
   [Clear CT: 0.1 ms]
   [Other: 0.5 ms]
      [Choose CSet: 0.0 ms]
      [Ref Proc: 0.2 ms]
      [Ref Enq: 0.0 ms]
      [Free CSet: 0.0 ms]
   [Eden: 0.0B(25.0M)->0.0B(25.0M) Survivors: 0.0B->0.0B Heap: 510.9M(512.0M)->510.9M(512.0M)]
 [Times: user=0.01 sys=0.00, real=0.00 secs] 
468.357: [Full GC469.393: [SoftReference, 22 refs, 0.0000260 secs]469.393: [WeakReference, 171 refs, 0.0000150 secs]469.393: [FinalReference, 4 refs, 0.0000030 secs]469.393: [PhantomReference, 0 refs, 0.0000020 secs]469.393: [JNI Weak Reference, 0.0000030 secs] 510M->510M(512M), 1.8998750 secs]
   [Eden: 0.0B(25.0M)->0.0B(25.0M) Survivors: 0.0B->0.0B Heap: 510.9M(512.0M)->510.9M(512.0M)]
 [Times: user=3.22 sys=0.01, real=1.90 secs] 
470.257: [Full GC471.300: [SoftReference, 22 refs, 0.0000310 secs]471.300: [WeakReference, 171 refs, 0.0000250 secs]471.300: [FinalReference, 4 refs, 0.0000030 secs]471.300: [PhantomReference, 0 refs, 0.0000020 secs]471.300: [JNI Weak Reference, 0.0000030 secs] 510M->510M(512M), 1.8968550 secs]
   [Eden: 0.0B(25.0M)->0.0B(25.0M) Survivors: 0.0B->0.0B Heap: 510.9M(512.0M)->510.9M(512.0M)]
 [Times: user=3.22 sys=0.01, real=1.90 secs] 
472.154: [GC pause (young)472.160: [SoftReference, 0 refs, 0.0000280 secs]472.160: [WeakReference, 0 refs, 0.0000050 secs]472.160: [FinalReference, 0 refs, 0.0000050 secs]472.160: [PhantomReference, 0 refs, 0.0000050 secs]472.160: [JNI Weak Reference, 0.0000050 secs], 0.0057630 secs]
   [Parallel Time: 4.6 ms, GC Workers: 8]
      [GC Worker Start (ms): Min: 472154.7, Avg: 472155.2, Max: 472156.0, Diff: 1.4]
      [Ext Root Scanning (ms): Min: 0.0, Avg: 0.7, Max: 1.1, Diff: 1.1, Sum: 5.3]
      [Update RS (ms): Min: 0.0, Avg: 0.0, Max: 0.0, Diff: 0.0, Sum: 0.0]
         [Processed Buffers: Min: 0, Avg: 0.0, Max: 0, Diff: 0, Sum: 0]
      [Scan RS (ms): Min: 0.0, Avg: 0.0, Max: 0.0, Diff: 0.0, Sum: 0.0]
      [Object Copy (ms): Min: 0.0, Avg: 0.1, Max: 0.1, Diff: 0.1, Sum: 0.5]
      [Termination (ms): Min: 0.0, Avg: 2.4, Max: 3.2, Diff: 3.2, Sum: 19.0]
      [GC Worker Other (ms): Min: 0.0, Avg: 0.0, Max: 0.0, Diff: 0.0, Sum: 0.1]
      [GC Worker Total (ms): Min: 0.0, Avg: 3.1, Max: 4.4, Diff: 4.4, Sum: 25.0]
      [GC Worker End (ms): Min: 472156.0, Avg: 472158.3, Max: 472159.2, Diff: 3.2]
   [Code Root Fixup: 0.0 ms]
   [Clear CT: 0.1 ms]
   [Other: 1.1 ms]
      [Choose CSet: 0.0 ms]
      [Ref Proc: 0.7 ms]
      [Ref Enq: 0.0 ms]
      [Free CSet: 0.0 ms]
   [Eden: 0.0B(25.0M)->0.0B(25.0M) Survivors: 0.0B->0.0B Heap: 510.9M(512.0M)->510.9M(512.0M)]
 [Times: user=0.01 sys=0.00, real=0.00 secs] 
472.160: [GC pause (young)472.162: [SoftReference, 0 refs, 0.0000190 secs]472.162: [WeakReference, 0 refs, 0.0000040 secs]472.162: [FinalReference, 0 refs, 0.0000050 secs]472.162: [PhantomReference, 0 refs, 0.0000040 secs]472.162: [JNI Weak Reference, 0.0000050 secs], 0.0018510 secs]
   [Parallel Time: 1.5 ms, GC Workers: 8]
      [GC Worker Start (ms): Min: 472160.3, Avg: 472160.9, Max: 472161.6, Diff: 1.3]
      [Ext Root Scanning (ms): Min: 0.0, Avg: 0.6, Max: 1.1, Diff: 1.1, Sum: 4.4]
      [Update RS (ms): Min: 0.0, Avg: 0.0, Max: 0.0, Diff: 0.0, Sum: 0.0]
         [Processed Buffers: Min: 0, Avg: 0.1, Max: 1, Diff: 1, Sum: 1]
      [Scan RS (ms): Min: 0.0, Avg: 0.0, Max: 0.0, Diff: 0.0, Sum: 0.0]
      [Object Copy (ms): Min: 0.0, Avg: 0.0, Max: 0.1, Diff: 0.1, Sum: 0.4]
      [Termination (ms): Min: 0.0, Avg: 0.2, Max: 0.3, Diff: 0.3, Sum: 1.4]
      [GC Worker Other (ms): Min: 0.0, Avg: 0.0, Max: 0.0, Diff: 0.0, Sum: 0.1]
      [GC Worker Total (ms): Min: 0.0, Avg: 0.8, Max: 1.4, Diff: 1.4, Sum: 6.3]
      [GC Worker End (ms): Min: 472161.6, Avg: 472161.7, Max: 472161.7, Diff: 0.2]
   [Code Root Fixup: 0.0 ms]
   [Clear CT: 0.1 ms]
   [Other: 0.3 ms]
      [Choose CSet: 0.0 ms]
      [Ref Proc: 0.3 ms]
      [Ref Enq: 0.0 ms]
      [Free CSet: 0.0 ms]
   [Eden: 0.0B(25.0M)->0.0B(25.0M) Survivors: 0.0B->0.0B Heap: 510.9M(512.0M)->510.9M(512.0M)]
 [Times: user=0.01 sys=0.00, real=0.01 secs] 
472.162: [Full GC473.218: [SoftReference, 22 refs, 0.0000210 secs]473.218: [WeakReference, 170 refs, 0.0000170 secs]473.218: [FinalReference, 4 refs, 0.0000030 secs]473.218: [PhantomReference, 0 refs, 0.0000030 secs]473.218: [JNI Weak Reference, 0.0000030 secs] 510M->510M(512M), 1.9112540 secs]
   [Eden: 0.0B(25.0M)->0.0B(25.0M) Survivors: 0.0B->0.0B Heap: 510.9M(512.0M)->510.9M(512.0M)]
 [Times: user=3.23 sys=0.01, real=1.91 secs] 
474.074: [Full GC475.144: [SoftReference, 22 refs, 0.0000290 secs]475.144: [WeakReference, 170 refs, 0.0000160 secs]475.144: [FinalReference, 4 refs, 0.0000030 secs]475.144: [PhantomReference, 0 refs, 0.0000030 secs]475.144: [JNI Weak Reference, 0.0000030 secs] 510M->510M(512M), 1.9333220 secs]
   [Eden: 0.0B(25.0M)->0.0B(25.0M) Survivors: 0.0B->0.0B Heap: 510.9M(512.0M)->510.9M(512.0M)]
 [Times: user=3.25 sys=0.01, real=1.93 secs] 
476.007: [GC pause (young)476.009: [SoftReference, 0 refs, 0.0000160 secs]476.009: [WeakReference, 0 refs, 0.0000040 secs]476.009: [FinalReference, 0 refs, 0.0000030 secs]476.009: [PhantomReference, 0 refs, 0.0000020 secs]476.009: [JNI Weak Reference, 0.0000020 secs], 0.0015790 secs]
   [Parallel Time: 1.0 ms, GC Workers: 8]
      [GC Worker Start (ms): Min: 476007.5, Avg: 476007.7, Max: 476008.3, Diff: 0.8]
      [Ext Root Scanning (ms): Min: 0.0, Avg: 0.6, Max: 0.9, Diff: 0.9, Sum: 4.7]
      [Update RS (ms): Min: 0.0, Avg: 0.0, Max: 0.0, Diff: 0.0, Sum: 0.0]
         [Processed Buffers: Min: 0, Avg: 0.0, Max: 0, Diff: 0, Sum: 0]
      [Scan RS (ms): Min: 0.0, Avg: 0.0, Max: 0.0, Diff: 0.0, Sum: 0.0]
      [Object Copy (ms): Min: 0.0, Avg: 0.0, Max: 0.1, Diff: 0.1, Sum: 0.4]
      [Termination (ms): Min: 0.0, Avg: 0.1, Max: 0.2, Diff: 0.2, Sum: 1.0]
      [GC Worker Other (ms): Min: 0.0, Avg: 0.0, Max: 0.0, Diff: 0.0, Sum: 0.2]
      [GC Worker Total (ms): Min: 0.1, Avg: 0.8, Max: 1.0, Diff: 0.9, Sum: 6.2]
      [GC Worker End (ms): Min: 476008.5, Avg: 476008.5, Max: 476008.5, Diff: 0.0]
   [Code Root Fixup: 0.0 ms]
   [Clear CT: 0.1 ms]
   [Other: 0.5 ms]
      [Choose CSet: 0.0 ms]
      [Ref Proc: 0.2 ms]
      [Ref Enq: 0.0 ms]
      [Free CSet: 0.0 ms]
   [Eden: 0.0B(25.0M)->0.0B(25.0M) Survivors: 0.0B->0.0B Heap: 510.9M(512.0M)->510.9M(512.0M)]
 [Times: user=0.01 sys=0.00, real=0.00 secs] 
476.009: [GC pause (young)476.010: [SoftReference, 0 refs, 0.0000110 secs]476.010: [WeakReference, 0 refs, 0.0000030 secs]476.010: [FinalReference, 0 refs, 0.0000020 secs]476.010: [PhantomReference, 0 refs, 0.0000020 secs]476.010: [JNI Weak Reference, 0.0000120 secs], 0.0011900 secs]
   [Parallel Time: 0.9 ms, GC Workers: 8]
      [GC Worker Start (ms): Min: 476009.0, Avg: 476009.3, Max: 476009.8, Diff: 0.8]
      [Ext Root Scanning (ms): Min: 0.0, Avg: 0.4, Max: 0.7, Diff: 0.7, Sum: 3.1]
      [Update RS (ms): Min: 0.0, Avg: 0.0, Max: 0.0, Diff: 0.0, Sum: 0.0]
         [Processed Buffers: Min: 0, Avg: 0.1, Max: 1, Diff: 1, Sum: 1]
      [Scan RS (ms): Min: 0.0, Avg: 0.0, Max: 0.0, Diff: 0.0, Sum: 0.0]
      [Object Copy (ms): Min: 0.0, Avg: 0.0, Max: 0.1, Diff: 0.1, Sum: 0.3]
      [Termination (ms): Min: 0.0, Avg: 0.1, Max: 0.2, Diff: 0.2, Sum: 1.0]
      [GC Worker Other (ms): Min: 0.0, Avg: 0.0, Max: 0.0, Diff: 0.0, Sum: 0.0]
      [GC Worker Total (ms): Min: 0.1, Avg: 0.6, Max: 0.9, Diff: 0.8, Sum: 4.4]
      [GC Worker End (ms): Min: 476009.9, Avg: 476009.9, Max: 476009.9, Diff: 0.0]
   [Code Root Fixup: 0.0 ms]
   [Clear CT: 0.1 ms]
   [Other: 0.2 ms]
      [Choose CSet: 0.0 ms]
      [Ref Proc: 0.2 ms]
      [Ref Enq: 0.0 ms]
      [Free CSet: 0.0 ms]
   [Eden: 0.0B(25.0M)->0.0B(25.0M) Survivors: 0.0B->0.0B Heap: 510.9M(512.0M)->510.9M(512.0M)]
 [Times: user=0.00 sys=0.00, real=0.00 secs] 
476.010: [Full GC477.047: [SoftReference, 22 refs, 0.0000300 secs]477.047: [WeakReference, 170 refs, 0.0000160 secs]477.047: [FinalReference, 4 refs, 0.0000020 secs]477.047: [PhantomReference, 0 refs, 0.0000020 secs]477.047: [JNI Weak Reference, 0.0000030 secs] 510M->510M(512M), 1.9051350 secs]
   [Eden: 0.0B(25.0M)->0.0B(25.0M) Survivors: 0.0B->0.0B Heap: 510.9M(512.0M)->510.9M(512.0M)]
 [Times: user=3.23 sys=0.01, real=1.91 secs] 
477.916: [Full GC478.965: [SoftReference, 22 refs, 0.0000380 secs]478.965: [WeakReference, 170 refs, 0.0000160 secs]478.965: [FinalReference, 4 refs, 0.0000030 secs]478.965: [PhantomReference, 0 refs, 0.0000020 secs]478.965: [JNI Weak Reference, 0.0000030 secs] 510M->510M(512M), 1.9574810 secs]
   [Eden: 0.0B(25.0M)->0.0B(25.0M) Survivors: 0.0B->0.0B Heap: 510.9M(512.0M)->510.9M(512.0M)]
 [Times: user=3.28 sys=0.01, real=1.96 secs] 
479.873: [GC pause (young)479.875: [SoftReference, 0 refs, 0.0000250 secs]479.875: [WeakReference, 0 refs, 0.0000120 secs]479.875: [FinalReference, 0 refs, 0.0000020 secs]479.875: [PhantomReference, 0 refs, 0.0000020 secs]479.875: [JNI Weak Reference, 0.0000020 secs], 0.0016810 secs]
   [Parallel Time: 1.0 ms, GC Workers: 8]
      [GC Worker Start (ms): Min: 479873.5, Avg: 479873.5, Max: 479873.6, Diff: 0.1]
      [Ext Root Scanning (ms): Min: 0.6, Avg: 0.7, Max: 0.8, Diff: 0.1, Sum: 5.5]
      [Update RS (ms): Min: 0.0, Avg: 0.0, Max: 0.0, Diff: 0.0, Sum: 0.0]
         [Processed Buffers: Min: 0, Avg: 0.0, Max: 0, Diff: 0, Sum: 0]
      [Scan RS (ms): Min: 0.0, Avg: 0.0, Max: 0.0, Diff: 0.0, Sum: 0.0]
      [Object Copy (ms): Min: 0.0, Avg: 0.1, Max: 0.1, Diff: 0.0, Sum: 0.4]
      [Termination (ms): Min: 0.0, Avg: 0.1, Max: 0.1, Diff: 0.1, Sum: 0.6]
      [GC Worker Other (ms): Min: 0.0, Avg: 0.0, Max: 0.1, Diff: 0.1, Sum: 0.4]
      [GC Worker Total (ms): Min: 0.8, Avg: 0.9, Max: 0.9, Diff: 0.1, Sum: 6.9]
      [GC Worker End (ms): Min: 479874.4, Avg: 479874.4, Max: 479874.4, Diff: 0.1]
   [Code Root Fixup: 0.0 ms]
   [Clear CT: 0.1 ms]
   [Other: 0.5 ms]
      [Choose CSet: 0.0 ms]
      [Ref Proc: 0.2 ms]
      [Ref Enq: 0.0 ms]
      [Free CSet: 0.0 ms]
   [Eden: 0.0B(25.0M)->0.0B(25.0M) Survivors: 0.0B->0.0B Heap: 510.9M(512.0M)->510.9M(512.0M)]
 [Times: user=0.00 sys=0.00, real=0.00 secs] 
479.875: [GC pause (young) (initial-mark)479.876: [SoftReference, 0 refs, 0.0000390 secs]479.876: [WeakReference, 0 refs, 0.0000030 secs]479.876: [FinalReference, 0 refs, 0.0000030 secs]479.876: [PhantomReference, 0 refs, 0.0000020 secs]479.876: [JNI Weak Reference, 0.0000120 secs], 0.0014740 secs]
   [Parallel Time: 1.0 ms, GC Workers: 8]
      [GC Worker Start (ms): Min: 479875.0, Avg: 479875.3, Max: 479875.9, Diff: 0.9]
      [Ext Root Scanning (ms): Min: 0.0, Avg: 0.4, Max: 0.7, Diff: 0.7, Sum: 3.1]
      [Update RS (ms): Min: 0.0, Avg: 0.0, Max: 0.0, Diff: 0.0, Sum: 0.0]
         [Processed Buffers: Min: 0, Avg: 0.1, Max: 1, Diff: 1, Sum: 1]
      [Scan RS (ms): Min: 0.0, Avg: 0.0, Max: 0.0, Diff: 0.0, Sum: 0.0]
      [Object Copy (ms): Min: 0.0, Avg: 0.1, Max: 0.3, Diff: 0.3, Sum: 1.2]
      [Termination (ms): Min: 0.0, Avg: 0.1, Max: 0.2, Diff: 0.2, Sum: 1.0]
      [GC Worker Other (ms): Min: 0.0, Avg: 0.0, Max: 0.0, Diff: 0.0, Sum: 0.1]
      [GC Worker Total (ms): Min: 0.1, Avg: 0.7, Max: 1.0, Diff: 0.9, Sum: 5.4]
      [GC Worker End (ms): Min: 479876.0, Avg: 479876.0, Max: 479876.0, Diff: 0.0]
   [Code Root Fixup: 0.0 ms]
   [Clear CT: 0.2 ms]
   [Other: 0.2 ms]
      [Choose CSet: 0.0 ms]
      [Ref Proc: 0.2 ms]
      [Ref Enq: 0.0 ms]
      [Free CSet: 0.0 ms]
   [Eden: 0.0B(25.0M)->0.0B(25.0M) Survivors: 0.0B->0.0B Heap: 510.9M(512.0M)->510.9M(512.0M)]
 [Times: user=0.01 sys=0.00, real=0.00 secs] 
479.877: [GC concurrent-root-region-scan-start]
479.877: [GC concurrent-root-region-scan-end, 0.0000040 secs]
479.877: [GC concurrent-mark-start]
479.877: [Full GC480.902: [SoftReference, 22 refs, 0.0000280 secs]480.902: [WeakReference, 170 refs, 0.0000160 secs]480.902: [FinalReference, 4 refs, 0.0000030 secs]480.902: [PhantomReference, 0 refs, 0.0000020 secs]480.902: [JNI Weak Reference, 0.0000030 secs] 510M->510M(512M), 1.8797880 secs]
   [Eden: 0.0B(25.0M)->0.0B(25.0M) Survivors: 0.0B->0.0B Heap: 510.9M(512.0M)->510.9M(512.0M)]
 [Times: user=3.20 sys=0.01, real=1.88 secs] 
481.756: [Full GC482.801: [SoftReference, 22 refs, 0.0000280 secs]482.801: [WeakReference, 170 refs, 0.0000160 secs]482.801: [FinalReference, 4 refs, 0.0000030 secs]482.801: [PhantomReference, 0 refs, 0.0000020 secs]482.801: [JNI Weak Reference, 0.0000030 secs] 510M->510M(512M), 1.8998270 secs]
   [Eden: 0.0B(25.0M)->0.0B(25.0M) Survivors: 0.0B->0.0B Heap: 510.9M(512.0M)->510.9M(512.0M)]
 [Times: user=3.21 sys=0.01, real=1.90 secs] 
483.656: [GC pause (young)483.658: [SoftReference, 0 refs, 0.0000230 secs]483.658: [WeakReference, 0 refs, 0.0000030 secs]483.658: [FinalReference, 0 refs, 0.0000020 secs]483.658: [PhantomReference, 0 refs, 0.0000020 secs]483.658: [JNI Weak Reference, 0.0000020 secs], 0.0017220 secs]
   [Parallel Time: 1.2 ms, GC Workers: 8]
      [GC Worker Start (ms): Min: 483656.8, Avg: 483657.0, Max: 483657.4, Diff: 0.6]
      [Ext Root Scanning (ms): Min: 0.3, Avg: 0.7, Max: 1.0, Diff: 0.7, Sum: 5.6]
      [SATB Filtering (ms): Min: 0.0, Avg: 0.0, Max: 0.0, Diff: 0.0, Sum: 0.0]
      [Update RS (ms): Min: 0.0, Avg: 0.0, Max: 0.0, Diff: 0.0, Sum: 0.0]
         [Processed Buffers: Min: 0, Avg: 0.0, Max: 0, Diff: 0, Sum: 0]
      [Scan RS (ms): Min: 0.0, Avg: 0.0, Max: 0.0, Diff: 0.0, Sum: 0.0]
      [Object Copy (ms): Min: 0.0, Avg: 0.1, Max: 0.1, Diff: 0.1, Sum: 0.5]
      [Termination (ms): Min: 0.0, Avg: 0.2, Max: 0.3, Diff: 0.3, Sum: 1.3]
      [GC Worker Other (ms): Min: 0.0, Avg: 0.0, Max: 0.0, Diff: 0.0, Sum: 0.0]
      [GC Worker Total (ms): Min: 0.5, Avg: 0.9, Max: 1.1, Diff: 0.6, Sum: 7.5]
      [GC Worker End (ms): Min: 483657.9, Avg: 483657.9, Max: 483657.9, Diff: 0.0]
   [Code Root Fixup: 0.0 ms]
   [Clear CT: 0.1 ms]
   [Other: 0.5 ms]
      [Choose CSet: 0.0 ms]
      [Ref Proc: 0.2 ms]
      [Ref Enq: 0.0 ms]
      [Free CSet: 0.0 ms]
   [Eden: 0.0B(25.0M)->0.0B(25.0M) Survivors: 0.0B->0.0B Heap: 510.9M(512.0M)->510.9M(512.0M)]
 [Times: user=0.01 sys=0.00, real=0.00 secs] 
483.658: [GC concurrent-mark-abort]
483.658: [GC pause (young)483.659: [SoftReference, 0 refs, 0.0000140 secs]483.659: [WeakReference, 0 refs, 0.0000040 secs]483.659: [FinalReference, 0 refs, 0.0000030 secs]483.659: [PhantomReference, 0 refs, 0.0000020 secs]483.659: [JNI Weak Reference, 0.0000020 secs], 0.0011580 secs]
   [Parallel Time: 0.9 ms, GC Workers: 8]
      [GC Worker Start (ms): Min: 483658.4, Avg: 483658.6, Max: 483659.2, Diff: 0.8]
      [Ext Root Scanning (ms): Min: 0.0, Avg: 0.5, Max: 0.8, Diff: 0.8, Sum: 4.0]
      [Update RS (ms): Min: 0.0, Avg: 0.0, Max: 0.0, Diff: 0.0, Sum: 0.0]
         [Processed Buffers: Min: 0, Avg: 0.1, Max: 1, Diff: 1, Sum: 1]
      [Scan RS (ms): Min: 0.0, Avg: 0.0, Max: 0.0, Diff: 0.0, Sum: 0.0]
      [Object Copy (ms): Min: 0.0, Avg: 0.0, Max: 0.1, Diff: 0.1, Sum: 0.3]
      [Termination (ms): Min: 0.0, Avg: 0.1, Max: 0.2, Diff: 0.2, Sum: 0.8]
      [GC Worker Other (ms): Min: 0.0, Avg: 0.0, Max: 0.0, Diff: 0.0, Sum: 0.0]
      [GC Worker Total (ms): Min: 0.1, Avg: 0.6, Max: 0.8, Diff: 0.8, Sum: 5.1]
      [GC Worker End (ms): Min: 483659.3, Avg: 483659.3, Max: 483659.3, Diff: 0.0]
   [Code Root Fixup: 0.0 ms]
   [Clear CT: 0.1 ms]
   [Other: 0.2 ms]
      [Choose CSet: 0.0 ms]
      [Ref Proc: 0.1 ms]
      [Ref Enq: 0.0 ms]
      [Free CSet: 0.0 ms]
   [Eden: 0.0B(25.0M)->0.0B(25.0M) Survivors: 0.0B->0.0B Heap: 510.9M(512.0M)->510.9M(512.0M)]
 [Times: user=0.01 sys=0.00, real=0.00 secs] 
483.660: [Full GC484.707: [SoftReference, 22 refs, 0.0000260 secs]484.707: [WeakReference, 170 refs, 0.0000160 secs]484.707: [FinalReference, 4 refs, 0.0000030 secs]484.707: [PhantomReference, 0 refs, 0.0000020 secs]484.707: [JNI Weak Reference, 0.0000020 secs] 510M->510M(512M), 1.9155340 secs]
   [Eden: 0.0B(25.0M)->0.0B(25.0M) Survivors: 0.0B->0.0B Heap: 510.9M(512.0M)->510.9M(512.0M)]
 [Times: user=3.23 sys=0.01, real=1.92 secs] 
485.575: [Full GC486.625: [SoftReference, 22 refs, 0.0000290 secs]486.625: [WeakReference, 170 refs, 0.0000160 secs]486.625: [FinalReference, 4 refs, 0.0000030 secs]486.625: [PhantomReference, 0 refs, 0.0000030 secs]486.625: [JNI Weak Reference, 0.0000030 secs] 510M->510M(512M), 1.9661290 secs]
   [Eden: 0.0B(25.0M)->0.0B(25.0M) Survivors: 0.0B->0.0B Heap: 510.9M(512.0M)->510.9M(512.0M)]
 [Times: user=3.28 sys=0.01, real=1.97 secs] 
487.542: [GC pause (young)487.543: [SoftReference, 0 refs, 0.0000150 secs]487.543: [WeakReference, 0 refs, 0.0000210 secs]487.543: [FinalReference, 0 refs, 0.0000030 secs]487.543: [PhantomReference, 0 refs, 0.0000030 secs]487.543: [JNI Weak Reference, 0.0000020 secs], 0.0016170 secs]
   [Parallel Time: 1.0 ms, GC Workers: 8]
      [GC Worker Start (ms): Min: 487541.9, Avg: 487542.1, Max: 487542.7, Diff: 0.8]
      [Ext Root Scanning (ms): Min: 0.0, Avg: 0.6, Max: 0.8, Diff: 0.8, Sum: 4.5]
      [Update RS (ms): Min: 0.0, Avg: 0.0, Max: 0.0, Diff: 0.0, Sum: 0.0]
         [Processed Buffers: Min: 0, Avg: 0.1, Max: 1, Diff: 1, Sum: 1]
      [Scan RS (ms): Min: 0.0, Avg: 0.0, Max: 0.0, Diff: 0.0, Sum: 0.0]
      [Object Copy (ms): Min: 0.0, Avg: 0.0, Max: 0.1, Diff: 0.1, Sum: 0.3]
      [Termination (ms): Min: 0.0, Avg: 0.1, Max: 0.3, Diff: 0.3, Sum: 1.1]
      [GC Worker Other (ms): Min: 0.0, Avg: 0.0, Max: 0.0, Diff: 0.0, Sum: 0.1]
      [GC Worker Total (ms): Min: 0.2, Avg: 0.7, Max: 1.0, Diff: 0.8, Sum: 5.9]
      [GC Worker End (ms): Min: 487542.9, Avg: 487542.9, Max: 487542.9, Diff: 0.0]
   [Code Root Fixup: 0.0 ms]
   [Clear CT: 0.1 ms]
   [Other: 0.5 ms]
      [Choose CSet: 0.0 ms]
      [Ref Proc: 0.2 ms]
      [Ref Enq: 0.0 ms]
      [Free CSet: 0.0 ms]
   [Eden: 0.0B(25.0M)->0.0B(25.0M) Survivors: 0.0B->0.0B Heap: 510.9M(512.0M)->510.9M(512.0M)]
 [Times: user=0.00 sys=0.00, real=0.00 secs] 
487.543: [GC pause (young)487.544: [SoftReference, 0 refs, 0.0000370 secs]487.545: [WeakReference, 0 refs, 0.0000020 secs]487.545: [FinalReference, 0 refs, 0.0000020 secs]487.545: [PhantomReference, 0 refs, 0.0000020 secs]487.545: [JNI Weak Reference, 0.0000020 secs], 0.0012890 secs]
   [Parallel Time: 0.9 ms, GC Workers: 8]
      [GC Worker Start (ms): Min: 487543.5, Avg: 487543.6, Max: 487543.6, Diff: 0.1]
      [Ext Root Scanning (ms): Min: 0.5, Avg: 0.5, Max: 0.6, Diff: 0.1, Sum: 4.2]
      [Update RS (ms): Min: 0.0, Avg: 0.0, Max: 0.0, Diff: 0.0, Sum: 0.0]
         [Processed Buffers: Min: 0, Avg: 0.1, Max: 1, Diff: 1, Sum: 1]
      [Scan RS (ms): Min: 0.0, Avg: 0.0, Max: 0.0, Diff: 0.0, Sum: 0.0]
      [Object Copy (ms): Min: 0.0, Avg: 0.0, Max: 0.1, Diff: 0.0, Sum: 0.4]
      [Termination (ms): Min: 0.0, Avg: 0.1, Max: 0.2, Diff: 0.2, Sum: 0.8]
      [GC Worker Other (ms): Min: 0.0, Avg: 0.0, Max: 0.1, Diff: 0.0, Sum: 0.3]
      [GC Worker Total (ms): Min: 0.7, Avg: 0.7, Max: 0.8, Diff: 0.1, Sum: 5.6]
      [GC Worker End (ms): Min: 487544.3, Avg: 487544.3, Max: 487544.3, Diff: 0.1]
   [Code Root Fixup: 0.0 ms]
   [Clear CT: 0.1 ms]
   [Other: 0.3 ms]
      [Choose CSet: 0.0 ms]
      [Ref Proc: 0.2 ms]
      [Ref Enq: 0.0 ms]
      [Free CSet: 0.0 ms]
   [Eden: 0.0B(25.0M)->0.0B(25.0M) Survivors: 0.0B->0.0B Heap: 510.9M(512.0M)->510.9M(512.0M)]
 [Times: user=0.01 sys=0.00, real=0.00 secs] 
487.545: [Full GC488.591: [SoftReference, 22 refs, 0.0000290 secs]488.591: [WeakReference, 170 refs, 0.0000180 secs]488.591: [FinalReference, 4 refs, 0.0000040 secs]488.591: [PhantomReference, 0 refs, 0.0000030 secs]488.591: [JNI Weak Reference, 0.0000040 secs] 510M->510M(512M), 1.9020380 secs]
   [Eden: 0.0B(25.0M)->0.0B(25.0M) Survivors: 0.0B->0.0B Heap: 510.9M(512.0M)->510.9M(512.0M)]
 [Times: user=3.22 sys=0.01, real=1.90 secs] 
489.447: [Full GC490.497: [SoftReference, 22 refs, 0.0000260 secs]490.497: [WeakReference, 170 refs, 0.0000150 secs]490.497: [FinalReference, 4 refs, 0.0000030 secs]490.497: [PhantomReference, 0 refs, 0.0000020 secs]490.497: [JNI Weak Reference, 0.0000030 secs] 510M->510M(512M), 1.9178400 secs]
   [Eden: 0.0B(25.0M)->0.0B(25.0M) Survivors: 0.0B->0.0B Heap: 510.9M(512.0M)->510.9M(512.0M)]
 [Times: user=3.23 sys=0.01, real=1.92 secs] 
491.365: [GC pause (young)491.367: [SoftReference, 0 refs, 0.0000160 secs]491.367: [WeakReference, 0 refs, 0.0000030 secs]491.367: [FinalReference, 0 refs, 0.0000020 secs]491.367: [PhantomReference, 0 refs, 0.0000020 secs]491.367: [JNI Weak Reference, 0.0000030 secs], 0.0016150 secs]
   [Parallel Time: 1.1 ms, GC Workers: 8]
      [GC Worker Start (ms): Min: 491365.4, Avg: 491365.5, Max: 491365.7, Diff: 0.3]
      [Ext Root Scanning (ms): Min: 0.6, Avg: 0.8, Max: 1.0, Diff: 0.4, Sum: 6.2]
      [Update RS (ms): Min: 0.0, Avg: 0.0, Max: 0.0, Diff: 0.0, Sum: 0.0]
         [Processed Buffers: Min: 0, Avg: 0.0, Max: 0, Diff: 0, Sum: 0]
      [Scan RS (ms): Min: 0.0, Avg: 0.0, Max: 0.0, Diff: 0.0, Sum: 0.0]
      [Object Copy (ms): Min: 0.0, Avg: 0.0, Max: 0.1, Diff: 0.1, Sum: 0.4]
      [Termination (ms): Min: 0.0, Avg: 0.1, Max: 0.2, Diff: 0.2, Sum: 0.7]
      [GC Worker Other (ms): Min: 0.0, Avg: 0.0, Max: 0.0, Diff: 0.0, Sum: 0.2]
      [GC Worker Total (ms): Min: 0.7, Avg: 0.9, Max: 1.1, Diff: 0.3, Sum: 7.5]
      [GC Worker End (ms): Min: 491366.4, Avg: 491366.4, Max: 491366.5, Diff: 0.0]
   [Code Root Fixup: 0.0 ms]
   [Clear CT: 0.1 ms]
   [Other: 0.4 ms]
      [Choose CSet: 0.0 ms]
      [Ref Proc: 0.2 ms]
      [Ref Enq: 0.0 ms]
      [Free CSet: 0.0 ms]
   [Eden: 0.0B(25.0M)->0.0B(25.0M) Survivors: 0.0B->0.0B Heap: 510.9M(512.0M)->510.9M(512.0M)]
 [Times: user=0.01 sys=0.00, real=0.00 secs] 
491.367: [GC pause (young)491.368: [SoftReference, 0 refs, 0.0000130 secs]491.368: [WeakReference, 0 refs, 0.0000030 secs]491.368: [FinalReference, 0 refs, 0.0000030 secs]491.368: [PhantomReference, 0 refs, 0.0000030 secs]491.368: [JNI Weak Reference, 0.0000020 secs], 0.0011840 secs]
   [Parallel Time: 0.8 ms, GC Workers: 8]
      [GC Worker Start (ms): Min: 491366.9, Avg: 491367.1, Max: 491367.6, Diff: 0.7]
      [Ext Root Scanning (ms): Min: 0.0, Avg: 0.4, Max: 0.7, Diff: 0.7, Sum: 3.6]
      [Update RS (ms): Min: 0.0, Avg: 0.0, Max: 0.0, Diff: 0.0, Sum: 0.0]
         [Processed Buffers: Min: 0, Avg: 0.1, Max: 1, Diff: 1, Sum: 1]
      [Scan RS (ms): Min: 0.0, Avg: 0.0, Max: 0.0, Diff: 0.0, Sum: 0.0]
      [Object Copy (ms): Min: 0.0, Avg: 0.0, Max: 0.1, Diff: 0.1, Sum: 0.3]
      [Termination (ms): Min: 0.0, Avg: 0.1, Max: 0.2, Diff: 0.2, Sum: 0.7]
      [GC Worker Other (ms): Min: 0.0, Avg: 0.0, Max: 0.0, Diff: 0.0, Sum: 0.2]
      [GC Worker Total (ms): Min: 0.1, Avg: 0.6, Max: 0.8, Diff: 0.7, Sum: 4.7]
      [GC Worker End (ms): Min: 491367.7, Avg: 491367.7, Max: 491367.7, Diff: 0.0]
   [Code Root Fixup: 0.0 ms]
   [Clear CT: 0.2 ms]
   [Other: 0.2 ms]
      [Choose CSet: 0.0 ms]
      [Ref Proc: 0.1 ms]
      [Ref Enq: 0.0 ms]
      [Free CSet: 0.0 ms]
   [Eden: 0.0B(25.0M)->0.0B(25.0M) Survivors: 0.0B->0.0B Heap: 510.9M(512.0M)->510.9M(512.0M)]
 [Times: user=0.01 sys=0.00, real=0.00 secs] 
491.368: [Full GC492.401: [SoftReference, 22 refs, 0.0000260 secs]492.401: [WeakReference, 170 refs, 0.0000150 secs]492.401: [FinalReference, 4 refs, 0.0000030 secs]492.401: [PhantomReference, 0 refs, 0.0000020 secs]492.401: [JNI Weak Reference, 0.0000030 secs] 510M->510M(512M), 1.9023360 secs]
   [Eden: 0.0B(25.0M)->0.0B(25.0M) Survivors: 0.0B->0.0B Heap: 510.9M(512.0M)->510.9M(512.0M)]
 [Times: user=3.22 sys=0.01, real=1.91 secs] 
493.271: [Full GC494.323: [SoftReference, 22 refs, 0.0000260 secs]494.323: [WeakReference, 170 refs, 0.0000170 secs]494.323: [FinalReference, 4 refs, 0.0000030 secs]494.323: [PhantomReference, 0 refs, 0.0000020 secs]494.323: [JNI Weak Reference, 0.0000030 secs] 510M->510M(512M), 1.8974900 secs]
   [Eden: 0.0B(25.0M)->0.0B(25.0M) Survivors: 0.0B->0.0B Heap: 510.9M(512.0M)->510.9M(512.0M)]
 [Times: user=3.22 sys=0.01, real=1.89 secs] 
495.168: [GC pause (young)495.170: [SoftReference, 0 refs, 0.0000270 secs]495.170: [WeakReference, 0 refs, 0.0000120 secs]495.170: [FinalReference, 0 refs, 0.0000020 secs]495.170: [PhantomReference, 0 refs, 0.0000020 secs]495.170: [JNI Weak Reference, 0.0000020 secs], 0.0015930 secs]
   [Parallel Time: 1.0 ms, GC Workers: 8]
      [GC Worker Start (ms): Min: 495168.6, Avg: 495168.7, Max: 495169.4, Diff: 0.8]
      [Ext Root Scanning (ms): Min: 0.0, Avg: 0.6, Max: 0.9, Diff: 0.9, Sum: 4.9]
      [Update RS (ms): Min: 0.0, Avg: 0.0, Max: 0.0, Diff: 0.0, Sum: 0.0]
         [Processed Buffers: Min: 0, Avg: 0.1, Max: 1, Diff: 1, Sum: 1]
      [Scan RS (ms): Min: 0.0, Avg: 0.0, Max: 0.0, Diff: 0.0, Sum: 0.0]
      [Object Copy (ms): Min: 0.0, Avg: 0.0, Max: 0.1, Diff: 0.1, Sum: 0.4]
      [Termination (ms): Min: 0.0, Avg: 0.1, Max: 0.2, Diff: 0.2, Sum: 1.1]
      [GC Worker Other (ms): Min: 0.0, Avg: 0.0, Max: 0.0, Diff: 0.0, Sum: 0.1]
      [GC Worker Total (ms): Min: 0.1, Avg: 0.8, Max: 0.9, Diff: 0.8, Sum: 6.5]
      [GC Worker End (ms): Min: 495169.5, Avg: 495169.5, Max: 495169.6, Diff: 0.0]
   [Code Root Fixup: 0.0 ms]
   [Clear CT: 0.1 ms]
   [Other: 0.4 ms]
      [Choose CSet: 0.0 ms]
      [Ref Proc: 0.2 ms]
      [Ref Enq: 0.0 ms]
      [Free CSet: 0.0 ms]
   [Eden: 0.0B(25.0M)->0.0B(25.0M) Survivors: 0.0B->0.0B Heap: 510.9M(512.0M)->510.9M(512.0M)]
 [Times: user=0.01 sys=0.00, real=0.00 secs] 
495.170: [GC pause (young)495.171: [SoftReference, 0 refs, 0.0000130 secs]495.171: [WeakReference, 0 refs, 0.0000020 secs]495.171: [FinalReference, 0 refs, 0.0000020 secs]495.171: [PhantomReference, 0 refs, 0.0000020 secs]495.171: [JNI Weak Reference, 0.0000020 secs], 0.0010800 secs]
   [Parallel Time: 0.8 ms, GC Workers: 8]
      [GC Worker Start (ms): Min: 495170.2, Avg: 495170.3, Max: 495170.7, Diff: 0.5]
      [Ext Root Scanning (ms): Min: 0.2, Avg: 0.5, Max: 0.7, Diff: 0.5, Sum: 4.2]
      [Update RS (ms): Min: 0.0, Avg: 0.0, Max: 0.0, Diff: 0.0, Sum: 0.0]
         [Processed Buffers: Min: 0, Avg: 0.1, Max: 1, Diff: 1, Sum: 1]
      [Scan RS (ms): Min: 0.0, Avg: 0.0, Max: 0.0, Diff: 0.0, Sum: 0.0]
      [Object Copy (ms): Min: 0.0, Avg: 0.0, Max: 0.1, Diff: 0.1, Sum: 0.4]
      [Termination (ms): Min: 0.0, Avg: 0.1, Max: 0.2, Diff: 0.2, Sum: 0.6]
      [GC Worker Other (ms): Min: 0.0, Avg: 0.0, Max: 0.0, Diff: 0.0, Sum: 0.2]
      [GC Worker Total (ms): Min: 0.3, Avg: 0.7, Max: 0.8, Diff: 0.5, Sum: 5.4]
      [GC Worker End (ms): Min: 495170.9, Avg: 495170.9, Max: 495170.9, Diff: 0.0]
   [Code Root Fixup: 0.0 ms]
   [Clear CT: 0.1 ms]
   [Other: 0.2 ms]
      [Choose CSet: 0.0 ms]
      [Ref Proc: 0.2 ms]
      [Ref Enq: 0.0 ms]
      [Free CSet: 0.0 ms]
   [Eden: 0.0B(25.0M)->0.0B(25.0M) Survivors: 0.0B->0.0B Heap: 510.9M(512.0M)->510.9M(512.0M)]
 [Times: user=0.00 sys=0.00, real=0.01 secs] 
495.171: [Full GC496.231: [SoftReference, 22 refs, 0.0000270 secs]496.231: [WeakReference, 170 refs, 0.0000160 secs]496.231: [FinalReference, 4 refs, 0.0000030 secs]496.231: [PhantomReference, 0 refs, 0.0000020 secs]496.231: [JNI Weak Reference, 0.0000030 secs] 510M->510M(512M), 1.9275710 secs]
   [Eden: 0.0B(25.0M)->0.0B(25.0M) Survivors: 0.0B->0.0B Heap: 510.9M(512.0M)->510.9M(512.0M)]
 [Times: user=3.24 sys=0.01, real=1.92 secs] 
497.099: [Full GC498.144: [SoftReference, 22 refs, 0.0000280 secs]498.144: [WeakReference, 170 refs, 0.0000190 secs]498.144: [FinalReference, 4 refs, 0.0000030 secs]498.144: [PhantomReference, 0 refs, 0.0000030 secs]498.144: [JNI Weak Reference, 0.0000030 secs] 510M->510M(512M), 1.9474620 secs]
   [Eden: 0.0B(25.0M)->0.0B(25.0M) Survivors: 0.0B->0.0B Heap: 510.9M(512.0M)->510.9M(512.0M)]
 [Times: user=3.26 sys=0.01, real=1.95 secs] 
499.047: [GC pause (young)499.048: [SoftReference, 0 refs, 0.0000150 secs]499.048: [WeakReference, 0 refs, 0.0000040 secs]499.048: [FinalReference, 0 refs, 0.0000110 secs]499.048: [PhantomReference, 0 refs, 0.0000020 secs]499.048: [JNI Weak Reference, 0.0000030 secs], 0.0015870 secs]
   [Parallel Time: 1.0 ms, GC Workers: 8]
      [GC Worker Start (ms): Min: 499046.9, Avg: 499047.2, Max: 499047.8, Diff: 0.9]
      [Ext Root Scanning (ms): Min: 0.0, Avg: 0.6, Max: 0.9, Diff: 0.9, Sum: 4.7]
      [Update RS (ms): Min: 0.0, Avg: 0.0, Max: 0.0, Diff: 0.0, Sum: 0.0]
         [Processed Buffers: Min: 0, Avg: 0.0, Max: 0, Diff: 0, Sum: 0]
      [Scan RS (ms): Min: 0.0, Avg: 0.0, Max: 0.0, Diff: 0.0, Sum: 0.0]
      [Object Copy (ms): Min: 0.0, Avg: 0.0, Max: 0.1, Diff: 0.1, Sum: 0.3]
      [Termination (ms): Min: 0.0, Avg: 0.1, Max: 0.2, Diff: 0.2, Sum: 1.0]
      [GC Worker Other (ms): Min: 0.0, Avg: 0.0, Max: 0.0, Diff: 0.0, Sum: 0.0]
      [GC Worker Total (ms): Min: 0.1, Avg: 0.8, Max: 1.0, Diff: 0.9, Sum: 6.0]
      [GC Worker End (ms): Min: 499047.9, Avg: 499047.9, Max: 499047.9, Diff: 0.0]
   [Code Root Fixup: 0.0 ms]
   [Clear CT: 0.1 ms]
   [Other: 0.4 ms]
      [Choose CSet: 0.0 ms]
      [Ref Proc: 0.2 ms]
      [Ref Enq: 0.0 ms]
      [Free CSet: 0.0 ms]
   [Eden: 0.0B(25.0M)->0.0B(25.0M) Survivors: 0.0B->0.0B Heap: 510.9M(512.0M)->510.9M(512.0M)]
 [Times: user=0.01 sys=0.00, real=0.00 secs] 
499.048: [GC pause (young)499.049: [SoftReference, 0 refs, 0.0000130 secs]499.049: [WeakReference, 0 refs, 0.0000030 secs]499.049: [FinalReference, 0 refs, 0.0000020 secs]499.049: [PhantomReference, 0 refs, 0.0000020 secs]499.049: [JNI Weak Reference, 0.0000030 secs], 0.0011110 secs]
   [Parallel Time: 0.9 ms, GC Workers: 8]
      [GC Worker Start (ms): Min: 499048.5, Avg: 499048.7, Max: 499049.2, Diff: 0.7]
      [Ext Root Scanning (ms): Min: 0.0, Avg: 0.4, Max: 0.7, Diff: 0.7, Sum: 3.6]
      [Update RS (ms): Min: 0.0, Avg: 0.0, Max: 0.0, Diff: 0.0, Sum: 0.0]
         [Processed Buffers: Min: 0, Avg: 0.1, Max: 1, Diff: 1, Sum: 1]
      [Scan RS (ms): Min: 0.0, Avg: 0.0, Max: 0.0, Diff: 0.0, Sum: 0.0]
      [Object Copy (ms): Min: 0.0, Avg: 0.0, Max: 0.1, Diff: 0.1, Sum: 0.3]
      [Termination (ms): Min: 0.0, Avg: 0.1, Max: 0.2, Diff: 0.2, Sum: 0.9]
      [GC Worker Other (ms): Min: 0.0, Avg: 0.0, Max: 0.0, Diff: 0.0, Sum: 0.0]
      [GC Worker Total (ms): Min: 0.1, Avg: 0.6, Max: 0.8, Diff: 0.7, Sum: 4.9]
      [GC Worker End (ms): Min: 499049.3, Avg: 499049.3, Max: 499049.3, Diff: 0.0]
   [Code Root Fixup: 0.0 ms]
   [Clear CT: 0.1 ms]
   [Other: 0.2 ms]
      [Choose CSet: 0.0 ms]
      [Ref Proc: 0.2 ms]
      [Ref Enq: 0.0 ms]
      [Free CSet: 0.0 ms]
   [Eden: 0.0B(25.0M)->0.0B(25.0M) Survivors: 0.0B->0.0B Heap: 510.9M(512.0M)->510.9M(512.0M)]
 [Times: user=0.00 sys=0.00, real=0.00 secs] 
499.050: [Full GC500.073: [SoftReference, 22 refs, 0.0000300 secs]500.073: [WeakReference, 170 refs, 0.0000170 secs]500.073: [FinalReference, 4 refs, 0.0000030 secs]500.073: [PhantomReference, 0 refs, 0.0000020 secs]500.073: [JNI Weak Reference, 0.0000030 secs] 510M->510M(512M), 1.9015110 secs]
   [Eden: 0.0B(25.0M)->0.0B(25.0M) Survivors: 0.0B->0.0B Heap: 510.9M(512.0M)->510.9M(512.0M)]
 [Times: user=3.23 sys=0.01, real=1.91 secs] 
500.951: [Full GC501.988: [SoftReference, 22 refs, 0.0000280 secs]501.988: [WeakReference, 170 refs, 0.0000160 secs]501.988: [FinalReference, 4 refs, 0.0000030 secs]501.988: [PhantomReference, 0 refs, 0.0000020 secs]501.988: [JNI Weak Reference, 0.0000030 secs] 510M->510M(512M), 1.9131860 secs]
   [Eden: 0.0B(25.0M)->0.0B(25.0M) Survivors: 0.0B->0.0B Heap: 510.9M(512.0M)->510.9M(512.0M)]
 [Times: user=3.22 sys=0.01, real=1.91 secs] 
502.865: [GC pause (young)502.866: [SoftReference, 0 refs, 0.0000260 secs]502.866: [WeakReference, 0 refs, 0.0000030 secs]502.866: [FinalReference, 0 refs, 0.0000020 secs]502.866: [PhantomReference, 0 refs, 0.0000030 secs]502.866: [JNI Weak Reference, 0.0000030 secs], 0.0015950 secs]
   [Parallel Time: 1.0 ms, GC Workers: 8]
      [GC Worker Start (ms): Min: 502864.9, Avg: 502865.0, Max: 502865.0, Diff: 0.1]
      [Ext Root Scanning (ms): Min: 0.6, Avg: 0.8, Max: 0.8, Diff: 0.2, Sum: 6.2]
      [Update RS (ms): Min: 0.0, Avg: 0.0, Max: 0.0, Diff: 0.0, Sum: 0.0]
         [Processed Buffers: Min: 0, Avg: 0.1, Max: 1, Diff: 1, Sum: 1]
      [Scan RS (ms): Min: 0.0, Avg: 0.0, Max: 0.0, Diff: 0.0, Sum: 0.0]
      [Object Copy (ms): Min: 0.0, Avg: 0.0, Max: 0.1, Diff: 0.1, Sum: 0.3]
      [Termination (ms): Min: 0.0, Avg: 0.1, Max: 0.2, Diff: 0.2, Sum: 0.9]
      [GC Worker Other (ms): Min: 0.0, Avg: 0.0, Max: 0.0, Diff: 0.0, Sum: 0.0]
      [GC Worker Total (ms): Min: 0.9, Avg: 0.9, Max: 1.0, Diff: 0.1, Sum: 7.5]
      [GC Worker End (ms): Min: 502865.9, Avg: 502865.9, Max: 502865.9, Diff: 0.0]
   [Code Root Fixup: 0.0 ms]
   [Clear CT: 0.1 ms]
   [Other: 0.4 ms]
      [Choose CSet: 0.0 ms]
      [Ref Proc: 0.2 ms]
      [Ref Enq: 0.0 ms]
      [Free CSet: 0.0 ms]
   [Eden: 0.0B(25.0M)->0.0B(25.0M) Survivors: 0.0B->0.0B Heap: 510.9M(512.0M)->510.9M(512.0M)]
 [Times: user=0.01 sys=0.00, real=0.00 secs] 
502.866: [GC pause (young)502.867: [SoftReference, 0 refs, 0.0000130 secs]502.867: [WeakReference, 0 refs, 0.0000030 secs]502.867: [FinalReference, 0 refs, 0.0000030 secs]502.867: [PhantomReference, 0 refs, 0.0000020 secs]502.867: [JNI Weak Reference, 0.0000030 secs], 0.0012060 secs]
   [Parallel Time: 0.9 ms, GC Workers: 8]
      [GC Worker Start (ms): Min: 502866.5, Avg: 502866.8, Max: 502867.2, Diff: 0.8]
      [Ext Root Scanning (ms): Min: 0.0, Avg: 0.4, Max: 0.7, Diff: 0.7, Sum: 3.2]
      [Update RS (ms): Min: 0.0, Avg: 0.0, Max: 0.0, Diff: 0.0, Sum: 0.0]
         [Processed Buffers: Min: 0, Avg: 0.1, Max: 1, Diff: 1, Sum: 1]
      [Scan RS (ms): Min: 0.0, Avg: 0.0, Max: 0.0, Diff: 0.0, Sum: 0.0]
      [Object Copy (ms): Min: 0.0, Avg: 0.0, Max: 0.1, Diff: 0.1, Sum: 0.3]
      [Termination (ms): Min: 0.0, Avg: 0.1, Max: 0.2, Diff: 0.2, Sum: 0.9]
      [GC Worker Other (ms): Min: 0.0, Avg: 0.0, Max: 0.0, Diff: 0.0, Sum: 0.0]
      [GC Worker Total (ms): Min: 0.1, Avg: 0.6, Max: 0.8, Diff: 0.8, Sum: 4.4]
      [GC Worker End (ms): Min: 502867.3, Avg: 502867.3, Max: 502867.3, Diff: 0.0]
   [Code Root Fixup: 0.0 ms]
   [Clear CT: 0.1 ms]
   [Other: 0.2 ms]
      [Choose CSet: 0.0 ms]
      [Ref Proc: 0.2 ms]
      [Ref Enq: 0.0 ms]
      [Free CSet: 0.0 ms]
   [Eden: 0.0B(25.0M)->0.0B(25.0M) Survivors: 0.0B->0.0B Heap: 510.9M(512.0M)->510.9M(512.0M)]
 [Times: user=0.00 sys=0.00, real=0.00 secs] 
502.868: [Full GC503.906: [SoftReference, 22 refs, 0.0000280 secs]503.906: [WeakReference, 170 refs, 0.0000180 secs]503.906: [FinalReference, 5 refs, 0.0000040 secs]503.906: [PhantomReference, 0 refs, 0.0000020 secs]503.906: [JNI Weak Reference, 0.0000040 secs] 510M->510M(512M), 1.8948320 secs]
   [Eden: 0.0B(25.0M)->0.0B(25.0M) Survivors: 0.0B->0.0B Heap: 510.9M(512.0M)->510.9M(512.0M)]
 [Times: user=3.20 sys=0.01, real=1.90 secs] 
504.763: [Full GC505.809: [SoftReference, 22 refs, 0.0000300 secs]505.809: [WeakReference, 170 refs, 0.0000160 secs]505.809: [FinalReference, 5 refs, 0.0000030 secs]505.809: [PhantomReference, 0 refs, 0.0000030 secs]505.809: [JNI Weak Reference, 0.0000030 secs] 510M->510M(512M), 1.9053040 secs]
   [Eden: 0.0B(25.0M)->0.0B(25.0M) Survivors: 0.0B->0.0B Heap: 510.9M(512.0M)->510.9M(512.0M)]
 [Times: user=3.23 sys=0.01, real=1.90 secs] 
506.668: [GC pause (young)506.670: [SoftReference, 0 refs, 0.0000270 secs]506.670: [WeakReference, 0 refs, 0.0000030 secs]506.670: [FinalReference, 0 refs, 0.0000030 secs]506.670: [PhantomReference, 0 refs, 0.0000020 secs]506.670: [JNI Weak Reference, 0.0000030 secs], 0.0015530 secs]
   [Parallel Time: 1.0 ms, GC Workers: 8]
      [GC Worker Start (ms): Min: 506668.5, Avg: 506668.5, Max: 506668.7, Diff: 0.2]
      [Ext Root Scanning (ms): Min: 0.5, Avg: 0.7, Max: 0.9, Diff: 0.4, Sum: 5.5]
      [Update RS (ms): Min: 0.0, Avg: 0.0, Max: 0.0, Diff: 0.0, Sum: 0.0]
         [Processed Buffers: Min: 0, Avg: 0.1, Max: 1, Diff: 1, Sum: 1]
      [Scan RS (ms): Min: 0.0, Avg: 0.0, Max: 0.0, Diff: 0.0, Sum: 0.0]
      [Object Copy (ms): Min: 0.0, Avg: 0.0, Max: 0.1, Diff: 0.0, Sum: 0.4]
      [Termination (ms): Min: 0.0, Avg: 0.2, Max: 0.2, Diff: 0.2, Sum: 1.3]
      [GC Worker Other (ms): Min: 0.0, Avg: 0.0, Max: 0.0, Diff: 0.0, Sum: 0.0]
      [GC Worker Total (ms): Min: 0.7, Avg: 0.9, Max: 1.0, Diff: 0.2, Sum: 7.3]
      [GC Worker End (ms): Min: 506669.4, Avg: 506669.5, Max: 506669.5, Diff: 0.0]
   [Code Root Fixup: 0.0 ms]
   [Clear CT: 0.1 ms]
   [Other: 0.4 ms]
      [Choose CSet: 0.0 ms]
      [Ref Proc: 0.2 ms]
      [Ref Enq: 0.0 ms]
      [Free CSet: 0.0 ms]
   [Eden: 0.0B(25.0M)->0.0B(25.0M) Survivors: 0.0B->0.0B Heap: 510.9M(512.0M)->510.9M(512.0M)]
 [Times: user=0.01 sys=0.00, real=0.00 secs] 
506.670: [GC pause (young)506.671: [SoftReference, 0 refs, 0.0000130 secs]506.671: [WeakReference, 0 refs, 0.0000030 secs]506.671: [FinalReference, 0 refs, 0.0000030 secs]506.671: [PhantomReference, 0 refs, 0.0000020 secs]506.671: [JNI Weak Reference, 0.0000020 secs], 0.0011460 secs]
   [Parallel Time: 0.8 ms, GC Workers: 8]
      [GC Worker Start (ms): Min: 506670.0, Avg: 506670.1, Max: 506670.3, Diff: 0.2]
      [Ext Root Scanning (ms): Min: 0.4, Avg: 0.5, Max: 0.6, Diff: 0.2, Sum: 3.9]
      [Update RS (ms): Min: 0.0, Avg: 0.0, Max: 0.0, Diff: 0.0, Sum: 0.0]
         [Processed Buffers: Min: 0, Avg: 0.1, Max: 1, Diff: 1, Sum: 1]
      [Scan RS (ms): Min: 0.0, Avg: 0.0, Max: 0.0, Diff: 0.0, Sum: 0.0]
      [Object Copy (ms): Min: 0.0, Avg: 0.0, Max: 0.1, Diff: 0.0, Sum: 0.3]
      [Termination (ms): Min: 0.0, Avg: 0.1, Max: 0.2, Diff: 0.2, Sum: 0.8]
      [GC Worker Other (ms): Min: 0.0, Avg: 0.0, Max: 0.0, Diff: 0.0, Sum: 0.0]
      [GC Worker Total (ms): Min: 0.5, Avg: 0.6, Max: 0.7, Diff: 0.2, Sum: 5.1]
      [GC Worker End (ms): Min: 506670.7, Avg: 506670.7, Max: 506670.7, Diff: 0.0]
   [Code Root Fixup: 0.0 ms]
   [Clear CT: 0.1 ms]
   [Other: 0.2 ms]
      [Choose CSet: 0.0 ms]
      [Ref Proc: 0.2 ms]
      [Ref Enq: 0.0 ms]
      [Free CSet: 0.0 ms]
   [Eden: 0.0B(25.0M)->0.0B(25.0M) Survivors: 0.0B->0.0B Heap: 510.9M(512.0M)->510.9M(512.0M)]
 [Times: user=0.00 sys=0.00, real=0.01 secs] 
506.672: [Full GC507.723: [SoftReference, 22 refs, 0.0000280 secs]507.723: [WeakReference, 170 refs, 0.0000160 secs]507.723: [FinalReference, 5 refs, 0.0000030 secs]507.723: [PhantomReference, 0 refs, 0.0000020 secs]507.723: [JNI Weak Reference, 0.0000030 secs] 510M->510M(512M), 1.9036390 secs]
   [Eden: 0.0B(25.0M)->0.0B(25.0M) Survivors: 0.0B->0.0B Heap: 510.9M(512.0M)->510.9M(512.0M)]
 [Times: user=3.22 sys=0.01, real=1.90 secs] 
508.575: [Full GC509.617: [SoftReference, 22 refs, 0.0000290 secs]509.617: [WeakReference, 170 refs, 0.0000160 secs]509.617: [FinalReference, 5 refs, 0.0000030 secs]509.617: [PhantomReference, 0 refs, 0.0000020 secs]509.617: [JNI Weak Reference, 0.0000020 secs] 510M->510M(512M), 1.9012650 secs]
   [Eden: 0.0B(25.0M)->0.0B(25.0M) Survivors: 0.0B->0.0B Heap: 510.9M(512.0M)->510.9M(512.0M)]
 [Times: user=3.22 sys=0.01, real=1.90 secs] 
510.477: [GC pause (young)510.478: [SoftReference, 0 refs, 0.0000160 secs]510.478: [WeakReference, 0 refs, 0.0000120 secs]510.478: [FinalReference, 0 refs, 0.0000030 secs]510.478: [PhantomReference, 0 refs, 0.0000020 secs]510.478: [JNI Weak Reference, 0.0000020 secs], 0.0014470 secs]
   [Parallel Time: 0.9 ms, GC Workers: 8]
      [GC Worker Start (ms): Min: 510477.2, Avg: 510477.2, Max: 510477.2, Diff: 0.1]
      [Ext Root Scanning (ms): Min: 0.6, Avg: 0.7, Max: 0.7, Diff: 0.1, Sum: 5.3]
      [Update RS (ms): Min: 0.0, Avg: 0.0, Max: 0.0, Diff: 0.0, Sum: 0.0]
         [Processed Buffers: Min: 0, Avg: 0.0, Max: 0, Diff: 0, Sum: 0]
      [Scan RS (ms): Min: 0.0, Avg: 0.0, Max: 0.0, Diff: 0.0, Sum: 0.0]
      [Object Copy (ms): Min: 0.0, Avg: 0.1, Max: 0.1, Diff: 0.0, Sum: 0.4]
      [Termination (ms): Min: 0.0, Avg: 0.1, Max: 0.1, Diff: 0.1, Sum: 0.7]
      [GC Worker Other (ms): Min: 0.0, Avg: 0.0, Max: 0.0, Diff: 0.0, Sum: 0.0]
      [GC Worker Total (ms): Min: 0.8, Avg: 0.8, Max: 0.9, Diff: 0.1, Sum: 6.5]
      [GC Worker End (ms): Min: 510478.0, Avg: 510478.0, Max: 510478.0, Diff: 0.0]
   [Code Root Fixup: 0.0 ms]
   [Clear CT: 0.1 ms]
   [Other: 0.4 ms]
      [Choose CSet: 0.0 ms]
      [Ref Proc: 0.2 ms]
      [Ref Enq: 0.0 ms]
      [Free CSet: 0.0 ms]
   [Eden: 0.0B(25.0M)->0.0B(25.0M) Survivors: 0.0B->0.0B Heap: 510.9M(512.0M)->510.9M(512.0M)]
 [Times: user=0.01 sys=0.00, real=0.00 secs] 
510.479: [GC pause (young)510.480: [SoftReference, 0 refs, 0.0000120 secs]510.480: [WeakReference, 0 refs, 0.0000030 secs]510.480: [FinalReference, 0 refs, 0.0000030 secs]510.480: [PhantomReference, 0 refs, 0.0000020 secs]510.480: [JNI Weak Reference, 0.0000020 secs], 0.0012390 secs]
   [Parallel Time: 0.8 ms, GC Workers: 8]
      [GC Worker Start (ms): Min: 510478.6, Avg: 510478.9, Max: 510479.4, Diff: 0.8]
      [Ext Root Scanning (ms): Min: 0.0, Avg: 0.4, Max: 0.7, Diff: 0.7, Sum: 3.1]
      [Update RS (ms): Min: 0.0, Avg: 0.0, Max: 0.0, Diff: 0.0, Sum: 0.0]
         [Processed Buffers: Min: 0, Avg: 0.1, Max: 1, Diff: 1, Sum: 1]
      [Scan RS (ms): Min: 0.0, Avg: 0.0, Max: 0.0, Diff: 0.0, Sum: 0.0]
      [Object Copy (ms): Min: 0.0, Avg: 0.0, Max: 0.1, Diff: 0.1, Sum: 0.3]
      [Termination (ms): Min: 0.0, Avg: 0.1, Max: 0.2, Diff: 0.2, Sum: 0.6]
      [GC Worker Other (ms): Min: 0.0, Avg: 0.0, Max: 0.0, Diff: 0.0, Sum: 0.0]
      [GC Worker Total (ms): Min: 0.0, Avg: 0.5, Max: 0.8, Diff: 0.8, Sum: 4.0]
      [GC Worker End (ms): Min: 510479.4, Avg: 510479.4, Max: 510479.4, Diff: 0.0]
   [Code Root Fixup: 0.0 ms]
   [Clear CT: 0.2 ms]
   [Other: 0.2 ms]
      [Choose CSet: 0.0 ms]
      [Ref Proc: 0.2 ms]
      [Ref Enq: 0.0 ms]
      [Free CSet: 0.0 ms]
   [Eden: 0.0B(25.0M)->0.0B(25.0M) Survivors: 0.0B->0.0B Heap: 510.9M(512.0M)->510.9M(512.0M)]
 [Times: user=0.00 sys=0.00, real=0.00 secs] 
510.480: [Full GC511.515: [SoftReference, 22 refs, 0.0000250 secs]511.515: [WeakReference, 170 refs, 0.0000160 secs]511.515: [FinalReference, 5 refs, 0.0000060 secs]511.515: [PhantomReference, 0 refs, 0.0000020 secs]511.515: [JNI Weak Reference, 0.0000030 secs] 510M->510M(512M), 1.8878380 secs]
   [Eden: 0.0B(25.0M)->0.0B(25.0M) Survivors: 0.0B->0.0B Heap: 510.9M(512.0M)->510.9M(512.0M)]
 [Times: user=3.21 sys=0.01, real=1.89 secs] 
512.368: [Full GC513.388: [SoftReference, 22 refs, 0.0000270 secs]513.388: [WeakReference, 170 refs, 0.0000160 secs]513.388: [FinalReference, 104 refs, 0.0000110 secs]513.388: [PhantomReference, 0 refs, 0.0000020 secs]513.388: [JNI Weak Reference, 0.0000030 secs] 510M->510M(512M), 1.9513630 secs]
   [Eden: 0.0B(25.0M)->0.0B(25.0M) Survivors: 0.0B->0.0B Heap: 510.9M(512.0M)->510.9M(512.0M)]
 [Times: user=3.27 sys=0.01, real=1.95 secs] 
514.320: [GC pause (young)514.321: [SoftReference, 0 refs, 0.0000150 secs]514.321: [WeakReference, 0 refs, 0.0000030 secs]514.321: [FinalReference, 0 refs, 0.0000020 secs]514.321: [PhantomReference, 0 refs, 0.0000020 secs]514.321: [JNI Weak Reference, 0.0000120 secs], 0.0015860 secs]
   [Parallel Time: 1.1 ms, GC Workers: 8]
      [GC Worker Start (ms): Min: 514319.7, Avg: 514319.9, Max: 514320.1, Diff: 0.3]
      [Ext Root Scanning (ms): Min: 0.5, Avg: 0.7, Max: 0.8, Diff: 0.3, Sum: 5.4]
      [Update RS (ms): Min: 0.0, Avg: 0.0, Max: 0.0, Diff: 0.0, Sum: 0.0]
         [Processed Buffers: Min: 0, Avg: 0.0, Max: 0, Diff: 0, Sum: 0]
      [Scan RS (ms): Min: 0.0, Avg: 0.0, Max: 0.0, Diff: 0.0, Sum: 0.0]
      [Object Copy (ms): Min: 0.0, Avg: 0.0, Max: 0.1, Diff: 0.0, Sum: 0.4]
      [Termination (ms): Min: 0.0, Avg: 0.1, Max: 0.2, Diff: 0.2, Sum: 1.0]
      [GC Worker Other (ms): Min: 0.0, Avg: 0.0, Max: 0.0, Diff: 0.0, Sum: 0.3]
      [GC Worker Total (ms): Min: 0.7, Avg: 0.9, Max: 1.0, Diff: 0.4, Sum: 7.0]
      [GC Worker End (ms): Min: 514320.7, Avg: 514320.7, Max: 514320.8, Diff: 0.1]
   [Code Root Fixup: 0.0 ms]
   [Clear CT: 0.1 ms]
   [Other: 0.4 ms]
      [Choose CSet: 0.0 ms]
      [Ref Proc: 0.2 ms]
      [Ref Enq: 0.0 ms]
      [Free CSet: 0.0 ms]
   [Eden: 0.0B(25.0M)->0.0B(25.0M) Survivors: 0.0B->0.0B Heap: 510.9M(512.0M)->510.9M(512.0M)]
 [Times: user=0.01 sys=0.00, real=0.01 secs] 
514.321: [GC pause (young)514.322: [SoftReference, 0 refs, 0.0000150 secs]514.322: [WeakReference, 0 refs, 0.0000030 secs]514.322: [FinalReference, 0 refs, 0.0000020 secs]514.322: [PhantomReference, 0 refs, 0.0000020 secs]514.322: [JNI Weak Reference, 0.0000020 secs], 0.0012320 secs]
   [Parallel Time: 0.9 ms, GC Workers: 8]
      [GC Worker Start (ms): Min: 514321.4, Avg: 514321.7, Max: 514322.2, Diff: 0.8]
      [Ext Root Scanning (ms): Min: 0.0, Avg: 0.4, Max: 0.7, Diff: 0.7, Sum: 3.1]
      [Update RS (ms): Min: 0.0, Avg: 0.0, Max: 0.0, Diff: 0.0, Sum: 0.0]
         [Processed Buffers: Min: 0, Avg: 0.1, Max: 1, Diff: 1, Sum: 1]
      [Scan RS (ms): Min: 0.0, Avg: 0.0, Max: 0.0, Diff: 0.0, Sum: 0.0]
      [Object Copy (ms): Min: 0.0, Avg: 0.0, Max: 0.1, Diff: 0.1, Sum: 0.3]
      [Termination (ms): Min: 0.0, Avg: 0.1, Max: 0.2, Diff: 0.2, Sum: 0.6]
      [GC Worker Other (ms): Min: 0.0, Avg: 0.0, Max: 0.0, Diff: 0.0, Sum: 0.2]
      [GC Worker Total (ms): Min: 0.0, Avg: 0.5, Max: 0.8, Diff: 0.8, Sum: 4.1]
      [GC Worker End (ms): Min: 514322.2, Avg: 514322.2, Max: 514322.3, Diff: 0.0]
   [Code Root Fixup: 0.0 ms]
   [Clear CT: 0.2 ms]
   [Other: 0.2 ms]
      [Choose CSet: 0.0 ms]
      [Ref Proc: 0.1 ms]
      [Ref Enq: 0.0 ms]
      [Free CSet: 0.0 ms]
   [Eden: 0.0B(25.0M)->0.0B(25.0M) Survivors: 0.0B->0.0B Heap: 510.9M(512.0M)->510.9M(512.0M)]
 [Times: user=0.00 sys=0.01, real=0.00 secs] 
514.323: [Full GC515.351: [SoftReference, 22 refs, 0.0000300 secs]515.351: [WeakReference, 170 refs, 0.0000300 secs]515.351: [FinalReference, 104 refs, 0.0000140 secs]515.351: [PhantomReference, 0 refs, 0.0000030 secs]515.351: [JNI Weak Reference, 0.0000030 secs] 510M->510M(512M), 1.8880650 secs]
   [Eden: 0.0B(25.0M)->0.0B(25.0M) Survivors: 0.0B->0.0B Heap: 510.9M(512.0M)->510.9M(512.0M)]
 [Times: user=3.20 sys=0.01, real=1.89 secs] 
516.211: [Full GC517.255: [SoftReference, 22 refs, 0.0000270 secs]517.255: [WeakReference, 170 refs, 0.0000160 secs]517.255: [FinalReference, 104 refs, 0.0000110 secs]517.255: [PhantomReference, 0 refs, 0.0000020 secs]517.255: [JNI Weak Reference, 0.0000020 secs] 510M->510M(512M), 1.9116050 secs]
   [Eden: 0.0B(25.0M)->0.0B(25.0M) Survivors: 0.0B->0.0B Heap: 510.9M(512.0M)->510.9M(512.0M)]
 [Times: user=3.24 sys=0.01, real=1.91 secs] 
518.123: [GC pause (young)518.124: [SoftReference, 0 refs, 0.0000150 secs]518.124: [WeakReference, 0 refs, 0.0000040 secs]518.124: [FinalReference, 0 refs, 0.0000020 secs]518.124: [PhantomReference, 0 refs, 0.0000020 secs]518.124: [JNI Weak Reference, 0.0000030 secs], 0.0017070 secs]
   [Parallel Time: 1.1 ms, GC Workers: 8]
      [GC Worker Start (ms): Min: 518123.0, Avg: 518123.2, Max: 518124.0, Diff: 1.0]
      [Ext Root Scanning (ms): Min: 0.0, Avg: 0.7, Max: 0.9, Diff: 0.9, Sum: 5.9]
      [Update RS (ms): Min: 0.0, Avg: 0.0, Max: 0.0, Diff: 0.0, Sum: 0.0]
         [Processed Buffers: Min: 0, Avg: 0.0, Max: 0, Diff: 0, Sum: 0]
      [Scan RS (ms): Min: 0.0, Avg: 0.0, Max: 0.0, Diff: 0.0, Sum: 0.0]
      [Object Copy (ms): Min: 0.0, Avg: 0.1, Max: 0.1, Diff: 0.1, Sum: 0.4]
      [Termination (ms): Min: 0.0, Avg: 0.1, Max: 0.3, Diff: 0.3, Sum: 0.9]
      [GC Worker Other (ms): Min: 0.0, Avg: 0.0, Max: 0.0, Diff: 0.0, Sum: 0.1]
      [GC Worker Total (ms): Min: 0.1, Avg: 0.9, Max: 1.1, Diff: 1.0, Sum: 7.3]
      [GC Worker End (ms): Min: 518124.1, Avg: 518124.1, Max: 518124.1, Diff: 0.0]
   [Code Root Fixup: 0.0 ms]
   [Clear CT: 0.1 ms]
   [Other: 0.5 ms]
      [Choose CSet: 0.0 ms]
      [Ref Proc: 0.2 ms]
      [Ref Enq: 0.0 ms]
      [Free CSet: 0.0 ms]
   [Eden: 0.0B(25.0M)->0.0B(25.0M) Survivors: 0.0B->0.0B Heap: 510.9M(512.0M)->510.9M(512.0M)]
 [Times: user=0.00 sys=0.00, real=0.00 secs] 
518.125: [GC pause (young) (initial-mark)518.126: [SoftReference, 0 refs, 0.0000180 secs]518.126: [WeakReference, 0 refs, 0.0000050 secs]518.126: [FinalReference, 0 refs, 0.0000050 secs]518.126: [PhantomReference, 0 refs, 0.0000050 secs]518.126: [JNI Weak Reference, 0.0000050 secs], 0.0014000 secs]
   [Parallel Time: 1.0 ms, GC Workers: 8]
      [GC Worker Start (ms): Min: 518124.7, Avg: 518124.8, Max: 518125.6, Diff: 0.9]
      [Ext Root Scanning (ms): Min: 0.0, Avg: 0.5, Max: 0.7, Diff: 0.7, Sum: 3.8]
      [Update RS (ms): Min: 0.0, Avg: 0.0, Max: 0.0, Diff: 0.0, Sum: 0.0]
         [Processed Buffers: Min: 0, Avg: 0.1, Max: 1, Diff: 1, Sum: 1]
      [Scan RS (ms): Min: 0.0, Avg: 0.0, Max: 0.0, Diff: 0.0, Sum: 0.0]
      [Object Copy (ms): Min: 0.0, Avg: 0.2, Max: 0.4, Diff: 0.4, Sum: 1.5]
      [Termination (ms): Min: 0.0, Avg: 0.1, Max: 0.3, Diff: 0.3, Sum: 0.8]
      [GC Worker Other (ms): Min: 0.0, Avg: 0.0, Max: 0.0, Diff: 0.0, Sum: 0.0]
      [GC Worker Total (ms): Min: 0.1, Avg: 0.8, Max: 1.0, Diff: 0.9, Sum: 6.2]
      [GC Worker End (ms): Min: 518125.6, Avg: 518125.6, Max: 518125.6, Diff: 0.0]
   [Code Root Fixup: 0.0 ms]
   [Clear CT: 0.1 ms]
   [Other: 0.3 ms]
      [Choose CSet: 0.0 ms]
      [Ref Proc: 0.3 ms]
      [Ref Enq: 0.0 ms]
      [Free CSet: 0.0 ms]
   [Eden: 0.0B(25.0M)->0.0B(25.0M) Survivors: 0.0B->0.0B Heap: 510.9M(512.0M)->510.9M(512.0M)]
 [Times: user=0.01 sys=0.00, real=0.00 secs] 
518.126: [GC concurrent-root-region-scan-start]
518.126: [GC concurrent-root-region-scan-end, 0.0000040 secs]
518.126: [GC concurrent-mark-start]
518.126: [Full GC519.173: [SoftReference, 22 refs, 0.0000260 secs]519.173: [WeakReference, 170 refs, 0.0000170 secs]519.173: [FinalReference, 104 refs, 0.0000110 secs]519.173: [PhantomReference, 0 refs, 0.0000200 secs]519.173: [JNI Weak Reference, 0.0000030 secs] 510M->510M(512M), 1.9120190 secs]
   [Eden: 0.0B(25.0M)->0.0B(25.0M) Survivors: 0.0B->0.0B Heap: 510.9M(512.0M)->510.9M(512.0M)]
 [Times: user=3.22 sys=0.01, real=1.91 secs] 
520.038: [Full GC521.082: [SoftReference, 22 refs, 0.0000270 secs]521.082: [WeakReference, 170 refs, 0.0000150 secs]521.082: [FinalReference, 104 refs, 0.0000110 secs]521.082: [PhantomReference, 0 refs, 0.0000020 secs]521.082: [JNI Weak Reference, 0.0000030 secs] 510M->510M(512M), 1.9178920 secs]
   [Eden: 0.0B(25.0M)->0.0B(25.0M) Survivors: 0.0B->0.0B Heap: 510.9M(512.0M)->510.9M(512.0M)]
 [Times: user=3.24 sys=0.01, real=1.92 secs] 
521.956: [GC pause (young)521.958: [SoftReference, 0 refs, 0.0000160 secs]521.958: [WeakReference, 0 refs, 0.0000030 secs]521.958: [FinalReference, 0 refs, 0.0000020 secs]521.958: [PhantomReference, 0 refs, 0.0000020 secs]521.958: [JNI Weak Reference, 0.0000020 secs], 0.0016290 secs]
   [Parallel Time: 1.1 ms, GC Workers: 8]
      [GC Worker Start (ms): Min: 521956.6, Avg: 521956.8, Max: 521957.0, Diff: 0.4]
      [Ext Root Scanning (ms): Min: 0.3, Avg: 0.7, Max: 0.9, Diff: 0.6, Sum: 5.2]
      [SATB Filtering (ms): Min: 0.0, Avg: 0.0, Max: 0.0, Diff: 0.0, Sum: 0.0]
      [Update RS (ms): Min: 0.0, Avg: 0.0, Max: 0.0, Diff: 0.0, Sum: 0.0]
         [Processed Buffers: Min: 0, Avg: 0.0, Max: 0, Diff: 0, Sum: 0]
      [Scan RS (ms): Min: 0.0, Avg: 0.0, Max: 0.0, Diff: 0.0, Sum: 0.0]
      [Object Copy (ms): Min: 0.0, Avg: 0.1, Max: 0.1, Diff: 0.0, Sum: 0.4]
      [Termination (ms): Min: 0.0, Avg: 0.1, Max: 0.2, Diff: 0.2, Sum: 1.2]
      [GC Worker Other (ms): Min: 0.0, Avg: 0.0, Max: 0.0, Diff: 0.0, Sum: 0.3]
      [GC Worker Total (ms): Min: 0.6, Avg: 0.9, Max: 1.0, Diff: 0.4, Sum: 7.1]
      [GC Worker End (ms): Min: 521957.6, Avg: 521957.7, Max: 521957.7, Diff: 0.1]
   [Code Root Fixup: 0.0 ms]
   [Clear CT: 0.1 ms]
   [Other: 0.5 ms]
      [Choose CSet: 0.0 ms]
      [Ref Proc: 0.2 ms]
      [Ref Enq: 0.0 ms]
      [Free CSet: 0.0 ms]
   [Eden: 0.0B(25.0M)->0.0B(25.0M) Survivors: 0.0B->0.0B Heap: 510.9M(512.0M)->510.9M(512.0M)]
 [Times: user=0.01 sys=0.00, real=0.00 secs] 
521.958: [GC concurrent-mark-abort]
521.958: [GC pause (young)521.959: [SoftReference, 0 refs, 0.0000130 secs]521.959: [WeakReference, 0 refs, 0.0000030 secs]521.959: [FinalReference, 0 refs, 0.0000030 secs]521.959: [PhantomReference, 0 refs, 0.0000210 secs]521.959: [JNI Weak Reference, 0.0000020 secs], 0.0011160 secs]
   [Parallel Time: 0.8 ms, GC Workers: 8]
      [GC Worker Start (ms): Min: 521958.2, Avg: 521958.4, Max: 521958.9, Diff: 0.7]
      [Ext Root Scanning (ms): Min: 0.0, Avg: 0.4, Max: 0.7, Diff: 0.7, Sum: 3.5]
      [Update RS (ms): Min: 0.0, Avg: 0.0, Max: 0.0, Diff: 0.0, Sum: 0.0]
         [Processed Buffers: Min: 0, Avg: 0.1, Max: 1, Diff: 1, Sum: 1]
      [Scan RS (ms): Min: 0.0, Avg: 0.0, Max: 0.0, Diff: 0.0, Sum: 0.0]
      [Object Copy (ms): Min: 0.0, Avg: 0.0, Max: 0.1, Diff: 0.1, Sum: 0.3]
      [Termination (ms): Min: 0.0, Avg: 0.1, Max: 0.2, Diff: 0.2, Sum: 0.7]
      [GC Worker Other (ms): Min: 0.0, Avg: 0.0, Max: 0.0, Diff: 0.0, Sum: 0.0]
      [GC Worker Total (ms): Min: 0.1, Avg: 0.6, Max: 0.8, Diff: 0.7, Sum: 4.6]
      [GC Worker End (ms): Min: 521959.0, Avg: 521959.0, Max: 521959.0, Diff: 0.0]
   [Code Root Fixup: 0.0 ms]
   [Clear CT: 0.1 ms]
   [Other: 0.2 ms]
      [Choose CSet: 0.0 ms]
      [Ref Proc: 0.2 ms]
      [Ref Enq: 0.0 ms]
      [Free CSet: 0.0 ms]
   [Eden: 0.0B(25.0M)->0.0B(25.0M) Survivors: 0.0B->0.0B Heap: 510.9M(512.0M)->510.9M(512.0M)]
 [Times: user=0.00 sys=0.00, real=0.00 secs] 
521.959: [GC pause (young)521.960: [SoftReference, 0 refs, 0.0000120 secs]521.960: [WeakReference, 0 refs, 0.0000030 secs]521.960: [FinalReference, 0 refs, 0.0000020 secs]521.960: [PhantomReference, 0 refs, 0.0000020 secs]521.960: [JNI Weak Reference, 0.0000020 secs], 0.0010860 secs]
   [Parallel Time: 0.8 ms, GC Workers: 8]
      [GC Worker Start (ms): Min: 521959.5, Avg: 521959.6, Max: 521959.7, Diff: 0.2]
      [Ext Root Scanning (ms): Min: 0.4, Avg: 0.5, Max: 0.6, Diff: 0.2, Sum: 3.7]
      [Update RS (ms): Min: 0.0, Avg: 0.0, Max: 0.0, Diff: 0.0, Sum: 0.0]
         [Processed Buffers: Min: 0, Avg: 0.1, Max: 1, Diff: 1, Sum: 1]
      [Scan RS (ms): Min: 0.0, Avg: 0.0, Max: 0.0, Diff: 0.0, Sum: 0.0]
      [Object Copy (ms): Min: 0.0, Avg: 0.0, Max: 0.1, Diff: 0.0, Sum: 0.3]
      [Termination (ms): Min: 0.0, Avg: 0.1, Max: 0.2, Diff: 0.2, Sum: 0.7]
      [GC Worker Other (ms): Min: 0.0, Avg: 0.0, Max: 0.0, Diff: 0.0, Sum: 0.0]
      [GC Worker Total (ms): Min: 0.5, Avg: 0.6, Max: 0.7, Diff: 0.2, Sum: 4.8]
      [GC Worker End (ms): Min: 521960.2, Avg: 521960.2, Max: 521960.2, Diff: 0.0]
   [Code Root Fixup: 0.0 ms]
   [Clear CT: 0.1 ms]
   [Other: 0.2 ms]
      [Choose CSet: 0.0 ms]
      [Ref Proc: 0.2 ms]
      [Ref Enq: 0.0 ms]
      [Free CSet: 0.0 ms]
   [Eden: 0.0B(25.0M)->0.0B(25.0M) Survivors: 0.0B->0.0B Heap: 510.9M(512.0M)->510.9M(512.0M)]
 [Times: user=0.01 sys=0.00, real=0.01 secs] 
521.961: [Full GC522.987: [SoftReference, 22 refs, 0.0000320 secs]522.987: [WeakReference, 170 refs, 0.0000160 secs]522.987: [FinalReference, 104 refs, 0.0000110 secs]522.987: [PhantomReference, 0 refs, 0.0000020 secs]522.987: [JNI Weak Reference, 0.0000030 secs] 510M->510M(512M), 1.9015170 secs]
   [Eden: 0.0B(25.0M)->0.0B(25.0M) Survivors: 0.0B->0.0B Heap: 510.9M(512.0M)->510.9M(512.0M)]
 [Times: user=3.22 sys=0.01, real=1.90 secs] 
523.862: [Full GC524.889: [SoftReference, 22 refs, 0.0000300 secs]524.890: [WeakReference, 170 refs, 0.0000160 secs]524.890: [FinalReference, 104 refs, 0.0000110 secs]524.890: [PhantomReference, 0 refs, 0.0000020 secs]524.890: [JNI Weak Reference, 0.0000040 secs] 510M->510M(512M), 1.9166410 secs]
   [Eden: 0.0B(25.0M)->0.0B(25.0M) Survivors: 0.0B->0.0B Heap: 510.9M(512.0M)->510.9M(512.0M)]
 [Times: user=3.23 sys=0.01, real=1.91 secs] 
525.779: [GC pause (young)525.781: [SoftReference, 0 refs, 0.0000320 secs]525.781: [WeakReference, 0 refs, 0.0000120 secs]525.781: [FinalReference, 0 refs, 0.0000020 secs]525.781: [PhantomReference, 0 refs, 0.0000020 secs]525.781: [JNI Weak Reference, 0.0000030 secs], 0.0017210 secs]
   [Parallel Time: 1.1 ms, GC Workers: 8]
      [GC Worker Start (ms): Min: 525779.5, Avg: 525779.9, Max: 525780.5, Diff: 1.0]
      [Ext Root Scanning (ms): Min: 0.0, Avg: 0.5, Max: 0.9, Diff: 0.9, Sum: 4.3]
      [Update RS (ms): Min: 0.0, Avg: 0.0, Max: 0.0, Diff: 0.0, Sum: 0.0]
         [Processed Buffers: Min: 0, Avg: 0.4, Max: 3, Diff: 3, Sum: 3]
      [Scan RS (ms): Min: 0.0, Avg: 0.0, Max: 0.0, Diff: 0.0, Sum: 0.0]
      [Object Copy (ms): Min: 0.0, Avg: 0.0, Max: 0.1, Diff: 0.1, Sum: 0.3]
      [Termination (ms): Min: 0.0, Avg: 0.1, Max: 0.2, Diff: 0.2, Sum: 0.6]
      [GC Worker Other (ms): Min: 0.0, Avg: 0.0, Max: 0.0, Diff: 0.0, Sum: 0.1]
      [GC Worker Total (ms): Min: 0.0, Avg: 0.7, Max: 1.1, Diff: 1.1, Sum: 5.3]
      [GC Worker End (ms): Min: 525780.5, Avg: 525780.5, Max: 525780.5, Diff: 0.0]
   [Code Root Fixup: 0.0 ms]
   [Clear CT: 0.1 ms]
   [Other: 0.5 ms]
      [Choose CSet: 0.0 ms]
      [Ref Proc: 0.2 ms]
      [Ref Enq: 0.0 ms]
      [Free CSet: 0.0 ms]
   [Eden: 0.0B(25.0M)->0.0B(25.0M) Survivors: 0.0B->0.0B Heap: 510.9M(512.0M)->510.9M(512.0M)]
 [Times: user=0.01 sys=0.00, real=0.01 secs] 
525.781: [GC pause (young)525.782: [SoftReference, 0 refs, 0.0000180 secs]525.782: [WeakReference, 0 refs, 0.0000030 secs]525.782: [FinalReference, 0 refs, 0.0000020 secs]525.782: [PhantomReference, 0 refs, 0.0000030 secs]525.782: [JNI Weak Reference, 0.0000020 secs], 0.0012430 secs]
   [Parallel Time: 0.9 ms, GC Workers: 8]
      [GC Worker Start (ms): Min: 525781.2, Avg: 525781.3, Max: 525782.0, Diff: 0.8]
      [Ext Root Scanning (ms): Min: 0.0, Avg: 0.6, Max: 0.7, Diff: 0.7, Sum: 4.5]
      [Update RS (ms): Min: 0.0, Avg: 0.0, Max: 0.0, Diff: 0.0, Sum: 0.0]
         [Processed Buffers: Min: 0, Avg: 0.1, Max: 1, Diff: 1, Sum: 1]
      [Scan RS (ms): Min: 0.0, Avg: 0.0, Max: 0.0, Diff: 0.0, Sum: 0.0]
      [Object Copy (ms): Min: 0.0, Avg: 0.0, Max: 0.1, Diff: 0.1, Sum: 0.4]
      [Termination (ms): Min: 0.0, Avg: 0.1, Max: 0.1, Diff: 0.1, Sum: 0.6]
      [GC Worker Other (ms): Min: 0.0, Avg: 0.0, Max: 0.0, Diff: 0.0, Sum: 0.2]
      [GC Worker Total (ms): Min: 0.1, Avg: 0.7, Max: 0.9, Diff: 0.8, Sum: 5.6]
      [GC Worker End (ms): Min: 525782.0, Avg: 525782.1, Max: 525782.1, Diff: 0.0]
   [Code Root Fixup: 0.0 ms]
   [Clear CT: 0.1 ms]
   [Other: 0.2 ms]
      [Choose CSet: 0.0 ms]
      [Ref Proc: 0.2 ms]
      [Ref Enq: 0.0 ms]
      [Free CSet: 0.0 ms]
   [Eden: 0.0B(25.0M)->0.0B(25.0M) Survivors: 0.0B->0.0B Heap: 510.9M(512.0M)->510.9M(512.0M)]
 [Times: user=0.00 sys=0.00, real=0.00 secs] 
525.783: [Full GC526.815: [SoftReference, 22 refs, 0.0000320 secs]526.815: [WeakReference, 170 refs, 0.0000170 secs]526.815: [FinalReference, 19 refs, 0.0000060 secs]526.815: [PhantomReference, 0 refs, 0.0000030 secs]526.815: [JNI Weak Reference, 0.0000030 secs] 510M->510M(512M), 1.9211900 secs]
   [Eden: 0.0B(25.0M)->0.0B(25.0M) Survivors: 0.0B->0.0B Heap: 510.9M(512.0M)->510.9M(512.0M)]
 [Times: user=3.24 sys=0.01, real=1.92 secs] 
527.704: [Full GC528.760: [SoftReference, 22 refs, 0.0000310 secs]528.760: [WeakReference, 170 refs, 0.0000180 secs]528.760: [FinalReference, 19 refs, 0.0000050 secs]528.760: [PhantomReference, 0 refs, 0.0000030 secs]528.760: [JNI Weak Reference, 0.0000030 secs] 510M->510M(512M), 1.9236490 secs]
   [Eden: 0.0B(25.0M)->0.0B(25.0M) Survivors: 0.0B->0.0B Heap: 510.9M(512.0M)->510.9M(512.0M)]
 [Times: user=3.23 sys=0.01, real=1.92 secs] 
529.628: [GC pause (young)529.629: [SoftReference, 0 refs, 0.0000170 secs]529.629: [WeakReference, 0 refs, 0.0000030 secs]529.629: [FinalReference, 0 refs, 0.0000020 secs]529.629: [PhantomReference, 0 refs, 0.0000020 secs]529.629: [JNI Weak Reference, 0.0000020 secs], 0.0016980 secs]
   [Parallel Time: 1.1 ms, GC Workers: 8]
      [GC Worker Start (ms): Min: 529628.0, Avg: 529628.3, Max: 529629.0, Diff: 1.0]
      [Ext Root Scanning (ms): Min: 0.0, Avg: 0.6, Max: 0.9, Diff: 0.9, Sum: 4.4]
      [Update RS (ms): Min: 0.0, Avg: 0.0, Max: 0.0, Diff: 0.0, Sum: 0.0]
         [Processed Buffers: Min: 0, Avg: 0.1, Max: 1, Diff: 1, Sum: 1]
      [Scan RS (ms): Min: 0.0, Avg: 0.0, Max: 0.0, Diff: 0.0, Sum: 0.0]
      [Object Copy (ms): Min: 0.0, Avg: 0.0, Max: 0.1, Diff: 0.1, Sum: 0.3]
      [Termination (ms): Min: 0.0, Avg: 0.1, Max: 0.3, Diff: 0.3, Sum: 0.9]
      [GC Worker Other (ms): Min: 0.0, Avg: 0.0, Max: 0.0, Diff: 0.0, Sum: 0.0]
      [GC Worker Total (ms): Min: 0.1, Avg: 0.7, Max: 1.1, Diff: 1.0, Sum: 5.7]
      [GC Worker End (ms): Min: 529629.0, Avg: 529629.1, Max: 529629.1, Diff: 0.0]
   [Code Root Fixup: 0.0 ms]
   [Clear CT: 0.1 ms]
   [Other: 0.5 ms]
      [Choose CSet: 0.0 ms]
      [Ref Proc: 0.2 ms]
      [Ref Enq: 0.0 ms]
      [Free CSet: 0.0 ms]
   [Eden: 0.0B(25.0M)->0.0B(25.0M) Survivors: 0.0B->0.0B Heap: 510.9M(512.0M)->510.9M(512.0M)]
 [Times: user=0.01 sys=0.00, real=0.00 secs] 
529.630: [GC pause (young)529.631: [SoftReference, 0 refs, 0.0000260 secs]529.631: [WeakReference, 0 refs, 0.0000030 secs]529.631: [FinalReference, 0 refs, 0.0000020 secs]529.631: [PhantomReference, 0 refs, 0.0000020 secs]529.631: [JNI Weak Reference, 0.0000030 secs], 0.0011520 secs]
   [Parallel Time: 0.8 ms, GC Workers: 8]
      [GC Worker Start (ms): Min: 529629.7, Avg: 529629.8, Max: 529630.3, Diff: 0.6]
      [Ext Root Scanning (ms): Min: 0.0, Avg: 0.5, Max: 0.6, Diff: 0.6, Sum: 3.7]
      [Update RS (ms): Min: 0.0, Avg: 0.0, Max: 0.0, Diff: 0.0, Sum: 0.0]
         [Processed Buffers: Min: 0, Avg: 0.1, Max: 1, Diff: 1, Sum: 1]
      [Scan RS (ms): Min: 0.0, Avg: 0.0, Max: 0.0, Diff: 0.0, Sum: 0.0]
      [Object Copy (ms): Min: 0.0, Avg: 0.0, Max: 0.1, Diff: 0.1, Sum: 0.3]
      [Termination (ms): Min: 0.0, Avg: 0.1, Max: 0.2, Diff: 0.2, Sum: 0.9]
      [GC Worker Other (ms): Min: 0.0, Avg: 0.0, Max: 0.0, Diff: 0.0, Sum: 0.3]
      [GC Worker Total (ms): Min: 0.1, Avg: 0.6, Max: 0.8, Diff: 0.7, Sum: 5.1]
      [GC Worker End (ms): Min: 529630.4, Avg: 529630.4, Max: 529630.4, Diff: 0.0]
   [Code Root Fixup: 0.0 ms]
   [Clear CT: 0.1 ms]
   [Other: 0.2 ms]
      [Choose CSet: 0.0 ms]
      [Ref Proc: 0.2 ms]
      [Ref Enq: 0.0 ms]
      [Free CSet: 0.0 ms]
   [Eden: 0.0B(25.0M)->0.0B(25.0M) Survivors: 0.0B->0.0B Heap: 510.9M(512.0M)->510.9M(512.0M)]
 [Times: user=0.01 sys=0.00, real=0.01 secs] 
529.631: [Full GC530.660: [SoftReference, 22 refs, 0.0000290 secs]530.660: [WeakReference, 170 refs, 0.0000170 secs]530.660: [FinalReference, 19 refs, 0.0000060 secs]530.660: [PhantomReference, 0 refs, 0.0000020 secs]530.660: [JNI Weak Reference, 0.0000040 secs] 510M->510M(512M), 1.8881660 secs]
   [Eden: 0.0B(25.0M)->0.0B(25.0M) Survivors: 0.0B->0.0B Heap: 510.9M(512.0M)->510.9M(512.0M)]
 [Times: user=3.21 sys=0.01, real=1.88 secs] 
531.519: [Full GC532.574: [SoftReference, 22 refs, 0.0000270 secs]532.574: [WeakReference, 170 refs, 0.0000170 secs]532.574: [FinalReference, 103 refs, 0.0000110 secs]532.574: [PhantomReference, 0 refs, 0.0000020 secs]532.574: [JNI Weak Reference, 0.0000040 secs] 510M->510M(512M), 1.9432320 secs]
   [Eden: 0.0B(25.0M)->0.0B(25.0M) Survivors: 0.0B->0.0B Heap: 510.9M(512.0M)->510.9M(512.0M)]
 [Times: user=3.25 sys=0.01, real=1.95 secs] 
533.463: [GC pause (young)533.464: [SoftReference, 0 refs, 0.0000250 secs]533.464: [WeakReference, 0 refs, 0.0000020 secs]533.464: [FinalReference, 0 refs, 0.0000110 secs]533.464: [PhantomReference, 0 refs, 0.0000020 secs]533.464: [JNI Weak Reference, 0.0000020 secs], 0.0016260 secs]
   [Parallel Time: 1.1 ms, GC Workers: 8]
      [GC Worker Start (ms): Min: 533462.9, Avg: 533463.3, Max: 533463.8, Diff: 0.9]
      [Ext Root Scanning (ms): Min: 0.0, Avg: 0.5, Max: 0.9, Diff: 0.9, Sum: 4.2]
      [Update RS (ms): Min: 0.0, Avg: 0.0, Max: 0.0, Diff: 0.0, Sum: 0.0]
         [Processed Buffers: Min: 0, Avg: 0.0, Max: 0, Diff: 0, Sum: 0]
      [Scan RS (ms): Min: 0.0, Avg: 0.0, Max: 0.0, Diff: 0.0, Sum: 0.0]
      [Object Copy (ms): Min: 0.0, Avg: 0.0, Max: 0.1, Diff: 0.1, Sum: 0.3]
      [Termination (ms): Min: 0.0, Avg: 0.1, Max: 0.2, Diff: 0.2, Sum: 0.7]
      [GC Worker Other (ms): Min: 0.0, Avg: 0.0, Max: 0.0, Diff: 0.0, Sum: 0.0]
      [GC Worker Total (ms): Min: 0.1, Avg: 0.7, Max: 1.0, Diff: 0.9, Sum: 5.3]
      [GC Worker End (ms): Min: 533463.9, Avg: 533463.9, Max: 533463.9, Diff: 0.0]
   [Code Root Fixup: 0.0 ms]
   [Clear CT: 0.1 ms]
   [Other: 0.4 ms]
      [Choose CSet: 0.0 ms]
      [Ref Proc: 0.2 ms]
      [Ref Enq: 0.0 ms]
      [Free CSet: 0.0 ms]
   [Eden: 0.0B(25.0M)->0.0B(25.0M) Survivors: 0.0B->0.0B Heap: 510.9M(512.0M)->510.9M(512.0M)]
 [Times: user=0.01 sys=0.00, real=0.00 secs] 
533.464: [GC pause (young)533.466: [SoftReference, 0 refs, 0.0000130 secs]533.466: [WeakReference, 0 refs, 0.0000030 secs]533.466: [FinalReference, 0 refs, 0.0000030 secs]533.466: [PhantomReference, 0 refs, 0.0000020 secs]533.466: [JNI Weak Reference, 0.0000020 secs], 0.0012840 secs]
   [Parallel Time: 0.9 ms, GC Workers: 8]
      [GC Worker Start (ms): Min: 533464.5, Avg: 533464.8, Max: 533465.3, Diff: 0.8]
      [Ext Root Scanning (ms): Min: 0.0, Avg: 0.4, Max: 0.7, Diff: 0.7, Sum: 3.1]
      [Update RS (ms): Min: 0.0, Avg: 0.0, Max: 0.0, Diff: 0.0, Sum: 0.0]
         [Processed Buffers: Min: 0, Avg: 0.1, Max: 1, Diff: 1, Sum: 1]
      [Scan RS (ms): Min: 0.0, Avg: 0.0, Max: 0.0, Diff: 0.0, Sum: 0.0]
      [Object Copy (ms): Min: 0.0, Avg: 0.0, Max: 0.1, Diff: 0.1, Sum: 0.3]
      [Termination (ms): Min: 0.0, Avg: 0.1, Max: 0.2, Diff: 0.2, Sum: 0.8]
      [GC Worker Other (ms): Min: 0.0, Avg: 0.0, Max: 0.0, Diff: 0.0, Sum: 0.0]
      [GC Worker Total (ms): Min: 0.1, Avg: 0.5, Max: 0.8, Diff: 0.8, Sum: 4.3]
      [GC Worker End (ms): Min: 533465.3, Avg: 533465.3, Max: 533465.3, Diff: 0.0]
   [Code Root Fixup: 0.0 ms]
   [Clear CT: 0.1 ms]
   [Other: 0.3 ms]
      [Choose CSet: 0.0 ms]
      [Ref Proc: 0.2 ms]
      [Ref Enq: 0.0 ms]
      [Free CSet: 0.0 ms]
   [Eden: 0.0B(25.0M)->0.0B(25.0M) Survivors: 0.0B->0.0B Heap: 510.9M(512.0M)->510.9M(512.0M)]
 [Times: user=0.00 sys=0.00, real=0.00 secs] 
533.466: [Full GC534.494: [SoftReference, 22 refs, 0.0000300 secs]534.494: [WeakReference, 171 refs, 0.0000170 secs]534.494: [FinalReference, 103 refs, 0.0000110 secs]534.495: [PhantomReference, 0 refs, 0.0000030 secs]534.495: [JNI Weak Reference, 0.0000030 secs] 510M->510M(512M), 2.0062400 secs]
   [Eden: 0.0B(25.0M)->0.0B(25.0M) Survivors: 0.0B->0.0B Heap: 510.9M(512.0M)->510.9M(512.0M)]
 [Times: user=3.33 sys=0.01, real=2.01 secs] 
535.472: [Full GC536.525: [SoftReference, 22 refs, 0.0000280 secs]536.525: [WeakReference, 171 refs, 0.0000160 secs]536.525: [FinalReference, 103 refs, 0.0000100 secs]536.525: [PhantomReference, 0 refs, 0.0000020 secs]536.525: [JNI Weak Reference, 0.0000030 secs] 510M->510M(512M), 1.9378520 secs]
   [Eden: 0.0B(25.0M)->0.0B(25.0M) Survivors: 0.0B->0.0B Heap: 510.9M(512.0M)->510.9M(512.0M)]
 [Times: user=3.25 sys=0.01, real=1.93 secs] 
537.410: [GC pause (young)537.412: [SoftReference, 0 refs, 0.0000150 secs]537.412: [WeakReference, 0 refs, 0.0000030 secs]537.412: [FinalReference, 0 refs, 0.0000030 secs]537.412: [PhantomReference, 0 refs, 0.0000020 secs]537.412: [JNI Weak Reference, 0.0000030 secs], 0.0016120 secs]
   [Parallel Time: 1.0 ms, GC Workers: 8]
      [GC Worker Start (ms): Min: 537410.5, Avg: 537410.6, Max: 537410.8, Diff: 0.2]
      [Ext Root Scanning (ms): Min: 0.5, Avg: 0.7, Max: 0.8, Diff: 0.3, Sum: 5.4]
      [Update RS (ms): Min: 0.0, Avg: 0.0, Max: 0.2, Diff: 0.2, Sum: 0.2]
         [Processed Buffers: Min: 0, Avg: 0.2, Max: 2, Diff: 2, Sum: 2]
      [Scan RS (ms): Min: 0.0, Avg: 0.0, Max: 0.0, Diff: 0.0, Sum: 0.0]
      [Object Copy (ms): Min: 0.0, Avg: 0.0, Max: 0.1, Diff: 0.0, Sum: 0.4]
      [Termination (ms): Min: 0.0, Avg: 0.1, Max: 0.2, Diff: 0.2, Sum: 1.0]
      [GC Worker Other (ms): Min: 0.0, Avg: 0.0, Max: 0.0, Diff: 0.0, Sum: 0.1]
      [GC Worker Total (ms): Min: 0.7, Avg: 0.9, Max: 1.0, Diff: 0.3, Sum: 7.1]
      [GC Worker End (ms): Min: 537411.5, Avg: 537411.5, Max: 537411.5, Diff: 0.0]
   [Code Root Fixup: 0.0 ms]
   [Clear CT: 0.1 ms]
   [Other: 0.5 ms]
      [Choose CSet: 0.0 ms]
      [Ref Proc: 0.2 ms]
      [Ref Enq: 0.0 ms]
      [Free CSet: 0.0 ms]
   [Eden: 0.0B(25.0M)->0.0B(25.0M) Survivors: 0.0B->0.0B Heap: 510.9M(512.0M)->510.9M(512.0M)]
 [Times: user=0.01 sys=0.00, real=0.01 secs] 
537.412: [Full GC538.445: [SoftReference, 22 refs, 0.0000280 secs]538.445: [WeakReference, 170 refs, 0.0000160 secs]538.445: [FinalReference, 18 refs, 0.0000050 secs]538.445: [PhantomReference, 0 refs, 0.0000020 secs]538.445: [JNI Weak Reference, 0.0000030 secs] 510M->510M(512M), 1.8769920 secs]
   [Eden: 0.0B(25.0M)->0.0B(25.0M) Survivors: 0.0B->0.0B Heap: 510.9M(512.0M)->510.9M(512.0M)]
 [Times: user=3.20 sys=0.01, real=1.87 secs] 
539.289: [Full GC540.332: [SoftReference, 22 refs, 0.0000250 secs]540.332: [WeakReference, 170 refs, 0.0000160 secs]540.332: [FinalReference, 18 refs, 0.0000040 secs]540.332: [PhantomReference, 0 refs, 0.0000020 secs]540.332: [JNI Weak Reference, 0.0000030 secs] 510M->510M(512M), 1.9097770 secs]
   [Eden: 0.0B(25.0M)->0.0B(25.0M) Survivors: 0.0B->0.0B Heap: 510.9M(512.0M)->510.9M(512.0M)]
 [Times: user=3.23 sys=0.01, real=1.91 secs] 
100081.363: [GC pause (young)100081.521: [SoftReference, 0 refs, 0.0053890 secs]100081.527: [WeakReference, 0 refs, 0.0000120 secs]100081.527: [FinalReference, 0 refs, 0.0000050 secs]100081.527: [PhantomReference, 0 refs, 0.0000040 secs]100081.527: [JNI Weak Reference, 0.0000040 secs], 0.1675140 secs]
   [Parallel Time: 37.5 ms, GC Workers: 8]
      [GC Worker Start (ms): Min: 100081483.9, Avg: 100081484.1, Max: 100081484.2, Diff: 0.3]
      [Ext Root Scanning (ms): Min: 23.4, Avg: 27.4, Max: 36.6, Diff: 13.2, Sum: 219.5]
      [Update RS (ms): Min: 0.0, Avg: 0.1, Max: 1.1, Diff: 1.1, Sum: 1.1]
         [Processed Buffers: Min: 0, Avg: 0.1, Max: 1, Diff: 1, Sum: 1]
      [Scan RS (ms): Min: 0.0, Avg: 0.0, Max: 0.0, Diff: 0.0, Sum: 0.0]
      [Object Copy (ms): Min: 0.0, Avg: 0.1, Max: 0.1, Diff: 0.0, Sum: 0.5]
      [Termination (ms): Min: 0.0, Avg: 7.1, Max: 9.5, Diff: 9.5, Sum: 57.0]
      [GC Worker Other (ms): Min: 0.2, Avg: 2.0, Max: 3.1, Diff: 2.9, Sum: 16.4]
      [GC Worker Total (ms): Min: 36.7, Avg: 36.8, Max: 36.9, Diff: 0.2, Sum: 294.6]
      [GC Worker End (ms): Min: 100081520.9, Avg: 100081520.9, Max: 100081520.9, Diff: 0.0]
   [Code Root Fixup: 0.0 ms]
   [Clear CT: 0.1 ms]
   [Other: 129.9 ms]
      [Choose CSet: 0.0 ms]
      [Ref Proc: 6.0 ms]
      [Ref Enq: 0.0 ms]
      [Free CSet: 2.8 ms]
   [Eden: 0.0B(25.0M)->0.0B(25.0M) Survivors: 0.0B->0.0B Heap: 510.9M(512.0M)->510.9M(512.0M)]
 [Times: user=0.06 sys=0.13, real=0.17 secs] 
100081.531: [GC pause (young) (initial-mark)100081.540: [SoftReference, 0 refs, 0.0000300 secs]100081.540: [WeakReference, 0 refs, 0.0000030 secs]100081.540: [FinalReference, 0 refs, 0.0000020 secs]100081.540: [PhantomReference, 0 refs, 0.0000030 secs]100081.540: [JNI Weak Reference, 0.0000030 secs], 0.0084910 secs]
   [Parallel Time: 6.0 ms, GC Workers: 8]
      [GC Worker Start (ms): Min: 100081533.5, Avg: 100081533.6, Max: 100081533.7, Diff: 0.2]
      [Ext Root Scanning (ms): Min: 0.1, Avg: 0.5, Max: 1.3, Diff: 1.2, Sum: 3.8]
      [Update RS (ms): Min: 0.0, Avg: 0.0, Max: 0.0, Diff: 0.0, Sum: 0.0]
         [Processed Buffers: Min: 0, Avg: 0.1, Max: 1, Diff: 1, Sum: 1]
      [Scan RS (ms): Min: 0.0, Avg: 0.0, Max: 0.0, Diff: 0.0, Sum: 0.0]
      [Object Copy (ms): Min: 3.5, Avg: 5.0, Max: 5.9, Diff: 2.4, Sum: 39.7]
      [Termination (ms): Min: 0.0, Avg: 0.5, Max: 1.4, Diff: 1.4, Sum: 4.1]
      [GC Worker Other (ms): Min: 0.0, Avg: 0.0, Max: 0.0, Diff: 0.0, Sum: 0.0]
      [GC Worker Total (ms): Min: 5.9, Avg: 6.0, Max: 6.0, Diff: 0.2, Sum: 47.6]
      [GC Worker End (ms): Min: 100081539.5, Avg: 100081539.5, Max: 100081539.6, Diff: 0.0]
   [Code Root Fixup: 0.0 ms]
   [Clear CT: 0.1 ms]
   [Other: 2.4 ms]
      [Choose CSet: 0.0 ms]
      [Ref Proc: 0.2 ms]
      [Ref Enq: 0.0 ms]
      [Free CSet: 0.0 ms]
   [Eden: 0.0B(25.0M)->0.0B(25.0M) Survivors: 0.0B->0.0B Heap: 510.9M(512.0M)->510.9M(512.0M)]
 [Times: user=0.01 sys=0.01, real=0.00 secs] 
100081.540: [Full GC100081.540: [GC concurrent-root-region-scan-start]
100081.540: [GC concurrent-root-region-scan-end, 0.0000080 secs]
100081.540: [GC concurrent-mark-start]
100084.860: [SoftReference, 22 refs, 0.0000340 secs]100084.860: [WeakReference, 169 refs, 0.0000180 secs]100084.860: [FinalReference, 18 refs, 0.0000050 secs]100084.860: [PhantomReference, 0 refs, 0.0000040 secs]100084.860: [JNI Weak Reference, 0.0000040 secs] 510M->510M(512M), 4.3335850 secs]
   [Eden: 0.0B(25.0M)->0.0B(25.0M) Survivors: 0.0B->0.0B Heap: 510.9M(512.0M)->510.9M(512.0M)]
 [Times: user=3.44 sys=1.62, real=4.34 secs] 
100085.874: [Full GC100086.902: [SoftReference, 22 refs, 0.0000430 secs]100086.902: [WeakReference, 169 refs, 0.0000190 secs]100086.902: [FinalReference, 18 refs, 0.0000050 secs]100086.902: [PhantomReference, 0 refs, 0.0000030 secs]100086.902: [JNI Weak Reference, 0.0000140 secs] 510M->510M(512M), 1.8311070 secs]
   [Eden: 0.0B(25.0M)->0.0B(25.0M) Survivors: 0.0B->0.0B Heap: 510.9M(512.0M)->510.9M(512.0M)]
 [Times: user=3.12 sys=0.02, real=1.83 secs] 
100087.705: [GC concurrent-mark-abort]
100087.705: [GC pause (young)100087.707: [SoftReference, 0 refs, 0.0000470 secs]100087.707: [WeakReference, 0 refs, 0.0000040 secs]100087.707: [FinalReference, 0 refs, 0.0000030 secs]100087.707: [PhantomReference, 0 refs, 0.0000020 secs]100087.707: [JNI Weak Reference, 0.0000030 secs], 0.0018580 secs]
   [Parallel Time: 1.3 ms, GC Workers: 8]
      [GC Worker Start (ms): Min: 100087705.3, Avg: 100087705.8, Max: 100087706.5, Diff: 1.2]
      [Ext Root Scanning (ms): Min: 0.0, Avg: 0.7, Max: 1.1, Diff: 1.1, Sum: 5.3]
      [Update RS (ms): Min: 0.0, Avg: 0.0, Max: 0.0, Diff: 0.0, Sum: 0.0]
         [Processed Buffers: Min: 0, Avg: 0.0, Max: 0, Diff: 0, Sum: 0]
      [Scan RS (ms): Min: 0.0, Avg: 0.0, Max: 0.0, Diff: 0.0, Sum: 0.0]
      [Object Copy (ms): Min: 0.0, Avg: 0.0, Max: 0.1, Diff: 0.1, Sum: 0.4]
      [Termination (ms): Min: 0.0, Avg: 0.1, Max: 0.2, Diff: 0.2, Sum: 0.8]
      [GC Worker Other (ms): Min: 0.0, Avg: 0.0, Max: 0.0, Diff: 0.0, Sum: 0.0]
      [GC Worker Total (ms): Min: 0.1, Avg: 0.8, Max: 1.3, Diff: 1.2, Sum: 6.4]
      [GC Worker End (ms): Min: 100087706.6, Avg: 100087706.6, Max: 100087706.6, Diff: 0.0]
   [Code Root Fixup: 0.0 ms]
   [Clear CT: 0.1 ms]
   [Other: 0.5 ms]
      [Choose CSet: 0.0 ms]
      [Ref Proc: 0.2 ms]
      [Ref Enq: 0.0 ms]
      [Free CSet: 0.0 ms]
   [Eden: 0.0B(25.0M)->0.0B(25.0M) Survivors: 0.0B->0.0B Heap: 510.9M(512.0M)->510.9M(512.0M)]
 [Times: user=0.01 sys=0.00, real=0.00 secs] 
100087.708: [GC pause (young)100087.709: [SoftReference, 0 refs, 0.0000150 secs]100087.709: [WeakReference, 0 refs, 0.0000030 secs]100087.709: [FinalReference, 0 refs, 0.0000030 secs]100087.709: [PhantomReference, 0 refs, 0.0000030 secs]100087.709: [JNI Weak Reference, 0.0000030 secs], 0.0012570 secs]
   [Parallel Time: 1.0 ms, GC Workers: 8]
      [GC Worker Start (ms): Min: 100087707.6, Avg: 100087707.9, Max: 100087708.4, Diff: 0.8]
      [Ext Root Scanning (ms): Min: 0.0, Avg: 0.4, Max: 0.8, Diff: 0.8, Sum: 3.5]
      [Update RS (ms): Min: 0.0, Avg: 0.0, Max: 0.0, Diff: 0.0, Sum: 0.0]
         [Processed Buffers: Min: 0, Avg: 0.1, Max: 1, Diff: 1, Sum: 1]
      [Scan RS (ms): Min: 0.0, Avg: 0.0, Max: 0.0, Diff: 0.0, Sum: 0.0]
      [Object Copy (ms): Min: 0.0, Avg: 0.0, Max: 0.1, Diff: 0.1, Sum: 0.3]
      [Termination (ms): Min: 0.0, Avg: 0.1, Max: 0.2, Diff: 0.2, Sum: 1.0]
      [GC Worker Other (ms): Min: 0.0, Avg: 0.0, Max: 0.0, Diff: 0.0, Sum: 0.0]
      [GC Worker Total (ms): Min: 0.1, Avg: 0.6, Max: 0.9, Diff: 0.8, Sum: 4.8]
      [GC Worker End (ms): Min: 100087708.5, Avg: 100087708.5, Max: 100087708.5, Diff: 0.0]
   [Code Root Fixup: 0.0 ms]
   [Clear CT: 0.1 ms]
   [Other: 0.2 ms]
      [Choose CSet: 0.0 ms]
      [Ref Proc: 0.2 ms]
      [Ref Enq: 0.0 ms]
      [Free CSet: 0.0 ms]
   [Eden: 0.0B(25.0M)->0.0B(25.0M) Survivors: 0.0B->0.0B Heap: 510.9M(512.0M)->510.9M(512.0M)]
 [Times: user=0.00 sys=0.00, real=0.00 secs] 
100087.709: [Full GC100088.677: [SoftReference, 23 refs, 0.0009130 secs]100088.678: [WeakReference, 169 refs, 0.0000210 secs]100088.678: [FinalReference, 19 refs, 0.0000060 secs]100088.678: [PhantomReference, 0 refs, 0.0000020 secs]100088.678: [JNI Weak Reference, 0.0000050 secs] 510M->510M(512M), 1.7798800 secs]
   [Eden: 0.0B(25.0M)->0.0B(25.0M) Survivors: 0.0B->0.0B Heap: 510.9M(512.0M)->510.9M(512.0M)]
 [Times: user=3.07 sys=0.01, real=1.78 secs] 
100089.489: [Full GC100090.470: [SoftReference, 23 refs, 0.0000340 secs]100090.470: [WeakReference, 169 refs, 0.0000180 secs]100090.470: [FinalReference, 19 refs, 0.0000050 secs]100090.470: [PhantomReference, 0 refs, 0.0000020 secs]100090.470: [JNI Weak Reference, 0.0000030 secs] 510M->510M(512M), 1.7773700 secs]
   [Eden: 0.0B(25.0M)->0.0B(25.0M) Survivors: 0.0B->0.0B Heap: 510.9M(512.0M)->510.9M(512.0M)]
 [Times: user=3.08 sys=0.01, real=1.78 secs] 
100091.269: [GC pause (young)100091.270: [SoftReference, 0 refs, 0.0000420 secs]100091.270: [WeakReference, 0 refs, 0.0000130 secs]100091.270: [FinalReference, 0 refs, 0.0000020 secs]100091.270: [PhantomReference, 0 refs, 0.0000020 secs]100091.270: [JNI Weak Reference, 0.0000030 secs], 0.0017210 secs]
   [Parallel Time: 1.1 ms, GC Workers: 8]
      [GC Worker Start (ms): Min: 100091268.9, Avg: 100091269.3, Max: 100091270.0, Diff: 1.0]
      [Ext Root Scanning (ms): Min: 0.0, Avg: 0.5, Max: 0.9, Diff: 0.9, Sum: 4.3]
      [Update RS (ms): Min: 0.0, Avg: 0.0, Max: 0.0, Diff: 0.0, Sum: 0.0]
         [Processed Buffers: Min: 0, Avg: 0.1, Max: 1, Diff: 1, Sum: 1]
      [Scan RS (ms): Min: 0.0, Avg: 0.0, Max: 0.0, Diff: 0.0, Sum: 0.0]
      [Object Copy (ms): Min: 0.0, Avg: 0.0, Max: 0.1, Diff: 0.1, Sum: 0.3]
      [Termination (ms): Min: 0.0, Avg: 0.1, Max: 0.2, Diff: 0.2, Sum: 0.6]
      [GC Worker Other (ms): Min: 0.0, Avg: 0.0, Max: 0.0, Diff: 0.0, Sum: 0.0]
      [GC Worker Total (ms): Min: 0.0, Avg: 0.7, Max: 1.1, Diff: 1.0, Sum: 5.3]
      [GC Worker End (ms): Min: 100091270.0, Avg: 100091270.0, Max: 100091270.0, Diff: 0.0]
   [Code Root Fixup: 0.0 ms]
   [Clear CT: 0.1 ms]
   [Other: 0.5 ms]
      [Choose CSet: 0.0 ms]
      [Ref Proc: 0.2 ms]
      [Ref Enq: 0.0 ms]
      [Free CSet: 0.0 ms]
   [Eden: 0.0B(25.0M)->0.0B(25.0M) Survivors: 0.0B->0.0B Heap: 510.9M(512.0M)->510.9M(512.0M)]
 [Times: user=0.01 sys=0.00, real=0.00 secs] 
100091.271: [GC pause (young) (initial-mark)100091.272: [SoftReference, 0 refs, 0.0000150 secs]100091.272: [WeakReference, 0 refs, 0.0000030 secs]100091.272: [FinalReference, 0 refs, 0.0000020 secs]100091.272: [PhantomReference, 0 refs, 0.0000020 secs]100091.272: [JNI Weak Reference, 0.0000030 secs], 0.0013190 secs]
   [Parallel Time: 1.0 ms, GC Workers: 8]
      [GC Worker Start (ms): Min: 100091270.6, Avg: 100091270.8, Max: 100091271.5, Diff: 0.9]
      [Ext Root Scanning (ms): Min: 0.0, Avg: 0.5, Max: 0.7, Diff: 0.7, Sum: 3.8]
      [Update RS (ms): Min: 0.0, Avg: 0.0, Max: 0.0, Diff: 0.0, Sum: 0.0]
         [Processed Buffers: Min: 0, Avg: 0.1, Max: 1, Diff: 1, Sum: 1]
      [Scan RS (ms): Min: 0.0, Avg: 0.0, Max: 0.0, Diff: 0.0, Sum: 0.0]
      [Object Copy (ms): Min: 0.0, Avg: 0.1, Max: 0.2, Diff: 0.2, Sum: 1.2]
      [Termination (ms): Min: 0.0, Avg: 0.1, Max: 0.2, Diff: 0.2, Sum: 0.7]
      [GC Worker Other (ms): Min: 0.0, Avg: 0.0, Max: 0.0, Diff: 0.0, Sum: 0.0]
      [GC Worker Total (ms): Min: 0.1, Avg: 0.7, Max: 1.0, Diff: 0.9, Sum: 5.7]
      [GC Worker End (ms): Min: 100091271.6, Avg: 100091271.6, Max: 100091271.6, Diff: 0.0]
   [Code Root Fixup: 0.0 ms]
   [Clear CT: 0.1 ms]
   [Other: 0.2 ms]
      [Choose CSet: 0.0 ms]
      [Ref Proc: 0.1 ms]
      [Ref Enq: 0.0 ms]
      [Free CSet: 0.0 ms]
   [Eden: 0.0B(25.0M)->0.0B(25.0M) Survivors: 0.0B->0.0B Heap: 510.9M(512.0M)->510.9M(512.0M)]
 [Times: user=0.01 sys=0.00, real=0.00 secs] 
100091.272: [GC concurrent-root-region-scan-start]
100091.272: [GC concurrent-root-region-scan-end, 0.0000040 secs]
100091.272: [GC concurrent-mark-start]
100091.272: [Full GC100092.263: [SoftReference, 22 refs, 0.0000420 secs]100092.263: [WeakReference, 169 refs, 0.0000270 secs]100092.263: [FinalReference, 64 refs, 0.0000080 secs]100092.263: [PhantomReference, 0 refs, 0.0000030 secs]100092.263: [JNI Weak Reference, 0.0000040 secs] 510M->510M(512M), 1.7997190 secs]
   [Eden: 0.0B(25.0M)->0.0B(25.0M) Survivors: 0.0B->0.0B Heap: 510.9M(512.0M)->510.9M(512.0M)]
 [Times: user=3.10 sys=0.01, real=1.80 secs] 
100093.072: [Full GC100094.051: [SoftReference, 22 refs, 0.0000410 secs]100094.051: [WeakReference, 169 refs, 0.0000190 secs]100094.051: [FinalReference, 64 refs, 0.0000090 secs]100094.051: [PhantomReference, 0 refs, 0.0000130 secs]100094.051: [JNI Weak Reference, 0.0000030 secs] 510M->510M(512M), 1.8516200 secs]
   [Eden: 0.0B(25.0M)->0.0B(25.0M) Survivors: 0.0B->0.0B Heap: 510.9M(512.0M)->510.9M(512.0M)]
 [Times: user=3.15 sys=0.01, real=1.85 secs] 
100094.924: [GC concurrent-mark-abort]
100094.925: [GC pause (young)100094.926: [SoftReference, 0 refs, 0.0000240 secs]100094.926: [WeakReference, 0 refs, 0.0000030 secs]100094.926: [FinalReference, 0 refs, 0.0000030 secs]100094.926: [PhantomReference, 0 refs, 0.0000030 secs]100094.926: [JNI Weak Reference, 0.0000030 secs], 0.0016690 secs]
   [Parallel Time: 1.1 ms, GC Workers: 8]
      [GC Worker Start (ms): Min: 100094924.9, Avg: 100094925.0, Max: 100094925.6, Diff: 0.7]
      [Ext Root Scanning (ms): Min: 0.3, Avg: 0.7, Max: 0.9, Diff: 0.6, Sum: 5.4]
      [Update RS (ms): Min: 0.0, Avg: 0.0, Max: 0.0, Diff: 0.0, Sum: 0.0]
         [Processed Buffers: Min: 0, Avg: 0.0, Max: 0, Diff: 0, Sum: 0]
      [Scan RS (ms): Min: 0.0, Avg: 0.0, Max: 0.0, Diff: 0.0, Sum: 0.0]
      [Object Copy (ms): Min: 0.0, Avg: 0.1, Max: 0.1, Diff: 0.1, Sum: 0.5]
      [Termination (ms): Min: 0.0, Avg: 0.1, Max: 0.2, Diff: 0.2, Sum: 1.1]
      [GC Worker Other (ms): Min: 0.0, Avg: 0.0, Max: 0.0, Diff: 0.0, Sum: 0.2]
      [GC Worker Total (ms): Min: 0.3, Avg: 0.9, Max: 1.0, Diff: 0.7, Sum: 7.2]
      [GC Worker End (ms): Min: 100094925.9, Avg: 100094925.9, Max: 100094925.9, Diff: 0.1]
   [Code Root Fixup: 0.0 ms]
   [Clear CT: 0.1 ms]
   [Other: 0.5 ms]
      [Choose CSet: 0.0 ms]
      [Ref Proc: 0.2 ms]
      [Ref Enq: 0.0 ms]
      [Free CSet: 0.0 ms]
   [Eden: 0.0B(25.0M)->0.0B(25.0M) Survivors: 0.0B->0.0B Heap: 510.9M(512.0M)->510.9M(512.0M)]
 [Times: user=0.01 sys=0.00, real=0.00 secs] 
100094.926: [GC pause (young)100094.928: [SoftReference, 0 refs, 0.0000190 secs]100094.928: [WeakReference, 0 refs, 0.0000030 secs]100094.928: [FinalReference, 0 refs, 0.0000030 secs]100094.928: [PhantomReference, 0 refs, 0.0000030 secs]100094.928: [JNI Weak Reference, 0.0000110 secs], 0.0012780 secs]
   [Parallel Time: 1.0 ms, GC Workers: 8]
      [GC Worker Start (ms): Min: 100094926.4, Avg: 100094926.7, Max: 100094927.2, Diff: 0.8]
      [Ext Root Scanning (ms): Min: 0.0, Avg: 0.5, Max: 0.8, Diff: 0.8, Sum: 3.6]
      [Update RS (ms): Min: 0.0, Avg: 0.0, Max: 0.0, Diff: 0.0, Sum: 0.0]
         [Processed Buffers: Min: 0, Avg: 0.1, Max: 1, Diff: 1, Sum: 1]
      [Scan RS (ms): Min: 0.0, Avg: 0.0, Max: 0.0, Diff: 0.0, Sum: 0.0]
      [Object Copy (ms): Min: 0.0, Avg: 0.0, Max: 0.1, Diff: 0.1, Sum: 0.3]
      [Termination (ms): Min: 0.0, Avg: 0.1, Max: 0.2, Diff: 0.2, Sum: 1.1]
      [GC Worker Other (ms): Min: 0.0, Avg: 0.0, Max: 0.0, Diff: 0.0, Sum: 0.0]
      [GC Worker Total (ms): Min: 0.2, Avg: 0.6, Max: 0.9, Diff: 0.8, Sum: 5.1]
      [GC Worker End (ms): Min: 100094927.3, Avg: 100094927.3, Max: 100094927.4, Diff: 0.0]
   [Code Root Fixup: 0.0 ms]
   [Clear CT: 0.1 ms]
   [Other: 0.2 ms]
      [Choose CSet: 0.0 ms]
      [Ref Proc: 0.2 ms]
      [Ref Enq: 0.0 ms]
      [Free CSet: 0.0 ms]
   [Eden: 0.0B(25.0M)->0.0B(25.0M) Survivors: 0.0B->0.0B Heap: 510.9M(512.0M)->510.9M(512.0M)]
 [Times: user=0.00 sys=0.00, real=0.00 secs] 
100094.928: [Full GC100095.862: [SoftReference, 22 refs, 0.0000400 secs]100095.862: [WeakReference, 169 refs, 0.0000180 secs]100095.862: [FinalReference, 64 refs, 0.0000090 secs]100095.862: [PhantomReference, 0 refs, 0.0000020 secs]100095.862: [JNI Weak Reference, 0.0000030 secs] 510M->510M(512M), 1.7307900 secs]
   [Eden: 0.0B(25.0M)->0.0B(25.0M) Survivors: 0.0B->0.0B Heap: 510.9M(512.0M)->510.9M(512.0M)]
 [Times: user=3.04 sys=0.01, real=1.73 secs] 
100096.659: [Full GC100097.634: [SoftReference, 22 refs, 0.0000420 secs]100097.634: [WeakReference, 169 refs, 0.0000170 secs]100097.634: [FinalReference, 64 refs, 0.0000080 secs]100097.634: [PhantomReference, 0 refs, 0.0000030 secs]100097.634: [JNI Weak Reference, 0.0000030 secs] 510M->510M(512M), 1.7780070 secs]
   [Eden: 0.0B(25.0M)->0.0B(25.0M) Survivors: 0.0B->0.0B Heap: 510.9M(512.0M)->510.9M(512.0M)]
 [Times: user=3.07 sys=0.01, real=1.78 secs] 
Heap
 garbage-first heap   total 524288K, used 523141K [0x00000007dae00000, 0x00000007fae00000, 0x00000007fae00000)
  region size 1024K, 0 young (0K), 0 survivors (0K)
 compacting perm gen  total 20480K, used 10175K [0x00000007fae00000, 0x00000007fc200000, 0x0000000800000000)
   the space 20480K,  49% used [0x00000007fae00000, 0x00000007fb7efe98, 0x00000007fb7f0000, 0x00000007fc200000)
No shared spaces configured.
