2011-02-12T00:18:39.029+0000: 8.348: [GC
Desired survivor size 357892096 bytes, new threshold 7 (max 15)
 [PSYoungGen: 2097152K->99047K(2446656K)] 2097152K->99047K(8039104K), 0.0966940 secs] [Times: user=0.51 sys=0.17, real=0.09 secs] 
2011-02-12T00:18:41.703+0000: 11.022: [GC
Desired survivor size 357892096 bytes, new threshold 7 (max 15)
 [PSYoungGen: 2196199K->121638K(2446656K)] 2196199K->121638K(8039104K), 0.0811760 secs] [Times: user=0.47 sys=0.16, real=0.08 secs] 
2011-02-12T00:18:49.288+0000: 18.607: [GC
Desired survivor size 357892096 bytes, new threshold 7 (max 15)
 [PSYoungGen: 2218790K->213913K(2446656K)] 2218790K->213913K(8039104K), 0.1149130 secs] [Times: user=0.73 sys=0.17, real=0.12 secs] 
2011-02-12T00:18:57.607+0000: 26.927: [GC
Desired survivor size 357892096 bytes, new threshold 7 (max 15)
 [PSYoungGen: 2311065K->218098K(2446656K)] 2311065K->218098K(8039104K), 0.1182550 secs] [Times: user=0.79 sys=0.14, real=0.12 secs] 
2011-02-12T00:19:03.955+0000: 33.275: [GC
Desired survivor size 290390016 bytes, new threshold 6 (max 15)
 [PSYoungGen: 2315250K->220965K(2446656K)] 2315250K->220965K(8039104K), 0.1113360 secs] [Times: user=0.83 sys=0.02, real=0.11 secs] 
2011-02-12T00:19:09.676+0000: 38.996: [GC
Desired survivor size 299171840 bytes, new threshold 5 (max 15)
 [PSYoungGen: 2318117K->220717K(2495424K)] 2318117K->220717K(8087872K), 0.1136090 secs] [Times: user=0.75 sys=0.11, real=0.11 secs] 
2011-02-12T00:19:15.441+0000: 44.761: [GC
Desired survivor size 298450944 bytes, new threshold 4 (max 15)
 [PSYoungGen: 2432557K->115164K(2504000K)] 2432557K->233717K(8096448K), 0.1595080 secs] [Times: user=1.03 sys=0.20, real=0.15 secs] 
2011-02-12T00:19:20.328+0000: 49.648: [GC
Desired survivor size 313982976 bytes, new threshold 3 (max 15)
 [PSYoungGen: 2327004K->23162K(2474368K)] 2445557K->237620K(8066816K), 0.0737120 secs] [Times: user=0.42 sys=0.15, real=0.07 secs] 
2011-02-12T00:19:24.888+0000: 54.208: [GC
Desired survivor size 322699264 bytes, new threshold 2 (max 15)
 [PSYoungGen: 2206074K->17136K(2200064K)] 2420532K->235426K(7792512K), 0.0190490 secs] [Times: user=0.12 sys=0.01, real=0.02 secs] 
2011-02-12T00:19:29.269+0000: 58.588: [GC
Desired survivor size 325124096 bytes, new threshold 1 (max 15)
 [PSYoungGen: 2200048K->22271K(2476288K)] 2418338K->243999K(8068736K), 0.0232750 secs] [Times: user=0.15 sys=0.02, real=0.02 secs] 
2011-02-12T00:19:33.740+0000: 63.059: [GC
Desired survivor size 325582848 bytes, new threshold 1 (max 15)
 [PSYoungGen: 2183423K->13714K(2174912K)] 2405151K->237766K(7767360K), 0.0211540 secs] [Times: user=0.13 sys=0.01, real=0.02 secs] 
2011-02-12T00:19:37.963+0000: 67.283: [GC
Desired survivor size 321650688 bytes, new threshold 1 (max 15)
 [PSYoungGen: 2174866K->20492K(2482048K)] 2398918K->245572K(8074496K), 0.0270600 secs] [Times: user=0.19 sys=0.01, real=0.03 secs] 
2011-02-12T00:19:42.087+0000: 71.407: [GC
Desired survivor size 314834944 bytes, new threshold 1 (max 15)
 [PSYoungGen: 2184588K->24097K(2478208K)] 2409668K->250198K(8070656K), 0.0307750 secs] [Times: user=0.22 sys=0.01, real=0.03 secs] 
2011-02-12T00:19:46.729+0000: 76.049: [GC
Desired survivor size 309854208 bytes, new threshold 1 (max 15)
 [PSYoungGen: 2188193K->4288K(2493568K)] 2414294K->231488K(8086016K), 0.0107130 secs] [Times: user=0.06 sys=0.01, real=0.01 secs] 
2011-02-12T00:19:51.193+0000: 80.513: [GC
Desired survivor size 300941312 bytes, new threshold 1 (max 15)
 [PSYoungGen: 2190400K->14592K(2488704K)] 2417600K->242561K(8081152K), 0.0222340 secs] [Times: user=0.12 sys=0.00, real=0.03 secs] 
2011-02-12T00:19:55.455+0000: 84.774: [GC
Desired survivor size 291569664 bytes, new threshold 1 (max 15)
 [PSYoungGen: 2200704K->10755K(2511424K)] 2428673K->239481K(8103872K), 0.0180200 secs] [Times: user=0.10 sys=0.01, real=0.02 secs] 
2011-02-12T00:19:59.714+0000: 89.034: [GC
Desired survivor size 279576576 bytes, new threshold 1 (max 15)
 [PSYoungGen: 2228291K->19838K(2502272K)] 2457017K->249541K(8094720K), 0.0297200 secs] [Times: user=0.16 sys=0.00, real=0.03 secs] 
2011-02-12T00:20:03.531+0000: 92.851: [GC
Desired survivor size 269811712 bytes, new threshold 1 (max 15)
 [PSYoungGen: 2237374K->5102K(2532672K)] 2467077K->235780K(8125120K), 0.0124270 secs] [Times: user=0.05 sys=0.01, real=0.01 secs] 
2011-02-12T00:20:07.180+0000: 96.499: [GC
Desired survivor size 256704512 bytes, new threshold 1 (max 15)
 [PSYoungGen: 2264750K->20114K(2523136K)] 2495428K->251797K(8115584K), 0.0277150 secs] [Times: user=0.18 sys=0.01, real=0.02 secs] 
2011-02-12T00:20:11.107+0000: 100.427: [GC
Desired survivor size 243859456 bytes, new threshold 1 (max 15)
 [PSYoungGen: 2279762K->18811K(2558016K)] 2511445K->251500K(8150464K), 0.0273990 secs] [Times: user=0.18 sys=0.00, real=0.03 secs] 
2011-02-12T00:20:14.955+0000: 104.275: [GC
Desired survivor size 231079936 bytes, new threshold 1 (max 15)
 [PSYoungGen: 2326139K->20013K(2545472K)] 2558828K->253466K(8137920K), 0.0266270 secs] [Times: user=0.19 sys=0.01, real=0.03 secs] 
2011-02-12T00:20:18.888+0000: 108.208: [GC
Desired survivor size 219217920 bytes, new threshold 1 (max 15)
 [PSYoungGen: 2327341K->16397K(2582080K)] 2560794K->250716K(8174528K), 0.0234680 secs] [Times: user=0.17 sys=0.00, real=0.03 secs] 
2011-02-12T00:20:22.973+0000: 112.293: [GC
Desired survivor size 207486976 bytes, new threshold 1 (max 15)
 [PSYoungGen: 2372813K->17056K(2570496K)] 2607132K->252288K(8162944K), 0.0250950 secs] [Times: user=0.16 sys=0.02, real=0.02 secs] 
2011-02-12T00:20:26.816+0000: 116.136: [GC
Desired survivor size 195887104 bytes, new threshold 1 (max 15)
 [PSYoungGen: 2373472K->18087K(2604864K)] 2608704K->254091K(8197312K), 0.0248290 secs] [Times: user=0.18 sys=0.00, real=0.03 secs] 
2011-02-12T00:20:31.031+0000: 120.350: [GC
Desired survivor size 183435264 bytes, new threshold 1 (max 15)
 [PSYoungGen: 2420327K->25720K(2593536K)] 2656331K->262670K(8185984K), 0.0358970 secs] [Times: user=0.23 sys=0.05, real=0.03 secs] 
2011-02-12T00:20:35.105+0000: 124.425: [GC
Desired survivor size 175046656 bytes, new threshold 1 (max 15)
 [PSYoungGen: 2427960K->6582K(2625216K)] 2664910K->244405K(8217664K), 0.0140910 secs] [Times: user=0.08 sys=0.01, real=0.01 secs] 
2011-02-12T00:20:39.347+0000: 128.667: [GC
Desired survivor size 165478400 bytes, new threshold 1 (max 15)
 [PSYoungGen: 2452662K->12893K(2617024K)] 2690485K->251416K(8209472K), 0.0201050 secs] [Times: user=0.11 sys=0.01, real=0.02 secs] 
2011-02-12T00:20:43.463+0000: 132.783: [GC
Desired survivor size 154992640 bytes, new threshold 1 (max 15)
 [PSYoungGen: 2458973K->20042K(2644800K)] 2697496K->259527K(8237248K), 0.0281940 secs] [Times: user=0.18 sys=0.01, real=0.03 secs] 
2011-02-12T00:20:47.886+0000: 137.206: [GC
Desired survivor size 145358848 bytes, new threshold 1 (max 15)
 [PSYoungGen: 2503242K->18806K(2634560K)] 2742727K->259366K(8227008K), 0.0255480 secs] [Times: user=0.18 sys=0.01, real=0.02 secs] 
2011-02-12T00:20:52.264+0000: 141.584: [GC
Desired survivor size 137887744 bytes, new threshold 1 (max 15)
 [PSYoungGen: 2501993K->9837K(2661504K)] 2742553K->251328K(8253952K), 0.0161780 secs] [Times: user=0.10 sys=0.02, real=0.01 secs] 
2011-02-12T00:20:56.739+0000: 146.059: [GC
Desired survivor size 129433600 bytes, new threshold 1 (max 15)
 [PSYoungGen: 2529389K->16118K(2654208K)] 2770880K->258589K(8246656K), 0.0239730 secs] [Times: user=0.15 sys=0.02, real=0.02 secs] 
2011-02-12T00:21:00.853+0000: 150.173: [GC
Desired survivor size 120127488 bytes, new threshold 1 (max 15)
 [PSYoungGen: 2535670K->23583K(2678848K)] 2778141K->267081K(8271296K), 0.0312700 secs] [Times: user=0.22 sys=0.01, real=0.04 secs] 
2011-02-12T00:21:04.799+0000: 154.118: [GC
Desired survivor size 112263168 bytes, new threshold 1 (max 15)
 [PSYoungGen: 2576031K->20329K(2669760K)] 2819529K->264556K(8262208K), 0.0280770 secs] [Times: user=0.19 sys=0.00, real=0.03 secs] 
2011-02-12T00:21:09.349+0000: 158.668: [GC
Desired survivor size 106233856 bytes, new threshold 1 (max 15)
 [PSYoungGen: 2572777K->12658K(2692416K)] 2817004K->257547K(8284864K), 0.0207260 secs] [Times: user=0.12 sys=0.00, real=0.02 secs] 
2011-02-12T00:21:14.101+0000: 163.421: [GC
Desired survivor size 100728832 bytes, new threshold 1 (max 15)
 [PSYoungGen: 2595442K->11392K(2686528K)] 2840331K->256730K(8278976K), 0.0187820 secs] [Times: user=0.10 sys=0.01, real=0.02 secs] 
2011-02-12T00:21:18.720+0000: 168.040: [GC
Desired survivor size 93192192 bytes, new threshold 1 (max 15)
 [PSYoungGen: 2594176K->24249K(2705152K)] 2839514K->270247K(8297600K), 0.0322670 secs] [Times: user=0.22 sys=0.01, real=0.03 secs] 
2011-02-12T00:21:23.085+0000: 172.405: [GC
Desired survivor size 88473600 bytes, new threshold 1 (max 15)
 [PSYoungGen: 2631033K->11648K(2697792K)] 2877031K->258586K(8290240K), 0.0189050 secs] [Times: user=0.13 sys=0.00, real=0.02 secs] 
2011-02-12T00:21:27.574+0000: 176.894: [GC
Desired survivor size 82116608 bytes, new threshold 1 (max 15)
 [PSYoungGen: 2618432K->21952K(2715968K)] 2865370K->269557K(8308416K), 0.0308150 secs] [Times: user=0.19 sys=0.00, real=0.03 secs] 
2011-02-12T00:21:32.327+0000: 181.647: [GC
Desired survivor size 76742656 bytes, new threshold 1 (max 15)
 [PSYoungGen: 2651520K->19858K(2709760K)] 2899125K->268045K(8302208K), 0.0280860 secs] [Times: user=0.19 sys=0.02, real=0.03 secs] 
2011-02-12T00:21:36.993+0000: 186.313: [GC
Desired survivor size 71696384 bytes, new threshold 1 (max 15)
 [PSYoungGen: 2649426K->20752K(2726144K)] 2897613K->269605K(8318592K), 0.0292730 secs] [Times: user=0.19 sys=0.02, real=0.03 secs] 
2011-02-12T00:21:41.341+0000: 190.661: [GC
Desired survivor size 66977792 bytes, new threshold 1 (max 15)
 [PSYoungGen: 2671952K->21461K(2721216K)] 2920805K->271031K(8313664K), 0.0292630 secs] [Times: user=0.18 sys=0.01, real=0.03 secs] 
2011-02-12T00:21:45.906+0000: 195.226: [GC
Desired survivor size 64159744 bytes, new threshold 1 (max 15)
 [PSYoungGen: 2672661K->12954K(2733504K)] 2922231K->263488K(8325952K), 0.0207700 secs] [Times: user=0.12 sys=0.01, real=0.02 secs] 
2011-02-12T00:21:49.493+0000: 198.813: [GC
Desired survivor size 61669376 bytes, new threshold 1 (max 15)
 [PSYoungGen: 2681050K->11334K(2730752K)] 2931584K->262673K(8323200K), 0.0201650 secs] [Times: user=0.11 sys=0.00, real=0.02 secs] 
2011-02-12T00:21:53.644+0000: 202.963: [GC
Desired survivor size 58916864 bytes, new threshold 1 (max 15)
 [PSYoungGen: 2679430K->12479K(2738624K)] 2930769K->264755K(8331072K), 0.0212620 secs] [Times: user=0.10 sys=0.01, real=0.02 secs] 
2011-02-12T00:21:58.092+0000: 207.411: [GC
Desired survivor size 55705600 bytes, new threshold 1 (max 15)
 [PSYoungGen: 2690879K->21295K(2735936K)] 2943155K->274505K(8328384K), 0.0287900 secs] [Times: user=0.20 sys=0.01, real=0.02 secs] 
2011-02-12T00:22:02.529+0000: 211.848: [GC
Desired survivor size 52428800 bytes, new threshold 1 (max 15)
 [PSYoungGen: 2699695K->18016K(2744960K)] 2952905K->272066K(8337408K), 0.0268640 secs] [Times: user=0.15 sys=0.02, real=0.03 secs] 
2011-02-12T00:22:06.239+0000: 215.559: [GC
Desired survivor size 49872896 bytes, new threshold 1 (max 15)
 [PSYoungGen: 2708576K->15879K(2741760K)] 2962626K->270714K(8334208K), 0.0233790 secs] [Times: user=0.14 sys=0.01, real=0.03 secs] 
2011-02-12T00:22:10.626+0000: 219.946: [GC
Desired survivor size 48103424 bytes, new threshold 1 (max 15)
 [PSYoungGen: 2706439K->22470K(2749184K)] 2961274K->278105K(8341632K), 0.0307320 secs] [Times: user=0.20 sys=0.02, real=0.03 secs] 
2011-02-12T00:22:14.533+0000: 223.853: [GC
Desired survivor size 46661632 bytes, new threshold 1 (max 15)
 [PSYoungGen: 2722950K->11596K(2747456K)] 2978585K->268048K(8339904K), 0.0201860 secs] [Times: user=0.09 sys=0.00, real=0.02 secs] 
2011-02-12T00:22:18.192+0000: 227.512: [GC
Desired survivor size 45940736 bytes, new threshold 1 (max 15)
 [PSYoungGen: 2712076K->6848K(2751296K)] 2968528K->264341K(8343744K), 0.0150840 secs] [Times: user=0.06 sys=0.01, real=0.02 secs] 
2011-02-12T00:22:22.142+0000: 231.461: [GC
Desired survivor size 44498944 bytes, new threshold 1 (max 15)
 [PSYoungGen: 2712576K->9792K(2750592K)] 2970069K->267720K(8343040K), 0.0166510 secs] [Times: user=0.10 sys=0.00, real=0.02 secs] 
2011-02-12T00:22:26.079+0000: 235.399: [GC
Desired survivor size 43253760 bytes, new threshold 1 (max 15)
 [PSYoungGen: 2715520K->8231K(2753920K)] 2973448K->266573K(8346368K), 0.0155170 secs] [Times: user=0.09 sys=0.01, real=0.02 secs] 
2011-02-12T00:22:30.612+0000: 239.932: [GC
Desired survivor size 43646976 bytes, new threshold 1 (max 15)
 [PSYoungGen: 2718695K->24061K(2752704K)] 2977037K->282913K(8345152K), 0.0321080 secs] [Times: user=0.21 sys=0.00, real=0.03 secs] 
2011-02-12T00:22:35.069+0000: 244.389: [GC
Desired survivor size 41287680 bytes, new threshold 1 (max 15)
 [PSYoungGen: 2734525K->15244K(2755840K)] 2993377K->274794K(8348288K), 0.0235500 secs] [Times: user=0.12 sys=0.00, real=0.02 secs] 
2011-02-12T00:22:39.604+0000: 248.924: [GC
Desired survivor size 40632320 bytes, new threshold 1 (max 15)
 [PSYoungGen: 2728460K->6242K(2753536K)] 2988010K->266403K(8345984K), 0.0133470 secs] [Times: user=0.08 sys=0.01, real=0.02 secs] 
2011-02-12T00:22:44.290+0000: 253.610: [GC
Desired survivor size 40370176 bytes, new threshold 1 (max 15)
 [PSYoungGen: 2719458K->21350K(2756736K)] 2979619K->282279K(8349184K), 0.0305180 secs] [Times: user=0.20 sys=0.01, real=0.03 secs] 
2011-02-12T00:22:48.853+0000: 258.172: [GC
Desired survivor size 38600704 bytes, new threshold 1 (max 15)
 [PSYoungGen: 2738406K->12512K(2756480K)] 2999335K->274197K(8348928K), 0.0200440 secs] [Times: user=0.13 sys=0.01, real=0.02 secs] 
2011-02-12T00:22:53.735+0000: 263.055: [GC
Desired survivor size 37289984 bytes, new threshold 1 (max 15)
 [PSYoungGen: 2729568K->10624K(2759744K)] 2991253K->272790K(8352192K), 0.0182550 secs] [Times: user=0.12 sys=0.01, real=0.02 secs] 
2011-02-12T00:22:58.507+0000: 267.827: [GC
Desired survivor size 35848192 bytes, new threshold 1 (max 15)
 [PSYoungGen: 2732672K->17225K(2758464K)] 2994838K->280034K(8350912K), 0.0245430 secs] [Times: user=0.16 sys=0.01, real=0.03 secs] 
2011-02-12T00:23:03.041+0000: 272.360: [GC
Desired survivor size 34537472 bytes, new threshold 1 (max 15)
 [PSYoungGen: 2739273K->17218K(2762432K)] 3002082K->280782K(8354880K), 0.0262140 secs] [Times: user=0.17 sys=0.02, real=0.02 secs] 
2011-02-12T00:23:07.562+0000: 276.881: [GC
Desired survivor size 33816576 bytes, new threshold 1 (max 15)
 [PSYoungGen: 2744642K->8914K(2761152K)] 3008206K->273452K(8353600K), 0.0159600 secs] [Times: user=0.09 sys=0.01, real=0.01 secs] 
2011-02-12T00:23:12.114+0000: 281.434: [GC
Desired survivor size 34537472 bytes, new threshold 1 (max 15)
 [PSYoungGen: 2736338K->21648K(2761728K)] 3000876K->287011K(8354176K), 0.0303200 secs] [Times: user=0.20 sys=0.01, real=0.03 secs] 
2011-02-12T00:23:16.598+0000: 285.918: [GC
Desired survivor size 32964608 bytes, new threshold 1 (max 15)
 [PSYoungGen: 2750352K->14070K(2762432K)] 3015715K->280144K(8354880K), 0.0247620 secs] [Times: user=0.11 sys=0.01, real=0.03 secs] 
2011-02-12T00:23:21.293+0000: 290.613: [GC
Desired survivor size 31784960 bytes, new threshold 1 (max 15)
 [PSYoungGen: 2742774K->12193K(2765120K)] 3008848K->278832K(8357568K), 0.0197200 secs] [Times: user=0.13 sys=0.01, real=0.02 secs] 
2011-02-12T00:23:26.053+0000: 295.373: [GC
Desired survivor size 34537472 bytes, new threshold 1 (max 15)
 [PSYoungGen: 2745121K->26718K(2759680K)] 3011760K->294077K(8352128K), 0.0334680 secs] [Times: user=0.24 sys=0.01, real=0.03 secs] 
2011-02-12T00:23:30.975+0000: 300.295: [GC
Desired survivor size 34275328 bytes, new threshold 1 (max 15)
 [PSYoungGen: 2759646K->7625K(2762688K)] 3027005K->275601K(8355136K), 0.0164550 secs] [Times: user=0.07 sys=0.01, real=0.01 secs] 
2011-02-12T00:23:36.031+0000: 305.351: [GC
Desired survivor size 32964608 bytes, new threshold 1 (max 15)
 [PSYoungGen: 2736585K->12352K(2762432K)] 3004561K->281027K(8354880K), 0.0205680 secs] [Times: user=0.11 sys=0.01, real=0.02 secs] 
2011-02-12T00:23:40.653+0000: 309.973: [GC
Desired survivor size 32374784 bytes, new threshold 1 (max 15)
 [PSYoungGen: 2741312K->8612K(2764544K)] 3009987K->277938K(8356992K), 0.0165450 secs] [Times: user=0.08 sys=0.01, real=0.01 secs] 
2011-02-12T00:23:45.062+0000: 314.382: [GC
Desired survivor size 32243712 bytes, new threshold 1 (max 15)
 [PSYoungGen: 2740964K->18702K(2763968K)] 3010290K->288841K(8356416K), 0.0272430 secs] [Times: user=0.16 sys=0.01, real=0.03 secs] 
2011-02-12T00:23:49.692+0000: 319.011: [GC
Desired survivor size 34078720 bytes, new threshold 1 (max 15)
 [PSYoungGen: 2751054K->24246K(2761088K)] 3021193K->295184K(8353536K), 0.0324040 secs] [Times: user=0.22 sys=0.02, real=0.03 secs] 
2011-02-12T00:23:53.974+0000: 323.293: [GC
Desired survivor size 32702464 bytes, new threshold 1 (max 15)
 [PSYoungGen: 2753846K->13603K(2762880K)] 3024784K->285151K(8355328K), 0.0209290 secs] [Times: user=0.13 sys=0.01, real=0.02 secs] 
2011-02-12T00:23:58.763+0000: 328.082: [GC
Desired survivor size 31981568 bytes, new threshold 1 (max 15)
 [PSYoungGen: 2743203K->10176K(2764928K)] 3014751K->282341K(8357376K), 0.0178880 secs] [Times: user=0.11 sys=0.00, real=0.02 secs] 
2011-02-12T00:24:03.136+0000: 332.455: [GC
Desired survivor size 32768000 bytes, new threshold 1 (max 15)
 [PSYoungGen: 2743168K->21623K(2754624K)] 3015333K->294169K(8347072K), 0.0304260 secs] [Times: user=0.19 sys=0.01, real=0.03 secs] 
2011-02-12T00:24:07.514+0000: 336.834: [GC
Desired survivor size 32178176 bytes, new threshold 1 (max 15)
 [PSYoungGen: 2754615K->9484K(2764736K)] 3027161K->282814K(8357184K), 0.0170040 secs] [Times: user=0.11 sys=0.01, real=0.02 secs] 
2011-02-12T00:24:11.796+0000: 341.115: [GC
Desired survivor size 31522816 bytes, new threshold 1 (max 15)
 [PSYoungGen: 2742220K->17714K(2764160K)] 3015550K->291625K(8356608K), 0.0257590 secs] [Times: user=0.17 sys=0.00, real=0.03 secs] 
2011-02-12T00:24:16.373+0000: 345.693: [GC
Desired survivor size 31064064 bytes, new threshold 1 (max 15)
 [PSYoungGen: 2750450K->8960K(2765824K)] 3024361K->283476K(8358272K), 0.0164330 secs] [Times: user=0.10 sys=0.01, real=0.02 secs] 
2011-02-12T00:24:20.908+0000: 350.228: [GC
Desired survivor size 30801920 bytes, new threshold 1 (max 15)
 [PSYoungGen: 2744000K->7212K(2765376K)] 3018516K->282237K(8357824K), 0.0134160 secs] [Times: user=0.08 sys=0.01, real=0.02 secs] 
2011-02-12T00:24:25.376+0000: 354.696: [GC
Desired survivor size 29753344 bytes, new threshold 1 (max 15)
 [PSYoungGen: 2742252K->15531K(2767104K)] 3017277K->291133K(8359552K), 0.0234820 secs] [Times: user=0.14 sys=0.01, real=0.03 secs] 
2011-02-12T00:24:30.168+0000: 359.487: [GC
Desired survivor size 29032448 bytes, new threshold 1 (max 15)
 [PSYoungGen: 2752555K->9251K(2766080K)] 3028157K->285448K(8358528K), 0.0151910 secs] [Times: user=0.10 sys=0.00, real=0.02 secs] 
2011-02-12T00:24:34.588+0000: 363.908: [GC
Desired survivor size 27590656 bytes, new threshold 1 (max 15)
 [PSYoungGen: 2746275K->13504K(2769216K)] 3022472K->290433K(8361664K), 0.0217740 secs] [Times: user=0.13 sys=0.01, real=0.03 secs] 
2011-02-12T00:24:39.079+0000: 368.399: [GC
Desired survivor size 27131904 bytes, new threshold 1 (max 15)
 [PSYoungGen: 2754368K->8134K(2767808K)] 3031297K->286191K(8360256K), 0.0149830 secs] [Times: user=0.09 sys=0.01, real=0.02 secs] 
2011-02-12T00:24:43.518+0000: 372.838: [GC
Desired survivor size 28311552 bytes, new threshold 1 (max 15)
 [PSYoungGen: 2748998K->19668K(2767360K)] 3027055K->298396K(8359808K), 0.0271950 secs] [Times: user=0.19 sys=0.01, real=0.03 secs] 
2011-02-12T00:24:47.894+0000: 377.214: [GC
Desired survivor size 27131904 bytes, new threshold 1 (max 15)
 [PSYoungGen: 2760532K->12043K(2768512K)] 3039260K->291599K(8360960K), 0.0191410 secs] [Times: user=0.13 sys=0.01, real=0.02 secs] 
2011-02-12T00:24:52.468+0000: 381.788: [GC
Desired survivor size 26935296 bytes, new threshold 1 (max 15)
 [PSYoungGen: 2752907K->7328K(2769856K)] 3032463K->287463K(8362304K), 0.0138080 secs] [Times: user=0.09 sys=0.01, real=0.02 secs] 
2011-02-12T00:24:57.420+0000: 386.740: [GC
Desired survivor size 26345472 bytes, new threshold 1 (max 15)
 [PSYoungGen: 2750688K->8610K(2769664K)] 3030823K->289273K(8362112K), 0.0157260 secs] [Times: user=0.10 sys=0.02, real=0.02 secs] 
2011-02-12T00:25:02.041+0000: 391.361: [GC
Desired survivor size 25296896 bytes, new threshold 1 (max 15)
 [PSYoungGen: 2751970K->10636K(2771456K)] 3032633K->291852K(8363904K), 0.0251700 secs] [Times: user=0.09 sys=0.00, real=0.03 secs] 
2011-02-12T00:25:05.930+0000: 395.250: [GC
Desired survivor size 24641536 bytes, new threshold 1 (max 15)
 [PSYoungGen: 2756364K->13882K(2770432K)] 3037580K->295668K(8362880K), 0.0234890 secs] [Times: user=0.13 sys=0.01, real=0.03 secs] 
2011-02-12T00:25:10.006+0000: 399.326: [GC
Desired survivor size 25296896 bytes, new threshold 1 (max 15)
 [PSYoungGen: 2759610K->17392K(2770816K)] 3041396K->299813K(8363264K), 0.0253400 secs] [Times: user=0.17 sys=0.01, real=0.02 secs] 
2011-02-12T00:25:14.344+0000: 403.663: [GC
Desired survivor size 25100288 bytes, new threshold 1 (max 15)
 [PSYoungGen: 2764144K->15601K(2771456K)] 3046565K->298468K(8363904K), 0.0234410 secs] [Times: user=0.15 sys=0.00, real=0.03 secs] 
2011-02-12T00:25:18.673+0000: 407.993: [GC
Desired survivor size 25296896 bytes, new threshold 1 (max 15)
 [PSYoungGen: 2762353K->5586K(2771264K)] 3045220K->289011K(8363712K), 0.0125360 secs] [Times: user=0.07 sys=0.01, real=0.02 secs] 
2011-02-12T00:25:23.110+0000: 412.429: [GC
Desired survivor size 26017792 bytes, new threshold 1 (max 15)
 [PSYoungGen: 2752338K->17635K(2764416K)] 3035763K->301536K(8356864K), 0.0243100 secs] [Times: user=0.15 sys=0.01, real=0.02 secs] 
2011-02-12T00:25:27.693+0000: 417.012: [GC
Desired survivor size 25100288 bytes, new threshold 1 (max 15)
 [PSYoungGen: 2764387K->10832K(2771648K)] 3048288K->295927K(8364096K), 0.0168860 secs] [Times: user=0.11 sys=0.01, real=0.02 secs] 
2011-02-12T00:25:32.482+0000: 421.801: [GC
Desired survivor size 24772608 bytes, new threshold 1 (max 15)
 [PSYoungGen: 2757072K->7936K(2770752K)] 3042167K->293934K(8363200K), 0.0146200 secs] [Times: user=0.08 sys=0.02, real=0.01 secs] 
2011-02-12T00:25:37.073+0000: 426.392: [GC
Desired survivor size 29163520 bytes, new threshold 1 (max 15)
 [PSYoungGen: 2754176K->24188K(2763392K)] 3040174K->313169K(8355840K), 0.0359030 secs] [Times: user=0.24 sys=0.02, real=0.04 secs] 
2011-02-12T00:25:41.245+0000: 430.564: [GC
Desired survivor size 38469632 bytes, new threshold 1 (max 15)
 [PSYoungGen: 2763388K->28458K(2767680K)] 3052369K->331301K(8360128K), 0.0485640 secs] [Times: user=0.34 sys=0.01, real=0.05 secs] 
2011-02-12T00:25:45.529+0000: 434.849: [GC
Desired survivor size 37945344 bytes, new threshold 1 (max 15)
 [PSYoungGen: 2767658K->20806K(2750528K)] 3070501K->340169K(8342976K), 0.0378540 secs] [Times: user=0.26 sys=0.02, real=0.03 secs] 
2011-02-12T00:25:49.992+0000: 439.311: [GC
Desired survivor size 36175872 bytes, new threshold 1 (max 15)
 [PSYoungGen: 2742854K->15287K(2759104K)] 3062217K->335537K(8351552K), 0.0229280 secs] [Times: user=0.15 sys=0.00, real=0.02 secs] 
2011-02-12T00:25:54.489+0000: 443.809: [GC
Desired survivor size 36503552 bytes, new threshold 1 (max 15)
 [PSYoungGen: 2737335K->22702K(2760192K)] 3057585K->343551K(8352640K), 0.0305530 secs] [Times: user=0.22 sys=0.00, real=0.03 secs] 
2011-02-12T00:25:59.062+0000: 448.382: [GC
Desired survivor size 34865152 bytes, new threshold 1 (max 15)
 [PSYoungGen: 2747566K->16118K(2760512K)] 3068415K->337583K(8352960K), 0.0235340 secs] [Times: user=0.15 sys=0.01, real=0.02 secs] 
2011-02-12T00:26:03.592+0000: 452.912: [GC
Desired survivor size 34865152 bytes, new threshold 1 (max 15)
 [PSYoungGen: 2740982K->7661K(2762112K)] 3062447K->329609K(8354560K), 0.0148560 secs] [Times: user=0.09 sys=0.01, real=0.01 secs] 
2011-02-12T00:26:08.004+0000: 457.324: [GC
Desired survivor size 33030144 bytes, new threshold 1 (max 15)
 [PSYoungGen: 2735725K->16363K(2762112K)] 3057673K->338917K(8354560K), 0.0274560 secs] [Times: user=0.14 sys=0.02, real=0.03 secs] 
2011-02-12T00:26:12.636+0000: 461.956: [GC
Desired survivor size 32636928 bytes, new threshold 1 (max 15)
 [PSYoungGen: 2744427K->9276K(2764288K)] 3066981K->332480K(8356736K), 0.0168390 secs] [Times: user=0.10 sys=0.01, real=0.02 secs] 
2011-02-12T00:26:17.407+0000: 466.727: [GC
Desired survivor size 31850496 bytes, new threshold 1 (max 15)
 [PSYoungGen: 2741308K->10723K(2763904K)] 3064512K->334523K(8356352K), 0.0174060 secs] [Times: user=0.11 sys=0.00, real=0.02 secs] 
2011-02-12T00:26:22.159+0000: 471.478: [GC
Desired survivor size 31391744 bytes, new threshold 1 (max 15)
 [PSYoungGen: 2742755K->8328K(2765504K)] 3066555K->332669K(8357952K), 0.0148810 secs] [Times: user=0.10 sys=0.00, real=0.02 secs] 
2011-02-12T00:26:26.971+0000: 476.290: [GC
Desired survivor size 31457280 bytes, new threshold 1 (max 15)
 [PSYoungGen: 2742728K->4831K(2765056K)] 3067069K->329866K(8357504K), 0.0113160 secs] [Times: user=0.07 sys=0.00, real=0.01 secs] 
2011-02-12T00:26:31.796+0000: 481.115: [GC
Desired survivor size 32571392 bytes, new threshold 1 (max 15)
 [PSYoungGen: 2739231K->21236K(2763264K)] 3064266K->346949K(8355712K), 0.0281330 secs] [Times: user=0.20 sys=0.01, real=0.02 secs] 
2011-02-12T00:26:36.680+0000: 485.999: [GC
Desired survivor size 32112640 bytes, new threshold 1 (max 15)
 [PSYoungGen: 2753780K->6724K(2764352K)] 3079493K->333010K(8356800K), 0.0126430 secs] [Times: user=0.08 sys=0.01, real=0.01 secs] 
2011-02-12T00:26:41.305+0000: 490.625: [GC
Desired survivor size 34603008 bytes, new threshold 1 (max 15)
 [PSYoungGen: 2739268K->24896K(2759936K)] 3065554K->351734K(8352384K), 0.0327280 secs] [Times: user=0.20 sys=0.00, real=0.04 secs] 
2011-02-12T00:26:45.684+0000: 495.004: [GC
Desired survivor size 33030144 bytes, new threshold 1 (max 15)
 [PSYoungGen: 2753472K->12560K(2762368K)] 3080310K->340135K(8354816K), 0.0202300 secs] [Times: user=0.12 sys=0.00, real=0.02 secs] 
2011-02-12T00:26:50.563+0000: 499.883: [GC
Desired survivor size 32047104 bytes, new threshold 1 (max 15)
 [PSYoungGen: 2741136K->9391K(2764864K)] 3068711K->337661K(8357312K), 0.0172910 secs] [Times: user=0.10 sys=0.01, real=0.02 secs] 
2011-02-12T00:26:55.341+0000: 504.661: [GC
Desired survivor size 30932992 bytes, new threshold 1 (max 15)
 [PSYoungGen: 2741999K->10418K(2763904K)] 3070269K->339294K(8356352K), 0.0182350 secs] [Times: user=0.10 sys=0.00, real=0.02 secs] 
2011-02-12T00:26:59.787+0000: 509.107: [GC
Desired survivor size 32178176 bytes, new threshold 1 (max 15)
 [PSYoungGen: 2743026K->21347K(2763520K)] 3071902K->350745K(8355968K), 0.0288770 secs] [Times: user=0.20 sys=0.01, real=0.02 secs] 
2011-02-12T00:27:04.003+0000: 513.323: [GC
Desired survivor size 31195136 bytes, new threshold 1 (max 15)
 [PSYoungGen: 2754659K->10036K(2764736K)] 3084057K->339919K(8357184K), 0.0172450 secs] [Times: user=0.12 sys=0.00, real=0.02 secs] 
2011-02-12T00:27:08.575+0000: 517.895: [GC
Desired survivor size 32309248 bytes, new threshold 1 (max 15)
 [PSYoungGen: 2743348K->21376K(2763520K)] 3073231K->351896K(8355968K), 0.0303630 secs] [Times: user=0.20 sys=0.00, real=0.03 secs] 
2011-02-12T00:27:13.461+0000: 522.781: [GC
Desired survivor size 33554432 bytes, new threshold 1 (max 15)
 [PSYoungGen: 2754432K->22514K(2755584K)] 3084952K->353489K(8348032K), 0.0308160 secs] [Times: user=0.20 sys=0.01, real=0.03 secs] 
2011-02-12T00:27:17.884+0000: 527.203: [GC
Desired survivor size 33226752 bytes, new threshold 1 (max 15)
 [PSYoungGen: 2755570K->7204K(2763712K)] 3086545K->338853K(8356160K), 0.0145390 secs] [Times: user=0.08 sys=0.00, real=0.01 secs] 
2011-02-12T00:27:22.655+0000: 531.974: [GC
Desired survivor size 32768000 bytes, new threshold 1 (max 15)
 [PSYoungGen: 2738148K->6912K(2763392K)] 3069797K->339620K(8355840K), 0.0160290 secs] [Times: user=0.08 sys=0.00, real=0.02 secs] 
2011-02-12T00:27:27.140+0000: 536.460: [GC
Desired survivor size 32964608 bytes, new threshold 1 (max 15)
 [PSYoungGen: 2737856K->19336K(2763776K)] 3070564K->352607K(8356224K), 0.0271890 secs] [Times: user=0.18 sys=0.00, real=0.03 secs] 
2011-02-12T00:27:31.713+0000: 541.033: [GC
Desired survivor size 31981568 bytes, new threshold 1 (max 15)
 [PSYoungGen: 2751112K->9536K(2763968K)] 3084383K->343404K(8356416K), 0.0169770 secs] [Times: user=0.10 sys=0.00, real=0.01 secs] 
2011-02-12T00:27:36.345+0000: 545.665: [GC
Desired survivor size 32636928 bytes, new threshold 1 (max 15)
 [PSYoungGen: 2741312K->20352K(2763648K)] 3075180K->354746K(8356096K), 0.0290030 secs] [Times: user=0.19 sys=0.00, real=0.03 secs] 
2011-02-12T00:27:41.067+0000: 550.386: [GC
Desired survivor size 32374784 bytes, new threshold 1 (max 15)
 [PSYoungGen: 2752768K->18566K(2764288K)] 3087162K->353423K(8356736K), 0.0260900 secs] [Times: user=0.15 sys=0.01, real=0.02 secs] 
2011-02-12T00:27:45.819+0000: 555.139: [GC
Desired survivor size 32309248 bytes, new threshold 1 (max 15)
 [PSYoungGen: 2750982K->19152K(2764608K)] 3085839K->355194K(8357056K), 0.0266400 secs] [Times: user=0.18 sys=0.01, real=0.03 secs] 
2011-02-12T00:27:50.644+0000: 559.964: [GC
Desired survivor size 33095680 bytes, new threshold 1 (max 15)
 [PSYoungGen: 2752144K->21925K(2754944K)] 3088186K->358688K(8347392K), 0.0309390 secs] [Times: user=0.18 sys=0.00, real=0.03 secs] 
2011-02-12T00:27:55.323+0000: 564.642: [GC
Desired survivor size 32768000 bytes, new threshold 1 (max 15)
 [PSYoungGen: 2754917K->19587K(2764160K)] 3091680K->357129K(8356608K), 0.0285300 secs] [Times: user=0.18 sys=0.01, real=0.03 secs] 
2011-02-12T00:27:59.958+0000: 569.278: [GC
Desired survivor size 31981568 bytes, new threshold 1 (max 15)
 [PSYoungGen: 2751427K->11973K(2763840K)] 3088969K->350184K(8356288K), 0.0207900 secs] [Times: user=0.11 sys=0.01, real=0.02 secs] 
2011-02-12T00:28:04.666+0000: 573.986: [GC
Desired survivor size 31457280 bytes, new threshold 1 (max 15)
 [PSYoungGen: 2743813K->18812K(2765440K)] 3082024K->357804K(8357888K), 0.0265140 secs] [Times: user=0.18 sys=0.01, real=0.02 secs] 
2011-02-12T00:28:08.590+0000: 577.910: [GC
Desired survivor size 33030144 bytes, new threshold 1 (max 15)
 [PSYoungGen: 2753020K->24167K(2758400K)] 3092012K->363994K(8350848K), 0.0349660 secs] [Times: user=0.20 sys=0.01, real=0.03 secs] 
2011-02-12T00:28:12.956+0000: 582.275: [GC
Desired survivor size 31522816 bytes, new threshold 1 (max 15)
 [PSYoungGen: 2758375K->17254K(2765376K)] 3098202K->357564K(8357824K), 0.0252210 secs] [Times: user=0.17 sys=0.00, real=0.03 secs] 
2011-02-12T00:28:17.826+0000: 587.145: [GC
Desired survivor size 30867456 bytes, new threshold 1 (max 15)
 [PSYoungGen: 2750374K->12672K(2763904K)] 3090684K->353737K(8356352K), 0.0203410 secs] [Times: user=0.13 sys=0.00, real=0.02 secs] 
2011-02-12T00:28:22.536+0000: 591.856: [GC
Desired survivor size 30081024 bytes, new threshold 1 (max 15)
 [PSYoungGen: 2745792K->13411K(2766784K)] 3086857K->354982K(8359232K), 0.0214880 secs] [Times: user=0.14 sys=0.01, real=0.02 secs] 
2011-02-12T00:28:27.121+0000: 596.440: [GC
Desired survivor size 30867456 bytes, new threshold 1 (max 15)
 [PSYoungGen: 2750051K->21955K(2766016K)] 3091622K->364041K(8358464K), 0.0314090 secs] [Times: user=0.18 sys=0.01, real=0.03 secs] 
2011-02-12T00:28:31.775+0000: 601.095: [GC
Desired survivor size 29491200 bytes, new threshold 1 (max 15)
 [PSYoungGen: 2758595K->16863K(2767360K)] 3100681K->359550K(8359808K), 0.0245060 secs] [Times: user=0.17 sys=0.02, real=0.03 secs] 
2011-02-12T00:28:36.205+0000: 605.525: [GC
Desired survivor size 28311552 bytes, new threshold 1 (max 15)
 [PSYoungGen: 2754079K->16950K(2766016K)] 3096766K->360089K(8358464K), 0.0249900 secs] [Times: user=0.16 sys=0.01, real=0.03 secs] 
2011-02-12T00:28:40.607+0000: 609.927: [GC
Desired survivor size 28573696 bytes, new threshold 1 (max 15)
 [PSYoungGen: 2754166K->20386K(2768000K)] 3097305K->363895K(8360448K), 0.0283870 secs] [Times: user=0.20 sys=0.01, real=0.03 secs] 
2011-02-12T00:28:45.337+0000: 614.656: [GC
Desired survivor size 29425664 bytes, new threshold 1 (max 15)
 [PSYoungGen: 2760738K->6015K(2746368K)] 3104247K->350157K(8338816K), 0.0131600 secs] [Times: user=0.08 sys=0.02, real=0.01 secs] 
2011-02-12T00:28:49.992+0000: 619.311: [GC
Desired survivor size 28442624 bytes, new threshold 1 (max 15)
 [PSYoungGen: 2746367K->16960K(2768384K)] 3090509K->361973K(8360832K), 0.0251660 secs] [Times: user=0.16 sys=0.01, real=0.02 secs] 
2011-02-12T00:28:54.608+0000: 623.928: [GC
Desired survivor size 28377088 bytes, new threshold 1 (max 15)
 [PSYoungGen: 2756608K->19164K(2767424K)] 3101621K->364622K(8359872K), 0.0302510 secs] [Times: user=0.19 sys=0.01, real=0.03 secs] 
2011-02-12T00:28:59.478+0000: 628.798: [GC
Desired survivor size 28573696 bytes, new threshold 1 (max 15)
 [PSYoungGen: 2758812K->8992K(2768064K)] 3104270K->355003K(8360512K), 0.0185430 secs] [Times: user=0.11 sys=0.01, real=0.02 secs] 
2011-02-12T00:29:03.896+0000: 633.216: [GC
Desired survivor size 27459584 bytes, new threshold 1 (max 15)
 [PSYoungGen: 2749344K->14871K(2768256K)] 3095355K->361361K(8360704K), 0.0231180 secs] [Times: user=0.14 sys=0.02, real=0.02 secs] 
2011-02-12T00:29:08.583+0000: 637.902: [GC
Desired survivor size 29425664 bytes, new threshold 1 (max 15)
 [PSYoungGen: 2755223K->23744K(2765504K)] 3101713K->370890K(8357952K), 0.0357200 secs] [Times: user=0.21 sys=0.00, real=0.04 secs] 
2011-02-12T00:29:13.370+0000: 642.690: [GC
Desired survivor size 28377088 bytes, new threshold 1 (max 15)
 [PSYoungGen: 2762432K->15032K(2767424K)] 3109578K->362549K(8359872K), 0.0242470 secs] [Times: user=0.12 sys=0.01, real=0.03 secs] 
2011-02-12T00:29:18.244+0000: 647.564: [GC
Desired survivor size 28049408 bytes, new threshold 1 (max 15)
 [PSYoungGen: 2753720K->11752K(2768768K)] 3101237K->359848K(8361216K), 0.0203320 secs] [Times: user=0.12 sys=0.01, real=0.03 secs] 
2011-02-12T00:29:22.847+0000: 652.167: [GC
Desired survivor size 27066368 bytes, new threshold 1 (max 15)
 [PSYoungGen: 2752808K->14464K(2768448K)] 3100904K->363128K(8360896K), 0.0217190 secs] [Times: user=0.15 sys=0.00, real=0.02 secs] 
2011-02-12T00:29:27.739+0000: 657.059: [GC
Desired survivor size 26345472 bytes, new threshold 1 (max 15)
 [PSYoungGen: 2755520K->16624K(2770432K)] 3104184K->365743K(8362880K), 0.0246360 secs] [Times: user=0.17 sys=0.00, real=0.02 secs] 
2011-02-12T00:29:32.664+0000: 661.983: [GC
Desired survivor size 26476544 bytes, new threshold 1 (max 15)
 [PSYoungGen: 2760624K->18880K(2769728K)] 3109743K->368572K(8362176K), 0.0281510 secs] [Times: user=0.18 sys=0.02, real=0.03 secs] 
2011-02-12T00:29:36.931+0000: 666.250: [GC
Desired survivor size 25624576 bytes, new threshold 1 (max 15)
 [PSYoungGen: 2762880K->15488K(2771136K)] 3112572K->365663K(8363584K), 0.0226160 secs] [Times: user=0.16 sys=0.01, real=0.02 secs] 
2011-02-12T00:29:41.783+0000: 671.103: [GC
Desired survivor size 25493504 bytes, new threshold 1 (max 15)
 [PSYoungGen: 2760768K->18160K(2770304K)] 3110943K->368757K(8362752K), 0.0264520 secs] [Times: user=0.17 sys=0.01, real=0.03 secs] 
2011-02-12T00:29:46.449+0000: 675.768: [GC
Desired survivor size 26607616 bytes, new threshold 1 (max 15)
 [PSYoungGen: 2763440K->21575K(2769088K)] 3114037K->372657K(8361536K), 0.0292820 secs] [Times: user=0.20 sys=0.02, real=0.02 secs] 
2011-02-12T00:29:50.701+0000: 680.021: [GC
Desired survivor size 28311552 bytes, new threshold 1 (max 15)
 [PSYoungGen: 2765767K->23669K(2767872K)] 3116849K->375587K(8360320K), 0.0306530 secs] [Times: user=0.22 sys=0.01, real=0.03 secs] 
2011-02-12T00:29:55.508+0000: 684.828: [GC
Desired survivor size 28966912 bytes, new threshold 1 (max 15)
 [PSYoungGen: 2767861K->7500K(2767232K)] 3119779K->360198K(8359680K), 0.0149690 secs] [Times: user=0.09 sys=0.01, real=0.02 secs] 
2011-02-12T00:30:00.471+0000: 689.790: [GC
Desired survivor size 28311552 bytes, new threshold 1 (max 15)
 [PSYoungGen: 2747084K->13446K(2767872K)] 3099782K->366623K(8360320K), 0.0221270 secs] [Times: user=0.14 sys=0.00, real=0.02 secs] 
2011-02-12T00:30:04.639+0000: 693.959: [GC
Desired survivor size 28704768 bytes, new threshold 1 (max 15)
 [PSYoungGen: 2753030K->20249K(2767744K)] 3106207K->374025K(8360192K), 0.0308270 secs] [Times: user=0.18 sys=0.01, real=0.03 secs] 
2011-02-12T00:30:08.942+0000: 698.262: [GC
Desired survivor size 27656192 bytes, new threshold 1 (max 15)
 [PSYoungGen: 2760345K->15712K(2768128K)] 3114121K->370073K(8360576K), 0.0236460 secs] [Times: user=0.15 sys=0.00, real=0.02 secs] 
2011-02-12T00:30:13.362+0000: 702.682: [GC
Desired survivor size 29425664 bytes, new threshold 1 (max 15)
 [PSYoungGen: 2755808K->24051K(2765696K)] 3110169K->378898K(8358144K), 0.0316270 secs] [Times: user=0.23 sys=0.02, real=0.03 secs] 
2011-02-12T00:30:17.226+0000: 706.545: [GC
Desired survivor size 28835840 bytes, new threshold 1 (max 15)
 [PSYoungGen: 2762739K->18674K(2767424K)] 3117586K->374102K(8359872K), 0.0275390 secs] [Times: user=0.17 sys=0.01, real=0.03 secs] 
2011-02-12T00:30:21.842+0000: 711.161: [GC
Desired survivor size 27983872 bytes, new threshold 1 (max 15)
 [PSYoungGen: 2757362K->18159K(2768832K)] 3112790K->373962K(8361280K), 0.0281720 secs] [Times: user=0.15 sys=0.00, real=0.03 secs] 
2011-02-12T00:30:26.401+0000: 715.721: [GC
Desired survivor size 27721728 bytes, new threshold 1 (max 15)
 [PSYoungGen: 2758831K->13253K(2768000K)] 3114634K->369596K(8360448K), 0.0206900 secs] [Times: user=0.14 sys=0.01, real=0.02 secs] 
2011-02-12T00:30:30.982+0000: 720.301: [GC
Desired survivor size 27590656 bytes, new threshold 1 (max 15)
 [PSYoungGen: 2753925K->19439K(2769216K)] 3110268K->376349K(8361664K), 0.0279260 secs] [Times: user=0.20 sys=0.01, real=0.03 secs] 
2011-02-12T00:30:35.604+0000: 724.923: [GC
Desired survivor size 27590656 bytes, new threshold 1 (max 15)
 [PSYoungGen: 2761583K->11638K(2769088K)] 3118493K->369086K(8361536K), 0.0196220 secs] [Times: user=0.13 sys=0.00, real=0.02 secs] 
2011-02-12T00:30:40.213+0000: 729.532: [GC
Desired survivor size 28311552 bytes, new threshold 1 (max 15)
 [PSYoungGen: 2753782K->21350K(2767808K)] 3111230K->379294K(8360256K), 0.0290410 secs] [Times: user=0.20 sys=0.01, real=0.03 secs] 
2011-02-12T00:30:44.870+0000: 734.189: [GC
Desired survivor size 28442624 bytes, new threshold 1 (max 15)
 [PSYoungGen: 2762214K->20341K(2761216K)] 3120158K->379000K(8353664K), 0.0286720 secs] [Times: user=0.19 sys=0.02, real=0.03 secs] 
2011-02-12T00:30:49.205+0000: 738.524: [GC
Desired survivor size 32047104 bytes, new threshold 1 (max 15)
 [PSYoungGen: 2761205K->27773K(2761344K)] 3119864K->388375K(8353792K), 0.0392560 secs] [Times: user=0.22 sys=0.02, real=0.04 secs] 
2011-02-12T00:30:53.627+0000: 742.946: [GC
Desired survivor size 30867456 bytes, new threshold 1 (max 15)
 [PSYoungGen: 2761341K->17916K(2764864K)] 3121943K->379065K(8357312K), 0.0257230 secs] [Times: user=0.18 sys=0.01, real=0.02 secs] 
2011-02-12T00:30:57.771+0000: 747.091: [GC
Desired survivor size 29753344 bytes, new threshold 1 (max 15)
 [PSYoungGen: 2751484K->18532K(2767104K)] 3112633K->380106K(8359552K), 0.0262210 secs] [Times: user=0.18 sys=0.01, real=0.03 secs] 
2011-02-12T00:31:01.762+0000: 751.082: [GC
Desired survivor size 29884416 bytes, new threshold 1 (max 15)
 [PSYoungGen: 2755492K->21817K(2766016K)] 3117066K->383966K(8358464K), 0.0308540 secs] [Times: user=0.21 sys=0.01, real=0.03 secs] 
2011-02-12T00:31:05.487+0000: 754.807: [GC
Desired survivor size 30932992 bytes, new threshold 1 (max 15)
 [PSYoungGen: 2758777K->24560K(2764928K)] 3120926K->387235K(8357376K), 0.0332790 secs] [Times: user=0.24 sys=0.02, real=0.04 secs] 
2011-02-12T00:31:10.007+0000: 759.327: [GC
Desired survivor size 29949952 bytes, new threshold 1 (max 15)
 [PSYoungGen: 2760304K->19084K(2765952K)] 3122979K->382238K(8358400K), 0.0282870 secs] [Times: user=0.17 sys=0.01, real=0.03 secs] 
2011-02-12T00:31:14.373+0000: 763.692: [GC
Desired survivor size 28966912 bytes, new threshold 1 (max 15)
 [PSYoungGen: 2754828K->19227K(2767872K)] 3117982K->382873K(8360320K), 0.0258300 secs] [Times: user=0.19 sys=0.01, real=0.02 secs] 
2011-02-12T00:31:18.739+0000: 768.059: [GC
Desired survivor size 29360128 bytes, new threshold 1 (max 15)
 [PSYoungGen: 2757851K->22764K(2766912K)] 3121497K->387616K(8359360K), 0.0316130 secs] [Times: user=0.22 sys=0.01, real=0.04 secs] 
2011-02-12T00:31:23.259+0000: 772.579: [GC
Desired survivor size 31195136 bytes, new threshold 1 (max 15)
 [PSYoungGen: 2761388K->27002K(2763904K)] 3126240K->392393K(8356352K), 0.0353520 secs] [Times: user=0.25 sys=0.02, real=0.04 secs] 
2011-02-12T00:31:27.678+0000: 776.998: [GC
Desired survivor size 31260672 bytes, new threshold 1 (max 15)
 [PSYoungGen: 2762234K->14023K(2749312K)] 3127625K->379888K(8341760K), 0.0221430 secs] [Times: user=0.15 sys=0.01, real=0.03 secs] 
2011-02-12T00:31:31.802+0000: 781.122: [GC
Desired survivor size 32047104 bytes, new threshold 1 (max 15)
 [PSYoungGen: 2749255K->9312K(2764096K)] 3115120K->375899K(8356544K), 0.0174280 secs] [Times: user=0.12 sys=0.01, real=0.01 secs] 
2011-02-12T00:31:36.023+0000: 785.343: [GC
Desired survivor size 32964608 bytes, new threshold 1 (max 15)
 [PSYoungGen: 2742880K->24588K(2758208K)] 3109467K->391612K(8350656K), 0.0341970 secs] [Times: user=0.22 sys=0.01, real=0.03 secs] 
2011-02-12T00:31:40.779+0000: 790.099: [GC
Desired survivor size 34013184 bytes, new threshold 1 (max 15)
 [PSYoungGen: 2758156K->5792K(2761920K)] 3125180K->373290K(8354368K), 0.0132620 secs] [Times: user=0.06 sys=0.01, real=0.02 secs] 
2011-02-12T00:31:45.042+0000: 794.362: [GC
Desired survivor size 34996224 bytes, new threshold 1 (max 15)
 [PSYoungGen: 2735520K->24679K(2754432K)] 3103018K->392814K(8346880K), 0.0343560 secs] [Times: user=0.23 sys=0.01, real=0.04 secs] 
2011-02-12T00:31:49.499+0000: 798.818: [GC
Desired survivor size 34340864 bytes, new threshold 1 (max 15)
 [PSYoungGen: 2754407K->13251K(2762624K)] 3122542K->382056K(8355072K), 0.0213700 secs] [Times: user=0.14 sys=0.00, real=0.02 secs] 
2011-02-12T00:31:54.279+0000: 803.599: [GC
Desired survivor size 32833536 bytes, new threshold 1 (max 15)
 [PSYoungGen: 2741699K->17891K(2761984K)] 3110504K->387263K(8354432K), 0.0267770 secs] [Times: user=0.17 sys=0.00, real=0.03 secs] 
2011-02-12T00:31:58.997+0000: 808.317: [GC
Desired survivor size 32374784 bytes, new threshold 1 (max 15)
 [PSYoungGen: 2746339K->20745K(2764544K)] 3115711K->390592K(8356992K), 0.0292230 secs] [Times: user=0.20 sys=0.00, real=0.03 secs] 
2011-02-12T00:32:03.318+0000: 812.637: [GC
Desired survivor size 33816576 bytes, new threshold 1 (max 15)
 [PSYoungGen: 2753225K->25722K(2758208K)] 3123072K->396361K(8350656K), 0.0362380 secs] [Times: user=0.22 sys=0.01, real=0.03 secs] 
2011-02-12T00:32:07.636+0000: 816.956: [GC
Desired survivor size 33816576 bytes, new threshold 1 (max 15)
 [PSYoungGen: 2758202K->10749K(2763136K)] 3128841K->381959K(8355584K), 0.0197140 secs] [Times: user=0.11 sys=0.01, real=0.02 secs] 
2011-02-12T00:32:11.870+0000: 821.190: [GC
Desired survivor size 32374784 bytes, new threshold 1 (max 15)
 [PSYoungGen: 2740861K->18432K(2763136K)] 3112071K->390322K(8355584K), 0.0268620 secs] [Times: user=0.19 sys=0.01, real=0.03 secs] 
2011-02-12T00:32:16.230+0000: 825.549: [GC
Desired survivor size 35192832 bytes, new threshold 1 (max 15)
 [PSYoungGen: 2748544K->29282K(2759040K)] 3120434K->401560K(8351488K), 0.0370010 secs] [Times: user=0.26 sys=0.01, real=0.04 secs] 
2011-02-12T00:32:20.339+0000: 829.659: [GC
Desired survivor size 35323904 bytes, new threshold 1 (max 15)
 [PSYoungGen: 2756706K->10048K(2737472K)] 3128984K->382895K(8329920K), 0.0172920 secs] [Times: user=0.11 sys=0.01, real=0.01 secs] 
2011-02-12T00:32:25.445+0000: 834.764: [GC
Desired survivor size 34799616 bytes, new threshold 1 (max 15)
 [PSYoungGen: 2737472K->11808K(2762176K)] 3110319K->385106K(8354624K), 0.0190040 secs] [Times: user=0.12 sys=0.01, real=0.02 secs] 
2011-02-12T00:32:30.143+0000: 839.463: [GC
Desired survivor size 34865152 bytes, new threshold 1 (max 15)
 [PSYoungGen: 2739488K->8064K(2761664K)] 3112786K->381836K(8354112K), 0.0153820 secs] [Times: user=0.09 sys=0.01, real=0.02 secs] 
2011-02-12T00:32:34.858+0000: 844.177: [GC
Desired survivor size 35586048 bytes, new threshold 1 (max 15)
 [PSYoungGen: 2735744K->23439K(2760704K)] 3109516K->397612K(8353152K), 0.0309200 secs] [Times: user=0.22 sys=0.01, real=0.04 secs] 
2011-02-12T00:32:39.684+0000: 849.004: [GC
Desired survivor size 33947648 bytes, new threshold 1 (max 15)
 [PSYoungGen: 2750095K->16962K(2761408K)] 3124268K->391626K(8353856K), 0.0258270 secs] [Times: user=0.14 sys=0.01, real=0.03 secs] 
2011-02-12T00:32:44.371+0000: 853.691: [GC
Desired survivor size 33030144 bytes, new threshold 1 (max 15)
 [PSYoungGen: 2743618K->13312K(2763904K)] 3118282K->388612K(8356352K), 0.0209950 secs] [Times: user=0.14 sys=0.01, real=0.02 secs] 
2011-02-12T00:32:49.318+0000: 858.638: [GC
Desired survivor size 32243712 bytes, new threshold 1 (max 15)
 [PSYoungGen: 2744064K->12702K(2763008K)] 3119364K->388710K(8355456K), 0.0212150 secs] [Times: user=0.11 sys=0.00, real=0.02 secs] 
2011-02-12T00:32:53.957+0000: 863.277: [GC
Desired survivor size 32505856 bytes, new threshold 1 (max 15)
 [PSYoungGen: 2743453K->6272K(2764160K)] 3119461K->382820K(8356608K), 0.0133420 secs] [Times: user=0.07 sys=0.01, real=0.01 secs] 
2011-02-12T00:32:58.031+0000: 867.351: [GC
Desired survivor size 32440320 bytes, new threshold 1 (max 15)
 [PSYoungGen: 2738944K->19702K(2764416K)] 3115492K->396759K(8356864K), 0.0269160 secs] [Times: user=0.19 sys=0.01, real=0.03 secs] 
2011-02-12T00:33:02.244+0000: 871.564: [GC
Desired survivor size 33423360 bytes, new threshold 1 (max 15)
 [PSYoungGen: 2752374K->22842K(2762560K)] 3129431K->401095K(8355008K), 0.0317430 secs] [Times: user=0.22 sys=0.02, real=0.03 secs] 
2011-02-12T00:33:06.153+0000: 875.472: [GC
Desired survivor size 36306944 bytes, new threshold 1 (max 15)
 [PSYoungGen: 2753722K->28582K(2759488K)] 3131975K->407411K(8351936K), 0.0402520 secs] [Times: user=0.25 sys=0.02, real=0.04 secs] 
2011-02-12T00:33:10.584+0000: 879.904: [GC
Desired survivor size 34799616 bytes, new threshold 1 (max 15)
 [PSYoungGen: 2759462K->16000K(2762176K)] 3138291K->395511K(8354624K), 0.0236140 secs] [Times: user=0.17 sys=0.00, real=0.02 secs] 
2011-02-12T00:33:14.905+0000: 884.225: [GC
Desired survivor size 35127296 bytes, new threshold 1 (max 15)
 [PSYoungGen: 2742720K->22784K(2760704K)] 3122231K->402704K(8353152K), 0.0326620 secs] [Times: user=0.20 sys=0.01, real=0.03 secs] 
2011-02-12T00:33:19.555+0000: 888.874: [GC
Desired survivor size 34013184 bytes, new threshold 1 (max 15)
 [PSYoungGen: 2749504K->14816K(2762944K)] 3129424K->395102K(8355392K), 0.0224680 secs] [Times: user=0.15 sys=0.00, real=0.02 secs] 
2011-02-12T00:33:24.108+0000: 893.428: [GC
Desired survivor size 34078720 bytes, new threshold 1 (max 15)
 [PSYoungGen: 2743456K->8631K(2761856K)] 3123742K->389282K(8354304K), 0.0167170 secs] [Times: user=0.10 sys=0.01, real=0.01 secs] 
2011-02-12T00:33:28.205+0000: 897.525: [GC
Desired survivor size 32964608 bytes, new threshold 1 (max 15)
 [PSYoungGen: 2737271K->13594K(2763968K)] 3117922K->394655K(8356416K), 0.0206890 secs] [Times: user=0.14 sys=0.00, real=0.02 secs] 
2011-02-12T00:33:33.209+0000: 902.529: [GC
Desired survivor size 31457280 bytes, new threshold 1 (max 15)
 [PSYoungGen: 2744282K->16254K(2762880K)] 3125343K->397729K(8355328K), 0.0234460 secs] [Times: user=0.16 sys=0.01, real=0.02 secs] 
2011-02-12T00:33:38.029+0000: 907.349: [GC
Desired survivor size 31457280 bytes, new threshold 1 (max 15)
 [PSYoungGen: 2746942K->20337K(2765440K)] 3128417K->402390K(8357888K), 0.0279020 secs] [Times: user=0.20 sys=0.01, real=0.03 secs] 
2011-02-12T00:33:42.453+0000: 911.773: [GC
Desired survivor size 31260672 bytes, new threshold 1 (max 15)
 [PSYoungGen: 2755057K->9728K(2765440K)] 3137110K->392712K(8357888K), 0.0168470 secs] [Times: user=0.12 sys=0.01, real=0.02 secs] 
2011-02-12T00:33:46.682+0000: 916.002: [GC
Desired survivor size 32440320 bytes, new threshold 1 (max 15)
 [PSYoungGen: 2744448K->23211K(2763328K)] 3127432K->406882K(8355776K), 0.0324680 secs] [Times: user=0.21 sys=0.01, real=0.03 secs] 
2011-02-12T00:33:51.312+0000: 920.632: [GC
Desired survivor size 31784960 bytes, new threshold 1 (max 15)
 [PSYoungGen: 2756011K->12115K(2764480K)] 3139682K->396382K(8356928K), 0.0215730 secs] [Times: user=0.11 sys=0.01, real=0.02 secs] 
2011-02-12T00:33:56.074+0000: 925.394: [GC
Desired survivor size 31719424 bytes, new threshold 1 (max 15)
 [PSYoungGen: 2744915K->8345K(2765184K)] 3129182K->393143K(8357632K), 0.0152430 secs] [Times: user=0.09 sys=0.01, real=0.02 secs] 
2011-02-12T00:34:00.697+0000: 930.016: [GC
Desired survivor size 32505856 bytes, new threshold 1 (max 15)
 [PSYoungGen: 2742489K->21801K(2755968K)] 3127287K->407233K(8348416K), 0.0289480 secs] [Times: user=0.21 sys=0.01, real=0.03 secs] 
2011-02-12T00:34:05.217+0000: 934.537: [GC
Desired survivor size 31719424 bytes, new threshold 1 (max 15)
 [PSYoungGen: 2755945K->11409K(2765184K)] 3141377K->397459K(8357632K), 0.0194640 secs] [Times: user=0.13 sys=0.01, real=0.02 secs] 
2011-02-12T00:34:09.705+0000: 939.025: [GC
Desired survivor size 33095680 bytes, new threshold 1 (max 15)
 [PSYoungGen: 2744849K->23488K(2756928K)] 3130899K->410023K(8349376K), 0.0323620 secs] [Times: user=0.23 sys=0.02, real=0.03 secs] 
2011-02-12T00:34:14.435+0000: 943.755: [GC
Desired survivor size 31981568 bytes, new threshold 1 (max 15)
 [PSYoungGen: 2756928K->17736K(2764928K)] 3143463K->404696K(8357376K), 0.0249240 secs] [Times: user=0.19 sys=0.00, real=0.02 secs] 
2011-02-12T00:34:18.823+0000: 948.142: [GC
Desired survivor size 31719424 bytes, new threshold 1 (max 15)
 [PSYoungGen: 2750344K->9580K(2763840K)] 3137304K->397012K(8356288K), 0.0187570 secs] [Times: user=0.11 sys=0.01, real=0.02 secs] 
2011-02-12T00:34:23.463+0000: 952.783: [GC
Desired survivor size 32440320 bytes, new threshold 1 (max 15)
 [PSYoungGen: 2742188K->22046K(2763776K)] 3129620K->409973K(8356224K), 0.0304420 secs] [Times: user=0.21 sys=0.02, real=0.03 secs] 
2011-02-12T00:34:28.087+0000: 957.407: [GC
Desired survivor size 33030144 bytes, new threshold 1 (max 15)
 [PSYoungGen: 2754846K->4544K(2737344K)] 3142773K->393149K(8329792K), 0.0119220 secs] [Times: user=0.06 sys=0.02, real=0.01 secs] 
2011-02-12T00:34:32.541+0000: 961.861: [GC
Desired survivor size 31588352 bytes, new threshold 1 (max 15)
 [PSYoungGen: 2737344K->13686K(2765312K)] 3125949K->402656K(8357760K), 0.0211540 secs] [Times: user=0.15 sys=0.01, real=0.02 secs] 
2011-02-12T00:34:37.372+0000: 966.692: [GC
Desired survivor size 30146560 bytes, new threshold 1 (max 15)
 [PSYoungGen: 2746742K->15564K(2763904K)] 3135712K->404912K(8356352K), 0.0272780 secs] [Times: user=0.14 sys=0.01, real=0.03 secs] 
2011-02-12T00:34:42.323+0000: 971.643: [GC
Desired survivor size 29229056 bytes, new threshold 1 (max 15)
 [PSYoungGen: 2748620K->16642K(2767616K)] 3137968K->406650K(8360064K), 0.0257710 secs] [Times: user=0.17 sys=0.03, real=0.03 secs] 
2011-02-12T00:34:46.941+0000: 976.261: [GC
Desired survivor size 28049408 bytes, new threshold 1 (max 15)
 [PSYoungGen: 2754818K->14364K(2766720K)] 3144826K->404926K(8359168K), 0.0224290 secs] [Times: user=0.15 sys=0.01, real=0.02 secs] 
2011-02-12T00:34:51.537+0000: 980.857: [GC
Desired survivor size 28377088 bytes, new threshold 1 (max 15)
 [PSYoungGen: 2752540K->6080K(2768128K)] 3143102K->397512K(8360576K), 0.0136980 secs] [Times: user=0.08 sys=0.01, real=0.01 secs] 
2011-02-12T00:34:56.449+0000: 985.768: [GC
Desired survivor size 28049408 bytes, new threshold 1 (max 15)
 [PSYoungGen: 2746816K->8448K(2768448K)] 3138248K->400320K(8360896K), 0.0158850 secs] [Times: user=0.10 sys=0.01, real=0.01 secs] 
2011-02-12T00:35:00.954+0000: 990.273: [GC
Desired survivor size 27394048 bytes, new threshold 1 (max 15)
 [PSYoungGen: 2749184K->9414K(2769408K)] 3141056K->401721K(8361856K), 0.0167850 secs] [Times: user=0.10 sys=0.01, real=0.02 secs] 
2011-02-12T00:35:04.960+0000: 994.280: [GC
Desired survivor size 26214400 bytes, new threshold 1 (max 15)
 [PSYoungGen: 2751430K->12551K(2768768K)] 3143737K->405606K(8361216K), 0.0201980 secs] [Times: user=0.13 sys=0.00, real=0.02 secs] 
2011-02-12T00:35:09.573+0000: 998.893: [GC
Desired survivor size 26345472 bytes, new threshold 1 (max 15)
 [PSYoungGen: 2754567K->5027K(2770304K)] 3147622K->398827K(8362752K), 0.0124520 secs] [Times: user=0.07 sys=0.01, real=0.01 secs] 
2011-02-12T00:35:14.118+0000: 1003.438: [GC
Desired survivor size 27459584 bytes, new threshold 1 (max 15)
 [PSYoungGen: 2749731K->18860K(2763584K)] 3143531K->413149K(8356032K), 0.0284590 secs] [Times: user=0.16 sys=0.00, real=0.03 secs] 
2011-02-12T00:35:18.792+0000: 1008.112: [GC
Desired survivor size 26607616 bytes, new threshold 1 (max 15)
 [PSYoungGen: 2763564K->14595K(2770176K)] 3157853K->409373K(8362624K), 0.0243880 secs] [Times: user=0.15 sys=0.01, real=0.02 secs] 
2011-02-12T00:35:23.621+0000: 1012.940: [GC
Desired survivor size 26214400 bytes, new threshold 1 (max 15)
 [PSYoungGen: 2757955K->15684K(2769344K)] 3152733K->410932K(8361792K), 0.0236920 secs] [Times: user=0.14 sys=0.00, real=0.02 secs] 
2011-02-12T00:35:28.103+0000: 1017.423: [GC
Desired survivor size 26411008 bytes, new threshold 1 (max 15)
 [PSYoungGen: 2759044K->5409K(2770176K)] 3154292K->401255K(8362624K), 0.0134860 secs] [Times: user=0.07 sys=0.01, real=0.01 secs] 
2011-02-12T00:35:32.905+0000: 1022.225: [GC
Desired survivor size 26017792 bytes, new threshold 1 (max 15)
 [PSYoungGen: 2749985K->15104K(2770368K)] 3145831K->411577K(8362816K), 0.0231820 secs] [Times: user=0.15 sys=0.01, real=0.02 secs] 
2011-02-12T00:35:37.291+0000: 1026.611: [GC
Desired survivor size 25034752 bytes, new threshold 1 (max 15)
 [PSYoungGen: 2759680K->10910K(2771712K)] 3156153K->407759K(8364160K), 0.0184240 secs] [Times: user=0.11 sys=0.01, real=0.02 secs] 
2011-02-12T00:35:41.832+0000: 1031.152: [GC
Desired survivor size 27262976 bytes, new threshold 1 (max 15)
 [PSYoungGen: 2757214K->21621K(2767936K)] 3154063K->420444K(8360384K), 0.0302360 secs] [Times: user=0.21 sys=0.01, real=0.03 secs] 
2011-02-12T00:35:46.481+0000: 1035.801: [GC
Desired survivor size 30605312 bytes, new threshold 1 (max 15)
 [PSYoungGen: 2767925K->26064K(2763008K)] 3166748K->425513K(8355456K), 0.0343870 secs] [Times: user=0.25 sys=0.00, real=0.04 secs] 
2011-02-12T00:35:50.668+0000: 1039.987: [GC
Desired survivor size 29949952 bytes, new threshold 1 (max 15)
 [PSYoungGen: 2762448K->9874K(2766272K)] 3161897K->409967K(8358720K), 0.0180320 secs] [Times: user=0.11 sys=0.00, real=0.02 secs] 
2011-02-12T00:35:54.908+0000: 1044.228: [GC
Desired survivor size 28508160 bytes, new threshold 1 (max 15)
 [PSYoungGen: 2746258K->14624K(2768320K)] 3146351K->415133K(8360768K), 0.0230250 secs] [Times: user=0.15 sys=0.01, real=0.02 secs] 
2011-02-12T00:35:59.278+0000: 1048.598: [GC
Desired survivor size 32112640 bytes, new threshold 1 (max 15)
 [PSYoungGen: 2753696K->27380K(2766464K)] 3154205K->428248K(8358912K), 0.0359490 secs] [Times: user=0.25 sys=0.01, real=0.04 secs] 
2011-02-12T00:36:03.421+0000: 1052.740: [GC
Desired survivor size 37289984 bytes, new threshold 1 (max 15)
 [PSYoungGen: 2766452K->29665K(2753024K)] 3167320K->434581K(8345472K), 0.0430600 secs] [Times: user=0.28 sys=0.02, real=0.04 secs] 
2011-02-12T00:36:07.732+0000: 1057.052: [GC
Desired survivor size 35389440 bytes, new threshold 1 (max 15)
 [PSYoungGen: 2752993K->17443K(2759744K)] 3157909K->423282K(8352192K), 0.0263310 secs] [Times: user=0.17 sys=0.01, real=0.03 secs] 
2011-02-12T00:36:12.196+0000: 1061.516: [GC
Desired survivor size 34078720 bytes, new threshold 1 (max 15)
 [PSYoungGen: 2740771K->14970K(2762880K)] 3146610K->421305K(8355328K), 0.0230540 secs] [Times: user=0.15 sys=0.01, real=0.02 secs] 
2011-02-12T00:36:16.955+0000: 1066.275: [GC
Desired survivor size 34799616 bytes, new threshold 1 (max 15)
 [PSYoungGen: 2743290K->3712K(2761600K)] 3149625K->410552K(8354048K), 0.0123230 secs] [Times: user=0.06 sys=0.00, real=0.02 secs] 
2011-02-12T00:36:21.335+0000: 1070.655: [GC
Desired survivor size 33488896 bytes, new threshold 1 (max 15)
 [PSYoungGen: 2732032K->17344K(2763456K)] 3138872K->424650K(8355904K), 0.0250870 secs] [Times: user=0.18 sys=0.01, real=0.03 secs] 
2011-02-12T00:36:25.950+0000: 1075.270: [GC
Desired survivor size 32178176 bytes, new threshold 1 (max 15)
 [PSYoungGen: 2746816K->13666K(2762176K)] 3154122K->421425K(8354624K), 0.0221560 secs] [Times: user=0.13 sys=0.01, real=0.02 secs] 
2011-02-12T00:36:30.429+0000: 1079.749: [GC
Desired survivor size 32309248 bytes, new threshold 1 (max 15)
 [PSYoungGen: 2743138K->20352K(2764480K)] 3150897K->428726K(8356928K), 0.0282950 secs] [Times: user=0.19 sys=0.01, real=0.02 secs] 
2011-02-12T00:36:35.295+0000: 1084.615: [GC
Desired survivor size 31129600 bytes, new threshold 1 (max 15)
 [PSYoungGen: 2753408K->14208K(2764608K)] 3161782K->423129K(8357056K), 0.0239350 secs] [Times: user=0.13 sys=0.01, real=0.03 secs] 
2011-02-12T00:36:40.084+0000: 1089.404: [GC
Desired survivor size 30474240 bytes, new threshold 1 (max 15)
 [PSYoungGen: 2747264K->11312K(2766400K)] 3156185K->420613K(8358848K), 0.0210610 secs] [Times: user=0.11 sys=0.01, real=0.02 secs] 
2011-02-12T00:36:44.769+0000: 1094.089: [GC
Desired survivor size 30801920 bytes, new threshold 1 (max 15)
 [PSYoungGen: 2747312K->5522K(2765760K)] 3156613K->415255K(8358208K), 0.0132070 secs] [Times: user=0.08 sys=0.00, real=0.01 secs] 
2011-02-12T00:36:49.181+0000: 1098.501: [GC
Desired survivor size 29556736 bytes, new threshold 1 (max 15)
 [PSYoungGen: 2741522K->15551K(2767296K)] 3151255K->425955K(8359744K), 0.0253650 secs] [Times: user=0.13 sys=0.01, real=0.02 secs] 
2011-02-12T00:36:53.964+0000: 1103.284: [GC
Desired survivor size 28573696 bytes, new threshold 1 (max 15)
 [PSYoungGen: 2752767K->12029K(2766080K)] 3163171K->422878K(8358528K), 0.0193000 secs] [Times: user=0.12 sys=0.01, real=0.02 secs] 
2011-02-12T00:36:58.538+0000: 1107.858: [GC
Desired survivor size 28704768 bytes, new threshold 1 (max 15)
 [PSYoungGen: 2749245K->5841K(2768000K)] 3160094K->417486K(8360448K), 0.0138440 secs] [Times: user=0.08 sys=0.00, real=0.02 secs] 
2011-02-12T00:37:02.725+0000: 1112.045: [GC
Desired survivor size 27394048 bytes, new threshold 1 (max 15)
 [PSYoungGen: 2745937K->12570K(2768128K)] 3157582K->424900K(8360576K), 0.0203940 secs] [Times: user=0.13 sys=0.01, real=0.02 secs] 
2011-02-12T00:37:06.358+0000: 1115.677: [GC
Desired survivor size 28180480 bytes, new threshold 1 (max 15)
 [PSYoungGen: 2752666K->19246K(2767872K)] 3164996K->432290K(8360320K), 0.0276740 secs] [Times: user=0.18 sys=0.00, real=0.03 secs] 
2011-02-12T00:37:10.396+0000: 1119.715: [GC
Desired survivor size 30867456 bytes, new threshold 1 (max 15)
 [PSYoungGen: 2760366K->24621K(2765760K)] 3173410K->439412K(8358208K), 0.0337310 secs] [Times: user=0.22 sys=0.01, real=0.03 secs] 
2011-02-12T00:37:14.836+0000: 1124.156: [GC
Desired survivor size 29884416 bytes, new threshold 1 (max 15)
 [PSYoungGen: 2765741K->11875K(2766976K)] 3180532K->427350K(8359424K), 0.0199870 secs] [Times: user=0.14 sys=0.00, real=0.02 secs] 
2011-02-12T00:37:19.037+0000: 1128.357: [GC
Desired survivor size 30146560 bytes, new threshold 1 (max 15)
 [PSYoungGen: 2748707K->19391K(2766016K)] 3164182K->435282K(8358464K), 0.0295140 secs] [Times: user=0.16 sys=0.01, real=0.03 secs] 
2011-02-12T00:37:23.245+0000: 1132.564: [GC
Desired survivor size 32440320 bytes, new threshold 1 (max 15)
 [PSYoungGen: 2756223K->25059K(2762240K)] 3172114K->441333K(8354688K), 0.0333750 secs] [Times: user=0.24 sys=0.01, real=0.03 secs] 
2011-02-12T00:37:27.736+0000: 1137.055: [GC
Desired survivor size 31391744 bytes, new threshold 1 (max 15)
 [PSYoungGen: 2757859K->13228K(2764480K)] 3174133K->430210K(8356928K), 0.0212130 secs] [Times: user=0.15 sys=0.01, real=0.02 secs] 
2011-02-12T00:37:31.999+0000: 1141.318: [GC
Desired survivor size 31129600 bytes, new threshold 1 (max 15)
 [PSYoungGen: 2746028K->19267K(2765760K)] 3163010K->436686K(8358208K), 0.0291300 secs] [Times: user=0.17 sys=0.02, real=0.03 secs] 
2011-02-12T00:37:36.603+0000: 1145.923: [GC
Desired survivor size 30408704 bytes, new threshold 1 (max 15)
 [PSYoungGen: 2754371K->11980K(2765504K)] 3171790K->429836K(8357952K), 0.0195810 secs] [Times: user=0.13 sys=0.00, real=0.02 secs] 
2011-02-12T00:37:40.993+0000: 1150.313: [GC
Desired survivor size 31719424 bytes, new threshold 1 (max 15)
 [PSYoungGen: 2747084K->22963K(2763904K)] 3164940K->441405K(8356352K), 0.0319940 secs] [Times: user=0.19 sys=0.01, real=0.03 secs] 
2011-02-12T00:37:45.186+0000: 1154.506: [GC
Desired survivor size 31784960 bytes, new threshold 1 (max 15)
 [PSYoungGen: 2757171K->7490K(2741760K)] 3175613K->426548K(8334208K), 0.0149940 secs] [Times: user=0.09 sys=0.00, real=0.02 secs] 
2011-02-12T00:37:49.989+0000: 1159.309: [GC
Desired survivor size 31850496 bytes, new threshold 1 (max 15)
 [PSYoungGen: 2741698K->6176K(2764992K)] 3160756K->425895K(8357440K), 0.0144840 secs] [Times: user=0.09 sys=0.01, real=0.01 secs] 
2011-02-12T00:37:55.149+0000: 1164.468: [GC
Desired survivor size 31195136 bytes, new threshold 1 (max 15)
 [PSYoungGen: 2740128K->17360K(2765056K)] 3159847K->437410K(8357504K), 0.0258080 secs] [Times: user=0.17 sys=0.00, real=0.02 secs] 
2011-02-12T00:37:59.891+0000: 1169.211: [GC
Desired survivor size 32243712 bytes, new threshold 1 (max 15)
 [PSYoungGen: 2751312K->21925K(2763648K)] 3171362K->442410K(8356096K), 0.0298900 secs] [Times: user=0.20 sys=0.01, real=0.03 secs] 
2011-02-12T00:38:04.402+0000: 1173.721: [GC
Desired survivor size 32571392 bytes, new threshold 1 (max 15)
 [PSYoungGen: 2755109K->20754K(2753984K)] 3175594K->442089K(8346432K), 0.0280580 secs] [Times: user=0.20 sys=0.00, real=0.03 secs] 
2011-02-12T00:38:09.157+0000: 1178.477: [GC
Desired survivor size 31260672 bytes, new threshold 1 (max 15)
 [PSYoungGen: 2753938K->14428K(2765632K)] 3175273K->436656K(8358080K), 0.0236150 secs] [Times: user=0.15 sys=0.02, real=0.03 secs] 
2011-02-12T00:38:13.911+0000: 1183.231: [GC
Desired survivor size 31129600 bytes, new threshold 1 (max 15)
 [PSYoungGen: 2748252K->8252K(2764352K)] 3170480K->430948K(8356800K), 0.0156850 secs] [Times: user=0.10 sys=0.01, real=0.01 secs] 
2011-02-12T00:38:18.815+0000: 1188.135: [GC
Desired survivor size 30670848 bytes, new threshold 1 (max 15)
 [PSYoungGen: 2742076K->8832K(2766208K)] 3164772K->432011K(8358656K), 0.0164430 secs] [Times: user=0.11 sys=0.00, real=0.02 secs] 
2011-02-12T00:38:23.581+0000: 1192.901: [GC
Desired survivor size 29818880 bytes, new threshold 1 (max 15)
 [PSYoungGen: 2744640K->16432K(2765760K)] 3167819K->440059K(8358208K), 0.0251880 secs] [Times: user=0.15 sys=0.02, real=0.03 secs] 
2011-02-12T00:38:28.178+0000: 1197.498: [GC
Desired survivor size 29163520 bytes, new threshold 1 (max 15)
 [PSYoungGen: 2752240K->10272K(2767680K)] 3175867K->434601K(8360128K), 0.0176330 secs] [Times: user=0.12 sys=0.00, real=0.02 secs] 
2011-02-12T00:38:33.123+0000: 1202.443: [GC
Desired survivor size 28180480 bytes, new threshold 1 (max 15)
 [PSYoungGen: 2748832K->11392K(2767040K)] 3173161K->436069K(8359488K), 0.0199460 secs] [Times: user=0.12 sys=0.02, real=0.02 secs] 
2011-02-12T00:38:37.887+0000: 1207.206: [GC
Desired survivor size 27525120 bytes, new threshold 1 (max 15)
 [PSYoungGen: 2749952K->9939K(2769280K)] 3174629K->435112K(8361728K), 0.0187070 secs] [Times: user=0.09 sys=0.01, real=0.02 secs] 
2011-02-12T00:38:42.685+0000: 1212.004: [GC
Desired survivor size 26214400 bytes, new threshold 1 (max 15)
 [PSYoungGen: 2751699K->13308K(2768640K)] 3176872K->438949K(8361088K), 0.0218270 secs] [Times: user=0.12 sys=0.00, real=0.02 secs] 
2011-02-12T00:38:47.401+0000: 1216.721: [GC
Desired survivor size 27328512 bytes, new threshold 1 (max 15)
 [PSYoungGen: 2755068K->19698K(2768384K)] 3180709K->445947K(8360832K), 0.0274740 secs] [Times: user=0.18 sys=0.01, real=0.03 secs] 
2011-02-12T00:38:51.551+0000: 1220.871: [GC
Desired survivor size 29163520 bytes, new threshold 1 (max 15)
 [PSYoungGen: 2762482K->22444K(2765248K)] 3188731K->449482K(8357696K), 0.0313010 secs] [Times: user=0.22 sys=0.01, real=0.03 secs] 
2011-02-12T00:38:56.331+0000: 1225.650: [GC
Desired survivor size 29687808 bytes, new threshold 1 (max 15)
 [PSYoungGen: 2765228K->19940K(2766656K)] 3192266K->447504K(8359104K), 0.0272060 secs] [Times: user=0.19 sys=0.02, real=0.03 secs] 
2011-02-12T00:39:00.784+0000: 1230.104: [GC
Desired survivor size 28901376 bytes, new threshold 1 (max 15)
 [PSYoungGen: 2758116K->12017K(2767168K)] 3185680K->440030K(8359616K), 0.0201180 secs] [Times: user=0.13 sys=0.00, real=0.02 secs] 
2011-02-12T00:39:04.879+0000: 1234.199: [GC
Desired survivor size 27918336 bytes, new threshold 1 (max 15)
 [PSYoungGen: 2750193K->16179K(2768896K)] 3178206K->444733K(8361344K), 0.0259250 secs] [Times: user=0.14 sys=0.01, real=0.02 secs] 
2011-02-12T00:39:09.559+0000: 1238.878: [GC
Desired survivor size 27000832 bytes, new threshold 1 (max 15)
 [PSYoungGen: 2756851K->13788K(2767936K)] 3185405K->442701K(8360384K), 0.0232600 secs] [Times: user=0.15 sys=0.00, real=0.02 secs] 
2011-02-12T00:39:13.891+0000: 1243.211: [GC
Desired survivor size 27918336 bytes, new threshold 1 (max 15)
 [PSYoungGen: 2754460K->20619K(2768000K)] 3183373K->449959K(8360448K), 0.0311930 secs] [Times: user=0.18 sys=0.01, real=0.03 secs] 
2011-02-12T00:39:18.532+0000: 1247.851: [GC
Desired survivor size 28180480 bytes, new threshold 1 (max 15)
 [PSYoungGen: 2762251K->19523K(2761216K)] 3191591K->449244K(8353664K), 0.0280090 secs] [Times: user=0.18 sys=0.00, real=0.03 secs] 
2011-02-12T00:39:23.137+0000: 1252.457: [GC
Desired survivor size 27590656 bytes, new threshold 1 (max 15)
 [PSYoungGen: 2761155K->12592K(2769216K)] 3190876K->442785K(8361664K), 0.0212160 secs] [Times: user=0.13 sys=0.01, real=0.03 secs] 
2011-02-12T00:39:28.058+0000: 1257.378: [GC
Desired survivor size 27262976 bytes, new threshold 1 (max 15)
 [PSYoungGen: 2754288K->11292K(2768640K)] 3184481K->441972K(8361088K), 0.0203190 secs] [Times: user=0.12 sys=0.00, real=0.02 secs] 
2011-02-12T00:39:32.516+0000: 1261.836: [GC
Desired survivor size 27656192 bytes, new threshold 1 (max 15)
 [PSYoungGen: 2752988K->6200K(2768768K)] 3183668K->437346K(8361216K), 0.0140260 secs] [Times: user=0.08 sys=0.01, real=0.02 secs] 
2011-02-12T00:39:36.862+0000: 1266.182: [GC
Desired survivor size 26607616 bytes, new threshold 1 (max 15)
 [PSYoungGen: 2748344K->14952K(2769152K)] 3179490K->446506K(8361600K), 0.0227690 secs] [Times: user=0.16 sys=0.01, real=0.02 secs] 
2011-02-12T00:39:41.834+0000: 1271.154: [GC
Desired survivor size 27721728 bytes, new threshold 1 (max 15)
 [PSYoungGen: 2757096K->20501K(2768000K)] 3188650K->452783K(8360448K), 0.0288910 secs] [Times: user=0.20 sys=0.00, real=0.03 secs] 
2011-02-12T00:39:46.613+0000: 1275.933: [GC
Desired survivor size 27000832 bytes, new threshold 1 (max 15)
 [PSYoungGen: 2762517K->16432K(2769088K)] 3194799K->449348K(8361536K), 0.0266080 secs] [Times: user=0.15 sys=0.01, real=0.02 secs] 
2011-02-12T00:39:51.464+0000: 1280.783: [GC
Desired survivor size 27590656 bytes, new threshold 1 (max 15)
 [PSYoungGen: 2758448K->19614K(2768640K)] 3191364K->453098K(8361088K), 0.0298270 secs] [Times: user=0.18 sys=0.01, real=0.03 secs] 
2011-02-12T00:39:56.290+0000: 1285.610: [GC
Desired survivor size 26476544 bytes, new threshold 1 (max 15)
 [PSYoungGen: 2761886K->15168K(2769216K)] 3195370K->449055K(8361664K), 0.0234530 secs] [Times: user=0.15 sys=0.00, real=0.03 secs] 
2011-02-12T00:40:00.641+0000: 1289.961: [GC
Desired survivor size 27000832 bytes, new threshold 1 (max 15)
 [PSYoungGen: 2757440K->6513K(2769280K)] 3191327K->440864K(8361728K), 0.0148120 secs] [Times: user=0.09 sys=0.01, real=0.02 secs] 
2011-02-12T00:40:04.650+0000: 1293.970: [GC
Desired survivor size 26607616 bytes, new threshold 1 (max 15)
 [PSYoungGen: 2749937K->9907K(2769792K)] 3184288K->444835K(8362240K), 0.0186630 secs] [Times: user=0.11 sys=0.01, real=0.02 secs] 
2011-02-12T00:40:09.172+0000: 1298.491: [GC
Desired survivor size 29032448 bytes, new threshold 1 (max 15)
 [PSYoungGen: 2753331K->23648K(2765440K)] 3188259K->459042K(8357888K), 0.0355180 secs] [Times: user=0.20 sys=0.00, real=0.04 secs] 
2011-02-12T00:40:13.566+0000: 1302.886: [GC
Desired survivor size 28049408 bytes, new threshold 1 (max 15)
 [PSYoungGen: 2763104K->12819K(2767808K)] 3198498K->448569K(8360256K), 0.0224820 secs] [Times: user=0.13 sys=0.01, real=0.02 secs] 
2011-02-12T00:40:18.433+0000: 1307.753: [GC
Desired survivor size 27787264 bytes, new threshold 1 (max 15)
 [PSYoungGen: 2752275K->9022K(2769024K)] 3188025K->445230K(8361472K), 0.0187040 secs] [Times: user=0.08 sys=0.00, real=0.02 secs] 
2011-02-12T00:40:23.199+0000: 1312.518: [GC
Desired survivor size 26673152 bytes, new threshold 1 (max 15)
 [PSYoungGen: 2750654K->13208K(2768768K)] 3186862K->449914K(8361216K), 0.0251820 secs] [Times: user=0.12 sys=0.01, real=0.02 secs] 
2011-02-12T00:40:27.838+0000: 1317.158: [GC
Desired survivor size 26411008 bytes, new threshold 1 (max 15)
 [PSYoungGen: 2754840K->8864K(2770368K)] 3191546K->446134K(8362816K), 0.0172270 secs] [Times: user=0.10 sys=0.01, real=0.01 secs] 
2011-02-12T00:40:32.862+0000: 1322.182: [GC
Desired survivor size 25886720 bytes, new threshold 1 (max 15)
 [PSYoungGen: 2753184K->9484K(2770112K)] 3190454K->447434K(8362560K), 0.0179470 secs] [Times: user=0.10 sys=0.01, real=0.02 secs] 
2011-02-12T00:40:37.646+0000: 1326.966: [GC
Desired survivor size 25427968 bytes, new threshold 1 (max 15)
 [PSYoungGen: 2753804K->8800K(2771328K)] 3191754K->447169K(8363776K), 0.0191140 secs] [Times: user=0.08 sys=0.00, real=0.02 secs] 
2011-02-12T00:40:42.561+0000: 1331.881: [GC
Desired survivor size 24772608 bytes, new threshold 1 (max 15)
 [PSYoungGen: 2754848K->9624K(2770880K)] 3193217K->448468K(8363328K), 0.0173270 secs] [Times: user=0.11 sys=0.01, real=0.02 secs] 
2011-02-12T00:40:47.008+0000: 1336.328: [GC
Desired survivor size 27590656 bytes, new threshold 1 (max 15)
 [PSYoungGen: 2755672K->23059K(2766464K)] 3194516K->462625K(8358912K), 0.0321570 secs] [Times: user=0.23 sys=0.01, real=0.04 secs] 
2011-02-12T00:40:51.772+0000: 1341.091: [GC
Desired survivor size 27459584 bytes, new threshold 1 (max 15)
 [PSYoungGen: 2765331K->16800K(2769216K)] 3204897K->457209K(8361664K), 0.0245950 secs] [Times: user=0.16 sys=0.01, real=0.02 secs] 
2011-02-12T00:40:56.313+0000: 1345.632: [GC
Desired survivor size 27131904 bytes, new threshold 1 (max 15)
 [PSYoungGen: 2759072K->8096K(2769664K)] 3199481K->448991K(8362112K), 0.0161460 secs] [Times: user=0.09 sys=0.01, real=0.01 secs] 
2011-02-12T00:41:01.267+0000: 1350.586: [GC
Desired survivor size 26279936 bytes, new threshold 1 (max 15)
 [PSYoungGen: 2750944K->10503K(2769344K)] 3191839K->451775K(8361792K), 0.0379470 secs] [Times: user=0.10 sys=0.00, real=0.04 secs] 
2011-02-12T00:41:06.332+0000: 1355.652: [GC
Desired survivor size 25231360 bytes, new threshold 1 (max 15)
 [PSYoungGen: 2753351K->11498K(2771520K)] 3194623K->453449K(8363968K), 0.0212320 secs] [Times: user=0.13 sys=0.01, real=0.02 secs] 
2011-02-12T00:41:10.805+0000: 1360.125: [GC
Desired survivor size 28114944 bytes, new threshold 1 (max 15)
 [PSYoungGen: 2757354K->23560K(2769472K)] 3199305K->465999K(8361920K), 0.0318760 secs] [Times: user=0.22 sys=0.02, real=0.03 secs] 
2011-02-12T00:41:15.889+0000: 1365.208: [GC
Desired survivor size 28311552 bytes, new threshold 1 (max 15)
 [PSYoungGen: 2769416K->4832K(2767552K)] 3211855K->447750K(8360000K), 0.0133520 secs] [Times: user=0.06 sys=0.00, real=0.01 secs] 
2011-02-12T00:41:20.940+0000: 1370.260: [GC
Desired survivor size 27983872 bytes, new threshold 1 (max 15)
 [PSYoungGen: 2745696K->16159K(2768512K)] 3188614K->459568K(8360960K), 0.0290450 secs] [Times: user=0.13 sys=0.01, real=0.03 secs] 
2011-02-12T00:41:25.967+0000: 1375.286: [GC
Desired survivor size 29818880 bytes, new threshold 1 (max 15)
 [PSYoungGen: 2757023K->21969K(2765248K)] 3200432K->465802K(8357696K), 0.0321240 secs] [Times: user=0.20 sys=0.01, real=0.03 secs] 
2011-02-12T00:41:30.929+0000: 1380.249: [GC
Desired survivor size 31064064 bytes, new threshold 1 (max 15)
 [PSYoungGen: 2759889K->21536K(2759488K)] 3203722K->465692K(8351936K), 0.0301160 secs] [Times: user=0.20 sys=0.01, real=0.03 secs] 
2011-02-12T00:41:35.894+0000: 1385.214: [GC
Desired survivor size 31129600 bytes, new threshold 1 (max 15)
 [PSYoungGen: 2759456K->5475K(2765696K)] 3203612K->450052K(8358144K), 0.0137510 secs] [Times: user=0.08 sys=0.00, real=0.02 secs] 
2011-02-12T00:41:40.943+0000: 1390.263: [GC
Desired survivor size 30146560 bytes, new threshold 1 (max 15)
 [PSYoungGen: 2740835K->10224K(2765760K)] 3185412K->455216K(8358208K), 0.0179860 secs] [Times: user=0.12 sys=0.01, real=0.02 secs] 
2011-02-12T00:41:45.933+0000: 1395.253: [GC
Desired survivor size 29097984 bytes, new threshold 1 (max 15)
 [PSYoungGen: 2745584K->10448K(2767744K)] 3190576K->455934K(8360192K), 0.0186430 secs] [Times: user=0.12 sys=0.02, real=0.02 secs] 
2011-02-12T00:41:50.951+0000: 1400.271: [GC
Desired survivor size 27721728 bytes, new threshold 1 (max 15)
 [PSYoungGen: 2748752K->12022K(2766720K)] 3194238K->458141K(8359168K), 0.0217170 secs] [Times: user=0.11 sys=0.00, real=0.02 secs] 
2011-02-12T00:41:55.816+0000: 1405.136: [GC
Desired survivor size 27197440 bytes, new threshold 1 (max 15)
 [PSYoungGen: 2750326K->8320K(2769600K)] 3196445K->454905K(8362048K), 0.0172050 secs] [Times: user=0.10 sys=0.01, real=0.02 secs] 
2011-02-12T00:42:00.764+0000: 1410.084: [GC
Desired survivor size 25952256 bytes, new threshold 1 (max 15)
 [PSYoungGen: 2750848K->11512K(2769088K)] 3197433K->458474K(8361536K), 0.0206290 secs] [Times: user=0.11 sys=0.01, real=0.02 secs] 
2011-02-12T00:42:05.480+0000: 1414.799: [GC
Desired survivor size 25296896 bytes, new threshold 1 (max 15)
 [PSYoungGen: 2754040K->8691K(2771456K)] 3201002K->456358K(8363904K), 0.0164910 secs] [Times: user=0.10 sys=0.01, real=0.01 secs] 
2011-02-12T00:42:10.349+0000: 1419.669: [GC
Desired survivor size 25296896 bytes, new threshold 1 (max 15)
 [PSYoungGen: 2754803K->5046K(2770816K)] 3202470K->453292K(8363264K), 0.0136420 secs] [Times: user=0.07 sys=0.01, real=0.02 secs] 
2011-02-12T00:42:15.294+0000: 1424.613: [GC
Desired survivor size 23986176 bytes, new threshold 1 (max 15)
 [PSYoungGen: 2751158K->11264K(2772736K)] 3199404K->459944K(8365184K), 0.0189480 secs] [Times: user=0.12 sys=0.01, real=0.02 secs] 
2011-02-12T00:42:20.319+0000: 1429.639: [GC
Desired survivor size 24313856 bytes, new threshold 1 (max 15)
 [PSYoungGen: 2759296K->15518K(2771456K)] 3207976K->464697K(8363904K), 0.0239650 secs] [Times: user=0.15 sys=0.01, real=0.03 secs] 
2011-02-12T00:42:25.257+0000: 1434.577: [GC
Desired survivor size 23789568 bytes, new threshold 1 (max 15)
 [PSYoungGen: 2763550K->13711K(2772928K)] 3212729K->463350K(8365376K), 0.0223330 secs] [Times: user=0.16 sys=0.00, real=0.02 secs] 
2011-02-12T00:42:30.102+0000: 1439.422: [GC
Desired survivor size 23396352 bytes, new threshold 1 (max 15)
 [PSYoungGen: 2762895K->7555K(2772416K)] 3212534K->457724K(8364864K), 0.0150220 secs] [Times: user=0.09 sys=0.01, real=0.01 secs] 
2011-02-12T00:42:35.146+0000: 1444.466: [GC
Desired survivor size 22937600 bytes, new threshold 1 (max 15)
 [PSYoungGen: 2756739K->7664K(2773760K)] 3206908K->458306K(8366208K), 0.0161030 secs] [Times: user=0.10 sys=0.01, real=0.02 secs] 
2011-02-12T00:42:40.594+0000: 1449.914: [GC
Desired survivor size 24313856 bytes, new threshold 1 (max 15)
 [PSYoungGen: 2758576K->17776K(2768704K)] 3209218K->468963K(8361152K), 0.0258710 secs] [Times: user=0.18 sys=0.01, real=0.02 secs] 
2011-02-12T00:42:45.643+0000: 1454.963: [GC
Desired survivor size 26345472 bytes, new threshold 1 (max 15)
 [PSYoungGen: 2768688K->20381K(2768448K)] 3219875K->472033K(8360896K), 0.0291030 secs] [Times: user=0.20 sys=0.02, real=0.03 secs] 
2011-02-12T00:42:50.686+0000: 1460.006: [GC
Desired survivor size 26214400 bytes, new threshold 1 (max 15)
 [PSYoungGen: 2765085K->5576K(2770432K)] 3216737K->458271K(8362880K), 0.0163520 secs] [Times: user=0.07 sys=0.00, real=0.01 secs] 
2011-02-12T00:42:55.651+0000: 1464.970: [GC
Desired survivor size 25427968 bytes, new threshold 1 (max 15)
 [PSYoungGen: 2750280K->8610K(2771328K)] 3202975K->461784K(8363776K), 0.0179610 secs] [Times: user=0.11 sys=0.02, real=0.02 secs] 
2011-02-12T00:43:00.698+0000: 1470.017: [GC
Desired survivor size 24182784 bytes, new threshold 1 (max 15)
 [PSYoungGen: 2754338K->10931K(2770560K)] 3207512K->464601K(8363008K), 0.0196750 secs] [Times: user=0.12 sys=0.01, real=0.02 secs] 
2011-02-12T00:43:05.469+0000: 1474.789: [GC
Desired survivor size 23265280 bytes, new threshold 1 (max 15)
 [PSYoungGen: 2756659K->9767K(2773440K)] 3210329K->464036K(8365888K), 0.0182840 secs] [Times: user=0.11 sys=0.02, real=0.02 secs] 
2011-02-12T00:43:10.733+0000: 1480.052: [GC
Desired survivor size 23396352 bytes, new threshold 1 (max 15)
 [PSYoungGen: 2759591K->14752K(2772544K)] 3213860K->469540K(8364992K), 0.0240190 secs] [Times: user=0.15 sys=0.01, real=0.03 secs] 
2011-02-12T00:43:15.844+0000: 1485.163: [GC
Desired survivor size 24969216 bytes, new threshold 1 (max 15)
 [PSYoungGen: 2764576K->18913K(2770240K)] 3219364K->474161K(8362688K), 0.0277230 secs] [Times: user=0.15 sys=0.01, real=0.03 secs] 
2011-02-12T00:43:20.970+0000: 1490.290: [GC
Desired survivor size 27656192 bytes, new threshold 1 (max 15)
 [PSYoungGen: 2766305K->22672K(2770112K)] 3221553K->478593K(8362560K), 0.0297430 secs] [Times: user=0.20 sys=0.01, real=0.03 secs] 
2011-02-12T00:43:26.250+0000: 1495.570: [GC
Desired survivor size 26804224 bytes, new threshold 1 (max 15)
 [PSYoungGen: 2770064K->10269K(2769856K)] 3225985K->466953K(8362304K), 0.0182400 secs] [Times: user=0.12 sys=0.01, real=0.02 secs] 
2011-02-12T00:43:31.157+0000: 1500.477: [GC
Desired survivor size 26476544 bytes, new threshold 1 (max 15)
 [PSYoungGen: 2754077K->7288K(2769984K)] 3210761K->464514K(8362432K), 0.0153110 secs] [Times: user=0.09 sys=0.01, real=0.02 secs] 
2011-02-12T00:43:36.495+0000: 1505.814: [GC
Desired survivor size 25427968 bytes, new threshold 1 (max 15)
 [PSYoungGen: 2751096K->13231K(2771328K)] 3208322K->470960K(8363776K), 0.0208850 secs] [Times: user=0.14 sys=0.02, real=0.02 secs] 
2011-02-12T00:43:41.870+0000: 1511.189: [GC
Desired survivor size 25165824 bytes, new threshold 1 (max 15)
 [PSYoungGen: 2758703K->6645K(2770304K)] 3216432K->464996K(8362752K), 0.0145210 secs] [Times: user=0.08 sys=0.00, real=0.02 secs] 
2011-02-12T00:43:46.380+0000: 1515.700: [GC
Desired survivor size 26083328 bytes, new threshold 1 (max 15)
 [PSYoungGen: 2752117K->17786K(2769792K)] 3210468K->476951K(8362240K), 0.0259900 secs] [Times: user=0.18 sys=0.02, real=0.03 secs] 
2011-02-12T00:43:51.256+0000: 1520.575: [GC
Desired survivor size 26214400 bytes, new threshold 1 (max 15)
 [PSYoungGen: 2763002K->16392K(2761664K)] 3222167K->476424K(8354112K), 0.0271770 secs] [Times: user=0.15 sys=0.01, real=0.03 secs] 
2011-02-12T00:43:56.121+0000: 1525.441: [GC
Desired survivor size 25362432 bytes, new threshold 1 (max 15)
 [PSYoungGen: 2761608K->14127K(2771392K)] 3221640K->474761K(8363840K), 0.0223810 secs] [Times: user=0.14 sys=0.01, real=0.03 secs] 
2011-02-12T00:44:01.191+0000: 1530.511: [GC
Desired survivor size 25427968 bytes, new threshold 1 (max 15)
 [PSYoungGen: 2759919K->16470K(2770560K)] 3220553K->477709K(8363008K), 0.0272220 secs] [Times: user=0.16 sys=0.01, real=0.03 secs] 
2011-02-12T00:44:05.721+0000: 1535.041: [GC
Desired survivor size 24641536 bytes, new threshold 1 (max 15)
 [PSYoungGen: 2762262K->11448K(2772096K)] 3223501K->473456K(8364544K), 0.0203900 secs] [Times: user=0.14 sys=0.01, real=0.02 secs] 
2011-02-12T00:44:09.941+0000: 1539.260: [GC
Desired survivor size 26738688 bytes, new threshold 1 (max 15)
 [PSYoungGen: 2758712K->21821K(2769088K)] 3220720K->484410K(8361536K), 0.0298320 secs] [Times: user=0.22 sys=0.01, real=0.03 secs] 
2011-02-12T00:44:14.716+0000: 1544.036: [GC
Desired survivor size 26017792 bytes, new threshold 1 (max 15)
 [PSYoungGen: 2769085K->11240K(2770752K)] 3231674K->474401K(8363200K), 0.0201510 secs] [Times: user=0.11 sys=0.01, real=0.02 secs] 
2011-02-12T00:44:19.686+0000: 1549.006: [GC
Desired survivor size 24969216 bytes, new threshold 1 (max 15)
 [PSYoungGen: 2755880K->14144K(2770048K)] 3219041K->478057K(8362496K), 0.0226100 secs] [Times: user=0.14 sys=0.02, real=0.02 secs] 
2011-02-12T00:44:24.255+0000: 1553.574: [GC
Desired survivor size 24969216 bytes, new threshold 1 (max 15)
 [PSYoungGen: 2758784K->7746K(2771776K)] 3222697K->472128K(8364224K), 0.0153440 secs] [Times: user=0.10 sys=0.01, real=0.02 secs] 
2011-02-12T00:44:28.598+0000: 1557.918: [GC
Desired survivor size 25755648 bytes, new threshold 1 (max 15)
 [PSYoungGen: 2755138K->18334K(2765760K)] 3219520K->483220K(8358208K), 0.0263560 secs] [Times: user=0.18 sys=0.00, real=0.02 secs] 
2011-02-12T00:44:33.020+0000: 1562.340: [GC
Desired survivor size 25886720 bytes, new threshold 1 (max 15)
 [PSYoungGen: 2765726K->6181K(2770752K)] 3230612K->471833K(8363200K), 0.0139060 secs] [Times: user=0.08 sys=0.02, real=0.01 secs] 
2011-02-12T00:44:37.608+0000: 1566.928: [GC
Desired survivor size 28246016 bytes, new threshold 1 (max 15)
 [PSYoungGen: 2751781K->22528K(2768128K)] 3217433K->488895K(8360576K), 0.0317630 secs] [Times: user=0.21 sys=0.01, real=0.03 secs] 
2011-02-12T00:44:42.370+0000: 1571.690: [GC
Desired survivor size 28704768 bytes, new threshold 1 (max 15)
 [PSYoungGen: 2768128K->18808K(2767680K)] 3234495K->485690K(8360128K), 0.0268780 secs] [Times: user=0.19 sys=0.01, real=0.02 secs] 
2011-02-12T00:44:46.874+0000: 1576.193: [GC
Desired survivor size 27852800 bytes, new threshold 1 (max 15)
 [PSYoungGen: 2758904K->11216K(2768128K)] 3225786K->478852K(8360576K), 0.0205030 secs] [Times: user=0.12 sys=0.02, real=0.02 secs] 
2011-02-12T00:44:51.967+0000: 1581.287: [GC
Desired survivor size 26673152 bytes, new threshold 1 (max 15)
 [PSYoungGen: 2751312K->13280K(2770112K)] 3218948K->481568K(8362560K), 0.0216850 secs] [Times: user=0.14 sys=0.01, real=0.03 secs] 
2011-02-12T00:44:56.959+0000: 1586.279: [GC
Desired survivor size 26279936 bytes, new threshold 1 (max 15)
 [PSYoungGen: 2756192K->16111K(2768960K)] 3224480K->484838K(8361408K), 0.0243720 secs] [Times: user=0.17 sys=0.00, real=0.03 secs] 
2011-02-12T00:45:01.951+0000: 1591.271: [GC
Desired survivor size 26017792 bytes, new threshold 1 (max 15)
 [PSYoungGen: 2759023K->16663K(2770752K)] 3227750K->485912K(8363200K), 0.0269620 secs] [Times: user=0.18 sys=0.02, real=0.02 secs] 
2011-02-12T00:45:06.254+0000: 1595.574: [GC
Desired survivor size 28966912 bytes, new threshold 1 (max 15)
 [PSYoungGen: 2761751K->25244K(2770368K)] 3231004K->495241K(8362816K), 0.0337370 secs] [Times: user=0.23 sys=0.02, real=0.03 secs] 
2011-02-12T00:45:10.444+0000: 1599.763: [GC
Desired survivor size 28049408 bytes, new threshold 1 (max 15)
 [PSYoungGen: 2770332K->13292K(2767168K)] 3240329K->483749K(8359616K), 0.0215730 secs] [Times: user=0.14 sys=0.01, real=0.02 secs] 
2011-02-12T00:45:14.887+0000: 1604.207: [GC
Desired survivor size 28442624 bytes, new threshold 1 (max 15)
 [PSYoungGen: 2754668K->19584K(2760960K)] 3225125K->490749K(8353408K), 0.0310960 secs] [Times: user=0.18 sys=0.01, real=0.03 secs] 
2011-02-12T00:45:19.674+0000: 1608.994: [GC
Desired survivor size 29753344 bytes, new threshold 1 (max 15)
 [PSYoungGen: 2760960K->22496K(2765824K)] 3232125K->494101K(8358272K), 0.0314670 secs] [Times: user=0.22 sys=0.00, real=0.03 secs] 
2011-02-12T00:45:24.522+0000: 1613.842: [GC
Desired survivor size 30212096 bytes, new threshold 1 (max 15)
 [PSYoungGen: 2760544K->20963K(2759040K)] 3232149K->493108K(8351488K), 0.0321450 secs] [Times: user=0.18 sys=0.01, real=0.04 secs] 
2011-02-12T00:45:29.413+0000: 1618.733: [GC
Desired survivor size 29818880 bytes, new threshold 1 (max 15)
 [PSYoungGen: 2759011K->19354K(2767040K)] 3231156K->491919K(8359488K), 0.0285470 secs] [Times: user=0.20 sys=0.01, real=0.03 secs] 
2011-02-12T00:45:34.408+0000: 1623.727: [GC
Desired survivor size 29425664 bytes, new threshold 1 (max 15)
 [PSYoungGen: 2756890K->19338K(2766656K)] 3229455K->492270K(8359104K), 0.0275850 secs] [Times: user=0.20 sys=0.01, real=0.03 secs] 
2011-02-12T00:45:39.731+0000: 1629.050: [GC
Desired survivor size 29818880 bytes, new threshold 1 (max 15)
 [PSYoungGen: 2756874K->8722K(2766656K)] 3229806K->482253K(8359104K), 0.0161960 secs] [Times: user=0.11 sys=0.01, real=0.02 secs] 
2011-02-12T00:45:43.985+0000: 1633.305: [GC
Desired survivor size 29491200 bytes, new threshold 1 (max 15)
 [PSYoungGen: 2746642K->19132K(2767040K)] 3220173K->493151K(8359488K), 0.0280370 secs] [Times: user=0.15 sys=0.00, real=0.03 secs] 
2011-02-12T00:45:48.169+0000: 1637.489: [GC
Desired survivor size 30081024 bytes, new threshold 1 (max 15)
 [PSYoungGen: 2757052K->21529K(2766208K)] 3231071K->497142K(8358656K), 0.0321100 secs] [Times: user=0.20 sys=0.01, real=0.03 secs] 
2011-02-12T00:45:53.094+0000: 1642.413: [GC
Desired survivor size 30081024 bytes, new threshold 1 (max 15)
 [PSYoungGen: 2758937K->10264K(2766784K)] 3234550K->486716K(8359232K), 0.0189330 secs] [Times: user=0.11 sys=0.01, real=0.02 secs] 
2011-02-12T00:45:58.336+0000: 1647.655: [GC
Desired survivor size 29163520 bytes, new threshold 1 (max 15)
 [PSYoungGen: 2747672K->14272K(2767680K)] 3224124K->491340K(8360128K), 0.0224760 secs] [Times: user=0.16 sys=0.01, real=0.03 secs] 
2011-02-12T00:46:03.269+0000: 1652.589: [GC
Desired survivor size 28901376 bytes, new threshold 1 (max 15)
 [PSYoungGen: 2752576K->19012K(2766784K)] 3229644K->496536K(8359232K), 0.0282840 secs] [Times: user=0.19 sys=0.02, real=0.03 secs] 
2011-02-12T00:46:08.137+0000: 1657.456: [GC
Desired survivor size 28114944 bytes, new threshold 1 (max 15)
 [PSYoungGen: 2757316K->17664K(2768704K)] 3234840K->495908K(8361152K), 0.0290140 secs] [Times: user=0.16 sys=0.01, real=0.03 secs] 
2011-02-12T00:46:13.081+0000: 1662.400: [GC
Desired survivor size 27394048 bytes, new threshold 1 (max 15)
 [PSYoungGen: 2758144K->14656K(2767936K)] 3236388K->493342K(8360384K), 0.0231160 secs] [Times: user=0.13 sys=0.01, real=0.02 secs] 
2011-02-12T00:46:17.880+0000: 1667.200: [GC
Desired survivor size 26673152 bytes, new threshold 1 (max 15)
 [PSYoungGen: 2755136K->14755K(2770112K)] 3233822K->493962K(8362560K), 0.0236900 secs] [Times: user=0.14 sys=0.01, real=0.02 secs] 
2011-02-12T00:46:22.853+0000: 1672.173: [GC
Desired survivor size 25755648 bytes, new threshold 1 (max 15)
 [PSYoungGen: 2758115K->16652K(2769408K)] 3237322K->496723K(8361856K), 0.0255900 secs] [Times: user=0.17 sys=0.01, real=0.02 secs] 
2011-02-12T00:46:27.638+0000: 1676.958: [GC
Desired survivor size 24903680 bytes, new threshold 1 (max 15)
 [PSYoungGen: 2760012K->16448K(2771840K)] 3240083K->497043K(8364288K), 0.0245940 secs] [Times: user=0.17 sys=0.02, real=0.03 secs] 
2011-02-12T00:46:32.479+0000: 1681.799: [GC
Desired survivor size 24707072 bytes, new threshold 1 (max 15)
 [PSYoungGen: 2763136K->12892K(2771008K)] 3243731K->493960K(8363456K), 0.0218760 secs] [Times: user=0.13 sys=0.01, real=0.02 secs] 
2011-02-12T00:46:37.444+0000: 1686.764: [GC
Desired survivor size 24248320 bytes, new threshold 1 (max 15)
 [PSYoungGen: 2759580K->14048K(2772480K)] 3240648K->495715K(8364928K), 0.0223110 secs] [Times: user=0.15 sys=0.01, real=0.02 secs] 
2011-02-12T00:46:42.570+0000: 1691.890: [GC
Desired survivor size 23855104 bytes, new threshold 1 (max 15)
 [PSYoungGen: 2762400K->16992K(2772032K)] 3244067K->499034K(8364480K), 0.0261820 secs] [Times: user=0.17 sys=0.01, real=0.03 secs] 
2011-02-12T00:46:47.433+0000: 1696.753: [GC
Desired survivor size 23592960 bytes, new threshold 1 (max 15)
 [PSYoungGen: 2765344K->13160K(2773120K)] 3247386K->495761K(8365568K), 0.0216720 secs] [Times: user=0.13 sys=0.01, real=0.03 secs] 
2011-02-12T00:46:52.561+0000: 1701.881: [GC
Desired survivor size 23003136 bytes, new threshold 1 (max 15)
 [PSYoungGen: 2762984K->16039K(2772864K)] 3245585K->499296K(8365312K), 0.0242940 secs] [Times: user=0.17 sys=0.00, real=0.03 secs] 
2011-02-12T00:46:57.226+0000: 1706.545: [GC
Desired survivor size 23134208 bytes, new threshold 1 (max 15)
 [PSYoungGen: 2765863K->11061K(2773440K)] 3249120K->494886K(8365888K), 0.0195740 secs] [Times: user=0.11 sys=0.00, real=0.02 secs] 
2011-02-12T00:47:01.947+0000: 1711.267: [GC
Desired survivor size 23199744 bytes, new threshold 1 (max 15)
 [PSYoungGen: 2762037K->10515K(2761536K)] 3245862K->495347K(8353984K), 0.0339700 secs] [Times: user=0.10 sys=0.01, real=0.03 secs] 
2011-02-12T00:47:06.434+0000: 1715.754: [GC
Desired survivor size 24248320 bytes, new threshold 1 (max 15)
 [PSYoungGen: 2761491K->19703K(2771456K)] 3246323K->505107K(8363904K), 0.0300210 secs] [Times: user=0.21 sys=0.01, real=0.03 secs] 
2011-02-12T00:47:11.642+0000: 1720.962: [GC
Desired survivor size 25231360 bytes, new threshold 1 (max 15)
 [PSYoungGen: 2768503K->4773K(2753600K)] 3253907K->490662K(8346048K), 0.0147870 secs] [Times: user=0.06 sys=0.01, real=0.02 secs] 
2011-02-12T00:47:16.975+0000: 1726.295: [GC
Desired survivor size 24510464 bytes, new threshold 1 (max 15)
 [PSYoungGen: 2753573K->12000K(2772224K)] 3239462K->498476K(8364672K), 0.0204630 secs] [Times: user=0.14 sys=0.01, real=0.02 secs] 
2011-02-12T00:47:22.382+0000: 1731.702: [GC
Desired survivor size 24707072 bytes, new threshold 1 (max 15)
 [PSYoungGen: 2759584K->7125K(2771520K)] 3246060K->494057K(8363968K), 0.0152200 secs] [Times: user=0.09 sys=0.01, real=0.02 secs] 
2011-02-12T00:47:27.746+0000: 1737.066: [GC
Desired survivor size 24117248 bytes, new threshold 1 (max 15)
 [PSYoungGen: 2754709K->14633K(2772608K)] 3241641K->502026K(8365056K), 0.0238360 secs] [Times: user=0.16 sys=0.01, real=0.03 secs] 
2011-02-12T00:47:32.621+0000: 1741.940: [GC
Desired survivor size 23986176 bytes, new threshold 1 (max 15)
 [PSYoungGen: 2763113K->15768K(2772032K)] 3250506K->503842K(8364480K), 0.0237080 secs] [Times: user=0.16 sys=0.01, real=0.02 secs] 
2011-02-12T00:47:37.719+0000: 1747.039: [GC
Desired survivor size 25624576 bytes, new threshold 1 (max 15)
 [PSYoungGen: 2764248K->20615K(2769536K)] 3252322K->509422K(8361984K), 0.0291300 secs] [Times: user=0.20 sys=0.01, real=0.03 secs] 
2011-02-12T00:47:42.250+0000: 1751.569: [GC
Desired survivor size 25231360 bytes, new threshold 1 (max 15)
 [PSYoungGen: 2766727K->10309K(2771136K)] 3255534K->499600K(8363584K), 0.0192430 secs] [Times: user=0.11 sys=0.02, real=0.01 secs] 
2011-02-12T00:47:47.153+0000: 1756.472: [GC
Desired survivor size 24772608 bytes, new threshold 1 (max 15)
 [PSYoungGen: 2756421K->10382K(2771968K)] 3245712K->500375K(8364416K), 0.0185280 secs] [Times: user=0.11 sys=0.01, real=0.02 secs] 
2011-02-12T00:47:51.991+0000: 1761.311: [GC
Desired survivor size 24838144 bytes, new threshold 1 (max 15)
 [PSYoungGen: 2757710K->6816K(2771520K)] 3247703K->497691K(8363968K), 0.0159960 secs] [Times: user=0.08 sys=0.01, real=0.02 secs] 
2011-02-12T00:47:57.026+0000: 1766.345: [GC
Desired survivor size 24117248 bytes, new threshold 1 (max 15)
 [PSYoungGen: 2754144K->10316K(2772608K)] 3245019K->501528K(8365056K), 0.0181430 secs] [Times: user=0.12 sys=0.01, real=0.02 secs] 
2011-02-12T00:48:01.999+0000: 1771.319: [GC
Desired survivor size 23330816 bytes, new threshold 1 (max 15)
 [PSYoungGen: 2758668K->10835K(2771904K)] 3249880K->502712K(8364352K), 0.0542830 secs] [Times: user=0.11 sys=0.01, real=0.06 secs] 
2011-02-12T00:48:06.350+0000: 1775.669: [GC
Desired survivor size 26804224 bytes, new threshold 1 (max 15)
 [PSYoungGen: 2759187K->22772K(2766592K)] 3251064K->516187K(8359040K), 0.0332250 secs] [Times: user=0.23 sys=0.01, real=0.04 secs] 
2011-02-12T00:48:10.993+0000: 1780.313: [GC
Desired survivor size 26869760 bytes, new threshold 1 (max 15)
 [PSYoungGen: 2766580K->17340K(2761152K)] 3259995K->511336K(8353600K), 0.0264320 secs] [Times: user=0.17 sys=0.01, real=0.03 secs] 
2011-02-12T00:48:15.924+0000: 1785.244: [GC
Desired survivor size 28114944 bytes, new threshold 1 (max 15)
 [PSYoungGen: 2761148K->20558K(2767488K)] 3255144K->515018K(8359936K), 0.0292550 secs] [Times: user=0.20 sys=0.02, real=0.03 secs] 
2011-02-12T00:48:20.339+0000: 1789.658: [GC
Desired survivor size 27918336 bytes, new threshold 1 (max 15)
 [PSYoungGen: 2761806K->8193K(2768704K)] 3256266K->503408K(8361152K), 0.0164560 secs] [Times: user=0.10 sys=0.00, real=0.02 secs] 
2011-02-12T00:48:25.016+0000: 1794.336: [GC
Desired survivor size 29687808 bytes, new threshold 1 (max 15)
 [PSYoungGen: 2749441K->22179K(2765440K)] 3244656K->518031K(8357888K), 0.0318570 secs] [Times: user=0.23 sys=0.01, real=0.03 secs] 
2011-02-12T00:48:29.518+0000: 1798.837: [GC
Desired survivor size 29360128 bytes, new threshold 1 (max 15)
 [PSYoungGen: 2760355K->17756K(2767168K)] 3256207K->514132K(8359616K), 0.0268650 secs] [Times: user=0.17 sys=0.00, real=0.02 secs] 
2011-02-12T00:48:34.481+0000: 1803.801: [GC
Desired survivor size 29097984 bytes, new threshold 1 (max 15)
 [PSYoungGen: 2755932K->8616K(2767744K)] 3252308K->505408K(8360192K), 0.0163690 secs] [Times: user=0.09 sys=0.01, real=0.02 secs] 
2011-02-12T00:48:38.956+0000: 1808.276: [GC
Desired survivor size 28704768 bytes, new threshold 1 (max 15)
 [PSYoungGen: 2747688K->17216K(2767488K)] 3244480K->514484K(8359936K), 0.0257540 secs] [Times: user=0.17 sys=0.00, real=0.03 secs] 
2011-02-12T00:48:44.264+0000: 1813.583: [GC
Desired survivor size 28966912 bytes, new threshold 1 (max 15)
 [PSYoungGen: 2756288K->5616K(2767616K)] 3253556K->503288K(8360064K), 0.0141330 secs] [Times: user=0.08 sys=0.00, real=0.02 secs] 
2011-02-12T00:48:49.378+0000: 1818.698: [GC
Desired survivor size 28442624 bytes, new threshold 1 (max 15)
 [PSYoungGen: 2745200K->8368K(2767872K)] 3242872K->506620K(8360320K), 0.0174320 secs] [Times: user=0.10 sys=0.01, real=0.01 secs] 
2011-02-12T00:48:54.344+0000: 1823.664: [GC
Desired survivor size 27525120 bytes, new threshold 1 (max 15)
 [PSYoungGen: 2747952K->10080K(2769280K)] 3246204K->508972K(8361728K), 0.0182980 secs] [Times: user=0.12 sys=0.01, real=0.02 secs] 
2011-02-12T00:48:59.081+0000: 1828.401: [GC
Desired survivor size 27656192 bytes, new threshold 1 (max 15)
 [PSYoungGen: 2751584K->4016K(2768384K)] 3250476K->503296K(8360832K), 0.0150100 secs] [Times: user=0.05 sys=0.01, real=0.01 secs] 
2011-02-12T00:49:03.547+0000: 1832.867: [GC
Desired survivor size 28311552 bytes, new threshold 1 (max 15)
 [PSYoungGen: 2745520K->17846K(2767872K)] 3244800K->517590K(8360320K), 0.0267130 secs] [Times: user=0.18 sys=0.02, real=0.03 secs] 
2011-02-12T00:49:08.333+0000: 1837.653: [GC
Desired survivor size 26869760 bytes, new threshold 1 (max 15)
 [PSYoungGen: 2758710K->12291K(2768512K)] 3258454K->512775K(8360960K), 0.0207020 secs] [Times: user=0.14 sys=0.01, real=0.02 secs] 
2011-02-12T00:49:13.829+0000: 1843.149: [GC
Desired survivor size 28114944 bytes, new threshold 1 (max 15)
 [PSYoungGen: 2753155K->19692K(2767488K)] 3253639K->520647K(8359936K), 0.0281900 secs] [Times: user=0.19 sys=0.01, real=0.03 secs] 
2011-02-12T00:49:19.530+0000: 1848.850: [GC
Desired survivor size 27918336 bytes, new threshold 1 (max 15)
 [PSYoungGen: 2760940K->16508K(2768704K)] 3261895K->518028K(8361152K), 0.0246950 secs] [Times: user=0.18 sys=0.01, real=0.03 secs] 
2011-02-12T00:49:24.905+0000: 1854.225: [GC
Desired survivor size 26607616 bytes, new threshold 1 (max 15)
 [PSYoungGen: 2757756K->12924K(2770176K)] 3259276K->514987K(8362624K), 0.0216360 secs] [Times: user=0.14 sys=0.01, real=0.02 secs] 
2011-02-12T00:49:30.202+0000: 1859.522: [GC
Desired survivor size 27590656 bytes, new threshold 1 (max 15)
 [PSYoungGen: 2755836K->19500K(2768896K)] 3257899K->522166K(8361344K), 0.0282380 secs] [Times: user=0.20 sys=0.01, real=0.03 secs] 
2011-02-12T00:49:34.848+0000: 1864.168: [GC
Desired survivor size 27262976 bytes, new threshold 1 (max 15)
 [PSYoungGen: 2762412K->16757K(2769536K)] 3265078K->519988K(8361984K), 0.0254550 secs] [Times: user=0.17 sys=0.01, real=0.03 secs] 
2011-02-12T00:49:39.914+0000: 1869.233: [GC
Desired survivor size 26869760 bytes, new threshold 1 (max 15)
 [PSYoungGen: 2759349K->16572K(2769216K)] 3262580K->520527K(8361664K), 0.0253680 secs] [Times: user=0.17 sys=0.01, real=0.03 secs] 
2011-02-12T00:49:44.689+0000: 1874.009: [GC
Desired survivor size 25952256 bytes, new threshold 1 (max 15)
 [PSYoungGen: 2759164K->13150K(2770816K)] 3263119K->517593K(8363264K), 0.0221000 secs] [Times: user=0.13 sys=0.01, real=0.02 secs] 
2011-02-12T00:49:49.252+0000: 1878.572: [GC
Desired survivor size 26017792 bytes, new threshold 1 (max 15)
 [PSYoungGen: 2757726K->7744K(2769920K)] 3262169K->513264K(8362368K), 0.0196040 secs] [Times: user=0.08 sys=0.01, real=0.02 secs] 
2011-02-12T00:49:53.968+0000: 1883.288: [GC
Desired survivor size 27787264 bytes, new threshold 1 (max 15)
 [PSYoungGen: 2752320K->21752K(2767296K)] 3257840K->527705K(8359744K), 0.0309180 secs] [Times: user=0.22 sys=0.01, real=0.03 secs] 
2011-02-12T00:49:58.470+0000: 1887.790: [GC
Desired survivor size 27131904 bytes, new threshold 1 (max 15)
 [PSYoungGen: 2763640K->16224K(2769024K)] 3269593K->522768K(8361472K), 0.0242010 secs] [Times: user=0.16 sys=0.01, real=0.02 secs] 
2011-02-12T00:50:02.565+0000: 1891.885: [GC
Desired survivor size 29818880 bytes, new threshold 1 (max 15)
 [PSYoungGen: 2758112K->25031K(2764416K)] 3264656K->532086K(8356864K), 0.0343820 secs] [Times: user=0.24 sys=0.01, real=0.04 secs] 
2011-02-12T00:50:06.509+0000: 1895.828: [GC
Desired survivor size 31457280 bytes, new threshold 1 (max 15)
 [PSYoungGen: 2762951K->23592K(2761536K)] 3270006K->531239K(8353984K), 0.0320390 secs] [Times: user=0.23 sys=0.01, real=0.03 secs] 
2011-02-12T00:50:10.991+0000: 1900.311: [GC
Desired survivor size 30277632 bytes, new threshold 1 (max 15)
 [PSYoungGen: 2761512K->14787K(2766592K)] 3269159K->522907K(8359040K), 0.0229640 secs] [Times: user=0.16 sys=0.02, real=0.02 secs] 
2011-02-12T00:50:15.460+0000: 1904.779: [GC
Desired survivor size 30801920 bytes, new threshold 1 (max 15)
 [PSYoungGen: 2750659K->5795K(2765440K)] 3258779K->514338K(8357888K), 0.0137340 secs] [Times: user=0.08 sys=0.01, real=0.01 secs] 
2011-02-12T00:50:19.796+0000: 1909.115: [GC
Desired survivor size 29556736 bytes, new threshold 1 (max 15)
 [PSYoungGen: 2741667K->13632K(2767296K)] 3250210K->522738K(8359744K), 0.0220920 secs] [Times: user=0.15 sys=0.02, real=0.02 secs] 
2011-02-12T00:50:24.476+0000: 1913.795: [GC
Desired survivor size 29556736 bytes, new threshold 1 (max 15)
 [PSYoungGen: 2750848K->7200K(2766080K)] 3259954K->516730K(8358528K), 0.0154780 secs] [Times: user=0.09 sys=0.01, real=0.02 secs] 
2011-02-12T00:50:29.063+0000: 1918.383: [GC
Desired survivor size 29687808 bytes, new threshold 1 (max 15)
 [PSYoungGen: 2744416K->18565K(2767040K)] 3253946K->528622K(8359488K), 0.0272760 secs] [Times: user=0.18 sys=0.01, real=0.02 secs] 
2011-02-12T00:50:33.455+0000: 1922.774: [GC
Desired survivor size 29294592 bytes, new threshold 1 (max 15)
 [PSYoungGen: 2756741K->8488K(2767168K)] 3266798K->519186K(8359616K), 0.0174060 secs] [Times: user=0.09 sys=0.01, real=0.02 secs] 
2011-02-12T00:50:37.510+0000: 1926.830: [GC
Desired survivor size 28114944 bytes, new threshold 1 (max 15)
 [PSYoungGen: 2746664K->12483K(2768704K)] 3257362K->523597K(8361152K), 0.0213130 secs] [Times: user=0.13 sys=0.01, real=0.03 secs] 
2011-02-12T00:50:41.941+0000: 1931.260: [GC
Desired survivor size 29491200 bytes, new threshold 1 (max 15)
 [PSYoungGen: 2752579K->21243K(2761344K)] 3263693K->532845K(8353792K), 0.0311220 secs] [Times: user=0.19 sys=0.00, real=0.03 secs] 
2011-02-12T00:50:46.500+0000: 1935.819: [GC
Desired survivor size 29753344 bytes, new threshold 1 (max 15)
 [PSYoungGen: 2761339K->19199K(2766848K)] 3272941K->531341K(8359296K), 0.0286390 secs] [Times: user=0.19 sys=0.01, real=0.03 secs] 
2011-02-12T00:50:50.743+0000: 1940.063: [GC
Desired survivor size 30081024 bytes, new threshold 1 (max 15)
 [PSYoungGen: 2757247K->5366K(2743424K)] 3269389K->518349K(8335872K), 0.0140910 secs] [Times: user=0.08 sys=0.00, real=0.01 secs] 
2011-02-12T00:50:55.582+0000: 1944.902: [GC
Desired survivor size 30867456 bytes, new threshold 1 (max 15)
 [PSYoungGen: 2743414K->20512K(2765248K)] 3256397K->533969K(8357696K), 0.0310330 secs] [Times: user=0.19 sys=0.01, real=0.03 secs] 
2011-02-12T00:51:00.080+0000: 1949.399: [GC
Desired survivor size 29622272 bytes, new threshold 1 (max 15)
 [PSYoungGen: 2756384K->13086K(2766016K)] 3269841K->527040K(8358464K), 0.0224980 secs] [Times: user=0.14 sys=0.02, real=0.02 secs] 
2011-02-12T00:51:04.920+0000: 1954.240: [GC
Desired survivor size 28311552 bytes, new threshold 1 (max 15)
 [PSYoungGen: 2748958K->13684K(2768512K)] 3262912K->528384K(8360960K), 0.0246550 secs] [Times: user=0.15 sys=0.02, real=0.03 secs] 
2011-02-12T00:51:08.715+0000: 1958.034: [GC
Desired survivor size 28573696 bytes, new threshold 1 (max 15)
 [PSYoungGen: 2753268K->18752K(2767232K)] 3267968K->534012K(8359680K), 0.0287050 secs] [Times: user=0.17 sys=0.01, real=0.03 secs] 
2011-02-12T00:51:13.556+0000: 1962.876: [GC
Desired survivor size 27590656 bytes, new threshold 1 (max 15)
 [PSYoungGen: 2758336K->13024K(2769216K)] 3273596K->528712K(8361664K), 0.0222840 secs] [Times: user=0.13 sys=0.01, real=0.02 secs] 
2011-02-12T00:51:18.371+0000: 1967.691: [GC
Desired survivor size 26607616 bytes, new threshold 1 (max 15)
 [PSYoungGen: 2754336K->13248K(2768256K)] 3270024K->529376K(8360704K), 0.0233740 secs] [Times: user=0.13 sys=0.01, real=0.02 secs] 
2011-02-12T00:51:23.094+0000: 1972.414: [GC
Desired survivor size 26476544 bytes, new threshold 1 (max 15)
 [PSYoungGen: 2754560K->8812K(2770304K)] 3270688K->525469K(8362752K), 0.0170260 secs] [Times: user=0.11 sys=0.01, real=0.02 secs] 
2011-02-12T00:51:27.695+0000: 1977.015: [GC
Desired survivor size 26804224 bytes, new threshold 1 (max 15)
 [PSYoungGen: 2753132K->5106K(2749440K)] 3269789K->522274K(8341888K), 0.0136980 secs] [Times: user=0.07 sys=0.01, real=0.02 secs] 
2011-02-12T00:51:32.090+0000: 1981.410: [GC
Desired survivor size 26804224 bytes, new threshold 1 (max 15)
 [PSYoungGen: 2749426K->16544K(2769984K)] 3266594K->534127K(8362432K), 0.0251490 secs] [Times: user=0.17 sys=0.01, real=0.02 secs] 
2011-02-12T00:51:36.783+0000: 1986.103: [GC
Desired survivor size 26345472 bytes, new threshold 1 (max 15)
 [PSYoungGen: 2760351K->8640K(2769984K)] 3277934K->526687K(8362432K), 0.0176990 secs] [Times: user=0.11 sys=0.01, real=0.02 secs] 
2011-02-12T00:51:41.696+0000: 1991.016: [GC
Desired survivor size 25624576 bytes, new threshold 1 (max 15)
 [PSYoungGen: 2752448K->9616K(2771136K)] 3270495K->528147K(8363584K), 0.0196680 secs] [Times: user=0.12 sys=0.02, real=0.02 secs] 
2011-02-12T00:51:46.632+0000: 1995.951: [GC
Desired survivor size 24379392 bytes, new threshold 1 (max 15)
 [PSYoungGen: 2755024K->12802K(2770432K)] 3273555K->531877K(8362880K), 0.0225160 secs] [Times: user=0.15 sys=0.01, real=0.02 secs] 
2011-02-12T00:51:51.357+0000: 2000.677: [GC
Desired survivor size 23986176 bytes, new threshold 1 (max 15)
 [PSYoungGen: 2758210K->8480K(2772736K)] 3277285K->528498K(8365184K), 0.0172340 secs] [Times: user=0.11 sys=0.02, real=0.02 secs] 
2011-02-12T00:51:56.122+0000: 2005.442: [GC
Desired survivor size 27328512 bytes, new threshold 1 (max 15)
 [PSYoungGen: 2757408K->23420K(2772352K)] 3277426K->544022K(8364800K), 0.0326970 secs] [Times: user=0.23 sys=0.01, real=0.03 secs] 
2011-02-12T00:52:00.794+0000: 2010.113: [GC
Desired survivor size 27394048 bytes, new threshold 1 (max 15)
 [PSYoungGen: 2772348K->17261K(2766464K)] 3292950K->538224K(8358912K), 0.0258820 secs] [Times: user=0.18 sys=0.01, real=0.02 secs] 
2011-02-12T00:52:04.928+0000: 2014.248: [GC
Desired survivor size 29949952 bytes, new threshold 1 (max 15)
 [PSYoungGen: 2759917K->23931K(2766592K)] 3280880K->545486K(8359040K), 0.0333290 secs] [Times: user=0.23 sys=0.01, real=0.03 secs] 
2011-02-12T00:52:09.468+0000: 2018.787: [GC
Desired survivor size 31326208 bytes, new threshold 1 (max 15)
 [PSYoungGen: 2766587K->22448K(2764224K)] 3288142K->544660K(8356672K), 0.0319690 secs] [Times: user=0.22 sys=0.01, real=0.03 secs] 
2011-02-12T00:52:13.997+0000: 2023.317: [GC
Desired survivor size 30146560 bytes, new threshold 1 (max 15)
 [PSYoungGen: 2757424K->16501K(2765568K)] 3279636K->539294K(8358016K), 0.0265310 secs] [Times: user=0.16 sys=0.02, real=0.03 secs] 
2011-02-12T00:52:18.388+0000: 2027.708: [GC
Desired survivor size 30670848 bytes, new threshold 1 (max 15)
 [PSYoungGen: 2751477K->4652K(2765696K)] 3274270K->527894K(8358144K), 0.0127080 secs] [Times: user=0.08 sys=0.01, real=0.01 secs] 
2011-02-12T00:52:23.020+0000: 2032.339: [GC
Desired survivor size 31260672 bytes, new threshold 1 (max 15)
 [PSYoungGen: 2740908K->20224K(2756480K)] 3264150K->543886K(8348928K), 0.0297440 secs] [Times: user=0.20 sys=0.01, real=0.03 secs] 
2011-02-12T00:52:28.101+0000: 2037.420: [GC
Desired survivor size 32505856 bytes, new threshold 1 (max 15)
 [PSYoungGen: 2756480K->22592K(2763200K)] 3280142K->546699K(8355648K), 0.0320900 secs] [Times: user=0.20 sys=0.01, real=0.03 secs] 
2011-02-12T00:52:33.156+0000: 2042.475: [GC
Desired survivor size 32702464 bytes, new threshold 1 (max 15)
 [PSYoungGen: 2755264K->5488K(2738176K)] 3279371K->530023K(8330624K), 0.0143930 secs] [Times: user=0.07 sys=0.01, real=0.02 secs] 
2011-02-12T00:52:38.153+0000: 2047.473: [GC
Desired survivor size 32374784 bytes, new threshold 1 (max 15)
 [PSYoungGen: 2738160K->6688K(2764544K)] 3262695K->531711K(8356992K), 0.0162220 secs] [Times: user=0.11 sys=0.00, real=0.02 secs] 
2011-02-12T00:52:43.075+0000: 2052.395: [GC
Desired survivor size 31719424 bytes, new threshold 1 (max 15)
 [PSYoungGen: 2739296K->7356K(2764224K)] 3264319K->532816K(8356672K), 0.0166810 secs] [Times: user=0.08 sys=0.01, real=0.02 secs] 
2011-02-12T00:52:47.790+0000: 2057.110: [GC
Desired survivor size 33226752 bytes, new threshold 1 (max 15)
 [PSYoungGen: 2739964K->22170K(2762240K)] 3265424K->548379K(8354688K), 0.0306640 secs] [Times: user=0.21 sys=0.01, real=0.03 secs] 
2011-02-12T00:52:52.510+0000: 2061.830: [GC
Desired survivor size 33488896 bytes, new threshold 1 (max 15)
 [PSYoungGen: 2753434K->19797K(2751104K)] 3279643K->546925K(8343552K), 0.0287080 secs] [Times: user=0.18 sys=0.01, real=0.03 secs] 
2011-02-12T00:52:56.799+0000: 2066.118: [GC
Desired survivor size 33947648 bytes, new threshold 1 (max 15)
 [PSYoungGen: 2751061K->20768K(2762560K)] 3278189K->548684K(8355008K), 0.0295740 secs] [Times: user=0.21 sys=0.01, real=0.03 secs] 
2011-02-12T00:53:00.780+0000: 2070.100: [GC
Desired survivor size 34471936 bytes, new threshold 1 (max 15)
 [PSYoungGen: 2750624K->21635K(2751552K)] 3278540K->550084K(8344000K), 0.0310050 secs] [Times: user=0.20 sys=0.02, real=0.03 secs] 
2011-02-12T00:53:05.244+0000: 2074.564: [GC
Desired survivor size 34078720 bytes, new threshold 1 (max 15)
 [PSYoungGen: 2751491K->7908K(2762880K)] 3279940K->536796K(8355328K), 0.0164020 secs] [Times: user=0.11 sys=0.01, real=0.02 secs] 
2011-02-12T00:53:10.126+0000: 2079.446: [GC
Desired survivor size 33554432 bytes, new threshold 1 (max 15)
 [PSYoungGen: 2737124K->7710K(2762496K)] 3266012K->537182K(8354944K), 0.0180560 secs] [Times: user=0.09 sys=0.02, real=0.02 secs] 
2011-02-12T00:53:15.150+0000: 2084.469: [GC
Desired survivor size 32964608 bytes, new threshold 1 (max 15)
 [PSYoungGen: 2736926K->17792K(2763968K)] 3266398K->547893K(8356416K), 0.0260760 secs] [Times: user=0.18 sys=0.01, real=0.03 secs] 
2011-02-12T00:53:19.940+0000: 2089.260: [GC
Desired survivor size 31981568 bytes, new threshold 1 (max 15)
 [PSYoungGen: 2748992K->16985K(2763392K)] 3279093K->547686K(8355840K), 0.0254520 secs] [Times: user=0.16 sys=0.01, real=0.03 secs] 
2011-02-12T00:53:24.715+0000: 2094.035: [GC
Desired survivor size 30539776 bytes, new threshold 1 (max 15)
 [PSYoungGen: 2748185K->13822K(2766336K)] 3278886K->545099K(8358784K), 0.0241810 secs] [Times: user=0.14 sys=0.02, real=0.02 secs] 
2011-02-12T00:53:29.265+0000: 2098.585: [GC
Desired survivor size 30146560 bytes, new threshold 1 (max 15)
 [PSYoungGen: 2748926K->8491K(2764928K)] 3280203K->540251K(8357376K), 0.0190960 secs] [Times: user=0.09 sys=0.01, real=0.02 secs] 
2011-02-12T00:53:33.553+0000: 2102.873: [GC
Desired survivor size 28835840 bytes, new threshold 1 (max 15)
 [PSYoungGen: 2743595K->14976K(2768000K)] 3275355K->547474K(8360448K), 0.0242000 secs] [Times: user=0.15 sys=0.01, real=0.03 secs] 
2011-02-12T00:53:37.975+0000: 2107.295: [GC
Desired survivor size 27852800 bytes, new threshold 1 (max 15)
 [PSYoungGen: 2753536K->12119K(2766720K)] 3286034K->544985K(8359168K), 0.0204170 secs] [Times: user=0.14 sys=0.01, real=0.02 secs] 
2011-02-12T00:53:42.351+0000: 2111.671: [GC
Desired survivor size 26607616 bytes, new threshold 1 (max 15)
 [PSYoungGen: 2750679K->13443K(2770176K)] 3283545K->546813K(8362624K), 0.0226780 secs] [Times: user=0.15 sys=0.01, real=0.03 secs] 
2011-02-12T00:53:47.261+0000: 2116.581: [GC
Desired survivor size 25690112 bytes, new threshold 1 (max 15)
 [PSYoungGen: 2756419K->14832K(2768960K)] 3289789K->548629K(8361408K), 0.0258770 secs] [Times: user=0.15 sys=0.02, real=0.03 secs] 
2011-02-12T00:53:52.455+0000: 2121.774: [GC
Desired survivor size 26279936 bytes, new threshold 1 (max 15)
 [PSYoungGen: 2757808K->18624K(2769920K)] 3291605K->553105K(8362368K), 0.0276360 secs] [Times: user=0.18 sys=0.01, real=0.03 secs] 
2011-02-12T00:53:57.717+0000: 2127.037: [GC
Desired survivor size 26673152 bytes, new threshold 1 (max 15)
 [PSYoungGen: 2763456K->5664K(2750528K)] 3297937K->540616K(8342976K), 0.0135460 secs] [Times: user=0.08 sys=0.01, real=0.01 secs] 
2011-02-12T00:54:02.590+0000: 2131.909: [GC
Desired survivor size 25755648 bytes, new threshold 1 (max 15)
 [PSYoungGen: 2750496K->11847K(2771008K)] 3285448K->547304K(8363456K), 0.0226330 secs] [Times: user=0.13 sys=0.01, real=0.02 secs] 
2011-02-12T00:54:07.489+0000: 2136.809: [GC
Desired survivor size 24969216 bytes, new threshold 1 (max 15)
 [PSYoungGen: 2756807K->11136K(2770112K)] 3292264K->547314K(8362560K), 0.0213270 secs] [Times: user=0.13 sys=0.01, real=0.02 secs] 
2011-02-12T00:54:12.770+0000: 2142.090: [GC
Desired survivor size 24641536 bytes, new threshold 1 (max 15)
 [PSYoungGen: 2756096K->15456K(2772096K)] 3292274K->552114K(8364544K), 0.0248550 secs] [Times: user=0.16 sys=0.01, real=0.02 secs] 
2011-02-12T00:54:18.405+0000: 2147.725: [GC
Desired survivor size 23855104 bytes, new threshold 1 (max 15)
 [PSYoungGen: 2763168K->11728K(2771776K)] 3299826K->548802K(8364224K), 0.0201880 secs] [Times: user=0.13 sys=0.01, real=0.02 secs] 
2011-02-12T00:54:24.068+0000: 2153.388: [GC
Desired survivor size 23920640 bytes, new threshold 1 (max 15)
 [PSYoungGen: 2759440K->7372K(2772736K)] 3296514K->544984K(8365184K), 0.0158690 secs] [Times: user=0.10 sys=0.01, real=0.02 secs] 
2011-02-12T00:54:29.553+0000: 2158.873: [GC
Desired survivor size 24051712 bytes, new threshold 1 (max 15)
 [PSYoungGen: 2756812K->16064K(2765504K)] 3294424K->554156K(8357952K), 0.0248360 secs] [Times: user=0.17 sys=0.00, real=0.02 secs] 
2011-02-12T00:54:35.030+0000: 2164.350: [GC
Desired survivor size 23461888 bytes, new threshold 1 (max 15)
 [PSYoungGen: 2765504K->10624K(2773248K)] 3303596K->549268K(8365696K), 0.0188180 secs] [Times: user=0.11 sys=0.01, real=0.01 secs] 
2011-02-12T00:54:40.374+0000: 2169.694: [GC
Desired survivor size 23199744 bytes, new threshold 1 (max 15)
 [PSYoungGen: 2760384K->14956K(2772672K)] 3299028K->554199K(8365120K), 0.0239390 secs] [Times: user=0.15 sys=0.01, real=0.02 secs] 
2011-02-12T00:54:45.862+0000: 2175.181: [GC
Desired survivor size 22872064 bytes, new threshold 1 (max 15)
 [PSYoungGen: 2764716K->9200K(2773824K)] 3303959K->548911K(8366272K), 0.0173700 secs] [Times: user=0.11 sys=0.01, real=0.02 secs] 
2011-02-12T00:54:51.133+0000: 2180.452: [GC
Desired survivor size 22347776 bytes, new threshold 1 (max 15)
 [PSYoungGen: 2760368K->13824K(2773504K)] 3300079K->554279K(8365952K), 0.0219300 secs] [Times: user=0.15 sys=0.01, real=0.02 secs] 
2011-02-12T00:54:55.826+0000: 2185.145: [GC
Desired survivor size 21495808 bytes, new threshold 1 (max 15)
 [PSYoungGen: 2764992K->12559K(2775168K)] 3305447K->553455K(8367616K), 0.0213840 secs] [Times: user=0.14 sys=0.00, real=0.02 secs] 
2011-02-12T00:55:00.584+0000: 2189.904: [GC
Desired survivor size 21299200 bytes, new threshold 1 (max 15)
 [PSYoungGen: 2765903K->8896K(2774336K)] 3306799K->550462K(8366784K), 0.0171300 secs] [Times: user=0.11 sys=0.00, real=0.01 secs] 
2011-02-12T00:55:04.725+0000: 2194.045: [GC
Desired survivor size 21299200 bytes, new threshold 1 (max 15)
 [PSYoungGen: 2762240K->14660K(2775360K)] 3303806K->556991K(8367808K), 0.0241750 secs] [Times: user=0.16 sys=0.01, real=0.02 secs] 
2011-02-12T00:55:09.311+0000: 2198.631: [GC
Desired survivor size 20905984 bytes, new threshold 1 (max 15)
 [PSYoungGen: 2769220K->10252K(2775360K)] 3311551K->553035K(8367808K), 0.0199630 secs] [Times: user=0.12 sys=0.01, real=0.02 secs] 
2011-02-12T00:55:14.525+0000: 2203.845: [GC
Desired survivor size 21102592 bytes, new threshold 1 (max 15)
 [PSYoungGen: 2764812K->15070K(2775360K)] 3307595K->558366K(8367808K), 0.0237930 secs] [Times: user=0.16 sys=0.01, real=0.03 secs] 
2011-02-12T00:55:18.936+0000: 2208.256: [GC
Desired survivor size 21364736 bytes, new threshold 1 (max 15)
 [PSYoungGen: 2770014K->6432K(2761408K)] 3313310K->550238K(8353856K), 0.0149940 secs] [Times: user=0.09 sys=0.01, real=0.01 secs] 
2011-02-12T00:55:23.400+0000: 2212.720: [GC
Desired survivor size 22740992 bytes, new threshold 1 (max 15)
 [PSYoungGen: 2761376K->18144K(2772608K)] 3305182K->562354K(8365056K), 0.0267500 secs] [Times: user=0.18 sys=0.01, real=0.03 secs] 
2011-02-12T00:55:28.444+0000: 2217.764: [GC
Desired survivor size 24576000 bytes, new threshold 1 (max 15)
 [PSYoungGen: 2769888K->19932K(2771712K)] 3314098K->564466K(8364160K), 0.0293060 secs] [Times: user=0.20 sys=0.01, real=0.03 secs] 
2011-02-12T00:55:33.168+0000: 2222.488: [GC
Desired survivor size 24313856 bytes, new threshold 1 (max 15)
 [PSYoungGen: 2771676K->15488K(2772416K)] 3316210K->560506K(8364864K), 0.0239860 secs] [Times: user=0.16 sys=0.01, real=0.02 secs] 
2011-02-12T00:55:38.177+0000: 2227.496: [GC
Desired survivor size 24641536 bytes, new threshold 1 (max 15)
 [PSYoungGen: 2763904K->17164K(2765632K)] 3308922K->562671K(8358080K), 0.0259590 secs] [Times: user=0.18 sys=0.02, real=0.03 secs] 
2011-02-12T00:55:43.248+0000: 2232.568: [GC
Desired survivor size 25100288 bytes, new threshold 1 (max 15)
 [PSYoungGen: 2765580K->5388K(2771200K)] 3311087K->551455K(8363648K), 0.0131220 secs] [Times: user=0.07 sys=0.01, real=0.02 secs] 
2011-02-12T00:55:48.170+0000: 2237.490: [GC
Desired survivor size 27918336 bytes, new threshold 1 (max 15)
 [PSYoungGen: 2752524K->23584K(2770752K)] 3298591K->570191K(8363200K), 0.0325160 secs] [Times: user=0.23 sys=0.01, real=0.03 secs] 
2011-02-12T00:55:52.858+0000: 2242.178: [GC
Desired survivor size 28508160 bytes, new threshold 1 (max 15)
 [PSYoungGen: 2770720K->19260K(2765888K)] 3317327K->566688K(8358336K), 0.0282810 secs] [Times: user=0.19 sys=0.00, real=0.03 secs] 
2011-02-12T00:55:57.631+0000: 2246.950: [GC
Desired survivor size 27721728 bytes, new threshold 1 (max 15)
 [PSYoungGen: 2759740K->11308K(2768320K)] 3307168K->559144K(8360768K), 0.0199190 secs] [Times: user=0.13 sys=0.01, real=0.02 secs] 
2011-02-12T00:56:02.489+0000: 2251.808: [GC
Desired survivor size 26542080 bytes, new threshold 1 (max 15)
 [PSYoungGen: 2751788K->13611K(2770240K)] 3299624K->561904K(8362688K), 0.0232150 secs] [Times: user=0.13 sys=0.01, real=0.03 secs] 
2011-02-12T00:56:07.418+0000: 2256.738: [GC
Desired survivor size 25952256 bytes, new threshold 1 (max 15)
 [PSYoungGen: 2756779K->15874K(2769088K)] 3305072K->564830K(8361536K), 0.0255570 secs] [Times: user=0.17 sys=0.02, real=0.03 secs] 
2011-02-12T00:56:11.668+0000: 2260.987: [GC
Desired survivor size 26804224 bytes, new threshold 1 (max 15)
 [PSYoungGen: 2759042K->19563K(2769152K)] 3307998K->569278K(8361600K), 0.0295120 secs] [Times: user=0.20 sys=0.00, real=0.03 secs] 
2011-02-12T00:56:16.450+0000: 2265.769: [GC
Desired survivor size 27590656 bytes, new threshold 1 (max 15)
 [PSYoungGen: 2763371K->20000K(2763840K)] 3313086K->570165K(8356288K), 0.0287090 secs] [Times: user=0.20 sys=0.01, real=0.03 secs] 
2011-02-12T00:56:21.148+0000: 2270.468: [GC
Desired survivor size 26935296 bytes, new threshold 1 (max 15)
 [PSYoungGen: 2763808K->16839K(2769856K)] 3313973K->567488K(8362304K), 0.0265880 secs] [Times: user=0.17 sys=0.01, real=0.03 secs] 
2011-02-12T00:56:26.148+0000: 2275.468: [GC
Desired survivor size 27262976 bytes, new threshold 1 (max 15)
 [PSYoungGen: 2759751K->19224K(2769216K)] 3310400K->570383K(8361664K), 0.0285930 secs] [Times: user=0.20 sys=0.01, real=0.03 secs] 
2011-02-12T00:56:30.903+0000: 2280.223: [GC
Desired survivor size 28377088 bytes, new threshold 1 (max 15)
 [PSYoungGen: 2762136K->21761K(2767360K)] 3313295K->573569K(8359808K), 0.0320150 secs] [Times: user=0.20 sys=0.01, real=0.04 secs] 
2011-02-12T00:56:36.155+0000: 2285.474: [GC
Desired survivor size 29163520 bytes, new threshold 1 (max 15)
 [PSYoungGen: 2762497K->5152K(2745920K)] 3314305K->557506K(8338368K), 0.0149110 secs] [Times: user=0.08 sys=0.01, real=0.02 secs] 
2011-02-12T00:56:40.887+0000: 2290.207: [GC
Desired survivor size 30277632 bytes, new threshold 1 (max 15)
 [PSYoungGen: 2745888K->21792K(2765504K)] 3298242K->574570K(8357952K), 0.0329100 secs] [Times: user=0.23 sys=0.01, real=0.03 secs] 
2011-02-12T00:56:45.511+0000: 2294.831: [GC
Desired survivor size 29229056 bytes, new threshold 1 (max 15)
 [PSYoungGen: 2758816K->14114K(2766592K)] 3311594K->567405K(8359040K), 0.0236600 secs] [Times: user=0.14 sys=0.01, real=0.02 secs] 
2011-02-12T00:56:50.406+0000: 2299.726: [GC
Desired survivor size 28901376 bytes, new threshold 1 (max 15)
 [PSYoungGen: 2751138K->10108K(2767936K)] 3304429K->564223K(8360384K), 0.0188550 secs] [Times: user=0.11 sys=0.02, real=0.02 secs] 
2011-02-12T00:56:55.189+0000: 2304.509: [GC
Desired survivor size 28049408 bytes, new threshold 1 (max 15)
 [PSYoungGen: 2749500K->12617K(2767616K)] 3303615K->567256K(8360064K), 0.0216080 secs] [Times: user=0.14 sys=0.02, real=0.02 secs] 
2011-02-12T00:56:59.859+0000: 2309.179: [GC
Desired survivor size 30539776 bytes, new threshold 1 (max 15)
 [PSYoungGen: 2752009K->24826K(2763904K)] 3306648K->580099K(8356352K), 0.0341420 secs] [Times: user=0.23 sys=0.02, real=0.03 secs] 
2011-02-12T00:57:04.256+0000: 2313.576: [GC
Desired survivor size 29360128 bytes, new threshold 1 (max 15)
 [PSYoungGen: 2761338K->14321K(2766336K)] 3316611K->570197K(8358784K), 0.0249650 secs] [Times: user=0.13 sys=0.01, real=0.03 secs] 
2011-02-12T00:57:08.655+0000: 2317.975: [GC
Desired survivor size 30212096 bytes, new threshold 1 (max 15)
 [PSYoungGen: 2750833K->21432K(2765824K)] 3306709K->578030K(8358272K), 0.0323090 secs] [Times: user=0.21 sys=0.01, real=0.03 secs] 
2011-02-12T00:57:13.042+0000: 2322.362: [GC
Desired survivor size 29491200 bytes, new threshold 1 (max 15)
 [PSYoungGen: 2758584K->12928K(2766656K)] 3315182K->570093K(8359104K), 0.0218430 secs] [Times: user=0.14 sys=0.01, real=0.02 secs] 
2011-02-12T00:57:17.933+0000: 2327.253: [GC
Desired survivor size 28966912 bytes, new threshold 1 (max 15)
 [PSYoungGen: 2750080K->11296K(2767872K)] 3307245K->568829K(8360320K), 0.0211310 secs] [Times: user=0.12 sys=0.02, real=0.02 secs] 
2011-02-12T00:57:22.670+0000: 2331.990: [GC
Desired survivor size 28639232 bytes, new threshold 1 (max 15)
 [PSYoungGen: 2750368K->10176K(2767360K)] 3307901K->568089K(8359808K), 0.0214380 secs] [Times: user=0.12 sys=0.02, real=0.03 secs] 
2011-02-12T00:57:27.660+0000: 2336.979: [GC
Desired survivor size 27983872 bytes, new threshold 1 (max 15)
 [PSYoungGen: 2749248K->11073K(2768832K)] 3307161K->569533K(8361280K), 0.0207660 secs] [Times: user=0.14 sys=0.01, real=0.02 secs] 
2011-02-12T00:57:32.702+0000: 2342.021: [GC
Desired survivor size 26738688 bytes, new threshold 1 (max 15)
 [PSYoungGen: 2751937K->14771K(2768192K)] 3310397K->573854K(8360640K), 0.0245980 secs] [Times: user=0.16 sys=0.01, real=0.03 secs] 
2011-02-12T00:57:37.347+0000: 2346.666: [GC
Desired survivor size 26279936 bytes, new threshold 1 (max 15)
 [PSYoungGen: 2755635K->10464K(2770496K)] 3314718K->570086K(8362944K), 0.0198800 secs] [Times: user=0.13 sys=0.01, real=0.02 secs] 
2011-02-12T00:57:41.845+0000: 2351.165: [GC
Desired survivor size 27656192 bytes, new threshold 1 (max 15)
 [PSYoungGen: 2754848K->20904K(2765312K)] 3314470K->580931K(8357760K), 0.0299930 secs] [Times: user=0.21 sys=0.01, real=0.03 secs] 
2011-02-12T00:57:46.322+0000: 2355.641: [GC
Desired survivor size 26476544 bytes, new threshold 1 (max 15)
 [PSYoungGen: 2765288K->15028K(2770304K)] 3325315K->575595K(8362752K), 0.0235460 secs] [Times: user=0.13 sys=0.01, real=0.03 secs] 
2011-02-12T00:57:50.564+0000: 2359.883: [GC
Desired survivor size 29032448 bytes, new threshold 1 (max 15)
 [PSYoungGen: 2758324K->24540K(2767872K)] 3318891K->586106K(8360320K), 0.0340500 secs] [Times: user=0.23 sys=0.01, real=0.04 secs] 
2011-02-12T00:57:55.002+0000: 2364.322: [GC
Desired survivor size 27852800 bytes, new threshold 1 (max 15)
 [PSYoungGen: 2767836K->15182K(2768960K)] 3329402K->577596K(8361408K), 0.0252920 secs] [Times: user=0.15 sys=0.01, real=0.03 secs] 
2011-02-12T00:57:59.310+0000: 2368.630: [GC
Desired survivor size 28049408 bytes, new threshold 1 (max 15)
 [PSYoungGen: 2755854K->19382K(2767872K)] 3318268K->582416K(8360320K), 0.0308350 secs] [Times: user=0.19 sys=0.00, real=0.03 secs] 
2011-02-12T00:58:03.690+0000: 2373.009: [GC
Desired survivor size 27787264 bytes, new threshold 1 (max 15)
 [PSYoungGen: 2760054K->11034K(2769024K)] 3323088K->574594K(8361472K), 0.0204490 secs] [Times: user=0.11 sys=0.01, real=0.02 secs] 
2011-02-12T00:58:08.083+0000: 2377.403: [GC
Desired survivor size 28311552 bytes, new threshold 1 (max 15)
 [PSYoungGen: 2752666K->20160K(2761792K)] 3316226K->584434K(8354240K), 0.0311810 secs] [Times: user=0.21 sys=0.01, real=0.03 secs] 
2011-02-12T00:58:12.458+0000: 2381.778: [GC
Desired survivor size 28049408 bytes, new threshold 1 (max 15)
 [PSYoungGen: 2761792K->11008K(2768768K)] 3326066K->575726K(8361216K), 0.0197370 secs] [Times: user=0.12 sys=0.01, real=0.02 secs] 
2011-02-12T00:58:17.034+0000: 2386.354: [GC
Desired survivor size 28508160 bytes, new threshold 1 (max 15)
 [PSYoungGen: 2752128K->6080K(2747200K)] 3316846K->571186K(8339648K), 0.0143960 secs] [Times: user=0.08 sys=0.01, real=0.02 secs] 
2011-02-12T00:58:21.463+0000: 2390.783: [GC
Desired survivor size 27197440 bytes, new threshold 1 (max 15)
 [PSYoungGen: 2747200K->14752K(2769600K)] 3312306K->580178K(8362048K), 0.0257170 secs] [Times: user=0.14 sys=0.00, real=0.03 secs] 
2011-02-12T00:58:26.084+0000: 2395.404: [GC
Desired survivor size 26542080 bytes, new threshold 1 (max 15)
 [PSYoungGen: 2756512K->11299K(2768320K)] 3321938K->577117K(8360768K), 0.0194200 secs] [Times: user=0.12 sys=0.01, real=0.02 secs] 
2011-02-12T00:58:31.028+0000: 2400.348: [GC
Desired survivor size 26279936 bytes, new threshold 1 (max 15)
 [PSYoungGen: 2753059K->9216K(2770496K)] 3318877K->575565K(8362944K), 0.0181780 secs] [Times: user=0.12 sys=0.01, real=0.02 secs] 
2011-02-12T00:58:36.013+0000: 2405.333: [GC
Desired survivor size 25624576 bytes, new threshold 1 (max 15)
 [PSYoungGen: 2753792K->10373K(2770240K)] 3320141K->577231K(8362688K), 0.0197580 secs] [Times: user=0.12 sys=0.01, real=0.02 secs] 
2011-02-12T00:58:40.798+0000: 2410.118: [GC
Desired survivor size 25690112 bytes, new threshold 1 (max 15)
 [PSYoungGen: 2754949K->6348K(2771008K)] 3321807K->573797K(8363456K), 0.0149260 secs] [Times: user=0.08 sys=0.01, real=0.02 secs] 
2011-02-12T00:58:45.796+0000: 2415.115: [GC
Desired survivor size 25165824 bytes, new threshold 1 (max 15)
 [PSYoungGen: 2752332K->8684K(2771072K)] 3319781K->576649K(8363520K), 0.0179540 secs] [Times: user=0.10 sys=0.01, real=0.02 secs] 
2011-02-12T00:58:50.730+0000: 2420.050: [GC
Desired survivor size 24772608 bytes, new threshold 1 (max 15)
 [PSYoungGen: 2754668K->7280K(2771968K)] 3322633K->576041K(8364416K), 0.0165770 secs] [Times: user=0.11 sys=0.01, real=0.02 secs] 
2011-02-12T00:58:55.770+0000: 2425.090: [GC
Desired survivor size 24707072 bytes, new threshold 1 (max 15)
 [PSYoungGen: 2754672K->15008K(2771584K)] 3323433K->584225K(8364032K), 0.0252950 secs] [Times: user=0.15 sys=0.01, real=0.03 secs] 
2011-02-12T00:59:00.630+0000: 2429.950: [GC
Desired survivor size 23658496 bytes, new threshold 1 (max 15)
 [PSYoungGen: 2762400K->12568K(2773056K)] 3331617K->582306K(8365504K), 0.0231310 secs] [Times: user=0.15 sys=0.01, real=0.03 secs] 
2011-02-12T00:59:04.680+0000: 2433.999: [GC
Desired survivor size 27918336 bytes, new threshold 1 (max 15)
 [PSYoungGen: 2761496K->23093K(2772032K)] 3331234K->596068K(8364480K), 0.0406740 secs] [Times: user=0.24 sys=0.02, real=0.04 secs] 
2011-02-12T00:59:09.538+0000: 2438.858: [GC
Desired survivor size 29491200 bytes, new threshold 1 (max 15)
 [PSYoungGen: 2772021K->21484K(2762688K)] 3344996K->594923K(8355136K), 0.0309580 secs] [Times: user=0.21 sys=0.02, real=0.03 secs] 
2011-02-12T00:59:14.393+0000: 2443.712: [GC
Desired survivor size 29687808 bytes, new threshold 1 (max 15)
 [PSYoungGen: 2760044K->18880K(2757440K)] 3333483K->592835K(8349888K), 0.0281050 secs] [Times: user=0.18 sys=0.01, real=0.03 secs] 
2011-02-12T00:59:18.823+0000: 2448.143: [GC
Desired survivor size 29097984 bytes, new threshold 1 (max 15)
 [PSYoungGen: 2757440K->10152K(2767744K)] 3331395K->584544K(8360192K), 0.0217470 secs] [Times: user=0.10 sys=0.01, real=0.03 secs] 
2011-02-12T00:59:23.889+0000: 2453.208: [GC
Desired survivor size 28180480 bytes, new threshold 1 (max 15)
 [PSYoungGen: 2748904K->11488K(2767168K)] 3323296K->586344K(8359616K), 0.0210250 secs] [Times: user=0.14 sys=0.01, real=0.02 secs] 
2011-02-12T00:59:28.707+0000: 2458.027: [GC
Desired survivor size 29360128 bytes, new threshold 1 (max 15)
 [PSYoungGen: 2750240K->20844K(2766336K)] 3325096K->596064K(8358784K), 0.0323330 secs] [Times: user=0.19 sys=0.01, real=0.03 secs] 
2011-02-12T00:59:33.516+0000: 2462.836: [GC
Desired survivor size 30212096 bytes, new threshold 1 (max 15)
 [PSYoungGen: 2759660K->20765K(2759616K)] 3334880K->596562K(8352064K), 0.0295460 secs] [Times: user=0.21 sys=0.01, real=0.03 secs] 
2011-02-12T00:59:38.028+0000: 2467.348: [GC
Desired survivor size 30670848 bytes, new threshold 1 (max 15)
 [PSYoungGen: 2759581K->4357K(2765760K)] 3335378K->580689K(8358208K), 0.0134500 secs] [Times: user=0.07 sys=0.00, real=0.01 secs] 
2011-02-12T00:59:43.225+0000: 2472.545: [GC
Desired survivor size 29753344 bytes, new threshold 1 (max 15)
 [PSYoungGen: 2740613K->10472K(2766208K)] 3316945K->587446K(8358656K), 0.0192250 secs] [Times: user=0.12 sys=0.02, real=0.02 secs] 
2011-02-12T00:59:48.263+0000: 2477.583: [GC
Desired survivor size 28770304 bytes, new threshold 1 (max 15)
 [PSYoungGen: 2746728K->15408K(2768064K)] 3323702K->593090K(8360512K), 0.0244600 secs] [Times: user=0.16 sys=0.02, real=0.02 secs] 
2011-02-12T00:59:53.170+0000: 2482.490: [GC
Desired survivor size 27394048 bytes, new threshold 1 (max 15)
 [PSYoungGen: 2754416K->13535K(2767104K)] 3332098K->591898K(8359552K), 0.0224940 secs] [Times: user=0.15 sys=0.02, real=0.02 secs] 
2011-02-12T00:59:58.294+0000: 2487.614: [GC
Desired survivor size 27525120 bytes, new threshold 1 (max 15)
 [PSYoungGen: 2752543K->17727K(2769152K)] 3330906K->596566K(8361600K), 0.0271280 secs] [Times: user=0.18 sys=0.01, real=0.03 secs] 
2011-02-12T01:00:02.679+0000: 2491.999: [GC
Desired survivor size 26673152 bytes, new threshold 1 (max 15)
 [PSYoungGen: 2760127K->11953K(2769280K)] 3338966K->591236K(8361728K), 0.0212200 secs] [Times: user=0.14 sys=0.01, real=0.03 secs] 
2011-02-12T01:00:06.615+0000: 2495.935: [GC
Desired survivor size 27131904 bytes, new threshold 1 (max 15)
 [PSYoungGen: 2754353K->18614K(2769216K)] 3333636K->598563K(8361664K), 0.0282460 secs] [Times: user=0.19 sys=0.00, real=0.03 secs] 
2011-02-12T01:00:11.181+0000: 2500.501: [GC
Desired survivor size 26345472 bytes, new threshold 1 (max 15)
 [PSYoungGen: 2761782K->15661K(2769664K)] 3341731K->596160K(8362112K), 0.0243440 secs] [Times: user=0.16 sys=0.01, real=0.03 secs] 
2011-02-12T01:00:15.793+0000: 2505.113: [GC
Desired survivor size 26214400 bytes, new threshold 1 (max 15)
 [PSYoungGen: 2758829K->8893K(2770560K)] 3339328K->590034K(8363008K), 0.0190340 secs] [Times: user=0.12 sys=0.02, real=0.01 secs] 
2011-02-12T01:00:20.701+0000: 2510.021: [GC
Desired survivor size 26017792 bytes, new threshold 1 (max 15)
 [PSYoungGen: 2753725K->8662K(2770432K)] 3334866K->590333K(8362880K), 0.0175430 secs] [Times: user=0.11 sys=0.01, real=0.02 secs] 
2011-02-12T01:00:25.576+0000: 2514.895: [GC
Desired survivor size 25821184 bytes, new threshold 1 (max 15)
 [PSYoungGen: 2753494K->7552K(2770944K)] 3335165K->589685K(8363392K), 0.0163310 secs] [Times: user=0.10 sys=0.01, real=0.01 secs] 
2011-02-12T01:00:30.254+0000: 2519.574: [GC
Desired survivor size 28442624 bytes, new threshold 1 (max 15)
 [PSYoungGen: 2753088K->23115K(2768704K)] 3335221K->605701K(8361152K), 0.0317350 secs] [Times: user=0.24 sys=0.01, real=0.03 secs] 
2011-02-12T01:00:34.745+0000: 2524.064: [GC
Desired survivor size 28704768 bytes, new threshold 1 (max 15)
 [PSYoungGen: 2768651K->18478K(2767552K)] 3351237K->601956K(8360000K), 0.0277490 secs] [Times: user=0.19 sys=0.02, real=0.03 secs] 
2011-02-12T01:00:39.067+0000: 2528.386: [GC
Desired survivor size 30212096 bytes, new threshold 1 (max 15)
 [PSYoungGen: 2758574K->22030K(2762176K)] 3342052K->606433K(8354624K), 0.0308910 secs] [Times: user=0.21 sys=0.02, real=0.03 secs] 
2011-02-12T01:00:43.768+0000: 2533.088: [GC
Desired survivor size 30867456 bytes, new threshold 1 (max 15)
 [PSYoungGen: 2762126K->20727K(2765376K)] 3346529K->605577K(8357824K), 0.0304230 secs] [Times: user=0.20 sys=0.02, real=0.03 secs] 
2011-02-12T01:00:49.025+0000: 2538.345: [GC
Desired survivor size 29884416 bytes, new threshold 1 (max 15)
 [PSYoungGen: 2756599K->12720K(2766016K)] 3341449K->598193K(8358464K), 0.0217870 secs] [Times: user=0.14 sys=0.02, real=0.03 secs] 
2011-02-12T01:00:53.948+0000: 2543.267: [GC
Desired survivor size 28770304 bytes, new threshold 1 (max 15)
 [PSYoungGen: 2748592K->13875K(2768064K)] 3334065K->600053K(8360512K), 0.0231700 secs] [Times: user=0.15 sys=0.02, real=0.02 secs] 
2011-02-12T01:00:58.603+0000: 2547.923: [GC
Desired survivor size 28901376 bytes, new threshold 1 (max 15)
 [PSYoungGen: 2752755K->7186K(2766976K)] 3338933K->593883K(8359424K), 0.0175820 secs] [Times: user=0.09 sys=0.02, real=0.02 secs] 
2011-02-12T01:01:03.216+0000: 2552.536: [GC
Desired survivor size 31064064 bytes, new threshold 1 (max 15)
 [PSYoungGen: 2746066K->23920K(2763712K)] 3332763K->611043K(8356160K), 0.0326830 secs] [Times: user=0.23 sys=0.01, real=0.04 secs] 
2011-02-12T01:01:07.572+0000: 2556.892: [GC
Desired survivor size 29884416 bytes, new threshold 1 (max 15)
 [PSYoungGen: 2759408K->13439K(2765824K)] 3346531K->601279K(8358272K), 0.0225490 secs] [Times: user=0.16 sys=0.01, real=0.02 secs] 
2011-02-12T01:01:12.268+0000: 2561.587: [GC
Desired survivor size 29360128 bytes, new threshold 1 (max 15)
 [PSYoungGen: 2748927K->10042K(2767488K)] 3336767K->598330K(8359936K), 0.0190870 secs] [Times: user=0.11 sys=0.02, real=0.02 secs] 
2011-02-12T01:01:16.875+0000: 2566.195: [GC
Desired survivor size 29229056 bytes, new threshold 1 (max 15)
 [PSYoungGen: 2748346K->7010K(2766976K)] 3336634K->595808K(8359424K), 0.0175130 secs] [Times: user=0.08 sys=0.01, real=0.02 secs] 
2011-02-12T01:01:21.800+0000: 2571.120: [GC
Desired survivor size 29097984 bytes, new threshold 1 (max 15)
 [PSYoungGen: 2745314K->6200K(2767744K)] 3334112K->595562K(8360192K), 0.0152990 secs] [Times: user=0.09 sys=0.01, real=0.02 secs] 
2011-02-12T01:01:26.703+0000: 2576.023: [GC
Desired survivor size 28770304 bytes, new threshold 1 (max 15)
 [PSYoungGen: 2745400K->5952K(2767616K)] 3334762K->595942K(8360064K), 0.0166950 secs] [Times: user=0.07 sys=0.01, real=0.01 secs] 
2011-02-12T01:01:31.326+0000: 2580.645: [GC
Desired survivor size 29753344 bytes, new threshold 1 (max 15)
 [PSYoungGen: 2745152K->19119K(2766144K)] 3335142K->609578K(8358592K), 0.0283380 secs] [Times: user=0.19 sys=0.02, real=0.03 secs] 
2011-02-12T01:01:35.904+0000: 2585.224: [GC
Desired survivor size 28246016 bytes, new threshold 1 (max 15)
 [PSYoungGen: 2757167K->12288K(2767104K)] 3347626K->603401K(8359552K), 0.0223230 secs] [Times: user=0.13 sys=0.01, real=0.02 secs] 
2011-02-12T01:01:40.771+0000: 2590.091: [GC
Desired survivor size 26869760 bytes, new threshold 1 (max 15)
 [PSYoungGen: 2750336K->12416K(2769920K)] 3341449K->603965K(8362368K), 0.0215830 secs] [Times: user=0.14 sys=0.02, real=0.03 secs] 
2011-02-12T01:01:45.384+0000: 2594.703: [GC
Desired survivor size 29687808 bytes, new threshold 1 (max 15)
 [PSYoungGen: 2754752K->23957K(2766336K)] 3346301K->615887K(8358784K), 0.0341170 secs] [Times: user=0.22 sys=0.01, real=0.03 secs] 
2011-02-12T01:01:49.838+0000: 2599.157: [GC
Desired survivor size 28311552 bytes, new threshold 1 (max 15)
 [PSYoungGen: 2766293K->14492K(2768512K)] 3358223K->607568K(8360960K), 0.0248980 secs] [Times: user=0.15 sys=0.02, real=0.02 secs] 
2011-02-12T01:01:54.685+0000: 2604.004: [GC
Desired survivor size 28966912 bytes, new threshold 1 (max 15)
 [PSYoungGen: 2754012K->19552K(2767168K)] 3347088K->613254K(8359616K), 0.0294380 secs] [Times: user=0.20 sys=0.01, real=0.02 secs] 
2011-02-12T01:01:59.115+0000: 2608.434: [GC
Desired survivor size 27656192 bytes, new threshold 1 (max 15)
 [PSYoungGen: 2759072K->14823K(2769152K)] 3352774K->609118K(8361600K), 0.0235970 secs] [Times: user=0.16 sys=0.01, real=0.03 secs] 
2011-02-12T01:02:03.274+0000: 2612.594: [GC
Desired survivor size 28442624 bytes, new threshold 1 (max 15)
 [PSYoungGen: 2755687K->19971K(2767872K)] 3349982K->615699K(8360320K), 0.0319500 secs] [Times: user=0.20 sys=0.02, real=0.04 secs] 
2011-02-12T01:02:07.232+0000: 2616.551: [GC
Desired survivor size 30146560 bytes, new threshold 1 (max 15)
 [PSYoungGen: 2760835K->23111K(2765056K)] 3356563K->619758K(8357504K), 0.0354070 secs] [Times: user=0.24 sys=0.01, real=0.04 secs] 
2011-02-12T01:02:11.186+0000: 2620.506: [GC
Desired survivor size 30408704 bytes, new threshold 1 (max 15)
 [PSYoungGen: 2760391K->20288K(2757568K)] 3357038K->617529K(8350016K), 0.0316050 secs] [Times: user=0.20 sys=0.02, real=0.03 secs] 
2011-02-12T01:02:15.592+0000: 2624.912: [GC
Desired survivor size 35127296 bytes, new threshold 1 (max 15)
 [PSYoungGen: 2757568K->29667K(2757248K)] 3354809K->629676K(8349696K), 0.0436660 secs] [Times: user=0.30 sys=0.01, real=0.04 secs] 
2011-02-12T01:02:19.585+0000: 2628.905: [GC
Desired survivor size 38273024 bytes, new threshold 1 (max 15)
 [PSYoungGen: 2757219K->30865K(2758464K)] 3357228K->631565K(8350912K), 0.0412020 secs] [Times: user=0.29 sys=0.01, real=0.04 secs] 
2011-02-12T01:02:23.738+0000: 2633.058: [GC
Desired survivor size 38010880 bytes, new threshold 1 (max 15)
 [PSYoungGen: 2758417K->10172K(2759040K)] 3359117K->611513K(8351488K), 0.0199550 secs] [Times: user=0.12 sys=0.01, real=0.02 secs] 
2011-02-12T01:02:28.396+0000: 2637.716: [GC
Desired survivor size 37421056 bytes, new threshold 1 (max 15)
 [PSYoungGen: 2731836K->11104K(2758784K)] 3333177K->612842K(8351232K), 0.0201140 secs] [Times: user=0.12 sys=0.01, real=0.02 secs] 
2011-02-12T01:02:33.240+0000: 2642.560: [GC
Desired survivor size 37421056 bytes, new threshold 1 (max 15)
 [PSYoungGen: 2732768K->6390K(2759616K)] 3334506K->608592K(8352064K), 0.0148590 secs] [Times: user=0.08 sys=0.02, real=0.01 secs] 
2011-02-12T01:02:37.947+0000: 2647.267: [GC
Desired survivor size 37027840 bytes, new threshold 1 (max 15)
 [PSYoungGen: 2729462K->20800K(2759616K)] 3331664K->623484K(8352064K), 0.0308880 secs] [Times: user=0.21 sys=0.01, real=0.03 secs] 
2011-02-12T01:02:42.360+0000: 2651.680: [GC
Desired survivor size 35979264 bytes, new threshold 1 (max 15)
 [PSYoungGen: 2743872K->11738K(2761024K)] 3346556K->614939K(8353472K), 0.0208680 secs] [Times: user=0.13 sys=0.01, real=0.03 secs] 
2011-02-12T01:02:46.737+0000: 2656.057: [GC
Desired survivor size 35782656 bytes, new threshold 1 (max 15)
 [PSYoungGen: 2736602K->21060K(2760000K)] 3339803K->625058K(8352448K), 0.0303300 secs] [Times: user=0.21 sys=0.01, real=0.03 secs] 
2011-02-12T01:02:50.949+0000: 2660.269: [GC
Desired survivor size 35651584 bytes, new threshold 1 (max 15)
 [PSYoungGen: 2745924K->6924K(2761344K)] 3349922K->611634K(8353792K), 0.0159290 secs] [Times: user=0.10 sys=0.01, real=0.02 secs] 
2011-02-12T01:02:55.455+0000: 2664.774: [GC
Desired survivor size 34537472 bytes, new threshold 1 (max 15)
 [PSYoungGen: 2733324K->18048K(2761216K)] 3338034K->623173K(8353664K), 0.0274910 secs] [Times: user=0.18 sys=0.01, real=0.03 secs] 
2011-02-12T01:03:00.164+0000: 2669.484: [GC
Desired survivor size 33292288 bytes, new threshold 1 (max 15)
 [PSYoungGen: 2744448K->13212K(2763648K)] 3349573K->618800K(8356096K), 0.0222620 secs] [Times: user=0.16 sys=0.01, real=0.02 secs] 
2011-02-12T01:03:04.238+0000: 2673.558: [GC
Desired survivor size 36175872 bytes, new threshold 1 (max 15)
 [PSYoungGen: 2743132K->28051K(2758016K)] 3348720K->634216K(8350464K), 0.0402230 secs] [Times: user=0.25 sys=0.01, real=0.04 secs] 
2011-02-12T01:03:08.350+0000: 2677.669: [GC
Desired survivor size 36438016 bytes, new threshold 1 (max 15)
 [PSYoungGen: 2757971K->4824K(2760320K)] 3364136K->611577K(8352768K), 0.0140200 secs] [Times: user=0.07 sys=0.01, real=0.02 secs] 
2011-02-12T01:03:13.075+0000: 2682.394: [GC
Desired survivor size 35586048 bytes, new threshold 1 (max 15)
 [PSYoungGen: 2729816K->18944K(2760576K)] 3336569K->626269K(8353024K), 0.0285000 secs] [Times: user=0.18 sys=0.01, real=0.02 secs] 
2011-02-12T01:03:17.811+0000: 2687.130: [GC
Desired survivor size 34078720 bytes, new threshold 1 (max 15)
 [PSYoungGen: 2743936K->17196K(2762880K)] 3351261K->624933K(8355328K), 0.0270700 secs] [Times: user=0.17 sys=0.02, real=0.03 secs] 
2011-02-12T01:03:22.250+0000: 2691.570: [GC
Desired survivor size 34078720 bytes, new threshold 1 (max 15)
 [PSYoungGen: 2745324K->6554K(2761408K)] 3353061K->614847K(8353856K), 0.0152060 secs] [Times: user=0.10 sys=0.01, real=0.02 secs] 
2011-02-12T01:03:27.040+0000: 2696.359: [GC
Desired survivor size 33554432 bytes, new threshold 1 (max 15)
 [PSYoungGen: 2734682K->7688K(2763392K)] 3342975K->616680K(8355840K), 0.0166650 secs] [Times: user=0.10 sys=0.02, real=0.02 secs] 
2011-02-12T01:03:31.500+0000: 2700.820: [GC
Desired survivor size 33030144 bytes, new threshold 1 (max 15)
 [PSYoungGen: 2737800K->18108K(2762880K)] 3346792K->627557K(8355328K), 0.0283080 secs] [Times: user=0.19 sys=0.02, real=0.03 secs] 
2011-02-12T01:03:35.853+0000: 2705.172: [GC
Desired survivor size 32768000 bytes, new threshold 1 (max 15)
 [PSYoungGen: 2748220K->6112K(2764160K)] 3357669K->616089K(8356608K), 0.0152980 secs] [Times: user=0.09 sys=0.01, real=0.02 secs] 
2011-02-12T01:03:40.557+0000: 2709.876: [GC
Desired survivor size 33161216 bytes, new threshold 1 (max 15)
 [PSYoungGen: 2738016K->19840K(2751744K)] 3347993K->630257K(8344192K), 0.0301820 secs] [Times: user=0.20 sys=0.01, real=0.03 secs] 
2011-02-12T01:03:45.121+0000: 2714.440: [GC
Desired survivor size 32768000 bytes, new threshold 1 (max 15)
 [PSYoungGen: 2751744K->18386K(2764160K)] 3362161K->629279K(8356608K), 0.0283160 secs] [Times: user=0.17 sys=0.01, real=0.03 secs] 
2011-02-12T01:03:49.212+0000: 2718.532: [GC
Desired survivor size 33619968 bytes, new threshold 1 (max 15)
 [PSYoungGen: 2750162K->21831K(2753664K)] 3361055K->633591K(8346112K), 0.0337430 secs] [Times: user=0.22 sys=0.01, real=0.03 secs] 
2011-02-12T01:03:53.349+0000: 2722.669: [GC
Desired survivor size 36175872 bytes, new threshold 1 (max 15)
 [PSYoungGen: 2753607K->26976K(2758336K)] 3365367K->639392K(8350784K), 0.0382250 secs] [Times: user=0.25 sys=0.01, real=0.03 secs] 
2011-02-12T01:03:57.464+0000: 2726.783: [GC
Desired survivor size 35848192 bytes, new threshold 1 (max 15)
 [PSYoungGen: 2752480K->7656K(2760832K)] 3364896K->620502K(8353280K), 0.0175160 secs] [Times: user=0.08 sys=0.01, real=0.02 secs] 
2011-02-12T01:04:01.611+0000: 2730.931: [GC
Desired survivor size 35651584 bytes, new threshold 1 (max 15)
 [PSYoungGen: 2733160K->5985K(2761344K)] 3346006K->619256K(8353792K), 0.0161250 secs] [Times: user=0.08 sys=0.01, real=0.01 secs] 
2011-02-12T01:04:05.648+0000: 2734.968: [GC
Desired survivor size 35127296 bytes, new threshold 1 (max 15)
 [PSYoungGen: 2732321K->5987K(2761152K)] 3345592K->619950K(8353600K), 0.0162230 secs] [Times: user=0.09 sys=0.02, real=0.02 secs] 
2011-02-12T01:04:10.304+0000: 2739.624: [GC
Desired survivor size 34603008 bytes, new threshold 1 (max 15)
 [PSYoungGen: 2732323K->5164K(2762368K)] 3346286K->619579K(8354816K), 0.0143380 secs] [Times: user=0.07 sys=0.01, real=0.01 secs] 
2011-02-12T01:04:14.930+0000: 2744.249: [GC
Desired survivor size 34209792 bytes, new threshold 1 (max 15)
 [PSYoungGen: 2733228K->17676K(2761856K)] 3347643K->632595K(8354304K), 0.0270920 secs] [Times: user=0.18 sys=0.00, real=0.03 secs] 
2011-02-12T01:04:19.218+0000: 2748.538: [GC
Desired survivor size 32964608 bytes, new threshold 1 (max 15)
 [PSYoungGen: 2745740K->9184K(2763968K)] 3360659K->624666K(8356416K), 0.0190590 secs] [Times: user=0.12 sys=0.01, real=0.02 secs] 
2011-02-12T01:04:23.938+0000: 2753.258: [GC
Desired survivor size 31850496 bytes, new threshold 1 (max 15)
 [PSYoungGen: 2739744K->8416K(2762752K)] 3355226K->624334K(8355200K), 0.0187220 secs] [Times: user=0.09 sys=0.01, real=0.02 secs] 
2011-02-12T01:04:28.660+0000: 2757.980: [GC
Desired survivor size 30867456 bytes, new threshold 1 (max 15)
 [PSYoungGen: 2738976K->7456K(2766016K)] 3354894K->623818K(8358464K), 0.0166640 secs] [Times: user=0.10 sys=0.01, real=0.02 secs] 
2011-02-12T01:04:33.033+0000: 2762.352: [GC
Desired survivor size 33030144 bytes, new threshold 1 (max 15)
 [PSYoungGen: 2742368K->22702K(2757632K)] 3358730K->639389K(8350080K), 0.0325860 secs] [Times: user=0.22 sys=0.02, real=0.04 secs] 
2011-02-12T01:04:37.401+0000: 2766.721: [GC
Desired survivor size 31129600 bytes, new threshold 1 (max 15)
 [PSYoungGen: 2757614K->12688K(2765760K)] 3374301K->630115K(8358208K), 0.0222290 secs] [Times: user=0.14 sys=0.01, real=0.02 secs] 
2011-02-12T01:04:41.917+0000: 2771.237: [GC
Desired survivor size 34078720 bytes, new threshold 1 (max 15)
 [PSYoungGen: 2746192K->25474K(2759040K)] 3363619K->643306K(8351488K), 0.0347920 secs] [Times: user=0.25 sys=0.03, real=0.03 secs] 
2011-02-12T01:04:46.058+0000: 2775.378: [GC
Desired survivor size 32112640 bytes, new threshold 1 (max 15)
 [PSYoungGen: 2758978K->14288K(2764800K)] 3376810K->632803K(8357248K), 0.0249190 secs] [Times: user=0.17 sys=0.01, real=0.02 secs] 
2011-02-12T01:04:50.537+0000: 2779.856: [GC
Desired survivor size 32899072 bytes, new threshold 1 (max 15)
 [PSYoungGen: 2745808K->21007K(2762880K)] 3364323K->640083K(8355328K), 0.0301910 secs] [Times: user=0.22 sys=0.01, real=0.03 secs] 
2011-02-12T01:04:55.256+0000: 2784.575: [GC
Desired survivor size 32964608 bytes, new threshold 1 (max 15)
 [PSYoungGen: 2752527K->19712K(2763904K)] 3371603K->639671K(8356352K), 0.0291510 secs] [Times: user=0.20 sys=0.01, real=0.03 secs] 
2011-02-12T01:04:59.798+0000: 2789.118: [GC
Desired survivor size 32047104 bytes, new threshold 1 (max 15)
 [PSYoungGen: 2751488K->11008K(2763968K)] 3371447K->631483K(8356416K), 0.0210220 secs] [Times: user=0.12 sys=0.01, real=0.02 secs] 
2011-02-12T01:05:03.843+0000: 2793.163: [GC
Desired survivor size 36765696 bytes, new threshold 1 (max 15)
 [PSYoungGen: 2742784K->31276K(2755648K)] 3363259K->652363K(8348096K), 0.0436660 secs] [Times: user=0.30 sys=0.02, real=0.04 secs] 
2011-02-12T01:05:07.862+0000: 2797.182: [GC
Desired survivor size 35323904 bytes, new threshold 1 (max 15)
 [PSYoungGen: 2755628K->13518K(2760256K)] 3376715K->635273K(8352704K), 0.0248490 secs] [Times: user=0.14 sys=0.02, real=0.02 secs] 
2011-02-12T01:05:12.030+0000: 2801.349: [GC
Desired survivor size 34537472 bytes, new threshold 1 (max 15)
 [PSYoungGen: 2737870K->19226K(2762432K)] 3359625K->641583K(8354880K), 0.0290310 secs] [Times: user=0.19 sys=0.02, real=0.03 secs] 
2011-02-12T01:05:15.990+0000: 2805.310: [GC
Desired survivor size 34340864 bytes, new threshold 1 (max 15)
 [PSYoungGen: 2747162K->20690K(2761664K)] 3369519K->643714K(8354112K), 0.0300950 secs] [Times: user=0.21 sys=0.01, real=0.03 secs] 
2011-02-12T01:05:20.343+0000: 2809.662: [GC
Desired survivor size 33488896 bytes, new threshold 1 (max 15)
 [PSYoungGen: 2748626K->12096K(2763456K)] 3371650K->635526K(8355904K), 0.0224390 secs] [Times: user=0.14 sys=0.01, real=0.02 secs] 
2011-02-12T01:05:24.523+0000: 2813.842: [GC
Desired survivor size 32309248 bytes, new threshold 1 (max 15)
 [PSYoungGen: 2742016K->14220K(2762624K)] 3365446K->638086K(8355072K), 0.0236000 secs] [Times: user=0.17 sys=0.01, real=0.02 secs] 
2011-02-12T01:05:29.033+0000: 2818.353: [GC
Desired survivor size 32636928 bytes, new threshold 1 (max 15)
 [PSYoungGen: 2744140K->5408K(2763968K)] 3368006K->629774K(8356416K), 0.0144190 secs] [Times: user=0.08 sys=0.01, real=0.01 secs] 
2011-02-12T01:05:33.719+0000: 2823.039: [GC
Desired survivor size 31326208 bytes, new threshold 1 (max 15)
 [PSYoungGen: 2737824K->16256K(2764288K)] 3362190K->641050K(8356736K), 0.0262250 secs] [Times: user=0.16 sys=0.01, real=0.03 secs] 
2011-02-12T01:05:38.353+0000: 2827.673: [GC
Desired survivor size 30146560 bytes, new threshold 1 (max 15)
 [PSYoungGen: 2748672K->13152K(2766720K)] 3373466K->638346K(8359168K), 0.0226870 secs] [Times: user=0.14 sys=0.01, real=0.02 secs] 
2011-02-12T01:05:43.231+0000: 2832.551: [GC
Desired survivor size 29556736 bytes, new threshold 1 (max 15)
 [PSYoungGen: 2749280K->10224K(2765568K)] 3374474K->635838K(8358016K), 0.0205740 secs] [Times: user=0.12 sys=0.01, real=0.02 secs] 
2011-02-12T01:05:48.238+0000: 2837.557: [GC
Desired survivor size 30474240 bytes, new threshold 1 (max 15)
 [PSYoungGen: 2746352K->21020K(2765504K)] 3371966K->647310K(8357952K), 0.0303400 secs] [Times: user=0.21 sys=0.01, real=0.03 secs] 
2011-02-12T01:05:53.232+0000: 2842.551: [GC
Desired survivor size 30867456 bytes, new threshold 1 (max 15)
 [PSYoungGen: 2757660K->4800K(2741440K)] 3383950K->631955K(8333888K), 0.0144710 secs] [Times: user=0.08 sys=0.02, real=0.02 secs] 
2011-02-12T01:05:57.974+0000: 2847.293: [GC
Desired survivor size 31784960 bytes, new threshold 1 (max 15)
 [PSYoungGen: 2741440K->20962K(2764224K)] 3368595K->648589K(8356672K), 0.0313700 secs] [Times: user=0.21 sys=0.01, real=0.04 secs] 
2011-02-12T01:06:02.535+0000: 2851.854: [GC
Desired survivor size 30867456 bytes, new threshold 1 (max 15)
 [PSYoungGen: 2755042K->16883K(2765120K)] 3382669K->644930K(8357568K), 0.0272480 secs] [Times: user=0.18 sys=0.02, real=0.03 secs] 
2011-02-12T01:06:06.929+0000: 2856.249: [GC
Desired survivor size 29491200 bytes, new threshold 1 (max 15)
 [PSYoungGen: 2750963K->14381K(2767360K)] 3379010K->643172K(8359808K), 0.0256750 secs] [Times: user=0.16 sys=0.02, real=0.03 secs] 
2011-02-12T01:06:11.726+0000: 2861.046: [GC
Desired survivor size 28770304 bytes, new threshold 1 (max 15)
 [PSYoungGen: 2751597K->10976K(2766016K)] 3380388K->640258K(8358464K), 0.0211350 secs] [Times: user=0.11 sys=0.01, real=0.02 secs] 
2011-02-12T01:06:16.374+0000: 2865.693: [GC
Desired survivor size 28704768 bytes, new threshold 1 (max 15)
 [PSYoungGen: 2748192K->7168K(2768128K)] 3377474K->636951K(8360576K), 0.0160460 secs] [Times: user=0.10 sys=0.01, real=0.02 secs] 
2011-02-12T01:06:20.916+0000: 2870.236: [GC
Desired survivor size 29097984 bytes, new threshold 1 (max 15)
 [PSYoungGen: 2747200K->18716K(2758784K)] 3376983K->648924K(8351232K), 0.0282540 secs] [Times: user=0.20 sys=0.00, real=0.03 secs] 
2011-02-12T01:06:25.509+0000: 2874.829: [GC
Desired survivor size 28049408 bytes, new threshold 1 (max 15)
 [PSYoungGen: 2758748K->11928K(2768768K)] 3388956K->642532K(8361216K), 0.0212120 secs] [Times: user=0.14 sys=0.01, real=0.02 secs] 
2011-02-12T01:06:30.352+0000: 2879.672: [GC
Desired survivor size 27721728 bytes, new threshold 1 (max 15)
 [PSYoungGen: 2752280K->8480K(2767744K)] 3382884K->639602K(8360192K), 0.0172000 secs] [Times: user=0.10 sys=0.02, real=0.02 secs] 
2011-02-12T01:06:34.803+0000: 2884.123: [GC
Desired survivor size 28966912 bytes, new threshold 1 (max 15)
 [PSYoungGen: 2748832K->20612K(2766656K)] 3379954K->652343K(8359104K), 0.0305390 secs] [Times: user=0.21 sys=0.01, real=0.03 secs] 
2011-02-12T01:06:39.592+0000: 2888.911: [GC
Desired survivor size 29229056 bytes, new threshold 1 (max 15)
 [PSYoungGen: 2760196K->18720K(2758336K)] 3391927K->650932K(8350784K), 0.0302520 secs] [Times: user=0.20 sys=0.02, real=0.03 secs] 
2011-02-12T01:06:44.073+0000: 2893.392: [GC
Desired survivor size 28835840 bytes, new threshold 1 (max 15)
 [PSYoungGen: 2758304K->8860K(2768000K)] 3390516K->641552K(8360448K), 0.0196460 secs] [Times: user=0.09 sys=0.02, real=0.02 secs] 
2011-02-12T01:06:48.871+0000: 2898.191: [GC
Desired survivor size 29032448 bytes, new threshold 1 (max 15)
 [PSYoungGen: 2748316K->4864K(2767616K)] 3381008K->638060K(8360064K), 0.0138210 secs] [Times: user=0.06 sys=0.01, real=0.01 secs] 
2011-02-12T01:06:53.738+0000: 2903.057: [GC
Desired survivor size 30277632 bytes, new threshold 1 (max 15)
 [PSYoungGen: 2744320K->20563K(2765376K)] 3377516K->654435K(8357824K), 0.0308460 secs] [Times: user=0.19 sys=0.01, real=0.03 secs] 
2011-02-12T01:06:58.597+0000: 2907.916: [GC
Desired survivor size 29425664 bytes, new threshold 1 (max 15)
 [PSYoungGen: 2757587K->9647K(2766592K)] 3391459K->643932K(8359040K), 0.0191150 secs] [Times: user=0.13 sys=0.02, real=0.02 secs] 
2011-02-12T01:07:02.792+0000: 2912.112: [GC
Desired survivor size 27852800 bytes, new threshold 1 (max 15)
 [PSYoungGen: 2746671K->13459K(2768960K)] 3380956K->648228K(8361408K), 0.0237230 secs] [Times: user=0.14 sys=0.01, real=0.02 secs] 
2011-02-12T01:07:06.425+0000: 2915.744: [GC
Desired survivor size 27066368 bytes, new threshold 1 (max 15)
 [PSYoungGen: 2753683K->10018K(2767424K)] 3388452K->645443K(8359872K), 0.0198980 secs] [Times: user=0.13 sys=0.02, real=0.02 secs] 
2011-02-12T01:07:10.018+0000: 2919.338: [GC
Desired survivor size 29425664 bytes, new threshold 1 (max 15)
 [PSYoungGen: 2750242K->22944K(2765120K)] 3385667K->658815K(8357568K), 0.0337700 secs] [Times: user=0.23 sys=0.02, real=0.03 secs] 
2011-02-12T01:07:13.907+0000: 2923.227: [GC
Desired survivor size 29949952 bytes, new threshold 1 (max 15)
 [PSYoungGen: 2761632K->19468K(2758208K)] 3397503K->655692K(8350656K), 0.0291330 secs] [Times: user=0.19 sys=0.02, real=0.03 secs] 
2011-02-12T01:07:18.089+0000: 2927.408: [GC
Desired survivor size 30146560 bytes, new threshold 1 (max 15)
 [PSYoungGen: 2758156K->4992K(2766528K)] 3394380K->641648K(8358976K), 0.0138070 secs] [Times: user=0.08 sys=0.01, real=0.01 secs] 
2011-02-12T01:07:22.561+0000: 2931.881: [GC
Desired survivor size 28704768 bytes, new threshold 1 (max 15)
 [PSYoungGen: 2742272K->14112K(2766720K)] 3378928K->651296K(8359168K), 0.0238920 secs] [Times: user=0.15 sys=0.02, real=0.03 secs] 
2011-02-12T01:07:27.151+0000: 2936.471: [GC
Desired survivor size 27983872 bytes, new threshold 1 (max 15)
 [PSYoungGen: 2751392K->9408K(2768832K)] 3388576K->647024K(8361280K), 0.0181740 secs] [Times: user=0.11 sys=0.02, real=0.02 secs] 
2011-02-12T01:07:31.435+0000: 2940.754: [GC
Desired survivor size 30081024 bytes, new threshold 1 (max 15)
 [PSYoungGen: 2750208K->22544K(2763392K)] 3387824K->660596K(8355840K), 0.0320810 secs] [Times: user=0.22 sys=0.01, real=0.04 secs] 
2011-02-12T01:07:35.600+0000: 2944.920: [GC
Desired survivor size 34013184 bytes, new threshold 1 (max 15)
 [PSYoungGen: 2763344K->28744K(2759104K)] 3401396K->667402K(8351552K), 0.0401020 secs] [Times: user=0.27 sys=0.02, real=0.04 secs] 
2011-02-12T01:07:39.758+0000: 2949.078: [GC
Desired survivor size 32964608 bytes, new threshold 1 (max 15)
 [PSYoungGen: 2758472K->11360K(2762944K)] 3397130K->650436K(8355392K), 0.0204030 secs] [Times: user=0.14 sys=0.01, real=0.02 secs] 
2011-02-12T01:07:44.236+0000: 2953.556: [GC
Desired survivor size 33226752 bytes, new threshold 1 (max 15)
 [PSYoungGen: 2741088K->20418K(2763456K)] 3380164K->659837K(8355904K), 0.0325450 secs] [Times: user=0.19 sys=0.01, real=0.04 secs] 
2011-02-12T01:07:48.714+0000: 2958.033: [GC
Desired survivor size 32112640 bytes, new threshold 1 (max 15)
 [PSYoungGen: 2751682K->12336K(2763712K)] 3391101K->652327K(8356160K), 0.0225930 secs] [Times: user=0.14 sys=0.01, real=0.02 secs] 
2011-02-12T01:07:53.246+0000: 2962.566: [GC
Desired survivor size 32112640 bytes, new threshold 1 (max 15)
 [PSYoungGen: 2743600K->5824K(2764800K)] 3383591K->646503K(8357248K), 0.0164150 secs] [Times: user=0.11 sys=0.01, real=0.02 secs] 
2011-02-12T01:07:58.095+0000: 2967.415: [GC
Desired survivor size 33161216 bytes, new threshold 1 (max 15)
 [PSYoungGen: 2739264K->21684K(2755136K)] 3379943K->662775K(8347584K), 0.0315330 secs] [Times: user=0.22 sys=0.01, real=0.03 secs] 
2011-02-12T01:08:02.833+0000: 2972.153: [GC
Desired survivor size 32899072 bytes, new threshold 1 (max 15)
 [PSYoungGen: 2755124K->19196K(2764032K)] 3396215K->660700K(8356480K), 0.0284460 secs] [Times: user=0.20 sys=0.01, real=0.03 secs] 
2011-02-12T01:08:07.381+0000: 2976.701: [GC
Desired survivor size 33095680 bytes, new threshold 1 (max 15)
 [PSYoungGen: 2750844K->4736K(2763776K)] 3392348K->646992K(8356224K), 0.0145890 secs] [Times: user=0.08 sys=0.01, real=0.01 secs] 
2011-02-12T01:08:12.116+0000: 2981.435: [GC
Desired survivor size 33619968 bytes, new threshold 1 (max 15)
 [PSYoungGen: 2736384K->20657K(2762816K)] 3378640K->663306K(8355264K), 0.0304620 secs] [Times: user=0.20 sys=0.01, real=0.03 secs] 
2011-02-12T01:08:17.001+0000: 2986.321: [GC
Desired survivor size 34406400 bytes, new threshold 1 (max 15)
 [PSYoungGen: 2751153K->21902K(2752448K)] 3393802K->665148K(8344896K), 0.0308610 secs] [Times: user=0.21 sys=0.01, real=0.04 secs] 
2011-02-12T01:08:21.681+0000: 2991.000: [GC
Desired survivor size 33751040 bytes, new threshold 1 (max 15)
 [PSYoungGen: 2752398K->18896K(2763200K)] 3395644K->662692K(8355648K), 0.0286620 secs] [Times: user=0.19 sys=0.02, real=0.03 secs] 
2011-02-12T01:08:26.715+0000: 2996.034: [GC
Desired survivor size 33423360 bytes, new threshold 1 (max 15)
 [PSYoungGen: 2748496K->19840K(2762560K)] 3392292K->664084K(8355008K), 0.0300670 secs] [Times: user=0.20 sys=0.02, real=0.03 secs] 
2011-02-12T01:08:31.351+0000: 3000.671: [GC
Desired survivor size 31916032 bytes, new threshold 1 (max 15)
 [PSYoungGen: 2749440K->15824K(2764992K)] 3393684K->660560K(8357440K), 0.0256500 secs] [Times: user=0.16 sys=0.01, real=0.03 secs] 
2011-02-12T01:08:36.139+0000: 3005.459: [GC
Desired survivor size 30998528 bytes, new threshold 1 (max 15)
 [PSYoungGen: 2748176K->12896K(2763520K)] 3392912K->658316K(8355968K), 0.0225400 secs] [Times: user=0.14 sys=0.02, real=0.02 secs] 
2011-02-12T01:08:40.817+0000: 3010.136: [GC
Desired survivor size 30408704 bytes, new threshold 1 (max 15)
 [PSYoungGen: 2745248K->10944K(2766464K)] 3390668K->656863K(8358912K), 0.0207610 secs] [Times: user=0.13 sys=0.01, real=0.02 secs] 
2011-02-12T01:08:45.459+0000: 3014.779: [GC
Desired survivor size 31653888 bytes, new threshold 1 (max 15)
 [PSYoungGen: 2747136K->22608K(2758848K)] 3393055K->668915K(8351296K), 0.0331350 secs] [Times: user=0.22 sys=0.02, real=0.03 secs] 
2011-02-12T01:08:50.236+0000: 3019.555: [GC
Desired survivor size 30998528 bytes, new threshold 1 (max 15)
 [PSYoungGen: 2758800K->18412K(2765888K)] 3405107K->665336K(8358336K), 0.0283920 secs] [Times: user=0.18 sys=0.02, real=0.02 secs] 
2011-02-12T01:08:55.049+0000: 3024.368: [GC
Desired survivor size 29818880 bytes, new threshold 1 (max 15)
 [PSYoungGen: 2753388K->15104K(2765248K)] 3400312K->662744K(8357696K), 0.0261550 secs] [Times: user=0.16 sys=0.01, real=0.02 secs] 
2011-02-12T01:08:59.938+0000: 3029.257: [GC
Desired survivor size 28901376 bytes, new threshold 1 (max 15)
 [PSYoungGen: 2750080K->14208K(2767936K)] 3397720K->662360K(8360384K), 0.0263490 secs] [Times: user=0.17 sys=0.02, real=0.02 secs] 
2011-02-12T01:09:03.975+0000: 3033.295: [GC
Desired survivor size 30736384 bytes, new threshold 1 (max 15)
 [PSYoungGen: 2753024K->24247K(2763072K)] 3401176K->672819K(8355520K), 0.0355850 secs] [Times: user=0.23 sys=0.02, real=0.04 secs] 
2011-02-12T01:09:08.623+0000: 3037.943: [GC
Desired survivor size 29818880 bytes, new threshold 1 (max 15)
 [PSYoungGen: 2763063K->14304K(2767040K)] 3411635K->663555K(8359488K), 0.0245800 secs] [Times: user=0.17 sys=0.01, real=0.03 secs] 
2011-02-12T01:09:13.267+0000: 3042.586: [GC
Desired survivor size 29425664 bytes, new threshold 1 (max 15)
 [PSYoungGen: 2751328K->11698K(2766144K)] 3400579K->661417K(8358592K), 0.0227060 secs] [Times: user=0.12 sys=0.02, real=0.03 secs] 
2011-02-12T01:09:17.892+0000: 3047.212: [GC
Desired survivor size 29818880 bytes, new threshold 1 (max 15)
 [PSYoungGen: 2748722K->6508K(2766656K)] 3398441K->656594K(8359104K), 0.0157600 secs] [Times: user=0.08 sys=0.01, real=0.01 secs] 
2011-02-12T01:09:22.747+0000: 3052.066: [GC
Desired survivor size 31129600 bytes, new threshold 1 (max 15)
 [PSYoungGen: 2744428K->22300K(2760256K)] 3394514K->672802K(8352704K), 0.0325860 secs] [Times: user=0.22 sys=0.01, real=0.04 secs] 
2011-02-12T01:09:27.510+0000: 3056.830: [GC
Desired survivor size 32178176 bytes, new threshold 1 (max 15)
 [PSYoungGen: 2760220K->22734K(2763712K)] 3410722K->673729K(8356160K), 0.0337390 secs] [Times: user=0.21 sys=0.02, real=0.03 secs] 
2011-02-12T01:09:32.066+0000: 3061.386: [GC
Desired survivor size 31195136 bytes, new threshold 1 (max 15)
 [PSYoungGen: 2756046K->13776K(2764736K)] 3407041K->665684K(8357184K), 0.0230390 secs] [Times: user=0.16 sys=0.02, real=0.02 secs] 
2011-02-12T01:09:36.756+0000: 3066.076: [GC
Desired survivor size 30605312 bytes, new threshold 1 (max 15)
 [PSYoungGen: 2747088K->11346K(2766272K)] 3398996K->663811K(8358720K), 0.0200500 secs] [Times: user=0.14 sys=0.01, real=0.02 secs] 
2011-02-12T01:09:40.751+0000: 3070.071: [GC
Desired survivor size 29294592 bytes, new threshold 1 (max 15)
 [PSYoungGen: 2747154K->15135K(2765696K)] 3399619K->668399K(8358144K), 0.0258150 secs] [Times: user=0.15 sys=0.01, real=0.03 secs] 
2011-02-12T01:09:45.022+0000: 3074.342: [GC
Desired survivor size 30932992 bytes, new threshold 1 (max 15)
 [PSYoungGen: 2750943K->23536K(2764352K)] 3404207K->677687K(8356800K), 0.0344010 secs] [Times: user=0.23 sys=0.02, real=0.03 secs] 
2011-02-12T01:09:49.246+0000: 3078.566: [GC
Desired survivor size 31064064 bytes, new threshold 1 (max 15)
 [PSYoungGen: 2759280K->7603K(2743360K)] 3413431K->662234K(8335808K), 0.0177050 secs] [Times: user=0.10 sys=0.01, real=0.02 secs] 
2011-02-12T01:09:53.944+0000: 3083.263: [GC
Desired survivor size 32505856 bytes, new threshold 1 (max 15)
 [PSYoungGen: 2743347K->23311K(2763008K)] 3397978K->678578K(8355456K), 0.0328660 secs] [Times: user=0.23 sys=0.01, real=0.03 secs] 
2011-02-12T01:09:58.561+0000: 3087.881: [GC
Desired survivor size 31129600 bytes, new threshold 1 (max 15)
 [PSYoungGen: 2755982K->15356K(2764416K)] 3411249K->671163K(8356864K), 0.0259430 secs] [Times: user=0.17 sys=0.01, real=0.03 secs] 
2011-02-12T01:10:02.659+0000: 3091.979: [GC
Desired survivor size 32899072 bytes, new threshold 1 (max 15)
 [PSYoungGen: 2748028K->24863K(2762304K)] 3403835K->681297K(8354752K), 0.0376160 secs] [Times: user=0.21 sys=0.01, real=0.04 secs] 
2011-02-12T01:10:06.213+0000: 3095.532: [GC
Desired survivor size 32047104 bytes, new threshold 1 (max 15)
 [PSYoungGen: 2756767K->19007K(2764032K)] 3413201K->676297K(8356480K), 0.0292930 secs] [Times: user=0.16 sys=0.02, real=0.03 secs] 
2011-02-12T01:10:10.059+0000: 3099.379: [GC
Desired survivor size 31981568 bytes, new threshold 1 (max 15)
 [PSYoungGen: 2750911K->9590K(2764928K)] 3408201K->667604K(8357376K), 0.0199150 secs] [Times: user=0.11 sys=0.01, real=0.02 secs] 
2011-02-12T01:10:13.977+0000: 3103.297: [GC
Desired survivor size 32178176 bytes, new threshold 1 (max 15)
 [PSYoungGen: 2743222K->20992K(2754624K)] 3401236K->679428K(8347072K), 0.0307300 secs] [Times: user=0.20 sys=0.02, real=0.03 secs] 
2011-02-12T01:10:18.084+0000: 3107.404: [GC
Desired survivor size 33161216 bytes, new threshold 1 (max 15)
 [PSYoungGen: 2754624K->23574K(2762816K)] 3413060K->682419K(8355264K), 0.0366080 secs] [Times: user=0.21 sys=0.02, real=0.04 secs] 
2011-02-12T01:10:22.135+0000: 3111.454: [GC
Desired survivor size 33619968 bytes, new threshold 1 (max 15)
 [PSYoungGen: 2754966K->6496K(2737920K)] 3413811K->665779K(8330368K), 0.0191720 secs] [Times: user=0.08 sys=0.02, real=0.02 secs] 
2011-02-12T01:10:26.583+0000: 3115.903: [GC
Desired survivor size 32505856 bytes, new threshold 1 (max 15)
 [PSYoungGen: 2737888K->17980K(2764416K)] 3397171K->677623K(8356864K), 0.0287300 secs] [Times: user=0.15 sys=0.01, real=0.03 secs] 
2011-02-12T01:10:31.019+0000: 3120.338: [GC
Desired survivor size 32374784 bytes, new threshold 1 (max 15)
 [PSYoungGen: 2749564K->8768K(2763328K)] 3409207K->668907K(8355776K), 0.0179500 secs] [Times: user=0.11 sys=0.00, real=0.01 secs] 
2011-02-12T01:10:35.549+0000: 3124.868: [GC
Desired survivor size 31129600 bytes, new threshold 1 (max 15)
 [PSYoungGen: 2740352K->16992K(2765760K)] 3400491K->677459K(8358208K), 0.0271510 secs] [Times: user=0.17 sys=0.02, real=0.02 secs] 
2011-02-12T01:10:39.927+0000: 3129.246: [GC
Desired survivor size 30867456 bytes, new threshold 1 (max 15)
 [PSYoungGen: 2751136K->9032K(2764544K)] 3411603K->669911K(8356992K), 0.0190630 secs] [Times: user=0.10 sys=0.02, real=0.02 secs] 
2011-02-12T01:10:44.714+0000: 3134.034: [GC
Desired survivor size 31391744 bytes, new threshold 1 (max 15)
 [PSYoungGen: 2743176K->3856K(2764992K)] 3404055K->665216K(8357440K), 0.0162930 secs] [Times: user=0.07 sys=0.01, real=0.02 secs] 
2011-02-12T01:10:49.529+0000: 3138.849: [GC
Desired survivor size 30212096 bytes, new threshold 1 (max 15)
 [PSYoungGen: 2738704K->11232K(2765504K)] 3400064K->673172K(8357952K), 0.0228370 secs] [Times: user=0.12 sys=0.01, real=0.03 secs] 
2011-02-12T01:10:54.120+0000: 3143.439: [GC
Desired survivor size 30212096 bytes, new threshold 1 (max 15)
 [PSYoungGen: 2746080K->4640K(2766656K)] 3408020K->667244K(8359104K), 0.0161220 secs] [Times: user=0.07 sys=0.00, real=0.02 secs] 
2011-02-12T01:10:58.665+0000: 3147.985: [GC
Desired survivor size 30670848 bytes, new threshold 1 (max 15)
 [PSYoungGen: 2741792K->18568K(2755776K)] 3404396K->681528K(8348224K), 0.0287290 secs] [Times: user=0.15 sys=0.02, real=0.03 secs] 
2011-02-12T01:11:03.079+0000: 3152.399: [GC
Desired survivor size 29622272 bytes, new threshold 1 (max 15)
 [PSYoungGen: 2755720K->9667K(2767232K)] 3418680K->673296K(8359680K), 0.0200370 secs] [Times: user=0.10 sys=0.02, real=0.02 secs] 
2011-02-12T01:11:07.197+0000: 3156.517: [GC
Desired survivor size 29884416 bytes, new threshold 1 (max 15)
 [PSYoungGen: 2746947K->17985K(2766208K)] 3410576K->682237K(8358656K), 0.0284890 secs] [Times: user=0.17 sys=0.01, real=0.03 secs] 
2011-02-12T01:11:11.526+0000: 3160.846: [GC
Desired survivor size 32178176 bytes, new threshold 1 (max 15)
 [PSYoungGen: 2755265K->24000K(2762496K)] 3419517K->689287K(8354944K), 0.0355730 secs] [Times: user=0.20 sys=0.01, real=0.03 secs] 
2011-02-12T01:11:15.987+0000: 3165.306: [GC
Desired survivor size 30670848 bytes, new threshold 1 (max 15)
 [PSYoungGen: 2757312K->13648K(2764736K)] 3422599K->679402K(8357184K), 0.0250540 secs] [Times: user=0.14 sys=0.02, real=0.02 secs] 
2011-02-12T01:11:20.037+0000: 3169.357: [GC
Desired survivor size 29360128 bytes, new threshold 1 (max 15)
 [PSYoungGen: 2746960K->13120K(2767488K)] 3412714K->679499K(8359936K), 0.0244070 secs] [Times: user=0.14 sys=0.01, real=0.02 secs] 
2011-02-12T01:11:24.612+0000: 3173.931: [GC
Desired survivor size 30212096 bytes, new threshold 1 (max 15)
 [PSYoungGen: 2750656K->20576K(2766208K)] 3417035K->687355K(8358656K), 0.0306620 secs] [Times: user=0.21 sys=0.01, real=0.03 secs] 
2011-02-12T01:11:29.191+0000: 3178.511: [GC
Desired survivor size 28770304 bytes, new threshold 1 (max 15)
 [PSYoungGen: 2758112K->15096K(2768064K)] 3424891K->682352K(8360512K), 0.0247360 secs] [Times: user=0.16 sys=0.01, real=0.03 secs] 
2011-02-12T01:11:33.869+0000: 3183.189: [GC
Desired survivor size 28442624 bytes, new threshold 1 (max 15)
 [PSYoungGen: 2753656K->9120K(2766656K)] 3420912K->676984K(8359104K), 0.0192520 secs] [Times: user=0.11 sys=0.02, real=0.02 secs] 
2011-02-12T01:11:38.360+0000: 3187.680: [GC
Desired survivor size 30474240 bytes, new threshold 1 (max 15)
 [PSYoungGen: 2747680K->23397K(2764416K)] 3415544K->691689K(8356864K), 0.0341440 secs] [Times: user=0.22 sys=0.01, real=0.03 secs] 
2011-02-12T01:11:42.558+0000: 3191.878: [GC
Desired survivor size 29949952 bytes, new threshold 1 (max 15)
 [PSYoungGen: 2760037K->9888K(2766400K)] 3428329K->678625K(8358848K), 0.0195570 secs] [Times: user=0.12 sys=0.01, real=0.02 secs] 
2011-02-12T01:11:46.581+0000: 3195.901: [GC
Desired survivor size 29425664 bytes, new threshold 1 (max 15)
 [PSYoungGen: 2746528K->9440K(2767424K)] 3415265K->678585K(8359872K), 0.0187120 secs] [Times: user=0.11 sys=0.01, real=0.02 secs] 
2011-02-12T01:11:50.926+0000: 3200.246: [GC
Desired survivor size 29884416 bytes, new threshold 1 (max 15)
 [PSYoungGen: 2747616K->19419K(2766912K)] 3416761K->689224K(8359360K), 0.0290010 secs] [Times: user=0.19 sys=0.02, real=0.03 secs] 
2011-02-12T01:11:55.409+0000: 3204.729: [GC
Desired survivor size 29229056 bytes, new threshold 1 (max 15)
 [PSYoungGen: 2757595K->10086K(2767616K)] 3427400K->680628K(8360064K), 0.0209250 secs] [Times: user=0.11 sys=0.01, real=0.02 secs] 
2011-02-12T01:11:59.715+0000: 3209.035: [GC
Desired survivor size 27918336 bytes, new threshold 1 (max 15)
 [PSYoungGen: 2748518K->14591K(2766976K)] 3419060K->685710K(8359424K), 0.0250410 secs] [Times: user=0.16 sys=0.01, real=0.03 secs] 
2011-02-12T01:12:03.752+0000: 3213.072: [GC
Desired survivor size 29556736 bytes, new threshold 1 (max 15)
 [PSYoungGen: 2753023K->22238K(2765696K)] 3424142K->693892K(8358144K), 0.0331180 secs] [Times: user=0.23 sys=0.01, real=0.03 secs] 
2011-02-12T01:12:07.740+0000: 3217.059: [GC
Desired survivor size 29556736 bytes, new threshold 1 (max 15)
 [PSYoungGen: 2760670K->18799K(2767296K)] 3432324K->691046K(8359744K), 0.0300180 secs] [Times: user=0.19 sys=0.02, real=0.03 secs] 
2011-02-12T01:12:12.507+0000: 3221.827: [GC
Desired survivor size 29032448 bytes, new threshold 1 (max 15)
 [PSYoungGen: 2757231K->17660K(2767808K)] 3429478K->690375K(8360256K), 0.0281150 secs] [Times: user=0.17 sys=0.01, real=0.03 secs] 
2011-02-12T01:12:17.609+0000: 3226.928: [GC
Desired survivor size 29097984 bytes, new threshold 1 (max 15)
 [PSYoungGen: 2756604K->19360K(2767296K)] 3429319K->692655K(8359744K), 0.0297010 secs] [Times: user=0.21 sys=0.01, real=0.03 secs] 
2011-02-12T01:12:22.441+0000: 3231.760: [GC
Desired survivor size 28573696 bytes, new threshold 1 (max 15)
 [PSYoungGen: 2758304K->12024K(2768256K)] 3431599K->685751K(8360704K), 0.0213560 secs] [Times: user=0.13 sys=0.02, real=0.02 secs] 
2011-02-12T01:12:27.531+0000: 3236.850: [GC
Desired survivor size 27394048 bytes, new threshold 1 (max 15)
 [PSYoungGen: 2751864K->15162K(2767744K)] 3425591K->689462K(8360192K), 0.0248320 secs] [Times: user=0.16 sys=0.01, real=0.03 secs] 
2011-02-12T01:12:32.445+0000: 3241.765: [GC
Desired survivor size 26607616 bytes, new threshold 1 (max 15)
 [PSYoungGen: 2755002K->13536K(2770176K)] 3429302K->688251K(8362624K), 0.0230470 secs] [Times: user=0.15 sys=0.02, real=0.02 secs] 
2011-02-12T01:12:37.391+0000: 3246.710: [GC
Desired survivor size 25690112 bytes, new threshold 1 (max 15)
 [PSYoungGen: 2756960K->15804K(2769408K)] 3431675K->690984K(8361856K), 0.0278550 secs] [Times: user=0.16 sys=0.03, real=0.03 secs] 
2011-02-12T01:12:42.035+0000: 3251.355: [GC
Desired survivor size 25034752 bytes, new threshold 1 (max 15)
 [PSYoungGen: 2759228K->13464K(2771712K)] 3434408K->689140K(8364160K), 0.0267650 secs] [Times: user=0.13 sys=0.01, real=0.02 secs] 
2011-02-12T01:12:46.980+0000: 3256.300: [GC
Desired survivor size 24510464 bytes, new threshold 1 (max 15)
 [PSYoungGen: 2760088K->12816K(2771072K)] 3435764K->688981K(8363520K), 0.0233860 secs] [Times: user=0.15 sys=0.01, real=0.02 secs] 
2011-02-12T01:12:51.874+0000: 3261.194: [GC
Desired survivor size 23920640 bytes, new threshold 1 (max 15)
 [PSYoungGen: 2759440K->13128K(2772800K)] 3435605K->689849K(8365248K), 0.0221210 secs] [Times: user=0.14 sys=0.02, real=0.03 secs] 
2011-02-12T01:12:56.654+0000: 3265.973: [GC
Desired survivor size 23265280 bytes, new threshold 1 (max 15)
 [PSYoungGen: 2761992K->13660K(2772224K)] 3438713K->691018K(8364672K), 0.0241610 secs] [Times: user=0.15 sys=0.01, real=0.03 secs] 
2011-02-12T01:13:01.539+0000: 3270.859: [GC
Desired survivor size 22806528 bytes, new threshold 1 (max 15)
 [PSYoungGen: 2762524K->12828K(2773888K)] 3439882K->690702K(8366336K), 0.0398140 secs] [Times: user=0.14 sys=0.00, real=0.04 secs] 
2011-02-12T01:13:06.101+0000: 3275.421: [GC
Desired survivor size 22151168 bytes, new threshold 1 (max 15)
 [PSYoungGen: 2763996K->13583K(2773440K)] 3441870K->692106K(8365888K), 0.0289030 secs] [Times: user=0.15 sys=0.01, real=0.03 secs] 
2011-02-12T01:13:10.863+0000: 3280.182: [GC
Desired survivor size 23068672 bytes, new threshold 1 (max 15)
 [PSYoungGen: 2764751K->18838K(2772736K)] 3443274K->697979K(8365184K), 0.0286900 secs] [Times: user=0.19 sys=0.01, real=0.03 secs] 
2011-02-12T01:13:15.443+0000: 3284.763: [GC
Desired survivor size 23003136 bytes, new threshold 1 (max 15)
 [PSYoungGen: 2769942K->10944K(2773632K)] 3449083K->690939K(8366080K), 0.0229280 secs] [Times: user=0.11 sys=0.01, real=0.02 secs] 
2011-02-12T01:13:19.771+0000: 3289.090: [GC
Desired survivor size 23592960 bytes, new threshold 1 (max 15)
 [PSYoungGen: 2762048K->18240K(2772544K)] 3442043K->698779K(8364992K), 0.0283310 secs] [Times: user=0.18 sys=0.02, real=0.03 secs] 
2011-02-12T01:13:24.594+0000: 3293.913: [GC
Desired survivor size 23789568 bytes, new threshold 1 (max 15)
 [PSYoungGen: 2768320K->17568K(2767680K)] 3448859K->698479K(8360128K), 0.0276350 secs] [Times: user=0.18 sys=0.01, real=0.03 secs] 
2011-02-12T01:13:29.128+0000: 3298.447: [GC
Desired survivor size 23855104 bytes, new threshold 1 (max 15)
 [PSYoungGen: 2767648K->10115K(2772800K)] 3448559K->691376K(8365248K), 0.0192840 secs] [Times: user=0.12 sys=0.01, real=0.02 secs] 
2011-02-12T01:13:33.606+0000: 3302.926: [GC
Desired survivor size 26476544 bytes, new threshold 1 (max 15)
 [PSYoungGen: 2759683K->23296K(2772864K)] 3440944K->705196K(8365312K), 0.0337530 secs] [Times: user=0.24 sys=0.02, real=0.04 secs] 
2011-02-12T01:13:38.231+0000: 3307.551: [GC
Desired survivor size 25493504 bytes, new threshold 1 (max 15)
 [PSYoungGen: 2772864K->15756K(2769664K)] 3454764K->698148K(8362112K), 0.0257690 secs] [Times: user=0.17 sys=0.00, real=0.02 secs] 
2011-02-12T01:13:42.941+0000: 3312.261: [GC
Desired survivor size 25427968 bytes, new threshold 1 (max 15)
 [PSYoungGen: 2762124K->10656K(2771264K)] 3444516K->693556K(8363712K), 0.0216090 secs] [Times: user=0.14 sys=0.01, real=0.03 secs] 
2011-02-12T01:13:47.462+0000: 3316.782: [GC
Desired survivor size 26345472 bytes, new threshold 1 (max 15)
 [PSYoungGen: 2757024K->3840K(2769536K)] 3439924K->687224K(8361984K), 0.0128040 secs] [Times: user=0.08 sys=0.01, real=0.01 secs] 
2011-02-12T01:13:52.307+0000: 3321.627: [GC
Desired survivor size 27000832 bytes, new threshold 1 (max 15)
 [PSYoungGen: 2748544K->3376K(2748096K)] 3431928K->687373K(8340544K), 0.0136040 secs] [Times: user=0.06 sys=0.01, real=0.01 secs] 
2011-02-12T01:13:57.362+0000: 3326.682: [GC
Desired survivor size 26017792 bytes, new threshold 1 (max 15)
 [PSYoungGen: 2748080K->10624K(2770752K)] 3432077K->695149K(8363200K), 0.0210460 secs] [Times: user=0.12 sys=0.01, real=0.03 secs] 
2011-02-12T01:14:01.593+0000: 3330.913: [GC
Desired survivor size 25624576 bytes, new threshold 1 (max 15)
 [PSYoungGen: 2755008K->7493K(2769792K)] 3439533K->692495K(8362240K), 0.0167530 secs] [Times: user=0.08 sys=0.01, real=0.01 secs] 
2011-02-12T01:14:05.598+0000: 3334.918: [GC
Desired survivor size 24969216 bytes, new threshold 1 (max 15)
 [PSYoungGen: 2751877K->8310K(2771776K)] 3436879K->694069K(8364224K), 0.0181440 secs] [Times: user=0.11 sys=0.01, real=0.02 secs] 
2011-02-12T01:14:10.067+0000: 3339.387: [GC
Desired survivor size 26607616 bytes, new threshold 1 (max 15)
 [PSYoungGen: 2755062K->19394K(2766208K)] 3440821K->705615K(8358656K), 0.0296350 secs] [Times: user=0.20 sys=0.01, real=0.03 secs] 
2011-02-12T01:14:14.767+0000: 3344.087: [GC
Desired survivor size 28377088 bytes, new threshold 1 (max 15)
 [PSYoungGen: 2766146K->20913K(2766720K)] 3452367K->707705K(8359168K), 0.0299650 secs] [Times: user=0.19 sys=0.01, real=0.03 secs] 
2011-02-12T01:14:19.151+0000: 3348.470: [GC
Desired survivor size 27787264 bytes, new threshold 1 (max 15)
 [PSYoungGen: 2761649K->15651K(2768448K)] 3448441K->702971K(8360896K), 0.0253730 secs] [Times: user=0.18 sys=0.01, real=0.03 secs] 
2011-02-12T01:14:23.926+0000: 3353.246: [GC
Desired survivor size 27459584 bytes, new threshold 1 (max 15)
 [PSYoungGen: 2756387K->16448K(2769344K)] 3443707K->704187K(8361792K), 0.0263740 secs] [Times: user=0.18 sys=0.00, real=0.02 secs] 
2011-02-12T01:14:29.041+0000: 3358.361: [GC
Desired survivor size 27459584 bytes, new threshold 1 (max 15)
 [PSYoungGen: 2758656K->6528K(2769024K)] 3446395K->694639K(8361472K), 0.0158600 secs] [Times: user=0.10 sys=0.01, real=0.02 secs] 
2011-02-12T01:14:33.864+0000: 3363.184: [GC
Desired survivor size 27656192 bytes, new threshold 1 (max 15)
 [PSYoungGen: 2748736K->3936K(2768960K)] 3436847K->692437K(8361408K), 0.0134210 secs] [Times: user=0.07 sys=0.02, real=0.02 secs] 
2011-02-12T01:14:38.665+0000: 3367.985: [GC
Desired survivor size 28966912 bytes, new threshold 1 (max 15)
 [PSYoungGen: 2746080K->19700K(2761856K)] 3434581K->708665K(8354304K), 0.0297550 secs] [Times: user=0.21 sys=0.02, real=0.03 secs] 
2011-02-12T01:14:44.028+0000: 3373.348: [GC
Desired survivor size 28377088 bytes, new threshold 1 (max 15)
 [PSYoungGen: 2761844K->7459K(2768448K)] 3450809K->696856K(8360896K), 0.0164050 secs] [Times: user=0.10 sys=0.01, real=0.02 secs] 
2011-02-12T01:14:49.279+0000: 3378.599: [GC
Desired survivor size 27066368 bytes, new threshold 1 (max 15)
 [PSYoungGen: 2747619K->13056K(2767872K)] 3437016K->703088K(8360320K), 0.0263950 secs] [Times: user=0.13 sys=0.02, real=0.03 secs] 
2011-02-12T01:14:54.675+0000: 3383.995: [GC
Desired survivor size 28246016 bytes, new threshold 1 (max 15)
 [PSYoungGen: 2753216K->19488K(2767424K)] 3443248K->710288K(8359872K), 0.0323170 secs] [Times: user=0.21 sys=0.02, real=0.03 secs] 
2011-02-12T01:14:59.753+0000: 3389.073: [GC
Desired survivor size 27787264 bytes, new threshold 1 (max 15)
 [PSYoungGen: 2760480K->7680K(2768576K)] 3451280K->699028K(8361024K), 0.0169850 secs] [Times: user=0.11 sys=0.02, real=0.02 secs] 
2011-02-12T01:15:04.316+0000: 3393.636: [GC
Desired survivor size 28966912 bytes, new threshold 1 (max 15)
 [PSYoungGen: 2748672K->19692K(2766720K)] 3440020K->711521K(8359168K), 0.0315720 secs] [Times: user=0.17 sys=0.02, real=0.03 secs] 
2011-02-12T01:15:08.576+0000: 3397.896: [GC
Desired survivor size 28704768 bytes, new threshold 1 (max 15)
 [PSYoungGen: 2759276K->6176K(2767872K)] 3451105K->698769K(8360320K), 0.0168530 secs] [Times: user=0.07 sys=0.02, real=0.02 secs] 
2011-02-12T01:15:13.341+0000: 3402.661: [GC
Desired survivor size 30801920 bytes, new threshold 1 (max 15)
 [PSYoungGen: 2745760K->22304K(2764032K)] 3438353K->715309K(8356480K), 0.0333040 secs] [Times: user=0.22 sys=0.02, real=0.04 secs] 
2011-02-12T01:15:17.888+0000: 3407.208: [GC
Desired survivor size 30277632 bytes, new threshold 1 (max 15)
 [PSYoungGen: 2758304K->16658K(2766080K)] 3451309K->710159K(8358528K), 0.0265410 secs] [Times: user=0.18 sys=0.02, real=0.03 secs] 
2011-02-12T01:15:22.398+0000: 3411.718: [GC
Desired survivor size 28966912 bytes, new threshold 1 (max 15)
 [PSYoungGen: 2752658K->12000K(2767872K)] 3446159K->705941K(8360320K), 0.0212690 secs] [Times: user=0.14 sys=0.02, real=0.02 secs] 
2011-02-12T01:15:27.120+0000: 3416.439: [GC
Desired survivor size 28639232 bytes, new threshold 1 (max 15)
 [PSYoungGen: 2750304K->7264K(2766592K)] 3444245K->701693K(8359040K), 0.0176070 secs] [Times: user=0.10 sys=0.01, real=0.02 secs] 
2011-02-12T01:15:31.713+0000: 3421.033: [GC
Desired survivor size 28573696 bytes, new threshold 1 (max 15)
 [PSYoungGen: 2745568K->4640K(2768256K)] 3439997K->699529K(8360704K), 0.0141160 secs] [Times: user=0.09 sys=0.01, real=0.02 secs] 
2011-02-12T01:15:36.382+0000: 3425.702: [GC
Desired survivor size 30801920 bytes, new threshold 1 (max 15)
 [PSYoungGen: 2744928K->22304K(2762624K)] 3439817K->717617K(8355072K), 0.0325510 secs] [Times: user=0.23 sys=0.02, real=0.03 secs] 
2011-02-12T01:15:41.249+0000: 3430.569: [GC
Desired survivor size 30801920 bytes, new threshold 1 (max 15)
 [PSYoungGen: 2762592K->17888K(2766080K)] 3457905K->713521K(8358528K), 0.0284130 secs] [Times: user=0.19 sys=0.02, real=0.03 secs] 
2011-02-12T01:15:46.113+0000: 3435.433: [GC
Desired survivor size 30212096 bytes, new threshold 1 (max 15)
 [PSYoungGen: 2753888K->16432K(2766080K)] 3449521K->712516K(8358528K), 0.0265260 secs] [Times: user=0.18 sys=0.02, real=0.03 secs] 
2011-02-12T01:15:50.666+0000: 3439.986: [GC
Desired survivor size 29687808 bytes, new threshold 1 (max 15)
 [PSYoungGen: 2752432K->7632K(2767168K)] 3448516K->704304K(8359616K), 0.0170780 secs] [Times: user=0.10 sys=0.01, real=0.02 secs] 
2011-02-12T01:15:55.148+0000: 3444.467: [GC
Desired survivor size 28704768 bytes, new threshold 1 (max 15)
 [PSYoungGen: 2745296K->9856K(2766656K)] 3441968K->707132K(8359104K), 0.0205740 secs] [Times: user=0.13 sys=0.01, real=0.02 secs] 
2011-02-12T01:15:59.784+0000: 3449.103: [GC
Desired survivor size 28377088 bytes, new threshold 1 (max 15)
 [PSYoungGen: 2747520K->6048K(2768448K)] 3444796K->703692K(8360896K), 0.0157800 secs] [Times: user=0.10 sys=0.01, real=0.02 secs] 
2011-02-12T01:16:04.150+0000: 3453.469: [GC
Desired survivor size 27394048 bytes, new threshold 1 (max 15)
 [PSYoungGen: 2746464K->8798K(2768128K)] 3444108K->706950K(8360576K), 0.0187890 secs] [Times: user=0.12 sys=0.02, real=0.02 secs] 
2011-02-12T01:16:08.683+0000: 3458.002: [GC
Desired survivor size 28770304 bytes, new threshold 1 (max 15)
 [PSYoungGen: 2749214K->19608K(2766720K)] 3447366K->718529K(8359168K), 0.0321310 secs] [Times: user=0.19 sys=0.01, real=0.03 secs] 
2011-02-12T01:16:12.843+0000: 3462.163: [GC
Desired survivor size 30932992 bytes, new threshold 1 (max 15)
 [PSYoungGen: 2759576K->22560K(2762560K)] 3458497K->722073K(8355008K), 0.0333880 secs] [Times: user=0.24 sys=0.02, real=0.03 secs] 
2011-02-12T01:16:17.180+0000: 3466.499: [GC
Desired survivor size 29360128 bytes, new threshold 1 (max 15)
 [PSYoungGen: 2762528K->13340K(2767488K)] 3462041K->713313K(8359936K), 0.0247180 secs] [Times: user=0.14 sys=0.01, real=0.03 secs] 
2011-02-12T01:16:21.641+0000: 3470.961: [GC
Desired survivor size 28966912 bytes, new threshold 1 (max 15)
 [PSYoungGen: 2750620K->6993K(2765952K)] 3450593K->707473K(8358400K), 0.0167440 secs] [Times: user=0.09 sys=0.01, real=0.01 secs] 
2011-02-12T01:16:26.330+0000: 3475.650: [GC
Desired survivor size 30670848 bytes, new threshold 1 (max 15)
 [PSYoungGen: 2744273K->21664K(2764544K)] 3444753K->722818K(8356992K), 0.0327760 secs] [Times: user=0.24 sys=0.01, real=0.04 secs] 
2011-02-12T01:16:30.972+0000: 3480.292: [GC
Desired survivor size 29229056 bytes, new threshold 1 (max 15)
 [PSYoungGen: 2757920K->14400K(2766208K)] 3459074K->715942K(8358656K), 0.0240480 secs] [Times: user=0.14 sys=0.02, real=0.02 secs] 
2011-02-12T01:16:35.790+0000: 3485.110: [GC
Desired survivor size 27852800 bytes, new threshold 1 (max 15)
 [PSYoungGen: 2750656K->13344K(2768960K)] 3452198K->715412K(8361408K), 0.0247560 secs] [Times: user=0.14 sys=0.01, real=0.03 secs] 
2011-02-12T01:16:40.255+0000: 3489.574: [GC
Desired survivor size 29753344 bytes, new threshold 1 (max 15)
 [PSYoungGen: 2753760K->22496K(2762944K)] 3455828K->725024K(8355392K), 0.0328680 secs] [Times: user=0.21 sys=0.03, real=0.03 secs] 
2011-02-12T01:16:44.971+0000: 3494.291: [GC
Desired survivor size 29622272 bytes, new threshold 1 (max 15)
 [PSYoungGen: 2762912K->18208K(2767232K)] 3465440K->721192K(8359680K), 0.0299640 secs] [Times: user=0.17 sys=0.01, real=0.03 secs] 
2011-02-12T01:16:49.571+0000: 3498.891: [GC
Desired survivor size 28246016 bytes, new threshold 1 (max 15)
 [PSYoungGen: 2756384K->14864K(2767104K)] 3459368K->718352K(8359552K), 0.0245350 secs] [Times: user=0.16 sys=0.00, real=0.03 secs] 
2011-02-12T01:16:54.285+0000: 3503.604: [GC
Desired survivor size 27328512 bytes, new threshold 1 (max 15)
 [PSYoungGen: 2753040K->12869K(2769472K)] 3456528K->717117K(8361920K), 0.0243300 secs] [Times: user=0.12 sys=0.02, real=0.03 secs] 
2011-02-12T01:16:59.177+0000: 3508.497: [GC
Desired survivor size 26804224 bytes, new threshold 1 (max 15)
 [PSYoungGen: 2754757K->10912K(2768576K)] 3459005K->715484K(8361024K), 0.0231030 secs] [Times: user=0.11 sys=0.02, real=0.02 secs] 
2011-02-12T01:17:03.636+0000: 3512.956: [GC
Desired survivor size 29229056 bytes, new threshold 1 (max 15)
 [PSYoungGen: 2752800K->23923K(2765248K)] 3457372K->728880K(8357696K), 0.0342370 secs] [Times: user=0.24 sys=0.02, real=0.03 secs] 
2011-02-12T01:17:08.475+0000: 3517.795: [GC
Desired survivor size 29949952 bytes, new threshold 1 (max 15)
 [PSYoungGen: 2762995K->20960K(2760064K)] 3467952K->726568K(8352512K), 0.0317990 secs] [Times: user=0.21 sys=0.01, real=0.04 secs] 
2011-02-12T01:17:13.514+0000: 3522.834: [GC
Desired survivor size 30801920 bytes, new threshold 1 (max 15)
 [PSYoungGen: 2760032K->21722K(2765248K)] 3465640K->727814K(8357696K), 0.0343390 secs] [Times: user=0.23 sys=0.03, real=0.04 secs] 
2011-02-12T01:17:18.490+0000: 3527.809: [GC
Desired survivor size 31719424 bytes, new threshold 1 (max 15)
 [PSYoungGen: 2757722K->22560K(2758592K)] 3463814K->729401K(8351040K), 0.0336400 secs] [Times: user=0.24 sys=0.01, real=0.03 secs] 
2011-02-12T01:17:23.157+0000: 3532.477: [GC
Desired survivor size 31326208 bytes, new threshold 1 (max 15)
 [PSYoungGen: 2758560K->19791K(2765568K)] 3465401K->727056K(8358016K), 0.0297540 secs] [Times: user=0.21 sys=0.02, real=0.03 secs] 
2011-02-12T01:17:28.109+0000: 3537.429: [GC
Desired survivor size 30736384 bytes, new threshold 1 (max 15)
 [PSYoungGen: 2754383K->19392K(2765184K)] 3461648K->727125K(8357632K), 0.0311470 secs] [Times: user=0.20 sys=0.01, real=0.03 secs] 
2011-02-12T01:17:33.149+0000: 3542.469: [GC
Desired survivor size 29753344 bytes, new threshold 1 (max 15)
 [PSYoungGen: 2753984K->18432K(2767104K)] 3461717K->726553K(8359552K), 0.0282700 secs] [Times: user=0.20 sys=0.02, real=0.03 secs] 
2011-02-12T01:17:38.460+0000: 3547.779: [GC
Desired survivor size 30474240 bytes, new threshold 1 (max 15)
 [PSYoungGen: 2755520K->6720K(2766144K)] 3463641K->715249K(8358592K), 0.0163140 secs] [Times: user=0.09 sys=0.01, real=0.01 secs] 
2011-02-12T01:17:43.641+0000: 3552.961: [GC
Desired survivor size 30539776 bytes, new threshold 1 (max 15)
 [PSYoungGen: 2743808K->8575K(2766272K)] 3452337K->717634K(8358720K), 0.0184710 secs] [Times: user=0.10 sys=0.02, real=0.01 secs] 
2011-02-12T01:17:48.609+0000: 3557.929: [GC
Desired survivor size 29687808 bytes, new threshold 1 (max 15)
 [PSYoungGen: 2745087K->12653K(2766336K)] 3454146K->722248K(8358784K), 0.0227300 secs] [Times: user=0.14 sys=0.02, real=0.03 secs] 
2011-02-12T01:17:53.659+0000: 3562.979: [GC
Desired survivor size 28966912 bytes, new threshold 1 (max 15)
 [PSYoungGen: 2749165K->17208K(2767872K)] 3458760K->727655K(8360320K), 0.0276420 secs] [Times: user=0.18 sys=0.01, real=0.03 secs] 
2011-02-12T01:17:58.489+0000: 3567.808: [GC
Desired survivor size 28508160 bytes, new threshold 1 (max 15)
 [PSYoungGen: 2756088K->17824K(2767168K)] 3466535K->728783K(8359616K), 0.0279210 secs] [Times: user=0.18 sys=0.01, real=0.03 secs] 
2011-02-12T01:18:03.130+0000: 3572.449: [GC
Desired survivor size 27721728 bytes, new threshold 1 (max 15)
 [PSYoungGen: 2756704K->13043K(2769088K)] 3467663K->724407K(8361536K), 0.0230810 secs] [Times: user=0.15 sys=0.02, real=0.03 secs] 
2011-02-12T01:18:07.822+0000: 3577.141: [GC
Desired survivor size 28246016 bytes, new threshold 1 (max 15)
 [PSYoungGen: 2754291K->6048K(2768320K)] 3465655K->718087K(8360768K), 0.0159280 secs] [Times: user=0.10 sys=0.02, real=0.02 secs] 
2011-02-12T01:18:12.500+0000: 3581.819: [GC
Desired survivor size 27656192 bytes, new threshold 1 (max 15)
 [PSYoungGen: 2747296K->16556K(2769152K)] 3459335K->729034K(8361600K), 0.0286320 secs] [Times: user=0.15 sys=0.01, real=0.03 secs] 
2011-02-12T01:18:17.256+0000: 3586.576: [GC
Desired survivor size 26673152 bytes, new threshold 1 (max 15)
 [PSYoungGen: 2758124K->13114K(2768576K)] 3470602K->726076K(8361024K), 0.0229210 secs] [Times: user=0.15 sys=0.01, real=0.02 secs] 
2011-02-12T01:18:22.211+0000: 3591.531: [GC
Desired survivor size 25952256 bytes, new threshold 1 (max 15)
 [PSYoungGen: 2754682K->12339K(2770816K)] 3467644K->725762K(8363264K), 0.0218140 secs] [Times: user=0.15 sys=0.01, real=0.02 secs] 
2011-02-12T01:18:26.811+0000: 3596.131: [GC
Desired survivor size 25427968 bytes, new threshold 1 (max 15)
 [PSYoungGen: 2757107K->15993K(2770112K)] 3470530K->730099K(8362560K), 0.0256220 secs] [Times: user=0.18 sys=0.02, real=0.03 secs] 
2011-02-12T01:18:31.415+0000: 3600.734: [GC
Desired survivor size 24379392 bytes, new threshold 1 (max 15)
 [PSYoungGen: 2760761K->14558K(2772352K)] 3474867K->729081K(8364800K), 0.0259290 secs] [Times: user=0.18 sys=0.01, real=0.03 secs] 
2011-02-12T01:18:36.177+0000: 3605.496: [GC
Desired survivor size 24379392 bytes, new threshold 1 (max 15)
 [PSYoungGen: 2762078K->17036K(2771328K)] 3476601K->731987K(8363776K), 0.0278420 secs] [Times: user=0.17 sys=0.02, real=0.02 secs] 
2011-02-12T01:18:40.788+0000: 3610.108: [GC
Desired survivor size 23855104 bytes, new threshold 1 (max 15)
 [PSYoungGen: 2764556K->15968K(2772864K)] 3479507K->731398K(8365312K), 0.0258080 secs] [Times: user=0.18 sys=0.01, real=0.02 secs] 
2011-02-12T01:18:45.605+0000: 3614.925: [GC
Desired survivor size 23265280 bytes, new threshold 1 (max 15)
 [PSYoungGen: 2765024K->13744K(2772352K)] 3480454K->729606K(8364800K), 0.0245130 secs] [Times: user=0.15 sys=0.02, real=0.03 secs] 
2011-02-12T01:18:50.587+0000: 3619.907: [GC
Desired survivor size 24838144 bytes, new threshold 1 (max 15)
 [PSYoungGen: 2762800K->21184K(2770368K)] 3478662K->737546K(8362816K), 0.0320190 secs] [Times: user=0.21 sys=0.02, real=0.04 secs] 
2011-02-12T01:18:55.721+0000: 3625.041: [GC
Desired survivor size 24248320 bytes, new threshold 1 (max 15)
 [PSYoungGen: 2768832K->13888K(2771904K)] 3485194K->730990K(8364352K), 0.0248130 secs] [Times: user=0.16 sys=0.02, real=0.02 secs] 
2011-02-12T01:19:00.683+0000: 3630.003: [GC
Desired survivor size 24444928 bytes, new threshold 1 (max 15)
 [PSYoungGen: 2761536K->18233K(2772096K)] 3478638K->735877K(8364544K), 0.0281140 secs] [Times: user=0.19 sys=0.01, real=0.03 secs] 
2011-02-12T01:19:05.836+0000: 3635.155: [GC
Desired survivor size 24444928 bytes, new threshold 1 (max 15)
 [PSYoungGen: 2766649K->10743K(2772288K)] 3484293K->729067K(8364736K), 0.0222020 secs] [Times: user=0.13 sys=0.02, real=0.02 secs] 
2011-02-12T01:19:09.867+0000: 3639.187: [GC
Desired survivor size 25362432 bytes, new threshold 1 (max 15)
 [PSYoungGen: 2759159K->19849K(2770496K)] 3477483K->738700K(8362944K), 0.0303670 secs] [Times: user=0.20 sys=0.02, real=0.03 secs] 
2011-02-12T01:19:14.362+0000: 3643.682: [GC
Desired survivor size 25296896 bytes, new threshold 1 (max 15)
 [PSYoungGen: 2766473K->10538K(2771392K)] 3485324K->729837K(8363840K), 0.0200720 secs] [Times: user=0.11 sys=0.00, real=0.02 secs] 
2011-02-12T01:19:18.992+0000: 3648.311: [GC
Desired survivor size 24969216 bytes, new threshold 1 (max 15)
 [PSYoungGen: 2757162K->11265K(2771776K)] 3476461K->731019K(8364224K), 0.0218020 secs] [Times: user=0.11 sys=0.01, real=0.03 secs] 
2011-02-12T01:19:23.591+0000: 3652.911: [GC
Desired survivor size 24117248 bytes, new threshold 1 (max 15)
 [PSYoungGen: 2758337K->14994K(2771456K)] 3478091K->736668K(8363904K), 0.0267040 secs] [Times: user=0.17 sys=0.02, real=0.03 secs] 
2011-02-12T01:19:28.447+0000: 3657.767: [GC
Desired survivor size 23592960 bytes, new threshold 1 (max 15)
 [PSYoungGen: 2762066K->12530K(2773120K)] 3483740K->734644K(8365568K), 0.0223560 secs] [Times: user=0.15 sys=0.01, real=0.02 secs] 
2011-02-12T01:19:33.031+0000: 3662.351: [GC
Desired survivor size 29360128 bytes, new threshold 1 (max 15)
 [PSYoungGen: 2762098K->23028K(2772608K)] 3484212K->754090K(8365056K), 0.0439530 secs] [Times: user=0.30 sys=0.03, real=0.05 secs] 
2011-02-12T01:19:37.644+0000: 3666.964: [GC
Desired survivor size 33161216 bytes, new threshold 1 (max 15)
 [PSYoungGen: 2772596K->23535K(2754944K)] 3503658K->760679K(8347392K), 0.0415530 secs] [Times: user=0.29 sys=0.01, real=0.04 secs] 
2011-02-12T01:19:42.694+0000: 3672.014: [GC
Desired survivor size 32702464 bytes, new threshold 1 (max 15)
 [PSYoungGen: 2754927K->11248K(2763776K)] 3492071K->749145K(8356224K), 0.0242960 secs] [Times: user=0.15 sys=0.00, real=0.03 secs] 
2011-02-12T01:19:47.333+0000: 3676.652: [GC
Desired survivor size 32505856 bytes, new threshold 1 (max 15)
 [PSYoungGen: 2742640K->9614K(2764416K)] 3480537K->748015K(8356864K), 0.0199470 secs] [Times: user=0.12 sys=0.01, real=0.02 secs] 
2011-02-12T01:19:52.226+0000: 3681.546: [GC
Desired survivor size 31457280 bytes, new threshold 1 (max 15)
 [PSYoungGen: 2742094K->13168K(2764224K)] 3480495K->752141K(8356672K), 0.0234430 secs] [Times: user=0.14 sys=0.02, real=0.02 secs] 
2011-02-12T01:19:56.707+0000: 3686.027: [GC
Desired survivor size 30474240 bytes, new threshold 1 (max 15)
 [PSYoungGen: 2745648K->12896K(2766400K)] 3484621K->752485K(8358848K), 0.0232080 secs] [Times: user=0.15 sys=0.02, real=0.02 secs] 
2011-02-12T01:20:01.440+0000: 3690.760: [GC
Desired survivor size 29360128 bytes, new threshold 1 (max 15)
 [PSYoungGen: 2748576K->13671K(2765440K)] 3488165K->753684K(8357888K), 0.0242290 secs] [Times: user=0.13 sys=0.02, real=0.02 secs] 
2011-02-12T01:20:06.484+0000: 3695.804: [GC
Desired survivor size 29097984 bytes, new threshold 1 (max 15)
 [PSYoungGen: 2749351K->18432K(2767744K)] 3489364K->759176K(8360192K), 0.0299680 secs] [Times: user=0.17 sys=0.01, real=0.03 secs] 
2011-02-12T01:20:10.155+0000: 3699.475: [GC
Desired survivor size 30081024 bytes, new threshold 1 (max 15)
 [PSYoungGen: 2757504K->21584K(2760704K)] 3498248K->762828K(8353152K), 0.0315740 secs] [Times: user=0.22 sys=0.01, real=0.03 secs] 
2011-02-12T01:20:14.634+0000: 3703.954: [GC
Desired survivor size 29294592 bytes, new threshold 1 (max 15)
 [PSYoungGen: 2760656K->12912K(2767552K)] 3501900K->754664K(8360000K), 0.0232030 secs] [Times: user=0.14 sys=0.02, real=0.02 secs] 
2011-02-12T01:20:18.743+0000: 3708.063: [GC
Desired survivor size 29556736 bytes, new threshold 1 (max 15)
 [PSYoungGen: 2751088K->20032K(2766784K)] 3492840K->762272K(8359232K), 0.0313190 secs] [Times: user=0.21 sys=0.02, real=0.03 secs] 
2011-02-12T01:20:23.564+0000: 3712.884: [GC
Desired survivor size 30474240 bytes, new threshold 1 (max 15)
 [PSYoungGen: 2758208K->22208K(2765504K)] 3500448K->764781K(8357952K), 0.0350580 secs] [Times: user=0.21 sys=0.01, real=0.04 secs] 
2011-02-12T01:20:28.032+0000: 3717.352: [GC
Desired survivor size 29491200 bytes, new threshold 1 (max 15)
 [PSYoungGen: 2758848K->15006K(2766400K)] 3501421K->758039K(8358848K), 0.0256040 secs] [Times: user=0.18 sys=0.02, real=0.02 secs] 
2011-02-12T01:20:32.377+0000: 3721.697: [GC
Desired survivor size 30081024 bytes, new threshold 1 (max 15)
 [PSYoungGen: 2751646K->6400K(2766208K)] 3494679K->749908K(8358656K), 0.0165770 secs] [Times: user=0.10 sys=0.02, real=0.02 secs] 
2011-02-12T01:20:36.390+0000: 3725.710: [GC
Desired survivor size 29818880 bytes, new threshold 1 (max 15)
 [PSYoungGen: 2743808K->9244K(2766784K)] 3487316K->753234K(8359232K), 0.0201550 secs] [Times: user=0.12 sys=0.01, real=0.02 secs] 
2011-02-12T01:20:40.967+0000: 3730.287: [GC
Desired survivor size 29294592 bytes, new threshold 1 (max 15)
 [PSYoungGen: 2746652K->10031K(2767552K)] 3490642K->754526K(8360000K), 0.0195770 secs] [Times: user=0.11 sys=0.01, real=0.02 secs] 
2011-02-12T01:20:45.691+0000: 3735.011: [GC
Desired survivor size 29097984 bytes, new threshold 1 (max 15)
 [PSYoungGen: 2748463K->7171K(2767040K)] 3492958K->752238K(8359488K), 0.0169820 secs] [Times: user=0.10 sys=0.02, real=0.02 secs] 
2011-02-12T01:20:49.924+0000: 3739.243: [GC
Desired survivor size 28835840 bytes, new threshold 1 (max 15)
 [PSYoungGen: 2745603K->17093K(2768000K)] 3490670K->762716K(8360448K), 0.0289670 secs] [Times: user=0.18 sys=0.01, real=0.03 secs] 
2011-02-12T01:20:54.365+0000: 3743.685: [GC
Desired survivor size 28180480 bytes, new threshold 1 (max 15)
 [PSYoungGen: 2756677K->9910K(2767744K)] 3502300K->756238K(8360192K), 0.0205970 secs] [Times: user=0.12 sys=0.02, real=0.02 secs] 
2011-02-12T01:20:58.556+0000: 3747.876: [GC
Desired survivor size 30081024 bytes, new threshold 1 (max 15)
 [PSYoungGen: 2749494K->22543K(2764928K)] 3495822K->769289K(8357376K), 0.0335400 secs] [Times: user=0.23 sys=0.02, real=0.03 secs] 
2011-02-12T01:21:02.722+0000: 3752.042: [GC
Desired survivor size 28966912 bytes, new threshold 1 (max 15)
 [PSYoungGen: 2759951K->12283K(2766784K)] 3506697K->759438K(8359232K), 0.0250740 secs] [Times: user=0.11 sys=0.02, real=0.03 secs] 
2011-02-12T01:21:06.376+0000: 3755.696: [GC
Desired survivor size 27656192 bytes, new threshold 1 (max 15)
 [PSYoungGen: 2749691K->13936K(2769152K)] 3496846K->761782K(8361600K), 0.0248580 secs] [Times: user=0.15 sys=0.02, real=0.02 secs] 
2011-02-12T01:21:10.801+0000: 3760.121: [GC
Desired survivor size 27066368 bytes, new threshold 1 (max 15)
 [PSYoungGen: 2754800K->10392K(2767872K)] 3502646K->758728K(8360320K), 0.0208180 secs] [Times: user=0.12 sys=0.01, real=0.02 secs] 
2011-02-12T01:21:15.305+0000: 3764.625: [GC
Desired survivor size 27590656 bytes, new threshold 1 (max 15)
 [PSYoungGen: 2751256K->18796K(2768704K)] 3499592K->767640K(8361152K), 0.0297120 secs] [Times: user=0.20 sys=0.01, real=0.03 secs] 
2011-02-12T01:21:19.779+0000: 3769.099: [GC
Desired survivor size 27066368 bytes, new threshold 1 (max 15)
 [PSYoungGen: 2761068K->10208K(2769216K)] 3509912K->759544K(8361664K), 0.0195800 secs] [Times: user=0.12 sys=0.02, real=0.02 secs] 
2011-02-12T01:21:24.217+0000: 3773.536: [GC
Desired survivor size 27525120 bytes, new threshold 1 (max 15)
 [PSYoungGen: 2752480K->18576K(2768832K)] 3501816K->768445K(8361280K), 0.0293160 secs] [Times: user=0.21 sys=0.01, real=0.03 secs] 
2011-02-12T01:21:28.945+0000: 3778.265: [GC
Desired survivor size 26411008 bytes, new threshold 1 (max 15)
 [PSYoungGen: 2760976K->13424K(2769280K)] 3510845K->763725K(8361728K), 0.0241960 secs] [Times: user=0.15 sys=0.02, real=0.03 secs] 
2011-02-12T01:21:33.556+0000: 3782.876: [GC
Desired survivor size 25427968 bytes, new threshold 1 (max 15)
 [PSYoungGen: 2755824K->13440K(2771328K)] 3506125K->764180K(8363776K), 0.0258020 secs] [Times: user=0.14 sys=0.01, real=0.03 secs] 
2011-02-12T01:21:37.776+0000: 3787.096: [GC
Desired survivor size 27590656 bytes, new threshold 1 (max 15)
 [PSYoungGen: 2758976K->22776K(2768320K)] 3509716K->773877K(8360768K), 0.0336560 secs] [Times: user=0.22 sys=0.01, real=0.04 secs] 
2011-02-12T01:21:42.129+0000: 3791.449: [GC
Desired survivor size 26738688 bytes, new threshold 1 (max 15)
 [PSYoungGen: 2768312K->12816K(2770048K)] 3519413K->764424K(8362496K), 0.0228470 secs] [Times: user=0.15 sys=0.01, real=0.02 secs] 
2011-02-12T01:21:46.508+0000: 3795.828: [GC
Desired survivor size 27590656 bytes, new threshold 1 (max 15)
 [PSYoungGen: 2755920K->20101K(2769216K)] 3507528K->772269K(8361664K), 0.0301770 secs] [Times: user=0.21 sys=0.01, real=0.03 secs] 
2011-02-12T01:21:51.178+0000: 3800.498: [GC
Desired survivor size 26411008 bytes, new threshold 1 (max 15)
 [PSYoungGen: 2763205K->15420K(2770368K)] 3515373K->768182K(8362816K), 0.0254470 secs] [Times: user=0.16 sys=0.03, real=0.03 secs] 
2011-02-12T01:21:55.811+0000: 3805.131: [GC
Desired survivor size 25952256 bytes, new threshold 1 (max 15)
 [PSYoungGen: 2758844K->12160K(2769216K)] 3511606K->765734K(8361664K), 0.0232130 secs] [Times: user=0.15 sys=0.03, real=0.02 secs] 
2011-02-12T01:22:00.428+0000: 3809.747: [GC
Desired survivor size 26476544 bytes, new threshold 1 (max 15)
 [PSYoungGen: 2755584K->6091K(2769792K)] 3509158K->760026K(8362240K), 0.0169030 secs] [Times: user=0.09 sys=0.02, real=0.02 secs] 
2011-02-12T01:22:04.850+0000: 3814.169: [GC
Desired survivor size 27131904 bytes, new threshold 1 (max 15)
 [PSYoungGen: 2750539K->19159K(2763648K)] 3504474K->773697K(8356096K), 0.0302780 secs] [Times: user=0.19 sys=0.02, real=0.03 secs] 
2011-02-12T01:22:09.011+0000: 3818.331: [GC
Desired survivor size 28704768 bytes, new threshold 1 (max 15)
 [PSYoungGen: 2763607K->22026K(2766592K)] 3518145K->777056K(8359040K), 0.0331750 secs] [Times: user=0.20 sys=0.02, real=0.04 secs] 
2011-02-12T01:22:13.764+0000: 3823.084: [GC
Desired survivor size 28508160 bytes, new threshold 1 (max 15)
 [PSYoungGen: 2762122K->9279K(2768128K)] 3517152K->764832K(8360576K), 0.0212760 secs] [Times: user=0.13 sys=0.02, real=0.02 secs] 
2011-02-12T01:22:18.290+0000: 3827.609: [GC
Desired survivor size 28442624 bytes, new threshold 1 (max 15)
 [PSYoungGen: 2749375K->7318K(2768384K)] 3504928K->763515K(8360832K), 0.0175260 secs] [Times: user=0.10 sys=0.02, real=0.02 secs] 
2011-02-12T01:22:22.636+0000: 3831.956: [GC
Desired survivor size 27066368 bytes, new threshold 1 (max 15)
 [PSYoungGen: 2747862K->13900K(2768320K)] 3504059K->770740K(8360768K), 0.0247760 secs] [Times: user=0.15 sys=0.02, real=0.02 secs] 
2011-02-12T01:22:27.006+0000: 3836.326: [GC
Desired survivor size 27066368 bytes, new threshold 1 (max 15)
 [PSYoungGen: 2754444K->6736K(2769728K)] 3511284K->764020K(8362176K), 0.0166270 secs] [Times: user=0.10 sys=0.01, real=0.01 secs] 
2011-02-12T01:22:31.013+0000: 3840.333: [GC
Desired survivor size 26017792 bytes, new threshold 1 (max 15)
 [PSYoungGen: 2750032K->11723K(2769728K)] 3507316K->769472K(8362176K), 0.0207460 secs] [Times: user=0.14 sys=0.02, real=0.02 secs] 
2011-02-12T01:22:35.250+0000: 3844.569: [GC
Desired survivor size 27787264 bytes, new threshold 1 (max 15)
 [PSYoungGen: 2755019K->21056K(2767296K)] 3512768K->779477K(8359744K), 0.0313760 secs] [Times: user=0.21 sys=0.02, real=0.03 secs] 
2011-02-12T01:22:39.730+0000: 3849.049: [GC
Desired survivor size 26673152 bytes, new threshold 1 (max 15)
 [PSYoungGen: 2762944K->14550K(2769024K)] 3521365K->773396K(8361472K), 0.0250870 secs] [Times: user=0.16 sys=0.02, real=0.02 secs] 
2011-02-12T01:22:44.111+0000: 3853.430: [GC
Desired survivor size 28573696 bytes, new threshold 1 (max 15)
 [PSYoungGen: 2756438K->22236K(2766400K)] 3515284K->781464K(8358848K), 0.0325680 secs] [Times: user=0.21 sys=0.01, real=0.03 secs] 
2011-02-12T01:22:48.700+0000: 3858.020: [GC
Desired survivor size 27525120 bytes, new threshold 1 (max 15)
 [PSYoungGen: 2762588K->12928K(2768256K)] 3521816K->772560K(8360704K), 0.0225840 secs] [Times: user=0.15 sys=0.02, real=0.02 secs] 
2011-02-12T01:22:53.126+0000: 3862.446: [GC
Desired survivor size 30474240 bytes, new threshold 1 (max 15)
 [PSYoungGen: 2753280K->25641K(2763520K)] 3512912K->785839K(8355968K), 0.0385330 secs] [Times: user=0.24 sys=0.02, real=0.04 secs] 
2011-02-12T01:22:57.765+0000: 3867.085: [GC
Desired survivor size 29294592 bytes, new threshold 1 (max 15)
 [PSYoungGen: 2762281K->16512K(2766400K)] 3522479K->777383K(8358848K), 0.0274680 secs] [Times: user=0.19 sys=0.01, real=0.03 secs] 
2011-02-12T01:23:02.442+0000: 3871.761: [GC
Desired survivor size 28573696 bytes, new threshold 1 (max 15)
 [PSYoungGen: 2753152K->12676K(2768256K)] 3514023K->774011K(8360704K), 0.0228540 secs] [Times: user=0.14 sys=0.01, real=0.02 secs] 
2011-02-12T01:23:06.776+0000: 3876.096: [GC
Desired survivor size 29360128 bytes, new threshold 1 (max 15)
 [PSYoungGen: 2752324K->21039K(2760704K)] 3513659K->783164K(8353152K), 0.0333420 secs] [Times: user=0.21 sys=0.02, real=0.04 secs] 
2011-02-12T01:23:11.350+0000: 3880.670: [GC
Desired survivor size 28508160 bytes, new threshold 1 (max 15)
 [PSYoungGen: 2760687K->13760K(2768320K)] 3522812K->776336K(8360768K), 0.0244630 secs] [Times: user=0.15 sys=0.02, real=0.03 secs] 
2011-02-12T01:23:16.211+0000: 3885.531: [GC
Desired survivor size 27918336 bytes, new threshold 1 (max 15)
 [PSYoungGen: 2753408K->11936K(2767488K)] 3515984K->774920K(8359936K), 0.0218500 secs] [Times: user=0.14 sys=0.02, real=0.03 secs] 
2011-02-12T01:23:20.983+0000: 3890.303: [GC
Desired survivor size 27066368 bytes, new threshold 1 (max 15)
 [PSYoungGen: 2751584K->13676K(2769728K)] 3514568K->777037K(8362176K), 0.0261780 secs] [Times: user=0.13 sys=0.01, real=0.02 secs] 
2011-02-12T01:23:25.620+0000: 3894.940: [GC
Desired survivor size 27328512 bytes, new threshold 1 (max 15)
 [PSYoungGen: 2756140K->7008K(2768896K)] 3519501K->770949K(8361344K), 0.0168280 secs] [Times: user=0.10 sys=0.01, real=0.02 secs] 
2011-02-12T01:23:30.307+0000: 3899.627: [GC
Desired survivor size 27852800 bytes, new threshold 1 (max 15)
 [PSYoungGen: 2749472K->19136K(2768448K)] 3513413K->783589K(8360896K), 0.0304410 secs] [Times: user=0.21 sys=0.01, real=0.03 secs] 
2011-02-12T01:23:34.961+0000: 3904.281: [GC
Desired survivor size 26869760 bytes, new threshold 1 (max 15)
 [PSYoungGen: 2760896K->13600K(2768960K)] 3525349K->778501K(8361408K), 0.0278090 secs] [Times: user=0.14 sys=0.02, real=0.03 secs] 
2011-02-12T01:23:39.739+0000: 3909.058: [GC
Desired survivor size 27721728 bytes, new threshold 1 (max 15)
 [PSYoungGen: 2755360K->20160K(2768256K)] 3520261K->785610K(8360704K), 0.0308140 secs] [Times: user=0.20 sys=0.02, real=0.03 secs] 
2011-02-12T01:23:44.531+0000: 3913.851: [GC
Desired survivor size 26738688 bytes, new threshold 1 (max 15)
 [PSYoungGen: 2762176K->15840K(2769088K)] 3527626K->781771K(8361536K), 0.0280270 secs] [Times: user=0.18 sys=0.03, real=0.03 secs] 
2011-02-12T01:23:49.158+0000: 3918.478: [GC
Desired survivor size 26148864 bytes, new threshold 1 (max 15)
 [PSYoungGen: 2757856K->12216K(2770624K)] 3523787K->778724K(8363072K), 0.0235390 secs] [Times: user=0.15 sys=0.02, real=0.02 secs] 
2011-02-12T01:23:53.923+0000: 3923.243: [GC
Desired survivor size 26083328 bytes, new threshold 1 (max 15)
 [PSYoungGen: 2756728K->9280K(2770048K)] 3523236K->776600K(8362496K), 0.0203150 secs] [Times: user=0.13 sys=0.02, real=0.02 secs] 
2011-02-12T01:23:58.423+0000: 3927.742: [GC
Desired survivor size 27852800 bytes, new threshold 1 (max 15)
 [PSYoungGen: 2753792K->22080K(2767232K)] 3521112K->789784K(8359680K), 0.0324220 secs] [Times: user=0.22 sys=0.02, real=0.03 secs] 
2011-02-12T01:24:02.851+0000: 3932.172: [GC
Desired survivor size 27066368 bytes, new threshold 1 (max 15)
 [PSYoungGen: 2763840K->12602K(2768960K)] 3531544K->780826K(8361408K), 0.0241560 secs] [Times: user=0.13 sys=0.01, real=0.02 secs] 
2011-02-12T01:24:06.917+0000: 3936.236: [GC
Desired survivor size 27983872 bytes, new threshold 1 (max 15)
 [PSYoungGen: 2754362K->20352K(2767936K)] 3522586K->789298K(8360384K), 0.0309660 secs] [Times: user=0.21 sys=0.01, real=0.03 secs] 
2011-02-12T01:24:11.574+0000: 3940.893: [GC
Desired survivor size 26869760 bytes, new threshold 1 (max 15)
 [PSYoungGen: 2761856K->14956K(2768832K)] 3530802K->784438K(8361280K), 0.0264420 secs] [Times: user=0.17 sys=0.02, real=0.03 secs] 
2011-02-12T01:24:16.106+0000: 3945.426: [GC
Desired survivor size 26476544 bytes, new threshold 1 (max 15)
 [PSYoungGen: 2756460K->11120K(2770304K)] 3525942K->781167K(8362752K), 0.0225430 secs] [Times: user=0.14 sys=0.02, real=0.03 secs] 
2011-02-12T01:24:20.723+0000: 3950.043: [GC
Desired survivor size 26607616 bytes, new threshold 1 (max 15)
 [PSYoungGen: 2755184K->7968K(2769920K)] 3525231K->778583K(8362368K), 0.0199930 secs] [Times: user=0.10 sys=0.02, real=0.02 secs] 
2011-02-12T01:24:25.806+0000: 3955.126: [GC
Desired survivor size 26214400 bytes, new threshold 1 (max 15)
 [PSYoungGen: 2752032K->9740K(2770560K)] 3522647K->780771K(8363008K), 0.0202430 secs] [Times: user=0.12 sys=0.01, real=0.02 secs] 
2011-02-12T01:24:30.757+0000: 3960.076: [GC
Desired survivor size 25624576 bytes, new threshold 1 (max 15)
 [PSYoungGen: 2754316K->10480K(2770176K)] 3525347K->782004K(8362624K), 0.0214240 secs] [Times: user=0.13 sys=0.01, real=0.02 secs] 
2011-02-12T01:24:35.805+0000: 3965.125: [GC
Desired survivor size 24903680 bytes, new threshold 1 (max 15)
 [PSYoungGen: 2755056K->14720K(2771840K)] 3526580K->786579K(8364288K), 0.0251380 secs] [Times: user=0.17 sys=0.02, real=0.02 secs] 
2011-02-12T01:24:40.778+0000: 3970.097: [GC
Desired survivor size 24903680 bytes, new threshold 1 (max 15)
 [PSYoungGen: 2761536K->16576K(2771136K)] 3533395K->788827K(8363584K), 0.0280890 secs] [Times: user=0.18 sys=0.01, real=0.03 secs] 
2011-02-12T01:24:45.524+0000: 3974.843: [GC
Desired survivor size 26214400 bytes, new threshold 1 (max 15)
 [PSYoungGen: 2763392K->20224K(2769280K)] 3535643K->792987K(8361728K), 0.0309410 secs] [Times: user=0.19 sys=0.02, real=0.03 secs] 
2011-02-12T01:24:50.180+0000: 3979.499: [GC
Desired survivor size 25427968 bytes, new threshold 1 (max 15)
 [PSYoungGen: 2765184K->12700K(2770560K)] 3537947K->786032K(8363008K), 0.0246120 secs] [Times: user=0.15 sys=0.01, real=0.03 secs] 
2011-02-12T01:24:54.557+0000: 3983.877: [GC
Desired survivor size 25821184 bytes, new threshold 1 (max 15)
 [PSYoungGen: 2757660K->6176K(2770560K)] 3530992K->780240K(8363008K), 0.0162120 secs] [Times: user=0.10 sys=0.02, real=0.01 secs] 
2011-02-12T01:24:58.832+0000: 3988.152: [GC
Desired survivor size 25886720 bytes, new threshold 1 (max 15)
 [PSYoungGen: 2751904K->16960K(2762688K)] 3525968K->791368K(8355136K), 0.0278090 secs] [Times: user=0.19 sys=0.02, real=0.03 secs] 
2011-02-12T01:25:03.352+0000: 3992.672: [GC
Desired survivor size 25821184 bytes, new threshold 1 (max 15)
 [PSYoungGen: 2762688K->16730K(2770944K)] 3537096K->791482K(8363392K), 0.0275800 secs] [Times: user=0.17 sys=0.01, real=0.03 secs] 
2011-02-12T01:25:08.175+0000: 3997.495: [GC
Desired survivor size 25952256 bytes, new threshold 1 (max 15)
 [PSYoungGen: 2762394K->6749K(2752448K)] 3537146K->782192K(8344896K), 0.0184440 secs] [Times: user=0.09 sys=0.01, real=0.01 secs] 
2011-02-12T01:25:13.341+0000: 4002.661: [GC
Desired survivor size 27197440 bytes, new threshold 1 (max 15)
 [PSYoungGen: 2752413K->19932K(2768384K)] 3527856K->795975K(8360832K), 0.0308100 secs] [Times: user=0.20 sys=0.02, real=0.03 secs] 
2011-02-12T01:25:17.993+0000: 4007.312: [GC
Desired survivor size 26214400 bytes, new threshold 1 (max 15)
 [PSYoungGen: 2762972K->12592K(2769600K)] 3539015K->789554K(8362048K), 0.0263720 secs] [Times: user=0.14 sys=0.04, real=0.03 secs] 
2011-02-12T01:25:22.584+0000: 4011.903: [GC
Desired survivor size 26148864 bytes, new threshold 1 (max 15)
 [PSYoungGen: 2755632K->7456K(2770624K)] 3532594K->785034K(8363072K), 0.0170620 secs] [Times: user=0.11 sys=0.02, real=0.02 secs] 
2011-02-12T01:25:27.146+0000: 4016.465: [GC
Desired survivor size 26279936 bytes, new threshold 1 (max 15)
 [PSYoungGen: 2752480K->5372K(2750400K)] 3530058K->783463K(8342848K), 0.0159600 secs] [Times: user=0.08 sys=0.02, real=0.02 secs] 
2011-02-12T01:25:31.518+0000: 4020.837: [GC
Desired survivor size 25100288 bytes, new threshold 1 (max 15)
 [PSYoungGen: 2750396K->13046K(2771648K)] 3528487K->791546K(8364096K), 0.0249660 secs] [Times: user=0.13 sys=0.01, real=0.02 secs] 
2011-02-12T01:25:36.215+0000: 4025.534: [GC
Desired survivor size 24248320 bytes, new threshold 1 (max 15)
 [PSYoungGen: 2759030K->10672K(2770496K)] 3537530K->789594K(8362944K), 0.0215880 secs] [Times: user=0.13 sys=0.01, real=0.02 secs] 
2011-02-12T01:25:40.778+0000: 4030.098: [GC
Desired survivor size 23461888 bytes, new threshold 1 (max 15)
 [PSYoungGen: 2756656K->10172K(2773248K)] 3535578K->789462K(8365696K), 0.0214810 secs] [Times: user=0.11 sys=0.01, real=0.03 secs] 
2011-02-12T01:25:45.591+0000: 4034.911: [GC
Desired survivor size 23330816 bytes, new threshold 1 (max 15)
 [PSYoungGen: 2759740K->14644K(2772480K)] 3539030K->794539K(8364928K), 0.0249350 secs] [Times: user=0.15 sys=0.02, real=0.02 secs] 
2011-02-12T01:25:50.444+0000: 4039.764: [GC
Desired survivor size 22478848 bytes, new threshold 1 (max 15)
 [PSYoungGen: 2764212K->13056K(2774208K)] 3544107K->793675K(8366656K), 0.0239670 secs] [Times: user=0.14 sys=0.02, real=0.02 secs] 
2011-02-12T01:25:55.282+0000: 4044.602: [GC
Desired survivor size 23134208 bytes, new threshold 1 (max 15)
 [PSYoungGen: 2764480K->16608K(2773376K)] 3545099K->797996K(8365824K), 0.0275030 secs] [Times: user=0.18 sys=0.01, real=0.02 secs] 
2011-02-12T01:26:00.027+0000: 4049.346: [GC
Desired survivor size 22216704 bytes, new threshold 1 (max 15)
 [PSYoungGen: 2768032K->12208K(2774464K)] 3549420K->794132K(8366912K), 0.0225130 secs] [Times: user=0.15 sys=0.01, real=0.02 secs] 
2011-02-12T01:26:04.604+0000: 4053.923: [GC
Desired survivor size 22282240 bytes, new threshold 1 (max 15)
 [PSYoungGen: 2764080K->7158K(2773568K)] 3546004K->789635K(8366016K), 0.0181940 secs] [Times: user=0.10 sys=0.01, real=0.02 secs] 
2011-02-12T01:26:09.168+0000: 4058.487: [GC
Desired survivor size 23789568 bytes, new threshold 1 (max 15)
 [PSYoungGen: 2759030K->18687K(2771456K)] 3541507K->802026K(8363904K), 0.0294180 secs] [Times: user=0.20 sys=0.01, real=0.03 secs] 
2011-02-12T01:26:13.606+0000: 4062.926: [GC
Desired survivor size 23461888 bytes, new threshold 1 (max 15)
 [PSYoungGen: 2768383K->8608K(2772928K)] 3551722K->792315K(8365376K), 0.0183620 secs] [Times: user=0.10 sys=0.01, real=0.02 secs] 
2011-02-12T01:26:18.129+0000: 4067.449: [GC
Desired survivor size 26214400 bytes, new threshold 1 (max 15)
 [PSYoungGen: 2758304K->22528K(2767872K)] 3542011K->806627K(8360320K), 0.0333160 secs] [Times: user=0.21 sys=0.01, real=0.03 secs] 
2011-02-12T01:26:22.556+0000: 4071.876: [GC
Desired survivor size 25296896 bytes, new threshold 1 (max 15)
 [PSYoungGen: 2767488K->11474K(2770560K)] 3551587K->796109K(8363008K), 0.0223950 secs] [Times: user=0.15 sys=0.02, real=0.02 secs] 
2011-02-12T01:26:27.246+0000: 4076.566: [GC
Desired survivor size 24641536 bytes, new threshold 1 (max 15)
 [PSYoungGen: 2756434K->10614K(2772096K)] 3541069K->795740K(8364544K), 0.0206040 secs] [Times: user=0.14 sys=0.02, real=0.02 secs] 
2011-02-12T01:26:32.236+0000: 4081.556: [GC
Desired survivor size 23789568 bytes, new threshold 1 (max 15)
 [PSYoungGen: 2758006K->13856K(2771456K)] 3543132K->799516K(8363904K), 0.0240550 secs] [Times: user=0.15 sys=0.02, real=0.02 secs] 
2011-02-12T01:26:36.963+0000: 4086.282: [GC
Desired survivor size 23068672 bytes, new threshold 1 (max 15)
 [PSYoungGen: 2761248K->11296K(2773632K)] 3546908K->797500K(8366080K), 0.0224330 secs] [Times: user=0.12 sys=0.01, real=0.03 secs] 
2011-02-12T01:26:41.288+0000: 4090.608: [GC
Desired survivor size 22675456 bytes, new threshold 1 (max 15)
 [PSYoungGen: 2761696K->9536K(2772928K)] 3547900K->796196K(8365376K), 0.0206560 secs] [Times: user=0.11 sys=0.02, real=0.02 secs] 
2011-02-12T01:26:45.643+0000: 4094.962: [GC
Desired survivor size 23461888 bytes, new threshold 1 (max 15)
 [PSYoungGen: 2759936K->17203K(2772480K)] 3546596K->804312K(8364928K), 0.0282100 secs] [Times: user=0.20 sys=0.02, real=0.03 secs] 
2011-02-12T01:26:49.995+0000: 4099.315: [GC
Desired survivor size 23658496 bytes, new threshold 1 (max 15)
 [PSYoungGen: 2767539K->6160K(2756544K)] 3554648K->793876K(8348992K), 0.0165830 secs] [Times: user=0.09 sys=0.01, real=0.02 secs] 
2011-02-12T01:26:54.098+0000: 4103.418: [GC
Desired survivor size 23134208 bytes, new threshold 1 (max 15)
 [PSYoungGen: 2756496K->9024K(2773568K)] 3544212K->797340K(8366016K), 0.0194030 secs] [Times: user=0.11 sys=0.02, real=0.02 secs] 
2011-02-12T01:26:58.552+0000: 4107.872: [GC
Desired survivor size 24379392 bytes, new threshold 1 (max 15)
 [PSYoungGen: 2759488K->18092K(2768576K)] 3547804K->806888K(8361024K), 0.0303190 secs] [Times: user=0.19 sys=0.03, real=0.03 secs] 
2011-02-12T01:27:03.148+0000: 4112.468: [GC
Desired survivor size 23527424 bytes, new threshold 1 (max 15)
 [PSYoungGen: 2768556K->13478K(2773184K)] 3557352K->802823K(8365632K), 0.0235180 secs] [Times: user=0.13 sys=0.02, real=0.03 secs] 
2011-02-12T01:27:07.429+0000: 4116.749: [GC
Desired survivor size 25886720 bytes, new threshold 1 (max 15)
 [PSYoungGen: 2762854K->21680K(2771072K)] 3552199K->811831K(8363520K), 0.0321080 secs] [Times: user=0.22 sys=0.01, real=0.04 secs] 
2011-02-12T01:27:11.569+0000: 4120.888: [GC
Desired survivor size 26083328 bytes, new threshold 1 (max 15)
 [PSYoungGen: 2771056K->17213K(2770304K)] 3561207K->807972K(8362752K), 0.0303710 secs] [Times: user=0.19 sys=0.03, real=0.04 secs] 
2011-02-12T01:27:15.566+0000: 4124.886: [GC
Desired survivor size 28377088 bytes, new threshold 1 (max 15)
 [PSYoungGen: 2762429K->23206K(2768448K)] 3553188K->814427K(8360896K), 0.0340660 secs] [Times: user=0.23 sys=0.02, real=0.04 secs] 
2011-02-12T01:27:19.776+0000: 4129.096: [GC
Desired survivor size 32112640 bytes, new threshold 1 (max 15)
 [PSYoungGen: 2768422K->27688K(2761152K)] 3559643K->819448K(8353600K), 0.0388310 secs] [Times: user=0.27 sys=0.02, real=0.04 secs] 
2011-02-12T01:27:24.097+0000: 4133.417: [GC
Desired survivor size 30867456 bytes, new threshold 1 (max 15)
 [PSYoungGen: 2761128K->14511K(2764800K)] 3552888K->806820K(8357248K), 0.0273520 secs] [Times: user=0.16 sys=0.01, real=0.03 secs] 
2011-02-12T01:27:28.847+0000: 4138.166: [GC
Desired survivor size 31653888 bytes, new threshold 1 (max 15)
 [PSYoungGen: 2747951K->21967K(2764480K)] 3540260K->814787K(8356928K), 0.0340410 secs] [Times: user=0.23 sys=0.02, real=0.03 secs] 
2011-02-12T01:27:33.790+0000: 4143.109: [GC
Desired survivor size 31391744 bytes, new threshold 1 (max 15)
 [PSYoungGen: 2756303K->19648K(2765248K)] 3549123K->812987K(8357696K), 0.0308670 secs] [Times: user=0.21 sys=0.02, real=0.03 secs] 
2011-02-12T01:27:38.588+0000: 4147.908: [GC
Desired survivor size 31457280 bytes, new threshold 1 (max 15)
 [PSYoungGen: 2753984K->20903K(2765376K)] 3547323K->814786K(8357824K), 0.0341310 secs] [Times: user=0.20 sys=0.01, real=0.03 secs] 
2011-02-12T01:27:43.280+0000: 4152.599: [GC
Desired survivor size 31129600 bytes, new threshold 1 (max 15)
 [PSYoungGen: 2755623K->20096K(2765440K)] 3549506K->814708K(8357888K), 0.0326050 secs] [Times: user=0.21 sys=0.02, real=0.03 secs] 
2011-02-12T01:27:48.170+0000: 4157.489: [GC
Desired survivor size 30408704 bytes, new threshold 1 (max 15)
 [PSYoungGen: 2754816K->19088K(2766464K)] 3549428K->814352K(8358912K), 0.0313130 secs] [Times: user=0.21 sys=0.02, real=0.03 secs] 
2011-02-12T01:27:52.850+0000: 4162.170: [GC
Desired survivor size 30146560 bytes, new threshold 1 (max 15)
 [PSYoungGen: 2755152K->12165K(2765760K)] 3550416K->807989K(8358208K), 0.0244090 secs] [Times: user=0.14 sys=0.01, real=0.02 secs] 
2011-02-12T01:27:57.832+0000: 4167.152: [GC
Desired survivor size 29622272 bytes, new threshold 1 (max 15)
 [PSYoungGen: 2748229K->13216K(2767232K)] 3544053K->809825K(8359680K), 0.0275580 secs] [Times: user=0.12 sys=0.02, real=0.03 secs] 
2011-02-12T01:28:02.421+0000: 4171.741: [GC
Desired survivor size 30212096 bytes, new threshold 1 (max 15)
 [PSYoungGen: 2751008K->6266K(2744064K)] 3547617K->803244K(8336512K), 0.0168470 secs] [Times: user=0.10 sys=0.02, real=0.02 secs] 
2011-02-12T01:28:06.880+0000: 4176.200: [GC
Desired survivor size 29294592 bytes, new threshold 1 (max 15)
 [PSYoungGen: 2744058K->12941K(2767552K)] 3541036K->810945K(8360000K), 0.0231420 secs] [Times: user=0.14 sys=0.02, real=0.02 secs] 
2011-02-12T01:28:11.237+0000: 4180.557: [GC
Desired survivor size 28901376 bytes, new threshold 1 (max 15)
 [PSYoungGen: 2750989K->9824K(2766656K)] 3548993K->808333K(8359104K), 0.0224990 secs] [Times: user=0.12 sys=0.01, real=0.03 secs] 
2011-02-12T01:28:15.929+0000: 4185.249: [GC
Desired survivor size 29097984 bytes, new threshold 1 (max 15)
 [PSYoungGen: 2747872K->5992K(2767552K)] 3546381K->804981K(8360000K), 0.0161600 secs] [Times: user=0.10 sys=0.01, real=0.01 secs] 
2011-02-12T01:28:20.689+0000: 4190.008: [GC
Desired survivor size 29884416 bytes, new threshold 1 (max 15)
 [PSYoungGen: 2745320K->19960K(2759296K)] 3544309K->819438K(8351744K), 0.0326840 secs] [Times: user=0.20 sys=0.00, real=0.03 secs] 
2011-02-12T01:28:26.295+0000: 4195.615: [GC
Desired survivor size 28901376 bytes, new threshold 1 (max 15)
 [PSYoungGen: 2759288K->16000K(2767936K)] 3558766K->816062K(8360384K), 0.0267280 secs] [Times: user=0.17 sys=0.01, real=0.03 secs] 
2011-02-12T01:28:32.321+0000: 4201.641: [GC
Desired survivor size 27656192 bytes, new threshold 1 (max 15)
 [PSYoungGen: 2754752K->14208K(2766976K)] 3554814K->814686K(8359424K), 0.0267410 secs] [Times: user=0.15 sys=0.01, real=0.02 secs] 
2011-02-12T01:28:37.417+0000: 4206.737: [GC
Desired survivor size 28049408 bytes, new threshold 1 (max 15)
 [PSYoungGen: 2752960K->4992K(2768384K)] 3553438K->805886K(8360832K), 0.0163820 secs] [Times: user=0.09 sys=0.02, real=0.02 secs] 
2011-02-12T01:28:41.789+0000: 4211.108: [GC
Desired survivor size 27852800 bytes, new threshold 1 (max 15)
 [PSYoungGen: 2746368K->16835K(2768768K)] 3547262K->818258K(8361216K), 0.0279260 secs] [Times: user=0.19 sys=0.01, real=0.03 secs] 
2011-02-12T01:28:46.027+0000: 4215.347: [GC
Desired survivor size 27000832 bytes, new threshold 1 (max 15)
 [PSYoungGen: 2758211K->11344K(2769792K)] 3559634K->813267K(8362240K), 0.0223940 secs] [Times: user=0.14 sys=0.01, real=0.02 secs] 
2011-02-12T01:28:50.674+0000: 4219.994: [GC
Desired survivor size 27262976 bytes, new threshold 1 (max 15)
 [PSYoungGen: 2753936K->4592K(2768960K)] 3555859K->807189K(8361408K), 0.0160230 secs] [Times: user=0.08 sys=0.02, real=0.01 secs] 
2011-02-12T01:28:55.786+0000: 4225.106: [GC
Desired survivor size 26214400 bytes, new threshold 1 (max 15)
 [PSYoungGen: 2747184K->11014K(2770560K)] 3549781K->814382K(8363008K), 0.0227700 secs] [Times: user=0.13 sys=0.01, real=0.02 secs] 
2011-02-12T01:29:00.712+0000: 4230.031: [GC
Desired survivor size 25100288 bytes, new threshold 1 (max 15)
 [PSYoungGen: 2754950K->11278K(2769536K)] 3558318K->815223K(8361984K), 0.0220550 secs] [Times: user=0.14 sys=0.02, real=0.03 secs] 
2011-02-12T01:29:05.797+0000: 4235.116: [GC
Desired survivor size 25624576 bytes, new threshold 1 (max 15)
 [PSYoungGen: 2755214K->17140K(2770624K)] 3559159K->821988K(8363072K), 0.0284480 secs] [Times: user=0.18 sys=0.03, real=0.03 secs] 
2011-02-12T01:29:09.926+0000: 4239.245: [GC
Desired survivor size 26607616 bytes, new threshold 1 (max 15)
 [PSYoungGen: 2763252K->18784K(2764928K)] 3568100K->824119K(8357376K), 0.0318660 secs] [Times: user=0.18 sys=0.02, real=0.03 secs] 
2011-02-12T01:29:14.063+0000: 4243.383: [GC
Desired survivor size 29622272 bytes, new threshold 1 (max 15)
 [PSYoungGen: 2764896K->24924K(2764288K)] 3570231K->830780K(8356736K), 0.0365480 secs] [Times: user=0.25 sys=0.02, real=0.04 secs] 
2011-02-12T01:29:18.845+0000: 4248.164: [GC
Desired survivor size 30277632 bytes, new threshold 1 (max 15)
 [PSYoungGen: 2763228K->20265K(2758592K)] 3569084K->826621K(8351040K), 0.0308030 secs] [Times: user=0.20 sys=0.02, real=0.04 secs] 
2011-02-12T01:29:23.776+0000: 4253.095: [GC
Desired survivor size 29556736 bytes, new threshold 1 (max 15)
 [PSYoungGen: 2758569K->17120K(2767296K)] 3564925K->824065K(8359744K), 0.0285660 secs] [Times: user=0.19 sys=0.01, real=0.03 secs] 
2011-02-12T01:29:29.026+0000: 4258.346: [GC
Desired survivor size 29229056 bytes, new threshold 1 (max 15)
 [PSYoungGen: 2754848K->9244K(2766592K)] 3561793K->816677K(8359040K), 0.0200480 secs] [Times: user=0.12 sys=0.02, real=0.03 secs] 
2011-02-12T01:29:33.964+0000: 4263.283: [GC
Desired survivor size 27983872 bytes, new threshold 1 (max 15)
 [PSYoungGen: 2746972K->13944K(2768832K)] 3554405K->821888K(8361280K), 0.0254640 secs] [Times: user=0.16 sys=0.01, real=0.03 secs] 
2011-02-12T01:29:38.664+0000: 4267.983: [GC
Desired survivor size 26935296 bytes, new threshold 1 (max 15)
 [PSYoungGen: 2754232K->13344K(2767616K)] 3562176K->821894K(8360064K), 0.0244240 secs] [Times: user=0.16 sys=0.01, real=0.03 secs] 
2011-02-12T01:29:43.494+0000: 4272.814: [GC
Desired survivor size 26476544 bytes, new threshold 1 (max 15)
 [PSYoungGen: 2753632K->10618K(2770304K)] 3562182K->819504K(8362752K), 0.0234740 secs] [Times: user=0.12 sys=0.02, real=0.02 secs] 
2011-02-12T01:29:48.314+0000: 4277.633: [GC
Desired survivor size 25690112 bytes, new threshold 1 (max 15)
 [PSYoungGen: 2754618K->11859K(2769856K)] 3563504K->821309K(8362304K), 0.0238270 secs] [Times: user=0.14 sys=0.01, real=0.02 secs] 
2011-02-12T01:29:53.338+0000: 4282.657: [GC
Desired survivor size 25100288 bytes, new threshold 1 (max 15)
 [PSYoungGen: 2755859K->15472K(2771648K)] 3565309K->825669K(8364096K), 0.0276120 secs] [Times: user=0.17 sys=0.02, real=0.03 secs] 
2011-02-12T01:29:58.223+0000: 4287.542: [GC
Desired survivor size 26411008 bytes, new threshold 1 (max 15)
 [PSYoungGen: 2762032K->20416K(2766976K)] 3572229K->831301K(8359424K), 0.0324840 secs] [Times: user=0.20 sys=0.01, real=0.03 secs] 
2011-02-12T01:30:02.483+0000: 4291.803: [GC
Desired survivor size 25755648 bytes, new threshold 1 (max 15)
 [PSYoungGen: 2766976K->12029K(2771008K)] 3577861K->823451K(8363456K), 0.0245560 secs] [Times: user=0.14 sys=0.01, real=0.02 secs] 
2011-02-12T01:30:06.308+0000: 4295.628: [GC
Desired survivor size 26476544 bytes, new threshold 1 (max 15)
 [PSYoungGen: 2757245K->19170K(2764416K)] 3568667K->831428K(8356864K), 0.0307300 secs] [Times: user=0.20 sys=0.02, real=0.03 secs] 
2011-02-12T01:30:10.550+0000: 4299.869: [GC
Desired survivor size 26279936 bytes, new threshold 1 (max 15)
 [PSYoungGen: 2764386K->9568K(2770496K)] 3576644K->822430K(8362944K), 0.0204410 secs] [Times: user=0.12 sys=0.01, real=0.02 secs] 
2011-02-12T01:30:14.793+0000: 4304.112: [GC
Desired survivor size 25296896 bytes, new threshold 1 (max 15)
 [PSYoungGen: 2754208K->14828K(2770304K)] 3567070K->828202K(8362752K), 0.0263250 secs] [Times: user=0.17 sys=0.01, real=0.02 secs] 
2011-02-12T01:30:19.088+0000: 4308.407: [GC
Desired survivor size 24838144 bytes, new threshold 1 (max 15)
 [PSYoungGen: 2759468K->15959K(2771904K)] 3572842K->829730K(8364352K), 0.0279100 secs] [Times: user=0.18 sys=0.01, real=0.03 secs] 
2011-02-12T01:30:23.352+0000: 4312.671: [GC
Desired survivor size 25690112 bytes, new threshold 1 (max 15)
 [PSYoungGen: 2763159K->4016K(2751232K)] 3576930K->818363K(8343680K), 0.0148030 secs] [Times: user=0.08 sys=0.01, real=0.02 secs] 
2011-02-12T01:30:27.279+0000: 4316.599: [GC
Desired survivor size 24772608 bytes, new threshold 1 (max 15)
 [PSYoungGen: 2751216K->11840K(2771968K)] 3565563K->827020K(8364416K), 0.0222810 secs] [Times: user=0.14 sys=0.02, real=0.02 secs] 
2011-02-12T01:30:31.717+0000: 4321.037: [GC
Desired survivor size 27262976 bytes, new threshold 1 (max 15)
 [PSYoungGen: 2758720K->22864K(2769792K)] 3573900K->838532K(8362240K), 0.0340970 secs] [Times: user=0.23 sys=0.01, real=0.03 secs] 
2011-02-12T01:30:36.080+0000: 4325.399: [GC
Desired survivor size 26148864 bytes, new threshold 1 (max 15)
 [PSYoungGen: 2769744K->14656K(2770624K)] 3585412K->830804K(8363072K), 0.0265620 secs] [Times: user=0.17 sys=0.01, real=0.03 secs] 
2011-02-12T01:30:40.543+0000: 4329.863: [GC
Desired survivor size 26673152 bytes, new threshold 1 (max 15)
 [PSYoungGen: 2758912K->4704K(2769792K)] 3575060K->821398K(8362240K), 0.0158930 secs] [Times: user=0.09 sys=0.01, real=0.02 secs] 
2011-02-12T01:30:44.608+0000: 4333.928: [GC
Desired survivor size 26083328 bytes, new threshold 1 (max 15)
 [PSYoungGen: 2748960K->9381K(2770688K)] 3565654K->826491K(8363136K), 0.0200810 secs] [Times: user=0.11 sys=0.01, real=0.02 secs] 
2011-02-12T01:30:48.788+0000: 4338.108: [GC
Desired survivor size 26214400 bytes, new threshold 1 (max 15)
 [PSYoungGen: 2754021K->16594K(2770112K)] 3571131K->834593K(8362560K), 0.0288200 secs] [Times: user=0.17 sys=0.02, real=0.03 secs] 
2011-02-12T01:30:52.967+0000: 4342.287: [GC
Desired survivor size 27983872 bytes, new threshold 1 (max 15)
 [PSYoungGen: 2761234K->21436K(2767104K)] 3579233K->840569K(8359552K), 0.0335430 secs] [Times: user=0.23 sys=0.01, real=0.03 secs] 
2011-02-12T01:30:57.239+0000: 4346.558: [GC
Desired survivor size 27787264 bytes, new threshold 1 (max 15)
 [PSYoungGen: 2762940K->7552K(2768832K)] 3582073K->827261K(8361280K), 0.0186740 secs] [Times: user=0.11 sys=0.02, real=0.02 secs] 
2011-02-12T01:31:01.577+0000: 4350.896: [GC
Desired survivor size 28508160 bytes, new threshold 1 (max 15)
 [PSYoungGen: 2749056K->19102K(2767616K)] 3568765K->839371K(8360064K), 0.0304610 secs] [Times: user=0.18 sys=0.02, real=0.04 secs] 
2011-02-12T01:31:05.751+0000: 4355.071: [GC
Desired survivor size 27918336 bytes, new threshold 1 (max 15)
 [PSYoungGen: 2759582K->9528K(2768320K)] 3579851K->830484K(8360768K), 0.0210360 secs] [Times: user=0.12 sys=0.02, real=0.02 secs] 
2011-02-12T01:31:10.225+0000: 4359.545: [GC
Desired survivor size 29097984 bytes, new threshold 1 (max 15)
 [PSYoungGen: 2750008K->20352K(2766592K)] 3570964K->841902K(8359040K), 0.0313720 secs] [Times: user=0.21 sys=0.01, real=0.03 secs] 
2011-02-12T01:31:14.796+0000: 4364.115: [GC
Desired survivor size 27656192 bytes, new threshold 1 (max 15)
 [PSYoungGen: 2759680K->14243K(2767744K)] 3581230K->836249K(8360192K), 0.0262150 secs] [Times: user=0.15 sys=0.02, real=0.03 secs] 
2011-02-12T01:31:19.408+0000: 4368.728: [GC
Desired survivor size 26411008 bytes, new threshold 1 (max 15)
 [PSYoungGen: 2753571K->13728K(2770368K)] 3575577K->836209K(8362816K), 0.0273380 secs] [Times: user=0.14 sys=0.02, real=0.03 secs] 
2011-02-12T01:31:24.071+0000: 4373.391: [GC
Desired survivor size 26411008 bytes, new threshold 1 (max 15)
 [PSYoungGen: 2757088K->7628K(2769152K)] 3579569K->830574K(8361600K), 0.0186550 secs] [Times: user=0.10 sys=0.01, real=0.01 secs] 
2011-02-12T01:31:28.927+0000: 4378.247: [GC
Desired survivor size 26607616 bytes, new threshold 1 (max 15)
 [PSYoungGen: 2750988K->5280K(2769984K)] 3573934K->828694K(8362432K), 0.0163560 secs] [Times: user=0.08 sys=0.01, real=0.02 secs] 
2011-02-12T01:31:33.485+0000: 4382.805: [GC
Desired survivor size 27918336 bytes, new threshold 1 (max 15)
 [PSYoungGen: 2749472K->19808K(2764032K)] 3572886K->843716K(8356480K), 0.0321860 secs] [Times: user=0.20 sys=0.02, real=0.03 secs] 
2011-02-12T01:31:37.740+0000: 4387.060: [GC
Desired survivor size 27983872 bytes, new threshold 1 (max 15)
 [PSYoungGen: 2764000K->5120K(2768768K)] 3587908K->829492K(8361216K), 0.0163550 secs] [Times: user=0.10 sys=0.01, real=0.02 secs] 
2011-02-12T01:31:42.324+0000: 4391.643: [GC
Desired survivor size 29032448 bytes, new threshold 1 (max 15)
 [PSYoungGen: 2746624K->19424K(2760960K)] 3570996K->844340K(8353408K), 0.0315010 secs] [Times: user=0.20 sys=0.02, real=0.03 secs] 
2011-02-12T01:31:47.107+0000: 4396.426: [GC
Desired survivor size 27918336 bytes, new threshold 1 (max 15)
 [PSYoungGen: 2760928K->14384K(2768896K)] 3585844K->839804K(8361344K), 0.0271580 secs] [Times: user=0.15 sys=0.02, real=0.03 secs] 
2011-02-12T01:31:52.308+0000: 4401.627: [GC
Desired survivor size 27852800 bytes, new threshold 1 (max 15)
 [PSYoungGen: 2754928K->16912K(2767808K)] 3580348K->842869K(8360256K), 0.0292970 secs] [Times: user=0.17 sys=0.01, real=0.03 secs] 
2011-02-12T01:31:57.282+0000: 4406.602: [GC
Desired survivor size 27721728 bytes, new threshold 1 (max 15)
 [PSYoungGen: 2757456K->6624K(2769088K)] 3583413K->833216K(8361536K), 0.0197060 secs] [Times: user=0.08 sys=0.01, real=0.02 secs] 
2011-02-12T01:32:02.357+0000: 4411.676: [GC
Desired survivor size 26476544 bytes, new threshold 1 (max 15)
 [PSYoungGen: 2748512K->11866K(2768960K)] 3575104K->838850K(8361408K), 0.0233410 secs] [Times: user=0.14 sys=0.02, real=0.02 secs] 
2011-02-12T01:32:06.841+0000: 4416.160: [GC
Desired survivor size 26607616 bytes, new threshold 1 (max 15)
 [PSYoungGen: 2753754K->4594K(2770048K)] 3580738K->832293K(8362496K), 0.0158000 secs] [Times: user=0.08 sys=0.02, real=0.02 secs] 
2011-02-12T01:32:11.720+0000: 4421.040: [GC
Desired survivor size 26411008 bytes, new threshold 1 (max 15)
 [PSYoungGen: 2748786K->5024K(2770176K)] 3576485K->833177K(8362624K), 0.0170520 secs] [Times: user=0.09 sys=0.01, real=0.02 secs] 
2011-02-12T01:32:16.763+0000: 4426.083: [GC
Desired survivor size 25624576 bytes, new threshold 1 (max 15)
 [PSYoungGen: 2749216K->7488K(2771136K)] 3577369K->836180K(8363584K), 0.0188040 secs] [Times: user=0.11 sys=0.01, real=0.02 secs] 
2011-02-12T01:32:21.554+0000: 4430.874: [GC
Desired survivor size 24248320 bytes, new threshold 1 (max 15)
 [PSYoungGen: 2752831K->10501K(2770368K)] 3581524K->839698K(8362816K), 0.0207390 secs] [Times: user=0.14 sys=0.01, real=0.02 secs] 
2011-02-12T01:32:26.096+0000: 4435.416: [GC
Desired survivor size 27131904 bytes, new threshold 1 (max 15)
 [PSYoungGen: 2755845K->22016K(2766848K)] 3585042K->852001K(8359296K), 0.0337720 secs] [Times: user=0.23 sys=0.01, real=0.04 secs] 
2011-02-12T01:32:30.702+0000: 4440.021: [GC
Desired survivor size 28180480 bytes, new threshold 1 (max 15)
 [PSYoungGen: 2765184K->18630K(2761856K)] 3595169K->849112K(8354304K), 0.0300690 secs] [Times: user=0.19 sys=0.01, real=0.03 secs] 
2011-02-12T01:32:35.525+0000: 4444.845: [GC
Desired survivor size 26869760 bytes, new threshold 1 (max 15)
 [PSYoungGen: 2761798K->11644K(2769920K)] 3592280K->842774K(8362368K), 0.0246730 secs] [Times: user=0.13 sys=0.01, real=0.03 secs] 
2011-02-12T01:32:40.074+0000: 4449.393: [GC
Desired survivor size 30081024 bytes, new threshold 1 (max 15)
 [PSYoungGen: 2754044K->24748K(2767168K)] 3585174K->856485K(8359616K), 0.0377190 secs] [Times: user=0.24 sys=0.01, real=0.04 secs] 
2011-02-12T01:32:44.751+0000: 4454.071: [GC
Desired survivor size 30539776 bytes, new threshold 1 (max 15)
 [PSYoungGen: 2767148K->19264K(2765504K)] 3598885K->851461K(8357952K), 0.0314050 secs] [Times: user=0.21 sys=0.01, real=0.03 secs] 
2011-02-12T01:32:49.434+0000: 4458.754: [GC
Desired survivor size 29163520 bytes, new threshold 1 (max 15)
 [PSYoungGen: 2755776K->13157K(2766336K)] 3587973K->845875K(8358784K), 0.0256670 secs] [Times: user=0.14 sys=0.01, real=0.02 secs] 
2011-02-12T01:32:54.102+0000: 4463.421: [GC
Desired survivor size 28180480 bytes, new threshold 1 (max 15)
 [PSYoungGen: 2749669K->11388K(2768640K)] 3582387K->844840K(8361088K), 0.0234840 secs] [Times: user=0.14 sys=0.01, real=0.02 secs] 
2011-02-12T01:32:58.603+0000: 4467.922: [GC
Desired survivor size 27983872 bytes, new threshold 1 (max 15)
 [PSYoungGen: 2751548K->7168K(2767680K)] 3585000K->841352K(8360128K), 0.0182120 secs] [Times: user=0.11 sys=0.01, real=0.01 secs] 
2011-02-12T01:33:03.043+0000: 4472.362: [GC
Desired survivor size 29229056 bytes, new threshold 1 (max 15)
 [PSYoungGen: 2747328K->20346K(2766400K)] 3581512K->854970K(8358848K), 0.0331790 secs] [Times: user=0.20 sys=0.02, real=0.04 secs] 
2011-02-12T01:33:07.413+0000: 4476.732: [GC
Desired survivor size 28770304 bytes, new threshold 1 (max 15)
 [PSYoungGen: 2759418K->8318K(2767616K)] 3594042K->843625K(8360064K), 0.0225740 secs] [Times: user=0.10 sys=0.01, real=0.03 secs] 
2011-02-12T01:33:12.050+0000: 4481.369: [GC
Desired survivor size 29884416 bytes, new threshold 1 (max 15)
 [PSYoungGen: 2747390K->20472K(2765888K)] 3582697K->856186K(8358336K), 0.0337890 secs] [Times: user=0.21 sys=0.02, real=0.04 secs] 
2011-02-12T01:33:17.282+0000: 4486.602: [GC
Desired survivor size 29491200 bytes, new threshold 1 (max 15)
 [PSYoungGen: 2758264K->7619K(2766976K)] 3593978K->843742K(8359424K), 0.0194710 secs] [Times: user=0.11 sys=0.01, real=0.02 secs] 
2011-02-12T01:33:21.876+0000: 4491.196: [GC
Desired survivor size 30998528 bytes, new threshold 1 (max 15)
 [PSYoungGen: 2745411K->21536K(2764416K)] 3581534K->858158K(8356864K), 0.0339080 secs] [Times: user=0.23 sys=0.01, real=0.03 secs] 
2011-02-12T01:33:27.001+0000: 4496.321: [GC
Desired survivor size 30146560 bytes, new threshold 1 (max 15)
 [PSYoungGen: 2757152K->9740K(2765888K)] 3593774K->846874K(8358336K), 0.0217680 secs] [Times: user=0.13 sys=0.02, real=0.02 secs] 
2011-02-12T01:33:31.863+0000: 4501.183: [GC
Desired survivor size 28835840 bytes, new threshold 1 (max 15)
 [PSYoungGen: 2745356K->12144K(2768000K)] 3582490K->849855K(8360448K), 0.0246490 secs] [Times: user=0.15 sys=0.01, real=0.03 secs] 
2011-02-12T01:33:36.651+0000: 4505.971: [GC
Desired survivor size 28704768 bytes, new threshold 1 (max 15)
 [PSYoungGen: 2750704K->6048K(2766720K)] 3588415K->844271K(8359168K), 0.0173660 secs] [Times: user=0.09 sys=0.01, real=0.02 secs] 
2011-02-12T01:33:41.589+0000: 4510.909: [GC
Desired survivor size 28246016 bytes, new threshold 1 (max 15)
 [PSYoungGen: 2744608K->6528K(2768576K)] 3582831K->845251K(8361024K), 0.0175030 secs] [Times: user=0.10 sys=0.01, real=0.01 secs] 
2011-02-12T01:33:46.069+0000: 4515.389: [GC
Desired survivor size 30277632 bytes, new threshold 1 (max 15)
 [PSYoungGen: 2747072K->21820K(2762368K)] 3585795K->860991K(8354816K), 0.0332820 secs] [Times: user=0.21 sys=0.01, real=0.03 secs] 
2011-02-12T01:33:50.671+0000: 4519.991: [GC
Desired survivor size 29360128 bytes, new threshold 1 (max 15)
 [PSYoungGen: 2762364K->8992K(2767488K)] 3601535K->848872K(8359936K), 0.0192370 secs] [Times: user=0.12 sys=0.01, real=0.02 secs] 
2011-02-12T01:33:55.449+0000: 4524.769: [GC
Desired survivor size 28704768 bytes, new threshold 1 (max 15)
 [PSYoungGen: 2746912K->7416K(2766592K)] 3586792K->848121K(8359040K), 0.0192530 secs] [Times: user=0.10 sys=0.01, real=0.02 secs] 
2011-02-12T01:34:00.188+0000: 4529.508: [GC
Desired survivor size 27590656 bytes, new threshold 1 (max 15)
 [PSYoungGen: 2745336K->13643K(2769216K)] 3586041K->854948K(8361664K), 0.0264860 secs] [Times: user=0.16 sys=0.02, real=0.03 secs] 
2011-02-12T01:34:04.425+0000: 4533.745: [GC
Desired survivor size 27394048 bytes, new threshold 1 (max 15)
 [PSYoungGen: 2754827K->4952K(2768128K)] 3596132K->846943K(8360576K), 0.0167740 secs] [Times: user=0.08 sys=0.01, real=0.02 secs] 
2011-02-12T01:34:08.620+0000: 4537.940: [GC
Desired survivor size 26017792 bytes, new threshold 1 (max 15)
 [PSYoungGen: 2746136K->10656K(2770752K)] 3588127K->853127K(8363200K), 0.0227550 secs] [Times: user=0.13 sys=0.01, real=0.03 secs] 
2011-02-12T01:34:12.912+0000: 4542.232: [GC
Desired survivor size 29097984 bytes, new threshold 1 (max 15)
 [PSYoungGen: 2754656K->23368K(2767424K)] 3597127K->866207K(8359872K), 0.0350930 secs] [Times: user=0.23 sys=0.01, real=0.03 secs] 
2011-02-12T01:34:17.730+0000: 4547.050: [GC
Desired survivor size 30605312 bytes, new threshold 1 (max 15)
 [PSYoungGen: 2767368K->21004K(2764800K)] 3610207K->864319K(8357248K), 0.0323750 secs] [Times: user=0.23 sys=0.01, real=0.04 secs] 
2011-02-12T01:34:21.933+0000: 4551.252: [GC
Desired survivor size 31588352 bytes, new threshold 1 (max 15)
 [PSYoungGen: 2757388K->20520K(2756928K)] 3600703K->864312K(8349376K), 0.0319330 secs] [Times: user=0.20 sys=0.01, real=0.03 secs] 
2011-02-12T01:34:26.238+0000: 4555.558: [GC
Desired survivor size 30736384 bytes, new threshold 1 (max 15)
 [PSYoungGen: 2756904K->9376K(2766144K)] 3600696K->853662K(8358592K), 0.0212250 secs] [Times: user=0.13 sys=0.01, real=0.02 secs] 
2011-02-12T01:34:30.690+0000: 4560.010: [GC
Desired survivor size 32702464 bytes, new threshold 1 (max 15)
 [PSYoungGen: 2744672K->23395K(2758720K)] 3588958K->868122K(8351168K), 0.0349750 secs] [Times: user=0.24 sys=0.01, real=0.04 secs] 
2011-02-12T01:34:35.573+0000: 4564.892: [GC
Desired survivor size 34013184 bytes, new threshold 1 (max 15)
 [PSYoungGen: 2758691K->22825K(2761664K)] 3603418K->868297K(8354112K), 0.0366710 secs] [Times: user=0.24 sys=0.02, real=0.04 secs] 
2011-02-12T01:34:40.473+0000: 4569.793: [GC
Desired survivor size 34209792 bytes, new threshold 1 (max 15)
 [PSYoungGen: 2752553K->20771K(2750528K)] 3598025K->866855K(8342976K), 0.0319360 secs] [Times: user=0.21 sys=0.01, real=0.04 secs] 
2011-02-12T01:34:45.392+0000: 4574.711: [GC
Desired survivor size 32505856 bytes, new threshold 1 (max 15)
 [PSYoungGen: 2750499K->16248K(2764416K)] 3596583K->862888K(8356864K), 0.0279850 secs] [Times: user=0.17 sys=0.01, real=0.03 secs] 
2011-02-12T01:34:49.955+0000: 4579.275: [GC
Desired survivor size 31653888 bytes, new threshold 1 (max 15)
 [PSYoungGen: 2747256K->11670K(2762752K)] 3593896K->858838K(8355200K), 0.0225860 secs] [Times: user=0.14 sys=0.01, real=0.03 secs] 
2011-02-12T01:34:54.405+0000: 4583.725: [GC
Desired survivor size 32899072 bytes, new threshold 1 (max 15)
 [PSYoungGen: 2742678K->22927K(2762816K)] 3589846K->870631K(8355264K), 0.0359880 secs] [Times: user=0.22 sys=0.00, real=0.04 secs] 
2011-02-12T01:34:58.871+0000: 4588.191: [GC
Desired survivor size 32702464 bytes, new threshold 1 (max 15)
 [PSYoungGen: 2754831K->8000K(2764032K)] 3602535K->856392K(8356480K), 0.0200800 secs] [Times: user=0.09 sys=0.01, real=0.02 secs] 
2011-02-12T01:35:03.459+0000: 4592.779: [GC
Desired survivor size 32833536 bytes, new threshold 1 (max 15)
 [PSYoungGen: 2739904K->5434K(2763968K)] 3588296K->854234K(8356416K), 0.0163070 secs] [Times: user=0.09 sys=0.02, real=0.01 secs] 
2011-02-12T01:35:07.805+0000: 4597.125: [GC
Desired survivor size 31391744 bytes, new threshold 1 (max 15)
 [PSYoungGen: 2737466K->15512K(2764096K)] 3586266K->865043K(8356544K), 0.0275870 secs] [Times: user=0.18 sys=0.01, real=0.03 secs] 
2011-02-12T01:35:12.030+0000: 4601.349: [GC
Desired survivor size 31981568 bytes, new threshold 1 (max 15)
 [PSYoungGen: 2747544K->20444K(2764352K)] 3597075K->870651K(8356800K), 0.0332070 secs] [Times: user=0.22 sys=0.02, real=0.03 secs] 
2011-02-12T01:35:16.878+0000: 4606.198: [GC
Desired survivor size 31981568 bytes, new threshold 1 (max 15)
 [PSYoungGen: 2754140K->5776K(2764928K)] 3604347K->856451K(8357376K), 0.0177120 secs] [Times: user=0.10 sys=0.02, real=0.02 secs] 
2011-02-12T01:35:21.321+0000: 4610.641: [GC
Desired survivor size 30605312 bytes, new threshold 1 (max 15)
 [PSYoungGen: 2739472K->15206K(2766272K)] 3590147K->866273K(8358720K), 0.0265760 secs] [Times: user=0.16 sys=0.02, real=0.02 secs] 
2011-02-12T01:35:25.863+0000: 4615.183: [GC
Desired survivor size 29687808 bytes, new threshold 1 (max 15)
 [PSYoungGen: 2750246K->10267K(2764928K)] 3601313K->861847K(8357376K), 0.0213290 secs] [Times: user=0.12 sys=0.01, real=0.02 secs] 
2011-02-12T01:35:30.209+0000: 4619.528: [GC
Desired survivor size 31522816 bytes, new threshold 1 (max 15)
 [PSYoungGen: 2745307K->22812K(2763584K)] 3596887K->874976K(8356032K), 0.0348010 secs] [Times: user=0.23 sys=0.02, real=0.04 secs] 
2011-02-12T01:35:34.457+0000: 4623.776: [GC
Desired survivor size 30474240 bytes, new threshold 1 (max 15)
 [PSYoungGen: 2757404K->11488K(2765376K)] 3609568K->864112K(8357824K), 0.0245640 secs] [Times: user=0.12 sys=0.01, real=0.03 secs] 
2011-02-12T01:35:39.041+0000: 4628.361: [GC
Desired survivor size 30146560 bytes, new threshold 1 (max 15)
 [PSYoungGen: 2746080K->7520K(2766720K)] 3598704K->860632K(8359168K), 0.0190000 secs] [Times: user=0.11 sys=0.01, real=0.02 secs] 
2011-02-12T01:35:43.700+0000: 4633.020: [GC
Desired survivor size 31653888 bytes, new threshold 1 (max 15)
 [PSYoungGen: 2744480K->22080K(2759040K)] 3597592K->875624K(8351488K), 0.0341820 secs] [Times: user=0.22 sys=0.01, real=0.04 secs] 
2011-02-12T01:35:48.411+0000: 4637.731: [GC
Desired survivor size 34930688 bytes, new threshold 1 (max 15)
 [PSYoungGen: 2759040K->27614K(2758848K)] 3612584K->881675K(8351296K), 0.0404690 secs] [Times: user=0.25 sys=0.01, real=0.04 secs] 
2011-02-12T01:35:53.017+0000: 4642.336: [GC
Desired survivor size 33488896 bytes, new threshold 1 (max 15)
 [PSYoungGen: 2755550K->17104K(2762048K)] 3609611K->872778K(8354496K), 0.0293060 secs] [Times: user=0.19 sys=0.01, real=0.03 secs] 
2011-02-12T01:35:57.392+0000: 4646.712: [GC
Desired survivor size 35848192 bytes, new threshold 1 (max 15)
 [PSYoungGen: 2745040K->26688K(2758848K)] 3600714K->882986K(8351296K), 0.0403600 secs] [Times: user=0.26 sys=0.02, real=0.04 secs] 
2011-02-12T01:36:01.694+0000: 4651.014: [GC
Desired survivor size 34603008 bytes, new threshold 1 (max 15)
 [PSYoungGen: 2752832K->13602K(2761152K)] 3609130K->870292K(8353600K), 0.0265920 secs] [Times: user=0.14 sys=0.02, real=0.03 secs] 
2011-02-12T01:36:05.707+0000: 4655.027: [GC
Desired survivor size 33619968 bytes, new threshold 1 (max 15)
 [PSYoungGen: 2739746K->18696K(2763328K)] 3596436K->875996K(8355776K), 0.0315180 secs] [Times: user=0.18 sys=0.02, real=0.03 secs] 
2011-02-12T01:36:10.105+0000: 4659.424: [GC
Desired survivor size 34668544 bytes, new threshold 1 (max 15)
 [PSYoungGen: 2748232K->24006K(2753600K)] 3605532K->881914K(8346048K), 0.0365400 secs] [Times: user=0.24 sys=0.01, real=0.04 secs] 
2011-02-12T01:36:14.573+0000: 4663.893: [GC
Desired survivor size 34537472 bytes, new threshold 1 (max 15)
 [PSYoungGen: 2753542K->21728K(2762432K)] 3611450K->880152K(8354880K), 0.0329830 secs] [Times: user=0.23 sys=0.01, real=0.04 secs] 
2011-02-12T01:36:19.163+0000: 4668.483: [GC
Desired survivor size 33292288 bytes, new threshold 1 (max 15)
 [PSYoungGen: 2750304K->16288K(2762304K)] 3608728K->875312K(8354752K), 0.0290930 secs] [Times: user=0.17 sys=0.01, real=0.03 secs] 
2011-02-12T01:36:24.066+0000: 4673.385: [GC
Desired survivor size 32440320 bytes, new threshold 1 (max 15)
 [PSYoungGen: 2744864K->13932K(2764480K)] 3603888K->873421K(8356928K), 0.0252160 secs] [Times: user=0.17 sys=0.01, real=0.03 secs] 
2011-02-12T01:36:29.001+0000: 4678.321: [GC
Desired survivor size 31195136 bytes, new threshold 1 (max 15)
 [PSYoungGen: 2745900K->16382K(2763648K)] 3605389K->876351K(8356096K), 0.0292030 secs] [Times: user=0.17 sys=0.01, real=0.03 secs] 
2011-02-12T01:36:33.768+0000: 4683.087: [GC
Desired survivor size 30670848 bytes, new threshold 1 (max 15)
 [PSYoungGen: 2748350K->12672K(2766208K)] 3608319K->873128K(8358656K), 0.0238570 secs] [Times: user=0.13 sys=0.01, real=0.03 secs] 
2011-02-12T01:36:38.403+0000: 4687.723: [GC
Desired survivor size 30801920 bytes, new threshold 1 (max 15)
 [PSYoungGen: 2748416K->8652K(2765696K)] 3608872K->869525K(8358144K), 0.0203400 secs] [Times: user=0.12 sys=0.01, real=0.02 secs] 
2011-02-12T01:36:42.951+0000: 4692.271: [GC
Desired survivor size 29884416 bytes, new threshold 1 (max 15)
 [PSYoungGen: 2744396K->17408K(2766976K)] 3605269K->878749K(8359424K), 0.0297540 secs] [Times: user=0.18 sys=0.02, real=0.03 secs] 
2011-02-12T01:36:47.854+0000: 4697.174: [GC
Desired survivor size 28573696 bytes, new threshold 1 (max 15)
 [PSYoungGen: 2754304K->15952K(2766080K)] 3615645K->877765K(8358528K), 0.0272100 secs] [Times: user=0.18 sys=0.01, real=0.03 secs] 
2011-02-12T01:36:52.463+0000: 4701.783: [GC
Desired survivor size 29818880 bytes, new threshold 1 (max 15)
 [PSYoungGen: 2752848K->22592K(2765824K)] 3614661K->884957K(8358272K), 0.0351420 secs] [Times: user=0.23 sys=0.02, real=0.03 secs] 
2011-02-12T01:36:56.956+0000: 4706.276: [GC
Desired survivor size 28639232 bytes, new threshold 1 (max 15)
 [PSYoungGen: 2760512K->16177K(2767040K)] 3622877K->879295K(8359488K), 0.0279980 secs] [Times: user=0.18 sys=0.01, real=0.03 secs] 
2011-02-12T01:37:00.987+0000: 4710.306: [GC
Desired survivor size 30343168 bytes, new threshold 1 (max 15)
 [PSYoungGen: 2754097K->24154K(2764864K)] 3617215K->887776K(8357312K), 0.0365940 secs] [Times: user=0.25 sys=0.01, real=0.04 secs] 
2011-02-12T01:37:04.791+0000: 4714.111: [GC
Desired survivor size 32505856 bytes, new threshold 1 (max 15)
 [PSYoungGen: 2761050K->26552K(2763456K)] 3624672K->891016K(8355904K), 0.0388440 secs] [Times: user=0.25 sys=0.03, real=0.04 secs] 
2011-02-12T01:37:09.073+0000: 4718.393: [GC
Desired survivor size 33554432 bytes, new threshold 1 (max 15)
 [PSYoungGen: 2763448K->4568K(2762368K)] 3627912K->869489K(8354816K), 0.0180710 secs] [Times: user=0.08 sys=0.01, real=0.01 secs] 
2011-02-12T01:37:13.444+0000: 4722.764: [GC
Desired survivor size 33751040 bytes, new threshold 1 (max 15)
 [PSYoungGen: 2735192K->21695K(2752320K)] 3600113K->887096K(8344768K), 0.0341510 secs] [Times: user=0.22 sys=0.02, real=0.03 secs] 
2011-02-12T01:37:18.251+0000: 4727.571: [GC
Desired survivor size 32702464 bytes, new threshold 1 (max 15)
 [PSYoungGen: 2752319K->14224K(2764224K)] 3617720K->880081K(8356672K), 0.0263560 secs] [Times: user=0.16 sys=0.01, real=0.03 secs] 
2011-02-12T01:37:22.759+0000: 4732.078: [GC
Desired survivor size 31391744 bytes, new threshold 1 (max 15)
 [PSYoungGen: 2745488K->16139K(2763200K)] 3611345K->882468K(8355648K), 0.0282150 secs] [Times: user=0.18 sys=0.01, real=0.03 secs] 
2011-02-12T01:37:27.299+0000: 4736.618: [GC
Desired survivor size 31784960 bytes, new threshold 1 (max 15)
 [PSYoungGen: 2747403K->6640K(2764736K)] 3613732K->873533K(8357184K), 0.0201030 secs] [Times: user=0.09 sys=0.02, real=0.02 secs] 
2011-02-12T01:37:31.664+0000: 4740.983: [GC
Desired survivor size 31588352 bytes, new threshold 1 (max 15)
 [PSYoungGen: 2740720K->19424K(2765120K)] 3607613K->886790K(8357568K), 0.0322320 secs] [Times: user=0.21 sys=0.01, real=0.04 secs] 
2011-02-12T01:37:36.114+0000: 4745.434: [GC
Desired survivor size 31326208 bytes, new threshold 1 (max 15)
 [PSYoungGen: 2753504K->9200K(2765568K)] 3620870K->876990K(8358016K), 0.0203930 secs] [Times: user=0.13 sys=0.02, real=0.02 secs] 
2011-02-12T01:37:40.698+0000: 4750.018: [GC
Desired survivor size 33095680 bytes, new threshold 1 (max 15)
 [PSYoungGen: 2743920K->24381K(2759104K)] 3611710K->892724K(8351552K), 0.0366020 secs] [Times: user=0.25 sys=0.02, real=0.03 secs] 
2011-02-12T01:37:45.354+0000: 4754.673: [GC
Desired survivor size 31784960 bytes, new threshold 1 (max 15)
 [PSYoungGen: 2759101K->17236K(2765120K)] 3627444K->886217K(8357568K), 0.0286200 secs] [Times: user=0.19 sys=0.01, real=0.03 secs] 
2011-02-12T01:37:50.126+0000: 4759.446: [GC
Desired survivor size 31064064 bytes, new threshold 1 (max 15)
 [PSYoungGen: 2750036K->12160K(2763840K)] 3619017K->881552K(8356288K), 0.0239370 secs] [Times: user=0.14 sys=0.01, real=0.03 secs] 
2011-02-12T01:37:54.923+0000: 4764.243: [GC
Desired survivor size 30605312 bytes, new threshold 1 (max 15)
 [PSYoungGen: 2744960K->10640K(2766272K)] 3614352K->880600K(8358720K), 0.0219700 secs] [Times: user=0.13 sys=0.01, real=0.02 secs] 
2011-02-12T01:37:59.639+0000: 4768.959: [GC
Desired survivor size 30015488 bytes, new threshold 1 (max 15)
 [PSYoungGen: 2746576K->10528K(2765824K)] 3616536K->881168K(8358272K), 0.0217600 secs] [Times: user=0.14 sys=0.01, real=0.02 secs] 
2011-02-12T01:38:03.311+0000: 4772.631: [GC
Desired survivor size 29949952 bytes, new threshold 1 (max 15)
 [PSYoungGen: 2746464K->7071K(2766912K)] 3617104K->878248K(8359360K), 0.0172750 secs] [Times: user=0.10 sys=0.02, real=0.01 secs] 
2011-02-12T01:38:07.074+0000: 4776.394: [GC
Desired survivor size 31588352 bytes, new threshold 1 (max 15)
 [PSYoungGen: 2744671K->22672K(2760320K)] 3615848K->894577K(8352768K), 0.0363100 secs] [Times: user=0.21 sys=0.01, real=0.04 secs] 
2011-02-12T01:38:11.405+0000: 4780.724: [GC
Desired survivor size 30998528 bytes, new threshold 1 (max 15)
 [PSYoungGen: 2760272K->9216K(2765888K)] 3632177K->881585K(8358336K), 0.0209170 secs] [Times: user=0.12 sys=0.01, real=0.02 secs] 
2011-02-12T01:38:15.953+0000: 4785.273: [GC
Desired survivor size 31064064 bytes, new threshold 1 (max 15)
 [PSYoungGen: 2744256K->5088K(2765312K)] 3616625K->877793K(8357760K), 0.0171430 secs] [Times: user=0.08 sys=0.01, real=0.02 secs] 
2011-02-12T01:38:20.836+0000: 4790.156: [GC
Desired survivor size 32636928 bytes, new threshold 1 (max 15)
 [PSYoungGen: 2740128K->22272K(2762752K)] 3612833K->895401K(8355200K), 0.0343110 secs] [Times: user=0.23 sys=0.02, real=0.03 secs] 
2011-02-12T01:38:25.468+0000: 4794.788: [GC
Desired survivor size 31588352 bytes, new threshold 1 (max 15)
 [PSYoungGen: 2754688K->16335K(2764288K)] 3627817K->889913K(8356736K), 0.0282900 secs] [Times: user=0.19 sys=0.01, real=0.03 secs] 
2011-02-12T01:38:30.197+0000: 4799.517: [GC
Desired survivor size 30474240 bytes, new threshold 1 (max 15)
 [PSYoungGen: 2748751K->11264K(2766400K)] 3622329K->885393K(8358848K), 0.0236450 secs] [Times: user=0.15 sys=0.01, real=0.02 secs] 
2011-02-12T01:38:35.253+0000: 4804.573: [GC
Desired survivor size 29491200 bytes, new threshold 1 (max 15)
 [PSYoungGen: 2746816K->11104K(2765312K)] 3620945K->885753K(8357760K), 0.0236350 secs] [Times: user=0.13 sys=0.02, real=0.02 secs] 
2011-02-12T01:38:40.124+0000: 4809.443: [GC
Desired survivor size 28573696 bytes, new threshold 1 (max 15)
 [PSYoungGen: 2746656K->10416K(2768256K)] 3621305K->885505K(8360704K), 0.0220340 secs] [Times: user=0.13 sys=0.01, real=0.03 secs] 
2011-02-12T01:38:45.035+0000: 4814.355: [GC
Desired survivor size 27721728 bytes, new threshold 1 (max 15)
 [PSYoungGen: 2749872K->10240K(2767360K)] 3624961K->885921K(8359808K), 0.0215080 secs] [Times: user=0.13 sys=0.01, real=0.02 secs] 
2011-02-12T01:38:49.006+0000: 4818.325: [GC
Desired survivor size 27197440 bytes, new threshold 1 (max 15)
 [PSYoungGen: 2749696K->8352K(2769600K)] 3625377K->884505K(8362048K), 0.0198200 secs] [Times: user=0.10 sys=0.01, real=0.02 secs] 
2011-02-12T01:38:54.245+0000: 4823.564: [GC
Desired survivor size 26411008 bytes, new threshold 1 (max 15)
 [PSYoungGen: 2750880K->14576K(2769088K)] 3627033K->891282K(8361536K), 0.0268570 secs] [Times: user=0.16 sys=0.01, real=0.03 secs] 
2011-02-12T01:38:59.279+0000: 4828.598: [GC
Desired survivor size 25755648 bytes, new threshold 1 (max 15)
 [PSYoungGen: 2757104K->14688K(2771008K)] 3633810K->891978K(8363456K), 0.0274360 secs] [Times: user=0.17 sys=0.02, real=0.03 secs] 
2011-02-12T01:39:03.908+0000: 4833.228: [GC
Desired survivor size 27197440 bytes, new threshold 1 (max 15)
 [PSYoungGen: 2759904K->20088K(2765312K)] 3637194K->897827K(8357760K), 0.0319290 secs] [Times: user=0.21 sys=0.01, real=0.03 secs] 
2011-02-12T01:39:08.670+0000: 4837.989: [GC
Desired survivor size 27787264 bytes, new threshold 1 (max 15)
 [PSYoungGen: 2765304K->18924K(2768448K)] 3643043K->897397K(8360896K), 0.0322170 secs] [Times: user=0.18 sys=0.01, real=0.03 secs] 
2011-02-12T01:39:13.544+0000: 4842.863: [GC
Desired survivor size 29294592 bytes, new threshold 1 (max 15)
 [PSYoungGen: 2760812K->21696K(2763584K)] 3639285K->900749K(8356032K), 0.0351830 secs] [Times: user=0.22 sys=0.01, real=0.04 secs] 
2011-02-12T01:39:18.291+0000: 4847.611: [GC
Desired survivor size 28639232 bytes, new threshold 1 (max 15)
 [PSYoungGen: 2763584K->17041K(2768192K)] 3642637K->896622K(8360640K), 0.0310820 secs] [Times: user=0.19 sys=0.02, real=0.03 secs] 
2011-02-12T01:39:23.349+0000: 4852.669: [GC
Desired survivor size 28180480 bytes, new threshold 1 (max 15)
 [PSYoungGen: 2756625K->10576K(2767552K)] 3636206K->890677K(8360000K), 0.0223640 secs] [Times: user=0.14 sys=0.01, real=0.03 secs] 
2011-02-12T01:39:28.506+0000: 4857.825: [GC
Desired survivor size 27066368 bytes, new threshold 1 (max 15)
 [PSYoungGen: 2750160K->13504K(2769728K)] 3630261K->894149K(8362176K), 0.0259230 secs] [Times: user=0.16 sys=0.02, real=0.03 secs] 
2011-02-12T01:39:33.661+0000: 4862.981: [GC
Desired survivor size 27656192 bytes, new threshold 1 (max 15)
 [PSYoungGen: 2755712K->19264K(2768640K)] 3636357K->900432K(8361088K), 0.0317090 secs] [Times: user=0.20 sys=0.01, real=0.03 secs] 
2011-02-12T01:39:38.705+0000: 4868.024: [GC
Desired survivor size 28377088 bytes, new threshold 1 (max 15)
 [PSYoungGen: 2761472K->20227K(2767744K)] 3642640K->901844K(8360192K), 0.0322620 secs] [Times: user=0.21 sys=0.02, real=0.03 secs] 
2011-02-12T01:39:43.562+0000: 4872.882: [GC
Desired survivor size 28639232 bytes, new threshold 1 (max 15)
 [PSYoungGen: 2760963K->19616K(2760384K)] 3642580K->901804K(8352832K), 0.0318750 secs] [Times: user=0.21 sys=0.02, real=0.03 secs] 
2011-02-12T01:39:48.310+0000: 4877.629: [GC
Desired survivor size 28246016 bytes, new threshold 1 (max 15)
 [PSYoungGen: 2760352K->18320K(2768576K)] 3642540K->900972K(8361024K), 0.0300510 secs] [Times: user=0.19 sys=0.02, real=0.03 secs] 
2011-02-12T01:39:52.981+0000: 4882.301: [GC
Desired survivor size 27525120 bytes, new threshold 1 (max 15)
 [PSYoungGen: 2758928K->13872K(2768192K)] 3641580K->897137K(8360640K), 0.0255640 secs] [Times: user=0.16 sys=0.01, real=0.03 secs] 
2011-02-12T01:39:57.589+0000: 4886.908: [GC
Desired survivor size 27590656 bytes, new threshold 1 (max 15)
 [PSYoungGen: 2754480K->9488K(2769152K)] 3637745K->893585K(8361600K), 0.0208500 secs] [Times: user=0.13 sys=0.01, real=0.02 secs] 
2011-02-12T01:40:01.886+0000: 4891.205: [GC
Desired survivor size 26935296 bytes, new threshold 1 (max 15)
 [PSYoungGen: 2751760K->16778K(2769216K)] 3635857K->901283K(8361664K), 0.0295120 secs] [Times: user=0.18 sys=0.02, real=0.03 secs] 
2011-02-12T01:40:06.143+0000: 4895.462: [GC
Desired survivor size 28573696 bytes, new threshold 1 (max 15)
 [PSYoungGen: 2759050K->22784K(2766656K)] 3643555K->907979K(8359104K), 0.0345080 secs] [Times: user=0.24 sys=0.01, real=0.04 secs] 
2011-02-12T01:40:10.354+0000: 4899.673: [GC
Desired survivor size 27525120 bytes, new threshold 1 (max 15)
 [PSYoungGen: 2763136K->16608K(2768256K)] 3648331K->902299K(8360704K), 0.0285850 secs] [Times: user=0.18 sys=0.02, real=0.03 secs] 
2011-02-12T01:40:14.960+0000: 4904.280: [GC
Desired survivor size 27328512 bytes, new threshold 1 (max 15)
 [PSYoungGen: 2756960K->11232K(2769472K)] 3642651K->897355K(8361920K), 0.0234690 secs] [Times: user=0.13 sys=0.01, real=0.02 secs] 
2011-02-12T01:40:19.779+0000: 4909.098: [GC
Desired survivor size 27590656 bytes, new threshold 1 (max 15)
 [PSYoungGen: 2753824K->7872K(2750464K)] 3639947K->894558K(8342912K), 0.0203840 secs] [Times: user=0.10 sys=0.01, real=0.02 secs] 
2011-02-12T01:40:24.645+0000: 4913.965: [GC
Desired survivor size 27918336 bytes, new threshold 1 (max 15)
 [PSYoungGen: 2750464K->6080K(2768576K)] 3637150K->893294K(8361024K), 0.0185740 secs] [Times: user=0.08 sys=0.01, real=0.02 secs] 
2011-02-12T01:40:29.479+0000: 4918.799: [GC
Desired survivor size 27721728 bytes, new threshold 1 (max 15)
 [PSYoungGen: 2747712K->7568K(2768896K)] 3634926K->895286K(8361344K), 0.0194330 secs] [Times: user=0.11 sys=0.02, real=0.02 secs] 
2011-02-12T01:40:34.178+0000: 4923.497: [GC
Desired survivor size 27525120 bytes, new threshold 1 (max 15)
 [PSYoungGen: 2749200K->6288K(2769280K)] 3636918K->894519K(8361728K), 0.0186400 secs] [Times: user=0.10 sys=0.02, real=0.01 secs] 
2011-02-12T01:40:38.870+0000: 4928.189: [GC
Desired survivor size 29032448 bytes, new threshold 1 (max 15)
 [PSYoungGen: 2748496K->20491K(2762752K)] 3636727K->909218K(8355200K), 0.0325890 secs] [Times: user=0.21 sys=0.01, real=0.03 secs] 
2011-02-12T01:40:43.393+0000: 4932.713: [GC
Desired survivor size 28377088 bytes, new threshold 1 (max 15)
 [PSYoungGen: 2762699K->15794K(2768448K)] 3651426K->905215K(8360896K), 0.0295760 secs] [Times: user=0.16 sys=0.01, real=0.03 secs] 
2011-02-12T01:40:47.892+0000: 4937.212: [GC
Desired survivor size 27000832 bytes, new threshold 1 (max 15)
 [PSYoungGen: 2755890K->13888K(2767808K)] 3645311K->903744K(8360256K), 0.0265750 secs] [Times: user=0.16 sys=0.01, real=0.02 secs] 
2011-02-12T01:40:52.641+0000: 4941.961: [GC
Desired survivor size 26214400 bytes, new threshold 1 (max 15)
 [PSYoungGen: 2753984K->10976K(2770560K)] 3643840K->901376K(8363008K), 0.0237780 secs] [Times: user=0.12 sys=0.01, real=0.02 secs] 
2011-02-12T01:40:57.486+0000: 4946.806: [GC
Desired survivor size 25821184 bytes, new threshold 1 (max 15)
 [PSYoungGen: 2755168K->8544K(2769792K)] 3645568K->899712K(8362240K), 0.0205820 secs] [Times: user=0.11 sys=0.02, real=0.02 secs] 
2011-02-12T01:41:02.363+0000: 4951.683: [GC
Desired survivor size 24576000 bytes, new threshold 1 (max 15)
 [PSYoungGen: 2752736K->12890K(2772160K)] 3643904K->904618K(8364608K), 0.0239970 secs] [Times: user=0.14 sys=0.02, real=0.02 secs] 
2011-02-12T01:41:06.664+0000: 4955.984: [GC
Desired survivor size 24903680 bytes, new threshold 1 (max 15)
 [PSYoungGen: 2759834K->4704K(2770944K)] 3651562K->897202K(8363392K), 0.0160050 secs] [Times: user=0.09 sys=0.02, real=0.01 secs] 
2011-02-12T01:41:11.476+0000: 4960.796: [GC
Desired survivor size 27328512 bytes, new threshold 1 (max 15)
 [PSYoungGen: 2751648K->21792K(2767104K)] 3644146K->914714K(8359552K), 0.0331080 secs] [Times: user=0.21 sys=0.01, real=0.03 secs] 
2011-02-12T01:41:16.155+0000: 4965.475: [GC
Desired survivor size 28835840 bytes, new threshold 1 (max 15)
 [PSYoungGen: 2764576K->20768K(2763584K)] 3657498K->914154K(8356032K), 0.0329550 secs] [Times: user=0.21 sys=0.02, real=0.03 secs] 
2011-02-12T01:41:20.831+0000: 4970.150: [GC
Desired survivor size 30081024 bytes, new threshold 1 (max 15)
 [PSYoungGen: 2763552K->20936K(2765568K)] 3656938K->914743K(8358016K), 0.0324970 secs] [Times: user=0.22 sys=0.01, real=0.03 secs] 
2011-02-12T01:41:25.660+0000: 4974.980: [GC
Desired survivor size 29556736 bytes, new threshold 1 (max 15)
 [PSYoungGen: 2758344K->17184K(2766784K)] 3652151K->911495K(8359232K), 0.0309940 secs] [Times: user=0.17 sys=0.01, real=0.03 secs] 
2011-02-12T01:41:30.263+0000: 4979.583: [GC
Desired survivor size 30605312 bytes, new threshold 1 (max 15)
 [PSYoungGen: 2754592K->21368K(2765248K)] 3648903K->916232K(8357696K), 0.0336370 secs] [Times: user=0.23 sys=0.01, real=0.04 secs] 
2011-02-12T01:41:34.820+0000: 4984.139: [GC
Desired survivor size 29687808 bytes, new threshold 1 (max 15)
 [PSYoungGen: 2757752K->12314K(2766272K)] 3652616K->907850K(8358720K), 0.0248760 secs] [Times: user=0.15 sys=0.02, real=0.02 secs] 
2011-02-12T01:41:39.505+0000: 4988.825: [GC
Desired survivor size 29818880 bytes, new threshold 1 (max 15)
 [PSYoungGen: 2748698K->6272K(2766912K)] 3644234K->902322K(8359360K), 0.0183220 secs] [Times: user=0.09 sys=0.02, real=0.02 secs] 
2011-02-12T01:41:44.199+0000: 4993.519: [GC
Desired survivor size 31129600 bytes, new threshold 1 (max 15)
 [PSYoungGen: 2744192K->21760K(2759680K)] 3640242K->918233K(8352128K), 0.0380020 secs] [Times: user=0.21 sys=0.01, real=0.04 secs] 
2011-02-12T01:41:48.775+0000: 4998.095: [GC
Desired survivor size 30474240 bytes, new threshold 1 (max 15)
 [PSYoungGen: 2759680K->17520K(2766400K)] 3656153K->914425K(8358848K), 0.0301090 secs] [Times: user=0.18 sys=0.01, real=0.03 secs] 
2011-02-12T01:41:53.141+0000: 5002.460: [GC
Desired survivor size 30670848 bytes, new threshold 1 (max 15)
 [PSYoungGen: 2753520K->5872K(2765760K)] 3650425K->903353K(8358208K), 0.0184760 secs] [Times: user=0.09 sys=0.01, real=0.02 secs] 
2011-02-12T01:41:57.587+0000: 5006.907: [GC
Desired survivor size 29949952 bytes, new threshold 1 (max 15)
 [PSYoungGen: 2741872K->16771K(2766912K)] 3639353K->914988K(8359360K), 0.0298350 secs] [Times: user=0.16 sys=0.01, real=0.03 secs] 
2011-02-12T01:42:01.994+0000: 5011.314: [GC
Desired survivor size 29556736 bytes, new threshold 1 (max 15)
 [PSYoungGen: 2753731K->8561K(2766208K)] 3651948K->907198K(8358656K), 0.0262940 secs] [Times: user=0.09 sys=0.00, real=0.03 secs] 
2011-02-12T01:42:06.340+0000: 5015.660: [GC
Desired survivor size 29229056 bytes, new threshold 1 (max 15)
 [PSYoungGen: 2745521K->17208K(2767616K)] 3644158K->916614K(8360064K), 0.0333010 secs] [Times: user=0.17 sys=0.01, real=0.03 secs] 
2011-02-12T01:42:10.724+0000: 5020.044: [GC
Desired survivor size 29425664 bytes, new threshold 1 (max 15)
 [PSYoungGen: 2755960K->4976K(2767296K)] 3655366K->905007K(8359744K), 0.0166410 secs] [Times: user=0.09 sys=0.01, real=0.02 secs] 
2011-02-12T01:42:15.106+0000: 5024.425: [GC
Desired survivor size 29949952 bytes, new threshold 1 (max 15)
 [PSYoungGen: 2743728K->19040K(2766400K)] 3643759K->919807K(8358848K), 0.0349020 secs] [Times: user=0.18 sys=0.01, real=0.04 secs] 
2011-02-12T01:42:19.720+0000: 5029.039: [GC
Desired survivor size 28835840 bytes, new threshold 1 (max 15)
 [PSYoungGen: 2756704K->11552K(2766912K)] 3657471K->912855K(8359360K), 0.0247030 secs] [Times: user=0.13 sys=0.02, real=0.03 secs] 
2011-02-12T01:42:24.298+0000: 5033.618: [GC
Desired survivor size 30670848 bytes, new threshold 1 (max 15)
 [PSYoungGen: 2749216K->22496K(2764416K)] 3650519K->924183K(8356864K), 0.0350010 secs] [Times: user=0.23 sys=0.02, real=0.04 secs] 
2011-02-12T01:42:29.060+0000: 5038.379: [GC
Desired survivor size 31850496 bytes, new threshold 1 (max 15)
 [PSYoungGen: 2758752K->21728K(2758016K)] 3660439K->923823K(8350464K), 0.0342230 secs] [Times: user=0.23 sys=0.02, real=0.04 secs] 
2011-02-12T01:42:33.914+0000: 5043.234: [GC
Desired survivor size 31981568 bytes, new threshold 1 (max 15)
 [PSYoungGen: 2757984K->19936K(2764800K)] 3660079K->922415K(8357248K), 0.0319510 secs] [Times: user=0.21 sys=0.01, real=0.03 secs] 
2011-02-12T01:42:38.747+0000: 5048.067: [GC
Desired survivor size 32112640 bytes, new threshold 1 (max 15)
 [PSYoungGen: 2753632K->20320K(2754048K)] 3656111K->923335K(8346496K), 0.0324630 secs] [Times: user=0.21 sys=0.01, real=0.03 secs] 
2011-02-12T01:42:43.723+0000: 5053.042: [GC
Desired survivor size 31588352 bytes, new threshold 1 (max 15)
 [PSYoungGen: 2754016K->18976K(2765312K)] 3657031K->922455K(8357760K), 0.0327310 secs] [Times: user=0.20 sys=0.01, real=0.04 secs] 
2011-02-12T01:42:48.811+0000: 5058.131: [GC
Desired survivor size 32047104 bytes, new threshold 1 (max 15)
 [PSYoungGen: 2752928K->5392K(2764800K)] 3656407K->909407K(8357248K), 0.0180430 secs] [Times: user=0.09 sys=0.01, real=0.02 secs] 
2011-02-12T01:42:53.757+0000: 5063.077: [GC
Desired survivor size 32440320 bytes, new threshold 1 (max 15)
 [PSYoungGen: 2739344K->3952K(2764096K)] 3643359K->908575K(8356544K), 0.0152010 secs] [Times: user=0.09 sys=0.02, real=0.01 secs] 
2011-02-12T01:42:58.700+0000: 5068.020: [GC
Desired survivor size 31457280 bytes, new threshold 1 (max 15)
 [PSYoungGen: 2736752K->9478K(2764480K)] 3641375K->914758K(8356928K), 0.0219960 secs] [Times: user=0.13 sys=0.02, real=0.02 secs] 
2011-02-12T01:43:03.002+0000: 5072.321: [GC
Desired survivor size 32374784 bytes, new threshold 1 (max 15)
 [PSYoungGen: 2742278K->20778K(2763648K)] 3647558K->926608K(8356096K), 0.0312770 secs] [Times: user=0.21 sys=0.02, real=0.03 secs] 
2011-02-12T01:43:07.074+0000: 5076.394: [GC
Desired survivor size 32702464 bytes, new threshold 1 (max 15)
 [PSYoungGen: 2753706K->19904K(2752832K)] 3659536K->926368K(8345280K), 0.0319430 secs] [Times: user=0.21 sys=0.01, real=0.03 secs] 
2011-02-12T01:43:11.575+0000: 5080.895: [GC
Desired survivor size 31784960 bytes, new threshold 1 (max 15)
 [PSYoungGen: 2752832K->10368K(2765120K)] 3659296K->917304K(8357568K), 0.0227200 secs] [Times: user=0.13 sys=0.01, real=0.03 secs] 
2011-02-12T01:43:15.910+0000: 5085.229: [GC
Desired survivor size 34078720 bytes, new threshold 1 (max 15)
 [PSYoungGen: 2743552K->25120K(2758336K)] 3650488K->932536K(8350784K), 0.0379470 secs] [Times: user=0.24 sys=0.01, real=0.04 secs] 
2011-02-12T01:43:20.519+0000: 5089.839: [GC
Desired survivor size 32440320 bytes, new threshold 1 (max 15)
 [PSYoungGen: 2758304K->14613K(2764480K)] 3665720K->922559K(8356928K), 0.0258320 secs] [Times: user=0.17 sys=0.00, real=0.02 secs] 
2011-02-12T01:43:25.016+0000: 5094.336: [GC
Desired survivor size 32440320 bytes, new threshold 1 (max 15)
 [PSYoungGen: 2745813K->5984K(2762880K)] 3653759K->914429K(8355328K), 0.0180560 secs] [Times: user=0.10 sys=0.01, real=0.02 secs] 
2011-02-12T01:43:29.990+0000: 5099.310: [GC
Desired survivor size 32112640 bytes, new threshold 1 (max 15)
 [PSYoungGen: 2737184K->6368K(2764800K)] 3645629K->915253K(8357248K), 0.0179130 secs] [Times: user=0.09 sys=0.01, real=0.01 secs] 
2011-02-12T01:43:34.944+0000: 5104.264: [GC
Desired survivor size 31522816 bytes, new threshold 1 (max 15)
 [PSYoungGen: 2739488K->7040K(2764480K)] 3648373K->916365K(8356928K), 0.0187930 secs] [Times: user=0.10 sys=0.01, real=0.02 secs] 
2011-02-12T01:43:39.705+0000: 5109.024: [GC
Desired survivor size 30998528 bytes, new threshold 1 (max 15)
 [PSYoungGen: 2740160K->5696K(2765888K)] 3649485K->915389K(8358336K), 0.0162110 secs] [Times: user=0.09 sys=0.02, real=0.02 secs] 
2011-02-12T01:43:44.146+0000: 5113.465: [GC
Desired survivor size 31195136 bytes, new threshold 1 (max 15)
 [PSYoungGen: 2740800K->17792K(2765376K)] 3650493K->928020K(8357824K), 0.0299430 secs] [Times: user=0.20 sys=0.02, real=0.03 secs] 
2011-02-12T01:43:48.490+0000: 5117.810: [GC
Desired survivor size 34471936 bytes, new threshold 1 (max 15)
 [PSYoungGen: 2752896K->26301K(2759296K)] 3663124K->937002K(8351744K), 0.0386410 secs] [Times: user=0.26 sys=0.01, real=0.04 secs] 
2011-02-12T01:43:53.122+0000: 5122.441: [GC
Desired survivor size 33095680 bytes, new threshold 1 (max 15)
 [PSYoungGen: 2755133K->15685K(2762496K)] 3665834K->926953K(8354944K), 0.0289010 secs] [Times: user=0.17 sys=0.01, real=0.03 secs] 
2011-02-12T01:43:57.865+0000: 5127.185: [GC
Desired survivor size 31719424 bytes, new threshold 1 (max 15)
 [PSYoungGen: 2744517K->11440K(2765184K)] 3655785K->923577K(8357632K), 0.0240930 secs] [Times: user=0.13 sys=0.01, real=0.02 secs] 
2011-02-12T01:44:02.686+0000: 5132.006: [GC
Desired survivor size 30605312 bytes, new threshold 1 (max 15)
 [PSYoungGen: 2744304K->10618K(2763840K)] 3656441K->923299K(8356288K), 0.0224580 secs] [Times: user=0.13 sys=0.02, real=0.02 secs] 
2011-02-12T01:44:07.191+0000: 5136.511: [GC
Desired survivor size 31588352 bytes, new threshold 1 (max 15)
 [PSYoungGen: 2743482K->20704K(2764352K)] 3656163K->934043K(8356800K), 0.0331390 secs] [Times: user=0.22 sys=0.02, real=0.04 secs] 
2011-02-12T01:44:11.935+0000: 5141.255: [GC
Desired survivor size 33816576 bytes, new threshold 1 (max 15)
 [PSYoungGen: 2755168K->24704K(2759168K)] 3668507K->938507K(8351616K), 0.0368300 secs] [Times: user=0.25 sys=0.01, real=0.03 secs] 
2011-02-12T01:44:16.760+0000: 5146.080: [GC
Desired survivor size 34144256 bytes, new threshold 1 (max 15)
 [PSYoungGen: 2759168K->21080K(2762496K)] 3672971K->935364K(8354944K), 0.0344630 secs] [Times: user=0.20 sys=0.01, real=0.04 secs] 
2011-02-12T01:44:21.787+0000: 5151.107: [GC
Desired survivor size 33095680 bytes, new threshold 1 (max 15)
 [PSYoungGen: 2750552K->11884K(2762816K)] 3664836K->926687K(8355264K), 0.0237940 secs] [Times: user=0.14 sys=0.02, real=0.02 secs] 
2011-02-12T01:44:26.552+0000: 5155.872: [GC
Desired survivor size 32374784 bytes, new threshold 1 (max 15)
 [PSYoungGen: 2741356K->9920K(2764544K)] 3656159K->925199K(8356992K), 0.0238720 secs] [Times: user=0.15 sys=0.01, real=0.02 secs] 
2011-02-12T01:44:31.442+0000: 5160.761: [GC
Desired survivor size 31457280 bytes, new threshold 1 (max 15)
 [PSYoungGen: 2742144K->10720K(2763840K)] 3657423K->926551K(8356288K), 0.0227750 secs] [Times: user=0.14 sys=0.01, real=0.02 secs] 
2011-02-12T01:44:36.194+0000: 5165.514: [GC
Desired survivor size 30670848 bytes, new threshold 1 (max 15)
 [PSYoungGen: 2742944K->9690K(2766208K)] 3658775K->925985K(8358656K), 0.0226520 secs] [Times: user=0.12 sys=0.02, real=0.03 secs] 
2011-02-12T01:44:41.434+0000: 5170.753: [GC
Desired survivor size 29163520 bytes, new threshold 1 (max 15)
 [PSYoungGen: 2745178K->13504K(2765440K)] 3661473K->930418K(8357888K), 0.0262620 secs] [Times: user=0.18 sys=0.01, real=0.03 secs] 
2011-02-12T01:44:46.755+0000: 5176.075: [GC
Desired survivor size 30015488 bytes, new threshold 1 (max 15)
 [PSYoungGen: 2748992K->20288K(2766016K)] 3665906K->937642K(8358464K), 0.0323960 secs] [Times: user=0.21 sys=0.01, real=0.03 secs] 
2011-02-12T01:44:51.745+0000: 5181.065: [GC
Desired survivor size 30474240 bytes, new threshold 1 (max 15)
 [PSYoungGen: 2757824K->19811K(2757376K)] 3675178K->937646K(8349824K), 0.0313470 secs] [Times: user=0.22 sys=0.01, real=0.03 secs] 
2011-02-12T01:44:56.566+0000: 5185.886: [GC
Desired survivor size 30146560 bytes, new threshold 1 (max 15)
 [PSYoungGen: 2757347K->18192K(2766720K)] 3675182K->936862K(8359168K), 0.0302530 secs] [Times: user=0.21 sys=0.01, real=0.03 secs] 
2011-02-12T01:45:01.549+0000: 5190.869: [GC
Desired survivor size 31129600 bytes, new threshold 1 (max 15)
 [PSYoungGen: 2755152K->21922K(2758912K)] 3673822K->941216K(8351360K), 0.0342840 secs] [Times: user=0.24 sys=0.02, real=0.04 secs] 
2011-02-12T01:45:05.683+0000: 5195.002: [GC
Desired survivor size 31391744 bytes, new threshold 1 (max 15)
 [PSYoungGen: 2758882K->6456K(2765248K)] 3678176K->926408K(8357696K), 0.0169650 secs] [Times: user=0.10 sys=0.02, real=0.01 secs] 
2011-02-12T01:45:10.374+0000: 5199.694: [GC
Desired survivor size 33357824 bytes, new threshold 1 (max 15)
 [PSYoungGen: 2741304K->24671K(2759552K)] 3661256K->945167K(8352000K), 0.0364080 secs] [Times: user=0.25 sys=0.01, real=0.03 secs] 
2011-02-12T01:45:14.948+0000: 5204.267: [GC
Desired survivor size 31916032 bytes, new threshold 1 (max 15)
 [PSYoungGen: 2759519K->14851K(2764992K)] 3680015K->935884K(8357440K), 0.0274120 secs] [Times: user=0.17 sys=0.02, real=0.03 secs] 
2011-02-12T01:45:19.495+0000: 5208.814: [GC
Desired survivor size 32112640 bytes, new threshold 1 (max 15)
 [PSYoungGen: 2747267K->6048K(2763584K)] 3668300K->927612K(8356032K), 0.0182200 secs] [Times: user=0.09 sys=0.01, real=0.02 secs] 
2011-02-12T01:45:23.987+0000: 5213.307: [GC
Desired survivor size 31391744 bytes, new threshold 1 (max 15)
 [PSYoungGen: 2738464K->17600K(2765504K)] 3660028K->939564K(8357952K), 0.0288660 secs] [Times: user=0.20 sys=0.00, real=0.03 secs] 
2011-02-12T01:45:28.866+0000: 5218.186: [GC
Desired survivor size 29884416 bytes, new threshold 1 (max 15)
 [PSYoungGen: 2751744K->14988K(2764800K)] 3673708K->937376K(8357248K), 0.0274700 secs] [Times: user=0.15 sys=0.01, real=0.03 secs] 
2011-02-12T01:45:33.196+0000: 5222.516: [GC
Desired survivor size 29097984 bytes, new threshold 1 (max 15)
 [PSYoungGen: 2749132K->11560K(2767744K)] 3671520K->934521K(8360192K), 0.0231280 secs] [Times: user=0.14 sys=0.01, real=0.02 secs] 
2011-02-12T01:45:37.796+0000: 5227.115: [GC
Desired survivor size 29294592 bytes, new threshold 1 (max 15)
 [PSYoungGen: 2750120K->5888K(2766976K)] 3673081K->929359K(8359424K), 0.0175180 secs] [Times: user=0.10 sys=0.01, real=0.01 secs] 
2011-02-12T01:45:42.319+0000: 5231.639: [GC
Desired survivor size 29687808 bytes, new threshold 1 (max 15)
 [PSYoungGen: 2744448K->19072K(2766784K)] 3667919K->943031K(8359232K), 0.0320890 secs] [Times: user=0.20 sys=0.01, real=0.03 secs] 
2011-02-12T01:45:46.550+0000: 5235.870: [GC
Desired survivor size 29949952 bytes, new threshold 1 (max 15)
 [PSYoungGen: 2757248K->4544K(2742720K)] 3681207K->928975K(8335168K), 0.0156660 secs] [Times: user=0.09 sys=0.01, real=0.02 secs] 
2011-02-12T01:45:51.310+0000: 5240.630: [GC
Desired survivor size 29163520 bytes, new threshold 1 (max 15)
 [PSYoungGen: 2742720K->8761K(2767680K)] 3667151K->933609K(8360128K), 0.0195260 secs] [Times: user=0.11 sys=0.01, real=0.02 secs] 
2011-02-12T01:45:55.828+0000: 5245.147: [GC
Desired survivor size 27787264 bytes, new threshold 1 (max 15)
 [PSYoungGen: 2747193K->13504K(2766912K)] 3672041K->938934K(8359360K), 0.0252130 secs] [Times: user=0.16 sys=0.01, real=0.02 secs] 
2011-02-12T01:46:00.267+0000: 5249.587: [GC
Desired survivor size 27197440 bytes, new threshold 1 (max 15)
 [PSYoungGen: 2751936K->8194K(2769600K)] 3677366K->934376K(8362048K), 0.0194080 secs] [Times: user=0.12 sys=0.02, real=0.02 secs] 
2011-02-12T01:46:04.383+0000: 5253.703: [GC
Desired survivor size 26083328 bytes, new threshold 1 (max 15)
 [PSYoungGen: 2750658K->13368K(2769024K)] 3676840K->940176K(8361472K), 0.0265820 secs] [Times: user=0.14 sys=0.01, real=0.03 secs] 
2011-02-12T01:46:08.696+0000: 5258.015: [GC
Desired survivor size 26148864 bytes, new threshold 1 (max 15)
 [PSYoungGen: 2755832K->4704K(2770560K)] 3682640K->932223K(8363008K), 0.0156530 secs] [Times: user=0.08 sys=0.00, real=0.02 secs] 
2011-02-12T01:46:13.236+0000: 5262.556: [GC
Desired survivor size 26214400 bytes, new threshold 1 (max 15)
 [PSYoungGen: 2749792K->15779K(2760896K)] 3677311K->943826K(8353344K), 0.0279390 secs] [Times: user=0.17 sys=0.01, real=0.03 secs] 
2011-02-12T01:46:17.741+0000: 5267.061: [GC
Desired survivor size 25100288 bytes, new threshold 1 (max 15)
 [PSYoungGen: 2760867K->10735K(2771648K)] 3688914K->939314K(8364096K), 0.0249450 secs] [Times: user=0.12 sys=0.01, real=0.02 secs] 
2011-02-12T01:46:21.964+0000: 5271.284: [GC
Desired survivor size 26804224 bytes, new threshold 1 (max 15)
 [PSYoungGen: 2756783K->19813K(2765888K)] 3685362K->949103K(8358336K), 0.0318520 secs] [Times: user=0.21 sys=0.01, real=0.03 secs] 
2011-02-12T01:46:26.327+0000: 5275.647: [GC
Desired survivor size 26411008 bytes, new threshold 1 (max 15)
 [PSYoungGen: 2765861K->7184K(2770368K)] 3695151K->936876K(8362816K), 0.0192550 secs] [Times: user=0.09 sys=0.01, real=0.02 secs] 
2011-02-12T01:46:30.791+0000: 5280.110: [GC
Desired survivor size 28639232 bytes, new threshold 1 (max 15)
 [PSYoungGen: 2751376K->21820K(2766016K)] 3681068K->951948K(8358464K), 0.0349660 secs] [Times: user=0.23 sys=0.02, real=0.04 secs] 
2011-02-12T01:46:35.231+0000: 5284.551: [GC
Desired survivor size 28180480 bytes, new threshold 1 (max 15)
 [PSYoungGen: 2766012K->7104K(2768640K)] 3696140K->937676K(8361088K), 0.0185340 secs] [Times: user=0.11 sys=0.01, real=0.02 secs] 
2011-02-12T01:46:39.623+0000: 5288.943: [GC
Desired survivor size 27590656 bytes, new threshold 1 (max 15)
 [PSYoungGen: 2747776K->15040K(2768192K)] 3678348K->946004K(8360640K), 0.0264090 secs] [Times: user=0.17 sys=0.02, real=0.02 secs] 
2011-02-12T01:46:43.667+0000: 5292.986: [GC
Desired survivor size 29294592 bytes, new threshold 1 (max 15)
 [PSYoungGen: 2755712K->21224K(2765888K)] 3686676K->952820K(8358336K), 0.0335700 secs] [Times: user=0.22 sys=0.02, real=0.03 secs] 
2011-02-12T01:46:48.046+0000: 5297.366: [GC
Desired survivor size 27983872 bytes, new threshold 1 (max 15)
 [PSYoungGen: 2760168K->14231K(2767552K)] 3691764K->946524K(8360000K), 0.0259280 secs] [Times: user=0.16 sys=0.01, real=0.02 secs] 
2011-02-12T01:46:52.571+0000: 5301.891: [GC
Desired survivor size 29622272 bytes, new threshold 1 (max 15)
 [PSYoungGen: 2753175K->21740K(2765632K)] 3685468K->954792K(8358080K), 0.0348900 secs] [Times: user=0.22 sys=0.02, real=0.04 secs] 
2011-02-12T01:46:57.371+0000: 5306.690: [GC
Desired survivor size 31653888 bytes, new threshold 1 (max 15)
 [PSYoungGen: 2760044K->23788K(2762112K)] 3693096K->957589K(8354560K), 0.0372500 secs] [Times: user=0.26 sys=0.02, real=0.04 secs] 
2011-02-12T01:47:02.058+0000: 5311.377: [GC
Desired survivor size 33095680 bytes, new threshold 1 (max 15)
 [PSYoungGen: 2762092K->23442K(2762432K)] 3695893K->957687K(8354880K), 0.0362240 secs] [Times: user=0.25 sys=0.02, real=0.03 secs] 
2011-02-12T01:47:06.569+0000: 5315.889: [GC
Desired survivor size 32309248 bytes, new threshold 1 (max 15)
 [PSYoungGen: 2754962K->11520K(2763840K)] 3689207K->946512K(8356288K), 0.0264800 secs] [Times: user=0.12 sys=0.01, real=0.03 secs] 
2011-02-12T01:47:10.953+0000: 5320.273: [GC
Desired survivor size 33226752 bytes, new threshold 1 (max 15)
 [PSYoungGen: 2743040K->22464K(2762816K)] 3678032K->957930K(8355264K), 0.0347300 secs] [Times: user=0.24 sys=0.01, real=0.04 secs] 
2011-02-12T01:47:15.009+0000: 5324.329: [GC
Desired survivor size 37486592 bytes, new threshold 1 (max 15)
 [PSYoungGen: 2753728K->32014K(2763328K)] 3689194K->967985K(8355776K), 0.0451780 secs] [Times: user=0.30 sys=0.01, real=0.04 secs] 
2011-02-12T01:47:19.254+0000: 5328.574: [GC
Desired survivor size 36765696 bytes, new threshold 1 (max 15)
 [PSYoungGen: 2763278K->11232K(2757184K)] 3699249K->948046K(8349632K), 0.0239170 secs] [Times: user=0.15 sys=0.01, real=0.03 secs] 
2011-02-12T01:47:23.879+0000: 5333.199: [GC
Desired survivor size 37945344 bytes, new threshold 1 (max 15)
 [PSYoungGen: 2735584K->25536K(2749888K)] 3672398K->962846K(8342336K), 0.0377970 secs] [Times: user=0.26 sys=0.01, real=0.03 secs] 
2011-02-12T01:47:28.917+0000: 5338.237: [GC
Desired survivor size 37617664 bytes, new threshold 1 (max 15)
 [PSYoungGen: 2749888K->9120K(2759424K)] 3687198K->946974K(8351872K), 0.0208640 secs] [Times: user=0.13 sys=0.01, real=0.03 secs] 
2011-02-12T01:47:33.543+0000: 5342.863: [GC
Desired survivor size 38076416 bytes, new threshold 1 (max 15)
 [PSYoungGen: 2731488K->23728K(2746112K)] 3669342K->962062K(8338560K), 0.0355230 secs] [Times: user=0.25 sys=0.00, real=0.04 secs] 
2011-02-12T01:47:37.881+0000: 5347.201: [GC
Desired survivor size 37683200 bytes, new threshold 1 (max 15)
 [PSYoungGen: 2746096K->8856K(2759360K)] 3684430K->947670K(8351808K), 0.0215690 secs] [Times: user=0.12 sys=0.01, real=0.02 secs] 
2011-02-12T01:47:42.271+0000: 5351.591: [GC
Desired survivor size 37224448 bytes, new threshold 1 (max 15)
 [PSYoungGen: 2731032K->21120K(2758976K)] 3669846K->960414K(8351424K), 0.0331980 secs] [Times: user=0.23 sys=0.01, real=0.03 secs] 
2011-02-12T01:47:47.224+0000: 5356.544: [GC
Desired survivor size 35258368 bytes, new threshold 1 (max 15)
 [PSYoungGen: 2743296K->17312K(2761728K)] 3682590K->956934K(8354176K), 0.0288720 secs] [Times: user=0.17 sys=0.01, real=0.03 secs] 
2011-02-12T01:47:51.702+0000: 5361.022: [GC
Desired survivor size 34537472 bytes, new threshold 1 (max 15)
 [PSYoungGen: 2742688K->11574K(2759808K)] 3682310K->951677K(8352256K), 0.0223200 secs] [Times: user=0.13 sys=0.01, real=0.02 secs] 
2011-02-12T01:47:56.215+0000: 5365.535: [GC
Desired survivor size 34865152 bytes, new threshold 1 (max 15)
 [PSYoungGen: 2736950K->22155K(2761792K)] 3677053K->963075K(8354240K), 0.0337050 secs] [Times: user=0.22 sys=0.01, real=0.03 secs] 
2011-02-12T01:48:00.580+0000: 5369.899: [GC
Desired survivor size 34275328 bytes, new threshold 1 (max 15)
 [PSYoungGen: 2750219K->10754K(2762112K)] 3691139K->952503K(8354560K), 0.0222060 secs] [Times: user=0.14 sys=0.02, real=0.03 secs] 
2011-02-12T01:48:04.615+0000: 5373.935: [GC
Desired survivor size 33161216 bytes, new threshold 1 (max 15)
 [PSYoungGen: 2738818K->18216K(2763776K)] 3680567K->960591K(8356224K), 0.0324260 secs] [Times: user=0.17 sys=0.01, real=0.03 secs] 
2011-02-12T01:48:08.894+0000: 5378.213: [GC
Desired survivor size 33357824 bytes, new threshold 1 (max 15)
 [PSYoungGen: 2748520K->6400K(2762688K)] 3690895K->949352K(8355136K), 0.0182310 secs] [Times: user=0.11 sys=0.02, real=0.02 secs] 
2011-02-12T01:48:13.254+0000: 5382.574: [GC
Desired survivor size 32112640 bytes, new threshold 1 (max 15)
 [PSYoungGen: 2736704K->13248K(2764800K)] 3679656K->956640K(8357248K), 0.0257200 secs] [Times: user=0.16 sys=0.01, real=0.02 secs] 
2011-02-12T01:48:17.925+0000: 5387.244: [GC
Desired survivor size 32112640 bytes, new threshold 1 (max 15)
 [PSYoungGen: 2745472K->6400K(2763584K)] 3688864K->950156K(8356032K), 0.0178420 secs] [Times: user=0.09 sys=0.01, real=0.01 secs] 
2011-02-12T01:48:22.756+0000: 5392.075: [GC
Desired survivor size 33292288 bytes, new threshold 1 (max 15)
 [PSYoungGen: 2738624K->22240K(2762496K)] 3682380K->966556K(8354944K), 0.0338010 secs] [Times: user=0.23 sys=0.02, real=0.03 secs] 
2011-02-12T01:48:27.440+0000: 5396.760: [GC
Desired survivor size 33226752 bytes, new threshold 1 (max 15)
 [PSYoungGen: 2753376K->5728K(2763648K)] 3697692K->950556K(8356096K), 0.0188660 secs] [Times: user=0.11 sys=0.01, real=0.02 secs] 
2011-02-12T01:48:32.471+0000: 5401.790: [GC
Desired survivor size 32571392 bytes, new threshold 1 (max 15)
 [PSYoungGen: 2736864K->7584K(2764352K)] 3681692K->952852K(8356800K), 0.0194720 secs] [Times: user=0.11 sys=0.01, real=0.02 secs] 
2011-02-12T01:48:37.573+0000: 5406.893: [GC
Desired survivor size 30801920 bytes, new threshold 1 (max 15)
 [PSYoungGen: 2739488K->13312K(2763712K)] 3684756K->959092K(8356160K), 0.0247490 secs] [Times: user=0.16 sys=0.02, real=0.03 secs] 
2011-02-12T01:48:42.452+0000: 5411.772: [GC
Desired survivor size 29622272 bytes, new threshold 1 (max 15)
 [PSYoungGen: 2745216K->10752K(2767232K)] 3690996K->957148K(8359680K), 0.0233030 secs] [Times: user=0.13 sys=0.01, real=0.02 secs] 
2011-02-12T01:48:47.019+0000: 5416.339: [GC
Desired survivor size 28704768 bytes, new threshold 1 (max 15)
 [PSYoungGen: 2747904K->9420K(2766080K)] 3694300K->956232K(8358528K), 0.0212500 secs] [Times: user=0.13 sys=0.01, real=0.02 secs] 
2011-02-12T01:48:51.396+0000: 5420.716: [GC
Desired survivor size 29097984 bytes, new threshold 1 (max 15)
 [PSYoungGen: 2746572K->17968K(2767360K)] 3693384K->965200K(8359808K), 0.0292570 secs] [Times: user=0.20 sys=0.00, real=0.03 secs] 
2011-02-12T01:48:55.660+0000: 5424.980: [GC
Desired survivor size 28770304 bytes, new threshold 1 (max 15)
 [PSYoungGen: 2757296K->6384K(2767744K)] 3704528K->954185K(8360192K), 0.0183790 secs] [Times: user=0.11 sys=0.00, real=0.01 secs] 
2011-02-12T01:49:00.026+0000: 5429.346: [GC
Desired survivor size 27459584 bytes, new threshold 1 (max 15)
 [PSYoungGen: 2745712K->13344K(2769344K)] 3693513K->961753K(8361792K), 0.0263100 secs] [Times: user=0.14 sys=0.02, real=0.03 secs] 
2011-02-12T01:49:04.470+0000: 5433.790: [GC
Desired survivor size 27000832 bytes, new threshold 1 (max 15)
 [PSYoungGen: 2754592K->7226K(2768064K)] 3703001K->956107K(8360512K), 0.0213130 secs] [Times: user=0.09 sys=0.01, real=0.03 secs] 
2011-02-12T01:49:09.254+0000: 5438.574: [GC
Desired survivor size 28901376 bytes, new threshold 1 (max 15)
 [PSYoungGen: 2748474K->21088K(2766080K)] 3697355K->970779K(8358528K), 0.0349570 secs] [Times: user=0.22 sys=0.01, real=0.03 secs] 
2011-02-12T01:49:14.257+0000: 5443.577: [GC
Desired survivor size 28901376 bytes, new threshold 1 (max 15)
 [PSYoungGen: 2760800K->4274K(2767936K)] 3710491K->954429K(8360384K), 0.0165310 secs] [Times: user=0.09 sys=0.02, real=0.02 secs] 
2011-02-12T01:49:19.508+0000: 5448.827: [GC
Desired survivor size 27787264 bytes, new threshold 1 (max 15)
 [PSYoungGen: 2743986K->9280K(2769024K)] 3694141K->959901K(8361472K), 0.0213300 secs] [Times: user=0.13 sys=0.02, real=0.02 secs] 
2011-02-12T01:49:24.684+0000: 5454.003: [GC
Desired survivor size 26673152 bytes, new threshold 1 (max 15)
 [PSYoungGen: 2750080K->13202K(2767936K)] 3700701K->964175K(8360384K), 0.0267960 secs] [Times: user=0.14 sys=0.01, real=0.02 secs] 
2011-02-12T01:49:29.756+0000: 5459.076: [GC
Desired survivor size 27656192 bytes, new threshold 1 (max 15)
 [PSYoungGen: 2754002K->18464K(2768192K)] 3704975K->969887K(8360640K), 0.0295360 secs] [Times: user=0.20 sys=0.01, real=0.03 secs] 
2011-02-12T01:49:34.834+0000: 5464.154: [GC
Desired survivor size 28770304 bytes, new threshold 1 (max 15)
 [PSYoungGen: 2760608K->19505K(2761664K)] 3712031K->971568K(8354112K), 0.0329690 secs] [Times: user=0.20 sys=0.01, real=0.04 secs] 
2011-02-12T01:49:39.916+0000: 5469.236: [GC
Desired survivor size 28508160 bytes, new threshold 1 (max 15)
 [PSYoungGen: 2761649K->6251K(2768320K)] 3713712K->958755K(8360768K), 0.0170910 secs] [Times: user=0.09 sys=0.01, real=0.01 secs] 
2011-02-12T01:49:44.534+0000: 5473.854: [GC
Desired survivor size 30277632 bytes, new threshold 1 (max 15)
 [PSYoungGen: 2746475K->21309K(2761536K)] 3698979K->974408K(8353984K), 0.0339020 secs] [Times: user=0.22 sys=0.02, real=0.04 secs] 
2011-02-12T01:49:49.033+0000: 5478.352: [GC
Desired survivor size 29491200 bytes, new threshold 1 (max 15)
 [PSYoungGen: 2761533K->15936K(2767360K)] 3714632K->969719K(8359808K), 0.0281720 secs] [Times: user=0.17 sys=0.01, real=0.03 secs] 
2011-02-12T01:49:53.548+0000: 5482.868: [GC
Desired survivor size 29491200 bytes, new threshold 1 (max 15)
 [PSYoungGen: 2753728K->5248K(2766592K)] 3707511K->959575K(8359040K), 0.0182930 secs] [Times: user=0.07 sys=0.00, real=0.02 secs] 
2011-02-12T01:49:58.045+0000: 5487.365: [GC
Desired survivor size 28180480 bytes, new threshold 1 (max 15)
 [PSYoungGen: 2743040K->13760K(2768640K)] 3697367K->968759K(8361088K), 0.0261350 secs] [Times: user=0.17 sys=0.02, real=0.03 secs] 
2011-02-12T01:50:02.226+0000: 5491.545: [GC
Desired survivor size 31326208 bytes, new threshold 1 (max 15)
 [PSYoungGen: 2753600K->25341K(2765184K)] 3708599K->980685K(8357632K), 0.0439260 secs] [Times: user=0.19 sys=0.01, real=0.05 secs] 
2011-02-12T01:50:06.151+0000: 5495.471: [GC
Desired survivor size 33095680 bytes, new threshold 1 (max 15)
 [PSYoungGen: 2765181K->23306K(2762112K)] 3720525K->979300K(8354560K), 0.0351150 secs] [Times: user=0.22 sys=0.01, real=0.03 secs] 
2011-02-12T01:50:10.722+0000: 5500.042: [GC
Desired survivor size 32768000 bytes, new threshold 1 (max 15)
 [PSYoungGen: 2754826K->18912K(2763840K)] 3710820K->975370K(8356288K), 0.0326900 secs] [Times: user=0.21 sys=0.01, real=0.03 secs] 
2011-02-12T01:50:15.099+0000: 5504.419: [GC
Desired survivor size 32243712 bytes, new threshold 1 (max 15)
 [PSYoungGen: 2750432K->9085K(2764672K)] 3706890K->966119K(8357120K), 0.0216030 secs] [Times: user=0.12 sys=0.01, real=0.02 secs] 
2011-02-12T01:50:19.494+0000: 5508.814: [GC
Desired survivor size 33161216 bytes, new threshold 1 (max 15)
 [PSYoungGen: 2741757K->21792K(2754496K)] 3698791K->979492K(8346944K), 0.0355860 secs] [Times: user=0.20 sys=0.01, real=0.04 secs] 
2011-02-12T01:50:23.865+0000: 5513.184: [GC
Desired survivor size 32702464 bytes, new threshold 1 (max 15)
 [PSYoungGen: 2754464K->8160K(2764224K)] 3712164K->966348K(8356672K), 0.0185270 secs] [Times: user=0.11 sys=0.01, real=0.02 secs] 
2011-02-12T01:50:28.219+0000: 5517.539: [GC
Desired survivor size 33095680 bytes, new threshold 1 (max 15)
 [PSYoungGen: 2740000K->20382K(2763776K)] 3698188K->979074K(8356224K), 0.0331180 secs] [Times: user=0.19 sys=0.00, real=0.04 secs] 
2011-02-12T01:50:32.629+0000: 5521.949: [GC
Desired survivor size 33095680 bytes, new threshold 1 (max 15)
 [PSYoungGen: 2752222K->5443K(2763840K)] 3710914K->964543K(8356288K), 0.0169290 secs] [Times: user=0.09 sys=0.01, real=0.02 secs] 
2011-02-12T01:50:37.020+0000: 5526.340: [GC
Desired survivor size 31260672 bytes, new threshold 1 (max 15)
 [PSYoungGen: 2736963K->14304K(2763840K)] 3696063K->973855K(8356288K), 0.0273510 secs] [Times: user=0.17 sys=0.02, real=0.03 secs] 
2011-02-12T01:50:40.988+0000: 5530.308: [GC
Desired survivor size 31260672 bytes, new threshold 1 (max 15)
 [PSYoungGen: 2745824K->18752K(2765632K)] 3705375K->978799K(8358080K), 0.0310540 secs] [Times: user=0.20 sys=0.02, real=0.03 secs] 
2011-02-12T01:50:45.117+0000: 5534.437: [GC
Desired survivor size 32768000 bytes, new threshold 1 (max 15)
 [PSYoungGen: 2753856K->23008K(2758144K)] 3713903K->983407K(8350592K), 0.0367560 secs] [Times: user=0.22 sys=0.01, real=0.04 secs] 
2011-02-12T01:50:49.530+0000: 5538.849: [GC
Desired survivor size 31653888 bytes, new threshold 1 (max 15)
 [PSYoungGen: 2758112K->12480K(2765248K)] 3718511K->973335K(8357696K), 0.0244600 secs] [Times: user=0.14 sys=0.01, real=0.03 secs] 
2011-02-12T01:50:54.131+0000: 5543.451: [GC
Desired survivor size 31653888 bytes, new threshold 1 (max 15)
 [PSYoungGen: 2745728K->6108K(2764160K)] 3706583K->967524K(8356608K), 0.0180000 secs] [Times: user=0.10 sys=0.01, real=0.02 secs] 
2011-02-12T01:50:58.572+0000: 5547.892: [GC
Desired survivor size 30146560 bytes, new threshold 1 (max 15)
 [PSYoungGen: 2739356K->14816K(2766720K)] 3700772K->977092K(8359168K), 0.0279360 secs] [Times: user=0.17 sys=0.01, real=0.03 secs] 
2011-02-12T01:51:03.296+0000: 5552.616: [GC
Desired survivor size 29425664 bytes, new threshold 1 (max 15)
 [PSYoungGen: 2750624K->9658K(2765248K)] 3712900K->972518K(8357696K), 0.0212990 secs] [Times: user=0.13 sys=0.02, real=0.02 secs] 
2011-02-12T01:51:07.519+0000: 5556.839: [GC
Desired survivor size 30998528 bytes, new threshold 1 (max 15)
 [PSYoungGen: 2745466K->22109K(2764352K)] 3708326K->985699K(8356800K), 0.0363520 secs] [Times: user=0.22 sys=0.02, real=0.04 secs] 
2011-02-12T01:51:11.712+0000: 5561.032: [GC
Desired survivor size 30343168 bytes, new threshold 1 (max 15)
 [PSYoungGen: 2757725K->9292K(2765888K)] 3721315K->973226K(8358336K), 0.0225180 secs] [Times: user=0.10 sys=0.02, real=0.02 secs] 
2011-02-12T01:51:16.343+0000: 5565.662: [GC
Desired survivor size 30408704 bytes, new threshold 1 (max 15)
 [PSYoungGen: 2744908K->4812K(2766400K)] 3708842K->969223K(8358848K), 0.0161440 secs] [Times: user=0.09 sys=0.01, real=0.02 secs] 
2011-02-12T01:51:20.642+0000: 5569.962: [GC
Desired survivor size 29097984 bytes, new threshold 1 (max 15)
 [PSYoungGen: 2741580K->11392K(2766464K)] 3705991K->976335K(8358912K), 0.0261290 secs] [Times: user=0.14 sys=0.01, real=0.03 secs] 
2011-02-12T01:51:25.270+0000: 5574.590: [GC
Desired survivor size 28966912 bytes, new threshold 1 (max 15)
 [PSYoungGen: 2748160K->4800K(2767872K)] 3713103K->970215K(8360320K), 0.0176850 secs] [Times: user=0.09 sys=0.01, real=0.02 secs] 
2011-02-12T01:51:29.910+0000: 5579.230: [GC
Desired survivor size 30146560 bytes, new threshold 1 (max 15)
 [PSYoungGen: 2744256K->19648K(2759104K)] 3709671K->985631K(8351552K), 0.0306300 secs] [Times: user=0.21 sys=0.02, real=0.03 secs] 
2011-02-12T01:51:34.800+0000: 5584.120: [GC
Desired survivor size 30408704 bytes, new threshold 1 (max 15)
 [PSYoungGen: 2759104K->18176K(2766208K)] 3725087K->984753K(8358656K), 0.0305220 secs] [Times: user=0.21 sys=0.01, real=0.03 secs] 
2011-02-12T01:51:39.321+0000: 5588.640: [GC
Desired survivor size 29491200 bytes, new threshold 1 (max 15)
 [PSYoungGen: 2754944K->9120K(2766464K)] 3721521K->976137K(8358912K), 0.0227590 secs] [Times: user=0.12 sys=0.01, real=0.02 secs] 
2011-02-12T01:51:43.971+0000: 5593.291: [GC
Desired survivor size 31326208 bytes, new threshold 1 (max 15)
 [PSYoungGen: 2745888K->22074K(2763776K)] 3712905K->989476K(8356224K), 0.0350880 secs] [Times: user=0.23 sys=0.01, real=0.03 secs] 
2011-02-12T01:51:49.091+0000: 5598.410: [GC
Desired survivor size 30867456 bytes, new threshold 1 (max 15)
 [PSYoungGen: 2757050K->6864K(2765568K)] 3724452K->974657K(8358016K), 0.0186450 secs] [Times: user=0.10 sys=0.02, real=0.01 secs] 
2011-02-12T01:51:53.878+0000: 5603.197: [GC
Desired survivor size 30408704 bytes, new threshold 1 (max 15)
 [PSYoungGen: 2741840K->5980K(2766464K)] 3709633K->974310K(8358912K), 0.0182180 secs] [Times: user=0.10 sys=0.01, real=0.02 secs] 
2011-02-12T01:51:58.614+0000: 5607.933: [GC
Desired survivor size 31129600 bytes, new threshold 1 (max 15)
 [PSYoungGen: 2742300K->19072K(2755392K)] 3710630K->988094K(8347840K), 0.0322880 secs] [Times: user=0.20 sys=0.02, real=0.03 secs] 
2011-02-12T01:52:02.970+0000: 5612.290: [GC
Desired survivor size 29884416 bytes, new threshold 1 (max 15)
 [PSYoungGen: 2755392K->10266K(2766976K)] 3724414K->979864K(8359424K), 0.0212790 secs] [Times: user=0.13 sys=0.01, real=0.02 secs] 
2011-02-12T01:52:07.286+0000: 5616.606: [GC
Desired survivor size 29294592 bytes, new threshold 1 (max 15)
 [PSYoungGen: 2746842K->15808K(2765760K)] 3716440K->986184K(8358208K), 0.0301000 secs] [Times: user=0.18 sys=0.03, real=0.03 secs] 
2011-02-12T01:52:12.187+0000: 5621.506: [GC
Desired survivor size 28835840 bytes, new threshold 1 (max 15)
 [PSYoungGen: 2752384K->16096K(2768000K)] 3722760K->987000K(8360448K), 0.0300160 secs] [Times: user=0.18 sys=0.02, real=0.03 secs] 
2011-02-12T01:52:17.172+0000: 5626.491: [GC
Desired survivor size 28835840 bytes, new threshold 1 (max 15)
 [PSYoungGen: 2755488K->17504K(2767552K)] 3726392K->988904K(8360000K), 0.0297270 secs] [Times: user=0.19 sys=0.02, real=0.03 secs] 
2011-02-12T01:52:22.042+0000: 5631.361: [GC
Desired survivor size 29884416 bytes, new threshold 1 (max 15)
 [PSYoungGen: 2756896K->20480K(2765952K)] 3728296K->992304K(8358400K), 0.0336460 secs] [Times: user=0.21 sys=0.02, real=0.04 secs] 
2011-02-12T01:52:26.811+0000: 5636.131: [GC
Desired survivor size 30277632 bytes, new threshold 1 (max 15)
 [PSYoungGen: 2758272K->19424K(2757248K)] 3730096K->991656K(8349696K), 0.0315310 secs] [Times: user=0.22 sys=0.01, real=0.03 secs] 
2011-02-12T01:52:31.948+0000: 5641.268: [GC
Desired survivor size 30605312 bytes, new threshold 1 (max 15)
 [PSYoungGen: 2757216K->4544K(2765952K)] 3729448K->977216K(8358400K), 0.0167890 secs] [Times: user=0.09 sys=0.01, real=0.01 secs] 
2011-02-12T01:52:36.912+0000: 5646.232: [GC
Desired survivor size 29884416 bytes, new threshold 1 (max 15)
 [PSYoungGen: 2740928K->8704K(2766272K)] 3713600K->981904K(8358720K), 0.0233480 secs] [Times: user=0.12 sys=0.01, real=0.02 secs] 
2011-02-12T01:52:41.995+0000: 5651.315: [GC
Desired survivor size 28966912 bytes, new threshold 1 (max 15)
 [PSYoungGen: 2745088K->9488K(2767872K)] 3718288K->983208K(8360320K), 0.0232230 secs] [Times: user=0.12 sys=0.01, real=0.03 secs] 
2011-02-12T01:52:46.833+0000: 5656.152: [GC
Desired survivor size 28049408 bytes, new threshold 1 (max 15)
 [PSYoungGen: 2748176K->9280K(2766976K)] 3721896K->983592K(8359424K), 0.0220280 secs] [Times: user=0.13 sys=0.02, real=0.02 secs] 
2011-02-12T01:52:51.709+0000: 5661.028: [GC
Desired survivor size 27262976 bytes, new threshold 1 (max 15)
 [PSYoungGen: 2747968K->8528K(2769536K)] 3722280K->983240K(8361984K), 0.0207410 secs] [Times: user=0.13 sys=0.02, real=0.02 secs] 
2011-02-12T01:52:56.194+0000: 5665.514: [GC
Desired survivor size 27197440 bytes, new threshold 1 (max 15)
 [PSYoungGen: 2750672K->4544K(2768768K)] 3725384K->979960K(8361216K), 0.0163570 secs] [Times: user=0.10 sys=0.01, real=0.02 secs] 
2011-02-12T01:53:00.811+0000: 5670.131: [GC
Desired survivor size 27590656 bytes, new threshold 1 (max 15)
 [PSYoungGen: 2746688K->16738K(2768832K)] 3722104K->992882K(8361280K), 0.0294290 secs] [Times: user=0.20 sys=0.02, real=0.03 secs] 
2011-02-12T01:53:05.272+0000: 5674.592: [GC
Desired survivor size 26935296 bytes, new threshold 1 (max 15)
 [PSYoungGen: 2759010K->7064K(2769216K)] 3735154K->983842K(8361664K), 0.0198030 secs] [Times: user=0.10 sys=0.01, real=0.02 secs] 
2011-02-12T01:53:10.134+0000: 5679.454: [GC
Desired survivor size 26476544 bytes, new threshold 1 (max 15)
 [PSYoungGen: 2749336K->5664K(2770304K)] 3726114K->982994K(8362752K), 0.0178220 secs] [Times: user=0.10 sys=0.01, real=0.02 secs] 
2011-02-12T01:53:14.911+0000: 5684.230: [GC
Desired survivor size 28770304 bytes, new threshold 1 (max 15)
 [PSYoungGen: 2749664K->20992K(2764992K)] 3726994K->998838K(8357440K), 0.0349160 secs] [Times: user=0.22 sys=0.02, real=0.03 secs] 
2011-02-12T01:53:19.419+0000: 5688.739: [GC
Desired survivor size 27197440 bytes, new threshold 1 (max 15)
 [PSYoungGen: 2764992K->12124K(2769600K)] 3742838K->990594K(8362048K), 0.0264240 secs] [Times: user=0.13 sys=0.01, real=0.03 secs] 
2011-02-12T01:53:23.900+0000: 5693.219: [GC
Desired survivor size 26804224 bytes, new threshold 1 (max 15)
 [PSYoungGen: 2753628K->5600K(2768064K)] 3732098K->984542K(8360512K), 0.0188020 secs] [Times: user=0.10 sys=0.01, real=0.02 secs] 
2011-02-12T01:53:28.874+0000: 5698.194: [GC
Desired survivor size 26476544 bytes, new threshold 1 (max 15)
 [PSYoungGen: 2747104K->4352K(2770304K)] 3726046K->983678K(8362752K), 0.0163280 secs] [Times: user=0.10 sys=0.01, real=0.01 secs] 
2011-02-12T01:53:33.682+0000: 5703.002: [GC
Desired survivor size 28704768 bytes, new threshold 1 (max 15)
 [PSYoungGen: 2748480K->20675K(2764864K)] 3727806K->1000367K(8357312K), 0.0320290 secs] [Times: user=0.20 sys=0.01, real=0.04 secs] 
2011-02-12T01:53:38.705+0000: 5708.025: [GC
Desired survivor size 29818880 bytes, new threshold 1 (max 15)
 [PSYoungGen: 2764803K->18976K(2765952K)] 3744495K->999087K(8358400K), 0.0328830 secs] [Times: user=0.18 sys=0.01, real=0.03 secs] 
2011-02-12T01:53:43.600+0000: 5712.919: [GC
Desired survivor size 31326208 bytes, new threshold 1 (max 15)
 [PSYoungGen: 2756896K->20864K(2758784K)] 3737007K->1001455K(8351232K), 0.0340970 secs] [Times: user=0.22 sys=0.01, real=0.04 secs] 
2011-02-12T01:53:48.695+0000: 5718.015: [GC
Desired survivor size 30736384 bytes, new threshold 1 (max 15)
 [PSYoungGen: 2758784K->6512K(2766144K)] 3739375K->987696K(8358592K), 0.0192820 secs] [Times: user=0.10 sys=0.02, real=0.02 secs] 
2011-02-12T01:53:53.705+0000: 5723.025: [GC
Desired survivor size 29818880 bytes, new threshold 1 (max 15)
 [PSYoungGen: 2742064K->7576K(2765568K)] 3723248K->989472K(8358016K), 0.0182510 secs] [Times: user=0.11 sys=0.01, real=0.02 secs] 
2011-02-12T01:53:58.574+0000: 5727.894: [GC
Desired survivor size 29294592 bytes, new threshold 1 (max 15)
 [PSYoungGen: 2743128K->5184K(2767552K)] 3725024K->987760K(8360000K), 0.0164420 secs] [Times: user=0.09 sys=0.02, real=0.02 secs] 
2011-02-12T01:54:03.248+0000: 5732.567: [GC
Desired survivor size 32899072 bytes, new threshold 1 (max 15)
 [PSYoungGen: 2743616K->25626K(2764096K)] 3726192K->1008714K(8356544K), 0.0364870 secs] [Times: user=0.24 sys=0.01, real=0.03 secs] 
2011-02-12T01:54:07.938+0000: 5737.257: [GC
Desired survivor size 33226752 bytes, new threshold 1 (max 15)
 [PSYoungGen: 2764058K->18912K(2763328K)] 3747146K->1002730K(8355776K), 0.0323500 secs] [Times: user=0.20 sys=0.02, real=0.03 secs] 
2011-02-12T01:54:12.191+0000: 5741.510: [GC
Desired survivor size 32112640 bytes, new threshold 1 (max 15)
 [PSYoungGen: 2750176K->8876K(2763712K)] 3733994K->993134K(8356160K), 0.0213560 secs] [Times: user=0.11 sys=0.01, real=0.02 secs] 
2011-02-12T01:54:16.638+0000: 5745.957: [GC
Desired survivor size 32112640 bytes, new threshold 1 (max 15)
 [PSYoungGen: 2740140K->18048K(2764800K)] 3724398K->1002806K(8357248K), 0.0300830 secs] [Times: user=0.18 sys=0.01, real=0.04 secs] 
2011-02-12T01:54:21.429+0000: 5750.748: [GC
Desired survivor size 33488896 bytes, new threshold 1 (max 15)
 [PSYoungGen: 2751488K->21856K(2755328K)] 3736246K->1007174K(8347776K), 0.0341190 secs] [Times: user=0.23 sys=0.01, real=0.04 secs] 
2011-02-12T01:54:26.282+0000: 5755.602: [GC
Desired survivor size 32768000 bytes, new threshold 1 (max 15)
 [PSYoungGen: 2755296K->7680K(2764160K)] 3740614K->993470K(8356608K), 0.0206280 secs] [Times: user=0.09 sys=0.01, real=0.02 secs] 
2011-02-12T01:54:31.117+0000: 5760.436: [GC
Desired survivor size 32571392 bytes, new threshold 1 (max 15)
 [PSYoungGen: 2739136K->4076K(2763456K)] 3724926K->990443K(8355904K), 0.0175430 secs] [Times: user=0.08 sys=0.01, real=0.02 secs] 
2011-02-12T01:54:36.186+0000: 5765.506: [GC
Desired survivor size 31326208 bytes, new threshold 1 (max 15)
 [PSYoungGen: 2735532K->8352K(2765568K)] 3721899K->995219K(8358016K), 0.0203300 secs] [Times: user=0.11 sys=0.01, real=0.02 secs] 
2011-02-12T01:54:41.517+0000: 5770.837: [GC
Desired survivor size 30605312 bytes, new threshold 1 (max 15)
 [PSYoungGen: 2742112K->15168K(2764352K)] 3728979K->1002483K(8356800K), 0.0279610 secs] [Times: user=0.17 sys=0.01, real=0.03 secs] 
2011-02-12T01:54:46.153+0000: 5775.473: [GC
Desired survivor size 29294592 bytes, new threshold 1 (max 15)
 [PSYoungGen: 2748928K->9824K(2767552K)] 3736243K->997627K(8360000K), 0.0215620 secs] [Times: user=0.13 sys=0.01, real=0.02 secs] 
2011-02-12T01:54:50.722+0000: 5780.041: [GC
Desired survivor size 30932992 bytes, new threshold 1 (max 15)
 [PSYoungGen: 2747488K->21074K(2758784K)] 3735291K->1009358K(8351232K), 0.0341610 secs] [Times: user=0.23 sys=0.01, real=0.04 secs] 
2011-02-12T01:54:55.450+0000: 5784.770: [GC
Desired survivor size 31916032 bytes, new threshold 1 (max 15)
 [PSYoungGen: 2758738K->20336K(2764032K)] 3747022K->1009342K(8356480K), 0.0325250 secs] [Times: user=0.22 sys=0.01, real=0.04 secs] 
2011-02-12T01:55:00.100+0000: 5789.420: [GC
Desired survivor size 31457280 bytes, new threshold 1 (max 15)
 [PSYoungGen: 2754160K->17370K(2764992K)] 3743166K->1007113K(8357440K), 0.0282030 secs] [Times: user=0.20 sys=0.02, real=0.03 secs] 
2011-02-12T01:55:04.709+0000: 5794.028: [GC
Desired survivor size 30408704 bytes, new threshold 1 (max 15)
 [PSYoungGen: 2751194K->10584K(2766464K)] 3740937K->1001029K(8358912K), 0.0229720 secs] [Times: user=0.14 sys=0.01, real=0.02 secs] 
2011-02-12T01:55:08.956+0000: 5798.276: [GC
Desired survivor size 29294592 bytes, new threshold 1 (max 15)
 [PSYoungGen: 2746328K->15136K(2765440K)] 3736773K->1006229K(8357888K), 0.0277330 secs] [Times: user=0.17 sys=0.01, real=0.03 secs] 
2011-02-12T01:55:13.702+0000: 5803.022: [GC
Desired survivor size 28377088 bytes, new threshold 1 (max 15)
 [PSYoungGen: 2750880K->10528K(2768448K)] 3741973K->1002053K(8360896K), 0.0225250 secs] [Times: user=0.13 sys=0.01, real=0.02 secs] 
2011-02-12T01:55:18.456+0000: 5807.775: [GC
Desired survivor size 27983872 bytes, new threshold 1 (max 15)
 [PSYoungGen: 2750368K->7820K(2767552K)] 3741893K->999689K(8360000K), 0.0202280 secs] [Times: user=0.11 sys=0.02, real=0.03 secs] 
2011-02-12T01:55:22.831+0000: 5812.150: [GC
Desired survivor size 30277632 bytes, new threshold 1 (max 15)
 [PSYoungGen: 2747660K->23043K(2764352K)] 3739529K->1015396K(8356800K), 0.0347650 secs] [Times: user=0.24 sys=0.01, real=0.03 secs] 
2011-02-12T01:55:27.464+0000: 5816.783: [GC
Desired survivor size 29687808 bytes, new threshold 1 (max 15)
 [PSYoungGen: 2760067K->16684K(2766592K)] 3752420K->1009561K(8359040K), 0.0298590 secs] [Times: user=0.19 sys=0.02, real=0.03 secs] 
2011-02-12T01:55:32.608+0000: 5821.928: [GC
Desired survivor size 31195136 bytes, new threshold 1 (max 15)
 [PSYoungGen: 2753708K->22144K(2764224K)] 3746585K->1015480K(8356672K), 0.0344170 secs] [Times: user=0.23 sys=0.01, real=0.03 secs] 
2011-02-12T01:55:37.411+0000: 5826.730: [GC
Desired survivor size 32505856 bytes, new threshold 1 (max 15)
 [PSYoungGen: 2757376K->22816K(2758080K)] 3750712K->1016712K(8350528K), 0.0356250 secs] [Times: user=0.25 sys=0.02, real=0.03 secs] 
2011-02-12T01:55:41.878+0000: 5831.198: [GC
Desired survivor size 31850496 bytes, new threshold 1 (max 15)
 [PSYoungGen: 2758048K->10464K(2765056K)] 3751944K->1004848K(8357504K), 0.0238160 secs] [Times: user=0.12 sys=0.01, real=0.02 secs] 
2011-02-12T01:55:46.499+0000: 5835.819: [GC
Desired survivor size 31916032 bytes, new threshold 1 (max 15)
 [PSYoungGen: 2743776K->5504K(2764416K)] 3738160K->1000312K(8356864K), 0.0169870 secs] [Times: user=0.10 sys=0.00, real=0.02 secs] 
2011-02-12T01:55:51.669+0000: 5840.989: [GC
Desired survivor size 31129600 bytes, new threshold 1 (max 15)
 [PSYoungGen: 2738816K->9152K(2765760K)] 3733624K->1004332K(8358208K), 0.0211740 secs] [Times: user=0.12 sys=0.01, real=0.03 secs] 
2011-02-12T01:55:56.939+0000: 5846.259: [GC
Desired survivor size 30801920 bytes, new threshold 1 (max 15)
 [PSYoungGen: 2743744K->17392K(2764992K)] 3738924K->1013204K(8357440K), 0.0308870 secs] [Times: user=0.19 sys=0.01, real=0.03 secs] 
2011-02-12T01:56:01.721+0000: 5851.041: [GC
Desired survivor size 29294592 bytes, new threshold 1 (max 15)
 [PSYoungGen: 2751984K->14586K(2767552K)] 3747796K->1011151K(8360000K), 0.0284130 secs] [Times: user=0.18 sys=0.02, real=0.02 secs] 
2011-02-12T01:56:06.168+0000: 5855.488: [GC
Desired survivor size 29097984 bytes, new threshold 1 (max 15)
 [PSYoungGen: 2752058K->6944K(2766080K)] 3748623K->1004327K(8358528K), 0.0188970 secs] [Times: user=0.10 sys=0.02, real=0.02 secs] 
2011-02-12T01:56:10.805+0000: 5860.124: [GC
Desired survivor size 29884416 bytes, new threshold 1 (max 15)
 [PSYoungGen: 2744416K->19564K(2766208K)] 3741799K->1017411K(8358656K), 0.0316700 secs] [Times: user=0.21 sys=0.01, real=0.03 secs] 
2011-02-12T01:56:16.027+0000: 5865.347: [GC
Desired survivor size 29884416 bytes, new threshold 1 (max 15)
 [PSYoungGen: 2757356K->5184K(2766976K)] 3755203K->1003611K(8359424K), 0.0177580 secs] [Times: user=0.08 sys=0.01, real=0.02 secs] 
2011-02-12T01:56:21.075+0000: 5870.395: [GC
Desired survivor size 29097984 bytes, new threshold 1 (max 15)
 [PSYoungGen: 2742976K->8480K(2767744K)] 3741403K->1007459K(8360192K), 0.0201490 secs] [Times: user=0.13 sys=0.02, real=0.02 secs] 
2011-02-12T01:56:26.024+0000: 5875.343: [GC
Desired survivor size 28442624 bytes, new threshold 1 (max 15)
 [PSYoungGen: 2747040K->7148K(2766976K)] 3746019K->1006623K(8359424K), 0.0193010 secs] [Times: user=0.10 sys=0.01, real=0.02 secs] 
2011-02-12T01:56:31.024+0000: 5880.343: [GC
Desired survivor size 27721728 bytes, new threshold 1 (max 15)
 [PSYoungGen: 2745708K->7328K(2769088K)] 3745183K->1007295K(8361536K), 0.0193100 secs] [Times: user=0.11 sys=0.01, real=0.02 secs] 
2011-02-12T01:56:36.103+0000: 5885.422: [GC
Desired survivor size 26542080 bytes, new threshold 1 (max 15)
 [PSYoungGen: 2748640K->9440K(2768384K)] 3748607K->1009911K(8360832K), 0.0218570 secs] [Times: user=0.13 sys=0.03, real=0.02 secs] 
2011-02-12T01:56:41.449+0000: 5890.768: [GC
Desired survivor size 26542080 bytes, new threshold 1 (max 15)
 [PSYoungGen: 2750752K->15408K(2770240K)] 3751223K->1016391K(8362688K), 0.0278040 secs] [Times: user=0.19 sys=0.01, real=0.03 secs] 
2011-02-12T01:56:46.700+0000: 5896.020: [GC
Desired survivor size 28901376 bytes, new threshold 1 (max 15)
 [PSYoungGen: 2759728K->21908K(2766272K)] 3760711K->1023460K(8358720K), 0.0339370 secs] [Times: user=0.23 sys=0.01, real=0.03 secs] 
2011-02-12T01:56:51.135+0000: 5900.455: [GC
Desired survivor size 28049408 bytes, new threshold 1 (max 15)
 [PSYoungGen: 2766228K->14768K(2768768K)] 3767780K->1016956K(8361216K), 0.0259380 secs] [Times: user=0.17 sys=0.01, real=0.03 secs] 
2011-02-12T01:56:55.511+0000: 5904.831: [GC
Desired survivor size 27787264 bytes, new threshold 1 (max 15)
 [PSYoungGen: 2755312K->6256K(2767936K)] 3757500K->1009036K(8360384K), 0.0188920 secs] [Times: user=0.10 sys=0.01, real=0.02 secs] 
2011-02-12T01:56:59.831+0000: 5909.151: [GC
Desired survivor size 26738688 bytes, new threshold 1 (max 15)
 [PSYoungGen: 2746800K->13671K(2770048K)] 3749580K->1016955K(8362496K), 0.0258630 secs] [Times: user=0.13 sys=0.01, real=0.02 secs] 
2011-02-12T01:57:03.872+0000: 5913.192: [GC
Desired survivor size 26345472 bytes, new threshold 1 (max 15)
 [PSYoungGen: 2756583K->15034K(2769024K)] 3759867K->1018835K(8361472K), 0.0273890 secs] [Times: user=0.16 sys=0.01, real=0.03 secs] 
2011-02-12T01:57:08.337+0000: 5917.656: [GC
Desired survivor size 26279936 bytes, new threshold 1 (max 15)
 [PSYoungGen: 2757946K->5600K(2770496K)] 3761747K->1010051K(8362944K), 0.0181600 secs] [Times: user=0.09 sys=0.02, real=0.02 secs] 
2011-02-12T01:57:12.823+0000: 5922.143: [GC
Desired survivor size 26279936 bytes, new threshold 1 (max 15)
 [PSYoungGen: 2750368K->15808K(2770432K)] 3754819K->1020779K(8362880K), 0.0284330 secs] [Times: user=0.18 sys=0.01, real=0.03 secs] 
2011-02-12T01:57:17.042+0000: 5926.362: [GC
Desired survivor size 28704768 bytes, new threshold 1 (max 15)
 [PSYoungGen: 2760576K->22296K(2765760K)] 3765547K->1027787K(8358208K), 0.0350740 secs] [Times: user=0.24 sys=0.01, real=0.03 secs] 
2011-02-12T01:57:21.665+0000: 5930.985: [GC
Desired survivor size 27918336 bytes, new threshold 1 (max 15)
 [PSYoungGen: 2762392K->15392K(2768128K)] 3767883K->1021387K(8360576K), 0.0292340 secs] [Times: user=0.18 sys=0.01, real=0.03 secs] 
2011-02-12T01:57:26.249+0000: 5935.569: [GC
Desired survivor size 27394048 bytes, new threshold 1 (max 15)
 [PSYoungGen: 2755488K->15904K(2769408K)] 3761483K->1022403K(8361856K), 0.0284960 secs] [Times: user=0.18 sys=0.01, real=0.03 secs] 
2011-02-12T01:57:31.121+0000: 5940.440: [GC
Desired survivor size 26279936 bytes, new threshold 1 (max 15)
 [PSYoungGen: 2758048K->14336K(2768896K)] 3764547K->1021267K(8361344K), 0.0273820 secs] [Times: user=0.16 sys=0.01, real=0.03 secs] 
2011-02-12T01:57:36.141+0000: 5945.461: [GC
Desired survivor size 25493504 bytes, new threshold 1 (max 15)
 [PSYoungGen: 2756480K->15040K(2771264K)] 3763411K->1022419K(8363712K), 0.0270940 secs] [Times: user=0.16 sys=0.01, real=0.03 secs] 
2011-02-12T01:57:41.013+0000: 5950.333: [GC
Desired survivor size 24838144 bytes, new threshold 1 (max 15)
 [PSYoungGen: 2760640K->15136K(2770496K)] 3768019K->1022923K(8362944K), 0.0273660 secs] [Times: user=0.18 sys=0.01, real=0.03 secs] 
2011-02-12T01:57:45.639+0000: 5954.958: [GC
Desired survivor size 24444928 bytes, new threshold 1 (max 15)
 [PSYoungGen: 2760736K->10368K(2772288K)] 3768523K->1018659K(8364736K), 0.0228480 secs] [Times: user=0.14 sys=0.01, real=0.02 secs] 
2011-02-12T01:57:50.508+0000: 5959.827: [GC
Desired survivor size 24248320 bytes, new threshold 1 (max 15)
 [PSYoungGen: 2758400K->8802K(2771904K)] 3766691K->1017557K(8364352K), 0.0235140 secs] [Times: user=0.10 sys=0.02, real=0.02 secs] 
2011-02-12T01:57:55.254+0000: 5964.574: [GC
Desired survivor size 24117248 bytes, new threshold 1 (max 15)
 [PSYoungGen: 2756834K->8028K(2772608K)] 3765589K->1017403K(8365056K), 0.0199630 secs] [Times: user=0.11 sys=0.01, real=0.02 secs] 
2011-02-12T01:57:59.589+0000: 5968.908: [GC
Desired survivor size 26607616 bytes, new threshold 1 (max 15)
 [PSYoungGen: 2756956K->22224K(2771200K)] 3766331K->1032403K(8363648K), 0.0375480 secs] [Times: user=0.20 sys=0.02, real=0.04 secs] 
2011-02-12T01:58:04.049+0000: 5973.369: [GC
Desired survivor size 26083328 bytes, new threshold 1 (max 15)
 [PSYoungGen: 2771152K->9530K(2770176K)] 3781331K->1020187K(8362624K), 0.0220850 secs] [Times: user=0.12 sys=0.02, real=0.02 secs] 
2011-02-12T01:58:08.667+0000: 5977.987: [GC
Desired survivor size 27394048 bytes, new threshold 1 (max 15)
 [PSYoungGen: 2754746K->19968K(2765184K)] 3765403K->1031315K(8357632K), 0.0343600 secs] [Times: user=0.20 sys=0.02, real=0.03 secs] 
2011-02-12T01:58:13.453+0000: 5982.772: [GC
Desired survivor size 28180480 bytes, new threshold 1 (max 15)
 [PSYoungGen: 2765184K->19528K(2767872K)] 3776531K->1031276K(8360320K), 0.0331940 secs] [Times: user=0.20 sys=0.01, real=0.03 secs] 
2011-02-12T01:58:18.409+0000: 5987.729: [GC
Desired survivor size 29949952 bytes, new threshold 1 (max 15)
 [PSYoungGen: 2760648K->22589K(2763712K)] 3772396K->1034858K(8356160K), 0.0342880 secs] [Times: user=0.22 sys=0.00, real=0.03 secs] 
2011-02-12T01:58:23.352+0000: 5992.672: [GC
Desired survivor size 31129600 bytes, new threshold 1 (max 15)
 [PSYoungGen: 2763709K->22176K(2764608K)] 3775978K->1034961K(8357056K), 0.0351980 secs] [Times: user=0.23 sys=0.02, real=0.03 secs] 
2011-02-12T01:58:28.025+0000: 5997.344: [GC
Desired survivor size 29884416 bytes, new threshold 1 (max 15)
 [PSYoungGen: 2757536K->14656K(2765760K)] 3770321K->1027937K(8358208K), 0.0295560 secs] [Times: user=0.16 sys=0.02, real=0.03 secs] 
2011-02-12T01:58:33.083+0000: 6002.403: [GC
Desired survivor size 29229056 bytes, new threshold 1 (max 15)
 [PSYoungGen: 2750016K->17824K(2767616K)] 3763297K->1031633K(8360064K), 0.0301850 secs] [Times: user=0.19 sys=0.01, real=0.03 secs] 
2011-02-12T01:58:38.355+0000: 6007.674: [GC
Desired survivor size 30015488 bytes, new threshold 1 (max 15)
 [PSYoungGen: 2756256K->4384K(2742848K)] 3770065K->1018713K(8335296K), 0.0163240 secs] [Times: user=0.09 sys=0.01, real=0.02 secs] 
2011-02-12T01:58:43.490+0000: 6012.809: [GC
Desired survivor size 29556736 bytes, new threshold 1 (max 15)
 [PSYoungGen: 2742816K->9078K(2767296K)] 3757145K->1023919K(8359744K), 0.0211120 secs] [Times: user=0.13 sys=0.01, real=0.03 secs] 
2011-02-12T01:58:48.372+0000: 6017.692: [GC
Desired survivor size 28770304 bytes, new threshold 1 (max 15)
 [PSYoungGen: 2747062K->10186K(2766848K)] 3761903K->1025498K(8359296K), 0.0235870 secs] [Times: user=0.13 sys=0.01, real=0.02 secs] 
2011-02-12T01:58:53.306+0000: 6022.625: [GC
Desired survivor size 27394048 bytes, new threshold 1 (max 15)
 [PSYoungGen: 2748170K->14000K(2769408K)] 3763482K->1029784K(8361856K), 0.0268760 secs] [Times: user=0.15 sys=0.01, real=0.03 secs] 
2011-02-12T01:58:58.528+0000: 6027.847: [GC
Desired survivor size 27721728 bytes, new threshold 1 (max 15)
 [PSYoungGen: 2755312K->18240K(2768064K)] 3771096K->1034856K(8360512K), 0.0317890 secs] [Times: user=0.20 sys=0.01, real=0.03 secs] 
2011-02-12T01:59:03.289+0000: 6032.609: [GC
Desired survivor size 29032448 bytes, new threshold 1 (max 15)
 [PSYoungGen: 2759552K->21266K(2766528K)] 3776168K->1038467K(8358976K), 0.0352440 secs] [Times: user=0.19 sys=0.01, real=0.04 secs] 
2011-02-12T01:59:08.023+0000: 6037.343: [GC
Desired survivor size 27983872 bytes, new threshold 1 (max 15)
 [PSYoungGen: 2760722K->13246K(2767808K)] 3777923K->1031329K(8360256K), 0.0280200 secs] [Times: user=0.17 sys=0.02, real=0.03 secs] 
2011-02-12T01:59:13.015+0000: 6042.335: [GC
Desired survivor size 27131904 bytes, new threshold 1 (max 15)
 [PSYoungGen: 2752702K->16000K(2769664K)] 3770785K->1034571K(8362112K), 0.0288970 secs] [Times: user=0.18 sys=0.01, real=0.03 secs] 
2011-02-12T01:59:18.061+0000: 6047.381: [GC
Desired survivor size 28246016 bytes, new threshold 1 (max 15)
 [PSYoungGen: 2758336K->21024K(2763392K)] 3776907K->1040051K(8355840K), 0.0348240 secs] [Times: user=0.20 sys=0.01, real=0.04 secs] 
2011-02-12T01:59:22.998+0000: 6052.317: [GC
Desired survivor size 28508160 bytes, new threshold 1 (max 15)
 [PSYoungGen: 2763360K->19424K(2768064K)] 3782387K->1038811K(8360512K), 0.0321480 secs] [Times: user=0.21 sys=0.01, real=0.03 secs] 
2011-02-12T01:59:27.782+0000: 6057.102: [GC
Desired survivor size 27394048 bytes, new threshold 1 (max 15)
 [PSYoungGen: 2759904K->15344K(2768320K)] 3779291K->1035148K(8360768K), 0.0269780 secs] [Times: user=0.17 sys=0.01, real=0.03 secs] 
2011-02-12T01:59:32.056+0000: 6061.376: [GC
Desired survivor size 28442624 bytes, new threshold 1 (max 15)
 [PSYoungGen: 2755824K->21664K(2767360K)] 3775628K->1041867K(8359808K), 0.0341710 secs] [Times: user=0.23 sys=0.03, real=0.04 secs] 
2011-02-12T01:59:36.740+0000: 6066.060: [GC
Desired survivor size 27852800 bytes, new threshold 1 (max 15)
 [PSYoungGen: 2762272K->17951K(2768384K)] 3782475K->1038586K(8360832K), 0.0304790 secs] [Times: user=0.21 sys=0.02, real=0.03 secs] 
2011-02-12T01:59:41.573+0000: 6070.893: [GC
Desired survivor size 27328512 bytes, new threshold 1 (max 15)
 [PSYoungGen: 2758559K->17996K(2769472K)] 3779194K->1039135K(8361920K), 0.0310620 secs] [Times: user=0.19 sys=0.01, real=0.03 secs] 
2011-02-12T01:59:46.406+0000: 6075.726: [GC
Desired survivor size 26542080 bytes, new threshold 1 (max 15)
 [PSYoungGen: 2760268K->15328K(2768960K)] 3781407K->1037167K(8361408K), 0.0275200 secs] [Times: user=0.19 sys=0.01, real=0.03 secs] 
2011-02-12T01:59:51.302+0000: 6080.622: [GC
Desired survivor size 25886720 bytes, new threshold 1 (max 15)
 [PSYoungGen: 2757600K->14988K(2770880K)] 3779439K->1037282K(8363328K), 0.0282200 secs] [Times: user=0.18 sys=0.02, real=0.03 secs] 
2011-02-12T01:59:56.298+0000: 6085.618: [GC
Desired survivor size 25493504 bytes, new threshold 1 (max 15)
 [PSYoungGen: 2759948K->17776K(2770240K)] 3782242K->1040770K(8362688K), 0.0292020 secs] [Times: user=0.20 sys=0.01, real=0.03 secs] 
2011-02-12T02:00:00.714+0000: 6090.033: [GC
Desired survivor size 25100288 bytes, new threshold 1 (max 15)
 [PSYoungGen: 2762736K->13983K(2771648K)] 3785730K->1037626K(8364096K), 0.0278050 secs] [Times: user=0.15 sys=0.02, real=0.03 secs] 
2011-02-12T02:00:04.859+0000: 6094.179: [GC
Desired survivor size 26542080 bytes, new threshold 1 (max 15)
 [PSYoungGen: 2760735K->22317K(2769088K)] 3784378K->1046650K(8361536K), 0.0369290 secs] [Times: user=0.21 sys=0.02, real=0.04 secs] 
2011-02-12T02:00:09.155+0000: 6098.475: [GC
Desired survivor size 27525120 bytes, new threshold 1 (max 15)
 [PSYoungGen: 2769069K->5984K(2768320K)] 3793402K->1030901K(8360768K), 0.0192300 secs] [Times: user=0.11 sys=0.01, real=0.02 secs] 
2011-02-12T02:00:13.384+0000: 6102.704: [GC
Desired survivor size 27000832 bytes, new threshold 1 (max 15)
 [PSYoungGen: 2748384K->12384K(2769280K)] 3773301K->1037925K(8361728K), 0.0278610 secs] [Times: user=0.14 sys=0.01, real=0.03 secs] 
2011-02-12T02:00:17.920+0000: 6107.240: [GC
Desired survivor size 26738688 bytes, new threshold 1 (max 15)
 [PSYoungGen: 2754784K->10667K(2770048K)] 3780325K->1036672K(8362496K), 0.0256710 secs] [Times: user=0.15 sys=0.01, real=0.03 secs] 
2011-02-12T02:00:22.663+0000: 6111.982: [GC
Desired survivor size 27000832 bytes, new threshold 1 (max 15)
 [PSYoungGen: 2754347K->6732K(2769792K)] 3780352K->1033133K(8362240K), 0.0191250 secs] [Times: user=0.11 sys=0.01, real=0.02 secs] 
2011-02-12T02:00:27.307+0000: 6116.627: [GC
Desired survivor size 27852800 bytes, new threshold 1 (max 15)
 [PSYoungGen: 2750412K->19744K(2768128K)] 3776813K->1046605K(8360576K), 0.0331240 secs] [Times: user=0.20 sys=0.01, real=0.03 secs] 
2011-02-12T02:00:31.687+0000: 6121.006: [GC
Desired survivor size 27787264 bytes, new threshold 1 (max 15)
 [PSYoungGen: 2761504K->8080K(2768960K)] 3788365K->1035365K(8361408K), 0.0209620 secs] [Times: user=0.12 sys=0.01, real=0.02 secs] 
2011-02-12T02:00:35.735+0000: 6125.054: [GC
Desired survivor size 27197440 bytes, new threshold 1 (max 15)
 [PSYoungGen: 2749840K->9791K(2769600K)] 3777125K->1037533K(8362048K), 0.0248760 secs] [Times: user=0.12 sys=0.02, real=0.02 secs] 
2011-02-12T02:00:40.171+0000: 6129.490: [GC
Desired survivor size 29163520 bytes, new threshold 1 (max 15)
 [PSYoungGen: 2752255K->22400K(2764864K)] 3779997K->1050585K(8357312K), 0.0358240 secs] [Times: user=0.23 sys=0.01, real=0.04 secs] 
2011-02-12T02:00:44.168+0000: 6133.487: [GC
Desired survivor size 31195136 bytes, new threshold 1 (max 15)
 [PSYoungGen: 2764864K->23680K(2763712K)] 3793049K->1052242K(8356160K), 0.0366950 secs] [Times: user=0.25 sys=0.01, real=0.03 secs] 
2011-02-12T02:00:48.563+0000: 6137.883: [GC
Desired survivor size 30670848 bytes, new threshold 1 (max 15)
 [PSYoungGen: 2758912K->9873K(2765696K)] 3787474K->1038860K(8358144K), 0.0229570 secs] [Times: user=0.13 sys=0.01, real=0.03 secs] 
2011-02-12T02:00:52.991+0000: 6142.311: [GC
Desired survivor size 30867456 bytes, new threshold 1 (max 15)
 [PSYoungGen: 2745105K->4848K(2765824K)] 3774092K->1034323K(8358272K), 0.0193190 secs] [Times: user=0.08 sys=0.01, real=0.02 secs] 
2011-02-12T02:00:58.008+0000: 6147.328: [GC
Desired survivor size 30539776 bytes, new threshold 1 (max 15)
 [PSYoungGen: 2740720K->6192K(2766016K)] 3770195K->1036227K(8358464K), 0.0200000 secs] [Times: user=0.11 sys=0.01, real=0.02 secs] 
2011-02-12T02:01:02.921+0000: 6152.241: [GC
Desired survivor size 29294592 bytes, new threshold 1 (max 15)
 [PSYoungGen: 2742064K->10394K(2767552K)] 3772099K->1041069K(8360000K), 0.0239300 secs] [Times: user=0.12 sys=0.01, real=0.02 secs] 
2011-02-12T02:01:07.343+0000: 6156.664: [GC
Desired survivor size 28377088 bytes, new threshold 1 (max 15)
 [PSYoungGen: 2748122K->8808K(2766336K)] 3778797K->1040157K(8358784K), 0.0205960 secs] [Times: user=0.13 sys=0.02, real=0.02 secs] 
2011-02-12T02:01:12.226+0000: 6161.546: [GC
Desired survivor size 27525120 bytes, new threshold 1 (max 15)
 [PSYoungGen: 2746536K->8528K(2769280K)] 3777885K->1040389K(8361728K), 0.0201900 secs] [Times: user=0.12 sys=0.00, real=0.02 secs] 
2011-02-12T02:01:17.088+0000: 6166.407: [GC
Desired survivor size 26148864 bytes, new threshold 1 (max 15)
 [PSYoungGen: 2750096K->10976K(2768448K)] 3781957K->1043309K(8360896K), 0.0220980 secs] [Times: user=0.13 sys=0.01, real=0.03 secs] 
2011-02-12T02:01:21.919+0000: 6171.238: [GC
Desired survivor size 25427968 bytes, new threshold 1 (max 15)
 [PSYoungGen: 2752544K->8160K(2771328K)] 3784877K->1041037K(8363776K), 0.0214480 secs] [Times: user=0.11 sys=0.00, real=0.03 secs] 
2011-02-12T02:01:26.957+0000: 6176.277: [GC
Desired survivor size 24313856 bytes, new threshold 1 (max 15)
 [PSYoungGen: 2753952K->10336K(2770624K)] 3786829K->1043805K(8363072K), 0.0246420 secs] [Times: user=0.13 sys=0.02, real=0.03 secs] 
2011-02-12T02:01:31.662+0000: 6180.981: [GC
Desired survivor size 23658496 bytes, new threshold 1 (max 15)
 [PSYoungGen: 2756128K->7820K(2773056K)] 3789597K->1041761K(8365504K), 0.0196540 secs] [Times: user=0.12 sys=0.01, real=0.02 secs] 
2011-02-12T02:01:36.497+0000: 6185.817: [GC
Desired survivor size 22544384 bytes, new threshold 1 (max 15)
 [PSYoungGen: 2757132K->11368K(2772416K)] 3791073K->1045762K(8364864K), 0.0238000 secs] [Times: user=0.14 sys=0.01, real=0.02 secs] 
2011-02-12T02:01:41.108+0000: 6190.428: [GC
Desired survivor size 26017792 bytes, new threshold 1 (max 15)
 [PSYoungGen: 2760680K->21996K(2767360K)] 3795074K->1057591K(8359808K), 0.0367410 secs] [Times: user=0.22 sys=0.01, real=0.04 secs] 
2011-02-12T02:01:45.801+0000: 6195.120: [GC
Desired survivor size 25755648 bytes, new threshold 1 (max 15)
 [PSYoungGen: 2767340K->15072K(2770752K)] 3802935K->1051055K(8363200K), 0.0284820 secs] [Times: user=0.17 sys=0.01, real=0.03 secs] 
2011-02-12T02:01:50.423+0000: 6199.742: [GC
Desired survivor size 24838144 bytes, new threshold 1 (max 15)
 [PSYoungGen: 2760416K->10227K(2771904K)] 3796399K->1046682K(8364352K), 0.0234940 secs] [Times: user=0.12 sys=0.01, real=0.03 secs] 
2011-02-12T02:01:55.111+0000: 6204.430: [GC
Desired survivor size 24903680 bytes, new threshold 1 (max 15)
 [PSYoungGen: 2756979K->4928K(2771008K)] 3793434K->1041954K(8363456K), 0.0172790 secs] [Times: user=0.09 sys=0.00, real=0.02 secs] 
2011-02-12T02:01:59.611+0000: 6208.931: [GC
Desired survivor size 27000832 bytes, new threshold 1 (max 15)
 [PSYoungGen: 2751680K->20512K(2767744K)] 3788706K->1058314K(8360192K), 0.0338880 secs] [Times: user=0.22 sys=0.01, real=0.04 secs] 
2011-02-12T02:02:03.844+0000: 6213.163: [GC
Desired survivor size 31195136 bytes, new threshold 1 (max 15)
 [PSYoungGen: 2763936K->26362K(2769792K)] 3801738K->1065117K(8362240K), 0.0400890 secs] [Times: user=0.27 sys=0.02, real=0.04 secs] 
2011-02-12T02:02:08.029+0000: 6217.348: [GC
Desired survivor size 30539776 bytes, new threshold 1 (max 15)
 [PSYoungGen: 2769786K->8128K(2762880K)] 3808541K->1047597K(8355328K), 0.0220260 secs] [Times: user=0.10 sys=0.00, real=0.02 secs] 
2011-02-12T02:02:12.464+0000: 6221.784: [GC
Desired survivor size 29949952 bytes, new threshold 1 (max 15)
 [PSYoungGen: 2744640K->16346K(2766336K)] 3784109K->1056287K(8358784K), 0.0300450 secs] [Times: user=0.19 sys=0.02, real=0.03 secs] 
2011-02-12T02:02:17.061+0000: 6226.381: [GC
Desired survivor size 28573696 bytes, new threshold 1 (max 15)
 [PSYoungGen: 2752858K->12620K(2768256K)] 3792799K->1053041K(8360704K), 0.0251610 secs] [Times: user=0.15 sys=0.01, real=0.02 secs] 
2011-02-12T02:02:21.531+0000: 6230.851: [GC
Desired survivor size 30408704 bytes, new threshold 1 (max 15)
 [PSYoungGen: 2751628K->22272K(2761280K)] 3792049K->1063353K(8353728K), 0.0349250 secs] [Times: user=0.23 sys=0.01, real=0.03 secs] 
2011-02-12T02:02:25.813+0000: 6235.133: [GC
Desired survivor size 29818880 bytes, new threshold 1 (max 15)
 [PSYoungGen: 2761280K->8800K(2767040K)] 3802361K->1050409K(8359488K), 0.0208320 secs] [Times: user=0.12 sys=0.01, real=0.02 secs] 
2011-02-12T02:02:30.253+0000: 6239.572: [GC
Desired survivor size 30212096 bytes, new threshold 1 (max 15)
 [PSYoungGen: 2746144K->18944K(2766464K)] 3787753K->1060961K(8358912K), 0.0313610 secs] [Times: user=0.19 sys=0.01, real=0.03 secs] 
2011-02-12T02:02:34.850+0000: 6244.170: [GC
Desired survivor size 28835840 bytes, new threshold 1 (max 15)
 [PSYoungGen: 2756288K->13264K(2768000K)] 3798305K->1055801K(8360448K), 0.0269050 secs] [Times: user=0.15 sys=0.02, real=0.02 secs] 
2011-02-12T02:02:39.414+0000: 6248.734: [GC
Desired survivor size 27656192 bytes, new threshold 1 (max 15)
 [PSYoungGen: 2751760K->14968K(2766656K)] 3794297K->1058058K(8359104K), 0.0279900 secs] [Times: user=0.15 sys=0.01, real=0.03 secs] 
2011-02-12T02:02:43.989+0000: 6253.308: [GC
Desired survivor size 27590656 bytes, new threshold 1 (max 15)
 [PSYoungGen: 2753464K->7523K(2769216K)] 3796554K->1051325K(8361664K), 0.0203190 secs] [Times: user=0.11 sys=0.01, real=0.02 secs] 
2011-02-12T02:02:48.527+0000: 6257.847: [GC
Desired survivor size 28311552 bytes, new threshold 1 (max 15)
 [PSYoungGen: 2749731K->19168K(2761408K)] 3793533K->1063469K(8353856K), 0.0324780 secs] [Times: user=0.19 sys=0.01, real=0.03 secs] 
2011-02-12T02:02:53.084+0000: 6262.403: [GC
Desired survivor size 27328512 bytes, new threshold 1 (max 15)
 [PSYoungGen: 2761376K->11984K(2769472K)] 3805677K->1056733K(8361920K), 0.0242290 secs] [Times: user=0.14 sys=0.01, real=0.02 secs] 
2011-02-12T02:02:57.810+0000: 6267.129: [GC
Desired survivor size 26804224 bytes, new threshold 1 (max 15)
 [PSYoungGen: 2753808K->9584K(2768512K)] 3798557K->1054933K(8360960K), 0.0234450 secs] [Times: user=0.12 sys=0.01, real=0.03 secs] 
2011-02-12T02:03:02.346+0000: 6271.666: [GC
Desired survivor size 27131904 bytes, new threshold 1 (max 15)
 [PSYoungGen: 2751408K->4118K(2769344K)] 3796757K->1050044K(8361792K), 0.0170500 secs] [Times: user=0.09 sys=0.02, real=0.02 secs] 
2011-02-12T02:03:06.739+0000: 6276.059: [GC
Desired survivor size 25952256 bytes, new threshold 1 (max 15)
 [PSYoungGen: 2747286K->13152K(2769664K)] 3793212K->1059980K(8362112K), 0.0283660 secs] [Times: user=0.16 sys=0.02, real=0.03 secs] 
2011-02-12T02:03:11.640+0000: 6280.959: [GC
Desired survivor size 26738688 bytes, new threshold 1 (max 15)
 [PSYoungGen: 2756320K->18240K(2769280K)] 3803148K->1065580K(8361728K), 0.0322220 secs] [Times: user=0.21 sys=0.02, real=0.03 secs] 
2011-02-12T02:03:16.542+0000: 6285.861: [GC
Desired survivor size 27721728 bytes, new threshold 1 (max 15)
 [PSYoungGen: 2762176K->19264K(2763200K)] 3809516K->1067156K(8355648K), 0.0317400 secs] [Times: user=0.21 sys=0.02, real=0.03 secs] 
2011-02-12T02:03:21.693+0000: 6291.012: [GC
Desired survivor size 29032448 bytes, new threshold 1 (max 15)
 [PSYoungGen: 2763200K->20864K(2766528K)] 3811092K->1069228K(8358976K), 0.0332430 secs] [Times: user=0.22 sys=0.01, real=0.04 secs] 
2011-02-12T02:03:26.421+0000: 6295.740: [GC
Desired survivor size 29491200 bytes, new threshold 1 (max 15)
 [PSYoungGen: 2760320K->19423K(2758912K)] 3808684K->1068219K(8351360K), 0.0314190 secs] [Times: user=0.21 sys=0.01, real=0.03 secs] 
2011-02-12T02:03:31.346+0000: 6300.666: [GC
Desired survivor size 28311552 bytes, new threshold 1 (max 15)
 [PSYoungGen: 2758879K->13760K(2768512K)] 3807675K->1063132K(8360960K), 0.0258980 secs] [Times: user=0.17 sys=0.01, real=0.02 secs] 
2011-02-12T02:03:36.505+0000: 6305.825: [GC
Desired survivor size 28311552 bytes, new threshold 1 (max 15)
 [PSYoungGen: 2753472K->18400K(2767360K)] 3802844K->1068228K(8359808K), 0.0315380 secs] [Times: user=0.20 sys=0.00, real=0.03 secs] 
2011-02-12T02:03:41.577+0000: 6310.897: [GC
Desired survivor size 30015488 bytes, new threshold 1 (max 15)
 [PSYoungGen: 2758112K->23053K(2765184K)] 3807940K->1073418K(8357632K), 0.0345350 secs] [Times: user=0.24 sys=0.01, real=0.03 secs] 
2011-02-12T02:03:46.318+0000: 6315.638: [GC
Desired survivor size 29884416 bytes, new threshold 1 (max 15)
 [PSYoungGen: 2760589K->8959K(2766848K)] 3810954K->1059923K(8359296K), 0.0203870 secs] [Times: user=0.12 sys=0.01, real=0.02 secs] 
2011-02-12T02:03:50.709+0000: 6320.029: [GC
Desired survivor size 30277632 bytes, new threshold 1 (max 15)
 [PSYoungGen: 2746495K->4801K(2766208K)] 3797459K->1056361K(8358656K), 0.0165780 secs] [Times: user=0.09 sys=0.02, real=0.01 secs] 
2011-02-12T02:03:55.317+0000: 6324.637: [GC
Desired survivor size 29425664 bytes, new threshold 1 (max 15)
 [PSYoungGen: 2741825K->16080K(2766592K)] 3793385K->1068408K(8359040K), 0.0291750 secs] [Times: user=0.18 sys=0.02, real=0.03 secs] 
2011-02-12T02:03:59.682+0000: 6329.002: [GC
Desired survivor size 29556736 bytes, new threshold 1 (max 15)
 [PSYoungGen: 2753104K->5248K(2767168K)] 3805432K->1058248K(8359616K), 0.0172510 secs] [Times: user=0.10 sys=0.00, real=0.02 secs] 
2011-02-12T02:04:04.078+0000: 6333.397: [GC
Desired survivor size 28835840 bytes, new threshold 1 (max 15)
 [PSYoungGen: 2743680K->15706K(2767296K)] 3796680K->1069066K(8359744K), 0.0284520 secs] [Times: user=0.17 sys=0.02, real=0.03 secs] 
2011-02-12T02:04:08.443+0000: 6337.763: [GC
Desired survivor size 30736384 bytes, new threshold 1 (max 15)
 [PSYoungGen: 2754138K->22774K(2764288K)] 3807498K->1076801K(8356736K), 0.0357120 secs] [Times: user=0.24 sys=0.01, real=0.03 secs] 
2011-02-12T02:04:13.049+0000: 6342.369: [GC
Desired survivor size 30146560 bytes, new threshold 1 (max 15)
 [PSYoungGen: 2758902K->17184K(2766144K)] 3812929K->1071744K(8358592K), 0.0293000 secs] [Times: user=0.19 sys=0.02, real=0.03 secs] 
2011-02-12T02:04:17.089+0000: 6346.409: [GC
Desired survivor size 31326208 bytes, new threshold 1 (max 15)
 [PSYoungGen: 2753312K->21923K(2764416K)] 3807872K->1076947K(8356864K), 0.0363860 secs] [Times: user=0.24 sys=0.02, real=0.04 secs] 
2011-02-12T02:04:21.397+0000: 6350.716: [GC
Desired survivor size 30801920 bytes, new threshold 1 (max 15)
 [PSYoungGen: 2756899K->9760K(2765568K)] 3811923K->1065565K(8358016K), 0.0216390 secs] [Times: user=0.14 sys=0.01, real=0.02 secs] 
2011-02-12T02:04:26.166+0000: 6355.485: [GC
Desired survivor size 30670848 bytes, new threshold 1 (max 15)
 [PSYoungGen: 2744736K->7075K(2766208K)] 3800541K->1063312K(8358656K), 0.0190580 secs] [Times: user=0.10 sys=0.01, real=0.02 secs] 
2011-02-12T02:04:30.961+0000: 6360.280: [GC
Desired survivor size 30867456 bytes, new threshold 1 (max 15)
 [PSYoungGen: 2743203K->3904K(2740032K)] 3799440K->1060640K(8332480K), 0.0157760 secs] [Times: user=0.09 sys=0.01, real=0.02 secs] 
2011-02-12T02:04:35.395+0000: 6364.715: [GC
Desired survivor size 29163520 bytes, new threshold 1 (max 15)
 [PSYoungGen: 2740032K->13344K(2767680K)] 3796768K->1070528K(8360128K), 0.0273700 secs] [Times: user=0.15 sys=0.01, real=0.02 secs] 
2011-02-12T02:04:39.953+0000: 6369.272: [GC
Desired survivor size 28573696 bytes, new threshold 1 (max 15)
 [PSYoungGen: 2750880K->7747K(2766016K)] 3808064K->1065308K(8358464K), 0.0226160 secs] [Times: user=0.12 sys=0.01, real=0.03 secs] 
2011-02-12T02:04:45.017+0000: 6374.336: [GC
Desired survivor size 27787264 bytes, new threshold 1 (max 15)
 [PSYoungGen: 2745283K->8192K(2769024K)] 3802844K->1066308K(8361472K), 0.0218240 secs] [Times: user=0.10 sys=0.01, real=0.02 secs] 
2011-02-12T02:04:50.148+0000: 6379.467: [GC
Desired survivor size 26542080 bytes, new threshold 1 (max 15)
 [PSYoungGen: 2749312K->10640K(2768256K)] 3807428K->1069276K(8360704K), 0.0230890 secs] [Times: user=0.14 sys=0.01, real=0.02 secs] 
2011-02-12T02:04:55.229+0000: 6384.549: [GC
Desired survivor size 25165824 bytes, new threshold 1 (max 15)
 [PSYoungGen: 2751760K->12224K(2771584K)] 3810396K->1071508K(8364032K), 0.0239550 secs] [Times: user=0.16 sys=0.01, real=0.02 secs] 
2011-02-12T02:05:00.146+0000: 6389.466: [GC
Desired survivor size 23920640 bytes, new threshold 1 (max 15)
 [PSYoungGen: 2757888K->12162K(2770240K)] 3817172K->1072222K(8362688K), 0.0270340 secs] [Times: user=0.16 sys=0.02, real=0.03 secs] 
2011-02-12T02:05:04.449+0000: 6393.769: [GC
Desired survivor size 23658496 bytes, new threshold 1 (max 15)
 [PSYoungGen: 2757826K->7076K(2773056K)] 3817886K->1067883K(8365504K), 0.0229460 secs] [Times: user=0.10 sys=0.01, real=0.02 secs] 
2011-02-12T02:05:08.826+0000: 6398.146: [GC
Desired survivor size 24838144 bytes, new threshold 1 (max 15)
 [PSYoungGen: 2756772K->17788K(2767488K)] 3817579K->1079095K(8359936K), 0.0314040 secs] [Times: user=0.19 sys=0.02, real=0.03 secs] 
2011-02-12T02:05:13.570+0000: 6402.890: [GC
Desired survivor size 23920640 bytes, new threshold 1 (max 15)
 [PSYoungGen: 2767484K->13056K(2772800K)] 3828791K->1074799K(8365248K), 0.0262770 secs] [Times: user=0.15 sys=0.01, real=0.02 secs] 
2011-02-12T02:05:18.498+0000: 6407.817: [GC
Desired survivor size 23003136 bytes, new threshold 1 (max 15)
 [PSYoungGen: 2761600K->12800K(2771904K)] 3823343K->1075055K(8364352K), 0.0260620 secs] [Times: user=0.16 sys=0.01, real=0.03 secs] 
2011-02-12T02:05:23.167+0000: 6412.487: [GC
Desired survivor size 22740992 bytes, new threshold 1 (max 15)
 [PSYoungGen: 2761344K->7880K(2773952K)] 3823599K->1070632K(8366400K), 0.0213350 secs] [Times: user=0.12 sys=0.02, real=0.02 secs] 
2011-02-12T02:05:27.869+0000: 6417.188: [GC
Desired survivor size 25034752 bytes, new threshold 1 (max 15)
 [PSYoungGen: 2759368K->20829K(2772352K)] 3822120K->1084093K(8364800K), 0.0329950 secs] [Times: user=0.22 sys=0.00, real=0.04 secs] 
2011-02-12T02:05:32.349+0000: 6421.668: [GC
Desired survivor size 24707072 bytes, new threshold 1 (max 15)
 [PSYoungGen: 2772317K->8076K(2771712K)] 3835581K->1071908K(8364160K), 0.0232080 secs] [Times: user=0.12 sys=0.02, real=0.03 secs] 
2011-02-12T02:05:37.024+0000: 6426.344: [GC
Desired survivor size 24248320 bytes, new threshold 1 (max 15)
 [PSYoungGen: 2755980K->7853K(2772032K)] 3819812K->1072353K(8364480K), 0.0211780 secs] [Times: user=0.10 sys=0.01, real=0.02 secs] 
2011-02-12T02:05:41.821+0000: 6431.141: [GC
Desired survivor size 23986176 bytes, new threshold 1 (max 15)
 [PSYoungGen: 2755757K->6415K(2772736K)] 3820257K->1071332K(8365184K), 0.0184330 secs] [Times: user=0.11 sys=0.01, real=0.02 secs] 
2011-02-12T02:05:46.398+0000: 6435.718: [GC
Desired survivor size 25559040 bytes, new threshold 1 (max 15)
 [PSYoungGen: 2755471K->18624K(2767680K)] 3820388K->1083956K(8360128K), 0.0319540 secs] [Times: user=0.20 sys=0.01, real=0.03 secs] 
2011-02-12T02:05:50.730+0000: 6440.050: [GC
Desired survivor size 24903680 bytes, new threshold 1 (max 15)
 [PSYoungGen: 2767680K->8160K(2771840K)] 3833012K->1073932K(8364288K), 0.0207610 secs] [Times: user=0.12 sys=0.01, real=0.02 secs] 
2011-02-12T02:05:55.103+0000: 6444.423: [GC
Desired survivor size 26411008 bytes, new threshold 1 (max 15)
 [PSYoungGen: 2755040K->19056K(2765952K)] 3820812K->1085308K(8358400K), 0.0317090 secs] [Times: user=0.21 sys=0.01, real=0.04 secs] 
2011-02-12T02:05:59.875+0000: 6449.195: [GC
Desired survivor size 25231360 bytes, new threshold 1 (max 15)
 [PSYoungGen: 2765936K->12832K(2771520K)] 3832188K->1079796K(8363968K), 0.0250460 secs] [Times: user=0.16 sys=0.01, real=0.02 secs] 
2011-02-12T02:06:04.023+0000: 6453.342: [GC
Desired survivor size 27328512 bytes, new threshold 1 (max 15)
 [PSYoungGen: 2758560K->21346K(2767104K)] 3825524K->1088974K(8359552K), 0.0368570 secs] [Times: user=0.21 sys=0.03, real=0.04 secs] 
2011-02-12T02:06:07.914+0000: 6457.233: [GC
Desired survivor size 26869760 bytes, new threshold 1 (max 15)
 [PSYoungGen: 2767074K->15744K(2769920K)] 3834702K->1084206K(8362368K), 0.0299600 secs] [Times: user=0.17 sys=0.01, real=0.03 secs] 
2011-02-12T02:06:12.351+0000: 6461.671: [GC
Desired survivor size 26869760 bytes, new threshold 1 (max 15)
 [PSYoungGen: 2758976K->6367K(2769472K)] 3827438K->1075261K(8361920K), 0.0184500 secs] [Times: user=0.11 sys=0.01, real=0.02 secs] 
2011-02-12T02:06:16.329+0000: 6465.648: [GC
Desired survivor size 26673152 bytes, new threshold 1 (max 15)
 [PSYoungGen: 2749599K->5984K(2770112K)] 3818493K->1075461K(8362560K), 0.0191520 secs] [Times: user=0.11 sys=0.01, real=0.02 secs] 
2011-02-12T02:06:20.923+0000: 6470.243: [GC
Desired survivor size 27721728 bytes, new threshold 1 (max 15)
 [PSYoungGen: 2749856K->18720K(2762624K)] 3819333K->1088557K(8355072K), 0.0317940 secs] [Times: user=0.21 sys=0.01, real=0.03 secs] 
2011-02-12T02:06:25.483+0000: 6474.803: [GC
Desired survivor size 27328512 bytes, new threshold 1 (max 15)
 [PSYoungGen: 2762592K->15584K(2769472K)] 3832429K->1085821K(8361920K), 0.0296810 secs] [Times: user=0.16 sys=0.02, real=0.03 secs] 
2011-02-12T02:06:30.136+0000: 6479.456: [GC
Desired survivor size 26738688 bytes, new threshold 1 (max 15)
 [PSYoungGen: 2757984K->8448K(2769088K)] 3828221K->1079189K(8361536K), 0.0207750 secs] [Times: user=0.12 sys=0.01, real=0.02 secs] 
2011-02-12T02:06:34.763+0000: 6484.083: [GC
Desired survivor size 29687808 bytes, new threshold 1 (max 15)
 [PSYoungGen: 2750848K->24064K(2764288K)] 3821589K->1095283K(8356736K), 0.0365380 secs] [Times: user=0.24 sys=0.02, real=0.04 secs] 
2011-02-12T02:06:39.580+0000: 6488.900: [GC
Desired survivor size 29491200 bytes, new threshold 1 (max 15)
 [PSYoungGen: 2762240K->17344K(2767168K)] 3833459K->1089197K(8359616K), 0.0299730 secs] [Times: user=0.19 sys=0.01, real=0.03 secs] 
2011-02-12T02:06:44.257+0000: 6493.577: [GC
Desired survivor size 28311552 bytes, new threshold 1 (max 15)
 [PSYoungGen: 2755520K->12192K(2768512K)] 3827373K->1084637K(8360960K), 0.0243760 secs] [Times: user=0.16 sys=0.01, real=0.03 secs] 
2011-02-12T02:06:49.088+0000: 6498.408: [GC
Desired survivor size 27590656 bytes, new threshold 1 (max 15)
 [PSYoungGen: 2751904K->15712K(2767360K)] 3824349K->1088587K(8359808K), 0.0287820 secs] [Times: user=0.18 sys=0.02, real=0.03 secs] 
2011-02-12T02:06:53.543+0000: 6502.863: [GC
Desired survivor size 27787264 bytes, new threshold 1 (max 15)
 [PSYoungGen: 2755424K->5392K(2768832K)] 3828299K->1078699K(8361280K), 0.0181320 secs] [Times: user=0.10 sys=0.01, real=0.02 secs] 
2011-02-12T02:06:58.199+0000: 6507.519: [GC
Desired survivor size 28901376 bytes, new threshold 1 (max 15)
 [PSYoungGen: 2747280K->19861K(2761792K)] 3820587K->1093681K(8354240K), 0.0330030 secs] [Times: user=0.22 sys=0.01, real=0.04 secs] 
2011-02-12T02:07:02.719+0000: 6512.038: [GC
Desired survivor size 27852800 bytes, new threshold 1 (max 15)
 [PSYoungGen: 2761749K->11642K(2768960K)] 3835569K->1086355K(8361408K), 0.0252350 secs] [Times: user=0.13 sys=0.02, real=0.03 secs] 
2011-02-12T02:07:07.080+0000: 6516.400: [GC
Desired survivor size 27787264 bytes, new threshold 1 (max 15)
 [PSYoungGen: 2752378K->5856K(2767936K)] 3827091K->1081291K(8360384K), 0.0187140 secs] [Times: user=0.11 sys=0.01, real=0.02 secs] 
2011-02-12T02:07:11.528+0000: 6520.848: [GC
Desired survivor size 27066368 bytes, new threshold 1 (max 15)
 [PSYoungGen: 2746592K->14784K(2769728K)] 3822027K->1090787K(8362176K), 0.0280610 secs] [Times: user=0.18 sys=0.00, real=0.03 secs] 
2011-02-12T02:07:15.636+0000: 6524.956: [GC
Desired survivor size 27787264 bytes, new threshold 1 (max 15)
 [PSYoungGen: 2757376K->18560K(2769024K)] 3833379K->1095051K(8361472K), 0.0314660 secs] [Times: user=0.18 sys=0.00, real=0.03 secs] 
2011-02-12T02:07:20.280+0000: 6529.600: [GC
Desired survivor size 28770304 bytes, new threshold 1 (max 15)
 [PSYoungGen: 2761152K->19968K(2767104K)] 3837643K->1096963K(8359552K), 0.0322130 secs] [Times: user=0.20 sys=0.01, real=0.03 secs] 
2011-02-12T02:07:24.718+0000: 6534.038: [GC
Desired survivor size 28311552 bytes, new threshold 1 (max 15)
 [PSYoungGen: 2759936K->9024K(2768064K)] 3836931K->1086627K(8360512K), 0.0215060 secs] [Times: user=0.13 sys=0.01, real=0.02 secs] 
2011-02-12T02:07:29.126+0000: 6538.446: [GC
Desired survivor size 28180480 bytes, new threshold 1 (max 15)
 [PSYoungGen: 2748992K->17152K(2768640K)] 3826595K->1095163K(8361088K), 0.0295360 secs] [Times: user=0.18 sys=0.01, real=0.03 secs] 
2011-02-12T02:07:33.397+0000: 6542.717: [GC
Desired survivor size 29360128 bytes, new threshold 1 (max 15)
 [PSYoungGen: 2758144K->20928K(2761920K)] 3836155K->1099378K(8354368K), 0.0350340 secs] [Times: user=0.22 sys=0.01, real=0.03 secs] 
2011-02-12T02:07:38.141+0000: 6547.461: [GC
Desired survivor size 28246016 bytes, new threshold 1 (max 15)
 [PSYoungGen: 2761920K->15552K(2768576K)] 3840370K->1094410K(8361024K), 0.0283170 secs] [Times: user=0.18 sys=0.01, real=0.03 secs] 
2011-02-12T02:07:42.790+0000: 6552.110: [GC
Desired survivor size 27656192 bytes, new threshold 1 (max 15)
 [PSYoungGen: 2755456K->10772K(2767488K)] 3834314K->1090078K(8359936K), 0.0240880 secs] [Times: user=0.12 sys=0.01, real=0.02 secs] 
2011-02-12T02:07:47.523+0000: 6556.842: [GC
Desired survivor size 27852800 bytes, new threshold 1 (max 15)
 [PSYoungGen: 2750676K->6063K(2768768K)] 3829982K->1085938K(8361216K), 0.0197180 secs] [Times: user=0.10 sys=0.01, real=0.02 secs] 
2011-02-12T02:07:52.225+0000: 6561.545: [GC
Desired survivor size 28573696 bytes, new threshold 1 (max 15)
 [PSYoungGen: 2747823K->19184K(2760960K)] 3827698K->1099634K(8353408K), 0.0315790 secs] [Times: user=0.21 sys=0.01, real=0.03 secs] 
2011-02-12T02:07:56.800+0000: 6566.120: [GC
Desired survivor size 27918336 bytes, new threshold 1 (max 15)
 [PSYoungGen: 2760944K->16134K(2768896K)] 3841394K->1097128K(8361344K), 0.0297650 secs] [Times: user=0.18 sys=0.02, real=0.03 secs] 
2011-02-12T02:08:01.665+0000: 6570.985: [GC
Desired survivor size 29032448 bytes, new threshold 1 (max 15)
 [PSYoungGen: 2757126K->20770K(2761792K)] 3838120K->1102299K(8354240K), 0.0340410 secs] [Times: user=0.23 sys=0.02, real=0.04 secs] 
2011-02-12T02:08:06.132+0000: 6575.452: [GC
Desired survivor size 28311552 bytes, new threshold 1 (max 15)
 [PSYoungGen: 2761762K->11416K(2768512K)] 3843291K->1093616K(8360960K), 0.0235850 secs] [Times: user=0.14 sys=0.02, real=0.02 secs] 
2011-02-12T02:08:10.145+0000: 6579.465: [GC
Desired survivor size 27262976 bytes, new threshold 1 (max 15)
 [PSYoungGen: 2751576K->12888K(2767808K)] 3833776K->1095647K(8360256K), 0.0270690 secs] [Times: user=0.15 sys=0.02, real=0.03 secs] 
2011-02-12T02:08:14.910+0000: 6584.230: [GC
Desired survivor size 27197440 bytes, new threshold 1 (max 15)
 [PSYoungGen: 2753048K->7904K(2769600K)] 3835807K->1091159K(8362048K), 0.0229670 secs] [Times: user=0.12 sys=0.01, real=0.03 secs] 
2011-02-12T02:08:19.627+0000: 6588.947: [GC
Desired survivor size 26542080 bytes, new threshold 1 (max 15)
 [PSYoungGen: 2750880K->9889K(2769536K)] 3834135K->1093721K(8361984K), 0.0234440 secs] [Times: user=0.14 sys=0.01, real=0.02 secs] 
2011-02-12T02:08:23.855+0000: 6593.174: [GC
Desired survivor size 25690112 bytes, new threshold 1 (max 15)
 [PSYoungGen: 2752865K->11168K(2771072K)] 3836697K->1095527K(8363520K), 0.0238410 secs] [Times: user=0.15 sys=0.00, real=0.02 secs] 
2011-02-12T02:08:28.642+0000: 6597.962: [GC
Desired survivor size 25100288 bytes, new threshold 1 (max 15)
 [PSYoungGen: 2756320K->9504K(2770240K)] 3840679K->1094255K(8362688K), 0.0226200 secs] [Times: user=0.13 sys=0.01, real=0.02 secs] 
2011-02-12T02:08:33.406+0000: 6602.726: [GC
Desired survivor size 24313856 bytes, new threshold 1 (max 15)
 [PSYoungGen: 2754656K->10371K(2772416K)] 3839407K->1095571K(8364864K), 0.0231970 secs] [Times: user=0.13 sys=0.02, real=0.02 secs] 
2011-02-12T02:08:38.304+0000: 6607.624: [GC
Desired survivor size 23527424 bytes, new threshold 1 (max 15)
 [PSYoungGen: 2758275K->10428K(2771648K)] 3843475K->1096047K(8364096K), 0.0219850 secs] [Times: user=0.14 sys=0.02, real=0.02 secs] 
2011-02-12T02:08:43.184+0000: 6612.504: [GC
Desired survivor size 23461888 bytes, new threshold 1 (max 15)
 [PSYoungGen: 2758332K->6784K(2773248K)] 3843951K->1092999K(8365696K), 0.0193540 secs] [Times: user=0.11 sys=0.02, real=0.02 secs] 
2011-02-12T02:08:47.965+0000: 6617.284: [GC
Desired survivor size 23592960 bytes, new threshold 1 (max 15)
 [PSYoungGen: 2757056K->4492K(2754816K)] 3843271K->1091140K(8347264K), 0.0170990 secs] [Times: user=0.10 sys=0.01, real=0.02 secs] 
2011-02-12T02:08:52.985+0000: 6622.305: [GC
Desired survivor size 23330816 bytes, new threshold 1 (max 15)
 [PSYoungGen: 2754764K->5408K(2773376K)] 3841412K->1092687K(8365824K), 0.0178240 secs] [Times: user=0.11 sys=0.01, real=0.02 secs] 
2011-02-12T02:08:58.016+0000: 6627.336: [GC
Desired survivor size 22478848 bytes, new threshold 1 (max 15)
 [PSYoungGen: 2755744K->8240K(2773120K)] 3843023K->1096103K(8365568K), 0.0205940 secs] [Times: user=0.12 sys=0.02, real=0.02 secs] 
2011-02-12T02:09:02.815+0000: 6632.135: [GC
Desired survivor size 22216704 bytes, new threshold 1 (max 15)
 [PSYoungGen: 2758576K->4890K(2774464K)] 3846439K->1093498K(8366912K), 0.0189340 secs] [Times: user=0.08 sys=0.02, real=0.02 secs] 
2011-02-12T02:09:07.299+0000: 6636.618: [GC
Desired survivor size 23658496 bytes, new threshold 1 (max 15)
 [PSYoungGen: 2757402K->16800K(2769344K)] 3846010K->1106082K(8361792K), 0.0305370 secs] [Times: user=0.18 sys=0.01, real=0.03 secs] 
2011-02-12T02:09:11.770+0000: 6641.090: [GC
Desired survivor size 24313856 bytes, new threshold 1 (max 15)
 [PSYoungGen: 2769312K->15488K(2771776K)] 3858594K->1105192K(8364224K), 0.0298480 secs] [Times: user=0.17 sys=0.01, real=0.03 secs] 
2011-02-12T02:09:16.555+0000: 6645.875: [GC
Desired survivor size 24510464 bytes, new threshold 1 (max 15)
 [PSYoungGen: 2764160K->14944K(2763648K)] 3853864K->1105112K(8356096K), 0.0286250 secs] [Times: user=0.17 sys=0.01, real=0.03 secs] 
2011-02-12T02:09:21.371+0000: 6650.690: [GC
Desired survivor size 24379392 bytes, new threshold 1 (max 15)
 [PSYoungGen: 2763616K->14380K(2772352K)] 3853784K->1105045K(8364800K), 0.0300520 secs] [Times: user=0.14 sys=0.01, real=0.03 secs] 
2011-02-12T02:09:26.211+0000: 6655.531: [GC
Desired survivor size 26017792 bytes, new threshold 1 (max 15)
 [PSYoungGen: 2762796K->19344K(2767808K)] 3853461K->1110581K(8360256K), 0.0320200 secs] [Times: user=0.21 sys=0.01, real=0.03 secs] 
2011-02-12T02:09:30.602+0000: 6659.922: [GC
Desired survivor size 24903680 bytes, new threshold 1 (max 15)
 [PSYoungGen: 2767760K->11424K(2771840K)] 3858997K->1103229K(8364288K), 0.0245720 secs] [Times: user=0.16 sys=0.01, real=0.02 secs] 
2011-02-12T02:09:35.285+0000: 6664.604: [GC
Desired survivor size 24772608 bytes, new threshold 1 (max 15)
 [PSYoungGen: 2757856K->5824K(2770752K)] 3849661K->1098157K(8363200K), 0.0186200 secs] [Times: user=0.11 sys=0.01, real=0.02 secs] 
2011-02-12T02:09:39.979+0000: 6669.299: [GC
Desired survivor size 27394048 bytes, new threshold 1 (max 15)
 [PSYoungGen: 2752256K->21856K(2766848K)] 3844589K->1114621K(8359296K), 0.0349600 secs] [Times: user=0.23 sys=0.01, real=0.04 secs] 
2011-02-12T02:09:44.888+0000: 6674.208: [GC
Desired survivor size 28770304 bytes, new threshold 1 (max 15)
 [PSYoungGen: 2764512K->20154K(2762816K)] 3857277K->1113383K(8355264K), 0.0326720 secs] [Times: user=0.22 sys=0.00, real=0.03 secs] 
2011-02-12T02:09:50.089+0000: 6679.408: [GC
Desired survivor size 28508160 bytes, new threshold 1 (max 15)
 [PSYoungGen: 2762810K->6432K(2768320K)] 3856039K->1100077K(8360768K), 0.0187170 secs] [Times: user=0.11 sys=0.01, real=0.02 secs] 
2011-02-12T02:09:55.105+0000: 6684.424: [GC
Desired survivor size 27656192 bytes, new threshold 1 (max 15)
 [PSYoungGen: 2746656K->8804K(2768064K)] 3840301K->1102906K(8360512K), 0.0220960 secs] [Times: user=0.11 sys=0.01, real=0.02 secs] 
2011-02-12T02:10:00.245+0000: 6689.565: [GC
Desired survivor size 29163520 bytes, new threshold 1 (max 15)
 [PSYoungGen: 2749028K->20322K(2766208K)] 3843130K->1115315K(8358656K), 0.0339690 secs] [Times: user=0.23 sys=0.01, real=0.03 secs] 
2011-02-12T02:10:04.560+0000: 6693.879: [GC
Desired survivor size 27918336 bytes, new threshold 1 (max 15)
 [PSYoungGen: 2759522K->11393K(2767680K)] 3854515K->1107213K(8360128K), 0.0250460 secs] [Times: user=0.13 sys=0.02, real=0.03 secs] 
2011-02-12T02:10:09.129+0000: 6698.448: [GC
Desired survivor size 29884416 bytes, new threshold 1 (max 15)
 [PSYoungGen: 2750593K->22080K(2765056K)] 3846413K->1118519K(8357504K), 0.0355990 secs] [Times: user=0.23 sys=0.01, real=0.04 secs] 
2011-02-12T02:10:14.034+0000: 6703.354: [GC
Desired survivor size 30670848 bytes, new threshold 1 (max 15)
 [PSYoungGen: 2759872K->20080K(2757888K)] 3856311K->1116904K(8350336K), 0.0328950 secs] [Times: user=0.22 sys=0.01, real=0.04 secs] 
2011-02-12T02:10:18.680+0000: 6708.000: [GC
Desired survivor size 29687808 bytes, new threshold 1 (max 15)
 [PSYoungGen: 2757872K->16030K(2767168K)] 3854696K->1113262K(8359616K), 0.0282710 secs] [Times: user=0.19 sys=0.02, real=0.03 secs] 
2011-02-12T02:10:23.159+0000: 6712.479: [GC
Desired survivor size 29491200 bytes, new threshold 1 (max 15)
 [PSYoungGen: 2753246K->7200K(2766208K)] 3850478K->1105020K(8358656K), 0.0193440 secs] [Times: user=0.12 sys=0.01, real=0.02 secs] 
2011-02-12T02:10:28.000+0000: 6717.320: [GC
Desired survivor size 29425664 bytes, new threshold 1 (max 15)
 [PSYoungGen: 2744416K->5568K(2767424K)] 3842236K->1103764K(8359872K), 0.0178940 secs] [Times: user=0.10 sys=0.01, real=0.02 secs] 
2011-02-12T02:10:32.865+0000: 6722.185: [GC
Desired survivor size 28966912 bytes, new threshold 1 (max 15)
 [PSYoungGen: 2744192K->6496K(2767360K)] 3842388K->1105164K(8359808K), 0.0184140 secs] [Times: user=0.11 sys=0.01, real=0.02 secs] 
2011-02-12T02:10:37.588+0000: 6726.908: [GC
Desired survivor size 30277632 bytes, new threshold 1 (max 15)
 [PSYoungGen: 2745120K->20114K(2765312K)] 3843788K->1119374K(8357760K), 0.0348600 secs] [Times: user=0.23 sys=0.01, real=0.04 secs] 
2011-02-12T02:10:42.296+0000: 6731.616: [GC
Desired survivor size 29425664 bytes, new threshold 1 (max 15)
 [PSYoungGen: 2757138K->15392K(2766592K)] 3856398K->1115153K(8359040K), 0.0296070 secs] [Times: user=0.19 sys=0.02, real=0.03 secs] 
2011-02-12T02:10:46.961+0000: 6736.281: [GC
Desired survivor size 27918336 bytes, new threshold 1 (max 15)
 [PSYoungGen: 2752416K->13024K(2768896K)] 3852177K->1113273K(8361344K), 0.0260630 secs] [Times: user=0.16 sys=0.01, real=0.02 secs] 
2011-02-12T02:10:51.812+0000: 6741.132: [GC
Desired survivor size 29097984 bytes, new threshold 1 (max 15)
 [PSYoungGen: 2753184K->20192K(2767424K)] 3853433K->1120857K(8359872K), 0.0341960 secs] [Times: user=0.22 sys=0.01, real=0.03 secs] 
2011-02-12T02:10:56.394+0000: 6745.714: [GC
Desired survivor size 28901376 bytes, new threshold 1 (max 15)
 [PSYoungGen: 2760352K->17392K(2767936K)] 3861017K->1118593K(8360384K), 0.0317790 secs] [Times: user=0.19 sys=0.02, real=0.03 secs] 
2011-02-12T02:11:00.990+0000: 6750.309: [GC
Desired survivor size 28508160 bytes, new threshold 1 (max 15)
 [PSYoungGen: 2756912K->8338K(2767744K)] 3858113K->1110163K(8360192K), 0.0220240 secs] [Times: user=0.12 sys=0.02, real=0.03 secs] 
2011-02-12T02:11:05.130+0000: 6754.450: [GC
Desired survivor size 27262976 bytes, new threshold 1 (max 15)
 [PSYoungGen: 2747858K->12824K(2769536K)] 3849683K->1115324K(8361984K), 0.0262520 secs] [Times: user=0.15 sys=0.02, real=0.03 secs] 
2011-02-12T02:11:09.296+0000: 6758.616: [GC
Desired survivor size 26869760 bytes, new threshold 1 (max 15)
 [PSYoungGen: 2754520K->16128K(2768320K)] 3857020K->1119260K(8360768K), 0.0291090 secs] [Times: user=0.19 sys=0.01, real=0.03 secs] 
2011-02-12T02:11:13.304+0000: 6762.624: [GC
Desired survivor size 28639232 bytes, new threshold 1 (max 15)
 [PSYoungGen: 2757824K->21915K(2766464K)] 3860956K->1125626K(8358912K), 0.0346120 secs] [Times: user=0.24 sys=0.00, real=0.03 secs] 
2011-02-12T02:11:17.618+0000: 6766.937: [GC
Desired survivor size 29622272 bytes, new threshold 1 (max 15)
 [PSYoungGen: 2762139K->20864K(2761152K)] 3865850K->1124918K(8353600K), 0.0336480 secs] [Times: user=0.22 sys=0.01, real=0.03 secs] 
2011-02-12T02:11:22.269+0000: 6771.589: [GC
Desired survivor size 29425664 bytes, new threshold 1 (max 15)
 [PSYoungGen: 2761088K->8336K(2767424K)] 3865142K->1112914K(8359872K), 0.0204750 secs] [Times: user=0.12 sys=0.00, real=0.02 secs] 
2011-02-12T02:11:26.619+0000: 6775.939: [GC
Desired survivor size 28246016 bytes, new threshold 1 (max 15)
 [PSYoungGen: 2746832K->13329K(2767232K)] 3851410K->1118308K(8359680K), 0.0268820 secs] [Times: user=0.16 sys=0.01, real=0.03 secs] 
2011-02-12T02:11:30.476+0000: 6779.796: [GC
Desired survivor size 27131904 bytes, new threshold 1 (max 15)
 [PSYoungGen: 2751825K->15168K(2769664K)] 3856804K->1120554K(8362112K), 0.0283010 secs] [Times: user=0.18 sys=0.01, real=0.02 secs] 
2011-02-12T02:11:34.523+0000: 6783.843: [GC
Desired survivor size 27787264 bytes, new threshold 1 (max 15)
 [PSYoungGen: 2757248K->19553K(2768576K)] 3862634K->1125275K(8361024K), 0.0352710 secs] [Times: user=0.17 sys=0.01, real=0.04 secs] 
2011-02-12T02:11:38.777+0000: 6788.097: [GC
Desired survivor size 29163520 bytes, new threshold 1 (max 15)
 [PSYoungGen: 2761633K->21891K(2766336K)] 3867355K->1128078K(8358784K), 0.0358320 secs] [Times: user=0.21 sys=0.01, real=0.03 secs] 
2011-02-12T02:11:43.523+0000: 6792.843: [GC
Desired survivor size 27983872 bytes, new threshold 1 (max 15)
 [PSYoungGen: 2761091K->16000K(2767680K)] 3867278K->1122678K(8360128K), 0.0285070 secs] [Times: user=0.19 sys=0.01, real=0.03 secs] 
2011-02-12T02:11:48.411+0000: 6797.731: [GC
Desired survivor size 28377088 bytes, new threshold 1 (max 15)
 [PSYoungGen: 2755200K->20000K(2768064K)] 3861878K->1127086K(8360512K), 0.0329390 secs] [Times: user=0.22 sys=0.01, real=0.03 secs] 
2011-02-12T02:11:53.556+0000: 6802.875: [GC
Desired survivor size 28966912 bytes, new threshold 1 (max 15)
 [PSYoungGen: 2760736K->6192K(2746944K)] 3867822K->1113750K(8339392K), 0.0197580 secs] [Times: user=0.09 sys=0.01, real=0.02 secs] 
2011-02-12T02:11:58.499+0000: 6807.818: [GC
Desired survivor size 29163520 bytes, new threshold 1 (max 15)
 [PSYoungGen: 2746928K->6181K(2767488K)] 3854486K->1114368K(8359936K), 0.0196140 secs] [Times: user=0.10 sys=0.01, real=0.02 secs] 
2011-02-12T02:12:02.995+0000: 6812.314: [GC
Desired survivor size 30015488 bytes, new threshold 1 (max 15)
 [PSYoungGen: 2745381K->20378K(2759616K)] 3853568K->1129348K(8352064K), 0.0338670 secs] [Times: user=0.21 sys=0.02, real=0.03 secs] 
2011-02-12T02:12:07.519+0000: 6816.838: [GC
Desired survivor size 29360128 bytes, new threshold 1 (max 15)
 [PSYoungGen: 2759578K->10464K(2767488K)] 3868548K->1120108K(8359936K), 0.0249820 secs] [Times: user=0.12 sys=0.02, real=0.03 secs] 
2011-02-12T02:12:12.243+0000: 6821.563: [GC
Desired survivor size 29229056 bytes, new threshold 1 (max 15)
 [PSYoungGen: 2748640K->6556K(2766848K)] 3858284K->1116649K(8359296K), 0.0201220 secs] [Times: user=0.10 sys=0.01, real=0.02 secs] 
2011-02-12T02:12:17.085+0000: 6826.405: [GC
Desired survivor size 29097984 bytes, new threshold 1 (max 15)
 [PSYoungGen: 2744732K->17344K(2767744K)] 3854825K->1128065K(8360192K), 0.0303490 secs] [Times: user=0.20 sys=0.01, real=0.03 secs] 
2011-02-12T02:12:21.452+0000: 6830.771: [GC
Desired survivor size 28114944 bytes, new threshold 1 (max 15)
 [PSYoungGen: 2756544K->15168K(2767616K)] 3867265K->1126401K(8360064K), 0.0281100 secs] [Times: user=0.16 sys=0.01, real=0.02 secs] 
2011-02-12T02:12:26.229+0000: 6835.549: [GC
Desired survivor size 29687808 bytes, new threshold 1 (max 15)
 [PSYoungGen: 2754368K->22016K(2765632K)] 3865601K->1133721K(8358080K), 0.0368920 secs] [Times: user=0.23 sys=0.02, real=0.04 secs] 
2011-02-12T02:12:30.974+0000: 6840.294: [GC
Desired survivor size 30015488 bytes, new threshold 1 (max 15)
 [PSYoungGen: 2760192K->19464K(2757696K)] 3871897K->1131577K(8350144K), 0.0346160 secs] [Times: user=0.20 sys=0.00, real=0.03 secs] 
2011-02-12T02:12:35.736+0000: 6845.056: [GC
Desired survivor size 28901376 bytes, new threshold 1 (max 15)
 [PSYoungGen: 2757640K->13548K(2767936K)] 3869753K->1126125K(8360384K), 0.0326590 secs] [Times: user=0.14 sys=0.01, real=0.03 secs] 
2011-02-12T02:12:40.013+0000: 6849.333: [GC
Desired survivor size 29163520 bytes, new threshold 1 (max 15)
 [PSYoungGen: 2752172K->6016K(2766848K)] 3864749K->1119229K(8359296K), 0.0194350 secs] [Times: user=0.11 sys=0.01, real=0.02 secs] 
2011-02-12T02:12:44.182+0000: 6853.502: [GC
Desired survivor size 28508160 bytes, new threshold 1 (max 15)
 [PSYoungGen: 2744640K->9728K(2768320K)] 3857853K->1123301K(8360768K), 0.0228210 secs] [Times: user=0.13 sys=0.02, real=0.03 secs] 
2011-02-12T02:12:48.327+0000: 6857.647: [GC
Desired survivor size 27131904 bytes, new threshold 1 (max 15)
 [PSYoungGen: 2749568K->13664K(2767680K)] 3863141K->1127677K(8360128K), 0.0264960 secs] [Times: user=0.15 sys=0.01, real=0.03 secs] 
2011-02-12T02:12:53.063+0000: 6862.383: [GC
Desired survivor size 26738688 bytes, new threshold 1 (max 15)
 [PSYoungGen: 2753504K->16208K(2770048K)] 3867517K->1130677K(8362496K), 0.0312990 secs] [Times: user=0.20 sys=0.01, real=0.04 secs] 
2011-02-12T02:12:57.967+0000: 6867.287: [GC
Desired survivor size 25886720 bytes, new threshold 1 (max 15)
 [PSYoungGen: 2759760K->11836K(2769664K)] 3874229K->1126986K(8362112K), 0.0289110 secs] [Times: user=0.17 sys=0.02, real=0.03 secs] 
2011-02-12T02:13:02.850+0000: 6872.169: [GC
Desired survivor size 25427968 bytes, new threshold 1 (max 15)
 [PSYoungGen: 2755388K->9626K(2771328K)] 3870538K->1125804K(8363776K), 0.0235310 secs] [Times: user=0.15 sys=0.01, real=0.02 secs] 
2011-02-12T02:13:07.468+0000: 6876.788: [GC
Desired survivor size 26542080 bytes, new threshold 1 (max 15)
 [PSYoungGen: 2755674K->19456K(2765504K)] 3871852K->1136428K(8357952K), 0.0335010 secs] [Times: user=0.22 sys=0.01, real=0.03 secs] 
2011-02-12T02:13:12.417+0000: 6881.736: [GC
Desired survivor size 27131904 bytes, new threshold 1 (max 15)
 [PSYoungGen: 2765504K->18700K(2769088K)] 3882476K->1136152K(8361536K), 0.0343430 secs] [Times: user=0.20 sys=0.00, real=0.04 secs] 
2011-02-12T02:13:17.219+0000: 6886.538: [GC
Desired survivor size 27394048 bytes, new threshold 1 (max 15)
 [PSYoungGen: 2761868K->18432K(2761600K)] 3879320K->1136376K(8354048K), 0.0322130 secs] [Times: user=0.18 sys=0.02, real=0.03 secs] 
2011-02-12T02:13:21.984+0000: 6891.303: [GC
Desired survivor size 27000832 bytes, new threshold 1 (max 15)
 [PSYoungGen: 2761600K->17080K(2769792K)] 3879544K->1135497K(8362240K), 0.0302980 secs] [Times: user=0.18 sys=0.01, real=0.03 secs] 
2011-02-12T02:13:27.271+0000: 6896.591: [GC
Desired survivor size 28246016 bytes, new threshold 1 (max 15)
 [PSYoungGen: 2760120K->21472K(2764544K)] 3878537K->1140529K(8356992K), 0.0343700 secs] [Times: user=0.23 sys=0.01, real=0.03 secs] 
2011-02-12T02:13:32.189+0000: 6901.508: [GC
Desired survivor size 27262976 bytes, new threshold 1 (max 15)
 [PSYoungGen: 2764512K->14700K(2769536K)] 3883569K->1134324K(8361984K), 0.0274630 secs] [Times: user=0.17 sys=0.02, real=0.03 secs] 
2011-02-12T02:13:36.907+0000: 6906.227: [GC
Desired survivor size 26935296 bytes, new threshold 1 (max 15)
 [PSYoungGen: 2756652K->10912K(2768576K)] 3876276K->1131108K(8361024K), 0.0249360 secs] [Times: user=0.15 sys=0.02, real=0.03 secs] 
2011-02-12T02:13:41.433+0000: 6910.753: [GC
Desired survivor size 28704768 bytes, new threshold 1 (max 15)
 [PSYoungGen: 2752864K->22786K(2766400K)] 3873060K->1143502K(8358848K), 0.0376240 secs] [Times: user=0.25 sys=0.01, real=0.03 secs] 
2011-02-12T02:13:46.140+0000: 6915.459: [GC
Desired survivor size 29294592 bytes, new threshold 1 (max 15)
 [PSYoungGen: 2762882K->5248K(2745344K)] 3883598K->1126559K(8337792K), 0.0211320 secs] [Times: user=0.11 sys=0.01, real=0.03 secs] 
2011-02-12T02:13:51.166+0000: 6920.486: [GC
Desired survivor size 29425664 bytes, new threshold 1 (max 15)
 [PSYoungGen: 2745344K->6096K(2767296K)] 3866655K->1127839K(8359744K), 0.0194990 secs] [Times: user=0.11 sys=0.01, real=0.02 secs] 
2011-02-12T02:13:56.030+0000: 6925.350: [GC
Desired survivor size 28311552 bytes, new threshold 1 (max 15)
 [PSYoungGen: 2744784K->14992K(2767424K)] 3866527K->1137287K(8359872K), 0.0277710 secs] [Times: user=0.17 sys=0.01, real=0.03 secs] 
2011-02-12T02:14:00.823+0000: 6930.142: [GC
Desired survivor size 27525120 bytes, new threshold 1 (max 15)
 [PSYoungGen: 2753680K->10594K(2769280K)] 3875975K->1133633K(8361728K), 0.0246710 secs] [Times: user=0.14 sys=0.02, real=0.02 secs] 
2011-02-12T02:14:04.782+0000: 6934.101: [GC
Desired survivor size 26935296 bytes, new threshold 1 (max 15)
 [PSYoungGen: 2752226K->15736K(2768512K)] 3875265K->1139545K(8360960K), 0.0316000 secs] [Times: user=0.18 sys=0.01, real=0.04 secs] 
2011-02-12T02:14:08.928+0000: 6938.248: [GC
Desired survivor size 27394048 bytes, new threshold 1 (max 15)
 [PSYoungGen: 2757368K->18368K(2768960K)] 3881177K->1142657K(8361408K), 0.0321920 secs] [Times: user=0.21 sys=0.01, real=0.03 secs] 
2011-02-12T02:14:13.391+0000: 6942.711: [GC
Desired survivor size 27459584 bytes, new threshold 1 (max 15)
 [PSYoungGen: 2761024K->6540K(2749248K)] 3885313K->1131350K(8341696K), 0.0196450 secs] [Times: user=0.10 sys=0.02, real=0.02 secs] 
2011-02-12T02:14:17.993+0000: 6947.313: [GC
Desired survivor size 28377088 bytes, new threshold 1 (max 15)
 [PSYoungGen: 2749196K->19488K(2767552K)] 3874006K->1144870K(8360000K), 0.0335650 secs] [Times: user=0.23 sys=0.01, real=0.04 secs] 
2011-02-12T02:14:22.772+0000: 6952.091: [GC
Desired survivor size 28246016 bytes, new threshold 1 (max 15)
 [PSYoungGen: 2760224K->17580K(2768448K)] 3885606K->1143338K(8360896K), 0.0320340 secs] [Times: user=0.18 sys=0.01, real=0.03 secs] 
2011-02-12T02:14:27.554+0000: 6956.874: [GC
Desired survivor size 27918336 bytes, new threshold 1 (max 15)
 [PSYoungGen: 2758316K->17088K(2768896K)] 3884074K->1143346K(8361344K), 0.0322650 secs] [Times: user=0.19 sys=0.02, real=0.04 secs] 
2011-02-12T02:14:32.055+0000: 6961.374: [GC
Desired survivor size 26804224 bytes, new threshold 1 (max 15)
 [PSYoungGen: 2758400K->13620K(2768576K)] 3884658K->1140271K(8361024K), 0.0278700 secs] [Times: user=0.16 sys=0.02, real=0.03 secs] 
2011-02-12T02:14:36.354+0000: 6965.673: [GC
Desired survivor size 28377088 bytes, new threshold 1 (max 15)
 [PSYoungGen: 2754932K->21896K(2766912K)] 3881583K->1149101K(8359360K), 0.0348390 secs] [Times: user=0.24 sys=0.01, real=0.04 secs] 
2011-02-12T02:14:40.834+0000: 6970.154: [GC
Desired survivor size 27131904 bytes, new threshold 1 (max 15)
 [PSYoungGen: 2762632K->15428K(2768448K)] 3889837K->1143105K(8360896K), 0.0284520 secs] [Times: user=0.19 sys=0.01, real=0.03 secs] 
2011-02-12T02:14:45.010+0000: 6974.329: [GC
Desired survivor size 26411008 bytes, new threshold 1 (max 15)
 [PSYoungGen: 2756164K->16534K(2770368K)] 3883841K->1144773K(8362816K), 0.0313370 secs] [Times: user=0.18 sys=0.01, real=0.03 secs] 
2011-02-12T02:14:49.966+0000: 6979.286: [GC
Desired survivor size 25493504 bytes, new threshold 1 (max 15)
 [PSYoungGen: 2760406K->14944K(2769664K)] 3888645K->1143764K(8362112K), 0.0275370 secs] [Times: user=0.18 sys=0.02, real=0.03 secs] 
2011-02-12T02:14:54.978+0000: 6984.298: [GC
Desired survivor size 25690112 bytes, new threshold 1 (max 15)
 [PSYoungGen: 2758816K->18576K(2770880K)] 3887636K->1147868K(8363328K), 0.0323570 secs] [Times: user=0.21 sys=0.02, real=0.04 secs] 
2011-02-12T02:14:59.714+0000: 6989.034: [GC
Desired survivor size 25231360 bytes, new threshold 1 (max 15)
 [PSYoungGen: 2764560K->17072K(2771072K)] 3893852K->1146892K(8363520K), 0.0313670 secs] [Times: user=0.19 sys=0.01, real=0.03 secs] 
2011-02-12T02:15:03.834+0000: 6993.153: [GC
Desired survivor size 26017792 bytes, new threshold 1 (max 15)
 [PSYoungGen: 2763056K->6517K(2769984K)] 3892876K->1136946K(8362432K), 0.0207180 secs] [Times: user=0.10 sys=0.01, real=0.02 secs] 
2011-02-12T02:15:08.265+0000: 6997.585: [GC
Desired survivor size 24969216 bytes, new threshold 1 (max 15)
 [PSYoungGen: 2751861K->14688K(2770752K)] 3882290K->1145882K(8363200K), 0.0300860 secs] [Times: user=0.15 sys=0.01, real=0.03 secs] 
2011-02-12T02:15:12.965+0000: 7002.284: [GC
Desired survivor size 24772608 bytes, new threshold 1 (max 15)
 [PSYoungGen: 2760032K->10528K(2771968K)] 3891226K->1142234K(8364416K), 0.0237460 secs] [Times: user=0.15 sys=0.01, real=0.02 secs] 
2011-02-12T02:15:17.565+0000: 7006.885: [GC
Desired survivor size 27721728 bytes, new threshold 1 (max 15)
 [PSYoungGen: 2758112K->24189K(2771776K)] 3889818K->1156512K(8364224K), 0.0383310 secs] [Times: user=0.23 sys=0.01, real=0.04 secs] 
2011-02-12T02:15:22.070+0000: 7011.389: [GC
Desired survivor size 28114944 bytes, new threshold 1 (max 15)
 [PSYoungGen: 2771773K->19712K(2765632K)] 3904096K->1152506K(8358080K), 0.0325120 secs] [Times: user=0.22 sys=0.01, real=0.03 secs] 
2011-02-12T02:15:26.474+0000: 7015.793: [GC
Desired survivor size 28114944 bytes, new threshold 1 (max 15)
 [PSYoungGen: 2760960K->9264K(2768704K)] 3893754K->1142458K(8361152K), 0.0221360 secs] [Times: user=0.13 sys=0.02, real=0.02 secs] 
2011-02-12T02:15:31.081+0000: 7020.401: [GC
Desired survivor size 28180480 bytes, new threshold 1 (max 15)
 [PSYoungGen: 2750512K->7680K(2768576K)] 3883706K->1141322K(8361024K), 0.0212760 secs] [Times: user=0.11 sys=0.01, real=0.02 secs] 
2011-02-12T02:15:35.531+0000: 7024.851: [GC
Desired survivor size 27459584 bytes, new threshold 1 (max 15)
 [PSYoungGen: 2748800K->16219K(2768640K)] 3882442K->1150277K(8361088K), 0.0287460 secs] [Times: user=0.18 sys=0.00, real=0.03 secs] 
2011-02-12T02:15:39.822+0000: 7029.141: [GC
Desired survivor size 29491200 bytes, new threshold 1 (max 15)
 [PSYoungGen: 2757339K->23200K(2765376K)] 3891397K->1157770K(8357824K), 0.0368200 secs] [Times: user=0.24 sys=0.03, real=0.04 secs] 
2011-02-12T02:15:44.332+0000: 7033.652: [GC
Desired survivor size 29360128 bytes, new threshold 1 (max 15)
 [PSYoungGen: 2761760K->8220K(2767360K)] 3896330K->1143264K(8359808K), 0.0214530 secs] [Times: user=0.13 sys=0.02, real=0.02 secs] 
2011-02-12T02:15:48.837+0000: 7038.157: [GC
Desired survivor size 29097984 bytes, new threshold 1 (max 15)
 [PSYoungGen: 2746780K->17728K(2767744K)] 3881824K->1153488K(8360192K), 0.0307950 secs] [Times: user=0.21 sys=0.01, real=0.03 secs] 
2011-02-12T02:15:53.606+0000: 7042.926: [GC
Desired survivor size 27787264 bytes, new threshold 1 (max 15)
 [PSYoungGen: 2756800K->14576K(2767488K)] 3892560K->1150856K(8359936K), 0.0281320 secs] [Times: user=0.16 sys=0.01, real=0.03 secs] 
2011-02-12T02:15:58.021+0000: 7047.340: [GC
Desired survivor size 30146560 bytes, new threshold 1 (max 15)
 [PSYoungGen: 2753648K->24437K(2764416K)] 3889928K->1161318K(8356864K), 0.0372990 secs] [Times: user=0.25 sys=0.01, real=0.04 secs] 
2011-02-12T02:16:02.574+0000: 7051.893: [GC
Desired survivor size 30081024 bytes, new threshold 1 (max 15)
 [PSYoungGen: 2761717K->19482K(2766720K)] 3898598K->1157039K(8359168K), 0.0342970 secs] [Times: user=0.21 sys=0.02, real=0.04 secs] 
2011-02-12T02:16:06.871+0000: 7056.190: [GC
Desired survivor size 29949952 bytes, new threshold 1 (max 15)
 [PSYoungGen: 2756762K->9408K(2766912K)] 3894319K->1147791K(8359360K), 0.0234720 secs] [Times: user=0.14 sys=0.02, real=0.02 secs] 
2011-02-12T02:16:11.062+0000: 7060.382: [GC
Desired survivor size 30801920 bytes, new threshold 1 (max 15)
 [PSYoungGen: 2746944K->21510K(2759104K)] 3885327K->1160301K(8351552K), 0.0353490 secs] [Times: user=0.22 sys=0.02, real=0.03 secs] 
2011-02-12T02:16:15.717+0000: 7065.036: [GC
Desired survivor size 30343168 bytes, new threshold 1 (max 15)
 [PSYoungGen: 2759046K->10619K(2766528K)] 3897837K->1150365K(8358976K), 0.0236930 secs] [Times: user=0.15 sys=0.01, real=0.03 secs] 
2011-02-12T02:16:20.245+0000: 7069.565: [GC
Desired survivor size 31260672 bytes, new threshold 1 (max 15)
 [PSYoungGen: 2747067K->21904K(2758400K)] 3886813K->1162213K(8350848K), 0.0347990 secs] [Times: user=0.23 sys=0.02, real=0.04 secs] 
2011-02-12T02:16:24.648+0000: 7073.967: [GC
Desired survivor size 30867456 bytes, new threshold 1 (max 15)
 [PSYoungGen: 2758352K->10307K(2766016K)] 3898661K->1151089K(8358464K), 0.0236390 secs] [Times: user=0.15 sys=0.02, real=0.03 secs] 
2011-02-12T02:16:28.867+0000: 7078.186: [GC
Desired survivor size 29556736 bytes, new threshold 1 (max 15)
 [PSYoungGen: 2745795K->16064K(2765632K)] 3886577K->1157353K(8358080K), 0.0298950 secs] [Times: user=0.17 sys=0.01, real=0.03 secs] 
2011-02-12T02:16:33.197+0000: 7082.517: [GC
Desired survivor size 30212096 bytes, new threshold 1 (max 15)
 [PSYoungGen: 2751552K->21056K(2766016K)] 3892841K->1162877K(8358464K), 0.0334320 secs] [Times: user=0.23 sys=0.01, real=0.03 secs] 
2011-02-12T02:16:37.590+0000: 7086.910: [GC
Desired survivor size 29622272 bytes, new threshold 1 (max 15)
 [PSYoungGen: 2758208K->11840K(2766656K)] 3900029K->1154061K(8359104K), 0.0243250 secs] [Times: user=0.15 sys=0.02, real=0.03 secs] 
2011-02-12T02:16:42.145+0000: 7091.465: [GC
Desired survivor size 29818880 bytes, new threshold 1 (max 15)
 [PSYoungGen: 2748992K->6944K(2766848K)] 3891213K->1149584K(8359296K), 0.0204330 secs] [Times: user=0.10 sys=0.01, real=0.02 secs] 
2011-02-12T02:16:46.853+0000: 7096.173: [GC
Desired survivor size 30408704 bytes, new threshold 1 (max 15)
 [PSYoungGen: 2744864K->20352K(2758272K)] 3887504K->1163496K(8350720K), 0.0345680 secs] [Times: user=0.21 sys=0.01, real=0.04 secs] 
2011-02-12T02:16:51.743+0000: 7101.063: [GC
Desired survivor size 30408704 bytes, new threshold 1 (max 15)
 [PSYoungGen: 2758272K->19152K(2766464K)] 3901416K->1162824K(8358912K), 0.0337060 secs] [Times: user=0.21 sys=0.02, real=0.03 secs] 
2011-02-12T02:16:56.386+0000: 7105.706: [GC
Desired survivor size 29163520 bytes, new threshold 1 (max 15)
 [PSYoungGen: 2755920K->16321K(2766464K)] 3899592K->1160622K(8358912K), 0.0302100 secs] [Times: user=0.19 sys=0.01, real=0.03 secs] 
2011-02-12T02:17:01.345+0000: 7110.665: [GC
Desired survivor size 28704768 bytes, new threshold 1 (max 15)
 [PSYoungGen: 2753089K->11106K(2768128K)] 3897390K->1156054K(8360576K), 0.0246310 secs] [Times: user=0.15 sys=0.02, real=0.02 secs] 
2011-02-12T02:17:05.688+0000: 7115.007: [GC
Desired survivor size 31457280 bytes, new threshold 1 (max 15)
 [PSYoungGen: 2750754K->26034K(2765696K)] 3895702K->1171777K(8358144K), 0.0402100 secs] [Times: user=0.28 sys=0.02, real=0.04 secs] 
2011-02-12T02:17:10.080+0000: 7119.399: [GC
Desired survivor size 30998528 bytes, new threshold 1 (max 15)
 [PSYoungGen: 2765682K->10496K(2765888K)] 3911425K->1156686K(8358336K), 0.0241690 secs] [Times: user=0.13 sys=0.01, real=0.02 secs] 
2011-02-12T02:17:14.409+0000: 7123.729: [GC
Desired survivor size 31784960 bytes, new threshold 1 (max 15)
 [PSYoungGen: 2745920K->21804K(2757248K)] 3892110K->1168507K(8349696K), 0.0353620 secs] [Times: user=0.23 sys=0.01, real=0.03 secs] 
2011-02-12T02:17:18.849+0000: 7128.169: [GC
Desired survivor size 31522816 bytes, new threshold 1 (max 15)
 [PSYoungGen: 2757228K->9408K(2765376K)] 3903931K->1156547K(8357824K), 0.0215780 secs] [Times: user=0.13 sys=0.01, real=0.02 secs] 
2011-02-12T02:17:23.157+0000: 7132.476: [GC
Desired survivor size 31850496 bytes, new threshold 1 (max 15)
 [PSYoungGen: 2743744K->20608K(2754944K)] 3890883K->1168195K(8347392K), 0.0363850 secs] [Times: user=0.21 sys=0.02, real=0.04 secs] 
2011-02-12T02:17:27.884+0000: 7137.203: [GC
Desired survivor size 30670848 bytes, new threshold 1 (max 15)
 [PSYoungGen: 2754944K->14112K(2766208K)] 3902531K->1162211K(8358656K), 0.0278480 secs] [Times: user=0.16 sys=0.02, real=0.03 secs] 
2011-02-12T02:17:32.754+0000: 7142.074: [GC
Desired survivor size 30015488 bytes, new threshold 1 (max 15)
 [PSYoungGen: 2749216K->11840K(2765056K)] 3897315K->1160403K(8357504K), 0.0242250 secs] [Times: user=0.15 sys=0.02, real=0.02 secs] 
2011-02-12T02:17:37.456+0000: 7146.776: [GC
Desired survivor size 30081024 bytes, new threshold 1 (max 15)
 [PSYoungGen: 2746944K->7264K(2766720K)] 3895507K->1156395K(8359168K), 0.0202660 secs] [Times: user=0.12 sys=0.00, real=0.02 secs] 
2011-02-12T02:17:41.941+0000: 7151.260: [GC
Desired survivor size 30801920 bytes, new threshold 1 (max 15)
 [PSYoungGen: 2744672K->20652K(2758080K)] 3893803K->1170287K(8350528K), 0.0342440 secs] [Times: user=0.23 sys=0.01, real=0.03 secs] 
2011-02-12T02:17:46.699+0000: 7156.019: [GC
Desired survivor size 29425664 bytes, new threshold 1 (max 15)
 [PSYoungGen: 2758060K->14656K(2767424K)] 3907695K->1164763K(8359872K), 0.0283190 secs] [Times: user=0.17 sys=0.02, real=0.03 secs] 
2011-02-12T02:17:51.331+0000: 7160.651: [GC
Desired survivor size 29097984 bytes, new threshold 1 (max 15)
 [PSYoungGen: 2752000K->9088K(2766080K)] 3902107K->1159651K(8358528K), 0.0223210 secs] [Times: user=0.13 sys=0.01, real=0.02 secs] 
2011-02-12T02:17:55.465+0000: 7164.785: [GC
Desired survivor size 27721728 bytes, new threshold 1 (max 15)
 [PSYoungGen: 2746432K->14563K(2769088K)] 3896995K->1165606K(8361536K), 0.0279120 secs] [Times: user=0.16 sys=0.02, real=0.03 secs] 
2011-02-12T02:17:59.357+0000: 7168.676: [GC
Desired survivor size 28573696 bytes, new threshold 1 (max 15)
 [PSYoungGen: 2755235K->20280K(2767744K)] 3906278K->1172060K(8360192K), 0.0343620 secs] [Times: user=0.21 sys=0.01, real=0.03 secs] 
2011-02-12T02:18:03.371+0000: 7172.690: [GC
Desired survivor size 28508160 bytes, new threshold 1 (max 15)
 [PSYoungGen: 2760952K->18445K(2768320K)] 3912732K->1170773K(8360768K), 0.0335850 secs] [Times: user=0.19 sys=0.02, real=0.04 secs] 
2011-02-12T02:18:07.056+0000: 7176.376: [GC
Desired survivor size 27787264 bytes, new threshold 1 (max 15)
 [PSYoungGen: 2758861K->12408K(2768256K)] 3911189K->1165874K(8360704K), 0.0262330 secs] [Times: user=0.15 sys=0.01, real=0.02 secs] 
2011-02-12T02:18:10.832+0000: 7180.151: [GC
Desired survivor size 27918336 bytes, new threshold 1 (max 15)
 [PSYoungGen: 2752824K->7488K(2768768K)] 3906290K->1161465K(8361216K), 0.0232610 secs] [Times: user=0.11 sys=0.01, real=0.03 secs] 
2011-02-12T02:18:14.592+0000: 7183.912: [GC
Desired survivor size 28311552 bytes, new threshold 1 (max 15)
 [PSYoungGen: 2749120K->4620K(2746304K)] 3903097K->1159054K(8338752K), 0.0186800 secs] [Times: user=0.10 sys=0.01, real=0.02 secs] 
2011-02-12T02:18:18.245+0000: 7187.564: [GC
Desired survivor size 29753344 bytes, new threshold 1 (max 15)
 [PSYoungGen: 2746252K->21120K(2765696K)] 3900686K->1176078K(8358144K), 0.0350680 secs] [Times: user=0.22 sys=0.01, real=0.04 secs] 
2011-02-12T02:18:22.062+0000: 7191.382: [GC
Desired survivor size 28835840 bytes, new threshold 1 (max 15)
 [PSYoungGen: 2759168K->15664K(2767104K)] 3914126K->1170966K(8359552K), 0.0305600 secs] [Times: user=0.17 sys=0.00, real=0.03 secs] 
2011-02-12T02:18:26.143+0000: 7195.463: [GC
Desired survivor size 28573696 bytes, new threshold 1 (max 15)
 [PSYoungGen: 2753712K->17504K(2768256K)] 3909014K->1173229K(8360704K), 0.0310150 secs] [Times: user=0.19 sys=0.01, real=0.03 secs] 
2011-02-12T02:18:30.446+0000: 7199.766: [GC
Desired survivor size 28377088 bytes, new threshold 1 (max 15)
 [PSYoungGen: 2757600K->8156K(2768000K)] 3913325K->1164194K(8360448K), 0.0205970 secs] [Times: user=0.12 sys=0.01, real=0.02 secs] 
2011-02-12T02:18:34.673+0000: 7203.993: [GC
Desired survivor size 27852800 bytes, new threshold 1 (max 15)
 [PSYoungGen: 2748252K->16332K(2768960K)] 3904290K->1172822K(8361408K), 0.0294250 secs] [Times: user=0.19 sys=0.01, real=0.03 secs] 
2011-02-12T02:18:39.447+0000: 7208.767: [GC
Desired survivor size 26935296 bytes, new threshold 1 (max 15)
 [PSYoungGen: 2757580K->12000K(2768448K)] 3914070K->1169070K(8360896K), 0.0255380 secs] [Times: user=0.16 sys=0.02, real=0.02 secs] 
2011-02-12T02:18:44.206+0000: 7213.526: [GC
Desired survivor size 26738688 bytes, new threshold 1 (max 15)
 [PSYoungGen: 2753248K->7936K(2770048K)] 3910318K->1165470K(8362496K), 0.0207500 secs] [Times: user=0.12 sys=0.01, real=0.02 secs] 
2011-02-12T02:18:49.082+0000: 7218.401: [GC
Desired survivor size 26607616 bytes, new threshold 1 (max 15)
 [PSYoungGen: 2751680K->6648K(2769856K)] 3909214K->1164654K(8362304K), 0.0211640 secs] [Times: user=0.10 sys=0.02, real=0.02 secs] 
2011-02-12T02:18:53.421+0000: 7222.741: [GC
Desired survivor size 25952256 bytes, new threshold 1 (max 15)
 [PSYoungGen: 2750392K->14560K(2770816K)] 3908398K->1173078K(8363264K), 0.0272420 secs] [Times: user=0.18 sys=0.01, real=0.03 secs] 
2011-02-12T02:18:57.617+0000: 7226.937: [GC
Desired survivor size 28049408 bytes, new threshold 1 (max 15)
 [PSYoungGen: 2759392K->21757K(2766592K)] 3917910K->1180740K(8359040K), 0.0350170 secs] [Times: user=0.24 sys=0.01, real=0.04 secs] 
2011-02-12T02:19:01.644+0000: 7230.964: [GC
Desired survivor size 29556736 bytes, new threshold 1 (max 15)
 [PSYoungGen: 2766589K->21546K(2765824K)] 3925572K->1181161K(8358272K), 0.0363860 secs] [Times: user=0.23 sys=0.01, real=0.04 secs] 
2011-02-12T02:19:05.894+0000: 7235.214: [GC
Desired survivor size 28966912 bytes, new threshold 1 (max 15)
 [PSYoungGen: 2759978K->9580K(2767296K)] 3919593K->1169902K(8359744K), 0.0228640 secs] [Times: user=0.14 sys=0.02, real=0.02 secs] 
2011-02-12T02:19:10.450+0000: 7239.770: [GC
Desired survivor size 30212096 bytes, new threshold 1 (max 15)
 [PSYoungGen: 2748012K->21216K(2765440K)] 3908334K->1181998K(8357888K), 0.0363890 secs] [Times: user=0.23 sys=0.01, real=0.04 secs] 
2011-02-12T02:19:15.046+0000: 7244.365: [GC
Desired survivor size 28966912 bytes, new threshold 1 (max 15)
 [PSYoungGen: 2758368K->13408K(2766656K)] 3919150K->1174686K(8359104K), 0.0275820 secs] [Times: user=0.15 sys=0.02, real=0.03 secs] 
2011-02-12T02:19:19.500+0000: 7248.820: [GC
Desired survivor size 29097984 bytes, new threshold 1 (max 15)
 [PSYoungGen: 2750560K->18708K(2767616K)] 3911838K->1180467K(8360064K), 0.0356170 secs] [Times: user=0.17 sys=0.02, real=0.04 secs] 
2011-02-12T02:19:24.225+0000: 7253.545: [GC
Desired survivor size 28377088 bytes, new threshold 1 (max 15)
 [PSYoungGen: 2758036K->16768K(2767744K)] 3919795K->1179251K(8360192K), 0.0296980 secs] [Times: user=0.19 sys=0.01, real=0.03 secs] 
2011-02-12T02:19:28.926+0000: 7258.246: [GC
Desired survivor size 27262976 bytes, new threshold 1 (max 15)
 [PSYoungGen: 2756096K->14528K(2769536K)] 3918579K->1177475K(8361984K), 0.0278620 secs] [Times: user=0.17 sys=0.02, real=0.03 secs] 
2011-02-12T02:19:33.626+0000: 7262.946: [GC
Desired survivor size 27000832 bytes, new threshold 1 (max 15)
 [PSYoungGen: 2756352K->9984K(2768448K)] 3919299K->1173371K(8360896K), 0.0226610 secs] [Times: user=0.14 sys=0.02, real=0.02 secs] 
2011-02-12T02:19:38.424+0000: 7267.744: [GC
Desired survivor size 27262976 bytes, new threshold 1 (max 15)
 [PSYoungGen: 2751808K->6144K(2769280K)] 3915195K->1169987K(8361728K), 0.0192110 secs] [Times: user=0.11 sys=0.01, real=0.02 secs] 
2011-02-12T02:19:43.229+0000: 7272.548: [GC
Desired survivor size 29229056 bytes, new threshold 1 (max 15)
 [PSYoungGen: 2749056K->22450K(2765376K)] 3912899K->1186709K(8357824K), 0.0359800 secs] [Times: user=0.24 sys=0.01, real=0.03 secs] 
2011-02-12T02:19:48.341+0000: 7277.660: [GC
Desired survivor size 29556736 bytes, new threshold 1 (max 15)
 [PSYoungGen: 2765362K->4704K(2766976K)] 3929621K->1169395K(8359424K), 0.0165210 secs] [Times: user=0.10 sys=0.01, real=0.02 secs] 
2011-02-12T02:19:52.824+0000: 7282.143: [GC
Desired survivor size 28966912 bytes, new threshold 1 (max 15)
 [PSYoungGen: 2743136K->16188K(2767296K)] 3907827K->1181447K(8359744K), 0.0304560 secs] [Times: user=0.20 sys=0.01, real=0.03 secs] 
2011-02-12T02:19:57.688+0000: 7287.008: [GC
Desired survivor size 27787264 bytes, new threshold 1 (max 15)
 [PSYoungGen: 2754620K->14736K(2769024K)] 3919879K->1180607K(8361472K), 0.0297140 secs] [Times: user=0.17 sys=0.01, real=0.03 secs] 
2011-02-12T02:20:02.264+0000: 7291.584: [GC
Desired survivor size 27000832 bytes, new threshold 1 (max 15)
 [PSYoungGen: 2755472K->10730K(2767872K)] 3921343K->1177329K(8360320K), 0.0242090 secs] [Times: user=0.14 sys=0.01, real=0.03 secs] 
2011-02-12T02:20:05.948+0000: 7295.268: [GC
Desired survivor size 27131904 bytes, new threshold 1 (max 15)
 [PSYoungGen: 2751466K->5568K(2769536K)] 3918065K->1172937K(8361984K), 0.0196690 secs] [Times: user=0.10 sys=0.02, real=0.02 secs] 
2011-02-12T02:20:09.802+0000: 7299.122: [GC
Desired survivor size 30867456 bytes, new threshold 1 (max 15)
 [PSYoungGen: 2748736K->26330K(2769536K)] 3916105K->1194124K(8361984K), 0.0402010 secs] [Times: user=0.25 sys=0.02, real=0.04 secs] 
2011-02-12T02:20:14.363+0000: 7303.683: [GC
Desired survivor size 29425664 bytes, new threshold 1 (max 15)
 [PSYoungGen: 2769498K->14849K(2765312K)] 3937292K->1183091K(8357760K), 0.0273700 secs] [Times: user=0.18 sys=0.01, real=0.03 secs] 
2011-02-12T02:20:19.042+0000: 7308.362: [GC
Desired survivor size 28639232 bytes, new threshold 1 (max 15)
 [PSYoungGen: 2753537K->10304K(2767424K)] 3921779K->1179075K(8359872K), 0.0248800 secs] [Times: user=0.12 sys=0.01, real=0.02 secs] 
2011-02-12T02:20:23.842+0000: 7313.162: [GC
Desired survivor size 28049408 bytes, new threshold 1 (max 15)
 [PSYoungGen: 2748992K->9088K(2768768K)] 3917763K->1178259K(8361216K), 0.0252610 secs] [Times: user=0.11 sys=0.01, real=0.02 secs] 
2011-02-12T02:20:28.828+0000: 7318.147: [GC
Desired survivor size 27262976 bytes, new threshold 1 (max 15)
 [PSYoungGen: 2749888K->9856K(2768192K)] 3919059K->1179555K(8360640K), 0.0240400 secs] [Times: user=0.12 sys=0.02, real=0.03 secs] 
2011-02-12T02:20:33.715+0000: 7323.035: [GC
Desired survivor size 27000832 bytes, new threshold 1 (max 15)
 [PSYoungGen: 2750656K->6319K(2769792K)] 3920355K->1176531K(8362240K), 0.0195400 secs] [Times: user=0.11 sys=0.02, real=0.02 secs] 
2011-02-12T02:20:38.552+0000: 7327.872: [GC
Desired survivor size 26869760 bytes, new threshold 1 (max 15)
 [PSYoungGen: 2749487K->5184K(2769536K)] 3919699K->1176016K(8361984K), 0.0181790 secs] [Times: user=0.10 sys=0.01, real=0.01 secs] 
2011-02-12T02:20:43.576+0000: 7332.895: [GC
Desired survivor size 26214400 bytes, new threshold 1 (max 15)
 [PSYoungGen: 2748352K->6720K(2770560K)] 3919184K->1177952K(8363008K), 0.0222300 secs] [Times: user=0.12 sys=0.02, real=0.02 secs] 
2011-02-12T02:20:48.371+0000: 7337.691: [GC
Desired survivor size 24969216 bytes, new threshold 1 (max 15)
 [PSYoungGen: 2751040K->10016K(2769920K)] 3922272K->1181656K(8362368K), 0.0222770 secs] [Times: user=0.13 sys=0.01, real=0.03 secs] 
2011-02-12T02:20:53.270+0000: 7342.589: [GC
Desired survivor size 24248320 bytes, new threshold 1 (max 15)
 [PSYoungGen: 2754336K->7184K(2772480K)] 3925976K->1179360K(8364928K), 0.0203790 secs] [Times: user=0.11 sys=0.01, real=0.02 secs] 
2011-02-12T02:20:58.202+0000: 7347.521: [GC
Desired survivor size 23330816 bytes, new threshold 1 (max 15)
 [PSYoungGen: 2755280K->8392K(2771776K)] 3927456K->1181176K(8364224K), 0.0222980 secs] [Times: user=0.13 sys=0.02, real=0.03 secs] 
2011-02-12T02:21:02.657+0000: 7351.976: [GC
Desired survivor size 27066368 bytes, new threshold 1 (max 15)
 [PSYoungGen: 2756488K->22762K(2766080K)] 3929272K->1196402K(8358528K), 0.0381290 secs] [Times: user=0.24 sys=0.02, real=0.04 secs] 
2011-02-12T02:21:06.643+0000: 7355.963: [GC
Desired survivor size 25821184 bytes, new threshold 1 (max 15)
 [PSYoungGen: 2766058K->12480K(2769728K)] 3939698K->1186978K(8362176K), 0.0267360 secs] [Times: user=0.17 sys=0.01, real=0.03 secs] 
2011-02-12T02:21:10.991+0000: 7360.311: [GC
Desired survivor size 28704768 bytes, new threshold 1 (max 15)
 [PSYoungGen: 2755776K->23104K(2765312K)] 3930274K->1198130K(8357760K), 0.0368930 secs] [Times: user=0.23 sys=0.01, real=0.04 secs] 
2011-02-12T02:21:15.496+0000: 7364.815: [GC
Desired survivor size 29163520 bytes, new threshold 1 (max 15)
 [PSYoungGen: 2763200K->18176K(2758272K)] 3938226K->1193658K(8350720K), 0.0324630 secs] [Times: user=0.20 sys=0.02, real=0.04 secs] 
2011-02-12T02:21:20.161+0000: 7369.481: [GC
Desired survivor size 28442624 bytes, new threshold 1 (max 15)
 [PSYoungGen: 2758272K->8980K(2768384K)] 3933754K->1184910K(8360832K), 0.0235570 secs] [Times: user=0.13 sys=0.01, real=0.02 secs] 
2011-02-12T02:21:24.991+0000: 7374.310: [GC
Desired survivor size 27328512 bytes, new threshold 1 (max 15)
 [PSYoungGen: 2748884K->10688K(2767680K)] 3924814K->1187002K(8360128K), 0.0240490 secs] [Times: user=0.14 sys=0.01, real=0.02 secs] 
2011-02-12T02:21:29.619+0000: 7378.938: [GC
Desired survivor size 26411008 bytes, new threshold 1 (max 15)
 [PSYoungGen: 2750592K->14094K(2770368K)] 3926906K->1190857K(8362816K), 0.0270170 secs] [Times: user=0.17 sys=0.00, real=0.02 secs] 
2011-02-12T02:21:34.255+0000: 7383.575: [GC
Desired survivor size 26083328 bytes, new threshold 1 (max 15)
 [PSYoungGen: 2757774K->7040K(2769472K)] 3934537K->1184252K(8361920K), 0.0192350 secs] [Times: user=0.12 sys=0.01, real=0.02 secs] 
2011-02-12T02:21:38.925+0000: 7388.245: [GC
Desired survivor size 25362432 bytes, new threshold 1 (max 15)
 [PSYoungGen: 2750720K->9061K(2771392K)] 3927932K->1186874K(8363840K), 0.0231510 secs] [Times: user=0.12 sys=0.01, real=0.02 secs] 
2011-02-12T02:21:43.258+0000: 7392.578: [GC
Desired survivor size 25034752 bytes, new threshold 1 (max 15)
 [PSYoungGen: 2754981K->14624K(2770688K)] 3932794K->1193186K(8363136K), 0.0276900 secs] [Times: user=0.18 sys=0.01, real=0.03 secs] 
2011-02-12T02:21:47.853+0000: 7397.173: [GC
Desired survivor size 24969216 bytes, new threshold 1 (max 15)
 [PSYoungGen: 2760544K->15375K(2771776K)] 3939106K->1194371K(8364224K), 0.0299780 secs] [Times: user=0.17 sys=0.02, real=0.03 secs] 
2011-02-12T02:21:52.666+0000: 7401.986: [GC
Desired survivor size 25100288 bytes, new threshold 1 (max 15)
 [PSYoungGen: 2762703K->16082K(2763456K)] 3941699K->1195670K(8355904K), 0.0307020 secs] [Times: user=0.20 sys=0.01, real=0.03 secs] 
2011-02-12T02:21:57.006+0000: 7406.326: [GC
Desired survivor size 28442624 bytes, new threshold 1 (max 15)
 [PSYoungGen: 2763410K->24485K(2765120K)] 3942998K->1204576K(8357568K), 0.0380690 secs] [Times: user=0.25 sys=0.01, real=0.04 secs] 
2011-02-12T02:22:01.470+0000: 7410.789: [GC
Desired survivor size 27394048 bytes, new threshold 1 (max 15)
 [PSYoungGen: 2765093K->12114K(2768384K)] 3945184K->1192798K(8360832K), 0.0272260 secs] [Times: user=0.15 sys=0.02, real=0.03 secs] 
2011-02-12T02:22:05.608+0000: 7414.928: [GC
Desired survivor size 28114944 bytes, new threshold 1 (max 15)
 [PSYoungGen: 2752722K->19154K(2768000K)] 3933406K->1200569K(8360448K), 0.0350360 secs] [Times: user=0.19 sys=0.02, real=0.04 secs] 
2011-02-12T02:22:10.222+0000: 7419.541: [GC
Desired survivor size 27262976 bytes, new threshold 1 (max 15)
 [PSYoungGen: 2760402K->11552K(2768704K)] 3941817K->1193579K(8361152K), 0.0255850 secs] [Times: user=0.14 sys=0.01, real=0.03 secs] 
2011-02-12T02:22:14.834+0000: 7424.154: [GC
Desired survivor size 27328512 bytes, new threshold 1 (max 15)
 [PSYoungGen: 2752800K->6448K(2769408K)] 3934827K->1188963K(8361856K), 0.0195140 secs] [Times: user=0.12 sys=0.01, real=0.02 secs] 
2011-02-12T02:22:19.067+0000: 7428.387: [GC
Desired survivor size 26476544 bytes, new threshold 1 (max 15)
 [PSYoungGen: 2749232K->10384K(2769472K)] 3931747K->1193355K(8361920K), 0.0237230 secs] [Times: user=0.12 sys=0.01, real=0.02 secs] 
2011-02-12T02:22:23.293+0000: 7432.613: [GC
Desired survivor size 26214400 bytes, new threshold 1 (max 15)
 [PSYoungGen: 2753168K->15776K(2770560K)] 3936139K->1199324K(8363008K), 0.0292300 secs] [Times: user=0.19 sys=0.01, real=0.03 secs] 
2011-02-12T02:22:27.157+0000: 7436.477: [GC
Desired survivor size 25559040 bytes, new threshold 1 (max 15)
 [PSYoungGen: 2760480K->14880K(2770304K)] 3944028K->1198844K(8362752K), 0.0272700 secs] [Times: user=0.18 sys=0.01, real=0.03 secs] 
2011-02-12T02:22:31.618+0000: 7440.938: [GC
Desired survivor size 25821184 bytes, new threshold 1 (max 15)
 [PSYoungGen: 2759584K->5024K(2770688K)] 3943548K->1189356K(8363136K), 0.0173180 secs] [Times: user=0.09 sys=0.01, real=0.02 secs] 
2011-02-12T02:22:36.287+0000: 7445.606: [GC
Desired survivor size 27787264 bytes, new threshold 1 (max 15)
 [PSYoungGen: 2750752K->21105K(2766848K)] 3935084K->1205878K(8359296K), 0.0343740 secs] [Times: user=0.23 sys=0.01, real=0.03 secs] 
2011-02-12T02:22:41.512+0000: 7450.832: [GC
Desired survivor size 27066368 bytes, new threshold 1 (max 15)
 [PSYoungGen: 2766833K->9376K(2769728K)] 3951606K->1194516K(8362176K), 0.0239600 secs] [Times: user=0.12 sys=0.02, real=0.02 secs] 
2011-02-12T02:22:46.731+0000: 7456.051: [GC
Desired survivor size 26673152 bytes, new threshold 1 (max 15)
 [PSYoungGen: 2751968K->15528K(2769024K)] 3937108K->1201164K(8361472K), 0.0316190 secs] [Times: user=0.18 sys=0.02, real=0.03 secs] 
2011-02-12T02:22:51.632+0000: 7460.951: [GC
Desired survivor size 26935296 bytes, new threshold 1 (max 15)
 [PSYoungGen: 2758120K->17557K(2769600K)] 3943756K->1203754K(8362048K), 0.0333220 secs] [Times: user=0.21 sys=0.01, real=0.03 secs] 
2011-02-12T02:22:56.313+0000: 7465.633: [GC
Desired survivor size 26607616 bytes, new threshold 1 (max 15)
 [PSYoungGen: 2761109K->16152K(2769856K)] 3947306K->1202989K(8362304K), 0.0311590 secs] [Times: user=0.19 sys=0.01, real=0.03 secs] 
2011-02-12T02:23:00.383+0000: 7469.703: [GC
Desired survivor size 26542080 bytes, new threshold 1 (max 15)
 [PSYoungGen: 2759704K->17090K(2770240K)] 3946541K->1204696K(8362688K), 0.0299060 secs] [Times: user=0.19 sys=0.02, real=0.03 secs] 
2011-02-12T02:23:04.573+0000: 7473.893: [GC
Desired survivor size 27918336 bytes, new threshold 1 (max 15)
 [PSYoungGen: 2761346K->21104K(2765376K)] 3948952K->1209456K(8357824K), 0.0368190 secs] [Times: user=0.20 sys=0.02, real=0.04 secs] 
2011-02-12T02:23:08.922+0000: 7478.242: [GC
Desired survivor size 29294592 bytes, new threshold 1 (max 15)
 [PSYoungGen: 2765360K->21952K(2766208K)] 3953712K->1210784K(8358656K), 0.0361020 secs] [Times: user=0.24 sys=0.01, real=0.03 secs] 
2011-02-12T02:23:13.516+0000: 7482.836: [GC
Desired survivor size 28377088 bytes, new threshold 1 (max 15)
 [PSYoungGen: 2760896K->13408K(2767552K)] 3949728K->1202768K(8360000K), 0.0261290 secs] [Times: user=0.17 sys=0.01, real=0.03 secs] 
2011-02-12T02:23:18.308+0000: 7487.628: [GC
Desired survivor size 27525120 bytes, new threshold 1 (max 15)
 [PSYoungGen: 2752352K->13256K(2769280K)] 3941712K->1203136K(8361728K), 0.0256590 secs] [Times: user=0.16 sys=0.01, real=0.03 secs] 
2011-02-12T02:23:22.936+0000: 7492.256: [GC
Desired survivor size 27000832 bytes, new threshold 1 (max 15)
 [PSYoungGen: 2754824K->11391K(2768448K)] 3944704K->1201847K(8360896K), 0.0259400 secs] [Times: user=0.14 sys=0.01, real=0.03 secs] 
2011-02-12T02:23:27.453+0000: 7496.773: [GC
Desired survivor size 27590656 bytes, new threshold 1 (max 15)
 [PSYoungGen: 2752959K->4704K(2768640K)] 3943415K->1195672K(8361088K), 0.0175970 secs] [Times: user=0.09 sys=0.02, real=0.01 secs] 
2011-02-12T02:23:32.263+0000: 7501.583: [GC
Desired survivor size 29032448 bytes, new threshold 1 (max 15)
 [PSYoungGen: 2746976K->21152K(2763456K)] 3937944K->1212576K(8355904K), 0.0365420 secs] [Times: user=0.21 sys=0.01, real=0.03 secs] 
2011-02-12T02:23:36.647+0000: 7505.967: [GC
Desired survivor size 27983872 bytes, new threshold 1 (max 15)
 [PSYoungGen: 2763424K->12512K(2768832K)] 3954848K->1204352K(8361280K), 0.0263240 secs] [Times: user=0.16 sys=0.02, real=0.03 secs] 
2011-02-12T02:23:41.586+0000: 7510.906: [GC
Desired survivor size 27000832 bytes, new threshold 1 (max 15)
 [PSYoungGen: 2752992K->12288K(2767808K)] 3944832K->1204512K(8360256K), 0.0252100 secs] [Times: user=0.16 sys=0.01, real=0.02 secs] 
2011-02-12T02:23:46.459+0000: 7515.779: [GC
Desired survivor size 26279936 bytes, new threshold 1 (max 15)
 [PSYoungGen: 2752768K->11200K(2770496K)] 3944992K->1203832K(8362944K), 0.0235790 secs] [Times: user=0.15 sys=0.01, real=0.02 secs] 
2011-02-12T02:23:51.309+0000: 7520.629: [GC
Desired survivor size 25952256 bytes, new threshold 1 (max 15)
 [PSYoungGen: 2755328K->8768K(2769792K)] 3947960K->1201832K(8362240K), 0.0213410 secs] [Times: user=0.13 sys=0.01, real=0.02 secs] 
2011-02-12T02:23:56.185+0000: 7525.504: [GC
Desired survivor size 25690112 bytes, new threshold 1 (max 15)
 [PSYoungGen: 2752896K->8000K(2771072K)] 3945960K->1201552K(8363520K), 0.0208650 secs] [Times: user=0.11 sys=0.01, real=0.03 secs] 
2011-02-12T02:24:01.202+0000: 7530.522: [GC
Desired survivor size 25165824 bytes, new threshold 1 (max 15)
 [PSYoungGen: 2753728K->8450K(2770816K)] 3947280K->1202834K(8363264K), 0.0221390 secs] [Times: user=0.12 sys=0.03, real=0.02 secs] 
2011-02-12T02:24:05.530+0000: 7534.849: [GC
Desired survivor size 25886720 bytes, new threshold 1 (max 15)
 [PSYoungGen: 2754178K->17588K(2770176K)] 3948562K->1212823K(8362624K), 0.0317320 secs] [Times: user=0.20 sys=0.02, real=0.03 secs] 
2011-02-12T02:24:09.921+0000: 7539.240: [GC
Desired survivor size 25559040 bytes, new threshold 1 (max 15)
 [PSYoungGen: 2763188K->7523K(2770880K)] 3958423K->1203354K(8363328K), 0.0205500 secs] [Times: user=0.13 sys=0.01, real=0.02 secs] 
2011-02-12T02:24:14.518+0000: 7543.838: [GC
Desired survivor size 27656192 bytes, new threshold 1 (max 15)
 [PSYoungGen: 2753123K->21248K(2767104K)] 3948954K->1217538K(8359552K), 0.0347280 secs] [Times: user=0.23 sys=0.01, real=0.04 secs] 
2011-02-12T02:24:19.399+0000: 7548.718: [GC
Desired survivor size 27459584 bytes, new threshold 1 (max 15)
 [PSYoungGen: 2763392K->16432K(2769152K)] 3959682K->1213146K(8361600K), 0.0311420 secs] [Times: user=0.19 sys=0.01, real=0.03 secs] 
2011-02-12T02:24:24.313+0000: 7553.633: [GC
Desired survivor size 27262976 bytes, new threshold 1 (max 15)
 [PSYoungGen: 2758576K->16608K(2769536K)] 3955290K->1213906K(8361984K), 0.0323030 secs] [Times: user=0.17 sys=0.01, real=0.03 secs] 
2011-02-12T02:24:28.953+0000: 7558.273: [GC
Desired survivor size 26804224 bytes, new threshold 1 (max 15)
 [PSYoungGen: 2759328K->16160K(2769344K)] 3956626K->1213970K(8361792K), 0.0295860 secs] [Times: user=0.18 sys=0.01, real=0.03 secs] 
2011-02-12T02:24:33.694+0000: 7563.013: [GC
Desired survivor size 25952256 bytes, new threshold 1 (max 15)
 [PSYoungGen: 2758880K->11776K(2770816K)] 3956690K->1210130K(8363264K), 0.0244070 secs] [Times: user=0.15 sys=0.01, real=0.02 secs] 
2011-02-12T02:24:38.601+0000: 7567.921: [GC
Desired survivor size 25296896 bytes, new threshold 1 (max 15)
 [PSYoungGen: 2756416K->10976K(2769984K)] 3954770K->1209866K(8362432K), 0.0248360 secs] [Times: user=0.14 sys=0.02, real=0.02 secs] 
2011-02-12T02:24:43.638+0000: 7572.958: [GC
Desired survivor size 24641536 bytes, new threshold 1 (max 15)
 [PSYoungGen: 2755616K->10956K(2772096K)] 3954506K->1210366K(8364544K), 0.0241210 secs] [Times: user=0.15 sys=0.01, real=0.03 secs] 
2011-02-12T02:24:48.612+0000: 7577.932: [GC
Desired survivor size 24051712 bytes, new threshold 1 (max 15)
 [PSYoungGen: 2758348K->14656K(2771456K)] 3957758K->1214582K(8363904K), 0.0279160 secs] [Times: user=0.17 sys=0.02, real=0.02 secs] 
2011-02-12T02:24:53.336+0000: 7582.656: [GC
Desired survivor size 23199744 bytes, new threshold 1 (max 15)
 [PSYoungGen: 2762048K->12368K(2773504K)] 3961974K->1212775K(8365952K), 0.0260630 secs] [Times: user=0.16 sys=0.01, real=0.02 secs] 
2011-02-12T02:24:58.080+0000: 7587.400: [GC
Desired survivor size 22413312 bytes, new threshold 1 (max 15)
 [PSYoungGen: 2762384K->12560K(2772672K)] 3962791K->1213487K(8365120K), 0.0260390 secs] [Times: user=0.16 sys=0.01, real=0.03 secs] 
2011-02-12T02:25:02.859+0000: 7592.179: [GC
Desired survivor size 22347776 bytes, new threshold 1 (max 15)
 [PSYoungGen: 2762576K->15546K(2774336K)] 3963503K->1217129K(8366784K), 0.0303850 secs] [Times: user=0.16 sys=0.01, real=0.03 secs] 
2011-02-12T02:25:07.398+0000: 7596.718: [GC
Desired survivor size 22478848 bytes, new threshold 1 (max 15)
 [PSYoungGen: 2767994K->8032K(2760512K)] 3969577K->1210473K(8352960K), 0.0224050 secs] [Times: user=0.12 sys=0.02, real=0.02 secs] 
2011-02-12T02:25:12.257+0000: 7601.577: [GC
Desired survivor size 22478848 bytes, new threshold 1 (max 15)
 [PSYoungGen: 2760480K->7584K(2774208K)] 3962921K->1210585K(8366656K), 0.0204360 secs] [Times: user=0.13 sys=0.02, real=0.02 secs] 
2011-02-12T02:25:17.237+0000: 7606.556: [GC
Desired survivor size 22085632 bytes, new threshold 1 (max 15)
 [PSYoungGen: 2759840K->9232K(2774208K)] 3962841K->1212665K(8366656K), 0.0224520 secs] [Times: user=0.12 sys=0.01, real=0.02 secs] 
2011-02-12T02:25:22.022+0000: 7611.342: [GC
Desired survivor size 21823488 bytes, new threshold 1 (max 15)
 [PSYoungGen: 2761488K->8072K(2774848K)] 3964921K->1211922K(8367296K), 0.0196140 secs] [Times: user=0.12 sys=0.01, real=0.02 secs] 
2011-02-12T02:25:26.343+0000: 7615.662: [GC
Desired survivor size 25427968 bytes, new threshold 1 (max 15)
 [PSYoungGen: 2761352K->21304K(2774592K)] 3965202K->1227647K(8367040K), 0.0372490 secs] [Times: user=0.25 sys=0.00, real=0.04 secs] 
2011-02-12T02:25:31.012+0000: 7620.332: [GC
Desired survivor size 26345472 bytes, new threshold 1 (max 15)
 [PSYoungGen: 2774584K->18656K(2766272K)] 3980927K->1225439K(8358720K), 0.0327430 secs] [Times: user=0.20 sys=0.02, real=0.03 secs] 
2011-02-12T02:25:35.903+0000: 7625.223: [GC
Desired survivor size 26476544 bytes, new threshold 1 (max 15)
 [PSYoungGen: 2763360K->17024K(2761728K)] 3970143K->1224239K(8354176K), 0.0305380 secs] [Times: user=0.20 sys=0.00, real=0.03 secs] 
2011-02-12T02:25:40.827+0000: 7630.147: [GC
Desired survivor size 26411008 bytes, new threshold 1 (max 15)
 [PSYoungGen: 2761728K->16864K(2770368K)] 3968943K->1224591K(8362816K), 0.0311610 secs] [Times: user=0.21 sys=0.02, real=0.04 secs] 
2011-02-12T02:25:45.890+0000: 7635.210: [GC
Desired survivor size 26279936 bytes, new threshold 1 (max 15)
 [PSYoungGen: 2761376K->17056K(2770304K)] 3969103K->1225303K(8362752K), 0.0315950 secs] [Times: user=0.20 sys=0.01, real=0.03 secs] 
2011-02-12T02:25:50.941+0000: 7640.260: [GC
Desired survivor size 27394048 bytes, new threshold 1 (max 15)
 [PSYoungGen: 2761568K->20256K(2768320K)] 3969815K->1229031K(8360768K), 0.0366670 secs] [Times: user=0.22 sys=0.02, real=0.03 secs] 
2011-02-12T02:25:55.802+0000: 7645.122: [GC
Desired survivor size 28049408 bytes, new threshold 1 (max 15)
 [PSYoungGen: 2762912K->20000K(2762688K)] 3971687K->1229272K(8355136K), 0.0360110 secs] [Times: user=0.24 sys=0.02, real=0.03 secs] 
2011-02-12T02:26:00.839+0000: 7650.159: [GC
Desired survivor size 29032448 bytes, new threshold 1 (max 15)
 [PSYoungGen: 2762656K->21234K(2766848K)] 3971928K->1231121K(8359296K), 0.0355280 secs] [Times: user=0.22 sys=0.02, real=0.04 secs] 
2011-02-12T02:26:05.093+0000: 7654.413: [GC
Desired survivor size 28180480 bytes, new threshold 1 (max 15)
 [PSYoungGen: 2760690K->13776K(2767808K)] 3970577K->1224513K(8360256K), 0.0276350 secs] [Times: user=0.16 sys=0.02, real=0.02 secs] 
2011-02-12T02:26:09.498+0000: 7658.818: [GC
Desired survivor size 30867456 bytes, new threshold 1 (max 15)
 [PSYoungGen: 2753232K->26158K(2763392K)] 3963969K->1237375K(8355840K), 0.0412900 secs] [Times: user=0.25 sys=0.01, real=0.04 secs] 
2011-02-12T02:26:13.698+0000: 7663.017: [GC
Desired survivor size 31195136 bytes, new threshold 1 (max 15)
 [PSYoungGen: 2762030K->7191K(2743104K)] 3973247K->1218937K(8335552K), 0.0209080 secs] [Times: user=0.11 sys=0.02, real=0.02 secs] 
2011-02-12T02:26:18.553+0000: 7667.873: [GC
Desired survivor size 31588352 bytes, new threshold 1 (max 15)
 [PSYoungGen: 2743063K->5344K(2764928K)] 3954809K->1217630K(8357376K), 0.0211820 secs] [Times: user=0.09 sys=0.01, real=0.03 secs] 
2011-02-12T02:26:23.472+0000: 7672.792: [GC
Desired survivor size 30277632 bytes, new threshold 1 (max 15)
 [PSYoungGen: 2739808K->12832K(2765312K)] 3952094K->1225638K(8357760K), 0.0289960 secs] [Times: user=0.14 sys=0.01, real=0.03 secs] 
2011-02-12T02:26:28.403+0000: 7677.722: [GC
Desired survivor size 29097984 bytes, new threshold 1 (max 15)
 [PSYoungGen: 2747296K->12608K(2767744K)] 3960102K->1225926K(8360192K), 0.0276040 secs] [Times: user=0.16 sys=0.01, real=0.03 secs] 
2011-02-12T02:26:33.429+0000: 7682.748: [GC
Desired survivor size 27787264 bytes, new threshold 1 (max 15)
 [PSYoungGen: 2750784K->13920K(2766592K)] 3964102K->1227734K(8359040K), 0.0272200 secs] [Times: user=0.16 sys=0.02, real=0.03 secs] 
2011-02-12T02:26:37.982+0000: 7687.302: [GC
Desired survivor size 26804224 bytes, new threshold 1 (max 15)
 [PSYoungGen: 2752096K->12528K(2769984K)] 3965910K->1226766K(8362432K), 0.0280180 secs] [Times: user=0.16 sys=0.01, real=0.03 secs] 
2011-02-12T02:26:42.721+0000: 7692.041: [GC
Desired survivor size 26673152 bytes, new threshold 1 (max 15)
 [PSYoungGen: 2755376K->8000K(2769024K)] 3969614K->1222718K(8361472K), 0.0208160 secs] [Times: user=0.13 sys=0.01, real=0.02 secs] 
2011-02-12T02:26:47.242+0000: 7696.562: [GC
Desired survivor size 27131904 bytes, new threshold 1 (max 15)
 [PSYoungGen: 2750848K->18208K(2769216K)] 3965566K->1233358K(8361664K), 0.0316240 secs] [Times: user=0.21 sys=0.02, real=0.03 secs] 
2011-02-12T02:26:52.476+0000: 7701.796: [GC
Desired survivor size 27590656 bytes, new threshold 1 (max 15)
 [PSYoungGen: 2761376K->4032K(2747200K)] 3976526K->1219558K(8339648K), 0.0171260 secs] [Times: user=0.09 sys=0.01, real=0.02 secs] 
2011-02-12T02:26:57.156+0000: 7706.476: [GC
Desired survivor size 29097984 bytes, new threshold 1 (max 15)
 [PSYoungGen: 2747200K->20656K(2766272K)] 3962726K->1236734K(8358720K), 0.0341190 secs] [Times: user=0.23 sys=0.01, real=0.04 secs] 
2011-02-12T02:27:01.753+0000: 7711.073: [GC
Desired survivor size 27590656 bytes, new threshold 1 (max 15)
 [PSYoungGen: 2759984K->13706K(2767744K)] 3976062K->1230569K(8360192K), 0.0277850 secs] [Times: user=0.17 sys=0.01, real=0.03 secs] 
2011-02-12T02:27:05.946+0000: 7715.265: [GC
Desired survivor size 27328512 bytes, new threshold 1 (max 15)
 [PSYoungGen: 2753034K->7712K(2769472K)] 3969897K->1225425K(8361920K), 0.0222630 secs] [Times: user=0.13 sys=0.01, real=0.02 secs] 
2011-02-12T02:27:10.519+0000: 7719.839: [GC
Desired survivor size 29949952 bytes, new threshold 1 (max 15)
 [PSYoungGen: 2750240K->23712K(2766272K)] 3967953K->1241909K(8358720K), 0.0383060 secs] [Times: user=0.26 sys=0.01, real=0.03 secs] 
2011-02-12T02:27:15.438+0000: 7724.758: [GC
Desired survivor size 30867456 bytes, new threshold 1 (max 15)
 [PSYoungGen: 2766240K->20768K(2765120K)] 3984437K->1239333K(8357568K), 0.0348360 secs] [Times: user=0.22 sys=0.01, real=0.04 secs] 
2011-02-12T02:27:19.896+0000: 7729.215: [GC
Desired survivor size 29818880 bytes, new threshold 1 (max 15)
 [PSYoungGen: 2756640K->16172K(2766016K)] 3975205K->1235114K(8358464K), 0.0298400 secs] [Times: user=0.19 sys=0.02, real=0.03 secs] 
2011-02-12T02:27:24.514+0000: 7733.834: [GC
Desired survivor size 30277632 bytes, new threshold 1 (max 15)
 [PSYoungGen: 2752044K->20031K(2766144K)] 3970986K->1239800K(8358592K), 0.0344890 secs] [Times: user=0.22 sys=0.02, real=0.03 secs] 
2011-02-12T02:27:29.283+0000: 7738.602: [GC
Desired survivor size 28966912 bytes, new threshold 1 (max 15)
 [PSYoungGen: 2757055K->14745K(2766592K)] 3976824K->1234970K(8359040K), 0.0279790 secs] [Times: user=0.17 sys=0.01, real=0.02 secs] 
2011-02-12T02:27:33.635+0000: 7742.954: [GC
Desired survivor size 32309248 bytes, new threshold 1 (max 15)
 [PSYoungGen: 2751769K->27727K(2761344K)] 3971994K->1248474K(8353792K), 0.0419300 secs] [Times: user=0.29 sys=0.01, real=0.04 secs] 
2011-02-12T02:27:37.903+0000: 7747.222: [GC
Desired survivor size 31391744 bytes, new threshold 1 (max 15)
 [PSYoungGen: 2760783K->13056K(2764608K)] 3981530K->1234427K(8357056K), 0.0271970 secs] [Times: user=0.15 sys=0.01, real=0.03 secs] 
2011-02-12T02:27:42.127+0000: 7751.446: [GC
Desired survivor size 32964608 bytes, new threshold 1 (max 15)
 [PSYoungGen: 2746112K->24346K(2762432K)] 3967483K->1246094K(8354880K), 0.0366980 secs] [Times: user=0.25 sys=0.01, real=0.04 secs] 
2011-02-12T02:27:46.739+0000: 7756.058: [GC
Desired survivor size 32702464 bytes, new threshold 1 (max 15)
 [PSYoungGen: 2756122K->9968K(2763968K)] 3977870K->1232147K(8356416K), 0.0233310 secs] [Times: user=0.14 sys=0.01, real=0.02 secs] 
2011-02-12T02:27:51.611+0000: 7760.931: [GC
Desired survivor size 32505856 bytes, new threshold 1 (max 15)
 [PSYoungGen: 2741744K->8192K(2764416K)] 3963923K->1230979K(8356864K), 0.0212330 secs] [Times: user=0.13 sys=0.01, real=0.02 secs] 
2011-02-12T02:27:56.838+0000: 7766.158: [GC
Desired survivor size 31326208 bytes, new threshold 1 (max 15)
 [PSYoungGen: 2740672K->12992K(2764224K)] 3963459K->1236155K(8356672K), 0.0267340 secs] [Times: user=0.17 sys=0.01, real=0.02 secs] 
2011-02-12T02:28:01.461+0000: 7770.780: [GC
Desired survivor size 30539776 bytes, new threshold 1 (max 15)
 [PSYoungGen: 2745472K->10866K(2766336K)] 3968635K->1234725K(8358784K), 0.0298890 secs] [Times: user=0.13 sys=0.00, real=0.03 secs] 
2011-02-12T02:28:05.722+0000: 7775.041: [GC
Desired survivor size 31195136 bytes, new threshold 1 (max 15)
 [PSYoungGen: 2746610K->20664K(2765568K)] 3970469K->1245361K(8358016K), 0.0354340 secs] [Times: user=0.22 sys=0.02, real=0.04 secs] 
2011-02-12T02:28:10.316+0000: 7779.636: [GC
Desired survivor size 29949952 bytes, new threshold 1 (max 15)
 [PSYoungGen: 2756408K->13975K(2766912K)] 3981105K->1239224K(8359360K), 0.0267920 secs] [Times: user=0.16 sys=0.02, real=0.03 secs] 
2011-02-12T02:28:14.683+0000: 7784.002: [GC
Desired survivor size 32702464 bytes, new threshold 1 (max 15)
 [PSYoungGen: 2750423K->26371K(2762880K)] 3975672K->1253359K(8355328K), 0.0405630 secs] [Times: user=0.27 sys=0.02, real=0.04 secs] 
2011-02-12T02:28:19.009+0000: 7788.329: [GC
Desired survivor size 31522816 bytes, new threshold 1 (max 15)
 [PSYoungGen: 2762819K->14016K(2765376K)] 3989807K->1241994K(8357824K), 0.0295380 secs] [Times: user=0.16 sys=0.02, real=0.03 secs] 
2011-02-12T02:28:23.471+0000: 7792.790: [GC
Desired survivor size 33488896 bytes, new threshold 1 (max 15)
 [PSYoungGen: 2747456K->25216K(2758656K)] 3975434K->1253586K(8351104K), 0.0390300 secs] [Times: user=0.26 sys=0.01, real=0.04 secs] 
2011-02-12T02:28:27.494+0000: 7796.814: [GC
Desired survivor size 35979264 bytes, new threshold 1 (max 15)
 [PSYoungGen: 2758656K->27936K(2758592K)] 3987026K->1256662K(8351040K), 0.0440010 secs] [Times: user=0.27 sys=0.01, real=0.04 secs] 
2011-02-12T02:28:31.539+0000: 7800.859: [GC
Desired survivor size 38010880 bytes, new threshold 1 (max 15)
 [PSYoungGen: 2753824K->28128K(2754048K)] 3982550K->1257262K(8346496K), 0.0437310 secs] [Times: user=0.29 sys=0.02, real=0.05 secs] 
2011-02-12T02:28:35.724+0000: 7805.043: [GC
Desired survivor size 37486592 bytes, new threshold 1 (max 15)
 [PSYoungGen: 2754016K->11671K(2759552K)] 3983150K->1241226K(8352000K), 0.0247170 secs] [Times: user=0.15 sys=0.02, real=0.02 secs] 
2011-02-12T02:28:40.179+0000: 7809.499: [GC
Desired survivor size 36569088 bytes, new threshold 1 (max 15)
 [PSYoungGen: 2734103K->20819K(2759040K)] 3963658K->1251278K(8351488K), 0.0363720 secs] [Times: user=0.22 sys=0.01, real=0.04 secs] 
2011-02-12T02:28:45.222+0000: 7814.541: [GC
Desired survivor size 35127296 bytes, new threshold 1 (max 15)
 [PSYoungGen: 2743251K->16864K(2761856K)] 3973710K->1247878K(8354304K), 0.0333240 secs] [Times: user=0.17 sys=0.01, real=0.03 secs] 
2011-02-12T02:28:50.043+0000: 7819.363: [GC
Desired survivor size 33816576 bytes, new threshold 1 (max 15)
 [PSYoungGen: 2743008K->16448K(2760448K)] 3974022K->1247930K(8352896K), 0.0294430 secs] [Times: user=0.19 sys=0.01, real=0.03 secs] 
2011-02-12T02:28:54.682+0000: 7824.002: [GC
Desired survivor size 33619968 bytes, new threshold 1 (max 15)
 [PSYoungGen: 2742592K->10860K(2763328K)] 3974074K->1242758K(8355776K), 0.0249990 secs] [Times: user=0.14 sys=0.01, real=0.02 secs] 
2011-02-12T02:28:59.441+0000: 7828.761: [GC
Desired survivor size 33619968 bytes, new threshold 1 (max 15)
 [PSYoungGen: 2741164K->8768K(2763136K)] 3973062K->1241259K(8355584K), 0.0231010 secs] [Times: user=0.11 sys=0.02, real=0.03 secs] 
2011-02-12T02:29:03.704+0000: 7833.024: [GC
Desired survivor size 33882112 bytes, new threshold 1 (max 15)
 [PSYoungGen: 2739072K->21706K(2762816K)] 3971563K->1254825K(8355264K), 0.0365540 secs] [Times: user=0.23 sys=0.02, real=0.03 secs] 
2011-02-12T02:29:08.229+0000: 7837.548: [GC
Desired survivor size 33423360 bytes, new threshold 1 (max 15)
 [PSYoungGen: 2751690K->10272K(2763072K)] 3984809K->1244145K(8355520K), 0.0236680 secs] [Times: user=0.14 sys=0.01, real=0.02 secs] 
2011-02-12T02:29:12.896+0000: 7842.216: [GC
Desired survivor size 33423360 bytes, new threshold 1 (max 15)
 [PSYoungGen: 2740256K->20800K(2763520K)] 3974129K->1255081K(8355968K), 0.0358270 secs] [Times: user=0.22 sys=0.01, real=0.03 secs] 
2011-02-12T02:29:17.624+0000: 7846.944: [GC
Desired survivor size 32833536 bytes, new threshold 1 (max 15)
 [PSYoungGen: 2751680K->19589K(2763520K)] 3985961K->1254374K(8355968K), 0.0349940 secs] [Times: user=0.23 sys=0.02, real=0.04 secs] 
2011-02-12T02:29:22.155+0000: 7851.474: [GC
Desired survivor size 32112640 bytes, new threshold 1 (max 15)
 [PSYoungGen: 2750469K->12483K(2764800K)] 3985254K->1247922K(8357248K), 0.0279830 secs] [Times: user=0.17 sys=0.01, real=0.03 secs] 
2011-02-12T02:29:26.440+0000: 7855.760: [GC
Desired survivor size 32702464 bytes, new threshold 1 (max 15)
 [PSYoungGen: 2745219K->22128K(2764096K)] 3980658K->1258030K(8356544K), 0.0363110 secs] [Times: user=0.24 sys=0.01, real=0.04 secs] 
2011-02-12T02:29:30.936+0000: 7860.255: [GC
Desired survivor size 31916032 bytes, new threshold 1 (max 15)
 [PSYoungGen: 2754864K->13040K(2764992K)] 3990766K->1249470K(8357440K), 0.0270950 secs] [Times: user=0.17 sys=0.01, real=0.03 secs] 
2011-02-12T02:29:34.932+0000: 7864.252: [GC
Desired survivor size 31850496 bytes, new threshold 1 (max 15)
 [PSYoungGen: 2746096K->20592K(2764224K)] 3982526K->1257402K(8356672K), 0.0342790 secs] [Times: user=0.22 sys=0.02, real=0.04 secs] 
2011-02-12T02:29:39.481+0000: 7868.801: [GC
Desired survivor size 30867456 bytes, new threshold 1 (max 15)
 [PSYoungGen: 2753648K->14880K(2766016K)] 3990458K->1252042K(8358464K), 0.0281380 secs] [Times: user=0.18 sys=0.01, real=0.03 secs] 
2011-02-12T02:29:44.189+0000: 7873.509: [GC
Desired survivor size 30539776 bytes, new threshold 1 (max 15)
 [PSYoungGen: 2749792K->11116K(2765056K)] 3986954K->1248767K(8357504K), 0.0254720 secs] [Times: user=0.16 sys=0.01, real=0.02 secs] 
2011-02-12T02:29:48.840+0000: 7878.160: [GC
Desired survivor size 29884416 bytes, new threshold 1 (max 15)
 [PSYoungGen: 2746028K->12192K(2766976K)] 3983679K->1250348K(8359424K), 0.0264060 secs] [Times: user=0.16 sys=0.01, real=0.02 secs] 
2011-02-12T02:29:53.193+0000: 7882.512: [GC
Desired survivor size 30146560 bytes, new threshold 1 (max 15)
 [PSYoungGen: 2749344K->20176K(2766336K)] 3987500K->1258948K(8358784K), 0.0345290 secs] [Times: user=0.20 sys=0.00, real=0.03 secs] 
2011-02-12T02:29:58.209+0000: 7887.529: [GC
Desired survivor size 29818880 bytes, new threshold 1 (max 15)
 [PSYoungGen: 2757328K->19121K(2767040K)] 3996100K->1258481K(8359488K), 0.0324440 secs] [Times: user=0.21 sys=0.02, real=0.04 secs] 
2011-02-12T02:30:03.021+0000: 7892.341: [GC
Desired survivor size 28770304 bytes, new threshold 1 (max 15)
 [PSYoungGen: 2756721K->15391K(2766720K)] 3996081K->1255444K(8359168K), 0.0285130 secs] [Times: user=0.18 sys=0.02, real=0.02 secs] 
2011-02-12T02:30:07.699+0000: 7897.019: [GC
Desired survivor size 27721728 bytes, new threshold 1 (max 15)
 [PSYoungGen: 2752991K->15776K(2769088K)] 3993044K->1256764K(8361536K), 0.0310590 secs] [Times: user=0.19 sys=0.02, real=0.04 secs] 
2011-02-12T02:30:11.425+0000: 7900.744: [GC
Desired survivor size 27852800 bytes, new threshold 1 (max 15)
 [PSYoungGen: 2756768K->9472K(2768064K)] 3997756K->1250888K(8360512K), 0.0228380 secs] [Times: user=0.14 sys=0.01, real=0.02 secs] 
2011-02-12T02:30:15.791+0000: 7905.110: [GC
Desired survivor size 28049408 bytes, new threshold 1 (max 15)
 [PSYoungGen: 2750464K->8032K(2768576K)] 3991880K->1249884K(8361024K), 0.0212500 secs] [Times: user=0.13 sys=0.01, real=0.02 secs] 
2011-02-12T02:30:20.556+0000: 7909.876: [GC
Desired survivor size 29491200 bytes, new threshold 1 (max 15)
 [PSYoungGen: 2749408K->22176K(2763584K)] 3991260K->1264440K(8356032K), 0.0362850 secs] [Times: user=0.26 sys=0.01, real=0.04 secs] 
2011-02-12T02:30:25.420+0000: 7914.740: [GC
Desired survivor size 29949952 bytes, new threshold 1 (max 15)
 [PSYoungGen: 2763552K->20498K(2766464K)] 4005816K->1263286K(8358912K), 0.0344560 secs] [Times: user=0.22 sys=0.02, real=0.04 secs] 
2011-02-12T02:30:30.131+0000: 7919.451: [GC
Desired survivor size 28704768 bytes, new threshold 1 (max 15)
 [PSYoungGen: 2758162K->15905K(2766912K)] 4000950K->1259223K(8359360K), 0.0298820 secs] [Times: user=0.18 sys=0.01, real=0.03 secs] 
2011-02-12T02:30:34.990+0000: 7924.310: [GC
Desired survivor size 29491200 bytes, new threshold 1 (max 15)
 [PSYoungGen: 2753569K->4672K(2766592K)] 3996887K->1248478K(8359040K), 0.0174720 secs] [Times: user=0.10 sys=0.01, real=0.02 secs] 
2011-02-12T02:30:39.639+0000: 7928.959: [GC
Desired survivor size 30081024 bytes, new threshold 1 (max 15)
 [PSYoungGen: 2743232K->20320K(2758912K)] 3987038K->1264526K(8351360K), 0.0348780 secs] [Times: user=0.22 sys=0.01, real=0.04 secs] 
2011-02-12T02:30:44.566+0000: 7933.885: [GC
Desired survivor size 30146560 bytes, new threshold 1 (max 15)
 [PSYoungGen: 2758880K->7168K(2766656K)] 4003086K->1251774K(8359104K), 0.0197450 secs] [Times: user=0.11 sys=0.01, real=0.02 secs] 
2011-02-12T02:30:49.351+0000: 7938.671: [GC
Desired survivor size 30015488 bytes, new threshold 1 (max 15)
 [PSYoungGen: 2744448K->6592K(2766720K)] 3989054K->1251730K(8359168K), 0.0192580 secs] [Times: user=0.11 sys=0.01, real=0.02 secs] 
2011-02-12T02:30:53.948+0000: 7943.268: [GC
Desired survivor size 30015488 bytes, new threshold 1 (max 15)
 [PSYoungGen: 2743872K->18032K(2766848K)] 3989010K->1263642K(8359296K), 0.0332510 secs] [Times: user=0.22 sys=0.02, real=0.03 secs] 
2011-02-12T02:30:58.575+0000: 7947.895: [GC
Desired survivor size 28835840 bytes, new threshold 1 (max 15)
 [PSYoungGen: 2755568K->12387K(2766848K)] 4001178K->1258695K(8359296K), 0.0293530 secs] [Times: user=0.17 sys=0.03, real=0.03 secs] 
2011-02-12T02:31:02.683+0000: 7952.003: [GC
Desired survivor size 32047104 bytes, new threshold 1 (max 15)
 [PSYoungGen: 2749923K->26322K(2761728K)] 3996231K->1273346K(8354176K), 0.0416470 secs] [Times: user=0.25 sys=0.02, real=0.04 secs] 
2011-02-12T02:31:07.212+0000: 7956.532: [GC
Desired survivor size 30539776 bytes, new threshold 1 (max 15)
 [PSYoungGen: 2759890K->14516K(2764864K)] 4006914K->1262346K(8357312K), 0.0296180 secs] [Times: user=0.18 sys=0.01, real=0.03 secs] 
2011-02-12T02:31:11.217+0000: 7960.536: [GC
Desired survivor size 29097984 bytes, new threshold 1 (max 15)
 [PSYoungGen: 2748084K->15011K(2767744K)] 3995914K->1263534K(8360192K), 0.0290120 secs] [Times: user=0.16 sys=0.01, real=0.03 secs] 
2011-02-12T02:31:15.328+0000: 7964.648: [GC
Desired survivor size 30539776 bytes, new threshold 1 (max 15)
 [PSYoungGen: 2752931K->22689K(2766336K)] 4001454K->1272007K(8358784K), 0.0372780 secs] [Times: user=0.25 sys=0.02, real=0.04 secs] 
2011-02-12T02:31:19.640+0000: 7968.959: [GC
Desired survivor size 30539776 bytes, new threshold 1 (max 15)
 [PSYoungGen: 2760609K->8138K(2766336K)] 4009927K->1257957K(8358784K), 0.0219300 secs] [Times: user=0.13 sys=0.01, real=0.02 secs] 
2011-02-12T02:31:24.021+0000: 7973.341: [GC
Desired survivor size 29294592 bytes, new threshold 1 (max 15)
 [PSYoungGen: 2744650K->15994K(2766336K)] 3994469K->1266173K(8358784K), 0.0293250 secs] [Times: user=0.20 sys=0.01, real=0.03 secs] 
2011-02-12T02:31:28.104+0000: 7977.424: [GC
Desired survivor size 31719424 bytes, new threshold 1 (max 15)
 [PSYoungGen: 2752506K->25268K(2762816K)] 4002685K->1275839K(8355264K), 0.0394350 secs] [Times: user=0.26 sys=0.02, real=0.04 secs] 
2011-02-12T02:31:32.755+0000: 7982.075: [GC
Desired survivor size 30474240 bytes, new threshold 1 (max 15)
 [PSYoungGen: 2759476K->16928K(2765184K)] 4010047K->1267939K(8357632K), 0.0310000 secs] [Times: user=0.20 sys=0.01, real=0.03 secs] 
2011-02-12T02:31:37.321+0000: 7986.641: [GC
Desired survivor size 30146560 bytes, new threshold 1 (max 15)
 [PSYoungGen: 2751136K->10553K(2766720K)] 4002147K->1262165K(8359168K), 0.0247100 secs] [Times: user=0.12 sys=0.01, real=0.03 secs] 
2011-02-12T02:31:42.072+0000: 7991.392: [GC
Desired survivor size 30277632 bytes, new threshold 1 (max 15)
 [PSYoungGen: 2747513K->7013K(2766400K)] 3999125K->1259140K(8358848K), 0.0209020 secs] [Times: user=0.11 sys=0.01, real=0.03 secs] 
2011-02-12T02:31:47.432+0000: 7996.752: [GC
Desired survivor size 29032448 bytes, new threshold 1 (max 15)
 [PSYoungGen: 2743973K->13140K(2767808K)] 3996100K->1265837K(8360256K), 0.0270440 secs] [Times: user=0.17 sys=0.01, real=0.03 secs] 
2011-02-12T02:31:52.611+0000: 8001.931: [GC
Desired survivor size 30081024 bytes, new threshold 1 (max 15)
 [PSYoungGen: 2751380K->21024K(2766592K)] 4004077K->1274164K(8359040K), 0.0374900 secs] [Times: user=0.22 sys=0.01, real=0.04 secs] 
2011-02-12T02:31:57.933+0000: 8007.252: [GC
Desired survivor size 28639232 bytes, new threshold 1 (max 15)
 [PSYoungGen: 2759264K->15147K(2768192K)] 4012404K->1268831K(8360640K), 0.0275960 secs] [Times: user=0.19 sys=0.01, real=0.03 secs] 
2011-02-12T02:32:02.569+0000: 8011.888: [GC
Desired survivor size 28639232 bytes, new threshold 1 (max 15)
 [PSYoungGen: 2753963K->7987K(2766784K)] 4007647K->1262423K(8359232K), 0.0231960 secs] [Times: user=0.12 sys=0.01, real=0.02 secs] 
2011-02-12T02:32:07.125+0000: 8016.445: [GC
Desired survivor size 29163520 bytes, new threshold 1 (max 15)
 [PSYoungGen: 2746803K->19614K(2767168K)] 4001239K->1274958K(8359616K), 0.0339350 secs] [Times: user=0.23 sys=0.02, real=0.04 secs] 
2011-02-12T02:32:11.994+0000: 8021.314: [GC
Desired survivor size 29556736 bytes, new threshold 1 (max 15)
 [PSYoungGen: 2758814K->4992K(2744192K)] 4014158K->1260959K(8336640K), 0.0194680 secs] [Times: user=0.10 sys=0.02, real=0.02 secs] 
2011-02-12T02:32:16.932+0000: 8026.252: [GC
Desired survivor size 29491200 bytes, new threshold 1 (max 15)
 [PSYoungGen: 2744192K->5792K(2767360K)] 4000159K->1262279K(8359808K), 0.0198740 secs] [Times: user=0.11 sys=0.01, real=0.02 secs] 
2011-02-12T02:32:21.428+0000: 8030.747: [GC
Desired survivor size 29687808 bytes, new threshold 1 (max 15)
 [PSYoungGen: 2744288K->17920K(2756416K)] 4000775K->1274916K(8348864K), 0.0317800 secs] [Times: user=0.20 sys=0.01, real=0.03 secs] 
2011-02-12T02:32:25.653+0000: 8034.973: [GC
Desired survivor size 32112640 bytes, new threshold 1 (max 15)
 [PSYoungGen: 2756416K->24224K(2762432K)] 4013412K->1281712K(8354880K), 0.0375970 secs] [Times: user=0.27 sys=0.01, real=0.04 secs] 
2011-02-12T02:32:30.527+0000: 8039.847: [GC
Desired survivor size 30670848 bytes, new threshold 1 (max 15)
 [PSYoungGen: 2757664K->13372K(2764800K)] 4015152K->1271212K(8357248K), 0.0270220 secs] [Times: user=0.16 sys=0.02, real=0.03 secs] 
2011-02-12T02:32:35.480+0000: 8044.799: [GC
Desired survivor size 29163520 bytes, new threshold 1 (max 15)
 [PSYoungGen: 2746812K->14806K(2767680K)] 4004652K->1273123K(8360128K), 0.0290920 secs] [Times: user=0.18 sys=0.02, real=0.03 secs] 
2011-02-12T02:32:40.467+0000: 8049.787: [GC
Desired survivor size 28639232 bytes, new threshold 1 (max 15)
 [PSYoungGen: 2752534K->16960K(2766208K)] 4010851K->1275731K(8358656K), 0.0313260 secs] [Times: user=0.19 sys=0.01, real=0.03 secs] 
2011-02-12T02:32:45.377+0000: 8054.697: [GC
Desired survivor size 27394048 bytes, new threshold 1 (max 15)
 [PSYoungGen: 2754688K->15136K(2769408K)] 4013459K->1274523K(8361856K), 0.0289110 secs] [Times: user=0.19 sys=0.02, real=0.03 secs] 
2011-02-12T02:32:50.372+0000: 8059.691: [GC
Desired survivor size 26279936 bytes, new threshold 1 (max 15)
 [PSYoungGen: 2756576K->14384K(2768192K)] 4015963K->1274255K(8360640K), 0.0299470 secs] [Times: user=0.18 sys=0.02, real=0.03 secs] 
2011-02-12T02:32:55.072+0000: 8064.391: [GC
Desired survivor size 25493504 bytes, new threshold 1 (max 15)
 [PSYoungGen: 2755824K->12880K(2771264K)] 4015695K->1273284K(8363712K), 0.0263960 secs] [Times: user=0.16 sys=0.02, real=0.02 secs] 
2011-02-12T02:33:00.084+0000: 8069.404: [GC
Desired survivor size 25034752 bytes, new threshold 1 (max 15)
 [PSYoungGen: 2758480K->11346K(2770496K)] 4018884K->1272306K(8362944K), 0.0261230 secs] [Times: user=0.14 sys=0.01, real=0.02 secs] 
2011-02-12T02:33:04.731+0000: 8074.051: [GC
Desired survivor size 24707072 bytes, new threshold 1 (max 15)
 [PSYoungGen: 2756946K->10159K(2772032K)] 4017906K->1271901K(8364480K), 0.0245130 secs] [Times: user=0.14 sys=0.02, real=0.03 secs] 
2011-02-12T02:33:09.435+0000: 8078.755: [GC
Desired survivor size 24707072 bytes, new threshold 1 (max 15)
 [PSYoungGen: 2757743K->7936K(2771712K)] 4019485K->1270401K(8364160K), 0.0215280 secs] [Times: user=0.12 sys=0.01, real=0.02 secs] 
2011-02-12T02:33:14.343+0000: 8083.663: [GC
Desired survivor size 24248320 bytes, new threshold 1 (max 15)
 [PSYoungGen: 2755520K->9760K(2772480K)] 4017985K->1272753K(8364928K), 0.0241700 secs] [Times: user=0.15 sys=0.01, real=0.03 secs] 
2011-02-12T02:33:19.265+0000: 8088.584: [GC
Desired survivor size 23920640 bytes, new threshold 1 (max 15)
 [PSYoungGen: 2758112K->8448K(2772032K)] 4021105K->1271929K(8364480K), 0.0244250 secs] [Times: user=0.14 sys=0.02, real=0.03 secs] 
2011-02-12T02:33:23.897+0000: 8093.217: [GC
Desired survivor size 26738688 bytes, new threshold 1 (max 15)
 [PSYoungGen: 2756800K->22909K(2767296K)] 4020281K->1286903K(8359744K), 0.0394020 secs] [Times: user=0.26 sys=0.02, real=0.04 secs] 
2011-02-12T02:33:28.619+0000: 8097.939: [GC
Desired survivor size 26738688 bytes, new threshold 1 (max 15)
 [PSYoungGen: 2766845K->16822K(2770048K)] 4030839K->1281416K(8362496K), 0.0327110 secs] [Times: user=0.21 sys=0.02, real=0.03 secs] 
2011-02-12T02:33:33.348+0000: 8102.668: [GC
Desired survivor size 25559040 bytes, new threshold 1 (max 15)
 [PSYoungGen: 2760758K->14048K(2771200K)] 4025352K->1279192K(8363648K), 0.0279840 secs] [Times: user=0.17 sys=0.01, real=0.02 secs] 
2011-02-12T02:33:38.028+0000: 8107.347: [GC
Desired survivor size 25559040 bytes, new threshold 1 (max 15)
 [PSYoungGen: 2759136K->7136K(2770048K)] 4024280K->1272668K(8362496K), 0.0198120 secs] [Times: user=0.13 sys=0.00, real=0.02 secs] 
2011-02-12T02:33:42.756+0000: 8112.075: [GC
Desired survivor size 25755648 bytes, new threshold 1 (max 15)
 [PSYoungGen: 2752224K->5196K(2770816K)] 4017756K->1271129K(8363264K), 0.0196420 secs] [Times: user=0.09 sys=0.01, real=0.02 secs] 
2011-02-12T02:33:47.515+0000: 8116.834: [GC
Desired survivor size 27459584 bytes, new threshold 1 (max 15)
 [PSYoungGen: 2751052K->20224K(2766080K)] 4016985K->1286678K(8358528K), 0.0338700 secs] [Times: user=0.22 sys=0.01, real=0.04 secs] 
2011-02-12T02:33:52.247+0000: 8121.566: [GC
Desired survivor size 27721728 bytes, new threshold 1 (max 15)
 [PSYoungGen: 2766080K->17600K(2768832K)] 4032534K->1284558K(8361280K), 0.0306060 secs] [Times: user=0.20 sys=0.01, real=0.03 secs] 
2011-02-12T02:33:56.845+0000: 8126.165: [GC
Desired survivor size 27000832 bytes, new threshold 1 (max 15)
 [PSYoungGen: 2759616K->10016K(2769088K)] 4026574K->1277506K(8361536K), 0.0252790 secs] [Times: user=0.13 sys=0.01, real=0.03 secs] 
2011-02-12T02:34:01.595+0000: 8130.915: [GC
Desired survivor size 26345472 bytes, new threshold 1 (max 15)
 [PSYoungGen: 2752032K->9150K(2770432K)] 4019522K->1277313K(8362880K), 0.0561450 secs] [Times: user=0.11 sys=0.01, real=0.06 secs] 
2011-02-12T02:34:05.817+0000: 8135.137: [GC
Desired survivor size 25100288 bytes, new threshold 1 (max 15)
 [PSYoungGen: 2753214K->12632K(2769792K)] 4021377K->1281732K(8362240K), 0.0283480 secs] [Times: user=0.16 sys=0.01, real=0.03 secs] 
2011-02-12T02:34:10.613+0000: 8139.933: [GC
Desired survivor size 25427968 bytes, new threshold 1 (max 15)
 [PSYoungGen: 2756696K->16960K(2771008K)] 4025796K->1286644K(8363456K), 0.0322240 secs] [Times: user=0.19 sys=0.02, real=0.03 secs] 
2011-02-12T02:34:15.495+0000: 8144.814: [GC
Desired survivor size 25100288 bytes, new threshold 1 (max 15)
 [PSYoungGen: 2763456K->15456K(2771328K)] 4033140K->1285632K(8363776K), 0.0292450 secs] [Times: user=0.19 sys=0.01, real=0.03 secs] 
2011-02-12T02:34:20.544+0000: 8149.863: [GC
Desired survivor size 26869760 bytes, new threshold 1 (max 15)
 [PSYoungGen: 2761952K->21184K(2768192K)] 4032128K->1291860K(8360640K), 0.0362030 secs] [Times: user=0.25 sys=0.02, real=0.03 secs] 
2011-02-12T02:34:25.785+0000: 8155.105: [GC
Desired survivor size 26607616 bytes, new threshold 1 (max 15)
 [PSYoungGen: 2764864K->8832K(2769920K)] 4035540K->1280008K(8362368K), 0.0232570 secs] [Times: user=0.13 sys=0.01, real=0.02 secs] 
2011-02-12T02:34:30.767+0000: 8160.087: [GC
Desired survivor size 26017792 bytes, new threshold 1 (max 15)
 [PSYoungGen: 2752512K->15392K(2770752K)] 4023688K->1287164K(8363200K), 0.0302530 secs] [Times: user=0.20 sys=0.01, real=0.03 secs] 
2011-02-12T02:34:35.859+0000: 8165.179: [GC
Desired survivor size 26345472 bytes, new threshold 1 (max 15)
 [PSYoungGen: 2760160K->17818K(2770176K)] 4031932K->1290135K(8362624K), 0.0328170 secs] [Times: user=0.21 sys=0.02, real=0.03 secs] 
2011-02-12T02:34:40.470+0000: 8169.790: [GC
Desired survivor size 25624576 bytes, new threshold 1 (max 15)
 [PSYoungGen: 2762586K->11616K(2771136K)] 4034903K->1284404K(8363584K), 0.0251370 secs] [Times: user=0.15 sys=0.02, real=0.03 secs] 
2011-02-12T02:34:45.280+0000: 8174.600: [GC
Desired survivor size 25231360 bytes, new threshold 1 (max 15)
 [PSYoungGen: 2757024K->9760K(2770432K)] 4029812K->1283072K(8362880K), 0.0248490 secs] [Times: user=0.13 sys=0.01, real=0.03 secs] 
2011-02-12T02:34:50.266+0000: 8179.586: [GC
Desired survivor size 24641536 bytes, new threshold 1 (max 15)
 [PSYoungGen: 2755168K->10264K(2772096K)] 4028480K->1283945K(8364544K), 0.0237760 secs] [Times: user=0.14 sys=0.01, real=0.02 secs] 
2011-02-12T02:34:55.231+0000: 8184.551: [GC
Desired survivor size 24313856 bytes, new threshold 1 (max 15)
 [PSYoungGen: 2757720K->9039K(2771520K)] 4031401K->1283233K(8363968K), 0.0239220 secs] [Times: user=0.14 sys=0.02, real=0.02 secs] 
2011-02-12T02:34:59.992+0000: 8189.312: [GC
Desired survivor size 24182784 bytes, new threshold 1 (max 15)
 [PSYoungGen: 2756495K->6928K(2772544K)] 4030689K->1281689K(8364992K), 0.0233720 secs] [Times: user=0.10 sys=0.02, real=0.02 secs] 
2011-02-12T02:35:04.335+0000: 8193.654: [GC
Desired survivor size 24969216 bytes, new threshold 1 (max 15)
 [PSYoungGen: 2755728K->17306K(2766144K)] 4030489K->1292900K(8358592K), 0.0318220 secs] [Times: user=0.20 sys=0.02, real=0.03 secs] 
2011-02-12T02:35:08.853+0000: 8198.172: [GC
Desired survivor size 24379392 bytes, new threshold 1 (max 15)
 [PSYoungGen: 2766106K->14342K(2772352K)] 4041700K->1290758K(8364800K), 0.0290500 secs] [Times: user=0.15 sys=0.02, real=0.03 secs] 
2011-02-12T02:35:13.385+0000: 8202.705: [GC
Desired survivor size 24576000 bytes, new threshold 1 (max 15)
 [PSYoungGen: 2762310K->5565K(2771776K)] 4038726K->1282481K(8364224K), 0.0176840 secs] [Times: user=0.11 sys=0.01, real=0.02 secs] 
2011-02-12T02:35:17.866+0000: 8207.185: [GC
Desired survivor size 24182784 bytes, new threshold 1 (max 15)
 [PSYoungGen: 2753533K->14432K(2772544K)] 4030449K->1291767K(8364992K), 0.0285190 secs] [Times: user=0.17 sys=0.02, real=0.03 secs] 
2011-02-12T02:35:22.422+0000: 8211.742: [GC
Desired survivor size 23855104 bytes, new threshold 1 (max 15)
 [PSYoungGen: 2762976K->7952K(2772160K)] 4040311K->1285679K(8364608K), 0.0214700 secs] [Times: user=0.11 sys=0.01, real=0.02 secs] 
2011-02-12T02:35:26.873+0000: 8216.193: [GC
Desired survivor size 25296896 bytes, new threshold 1 (max 15)
 [PSYoungGen: 2756496K->18848K(2770048K)] 4034223K->1297094K(8362496K), 0.0330080 secs] [Times: user=0.20 sys=0.02, real=0.03 secs] 
2011-02-12T02:35:31.301+0000: 8220.621: [GC
Desired survivor size 24313856 bytes, new threshold 1 (max 15)
 [PSYoungGen: 2765600K->11008K(2771456K)] 4043846K->1289678K(8363904K), 0.0261650 secs] [Times: user=0.15 sys=0.01, real=0.02 secs] 
2011-02-12T02:35:36.247+0000: 8225.567: [GC
Desired survivor size 23658496 bytes, new threshold 1 (max 15)
 [PSYoungGen: 2757760K->13664K(2773056K)] 4036430K->1292766K(8365504K), 0.0273670 secs] [Times: user=0.17 sys=0.02, real=0.03 secs] 
2011-02-12T02:35:40.899+0000: 8230.219: [GC
Desired survivor size 23396352 bytes, new threshold 1 (max 15)
 [PSYoungGen: 2762976K->7744K(2772416K)] 4042078K->1287318K(8364864K), 0.0219650 secs] [Times: user=0.12 sys=0.01, real=0.02 secs] 
2011-02-12T02:35:45.890+0000: 8235.210: [GC
Desired survivor size 23068672 bytes, new threshold 1 (max 15)
 [PSYoungGen: 2757056K->7936K(2773632K)] 4036630K->1288022K(8366080K), 0.0225710 secs] [Times: user=0.12 sys=0.01, real=0.03 secs] 
2011-02-12T02:35:50.884+0000: 8240.204: [GC
Desired survivor size 22020096 bytes, new threshold 1 (max 15)
 [PSYoungGen: 2758720K->11936K(2773312K)] 4038806K->1292606K(8365760K), 0.0265900 secs] [Times: user=0.16 sys=0.01, real=0.02 secs] 
2011-02-12T02:35:55.979+0000: 8245.298: [GC
Desired survivor size 22085632 bytes, new threshold 1 (max 15)
 [PSYoungGen: 2762720K->14544K(2774528K)] 4043390K->1295638K(8366976K), 0.0281870 secs] [Times: user=0.18 sys=0.01, real=0.03 secs] 
2011-02-12T02:36:00.503+0000: 8249.822: [GC
Desired survivor size 21954560 bytes, new threshold 1 (max 15)
 [PSYoungGen: 2767568K->7282K(2774592K)] 4048662K->1289024K(8367040K), 0.0213370 secs] [Times: user=0.13 sys=0.02, real=0.03 secs] 
2011-02-12T02:36:04.759+0000: 8254.078: [GC
Desired survivor size 21168128 bytes, new threshold 1 (max 15)
 [PSYoungGen: 2760306K->12200K(2775488K)] 4042048K->1294696K(8367936K), 0.0262430 secs] [Times: user=0.16 sys=0.01, real=0.03 secs] 
2011-02-12T02:36:09.326+0000: 8258.646: [GC
Desired survivor size 21037056 bytes, new threshold 1 (max 15)
 [PSYoungGen: 2766248K->6962K(2774720K)] 4048744K->1290290K(8367168K), 0.0206560 secs] [Times: user=0.12 sys=0.01, real=0.02 secs] 
2011-02-12T02:36:13.591+0000: 8262.911: [GC
Desired survivor size 20447232 bytes, new threshold 1 (max 15)
 [PSYoungGen: 2761010K->12112K(2776192K)] 4044338K->1296062K(8368640K), 0.0254460 secs] [Times: user=0.16 sys=0.01, real=0.03 secs] 
2011-02-12T02:36:18.034+0000: 8267.354: [GC
Desired survivor size 20381696 bytes, new threshold 1 (max 15)
 [PSYoungGen: 2767760K->6712K(2775616K)] 4051710K->1291195K(8368064K), 0.0217870 secs] [Times: user=0.13 sys=0.02, real=0.02 secs] 
2011-02-12T02:36:22.905+0000: 8272.225: [GC
Desired survivor size 19922944 bytes, new threshold 1 (max 15)
 [PSYoungGen: 2762360K->8064K(2776704K)] 4046843K->1293419K(8369152K), 0.0235930 secs] [Times: user=0.13 sys=0.02, real=0.03 secs] 
2011-02-12T02:36:27.887+0000: 8277.206: [GC
Desired survivor size 19333120 bytes, new threshold 1 (max 15)
 [PSYoungGen: 2764864K->8640K(2776256K)] 4050219K->1294435K(8368704K), 0.0237850 secs] [Times: user=0.11 sys=0.01, real=0.03 secs] 
2011-02-12T02:36:32.522+0000: 8281.842: [GC
Desired survivor size 23199744 bytes, new threshold 1 (max 15)
 [PSYoungGen: 2765440K->18876K(2769728K)] 4051235K->1308615K(8362176K), 0.0379290 secs] [Times: user=0.25 sys=0.02, real=0.04 secs] 
2011-02-12T02:36:37.078+0000: 8286.398: [GC
Desired survivor size 22478848 bytes, new threshold 1 (max 15)
 [PSYoungGen: 2769724K->12608K(2773504K)] 4059463K->1302783K(8365952K), 0.0269870 secs] [Times: user=0.17 sys=0.01, real=0.03 secs] 
2011-02-12T02:36:41.852+0000: 8291.172: [GC
Desired survivor size 21626880 bytes, new threshold 1 (max 15)
 [PSYoungGen: 2763456K->10560K(2775040K)] 4053631K->1301159K(8367488K), 0.0242930 secs] [Times: user=0.15 sys=0.02, real=0.02 secs] 
2011-02-12T02:36:46.724+0000: 8296.044: [GC
Desired survivor size 21168128 bytes, new threshold 1 (max 15)
 [PSYoungGen: 2763648K->8320K(2774208K)] 4054247K->1299387K(8366656K), 0.0236850 secs] [Times: user=0.14 sys=0.02, real=0.02 secs] 
2011-02-12T02:36:51.678+0000: 8300.998: [GC
Desired survivor size 20643840 bytes, new threshold 1 (max 15)
 [PSYoungGen: 2761408K->8704K(2776000K)] 4052475K->1300303K(8368448K), 0.0232980 secs] [Times: user=0.12 sys=0.02, real=0.03 secs] 
2011-02-12T02:36:56.647+0000: 8305.966: [GC
Desired survivor size 20054016 bytes, new threshold 1 (max 15)
 [PSYoungGen: 2764032K->9201K(2775488K)] 4055631K->1301328K(8367936K), 0.0222050 secs] [Times: user=0.14 sys=0.01, real=0.02 secs] 
2011-02-12T02:37:01.182+0000: 8310.502: [GC
Desired survivor size 24838144 bytes, new threshold 1 (max 15)
 [PSYoungGen: 2764529K->19570K(2767232K)] 4056656K->1317890K(8359680K), 0.0468100 secs] [Times: user=0.26 sys=0.03, real=0.04 secs] 
2011-02-12T02:37:05.184+0000: 8314.504: [GC
Desired survivor size 27918336 bytes, new threshold 1 (max 15)
 [PSYoungGen: 2767218K->23680K(2771392K)] 4065538K->1323051K(8363840K), 0.0395150 secs] [Times: user=0.25 sys=0.01, real=0.04 secs] 
2011-02-12T02:37:09.895+0000: 8319.215: [GC
Desired survivor size 29491200 bytes, new threshold 1 (max 15)
 [PSYoungGen: 2771328K->21376K(2763328K)] 4070699K->1321231K(8355776K), 0.0356920 secs] [Times: user=0.23 sys=0.01, real=0.03 secs] 
2011-02-12T02:37:14.505+0000: 8323.824: [GC
Desired survivor size 28639232 bytes, new threshold 1 (max 15)
 [PSYoungGen: 2759936K->15856K(2767360K)] 4059791K->1316207K(8359808K), 0.0309740 secs] [Times: user=0.19 sys=0.02, real=0.03 secs] 
2011-02-12T02:37:19.137+0000: 8328.457: [GC
Desired survivor size 28377088 bytes, new threshold 1 (max 15)
 [PSYoungGen: 2754416K->7744K(2768448K)] 4054767K->1308619K(8360896K), 0.0243270 secs] [Times: user=0.12 sys=0.02, real=0.02 secs] 
2011-02-12T02:37:23.707+0000: 8333.027: [GC
Desired survivor size 30670848 bytes, new threshold 1 (max 15)
 [PSYoungGen: 2748224K->23520K(2764032K)] 4049099K->1324955K(8356480K), 0.0396720 secs] [Times: user=0.25 sys=0.01, real=0.04 secs] 
2011-02-12T02:37:28.357+0000: 8337.677: [GC
Desired survivor size 30015488 bytes, new threshold 1 (max 15)
 [PSYoungGen: 2764000K->17131K(2766848K)] 4065435K->1319091K(8359296K), 0.0308610 secs] [Times: user=0.20 sys=0.01, real=0.03 secs] 
2011-02-12T02:37:33.125+0000: 8342.445: [GC
Desired survivor size 28901376 bytes, new threshold 1 (max 15)
 [PSYoungGen: 2754027K->13088K(2766208K)] 4055987K->1315531K(8358656K), 0.0281630 secs] [Times: user=0.16 sys=0.02, real=0.03 secs] 
2011-02-12T02:37:37.990+0000: 8347.310: [GC
Desired survivor size 28573696 bytes, new threshold 1 (max 15)
 [PSYoungGen: 2749984K->8800K(2768256K)] 4052427K->1311583K(8360704K), 0.0226790 secs] [Times: user=0.13 sys=0.01, real=0.02 secs] 
2011-02-12T02:37:42.643+0000: 8351.963: [GC
Desired survivor size 28246016 bytes, new threshold 1 (max 15)
 [PSYoungGen: 2748832K->7857K(2767936K)] 4051615K->1311037K(8360384K), 0.0214880 secs] [Times: user=0.11 sys=0.00, real=0.02 secs] 
2011-02-12T02:37:47.206+0000: 8356.526: [GC
Desired survivor size 31719424 bytes, new threshold 1 (max 15)
 [PSYoungGen: 2747889K->26391K(2761792K)] 4051069K->1329898K(8354240K), 0.0391520 secs] [Times: user=0.27 sys=0.01, real=0.04 secs] 
2011-02-12T02:37:51.557+0000: 8360.877: [GC
Desired survivor size 30932992 bytes, new threshold 1 (max 15)
 [PSYoungGen: 2760599K->9536K(2765184K)] 4064106K->1313698K(8357632K), 0.0237000 secs] [Times: user=0.14 sys=0.02, real=0.03 secs] 
2011-02-12T02:37:56.188+0000: 8365.508: [GC
Desired survivor size 30605312 bytes, new threshold 1 (max 15)
 [PSYoungGen: 2743744K->6832K(2766272K)] 4047906K->1311482K(8358720K), 0.0205330 secs] [Times: user=0.11 sys=0.02, real=0.03 secs] 
2011-02-12T02:38:01.210+0000: 8370.530: [GC
Desired survivor size 30081024 bytes, new threshold 1 (max 15)
 [PSYoungGen: 2742896K->7054K(2765952K)] 4047546K->1312301K(8358400K), 0.0210580 secs] [Times: user=0.11 sys=0.02, real=0.02 secs] 
2011-02-12T02:38:05.665+0000: 8374.984: [GC
Desired survivor size 30998528 bytes, new threshold 1 (max 15)
 [PSYoungGen: 2743118K->19726K(2764992K)] 4048365K->1326017K(8357440K), 0.0345570 secs] [Times: user=0.23 sys=0.02, real=0.04 secs] 
2011-02-12T02:38:10.291+0000: 8379.611: [GC
Desired survivor size 29884416 bytes, new threshold 1 (max 15)
 [PSYoungGen: 2755342K->10176K(2765888K)] 4061633K->1316982K(8358336K), 0.0247880 secs] [Times: user=0.14 sys=0.02, real=0.02 secs] 
2011-02-12T02:38:14.909+0000: 8384.229: [GC
Desired survivor size 29687808 bytes, new threshold 1 (max 15)
 [PSYoungGen: 2745792K->4800K(2767168K)] 4052598K->1312094K(8359616K), 0.0190300 secs] [Times: user=0.10 sys=0.01, real=0.02 secs] 
2011-02-12T02:38:19.489+0000: 8388.808: [GC
Desired survivor size 30474240 bytes, new threshold 1 (max 15)
 [PSYoungGen: 2742784K->18944K(2756928K)] 4050078K->1326630K(8349376K), 0.0348630 secs] [Times: user=0.19 sys=0.01, real=0.04 secs] 
2011-02-12T02:38:24.153+0000: 8393.472: [GC
Desired survivor size 31129600 bytes, new threshold 1 (max 15)
 [PSYoungGen: 2756928K->19221K(2765120K)] 4064614K->1327288K(8357568K), 0.0328900 secs] [Times: user=0.21 sys=0.01, real=0.03 secs] 
2011-02-12T02:38:28.693+0000: 8398.012: [GC
Desired survivor size 29884416 bytes, new threshold 1 (max 15)
 [PSYoungGen: 2754581K->10806K(2765760K)] 4062648K->1319341K(8358208K), 0.0244220 secs] [Times: user=0.16 sys=0.01, real=0.02 secs] 
2011-02-12T02:38:33.874+0000: 8403.193: [GC
Desired survivor size 29622272 bytes, new threshold 1 (max 15)
 [PSYoungGen: 2746166K->16885K(2767232K)] 4054701K->1325828K(8359680K), 0.0321550 secs] [Times: user=0.20 sys=0.01, real=0.03 secs] 
2011-02-12T02:38:38.256+0000: 8407.575: [GC
Desired survivor size 29884416 bytes, new threshold 1 (max 15)
 [PSYoungGen: 2754933K->3232K(2766976K)] 4063876K->1312727K(8359424K), 0.0166400 secs] [Times: user=0.09 sys=0.01, real=0.01 secs] 
2011-02-12T02:38:43.291+0000: 8412.611: [GC
Desired survivor size 29884416 bytes, new threshold 1 (max 15)
 [PSYoungGen: 2741280K->3008K(2766976K)] 4050775K->1313031K(8359424K), 0.0164680 secs] [Times: user=0.08 sys=0.01, real=0.02 secs] 
2011-02-12T02:38:48.043+0000: 8417.363: [GC
Desired survivor size 32374784 bytes, new threshold 1 (max 15)
 [PSYoungGen: 2740800K->22912K(2760704K)] 4050823K->1333395K(8353152K), 0.0360820 secs] [Times: user=0.25 sys=0.01, real=0.04 secs] 
2011-02-12T02:38:52.913+0000: 8422.233: [GC
Desired survivor size 33095680 bytes, new threshold 1 (max 15)
 [PSYoungGen: 2760704K->19904K(2763136K)] 4071187K->1330899K(8355584K), 0.0329310 secs] [Times: user=0.22 sys=0.00, real=0.04 secs] 
2011-02-12T02:38:58.070+0000: 8427.390: [GC
Desired survivor size 31719424 bytes, new threshold 1 (max 15)
 [PSYoungGen: 2751424K->10480K(2763840K)] 4062419K->1321899K(8356288K), 0.0245210 secs] [Times: user=0.15 sys=0.02, real=0.02 secs] 
2011-02-12T02:39:02.912+0000: 8432.231: [GC
Desired survivor size 30146560 bytes, new threshold 1 (max 15)
 [PSYoungGen: 2742000K->11781K(2766720K)] 4053419K->1323892K(8359168K), 0.0261150 secs] [Times: user=0.16 sys=0.02, real=0.03 secs] 
2011-02-12T02:39:07.165+0000: 8436.484: [GC
Desired survivor size 29425664 bytes, new threshold 1 (max 15)
 [PSYoungGen: 2747525K->15520K(2765184K)] 4059636K->1328646K(8357632K), 0.0304590 secs] [Times: user=0.19 sys=0.01, real=0.03 secs] 
2011-02-12T02:39:11.760+0000: 8441.080: [GC
Desired survivor size 28639232 bytes, new threshold 1 (max 15)
 [PSYoungGen: 2751264K->8736K(2768192K)] 4064390K->1322398K(8360640K), 0.0256160 secs] [Times: user=0.12 sys=0.01, real=0.02 secs] 
2011-02-12T02:39:16.381+0000: 8445.701: [GC
Desired survivor size 27197440 bytes, new threshold 1 (max 15)
 [PSYoungGen: 2748192K->12204K(2767424K)] 4061854K->1326411K(8359872K), 0.0277530 secs] [Times: user=0.17 sys=0.02, real=0.03 secs] 
2011-02-12T02:39:21.203+0000: 8450.523: [GC
Desired survivor size 26279936 bytes, new threshold 1 (max 15)
 [PSYoungGen: 2751660K->10112K(2770496K)] 4065867K->1324791K(8362944K), 0.0255100 secs] [Times: user=0.14 sys=0.03, real=0.03 secs] 
2011-02-12T02:39:25.959+0000: 8455.279: [GC
Desired survivor size 25952256 bytes, new threshold 1 (max 15)
 [PSYoungGen: 2754048K->6604K(2769600K)] 4068727K->1321739K(8362048K), 0.0207990 secs] [Times: user=0.11 sys=0.02, real=0.02 secs] 
2011-02-12T02:39:30.837+0000: 8460.157: [GC
Desired survivor size 25755648 bytes, new threshold 1 (max 15)
 [PSYoungGen: 2750540K->5216K(2771008K)] 4065675K->1320783K(8363456K), 0.0196460 secs] [Times: user=0.10 sys=0.02, real=0.02 secs] 
2011-02-12T02:39:35.479+0000: 8464.799: [GC
Desired survivor size 27721728 bytes, new threshold 1 (max 15)
 [PSYoungGen: 2750880K->20128K(2765824K)] 4066447K->1336187K(8358272K), 0.0359660 secs] [Times: user=0.24 sys=0.02, real=0.04 secs] 
2011-02-12T02:39:40.406+0000: 8469.726: [GC
Desired survivor size 29753344 bytes, new threshold 1 (max 15)
 [PSYoungGen: 2765792K->21515K(2765120K)] 4081851K->1338075K(8357568K), 0.0353960 secs] [Times: user=0.23 sys=0.01, real=0.04 secs] 
2011-02-12T02:39:45.607+0000: 8474.927: [GC
Desired survivor size 29425664 bytes, new threshold 1 (max 15)
 [PSYoungGen: 2759563K->5376K(2767104K)] 4076123K->1322602K(8359552K), 0.0189620 secs] [Times: user=0.11 sys=0.01, real=0.02 secs] 
2011-02-12T02:39:50.565+0000: 8479.885: [GC
Desired survivor size 28901376 bytes, new threshold 1 (max 15)
 [PSYoungGen: 2743424K->5952K(2767936K)] 4060650K->1323602K(8360384K), 0.0208760 secs] [Times: user=0.10 sys=0.01, real=0.02 secs] 
2011-02-12T02:39:55.498+0000: 8484.818: [GC
Desired survivor size 28311552 bytes, new threshold 1 (max 15)
 [PSYoungGen: 2745152K->5232K(2767424K)] 4062802K->1323458K(8359872K), 0.0191340 secs] [Times: user=0.10 sys=0.02, real=0.02 secs] 
2011-02-12T02:40:00.443+0000: 8489.763: [GC
Desired survivor size 27328512 bytes, new threshold 1 (max 15)
 [PSYoungGen: 2744432K->12938K(2769472K)] 4062658K->1331729K(8361920K), 0.0264610 secs] [Times: user=0.15 sys=0.02, real=0.03 secs] 
2011-02-12T02:40:04.178+0000: 8493.498: [GC
Desired survivor size 26869760 bytes, new threshold 1 (max 15)
 [PSYoungGen: 2754762K->14193K(2768512K)] 4073553K->1333825K(8360960K), 0.0281760 secs] [Times: user=0.17 sys=0.01, real=0.03 secs] 
2011-02-12T02:40:08.573+0000: 8497.892: [GC
Desired survivor size 29163520 bytes, new threshold 1 (max 15)
 [PSYoungGen: 2756017K->21452K(2765440K)] 4075649K->1341710K(8357888K), 0.0362500 secs] [Times: user=0.24 sys=0.01, real=0.04 secs] 
2011-02-12T02:40:13.292+0000: 8502.612: [GC
Desired survivor size 28704768 bytes, new threshold 1 (max 15)
 [PSYoungGen: 2760652K->15704K(2767680K)] 4080910K->1336487K(8360128K), 0.0299960 secs] [Times: user=0.19 sys=0.01, real=0.03 secs] 
2011-02-12T02:40:17.873+0000: 8507.192: [GC
Desired survivor size 27656192 bytes, new threshold 1 (max 15)
 [PSYoungGen: 2754904K->9936K(2769152K)] 4075687K->1331327K(8361600K), 0.0236690 secs] [Times: user=0.15 sys=0.02, real=0.03 secs] 
2011-02-12T02:40:22.478+0000: 8511.797: [GC
Desired survivor size 29687808 bytes, new threshold 1 (max 15)
 [PSYoungGen: 2751056K->21760K(2762880K)] 4072447K->1343783K(8355328K), 0.0381400 secs] [Times: user=0.26 sys=0.01, real=0.04 secs] 
2011-02-12T02:40:26.828+0000: 8516.148: [GC
Desired survivor size 28442624 bytes, new threshold 1 (max 15)
 [PSYoungGen: 2762880K->11264K(2768384K)] 4084903K->1333835K(8360832K), 0.0265130 secs] [Times: user=0.15 sys=0.01, real=0.02 secs] 
2011-02-12T02:40:31.579+0000: 8520.899: [GC
Desired survivor size 27852800 bytes, new threshold 1 (max 15)
 [PSYoungGen: 2750656K->8272K(2767168K)] 4073227K->1331227K(8359616K), 0.0221590 secs] [Times: user=0.13 sys=0.02, real=0.02 secs] 
2011-02-12T02:40:36.193+0000: 8525.513: [GC
Desired survivor size 28508160 bytes, new threshold 1 (max 15)
 [PSYoungGen: 2747664K->18348K(2767680K)] 4070619K->1341795K(8360128K), 0.0334040 secs] [Times: user=0.20 sys=0.02, real=0.03 secs] 
2011-02-12T02:40:40.915+0000: 8530.235: [GC
Desired survivor size 28966912 bytes, new threshold 1 (max 15)
 [PSYoungGen: 2758828K->18451K(2758976K)] 4082275K->1342310K(8351424K), 0.0332730 secs] [Times: user=0.20 sys=0.02, real=0.03 secs] 
2011-02-12T02:40:45.673+0000: 8534.993: [GC
Desired survivor size 29032448 bytes, new threshold 1 (max 15)
 [PSYoungGen: 2758931K->17980K(2767744K)] 4082790K->1342316K(8360192K), 0.0330550 secs] [Times: user=0.20 sys=0.02, real=0.03 secs] 
2011-02-12T02:40:50.475+0000: 8539.795: [GC
Desired survivor size 27852800 bytes, new threshold 1 (max 15)
 [PSYoungGen: 2757436K->14944K(2767808K)] 4081772K->1339980K(8360256K), 0.0282990 secs] [Times: user=0.18 sys=0.02, real=0.03 secs] 
2011-02-12T02:40:55.325+0000: 8544.645: [GC
Desired survivor size 26607616 bytes, new threshold 1 (max 15)
 [PSYoungGen: 2754400K->14160K(2770176K)] 4079436K->1339696K(8362624K), 0.0302120 secs] [Times: user=0.17 sys=0.02, real=0.03 secs] 
2011-02-12T02:41:00.235+0000: 8549.554: [GC
Desired survivor size 25821184 bytes, new threshold 1 (max 15)
 [PSYoungGen: 2757136K->11730K(2768960K)] 4082672K->1337834K(8361408K), 0.0264560 secs] [Times: user=0.16 sys=0.01, real=0.03 secs] 
2011-02-12T02:41:04.871+0000: 8554.191: [GC
Desired survivor size 25952256 bytes, new threshold 1 (max 15)
 [PSYoungGen: 2754706K->6744K(2770688K)] 4080810K->1333606K(8363136K), 0.0216320 secs] [Times: user=0.12 sys=0.01, real=0.02 secs] 
2011-02-12T02:41:09.791+0000: 8559.111: [GC
Desired survivor size 25296896 bytes, new threshold 1 (max 15)
 [PSYoungGen: 2752216K->9984K(2770816K)] 4079078K->1337470K(8363264K), 0.0243990 secs] [Times: user=0.14 sys=0.01, real=0.03 secs] 
2011-02-12T02:41:15.133+0000: 8564.452: [GC
Desired survivor size 24707072 bytes, new threshold 1 (max 15)
 [PSYoungGen: 2755456K->14536K(2772032K)] 4082942K->1342398K(8364480K), 0.0286920 secs] [Times: user=0.18 sys=0.01, real=0.02 secs] 
2011-02-12T02:41:20.463+0000: 8569.783: [GC
Desired survivor size 24707072 bytes, new threshold 1 (max 15)
 [PSYoungGen: 2761864K->6816K(2771456K)] 4089726K->1335094K(8363904K), 0.0218100 secs] [Times: user=0.11 sys=0.01, real=0.02 secs] 
2011-02-12T02:41:25.690+0000: 8575.010: [GC
Desired survivor size 23855104 bytes, new threshold 1 (max 15)
 [PSYoungGen: 2754144K->10624K(2772864K)] 4082422K->1339506K(8365312K), 0.0251630 secs] [Times: user=0.14 sys=0.01, real=0.03 secs] 
2011-02-12T02:41:30.651+0000: 8579.970: [GC
Desired survivor size 22806528 bytes, new threshold 1 (max 15)
 [PSYoungGen: 2759360K->11872K(2772032K)] 4088242K->1341346K(8364480K), 0.0256150 secs] [Times: user=0.15 sys=0.01, real=0.03 secs] 
2011-02-12T02:41:35.168+0000: 8584.487: [GC
Desired survivor size 22937600 bytes, new threshold 1 (max 15)
 [PSYoungGen: 2760608K->5504K(2773632K)] 4090082K->1335650K(8366080K), 0.0188710 secs] [Times: user=0.10 sys=0.00, real=0.02 secs] 
2011-02-12T02:41:40.030+0000: 8589.350: [GC
Desired survivor size 22872064 bytes, new threshold 1 (max 15)
 [PSYoungGen: 2756864K->5792K(2773760K)] 4087010K->1336390K(8366208K), 0.0214270 secs] [Times: user=0.10 sys=0.02, real=0.02 secs] 
2011-02-12T02:41:44.758+0000: 8594.078: [GC
Desired survivor size 25821184 bytes, new threshold 1 (max 15)
 [PSYoungGen: 2757152K->21947K(2768064K)] 4087750K->1353009K(8360512K), 0.0362590 secs] [Times: user=0.24 sys=0.02, real=0.03 secs] 
2011-02-12T02:41:49.611+0000: 8598.930: [GC
Desired survivor size 26935296 bytes, new threshold 1 (max 15)
 [PSYoungGen: 2767675K->18592K(2764352K)] 4098737K->1350054K(8356800K), 0.0352350 secs] [Times: user=0.19 sys=0.01, real=0.03 secs] 
2011-02-12T02:41:54.558+0000: 8603.877: [GC
Desired survivor size 25559040 bytes, new threshold 1 (max 15)
 [PSYoungGen: 2764320K->12768K(2771200K)] 4095782K->1344734K(8363648K), 0.0283320 secs] [Times: user=0.16 sys=0.01, real=0.02 secs] 
2011-02-12T02:41:59.395+0000: 8608.715: [GC
Desired survivor size 24838144 bytes, new threshold 1 (max 15)
 [PSYoungGen: 2757664K->9968K(2769856K)] 4089630K->1342482K(8362304K), 0.0232070 secs] [Times: user=0.15 sys=0.01, real=0.03 secs] 
2011-02-12T02:42:03.440+0000: 8612.760: [GC
Desired survivor size 24969216 bytes, new threshold 1 (max 15)
 [PSYoungGen: 2754864K->15994K(2771648K)] 4087378K->1349185K(8364096K), 0.0306790 secs] [Times: user=0.18 sys=0.01, real=0.03 secs] 
2011-02-12T02:42:07.501+0000: 8616.821: [GC
Desired survivor size 24903680 bytes, new threshold 1 (max 15)
 [PSYoungGen: 2763386K->15808K(2771776K)] 4096577K->1349821K(8364224K), 0.0315970 secs] [Times: user=0.20 sys=0.02, real=0.03 secs] 
2011-02-12T02:42:12.003+0000: 8621.323: [GC
Desired survivor size 24707072 bytes, new threshold 1 (max 15)
 [PSYoungGen: 2763200K->7477K(2772032K)] 4097213K->1342090K(8364480K), 0.0214950 secs] [Times: user=0.13 sys=0.01, real=0.02 secs] 
2011-02-12T02:42:15.816+0000: 8625.136: [GC
Desired survivor size 24707072 bytes, new threshold 1 (max 15)
 [PSYoungGen: 2755189K->5856K(2771840K)] 4089802K->1340939K(8364288K), 0.0208530 secs] [Times: user=0.10 sys=0.02, real=0.02 secs] 
2011-02-12T02:42:20.840+0000: 8630.159: [GC
Desired survivor size 24576000 bytes, new threshold 1 (max 15)
 [PSYoungGen: 2753568K->5472K(2772160K)] 4088651K->1340954K(8364608K), 0.0193060 secs] [Times: user=0.10 sys=0.01, real=0.02 secs] 
2011-02-12T02:42:25.788+0000: 8635.108: [GC
Desired survivor size 24248320 bytes, new threshold 1 (max 15)
 [PSYoungGen: 2753504K->5600K(2772032K)] 4088986K->1341474K(8364480K), 0.0192330 secs] [Times: user=0.10 sys=0.01, real=0.02 secs] 
2011-02-12T02:42:30.596+0000: 8639.916: [GC
Desired survivor size 27000832 bytes, new threshold 1 (max 15)
 [PSYoungGen: 2753632K->21344K(2767104K)] 4089506K->1357570K(8359552K), 0.0358030 secs] [Times: user=0.23 sys=0.01, real=0.04 secs] 
2011-02-12T02:42:35.275+0000: 8644.594: [GC
Desired survivor size 27590656 bytes, new threshold 1 (max 15)
 [PSYoungGen: 2764768K->17272K(2760704K)] 4100994K->1354035K(8353152K), 0.0323370 secs] [Times: user=0.22 sys=0.02, real=0.03 secs] 
2011-02-12T02:42:39.940+0000: 8649.259: [GC
Desired survivor size 26476544 bytes, new threshold 1 (max 15)
 [PSYoungGen: 2760696K->13312K(2770304K)] 4097459K->1350699K(8362752K), 0.0294750 secs] [Times: user=0.18 sys=0.01, real=0.03 secs] 
2011-02-12T02:42:45.024+0000: 8654.344: [GC
Desired survivor size 26673152 bytes, new threshold 1 (max 15)
 [PSYoungGen: 2756672K->16608K(2769216K)] 4094059K->1354499K(8361664K), 0.0295510 secs] [Times: user=0.18 sys=0.01, real=0.03 secs] 
2011-02-12T02:42:50.167+0000: 8659.487: [GC
Desired survivor size 26542080 bytes, new threshold 1 (max 15)
 [PSYoungGen: 2759968K->5712K(2770240K)] 4097859K->1344079K(8362688K), 0.0216080 secs] [Times: user=0.11 sys=0.01, real=0.02 secs] 
2011-02-12T02:42:54.916+0000: 8664.236: [GC
Desired survivor size 28966912 bytes, new threshold 1 (max 15)
 [PSYoungGen: 2749904K->22096K(2766336K)] 4088271K->1360955K(8358784K), 0.0376630 secs] [Times: user=0.24 sys=0.02, real=0.03 secs] 
2011-02-12T02:42:59.424+0000: 8668.744: [GC
Desired survivor size 28246016 bytes, new threshold 1 (max 15)
 [PSYoungGen: 2766288K->15424K(2768576K)] 4105147K->1354775K(8361024K), 0.0312830 secs] [Times: user=0.17 sys=0.01, real=0.04 secs] 
2011-02-12T02:43:03.850+0000: 8673.170: [GC
Desired survivor size 27000832 bytes, new threshold 1 (max 15)
 [PSYoungGen: 2755712K->12280K(2767872K)] 4095063K->1352331K(8360320K), 0.0269920 secs] [Times: user=0.15 sys=0.01, real=0.03 secs] 
2011-02-12T02:43:08.380+0000: 8677.699: [GC
Desired survivor size 26607616 bytes, new threshold 1 (max 15)
 [PSYoungGen: 2752568K->7808K(2770176K)] 4092619K->1348901K(8362624K), 0.0226510 secs] [Times: user=0.11 sys=0.01, real=0.02 secs] 
2011-02-12T02:43:12.724+0000: 8682.043: [GC
Desired survivor size 27459584 bytes, new threshold 1 (max 15)
 [PSYoungGen: 2751613K->18624K(2762432K)] 4092707K->1360325K(8354880K), 0.0332930 secs] [Times: user=0.22 sys=0.01, real=0.04 secs] 
2011-02-12T02:43:17.018+0000: 8686.338: [GC
Desired survivor size 26345472 bytes, new threshold 1 (max 15)
 [PSYoungGen: 2762432K->11741K(2770432K)] 4104133K->1353919K(8362880K), 0.0283940 secs] [Times: user=0.16 sys=0.01, real=0.03 secs] 
2011-02-12T02:43:21.062+0000: 8690.381: [GC
Desired survivor size 27852800 bytes, new threshold 1 (max 15)
 [PSYoungGen: 2755357K->20480K(2764096K)] 4097535K->1363106K(8356544K), 0.0378580 secs] [Times: user=0.19 sys=0.01, real=0.04 secs] 
2011-02-12T02:43:25.657+0000: 8694.977: [GC
Desired survivor size 27394048 bytes, new threshold 1 (max 15)
 [PSYoungGen: 2764096K->8604K(2769408K)] 4106722K->1351658K(8361856K), 0.0236500 secs] [Times: user=0.11 sys=0.01, real=0.03 secs] 
2011-02-12T02:43:30.286+0000: 8699.605: [GC
Desired survivor size 28114944 bytes, new threshold 1 (max 15)
 [PSYoungGen: 2750812K->18806K(2761024K)] 4093866K->1362228K(8353472K), 0.0355290 secs] [Times: user=0.20 sys=0.01, real=0.04 secs] 
2011-02-12T02:43:35.156+0000: 8704.476: [GC
Desired survivor size 28966912 bytes, new threshold 1 (max 15)
 [PSYoungGen: 2761014K->19808K(2767040K)] 4104436K->1363620K(8359488K), 0.0337770 secs] [Times: user=0.22 sys=0.01, real=0.04 secs] 
2011-02-12T02:43:40.123+0000: 8709.442: [GC
Desired survivor size 29360128 bytes, new threshold 1 (max 15)
 [PSYoungGen: 2759392K->19168K(2758784K)] 4103204K->1363484K(8351232K), 0.0344420 secs] [Times: user=0.21 sys=0.01, real=0.03 secs] 
2011-02-12T02:43:45.148+0000: 8714.468: [GC
Desired survivor size 30474240 bytes, new threshold 1 (max 15)
 [PSYoungGen: 2758752K->21600K(2765312K)] 4103068K->1366372K(8357760K), 0.0360720 secs] [Times: user=0.24 sys=0.02, real=0.04 secs] 
2011-02-12T02:43:50.215+0000: 8719.535: [GC
Desired survivor size 30539776 bytes, new threshold 1 (max 15)
 [PSYoungGen: 2758240K->6700K(2743360K)] 4103012K->1351977K(8335808K), 0.0209270 secs] [Times: user=0.11 sys=0.02, real=0.02 secs] 
2011-02-12T02:43:54.994+0000: 8724.313: [GC
Desired survivor size 31719424 bytes, new threshold 1 (max 15)
 [PSYoungGen: 2743340K->21825K(2764032K)] 4088617K->1367666K(8356480K), 0.0386540 secs] [Times: user=0.23 sys=0.01, real=0.04 secs] 
2011-02-12T02:44:00.323+0000: 8729.643: [GC
Desired survivor size 31588352 bytes, new threshold 1 (max 15)
 [PSYoungGen: 2756033K->7218K(2765184K)] 4101874K->1353535K(8357632K), 0.0213360 secs] [Times: user=0.12 sys=0.01, real=0.02 secs] 
2011-02-12T02:44:05.156+0000: 8734.475: [GC
Desired survivor size 31653888 bytes, new threshold 1 (max 15)
 [PSYoungGen: 2741426K->4504K(2765184K)] 4087743K->1351669K(8357632K), 0.0189310 secs] [Times: user=0.10 sys=0.02, real=0.02 secs] 
2011-02-12T02:44:10.278+0000: 8739.597: [GC
Desired survivor size 30736384 bytes, new threshold 1 (max 15)
 [PSYoungGen: 2738840K->8576K(2765248K)] 4086005K->1356413K(8357696K), 0.0247330 secs] [Times: user=0.14 sys=0.01, real=0.02 secs] 
2011-02-12T02:44:15.430+0000: 8744.750: [GC
Desired survivor size 29229056 bytes, new threshold 1 (max 15)
 [PSYoungGen: 2742912K->13544K(2767616K)] 4090749K->1361893K(8360064K), 0.0279150 secs] [Times: user=0.17 sys=0.02, real=0.03 secs] 
2011-02-12T02:44:20.418+0000: 8749.737: [GC
Desired survivor size 28442624 bytes, new threshold 1 (max 15)
 [PSYoungGen: 2751144K->15264K(2766144K)] 4099493K->1364333K(8358592K), 0.0301080 secs] [Times: user=0.18 sys=0.01, real=0.03 secs] 
2011-02-12T02:44:25.124+0000: 8754.444: [GC
Desired survivor size 30539776 bytes, new threshold 1 (max 15)
 [PSYoungGen: 2752864K->22752K(2764288K)] 4101933K->1372421K(8356736K), 0.0393870 secs] [Times: user=0.25 sys=0.03, real=0.04 secs] 
2011-02-12T02:44:30.179+0000: 8759.499: [GC
Desired survivor size 29163520 bytes, new threshold 1 (max 15)
 [PSYoungGen: 2759264K->13056K(2766336K)] 4108933K->1363213K(8358784K), 0.0277270 secs] [Times: user=0.17 sys=0.01, real=0.03 secs] 
2011-02-12T02:44:34.800+0000: 8764.119: [GC
Desired survivor size 29032448 bytes, new threshold 1 (max 15)
 [PSYoungGen: 2749568K->6279K(2767808K)] 4099725K->1356865K(8360256K), 0.0200480 secs] [Times: user=0.11 sys=0.02, real=0.02 secs] 
2011-02-12T02:44:39.578+0000: 8768.898: [GC
Desired survivor size 30408704 bytes, new threshold 1 (max 15)
 [PSYoungGen: 2745607K->20964K(2760320K)] 4096193K->1371940K(8352768K), 0.0357340 secs] [Times: user=0.22 sys=0.01, real=0.03 secs] 
2011-02-12T02:44:44.375+0000: 8773.694: [GC
Desired survivor size 30343168 bytes, new threshold 1 (max 15)
 [PSYoungGen: 2760292K->18256K(2766528K)] 4111268K->1369680K(8358976K), 0.0313150 secs] [Times: user=0.21 sys=0.01, real=0.03 secs] 
2011-02-12T02:44:48.911+0000: 8778.230: [GC
Desired survivor size 29163520 bytes, new threshold 1 (max 15)
 [PSYoungGen: 2755088K->12768K(2766464K)] 4106512K->1364703K(8358912K), 0.0273150 secs] [Times: user=0.16 sys=0.01, real=0.03 secs] 
2011-02-12T02:44:53.779+0000: 8783.099: [GC
Desired survivor size 28508160 bytes, new threshold 1 (max 15)
 [PSYoungGen: 2749600K->9888K(2768320K)] 4101535K->1362437K(8360768K), 0.0236490 secs] [Times: user=0.14 sys=0.02, real=0.02 secs] 
2011-02-12T02:44:58.836+0000: 8788.156: [GC
Desired survivor size 27262976 bytes, new threshold 1 (max 15)
 [PSYoungGen: 2749728K->12832K(2767680K)] 4102277K->1365921K(8360128K), 0.0267730 secs] [Times: user=0.16 sys=0.02, real=0.03 secs] 
2011-02-12T02:45:03.346+0000: 8792.666: [GC
Desired survivor size 26345472 bytes, new threshold 1 (max 15)
 [PSYoungGen: 2752672K->11386K(2770432K)] 4105761K->1365168K(8362880K), 0.0267080 secs] [Times: user=0.14 sys=0.02, real=0.03 secs] 
2011-02-12T02:45:07.783+0000: 8797.103: [GC
Desired survivor size 28704768 bytes, new threshold 1 (max 15)
 [PSYoungGen: 2755194K->23040K(2766848K)] 4108976K->1377660K(8359296K), 0.0384900 secs] [Times: user=0.24 sys=0.01, real=0.04 secs] 
2011-02-12T02:45:12.126+0000: 8801.446: [GC
Desired survivor size 29229056 bytes, new threshold 1 (max 15)
 [PSYoungGen: 2766848K->19488K(2767104K)] 4121468K->1374540K(8359552K), 0.0341950 secs] [Times: user=0.22 sys=0.02, real=0.03 secs] 
2011-02-12T02:45:16.399+0000: 8805.719: [GC
Desired survivor size 28377088 bytes, new threshold 1 (max 15)
 [PSYoungGen: 2758560K->11873K(2767616K)] 4113612K->1367393K(8360064K), 0.0252300 secs] [Times: user=0.15 sys=0.02, real=0.03 secs] 
2011-02-12T02:45:21.245+0000: 8810.564: [GC
Desired survivor size 28377088 bytes, new threshold 1 (max 15)
 [PSYoungGen: 2750945K->7251K(2768448K)] 4106465K->1363344K(8360896K), 0.0217920 secs] [Times: user=0.13 sys=0.02, real=0.02 secs] 
2011-02-12T02:45:26.092+0000: 8815.412: [GC
Desired survivor size 28442624 bytes, new threshold 1 (max 15)
 [PSYoungGen: 2747987K->5248K(2745984K)] 4104080K->1361928K(8338432K), 0.0183930 secs] [Times: user=0.11 sys=0.01, real=0.02 secs] 
2011-02-12T02:45:31.139+0000: 8820.459: [GC
Desired survivor size 27852800 bytes, new threshold 1 (max 15)
 [PSYoungGen: 2745984K->7840K(2768960K)] 4102664K->1365064K(8361408K), 0.0229030 secs] [Times: user=0.14 sys=0.02, real=0.02 secs] 
2011-02-12T02:45:36.480+0000: 8825.800: [GC
Desired survivor size 26869760 bytes, new threshold 1 (max 15)
 [PSYoungGen: 2749024K->13888K(2768384K)] 4106248K->1371648K(8360832K), 0.0319100 secs] [Times: user=0.16 sys=0.02, real=0.03 secs] 
2011-02-12T02:45:42.195+0000: 8831.515: [GC
Desired survivor size 25952256 bytes, new threshold 1 (max 15)
 [PSYoungGen: 2755072K->10144K(2770816K)] 4112832K->1368364K(8363264K), 0.0249570 secs] [Times: user=0.14 sys=0.02, real=0.02 secs] 
2011-02-12T02:45:47.568+0000: 8836.888: [GC
Desired survivor size 27131904 bytes, new threshold 1 (max 15)
 [PSYoungGen: 2754720K->19008K(2763584K)] 4112940K->1377649K(8356032K), 0.0346250 secs] [Times: user=0.22 sys=0.02, real=0.03 secs] 
2011-02-12T02:45:52.946+0000: 8842.266: [GC
Desired survivor size 26279936 bytes, new threshold 1 (max 15)
 [PSYoungGen: 2763584K->9824K(2770496K)] 4122225K->1368917K(8362944K), 0.0241000 secs] [Times: user=0.14 sys=0.01, real=0.03 secs] 
2011-02-12T02:45:57.986+0000: 8847.306: [GC
Desired survivor size 25362432 bytes, new threshold 1 (max 15)
 [PSYoungGen: 2753824K->10512K(2769664K)] 4112917K->1370017K(8362112K), 0.0238930 secs] [Times: user=0.15 sys=0.01, real=0.03 secs] 
2011-02-12T02:46:02.938+0000: 8852.257: [GC
Desired survivor size 25493504 bytes, new threshold 1 (max 15)
 [PSYoungGen: 2754512K->4765K(2771136K)] 4114017K->1364934K(8363584K), 0.0183800 secs] [Times: user=0.09 sys=0.01, real=0.02 secs] 
2011-02-12T02:46:07.766+0000: 8857.085: [GC
Desired survivor size 28573696 bytes, new threshold 1 (max 15)
 [PSYoungGen: 2751133K->23520K(2769920K)] 4111302K->1384756K(8362368K), 0.0390870 secs] [Times: user=0.25 sys=0.02, real=0.04 secs] 
2011-02-12T02:46:12.924+0000: 8862.243: [GC
Desired survivor size 28180480 bytes, new threshold 1 (max 15)
 [PSYoungGen: 2769888K->6592K(2767360K)] 4131124K->1368372K(8359808K), 0.0218680 secs] [Times: user=0.11 sys=0.01, real=0.02 secs] 
2011-02-12T02:46:18.221+0000: 8867.540: [GC
Desired survivor size 26869760 bytes, new threshold 1 (max 15)
 [PSYoungGen: 2747712K->12960K(2768640K)] 4109492K->1375260K(8361088K), 0.0281830 secs] [Times: user=0.17 sys=0.02, real=0.02 secs] 
2011-02-12T02:46:23.225+0000: 8872.544: [GC
Desired survivor size 25690112 bytes, new threshold 1 (max 15)
 [PSYoungGen: 2754080K->13024K(2771072K)] 4116380K->1375868K(8363520K), 0.0279470 secs] [Times: user=0.18 sys=0.01, real=0.03 secs] 
2011-02-12T02:46:28.239+0000: 8877.558: [GC
Desired survivor size 25427968 bytes, new threshold 1 (max 15)
 [PSYoungGen: 2757856K->15200K(2769920K)] 4120700K->1378480K(8362368K), 0.0295540 secs] [Times: user=0.19 sys=0.01, real=0.03 secs] 
2011-02-12T02:46:33.377+0000: 8882.696: [GC
Desired survivor size 26411008 bytes, new threshold 1 (max 15)
 [PSYoungGen: 2760032K->18496K(2769408K)] 4123312K->1382216K(8361856K), 0.0349740 secs] [Times: user=0.20 sys=0.03, real=0.04 secs] 
2011-02-12T02:46:38.367+0000: 8887.686: [GC
Desired survivor size 28704768 bytes, new threshold 1 (max 15)
 [PSYoungGen: 2763072K->22688K(2767296K)] 4126792K->1386904K(8359744K), 0.0375070 secs] [Times: user=0.23 sys=0.02, real=0.04 secs] 
2011-02-12T02:46:43.205+0000: 8892.524: [GC
Desired survivor size 30081024 bytes, new threshold 1 (max 15)
 [PSYoungGen: 2767264K->21632K(2765440K)] 4131480K->1386452K(8357888K), 0.0365250 secs] [Times: user=0.24 sys=0.02, real=0.03 secs] 
2011-02-12T02:46:48.087+0000: 8897.407: [GC
Desired survivor size 29163520 bytes, new threshold 1 (max 15)
 [PSYoungGen: 2759040K->16352K(2766784K)] 4123860K->1381764K(8359232K), 0.0312980 secs] [Times: user=0.20 sys=0.01, real=0.03 secs] 
2011-02-12T02:46:53.083+0000: 8902.403: [GC
Desired survivor size 28704768 bytes, new threshold 1 (max 15)
 [PSYoungGen: 2753760K->17600K(2768128K)] 4119172K->1383504K(8360576K), 0.0319790 secs] [Times: user=0.21 sys=0.01, real=0.04 secs] 
2011-02-12T02:46:57.727+0000: 8907.047: [GC
Desired survivor size 28114944 bytes, new threshold 1 (max 15)
 [PSYoungGen: 2757248K->11376K(2767680K)] 4123152K->1377652K(8360128K), 0.0250100 secs] [Times: user=0.15 sys=0.01, real=0.02 secs] 
2011-02-12T02:47:02.398+0000: 8911.718: [GC
Desired survivor size 28180480 bytes, new threshold 1 (max 15)
 [PSYoungGen: 2751024K->7082K(2768576K)] 4117300K->1373859K(8361024K), 0.0208670 secs] [Times: user=0.12 sys=0.02, real=0.02 secs] 
2011-02-12T02:47:06.978+0000: 8916.298: [GC
Desired survivor size 28639232 bytes, new threshold 1 (max 15)
 [PSYoungGen: 2748202K->18912K(2760064K)] 4114979K->1386695K(8352512K), 0.0340490 secs] [Times: user=0.22 sys=0.02, real=0.03 secs] 
2011-02-12T02:47:11.960+0000: 8921.280: [GC
Desired survivor size 29097984 bytes, new threshold 1 (max 15)
 [PSYoungGen: 2760032K->4224K(2767296K)] 4127815K->1372563K(8359744K), 0.0182760 secs] [Times: user=0.10 sys=0.01, real=0.02 secs] 
2011-02-12T02:47:17.107+0000: 8926.427: [GC
Desired survivor size 28180480 bytes, new threshold 1 (max 15)
 [PSYoungGen: 2743552K->10144K(2767744K)] 4111891K->1379083K(8360192K), 0.0248010 secs] [Times: user=0.14 sys=0.02, real=0.02 secs] 
2011-02-12T02:47:22.432+0000: 8931.752: [GC
Desired survivor size 28180480 bytes, new threshold 1 (max 15)
 [PSYoungGen: 2749472K->17131K(2768640K)] 4118411K->1386522K(8361088K), 0.0324900 secs] [Times: user=0.19 sys=0.01, real=0.03 secs] 
2011-02-12T02:47:27.370+0000: 8936.690: [GC
Desired survivor size 28835840 bytes, new threshold 1 (max 15)
 [PSYoungGen: 2758251K->19104K(2760256K)] 4127642K->1388975K(8352704K), 0.0334450 secs] [Times: user=0.22 sys=0.01, real=0.03 secs] 
2011-02-12T02:47:32.570+0000: 8941.890: [GC
Desired survivor size 27918336 bytes, new threshold 1 (max 15)
 [PSYoungGen: 2760224K->11164K(2768896K)] 4130095K->1381503K(8361344K), 0.0252180 secs] [Times: user=0.15 sys=0.01, real=0.02 secs] 
2011-02-12T02:47:37.569+0000: 8946.889: [GC
Desired survivor size 27000832 bytes, new threshold 1 (max 15)
 [PSYoungGen: 2751900K->11264K(2768000K)] 4122239K->1382159K(8360448K), 0.0255100 secs] [Times: user=0.15 sys=0.02, real=0.02 secs] 
2011-02-12T02:47:42.885+0000: 8952.204: [GC
Desired survivor size 27721728 bytes, new threshold 1 (max 15)
 [PSYoungGen: 2752000K->18911K(2768384K)] 4122895K->1390190K(8360832K), 0.0326040 secs] [Times: user=0.19 sys=0.01, real=0.03 secs] 
2011-02-12T02:47:48.063+0000: 8957.383: [GC
Desired survivor size 27918336 bytes, new threshold 1 (max 15)
 [PSYoungGen: 2760927K->18096K(2760128K)] 4132206K->1389935K(8352576K), 0.0319940 secs] [Times: user=0.19 sys=0.01, real=0.03 secs] 
2011-02-12T02:47:52.995+0000: 8962.315: [GC
Desired survivor size 27394048 bytes, new threshold 1 (max 15)
 [PSYoungGen: 2760112K->9852K(2769408K)] 4131951K->1382284K(8361856K), 0.0243790 secs] [Times: user=0.15 sys=0.02, real=0.02 secs] 
2011-02-12T02:47:57.839+0000: 8967.158: [GC
Desired survivor size 26411008 bytes, new threshold 1 (max 15)
 [PSYoungGen: 2751996K->12528K(2768896K)] 4124428K->1385524K(8361344K), 0.0277450 secs] [Times: user=0.16 sys=0.01, real=0.03 secs] 
2011-02-12T02:48:02.453+0000: 8971.773: [GC
Desired survivor size 25427968 bytes, new threshold 1 (max 15)
 [PSYoungGen: 2754672K->12698K(2771328K)] 4127668K->1386290K(8363776K), 0.0268360 secs] [Times: user=0.16 sys=0.02, real=0.02 secs] 
2011-02-12T02:48:06.967+0000: 8976.286: [GC
Desired survivor size 25165824 bytes, new threshold 1 (max 15)
 [PSYoungGen: 2758231K->8560K(2770368K)] 4131823K->1383147K(8362816K), 0.0250920 secs] [Times: user=0.11 sys=0.01, real=0.02 secs] 
2011-02-12T02:48:11.626+0000: 8980.946: [GC
Desired survivor size 24641536 bytes, new threshold 1 (max 15)
 [PSYoungGen: 2754096K->9696K(2772096K)] 4128683K->1384763K(8364544K), 0.0244310 secs] [Times: user=0.15 sys=0.02, real=0.02 secs] 
2011-02-12T02:48:16.575+0000: 8985.895: [GC
Desired survivor size 25362432 bytes, new threshold 1 (max 15)
 [PSYoungGen: 2757216K->17840K(2765376K)] 4132283K->1393344K(8357824K), 0.0341940 secs] [Times: user=0.20 sys=0.01, real=0.03 secs] 
2011-02-12T02:48:21.666+0000: 8990.986: [GC
Desired survivor size 24379392 bytes, new threshold 1 (max 15)
 [PSYoungGen: 2765360K->12352K(2772352K)] 4140864K->1388447K(8364800K), 0.0268620 secs] [Times: user=0.16 sys=0.02, real=0.02 secs] 
2011-02-12T02:48:26.755+0000: 8996.075: [GC
Desired survivor size 24313856 bytes, new threshold 1 (max 15)
 [PSYoungGen: 2759936K->7468K(2771392K)] 4136031K->1384056K(8363840K), 0.0205740 secs] [Times: user=0.12 sys=0.01, real=0.02 secs] 
2011-02-12T02:48:31.489+0000: 9000.809: [GC
Desired survivor size 23461888 bytes, new threshold 1 (max 15)
 [PSYoungGen: 2755052K->13296K(2773248K)] 4131640K->1390520K(8365696K), 0.0275620 secs] [Times: user=0.17 sys=0.01, real=0.03 secs] 
2011-02-12T02:48:36.701+0000: 9006.020: [GC
Desired survivor size 23134208 bytes, new threshold 1 (max 15)
 [PSYoungGen: 2762800K->8736K(2772416K)] 4140024K->1386392K(8364864K), 0.0244440 secs] [Times: user=0.13 sys=0.02, real=0.02 secs] 
2011-02-12T02:48:41.907+0000: 9011.227: [GC
Desired survivor size 23461888 bytes, new threshold 1 (max 15)
 [PSYoungGen: 2758240K->16062K(2772928K)] 4135896K->1394151K(8365376K), 0.0314460 secs] [Times: user=0.20 sys=0.02, real=0.04 secs] 
2011-02-12T02:48:46.770+0000: 9016.090: [GC
Desired survivor size 25296896 bytes, new threshold 1 (max 15)
 [PSYoungGen: 2766398K->20304K(2770688K)] 4144487K->1398852K(8363136K), 0.0358980 secs] [Times: user=0.22 sys=0.02, real=0.03 secs] 
2011-02-12T02:48:51.345+0000: 9020.665: [GC
Desired survivor size 27459584 bytes, new threshold 1 (max 15)
 [PSYoungGen: 2770640K->22258K(2767232K)] 4149188K->1401303K(8359680K), 0.0378190 secs] [Times: user=0.26 sys=0.02, real=0.04 secs] 
2011-02-12T02:48:56.032+0000: 9025.351: [GC
Desired survivor size 27721728 bytes, new threshold 1 (max 15)
 [PSYoungGen: 2764786K->5472K(2748032K)] 4143831K->1385093K(8340480K), 0.0195400 secs] [Times: user=0.11 sys=0.01, real=0.02 secs] 
2011-02-12T02:49:00.787+0000: 9030.107: [GC
Desired survivor size 26935296 bytes, new threshold 1 (max 15)
 [PSYoungGen: 2748000K->10098K(2769856K)] 4127621K->1390315K(8362304K), 0.0249130 secs] [Times: user=0.13 sys=0.02, real=0.03 secs] 
2011-02-12T02:49:05.092+0000: 9034.412: [GC
Desired survivor size 26411008 bytes, new threshold 1 (max 15)
 [PSYoungGen: 2752882K->8585K(2769088K)] 4133099K->1389677K(8361536K), 0.0249030 secs] [Times: user=0.12 sys=0.02, real=0.02 secs] 
2011-02-12T02:49:09.796+0000: 9039.115: [GC
Desired survivor size 25559040 bytes, new threshold 1 (max 15)
 [PSYoungGen: 2751369K->9616K(2771200K)] 4132461K->1391323K(8363648K), 0.0242840 secs] [Times: user=0.15 sys=0.01, real=0.02 secs] 
2011-02-12T02:49:14.430+0000: 9043.749: [GC
Desired survivor size 25821184 bytes, new threshold 1 (max 15)
 [PSYoungGen: 2755024K->16416K(2770368K)] 4136731K->1398507K(8362816K), 0.0303220 secs] [Times: user=0.20 sys=0.01, real=0.03 secs] 
2011-02-12T02:49:18.993+0000: 9048.312: [GC
Desired survivor size 28114944 bytes, new threshold 1 (max 15)
 [PSYoungGen: 2761824K->22224K(2766464K)] 4143915K->1404723K(8358912K), 0.0387380 secs] [Times: user=0.23 sys=0.01, real=0.04 secs] 
2011-02-12T02:49:23.824+0000: 9053.144: [GC
Desired survivor size 27066368 bytes, new threshold 1 (max 15)
 [PSYoungGen: 2763472K->11900K(2768704K)] 4145971K->1394840K(8361152K), 0.0276710 secs] [Times: user=0.14 sys=0.00, real=0.02 secs] 
2011-02-12T02:49:28.739+0000: 9058.058: [GC
Desired survivor size 27000832 bytes, new threshold 1 (max 15)
 [PSYoungGen: 2753148K->16883K(2769792K)] 4136088K->1400323K(8362240K), 0.0341070 secs] [Times: user=0.21 sys=0.01, real=0.04 secs] 
2011-02-12T02:49:33.128+0000: 9062.448: [GC
Desired survivor size 26214400 bytes, new threshold 1 (max 15)
 [PSYoungGen: 2760243K->10898K(2769728K)] 4143683K->1395113K(8362176K), 0.0251870 secs] [Times: user=0.15 sys=0.02, real=0.03 secs] 
2011-02-12T02:49:37.999+0000: 9067.318: [GC
Desired survivor size 25821184 bytes, new threshold 1 (max 15)
 [PSYoungGen: 2754258K->8910K(2770944K)] 4138473K->1393570K(8363392K), 0.0231550 secs] [Times: user=0.13 sys=0.02, real=0.02 secs] 
2011-02-12T02:49:43.091+0000: 9072.410: [GC
Desired survivor size 24772608 bytes, new threshold 1 (max 15)
 [PSYoungGen: 2754254K->12064K(2770560K)] 4138914K->1397310K(8363008K), 0.0257660 secs] [Times: user=0.16 sys=0.01, real=0.03 secs] 
2011-02-12T02:49:47.632+0000: 9076.951: [GC
Desired survivor size 28180480 bytes, new threshold 1 (max 15)
 [PSYoungGen: 2757408K->24181K(2765312K)] 4142654K->1410203K(8357760K), 0.0395120 secs] [Times: user=0.26 sys=0.01, real=0.04 secs] 
2011-02-12T02:49:52.397+0000: 9081.717: [GC
Desired survivor size 28114944 bytes, new threshold 1 (max 15)
 [PSYoungGen: 2765301K->17696K(2768640K)] 4151323K->1404435K(8361088K), 0.0336340 secs] [Times: user=0.21 sys=0.01, real=0.03 secs] 
2011-02-12T02:49:57.154+0000: 9086.474: [GC
Desired survivor size 27131904 bytes, new threshold 1 (max 15)
 [PSYoungGen: 2758816K->15472K(2769664K)] 4145555K->1402603K(8362112K), 0.0316220 secs] [Times: user=0.17 sys=0.01, real=0.03 secs] 
2011-02-12T02:50:01.887+0000: 9091.207: [GC
Desired survivor size 26345472 bytes, new threshold 1 (max 15)
 [PSYoungGen: 2757680K->12210K(2768704K)] 4144811K->1399847K(8361152K), 0.0603370 secs] [Times: user=0.16 sys=0.00, real=0.06 secs] 
2011-02-12T02:50:05.881+0000: 9095.201: [GC
Desired survivor size 25231360 bytes, new threshold 1 (max 15)
 [PSYoungGen: 2754418K->14504K(2771520K)] 4142055K->1403079K(8363968K), 0.0309980 secs] [Times: user=0.16 sys=0.02, real=0.03 secs] 
2011-02-12T02:50:10.302+0000: 9099.622: [GC
Desired survivor size 27459584 bytes, new threshold 1 (max 15)
 [PSYoungGen: 2760296K->22976K(2768768K)] 4148871K->1412315K(8361216K), 0.0389280 secs] [Times: user=0.25 sys=0.02, real=0.04 secs] 
2011-02-12T02:50:14.884+0000: 9104.204: [GC
Desired survivor size 27983872 bytes, new threshold 1 (max 15)
 [PSYoungGen: 2768768K->19888K(2768320K)] 4158107K->1409787K(8360768K), 0.0344200 secs] [Times: user=0.22 sys=0.02, real=0.04 secs] 
2011-02-12T02:50:19.539+0000: 9108.859: [GC
Desired survivor size 27590656 bytes, new threshold 1 (max 15)
 [PSYoungGen: 2761392K->11456K(2768832K)] 4151291K->1401963K(8361280K), 0.0281370 secs] [Times: user=0.14 sys=0.01, real=0.03 secs] 
2011-02-12T02:50:24.387+0000: 9113.706: [GC
Desired survivor size 26804224 bytes, new threshold 1 (max 15)
 [PSYoungGen: 2752960K->13024K(2769984K)] 4143467K->1403911K(8362432K), 0.0275050 secs] [Times: user=0.17 sys=0.02, real=0.03 secs] 
2011-02-12T02:50:28.840+0000: 9118.159: [GC
Desired survivor size 28770304 bytes, new threshold 1 (max 15)
 [PSYoungGen: 2756064K->23360K(2766400K)] 4146951K->1414703K(8358848K), 0.0374630 secs] [Times: user=0.26 sys=0.02, real=0.04 secs] 
2011-02-12T02:50:33.535+0000: 9122.855: [GC
Desired survivor size 29163520 bytes, new threshold 1 (max 15)
 [PSYoungGen: 2766400K->20128K(2767296K)] 4157743K->1411863K(8359744K), 0.0335980 secs] [Times: user=0.21 sys=0.02, real=0.03 secs] 
2011-02-12T02:50:38.363+0000: 9127.683: [GC
Desired survivor size 28180480 bytes, new threshold 1 (max 15)
 [PSYoungGen: 2759328K->14688K(2767680K)] 4151063K->1406979K(8360128K), 0.0310470 secs] [Times: user=0.16 sys=0.01, real=0.03 secs] 
2011-02-12T02:50:43.035+0000: 9132.354: [GC
Desired survivor size 28049408 bytes, new threshold 1 (max 15)
 [PSYoungGen: 2753888K->10196K(2768768K)] 4146179K->1403196K(8361216K), 0.0245620 secs] [Times: user=0.14 sys=0.01, real=0.02 secs] 
2011-02-12T02:50:47.556+0000: 9136.876: [GC
Desired survivor size 30343168 bytes, new threshold 1 (max 15)
 [PSYoungGen: 2751444K->24770K(2766080K)] 4144444K->1418259K(8358528K), 0.0413250 secs] [Times: user=0.28 sys=0.02, real=0.04 secs] 
2011-02-12T02:50:52.319+0000: 9141.638: [GC
Desired survivor size 30015488 bytes, new threshold 1 (max 15)
 [PSYoungGen: 2766018K->19232K(2766848K)] 4159507K->1413273K(8359296K), 0.0335240 secs] [Times: user=0.23 sys=0.01, real=0.03 secs] 
2011-02-12T02:50:56.843+0000: 9146.162: [GC
Desired survivor size 30015488 bytes, new threshold 1 (max 15)
 [PSYoungGen: 2756448K->9392K(2766528K)] 4150489K->1403889K(8358976K), 0.0252650 secs] [Times: user=0.15 sys=0.01, real=0.03 secs] 
2011-02-12T02:51:01.535+0000: 9150.855: [GC
Desired survivor size 29425664 bytes, new threshold 1 (max 15)
 [PSYoungGen: 2746608K->11890K(2767424K)] 4141105K->1406951K(8359872K), 0.0261440 secs] [Times: user=0.17 sys=0.02, real=0.02 secs] 
2011-02-12T02:51:05.965+0000: 9155.284: [GC
Desired survivor size 30015488 bytes, new threshold 1 (max 15)
 [PSYoungGen: 2750002K->20808K(2766848K)] 4145063K->1416611K(8359296K), 0.0360250 secs] [Times: user=0.22 sys=0.02, real=0.04 secs] 
2011-02-12T02:51:10.813+0000: 9160.132: [GC
Desired survivor size 28901376 bytes, new threshold 1 (max 15)
 [PSYoungGen: 2758920K->16656K(2767936K)] 4154723K->1413065K(8360384K), 0.0327270 secs] [Times: user=0.18 sys=0.01, real=0.04 secs] 
2011-02-12T02:51:15.391+0000: 9164.711: [GC
Desired survivor size 28114944 bytes, new threshold 1 (max 15)
 [PSYoungGen: 2755280K->13633K(2766848K)] 4151689K->1410618K(8359296K), 0.0273810 secs] [Times: user=0.17 sys=0.01, real=0.03 secs] 
2011-02-12T02:51:19.954+0000: 9169.273: [GC
Desired survivor size 28639232 bytes, new threshold 1 (max 15)
 [PSYoungGen: 2752257K->5904K(2767680K)] 4149242K->1403468K(8360128K), 0.0194390 secs] [Times: user=0.11 sys=0.01, real=0.02 secs] 
2011-02-12T02:51:24.475+0000: 9173.795: [GC
Desired survivor size 27590656 bytes, new threshold 1 (max 15)
 [PSYoungGen: 2746128K->13443K(2768192K)] 4143692K->1411735K(8360640K), 0.0279400 secs] [Times: user=0.17 sys=0.02, real=0.03 secs] 
2011-02-12T02:51:29.373+0000: 9178.692: [GC
Desired survivor size 26935296 bytes, new threshold 1 (max 15)
 [PSYoungGen: 2753667K->16265K(2769856K)] 4151959K->1415053K(8362304K), 0.0317370 secs] [Times: user=0.21 sys=0.01, real=0.03 secs] 
2011-02-12T02:51:33.995+0000: 9183.315: [GC
Desired survivor size 26017792 bytes, new threshold 1 (max 15)
 [PSYoungGen: 2759177K->15680K(2769216K)] 4157965K->1414948K(8361664K), 0.0309810 secs] [Times: user=0.19 sys=0.02, real=0.03 secs] 
2011-02-12T02:51:38.732+0000: 9188.052: [GC
Desired survivor size 25886720 bytes, new threshold 1 (max 15)
 [PSYoungGen: 2758592K->9718K(2770880K)] 4157860K->1409386K(8363328K), 0.0242300 secs] [Times: user=0.14 sys=0.02, real=0.02 secs] 
2011-02-12T02:51:43.595+0000: 9192.914: [GC
Desired survivor size 25493504 bytes, new threshold 1 (max 15)
 [PSYoungGen: 2755190K->10304K(2770752K)] 4154858K->1410561K(8363200K), 0.0258900 secs] [Times: user=0.14 sys=0.01, real=0.03 secs] 
2011-02-12T02:51:48.268+0000: 9197.588: [GC
Desired survivor size 25493504 bytes, new threshold 1 (max 15)
 [PSYoungGen: 2755776K->7936K(2771264K)] 4156033K->1408681K(8363712K), 0.0241900 secs] [Times: user=0.13 sys=0.02, real=0.03 secs] 
2011-02-12T02:51:53.082+0000: 9202.402: [GC
Desired survivor size 25493504 bytes, new threshold 1 (max 15)
 [PSYoungGen: 2754304K->6528K(2771264K)] 4155049K->1407793K(8363712K), 0.0225460 secs] [Times: user=0.13 sys=0.03, real=0.02 secs] 
2011-02-12T02:51:57.803+0000: 9207.123: [GC
Desired survivor size 28835840 bytes, new threshold 1 (max 15)
 [PSYoungGen: 2752896K->24880K(2764736K)] 4154161K->1426709K(8357184K), 0.0427530 secs] [Times: user=0.28 sys=0.02, real=0.04 secs] 
2011-02-12T02:52:02.187+0000: 9211.507: [GC
Desired survivor size 27656192 bytes, new threshold 1 (max 15)
 [PSYoungGen: 2764720K->12522K(2768000K)] 4166549K->1415028K(8360448K), 0.0267280 secs] [Times: user=0.16 sys=0.02, real=0.03 secs] 
2011-02-12T02:52:06.618+0000: 9215.937: [GC
Desired survivor size 29687808 bytes, new threshold 1 (max 15)
 [PSYoungGen: 2752362K->22688K(2765184K)] 4154868K->1426048K(8357632K), 0.0390030 secs] [Times: user=0.24 sys=0.02, real=0.04 secs] 
2011-02-12T02:52:10.903+0000: 9220.223: [GC
Desired survivor size 29163520 bytes, new threshold 1 (max 15)
 [PSYoungGen: 2760864K->9248K(2767168K)] 4164224K->1413139K(8359616K), 0.0256050 secs] [Times: user=0.11 sys=0.01, real=0.02 secs] 
2011-02-12T02:52:15.255+0000: 9224.575: [GC
Desired survivor size 28114944 bytes, new threshold 1 (max 15)
 [PSYoungGen: 2747424K->15222K(2768704K)] 4151315K->1419570K(8361152K), 0.0319430 secs] [Times: user=0.18 sys=0.01, real=0.03 secs] 
2011-02-12T02:52:19.947+0000: 9229.267: [GC
Desired survivor size 27197440 bytes, new threshold 1 (max 15)
 [PSYoungGen: 2755446K->11886K(2767680K)] 4159794K->1416602K(8360128K), 0.0262750 secs] [Times: user=0.16 sys=0.02, real=0.02 secs] 
2011-02-12T02:52:24.928+0000: 9234.247: [GC
Desired survivor size 25952256 bytes, new threshold 1 (max 15)
 [PSYoungGen: 2752110K->13546K(2770816K)] 4156826K->1418934K(8363264K), 0.0275570 secs] [Times: user=0.17 sys=0.01, real=0.03 secs] 
2011-02-12T02:52:29.952+0000: 9239.272: [GC
Desired survivor size 25296896 bytes, new threshold 1 (max 15)
 [PSYoungGen: 2757802K->15296K(2769600K)] 4163190K->1421359K(8362048K), 0.0321080 secs] [Times: user=0.18 sys=0.02, real=0.03 secs] 
2011-02-12T02:52:35.023+0000: 9244.343: [GC
Desired survivor size 26738688 bytes, new threshold 1 (max 15)
 [PSYoungGen: 2759552K->20764K(2768640K)] 4165615K->1427291K(8361088K), 0.0371770 secs] [Times: user=0.22 sys=0.02, real=0.04 secs] 
2011-02-12T02:52:39.877+0000: 9249.196: [GC
Desired survivor size 27066368 bytes, new threshold 1 (max 15)
 [PSYoungGen: 2764700K->18752K(2762688K)] 4171227K->1425776K(8355136K), 0.0335980 secs] [Times: user=0.23 sys=0.02, real=0.03 secs] 
2011-02-12T02:52:44.959+0000: 9254.279: [GC
Desired survivor size 28246016 bytes, new threshold 1 (max 15)
 [PSYoungGen: 2762688K->21248K(2767424K)] 4169712K->1428724K(8359872K), 0.0359150 secs] [Times: user=0.23 sys=0.02, real=0.03 secs] 
2011-02-12T02:52:50.062+0000: 9259.382: [GC
Desired survivor size 28770304 bytes, new threshold 1 (max 15)
 [PSYoungGen: 2762240K->5827K(2746880K)] 4169716K->1413804K(8339328K), 0.0198720 secs] [Times: user=0.12 sys=0.01, real=0.02 secs] 
2011-02-12T02:52:55.177+0000: 9264.496: [GC
Desired survivor size 28639232 bytes, new threshold 1 (max 15)
 [PSYoungGen: 2746819K->7706K(2768192K)] 4154796K->1416178K(8360640K), 0.0235730 secs] [Times: user=0.13 sys=0.02, real=0.03 secs] 
2011-02-12T02:53:00.560+0000: 9269.879: [GC
Desired survivor size 28835840 bytes, new threshold 1 (max 15)
 [PSYoungGen: 2747802K->18338K(2758464K)] 4156274K->1427314K(8350912K), 0.0357740 secs] [Times: user=0.20 sys=0.02, real=0.03 secs] 
2011-02-12T02:53:05.155+0000: 9274.475: [GC
Desired survivor size 28246016 bytes, new threshold 1 (max 15)
 [PSYoungGen: 2758434K->16616K(2768576K)] 4167410K->1426566K(8361024K), 0.0338370 secs] [Times: user=0.20 sys=0.03, real=0.03 secs] 
2011-02-12T02:53:10.064+0000: 9279.384: [GC
Desired survivor size 27787264 bytes, new threshold 1 (max 15)
 [PSYoungGen: 2757032K->9952K(2768000K)] 4166982K->1420593K(8360448K), 0.0260670 secs] [Times: user=0.15 sys=0.03, real=0.03 secs] 
2011-02-12T02:53:14.972+0000: 9284.292: [GC
Desired survivor size 26476544 bytes, new threshold 1 (max 15)
 [PSYoungGen: 2750368K->14007K(2770304K)] 4161009K->1425157K(8362752K), 0.0281850 secs] [Times: user=0.17 sys=0.02, real=0.03 secs] 
2011-02-12T02:53:19.769+0000: 9289.088: [GC
Desired survivor size 26148864 bytes, new threshold 1 (max 15)
 [PSYoungGen: 2757175K->9216K(2769024K)] 4168325K->1420912K(8361472K), 0.0230380 secs] [Times: user=0.13 sys=0.02, real=0.03 secs] 
2011-02-12T02:53:24.714+0000: 9294.034: [GC
Desired survivor size 25559040 bytes, new threshold 1 (max 15)
 [PSYoungGen: 2752384K->10144K(2771200K)] 4164080K->1422252K(8363648K), 0.0248420 secs] [Times: user=0.15 sys=0.02, real=0.02 secs] 
2011-02-12T02:53:29.124+0000: 9298.444: [GC
Desired survivor size 26214400 bytes, new threshold 1 (max 15)
 [PSYoungGen: 2755808K->18160K(2763840K)] 4167916K->1430749K(8356288K), 0.0329270 secs] [Times: user=0.21 sys=0.02, real=0.03 secs] 
2011-02-12T02:53:33.470+0000: 9302.790: [GC
Desired survivor size 26214400 bytes, new threshold 1 (max 15)
 [PSYoungGen: 2763824K->6799K(2770560K)] 4176413K->1419836K(8363008K), 0.0233780 secs] [Times: user=0.12 sys=0.02, real=0.03 secs] 
2011-02-12T02:53:37.874+0000: 9307.193: [GC
Desired survivor size 26607616 bytes, new threshold 1 (max 15)
 [PSYoungGen: 2751759K->17520K(2762496K)] 4164796K->1431132K(8354944K), 0.0346220 secs] [Times: user=0.21 sys=0.02, real=0.03 secs] 
2011-02-12T02:53:42.753+0000: 9312.072: [GC
Desired survivor size 25427968 bytes, new threshold 1 (max 15)
 [PSYoungGen: 2762480K->13312K(2771328K)] 4176092K->1427372K(8363776K), 0.0298020 secs] [Times: user=0.18 sys=0.02, real=0.03 secs] 
2011-02-12T02:53:47.738+0000: 9317.057: [GC
Desired survivor size 24838144 bytes, new threshold 1 (max 15)
 [PSYoungGen: 2758656K->15136K(2770176K)] 4172716K->1429656K(8362624K), 0.0304470 secs] [Times: user=0.19 sys=0.01, real=0.03 secs] 
2011-02-12T02:53:52.572+0000: 9321.891: [GC
Desired survivor size 24051712 bytes, new threshold 1 (max 15)
 [PSYoungGen: 2760480K->12220K(2772672K)] 4175000K->1427161K(8365120K), 0.0271130 secs] [Times: user=0.16 sys=0.01, real=0.03 secs] 
2011-02-12T02:53:57.447+0000: 9326.767: [GC
Desired survivor size 23461888 bytes, new threshold 1 (max 15)
 [PSYoungGen: 2760636K->10960K(2771904K)] 4175577K->1426352K(8364352K), 0.0250790 secs] [Times: user=0.15 sys=0.02, real=0.02 secs] 
2011-02-12T02:54:02.191+0000: 9331.510: [GC
Desired survivor size 23592960 bytes, new threshold 1 (max 15)
 [PSYoungGen: 2759376K->6986K(2772992K)] 4174768K->1422931K(8365440K), 0.0226020 secs] [Times: user=0.11 sys=0.02, real=0.02 secs] 
2011-02-12T02:54:06.759+0000: 9336.078: [GC
Desired survivor size 26804224 bytes, new threshold 1 (max 15)
 [PSYoungGen: 2757066K->23008K(2773120K)] 4173011K->1439827K(8365568K), 0.0379690 secs] [Times: user=0.25 sys=0.02, real=0.04 secs] 
2011-02-12T02:54:10.976+0000: 9340.296: [GC
Desired survivor size 29491200 bytes, new threshold 1 (max 15)
 [PSYoungGen: 2773088K->23040K(2761600K)] 4189907K->1441059K(8354048K), 0.0405430 secs] [Times: user=0.25 sys=0.02, real=0.04 secs] 
2011-02-12T02:54:15.751+0000: 9345.071: [GC
Desired survivor size 29687808 bytes, new threshold 1 (max 15)
 [PSYoungGen: 2761600K->19136K(2757696K)] 4179619K->1437667K(8350144K), 0.0332360 secs] [Times: user=0.22 sys=0.01, real=0.03 secs] 
2011-02-12T02:54:20.355+0000: 9349.674: [GC
Desired survivor size 29425664 bytes, new threshold 1 (max 15)
 [PSYoungGen: 2757696K->18272K(2767424K)] 4176227K->1437371K(8359872K), 0.0327240 secs] [Times: user=0.22 sys=0.01, real=0.03 secs] 
2011-02-12T02:54:25.090+0000: 9354.410: [GC
Desired survivor size 28442624 bytes, new threshold 1 (max 15)
 [PSYoungGen: 2756704K->13632K(2767168K)] 4175803K->1433167K(8359616K), 0.0278850 secs] [Times: user=0.17 sys=0.01, real=0.02 secs] 
2011-02-12T02:54:30.050+0000: 9359.370: [GC
Desired survivor size 27590656 bytes, new threshold 1 (max 15)
 [PSYoungGen: 2752064K->12672K(2769216K)] 4171599K->1432623K(8361664K), 0.0272570 secs] [Times: user=0.16 sys=0.02, real=0.02 secs] 
2011-02-12T02:54:35.427+0000: 9364.747: [GC
Desired survivor size 28246016 bytes, new threshold 1 (max 15)
 [PSYoungGen: 2754112K->4448K(2768384K)] 4174063K->1424783K(8360832K), 0.0189150 secs] [Times: user=0.10 sys=0.01, real=0.02 secs] 
2011-02-12T02:54:40.733+0000: 9370.053: [GC
Desired survivor size 27525120 bytes, new threshold 1 (max 15)
 [PSYoungGen: 2745888K->10400K(2769280K)] 4166223K->1431147K(8361728K), 0.0246860 secs] [Times: user=0.15 sys=0.02, real=0.02 secs] 
2011-02-12T02:54:46.032+0000: 9375.352: [GC
Desired survivor size 26738688 bytes, new threshold 1 (max 15)
 [PSYoungGen: 2752096K->15208K(2768576K)] 4172843K->1436515K(8361024K), 0.0315490 secs] [Times: user=0.21 sys=0.02, real=0.03 secs] 
2011-02-12T02:54:51.354+0000: 9380.674: [GC
Desired survivor size 26804224 bytes, new threshold 1 (max 15)
 [PSYoungGen: 2756904K->6320K(2769920K)] 4178211K->1428188K(8362368K), 0.0229800 secs] [Times: user=0.12 sys=0.03, real=0.02 secs] 
2011-02-12T02:54:56.267+0000: 9385.587: [GC
Desired survivor size 26542080 bytes, new threshold 1 (max 15)
 [PSYoungGen: 2750128K->6800K(2769984K)] 4171996K->1429244K(8362432K), 0.0216910 secs] [Times: user=0.11 sys=0.01, real=0.02 secs] 
2011-02-12T02:55:01.340+0000: 9390.660: [GC
Desired survivor size 25362432 bytes, new threshold 1 (max 15)
 [PSYoungGen: 2750608K->11250K(2771392K)] 4173052K->1434174K(8363840K), 0.0274240 secs] [Times: user=0.15 sys=0.02, real=0.03 secs] 
2011-02-12T02:55:05.535+0000: 9394.854: [GC
Desired survivor size 28049408 bytes, new threshold 1 (max 15)
 [PSYoungGen: 2756722K->22683K(2768192K)] 4179646K->1446450K(8360640K), 0.0373860 secs] [Times: user=0.25 sys=0.02, real=0.03 secs] 
2011-02-12T02:55:10.106+0000: 9399.426: [GC
Desired survivor size 26738688 bytes, new threshold 1 (max 15)
 [PSYoungGen: 2768155K->12464K(2770048K)] 4191922K->1436847K(8362496K), 0.0271520 secs] [Times: user=0.18 sys=0.01, real=0.02 secs] 
2011-02-12T02:55:14.976+0000: 9404.296: [GC
Desired survivor size 25690112 bytes, new threshold 1 (max 15)
 [PSYoungGen: 2755120K->11712K(2768768K)] 4179503K->1436543K(8361216K), 0.0265730 secs] [Times: user=0.16 sys=0.02, real=0.02 secs] 
2011-02-12T02:55:19.952+0000: 9409.272: [GC
Desired survivor size 24576000 bytes, new threshold 1 (max 15)
 [PSYoungGen: 2754368K->12768K(2772160K)] 4179199K->1438071K(8364608K), 0.0297130 secs] [Times: user=0.17 sys=0.01, real=0.03 secs] 
2011-02-12T02:55:24.724+0000: 9414.043: [GC
Desired survivor size 24248320 bytes, new threshold 1 (max 15)
 [PSYoungGen: 2759840K->8384K(2771072K)] 4185143K->1434251K(8363520K), 0.0229960 secs] [Times: user=0.14 sys=0.02, real=0.03 secs] 
2011-02-12T02:55:29.705+0000: 9419.025: [GC
Desired survivor size 23724032 bytes, new threshold 1 (max 15)
 [PSYoungGen: 2755456K->9104K(2772992K)] 4181323K->1435475K(8365440K), 0.0228880 secs] [Times: user=0.13 sys=0.01, real=0.03 secs] 
2011-02-12T02:55:34.520+0000: 9423.840: [GC
Desired survivor size 23724032 bytes, new threshold 1 (max 15)
 [PSYoungGen: 2758416K->6016K(2772480K)] 4184787K->1432863K(8364928K), 0.0194810 secs] [Times: user=0.11 sys=0.01, real=0.02 secs] 
2011-02-12T02:55:39.276+0000: 9428.596: [GC
Desired survivor size 25427968 bytes, new threshold 1 (max 15)
 [PSYoungGen: 2755328K->19360K(2769664K)] 4182175K->1446651K(8362112K), 0.0353340 secs] [Times: user=0.21 sys=0.01, real=0.04 secs] 
2011-02-12T02:55:43.930+0000: 9433.250: [GC
Desired survivor size 25165824 bytes, new threshold 1 (max 15)
 [PSYoungGen: 2765856K->15029K(2771328K)] 4193147K->1442752K(8363776K), 0.0316300 secs] [Times: user=0.17 sys=0.01, real=0.03 secs] 
2011-02-12T02:55:48.438+0000: 9437.758: [GC
Desired survivor size 24051712 bytes, new threshold 1 (max 15)
 [PSYoungGen: 2761525K->12048K(2772672K)] 4189248K->1440235K(8365120K), 0.0281520 secs] [Times: user=0.16 sys=0.02, real=0.03 secs] 
2011-02-12T02:55:53.460+0000: 9442.779: [GC
Desired survivor size 23068672 bytes, new threshold 1 (max 15)
 [PSYoungGen: 2760144K->11840K(2771584K)] 4188331K->1440527K(8364032K), 0.0282000 secs] [Times: user=0.16 sys=0.02, real=0.02 secs] 
2011-02-12T02:55:58.473+0000: 9447.793: [GC
Desired survivor size 22872064 bytes, new threshold 1 (max 15)
 [PSYoungGen: 2759936K->14657K(2773824K)] 4188623K->1443849K(8366272K), 0.0296430 secs] [Times: user=0.19 sys=0.01, real=0.03 secs] 
2011-02-12T02:56:03.006+0000: 9452.325: [GC
Desired survivor size 22544384 bytes, new threshold 1 (max 15)
 [PSYoungGen: 2765953K->8858K(2773632K)] 4195145K->1438609K(8366080K), 0.0231770 secs] [Times: user=0.13 sys=0.02, real=0.02 secs] 
2011-02-12T02:56:07.515+0000: 9456.835: [GC
Desired survivor size 22675456 bytes, new threshold 1 (max 15)
 [PSYoungGen: 2760154K->6048K(2773888K)] 4189905K->1436785K(8366336K), 0.0203540 secs] [Times: user=0.12 sys=0.01, real=0.02 secs] 
2011-02-12T02:56:12.293+0000: 9461.612: [GC
Desired survivor size 26476544 bytes, new threshold 1 (max 15)
 [PSYoungGen: 2757920K->22112K(2774016K)] 4188657K->1455265K(8366464K), 0.0390560 secs] [Times: user=0.27 sys=0.01, real=0.04 secs] 
2011-02-12T02:56:17.268+0000: 9466.587: [GC
Desired survivor size 28573696 bytes, new threshold 1 (max 15)
 [PSYoungGen: 2773984K->22048K(2762496K)] 4207137K->1455761K(8354944K), 0.0381490 secs] [Times: user=0.23 sys=0.01, real=0.04 secs] 
2011-02-12T02:56:21.690+0000: 9471.010: [GC
Desired survivor size 27262976 bytes, new threshold 1 (max 15)
 [PSYoungGen: 2762400K->13216K(2768256K)] 4196113K->1447345K(8360704K), 0.0286410 secs] [Times: user=0.16 sys=0.01, real=0.03 secs] 
2011-02-12T02:56:26.620+0000: 9475.940: [GC
Desired survivor size 26279936 bytes, new threshold 1 (max 15)
 [PSYoungGen: 2753568K->14688K(2770496K)] 4187697K->1449261K(8362944K), 0.0290740 secs] [Times: user=0.18 sys=0.02, real=0.03 secs] 
2011-02-12T02:56:31.671+0000: 9480.991: [GC
Desired survivor size 25231360 bytes, new threshold 1 (max 15)
 [PSYoungGen: 2758560K->13152K(2769536K)] 4193133K->1448245K(8361984K), 0.0283420 secs] [Times: user=0.16 sys=0.02, real=0.03 secs] 
2011-02-12T02:56:36.704+0000: 9486.024: [GC
Desired survivor size 25493504 bytes, new threshold 1 (max 15)
 [PSYoungGen: 2757024K->17440K(2771008K)] 4192117K->1453069K(8363456K), 0.0350330 secs] [Times: user=0.20 sys=0.03, real=0.04 secs] 
2011-02-12T02:56:41.723+0000: 9491.042: [GC
Desired survivor size 25624576 bytes, new threshold 1 (max 15)
 [PSYoungGen: 2763808K->17504K(2763904K)] 4199437K->1453669K(8356352K), 0.0323270 secs] [Times: user=0.21 sys=0.01, real=0.03 secs] 
2011-02-12T02:56:46.978+0000: 9496.298: [GC
Desired survivor size 25952256 bytes, new threshold 1 (max 15)
 [PSYoungGen: 2763872K->6496K(2770496K)] 4200037K->1443101K(8362944K), 0.0219170 secs] [Times: user=0.12 sys=0.01, real=0.02 secs] 
2011-02-12T02:56:51.902+0000: 9501.222: [GC
Desired survivor size 25362432 bytes, new threshold 1 (max 15)
 [PSYoungGen: 2751968K->10365K(2770816K)] 4188573K->1447330K(8363264K), 0.0246140 secs] [Times: user=0.15 sys=0.02, real=0.03 secs] 
2011-02-12T02:56:57.022+0000: 9506.342: [GC
Desired survivor size 24510464 bytes, new threshold 1 (max 15)
 [PSYoungGen: 2755837K->11632K(2772224K)] 4192802K->1449057K(8364672K), 0.0272090 secs] [Times: user=0.15 sys=0.02, real=0.03 secs] 
2011-02-12T02:57:02.025+0000: 9511.345: [GC
Desired survivor size 23592960 bytes, new threshold 1 (max 15)
 [PSYoungGen: 2759088K->12378K(2771392K)] 4196513K->1450392K(8363840K), 0.0287670 secs] [Times: user=0.16 sys=0.01, real=0.03 secs] 
2011-02-12T02:57:06.559+0000: 9515.878: [GC
Desired survivor size 24117248 bytes, new threshold 1 (max 15)
 [PSYoungGen: 2759834K->4252K(2772096K)] 4197848K->1443340K(8364544K), 0.0213470 secs] [Times: user=0.09 sys=0.02, real=0.02 secs] 
2011-02-12T02:57:11.621+0000: 9520.941: [GC
Desired survivor size 23920640 bytes, new threshold 1 (max 15)
 [PSYoungGen: 2753308K->6560K(2772608K)] 4192396K->1446292K(8365056K), 0.0216580 secs] [Times: user=0.12 sys=0.01, real=0.02 secs] 
2011-02-12T02:57:16.622+0000: 9525.941: [GC
Desired survivor size 22937600 bytes, new threshold 1 (max 15)
 [PSYoungGen: 2755616K->10408K(2773760K)] 4195348K->1450589K(8366208K), 0.0242100 secs] [Times: user=0.16 sys=0.01, real=0.02 secs] 
2011-02-12T02:57:21.766+0000: 9531.085: [GC
Desired survivor size 22282240 bytes, new threshold 1 (max 15)
 [PSYoungGen: 2760808K->12736K(2772800K)] 4200989K->1453396K(8365248K), 0.0289230 secs] [Times: user=0.17 sys=0.01, real=0.03 secs] 
2011-02-12T02:57:26.839+0000: 9536.159: [GC
Desired survivor size 24969216 bytes, new threshold 1 (max 15)
 [PSYoungGen: 2763136K->21480K(2769152K)] 4203796K->1462537K(8361600K), 0.0369040 secs] [Times: user=0.22 sys=0.01, real=0.04 secs] 
2011-02-12T02:57:32.136+0000: 9541.456: [GC
Desired survivor size 24379392 bytes, new threshold 1 (max 15)
 [PSYoungGen: 2768872K->9344K(2771776K)] 4209929K->1450848K(8364224K), 0.0244710 secs] [Times: user=0.14 sys=0.02, real=0.02 secs] 
2011-02-12T02:57:37.060+0000: 9546.380: [GC
Desired survivor size 23986176 bytes, new threshold 1 (max 15)
 [PSYoungGen: 2756736K->7912K(2772736K)] 4198240K->1449921K(8365184K), 0.0218910 secs] [Times: user=0.13 sys=0.01, real=0.03 secs] 
2011-02-12T02:57:41.642+0000: 9550.962: [GC
Desired survivor size 25493504 bytes, new threshold 1 (max 15)
 [PSYoungGen: 2756840K->19008K(2767936K)] 4198849K->1461580K(8360384K), 0.0338800 secs] [Times: user=0.22 sys=0.01, real=0.04 secs] 
2011-02-12T02:57:46.480+0000: 9555.800: [GC
Desired survivor size 25886720 bytes, new threshold 1 (max 15)
 [PSYoungGen: 2767936K->17048K(2770496K)] 4210508K->1460173K(8362944K), 0.0314670 secs] [Times: user=0.21 sys=0.01, real=0.03 secs] 
2011-02-12T02:57:51.443+0000: 9560.763: [GC
Desired survivor size 25493504 bytes, new threshold 1 (max 15)
 [PSYoungGen: 2762648K->15296K(2770880K)] 4205773K->1458840K(8363328K), 0.0316780 secs] [Times: user=0.18 sys=0.02, real=0.04 secs] 
2011-02-12T02:57:56.139+0000: 9565.459: [GC
Desired survivor size 24838144 bytes, new threshold 1 (max 15)
 [PSYoungGen: 2760896K->10240K(2771904K)] 4204440K->1454272K(8364352K), 0.0245990 secs] [Times: user=0.14 sys=0.02, real=0.02 secs] 
2011-02-12T02:58:00.797+0000: 9570.117: [GC
Desired survivor size 24313856 bytes, new threshold 1 (max 15)
 [PSYoungGen: 2757248K->14498K(2771264K)] 4201280K->1458930K(8363712K), 0.0309130 secs] [Times: user=0.16 sys=0.01, real=0.03 secs] 
2011-02-12T02:58:05.016+0000: 9574.336: [GC
Desired survivor size 25559040 bytes, new threshold 1 (max 15)
 [PSYoungGen: 2761504K->19320K(2769984K)] 4205936K->1464635K(8362432K), 0.0367400 secs] [Times: user=0.20 sys=0.02, real=0.03 secs] 
2011-02-12T02:58:09.663+0000: 9578.983: [GC
Desired survivor size 24576000 bytes, new threshold 1 (max 15)
 [PSYoungGen: 2765560K->12736K(2771200K)] 4210875K->1458603K(8363648K), 0.0283520 secs] [Times: user=0.17 sys=0.02, real=0.03 secs] 
2011-02-12T02:58:14.588+0000: 9583.907: [GC
Desired survivor size 24248320 bytes, new threshold 1 (max 15)
 [PSYoungGen: 2758976K->9600K(2772480K)] 4204843K->1456066K(8364928K), 0.0259600 secs] [Times: user=0.17 sys=0.01, real=0.02 secs] 
2011-02-12T02:58:19.573+0000: 9588.893: [GC
Desired survivor size 23330816 bytes, new threshold 1 (max 15)
 [PSYoungGen: 2758080K->12242K(2772160K)] 4204546K->1459249K(8364608K), 0.0285350 secs] [Times: user=0.14 sys=0.01, real=0.03 secs] 
2011-02-12T02:58:24.192+0000: 9593.512: [GC
Desired survivor size 25886720 bytes, new threshold 1 (max 15)
 [PSYoungGen: 2760722K->22528K(2768384K)] 4207729K->1470022K(8360832K), 0.0383650 secs] [Times: user=0.25 sys=0.02, real=0.04 secs] 
2011-02-12T02:58:28.968+0000: 9598.288: [GC
Desired survivor size 26148864 bytes, new threshold 1 (max 15)
 [PSYoungGen: 2768128K->17747K(2763392K)] 4215622K->1465762K(8355840K), 0.0330600 secs] [Times: user=0.22 sys=0.02, real=0.04 secs] 
2011-02-12T02:58:33.565+0000: 9602.884: [GC
Desired survivor size 25559040 bytes, new threshold 1 (max 15)
 [PSYoungGen: 2763347K->11296K(2771200K)] 4211362K->1459694K(8363648K), 0.0262530 secs] [Times: user=0.16 sys=0.02, real=0.03 secs] 
2011-02-12T02:58:38.260+0000: 9607.579: [GC
Desired survivor size 25100288 bytes, new threshold 1 (max 15)
 [PSYoungGen: 2756960K->10576K(2770624K)] 4205358K->1459310K(8363072K), 0.0249040 secs] [Times: user=0.15 sys=0.01, real=0.02 secs] 
2011-02-12T02:58:43.078+0000: 9612.398: [GC
Desired survivor size 24903680 bytes, new threshold 1 (max 15)
 [PSYoungGen: 2756240K->8531K(2771840K)] 4204974K->1457742K(8364288K), 0.0222300 secs] [Times: user=0.13 sys=0.02, real=0.03 secs] 
2011-02-12T02:58:47.913+0000: 9617.233: [GC
Desired survivor size 23789568 bytes, new threshold 1 (max 15)
 [PSYoungGen: 2755859K->13120K(2771648K)] 4205070K->1462778K(8364096K), 0.0290560 secs] [Times: user=0.16 sys=0.01, real=0.03 secs] 
2011-02-12T02:58:52.644+0000: 9621.963: [GC
Desired survivor size 23134208 bytes, new threshold 1 (max 15)
 [PSYoungGen: 2760448K->14208K(2773568K)] 4210106K->1464438K(8366016K), 0.0288610 secs] [Times: user=0.18 sys=0.01, real=0.03 secs] 
2011-02-12T02:58:57.259+0000: 9626.578: [GC
Desired survivor size 22544384 bytes, new threshold 1 (max 15)
 [PSYoungGen: 2764544K->11120K(2772928K)] 4214774K->1461838K(8365376K), 0.0252730 secs] [Times: user=0.16 sys=0.01, real=0.03 secs] 
2011-02-12T02:59:01.567+0000: 9630.887: [GC
Desired survivor size 24051712 bytes, new threshold 1 (max 15)
 [PSYoungGen: 2761456K->19439K(2771200K)] 4212174K->1470754K(8363648K), 0.0335210 secs] [Times: user=0.21 sys=0.02, real=0.03 secs] 
2011-02-12T02:59:05.898+0000: 9635.217: [GC
Desired survivor size 24117248 bytes, new threshold 1 (max 15)
 [PSYoungGen: 2768623K->7680K(2756928K)] 4219938K->1459809K(8349376K), 0.0230880 secs] [Times: user=0.12 sys=0.01, real=0.02 secs] 
2011-02-12T02:59:10.269+0000: 9639.589: [GC
Desired survivor size 23986176 bytes, new threshold 1 (max 15)
 [PSYoungGen: 2756864K->15552K(2772736K)] 4208993K->1468277K(8365184K), 0.0325970 secs] [Times: user=0.19 sys=0.01, real=0.03 secs] 
2011-02-12T02:59:14.879+0000: 9644.198: [GC
Desired survivor size 23068672 bytes, new threshold 1 (max 15)
 [PSYoungGen: 2764736K->12624K(2772608K)] 4217461K->1465765K(8365056K), 0.0277510 secs] [Times: user=0.16 sys=0.01, real=0.03 secs] 
2011-02-12T02:59:19.734+0000: 9649.054: [GC
Desired survivor size 22609920 bytes, new threshold 1 (max 15)
 [PSYoungGen: 2761808K->10752K(2774080K)] 4214949K->1464341K(8366528K), 0.0256350 secs] [Times: user=0.15 sys=0.02, real=0.03 secs] 
2011-02-12T02:59:24.184+0000: 9653.504: [GC
Desired survivor size 24903680 bytes, new threshold 1 (max 15)
 [PSYoungGen: 2762304K->21632K(2773184K)] 4215893K->1475785K(8365632K), 0.0377620 secs] [Times: user=0.24 sys=0.01, real=0.04 secs] 
2011-02-12T02:59:28.592+0000: 9657.912: [GC
Desired survivor size 24969216 bytes, new threshold 1 (max 15)
 [PSYoungGen: 2773184K->7552K(2770368K)] 4227337K->1462193K(8362816K), 0.0227370 secs] [Times: user=0.12 sys=0.02, real=0.02 secs] 
2011-02-12T02:59:33.142+0000: 9662.461: [GC
Desired survivor size 27131904 bytes, new threshold 1 (max 15)
 [PSYoungGen: 2754944K->21984K(2769408K)] 4209585K->1477097K(8361856K), 0.0390730 secs] [Times: user=0.23 sys=0.02, real=0.04 secs] 
2011-02-12T02:59:38.043+0000: 9667.363: [GC
Desired survivor size 28901376 bytes, new threshold 1 (max 15)
 [PSYoungGen: 2769376K->22183K(2766208K)] 4224489K->1477760K(8358656K), 0.0371210 secs] [Times: user=0.25 sys=0.01, real=0.04 secs] 
2011-02-12T02:59:42.411+0000: 9671.731: [GC
Desired survivor size 27983872 bytes, new threshold 1 (max 15)
 [PSYoungGen: 2761895K->12608K(2767936K)] 4217472K->1468924K(8360384K), 0.0289000 secs] [Times: user=0.18 sys=0.03, real=0.03 secs] 
2011-02-12T02:59:46.882+0000: 9676.201: [GC
Desired survivor size 29949952 bytes, new threshold 1 (max 15)
 [PSYoungGen: 2752320K->23296K(2764992K)] 4208636K->1480004K(8357440K), 0.0399920 secs] [Times: user=0.24 sys=0.02, real=0.04 secs] 
2011-02-12T02:59:51.309+0000: 9680.629: [GC
Desired survivor size 28573696 bytes, new threshold 1 (max 15)
 [PSYoungGen: 2760960K->15432K(2766912K)] 4217668K->1472508K(8359360K), 0.0309340 secs] [Times: user=0.19 sys=0.01, real=0.03 secs] 
2011-02-12T02:59:55.925+0000: 9685.244: [GC
Desired survivor size 28704768 bytes, new threshold 1 (max 15)
 [PSYoungGen: 2753096K->7456K(2768000K)] 4210172K->1465089K(8360448K), 0.0251990 secs] [Times: user=0.12 sys=0.02, real=0.03 secs] 
2011-02-12T03:00:00.733+0000: 9690.052: [GC
Desired survivor size 28835840 bytes, new threshold 1 (max 15)
 [PSYoungGen: 2747552K->6386K(2746496K)] 4205185K->1464511K(8338944K), 0.0212720 secs] [Times: user=0.12 sys=0.01, real=0.02 secs] 
2011-02-12T03:00:04.911+0000: 9694.231: [GC
Desired survivor size 28442624 bytes, new threshold 1 (max 15)
 [PSYoungGen: 2746482K->7608K(2768384K)] 4204607K->1466567K(8360832K), 0.0232650 secs] [Times: user=0.14 sys=0.01, real=0.02 secs] 
2011-02-12T03:00:09.126+0000: 9698.445: [GC
Desired survivor size 28049408 bytes, new threshold 1 (max 15)
 [PSYoungGen: 2747832K->16128K(2768000K)] 4206791K->1475967K(8360448K), 0.0331580 secs] [Times: user=0.19 sys=0.01, real=0.03 secs] 
2011-02-12T03:00:13.446+0000: 9702.765: [GC
Desired survivor size 28114944 bytes, new threshold 1 (max 15)
 [PSYoungGen: 2756352K->5216K(2768640K)] 4216191K->1465611K(8361088K), 0.0210430 secs] [Times: user=0.11 sys=0.02, real=0.02 secs] 
2011-02-12T03:00:18.118+0000: 9707.438: [GC
Desired survivor size 30801920 bytes, new threshold 1 (max 15)
 [PSYoungGen: 2746464K->23879K(2765184K)] 4206859K->1484707K(8357632K), 0.0396890 secs] [Times: user=0.26 sys=0.01, real=0.04 secs] 
2011-02-12T03:00:22.592+0000: 9711.912: [GC
Desired survivor size 30736384 bytes, new threshold 1 (max 15)
 [PSYoungGen: 2765127K->4768K(2766144K)] 4225955K->1465987K(8358592K), 0.0195710 secs] [Times: user=0.11 sys=0.02, real=0.02 secs] 
2011-02-12T03:00:26.809+0000: 9716.129: [GC
Desired survivor size 29425664 bytes, new threshold 1 (max 15)
 [PSYoungGen: 2740832K->10592K(2766080K)] 4202051K->1472311K(8358528K), 0.0257530 secs] [Times: user=0.15 sys=0.00, real=0.03 secs] 
2011-02-12T03:00:31.519+0000: 9720.839: [GC
Desired survivor size 29556736 bytes, new threshold 1 (max 15)
 [PSYoungGen: 2746656K->17376K(2767168K)] 4208375K->1479627K(8359616K), 0.0341780 secs] [Times: user=0.20 sys=0.02, real=0.04 secs] 
2011-02-12T03:00:36.083+0000: 9725.402: [GC
Desired survivor size 28114944 bytes, new threshold 1 (max 15)
 [PSYoungGen: 2755808K->12057K(2767296K)] 4218059K->1474873K(8359744K), 0.0293040 secs] [Times: user=0.17 sys=0.03, real=0.03 secs] 
2011-02-12T03:00:41.166+0000: 9730.485: [GC
Desired survivor size 26738688 bytes, new threshold 1 (max 15)
 [PSYoungGen: 2750489K->13379K(2770048K)] 4213305K->1476715K(8362496K), 0.0287700 secs] [Times: user=0.18 sys=0.02, real=0.03 secs] 
2011-02-12T03:00:45.915+0000: 9735.234: [GC
Desired survivor size 26345472 bytes, new threshold 1 (max 15)
 [PSYoungGen: 2755971K->15520K(2768704K)] 4219307K->1479495K(8361152K), 0.0303650 secs] [Times: user=0.19 sys=0.01, real=0.03 secs] 
2011-02-12T03:00:50.485+0000: 9739.804: [GC
Desired survivor size 26017792 bytes, new threshold 1 (max 15)
 [PSYoungGen: 2758112K->7840K(2770752K)] 4222087K->1472315K(8363200K), 0.0229470 secs] [Times: user=0.14 sys=0.02, real=0.03 secs] 
2011-02-12T03:00:55.093+0000: 9744.412: [GC
Desired survivor size 28311552 bytes, new threshold 1 (max 15)
 [PSYoungGen: 2752864K->22108K(2767168K)] 4217339K->1487079K(8359616K), 0.0372810 secs] [Times: user=0.25 sys=0.02, real=0.04 secs] 
2011-02-12T03:00:59.586+0000: 9748.905: [GC
Desired survivor size 26869760 bytes, new threshold 1 (max 15)
 [PSYoungGen: 2767132K->13760K(2769920K)] 4232103K->1479091K(8362368K), 0.0282030 secs] [Times: user=0.16 sys=0.01, real=0.03 secs] 
2011-02-12T03:01:04.077+0000: 9753.397: [GC
Desired survivor size 26345472 bytes, new threshold 1 (max 15)
 [PSYoungGen: 2756032K->9562K(2768512K)] 4221363K->1475421K(8360960K), 0.0246770 secs] [Times: user=0.14 sys=0.02, real=0.03 secs] 
2011-02-12T03:01:08.700+0000: 9758.019: [GC
Desired survivor size 26542080 bytes, new threshold 1 (max 15)
 [PSYoungGen: 2751834K->4768K(2770048K)] 4217693K->1471705K(8362496K), 0.0195070 secs] [Times: user=0.10 sys=0.02, real=0.02 secs] 
2011-02-12T03:01:13.521+0000: 9762.841: [GC
Desired survivor size 26148864 bytes, new threshold 1 (max 15)
 [PSYoungGen: 2749088K->6785K(2770240K)] 4216025K->1474259K(8362688K), 0.0246700 secs] [Times: user=0.14 sys=0.02, real=0.02 secs] 
2011-02-12T03:01:18.358+0000: 9767.678: [GC
Desired survivor size 25755648 bytes, new threshold 1 (max 15)
 [PSYoungGen: 2751105K->6183K(2771008K)] 4218579K->1474173K(8363456K), 0.0195640 secs] [Times: user=0.11 sys=0.02, real=0.02 secs] 
2011-02-12T03:01:23.559+0000: 9772.879: [GC
Desired survivor size 24641536 bytes, new threshold 1 (max 15)
 [PSYoungGen: 2751655K->9504K(2770624K)] 4219645K->1478058K(8363072K), 0.0247570 secs] [Times: user=0.13 sys=0.02, real=0.03 secs] 
2011-02-12T03:01:28.613+0000: 9777.933: [GC
Desired survivor size 23396352 bytes, new threshold 1 (max 15)
 [PSYoungGen: 2754976K->10720K(2773312K)] 4223530K->1479742K(8365760K), 0.0250640 secs] [Times: user=0.15 sys=0.02, real=0.02 secs] 
2011-02-12T03:01:33.862+0000: 9783.182: [GC
Desired survivor size 24117248 bytes, new threshold 1 (max 15)
 [PSYoungGen: 2759968K->16176K(2772096K)] 4228990K->1485598K(8364544K), 0.0310270 secs] [Times: user=0.20 sys=0.02, real=0.03 secs] 
2011-02-12T03:01:38.632+0000: 9787.951: [GC
Desired survivor size 24248320 bytes, new threshold 1 (max 15)
 [PSYoungGen: 2765424K->15200K(2772352K)] 4234846K->1485158K(8364800K), 0.0319730 secs] [Times: user=0.18 sys=0.01, real=0.04 secs] 
2011-02-12T03:01:43.011+0000: 9792.331: [GC
Desired survivor size 23265280 bytes, new threshold 1 (max 15)
 [PSYoungGen: 2764000K->12433K(2772480K)] 4233958K->1482920K(8364928K), 0.0269980 secs] [Times: user=0.16 sys=0.01, real=0.03 secs] 
2011-02-12T03:01:47.905+0000: 9797.224: [GC
Desired survivor size 22347776 bytes, new threshold 1 (max 15)
 [PSYoungGen: 2761233K->12528K(2774336K)] 4231720K->1483470K(8366784K), 0.0280810 secs] [Times: user=0.18 sys=0.01, real=0.03 secs] 
2011-02-12T03:01:52.786+0000: 9802.105: [GC
Desired survivor size 22085632 bytes, new threshold 1 (max 15)
 [PSYoungGen: 2764144K->13936K(2773440K)] 4235086K->1485366K(8365888K), 0.0312350 secs] [Times: user=0.17 sys=0.03, real=0.03 secs] 
2011-02-12T03:01:57.533+0000: 9806.853: [GC
Desired survivor size 21561344 bytes, new threshold 1 (max 15)
 [PSYoungGen: 2765552K->9552K(2775104K)] 4236982K->1481549K(8367552K), 0.0268920 secs] [Times: user=0.15 sys=0.02, real=0.03 secs] 
2011-02-12T03:02:02.291+0000: 9811.611: [GC
Desired survivor size 21430272 bytes, new threshold 1 (max 15)
 [PSYoungGen: 2763088K->7658K(2774592K)] 4235085K->1480243K(8367040K), 0.0239160 secs] [Times: user=0.13 sys=0.01, real=0.03 secs] 
2011-02-12T03:02:06.769+0000: 9816.089: [GC
Desired survivor size 23265280 bytes, new threshold 1 (max 15)
 [PSYoungGen: 2761194K->18896K(2771648K)] 4233779K->1492315K(8364096K), 0.0349330 secs] [Times: user=0.22 sys=0.02, real=0.03 secs] 
2011-02-12T03:02:11.344+0000: 9820.664: [GC
Desired survivor size 22544384 bytes, new threshold 1 (max 15)
 [PSYoungGen: 2769616K->13171K(2773440K)] 4243035K->1487127K(8365888K), 0.0282690 secs] [Times: user=0.18 sys=0.01, real=0.03 secs] 
2011-02-12T03:02:15.971+0000: 9825.290: [GC
Desired survivor size 21889024 bytes, new threshold 1 (max 15)
 [PSYoungGen: 2763891K->10384K(2774784K)] 4237847K->1484843K(8367232K), 0.0260820 secs] [Times: user=0.15 sys=0.02, real=0.03 secs] 
2011-02-12T03:02:20.629+0000: 9829.949: [GC
Desired survivor size 21757952 bytes, new threshold 1 (max 15)
 [PSYoungGen: 2763152K->7584K(2774144K)] 4237611K->1482475K(8366592K), 0.0241870 secs] [Times: user=0.15 sys=0.02, real=0.02 secs] 
2011-02-12T03:02:25.090+0000: 9834.410: [GC
Desired survivor size 22937600 bytes, new threshold 1 (max 15)
 [PSYoungGen: 2760352K->17504K(2772608K)] 4235243K->1492911K(8365056K), 0.0357340 secs] [Times: user=0.21 sys=0.02, real=0.03 secs] 
2011-02-12T03:02:29.789+0000: 9839.109: [GC
Desired survivor size 22020096 bytes, new threshold 1 (max 15)
 [PSYoungGen: 2768864K->11616K(2773760K)] 4244271K->1487543K(8366208K), 0.0266950 secs] [Times: user=0.16 sys=0.02, real=0.02 secs] 
2011-02-12T03:02:34.704+0000: 9844.024: [GC
Desired survivor size 21102592 bytes, new threshold 1 (max 15)
 [PSYoungGen: 2762976K->12032K(2775552K)] 4238903K->1488587K(8368000K), 0.0266030 secs] [Times: user=0.15 sys=0.02, real=0.03 secs] 
2011-02-12T03:02:39.761+0000: 9849.080: [GC
Desired survivor size 20774912 bytes, new threshold 1 (max 15)
 [PSYoungGen: 2766080K->13568K(2774656K)] 4242635K->1490499K(8367104K), 0.0295330 secs] [Times: user=0.17 sys=0.02, real=0.03 secs] 
2011-02-12T03:02:45.055+0000: 9854.375: [GC
Desired survivor size 22675456 bytes, new threshold 1 (max 15)
 [PSYoungGen: 2767616K->19552K(2772160K)] 4244547K->1496887K(8364608K), 0.0370250 secs] [Times: user=0.23 sys=0.02, real=0.04 secs] 
2011-02-12T03:02:50.008+0000: 9859.328: [GC
Desired survivor size 25165824 bytes, new threshold 1 (max 15)
 [PSYoungGen: 2771424K->22005K(2773888K)] 4248759K->1499844K(8366336K), 0.0392200 secs] [Times: user=0.24 sys=0.01, real=0.04 secs] 
2011-02-12T03:02:54.980+0000: 9864.299: [GC
Desired survivor size 26804224 bytes, new threshold 1 (max 15)
 [PSYoungGen: 2773877K->21184K(2766080K)] 4251716K->1499514K(8358528K), 0.0373660 secs] [Times: user=0.22 sys=0.02, real=0.04 secs] 
2011-02-12T03:03:00.101+0000: 9869.420: [GC
Desired survivor size 27197440 bytes, new threshold 1 (max 15)
 [PSYoungGen: 2764992K->5842K(2749696K)] 4243322K->1484616K(8342144K), 0.0203080 secs] [Times: user=0.11 sys=0.02, real=0.02 secs] 
2011-02-12T03:03:04.783+0000: 9874.103: [GC
Desired survivor size 28377088 bytes, new threshold 1 (max 15)
 [PSYoungGen: 2749650K->20456K(2767296K)] 4228424K->1500012K(8359744K), 0.0367270 secs] [Times: user=0.24 sys=0.02, real=0.03 secs] 
2011-02-12T03:03:09.731+0000: 9879.051: [GC
Desired survivor size 29032448 bytes, new threshold 1 (max 15)
 [PSYoungGen: 2761192K->19648K(2760384K)] 4240748K->1500098K(8352832K), 0.0338990 secs] [Times: user=0.22 sys=0.02, real=0.04 secs] 
2011-02-12T03:03:14.762+0000: 9884.081: [GC
Desired survivor size 29229056 bytes, new threshold 1 (max 15)
 [PSYoungGen: 2760384K->5874K(2767424K)] 4240834K->1486852K(8359872K), 0.0203160 secs] [Times: user=0.12 sys=0.02, real=0.02 secs] 
2011-02-12T03:03:20.119+0000: 9889.439: [GC
Desired survivor size 28246016 bytes, new threshold 1 (max 15)
 [PSYoungGen: 2744946K->15328K(2767616K)] 4225924K->1496720K(8360064K), 0.0301580 secs] [Times: user=0.20 sys=0.01, real=0.03 secs] 
2011-02-12T03:03:24.961+0000: 9894.280: [GC
Desired survivor size 26935296 bytes, new threshold 1 (max 15)
 [PSYoungGen: 2754400K->13760K(2769856K)] 4235792K->1495636K(8362304K), 0.0299230 secs] [Times: user=0.16 sys=0.02, real=0.03 secs] 
2011-02-12T03:03:29.767+0000: 9899.087: [GC
Desired survivor size 25755648 bytes, new threshold 1 (max 15)
 [PSYoungGen: 2756032K->13749K(2768576K)] 4237908K->1496082K(8361024K), 0.0289150 secs] [Times: user=0.18 sys=0.02, real=0.03 secs] 
2011-02-12T03:03:34.993+0000: 9904.313: [GC
Desired survivor size 25952256 bytes, new threshold 1 (max 15)
 [PSYoungGen: 2756021K->17593K(2770624K)] 4238354K->1500469K(8363072K), 0.0336490 secs] [Times: user=0.21 sys=0.02, real=0.04 secs] 
2011-02-12T03:03:39.925+0000: 9909.244: [GC
Desired survivor size 27721728 bytes, new threshold 1 (max 15)
 [PSYoungGen: 2763065K->22016K(2767552K)] 4245941K->1505501K(8360000K), 0.0375470 secs] [Times: user=0.24 sys=0.02, real=0.04 secs] 
2011-02-12T03:03:44.706+0000: 9914.025: [GC
Desired survivor size 27262976 bytes, new threshold 1 (max 15)
 [PSYoungGen: 2767488K->17280K(2769536K)] 4250973K->1501225K(8361984K), 0.0329750 secs] [Times: user=0.21 sys=0.02, real=0.04 secs] 
2011-02-12T03:03:49.599+0000: 9918.918: [GC
Desired survivor size 27262976 bytes, new threshold 1 (max 15)
 [PSYoungGen: 2759744K->18422K(2769088K)] 4243689K->1502752K(8361536K), 0.0362820 secs] [Times: user=0.18 sys=0.02, real=0.03 secs] 
2011-02-12T03:03:54.287+0000: 9923.607: [GC
Desired survivor size 27656192 bytes, new threshold 1 (max 15)
 [PSYoungGen: 2760886K->19752K(2768768K)] 4245216K->1504582K(8361216K), 0.0348070 secs] [Times: user=0.22 sys=0.02, real=0.04 secs] 
2011-02-12T03:03:58.901+0000: 9928.220: [GC
Desired survivor size 27262976 bytes, new threshold 1 (max 15)
 [PSYoungGen: 2761896K->12240K(2769152K)] 4246726K->1497481K(8361600K), 0.0275240 secs] [Times: user=0.17 sys=0.02, real=0.02 secs] 
2011-02-12T03:04:03.603+0000: 9932.923: [GC
Desired survivor size 27721728 bytes, new threshold 1 (max 15)
 [PSYoungGen: 2754384K->6506K(2768640K)] 4239625K->1492252K(8361088K), 0.0213500 secs] [Times: user=0.11 sys=0.03, real=0.02 secs] 
2011-02-12T03:04:08.196+0000: 9937.516: [GC
Desired survivor size 27983872 bytes, new threshold 1 (max 15)
 [PSYoungGen: 2748522K->18801K(2760832K)] 4234268K->1505498K(8353280K), 0.0371550 secs] [Times: user=0.23 sys=0.02, real=0.04 secs] 
2011-02-12T03:04:13.078+0000: 9942.397: [GC
Desired survivor size 27590656 bytes, new threshold 1 (max 15)
 [PSYoungGen: 2760817K->17408K(2769216K)] 4247514K->1504708K(8361664K), 0.0352450 secs] [Times: user=0.21 sys=0.02, real=0.04 secs] 
2011-02-12T03:04:18.124+0000: 9947.443: [GC
Desired survivor size 28049408 bytes, new threshold 1 (max 15)
 [PSYoungGen: 2759296K->19738K(2761664K)] 4246596K->1507527K(8354112K), 0.0359350 secs] [Times: user=0.21 sys=0.02, real=0.03 secs] 
2011-02-12T03:04:23.309+0000: 9952.628: [GC
Desired survivor size 27590656 bytes, new threshold 1 (max 15)
 [PSYoungGen: 2761626K->11863K(2769216K)] 4249415K->1500160K(8361664K), 0.0274160 secs] [Times: user=0.17 sys=0.02, real=0.03 secs] 
2011-02-12T03:04:27.686+0000: 9957.006: [GC
Desired survivor size 28639232 bytes, new threshold 1 (max 15)
 [PSYoungGen: 2753687K->2764K(2744640K)] 4241984K->1491553K(8337088K), 0.0163480 secs] [Times: user=0.09 sys=0.01, real=0.02 secs] 
2011-02-12T03:04:32.556+0000: 9961.876: [GC
Desired survivor size 30212096 bytes, new threshold 1 (max 15)
 [PSYoungGen: 2744588K->22048K(2765120K)] 4233377K->1511293K(8357568K), 0.0397590 secs] [Times: user=0.23 sys=0.02, real=0.04 secs] 
2011-02-12T03:04:37.285+0000: 9966.605: [GC
Desired survivor size 29753344 bytes, new threshold 1 (max 15)
 [PSYoungGen: 2759200K->17715K(2766656K)] 4248445K->1507400K(8359104K), 0.0365120 secs] [Times: user=0.20 sys=0.02, real=0.03 secs] 
2011-02-12T03:04:42.626+0000: 9971.946: [GC
Desired survivor size 29753344 bytes, new threshold 1 (max 15)
 [PSYoungGen: 2754867K->6888K(2767104K)] 4244552K->1497110K(8359552K), 0.0231960 secs] [Times: user=0.12 sys=0.02, real=0.02 secs] 
2011-02-12T03:04:47.531+0000: 9976.851: [GC
Desired survivor size 30474240 bytes, new threshold 1 (max 15)
 [PSYoungGen: 2744936K->20192K(2758272K)] 4235158K->1511118K(8350720K), 0.0349440 secs] [Times: user=0.23 sys=0.01, real=0.04 secs] 
2011-02-12T03:04:52.305+0000: 9981.625: [GC
Desired survivor size 29556736 bytes, new threshold 1 (max 15)
 [PSYoungGen: 2758240K->16480K(2767296K)] 4249166K->1507866K(8359744K), 0.0325670 secs] [Times: user=0.20 sys=0.01, real=0.04 secs] 
2011-02-12T03:04:57.409+0000: 9986.729: [GC
Desired survivor size 31195136 bytes, new threshold 1 (max 15)
 [PSYoungGen: 2754016K->23276K(2760832K)] 4245402K->1515030K(8353280K), 0.0385520 secs] [Times: user=0.26 sys=0.01, real=0.04 secs] 
2011-02-12T03:05:02.270+0000: 9991.590: [GC
Desired survivor size 30801920 bytes, new threshold 1 (max 15)
 [PSYoungGen: 2760812K->9769K(2766080K)] 4252566K->1502112K(8358528K), 0.0252990 secs] [Times: user=0.16 sys=0.01, real=0.02 secs] 
2011-02-12T03:05:06.495+0000: 9995.815: [GC
Desired survivor size 29294592 bytes, new threshold 1 (max 15)
 [PSYoungGen: 2745385K->15187K(2765696K)] 4237728K->1508580K(8358144K), 0.0340600 secs] [Times: user=0.18 sys=0.01, real=0.04 secs] 
2011-02-12T03:05:11.249+0000: 10000.569: [GC
Desired survivor size 29425664 bytes, new threshold 1 (max 15)
 [PSYoungGen: 2750803K->19168K(2767296K)] 4244196K->1513091K(8359744K), 0.0351260 secs] [Times: user=0.22 sys=0.01, real=0.03 secs] 
2011-02-12T03:05:16.063+0000: 10005.383: [GC
Desired survivor size 29294592 bytes, new threshold 1 (max 15)
 [PSYoungGen: 2757856K->18880K(2767424K)] 4251779K->1513211K(8359872K), 0.0369210 secs] [Times: user=0.23 sys=0.02, real=0.04 secs] 
2011-02-12T03:05:20.833+0000: 10010.153: [GC
Desired survivor size 28049408 bytes, new threshold 1 (max 15)
 [PSYoungGen: 2757568K->15744K(2768768K)] 4251899K->1510640K(8361216K), 0.0311710 secs] [Times: user=0.20 sys=0.02, real=0.03 secs] 
2011-02-12T03:05:25.818+0000: 10015.138: [GC
Desired survivor size 27262976 bytes, new threshold 1 (max 15)
 [PSYoungGen: 2755904K->16928K(2767552K)] 4250800K->1512408K(8360000K), 0.0328730 secs] [Times: user=0.19 sys=0.02, real=0.04 secs] 
2011-02-12T03:05:30.770+0000: 10020.089: [GC
Desired survivor size 26411008 bytes, new threshold 1 (max 15)
 [PSYoungGen: 2757088K->14806K(2770368K)] 4252568K->1510710K(8362816K), 0.0308910 secs] [Times: user=0.19 sys=0.02, real=0.04 secs] 
2011-02-12T03:05:35.735+0000: 10025.055: [GC
Desired survivor size 25690112 bytes, new threshold 1 (max 15)
 [PSYoungGen: 2758550K->16768K(2769536K)] 4254454K->1513108K(8361984K), 0.0333030 secs] [Times: user=0.20 sys=0.02, real=0.03 secs] 
2011-02-12T03:05:40.763+0000: 10030.083: [GC
Desired survivor size 26345472 bytes, new threshold 1 (max 15)
 [PSYoungGen: 2760512K->20160K(2769792K)] 4256852K->1516948K(8362240K), 0.0367500 secs] [Times: user=0.22 sys=0.02, real=0.03 secs] 
2011-02-12T03:05:45.707+0000: 10035.027: [GC
Desired survivor size 26542080 bytes, new threshold 1 (max 15)
 [PSYoungGen: 2764864K->19424K(2764160K)] 4261652K->1516764K(8356608K), 0.0349220 secs] [Times: user=0.23 sys=0.01, real=0.04 secs] 
2011-02-12T03:05:50.801+0000: 10040.121: [GC
Desired survivor size 27000832 bytes, new threshold 1 (max 15)
 [PSYoungGen: 2764128K->20540K(2769344K)] 4261468K->1518391K(8361792K), 0.0363730 secs] [Times: user=0.23 sys=0.02, real=0.04 secs] 
2011-02-12T03:05:55.765+0000: 10045.085: [GC
Desired survivor size 28049408 bytes, new threshold 1 (max 15)
 [PSYoungGen: 2763964K->22291K(2765760K)] 4261815K->1520742K(8358208K), 0.0382740 secs] [Times: user=0.24 sys=0.02, real=0.04 secs] 
2011-02-12T03:06:00.623+0000: 10049.943: [GC
Desired survivor size 28639232 bytes, new threshold 1 (max 15)
 [PSYoungGen: 2765715K->21914K(2767616K)] 4264166K->1521029K(8360064K), 0.0359720 secs] [Times: user=0.25 sys=0.01, real=0.04 secs] 
2011-02-12T03:06:04.706+0000: 10054.025: [GC
Desired survivor size 28901376 bytes, new threshold 1 (max 15)
 [PSYoungGen: 2762138K->10840K(2751104K)] 4261253K->1510725K(8343552K), 0.0281830 secs] [Times: user=0.17 sys=0.02, real=0.03 secs] 
2011-02-12T03:06:08.932+0000: 10058.251: [GC
Desired survivor size 28508160 bytes, new threshold 1 (max 15)
 [PSYoungGen: 2751064K->13216K(2768320K)] 4250949K->1513913K(8360768K), 0.0298690 secs] [Times: user=0.17 sys=0.03, real=0.03 secs] 
2011-02-12T03:06:13.316+0000: 10062.636: [GC
Desired survivor size 28966912 bytes, new threshold 1 (max 15)
 [PSYoungGen: 2753312K->21088K(2761216K)] 4254009K->1522173K(8353664K), 0.0354590 secs] [Times: user=0.23 sys=0.02, real=0.03 secs] 
2011-02-12T03:06:17.692+0000: 10067.011: [GC
Desired survivor size 28966912 bytes, new threshold 1 (max 15)
 [PSYoungGen: 2761184K->11008K(2767872K)] 4262269K->1512557K(8360320K), 0.0277020 secs] [Times: user=0.14 sys=0.02, real=0.03 secs] 
2011-02-12T03:06:22.256+0000: 10071.576: [GC
Desired survivor size 29884416 bytes, new threshold 1 (max 15)
 [PSYoungGen: 2750592K->4576K(2744192K)] 4252141K->1506541K(8336640K), 0.0207690 secs] [Times: user=0.09 sys=0.01, real=0.03 secs] 
2011-02-12T03:06:26.813+0000: 10076.133: [GC
Desired survivor size 29425664 bytes, new threshold 1 (max 15)
 [PSYoungGen: 2744160K->18050K(2767424K)] 4246125K->1520503K(8359872K), 0.0338630 secs] [Times: user=0.20 sys=0.01, real=0.04 secs] 
2011-02-12T03:06:30.966+0000: 10080.285: [GC
Desired survivor size 30932992 bytes, new threshold 1 (max 15)
 [PSYoungGen: 2756290K->23104K(2761344K)] 4258743K->1526135K(8353792K), 0.0391530 secs] [Times: user=0.26 sys=0.01, real=0.04 secs] 
2011-02-12T03:06:35.007+0000: 10084.327: [GC
Desired survivor size 31391744 bytes, new threshold 1 (max 15)
 [PSYoungGen: 2761344K->5744K(2765056K)] 4264375K->1509231K(8357504K), 0.0217280 secs] [Times: user=0.12 sys=0.01, real=0.03 secs] 
2011-02-12T03:06:39.385+0000: 10088.705: [GC
Desired survivor size 30081024 bytes, new threshold 1 (max 15)
 [PSYoungGen: 2740592K->16032K(2765504K)] 4244079K->1520139K(8357952K), 0.0320230 secs] [Times: user=0.21 sys=0.01, real=0.03 secs] 
2011-02-12T03:06:43.991+0000: 10093.311: [GC
Desired survivor size 29753344 bytes, new threshold 1 (max 15)
 [PSYoungGen: 2750880K->8960K(2767104K)] 4254987K->1513435K(8359552K), 0.0254620 secs] [Times: user=0.15 sys=0.01, real=0.02 secs] 
2011-02-12T03:06:48.419+0000: 10097.739: [GC
Desired survivor size 29753344 bytes, new threshold 1 (max 15)
 [PSYoungGen: 2746688K->18624K(2766784K)] 4251163K->1523523K(8359232K), 0.0352890 secs] [Times: user=0.20 sys=0.02, real=0.04 secs] 
2011-02-12T03:06:52.910+0000: 10102.229: [GC
Desired survivor size 29753344 bytes, new threshold 1 (max 15)
 [PSYoungGen: 2756352K->7024K(2767104K)] 4261251K->1512383K(8359552K), 0.0218830 secs] [Times: user=0.13 sys=0.01, real=0.03 secs] 
2011-02-12T03:06:57.419+0000: 10106.739: [GC
Desired survivor size 30146560 bytes, new threshold 1 (max 15)
 [PSYoungGen: 2745072K->19392K(2757440K)] 4250431K->1525187K(8349888K), 0.0352460 secs] [Times: user=0.24 sys=0.02, real=0.04 secs] 
2011-02-12T03:07:01.689+0000: 10111.009: [GC
Desired survivor size 29622272 bytes, new threshold 1 (max 15)
 [PSYoungGen: 2757440K->9354K(2767232K)] 4263235K->1515714K(8359680K), 0.0252450 secs] [Times: user=0.14 sys=0.02, real=0.03 secs] 
2011-02-12T03:07:06.120+0000: 10115.440: [GC
Desired survivor size 30081024 bytes, new threshold 1 (max 15)
 [PSYoungGen: 2747146K->19384K(2766720K)] 4253506K->1526538K(8359168K), 0.0367220 secs] [Times: user=0.23 sys=0.02, real=0.04 secs] 
2011-02-12T03:07:10.884+0000: 10120.203: [GC
Desired survivor size 28639232 bytes, new threshold 1 (max 15)
 [PSYoungGen: 2757176K->14336K(2768192K)] 4264330K->1522162K(8360640K), 0.0301770 secs] [Times: user=0.19 sys=0.02, real=0.03 secs] 
2011-02-12T03:07:15.935+0000: 10125.255: [GC
Desired survivor size 29229056 bytes, new threshold 1 (max 15)
 [PSYoungGen: 2753152K->3791K(2766784K)] 4260978K->1512014K(8359232K), 0.0186020 secs] [Times: user=0.10 sys=0.01, real=0.02 secs] 
2011-02-12T03:07:21.440+0000: 10130.760: [GC
Desired survivor size 27918336 bytes, new threshold 1 (max 15)
 [PSYoungGen: 2742607K->12672K(2768896K)] 4250830K->1521498K(8361344K), 0.0288850 secs] [Times: user=0.18 sys=0.01, real=0.03 secs] 
2011-02-12T03:07:27.044+0000: 10136.363: [GC
Desired survivor size 27721728 bytes, new threshold 1 (max 15)
 [PSYoungGen: 2753024K->6560K(2767616K)] 4261850K->1515806K(8360064K), 0.0221280 secs] [Times: user=0.12 sys=0.01, real=0.03 secs] 
2011-02-12T03:07:32.469+0000: 10141.788: [GC
Desired survivor size 26542080 bytes, new threshold 1 (max 15)
 [PSYoungGen: 2746912K->13639K(2770240K)] 4256158K->1523377K(8362688K), 0.0288860 secs] [Times: user=0.18 sys=0.02, real=0.03 secs] 
2011-02-12T03:07:37.894+0000: 10147.214: [GC
Desired survivor size 25427968 bytes, new threshold 1 (max 15)
 [PSYoungGen: 2756807K->11648K(2769088K)] 4266545K->1522049K(8361536K), 0.0282640 secs] [Times: user=0.15 sys=0.02, real=0.03 secs] 
2011-02-12T03:07:43.205+0000: 10152.524: [GC
Desired survivor size 25624576 bytes, new threshold 1 (max 15)
 [PSYoungGen: 2754816K->16541K(2770944K)] 4265217K->1527486K(8363392K), 0.0316390 secs] [Times: user=0.21 sys=0.01, real=0.04 secs] 
2011-02-12T03:07:48.096+0000: 10157.416: [GC
Desired survivor size 24838144 bytes, new threshold 1 (max 15)
 [PSYoungGen: 2762653K->10992K(2771136K)] 4273598K->1522465K(8363584K), 0.0259510 secs] [Times: user=0.17 sys=0.02, real=0.03 secs] 
2011-02-12T03:07:53.379+0000: 10162.699: [GC
Desired survivor size 26804224 bytes, new threshold 1 (max 15)
 [PSYoungGen: 2757104K->21344K(2768064K)] 4268577K->1533521K(8360512K), 0.0373000 secs] [Times: user=0.25 sys=0.02, real=0.03 secs] 
2011-02-12T03:07:58.611+0000: 10167.930: [GC
Desired survivor size 26476544 bytes, new threshold 1 (max 15)
 [PSYoungGen: 2765152K->8704K(2769984K)] 4277329K->1521453K(8362432K), 0.0254340 secs] [Times: user=0.12 sys=0.02, real=0.02 secs] 
2011-02-12T03:08:03.292+0000: 10172.611: [GC
Desired survivor size 30212096 bytes, new threshold 1 (max 15)
 [PSYoungGen: 2752512K->25852K(2763008K)] 4265261K->1539382K(8355456K), 0.0418260 secs] [Times: user=0.29 sys=0.02, real=0.04 secs] 
2011-02-12T03:08:08.146+0000: 10177.466: [GC
Desired survivor size 31195136 bytes, new threshold 1 (max 15)
 [PSYoungGen: 2763004K->21200K(2758400K)] 4276534K->1535772K(8350848K), 0.0380310 secs] [Times: user=0.24 sys=0.03, real=0.04 secs] 
2011-02-12T03:08:13.567+0000: 10182.887: [GC
Desired survivor size 30408704 bytes, new threshold 1 (max 15)
 [PSYoungGen: 2758352K->10720K(2766464K)] 4272924K->1525968K(8358912K), 0.0291570 secs] [Times: user=0.16 sys=0.02, real=0.03 secs] 
2011-02-12T03:08:18.668+0000: 10187.988: [GC
Desired survivor size 29360128 bytes, new threshold 1 (max 15)
 [PSYoungGen: 2746720K->12384K(2765696K)] 4261968K->1528172K(8358144K), 0.0271270 secs] [Times: user=0.17 sys=0.01, real=0.03 secs] 
2011-02-12T03:08:23.440+0000: 10192.760: [GC
Desired survivor size 29097984 bytes, new threshold 1 (max 15)
 [PSYoungGen: 2748384K->7936K(2767744K)] 4264172K->1524292K(8360192K), 0.0238430 secs] [Times: user=0.13 sys=0.01, real=0.03 secs] 
2011-02-12T03:08:28.423+0000: 10197.742: [GC
Desired survivor size 27787264 bytes, new threshold 1 (max 15)
 [PSYoungGen: 2747008K->14418K(2767488K)] 4263364K->1531323K(8359936K), 0.0290880 secs] [Times: user=0.19 sys=0.01, real=0.03 secs] 
2011-02-12T03:08:33.344+0000: 10202.664: [GC
Desired survivor size 27983872 bytes, new threshold 1 (max 15)
 [PSYoungGen: 2753490K->18016K(2768640K)] 4270395K->1535631K(8361088K), 0.0333600 secs] [Times: user=0.22 sys=0.02, real=0.03 secs] 
2011-02-12T03:08:37.947+0000: 10207.267: [GC
Desired survivor size 26738688 bytes, new threshold 1 (max 15)
 [PSYoungGen: 2759520K->14560K(2768832K)] 4277135K->1532807K(8361280K), 0.0319730 secs] [Times: user=0.19 sys=0.02, real=0.03 secs] 
2011-02-12T03:08:42.479+0000: 10211.798: [GC
Desired survivor size 26935296 bytes, new threshold 1 (max 15)
 [PSYoungGen: 2756064K->6240K(2769664K)] 4274311K->1524923K(8362112K), 0.0214040 secs] [Times: user=0.12 sys=0.02, real=0.02 secs] 
2011-02-12T03:08:47.138+0000: 10216.458: [GC
Desired survivor size 27131904 bytes, new threshold 1 (max 15)
 [PSYoungGen: 2749792K->17440K(2761024K)] 4268475K->1536667K(8353472K), 0.0350980 secs] [Times: user=0.21 sys=0.02, real=0.03 secs] 
2011-02-12T03:08:51.676+0000: 10220.996: [GC
Desired survivor size 26214400 bytes, new threshold 1 (max 15)
 [PSYoungGen: 2760992K->15052K(2770560K)] 4280219K->1534855K(8363008K), 0.0313990 secs] [Times: user=0.18 sys=0.02, real=0.03 secs] 
2011-02-12T03:08:56.485+0000: 10225.804: [GC
Desired survivor size 25427968 bytes, new threshold 1 (max 15)
 [PSYoungGen: 2759116K->11872K(2769664K)] 4278919K->1532235K(8362112K), 0.0284310 secs] [Times: user=0.16 sys=0.02, real=0.03 secs] 
2011-02-12T03:09:01.159+0000: 10230.479: [GC
Desired survivor size 25559040 bytes, new threshold 1 (max 15)
 [PSYoungGen: 2755936K->6754K(2771072K)] 4276299K->1527597K(8363520K), 0.0222420 secs] [Times: user=0.12 sys=0.03, real=0.02 secs] 
2011-02-12T03:09:05.423+0000: 10234.742: [GC
Desired survivor size 25559040 bytes, new threshold 1 (max 15)
 [PSYoungGen: 2752994K->16280K(2771200K)] 4273837K->1537754K(8363648K), 0.0329200 secs] [Times: user=0.18 sys=0.02, real=0.03 secs] 
2011-02-12T03:09:09.794+0000: 10239.114: [GC
Desired survivor size 28049408 bytes, new threshold 1 (max 15)
 [PSYoungGen: 2762520K->23178K(2766336K)] 4283994K->1545433K(8358784K), 0.0403600 secs] [Times: user=0.25 sys=0.01, real=0.04 secs] 
2011-02-12T03:09:14.766+0000: 10244.086: [GC
Desired survivor size 30343168 bytes, new threshold 1 (max 15)
 [PSYoungGen: 2764554K->24008K(2765440K)] 4286809K->1546938K(8357888K), 0.0412220 secs] [Times: user=0.24 sys=0.02, real=0.05 secs] 
2011-02-12T03:09:19.627+0000: 10248.947: [GC
Desired survivor size 30277632 bytes, new threshold 1 (max 15)
 [PSYoungGen: 2765384K->19072K(2766592K)] 4288314K->1542497K(8359040K), 0.0378710 secs] [Times: user=0.19 sys=0.02, real=0.04 secs] 
2011-02-12T03:09:24.343+0000: 10253.663: [GC
Desired survivor size 29818880 bytes, new threshold 1 (max 15)
 [PSYoungGen: 2756032K->18272K(2766528K)] 4279457K->1542197K(8358976K), 0.0339030 secs] [Times: user=0.22 sys=0.01, real=0.03 secs] 
2011-02-12T03:09:28.857+0000: 10258.176: [GC
Desired survivor size 29425664 bytes, new threshold 1 (max 15)
 [PSYoungGen: 2755232K->10560K(2767424K)] 4279157K->1534997K(8359872K), 0.0264130 secs] [Times: user=0.16 sys=0.01, real=0.03 secs] 
2011-02-12T03:09:33.523+0000: 10262.843: [GC
Desired survivor size 29753344 bytes, new threshold 1 (max 15)
 [PSYoungGen: 2748864K->5920K(2767040K)] 4273301K->1530925K(8359488K), 0.0207080 secs] [Times: user=0.11 sys=0.02, real=0.02 secs] 
2011-02-12T03:09:38.480+0000: 10267.800: [GC
Desired survivor size 30343168 bytes, new threshold 1 (max 15)
 [PSYoungGen: 2744224K->2560K(2765952K)] 4269229K->1528053K(8358400K), 0.0170790 secs] [Times: user=0.09 sys=0.01, real=0.02 secs] 
2011-02-12T03:09:43.536+0000: 10272.855: [GC
Desired survivor size 29556736 bytes, new threshold 1 (max 15)
 [PSYoungGen: 2739456K->8283K(2766528K)] 4264949K->1534177K(8358976K), 0.0232100 secs] [Times: user=0.14 sys=0.01, real=0.02 secs] 
2011-02-12T03:09:48.516+0000: 10277.835: [GC
Desired survivor size 28508160 bytes, new threshold 1 (max 15)
 [PSYoungGen: 2745179K->9472K(2768320K)] 4271073K->1535841K(8360768K), 0.0245860 secs] [Times: user=0.15 sys=0.02, real=0.02 secs] 
2011-02-12T03:09:53.603+0000: 10282.923: [GC
Desired survivor size 27262976 bytes, new threshold 1 (max 15)
 [PSYoungGen: 2748928K->10496K(2767296K)] 4275297K->1537373K(8359744K), 0.0265950 secs] [Times: user=0.15 sys=0.01, real=0.02 secs] 
2011-02-12T03:09:58.617+0000: 10287.937: [GC
Desired survivor size 26214400 bytes, new threshold 1 (max 15)
 [PSYoungGen: 2749952K->13392K(2770560K)] 4276829K->1540793K(8363008K), 0.0294150 secs] [Times: user=0.17 sys=0.02, real=0.03 secs] 
2011-02-12T03:10:03.330+0000: 10292.650: [GC
Desired survivor size 27131904 bytes, new threshold 1 (max 15)
 [PSYoungGen: 2757328K->18378K(2769536K)] 4284729K->1546392K(8361984K), 0.0333970 secs] [Times: user=0.20 sys=0.02, real=0.04 secs] 
2011-02-12T03:10:07.605+0000: 10296.925: [GC
Desired survivor size 26476544 bytes, new threshold 1 (max 15)
 [PSYoungGen: 2762314K->8976K(2770304K)] 4290328K->1537812K(8362752K), 0.0247410 secs] [Times: user=0.14 sys=0.01, real=0.02 secs] 
2011-02-12T03:10:11.857+0000: 10301.176: [GC
Desired survivor size 28770304 bytes, new threshold 1 (max 15)
 [PSYoungGen: 2752784K->22347K(2766208K)] 4281620K->1551854K(8358656K), 0.0381300 secs] [Times: user=0.26 sys=0.02, real=0.04 secs] 
2011-02-12T03:10:16.351+0000: 10305.671: [GC
Desired survivor size 27656192 bytes, new threshold 1 (max 15)
 [PSYoungGen: 2766155K->14464K(2769152K)] 4295662K->1544480K(8361600K), 0.0305490 secs] [Times: user=0.19 sys=0.02, real=0.03 secs] 
2011-02-12T03:10:21.194+0000: 10310.513: [GC
Desired survivor size 26542080 bytes, new threshold 1 (max 15)
 [PSYoungGen: 2755520K->12256K(2768064K)] 4285536K->1542664K(8360512K), 0.0280890 secs] [Times: user=0.17 sys=0.01, real=0.03 secs] 
2011-02-12T03:10:26.298+0000: 10315.618: [GC
Desired survivor size 26345472 bytes, new threshold 1 (max 15)
 [PSYoungGen: 2753312K->16384K(2770432K)] 4283720K->1547268K(8362880K), 0.0336880 secs] [Times: user=0.18 sys=0.02, real=0.03 secs] 
2011-02-12T03:10:31.445+0000: 10320.764: [GC
Desired survivor size 27787264 bytes, new threshold 1 (max 15)
 [PSYoungGen: 2760896K->20736K(2765248K)] 4291780K->1552032K(8357696K), 0.0388670 secs] [Times: user=0.25 sys=0.02, real=0.04 secs] 
2011-02-12T03:10:36.593+0000: 10325.912: [GC
Desired survivor size 27394048 bytes, new threshold 1 (max 15)
 [PSYoungGen: 2765248K->9056K(2769408K)] 4296544K->1540816K(8361856K), 0.0262100 secs] [Times: user=0.15 sys=0.01, real=0.03 secs] 
2011-02-12T03:10:41.627+0000: 10330.947: [GC
Desired survivor size 27131904 bytes, new threshold 1 (max 15)
 [PSYoungGen: 2751328K->8192K(2769024K)] 4283088K->1540484K(8361472K), 0.0258340 secs] [Times: user=0.14 sys=0.03, real=0.03 secs] 
2011-02-12T03:10:46.875+0000: 10336.194: [GC
Desired survivor size 28835840 bytes, new threshold 1 (max 15)
 [PSYoungGen: 2750464K->21415K(2766336K)] 4282756K->1554175K(8358784K), 0.0376070 secs] [Times: user=0.25 sys=0.02, real=0.04 secs] 
2011-02-12T03:10:51.967+0000: 10341.287: [GC
Desired survivor size 29097984 bytes, new threshold 1 (max 15)
 [PSYoungGen: 2761255K->4352K(2744192K)] 4294015K->1537544K(8336640K), 0.0192460 secs] [Times: user=0.11 sys=0.01, real=0.02 secs] 
2011-02-12T03:10:57.174+0000: 10346.494: [GC
Desired survivor size 28246016 bytes, new threshold 1 (max 15)
 [PSYoungGen: 2744192K->9056K(2768576K)] 4277384K->1542768K(8361024K), 0.0249150 secs] [Times: user=0.13 sys=0.02, real=0.02 secs] 
2011-02-12T03:11:02.425+0000: 10351.745: [GC
Desired survivor size 27590656 bytes, new threshold 1 (max 15)
 [PSYoungGen: 2749216K->15002K(2767744K)] 4282928K->1549198K(8360192K), 0.0309640 secs] [Times: user=0.19 sys=0.02, real=0.03 secs] 
2011-02-12T03:11:07.237+0000: 10356.557: [GC
Desired survivor size 27721728 bytes, new threshold 1 (max 15)
 [PSYoungGen: 2755162K->17024K(2768960K)] 4289358K->1552195K(8361408K), 0.0324170 secs] [Times: user=0.21 sys=0.02, real=0.03 secs] 
2011-02-12T03:11:12.049+0000: 10361.369: [GC
Desired survivor size 26476544 bytes, new threshold 1 (max 15)
 [PSYoungGen: 2759040K->13856K(2769088K)] 4294211K->1549623K(8361536K), 0.0294150 secs] [Times: user=0.18 sys=0.01, real=0.03 secs] 
2011-02-12T03:11:17.011+0000: 10366.331: [GC
Desired survivor size 25362432 bytes, new threshold 1 (max 15)
 [PSYoungGen: 2755872K->12416K(2771392K)] 4291639K->1548651K(8363840K), 0.0283060 secs] [Times: user=0.18 sys=0.02, real=0.03 secs] 
2011-02-12T03:11:22.346+0000: 10371.666: [GC
Desired survivor size 27197440 bytes, new threshold 1 (max 15)
 [PSYoungGen: 2757952K->21148K(2766720K)] 4294187K->1557832K(8359168K), 0.0373970 secs] [Times: user=0.24 sys=0.01, real=0.04 secs] 
2011-02-12T03:11:27.733+0000: 10377.053: [GC
Desired survivor size 27262976 bytes, new threshold 1 (max 15)
 [PSYoungGen: 2766684K->6400K(2769472K)] 4303368K->1543524K(8361920K), 0.0229090 secs] [Times: user=0.12 sys=0.01, real=0.02 secs] 
2011-02-12T03:11:33.041+0000: 10382.361: [GC
Desired survivor size 26345472 bytes, new threshold 1 (max 15)
 [PSYoungGen: 2749312K->14496K(2769536K)] 4286436K->1552120K(8361984K), 0.0309150 secs] [Times: user=0.18 sys=0.01, real=0.03 secs] 
2011-02-12T03:11:38.060+0000: 10387.380: [GC
Desired survivor size 26345472 bytes, new threshold 1 (max 15)
 [PSYoungGen: 2757408K->16744K(2770432K)] 4295032K->1554864K(8362880K), 0.0311890 secs] [Times: user=0.21 sys=0.02, real=0.03 secs] 
2011-02-12T03:11:42.966+0000: 10392.285: [GC
Desired survivor size 26607616 bytes, new threshold 1 (max 15)
 [PSYoungGen: 2761448K->17760K(2762496K)] 4299568K->1556412K(8354944K), 0.0331040 secs] [Times: user=0.22 sys=0.02, real=0.04 secs] 
2011-02-12T03:11:47.641+0000: 10396.961: [GC
Desired survivor size 25821184 bytes, new threshold 1 (max 15)
 [PSYoungGen: 2762464K->15360K(2770944K)] 4301116K->1554496K(8363392K), 0.0305430 secs] [Times: user=0.19 sys=0.01, real=0.03 secs] 
2011-02-12T03:11:52.425+0000: 10401.745: [GC
Desired survivor size 25034752 bytes, new threshold 1 (max 15)
 [PSYoungGen: 2760320K->15040K(2770176K)] 4299456K->1554736K(8362624K), 0.0313610 secs] [Times: user=0.17 sys=0.02, real=0.04 secs] 
2011-02-12T03:11:57.512+0000: 10406.832: [GC
Desired survivor size 24772608 bytes, new threshold 1 (max 15)
 [PSYoungGen: 2760000K->9760K(2771968K)] 4299696K->1549924K(8364416K), 0.0250660 secs] [Times: user=0.14 sys=0.02, real=0.03 secs] 
2011-02-12T03:12:02.496+0000: 10411.815: [GC
Desired survivor size 24117248 bytes, new threshold 1 (max 15)
 [PSYoungGen: 2757280K->11770K(2771712K)] 4297444K->1552358K(8364160K), 0.0257440 secs] [Times: user=0.15 sys=0.02, real=0.03 secs] 
2011-02-12T03:12:07.206+0000: 10416.526: [GC
Desired survivor size 24051712 bytes, new threshold 1 (max 15)
 [PSYoungGen: 2759290K->8256K(2772672K)] 4299878K->1549750K(8365120K), 0.0247790 secs] [Times: user=0.12 sys=0.02, real=0.03 secs] 
2011-02-12T03:12:11.882+0000: 10421.202: [GC
Desired survivor size 27721728 bytes, new threshold 1 (max 15)
 [PSYoungGen: 2757376K->23488K(2772608K)] 4298870K->1567076K(8365056K), 0.0413470 secs] [Times: user=0.27 sys=0.02, real=0.04 secs] 
2011-02-12T03:12:16.833+0000: 10426.153: [GC
Desired survivor size 28246016 bytes, new threshold 1 (max 15)
 [PSYoungGen: 2772608K->19264K(2764544K)] 4316196K->1563404K(8356992K), 0.0363350 secs] [Times: user=0.22 sys=0.02, real=0.03 secs] 
2011-02-12T03:12:21.787+0000: 10431.106: [GC
Desired survivor size 28180480 bytes, new threshold 1 (max 15)
 [PSYoungGen: 2760256K->7858K(2768576K)] 4304396K->1552498K(8361024K), 0.0243490 secs] [Times: user=0.14 sys=0.02, real=0.03 secs] 
2011-02-12T03:12:26.744+0000: 10436.064: [GC
Desired survivor size 27787264 bytes, new threshold 1 (max 15)
 [PSYoungGen: 2748850K->8480K(2769024K)] 4293490K->1553654K(8361472K), 0.0246810 secs] [Times: user=0.14 sys=0.02, real=0.02 secs] 
2011-02-12T03:12:31.668+0000: 10440.988: [GC
Desired survivor size 27459584 bytes, new threshold 1 (max 15)
 [PSYoungGen: 2749984K->7680K(2768640K)] 4295158K->1553262K(8361088K), 0.0233590 secs] [Times: user=0.14 sys=0.01, real=0.03 secs] 
2011-02-12T03:12:36.162+0000: 10445.482: [GC
Desired survivor size 27983872 bytes, new threshold 1 (max 15)
 [PSYoungGen: 2749184K->18144K(2768320K)] 4294766K->1564198K(8360768K), 0.0335670 secs] [Times: user=0.23 sys=0.02, real=0.04 secs] 
2011-02-12T03:12:41.072+0000: 10450.392: [GC
Desired survivor size 27983872 bytes, new threshold 1 (max 15)
 [PSYoungGen: 2759648K->5664K(2768832K)] 4305702K->1552054K(8361280K), 0.0214030 secs] [Times: user=0.12 sys=0.01, real=0.03 secs] 
2011-02-12T03:12:46.076+0000: 10455.396: [GC
Desired survivor size 27328512 bytes, new threshold 1 (max 15)
 [PSYoungGen: 2747168K->7680K(2769472K)] 4293558K->1554502K(8361920K), 0.0239690 secs] [Times: user=0.13 sys=0.01, real=0.02 secs] 
2011-02-12T03:12:51.072+0000: 10460.392: [GC
Desired survivor size 26476544 bytes, new threshold 1 (max 15)
 [PSYoungGen: 2749824K->8652K(2768832K)] 4296646K->1555878K(8361280K), 0.0236430 secs] [Times: user=0.15 sys=0.02, real=0.03 secs] 
2011-02-12T03:12:56.253+0000: 10465.573: [GC
Desired survivor size 25231360 bytes, new threshold 1 (max 15)
 [PSYoungGen: 2750796K->10880K(2771520K)] 4298022K->1558690K(8363968K), 0.0280150 secs] [Times: user=0.16 sys=0.03, real=0.03 secs] 
2011-02-12T03:13:01.315+0000: 10470.635: [GC
Desired survivor size 24772608 bytes, new threshold 1 (max 15)
 [PSYoungGen: 2756544K->13970K(2770304K)] 4304354K->1562293K(8362752K), 0.0294280 secs] [Times: user=0.18 sys=0.02, real=0.03 secs] 
2011-02-12T03:13:06.194+0000: 10475.513: [GC
Desired survivor size 24772608 bytes, new threshold 1 (max 15)
 [PSYoungGen: 2759634K->15284K(2771968K)] 4307957K->1564365K(8364416K), 0.0327750 secs] [Times: user=0.18 sys=0.01, real=0.04 secs] 
2011-02-12T03:13:11.487+0000: 10480.807: [GC
Desired survivor size 25034752 bytes, new threshold 1 (max 15)
 [PSYoungGen: 2763060K->3884K(2751680K)] 4312141K->1553734K(8344128K), 0.0191430 secs] [Times: user=0.10 sys=0.02, real=0.02 secs] 
2011-02-12T03:13:16.557+0000: 10485.876: [GC
Desired survivor size 24707072 bytes, new threshold 1 (max 15)
 [PSYoungGen: 2751660K->14240K(2772032K)] 4301510K->1564654K(8364480K), 0.0310950 secs] [Times: user=0.18 sys=0.02, real=0.04 secs] 
2011-02-12T03:13:21.846+0000: 10491.166: [GC
Desired survivor size 26476544 bytes, new threshold 1 (max 15)
 [PSYoungGen: 2761824K->19744K(2767360K)] 4312238K->1570634K(8359808K), 0.0365340 secs] [Times: user=0.24 sys=0.01, real=0.04 secs] 
2011-02-12T03:13:27.077+0000: 10496.397: [GC
Desired survivor size 25755648 bytes, new threshold 1 (max 15)
 [PSYoungGen: 2767328K->9056K(2771008K)] 4318218K->1560482K(8363456K), 0.0235640 secs] [Times: user=0.14 sys=0.02, real=0.03 secs] 
2011-02-12T03:13:32.446+0000: 10501.766: [GC
Desired survivor size 25165824 bytes, new threshold 1 (max 15)
 [PSYoungGen: 2754208K->14151K(2770304K)] 4305634K->1566285K(8362752K), 0.0304270 secs] [Times: user=0.18 sys=0.02, real=0.03 secs] 
2011-02-12T03:13:37.667+0000: 10506.987: [GC
Desired survivor size 27328512 bytes, new threshold 1 (max 15)
 [PSYoungGen: 2759303K->21440K(2767360K)] 4311437K->1574058K(8359808K), 0.0413800 secs] [Times: user=0.23 sys=0.02, real=0.04 secs] 
2011-02-12T03:13:42.705+0000: 10512.025: [GC
Desired survivor size 27262976 bytes, new threshold 1 (max 15)
 [PSYoungGen: 2764224K->5889K(2769472K)] 4316842K->1558996K(8361920K), 0.0229700 secs] [Times: user=0.11 sys=0.02, real=0.02 secs] 
2011-02-12T03:13:47.790+0000: 10517.110: [GC
Desired survivor size 26607616 bytes, new threshold 1 (max 15)
 [PSYoungGen: 2748673K->8032K(2770176K)] 4301780K->1561590K(8362624K), 0.0262850 secs] [Times: user=0.13 sys=0.01, real=0.03 secs] 
2011-02-12T03:13:52.818+0000: 10522.138: [GC
Desired survivor size 27525120 bytes, new threshold 1 (max 15)
 [PSYoungGen: 2751584K->18176K(2761728K)] 4305142K->1572186K(8354176K), 0.0342660 secs] [Times: user=0.20 sys=0.01, real=0.04 secs] 
2011-02-12T03:13:57.783+0000: 10527.103: [GC
Desired survivor size 27131904 bytes, new threshold 1 (max 15)
 [PSYoungGen: 2761728K->15488K(2769664K)] 4315738K->1569910K(8362112K), 0.0313980 secs] [Times: user=0.20 sys=0.01, real=0.03 secs] 
2011-02-12T03:14:02.571+0000: 10531.891: [GC
Desired survivor size 27459584 bytes, new threshold 1 (max 15)
 [PSYoungGen: 2758272K->17546K(2769280K)] 4312694K->1572448K(8361728K), 0.0361080 secs] [Times: user=0.18 sys=0.02, real=0.04 secs] 
2011-02-12T03:14:07.009+0000: 10536.329: [GC
Desired survivor size 27459584 bytes, new threshold 1 (max 15)
 [PSYoungGen: 2760330K->5472K(2769344K)] 4315232K->1561320K(8361792K), 0.0238250 secs] [Times: user=0.12 sys=0.01, real=0.02 secs] 
2011-02-12T03:14:12.087+0000: 10541.407: [GC
Desired survivor size 27000832 bytes, new threshold 1 (max 15)
 [PSYoungGen: 2748000K->6944K(2769344K)] 4303848K->1563468K(8361792K), 0.0243210 secs] [Times: user=0.14 sys=0.02, real=0.02 secs] 
2011-02-12T03:14:17.274+0000: 10546.593: [GC
Desired survivor size 25886720 bytes, new threshold 1 (max 15)
 [PSYoungGen: 2749472K->10262K(2770880K)] 4305996K->1567307K(8363328K), 0.0296790 secs] [Times: user=0.14 sys=0.01, real=0.03 secs] 
2011-02-12T03:14:22.198+0000: 10551.517: [GC
Desired survivor size 25034752 bytes, new threshold 1 (max 15)
 [PSYoungGen: 2754774K->13352K(2769792K)] 4311819K->1570896K(8362240K), 0.0301040 secs] [Times: user=0.18 sys=0.01, real=0.03 secs] 
2011-02-12T03:14:27.049+0000: 10556.369: [GC
Desired survivor size 23789568 bytes, new threshold 1 (max 15)
 [PSYoungGen: 2757864K->12012K(2772928K)] 4315408K->1570196K(8365376K), 0.0281700 secs] [Times: user=0.18 sys=0.02, real=0.03 secs] 
2011-02-12T03:14:32.215+0000: 10561.534: [GC
Desired survivor size 24510464 bytes, new threshold 1 (max 15)
 [PSYoungGen: 2760492K->17024K(2771712K)] 4318676K->1575800K(8364160K), 0.0326350 secs] [Times: user=0.21 sys=0.02, real=0.04 secs] 
2011-02-12T03:14:37.359+0000: 10566.678: [GC
Desired survivor size 25755648 bytes, new threshold 1 (max 15)
 [PSYoungGen: 2765504K->18912K(2769792K)] 4324280K->1578228K(8362240K), 0.0338130 secs] [Times: user=0.21 sys=0.02, real=0.03 secs] 
2011-02-12T03:14:42.407+0000: 10571.727: [GC
Desired survivor size 27000832 bytes, new threshold 1 (max 15)
 [PSYoungGen: 2764768K->19680K(2765568K)] 4324084K->1579544K(8358016K), 0.0372890 secs] [Times: user=0.23 sys=0.01, real=0.04 secs] 
2011-02-12T03:14:47.553+0000: 10576.873: [GC
Desired survivor size 27066368 bytes, new threshold 1 (max 15)
 [PSYoungGen: 2765536K->6176K(2769664K)] 4325400K->1566532K(8362112K), 0.0217940 secs] [Times: user=0.12 sys=0.02, real=0.02 secs] 
2011-02-12T03:14:52.265+0000: 10581.585: [GC
Desired survivor size 26738688 bytes, new threshold 1 (max 15)
 [PSYoungGen: 2749472K->7104K(2769728K)] 4309828K->1568044K(8362176K), 0.0229190 secs] [Times: user=0.13 sys=0.01, real=0.03 secs] 
2011-02-12T03:14:56.417+0000: 10585.737: [GC
Desired survivor size 28311552 bytes, new threshold 1 (max 15)
 [PSYoungGen: 2750400K->20320K(2766976K)] 4311340K->1581724K(8359424K), 0.0368440 secs] [Times: user=0.22 sys=0.02, real=0.04 secs] 
2011-02-12T03:15:01.231+0000: 10590.551: [GC
Desired survivor size 28704768 bytes, new threshold 1 (max 15)
 [PSYoungGen: 2761184K->18223K(2759104K)] 4322588K->1580060K(8351552K), 0.0494340 secs] [Times: user=0.18 sys=0.01, real=0.05 secs] 
2011-02-12T03:15:05.359+0000: 10594.679: [GC
Desired survivor size 30605312 bytes, new threshold 1 (max 15)
 [PSYoungGen: 2759087K->22568K(2764416K)] 4320924K->1585079K(8356864K), 0.0400280 secs] [Times: user=0.24 sys=0.01, real=0.04 secs] 
2011-02-12T03:15:09.819+0000: 10599.139: [GC
Desired survivor size 29229056 bytes, new threshold 1 (max 15)
 [PSYoungGen: 2758952K->13712K(2766272K)] 4321463K->1576955K(8358720K), 0.0315900 secs] [Times: user=0.18 sys=0.02, real=0.04 secs] 
2011-02-12T03:15:14.512+0000: 10603.832: [GC
Desired survivor size 29032448 bytes, new threshold 1 (max 15)
 [PSYoungGen: 2750096K->7370K(2767808K)] 4313339K->1571249K(8360256K), 0.0252400 secs] [Times: user=0.13 sys=0.02, real=0.02 secs] 
2011-02-12T03:15:19.503+0000: 10608.822: [GC
Desired survivor size 28049408 bytes, new threshold 1 (max 15)
 [PSYoungGen: 2746634K->10944K(2767616K)] 4310513K->1575399K(8360064K), 0.0264050 secs] [Times: user=0.16 sys=0.02, real=0.02 secs] 
2011-02-12T03:15:24.627+0000: 10613.947: [GC
Desired survivor size 26738688 bytes, new threshold 1 (max 15)
 [PSYoungGen: 2750208K->12960K(2770048K)] 4314663K->1577918K(8362496K), 0.0286150 secs] [Times: user=0.17 sys=0.02, real=0.03 secs] 
2011-02-12T03:15:29.794+0000: 10619.114: [GC
Desired survivor size 27262976 bytes, new threshold 1 (max 15)
 [PSYoungGen: 2755616K->18240K(2768768K)] 4320574K->1583650K(8361216K), 0.0356800 secs] [Times: user=0.20 sys=0.02, real=0.03 secs] 
2011-02-12T03:15:35.032+0000: 10624.351: [GC
Desired survivor size 27197440 bytes, new threshold 1 (max 15)
 [PSYoungGen: 2760896K->6976K(2769600K)] 4326306K->1572830K(8362048K), 0.0247730 secs] [Times: user=0.12 sys=0.01, real=0.03 secs] 
2011-02-12T03:15:40.032+0000: 10629.351: [GC
Desired survivor size 26607616 bytes, new threshold 1 (max 15)
 [PSYoungGen: 2749952K->8592K(2769536K)] 4315806K->1574896K(8361984K), 0.0241680 secs] [Times: user=0.14 sys=0.01, real=0.03 secs] 
2011-02-12T03:15:45.280+0000: 10634.600: [GC
Desired survivor size 25296896 bytes, new threshold 1 (max 15)
 [PSYoungGen: 2751568K->12878K(2771456K)] 4317872K->1579758K(8363904K), 0.0305600 secs] [Times: user=0.18 sys=0.02, real=0.03 secs] 
2011-02-12T03:15:50.585+0000: 10639.904: [GC
Desired survivor size 26804224 bytes, new threshold 1 (max 15)
 [PSYoungGen: 2758350K->19872K(2765376K)] 4325230K->1587570K(8357824K), 0.0375670 secs] [Times: user=0.23 sys=0.02, real=0.04 secs] 
2011-02-12T03:15:55.903+0000: 10645.222: [GC
Desired survivor size 25886720 bytes, new threshold 1 (max 15)
 [PSYoungGen: 2765344K->11008K(2770880K)] 4333042K->1579228K(8363328K), 0.0273580 secs] [Times: user=0.16 sys=0.02, real=0.03 secs] 
2011-02-12T03:16:01.157+0000: 10650.476: [GC
Desired survivor size 25755648 bytes, new threshold 1 (max 15)
 [PSYoungGen: 2755712K->16114K(2769984K)] 4323932K->1584882K(8362432K), 0.0321090 secs] [Times: user=0.21 sys=0.01, real=0.04 secs] 
2011-02-12T03:16:05.809+0000: 10655.129: [GC
Desired survivor size 24969216 bytes, new threshold 1 (max 15)
 [PSYoungGen: 2760818K->11156K(2771776K)] 4329586K->1580683K(8364224K), 0.0270810 secs] [Times: user=0.17 sys=0.02, real=0.02 secs] 
2011-02-12T03:16:10.823+0000: 10660.142: [GC
Desired survivor size 24248320 bytes, new threshold 1 (max 15)
 [PSYoungGen: 2757780K->11056K(2771008K)] 4327307K->1581219K(8363456K), 0.0263260 secs] [Times: user=0.15 sys=0.02, real=0.03 secs] 
2011-02-12T03:16:15.654+0000: 10664.974: [GC
Desired survivor size 24248320 bytes, new threshold 1 (max 15)
 [PSYoungGen: 2757680K->7040K(2772480K)] 4327843K->1577995K(8364928K), 0.0232440 secs] [Times: user=0.13 sys=0.03, real=0.02 secs] 
2011-02-12T03:16:20.987+0000: 10670.307: [GC
Desired survivor size 23592960 bytes, new threshold 1 (max 15)
 [PSYoungGen: 2755840K->13760K(2772480K)] 4326795K->1585279K(8364928K), 0.0322700 secs] [Times: user=0.18 sys=0.02, real=0.04 secs] 
2011-02-12T03:16:25.928+0000: 10675.247: [GC
Desired survivor size 24510464 bytes, new threshold 1 (max 15)
 [PSYoungGen: 2762559K->17944K(2771328K)] 4334079K->1589979K(8363776K), 0.0346190 secs] [Times: user=0.22 sys=0.01, real=0.04 secs] 
2011-02-12T03:16:30.885+0000: 10680.205: [GC
Desired survivor size 25821184 bytes, new threshold 1 (max 15)
 [PSYoungGen: 2766232K->19488K(2767808K)] 4338267K->1592055K(8360256K), 0.0357160 secs] [Times: user=0.23 sys=0.02, real=0.04 secs] 
2011-02-12T03:16:36.029+0000: 10685.349: [GC
Desired survivor size 26017792 bytes, new threshold 1 (max 15)
 [PSYoungGen: 2767776K->5792K(2770560K)] 4340343K->1578771K(8363008K), 0.0209970 secs] [Times: user=0.13 sys=0.01, real=0.02 secs] 
2011-02-12T03:16:41.172+0000: 10690.492: [GC
Desired survivor size 25296896 bytes, new threshold 1 (max 15)
 [PSYoungGen: 2751136K->9952K(2770752K)] 4324115K->1583423K(8363200K), 0.0253750 secs] [Times: user=0.15 sys=0.01, real=0.02 secs] 
2011-02-12T03:16:46.251+0000: 10695.571: [GC
Desired survivor size 24117248 bytes, new threshold 1 (max 15)
 [PSYoungGen: 2755296K->12416K(2772608K)] 4328767K->1586419K(8365056K), 0.0291390 secs] [Times: user=0.15 sys=0.02, real=0.03 secs] 
2011-02-12T03:16:50.984+0000: 10700.304: [GC
Desired survivor size 23986176 bytes, new threshold 1 (max 15)
 [PSYoungGen: 2760320K->7136K(2771456K)] 4334323K->1581723K(8363904K), 0.0232280 secs] [Times: user=0.12 sys=0.01, real=0.02 secs] 
2011-02-12T03:16:56.058+0000: 10705.378: [GC
Desired survivor size 24969216 bytes, new threshold 1 (max 15)
 [PSYoungGen: 2755040K->17786K(2770816K)] 4329627K->1592857K(8363264K), 0.0338700 secs] [Times: user=0.21 sys=0.01, real=0.03 secs] 
2011-02-12T03:17:00.785+0000: 10710.104: [GC
Desired survivor size 23920640 bytes, new threshold 1 (max 15)
 [PSYoungGen: 2765178K->11794K(2771776K)] 4340249K->1587269K(8364224K), 0.0277000 secs] [Times: user=0.16 sys=0.02, real=0.02 secs] 
2011-02-12T03:17:05.773+0000: 10715.093: [GC
Desired survivor size 23461888 bytes, new threshold 1 (max 15)
 [PSYoungGen: 2759186K->14312K(2773248K)] 4334661K->1590577K(8365696K), 0.0312800 secs] [Times: user=0.19 sys=0.01, real=0.03 secs] 
2011-02-12T03:17:10.713+0000: 10720.033: [GC
Desired survivor size 22740992 bytes, new threshold 1 (max 15)
 [PSYoungGen: 2764200K->11008K(2772800K)] 4340465K->1588053K(8365248K), 0.0268680 secs] [Times: user=0.16 sys=0.01, real=0.03 secs] 
2011-02-12T03:17:16.219+0000: 10725.539: [GC
Desired survivor size 24182784 bytes, new threshold 1 (max 15)
 [PSYoungGen: 2760896K->19008K(2771136K)] 4337941K->1596521K(8363584K), 0.0347140 secs] [Times: user=0.23 sys=0.01, real=0.03 secs] 
2011-02-12T03:17:21.534+0000: 10730.854: [GC
Desired survivor size 23789568 bytes, new threshold 1 (max 15)
 [PSYoungGen: 2767936K->9472K(2772544K)] 4345449K->1587441K(8364992K), 0.0249670 secs] [Times: user=0.15 sys=0.02, real=0.03 secs] 
2011-02-12T03:17:26.825+0000: 10736.145: [GC
Desired survivor size 23330816 bytes, new threshold 1 (max 15)
 [PSYoungGen: 2758400K->14496K(2773376K)] 4336369K->1592969K(8365824K), 0.0296080 secs] [Times: user=0.19 sys=0.00, real=0.03 secs] 
2011-02-12T03:17:32.041+0000: 10741.360: [GC
Desired survivor size 23789568 bytes, new threshold 1 (max 15)
 [PSYoungGen: 2764640K->4672K(2772928K)] 4343113K->1583681K(8365376K), 0.0218960 secs] [Times: user=0.12 sys=0.02, real=0.02 secs] 
2011-02-12T03:17:37.545+0000: 10746.864: [GC
Desired survivor size 24051712 bytes, new threshold 1 (max 15)
 [PSYoungGen: 2754816K->4352K(2772416K)] 4333825K->1583901K(8364864K), 0.0202510 secs] [Times: user=0.10 sys=0.02, real=0.02 secs] 
2011-02-12T03:17:42.611+0000: 10751.931: [GC
Desired survivor size 23658496 bytes, new threshold 1 (max 15)
 [PSYoungGen: 2753536K->6400K(2772672K)] 4333085K->1586513K(8365120K), 0.0235190 secs] [Times: user=0.13 sys=0.01, real=0.02 secs] 
2011-02-12T03:17:47.592+0000: 10756.912: [GC
Desired survivor size 23199744 bytes, new threshold 1 (max 15)
 [PSYoungGen: 2755584K->6528K(2773504K)] 4335697K->1587041K(8365952K), 0.0220060 secs] [Times: user=0.12 sys=0.02, real=0.02 secs] 
2011-02-12T03:17:52.952+0000: 10762.271: [GC
Desired survivor size 23199744 bytes, new threshold 1 (max 15)
 [PSYoungGen: 2756928K->13839K(2773056K)] 4337441K->1594725K(8365504K), 0.0291160 secs] [Times: user=0.19 sys=0.02, real=0.03 secs] 
2011-02-12T03:17:57.970+0000: 10767.290: [GC
Desired survivor size 22282240 bytes, new threshold 1 (max 15)
 [PSYoungGen: 2764239K->9167K(2774400K)] 4345125K->1590734K(8366848K), 0.0259390 secs] [Times: user=0.14 sys=0.02, real=0.03 secs] 
2011-02-12T03:18:02.646+0000: 10771.965: [GC
Desired survivor size 21561344 bytes, new threshold 1 (max 15)
 [PSYoungGen: 2760911K->8442K(2773504K)] 4342478K->1590609K(8365952K), 0.0246420 secs] [Times: user=0.14 sys=0.01, real=0.02 secs] 
2011-02-12T03:18:07.187+0000: 10776.506: [GC
Desired survivor size 24248320 bytes, new threshold 1 (max 15)
 [PSYoungGen: 2760186K->20480K(2769856K)] 4342353K->1603589K(8362304K), 0.0376330 secs] [Times: user=0.24 sys=0.03, real=0.04 secs] 
2011-02-12T03:18:12.435+0000: 10781.754: [GC
Desired survivor size 23789568 bytes, new threshold 1 (max 15)
 [PSYoungGen: 2769280K->6880K(2772480K)] 4352389K->1590705K(8364928K), 0.0238610 secs] [Times: user=0.12 sys=0.01, real=0.02 secs] 
2011-02-12T03:18:17.607+0000: 10786.927: [GC
Desired survivor size 22740992 bytes, new threshold 1 (max 15)
 [PSYoungGen: 2755680K->9696K(2773952K)] 4339505K->1594041K(8366400K), 0.0258990 secs] [Times: user=0.15 sys=0.01, real=0.02 secs] 
2011-02-12T03:18:23.126+0000: 10792.445: [GC
Desired survivor size 24379392 bytes, new threshold 1 (max 15)
 [PSYoungGen: 2760416K->18144K(2768896K)] 4344761K->1602857K(8361344K), 0.0332640 secs] [Times: user=0.22 sys=0.01, real=0.03 secs] 
2011-02-12T03:18:28.459+0000: 10797.778: [GC
Desired survivor size 23658496 bytes, new threshold 1 (max 15)
 [PSYoungGen: 2768864K->13056K(2773056K)] 4353577K->1598290K(8365504K), 0.0293980 secs] [Times: user=0.17 sys=0.01, real=0.03 secs] 
2011-02-12T03:18:33.469+0000: 10802.788: [GC
Desired survivor size 23461888 bytes, new threshold 1 (max 15)
 [PSYoungGen: 2762304K->14176K(2772352K)] 4347538K->1599958K(8364800K), 0.0298070 secs] [Times: user=0.18 sys=0.02, real=0.03 secs] 
2011-02-12T03:18:38.506+0000: 10807.826: [GC
Desired survivor size 23920640 bytes, new threshold 1 (max 15)
 [PSYoungGen: 2763424K->16160K(2772352K)] 4349206K->1602546K(8364800K), 0.0320860 secs] [Times: user=0.21 sys=0.02, real=0.04 secs] 
2011-02-12T03:18:43.454+0000: 10812.774: [GC
Desired survivor size 24903680 bytes, new threshold 1 (max 15)
 [PSYoungGen: 2765600K->17888K(2767360K)] 4351986K->1604834K(8359808K), 0.0359220 secs] [Times: user=0.19 sys=0.02, real=0.04 secs] 
2011-02-12T03:18:48.408+0000: 10817.727: [GC
Desired survivor size 25296896 bytes, new threshold 1 (max 15)
 [PSYoungGen: 2767328K->17056K(2771072K)] 4354274K->1604438K(8363520K), 0.0345170 secs] [Times: user=0.19 sys=0.02, real=0.03 secs] 
2011-02-12T03:18:53.792+0000: 10823.112: [GC
Desired survivor size 25165824 bytes, new threshold 1 (max 15)
 [PSYoungGen: 2763808K->7232K(2771456K)] 4351190K->1595054K(8363904K), 0.0246650 secs] [Times: user=0.12 sys=0.01, real=0.02 secs] 
2011-02-12T03:18:58.886+0000: 10828.206: [GC
Desired survivor size 24444928 bytes, new threshold 1 (max 15)
 [PSYoungGen: 2753984K->10080K(2772288K)] 4341806K->1598398K(8364736K), 0.0254250 secs] [Times: user=0.15 sys=0.01, real=0.03 secs] 
2011-02-12T03:19:03.696+0000: 10833.016: [GC
Desired survivor size 23461888 bytes, new threshold 1 (max 15)
 [PSYoungGen: 2757792K->11352K(2771584K)] 4346110K->1600190K(8364032K), 0.0253840 secs] [Times: user=0.15 sys=0.02, real=0.03 secs] 
2011-02-12T03:19:08.475+0000: 10837.795: [GC
Desired survivor size 24051712 bytes, new threshold 1 (max 15)
 [PSYoungGen: 2759064K->16643K(2772096K)] 4347902K->1606568K(8364544K), 0.0341250 secs] [Times: user=0.19 sys=0.01, real=0.04 secs] 
2011-02-12T03:19:14.106+0000: 10843.426: [GC
Desired survivor size 25493504 bytes, new threshold 1 (max 15)
 [PSYoungGen: 2765827K->19615K(2768832K)] 4355752K->1610447K(8361280K), 0.0386280 secs] [Times: user=0.21 sys=0.03, real=0.04 secs] 
2011-02-12T03:19:19.556+0000: 10848.876: [GC
Desired survivor size 25231360 bytes, new threshold 1 (max 15)
 [PSYoungGen: 2768799K->15776K(2771520K)] 4359631K->1607768K(8363968K), 0.0332820 secs] [Times: user=0.18 sys=0.02, real=0.03 secs] 
2011-02-12T03:19:24.885+0000: 10854.205: [GC
Desired survivor size 24313856 bytes, new threshold 1 (max 15)
 [PSYoungGen: 2762400K->14192K(2771264K)] 4354392K->1606696K(8363712K), 0.0304770 secs] [Times: user=0.17 sys=0.02, real=0.03 secs] 
2011-02-12T03:19:30.107+0000: 10859.427: [GC
Desired survivor size 24182784 bytes, new threshold 1 (max 15)
 [PSYoungGen: 2760816K->8624K(2772544K)] 4353320K->1601560K(8364992K), 0.0248230 secs] [Times: user=0.14 sys=0.02, real=0.02 secs] 
2011-02-12T03:19:35.315+0000: 10864.634: [GC
Desired survivor size 25362432 bytes, new threshold 1 (max 15)
 [PSYoungGen: 2757424K->19264K(2768064K)] 4350360K->1612792K(8360512K), 0.0345820 secs] [Times: user=0.22 sys=0.02, real=0.03 secs] 
2011-02-12T03:19:40.407+0000: 10869.726: [GC
Desired survivor size 26411008 bytes, new threshold 1 (max 15)
 [PSYoungGen: 2768064K->19488K(2769344K)] 4361592K->1613465K(8361792K), 0.0352160 secs] [Times: user=0.22 sys=0.02, real=0.03 secs] 
2011-02-12T03:19:45.491+0000: 10874.810: [GC
Desired survivor size 27590656 bytes, new threshold 1 (max 15)
 [PSYoungGen: 2764064K->20604K(2765184K)] 4358041K->1615081K(8357632K), 0.0382930 secs] [Times: user=0.24 sys=0.02, real=0.04 secs] 
2011-02-12T03:19:50.403+0000: 10879.723: [GC
Desired survivor size 29163520 bytes, new threshold 1 (max 15)
 [PSYoungGen: 2765180K->22432K(2766144K)] 4359657K->1617543K(8358592K), 0.0388660 secs] [Times: user=0.26 sys=0.02, real=0.04 secs] 
2011-02-12T03:19:55.500+0000: 10884.820: [GC
Desired survivor size 29884416 bytes, new threshold 1 (max 15)
 [PSYoungGen: 2761632K->21072K(2760320K)] 4356743K->1616699K(8352768K), 0.0379180 secs] [Times: user=0.24 sys=0.01, real=0.04 secs] 
2011-02-12T03:20:00.137+0000: 10889.456: [GC
Desired survivor size 28770304 bytes, new threshold 1 (max 15)
 [PSYoungGen: 2760272K->16770K(2768064K)] 4355899K->1612905K(8360512K), 0.0328060 secs] [Times: user=0.20 sys=0.01, real=0.03 secs] 
2011-02-12T03:20:04.147+0000: 10893.467: [GC
Desired survivor size 30932992 bytes, new threshold 1 (max 15)
 [PSYoungGen: 2755650K->25171K(2764096K)] 4351785K->1621984K(8356544K), 0.0432230 secs] [Times: user=0.25 sys=0.02, real=0.04 secs] 
2011-02-12T03:20:08.480+0000: 10897.799: [GC
Desired survivor size 30539776 bytes, new threshold 1 (max 15)
 [PSYoungGen: 2764051K->11760K(2766336K)] 4360864K->1609483K(8358784K), 0.0291620 secs] [Times: user=0.16 sys=0.03, real=0.03 secs] 
2011-02-12T03:20:13.196+0000: 10902.515: [GC
Desired survivor size 31326208 bytes, new threshold 1 (max 15)
 [PSYoungGen: 2747888K->4512K(2740672K)] 4345611K->1602800K(8333120K), 0.0205590 secs] [Times: user=0.10 sys=0.01, real=0.02 secs] 
2011-02-12T03:20:17.687+0000: 10907.007: [GC
Desired survivor size 30605312 bytes, new threshold 1 (max 15)
 [PSYoungGen: 2740640K->17664K(2766272K)] 4338928K->1616416K(8358720K), 0.0337040 secs] [Times: user=0.21 sys=0.02, real=0.04 secs] 
2011-02-12T03:20:22.175+0000: 10911.495: [GC
Desired survivor size 30343168 bytes, new threshold 1 (max 15)
 [PSYoungGen: 2753344K->8717K(2765568K)] 4352096K->1608001K(8358016K), 0.0250550 secs] [Times: user=0.14 sys=0.01, real=0.03 secs] 
2011-02-12T03:20:26.855+0000: 10916.175: [GC
Desired survivor size 31916032 bytes, new threshold 1 (max 15)
 [PSYoungGen: 2744397K->23002K(2763456K)] 4343681K->1622996K(8355904K), 0.0392870 secs] [Times: user=0.26 sys=0.02, real=0.04 secs] 
2011-02-12T03:20:31.553+0000: 10920.872: [GC
Desired survivor size 30736384 bytes, new threshold 1 (max 15)
 [PSYoungGen: 2756826K->16817K(2764992K)] 4356820K->1617239K(8357440K), 0.0341550 secs] [Times: user=0.22 sys=0.02, real=0.03 secs] 
2011-02-12T03:20:35.994+0000: 10925.313: [GC
Desired survivor size 30670848 bytes, new threshold 1 (max 15)
 [PSYoungGen: 2750641K->7968K(2766208K)] 4351063K->1608932K(8358656K), 0.0261340 secs] [Times: user=0.13 sys=0.02, real=0.02 secs] 
2011-02-12T03:20:40.161+0000: 10929.480: [GC
Desired survivor size 29622272 bytes, new threshold 1 (max 15)
 [PSYoungGen: 2744160K->16320K(2766144K)] 4345124K->1617679K(8358592K), 0.0322570 secs] [Times: user=0.21 sys=0.02, real=0.04 secs] 
2011-02-12T03:20:45.048+0000: 10934.368: [GC
Desired survivor size 28377088 bytes, new threshold 1 (max 15)
 [PSYoungGen: 2752512K->14176K(2768448K)] 4353871K->1615931K(8360896K), 0.0313200 secs] [Times: user=0.20 sys=0.02, real=0.03 secs] 
2011-02-12T03:20:49.717+0000: 10939.037: [GC
Desired survivor size 27983872 bytes, new threshold 1 (max 15)
 [PSYoungGen: 2753696K->10084K(2767232K)] 4355451K->1612285K(8359680K), 0.0253450 secs] [Times: user=0.14 sys=0.01, real=0.03 secs] 
2011-02-12T03:20:54.169+0000: 10943.489: [GC
Desired survivor size 28114944 bytes, new threshold 1 (max 15)
 [PSYoungGen: 2749604K->6368K(2768576K)] 4351805K->1609188K(8361024K), 0.0225520 secs] [Times: user=0.11 sys=0.01, real=0.02 secs] 
2011-02-12T03:20:59.073+0000: 10948.392: [GC
Desired survivor size 27983872 bytes, new threshold 1 (max 15)
 [PSYoungGen: 2747616K->6531K(2768704K)] 4350436K->1609824K(8361152K), 0.0214930 secs] [Times: user=0.14 sys=0.01, real=0.03 secs] 
2011-02-12T03:21:03.712+0000: 10953.031: [GC
Desired survivor size 29163520 bytes, new threshold 1 (max 15)
 [PSYoungGen: 2747779K->19965K(2766528K)] 4351072K->1623753K(8358976K), 0.0354700 secs] [Times: user=0.24 sys=0.02, real=0.04 secs] 
2011-02-12T03:21:08.327+0000: 10957.647: [GC
Desired survivor size 27852800 bytes, new threshold 1 (max 15)
 [PSYoungGen: 2759165K->12694K(2767680K)] 4362953K->1617536K(8360128K), 0.0289760 secs] [Times: user=0.18 sys=0.02, real=0.03 secs] 
2011-02-12T03:21:13.276+0000: 10962.596: [GC
Desired survivor size 27000832 bytes, new threshold 1 (max 15)
 [PSYoungGen: 2751894K->15168K(2769792K)] 4356736K->1620450K(8362240K), 0.0306240 secs] [Times: user=0.21 sys=0.01, real=0.03 secs] 
2011-02-12T03:21:17.796+0000: 10967.115: [GC
Desired survivor size 27262976 bytes, new threshold 1 (max 15)
 [PSYoungGen: 2757760K->4960K(2768960K)] 4363042K->1610706K(8361408K), 0.0203610 secs] [Times: user=0.10 sys=0.01, real=0.02 secs] 
2011-02-12T03:21:22.763+0000: 10972.083: [GC
Desired survivor size 26935296 bytes, new threshold 1 (max 15)
 [PSYoungGen: 2747552K->6848K(2769856K)] 4353298K->1613073K(8362304K), 0.0219480 secs] [Times: user=0.13 sys=0.01, real=0.02 secs] 
2011-02-12T03:21:27.321+0000: 10976.640: [GC
Desired survivor size 28114944 bytes, new threshold 1 (max 15)
 [PSYoungGen: 2750080K->19168K(2762432K)] 4356305K->1625885K(8354880K), 0.0358720 secs] [Times: user=0.22 sys=0.02, real=0.03 secs] 
2011-02-12T03:21:32.069+0000: 10981.389: [GC
Desired survivor size 28049408 bytes, new threshold 1 (max 15)
 [PSYoungGen: 2762400K->16808K(2768768K)] 4369117K->1624026K(8361216K), 0.0330730 secs] [Times: user=0.20 sys=0.02, real=0.03 secs] 
2011-02-12T03:21:36.924+0000: 10986.243: [GC
Desired survivor size 26738688 bytes, new threshold 1 (max 15)
 [PSYoungGen: 2758120K->13608K(2768704K)] 4365338K->1621438K(8361152K), 0.0285260 secs] [Times: user=0.19 sys=0.02, real=0.03 secs] 
2011-02-12T03:21:41.576+0000: 10990.896: [GC
Desired survivor size 25427968 bytes, new threshold 1 (max 15)
 [PSYoungGen: 2754920K->13472K(2771328K)] 4362750K->1622037K(8363776K), 0.0295830 secs] [Times: user=0.18 sys=0.02, real=0.03 secs] 
2011-02-12T03:21:46.482+0000: 10995.802: [GC
Desired survivor size 26279936 bytes, new threshold 1 (max 15)
 [PSYoungGen: 2758688K->18742K(2770048K)] 4367253K->1627797K(8362496K), 0.0353110 secs] [Times: user=0.22 sys=0.02, real=0.03 secs] 
2011-02-12T03:21:51.421+0000: 11000.741: [GC
Desired survivor size 26804224 bytes, new threshold 1 (max 15)
 [PSYoungGen: 2763958K->18348K(2769472K)] 4373013K->1627867K(8361920K), 0.0344630 secs] [Times: user=0.23 sys=0.02, real=0.03 secs] 
2011-02-12T03:21:56.269+0000: 11005.589: [GC
Desired survivor size 26607616 bytes, new threshold 1 (max 15)
 [PSYoungGen: 2762156K->17088K(2769984K)] 4371675K->1627139K(8362432K), 0.0324130 secs] [Times: user=0.21 sys=0.02, real=0.04 secs] 
2011-02-12T03:22:01.077+0000: 11010.397: [GC
Desired survivor size 27262976 bytes, new threshold 1 (max 15)
 [PSYoungGen: 2760896K->19474K(2768896K)] 4370947K->1629961K(8361344K), 0.0355020 secs] [Times: user=0.23 sys=0.01, real=0.04 secs] 
2011-02-12T03:22:05.511+0000: 11014.831: [GC
Desired survivor size 26804224 bytes, new threshold 1 (max 15)
 [PSYoungGen: 2762386K->11096K(2769536K)] 4372873K->1622317K(8361984K), 0.0274820 secs] [Times: user=0.16 sys=0.01, real=0.02 secs] 
2011-02-12T03:22:09.947+0000: 11019.267: [GC
Desired survivor size 26476544 bytes, new threshold 1 (max 15)
 [PSYoungGen: 2754008K->9954K(2770304K)] 4365229K->1621864K(8362752K), 0.0267080 secs] [Times: user=0.15 sys=0.01, real=0.03 secs] 
2011-02-12T03:22:14.651+0000: 11023.971: [GC
Desired survivor size 26542080 bytes, new threshold 1 (max 15)
 [PSYoungGen: 2754082K->7070K(2769984K)] 4365992K->1619585K(8362432K), 0.0237630 secs] [Times: user=0.12 sys=0.01, real=0.03 secs] 
2011-02-12T03:22:19.143+0000: 11028.462: [GC
Desired survivor size 25427968 bytes, new threshold 1 (max 15)
 [PSYoungGen: 2751198K->13952K(2771328K)] 4363713K->1626953K(8363776K), 0.0301560 secs] [Times: user=0.19 sys=0.02, real=0.04 secs] 
2011-02-12T03:22:24.394+0000: 11033.713: [GC
Desired survivor size 27328512 bytes, new threshold 1 (max 15)
 [PSYoungGen: 2759360K->21632K(2767040K)] 4372361K->1634993K(8359488K), 0.0387360 secs] [Times: user=0.25 sys=0.03, real=0.03 secs] 
2011-02-12T03:22:29.381+0000: 11038.701: [GC
Desired survivor size 26935296 bytes, new threshold 1 (max 15)
 [PSYoungGen: 2767040K->9344K(2769856K)] 4380401K->1623205K(8362304K), 0.0254760 secs] [Times: user=0.16 sys=0.02, real=0.03 secs] 
2011-02-12T03:22:34.257+0000: 11043.577: [GC
Desired survivor size 25952256 bytes, new threshold 1 (max 15)
 [PSYoungGen: 2752512K->12352K(2769472K)] 4366373K->1626689K(8361920K), 0.0294860 secs] [Times: user=0.17 sys=0.02, real=0.03 secs] 
2011-02-12T03:22:39.254+0000: 11048.574: [GC
Desired survivor size 26083328 bytes, new threshold 1 (max 15)
 [PSYoungGen: 2755520K->6200K(2770560K)] 4369857K->1620981K(8363008K), 0.0209900 secs] [Times: user=0.11 sys=0.02, real=0.03 secs] 
2011-02-12T03:22:43.824+0000: 11053.144: [GC
Desired survivor size 25690112 bytes, new threshold 1 (max 15)
 [PSYoungGen: 2751416K->15264K(2770688K)] 4366197K->1630749K(8363136K), 0.0333330 secs] [Times: user=0.21 sys=0.03, real=0.04 secs] 
2011-02-12T03:22:48.953+0000: 11058.273: [GC
Desired survivor size 27459584 bytes, new threshold 1 (max 15)
 [PSYoungGen: 2760480K->21168K(2767616K)] 4375965K->1637193K(8360064K), 0.0413500 secs] [Times: user=0.23 sys=0.01, real=0.04 secs] 
2011-02-12T03:22:54.107+0000: 11063.427: [GC
Desired survivor size 27262976 bytes, new threshold 1 (max 15)
 [PSYoungGen: 2763696K->7664K(2769344K)] 4379721K->1624320K(8361792K), 0.0242870 secs] [Times: user=0.12 sys=0.02, real=0.03 secs] 
2011-02-12T03:22:59.147+0000: 11068.467: [GC
Desired survivor size 26673152 bytes, new threshold 1 (max 15)
 [PSYoungGen: 2750192K->9120K(2770112K)] 4366848K->1626237K(8362560K), 0.0249020 secs] [Times: user=0.14 sys=0.02, real=0.03 secs] 
2011-02-12T03:23:03.997+0000: 11073.316: [GC
Desired survivor size 26083328 bytes, new threshold 1 (max 15)
 [PSYoungGen: 2752608K->8346K(2769536K)] 4369725K->1625891K(8361984K), 0.0244590 secs] [Times: user=0.14 sys=0.02, real=0.03 secs] 
2011-02-12T03:23:09.106+0000: 11078.426: [GC
Desired survivor size 25165824 bytes, new threshold 1 (max 15)
 [PSYoungGen: 2751834K->10368K(2771584K)] 4369379K->1628895K(8364032K), 0.0268540 secs] [Times: user=0.15 sys=0.01, real=0.03 secs] 
2011-02-12T03:23:14.080+0000: 11083.400: [GC
Desired survivor size 24313856 bytes, new threshold 1 (max 15)
 [PSYoungGen: 2756480K->9664K(2770688K)] 4375007K->1628855K(8363136K), 0.0273830 secs] [Times: user=0.15 sys=0.01, real=0.02 secs] 
2011-02-12T03:23:18.976+0000: 11088.296: [GC
Desired survivor size 23789568 bytes, new threshold 1 (max 15)
 [PSYoungGen: 2755776K->8400K(2772928K)] 4374967K->1628191K(8365376K), 0.0254650 secs] [Times: user=0.13 sys=0.02, real=0.03 secs] 
2011-02-12T03:23:23.857+0000: 11093.177: [GC
Desired survivor size 23265280 bytes, new threshold 1 (max 15)
 [PSYoungGen: 2757584K->7923K(2772416K)] 4377375K->1628147K(8364864K), 0.0231730 secs] [Times: user=0.14 sys=0.02, real=0.02 secs] 
2011-02-12T03:23:29.231+0000: 11098.550: [GC
Desired survivor size 23724032 bytes, new threshold 1 (max 15)
 [PSYoungGen: 2757107K->15712K(2772544K)] 4377331K->1636367K(8364992K), 0.0339430 secs] [Times: user=0.19 sys=0.01, real=0.04 secs] 
2011-02-12T03:23:34.457+0000: 11103.776: [GC
Desired survivor size 23265280 bytes, new threshold 1 (max 15)
 [PSYoungGen: 2765536K->7968K(2772992K)] 4386191K->1629170K(8365440K), 0.0256630 secs] [Times: user=0.12 sys=0.02, real=0.03 secs] 
2011-02-12T03:23:39.687+0000: 11109.007: [GC
Desired survivor size 23724032 bytes, new threshold 1 (max 15)
 [PSYoungGen: 2757792K->15776K(2772544K)] 4378994K->1637446K(8364992K), 0.0307200 secs] [Times: user=0.20 sys=0.01, real=0.03 secs] 
2011-02-12T03:23:44.370+0000: 11113.690: [GC
Desired survivor size 22806528 bytes, new threshold 1 (max 15)
 [PSYoungGen: 2765600K->10624K(2772992K)] 4387270K->1632734K(8365440K), 0.0267420 secs] [Times: user=0.14 sys=0.02, real=0.03 secs] 
2011-02-12T03:23:49.137+0000: 11118.456: [GC
Desired survivor size 22347776 bytes, new threshold 1 (max 15)
 [PSYoungGen: 2760444K->8204K(2774336K)] 4382555K->1630951K(8366784K), 0.0243150 secs] [Times: user=0.15 sys=0.02, real=0.02 secs] 
2011-02-12T03:23:54.306+0000: 11123.626: [GC
Desired survivor size 23461888 bytes, new threshold 1 (max 15)
 [PSYoungGen: 2760268K->17184K(2769280K)] 4383015K->1640599K(8361728K), 0.0343480 secs] [Times: user=0.23 sys=0.02, real=0.03 secs] 
2011-02-12T03:23:59.269+0000: 11128.589: [GC
Desired survivor size 23592960 bytes, new threshold 1 (max 15)
 [PSYoungGen: 2769248K->15132K(2772992K)] 4392663K->1639059K(8365440K), 0.0298270 secs] [Times: user=0.20 sys=0.02, real=0.03 secs] 
2011-02-12T03:24:03.922+0000: 11133.242: [GC
Desired survivor size 23396352 bytes, new threshold 1 (max 15)
 [PSYoungGen: 2765212K->6966K(2773120K)] 4389139K->1631458K(8365568K), 0.0234460 secs] [Times: user=0.12 sys=0.02, real=0.03 secs] 
2011-02-12T03:24:08.710+0000: 11138.030: [GC
Desired survivor size 26869760 bytes, new threshold 1 (max 15)
 [PSYoungGen: 2757046K->22816K(2766528K)] 4381538K->1648414K(8358976K), 0.0402010 secs] [Times: user=0.25 sys=0.02, real=0.04 secs] 
2011-02-12T03:24:13.636+0000: 11142.956: [GC
Desired survivor size 28311552 bytes, new threshold 1 (max 15)
 [PSYoungGen: 2766496K->20288K(2763968K)] 4392094K->1646382K(8356416K), 0.0370140 secs] [Times: user=0.25 sys=0.02, real=0.04 secs] 
2011-02-12T03:24:18.490+0000: 11147.810: [GC
Desired survivor size 28114944 bytes, new threshold 1 (max 15)
 [PSYoungGen: 2763968K->16968K(2768704K)] 4390062K->1643566K(8361152K), 0.0333450 secs] [Times: user=0.21 sys=0.02, real=0.03 secs] 
2011-02-12T03:24:23.287+0000: 11152.607: [GC
Desired survivor size 29884416 bytes, new threshold 1 (max 15)
 [PSYoungGen: 2758024K->22222K(2763328K)] 4384622K->1649382K(8355776K), 0.0397700 secs] [Times: user=0.25 sys=0.03, real=0.04 secs] 
2011-02-12T03:24:27.909+0000: 11157.228: [GC
Desired survivor size 31981568 bytes, new threshold 1 (max 15)
 [PSYoungGen: 2763278K->24352K(2762880K)] 4390438K->1652243K(8355328K), 0.0411660 secs] [Times: user=0.27 sys=0.02, real=0.05 secs] 
2011-02-12T03:24:33.139+0000: 11162.459: [GC
Desired survivor size 31916032 bytes, new threshold 1 (max 15)
 [PSYoungGen: 2758048K->7136K(2764928K)] 4385939K->1635506K(8357376K), 0.0226200 secs] [Times: user=0.13 sys=0.01, real=0.03 secs] 
2011-02-12T03:24:38.124+0000: 11167.443: [GC
Desired survivor size 30736384 bytes, new threshold 1 (max 15)
 [PSYoungGen: 2740832K->12064K(2766144K)] 4369202K->1640818K(8358592K), 0.0278050 secs] [Times: user=0.17 sys=0.02, real=0.03 secs] 
2011-02-12T03:24:42.857+0000: 11172.177: [GC
Desired survivor size 29622272 bytes, new threshold 1 (max 15)
 [PSYoungGen: 2747040K->12220K(2764992K)] 4375794K->1641430K(8357440K), 0.0280630 secs] [Times: user=0.18 sys=0.01, real=0.03 secs] 
2011-02-12T03:24:47.984+0000: 11177.303: [GC
Desired survivor size 28639232 bytes, new threshold 1 (max 15)
 [PSYoungGen: 2747196K->11443K(2768192K)] 4376406K->1641049K(8360640K), 0.0284930 secs] [Times: user=0.14 sys=0.02, real=0.03 secs] 
2011-02-12T03:24:53.038+0000: 11182.357: [GC
Desired survivor size 27656192 bytes, new threshold 1 (max 15)
 [PSYoungGen: 2750707K->15264K(2767232K)] 4380313K->1645469K(8359680K), 0.0314780 secs] [Times: user=0.20 sys=0.02, real=0.03 secs] 
2011-02-12T03:24:58.383+0000: 11187.703: [GC
Desired survivor size 28835840 bytes, new threshold 1 (max 15)
 [PSYoungGen: 2754528K->20816K(2766848K)] 4384733K->1651485K(8359296K), 0.0395210 secs] [Times: user=0.22 sys=0.02, real=0.04 secs] 
2011-02-12T03:25:03.190+0000: 11192.509: [GC
Desired survivor size 28180480 bytes, new threshold 1 (max 15)
 [PSYoungGen: 2760656K->16710K(2768000K)] 4391325K->1647909K(8360448K), 0.0345830 secs] [Times: user=0.22 sys=0.03, real=0.04 secs] 
2011-02-12T03:25:07.724+0000: 11197.043: [GC
Desired survivor size 27852800 bytes, new threshold 1 (max 15)
 [PSYoungGen: 2756550K->9776K(2768960K)] 4387749K->1642137K(8361408K), 0.0267750 secs] [Times: user=0.16 sys=0.02, real=0.03 secs] 
2011-02-12T03:25:12.848+0000: 11202.167: [GC
Desired survivor size 28180480 bytes, new threshold 1 (max 15)
 [PSYoungGen: 2751216K->5024K(2768640K)] 4383577K->1638213K(8361088K), 0.0227230 secs] [Times: user=0.11 sys=0.02, real=0.02 secs] 
2011-02-12T03:25:18.083+0000: 11207.402: [GC
Desired survivor size 27394048 bytes, new threshold 1 (max 15)
 [PSYoungGen: 2746464K->10128K(2769408K)] 4379653K->1643665K(8361856K), 0.0264140 secs] [Times: user=0.15 sys=0.01, real=0.03 secs] 
2011-02-12T03:25:23.386+0000: 11212.706: [GC
Desired survivor size 26214400 bytes, new threshold 1 (max 15)
 [PSYoungGen: 2752016K->13760K(2768640K)] 4385553K->1647709K(8361088K), 0.0290730 secs] [Times: user=0.17 sys=0.02, real=0.03 secs] 
2011-02-12T03:25:28.494+0000: 11217.814: [GC
Desired survivor size 26738688 bytes, new threshold 1 (max 15)
 [PSYoungGen: 2755648K->18112K(2769536K)] 4389597K->1652529K(8361984K), 0.0350460 secs] [Times: user=0.22 sys=0.01, real=0.04 secs] 
2011-02-12T03:25:33.143+0000: 11222.463: [GC
Desired survivor size 26542080 bytes, new threshold 1 (max 15)
 [PSYoungGen: 2762048K->16544K(2770048K)] 4396465K->1651521K(8362496K), 0.0350020 secs] [Times: user=0.20 sys=0.01, real=0.04 secs] 
2011-02-12T03:25:38.285+0000: 11227.605: [GC
Desired survivor size 26083328 bytes, new threshold 1 (max 15)
 [PSYoungGen: 2760480K->16032K(2770688K)] 4395457K->1651513K(8363136K), 0.0326210 secs] [Times: user=0.20 sys=0.01, real=0.04 secs] 
2011-02-12T03:25:43.641+0000: 11232.961: [GC
Desired survivor size 25427968 bytes, new threshold 1 (max 15)
 [PSYoungGen: 2760800K->11372K(2770240K)] 4396281K->1647349K(8362688K), 0.0283330 secs] [Times: user=0.16 sys=0.02, real=0.03 secs] 
2011-02-12T03:25:48.173+0000: 11237.493: [GC
Desired survivor size 25821184 bytes, new threshold 1 (max 15)
 [PSYoungGen: 2756140K->5292K(2770560K)] 4392117K->1641850K(8363008K), 0.0216310 secs] [Times: user=0.12 sys=0.01, real=0.02 secs] 
2011-02-12T03:25:53.161+0000: 11242.481: [GC
Desired survivor size 24838144 bytes, new threshold 1 (max 15)
 [PSYoungGen: 2751020K->11616K(2770944K)] 4387578K->1648657K(8363392K), 0.0299510 secs] [Times: user=0.15 sys=0.03, real=0.03 secs] 
2011-02-12T03:25:58.499+0000: 11247.819: [GC
Desired survivor size 25231360 bytes, new threshold 1 (max 15)
 [PSYoungGen: 2757344K->3968K(2771136K)] 4394385K->1641441K(8363584K), 0.0197290 secs] [Times: user=0.09 sys=0.02, real=0.02 secs] 
2011-02-12T03:26:03.344+0000: 11252.664: [GC
Desired survivor size 24641536 bytes, new threshold 1 (max 15)
 [PSYoungGen: 2750848K->8082K(2771520K)] 4388321K->1646011K(8363968K), 0.0238360 secs] [Times: user=0.13 sys=0.03, real=0.02 secs] 
2011-02-12T03:26:07.439+0000: 11256.759: [GC
Desired survivor size 24117248 bytes, new threshold 1 (max 15)
 [PSYoungGen: 2754962K->13560K(2772608K)] 4392891K->1652330K(8365056K), 0.0296700 secs] [Times: user=0.18 sys=0.01, real=0.03 secs] 
2011-02-12T03:26:12.059+0000: 11261.379: [GC
Desired survivor size 23724032 bytes, new threshold 1 (max 15)
 [PSYoungGen: 2762104K->7392K(2772096K)] 4400874K->1646914K(8364544K), 0.0244450 secs] [Times: user=0.14 sys=0.01, real=0.03 secs] 
2011-02-12T03:26:16.737+0000: 11266.056: [GC
Desired survivor size 26017792 bytes, new threshold 1 (max 15)
 [PSYoungGen: 2755936K->20640K(2768512K)] 4395458K->1660610K(8360960K), 0.0379430 secs] [Times: user=0.21 sys=0.02, real=0.04 secs] 
2011-02-12T03:26:21.453+0000: 11270.773: [GC
Desired survivor size 26542080 bytes, new threshold 1 (max 15)
 [PSYoungGen: 2765984K->17244K(2762624K)] 4405954K->1657702K(8355072K), 0.0353170 secs] [Times: user=0.20 sys=0.02, real=0.03 secs] 
2011-02-12T03:26:26.131+0000: 11275.451: [GC
Desired survivor size 25362432 bytes, new threshold 1 (max 15)
 [PSYoungGen: 2762588K->11872K(2771392K)] 4403046K->1652806K(8363840K), 0.0282850 secs] [Times: user=0.17 sys=0.02, real=0.03 secs] 
2011-02-12T03:26:30.922+0000: 11280.241: [GC
Desired survivor size 24903680 bytes, new threshold 1 (max 15)
 [PSYoungGen: 2757344K->8352K(2770240K)] 4398278K->1649714K(8362688K), 0.0232300 secs] [Times: user=0.14 sys=0.01, real=0.03 secs] 
2011-02-12T03:26:36.003+0000: 11285.323: [GC
Desired survivor size 25100288 bytes, new threshold 1 (max 15)
 [PSYoungGen: 2753824K->3952K(2771456K)] 4395186K->1645822K(8363904K), 0.0204840 secs] [Times: user=0.10 sys=0.01, real=0.03 secs] 
2011-02-12T03:26:41.025+0000: 11290.345: [GC
Desired survivor size 24969216 bytes, new threshold 1 (max 15)
 [PSYoungGen: 2751088K->4736K(2771648K)] 4392958K->1647126K(8364096K), 0.0239260 secs] [Times: user=0.12 sys=0.02, real=0.02 secs] 
2011-02-12T03:26:46.474+0000: 11295.793: [GC
Desired survivor size 25624576 bytes, new threshold 1 (max 15)
 [PSYoungGen: 2751872K->16188K(2770496K)] 4394262K->1659042K(8362944K), 0.0337560 secs] [Times: user=0.21 sys=0.03, real=0.04 secs] 
2011-02-12T03:26:51.649+0000: 11300.968: [GC
Desired survivor size 27721728 bytes, new threshold 1 (max 15)
 [PSYoungGen: 2762300K->20576K(2766720K)] 4405154K->1663978K(8359168K), 0.0386310 secs] [Times: user=0.24 sys=0.02, real=0.04 secs] 
2011-02-12T03:26:56.377+0000: 11305.697: [GC
Desired survivor size 27656192 bytes, new threshold 1 (max 15)
 [PSYoungGen: 2766688K->16159K(2769152K)] 4410090K->1660159K(8361600K), 0.0339600 secs] [Times: user=0.20 sys=0.01, real=0.03 secs] 
2011-02-12T03:27:01.102+0000: 11310.422: [GC
Desired survivor size 26345472 bytes, new threshold 1 (max 15)
 [PSYoungGen: 2758239K->12050K(2769088K)] 4402239K->1656462K(8361536K), 0.0280190 secs] [Times: user=0.17 sys=0.02, real=0.03 secs] 
2011-02-12T03:27:05.818+0000: 11315.138: [GC
Desired survivor size 25231360 bytes, new threshold 1 (max 15)
 [PSYoungGen: 2754130K->11016K(2771520K)] 4398542K->1656086K(8363968K), 0.0288780 secs] [Times: user=0.14 sys=0.01, real=0.02 secs] 
2011-02-12T03:27:10.801+0000: 11320.120: [GC
Desired survivor size 24969216 bytes, new threshold 1 (max 15)
 [PSYoungGen: 2756808K->15040K(2770432K)] 4401878K->1660798K(8362880K), 0.0312740 secs] [Times: user=0.19 sys=0.01, real=0.03 secs] 
2011-02-12T03:27:15.827+0000: 11325.147: [GC
Desired survivor size 25624576 bytes, new threshold 1 (max 15)
 [PSYoungGen: 2760832K->17471K(2770496K)] 4406590K->1663801K(8362944K), 0.0352660 secs] [Times: user=0.21 sys=0.01, real=0.04 secs] 
2011-02-12T03:27:20.975+0000: 11330.295: [GC
Desired survivor size 25755648 bytes, new threshold 1 (max 15)
 [PSYoungGen: 2763583K->5184K(2751296K)] 4409913K->1652046K(8343744K), 0.0228590 secs] [Times: user=0.11 sys=0.01, real=0.02 secs] 
2011-02-12T03:27:25.972+0000: 11335.292: [GC
Desired survivor size 25165824 bytes, new threshold 1 (max 15)
 [PSYoungGen: 2751296K->8320K(2771584K)] 4398158K->1655730K(8364032K), 0.0254790 secs] [Times: user=0.14 sys=0.02, real=0.02 secs] 
2011-02-12T03:27:31.192+0000: 11340.512: [GC
Desired survivor size 23920640 bytes, new threshold 1 (max 15)
 [PSYoungGen: 2754752K->11648K(2771008K)] 4402162K->1659534K(8363456K), 0.0293350 secs] [Times: user=0.16 sys=0.01, real=0.03 secs] 
2011-02-12T03:27:36.251+0000: 11345.571: [GC
Desired survivor size 23920640 bytes, new threshold 1 (max 15)
 [PSYoungGen: 2758080K->15040K(2772800K)] 4405966K->1663358K(8365248K), 0.0320790 secs] [Times: user=0.19 sys=0.01, real=0.04 secs] 
2011-02-12T03:27:41.561+0000: 11350.881: [GC
Desired survivor size 23855104 bytes, new threshold 1 (max 15)
 [PSYoungGen: 2764480K->6112K(2772800K)] 4412798K->1654822K(8365248K), 0.0217660 secs] [Times: user=0.13 sys=0.02, real=0.03 secs] 
2011-02-12T03:27:46.782+0000: 11356.102: [GC
Desired survivor size 22872064 bytes, new threshold 1 (max 15)
 [PSYoungGen: 2755552K->12044K(2773824K)] 4404262K->1661275K(8366272K), 0.0297330 secs] [Times: user=0.14 sys=0.02, real=0.03 secs] 
2011-02-12T03:27:52.107+0000: 11361.427: [GC
Desired survivor size 24379392 bytes, new threshold 1 (max 15)
 [PSYoungGen: 2762572K->18591K(2769152K)] 4411803K->1668510K(8361600K), 0.0364870 secs] [Times: user=0.22 sys=0.01, real=0.04 secs] 
2011-02-12T03:27:57.364+0000: 11366.684: [GC
Desired survivor size 23658496 bytes, new threshold 1 (max 15)
 [PSYoungGen: 2769119K->9920K(2773056K)] 4419038K->1660326K(8365504K), 0.0255380 secs] [Times: user=0.16 sys=0.01, real=0.03 secs] 
2011-02-12T03:28:02.177+0000: 11371.497: [GC
Desired survivor size 23134208 bytes, new threshold 1 (max 15)
 [PSYoungGen: 2759168K->8682K(2772352K)] 4409574K->1659688K(8364800K), 0.0261690 secs] [Times: user=0.13 sys=0.01, real=0.02 secs] 
2011-02-12T03:28:06.184+0000: 11375.503: [GC
Desired survivor size 22413312 bytes, new threshold 1 (max 15)
 [PSYoungGen: 2757930K->9392K(2774272K)] 4408936K->1661253K(8366720K), 0.0261590 secs] [Times: user=0.14 sys=0.01, real=0.03 secs] 
2011-02-12T03:28:11.060+0000: 11380.380: [GC
Desired survivor size 21757952 bytes, new threshold 1 (max 15)
 [PSYoungGen: 2761072K->9216K(2773568K)] 4412933K->1661569K(8366016K), 0.0266890 secs] [Times: user=0.16 sys=0.01, real=0.03 secs] 
2011-02-12T03:28:16.177+0000: 11385.497: [GC
Desired survivor size 20905984 bytes, new threshold 1 (max 15)
 [PSYoungGen: 2760896K->10496K(2775744K)] 4413249K->1663365K(8368192K), 0.0269570 secs] [Times: user=0.15 sys=0.02, real=0.02 secs] 
2011-02-12T03:28:21.166+0000: 11390.486: [GC
Desired survivor size 20250624 bytes, new threshold 1 (max 15)
 [PSYoungGen: 2764992K->9728K(2774912K)] 4417861K->1663073K(8367360K), 0.0261980 secs] [Times: user=0.14 sys=0.02, real=0.03 secs] 
2011-02-12T03:28:26.442+0000: 11395.762: [GC
Desired survivor size 22085632 bytes, new threshold 1 (max 15)
 [PSYoungGen: 2764224K->18304K(2772800K)] 4417569K->1672153K(8365248K), 0.0352450 secs] [Times: user=0.23 sys=0.01, real=0.04 secs] 
2011-02-12T03:28:31.612+0000: 11400.932: [GC
Desired survivor size 22151168 bytes, new threshold 1 (max 15)
 [PSYoungGen: 2771328K->5728K(2758784K)] 4425177K->1660121K(8351232K), 0.0223380 secs] [Times: user=0.12 sys=0.01, real=0.02 secs] 
2011-02-12T03:28:36.917+0000: 11406.236: [GC
Desired survivor size 21692416 bytes, new threshold 1 (max 15)
 [PSYoungGen: 2758752K->12864K(2774976K)] 4413145K->1667753K(8367424K), 0.0295810 secs] [Times: user=0.17 sys=0.01, real=0.03 secs] 
2011-02-12T03:28:42.178+0000: 11411.498: [GC
Desired survivor size 23461888 bytes, new threshold 1 (max 15)
 [PSYoungGen: 2766208K->18646K(2772032K)] 4421097K->1673995K(8364480K), 0.0362030 secs] [Times: user=0.21 sys=0.01, real=0.04 secs] 
2011-02-12T03:28:47.287+0000: 11416.607: [GC
Desired survivor size 23592960 bytes, new threshold 1 (max 15)
 [PSYoungGen: 2771990K->4956K(2772992K)] 4427339K->1660724K(8365440K), 0.0218190 secs] [Times: user=0.10 sys=0.01, real=0.02 secs] 
2011-02-12T03:28:52.515+0000: 11421.834: [GC
Desired survivor size 22872064 bytes, new threshold 1 (max 15)
 [PSYoungGen: 2755036K->8752K(2773120K)] 4410804K->1665180K(8365568K), 0.0257840 secs] [Times: user=0.14 sys=0.02, real=0.02 secs] 
2011-02-12T03:28:57.319+0000: 11426.639: [GC
Desired survivor size 22413312 bytes, new threshold 1 (max 15)
 [PSYoungGen: 2758832K->7180K(2774272K)] 4415260K->1664132K(8366720K), 0.0256990 secs] [Times: user=0.12 sys=0.01, real=0.03 secs] 
2011-02-12T03:29:02.259+0000: 11431.579: [GC
Desired survivor size 21692416 bytes, new threshold 1 (max 15)
 [PSYoungGen: 2759116K->8410K(2773824K)] 4416068K->1665851K(8366272K), 0.0253680 secs] [Times: user=0.13 sys=0.02, real=0.03 secs] 
2011-02-12T03:29:06.705+0000: 11436.025: [GC
Desired survivor size 22609920 bytes, new threshold 1 (max 15)
 [PSYoungGen: 2760346K->15863K(2773184K)] 4417787K->1674158K(8365632K), 0.0342740 secs] [Times: user=0.20 sys=0.02, real=0.03 secs] 
2011-02-12T03:29:11.819+0000: 11441.139: [GC
Desired survivor size 24313856 bytes, new threshold 1 (max 15)
 [PSYoungGen: 2767863K->18464K(2770496K)] 4426158K->1677577K(8362944K), 0.0364740 secs] [Times: user=0.23 sys=0.02, real=0.04 secs] 
2011-02-12T03:29:17.253+0000: 11446.573: [GC
Desired survivor size 23658496 bytes, new threshold 1 (max 15)
 [PSYoungGen: 2770464K->8620K(2773056K)] 4429577K->1668282K(8365504K), 0.0269100 secs] [Times: user=0.13 sys=0.01, real=0.03 secs] 
2011-02-12T03:29:22.458+0000: 11451.778: [GC
Desired survivor size 23986176 bytes, new threshold 1 (max 15)
 [PSYoungGen: 2757932K->15515K(2772416K)] 4417594K->1675685K(8364864K), 0.0329250 secs] [Times: user=0.17 sys=0.01, real=0.03 secs] 
2011-02-12T03:29:27.419+0000: 11456.739: [GC
Desired survivor size 24510464 bytes, new threshold 1 (max 15)
 [PSYoungGen: 2764827K->16352K(2771712K)] 4424997K->1676986K(8364160K), 0.0338020 secs] [Times: user=0.19 sys=0.02, real=0.03 secs] 
2011-02-12T03:29:32.584+0000: 11461.904: [GC
Desired survivor size 25952256 bytes, new threshold 1 (max 15)
 [PSYoungGen: 2764640K->19204K(2767552K)] 4425274K->1680323K(8360000K), 0.0363540 secs] [Times: user=0.24 sys=0.01, real=0.04 secs] 
2011-02-12T03:29:37.668+0000: 11466.987: [GC
Desired survivor size 27983872 bytes, new threshold 1 (max 15)
 [PSYoungGen: 2767492K->21760K(2766848K)] 4428611K->1683571K(8359296K), 0.0378860 secs] [Times: user=0.26 sys=0.01, real=0.03 secs] 
2011-02-12T03:29:42.624+0000: 11471.944: [GC
Desired survivor size 27918336 bytes, new threshold 1 (max 15)
 [PSYoungGen: 2763264K->6304K(2768832K)] 4425075K->1668663K(8361280K), 0.0227620 secs] [Times: user=0.12 sys=0.02, real=0.03 secs] 
2011-02-12T03:29:47.615+0000: 11476.935: [GC
Desired survivor size 27787264 bytes, new threshold 1 (max 15)
 [PSYoungGen: 2747808K->5542K(2769024K)] 4410167K->1668397K(8361472K), 0.0223510 secs] [Times: user=0.12 sys=0.02, real=0.02 secs] 
2011-02-12T03:29:52.171+0000: 11481.491: [GC
Desired survivor size 28311552 bytes, new threshold 1 (max 15)
 [PSYoungGen: 2747302K->17718K(2759488K)] 4410157K->1681029K(8351936K), 0.0349300 secs] [Times: user=0.22 sys=0.02, real=0.03 secs] 
2011-02-12T03:29:57.109+0000: 11486.428: [GC
Desired survivor size 27590656 bytes, new threshold 1 (max 15)
 [PSYoungGen: 2759478K->14880K(2769216K)] 4422789K->1678603K(8361664K), 0.0326470 secs] [Times: user=0.18 sys=0.02, real=0.04 secs] 
2011-02-12T03:30:01.740+0000: 11491.060: [GC
Desired survivor size 26279936 bytes, new threshold 1 (max 15)
 [PSYoungGen: 2756448K->12514K(2768512K)] 4420171K->1676623K(8360960K), 0.0896030 secs] [Times: user=0.13 sys=0.01, real=0.09 secs] 
2011-02-12T03:30:06.730+0000: 11496.050: [GC
Desired survivor size 24969216 bytes, new threshold 1 (max 15)
 [PSYoungGen: 2754082K->13067K(2771776K)] 4418191K->1677855K(8364224K), 0.0308140 secs] [Times: user=0.17 sys=0.03, real=0.03 secs] 
2011-02-12T03:30:10.533+0000: 11499.852: [GC
Desired survivor size 25362432 bytes, new threshold 1 (max 15)
 [PSYoungGen: 2759179K->17152K(2770496K)] 4423967K->1682711K(8362944K), 0.0358390 secs] [Times: user=0.21 sys=0.02, real=0.03 secs] 
2011-02-12T03:30:14.983+0000: 11504.302: [GC
Desired survivor size 25624576 bytes, new threshold 1 (max 15)
 [PSYoungGen: 2763264K->5216K(2770880K)] 4428823K->1671367K(8363328K), 0.0215110 secs] [Times: user=0.12 sys=0.02, real=0.02 secs] 
2011-02-12T03:30:19.636+0000: 11508.955: [GC
Desired survivor size 27656192 bytes, new threshold 1 (max 15)
 [PSYoungGen: 2751328K->21216K(2767360K)] 4417479K->1687975K(8359808K), 0.0426330 secs] [Times: user=0.21 sys=0.01, real=0.04 secs] 
2011-02-12T03:30:24.238+0000: 11513.558: [GC
Desired survivor size 27590656 bytes, new threshold 1 (max 15)
 [PSYoungGen: 2767328K->16960K(2769216K)] 4434087K->1684179K(8361664K), 0.0331200 secs] [Times: user=0.21 sys=0.02, real=0.03 secs] 
2011-02-12T03:30:29.204+0000: 11518.524: [GC
Desired survivor size 26869760 bytes, new threshold 1 (max 15)
 [PSYoungGen: 2759168K->15584K(2769152K)] 4426387K->1683227K(8361600K), 0.0325400 secs] [Times: user=0.21 sys=0.03, real=0.03 secs] 
2011-02-12T03:30:34.103+0000: 11523.422: [GC
Desired survivor size 26869760 bytes, new threshold 1 (max 15)
 [PSYoungGen: 2757792K->17280K(2769920K)] 4425435K->1685335K(8362368K), 0.0347660 secs] [Times: user=0.22 sys=0.01, real=0.04 secs] 
2011-02-12T03:30:39.383+0000: 11528.702: [GC
Desired survivor size 27394048 bytes, new threshold 1 (max 15)
 [PSYoungGen: 2760960K->4512K(2748224K)] 4429015K->1672991K(8340672K), 0.0210090 secs] [Times: user=0.10 sys=0.02, real=0.03 secs] 
2011-02-12T03:30:44.592+0000: 11533.912: [GC
Desired survivor size 26738688 bytes, new threshold 1 (max 15)
 [PSYoungGen: 2748192K->9040K(2770048K)] 4416671K->1678031K(8362496K), 0.0275860 secs] [Times: user=0.15 sys=0.01, real=0.03 secs] 
2011-02-12T03:30:49.941+0000: 11539.261: [GC
Desired survivor size 26542080 bytes, new threshold 1 (max 15)
 [PSYoungGen: 2752336K->15904K(2769408K)] 4421327K->1685543K(8361856K), 0.0359310 secs] [Times: user=0.21 sys=0.04, real=0.04 secs] 
2011-02-12T03:30:55.109+0000: 11544.429: [GC
Desired survivor size 27590656 bytes, new threshold 1 (max 15)
 [PSYoungGen: 2759200K->19352K(2768192K)] 4428839K->1689588K(8360640K), 0.0379370 secs] [Times: user=0.24 sys=0.02, real=0.04 secs] 
2011-02-12T03:31:00.236+0000: 11549.555: [GC
Desired survivor size 27656192 bytes, new threshold 1 (max 15)
 [PSYoungGen: 2761624K->5506K(2747840K)] 4431860K->1676205K(8340288K), 0.0227030 secs] [Times: user=0.12 sys=0.01, real=0.03 secs] 
2011-02-12T03:31:04.971+0000: 11554.291: [GC
Desired survivor size 26935296 bytes, new threshold 1 (max 15)
 [PSYoungGen: 2747778K->8904K(2769856K)] 4418477K->1680178K(8362304K), 0.0268710 secs] [Times: user=0.13 sys=0.01, real=0.03 secs] 
2011-02-12T03:31:09.998+0000: 11559.317: [GC
Desired survivor size 26542080 bytes, new threshold 1 (max 15)
 [PSYoungGen: 2751752K->15264K(2769152K)] 4423026K->1687326K(8361600K), 0.0321390 secs] [Times: user=0.20 sys=0.02, real=0.04 secs] 
2011-02-12T03:31:15.047+0000: 11564.366: [GC
Desired survivor size 27328512 bytes, new threshold 1 (max 15)
 [PSYoungGen: 2758112K->18368K(2768704K)] 4430174K->1690982K(8361152K), 0.0364590 secs] [Times: user=0.22 sys=0.02, real=0.04 secs] 
2011-02-12T03:31:20.254+0000: 11569.574: [GC
Desired survivor size 28573696 bytes, new threshold 1 (max 15)
 [PSYoungGen: 2761152K->20256K(2763072K)] 4433766K->1693422K(8355520K), 0.0387090 secs] [Times: user=0.24 sys=0.03, real=0.04 secs] 
2011-02-12T03:31:25.165+0000: 11574.485: [GC
Desired survivor size 29425664 bytes, new threshold 1 (max 15)
 [PSYoungGen: 2763040K->20160K(2766592K)] 4436206K->1693834K(8359040K), 0.0389220 secs] [Times: user=0.25 sys=0.02, real=0.04 secs] 
2011-02-12T03:31:30.439+0000: 11579.758: [GC
Desired survivor size 29097984 bytes, new threshold 1 (max 15)
 [PSYoungGen: 2758848K->8320K(2767424K)] 4432522K->1682576K(8359872K), 0.0258490 secs] [Times: user=0.13 sys=0.01, real=0.03 secs] 
2011-02-12T03:31:35.334+0000: 11584.654: [GC
Desired survivor size 27918336 bytes, new threshold 1 (max 15)
 [PSYoungGen: 2747008K->12400K(2768896K)] 4421264K->1687112K(8361344K), 0.0306480 secs] [Times: user=0.16 sys=0.03, real=0.03 secs] 
2011-02-12T03:31:40.664+0000: 11589.984: [GC
Desired survivor size 27983872 bytes, new threshold 1 (max 15)
 [PSYoungGen: 2752880K->5712K(2767744K)] 4427592K->1680920K(8360192K), 0.0216530 secs] [Times: user=0.12 sys=0.02, real=0.02 secs] 
2011-02-12T03:31:45.350+0000: 11594.670: [GC
Desired survivor size 29818880 bytes, new threshold 1 (max 15)
 [PSYoungGen: 2746192K->21776K(2765248K)] 4421400K->1697408K(8357696K), 0.0381790 secs] [Times: user=0.25 sys=0.02, real=0.04 secs] 
2011-02-12T03:31:50.467+0000: 11599.787: [GC
Desired survivor size 29949952 bytes, new threshold 1 (max 15)
 [PSYoungGen: 2759696K->4416K(2742336K)] 4435328K->1680596K(8334784K), 0.0214150 secs] [Times: user=0.11 sys=0.01, real=0.02 secs] 
2011-02-12T03:31:55.900+0000: 11605.219: [GC
Desired survivor size 28442624 bytes, new threshold 1 (max 15)
 [PSYoungGen: 2742336K->11968K(2768384K)] 4418516K->1688628K(8360832K), 0.0293490 secs] [Times: user=0.18 sys=0.01, real=0.03 secs] 
2011-02-12T03:32:01.365+0000: 11610.684: [GC
Desired survivor size 29360128 bytes, new threshold 1 (max 15)
 [PSYoungGen: 2751104K->19266K(2766912K)] 4427764K->1696434K(8359360K), 0.0374500 secs] [Times: user=0.22 sys=0.02, real=0.03 secs] 
2011-02-12T03:32:05.686+0000: 11615.006: [GC
Desired survivor size 28180480 bytes, new threshold 1 (max 15)
 [PSYoungGen: 2758402K->11240K(2768640K)] 4435570K->1689262K(8361088K), 0.0299000 secs] [Times: user=0.16 sys=0.01, real=0.03 secs] 
2011-02-12T03:32:10.385+0000: 11619.704: [GC
Desired survivor size 28049408 bytes, new threshold 1 (max 15)
 [PSYoungGen: 2751208K->5792K(2767488K)] 4429230K->1684447K(8359936K), 0.0239240 secs] [Times: user=0.11 sys=0.01, real=0.03 secs] 
2011-02-12T03:32:15.114+0000: 11624.434: [GC
Desired survivor size 29032448 bytes, new threshold 1 (max 15)
 [PSYoungGen: 2745760K->19079K(2766848K)] 4424415K->1698226K(8359296K), 0.0365730 secs] [Times: user=0.22 sys=0.01, real=0.04 secs] 
2011-02-12T03:32:19.577+0000: 11628.897: [GC
Desired survivor size 28246016 bytes, new threshold 1 (max 15)
 [PSYoungGen: 2758535K->8768K(2767808K)] 4437682K->1688339K(8360256K), 0.0264930 secs] [Times: user=0.13 sys=0.01, real=0.02 secs] 
2011-02-12T03:32:24.648+0000: 11633.968: [GC
Desired survivor size 29360128 bytes, new threshold 1 (max 15)
 [PSYoungGen: 2748224K->19648K(2766400K)] 4427795K->1699635K(8358848K), 0.0377360 secs] [Times: user=0.22 sys=0.01, real=0.03 secs] 
2011-02-12T03:32:29.583+0000: 11638.903: [GC
Desired survivor size 29753344 bytes, new threshold 1 (max 15)
 [PSYoungGen: 2758464K->18662K(2757504K)] 4438451K->1699053K(8349952K), 0.0363190 secs] [Times: user=0.22 sys=0.01, real=0.04 secs] 
2011-02-12T03:32:34.128+0000: 11643.448: [GC
Desired survivor size 28311552 bytes, new threshold 1 (max 15)
 [PSYoungGen: 2757478K->13280K(2768512K)] 4437869K->1694211K(8360960K), 0.0308370 secs] [Times: user=0.18 sys=0.02, real=0.03 secs] 
2011-02-12T03:32:39.147+0000: 11648.467: [GC
Desired survivor size 27066368 bytes, new threshold 1 (max 15)
 [PSYoungGen: 2752736K->14176K(2767104K)] 4433667K->1695635K(8359552K), 0.0318790 secs] [Times: user=0.16 sys=0.02, real=0.04 secs] 
2011-02-12T03:32:43.997+0000: 11653.317: [GC
Desired survivor size 26804224 bytes, new threshold 1 (max 15)
 [PSYoungGen: 2753632K->16620K(2769984K)] 4435091K->1698587K(8362432K), 0.0339710 secs] [Times: user=0.21 sys=0.02, real=0.04 secs] 
2011-02-12T03:32:49.098+0000: 11658.418: [GC
Desired survivor size 27590656 bytes, new threshold 1 (max 15)
 [PSYoungGen: 2760172K->19552K(2763136K)] 4442139K->1702019K(8355584K), 0.0368000 secs] [Times: user=0.23 sys=0.01, real=0.04 secs] 
2011-02-12T03:32:53.988+0000: 11663.308: [GC
Desired survivor size 27721728 bytes, new threshold 1 (max 15)
 [PSYoungGen: 2763104K->18424K(2768960K)] 4445571K->1701323K(8361408K), 0.0344730 secs] [Times: user=0.22 sys=0.02, real=0.04 secs] 
2011-02-12T03:32:58.730+0000: 11668.050: [GC
Desired survivor size 27131904 bytes, new threshold 1 (max 15)
 [PSYoungGen: 2760440K->16656K(2769088K)] 4443339K->1700075K(8361536K), 0.0332560 secs] [Times: user=0.23 sys=0.01, real=0.04 secs] 
2011-02-12T03:33:03.329+0000: 11672.649: [GC
Desired survivor size 26935296 bytes, new threshold 1 (max 15)
 [PSYoungGen: 2758672K->9654K(2769856K)] 4442091K->1693550K(8362304K), 0.0272060 secs] [Times: user=0.14 sys=0.02, real=0.03 secs] 
2011-02-12T03:33:07.968+0000: 11677.288: [GC
Desired survivor size 27197440 bytes, new threshold 1 (max 15)
 [PSYoungGen: 2753014K->6208K(2749632K)] 4436910K->1690966K(8342080K), 0.0238100 secs] [Times: user=0.11 sys=0.02, real=0.03 secs] 
2011-02-12T03:33:12.609+0000: 11681.929: [GC
Desired survivor size 28442624 bytes, new threshold 1 (max 15)
 [PSYoungGen: 2749568K->20544K(2767168K)] 4434326K->1706102K(8359616K), 0.0379520 secs] [Times: user=0.24 sys=0.01, real=0.04 secs] 
2011-02-12T03:33:17.794+0000: 11687.114: [GC
Desired survivor size 28180480 bytes, new threshold 1 (max 15)
 [PSYoungGen: 2761152K->8394K(2768384K)] 4446710K->1694415K(8360832K), 0.0247420 secs] [Times: user=0.13 sys=0.02, real=0.02 secs] 
2011-02-12T03:33:23.155+0000: 11692.475: [GC
Desired survivor size 26935296 bytes, new threshold 1 (max 15)
 [PSYoungGen: 2749002K->14238K(2769856K)] 4435023K->1700651K(8362304K), 0.0310240 secs] [Times: user=0.18 sys=0.02, real=0.03 secs] 
2011-02-12T03:33:27.973+0000: 11697.293: [GC
Desired survivor size 25690112 bytes, new threshold 1 (max 15)
 [PSYoungGen: 2756574K->13594K(2768640K)] 4442987K->1700543K(8361088K), 0.0294810 secs] [Times: user=0.19 sys=0.02, real=0.03 secs] 
2011-02-12T03:33:32.690+0000: 11702.010: [GC
Desired survivor size 25231360 bytes, new threshold 1 (max 15)
 [PSYoungGen: 2755930K->10248K(2771520K)] 4442879K->1697624K(8363968K), 0.0281730 secs] [Times: user=0.15 sys=0.02, real=0.03 secs] 
2011-02-12T03:33:37.737+0000: 11707.056: [GC
Desired survivor size 24576000 bytes, new threshold 1 (max 15)
 [PSYoungGen: 2756680K->10816K(2771072K)] 4444056K->1698808K(8363520K), 0.0276080 secs] [Times: user=0.16 sys=0.01, real=0.02 secs] 
2011-02-12T03:33:42.665+0000: 11711.985: [GC
Desired survivor size 24117248 bytes, new threshold 1 (max 15)
 [PSYoungGen: 2757248K->9600K(2772608K)] 4445240K->1698144K(8365056K), 0.0277110 secs] [Times: user=0.15 sys=0.02, real=0.03 secs] 
2011-02-12T03:33:47.477+0000: 11716.797: [GC
Desired survivor size 23330816 bytes, new threshold 1 (max 15)
 [PSYoungGen: 2758208K->11136K(2772160K)] 4446752K->1700268K(8364608K), 0.0280410 secs] [Times: user=0.17 sys=0.02, real=0.02 secs] 
2011-02-12T03:33:52.529+0000: 11721.848: [GC
Desired survivor size 22544384 bytes, new threshold 1 (max 15)
 [PSYoungGen: 2759744K->13488K(2774144K)] 4448876K->1703172K(8366592K), 0.0302150 secs] [Times: user=0.20 sys=0.02, real=0.03 secs] 
2011-02-12T03:33:57.715+0000: 11727.034: [GC
Desired survivor size 23396352 bytes, new threshold 1 (max 15)
 [PSYoungGen: 2764848K->17536K(2768896K)] 4454532K->1707812K(8361344K), 0.0330750 secs] [Times: user=0.21 sys=0.01, real=0.03 secs] 
2011-02-12T03:34:02.311+0000: 11731.631: [GC
Desired survivor size 23199744 bytes, new threshold 1 (max 15)
 [PSYoungGen: 2768896K->15226K(2773504K)] 4459172K->1706010K(8365952K), 0.0308560 secs] [Times: user=0.20 sys=0.02, real=0.03 secs] 
2011-02-12T03:34:06.712+0000: 11736.032: [GC
Desired survivor size 25165824 bytes, new threshold 1 (max 15)
 [PSYoungGen: 2765882K->21232K(2771904K)] 4456666K->1712742K(8364352K), 0.0390620 secs] [Times: user=0.25 sys=0.02, real=0.04 secs] 
2011-02-12T03:34:11.558+0000: 11740.878: [GC
Desired survivor size 25886720 bytes, new threshold 1 (max 15)
 [PSYoungGen: 2771888K->18896K(2769856K)] 4463398K->1711118K(8362304K), 0.0361200 secs] [Times: user=0.23 sys=0.02, real=0.04 secs] 
2011-02-12T03:34:16.311+0000: 11745.631: [GC
Desired survivor size 24838144 bytes, new threshold 1 (max 15)
 [PSYoungGen: 2764496K->14528K(2770880K)] 4456718K->1707422K(8363328K), 0.0326530 secs] [Times: user=0.19 sys=0.01, real=0.03 secs] 
2011-02-12T03:34:20.999+0000: 11750.319: [GC
Desired survivor size 24576000 bytes, new threshold 1 (max 15)
 [PSYoungGen: 2760128K->10782K(2772160K)] 4453022K->1704237K(8364608K), 0.0289100 secs] [Times: user=0.16 sys=0.02, real=0.03 secs] 
2011-02-12T03:34:25.782+0000: 11755.102: [GC
Desired survivor size 24772608 bytes, new threshold 1 (max 15)
 [PSYoungGen: 2758686K->7208K(2771904K)] 4452141K->1701106K(8364352K), 0.0227270 secs] [Times: user=0.13 sys=0.02, real=0.02 secs] 
2011-02-12T03:34:30.821+0000: 11760.141: [GC
Desired survivor size 24903680 bytes, new threshold 1 (max 15)
 [PSYoungGen: 2755112K->6784K(2771712K)] 4449010K->1701222K(8364160K), 0.0250430 secs] [Times: user=0.12 sys=0.02, real=0.03 secs] 
2011-02-12T03:34:35.796+0000: 11765.115: [GC
Desired survivor size 24576000 bytes, new threshold 1 (max 15)
 [PSYoungGen: 2754304K->8242K(2771840K)] 4448742K->1703116K(8364288K), 0.0243010 secs] [Times: user=0.14 sys=0.03, real=0.02 secs] 
2011-02-12T03:34:40.518+0000: 11769.837: [GC
Desired survivor size 23986176 bytes, new threshold 1 (max 15)
 [PSYoungGen: 2755762K->8864K(2772736K)] 4450636K->1704156K(8365184K), 0.0255280 secs] [Times: user=0.15 sys=0.01, real=0.02 secs] 
2011-02-12T03:34:45.506+0000: 11774.826: [GC
Desired survivor size 23330816 bytes, new threshold 1 (max 15)
 [PSYoungGen: 2757600K->9152K(2772160K)] 4452892K->1704956K(8364608K), 0.0260830 secs] [Times: user=0.15 sys=0.03, real=0.02 secs] 
2011-02-12T03:34:50.148+0000: 11779.468: [GC
Desired survivor size 23658496 bytes, new threshold 1 (max 15)
 [PSYoungGen: 2757888K->3552K(2772736K)] 4453692K->1699828K(8365184K), 0.0199980 secs] [Times: user=0.10 sys=0.01, real=0.02 secs] 
2011-02-12T03:34:55.206+0000: 11784.525: [GC
Desired survivor size 22740992 bytes, new threshold 1 (max 15)
 [PSYoungGen: 2753504K->9126K(2773056K)] 4449780K->1705922K(8365504K), 0.0261120 secs] [Times: user=0.14 sys=0.02, real=0.02 secs] 
2011-02-12T03:34:59.838+0000: 11789.157: [GC
Desired survivor size 24576000 bytes, new threshold 1 (max 15)
 [PSYoungGen: 2759078K->18752K(2770368K)] 4455874K->1716159K(8362816K), 0.0361490 secs] [Times: user=0.24 sys=0.03, real=0.03 secs] 
2011-02-12T03:35:04.182+0000: 11793.501: [GC
Desired survivor size 25755648 bytes, new threshold 1 (max 15)
 [PSYoungGen: 2766912K->17994K(2766208K)] 4464319K->1715897K(8358656K), 0.0350760 secs] [Times: user=0.22 sys=0.02, real=0.04 secs] 
2011-02-12T03:35:08.524+0000: 11797.844: [GC
Desired survivor size 28573696 bytes, new threshold 1 (max 15)
 [PSYoungGen: 2766154K->23138K(2765504K)] 4464057K->1721763K(8357952K), 0.0399030 secs] [Times: user=0.27 sys=0.01, real=0.04 secs] 
2011-02-12T03:35:12.474+0000: 11801.793: [GC
Desired survivor size 30277632 bytes, new threshold 1 (max 15)
 [PSYoungGen: 2763490K->21824K(2762176K)] 4462115K->1721129K(8354624K), 0.0399060 secs] [Times: user=0.25 sys=0.02, real=0.04 secs] 
2011-02-12T03:35:17.001+0000: 11806.321: [GC
Desired survivor size 28770304 bytes, new threshold 1 (max 15)
 [PSYoungGen: 2762176K->14080K(2768064K)] 4461481K->1713833K(8360512K), 0.0303970 secs] [Times: user=0.18 sys=0.03, real=0.03 secs] 
2011-02-12T03:35:21.646+0000: 11810.966: [GC
Desired survivor size 28573696 bytes, new threshold 1 (max 15)
 [PSYoungGen: 2752576K->7104K(2766592K)] 4452329K->1707301K(8359040K), 0.0239510 secs] [Times: user=0.14 sys=0.02, real=0.03 secs] 
2011-02-12T03:35:26.157+0000: 11815.477: [GC
Desired survivor size 29294592 bytes, new threshold 1 (max 15)
 [PSYoungGen: 2745600K->19328K(2766848K)] 4445797K->1720045K(8359296K), 0.0392180 secs] [Times: user=0.23 sys=0.03, real=0.04 secs] 
2011-02-12T03:35:30.344+0000: 11819.663: [GC
Desired survivor size 32047104 bytes, new threshold 1 (max 15)
 [PSYoungGen: 2758272K->25279K(2764224K)] 4458989K->1726452K(8356672K), 0.0445360 secs] [Times: user=0.29 sys=0.02, real=0.04 secs] 
2011-02-12T03:35:34.566+0000: 11823.886: [GC
Desired survivor size 31260672 bytes, new threshold 1 (max 15)
 [PSYoungGen: 2764223K->10208K(2765632K)] 4465396K->1711801K(8358080K), 0.0283890 secs] [Times: user=0.13 sys=0.01, real=0.03 secs] 
2011-02-12T03:35:39.197+0000: 11828.516: [GC
Desired survivor size 31326208 bytes, new threshold 1 (max 15)
 [PSYoungGen: 2744544K->5024K(2764864K)] 4446137K->1707089K(8357312K), 0.0220400 secs] [Times: user=0.12 sys=0.03, real=0.02 secs] 
2011-02-12T03:35:43.875+0000: 11833.194: [GC
Desired survivor size 31916032 bytes, new threshold 1 (max 15)
 [PSYoungGen: 2739360K->19866K(2764416K)] 4441425K->1722380K(8356864K), 0.0376580 secs] [Times: user=0.22 sys=0.01, real=0.04 secs] 
2011-02-12T03:35:47.989+0000: 11837.308: [GC
Desired survivor size 31457280 bytes, new threshold 1 (max 15)
 [PSYoungGen: 2753690K->7168K(2764992K)] 4456204K->1710101K(8357440K), 0.0247220 secs] [Times: user=0.12 sys=0.02, real=0.03 secs] 
2011-02-12T03:35:52.423+0000: 11841.743: [GC
Desired survivor size 31064064 bytes, new threshold 1 (max 15)
 [PSYoungGen: 2740992K->17216K(2765824K)] 4443925K->1720544K(8358272K), 0.0332090 secs] [Times: user=0.21 sys=0.03, real=0.03 secs] 
2011-02-12T03:35:56.960+0000: 11846.280: [GC
Desired survivor size 29687808 bytes, new threshold 1 (max 15)
 [PSYoungGen: 2752320K->12224K(2765440K)] 4455648K->1715936K(8357888K), 0.0287220 secs] [Times: user=0.17 sys=0.01, real=0.03 secs] 
2011-02-12T03:36:01.377+0000: 11850.697: [GC
Desired survivor size 30605312 bytes, new threshold 1 (max 15)
 [PSYoungGen: 2747328K->20242K(2765376K)] 4451040K->1724390K(8357824K), 0.0514980 secs] [Times: user=0.20 sys=0.01, real=0.05 secs] 
2011-02-12T03:36:05.751+0000: 11855.071: [GC
Desired survivor size 29949952 bytes, new threshold 1 (max 15)
 [PSYoungGen: 2756626K->9112K(2766272K)] 4460774K->1713998K(8358720K), 0.0257950 secs] [Times: user=0.15 sys=0.03, real=0.03 secs] 
2011-02-12T03:36:10.747+0000: 11860.067: [GC
Desired survivor size 28377088 bytes, new threshold 1 (max 15)
 [PSYoungGen: 2745496K->13777K(2768448K)] 4450382K->1719440K(8360896K), 0.0303140 secs] [Times: user=0.19 sys=0.03, real=0.03 secs] 
2011-02-12T03:36:15.533+0000: 11864.853: [GC
Desired survivor size 29753344 bytes, new threshold 1 (max 15)
 [PSYoungGen: 2752977K->21276K(2766912K)] 4458640K->1727475K(8359360K), 0.0372680 secs] [Times: user=0.23 sys=0.02, real=0.04 secs] 
2011-02-12T03:36:20.809+0000: 11870.129: [GC
Desired survivor size 29687808 bytes, new threshold 1 (max 15)
 [PSYoungGen: 2760476K->6816K(2767168K)] 4466675K->1713417K(8359616K), 0.0240930 secs] [Times: user=0.12 sys=0.01, real=0.02 secs] 
2011-02-12T03:36:25.777+0000: 11875.097: [GC
Desired survivor size 28311552 bytes, new threshold 1 (max 15)
 [PSYoungGen: 2744928K->14412K(2767104K)] 4451529K->1721433K(8359552K), 0.0313050 secs] [Times: user=0.20 sys=0.01, real=0.03 secs] 
2011-02-12T03:36:30.580+0000: 11879.900: [GC
Desired survivor size 27394048 bytes, new threshold 1 (max 15)
 [PSYoungGen: 2752524K->11152K(2769408K)] 4459545K->1718765K(8361856K), 0.0292280 secs] [Times: user=0.16 sys=0.02, real=0.03 secs] 
2011-02-12T03:36:35.311+0000: 11884.631: [GC
Desired survivor size 26673152 bytes, new threshold 1 (max 15)
 [PSYoungGen: 2752912K->9984K(2768512K)] 4460525K->1718057K(8360960K), 0.0284560 secs] [Times: user=0.14 sys=0.02, real=0.03 secs] 
2011-02-12T03:36:39.520+0000: 11888.840: [GC
Desired survivor size 26738688 bytes, new threshold 1 (max 15)
 [PSYoungGen: 2751744K->16872K(2769984K)] 4459817K->1725390K(8362432K), 0.0333600 secs] [Times: user=0.21 sys=0.02, real=0.03 secs] 
2011-02-12T03:36:44.465+0000: 11893.784: [GC
Desired survivor size 25624576 bytes, new threshold 1 (max 15)
 [PSYoungGen: 2760808K->12896K(2770048K)] 4469326K->1721849K(8362496K), 0.0298970 secs] [Times: user=0.18 sys=0.02, real=0.03 secs] 
2011-02-12T03:36:49.501+0000: 11898.821: [GC
Desired survivor size 24969216 bytes, new threshold 1 (max 15)
 [PSYoungGen: 2756832K->14912K(2771776K)] 4465785K->1724477K(8364224K), 0.0322890 secs] [Times: user=0.20 sys=0.02, real=0.03 secs] 
2011-02-12T03:36:54.581+0000: 11903.900: [GC
Desired survivor size 26673152 bytes, new threshold 1 (max 15)
 [PSYoungGen: 2761664K->21024K(2767808K)] 4471229K->1731085K(8360256K), 0.0405570 secs] [Times: user=0.24 sys=0.03, real=0.04 secs] 
2011-02-12T03:36:59.629+0000: 11908.949: [GC
Desired survivor size 27328512 bytes, new threshold 1 (max 15)
 [PSYoungGen: 2767776K->19296K(2768832K)] 4477837K->1729865K(8361280K), 0.0363030 secs] [Times: user=0.23 sys=0.01, real=0.04 secs] 
2011-02-12T03:37:04.340+0000: 11913.660: [GC
Desired survivor size 27590656 bytes, new threshold 1 (max 15)
 [PSYoungGen: 2762080K->18794K(2761600K)] 4472649K->1729744K(8354048K), 0.0359620 secs] [Times: user=0.23 sys=0.02, real=0.04 secs] 
2011-02-12T03:37:09.137+0000: 11918.457: [GC
Desired survivor size 26673152 bytes, new threshold 1 (max 15)
 [PSYoungGen: 2761578K->15984K(2770112K)] 4472528K->1727696K(8362560K), 0.0335890 secs] [Times: user=0.21 sys=0.02, real=0.03 secs] 
2011-02-12T03:37:14.100+0000: 11923.420: [GC
Desired survivor size 27328512 bytes, new threshold 1 (max 15)
 [PSYoungGen: 2759152K->19984K(2769216K)] 4470864K->1732460K(8361664K), 0.0388620 secs] [Times: user=0.23 sys=0.03, real=0.04 secs] 
2011-02-12T03:37:18.404+0000: 11927.724: [GC
Desired survivor size 26542080 bytes, new threshold 1 (max 15)
 [PSYoungGen: 2763152K->13808K(2770240K)] 4475628K->1726828K(8362688K), 0.0296990 secs] [Times: user=0.18 sys=0.02, real=0.03 secs] 
2011-02-12T03:37:22.795+0000: 11932.114: [GC
Desired survivor size 28311552 bytes, new threshold 1 (max 15)
 [PSYoungGen: 2757360K->23093K(2766656K)] 4470380K->1736674K(8359104K), 0.0433490 secs] [Times: user=0.26 sys=0.01, real=0.04 secs] 
2011-02-12T03:37:27.634+0000: 11936.954: [GC
Desired survivor size 28442624 bytes, new threshold 1 (max 15)
 [PSYoungGen: 2766645K->9248K(2768256K)] 4480226K->1723208K(8360704K), 0.0256710 secs] [Times: user=0.15 sys=0.02, real=0.03 secs] 
2011-02-12T03:37:32.691+0000: 11942.011: [GC
Desired survivor size 27852800 bytes, new threshold 1 (max 15)
 [PSYoungGen: 2749856K->11872K(2768384K)] 4463816K->1726312K(8360832K), 0.0279320 secs] [Times: user=0.16 sys=0.01, real=0.03 secs] 
2011-02-12T03:37:37.661+0000: 11946.980: [GC
Desired survivor size 26738688 bytes, new threshold 1 (max 15)
 [PSYoungGen: 2752480K->14482K(2770048K)] 4466920K->1729370K(8362496K), 0.0334760 secs] [Times: user=0.18 sys=0.02, real=0.03 secs] 
2011-02-12T03:37:42.444+0000: 11951.764: [GC
Desired survivor size 25952256 bytes, new threshold 1 (max 15)
 [PSYoungGen: 2757330K->13653K(2768960K)] 4472218K->1729022K(8361408K), 0.0305490 secs] [Times: user=0.18 sys=0.01, real=0.03 secs] 
2011-02-12T03:37:47.388+0000: 11956.708: [GC
Desired survivor size 24903680 bytes, new threshold 1 (max 15)
 [PSYoungGen: 2756501K->14784K(2771840K)] 4471870K->1730667K(8364288K), 0.0325420 secs] [Times: user=0.19 sys=0.01, real=0.03 secs] 
2011-02-12T03:37:52.457+0000: 11961.777: [GC
Desired survivor size 23986176 bytes, new threshold 1 (max 15)
 [PSYoungGen: 2761280K->15072K(2770816K)] 4477163K->1731527K(8363264K), 0.0301120 secs] [Times: user=0.19 sys=0.02, real=0.03 secs] 
2011-02-12T03:37:57.588+0000: 11966.908: [GC
Desired survivor size 24641536 bytes, new threshold 1 (max 15)
 [PSYoungGen: 2761568K->18988K(2771456K)] 4478023K->1736011K(8363904K), 0.0364390 secs] [Times: user=0.22 sys=0.02, real=0.03 secs] 
2011-02-12T03:38:02.218+0000: 11971.538: [GC
Desired survivor size 24707072 bytes, new threshold 1 (max 15)
 [PSYoungGen: 2767020K->18008K(2766080K)] 4484043K->1735588K(8358528K), 0.0349930 secs] [Times: user=0.22 sys=0.02, real=0.04 secs] 
2011-02-12T03:38:06.695+0000: 11976.015: [GC
Desired survivor size 25493504 bytes, new threshold 1 (max 15)
 [PSYoungGen: 2766040K->6160K(2770496K)] 4483620K->1724772K(8362944K), 0.0232920 secs] [Times: user=0.13 sys=0.02, real=0.03 secs] 
2011-02-12T03:38:11.572+0000: 11980.891: [GC
Desired survivor size 25886720 bytes, new threshold 1 (max 15)
 [PSYoungGen: 2752528K->6687K(2753088K)] 4471140K->1725971K(8345536K), 0.0230960 secs] [Times: user=0.12 sys=0.01, real=0.02 secs] 
2011-02-12T03:38:16.396+0000: 11985.715: [GC
Desired survivor size 26542080 bytes, new threshold 1 (max 15)
 [PSYoungGen: 2753055K->3552K(2769600K)] 4472339K->1723368K(8362048K), 0.0202470 secs] [Times: user=0.11 sys=0.02, real=0.02 secs] 
2011-02-12T03:38:21.289+0000: 11990.609: [GC
Desired survivor size 28770304 bytes, new threshold 1 (max 15)
 [PSYoungGen: 2747872K->22304K(2766656K)] 4467688K->1742496K(8359104K), 0.0386720 secs] [Times: user=0.25 sys=0.02, real=0.04 secs] 
2011-02-12T03:38:26.325+0000: 11995.645: [GC
Desired survivor size 28639232 bytes, new threshold 1 (max 15)
 [PSYoungGen: 2766624K->6080K(2768192K)] 4486816K->1726900K(8360640K), 0.0243020 secs] [Times: user=0.12 sys=0.02, real=0.02 secs] 
2011-02-12T03:38:31.616+0000: 12000.936: [GC
Desired survivor size 27262976 bytes, new threshold 1 (max 15)
 [PSYoungGen: 2746176K->12448K(2768064K)] 4466996K->1733888K(8360512K), 0.0305490 secs] [Times: user=0.17 sys=0.01, real=0.03 secs] 
2011-02-12T03:38:36.932+0000: 12006.251: [GC
Desired survivor size 27262976 bytes, new threshold 1 (max 15)
 [PSYoungGen: 2752544K->4704K(2769536K)] 4473984K->1726580K(8361984K), 0.0214760 secs] [Times: user=0.11 sys=0.02, real=0.03 secs] 
2011-02-12T03:38:42.072+0000: 12011.392: [GC
Desired survivor size 26607616 bytes, new threshold 1 (max 15)
 [PSYoungGen: 2747616K->7744K(2769536K)] 4469492K->1730020K(8361984K), 0.0258350 secs] [Times: user=0.12 sys=0.01, real=0.03 secs] 
2011-02-12T03:38:47.201+0000: 12016.520: [GC
Desired survivor size 25231360 bytes, new threshold 1 (max 15)
 [PSYoungGen: 2750656K->11168K(2771520K)] 4472932K->1733856K(8363968K), 0.0284900 secs] [Times: user=0.16 sys=0.02, real=0.03 secs] 
2011-02-12T03:38:52.429+0000: 12021.749: [GC
Desired survivor size 25296896 bytes, new threshold 1 (max 15)
 [PSYoungGen: 2756704K->15296K(2770176K)] 4479392K->1738416K(8362624K), 0.0345060 secs] [Times: user=0.19 sys=0.01, real=0.04 secs] 
2011-02-12T03:38:57.466+0000: 12026.786: [GC
Desired survivor size 26673152 bytes, new threshold 1 (max 15)
 [PSYoungGen: 2760832K->19136K(2768768K)] 4483952K->1742780K(8361216K), 0.0373960 secs] [Times: user=0.22 sys=0.02, real=0.03 secs] 
2011-02-12T03:39:02.350+0000: 12031.670: [GC
Desired survivor size 26345472 bytes, new threshold 1 (max 15)
 [PSYoungGen: 2763200K->15514K(2770112K)] 4486844K->1739642K(8362560K), 0.0313960 secs] [Times: user=0.20 sys=0.01, real=0.03 secs] 
2011-02-12T03:39:06.905+0000: 12036.225: [GC
Desired survivor size 25231360 bytes, new threshold 1 (max 15)
 [PSYoungGen: 2759578K->11888K(2771520K)] 4483706K->1736874K(8363968K), 0.0292930 secs] [Times: user=0.17 sys=0.01, real=0.03 secs] 
2011-02-12T03:39:12.016+0000: 12041.335: [GC
Desired survivor size 24117248 bytes, new threshold 1 (max 15)
 [PSYoungGen: 2757680K->12416K(2770432K)] 4482666K->1738110K(8362880K), 0.0305620 secs] [Times: user=0.17 sys=0.01, real=0.04 secs] 
2011-02-12T03:39:17.197+0000: 12046.517: [GC
Desired survivor size 24903680 bytes, new threshold 1 (max 15)
 [PSYoungGen: 2758208K->17758K(2771072K)] 4483902K->1744045K(8363520K), 0.0348240 secs] [Times: user=0.22 sys=0.02, real=0.03 secs] 
2011-02-12T03:39:22.067+0000: 12051.387: [GC
Desired survivor size 26148864 bytes, new threshold 1 (max 15)
 [PSYoungGen: 2765278K->19648K(2767168K)] 4491565K->1746430K(8359616K), 0.0362990 secs] [Times: user=0.23 sys=0.01, real=0.04 secs] 
2011-02-12T03:39:27.347+0000: 12056.667: [GC
Desired survivor size 26673152 bytes, new threshold 1 (max 15)
 [PSYoungGen: 2767168K->4480K(2769600K)] 4493950K->1731710K(8362048K), 0.0216990 secs] [Times: user=0.11 sys=0.01, real=0.03 secs] 
2011-02-12T03:39:32.514+0000: 12061.834: [GC
Desired survivor size 25427968 bytes, new threshold 1 (max 15)
 [PSYoungGen: 2748544K->12320K(2770112K)] 4475774K->1740006K(8362560K), 0.0307190 secs] [Times: user=0.17 sys=0.02, real=0.03 secs] 
2011-02-12T03:39:37.641+0000: 12066.961: [GC
Desired survivor size 24510464 bytes, new threshold 1 (max 15)
 [PSYoungGen: 2756384K->13792K(2772224K)] 4484070K->1742058K(8364672K), 0.0304760 secs] [Times: user=0.19 sys=0.02, real=0.03 secs] 
2011-02-12T03:39:42.656+0000: 12071.976: [GC
Desired survivor size 24248320 bytes, new threshold 1 (max 15)
 [PSYoungGen: 2761184K->15200K(2771328K)] 4489450K->1744090K(8363776K), 0.0316040 secs] [Times: user=0.21 sys=0.02, real=0.03 secs] 
2011-02-12T03:39:47.381+0000: 12076.701: [GC
Desired survivor size 24379392 bytes, new threshold 1 (max 15)
 [PSYoungGen: 2762592K->6396K(2772224K)] 4491482K->1735715K(8364672K), 0.0238830 secs] [Times: user=0.12 sys=0.01, real=0.02 secs] 
2011-02-12T03:39:51.937+0000: 12081.257: [GC
Desired survivor size 24903680 bytes, new threshold 1 (max 15)
 [PSYoungGen: 2754940K->17024K(2765568K)] 4484259K->1746859K(8358016K), 0.0330890 secs] [Times: user=0.22 sys=0.02, real=0.03 secs] 
2011-02-12T03:39:56.796+0000: 12086.115: [GC
Desired survivor size 23855104 bytes, new threshold 1 (max 15)
 [PSYoungGen: 2765568K->13280K(2772864K)] 4495403K->1743587K(8365312K), 0.0311990 secs] [Times: user=0.19 sys=0.02, real=0.03 secs] 
2011-02-12T03:40:01.793+0000: 12091.113: [GC
Desired survivor size 22806528 bytes, new threshold 1 (max 15)
 [PSYoungGen: 2761824K->12974K(2771840K)] 4492131K->1743689K(8364288K), 0.0300460 secs] [Times: user=0.17 sys=0.02, real=0.03 secs] 
2011-02-12T03:40:06.188+0000: 12095.508: [GC
Desired survivor size 26935296 bytes, new threshold 1 (max 15)
 [PSYoungGen: 2761518K->22248K(2765824K)] 4492233K->1757074K(8358272K), 0.0442100 secs] [Times: user=0.29 sys=0.02, real=0.04 secs] 
2011-02-12T03:40:10.920+0000: 12100.239: [GC
Desired survivor size 27459584 bytes, new threshold 1 (max 15)
 [PSYoungGen: 2765800K->18992K(2762560K)] 4500626K->1754610K(8355008K), 0.0377300 secs] [Times: user=0.23 sys=0.01, real=0.04 secs] 
2011-02-12T03:40:16.031+0000: 12105.351: [GC
Desired survivor size 26279936 bytes, new threshold 1 (max 15)
 [PSYoungGen: 2762544K->14656K(2770496K)] 4498162K->1751010K(8362944K), 0.0323580 secs] [Times: user=0.20 sys=0.01, real=0.03 secs] 
2011-02-12T03:40:21.392+0000: 12110.712: [GC
Desired survivor size 26804224 bytes, new threshold 1 (max 15)
 [PSYoungGen: 2758336K->5296K(2769344K)] 4494690K->1742350K(8361792K), 0.0215660 secs] [Times: user=0.11 sys=0.02, real=0.02 secs] 
2011-02-12T03:40:26.152+0000: 12115.471: [GC
Desired survivor size 27721728 bytes, new threshold 1 (max 15)
 [PSYoungGen: 2748976K->19518K(2768192K)] 4486030K->1756976K(8360640K), 0.0392780 secs] [Times: user=0.21 sys=0.01, real=0.04 secs] 
2011-02-12T03:40:31.530+0000: 12120.850: [GC
Desired survivor size 27394048 bytes, new threshold 1 (max 15)
 [PSYoungGen: 2761534K->8912K(2769088K)] 4498992K->1746810K(8361536K), 0.0252100 secs] [Times: user=0.16 sys=0.02, real=0.02 secs] 
2011-02-12T03:40:37.201+0000: 12126.521: [GC
Desired survivor size 27721728 bytes, new threshold 1 (max 15)
 [PSYoungGen: 2750928K->4160K(2768768K)] 4488826K->1742489K(8361216K), 0.0218190 secs] [Times: user=0.11 sys=0.01, real=0.02 secs] 
2011-02-12T03:40:42.540+0000: 12131.860: [GC
Desired survivor size 26476544 bytes, new threshold 1 (max 15)
 [PSYoungGen: 2746176K->11712K(2769088K)] 4484505K->1750561K(8361536K), 0.0280560 secs] [Times: user=0.17 sys=0.02, real=0.03 secs] 
2011-02-12T03:40:47.620+0000: 12136.940: [GC
Desired survivor size 27721728 bytes, new threshold 1 (max 15)
 [PSYoungGen: 2753728K->19472K(2767872K)] 4492577K->1758975K(8360320K), 0.0381950 secs] [Times: user=0.22 sys=0.01, real=0.04 secs] 
2011-02-12T03:40:52.855+0000: 12142.174: [GC
Desired survivor size 27918336 bytes, new threshold 1 (max 15)
 [PSYoungGen: 2761488K->4224K(2746240K)] 4500991K->1744219K(8338688K), 0.0210020 secs] [Times: user=0.11 sys=0.02, real=0.02 secs] 
2011-02-12T03:40:57.950+0000: 12147.270: [GC
Desired survivor size 27131904 bytes, new threshold 1 (max 15)
 [PSYoungGen: 2746240K->8416K(2769664K)] 4486235K->1748943K(8362112K), 0.0248480 secs] [Times: user=0.14 sys=0.02, real=0.02 secs] 
2011-02-12T03:41:02.895+0000: 12152.214: [GC
Desired survivor size 26214400 bytes, new threshold 1 (max 15)
 [PSYoungGen: 2750816K->8906K(2768896K)] 4491343K->1749857K(8361344K), 0.0261560 secs] [Times: user=0.14 sys=0.01, real=0.03 secs] 
2011-02-12T03:41:07.884+0000: 12157.203: [GC
Desired survivor size 25231360 bytes, new threshold 1 (max 15)
 [PSYoungGen: 2751306K->9408K(2771520K)] 4492257K->1751073K(8363968K), 0.0280800 secs] [Times: user=0.14 sys=0.02, real=0.03 secs] 
2011-02-12T03:41:13.254+0000: 12162.573: [GC
Desired survivor size 25755648 bytes, new threshold 1 (max 15)
 [PSYoungGen: 2755328K->16560K(2770560K)] 4496993K->1758829K(8363008K), 0.0348320 secs] [Times: user=0.21 sys=0.02, real=0.03 secs] 
2011-02-12T03:41:18.843+0000: 12168.163: [GC
Desired survivor size 25755648 bytes, new threshold 1 (max 15)
 [PSYoungGen: 2762480K->15520K(2771008K)] 4504749K->1758420K(8363456K), 0.0341610 secs] [Times: user=0.21 sys=0.02, real=0.03 secs] 
2011-02-12T03:41:24.230+0000: 12173.550: [GC
Desired survivor size 25559040 bytes, new threshold 1 (max 15)
 [PSYoungGen: 2761376K->6176K(2771008K)] 4504276K->1749612K(8363456K), 0.0230020 secs] [Times: user=0.12 sys=0.02, real=0.03 secs] 
2011-02-12T03:41:29.754+0000: 12179.074: [GC
Desired survivor size 26673152 bytes, new threshold 1 (max 15)
 [PSYoungGen: 2752032K->18272K(2769024K)] 4495468K->1762268K(8361472K), 0.0366820 secs] [Times: user=0.20 sys=0.01, real=0.03 secs] 
2011-02-12T03:41:34.850+0000: 12184.169: [GC
Desired survivor size 25362432 bytes, new threshold 1 (max 15)
 [PSYoungGen: 2762336K->11776K(2770112K)] 4506332K->1756279K(8362560K), 0.0292400 secs] [Times: user=0.18 sys=0.02, real=0.03 secs] 
2011-02-12T03:41:39.760+0000: 12189.080: [GC
Desired survivor size 24313856 bytes, new threshold 1 (max 15)
 [PSYoungGen: 2755840K->11064K(2772416K)] 4500343K->1756003K(8364864K), 0.0270620 secs] [Times: user=0.16 sys=0.02, real=0.03 secs] 
2011-02-12T03:41:44.712+0000: 12194.031: [GC
Desired survivor size 23330816 bytes, new threshold 1 (max 15)
 [PSYoungGen: 2758712K->11136K(2771392K)] 4503651K->1756551K(8363840K), 0.0281120 secs] [Times: user=0.16 sys=0.02, real=0.03 secs] 
2011-02-12T03:41:49.958+0000: 12199.278: [GC
Desired survivor size 22740992 bytes, new threshold 1 (max 15)
 [PSYoungGen: 2758784K->13376K(2773952K)] 4504199K->1759407K(8366400K), 0.0323890 secs] [Times: user=0.18 sys=0.02, real=0.03 secs] 
2011-02-12T03:41:55.236+0000: 12204.556: [GC
Desired survivor size 22937600 bytes, new threshold 1 (max 15)
 [PSYoungGen: 2764544K->5408K(2773376K)] 4510575K->1751967K(8365824K), 0.0233310 secs] [Times: user=0.12 sys=0.01, real=0.02 secs] 
2011-02-12T03:42:00.548+0000: 12209.868: [GC
Desired survivor size 22347776 bytes, new threshold 1 (max 15)
 [PSYoungGen: 2756576K->12936K(2774336K)] 4503135K->1760178K(8366784K), 0.0285420 secs] [Times: user=0.17 sys=0.02, real=0.02 secs] 
2011-02-12T03:42:04.944+0000: 12214.264: [GC
Desired survivor size 26017792 bytes, new threshold 1 (max 15)
 [PSYoungGen: 2764872K->21800K(2773760K)] 4512114K->1771481K(8366208K), 0.0411700 secs] [Times: user=0.27 sys=0.03, real=0.04 secs] 
2011-02-12T03:42:09.515+0000: 12218.834: [GC
Desired survivor size 26148864 bytes, new threshold 1 (max 15)
 [PSYoungGen: 2773736K->16512K(2767488K)] 4523417K->1766953K(8359936K), 0.0347650 secs] [Times: user=0.20 sys=0.02, real=0.04 secs] 
2011-02-12T03:42:14.588+0000: 12223.908: [GC
Desired survivor size 26345472 bytes, new threshold 1 (max 15)
 [PSYoungGen: 2761600K->17152K(2762240K)] 4512041K->1768281K(8354688K), 0.0341940 secs] [Times: user=0.22 sys=0.02, real=0.04 secs] 
2011-02-12T03:42:19.259+0000: 12228.578: [GC
Desired survivor size 25559040 bytes, new threshold 1 (max 15)
 [PSYoungGen: 2762240K->10912K(2771200K)] 4513369K->1762441K(8363648K), 0.0288540 secs] [Times: user=0.16 sys=0.03, real=0.03 secs] 
2011-02-12T03:42:23.916+0000: 12233.235: [GC
Desired survivor size 25165824 bytes, new threshold 1 (max 15)
 [PSYoungGen: 2756384K->8984K(2770432K)] 4507913K->1760962K(8362880K), 0.0255240 secs] [Times: user=0.14 sys=0.02, real=0.03 secs] 
2011-02-12T03:42:28.794+0000: 12238.113: [GC
Desired survivor size 24969216 bytes, new threshold 1 (max 15)
 [PSYoungGen: 2754456K->7212K(2771776K)] 4506434K->1759782K(8364224K), 0.0254130 secs] [Times: user=0.14 sys=0.01, real=0.02 secs] 
2011-02-12T03:42:33.713+0000: 12243.034: [GC
Desired survivor size 24838144 bytes, new threshold 1 (max 15)
 [PSYoungGen: 2754412K->6240K(2771584K)] 4506982K->1759346K(8364032K), 0.0231230 secs] [Times: user=0.12 sys=0.02, real=0.02 secs] 
2011-02-12T03:42:38.549+0000: 12247.868: [GC
Desired survivor size 27918336 bytes, new threshold 1 (max 15)
 [PSYoungGen: 2753440K->23232K(2765888K)] 4506546K->1776782K(8358336K), 0.0408390 secs] [Times: user=0.26 sys=0.03, real=0.04 secs] 
2011-02-12T03:42:43.734+0000: 12253.053: [GC
Desired survivor size 27328512 bytes, new threshold 1 (max 15)
 [PSYoungGen: 2764864K->7980K(2768896K)] 4518414K->1762002K(8361344K), 0.0262120 secs] [Times: user=0.14 sys=0.02, real=0.02 secs] 
2011-02-12T03:42:48.829+0000: 12258.149: [GC
Desired survivor size 26214400 bytes, new threshold 1 (max 15)
 [PSYoungGen: 2749612K->10208K(2770560K)] 4503634K->1764670K(8363008K), 0.0275750 secs] [Times: user=0.17 sys=0.02, real=0.03 secs] 
2011-02-12T03:42:53.764+0000: 12263.084: [GC
Desired survivor size 25362432 bytes, new threshold 1 (max 15)
 [PSYoungGen: 2754080K->9328K(2769472K)] 4508542K->1764179K(8361920K), 0.0257860 secs] [Times: user=0.15 sys=0.02, real=0.02 secs] 
2011-02-12T03:42:58.388+0000: 12267.707: [GC
Desired survivor size 27983872 bytes, new threshold 1 (max 15)
 [PSYoungGen: 2753200K->22304K(2766272K)] 4508051K->1777650K(8358720K), 0.0396930 secs] [Times: user=0.26 sys=0.01, real=0.04 secs] 
2011-02-12T03:43:03.472+0000: 12272.792: [GC
Desired survivor size 27852800 bytes, new threshold 1 (max 15)
 [PSYoungGen: 2763808K->5450K(2768832K)] 4519154K->1761285K(8361280K), 0.0232240 secs] [Times: user=0.11 sys=0.02, real=0.03 secs] 
2011-02-12T03:43:08.763+0000: 12278.083: [GC
Desired survivor size 26738688 bytes, new threshold 1 (max 15)
 [PSYoungGen: 2746954K->9744K(2770048K)] 4502789K->1766417K(8362496K), 0.0270400 secs] [Times: user=0.14 sys=0.02, real=0.03 secs] 
2011-02-12T03:43:13.988+0000: 12283.308: [GC
Desired survivor size 26017792 bytes, new threshold 1 (max 15)
 [PSYoungGen: 2752592K->13930K(2768960K)] 4509265K->1771343K(8361408K), 0.0316010 secs] [Times: user=0.19 sys=0.02, real=0.03 secs] 
2011-02-12T03:43:19.455+0000: 12288.774: [GC
Desired survivor size 25755648 bytes, new threshold 1 (max 15)
 [PSYoungGen: 2756778K->5824K(2771008K)] 4514191K->1764011K(8363456K), 0.0238150 secs] [Times: user=0.12 sys=0.02, real=0.03 secs] 
2011-02-12T03:43:24.324+0000: 12293.644: [GC
Desired survivor size 25690112 bytes, new threshold 1 (max 15)
 [PSYoungGen: 2751424K->15063K(2770752K)] 4509611K->1773679K(8363200K), 0.0321890 secs] [Times: user=0.19 sys=0.01, real=0.03 secs] 
2011-02-12T03:43:28.572+0000: 12297.891: [GC
Desired survivor size 28377088 bytes, new threshold 1 (max 15)
 [PSYoungGen: 2760663K->22528K(2765824K)] 4519279K->1783078K(8358272K), 0.0408670 secs] [Times: user=0.27 sys=0.02, real=0.04 secs] 
2011-02-12T03:43:33.050+0000: 12302.370: [GC
Desired survivor size 26935296 bytes, new threshold 1 (max 15)
 [PSYoungGen: 2763264K->12675K(2768448K)] 4523814K->1773673K(8360896K), 0.0303970 secs] [Times: user=0.18 sys=0.01, real=0.03 secs] 
2011-02-12T03:43:37.334+0000: 12306.653: [GC
Desired survivor size 28835840 bytes, new threshold 1 (max 15)
 [PSYoungGen: 2753411K->21520K(2766144K)] 4514409K->1782953K(8358592K), 0.0385400 secs] [Times: user=0.26 sys=0.02, real=0.04 secs] 
2011-02-12T03:43:41.722+0000: 12311.041: [GC
Desired survivor size 27656192 bytes, new threshold 1 (max 15)
 [PSYoungGen: 2761360K->12014K(2768000K)] 4522793K->1773888K(8360448K), 0.0279160 secs] [Times: user=0.18 sys=0.02, real=0.03 secs] 
2011-02-12T03:43:46.097+0000: 12315.417: [GC
Desired survivor size 27656192 bytes, new threshold 1 (max 15)
 [PSYoungGen: 2751854K->17174K(2769152K)] 4513728K->1779677K(8361600K), 0.0348540 secs] [Times: user=0.20 sys=0.02, real=0.04 secs] 
2011-02-12T03:43:51.277+0000: 12320.597: [GC
Desired survivor size 28901376 bytes, new threshold 1 (max 15)
 [PSYoungGen: 2759318K->20800K(2762944K)] 4521821K->1783909K(8355392K), 0.0386270 secs] [Times: user=0.24 sys=0.02, real=0.04 secs] 
2011-02-12T03:43:56.308+0000: 12325.628: [GC
Desired survivor size 30670848 bytes, new threshold 1 (max 15)
 [PSYoungGen: 2762944K->22912K(2764480K)] 4526053K->1786489K(8356928K), 0.0406440 secs] [Times: user=0.27 sys=0.02, real=0.04 secs] 
2011-02-12T03:44:01.154+0000: 12330.473: [GC
Desired survivor size 30998528 bytes, new threshold 1 (max 15)
 [PSYoungGen: 2759168K->20258K(2756544K)] 4522745K->1784283K(8348992K), 0.0372140 secs] [Times: user=0.25 sys=0.03, real=0.03 secs] 
2011-02-12T03:44:05.811+0000: 12335.131: [GC
Desired survivor size 29753344 bytes, new threshold 1 (max 15)
 [PSYoungGen: 2756514K->16488K(2767104K)] 4520539K->1781127K(8359552K), 0.0343490 secs] [Times: user=0.20 sys=0.02, real=0.04 secs] 
2011-02-12T03:44:11.010+0000: 12340.330: [GC
Desired survivor size 29491200 bytes, new threshold 1 (max 15)
 [PSYoungGen: 2753320K->18912K(2765888K)] 4517959K->1784292K(8358336K), 0.0362550 secs] [Times: user=0.21 sys=0.02, real=0.04 secs] 
2011-02-12T03:44:16.357+0000: 12345.677: [GC
Desired survivor size 29884416 bytes, new threshold 1 (max 15)
 [PSYoungGen: 2755744K->6912K(2766592K)] 4521124K->1773140K(8359040K), 0.0241540 secs] [Times: user=0.14 sys=0.03, real=0.02 secs] 
2011-02-12T03:44:21.719+0000: 12351.039: [GC
Desired survivor size 29032448 bytes, new threshold 1 (max 15)
 [PSYoungGen: 2744704K->11904K(2766976K)] 4510932K->1778752K(8359424K), 0.0307640 secs] [Times: user=0.17 sys=0.01, real=0.03 secs] 
2011-02-12T03:44:26.877+0000: 12356.197: [GC
Desired survivor size 28704768 bytes, new threshold 1 (max 15)
 [PSYoungGen: 2749696K->17754K(2768128K)] 4516544K->1785127K(8360576K), 0.0357880 secs] [Times: user=0.22 sys=0.02, real=0.03 secs] 
2011-02-12T03:44:31.693+0000: 12361.012: [GC
Desired survivor size 27787264 bytes, new threshold 1 (max 15)
 [PSYoungGen: 2757530K->13301K(2767808K)] 4524903K->1781186K(8360256K), 0.0339970 secs] [Times: user=0.18 sys=0.01, real=0.04 secs] 
2011-02-12T03:44:36.386+0000: 12365.706: [GC
Desired survivor size 26935296 bytes, new threshold 1 (max 15)
 [PSYoungGen: 2753077K->12960K(2769856K)] 4520962K->1781188K(8362304K), 0.0304650 secs] [Times: user=0.19 sys=0.02, real=0.04 secs] 
2011-02-12T03:44:41.539+0000: 12370.859: [GC
Desired survivor size 25886720 bytes, new threshold 1 (max 15)
 [PSYoungGen: 2755680K->15168K(2769024K)] 4523908K->1783880K(8361472K), 0.0347200 secs] [Times: user=0.17 sys=0.02, real=0.03 secs] 
2011-02-12T03:44:46.874+0000: 12376.194: [GC
Desired survivor size 26607616 bytes, new threshold 1 (max 15)
 [PSYoungGen: 2757888K->19761K(2769472K)] 4526600K->1788949K(8361920K), 0.0420650 secs] [Times: user=0.22 sys=0.01, real=0.04 secs] 
2011-02-12T03:44:52.530+0000: 12381.850: [GC
Desired survivor size 25755648 bytes, new threshold 1 (max 15)
 [PSYoungGen: 2763953K->14176K(2770176K)] 4533141K->1783888K(8362624K), 0.0339300 secs] [Times: user=0.18 sys=0.02, real=0.03 secs] 
2011-02-12T03:44:57.715+0000: 12387.035: [GC
Desired survivor size 26476544 bytes, new threshold 1 (max 15)
 [PSYoungGen: 2758368K->5440K(2769600K)] 4528080K->1775680K(8362048K), 0.0213350 secs] [Times: user=0.12 sys=0.02, real=0.02 secs] 
2011-02-12T03:45:02.976+0000: 12392.296: [GC
Desired survivor size 25690112 bytes, new threshold 1 (max 15)
 [PSYoungGen: 2749888K->11818K(2770304K)] 4520128K->1782554K(8362752K), 0.0293030 secs] [Times: user=0.16 sys=0.02, real=0.03 secs] 
2011-02-12T03:45:07.264+0000: 12396.584: [GC
Desired survivor size 26673152 bytes, new threshold 1 (max 15)
 [PSYoungGen: 2756266K->19568K(2769152K)] 4527002K->1791066K(8361600K), 0.0382380 secs] [Times: user=0.24 sys=0.02, real=0.04 secs] 
2011-02-12T03:45:11.881+0000: 12401.201: [GC
Desired survivor size 25755648 bytes, new threshold 1 (max 15)
 [PSYoungGen: 2763632K->15272K(2770112K)] 4535130K->1787415K(8362560K), 0.0333040 secs] [Times: user=0.21 sys=0.01, real=0.03 secs] 
2011-02-12T03:45:16.725+0000: 12406.045: [GC
Desired survivor size 24772608 bytes, new threshold 1 (max 15)
 [PSYoungGen: 2759336K->14112K(2771968K)] 4531479K->1786875K(8364416K), 0.0323290 secs] [Times: user=0.19 sys=0.01, real=0.03 secs] 
2011-02-12T03:45:21.624+0000: 12410.944: [GC
Desired survivor size 24248320 bytes, new threshold 1 (max 15)
 [PSYoungGen: 2760928K->11936K(2771008K)] 4533691K->1785279K(8363456K), 0.0301070 secs] [Times: user=0.17 sys=0.03, real=0.03 secs] 
2011-02-12T03:45:26.852+0000: 12416.171: [GC
Desired survivor size 23592960 bytes, new threshold 1 (max 15)
 [PSYoungGen: 2758752K->15104K(2773120K)] 4532095K->1788947K(8365568K), 0.0342340 secs] [Times: user=0.20 sys=0.02, real=0.04 secs] 
2011-02-12T03:45:32.019+0000: 12421.338: [GC
Desired survivor size 23789568 bytes, new threshold 1 (max 15)
 [PSYoungGen: 2764544K->17184K(2772480K)] 4538387K->1791543K(8364928K), 0.0341890 secs] [Times: user=0.22 sys=0.01, real=0.04 secs] 
2011-02-12T03:45:37.222+0000: 12426.541: [GC
Desired survivor size 24248320 bytes, new threshold 1 (max 15)
 [PSYoungGen: 2766624K->6848K(2772032K)] 4540983K->1781679K(8364480K), 0.0240640 secs] [Times: user=0.13 sys=0.01, real=0.03 secs] 
2011-02-12T03:45:42.431+0000: 12431.751: [GC
Desired survivor size 23920640 bytes, new threshold 1 (max 15)
 [PSYoungGen: 2755648K->10240K(2772480K)] 4530479K->1785539K(8364928K), 0.0280970 secs] [Times: user=0.16 sys=0.01, real=0.03 secs] 
2011-02-12T03:45:47.361+0000: 12436.681: [GC
Desired survivor size 23461888 bytes, new threshold 1 (max 15)
 [PSYoungGen: 2759040K->10304K(2773248K)] 4534339K->1786063K(8365696K), 0.0274860 secs] [Times: user=0.17 sys=0.01, real=0.03 secs] 
2011-02-12T03:45:52.381+0000: 12441.700: [GC
Desired survivor size 22872064 bytes, new threshold 1 (max 15)
 [PSYoungGen: 2760192K->14272K(2772800K)] 4535951K->1790527K(8365248K), 0.0324920 secs] [Times: user=0.19 sys=0.01, real=0.03 secs] 
2011-02-12T03:45:57.345+0000: 12446.665: [GC
Desired survivor size 22085632 bytes, new threshold 1 (max 15)
 [PSYoungGen: 2764160K->13728K(2774592K)] 4540415K->1790551K(8367040K), 0.0315530 secs] [Times: user=0.19 sys=0.03, real=0.04 secs] 
2011-02-12T03:46:02.369+0000: 12451.689: [GC
Desired survivor size 23527424 bytes, new threshold 1 (max 15)
 [PSYoungGen: 2765984K->19234K(2771520K)] 4542807K->1796631K(8363968K), 0.0361450 secs] [Times: user=0.23 sys=0.03, real=0.03 secs] 
2011-02-12T03:46:07.061+0000: 12456.380: [GC
Desired survivor size 22675456 bytes, new threshold 1 (max 15)
 [PSYoungGen: 2771490K->14232K(2774016K)] 4548887K->1792272K(8366464K), 0.0322690 secs] [Times: user=0.18 sys=0.03, real=0.03 secs] 
2011-02-12T03:46:12.105+0000: 12461.425: [GC
Desired survivor size 23003136 bytes, new threshold 1 (max 15)
 [PSYoungGen: 2765272K->16992K(2773184K)] 4543312K->1795772K(8365632K), 0.0365970 secs] [Times: user=0.20 sys=0.02, real=0.04 secs] 
2011-02-12T03:46:17.195+0000: 12466.514: [GC
Desired survivor size 24969216 bytes, new threshold 1 (max 15)
 [PSYoungGen: 2768032K->21760K(2769856K)] 4546812K->1801060K(8362304K), 0.0397780 secs] [Times: user=0.25 sys=0.01, real=0.04 secs] 
2011-02-12T03:46:22.355+0000: 12471.674: [GC
Desired survivor size 25427968 bytes, new threshold 1 (max 15)
 [PSYoungGen: 2769152K->7040K(2754432K)] 4548452K->1786760K(8346880K), 0.0235990 secs] [Times: user=0.13 sys=0.02, real=0.02 secs] 
2011-02-12T03:46:27.756+0000: 12477.076: [GC
Desired survivor size 24444928 bytes, new threshold 1 (max 15)
 [PSYoungGen: 2754432K->13792K(2772288K)] 4534152K->1794056K(8364736K), 0.0305420 secs] [Times: user=0.20 sys=0.02, real=0.03 secs] 
2011-02-12T03:46:32.439+0000: 12481.758: [GC
Desired survivor size 23986176 bytes, new threshold 1 (max 15)
 [PSYoungGen: 2761248K->15584K(2771328K)] 4541512K->1796312K(8363776K), 0.0342360 secs] [Times: user=0.20 sys=0.02, real=0.04 secs] 
2011-02-12T03:46:37.380+0000: 12486.699: [GC
Desired survivor size 23920640 bytes, new threshold 1 (max 15)
 [PSYoungGen: 2763040K->16608K(2772800K)] 4543768K->1797816K(8365248K), 0.0352860 secs] [Times: user=0.21 sys=0.01, real=0.04 secs] 
2011-02-12T03:46:42.328+0000: 12491.648: [GC
Desired survivor size 23461888 bytes, new threshold 1 (max 15)
 [PSYoungGen: 2765984K->15770K(2772736K)] 4547192K->1797423K(8365184K), 0.0345410 secs] [Times: user=0.20 sys=0.02, real=0.04 secs] 
2011-02-12T03:46:46.815+0000: 12496.135: [GC
Desired survivor size 23789568 bytes, new threshold 1 (max 15)
 [PSYoungGen: 2765146K->7957K(2772608K)] 4546799K->1790110K(8365056K), 0.0265740 secs] [Times: user=0.15 sys=0.02, real=0.02 secs] 
2011-02-12T03:46:51.552+0000: 12500.872: [GC
Desired survivor size 24510464 bytes, new threshold 1 (max 15)
 [PSYoungGen: 2757653K->4611K(2754368K)] 4539806K->1787560K(8346816K), 0.0223560 secs] [Times: user=0.11 sys=0.01, real=0.03 secs] 
2011-02-12T03:46:56.965+0000: 12506.285: [GC
Desired survivor size 23461888 bytes, new threshold 1 (max 15)
 [PSYoungGen: 2754307K->12544K(2773248K)] 4537256K->1795900K(8365696K), 0.0294820 secs] [Times: user=0.18 sys=0.01, real=0.03 secs] 
2011-02-12T03:47:02.473+0000: 12511.793: [GC
Desired survivor size 23724032 bytes, new threshold 1 (max 15)
 [PSYoungGen: 2761856K->5594K(2772224K)] 4545212K->1789350K(8364672K), 0.0228730 secs] [Times: user=0.12 sys=0.01, real=0.03 secs] 
2011-02-12T03:47:07.900+0000: 12517.220: [GC
Desired survivor size 23134208 bytes, new threshold 1 (max 15)
 [PSYoungGen: 2754906K->13539K(2773568K)] 4538662K->1798098K(8366016K), 0.0320090 secs] [Times: user=0.17 sys=0.01, real=0.03 secs] 
2011-02-12T03:47:13.221+0000: 12522.540: [GC
Desired survivor size 24707072 bytes, new threshold 1 (max 15)
 [PSYoungGen: 2763939K->19296K(2769728K)] 4548498K->1804806K(8362176K), 0.0371290 secs] [Times: user=0.23 sys=0.01, real=0.04 secs] 
2011-02-12T03:47:18.585+0000: 12527.904: [GC
Desired survivor size 24117248 bytes, new threshold 1 (max 15)
 [PSYoungGen: 2769696K->9760K(2772608K)] 4555206K->1795870K(8365056K), 0.0280010 secs] [Times: user=0.15 sys=0.01, real=0.03 secs] 
2011-02-12T03:47:24.040+0000: 12533.360: [GC
Desired survivor size 24248320 bytes, new threshold 1 (max 15)
 [PSYoungGen: 2758240K->15989K(2772032K)] 4544350K->1802548K(8364480K), 0.0339370 secs] [Times: user=0.20 sys=0.02, real=0.03 secs] 
2011-02-12T03:47:28.920+0000: 12538.240: [GC
Desired survivor size 24313856 bytes, new threshold 1 (max 15)
 [PSYoungGen: 2764469K->16096K(2772352K)] 4551028K->1803134K(8364800K), 0.0352410 secs] [Times: user=0.19 sys=0.03, real=0.03 secs] 
2011-02-12T03:47:33.631+0000: 12542.950: [GC
Desired survivor size 23658496 bytes, new threshold 1 (max 15)
 [PSYoungGen: 2764768K->11008K(2772416K)] 4551806K->1798582K(8364864K), 0.0281160 secs] [Times: user=0.17 sys=0.02, real=0.03 secs] 
2011-02-12T03:47:38.766+0000: 12548.086: [GC
Desired survivor size 22937600 bytes, new threshold 1 (max 15)
 [PSYoungGen: 2759680K->13920K(2773760K)] 4547254K->1801930K(8366208K), 0.0313010 secs] [Times: user=0.19 sys=0.02, real=0.03 secs] 
2011-02-12T03:47:43.627+0000: 12552.946: [GC
Desired survivor size 22282240 bytes, new threshold 1 (max 15)
 [PSYoungGen: 2764576K->11552K(2773056K)] 4552586K->1800114K(8365504K), 0.0288010 secs] [Times: user=0.17 sys=0.01, real=0.03 secs] 
2011-02-12T03:47:48.642+0000: 12557.962: [GC
Desired survivor size 23592960 bytes, new threshold 1 (max 15)
 [PSYoungGen: 2762208K->18783K(2771840K)] 4550770K->1807842K(8364288K), 0.0374300 secs] [Times: user=0.22 sys=0.02, real=0.03 secs] 
2011-02-12T03:47:54.057+0000: 12563.376: [GC
Desired survivor size 23265280 bytes, new threshold 1 (max 15)
 [PSYoungGen: 2768863K->10066K(2773120K)] 4557922K->1799821K(8365568K), 0.0279040 secs] [Times: user=0.16 sys=0.02, real=0.03 secs] 
2011-02-12T03:47:59.373+0000: 12568.693: [GC
Desired survivor size 22806528 bytes, new threshold 1 (max 15)
 [PSYoungGen: 2760146K->14720K(2773888K)] 4549901K->1805117K(8366336K), 0.0320140 secs] [Times: user=0.20 sys=0.02, real=0.03 secs] 
2011-02-12T03:48:04.352+0000: 12573.672: [GC
Desired survivor size 23396352 bytes, new threshold 1 (max 15)
 [PSYoungGen: 2765888K->17258K(2768448K)] 4556285K->1808199K(8360896K), 0.0364230 secs] [Times: user=0.22 sys=0.02, real=0.03 secs] 
2011-02-12T03:48:09.076+0000: 12578.395: [GC
Desired survivor size 22609920 bytes, new threshold 1 (max 15)
 [PSYoungGen: 2768426K->13072K(2774080K)] 4559367K->1804787K(8366528K), 0.0303710 secs] [Times: user=0.19 sys=0.01, real=0.03 secs] 
2011-02-12T03:48:14.072+0000: 12583.392: [GC
Desired survivor size 22478848 bytes, new threshold 1 (max 15)
 [PSYoungGen: 2764304K->15664K(2773312K)] 4556019K->1808043K(8365760K), 0.0354800 secs] [Times: user=0.19 sys=0.03, real=0.04 secs] 
2011-02-12T03:48:19.160+0000: 12588.480: [GC
Desired survivor size 23068672 bytes, new threshold 1 (max 15)
 [PSYoungGen: 2766896K->17653K(2773056K)] 4559275K->1810649K(8365504K), 0.0354180 secs] [Times: user=0.23 sys=0.02, real=0.04 secs] 
2011-02-12T03:48:24.015+0000: 12593.335: [GC
Desired survivor size 23003136 bytes, new threshold 1 (max 15)
 [PSYoungGen: 2768757K->16384K(2773632K)] 4561753K->1809891K(8366080K), 0.0344870 secs] [Times: user=0.22 sys=0.03, real=0.03 secs] 
2011-02-12T03:48:29.018+0000: 12598.338: [GC
Desired survivor size 22937600 bytes, new threshold 1 (max 15)
 [PSYoungGen: 2767488K->16443K(2773760K)] 4560995K->1810407K(8366208K), 0.0344840 secs] [Times: user=0.22 sys=0.02, real=0.03 secs] 
2011-02-12T03:48:33.684+0000: 12603.004: [GC
Desired survivor size 22872064 bytes, new threshold 1 (max 15)
 [PSYoungGen: 2767739K->10751K(2773696K)] 4561703K->1805202K(8366144K), 0.0283530 secs] [Times: user=0.16 sys=0.01, real=0.03 secs] 
2011-02-12T03:48:38.694+0000: 12608.014: [GC
Desired survivor size 22675456 bytes, new threshold 1 (max 15)
 [PSYoungGen: 2762047K->10496K(2774016K)] 4556498K->1805371K(8366464K), 0.0280010 secs] [Times: user=0.14 sys=0.02, real=0.03 secs] 
2011-02-12T03:48:43.960+0000: 12613.279: [GC
Desired survivor size 23003136 bytes, new threshold 1 (max 15)
 [PSYoungGen: 2762176K->16928K(2768640K)] 4557051K->1812219K(8361088K), 0.0347320 secs] [Times: user=0.20 sys=0.02, real=0.03 secs] 
2011-02-12T03:48:49.443+0000: 12618.763: [GC
Desired survivor size 23265280 bytes, new threshold 1 (max 15)
 [PSYoungGen: 2768608K->7648K(2773184K)] 4563899K->1803371K(8365632K), 0.0250040 secs] [Times: user=0.15 sys=0.02, real=0.03 secs] 
2011-02-12T03:48:54.441+0000: 12623.760: [GC
Desired survivor size 23003136 bytes, new threshold 1 (max 15)
 [PSYoungGen: 2758368K->9792K(2773440K)] 4554091K->1806023K(8365888K), 0.0281380 secs] [Times: user=0.15 sys=0.02, real=0.03 secs] 
2011-02-12T03:48:59.619+0000: 12628.939: [GC
Desired survivor size 22544384 bytes, new threshold 1 (max 15)
 [PSYoungGen: 2760512K->14428K(2774144K)] 4556743K->1811232K(8366592K), 0.0332320 secs] [Times: user=0.18 sys=0.02, real=0.03 secs] 
2011-02-12T03:49:04.461+0000: 12633.781: [GC
Desired survivor size 21823488 bytes, new threshold 1 (max 15)
 [PSYoungGen: 2766108K->12138K(2773696K)] 4562912K->1809450K(8366144K), 0.0298850 secs] [Times: user=0.15 sys=0.02, real=0.03 secs] 
2011-02-12T03:49:09.933+0000: 12639.252: [GC
Desired survivor size 21823488 bytes, new threshold 1 (max 15)
 [PSYoungGen: 2763818K->8496K(2774848K)] 4561130K->1806562K(8367296K), 0.0261470 secs] [Times: user=0.15 sys=0.03, real=0.02 secs] 
2011-02-12T03:49:15.292+0000: 12644.612: [GC
Desired survivor size 21692416 bytes, new threshold 1 (max 15)
 [PSYoungGen: 2762032K->14639K(2774848K)] 4560098K->1813385K(8367296K), 0.0327160 secs] [Times: user=0.18 sys=0.02, real=0.03 secs] 
2011-02-12T03:49:20.388+0000: 12649.707: [GC
Desired survivor size 23592960 bytes, new threshold 1 (max 15)
 [PSYoungGen: 2768175K->20084K(2771264K)] 4566921K->1819411K(8363712K), 0.0373630 secs] [Times: user=0.25 sys=0.02, real=0.04 secs] 
2011-02-12T03:49:25.812+0000: 12655.131: [GC
Desired survivor size 23330816 bytes, new threshold 1 (max 15)
 [PSYoungGen: 2770164K->9312K(2773120K)] 4569491K->1809206K(8365568K), 0.0260340 secs] [Times: user=0.15 sys=0.02, real=0.03 secs] 
2011-02-12T03:49:30.924+0000: 12660.243: [GC
Desired survivor size 22675456 bytes, new threshold 1 (max 15)
 [PSYoungGen: 2759392K->11648K(2774016K)] 4559286K->1812038K(8366464K), 0.0282370 secs] [Times: user=0.17 sys=0.02, real=0.03 secs] 
2011-02-12T03:49:36.371+0000: 12665.691: [GC
Desired survivor size 23003136 bytes, new threshold 1 (max 15)
 [PSYoungGen: 2762880K->5600K(2773376K)] 4563270K->1806398K(8365824K), 0.0229030 secs] [Times: user=0.13 sys=0.02, real=0.03 secs] 
2011-02-12T03:49:41.690+0000: 12671.010: [GC
Desired survivor size 22740992 bytes, new threshold 1 (max 15)
 [PSYoungGen: 2756832K->14368K(2773952K)] 4557630K->1815666K(8366400K), 0.0320100 secs] [Times: user=0.18 sys=0.01, real=0.03 secs] 
2011-02-12T03:49:46.440+0000: 12675.760: [GC
Desired survivor size 23134208 bytes, new threshold 1 (max 15)
 [PSYoungGen: 2765856K->16053K(2767552K)] 4567154K->1817841K(8360000K), 0.0332990 secs] [Times: user=0.21 sys=0.02, real=0.03 secs] 
2011-02-12T03:49:51.387+0000: 12680.707: [GC
Desired survivor size 23592960 bytes, new threshold 1 (max 15)
 [PSYoungGen: 2767541K->16768K(2772672K)] 4569329K->1818924K(8365120K), 0.0341980 secs] [Times: user=0.20 sys=0.02, real=0.03 secs] 
2011-02-12T03:49:56.575+0000: 12685.895: [GC
Desired survivor size 25493504 bytes, new threshold 1 (max 15)
 [PSYoungGen: 2766848K->20864K(2770944K)] 4569004K->1823455K(8363392K), 0.0395260 secs] [Times: user=0.24 sys=0.02, real=0.04 secs] 
2011-02-12T03:50:01.682+0000: 12691.001: [GC
Desired survivor size 25493504 bytes, new threshold 1 (max 15)
 [PSYoungGen: 2770944K->7674K(2771264K)] 4573535K->1810822K(8363712K), 0.0266490 secs] [Times: user=0.12 sys=0.03, real=0.03 secs] 
2011-02-12T03:50:06.070+0000: 12695.390: [GC
Desired survivor size 25821184 bytes, new threshold 1 (max 15)
 [PSYoungGen: 2754042K->17392K(2763776K)] 4557190K->1821298K(8356224K), 0.0383390 secs] [Times: user=0.25 sys=0.04, real=0.04 secs] 
2011-02-12T03:50:10.994+0000: 12700.314: [GC
Desired survivor size 25362432 bytes, new threshold 1 (max 15)
 [PSYoungGen: 2763760K->15724K(2771392K)] 4567666K->1820262K(8363840K), 0.0340880 secs] [Times: user=0.20 sys=0.02, real=0.04 secs] 
2011-02-12T03:50:15.868+0000: 12705.188: [GC
Desired survivor size 24313856 bytes, new threshold 1 (max 15)
 [PSYoungGen: 2761900K->13792K(2770944K)] 4566438K->1819094K(8363392K), 0.0313450 secs] [Times: user=0.19 sys=0.02, real=0.03 secs] 
2011-02-12T03:50:21.092+0000: 12710.412: [GC
Desired survivor size 24182784 bytes, new threshold 1 (max 15)
 [PSYoungGen: 2759968K->16192K(2772544K)] 4565270K->1821950K(8364992K), 0.0335260 secs] [Times: user=0.21 sys=0.03, real=0.03 secs] 
2011-02-12T03:50:26.046+0000: 12715.365: [GC
Desired survivor size 24117248 bytes, new threshold 1 (max 15)
 [PSYoungGen: 2764992K->9080K(2772416K)] 4570750K->1815266K(8364864K), 0.0258170 secs] [Times: user=0.15 sys=0.03, real=0.03 secs] 
2011-02-12T03:50:30.796+0000: 12720.115: [GC
Desired survivor size 24313856 bytes, new threshold 1 (max 15)
 [PSYoungGen: 2757880K->6624K(2772224K)] 4564066K->1813467K(8364672K), 0.0242530 secs] [Times: user=0.14 sys=0.01, real=0.03 secs] 
2011-02-12T03:50:35.965+0000: 12725.284: [GC
Desired survivor size 23461888 bytes, new threshold 1 (max 15)
 [PSYoungGen: 2755296K->11520K(2772416K)] 4562139K->1818903K(8364864K), 0.0301750 secs] [Times: user=0.15 sys=0.02, real=0.03 secs] 
2011-02-12T03:50:40.470+0000: 12729.790: [GC
Desired survivor size 25427968 bytes, new threshold 1 (max 15)
 [PSYoungGen: 2760192K->20721K(2769408K)] 4567575K->1828705K(8361856K), 0.0404890 secs] [Times: user=0.23 sys=0.02, real=0.05 secs] 
2011-02-12T03:50:45.477+0000: 12734.796: [GC
Desired survivor size 25362432 bytes, new threshold 1 (max 15)
 [PSYoungGen: 2767217K->7338K(2771328K)] 4575201K->1815813K(8363776K), 0.0237890 secs] [Times: user=0.13 sys=0.01, real=0.02 secs] 
2011-02-12T03:50:50.242+0000: 12739.562: [GC
Desired survivor size 25427968 bytes, new threshold 1 (max 15)
 [PSYoungGen: 2753834K->5887K(2771264K)] 4562309K->1814922K(8363712K), 0.0238390 secs] [Times: user=0.11 sys=0.01, real=0.03 secs] 
2011-02-12T03:50:55.375+0000: 12744.695: [GC
Desired survivor size 24444928 bytes, new threshold 1 (max 15)
 [PSYoungGen: 2752383K->10576K(2771328K)] 4561418K->1820083K(8363776K), 0.0278170 secs] [Times: user=0.16 sys=0.02, real=0.03 secs] 
2011-02-12T03:51:00.467+0000: 12749.787: [GC
Desired survivor size 23658496 bytes, new threshold 1 (max 15)
 [PSYoungGen: 2757072K->13250K(2773056K)] 4566579K->1823193K(8365504K), 0.0306770 secs] [Times: user=0.19 sys=0.02, real=0.03 secs] 
2011-02-12T03:51:05.300+0000: 12754.619: [GC
Desired survivor size 22675456 bytes, new threshold 1 (max 15)
 [PSYoungGen: 2762434K->11464K(2772288K)] 4572377K->1822021K(8364736K), 0.0302620 secs] [Times: user=0.17 sys=0.02, real=0.03 secs] 
2011-02-12T03:51:10.636+0000: 12759.956: [GC
Desired survivor size 24117248 bytes, new threshold 1 (max 15)
 [PSYoungGen: 2760648K->18720K(2771200K)] 4571205K->1829865K(8363648K), 0.0376540 secs] [Times: user=0.23 sys=0.01, real=0.03 secs] 
2011-02-12T03:51:15.999+0000: 12765.319: [GC
Desired survivor size 23920640 bytes, new threshold 1 (max 15)
 [PSYoungGen: 2767776K->7712K(2772608K)] 4578921K->1819765K(8365056K), 0.0254460 secs] [Times: user=0.15 sys=0.01, real=0.03 secs] 
2011-02-12T03:51:21.175+0000: 12770.495: [GC
Desired survivor size 23265280 bytes, new threshold 1 (max 15)
 [PSYoungGen: 2756768K->13600K(2773440K)] 4568821K->1826205K(8365888K), 0.0308780 secs] [Times: user=0.18 sys=0.02, real=0.03 secs] 
2011-02-12T03:51:26.604+0000: 12775.923: [GC
Desired survivor size 22544384 bytes, new threshold 1 (max 15)
 [PSYoungGen: 2763680K->10675K(2772800K)] 4576285K->1823777K(8365248K), 0.0280060 secs] [Times: user=0.15 sys=0.02, real=0.03 secs] 
2011-02-12T03:51:31.755+0000: 12781.074: [GC
Desired survivor size 22806528 bytes, new threshold 1 (max 15)
 [PSYoungGen: 2760755K->15648K(2773632K)] 4573857K->1829205K(8366080K), 0.0333050 secs] [Times: user=0.21 sys=0.02, real=0.04 secs] 
2011-02-12T03:51:37.201+0000: 12786.520: [GC
Desired survivor size 22544384 bytes, new threshold 1 (max 15)
 [PSYoungGen: 2767264K->8488K(2773888K)] 4580821K->1822441K(8366336K), 0.0254520 secs] [Times: user=0.15 sys=0.02, real=0.02 secs] 
2011-02-12T03:51:42.719+0000: 12792.038: [GC
Desired survivor size 22675456 bytes, new threshold 1 (max 15)
 [PSYoungGen: 2760104K->15068K(2773888K)] 4574057K->1829523K(8366336K), 0.0317320 secs] [Times: user=0.20 sys=0.02, real=0.03 secs] 
2011-02-12T03:51:48.042+0000: 12797.361: [GC
Desired survivor size 22937600 bytes, new threshold 1 (max 15)
 [PSYoungGen: 2766940K->5184K(2757056K)] 4581395K->1820211K(8349504K), 0.0243760 secs] [Times: user=0.12 sys=0.04, real=0.02 secs] 
2011-02-12T03:51:53.292+0000: 12802.611: [GC
Desired survivor size 21889024 bytes, new threshold 1 (max 15)
 [PSYoungGen: 2757056K->11328K(2774784K)] 4572083K->1826863K(8367232K), 0.0295810 secs] [Times: user=0.15 sys=0.01, real=0.03 secs] 
2011-02-12T03:51:58.489+0000: 12807.808: [GC
Desired survivor size 22216704 bytes, new threshold 1 (max 15)
 [PSYoungGen: 2763712K->15134K(2773760K)] 4579247K->1831113K(8366208K), 0.0337970 secs] [Times: user=0.21 sys=0.02, real=0.04 secs] 
2011-02-12T03:52:03.394+0000: 12812.714: [GC
Desired survivor size 24051712 bytes, new threshold 1 (max 15)
 [PSYoungGen: 2767518K->19498K(2770880K)] 4583497K->1835953K(8363328K), 0.0378230 secs] [Times: user=0.24 sys=0.03, real=0.04 secs] 
2011-02-12T03:52:08.265+0000: 12817.584: [GC
Desired survivor size 23920640 bytes, new threshold 1 (max 15)
 [PSYoungGen: 2768682K->15344K(2772672K)] 4585137K->1832589K(8365120K), 0.0338760 secs] [Times: user=0.21 sys=0.02, real=0.03 secs] 
2011-02-12T03:52:13.461+0000: 12822.781: [GC
Desired survivor size 25886720 bytes, new threshold 1 (max 15)
 [PSYoungGen: 2764528K->20992K(2768960K)] 4581773K->1838829K(8361408K), 0.0398050 secs] [Times: user=0.23 sys=0.02, real=0.04 secs] 
2011-02-12T03:52:19.067+0000: 12828.386: [GC
Desired survivor size 24969216 bytes, new threshold 1 (max 15)
 [PSYoungGen: 2766592K->12528K(2770880K)] 4584429K->1830925K(8363328K), 0.0308640 secs] [Times: user=0.16 sys=0.02, real=0.03 secs] 
2011-02-12T03:52:24.279+0000: 12833.599: [GC
Desired survivor size 25559040 bytes, new threshold 1 (max 15)
 [PSYoungGen: 2758128K->3968K(2770624K)] 4576525K->1822901K(8363072K), 0.0210020 secs] [Times: user=0.12 sys=0.02, real=0.02 secs] 
2011-02-12T03:52:29.516+0000: 12838.836: [GC
Desired survivor size 24772608 bytes, new threshold 1 (max 15)
 [PSYoungGen: 2750208K->10176K(2771200K)] 4569141K->1829655K(8363648K), 0.0270680 secs] [Times: user=0.15 sys=0.02, real=0.02 secs] 
2011-02-12T03:52:34.955+0000: 12844.274: [GC
Desired survivor size 26804224 bytes, new threshold 1 (max 15)
 [PSYoungGen: 2756416K->21036K(2768000K)] 4575895K->1840983K(8360448K), 0.0396050 secs] [Times: user=0.26 sys=0.01, real=0.04 secs] 
2011-02-12T03:52:40.316+0000: 12849.636: [GC
Desired survivor size 26411008 bytes, new threshold 1 (max 15)
 [PSYoungGen: 2764844K->8160K(2769984K)] 4584791K->1828607K(8362432K), 0.0237450 secs] [Times: user=0.13 sys=0.01, real=0.02 secs] 
2011-02-12T03:52:45.924+0000: 12855.243: [GC
Desired survivor size 26607616 bytes, new threshold 1 (max 15)
 [PSYoungGen: 2751968K->3936K(2769984K)] 4572415K->1824871K(8362432K), 0.0229180 secs] [Times: user=0.11 sys=0.01, real=0.03 secs] 
2011-02-12T03:52:51.718+0000: 12861.037: [GC
Desired survivor size 27590656 bytes, new threshold 1 (max 15)
 [PSYoungGen: 2748128K->18336K(2762560K)] 4569063K->1839807K(8355008K), 0.0370160 secs] [Times: user=0.22 sys=0.02, real=0.03 secs] 
2011-02-12T03:52:57.047+0000: 12866.367: [GC
Desired survivor size 26804224 bytes, new threshold 1 (max 15)
 [PSYoungGen: 2762528K->8640K(2769984K)] 4583999K->1830663K(8362432K), 0.0271740 secs] [Times: user=0.14 sys=0.02, real=0.03 secs] 
2011-02-12T03:53:01.743+0000: 12871.063: [GC
Desired survivor size 26673152 bytes, new threshold 1 (max 15)
 [PSYoungGen: 2751680K->4738K(2769216K)] 4573703K->1827261K(8361664K), 0.0218470 secs] [Times: user=0.12 sys=0.02, real=0.02 secs] 
2011-02-12T03:53:06.258+0000: 12875.578: [GC
Desired survivor size 25886720 bytes, new threshold 1 (max 15)
 [PSYoungGen: 2747778K->13352K(2770880K)] 4570301K->1836593K(8363328K), 0.0309500 secs] [Times: user=0.18 sys=0.02, real=0.04 secs] 
2011-02-12T03:53:11.490+0000: 12880.809: [GC
Desired survivor size 25755648 bytes, new threshold 1 (max 15)
 [PSYoungGen: 2758184K->4624K(2770112K)] 4581425K->1828361K(8362560K), 0.0223180 secs] [Times: user=0.11 sys=0.03, real=0.02 secs] 
2011-02-12T03:53:16.457+0000: 12885.777: [GC
Desired survivor size 24969216 bytes, new threshold 1 (max 15)
 [PSYoungGen: 2749456K->6876K(2771776K)] 4573193K->1831298K(8364224K), 0.0247650 secs] [Times: user=0.13 sys=0.03, real=0.03 secs] 
2011-02-12T03:53:21.805+0000: 12891.125: [GC
Desired survivor size 24117248 bytes, new threshold 1 (max 15)
 [PSYoungGen: 2753500K->11904K(2771008K)] 4577922K->1836962K(8363456K), 0.0286570 secs] [Times: user=0.17 sys=0.02, real=0.03 secs] 
2011-02-12T03:53:27.232+0000: 12896.551: [GC
Desired survivor size 23658496 bytes, new threshold 1 (max 15)
 [PSYoungGen: 2758528K->5536K(2773056K)] 4583586K->1831142K(8365504K), 0.0240440 secs] [Times: user=0.12 sys=0.02, real=0.02 secs] 
2011-02-12T03:53:32.537+0000: 12901.857: [GC
Desired survivor size 23068672 bytes, new threshold 1 (max 15)
 [PSYoungGen: 2755040K->12128K(2772608K)] 4580646K->1838298K(8365056K), 0.0293490 secs] [Times: user=0.17 sys=0.01, real=0.03 secs] 
2011-02-12T03:53:37.242+0000: 12906.562: [GC
Desired survivor size 22085632 bytes, new threshold 1 (max 15)
 [PSYoungGen: 2761632K->9132K(2774592K)] 4587802K->1835763K(8367040K), 0.0270330 secs] [Times: user=0.15 sys=0.02, real=0.03 secs] 
2011-02-12T03:53:41.569+0000: 12910.889: [GC
Desired survivor size 25493504 bytes, new threshold 1 (max 15)
 [PSYoungGen: 2761196K->21552K(2773632K)] 4587827K->1848975K(8366080K), 0.0393080 secs] [Times: user=0.26 sys=0.02, real=0.04 secs] 
2011-02-12T03:53:45.861+0000: 12915.181: [GC
Desired survivor size 24248320 bytes, new threshold 1 (max 15)
 [PSYoungGen: 2773616K->10816K(2771328K)] 4601039K->1838615K(8363776K), 0.0297050 secs] [Times: user=0.17 sys=0.02, real=0.03 secs] 
2011-02-12T03:53:50.623+0000: 12919.942: [GC
Desired survivor size 23461888 bytes, new threshold 1 (max 15)
 [PSYoungGen: 2759616K->8576K(2772480K)] 4587415K->1836863K(8364928K), 0.0263500 secs] [Times: user=0.15 sys=0.02, real=0.03 secs] 
2011-02-12T03:53:55.557+0000: 12924.877: [GC
Desired survivor size 23003136 bytes, new threshold 1 (max 15)
 [PSYoungGen: 2757376K->6784K(2773696K)] 4585663K->1835563K(8366144K), 0.0247130 secs] [Times: user=0.14 sys=0.03, real=0.02 secs] 
2011-02-12T03:54:00.396+0000: 12929.715: [GC
Desired survivor size 22937600 bytes, new threshold 1 (max 15)
 [PSYoungGen: 2757568K->4194K(2773248K)] 4586347K->1833475K(8365696K), 0.0224790 secs] [Times: user=0.12 sys=0.03, real=0.02 secs] 
2011-02-12T03:54:05.392+0000: 12934.711: [GC
Desired survivor size 22085632 bytes, new threshold 1 (max 15)
 [PSYoungGen: 2754978K->7688K(2774592K)] 4584259K->1837615K(8367040K), 0.0257590 secs] [Times: user=0.14 sys=0.02, real=0.03 secs] 
2011-02-12T03:54:10.599+0000: 12939.918: [GC
Desired survivor size 23330816 bytes, new threshold 1 (max 15)
 [PSYoungGen: 2759880K->16208K(2768448K)] 4589807K->1846792K(8360896K), 0.0347500 secs] [Times: user=0.20 sys=0.01, real=0.03 secs] 
2011-02-12T03:54:15.696+0000: 12945.016: [GC
Desired survivor size 22544384 bytes, new threshold 1 (max 15)
 [PSYoungGen: 2768400K->7504K(2774144K)] 4598984K->1838764K(8366592K), 0.0256500 secs] [Times: user=0.13 sys=0.02, real=0.03 secs] 
2011-02-12T03:54:20.840+0000: 12950.159: [GC
Desired survivor size 21954560 bytes, new threshold 1 (max 15)
 [PSYoungGen: 2758864K->11760K(2773376K)] 4590124K->1843424K(8365824K), 0.0310910 secs] [Times: user=0.16 sys=0.02, real=0.03 secs] 
2011-02-12T03:54:26.126+0000: 12955.445: [GC
Desired survivor size 21495808 bytes, new threshold 1 (max 15)
 [PSYoungGen: 2763120K->6464K(2775168K)] 4594784K->1838856K(8367616K), 0.0249780 secs] [Times: user=0.14 sys=0.01, real=0.03 secs] 
2011-02-12T03:54:31.531+0000: 12960.850: [GC
Desired survivor size 21364736 bytes, new threshold 1 (max 15)
 [PSYoungGen: 2760192K->12512K(2774720K)] 4592584K->1845416K(8367168K), 0.0300620 secs] [Times: user=0.18 sys=0.01, real=0.03 secs] 
2011-02-12T03:54:37.266+0000: 12966.585: [GC
Desired survivor size 20316160 bytes, new threshold 1 (max 15)
 [PSYoungGen: 2766240K->9760K(2776320K)] 4599144K->1843168K(8368768K), 0.0289660 secs] [Times: user=0.16 sys=0.03, real=0.03 secs] 
2011-02-12T03:54:42.505+0000: 12971.825: [GC
Desired survivor size 19529728 bytes, new threshold 1 (max 15)
 [PSYoungGen: 2765216K->8857K(2775296K)] 4598624K->1842778K(8367744K), 0.0266570 secs] [Times: user=0.14 sys=0.01, real=0.03 secs] 
2011-02-12T03:54:47.937+0000: 12977.256: [GC
Desired survivor size 21102592 bytes, new threshold 1 (max 15)
 [PSYoungGen: 2764313K->16608K(2774016K)] 4598234K->1850936K(8366464K), 0.0344670 secs] [Times: user=0.21 sys=0.03, real=0.04 secs] 
2011-02-12T03:54:53.324+0000: 12982.643: [GC
Desired survivor size 20447232 bytes, new threshold 1 (max 15)
 [PSYoungGen: 2771552K->8768K(2775552K)] 4605880K->1843516K(8368000K), 0.0264130 secs] [Times: user=0.16 sys=0.01, real=0.02 secs] 
2011-02-12T03:54:58.785+0000: 12988.104: [GC
Desired survivor size 22085632 bytes, new threshold 1 (max 15)
 [PSYoungGen: 2763712K->17344K(2772992K)] 4598460K->1852548K(8365440K), 0.0379050 secs] [Times: user=0.21 sys=0.01, real=0.04 secs] 
2011-02-12T03:55:03.790+0000: 12993.110: [GC
Desired survivor size 23592960 bytes, new threshold 1 (max 15)
 [PSYoungGen: 2770368K->17962K(2771008K)] 4605572K->1853650K(8363456K), 0.0372170 secs] [Times: user=0.21 sys=0.02, real=0.04 secs] 
2011-02-12T03:55:08.484+0000: 12997.804: [GC
Desired survivor size 26083328 bytes, new threshold 1 (max 15)
 [PSYoungGen: 2770986K->21492K(2768256K)] 4606674K->1858039K(8360704K), 0.0422070 secs] [Times: user=0.24 sys=0.01, real=0.04 secs] 
2011-02-12T03:55:13.566+0000: 13002.885: [GC
Desired survivor size 27787264 bytes, new threshold 1 (max 15)
 [PSYoungGen: 2766708K->20651K(2765888K)] 4603255K->1857898K(8358336K), 0.0388440 secs] [Times: user=0.25 sys=0.01, real=0.04 secs] 
2011-02-12T03:55:18.640+0000: 13007.959: [GC
Desired survivor size 29294592 bytes, new threshold 1 (max 15)
 [PSYoungGen: 2765867K->21232K(2766080K)] 4603114K->1859151K(8358528K), 0.0396210 secs] [Times: user=0.23 sys=0.02, real=0.04 secs] 
2011-02-12T03:55:24.021+0000: 13013.340: [GC
Desired survivor size 29229056 bytes, new threshold 1 (max 15)
 [PSYoungGen: 2760176K->18048K(2767552K)] 4598095K->1856575K(8360000K), 0.0368250 secs] [Times: user=0.21 sys=0.02, real=0.04 secs] 
2011-02-12T03:55:29.309+0000: 13018.629: [GC
Desired survivor size 28835840 bytes, new threshold 1 (max 15)
 [PSYoungGen: 2756992K->8792K(2768000K)] 4595519K->1847736K(8360448K), 0.0264620 secs] [Times: user=0.16 sys=0.02, real=0.02 secs] 
2011-02-12T03:55:34.306+0000: 13023.626: [GC
Desired survivor size 28311552 bytes, new threshold 1 (max 15)
 [PSYoungGen: 2748248K->8896K(2767616K)] 4587192K->1848336K(8360064K), 0.0261380 secs] [Times: user=0.15 sys=0.02, real=0.03 secs] 
2011-02-12T03:55:39.271+0000: 13028.590: [GC
Desired survivor size 27262976 bytes, new threshold 1 (max 15)
 [PSYoungGen: 2748352K->11577K(2769536K)] 4587792K->1851485K(8361984K), 0.0300720 secs] [Times: user=0.16 sys=0.01, real=0.03 secs] 
2011-02-12T03:55:43.722+0000: 13033.042: [GC
Desired survivor size 27459584 bytes, new threshold 1 (max 15)
 [PSYoungGen: 2753465K->17536K(2768512K)] 4593373K->1857972K(8360960K), 0.0353350 secs] [Times: user=0.22 sys=0.02, real=0.04 secs] 
2011-02-12T03:55:48.234+0000: 13037.553: [GC
Desired survivor size 26345472 bytes, new threshold 1 (max 15)
 [PSYoungGen: 2759424K->12468K(2770432K)] 4599860K->1853413K(8362880K), 0.0306050 secs] [Times: user=0.18 sys=0.02, real=0.03 secs] 
2011-02-12T03:55:53.106+0000: 13042.425: [GC
Desired survivor size 25559040 bytes, new threshold 1 (max 15)
 [PSYoungGen: 2756084K->11232K(2769344K)] 4597029K->1852577K(8361792K), 0.0296800 secs] [Times: user=0.17 sys=0.01, real=0.03 secs] 
2011-02-12T03:55:58.185+0000: 13047.504: [GC
Desired survivor size 25755648 bytes, new threshold 1 (max 15)
 [PSYoungGen: 2754848K->17037K(2770816K)] 4596193K->1858782K(8363264K), 0.0345070 secs] [Times: user=0.21 sys=0.02, real=0.04 secs] 
2011-02-12T03:56:03.236+0000: 13052.555: [GC
Desired survivor size 26607616 bytes, new threshold 1 (max 15)
 [PSYoungGen: 2762893K->19110K(2764992K)] 4604638K->1861263K(8357440K), 0.0372730 secs] [Times: user=0.24 sys=0.01, real=0.04 secs] 
2011-02-12T03:56:08.630+0000: 13057.950: [GC
Desired survivor size 25690112 bytes, new threshold 1 (max 15)
 [PSYoungGen: 2764966K->12882K(2771072K)] 4607119K->1855797K(8363520K), 0.0307480 secs] [Times: user=0.19 sys=0.02, real=0.04 secs] 
2011-02-12T03:56:14.067+0000: 13063.387: [GC
Desired survivor size 26148864 bytes, new threshold 1 (max 15)
 [PSYoungGen: 2757970K->5168K(2770176K)] 4600885K->1848851K(8362624K), 0.0250690 secs] [Times: user=0.12 sys=0.01, real=0.03 secs] 
2011-02-12T03:56:19.720+0000: 13069.040: [GC
Desired survivor size 25427968 bytes, new threshold 1 (max 15)
 [PSYoungGen: 2750256K->14716K(2771328K)] 4593939K->1859032K(8363776K), 0.0344700 secs] [Times: user=0.18 sys=0.02, real=0.04 secs] 
2011-02-12T03:56:25.034+0000: 13074.353: [GC
Desired survivor size 25559040 bytes, new threshold 1 (max 15)
 [PSYoungGen: 2760508K->6091K(2770624K)] 4604824K->1850951K(8363072K), 0.0239610 secs] [Times: user=0.13 sys=0.02, real=0.02 secs] 
2011-02-12T03:56:30.160+0000: 13079.479: [GC
Desired survivor size 24576000 bytes, new threshold 1 (max 15)
 [PSYoungGen: 2751883K->11008K(2772160K)] 4596743K->1856655K(8364608K), 0.0285080 secs] [Times: user=0.17 sys=0.03, real=0.03 secs] 
2011-02-12T03:56:35.907+0000: 13085.227: [GC
Desired survivor size 24379392 bytes, new threshold 1 (max 15)
 [PSYoungGen: 2758208K->6880K(2771200K)] 4603855K->1852959K(8363648K), 0.0253220 secs] [Times: user=0.12 sys=0.01, real=0.02 secs] 
2011-02-12T03:56:41.216+0000: 13090.535: [GC
Desired survivor size 23724032 bytes, new threshold 1 (max 15)
 [PSYoungGen: 2754080K->13440K(2772992K)] 4600159K->1859979K(8365440K), 0.0319600 secs] [Times: user=0.18 sys=0.01, real=0.03 secs] 
2011-02-12T03:56:46.305+0000: 13095.625: [GC
Desired survivor size 26345472 bytes, new threshold 1 (max 15)
 [PSYoungGen: 2762624K->21923K(2771136K)] 4609163K->1868910K(8363584K), 0.0394940 secs] [Times: user=0.26 sys=0.01, real=0.04 secs] 
2011-02-12T03:56:51.087+0000: 13100.407: [GC
Desired survivor size 27459584 bytes, new threshold 1 (max 15)
 [PSYoungGen: 2771107K->19456K(2767552K)] 4618094K->1867038K(8360000K), 0.0375600 secs] [Times: user=0.24 sys=0.01, real=0.03 secs] 
2011-02-12T03:56:56.175+0000: 13105.495: [GC
Desired survivor size 29949952 bytes, new threshold 1 (max 15)
 [PSYoungGen: 2761984K->23901K(2766464K)] 4609566K->1872083K(8358912K), 0.0430040 secs] [Times: user=0.27 sys=0.02, real=0.05 secs] 
2011-02-12T03:57:01.113+0000: 13110.433: [GC
Desired survivor size 31260672 bytes, new threshold 1 (max 15)
 [PSYoungGen: 2766429K->22066K(2764352K)] 4614611K->1870854K(8356800K), 0.0400560 secs] [Times: user=0.26 sys=0.03, real=0.04 secs] 
2011-02-12T03:57:05.967+0000: 13115.287: [GC
Desired survivor size 31064064 bytes, new threshold 1 (max 15)
 [PSYoungGen: 2757170K->18984K(2765632K)] 4605958K->1868502K(8358080K), 0.0382300 secs] [Times: user=0.24 sys=0.03, real=0.04 secs] 
2011-02-12T03:57:10.933+0000: 13120.253: [GC
Desired survivor size 30081024 bytes, new threshold 1 (max 15)
 [PSYoungGen: 2754088K->17200K(2766784K)] 4603606K->1867306K(8359232K), 0.0346220 secs] [Times: user=0.23 sys=0.02, real=0.04 secs] 
2011-02-12T03:57:16.041+0000: 13125.360: [GC
Desired survivor size 30146560 bytes, new threshold 1 (max 15)
 [PSYoungGen: 2753648K->19808K(2765824K)] 4603754K->1870614K(8358272K), 0.0384810 secs] [Times: user=0.25 sys=0.02, real=0.04 secs] 
2011-02-12T03:57:21.540+0000: 13130.860: [GC
Desired survivor size 28966912 bytes, new threshold 1 (max 15)
 [PSYoungGen: 2756256K->15680K(2767872K)] 4607062K->1866914K(8360320K), 0.0351220 secs] [Times: user=0.20 sys=0.02, real=0.03 secs] 
2011-02-12T03:57:26.820+0000: 13136.139: [GC
Desired survivor size 29753344 bytes, new threshold 1 (max 15)
 [PSYoungGen: 2754112K->4608K(2766720K)] 4605346K->1856414K(8359168K), 0.0236180 secs] [Times: user=0.11 sys=0.01, real=0.03 secs] 
2011-02-12T03:57:31.809+0000: 13141.128: [GC
Desired survivor size 29622272 bytes, new threshold 1 (max 15)
 [PSYoungGen: 2743040K->7776K(2767232K)] 4594846K->1860126K(8359680K), 0.0254190 secs] [Times: user=0.14 sys=0.01, real=0.03 secs] 
2011-02-12T03:57:36.909+0000: 13146.229: [GC
Desired survivor size 28835840 bytes, new threshold 1 (max 15)
 [PSYoungGen: 2745952K->10176K(2767104K)] 4598302K->1863118K(8359552K), 0.0291460 secs] [Times: user=0.16 sys=0.02, real=0.03 secs] 
2011-02-12T03:57:41.969+0000: 13151.289: [GC
Desired survivor size 27656192 bytes, new threshold 1 (max 15)
 [PSYoungGen: 2748352K->12352K(2769152K)] 4601294K->1865746K(8361600K), 0.0298030 secs] [Times: user=0.19 sys=0.02, real=0.03 secs] 
2011-02-12T03:57:46.947+0000: 13156.266: [GC
Desired survivor size 26411008 bytes, new threshold 1 (max 15)
 [PSYoungGen: 2753344K->13533K(2768000K)] 4606738K->1867340K(8360448K), 0.0315360 secs] [Times: user=0.19 sys=0.02, real=0.03 secs] 
2011-02-12T03:57:51.676+0000: 13160.996: [GC
Desired survivor size 26017792 bytes, new threshold 1 (max 15)
 [PSYoungGen: 2754525K->8832K(2770752K)] 4608332K->1863034K(8363200K), 0.0275160 secs] [Times: user=0.14 sys=0.02, real=0.03 secs] 
2011-02-12T03:57:56.786+0000: 13166.106: [GC
Desired survivor size 24969216 bytes, new threshold 1 (max 15)
 [PSYoungGen: 2753792K->12224K(2770368K)] 4607994K->1866822K(8362816K), 0.0311330 secs] [Times: user=0.17 sys=0.02, real=0.03 secs] 
2011-02-12T03:58:01.740+0000: 13171.059: [GC
Desired survivor size 24117248 bytes, new threshold 1 (max 15)
 [PSYoungGen: 2757184K->13914K(2772608K)] 4611782K->1869032K(8365056K), 0.0334760 secs] [Times: user=0.18 sys=0.02, real=0.03 secs] 
2011-02-12T03:58:06.748+0000: 13176.068: [GC
Desired survivor size 24707072 bytes, new threshold 1 (max 15)
 [PSYoungGen: 2762138K->17565K(2771776K)] 4617256K->1873485K(8364224K), 0.0358020 secs] [Times: user=0.23 sys=0.02, real=0.03 secs] 
2011-02-12T03:58:11.909+0000: 13181.229: [GC
Desired survivor size 24444928 bytes, new threshold 1 (max 15)
 [PSYoungGen: 2765789K->15824K(2772288K)] 4621709K->1872253K(8364736K), 0.0338350 secs] [Times: user=0.19 sys=0.01, real=0.03 secs] 
2011-02-12T03:58:17.303+0000: 13186.623: [GC
Desired survivor size 24510464 bytes, new threshold 1 (max 15)
 [PSYoungGen: 2763984K->7712K(2772032K)] 4620413K->1864873K(8364480K), 0.0256850 secs] [Times: user=0.14 sys=0.02, real=0.03 secs] 
2011-02-12T03:58:22.348+0000: 13191.667: [GC
Desired survivor size 24248320 bytes, new threshold 1 (max 15)
 [PSYoungGen: 2755872K->8368K(2772480K)] 4613033K->1865965K(8364928K), 0.0260340 secs] [Times: user=0.13 sys=0.01, real=0.02 secs] 
2011-02-12T03:58:27.566+0000: 13196.885: [GC
Desired survivor size 24051712 bytes, new threshold 1 (max 15)
 [PSYoungGen: 2756912K->15264K(2772224K)] 4614509K->1873349K(8364672K), 0.0337840 secs] [Times: user=0.20 sys=0.02, real=0.04 secs] 
2011-02-12T03:58:32.604+0000: 13201.923: [GC
Desired survivor size 25821184 bytes, new threshold 1 (max 15)
 [PSYoungGen: 2763808K->20512K(2769216K)] 4621893K->1879165K(8361664K), 0.0377620 secs] [Times: user=0.25 sys=0.02, real=0.04 secs] 
2011-02-12T03:58:38.014+0000: 13207.334: [GC
Desired survivor size 24969216 bytes, new threshold 1 (max 15)
 [PSYoungGen: 2766240K->12288K(2770944K)] 4624893K->1871421K(8363392K), 0.0302730 secs] [Times: user=0.17 sys=0.01, real=0.03 secs] 
2011-02-12T03:58:43.472+0000: 13212.792: [GC
Desired survivor size 27000832 bytes, new threshold 1 (max 15)
 [PSYoungGen: 2758016K->21888K(2767808K)] 4617149K->1881593K(8360256K), 0.0412720 secs] [Times: user=0.27 sys=0.01, real=0.04 secs] 
2011-02-12T03:58:48.452+0000: 13217.771: [GC
Desired survivor size 27852800 bytes, new threshold 1 (max 15)
 [PSYoungGen: 2765312K->19954K(2763392K)] 4625017K->1880115K(8355840K), 0.0402760 secs] [Times: user=0.23 sys=0.01, real=0.04 secs] 
2011-02-12T03:58:54.046+0000: 13223.366: [GC
Desired survivor size 26738688 bytes, new threshold 1 (max 15)
 [PSYoungGen: 2763378K->15413K(2770048K)] 4623539K->1875992K(8362496K), 0.0344080 secs] [Times: user=0.21 sys=0.01, real=0.04 secs] 
2011-02-12T03:58:59.473+0000: 13228.793: [GC
Desired survivor size 27131904 bytes, new threshold 1 (max 15)
 [PSYoungGen: 2758261K->6368K(2768960K)] 4618840K->1867355K(8361408K), 0.0234520 secs] [Times: user=0.14 sys=0.01, real=0.02 secs] 
2011-02-12T03:59:04.576+0000: 13233.896: [GC
Desired survivor size 26017792 bytes, new threshold 1 (max 15)
 [PSYoungGen: 2749216K->14490K(2770752K)] 4610203K->1875957K(8363200K), 0.0331110 secs] [Times: user=0.21 sys=0.02, real=0.03 secs] 
2011-02-12T03:59:10.248+0000: 13239.568: [GC
Desired survivor size 25755648 bytes, new threshold 1 (max 15)
 [PSYoungGen: 2758746K->9072K(2769664K)] 4620213K->1871441K(8362112K), 0.0284060 secs] [Times: user=0.13 sys=0.02, real=0.03 secs] 
2011-02-12T03:59:15.878+0000: 13245.198: [GC
Desired survivor size 27197440 bytes, new threshold 1 (max 15)
 [PSYoungGen: 2753328K->20657K(2768192K)] 4615697K->1883742K(8360640K), 0.0391190 secs] [Times: user=0.22 sys=0.01, real=0.04 secs] 
2011-02-12T03:59:20.936+0000: 13250.256: [GC
Desired survivor size 28508160 bytes, new threshold 1 (max 15)
 [PSYoungGen: 2763697K->21094K(2764160K)] 4626782K->1884803K(8356608K), 0.0383740 secs] [Times: user=0.25 sys=0.01, real=0.04 secs] 
2011-02-12T03:59:25.671+0000: 13254.991: [GC
Desired survivor size 27852800 bytes, new threshold 1 (max 15)
 [PSYoungGen: 2764134K->11283K(2768960K)] 4627843K->1875829K(8361408K), 0.0289530 secs] [Times: user=0.16 sys=0.01, real=0.03 secs] 
2011-02-12T03:59:30.611+0000: 13259.930: [GC
Desired survivor size 27000832 bytes, new threshold 1 (max 15)
 [PSYoungGen: 2752403K->12251K(2768320K)] 4616949K->1877489K(8360768K), 0.0290060 secs] [Times: user=0.17 sys=0.03, real=0.03 secs] 
2011-02-12T03:59:35.540+0000: 13264.860: [GC
Desired survivor size 25821184 bytes, new threshold 1 (max 15)
 [PSYoungGen: 2753371K->14362K(2770944K)] 4618609K->1880143K(8363392K), 0.0331050 secs] [Times: user=0.19 sys=0.00, real=0.03 secs] 
2011-02-12T03:59:40.594+0000: 13269.914: [GC
Desired survivor size 25231360 bytes, new threshold 1 (max 15)
 [PSYoungGen: 2758938K->15750K(2769792K)] 4624719K->1881984K(8362240K), 0.0334230 secs] [Times: user=0.20 sys=0.01, real=0.04 secs] 
2011-02-12T03:59:45.681+0000: 13275.001: [GC
Desired survivor size 25559040 bytes, new threshold 1 (max 15)
 [PSYoungGen: 2760326K->18233K(2770880K)] 4626560K->1885005K(8363328K), 0.0359420 secs] [Times: user=0.23 sys=0.01, real=0.04 secs] 
2011-02-12T03:59:51.105+0000: 13280.425: [GC
Desired survivor size 25690112 bytes, new threshold 1 (max 15)
 [PSYoungGen: 2764473K->8320K(2754560K)] 4631245K->1875652K(8347008K), 0.0256890 secs] [Times: user=0.15 sys=0.02, real=0.03 secs] 
2011-02-12T03:59:56.794+0000: 13286.113: [GC
Desired survivor size 25624576 bytes, new threshold 1 (max 15)
 [PSYoungGen: 2754560K->8480K(2771136K)] 4621892K->1876292K(8363584K), 0.0246730 secs] [Times: user=0.15 sys=0.01, real=0.02 secs] 
2011-02-12T04:00:01.917+0000: 13291.237: [GC
Desired survivor size 24641536 bytes, new threshold 1 (max 15)
 [PSYoungGen: 2754528K->14158K(2771072K)] 4622340K->1882476K(8363520K), 0.0347380 secs] [Times: user=0.18 sys=0.02, real=0.04 secs] 
2011-02-12T04:00:05.926+0000: 13295.245: [GC
Desired survivor size 27328512 bytes, new threshold 1 (max 15)
 [PSYoungGen: 2760206K->23736K(2766848K)] 4628524K->1892680K(8359296K), 0.0439130 secs] [Times: user=0.26 sys=0.01, real=0.05 secs] 
2011-02-12T04:00:10.652+0000: 13299.971: [GC
Desired survivor size 26607616 bytes, new threshold 1 (max 15)
 [PSYoungGen: 2766520K->15920K(2769472K)] 4635464K->1885360K(8361920K), 0.0352470 secs] [Times: user=0.19 sys=0.01, real=0.03 secs] 
2011-02-12T04:00:15.260+0000: 13304.580: [GC
Desired survivor size 26148864 bytes, new threshold 1 (max 15)
 [PSYoungGen: 2758704K->10816K(2770624K)] 4628144K->1880984K(8363072K), 0.0286610 secs] [Times: user=0.16 sys=0.02, real=0.02 secs] 
2011-02-12T04:00:20.430+0000: 13309.750: [GC
Desired survivor size 26738688 bytes, new threshold 1 (max 15)
 [PSYoungGen: 2755456K->19072K(2763712K)] 4625624K->1889868K(8356160K), 0.0378800 secs] [Times: user=0.24 sys=0.01, real=0.04 secs] 
2011-02-12T04:00:25.689+0000: 13315.009: [GC
Desired survivor size 26869760 bytes, new threshold 1 (max 15)
 [PSYoungGen: 2763712K->7776K(2769792K)] 4634508K->1879060K(8362240K), 0.0270080 secs] [Times: user=0.13 sys=0.01, real=0.03 secs] 
2011-02-12T04:00:30.967+0000: 13320.287: [GC
Desired survivor size 26411008 bytes, new threshold 1 (max 15)
 [PSYoungGen: 2751456K->16282K(2769920K)] 4622740K->1888062K(8362368K), 0.0342250 secs] [Times: user=0.22 sys=0.01, real=0.03 secs] 
2011-02-12T04:00:35.807+0000: 13325.127: [GC
Desired survivor size 26279936 bytes, new threshold 1 (max 15)
 [PSYoungGen: 2759962K->17104K(2770496K)] 4631742K->1889368K(8362944K), 0.0355760 secs] [Times: user=0.18 sys=0.02, real=0.03 secs] 
2011-02-12T04:00:40.826+0000: 13330.145: [GC
Desired survivor size 26083328 bytes, new threshold 1 (max 15)
 [PSYoungGen: 2761808K->17053K(2770368K)] 4634076K->1889841K(8362816K), 0.0366540 secs] [Times: user=0.21 sys=0.02, real=0.03 secs] 
2011-02-12T04:00:46.113+0000: 13335.432: [GC
Desired survivor size 26869760 bytes, new threshold 1 (max 15)
 [PSYoungGen: 2761757K->4256K(2769152K)] 4634545K->1877480K(8361600K), 0.0228080 secs] [Times: user=0.11 sys=0.01, real=0.03 secs] 
2011-02-12T04:00:51.140+0000: 13340.460: [GC
Desired survivor size 26804224 bytes, new threshold 1 (max 15)
 [PSYoungGen: 2747936K->6976K(2769920K)] 4621160K->1880660K(8362368K), 0.0234220 secs] [Times: user=0.13 sys=0.01, real=0.02 secs] 
2011-02-12T04:00:56.361+0000: 13345.681: [GC
Desired survivor size 25755648 bytes, new threshold 1 (max 15)
 [PSYoungGen: 2750656K->11504K(2771008K)] 4624340K->1885748K(8363456K), 0.0302180 secs] [Times: user=0.15 sys=0.01, real=0.03 secs] 
2011-02-12T04:01:01.274+0000: 13350.594: [GC
Desired survivor size 25231360 bytes, new threshold 1 (max 15)
 [PSYoungGen: 2756336K->8610K(2769984K)] 4630580K->1883362K(8362432K), 0.0299200 secs] [Times: user=0.13 sys=0.01, real=0.03 secs] 
2011-02-12T04:01:06.225+0000: 13355.544: [GC
Desired survivor size 24510464 bytes, new threshold 1 (max 15)
 [PSYoungGen: 2753442K->9640K(2772224K)] 4628194K->1885106K(8364672K), 0.0293940 secs] [Times: user=0.17 sys=0.02, real=0.03 secs] 
2011-02-12T04:01:11.513+0000: 13360.832: [GC
Desired survivor size 24772608 bytes, new threshold 1 (max 15)
 [PSYoungGen: 2757224K->16112K(2771520K)] 4632690K->1892206K(8363968K), 0.0342980 secs] [Times: user=0.19 sys=0.01, real=0.03 secs] 
2011-02-12T04:01:16.611+0000: 13365.930: [GC
Desired survivor size 24379392 bytes, new threshold 1 (max 15)
 [PSYoungGen: 2763696K->14616K(2772352K)] 4639790K->1891311K(8364800K), 0.0337910 secs] [Times: user=0.20 sys=0.01, real=0.03 secs] 
2011-02-12T04:01:21.957+0000: 13371.276: [GC
Desired survivor size 24576000 bytes, new threshold 1 (max 15)
 [PSYoungGen: 2762776K->5280K(2771968K)] 4639471K->1882539K(8364416K), 0.0227900 secs] [Times: user=0.11 sys=0.01, real=0.03 secs] 
2011-02-12T04:01:27.330+0000: 13376.649: [GC
Desired survivor size 23396352 bytes, new threshold 1 (max 15)
 [PSYoungGen: 2753440K->11776K(2773312K)] 4630699K->1889553K(8365760K), 0.0306740 secs] [Times: user=0.17 sys=0.02, real=0.03 secs] 
2011-02-12T04:01:32.462+0000: 13381.782: [GC
Desired survivor size 23789568 bytes, new threshold 1 (max 15)
 [PSYoungGen: 2761088K->16032K(2772160K)] 4638865K->1894453K(8364608K), 0.0349860 secs] [Times: user=0.22 sys=0.02, real=0.03 secs] 
2011-02-12T04:01:37.603+0000: 13386.923: [GC
Desired survivor size 25362432 bytes, new threshold 1 (max 15)
 [PSYoungGen: 2765344K->19552K(2769856K)] 4643765K->1898561K(8362304K), 0.0373790 secs] [Times: user=0.23 sys=0.02, real=0.04 secs] 
2011-02-12T04:01:42.810+0000: 13392.130: [GC
Desired survivor size 25296896 bytes, new threshold 1 (max 15)
 [PSYoungGen: 2766176K->6848K(2771392K)] 4645185K->1886409K(8363840K), 0.0257740 secs] [Times: user=0.14 sys=0.02, real=0.03 secs] 
2011-02-12T04:01:47.771+0000: 13397.090: [GC
Desired survivor size 25165824 bytes, new threshold 1 (max 15)
 [PSYoungGen: 2753472K->6144K(2771584K)] 4633033K->1886105K(8364032K), 0.0237840 secs] [Times: user=0.13 sys=0.01, real=0.03 secs] 
2011-02-12T04:01:53.110+0000: 13402.430: [GC
Desired survivor size 23920640 bytes, new threshold 1 (max 15)
 [PSYoungGen: 2753024K->11616K(2771456K)] 4632985K->1891985K(8363904K), 0.0285290 secs] [Times: user=0.17 sys=0.02, real=0.03 secs] 
2011-02-12T04:01:57.890+0000: 13407.210: [GC
Desired survivor size 23265280 bytes, new threshold 1 (max 15)
 [PSYoungGen: 2758496K->9020K(2773440K)] 4638865K->1889762K(8365888K), 0.0271990 secs] [Times: user=0.14 sys=0.02, real=0.03 secs] 
2011-02-12T04:02:02.241+0000: 13411.560: [GC
Desired survivor size 25559040 bytes, new threshold 1 (max 15)
 [PSYoungGen: 2759100K->20689K(2770816K)] 4639842K->1901935K(8363264K), 0.0409750 secs] [Times: user=0.24 sys=0.02, real=0.04 secs] 
2011-02-12T04:02:06.019+0000: 13415.339: [GC
Desired survivor size 26607616 bytes, new threshold 1 (max 15)
 [PSYoungGen: 2770769K->18538K(2769152K)] 4652015K->1900736K(8361600K), 0.0382290 secs] [Times: user=0.22 sys=0.01, real=0.04 secs] 
2011-02-12T04:02:10.415+0000: 13419.735: [GC
Desired survivor size 26279936 bytes, new threshold 1 (max 15)
 [PSYoungGen: 2762730K->7100K(2770176K)] 4644928K->1889850K(8362624K), 0.0258740 secs] [Times: user=0.14 sys=0.02, real=0.03 secs] 
2011-02-12T04:02:15.150+0000: 13424.470: [GC
Desired survivor size 28246016 bytes, new threshold 1 (max 15)
 [PSYoungGen: 2751292K->21168K(2766656K)] 4634042K->1904613K(8359104K), 0.0408010 secs] [Times: user=0.24 sys=0.01, real=0.05 secs] 
2011-02-12T04:02:19.687+0000: 13429.006: [GC
Desired survivor size 27918336 bytes, new threshold 1 (max 15)
 [PSYoungGen: 2762160K->16409K(2768576K)] 4645605K->1900395K(8361024K), 0.0391120 secs] [Times: user=0.19 sys=0.02, real=0.04 secs] 
2011-02-12T04:02:24.691+0000: 13434.010: [GC
Desired survivor size 26542080 bytes, new threshold 1 (max 15)
 [PSYoungGen: 2757401K->13708K(2770240K)] 4641387K->1898200K(8362688K), 0.0312260 secs] [Times: user=0.20 sys=0.01, real=0.04 secs] 
2011-02-12T04:02:29.839+0000: 13439.158: [GC
Desired survivor size 26869760 bytes, new threshold 1 (max 15)
 [PSYoungGen: 2756684K->17792K(2768896K)] 4641176K->1902716K(8361344K), 0.0359020 secs] [Times: user=0.22 sys=0.02, real=0.04 secs] 
2011-02-12T04:02:34.705+0000: 13444.025: [GC
Desired survivor size 27000832 bytes, new threshold 1 (max 15)
 [PSYoungGen: 2760768K->6224K(2769664K)] 4645692K->1891629K(8362112K), 0.0242560 secs] [Times: user=0.11 sys=0.01, real=0.02 secs] 
2011-02-12T04:02:39.594+0000: 13448.913: [GC
Desired survivor size 26214400 bytes, new threshold 1 (max 15)
 [PSYoungGen: 2749648K->10244K(2769792K)] 4635053K->1896174K(8362240K), 0.0273890 secs] [Times: user=0.17 sys=0.01, real=0.02 secs] 
2011-02-12T04:02:44.138+0000: 13453.458: [GC
Desired survivor size 25755648 bytes, new threshold 1 (max 15)
 [PSYoungGen: 2753668K->8224K(2771008K)] 4639598K->1894722K(8363456K), 0.0259520 secs] [Times: user=0.14 sys=0.01, real=0.03 secs] 
2011-02-12T04:02:49.051+0000: 13458.370: [GC
Desired survivor size 25362432 bytes, new threshold 1 (max 15)
 [PSYoungGen: 2753632K->7488K(2770560K)] 4640130K->1894514K(8363008K), 0.0261710 secs] [Times: user=0.13 sys=0.01, real=0.03 secs] 
2011-02-12T04:02:53.801+0000: 13463.121: [GC
Desired survivor size 24510464 bytes, new threshold 1 (max 15)
 [PSYoungGen: 2752896K->9359K(2772224K)] 4639922K->1896965K(8364672K), 0.0276490 secs] [Times: user=0.16 sys=0.01, real=0.03 secs] 
2011-02-12T04:02:58.774+0000: 13468.093: [GC
Desired survivor size 23789568 bytes, new threshold 1 (max 15)
 [PSYoungGen: 2756815K->8588K(2771392K)] 4644421K->1896710K(8363840K), 0.0280170 secs] [Times: user=0.14 sys=0.01, real=0.03 secs] 
2011-02-12T04:03:02.982+0000: 13472.301: [GC
Desired survivor size 25690112 bytes, new threshold 1 (max 15)
 [PSYoungGen: 2756044K->19556K(2769216K)] 4644166K->1908118K(8361664K), 0.0397650 secs] [Times: user=0.22 sys=0.02, real=0.04 secs] 
2011-02-12T04:03:07.683+0000: 13477.003: [GC
Desired survivor size 24641536 bytes, new threshold 1 (max 15)
 [PSYoungGen: 2765540K->10608K(2771072K)] 4654102K->1899976K(8363520K), 0.0292980 secs] [Times: user=0.17 sys=0.02, real=0.03 secs] 
2011-02-12T04:03:12.737+0000: 13482.057: [GC
Desired survivor size 24051712 bytes, new threshold 1 (max 15)
 [PSYoungGen: 2756592K->13680K(2772672K)] 4645960K->1903572K(8365120K), 0.0314150 secs] [Times: user=0.19 sys=0.02, real=0.04 secs] 
2011-02-12T04:03:18.004+0000: 13487.324: [GC
Desired survivor size 25362432 bytes, new threshold 1 (max 15)
 [PSYoungGen: 2762288K->18808K(2767424K)] 4652180K->1909425K(8359872K), 0.0360210 secs] [Times: user=0.23 sys=0.00, real=0.04 secs] 
2011-02-12T04:03:23.044+0000: 13492.364: [GC
Desired survivor size 25362432 bytes, new threshold 1 (max 15)
 [PSYoungGen: 2767416K->16096K(2771392K)] 4658033K->1907200K(8363840K), 0.0339070 secs] [Times: user=0.22 sys=0.02, real=0.03 secs] 
2011-02-12T04:03:27.518+0000: 13496.837: [GC
Desired survivor size 24444928 bytes, new threshold 1 (max 15)
 [PSYoungGen: 2762720K->13904K(2771392K)] 4653824K->1905513K(8363840K), 0.0310600 secs] [Times: user=0.18 sys=0.01, real=0.03 secs] 
2011-02-12T04:03:32.635+0000: 13501.955: [GC
Desired survivor size 24313856 bytes, new threshold 1 (max 15)
 [PSYoungGen: 2760528K->15712K(2772416K)] 4652137K->1907637K(8364864K), 0.0338550 secs] [Times: user=0.20 sys=0.02, real=0.03 secs] 
2011-02-12T04:03:37.828+0000: 13507.148: [GC
Desired survivor size 27328512 bytes, new threshold 1 (max 15)
 [PSYoungGen: 2764256K->23731K(2772288K)] 4656181K->1916300K(8364736K), 0.0424590 secs] [Times: user=0.29 sys=0.01, real=0.05 secs] 
2011-02-12T04:03:43.318+0000: 13512.638: [GC
Desired survivor size 26214400 bytes, new threshold 1 (max 15)
 [PSYoungGen: 2772275K->14112K(2768832K)] 4664844K->1907166K(8361280K), 0.0320710 secs] [Times: user=0.18 sys=0.02, real=0.03 secs] 
2011-02-12T04:03:48.770+0000: 13518.089: [GC
Desired survivor size 26017792 bytes, new threshold 1 (max 15)
 [PSYoungGen: 2759072K->9248K(2770560K)] 4652126K->1902899K(8363008K), 0.0268050 secs] [Times: user=0.15 sys=0.01, real=0.03 secs] 
2011-02-12T04:03:53.774+0000: 13523.094: [GC
Desired survivor size 25165824 bytes, new threshold 1 (max 15)
 [PSYoungGen: 2754208K->12007K(2771584K)] 4647859K->1906215K(8364032K), 0.0298640 secs] [Times: user=0.17 sys=0.01, real=0.03 secs] 
2011-02-12T04:03:58.729+0000: 13528.049: [GC
Desired survivor size 24576000 bytes, new threshold 1 (max 15)
 [PSYoungGen: 2758183K->11168K(2770752K)] 4652391K->1905887K(8363200K), 0.0296130 secs] [Times: user=0.17 sys=0.00, real=0.03 secs] 
2011-02-12T04:04:03.646+0000: 13532.966: [GC
Desired survivor size 23986176 bytes, new threshold 1 (max 15)
 [PSYoungGen: 2757344K->14842K(2772736K)] 4652063K->1910033K(8365184K), 0.0342250 secs] [Times: user=0.19 sys=0.02, real=0.03 secs] 
2011-02-12T04:04:08.625+0000: 13537.945: [GC
Desired survivor size 23003136 bytes, new threshold 1 (max 15)
 [PSYoungGen: 2763578K->13520K(2772160K)] 4658769K->1909485K(8364608K), 0.0336570 secs] [Times: user=0.18 sys=0.02, real=0.03 secs] 
2011-02-12T04:04:13.817+0000: 13543.137: [GC
Desired survivor size 22675456 bytes, new threshold 1 (max 15)
 [PSYoungGen: 2762256K->15104K(2774016K)] 4658221K->1911529K(8366464K), 0.0333050 secs] [Times: user=0.20 sys=0.02, real=0.03 secs] 
2011-02-12T04:04:19.026+0000: 13548.346: [GC
Desired survivor size 22347776 bytes, new threshold 1 (max 15)
 [PSYoungGen: 2766656K->15168K(2773696K)] 4663081K->1912241K(8366144K), 0.0340780 secs] [Times: user=0.20 sys=0.02, real=0.03 secs] 
2011-02-12T04:04:24.039+0000: 13553.358: [GC
Desired survivor size 23134208 bytes, new threshold 1 (max 15)
 [PSYoungGen: 2766720K->18161K(2772800K)] 4663793K->1915715K(8365248K), 0.0365590 secs] [Times: user=0.22 sys=0.02, real=0.03 secs] 
2011-02-12T04:04:29.579+0000: 13558.899: [GC
Desired survivor size 23265280 bytes, new threshold 1 (max 15)
 [PSYoungGen: 2769137K->8768K(2759744K)] 4666691K->1907023K(8352192K), 0.0284610 secs] [Times: user=0.13 sys=0.02, real=0.03 secs] 
2011-02-12T04:04:35.035+0000: 13564.355: [GC
Desired survivor size 24838144 bytes, new threshold 1 (max 15)
 [PSYoungGen: 2759744K->20320K(2770368K)] 4657999K->1919091K(8362816K), 0.0391390 secs] [Times: user=0.26 sys=0.01, real=0.04 secs] 
2011-02-12T04:04:40.330+0000: 13569.650: [GC
Desired survivor size 24248320 bytes, new threshold 1 (max 15)
 [PSYoungGen: 2767968K->12032K(2771904K)] 4666739K->1911171K(8364352K), 0.0307930 secs] [Times: user=0.18 sys=0.02, real=0.03 secs] 
2011-02-12T04:04:46.025+0000: 13575.345: [GC
Desired survivor size 24117248 bytes, new threshold 1 (max 15)
 [PSYoungGen: 2759680K->9560K(2772608K)] 4658819K->1909124K(8365056K), 0.0272730 secs] [Times: user=0.16 sys=0.01, real=0.03 secs] 
2011-02-12T04:04:51.503+0000: 13580.823: [GC
Desired survivor size 26542080 bytes, new threshold 1 (max 15)
 [PSYoungGen: 2758488K->22799K(2771776K)] 4658052K->1922883K(8364224K), 0.0420530 secs] [Times: user=0.27 sys=0.01, real=0.04 secs] 
2011-02-12T04:04:57.277+0000: 13586.597: [GC
Desired survivor size 26345472 bytes, new threshold 1 (max 15)
 [PSYoungGen: 2771727K->17312K(2769088K)] 4671811K->1917952K(8361536K), 0.0348620 secs] [Times: user=0.22 sys=0.01, real=0.04 secs] 
2011-02-12T04:05:02.847+0000: 13592.166: [GC
Desired survivor size 25427968 bytes, new threshold 1 (max 15)
 [PSYoungGen: 2762016K->13914K(2770432K)] 4662656K->1915139K(8362880K), 0.0324400 secs] [Times: user=0.20 sys=0.02, real=0.03 secs] 
2011-02-12T04:05:07.915+0000: 13597.235: [GC
Desired survivor size 24641536 bytes, new threshold 1 (max 15)
 [PSYoungGen: 2758618K->13584K(2772096K)] 4659843K->1915575K(8364544K), 0.0333860 secs] [Times: user=0.18 sys=0.02, real=0.03 secs] 
2011-02-12T04:05:13.698+0000: 13603.018: [GC
Desired survivor size 24641536 bytes, new threshold 1 (max 15)
 [PSYoungGen: 2760848K->9104K(2771328K)] 4662839K->1911672K(8363776K), 0.0274830 secs] [Times: user=0.15 sys=0.02, real=0.03 secs] 
2011-02-12T04:05:19.231+0000: 13608.550: [GC
Desired survivor size 25296896 bytes, new threshold 1 (max 15)
 [PSYoungGen: 2756368K->4492K(2770816K)] 4658936K->1907720K(8363264K), 0.0229400 secs] [Times: user=0.12 sys=0.02, real=0.03 secs] 
2011-02-12T04:05:24.706+0000: 13614.025: [GC
Desired survivor size 24379392 bytes, new threshold 1 (max 15)
 [PSYoungGen: 2751244K->11968K(2771456K)] 4654472K->1915664K(8363904K), 0.0314560 secs] [Times: user=0.16 sys=0.02, real=0.03 secs] 
2011-02-12T04:05:29.780+0000: 13619.099: [GC
Desired survivor size 25165824 bytes, new threshold 1 (max 15)
 [PSYoungGen: 2758720K->18048K(2770816K)] 4662416K->1922212K(8363264K), 0.0363560 secs] [Times: user=0.23 sys=0.01, real=0.04 secs] 
2011-02-12T04:05:34.875+0000: 13624.195: [GC
Desired survivor size 25821184 bytes, new threshold 1 (max 15)
 [PSYoungGen: 2765056K->18272K(2765312K)] 4669220K->1922948K(8357760K), 0.0346080 secs] [Times: user=0.23 sys=0.02, real=0.03 secs] 
2011-02-12T04:05:40.202+0000: 13629.521: [GC
Desired survivor size 24838144 bytes, new threshold 1 (max 15)
 [PSYoungGen: 2765280K->14493K(2771904K)] 4669956K->1919725K(8364352K), 0.0323440 secs] [Times: user=0.19 sys=0.02, real=0.03 secs] 
2011-02-12T04:05:45.441+0000: 13634.760: [GC
Desired survivor size 24969216 bytes, new threshold 1 (max 15)
 [PSYoungGen: 2761181K->7392K(2770944K)] 4666413K->1913254K(8363392K), 0.0258310 secs] [Times: user=0.15 sys=0.01, real=0.03 secs] 
2011-02-12T04:05:51.040+0000: 13640.360: [GC
Desired survivor size 24576000 bytes, new threshold 1 (max 15)
 [PSYoungGen: 2754080K->15264K(2772160K)] 4659942K->1921606K(8364608K), 0.0336830 secs] [Times: user=0.22 sys=0.01, real=0.03 secs] 
2011-02-12T04:05:56.491+0000: 13645.810: [GC
Desired survivor size 24313856 bytes, new threshold 1 (max 15)
 [PSYoungGen: 2763040K->8998K(2771776K)] 4669382K->1915764K(8364224K), 0.0275360 secs] [Times: user=0.15 sys=0.02, real=0.03 secs] 
2011-02-12T04:06:01.265+0000: 13650.585: [GC
Desired survivor size 24838144 bytes, new threshold 1 (max 15)
 [PSYoungGen: 2756774K->3777K(2771392K)] 4663540K->1911098K(8363840K), 0.0277080 secs] [Times: user=0.11 sys=0.01, real=0.03 secs] 
2011-02-12T04:06:05.864+0000: 13655.183: [GC
Desired survivor size 25427968 bytes, new threshold 1 (max 15)
 [PSYoungGen: 2751425K->17082K(2764736K)] 4658746K->1925251K(8357184K), 0.0383610 secs] [Times: user=0.21 sys=0.02, real=0.04 secs] 
2011-02-12T04:06:10.486+0000: 13659.806: [GC
Desired survivor size 24772608 bytes, new threshold 1 (max 15)
 [PSYoungGen: 2764730K->9616K(2771968K)] 4672899K->1918507K(8364416K), 0.0330950 secs] [Times: user=0.15 sys=0.01, real=0.04 secs] 
2011-02-12T04:06:15.379+0000: 13664.698: [GC
Desired survivor size 24117248 bytes, new threshold 1 (max 15)
 [PSYoungGen: 2756752K->9155K(2771328K)] 4665643K->1918794K(8363776K), 0.0281440 secs] [Times: user=0.15 sys=0.01, real=0.03 secs] 
2011-02-12T04:06:19.885+0000: 13669.205: [GC
Desired survivor size 24772608 bytes, new threshold 1 (max 15)
 [PSYoungGen: 2756291K->16960K(2771328K)] 4665930K->1927343K(8363776K), 0.0360770 secs] [Times: user=0.21 sys=0.01, real=0.04 secs] 
2011-02-12T04:06:24.754+0000: 13674.073: [GC
Desired survivor size 25296896 bytes, new threshold 1 (max 15)
 [PSYoungGen: 2764736K->16992K(2764800K)] 4675119K->1927767K(8357248K), 0.0354350 secs] [Times: user=0.23 sys=0.01, real=0.03 secs] 
2011-02-12T04:06:29.343+0000: 13678.662: [GC
Desired survivor size 24641536 bytes, new threshold 1 (max 15)
 [PSYoungGen: 2764768K->9856K(2772096K)] 4675543K->1921095K(8364544K), 0.0268530 secs] [Times: user=0.16 sys=0.01, real=0.02 secs] 
2011-02-12T04:06:34.161+0000: 13683.481: [GC
Desired survivor size 24641536 bytes, new threshold 1 (max 15)
 [PSYoungGen: 2757248K->6051K(2771456K)] 4668487K->1917726K(8363904K), 0.0237010 secs] [Times: user=0.14 sys=0.01, real=0.03 secs] 
2011-02-12T04:06:39.370+0000: 13688.690: [GC
Desired survivor size 23527424 bytes, new threshold 1 (max 15)
 [PSYoungGen: 2753443K->11264K(2773184K)] 4665118K->1923450K(8365632K), 0.0292220 secs] [Times: user=0.18 sys=0.01, real=0.03 secs] 
2011-02-12T04:06:44.399+0000: 13693.719: [GC
Desired survivor size 23003136 bytes, new threshold 1 (max 15)
 [PSYoungGen: 2760384K->13536K(2772096K)] 4672570K->1926278K(8364544K), 0.0328130 secs] [Times: user=0.19 sys=0.02, real=0.03 secs] 
2011-02-12T04:06:49.169+0000: 13698.489: [GC
Desired survivor size 22544384 bytes, new threshold 1 (max 15)
 [PSYoungGen: 2762656K->8821K(2774144K)] 4675398K->1922076K(8366592K), 0.0268730 secs] [Times: user=0.17 sys=0.01, real=0.03 secs] 
2011-02-12T04:06:54.393+0000: 13703.712: [GC
Desired survivor size 21757952 bytes, new threshold 1 (max 15)
 [PSYoungGen: 2760501K->12592K(2773696K)] 4673756K->1926298K(8366144K), 0.0315020 secs] [Times: user=0.18 sys=0.01, real=0.03 secs] 
2011-02-12T04:06:59.519+0000: 13708.838: [GC
Desired survivor size 22347776 bytes, new threshold 1 (max 15)
 [PSYoungGen: 2764272K->15904K(2773760K)] 4677978K->1930122K(8366208K), 0.0357580 secs] [Times: user=0.20 sys=0.01, real=0.03 secs] 
2011-02-12T04:07:04.297+0000: 13713.616: [GC
Desired survivor size 23724032 bytes, new threshold 1 (max 15)
 [PSYoungGen: 2768416K->18371K(2770944K)] 4682634K->1932985K(8363392K), 0.0406870 secs] [Times: user=0.21 sys=0.02, real=0.04 secs] 
2011-02-12T04:07:09.433+0000: 13718.753: [GC
Desired survivor size 25034752 bytes, new threshold 1 (max 15)
 [PSYoungGen: 2770883K->19200K(2770432K)] 4685497K->1934528K(8362880K), 0.0381320 secs] [Times: user=0.24 sys=0.02, real=0.04 secs] 
2011-02-12T04:07:14.265+0000: 13723.585: [GC
Desired survivor size 26148864 bytes, new threshold 1 (max 15)
 [PSYoungGen: 2766464K->19299K(2766592K)] 4681792K->1935443K(8359040K), 0.0391380 secs] [Times: user=0.21 sys=0.02, real=0.04 secs] 
2011-02-12T04:07:19.516+0000: 13728.835: [GC
Desired survivor size 26017792 bytes, new threshold 1 (max 15)
 [PSYoungGen: 2766563K->8096K(2770752K)] 4682707K->1924800K(8363200K), 0.0253940 secs] [Times: user=0.16 sys=0.01, real=0.03 secs] 
2011-02-12T04:07:24.362+0000: 13733.682: [GC
Desired survivor size 25952256 bytes, new threshold 1 (max 15)
 [PSYoungGen: 2753312K->6672K(2770624K)] 4670016K->1924000K(8363072K), 0.0241630 secs] [Times: user=0.13 sys=0.02, real=0.02 secs] 
2011-02-12T04:07:29.560+0000: 13738.879: [GC
Desired survivor size 25362432 bytes, new threshold 1 (max 15)
 [PSYoungGen: 2751888K->8992K(2771392K)] 4669216K->1926776K(8363840K), 0.0281540 secs] [Times: user=0.17 sys=0.02, real=0.02 secs] 
2011-02-12T04:07:34.538+0000: 13743.858: [GC
Desired survivor size 24576000 bytes, new threshold 1 (max 15)
 [PSYoungGen: 2755040K->9568K(2770816K)] 4672824K->1927848K(8363264K), 0.0281060 secs] [Times: user=0.16 sys=0.02, real=0.03 secs] 
2011-02-12T04:07:39.638+0000: 13748.957: [GC
Desired survivor size 23461888 bytes, new threshold 1 (max 15)
 [PSYoungGen: 2755616K->11774K(2773248K)] 4673896K->1930454K(8365696K), 0.0295680 secs] [Times: user=0.19 sys=0.01, real=0.03 secs] 
2011-02-12T04:07:44.290+0000: 13753.609: [GC
Desired survivor size 23396352 bytes, new threshold 1 (max 15)
 [PSYoungGen: 2761022K->5824K(2772160K)] 4679702K->1924968K(8364608K), 0.0247930 secs] [Times: user=0.13 sys=0.02, real=0.03 secs] 
2011-02-12T04:07:49.357+0000: 13758.677: [GC
Desired survivor size 22937600 bytes, new threshold 1 (max 15)
 [PSYoungGen: 2755072K->7712K(2773760K)] 4674216K->1927348K(8366208K), 0.0254890 secs] [Times: user=0.15 sys=0.01, real=0.03 secs] 
2011-02-12T04:07:54.390+0000: 13763.710: [GC
Desired survivor size 22151168 bytes, new threshold 1 (max 15)
 [PSYoungGen: 2758624K->8896K(2773312K)] 4678260K->1929120K(8365760K), 0.0264720 secs] [Times: user=0.15 sys=0.01, real=0.03 secs] 
2011-02-12T04:07:59.242+0000: 13768.562: [GC
Desired survivor size 21692416 bytes, new threshold 1 (max 15)
 [PSYoungGen: 2759808K->7200K(2774976K)] 4680032K->1928000K(8367424K), 0.0253300 secs] [Times: user=0.13 sys=0.01, real=0.03 secs] 
2011-02-12T04:08:03.519+0000: 13772.839: [GC
Desired survivor size 22806528 bytes, new threshold 1 (max 15)
 [PSYoungGen: 2760544K->16346K(2769728K)] 4681344K->1937725K(8362176K), 0.0353230 secs] [Times: user=0.21 sys=0.01, real=0.04 secs] 
2011-02-12T04:08:08.280+0000: 13777.599: [GC
Desired survivor size 22085632 bytes, new threshold 1 (max 15)
 [PSYoungGen: 2769690K->8624K(2774592K)] 4691069K->1930617K(8367040K), 0.0287400 secs] [Times: user=0.14 sys=0.01, real=0.03 secs] 
2011-02-12T04:08:13.440+0000: 13782.760: [GC
Desired survivor size 22020096 bytes, new threshold 1 (max 15)
 [PSYoungGen: 2760944K->13472K(2773888K)] 4682937K->1935969K(8366336K), 0.0318120 secs] [Times: user=0.19 sys=0.01, real=0.03 secs] 
2011-02-12T04:08:18.370+0000: 13787.690: [GC
Desired survivor size 21037056 bytes, new threshold 1 (max 15)
 [PSYoungGen: 2765792K->11296K(2775616K)] 4688289K->1934585K(8368064K), 0.0286000 secs] [Times: user=0.17 sys=0.02, real=0.03 secs] 
2011-02-12T04:08:23.156+0000: 13792.476: [GC
Desired survivor size 20643840 bytes, new threshold 1 (max 15)
 [PSYoungGen: 2765408K->7776K(2774656K)] 4688697K->1931493K(8367104K), 0.0275300 secs] [Times: user=0.14 sys=0.00, real=0.02 secs] 
2011-02-12T04:08:28.231+0000: 13797.551: [GC
Desired survivor size 21823488 bytes, new threshold 1 (max 15)
 [PSYoungGen: 2761888K->16448K(2773696K)] 4685605K->1940629K(8366144K), 0.0344580 secs] [Times: user=0.21 sys=0.01, real=0.03 secs] 
2011-02-12T04:08:32.959+0000: 13802.279: [GC
Desired survivor size 22740992 bytes, new threshold 1 (max 15)
 [PSYoungGen: 2769984K->16419K(2769984K)] 4694165K->1941052K(8362432K), 0.0352100 secs] [Times: user=0.21 sys=0.01, real=0.03 secs] 
2011-02-12T04:08:38.232+0000: 13807.551: [GC
Desired survivor size 24969216 bytes, new threshold 1 (max 15)
 [PSYoungGen: 2769955K->20588K(2769600K)] 4694588K->1945753K(8362048K), 0.0383690 secs] [Times: user=0.25 sys=0.01, real=0.04 secs] 
2011-02-12T04:08:43.763+0000: 13813.082: [GC
Desired survivor size 23920640 bytes, new threshold 1 (max 15)
 [PSYoungGen: 2767980K->11968K(2771776K)] 4693145K->1937633K(8364224K), 0.0310710 secs] [Times: user=0.17 sys=0.01, real=0.03 secs] 
2011-02-12T04:08:49.320+0000: 13818.640: [GC
Desired survivor size 23527424 bytes, new threshold 1 (max 15)
 [PSYoungGen: 2759360K->8762K(2773184K)] 4685025K->1934891K(8365632K), 0.0259720 secs] [Times: user=0.15 sys=0.01, real=0.02 secs] 
2011-02-12T04:08:54.275+0000: 13823.595: [GC
Desired survivor size 23199744 bytes, new threshold 1 (max 15)
 [PSYoungGen: 2758586K->7846K(2772800K)] 4684715K->1934646K(8365248K), 0.0245770 secs] [Times: user=0.14 sys=0.01, real=0.03 secs] 
2011-02-12T04:08:59.129+0000: 13828.449: [GC
Desired survivor size 22937600 bytes, new threshold 1 (max 15)
 [PSYoungGen: 2757670K->7053K(2773760K)] 4684470K->1934288K(8366208K), 0.0237590 secs] [Times: user=0.13 sys=0.01, real=0.03 secs] 
2011-02-12T04:09:04.078+0000: 13833.397: [GC
Desired survivor size 22085632 bytes, new threshold 1 (max 15)
 [PSYoungGen: 2758157K->9805K(2773504K)] 4685392K->1938636K(8365952K), 0.0283670 secs] [Times: user=0.14 sys=0.02, real=0.03 secs] 
2011-02-12T04:09:08.977+0000: 13838.296: [GC
Desired survivor size 21823488 bytes, new threshold 1 (max 15)
 [PSYoungGen: 2760909K->13392K(2774848K)] 4689740K->1943157K(8367296K), 0.0329540 secs] [Times: user=0.20 sys=0.01, real=0.03 secs] 
2011-02-12T04:09:14.005+0000: 13843.325: [GC
Desired survivor size 24444928 bytes, new threshold 1 (max 15)
 [PSYoungGen: 2766672K->21040K(2774336K)] 4696437K->1951489K(8366784K), 0.0391720 secs] [Times: user=0.25 sys=0.02, real=0.04 secs] 
2011-02-12T04:09:18.438+0000: 13847.758: [GC
Desired survivor size 24051712 bytes, new threshold 1 (max 15)
 [PSYoungGen: 2774320K->14408K(2771008K)] 4704769K->1945578K(8363456K), 0.0348360 secs] [Times: user=0.18 sys=0.02, real=0.04 secs] 
2011-02-12T04:09:23.324+0000: 13852.644: [GC
Desired survivor size 23003136 bytes, new threshold 1 (max 15)
 [PSYoungGen: 2763592K->12288K(2772672K)] 4694762K->1944039K(8365120K), 0.0317640 secs] [Times: user=0.19 sys=0.01, real=0.03 secs] 
2011-02-12T04:09:28.268+0000: 13857.588: [GC
Desired survivor size 22806528 bytes, new threshold 1 (max 15)
 [PSYoungGen: 2761472K->7936K(2773888K)] 4693223K->1940119K(8366336K), 0.0269410 secs] [Times: user=0.15 sys=0.02, real=0.03 secs] 
2011-02-12T04:09:33.727+0000: 13863.047: [GC
Desired survivor size 23724032 bytes, new threshold 1 (max 15)
 [PSYoungGen: 2759360K->17376K(2768832K)] 4691543K->1949967K(8361280K), 0.0355430 secs] [Times: user=0.22 sys=0.01, real=0.03 secs] 
2011-02-12T04:09:38.924+0000: 13868.244: [GC
Desired survivor size 23855104 bytes, new threshold 1 (max 15)
 [PSYoungGen: 2768800K->5824K(2772736K)] 4701391K->1938987K(8365184K), 0.0257350 secs] [Times: user=0.13 sys=0.02, real=0.03 secs] 
2011-02-12T04:09:44.254+0000: 13873.574: [GC
Desired survivor size 23330816 bytes, new threshold 1 (max 15)
 [PSYoungGen: 2755392K->13626K(2772864K)] 4688555K->1947330K(8365312K), 0.0316460 secs] [Times: user=0.20 sys=0.03, real=0.04 secs] 
2011-02-12T04:09:49.567+0000: 13878.887: [GC
Desired survivor size 24641536 bytes, new threshold 1 (max 15)
 [PSYoungGen: 2763194K->18432K(2770816K)] 4696898K->1952595K(8363264K), 0.0368610 secs] [Times: user=0.23 sys=0.02, real=0.03 secs] 
2011-02-12T04:09:54.795+0000: 13884.115: [GC
Desired survivor size 24248320 bytes, new threshold 1 (max 15)
 [PSYoungGen: 2766464K->8537K(2772096K)] 4700627K->1943217K(8364544K), 0.0278440 secs] [Times: user=0.15 sys=0.02, real=0.03 secs] 
2011-02-12T04:09:59.857+0000: 13889.177: [GC
Desired survivor size 23461888 bytes, new threshold 1 (max 15)
 [PSYoungGen: 2756569K->10144K(2773248K)] 4691249K->1945219K(8365696K), 0.0289980 secs] [Times: user=0.16 sys=0.02, real=0.03 secs] 
2011-02-12T04:10:04.264+0000: 13893.584: [GC
Desired survivor size 23265280 bytes, new threshold 1 (max 15)
 [PSYoungGen: 2759712K->6682K(2772480K)] 4694787K->1942245K(8364928K), 0.0256440 secs] [Times: user=0.13 sys=0.02, real=0.03 secs] 
2011-02-12T04:10:08.660+0000: 13897.980: [GC
Desired survivor size 24313856 bytes, new threshold 1 (max 15)
 [PSYoungGen: 2756250K->17248K(2771392K)] 4691813K->1953562K(8363840K), 0.0365440 secs] [Times: user=0.22 sys=0.02, real=0.03 secs] 
2011-02-12T04:10:13.178+0000: 13902.498: [GC
Desired survivor size 23658496 bytes, new threshold 1 (max 15)
 [PSYoungGen: 2765920K->9056K(2772416K)] 4702234K->1946038K(8364864K), 0.0305600 secs] [Times: user=0.14 sys=0.01, real=0.04 secs] 
2011-02-12T04:10:18.007+0000: 13907.326: [GC
Desired survivor size 23592960 bytes, new threshold 1 (max 15)
 [PSYoungGen: 2757728K->5472K(2773120K)] 4694710K->1943214K(8365568K), 0.0238700 secs] [Times: user=0.12 sys=0.02, real=0.03 secs] 
2011-02-12T04:10:22.886+0000: 13912.206: [GC
Desired survivor size 26673152 bytes, new threshold 1 (max 15)
 [PSYoungGen: 2755488K->22528K(2772544K)] 4693230K->1960762K(8364992K), 0.0430920 secs] [Times: user=0.27 sys=0.02, real=0.04 secs] 
2011-02-12T04:10:27.962+0000: 13917.282: [GC
Desired survivor size 26673152 bytes, new threshold 1 (max 15)
 [PSYoungGen: 2772544K->4352K(2767680K)] 4710778K->1943050K(8360128K), 0.0227900 secs] [Times: user=0.11 sys=0.02, real=0.02 secs] 
2011-02-12T04:10:32.740+0000: 13922.060: [GC
Desired survivor size 28770304 bytes, new threshold 1 (max 15)
 [PSYoungGen: 2748416K->20928K(2764992K)] 4687114K->1960022K(8357440K), 0.0397830 secs] [Times: user=0.25 sys=0.02, real=0.04 secs] 
2011-02-12T04:10:38.110+0000: 13927.430: [GC
Desired survivor size 28442624 bytes, new threshold 1 (max 15)
 [PSYoungGen: 2764992K->15904K(2768384K)] 4704086K->1955462K(8360832K), 0.0346470 secs] [Times: user=0.19 sys=0.01, real=0.04 secs] 
2011-02-12T04:10:42.968+0000: 13932.288: [GC
Desired survivor size 27197440 bytes, new threshold 1 (max 15)
 [PSYoungGen: 2756192K->13504K(2768064K)] 4695750K->1953590K(8360512K), 0.0321780 secs] [Times: user=0.19 sys=0.01, real=0.03 secs] 
2011-02-12T04:10:48.156+0000: 13937.476: [GC
Desired survivor size 27918336 bytes, new threshold 1 (max 15)
 [PSYoungGen: 2753792K->18534K(2768192K)] 4693878K->1959084K(8360640K), 0.0376810 secs] [Times: user=0.24 sys=0.02, real=0.04 secs] 
2011-02-12T04:10:53.178+0000: 13942.498: [GC
Desired survivor size 28770304 bytes, new threshold 1 (max 15)
 [PSYoungGen: 2760166K->19456K(2761088K)] 4700716K->1960590K(8353536K), 0.0373240 secs] [Times: user=0.25 sys=0.02, real=0.04 secs] 
2011-02-12T04:10:57.900+0000: 13947.219: [GC
Desired survivor size 28311552 bytes, new threshold 1 (max 15)
 [PSYoungGen: 2761088K->16576K(2768512K)] 4702222K->1958254K(8360960K), 0.0355160 secs] [Times: user=0.22 sys=0.01, real=0.04 secs] 
2011-02-12T04:11:02.903+0000: 13952.223: [GC
Desired survivor size 29032448 bytes, new threshold 1 (max 15)
 [PSYoungGen: 2756992K->19706K(2760128K)] 4698670K->1961801K(8352576K), 0.0391980 secs] [Times: user=0.25 sys=0.02, real=0.04 secs] 
2011-02-12T04:11:07.883+0000: 13957.202: [GC
Desired survivor size 28180480 bytes, new threshold 1 (max 15)
 [PSYoungGen: 2760122K->16225K(2768640K)] 4702217K->1959010K(8361088K), 0.0355970 secs] [Times: user=0.23 sys=0.03, real=0.04 secs] 
2011-02-12T04:11:12.963+0000: 13962.283: [GC
Desired survivor size 28573696 bytes, new threshold 1 (max 15)
 [PSYoungGen: 2756513K->19504K(2767808K)] 4699298K->1962769K(8360256K), 0.0380240 secs] [Times: user=0.23 sys=0.02, real=0.04 secs] 
2011-02-12T04:11:18.395+0000: 13967.715: [GC
Desired survivor size 28180480 bytes, new threshold 1 (max 15)
 [PSYoungGen: 2759792K->10400K(2768640K)] 4703057K->1954353K(8361088K), 0.0304080 secs] [Times: user=0.18 sys=0.02, real=0.03 secs] 
2011-02-12T04:11:24.126+0000: 13973.446: [GC
Desired survivor size 28442624 bytes, new threshold 1 (max 15)
 [PSYoungGen: 2751136K->6032K(2768256K)] 4695089K->1950469K(8360704K), 0.0243340 secs] [Times: user=0.13 sys=0.02, real=0.03 secs] 
2011-02-12T04:11:29.679+0000: 13978.999: [GC
Desired survivor size 27721728 bytes, new threshold 1 (max 15)
 [PSYoungGen: 2746768K->15904K(2769088K)] 4691205K->1960997K(8361536K), 0.0343800 secs] [Times: user=0.20 sys=0.01, real=0.03 secs] 
2011-02-12T04:11:35.017+0000: 13984.336: [GC
Desired survivor size 26804224 bytes, new threshold 1 (max 15)
 [PSYoungGen: 2757216K->11936K(2768384K)] 4702309K->1957549K(8360832K), 0.0305300 secs] [Times: user=0.18 sys=0.01, real=0.03 secs] 
2011-02-12T04:11:40.742+0000: 13990.062: [GC
Desired survivor size 26869760 bytes, new threshold 1 (max 15)
 [PSYoungGen: 2753248K->6720K(2769856K)] 4698861K->1952849K(8362304K), 0.0255870 secs] [Times: user=0.14 sys=0.02, real=0.02 secs] 
2011-02-12T04:11:46.104+0000: 13995.424: [GC
Desired survivor size 26869760 bytes, new threshold 1 (max 15)
 [PSYoungGen: 2750400K->16864K(2769920K)] 4696529K->1963505K(8362368K), 0.0358930 secs] [Times: user=0.23 sys=0.02, real=0.04 secs] 
2011-02-12T04:11:51.151+0000: 14000.470: [GC
Desired survivor size 27590656 bytes, new threshold 1 (max 15)
 [PSYoungGen: 2760544K->18824K(2768512K)] 4707185K->1965901K(8360960K), 0.0367920 secs] [Times: user=0.25 sys=0.02, real=0.03 secs] 
2011-02-12T04:11:56.038+0000: 14005.358: [GC
Desired survivor size 28835840 bytes, new threshold 1 (max 15)
 [PSYoungGen: 2761096K->20896K(2763200K)] 4708173K->1968337K(8355648K), 0.0390940 secs] [Times: user=0.25 sys=0.02, real=0.04 secs] 
2011-02-12T04:12:01.382+0000: 14010.702: [GC
Desired survivor size 28770304 bytes, new threshold 1 (max 15)
 [PSYoungGen: 2763168K->7458K(2768064K)] 4710609K->1955403K(8360512K), 0.0258170 secs] [Times: user=0.13 sys=0.02, real=0.02 secs] 
2011-02-12T04:12:06.472+0000: 14015.791: [GC
Desired survivor size 28835840 bytes, new threshold 1 (max 15)
 [PSYoungGen: 2747362K->5528K(2768000K)] 4695307K->1954171K(8360448K), 0.0247070 secs] [Times: user=0.13 sys=0.02, real=0.03 secs] 
2011-02-12T04:12:11.612+0000: 14020.932: [GC
Desired survivor size 27525120 bytes, new threshold 1 (max 15)
 [PSYoungGen: 2745432K->11952K(2769280K)] 4694075K->1961371K(8361728K), 0.0328870 secs] [Times: user=0.17 sys=0.01, real=0.04 secs] 
2011-02-12T04:12:17.081+0000: 14026.401: [GC
Desired survivor size 28246016 bytes, new threshold 1 (max 15)
 [PSYoungGen: 2753072K->18688K(2768000K)] 4702491K->1968771K(8360448K), 0.0367500 secs] [Times: user=0.23 sys=0.02, real=0.04 secs] 
2011-02-12T04:12:22.320+0000: 14031.640: [GC
Desired survivor size 27721728 bytes, new threshold 1 (max 15)
 [PSYoungGen: 2759808K->8506K(2769088K)] 4709891K->1959066K(8361536K), 0.0271730 secs] [Times: user=0.14 sys=0.01, real=0.03 secs] 
2011-02-12T04:12:27.586+0000: 14036.906: [GC
Desired survivor size 28442624 bytes, new threshold 1 (max 15)
 [PSYoungGen: 2750010K->18784K(2760320K)] 4700570K->1969815K(8352768K), 0.0372620 secs] [Times: user=0.24 sys=0.02, real=0.03 secs] 
2011-02-12T04:12:32.620+0000: 14041.940: [GC
Desired survivor size 29229056 bytes, new threshold 1 (max 15)
 [PSYoungGen: 2760288K->19587K(2766848K)] 4711319K->1971074K(8359296K), 0.0388580 secs] [Times: user=0.24 sys=0.02, real=0.04 secs] 
2011-02-12T04:12:37.940+0000: 14047.260: [GC
Desired survivor size 28770304 bytes, new threshold 1 (max 15)
 [PSYoungGen: 2758659K->8320K(2767616K)] 4710146K->1960342K(8360064K), 0.0257400 secs] [Times: user=0.16 sys=0.03, real=0.02 secs] 
2011-02-12T04:12:42.996+0000: 14052.315: [GC
Desired survivor size 27852800 bytes, new threshold 1 (max 15)
 [PSYoungGen: 2747392K->10688K(2768960K)] 4699414K->1963174K(8361408K), 0.0286880 secs] [Times: user=0.18 sys=0.02, real=0.03 secs] 
2011-02-12T04:12:48.352+0000: 14057.672: [GC
Desired survivor size 29163520 bytes, new threshold 1 (max 15)
 [PSYoungGen: 2751552K->20608K(2761472K)] 4704038K->1973566K(8353920K), 0.0406440 secs] [Times: user=0.23 sys=0.02, real=0.04 secs] 
2011-02-12T04:12:53.970+0000: 14063.290: [GC
Desired survivor size 28180480 bytes, new threshold 1 (max 15)
 [PSYoungGen: 2761472K->11360K(2768640K)] 4714430K->1964878K(8361088K), 0.0295110 secs] [Times: user=0.15 sys=0.03, real=0.03 secs] 
2011-02-12T04:12:59.541+0000: 14068.861: [GC
Desired survivor size 27852800 bytes, new threshold 1 (max 15)
 [PSYoungGen: 2751520K->7552K(2767680K)] 4705038K->1961459K(8360128K), 0.0261980 secs] [Times: user=0.14 sys=0.02, real=0.02 secs] 
2011-02-12T04:13:04.578+0000: 14073.898: [GC
Desired survivor size 27590656 bytes, new threshold 1 (max 15)
 [PSYoungGen: 2747712K->6532K(2769216K)] 4701619K->1960891K(8361664K), 0.0247530 secs] [Times: user=0.14 sys=0.02, real=0.03 secs] 
2011-02-12T04:13:10.256+0000: 14079.575: [GC
Desired survivor size 27066368 bytes, new threshold 1 (max 15)
 [PSYoungGen: 2748548K->15072K(2768960K)] 4702907K->1970217K(8361408K), 0.0333350 secs] [Times: user=0.21 sys=0.02, real=0.03 secs] 
2011-02-12T04:13:15.666+0000: 14084.986: [GC
Desired survivor size 26869760 bytes, new threshold 1 (max 15)
 [PSYoungGen: 2757088K->6144K(2769920K)] 4712233K->1962177K(8362368K), 0.0247350 secs] [Times: user=0.13 sys=0.02, real=0.03 secs] 
2011-02-12T04:13:21.512+0000: 14090.832: [GC
Desired survivor size 26869760 bytes, new threshold 1 (max 15)
 [PSYoungGen: 2749632K->3680K(2769728K)] 4705665K->1960327K(8362176K), 0.0217490 secs] [Times: user=0.12 sys=0.02, real=0.02 secs] 
2011-02-12T04:13:27.001+0000: 14096.321: [GC
Desired survivor size 25362432 bytes, new threshold 1 (max 15)
 [PSYoungGen: 2747168K->11360K(2771392K)] 4703815K->1968439K(8363840K), 0.0297730 secs] [Times: user=0.17 sys=0.02, real=0.03 secs] 
2011-02-12T04:13:32.700+0000: 14102.019: [GC
Desired survivor size 24707072 bytes, new threshold 1 (max 15)
 [PSYoungGen: 2756512K->7232K(2769920K)] 4713591K->1964651K(8362368K), 0.0245770 secs] [Times: user=0.13 sys=0.02, real=0.03 secs] 
2011-02-12T04:13:38.365+0000: 14107.685: [GC
Desired survivor size 24248320 bytes, new threshold 1 (max 15)
 [PSYoungGen: 2752384K->5672K(2772480K)] 4709803K->1963572K(8364928K), 0.0240820 secs] [Times: user=0.12 sys=0.01, real=0.02 secs] 
2011-02-12T04:13:43.925+0000: 14113.245: [GC
Desired survivor size 24969216 bytes, new threshold 1 (max 15)
 [PSYoungGen: 2754024K->15808K(2764160K)] 4711924K->1974243K(8356608K), 0.0357440 secs] [Times: user=0.21 sys=0.01, real=0.03 secs] 
2011-02-12T04:13:49.587+0000: 14118.907: [GC
Desired survivor size 24510464 bytes, new threshold 1 (max 15)
 [PSYoungGen: 2764160K->13280K(2772224K)] 4722595K->1972219K(8364672K), 0.0301740 secs] [Times: user=0.19 sys=0.03, real=0.03 secs] 
2011-02-12T04:13:55.053+0000: 14124.373: [GC
Desired survivor size 24248320 bytes, new threshold 1 (max 15)
 [PSYoungGen: 2761120K->5136K(2771776K)] 4720059K->1964651K(8364224K), 0.0237310 secs] [Times: user=0.12 sys=0.02, real=0.03 secs] 
2011-02-12T04:14:00.264+0000: 14129.584: [GC
Desired survivor size 23068672 bytes, new threshold 1 (max 15)
 [PSYoungGen: 2752976K->9666K(2773632K)] 4712491K->1969761K(8366080K), 0.0286140 secs] [Times: user=0.17 sys=0.01, real=0.03 secs] 
2011-02-12T04:14:05.438+0000: 14134.757: [GC
Desired survivor size 23461888 bytes, new threshold 1 (max 15)
 [PSYoungGen: 2759618K->14808K(2772480K)] 4719713K->1975634K(8364928K), 0.0358600 secs] [Times: user=0.19 sys=0.03, real=0.03 secs] 
2011-02-12T04:14:10.952+0000: 14140.272: [GC
Desired survivor size 22872064 bytes, new threshold 1 (max 15)
 [PSYoungGen: 2764760K->7212K(2773824K)] 4725586K->1968542K(8366272K), 0.0264620 secs] [Times: user=0.15 sys=0.01, real=0.03 secs] 
2011-02-12T04:14:16.410+0000: 14145.730: [GC
Desired survivor size 24313856 bytes, new threshold 1 (max 15)
 [PSYoungGen: 2758124K->17520K(2768448K)] 4719454K->1979586K(8360896K), 0.0367820 secs] [Times: user=0.23 sys=0.02, real=0.03 secs] 
2011-02-12T04:14:22.024+0000: 14151.343: [GC
Desired survivor size 23134208 bytes, new threshold 1 (max 15)
 [PSYoungGen: 2768432K->10560K(2773568K)] 4730498K->1973226K(8366016K), 0.0293850 secs] [Times: user=0.17 sys=0.02, real=0.03 secs] 
2011-02-12T04:14:27.828+0000: 14157.148: [GC
Desired survivor size 22609920 bytes, new threshold 1 (max 15)
 [PSYoungGen: 2760384K->7424K(2772416K)] 4723050K->1970614K(8364864K), 0.0257400 secs] [Times: user=0.14 sys=0.02, real=0.03 secs] 
2011-02-12T04:14:33.580+0000: 14162.899: [GC
Desired survivor size 22609920 bytes, new threshold 1 (max 15)
 [PSYoungGen: 2757248K->4224K(2774080K)] 4720438K->1967962K(8366528K), 0.0222000 secs] [Times: user=0.11 sys=0.01, real=0.03 secs] 
2011-02-12T04:14:39.090+0000: 14168.410: [GC
Desired survivor size 21954560 bytes, new threshold 1 (max 15)
 [PSYoungGen: 2756224K->6976K(2774080K)] 4719962K->1971154K(8366528K), 0.0263000 secs] [Times: user=0.14 sys=0.02, real=0.03 secs] 
2011-02-12T04:14:44.773+0000: 14174.092: [GC
Desired survivor size 24707072 bytes, new threshold 1 (max 15)
 [PSYoungGen: 2758976K->20288K(2769344K)] 4723154K->1984870K(8361792K), 0.0388320 secs] [Times: user=0.24 sys=0.03, real=0.03 secs] 
2011-02-12T04:14:50.169+0000: 14179.488: [GC
Desired survivor size 23461888 bytes, new threshold 1 (max 15)
 [PSYoungGen: 2768192K->11040K(2772032K)] 4732774K->1976086K(8364480K), 0.0296490 secs] [Times: user=0.18 sys=0.02, real=0.03 secs] 
2011-02-12T04:14:55.577+0000: 14184.897: [GC
Desired survivor size 24641536 bytes, new threshold 1 (max 15)
 [PSYoungGen: 2758944K->17344K(2770944K)] 4723990K->1982958K(8363392K), 0.0359870 secs] [Times: user=0.23 sys=0.02, real=0.04 secs] 
2011-02-12T04:15:01.145+0000: 14190.464: [GC
Desired survivor size 23920640 bytes, new threshold 1 (max 15)
 [PSYoungGen: 2765376K->13026K(2772096K)] 4730990K->1979168K(8364544K), 0.0323230 secs] [Times: user=0.18 sys=0.02, real=0.03 secs] 
2011-02-12T04:15:05.955+0000: 14195.275: [GC
Desired survivor size 22937600 bytes, new threshold 1 (max 15)
 [PSYoungGen: 2761058K->10792K(2773760K)] 4727200K->1977709K(8366208K), 0.0294260 secs] [Times: user=0.17 sys=0.03, real=0.02 secs] 
2011-02-12T04:15:11.467+0000: 14200.787: [GC
Desired survivor size 23068672 bytes, new threshold 1 (max 15)
 [PSYoungGen: 2761192K->4336K(2772800K)] 4728109K->1971897K(8365248K), 0.0258350 secs] [Times: user=0.12 sys=0.02, real=0.02 secs] 
2011-02-12T04:15:16.639+0000: 14205.959: [GC
Desired survivor size 22347776 bytes, new threshold 1 (max 15)
 [PSYoungGen: 2754736K->8032K(2774336K)] 4722297K->1976229K(8366784K), 0.0272380 secs] [Times: user=0.14 sys=0.01, real=0.03 secs] 
2011-02-12T04:15:21.661+0000: 14210.980: [GC
Desired survivor size 21364736 bytes, new threshold 1 (max 15)
 [PSYoungGen: 2759840K->9632K(2773632K)] 4728037K->1978300K(8366080K), 0.0324090 secs] [Times: user=0.13 sys=0.02, real=0.03 secs] 
2011-02-12T04:15:26.843+0000: 14216.163: [GC
Desired survivor size 21692416 bytes, new threshold 1 (max 15)
 [PSYoungGen: 2761440K->14077K(2774656K)] 4730108K->1983282K(8367104K), 0.0315750 secs] [Times: user=0.20 sys=0.02, real=0.03 secs] 
2011-02-12T04:15:32.422+0000: 14221.741: [GC
Desired survivor size 22085632 bytes, new threshold 1 (max 15)
 [PSYoungGen: 2767869K->2464K(2756288K)] 4737074K->1972132K(8348736K), 0.0220640 secs] [Times: user=0.12 sys=0.00, real=0.02 secs] 
2011-02-12T04:15:38.384+0000: 14227.704: [GC
Desired survivor size 21561344 bytes, new threshold 1 (max 15)
 [PSYoungGen: 2756256K->6193K(2775104K)] 4725924K->1976513K(8367552K), 0.0257180 secs] [Times: user=0.13 sys=0.02, real=0.03 secs] 
2011-02-12T04:15:44.118+0000: 14233.438: [GC
Desired survivor size 21168128 bytes, new threshold 1 (max 15)
 [PSYoungGen: 2759729K->5248K(2774592K)] 4730049K->1976048K(8367040K), 0.0274640 secs] [Times: user=0.11 sys=0.01, real=0.03 secs] 
2011-02-12T04:15:49.510+0000: 14238.830: [GC
Desired survivor size 21692416 bytes, new threshold 1 (max 15)
 [PSYoungGen: 2758784K->13759K(2774464K)] 4729584K->1984975K(8366912K), 0.0329550 secs] [Times: user=0.20 sys=0.02, real=0.03 secs] 
2011-02-12T04:15:55.133+0000: 14244.453: [GC
Desired survivor size 20578304 bytes, new threshold 1 (max 15)
 [PSYoungGen: 2767551K->9600K(2774976K)] 4738767K->1981264K(8367424K), 0.0278420 secs] [Times: user=0.16 sys=0.02, real=0.03 secs] 
2011-02-12T04:16:00.389+0000: 14249.709: [GC
Desired survivor size 22347776 bytes, new threshold 1 (max 15)
 [PSYoungGen: 2763392K->17122K(2772608K)] 4735056K->1989278K(8365056K), 0.0331730 secs] [Times: user=0.21 sys=0.01, real=0.04 secs] 
2011-02-12T04:16:04.963+0000: 14254.282: [GC
Desired survivor size 21364736 bytes, new threshold 1 (max 15)
 [PSYoungGen: 2769631K->9176K(2774336K)] 4741788K->1981994K(8366784K), 0.0301250 secs] [Times: user=0.16 sys=0.02, real=0.03 secs] 
2011-02-12T04:16:10.557+0000: 14259.876: [GC
Desired survivor size 23724032 bytes, new threshold 1 (max 15)
 [PSYoungGen: 2761688K->19424K(2770688K)] 4734506K->1992742K(8363136K), 0.0391920 secs] [Times: user=0.24 sys=0.02, real=0.04 secs] 
2011-02-12T04:16:15.783+0000: 14265.103: [GC
Desired survivor size 22872064 bytes, new threshold 1 (max 15)
 [PSYoungGen: 2769248K->9344K(2772992K)] 4742566K->1983526K(8365440K), 0.0286970 secs] [Times: user=0.16 sys=0.02, real=0.02 secs] 
2011-02-12T04:16:21.010+0000: 14270.330: [GC
Desired survivor size 21954560 bytes, new threshold 1 (max 15)
 [PSYoungGen: 2759168K->11692K(2774720K)] 4733350K->1986519K(8367168K), 0.0314480 secs] [Times: user=0.18 sys=0.02, real=0.03 secs] 
2011-02-12T04:16:26.118+0000: 14275.438: [GC
Desired survivor size 22609920 bytes, new threshold 1 (max 15)
 [PSYoungGen: 2764076K->15552K(2773824K)] 4738903K->1990883K(8366272K), 0.0329550 secs] [Times: user=0.19 sys=0.02, real=0.03 secs] 
2011-02-12T04:16:31.247+0000: 14280.567: [GC
Desired survivor size 22872064 bytes, new threshold 1 (max 15)
 [PSYoungGen: 2767936K->3776K(2773568K)] 4743267K->1979555K(8366016K), 0.0219810 secs] [Times: user=0.11 sys=0.01, real=0.02 secs] 
2011-02-12T04:16:36.458+0000: 14285.778: [GC
Desired survivor size 22216704 bytes, new threshold 1 (max 15)
 [PSYoungGen: 2755264K->7840K(2773824K)] 4731043K->1984163K(8366272K), 0.0262000 secs] [Times: user=0.14 sys=0.03, real=0.02 secs] 
2011-02-12T04:16:41.708+0000: 14291.028: [GC
Desired survivor size 22347776 bytes, new threshold 1 (max 15)
 [PSYoungGen: 2759328K->13900K(2774208K)] 4735651K->1990747K(8366656K), 0.0338290 secs] [Times: user=0.20 sys=0.01, real=0.03 secs] 
2011-02-12T04:16:47.046+0000: 14296.366: [GC
Desired survivor size 23986176 bytes, new threshold 1 (max 15)
 [PSYoungGen: 2766412K->18144K(2770688K)] 4743259K->1995595K(8363136K), 0.0374010 secs] [Times: user=0.23 sys=0.02, real=0.04 secs] 
2011-02-12T04:16:52.461+0000: 14301.781: [GC
Desired survivor size 23527424 bytes, new threshold 1 (max 15)
 [PSYoungGen: 2770656K->7392K(2773184K)] 4748107K->1985407K(8365632K), 0.0265690 secs] [Times: user=0.15 sys=0.01, real=0.03 secs] 
2011-02-12T04:16:57.804+0000: 14307.124: [GC
Desired survivor size 23330816 bytes, new threshold 1 (max 15)
 [PSYoungGen: 2757152K->13760K(2772736K)] 4735167K->1992227K(8365184K), 0.0332330 secs] [Times: user=0.19 sys=0.02, real=0.03 secs] 
2011-02-12T04:17:03.010+0000: 14312.330: [GC
Desired survivor size 25886720 bytes, new threshold 1 (max 15)
 [PSYoungGen: 2763520K->21338K(2768384K)] 4741987K->2000294K(8360832K), 0.0419040 secs] [Times: user=0.26 sys=0.02, real=0.04 secs] 
2011-02-12T04:17:07.908+0000: 14317.227: [GC
Desired survivor size 28246016 bytes, new threshold 1 (max 15)
 [PSYoungGen: 2766938K->22064K(2767680K)] 4745894K->2001670K(8360128K), 0.0408440 secs] [Times: user=0.25 sys=0.02, real=0.04 secs] 
2011-02-12T04:17:13.314+0000: 14322.634: [GC
Desired survivor size 26869760 bytes, new threshold 1 (max 15)
 [PSYoungGen: 2767664K->13168K(2769920K)] 4747270K->1993338K(8362368K), 0.0319420 secs] [Times: user=0.19 sys=0.02, real=0.03 secs] 
2011-02-12T04:17:18.557+0000: 14327.877: [GC
Desired survivor size 26869760 bytes, new threshold 1 (max 15)
 [PSYoungGen: 2755504K->16960K(2768576K)] 4735674K->1997922K(8361024K), 0.0377890 secs] [Times: user=0.21 sys=0.02, real=0.04 secs] 
2011-02-12T04:17:23.715+0000: 14333.034: [GC
Desired survivor size 27328512 bytes, new threshold 1 (max 15)
 [PSYoungGen: 2759296K->3840K(2769024K)] 4740258K->1985394K(8361472K), 0.0210730 secs] [Times: user=0.11 sys=0.02, real=0.02 secs] 
2011-02-12T04:17:28.308+0000: 14337.628: [GC
Desired survivor size 28639232 bytes, new threshold 1 (max 15)
 [PSYoungGen: 2746624K->19948K(2762752K)] 4728178K->2002042K(8355200K), 0.0393430 secs] [Times: user=0.26 sys=0.02, real=0.04 secs] 
2011-02-12T04:17:33.691+0000: 14343.010: [GC
Desired survivor size 27131904 bytes, new threshold 1 (max 15)
 [PSYoungGen: 2762732K->13408K(2769664K)] 4744826K->1996034K(8362112K), 0.0326740 secs] [Times: user=0.19 sys=0.02, real=0.04 secs] 
2011-02-12T04:17:38.751+0000: 14348.070: [GC
Desired survivor size 25952256 bytes, new threshold 1 (max 15)
 [PSYoungGen: 2755104K->13760K(2768192K)] 4737730K->1996834K(8360640K), 0.0314640 secs] [Times: user=0.19 sys=0.02, real=0.03 secs] 
2011-02-12T04:17:43.599+0000: 14352.918: [GC
Desired survivor size 25296896 bytes, new threshold 1 (max 15)
 [PSYoungGen: 2755456K->15008K(2771456K)] 4738530K->1998498K(8363904K), 0.0324330 secs] [Times: user=0.20 sys=0.02, real=0.03 secs] 
2011-02-12T04:17:48.538+0000: 14357.858: [GC
Desired survivor size 24182784 bytes, new threshold 1 (max 15)
 [PSYoungGen: 2761120K->13568K(2770816K)] 4744610K->1997550K(8363264K), 0.0307610 secs] [Times: user=0.18 sys=0.01, real=0.03 secs] 
2011-02-12T04:17:53.820+0000: 14363.140: [GC
Desired survivor size 26345472 bytes, new threshold 1 (max 15)
 [PSYoungGen: 2759680K->21923K(2768320K)] 4743662K->2006394K(8360768K), 0.0409430 secs] [Times: user=0.27 sys=0.02, real=0.04 secs] 
2011-02-12T04:17:58.924+0000: 14368.244: [GC
Desired survivor size 26542080 bytes, new threshold 1 (max 15)
 [PSYoungGen: 2766627K->6656K(2751360K)] 4751098K->1991650K(8343808K), 0.0262170 secs] [Times: user=0.14 sys=0.02, real=0.03 secs] 
2011-02-12T04:18:03.752+0000: 14373.071: [GC
Desired survivor size 26804224 bytes, new threshold 1 (max 15)
 [PSYoungGen: 2751360K->4730K(2769728K)] 4736354K->1990204K(8362176K), 0.0234050 secs] [Times: user=0.12 sys=0.03, real=0.02 secs] 
2011-02-12T04:18:08.106+0000: 14377.426: [GC
Desired survivor size 26476544 bytes, new threshold 1 (max 15)
 [PSYoungGen: 2748538K->15408K(2769984K)] 4734012K->2001600K(8362432K), 0.0365220 secs] [Times: user=0.21 sys=0.02, real=0.04 secs] 
2011-02-12T04:18:12.838+0000: 14382.157: [GC
Desired survivor size 25755648 bytes, new threshold 1 (max 15)
 [PSYoungGen: 2759216K->9440K(2771008K)] 4745408K->1996160K(8363456K), 0.0279020 secs] [Times: user=0.16 sys=0.01, real=0.02 secs] 
2011-02-12T04:18:17.872+0000: 14387.192: [GC
Desired survivor size 24969216 bytes, new threshold 1 (max 15)
 [PSYoungGen: 2754592K->9904K(2770304K)] 4741312K->1997228K(8362752K), 0.0277870 secs] [Times: user=0.17 sys=0.02, real=0.03 secs] 
2011-02-12T04:18:23.108+0000: 14392.427: [GC
Desired survivor size 24444928 bytes, new threshold 1 (max 15)
 [PSYoungGen: 2755056K->14176K(2772288K)] 4742380K->2001980K(8364736K), 0.0346540 secs] [Times: user=0.21 sys=0.03, real=0.04 secs] 
2011-02-12T04:18:28.323+0000: 14397.643: [GC
Desired survivor size 23789568 bytes, new threshold 1 (max 15)
 [PSYoungGen: 2762080K->9536K(2771776K)] 4749884K->1997816K(8364224K), 0.0264570 secs] [Times: user=0.15 sys=0.01, real=0.03 secs] 
2011-02-12T04:18:33.430+0000: 14402.749: [GC
Desired survivor size 22806528 bytes, new threshold 1 (max 15)
 [PSYoungGen: 2757440K->11456K(2773888K)] 4745720K->2000352K(8366336K), 0.0308990 secs] [Times: user=0.17 sys=0.03, real=0.03 secs] 
2011-02-12T04:18:38.742+0000: 14408.062: [GC
Desired survivor size 22609920 bytes, new threshold 1 (max 15)
 [PSYoungGen: 2762112K->14368K(2772928K)] 4751008K->2003824K(8365376K), 0.0331590 secs] [Times: user=0.20 sys=0.03, real=0.03 secs] 
2011-02-12T04:18:43.972+0000: 14413.291: [GC
Desired survivor size 22806528 bytes, new threshold 1 (max 15)
 [PSYoungGen: 2765024K->5504K(2773696K)] 4754480K->1995412K(8366144K), 0.0236720 secs] [Times: user=0.12 sys=0.01, real=0.02 secs] 
2011-02-12T04:18:48.820+0000: 14418.140: [GC
Desired survivor size 26017792 bytes, new threshold 1 (max 15)
 [PSYoungGen: 2757120K->22256K(2773888K)] 4747028K->2012820K(8366336K), 0.0428920 secs] [Times: user=0.25 sys=0.03, real=0.05 secs] 
2011-02-12T04:18:53.683+0000: 14423.003: [GC
Desired survivor size 25427968 bytes, new threshold 1 (max 15)
 [PSYoungGen: 2773872K->8576K(2768768K)] 4764436K->1999692K(8361216K), 0.0267910 secs] [Times: user=0.15 sys=0.01, real=0.02 secs] 
2011-02-12T04:18:58.602+0000: 14427.922: [GC
Desired survivor size 25100288 bytes, new threshold 1 (max 15)
 [PSYoungGen: 2755072K->14752K(2771328K)] 4746188K->2006412K(8363776K), 0.0361960 secs] [Times: user=0.20 sys=0.02, real=0.04 secs] 
2011-02-12T04:19:03.251+0000: 14432.571: [GC
Desired survivor size 27000832 bytes, new threshold 1 (max 15)
 [PSYoungGen: 2761248K->20986K(2767936K)] 4752908K->2013150K(8360384K), 0.0404310 secs] [Times: user=0.27 sys=0.02, real=0.04 secs] 
2011-02-12T04:19:08.040+0000: 14437.359: [GC
Desired survivor size 27787264 bytes, new threshold 1 (max 15)
 [PSYoungGen: 2764410K->18960K(2762432K)] 4756574K->2011858K(8354880K), 0.0404240 secs] [Times: user=0.24 sys=0.03, real=0.04 secs] 
2011-02-12T04:19:13.168+0000: 14442.488: [GC
Desired survivor size 27918336 bytes, new threshold 1 (max 15)
 [PSYoungGen: 2762384K->5680K(2768768K)] 4755282K->1999091K(8361216K), 0.0243790 secs] [Times: user=0.14 sys=0.01, real=0.02 secs] 
2011-02-12T04:19:18.179+0000: 14447.499: [GC
Desired survivor size 27656192 bytes, new threshold 1 (max 15)
 [PSYoungGen: 2747312K->6144K(2768896K)] 4740723K->2000167K(8361344K), 0.0251100 secs] [Times: user=0.12 sys=0.02, real=0.02 secs] 
2011-02-12T04:19:23.773+0000: 14453.093: [GC
Desired survivor size 27000832 bytes, new threshold 1 (max 15)
 [PSYoungGen: 2747776K->14652K(2769792K)] 4741799K->2009227K(8362240K), 0.0330210 secs] [Times: user=0.21 sys=0.01, real=0.04 secs] 
2011-02-12T04:19:29.102+0000: 14458.422: [GC
Desired survivor size 26279936 bytes, new threshold 1 (max 15)
 [PSYoungGen: 2757436K->8928K(2769152K)] 4752011K->2003923K(8361600K), 0.0265700 secs] [Times: user=0.16 sys=0.02, real=0.03 secs] 
2011-02-12T04:19:34.503+0000: 14463.822: [GC
Desired survivor size 27918336 bytes, new threshold 1 (max 15)
 [PSYoungGen: 2751712K->20224K(2767296K)] 4746707K->2015747K(8359744K), 0.0400440 secs] [Times: user=0.25 sys=0.01, real=0.04 secs] 
2011-02-12T04:19:40.004+0000: 14469.323: [GC
Desired survivor size 26542080 bytes, new threshold 1 (max 15)
 [PSYoungGen: 2761856K->12800K(2768896K)] 4757379K->2008855K(8361344K), 0.0310820 secs] [Times: user=0.18 sys=0.02, real=0.03 secs] 
2011-02-12T04:19:45.345+0000: 14474.664: [GC
Desired survivor size 27262976 bytes, new threshold 1 (max 15)
 [PSYoungGen: 2754432K->18496K(2768832K)] 4750487K->2015159K(8361280K), 0.0386820 secs] [Times: user=0.22 sys=0.02, real=0.04 secs] 
2011-02-12T04:19:50.646+0000: 14479.965: [GC
Desired survivor size 26214400 bytes, new threshold 1 (max 15)
 [PSYoungGen: 2761408K->12096K(2769536K)] 4758071K->2009239K(8361984K), 0.0325090 secs] [Times: user=0.18 sys=0.01, real=0.03 secs] 
2011-02-12T04:19:56.018+0000: 14485.337: [GC
Desired survivor size 27394048 bytes, new threshold 1 (max 15)
 [PSYoungGen: 2755008K->19807K(2768256K)] 4752151K->2017338K(8360704K), 0.0393620 secs] [Times: user=0.25 sys=0.02, real=0.04 secs] 
2011-02-12T04:20:01.230+0000: 14490.550: [GC
Desired survivor size 27328512 bytes, new threshold 1 (max 15)
 [PSYoungGen: 2762463K->7009K(2769408K)] 4759994K->2004941K(8361856K), 0.0267910 secs] [Times: user=0.15 sys=0.02, real=0.03 secs] 
2011-02-12T04:20:05.678+0000: 14494.998: [GC
Desired survivor size 27852800 bytes, new threshold 1 (max 15)
 [PSYoungGen: 2749665K->18420K(2768448K)] 4747597K->2017065K(8360896K), 0.0403140 secs] [Times: user=0.23 sys=0.02, real=0.04 secs] 
2011-02-12T04:20:10.893+0000: 14500.213: [GC
Desired survivor size 28442624 bytes, new threshold 1 (max 15)
 [PSYoungGen: 2760180K->18944K(2760768K)] 4758825K->2018197K(8353216K), 0.0385720 secs] [Times: user=0.24 sys=0.01, real=0.04 secs] 
2011-02-12T04:20:16.329+0000: 14505.649: [GC
Desired survivor size 27459584 bytes, new threshold 1 (max 15)
 [PSYoungGen: 2760704K->11898K(2769344K)] 4759957K->2011924K(8361792K), 0.0331400 secs] [Times: user=0.18 sys=0.02, real=0.03 secs] 
2011-02-12T04:20:21.618+0000: 14510.938: [GC
Desired survivor size 27852800 bytes, new threshold 1 (max 15)
 [PSYoungGen: 2753466K->18528K(2768384K)] 4753492K->2019110K(8360832K), 0.0370750 secs] [Times: user=0.21 sys=0.01, real=0.04 secs] 
2011-02-12T04:20:27.211+0000: 14516.530: [GC
Desired survivor size 26869760 bytes, new threshold 1 (max 15)
 [PSYoungGen: 2760096K->12736K(2769920K)] 4760678K->2013774K(8362368K), 0.0303180 secs] [Times: user=0.19 sys=0.01, real=0.03 secs] 
2011-02-12T04:20:32.993+0000: 14522.313: [GC
Desired survivor size 26214400 bytes, new threshold 1 (max 15)
 [PSYoungGen: 2755456K->11391K(2768960K)] 4756494K->2012841K(8361408K), 0.0320170 secs] [Times: user=0.17 sys=0.01, real=0.04 secs] 
2011-02-12T04:20:38.851+0000: 14528.171: [GC
Desired survivor size 25690112 bytes, new threshold 1 (max 15)
 [PSYoungGen: 2754111K->10208K(2771072K)] 4755561K->2012162K(8363520K), 0.0278040 secs] [Times: user=0.17 sys=0.01, real=0.03 secs] 
2011-02-12T04:20:44.399+0000: 14533.719: [GC
Desired survivor size 25624576 bytes, new threshold 1 (max 15)
 [PSYoungGen: 2755680K->7360K(2770560K)] 4757634K->2009810K(8363008K), 0.0269250 secs] [Times: user=0.14 sys=0.01, real=0.03 secs] 
2011-02-12T04:20:50.067+0000: 14539.386: [GC
Desired survivor size 25952256 bytes, new threshold 1 (max 15)
 [PSYoungGen: 2752832K->4352K(2770496K)] 4755282K->2007326K(8362944K), 0.0218680 secs] [Times: user=0.11 sys=0.01, real=0.02 secs] 
2011-02-12T04:20:54.754+0000: 14544.074: [GC
Desired survivor size 28049408 bytes, new threshold 1 (max 15)
 [PSYoungGen: 2749824K->21276K(2766784K)] 4752798K->2024831K(8359232K), 0.0420850 secs] [Times: user=0.24 sys=0.01, real=0.04 secs] 
2011-02-12T04:21:00.008+0000: 14549.328: [GC
Desired survivor size 28114944 bytes, new threshold 1 (max 15)
 [PSYoungGen: 2766748K->4160K(2768640K)] 4770303K->2008098K(8361088K), 0.0229370 secs] [Times: user=0.13 sys=0.02, real=0.02 secs] 
2011-02-12T04:21:05.160+0000: 14554.480: [GC
Desired survivor size 27131904 bytes, new threshold 1 (max 15)
 [PSYoungGen: 2745408K->9178K(2768704K)] 4749346K->2013564K(8361152K), 0.0287490 secs] [Times: user=0.16 sys=0.02, real=0.03 secs] 
2011-02-12T04:21:10.280+0000: 14559.600: [GC
Desired survivor size 25952256 bytes, new threshold 1 (max 15)
 [PSYoungGen: 2750426K->9904K(2770816K)] 4754812K->2015016K(8363264K), 0.0298460 secs] [Times: user=0.17 sys=0.01, real=0.03 secs] 
2011-02-12T04:21:15.667+0000: 14564.986: [GC
Desired survivor size 27066368 bytes, new threshold 1 (max 15)
 [PSYoungGen: 2754224K->18224K(2769664K)] 4759336K->2023924K(8362112K), 0.0362480 secs] [Times: user=0.23 sys=0.01, real=0.04 secs] 
2011-02-12T04:21:21.166+0000: 14570.486: [GC
Desired survivor size 26017792 bytes, new threshold 1 (max 15)
 [PSYoungGen: 2762544K->9964K(2770752K)] 4768244K->2016505K(8363200K), 0.0283040 secs] [Times: user=0.16 sys=0.01, real=0.03 secs] 
2011-02-12T04:21:26.426+0000: 14575.746: [GC
Desired survivor size 25690112 bytes, new threshold 1 (max 15)
 [PSYoungGen: 2754284K->6080K(2769728K)] 4760825K->2013285K(8362176K), 0.0246160 secs] [Times: user=0.14 sys=0.01, real=0.02 secs] 
2011-02-12T04:21:31.697+0000: 14581.017: [GC
Desired survivor size 24772608 bytes, new threshold 1 (max 15)
 [PSYoungGen: 2750400K->12640K(2771968K)] 4757605K->2020437K(8364416K), 0.0322090 secs] [Times: user=0.19 sys=0.02, real=0.03 secs] 
2011-02-12T04:21:37.201+0000: 14586.521: [GC
Desired survivor size 26214400 bytes, new threshold 1 (max 15)
 [PSYoungGen: 2759520K->18832K(2765760K)] 4767317K->2027361K(8358208K), 0.0389480 secs] [Times: user=0.23 sys=0.00, real=0.04 secs] 
2011-02-12T04:21:42.445+0000: 14591.765: [GC
Desired survivor size 25624576 bytes, new threshold 1 (max 15)
 [PSYoungGen: 2765712K->8044K(2771136K)] 4774241K->2017129K(8363584K), 0.0272990 secs] [Times: user=0.15 sys=0.01, real=0.02 secs] 
2011-02-12T04:21:47.943+0000: 14597.263: [GC
Desired survivor size 25690112 bytes, new threshold 1 (max 15)
 [PSYoungGen: 2753580K->15712K(2770560K)] 4762665K->2025189K(8363008K), 0.0345510 secs] [Times: user=0.21 sys=0.01, real=0.04 secs] 
2011-02-12T04:21:53.301+0000: 14602.621: [GC
Desired survivor size 25165824 bytes, new threshold 1 (max 15)
 [PSYoungGen: 2761248K->7903K(2771584K)] 4770725K->2017893K(8364032K), 0.0275540 secs] [Times: user=0.15 sys=0.02, real=0.03 secs] 
2011-02-12T04:21:58.778+0000: 14608.098: [GC
Desired survivor size 24444928 bytes, new threshold 1 (max 15)
 [PSYoungGen: 2754399K->13440K(2771072K)] 4764389K->2023955K(8363520K), 0.0334140 secs] [Times: user=0.20 sys=0.02, real=0.03 secs] 
2011-02-12T04:22:03.746+0000: 14613.066: [GC
Desired survivor size 24838144 bytes, new threshold 1 (max 15)
 [PSYoungGen: 2759936K->16205K(2771520K)] 4770451K->2027244K(8363968K), 0.0353140 secs] [Times: user=0.22 sys=0.02, real=0.03 secs] 
2011-02-12T04:22:08.828+0000: 14618.148: [GC
Desired survivor size 26214400 bytes, new threshold 1 (max 15)
 [PSYoungGen: 2763853K->19216K(2766912K)] 4774892K->2030993K(8359360K), 0.0399390 secs] [Times: user=0.23 sys=0.03, real=0.04 secs] 
2011-02-12T04:22:14.277+0000: 14623.597: [GC
Desired survivor size 25821184 bytes, new threshold 1 (max 15)
 [PSYoungGen: 2766864K->8112K(2770944K)] 4778641K->2020413K(8363392K), 0.0261070 secs] [Times: user=0.15 sys=0.01, real=0.02 secs] 
2011-02-12T04:22:19.830+0000: 14629.150: [GC
Desired survivor size 26804224 bytes, new threshold 1 (max 15)
 [PSYoungGen: 2753456K->18604K(2763968K)] 4765757K->2031590K(8356416K), 0.0404400 secs] [Times: user=0.20 sys=0.02, real=0.04 secs] 
2011-02-12T04:22:25.367+0000: 14634.686: [GC
Desired survivor size 25821184 bytes, new threshold 1 (max 15)
 [PSYoungGen: 2763948K->11072K(2770944K)] 4776934K->2024550K(8363392K), 0.0294990 secs] [Times: user=0.17 sys=0.01, real=0.03 secs] 
2011-02-12T04:22:30.433+0000: 14639.752: [GC
Desired survivor size 24969216 bytes, new threshold 1 (max 15)
 [PSYoungGen: 2755840K->13984K(2769984K)] 4769318K->2028074K(8362432K), 0.0325850 secs] [Times: user=0.20 sys=0.01, real=0.03 secs] 
2011-02-12T04:22:36.158+0000: 14645.478: [GC
Desired survivor size 24444928 bytes, new threshold 1 (max 15)
 [PSYoungGen: 2758752K->9280K(2772288K)] 4772842K->2023794K(8364736K), 0.0295040 secs] [Times: user=0.16 sys=0.02, real=0.03 secs] 
2011-02-12T04:22:41.548+0000: 14650.868: [GC
Desired survivor size 24510464 bytes, new threshold 1 (max 15)
 [PSYoungGen: 2757184K->5984K(2771776K)] 4771698K->2021050K(8364224K), 0.0247200 secs] [Times: user=0.13 sys=0.02, real=0.03 secs] 
2011-02-12T04:22:46.957+0000: 14656.276: [GC
Desired survivor size 23789568 bytes, new threshold 1 (max 15)
 [PSYoungGen: 2753888K->13376K(2772928K)] 4768954K->2029006K(8365376K), 0.0323110 secs] [Times: user=0.20 sys=0.02, real=0.03 secs] 
2011-02-12T04:22:52.486+0000: 14661.805: [GC
Desired survivor size 23134208 bytes, new threshold 1 (max 15)
 [PSYoungGen: 2762368K->9440K(2772224K)] 4777998K->2025490K(8364672K), 0.0280740 secs] [Times: user=0.16 sys=0.01, real=0.03 secs] 
2011-02-12T04:22:57.690+0000: 14667.010: [GC
Desired survivor size 22544384 bytes, new threshold 1 (max 15)
 [PSYoungGen: 2758432K->13196K(2774144K)] 4774482K->2029743K(8366592K), 0.0314150 secs] [Times: user=0.20 sys=0.02, real=0.04 secs] 
2011-02-12T04:23:02.853+0000: 14672.172: [GC
Desired survivor size 24444928 bytes, new threshold 1 (max 15)
 [PSYoungGen: 2764748K->19789K(2771392K)] 4781295K->2036800K(8363840K), 0.0390400 secs] [Times: user=0.24 sys=0.02, real=0.03 secs] 
2011-02-12T04:23:07.888+0000: 14677.207: [GC
Desired survivor size 26017792 bytes, new threshold 1 (max 15)
 [PSYoungGen: 2771341K->19952K(2769216K)] 4788352K->2037725K(8361664K), 0.0406010 secs] [Times: user=0.24 sys=0.00, real=0.04 secs] 
2011-02-12T04:23:13.243+0000: 14682.562: [GC
Desired survivor size 25624576 bytes, new threshold 1 (max 15)
 [PSYoungGen: 2765296K->8976K(2770752K)] 4783069K->2027369K(8363200K), 0.0275260 secs] [Times: user=0.17 sys=0.01, real=0.03 secs] 
2011-02-12T04:23:18.441+0000: 14687.760: [GC
Desired survivor size 25100288 bytes, new threshold 1 (max 15)
 [PSYoungGen: 2754320K->14976K(2771648K)] 4772713K->2034037K(8364096K), 0.0341550 secs] [Times: user=0.21 sys=0.02, real=0.04 secs] 
2011-02-12T04:23:23.921+0000: 14693.241: [GC
Desired survivor size 24444928 bytes, new threshold 1 (max 15)
 [PSYoungGen: 2761600K->10444K(2771136K)] 4780661K->2030066K(8363584K), 0.0285170 secs] [Times: user=0.17 sys=0.02, real=0.03 secs] 
2011-02-12T04:23:29.558+0000: 14698.877: [GC
Desired survivor size 25690112 bytes, new threshold 1 (max 15)
 [PSYoungGen: 2757068K->19104K(2769856K)] 4776690K->2039205K(8362304K), 0.0386020 secs] [Times: user=0.23 sys=0.01, real=0.04 secs] 
2011-02-12T04:23:35.201+0000: 14704.520: [GC
Desired survivor size 24772608 bytes, new threshold 1 (max 15)
 [PSYoungGen: 2765088K->11840K(2771072K)] 4785189K->2032421K(8363520K), 0.0308960 secs] [Times: user=0.19 sys=0.01, real=0.03 secs] 
2011-02-12T04:23:40.921+0000: 14710.240: [GC
Desired survivor size 24051712 bytes, new threshold 1 (max 15)
 [PSYoungGen: 2757824K->11264K(2772672K)] 4778405K->2032377K(8365120K), 0.0295670 secs] [Times: user=0.19 sys=0.01, real=0.03 secs] 
2011-02-12T04:23:46.883+0000: 14716.203: [GC
Desired survivor size 23658496 bytes, new threshold 1 (max 15)
 [PSYoungGen: 2759744K->14816K(2771968K)] 4780857K->2036513K(8364416K), 0.0326450 secs] [Times: user=0.21 sys=0.01, real=0.03 secs] 
2011-02-12T04:23:52.575+0000: 14721.895: [GC
Desired survivor size 23592960 bytes, new threshold 1 (max 15)
 [PSYoungGen: 2763296K->7968K(2773120K)] 4784993K->2030217K(8365568K), 0.0277960 secs] [Times: user=0.14 sys=0.01, real=0.03 secs] 
2011-02-12T04:23:58.050+0000: 14727.370: [GC
Desired survivor size 24379392 bytes, new threshold 1 (max 15)
 [PSYoungGen: 2757984K->17768K(2767808K)] 4780233K->2040490K(8360256K), 0.0379910 secs] [Times: user=0.23 sys=0.02, real=0.03 secs] 
2011-02-12T04:24:03.133+0000: 14732.453: [GC
Desired survivor size 25034752 bytes, new threshold 1 (max 15)
 [PSYoungGen: 2767784K->3386K(2771072K)] 4790506K->2026582K(8363520K), 0.0200870 secs] [Times: user=0.12 sys=0.02, real=0.02 secs] 
2011-02-12T04:24:07.633+0000: 14736.953: [GC
Desired survivor size 24510464 bytes, new threshold 1 (max 15)
 [PSYoungGen: 2750650K->14160K(2771712K)] 4773846K->2038046K(8364160K), 0.0350940 secs] [Times: user=0.19 sys=0.03, real=0.03 secs] 
2011-02-12T04:24:13.063+0000: 14742.383: [GC
Desired survivor size 24117248 bytes, new threshold 1 (max 15)
 [PSYoungGen: 2761424K->8240K(2772608K)] 4785310K->2032698K(8365056K), 0.0282140 secs] [Times: user=0.16 sys=0.01, real=0.02 secs] 
2011-02-12T04:24:18.330+0000: 14747.649: [GC
Desired survivor size 24051712 bytes, new threshold 1 (max 15)
 [PSYoungGen: 2756912K->15008K(2772224K)] 4781370K->2040150K(8364672K), 0.0334180 secs] [Times: user=0.21 sys=0.02, real=0.04 secs] 
2011-02-12T04:24:23.644+0000: 14752.963: [GC
Desired survivor size 24182784 bytes, new threshold 1 (max 15)
 [PSYoungGen: 2763680K->5056K(2772416K)] 4788822K->2030882K(8364864K), 0.0224210 secs] [Times: user=0.14 sys=0.01, real=0.02 secs] 
2011-02-12T04:24:28.480+0000: 14757.800: [GC
Desired survivor size 23920640 bytes, new threshold 1 (max 15)
 [PSYoungGen: 2753984K->6016K(2772544K)] 4779810K->2032334K(8364992K), 0.0248730 secs] [Times: user=0.15 sys=0.01, real=0.03 secs] 
2011-02-12T04:24:33.888+0000: 14763.208: [GC
Desired survivor size 23855104 bytes, new threshold 1 (max 15)
 [PSYoungGen: 2754944K->14272K(2772864K)] 4781262K->2041002K(8365312K), 0.0342480 secs] [Times: user=0.19 sys=0.02, real=0.03 secs] 
2011-02-12T04:24:39.410+0000: 14768.729: [GC
Desired survivor size 22740992 bytes, new threshold 1 (max 15)
 [PSYoungGen: 2763776K->10976K(2772800K)] 4790506K->2038074K(8365248K), 0.0281570 secs] [Times: user=0.17 sys=0.03, real=0.03 secs] 
2011-02-12T04:24:44.416+0000: 14773.736: [GC
Desired survivor size 22216704 bytes, new threshold 1 (max 15)
 [PSYoungGen: 2760480K->12928K(2774464K)] 4787578K->2040586K(8366912K), 0.0314140 secs] [Times: user=0.19 sys=0.01, real=0.03 secs] 
2011-02-12T04:24:49.152+0000: 14778.471: [GC
Desired survivor size 23003136 bytes, new threshold 1 (max 15)
 [PSYoungGen: 2765184K->16320K(2768640K)] 4792842K->2044484K(8361088K), 0.0345800 secs] [Times: user=0.22 sys=0.03, real=0.04 secs] 
2011-02-12T04:24:54.451+0000: 14783.770: [GC
Desired survivor size 23265280 bytes, new threshold 1 (max 15)
 [PSYoungGen: 2768576K->4336K(2773184K)] 4796740K->2033084K(8365632K), 0.0224830 secs] [Times: user=0.11 sys=0.01, real=0.02 secs] 
2011-02-12T04:24:59.794+0000: 14789.114: [GC
Desired survivor size 22216704 bytes, new threshold 1 (max 15)
 [PSYoungGen: 2755056K->11488K(2773440K)] 4783804K->2040788K(8365888K), 0.0307520 secs] [Times: user=0.19 sys=0.01, real=0.03 secs] 
2011-02-12T04:25:04.635+0000: 14793.955: [GC
Desired survivor size 22937600 bytes, new threshold 1 (max 15)
 [PSYoungGen: 2762208K->15962K(2773056K)] 4791508K->2045719K(8365504K), 0.0370280 secs] [Times: user=0.19 sys=0.02, real=0.04 secs] 
2011-02-12T04:25:09.793+0000: 14799.113: [GC
Desired survivor size 24248320 bytes, new threshold 1 (max 15)
 [PSYoungGen: 2767322K->18182K(2769600K)] 4797079K->2048593K(8362048K), 0.0383580 secs] [Times: user=0.23 sys=0.03, real=0.04 secs] 
2011-02-12T04:25:14.944+0000: 14804.263: [GC
Desired survivor size 25755648 bytes, new threshold 1 (max 15)
 [PSYoungGen: 2769542K->19311K(2769536K)] 4799953K->2050265K(8361984K), 0.0375210 secs] [Times: user=0.23 sys=0.02, real=0.04 secs] 
2011-02-12T04:25:20.077+0000: 14809.397: [GC
Desired survivor size 25821184 bytes, new threshold 1 (max 15)
 [PSYoungGen: 2765167K->5523K(2751424K)] 4796121K->2037278K(8343872K), 0.0264230 secs] [Times: user=0.13 sys=0.01, real=0.03 secs] 
2011-02-12T04:25:25.569+0000: 14814.889: [GC
Desired survivor size 25559040 bytes, new threshold 1 (max 15)
 [PSYoungGen: 2751379K->15066K(2771200K)] 4783134K->2047497K(8363648K), 0.0342300 secs] [Times: user=0.19 sys=0.01, real=0.04 secs] 
2011-02-12T04:25:31.069+0000: 14820.389: [GC
Desired survivor size 25100288 bytes, new threshold 1 (max 15)
 [PSYoungGen: 2761050K->8032K(2770944K)] 4793481K->2041090K(8363392K), 0.0270080 secs] [Times: user=0.15 sys=0.02, real=0.03 secs] 
2011-02-12T04:25:36.499+0000: 14825.819: [GC
Desired survivor size 24838144 bytes, new threshold 1 (max 15)
 [PSYoungGen: 2754016K->14784K(2771904K)] 4787074K->2048364K(8364352K), 0.0341030 secs] [Times: user=0.21 sys=0.01, real=0.04 secs] 
2011-02-12T04:25:42.578+0000: 14831.898: [GC
Desired survivor size 26148864 bytes, new threshold 1 (max 15)
 [PSYoungGen: 2762176K->19121K(2766528K)] 4795756K->2053110K(8358976K), 0.0394230 secs] [Times: user=0.24 sys=0.03, real=0.04 secs] 
2011-02-12T04:25:48.809+0000: 14838.129: [GC
Desired survivor size 26214400 bytes, new threshold 1 (max 15)
 [PSYoungGen: 2766513K->5328K(2770496K)] 4800502K->2039742K(8362944K), 0.0244880 secs] [Times: user=0.13 sys=0.02, real=0.03 secs] 
2011-02-12T04:25:54.871+0000: 14844.191: [GC
Desired survivor size 25427968 bytes, new threshold 1 (max 15)
 [PSYoungGen: 2750288K->9280K(2770560K)] 4784702K->2044198K(8363008K), 0.0272680 secs] [Times: user=0.16 sys=0.02, real=0.03 secs] 
2011-02-12T04:26:00.934+0000: 14850.254: [GC
Desired survivor size 24510464 bytes, new threshold 1 (max 15)
 [PSYoungGen: 2754240K->9538K(2772224K)] 4789158K->2044996K(8364672K), 0.0279290 secs] [Times: user=0.16 sys=0.02, real=0.03 secs] 
2011-02-12T04:26:06.369+0000: 14855.688: [GC
Desired survivor size 25362432 bytes, new threshold 1 (max 15)
 [PSYoungGen: 2756930K->17207K(2771328K)] 4792388K->2053391K(8363776K), 0.0368330 secs] [Times: user=0.21 sys=0.03, real=0.04 secs] 
2011-02-12T04:26:12.236+0000: 14861.556: [GC
Desired survivor size 24969216 bytes, new threshold 1 (max 15)
 [PSYoungGen: 2764599K->14592K(2771776K)] 4800783K->2051392K(8364224K), 0.0337520 secs] [Times: user=0.20 sys=0.02, real=0.03 secs] 
2011-02-12T04:26:17.615+0000: 14866.935: [GC
Desired survivor size 24379392 bytes, new threshold 1 (max 15)
 [PSYoungGen: 2761600K->8864K(2771392K)] 4798400K->2046416K(8363840K), 0.0282130 secs] [Times: user=0.16 sys=0.02, real=0.03 secs] 
2011-02-12T04:26:22.808+0000: 14872.127: [GC
Desired survivor size 23789568 bytes, new threshold 1 (max 15)
 [PSYoungGen: 2755872K->13696K(2772928K)] 4793424K->2051840K(8365376K), 0.0323440 secs] [Times: user=0.20 sys=0.02, real=0.03 secs] 
2011-02-12T04:26:28.047+0000: 14877.367: [GC
Desired survivor size 24838144 bytes, new threshold 1 (max 15)
 [PSYoungGen: 2762816K->18080K(2767232K)] 4800960K->2056696K(8359680K), 0.0375640 secs] [Times: user=0.26 sys=0.01, real=0.04 secs] 
2011-02-12T04:26:33.549+0000: 14882.869: [GC
Desired survivor size 25165824 bytes, new threshold 1 (max 15)
 [PSYoungGen: 2767200K->16864K(2771264K)] 4805816K->2055936K(8363712K), 0.0350110 secs] [Times: user=0.22 sys=0.01, real=0.03 secs] 
2011-02-12T04:26:39.557+0000: 14888.876: [GC
Desired survivor size 24772608 bytes, new threshold 1 (max 15)
 [PSYoungGen: 2763872K->15296K(2771584K)] 4802944K->2055004K(8364032K), 0.0342050 secs] [Times: user=0.21 sys=0.01, real=0.04 secs] 
2011-02-12T04:26:45.427+0000: 14894.747: [GC
Desired survivor size 23789568 bytes, new threshold 1 (max 15)
 [PSYoungGen: 2762304K->13728K(2772928K)] 4802012K->2053916K(8365376K), 0.0335870 secs] [Times: user=0.17 sys=0.02, real=0.04 secs] 
2011-02-12T04:26:51.103+0000: 14900.422: [GC
Desired survivor size 23592960 bytes, new threshold 1 (max 15)
 [PSYoungGen: 2762464K->9024K(2771968K)] 4802652K->2049692K(8364416K), 0.0280830 secs] [Times: user=0.17 sys=0.02, real=0.03 secs] 
2011-02-12T04:26:57.020+0000: 14906.340: [GC
Desired survivor size 22872064 bytes, new threshold 1 (max 15)
 [PSYoungGen: 2757760K->11136K(2773824K)] 4798428K->2052264K(8366272K), 0.0297040 secs] [Times: user=0.18 sys=0.02, real=0.03 secs] 
2011-02-12T04:27:02.407+0000: 14911.726: [GC
Desired survivor size 24641536 bytes, new threshold 1 (max 15)
 [PSYoungGen: 2761920K->20090K(2770880K)] 4803048K->2061650K(8363328K), 0.0387630 secs] [Times: user=0.24 sys=0.01, real=0.04 secs] 
2011-02-12T04:27:07.845+0000: 14917.164: [GC
Desired survivor size 24510464 bytes, new threshold 1 (max 15)
 [PSYoungGen: 2770874K->8240K(2772224K)] 4812434K->2050531K(8364672K), 0.0267950 secs] [Times: user=0.16 sys=0.02, real=0.02 secs] 
2011-02-12T04:27:13.427+0000: 14922.747: [GC
Desired survivor size 25690112 bytes, new threshold 1 (max 15)
 [PSYoungGen: 2756400K->19024K(2767232K)] 4798691K->2062011K(8359680K), 0.0379840 secs] [Times: user=0.25 sys=0.02, real=0.04 secs] 
2011-02-12T04:27:19.140+0000: 14928.460: [GC
Desired survivor size 24707072 bytes, new threshold 1 (max 15)
 [PSYoungGen: 2767184K->14272K(2772032K)] 4810171K->2057973K(8364480K), 0.0337020 secs] [Times: user=0.21 sys=0.02, real=0.04 secs] 
2011-02-12T04:27:24.308+0000: 14933.628: [GC
Desired survivor size 24969216 bytes, new threshold 1 (max 15)
 [PSYoungGen: 2761216K->6400K(2771072K)] 4804917K->2050701K(8363520K), 0.0236610 secs] [Times: user=0.14 sys=0.01, real=0.02 secs] 
2011-02-12T04:27:29.180+0000: 14938.500: [GC
Desired survivor size 25231360 bytes, new threshold 1 (max 15)
 [PSYoungGen: 2753344K->4832K(2771264K)] 4797645K->2049565K(8363712K), 0.0243220 secs] [Times: user=0.13 sys=0.03, real=0.02 secs] 
2011-02-12T04:27:34.241+0000: 14943.561: [GC
Desired survivor size 24838144 bytes, new threshold 1 (max 15)
 [PSYoungGen: 2751712K->7040K(2771520K)] 4796445K->2052337K(8363968K), 0.0247280 secs] [Times: user=0.14 sys=0.01, real=0.03 secs] 
2011-02-12T04:27:39.638+0000: 14948.957: [GC
Desired survivor size 25165824 bytes, new threshold 1 (max 15)
 [PSYoungGen: 2753920K->15864K(2771264K)] 4799217K->2061621K(8363712K), 0.0356220 secs] [Times: user=0.23 sys=0.03, real=0.03 secs] 
2011-02-12T04:27:44.884+0000: 14954.203: [GC
Desired survivor size 26083328 bytes, new threshold 1 (max 15)
 [PSYoungGen: 2762872K->17888K(2764928K)] 4808629K->2064237K(8357376K), 0.0363110 secs] [Times: user=0.22 sys=0.03, real=0.04 secs] 
2011-02-12T04:27:50.377+0000: 14959.696: [GC
Desired survivor size 24772608 bytes, new threshold 1 (max 15)
 [PSYoungGen: 2764896K->12640K(2771968K)] 4811245K->2059573K(8364416K), 0.0319260 secs] [Times: user=0.19 sys=0.01, real=0.04 secs] 
2011-02-12T04:27:55.389+0000: 14964.709: [GC
Desired survivor size 24510464 bytes, new threshold 1 (max 15)
 [PSYoungGen: 2759136K->15136K(2770688K)] 4806069K->2062605K(8363136K), 0.0346540 secs] [Times: user=0.22 sys=0.01, real=0.03 secs] 
2011-02-12T04:28:00.713+0000: 14970.032: [GC
Desired survivor size 25821184 bytes, new threshold 1 (max 15)
 [PSYoungGen: 2761632K->19266K(2769664K)] 4809101K->2067111K(8362112K), 0.0399070 secs] [Times: user=0.24 sys=0.03, real=0.04 secs] 
2011-02-12T04:28:05.147+0000: 14974.467: [GC
Desired survivor size 25624576 bytes, new threshold 1 (max 15)
 [PSYoungGen: 2764994K->16216K(2770944K)] 4812839K->2064699K(8363392K), 0.0359900 secs] [Times: user=0.21 sys=0.02, real=0.04 secs] 
2011-02-12T04:28:09.632+0000: 14978.952: [GC
Desired survivor size 25886720 bytes, new threshold 1 (max 15)
 [PSYoungGen: 2761944K->5808K(2770624K)] 4810427K->2054819K(8363072K), 0.0247430 secs] [Times: user=0.14 sys=0.01, real=0.02 secs] 
2011-02-12T04:28:14.562+0000: 14983.882: [GC
Desired survivor size 25821184 bytes, new threshold 1 (max 15)
 [PSYoungGen: 2751408K->6048K(2770880K)] 4800419K->2055567K(8363328K), 0.0242290 secs] [Times: user=0.14 sys=0.01, real=0.02 secs] 
2011-02-12T04:28:19.923+0000: 14989.242: [GC
Desired survivor size 24641536 bytes, new threshold 1 (max 15)
 [PSYoungGen: 2751648K->12672K(2772096K)] 4801167K->2062891K(8364544K), 0.0332730 secs] [Times: user=0.19 sys=0.01, real=0.03 secs] 
2011-02-12T04:28:25.213+0000: 14994.533: [GC
Desired survivor size 26017792 bytes, new threshold 1 (max 15)
 [PSYoungGen: 2759552K->19200K(2766080K)] 4809771K->2069935K(8358528K), 0.0393310 secs] [Times: user=0.25 sys=0.03, real=0.04 secs] 
2011-02-12T04:28:30.806+0000: 15000.126: [GC
Desired survivor size 24838144 bytes, new threshold 1 (max 15)
 [PSYoungGen: 2766080K->12672K(2771904K)] 4816815K->2063831K(8364352K), 0.0305970 secs] [Times: user=0.18 sys=0.02, real=0.03 secs] 
2011-02-12T04:28:36.576+0000: 15005.896: [GC
Desired survivor size 24313856 bytes, new threshold 1 (max 15)
 [PSYoungGen: 2759168K->9571K(2770752K)] 4810327K->2061159K(8363200K), 0.0290410 secs] [Times: user=0.15 sys=0.02, real=0.03 secs] 
2011-02-12T04:28:42.233+0000: 15011.553: [GC
Desired survivor size 24576000 bytes, new threshold 1 (max 15)
 [PSYoungGen: 2756067K->4448K(2771904K)] 4807655K->2056567K(8364352K), 0.0229250 secs] [Times: user=0.13 sys=0.02, real=0.03 secs] 
2011-02-12T04:28:47.795+0000: 15017.115: [GC
Desired survivor size 24117248 bytes, new threshold 1 (max 15)
 [PSYoungGen: 2752608K->13824K(2772160K)] 4804727K->2066471K(8364608K), 0.0322820 secs] [Times: user=0.20 sys=0.02, real=0.04 secs] 
2011-02-12T04:28:53.715+0000: 15023.035: [GC
Desired survivor size 23003136 bytes, new threshold 1 (max 15)
 [PSYoungGen: 2761984K->12224K(2773696K)] 4814631K->2065527K(8366144K), 0.0317820 secs] [Times: user=0.19 sys=0.02, real=0.04 secs] 
2011-02-12T04:28:58.922+0000: 15028.241: [GC
Desired survivor size 24248320 bytes, new threshold 1 (max 15)
 [PSYoungGen: 2762368K->18096K(2768256K)] 4815671K->2071911K(8360704K), 0.0370050 secs] [Times: user=0.24 sys=0.02, real=0.04 secs] 
2011-02-12T04:29:04.247+0000: 15033.567: [GC
Desired survivor size 23920640 bytes, new threshold 1 (max 15)
 [PSYoungGen: 2768240K->7770K(2772800K)] 4822055K->2061993K(8365248K), 0.0275210 secs] [Times: user=0.14 sys=0.02, real=0.02 secs] 
2011-02-12T04:29:09.488+0000: 15038.808: [GC
Desired survivor size 23986176 bytes, new threshold 1 (max 15)
 [PSYoungGen: 2756890K->5480K(2772480K)] 4811113K->2060370K(8364928K), 0.0254360 secs] [Times: user=0.13 sys=0.02, real=0.02 secs] 
2011-02-12T04:29:14.820+0000: 15044.140: [GC
Desired survivor size 23003136 bytes, new threshold 1 (max 15)
 [PSYoungGen: 2754600K->10067K(2773696K)] 4809490K->2065662K(8366144K), 0.0285390 secs] [Times: user=0.17 sys=0.02, real=0.03 secs] 
2011-02-12T04:29:20.014+0000: 15049.334: [GC
Desired survivor size 22544384 bytes, new threshold 1 (max 15)
 [PSYoungGen: 2760339K->13056K(2772736K)] 4815934K->2069350K(8365184K), 0.0314390 secs] [Times: user=0.20 sys=0.02, real=0.03 secs] 
2011-02-12T04:29:25.504+0000: 15054.824: [GC
Desired survivor size 22347776 bytes, new threshold 1 (max 15)
 [PSYoungGen: 2763328K->6400K(2774336K)] 4819622K->2063106K(8366784K), 0.0249340 secs] [Times: user=0.15 sys=0.00, real=0.03 secs] 
2011-02-12T04:29:30.601+0000: 15059.921: [GC
Desired survivor size 21495808 bytes, new threshold 1 (max 15)
 [PSYoungGen: 2758720K->9586K(2774144K)] 4815426K->2066900K(8366592K), 0.0282760 secs] [Times: user=0.16 sys=0.01, real=0.02 secs] 
2011-02-12T04:29:36.228+0000: 15065.548: [GC
Desired survivor size 21561344 bytes, new threshold 1 (max 15)
 [PSYoungGen: 2761906K->4576K(2775040K)] 4819220K->2062294K(8367488K), 0.0237650 secs] [Times: user=0.11 sys=0.00, real=0.03 secs] 
2011-02-12T04:29:41.706+0000: 15071.025: [GC
Desired survivor size 21168128 bytes, new threshold 1 (max 15)
 [PSYoungGen: 2758624K->12192K(2775104K)] 4816342K->2070354K(8367552K), 0.0317310 secs] [Times: user=0.19 sys=0.01, real=0.03 secs] 
2011-02-12T04:29:47.167+0000: 15076.487: [GC
Desired survivor size 20447232 bytes, new threshold 1 (max 15)
 [PSYoungGen: 2766240K->11288K(2776192K)] 4824402K->2069834K(8368640K), 0.0301620 secs] [Times: user=0.17 sys=0.01, real=0.03 secs] 
2011-02-12T04:29:52.366+0000: 15081.686: [GC
Desired survivor size 21626880 bytes, new threshold 1 (max 15)
 [PSYoungGen: 2766808K->16080K(2771648K)] 4825354K->2075110K(8364096K), 0.0357730 secs] [Times: user=0.22 sys=0.01, real=0.03 secs] 
2011-02-12T04:29:57.998+0000: 15087.317: [GC
Desired survivor size 20971520 bytes, new threshold 1 (max 15)
 [PSYoungGen: 2771600K->8896K(2775680K)] 4830630K->2068474K(8368128K), 0.0284880 secs] [Times: user=0.16 sys=0.01, real=0.03 secs] 
2011-02-12T04:30:02.994+0000: 15092.313: [GC
Desired survivor size 21692416 bytes, new threshold 1 (max 15)
 [PSYoungGen: 2763456K->15440K(2770048K)] 4823034K->2075543K(8362496K), 0.0344750 secs] [Times: user=0.21 sys=0.01, real=0.04 secs] 
2011-02-12T04:30:07.208+0000: 15096.528: [GC
Desired survivor size 24248320 bytes, new threshold 1 (max 15)
 [PSYoungGen: 2770000K->20680K(2769984K)] 4830103K->2081554K(8362432K), 0.0402310 secs] [Times: user=0.27 sys=0.02, real=0.04 secs] 
2011-02-12T04:30:11.760+0000: 15101.080: [GC
Desired survivor size 24969216 bytes, new threshold 1 (max 15)
 [PSYoungGen: 2769480K->17216K(2766080K)] 4830354K->2078622K(8358528K), 0.0379140 secs] [Times: user=0.21 sys=0.02, real=0.04 secs] 
2011-02-12T04:30:16.616+0000: 15105.936: [GC
Desired survivor size 26214400 bytes, new threshold 1 (max 15)
 [PSYoungGen: 2766016K->19184K(2769344K)] 4827422K->2081458K(8361792K), 0.0381050 secs] [Times: user=0.25 sys=0.02, real=0.03 secs] 
2011-02-12T04:30:21.981+0000: 15111.300: [GC
Desired survivor size 26279936 bytes, new threshold 1 (max 15)
 [PSYoungGen: 2764144K->5952K(2750912K)] 4826418K->2068722K(8343360K), 0.0256420 secs] [Times: user=0.14 sys=0.02, real=0.03 secs] 
2011-02-12T04:30:27.373+0000: 15116.693: [GC
Desired survivor size 24969216 bytes, new threshold 1 (max 15)
 [PSYoungGen: 2750912K->12320K(2771776K)] 4813682K->2075570K(8364224K), 0.0315820 secs] [Times: user=0.17 sys=0.02, real=0.03 secs] 
2011-02-12T04:30:33.118+0000: 15122.438: [GC
Desired survivor size 24117248 bytes, new threshold 1 (max 15)
 [PSYoungGen: 2758432K->10659K(2770496K)] 4821682K->2074333K(8362944K), 0.0296020 secs] [Times: user=0.19 sys=0.02, real=0.03 secs] 
2011-02-12T04:30:38.850+0000: 15128.170: [GC
Desired survivor size 23592960 bytes, new threshold 1 (max 15)
 [PSYoungGen: 2756771K->9024K(2773120K)] 4820445K->2073299K(8365568K), 0.0271100 secs] [Times: user=0.16 sys=0.02, real=0.02 secs] 
2011-02-12T04:30:44.297+0000: 15133.616: [GC
Desired survivor size 25821184 bytes, new threshold 1 (max 15)
 [PSYoungGen: 2758592K->21000K(2770624K)] 4822867K->2085815K(8363072K), 0.0409050 secs] [Times: user=0.23 sys=0.02, real=0.04 secs] 
2011-02-12T04:30:49.249+0000: 15138.569: [GC
Desired survivor size 25952256 bytes, new threshold 1 (max 15)
 [PSYoungGen: 2770568K->16544K(2770688K)] 4835383K->2081999K(8363136K), 0.0365580 secs] [Times: user=0.21 sys=0.02, real=0.03 secs] 
2011-02-12T04:30:54.547+0000: 15143.867: [GC
Desired survivor size 26017792 bytes, new threshold 1 (max 15)
 [PSYoungGen: 2762016K->6032K(2751552K)] 4827471K->2071847K(8344000K), 0.0259090 secs] [Times: user=0.12 sys=0.02, real=0.03 secs] 
2011-02-12T04:30:59.880+0000: 15149.200: [GC
Desired survivor size 25231360 bytes, new threshold 1 (max 15)
 [PSYoungGen: 2751504K->13984K(2771520K)] 4817319K->2080367K(8363968K), 0.0327110 secs] [Times: user=0.20 sys=0.02, real=0.04 secs] 
2011-02-12T04:31:04.929+0000: 15154.249: [GC
Desired survivor size 25559040 bytes, new threshold 1 (max 15)
 [PSYoungGen: 2760096K->16890K(2770752K)] 4826479K->2083769K(8363200K), 0.0371510 secs] [Times: user=0.23 sys=0.02, real=0.04 secs] 
2011-02-12T04:31:09.814+0000: 15159.134: [GC
Desired survivor size 24510464 bytes, new threshold 1 (max 15)
 [PSYoungGen: 2763002K->13578K(2772224K)] 4829881K->2081256K(8364672K), 0.0340120 secs] [Times: user=0.20 sys=0.01, real=0.03 secs] 
2011-02-12T04:31:14.959+0000: 15164.279: [GC
Desired survivor size 24772608 bytes, new threshold 1 (max 15)
 [PSYoungGen: 2760842K->16736K(2771200K)] 4828520K->2084985K(8363648K), 0.0367210 secs] [Times: user=0.21 sys=0.02, real=0.04 secs] 
2011-02-12T04:31:20.411+0000: 15169.731: [GC
Desired survivor size 24707072 bytes, new threshold 1 (max 15)
 [PSYoungGen: 2764000K->7488K(2772032K)] 4832249K->2076529K(8364480K), 0.0290250 secs] [Times: user=0.14 sys=0.02, real=0.03 secs] 
2011-02-12T04:31:25.978+0000: 15175.298: [GC
Desired survivor size 24772608 bytes, new threshold 1 (max 15)
 [PSYoungGen: 2755328K->6240K(2771968K)] 4824369K->2075757K(8364416K), 0.0248370 secs] [Times: user=0.15 sys=0.01, real=0.02 secs] 
2011-02-12T04:31:31.465+0000: 15180.784: [GC
Desired survivor size 24641536 bytes, new threshold 1 (max 15)
 [PSYoungGen: 2754080K->15200K(2772096K)] 4823597K->2085153K(8364544K), 0.0345540 secs] [Times: user=0.20 sys=0.02, real=0.04 secs] 
2011-02-12T04:31:36.823+0000: 15186.143: [GC
Desired survivor size 24838144 bytes, new threshold 1 (max 15)
 [PSYoungGen: 2763104K->4640K(2752576K)] 4833057K->2075025K(8345024K), 0.0224970 secs] [Times: user=0.12 sys=0.01, real=0.03 secs] 
2011-02-12T04:31:41.725+0000: 15191.045: [GC
Desired survivor size 24707072 bytes, new threshold 1 (max 15)
 [PSYoungGen: 2752544K->5260K(2772032K)] 4822929K->2076157K(8364480K), 0.0251270 secs] [Times: user=0.14 sys=0.02, real=0.03 secs] 
2011-02-12T04:31:46.754+0000: 15196.073: [GC
Desired survivor size 23527424 bytes, new threshold 1 (max 15)
 [PSYoungGen: 2753036K->10412K(2771904K)] 4823933K->2081933K(8364352K), 0.0320570 secs] [Times: user=0.19 sys=0.02, real=0.03 secs] 
2011-02-12T04:31:51.988+0000: 15201.308: [GC
Desired survivor size 23068672 bytes, new threshold 1 (max 15)
 [PSYoungGen: 2758188K->13120K(2773632K)] 4829709K->2085440K(8366080K), 0.0336160 secs] [Times: user=0.20 sys=0.01, real=0.03 secs] 
2011-02-12T04:31:57.685+0000: 15207.005: [GC
Desired survivor size 22216704 bytes, new threshold 1 (max 15)
 [PSYoungGen: 2763776K->9728K(2773184K)] 4836096K->2082492K(8365632K), 0.0284710 secs] [Times: user=0.15 sys=0.02, real=0.03 secs] 
2011-02-12T04:32:02.611+0000: 15211.931: [GC
Desired survivor size 21299200 bytes, new threshold 1 (max 15)
 [PSYoungGen: 2760384K->9978K(2775360K)] 4833148K->2083154K(8367808K), 0.0299690 secs] [Times: user=0.17 sys=0.02, real=0.03 secs] 
2011-02-12T04:32:07.227+0000: 15216.547: [GC
Desired survivor size 21364736 bytes, new threshold 1 (max 15)
 [PSYoungGen: 2763642K->4976K(2774464K)] 4836818K->2078798K(8366912K), 0.0248810 secs] [Times: user=0.12 sys=0.02, real=0.03 secs] 
2011-02-12T04:32:12.491+0000: 15221.811: [GC
Desired survivor size 20316160 bytes, new threshold 1 (max 15)
 [PSYoungGen: 2758640K->10116K(2776320K)] 4832462K->2084534K(8368768K), 0.0289290 secs] [Times: user=0.16 sys=0.02, real=0.03 secs] 
2011-02-12T04:32:18.108+0000: 15227.428: [GC
Desired survivor size 20185088 bytes, new threshold 1 (max 15)
 [PSYoungGen: 2765572K->5664K(2775296K)] 4839990K->2081010K(8367744K), 0.0238200 secs] [Times: user=0.13 sys=0.02, real=0.03 secs] 
2011-02-12T04:32:23.468+0000: 15232.788: [GC
Desired survivor size 20447232 bytes, new threshold 1 (max 15)
 [PSYoungGen: 2761120K->13248K(2775936K)] 4836466K->2089138K(8368384K), 0.0325310 secs] [Times: user=0.19 sys=0.01, real=0.04 secs] 
2011-02-12T04:32:29.070+0000: 15238.390: [GC
Desired survivor size 19595264 bytes, new threshold 1 (max 15)
 [PSYoungGen: 2769472K->9568K(2776192K)] 4845362K->2085950K(8368640K), 0.0270940 secs] [Times: user=0.16 sys=0.01, real=0.03 secs] 
2011-02-12T04:32:34.725+0000: 15244.045: [GC
Desired survivor size 22806528 bytes, new threshold 1 (max 15)
 [PSYoungGen: 2765792K->19136K(2770752K)] 4842174K->2097451K(8363200K), 0.0433380 secs] [Times: user=0.22 sys=0.02, real=0.04 secs] 
2011-02-12T04:32:40.432+0000: 15249.752: [GC
Desired survivor size 23199744 bytes, new threshold 1 (max 15)
 [PSYoungGen: 2770752K->15264K(2766912K)] 4849067K->2094035K(8359360K), 0.0349710 secs] [Times: user=0.21 sys=0.02, real=0.04 secs] 
2011-02-12T04:32:46.191+0000: 15255.511: [GC
Desired survivor size 22413312 bytes, new threshold 1 (max 15)
 [PSYoungGen: 2766880K->9504K(2774272K)] 4845651K->2088747K(8366720K), 0.0294120 secs] [Times: user=0.16 sys=0.02, real=0.03 secs] 
2011-02-12T04:32:52.395+0000: 15261.714: [GC
Desired survivor size 22347776 bytes, new threshold 1 (max 15)
 [PSYoungGen: 2761120K->14048K(2773504K)] 4840363K->2093751K(8365952K), 0.0329960 secs] [Times: user=0.19 sys=0.02, real=0.04 secs] 
2011-02-12T04:32:58.252+0000: 15267.571: [GC
Desired survivor size 21430272 bytes, new threshold 1 (max 15)
 [PSYoungGen: 2765664K->11040K(2775232K)] 4845367K->2091371K(8367680K), 0.0328670 secs] [Times: user=0.16 sys=0.02, real=0.03 secs] 
2011-02-12T04:33:03.626+0000: 15272.946: [GC
Desired survivor size 21495808 bytes, new threshold 1 (max 15)
 [PSYoungGen: 2764448K->5786K(2774336K)] 4844779K->2086685K(8366784K), 0.0254090 secs] [Times: user=0.13 sys=0.02, real=0.03 secs] 
2011-02-12T04:33:08.883+0000: 15278.203: [GC
Desired survivor size 22478848 bytes, new threshold 1 (max 15)
 [PSYoungGen: 2759194K->16221K(2773248K)] 4840093K->2097783K(8365696K), 0.0369400 secs] [Times: user=0.20 sys=0.02, real=0.04 secs] 
2011-02-12T04:33:14.307+0000: 15283.627: [GC
Desired survivor size 27328512 bytes, new threshold 1 (max 15)
 [PSYoungGen: 2768477K->21936K(2774208K)] 4850039K->2108799K(8366656K), 0.0486800 secs] [Times: user=0.30 sys=0.03, real=0.04 secs] 
2011-02-12T04:33:19.241+0000: 15288.560: [GC
Desired survivor size 31129600 bytes, new threshold 1 (max 15)
 [PSYoungGen: 2774192K->21920K(2757312K)] 4861055K->2113694K(8349760K), 0.0475320 secs] [Times: user=0.31 sys=0.02, real=0.05 secs] 
2011-02-12T04:33:23.854+0000: 15293.174: [GC
Desired survivor size 30539776 bytes, new threshold 1 (max 15)
 [PSYoungGen: 2757280K->17157K(2765760K)] 4849054K->2109579K(8358208K), 0.0377620 secs] [Times: user=0.24 sys=0.01, real=0.04 secs] 
2011-02-12T04:33:29.572+0000: 15298.892: [GC
Desired survivor size 29884416 bytes, new threshold 1 (max 15)
 [PSYoungGen: 2752517K->9600K(2766976K)] 4844939K->2102483K(8359424K), 0.0297540 secs] [Times: user=0.17 sys=0.01, real=0.03 secs] 
2011-02-12T04:33:35.484+0000: 15304.804: [GC
Desired survivor size 29163520 bytes, new threshold 1 (max 15)
 [PSYoungGen: 2746752K->9632K(2766336K)] 4839635K->2103159K(8358784K), 0.0281330 secs] [Times: user=0.17 sys=0.01, real=0.03 secs] 
2011-02-12T04:33:41.115+0000: 15310.435: [GC
Desired survivor size 28901376 bytes, new threshold 1 (max 15)
 [PSYoungGen: 2746784K->6656K(2767936K)] 4840311K->2100735K(8360384K), 0.0263690 secs] [Times: user=0.14 sys=0.02, real=0.03 secs] 
2011-02-12T04:33:46.014+0000: 15315.334: [GC
Desired survivor size 28901376 bytes, new threshold 1 (max 15)
 [PSYoungGen: 2746112K->4320K(2767680K)] 4840191K->2099007K(8360128K), 0.0229250 secs] [Times: user=0.12 sys=0.01, real=0.02 secs] 
2011-02-12T04:33:51.466+0000: 15320.786: [GC
Desired survivor size 27918336 bytes, new threshold 1 (max 15)
 [PSYoungGen: 2743776K->14016K(2768896K)] 4838463K->2109095K(8361344K), 0.0323060 secs] [Times: user=0.19 sys=0.02, real=0.03 secs] 
2011-02-12T04:33:57.164+0000: 15326.484: [GC
Desired survivor size 26804224 bytes, new threshold 1 (max 15)
 [PSYoungGen: 2754688K->9964K(2767936K)] 4849767K->2105495K(8360384K), 0.0296930 secs] [Times: user=0.17 sys=0.02, real=0.03 secs] 
2011-02-12T04:34:02.742+0000: 15332.061: [GC
Desired survivor size 29097984 bytes, new threshold 1 (max 15)
 [PSYoungGen: 2750636K->21914K(2765504K)] 4846167K->2118009K(8357952K), 0.0422530 secs] [Times: user=0.27 sys=0.02, real=0.05 secs] 
2011-02-12T04:34:08.088+0000: 15337.408: [GC
Desired survivor size 27852800 bytes, new threshold 1 (max 15)
 [PSYoungGen: 2761242K->11104K(2767744K)] 4857337K->2108041K(8360192K), 0.0325440 secs] [Times: user=0.17 sys=0.01, real=0.03 secs] 
2011-02-12T04:34:13.635+0000: 15342.955: [GC
Desired survivor size 27787264 bytes, new threshold 1 (max 15)
 [PSYoungGen: 2750432K->4880K(2769024K)] 4847369K->2102469K(8361472K), 0.0233860 secs] [Times: user=0.13 sys=0.02, real=0.02 secs] 
2011-02-12T04:34:19.084+0000: 15348.403: [GC
Desired survivor size 26607616 bytes, new threshold 1 (max 15)
 [PSYoungGen: 2746704K->12928K(2768960K)] 4844293K->2111129K(8361408K), 0.0329340 secs] [Times: user=0.21 sys=0.02, real=0.04 secs] 
2011-02-12T04:34:24.846+0000: 15354.166: [GC
Desired survivor size 25886720 bytes, new threshold 1 (max 15)
 [PSYoungGen: 2754752K->8256K(2770880K)] 4852953K->2106981K(8363328K), 0.0265970 secs] [Times: user=0.15 sys=0.01, real=0.02 secs] 
2011-02-12T04:34:30.419+0000: 15359.739: [GC
Desired survivor size 27656192 bytes, new threshold 1 (max 15)
 [PSYoungGen: 2753152K->20195K(2765120K)] 4851877K->2119433K(8357568K), 0.0395780 secs] [Times: user=0.26 sys=0.01, real=0.04 secs] 
2011-02-12T04:34:35.905+0000: 15365.225: [GC
Desired survivor size 26869760 bytes, new threshold 1 (max 15)
 [PSYoungGen: 2765091K->14381K(2769920K)] 4864329K->2114224K(8362368K), 0.0342660 secs] [Times: user=0.20 sys=0.01, real=0.04 secs] 
2011-02-12T04:34:41.191+0000: 15370.511: [GC
Desired survivor size 27459584 bytes, new threshold 1 (max 15)
 [PSYoungGen: 2757293K->17952K(2769152K)] 4857136K->2118515K(8361600K), 0.0394170 secs] [Times: user=0.23 sys=0.02, real=0.04 secs] 
2011-02-12T04:34:46.514+0000: 15375.833: [GC
Desired survivor size 26935296 bytes, new threshold 1 (max 15)
 [PSYoungGen: 2760864K->8416K(2769856K)] 4861427K->2109483K(8362304K), 0.0281090 secs] [Times: user=0.14 sys=0.02, real=0.03 secs] 
2011-02-12T04:34:52.174+0000: 15381.494: [GC
Desired survivor size 27525120 bytes, new threshold 1 (max 15)
 [PSYoungGen: 2751456K->18000K(2761088K)] 4852523K->2119595K(8353536K), 0.0386070 secs] [Times: user=0.21 sys=0.01, real=0.04 secs] 
2011-02-12T04:34:57.807+0000: 15387.127: [GC
Desired survivor size 26279936 bytes, new threshold 1 (max 15)
 [PSYoungGen: 2761040K->13856K(2770496K)] 4862635K->2115931K(8362944K), 0.0340850 secs] [Times: user=0.20 sys=0.01, real=0.04 secs] 
2011-02-12T04:35:02.997+0000: 15392.316: [GC
Desired survivor size 25624576 bytes, new threshold 1 (max 15)
 [PSYoungGen: 2757472K->10074K(2769280K)] 4859547K->2112689K(8361728K), 0.0285610 secs] [Times: user=0.17 sys=0.01, real=0.03 secs] 
2011-02-12T04:35:08.222+0000: 15397.541: [GC
Desired survivor size 25100288 bytes, new threshold 1 (max 15)
 [PSYoungGen: 2753690K->14864K(2771648K)] 4856305K->2118193K(8364096K), 0.0358940 secs] [Times: user=0.20 sys=0.02, real=0.04 secs] 
2011-02-12T04:35:13.847+0000: 15403.167: [GC
Desired survivor size 24248320 bytes, new threshold 1 (max 15)
 [PSYoungGen: 2761488K->11472K(2771136K)] 4864817K->2115469K(8363584K), 0.0304330 secs] [Times: user=0.19 sys=0.02, real=0.03 secs] 
2011-02-12T04:35:18.505+0000: 15407.824: [GC
Desired survivor size 24313856 bytes, new threshold 1 (max 15)
 [PSYoungGen: 2758096K->6482K(2772352K)] 4862093K->2111120K(8364800K), 0.0255570 secs] [Times: user=0.14 sys=0.02, real=0.02 secs] 
2011-02-12T04:35:23.998+0000: 15413.318: [GC
Desired survivor size 25231360 bytes, new threshold 1 (max 15)
 [PSYoungGen: 2755154K->17824K(2766528K)] 4859792K->2122973K(8358976K), 0.0370610 secs] [Times: user=0.24 sys=0.02, real=0.04 secs] 
2011-02-12T04:35:29.396+0000: 15418.716: [GC
Desired survivor size 24379392 bytes, new threshold 1 (max 15)
 [PSYoungGen: 2766496K->11040K(2772352K)] 4871645K->2116581K(8364800K), 0.0296110 secs] [Times: user=0.18 sys=0.01, real=0.03 secs] 
2011-02-12T04:35:35.013+0000: 15424.333: [GC
Desired survivor size 24182784 bytes, new threshold 1 (max 15)
 [PSYoungGen: 2758752K->7296K(2771520K)] 4864293K->2113301K(8363968K), 0.0265250 secs] [Times: user=0.14 sys=0.01, real=0.03 secs] 
2011-02-12T04:35:40.442+0000: 15429.762: [GC
Desired survivor size 25165824 bytes, new threshold 1 (max 15)
 [PSYoungGen: 2755008K->17920K(2770624K)] 4861013K->2124417K(8363072K), 0.0384040 secs] [Times: user=0.24 sys=0.01, real=0.04 secs] 
2011-02-12T04:35:45.855+0000: 15435.174: [GC
Desired survivor size 24707072 bytes, new threshold 1 (max 15)
 [PSYoungGen: 2764928K->8384K(2771584K)] 4871425K->2115437K(8364032K), 0.0276490 secs] [Times: user=0.17 sys=0.01, real=0.03 secs] 
2011-02-12T04:35:50.744+0000: 15440.064: [GC
Desired survivor size 23724032 bytes, new threshold 1 (max 15)
 [PSYoungGen: 2755392K->12832K(2772992K)] 4862445K->2120457K(8365440K), 0.0317720 secs] [Times: user=0.19 sys=0.01, real=0.04 secs] 
2011-02-12T04:35:55.696+0000: 15445.016: [GC
Desired survivor size 23724032 bytes, new threshold 1 (max 15)
 [PSYoungGen: 2761696K->15232K(2772032K)] 4869321K->2123413K(8364480K), 0.0349190 secs] [Times: user=0.20 sys=0.02, real=0.04 secs] 
2011-02-12T04:36:00.612+0000: 15449.932: [GC
Desired survivor size 24051712 bytes, new threshold 1 (max 15)
 [PSYoungGen: 2764096K->16418K(2772352K)] 4872277K->2125103K(8364800K), 0.0350600 secs] [Times: user=0.23 sys=0.02, real=0.03 secs] 
2011-02-12T04:36:05.429+0000: 15454.748: [GC
Desired survivor size 23527424 bytes, new threshold 1 (max 15)
 [PSYoungGen: 2765602K->14584K(2772672K)] 4874287K->2123980K(8365120K), 0.0351500 secs] [Times: user=0.20 sys=0.02, real=0.03 secs] 
2011-02-12T04:36:09.839+0000: 15459.158: [GC
Desired survivor size 24379392 bytes, new threshold 1 (max 15)
 [PSYoungGen: 2763768K->17944K(2771520K)] 4873164K->2127828K(8363968K), 0.0383970 secs] [Times: user=0.24 sys=0.01, real=0.04 secs] 
2011-02-12T04:36:14.784+0000: 15464.103: [GC
Desired survivor size 25952256 bytes, new threshold 1 (max 15)
 [PSYoungGen: 2766488K->20685K(2769280K)] 4876372K->2130981K(8361728K), 0.0391150 secs] [Times: user=0.25 sys=0.01, real=0.04 secs] 
2011-02-12T04:36:19.906+0000: 15469.225: [GC
Desired survivor size 25231360 bytes, new threshold 1 (max 15)
 [PSYoungGen: 2769229K->12240K(2771520K)] 4879525K->2123260K(8363968K), 0.0322580 secs] [Times: user=0.19 sys=0.02, real=0.03 secs] 
2011-02-12T04:36:25.341+0000: 15474.661: [GC
Desired survivor size 25559040 bytes, new threshold 1 (max 15)
 [PSYoungGen: 2758416K->17888K(2770816K)] 4869436K->2129594K(8363264K), 0.0363600 secs] [Times: user=0.24 sys=0.01, real=0.03 secs] 
2011-02-12T04:36:30.350+0000: 15479.669: [GC
Desired survivor size 25821184 bytes, new threshold 1 (max 15)
 [PSYoungGen: 2764064K->18080K(2770688K)] 4875770K->2130428K(8363136K), 0.0375070 secs] [Times: user=0.24 sys=0.02, real=0.04 secs] 
2011-02-12T04:36:35.240+0000: 15484.559: [GC
Desired survivor size 24838144 bytes, new threshold 1 (max 15)
 [PSYoungGen: 2763808K->14549K(2770944K)] 4876156K->2127333K(8363392K), 0.0338950 secs] [Times: user=0.20 sys=0.00, real=0.04 secs] 
2011-02-12T04:36:40.861+0000: 15490.181: [GC
Desired survivor size 24903680 bytes, new threshold 1 (max 15)
 [PSYoungGen: 2760277K->9113K(2771776K)] 4873061K->2122309K(8364224K), 0.0282830 secs] [Times: user=0.16 sys=0.02, real=0.03 secs] 
2011-02-12T04:36:46.335+0000: 15495.654: [GC
Desired survivor size 25624576 bytes, new threshold 1 (max 15)
 [PSYoungGen: 2756633K->4288K(2751808K)] 4869829K->2117996K(8344256K), 0.0232230 secs] [Times: user=0.13 sys=0.01, real=0.02 secs] 
2011-02-12T04:36:51.573+0000: 15500.893: [GC
Desired survivor size 24838144 bytes, new threshold 1 (max 15)
 [PSYoungGen: 2751808K->10846K(2771904K)] 4865516K->2124954K(8364352K), 0.0304780 secs] [Times: user=0.15 sys=0.00, real=0.04 secs] 
2011-02-12T04:36:57.037+0000: 15506.356: [GC
Desired survivor size 24313856 bytes, new threshold 1 (max 15)
 [PSYoungGen: 2757726K->14720K(2771136K)] 4871834K->2129268K(8363584K), 0.0347990 secs] [Times: user=0.22 sys=0.01, real=0.03 secs] 
2011-02-12T04:37:02.267+0000: 15511.587: [GC
Desired survivor size 26017792 bytes, new threshold 1 (max 15)
 [PSYoungGen: 2761600K->20570K(2769088K)] 4876148K->2135846K(8361536K), 0.0429080 secs] [Times: user=0.25 sys=0.01, real=0.04 secs] 
2011-02-12T04:37:07.726+0000: 15517.045: [GC
Desired survivor size 25427968 bytes, new threshold 1 (max 15)
 [PSYoungGen: 2765914K->10752K(2770752K)] 4881190K->2126774K(8363200K), 0.0314030 secs] [Times: user=0.18 sys=0.02, real=0.04 secs] 
2011-02-12T04:37:13.026+0000: 15522.345: [GC
Desired survivor size 25886720 bytes, new threshold 1 (max 15)
 [PSYoungGen: 2756096K->17859K(2770432K)] 4872118K->2134454K(8362880K), 0.0366020 secs] [Times: user=0.24 sys=0.02, real=0.04 secs] 
2011-02-12T04:37:18.350+0000: 15527.670: [GC
Desired survivor size 25755648 bytes, new threshold 1 (max 15)
 [PSYoungGen: 2763459K->8320K(2770880K)] 4880054K->2125681K(8363328K), 0.0282810 secs] [Times: user=0.16 sys=0.02, real=0.03 secs] 
2011-02-12T04:37:23.592+0000: 15532.912: [GC
Desired survivor size 24903680 bytes, new threshold 1 (max 15)
 [PSYoungGen: 2753920K->14464K(2771840K)] 4871281K->2132389K(8364288K), 0.0337550 secs] [Times: user=0.21 sys=0.02, real=0.03 secs] 
2011-02-12T04:37:29.333+0000: 15538.653: [GC
Desired survivor size 24117248 bytes, new threshold 1 (max 15)
 [PSYoungGen: 2761152K->14400K(2771008K)] 4879077K->2132777K(8363456K), 0.0354150 secs] [Times: user=0.20 sys=0.01, real=0.04 secs] 
2011-02-12T04:37:34.814+0000: 15544.134: [GC
Desired survivor size 24444928 bytes, new threshold 1 (max 15)
 [PSYoungGen: 2761088K->6176K(2771968K)] 4879465K->2125165K(8364416K), 0.0270290 secs] [Times: user=0.12 sys=0.01, real=0.03 secs] 
2011-02-12T04:37:40.621+0000: 15549.941: [GC
Desired survivor size 24838144 bytes, new threshold 1 (max 15)
 [PSYoungGen: 2754592K->4096K(2752512K)] 4873581K->2123637K(8344960K), 0.0234960 secs] [Times: user=0.12 sys=0.02, real=0.02 secs] 
2011-02-12T04:37:46.221+0000: 15555.541: [GC
Desired survivor size 24772608 bytes, new threshold 1 (max 15)
 [PSYoungGen: 2752512K->15136K(2771968K)] 4872053K->2135177K(8364416K), 0.0348240 secs] [Times: user=0.22 sys=0.01, real=0.03 secs] 
2011-02-12T04:37:51.704+0000: 15561.024: [GC
Desired survivor size 24641536 bytes, new threshold 1 (max 15)
 [PSYoungGen: 2762848K->6176K(2771904K)] 4882889K->2126697K(8364352K), 0.0258940 secs] [Times: user=0.14 sys=0.02, real=0.02 secs] 
2011-02-12T04:37:56.958+0000: 15566.278: [GC
Desired survivor size 23396352 bytes, new threshold 1 (max 15)
 [PSYoungGen: 2753888K->11584K(2773312K)] 4874409K->2132537K(8365760K), 0.0307420 secs] [Times: user=0.18 sys=0.01, real=0.03 secs] 
2011-02-12T04:38:02.420+0000: 15571.739: [GC
Desired survivor size 23068672 bytes, new threshold 1 (max 15)
 [PSYoungGen: 2760832K->7226K(2772096K)] 4881785K->2128595K(8364544K), 0.0249880 secs] [Times: user=0.14 sys=0.02, real=0.03 secs] 
2011-02-12T04:38:07.366+0000: 15576.685: [GC
Desired survivor size 22413312 bytes, new threshold 1 (max 15)
 [PSYoungGen: 2756474K->12689K(2774272K)] 4877843K->2134737K(8366720K), 0.0326910 secs] [Times: user=0.18 sys=0.01, real=0.03 secs] 
2011-02-12T04:38:12.525+0000: 15581.845: [GC
Desired survivor size 22151168 bytes, new threshold 1 (max 15)
 [PSYoungGen: 2764433K->13504K(2773632K)] 4886481K->2136187K(8366080K), 0.0337540 secs] [Times: user=0.20 sys=0.01, real=0.03 secs] 
2011-02-12T04:38:18.203+0000: 15587.522: [GC
Desired survivor size 21430272 bytes, new threshold 1 (max 15)
 [PSYoungGen: 2765248K->9904K(2775232K)] 4887931K->2133447K(8367680K), 0.0295710 secs] [Times: user=0.16 sys=0.02, real=0.03 secs] 
2011-02-12T04:38:24.060+0000: 15593.380: [GC
Desired survivor size 21364736 bytes, new threshold 1 (max 15)
 [PSYoungGen: 2763504K->6348K(2774528K)] 4887047K->2130475K(8366976K), 0.0261600 secs] [Times: user=0.13 sys=0.01, real=0.03 secs] 
2011-02-12T04:38:29.759+0000: 15599.079: [GC
Desired survivor size 23396352 bytes, new threshold 1 (max 15)
 [PSYoungGen: 2759948K->19072K(2771328K)] 4884075K->2143779K(8363776K), 0.0391820 secs] [Times: user=0.23 sys=0.02, real=0.04 secs] 
2011-02-12T04:38:35.538+0000: 15604.858: [GC
Desired survivor size 25231360 bytes, new threshold 1 (max 15)
 [PSYoungGen: 2769536K->19520K(2769984K)] 4894243K->2144711K(8362432K), 0.0398980 secs] [Times: user=0.25 sys=0.02, real=0.04 secs] 
2011-02-12T04:38:41.126+0000: 15610.446: [GC
Desired survivor size 24772608 bytes, new threshold 1 (max 15)
 [PSYoungGen: 2769984K->14624K(2771968K)] 4895175K->2140343K(8364416K), 0.0345330 secs] [Times: user=0.20 sys=0.01, real=0.04 secs] 
2011-02-12T04:38:46.752+0000: 15616.072: [GC
Desired survivor size 24117248 bytes, new threshold 1 (max 15)
 [PSYoungGen: 2761952K->10016K(2771520K)] 4887671K->2136299K(8363968K), 0.0301000 secs] [Times: user=0.18 sys=0.01, real=0.03 secs] 
2011-02-12T04:38:52.516+0000: 15621.836: [GC
Desired survivor size 24051712 bytes, new threshold 1 (max 15)
 [PSYoungGen: 2757344K->6112K(2772672K)] 4883627K->2132931K(8365120K), 0.0258470 secs] [Times: user=0.14 sys=0.02, real=0.03 secs] 
2011-02-12T04:38:57.946+0000: 15627.265: [GC
Desired survivor size 25165824 bytes, new threshold 1 (max 15)
 [PSYoungGen: 2755232K->17814K(2766976K)] 4882051K->2145218K(8359424K), 0.0402550 secs] [Times: user=0.22 sys=0.01, real=0.04 secs] 
2011-02-12T04:39:03.653+0000: 15632.973: [GC
Desired survivor size 25100288 bytes, new threshold 1 (max 15)
 [PSYoungGen: 2766934K->15642K(2771648K)] 4894338K->2143508K(8364096K), 0.0356770 secs] [Times: user=0.20 sys=0.02, real=0.03 secs] 
2011-02-12T04:39:09.004+0000: 15638.324: [GC
Desired survivor size 25296896 bytes, new threshold 1 (max 15)
 [PSYoungGen: 2762714K->4880K(2752000K)] 4890580K->2133384K(8344448K), 0.0243530 secs] [Times: user=0.13 sys=0.00, real=0.02 secs] 
2011-02-12T04:39:14.404+0000: 15643.724: [GC
Desired survivor size 24051712 bytes, new threshold 1 (max 15)
 [PSYoungGen: 2751952K->12208K(2772672K)] 4880456K->2141320K(8365120K), 0.0320780 secs] [Times: user=0.19 sys=0.01, real=0.03 secs] 
2011-02-12T04:39:19.574+0000: 15648.893: [GC
Desired survivor size 24117248 bytes, new threshold 1 (max 15)
 [PSYoungGen: 2760176K->15184K(2771456K)] 4889288K->2145021K(8363904K), 0.0344800 secs] [Times: user=0.21 sys=0.02, real=0.03 secs] 
2011-02-12T04:39:25.397+0000: 15654.717: [GC
Desired survivor size 23003136 bytes, new threshold 1 (max 15)
 [PSYoungGen: 2763152K->12384K(2773696K)] 4892989K->2142953K(8366144K), 0.0331810 secs] [Times: user=0.20 sys=0.01, real=0.03 secs] 
2011-02-12T04:39:30.887+0000: 15660.206: [GC
Desired survivor size 23003136 bytes, new threshold 1 (max 15)
 [PSYoungGen: 2762528K->6336K(2772608K)] 4893097K->2137481K(8365056K), 0.0261260 secs] [Times: user=0.14 sys=0.01, real=0.03 secs] 
2011-02-12T04:39:36.676+0000: 15665.995: [GC
Desired survivor size 23134208 bytes, new threshold 1 (max 15)
 [PSYoungGen: 2756480K->4768K(2773440K)] 4887625K->2136353K(8365888K), 0.0251360 secs] [Times: user=0.12 sys=0.01, real=0.02 secs] 
2011-02-12T04:39:42.401+0000: 15671.721: [GC
Desired survivor size 23330816 bytes, new threshold 1 (max 15)
 [PSYoungGen: 2755744K->14720K(2765696K)] 4887329K->2146725K(8358144K), 0.0341830 secs] [Times: user=0.20 sys=0.01, real=0.04 secs] 
2011-02-12T04:39:48.172+0000: 15677.491: [GC
Desired survivor size 23003136 bytes, new threshold 1 (max 15)
 [PSYoungGen: 2765696K->13568K(2773696K)] 4897701K->2146037K(8366144K), 0.0335470 secs] [Times: user=0.20 sys=0.02, real=0.04 secs] 
2011-02-12T04:39:53.838+0000: 15683.158: [GC
Desired survivor size 22413312 bytes, new threshold 1 (max 15)
 [PSYoungGen: 2764480K->8480K(2773376K)] 4896949K->2141601K(8365824K), 0.0272680 secs] [Times: user=0.16 sys=0.01, real=0.02 secs] 
2011-02-12T04:39:59.078+0000: 15688.398: [GC
Desired survivor size 22085632 bytes, new threshold 1 (max 15)
 [PSYoungGen: 2759392K->13248K(2774592K)] 4892513K->2146933K(8367040K), 0.0330270 secs] [Times: user=0.19 sys=0.02, real=0.03 secs] 
2011-02-12T04:40:04.153+0000: 15693.473: [GC
Desired survivor size 23461888 bytes, new threshold 1 (max 15)
 [PSYoungGen: 2765952K->17754K(2770496K)] 4899637K->2151883K(8362944K), 0.0374340 secs] [Times: user=0.23 sys=0.02, real=0.04 secs] 
2011-02-12T04:40:09.543+0000: 15698.863: [GC
Desired survivor size 23265280 bytes, new threshold 1 (max 15)
 [PSYoungGen: 2770458K->6768K(2773440K)] 4904587K->2141675K(8365888K), 0.0281520 secs] [Times: user=0.14 sys=0.01, real=0.03 secs] 
2011-02-12T04:40:14.809+0000: 15704.129: [GC
Desired survivor size 23461888 bytes, new threshold 1 (max 15)
 [PSYoungGen: 2757296K->15184K(2773248K)] 4892203K->2150647K(8365696K), 0.0346110 secs] [Times: user=0.22 sys=0.02, real=0.03 secs] 
2011-02-12T04:40:20.295+0000: 15709.615: [GC
Desired survivor size 22347776 bytes, new threshold 1 (max 15)
 [PSYoungGen: 2765712K->11968K(2774336K)] 4901175K->2147995K(8366784K), 0.0322530 secs] [Times: user=0.20 sys=0.01, real=0.03 secs] 
2011-02-12T04:40:25.693+0000: 15715.012: [GC
Desired survivor size 22740992 bytes, new threshold 1 (max 15)
 [PSYoungGen: 2763392K->4032K(2773248K)] 4899419K->2140739K(8365696K), 0.0232010 secs] [Times: user=0.12 sys=0.01, real=0.02 secs] 
2011-02-12T04:40:30.855+0000: 15720.175: [GC
Desired survivor size 21954560 bytes, new threshold 1 (max 15)
 [PSYoungGen: 2755456K->9248K(2774720K)] 4892163K->2146615K(8367168K), 0.0284020 secs] [Times: user=0.16 sys=0.01, real=0.03 secs] 
2011-02-12T04:40:35.480+0000: 15724.800: [GC
Desired survivor size 24313856 bytes, new threshold 1 (max 15)
 [PSYoungGen: 2761760K->20032K(2772544K)] 4899127K->2157931K(8364992K), 0.0383650 secs] [Times: user=0.25 sys=0.00, real=0.04 secs] 
2011-02-12T04:40:40.598+0000: 15729.918: [GC
Desired survivor size 24510464 bytes, new threshold 1 (max 15)
 [PSYoungGen: 2772544K->3872K(2771904K)] 4910443K->2142207K(8364352K), 0.0241780 secs] [Times: user=0.11 sys=0.00, real=0.03 secs] 
2011-02-12T04:40:45.752+0000: 15735.072: [GC
Desired survivor size 24051712 bytes, new threshold 1 (max 15)
 [PSYoungGen: 2752160K->6016K(2772224K)] 4890495K->2144779K(8364672K), 0.0241310 secs] [Times: user=0.14 sys=0.02, real=0.03 secs] 
2011-02-12T04:40:50.667+0000: 15739.986: [GC
Desired survivor size 23658496 bytes, new threshold 1 (max 15)
 [PSYoungGen: 2754304K->5408K(2773056K)] 4893067K->2144595K(8365504K), 0.0249860 secs] [Times: user=0.13 sys=0.01, real=0.02 secs] 
2011-02-12T04:40:56.069+0000: 15745.389: [GC
Desired survivor size 23461888 bytes, new threshold 1 (max 15)
 [PSYoungGen: 2754976K->13120K(2772672K)] 4894163K->2152759K(8365120K), 0.0328290 secs] [Times: user=0.21 sys=0.02, real=0.03 secs] 
2011-02-12T04:41:01.353+0000: 15750.673: [GC
Desired survivor size 26935296 bytes, new threshold 1 (max 15)
 [PSYoungGen: 2762688K->22818K(2766464K)] 4902327K->2163097K(8358912K), 0.0605330 secs] [Times: user=0.23 sys=0.01, real=0.07 secs] 
2011-02-12T04:41:06.249+0000: 15755.568: [GC
Desired survivor size 28442624 bytes, new threshold 1 (max 15)
 [PSYoungGen: 2766370K->19688K(2763264K)] 4906649K->2160725K(8355712K), 0.0402400 secs] [Times: user=0.25 sys=0.02, real=0.04 secs] 
2011-02-12T04:41:11.408+0000: 15760.728: [GC
Desired survivor size 28311552 bytes, new threshold 1 (max 15)
 [PSYoungGen: 2763240K->4208K(2768512K)] 4904277K->2145861K(8360960K), 0.0245770 secs] [Times: user=0.12 sys=0.01, real=0.02 secs] 
2011-02-12T04:41:16.259+0000: 15765.578: [GC
Desired survivor size 31588352 bytes, new threshold 1 (max 15)
 [PSYoungGen: 2744944K->24496K(2765248K)] 4886597K->2166696K(8357696K), 0.0445780 secs] [Times: user=0.29 sys=0.02, real=0.04 secs] 
2011-02-12T04:41:21.278+0000: 15770.598: [GC
Desired survivor size 31916032 bytes, new threshold 1 (max 15)
 [PSYoungGen: 2765232K->18592K(2764672K)] 4907432K->2161568K(8357120K), 0.0385020 secs] [Times: user=0.24 sys=0.02, real=0.04 secs] 
2011-02-12T04:41:26.457+0000: 15775.777: [GC
Desired survivor size 31457280 bytes, new threshold 1 (max 15)
 [PSYoungGen: 2752416K->5664K(2764992K)] 4895392K->2149040K(8357440K), 0.0250770 secs] [Times: user=0.13 sys=0.01, real=0.02 secs] 
2011-02-12T04:41:31.921+0000: 15781.240: [GC
Desired survivor size 30212096 bytes, new threshold 1 (max 15)
 [PSYoungGen: 2739488K->14336K(2766656K)] 4882864K->2158140K(8359104K), 0.0336670 secs] [Times: user=0.21 sys=0.01, real=0.03 secs] 
2011-02-12T04:41:37.358+0000: 15786.678: [GC
Desired survivor size 29687808 bytes, new threshold 1 (max 15)
 [PSYoungGen: 2750272K->6080K(2765440K)] 4894076K->2150420K(8357888K), 0.0255950 secs] [Times: user=0.12 sys=0.01, real=0.03 secs] 
2011-02-12T04:41:42.702+0000: 15792.022: [GC
Desired survivor size 28049408 bytes, new threshold 1 (max 15)
 [PSYoungGen: 2742016K->11776K(2768768K)] 4886356K->2156680K(8361216K), 0.0330140 secs] [Times: user=0.18 sys=0.01, real=0.03 secs] 
2011-02-12T04:41:48.214+0000: 15797.534: [GC
Desired survivor size 29229056 bytes, new threshold 1 (max 15)
 [PSYoungGen: 2751552K->19424K(2767168K)] 4896456K->2164832K(8359616K), 0.0390060 secs] [Times: user=0.25 sys=0.01, real=0.04 secs] 
2011-02-12T04:41:53.763+0000: 15803.082: [GC
Desired survivor size 27983872 bytes, new threshold 1 (max 15)
 [PSYoungGen: 2759200K->13792K(2768832K)] 4904608K->2159680K(8361280K), 0.0331700 secs] [Times: user=0.20 sys=0.02, real=0.03 secs] 
2011-02-12T04:41:59.580+0000: 15808.900: [GC
Desired survivor size 26738688 bytes, new threshold 1 (max 15)
 [PSYoungGen: 2754080K->11840K(2767616K)] 4899968K->2158148K(8360064K), 0.0329680 secs] [Times: user=0.17 sys=0.01, real=0.04 secs] 
2011-02-12T04:42:04.387+0000: 15813.707: [GC
Desired survivor size 25755648 bytes, new threshold 1 (max 15)
 [PSYoungGen: 2752128K->10458K(2771008K)] 4898436K->2157266K(8363456K), 0.0306070 secs] [Times: user=0.17 sys=0.01, real=0.03 secs] 
2011-02-12T04:42:09.652+0000: 15818.972: [GC
Desired survivor size 25296896 bytes, new threshold 1 (max 15)
 [PSYoungGen: 2755354K->14672K(2770048K)] 4902162K->2162282K(8362496K), 0.0340670 secs] [Times: user=0.21 sys=0.02, real=0.04 secs] 
2011-02-12T04:42:15.212+0000: 15824.532: [GC
Desired survivor size 24576000 bytes, new threshold 1 (max 15)
 [PSYoungGen: 2759568K->9904K(2772160K)] 4907178K->2157978K(8364608K), 0.0307490 secs] [Times: user=0.16 sys=0.02, real=0.04 secs] 
2011-02-12T04:42:20.641+0000: 15829.961: [GC
Desired survivor size 26083328 bytes, new threshold 1 (max 15)
 [PSYoungGen: 2757360K->19518K(2766976K)] 4905434K->2168309K(8359424K), 0.0410160 secs] [Times: user=0.24 sys=0.01, real=0.04 secs] 
2011-02-12T04:42:26.503+0000: 15835.822: [GC
Desired survivor size 25821184 bytes, new threshold 1 (max 15)
 [PSYoungGen: 2766974K->15968K(2770944K)] 4915765K->2165338K(8363392K), 0.0387590 secs] [Times: user=0.22 sys=0.02, real=0.04 secs] 
2011-02-12T04:42:32.369+0000: 15841.689: [GC
Desired survivor size 26411008 bytes, new threshold 1 (max 15)
 [PSYoungGen: 2761440K->18080K(2763584K)] 4910810K->2167854K(8356032K), 0.0377660 secs] [Times: user=0.22 sys=0.01, real=0.04 secs] 
2011-02-12T04:42:38.190+0000: 15847.510: [GC
Desired survivor size 26673152 bytes, new threshold 1 (max 15)
 [PSYoungGen: 2763552K->17879K(2769856K)] 4913326K->2168126K(8362304K), 0.0388910 secs] [Times: user=0.23 sys=0.02, real=0.04 secs] 
2011-02-12T04:42:43.619+0000: 15852.939: [GC
Desired survivor size 25755648 bytes, new threshold 1 (max 15)
 [PSYoungGen: 2761943K->12880K(2770112K)] 4912190K->2163654K(8362560K), 0.0325820 secs] [Times: user=0.19 sys=0.01, real=0.03 secs] 
2011-02-12T04:42:49.016+0000: 15858.336: [GC
Desired survivor size 26738688 bytes, new threshold 1 (max 15)
 [PSYoungGen: 2756944K->19840K(2769088K)] 4907718K->2171130K(8361536K), 0.0406170 secs] [Times: user=0.26 sys=0.02, real=0.04 secs] 
2011-02-12T04:42:54.057+0000: 15863.376: [GC
Desired survivor size 26869760 bytes, new threshold 1 (max 15)
 [PSYoungGen: 2763776K->18144K(2762112K)] 4915066K->2169978K(8354560K), 0.0406850 secs] [Times: user=0.23 sys=0.02, real=0.04 secs] 
2011-02-12T04:42:59.338+0000: 15868.658: [GC
Desired survivor size 27262976 bytes, new threshold 1 (max 15)
 [PSYoungGen: 2762080K->6275K(2769152K)] 4913914K->2158622K(8361600K), 0.0254050 secs] [Times: user=0.15 sys=0.01, real=0.03 secs] 
2011-02-12T04:43:04.661+0000: 15873.981: [GC
Desired survivor size 26214400 bytes, new threshold 1 (max 15)
 [PSYoungGen: 2749187K->12890K(2769536K)] 4901534K->2165756K(8361984K), 0.0327340 secs] [Times: user=0.18 sys=0.02, real=0.03 secs] 
2011-02-12T04:43:10.334+0000: 15879.654: [GC
Desired survivor size 25755648 bytes, new threshold 1 (max 15)
 [PSYoungGen: 2755802K->9924K(2771008K)] 4908668K->2163500K(8363456K), 0.0312540 secs] [Times: user=0.17 sys=0.03, real=0.03 secs] 
2011-02-12T04:43:15.756+0000: 15885.076: [GC
Desired survivor size 25755648 bytes, new threshold 1 (max 15)
 [PSYoungGen: 2755332K->16656K(2770560K)] 4908908K->2170864K(8363008K), 0.0365290 secs] [Times: user=0.22 sys=0.00, real=0.04 secs] 
2011-02-12T04:43:21.571+0000: 15890.891: [GC
Desired survivor size 24707072 bytes, new threshold 1 (max 15)
 [PSYoungGen: 2762064K->14208K(2772032K)] 4916272K->2169048K(8364480K), 0.0343520 secs] [Times: user=0.20 sys=0.01, real=0.04 secs] 
2011-02-12T04:43:27.198+0000: 15896.518: [GC
Desired survivor size 24313856 bytes, new threshold 1 (max 15)
 [PSYoungGen: 2761088K->10048K(2771008K)] 4915928K->2165488K(8363456K), 0.0320660 secs] [Times: user=0.19 sys=0.02, real=0.03 secs] 
2011-02-12T04:43:32.924+0000: 15902.243: [GC
Desired survivor size 25034752 bytes, new threshold 1 (max 15)
 [PSYoungGen: 2756928K->3488K(2771008K)] 4912368K->2159500K(8363456K), 0.0213070 secs] [Times: user=0.11 sys=0.01, real=0.02 secs] 
2011-02-12T04:43:38.551+0000: 15907.870: [GC
Desired survivor size 25559040 bytes, new threshold 1 (max 15)
 [PSYoungGen: 2750752K->17152K(2764416K)] 4906764K->2173656K(8356864K), 0.0366750 secs] [Times: user=0.23 sys=0.02, real=0.04 secs] 
2011-02-12T04:43:44.673+0000: 15913.993: [GC
Desired survivor size 25690112 bytes, new threshold 1 (max 15)
 [PSYoungGen: 2764416K->5312K(2770944K)] 4920920K->2162207K(8363392K), 0.0236120 secs] [Times: user=0.13 sys=0.02, real=0.03 secs] 
2011-02-12T04:43:50.011+0000: 15919.331: [GC
Desired survivor size 25690112 bytes, new threshold 1 (max 15)
 [PSYoungGen: 2751296K->15620K(2771072K)] 4908191K->2173051K(8363520K), 0.0353230 secs] [Times: user=0.20 sys=0.01, real=0.04 secs] 
2011-02-12T04:43:55.150+0000: 15924.470: [GC
Desired survivor size 26542080 bytes, new threshold 1 (max 15)
 [PSYoungGen: 2761604K->18272K(2769408K)] 4919035K->2176977K(8361856K), 0.0401630 secs] [Times: user=0.22 sys=0.01, real=0.04 secs] 
2011-02-12T04:44:00.323+0000: 15929.643: [GC
Desired survivor size 28573696 bytes, new threshold 1 (max 15)
 [PSYoungGen: 2762592K->22018K(2766400K)] 4921297K->2181251K(8358848K), 0.0435700 secs] [Times: user=0.28 sys=0.02, real=0.05 secs] 
2011-02-12T04:44:04.949+0000: 15934.269: [GC
Desired survivor size 28770304 bytes, new threshold 1 (max 15)
 [PSYoungGen: 2766338K->18344K(2767872K)] 4925571K->2178248K(8360320K), 0.0387200 secs] [Times: user=0.25 sys=0.02, real=0.04 secs] 
2011-02-12T04:44:10.291+0000: 15939.611: [GC
Desired survivor size 30932992 bytes, new threshold 1 (max 15)
 [PSYoungGen: 2758312K->23824K(2763840K)] 4918216K->2184272K(8356288K), 0.0466460 secs] [Times: user=0.26 sys=0.01, real=0.05 secs] 
2011-02-12T04:44:15.506+0000: 15944.825: [GC
Desired survivor size 30932992 bytes, new threshold 1 (max 15)
 [PSYoungGen: 2763792K->6972K(2765952K)] 4924240K->2167956K(8358400K), 0.0266700 secs] [Times: user=0.15 sys=0.01, real=0.03 secs] 
2011-02-12T04:44:21.218+0000: 15950.538: [GC
Desired survivor size 30146560 bytes, new threshold 1 (max 15)
 [PSYoungGen: 2742716K->16800K(2765952K)] 4903700K->2178392K(8358400K), 0.0364870 secs] [Times: user=0.23 sys=0.01, real=0.04 secs] 
2011-02-12T04:44:26.649+0000: 15955.968: [GC
Desired survivor size 29622272 bytes, new threshold 1 (max 15)
 [PSYoungGen: 2752544K->9184K(2767232K)] 4914136K->2171360K(8359680K), 0.0302080 secs] [Times: user=0.16 sys=0.01, real=0.04 secs] 
2011-02-12T04:44:32.372+0000: 15961.691: [GC
Desired survivor size 29949952 bytes, new threshold 1 (max 15)
 [PSYoungGen: 2746976K->18976K(2766720K)] 4909152K->2181640K(8359168K), 0.0384210 secs] [Times: user=0.25 sys=0.02, real=0.04 secs] 
2011-02-12T04:44:37.926+0000: 15967.245: [GC
Desired survivor size 28639232 bytes, new threshold 1 (max 15)
 [PSYoungGen: 2756768K->15199K(2768192K)] 4919432K->2178351K(8360640K), 0.0351840 secs] [Times: user=0.19 sys=0.02, real=0.04 secs] 
2011-02-12T04:44:43.475+0000: 15972.795: [GC
Desired survivor size 27918336 bytes, new threshold 1 (max 15)
 [PSYoungGen: 2754143K->11180K(2766912K)] 4917295K->2174861K(8359360K), 0.0301220 secs] [Times: user=0.18 sys=0.02, real=0.03 secs] 
2011-02-12T04:44:49.066+0000: 15978.386: [GC
Desired survivor size 28049408 bytes, new threshold 1 (max 15)
 [PSYoungGen: 2750124K->5856K(2768640K)] 4913805K->2170045K(8361088K), 0.0255040 secs] [Times: user=0.14 sys=0.01, real=0.02 secs] 
2011-02-12T04:44:54.880+0000: 15984.200: [GC
Desired survivor size 28049408 bytes, new threshold 1 (max 15)
 [PSYoungGen: 2747232K->17184K(2768768K)] 4911421K->2181857K(8361216K), 0.0380080 secs] [Times: user=0.23 sys=0.00, real=0.04 secs] 
2011-02-12T04:45:00.247+0000: 15989.566: [GC
Desired survivor size 27262976 bytes, new threshold 1 (max 15)
 [PSYoungGen: 2758560K->10418K(2769536K)] 4923233K->2175527K(8361984K), 0.0303740 secs] [Times: user=0.17 sys=0.02, real=0.03 secs] 
2011-02-12T04:45:05.055+0000: 15994.375: [GC
Desired survivor size 26935296 bytes, new threshold 1 (max 15)
 [PSYoungGen: 2752562K->7800K(2768768K)] 4917671K->2173651K(8361216K), 0.0268850 secs] [Times: user=0.16 sys=0.02, real=0.02 secs] 
2011-02-12T04:45:09.624+0000: 15998.944: [GC
Desired survivor size 28377088 bytes, new threshold 1 (max 15)
 [PSYoungGen: 2749944K->20336K(2767040K)] 4915795K->2186783K(8359488K), 0.0421570 secs] [Times: user=0.26 sys=0.01, real=0.05 secs] 
2011-02-12T04:45:14.732+0000: 16004.052: [GC
Desired survivor size 27394048 bytes, new threshold 1 (max 15)
 [PSYoungGen: 2761072K->14864K(2768448K)] 4927519K->2181855K(8360896K), 0.0365160 secs] [Times: user=0.21 sys=0.02, real=0.04 secs] 
2011-02-12T04:45:19.897+0000: 16009.217: [GC
Desired survivor size 27066368 bytes, new threshold 1 (max 15)
 [PSYoungGen: 2755600K->8131K(2769728K)] 4922591K->2175771K(8362176K), 0.0304070 secs] [Times: user=0.14 sys=0.01, real=0.03 secs] 
2011-02-12T04:45:24.897+0000: 16014.216: [GC
Desired survivor size 26083328 bytes, new threshold 1 (max 15)
 [PSYoungGen: 2751107K->11211K(2769408K)] 4918747K->2179507K(8361856K), 0.0316030 secs] [Times: user=0.17 sys=0.01, real=0.03 secs] 
2011-02-12T04:45:29.556+0000: 16018.875: [GC
Desired survivor size 25755648 bytes, new threshold 1 (max 15)
 [PSYoungGen: 2754187K->7632K(2771008K)] 4922483K->2176579K(8363456K), 0.0284750 secs] [Times: user=0.15 sys=0.01, real=0.03 secs] 
2011-02-12T04:45:34.612+0000: 16023.932: [GC
Desired survivor size 25296896 bytes, new threshold 1 (max 15)
 [PSYoungGen: 2753168K->7648K(2770688K)] 4922115K->2177091K(8363136K), 0.0290270 secs] [Times: user=0.15 sys=0.01, real=0.03 secs] 
2011-02-12T04:45:40.282+0000: 16029.602: [GC
Desired survivor size 26804224 bytes, new threshold 1 (max 15)
 [PSYoungGen: 2753184K->19488K(2768512K)] 4922627K->2189315K(8360960K), 0.0409430 secs] [Times: user=0.23 sys=0.01, real=0.04 secs] 
2011-02-12T04:45:45.710+0000: 16035.030: [GC
Desired survivor size 26083328 bytes, new threshold 1 (max 15)
 [PSYoungGen: 2763296K->9296K(2769984K)] 4933123K->2179675K(8362432K), 0.0284470 secs] [Times: user=0.17 sys=0.02, real=0.03 secs] 
2011-02-12T04:45:51.052+0000: 16040.371: [GC
Desired survivor size 25821184 bytes, new threshold 1 (max 15)
 [PSYoungGen: 2753104K->6056K(2770944K)] 4923483K->2176991K(8363392K), 0.0257390 secs] [Times: user=0.14 sys=0.02, real=0.02 secs] 
2011-02-12T04:45:56.514+0000: 16045.834: [GC
Desired survivor size 25231360 bytes, new threshold 1 (max 15)
 [PSYoungGen: 2751528K->13856K(2770688K)] 4922463K->2185411K(8363136K), 0.0358730 secs] [Times: user=0.18 sys=0.01, real=0.04 secs] 
2011-02-12T04:46:01.774+0000: 16051.094: [GC
Desired survivor size 27000832 bytes, new threshold 1 (max 15)
 [PSYoungGen: 2759328K->19966K(2768064K)] 4930883K->2191990K(8360512K), 0.0442250 secs] [Times: user=0.23 sys=0.02, real=0.04 secs] 
2011-02-12T04:46:06.612+0000: 16055.931: [GC
Desired survivor size 27394048 bytes, new threshold 1 (max 15)
 [PSYoungGen: 2763390K->17560K(2761024K)] 4935414K->2190161K(8353472K), 0.0384790 secs] [Times: user=0.21 sys=0.01, real=0.04 secs] 
2011-02-12T04:46:11.971+0000: 16061.290: [GC
Desired survivor size 27131904 bytes, new threshold 1 (max 15)
 [PSYoungGen: 2760984K->6704K(2769664K)] 4933585K->2179785K(8362112K), 0.0262510 secs] [Times: user=0.15 sys=0.01, real=0.03 secs] 
2011-02-12T04:46:17.228+0000: 16066.548: [GC
Desired survivor size 25886720 bytes, new threshold 1 (max 15)
 [PSYoungGen: 2749616K->11811K(2769408K)] 4922697K->2185552K(8361856K), 0.0327560 secs] [Times: user=0.18 sys=0.01, real=0.03 secs] 
2011-02-12T04:46:22.547+0000: 16071.867: [GC
Desired survivor size 26148864 bytes, new threshold 1 (max 15)
 [PSYoungGen: 2754723K->16720K(2770368K)] 4928464K->2191241K(8362816K), 0.0371130 secs] [Times: user=0.23 sys=0.01, real=0.04 secs] 
2011-02-12T04:46:27.987+0000: 16077.307: [GC
Desired survivor size 25559040 bytes, new threshold 1 (max 15)
 [PSYoungGen: 2761808K->8928K(2770624K)] 4936329K->2184025K(8363072K), 0.0285880 secs] [Times: user=0.15 sys=0.01, real=0.03 secs] 
2011-02-12T04:46:33.280+0000: 16082.600: [GC
Desired survivor size 26083328 bytes, new threshold 1 (max 15)
 [PSYoungGen: 2754016K->17216K(2770176K)] 4929113K->2192769K(8362624K), 0.0369980 secs] [Times: user=0.23 sys=0.02, real=0.04 secs] 
2011-02-12T04:46:38.345+0000: 16087.665: [GC
Desired survivor size 27066368 bytes, new threshold 1 (max 15)
 [PSYoungGen: 2762432K->19040K(2764288K)] 4937985K->2195081K(8356736K), 0.0403330 secs] [Times: user=0.25 sys=0.02, real=0.05 secs] 
2011-02-12T04:46:43.739+0000: 16093.058: [GC
Desired survivor size 26869760 bytes, new threshold 1 (max 15)
 [PSYoungGen: 2764256K->7520K(2769920K)] 4940297K->2184049K(8362368K), 0.0280210 secs] [Times: user=0.13 sys=0.02, real=0.03 secs] 
2011-02-12T04:46:48.984+0000: 16098.304: [GC
Desired survivor size 25690112 bytes, new threshold 1 (max 15)
 [PSYoungGen: 2751008K->11872K(2769728K)] 4927537K->2188890K(8362176K), 0.0325010 secs] [Times: user=0.18 sys=0.01, real=0.04 secs] 
2011-02-12T04:46:54.175+0000: 16103.495: [GC
Desired survivor size 25559040 bytes, new threshold 1 (max 15)
 [PSYoungGen: 2755360K->15808K(2771200K)] 4932378K->2193293K(8363648K), 0.0362570 secs] [Times: user=0.22 sys=0.01, real=0.04 secs] 
2011-02-12T04:46:58.749+0000: 16108.069: [GC
Desired survivor size 24969216 bytes, new threshold 1 (max 15)
 [PSYoungGen: 2761920K->9568K(2771072K)] 4939405K->2187649K(8363520K), 0.0284930 secs] [Times: user=0.16 sys=0.02, real=0.02 secs] 
2011-02-12T04:47:03.270+0000: 16112.590: [GC
Desired survivor size 27656192 bytes, new threshold 1 (max 15)
 [PSYoungGen: 2755680K->23098K(2766528K)] 4933761K->2201627K(8358976K), 0.0461620 secs] [Times: user=0.28 sys=0.03, real=0.04 secs] 
2011-02-12T04:47:07.892+0000: 16117.211: [GC
Desired survivor size 29032448 bytes, new threshold 1 (max 15)
 [PSYoungGen: 2765242K->20960K(2763136K)] 4943771K->2200215K(8355584K), 0.0414330 secs] [Times: user=0.26 sys=0.02, real=0.04 secs] 
2011-02-12T04:47:12.701+0000: 16122.021: [GC
Desired survivor size 30277632 bytes, new threshold 1 (max 15)
 [PSYoungGen: 2763104K->21560K(2765376K)] 4942359K->2201303K(8357824K), 0.0423630 secs] [Times: user=0.27 sys=0.02, real=0.04 secs] 
2011-02-12T04:47:18.155+0000: 16127.475: [GC
Desired survivor size 29294592 bytes, new threshold 1 (max 15)
 [PSYoungGen: 2758584K->16524K(2766592K)] 4938327K->2196723K(8359040K), 0.0365700 secs] [Times: user=0.22 sys=0.02, real=0.04 secs] 
2011-02-12T04:47:23.077+0000: 16132.397: [GC
Desired survivor size 28311552 bytes, new threshold 1 (max 15)
 [PSYoungGen: 2753548K->16320K(2768512K)] 4933747K->2197375K(8360960K), 0.0370460 secs] [Times: user=0.22 sys=0.02, real=0.04 secs] 
2011-02-12T04:47:27.954+0000: 16137.273: [GC
Desired survivor size 27394048 bytes, new threshold 1 (max 15)
 [PSYoungGen: 2756224K->16434K(2767552K)] 4937279K->2197957K(8360000K), 0.0373070 secs] [Times: user=0.23 sys=0.01, real=0.03 secs] 
2011-02-12T04:47:33.288+0000: 16142.608: [GC
Desired survivor size 27590656 bytes, new threshold 1 (max 15)
 [PSYoungGen: 2756338K->7904K(2769024K)] 4937861K->2190041K(8361472K), 0.0301060 secs] [Times: user=0.16 sys=0.02, real=0.03 secs] 
2011-02-12T04:47:38.792+0000: 16148.112: [GC
Desired survivor size 28311552 bytes, new threshold 1 (max 15)
 [PSYoungGen: 2750176K->3808K(2746112K)] 4932313K->2186461K(8338560K), 0.0241960 secs] [Times: user=0.13 sys=0.02, real=0.03 secs] 
2011-02-12T04:47:44.251+0000: 16153.571: [GC
Desired survivor size 27000832 bytes, new threshold 1 (max 15)
 [PSYoungGen: 2746080K->12928K(2769792K)] 4928733K->2196093K(8362240K), 0.0322410 secs] [Times: user=0.18 sys=0.01, real=0.04 secs] 
2011-02-12T04:47:49.408+0000: 16158.728: [GC
Desired survivor size 26804224 bytes, new threshold 1 (max 15)
 [PSYoungGen: 2755072K->16608K(2768512K)] 4938237K->2200133K(8360960K), 0.0386570 secs] [Times: user=0.20 sys=0.02, real=0.04 secs] 
2011-02-12T04:47:53.888+0000: 16163.208: [GC
Desired survivor size 26476544 bytes, new threshold 1 (max 15)
 [PSYoungGen: 2758752K->8768K(2770304K)] 4942277K->2192673K(8362752K), 0.0287150 secs] [Times: user=0.17 sys=0.01, real=0.03 secs] 
2011-02-12T04:47:58.762+0000: 16168.082: [GC
Desired survivor size 25755648 bytes, new threshold 1 (max 15)
 [PSYoungGen: 2752896K->10042K(2769984K)] 4936801K->2194326K(8362432K), 0.0304730 secs] [Times: user=0.16 sys=0.01, real=0.03 secs] 
2011-02-12T04:48:03.965+0000: 16173.284: [GC
Desired survivor size 24707072 bytes, new threshold 1 (max 15)
 [PSYoungGen: 2754170K->12186K(2772032K)] 4938454K->2197155K(8364480K), 0.0328210 secs] [Times: user=0.20 sys=0.02, real=0.04 secs] 
2011-02-12T04:48:08.925+0000: 16178.244: [GC
Desired survivor size 23658496 bytes, new threshold 1 (max 15)
 [PSYoungGen: 2759066K->12604K(2771008K)] 4944035K->2198311K(8363456K), 0.0355600 secs] [Times: user=0.18 sys=0.01, real=0.04 secs] 
2011-02-12T04:48:13.994+0000: 16183.314: [GC
Desired survivor size 23789568 bytes, new threshold 1 (max 15)
 [PSYoungGen: 2759484K->16048K(2772800K)] 4945191K->2202219K(8365248K), 0.0383220 secs] [Times: user=0.22 sys=0.00, real=0.04 secs] 
2011-02-12T04:48:19.216+0000: 16188.536: [GC
Desired survivor size 23789568 bytes, new threshold 1 (max 15)
 [PSYoungGen: 2765744K->16028K(2772928K)] 4951915K->2202903K(8365376K), 0.0358190 secs] [Times: user=0.22 sys=0.01, real=0.04 secs] 
2011-02-12T04:48:25.141+0000: 16194.461: [GC
Desired survivor size 23658496 bytes, new threshold 1 (max 15)
 [PSYoungGen: 2765724K->15808K(2773056K)] 4952599K->2203271K(8365504K), 0.0359860 secs] [Times: user=0.23 sys=0.02, real=0.03 secs] 
2011-02-12T04:48:30.784+0000: 16200.104: [GC
Desired survivor size 23199744 bytes, new threshold 1 (max 15)
 [PSYoungGen: 2765632K->15104K(2772928K)] 4953095K->2202987K(8365376K), 0.0357850 secs] [Times: user=0.19 sys=0.02, real=0.04 secs] 
2011-02-12T04:48:36.183+0000: 16205.503: [GC
Desired survivor size 23003136 bytes, new threshold 1 (max 15)
 [PSYoungGen: 2764928K->10085K(2773696K)] 4952811K->2198505K(8366144K), 0.0304850 secs] [Times: user=0.18 sys=0.01, real=0.03 secs] 
2011-02-12T04:48:41.745+0000: 16211.065: [GC
Desired survivor size 24903680 bytes, new threshold 1 (max 15)
 [PSYoungGen: 2761125K->20896K(2771968K)] 4949545K->2209811K(8364416K), 0.0419540 secs] [Times: user=0.26 sys=0.00, real=0.04 secs] 
2011-02-12T04:48:47.295+0000: 16216.615: [GC
Desired survivor size 24182784 bytes, new threshold 1 (max 15)
 [PSYoungGen: 2771936K->12192K(2772544K)] 4960851K->2201587K(8364992K), 0.0333400 secs] [Times: user=0.19 sys=0.01, real=0.03 secs] 
2011-02-12T04:48:52.630+0000: 16221.950: [GC
Desired survivor size 26083328 bytes, new threshold 1 (max 15)
 [PSYoungGen: 2760544K->21504K(2769856K)] 4949939K->2211475K(8362304K), 0.0427120 secs] [Times: user=0.26 sys=0.01, real=0.05 secs] 
2011-02-12T04:48:58.124+0000: 16227.444: [GC
Desired survivor size 25690112 bytes, new threshold 1 (max 15)
 [PSYoungGen: 2769856K->10560K(2771072K)] 4959827K->2201023K(8363520K), 0.0296290 secs] [Times: user=0.17 sys=0.01, real=0.03 secs] 
2011-02-12T04:49:03.368+0000: 16232.687: [GC
Desired survivor size 27131904 bytes, new threshold 1 (max 15)
 [PSYoungGen: 2756160K->21082K(2766720K)] 4946623K->2211897K(8359168K), 0.0441540 secs] [Times: user=0.23 sys=0.02, real=0.04 secs] 
2011-02-12T04:49:09.008+0000: 16238.327: [GC
Desired survivor size 26607616 bytes, new threshold 1 (max 15)
 [PSYoungGen: 2766682K->11584K(2770176K)] 4957497K->2203089K(8362624K), 0.0332410 secs] [Times: user=0.19 sys=0.02, real=0.03 secs] 
2011-02-12T04:49:14.426+0000: 16243.746: [GC
Desired survivor size 27262976 bytes, new threshold 1 (max 15)
 [PSYoungGen: 2755264K->4064K(2747776K)] 4946769K->2196001K(8340224K), 0.0231780 secs] [Times: user=0.12 sys=0.02, real=0.02 secs] 
2011-02-12T04:49:19.825+0000: 16249.145: [GC
Desired survivor size 26214400 bytes, new threshold 1 (max 15)
 [PSYoungGen: 2747744K->12192K(2770560K)] 4939681K->2204890K(8363008K), 0.0323090 secs] [Times: user=0.17 sys=0.01, real=0.04 secs] 
2011-02-12T04:49:25.812+0000: 16255.132: [GC
Desired survivor size 24969216 bytes, new threshold 1 (max 15)
 [PSYoungGen: 2756128K->13440K(2769536K)] 4948826K->2206698K(8361984K), 0.0398420 secs] [Times: user=0.17 sys=0.01, real=0.04 secs] 
2011-02-12T04:49:31.466+0000: 16260.785: [GC
Desired survivor size 25034752 bytes, new threshold 1 (max 15)
 [PSYoungGen: 2757376K->6720K(2771648K)] 4950634K->2200478K(8364096K), 0.0253680 secs] [Times: user=0.14 sys=0.01, real=0.03 secs] 
2011-02-12T04:49:36.912+0000: 16266.232: [GC
Desired survivor size 24117248 bytes, new threshold 1 (max 15)
 [PSYoungGen: 2753984K->13487K(2771712K)] 4947742K->2207637K(8364160K), 0.0340330 secs] [Times: user=0.20 sys=0.02, real=0.03 secs] 
2011-02-12T04:49:42.805+0000: 16272.125: [GC
Desired survivor size 23134208 bytes, new threshold 1 (max 15)
 [PSYoungGen: 2760751K->12384K(2773568K)] 4954901K->2207170K(8366016K), 0.0336170 secs] [Times: user=0.18 sys=0.02, real=0.04 secs] 
2011-02-12T04:49:48.250+0000: 16277.570: [GC
Desired survivor size 23527424 bytes, new threshold 1 (max 15)
 [PSYoungGen: 2762400K->4736K(2772608K)] 4957186K->2200134K(8365056K), 0.0243980 secs] [Times: user=0.12 sys=0.01, real=0.02 secs] 
2011-02-12T04:49:53.463+0000: 16282.783: [GC
Desired survivor size 24576000 bytes, new threshold 1 (max 15)
 [PSYoungGen: 2754752K->17824K(2771136K)] 4950150K->2213674K(8363584K), 0.0389950 secs] [Times: user=0.24 sys=0.03, real=0.04 secs] 
2011-02-12T04:49:59.337+0000: 16288.657: [GC
Desired survivor size 25034752 bytes, new threshold 1 (max 15)
 [PSYoungGen: 2765984K->16840K(2765056K)] 4961834K->2213202K(8357504K), 0.0380530 secs] [Times: user=0.20 sys=0.01, real=0.04 secs] 
2011-02-12T04:50:04.537+0000: 16293.857: [GC
Desired survivor size 27000832 bytes, new threshold 1 (max 15)
 [PSYoungGen: 2765000K->21274K(2767872K)] 4961362K->2218172K(8360320K), 0.0419930 secs] [Times: user=0.25 sys=0.03, real=0.04 secs] 
2011-02-12T04:50:09.793+0000: 16299.113: [GC
Desired survivor size 26935296 bytes, new threshold 1 (max 15)
 [PSYoungGen: 2764698K->6928K(2769792K)] 4961596K->2204508K(8362240K), 0.0266740 secs] [Times: user=0.15 sys=0.02, real=0.02 secs] 
2011-02-12T04:50:15.134+0000: 16304.454: [GC
Desired survivor size 26607616 bytes, new threshold 1 (max 15)
 [PSYoungGen: 2750352K->15768K(2770176K)] 4947932K->2213812K(8362624K), 0.0356700 secs] [Times: user=0.22 sys=0.02, real=0.03 secs] 
2011-02-12T04:50:20.726+0000: 16310.046: [GC
Desired survivor size 26148864 bytes, new threshold 1 (max 15)
 [PSYoungGen: 2759640K->8480K(2769856K)] 4957684K->2207148K(8362304K), 0.0286830 secs] [Times: user=0.14 sys=0.02, real=0.03 secs] 
2011-02-12T04:50:26.132+0000: 16315.452: [GC
Desired survivor size 27197440 bytes, new threshold 1 (max 15)
 [PSYoungGen: 2752352K->19091K(2768576K)] 4951020K->2218371K(8361024K), 0.0391950 secs] [Times: user=0.25 sys=0.01, real=0.04 secs] 
2011-02-12T04:50:31.561+0000: 16320.881: [GC
Desired survivor size 26411008 bytes, new threshold 1 (max 15)
 [PSYoungGen: 2762131K->10480K(2769600K)] 4961411K->2210368K(8362048K), 0.0309650 secs] [Times: user=0.17 sys=0.02, real=0.03 secs] 
2011-02-12T04:50:37.040+0000: 16326.359: [GC
Desired survivor size 26411008 bytes, new threshold 1 (max 15)
 [PSYoungGen: 2753520K->16704K(2770368K)] 4953408K->2217276K(8362816K), 0.0355550 secs] [Times: user=0.22 sys=0.02, real=0.04 secs] 
2011-02-12T04:50:42.327+0000: 16331.647: [GC
Desired survivor size 26148864 bytes, new threshold 1 (max 15)
 [PSYoungGen: 2761280K->8124K(2770368K)] 4961852K->2209189K(8362816K), 0.0280610 secs] [Times: user=0.15 sys=0.02, real=0.02 secs] 
2011-02-12T04:50:48.282+0000: 16337.601: [GC
Desired survivor size 25165824 bytes, new threshold 1 (max 15)
 [PSYoungGen: 2752700K->11280K(2771584K)] 4953765K->2212805K(8364032K), 0.0291660 secs] [Times: user=0.18 sys=0.02, real=0.03 secs] 
2011-02-12T04:50:53.582+0000: 16342.902: [GC
Desired survivor size 25427968 bytes, new threshold 1 (max 15)
 [PSYoungGen: 2757328K->4576K(2770624K)] 4958853K->2206629K(8363072K), 0.0250750 secs] [Times: user=0.14 sys=0.02, real=0.03 secs] 
2011-02-12T04:50:58.766+0000: 16348.086: [GC
Desired survivor size 24772608 bytes, new threshold 1 (max 15)
 [PSYoungGen: 2750624K->8064K(2771968K)] 4952677K->2210677K(8364416K), 0.0288250 secs] [Times: user=0.16 sys=0.02, real=0.03 secs] 
2011-02-12T04:51:03.671+0000: 16352.990: [GC
Desired survivor size 23855104 bytes, new threshold 1 (max 15)
 [PSYoungGen: 2755200K->12506K(2771328K)] 4957813K->2215651K(8363776K), 0.0318650 secs] [Times: user=0.19 sys=0.02, real=0.03 secs] 
2011-02-12T04:51:08.704+0000: 16358.024: [GC
Desired survivor size 24117248 bytes, new threshold 1 (max 15)
 [PSYoungGen: 2759642K->15616K(2772352K)] 4962787K->2219535K(8364800K), 0.0391660 secs] [Times: user=0.20 sys=0.02, real=0.04 secs] 
2011-02-12T04:51:14.300+0000: 16363.619: [GC
Desired survivor size 24182784 bytes, new threshold 1 (max 15)
 [PSYoungGen: 2764672K->5184K(2754304K)] 4968591K->2209583K(8346752K), 0.0245650 secs] [Times: user=0.13 sys=0.00, real=0.02 secs] 
2011-02-12T04:51:20.203+0000: 16369.523: [GC
Desired survivor size 23592960 bytes, new threshold 1 (max 15)
 [PSYoungGen: 2754240K->7468K(2773120K)] 4958639K->2212563K(8365568K), 0.0273380 secs] [Times: user=0.15 sys=0.02, real=0.03 secs] 
2011-02-12T04:51:26.311+0000: 16375.631: [GC
Desired survivor size 22740992 bytes, new threshold 1 (max 15)
 [PSYoungGen: 2756972K->8864K(2772544K)] 4962067K->2214527K(8364992K), 0.0293500 secs] [Times: user=0.16 sys=0.01, real=0.03 secs] 
2011-02-12T04:51:32.585+0000: 16381.905: [GC
Desired survivor size 22675456 bytes, new threshold 1 (max 15)
 [PSYoungGen: 2758368K->13664K(2774016K)] 4964031K->2219871K(8366464K), 0.0352970 secs] [Times: user=0.19 sys=0.02, real=0.03 secs] 
2011-02-12T04:51:38.660+0000: 16387.980: [GC
Desired survivor size 23724032 bytes, new threshold 1 (max 15)
 [PSYoungGen: 2765472K->16816K(2768640K)] 4971679K->2223680K(8361088K), 0.0380500 secs] [Times: user=0.23 sys=0.01, real=0.04 secs] 
2011-02-12T04:51:44.756+0000: 16394.075: [GC
Desired survivor size 26148864 bytes, new threshold 1 (max 15)
 [PSYoungGen: 2768624K->21099K(2768256K)] 4975488K->2228491K(8360704K), 0.0425540 secs] [Times: user=0.24 sys=0.01, real=0.04 secs] 
2011-02-12T04:51:50.886+0000: 16400.206: [GC
Desired survivor size 25952256 bytes, new threshold 1 (max 15)
 [PSYoungGen: 2766187K->5856K(2770624K)] 4973579K->2213794K(8363072K), 0.0261690 secs] [Times: user=0.15 sys=0.00, real=0.02 secs] 
2011-02-12T04:51:56.992+0000: 16406.311: [GC
Desired survivor size 25296896 bytes, new threshold 1 (max 15)
 [PSYoungGen: 2750944K->8032K(2771456K)] 4958882K->2216378K(8363904K), 0.0271090 secs] [Times: user=0.16 sys=0.02, real=0.03 secs] 
2011-02-12T04:52:03.027+0000: 16412.347: [GC
Desired survivor size 24248320 bytes, new threshold 1 (max 15)
 [PSYoungGen: 2754144K->9850K(2770816K)] 4962490K->2218684K(8363264K), 0.0291810 secs] [Times: user=0.17 sys=0.01, real=0.03 secs] 
2011-02-12T04:52:07.992+0000: 16417.312: [GC
Desired survivor size 23592960 bytes, new threshold 1 (max 15)
 [PSYoungGen: 2755962K->7744K(2773120K)] 4964796K->2217356K(8365568K), 0.0277450 secs] [Times: user=0.15 sys=0.02, real=0.03 secs] 
2011-02-12T04:52:13.295+0000: 16422.614: [GC
Desired survivor size 27656192 bytes, new threshold 1 (max 15)
 [PSYoungGen: 2757184K->23029K(2772480K)] 4966796K->2234540K(8364928K), 0.0467000 secs] [Times: user=0.28 sys=0.01, real=0.05 secs] 
2011-02-12T04:52:19.149+0000: 16428.468: [GC
Desired survivor size 27852800 bytes, new threshold 1 (max 15)
 [PSYoungGen: 2772469K->16840K(2765440K)] 4983980K->2229108K(8357888K), 0.0373150 secs] [Times: user=0.19 sys=0.02, real=0.03 secs] 
2011-02-12T04:52:24.953+0000: 16434.272: [GC
Desired survivor size 27197440 bytes, new threshold 1 (max 15)
 [PSYoungGen: 2758600K->15037K(2768960K)] 4970868K->2228073K(8361408K), 0.0357240 secs] [Times: user=0.21 sys=0.02, real=0.04 secs] 
2011-02-12T04:52:30.808+0000: 16440.127: [GC
Desired survivor size 26214400 bytes, new threshold 1 (max 15)
 [PSYoungGen: 2756797K->10976K(2770560K)] 4969833K->2224456K(8363008K), 0.0321250 secs] [Times: user=0.18 sys=0.01, real=0.04 secs] 
2011-02-12T04:52:36.696+0000: 16446.015: [GC
Desired survivor size 24969216 bytes, new threshold 1 (max 15)
 [PSYoungGen: 2754976K->12480K(2769600K)] 4968456K->2226404K(8362048K), 0.0340230 secs] [Times: user=0.19 sys=0.02, real=0.04 secs] 
2011-02-12T04:52:42.252+0000: 16451.572: [GC
Desired survivor size 24772608 bytes, new threshold 1 (max 15)
 [PSYoungGen: 2756480K->6944K(2771968K)] 4970404K->2221348K(8364416K), 0.0284310 secs] [Times: user=0.15 sys=0.01, real=0.03 secs] 
2011-02-12T04:52:48.003+0000: 16457.322: [GC
Desired survivor size 25231360 bytes, new threshold 1 (max 15)
 [PSYoungGen: 2754528K->16620K(2764224K)] 4968932K->2231480K(8356672K), 0.0390990 secs] [Times: user=0.22 sys=0.02, real=0.04 secs] 
2011-02-12T04:52:53.303+0000: 16462.623: [GC
Desired survivor size 24641536 bytes, new threshold 1 (max 15)
 [PSYoungGen: 2764204K->8992K(2772096K)] 4979064K->2224472K(8364544K), 0.0298870 secs] [Times: user=0.16 sys=0.02, real=0.03 secs] 
2011-02-12T04:52:58.157+0000: 16467.476: [GC
Desired survivor size 24051712 bytes, new threshold 1 (max 15)
 [PSYoungGen: 2756448K->8832K(2771520K)] 4971928K->2224760K(8363968K), 0.0283610 secs] [Times: user=0.16 sys=0.01, real=0.03 secs] 
2011-02-12T04:53:02.925+0000: 16472.244: [GC
Desired survivor size 23724032 bytes, new threshold 1 (max 15)
 [PSYoungGen: 2756288K->7194K(2772992K)] 4972216K->2223531K(8365440K), 0.0266250 secs] [Times: user=0.15 sys=0.02, real=0.02 secs] 
2011-02-12T04:53:08.423+0000: 16477.743: [GC
Desired survivor size 24182784 bytes, new threshold 1 (max 15)
 [PSYoungGen: 2756698K->15904K(2765440K)] 4973035K->2233015K(8357888K), 0.0367220 secs] [Times: user=0.22 sys=0.01, real=0.04 secs] 
2011-02-12T04:53:13.760+0000: 16483.080: [GC
Desired survivor size 23724032 bytes, new threshold 1 (max 15)
 [PSYoungGen: 2765408K->7827K(2772992K)] 4982519K->2225414K(8365440K), 0.0275430 secs] [Times: user=0.14 sys=0.02, real=0.03 secs] 
2011-02-12T04:53:19.200+0000: 16488.520: [GC
Desired survivor size 23330816 bytes, new threshold 1 (max 15)
 [PSYoungGen: 2757203K->13632K(2772544K)] 4974790K->2231854K(8364992K), 0.0358970 secs] [Times: user=0.18 sys=0.02, real=0.04 secs] 
2011-02-12T04:53:25.037+0000: 16494.356: [GC
Desired survivor size 22282240 bytes, new threshold 1 (max 15)
 [PSYoungGen: 2763008K->11328K(2774400K)] 4981230K->2230338K(8366848K), 0.0326710 secs] [Times: user=0.19 sys=0.00, real=0.03 secs] 
2011-02-12T04:53:30.521+0000: 16499.841: [GC
Desired survivor size 22216704 bytes, new threshold 1 (max 15)
 [PSYoungGen: 2762944K->6240K(2773376K)] 4981954K->2225834K(8365824K), 0.0273110 secs] [Times: user=0.14 sys=0.01, real=0.03 secs] 
2011-02-12T04:53:35.846+0000: 16505.165: [GC
Desired survivor size 21823488 bytes, new threshold 1 (max 15)
 [PSYoungGen: 2757856K->13050K(2774848K)] 4977450K->2233169K(8367296K), 0.0334210 secs] [Times: user=0.19 sys=0.02, real=0.04 secs] 
2011-02-12T04:53:40.907+0000: 16510.226: [GC
Desired survivor size 20840448 bytes, new threshold 1 (max 15)
 [PSYoungGen: 2766202K->11392K(2774464K)] 4986321K->2231930K(8366912K), 0.0301820 secs] [Times: user=0.18 sys=0.02, real=0.03 secs] 
2011-02-12T04:53:45.763+0000: 16515.083: [GC
Desired survivor size 20381696 bytes, new threshold 1 (max 15)
 [PSYoungGen: 2764544K->12524K(2776256K)] 4985082K->2233623K(8368704K), 0.0337220 secs] [Times: user=0.19 sys=0.02, real=0.03 secs] 
2011-02-12T04:53:50.729+0000: 16520.048: [GC
Desired survivor size 19660800 bytes, new threshold 1 (max 15)
 [PSYoungGen: 2768428K->10560K(2775808K)] 4989527K->2232135K(8368256K), 0.0318210 secs] [Times: user=0.17 sys=0.02, real=0.03 secs] 
2011-02-12T04:53:56.220+0000: 16525.540: [GC
Desired survivor size 19660800 bytes, new threshold 1 (max 15)
 [PSYoungGen: 2766464K->6656K(2776960K)] 4988039K->2228795K(8369408K), 0.0282020 secs] [Times: user=0.14 sys=0.01, real=0.02 secs] 
2011-02-12T04:54:01.146+0000: 16530.466: [GC
Desired survivor size 18939904 bytes, new threshold 1 (max 15)
 [PSYoungGen: 2764416K->10114K(2776960K)] 4986555K->2232825K(8369408K), 0.0294620 secs] [Times: user=0.17 sys=0.02, real=0.03 secs] 
2011-02-12T04:54:05.942+0000: 16535.262: [GC
Desired survivor size 19070976 bytes, new threshold 1 (max 15)
 [PSYoungGen: 2767874K->5816K(2777408K)] 4990585K->2229177K(8369856K), 0.0254670 secs] [Times: user=0.13 sys=0.02, real=0.02 secs] 
2011-02-12T04:54:11.298+0000: 16540.617: [GC
Desired survivor size 18939904 bytes, new threshold 1 (max 15)
 [PSYoungGen: 2764728K->12176K(2777536K)] 4988089K->2236032K(8369984K), 0.0319940 secs] [Times: user=0.19 sys=0.01, real=0.03 secs] 
2011-02-12T04:54:16.555+0000: 16545.874: [GC
Desired survivor size 21626880 bytes, new threshold 1 (max 15)
 [PSYoungGen: 2771088K->18480K(2772416K)] 4994944K->2243632K(8364864K), 0.0401420 secs] [Times: user=0.25 sys=0.02, real=0.04 secs] 
2011-02-12T04:54:22.009+0000: 16551.329: [GC
Desired survivor size 20774912 bytes, new threshold 1 (max 15)
 [PSYoungGen: 2772400K->11808K(2775040K)] 4997552K->2237528K(8367488K), 0.0321630 secs] [Times: user=0.19 sys=0.02, real=0.03 secs] 
2011-02-12T04:54:27.881+0000: 16557.201: [GC
Desired survivor size 19857408 bytes, new threshold 1 (max 15)
 [PSYoungGen: 2765728K->11456K(2776768K)] 4991448K->2237760K(8369216K), 0.0308770 secs] [Times: user=0.18 sys=0.01, real=0.03 secs] 
2011-02-12T04:54:33.589+0000: 16562.909: [GC
Desired survivor size 20054016 bytes, new threshold 1 (max 15)
 [PSYoungGen: 2767936K->5728K(2775872K)] 4994240K->2232596K(8368320K), 0.0260020 secs] [Times: user=0.14 sys=0.02, real=0.03 secs] 
2011-02-12T04:54:39.299+0000: 16568.618: [GC
Desired survivor size 21561344 bytes, new threshold 1 (max 15)
 [PSYoungGen: 2762208K->17248K(2773632K)] 4989076K->2244644K(8366080K), 0.0369840 secs] [Times: user=0.24 sys=0.01, real=0.04 secs] 
2011-02-12T04:54:45.123+0000: 16574.443: [GC
Desired survivor size 21495808 bytes, new threshold 1 (max 15)
 [PSYoungGen: 2771296K->13920K(2775104K)] 4998692K->2241744K(8367552K), 0.0343470 secs] [Times: user=0.20 sys=0.02, real=0.04 secs] 
2011-02-12T04:54:50.896+0000: 16580.216: [GC
Desired survivor size 20643840 bytes, new threshold 1 (max 15)
 [PSYoungGen: 2767968K->11360K(2776000K)] 4995792K->2239596K(8368448K), 0.0311760 secs] [Times: user=0.18 sys=0.02, real=0.03 secs] 
2011-02-12T04:54:56.695+0000: 16586.014: [GC
Desired survivor size 20250624 bytes, new threshold 1 (max 15)
 [PSYoungGen: 2766368K->12976K(2775168K)] 4994604K->2241692K(8367616K), 0.0351120 secs] [Times: user=0.19 sys=0.01, real=0.04 secs] 
2011-02-12T04:55:02.372+0000: 16591.691: [GC
Desired survivor size 19726336 bytes, new threshold 1 (max 15)
 [PSYoungGen: 2767984K->10074K(2776896K)] 4996700K->2239402K(8369344K), 0.0311290 secs] [Times: user=0.16 sys=0.02, real=0.03 secs] 
2011-02-12T04:55:07.659+0000: 16596.979: [GC
Desired survivor size 19464192 bytes, new threshold 1 (max 15)
 [PSYoungGen: 2767194K->13004K(2776384K)] 4996522K->2243146K(8368832K), 0.0353750 secs] [Times: user=0.18 sys=0.02, real=0.03 secs] 
2011-02-12T04:55:13.654+0000: 16602.973: [GC
Desired survivor size 19857408 bytes, new threshold 1 (max 15)
 [PSYoungGen: 2770124K->14672K(2776384K)] 5000266K->2245362K(8368832K), 0.0339500 secs] [Times: user=0.21 sys=0.01, real=0.03 secs] 
2011-02-12T04:55:19.672+0000: 16608.992: [GC
Desired survivor size 21692416 bytes, new threshold 1 (max 15)
 [PSYoungGen: 2772048K->18989K(2776384K)] 5002738K->2250236K(8368832K), 0.0392840 secs] [Times: user=0.25 sys=0.02, real=0.04 secs] 
2011-02-12T04:55:25.623+0000: 16614.943: [GC
Desired survivor size 22937600 bytes, new threshold 1 (max 15)
 [PSYoungGen: 2776365K->18327K(2771136K)] 5007612K->2250334K(8363584K), 0.0384520 secs] [Times: user=0.24 sys=0.02, real=0.04 secs] 
2011-02-12T04:55:30.842+0000: 16620.162: [GC
Desired survivor size 23265280 bytes, new threshold 1 (max 15)
 [PSYoungGen: 2769687K->6368K(2757760K)] 5001694K->2238815K(8350208K), 0.0261460 secs] [Times: user=0.14 sys=0.02, real=0.02 secs] 
2011-02-12T04:55:36.451+0000: 16625.770: [GC
Desired survivor size 22675456 bytes, new threshold 1 (max 15)
 [PSYoungGen: 2757728K->13952K(2774016K)] 4990175K->2246907K(8366464K), 0.0356490 secs] [Times: user=0.20 sys=0.01, real=0.04 secs] 
2011-02-12T04:55:42.460+0000: 16631.780: [GC
Desired survivor size 23527424 bytes, new threshold 1 (max 15)
 [PSYoungGen: 2765248K->17514K(2768832K)] 4998203K->2250997K(8361280K), 0.0382370 secs] [Times: user=0.23 sys=0.01, real=0.04 secs] 
2011-02-12T04:55:47.534+0000: 16636.853: [GC
Desired survivor size 25165824 bytes, new threshold 1 (max 15)
 [PSYoungGen: 2768810K->20075K(2769984K)] 5002293K->2254332K(8362432K), 0.0413410 secs] [Times: user=0.25 sys=0.01, real=0.04 secs] 
2011-02-12T04:55:53.121+0000: 16642.440: [GC
Desired survivor size 25034752 bytes, new threshold 1 (max 15)
 [PSYoungGen: 2767083K->8448K(2771584K)] 5001340K->2243165K(8364032K), 0.0291970 secs] [Times: user=0.17 sys=0.02, real=0.03 secs] 
2011-02-12T04:55:58.732+0000: 16648.052: [GC
Desired survivor size 25886720 bytes, new threshold 1 (max 15)
 [PSYoungGen: 2755456K->18624K(2770048K)] 4990173K->2254001K(8362496K), 0.0390680 secs] [Times: user=0.25 sys=0.01, real=0.04 secs] 
2011-02-12T04:56:04.040+0000: 16653.360: [GC
Desired survivor size 25362432 bytes, new threshold 1 (max 15)
 [PSYoungGen: 2764224K->10086K(2770880K)] 4999601K->2245924K(8363328K), 0.0313590 secs] [Times: user=0.16 sys=0.03, real=0.03 secs] 
2011-02-12T04:56:09.802+0000: 16659.122: [GC
Desired survivor size 25624576 bytes, new threshold 1 (max 15)
 [PSYoungGen: 2755686K->5568K(2770880K)] 4991524K->2242129K(8363328K), 0.0272400 secs] [Times: user=0.13 sys=0.02, real=0.03 secs] 
2011-02-12T04:56:15.662+0000: 16664.981: [GC
Desired survivor size 25821184 bytes, new threshold 1 (max 15)
 [PSYoungGen: 2751680K->4336K(2750464K)] 4988241K->2241405K(8342912K), 0.0259190 secs] [Times: user=0.14 sys=0.01, real=0.03 secs] 
2011-02-12T04:56:21.506+0000: 16670.826: [GC
Desired survivor size 27918336 bytes, new threshold 1 (max 15)
 [PSYoungGen: 2750448K->21021K(2766848K)] 4987517K->2258918K(8359296K), 0.0434060 secs] [Times: user=0.26 sys=0.01, real=0.05 secs] 
2011-02-12T04:56:27.296+0000: 16676.615: [GC
Desired survivor size 27000832 bytes, new threshold 1 (max 15)
 [PSYoungGen: 2762653K->14354K(2768896K)] 5000550K->2252829K(8361344K), 0.0358550 secs] [Times: user=0.21 sys=0.02, real=0.04 secs] 
2011-02-12T04:56:32.613+0000: 16681.933: [GC
Desired survivor size 27066368 bytes, new threshold 1 (max 15)
 [PSYoungGen: 2755986K->4928K(2769664K)] 4994461K->2243918K(8362112K), 0.0254000 secs] [Times: user=0.13 sys=0.01, real=0.03 secs] 
2011-02-12T04:56:38.314+0000: 16687.633: [GC
Desired survivor size 27197440 bytes, new threshold 1 (max 15)
 [PSYoungGen: 2748224K->16320K(2759616K)] 4987214K->2255718K(8352064K), 0.0357300 secs] [Times: user=0.20 sys=0.02, real=0.04 secs] 
2011-02-12T04:56:43.791+0000: 16693.111: [GC
Desired survivor size 26279936 bytes, new threshold 1 (max 15)
 [PSYoungGen: 2759616K->9629K(2770496K)] 4999014K->2249447K(8362944K), 0.0320540 secs] [Times: user=0.16 sys=0.01, real=0.03 secs] 
2011-02-12T04:56:49.766+0000: 16699.085: [GC
Desired survivor size 25559040 bytes, new threshold 1 (max 15)
 [PSYoungGen: 2753565K->8256K(2769600K)] 4993383K->2248570K(8362048K), 0.0315480 secs] [Times: user=0.15 sys=0.01, real=0.03 secs] 
2011-02-12T04:56:55.213+0000: 16704.533: [GC
Desired survivor size 26083328 bytes, new threshold 1 (max 15)
 [PSYoungGen: 2752192K->16768K(2770176K)] 4992506K->2257698K(8362624K), 0.0376100 secs] [Times: user=0.23 sys=0.01, real=0.04 secs] 
2011-02-12T04:57:00.703+0000: 16710.022: [GC
Desired survivor size 27131904 bytes, new threshold 1 (max 15)
 [PSYoungGen: 2761984K->18626K(2763904K)] 5002914K->2260064K(8356352K), 0.0396720 secs] [Times: user=0.24 sys=0.01, real=0.04 secs] 
2011-02-12T04:57:05.685+0000: 16715.005: [GC
Desired survivor size 29360128 bytes, new threshold 1 (max 15)
 [PSYoungGen: 2763842K->22423K(2765312K)] 5005280K->2264451K(8357760K), 0.0420630 secs] [Times: user=0.26 sys=0.01, real=0.04 secs] 
2011-02-12T04:57:10.166+0000: 16719.486: [GC
Desired survivor size 28049408 bytes, new threshold 1 (max 15)
 [PSYoungGen: 2761239K->12832K(2767488K)] 5003267K->2255328K(8359936K), 0.0325950 secs] [Times: user=0.19 sys=0.02, real=0.03 secs] 
2011-02-12T04:57:15.118+0000: 16724.437: [GC
Desired survivor size 27066368 bytes, new threshold 1 (max 15)
 [PSYoungGen: 2751648K->11392K(2769728K)] 4994144K->2254280K(8362176K), 0.0318530 secs] [Times: user=0.19 sys=0.02, real=0.03 secs] 
2011-02-12T04:57:20.454+0000: 16729.774: [GC
Desired survivor size 27918336 bytes, new threshold 1 (max 15)
 [PSYoungGen: 2753728K->19392K(2768768K)] 4996616K->2262988K(8361216K), 0.0413400 secs] [Times: user=0.25 sys=0.02, real=0.05 secs] 
2011-02-12T04:57:25.660+0000: 16734.979: [GC
Desired survivor size 27983872 bytes, new threshold 1 (max 15)
 [PSYoungGen: 2761728K->6416K(2768768K)] 5005324K->2250628K(8361216K), 0.0274400 secs] [Times: user=0.16 sys=0.02, real=0.03 secs] 
2011-02-12T04:57:30.761+0000: 16740.081: [GC
Desired survivor size 27459584 bytes, new threshold 1 (max 15)
 [PSYoungGen: 2747920K->7930K(2768832K)] 4992132K->2252567K(8361280K), 0.0291410 secs] [Times: user=0.15 sys=0.01, real=0.03 secs] 
2011-02-12T04:57:35.985+0000: 16745.304: [GC
Desired survivor size 26148864 bytes, new threshold 1 (max 15)
 [PSYoungGen: 2749434K->12256K(2770624K)] 4994071K->2257328K(8363072K), 0.0339470 secs] [Times: user=0.18 sys=0.01, real=0.04 secs] 
2011-02-12T04:57:41.399+0000: 16750.718: [GC
Desired survivor size 26869760 bytes, new threshold 1 (max 15)
 [PSYoungGen: 2756064K->18112K(2769344K)] 5001136K->2263632K(8361792K), 0.0391330 secs] [Times: user=0.24 sys=0.02, real=0.04 secs] 
2011-02-12T04:57:47.121+0000: 16756.441: [GC
Desired survivor size 26017792 bytes, new threshold 1 (max 15)
 [PSYoungGen: 2761920K->14476K(2770752K)] 5007440K->2260365K(8363200K), 0.0355650 secs] [Times: user=0.22 sys=0.02, real=0.03 secs] 
2011-02-12T04:57:52.811+0000: 16762.130: [GC
Desired survivor size 25755648 bytes, new threshold 1 (max 15)
 [PSYoungGen: 2758988K->16105K(2769920K)] 5004877K->2262507K(8362368K), 0.0347780 secs] [Times: user=0.21 sys=0.01, real=0.03 secs] 
2011-02-12T04:57:58.487+0000: 16767.806: [GC
Desired survivor size 24969216 bytes, new threshold 1 (max 15)
 [PSYoungGen: 2760617K->11712K(2771776K)] 5007019K->2258677K(8364224K), 0.0325690 secs] [Times: user=0.18 sys=0.02, real=0.04 secs] 
2011-02-12T04:58:03.502+0000: 16772.821: [GC
Desired survivor size 26083328 bytes, new threshold 1 (max 15)
 [PSYoungGen: 2758336K->19332K(2766016K)] 5005301K->2266865K(8358464K), 0.0395640 secs] [Times: user=0.24 sys=0.01, real=0.04 secs] 
2011-02-12T04:58:08.923+0000: 16778.242: [GC
Desired survivor size 25624576 bytes, new threshold 1 (max 15)
 [PSYoungGen: 2765956K->15936K(2771136K)] 5013489K->2264328K(8363584K), 0.0383110 secs] [Times: user=0.23 sys=0.03, real=0.04 secs] 
2011-02-12T04:58:14.743+0000: 16784.063: [GC
Desired survivor size 24772608 bytes, new threshold 1 (max 15)
 [PSYoungGen: 2761600K->12883K(2770688K)] 5009992K->2261795K(8363136K), 0.0346570 secs] [Times: user=0.20 sys=0.01, real=0.03 secs] 
2011-02-12T04:58:20.659+0000: 16789.979: [GC
Desired survivor size 24182784 bytes, new threshold 1 (max 15)
 [PSYoungGen: 2758547K->15429K(2772544K)] 5007459K->2264888K(8364992K), 0.0365830 secs] [Times: user=0.21 sys=0.02, real=0.04 secs] 
2011-02-12T04:58:26.075+0000: 16795.395: [GC
Desired survivor size 24444928 bytes, new threshold 1 (max 15)
 [PSYoungGen: 2763781K->7424K(2771968K)] 5013240K->2257671K(8364416K), 0.0280120 secs] [Times: user=0.16 sys=0.02, real=0.03 secs] 
2011-02-12T04:58:31.547+0000: 16800.867: [GC
Desired survivor size 24051712 bytes, new threshold 1 (max 15)
 [PSYoungGen: 2755776K->15392K(2772672K)] 5006023K->2266191K(8365120K), 0.0362770 secs] [Times: user=0.23 sys=0.01, real=0.04 secs] 
2011-02-12T04:58:37.276+0000: 16806.595: [GC
Desired survivor size 25362432 bytes, new threshold 1 (max 15)
 [PSYoungGen: 2764192K->19852K(2768704K)] 5014991K->2271176K(8361152K), 0.0425420 secs] [Times: user=0.25 sys=0.02, real=0.04 secs] 
2011-02-12T04:58:42.873+0000: 16812.192: [GC
Desired survivor size 24969216 bytes, new threshold 1 (max 15)
 [PSYoungGen: 2768652K->10624K(2771776K)] 5019976K->2262552K(8364224K), 0.0303150 secs] [Times: user=0.18 sys=0.01, real=0.03 secs] 
2011-02-12T04:58:48.277+0000: 16817.596: [GC
Desired survivor size 25427968 bytes, new threshold 1 (max 15)
 [PSYoungGen: 2757632K->5248K(2752256K)] 5009560K->2257708K(8344704K), 0.0248060 secs] [Times: user=0.13 sys=0.02, real=0.02 secs] 
2011-02-12T04:58:53.719+0000: 16823.038: [GC
Desired survivor size 24707072 bytes, new threshold 1 (max 15)
 [PSYoungGen: 2752256K->10476K(2772032K)] 5004716K->2263352K(8364480K), 0.0303020 secs] [Times: user=0.16 sys=0.02, real=0.03 secs] 
2011-02-12T04:58:59.295+0000: 16828.615: [GC
Desired survivor size 24903680 bytes, new threshold 1 (max 15)
 [PSYoungGen: 2757676K->5216K(2771328K)] 5010552K->2258564K(8363776K), 0.0252550 secs] [Times: user=0.14 sys=0.01, real=0.03 secs] 
2011-02-12T04:59:04.249+0000: 16833.569: [GC
Desired survivor size 23789568 bytes, new threshold 1 (max 15)
 [PSYoungGen: 2752416K->11130K(2772928K)] 5005764K->2264974K(8365376K), 0.0309960 secs] [Times: user=0.17 sys=0.01, real=0.03 secs] 
2011-02-12T04:59:09.500+0000: 16838.820: [GC
Desired survivor size 23592960 bytes, new threshold 1 (max 15)
 [PSYoungGen: 2759738K->14508K(2771840K)] 5013582K->2269063K(8364288K), 0.0351910 secs] [Times: user=0.21 sys=0.01, real=0.03 secs] 
2011-02-12T04:59:15.167+0000: 16844.487: [GC
Desired survivor size 22544384 bytes, new threshold 1 (max 15)
 [PSYoungGen: 2763116K->11964K(2774144K)] 5017671K->2267091K(8366592K), 0.0312140 secs] [Times: user=0.19 sys=0.01, real=0.04 secs] 
2011-02-12T04:59:21.138+0000: 16850.458: [GC
Desired survivor size 21889024 bytes, new threshold 1 (max 15)
 [PSYoungGen: 2763068K->10144K(2773120K)] 5018195K->2266127K(8365568K), 0.0300690 secs] [Times: user=0.18 sys=0.02, real=0.03 secs] 
2011-02-12T04:59:26.939+0000: 16856.259: [GC
Desired survivor size 21495808 bytes, new threshold 1 (max 15)
 [PSYoungGen: 2761248K->8736K(2775168K)] 5017231K->2265211K(8367616K), 0.0287980 secs] [Times: user=0.16 sys=0.01, real=0.03 secs] 
2011-02-12T04:59:32.428+0000: 16861.748: [GC
Desired survivor size 22151168 bytes, new threshold 1 (max 15)
 [PSYoungGen: 2762528K->15836K(2769664K)] 5019003K->2272840K(8362112K), 0.0374740 secs] [Times: user=0.22 sys=0.02, real=0.04 secs] 
2011-02-12T04:59:38.095+0000: 16867.414: [GC
Desired survivor size 21299200 bytes, new threshold 1 (max 15)
 [PSYoungGen: 2769628K->11520K(2775360K)] 5026632K->2268975K(8367808K), 0.0304250 secs] [Times: user=0.19 sys=0.02, real=0.03 secs] 
2011-02-12T04:59:43.472+0000: 16872.792: [GC
Desired survivor size 21561344 bytes, new threshold 1 (max 15)
 [PSYoungGen: 2765248K->5440K(2774528K)] 5022703K->2263499K(8366976K), 0.0268200 secs] [Times: user=0.13 sys=0.01, real=0.02 secs] 
2011-02-12T04:59:48.723+0000: 16878.043: [GC
Desired survivor size 20840448 bytes, new threshold 1 (max 15)
 [PSYoungGen: 2759168K->12112K(2775808K)] 5017227K->2270747K(8368256K), 0.0335360 secs] [Times: user=0.18 sys=0.02, real=0.03 secs] 
2011-02-12T04:59:53.550+0000: 16882.869: [GC
Desired survivor size 20185088 bytes, new threshold 1 (max 15)
 [PSYoungGen: 2766864K->9811K(2775104K)] 5025499K->2269019K(8367552K), 0.0331780 secs] [Times: user=0.16 sys=0.02, real=0.04 secs] 
2011-02-12T04:59:58.007+0000: 16887.327: [GC
Desired survivor size 21692416 bytes, new threshold 1 (max 15)
 [PSYoungGen: 2764563K->17536K(2773504K)] 5023771K->2277252K(8365952K), 0.0392980 secs] [Times: user=0.24 sys=0.02, real=0.04 secs] 
2011-02-12T05:00:02.598+0000: 16891.918: [GC
Desired survivor size 22478848 bytes, new threshold 1 (max 15)
 [PSYoungGen: 2771328K->16507K(2770304K)] 5031044K->2276576K(8362752K), 0.0362950 secs] [Times: user=0.23 sys=0.02, real=0.04 secs] 
2011-02-12T05:00:06.799+0000: 16896.118: [GC
Desired survivor size 26279936 bytes, new threshold 1 (max 15)
 [PSYoungGen: 2770299K->21932K(2766784K)] 5030368K->2284984K(8359232K), 0.0450820 secs] [Times: user=0.30 sys=0.03, real=0.04 secs] 
2011-02-12T05:00:11.565+0000: 16900.885: [GC
Desired survivor size 27328512 bytes, new threshold 1 (max 15)
 [PSYoungGen: 2766764K->19600K(2764480K)] 5029816K->2283216K(8356928K), 0.0400110 secs] [Times: user=0.24 sys=0.02, real=0.04 secs] 
2011-02-12T05:00:16.670+0000: 16905.990: [GC
Desired survivor size 27787264 bytes, new threshold 1 (max 15)
 [PSYoungGen: 2764432K->4256K(2768576K)] 5028048K->2268432K(8361024K), 0.0250720 secs] [Times: user=0.12 sys=0.01, real=0.02 secs] 
2011-02-12T05:00:21.553+0000: 16910.872: [GC
Desired survivor size 27394048 bytes, new threshold 1 (max 15)
 [PSYoungGen: 2746144K->7258K(2769024K)] 5010320K->2272207K(8361472K), 0.0273080 secs] [Times: user=0.15 sys=0.01, real=0.03 secs] 
2011-02-12T05:00:26.115+0000: 16915.435: [GC
Desired survivor size 28770304 bytes, new threshold 1 (max 15)
 [PSYoungGen: 2749146K->20029K(2766720K)] 5014095K->2285594K(8359168K), 0.0419990 secs] [Times: user=0.25 sys=0.02, real=0.05 secs] 
2011-02-12T05:00:31.249+0000: 16920.569: [GC
Desired survivor size 28639232 bytes, new threshold 1 (max 15)
 [PSYoungGen: 2759997K->5504K(2768064K)] 5025562K->2271580K(8360512K), 0.0275530 secs] [Times: user=0.13 sys=0.02, real=0.02 secs] 
2011-02-12T05:00:36.583+0000: 16925.902: [GC
Desired survivor size 27131904 bytes, new threshold 1 (max 15)
 [PSYoungGen: 2745472K->12032K(2769664K)] 5011548K->2278560K(8362112K), 0.0331870 secs] [Times: user=0.19 sys=0.01, real=0.03 secs] 
2011-02-12T05:00:42.011+0000: 16931.331: [GC
Desired survivor size 27000832 bytes, new threshold 1 (max 15)
 [PSYoungGen: 2753728K->4992K(2768192K)] 5020256K->2271980K(8360640K), 0.0259880 secs] [Times: user=0.12 sys=0.01, real=0.02 secs] 
2011-02-12T05:00:46.735+0000: 16936.055: [GC
Desired survivor size 25886720 bytes, new threshold 1 (max 15)
 [PSYoungGen: 2746688K->12704K(2770880K)] 5013676K->2280172K(8363328K), 0.0325750 secs] [Times: user=0.21 sys=0.02, real=0.03 secs] 
2011-02-12T05:00:51.779+0000: 16941.099: [GC
Desired survivor size 25559040 bytes, new threshold 1 (max 15)
 [PSYoungGen: 2757216K->14576K(2769792K)] 5024684K->2282496K(8362240K), 0.0336630 secs] [Times: user=0.20 sys=0.02, real=0.04 secs] 
2011-02-12T05:00:56.161+0000: 16945.480: [GC
Desired survivor size 26542080 bytes, new threshold 1 (max 15)
 [PSYoungGen: 2759088K->18310K(2769280K)] 5027008K->2286692K(8361728K), 0.0385110 secs] [Times: user=0.22 sys=0.01, real=0.04 secs] 
2011-02-12T05:01:00.686+0000: 16950.005: [GC
Desired survivor size 27131904 bytes, new threshold 1 (max 15)
 [PSYoungGen: 2762630K->17709K(2762048K)] 5031012K->2286563K(8354496K), 0.0401010 secs] [Times: user=0.21 sys=0.03, real=0.04 secs] 
2011-02-12T05:01:05.770+0000: 16955.090: [GC
Desired survivor size 28311552 bytes, new threshold 1 (max 15)
 [PSYoungGen: 2762029K->20067K(2767360K)] 5030883K->2289579K(8359808K), 0.0407340 secs] [Times: user=0.25 sys=0.02, real=0.04 secs] 
2011-02-12T05:01:11.365+0000: 16960.685: [GC
Desired survivor size 27262976 bytes, new threshold 1 (max 15)
 [PSYoungGen: 2760931K->12176K(2768512K)] 5030443K->2282208K(8360960K), 0.0341020 secs] [Times: user=0.18 sys=0.02, real=0.03 secs] 
2011-02-12T05:01:17.136+0000: 16966.456: [GC
Desired survivor size 26542080 bytes, new threshold 1 (max 15)
 [PSYoungGen: 2753040K->10192K(2770240K)] 5023072K->2280784K(8362688K), 0.0311500 secs] [Times: user=0.17 sys=0.03, real=0.03 secs] 
2011-02-12T05:01:21.944+0000: 16971.264: [GC
Desired survivor size 25886720 bytes, new threshold 1 (max 15)
 [PSYoungGen: 2753808K->9880K(2769536K)] 5024400K->2281233K(8361984K), 0.0292370 secs] [Times: user=0.18 sys=0.01, real=0.03 secs] 
2011-02-12T05:01:27.013+0000: 16976.333: [GC
Desired survivor size 24903680 bytes, new threshold 1 (max 15)
 [PSYoungGen: 2753496K->11560K(2771840K)] 5024849K->2283505K(8364288K), 0.0320430 secs] [Times: user=0.18 sys=0.01, real=0.04 secs] 
2011-02-12T05:01:32.306+0000: 16981.626: [GC
Desired survivor size 24969216 bytes, new threshold 1 (max 15)
 [PSYoungGen: 2758120K->16096K(2770880K)] 5030065K->2288501K(8363328K), 0.0375230 secs] [Times: user=0.21 sys=0.01, real=0.03 secs] 
2011-02-12T05:01:37.694+0000: 16987.013: [GC
Desired survivor size 23855104 bytes, new threshold 1 (max 15)
 [PSYoungGen: 2762656K->13008K(2772864K)] 5035061K->2285937K(8365312K), 0.0321650 secs] [Times: user=0.20 sys=0.01, real=0.04 secs] 
2011-02-12T05:01:42.847+0000: 16992.166: [GC
Desired survivor size 24641536 bytes, new threshold 1 (max 15)
 [PSYoungGen: 2761488K->18006K(2771776K)] 5034417K->2291387K(8364224K), 0.0390660 secs] [Times: user=0.22 sys=0.02, real=0.04 secs] 
2011-02-12T05:01:47.913+0000: 16997.232: [GC
Desired survivor size 25362432 bytes, new threshold 1 (max 15)
 [PSYoungGen: 2766486K->18464K(2770688K)] 5039867K->2292261K(8363136K), 0.0389560 secs] [Times: user=0.24 sys=0.03, real=0.04 secs] 
2011-02-12T05:01:52.902+0000: 17002.222: [GC
Desired survivor size 25231360 bytes, new threshold 1 (max 15)
 [PSYoungGen: 2765088K->16544K(2771392K)] 5038885K->2290889K(8363840K), 0.0368410 secs] [Times: user=0.24 sys=0.00, real=0.04 secs] 
2011-02-12T05:01:58.201+0000: 17007.520: [GC
Desired survivor size 24772608 bytes, new threshold 1 (max 15)
 [PSYoungGen: 2763168K->10976K(2771968K)] 5037513K->2285741K(8364416K), 0.0313740 secs] [Times: user=0.18 sys=0.02, real=0.03 secs] 
2011-02-12T05:02:03.128+0000: 17012.448: [GC
Desired survivor size 24379392 bytes, new threshold 1 (max 15)
 [PSYoungGen: 2758304K->15770K(2771520K)] 5033069K->2291055K(8363968K), 0.0361080 secs] [Times: user=0.20 sys=0.01, real=0.04 secs] 
2011-02-12T05:02:07.733+0000: 17017.053: [GC
Desired survivor size 24313856 bytes, new threshold 1 (max 15)
 [PSYoungGen: 2763098K->8928K(2772416K)] 5038383K->2284991K(8364864K), 0.0301300 secs] [Times: user=0.18 sys=0.02, real=0.03 secs] 
2011-02-12T05:02:13.223+0000: 17022.543: [GC
Desired survivor size 24248320 bytes, new threshold 1 (max 15)
 [PSYoungGen: 2757536K->16304K(2772352K)] 5033599K->2292951K(8364800K), 0.0376200 secs] [Times: user=0.22 sys=0.01, real=0.04 secs] 
2011-02-12T05:02:18.606+0000: 17027.926: [GC
Desired survivor size 24117248 bytes, new threshold 1 (max 15)
 [PSYoungGen: 2764912K->9212K(2772608K)] 5041559K->2286395K(8365056K), 0.0297170 secs] [Times: user=0.17 sys=0.02, real=0.03 secs] 
2011-02-12T05:02:23.533+0000: 17032.853: [GC
Desired survivor size 24182784 bytes, new threshold 1 (max 15)
 [PSYoungGen: 2758140K->7328K(2772480K)] 5035323K->2285195K(8364928K), 0.0271640 secs] [Times: user=0.15 sys=0.02, real=0.02 secs] 
2011-02-12T05:02:28.375+0000: 17037.694: [GC
Desired survivor size 24248320 bytes, new threshold 1 (max 15)
 [PSYoungGen: 2756256K->6112K(2772416K)] 5034123K->2284407K(8364864K), 0.0275610 secs] [Times: user=0.14 sys=0.01, real=0.03 secs] 
2011-02-12T05:02:33.534+0000: 17042.853: [GC
Desired survivor size 23527424 bytes, new threshold 1 (max 15)
 [PSYoungGen: 2754912K->9504K(2772480K)] 5033207K->2288215K(8364928K), 0.0320550 secs] [Times: user=0.17 sys=0.02, real=0.03 secs] 
2011-02-12T05:02:38.743+0000: 17048.063: [GC
Desired survivor size 23330816 bytes, new threshold 1 (max 15)
 [PSYoungGen: 2758304K->14304K(2773376K)] 5037015K->2293479K(8365824K), 0.0347240 secs] [Times: user=0.21 sys=0.02, real=0.03 secs] 
2011-02-12T05:02:44.208+0000: 17053.527: [GC
Desired survivor size 22806528 bytes, new threshold 1 (max 15)
 [PSYoungGen: 2764704K->8672K(2773184K)] 5043879K->2288359K(8365632K), 0.0290960 secs] [Times: user=0.15 sys=0.02, real=0.03 secs] 
2011-02-12T05:02:49.789+0000: 17059.109: [GC
Desired survivor size 24903680 bytes, new threshold 1 (max 15)
 [PSYoungGen: 2759072K->20048K(2769792K)] 5038759K->2300175K(8362240K), 0.0437330 secs] [Times: user=0.22 sys=0.01, real=0.04 secs] 
2011-02-12T05:02:55.529+0000: 17064.849: [GC
Desired survivor size 23855104 bytes, new threshold 1 (max 15)
 [PSYoungGen: 2767568K->13120K(2771840K)] 5047695K->2293772K(8364288K), 0.0336250 secs] [Times: user=0.20 sys=0.01, real=0.03 secs] 
2011-02-12T05:03:00.861+0000: 17070.181: [GC
Desired survivor size 23855104 bytes, new threshold 1 (max 15)
 [PSYoungGen: 2760640K->6402K(2772864K)] 5041292K->2287498K(8365312K), 0.0272730 secs] [Times: user=0.14 sys=0.02, real=0.03 secs] 
2011-02-12T05:03:05.955+0000: 17075.275: [GC
Desired survivor size 23199744 bytes, new threshold 1 (max 15)
 [PSYoungGen: 2755970K->9320K(2772864K)] 5037066K->2291114K(8365312K), 0.0300860 secs] [Times: user=0.17 sys=0.02, real=0.03 secs] 
2011-02-12T05:03:10.979+0000: 17080.299: [GC
Desired survivor size 25034752 bytes, new threshold 1 (max 15)
 [PSYoungGen: 2758888K->19504K(2769920K)] 5040682K->2301894K(8362368K), 0.0398320 secs] [Times: user=0.23 sys=0.02, real=0.04 secs] 
2011-02-12T05:03:16.124+0000: 17085.443: [GC
Desired survivor size 25559040 bytes, new threshold 1 (max 15)
 [PSYoungGen: 2766768K->17202K(2764480K)] 5049158K->2301162K(8356928K), 0.0410050 secs] [Times: user=0.24 sys=0.02, real=0.04 secs] 
2011-02-12T05:03:21.381+0000: 17090.700: [GC
Desired survivor size 27525120 bytes, new threshold 1 (max 15)
 [PSYoungGen: 2764466K->21381K(2767360K)] 5048426K->2306071K(8359808K), 0.0441550 secs] [Times: user=0.26 sys=0.01, real=0.04 secs] 
2011-02-12T05:03:26.585+0000: 17095.904: [GC
Desired survivor size 27787264 bytes, new threshold 1 (max 15)
 [PSYoungGen: 2763781K->4704K(2747136K)] 5048471K->2289990K(8339584K), 0.0251930 secs] [Times: user=0.14 sys=0.01, real=0.03 secs] 
2011-02-12T05:03:32.027+0000: 17101.347: [GC
Desired survivor size 27066368 bytes, new threshold 1 (max 15)
 [PSYoungGen: 2747104K->14956K(2769728K)] 5032390K->2300663K(8362176K), 0.0360550 secs] [Times: user=0.22 sys=0.01, real=0.04 secs] 
2011-02-12T05:03:37.535+0000: 17106.855: [GC
Desired survivor size 26345472 bytes, new threshold 1 (max 15)
 [PSYoungGen: 2757548K->9472K(2769024K)] 5043255K->2295731K(8361472K), 0.0298730 secs] [Times: user=0.18 sys=0.01, real=0.03 secs] 
2011-02-12T05:03:43.071+0000: 17112.391: [GC
Desired survivor size 25755648 bytes, new threshold 1 (max 15)
 [PSYoungGen: 2752064K->8544K(2771008K)] 5038323K->2295319K(8363456K), 0.0287180 secs] [Times: user=0.17 sys=0.02, real=0.03 secs] 
2011-02-12T05:03:48.556+0000: 17117.875: [GC
Desired survivor size 27197440 bytes, new threshold 1 (max 15)
 [PSYoungGen: 2753824K->19520K(2764800K)] 5040599K->2306879K(8357248K), 0.0400980 secs] [Times: user=0.26 sys=0.02, real=0.04 secs] 
2011-02-12T05:03:54.328+0000: 17123.648: [GC
Desired survivor size 27983872 bytes, new threshold 1 (max 15)
 [PSYoungGen: 2764800K->18864K(2768064K)] 5052159K->2306663K(8360512K), 0.0396150 secs] [Times: user=0.25 sys=0.01, real=0.04 secs] 
2011-02-12T05:04:00.157+0000: 17129.476: [GC
Desired survivor size 27328512 bytes, new threshold 1 (max 15)
 [PSYoungGen: 2760368K->15586K(2768832K)] 5048167K->2303897K(8361280K), 0.0371900 secs] [Times: user=0.21 sys=0.01, real=0.04 secs] 
2011-02-12T05:04:05.717+0000: 17135.036: [GC
Desired survivor size 26279936 bytes, new threshold 1 (max 15)
 [PSYoungGen: 2757090K->12512K(2770496K)] 5045401K->2301549K(8362944K), 0.0328170 secs] [Times: user=0.19 sys=0.02, real=0.03 secs] 
2011-02-12T05:04:10.787+0000: 17140.107: [GC
Desired survivor size 27000832 bytes, new threshold 1 (max 15)
 [PSYoungGen: 2756320K->18912K(2769472K)] 5045357K->2308453K(8361920K), 0.0395480 secs] [Times: user=0.25 sys=0.01, real=0.04 secs] 
2011-02-12T05:04:16.597+0000: 17145.916: [GC
Desired survivor size 25821184 bytes, new threshold 1 (max 15)
 [PSYoungGen: 2762720K->14048K(2770944K)] 5052261K->2304033K(8363392K), 0.0355410 secs] [Times: user=0.21 sys=0.02, real=0.03 secs] 
2011-02-12T05:04:22.300+0000: 17151.620: [GC
Desired survivor size 25559040 bytes, new threshold 1 (max 15)
 [PSYoungGen: 2758624K->9040K(2769792K)] 5048609K->2299837K(8362240K), 0.0295490 secs] [Times: user=0.15 sys=0.01, real=0.03 secs] 
2011-02-12T05:04:27.952+0000: 17157.272: [GC
Desired survivor size 25624576 bytes, new threshold 1 (max 15)
 [PSYoungGen: 2753616K->6688K(2771072K)] 5044413K->2298181K(8363520K), 0.0271830 secs] [Times: user=0.14 sys=0.01, real=0.03 secs] 
2011-02-12T05:04:33.652+0000: 17162.971: [GC
Desired survivor size 26673152 bytes, new threshold 1 (max 15)
 [PSYoungGen: 2752800K->18911K(2765056K)] 5044293K->2310948K(8357504K), 0.0395040 secs] [Times: user=0.25 sys=0.01, real=0.04 secs] 
2011-02-12T05:04:39.407+0000: 17168.726: [GC
Desired survivor size 26804224 bytes, new threshold 1 (max 15)
 [PSYoungGen: 2765023K->5568K(2769856K)] 5057060K->2298057K(8362304K), 0.0253390 secs] [Times: user=0.14 sys=0.02, real=0.03 secs] 
2011-02-12T05:04:45.359+0000: 17174.678: [GC
Desired survivor size 26345472 bytes, new threshold 1 (max 15)
 [PSYoungGen: 2749376K->7632K(2769984K)] 5041865K->2300613K(8362432K), 0.0274060 secs] [Times: user=0.15 sys=0.01, real=0.03 secs] 
2011-02-12T05:04:50.268+0000: 17179.588: [GC
Desired survivor size 26017792 bytes, new threshold 1 (max 15)
 [PSYoungGen: 2751440K->6144K(2770752K)] 5044421K->2299669K(8363200K), 0.0265570 secs] [Times: user=0.15 sys=0.02, real=0.03 secs] 
2011-02-12T05:04:55.460+0000: 17184.780: [GC
Desired survivor size 25100288 bytes, new threshold 1 (max 15)
 [PSYoungGen: 2751168K->12992K(2770432K)] 5044693K->2306885K(8362880K), 0.0330620 secs] [Times: user=0.21 sys=0.02, real=0.04 secs] 
2011-02-12T05:05:00.784+0000: 17190.104: [GC
Desired survivor size 26607616 bytes, new threshold 1 (max 15)
 [PSYoungGen: 2758016K->19106K(2768704K)] 5051909K->2313499K(8361152K), 0.0389240 secs] [Times: user=0.25 sys=0.02, real=0.04 secs] 
2011-02-12T05:05:06.010+0000: 17195.329: [GC
Desired survivor size 25559040 bytes, new threshold 1 (max 15)
 [PSYoungGen: 2763298K->13464K(2770176K)] 5057691K->2308447K(8362624K), 0.0363690 secs] [Times: user=0.19 sys=0.01, real=0.04 secs] 
2011-02-12T05:05:11.167+0000: 17200.487: [GC
Desired survivor size 25165824 bytes, new threshold 1 (max 15)
 [PSYoungGen: 2757656K->7808K(2771584K)] 5052639K->2303439K(8364032K), 0.0290030 secs] [Times: user=0.15 sys=0.01, real=0.03 secs] 
2011-02-12T05:05:17.057+0000: 17206.376: [GC
Desired survivor size 26279936 bytes, new threshold 1 (max 15)
 [PSYoungGen: 2754432K->18422K(2765056K)] 5050063K->2314414K(8357504K), 0.0390930 secs] [Times: user=0.23 sys=0.01, real=0.04 secs] 
2011-02-12T05:05:21.425+0000: 17210.745: [GC
Desired survivor size 25427968 bytes, new threshold 1 (max 15)
 [PSYoungGen: 2765046K->10010K(2771328K)] 5061038K->2306781K(8363776K), 0.0324190 secs] [Times: user=0.18 sys=0.02, real=0.03 secs] 
2011-02-12T05:05:26.152+0000: 17215.472: [GC
Desired survivor size 27197440 bytes, new threshold 1 (max 15)
 [PSYoungGen: 2755674K->20584K(2766272K)] 5052445K->2317827K(8358720K), 0.0425690 secs] [Times: user=0.24 sys=0.02, real=0.05 secs] 
2011-02-12T05:05:31.471+0000: 17220.791: [GC
Desired survivor size 27262976 bytes, new threshold 1 (max 15)
 [PSYoungGen: 2766248K->16896K(2769472K)] 5063491K->2314622K(8361920K), 0.0395000 secs] [Times: user=0.25 sys=0.02, real=0.04 secs] 
2011-02-12T05:05:36.887+0000: 17226.207: [GC
Desired survivor size 25952256 bytes, new threshold 1 (max 15)
 [PSYoungGen: 2759808K->13312K(2769536K)] 5057534K->2311470K(8361984K), 0.0337100 secs] [Times: user=0.21 sys=0.02, real=0.03 secs] 
2011-02-12T05:05:42.854+0000: 17232.174: [GC
Desired survivor size 25821184 bytes, new threshold 1 (max 15)
 [PSYoungGen: 2756224K->16352K(2770944K)] 5054382K->2314962K(8363392K), 0.0370830 secs] [Times: user=0.22 sys=0.02, real=0.04 secs] 
2011-02-12T05:05:48.731+0000: 17238.051: [GC
Desired survivor size 25034752 bytes, new threshold 1 (max 15)
 [PSYoungGen: 2761952K->11712K(2770816K)] 5060562K->2310730K(8363264K), 0.0325120 secs] [Times: user=0.19 sys=0.01, real=0.03 secs] 
2011-02-12T05:05:54.583+0000: 17243.903: [GC
Desired survivor size 24838144 bytes, new threshold 1 (max 15)
 [PSYoungGen: 2757312K->8320K(2771904K)] 5056330K->2307814K(8364352K), 0.0282310 secs] [Times: user=0.17 sys=0.01, real=0.03 secs] 
2011-02-12T05:06:00.113+0000: 17249.433: [GC
Desired survivor size 25886720 bytes, new threshold 1 (max 15)
 [PSYoungGen: 2755776K->18872K(2766336K)] 5055270K->2318955K(8358784K), 0.0405980 secs] [Times: user=0.24 sys=0.02, real=0.04 secs] 
2011-02-12T05:06:04.466+0000: 17253.786: [GC
Desired survivor size 26411008 bytes, new threshold 1 (max 15)
 [PSYoungGen: 2766328K->18168K(2769856K)] 5066411K->2319103K(8362304K), 0.0395520 secs] [Times: user=0.24 sys=0.02, real=0.04 secs] 
2011-02-12T05:06:09.048+0000: 17258.368: [GC
Desired survivor size 25427968 bytes, new threshold 1 (max 15)
 [PSYoungGen: 2762744K->13024K(2770368K)] 5063679K->2314571K(8362816K), 0.0349550 secs] [Times: user=0.20 sys=0.02, real=0.04 secs] 
2011-02-12T05:06:14.554+0000: 17263.874: [GC
Desired survivor size 24707072 bytes, new threshold 1 (max 15)
 [PSYoungGen: 2757600K->11952K(2772032K)] 5059147K->2313883K(8364480K), 0.0322730 secs] [Times: user=0.18 sys=0.01, real=0.03 secs] 
2011-02-12T05:06:20.023+0000: 17269.342: [GC
Desired survivor size 25493504 bytes, new threshold 1 (max 15)
 [PSYoungGen: 2759152K->18720K(2765952K)] 5061083K->2321251K(8358400K), 0.0395000 secs] [Times: user=0.24 sys=0.02, real=0.04 secs] 
2011-02-12T05:06:24.749+0000: 17274.068: [GC
Desired survivor size 24772608 bytes, new threshold 1 (max 15)
 [PSYoungGen: 2765920K->15232K(2771968K)] 5068451K->2318475K(8364416K), 0.0369880 secs] [Times: user=0.21 sys=0.01, real=0.04 secs] 
2011-02-12T05:06:29.443+0000: 17278.762: [GC
Desired survivor size 25165824 bytes, new threshold 1 (max 15)
 [PSYoungGen: 2762304K->18080K(2771264K)] 5065547K->2321767K(8363712K), 0.0404330 secs] [Times: user=0.22 sys=0.01, real=0.04 secs] 
2011-02-12T05:06:34.399+0000: 17283.719: [GC
Desired survivor size 24903680 bytes, new threshold 1 (max 15)
 [PSYoungGen: 2765152K->16867K(2771840K)] 5068839K->2321007K(8364288K), 0.0372910 secs] [Times: user=0.22 sys=0.01, real=0.04 secs] 
2011-02-12T05:06:39.578+0000: 17288.897: [GC
Desired survivor size 25231360 bytes, new threshold 1 (max 15)
 [PSYoungGen: 2764131K->18366K(2765632K)] 5068271K->2323057K(8358080K), 0.0387640 secs] [Times: user=0.24 sys=0.02, real=0.04 secs] 
2011-02-12T05:06:44.541+0000: 17293.861: [GC
Desired survivor size 25559040 bytes, new threshold 1 (max 15)
 [PSYoungGen: 2765630K->8096K(2770880K)] 5070321K->2313331K(8363328K), 0.0288890 secs] [Times: user=0.16 sys=0.01, real=0.03 secs] 
2011-02-12T05:06:49.201+0000: 17298.521: [GC
Desired survivor size 25493504 bytes, new threshold 1 (max 15)
 [PSYoungGen: 2754336K->17184K(2771200K)] 5059571K->2322883K(8363648K), 0.0397970 secs] [Times: user=0.22 sys=0.01, real=0.04 secs] 
2011-02-12T05:06:53.939+0000: 17303.259: [GC
Desired survivor size 25624576 bytes, new threshold 1 (max 15)
 [PSYoungGen: 2763424K->18016K(2771008K)] 5069123K->2324031K(8363456K), 0.0400800 secs] [Times: user=0.24 sys=0.02, real=0.04 secs] 
2011-02-12T05:06:58.574+0000: 17307.894: [GC
Desired survivor size 29425664 bytes, new threshold 1 (max 15)
 [PSYoungGen: 2764125K->25008K(2771136K)] 5070140K->2333860K(8363584K), 0.0511750 secs] [Times: user=0.31 sys=0.01, real=0.06 secs] 
2011-02-12T05:07:03.606+0000: 17312.925: [GC
Desired survivor size 28901376 bytes, new threshold 1 (max 15)
 [PSYoungGen: 2771120K->18394K(2764736K)] 5079972K->2327782K(8357184K), 0.0416680 secs] [Times: user=0.25 sys=0.02, real=0.05 secs] 
2011-02-12T05:07:08.482+0000: 17317.801: [GC
Desired survivor size 29294592 bytes, new threshold 1 (max 15)
 [PSYoungGen: 2758106K->20736K(2760448K)] 5067494K->2330866K(8352896K), 0.0414050 secs] [Times: user=0.25 sys=0.02, real=0.04 secs] 
2011-02-12T05:07:13.650+0000: 17322.970: [GC
Desired survivor size 28377088 bytes, new threshold 1 (max 15)
 [PSYoungGen: 2760448K->15680K(2768448K)] 5070578K->2326371K(8360896K), 0.0369870 secs] [Times: user=0.21 sys=0.01, real=0.04 secs] 
2011-02-12T05:07:18.590+0000: 17327.909: [GC
Desired survivor size 28639232 bytes, new threshold 1 (max 15)
 [PSYoungGen: 2755520K->8792K(2767552K)] 5066211K->2320103K(8360000K), 0.0297500 secs] [Times: user=0.17 sys=0.02, real=0.03 secs] 
2011-02-12T05:07:23.954+0000: 17333.274: [GC
Desired survivor size 28311552 bytes, new threshold 1 (max 15)
 [PSYoungGen: 2748632K->11200K(2768512K)] 5059943K->2323147K(8360960K), 0.0314640 secs] [Times: user=0.20 sys=0.02, real=0.03 secs] 
2011-02-12T05:07:29.589+0000: 17338.909: [GC
Desired survivor size 27197440 bytes, new threshold 1 (max 15)
 [PSYoungGen: 2751744K->14880K(2768192K)] 5063691K->2327327K(8360640K), 0.0359500 secs] [Times: user=0.21 sys=0.02, real=0.04 secs] 
2011-02-12T05:07:35.552+0000: 17344.872: [GC
Desired survivor size 26083328 bytes, new threshold 1 (max 15)
 [PSYoungGen: 2755424K->15424K(2770688K)] 5067871K->2328295K(8363136K), 0.0349730 secs] [Times: user=0.20 sys=0.02, real=0.03 secs] 
2011-02-12T05:07:41.629+0000: 17350.949: [GC
Desired survivor size 25624576 bytes, new threshold 1 (max 15)
 [PSYoungGen: 2759552K->12532K(2769600K)] 5072423K->2325875K(8362048K), 0.0324390 secs] [Times: user=0.18 sys=0.01, real=0.04 secs] 
2011-02-12T05:07:47.447+0000: 17356.767: [GC
Desired survivor size 25559040 bytes, new threshold 1 (max 15)
 [PSYoungGen: 2756660K->9568K(2771200K)] 5070003K->2323486K(8363648K), 0.0306410 secs] [Times: user=0.18 sys=0.01, real=0.03 secs] 
2011-02-12T05:07:53.482+0000: 17362.801: [GC
Desired survivor size 25690112 bytes, new threshold 1 (max 15)
 [PSYoungGen: 2755744K->8160K(2754368K)] 5069662K->2322650K(8346816K), 0.0279920 secs] [Times: user=0.17 sys=0.02, real=0.03 secs] 
2011-02-12T05:07:59.509+0000: 17368.828: [GC
Desired survivor size 24641536 bytes, new threshold 1 (max 15)
 [PSYoungGen: 2754336K->14368K(2772096K)] 5068826K->2329374K(8364544K), 0.0355390 secs] [Times: user=0.22 sys=0.02, real=0.04 secs] 
2011-02-12T05:08:04.332+0000: 17373.652: [GC
Desired survivor size 24444928 bytes, new threshold 1 (max 15)
 [PSYoungGen: 2761376K->9562K(2771072K)] 5076382K->2325104K(8363520K), 0.0297000 secs] [Times: user=0.17 sys=0.03, real=0.03 secs] 
2011-02-12T05:08:09.508+0000: 17378.828: [GC
Desired survivor size 23461888 bytes, new threshold 1 (max 15)
 [PSYoungGen: 2756570K->13151K(2773248K)] 5072112K->2329347K(8365696K), 0.0348480 secs] [Times: user=0.21 sys=0.02, real=0.03 secs] 
2011-02-12T05:08:15.828+0000: 17385.147: [GC
Desired survivor size 23855104 bytes, new threshold 1 (max 15)
 [PSYoungGen: 2762527K->5936K(2772288K)] 5078723K->2322580K(8364736K), 0.0263490 secs] [Times: user=0.13 sys=0.01, real=0.02 secs] 
2011-02-12T05:08:21.873+0000: 17391.193: [GC
Desired survivor size 23724032 bytes, new threshold 1 (max 15)
 [PSYoungGen: 2755312K->15360K(2772992K)] 5071956K->2332704K(8365440K), 0.0374230 secs] [Times: user=0.22 sys=0.03, real=0.04 secs] 
2011-02-12T05:08:27.634+0000: 17396.953: [GC
Desired survivor size 23789568 bytes, new threshold 1 (max 15)
 [PSYoungGen: 2765056K->6880K(2772864K)] 5082400K->2324968K(8365312K), 0.0306140 secs] [Times: user=0.15 sys=0.02, real=0.03 secs] 
2011-02-12T05:08:33.259+0000: 17402.579: [GC
Desired survivor size 24576000 bytes, new threshold 1 (max 15)
 [PSYoungGen: 2756576K->17440K(2771392K)] 5074664K->2336108K(8363840K), 0.0379720 secs] [Times: user=0.24 sys=0.02, real=0.04 secs] 
2011-02-12T05:08:38.742+0000: 17408.061: [GC
Desired survivor size 24248320 bytes, new threshold 1 (max 15)
 [PSYoungGen: 2765600K->15072K(2772160K)] 5084268K->2334268K(8364608K), 0.0367620 secs] [Times: user=0.21 sys=0.01, real=0.04 secs] 
2011-02-12T05:08:44.156+0000: 17413.476: [GC
Desired survivor size 23920640 bytes, new threshold 1 (max 15)
 [PSYoungGen: 2763232K->8928K(2772800K)] 5082428K->2328672K(8365248K), 0.0299050 secs] [Times: user=0.17 sys=0.02, real=0.03 secs] 
2011-02-12T05:08:49.324+0000: 17418.644: [GC
Desired survivor size 25165824 bytes, new threshold 1 (max 15)
 [PSYoungGen: 2758048K->18880K(2768000K)] 5077792K->2339020K(8360448K), 0.0400850 secs] [Times: user=0.24 sys=0.02, real=0.04 secs] 
2011-02-12T05:08:54.261+0000: 17423.581: [GC
Desired survivor size 24379392 bytes, new threshold 1 (max 15)
 [PSYoungGen: 2768000K->14294K(2772352K)] 5088140K->2334854K(8364800K), 0.0343670 secs] [Times: user=0.20 sys=0.02, real=0.03 secs] 
2011-02-12T05:08:59.559+0000: 17428.879: [GC
Desired survivor size 25427968 bytes, new threshold 1 (max 15)
 [PSYoungGen: 2762070K->18992K(2766784K)] 5082630K->2340160K(8359232K), 0.0397020 secs] [Times: user=0.25 sys=0.02, real=0.04 secs] 
2011-02-12T05:09:04.490+0000: 17433.810: [GC
Desired survivor size 25100288 bytes, new threshold 1 (max 15)
 [PSYoungGen: 2766768K->16122K(2771648K)] 5087936K->2337864K(8364096K), 0.0386070 secs] [Times: user=0.22 sys=0.02, real=0.04 secs] 
2011-02-12T05:09:09.638+0000: 17438.958: [GC
Desired survivor size 24117248 bytes, new threshold 1 (max 15)
 [PSYoungGen: 2762938K->13992K(2771328K)] 5084680K->2336524K(8363776K), 0.0346900 secs] [Times: user=0.21 sys=0.02, real=0.04 secs] 
2011-02-12T05:09:15.356+0000: 17444.676: [GC
Desired survivor size 23396352 bytes, new threshold 1 (max 15)
 [PSYoungGen: 2760808K->12736K(2773312K)] 5083340K->2335727K(8365760K), 0.0328350 secs] [Times: user=0.21 sys=0.01, real=0.03 secs] 
2011-02-12T05:09:20.890+0000: 17450.210: [GC
Desired survivor size 23920640 bytes, new threshold 1 (max 15)
 [PSYoungGen: 2762496K->5952K(2772608K)] 5085487K->2329552K(8365056K), 0.0263150 secs] [Times: user=0.15 sys=0.01, real=0.03 secs] 
2011-02-12T05:09:26.728+0000: 17456.048: [GC
Desired survivor size 24117248 bytes, new threshold 1 (max 15)
 [PSYoungGen: 2755712K->16472K(2772416K)] 5079312K->2340828K(8364864K), 0.0365660 secs] [Times: user=0.22 sys=0.01, real=0.04 secs] 
2011-02-12T05:09:32.648+0000: 17461.967: [GC
Desired survivor size 23658496 bytes, new threshold 1 (max 15)
 [PSYoungGen: 2765528K->10218K(2772608K)] 5089884K->2335130K(8365056K), 0.0323880 secs] [Times: user=0.17 sys=0.02, real=0.03 secs] 
2011-02-12T05:09:37.827+0000: 17467.146: [GC
Desired survivor size 22675456 bytes, new threshold 1 (max 15)
 [PSYoungGen: 2759274K->13048K(2774016K)] 5084186K->2338572K(8366464K), 0.0355500 secs] [Times: user=0.21 sys=0.02, real=0.03 secs] 
2011-02-12T05:09:42.962+0000: 17472.281: [GC
Desired survivor size 21823488 bytes, new threshold 1 (max 15)
 [PSYoungGen: 2763960K->12830K(2773056K)] 5089484K->2338919K(8365504K), 0.0343430 secs] [Times: user=0.20 sys=0.02, real=0.04 secs] 
2011-02-12T05:09:48.344+0000: 17477.663: [GC
Desired survivor size 22544384 bytes, new threshold 1 (max 15)
 [PSYoungGen: 2763742K->4320K(2773440K)] 5089831K->2330856K(8365888K), 0.0256360 secs] [Times: user=0.13 sys=0.02, real=0.03 secs] 
2011-02-12T05:09:53.896+0000: 17483.216: [GC
Desired survivor size 22347776 bytes, new threshold 1 (max 15)
 [PSYoungGen: 2756448K->14400K(2774144K)] 5082984K->2341428K(8366592K), 0.0374660 secs] [Times: user=0.19 sys=0.02, real=0.04 secs] 
2011-02-12T05:09:58.841+0000: 17488.160: [GC
Desired survivor size 22020096 bytes, new threshold 1 (max 15)
 [PSYoungGen: 2766528K->14176K(2774656K)] 5093556K->2341645K(8367104K), 0.0349350 secs] [Times: user=0.20 sys=0.02, real=0.03 secs] 
2011-02-12T05:10:03.447+0000: 17492.767: [GC
Desired survivor size 21626880 bytes, new threshold 1 (max 15)
 [PSYoungGen: 2767008K->9786K(2774336K)] 5094477K->2337716K(8366784K), 0.0311950 secs] [Times: user=0.16 sys=0.02, real=0.04 secs] 
2011-02-12T05:10:07.988+0000: 17497.307: [GC
Desired survivor size 23855104 bytes, new threshold 1 (max 15)
 [PSYoungGen: 2762618K->20608K(2770688K)] 5090548K->2349284K(8363136K), 0.0440460 secs] [Times: user=0.25 sys=0.02, real=0.05 secs] 
2011-02-12T05:10:12.834+0000: 17502.154: [GC
Desired survivor size 24838144 bytes, new threshold 1 (max 15)
 [PSYoungGen: 2770176K->18432K(2768064K)] 5098852K->2347636K(8360512K), 0.0393880 secs] [Times: user=0.26 sys=0.01, real=0.04 secs] 
2011-02-12T05:10:17.698+0000: 17507.017: [GC
Desired survivor size 24313856 bytes, new threshold 1 (max 15)
 [PSYoungGen: 2768000K->15216K(2772416K)] 5097204K->2345048K(8364864K), 0.0358640 secs] [Times: user=0.22 sys=0.02, real=0.04 secs] 
2011-02-12T05:10:22.668+0000: 17511.988: [GC
Desired survivor size 25165824 bytes, new threshold 1 (max 15)
 [PSYoungGen: 2763376K->18876K(2767040K)] 5093208K->2349261K(8359488K), 0.0394570 secs] [Times: user=0.26 sys=0.02, real=0.04 secs] 
2011-02-12T05:10:27.983+0000: 17517.302: [GC
Desired survivor size 26476544 bytes, new threshold 1 (max 15)
 [PSYoungGen: 2767036K->20464K(2769024K)] 5097421K->2351388K(8361472K), 0.0404540 secs] [Times: user=0.26 sys=0.02, real=0.04 secs] 
2011-02-12T05:10:33.389+0000: 17522.709: [GC
Desired survivor size 25559040 bytes, new threshold 1 (max 15)
 [PSYoungGen: 2764912K->13824K(2770304K)] 5095836K->2345232K(8362752K), 0.0350030 secs] [Times: user=0.21 sys=0.02, real=0.04 secs] 
2011-02-12T05:10:38.932+0000: 17528.252: [GC
Desired survivor size 25427968 bytes, new threshold 1 (max 15)
 [PSYoungGen: 2758272K->9504K(2771328K)] 5089680K->2341408K(8363776K), 0.0320470 secs] [Times: user=0.15 sys=0.03, real=0.04 secs] 
2011-02-12T05:10:44.576+0000: 17533.896: [GC
Desired survivor size 26148864 bytes, new threshold 1 (max 15)
 [PSYoungGen: 2755872K->4064K(2750464K)] 5087776K->2336472K(8342912K), 0.0247340 secs] [Times: user=0.12 sys=0.01, real=0.02 secs] 
2011-02-12T05:10:49.400+0000: 17538.719: [GC
Desired survivor size 27394048 bytes, new threshold 1 (max 15)
 [PSYoungGen: 2750432K->19861K(2768192K)] 5082840K->2352950K(8360640K), 0.0399390 secs] [Times: user=0.26 sys=0.02, real=0.04 secs] 
2011-02-12T05:10:54.836+0000: 17544.156: [GC
Desired survivor size 26935296 bytes, new threshold 1 (max 15)
 [PSYoungGen: 2762517K->9248K(2769408K)] 5095606K->2342752K(8361856K), 0.0313560 secs] [Times: user=0.17 sys=0.01, real=0.03 secs] 
2011-02-12T05:10:59.897+0000: 17549.217: [GC
Desired survivor size 25755648 bytes, new threshold 1 (max 15)
 [PSYoungGen: 2751904K->13920K(2771008K)] 5085408K->2347901K(8363456K), 0.0345680 secs] [Times: user=0.20 sys=0.02, real=0.03 secs] 
2011-02-12T05:11:04.737+0000: 17554.057: [GC
Desired survivor size 25231360 bytes, new threshold 1 (max 15)
 [PSYoungGen: 2758624K->9978K(2769856K)] 5092605K->2344683K(8362304K), 0.0309970 secs] [Times: user=0.17 sys=0.02, real=0.03 secs] 
2011-02-12T05:11:09.799+0000: 17559.119: [GC
Desired survivor size 24117248 bytes, new threshold 1 (max 15)
 [PSYoungGen: 2754682K->12828K(2772608K)] 5089387K->2348219K(8365056K), 0.0351180 secs] [Times: user=0.19 sys=0.02, real=0.03 secs] 
2011-02-12T05:11:15.432+0000: 17564.752: [GC
Desired survivor size 24248320 bytes, new threshold 1 (max 15)
 [PSYoungGen: 2760796K->6288K(2771520K)] 5096187K->2342211K(8363968K), 0.0282630 secs] [Times: user=0.14 sys=0.02, real=0.03 secs] 
2011-02-12T05:11:21.231+0000: 17570.551: [GC
Desired survivor size 24313856 bytes, new threshold 1 (max 15)
 [PSYoungGen: 2754256K->5488K(2772352K)] 5090179K->2342043K(8364800K), 0.0256920 secs] [Times: user=0.14 sys=0.02, real=0.02 secs] 
2011-02-12T05:11:26.870+0000: 17576.189: [GC
Desired survivor size 24772608 bytes, new threshold 1 (max 15)
 [PSYoungGen: 2754160K->16192K(2764864K)] 5090715K->2353531K(8357312K), 0.0360840 secs] [Times: user=0.23 sys=0.02, real=0.03 secs] 
2011-02-12T05:11:33.017+0000: 17582.337: [GC
Desired survivor size 25886720 bytes, new threshold 1 (max 15)
 [PSYoungGen: 2764864K->18400K(2769792K)] 5102203K->2356159K(8362240K), 0.0401860 secs] [Times: user=0.23 sys=0.03, real=0.04 secs] 
2011-02-12T05:11:38.941+0000: 17588.261: [GC
Desired survivor size 25624576 bytes, new threshold 1 (max 15)
 [PSYoungGen: 2764000K->6976K(2770880K)] 5101759K->2345139K(8363328K), 0.0268620 secs] [Times: user=0.16 sys=0.01, real=0.02 secs] 
2011-02-12T05:11:44.477+0000: 17593.796: [GC
Desired survivor size 26935296 bytes, new threshold 1 (max 15)
 [PSYoungGen: 2752576K->19072K(2768576K)] 5090739K->2357716K(8361024K), 0.0412590 secs] [Times: user=0.25 sys=0.02, real=0.04 secs] 
2011-02-12T05:11:50.215+0000: 17599.535: [GC
Desired survivor size 26935296 bytes, new threshold 1 (max 15)
 [PSYoungGen: 2762624K->16512K(2769856K)] 5101268K->2355668K(8362304K), 0.0379960 secs] [Times: user=0.25 sys=0.02, real=0.04 secs] 
2011-02-12T05:11:56.110+0000: 17605.430: [GC
Desired survivor size 26869760 bytes, new threshold 1 (max 15)
 [PSYoungGen: 2760064K->16607K(2769920K)] 5099220K->2356355K(8362368K), 0.0395970 secs] [Times: user=0.24 sys=0.02, real=0.04 secs] 
2011-02-12T05:12:01.852+0000: 17611.172: [GC
Desired survivor size 25952256 bytes, new threshold 1 (max 15)
 [PSYoungGen: 2760223K->11361K(2769856K)] 5099971K->2351729K(8362304K), 0.0323620 secs] [Times: user=0.19 sys=0.02, real=0.04 secs] 
2011-02-12T05:12:07.073+0000: 17616.392: [GC
Desired survivor size 25362432 bytes, new threshold 1 (max 15)
 [PSYoungGen: 2754977K->15120K(2771392K)] 5095345K->2356106K(8363840K), 0.0367810 secs] [Times: user=0.21 sys=0.02, real=0.04 secs] 
2011-02-12T05:12:13.081+0000: 17622.400: [GC
Desired survivor size 24248320 bytes, new threshold 1 (max 15)
 [PSYoungGen: 2761168K->13544K(2770816K)] 5102154K->2355066K(8363264K), 0.0345440 secs] [Times: user=0.19 sys=0.02, real=0.04 secs] 
2011-02-12T05:12:19.197+0000: 17628.516: [GC
Desired survivor size 24641536 bytes, new threshold 1 (max 15)
 [PSYoungGen: 2759592K->17318K(2771712K)] 5101114K->2359435K(8364160K), 0.0389190 secs] [Times: user=0.23 sys=0.02, real=0.04 secs] 
2011-02-12T05:12:24.886+0000: 17634.205: [GC
Desired survivor size 24838144 bytes, new threshold 1 (max 15)
 [PSYoungGen: 2765350K->17216K(2765312K)] 5107467K->2360080K(8357760K), 0.0376580 secs] [Times: user=0.24 sys=0.01, real=0.04 secs] 
2011-02-12T05:12:30.400+0000: 17639.720: [GC
Desired survivor size 24641536 bytes, new threshold 1 (max 15)
 [PSYoungGen: 2765248K->9543K(2772096K)] 5108112K->2353039K(8364544K), 0.0309750 secs] [Times: user=0.19 sys=0.02, real=0.03 secs] 
2011-02-12T05:12:35.769+0000: 17645.089: [GC
Desired survivor size 25100288 bytes, new threshold 1 (max 15)
 [PSYoungGen: 2757383K->17850K(2765696K)] 5100879K->2361927K(8358144K), 0.0405560 secs] [Times: user=0.21 sys=0.02, real=0.04 secs] 
2011-02-12T05:12:40.820+0000: 17650.140: [GC
Desired survivor size 24838144 bytes, new threshold 1 (max 15)
 [PSYoungGen: 2765690K->16160K(2771904K)] 5109767K->2360684K(8364352K), 0.0366410 secs] [Times: user=0.22 sys=0.01, real=0.03 secs] 
2011-02-12T05:12:45.524+0000: 17654.843: [GC
Desired survivor size 24838144 bytes, new threshold 1 (max 15)
 [PSYoungGen: 2763552K->17184K(2771648K)] 5108076K->2362112K(8364096K), 0.0374860 secs] [Times: user=0.23 sys=0.02, real=0.04 secs] 
2011-02-12T05:12:49.774+0000: 17659.094: [GC
Desired survivor size 27721728 bytes, new threshold 1 (max 15)
 [PSYoungGen: 2764576K->24224K(2766272K)] 5109504K->2369685K(8358720K), 0.0461550 secs] [Times: user=0.26 sys=0.02, real=0.05 secs] 
2011-02-12T05:12:54.864+0000: 17664.184: [GC
Desired survivor size 28377088 bytes, new threshold 1 (max 15)
 [PSYoungGen: 2766240K->5056K(2747072K)] 5111701K->2350996K(8339520K), 0.0263580 secs] [Times: user=0.13 sys=0.01, real=0.03 secs] 
2011-02-12T05:13:00.649+0000: 17669.969: [GC
Desired survivor size 28508160 bytes, new threshold 1 (max 15)
 [PSYoungGen: 2747072K->18497K(2768192K)] 5093012K->2364906K(8360640K), 0.0399590 secs] [Times: user=0.24 sys=0.03, real=0.04 secs] 
2011-02-12T05:13:05.703+0000: 17675.022: [GC
Desired survivor size 28508160 bytes, new threshold 1 (max 15)
 [PSYoungGen: 2758977K->7396K(2768320K)] 5105386K->2354479K(8360768K), 0.0302760 secs] [Times: user=0.16 sys=0.02, real=0.03 secs] 
2011-02-12T05:13:11.303+0000: 17680.622: [GC
Desired survivor size 27656192 bytes, new threshold 1 (max 15)
 [PSYoungGen: 2747876K->15536K(2769152K)] 5094959K->2363219K(8361600K), 0.0373880 secs] [Times: user=0.22 sys=0.03, real=0.03 secs] 
2011-02-12T05:13:16.716+0000: 17686.036: [GC
Desired survivor size 27852800 bytes, new threshold 1 (max 15)
 [PSYoungGen: 2756848K->5903K(2768320K)] 5104531K->2354070K(8360768K), 0.0266830 secs] [Times: user=0.14 sys=0.01, real=0.03 secs] 
2011-02-12T05:13:22.252+0000: 17691.572: [GC
Desired survivor size 26935296 bytes, new threshold 1 (max 15)
 [PSYoungGen: 2747215K->14816K(2769856K)] 5095382K->2363551K(8362304K), 0.0369130 secs] [Times: user=0.20 sys=0.02, real=0.04 secs] 
2011-02-12T05:13:28.170+0000: 17697.489: [GC
Desired survivor size 28114944 bytes, new threshold 1 (max 15)
 [PSYoungGen: 2757472K->20252K(2762944K)] 5106207K->2369688K(8355392K), 0.0399200 secs] [Times: user=0.27 sys=0.01, real=0.04 secs] 
2011-02-12T05:13:34.081+0000: 17703.400: [GC
Desired survivor size 28573696 bytes, new threshold 1 (max 15)
 [PSYoungGen: 2762908K->4000K(2767808K)] 5112344K->2353968K(8360256K), 0.0259300 secs] [Times: user=0.15 sys=0.03, real=0.03 secs] 
2011-02-12T05:13:39.381+0000: 17708.701: [GC
Desired survivor size 27262976 bytes, new threshold 1 (max 15)
 [PSYoungGen: 2744352K->12192K(2768256K)] 5094320K->2362704K(8360704K), 0.0344510 secs] [Times: user=0.20 sys=0.02, real=0.04 secs] 
2011-02-12T05:13:45.393+0000: 17714.713: [GC
Desired survivor size 26345472 bytes, new threshold 1 (max 15)
 [PSYoungGen: 2752544K->10560K(2770432K)] 5103056K->2361524K(8362880K), 0.0297010 secs] [Times: user=0.19 sys=0.01, real=0.03 secs] 
2011-02-12T05:13:51.447+0000: 17720.766: [GC
Desired survivor size 25624576 bytes, new threshold 1 (max 15)
 [PSYoungGen: 2754368K->14424K(2769536K)] 5105332K->2365880K(8361984K), 0.0368150 secs] [Times: user=0.21 sys=0.03, real=0.03 secs] 
2011-02-12T05:13:57.523+0000: 17726.842: [GC
Desired survivor size 25231360 bytes, new threshold 1 (max 15)
 [PSYoungGen: 2758232K->15328K(2771520K)] 5109688K->2367280K(8363968K), 0.0365770 secs] [Times: user=0.23 sys=0.02, real=0.04 secs] 
2011-02-12T05:14:02.950+0000: 17732.269: [GC
Desired survivor size 25231360 bytes, new threshold 1 (max 15)
 [PSYoungGen: 2761824K->6746K(2771136K)] 5113776K->2359126K(8363584K), 0.0270930 secs] [Times: user=0.15 sys=0.02, real=0.03 secs] 
2011-02-12T05:14:08.744+0000: 17738.063: [GC
Desired survivor size 25493504 bytes, new threshold 1 (max 15)
 [PSYoungGen: 2753242K->4256K(2771008K)] 5105622K->2357386K(8363456K), 0.0239090 secs] [Times: user=0.13 sys=0.02, real=0.03 secs] 
2011-02-12T05:14:14.487+0000: 17743.806: [GC
Desired survivor size 25296896 bytes, new threshold 1 (max 15)
 [PSYoungGen: 2750624K->14864K(2771264K)] 5103754K->2368559K(8363712K), 0.0351270 secs] [Times: user=0.23 sys=0.02, real=0.04 secs] 
2011-02-12T05:14:20.272+0000: 17749.592: [GC
Desired survivor size 25362432 bytes, new threshold 1 (max 15)
 [PSYoungGen: 2761232K->4304K(2771328K)] 5114927K->2358659K(8363776K), 0.0260860 secs] [Times: user=0.12 sys=0.01, real=0.02 secs] 
2011-02-12T05:14:26.240+0000: 17755.560: [GC
Desired survivor size 25231360 bytes, new threshold 1 (max 15)
 [PSYoungGen: 2750928K->4160K(2771392K)] 5105283K->2359203K(8363840K), 0.0240810 secs] [Times: user=0.12 sys=0.01, real=0.03 secs] 
2011-02-12T05:14:32.453+0000: 17761.773: [GC
Desired survivor size 24444928 bytes, new threshold 1 (max 15)
 [PSYoungGen: 2750784K->7072K(2772288K)] 5105827K->2362583K(8364736K), 0.0278360 secs] [Times: user=0.15 sys=0.02, real=0.03 secs] 
2011-02-12T05:14:38.558+0000: 17767.877: [GC
Desired survivor size 23134208 bytes, new threshold 1 (max 15)
 [PSYoungGen: 2754720K->9472K(2771520K)] 5110231K->2365411K(8363968K), 0.0311350 secs] [Times: user=0.18 sys=0.02, real=0.03 secs] 
2011-02-12T05:14:44.787+0000: 17774.107: [GC
Desired survivor size 23527424 bytes, new threshold 1 (max 15)
 [PSYoungGen: 2757120K->14530K(2772800K)] 5113059K->2371073K(8365248K), 0.0347800 secs] [Times: user=0.21 sys=0.02, real=0.03 secs] 
2011-02-12T05:14:50.906+0000: 17780.226: [GC
Desired survivor size 24182784 bytes, new threshold 1 (max 15)
 [PSYoungGen: 2764738K->15584K(2765824K)] 5121281K->2372779K(8358272K), 0.0371180 secs] [Times: user=0.22 sys=0.02, real=0.03 secs] 
2011-02-12T05:14:57.173+0000: 17786.493: [GC
Desired survivor size 23461888 bytes, new threshold 1 (max 15)
 [PSYoungGen: 2765792K->8000K(2773248K)] 5122987K->2365667K(8365696K), 0.0292890 secs] [Times: user=0.17 sys=0.02, real=0.03 secs] 
2011-02-12T05:15:02.605+0000: 17791.925: [GC
Desired survivor size 25231360 bytes, new threshold 1 (max 15)
 [PSYoungGen: 2757632K->18809K(2768448K)] 5115299K->2377053K(8360896K), 0.0408340 secs] [Times: user=0.25 sys=0.02, real=0.04 secs] 
2011-02-12T05:15:07.779+0000: 17797.099: [GC
Desired survivor size 24444928 bytes, new threshold 1 (max 15)
 [PSYoungGen: 2768441K->8608K(2772288K)] 5126685K->2367533K(8364736K), 0.0311270 secs] [Times: user=0.17 sys=0.02, real=0.03 secs] 
2011-02-12T05:15:13.118+0000: 17802.438: [GC
Desired survivor size 24641536 bytes, new threshold 1 (max 15)
 [PSYoungGen: 2756256K->15280K(2771520K)] 5115181K->2374749K(8363968K), 0.0369250 secs] [Times: user=0.22 sys=0.02, real=0.03 secs] 
2011-02-12T05:15:18.637+0000: 17807.957: [GC
Desired survivor size 23855104 bytes, new threshold 1 (max 15)
 [PSYoungGen: 2762928K->9072K(2772864K)] 5122397K->2369113K(8365312K), 0.0299060 secs] [Times: user=0.18 sys=0.02, real=0.03 secs] 
2011-02-12T05:15:24.379+0000: 17813.699: [GC
Desired survivor size 23724032 bytes, new threshold 1 (max 15)
 [PSYoungGen: 2757872K->5283K(2772096K)] 5117913K->2366065K(8364544K), 0.0259180 secs] [Times: user=0.13 sys=0.02, real=0.02 secs] 
2011-02-12T05:15:30.126+0000: 17819.445: [GC
Desired survivor size 23461888 bytes, new threshold 1 (max 15)
 [PSYoungGen: 2754083K->5056K(2773248K)] 5114865K->2366533K(8365696K), 0.0259310 secs] [Times: user=0.14 sys=0.02, real=0.03 secs] 
2011-02-12T05:15:36.008+0000: 17825.328: [GC
Desired survivor size 25362432 bytes, new threshold 1 (max 15)
 [PSYoungGen: 2755136K->18656K(2768768K)] 5116613K->2380609K(8361216K), 0.0398410 secs] [Times: user=0.25 sys=0.02, real=0.04 secs] 
2011-02-12T05:15:41.410+0000: 17830.729: [GC
Desired survivor size 24051712 bytes, new threshold 1 (max 15)
 [PSYoungGen: 2768736K->10590K(2772672K)] 5130689K->2373011K(8365120K), 0.0311910 secs] [Times: user=0.19 sys=0.03, real=0.03 secs] 
2011-02-12T05:15:47.176+0000: 17836.495: [GC
Desired survivor size 23527424 bytes, new threshold 1 (max 15)
 [PSYoungGen: 2758494K->6592K(2771392K)] 5120915K->2369501K(8363840K), 0.0292300 secs] [Times: user=0.14 sys=0.02, real=0.03 secs] 
2011-02-12T05:15:52.892+0000: 17842.212: [GC
Desired survivor size 23265280 bytes, new threshold 1 (max 15)
 [PSYoungGen: 2754496K->4736K(2773440K)] 5117405K->2368193K(8365888K), 0.0256370 secs] [Times: user=0.14 sys=0.02, real=0.02 secs] 
2011-02-12T05:15:58.842+0000: 17848.162: [GC
Desired survivor size 22806528 bytes, new threshold 1 (max 15)
 [PSYoungGen: 2755200K->5216K(2773184K)] 5118657K->2369173K(8365632K), 0.0265980 secs] [Times: user=0.14 sys=0.01, real=0.02 secs] 
2011-02-12T05:16:04.023+0000: 17853.343: [GC
Desired survivor size 22085632 bytes, new threshold 1 (max 15)
 [PSYoungGen: 2755680K->11066K(2774592K)] 5119637K->2375539K(8367040K), 0.0306940 secs] [Times: user=0.18 sys=0.03, real=0.03 secs] 
2011-02-12T05:16:09.484+0000: 17858.804: [GC
Desired survivor size 22675456 bytes, new threshold 1 (max 15)
 [PSYoungGen: 2763386K->14464K(2773888K)] 5127859K->2379667K(8366336K), 0.0382260 secs] [Times: user=0.21 sys=0.02, real=0.03 secs] 
2011-02-12T05:16:15.534+0000: 17864.853: [GC
Desired survivor size 24051712 bytes, new threshold 1 (max 15)
 [PSYoungGen: 2766784K->16944K(2771328K)] 5131987K->2382611K(8363776K), 0.0421970 secs] [Times: user=0.25 sys=0.03, real=0.05 secs] 
2011-02-12T05:16:21.184+0000: 17870.504: [GC
Desired survivor size 23855104 bytes, new threshold 1 (max 15)
 [PSYoungGen: 2766128K->13693K(2772672K)] 5131795K->2379885K(8365120K), 0.0365970 secs] [Times: user=0.20 sys=0.01, real=0.03 secs] 
2011-02-12T05:16:27.135+0000: 17876.454: [GC
Desired survivor size 24576000 bytes, new threshold 1 (max 15)
 [PSYoungGen: 2762877K->16288K(2771456K)] 5129069K->2383291K(8363904K), 0.0380730 secs] [Times: user=0.21 sys=0.03, real=0.04 secs] 
2011-02-12T05:16:33.340+0000: 17882.660: [GC
Desired survivor size 24707072 bytes, new threshold 1 (max 15)
 [PSYoungGen: 2764448K->3456K(2751616K)] 5131451K->2370999K(8344064K), 0.0237270 secs] [Times: user=0.13 sys=0.01, real=0.02 secs] 
2011-02-12T05:16:39.807+0000: 17889.127: [GC
Desired survivor size 23592960 bytes, new threshold 1 (max 15)
 [PSYoungGen: 2751616K->9632K(2773120K)] 5119159K->2377771K(8365568K), 0.0341940 secs] [Times: user=0.18 sys=0.01, real=0.03 secs] 
2011-02-12T05:16:46.400+0000: 17895.720: [GC
Desired survivor size 22937600 bytes, new threshold 1 (max 15)
 [PSYoungGen: 2758624K->7200K(2772032K)] 5126763K->2375815K(8364480K), 0.0284460 secs] [Times: user=0.15 sys=0.02, real=0.03 secs] 
2011-02-12T05:16:52.101+0000: 17901.421: [GC
Desired survivor size 22609920 bytes, new threshold 1 (max 15)
 [PSYoungGen: 2756192K->5201K(2774080K)] 5124807K->2374373K(8366528K), 0.0243370 secs] [Times: user=0.14 sys=0.02, real=0.02 secs] 
2011-02-12T05:16:57.825+0000: 17907.145: [GC
Desired survivor size 24903680 bytes, new threshold 1 (max 15)
 [PSYoungGen: 2756881K->19174K(2770880K)] 5126053K->2388854K(8363328K), 0.0418980 secs] [Times: user=0.22 sys=0.02, real=0.04 secs] 
2011-02-12T05:17:02.972+0000: 17912.292: [GC
Desired survivor size 24248320 bytes, new threshold 1 (max 15)
 [PSYoungGen: 2770854K->6266K(2772480K)] 5140534K->2376577K(8364928K), 0.0281960 secs] [Times: user=0.13 sys=0.01, real=0.03 secs] 
2011-02-12T05:17:07.959+0000: 17917.279: [GC
Desired survivor size 23134208 bytes, new threshold 1 (max 15)
 [PSYoungGen: 2754426K->9085K(2771840K)] 5124737K->2380131K(8364288K), 0.0315210 secs] [Times: user=0.17 sys=0.03, real=0.04 secs] 
2011-02-12T05:17:13.246+0000: 17922.566: [GC
Desired survivor size 23134208 bytes, new threshold 1 (max 15)
 [PSYoungGen: 2757245K->13624K(2773568K)] 5128291K->2385146K(8366016K), 0.0341060 secs] [Times: user=0.21 sys=0.02, real=0.04 secs] 
2011-02-12T05:17:19.395+0000: 17928.715: [GC
Desired survivor size 24182784 bytes, new threshold 1 (max 15)
 [PSYoungGen: 2764600K->16432K(2767424K)] 5136122K->2388606K(8359872K), 0.0387200 secs] [Times: user=0.24 sys=0.02, real=0.04 secs] 
2011-02-12T05:17:25.321+0000: 17934.641: [GC
Desired survivor size 25165824 bytes, new threshold 1 (max 15)
 [PSYoungGen: 2767408K->17116K(2770624K)] 5139582K->2389990K(8363072K), 0.0373970 secs] [Times: user=0.24 sys=0.02, real=0.04 secs] 
2011-02-12T05:17:30.734+0000: 17940.054: [GC
Desired survivor size 26214400 bytes, new threshold 1 (max 15)
 [PSYoungGen: 2764124K->17984K(2764992K)] 5136998K->2391390K(8357440K), 0.0397030 secs] [Times: user=0.25 sys=0.01, real=0.04 secs] 
2011-02-12T05:17:36.468+0000: 17945.787: [GC
Desired survivor size 25690112 bytes, new threshold 1 (max 15)
 [PSYoungGen: 2764992K->14496K(2771072K)] 5138398K->2388390K(8363520K), 0.0347600 secs] [Times: user=0.21 sys=0.02, real=0.03 secs] 
2011-02-12T05:17:42.304+0000: 17951.624: [GC
Desired survivor size 24444928 bytes, new threshold 1 (max 15)
 [PSYoungGen: 2759968K->12160K(2770560K)] 5133862K->2386626K(8363008K), 0.0341150 secs] [Times: user=0.18 sys=0.02, real=0.03 secs] 
2011-02-12T05:17:47.766+0000: 17957.086: [GC
Desired survivor size 24510464 bytes, new threshold 1 (max 15)
 [PSYoungGen: 2757632K->5617K(2772160K)] 5132098K->2380668K(8364608K), 0.0261430 secs] [Times: user=0.13 sys=0.01, real=0.02 secs] 
2011-02-12T05:17:53.271+0000: 17962.591: [GC
Desired survivor size 24576000 bytes, new threshold 1 (max 15)
 [PSYoungGen: 2753905K->15213K(2763520K)] 5128956K->2390720K(8355968K), 0.0382270 secs] [Times: user=0.21 sys=0.02, real=0.04 secs] 
2011-02-12T05:17:58.442+0000: 17967.762: [GC
Desired survivor size 24182784 bytes, new threshold 1 (max 15)
 [PSYoungGen: 2763501K->7268K(2772544K)] 5139008K->2383217K(8364992K), 0.0279030 secs] [Times: user=0.14 sys=0.02, real=0.03 secs] 
2011-02-12T05:18:03.307+0000: 17972.626: [GC
Desired survivor size 23920640 bytes, new threshold 1 (max 15)
 [PSYoungGen: 2755812K->6234K(2772160K)] 5131761K->2382799K(8364608K), 0.0288720 secs] [Times: user=0.14 sys=0.01, real=0.03 secs] 
2011-02-12T05:18:08.426+0000: 17977.746: [GC
Desired survivor size 22937600 bytes, new threshold 1 (max 15)
 [PSYoungGen: 2754778K->9600K(2773760K)] 5131343K->2386835K(8366208K), 0.0320800 secs] [Times: user=0.18 sys=0.01, real=0.04 secs] 
2011-02-12T05:18:13.582+0000: 17982.901: [GC
Desired survivor size 22806528 bytes, new threshold 1 (max 15)
 [PSYoungGen: 2760000K->13638K(2772800K)] 5137235K->2391390K(8365248K), 0.0349010 secs] [Times: user=0.20 sys=0.02, real=0.03 secs] 
2011-02-12T05:18:18.979+0000: 17988.299: [GC
Desired survivor size 22413312 bytes, new threshold 1 (max 15)
 [PSYoungGen: 2764038K->6910K(2774272K)] 5141790K->2385335K(8366720K), 0.0261970 secs] [Times: user=0.15 sys=0.02, real=0.02 secs] 
2011-02-12T05:18:25.144+0000: 17994.464: [GC
Desired survivor size 21823488 bytes, new threshold 1 (max 15)
 [PSYoungGen: 2758910K->7664K(2773888K)] 5137335K->2386808K(8366336K), 0.0281020 secs] [Times: user=0.16 sys=0.01, real=0.03 secs] 
2011-02-12T05:18:30.997+0000: 18000.317: [GC
Desired survivor size 21495808 bytes, new threshold 1 (max 15)
 [PSYoungGen: 2759664K->6208K(2775168K)] 5138808K->2385856K(8367616K), 0.0278550 secs] [Times: user=0.14 sys=0.02, real=0.03 secs] 
2011-02-12T05:18:36.901+0000: 18006.220: [GC
Desired survivor size 20971520 bytes, new threshold 1 (max 15)
 [PSYoungGen: 2760064K->6688K(2774848K)] 5139712K->2386772K(8367296K), 0.0286850 secs] [Times: user=0.14 sys=0.02, real=0.03 secs] 
2011-02-12T05:18:42.959+0000: 18012.279: [GC
Desired survivor size 20250624 bytes, new threshold 1 (max 15)
 [PSYoungGen: 2760544K->10720K(2776384K)] 5140628K->2391244K(8368832K), 0.0306070 secs] [Times: user=0.19 sys=0.02, real=0.03 secs] 
2011-02-12T05:18:48.994+0000: 18018.314: [GC
Desired survivor size 20250624 bytes, new threshold 1 (max 15)
 [PSYoungGen: 2766624K->12544K(2775680K)] 5147148K->2393648K(8368128K), 0.0323620 secs] [Times: user=0.18 sys=0.01, real=0.03 secs] 
2011-02-12T05:18:55.012+0000: 18024.332: [GC
Desired survivor size 20316160 bytes, new threshold 1 (max 15)
 [PSYoungGen: 2768448K->12896K(2776256K)] 5149552K->2394552K(8368704K), 0.0348970 secs] [Times: user=0.20 sys=0.01, real=0.04 secs] 
2011-02-12T05:19:01.012+0000: 18030.332: [GC
Desired survivor size 21299200 bytes, new threshold 1 (max 15)
 [PSYoungGen: 2769376K->15522K(2772032K)] 5151032K->2397787K(8364480K), 0.0366820 secs] [Times: user=0.22 sys=0.03, real=0.04 secs] 
2011-02-12T05:19:06.183+0000: 18035.503: [GC
Desired survivor size 24379392 bytes, new threshold 1 (max 15)
 [PSYoungGen: 2772002K->20784K(2769344K)] 5154267K->2404026K(8361792K), 0.0437130 secs] [Times: user=0.27 sys=0.02, real=0.05 secs] 
2011-02-12T05:19:11.932+0000: 18041.251: [GC
Desired survivor size 23330816 bytes, new threshold 1 (max 15)
 [PSYoungGen: 2769328K->12416K(2772352K)] 5152570K->2396194K(8364800K), 0.0342680 secs] [Times: user=0.19 sys=0.01, real=0.04 secs] 
2011-02-12T05:19:17.547+0000: 18046.866: [GC
Desired survivor size 22740992 bytes, new threshold 1 (max 15)
 [PSYoungGen: 2760960K->9248K(2773952K)] 5144738K->2393462K(8366400K), 0.0320270 secs] [Times: user=0.17 sys=0.02, real=0.03 secs] 
2011-02-12T05:19:23.034+0000: 18052.354: [GC
Desired survivor size 22675456 bytes, new threshold 1 (max 15)
 [PSYoungGen: 2760416K->5888K(2773376K)] 5144630K->2390919K(8365824K), 0.0282120 secs] [Times: user=0.14 sys=0.02, real=0.03 secs] 
2011-02-12T05:19:28.599+0000: 18057.918: [GC
Desired survivor size 22675456 bytes, new threshold 1 (max 15)
 [PSYoungGen: 2757056K->14144K(2774016K)] 5142087K->2399855K(8366464K), 0.0375870 secs] [Times: user=0.20 sys=0.01, real=0.03 secs] 
2011-02-12T05:19:34.632+0000: 18063.952: [GC
Desired survivor size 23199744 bytes, new threshold 1 (max 15)
 [PSYoungGen: 2766016K->15616K(2767488K)] 5151727K->2401835K(8359936K), 0.0360400 secs] [Times: user=0.23 sys=0.02, real=0.04 secs] 
2011-02-12T05:19:40.139+0000: 18069.458: [GC
Desired survivor size 22413312 bytes, new threshold 1 (max 15)
 [PSYoungGen: 2767488K->9898K(2774272K)] 5153707K->2396569K(8366720K), 0.0293440 secs] [Times: user=0.17 sys=0.02, real=0.03 secs] 
2011-02-12T05:19:45.439+0000: 18074.759: [GC
Desired survivor size 22544384 bytes, new threshold 1 (max 15)
 [PSYoungGen: 2761514K->14720K(2773504K)] 5148185K->2401902K(8365952K), 0.0364090 secs] [Times: user=0.22 sys=0.02, real=0.03 secs] 
2011-02-12T05:19:50.523+0000: 18079.843: [GC
Desired survivor size 24313856 bytes, new threshold 1 (max 15)
 [PSYoungGen: 2766336K->19412K(2770688K)] 5153518K->2406974K(8363136K), 0.0393010 secs] [Times: user=0.26 sys=0.02, real=0.04 secs] 
2011-02-12T05:19:55.823+0000: 18085.142: [GC
Desired survivor size 24444928 bytes, new threshold 1 (max 15)
 [PSYoungGen: 2768084K->5440K(2754112K)] 5155646K->2393458K(8346560K), 0.0260550 secs] [Times: user=0.14 sys=0.02, real=0.02 secs] 
2011-02-12T05:20:01.145+0000: 18090.465: [GC
Desired survivor size 23986176 bytes, new threshold 1 (max 15)
 [PSYoungGen: 2754112K->13986K(2772736K)] 5142130K->2402532K(8365184K), 0.0341800 secs] [Times: user=0.21 sys=0.01, real=0.03 secs] 
2011-02-12T05:20:06.070+0000: 18095.390: [GC
Desired survivor size 23724032 bytes, new threshold 1 (max 15)
 [PSYoungGen: 2762850K->14456K(2772288K)] 5151396K->2403700K(8364736K), 0.0353000 secs] [Times: user=0.22 sys=0.02, real=0.04 secs] 
2011-02-12T05:20:11.239+0000: 18100.559: [GC
Desired survivor size 24641536 bytes, new threshold 1 (max 15)
 [PSYoungGen: 2763320K->17824K(2771200K)] 5152564K->2407632K(8363648K), 0.0399780 secs] [Times: user=0.25 sys=0.02, real=0.04 secs] 
2011-02-12T05:20:16.522+0000: 18105.842: [GC
Desired survivor size 24510464 bytes, new threshold 1 (max 15)
 [PSYoungGen: 2765856K->7472K(2772096K)] 5155664K->2397788K(8364544K), 0.0288300 secs] [Times: user=0.15 sys=0.01, real=0.03 secs] 
2011-02-12T05:20:21.668+0000: 18110.988: [GC
Desired survivor size 23527424 bytes, new threshold 1 (max 15)
 [PSYoungGen: 2755504K->12960K(2773184K)] 5145820K->2403800K(8365632K), 0.0339170 secs] [Times: user=0.20 sys=0.02, real=0.03 secs] 
2011-02-12T05:20:26.912+0000: 18116.232: [GC
Desired survivor size 23920640 bytes, new threshold 1 (max 15)
 [PSYoungGen: 2762208K->16416K(2772224K)] 5153048K->2408033K(8364672K), 0.0403140 secs] [Times: user=0.22 sys=0.02, real=0.04 secs] 
2011-02-12T05:20:31.902+0000: 18121.222: [GC
Desired survivor size 24182784 bytes, new threshold 1 (max 15)
 [PSYoungGen: 2765664K->16255K(2772288K)] 5157281K->2408304K(8364736K), 0.0382080 secs] [Times: user=0.24 sys=0.01, real=0.04 secs] 
2011-02-12T05:20:37.010+0000: 18126.330: [GC
Desired survivor size 24641536 bytes, new threshold 1 (max 15)
 [PSYoungGen: 2765183K->4192K(2753152K)] 5157232K->2396657K(8345600K), 0.0251360 secs] [Times: user=0.13 sys=0.02, real=0.03 secs] 
2011-02-12T05:20:42.473+0000: 18131.793: [GC
Desired survivor size 24379392 bytes, new threshold 1 (max 15)
 [PSYoungGen: 2753120K->14688K(2772352K)] 5145585K->2407657K(8364800K), 0.0383270 secs] [Times: user=0.24 sys=0.01, real=0.04 secs] 
2011-02-12T05:20:47.918+0000: 18137.238: [GC
Desired survivor size 23986176 bytes, new threshold 1 (max 15)
 [PSYoungGen: 2762976K->8192K(2772096K)] 5155945K->2401637K(8364544K), 0.0300860 secs] [Times: user=0.16 sys=0.02, real=0.03 secs] 
2011-02-12T05:20:53.623+0000: 18142.942: [GC
Desired survivor size 22937600 bytes, new threshold 1 (max 15)
 [PSYoungGen: 2756480K->11314K(2773760K)] 5149925K->2405240K(8366208K), 0.0320710 secs] [Times: user=0.19 sys=0.01, real=0.03 secs] 
2011-02-12T05:20:59.562+0000: 18148.882: [GC
Desired survivor size 21954560 bytes, new threshold 1 (max 15)
 [PSYoungGen: 2761650K->12224K(2772736K)] 5155576K->2406477K(8365184K), 0.0352530 secs] [Times: user=0.21 sys=0.02, real=0.03 secs] 
2011-02-12T05:21:04.856+0000: 18154.176: [GC
Desired survivor size 23068672 bytes, new threshold 1 (max 15)
 [PSYoungGen: 2762560K->17562K(2772544K)] 5156813K->2412447K(8364992K), 0.0415690 secs] [Times: user=0.22 sys=0.02, real=0.04 secs] 
2011-02-12T05:21:10.424+0000: 18159.744: [GC
Desired survivor size 22413312 bytes, new threshold 1 (max 15)
 [PSYoungGen: 2768666K->10720K(2773632K)] 5163551K->2406367K(8366080K), 0.0324020 secs] [Times: user=0.18 sys=0.01, real=0.03 secs] 
2011-02-12T05:21:16.317+0000: 18165.637: [GC
Desired survivor size 21954560 bytes, new threshold 1 (max 15)
 [PSYoungGen: 2761824K->9424K(2774720K)] 5157471K->2405567K(8367168K), 0.0319120 secs] [Times: user=0.19 sys=0.02, real=0.03 secs] 
2011-02-12T05:21:22.564+0000: 18171.883: [GC
Desired survivor size 22216704 bytes, new threshold 1 (max 15)
 [PSYoungGen: 2762256K->15360K(2774272K)] 5158399K->2412035K(8366720K), 0.0392310 secs] [Times: user=0.20 sys=0.02, real=0.04 secs] 
2011-02-12T05:21:28.088+0000: 18177.408: [GC
Desired survivor size 22151168 bytes, new threshold 1 (max 15)
 [PSYoungGen: 2768192K->7392K(2774528K)] 5164867K->2404959K(8366976K), 0.0284320 secs] [Times: user=0.16 sys=0.03, real=0.03 secs] 
2011-02-12T05:21:33.631+0000: 18182.951: [GC
Desired survivor size 23855104 bytes, new threshold 1 (max 15)
 [PSYoungGen: 2760224K->18912K(2771776K)] 5157791K->2416879K(8364224K), 0.0406990 secs] [Times: user=0.26 sys=0.01, real=0.04 secs] 
2011-02-12T05:21:38.922+0000: 18188.242: [GC
Desired survivor size 23789568 bytes, new threshold 1 (max 15)
 [PSYoungGen: 2771744K->15424K(2772928K)] 5169711K->2413799K(8365376K), 0.0384150 secs] [Times: user=0.22 sys=0.02, real=0.04 secs] 
2011-02-12T05:21:44.311+0000: 18193.630: [GC
Desired survivor size 23789568 bytes, new threshold 1 (max 15)
 [PSYoungGen: 2765056K->6912K(2772864K)] 5163431K->2405763K(8365312K), 0.0277500 secs] [Times: user=0.14 sys=0.01, real=0.03 secs] 
2011-02-12T05:21:50.715+0000: 18200.034: [GC
Desired survivor size 22806528 bytes, new threshold 1 (max 15)
 [PSYoungGen: 2756544K->11680K(2773888K)] 5155395K->2410959K(8366336K), 0.0334180 secs] [Times: user=0.21 sys=0.02, real=0.04 secs] 
2011-02-12T05:21:56.962+0000: 18206.282: [GC
Desired survivor size 23527424 bytes, new threshold 1 (max 15)
 [PSYoungGen: 2762336K->16865K(2772928K)] 5161615K->2416777K(8365376K), 0.0385240 secs] [Times: user=0.23 sys=0.02, real=0.04 secs] 
2011-02-12T05:22:02.818+0000: 18212.138: [GC
Desired survivor size 23855104 bytes, new threshold 1 (max 15)
 [PSYoungGen: 2767521K->4658K(2772544K)] 5167433K->2405158K(8364992K), 0.0234870 secs] [Times: user=0.13 sys=0.00, real=0.02 secs] 
2011-02-12T05:22:08.686+0000: 18218.006: [GC
Desired survivor size 23855104 bytes, new threshold 1 (max 15)
 [PSYoungGen: 2754226K->14880K(2772864K)] 5154726K->2416094K(8365312K), 0.0377950 secs] [Times: user=0.23 sys=0.02, real=0.04 secs] 
2011-02-12T05:22:14.448+0000: 18223.768: [GC
Desired survivor size 23592960 bytes, new threshold 1 (max 15)
 [PSYoungGen: 2764448K->14576K(2773120K)] 5165662K->2416282K(8365568K), 0.0371770 secs] [Times: user=0.20 sys=0.01, real=0.03 secs] 
2011-02-12T05:22:20.674+0000: 18229.993: [GC
Desired survivor size 24576000 bytes, new threshold 1 (max 15)
 [PSYoungGen: 2764400K->17936K(2767808K)] 5166106K->2420310K(8360256K), 0.0398430 secs] [Times: user=0.24 sys=0.00, real=0.04 secs] 
2011-02-12T05:22:26.712+0000: 18236.031: [GC
Desired survivor size 25034752 bytes, new threshold 1 (max 15)
 [PSYoungGen: 2767760K->4144K(2771264K)] 5170134K->2407178K(8363712K), 0.0245190 secs] [Times: user=0.13 sys=0.02, real=0.02 secs] 
2011-02-12T05:22:32.848+0000: 18242.168: [GC
Desired survivor size 24641536 bytes, new threshold 1 (max 15)
 [PSYoungGen: 2751408K->7104K(2771712K)] 5154442K->2410734K(8364160K), 0.0306660 secs] [Times: user=0.14 sys=0.01, real=0.03 secs] 
2011-02-12T05:22:38.841+0000: 18248.160: [GC
Desired survivor size 23527424 bytes, new threshold 1 (max 15)
 [PSYoungGen: 2754368K->10464K(2773184K)] 5157998K->2414582K(8365632K), 0.0319220 secs] [Times: user=0.18 sys=0.02, real=0.03 secs] 
2011-02-12T05:22:45.082+0000: 18254.402: [GC
Desired survivor size 23330816 bytes, new threshold 1 (max 15)
 [PSYoungGen: 2759584K->14048K(2772096K)] 5163702K->2418690K(8364544K), 0.0352910 secs] [Times: user=0.21 sys=0.03, real=0.03 secs] 
2011-02-12T05:22:51.472+0000: 18260.791: [GC
Desired survivor size 23265280 bytes, new threshold 1 (max 15)
 [PSYoungGen: 2763168K->5760K(2773440K)] 5167810K->2410810K(8365888K), 0.0277980 secs] [Times: user=0.13 sys=0.01, real=0.03 secs] 
2011-02-12T05:22:57.099+0000: 18266.419: [GC
Desired survivor size 24182784 bytes, new threshold 1 (max 15)
 [PSYoungGen: 2756416K->16704K(2767360K)] 5161466K->2422266K(8359808K), 0.0407360 secs] [Times: user=0.23 sys=0.01, real=0.04 secs] 
2011-02-12T05:23:02.842+0000: 18272.162: [GC
Desired survivor size 23658496 bytes, new threshold 1 (max 15)
 [PSYoungGen: 2767360K->13498K(2773056K)] 5172922K->2419680K(8365504K), 0.0347690 secs] [Times: user=0.20 sys=0.01, real=0.04 secs] 
2011-02-12T05:23:08.697+0000: 18278.017: [GC
Desired survivor size 22872064 bytes, new threshold 1 (max 15)
 [PSYoungGen: 2762938K->9600K(2772544K)] 5169120K->2416512K(8364992K), 0.0296840 secs] [Times: user=0.18 sys=0.02, real=0.03 secs] 
2011-02-12T05:23:14.810+0000: 18284.130: [GC
Desired survivor size 22085632 bytes, new threshold 1 (max 15)
 [PSYoungGen: 2759040K->10112K(2774592K)] 5165952K->2417556K(8367040K), 0.0326480 secs] [Times: user=0.16 sys=0.02, real=0.03 secs] 
2011-02-12T05:23:20.900+0000: 18290.219: [GC
Desired survivor size 22282240 bytes, new threshold 1 (max 15)
 [PSYoungGen: 2762368K->14832K(2773824K)] 5169812K->2422753K(8366272K), 0.0387880 secs] [Times: user=0.21 sys=0.02, real=0.04 secs] 
2011-02-12T05:23:26.707+0000: 18296.027: [GC
Desired survivor size 22085632 bytes, new threshold 1 (max 15)
 [PSYoungGen: 2767088K->13936K(2774592K)] 5175009K->2422513K(8367040K), 0.0360530 secs] [Times: user=0.22 sys=0.02, real=0.03 secs] 
2011-02-12T05:23:32.504+0000: 18301.824: [GC
Desired survivor size 21168128 bytes, new threshold 1 (max 15)
 [PSYoungGen: 2766768K->12128K(2774400K)] 5175345K->2421437K(8366848K), 0.0329840 secs] [Times: user=0.20 sys=0.01, real=0.04 secs] 
2011-02-12T05:23:38.098+0000: 18307.418: [GC
Desired survivor size 20643840 bytes, new threshold 1 (max 15)
 [PSYoungGen: 2764960K->10048K(2776000K)] 5174269K->2419917K(8368448K), 0.0329990 secs] [Times: user=0.16 sys=0.02, real=0.04 secs] 
2011-02-12T05:23:43.589+0000: 18312.909: [GC
Desired survivor size 20316160 bytes, new threshold 1 (max 15)
 [PSYoungGen: 2765376K->8640K(2775488K)] 5175245K->2418965K(8367936K), 0.0308420 secs] [Times: user=0.19 sys=0.01, real=0.03 secs] 
2011-02-12T05:23:49.302+0000: 18318.621: [GC
Desired survivor size 19857408 bytes, new threshold 1 (max 15)
 [PSYoungGen: 2763968K->12448K(2776768K)] 5174293K->2423345K(8369216K), 0.0343300 secs] [Times: user=0.20 sys=0.02, real=0.03 secs] 
2011-02-12T05:23:54.895+0000: 18324.215: [GC
Desired survivor size 19398656 bytes, new threshold 1 (max 15)
 [PSYoungGen: 2769376K->9632K(2776320K)] 5180273K->2421045K(8368768K), 0.0313220 secs] [Times: user=0.17 sys=0.01, real=0.03 secs] 
2011-02-12T05:24:00.190+0000: 18329.510: [GC
Desired survivor size 20381696 bytes, new threshold 1 (max 15)
 [PSYoungGen: 2766560K->16130K(2775296K)] 5177973K->2427911K(8367744K), 0.0396850 secs] [Times: user=0.24 sys=0.03, real=0.04 secs] 
2011-02-12T05:24:05.237+0000: 18334.557: [GC
Desired survivor size 20774912 bytes, new threshold 1 (max 15)
 [PSYoungGen: 2772482K->5176K(2761536K)] 5184263K->2417659K(8353984K), 0.0289160 secs] [Times: user=0.14 sys=0.02, real=0.03 secs] 
2011-02-12T05:24:10.490+0000: 18339.809: [GC
Desired survivor size 20643840 bytes, new threshold 1 (max 15)
 [PSYoungGen: 2761528K->13280K(2776000K)] 5174011K->2426351K(8368448K), 0.0352130 secs] [Times: user=0.19 sys=0.01, real=0.04 secs] 
2011-02-12T05:24:15.905+0000: 18345.225: [GC
Desired survivor size 20774912 bytes, new threshold 1 (max 15)
 [PSYoungGen: 2768992K->5563K(2775872K)] 5182063K->2419123K(8368320K), 0.0264530 secs] [Times: user=0.13 sys=0.02, real=0.02 secs] 
2011-02-12T05:24:22.009+0000: 18351.328: [GC
Desired survivor size 20250624 bytes, new threshold 1 (max 15)
 [PSYoungGen: 2761275K->8112K(2776384K)] 5174835K->2422283K(8368832K), 0.0299990 secs] [Times: user=0.17 sys=0.02, real=0.03 secs] 
2011-02-12T05:24:28.053+0000: 18357.373: [GC
Desired survivor size 19660800 bytes, new threshold 1 (max 15)
 [PSYoungGen: 2764208K->8736K(2775872K)] 5178379K->2423644K(8368320K), 0.0302430 secs] [Times: user=0.17 sys=0.02, real=0.04 secs] 
2011-02-12T05:24:34.021+0000: 18363.341: [GC
Desired survivor size 18808832 bytes, new threshold 1 (max 15)
 [PSYoungGen: 2764832K->9856K(2777792K)] 5179740K->2425208K(8370240K), 0.0339760 secs] [Times: user=0.16 sys=0.01, real=0.04 secs] 
2011-02-12T05:24:40.109+0000: 18369.429: [GC
Desired survivor size 18743296 bytes, new threshold 1 (max 15)
 [PSYoungGen: 2768448K->12288K(2776960K)] 5183800K->2428222K(8369408K), 0.0329610 secs] [Times: user=0.19 sys=0.01, real=0.03 secs] 
2011-02-12T05:24:46.225+0000: 18375.545: [GC
Desired survivor size 19922944 bytes, new threshold 1 (max 15)
 [PSYoungGen: 2770880K->15664K(2775552K)] 5186814K->2432186K(8368000K), 0.0380430 secs] [Times: user=0.21 sys=0.01, real=0.04 secs] 
2011-02-12T05:24:52.471+0000: 18381.791: [GC
Desired survivor size 22151168 bytes, new threshold 1 (max 15)
 [PSYoungGen: 2772912K->19168K(2776448K)] 5189434K->2436338K(8368896K), 0.0397530 secs] [Times: user=0.26 sys=0.01, real=0.04 secs] 
2011-02-12T05:24:58.095+0000: 18387.415: [GC
Desired survivor size 21233664 bytes, new threshold 1 (max 15)
 [PSYoungGen: 2776416K->12192K(2774400K)] 5193586K->2429962K(8366848K), 0.0351260 secs] [Times: user=0.19 sys=0.01, real=0.04 secs] 
2011-02-12T05:25:03.492+0000: 18392.811: [GC
Desired survivor size 21299200 bytes, new threshold 1 (max 15)
 [PSYoungGen: 2766880K->6458K(2761152K)] 5184650K->2424588K(8353600K), 0.0270230 secs] [Times: user=0.13 sys=0.01, real=0.03 secs] 
2011-02-12T05:25:08.605+0000: 18397.925: [GC
Desired survivor size 20971520 bytes, new threshold 1 (max 15)
 [PSYoungGen: 2761146K->7712K(2775680K)] 5179276K->2426472K(8368128K), 0.0274370 secs] [Times: user=0.16 sys=0.01, real=0.03 secs] 
2011-02-12T05:25:13.829+0000: 18403.149: [GC
Desired survivor size 20643840 bytes, new threshold 1 (max 15)
 [PSYoungGen: 2762592K->12656K(2775360K)] 5181352K->2431808K(8367808K), 0.0366650 secs] [Times: user=0.18 sys=0.02, real=0.04 secs] 
2011-02-12T05:25:19.140+0000: 18408.460: [GC
Desired survivor size 20512768 bytes, new threshold 1 (max 15)
 [PSYoungGen: 2767536K->6512K(2776128K)] 5186688K->2426344K(8368576K), 0.0275920 secs] [Times: user=0.14 sys=0.01, real=0.02 secs] 
2011-02-12T05:25:24.715+0000: 18414.035: [GC
Desired survivor size 22216704 bytes, new threshold 1 (max 15)
 [PSYoungGen: 2762480K->17760K(2773760K)] 5182312K->2438280K(8366208K), 0.0405840 secs] [Times: user=0.24 sys=0.02, real=0.04 secs] 
2011-02-12T05:25:30.700+0000: 18420.020: [GC
Desired survivor size 24313856 bytes, new threshold 1 (max 15)
 [PSYoungGen: 2773728K->19697K(2770368K)] 5194248K->2440758K(8362816K), 0.0423270 secs] [Times: user=0.24 sys=0.01, real=0.05 secs] 
2011-02-12T05:25:35.979+0000: 18425.299: [GC
Desired survivor size 24182784 bytes, new threshold 1 (max 15)
 [PSYoungGen: 2768369K->6272K(2772416K)] 5189430K->2427820K(8364864K), 0.0295670 secs] [Times: user=0.14 sys=0.02, real=0.03 secs] 
2011-02-12T05:25:41.764+0000: 18431.083: [GC
Desired survivor size 23920640 bytes, new threshold 1 (max 15)
 [PSYoungGen: 2754944K->6144K(2772800K)] 5176492K->2428180K(8365248K), 0.0275770 secs] [Times: user=0.15 sys=0.00, real=0.02 secs] 
2011-02-12T05:25:47.761+0000: 18437.081: [GC
Desired survivor size 23199744 bytes, new threshold 1 (max 15)
 [PSYoungGen: 2755328K->7968K(2772544K)] 5177364K->2430472K(8364992K), 0.0298050 secs] [Times: user=0.17 sys=0.02, real=0.03 secs] 
2011-02-12T05:25:53.645+0000: 18442.964: [GC
Desired survivor size 22740992 bytes, new threshold 1 (max 15)
 [PSYoungGen: 2757152K->6464K(2773952K)] 5179656K->2429584K(8366400K), 0.0281010 secs] [Times: user=0.15 sys=0.01, real=0.02 secs] 
2011-02-12T05:25:59.308+0000: 18448.627: [GC
Desired survivor size 22478848 bytes, new threshold 1 (max 15)
 [PSYoungGen: 2757760K->4800K(2773504K)] 5180880K->2428440K(8365952K), 0.0260450 secs] [Times: user=0.14 sys=0.01, real=0.02 secs] 
2011-02-12T05:26:04.502+0000: 18453.822: [GC
Desired survivor size 21561344 bytes, new threshold 1 (max 15)
 [PSYoungGen: 2756096K->7898K(2775104K)] 5179736K->2432106K(8367552K), 0.0297310 secs] [Times: user=0.15 sys=0.02, real=0.03 secs] 
2011-02-12T05:26:10.183+0000: 18459.502: [GC
Desired survivor size 20709376 bytes, new threshold 1 (max 15)
 [PSYoungGen: 2761050K->7904K(2774208K)] 5185258K->2432770K(8366656K), 0.0299760 secs] [Times: user=0.17 sys=0.03, real=0.03 secs] 
2011-02-12T05:26:16.481+0000: 18465.801: [GC
Desired survivor size 21102592 bytes, new threshold 1 (max 15)
 [PSYoungGen: 2761056K->13424K(2775168K)] 5185922K->2438698K(8367616K), 0.0361680 secs] [Times: user=0.20 sys=0.02, real=0.04 secs] 
2011-02-12T05:26:22.808+0000: 18472.128: [GC
Desired survivor size 20774912 bytes, new threshold 1 (max 15)
 [PSYoungGen: 2768368K->5472K(2775552K)] 5193642K->2431230K(8368000K), 0.0278050 secs] [Times: user=0.14 sys=0.01, real=0.02 secs] 
2011-02-12T05:26:28.977+0000: 18478.297: [GC
Desired survivor size 19922944 bytes, new threshold 1 (max 15)
 [PSYoungGen: 2760416K->7776K(2776704K)] 5186174K->2434406K(8369152K), 0.0325820 secs] [Times: user=0.17 sys=0.02, real=0.04 secs] 
2011-02-12T05:26:35.477+0000: 18484.797: [GC
Desired survivor size 21364736 bytes, new threshold 1 (max 15)
 [PSYoungGen: 2764192K->15776K(2772224K)] 5190822K->2442934K(8364672K), 0.0374800 secs] [Times: user=0.23 sys=0.01, real=0.04 secs] 
2011-02-12T05:26:41.790+0000: 18491.110: [GC
Desired survivor size 20643840 bytes, new threshold 1 (max 15)
 [PSYoungGen: 2772192K->7776K(2776000K)] 5199350K->2435450K(8368448K), 0.0297150 secs] [Times: user=0.17 sys=0.02, real=0.03 secs] 
2011-02-12T05:26:48.396+0000: 18497.716: [GC
Desired survivor size 21561344 bytes, new threshold 1 (max 15)
 [PSYoungGen: 2762912K->14896K(2770048K)] 5190586K->2443010K(8362496K), 0.0375270 secs] [Times: user=0.22 sys=0.01, real=0.04 secs] 
2011-02-12T05:26:54.836+0000: 18504.155: [GC
Desired survivor size 20578304 bytes, new threshold 1 (max 15)
 [PSYoungGen: 2770032K->9152K(2776064K)] 5198146K->2437850K(8368512K), 0.0316930 secs] [Times: user=0.16 sys=0.01, real=0.03 secs] 
2011-02-12T05:27:00.890+0000: 18510.209: [GC
Desired survivor size 19922944 bytes, new threshold 1 (max 15)
 [PSYoungGen: 2764160K->10945K(2775104K)] 5192858K->2440128K(8367552K), 0.0321040 secs] [Times: user=0.20 sys=0.02, real=0.03 secs] 
2011-02-12T05:27:06.358+0000: 18515.678: [GC
Desired survivor size 19595264 bytes, new threshold 1 (max 15)
 [PSYoungGen: 2765953K->6487K(2777024K)] 5195136K->2436476K(8369472K), 0.0283560 secs] [Times: user=0.15 sys=0.02, real=0.03 secs] 
2011-02-12T05:27:12.054+0000: 18521.374: [GC
Desired survivor size 21364736 bytes, new threshold 1 (max 15)
 [PSYoungGen: 2764055K->16960K(2774528K)] 5194044K->2447516K(8366976K), 0.0388550 secs] [Times: user=0.23 sys=0.01, real=0.03 secs] 
2011-02-12T05:27:18.362+0000: 18527.681: [GC
Desired survivor size 20840448 bytes, new threshold 1 (max 15)
 [PSYoungGen: 2774528K->7376K(2775808K)] 5205084K->2438468K(8368256K), 0.0301310 secs] [Times: user=0.14 sys=0.02, real=0.03 secs] 
2011-02-12T05:27:23.786+0000: 18533.106: [GC
Desired survivor size 21692416 bytes, new threshold 1 (max 15)
 [PSYoungGen: 2762320K->15120K(2770112K)] 5193412K->2446741K(8362560K), 0.0372300 secs] [Times: user=0.21 sys=0.01, real=0.03 secs] 
2011-02-12T05:27:29.580+0000: 18538.900: [GC
Desired survivor size 22085632 bytes, new threshold 1 (max 15)
 [PSYoungGen: 2770064K->14656K(2774208K)] 5201685K->2446941K(8366656K), 0.0358070 secs] [Times: user=0.22 sys=0.01, real=0.04 secs] 
2011-02-12T05:27:35.752+0000: 18545.072: [GC
Desired survivor size 22020096 bytes, new threshold 1 (max 15)
 [PSYoungGen: 2767680K->5504K(2774592K)] 5199965K->2438349K(8367040K), 0.0282440 secs] [Times: user=0.13 sys=0.01, real=0.03 secs] 
2011-02-12T05:27:41.882+0000: 18551.202: [GC
Desired survivor size 21037056 bytes, new threshold 1 (max 15)
 [PSYoungGen: 2758528K->11008K(2775616K)] 5191373K->2444389K(8368064K), 0.0328810 secs] [Times: user=0.18 sys=0.02, real=0.03 secs] 
2011-02-12T05:27:48.382+0000: 18557.701: [GC
Desired survivor size 20905984 bytes, new threshold 1 (max 15)
 [PSYoungGen: 2765120K->5600K(2774656K)] 5198501K->2439469K(8367104K), 0.0274820 secs] [Times: user=0.14 sys=0.03, real=0.03 secs] 
2011-02-12T05:27:54.500+0000: 18563.820: [GC
Desired survivor size 20119552 bytes, new threshold 1 (max 15)
 [PSYoungGen: 2759712K->8576K(2776512K)] 5193581K->2442937K(8368960K), 0.0290460 secs] [Times: user=0.17 sys=0.01, real=0.02 secs] 
2011-02-12T05:28:00.560+0000: 18569.880: [GC
Desired survivor size 19922944 bytes, new threshold 1 (max 15)
 [PSYoungGen: 2764672K->11937K(2775744K)] 5199033K->2446695K(8368192K), 0.0331700 secs] [Times: user=0.20 sys=0.02, real=0.04 secs] 
2011-02-12T05:28:06.271+0000: 18575.591: [GC
Desired survivor size 19595264 bytes, new threshold 1 (max 15)
 [PSYoungGen: 2768033K->6232K(2777024K)] 5202791K->2441719K(8369472K), 0.0266720 secs] [Times: user=0.16 sys=0.02, real=0.03 secs] 
2011-02-12T05:28:11.764+0000: 18581.084: [GC
Desired survivor size 19136512 bytes, new threshold 1 (max 15)
 [PSYoungGen: 2763800K->6874K(2776704K)] 5199287K->2442938K(8369152K), 0.0297070 secs] [Times: user=0.16 sys=0.01, real=0.03 secs] 
2011-02-12T05:28:18.090+0000: 18587.409: [GC
Desired survivor size 20054016 bytes, new threshold 1 (max 15)
 [PSYoungGen: 2764442K->14300K(2775680K)] 5200506K->2450855K(8368128K), 0.0367840 secs] [Times: user=0.22 sys=0.02, real=0.04 secs] 
2011-02-12T05:28:23.840+0000: 18593.160: [GC
Desired survivor size 20119552 bytes, new threshold 1 (max 15)
 [PSYoungGen: 2771292K->12656K(2769664K)] 5207847K->2449963K(8362112K), 0.0356260 secs] [Times: user=0.20 sys=0.01, real=0.04 secs] 
2011-02-12T05:28:30.023+0000: 18599.343: [GC
Desired survivor size 20840448 bytes, new threshold 1 (max 15)
 [PSYoungGen: 2769648K->14736K(2775104K)] 5206955K->2452731K(8367552K), 0.0352840 secs] [Times: user=0.22 sys=0.01, real=0.04 secs] 
2011-02-12T05:28:36.272+0000: 18605.591: [GC
Desired survivor size 20840448 bytes, new threshold 1 (max 15)
 [PSYoungGen: 2770192K->4992K(2775808K)] 5208187K->2443515K(8368256K), 0.0262370 secs] [Times: user=0.14 sys=0.02, real=0.03 secs] 
2011-02-12T05:28:42.188+0000: 18611.507: [GC
Desired survivor size 20840448 bytes, new threshold 1 (max 15)
 [PSYoungGen: 2760448K->4304K(2775808K)] 5198971K->2443299K(8368256K), 0.0249370 secs] [Times: user=0.15 sys=0.02, real=0.02 secs] 
2011-02-12T05:28:48.195+0000: 18617.515: [GC
Desired survivor size 20512768 bytes, new threshold 1 (max 15)
 [PSYoungGen: 2759760K->4736K(2775808K)] 5198755K->2444276K(8368256K), 0.0265520 secs] [Times: user=0.14 sys=0.01, real=0.03 secs] 
2011-02-12T05:28:54.134+0000: 18623.454: [GC
Desired survivor size 23134208 bytes, new threshold 1 (max 15)
 [PSYoungGen: 2760192K->18944K(2771008K)] 5199732K->2458988K(8363456K), 0.0406360 secs] [Times: user=0.23 sys=0.01, real=0.04 secs] 
2011-02-12T05:29:00.032+0000: 18629.351: [GC
Desired survivor size 24641536 bytes, new threshold 1 (max 15)
 [PSYoungGen: 2769920K->17312K(2768320K)] 5209964K->2457868K(8360768K), 0.0412600 secs] [Times: user=0.24 sys=0.02, real=0.04 secs] 
2011-02-12T05:29:05.376+0000: 18634.695: [GC
Desired survivor size 23658496 bytes, new threshold 1 (max 15)
 [PSYoungGen: 2768288K->8410K(2773056K)] 5208844K->2449466K(8365504K), 0.0287160 secs] [Times: user=0.16 sys=0.02, real=0.03 secs] 
2011-02-12T05:29:11.463+0000: 18640.782: [GC
Desired survivor size 22675456 bytes, new threshold 1 (max 15)
 [PSYoungGen: 2757402K->8800K(2772096K)] 5198458K->2450566K(8364544K), 0.0295350 secs] [Times: user=0.16 sys=0.01, real=0.03 secs] 
2011-02-12T05:29:17.408+0000: 18646.728: [GC
Desired survivor size 24051712 bytes, new threshold 1 (max 15)
 [PSYoungGen: 2757792K->17088K(2771328K)] 5199558K->2459315K(8363776K), 0.0387210 secs] [Times: user=0.23 sys=0.03, real=0.04 secs] 
2011-02-12T05:29:23.071+0000: 18652.391: [GC
Desired survivor size 23068672 bytes, new threshold 1 (max 15)
 [PSYoungGen: 2766272K->11829K(2772672K)] 5208499K->2454676K(8365120K), 0.0346590 secs] [Times: user=0.19 sys=0.01, real=0.03 secs] 
2011-02-12T05:29:29.370+0000: 18658.690: [GC
Desired survivor size 23789568 bytes, new threshold 1 (max 15)
 [PSYoungGen: 2761013K->15984K(2772224K)] 5203860K->2459609K(8364672K), 0.0384810 secs] [Times: user=0.22 sys=0.02, real=0.04 secs] 
2011-02-12T05:29:35.387+0000: 18664.706: [GC
Desired survivor size 23986176 bytes, new threshold 1 (max 15)
 [PSYoungGen: 2765680K->3328K(2753024K)] 5209305K->2447589K(8345472K), 0.0222160 secs] [Times: user=0.12 sys=0.00, real=0.02 secs] 
2011-02-12T05:29:40.780+0000: 18670.099: [GC
Desired survivor size 22937600 bytes, new threshold 1 (max 15)
 [PSYoungGen: 2753024K->11372K(2773760K)] 5197285K->2456142K(8366208K), 0.0337250 secs] [Times: user=0.18 sys=0.01, real=0.04 secs] 
2011-02-12T05:29:46.353+0000: 18675.672: [GC
Desired survivor size 21954560 bytes, new threshold 1 (max 15)
 [PSYoungGen: 2761708K->9600K(2772736K)] 5206478K->2454782K(8365184K), 0.0335060 secs] [Times: user=0.17 sys=0.01, real=0.04 secs] 
2011-02-12T05:29:52.231+0000: 18681.551: [GC
Desired survivor size 21299200 bytes, new threshold 1 (max 15)
 [PSYoungGen: 2759936K->8288K(2775360K)] 5205118K->2453922K(8367808K), 0.0297100 secs] [Times: user=0.17 sys=0.02, real=0.03 secs] 
2011-02-12T05:29:58.147+0000: 18687.467: [GC
Desired survivor size 21037056 bytes, new threshold 1 (max 15)
 [PSYoungGen: 2762208K->5792K(2774720K)] 5207842K->2451946K(8367168K), 0.0268030 secs] [Times: user=0.15 sys=0.01, real=0.02 secs] 
2011-02-12T05:30:03.082+0000: 18692.401: [GC
Desired survivor size 20447232 bytes, new threshold 1 (max 15)
 [PSYoungGen: 2759712K->7258K(2776192K)] 5205866K->2454024K(8368640K), 0.0301090 secs] [Times: user=0.15 sys=0.02, real=0.03 secs] 
2011-02-12T05:30:08.583+0000: 18697.903: [GC
Desired survivor size 21495808 bytes, new threshold 1 (max 15)
 [PSYoungGen: 2762906K->15168K(2770816K)] 5209672K->2462668K(8363264K), 0.0367850 secs] [Times: user=0.21 sys=0.02, real=0.04 secs] 
2011-02-12T05:30:14.456+0000: 18703.776: [GC
Desired survivor size 22478848 bytes, new threshold 1 (max 15)
 [PSYoungGen: 2770816K->15888K(2773248K)] 5218316K->2463816K(8365696K), 0.0382690 secs] [Times: user=0.23 sys=0.02, real=0.04 secs] 
2011-02-12T05:30:20.641+0000: 18709.960: [GC
Desired survivor size 24248320 bytes, new threshold 1 (max 15)
 [PSYoungGen: 2768144K->18416K(2770688K)] 5216072K->2466868K(8363136K), 0.0405800 secs] [Times: user=0.26 sys=0.01, real=0.04 secs] 
2011-02-12T05:30:26.479+0000: 18715.799: [GC
Desired survivor size 25821184 bytes, new threshold 1 (max 15)
 [PSYoungGen: 2770672K->19084K(2769408K)] 5219124K->2468152K(8361856K), 0.0402380 secs] [Times: user=0.27 sys=0.02, real=0.04 secs] 
2011-02-12T05:30:31.937+0000: 18721.256: [GC
Desired survivor size 24838144 bytes, new threshold 1 (max 15)
 [PSYoungGen: 2764812K->10656K(2770944K)] 5213880K->2460400K(8363392K), 0.0331310 secs] [Times: user=0.17 sys=0.01, real=0.04 secs] 
2011-02-12T05:30:38.165+0000: 18727.484: [GC
Desired survivor size 23920640 bytes, new threshold 1 (max 15)
 [PSYoungGen: 2756384K->13056K(2772800K)] 5206128K->2463380K(8365248K), 0.0358690 secs] [Times: user=0.21 sys=0.02, real=0.04 secs] 
2011-02-12T05:30:43.993+0000: 18733.313: [GC
Desired survivor size 23592960 bytes, new threshold 1 (max 15)
 [PSYoungGen: 2761600K->14432K(2771904K)] 5211924K->2465304K(8364352K), 0.0368640 secs] [Times: user=0.22 sys=0.01, real=0.04 secs] 
2011-02-12T05:30:50.041+0000: 18739.361: [GC
Desired survivor size 23330816 bytes, new threshold 1 (max 15)
 [PSYoungGen: 2762976K->14592K(2773376K)] 5213848K->2465940K(8365824K), 0.0372780 secs] [Times: user=0.21 sys=0.02, real=0.04 secs] 
2011-02-12T05:30:55.859+0000: 18745.179: [GC
Desired survivor size 25100288 bytes, new threshold 1 (max 15)
 [PSYoungGen: 2764928K->20120K(2770496K)] 5216276K->2471995K(8362944K), 0.0413160 secs] [Times: user=0.26 sys=0.01, real=0.04 secs] 
2011-02-12T05:31:01.284+0000: 18750.604: [GC
Desired survivor size 24182784 bytes, new threshold 1 (max 15)
 [PSYoungGen: 2770456K->12418K(2772544K)] 5222331K->2465070K(8364992K), 0.0351710 secs] [Times: user=0.21 sys=0.02, real=0.03 secs] 
2011-02-12T05:31:06.572+0000: 18755.892: [GC
Desired survivor size 23986176 bytes, new threshold 1 (max 15)
 [PSYoungGen: 2760450K->15656K(2771648K)] 5213102K->2469078K(8364096K), 0.0383320 secs] [Times: user=0.22 sys=0.03, real=0.04 secs] 
2011-02-12T05:31:12.425+0000: 18761.744: [GC
Desired survivor size 23920640 bytes, new threshold 1 (max 15)
 [PSYoungGen: 2763688K->16000K(2772800K)] 5217110K->2470086K(8365248K), 0.0399500 secs] [Times: user=0.22 sys=0.02, real=0.04 secs] 
2011-02-12T05:31:18.441+0000: 18767.761: [GC
Desired survivor size 23986176 bytes, new threshold 1 (max 15)
 [PSYoungGen: 2765376K->16588K(2772736K)] 5219462K->2471226K(8365184K), 0.0394770 secs] [Times: user=0.23 sys=0.02, real=0.04 secs] 
2011-02-12T05:31:24.311+0000: 18773.631: [GC
Desired survivor size 23068672 bytes, new threshold 1 (max 15)
 [PSYoungGen: 2765964K->14194K(2773632K)] 5220602K->2469448K(8366080K), 0.0357790 secs] [Times: user=0.20 sys=0.01, real=0.04 secs] 
2011-02-12T05:31:30.446+0000: 18779.766: [GC
Desired survivor size 23592960 bytes, new threshold 1 (max 15)
 [PSYoungGen: 2764402K->17632K(2772736K)] 5219656K->2473630K(8365184K), 0.0401610 secs] [Times: user=0.25 sys=0.01, real=0.05 secs] 
2011-02-12T05:31:36.651+0000: 18785.971: [GC
Desired survivor size 24313856 bytes, new threshold 1 (max 15)
 [PSYoungGen: 2767840K->5248K(2771712K)] 5223838K->2461714K(8364160K), 0.0270140 secs] [Times: user=0.15 sys=0.00, real=0.03 secs] 
2011-02-12T05:31:42.980+0000: 18792.299: [GC
Desired survivor size 23658496 bytes, new threshold 1 (max 15)
 [PSYoungGen: 2753920K->11024K(2772416K)] 5210386K->2467942K(8364864K), 0.0336850 secs] [Times: user=0.20 sys=0.00, real=0.03 secs] 
2011-02-12T05:31:49.241+0000: 18798.561: [GC
Desired survivor size 23199744 bytes, new threshold 1 (max 15)
 [PSYoungGen: 2759696K->14592K(2773504K)] 5216614K->2472174K(8365952K), 0.0379420 secs] [Times: user=0.22 sys=0.01, real=0.04 secs] 
2011-02-12T05:31:55.569+0000: 18804.889: [GC
Desired survivor size 23068672 bytes, new threshold 1 (max 15)
 [PSYoungGen: 2764992K->8464K(2773056K)] 5222574K->2466534K(8365504K), 0.0310780 secs] [Times: user=0.17 sys=0.01, real=0.03 secs] 
2011-02-12T05:32:01.460+0000: 18810.780: [GC
Desired survivor size 22609920 bytes, new threshold 1 (max 15)
 [PSYoungGen: 2758864K->10050K(2774080K)] 5216934K->2468600K(8366528K), 0.0332440 secs] [Times: user=0.17 sys=0.02, real=0.03 secs] 
2011-02-12T05:32:06.789+0000: 18816.109: [GC
Desired survivor size 22544384 bytes, new threshold 1 (max 15)
 [PSYoungGen: 2761602K->7471K(2773632K)] 5220152K->2466655K(8366080K), 0.0300090 secs] [Times: user=0.16 sys=0.02, real=0.03 secs] 
2011-02-12T05:32:12.957+0000: 18822.277: [GC
Desired survivor size 21757952 bytes, new threshold 1 (max 15)
 [PSYoungGen: 2759023K->10880K(2774912K)] 5218207K->2470624K(8367360K), 0.0319600 secs] [Times: user=0.18 sys=0.01, real=0.03 secs] 
2011-02-12T05:32:19.258+0000: 18828.577: [GC
Desired survivor size 21692416 bytes, new threshold 1 (max 15)
 [PSYoungGen: 2763776K->14336K(2774144K)] 5223520K->2474708K(8366592K), 0.0351650 secs] [Times: user=0.19 sys=0.01, real=0.04 secs] 
2011-02-12T05:32:25.685+0000: 18835.004: [GC
Desired survivor size 21757952 bytes, new threshold 1 (max 15)
 [PSYoungGen: 2767232K->6608K(2774848K)] 5227604K->2467784K(8367296K), 0.0287940 secs] [Times: user=0.15 sys=0.02, real=0.03 secs] 
2011-02-12T05:32:31.452+0000: 18840.772: [GC
Desired survivor size 21889024 bytes, new threshold 1 (max 15)
 [PSYoungGen: 2760272K->5280K(2758976K)] 5221448K->2467068K(8351424K), 0.0289500 secs] [Times: user=0.15 sys=0.02, real=0.03 secs] 
2011-02-12T05:32:37.534+0000: 18846.853: [GC
Desired survivor size 21168128 bytes, new threshold 1 (max 15)
 [PSYoungGen: 2758944K->9216K(2775488K)] 5220732K->2471472K(8367936K), 0.0304310 secs] [Times: user=0.18 sys=0.01, real=0.04 secs] 
2011-02-12T05:32:43.911+0000: 18853.231: [GC
Desired survivor size 20774912 bytes, new threshold 1 (max 15)
 [PSYoungGen: 2763328K->12480K(2774784K)] 5225584K->2475220K(8367232K), 0.0346600 secs] [Times: user=0.20 sys=0.02, real=0.04 secs] 
2011-02-12T05:32:50.368+0000: 18859.687: [GC
Desired survivor size 20709376 bytes, new threshold 1 (max 15)
 [PSYoungGen: 2766592K->5728K(2775936K)] 5229332K->2468988K(8368384K), 0.0289890 secs] [Times: user=0.13 sys=0.02, real=0.03 secs] 
2011-02-12T05:32:56.452+0000: 18865.771: [GC
Desired survivor size 20054016 bytes, new threshold 1 (max 15)
 [PSYoungGen: 2761376K->8752K(2775872K)] 5224636K->2472680K(8368320K), 0.0300700 secs] [Times: user=0.17 sys=0.03, real=0.03 secs] 
2011-02-12T05:33:02.367+0000: 18871.687: [GC
Desired survivor size 19202048 bytes, new threshold 1 (max 15)
 [PSYoungGen: 2764400K->9882K(2777408K)] 5228328K->2474442K(8369856K), 0.0310540 secs] [Times: user=0.19 sys=0.01, real=0.04 secs] 
2011-02-12T05:33:07.623+0000: 18876.943: [GC
Desired survivor size 20316160 bytes, new threshold 1 (max 15)
 [PSYoungGen: 2767706K->15552K(2773376K)] 5232266K->2480866K(8365824K), 0.0393090 secs] [Times: user=0.22 sys=0.02, real=0.04 secs] 
2011-02-12T05:33:13.921+0000: 18883.241: [GC
Desired survivor size 20643840 bytes, new threshold 1 (max 15)
 [PSYoungGen: 2773376K->3520K(2775680K)] 5238690K->2469382K(8368128K), 0.0255270 secs] [Times: user=0.12 sys=0.02, real=0.02 secs] 
2011-02-12T05:33:19.065+0000: 18888.384: [GC
Desired survivor size 19922944 bytes, new threshold 1 (max 15)
 [PSYoungGen: 2759360K->8296K(2776000K)] 5225222K->2474671K(8368448K), 0.0313130 secs] [Times: user=0.16 sys=0.02, real=0.03 secs] 
2011-02-12T05:33:24.540+0000: 18893.860: [GC
Desired survivor size 21430272 bytes, new threshold 1 (max 15)
 [PSYoungGen: 2764136K->16400K(2773760K)] 5230511K->2483307K(8366208K), 0.0387700 secs] [Times: user=0.22 sys=0.01, real=0.03 secs] 
2011-02-12T05:33:30.198+0000: 18899.518: [GC
Desired survivor size 20774912 bytes, new threshold 1 (max 15)
 [PSYoungGen: 2770704K->11647K(2775232K)] 5237611K->2479266K(8367680K), 0.0342790 secs] [Times: user=0.20 sys=0.02, real=0.04 secs] 
2011-02-12T05:33:35.860+0000: 18905.180: [GC
Desired survivor size 22544384 bytes, new threshold 1 (max 15)
 [PSYoungGen: 2765951K->17920K(2772416K)] 5233570K->2486083K(8364864K), 0.0386500 secs] [Times: user=0.25 sys=0.03, real=0.04 secs] 
2011-02-12T05:33:41.745+0000: 18911.065: [GC
Desired survivor size 23396352 bytes, new threshold 1 (max 15)
 [PSYoungGen: 2770048K->16512K(2768640K)] 5238211K->2485175K(8361088K), 0.0392050 secs] [Times: user=0.22 sys=0.01, real=0.04 secs] 
2011-02-12T05:33:47.713+0000: 18917.033: [GC
Desired survivor size 23855104 bytes, new threshold 1 (max 15)
 [PSYoungGen: 2768640K->16032K(2772416K)] 5237303K->2485143K(8364864K), 0.0383580 secs] [Times: user=0.22 sys=0.01, real=0.03 secs] 
2011-02-12T05:33:53.747+0000: 18923.066: [GC
Desired survivor size 24838144 bytes, new threshold 1 (max 15)
 [PSYoungGen: 2765600K->17824K(2767424K)] 5234711K->2487327K(8359872K), 0.0400710 secs] [Times: user=0.25 sys=0.01, real=0.04 secs] 
2011-02-12T05:33:59.820+0000: 18929.140: [GC
Desired survivor size 24903680 bytes, new threshold 1 (max 15)
 [PSYoungGen: 2767392K->5664K(2771776K)] 5236895K->2475655K(8364224K), 0.0269280 secs] [Times: user=0.15 sys=0.01, real=0.03 secs] 
2011-02-12T05:34:04.853+0000: 18934.172: [GC
Desired survivor size 24444928 bytes, new threshold 1 (max 15)
 [PSYoungGen: 2753184K->7789K(2771840K)] 5223175K->2478380K(8364288K), 0.0316040 secs] [Times: user=0.14 sys=0.01, real=0.03 secs] 
2011-02-12T05:34:10.999+0000: 18940.318: [GC
Desired survivor size 23592960 bytes, new threshold 1 (max 15)
 [PSYoungGen: 2755309K->9182K(2773120K)] 5225900K->2480671K(8365568K), 0.0337720 secs] [Times: user=0.16 sys=0.02, real=0.03 secs] 
2011-02-12T05:34:17.547+0000: 18946.867: [GC
Desired survivor size 23396352 bytes, new threshold 1 (max 15)
 [PSYoungGen: 2758430K->6000K(2772288K)] 5229919K->2477936K(8364736K), 0.0292710 secs] [Times: user=0.16 sys=0.02, real=0.03 secs] 
2011-02-12T05:34:24.356+0000: 18953.676: [GC
Desired survivor size 24444928 bytes, new threshold 1 (max 15)
 [PSYoungGen: 2755248K->16944K(2771264K)] 5227184K->2489412K(8363712K), 0.0391060 secs] [Times: user=0.24 sys=0.01, real=0.04 secs] 
2011-02-12T05:34:30.601+0000: 18959.921: [GC
Desired survivor size 24117248 bytes, new threshold 1 (max 15)
 [PSYoungGen: 2765360K->6304K(2772288K)] 5237828K->2479585K(8364736K), 0.0277380 secs] [Times: user=0.15 sys=0.01, real=0.03 secs] 
2011-02-12T05:34:37.154+0000: 18966.474: [GC
Desired survivor size 24510464 bytes, new threshold 1 (max 15)
 [PSYoungGen: 2754720K->15532K(2771840K)] 5228001K->2489333K(8364288K), 0.0365380 secs] [Times: user=0.22 sys=0.01, real=0.04 secs] 
2011-02-12T05:34:43.466+0000: 18972.786: [GC
Desired survivor size 24444928 bytes, new threshold 1 (max 15)
 [PSYoungGen: 2763820K->4480K(2772224K)] 5237621K->2478861K(8364672K), 0.0269680 secs] [Times: user=0.14 sys=0.01, real=0.03 secs] 
2011-02-12T05:34:49.867+0000: 18979.187: [GC
Desired survivor size 23789568 bytes, new threshold 1 (max 15)
 [PSYoungGen: 2752768K->12508K(2772928K)] 5227149K->2487478K(8365376K), 0.0367430 secs] [Times: user=0.18 sys=0.03, real=0.04 secs] 
2011-02-12T05:34:56.594+0000: 18985.914: [GC
Desired survivor size 23527424 bytes, new threshold 1 (max 15)
 [PSYoungGen: 2761564K->5136K(2772288K)] 5236534K->2480557K(8364736K), 0.0267380 secs] [Times: user=0.15 sys=0.02, real=0.03 secs] 
2011-02-12T05:35:02.777+0000: 18992.097: [GC
Desired survivor size 23986176 bytes, new threshold 1 (max 15)
 [PSYoungGen: 2754192K->14906K(2772288K)] 5229613K->2490939K(8364736K), 0.0378100 secs] [Times: user=0.23 sys=0.02, real=0.04 secs] 
2011-02-12T05:35:08.471+0000: 18997.790: [GC
Desired survivor size 22872064 bytes, new threshold 1 (max 15)
 [PSYoungGen: 2764218K->9696K(2772736K)] 5240251K->2486439K(8365184K), 0.0320690 secs] [Times: user=0.18 sys=0.01, real=0.04 secs] 
2011-02-12T05:35:14.390+0000: 19003.710: [GC
Desired survivor size 21823488 bytes, new threshold 1 (max 15)
 [PSYoungGen: 2759008K->9856K(2774848K)] 5235751K->2487101K(8367296K), 0.0316310 secs] [Times: user=0.18 sys=0.02, real=0.03 secs] 
2011-02-12T05:35:20.813+0000: 19010.132: [GC
Desired survivor size 24051712 bytes, new threshold 1 (max 15)
 [PSYoungGen: 2762368K->19336K(2771904K)] 5239613K->2497105K(8364352K), 0.0409400 secs] [Times: user=0.24 sys=0.01, real=0.04 secs] 
2011-02-12T05:35:27.135+0000: 19016.455: [GC
Desired survivor size 23855104 bytes, new threshold 1 (max 15)
 [PSYoungGen: 2771848K->5452K(2772864K)] 5249617K->2483929K(8365312K), 0.0275380 secs] [Times: user=0.15 sys=0.02, real=0.02 secs] 
2011-02-12T05:35:33.524+0000: 19022.843: [GC
Desired survivor size 23068672 bytes, new threshold 1 (max 15)
 [PSYoungGen: 2754828K->12160K(2772672K)] 5233305K->2491177K(8365120K), 0.0340290 secs] [Times: user=0.20 sys=0.01, real=0.04 secs] 
2011-02-12T05:35:39.483+0000: 19028.803: [GC
Desired survivor size 22872064 bytes, new threshold 1 (max 15)
 [PSYoungGen: 2761536K->13472K(2773824K)] 5240553K->2493059K(8366272K), 0.0355760 secs] [Times: user=0.21 sys=0.01, real=0.04 secs] 
2011-02-12T05:35:45.722+0000: 19035.042: [GC
Desired survivor size 24182784 bytes, new threshold 1 (max 15)
 [PSYoungGen: 2764768K->17792K(2769088K)] 5244355K->2497971K(8361536K), 0.0393650 secs] [Times: user=0.25 sys=0.01, real=0.04 secs] 
2011-02-12T05:35:51.831+0000: 19041.151: [GC
Desired survivor size 24510464 bytes, new threshold 1 (max 15)
 [PSYoungGen: 2769088K->3052K(2771904K)] 5249267K->2483815K(8364352K), 0.0214230 secs] [Times: user=0.14 sys=0.01, real=0.02 secs] 
2011-02-12T05:35:58.090+0000: 19047.409: [GC
Desired survivor size 23461888 bytes, new threshold 1 (max 15)
 [PSYoungGen: 2751340K->9600K(2772224K)] 5232103K->2491007K(8364672K), 0.0315150 secs] [Times: user=0.18 sys=0.01, real=0.03 secs] 
2011-02-12T05:36:03.619+0000: 19052.938: [GC
Desired survivor size 26607616 bytes, new threshold 1 (max 15)
 [PSYoungGen: 2757888K->22425K(2767104K)] 5239295K->2504276K(8359552K), 0.0473470 secs] [Times: user=0.26 sys=0.02, real=0.05 secs] 
2011-02-12T05:36:08.990+0000: 19058.310: [GC
Desired survivor size 25427968 bytes, new threshold 1 (max 15)
 [PSYoungGen: 2766617K->10586K(2770176K)] 5248468K->2493108K(8362624K), 0.0308500 secs] [Times: user=0.17 sys=0.02, real=0.03 secs] 
2011-02-12T05:36:14.404+0000: 19063.723: [GC
Desired survivor size 25821184 bytes, new threshold 1 (max 15)
 [PSYoungGen: 2754778K->16320K(2770560K)] 5237300K->2499371K(8363008K), 0.0390480 secs] [Times: user=0.23 sys=0.02, real=0.04 secs] 
2011-02-12T05:36:20.597+0000: 19069.917: [GC
Desired survivor size 25821184 bytes, new threshold 1 (max 15)
 [PSYoungGen: 2762048K->4480K(2770944K)] 5245099K->2488043K(8363392K), 0.0266260 secs] [Times: user=0.14 sys=0.01, real=0.03 secs] 
2011-02-12T05:36:26.714+0000: 19076.033: [GC
Desired survivor size 25165824 bytes, new threshold 1 (max 15)
 [PSYoungGen: 2750208K->7232K(2771584K)] 5233771K->2491643K(8364032K), 0.0305640 secs] [Times: user=0.16 sys=0.01, real=0.03 secs] 
2011-02-12T05:36:33.283+0000: 19082.603: [GC
Desired survivor size 26083328 bytes, new threshold 1 (max 15)
 [PSYoungGen: 2753600K->17088K(2763456K)] 5238011K->2502043K(8355904K), 0.0382240 secs] [Times: user=0.24 sys=0.01, real=0.04 secs] 
2011-02-12T05:36:39.348+0000: 19088.668: [GC
Desired survivor size 25624576 bytes, new threshold 1 (max 15)
 [PSYoungGen: 2763456K->6432K(2771136K)] 5248411K->2491931K(8363584K), 0.0286930 secs] [Times: user=0.15 sys=0.01, real=0.03 secs] 
2011-02-12T05:36:45.402+0000: 19094.722: [GC
Desired survivor size 24969216 bytes, new threshold 1 (max 15)
 [PSYoungGen: 2752096K->6688K(2770688K)] 5237595K->2492603K(8363136K), 0.0287720 secs] [Times: user=0.15 sys=0.02, real=0.03 secs] 
2011-02-12T05:36:51.628+0000: 19100.947: [GC
Desired survivor size 23658496 bytes, new threshold 1 (max 15)
 [PSYoungGen: 2752352K->10368K(2773056K)] 5238267K->2496795K(8365504K), 0.0320930 secs] [Times: user=0.19 sys=0.01, real=0.03 secs] 
2011-02-12T05:36:58.021+0000: 19107.341: [GC
Desired survivor size 22609920 bytes, new threshold 1 (max 15)
 [PSYoungGen: 2759040K->9440K(2771776K)] 5245467K->2496483K(8364224K), 0.0325190 secs] [Times: user=0.17 sys=0.02, real=0.03 secs] 
2011-02-12T05:37:03.877+0000: 19113.197: [GC
Desired survivor size 22085632 bytes, new threshold 1 (max 15)
 [PSYoungGen: 2758112K->6746K(2774592K)] 5245155K->2494337K(8367040K), 0.0289670 secs] [Times: user=0.15 sys=0.02, real=0.03 secs] 
2011-02-12T05:37:10.112+0000: 19119.431: [GC
Desired survivor size 21168128 bytes, new threshold 1 (max 15)
 [PSYoungGen: 2759258K->10784K(2774080K)] 5246849K->2499141K(8366528K), 0.0324790 secs] [Times: user=0.19 sys=0.03, real=0.03 secs] 
2011-02-12T05:37:16.114+0000: 19125.434: [GC
Desired survivor size 20840448 bytes, new threshold 1 (max 15)
 [PSYoungGen: 2763296K->12160K(2775808K)] 5251653K->2500977K(8368256K), 0.0357260 secs] [Times: user=0.18 sys=0.02, real=0.04 secs] 
2011-02-12T05:37:22.430+0000: 19131.750: [GC
Desired survivor size 23068672 bytes, new threshold 1 (max 15)
 [PSYoungGen: 2767296K->18992K(2774144K)] 5256113K->2508353K(8366592K), 0.0412640 secs] [Times: user=0.25 sys=0.01, real=0.04 secs] 
2011-02-12T05:37:28.677+0000: 19137.997: [GC
Desired survivor size 22478848 bytes, new threshold 1 (max 15)
 [PSYoungGen: 2774128K->7808K(2774208K)] 5263489K->2497884K(8366656K), 0.0295880 secs] [Times: user=0.17 sys=0.01, real=0.03 secs] 
2011-02-12T05:37:34.935+0000: 19144.255: [GC
Desired survivor size 21561344 bytes, new threshold 1 (max 15)
 [PSYoungGen: 2760000K->11456K(2774144K)] 5250076K->2502213K(8366592K), 0.0368300 secs] [Times: user=0.16 sys=0.01, real=0.04 secs] 
2011-02-12T05:37:41.451+0000: 19150.770: [GC
Desired survivor size 22020096 bytes, new threshold 1 (max 15)
 [PSYoungGen: 2763648K->14943K(2774208K)] 5254405K->2506204K(8366656K), 0.0374870 secs] [Times: user=0.22 sys=0.01, real=0.04 secs] 
2011-02-12T05:37:47.222+0000: 19156.541: [GC
Desired survivor size 22413312 bytes, new threshold 1 (max 15)
 [PSYoungGen: 2768095K->15057K(2768256K)] 5259356K->2506770K(8360704K), 0.0365530 secs] [Times: user=0.23 sys=0.01, real=0.04 secs] 
2011-02-12T05:37:53.186+0000: 19162.506: [GC
Desired survivor size 21364736 bytes, new threshold 1 (max 15)
 [PSYoungGen: 2768209K->11728K(2775296K)] 5259922K->2503901K(8367744K), 0.0344660 secs] [Times: user=0.21 sys=0.02, real=0.03 secs] 
2011-02-12T05:37:59.535+0000: 19168.854: [GC
Desired survivor size 21626880 bytes, new threshold 1 (max 15)
 [PSYoungGen: 2765136K->4960K(2774272K)] 5257309K->2497721K(8366720K), 0.0259890 secs] [Times: user=0.13 sys=0.02, real=0.02 secs] 
2011-02-12T05:38:05.316+0000: 19174.636: [GC
Desired survivor size 24182784 bytes, new threshold 1 (max 15)
 [PSYoungGen: 2758368K->20617K(2770048K)] 5251129K->2513867K(8362496K), 0.0438820 secs] [Times: user=0.27 sys=0.03, real=0.04 secs] 
2011-02-12T05:38:11.270+0000: 19180.589: [GC
Desired survivor size 24248320 bytes, new threshold 1 (max 15)
 [PSYoungGen: 2769545K->15200K(2764160K)] 5262795K->2509215K(8356608K), 0.0386690 secs] [Times: user=0.23 sys=0.02, real=0.04 secs] 
2011-02-12T05:38:17.470+0000: 19186.790: [GC
Desired survivor size 24051712 bytes, new threshold 1 (max 15)
 [PSYoungGen: 2764128K->6864K(2772672K)] 5258143K->2501311K(8365120K), 0.0287590 secs] [Times: user=0.15 sys=0.03, real=0.03 secs] 
2011-02-12T05:38:23.721+0000: 19193.041: [GC
Desired survivor size 23134208 bytes, new threshold 1 (max 15)
 [PSYoungGen: 2755856K->12528K(2772480K)] 5250303K->2507519K(8364928K), 0.0345780 secs] [Times: user=0.20 sys=0.02, real=0.04 secs] 
2011-02-12T05:38:30.303+0000: 19199.623: [GC
Desired survivor size 23396352 bytes, new threshold 1 (max 15)
 [PSYoungGen: 2761520K->3808K(2773056K)] 5256511K->2499591K(8365504K), 0.0247300 secs] [Times: user=0.13 sys=0.02, real=0.03 secs] 
2011-02-12T05:38:36.902+0000: 19206.222: [GC
Desired survivor size 23986176 bytes, new threshold 1 (max 15)
 [PSYoungGen: 2754272K->15776K(2766272K)] 5250055K->2512083K(8358720K), 0.0385590 secs] [Times: user=0.23 sys=0.01, real=0.04 secs] 
2011-02-12T05:38:42.788+0000: 19212.107: [GC
Desired survivor size 23986176 bytes, new threshold 1 (max 15)
 [PSYoungGen: 2766240K->14624K(2772736K)] 5262547K->2511499K(8365184K), 0.0370240 secs] [Times: user=0.22 sys=0.02, real=0.04 secs] 
2011-02-12T05:38:49.082+0000: 19218.402: [GC
Desired survivor size 23920640 bytes, new threshold 1 (max 15)
 [PSYoungGen: 2763936K->5280K(2772736K)] 5260811K->2502691K(8365184K), 0.0253490 secs] [Times: user=0.13 sys=0.01, real=0.02 secs] 
2011-02-12T05:38:55.647+0000: 19224.967: [GC
Desired survivor size 23199744 bytes, new threshold 1 (max 15)
 [PSYoungGen: 2754592K->12512K(2773504K)] 5252003K->2510423K(8365952K), 0.0354490 secs] [Times: user=0.18 sys=0.01, real=0.04 secs] 
2011-02-12T05:39:02.179+0000: 19231.499: [GC
Desired survivor size 22609920 bytes, new threshold 1 (max 15)
 [PSYoungGen: 2762656K->7994K(2772800K)] 5260567K->2506373K(8365248K), 0.0307530 secs] [Times: user=0.15 sys=0.03, real=0.03 secs] 
2011-02-12T05:39:07.219+0000: 19236.539: [GC
Desired survivor size 21823488 bytes, new threshold 1 (max 15)
 [PSYoungGen: 2758138K->8800K(2774848K)] 5256517K->2507933K(8367296K), 0.0312180 secs] [Times: user=0.17 sys=0.01, real=0.03 secs] 
2011-02-12T05:39:13.515+0000: 19242.834: [GC
Desired survivor size 22085632 bytes, new threshold 1 (max 15)
 [PSYoungGen: 2761568K->14272K(2774080K)] 5260701K->2513917K(8366528K), 0.0377720 secs] [Times: user=0.21 sys=0.01, real=0.04 secs] 
2011-02-12T05:39:19.644+0000: 19248.964: [GC
Desired survivor size 22740992 bytes, new threshold 1 (max 15)
 [PSYoungGen: 2767040K->15607K(2773312K)] 5266685K->2515856K(8365760K), 0.0371960 secs] [Times: user=0.23 sys=0.01, real=0.03 secs] 
2011-02-12T05:39:25.532+0000: 19254.852: [GC
Desired survivor size 21889024 bytes, new threshold 1 (max 15)
 [PSYoungGen: 2767351K->12128K(2773952K)] 5267600K->2512937K(8366400K), 0.0338910 secs] [Times: user=0.19 sys=0.02, real=0.04 secs] 
2011-02-12T05:39:32.134+0000: 19261.453: [GC
Desired survivor size 21626880 bytes, new threshold 1 (max 15)
 [PSYoungGen: 2763872K->7264K(2775040K)] 5264681K->2508697K(8367488K), 0.0302150 secs] [Times: user=0.16 sys=0.02, real=0.03 secs] 
2011-02-12T05:39:37.709+0000: 19267.028: [GC
Desired survivor size 22806528 bytes, new threshold 1 (max 15)
 [PSYoungGen: 2760928K->16928K(2770624K)] 5262361K->2518841K(8363072K), 0.0400480 secs] [Times: user=0.24 sys=0.02, real=0.04 secs] 
2011-02-12T05:39:44.011+0000: 19273.330: [GC
Desired survivor size 22347776 bytes, new threshold 1 (max 15)
 [PSYoungGen: 2770592K->8104K(2774336K)] 5272505K->2510505K(8366784K), 0.0297570 secs] [Times: user=0.17 sys=0.01, real=0.03 secs] 
2011-02-12T05:39:50.487+0000: 19279.807: [GC
Desired survivor size 22151168 bytes, new threshold 1 (max 15)
 [PSYoungGen: 2760168K->13612K(2773888K)] 5262569K->2516637K(8366336K), 0.0362380 secs] [Times: user=0.21 sys=0.02, real=0.03 secs] 
2011-02-12T05:39:56.537+0000: 19285.857: [GC
Desired survivor size 22478848 bytes, new threshold 1 (max 15)
 [PSYoungGen: 2765676K->15264K(2773888K)] 5268701K->2518809K(8366336K), 0.0399080 secs] [Times: user=0.21 sys=0.01, real=0.04 secs] 
2011-02-12T05:40:02.526+0000: 19291.845: [GC
Desired survivor size 23199744 bytes, new threshold 1 (max 15)
 [PSYoungGen: 2767520K->16601K(2768896K)] 5271065K->2520615K(8361344K), 0.0377610 secs] [Times: user=0.23 sys=0.02, real=0.04 secs] 
2011-02-12T05:40:07.813+0000: 19297.133: [GC
Desired survivor size 22740992 bytes, new threshold 1 (max 15)
 [PSYoungGen: 2768857K->13984K(2773952K)] 5272871K->2518803K(8366400K), 0.0375440 secs] [Times: user=0.20 sys=0.02, real=0.04 secs] 
2011-02-12T05:40:13.741+0000: 19303.061: [GC
Desired survivor size 21823488 bytes, new threshold 1 (max 15)
 [PSYoungGen: 2765280K->12368K(2773504K)] 5270099K->2517647K(8365952K), 0.0333540 secs] [Times: user=0.18 sys=0.02, real=0.03 secs] 
2011-02-12T05:40:20.046+0000: 19309.366: [GC
Desired survivor size 22151168 bytes, new threshold 1 (max 15)
 [PSYoungGen: 2763664K->5660K(2774208K)] 5268943K->2511504K(8366656K), 0.0285200 secs] [Times: user=0.14 sys=0.03, real=0.03 secs] 
2011-02-12T05:40:26.862+0000: 19316.182: [GC
Desired survivor size 22413312 bytes, new threshold 1 (max 15)
 [PSYoungGen: 2758556K->4640K(2757568K)] 5264400K->2511196K(8350016K), 0.0271770 secs] [Times: user=0.13 sys=0.02, real=0.02 secs] 
2011-02-12T05:40:33.346+0000: 19322.665: [GC
Desired survivor size 21757952 bytes, new threshold 1 (max 15)
 [PSYoungGen: 2757536K->12352K(2774912K)] 5264092K->2519676K(8367360K), 0.0334200 secs] [Times: user=0.21 sys=0.01, real=0.03 secs] 
2011-02-12T05:40:39.625+0000: 19328.945: [GC
Desired survivor size 23265280 bytes, new threshold 1 (max 15)
 [PSYoungGen: 2765376K->17984K(2771008K)] 5272700K->2525816K(8363456K), 0.0428000 secs] [Times: user=0.23 sys=0.02, real=0.04 secs] 
2011-02-12T05:40:46.088+0000: 19335.407: [GC
Desired survivor size 22478848 bytes, new threshold 1 (max 15)
 [PSYoungGen: 2771008K->10208K(2774208K)] 5278840K->2518568K(8366656K), 0.0324780 secs] [Times: user=0.18 sys=0.03, real=0.03 secs] 
2011-02-12T05:40:52.540+0000: 19341.860: [GC
Desired survivor size 24313856 bytes, new threshold 1 (max 15)
 [PSYoungGen: 2761696K->19328K(2770816K)] 5270056K->2528224K(8363264K), 0.0441410 secs] [Times: user=0.25 sys=0.02, real=0.05 secs] 
2011-02-12T05:40:58.868+0000: 19348.187: [GC
Desired survivor size 23330816 bytes, new threshold 1 (max 15)
 [PSYoungGen: 2770816K->12989K(2773376K)] 5279712K->2522433K(8365824K), 0.0365960 secs] [Times: user=0.21 sys=0.02, real=0.03 secs] 
2011-02-12T05:41:04.667+0000: 19353.987: [GC
Desired survivor size 22740992 bytes, new threshold 1 (max 15)
 [PSYoungGen: 2762621K->13689K(2772416K)] 5272065K->2523666K(8364864K), 0.0373140 secs] [Times: user=0.22 sys=0.02, real=0.03 secs] 
2011-02-12T05:41:10.765+0000: 19360.085: [GC
Desired survivor size 22347776 bytes, new threshold 1 (max 15)
 [PSYoungGen: 2763321K->14208K(2774336K)] 5273298K->2524874K(8366784K), 0.0384500 secs] [Times: user=0.22 sys=0.02, real=0.04 secs] 
2011-02-12T05:41:16.683+0000: 19366.003: [GC
Desired survivor size 22806528 bytes, new threshold 1 (max 15)
 [PSYoungGen: 2766336K->16528K(2768704K)] 5277002K->2527694K(8361152K), 0.0386480 secs] [Times: user=0.23 sys=0.02, real=0.04 secs] 
2011-02-12T05:41:22.657+0000: 19371.977: [GC
Desired survivor size 23527424 bytes, new threshold 1 (max 15)
 [PSYoungGen: 2768656K->17634K(2772480K)] 5279822K->2529420K(8364928K), 0.0402000 secs] [Times: user=0.24 sys=0.01, real=0.04 secs] 
2011-02-12T05:41:29.194+0000: 19378.513: [GC
Desired survivor size 22872064 bytes, new threshold 1 (max 15)
 [PSYoungGen: 2767842K->12192K(2773184K)] 5279628K->2524602K(8365632K), 0.0344850 secs] [Times: user=0.20 sys=0.02, real=0.03 secs] 
2011-02-12T05:41:35.741+0000: 19385.060: [GC
Desired survivor size 22806528 bytes, new threshold 1 (max 15)
 [PSYoungGen: 2762400K->8608K(2773888K)] 5274810K->2521626K(8366336K), 0.0326110 secs] [Times: user=0.19 sys=0.02, real=0.03 secs] 
2011-02-12T05:41:42.236+0000: 19391.555: [GC
Desired survivor size 23855104 bytes, new threshold 1 (max 15)
 [PSYoungGen: 2760160K->18284K(2769856K)] 5273178K->2531891K(8362304K), 0.0409280 secs] [Times: user=0.24 sys=0.03, real=0.04 secs] 
2011-02-12T05:41:48.663+0000: 19397.982: [GC
Desired survivor size 23920640 bytes, new threshold 1 (max 15)
 [PSYoungGen: 2769836K->7616K(2772736K)] 5283443K->2521855K(8365184K), 0.0293550 secs] [Times: user=0.15 sys=0.01, real=0.03 secs] 
2011-02-12T05:41:55.095+0000: 19404.415: [GC
Desired survivor size 22937600 bytes, new threshold 1 (max 15)
 [PSYoungGen: 2757056K->13216K(2772800K)] 5271295K->2527887K(8365248K), 0.0346890 secs] [Times: user=0.21 sys=0.01, real=0.03 secs] 
2011-02-12T05:42:00.843+0000: 19410.163: [GC
Desired survivor size 22347776 bytes, new threshold 1 (max 15)
 [PSYoungGen: 2762656K->14018K(2774336K)] 5277327K->2529201K(8366784K), 0.0364570 secs] [Times: user=0.22 sys=0.02, real=0.03 secs] 
2011-02-12T05:42:06.501+0000: 19415.820: [GC
Desired survivor size 22413312 bytes, new threshold 1 (max 15)
 [PSYoungGen: 2765954K->7640K(2773760K)] 5281137K->2523493K(8366208K), 0.0296510 secs] [Times: user=0.15 sys=0.01, real=0.03 secs] 
2011-02-12T05:42:12.323+0000: 19421.643: [GC
Desired survivor size 22216704 bytes, new threshold 1 (max 15)
 [PSYoungGen: 2759576K->8272K(2774464K)] 5275429K->2524813K(8366912K), 0.0298970 secs] [Times: user=0.17 sys=0.03, real=0.03 secs] 
2011-02-12T05:42:18.497+0000: 19427.817: [GC
Desired survivor size 21823488 bytes, new threshold 1 (max 15)
 [PSYoungGen: 2760848K->8880K(2774272K)] 5277389K->2525901K(8366720K), 0.0307940 secs] [Times: user=0.16 sys=0.01, real=0.03 secs] 
2011-02-12T05:42:24.001+0000: 19433.321: [GC
Desired survivor size 21626880 bytes, new threshold 1 (max 15)
 [PSYoungGen: 2761456K->7208K(2775040K)] 5278477K->2524833K(8367488K), 0.0280220 secs] [Times: user=0.15 sys=0.02, real=0.03 secs] 
2011-02-12T05:42:28.885+0000: 19438.204: [GC
Desired survivor size 21626880 bytes, new threshold 1 (max 15)
 [PSYoungGen: 2760936K->5408K(2774848K)] 5278561K->2523673K(8367296K), 0.0278110 secs] [Times: user=0.14 sys=0.02, real=0.03 secs] 
2011-02-12T05:42:33.888+0000: 19443.207: [GC
Desired survivor size 21823488 bytes, new threshold 1 (max 15)
 [PSYoungGen: 2759136K->3504K(2774656K)] 5277401K->2522157K(8367104K), 0.0221490 secs] [Times: user=0.12 sys=0.01, real=0.02 secs] 
2011-02-12T05:42:40.241+0000: 19449.561: [GC
Desired survivor size 20709376 bytes, new threshold 1 (max 15)
 [PSYoungGen: 2757040K->9920K(2774848K)] 5275693K->2528977K(8367296K), 0.0314560 secs] [Times: user=0.18 sys=0.02, real=0.03 secs] 
2011-02-12T05:42:46.574+0000: 19455.893: [GC
Desired survivor size 20185088 bytes, new threshold 1 (max 15)
 [PSYoungGen: 2763456K->6848K(2776448K)] 5282513K->2526549K(8368896K), 0.0281040 secs] [Times: user=0.17 sys=0.02, real=0.03 secs] 
2011-02-12T05:42:53.388+0000: 19462.708: [GC
Desired survivor size 20185088 bytes, new threshold 1 (max 15)
 [PSYoungGen: 2763072K->4032K(2775936K)] 5282773K->2524305K(8368384K), 0.0261240 secs] [Times: user=0.14 sys=0.01, real=0.03 secs] 
2011-02-12T05:42:59.711+0000: 19469.031: [GC
Desired survivor size 19333120 bytes, new threshold 1 (max 15)
 [PSYoungGen: 2760256K->9728K(2777280K)] 5280529K->2530489K(8369728K), 0.0325560 secs] [Times: user=0.19 sys=0.02, real=0.03 secs] 
2011-02-12T05:43:05.676+0000: 19474.996: [GC
Desired survivor size 18743296 bytes, new threshold 1 (max 15)
 [PSYoungGen: 2767296K->10298K(2776448K)] 5288057K->2531587K(8368896K), 0.0325940 secs] [Times: user=0.19 sys=0.02, real=0.03 secs] 
2011-02-12T05:43:11.785+0000: 19481.105: [GC
Desired survivor size 19136512 bytes, new threshold 1 (max 15)
 [PSYoungGen: 2767866K->12800K(2777088K)] 5289155K->2534859K(8369536K), 0.0374790 secs] [Times: user=0.20 sys=0.02, real=0.04 secs] 
2011-02-12T05:43:18.078+0000: 19487.398: [GC
Desired survivor size 18612224 bytes, new threshold 1 (max 15)
 [PSYoungGen: 2771584K->7568K(2777472K)] 5293643K->2530159K(8369920K), 0.0303780 secs] [Times: user=0.17 sys=0.01, real=0.03 secs] 
2011-02-12T05:43:24.173+0000: 19493.493: [GC
Desired survivor size 18415616 bytes, new threshold 1 (max 15)
 [PSYoungGen: 2766352K->11230K(2778176K)] 5288943K->2534473K(8370624K), 0.0345560 secs] [Times: user=0.19 sys=0.01, real=0.04 secs] 
2011-02-12T05:43:30.653+0000: 19499.973: [GC
Desired survivor size 20054016 bytes, new threshold 1 (max 15)
 [PSYoungGen: 2771230K->16192K(2776256K)] 5294473K->2540223K(8368704K), 0.0385770 secs] [Times: user=0.23 sys=0.02, real=0.04 secs] 
2011-02-12T05:43:35.631+0000: 19504.950: [GC
Desired survivor size 20119552 bytes, new threshold 1 (max 15)
 [PSYoungGen: 2776192K->4220K(2776448K)] 5300223K->2528732K(8368896K), 0.0270210 secs] [Times: user=0.12 sys=0.01, real=0.03 secs] 
2011-02-12T05:43:40.096+0000: 19509.416: [GC
Desired survivor size 21364736 bytes, new threshold 1 (max 15)
 [PSYoungGen: 2761084K->15536K(2772416K)] 5285596K->2540409K(8364864K), 0.0364840 secs] [Times: user=0.23 sys=0.03, real=0.03 secs] 
2011-02-12T05:43:44.516+0000: 19513.836: [GC
Desired survivor size 21299200 bytes, new threshold 1 (max 15)
 [PSYoungGen: 2772400K->4224K(2775360K)] 5297273K->2529536K(8367808K), 0.0247190 secs] [Times: user=0.12 sys=0.01, real=0.02 secs] 
2011-02-12T05:43:50.152+0000: 19519.471: [GC
Desired survivor size 21889024 bytes, new threshold 1 (max 15)
 [PSYoungGen: 2758720K->14272K(2768768K)] 5284032K->2539972K(8361216K), 0.0347700 secs] [Times: user=0.21 sys=0.01, real=0.04 secs] 
2011-02-12T05:43:56.430+0000: 19525.749: [GC
Desired survivor size 21233664 bytes, new threshold 1 (max 15)
 [PSYoungGen: 2768768K->7360K(2775424K)] 5294468K->2533616K(8367872K), 0.0293620 secs] [Times: user=0.16 sys=0.02, real=0.03 secs] 
2011-02-12T05:44:02.222+0000: 19531.542: [GC
Desired survivor size 21037056 bytes, new threshold 1 (max 15)
 [PSYoungGen: 2761408K->4642K(2774784K)] 5287668K->2531462K(8367232K), 0.0286480 secs] [Times: user=0.12 sys=0.01, real=0.03 secs] 
2011-02-12T05:44:07.934+0000: 19537.253: [GC
Desired survivor size 22675456 bytes, new threshold 1 (max 15)
 [PSYoungGen: 2758690K->16728K(2772416K)] 5285510K->2544226K(8364864K), 0.0400840 secs] [Times: user=0.23 sys=0.02, real=0.04 secs] 
2011-02-12T05:44:14.006+0000: 19543.325: [GC
Desired survivor size 24248320 bytes, new threshold 1 (max 15)
 [PSYoungGen: 2768600K->17440K(2769344K)] 5296098K->2545438K(8361792K), 0.0398830 secs] [Times: user=0.23 sys=0.01, real=0.04 secs] 
2011-02-12T05:44:20.217+0000: 19549.537: [GC
Desired survivor size 23724032 bytes, new threshold 1 (max 15)
 [PSYoungGen: 2769312K->6448K(2772992K)] 5297310K->2534994K(8365440K), 0.0292500 secs] [Times: user=0.17 sys=0.02, real=0.03 secs] 
2011-02-12T05:44:25.339+0000: 19554.659: [GC
Desired survivor size 22478848 bytes, new threshold 1 (max 15)
 [PSYoungGen: 2755760K->9896K(2772480K)] 5284306K->2538991K(8364928K), 0.0313430 secs] [Times: user=0.16 sys=0.01, real=0.04 secs] 
2011-02-12T05:44:30.110+0000: 19559.430: [GC
Desired survivor size 21757952 bytes, new threshold 1 (max 15)
 [PSYoungGen: 2759208K->7592K(2774912K)] 5288303K->2537359K(8367360K), 0.0307310 secs] [Times: user=0.15 sys=0.01, real=0.04 secs] 
2011-02-12T05:44:35.199+0000: 19564.519: [GC
Desired survivor size 21299200 bytes, new threshold 1 (max 15)
 [PSYoungGen: 2760552K->6256K(2774208K)] 5290319K->2536450K(8366656K), 0.0291180 secs] [Times: user=0.14 sys=0.02, real=0.03 secs] 
2011-02-12T05:44:42.371+0000: 19571.690: [GC
Desired survivor size 21364736 bytes, new threshold 1 (max 15)
 [PSYoungGen: 2759216K->12928K(2775232K)] 5289410K->2543606K(8367680K), 0.0360050 secs] [Times: user=0.21 sys=0.02, real=0.04 secs] 
2011-02-12T05:44:48.742+0000: 19578.062: [GC
Desired survivor size 20905984 bytes, new threshold 1 (max 15)
 [PSYoungGen: 2767360K->6231K(2775296K)] 5298038K->2537398K(8367744K), 0.0277870 secs] [Times: user=0.15 sys=0.02, real=0.03 secs] 
2011-02-12T05:44:55.464+0000: 19584.783: [GC
Desired survivor size 22806528 bytes, new threshold 1 (max 15)
 [PSYoungGen: 2760663K->17565K(2772032K)] 5291830K->2549271K(8364480K), 0.0415520 secs] [Times: user=0.24 sys=0.02, real=0.05 secs] 
2011-02-12T05:45:01.911+0000: 19591.231: [GC
Desired survivor size 22085632 bytes, new threshold 1 (max 15)
 [PSYoungGen: 2769181K->11737K(2773888K)] 5300887K->2543960K(8366336K), 0.0368530 secs] [Times: user=0.18 sys=0.02, real=0.04 secs] 
2011-02-12T05:45:06.775+0000: 19596.095: [GC
Desired survivor size 21626880 bytes, new threshold 1 (max 15)
 [PSYoungGen: 2763353K->12256K(2775040K)] 5295576K->2545256K(8367488K), 0.0371100 secs] [Times: user=0.19 sys=0.02, real=0.04 secs] 
2011-02-12T05:45:12.464+0000: 19601.784: [GC
Desired survivor size 23920640 bytes, new threshold 1 (max 15)
 [PSYoungGen: 2765728K->19488K(2772992K)] 5298728K->2552944K(8365440K), 0.0427100 secs] [Times: user=0.25 sys=0.01, real=0.05 secs] 
2011-02-12T05:45:17.957+0000: 19607.277: [GC
Desired survivor size 23527424 bytes, new threshold 1 (max 15)
 [PSYoungGen: 2772960K->6768K(2773184K)] 5306416K->2540628K(8365632K), 0.0300230 secs] [Times: user=0.16 sys=0.01, real=0.03 secs] 
2011-02-12T05:45:23.865+0000: 19613.185: [GC
Desired survivor size 23068672 bytes, new threshold 1 (max 15)
 [PSYoungGen: 2756784K->6768K(2772992K)] 5290644K->2541132K(8365440K), 0.0286090 secs] [Times: user=0.16 sys=0.02, real=0.03 secs] 
2011-02-12T05:45:29.532+0000: 19618.852: [GC
Desired survivor size 24576000 bytes, new threshold 1 (max 15)
 [PSYoungGen: 2756784K->17884K(2770688K)] 5291148K->2553142K(8363136K), 0.0421650 secs] [Times: user=0.24 sys=0.01, real=0.04 secs] 
2011-02-12T05:45:35.929+0000: 19625.249: [GC
Desired survivor size 23330816 bytes, new threshold 1 (max 15)
 [PSYoungGen: 2766044K->11296K(2772160K)] 5301302K->2547017K(8364608K), 0.0338710 secs] [Times: user=0.19 sys=0.00, real=0.03 secs] 
2011-02-12T05:45:41.398+0000: 19630.718: [GC
Desired survivor size 24444928 bytes, new threshold 1 (max 15)
 [PSYoungGen: 2759456K->17452K(2771200K)] 5295177K->2553726K(8363648K), 0.0409800 secs] [Times: user=0.23 sys=0.02, real=0.04 secs] 
2011-02-12T05:45:48.141+0000: 19637.461: [GC
Desired survivor size 24641536 bytes, new threshold 1 (max 15)
 [PSYoungGen: 2765868K->4000K(2752448K)] 5302142K->2540874K(8344896K), 0.0254280 secs] [Times: user=0.13 sys=0.01, real=0.02 secs] 
2011-02-12T05:45:54.393+0000: 19643.713: [GC
Desired survivor size 23330816 bytes, new threshold 1 (max 15)
 [PSYoungGen: 2752416K->11175K(2773376K)] 5289290K->2548497K(8365824K), 0.0349100 secs] [Times: user=0.18 sys=0.01, real=0.03 secs] 
2011-02-12T05:45:59.688+0000: 19649.008: [GC
Desired survivor size 24444928 bytes, new threshold 1 (max 15)
 [PSYoungGen: 2760487K->17332K(2772096K)] 5297809K->2555187K(8364544K), 0.0391250 secs] [Times: user=0.25 sys=0.01, real=0.04 secs] 
2011-02-12T05:46:05.008+0000: 19654.327: [GC
Desired survivor size 23265280 bytes, new threshold 1 (max 15)
 [PSYoungGen: 2766644K->11916K(2773440K)] 5304499K->2550224K(8365888K), 0.0356810 secs] [Times: user=0.19 sys=0.02, real=0.04 secs] 
2011-02-12T05:46:11.227+0000: 19660.546: [GC
Desired survivor size 23986176 bytes, new threshold 1 (max 15)
 [PSYoungGen: 2761484K->16544K(2772288K)] 5299792K->2555888K(8364736K), 0.0406610 secs] [Times: user=0.24 sys=0.02, real=0.04 secs] 
2011-02-12T05:46:17.447+0000: 19666.766: [GC
Desired survivor size 23986176 bytes, new threshold 1 (max 15)
 [PSYoungGen: 2766112K->5456K(2772736K)] 5305456K->2545437K(8365184K), 0.0273350 secs] [Times: user=0.15 sys=0.02, real=0.03 secs] 
2011-02-12T05:46:23.667+0000: 19672.987: [GC
Desired survivor size 23003136 bytes, new threshold 1 (max 15)
 [PSYoungGen: 2754768K->10480K(2772736K)] 5294749K->2551037K(8365184K), 0.0319650 secs] [Times: user=0.19 sys=0.01, real=0.03 secs] 
2011-02-12T05:46:29.737+0000: 19679.056: [GC
Desired survivor size 21954560 bytes, new threshold 1 (max 15)
 [PSYoungGen: 2759792K->11184K(2774720K)] 5300349K->2552369K(8367168K), 0.0349390 secs] [Times: user=0.18 sys=0.01, real=0.03 secs] 
2011-02-12T05:46:35.693+0000: 19685.013: [GC
Desired survivor size 21102592 bytes, new threshold 1 (max 15)
 [PSYoungGen: 2763440K->11968K(2773696K)] 5304625K->2553861K(8366144K), 0.0347410 secs] [Times: user=0.21 sys=0.02, real=0.04 secs] 
2011-02-12T05:46:41.569+0000: 19690.888: [GC
Desired survivor size 20447232 bytes, new threshold 1 (max 15)
 [PSYoungGen: 2764224K->9920K(2776192K)] 5306117K->2552349K(8368640K), 0.0336670 secs] [Times: user=0.17 sys=0.02, real=0.03 secs] 
2011-02-12T05:46:47.710+0000: 19697.030: [GC
Desired survivor size 19726336 bytes, new threshold 1 (max 15)
 [PSYoungGen: 2765504K->11712K(2775552K)] 5307933K->2554709K(8368000K), 0.0323140 secs] [Times: user=0.19 sys=0.01, real=0.03 secs] 
2011-02-12T05:46:53.310+0000: 19702.630: [GC
Desired survivor size 19791872 bytes, new threshold 1 (max 15)
 [PSYoungGen: 2767296K->6335K(2776768K)] 5310293K->2549849K(8369216K), 0.0287880 secs] [Times: user=0.15 sys=0.02, real=0.03 secs] 
2011-02-12T05:46:59.050+0000: 19708.370: [GC
Desired survivor size 19726336 bytes, new threshold 1 (max 15)
 [PSYoungGen: 2763839K->6166K(2776832K)] 5307353K->2550120K(8369280K), 0.0294870 secs] [Times: user=0.16 sys=0.00, real=0.03 secs] 
2011-02-12T05:47:04.581+0000: 19713.901: [GC
Desired survivor size 21299200 bytes, new threshold 1 (max 15)
 [PSYoungGen: 2763670K->16826K(2773824K)] 5307624K->2561238K(8366272K), 0.0411650 secs] [Times: user=0.23 sys=0.02, real=0.04 secs] 
2011-02-12T05:47:10.756+0000: 19720.075: [GC
Desired survivor size 23003136 bytes, new threshold 1 (max 15)
 [PSYoungGen: 2771386K->18176K(2772736K)] 5315798K->2563322K(8365184K), 0.0403800 secs] [Times: user=0.24 sys=0.02, real=0.04 secs] 
2011-02-12T05:47:16.854+0000: 19726.174: [GC
Desired survivor size 23003136 bytes, new threshold 1 (max 15)
 [PSYoungGen: 2772736K->5232K(2773696K)] 5317882K->2550882K(8366144K), 0.0309460 secs] [Times: user=0.13 sys=0.02, real=0.03 secs] 
2011-02-12T05:47:23.155+0000: 19732.475: [GC
Desired survivor size 21954560 bytes, new threshold 1 (max 15)
 [PSYoungGen: 2756464K->10672K(2773696K)] 5302114K->2557006K(8366144K), 0.0326460 secs] [Times: user=0.18 sys=0.01, real=0.03 secs] 
2011-02-12T05:47:29.388+0000: 19738.708: [GC
Desired survivor size 22151168 bytes, new threshold 1 (max 15)
 [PSYoungGen: 2761904K->14400K(2774336K)] 5308238K->2561382K(8366784K), 0.0368350 secs] [Times: user=0.23 sys=0.01, real=0.04 secs] 
2011-02-12T05:47:35.642+0000: 19744.962: [GC
Desired survivor size 22413312 bytes, new threshold 1 (max 15)
 [PSYoungGen: 2767296K->4032K(2756928K)] 5314278K->2551553K(8349376K), 0.0258900 secs] [Times: user=0.13 sys=0.01, real=0.03 secs] 
2011-02-12T05:47:41.572+0000: 19750.891: [GC
Desired survivor size 23461888 bytes, new threshold 1 (max 15)
 [PSYoungGen: 2756928K->16512K(2772224K)] 5304449K->2564549K(8364672K), 0.0437390 secs] [Times: user=0.23 sys=0.01, real=0.05 secs] 
2011-02-12T05:47:48.079+0000: 19757.399: [GC
Desired survivor size 22544384 bytes, new threshold 1 (max 15)
 [PSYoungGen: 2766848K->12064K(2773248K)] 5314885K->2560621K(8365696K), 0.0390430 secs] [Times: user=0.19 sys=0.01, real=0.04 secs] 
2011-02-12T05:47:54.494+0000: 19763.814: [GC
Desired survivor size 22478848 bytes, new threshold 1 (max 15)
 [PSYoungGen: 2762400K->5728K(2774208K)] 5310957K->2554797K(8366656K), 0.0281700 secs] [Times: user=0.14 sys=0.02, real=0.03 secs] 
2011-02-12T05:48:00.680+0000: 19770.000: [GC
Desired survivor size 21889024 bytes, new threshold 1 (max 15)
 [PSYoungGen: 2757920K->7329K(2774144K)] 5306989K->2556923K(8366592K), 0.0307480 secs] [Times: user=0.16 sys=0.02, real=0.03 secs] 
2011-02-12T05:48:06.180+0000: 19775.499: [GC
Desired survivor size 25755648 bytes, new threshold 1 (max 15)
 [PSYoungGen: 2759521K->21362K(2767232K)] 5309115K->2573142K(8359680K), 0.0459560 secs] [Times: user=0.29 sys=0.02, real=0.04 secs] 
2011-02-12T05:48:12.063+0000: 19781.382: [GC
Desired survivor size 25100288 bytes, new threshold 1 (max 15)
 [PSYoungGen: 2767218K->13680K(2771008K)] 5318998K->2566003K(8363456K), 0.0381110 secs] [Times: user=0.20 sys=0.01, real=0.04 secs] 
2011-02-12T05:48:18.182+0000: 19787.501: [GC
Desired survivor size 26017792 bytes, new threshold 1 (max 15)
 [PSYoungGen: 2759536K->17616K(2769856K)] 5311859K->2570419K(8362304K), 0.0397220 secs] [Times: user=0.24 sys=0.01, real=0.04 secs] 
2011-02-12T05:48:24.519+0000: 19793.838: [GC
Desired survivor size 24903680 bytes, new threshold 1 (max 15)
 [PSYoungGen: 2762960K->11248K(2770752K)] 5315763K->2564695K(8363200K), 0.0337720 secs] [Times: user=0.20 sys=0.01, real=0.04 secs] 
2011-02-12T05:48:30.719+0000: 19800.039: [GC
Desired survivor size 25624576 bytes, new threshold 1 (max 15)
 [PSYoungGen: 2756592K->17510K(2770432K)] 5310039K->2571721K(8362880K), 0.0409470 secs] [Times: user=0.25 sys=0.03, real=0.04 secs] 
2011-02-12T05:48:36.751+0000: 19806.071: [GC
Desired survivor size 26804224 bytes, new threshold 1 (max 15)
 [PSYoungGen: 2763622K->19333K(2765504K)] 5317833K->2574036K(8357952K), 0.0404890 secs] [Times: user=0.26 sys=0.02, real=0.05 secs] 
2011-02-12T05:48:43.362+0000: 19812.681: [GC
Desired survivor size 26214400 bytes, new threshold 1 (max 15)
 [PSYoungGen: 2765445K->9808K(2770560K)] 5320148K->2564916K(8363008K), 0.0312900 secs] [Times: user=0.17 sys=0.02, real=0.04 secs] 
2011-02-12T05:48:50.093+0000: 19819.413: [GC
Desired survivor size 25952256 bytes, new threshold 1 (max 15)
 [PSYoungGen: 2754192K->7360K(2769984K)] 5309300K->2563056K(8362432K), 0.0295150 secs] [Times: user=0.16 sys=0.01, real=0.03 secs] 
2011-02-12T05:48:56.680+0000: 19826.000: [GC
Desired survivor size 25690112 bytes, new threshold 1 (max 15)
 [PSYoungGen: 2751744K->15466K(2771072K)] 5307440K->2571578K(8363520K), 0.0369480 secs] [Times: user=0.22 sys=0.02, real=0.04 secs] 
2011-02-12T05:49:03.401+0000: 19832.721: [GC
Desired survivor size 25034752 bytes, new threshold 1 (max 15)
 [PSYoungGen: 2761194K->14361K(2770816K)] 5317306K->2571065K(8363264K), 0.0361500 secs] [Times: user=0.23 sys=0.01, real=0.04 secs] 
2011-02-12T05:49:09.741+0000: 19839.060: [GC
Desired survivor size 25165824 bytes, new threshold 1 (max 15)
 [PSYoungGen: 2760089K->5440K(2771456K)] 5316793K->2563029K(8363904K), 0.0283610 secs] [Times: user=0.16 sys=0.02, real=0.03 secs] 
2011-02-12T05:49:16.533+0000: 19845.853: [GC
Desired survivor size 25755648 bytes, new threshold 1 (max 15)
 [PSYoungGen: 2752448K->17168K(2764224K)] 5310037K->2575325K(8356672K), 0.0409220 secs] [Times: user=0.24 sys=0.01, real=0.04 secs] 
2011-02-12T05:49:23.190+0000: 19852.510: [GC
Desired survivor size 24510464 bytes, new threshold 1 (max 15)
 [PSYoungGen: 2764176K->12592K(2772224K)] 5322333K->2571301K(8364672K), 0.0362930 secs] [Times: user=0.19 sys=0.01, real=0.03 secs] 
2011-02-12T05:49:29.616+0000: 19858.936: [GC
Desired survivor size 24772608 bytes, new threshold 1 (max 15)
 [PSYoungGen: 2759664K->4672K(2771008K)] 5318373K->2564053K(8363456K), 0.0261380 secs] [Times: user=0.15 sys=0.02, real=0.03 secs] 
2011-02-12T05:49:35.748+0000: 19865.068: [GC
Desired survivor size 24641536 bytes, new threshold 1 (max 15)
 [PSYoungGen: 2751744K->5500K(2772096K)] 5311125K->2565530K(8364544K), 0.0284380 secs] [Times: user=0.15 sys=0.02, real=0.03 secs] 
2011-02-12T05:49:42.464+0000: 19871.784: [GC
Desired survivor size 25427968 bytes, new threshold 1 (max 15)
 [PSYoungGen: 2753404K->16768K(2764672K)] 5313434K->2577430K(8357120K), 0.0405460 secs] [Times: user=0.22 sys=0.02, real=0.04 secs] 
2011-02-12T05:49:49.034+0000: 19878.353: [GC
Desired survivor size 25755648 bytes, new threshold 1 (max 15)
 [PSYoungGen: 2764672K->16224K(2770688K)] 5325334K->2577422K(8363136K), 0.0410730 secs] [Times: user=0.21 sys=0.01, real=0.04 secs] 
2011-02-12T05:49:55.681+0000: 19885.001: [GC
Desired survivor size 24641536 bytes, new threshold 1 (max 15)
 [PSYoungGen: 2762080K->12729K(2771008K)] 5323278K->2574351K(8363456K), 0.0341890 secs] [Times: user=0.22 sys=0.01, real=0.04 secs] 
2011-02-12T05:50:01.609+0000: 19890.928: [GC
Desired survivor size 23592960 bytes, new threshold 1 (max 15)
 [PSYoungGen: 2758585K->12834K(2773120K)] 5320207K->2575000K(8365568K), 0.0353700 secs] [Times: user=0.20 sys=0.03, real=0.04 secs] 
2011-02-12T05:50:06.883+0000: 19896.203: [GC
Desired survivor size 25952256 bytes, new threshold 1 (max 15)
 [PSYoungGen: 2761890K->21323K(2770432K)] 5324056K->2584131K(8362880K), 0.0452860 secs] [Times: user=0.27 sys=0.02, real=0.04 secs] 
2011-02-12T05:50:13.144+0000: 19902.464: [GC
Desired survivor size 25100288 bytes, new threshold 1 (max 15)
 [PSYoungGen: 2770379K->10880K(2771648K)] 5333187K->2574192K(8364096K), 0.0336190 secs] [Times: user=0.19 sys=0.02, real=0.03 secs] 
2011-02-12T05:50:19.147+0000: 19908.467: [GC
Desired survivor size 24248320 bytes, new threshold 1 (max 15)
 [PSYoungGen: 2757184K->11248K(2770816K)] 5320496K->2575151K(8363264K), 0.0345810 secs] [Times: user=0.20 sys=0.02, real=0.03 secs] 
2011-02-12T05:50:25.054+0000: 19914.374: [GC
Desired survivor size 23527424 bytes, new threshold 1 (max 15)
 [PSYoungGen: 2757552K->13816K(2773184K)] 5321455K->2578360K(8365632K), 0.0352120 secs] [Times: user=0.21 sys=0.01, real=0.04 secs] 
2011-02-12T05:50:31.321+0000: 19920.641: [GC
Desired survivor size 22609920 bytes, new threshold 1 (max 15)
 [PSYoungGen: 2763320K->13248K(2772480K)] 5327864K->2578467K(8364928K), 0.0376430 secs] [Times: user=0.20 sys=0.02, real=0.04 secs] 
2011-02-12T05:50:37.863+0000: 19927.182: [GC
Desired survivor size 23199744 bytes, new threshold 1 (max 15)
 [PSYoungGen: 2762752K->4000K(2772928K)] 5327971K->2569635K(8365376K), 0.0260800 secs] [Times: user=0.14 sys=0.01, real=0.03 secs] 
2011-02-12T05:50:44.265+0000: 19933.585: [GC
Desired survivor size 22609920 bytes, new threshold 1 (max 15)
 [PSYoungGen: 2754848K->9244K(2773504K)] 5320483K->2575368K(8365952K), 0.0318980 secs] [Times: user=0.17 sys=0.01, real=0.04 secs] 
2011-02-12T05:50:50.860+0000: 19940.180: [GC
Desired survivor size 22937600 bytes, new threshold 1 (max 15)
 [PSYoungGen: 2760092K->4160K(2773440K)] 5326216K->2570972K(8365888K), 0.0258780 secs] [Times: user=0.13 sys=0.01, real=0.02 secs] 
2011-02-12T05:50:57.359+0000: 19946.679: [GC
Desired survivor size 22282240 bytes, new threshold 1 (max 15)
 [PSYoungGen: 2755520K->12384K(2773760K)] 5322332K->2579708K(8366208K), 0.0353440 secs] [Times: user=0.21 sys=0.01, real=0.03 secs] 
2011-02-12T05:51:03.150+0000: 19952.469: [GC
Desired survivor size 21233664 bytes, new threshold 1 (max 15)
 [PSYoungGen: 2763744K->10987K(2775424K)] 5331068K->2578760K(8367872K), 0.0340470 secs] [Times: user=0.18 sys=0.02, real=0.04 secs] 
2011-02-12T05:51:09.009+0000: 19958.328: [GC
Desired survivor size 20316160 bytes, new threshold 1 (max 15)
 [PSYoungGen: 2764651K->10685K(2774400K)] 5332424K->2579124K(8366848K), 0.0359390 secs] [Times: user=0.17 sys=0.03, real=0.04 secs] 
2011-02-12T05:51:14.894+0000: 19964.214: [GC
Desired survivor size 19988480 bytes, new threshold 1 (max 15)
 [PSYoungGen: 2764349K->7868K(2776640K)] 5332788K->2576670K(8369088K), 0.0303720 secs] [Times: user=0.16 sys=0.01, real=0.03 secs] 
2011-02-12T05:51:21.184+0000: 19970.504: [GC
Desired survivor size 20381696 bytes, new threshold 1 (max 15)
 [PSYoungGen: 2764668K->14160K(2771008K)] 5333470K->2583410K(8363456K), 0.0359630 secs] [Times: user=0.22 sys=0.02, real=0.03 secs] 
2011-02-12T05:51:28.043+0000: 19977.363: [GC
Desired survivor size 20316160 bytes, new threshold 1 (max 15)
 [PSYoungGen: 2770960K->13316K(2776320K)] 5340210K->2583235K(8368768K), 0.0351980 secs] [Times: user=0.22 sys=0.01, real=0.03 secs] 
2011-02-12T05:51:35.040+0000: 19984.360: [GC
Desired survivor size 19529728 bytes, new threshold 1 (max 15)
 [PSYoungGen: 2769732K->11616K(2776256K)] 5339651K->2582342K(8368704K), 0.0343810 secs] [Times: user=0.19 sys=0.01, real=0.04 secs] 
2011-02-12T05:51:42.171+0000: 19991.490: [GC
Desired survivor size 20185088 bytes, new threshold 1 (max 15)
 [PSYoungGen: 2768032K->15120K(2775808K)] 5338758K->2586315K(8368256K), 0.0387810 secs] [Times: user=0.22 sys=0.01, real=0.04 secs] 
2011-02-12T05:51:48.246+0000: 19997.566: [GC
Desired survivor size 20512768 bytes, new threshold 1 (max 15)
 [PSYoungGen: 2771856K->5120K(2761856K)] 5343051K->2576887K(8354304K), 0.0290770 secs] [Times: user=0.14 sys=0.01, real=0.03 secs] 
2011-02-12T05:51:54.583+0000: 20003.903: [GC
Desired survivor size 20119552 bytes, new threshold 1 (max 15)
 [PSYoungGen: 2761856K->12352K(2776512K)] 5333623K->2584623K(8368960K), 0.0361060 secs] [Times: user=0.20 sys=0.02, real=0.04 secs] 
2011-02-12T05:51:59.999+0000: 20009.319: [GC
Desired survivor size 22347776 bytes, new threshold 1 (max 15)
 [PSYoungGen: 2768832K->19456K(2775936K)] 5341103K->2592343K(8368384K), 0.0421840 secs] [Times: user=0.26 sys=0.01, real=0.04 secs] 
2011-02-12T05:52:05.026+0000: 20014.346: [GC
Desired survivor size 22740992 bytes, new threshold 1 (max 15)
 [PSYoungGen: 2775936K->4185K(2771968K)] 5348823K->2577553K(8364416K), 0.0254540 secs] [Times: user=0.14 sys=0.01, real=0.03 secs] 
2011-02-12T05:52:11.509+0000: 20020.829: [GC
Desired survivor size 21692416 bytes, new threshold 1 (max 15)
 [PSYoungGen: 2755929K->11392K(2773952K)] 5329297K->2585449K(8366400K), 0.0351790 secs] [Times: user=0.19 sys=0.01, real=0.03 secs] 
2011-02-12T05:52:18.298+0000: 20027.618: [GC
Desired survivor size 21037056 bytes, new threshold 1 (max 15)
 [PSYoungGen: 2763136K->8896K(2775616K)] 5337193K->2583473K(8368064K), 0.0300520 secs] [Times: user=0.16 sys=0.00, real=0.04 secs] 
2011-02-12T05:52:24.479+0000: 20033.799: [GC
Desired survivor size 20774912 bytes, new threshold 1 (max 15)
 [PSYoungGen: 2763328K->12816K(2774976K)] 5337905K->2587965K(8367424K), 0.0360070 secs] [Times: user=0.19 sys=0.02, real=0.04 secs] 
2011-02-12T05:52:30.613+0000: 20039.932: [GC
Desired survivor size 21495808 bytes, new threshold 1 (max 15)
 [PSYoungGen: 2767248K->15488K(2774464K)] 5342397K->2591273K(8366912K), 0.0382900 secs] [Times: user=0.24 sys=0.02, real=0.04 secs] 
2011-02-12T05:52:37.172+0000: 20046.491: [GC
Desired survivor size 20578304 bytes, new threshold 1 (max 15)
 [PSYoungGen: 2769664K->11200K(2775168K)] 5345449K->2587637K(8367616K), 0.0352850 secs] [Times: user=0.20 sys=0.02, real=0.03 secs] 
2011-02-12T05:52:44.130+0000: 20053.450: [GC
Desired survivor size 20578304 bytes, new threshold 1 (max 15)
 [PSYoungGen: 2765376K->13776K(2776064K)] 5341813K->2590689K(8368512K), 0.0392460 secs] [Times: user=0.20 sys=0.01, real=0.04 secs] 
2011-02-12T05:52:50.810+0000: 20060.130: [GC
Desired survivor size 19857408 bytes, new threshold 1 (max 15)
 [PSYoungGen: 2769744K->11040K(2776064K)] 5346657K->2588481K(8368512K), 0.0340620 secs] [Times: user=0.19 sys=0.01, real=0.04 secs] 
2011-02-12T05:52:57.364+0000: 20066.684: [GC
Desired survivor size 20316160 bytes, new threshold 1 (max 15)
 [PSYoungGen: 2767008K->4448K(2775872K)] 5344449K->2582361K(8368320K), 0.0270480 secs] [Times: user=0.13 sys=0.02, real=0.02 secs] 
2011-02-12T05:53:03.729+0000: 20073.049: [GC
Desired survivor size 20054016 bytes, new threshold 1 (max 15)
 [PSYoungGen: 2760928K->12601K(2776320K)] 5338841K->2591007K(8368768K), 0.0362930 secs] [Times: user=0.22 sys=0.01, real=0.04 secs] 
2011-02-12T05:53:10.470+0000: 20079.790: [GC
Desired survivor size 19660800 bytes, new threshold 1 (max 15)
 [PSYoungGen: 2769081K->8416K(2776960K)] 5347487K->2587603K(8369408K), 0.0314220 secs] [Times: user=0.15 sys=0.02, real=0.03 secs] 
2011-02-12T05:53:17.328+0000: 20086.648: [GC
Desired survivor size 19202048 bytes, new threshold 1 (max 15)
 [PSYoungGen: 2765792K->8432K(2776576K)] 5344979K->2588151K(8369024K), 0.0314360 secs] [Times: user=0.17 sys=0.02, real=0.03 secs] 
2011-02-12T05:53:23.437+0000: 20092.757: [GC
Desired survivor size 18808832 bytes, new threshold 1 (max 15)
 [PSYoungGen: 2765808K->11696K(2777792K)] 5345527K->2592071K(8370240K), 0.0342970 secs] [Times: user=0.21 sys=0.01, real=0.03 secs] 
2011-02-12T05:53:29.991+0000: 20099.311: [GC
Desired survivor size 18808832 bytes, new threshold 1 (max 15)
 [PSYoungGen: 2770736K->6339K(2777408K)] 5351111K->2587291K(8369856K), 0.0291100 secs] [Times: user=0.15 sys=0.02, real=0.03 secs] 
2011-02-12T05:53:37.049+0000: 20106.368: [GC
Desired survivor size 18481152 bytes, new threshold 1 (max 15)
 [PSYoungGen: 2765379K->11648K(2778112K)] 5346331K->2593155K(8370560K), 0.0333260 secs] [Times: user=0.20 sys=0.01, real=0.03 secs] 
2011-02-12T05:53:43.662+0000: 20112.982: [GC
Desired survivor size 18677760 bytes, new threshold 1 (max 15)
 [PSYoungGen: 2771392K->4688K(2777792K)] 5352899K->2586815K(8370240K), 0.0275390 secs] [Times: user=0.14 sys=0.02, real=0.03 secs] 
2011-02-12T05:53:50.253+0000: 20119.573: [GC
Desired survivor size 20381696 bytes, new threshold 1 (max 15)
 [PSYoungGen: 2764432K->16486K(2774592K)] 5346559K->2599227K(8367040K), 0.0397360 secs] [Times: user=0.20 sys=0.02, real=0.04 secs] 
2011-02-12T05:53:56.932+0000: 20126.252: [GC
Desired survivor size 20774912 bytes, new threshold 1 (max 15)
 [PSYoungGen: 2772838K->14160K(2770560K)] 5355579K->2597460K(8363008K), 0.0371890 secs] [Times: user=0.22 sys=0.01, real=0.03 secs] 
2011-02-12T05:54:03.000+0000: 20132.320: [GC
Desired survivor size 22806528 bytes, new threshold 1 (max 15)
 [PSYoungGen: 2770512K->18726K(2771904K)] 5353812K->2602591K(8364352K), 0.0426080 secs] [Times: user=0.26 sys=0.02, real=0.05 secs] 
2011-02-12T05:54:09.260+0000: 20138.579: [GC
Desired survivor size 22544384 bytes, new threshold 1 (max 15)
 [PSYoungGen: 2770342K->7040K(2773888K)] 5354207K->2591691K(8366336K), 0.0315630 secs] [Times: user=0.16 sys=0.01, real=0.03 secs] 
2011-02-12T05:54:15.625+0000: 20144.945: [GC
Desired survivor size 23724032 bytes, new threshold 1 (max 15)
 [PSYoungGen: 2758656K->17342K(2771840K)] 5343307K->2602529K(8364288K), 0.0413110 secs] [Times: user=0.24 sys=0.00, real=0.04 secs] 
2011-02-12T05:54:21.554+0000: 20150.874: [GC
Desired survivor size 25296896 bytes, new threshold 1 (max 15)
 [PSYoungGen: 2767166K->19061K(2768896K)] 5352353K->2604781K(8361344K), 0.0418170 secs] [Times: user=0.26 sys=0.02, real=0.04 secs] 
2011-02-12T05:54:27.885+0000: 20157.205: [GC
Desired survivor size 25100288 bytes, new threshold 1 (max 15)
 [PSYoungGen: 2768885K->6832K(2771648K)] 5354605K->2593196K(8364096K), 0.0280620 secs] [Times: user=0.17 sys=0.00, real=0.02 secs] 
2011-02-12T05:54:34.452+0000: 20163.772: [GC
Desired survivor size 24969216 bytes, new threshold 1 (max 15)
 [PSYoungGen: 2753776K->15000K(2771456K)] 5340140K->2602121K(8363904K), 0.0377210 secs] [Times: user=0.22 sys=0.02, real=0.04 secs] 
2011-02-12T05:54:41.238+0000: 20170.558: [GC
Desired survivor size 24576000 bytes, new threshold 1 (max 15)
 [PSYoungGen: 2761944K->14560K(2772160K)] 5349065K->2602237K(8364608K), 0.0380000 secs] [Times: user=0.22 sys=0.02, real=0.04 secs] 
2011-02-12T05:54:47.802+0000: 20177.122: [GC
Desired survivor size 24051712 bytes, new threshold 1 (max 15)
 [PSYoungGen: 2762336K->14272K(2771776K)] 5350013K->2602357K(8364224K), 0.0367070 secs] [Times: user=0.22 sys=0.01, real=0.04 secs] 
2011-02-12T05:54:54.494+0000: 20183.814: [GC
Desired survivor size 23199744 bytes, new threshold 1 (max 15)
 [PSYoungGen: 2762048K->11232K(2773504K)] 5350133K->2599877K(8365952K), 0.0352030 secs] [Times: user=0.20 sys=0.02, real=0.04 secs] 
2011-02-12T05:55:00.876+0000: 20190.195: [GC
Desired survivor size 22872064 bytes, new threshold 1 (max 15)
 [PSYoungGen: 2761248K->14433K(2772672K)] 5349893K->2603695K(8365120K), 0.0389490 secs] [Times: user=0.22 sys=0.01, real=0.04 secs] 
2011-02-12T05:55:07.080+0000: 20196.399: [GC
Desired survivor size 23592960 bytes, new threshold 1 (max 15)
 [PSYoungGen: 2764449K->3127K(2772416K)] 5353711K->2593135K(8364864K), 0.0257220 secs] [Times: user=0.13 sys=0.01, real=0.02 secs] 
2011-02-12T05:55:13.423+0000: 20202.743: [GC
Desired survivor size 22740992 bytes, new threshold 1 (max 15)
 [PSYoungGen: 2753207K->12589K(2773120K)] 5343215K->2603136K(8365568K), 0.0359840 secs] [Times: user=0.20 sys=0.02, real=0.03 secs] 
2011-02-12T05:55:19.485+0000: 20208.805: [GC
Desired survivor size 23592960 bytes, new threshold 1 (max 15)
 [PSYoungGen: 2762669K->16875K(2772288K)] 5353216K->2608203K(8364736K), 0.0410120 secs] [Times: user=0.25 sys=0.01, real=0.04 secs] 
2011-02-12T05:55:25.490+0000: 20214.810: [GC
Desired survivor size 24838144 bytes, new threshold 1 (max 15)
 [PSYoungGen: 2766955K->18592K(2768704K)] 5358283K->2610736K(8361152K), 0.0426850 secs] [Times: user=0.25 sys=0.02, real=0.05 secs] 
2011-02-12T05:55:31.045+0000: 20220.365: [GC
Desired survivor size 24313856 bytes, new threshold 1 (max 15)
 [PSYoungGen: 2768672K->14528K(2772416K)] 5360816K->2607504K(8364864K), 0.0388910 secs] [Times: user=0.21 sys=0.03, real=0.04 secs] 
2011-02-12T05:55:36.585+0000: 20225.905: [GC
Desired survivor size 24969216 bytes, new threshold 1 (max 15)
 [PSYoungGen: 2762688K->17785K(2765952K)] 5355664K->2611285K(8358400K), 0.0402260 secs] [Times: user=0.24 sys=0.02, real=0.04 secs] 
2011-02-12T05:55:43.066+0000: 20232.386: [GC
Desired survivor size 25034752 bytes, new threshold 1 (max 15)
 [PSYoungGen: 2765945K->7104K(2771648K)] 5359445K->2601261K(8364096K), 0.0299270 secs] [Times: user=0.17 sys=0.02, real=0.03 secs] 
2011-02-12T05:55:49.726+0000: 20239.046: [GC
Desired survivor size 25100288 bytes, new threshold 1 (max 15)
 [PSYoungGen: 2754368K->16352K(2763648K)] 5348525K->2611129K(8356096K), 0.0381130 secs] [Times: user=0.24 sys=0.01, real=0.04 secs] 
2011-02-12T05:55:56.385+0000: 20245.705: [GC
Desired survivor size 24510464 bytes, new threshold 1 (max 15)
 [PSYoungGen: 2763616K->14624K(2772224K)] 5358394K->2609914K(8364672K), 0.0381320 secs] [Times: user=0.23 sys=0.01, real=0.04 secs] 
2011-02-12T05:56:02.287+0000: 20251.607: [GC
Desired survivor size 24707072 bytes, new threshold 1 (max 15)
 [PSYoungGen: 2762336K->16785K(2771648K)] 5357626K->2612568K(8364096K), 0.0400000 secs] [Times: user=0.24 sys=0.01, real=0.04 secs] 
2011-02-12T05:56:07.252+0000: 20256.572: [GC
Desired survivor size 26411008 bytes, new threshold 1 (max 15)
 [PSYoungGen: 2764497K->21159K(2768704K)] 5360280K->2617720K(8361152K), 0.0448160 secs] [Times: user=0.27 sys=0.02, real=0.05 secs] 
2011-02-12T05:56:13.572+0000: 20262.892: [GC
Desired survivor size 25493504 bytes, new threshold 1 (max 15)
 [PSYoungGen: 2765735K->15008K(2770368K)] 5362296K->2612124K(8362816K), 0.0370940 secs] [Times: user=0.22 sys=0.01, real=0.04 secs] 
2011-02-12T05:56:19.604+0000: 20268.924: [GC
Desired survivor size 25952256 bytes, new threshold 1 (max 15)
 [PSYoungGen: 2759584K->5616K(2770368K)] 5356700K->2603148K(8362816K), 0.0282960 secs] [Times: user=0.15 sys=0.01, real=0.03 secs] 
2011-02-12T05:56:26.157+0000: 20275.476: [GC
Desired survivor size 24838144 bytes, new threshold 1 (max 15)
 [PSYoungGen: 2751088K->13456K(2770816K)] 5348620K->2611512K(8363264K), 0.0374700 secs] [Times: user=0.21 sys=0.00, real=0.04 secs] 
2011-02-12T05:56:33.186+0000: 20282.505: [GC
Desired survivor size 24248320 bytes, new threshold 1 (max 15)
 [PSYoungGen: 2758928K->14944K(2772480K)] 5356984K->2613744K(8364928K), 0.0372920 secs] [Times: user=0.23 sys=0.01, real=0.04 secs] 
2011-02-12T05:56:40.530+0000: 20289.849: [GC
Desired survivor size 24641536 bytes, new threshold 1 (max 15)
 [PSYoungGen: 2763168K->5696K(2771904K)] 5361968K->2605048K(8364352K), 0.0278940 secs] [Times: user=0.15 sys=0.00, real=0.03 secs] 
2011-02-12T05:56:47.169+0000: 20296.489: [GC
Desired survivor size 24444928 bytes, new threshold 1 (max 15)
 [PSYoungGen: 2753920K->15424K(2772288K)] 5353272K->2615328K(8364736K), 0.0384400 secs] [Times: user=0.22 sys=0.01, real=0.04 secs] 
2011-02-12T05:56:53.696+0000: 20303.015: [GC
Desired survivor size 24444928 bytes, new threshold 1 (max 15)
 [PSYoungGen: 2763648K->6944K(2772096K)] 5363552K->2607448K(8364544K), 0.0304870 secs] [Times: user=0.16 sys=0.02, real=0.03 secs] 
2011-02-12T05:57:00.416+0000: 20309.736: [GC
Desired survivor size 24576000 bytes, new threshold 1 (max 15)
 [PSYoungGen: 2755168K->5121K(2772032K)] 5355672K->2606099K(8364480K), 0.0276180 secs] [Times: user=0.14 sys=0.01, real=0.03 secs] 
2011-02-12T05:57:06.630+0000: 20315.950: [GC
Desired survivor size 24379392 bytes, new threshold 1 (max 15)
 [PSYoungGen: 2753281K->14583K(2772160K)] 5354259K->2616139K(8364608K), 0.0389280 secs] [Times: user=0.20 sys=0.02, real=0.04 secs] 
2011-02-12T05:57:13.403+0000: 20322.723: [GC
Desired survivor size 23461888 bytes, new threshold 1 (max 15)
 [PSYoungGen: 2762743K->12863K(2773248K)] 5364299K->2615002K(8365696K), 0.0362710 secs] [Times: user=0.20 sys=0.02, real=0.04 secs] 
2011-02-12T05:57:20.296+0000: 20329.615: [GC
Desired survivor size 22413312 bytes, new threshold 1 (max 15)
 [PSYoungGen: 2762303K->12336K(2772352K)] 5364442K->2615063K(8364800K), 0.0359180 secs] [Times: user=0.18 sys=0.02, real=0.03 secs] 
2011-02-12T05:57:27.066+0000: 20336.386: [GC
Desired survivor size 21626880 bytes, new threshold 1 (max 15)
 [PSYoungGen: 2761776K->11072K(2775040K)] 5364503K->2614335K(8367488K), 0.0331710 secs] [Times: user=0.18 sys=0.02, real=0.04 secs] 
2011-02-12T05:57:33.852+0000: 20343.172: [GC
Desired survivor size 21626880 bytes, new threshold 1 (max 15)
 [PSYoungGen: 2764224K->6944K(2774272K)] 5367487K->2611055K(8366720K), 0.0301250 secs] [Times: user=0.17 sys=0.02, real=0.03 secs] 
2011-02-12T05:57:40.440+0000: 20349.760: [GC
Desired survivor size 22216704 bytes, new threshold 1 (max 15)
 [PSYoungGen: 2760096K->15820K(2773888K)] 5364207K->2620396K(8366336K), 0.0393780 secs] [Times: user=0.22 sys=0.01, real=0.04 secs] 
2011-02-12T05:57:47.376+0000: 20356.695: [GC
Desired survivor size 22544384 bytes, new threshold 1 (max 15)
 [PSYoungGen: 2768588K->4448K(2757248K)] 5373164K->2609492K(8349696K), 0.0263050 secs] [Times: user=0.14 sys=0.01, real=0.03 secs] 
2011-02-12T05:57:54.227+0000: 20363.546: [GC
Desired survivor size 21626880 bytes, new threshold 1 (max 15)
 [PSYoungGen: 2757216K->11680K(2775040K)] 5362260K->2617296K(8367488K), 0.0359280 secs] [Times: user=0.21 sys=0.01, real=0.04 secs] 
2011-02-12T05:58:01.044+0000: 20370.363: [GC
Desired survivor size 20840448 bytes, new threshold 1 (max 15)
 [PSYoungGen: 2764704K->9940K(2774144K)] 5370320K->2616120K(8366592K), 0.0350940 secs] [Times: user=0.18 sys=0.02, real=0.03 secs] 
2011-02-12T05:58:07.156+0000: 20376.476: [GC
Desired survivor size 20971520 bytes, new threshold 1 (max 15)
 [PSYoungGen: 2762964K->14007K(2775552K)] 5369144K->2620850K(8368000K), 0.0377110 secs] [Times: user=0.23 sys=0.01, real=0.04 secs] 
2011-02-12T05:58:13.434+0000: 20382.754: [GC
Desired survivor size 21037056 bytes, new threshold 1 (max 15)
 [PSYoungGen: 2769207K->5856K(2761088K)] 5376050K->2613290K(8353536K), 0.0293970 secs] [Times: user=0.15 sys=0.02, real=0.03 secs] 
2011-02-12T05:58:19.468+0000: 20388.788: [GC
Desired survivor size 20119552 bytes, new threshold 1 (max 15)
 [PSYoungGen: 2761056K->10384K(2776512K)] 5368490K->2618342K(8368960K), 0.0347810 secs] [Times: user=0.18 sys=0.01, real=0.04 secs] 
2011-02-12T05:58:26.217+0000: 20395.536: [GC
Desired survivor size 20512768 bytes, new threshold 1 (max 15)
 [PSYoungGen: 2766352K->3712K(2775616K)] 5374310K->2612266K(8368064K), 0.0260070 secs] [Times: user=0.15 sys=0.02, real=0.02 secs] 
2011-02-12T05:58:32.420+0000: 20401.740: [GC
Desired survivor size 19988480 bytes, new threshold 1 (max 15)
 [PSYoungGen: 2759680K->7328K(2776640K)] 5368234K->2616634K(8369088K), 0.0302030 secs] [Times: user=0.17 sys=0.01, real=0.03 secs] 
2011-02-12T05:58:38.985+0000: 20408.305: [GC
Desired survivor size 21692416 bytes, new threshold 1 (max 15)
 [PSYoungGen: 2763936K->16928K(2773568K)] 5373242K->2626750K(8366016K), 0.0404810 secs] [Times: user=0.23 sys=0.01, real=0.04 secs] 
2011-02-12T05:58:45.524+0000: 20414.844: [GC
Desired survivor size 20709376 bytes, new threshold 1 (max 15)
 [PSYoungGen: 2773536K->9968K(2775936K)] 5383358K->2620286K(8368384K), 0.0319770 secs] [Times: user=0.19 sys=0.02, real=0.04 secs] 
2011-02-12T05:58:51.937+0000: 20421.257: [GC
Desired survivor size 20971520 bytes, new threshold 1 (max 15)
 [PSYoungGen: 2764720K->3008K(2774976K)] 5375038K->2613794K(8367424K), 0.0204250 secs] [Times: user=0.12 sys=0.00, real=0.02 secs] 
2011-02-12T05:58:58.249+0000: 20427.568: [GC
Desired survivor size 19988480 bytes, new threshold 1 (max 15)
 [PSYoungGen: 2757760K->9216K(2776640K)] 5368546K->2620502K(8369088K), 0.0319960 secs] [Times: user=0.18 sys=0.01, real=0.03 secs] 
2011-02-12T05:59:03.958+0000: 20433.278: [GC
Desired survivor size 19202048 bytes, new threshold 1 (max 15)
 [PSYoungGen: 2765376K->10353K(2775680K)] 5376662K->2622183K(8368128K), 0.0343030 secs] [Times: user=0.19 sys=0.01, real=0.04 secs] 
2011-02-12T05:59:09.894+0000: 20439.214: [GC
Desired survivor size 19660800 bytes, new threshold 1 (max 15)
 [PSYoungGen: 2766513K->13402K(2776512K)] 5378343K->2626095K(8368960K), 0.0368530 secs] [Times: user=0.20 sys=0.02, real=0.04 secs] 
2011-02-12T05:59:16.176+0000: 20445.495: [GC
Desired survivor size 21954560 bytes, new threshold 1 (max 15)
 [PSYoungGen: 2771162K->18592K(2776384K)] 5383855K->2631853K(8368832K), 0.0403270 secs] [Times: user=0.26 sys=0.02, real=0.04 secs] 
2011-02-12T05:59:22.577+0000: 20451.896: [GC
Desired survivor size 21168128 bytes, new threshold 1 (max 15)
 [PSYoungGen: 2776352K->9456K(2774592K)] 5389613K->2623209K(8367040K), 0.0332920 secs] [Times: user=0.16 sys=0.02, real=0.03 secs] 
2011-02-12T05:59:28.807+0000: 20458.127: [GC
Desired survivor size 20905984 bytes, new threshold 1 (max 15)
 [PSYoungGen: 2764272K->12832K(2775488K)] 5378025K->2627245K(8367936K), 0.0357570 secs] [Times: user=0.21 sys=0.02, real=0.04 secs] 
2011-02-12T05:59:34.995+0000: 20464.315: [GC
Desired survivor size 23789568 bytes, new threshold 1 (max 15)
 [PSYoungGen: 2767648K->20416K(2770112K)] 5382061K->2635557K(8362560K), 0.0450280 secs] [Times: user=0.25 sys=0.02, real=0.04 secs] 
2011-02-12T05:59:41.037+0000: 20470.357: [GC
Desired survivor size 23986176 bytes, new threshold 1 (max 15)
 [PSYoungGen: 2770112K->4544K(2754240K)] 5385253K->2620305K(8346688K), 0.0256840 secs] [Times: user=0.16 sys=0.00, real=0.02 secs] 
2011-02-12T05:59:47.495+0000: 20476.815: [GC
Desired survivor size 23199744 bytes, new threshold 1 (max 15)
 [PSYoungGen: 2754240K->12608K(2773504K)] 5370001K->2628821K(8365952K), 0.0366770 secs] [Times: user=0.19 sys=0.02, real=0.03 secs] 
2011-02-12T05:59:53.385+0000: 20482.704: [GC
Desired survivor size 22151168 bytes, new threshold 1 (max 15)
 [PSYoungGen: 2762688K->11136K(2772736K)] 5378901K->2627877K(8365184K), 0.0342860 secs] [Times: user=0.20 sys=0.02, real=0.04 secs] 
2011-02-12T05:59:59.313+0000: 20488.633: [GC
Desired survivor size 21233664 bytes, new threshold 1 (max 15)
 [PSYoungGen: 2761216K->11773K(2775424K)] 5377957K->2628954K(8367872K), 0.0352420 secs] [Times: user=0.20 sys=0.02, real=0.04 secs] 
2011-02-12T06:00:03.515+0000: 20492.835: [GC
Desired survivor size 21692416 bytes, new threshold 1 (max 15)
 [PSYoungGen: 2765565K->15114K(2774528K)] 5382746K->2632810K(8366976K), 0.0386240 secs] [Times: user=0.23 sys=0.02, real=0.04 secs] 
2011-02-12T06:00:08.430+0000: 20497.750: [GC
Desired survivor size 20840448 bytes, new threshold 1 (max 15)
 [PSYoungGen: 2768906K->11264K(2775808K)] 5386602K->2629685K(8368256K), 0.0353400 secs] [Times: user=0.20 sys=0.02, real=0.03 secs] 
2011-02-12T06:00:14.049+0000: 20503.369: [GC
Desired survivor size 21037056 bytes, new threshold 1 (max 15)
 [PSYoungGen: 2765888K->5440K(2774976K)] 5384309K->2624361K(8367424K), 0.0302160 secs] [Times: user=0.13 sys=0.01, real=0.03 secs] 
2011-02-12T06:00:19.229+0000: 20508.549: [GC
Desired survivor size 23461888 bytes, new threshold 1 (max 15)
 [PSYoungGen: 2760064K->19996K(2770880K)] 5378985K->2639434K(8363328K), 0.0423330 secs] [Times: user=0.27 sys=0.01, real=0.04 secs] 
2011-02-12T06:00:25.098+0000: 20514.417: [GC
Desired survivor size 23068672 bytes, new threshold 1 (max 15)
 [PSYoungGen: 2770332K->7856K(2773248K)] 5389770K->2627850K(8365696K), 0.0297040 secs] [Times: user=0.17 sys=0.00, real=0.03 secs] 
2011-02-12T06:00:30.955+0000: 20520.275: [GC
Desired survivor size 22872064 bytes, new threshold 1 (max 15)
 [PSYoungGen: 2758192K->6336K(2773824K)] 5378186K->2626914K(8366272K), 0.0285620 secs] [Times: user=0.16 sys=0.02, real=0.03 secs] 
2011-02-12T06:00:36.903+0000: 20526.223: [GC
Desired survivor size 22544384 bytes, new threshold 1 (max 15)
 [PSYoungGen: 2757632K->6176K(2773632K)] 5378210K->2627354K(8366080K), 0.0293440 secs] [Times: user=0.15 sys=0.02, real=0.03 secs] 
2011-02-12T06:00:42.690+0000: 20532.010: [GC
Desired survivor size 23724032 bytes, new threshold 1 (max 15)
 [PSYoungGen: 2757472K->16736K(2771840K)] 5378650K->2638458K(8364288K), 0.0400720 secs] [Times: user=0.25 sys=0.01, real=0.05 secs] 
2011-02-12T06:00:48.693+0000: 20538.013: [GC
Desired survivor size 25493504 bytes, new threshold 1 (max 15)
 [PSYoungGen: 2766560K->19200K(2769024K)] 5388282K->2641454K(8361472K), 0.0420410 secs] [Times: user=0.26 sys=0.02, real=0.04 secs] 
2011-02-12T06:00:54.704+0000: 20544.024: [GC
Desired survivor size 25690112 bytes, new threshold 1 (max 15)
 [PSYoungGen: 2769024K->3392K(2770880K)] 5391278K->2626126K(8363328K), 0.0229840 secs] [Times: user=0.12 sys=0.03, real=0.02 secs] 
2011-02-12T06:01:01.027+0000: 20550.346: [GC
Desired survivor size 24444928 bytes, new threshold 1 (max 15)
 [PSYoungGen: 2749376K->10261K(2771072K)] 5372110K->2633520K(8363520K), 0.0365350 secs] [Times: user=0.18 sys=0.02, real=0.04 secs] 
2011-02-12T06:01:07.114+0000: 20556.434: [GC
Desired survivor size 23330816 bytes, new threshold 1 (max 15)
 [PSYoungGen: 2756245K->9816K(2773376K)] 5379504K->2633784K(8365824K), 0.0328170 secs] [Times: user=0.20 sys=0.02, real=0.03 secs] 
2011-02-12T06:01:13.525+0000: 20562.845: [GC
Desired survivor size 24248320 bytes, new threshold 1 (max 15)
 [PSYoungGen: 2759320K->16608K(2772288K)] 5383288K->2641092K(8364736K), 0.0405420 secs] [Times: user=0.22 sys=0.00, real=0.04 secs] 
2011-02-12T06:01:19.838+0000: 20569.158: [GC
Desired survivor size 23592960 bytes, new threshold 1 (max 15)
 [PSYoungGen: 2766112K->8188K(2773120K)] 5390596K->2633233K(8365568K), 0.0304250 secs] [Times: user=0.17 sys=0.02, real=0.03 secs] 
2011-02-12T06:01:25.905+0000: 20575.225: [GC
Desired survivor size 22609920 bytes, new threshold 1 (max 15)
 [PSYoungGen: 2757628K->11824K(2772480K)] 5382673K->2637724K(8364928K), 0.0350850 secs] [Times: user=0.18 sys=0.01, real=0.04 secs] 
2011-02-12T06:01:31.685+0000: 20581.004: [GC
Desired survivor size 22151168 bytes, new threshold 1 (max 15)
 [PSYoungGen: 2761264K->7488K(2774528K)] 5387164K->2634109K(8366976K), 0.0313960 secs] [Times: user=0.18 sys=0.02, real=0.04 secs] 
2011-02-12T06:01:37.771+0000: 20587.091: [GC
Desired survivor size 22085632 bytes, new threshold 1 (max 15)
 [PSYoungGen: 2759936K->13600K(2774080K)] 5386557K->2640637K(8366528K), 0.0368490 secs] [Times: user=0.20 sys=0.00, real=0.04 secs] 
2011-02-12T06:01:44.239+0000: 20593.559: [GC
Desired survivor size 22151168 bytes, new threshold 1 (max 15)
 [PSYoungGen: 2766048K->4608K(2774464K)] 5393085K->2632033K(8366912K), 0.0263570 secs] [Times: user=0.14 sys=0.02, real=0.02 secs] 
2011-02-12T06:01:50.952+0000: 20600.272: [GC
Desired survivor size 22347776 bytes, new threshold 1 (max 15)
 [PSYoungGen: 2757504K->13888K(2766784K)] 5384929K->2641849K(8359232K), 0.0366590 secs] [Times: user=0.22 sys=0.02, real=0.04 secs] 
2011-02-12T06:01:57.316+0000: 20606.635: [GC
Desired survivor size 21626880 bytes, new threshold 1 (max 15)
 [PSYoungGen: 2766784K->8259K(2775040K)] 5394745K->2636800K(8367488K), 0.0309580 secs] [Times: user=0.17 sys=0.02, real=0.03 secs] 
2011-02-12T06:02:03.359+0000: 20612.679: [GC
Desired survivor size 20643840 bytes, new threshold 1 (max 15)
 [PSYoungGen: 2761475K->10346K(2774336K)] 5390016K->2639466K(8366784K), 0.0376050 secs] [Times: user=0.18 sys=0.01, real=0.04 secs] 
2011-02-12T06:02:09.521+0000: 20618.841: [GC
Desired survivor size 20250624 bytes, new threshold 1 (max 15)
 [PSYoungGen: 2763562K->12192K(2776384K)] 5392682K->2642210K(8368832K), 0.0354140 secs] [Times: user=0.21 sys=0.02, real=0.03 secs] 
2011-02-12T06:02:15.707+0000: 20625.027: [GC
Desired survivor size 20185088 bytes, new threshold 1 (max 15)
 [PSYoungGen: 2768416K->5984K(2776000K)] 5398434K->2636478K(8368448K), 0.0293720 secs] [Times: user=0.16 sys=0.02, real=0.03 secs] 
2011-02-12T06:02:21.958+0000: 20631.278: [GC
Desired survivor size 20774912 bytes, new threshold 1 (max 15)
 [PSYoungGen: 2762208K->14496K(2775296K)] 5392702K->2645454K(8367744K), 0.0381000 secs] [Times: user=0.22 sys=0.02, real=0.04 secs] 
2011-02-12T06:02:28.387+0000: 20637.707: [GC
Desired survivor size 20054016 bytes, new threshold 1 (max 15)
 [PSYoungGen: 2770080K->9456K(2775872K)] 5401038K->2641038K(8368320K), 0.0323270 secs] [Times: user=0.18 sys=0.02, real=0.03 secs] 
2011-02-12T06:02:33.776+0000: 20643.095: [GC
Desired survivor size 20447232 bytes, new threshold 1 (max 15)
 [PSYoungGen: 2765040K->14048K(2775808K)] 5396622K->2646474K(8368256K), 0.0380990 secs] [Times: user=0.22 sys=0.02, real=0.03 secs] 
2011-02-12T06:02:39.029+0000: 20648.349: [GC
Desired survivor size 20119552 bytes, new threshold 1 (max 15)
 [PSYoungGen: 2770272K->7328K(2776192K)] 5402698K->2640306K(8368640K), 0.0300840 secs] [Times: user=0.16 sys=0.01, real=0.03 secs] 
2011-02-12T06:02:44.518+0000: 20653.838: [GC
Desired survivor size 22020096 bytes, new threshold 1 (max 15)
 [PSYoungGen: 2763552K->17951K(2772800K)] 5396530K->2651378K(8365248K), 0.0409250 secs] [Times: user=0.25 sys=0.02, real=0.04 secs] 
2011-02-12T06:02:50.489+0000: 20659.809: [GC
Desired survivor size 22282240 bytes, new threshold 1 (max 15)
 [PSYoungGen: 2771103K->14740K(2767936K)] 5404530K->2648555K(8360384K), 0.0376560 secs] [Times: user=0.21 sys=0.01, real=0.04 secs] 
2011-02-12T06:02:55.410+0000: 20664.730: [GC
Desired survivor size 23134208 bytes, new threshold 1 (max 15)
 [PSYoungGen: 2767892K->16672K(2772736K)] 5401707K->2650966K(8365184K), 0.0406390 secs] [Times: user=0.22 sys=0.01, real=0.04 secs] 
2011-02-12T06:03:00.140+0000: 20669.460: [GC
Desired survivor size 24641536 bytes, new threshold 1 (max 15)
 [PSYoungGen: 2767648K->18921K(2769920K)] 5401942K->2653591K(8362368K), 0.0422990 secs] [Times: user=0.26 sys=0.02, real=0.04 secs] 
2011-02-12T06:03:04.473+0000: 20673.793: [GC
Desired survivor size 29229056 bytes, new threshold 1 (max 15)
 [PSYoungGen: 2769897K->24056K(2763136K)] 5404567K->2662642K(8355584K), 0.0538640 secs] [Times: user=0.30 sys=0.02, real=0.05 secs] 
2011-02-12T06:03:09.610+0000: 20678.930: [GC
Desired survivor size 29163520 bytes, new threshold 1 (max 15)
 [PSYoungGen: 2763128K->6560K(2767616K)] 5401714K->2645610K(8360064K), 0.0286470 secs] [Times: user=0.16 sys=0.01, real=0.03 secs] 
2011-02-12T06:03:15.121+0000: 20684.441: [GC
Desired survivor size 29163520 bytes, new threshold 1 (max 15)
 [PSYoungGen: 2745632K->4640K(2767680K)] 5384682K->2644110K(8360128K), 0.0262920 secs] [Times: user=0.14 sys=0.01, real=0.02 secs] 
2011-02-12T06:03:20.625+0000: 20689.945: [GC
Desired survivor size 29949952 bytes, new threshold 1 (max 15)
 [PSYoungGen: 2743840K->18892K(2758144K)] 5383310K->2658726K(8350592K), 0.0432570 secs] [Times: user=0.26 sys=0.01, real=0.04 secs] 
2011-02-12T06:03:25.374+0000: 20694.694: [GC
Desired survivor size 28966912 bytes, new threshold 1 (max 15)
 [PSYoungGen: 2758092K->14992K(2767872K)] 5397926K->2655715K(8360320K), 0.0394620 secs] [Times: user=0.23 sys=0.02, real=0.04 secs] 
2011-02-12T06:03:31.014+0000: 20700.334: [GC
Desired survivor size 27787264 bytes, new threshold 1 (max 15)
 [PSYoungGen: 2753616K->11328K(2766912K)] 5394339K->2652527K(8359360K), 0.0345390 secs] [Times: user=0.18 sys=0.02, real=0.03 secs] 
2011-02-12T06:03:36.191+0000: 20705.510: [GC
Desired survivor size 26935296 bytes, new threshold 1 (max 15)
 [PSYoungGen: 2749952K->14656K(2769856K)] 5391151K->2656271K(8362304K), 0.0388320 secs] [Times: user=0.23 sys=0.01, real=0.04 secs] 
2011-02-12T06:03:41.637+0000: 20710.957: [GC
Desired survivor size 29097984 bytes, new threshold 1 (max 15)
 [PSYoungGen: 2757376K->22572K(2765312K)] 5398991K->2664524K(8357760K), 0.0455120 secs] [Times: user=0.28 sys=0.00, real=0.05 secs] 
2011-02-12T06:03:47.480+0000: 20716.799: [GC
Desired survivor size 29491200 bytes, new threshold 1 (max 15)
 [PSYoungGen: 2765292K->3712K(2766976K)] 5407244K->2646176K(8359424K), 0.0253220 secs] [Times: user=0.13 sys=0.01, real=0.03 secs] 
2011-02-12T06:03:53.495+0000: 20722.815: [GC
Desired survivor size 28246016 bytes, new threshold 1 (max 15)
 [PSYoungGen: 2742272K->11232K(2767360K)] 5384736K->2654052K(8359808K), 0.0344520 secs] [Times: user=0.20 sys=0.01, real=0.03 secs] 
2011-02-12T06:03:59.387+0000: 20728.707: [GC
Desired survivor size 27197440 bytes, new threshold 1 (max 15)
 [PSYoungGen: 2749792K->14272K(2769600K)] 5392612K->2657536K(8362048K), 0.0359800 secs] [Times: user=0.22 sys=0.01, real=0.03 secs] 
2011-02-12T06:04:04.997+0000: 20734.317: [GC
Desired survivor size 26935296 bytes, new threshold 1 (max 15)
 [PSYoungGen: 2756288K->7098K(2768576K)] 5399552K->2650691K(8361024K), 0.0330960 secs] [Times: user=0.16 sys=0.02, real=0.03 secs] 
2011-02-12T06:04:10.422+0000: 20739.742: [GC
Desired survivor size 26476544 bytes, new threshold 1 (max 15)
 [PSYoungGen: 2749114K->15136K(2770304K)] 5392707K->2659375K(8362752K), 0.0379750 secs] [Times: user=0.23 sys=0.03, real=0.04 secs] 
2011-02-12T06:04:15.516+0000: 20744.835: [GC
Desired survivor size 27721728 bytes, new threshold 1 (max 15)
 [PSYoungGen: 2759136K->19546K(2763584K)] 5403375K->2664113K(8356032K), 0.0424960 secs] [Times: user=0.27 sys=0.01, real=0.05 secs] 
2011-02-12T06:04:20.753+0000: 20750.073: [GC
Desired survivor size 27590656 bytes, new threshold 1 (max 15)
 [PSYoungGen: 2763546K->16784K(2769216K)] 5408113K->2661751K(8361664K), 0.0400030 secs] [Times: user=0.23 sys=0.02, real=0.04 secs] 
2011-02-12T06:04:26.445+0000: 20755.765: [GC
Desired survivor size 26279936 bytes, new threshold 1 (max 15)
 [PSYoungGen: 2758928K->13520K(2769088K)] 5403895K->2659031K(8361536K), 0.0368940 secs] [Times: user=0.21 sys=0.01, real=0.04 secs] 
2011-02-12T06:04:31.847+0000: 20761.167: [GC
Desired survivor size 26542080 bytes, new threshold 1 (max 15)
 [PSYoungGen: 2755664K->5408K(2769984K)] 5401175K->2651583K(8362432K), 0.0291290 secs] [Times: user=0.14 sys=0.01, real=0.03 secs] 
2011-02-12T06:04:37.875+0000: 20767.195: [GC
Desired survivor size 26345472 bytes, new threshold 1 (max 15)
 [PSYoungGen: 2749728K->6496K(2770240K)] 5395903K->2653016K(8362688K), 0.0273330 secs] [Times: user=0.16 sys=0.02, real=0.03 secs] 
2011-02-12T06:04:43.641+0000: 20772.960: [GC
Desired survivor size 26411008 bytes, new threshold 1 (max 15)
 [PSYoungGen: 2750816K->16096K(2770304K)] 5397336K->2663191K(8362752K), 0.0386660 secs] [Times: user=0.23 sys=0.02, real=0.03 secs] 
2011-02-12T06:04:48.795+0000: 20778.114: [GC
Desired survivor size 25821184 bytes, new threshold 1 (max 15)
 [PSYoungGen: 2760672K->8177K(2770368K)] 5407767K->2655645K(8362816K), 0.0315580 secs] [Times: user=0.18 sys=0.02, real=0.03 secs] 
2011-02-12T06:04:55.094+0000: 20784.414: [GC
Desired survivor size 24510464 bytes, new threshold 1 (max 15)
 [PSYoungGen: 2752753K->12160K(2772224K)] 5400221K->2659995K(8364672K), 0.0363120 secs] [Times: user=0.20 sys=0.01, real=0.03 secs] 
2011-02-12T06:05:00.346+0000: 20789.666: [GC
Desired survivor size 26869760 bytes, new threshold 1 (max 15)
 [PSYoungGen: 2759168K->21530K(2768576K)] 5407003K->2669826K(8361024K), 0.0437470 secs] [Times: user=0.28 sys=0.01, real=0.04 secs] 
2011-02-12T06:05:05.211+0000: 20794.531: [GC
Desired survivor size 26869760 bytes, new threshold 1 (max 15)
 [PSYoungGen: 2768538K->16696K(2769920K)] 5416834K->2665577K(8362368K), 0.0404010 secs] [Times: user=0.25 sys=0.01, real=0.04 secs] 
2011-02-12T06:05:10.780+0000: 20800.100: [GC
Desired survivor size 26411008 bytes, new threshold 1 (max 15)
 [PSYoungGen: 2760376K->8672K(2769920K)] 5409257K->2657981K(8362368K), 0.0328400 secs] [Times: user=0.18 sys=0.01, real=0.03 secs] 
2011-02-12T06:05:16.508+0000: 20805.827: [GC
Desired survivor size 25886720 bytes, new threshold 1 (max 15)
 [PSYoungGen: 2752352K->8466K(2770880K)] 5401661K->2658176K(8363328K), 0.0317650 secs] [Times: user=0.17 sys=0.01, real=0.03 secs] 
2011-02-12T06:05:22.177+0000: 20811.497: [GC
Desired survivor size 26083328 bytes, new threshold 1 (max 15)
 [PSYoungGen: 2753554K->4144K(2770368K)] 5403264K->2654264K(8362816K), 0.0266870 secs] [Times: user=0.13 sys=0.01, real=0.02 secs] 
2011-02-12T06:05:27.201+0000: 20816.521: [GC
Desired survivor size 25755648 bytes, new threshold 1 (max 15)
 [PSYoungGen: 2749232K->5280K(2771008K)] 5399352K->2655860K(8363456K), 0.0280550 secs] [Times: user=0.14 sys=0.00, real=0.03 secs] 
2011-02-12T06:05:33.362+0000: 20822.682: [GC
Desired survivor size 24772608 bytes, new threshold 1 (max 15)
 [PSYoungGen: 2750816K->8608K(2770688K)] 5401396K->2659796K(8363136K), 0.0335620 secs] [Times: user=0.16 sys=0.02, real=0.04 secs] 
2011-02-12T06:05:38.585+0000: 20827.904: [GC
Desired survivor size 23724032 bytes, new threshold 1 (max 15)
 [PSYoungGen: 2754144K->11648K(2772992K)] 5405332K->2663284K(8365440K), 0.0346470 secs] [Times: user=0.20 sys=0.01, real=0.04 secs] 
2011-02-12T06:05:43.424+0000: 20832.744: [GC
Desired survivor size 23789568 bytes, new threshold 1 (max 15)
 [PSYoungGen: 2760448K->14372K(2771968K)] 5412084K->2666376K(8364416K), 0.0364680 secs] [Times: user=0.23 sys=0.02, real=0.04 secs] 
2011-02-12T06:05:48.437+0000: 20837.757: [GC
Desired survivor size 22609920 bytes, new threshold 1 (max 15)
 [PSYoungGen: 2763172K->10912K(2774080K)] 5415176K->2663488K(8366528K), 0.0343970 secs] [Times: user=0.20 sys=0.01, real=0.04 secs] 
2011-02-12T06:05:53.327+0000: 20842.646: [GC
Desired survivor size 22151168 bytes, new threshold 1 (max 15)
 [PSYoungGen: 2761760K->7408K(2772928K)] 5414336K->2660364K(8365376K), 0.0306500 secs] [Times: user=0.17 sys=0.02, real=0.03 secs] 
2011-02-12T06:05:58.190+0000: 20847.510: [GC
Desired survivor size 21561344 bytes, new threshold 1 (max 15)
 [PSYoungGen: 2758256K->8187K(2775104K)] 5411212K->2661519K(8367552K), 0.0302820 secs] [Times: user=0.18 sys=0.02, real=0.03 secs] 
2011-02-12T06:06:02.889+0000: 20852.208: [GC
Desired survivor size 21495808 bytes, new threshold 1 (max 15)
 [PSYoungGen: 2761659K->4538K(2774528K)] 5414991K->2658214K(8366976K), 0.0266500 secs] [Times: user=0.13 sys=0.01, real=0.03 secs] 
2011-02-12T06:06:08.028+0000: 20857.348: [GC
Desired survivor size 20971520 bytes, new threshold 1 (max 15)
 [PSYoungGen: 2758010K->6752K(2775680K)] 5411686K->2661070K(8368128K), 0.0314680 secs] [Times: user=0.16 sys=0.02, real=0.04 secs] 
2011-02-12T06:06:13.729+0000: 20863.048: [GC
Desired survivor size 20971520 bytes, new threshold 1 (max 15)
 [PSYoungGen: 2761440K->3200K(2775168K)] 5415758K->2657906K(8367616K), 0.0241080 secs] [Times: user=0.13 sys=0.01, real=0.03 secs] 
2011-02-12T06:06:19.743+0000: 20869.063: [GC
Desired survivor size 20709376 bytes, new threshold 1 (max 15)
 [PSYoungGen: 2757888K->3952K(2775936K)] 5412594K->2659066K(8368384K), 0.0262470 secs] [Times: user=0.14 sys=0.01, real=0.02 secs] 
2011-02-12T06:06:25.186+0000: 20874.506: [GC
Desired survivor size 22413312 bytes, new threshold 1 (max 15)
 [PSYoungGen: 2759408K->16176K(2771648K)] 5414522K->2671774K(8364096K), 0.0384100 secs] [Times: user=0.25 sys=0.02, real=0.04 secs] 
2011-02-12T06:06:31.158+0000: 20880.478: [GC
Desired survivor size 25362432 bytes, new threshold 1 (max 15)
 [PSYoungGen: 2771632K->20544K(2768512K)] 5427230K->2676698K(8360960K), 0.0422600 secs] [Times: user=0.29 sys=0.02, real=0.04 secs] 
2011-02-12T06:06:37.038+0000: 20886.358: [GC
Desired survivor size 26017792 bytes, new threshold 1 (max 15)
 [PSYoungGen: 2767168K->16025K(2762688K)] 5423322K->2672692K(8355136K), 0.0395590 secs] [Times: user=0.23 sys=0.01, real=0.04 secs] 
2011-02-12T06:06:41.897+0000: 20891.217: [GC
Desired survivor size 26476544 bytes, new threshold 1 (max 15)
 [PSYoungGen: 2762649K->15968K(2769856K)] 5419316K->2673010K(8362304K), 0.0381730 secs] [Times: user=0.23 sys=0.01, real=0.04 secs] 
2011-02-12T06:06:47.411+0000: 20896.731: [GC
Desired survivor size 25624576 bytes, new threshold 1 (max 15)
 [PSYoungGen: 2760416K->7940K(2770304K)] 5417458K->2665335K(8362752K), 0.0305690 secs] [Times: user=0.18 sys=0.01, real=0.03 secs] 
2011-02-12T06:06:53.244+0000: 20902.564: [GC
Desired survivor size 25165824 bytes, new threshold 1 (max 15)
 [PSYoungGen: 2752388K->5504K(2771584K)] 5409783K->2663206K(8364032K), 0.0280430 secs] [Times: user=0.15 sys=0.02, real=0.03 secs] 
2011-02-12T06:06:58.955+0000: 20908.275: [GC
Desired survivor size 27852800 bytes, new threshold 1 (max 15)
 [PSYoungGen: 2752064K->21456K(2768064K)] 5409766K->2679550K(8360512K), 0.0423770 secs] [Times: user=0.26 sys=0.02, real=0.05 secs] 
2011-02-12T06:07:04.327+0000: 20913.646: [GC
Desired survivor size 26411008 bytes, new threshold 1 (max 15)
 [PSYoungGen: 2768016K->10682K(2770368K)] 5426110K->2669197K(8362816K), 0.0344730 secs] [Times: user=0.21 sys=0.03, real=0.04 secs] 
2011-02-12T06:07:10.309+0000: 20919.628: [GC
Desired survivor size 26279936 bytes, new threshold 1 (max 15)
 [PSYoungGen: 2753850K->14976K(2768960K)] 5412365K->2674113K(8361408K), 0.0374650 secs] [Times: user=0.25 sys=0.01, real=0.03 secs] 
2011-02-12T06:07:16.191+0000: 20925.510: [GC
Desired survivor size 25034752 bytes, new threshold 1 (max 15)
 [PSYoungGen: 2758144K->10976K(2771712K)] 5417281K->2670533K(8364160K), 0.0344730 secs] [Times: user=0.20 sys=0.02, real=0.03 secs] 
2011-02-12T06:07:22.035+0000: 20931.355: [GC
Desired survivor size 25690112 bytes, new threshold 1 (max 15)
 [PSYoungGen: 2757024K->16976K(2770496K)] 5416581K->2676949K(8362944K), 0.0397650 secs] [Times: user=0.23 sys=0.02, real=0.04 secs] 
2011-02-12T06:07:27.414+0000: 20936.734: [GC
Desired survivor size 25427968 bytes, new threshold 1 (max 15)
 [PSYoungGen: 2763024K->6252K(2771328K)] 5422997K->2666682K(8363776K), 0.0305820 secs] [Times: user=0.16 sys=0.02, real=0.03 secs] 
2011-02-12T06:07:33.382+0000: 20942.702: [GC
Desired survivor size 24313856 bytes, new threshold 1 (max 15)
 [PSYoungGen: 2752492K->10368K(2771072K)] 5412922K->2671498K(8363520K), 0.0322860 secs] [Times: user=0.18 sys=0.03, real=0.03 secs] 
2011-02-12T06:07:39.544+0000: 20948.863: [GC
Desired survivor size 23265280 bytes, new threshold 1 (max 15)
 [PSYoungGen: 2756608K->10688K(2773440K)] 5417738K->2672162K(8365888K), 0.0341460 secs] [Times: user=0.20 sys=0.01, real=0.03 secs] 
2011-02-12T06:07:45.278+0000: 20954.598: [GC
Desired survivor size 22085632 bytes, new threshold 1 (max 15)
 [PSYoungGen: 2760384K->11508K(2772416K)] 5421858K->2673318K(8364864K), 0.0360580 secs] [Times: user=0.18 sys=0.01, real=0.04 secs] 
2011-02-12T06:07:51.406+0000: 20960.725: [GC
Desired survivor size 22282240 bytes, new threshold 1 (max 15)
 [PSYoungGen: 2761204K->14592K(2774208K)] 5423014K->2677164K(8366656K), 0.0372410 secs] [Times: user=0.23 sys=0.02, real=0.04 secs] 
2011-02-12T06:07:56.984+0000: 20966.304: [GC
Desired survivor size 22347776 bytes, new threshold 1 (max 15)
 [PSYoungGen: 2767232K->5600K(2758272K)] 5429804K->2668588K(8350720K), 0.0286880 secs] [Times: user=0.16 sys=0.02, real=0.02 secs] 
2011-02-12T06:08:02.678+0000: 20971.998: [GC
Desired survivor size 23920640 bytes, new threshold 1 (max 15)
 [PSYoungGen: 2758240K->18202K(2771264K)] 5421228K->2681519K(8363712K), 0.0404480 secs] [Times: user=0.26 sys=0.02, real=0.04 secs] 
2011-02-12T06:08:09.009+0000: 20978.329: [GC
Desired survivor size 23199744 bytes, new threshold 1 (max 15)
 [PSYoungGen: 2767642K->9344K(2772800K)] 5430959K->2673283K(8365248K), 0.0333080 secs] [Times: user=0.17 sys=0.02, real=0.03 secs] 
2011-02-12T06:08:15.099+0000: 20984.419: [GC
Desired survivor size 22872064 bytes, new threshold 1 (max 15)
 [PSYoungGen: 2758784K->13760K(2773824K)] 5422723K->2678175K(8366272K), 0.0368150 secs] [Times: user=0.21 sys=0.02, real=0.04 secs] 
2011-02-12T06:08:21.602+0000: 20990.922: [GC
Desired survivor size 24379392 bytes, new threshold 1 (max 15)
 [PSYoungGen: 2764928K->18612K(2769792K)] 5429343K->2683411K(8362240K), 0.0431330 secs] [Times: user=0.24 sys=0.00, real=0.04 secs] 
2011-02-12T06:08:27.319+0000: 20996.639: [GC
Desired survivor size 24772608 bytes, new threshold 1 (max 15)
 [PSYoungGen: 2769780K->16688K(2771584K)] 5434579K->2682064K(8364032K), 0.0395810 secs] [Times: user=0.24 sys=0.03, real=0.04 secs] 
2011-02-12T06:08:32.967+0000: 21002.286: [GC
Desired survivor size 24576000 bytes, new threshold 1 (max 15)
 [PSYoungGen: 2764464K->7372K(2771968K)] 5429840K->2673419K(8364416K), 0.0310270 secs] [Times: user=0.16 sys=0.00, real=0.04 secs] 
2011-02-12T06:08:38.979+0000: 21008.299: [GC
Desired survivor size 25231360 bytes, new threshold 1 (max 15)
 [PSYoungGen: 2755148K->17213K(2770880K)] 5421195K->2683881K(8363328K), 0.0412070 secs] [Times: user=0.25 sys=0.01, real=0.04 secs] 
2011-02-12T06:08:44.639+0000: 21013.959: [GC
Desired survivor size 24772608 bytes, new threshold 1 (max 15)
 [PSYoungGen: 2764093K->14880K(2771520K)] 5430761K->2681931K(8363968K), 0.0371250 secs] [Times: user=0.23 sys=0.01, real=0.04 secs] 
2011-02-12T06:08:51.072+0000: 21020.392: [GC
Desired survivor size 24051712 bytes, new threshold 1 (max 15)
 [PSYoungGen: 2761760K->10768K(2772672K)] 5428811K->2678459K(8365120K), 0.0345090 secs] [Times: user=0.20 sys=0.01, real=0.03 secs] 
2011-02-12T06:08:57.288+0000: 21026.608: [GC
Desired survivor size 23789568 bytes, new threshold 1 (max 15)
 [PSYoungGen: 2759248K->14944K(2771968K)] 5426939K->2683107K(8364416K), 0.0380120 secs] [Times: user=0.21 sys=0.02, real=0.04 secs] 
2011-02-12T06:09:03.374+0000: 21032.694: [GC
Desired survivor size 24772608 bytes, new threshold 1 (max 15)
 [PSYoungGen: 2763424K->18458K(2771008K)] 5431587K->2687129K(8363456K), 0.0432720 secs] [Times: user=0.26 sys=0.03, real=0.04 secs] 
2011-02-12T06:09:07.956+0000: 21037.276: [GC
Desired survivor size 24641536 bytes, new threshold 1 (max 15)
 [PSYoungGen: 2766234K->8064K(2771968K)] 5434905K->2677473K(8364416K), 0.0320390 secs] [Times: user=0.17 sys=0.02, real=0.03 secs] 
2011-02-12T06:09:13.275+0000: 21042.595: [GC
Desired survivor size 26279936 bytes, new threshold 1 (max 15)
 [PSYoungGen: 2755840K->20320K(2768896K)] 5425249K->2690073K(8361344K), 0.0448620 secs] [Times: user=0.26 sys=0.01, real=0.04 secs] 
2011-02-12T06:09:19.045+0000: 21048.365: [GC
Desired survivor size 25100288 bytes, new threshold 1 (max 15)
 [PSYoungGen: 2765152K->13648K(2770496K)] 5434905K->2683771K(8362944K), 0.0389160 secs] [Times: user=0.20 sys=0.02, real=0.04 secs] 
2011-02-12T06:09:24.605+0000: 21053.925: [GC
Desired survivor size 25034752 bytes, new threshold 1 (max 15)
 [PSYoungGen: 2758480K->7920K(2771712K)] 5428603K->2678491K(8364160K), 0.0308150 secs] [Times: user=0.17 sys=0.01, real=0.03 secs] 
2011-02-12T06:09:29.994+0000: 21059.314: [GC
Desired survivor size 25624576 bytes, new threshold 1 (max 15)
 [PSYoungGen: 2755120K->17810K(2765056K)] 5425691K->2688873K(8357504K), 0.0417690 secs] [Times: user=0.24 sys=0.02, real=0.05 secs] 
2011-02-12T06:09:34.780+0000: 21064.100: [GC
Desired survivor size 25296896 bytes, new threshold 1 (max 15)
 [PSYoungGen: 2765010K->15872K(2771456K)] 5436073K->2687359K(8363904K), 0.0375350 secs] [Times: user=0.22 sys=0.01, real=0.04 secs] 
2011-02-12T06:09:40.863+0000: 21070.183: [GC
Desired survivor size 26017792 bytes, new threshold 1 (max 15)
 [PSYoungGen: 2762304K->3552K(2750016K)] 5433791K->2675375K(8342464K), 0.0249590 secs] [Times: user=0.13 sys=0.01, real=0.03 secs] 
2011-02-12T06:09:46.139+0000: 21075.459: [GC
Desired survivor size 24838144 bytes, new threshold 1 (max 15)
 [PSYoungGen: 2749984K->12160K(2771904K)] 5421807K->2684402K(8364352K), 0.0349810 secs] [Times: user=0.21 sys=0.02, real=0.03 secs] 
2011-02-12T06:09:52.616+0000: 21081.936: [GC
Desired survivor size 23920640 bytes, new threshold 1 (max 15)
 [PSYoungGen: 2758656K->13376K(2770752K)] 5430898K->2685976K(8363200K), 0.0381540 secs] [Times: user=0.20 sys=0.01, real=0.04 secs] 
2011-02-12T06:09:58.352+0000: 21087.672: [GC
Desired survivor size 23068672 bytes, new threshold 1 (max 15)
 [PSYoungGen: 2759872K->13568K(2773632K)] 5432472K->2686588K(8366080K), 0.0378100 secs] [Times: user=0.21 sys=0.01, real=0.04 secs] 
2011-02-12T06:10:03.325+0000: 21092.644: [GC
Desired survivor size 25034752 bytes, new threshold 1 (max 15)
 [PSYoungGen: 2763840K->20557K(2770880K)] 5436860K->2693990K(8363328K), 0.0443100 secs] [Times: user=0.27 sys=0.01, real=0.05 secs] 
2011-02-12T06:10:08.251+0000: 21097.570: [GC
Desired survivor size 25952256 bytes, new threshold 1 (max 15)
 [PSYoungGen: 2770829K->19008K(2769920K)] 5444262K->2693300K(8362368K), 0.0442670 secs] [Times: user=0.25 sys=0.02, real=0.04 secs] 
2011-02-12T06:10:13.349+0000: 21102.669: [GC
Desired survivor size 25952256 bytes, new threshold 1 (max 15)
 [PSYoungGen: 2764480K->17216K(2770816K)] 5438772K->2691860K(8363264K), 0.0404870 secs] [Times: user=0.22 sys=0.01, real=0.04 secs] 
2011-02-12T06:10:18.877+0000: 21108.197: [GC
Desired survivor size 25231360 bytes, new threshold 1 (max 15)
 [PSYoungGen: 2762688K->12224K(2771520K)] 5437332K->2687196K(8363968K), 0.0361650 secs] [Times: user=0.19 sys=0.02, real=0.04 secs] 
2011-02-12T06:10:24.325+0000: 21113.645: [GC
Desired survivor size 25821184 bytes, new threshold 1 (max 15)
 [PSYoungGen: 2758400K->4928K(2770816K)] 5433372K->2680268K(8363264K), 0.0269460 secs] [Times: user=0.14 sys=0.02, real=0.03 secs] 
2011-02-12T06:10:29.619+0000: 21118.939: [GC
Desired survivor size 24838144 bytes, new threshold 1 (max 15)
 [PSYoungGen: 2751104K->11760K(2771904K)] 5426444K->2687728K(8364352K), 0.0355240 secs] [Times: user=0.20 sys=0.01, real=0.04 secs] 
2011-02-12T06:10:35.542+0000: 21124.862: [GC
Desired survivor size 24117248 bytes, new threshold 1 (max 15)
 [PSYoungGen: 2758448K->14134K(2770944K)] 5434416K->2690506K(8363392K), 0.0355270 secs] [Times: user=0.21 sys=0.02, real=0.04 secs] 
2011-02-12T06:10:40.932+0000: 21130.252: [GC
Desired survivor size 23592960 bytes, new threshold 1 (max 15)
 [PSYoungGen: 2760822K->10016K(2773120K)] 5437194K->2686793K(8365568K), 0.0336870 secs] [Times: user=0.17 sys=0.02, real=0.04 secs] 
2011-02-12T06:10:46.665+0000: 21135.984: [GC
Desired survivor size 23724032 bytes, new threshold 1 (max 15)
 [PSYoungGen: 2759584K->6432K(2772608K)] 5436361K->2683632K(8365056K), 0.0279190 secs] [Times: user=0.16 sys=0.01, real=0.02 secs] 
2011-02-12T06:10:51.780+0000: 21141.100: [GC
Desired survivor size 23134208 bytes, new threshold 1 (max 15)
 [PSYoungGen: 2756000K->9200K(2773568K)] 5433200K->2686776K(8366016K), 0.0320910 secs] [Times: user=0.17 sys=0.01, real=0.03 secs] 
2011-02-12T06:10:57.421+0000: 21146.741: [GC
Desired survivor size 22347776 bytes, new threshold 1 (max 15)
 [PSYoungGen: 2759600K->10528K(2772992K)] 5437176K->2688496K(8365440K), 0.0337000 secs] [Times: user=0.18 sys=0.01, real=0.04 secs] 
2011-02-12T06:11:03.101+0000: 21152.421: [GC
Desired survivor size 22085632 bytes, new threshold 1 (max 15)
 [PSYoungGen: 2760928K->7162K(2774592K)] 5438896K->2685523K(8367040K), 0.0298480 secs] [Times: user=0.16 sys=0.01, real=0.03 secs] 
2011-02-12T06:11:09.135+0000: 21158.455: [GC
Desired survivor size 21102592 bytes, new threshold 1 (max 15)
 [PSYoungGen: 2759930K->11180K(2774336K)] 5438291K->2690127K(8366784K), 0.0378810 secs] [Times: user=0.18 sys=0.02, real=0.04 secs] 
2011-02-12T06:11:15.032+0000: 21164.352: [GC
Desired survivor size 20316160 bytes, new threshold 1 (max 15)
 [PSYoungGen: 2763948K->10432K(2776320K)] 5442895K->2689919K(8368768K), 0.0334820 secs] [Times: user=0.20 sys=0.00, real=0.03 secs] 
2011-02-12T06:11:20.577+0000: 21169.897: [GC
Desired survivor size 20578304 bytes, new threshold 1 (max 15)
 [PSYoungGen: 2766144K->4880K(2775552K)] 5445631K->2684755K(8368000K), 0.0285940 secs] [Times: user=0.13 sys=0.01, real=0.03 secs] 
2011-02-12T06:11:27.096+0000: 21176.416: [GC
Desired survivor size 20119552 bytes, new threshold 1 (max 15)
 [PSYoungGen: 2760592K->12080K(2776512K)] 5440467K->2692403K(8368960K), 0.0342620 secs] [Times: user=0.21 sys=0.01, real=0.04 secs] 
2011-02-12T06:11:32.661+0000: 21181.980: [GC
Desired survivor size 19398656 bytes, new threshold 1 (max 15)
 [PSYoungGen: 2768496K->9902K(2776064K)] 5448819K->2690922K(8368512K), 0.0316480 secs] [Times: user=0.18 sys=0.01, real=0.03 secs] 
2011-02-12T06:11:38.938+0000: 21188.258: [GC
Desired survivor size 19660800 bytes, new threshold 1 (max 15)
 [PSYoungGen: 2766318K->13696K(2776704K)] 5447338K->2695111K(8369152K), 0.0356490 secs] [Times: user=0.21 sys=0.02, real=0.04 secs] 
2011-02-12T06:11:45.202+0000: 21194.522: [GC
Desired survivor size 19070976 bytes, new threshold 1 (max 15)
 [PSYoungGen: 2771456K->9568K(2776960K)] 5452871K->2691323K(8369408K), 0.0316100 secs] [Times: user=0.17 sys=0.01, real=0.03 secs] 
2011-02-12T06:11:50.627+0000: 21199.947: [GC
Desired survivor size 19660800 bytes, new threshold 1 (max 15)
 [PSYoungGen: 2767328K->14464K(2776384K)] 5449083K->2696635K(8368832K), 0.0384110 secs] [Times: user=0.20 sys=0.01, real=0.04 secs] 
2011-02-12T06:11:57.251+0000: 21206.570: [GC
Desired survivor size 19857408 bytes, new threshold 1 (max 15)
 [PSYoungGen: 2772224K->13856K(2771648K)] 5454395K->2696395K(8364096K), 0.0370130 secs] [Times: user=0.21 sys=0.02, real=0.04 secs] 
2011-02-12T06:12:03.405+0000: 21212.724: [GC
Desired survivor size 19791872 bytes, new threshold 1 (max 15)
 [PSYoungGen: 2771616K->7130K(2776832K)] 5454155K->2690069K(8369280K), 0.0326250 secs] [Times: user=0.16 sys=0.01, real=0.03 secs] 
2011-02-12T06:12:08.989+0000: 21218.308: [GC
Desired survivor size 20316160 bytes, new threshold 1 (max 15)
 [PSYoungGen: 2764570K->14544K(2772032K)] 5447509K->2698201K(8364480K), 0.0379350 secs] [Times: user=0.23 sys=0.02, real=0.04 secs] 
2011-02-12T06:12:15.430+0000: 21224.750: [GC
Desired survivor size 19988480 bytes, new threshold 1 (max 15)
 [PSYoungGen: 2771984K->8156K(2776640K)] 5455641K->2692278K(8369088K), 0.0307860 secs] [Times: user=0.16 sys=0.01, real=0.03 secs] 
2011-02-12T06:12:21.258+0000: 21230.578: [GC
Desired survivor size 19398656 bytes, new threshold 1 (max 15)
 [PSYoungGen: 2764956K->9392K(2776320K)] 5449078K->2694006K(8368768K), 0.0333460 secs] [Times: user=0.18 sys=0.02, real=0.03 secs] 
2011-02-12T06:12:26.378+0000: 21235.698: [GC
Desired survivor size 18808832 bytes, new threshold 1 (max 15)
 [PSYoungGen: 2766192K->11472K(2777792K)] 5450806K->2696566K(8370240K), 0.0349750 secs] [Times: user=0.21 sys=0.01, real=0.03 secs] 
2011-02-12T06:12:32.578+0000: 21241.898: [GC
Desired survivor size 20447232 bytes, new threshold 1 (max 15)
 [PSYoungGen: 2770320K->17328K(2776192K)] 5455414K->2702942K(8368640K), 0.0414360 secs] [Times: user=0.23 sys=0.01, real=0.04 secs] 
2011-02-12T06:12:38.510+0000: 21247.830: [GC
Desired survivor size 21168128 bytes, new threshold 1 (max 15)
 [PSYoungGen: 2776176K->15776K(2774784K)] 5461790K->2701890K(8367232K), 0.0395280 secs] [Times: user=0.24 sys=0.01, real=0.04 secs] 
2011-02-12T06:12:44.877+0000: 21254.196: [GC
Desired survivor size 21102592 bytes, new threshold 1 (max 15)
 [PSYoungGen: 2770592K->7328K(2775488K)] 5456706K->2693894K(8367936K), 0.0293230 secs] [Times: user=0.16 sys=0.01, real=0.03 secs] 
2011-02-12T06:12:51.082+0000: 21260.401: [GC
Desired survivor size 20381696 bytes, new threshold 1 (max 15)
 [PSYoungGen: 2762144K->10688K(2776256K)] 5448710K->2697630K(8368704K), 0.0333320 secs] [Times: user=0.19 sys=0.02, real=0.03 secs] 
2011-02-12T06:12:56.827+0000: 21266.147: [GC
Desired survivor size 19857408 bytes, new threshold 1 (max 15)
 [PSYoungGen: 2766336K->9388K(2775552K)] 5453278K->2696762K(8368000K), 0.0335110 secs] [Times: user=0.18 sys=0.02, real=0.04 secs] 
2011-02-12T06:13:02.251+0000: 21271.571: [GC
Desired survivor size 23003136 bytes, new threshold 1 (max 15)
 [PSYoungGen: 2765036K->19390K(2770624K)] 5452410K->2709153K(8363072K), 0.0442700 secs] [Times: user=0.28 sys=0.01, real=0.04 secs] 
2011-02-12T06:13:08.587+0000: 21277.907: [GC
Desired survivor size 23068672 bytes, new threshold 1 (max 15)
 [PSYoungGen: 2770622K->6016K(2757248K)] 5460385K->2696437K(8349696K), 0.0291450 secs] [Times: user=0.16 sys=0.01, real=0.03 secs] 
2011-02-12T06:13:14.773+0000: 21284.093: [GC
Desired survivor size 23396352 bytes, new threshold 1 (max 15)
 [PSYoungGen: 2757248K->3488K(2772992K)] 5447669K->2694365K(8365440K), 0.0241790 secs] [Times: user=0.15 sys=0.02, real=0.02 secs] 
2011-02-12T06:13:21.342+0000: 21290.662: [GC
Desired survivor size 22347776 bytes, new threshold 1 (max 15)
 [PSYoungGen: 2753952K->11265K(2773312K)] 5444829K->2702679K(8365760K), 0.0328190 secs] [Times: user=0.20 sys=0.01, real=0.04 secs] 
2011-02-12T06:13:27.509+0000: 21296.829: [GC
Desired survivor size 23527424 bytes, new threshold 1 (max 15)
 [PSYoungGen: 2761729K->17056K(2772032K)] 5453143K->2708981K(8364480K), 0.0415270 secs] [Times: user=0.23 sys=0.02, real=0.04 secs] 
2011-02-12T06:13:33.740+0000: 21303.059: [GC
Desired survivor size 22413312 bytes, new threshold 1 (max 15)
 [PSYoungGen: 2767264K->11136K(2773184K)] 5459189K->2703713K(8365632K), 0.0328010 secs] [Times: user=0.17 sys=0.02, real=0.03 secs] 
2011-02-12T06:13:39.710+0000: 21309.030: [GC
Desired survivor size 22544384 bytes, new threshold 1 (max 15)
 [PSYoungGen: 2761344K->4832K(2774016K)] 5453921K->2697833K(8366464K), 0.0282800 secs] [Times: user=0.14 sys=0.01, real=0.03 secs] 
2011-02-12T06:13:46.217+0000: 21315.536: [GC
Desired survivor size 23396352 bytes, new threshold 1 (max 15)
 [PSYoungGen: 2756960K->16064K(2768192K)] 5449961K->2709449K(8360640K), 0.0397490 secs] [Times: user=0.24 sys=0.01, real=0.04 secs] 
2011-02-12T06:13:52.688+0000: 21322.008: [GC
Desired survivor size 22609920 bytes, new threshold 1 (max 15)
 [PSYoungGen: 2768192K->9056K(2774080K)] 5461577K->2702885K(8366528K), 0.0325950 secs] [Times: user=0.18 sys=0.02, real=0.03 secs] 
2011-02-12T06:13:58.981+0000: 21328.301: [GC
Desired survivor size 27197440 bytes, new threshold 1 (max 15)
 [PSYoungGen: 2760288K->22080K(2773312K)] 5454117K->2720121K(8365760K), 0.0439560 secs] [Times: user=0.29 sys=0.02, real=0.04 secs] 
2011-02-12T06:14:05.082+0000: 21334.401: [GC
Desired survivor size 26804224 bytes, new threshold 1 (max 15)
 [PSYoungGen: 2773312K->7034K(2766656K)] 5471353K->2705587K(8359104K), 0.0321510 secs] [Times: user=0.16 sys=0.02, real=0.03 secs] 
2011-02-12T06:14:11.187+0000: 21340.507: [GC
Desired survivor size 26083328 bytes, new threshold 1 (max 15)
 [PSYoungGen: 2750842K->7776K(2769984K)] 5449395K->2706991K(8362432K), 0.0314470 secs] [Times: user=0.18 sys=0.02, real=0.03 secs] 
2011-02-12T06:14:16.889+0000: 21346.208: [GC
Desired survivor size 24707072 bytes, new threshold 1 (max 15)
 [PSYoungGen: 2751584K->11581K(2772032K)] 5450799K->2711189K(8364480K), 0.0358970 secs] [Times: user=0.20 sys=0.01, real=0.04 secs] 
2011-02-12T06:14:22.825+0000: 21352.144: [GC
Desired survivor size 23461888 bytes, new threshold 1 (max 15)
 [PSYoungGen: 2758141K->11856K(2770688K)] 5457749K->2712007K(8363136K), 0.0355130 secs] [Times: user=0.21 sys=0.01, real=0.03 secs] 
2011-02-12T06:14:28.824+0000: 21358.144: [GC
Desired survivor size 25559040 bytes, new threshold 1 (max 15)
 [PSYoungGen: 2758416K->20112K(2769152K)] 5458567K->2720757K(8361600K), 0.0425940 secs] [Times: user=0.27 sys=0.01, real=0.04 secs] 
2011-02-12T06:14:34.728+0000: 21364.048: [GC
Desired survivor size 24510464 bytes, new threshold 1 (max 15)
 [PSYoungGen: 2766352K->13120K(2771200K)] 5466997K->2714509K(8363648K), 0.0373060 secs] [Times: user=0.22 sys=0.02, real=0.04 secs] 
2011-02-12T06:14:40.963+0000: 21370.283: [GC
Desired survivor size 23724032 bytes, new threshold 1 (max 15)
 [PSYoungGen: 2759360K->10230K(2772992K)] 5460749K->2712051K(8365440K), 0.0334160 secs] [Times: user=0.19 sys=0.02, real=0.03 secs] 
2011-02-12T06:14:46.823+0000: 21376.143: [GC
Desired survivor size 23461888 bytes, new threshold 1 (max 15)
 [PSYoungGen: 2759286K->7648K(2772224K)] 5461107K->2710009K(8364672K), 0.0319270 secs] [Times: user=0.17 sys=0.01, real=0.04 secs] 
2011-02-12T06:14:52.623+0000: 21381.943: [GC
Desired survivor size 22609920 bytes, new threshold 1 (max 15)
 [PSYoungGen: 2756704K->12640K(2774080K)] 5459065K->2715465K(8366528K), 0.0328750 secs] [Times: user=0.19 sys=0.01, real=0.04 secs] 
2011-02-12T06:14:57.977+0000: 21387.296: [GC
Desired survivor size 21757952 bytes, new threshold 1 (max 15)
 [PSYoungGen: 2763808K->12432K(2773248K)] 5466633K->2715665K(8365696K), 0.0369690 secs] [Times: user=0.21 sys=0.01, real=0.03 secs] 
2011-02-12T06:15:03.464+0000: 21392.784: [GC
Desired survivor size 21823488 bytes, new threshold 1 (max 15)
 [PSYoungGen: 2763600K->6394K(2774784K)] 5466833K->2709951K(8367232K), 0.0299040 secs] [Times: user=0.15 sys=0.02, real=0.03 secs] 
2011-02-12T06:15:09.376+0000: 21398.696: [GC
Desired survivor size 22216704 bytes, new threshold 1 (max 15)
 [PSYoungGen: 2759930K->3168K(2756736K)] 5463487K->2707431K(8349184K), 0.0240540 secs] [Times: user=0.14 sys=0.01, real=0.03 secs] 
2011-02-12T06:15:14.854+0000: 21404.174: [GC
Desired survivor size 21954560 bytes, new threshold 1 (max 15)
 [PSYoungGen: 2756704K->12832K(2774720K)] 5460967K->2717560K(8367168K), 0.0378710 secs] [Times: user=0.22 sys=0.02, real=0.04 secs] 
2011-02-12T06:15:20.951+0000: 21410.271: [GC
Desired survivor size 22609920 bytes, new threshold 1 (max 15)
 [PSYoungGen: 2765856K->15521K(2768576K)] 5470584K->2720629K(8361024K), 0.0402930 secs] [Times: user=0.22 sys=0.02, real=0.04 secs] 
2011-02-12T06:15:26.729+0000: 21416.049: [GC
Desired survivor size 22478848 bytes, new threshold 1 (max 15)
 [PSYoungGen: 2768545K->13776K(2774208K)] 5473653K->2719348K(8366656K), 0.0373760 secs] [Times: user=0.21 sys=0.01, real=0.03 secs] 
2011-02-12T06:15:32.317+0000: 21421.637: [GC
Desired survivor size 21823488 bytes, new threshold 1 (max 15)
 [PSYoungGen: 2765904K->12656K(2774080K)] 5471476K->2718788K(8366528K), 0.0367240 secs] [Times: user=0.20 sys=0.02, real=0.04 secs] 
2011-02-12T06:15:37.408+0000: 21426.728: [GC
Desired survivor size 22020096 bytes, new threshold 1 (max 15)
 [PSYoungGen: 2764784K->14700K(2774464K)] 5470916K->2721305K(8366912K), 0.0375670 secs] [Times: user=0.22 sys=0.01, real=0.04 secs] 
2011-02-12T06:15:43.877+0000: 21433.197: [GC
Desired survivor size 21495808 bytes, new threshold 1 (max 15)
 [PSYoungGen: 2767852K->9324K(2774656K)] 5474457K->2716313K(8367104K), 0.0332380 secs] [Times: user=0.17 sys=0.02, real=0.04 secs] 
2011-02-12T06:15:50.176+0000: 21439.496: [GC
Desired survivor size 22085632 bytes, new threshold 1 (max 15)
 [PSYoungGen: 2762476K->2784K(2774016K)] 5469465K->2710225K(8366464K), 0.0224680 secs] [Times: user=0.13 sys=0.01, real=0.02 secs] 
2011-02-12T06:15:56.340+0000: 21445.660: [GC
Desired survivor size 21233664 bytes, new threshold 1 (max 15)
 [PSYoungGen: 2755808K->9344K(2774592K)] 5463249K->2717205K(8367040K), 0.0334790 secs] [Times: user=0.17 sys=0.01, real=0.04 secs] 
2011-02-12T06:16:01.116+0000: 21450.435: [GC
Desired survivor size 20578304 bytes, new threshold 1 (max 15)
 [PSYoungGen: 2762368K->8434K(2776064K)] 5470229K->2716787K(8368512K), 0.0325450 secs] [Times: user=0.17 sys=0.02, real=0.03 secs] 
2011-02-12T06:16:06.617+0000: 21455.936: [GC
Desired survivor size 21626880 bytes, new threshold 1 (max 15)
 [PSYoungGen: 2763762K->15800K(2771136K)] 5472115K->2724700K(8363584K), 0.0393450 secs] [Times: user=0.23 sys=0.02, real=0.04 secs] 
2011-02-12T06:16:12.911+0000: 21462.230: [GC
Desired survivor size 21102592 bytes, new threshold 1 (max 15)
 [PSYoungGen: 2771128K->8320K(2775552K)] 5480028K->2717720K(8368000K), 0.0320910 secs] [Times: user=0.18 sys=0.02, real=0.03 secs] 
2011-02-12T06:16:18.499+0000: 21467.818: [GC
Desired survivor size 22413312 bytes, new threshold 1 (max 15)
 [PSYoungGen: 2762752K->16893K(2771328K)] 5472152K->2726733K(8363776K), 0.0417000 secs] [Times: user=0.23 sys=0.01, real=0.04 secs] 
2011-02-12T06:16:24.998+0000: 21474.318: [GC
Desired survivor size 21823488 bytes, new threshold 1 (max 15)
 [PSYoungGen: 2771325K->8512K(2774848K)] 5481165K->2718720K(8367296K), 0.0322610 secs] [Times: user=0.16 sys=0.02, real=0.03 secs] 
2011-02-12T06:16:31.657+0000: 21480.977: [GC
Desired survivor size 21823488 bytes, new threshold 1 (max 15)
 [PSYoungGen: 2761472K->4864K(2774272K)] 5471680K->2715712K(8366720K), 0.0271370 secs] [Times: user=0.14 sys=0.01, real=0.02 secs] 
2011-02-12T06:16:37.575+0000: 21486.894: [GC
Desired survivor size 21757952 bytes, new threshold 1 (max 15)
 [PSYoungGen: 2757824K->4544K(2774912K)] 5468672K->2715868K(8367360K), 0.0276170 secs] [Times: user=0.14 sys=0.01, real=0.03 secs] 
2011-02-12T06:16:44.182+0000: 21493.502: [GC
Desired survivor size 21102592 bytes, new threshold 1 (max 15)
 [PSYoungGen: 2758144K->11200K(2774848K)] 5469468K->2722928K(8367296K), 0.0360740 secs] [Times: user=0.20 sys=0.01, real=0.04 secs] 
2011-02-12T06:16:50.656+0000: 21499.976: [GC
Desired survivor size 20447232 bytes, new threshold 1 (max 15)
 [PSYoungGen: 2764800K->7616K(2776192K)] 5476528K->2719744K(8368640K), 0.0296450 secs] [Times: user=0.16 sys=0.00, real=0.03 secs] 
2011-02-12T06:16:56.292+0000: 21505.612: [GC
Desired survivor size 22151168 bytes, new threshold 1 (max 15)
 [PSYoungGen: 2763200K->16976K(2772608K)] 5475328K->2729540K(8365056K), 0.0403970 secs] [Times: user=0.24 sys=0.01, real=0.04 secs] 
2011-02-12T06:17:02.049+0000: 21511.368: [GC
Desired survivor size 22740992 bytes, new threshold 1 (max 15)
 [PSYoungGen: 2772560K->15042K(2773376K)] 5485124K->2727958K(8365824K), 0.0560180 secs] [Times: user=0.22 sys=0.01, real=0.06 secs] 
2011-02-12T06:17:07.963+0000: 21517.283: [GC
Desired survivor size 24248320 bytes, new threshold 1 (max 15)
 [PSYoungGen: 2766784K->18008K(2769792K)] 5479700K->2731510K(8362240K), 0.0429260 secs] [Times: user=0.25 sys=0.02, real=0.04 secs] 
2011-02-12T06:17:14.217+0000: 21523.537: [GC
Desired survivor size 24051712 bytes, new threshold 1 (max 15)
 [PSYoungGen: 2769752K->5824K(2772672K)] 5483254K->2719843K(8365120K), 0.0284150 secs] [Times: user=0.15 sys=0.01, real=0.03 secs] 
2011-02-12T06:17:19.746+0000: 21529.065: [GC
Desired survivor size 24838144 bytes, new threshold 1 (max 15)
 [PSYoungGen: 2754816K->16560K(2765568K)] 5468835K->2731007K(8358016K), 0.0392620 secs] [Times: user=0.23 sys=0.02, real=0.04 secs] 
2011-02-12T06:17:25.618+0000: 21534.937: [GC
Desired survivor size 23986176 bytes, new threshold 1 (max 15)
 [PSYoungGen: 2765552K->12682K(2772736K)] 5479999K->2727569K(8365184K), 0.0360200 secs] [Times: user=0.21 sys=0.01, real=0.04 secs] 
2011-02-12T06:17:31.446+0000: 21540.766: [GC
Desired survivor size 24182784 bytes, new threshold 1 (max 15)
 [PSYoungGen: 2761162K->3568K(2771904K)] 5476049K->2718979K(8364352K), 0.0259820 secs] [Times: user=0.14 sys=0.01, real=0.02 secs] 
2011-02-12T06:17:37.978+0000: 21547.298: [GC
Desired survivor size 23134208 bytes, new threshold 1 (max 15)
 [PSYoungGen: 2752048K->11520K(2773568K)] 5467459K->2727439K(8366016K), 0.0333820 secs] [Times: user=0.20 sys=0.02, real=0.03 secs] 
2011-02-12T06:17:44.009+0000: 21553.329: [GC
Desired survivor size 22282240 bytes, new threshold 1 (max 15)
 [PSYoungGen: 2761472K->11760K(2772544K)] 5477391K->2728099K(8364992K), 0.0338620 secs] [Times: user=0.19 sys=0.02, real=0.03 secs] 
2011-02-12T06:17:50.310+0000: 21559.629: [GC
Desired survivor size 27590656 bytes, new threshold 1 (max 15)
 [PSYoungGen: 2761712K->21760K(2764032K)] 5478051K->2744377K(8356480K), 0.0495130 secs] [Times: user=0.33 sys=0.02, real=0.05 secs] 
2011-02-12T06:17:56.227+0000: 21565.547: [GC
Desired survivor size 27656192 bytes, new threshold 1 (max 15)
 [PSYoungGen: 2764032K->4072K(2746368K)] 5486649K->2727145K(8338816K), 0.0239670 secs] [Times: user=0.15 sys=0.01, real=0.02 secs] 
2011-02-12T06:18:02.675+0000: 21571.995: [GC
Desired survivor size 26411008 bytes, new threshold 1 (max 15)
 [PSYoungGen: 2746344K->12666K(2770368K)] 5469417K->2736111K(8362816K), 0.0362270 secs] [Times: user=0.22 sys=0.03, real=0.04 secs] 
2011-02-12T06:18:08.634+0000: 21577.954: [GC
Desired survivor size 25559040 bytes, new threshold 1 (max 15)
 [PSYoungGen: 2756026K->13408K(2769152K)] 5479471K->2737499K(8361600K), 0.0387450 secs] [Times: user=0.20 sys=0.02, real=0.04 secs] 
2011-02-12T06:18:14.836+0000: 21584.156: [GC
Desired survivor size 25296896 bytes, new threshold 1 (max 15)
 [PSYoungGen: 2756768K->14816K(2771456K)] 5480859K->2739395K(8363904K), 0.0432150 secs] [Times: user=0.21 sys=0.01, real=0.05 secs] 
2011-02-12T06:18:20.520+0000: 21589.840: [GC
Desired survivor size 26148864 bytes, new threshold 1 (max 15)
 [PSYoungGen: 2761312K->18044K(2764544K)] 5485891K->2743003K(8356992K), 0.0459410 secs] [Times: user=0.24 sys=0.02, real=0.04 secs] 
2011-02-12T06:18:26.337+0000: 21595.657: [GC
Desired survivor size 26607616 bytes, new threshold 1 (max 15)
 [PSYoungGen: 2764540K->17552K(2769728K)] 5489499K->2742995K(8362176K), 0.0451290 secs] [Times: user=0.22 sys=0.01, real=0.05 secs] 
2011-02-12T06:18:32.279+0000: 21601.599: [GC
Desired survivor size 27000832 bytes, new threshold 1 (max 15)
 [PSYoungGen: 2761744K->17776K(2761984K)] 5487187K->2743796K(8354432K), 0.0436330 secs] [Times: user=0.25 sys=0.02, real=0.05 secs] 
2011-02-12T06:18:38.707+0000: 21608.026: [GC
Desired survivor size 26607616 bytes, new threshold 1 (max 15)
 [PSYoungGen: 2761968K->8560K(2770176K)] 5487988K->2735068K(8362624K), 0.0310360 secs] [Times: user=0.19 sys=0.02, real=0.03 secs] 
2011-02-12T06:18:45.084+0000: 21614.404: [GC
Desired survivor size 26542080 bytes, new threshold 1 (max 15)
 [PSYoungGen: 2752368K->6512K(2769792K)] 5478876K->2733388K(8362240K), 0.0315810 secs] [Times: user=0.16 sys=0.01, real=0.03 secs] 
2011-02-12T06:18:51.169+0000: 21620.489: [GC
Desired survivor size 25755648 bytes, new threshold 1 (max 15)
 [PSYoungGen: 2750320K->14224K(2771008K)] 5477196K->2741588K(8363456K), 0.0373850 secs] [Times: user=0.22 sys=0.02, real=0.04 secs] 
2011-02-12T06:18:57.406+0000: 21626.726: [GC
Desired survivor size 26148864 bytes, new threshold 1 (max 15)
 [PSYoungGen: 2759312K->3264K(2770240K)] 5486676K->2731000K(8362688K), 0.0234550 secs] [Times: user=0.14 sys=0.01, real=0.02 secs] 
2011-02-12T06:19:03.596+0000: 21632.916: [GC
Desired survivor size 25559040 bytes, new threshold 1 (max 15)
 [PSYoungGen: 2748352K->7354K(2771200K)] 5476088K->2735484K(8363648K), 0.0300480 secs] [Times: user=0.17 sys=0.02, real=0.03 secs] 
2011-02-12T06:19:08.980+0000: 21638.300: [GC
Desired survivor size 27131904 bytes, new threshold 1 (max 15)
 [PSYoungGen: 2753018K->19281K(2764992K)] 5481148K->2748090K(8357440K), 0.0443040 secs] [Times: user=0.26 sys=0.02, real=0.04 secs] 
2011-02-12T06:19:15.733+0000: 21645.053: [GC
Desired survivor size 26673152 bytes, new threshold 1 (max 15)
 [PSYoungGen: 2764945K->14784K(2770112K)] 5493754K->2743940K(8362560K), 0.0391930 secs] [Times: user=0.24 sys=0.01, real=0.04 secs] 
2011-02-12T06:19:22.517+0000: 21651.836: [GC
Desired survivor size 26673152 bytes, new threshold 1 (max 15)
 [PSYoungGen: 2758400K->16104K(2769664K)] 5487556K->2745701K(8362112K), 0.0387510 secs] [Times: user=0.23 sys=0.03, real=0.04 secs] 
2011-02-12T06:19:27.834+0000: 21657.154: [GC
Desired survivor size 26214400 bytes, new threshold 1 (max 15)
 [PSYoungGen: 2759720K->7557K(2770560K)] 5489317K->2737746K(8363008K), 0.0297680 secs] [Times: user=0.16 sys=0.01, real=0.03 secs] 
2011-02-12T06:19:33.955+0000: 21663.275: [GC
Desired survivor size 26476544 bytes, new threshold 1 (max 15)
 [PSYoungGen: 2752069K->16448K(2770112K)] 5482258K->2747338K(8362560K), 0.0384820 secs] [Times: user=0.22 sys=0.02, real=0.04 secs] 
2011-02-12T06:19:39.493+0000: 21668.812: [GC
Desired survivor size 26476544 bytes, new threshold 1 (max 15)
 [PSYoungGen: 2760960K->4960K(2770304K)] 5491850K->2736354K(8362752K), 0.0277730 secs] [Times: user=0.15 sys=0.00, real=0.03 secs] 
2011-02-12T06:19:45.776+0000: 21675.096: [GC
Desired survivor size 25493504 bytes, new threshold 1 (max 15)
 [PSYoungGen: 2749408K->9264K(2770304K)] 5480802K->2741058K(8362752K), 0.0330880 secs] [Times: user=0.19 sys=0.02, real=0.03 secs] 
2011-02-12T06:19:52.075+0000: 21681.395: [GC
Desired survivor size 25559040 bytes, new threshold 1 (max 15)
 [PSYoungGen: 2753712K->15312K(2771136K)] 5485506K->2747610K(8363584K), 0.0391320 secs] [Times: user=0.21 sys=0.01, real=0.04 secs] 
2011-02-12T06:19:58.749+0000: 21688.069: [GC
Desired survivor size 24641536 bytes, new threshold 1 (max 15)
 [PSYoungGen: 2761552K->9696K(2771200K)] 5493850K->2742442K(8363648K), 0.0322330 secs] [Times: user=0.19 sys=0.01, real=0.03 secs] 
2011-02-12T06:20:03.536+0000: 21692.856: [GC
Desired survivor size 24051712 bytes, new threshold 1 (max 15)
 [PSYoungGen: 2755936K->13626K(2772672K)] 5488682K->2746768K(8365120K), 0.0376690 secs] [Times: user=0.22 sys=0.02, real=0.04 secs] 
2011-02-12T06:20:08.938+0000: 21698.258: [GC
Desired survivor size 23986176 bytes, new threshold 1 (max 15)
 [PSYoungGen: 2762234K->5568K(2772096K)] 5495376K->2739324K(8364544K), 0.0296690 secs] [Times: user=0.16 sys=0.01, real=0.03 secs] 
2011-02-12T06:20:15.077+0000: 21704.396: [GC
Desired survivor size 22937600 bytes, new threshold 1 (max 15)
 [PSYoungGen: 2754176K->10192K(2773760K)] 5487932K->2744336K(8366208K), 0.0324900 secs] [Times: user=0.19 sys=0.01, real=0.03 secs] 
2011-02-12T06:20:20.628+0000: 21709.948: [GC
Desired survivor size 23003136 bytes, new threshold 1 (max 15)
 [PSYoungGen: 2760528K->4496K(2772736K)] 5494672K->2739016K(8365184K), 0.0271550 secs] [Times: user=0.15 sys=0.01, real=0.03 secs] 
2011-02-12T06:20:26.862+0000: 21716.182: [GC
Desired survivor size 22216704 bytes, new threshold 1 (max 15)
 [PSYoungGen: 2754832K->7920K(2774464K)] 5489352K->2742884K(8366912K), 0.0312490 secs] [Times: user=0.15 sys=0.02, real=0.03 secs] 
2011-02-12T06:20:33.030+0000: 21722.350: [GC
Desired survivor size 21757952 bytes, new threshold 1 (max 15)
 [PSYoungGen: 2759920K->12112K(2773696K)] 5494884K->2747672K(8366144K), 0.0371410 secs] [Times: user=0.20 sys=0.02, real=0.04 secs] 
2011-02-12T06:20:39.266+0000: 21728.585: [GC
Desired survivor size 21757952 bytes, new threshold 1 (max 15)
 [PSYoungGen: 2764112K->4032K(2774912K)] 5499672K->2740104K(8367360K), 0.0261830 secs] [Times: user=0.14 sys=0.01, real=0.03 secs] 
2011-02-12T06:20:44.458+0000: 21733.777: [GC
Desired survivor size 20643840 bytes, new threshold 1 (max 15)
 [PSYoungGen: 2757696K->9776K(2774912K)] 5493768K->2746328K(8367360K), 0.0322510 secs] [Times: user=0.18 sys=0.01, real=0.04 secs] 
2011-02-12T06:20:50.579+0000: 21739.899: [GC
Desired survivor size 19660800 bytes, new threshold 1 (max 15)
 [PSYoungGen: 2763440K->10080K(2776960K)] 5499992K->2747004K(8369408K), 0.0336380 secs] [Times: user=0.20 sys=0.02, real=0.03 secs] 
2011-02-12T06:20:57.329+0000: 21746.649: [GC
Desired survivor size 18808832 bytes, new threshold 1 (max 15)
 [PSYoungGen: 2766880K->9216K(2776000K)] 5503804K->2746508K(8368448K), 0.0311740 secs] [Times: user=0.18 sys=0.02, real=0.04 secs] 
2011-02-12T06:21:03.033+0000: 21752.353: [GC
Desired survivor size 18546688 bytes, new threshold 1 (max 15)
 [PSYoungGen: 2766016K->6234K(2778048K)] 5503308K->2743935K(8370496K), 0.0280700 secs] [Times: user=0.15 sys=0.02, real=0.03 secs] 
2011-02-12T06:21:08.927+0000: 21758.247: [GC
Desired survivor size 19005440 bytes, new threshold 1 (max 15)
 [PSYoungGen: 2765914K->13024K(2772736K)] 5503615K->2751363K(8365184K), 0.0384480 secs] [Times: user=0.20 sys=0.03, real=0.04 secs] 
2011-02-12T06:21:15.117+0000: 21764.437: [GC
Desired survivor size 19857408 bytes, new threshold 1 (max 15)
 [PSYoungGen: 2772704K->14371K(2775936K)] 5511043K->2753090K(8368384K), 0.0381500 secs] [Times: user=0.21 sys=0.02, real=0.04 secs] 
2011-02-12T06:21:20.491+0000: 21769.811: [GC
Desired survivor size 19136512 bytes, new threshold 1 (max 15)
 [PSYoungGen: 2771747K->9072K(2776768K)] 5510466K->2748266K(8369216K), 0.0343910 secs] [Times: user=0.18 sys=0.01, real=0.04 secs] 
2011-02-12T06:21:26.837+0000: 21776.157: [GC
Desired survivor size 18874368 bytes, new threshold 1 (max 15)
 [PSYoungGen: 2766448K->11664K(2777728K)] 5505642K->2751310K(8370176K), 0.0363220 secs] [Times: user=0.20 sys=0.01, real=0.04 secs] 
2011-02-12T06:21:33.031+0000: 21782.351: [GC
Desired survivor size 19922944 bytes, new threshold 1 (max 15)
 [PSYoungGen: 2770704K->15275K(2774336K)] 5510350K->2755510K(8366784K), 0.0400250 secs] [Times: user=0.23 sys=0.01, real=0.04 secs] 
2011-02-12T06:21:39.112+0000: 21788.432: [GC
Desired survivor size 19464192 bytes, new threshold 1 (max 15)
 [PSYoungGen: 2774315K->8160K(2777152K)] 5514550K->2748855K(8369600K), 0.0305500 secs] [Times: user=0.16 sys=0.00, real=0.03 secs] 
2011-02-12T06:21:45.041+0000: 21794.361: [GC
Desired survivor size 19136512 bytes, new threshold 1 (max 15)
 [PSYoungGen: 2765856K->7504K(2776704K)] 5506551K->2748647K(8369152K), 0.0314000 secs] [Times: user=0.17 sys=0.01, real=0.03 secs] 
2011-02-12T06:21:51.494+0000: 21800.814: [GC
Desired survivor size 21757952 bytes, new threshold 1 (max 15)
 [PSYoungGen: 2765200K->18685K(2772352K)] 5506343K->2760573K(8364800K), 0.0439800 secs] [Times: user=0.23 sys=0.01, real=0.05 secs] 
2011-02-12T06:21:57.559+0000: 21806.879: [GC
Desired survivor size 20905984 bytes, new threshold 1 (max 15)
 [PSYoungGen: 2772349K->10240K(2774912K)] 5514237K->2752551K(8367360K), 0.0344310 secs] [Times: user=0.17 sys=0.02, real=0.03 secs] 
2011-02-12T06:22:03.306+0000: 21812.626: [GC
Desired survivor size 21233664 bytes, new threshold 1 (max 15)
 [PSYoungGen: 2763904K->3642K(2775104K)] 5506215K->2746357K(8367552K), 0.0257290 secs] [Times: user=0.13 sys=0.02, real=0.03 secs] 
2011-02-12T06:22:08.853+0000: 21818.173: [GC
Desired survivor size 21561344 bytes, new threshold 1 (max 15)
 [PSYoungGen: 2758330K->13984K(2768704K)] 5501045K->2757373K(8361152K), 0.0378950 secs] [Times: user=0.22 sys=0.03, real=0.04 secs] 
2011-02-12T06:22:14.874+0000: 21824.194: [GC
Desired survivor size 23855104 bytes, new threshold 1 (max 15)
 [PSYoungGen: 2768672K->19488K(2770624K)] 5512061K->2763301K(8363072K), 0.0422780 secs] [Times: user=0.28 sys=0.02, real=0.04 secs] 
2011-02-12T06:22:20.775+0000: 21830.094: [GC
Desired survivor size 23789568 bytes, new threshold 1 (max 15)
 [PSYoungGen: 2769056K->14576K(2772864K)] 5512869K->2758781K(8365312K), 0.0402960 secs] [Times: user=0.22 sys=0.01, real=0.04 secs] 
2011-02-12T06:22:26.599+0000: 21835.919: [GC
Desired survivor size 26804224 bytes, new threshold 1 (max 15)
 [PSYoungGen: 2764144K->22864K(2767040K)] 5508349K->2767513K(8359488K), 0.0448660 secs] [Times: user=0.27 sys=0.01, real=0.05 secs] 
2011-02-12T06:22:32.039+0000: 21841.359: [GC
Desired survivor size 25886720 bytes, new threshold 1 (max 15)
 [PSYoungGen: 2766672K->10416K(2769984K)] 5511321K->2755634K(8362432K), 0.0365310 secs] [Times: user=0.19 sys=0.02, real=0.04 secs] 
2011-02-12T06:22:38.182+0000: 21847.502: [GC
Desired survivor size 25034752 bytes, new threshold 1 (max 15)
 [PSYoungGen: 2754224K->13888K(2771712K)] 5499442K->2759554K(8364160K), 0.0391680 secs] [Times: user=0.21 sys=0.01, real=0.04 secs] 
2011-02-12T06:22:45.042+0000: 21854.362: [GC
Desired survivor size 23920640 bytes, new threshold 1 (max 15)
 [PSYoungGen: 2760320K->12336K(2770880K)] 5505986K->2758426K(8363328K), 0.0354930 secs] [Times: user=0.21 sys=0.02, real=0.04 secs] 
2011-02-12T06:22:51.973+0000: 21861.293: [GC
Desired survivor size 23134208 bytes, new threshold 1 (max 15)
 [PSYoungGen: 2758768K->13428K(2773568K)] 5504858K->2759986K(8366016K), 0.0372040 secs] [Times: user=0.21 sys=0.02, real=0.04 secs] 
2011-02-12T06:22:58.333+0000: 21867.653: [GC
Desired survivor size 22872064 bytes, new threshold 1 (max 15)
 [PSYoungGen: 2763636K->8544K(2772800K)] 5510194K->2755506K(8365248K), 0.0334080 secs] [Times: user=0.17 sys=0.02, real=0.04 secs] 
2011-02-12T06:23:04.937+0000: 21874.256: [GC
Desired survivor size 22937600 bytes, new threshold 1 (max 15)
 [PSYoungGen: 2758752K->6170K(2773696K)] 5505714K->2753532K(8366144K), 0.0318260 secs] [Times: user=0.16 sys=0.02, real=0.03 secs] 
2011-02-12T06:23:11.935+0000: 21881.255: [GC
Desired survivor size 22282240 bytes, new threshold 1 (max 15)
 [PSYoungGen: 2757530K->12928K(2773760K)] 5504892K->2760968K(8366208K), 0.0357310 secs] [Times: user=0.20 sys=0.02, real=0.04 secs] 
2011-02-12T06:23:18.301+0000: 21887.621: [GC
Desired survivor size 22085632 bytes, new threshold 1 (max 15)
 [PSYoungGen: 2764288K->7376K(2774592K)] 5512328K->2755880K(8367040K), 0.0313500 secs] [Times: user=0.16 sys=0.01, real=0.03 secs] 
2011-02-12T06:23:24.698+0000: 21894.017: [GC
Desired survivor size 22609920 bytes, new threshold 1 (max 15)
 [PSYoungGen: 2760208K->15664K(2768512K)] 5508712K->2764568K(8360960K), 0.0415090 secs] [Times: user=0.21 sys=0.01, real=0.04 secs] 
2011-02-12T06:23:30.819+0000: 21900.138: [GC
Desired survivor size 23003136 bytes, new threshold 1 (max 15)
 [PSYoungGen: 2768496K->3648K(2773312K)] 5517400K->2753144K(8365760K), 0.0264410 secs] [Times: user=0.13 sys=0.01, real=0.02 secs] 
2011-02-12T06:23:37.417+0000: 21906.736: [GC
Desired survivor size 24838144 bytes, new threshold 1 (max 15)
 [PSYoungGen: 2754880K->18912K(2770176K)] 5504376K->2769032K(8362624K), 0.0425370 secs] [Times: user=0.27 sys=0.01, real=0.05 secs] 
2011-02-12T06:23:43.465+0000: 21912.785: [GC
Desired survivor size 24707072 bytes, new threshold 1 (max 15)
 [PSYoungGen: 2770144K->5424K(2772032K)] 5520264K->2755940K(8364480K), 0.0280640 secs] [Times: user=0.16 sys=0.01, real=0.03 secs] 
2011-02-12T06:23:49.352+0000: 21918.672: [GC
Desired survivor size 24051712 bytes, new threshold 1 (max 15)
 [PSYoungGen: 2753200K->7200K(2771904K)] 5503716K->2758208K(8364352K), 0.0301510 secs] [Times: user=0.16 sys=0.02, real=0.03 secs] 
2011-02-12T06:23:56.260+0000: 21925.580: [GC
Desired survivor size 23658496 bytes, new threshold 1 (max 15)
 [PSYoungGen: 2754976K->5472K(2773056K)] 5505984K->2756880K(8365504K), 0.0286550 secs] [Times: user=0.15 sys=0.02, real=0.03 secs] 
2011-02-12T06:24:02.571+0000: 21931.890: [GC
Desired survivor size 23986176 bytes, new threshold 1 (max 15)
 [PSYoungGen: 2755040K->14490K(2772672K)] 5506448K->2766326K(8365120K), 0.0387460 secs] [Times: user=0.22 sys=0.03, real=0.04 secs] 
2011-02-12T06:24:08.056+0000: 21937.375: [GC
Desired survivor size 22806528 bytes, new threshold 1 (max 15)
 [PSYoungGen: 2764058K->10048K(2773888K)] 5515894K->2762522K(8366336K), 0.0341410 secs] [Times: user=0.20 sys=0.02, real=0.03 secs] 
2011-02-12T06:24:14.244+0000: 21943.563: [GC
Desired survivor size 23724032 bytes, new threshold 1 (max 15)
 [PSYoungGen: 2760512K->16192K(2772736K)] 5512986K->2769102K(8365184K), 0.0410680 secs] [Times: user=0.24 sys=0.02, real=0.05 secs] 
2011-02-12T06:24:20.219+0000: 21949.539: [GC
Desired survivor size 23134208 bytes, new threshold 1 (max 15)
 [PSYoungGen: 2766656K->12944K(2773568K)] 5519566K->2766239K(8366016K), 0.0370600 secs] [Times: user=0.22 sys=0.00, real=0.04 secs] 
2011-02-12T06:24:26.664+0000: 21955.984: [GC
Desired survivor size 22806528 bytes, new threshold 1 (max 15)
 [PSYoungGen: 2763344K->6752K(2772992K)] 5516639K->2760446K(8365440K), 0.0299520 secs] [Times: user=0.16 sys=0.02, real=0.03 secs] 
2011-02-12T06:24:33.008+0000: 21962.327: [GC
Desired survivor size 22609920 bytes, new threshold 1 (max 15)
 [PSYoungGen: 2757152K->13376K(2774080K)] 5510846K->2767723K(8366528K), 0.0383600 secs] [Times: user=0.19 sys=0.01, real=0.04 secs] 
2011-02-12T06:24:39.075+0000: 21968.395: [GC
Desired survivor size 24313856 bytes, new threshold 1 (max 15)
 [PSYoungGen: 2765184K->18641K(2770496K)] 5519531K->2773461K(8362944K), 0.0430090 secs] [Times: user=0.25 sys=0.02, real=0.05 secs] 
2011-02-12T06:24:45.269+0000: 21974.589: [GC
Desired survivor size 24444928 bytes, new threshold 1 (max 15)
 [PSYoungGen: 2770449K->4204K(2772160K)] 5525269K->2759455K(8364608K), 0.0276300 secs] [Times: user=0.15 sys=0.01, real=0.03 secs] 
2011-02-12T06:24:50.793+0000: 21980.113: [GC
Desired survivor size 24117248 bytes, new threshold 1 (max 15)
 [PSYoungGen: 2752620K->13696K(2772288K)] 5507871K->2769463K(8364736K), 0.0390120 secs] [Times: user=0.20 sys=0.01, real=0.04 secs] 
2011-02-12T06:24:57.022+0000: 21986.342: [GC
Desired survivor size 24969216 bytes, new threshold 1 (max 15)
 [PSYoungGen: 2762112K->16896K(2770944K)] 5517879K->2773011K(8363392K), 0.0399670 secs] [Times: user=0.25 sys=0.01, real=0.04 secs] 
2011-02-12T06:25:02.154+0000: 21991.474: [GC
Desired survivor size 25624576 bytes, new threshold 1 (max 15)
 [PSYoungGen: 2764288K->17082K(2764480K)] 5520403K->2773641K(8356928K), 0.0393700 secs] [Times: user=0.21 sys=0.03, real=0.04 secs] 
2011-02-12T06:25:07.897+0000: 21997.217: [GC
Desired survivor size 25952256 bytes, new threshold 1 (max 15)
 [PSYoungGen: 2764474K->3136K(2770496K)] 5521033K->2760297K(8362944K), 0.0255930 secs] [Times: user=0.14 sys=0.01, real=0.03 secs] 
2011-02-12T06:25:14.371+0000: 22003.690: [GC
Desired survivor size 24576000 bytes, new threshold 1 (max 15)
 [PSYoungGen: 2748608K->11584K(2770816K)] 5505769K->2769169K(8363264K), 0.0355520 secs] [Times: user=0.20 sys=0.02, real=0.04 secs] 
2011-02-12T06:25:21.286+0000: 22010.605: [GC
Desired survivor size 23855104 bytes, new threshold 1 (max 15)
 [PSYoungGen: 2757056K->12976K(2772864K)] 5514641K->2770977K(8365312K), 0.0361850 secs] [Times: user=0.22 sys=0.01, real=0.04 secs] 
2011-02-12T06:25:27.256+0000: 22016.576: [GC
Desired survivor size 23920640 bytes, new threshold 1 (max 15)
 [PSYoungGen: 2761840K->14944K(2772160K)] 5519841K->2773469K(8364608K), 0.0406740 secs] [Times: user=0.21 sys=0.01, real=0.04 secs] 
2011-02-12T06:25:31.500+0000: 22020.819: [GC
Desired survivor size 23986176 bytes, new threshold 1 (max 15)
 [PSYoungGen: 2763808K->4832K(2772672K)] 5522333K->2763881K(8365120K), 0.0277150 secs] [Times: user=0.16 sys=0.00, real=0.03 secs] 
2011-02-12T06:25:37.316+0000: 22026.636: [GC
Desired survivor size 23986176 bytes, new threshold 1 (max 15)
 [PSYoungGen: 2754144K->4384K(2772736K)] 5513193K->2763838K(8365184K), 0.0281030 secs] [Times: user=0.14 sys=0.01, real=0.03 secs] 
2011-02-12T06:25:43.080+0000: 22032.399: [GC
Desired survivor size 26148864 bytes, new threshold 1 (max 15)
 [PSYoungGen: 2753696K->19760K(2768512K)] 5513150K->2779594K(8360960K), 0.0424770 secs] [Times: user=0.27 sys=0.02, real=0.04 secs] 
2011-02-12T06:25:49.196+0000: 22038.515: [GC
Desired survivor size 26935296 bytes, new threshold 1 (max 15)
 [PSYoungGen: 2764848K->17504K(2762624K)] 5524682K->2777822K(8355072K), 0.0381600 secs] [Times: user=0.21 sys=0.02, real=0.03 secs] 
2011-02-12T06:25:55.741+0000: 22045.060: [GC
Desired survivor size 25690112 bytes, new threshold 1 (max 15)
 [PSYoungGen: 2762592K->10944K(2771072K)] 5522910K->2771610K(8363520K), 0.0339980 secs] [Times: user=0.20 sys=0.02, real=0.03 secs] 
2011-02-12T06:26:01.889+0000: 22051.209: [GC
Desired survivor size 26214400 bytes, new threshold 1 (max 15)
 [PSYoungGen: 2755712K->16834K(2769856K)] 5516378K->2777964K(8362304K), 0.0551520 secs] [Times: user=0.22 sys=0.01, real=0.05 secs] 
2011-02-12T06:26:07.796+0000: 22057.116: [GC
Desired survivor size 26279936 bytes, new threshold 1 (max 15)
 [PSYoungGen: 2761602K->4280K(2770432K)] 5522732K->2765948K(8362880K), 0.0286920 secs] [Times: user=0.15 sys=0.01, real=0.03 secs] 
2011-02-12T06:26:13.439+0000: 22062.759: [GC
Desired survivor size 29622272 bytes, new threshold 1 (max 15)
 [PSYoungGen: 2749112K->24224K(2769088K)] 5510780K->2786364K(8361536K), 0.0457770 secs] [Times: user=0.30 sys=0.02, real=0.04 secs] 
2011-02-12T06:26:20.051+0000: 22069.371: [GC
Desired survivor size 29884416 bytes, new threshold 1 (max 15)
 [PSYoungGen: 2769056K->17952K(2764864K)] 5531196K->2780452K(8357312K), 0.0419850 secs] [Times: user=0.20 sys=0.02, real=0.04 secs] 
2011-02-12T06:26:26.411+0000: 22075.731: [GC
Desired survivor size 28508160 bytes, new threshold 1 (max 15)
 [PSYoungGen: 2755744K->12080K(2766976K)] 5518244K->2775044K(8359424K), 0.0346510 secs] [Times: user=0.20 sys=0.02, real=0.03 secs] 
2011-02-12T06:26:32.502+0000: 22081.822: [GC
Desired survivor size 27197440 bytes, new threshold 1 (max 15)
 [PSYoungGen: 2749872K->12272K(2769600K)] 5512836K->2775892K(8362048K), 0.0358680 secs] [Times: user=0.21 sys=0.01, real=0.03 secs] 
2011-02-12T06:26:39.302+0000: 22088.621: [GC
Desired survivor size 27983872 bytes, new threshold 1 (max 15)
 [PSYoungGen: 2754032K->18848K(2768320K)] 5517652K->2782944K(8360768K), 0.0435270 secs] [Times: user=0.23 sys=0.01, real=0.04 secs] 
2011-02-12T06:26:45.583+0000: 22094.903: [GC
Desired survivor size 30932992 bytes, new threshold 1 (max 15)
 [PSYoungGen: 2760608K->25152K(2763072K)] 5524704K->2789604K(8355520K), 0.0501700 secs] [Times: user=0.29 sys=0.01, real=0.05 secs] 
2011-02-12T06:26:52.069+0000: 22101.389: [GC
Desired survivor size 30670848 bytes, new threshold 1 (max 15)
 [PSYoungGen: 2760896K->7232K(2765952K)] 5525348K->2772176K(8358400K), 0.0319030 secs] [Times: user=0.17 sys=0.00, real=0.03 secs] 
2011-02-12T06:26:58.285+0000: 22107.605: [GC
Desired survivor size 29163520 bytes, new threshold 1 (max 15)
 [PSYoungGen: 2742976K->14368K(2767680K)] 5507920K->2779668K(8360128K), 0.0378240 secs] [Times: user=0.22 sys=0.02, real=0.03 secs] 
2011-02-12T06:27:05.050+0000: 22114.370: [GC
Desired survivor size 28442624 bytes, new threshold 1 (max 15)
 [PSYoungGen: 2752096K->10010K(2766208K)] 5517396K->2775722K(8358656K), 0.0364880 secs] [Times: user=0.17 sys=0.02, real=0.04 secs] 
2011-02-12T06:27:11.415+0000: 22120.735: [GC
Desired survivor size 27197440 bytes, new threshold 1 (max 15)
 [PSYoungGen: 2747738K->14260K(2769600K)] 5513450K->2780667K(8362048K), 0.0379030 secs] [Times: user=0.21 sys=0.02, real=0.03 secs] 
2011-02-12T06:27:17.708+0000: 22127.028: [GC
Desired survivor size 26738688 bytes, new threshold 1 (max 15)
 [PSYoungGen: 2756084K->8864K(2768384K)] 5522491K->2775699K(8360832K), 0.0312580 secs] [Times: user=0.18 sys=0.02, real=0.03 secs] 
2011-02-12T06:27:24.031+0000: 22133.351: [GC
Desired survivor size 26738688 bytes, new threshold 1 (max 15)
 [PSYoungGen: 2750688K->5904K(2770048K)] 5517523K->2773199K(8362496K), 0.0305070 secs] [Times: user=0.16 sys=0.01, real=0.03 secs] 
2011-02-12T06:27:30.231+0000: 22139.550: [GC
Desired survivor size 26083328 bytes, new threshold 1 (max 15)
 [PSYoungGen: 2749840K->8144K(2770048K)] 5517135K->2775863K(8362496K), 0.0331930 secs] [Times: user=0.18 sys=0.02, real=0.03 secs] 
2011-02-12T06:27:36.420+0000: 22145.740: [GC
Desired survivor size 24838144 bytes, new threshold 1 (max 15)
 [PSYoungGen: 2752080K->11656K(2771904K)] 5519799K->2780031K(8364352K), 0.0362170 secs] [Times: user=0.19 sys=0.02, real=0.03 secs] 
2011-02-12T06:27:43.164+0000: 22152.483: [GC
Desired survivor size 24182784 bytes, new threshold 1 (max 15)
 [PSYoungGen: 2758088K->8715K(2770688K)] 5526463K->2777450K(8363136K), 0.0322120 secs] [Times: user=0.19 sys=0.01, real=0.03 secs] 
2011-02-12T06:27:49.149+0000: 22158.469: [GC
Desired survivor size 23199744 bytes, new threshold 1 (max 15)
 [PSYoungGen: 2755147K->12352K(2773504K)] 5523882K->2781651K(8365952K), 0.0358530 secs] [Times: user=0.21 sys=0.02, real=0.04 secs] 
2011-02-12T06:27:55.615+0000: 22164.935: [GC
Desired survivor size 23265280 bytes, new threshold 1 (max 15)
 [PSYoungGen: 2762240K->4930K(2772544K)] 5531539K->2774601K(8364992K), 0.0281230 secs] [Times: user=0.15 sys=0.01, real=0.03 secs] 
2011-02-12T06:28:01.602+0000: 22170.922: [GC
Desired survivor size 23199744 bytes, new threshold 1 (max 15)
 [PSYoungGen: 2754818K->4537K(2773504K)] 5524489K->2774608K(8365952K), 0.0288280 secs] [Times: user=0.14 sys=0.02, real=0.03 secs] 
2011-02-12T06:28:07.905+0000: 22177.224: [GC
Desired survivor size 23134208 bytes, new threshold 1 (max 15)
 [PSYoungGen: 2755321K->13440K(2773440K)] 5525392K->2784105K(8365888K), 0.0382200 secs] [Times: user=0.24 sys=0.01, real=0.04 secs] 
2011-02-12T06:28:14.677+0000: 22183.997: [GC
Desired survivor size 22806528 bytes, new threshold 1 (max 15)
 [PSYoungGen: 2764224K->13184K(2773888K)] 5534889K->2784273K(8366336K), 0.0362820 secs] [Times: user=0.22 sys=0.02, real=0.04 secs] 
2011-02-12T06:28:20.896+0000: 22190.215: [GC
Desired survivor size 22478848 bytes, new threshold 1 (max 15)
 [PSYoungGen: 2764480K->6272K(2773568K)] 5535569K->2777817K(8366016K), 0.0282000 secs] [Times: user=0.17 sys=0.01, real=0.03 secs] 
2011-02-12T06:28:26.917+0000: 22196.236: [GC
Desired survivor size 21889024 bytes, new threshold 1 (max 15)
 [PSYoungGen: 2757568K->7248K(2774784K)] 5529113K->2779277K(8367232K), 0.0305430 secs] [Times: user=0.17 sys=0.02, real=0.03 secs] 
2011-02-12T06:28:33.006+0000: 22202.326: [GC
Desired survivor size 21102592 bytes, new threshold 1 (max 15)
 [PSYoungGen: 2760080K->8240K(2774208K)] 5532109K->2780793K(8366656K), 0.0326140 secs] [Times: user=0.17 sys=0.02, real=0.03 secs] 
2011-02-12T06:28:39.649+0000: 22208.969: [GC
Desired survivor size 20774912 bytes, new threshold 1 (max 15)
 [PSYoungGen: 2761072K->5472K(2775872K)] 5533625K->2778517K(8368320K), 0.0286320 secs] [Times: user=0.16 sys=0.01, real=0.03 secs] 
2011-02-12T06:28:45.823+0000: 22215.142: [GC
Desired survivor size 23330816 bytes, new threshold 1 (max 15)
 [PSYoungGen: 2760736K->19056K(2774336K)] 5533781K->2792569K(8366784K), 0.0426070 secs] [Times: user=0.26 sys=0.02, real=0.04 secs] 
2011-02-12T06:28:52.851+0000: 22222.170: [GC
Desired survivor size 23724032 bytes, new threshold 1 (max 15)
 [PSYoungGen: 2774320K->14976K(2771648K)] 5547833K->2788985K(8364096K), 0.0398090 secs] [Times: user=0.23 sys=0.01, real=0.04 secs] 
2011-02-12T06:28:59.589+0000: 22228.908: [GC
Desired survivor size 23920640 bytes, new threshold 1 (max 15)
 [PSYoungGen: 2764800K->14624K(2764480K)] 5538809K->2788977K(8356928K), 0.0406140 secs] [Times: user=0.22 sys=0.02, real=0.04 secs] 
2011-02-12T06:29:05.605+0000: 22234.925: [GC
Desired survivor size 23724032 bytes, new threshold 1 (max 15)
 [PSYoungGen: 2764448K->14170K(2772992K)] 5538801K->2789028K(8365440K), 0.0389520 secs] [Times: user=0.23 sys=0.02, real=0.04 secs] 
2011-02-12T06:29:12.824+0000: 22242.144: [GC
Desired survivor size 23724032 bytes, new threshold 1 (max 15)
 [PSYoungGen: 2763802K->4992K(2772800K)] 5538660K->2780496K(8365248K), 0.0282970 secs] [Times: user=0.15 sys=0.02, real=0.03 secs] 
2011-02-12T06:29:19.821+0000: 22249.141: [GC
Desired survivor size 23199744 bytes, new threshold 1 (max 15)
 [PSYoungGen: 2754624K->6528K(2773504K)] 5530128K->2782436K(8365952K), 0.0305140 secs] [Times: user=0.16 sys=0.01, real=0.03 secs] 
2011-02-12T06:29:26.877+0000: 22256.196: [GC
Desired survivor size 22413312 bytes, new threshold 1 (max 15)
 [PSYoungGen: 2756864K->7984K(2772992K)] 5532772K->2784388K(8365440K), 0.0313980 secs] [Times: user=0.17 sys=0.00, real=0.03 secs] 
2011-02-12T06:29:33.625+0000: 22262.944: [GC
Desired survivor size 22151168 bytes, new threshold 1 (max 15)
 [PSYoungGen: 2758320K->5152K(2774528K)] 5534724K->2782280K(8366976K), 0.0285750 secs] [Times: user=0.15 sys=0.01, real=0.03 secs] 
2011-02-12T06:29:40.433+0000: 22269.752: [GC
Desired survivor size 21954560 bytes, new threshold 1 (max 15)
 [PSYoungGen: 2757792K->3808K(2774272K)] 5534920K->2781428K(8366720K), 0.0265830 secs] [Times: user=0.15 sys=0.01, real=0.03 secs] 
2011-02-12T06:29:47.396+0000: 22276.716: [GC
Desired survivor size 21168128 bytes, new threshold 1 (max 15)
 [PSYoungGen: 2756448K->6208K(2775488K)] 5534068K->2784360K(8367936K), 0.0308900 secs] [Times: user=0.16 sys=0.01, real=0.03 secs] 
2011-02-12T06:29:54.553+0000: 22283.873: [GC
Desired survivor size 21102592 bytes, new threshold 1 (max 15)
 [PSYoungGen: 2760256K->11808K(2774720K)] 5538408K->2790308K(8367168K), 0.0355440 secs] [Times: user=0.21 sys=0.02, real=0.04 secs] 
2011-02-12T06:30:00.928+0000: 22290.248: [GC
Desired survivor size 20447232 bytes, new threshold 1 (max 15)
 [PSYoungGen: 2765856K->6094K(2776192K)] 5544356K->2785006K(8368640K), 0.0303830 secs] [Times: user=0.16 sys=0.02, real=0.03 secs] 
2011-02-12T06:30:06.492+0000: 22295.812: [GC
Desired survivor size 22872064 bytes, new threshold 1 (max 15)
 [PSYoungGen: 2761678K->18232K(2773824K)] 5540590K->2797767K(8366272K), 0.0431070 secs] [Times: user=0.26 sys=0.02, real=0.04 secs] 
2011-02-12T06:30:12.103+0000: 22301.423: [GC
Desired survivor size 24117248 bytes, new threshold 1 (max 15)
 [PSYoungGen: 2773816K->16480K(2771392K)] 5553351K->2796495K(8363840K), 0.0406220 secs] [Times: user=0.23 sys=0.01, real=0.04 secs] 
2011-02-12T06:30:17.315+0000: 22306.635: [GC
Desired survivor size 25690112 bytes, new threshold 1 (max 15)
 [PSYoungGen: 2765536K->18144K(2767232K)] 5545551K->2798583K(8359680K), 0.0424840 secs] [Times: user=0.26 sys=0.02, real=0.05 secs] 
2011-02-12T06:30:23.496+0000: 22312.815: [GC
Desired survivor size 24707072 bytes, new threshold 1 (max 15)
 [PSYoungGen: 2767200K->8764K(2772032K)] 5547639K->2789607K(8364480K), 0.0330250 secs] [Times: user=0.17 sys=0.01, real=0.04 secs] 
2011-02-12T06:30:29.338+0000: 22318.658: [GC
Desired survivor size 23396352 bytes, new threshold 1 (max 15)
 [PSYoungGen: 2755708K->11024K(2771072K)] 5536551K->2792423K(8363520K), 0.0361250 secs] [Times: user=0.18 sys=0.02, real=0.04 secs] 
2011-02-12T06:30:35.800+0000: 22325.120: [GC
Desired survivor size 23134208 bytes, new threshold 1 (max 15)
 [PSYoungGen: 2757968K->5680K(2773568K)] 5539367K->2787711K(8366016K), 0.0310020 secs] [Times: user=0.14 sys=0.02, real=0.04 secs] 
2011-02-12T06:30:41.483+0000: 22330.802: [GC
Desired survivor size 24576000 bytes, new threshold 1 (max 15)
 [PSYoungGen: 2756400K->17536K(2768256K)] 5538431K->2800147K(8360704K), 0.0419220 secs] [Times: user=0.25 sys=0.01, real=0.04 secs] 
2011-02-12T06:30:47.699+0000: 22337.019: [GC
Desired survivor size 24444928 bytes, new threshold 1 (max 15)
 [PSYoungGen: 2768256K->4448K(2772288K)] 5550867K->2787411K(8364736K), 0.0288570 secs] [Times: user=0.15 sys=0.02, real=0.03 secs] 
2011-02-12T06:30:53.397+0000: 22342.717: [GC
Desired survivor size 24903680 bytes, new threshold 1 (max 15)
 [PSYoungGen: 2752736K->15376K(2763712K)] 5535699K->2798775K(8356160K), 0.0387810 secs] [Times: user=0.24 sys=0.01, real=0.04 secs] 
2011-02-12T06:30:59.407+0000: 22348.727: [GC
Desired survivor size 25493504 bytes, new threshold 1 (max 15)
 [PSYoungGen: 2763664K->16192K(2770688K)] 5547063K->2800075K(8363136K), 0.0401010 secs] [Times: user=0.24 sys=0.01, real=0.04 secs] 
2011-02-12T06:31:05.416+0000: 22354.735: [GC
Desired survivor size 25886720 bytes, new threshold 1 (max 15)
 [PSYoungGen: 2762560K->16026K(2762432K)] 5546443K->2800418K(8354880K), 0.0399180 secs] [Times: user=0.24 sys=0.01, real=0.04 secs] 
2011-02-12T06:31:11.038+0000: 22360.358: [GC
Desired survivor size 25559040 bytes, new threshold 1 (max 15)
 [PSYoungGen: 2762394K->5888K(2771200K)] 5546786K->2791022K(8363648K), 0.0301700 secs] [Times: user=0.16 sys=0.02, real=0.03 secs] 
2011-02-12T06:31:16.860+0000: 22366.179: [GC
Desired survivor size 24838144 bytes, new threshold 1 (max 15)
 [PSYoungGen: 2751808K->7520K(2770880K)] 5536942K->2793014K(8363328K), 0.0305270 secs] [Times: user=0.17 sys=0.02, real=0.03 secs] 
2011-02-12T06:31:23.231+0000: 22372.550: [GC
Desired survivor size 26214400 bytes, new threshold 1 (max 15)
 [PSYoungGen: 2753440K->18128K(2769216K)] 5538934K->2804022K(8361664K), 0.0401720 secs] [Times: user=0.25 sys=0.01, real=0.04 secs] 
2011-02-12T06:31:29.667+0000: 22378.986: [GC
Desired survivor size 25362432 bytes, new threshold 1 (max 15)
 [PSYoungGen: 2763088K->8112K(2770560K)] 5548982K->2794566K(8363008K), 0.0316370 secs] [Times: user=0.17 sys=0.01, real=0.04 secs] 
2011-02-12T06:31:35.870+0000: 22385.189: [GC
Desired survivor size 24641536 bytes, new threshold 1 (max 15)
 [PSYoungGen: 2753072K->7584K(2772096K)] 5539526K->2794730K(8364544K), 0.0319710 secs] [Times: user=0.17 sys=0.01, real=0.03 secs] 
2011-02-12T06:31:42.684+0000: 22392.003: [GC
Desired survivor size 24772608 bytes, new threshold 1 (max 15)
 [PSYoungGen: 2754912K->14752K(2771392K)] 5542058K->2802334K(8363840K), 0.0365800 secs] [Times: user=0.20 sys=0.01, real=0.04 secs] 
2011-02-12T06:31:48.088+0000: 22397.408: [GC
Desired survivor size 24379392 bytes, new threshold 1 (max 15)
 [PSYoungGen: 2762080K->13856K(2772352K)] 5549662K->2801902K(8364800K), 0.0402580 secs] [Times: user=0.21 sys=0.01, real=0.04 secs] 
2011-02-12T06:31:54.209+0000: 22403.529: [GC
Desired survivor size 24051712 bytes, new threshold 1 (max 15)
 [PSYoungGen: 2762016K->6576K(2771968K)] 5550062K->2795046K(8364416K), 0.0309160 secs] [Times: user=0.16 sys=0.02, real=0.03 secs] 
2011-02-12T06:32:00.448+0000: 22409.768: [GC
Desired survivor size 26411008 bytes, new threshold 1 (max 15)
 [PSYoungGen: 2754736K->20770K(2768064K)] 5543206K->2809728K(8360512K), 0.0448150 secs] [Times: user=0.27 sys=0.02, real=0.05 secs] 
2011-02-12T06:32:06.568+0000: 22415.888: [GC
Desired survivor size 26607616 bytes, new threshold 1 (max 15)
 [PSYoungGen: 2765346K->16300K(2760896K)] 5554304K->2805901K(8353344K), 0.0404700 secs] [Times: user=0.26 sys=0.02, real=0.04 secs] 
2011-02-12T06:32:13.071+0000: 22422.391: [GC
Desired survivor size 25624576 bytes, new threshold 1 (max 15)
 [PSYoungGen: 2760876K->10240K(2771136K)] 5550477K->2800388K(8363584K), 0.0350130 secs] [Times: user=0.20 sys=0.01, real=0.04 secs] 
2011-02-12T06:32:18.164+0000: 22427.484: [GC
Desired survivor size 26083328 bytes, new threshold 1 (max 15)
 [PSYoungGen: 2755392K->16832K(2770176K)] 5545540K->2807440K(8362624K), 0.0419110 secs] [Times: user=0.25 sys=0.01, real=0.04 secs] 
2011-02-12T06:32:24.455+0000: 22433.774: [GC
Desired survivor size 24903680 bytes, new threshold 1 (max 15)
 [PSYoungGen: 2761984K->12112K(2771840K)] 5552592K->2803104K(8364288K), 0.0334280 secs] [Times: user=0.17 sys=0.01, real=0.03 secs] 
2011-02-12T06:32:31.307+0000: 22440.626: [GC
Desired survivor size 25362432 bytes, new threshold 1 (max 15)
 [PSYoungGen: 2758480K->2976K(2770688K)] 5549472K->2794508K(8363136K), 0.0229250 secs] [Times: user=0.13 sys=0.00, real=0.02 secs] 
2011-02-12T06:32:38.043+0000: 22447.362: [GC
Desired survivor size 29556736 bytes, new threshold 1 (max 15)
 [PSYoungGen: 2749344K->24768K(2763200K)] 5540876K->2817832K(8355648K), 0.0489790 secs] [Times: user=0.28 sys=0.01, real=0.05 secs] 
2011-02-12T06:32:44.440+0000: 22453.759: [GC
Desired survivor size 28966912 bytes, new threshold 1 (max 15)
 [PSYoungGen: 2763200K->7328K(2767296K)] 5556264K->2800816K(8359744K), 0.0300390 secs] [Times: user=0.17 sys=0.01, real=0.03 secs] 
2011-02-12T06:32:50.548+0000: 22459.868: [GC
Desired survivor size 27656192 bytes, new threshold 1 (max 15)
 [PSYoungGen: 2745760K->10944K(2769152K)] 5539248K->2804920K(8361600K), 0.0342710 secs] [Times: user=0.20 sys=0.01, real=0.03 secs] 
2011-02-12T06:32:56.635+0000: 22465.954: [GC
Desired survivor size 27066368 bytes, new threshold 1 (max 15)
 [PSYoungGen: 2751808K->7164K(2767872K)] 5545784K->2801585K(8360320K), 0.0307360 secs] [Times: user=0.16 sys=0.01, real=0.03 secs] 
2011-02-12T06:33:02.685+0000: 22472.004: [GC
Desired survivor size 27066368 bytes, new threshold 1 (max 15)
 [PSYoungGen: 2748028K->15770K(2769728K)] 5542449K->2810803K(8362176K), 0.0401770 secs] [Times: user=0.24 sys=0.02, real=0.04 secs] 
2011-02-12T06:33:08.167+0000: 22477.486: [GC
Desired survivor size 26345472 bytes, new threshold 1 (max 15)
 [PSYoungGen: 2759066K->7936K(2769728K)] 5554099K->2803687K(8362176K), 0.0311990 secs] [Times: user=0.18 sys=0.02, real=0.03 secs] 
2011-02-12T06:33:14.489+0000: 22483.809: [GC
Desired survivor size 25231360 bytes, new threshold 1 (max 15)
 [PSYoungGen: 2751232K->10176K(2771520K)] 5546983K->2806271K(8363968K), 0.0354060 secs] [Times: user=0.20 sys=0.01, real=0.04 secs] 
2011-02-12T06:33:20.118+0000: 22489.437: [GC
Desired survivor size 24576000 bytes, new threshold 1 (max 15)
 [PSYoungGen: 2755968K->7903K(2770432K)] 5552063K->2804494K(8362880K), 0.0336910 secs] [Times: user=0.17 sys=0.01, real=0.04 secs] 
2011-02-12T06:33:26.185+0000: 22495.505: [GC
Desired survivor size 23855104 bytes, new threshold 1 (max 15)
 [PSYoungGen: 2753695K->12816K(2772864K)] 5550286K->2809795K(8365312K), 0.0367840 secs] [Times: user=0.20 sys=0.02, real=0.04 secs] 
2011-02-12T06:33:32.478+0000: 22501.798: [GC
Desired survivor size 23658496 bytes, new threshold 1 (max 15)
 [PSYoungGen: 2761680K->14064K(2772160K)] 5558659K->2811523K(8364608K), 0.0390850 secs] [Times: user=0.23 sys=0.00, real=0.04 secs] 
2011-02-12T06:33:38.499+0000: 22507.819: [GC
Desired survivor size 24313856 bytes, new threshold 1 (max 15)
 [PSYoungGen: 2762928K->16544K(2771776K)] 5560387K->2814667K(8364224K), 0.0408320 secs] [Times: user=0.26 sys=0.02, real=0.04 secs] 
2011-02-12T06:33:44.725+0000: 22514.045: [GC
Desired survivor size 24248320 bytes, new threshold 1 (max 15)
 [PSYoungGen: 2765216K->5856K(2772416K)] 5563339K->2804331K(8364864K), 0.0300200 secs] [Times: user=0.16 sys=0.02, real=0.03 secs] 
2011-02-12T06:33:50.737+0000: 22520.057: [GC
Desired survivor size 23855104 bytes, new threshold 1 (max 15)
 [PSYoungGen: 2754528K->6560K(2772864K)] 5553003K->2805431K(8365312K), 0.0300160 secs] [Times: user=0.17 sys=0.02, real=0.03 secs] 
2011-02-12T06:33:56.445+0000: 22525.764: [GC
Desired survivor size 23592960 bytes, new threshold 1 (max 15)
 [PSYoungGen: 2755744K->5264K(2772480K)] 5554615K->2804579K(8364928K), 0.0297980 secs] [Times: user=0.16 sys=0.01, real=0.03 secs] 
2011-02-12T06:34:02.134+0000: 22531.454: [GC
Desired survivor size 23199744 bytes, new threshold 1 (max 15)
 [PSYoungGen: 2754448K->5658K(2773504K)] 5553763K->2805422K(8365952K), 0.0291350 secs] [Times: user=0.15 sys=0.01, real=0.03 secs] 
2011-02-12T06:34:07.493+0000: 22536.813: [GC
Desired survivor size 21889024 bytes, new threshold 1 (max 15)
 [PSYoungGen: 2756122K->9920K(2773120K)] 5555886K->2810358K(8365568K), 0.0344340 secs] [Times: user=0.19 sys=0.02, real=0.04 secs] 
2011-02-12T06:34:13.794+0000: 22543.113: [GC
Desired survivor size 22675456 bytes, new threshold 1 (max 15)
 [PSYoungGen: 2760384K->15136K(2773248K)] 5560822K->2815970K(8365696K), 0.0419530 secs] [Times: user=0.23 sys=0.02, real=0.04 secs] 
2011-02-12T06:34:19.773+0000: 22549.092: [GC
Desired survivor size 23986176 bytes, new threshold 1 (max 15)
 [PSYoungGen: 2767008K->17088K(2768960K)] 5567842K->2818342K(8361408K), 0.0410710 secs] [Times: user=0.25 sys=0.02, real=0.04 secs] 
2011-02-12T06:34:25.428+0000: 22554.747: [GC
Desired survivor size 22740992 bytes, new threshold 1 (max 15)
 [PSYoungGen: 2768960K->11040K(2773952K)] 5570214K->2812670K(8366400K), 0.0348040 secs] [Times: user=0.21 sys=0.01, real=0.03 secs] 
2011-02-12T06:34:31.869+0000: 22561.189: [GC
Desired survivor size 22937600 bytes, new threshold 1 (max 15)
 [PSYoungGen: 2761568K->3760K(2772736K)] 5563198K->2805842K(8365184K), 0.0261140 secs] [Times: user=0.14 sys=0.01, real=0.02 secs] 
2011-02-12T06:34:37.994+0000: 22567.314: [GC
Desired survivor size 22085632 bytes, new threshold 1 (max 15)
 [PSYoungGen: 2754288K->11520K(2774592K)] 5556370K->2814246K(8367040K), 0.0356060 secs] [Times: user=0.21 sys=0.02, real=0.04 secs] 
2011-02-12T06:34:43.972+0000: 22573.291: [GC
Desired survivor size 21495808 bytes, new threshold 1 (max 15)
 [PSYoungGen: 2763712K->11936K(2773760K)] 5566438K->2815106K(8366208K), 0.0357370 secs] [Times: user=0.20 sys=0.02, real=0.03 secs] 
2011-02-12T06:34:49.767+0000: 22579.087: [GC
Desired survivor size 20512768 bytes, new threshold 1 (max 15)
 [PSYoungGen: 2764128K->10304K(2776128K)] 5567298K->2813866K(8368576K), 0.0346870 secs] [Times: user=0.19 sys=0.01, real=0.04 secs] 
2011-02-12T06:34:55.418+0000: 22584.738: [GC
Desired survivor size 19988480 bytes, new threshold 1 (max 15)
 [PSYoungGen: 2765440K->8136K(2775168K)] 5569002K->2812074K(8367616K), 0.0303030 secs] [Times: user=0.17 sys=0.02, real=0.03 secs] 
2011-02-12T06:35:01.963+0000: 22591.283: [GC
Desired survivor size 20250624 bytes, new threshold 1 (max 15)
 [PSYoungGen: 2763272K->3642K(2776128K)] 5567210K->2807836K(8368576K), 0.0261640 secs] [Times: user=0.15 sys=0.01, real=0.02 secs] 
2011-02-12T06:35:07.666+0000: 22596.985: [GC
Desired survivor size 20578304 bytes, new threshold 1 (max 15)
 [PSYoungGen: 2760250K->13334K(2769984K)] 5564444K->2818206K(8362432K), 0.0369310 secs] [Times: user=0.22 sys=0.02, real=0.03 secs] 
2011-02-12T06:35:13.984+0000: 22603.304: [GC
Desired survivor size 20250624 bytes, new threshold 1 (max 15)
 [PSYoungGen: 2769942K->5952K(2776384K)] 5574814K->2811360K(8368832K), 0.0306370 secs] [Times: user=0.17 sys=0.03, real=0.03 secs] 
2011-02-12T06:35:19.849+0000: 22609.169: [GC
Desired survivor size 19791872 bytes, new threshold 1 (max 15)
 [PSYoungGen: 2762240K->11040K(2776064K)] 5567648K->2816832K(8368512K), 0.0363440 secs] [Times: user=0.19 sys=0.02, real=0.04 secs] 
2011-02-12T06:35:25.958+0000: 22615.278: [GC
Desired survivor size 19267584 bytes, new threshold 1 (max 15)
 [PSYoungGen: 2767328K->11088K(2777344K)] 5573120K->2817296K(8369792K), 0.0376400 secs] [Times: user=0.20 sys=0.02, real=0.04 secs] 
2011-02-12T06:35:31.693+0000: 22621.013: [GC
Desired survivor size 22675456 bytes, new threshold 1 (max 15)
 [PSYoungGen: 2769104K->18815K(2776832K)] 5575312K->2827511K(8369280K), 0.0403220 secs] [Times: user=0.24 sys=0.02, real=0.04 secs] 
2011-02-12T06:35:36.549+0000: 22625.868: [GC
Desired survivor size 22609920 bytes, new threshold 1 (max 15)
 [PSYoungGen: 2776831K->4976K(2771328K)] 5585527K->2814496K(8363776K), 0.0315630 secs] [Times: user=0.15 sys=0.01, real=0.03 secs] 
2011-02-12T06:35:43.055+0000: 22632.374: [GC
Desired survivor size 22740992 bytes, new threshold 1 (max 15)
 [PSYoungGen: 2756976K->13856K(2765888K)] 5566496K->2823768K(8358336K), 0.0389420 secs] [Times: user=0.22 sys=0.00, real=0.04 secs] 
2011-02-12T06:35:49.218+0000: 22638.538: [GC
Desired survivor size 22478848 bytes, new threshold 1 (max 15)
 [PSYoungGen: 2765856K->5536K(2774208K)] 5575768K->2815872K(8366656K), 0.0275900 secs] [Times: user=0.15 sys=0.02, real=0.02 secs] 
2011-02-12T06:35:54.829+0000: 22644.149: [GC
Desired survivor size 21430272 bytes, new threshold 1 (max 15)
 [PSYoungGen: 2757536K->10716K(2773952K)] 5567872K->2821396K(8366400K), 0.0340170 secs] [Times: user=0.20 sys=0.02, real=0.03 secs] 
2011-02-12T06:36:00.282+0000: 22649.602: [GC
Desired survivor size 22675456 bytes, new threshold 1 (max 15)
 [PSYoungGen: 2762716K->16370K(2772800K)] 5573396K->2827438K(8365248K), 0.0406760 secs] [Times: user=0.25 sys=0.01, real=0.04 secs] 
2011-02-12T06:36:05.145+0000: 22654.464: [GC
Desired survivor size 22609920 bytes, new threshold 1 (max 15)
 [PSYoungGen: 2768242K->13880K(2774016K)] 5579310K->2825634K(8366464K), 0.0387720 secs] [Times: user=0.21 sys=0.01, real=0.04 secs] 
2011-02-12T06:36:11.209+0000: 22660.529: [GC
Desired survivor size 22872064 bytes, new threshold 1 (max 15)
 [PSYoungGen: 2765752K->14784K(2773568K)] 5577506K->2826998K(8366016K), 0.0418420 secs] [Times: user=0.23 sys=0.02, real=0.05 secs] 
2011-02-12T06:36:17.104+0000: 22666.424: [GC
Desired survivor size 22872064 bytes, new threshold 1 (max 15)
 [PSYoungGen: 2766272K->14495K(2773824K)] 5578486K->2827110K(8366272K), 0.0401590 secs] [Times: user=0.21 sys=0.01, real=0.04 secs] 
2011-02-12T06:36:23.122+0000: 22672.442: [GC
Desired survivor size 23068672 bytes, new threshold 1 (max 15)
 [PSYoungGen: 2765983K->15248K(2773440K)] 5578598K->2828214K(8365888K), 0.0399910 secs] [Times: user=0.21 sys=0.02, real=0.04 secs] 
2011-02-12T06:36:29.178+0000: 22678.497: [GC
Desired survivor size 23199744 bytes, new threshold 1 (max 15)
 [PSYoungGen: 2766352K->5488K(2756608K)] 5579318K->2818934K(8349056K), 0.0289920 secs] [Times: user=0.14 sys=0.02, real=0.03 secs] 
2011-02-12T06:36:34.661+0000: 22683.981: [GC
Desired survivor size 24641536 bytes, new threshold 1 (max 15)
 [PSYoungGen: 2756592K->18295K(2770688K)] 5570038K->2832298K(8363136K), 0.0419120 secs] [Times: user=0.26 sys=0.03, real=0.04 secs] 
2011-02-12T06:36:40.450+0000: 22689.770: [GC
Desired survivor size 24051712 bytes, new threshold 1 (max 15)
 [PSYoungGen: 2766327K->13952K(2772096K)] 5580330K->2828394K(8364544K), 0.0379530 secs] [Times: user=0.22 sys=0.02, real=0.04 secs] 
2011-02-12T06:36:46.729+0000: 22696.048: [GC
Desired survivor size 23855104 bytes, new threshold 1 (max 15)
 [PSYoungGen: 2761984K->7168K(2772864K)] 5576426K->2821954K(8365312K), 0.0305840 secs] [Times: user=0.16 sys=0.01, real=0.03 secs] 
2011-02-12T06:36:53.754+0000: 22703.073: [GC
Desired survivor size 23461888 bytes, new threshold 1 (max 15)
 [PSYoungGen: 2756544K->7488K(2772672K)] 5571330K->2822580K(8365120K), 0.0309660 secs] [Times: user=0.17 sys=0.02, real=0.03 secs] 
2011-02-12T06:37:00.179+0000: 22709.499: [GC
Desired survivor size 23724032 bytes, new threshold 1 (max 15)
 [PSYoungGen: 2756864K->3266K(2772736K)] 5571956K->2818749K(8365184K), 0.0238630 secs] [Times: user=0.13 sys=0.01, real=0.02 secs] 
2011-02-12T06:37:06.960+0000: 22716.279: [GC
Desired survivor size 23396352 bytes, new threshold 1 (max 15)
 [PSYoungGen: 2753090K->13112K(2772992K)] 5568573K->2829158K(8365440K), 0.0371410 secs] [Times: user=0.21 sys=0.03, real=0.03 secs] 
2011-02-12T06:37:13.086+0000: 22722.405: [GC
Desired survivor size 23068672 bytes, new threshold 1 (max 15)
 [PSYoungGen: 2762936K->5600K(2773632K)] 5578982K->2822142K(8366080K), 0.0298910 secs] [Times: user=0.16 sys=0.01, real=0.03 secs] 
2011-02-12T06:37:18.756+0000: 22728.075: [GC
Desired survivor size 22413312 bytes, new threshold 1 (max 15)
 [PSYoungGen: 2756384K->6760K(2773312K)] 5572926K->2823766K(8365760K), 0.0316120 secs] [Times: user=0.16 sys=0.01, real=0.03 secs] 
2011-02-12T06:37:25.478+0000: 22734.797: [GC
Desired survivor size 22609920 bytes, new threshold 1 (max 15)
 [PSYoungGen: 2757544K->13616K(2773888K)] 5574550K->2831113K(8366336K), 0.0382810 secs] [Times: user=0.23 sys=0.02, real=0.04 secs] 
2011-02-12T06:37:31.787+0000: 22741.107: [GC
Desired survivor size 21626880 bytes, new threshold 1 (max 15)
 [PSYoungGen: 2765616K->9104K(2774080K)] 5583113K->2827145K(8366528K), 0.0338780 secs] [Times: user=0.19 sys=0.03, real=0.04 secs] 
2011-02-12T06:37:38.672+0000: 22747.992: [GC
Desired survivor size 20774912 bytes, new threshold 1 (max 15)
 [PSYoungGen: 2761104K->8704K(2775872K)] 5579145K->2827405K(8368320K), 0.0339750 secs] [Times: user=0.19 sys=0.02, real=0.03 secs] 
2011-02-12T06:37:45.378+0000: 22754.698: [GC
Desired survivor size 20643840 bytes, new threshold 1 (max 15)
 [PSYoungGen: 2763456K->4704K(2775040K)] 5582157K->2823857K(8367488K), 0.0289350 secs] [Times: user=0.14 sys=0.02, real=0.03 secs] 
2011-02-12T06:37:51.339+0000: 22760.659: [GC
Desired survivor size 20185088 bytes, new threshold 1 (max 15)
 [PSYoungGen: 2759456K->5856K(2776448K)] 5578609K->2825438K(8368896K), 0.0313080 secs] [Times: user=0.17 sys=0.01, real=0.03 secs] 
2011-02-12T06:37:57.770+0000: 22767.090: [GC
Desired survivor size 22544384 bytes, new threshold 1 (max 15)
 [PSYoungGen: 2762144K->18208K(2774528K)] 5581726K->2838266K(8366976K), 0.0428260 secs] [Times: user=0.26 sys=0.03, real=0.04 secs] 
2011-02-12T06:38:04.135+0000: 22773.455: [GC
Desired survivor size 21561344 bytes, new threshold 1 (max 15)
 [PSYoungGen: 2774496K->8762K(2775104K)] 5594554K->2829240K(8367552K), 0.0338280 secs] [Times: user=0.16 sys=0.03, real=0.03 secs] 
2011-02-12T06:38:10.441+0000: 22779.760: [GC
Desired survivor size 21495808 bytes, new threshold 1 (max 15)
 [PSYoungGen: 2762234K->12764K(2774528K)] 5582712K->2833964K(8366976K), 0.0369810 secs] [Times: user=0.21 sys=0.03, real=0.04 secs] 
2011-02-12T06:38:16.304+0000: 22785.624: [GC
Desired survivor size 25690112 bytes, new threshold 1 (max 15)
 [PSYoungGen: 2766236K->20992K(2766976K)] 5587436K->2845452K(8359424K), 0.0492760 secs] [Times: user=0.26 sys=0.03, real=0.05 secs] 
2011-02-12T06:38:22.252+0000: 22791.571: [GC
Desired survivor size 26279936 bytes, new threshold 1 (max 15)
 [PSYoungGen: 2766976K->16752K(2762752K)] 5591436K->2841628K(8355200K), 0.0421690 secs] [Times: user=0.23 sys=0.01, real=0.04 secs] 
2011-02-12T06:38:28.500+0000: 22797.819: [GC
Desired survivor size 26017792 bytes, new threshold 1 (max 15)
 [PSYoungGen: 2762736K->5616K(2770752K)] 5587612K->2830988K(8363200K), 0.0291310 secs] [Times: user=0.16 sys=0.02, real=0.03 secs] 
2011-02-12T06:38:35.075+0000: 22804.394: [GC
Desired survivor size 25690112 bytes, new threshold 1 (max 15)
 [PSYoungGen: 2750704K->14288K(2770496K)] 5576076K->2840216K(8362944K), 0.0395020 secs] [Times: user=0.19 sys=0.01, real=0.04 secs] 
2011-02-12T06:38:41.515+0000: 22810.835: [GC
Desired survivor size 25034752 bytes, new threshold 1 (max 15)
 [PSYoungGen: 2759376K->13600K(2771712K)] 5585304K->2840028K(8364160K), 0.0376420 secs] [Times: user=0.20 sys=0.02, real=0.04 secs] 
2011-02-12T06:38:46.842+0000: 22816.162: [GC
Desired survivor size 26411008 bytes, new threshold 1 (max 15)
 [PSYoungGen: 2760224K->19002K(2765632K)] 5586652K->2845847K(8358080K), 0.0447300 secs] [Times: user=0.27 sys=0.02, real=0.04 secs] 
2011-02-12T06:38:52.890+0000: 22822.209: [GC
Desired survivor size 27590656 bytes, new threshold 1 (max 15)
 [PSYoungGen: 2765626K->19313K(2768064K)] 5592471K->2846825K(8360512K), 0.0439380 secs] [Times: user=0.27 sys=0.03, real=0.05 secs] 
2011-02-12T06:38:58.350+0000: 22827.669: [GC
Desired survivor size 26279936 bytes, new threshold 1 (max 15)
 [PSYoungGen: 2761585K->12753K(2769216K)] 5589097K->2840729K(8361664K), 0.0365560 secs] [Times: user=0.21 sys=0.02, real=0.04 secs] 
2011-02-12T06:39:03.962+0000: 22833.282: [GC
Desired survivor size 26017792 bytes, new threshold 1 (max 15)
 [PSYoungGen: 2755025K->7738K(2770752K)] 5583001K->2836086K(8363200K), 0.0312040 secs] [Times: user=0.17 sys=0.02, real=0.04 secs] 
2011-02-12T06:39:09.063+0000: 22838.383: [GC
Desired survivor size 25886720 bytes, new threshold 1 (max 15)
 [PSYoungGen: 2752826K->15904K(2770496K)] 5581174K->2844862K(8362944K), 0.0410420 secs] [Times: user=0.24 sys=0.03, real=0.05 secs] 
2011-02-12T06:39:15.347+0000: 22844.666: [GC
Desired survivor size 25559040 bytes, new threshold 1 (max 15)
 [PSYoungGen: 2760992K->7808K(2771200K)] 5589950K->2837194K(8363648K), 0.0299280 secs] [Times: user=0.17 sys=0.03, real=0.03 secs] 
2011-02-12T06:39:22.038+0000: 22851.357: [GC
Desired survivor size 25427968 bytes, new threshold 1 (max 15)
 [PSYoungGen: 2753728K->15504K(2770880K)] 5583114K->2845254K(8363328K), 0.0400380 secs] [Times: user=0.23 sys=0.02, real=0.04 secs] 
2011-02-12T06:39:27.937+0000: 22857.256: [GC
Desired survivor size 29622272 bytes, new threshold 1 (max 15)
 [PSYoungGen: 2761424K->24800K(2763136K)] 5591174K->2856811K(8355584K), 0.0482260 secs] [Times: user=0.30 sys=0.03, real=0.05 secs] 
2011-02-12T06:39:33.642+0000: 22862.961: [GC
Desired survivor size 28508160 bytes, new threshold 1 (max 15)
 [PSYoungGen: 2763104K->15376K(2767232K)] 5595115K->2847963K(8359680K), 0.0406350 secs] [Times: user=0.22 sys=0.00, real=0.04 secs] 
2011-02-12T06:39:39.757+0000: 22869.077: [GC
Desired survivor size 27197440 bytes, new threshold 1 (max 15)
 [PSYoungGen: 2753680K->14528K(2769600K)] 5586267K->2847567K(8362048K), 0.0390850 secs] [Times: user=0.23 sys=0.01, real=0.04 secs] 
2011-02-12T06:39:46.248+0000: 22875.567: [GC
Desired survivor size 26804224 bytes, new threshold 1 (max 15)
 [PSYoungGen: 2756288K->9712K(2768320K)] 5589327K->2843179K(8360768K), 0.0343380 secs] [Times: user=0.19 sys=0.01, real=0.03 secs] 
2011-02-12T06:39:52.415+0000: 22881.734: [GC
Desired survivor size 26673152 bytes, new threshold 1 (max 15)
 [PSYoungGen: 2751472K->16992K(2770112K)] 5584939K->2850971K(8362560K), 0.0410410 secs] [Times: user=0.26 sys=0.01, real=0.04 secs] 
2011-02-12T06:39:58.717+0000: 22888.036: [GC
Desired survivor size 25493504 bytes, new threshold 1 (max 15)
 [PSYoungGen: 2760928K->14272K(2769984K)] 5594907K->2848643K(8362432K), 0.0362300 secs] [Times: user=0.19 sys=0.02, real=0.04 secs] 
2011-02-12T06:40:03.999+0000: 22893.318: [GC
Desired survivor size 25952256 bytes, new threshold 1 (max 15)
 [PSYoungGen: 2758208K->18298K(2770368K)] 5592579K->2853113K(8362816K), 0.0418570 secs] [Times: user=0.23 sys=0.02, real=0.05 secs] 
2011-02-12T06:40:09.827+0000: 22899.147: [GC
Desired survivor size 26017792 bytes, new threshold 1 (max 15)
 [PSYoungGen: 2763770K->7968K(2753472K)] 5598585K->2843501K(8345920K), 0.0330340 secs] [Times: user=0.17 sys=0.03, real=0.04 secs] 
2011-02-12T06:40:15.747+0000: 22905.067: [GC
Desired survivor size 26083328 bytes, new threshold 1 (max 15)
 [PSYoungGen: 2753440K->6848K(2770624K)] 5588973K->2842757K(8363072K), 0.0319150 secs] [Times: user=0.16 sys=0.01, real=0.03 secs] 
2011-02-12T06:40:22.271+0000: 22911.590: [GC
Desired survivor size 25755648 bytes, new threshold 1 (max 15)
 [PSYoungGen: 2752064K->15696K(2770688K)] 5587973K->2852189K(8363136K), 0.0386220 secs] [Times: user=0.22 sys=0.01, real=0.04 secs] 
2011-02-12T06:40:29.030+0000: 22918.350: [GC
Desired survivor size 24641536 bytes, new threshold 1 (max 15)
 [PSYoungGen: 2760912K->13008K(2772096K)] 5597405K->2850029K(8364544K), 0.0397040 secs] [Times: user=0.21 sys=0.02, real=0.04 secs] 
2011-02-12T06:40:35.501+0000: 22924.820: [GC
Desired survivor size 23855104 bytes, new threshold 1 (max 15)
 [PSYoungGen: 2759952K->12024K(2771008K)] 5596973K->2849698K(8363456K), 0.0361410 secs] [Times: user=0.21 sys=0.02, real=0.04 secs] 
2011-02-12T06:40:41.758+0000: 22931.078: [GC
Desired survivor size 26083328 bytes, new threshold 1 (max 15)
 [PSYoungGen: 2758968K->22016K(2768512K)] 5596642K->2860261K(8360960K), 0.0462510 secs] [Times: user=0.24 sys=0.01, real=0.05 secs] 
2011-02-12T06:40:47.469+0000: 22936.788: [GC
Desired survivor size 25886720 bytes, new threshold 1 (max 15)
 [PSYoungGen: 2767232K->8736K(2770688K)] 5605477K->2847441K(8363136K), 0.0334760 secs] [Times: user=0.19 sys=0.02, real=0.03 secs] 
2011-02-12T06:40:53.943+0000: 22943.263: [GC
Desired survivor size 26345472 bytes, new threshold 1 (max 15)
 [PSYoungGen: 2753952K->4320K(2769984K)] 5592657K->2843381K(8362432K), 0.0265210 secs] [Times: user=0.14 sys=0.01, real=0.03 secs] 
2011-02-12T06:41:00.026+0000: 22949.346: [GC
Desired survivor size 26279936 bytes, new threshold 1 (max 15)
 [PSYoungGen: 2749024K->5536K(2770432K)] 5588085K->2845013K(8362880K), 0.0291240 secs] [Times: user=0.15 sys=0.02, real=0.02 secs] 
2011-02-12T06:41:06.158+0000: 22955.478: [GC
Desired survivor size 25559040 bytes, new threshold 1 (max 15)
 [PSYoungGen: 2750240K->7898K(2771200K)] 5589717K->2847756K(8363648K), 0.0315040 secs] [Times: user=0.18 sys=0.02, real=0.03 secs] 
2011-02-12T06:41:12.236+0000: 22961.555: [GC
Desired survivor size 24576000 bytes, new threshold 1 (max 15)
 [PSYoungGen: 2753434K->9536K(2770496K)] 5593292K->2849976K(8362944K), 0.0341870 secs] [Times: user=0.20 sys=0.01, real=0.04 secs] 
2011-02-12T06:41:18.459+0000: 22967.779: [GC
Desired survivor size 23789568 bytes, new threshold 1 (max 15)
 [PSYoungGen: 2755072K->12827K(2772928K)] 5595512K->2853635K(8365376K), 0.0370240 secs] [Times: user=0.21 sys=0.01, real=0.03 secs] 
2011-02-12T06:41:25.017+0000: 22974.336: [GC
Desired survivor size 22675456 bytes, new threshold 1 (max 15)
 [PSYoungGen: 2761755K->11072K(2772160K)] 5602563K->2852273K(8364608K), 0.0374230 secs] [Times: user=0.20 sys=0.02, real=0.04 secs] 
2011-02-12T06:41:31.312+0000: 22980.632: [GC
Desired survivor size 24444928 bytes, new threshold 1 (max 15)
 [PSYoungGen: 2760000K->18992K(2770560K)] 5601201K->2860753K(8363008K), 0.0429790 secs] [Times: user=0.27 sys=0.02, real=0.04 secs] 
2011-02-12T06:41:38.262+0000: 22987.581: [GC
Desired survivor size 24641536 bytes, new threshold 1 (max 15)
 [PSYoungGen: 2767408K->15835K(2764288K)] 5609169K->2858232K(8356736K), 0.0399160 secs] [Times: user=0.25 sys=0.02, real=0.04 secs] 
2011-02-12T06:41:44.576+0000: 22993.896: [GC
Desired survivor size 24117248 bytes, new threshold 1 (max 15)
 [PSYoungGen: 2764251K->8768K(2772608K)] 5606648K->2851646K(8365056K), 0.0334490 secs] [Times: user=0.18 sys=0.02, real=0.03 secs] 
2011-02-12T06:41:51.585+0000: 23000.905: [GC
Desired survivor size 23724032 bytes, new threshold 1 (max 15)
 [PSYoungGen: 2757312K->7968K(2772096K)] 5600190K->2851194K(8364544K), 0.0320200 secs] [Times: user=0.17 sys=0.02, real=0.03 secs] 
2011-02-12T06:41:58.488+0000: 23007.807: [GC
Desired survivor size 23330816 bytes, new threshold 1 (max 15)
 [PSYoungGen: 2756512K->7360K(2773376K)] 5599738K->2850986K(8365824K), 0.0322020 secs] [Times: user=0.17 sys=0.02, real=0.03 secs] 
2011-02-12T06:42:04.145+0000: 23013.464: [GC
Desired survivor size 23461888 bytes, new threshold 1 (max 15)
 [PSYoungGen: 2757568K->3930K(2772992K)] 5601194K->2848068K(8365440K), 0.0264860 secs] [Times: user=0.13 sys=0.02, real=0.02 secs] 
2011-02-12T06:42:09.840+0000: 23019.159: [GC
Desired survivor size 23592960 bytes, new threshold 1 (max 15)
 [PSYoungGen: 2754138K->14304K(2772992K)] 5598276K->2859136K(8365440K), 0.0403610 secs] [Times: user=0.21 sys=0.02, real=0.04 secs] 
2011-02-12T06:42:15.546+0000: 23024.865: [GC
Desired survivor size 22478848 bytes, new threshold 1 (max 15)
 [PSYoungGen: 2764384K->10080K(2773120K)] 5609216K->2855340K(8365568K), 0.0347070 secs] [Times: user=0.18 sys=0.01, real=0.03 secs] 
2011-02-12T06:42:22.222+0000: 23031.542: [GC
Desired survivor size 22085632 bytes, new threshold 1 (max 15)
 [PSYoungGen: 2760160K->6880K(2774592K)] 5605420K->2852492K(8367040K), 0.0326080 secs] [Times: user=0.16 sys=0.01, real=0.03 secs] 
2011-02-12T06:42:27.576+0000: 23036.896: [GC
Desired survivor size 22216704 bytes, new threshold 1 (max 15)
 [PSYoungGen: 2759520K->13904K(2774208K)] 5605132K->2859932K(8366656K), 0.0406000 secs] [Times: user=0.23 sys=0.02, real=0.04 secs] 
2011-02-12T06:42:33.441+0000: 23042.761: [GC
Desired survivor size 21954560 bytes, new threshold 1 (max 15)
 [PSYoungGen: 2766544K->13095K(2774720K)] 5612572K->2859579K(8367168K), 0.0366110 secs] [Times: user=0.22 sys=0.01, real=0.03 secs] 
2011-02-12T06:42:39.584+0000: 23048.904: [GC
Desired survivor size 21889024 bytes, new threshold 1 (max 15)
 [PSYoungGen: 2766119K->5536K(2774464K)] 5612603K->2852628K(8366912K), 0.0301260 secs] [Times: user=0.16 sys=0.02, real=0.03 secs] 
2011-02-12T06:42:46.476+0000: 23055.795: [GC
Desired survivor size 21889024 bytes, new threshold 1 (max 15)
 [PSYoungGen: 2758560K->4064K(2774784K)] 5605652K->2851568K(8367232K), 0.0288580 secs] [Times: user=0.14 sys=0.01, real=0.03 secs] 
2011-02-12T06:42:52.169+0000: 23061.488: [GC
Desired survivor size 22347776 bytes, new threshold 1 (max 15)
 [PSYoungGen: 2757472K->14088K(2767552K)] 5604976K->2862017K(8360000K), 0.0402600 secs] [Times: user=0.23 sys=0.02, real=0.04 secs] 
2011-02-12T06:42:58.541+0000: 23067.861: [GC
Desired survivor size 23920640 bytes, new threshold 1 (max 15)
 [PSYoungGen: 2767496K->17664K(2771264K)] 5615425K->2866157K(8363712K), 0.0395760 secs] [Times: user=0.23 sys=0.01, real=0.04 secs] 
2011-02-12T06:43:04.847+0000: 23074.167: [GC
Desired survivor size 25624576 bytes, new threshold 1 (max 15)
 [PSYoungGen: 2767104K->18714K(2768192K)] 5615597K->2867619K(8360640K), 0.0446000 secs] [Times: user=0.25 sys=0.01, real=0.05 secs] 
2011-02-12T06:43:11.409+0000: 23080.729: [GC
Desired survivor size 24576000 bytes, new threshold 1 (max 15)
 [PSYoungGen: 2768154K->9952K(2772160K)] 5617059K->2859548K(8364608K), 0.0338640 secs] [Times: user=0.20 sys=0.02, real=0.04 secs] 
2011-02-12T06:43:17.102+0000: 23086.422: [GC
Desired survivor size 23920640 bytes, new threshold 1 (max 15)
 [PSYoungGen: 2757088K->13248K(2771136K)] 5606684K->2863336K(8363584K), 0.0384580 secs] [Times: user=0.23 sys=0.02, real=0.04 secs] 
2011-02-12T06:43:22.992+0000: 23092.312: [GC
Desired survivor size 22872064 bytes, new threshold 1 (max 15)
 [PSYoungGen: 2760384K->11024K(2773824K)] 5610472K->2861460K(8366272K), 0.0356210 secs] [Times: user=0.21 sys=0.01, real=0.04 secs] 
2011-02-12T06:43:29.318+0000: 23098.637: [GC
Desired survivor size 23789568 bytes, new threshold 1 (max 15)
 [PSYoungGen: 2761488K->17008K(2772800K)] 5611924K->2867896K(8365248K), 0.0438940 secs] [Times: user=0.25 sys=0.01, real=0.04 secs] 
2011-02-12T06:43:35.304+0000: 23104.624: [GC
Desired survivor size 23658496 bytes, new threshold 1 (max 15)
 [PSYoungGen: 2767472K->6632K(2773056K)] 5618360K->2858048K(8365504K), 0.0304910 secs] [Times: user=0.16 sys=0.01, real=0.03 secs] 
2011-02-12T06:43:41.282+0000: 23110.601: [GC
Desired survivor size 23134208 bytes, new threshold 1 (max 15)
 [PSYoungGen: 2756456K->7872K(2772928K)] 5607872K->2859748K(8365376K), 0.0321000 secs] [Times: user=0.18 sys=0.02, real=0.03 secs] 
2011-02-12T06:43:47.377+0000: 23116.697: [GC
Desired survivor size 22347776 bytes, new threshold 1 (max 15)
 [PSYoungGen: 2757696K->9248K(2774336K)] 5609572K->2861524K(8366784K), 0.0345990 secs] [Times: user=0.18 sys=0.01, real=0.03 secs] 
2011-02-12T06:43:53.829+0000: 23123.148: [GC
Desired survivor size 22151168 bytes, new threshold 1 (max 15)
 [PSYoungGen: 2760992K->5968K(2773568K)] 5613268K->2858604K(8366016K), 0.0303560 secs] [Times: user=0.16 sys=0.02, real=0.03 secs] 
2011-02-12T06:44:00.050+0000: 23129.370: [GC
Desired survivor size 21102592 bytes, new threshold 1 (max 15)
 [PSYoungGen: 2757712K->10768K(2775552K)] 5610348K->2863900K(8368000K), 0.0359730 secs] [Times: user=0.21 sys=0.02, real=0.03 secs] 
2011-02-12T06:44:05.470+0000: 23134.790: [GC
Desired survivor size 20774912 bytes, new threshold 1 (max 15)
 [PSYoungGen: 2764688K->6490K(2774528K)] 5617820K->2860090K(8366976K), 0.0315830 secs] [Times: user=0.18 sys=0.02, real=0.03 secs] 
2011-02-12T06:44:11.493+0000: 23140.813: [GC
Desired survivor size 19988480 bytes, new threshold 1 (max 15)
 [PSYoungGen: 2760410K->8928K(2776640K)] 5614010K->2863134K(8369088K), 0.0363790 secs] [Times: user=0.18 sys=0.02, real=0.03 secs] 
2011-02-12T06:44:17.568+0000: 23146.888: [GC
Desired survivor size 19070976 bytes, new threshold 1 (max 15)
 [PSYoungGen: 2765280K->9472K(2775872K)] 5619486K->2864102K(8368320K), 0.0336870 secs] [Times: user=0.19 sys=0.03, real=0.04 secs] 
2011-02-12T06:44:24.195+0000: 23153.515: [GC
Desired survivor size 19070976 bytes, new threshold 1 (max 15)
 [PSYoungGen: 2765824K->4912K(2777536K)] 5620454K->2859966K(8369984K), 0.0292460 secs] [Times: user=0.13 sys=0.01, real=0.03 secs] 
2011-02-12T06:44:30.533+0000: 23159.853: [GC
Desired survivor size 19333120 bytes, new threshold 1 (max 15)
 [PSYoungGen: 2763824K->12512K(2771456K)] 5618878K->2868058K(8363904K), 0.0393480 secs] [Times: user=0.20 sys=0.00, real=0.04 secs] 
2011-02-12T06:44:36.694+0000: 23166.013: [GC
Desired survivor size 23330816 bytes, new threshold 1 (max 15)
 [PSYoungGen: 2771424K->18867K(2769472K)] 5626970K->2878422K(8361920K), 0.0494810 secs] [Times: user=0.28 sys=0.02, real=0.05 secs] 
2011-02-12T06:44:43.451+0000: 23172.771: [GC
Desired survivor size 22478848 bytes, new threshold 1 (max 15)
 [PSYoungGen: 2769459K->11884K(2773376K)] 5629014K->2871977K(8365824K), 0.0372490 secs] [Times: user=0.21 sys=0.02, real=0.04 secs] 
2011-02-12T06:44:49.735+0000: 23179.054: [GC
Desired survivor size 22675456 bytes, new threshold 1 (max 15)
 [PSYoungGen: 2762476K->3456K(2773824K)] 5622569K->2864037K(8366272K), 0.0262180 secs] [Times: user=0.15 sys=0.02, real=0.02 secs] 
2011-02-12T06:44:55.925+0000: 23185.245: [GC
Desired survivor size 22216704 bytes, new threshold 1 (max 15)
 [PSYoungGen: 2755328K->6324K(2774016K)] 5615909K->2867326K(8366464K), 0.0315080 secs] [Times: user=0.16 sys=0.02, real=0.03 secs] 
2011-02-12T06:45:02.185+0000: 23191.505: [GC
Desired survivor size 21889024 bytes, new threshold 1 (max 15)
 [PSYoungGen: 2758196K->12234K(2774784K)] 5619198K->2873587K(8367232K), 0.0361140 secs] [Times: user=0.21 sys=0.02, real=0.04 secs] 
2011-02-12T06:45:07.416+0000: 23196.736: [GC
Desired survivor size 23592960 bytes, new threshold 1 (max 15)
 [PSYoungGen: 2765322K->17760K(2770880K)] 5626675K->2879871K(8363328K), 0.0451230 secs] [Times: user=0.26 sys=0.02, real=0.05 secs] 
2011-02-12T06:45:12.888+0000: 23202.207: [GC
Desired survivor size 26148864 bytes, new threshold 1 (max 15)
 [PSYoungGen: 2770848K->21072K(2768128K)] 5632959K->2883675K(8360576K), 0.0459340 secs] [Times: user=0.28 sys=0.02, real=0.04 secs] 
2011-02-12T06:45:18.442+0000: 23207.762: [GC
Desired survivor size 25296896 bytes, new threshold 1 (max 15)
 [PSYoungGen: 2766157K->8976K(2770624K)] 5628760K->2872055K(8363072K), 0.0349080 secs] [Times: user=0.19 sys=0.02, real=0.03 secs] 
2011-02-12T06:45:25.113+0000: 23214.433: [GC
Desired survivor size 24510464 bytes, new threshold 1 (max 15)
 [PSYoungGen: 2754064K->8528K(2772224K)] 5617143K->2872067K(8364672K), 0.0318330 secs] [Times: user=0.18 sys=0.01, real=0.03 secs] 
2011-02-12T06:45:31.472+0000: 23220.792: [GC
Desired survivor size 24444928 bytes, new threshold 1 (max 15)
 [PSYoungGen: 2756048K->14512K(2771456K)] 5619587K->2878535K(8363904K), 0.0369230 secs] [Times: user=0.22 sys=0.01, real=0.03 secs] 
2011-02-12T06:45:38.108+0000: 23227.427: [GC
Desired survivor size 23330816 bytes, new threshold 1 (max 15)
 [PSYoungGen: 2762032K->12000K(2773376K)] 5626055K->2876687K(8365824K), 0.0356510 secs] [Times: user=0.21 sys=0.01, real=0.04 secs] 
2011-02-12T06:45:44.347+0000: 23233.667: [GC
Desired survivor size 23986176 bytes, new threshold 1 (max 15)
 [PSYoungGen: 2761504K->16524K(2772288K)] 5626191K->2881649K(8364736K), 0.0404910 secs] [Times: user=0.26 sys=0.01, real=0.04 secs] 
2011-02-12T06:45:49.686+0000: 23239.006: [GC
Desired survivor size 23461888 bytes, new threshold 1 (max 15)
 [PSYoungGen: 2766028K->8672K(2773248K)] 5631153K->2874337K(8365696K), 0.0355930 secs] [Times: user=0.16 sys=0.02, real=0.04 secs] 
2011-02-12T06:45:56.421+0000: 23245.741: [GC
Desired survivor size 23396352 bytes, new threshold 1 (max 15)
 [PSYoungGen: 2758496K->5856K(2772736K)] 5624161K->2871861K(8365184K), 0.0309030 secs] [Times: user=0.16 sys=0.01, real=0.03 secs] 
2011-02-12T06:46:02.279+0000: 23251.599: [GC
Desired survivor size 23330816 bytes, new threshold 1 (max 15)
 [PSYoungGen: 2755680K->4570K(2773376K)] 5621685K->2871003K(8365824K), 0.0286850 secs] [Times: user=0.14 sys=0.01, real=0.03 secs] 
2011-02-12T06:46:08.286+0000: 23257.606: [GC
Desired survivor size 22413312 bytes, new threshold 1 (max 15)
 [PSYoungGen: 2755098K->8791K(2773312K)] 5621531K->2875862K(8365760K), 0.0334520 secs] [Times: user=0.19 sys=0.02, real=0.03 secs] 
2011-02-12T06:46:14.658+0000: 23263.977: [GC
Desired survivor size 23724032 bytes, new threshold 1 (max 15)
 [PSYoungGen: 2759319K->16960K(2771712K)] 5626390K->2884439K(8364160K), 0.0405550 secs] [Times: user=0.25 sys=0.02, real=0.04 secs] 
2011-02-12T06:46:21.359+0000: 23270.679: [GC
Desired survivor size 23199744 bytes, new threshold 1 (max 15)
 [PSYoungGen: 2766784K->12864K(2772992K)] 5634263K->2880743K(8365440K), 0.0396340 secs] [Times: user=0.20 sys=0.02, real=0.04 secs] 
2011-02-12T06:46:28.466+0000: 23277.786: [GC
Desired survivor size 25296896 bytes, new threshold 1 (max 15)
 [PSYoungGen: 2762688K->19840K(2769408K)] 5630567K->2888175K(8361856K), 0.0459560 secs] [Times: user=0.24 sys=0.02, real=0.04 secs] 
2011-02-12T06:46:34.049+0000: 23283.369: [GC
Desired survivor size 24707072 bytes, new threshold 1 (max 15)
 [PSYoungGen: 2766592K->14016K(2771456K)] 5634927K->2882987K(8363904K), 0.0375520 secs] [Times: user=0.22 sys=0.02, real=0.03 secs] 
2011-02-12T06:46:40.956+0000: 23290.276: [GC
Desired survivor size 23527424 bytes, new threshold 1 (max 15)
 [PSYoungGen: 2760768K->12176K(2773184K)] 5629739K->2881679K(8365632K), 0.0371730 secs] [Times: user=0.21 sys=0.02, real=0.04 secs] 
2011-02-12T06:46:47.375+0000: 23296.695: [GC
Desired survivor size 23461888 bytes, new threshold 1 (max 15)
 [PSYoungGen: 2761232K->6496K(2772032K)] 5630735K->2876551K(8364480K), 0.0330760 secs] [Times: user=0.17 sys=0.01, real=0.04 secs] 
2011-02-12T06:46:53.512+0000: 23302.832: [GC
Desired survivor size 22740992 bytes, new threshold 1 (max 15)
 [PSYoungGen: 2755552K->9056K(2773952K)] 5625607K->2879563K(8366400K), 0.0334280 secs] [Times: user=0.19 sys=0.02, real=0.03 secs] 
2011-02-12T06:46:59.700+0000: 23309.020: [GC
Desired survivor size 22347776 bytes, new threshold 1 (max 15)
 [PSYoungGen: 2760096K->7419K(2773248K)] 5630603K->2878371K(8365696K), 0.0313960 secs] [Times: user=0.17 sys=0.01, real=0.04 secs] 
2011-02-12T06:47:05.308+0000: 23314.627: [GC
Desired survivor size 24117248 bytes, new threshold 1 (max 15)
 [PSYoungGen: 2758459K->18554K(2770880K)] 5629411K->2889862K(8363328K), 0.0442830 secs] [Times: user=0.27 sys=0.03, real=0.05 secs] 
2011-02-12T06:47:11.008+0000: 23320.327: [GC
Desired survivor size 26935296 bytes, new threshold 1 (max 15)
 [PSYoungGen: 2767610K->22400K(2771520K)] 5638918K->2894370K(8363968K), 0.0469500 secs] [Times: user=0.26 sys=0.02, real=0.05 secs] 
2011-02-12T06:47:17.284+0000: 23326.604: [GC
Desired survivor size 25755648 bytes, new threshold 1 (max 15)
 [PSYoungGen: 2771456K->13472K(2770496K)] 5643426K->2885778K(8362944K), 0.0399580 secs] [Times: user=0.21 sys=0.01, real=0.04 secs] 
2011-02-12T06:47:23.176+0000: 23332.496: [GC
Desired survivor size 27459584 bytes, new threshold 1 (max 15)
 [PSYoungGen: 2759328K->20592K(2766464K)] 5631634K->2893274K(8358912K), 0.0429570 secs] [Times: user=0.27 sys=0.02, real=0.04 secs] 
2011-02-12T06:47:29.630+0000: 23338.950: [GC
Desired survivor size 27656192 bytes, new threshold 1 (max 15)
 [PSYoungGen: 2766448K->4752K(2768960K)] 5639130K->2877918K(8361408K), 0.0277960 secs] [Times: user=0.14 sys=0.01, real=0.03 secs] 
2011-02-12T06:47:36.346+0000: 23345.665: [GC
Desired survivor size 27918336 bytes, new threshold 1 (max 15)
 [PSYoungGen: 2746896K->17376K(2759552K)] 5620062K->2891114K(8352000K), 0.0412620 secs] [Times: user=0.25 sys=0.02, real=0.04 secs] 
2011-02-12T06:47:42.160+0000: 23351.480: [GC
Desired survivor size 26607616 bytes, new threshold 1 (max 15)
 [PSYoungGen: 2759520K->13520K(2770176K)] 5633258K->2887750K(8362624K), 0.0373900 secs] [Times: user=0.23 sys=0.01, real=0.04 secs] 
2011-02-12T06:47:48.124+0000: 23357.443: [GC
Desired survivor size 27066368 bytes, new threshold 1 (max 15)
 [PSYoungGen: 2756432K->3296K(2768896K)] 5630662K->2877966K(8361344K), 0.0248060 secs] [Times: user=0.14 sys=0.00, real=0.03 secs] 
2011-02-12T06:47:54.845+0000: 23364.165: [GC
Desired survivor size 26869760 bytes, new threshold 1 (max 15)
 [PSYoungGen: 2746208K->5152K(2769920K)] 5620878K->2880205K(8362368K), 0.0284340 secs] [Times: user=0.15 sys=0.02, real=0.03 secs] 
2011-02-12T06:48:01.047+0000: 23370.366: [GC
Desired survivor size 25493504 bytes, new threshold 1 (max 15)
 [PSYoungGen: 2748640K->10758K(2769728K)] 5623693K->2886299K(8362176K), 0.0338840 secs] [Times: user=0.21 sys=0.02, real=0.04 secs] 
2011-02-12T06:48:06.330+0000: 23375.650: [GC
Desired survivor size 27852800 bytes, new threshold 1 (max 15)
 [PSYoungGen: 2754246K->21304K(2766656K)] 5629787K->2897439K(8359104K), 0.0469870 secs] [Times: user=0.27 sys=0.02, real=0.04 secs] 
2011-02-12T06:48:12.433+0000: 23381.753: [GC
Desired survivor size 27525120 bytes, new threshold 1 (max 15)
 [PSYoungGen: 2763064K->5504K(2768960K)] 5639199K->2882115K(8361408K), 0.0319250 secs] [Times: user=0.16 sys=0.02, real=0.03 secs] 
2011-02-12T06:48:18.552+0000: 23387.872: [GC
Desired survivor size 26214400 bytes, new threshold 1 (max 15)
 [PSYoungGen: 2747264K->10656K(2770560K)] 5623875K->2887611K(8363008K), 0.0353400 secs] [Times: user=0.20 sys=0.02, real=0.03 secs] 
2011-02-12T06:48:25.016+0000: 23394.335: [GC
Desired survivor size 25886720 bytes, new threshold 1 (max 15)
 [PSYoungGen: 2754336K->5168K(2769280K)] 5631291K->2882523K(8361728K), 0.0289670 secs] [Times: user=0.14 sys=0.01, real=0.03 secs] 
2011-02-12T06:48:31.559+0000: 23400.878: [GC
Desired survivor size 25362432 bytes, new threshold 1 (max 15)
 [PSYoungGen: 2748848K->5584K(2771392K)] 5626203K->2883447K(8363840K), 0.0303530 secs] [Times: user=0.15 sys=0.02, real=0.03 secs] 
2011-02-12T06:48:37.965+0000: 23407.284: [GC
Desired survivor size 25362432 bytes, new threshold 1 (max 15)
 [PSYoungGen: 2751696K->14288K(2770880K)] 5629559K->2892700K(8363328K), 0.0442360 secs] [Times: user=0.21 sys=0.01, real=0.04 secs] 
2011-02-12T06:48:44.867+0000: 23414.187: [GC
Desired survivor size 24641536 bytes, new threshold 1 (max 15)
 [PSYoungGen: 2760400K->12752K(2772096K)] 5638812K->2891628K(8364544K), 0.0417410 secs] [Times: user=0.20 sys=0.01, real=0.04 secs] 
2011-02-12T06:48:51.343+0000: 23420.662: [GC
Desired survivor size 24117248 bytes, new threshold 1 (max 15)
 [PSYoungGen: 2760080K->6720K(2771392K)] 5638956K->2886144K(8363840K), 0.0311040 secs] [Times: user=0.16 sys=0.01, real=0.04 secs] 
2011-02-12T06:48:58.099+0000: 23427.419: [GC
Desired survivor size 23920640 bytes, new threshold 1 (max 15)
 [PSYoungGen: 2754048K->4128K(2772800K)] 5633472K->2883980K(8365248K), 0.0283850 secs] [Times: user=0.15 sys=0.00, real=0.03 secs] 
2011-02-12T06:49:03.837+0000: 23433.157: [GC
Desired survivor size 23461888 bytes, new threshold 1 (max 15)
 [PSYoungGen: 2753376K->4666K(2772608K)] 5633228K->2884906K(8365056K), 0.0287080 secs] [Times: user=0.14 sys=0.02, real=0.03 secs] 
2011-02-12T06:49:09.676+0000: 23438.996: [GC
Desired survivor size 22937600 bytes, new threshold 1 (max 15)
 [PSYoungGen: 2753914K->4352K(2773760K)] 5634154K->2885262K(8366208K), 0.0288550 secs] [Times: user=0.14 sys=0.02, real=0.02 secs] 
2011-02-12T06:49:15.788+0000: 23445.108: [GC
Desired survivor size 22740992 bytes, new threshold 1 (max 15)
 [PSYoungGen: 2755200K->12000K(2773248K)] 5636110K->2893314K(8365696K), 0.0340540 secs] [Times: user=0.19 sys=0.01, real=0.03 secs] 
2011-02-12T06:49:22.114+0000: 23451.434: [GC
Desired survivor size 23330816 bytes, new threshold 1 (max 15)
 [PSYoungGen: 2762848K->14208K(2772800K)] 5644162K->2895942K(8365248K), 0.0377980 secs] [Times: user=0.23 sys=0.01, real=0.04 secs] 
2011-02-12T06:49:28.281+0000: 23457.600: [GC
Desired survivor size 22872064 bytes, new threshold 1 (max 15)
 [PSYoungGen: 2764800K->4720K(2773376K)] 5646534K->2886790K(8365824K), 0.0284600 secs] [Times: user=0.16 sys=0.02, real=0.03 secs] 
2011-02-12T06:49:34.441+0000: 23463.760: [GC
Desired survivor size 21561344 bytes, new threshold 1 (max 15)
 [PSYoungGen: 2755312K->8969K(2775104K)] 5637382K->2891503K(8367552K), 0.0336400 secs] [Times: user=0.19 sys=0.01, real=0.03 secs] 
2011-02-12T06:49:40.841+0000: 23470.161: [GC
Desired survivor size 22347776 bytes, new threshold 1 (max 15)
 [PSYoungGen: 2761737K->14528K(2773824K)] 5644271K->2897674K(8366272K), 0.0397640 secs] [Times: user=0.25 sys=0.00, real=0.04 secs] 
2011-02-12T06:49:47.029+0000: 23476.349: [GC
Desired survivor size 21889024 bytes, new threshold 1 (max 15)
 [PSYoungGen: 2767296K->5216K(2774784K)] 5650442K->2888798K(8367232K), 0.0304530 secs] [Times: user=0.17 sys=0.03, real=0.03 secs] 
2011-02-12T06:49:53.079+0000: 23482.399: [GC
Desired survivor size 21823488 bytes, new threshold 1 (max 15)
 [PSYoungGen: 2758176K->12352K(2774336K)] 5641758K->2896318K(8366784K), 0.0358800 secs] [Times: user=0.22 sys=0.01, real=0.04 secs] 
2011-02-12T06:49:59.433+0000: 23488.753: [GC
Desired survivor size 23855104 bytes, new threshold 1 (max 15)
 [PSYoungGen: 2765312K->18080K(2770880K)] 5649278K->2902458K(8363328K), 0.0427130 secs] [Times: user=0.25 sys=0.01, real=0.04 secs] 
2011-02-12T06:50:05.284+0000: 23494.604: [GC
Desired survivor size 24969216 bytes, new threshold 1 (max 15)
 [PSYoungGen: 2767648K->16812K(2766400K)] 5652026K->2901598K(8358848K), 0.0407110 secs] [Times: user=0.25 sys=0.01, real=0.04 secs] 
2011-02-12T06:50:11.095+0000: 23500.415: [GC
Desired survivor size 24772608 bytes, new threshold 1 (max 15)
 [PSYoungGen: 2766380K->14112K(2771968K)] 5651166K->2899636K(8364416K), 0.0380870 secs] [Times: user=0.23 sys=0.02, real=0.04 secs] 
2011-02-12T06:50:17.672+0000: 23506.991: [GC
Desired survivor size 24117248 bytes, new threshold 1 (max 15)
 [PSYoungGen: 2761696K->7488K(2771776K)] 5647220K->2893428K(8364224K), 0.0305630 secs] [Times: user=0.18 sys=0.01, real=0.03 secs] 
2011-02-12T06:50:22.939+0000: 23512.259: [GC
Desired survivor size 23461888 bytes, new threshold 1 (max 15)
 [PSYoungGen: 2755072K->12704K(2773248K)] 5641012K->2899064K(8365696K), 0.0370850 secs] [Times: user=0.21 sys=0.01, real=0.04 secs] 
2011-02-12T06:50:29.383+0000: 23518.702: [GC
Desired survivor size 22478848 bytes, new threshold 1 (max 15)
 [PSYoungGen: 2762400K->11760K(2772608K)] 5648760K->2898564K(8365056K), 0.0357770 secs] [Times: user=0.20 sys=0.02, real=0.04 secs] 
2011-02-12T06:50:35.043+0000: 23524.363: [GC
Desired survivor size 21954560 bytes, new threshold 1 (max 15)
 [PSYoungGen: 2761456K->12688K(2774720K)] 5648260K->2900152K(8367168K), 0.0392970 secs] [Times: user=0.19 sys=0.02, real=0.04 secs] 
2011-02-12T06:50:40.701+0000: 23530.021: [GC
Desired survivor size 21233664 bytes, new threshold 1 (max 15)
 [PSYoungGen: 2765456K->9789K(2774208K)] 5652920K->2897762K(8366656K), 0.0326370 secs] [Times: user=0.19 sys=0.01, real=0.03 secs] 
2011-02-12T06:50:46.710+0000: 23536.030: [GC
Desired survivor size 21233664 bytes, new threshold 1 (max 15)
 [PSYoungGen: 2762557K->13802K(2775424K)] 5650530K->2902123K(8367872K), 0.0360700 secs] [Times: user=0.22 sys=0.01, real=0.03 secs] 
2011-02-12T06:50:51.676+0000: 23540.995: [GC
Desired survivor size 21233664 bytes, new threshold 1 (max 15)
 [PSYoungGen: 2768490K->13920K(2775424K)] 5656811K->2902621K(8367872K), 0.0369530 secs] [Times: user=0.24 sys=0.00, real=0.04 secs] 
2011-02-12T06:50:56.582+0000: 23545.901: [GC
Desired survivor size 22216704 bytes, new threshold 1 (max 15)
 [PSYoungGen: 2768608K->16832K(2773504K)] 5657309K->2905833K(8365952K), 0.0402580 secs] [Times: user=0.23 sys=0.02, real=0.04 secs] 
2011-02-12T06:51:02.442+0000: 23551.762: [GC
Desired survivor size 21299200 bytes, new threshold 1 (max 15)
 [PSYoungGen: 2769600K->12186K(2774464K)] 5658601K->2901515K(8366912K), 0.0370290 secs] [Times: user=0.21 sys=0.02, real=0.03 secs] 
2011-02-12T06:51:08.061+0000: 23557.381: [GC
Desired survivor size 21299200 bytes, new threshold 1 (max 15)
 [PSYoungGen: 2764954K->7040K(2775360K)] 5654283K->2897108K(8367808K), 0.0320920 secs] [Times: user=0.16 sys=0.02, real=0.03 secs] 
2011-02-12T06:51:13.729+0000: 23563.048: [GC
Desired survivor size 21299200 bytes, new threshold 1 (max 15)
 [PSYoungGen: 2761600K->6464K(2775360K)] 5651668K->2897000K(8367808K), 0.0259380 secs] [Times: user=0.15 sys=0.01, real=0.03 secs] 
2011-02-12T06:51:19.738+0000: 23569.057: [GC
Desired survivor size 21168128 bytes, new threshold 1 (max 15)
 [PSYoungGen: 2761024K->6336K(2775488K)] 5651560K->2897264K(8367936K), 0.0296730 secs] [Times: user=0.17 sys=0.01, real=0.03 secs] 
2011-02-12T06:51:25.476+0000: 23574.796: [GC
Desired survivor size 22675456 bytes, new threshold 1 (max 15)
 [PSYoungGen: 2761024K->17341K(2772032K)] 5651952K->2908642K(8364480K), 0.0440600 secs] [Times: user=0.23 sys=0.02, real=0.04 secs] 
2011-02-12T06:51:31.490+0000: 23580.810: [GC
Desired survivor size 23396352 bytes, new threshold 1 (max 15)
 [PSYoungGen: 2772029K->16208K(2772608K)] 5663330K->2908974K(8365056K), 0.0413880 secs] [Times: user=0.24 sys=0.03, real=0.04 secs] 
2011-02-12T06:51:37.820+0000: 23587.139: [GC
Desired survivor size 23134208 bytes, new threshold 1 (max 15)
 [PSYoungGen: 2766672K->6944K(2773312K)] 5659438K->2900322K(8365760K), 0.0319000 secs] [Times: user=0.15 sys=0.01, real=0.03 secs] 
2011-02-12T06:51:43.580+0000: 23592.899: [GC
Desired survivor size 24576000 bytes, new threshold 1 (max 15)
 [PSYoungGen: 2757408K->18144K(2770752K)] 5650786K->2912022K(8363200K), 0.0443850 secs] [Times: user=0.24 sys=0.01, real=0.04 secs] 
2011-02-12T06:51:48.956+0000: 23598.276: [GC
Desired survivor size 23855104 bytes, new threshold 1 (max 15)
 [PSYoungGen: 2766304K->8818K(2772160K)] 5660182K->2903085K(8364608K), 0.0331270 secs] [Times: user=0.18 sys=0.03, real=0.03 secs] 
2011-02-12T06:51:55.438+0000: 23604.758: [GC
Desired survivor size 25034752 bytes, new threshold 1 (max 15)
 [PSYoungGen: 2756978K->17888K(2770560K)] 5651245K->2912561K(8363008K), 0.0432300 secs] [Times: user=0.27 sys=0.01, real=0.04 secs] 
2011-02-12T06:52:00.811+0000: 23610.131: [GC
Desired survivor size 24641536 bytes, new threshold 1 (max 15)
 [PSYoungGen: 2765152K->7586K(2771712K)] 5659825K->2902694K(8364160K), 0.0348510 secs] [Times: user=0.17 sys=0.01, real=0.03 secs] 
2011-02-12T06:52:05.546+0000: 23614.865: [GC
Desired survivor size 23461888 bytes, new threshold 1 (max 15)
 [PSYoungGen: 2754850K->11288K(2773248K)] 5649958K->2906926K(8365696K), 0.0341140 secs] [Times: user=0.18 sys=0.02, real=0.04 secs] 
2011-02-12T06:52:11.007+0000: 23620.327: [GC
Desired survivor size 24117248 bytes, new threshold 1 (max 15)
 [PSYoungGen: 2760472K->16480K(2772096K)] 5656110K->2912582K(8364544K), 0.0415060 secs] [Times: user=0.26 sys=0.03, real=0.05 secs] 
2011-02-12T06:52:17.863+0000: 23627.183: [GC
Desired survivor size 24182784 bytes, new threshold 1 (max 15)
 [PSYoungGen: 2765664K->15552K(2772480K)] 5661766K->2912022K(8364928K), 0.0411150 secs] [Times: user=0.24 sys=0.02, real=0.04 secs] 
2011-02-12T06:52:23.579+0000: 23632.899: [GC
Desired survivor size 23789568 bytes, new threshold 1 (max 15)
 [PSYoungGen: 2764480K->14384K(2772544K)] 5660950K->2911337K(8364992K), 0.0397330 secs] [Times: user=0.25 sys=0.01, real=0.04 secs] 
2011-02-12T06:52:29.526+0000: 23638.845: [GC
Desired survivor size 24313856 bytes, new threshold 1 (max 15)
 [PSYoungGen: 2763312K->17116K(2771904K)] 5660265K->2914566K(8364352K), 0.0413740 secs] [Times: user=0.26 sys=0.02, real=0.04 secs] 
2011-02-12T06:52:35.733+0000: 23645.052: [GC
Desired survivor size 23330816 bytes, new threshold 1 (max 15)
 [PSYoungGen: 2765788K->13344K(2772416K)] 5663238K->2911394K(8364864K), 0.0391620 secs] [Times: user=0.20 sys=0.02, real=0.04 secs] 
2011-02-12T06:52:41.640+0000: 23650.960: [GC
Desired survivor size 24051712 bytes, new threshold 1 (max 15)
 [PSYoungGen: 2762016K->3360K(2771968K)] 5660066K->2901930K(8364416K), 0.0261090 secs] [Times: user=0.14 sys=0.01, real=0.03 secs] 
2011-02-12T06:52:48.569+0000: 23657.889: [GC
Desired survivor size 23003136 bytes, new threshold 1 (max 15)
 [PSYoungGen: 2752544K->11776K(2772672K)] 5651114K->2910710K(8365120K), 0.0374170 secs] [Times: user=0.20 sys=0.02, real=0.04 secs] 
2011-02-12T06:52:54.514+0000: 23663.834: [GC
Desired survivor size 22216704 bytes, new threshold 1 (max 15)
 [PSYoungGen: 2760960K->12948K(2774464K)] 5659894K->2912395K(8366912K), 0.0384170 secs] [Times: user=0.21 sys=0.01, real=0.03 secs] 
2011-02-12T06:53:01.243+0000: 23670.563: [GC
Desired survivor size 24510464 bytes, new threshold 1 (max 15)
 [PSYoungGen: 2764948K->20850K(2772864K)] 5664395K->2920639K(8365312K), 0.0451850 secs] [Times: user=0.24 sys=0.02, real=0.05 secs] 
2011-02-12T06:53:06.482+0000: 23675.802: [GC
Desired survivor size 24838144 bytes, new threshold 1 (max 15)
 [PSYoungGen: 2772850K->5080K(2770944K)] 5672639K->2905503K(8363392K), 0.0333320 secs] [Times: user=0.15 sys=0.02, real=0.04 secs] 
2011-02-12T06:53:13.244+0000: 23682.564: [GC
Desired survivor size 24838144 bytes, new threshold 1 (max 15)
 [PSYoungGen: 2752728K->5024K(2771904K)] 5653151K->2905855K(8364352K), 0.0288610 secs] [Times: user=0.15 sys=0.02, real=0.03 secs] 
2011-02-12T06:53:19.896+0000: 23689.215: [GC
Desired survivor size 24707072 bytes, new threshold 1 (max 15)
 [PSYoungGen: 2752672K->14656K(2772032K)] 5653503K->2915895K(8364480K), 0.0410100 secs] [Times: user=0.22 sys=0.02, real=0.05 secs] 
2011-02-12T06:53:25.939+0000: 23695.259: [GC
Desired survivor size 24379392 bytes, new threshold 1 (max 15)
 [PSYoungGen: 2762432K->6896K(2771904K)] 5663671K->2908551K(8364352K), 0.0316890 secs] [Times: user=0.17 sys=0.02, real=0.03 secs] 
2011-02-12T06:53:32.435+0000: 23701.755: [GC
Desired survivor size 24969216 bytes, new threshold 1 (max 15)
 [PSYoungGen: 2754672K->16448K(2771200K)] 5656327K->2918543K(8363648K), 0.0428210 secs] [Times: user=0.26 sys=0.01, real=0.05 secs] 
2011-02-12T06:53:38.288+0000: 23707.608: [GC
Desired survivor size 24182784 bytes, new threshold 1 (max 15)
 [PSYoungGen: 2763840K->13052K(2771776K)] 5665935K->2915840K(8364224K), 0.0388720 secs] [Times: user=0.21 sys=0.02, real=0.04 secs] 
2011-02-12T06:53:45.000+0000: 23714.319: [GC
Desired survivor size 24510464 bytes, new threshold 1 (max 15)
 [PSYoungGen: 2760444K->16128K(2771904K)] 5663232K->2919384K(8364352K), 0.0400020 secs] [Times: user=0.24 sys=0.02, real=0.04 secs] 
2011-02-12T06:53:51.736+0000: 23721.055: [GC
Desired survivor size 23986176 bytes, new threshold 1 (max 15)
 [PSYoungGen: 2764416K->8736K(2772224K)] 5667672K->2912380K(8364672K), 0.0350060 secs] [Times: user=0.18 sys=0.01, real=0.04 secs] 
2011-02-12T06:53:58.503+0000: 23727.823: [GC
Desired survivor size 24182784 bytes, new threshold 1 (max 15)
 [PSYoungGen: 2757024K->4512K(2772352K)] 5660668K->2908552K(8364800K), 0.0303290 secs] [Times: user=0.16 sys=0.01, real=0.03 secs] 
2011-02-12T06:54:05.012+0000: 23734.331: [GC
Desired survivor size 24641536 bytes, new threshold 1 (max 15)
 [PSYoungGen: 2753440K->15898K(2764864K)] 5657480K->2920334K(8357312K), 0.0426670 secs] [Times: user=0.21 sys=0.02, real=0.05 secs] 
2011-02-12T06:54:10.981+0000: 23740.300: [GC
Desired survivor size 26869760 bytes, new threshold 1 (max 15)
 [PSYoungGen: 2764826K->20928K(2767744K)] 5669262K->2925954K(8360192K), 0.0425870 secs] [Times: user=0.26 sys=0.02, real=0.05 secs] 
2011-02-12T06:54:17.615+0000: 23746.934: [GC
Desired survivor size 25690112 bytes, new threshold 1 (max 15)
 [PSYoungGen: 2764608K->11264K(2769920K)] 5669634K->2916666K(8362368K), 0.0370960 secs] [Times: user=0.21 sys=0.02, real=0.03 secs] 
2011-02-12T06:54:24.619+0000: 23753.938: [GC
Desired survivor size 24444928 bytes, new threshold 1 (max 15)
 [PSYoungGen: 2754944K->12336K(2772288K)] 5660346K->2918074K(8364736K), 0.0361780 secs] [Times: user=0.22 sys=0.02, real=0.04 secs] 
2011-02-12T06:54:31.611+0000: 23760.931: [GC
Desired survivor size 24576000 bytes, new threshold 1 (max 15)
 [PSYoungGen: 2759536K->5296K(2771072K)] 5665274K->2911474K(8363520K), 0.0305940 secs] [Times: user=0.16 sys=0.02, real=0.03 secs] 
2011-02-12T06:54:39.216+0000: 23768.535: [GC
Desired survivor size 23724032 bytes, new threshold 1 (max 15)
 [PSYoungGen: 2752496K->12832K(2772992K)] 5658674K->2919614K(8365440K), 0.0374530 secs] [Times: user=0.22 sys=0.01, real=0.04 secs] 
2011-02-12T06:54:45.626+0000: 23774.946: [GC
Desired survivor size 22872064 bytes, new threshold 1 (max 15)
 [PSYoungGen: 2761824K->12768K(2772160K)] 5668606K->2920088K(8364608K), 0.0370890 secs] [Times: user=0.20 sys=0.01, real=0.04 secs] 
2011-02-12T06:54:52.093+0000: 23781.412: [GC
Desired survivor size 22020096 bytes, new threshold 1 (max 15)
 [PSYoungGen: 2761760K->12460K(2774656K)] 5669080K->2920140K(8367104K), 0.0384510 secs] [Times: user=0.23 sys=0.02, real=0.04 secs] 
2011-02-12T06:54:59.477+0000: 23788.796: [GC
Desired survivor size 22085632 bytes, new threshold 1 (max 15)
 [PSYoungGen: 2764780K->6240K(2773824K)] 5672460K->2914404K(8366272K), 0.0315030 secs] [Times: user=0.17 sys=0.02, real=0.03 secs] 
2011-02-12T06:55:05.525+0000: 23794.845: [GC
Desired survivor size 21168128 bytes, new threshold 1 (max 15)
 [PSYoungGen: 2758560K->10490K(2775488K)] 5666724K->2919014K(8367936K), 0.0374210 secs] [Times: user=0.21 sys=0.03, real=0.04 secs] 
2011-02-12T06:55:11.292+0000: 23800.611: [GC
Desired survivor size 20709376 bytes, new threshold 1 (max 15)
 [PSYoungGen: 2764410K->12544K(2774592K)] 5672934K->2921746K(8367040K), 0.0356140 secs] [Times: user=0.21 sys=0.03, real=0.03 secs] 
2011-02-12T06:55:17.763+0000: 23807.083: [GC
Desired survivor size 20316160 bytes, new threshold 1 (max 15)
 [PSYoungGen: 2766464K->12899K(2776320K)] 5675666K->2922442K(8368768K), 0.0392280 secs] [Times: user=0.22 sys=0.01, real=0.04 secs] 
2011-02-12T06:55:24.197+0000: 23813.517: [GC
Desired survivor size 20185088 bytes, new threshold 1 (max 15)
 [PSYoungGen: 2768995K->7850K(2775936K)] 5678538K->2917825K(8368384K), 0.0333600 secs] [Times: user=0.18 sys=0.02, real=0.03 secs] 
2011-02-12T06:55:30.929+0000: 23820.249: [GC
Desired survivor size 20381696 bytes, new threshold 1 (max 15)
 [PSYoungGen: 2763946K->5040K(2776064K)] 5673921K->2915546K(8368512K), 0.0293860 secs] [Times: user=0.16 sys=0.02, real=0.03 secs] 
2011-02-12T06:55:37.367+0000: 23826.687: [GC
Desired survivor size 20054016 bytes, new threshold 1 (max 15)
 [PSYoungGen: 2761392K->12288K(2776256K)] 5671898K->2923426K(8368704K), 0.0365180 secs] [Times: user=0.21 sys=0.01, real=0.04 secs] 
2011-02-12T06:55:43.460+0000: 23832.780: [GC
Desired survivor size 20774912 bytes, new threshold 1 (max 15)
 [PSYoungGen: 2768640K->15072K(2775168K)] 5679778K->2926702K(8367616K), 0.0411860 secs] [Times: user=0.23 sys=0.01, real=0.04 secs] 
2011-02-12T06:55:49.762+0000: 23839.082: [GC
Desired survivor size 20774912 bytes, new threshold 1 (max 15)
 [PSYoungGen: 2770656K->5792K(2775872K)] 5682286K->2917838K(8368320K), 0.0292700 secs] [Times: user=0.16 sys=0.02, real=0.03 secs] 
2011-02-12T06:55:55.637+0000: 23844.956: [GC
Desired survivor size 20250624 bytes, new threshold 1 (max 15)
 [PSYoungGen: 2761376K->8000K(2776384K)] 5673422K->2920438K(8368832K), 0.0314430 secs] [Times: user=0.19 sys=0.02, real=0.03 secs] 
2011-02-12T06:56:02.124+0000: 23851.444: [GC
Desired survivor size 20643840 bytes, new threshold 1 (max 15)
 [PSYoungGen: 2764096K->13914K(2775872K)] 5676534K->2926756K(8368320K), 0.0383470 secs] [Times: user=0.22 sys=0.01, real=0.04 secs] 
2011-02-12T06:56:07.920+0000: 23857.240: [GC
Desired survivor size 21037056 bytes, new threshold 1 (max 15)
 [PSYoungGen: 2770010K->14224K(2775232K)] 5682852K->2927684K(8367680K), 0.0405240 secs] [Times: user=0.23 sys=0.02, real=0.04 secs] 
2011-02-12T06:56:13.908+0000: 23863.228: [GC
Desired survivor size 22413312 bytes, new threshold 1 (max 15)
 [PSYoungGen: 2769296K->17344K(2772416K)] 5682756K->2931284K(8364864K), 0.0431690 secs] [Times: user=0.24 sys=0.02, real=0.04 secs] 
2011-02-12T06:56:20.138+0000: 23869.458: [GC
Desired survivor size 21430272 bytes, new threshold 1 (max 15)
 [PSYoungGen: 2772416K->11296K(2775232K)] 5686356K->2925636K(8367680K), 0.0396550 secs] [Times: user=0.18 sys=0.01, real=0.04 secs] 
2011-02-12T06:56:26.687+0000: 23876.007: [GC
Desired survivor size 21626880 bytes, new threshold 1 (max 15)
 [PSYoungGen: 2764640K->5232K(2774272K)] 5678980K->2919996K(8366720K), 0.0299120 secs] [Times: user=0.16 sys=0.01, real=0.03 secs] 
2011-02-12T06:56:33.113+0000: 23882.433: [GC
Desired survivor size 23527424 bytes, new threshold 1 (max 15)
 [PSYoungGen: 2758576K->18848K(2771328K)] 5673340K->2934121K(8363776K), 0.0404170 secs] [Times: user=0.24 sys=0.01, real=0.04 secs] 
2011-02-12T06:56:39.724+0000: 23889.044: [GC
Desired survivor size 23003136 bytes, new threshold 1 (max 15)
 [PSYoungGen: 2769056K->8608K(2773184K)] 5684329K->2924485K(8365632K), 0.0341760 secs] [Times: user=0.19 sys=0.01, real=0.03 secs] 
2011-02-12T06:56:46.375+0000: 23895.694: [GC
Desired survivor size 23003136 bytes, new threshold 1 (max 15)
 [PSYoungGen: 2758816K->4736K(2773696K)] 5674693K->2920969K(8366144K), 0.0296710 secs] [Times: user=0.15 sys=0.01, real=0.03 secs] 
2011-02-12T06:56:52.264+0000: 23901.584: [GC
Desired survivor size 22478848 bytes, new threshold 1 (max 15)
 [PSYoungGen: 2755968K->7072K(2773696K)] 5672201K->2923753K(8366144K), 0.0320570 secs] [Times: user=0.16 sys=0.01, real=0.03 secs] 
2011-02-12T06:56:57.939+0000: 23907.258: [GC
Desired survivor size 23658496 bytes, new threshold 1 (max 15)
 [PSYoungGen: 2758304K->16563K(2771904K)] 5674985K->2933636K(8364352K), 0.0424910 secs] [Times: user=0.23 sys=0.02, real=0.04 secs] 
2011-02-12T06:57:03.381+0000: 23912.701: [GC
Desired survivor size 25296896 bytes, new threshold 1 (max 15)
 [PSYoungGen: 2766515K->18682K(2768640K)] 5683588K->2936294K(8361088K), 0.0440790 secs] [Times: user=0.24 sys=0.01, real=0.05 secs] 
2011-02-12T06:57:09.001+0000: 23918.320: [GC
Desired survivor size 24248320 bytes, new threshold 1 (max 15)
 [PSYoungGen: 2768634K->12560K(2772480K)] 5686246K->2930782K(8364928K), 0.0390920 secs] [Times: user=0.22 sys=0.03, real=0.04 secs] 
2011-02-12T06:57:15.331+0000: 23924.650: [GC
Desired survivor size 24379392 bytes, new threshold 1 (max 15)
 [PSYoungGen: 2760336K->4320K(2771456K)] 5678558K->2922978K(8363904K), 0.0287770 secs] [Times: user=0.15 sys=0.02, real=0.03 secs] 
2011-02-12T06:57:22.431+0000: 23931.751: [GC
Desired survivor size 23658496 bytes, new threshold 1 (max 15)
 [PSYoungGen: 2752096K->7712K(2773056K)] 5670754K->2926775K(8365504K), 0.0314910 secs] [Times: user=0.19 sys=0.01, real=0.03 secs] 
2011-02-12T06:57:28.125+0000: 23937.444: [GC
Desired survivor size 22609920 bytes, new threshold 1 (max 15)
 [PSYoungGen: 2756960K->9744K(2772352K)] 5676023K->2929211K(8364800K), 0.0358190 secs] [Times: user=0.20 sys=0.02, real=0.04 secs] 
2011-02-12T06:57:34.521+0000: 23943.841: [GC
Desired survivor size 23789568 bytes, new threshold 1 (max 15)
 [PSYoungGen: 2758992K->16832K(2771776K)] 5678459K->2936799K(8364224K), 0.0427450 secs] [Times: user=0.26 sys=0.01, real=0.04 secs] 
2011-02-12T06:57:40.509+0000: 23949.828: [GC
Desired survivor size 25362432 bytes, new threshold 1 (max 15)
 [PSYoungGen: 2766528K->18706K(2768448K)] 5686495K->2939346K(8360896K), 0.0440590 secs] [Times: user=0.25 sys=0.01, real=0.05 secs] 
2011-02-12T06:57:46.607+0000: 23955.927: [GC
Desired survivor size 25493504 bytes, new threshold 1 (max 15)
 [PSYoungGen: 2768402K->3808K(2771136K)] 5689042K->2924827K(8363584K), 0.0270720 secs] [Times: user=0.14 sys=0.01, real=0.03 secs] 
2011-02-12T06:57:52.573+0000: 23961.893: [GC
Desired survivor size 25231360 bytes, new threshold 1 (max 15)
 [PSYoungGen: 2750176K->4544K(2771264K)] 5671195K->2925959K(8363712K), 0.0291630 secs] [Times: user=0.16 sys=0.01, real=0.03 secs] 
2011-02-12T06:57:59.663+0000: 23968.983: [GC
Desired survivor size 24379392 bytes, new threshold 1 (max 15)
 [PSYoungGen: 2750912K->7232K(2772352K)] 5672327K->2929015K(8364800K), 0.0331430 secs] [Times: user=0.18 sys=0.02, real=0.03 secs] 
2011-02-12T06:58:04.942+0000: 23974.261: [GC
Desired survivor size 26869760 bytes, new threshold 1 (max 15)
 [PSYoungGen: 2754944K->20346K(2768064K)] 5676727K->2942681K(8360512K), 0.0445390 secs] [Times: user=0.26 sys=0.02, real=0.04 secs] 
2011-02-12T06:58:10.317+0000: 23979.637: [GC
Desired survivor size 26411008 bytes, new threshold 1 (max 15)
 [PSYoungGen: 2768058K->5088K(2770368K)] 5690393K->2928089K(8362816K), 0.0282870 secs] [Times: user=0.16 sys=0.02, real=0.03 secs] 
2011-02-12T06:58:16.893+0000: 23986.212: [GC
Desired survivor size 27525120 bytes, new threshold 1 (max 15)
 [PSYoungGen: 2749216K->17679K(2761856K)] 5672217K->2941276K(8354304K), 0.0419180 secs] [Times: user=0.24 sys=0.02, real=0.04 secs] 
2011-02-12T06:58:23.018+0000: 23992.338: [GC
Desired survivor size 29360128 bytes, new threshold 1 (max 15)
 [PSYoungGen: 2761807K->20395K(2765696K)] 5685404K->2944496K(8358144K), 0.0460680 secs] [Times: user=0.26 sys=0.01, real=0.05 secs] 
2011-02-12T06:58:29.305+0000: 23998.625: [GC
Desired survivor size 29229056 bytes, new threshold 1 (max 15)
 [PSYoungGen: 2759211K->16316K(2767488K)] 5683312K->2940870K(8359936K), 0.0416340 secs] [Times: user=0.21 sys=0.02, real=0.04 secs] 
2011-02-12T06:58:35.209+0000: 24004.529: [GC
Desired survivor size 28049408 bytes, new threshold 1 (max 15)
 [PSYoungGen: 2755132K->9984K(2768768K)] 5679686K->2935050K(8361216K), 0.0337010 secs] [Times: user=0.20 sys=0.01, real=0.03 secs] 
2011-02-12T06:58:42.032+0000: 24011.352: [GC
Desired survivor size 27721728 bytes, new threshold 1 (max 15)
 [PSYoungGen: 2750208K->5568K(2767616K)] 5675274K->2931234K(8360064K), 0.0290210 secs] [Times: user=0.15 sys=0.02, real=0.03 secs] 
2011-02-12T06:58:48.481+0000: 24017.800: [GC
Desired survivor size 28508160 bytes, new threshold 1 (max 15)
 [PSYoungGen: 2745792K->17888K(2767552K)] 5671458K->2944054K(8360000K), 0.0413890 secs] [Times: user=0.25 sys=0.02, real=0.04 secs] 
2011-02-12T06:58:54.274+0000: 24023.593: [GC
Desired survivor size 28573696 bytes, new threshold 1 (max 15)
 [PSYoungGen: 2758368K->16704K(2757184K)] 5684534K->2943310K(8349632K), 0.0427670 secs] [Times: user=0.25 sys=0.01, real=0.04 secs] 
2011-02-12T06:59:00.784+0000: 24030.104: [GC
Desired survivor size 27459584 bytes, new threshold 1 (max 15)
 [PSYoungGen: 2757184K->10306K(2769344K)] 5683790K->2937316K(8361792K), 0.0369190 secs] [Times: user=0.19 sys=0.02, real=0.04 secs] 
2011-02-12T06:59:06.757+0000: 24036.077: [GC
Desired survivor size 26148864 bytes, new threshold 1 (max 15)
 [PSYoungGen: 2751746K->11608K(2768256K)] 5678756K->2939220K(8360704K), 0.0370160 secs] [Times: user=0.21 sys=0.01, real=0.04 secs] 
2011-02-12T06:59:12.076+0000: 24041.395: [GC
Desired survivor size 26083328 bytes, new threshold 1 (max 15)
 [PSYoungGen: 2753048K->15752K(2770688K)] 5680660K->2943877K(8363136K), 0.0405060 secs] [Times: user=0.23 sys=0.01, real=0.04 secs] 
2011-02-12T06:59:18.087+0000: 24047.407: [GC
Desired survivor size 26017792 bytes, new threshold 1 (max 15)
 [PSYoungGen: 2760904K->5536K(2770624K)] 5689029K->2934024K(8363072K), 0.0303080 secs] [Times: user=0.16 sys=0.01, real=0.03 secs] 
2011-02-12T06:59:24.354+0000: 24053.674: [GC
Desired survivor size 25559040 bytes, new threshold 1 (max 15)
 [PSYoungGen: 2750688K->6896K(2771200K)] 5679176K->2935708K(8363648K), 0.0303170 secs] [Times: user=0.17 sys=0.01, real=0.03 secs] 
2011-02-12T06:59:31.198+0000: 24060.518: [GC
Desired survivor size 25165824 bytes, new threshold 1 (max 15)
 [PSYoungGen: 2752688K->5712K(2770752K)] 5681500K->2935053K(8363200K), 0.0296350 secs] [Times: user=0.16 sys=0.01, real=0.03 secs] 
2011-02-12T06:59:37.096+0000: 24066.415: [GC
Desired survivor size 24707072 bytes, new threshold 1 (max 15)
 [PSYoungGen: 2751504K->5792K(2772032K)] 5680845K->2935725K(8364480K), 0.0310620 secs] [Times: user=0.16 sys=0.02, real=0.03 secs] 
2011-02-12T06:59:43.257+0000: 24072.576: [GC
Desired survivor size 23724032 bytes, new threshold 1 (max 15)
 [PSYoungGen: 2753248K->7840K(2771584K)] 5683181K->2938213K(8364032K), 0.0343740 secs] [Times: user=0.17 sys=0.01, real=0.03 secs] 
2011-02-12T06:59:49.653+0000: 24078.973: [GC
Desired survivor size 23396352 bytes, new threshold 1 (max 15)
 [PSYoungGen: 2755296K->4608K(2773312K)] 5685669K->2935325K(8365760K), 0.0306870 secs] [Times: user=0.14 sys=0.02, real=0.04 secs] 
2011-02-12T06:59:56.377+0000: 24085.697: [GC
Desired survivor size 24903680 bytes, new threshold 1 (max 15)
 [PSYoungGen: 2754752K->17152K(2767296K)] 5685469K->2948269K(8359744K), 0.0419520 secs] [Times: user=0.26 sys=0.01, real=0.04 secs] 
2011-02-12T07:00:02.143+0000: 24091.462: [GC
Desired survivor size 25100288 bytes, new threshold 1 (max 15)
 [PSYoungGen: 2767296K->14778K(2771456K)] 5698413K->2946343K(8363904K), 0.0381810 secs] [Times: user=0.22 sys=0.01, real=0.04 secs] 
2011-02-12T07:00:07.607+0000: 24096.927: [GC
Desired survivor size 30670848 bytes, new threshold 1 (max 15)
 [PSYoungGen: 2761914K->24480K(2771648K)] 5693479K->2960771K(8364096K), 0.0502050 secs] [Times: user=0.32 sys=0.03, real=0.05 secs] 
2011-02-12T07:00:12.979+0000: 24102.298: [GC
Desired survivor size 29360128 bytes, new threshold 1 (max 15)
 [PSYoungGen: 2771616K->10208K(2763328K)] 5707907K->2947083K(8355776K), 0.0386650 secs] [Times: user=0.19 sys=0.01, real=0.04 secs] 
2011-02-12T07:00:19.091+0000: 24108.411: [GC
Desired survivor size 28508160 bytes, new threshold 1 (max 15)
 [PSYoungGen: 2749024K->14624K(2767488K)] 5685899K->2951883K(8359936K), 0.0386590 secs] [Times: user=0.23 sys=0.02, real=0.04 secs] 
2011-02-12T07:00:25.171+0000: 24114.490: [GC
Desired survivor size 28573696 bytes, new threshold 1 (max 15)
 [PSYoungGen: 2753440K->16912K(2768192K)] 5690699K->2954563K(8360640K), 0.0422850 secs] [Times: user=0.26 sys=0.02, real=0.04 secs] 
2011-02-12T07:00:30.764+0000: 24120.084: [GC
Desired survivor size 27197440 bytes, new threshold 1 (max 15)
 [PSYoungGen: 2757264K->12304K(2768256K)] 5694915K->2950423K(8360704K), 0.0372830 secs] [Times: user=0.21 sys=0.01, real=0.04 secs] 
2011-02-12T07:00:37.341+0000: 24126.661: [GC
Desired survivor size 27262976 bytes, new threshold 1 (max 15)
 [PSYoungGen: 2752656K->4768K(2769472K)] 5690775K->2943427K(8361920K), 0.0284690 secs] [Times: user=0.15 sys=0.02, real=0.03 secs] 
2011-02-12T07:00:43.457+0000: 24132.777: [GC
Desired survivor size 26935296 bytes, new threshold 1 (max 15)
 [PSYoungGen: 2747680K->15232K(2769536K)] 5686339K->2954375K(8361984K), 0.0381580 secs] [Times: user=0.24 sys=0.01, real=0.04 secs] 
2011-02-12T07:00:49.739+0000: 24139.059: [GC
Desired survivor size 26083328 bytes, new threshold 1 (max 15)
 [PSYoungGen: 2758144K->13904K(2770688K)] 5697287K->2953506K(8363136K), 0.0376480 secs] [Times: user=0.24 sys=0.01, real=0.04 secs] 
2011-02-12T07:00:55.936+0000: 24145.256: [GC
Desired survivor size 25690112 bytes, new threshold 1 (max 15)
 [PSYoungGen: 2758288K->7071K(2769856K)] 5697890K->2947141K(8362304K), 0.0338680 secs] [Times: user=0.15 sys=0.01, real=0.03 secs] 
2011-02-12T07:01:00.908+0000: 24150.228: [GC
Desired survivor size 24969216 bytes, new threshold 1 (max 15)
 [PSYoungGen: 2751455K->8750K(2771776K)] 5691525K->2949252K(8364224K), 0.0335730 secs] [Times: user=0.19 sys=0.02, real=0.03 secs] 
2011-02-12T07:01:06.592+0000: 24155.912: [GC
Desired survivor size 24903680 bytes, new threshold 1 (max 15)
 [PSYoungGen: 2755438K->4760K(2771072K)] 5695940K->2945844K(8363520K), 0.0284610 secs] [Times: user=0.15 sys=0.01, real=0.03 secs] 
2011-02-12T07:01:12.614+0000: 24161.934: [GC
Desired survivor size 23920640 bytes, new threshold 1 (max 15)
 [PSYoungGen: 2751448K->8576K(2772800K)] 5692532K->2950152K(8365248K), 0.0338150 secs] [Times: user=0.19 sys=0.01, real=0.03 secs] 
2011-02-12T07:01:19.047+0000: 24168.367: [GC
Desired survivor size 23789568 bytes, new threshold 1 (max 15)
 [PSYoungGen: 2757056K->4352K(2771840K)] 5698632K->2946412K(8364288K), 0.0289800 secs] [Times: user=0.15 sys=0.02, real=0.03 secs] 
2011-02-12T07:01:25.531+0000: 24174.850: [GC
Desired survivor size 23199744 bytes, new threshold 1 (max 15)
 [PSYoungGen: 2752832K->12048K(2773504K)] 5694892K->2954560K(8365952K), 0.0366820 secs] [Times: user=0.20 sys=0.02, real=0.04 secs] 
2011-02-12T07:01:31.327+0000: 24180.647: [GC
Desired survivor size 21954560 bytes, new threshold 1 (max 15)
 [PSYoungGen: 2762320K->10076K(2772928K)] 5704832K->2953029K(8365376K), 0.0344440 secs] [Times: user=0.20 sys=0.01, real=0.03 secs] 
2011-02-12T07:01:37.713+0000: 24187.033: [GC
Desired survivor size 20971520 bytes, new threshold 1 (max 15)
 [PSYoungGen: 2760348K->9504K(2775680K)] 5703301K->2953053K(8368128K), 0.0347610 secs] [Times: user=0.19 sys=0.01, real=0.04 secs] 
2011-02-12T07:01:44.018+0000: 24193.338: [GC
Desired survivor size 20381696 bytes, new threshold 1 (max 15)
 [PSYoungGen: 2763744K->11456K(2774720K)] 5707293K->2955517K(8367168K), 0.0356600 secs] [Times: user=0.21 sys=0.02, real=0.04 secs] 
2011-02-12T07:01:50.981+0000: 24200.301: [GC
Desired survivor size 20381696 bytes, new threshold 1 (max 15)
 [PSYoungGen: 2765696K->4640K(2776256K)] 5709757K->2949097K(8368704K), 0.0295560 secs] [Times: user=0.16 sys=0.02, real=0.03 secs] 
2011-02-12T07:01:56.749+0000: 24206.069: [GC
Desired survivor size 20643840 bytes, new threshold 1 (max 15)
 [PSYoungGen: 2760992K->13200K(2769600K)] 5705449K->2958105K(8362048K), 0.0354270 secs] [Times: user=0.20 sys=0.02, real=0.04 secs] 
2011-02-12T07:02:02.124+0000: 24211.443: [GC
Desired survivor size 24772608 bytes, new threshold 1 (max 15)
 [PSYoungGen: 2769552K->20138K(2767936K)] 5714457K->2968507K(8360384K), 0.0457780 secs] [Times: user=0.29 sys=0.03, real=0.04 secs] 
2011-02-12T07:02:08.008+0000: 24217.328: [GC
Desired survivor size 26017792 bytes, new threshold 1 (max 15)
 [PSYoungGen: 2767914K->18240K(2766016K)] 5716283K->2967347K(8358464K), 0.0468210 secs] [Times: user=0.25 sys=0.02, real=0.05 secs] 
2011-02-12T07:02:14.171+0000: 24223.491: [GC
Desired survivor size 26017792 bytes, new threshold 1 (max 15)
 [PSYoungGen: 2766016K->4192K(2770752K)] 5715123K->2953751K(8363200K), 0.0288010 secs] [Times: user=0.16 sys=0.01, real=0.03 secs] 
2011-02-12T07:02:20.369+0000: 24229.689: [GC
Desired survivor size 24707072 bytes, new threshold 1 (max 15)
 [PSYoungGen: 2749536K->11581K(2770752K)] 5699095K->2961549K(8363200K), 0.0361780 secs] [Times: user=0.21 sys=0.01, real=0.04 secs] 
2011-02-12T07:02:25.993+0000: 24235.312: [GC
Desired survivor size 23789568 bytes, new threshold 1 (max 15)
 [PSYoungGen: 2756925K->12400K(2772928K)] 5706893K->2962767K(8365376K), 0.0375060 secs] [Times: user=0.21 sys=0.01, real=0.04 secs] 
2011-02-12T07:02:32.735+0000: 24242.055: [GC
Desired survivor size 22806528 bytes, new threshold 1 (max 15)
 [PSYoungGen: 2761200K->12092K(2772032K)] 5711567K->2962912K(8364480K), 0.0371260 secs] [Times: user=0.23 sys=0.01, real=0.03 secs] 
2011-02-12T07:02:38.441+0000: 24247.761: [GC
Desired survivor size 22478848 bytes, new threshold 1 (max 15)
 [PSYoungGen: 2760892K->13488K(2774208K)] 5711712K->2965020K(8366656K), 0.0387280 secs] [Times: user=0.22 sys=0.00, real=0.04 secs] 
2011-02-12T07:02:44.075+0000: 24253.394: [GC
Desired survivor size 21495808 bytes, new threshold 1 (max 15)
 [PSYoungGen: 2765424K->11424K(2773888K)] 5716956K->2963452K(8366336K), 0.0350160 secs] [Times: user=0.21 sys=0.01, real=0.04 secs] 
2011-02-12T07:02:49.691+0000: 24259.011: [GC
Desired survivor size 21495808 bytes, new threshold 1 (max 15)
 [PSYoungGen: 2763360K->14208K(2775168K)] 5715388K->2966672K(8367616K), 0.0391850 secs] [Times: user=0.24 sys=0.01, real=0.04 secs] 
2011-02-12T07:02:55.302+0000: 24264.621: [GC
Desired survivor size 20905984 bytes, new threshold 1 (max 15)
 [PSYoungGen: 2768384K->12832K(2775168K)] 5720848K->2965660K(8367616K), 0.0387740 secs] [Times: user=0.23 sys=0.01, real=0.04 secs] 
2011-02-12T07:03:01.496+0000: 24270.816: [GC
Desired survivor size 20774912 bytes, new threshold 1 (max 15)
 [PSYoungGen: 2767008K->7698K(2775872K)] 5719836K->2960894K(8368320K), 0.0324430 secs] [Times: user=0.17 sys=0.01, real=0.04 secs] 
2011-02-12T07:03:06.898+0000: 24276.217: [GC
Desired survivor size 22478848 bytes, new threshold 1 (max 15)
 [PSYoungGen: 2763154K->18427K(2773888K)] 5716350K->2972246K(8366336K), 0.0442230 secs] [Times: user=0.26 sys=0.02, real=0.05 secs] 
2011-02-12T07:03:12.699+0000: 24282.018: [GC
Desired survivor size 21561344 bytes, new threshold 1 (max 15)
 [PSYoungGen: 2773883K->12112K(2775104K)] 5727702K->2966422K(8367552K), 0.0349860 secs] [Times: user=0.18 sys=0.01, real=0.04 secs] 
2011-02-12T07:03:18.616+0000: 24287.935: [GC
Desired survivor size 21102592 bytes, new threshold 1 (max 15)
 [PSYoungGen: 2765264K->13504K(2774208K)] 5719574K->2968146K(8366656K), 0.0353090 secs] [Times: user=0.20 sys=0.02, real=0.04 secs] 
2011-02-12T07:03:24.948+0000: 24294.267: [GC
Desired survivor size 23658496 bytes, new threshold 1 (max 15)
 [PSYoungGen: 2766656K->20576K(2770560K)] 5721298K->2975970K(8363008K), 0.0466420 secs] [Times: user=0.28 sys=0.02, real=0.05 secs] 
2011-02-12T07:03:31.060+0000: 24300.380: [GC
Desired survivor size 22740992 bytes, new threshold 1 (max 15)
 [PSYoungGen: 2770528K->12704K(2773056K)] 5725922K->2968618K(8365504K), 0.0371180 secs] [Times: user=0.22 sys=0.01, real=0.04 secs] 
2011-02-12T07:03:36.513+0000: 24305.833: [GC
Desired survivor size 22937600 bytes, new threshold 1 (max 15)
 [PSYoungGen: 2762656K->6848K(2773568K)] 5718570K->2963322K(8366016K), 0.0311750 secs] [Times: user=0.17 sys=0.02, real=0.03 secs] 
2011-02-12T07:03:42.249+0000: 24311.569: [GC
Desired survivor size 22609920 bytes, new threshold 1 (max 15)
 [PSYoungGen: 2758208K->8755K(2773760K)] 5714682K->2965658K(8366208K), 0.0327400 secs] [Times: user=0.18 sys=0.01, real=0.03 secs] 
2011-02-12T07:03:48.640+0000: 24317.960: [GC
Desired survivor size 22609920 bytes, new threshold 1 (max 15)
 [PSYoungGen: 2760115K->6608K(2774080K)] 5717018K->2963910K(8366528K), 0.0327140 secs] [Times: user=0.17 sys=0.01, real=0.04 secs] 
2011-02-12T07:03:54.555+0000: 24323.874: [GC
Desired survivor size 26345472 bytes, new threshold 1 (max 15)
 [PSYoungGen: 2758608K->22064K(2774080K)] 5715910K->2981638K(8366528K), 0.0469980 secs] [Times: user=0.28 sys=0.01, real=0.04 secs] 
2011-02-12T07:04:01.463+0000: 24330.783: [GC
Desired survivor size 26279936 bytes, new threshold 1 (max 15)
 [PSYoungGen: 2774064K->5586K(2766912K)] 5733638K->2965544K(8359360K), 0.0293800 secs] [Times: user=0.16 sys=0.02, real=0.03 secs] 
2011-02-12T07:04:07.224+0000: 24336.543: [GC
Desired survivor size 27066368 bytes, new threshold 1 (max 15)
 [PSYoungGen: 2750418K->17816K(2762688K)] 5710376K->2978376K(8355136K), 0.0395300 secs] [Times: user=0.22 sys=0.02, real=0.04 secs] 
2011-02-12T07:04:14.063+0000: 24343.383: [GC
Desired survivor size 26738688 bytes, new threshold 1 (max 15)
 [PSYoungGen: 2762648K->6688K(2770048K)] 5723208K->2967656K(8362496K), 0.0305330 secs] [Times: user=0.17 sys=0.01, real=0.03 secs] 
2011-02-12T07:04:19.667+0000: 24348.987: [GC
Desired survivor size 26935296 bytes, new threshold 1 (max 15)
 [PSYoungGen: 2750304K->2528K(2769728K)] 5711272K->2963948K(8362176K), 0.0247230 secs] [Times: user=0.14 sys=0.01, real=0.02 secs] 
2011-02-12T07:04:25.015+0000: 24354.335: [GC
Desired survivor size 26935296 bytes, new threshold 1 (max 15)
 [PSYoungGen: 2746144K->15136K(2769856K)] 5707564K->2976924K(8362304K), 0.0392820 secs] [Times: user=0.24 sys=0.01, real=0.04 secs] 
2011-02-12T07:04:30.288+0000: 24359.607: [GC
Desired survivor size 25559040 bytes, new threshold 1 (max 15)
 [PSYoungGen: 2758688K->12032K(2769856K)] 5720476K->2974292K(8362304K), 0.0372420 secs] [Times: user=0.22 sys=0.02, real=0.04 secs] 
2011-02-12T07:04:35.980+0000: 24365.299: [GC
Desired survivor size 24248320 bytes, new threshold 1 (max 15)
 [PSYoungGen: 2755584K->11488K(2772480K)] 5717844K->2974176K(8364928K), 0.0370470 secs] [Times: user=0.22 sys=0.02, real=0.03 secs] 
2011-02-12T07:04:41.320+0000: 24370.639: [GC
Desired survivor size 24379392 bytes, new threshold 1 (max 15)
 [PSYoungGen: 2759008K->3872K(2771200K)] 5721696K->2967145K(8363648K), 0.0281290 secs] [Times: user=0.14 sys=0.01, real=0.02 secs] 
2011-02-12T07:04:46.947+0000: 24376.267: [GC
Desired survivor size 25034752 bytes, new threshold 1 (max 15)
 [PSYoungGen: 2751392K->16096K(2771072K)] 5714665K->2979713K(8363520K), 0.0428600 secs] [Times: user=0.23 sys=0.02, real=0.05 secs] 
2011-02-12T07:04:52.627+0000: 24381.946: [GC
Desired survivor size 26542080 bytes, new threshold 1 (max 15)
 [PSYoungGen: 2763360K->18880K(2766144K)] 5726977K->2982921K(8358592K), 0.0411150 secs] [Times: user=0.26 sys=0.01, real=0.04 secs] 
2011-02-12T07:04:57.453+0000: 24386.773: [GC
Desired survivor size 25624576 bytes, new threshold 1 (max 15)
 [PSYoungGen: 2766144K->9312K(2771136K)] 5730185K->2973757K(8363584K), 0.0343810 secs] [Times: user=0.19 sys=0.01, real=0.03 secs] 
2011-02-12T07:05:02.574+0000: 24391.893: [GC
Desired survivor size 24772608 bytes, new threshold 1 (max 15)
 [PSYoungGen: 2754528K->13178K(2770240K)] 5718973K->2977935K(8362688K), 0.0399080 secs] [Times: user=0.22 sys=0.02, real=0.04 secs] 
2011-02-12T07:05:07.626+0000: 24396.945: [GC
Desired survivor size 25362432 bytes, new threshold 1 (max 15)
 [PSYoungGen: 2758394K->16788K(2770816K)] 5723151K->2982116K(8363264K), 0.0428590 secs] [Times: user=0.24 sys=0.02, real=0.04 secs] 
2011-02-12T07:05:12.210+0000: 24401.530: [GC
Desired survivor size 25427968 bytes, new threshold 1 (max 15)
 [PSYoungGen: 2763412K->15904K(2762560K)] 5728740K->2981707K(8355008K), 0.0393840 secs] [Times: user=0.25 sys=0.01, real=0.04 secs] 
2011-02-12T07:05:18.458+0000: 24407.778: [GC
Desired survivor size 27459584 bytes, new threshold 1 (max 15)
 [PSYoungGen: 2762528K->21399K(2767360K)] 5728331K->2987545K(8359808K), 0.0474100 secs] [Times: user=0.29 sys=0.01, real=0.05 secs] 
2011-02-12T07:05:24.137+0000: 24413.457: [GC
Desired survivor size 27394048 bytes, new threshold 1 (max 15)
 [PSYoungGen: 2763927K->17088K(2769344K)] 5730073K->2983797K(8361792K), 0.0434850 secs] [Times: user=0.26 sys=0.02, real=0.04 secs] 
2011-02-12T07:05:30.275+0000: 24419.595: [GC
Desired survivor size 27131904 bytes, new threshold 1 (max 15)
 [PSYoungGen: 2759616K->8124K(2769664K)] 5726325K->2975193K(8362112K), 0.0325670 secs] [Times: user=0.19 sys=0.02, real=0.04 secs] 
2011-02-12T07:05:36.281+0000: 24425.600: [GC
Desired survivor size 26476544 bytes, new threshold 1 (max 15)
 [PSYoungGen: 2751036K->9424K(2769408K)] 5718105K->2977169K(8361856K), 0.0358130 secs] [Times: user=0.19 sys=0.01, real=0.04 secs] 
2011-02-12T07:05:42.263+0000: 24431.582: [GC
Desired survivor size 26673152 bytes, new threshold 1 (max 15)
 [PSYoungGen: 2752336K->16928K(2769920K)] 5720081K->2985395K(8362368K), 0.0434990 secs] [Times: user=0.24 sys=0.02, real=0.04 secs] 
2011-02-12T07:05:48.518+0000: 24437.838: [GC
Desired survivor size 27525120 bytes, new threshold 1 (max 15)
 [PSYoungGen: 2760992K->19072K(2763136K)] 5729459K->2987959K(8355584K), 0.0452020 secs] [Times: user=0.27 sys=0.03, real=0.04 secs] 
2011-02-12T07:05:54.847+0000: 24444.166: [GC
Desired survivor size 26673152 bytes, new threshold 1 (max 15)
 [PSYoungGen: 2763136K->15264K(2770112K)] 5732023K->2984599K(8362560K), 0.0422460 secs] [Times: user=0.23 sys=0.01, real=0.05 secs] 
2011-02-12T07:06:00.729+0000: 24450.049: [GC
Desired survivor size 26738688 bytes, new threshold 1 (max 15)
 [PSYoungGen: 2758496K->17554K(2769280K)] 5727831K->2987333K(8361728K), 0.0448790 secs] [Times: user=0.26 sys=0.02, real=0.05 secs] 
2011-02-12T07:06:05.895+0000: 24455.215: [GC
Desired survivor size 26279936 bytes, new threshold 1 (max 15)
 [PSYoungGen: 2760786K->10517K(2770496K)] 5730565K->2980926K(8362944K), 0.0354900 secs] [Times: user=0.22 sys=0.02, real=0.04 secs] 
2011-02-12T07:06:10.911+0000: 24460.231: [GC
Desired survivor size 26673152 bytes, new threshold 1 (max 15)
 [PSYoungGen: 2754901K->18336K(2770048K)] 5725310K->2989674K(8362496K), 0.0454580 secs] [Times: user=0.27 sys=0.03, real=0.04 secs] 
2011-02-12T07:06:16.498+0000: 24465.818: [GC
Desired survivor size 25559040 bytes, new threshold 1 (max 15)
 [PSYoungGen: 2762720K->14320K(2771200K)] 5734058K->2986034K(8363648K), 0.0397470 secs] [Times: user=0.22 sys=0.02, real=0.04 secs] 
2011-02-12T07:06:22.356+0000: 24471.676: [GC
Desired survivor size 25100288 bytes, new threshold 1 (max 15)
 [PSYoungGen: 2759472K->10752K(2770112K)] 5731186K->2982930K(8362560K), 0.0366930 secs] [Times: user=0.21 sys=0.02, real=0.04 secs] 
2011-02-12T07:06:28.540+0000: 24477.860: [GC
Desired survivor size 24182784 bytes, new threshold 1 (max 15)
 [PSYoungGen: 2755904K->13254K(2772544K)] 5728082K->2985773K(8364992K), 0.0383140 secs] [Times: user=0.23 sys=0.02, real=0.04 secs] 
2011-02-12T07:06:35.360+0000: 24484.680: [GC
Desired survivor size 25493504 bytes, new threshold 1 (max 15)
 [PSYoungGen: 2761286K->19984K(2768064K)] 5733805K->2992955K(8360512K), 0.0430350 secs] [Times: user=0.26 sys=0.03, real=0.04 secs] 
2011-02-12T07:06:41.514+0000: 24490.834: [GC
Desired survivor size 26017792 bytes, new threshold 1 (max 15)
 [PSYoungGen: 2768016K->5312K(2770240K)] 5740987K->2978963K(8362688K), 0.0313760 secs] [Times: user=0.15 sys=0.01, real=0.04 secs] 
2011-02-12T07:06:47.941+0000: 24497.261: [GC
Desired survivor size 24903680 bytes, new threshold 1 (max 15)
 [PSYoungGen: 2750656K->13344K(2770752K)] 5724307K->2987395K(8363200K), 0.0388710 secs] [Times: user=0.23 sys=0.00, real=0.04 secs] 
2011-02-12T07:06:54.775+0000: 24504.094: [GC
Desired survivor size 24576000 bytes, new threshold 1 (max 15)
 [PSYoungGen: 2758688K->15697K(2772160K)] 5732739K->2990257K(8364608K), 0.0426200 secs] [Times: user=0.25 sys=0.03, real=0.05 secs] 
2011-02-12T07:07:00.727+0000: 24510.047: [GC
Desired survivor size 23724032 bytes, new threshold 1 (max 15)
 [PSYoungGen: 2763537K->12802K(2771840K)] 5738097K->2987881K(8364288K), 0.0396560 secs] [Times: user=0.21 sys=0.02, real=0.04 secs] 
2011-02-12T07:07:05.924+0000: 24515.244: [GC
Desired survivor size 22937600 bytes, new threshold 1 (max 15)
 [PSYoungGen: 2760642K->12696K(2773760K)] 5735721K->2988429K(8366208K), 0.0393360 secs] [Times: user=0.23 sys=0.02, real=0.04 secs] 
2011-02-12T07:07:11.629+0000: 24520.949: [GC
Desired survivor size 22937600 bytes, new threshold 1 (max 15)
 [PSYoungGen: 2763288K->8480K(2772992K)] 5739021K->2984717K(8365440K), 0.0364950 secs] [Times: user=0.19 sys=0.02, real=0.03 secs] 
2011-02-12T07:07:17.229+0000: 24526.549: [GC
Desired survivor size 24313856 bytes, new threshold 1 (max 15)
 [PSYoungGen: 2759072K->19203K(2771072K)] 5735309K->2995889K(8363520K), 0.0448590 secs] [Times: user=0.28 sys=0.02, real=0.04 secs] 
2011-02-12T07:07:22.857+0000: 24532.177: [GC
Desired survivor size 24969216 bytes, new threshold 1 (max 15)
 [PSYoungGen: 2767875K->4160K(2752832K)] 5744561K->2981309K(8345280K), 0.0302480 secs] [Times: user=0.15 sys=0.01, real=0.03 secs] 
2011-02-12T07:07:28.750+0000: 24538.070: [GC
Desired survivor size 24707072 bytes, new threshold 1 (max 15)
 [PSYoungGen: 2752832K->7536K(2772032K)] 5729981K->2985114K(8364480K), 0.0347580 secs] [Times: user=0.18 sys=0.02, real=0.04 secs] 
2011-02-12T07:07:35.025+0000: 24544.344: [GC
Desired survivor size 24051712 bytes, new threshold 1 (max 15)
 [PSYoungGen: 2755184K->9008K(2771776K)] 5732762K->2987071K(8364224K), 0.0339640 secs] [Times: user=0.18 sys=0.01, real=0.03 secs] 
2011-02-12T07:07:41.889+0000: 24551.208: [GC
Desired survivor size 23199744 bytes, new threshold 1 (max 15)
 [PSYoungGen: 2756656K->9801K(2773504K)] 5734719K->2988512K(8365952K), 0.0353160 secs] [Times: user=0.19 sys=0.02, real=0.04 secs] 
2011-02-12T07:07:48.150+0000: 24557.470: [GC
Desired survivor size 23724032 bytes, new threshold 1 (max 15)
 [PSYoungGen: 2759817K->15936K(2772672K)] 5738528K->2995103K(8365120K), 0.0416550 secs] [Times: user=0.25 sys=0.02, real=0.04 secs] 
2011-02-12T07:07:53.830+0000: 24563.150: [GC
Desired survivor size 22675456 bytes, new threshold 1 (max 15)
 [PSYoungGen: 2765952K->11776K(2774016K)] 5745119K->2991291K(8366464K), 0.0363850 secs] [Times: user=0.22 sys=0.01, real=0.04 secs] 
2011-02-12T07:07:59.722+0000: 24569.042: [GC
Desired survivor size 21692416 bytes, new threshold 1 (max 15)
 [PSYoungGen: 2762624K->11584K(2772992K)] 5742139K->2991503K(8365440K), 0.0357450 secs] [Times: user=0.19 sys=0.02, real=0.04 secs] 
2011-02-12T07:08:05.956+0000: 24575.276: [GC
Desired survivor size 21233664 bytes, new threshold 1 (max 15)
 [PSYoungGen: 2762432K->9530K(2775424K)] 5742351K->2989861K(8367872K), 0.0379010 secs] [Times: user=0.18 sys=0.02, real=0.03 secs] 
2011-02-12T07:08:11.879+0000: 24581.198: [GC
Desired survivor size 20447232 bytes, new threshold 1 (max 15)
 [PSYoungGen: 2763770K->11008K(2774976K)] 5744101K->2992065K(8367424K), 0.0351240 secs] [Times: user=0.20 sys=0.00, real=0.03 secs] 
2011-02-12T07:08:17.837+0000: 24587.157: [GC
Desired survivor size 21495808 bytes, new threshold 1 (max 15)
 [PSYoungGen: 2765248K->16672K(2774144K)] 5746305K->2998165K(8366592K), 0.0393670 secs] [Times: user=0.24 sys=0.01, real=0.04 secs] 
2011-02-12T07:08:24.390+0000: 24593.709: [GC
Desired survivor size 21757952 bytes, new threshold 1 (max 15)
 [PSYoungGen: 2770848K->5632K(2759808K)] 5752341K->2987506K(8352256K), 0.0299810 secs] [Times: user=0.16 sys=0.02, real=0.03 secs] 
2011-02-12T07:08:30.568+0000: 24599.888: [GC
Desired survivor size 21430272 bytes, new threshold 1 (max 15)
 [PSYoungGen: 2759808K->7696K(2775232K)] 5741682K->2990042K(8367680K), 0.0331250 secs] [Times: user=0.18 sys=0.02, real=0.03 secs] 
2011-02-12T07:08:36.280+0000: 24605.600: [GC
Desired survivor size 21364736 bytes, new threshold 1 (max 15)
 [PSYoungGen: 2761680K->5744K(2774912K)] 5744026K->2988522K(8367360K), 0.0320840 secs] [Times: user=0.18 sys=0.02, real=0.03 secs] 
2011-02-12T07:08:43.205+0000: 24612.525: [GC
Desired survivor size 20774912 bytes, new threshold 1 (max 15)
 [PSYoungGen: 2759728K->8000K(2775872K)] 5742506K->2991398K(8368320K), 0.0348920 secs] [Times: user=0.19 sys=0.02, real=0.04 secs] 
2011-02-12T07:08:49.518+0000: 24618.838: [GC
Desired survivor size 20643840 bytes, new threshold 1 (max 15)
 [PSYoungGen: 2763008K->12640K(2775296K)] 5746406K->2996469K(8367744K), 0.0373800 secs] [Times: user=0.23 sys=0.01, real=0.04 secs] 
2011-02-12T07:08:55.609+0000: 24624.929: [GC
Desired survivor size 22151168 bytes, new threshold 1 (max 15)
 [PSYoungGen: 2767648K->17200K(2773056K)] 5751477K->3001457K(8365504K), 0.0439700 secs] [Times: user=0.27 sys=0.04, real=0.05 secs] 
2011-02-12T07:09:01.959+0000: 24631.278: [GC
Desired survivor size 21757952 bytes, new threshold 1 (max 15)
 [PSYoungGen: 2770096K->7522K(2774528K)] 5754353K->2992228K(8366976K), 0.0490300 secs] [Times: user=0.16 sys=0.01, real=0.05 secs] 
2011-02-12T07:09:07.959+0000: 24637.278: [GC
Desired survivor size 20774912 bytes, new threshold 1 (max 15)
 [PSYoungGen: 2760418K->10455K(2775872K)] 5745124K->2995767K(8368320K), 0.0374070 secs] [Times: user=0.20 sys=0.03, real=0.04 secs] 
2011-02-12T07:09:14.207+0000: 24643.527: [GC
Desired survivor size 22282240 bytes, new threshold 1 (max 15)
 [PSYoungGen: 2765079K->17461K(2772096K)] 5750391K->3003250K(8364544K), 0.0448310 secs] [Times: user=0.25 sys=0.03, real=0.04 secs] 
2011-02-12T07:09:21.827+0000: 24651.147: [GC
Desired survivor size 21954560 bytes, new threshold 1 (max 15)
 [PSYoungGen: 2772085K->7520K(2774720K)] 5757874K->2993724K(8367168K), 0.0315690 secs] [Times: user=0.17 sys=0.01, real=0.03 secs] 
2011-02-12T07:09:28.166+0000: 24657.486: [GC
Desired survivor size 24182784 bytes, new threshold 1 (max 15)
 [PSYoungGen: 2760480K->19804K(2772800K)] 5746684K->3006436K(8365248K), 0.0423070 secs] [Times: user=0.26 sys=0.02, real=0.04 secs] 
2011-02-12T07:09:35.016+0000: 24664.335: [GC
Desired survivor size 24444928 bytes, new threshold 1 (max 15)
 [PSYoungGen: 2772764K->15696K(2771776K)] 5759396K->3002972K(8364224K), 0.0418310 secs] [Times: user=0.25 sys=0.02, real=0.04 secs] 
2011-02-12T07:09:41.774+0000: 24671.094: [GC
Desired survivor size 25100288 bytes, new threshold 1 (max 15)
 [PSYoungGen: 2764112K->17248K(2765696K)] 5751388K->3005225K(8358144K), 0.0450070 secs] [Times: user=0.25 sys=0.02, real=0.05 secs] 
2011-02-12T07:09:48.600+0000: 24677.920: [GC
Desired survivor size 24641536 bytes, new threshold 1 (max 15)
 [PSYoungGen: 2765664K->8672K(2772096K)] 5753641K->2997105K(8364544K), 0.0332760 secs] [Times: user=0.19 sys=0.02, real=0.03 secs] 
2011-02-12T07:09:55.122+0000: 24684.442: [GC
Desired survivor size 24838144 bytes, new threshold 1 (max 15)
 [PSYoungGen: 2756256K->4576K(2771648K)] 5744689K->2993509K(8364096K), 0.0296870 secs] [Times: user=0.16 sys=0.02, real=0.03 secs] 
2011-02-12T07:10:02.397+0000: 24691.717: [GC
Desired survivor size 23658496 bytes, new threshold 1 (max 15)
 [PSYoungGen: 2752160K->10986K(2773056K)] 5741093K->3000339K(8365504K), 0.0364320 secs] [Times: user=0.20 sys=0.02, real=0.04 secs] 
2011-02-12T07:10:07.718+0000: 24697.038: [GC
Desired survivor size 22478848 bytes, new threshold 1 (max 15)
 [PSYoungGen: 2759786K->11648K(2771904K)] 5749139K->3001788K(8364352K), 0.0393620 secs] [Times: user=0.20 sys=0.03, real=0.04 secs] 
2011-02-12T07:10:13.077+0000: 24702.397: [GC
Desired survivor size 22413312 bytes, new threshold 1 (max 15)
 [PSYoungGen: 2760448K->14112K(2774272K)] 5750588K->3004760K(8366720K), 0.0402870 secs] [Times: user=0.23 sys=0.01, real=0.04 secs] 
2011-02-12T07:10:17.893+0000: 24707.212: [GC
Desired survivor size 22740992 bytes, new threshold 1 (max 15)
 [PSYoungGen: 2766432K->15456K(2767808K)] 5757080K->3006524K(8360256K), 0.0424030 secs] [Times: user=0.24 sys=0.02, real=0.04 secs] 
2011-02-12T07:10:24.765+0000: 24714.085: [GC
Desired survivor size 25231360 bytes, new threshold 1 (max 15)
 [PSYoungGen: 2767776K->21388K(2769088K)] 5758844K->3012801K(8361536K), 0.0436580 secs] [Times: user=0.27 sys=0.02, real=0.04 secs] 
2011-02-12T07:10:31.219+0000: 24720.539: [GC
Desired survivor size 24969216 bytes, new threshold 1 (max 15)
 [PSYoungGen: 2768268K->7746K(2771520K)] 5759681K->2999711K(8363968K), 0.0353350 secs] [Times: user=0.18 sys=0.03, real=0.04 secs] 
2011-02-12T07:10:36.286+0000: 24725.606: [GC
Desired survivor size 23789568 bytes, new threshold 1 (max 15)
 [PSYoungGen: 2754626K->12310K(2772928K)] 5746591K->3004867K(8365376K), 0.0375140 secs] [Times: user=0.21 sys=0.02, real=0.04 secs] 
2011-02-12T07:10:42.910+0000: 24732.230: [GC
Desired survivor size 24051712 bytes, new threshold 1 (max 15)
 [PSYoungGen: 2760854K->4896K(2771776K)] 5753411K->2998068K(8364224K), 0.0274790 secs] [Times: user=0.16 sys=0.02, real=0.03 secs] 
2011-02-12T07:10:49.320+0000: 24738.640: [GC
Desired survivor size 23265280 bytes, new threshold 1 (max 15)
 [PSYoungGen: 2753440K->9440K(2773440K)] 5746612K->3003060K(8365888K), 0.0338740 secs] [Times: user=0.21 sys=0.03, real=0.04 secs] 
2011-02-12T07:10:55.620+0000: 24744.940: [GC
Desired survivor size 25493504 bytes, new threshold 1 (max 15)
 [PSYoungGen: 2759392K->20480K(2770432K)] 5753012K->3014540K(8362880K), 0.0462090 secs] [Times: user=0.26 sys=0.01, real=0.05 secs] 
2011-02-12T07:11:02.204+0000: 24751.523: [GC
Desired survivor size 24313856 bytes, new threshold 1 (max 15)
 [PSYoungGen: 2770432K->12090K(2772416K)] 5764492K->3006666K(8364864K), 0.0402380 secs] [Times: user=0.22 sys=0.02, real=0.04 secs] 
2011-02-12T07:11:07.388+0000: 24756.708: [GC
Desired survivor size 25624576 bytes, new threshold 1 (max 15)
 [PSYoungGen: 2759610K->18912K(2766464K)] 5754186K->3014154K(8358912K), 0.0445940 secs] [Times: user=0.25 sys=0.02, real=0.04 secs] 
2011-02-12T07:11:13.848+0000: 24763.168: [GC
Desired survivor size 25034752 bytes, new threshold 1 (max 15)
 [PSYoungGen: 2766432K->9376K(2771712K)] 5761674K->3005030K(8364160K), 0.0346900 secs] [Times: user=0.19 sys=0.02, real=0.03 secs] 
2011-02-12T07:11:20.759+0000: 24770.079: [GC
Desired survivor size 24707072 bytes, new threshold 1 (max 15)
 [PSYoungGen: 2756064K->7573K(2771136K)] 5751718K->3003671K(8363584K), 0.0324780 secs] [Times: user=0.18 sys=0.02, real=0.03 secs] 
2011-02-12T07:11:27.632+0000: 24776.951: [GC
Desired survivor size 24051712 bytes, new threshold 1 (max 15)
 [PSYoungGen: 2754261K->9136K(2772672K)] 5750359K->3005694K(8365120K), 0.0338490 secs] [Times: user=0.19 sys=0.01, real=0.03 secs] 
2011-02-12T07:11:33.553+0000: 24782.873: [GC
Desired survivor size 23527424 bytes, new threshold 1 (max 15)
 [PSYoungGen: 2757680K->7856K(2772032K)] 5754238K->3004982K(8364480K), 0.0334570 secs] [Times: user=0.18 sys=0.02, real=0.03 secs] 
2011-02-12T07:11:39.443+0000: 24788.762: [GC
Desired survivor size 23134208 bytes, new threshold 1 (max 15)
 [PSYoungGen: 2756400K->6912K(2773568K)] 5753526K->3004634K(8366016K), 0.0318260 secs] [Times: user=0.17 sys=0.02, real=0.03 secs] 
2011-02-12T07:11:46.676+0000: 24795.995: [GC
Desired survivor size 22216704 bytes, new threshold 1 (max 15)
 [PSYoungGen: 2757504K->11680K(2773184K)] 5755226K->3009934K(8365632K), 0.0368290 secs] [Times: user=0.21 sys=0.01, real=0.04 secs] 
2011-02-12T07:11:53.598+0000: 24802.917: [GC
Desired survivor size 21299200 bytes, new threshold 1 (max 15)
 [PSYoungGen: 2762272K->10304K(2775360K)] 5760526K->3009054K(8367808K), 0.0357320 secs] [Times: user=0.20 sys=0.02, real=0.04 secs] 
2011-02-12T07:11:58.664+0000: 24807.984: [GC
Desired survivor size 20709376 bytes, new threshold 1 (max 15)
 [PSYoungGen: 2763968K->8352K(2774464K)] 5762718K->3007598K(8366912K), 0.0318330 secs] [Times: user=0.17 sys=0.02, real=0.03 secs] 
2011-02-12T07:12:05.053+0000: 24814.372: [GC
Desired survivor size 20316160 bytes, new threshold 1 (max 15)
 [PSYoungGen: 2762016K->12154K(2776320K)] 5761262K->3011716K(8368768K), 0.0419550 secs] [Times: user=0.20 sys=0.02, real=0.05 secs] 
2011-02-12T07:12:11.638+0000: 24820.958: [GC
Desired survivor size 20447232 bytes, new threshold 1 (max 15)
 [PSYoungGen: 2768250K->4832K(2775936K)] 5767812K->3005200K(8368384K), 0.0297810 secs] [Times: user=0.16 sys=0.01, real=0.03 secs] 
2011-02-12T07:12:17.794+0000: 24827.114: [GC
Desired survivor size 21561344 bytes, new threshold 1 (max 15)
 [PSYoungGen: 2760928K->15872K(2774016K)] 5761296K->3016768K(8366464K), 0.0400070 secs] [Times: user=0.23 sys=0.01, real=0.04 secs] 
2011-02-12T07:12:23.442+0000: 24832.761: [GC
Desired survivor size 20643840 bytes, new threshold 1 (max 15)
 [PSYoungGen: 2769920K->11200K(2775104K)] 5770816K->3012568K(8367552K), 0.0374830 secs] [Times: user=0.20 sys=0.03, real=0.04 secs] 
2011-02-12T07:12:29.320+0000: 24838.639: [GC
Desired survivor size 20971520 bytes, new threshold 1 (max 15)
 [PSYoungGen: 2765248K->14128K(2775360K)] 5766616K->3015920K(8367808K), 0.0377880 secs] [Times: user=0.22 sys=0.03, real=0.04 secs] 
2011-02-12T07:12:35.801+0000: 24845.120: [GC
Desired survivor size 22085632 bytes, new threshold 1 (max 15)
 [PSYoungGen: 2769328K->16688K(2771904K)] 5771120K->3019208K(8364352K), 0.0425080 secs] [Times: user=0.26 sys=0.02, real=0.04 secs] 
2011-02-12T07:12:42.262+0000: 24851.581: [GC
Desired survivor size 25296896 bytes, new threshold 1 (max 15)
 [PSYoungGen: 2771888K->21568K(2768320K)] 5774408K->3025372K(8360768K), 0.0490660 secs] [Times: user=0.26 sys=0.02, real=0.05 secs] 
2011-02-12T07:12:48.151+0000: 24857.470: [GC
Desired survivor size 25559040 bytes, new threshold 1 (max 15)
 [PSYoungGen: 2768320K->4288K(2751040K)] 5772124K->3008484K(8343488K), 0.0294040 secs] [Times: user=0.16 sys=0.02, real=0.03 secs] 
2011-02-12T07:12:54.296+0000: 24863.616: [GC
Desired survivor size 25034752 bytes, new threshold 1 (max 15)
 [PSYoungGen: 2751040K->7355K(2771712K)] 5755236K->3011992K(8364160K), 0.0318140 secs] [Times: user=0.18 sys=0.02, real=0.03 secs] 
2011-02-12T07:13:00.812+0000: 24870.131: [GC
Desired survivor size 28049408 bytes, new threshold 1 (max 15)
 [PSYoungGen: 2754107K->22834K(2769600K)] 5758744K->3027887K(8362048K), 0.0517470 secs] [Times: user=0.29 sys=0.02, real=0.05 secs] 
2011-02-12T07:13:06.171+0000: 24875.490: [GC
Desired survivor size 27262976 bytes, new threshold 1 (max 15)
 [PSYoungGen: 2769586K->8312K(2769472K)] 5774639K->3014175K(8361920K), 0.0354690 secs] [Times: user=0.18 sys=0.03, real=0.04 secs] 
2011-02-12T07:13:11.942+0000: 24881.262: [GC
Desired survivor size 26148864 bytes, new threshold 1 (max 15)
 [PSYoungGen: 2751224K->13152K(2769536K)] 5757087K->3019559K(8361984K), 0.0358970 secs] [Times: user=0.20 sys=0.01, real=0.03 secs] 
2011-02-12T07:13:18.881+0000: 24888.201: [GC
Desired survivor size 26476544 bytes, new threshold 1 (max 15)
 [PSYoungGen: 2756064K->2688K(2769984K)] 5762471K->3009511K(8362432K), 0.0256590 secs] [Times: user=0.15 sys=0.01, real=0.03 secs] 
2011-02-12T07:13:25.144+0000: 24894.463: [GC
Desired survivor size 25100288 bytes, new threshold 1 (max 15)
 [PSYoungGen: 2747136K->11616K(2770304K)] 5753959K->3018967K(8362752K), 0.0391310 secs] [Times: user=0.22 sys=0.02, real=0.03 secs] 
2011-02-12T07:13:30.268+0000: 24899.588: [GC
Desired survivor size 23789568 bytes, new threshold 1 (max 15)
 [PSYoungGen: 2756064K->11280K(2772928K)] 5763415K->3019067K(8365376K), 0.0383920 secs] [Times: user=0.22 sys=0.03, real=0.04 secs] 
2011-02-12T07:13:36.237+0000: 24905.557: [GC
Desired survivor size 23396352 bytes, new threshold 1 (max 15)
 [PSYoungGen: 2759696K->13488K(2771648K)] 5767483K->3021787K(8364096K), 0.0379470 secs] [Times: user=0.23 sys=0.02, real=0.04 secs] 
2011-02-12T07:13:43.065+0000: 24912.385: [GC
Desired survivor size 24117248 bytes, new threshold 1 (max 15)
 [PSYoungGen: 2761904K->16672K(2771904K)] 5770203K->3025619K(8364352K), 0.0420160 secs] [Times: user=0.26 sys=0.02, real=0.05 secs] 
2011-02-12T07:13:49.694+0000: 24919.013: [GC
Desired survivor size 23855104 bytes, new threshold 1 (max 15)
 [PSYoungGen: 2765728K->14428K(2772608K)] 5774675K->3023963K(8365056K), 0.0393620 secs] [Times: user=0.24 sys=0.02, real=0.04 secs] 
2011-02-12T07:13:55.363+0000: 24924.683: [GC
Desired survivor size 23330816 bytes, new threshold 1 (max 15)
 [PSYoungGen: 2763484K->8864K(2773376K)] 5773019K->3018839K(8365824K), 0.0365710 secs] [Times: user=0.18 sys=0.02, real=0.04 secs] 
2011-02-12T07:14:01.627+0000: 24930.947: [GC
Desired survivor size 24379392 bytes, new threshold 1 (max 15)
 [PSYoungGen: 2758944K->17666K(2767808K)] 5768919K->3028073K(8360256K), 0.0430160 secs] [Times: user=0.23 sys=0.02, real=0.05 secs] 
2011-02-12T07:14:07.202+0000: 24936.521: [GC
Desired survivor size 23265280 bytes, new threshold 1 (max 15)
 [PSYoungGen: 2767746K->12280K(2773440K)] 5778153K->3023318K(8365888K), 0.0395070 secs] [Times: user=0.23 sys=0.02, real=0.04 secs] 
2011-02-12T07:14:13.243+0000: 24942.563: [GC
Desired survivor size 22937600 bytes, new threshold 1 (max 15)
 [PSYoungGen: 2761912K->14368K(2772352K)] 5772950K->3025901K(8364800K), 0.0383980 secs] [Times: user=0.23 sys=0.02, real=0.04 secs] 
2011-02-12T07:14:19.193+0000: 24948.513: [GC
Desired survivor size 23920640 bytes, new threshold 1 (max 15)
 [PSYoungGen: 2764000K->17920K(2771840K)] 5775533K->3029877K(8364288K), 0.0404730 secs] [Times: user=0.25 sys=0.01, real=0.04 secs] 
2011-02-12T07:14:25.123+0000: 24954.442: [GC
Desired survivor size 24444928 bytes, new threshold 1 (max 15)
 [PSYoungGen: 2767360K->4256K(2753728K)] 5779317K->3016653K(8346176K), 0.0307080 secs] [Times: user=0.16 sys=0.02, real=0.03 secs] 
2011-02-12T07:14:31.373+0000: 24960.693: [GC
Desired survivor size 23592960 bytes, new threshold 1 (max 15)
 [PSYoungGen: 2753696K->10384K(2773120K)] 5766093K->3023239K(8365568K), 0.0366300 secs] [Times: user=0.19 sys=0.01, real=0.03 secs] 
2011-02-12T07:14:38.019+0000: 24967.338: [GC
Desired survivor size 23134208 bytes, new threshold 1 (max 15)
 [PSYoungGen: 2759632K->8400K(2772288K)] 5772487K->3021740K(8364736K), 0.0356970 secs] [Times: user=0.19 sys=0.02, real=0.04 secs] 
2011-02-12T07:14:43.941+0000: 24973.260: [GC
Desired survivor size 22675456 bytes, new threshold 1 (max 15)
 [PSYoungGen: 2757648K->8128K(2774016K)] 5770988K->3022146K(8366464K), 0.0323980 secs] [Times: user=0.19 sys=0.03, real=0.04 secs] 
2011-02-12T07:14:49.748+0000: 24979.068: [GC
Desired survivor size 22282240 bytes, new threshold 1 (max 15)
 [PSYoungGen: 2759552K->7232K(2773568K)] 5773570K->3021714K(8366016K), 0.0336950 secs] [Times: user=0.18 sys=0.03, real=0.03 secs] 
2011-02-12T07:14:56.662+0000: 24985.982: [GC
Desired survivor size 21692416 bytes, new threshold 1 (max 15)
 [PSYoungGen: 2758656K->8256K(2774976K)] 5773138K->3023161K(8367424K), 0.0357630 secs] [Times: user=0.18 sys=0.01, real=0.04 secs] 
2011-02-12T07:15:02.649+0000: 24991.968: [GC
Desired survivor size 22609920 bytes, new threshold 1 (max 15)
 [PSYoungGen: 2761472K->16017K(2769280K)] 5776377K->3031418K(8361728K), 0.0416710 secs] [Times: user=0.22 sys=0.02, real=0.04 secs] 
2011-02-12T07:15:08.257+0000: 24997.576: [GC
Desired survivor size 22675456 bytes, new threshold 1 (max 15)
 [PSYoungGen: 2769233K->4736K(2773952K)] 5784634K->3020814K(8366400K), 0.0307780 secs] [Times: user=0.15 sys=0.02, real=0.03 secs] 
2011-02-12T07:15:14.457+0000: 25003.777: [GC
Desired survivor size 21561344 bytes, new threshold 1 (max 15)
 [PSYoungGen: 2756608K->10880K(2774016K)] 5772686K->3027362K(8366464K), 0.0362660 secs] [Times: user=0.22 sys=0.03, real=0.04 secs] 
2011-02-12T07:15:20.956+0000: 25010.276: [GC
Desired survivor size 21233664 bytes, new threshold 1 (max 15)
 [PSYoungGen: 2762752K->6272K(2775424K)] 5779234K->3023219K(8367872K), 0.0328300 secs] [Times: user=0.16 sys=0.01, real=0.04 secs] 
2011-02-12T07:15:26.267+0000: 25015.587: [GC
Desired survivor size 20709376 bytes, new threshold 1 (max 15)
 [PSYoungGen: 2760640K->11628K(2775104K)] 5777587K->3029039K(8367552K), 0.0377060 secs] [Times: user=0.20 sys=0.01, real=0.04 secs] 
2011-02-12T07:15:32.494+0000: 25021.814: [GC
Desired survivor size 21037056 bytes, new threshold 1 (max 15)
 [PSYoungGen: 2765996K->13734K(2775296K)] 5783407K->3031674K(8367744K), 0.0362860 secs] [Times: user=0.22 sys=0.01, real=0.04 secs] 
2011-02-12T07:15:39.265+0000: 25028.585: [GC
Desired survivor size 20119552 bytes, new threshold 1 (max 15)
 [PSYoungGen: 2768806K->9952K(2775616K)] 5786746K->3028584K(8368064K), 0.0356240 secs] [Times: user=0.20 sys=0.01, real=0.04 secs] 
2011-02-12T07:15:45.780+0000: 25035.100: [GC
Desired survivor size 20119552 bytes, new threshold 1 (max 15)
 [PSYoungGen: 2765024K->5344K(2776512K)] 5783656K->3024472K(8368960K), 0.0317510 secs] [Times: user=0.17 sys=0.02, real=0.04 secs] 
2011-02-12T07:15:53.281+0000: 25042.600: [GC
Desired survivor size 19857408 bytes, new threshold 1 (max 15)
 [PSYoungGen: 2762208K->11968K(2776512K)] 5781336K->3031564K(8368960K), 0.0371600 secs] [Times: user=0.21 sys=0.01, real=0.04 secs] 
2011-02-12T07:15:59.558+0000: 25048.877: [GC
Desired survivor size 20119552 bytes, new threshold 1 (max 15)
 [PSYoungGen: 2768832K->3456K(2776256K)] 5788428K->3023512K(8368704K), 0.0269040 secs] [Times: user=0.14 sys=0.02, real=0.03 secs] 
2011-02-12T07:16:05.691+0000: 25055.011: [GC
Desired survivor size 19333120 bytes, new threshold 1 (max 15)
 [PSYoungGen: 2760320K->8346K(2776512K)] 5780376K->3028838K(8368960K), 0.0346740 secs] [Times: user=0.17 sys=0.02, real=0.04 secs] 
2011-02-12T07:16:12.091+0000: 25061.411: [GC
Desired survivor size 18481152 bytes, new threshold 1 (max 15)
 [PSYoungGen: 2765210K->8528K(2778112K)] 5785702K->3029710K(8370560K), 0.0356740 secs] [Times: user=0.18 sys=0.02, real=0.04 secs] 
2011-02-12T07:16:18.466+0000: 25067.786: [GC
Desired survivor size 20905984 bytes, new threshold 1 (max 15)
 [PSYoungGen: 2767760K->17984K(2777216K)] 5788942K->3039790K(8369664K), 0.0450350 secs] [Times: user=0.25 sys=0.02, real=0.04 secs] 
2011-02-12T07:16:24.472+0000: 25073.792: [GC
Desired survivor size 20709376 bytes, new threshold 1 (max 15)
 [PSYoungGen: 2777216K->12544K(2774656K)] 5799022K->3034798K(8367104K), 0.0384460 secs] [Times: user=0.24 sys=0.02, real=0.04 secs] 
2011-02-12T07:16:31.186+0000: 25080.506: [GC
Desired survivor size 21757952 bytes, new threshold 1 (max 15)
 [PSYoungGen: 2768256K->15883K(2771648K)] 5790510K->3038493K(8364096K), 0.0427330 secs] [Times: user=0.24 sys=0.01, real=0.04 secs] 
2011-02-12T07:16:37.851+0000: 25087.170: [GC
Desired survivor size 21233664 bytes, new threshold 1 (max 15)
 [PSYoungGen: 2771595K->8000K(2775424K)] 5794205K->3031210K(8367872K), 0.0344620 secs] [Times: user=0.19 sys=0.02, real=0.03 secs] 
2011-02-12T07:16:43.823+0000: 25093.143: [GC
Desired survivor size 20578304 bytes, new threshold 1 (max 15)
 [PSYoungGen: 2762176K->8672K(2774912K)] 5785386K->3032562K(8367360K), 0.0349950 secs] [Times: user=0.19 sys=0.02, real=0.04 secs] 
2011-02-12T07:16:50.194+0000: 25099.513: [GC
Desired survivor size 22151168 bytes, new threshold 1 (max 15)
 [PSYoungGen: 2762848K->17216K(2772992K)] 5786738K->3041530K(8365440K), 0.0446960 secs] [Times: user=0.23 sys=0.01, real=0.05 secs] 
2011-02-12T07:16:56.850+0000: 25106.170: [GC
Desired survivor size 21561344 bytes, new threshold 1 (max 15)
 [PSYoungGen: 2770112K->8224K(2774528K)] 5794426K->3032962K(8366976K), 0.0349190 secs] [Times: user=0.20 sys=0.02, real=0.03 secs] 
2011-02-12T07:17:03.172+0000: 25112.492: [GC
Desired survivor size 21430272 bytes, new threshold 1 (max 15)
 [PSYoungGen: 2761120K->13274K(2775232K)] 5785858K->3038428K(8367680K), 0.0412870 secs] [Times: user=0.23 sys=0.03, real=0.04 secs] 
2011-02-12T07:17:09.072+0000: 25118.392: [GC
Desired survivor size 20709376 bytes, new threshold 1 (max 15)
 [PSYoungGen: 2767450K->9472K(2775104K)] 5792604K->3035300K(8367552K), 0.0352730 secs] [Times: user=0.20 sys=0.02, real=0.03 secs] 
2011-02-12T07:17:15.702+0000: 25125.022: [GC
Desired survivor size 20905984 bytes, new threshold 1 (max 15)
 [PSYoungGen: 2763648K->4544K(2775552K)] 5789476K->3030848K(8368000K), 0.0290420 secs] [Times: user=0.16 sys=0.01, real=0.02 secs] 
2011-02-12T07:17:22.417+0000: 25131.737: [GC
Desired survivor size 21037056 bytes, new threshold 1 (max 15)
 [PSYoungGen: 2759872K->3680K(2759040K)] 5786176K->3030424K(8351488K), 0.0305930 secs] [Times: user=0.16 sys=0.02, real=0.03 secs] 
2011-02-12T07:17:29.065+0000: 25138.385: [GC
Desired survivor size 22020096 bytes, new threshold 1 (max 15)
 [PSYoungGen: 2759008K->15200K(2773696K)] 5785752K->3042408K(8366144K), 0.0396750 secs] [Times: user=0.24 sys=0.01, real=0.04 secs] 
2011-02-12T07:17:35.710+0000: 25145.030: [GC
Desired survivor size 21823488 bytes, new threshold 1 (max 15)
 [PSYoungGen: 2768352K->12720K(2774656K)] 5795560K->3040569K(8367104K), 0.0380610 secs] [Times: user=0.23 sys=0.01, real=0.04 secs] 
2011-02-12T07:17:41.866+0000: 25151.186: [GC
Desired survivor size 22806528 bytes, new threshold 1 (max 15)
 [PSYoungGen: 2765872K->15904K(2772928K)] 5793721K->3044410K(8365376K), 0.0430780 secs] [Times: user=0.23 sys=0.03, real=0.04 secs] 
2011-02-12T07:17:48.667+0000: 25157.986: [GC
Desired survivor size 22937600 bytes, new threshold 1 (max 15)
 [PSYoungGen: 2767520K->3488K(2755136K)] 5796026K->3032406K(8347584K), 0.0281710 secs] [Times: user=0.15 sys=0.03, real=0.02 secs] 
2011-02-12T07:17:54.920+0000: 25164.240: [GC
Desired survivor size 22282240 bytes, new threshold 1 (max 15)
 [PSYoungGen: 2755104K->6912K(2774400K)] 5784022K->3036362K(8366848K), 0.0344790 secs] [Times: user=0.16 sys=0.02, real=0.03 secs] 
2011-02-12T07:18:01.339+0000: 25170.659: [GC
Desired survivor size 22806528 bytes, new threshold 1 (max 15)
 [PSYoungGen: 2758912K->14434K(2773760K)] 5788362K->3044256K(8366208K), 0.0422450 secs] [Times: user=0.23 sys=0.02, real=0.04 secs] 
2011-02-12T07:18:07.508+0000: 25176.827: [GC
Desired survivor size 21757952 bytes, new threshold 1 (max 15)
 [PSYoungGen: 2766434K->10840K(2774912K)] 5796256K->3041328K(8367360K), 0.0346310 secs] [Times: user=0.20 sys=0.01, real=0.04 secs] 
2011-02-12T07:18:13.910+0000: 25183.230: [GC
Desired survivor size 21495808 bytes, new threshold 1 (max 15)
 [PSYoungGen: 2763480K->12672K(2773888K)] 5793968K->3043660K(8366336K), 0.0405500 secs] [Times: user=0.21 sys=0.01, real=0.04 secs] 
2011-02-12T07:18:19.594+0000: 25188.913: [GC
Desired survivor size 22937600 bytes, new threshold 1 (max 15)
 [PSYoungGen: 2765312K->17312K(2772352K)] 5796300K->3048756K(8364800K), 0.0441830 secs] [Times: user=0.27 sys=0.03, real=0.04 secs] 
2011-02-12T07:18:26.359+0000: 25195.679: [GC
Desired survivor size 25624576 bytes, new threshold 1 (max 15)
 [PSYoungGen: 2768672K->21389K(2772800K)] 5800116K->3053254K(8365248K), 0.0484720 secs] [Times: user=0.26 sys=0.03, real=0.05 secs] 
2011-02-12T07:18:32.635+0000: 25201.954: [GC
Desired survivor size 27000832 bytes, new threshold 1 (max 15)
 [PSYoungGen: 2772749K->19312K(2766784K)] 5804614K->3051862K(8359232K), 0.0453000 secs] [Times: user=0.26 sys=0.02, real=0.04 secs] 
2011-02-12T07:18:38.450+0000: 25207.770: [GC
Desired survivor size 29163520 bytes, new threshold 1 (max 15)
 [PSYoungGen: 2762736K->22272K(2765760K)] 5795286K->3055414K(8358208K), 0.0472100 secs] [Times: user=0.29 sys=0.04, real=0.05 secs] 
2011-02-12T07:18:45.045+0000: 25214.364: [GC
Desired survivor size 28049408 bytes, new threshold 1 (max 15)
 [PSYoungGen: 2765696K->11776K(2768768K)] 5798838K->3045502K(8361216K), 0.0384100 secs] [Times: user=0.22 sys=0.03, real=0.04 secs] 
2011-02-12T07:18:51.319+0000: 25220.638: [GC
Desired survivor size 28246016 bytes, new threshold 1 (max 15)
 [PSYoungGen: 2752064K->4640K(2767680K)] 5785790K->3038930K(8360128K), 0.0291970 secs] [Times: user=0.15 sys=0.01, real=0.03 secs] 
2011-02-12T07:18:57.536+0000: 25226.856: [GC
Desired survivor size 27459584 bytes, new threshold 1 (max 15)
 [PSYoungGen: 2744928K->8529K(2769344K)] 5779218K->3043274K(8361792K), 0.0333490 secs] [Times: user=0.19 sys=0.03, real=0.03 secs] 
2011-02-12T07:19:03.674+0000: 25232.994: [GC
Desired survivor size 26214400 bytes, new threshold 1 (max 15)
 [PSYoungGen: 2750289K->11258K(2768576K)] 5785034K->3046459K(8361024K), 0.0366650 secs] [Times: user=0.21 sys=0.03, real=0.04 secs] 
2011-02-12T07:19:09.861+0000: 25239.181: [GC
Desired survivor size 24903680 bytes, new threshold 1 (max 15)
 [PSYoungGen: 2753018K->12480K(2771840K)] 5788219K->3048347K(8364288K), 0.0392500 secs] [Times: user=0.23 sys=0.02, real=0.04 secs] 
2011-02-12T07:19:15.899+0000: 25245.218: [GC
Desired survivor size 23920640 bytes, new threshold 1 (max 15)
 [PSYoungGen: 2758720K->13024K(2770560K)] 5794587K->3049347K(8363008K), 0.0448120 secs] [Times: user=0.21 sys=0.01, real=0.04 secs] 
2011-02-12T07:19:22.512+0000: 25251.831: [GC
Desired survivor size 23920640 bytes, new threshold 1 (max 15)
 [PSYoungGen: 2759264K->15200K(2772800K)] 5795587K->3051919K(8365248K), 0.0431860 secs] [Times: user=0.23 sys=0.01, real=0.04 secs] 
2011-02-12T07:19:28.997+0000: 25258.317: [GC
Desired survivor size 23592960 bytes, new threshold 1 (max 15)
 [PSYoungGen: 2764640K->8080K(2772800K)] 5801359K->3045259K(8365248K), 0.0364340 secs] [Times: user=0.17 sys=0.03, real=0.04 secs] 
2011-02-12T07:19:35.207+0000: 25264.526: [GC
Desired survivor size 22544384 bytes, new threshold 1 (max 15)
 [PSYoungGen: 2757520K->12272K(2774144K)] 5794699K->3049923K(8366592K), 0.0408490 secs] [Times: user=0.19 sys=0.01, real=0.04 secs] 
2011-02-12T07:19:41.931+0000: 25271.250: [GC
Desired survivor size 22347776 bytes, new threshold 1 (max 15)
 [PSYoungGen: 2763376K->7296K(2773120K)] 5801027K->3045535K(8365568K), 0.0348570 secs] [Times: user=0.19 sys=0.02, real=0.03 secs] 
2011-02-12T07:19:48.599+0000: 25277.919: [GC
Desired survivor size 22347776 bytes, new threshold 1 (max 15)
 [PSYoungGen: 2758400K->5856K(2774336K)] 5796639K->3044711K(8366784K), 0.0298180 secs] [Times: user=0.16 sys=0.02, real=0.03 secs] 
2011-02-12T07:19:54.527+0000: 25283.847: [GC
Desired survivor size 22151168 bytes, new threshold 1 (max 15)
 [PSYoungGen: 2758368K->5920K(2774336K)] 5797223K->3045239K(8366784K), 0.0317780 secs] [Times: user=0.16 sys=0.01, real=0.03 secs] 
2011-02-12T07:20:01.132+0000: 25290.452: [GC
Desired survivor size 25493504 bytes, new threshold 1 (max 15)
 [PSYoungGen: 2758432K->21614K(2768000K)] 5797751K->3061614K(8360448K), 0.0487280 secs] [Times: user=0.30 sys=0.03, real=0.04 secs] 
2011-02-12T07:20:07.016+0000: 25296.335: [GC
Desired survivor size 25755648 bytes, new threshold 1 (max 15)
 [PSYoungGen: 2767982K->15960K(2762368K)] 5807982K->3056702K(8354816K), 0.0422180 secs] [Times: user=0.26 sys=0.02, real=0.04 secs] 
2011-02-12T07:20:13.082+0000: 25302.402: [GC
Desired survivor size 24969216 bytes, new threshold 1 (max 15)
 [PSYoungGen: 2762328K->9068K(2771776K)] 5803070K->3050278K(8364224K), 0.0319320 secs] [Times: user=0.18 sys=0.00, real=0.04 secs] 
2011-02-12T07:20:19.696+0000: 25309.016: [GC
Desired survivor size 24051712 bytes, new threshold 1 (max 15)
 [PSYoungGen: 2755692K->12960K(2771008K)] 5796902K->3054574K(8363456K), 0.0394200 secs] [Times: user=0.23 sys=0.02, real=0.04 secs] 
2011-02-12T07:20:25.964+0000: 25315.284: [GC
Desired survivor size 24444928 bytes, new threshold 1 (max 15)
 [PSYoungGen: 2759584K->3232K(2771904K)] 5801198K->3045262K(8364352K), 0.0249330 secs] [Times: user=0.15 sys=0.00, real=0.03 secs] 
2011-02-12T07:20:31.982+0000: 25321.302: [GC
Desired survivor size 24051712 bytes, new threshold 1 (max 15)
 [PSYoungGen: 2751648K->5968K(2772288K)] 5793678K->3048423K(8364736K), 0.0317310 secs] [Times: user=0.16 sys=0.02, real=0.03 secs] 
2011-02-12T07:20:38.603+0000: 25327.923: [GC
Desired survivor size 25165824 bytes, new threshold 1 (max 15)
 [PSYoungGen: 2754384K->17072K(2770496K)] 5796839K->3059960K(8362944K), 0.0431200 secs] [Times: user=0.27 sys=0.02, real=0.05 secs] 
2011-02-12T07:20:45.614+0000: 25334.934: [GC
Desired survivor size 25296896 bytes, new threshold 1 (max 15)
 [PSYoungGen: 2764080K->2704K(2749760K)] 5806968K->3046232K(8342208K), 0.0256220 secs] [Times: user=0.14 sys=0.01, real=0.03 secs] 
2011-02-12T07:20:51.653+0000: 25340.973: [GC
Desired survivor size 24707072 bytes, new threshold 1 (max 15)
 [PSYoungGen: 2749712K->5216K(2772032K)] 5793240K->3049288K(8364480K), 0.0293590 secs] [Times: user=0.17 sys=0.01, real=0.03 secs] 
2011-02-12T07:20:58.605+0000: 25347.924: [GC
Desired survivor size 24051712 bytes, new threshold 1 (max 15)
 [PSYoungGen: 2752544K->5376K(2771456K)] 5796616K->3049900K(8363904K), 0.0304330 secs] [Times: user=0.16 sys=0.01, real=0.03 secs] 
2011-02-12T07:21:04.467+0000: 25353.787: [GC
Desired survivor size 23461888 bytes, new threshold 1 (max 15)
 [PSYoungGen: 2752704K->4522K(2773248K)] 5797228K->3049506K(8365696K), 0.0284020 secs] [Times: user=0.16 sys=0.02, real=0.03 secs] 
2011-02-12T07:21:10.924+0000: 25360.243: [GC
Desired survivor size 22151168 bytes, new threshold 1 (max 15)
 [PSYoungGen: 2754282K->9184K(2772672K)] 5799266K->3054882K(8365120K), 0.0368170 secs] [Times: user=0.18 sys=0.02, real=0.04 secs] 
2011-02-12T07:21:17.181+0000: 25366.501: [GC
Desired survivor size 21364736 bytes, new threshold 1 (max 15)
 [PSYoungGen: 2758944K->5824K(2775296K)] 5804642K->3052018K(8367744K), 0.0323290 secs] [Times: user=0.16 sys=0.01, real=0.04 secs] 
2011-02-12T07:21:24.402+0000: 25373.721: [GC
Desired survivor size 22282240 bytes, new threshold 1 (max 15)
 [PSYoungGen: 2759488K->14272K(2767936K)] 5805682K->3060910K(8360384K), 0.0379130 secs] [Times: user=0.22 sys=0.01, real=0.04 secs] 
2011-02-12T07:21:30.337+0000: 25379.656: [GC
Desired survivor size 22872064 bytes, new threshold 1 (max 15)
 [PSYoungGen: 2767936K->14128K(2773248K)] 5814574K->3061210K(8365696K), 0.0403240 secs] [Times: user=0.24 sys=0.02, real=0.04 secs] 
2011-02-12T07:21:36.461+0000: 25385.781: [GC
Desired survivor size 23134208 bytes, new threshold 1 (max 15)
 [PSYoungGen: 2765616K->13872K(2765376K)] 5812698K->3061434K(8357824K), 0.0395480 secs] [Times: user=0.23 sys=0.01, real=0.04 secs] 
2011-02-12T07:21:43.294+0000: 25392.614: [GC
Desired survivor size 22478848 bytes, new threshold 1 (max 15)
 [PSYoungGen: 2765360K->11792K(2774208K)] 5812922K->3060038K(8366656K), 0.0370850 secs] [Times: user=0.22 sys=0.02, real=0.04 secs] 
2011-02-12T07:21:49.829+0000: 25399.149: [GC
Desired survivor size 21561344 bytes, new threshold 1 (max 15)
 [PSYoungGen: 2763408K->8800K(2773568K)] 5811654K->3057562K(8366016K), 0.0346890 secs] [Times: user=0.20 sys=0.02, real=0.03 secs] 
2011-02-12T07:21:55.684+0000: 25405.004: [GC
Desired survivor size 21954560 bytes, new threshold 1 (max 15)
 [PSYoungGen: 2760416K->14080K(2774336K)] 5809178K->3063282K(8366784K), 0.0382920 secs] [Times: user=0.20 sys=0.02, real=0.04 secs] 
2011-02-12T07:22:02.024+0000: 25411.343: [GC
Desired survivor size 21757952 bytes, new threshold 1 (max 15)
 [PSYoungGen: 2767360K->12920K(2774720K)] 5816562K->3062491K(8367168K), 0.0393240 secs] [Times: user=0.22 sys=0.02, real=0.04 secs] 
2011-02-12T07:22:08.252+0000: 25417.572: [GC
Desired survivor size 22675456 bytes, new threshold 1 (max 15)
 [PSYoungGen: 2766200K->16080K(2773120K)] 5815771K->3066293K(8365568K), 0.0442990 secs] [Times: user=0.25 sys=0.02, real=0.04 secs] 
2011-02-12T07:22:14.628+0000: 25423.948: [GC
Desired survivor size 22544384 bytes, new threshold 1 (max 15)
 [PSYoungGen: 2767952K->5688K(2774016K)] 5818165K->3056541K(8366464K), 0.0309620 secs] [Times: user=0.17 sys=0.01, real=0.04 secs] 
2011-02-12T07:22:20.385+0000: 25429.705: [GC
Desired survivor size 22872064 bytes, new threshold 1 (max 15)
 [PSYoungGen: 2757560K->2400K(2773504K)] 5808413K->3053828K(8365952K), 0.0252680 secs] [Times: user=0.14 sys=0.02, real=0.03 secs] 
2011-02-12T07:22:26.785+0000: 25436.105: [GC
Desired survivor size 22020096 bytes, new threshold 1 (max 15)
 [PSYoungGen: 2753888K->10975K(2773824K)] 5805316K->3062784K(8366272K), 0.0373020 secs] [Times: user=0.20 sys=0.03, real=0.04 secs] 
2011-02-12T07:22:33.576+0000: 25442.895: [GC
Desired survivor size 24248320 bytes, new threshold 1 (max 15)
 [PSYoungGen: 2762463K->19136K(2770304K)] 5814272K->3071379K(8362752K), 0.0448060 secs] [Times: user=0.27 sys=0.02, real=0.05 secs] 
2011-02-12T07:22:39.115+0000: 25448.435: [GC
Desired survivor size 23265280 bytes, new threshold 1 (max 15)
 [PSYoungGen: 2767936K->11632K(2772480K)] 5820179K->3064586K(8364928K), 0.0378400 secs] [Times: user=0.20 sys=0.02, real=0.04 secs] 
2011-02-12T07:22:45.971+0000: 25455.291: [GC
Desired survivor size 22872064 bytes, new threshold 1 (max 15)
 [PSYoungGen: 2760432K->13136K(2773824K)] 5813386K->3066522K(8366272K), 0.0380410 secs] [Times: user=0.23 sys=0.01, real=0.04 secs] 
2011-02-12T07:22:52.886+0000: 25462.206: [GC
Desired survivor size 22413312 bytes, new threshold 1 (max 15)
 [PSYoungGen: 2764240K->13008K(2773440K)] 5817626K->3066962K(8365888K), 0.0387020 secs] [Times: user=0.23 sys=0.00, real=0.04 secs] 
2011-02-12T07:22:59.558+0000: 25468.877: [GC
Desired survivor size 21823488 bytes, new threshold 1 (max 15)
 [PSYoungGen: 2764112K->8416K(2774848K)] 5818066K->3062834K(8367296K), 0.0362760 secs] [Times: user=0.19 sys=0.02, real=0.04 secs] 
2011-02-12T07:23:05.545+0000: 25474.865: [GC
Desired survivor size 21364736 bytes, new threshold 1 (max 15)
 [PSYoungGen: 2761373K->7802K(2774272K)] 5815792K->3062653K(8366720K), 0.0348360 secs] [Times: user=0.18 sys=0.02, real=0.03 secs] 
2011-02-12T07:23:12.157+0000: 25481.477: [GC
Desired survivor size 21364736 bytes, new threshold 1 (max 15)
 [PSYoungGen: 2760762K->4960K(2775296K)] 5815613K->3060505K(8367744K), 0.0307740 secs] [Times: user=0.15 sys=0.02, real=0.03 secs] 
2011-02-12T07:23:18.278+0000: 25487.597: [GC
Desired survivor size 20840448 bytes, new threshold 1 (max 15)
 [PSYoungGen: 2759392K->6720K(2775296K)] 5814937K->3062670K(8367744K), 0.0318390 secs] [Times: user=0.18 sys=0.02, real=0.03 secs] 
2011-02-12T07:23:24.668+0000: 25493.988: [GC
Desired survivor size 21889024 bytes, new threshold 1 (max 15)
 [PSYoungGen: 2761152K->15424K(2773760K)] 5817102K->3071814K(8366208K), 0.0413610 secs] [Times: user=0.25 sys=0.02, real=0.04 secs] 
2011-02-12T07:23:31.298+0000: 25500.618: [GC
Desired survivor size 21233664 bytes, new threshold 1 (max 15)
 [PSYoungGen: 2768832K->11568K(2774784K)] 5825222K->3068414K(8367232K), 0.0374010 secs] [Times: user=0.20 sys=0.01, real=0.03 secs] 
2011-02-12T07:23:37.476+0000: 25506.795: [GC
Desired survivor size 21102592 bytes, new threshold 1 (max 15)
 [PSYoungGen: 2764976K->12912K(2775552K)] 5821822K->3070282K(8368000K), 0.0381340 secs] [Times: user=0.21 sys=0.03, real=0.04 secs] 
2011-02-12T07:23:44.510+0000: 25513.830: [GC
Desired survivor size 21102592 bytes, new threshold 1 (max 15)
 [PSYoungGen: 2767728K->4864K(2775424K)] 5825098K->3062934K(8367872K), 0.0294710 secs] [Times: user=0.16 sys=0.02, real=0.03 secs] 
2011-02-12T07:23:50.918+0000: 25520.237: [GC
Desired survivor size 20185088 bytes, new threshold 1 (max 15)
 [PSYoungGen: 2759680K->9312K(2776448K)] 5817750K->3067902K(8368896K), 0.0352000 secs] [Times: user=0.20 sys=0.02, real=0.04 secs] 
2011-02-12T07:23:56.972+0000: 25526.291: [GC
Desired survivor size 21037056 bytes, new threshold 1 (max 15)
 [PSYoungGen: 2765152K->14880K(2775552K)] 5823742K->3073922K(8368000K), 0.0399600 secs] [Times: user=0.25 sys=0.03, real=0.04 secs] 
2011-02-12T07:24:03.292+0000: 25532.611: [GC
Desired survivor size 20578304 bytes, new threshold 1 (max 15)
 [PSYoungGen: 2770720K->7322K(2776064K)] 5829762K->3066773K(8368512K), 0.0349570 secs] [Times: user=0.18 sys=0.03, real=0.03 secs] 
2011-02-12T07:24:10.326+0000: 25539.646: [GC
Desired survivor size 20185088 bytes, new threshold 1 (max 15)
 [PSYoungGen: 2762842K->6656K(2775616K)] 5822293K->3066845K(8368064K), 0.0337140 secs] [Times: user=0.16 sys=0.02, real=0.03 secs] 
2011-02-12T07:24:16.889+0000: 25546.209: [GC
Desired survivor size 21954560 bytes, new threshold 1 (max 15)
 [PSYoungGen: 2762176K->17216K(2772992K)] 5822365K->3077889K(8365440K), 0.0467340 secs] [Times: user=0.25 sys=0.02, real=0.05 secs] 
2011-02-12T07:24:23.182+0000: 25552.502: [GC
Desired survivor size 21430272 bytes, new threshold 1 (max 15)
 [PSYoungGen: 2770496K->7264K(2774720K)] 5831169K->3068437K(8367168K), 0.0335180 secs] [Times: user=0.18 sys=0.02, real=0.04 secs] 
2011-02-12T07:24:29.912+0000: 25559.232: [GC
Desired survivor size 21561344 bytes, new threshold 1 (max 15)
 [PSYoungGen: 2760544K->3328K(2774976K)] 5821717K->3064941K(8367424K), 0.0260110 secs] [Times: user=0.17 sys=0.00, real=0.03 secs] 
2011-02-12T07:24:36.053+0000: 25565.373: [GC
Desired survivor size 22806528 bytes, new threshold 1 (max 15)
 [PSYoungGen: 2757376K->15984K(2770048K)] 5818989K->3078225K(8362496K), 0.0421230 secs] [Times: user=0.22 sys=0.02, real=0.05 secs] 
2011-02-12T07:24:42.318+0000: 25571.638: [GC
Desired survivor size 22937600 bytes, new threshold 1 (max 15)
 [PSYoungGen: 2770032K->13792K(2773632K)] 5832273K->3076713K(8366080K), 0.0413820 secs] [Times: user=0.23 sys=0.02, real=0.04 secs] 
2011-02-12T07:24:48.088+0000: 25577.407: [GC
Desired survivor size 21757952 bytes, new threshold 1 (max 15)
 [PSYoungGen: 2765152K->10720K(2773760K)] 5828073K->3074193K(8366208K), 0.0362480 secs] [Times: user=0.21 sys=0.02, real=0.03 secs] 
2011-02-12T07:24:54.313+0000: 25583.633: [GC
Desired survivor size 22675456 bytes, new threshold 1 (max 15)
 [PSYoungGen: 2762080K->15872K(2773120K)] 5825553K->3079781K(8365568K), 0.0434720 secs] [Times: user=0.24 sys=0.01, real=0.04 secs] 
2011-02-12T07:25:00.578+0000: 25589.898: [GC
Desired survivor size 25952256 bytes, new threshold 1 (max 15)
 [PSYoungGen: 2767744K->22114K(2774016K)] 5831653K->3086523K(8366464K), 0.0484460 secs] [Times: user=0.26 sys=0.02, real=0.05 secs] 
2011-02-12T07:25:05.895+0000: 25595.215: [GC
Desired survivor size 26476544 bytes, new threshold 1 (max 15)
 [PSYoungGen: 2773986K->17304K(2766592K)] 5838395K->3082315K(8359040K), 0.0415680 secs] [Times: user=0.26 sys=0.01, real=0.04 secs] 
2011-02-12T07:25:11.878+0000: 25601.198: [GC
Desired survivor size 25755648 bytes, new threshold 1 (max 15)
 [PSYoungGen: 2761752K->9312K(2770304K)] 5826763K->3074763K(8362752K), 0.0363480 secs] [Times: user=0.21 sys=0.01, real=0.04 secs] 
2011-02-12T07:25:18.122+0000: 25607.441: [GC
Desired survivor size 25231360 bytes, new threshold 1 (max 15)
 [PSYoungGen: 2753760K->14432K(2771520K)] 5819211K->3080295K(8363968K), 0.0397940 secs] [Times: user=0.24 sys=0.04, real=0.04 secs] 
2011-02-12T07:25:24.334+0000: 25613.654: [GC
Desired survivor size 25362432 bytes, new threshold 1 (max 15)
 [PSYoungGen: 2760800K->4928K(2771008K)] 5826663K->3071227K(8363456K), 0.0295030 secs] [Times: user=0.15 sys=0.02, real=0.03 secs] 
2011-02-12T07:25:30.659+0000: 25619.979: [GC
Desired survivor size 24444928 bytes, new threshold 1 (max 15)
 [PSYoungGen: 2751296K->9488K(2772288K)] 5817595K->3076179K(8364736K), 0.0354190 secs] [Times: user=0.20 sys=0.02, real=0.04 secs] 
2011-02-12T07:25:37.607+0000: 25626.926: [GC
Desired survivor size 23396352 bytes, new threshold 1 (max 15)
 [PSYoungGen: 2757008K->10448K(2771392K)] 5823699K->3077635K(8363840K), 0.0353950 secs] [Times: user=0.21 sys=0.02, real=0.03 secs] 
2011-02-12T07:25:44.495+0000: 25633.815: [GC
Desired survivor size 22544384 bytes, new threshold 1 (max 15)
 [PSYoungGen: 2757968K->9760K(2774144K)] 5825155K->3077697K(8366592K), 0.0362540 secs] [Times: user=0.19 sys=0.02, real=0.03 secs] 
2011-02-12T07:25:50.765+0000: 25640.085: [GC
Desired survivor size 26148864 bytes, new threshold 1 (max 15)
 [PSYoungGen: 2761056K->22016K(2773312K)] 5828993K->3091760K(8365760K), 0.0468470 secs] [Times: user=0.29 sys=0.02, real=0.04 secs] 
2011-02-12T07:25:57.291+0000: 25646.610: [GC
Desired survivor size 25427968 bytes, new threshold 1 (max 15)
 [PSYoungGen: 2773312K->9344K(2769344K)] 5843056K->3079552K(8361792K), 0.0343070 secs] [Times: user=0.21 sys=0.02, real=0.04 secs] 
2011-02-12T07:26:03.420+0000: 25652.740: [GC
Desired survivor size 26083328 bytes, new threshold 1 (max 15)
 [PSYoungGen: 2755840K->17466K(2763968K)] 5826048K->3088126K(8356416K), 0.0445620 secs] [Times: user=0.28 sys=0.02, real=0.04 secs] 
2011-02-12T07:26:09.104+0000: 25658.423: [GC
Desired survivor size 26345472 bytes, new threshold 1 (max 15)
 [PSYoungGen: 2763962K->16864K(2770176K)] 5834622K->3088258K(8362624K), 0.0449320 secs] [Times: user=0.26 sys=0.02, real=0.05 secs] 
2011-02-12T07:26:15.490+0000: 25664.810: [GC
Desired survivor size 26345472 bytes, new threshold 1 (max 15)
 [PSYoungGen: 2761568K->5696K(2770432K)] 5832962K->3077522K(8362880K), 0.0316220 secs] [Times: user=0.16 sys=0.03, real=0.03 secs] 
2011-02-12T07:26:21.419+0000: 25670.739: [GC
Desired survivor size 26279936 bytes, new threshold 1 (max 15)
 [PSYoungGen: 2750400K->5312K(2770496K)] 5822226K->3077530K(8362944K), 0.0303150 secs] [Times: user=0.17 sys=0.02, real=0.03 secs] 
2011-02-12T07:26:27.308+0000: 25676.628: [GC
Desired survivor size 25427968 bytes, new threshold 1 (max 15)
 [PSYoungGen: 2750080K->8492K(2770432K)] 5822298K->3081142K(8362880K), 0.0350690 secs] [Times: user=0.17 sys=0.03, real=0.04 secs] 
2011-02-12T07:26:32.598+0000: 25681.918: [GC
Desired survivor size 24838144 bytes, new threshold 1 (max 15)
 [PSYoungGen: 2753260K->13504K(2771904K)] 5825910K->3086670K(8364352K), 0.0395920 secs] [Times: user=0.24 sys=0.02, real=0.04 secs] 
2011-02-12T07:26:38.464+0000: 25687.783: [GC
Desired survivor size 25690112 bytes, new threshold 1 (max 15)
 [PSYoungGen: 2760576K->17280K(2764416K)] 5833742K->3090994K(8356864K), 0.0433720 secs] [Times: user=0.24 sys=0.01, real=0.04 secs] 
2011-02-12T07:26:44.797+0000: 25694.117: [GC
Desired survivor size 25362432 bytes, new threshold 1 (max 15)
 [PSYoungGen: 2764352K->6336K(2771392K)] 5838066K->3080694K(8363840K), 0.0332600 secs] [Times: user=0.18 sys=0.01, real=0.03 secs] 
2011-02-12T07:26:51.469+0000: 25700.789: [GC
Desired survivor size 26804224 bytes, new threshold 1 (max 15)
 [PSYoungGen: 2752640K->18912K(2765248K)] 5826998K->3093718K(8357696K), 0.0475200 secs] [Times: user=0.25 sys=0.02, real=0.05 secs] 
2011-02-12T07:26:57.573+0000: 25706.892: [GC
Desired survivor size 26345472 bytes, new threshold 1 (max 15)
 [PSYoungGen: 2765216K->6848K(2770432K)] 5840022K->3082118K(8362880K), 0.0343300 secs] [Times: user=0.18 sys=0.01, real=0.04 secs] 
2011-02-12T07:27:03.302+0000: 25712.622: [GC
Desired survivor size 25690112 bytes, new threshold 1 (max 15)
 [PSYoungGen: 2751104K->7162K(2769984K)] 5826374K->3082844K(8362432K), 0.0345710 secs] [Times: user=0.17 sys=0.02, real=0.04 secs] 
2011-02-12T07:27:09.185+0000: 25718.505: [GC
Desired survivor size 25231360 bytes, new threshold 1 (max 15)
 [PSYoungGen: 2751418K->5916K(2771520K)] 5827100K->3082211K(8363968K), 0.0330720 secs] [Times: user=0.16 sys=0.01, real=0.03 secs] 
2011-02-12T07:27:15.469+0000: 25724.788: [GC
Desired survivor size 24641536 bytes, new threshold 1 (max 15)
 [PSYoungGen: 2752348K->12896K(2771072K)] 5828643K->3089667K(8363520K), 0.0386270 secs] [Times: user=0.22 sys=0.02, real=0.04 secs] 
2011-02-12T07:27:21.451+0000: 25730.771: [GC
Desired survivor size 23920640 bytes, new threshold 1 (max 15)
 [PSYoungGen: 2759328K->12576K(2772800K)] 5836099K->3089759K(8365248K), 0.0388560 secs] [Times: user=0.24 sys=0.01, real=0.04 secs] 
2011-02-12T07:27:28.268+0000: 25737.588: [GC
Desired survivor size 23461888 bytes, new threshold 1 (max 15)
 [PSYoungGen: 2761312K->13296K(2772096K)] 5838495K->3090807K(8364544K), 0.0391970 secs] [Times: user=0.24 sys=0.01, real=0.04 secs] 
2011-02-12T07:27:34.427+0000: 25743.746: [GC
Desired survivor size 23265280 bytes, new threshold 1 (max 15)
 [PSYoungGen: 2762032K->5936K(2773440K)] 5839543K->3084011K(8365888K), 0.0351000 secs] [Times: user=0.15 sys=0.02, real=0.04 secs] 
2011-02-12T07:27:40.979+0000: 25750.298: [GC
Desired survivor size 22478848 bytes, new threshold 1 (max 15)
 [PSYoungGen: 2756464K->11968K(2773248K)] 5834539K->3090588K(8365696K), 0.0411990 secs] [Times: user=0.22 sys=0.02, real=0.04 secs] 
2011-02-12T07:27:47.247+0000: 25756.567: [GC
Desired survivor size 22544384 bytes, new threshold 1 (max 15)
 [PSYoungGen: 2762496K->4096K(2774080K)] 5841116K->3083244K(8366528K), 0.0298070 secs] [Times: user=0.15 sys=0.02, real=0.03 secs] 
2011-02-12T07:27:54.066+0000: 25763.386: [GC
Desired survivor size 22151168 bytes, new threshold 1 (max 15)
 [PSYoungGen: 2756224K->5696K(2774144K)] 5835372K->3085256K(8366592K), 0.0302270 secs] [Times: user=0.16 sys=0.01, real=0.03 secs] 
2011-02-12T07:28:00.803+0000: 25770.122: [GC
Desired survivor size 21889024 bytes, new threshold 1 (max 15)
 [PSYoungGen: 2757824K->4226K(2774784K)] 5837384K->3084220K(8367232K), 0.0285740 secs] [Times: user=0.16 sys=0.02, real=0.03 secs] 
2011-02-12T07:28:07.011+0000: 25776.330: [GC
Desired survivor size 23461888 bytes, new threshold 1 (max 15)
 [PSYoungGen: 2757378K->16757K(2769920K)] 5837372K->3097418K(8362368K), 0.0424680 secs] [Times: user=0.25 sys=0.03, real=0.05 secs] 
2011-02-12T07:28:13.515+0000: 25782.835: [GC
Desired survivor size 22347776 bytes, new threshold 1 (max 15)
 [PSYoungGen: 2769909K->8944K(2774336K)] 5850570K->3090092K(8366784K), 0.0359150 secs] [Times: user=0.19 sys=0.02, real=0.03 secs] 
2011-02-12T07:28:20.709+0000: 25790.028: [GC
Desired survivor size 22544384 bytes, new threshold 1 (max 15)
 [PSYoungGen: 2760368K->13568K(2773248K)] 5841516K->3095188K(8365696K), 0.0421420 secs] [Times: user=0.25 sys=0.02, real=0.04 secs] 
2011-02-12T07:28:27.439+0000: 25796.759: [GC
Desired survivor size 21889024 bytes, new threshold 1 (max 15)
 [PSYoungGen: 2764992K->11744K(2774784K)] 5846612K->3093848K(8367232K), 0.0403160 secs] [Times: user=0.23 sys=0.03, real=0.04 secs] 
2011-02-12T07:28:34.122+0000: 25803.442: [GC
Desired survivor size 21430272 bytes, new threshold 1 (max 15)
 [PSYoungGen: 2764512K->6688K(2774144K)] 5846616K->3089193K(8366592K), 0.0328890 secs] [Times: user=0.17 sys=0.03, real=0.04 secs] 
2011-02-12T07:28:41.354+0000: 25810.673: [GC
Desired survivor size 21430272 bytes, new threshold 1 (max 15)
 [PSYoungGen: 2759456K->13056K(2775232K)] 5841961K->3096281K(8367680K), 0.0396950 secs] [Times: user=0.24 sys=0.02, real=0.04 secs] 
2011-02-12T07:28:47.717+0000: 25817.037: [GC
Desired survivor size 20512768 bytes, new threshold 1 (max 15)
 [PSYoungGen: 2767360K->9504K(2775232K)] 5850585K->3093277K(8367680K), 0.0377160 secs] [Times: user=0.20 sys=0.02, real=0.03 secs] 
2011-02-12T07:28:54.749+0000: 25824.069: [GC
Desired survivor size 19726336 bytes, new threshold 1 (max 15)
 [PSYoungGen: 2763808K->9215K(2776896K)] 5847581K->3093416K(8369344K), 0.0344350 secs] [Times: user=0.21 sys=0.02, real=0.03 secs] 
2011-02-12T07:29:01.825+0000: 25831.145: [GC
Desired survivor size 20447232 bytes, new threshold 1 (max 15)
 [PSYoungGen: 2766079K->14657K(2776128K)] 5850280K->3099335K(8368576K), 0.0428010 secs] [Times: user=0.23 sys=0.02, real=0.05 secs] 
2011-02-12T07:29:07.058+0000: 25836.378: [GC
Desired survivor size 22872064 bytes, new threshold 1 (max 15)
 [PSYoungGen: 2771521K->19512K(2771456K)] 5856199K->3104871K(8363904K), 0.0505660 secs] [Times: user=0.28 sys=0.02, real=0.06 secs] 
2011-02-12T07:29:13.647+0000: 25842.966: [GC
Desired survivor size 22609920 bytes, new threshold 1 (max 15)
 [PSYoungGen: 2771000K->13664K(2773824K)] 5856359K->3099515K(8366272K), 0.0425010 secs] [Times: user=0.22 sys=0.01, real=0.05 secs] 
2011-02-12T07:29:20.725+0000: 25850.045: [GC
Desired survivor size 23396352 bytes, new threshold 1 (max 15)
 [PSYoungGen: 2765152K->16576K(2772544K)] 5851003K->3102983K(8364992K), 0.0424570 secs] [Times: user=0.26 sys=0.02, real=0.04 secs] 
2011-02-12T07:29:27.220+0000: 25856.539: [GC
Desired survivor size 22544384 bytes, new threshold 1 (max 15)
 [PSYoungGen: 2767040K->10912K(2773312K)] 5853447K->3097875K(8365760K), 0.0378880 secs] [Times: user=0.21 sys=0.02, real=0.04 secs] 
2011-02-12T07:29:33.291+0000: 25862.611: [GC
Desired survivor size 22216704 bytes, new threshold 1 (max 15)
 [PSYoungGen: 2761376K->7968K(2774464K)] 5848339K->3095380K(8366912K), 0.0335900 secs] [Times: user=0.20 sys=0.02, real=0.04 secs] 
2011-02-12T07:29:39.802+0000: 25869.122: [GC
Desired survivor size 22609920 bytes, new threshold 1 (max 15)
 [PSYoungGen: 2760416K->15434K(2767936K)] 5847828K->3103434K(8360384K), 0.0402930 secs] [Times: user=0.25 sys=0.01, real=0.04 secs] 
2011-02-12T07:29:46.011+0000: 25875.330: [GC
Desired survivor size 22740992 bytes, new threshold 1 (max 15)
 [PSYoungGen: 2767882K->5344K(2773824K)] 5855882K->3094056K(8366272K), 0.0284970 secs] [Times: user=0.17 sys=0.02, real=0.03 secs] 
2011-02-12T07:29:51.728+0000: 25881.048: [GC
Desired survivor size 22085632 bytes, new threshold 1 (max 15)
 [PSYoungGen: 2757088K->8925K(2773952K)] 5845800K->3098114K(8366400K), 0.0337630 secs] [Times: user=0.18 sys=0.03, real=0.03 secs] 
2011-02-12T07:29:57.810+0000: 25887.130: [GC
Desired survivor size 22675456 bytes, new threshold 1 (max 15)
 [PSYoungGen: 2760669K->15560K(2773440K)] 5849858K->3105185K(8365888K), 0.0419740 secs] [Times: user=0.25 sys=0.01, real=0.04 secs] 
2011-02-12T07:30:03.147+0000: 25892.467: [GC
Desired survivor size 22282240 bytes, new threshold 1 (max 15)
 [PSYoungGen: 2767432K->7797K(2774016K)] 5857057K->3097906K(8366464K), 0.0364430 secs] [Times: user=0.17 sys=0.02, real=0.03 secs] 
2011-02-12T07:30:08.400+0000: 25897.719: [GC
Desired survivor size 22478848 bytes, new threshold 1 (max 15)
 [PSYoungGen: 2759669K->14624K(2774016K)] 5849778K->3105490K(8366464K), 0.0387290 secs] [Times: user=0.23 sys=0.01, real=0.04 secs] 
2011-02-12T07:30:14.315+0000: 25903.634: [GC
Desired survivor size 21495808 bytes, new threshold 1 (max 15)
 [PSYoungGen: 2766880K->10992K(2774208K)] 5857746K->3102250K(8366656K), 0.0372710 secs] [Times: user=0.22 sys=0.02, real=0.04 secs] 
2011-02-12T07:30:19.524+0000: 25908.844: [GC
Desired survivor size 28246016 bytes, new threshold 1 (max 15)
 [PSYoungGen: 2763248K->20992K(2761984K)] 5854506K->3123123K(8354432K), 0.0580360 secs] [Times: user=0.36 sys=0.04, real=0.06 secs] 
2011-02-12T07:30:25.536+0000: 25914.856: [GC
Desired survivor size 29491200 bytes, new threshold 1 (max 15)
 [PSYoungGen: 2761984K->20576K(2761600K)] 5864115K->3123251K(8354048K), 0.0477040 secs] [Times: user=0.30 sys=0.03, real=0.05 secs] 
2011-02-12T07:30:31.547+0000: 25920.867: [GC
Desired survivor size 29753344 bytes, new threshold 1 (max 15)
 [PSYoungGen: 2761568K->4294K(2766848K)] 5864243K->3107393K(8359296K), 0.0302570 secs] [Times: user=0.16 sys=0.02, real=0.03 secs] 
2011-02-12T07:30:37.367+0000: 25926.687: [GC
Desired survivor size 30015488 bytes, new threshold 1 (max 15)
 [PSYoungGen: 2742342K->18184K(2756288K)] 5845441K->3121950K(8348736K), 0.0459360 secs] [Times: user=0.29 sys=0.02, real=0.05 secs] 
2011-02-12T07:30:43.085+0000: 25932.405: [GC
Desired survivor size 28901376 bytes, new threshold 1 (max 15)
 [PSYoungGen: 2756232K->14976K(2767936K)] 5859998K->3119414K(8360384K), 0.0412640 secs] [Times: user=0.24 sys=0.01, real=0.04 secs] 
2011-02-12T07:30:49.167+0000: 25938.487: [GC
Desired survivor size 28114944 bytes, new threshold 1 (max 15)
 [PSYoungGen: 2753600K->15616K(2766848K)] 5858038K->3120478K(8359296K), 0.0418030 secs] [Times: user=0.26 sys=0.01, real=0.04 secs] 
2011-02-12T07:30:55.088+0000: 25944.407: [GC
Desired survivor size 26804224 bytes, new threshold 1 (max 15)
 [PSYoungGen: 2754240K->13504K(2769984K)] 5859102K->3118786K(8362432K), 0.0389330 secs] [Times: user=0.23 sys=0.01, real=0.04 secs] 
2011-02-12T07:31:01.174+0000: 25950.494: [GC
Desired survivor size 25821184 bytes, new threshold 1 (max 15)
 [PSYoungGen: 2756032K->14561K(2768704K)] 5861314K->3120287K(8361152K), 0.0400130 secs] [Times: user=0.26 sys=0.03, real=0.04 secs] 
2011-02-12T07:31:06.597+0000: 25955.917: [GC
Desired survivor size 25296896 bytes, new threshold 1 (max 15)
 [PSYoungGen: 2757089K->10168K(2771456K)] 5862815K->3116564K(8363904K), 0.0355760 secs] [Times: user=0.21 sys=0.02, real=0.04 secs] 
2011-02-12T07:31:12.240+0000: 25961.560: [GC
Desired survivor size 25886720 bytes, new threshold 1 (max 15)
 [PSYoungGen: 2756408K->3808K(2750080K)] 5862804K->3110728K(8342528K), 0.0293210 secs] [Times: user=0.15 sys=0.01, real=0.03 secs] 
2011-02-12T07:31:18.053+0000: 25967.373: [GC
Desired survivor size 26279936 bytes, new threshold 1 (max 15)
 [PSYoungGen: 2750048K->16981K(2770112K)] 5856968K->3124301K(8362560K), 0.0440500 secs] [Times: user=0.26 sys=0.02, real=0.05 secs] 
2011-02-12T07:31:24.266+0000: 25973.586: [GC
Desired survivor size 25362432 bytes, new threshold 1 (max 15)
 [PSYoungGen: 2761813K->10819K(2770496K)] 5869133K->3118669K(8362944K), 0.0370550 secs] [Times: user=0.22 sys=0.02, real=0.03 secs] 
2011-02-12T07:31:30.172+0000: 25979.492: [GC
Desired survivor size 24641536 bytes, new threshold 1 (max 15)
 [PSYoungGen: 2755651K->14096K(2772096K)] 5863501K->3122509K(8364544K), 0.0398140 secs] [Times: user=0.24 sys=0.03, real=0.04 secs] 
2011-02-12T07:31:36.308+0000: 25985.628: [GC
Desired survivor size 24969216 bytes, new threshold 1 (max 15)
 [PSYoungGen: 2761424K->4656K(2771392K)] 5869837K->3113517K(8363840K), 0.0296610 secs] [Times: user=0.15 sys=0.01, real=0.03 secs] 
2011-02-12T07:31:42.649+0000: 25991.969: [GC
Desired survivor size 27328512 bytes, new threshold 1 (max 15)
 [PSYoungGen: 2751984K->21790K(2767168K)] 5860845K->3131207K(8359616K), 0.0452480 secs] [Times: user=0.29 sys=0.02, real=0.04 secs] 
2011-02-12T07:31:48.799+0000: 25998.119: [GC
Desired survivor size 26083328 bytes, new threshold 1 (max 15)
 [PSYoungGen: 2764574K->12544K(2769472K)] 5873991K->3122561K(8361920K), 0.0391980 secs] [Times: user=0.23 sys=0.02, real=0.04 secs] 
2011-02-12T07:31:54.764+0000: 26004.083: [GC
Desired survivor size 24969216 bytes, new threshold 1 (max 15)
 [PSYoungGen: 2755328K->12076K(2771776K)] 5865345K->3122574K(8364224K), 0.0381780 secs] [Times: user=0.23 sys=0.02, real=0.04 secs] 
2011-02-12T07:32:01.140+0000: 26010.460: [GC
Desired survivor size 25427968 bytes, new threshold 1 (max 15)
 [PSYoungGen: 2758380K->3650K(2770688K)] 5868878K->3114596K(8363136K), 0.0270990 secs] [Times: user=0.15 sys=0.01, real=0.02 secs] 
2011-02-12T07:32:06.902+0000: 26016.221: [GC
Desired survivor size 25493504 bytes, new threshold 1 (max 15)
 [PSYoungGen: 2749954K->3960K(2771200K)] 5860900K->3115484K(8363648K), 0.0281100 secs] [Times: user=0.16 sys=0.02, real=0.02 secs] 
2011-02-12T07:32:13.413+0000: 26022.733: [GC
Desired survivor size 28639232 bytes, new threshold 1 (max 15)
 [PSYoungGen: 2750328K->23232K(2769600K)] 5861852K->3135284K(8362048K), 0.0465470 secs] [Times: user=0.30 sys=0.02, real=0.04 secs] 
2011-02-12T07:32:20.027+0000: 26029.347: [GC
Desired survivor size 27525120 bytes, new threshold 1 (max 15)
 [PSYoungGen: 2769600K->10016K(2768960K)] 5881652K->3122528K(8361408K), 0.0354560 secs] [Times: user=0.21 sys=0.01, real=0.04 secs] 
2011-02-12T07:32:26.649+0000: 26035.969: [GC
Desired survivor size 27066368 bytes, new threshold 1 (max 15)
 [PSYoungGen: 2752416K->5920K(2769280K)] 5864928K->3118940K(8361728K), 0.0301460 secs] [Times: user=0.17 sys=0.02, real=0.03 secs] 
2011-02-12T07:32:32.908+0000: 26042.227: [GC
Desired survivor size 26804224 bytes, new threshold 1 (max 15)
 [PSYoungGen: 2748320K->4480K(2769984K)] 5861340K->3117904K(8362432K), 0.0285840 secs] [Times: user=0.16 sys=0.01, real=0.03 secs] 
2011-02-12T07:32:39.427+0000: 26048.747: [GC
Desired survivor size 26214400 bytes, new threshold 1 (max 15)
 [PSYoungGen: 2748032K->13472K(2769728K)] 5861456K->3127564K(8362176K), 0.0397320 secs] [Times: user=0.24 sys=0.02, real=0.04 secs] 
2011-02-12T07:32:45.776+0000: 26055.096: [GC
Desired survivor size 25165824 bytes, new threshold 1 (max 15)
 [PSYoungGen: 2757024K->8704K(2771584K)] 5871116K->3123496K(8364032K), 0.0355740 secs] [Times: user=0.19 sys=0.02, real=0.03 secs] 
2011-02-12T07:32:52.350+0000: 26061.670: [GC
Desired survivor size 26345472 bytes, new threshold 1 (max 15)
 [PSYoungGen: 2754688K->17632K(2763648K)] 5869480K->3132868K(8356096K), 0.0436630 secs] [Times: user=0.27 sys=0.02, real=0.04 secs] 
2011-02-12T07:32:58.641+0000: 26067.960: [GC
Desired survivor size 25100288 bytes, new threshold 1 (max 15)
 [PSYoungGen: 2763616K->10113K(2771648K)] 5878852K->3125790K(8364096K), 0.0371650 secs] [Times: user=0.21 sys=0.03, real=0.04 secs] 
2011-02-12T07:33:04.618+0000: 26073.938: [GC
Desired survivor size 23855104 bytes, new threshold 1 (max 15)
 [PSYoungGen: 2756033K->11064K(2770432K)] 5871710K->3127284K(8362880K), 0.0382650 secs] [Times: user=0.21 sys=0.02, real=0.03 secs] 
2011-02-12T07:33:11.297+0000: 26080.616: [GC
Desired survivor size 22872064 bytes, new threshold 1 (max 15)
 [PSYoungGen: 2756984K->9888K(2773824K)] 5873204K->3126750K(8366272K), 0.0371430 secs] [Times: user=0.20 sys=0.02, real=0.04 secs] 
2011-02-12T07:33:17.324+0000: 26086.643: [GC
Desired survivor size 22216704 bytes, new threshold 1 (max 15)
 [PSYoungGen: 2760416K->8384K(2772864K)] 5877278K->3125691K(8365312K), 0.0330830 secs] [Times: user=0.19 sys=0.01, real=0.03 secs] 
2011-02-12T07:33:23.730+0000: 26093.050: [GC
Desired survivor size 22872064 bytes, new threshold 1 (max 15)
 [PSYoungGen: 2758912K->15488K(2773184K)] 5876219K->3133412K(8365632K), 0.0410430 secs] [Times: user=0.24 sys=0.02, real=0.04 secs] 
2011-02-12T07:33:30.022+0000: 26099.342: [GC
Desired survivor size 22740992 bytes, new threshold 1 (max 15)
 [PSYoungGen: 2766976K->5680K(2773824K)] 5884900K->3124052K(8366272K), 0.0312690 secs] [Times: user=0.17 sys=0.02, real=0.03 secs] 
2011-02-12T07:33:36.499+0000: 26105.819: [GC
Desired survivor size 23724032 bytes, new threshold 1 (max 15)
 [PSYoungGen: 2757168K->16400K(2772032K)] 5875540K->3135340K(8364480K), 0.0429410 secs] [Times: user=0.23 sys=0.01, real=0.05 secs] 
2011-02-12T07:33:42.848+0000: 26112.168: [GC
Desired survivor size 23265280 bytes, new threshold 1 (max 15)
 [PSYoungGen: 2766224K->7136K(2772992K)] 5885164K->3126692K(8365440K), 0.0338820 secs] [Times: user=0.19 sys=0.02, real=0.03 secs] 
2011-02-12T07:33:49.136+0000: 26118.456: [GC
Desired survivor size 22216704 bytes, new threshold 1 (max 15)
 [PSYoungGen: 2756960K->11488K(2774464K)] 5876516K->3131500K(8366912K), 0.0382400 secs] [Times: user=0.22 sys=0.02, real=0.04 secs] 
2011-02-12T07:33:55.625+0000: 26124.945: [GC
Desired survivor size 23396352 bytes, new threshold 1 (max 15)
 [PSYoungGen: 2763232K->16928K(2768704K)] 5883244K->3137356K(8361152K), 0.0438530 secs] [Times: user=0.24 sys=0.04, real=0.04 secs] 
2011-02-12T07:34:01.547+0000: 26130.867: [GC
Desired survivor size 22806528 bytes, new threshold 1 (max 15)
 [PSYoungGen: 2768672K->8242K(2773888K)] 5889100K->3129174K(8366336K), 0.0339970 secs] [Times: user=0.20 sys=0.03, real=0.03 secs] 
2011-02-12T07:34:07.574+0000: 26136.894: [GC
Desired survivor size 22216704 bytes, new threshold 1 (max 15)
 [PSYoungGen: 2759282K->8152K(2773312K)] 5880214K->3129758K(8365760K), 0.0345000 secs] [Times: user=0.20 sys=0.02, real=0.04 secs] 
2011-02-12T07:34:13.801+0000: 26143.120: [GC
Desired survivor size 27066368 bytes, new threshold 1 (max 15)
 [PSYoungGen: 2759192K->21696K(2764992K)] 5880798K->3148230K(8357440K), 0.0540120 secs] [Times: user=0.33 sys=0.02, real=0.05 secs] 
2011-02-12T07:34:19.256+0000: 26148.575: [GC
Desired survivor size 26279936 bytes, new threshold 1 (max 15)
 [PSYoungGen: 2764992K->8928K(2769728K)] 5891526K->3135942K(8362176K), 0.0368600 secs] [Times: user=0.20 sys=0.03, real=0.04 secs] 
2011-02-12T07:34:25.682+0000: 26155.002: [GC
Desired survivor size 25034752 bytes, new threshold 1 (max 15)
 [PSYoungGen: 2752224K->12506K(2771712K)] 5879238K->3139940K(8364160K), 0.0386850 secs] [Times: user=0.21 sys=0.04, real=0.04 secs] 
2011-02-12T07:34:32.790+0000: 26162.110: [GC
Desired survivor size 24576000 bytes, new threshold 1 (max 15)
 [PSYoungGen: 2758554K->7504K(2770496K)] 5885988K->3135302K(8362944K), 0.0330710 secs] [Times: user=0.20 sys=0.02, real=0.03 secs] 
2011-02-12T07:34:38.250+0000: 26167.570: [GC
Desired survivor size 27131904 bytes, new threshold 1 (max 15)
 [PSYoungGen: 2753552K->21728K(2767168K)] 5881350K->3150050K(8359616K), 0.0474310 secs] [Times: user=0.27 sys=0.01, real=0.04 secs] 
2011-02-12T07:34:45.748+0000: 26175.068: [GC
Desired survivor size 26411008 bytes, new threshold 1 (max 15)
 [PSYoungGen: 2764896K->8928K(2769664K)] 5893218K->3137894K(8362112K), 0.0347350 secs] [Times: user=0.19 sys=0.02, real=0.04 secs] 
2011-02-12T07:34:51.403+0000: 26180.723: [GC
Desired survivor size 26017792 bytes, new threshold 1 (max 15)
 [PSYoungGen: 2752096K->6528K(2770752K)] 5881062K->3135930K(8363200K), 0.0327190 secs] [Times: user=0.17 sys=0.02, real=0.03 secs] 
2011-02-12T07:34:57.956+0000: 26187.275: [GC
Desired survivor size 25690112 bytes, new threshold 1 (max 15)
 [PSYoungGen: 2751488K->5829K(2770368K)] 5880890K->3135535K(8362816K), 0.0343000 secs] [Times: user=0.16 sys=0.01, real=0.03 secs] 
2011-02-12T07:35:04.168+0000: 26193.488: [GC
Desired survivor size 24772608 bytes, new threshold 1 (max 15)
 [PSYoungGen: 2750789K->12634K(2771968K)] 5880495K->3142889K(8364416K), 0.0397440 secs] [Times: user=0.23 sys=0.03, real=0.04 secs] 
2011-02-12T07:35:09.972+0000: 26199.292: [GC
Desired survivor size 26476544 bytes, new threshold 1 (max 15)
 [PSYoungGen: 2759514K->19296K(2766208K)] 5889769K->3150189K(8358656K), 0.0469340 secs] [Times: user=0.26 sys=0.02, real=0.05 secs] 
2011-02-12T07:35:16.215+0000: 26205.535: [GC
Desired survivor size 26935296 bytes, new threshold 1 (max 15)
 [PSYoungGen: 2766176K->16896K(2769408K)] 5897069K->3148197K(8361856K), 0.0464840 secs] [Times: user=0.27 sys=0.03, real=0.04 secs] 
2011-02-12T07:35:23.066+0000: 26212.386: [GC
Desired survivor size 25624576 bytes, new threshold 1 (max 15)
 [PSYoungGen: 2760448K->12096K(2769856K)] 5891749K->3143805K(8362304K), 0.0392000 secs] [Times: user=0.23 sys=0.01, real=0.04 secs] 
2011-02-12T07:35:29.106+0000: 26218.426: [GC
Desired survivor size 26083328 bytes, new threshold 1 (max 15)
 [PSYoungGen: 2755648K->2496K(2770240K)] 5887357K->3134682K(8362688K), 0.0265700 secs] [Times: user=0.15 sys=0.00, real=0.02 secs] 
2011-02-12T07:35:35.852+0000: 26225.172: [GC
Desired survivor size 26017792 bytes, new threshold 1 (max 15)
 [PSYoungGen: 2747712K->3888K(2770688K)] 5879898K->3136562K(8363136K), 0.0273240 secs] [Times: user=0.14 sys=0.02, real=0.03 secs] 
2011-02-12T07:35:42.688+0000: 26232.007: [GC
Desired survivor size 25886720 bytes, new threshold 1 (max 15)
 [PSYoungGen: 2749104K->14384K(2770880K)] 5881778K->3147698K(8363328K), 0.0419470 secs] [Times: user=0.23 sys=0.02, real=0.04 secs] 
2011-02-12T07:35:49.406+0000: 26238.726: [GC
Desired survivor size 25231360 bytes, new threshold 1 (max 15)
 [PSYoungGen: 2759856K->13328K(2770752K)] 5893170K->3147218K(8363200K), 0.0421740 secs] [Times: user=0.24 sys=0.03, real=0.05 secs] 
2011-02-12T07:35:55.518+0000: 26244.837: [GC
Desired survivor size 25886720 bytes, new threshold 1 (max 15)
 [PSYoungGen: 2758800K->16608K(2770240K)] 5892690K->3150999K(8362688K), 0.0423550 secs] [Times: user=0.24 sys=0.01, real=0.05 secs] 
2011-02-12T07:36:02.404+0000: 26251.724: [GC
Desired survivor size 25690112 bytes, new threshold 1 (max 15)
 [PSYoungGen: 2762208K->5146K(2770880K)] 5896599K->3139949K(8363328K), 0.0323320 secs] [Times: user=0.16 sys=0.03, real=0.03 secs] 
2011-02-12T07:36:08.881+0000: 26258.201: [GC
Desired survivor size 28311552 bytes, new threshold 1 (max 15)
 [PSYoungGen: 2750746K->21836K(2765952K)] 5885549K->3157305K(8358400K), 0.0452820 secs] [Times: user=0.29 sys=0.01, real=0.04 secs] 
2011-02-12T07:36:14.173+0000: 26263.493: [GC
Desired survivor size 28180480 bytes, new threshold 1 (max 15)
 [PSYoungGen: 2762700K->3872K(2768512K)] 5898169K->3139813K(8360960K), 0.0301500 secs] [Times: user=0.16 sys=0.02, real=0.03 secs] 
2011-02-12T07:36:20.408+0000: 26269.728: [GC
Desired survivor size 26804224 bytes, new threshold 1 (max 15)
 [PSYoungGen: 2744736K->9824K(2769984K)] 5880677K->3146157K(8362432K), 0.0376760 secs] [Times: user=0.22 sys=0.02, real=0.04 secs] 
2011-02-12T07:36:27.549+0000: 26276.868: [GC
Desired survivor size 25886720 bytes, new threshold 1 (max 15)
 [PSYoungGen: 2752288K->12816K(2768640K)] 5888621K->3149557K(8361088K), 0.0395180 secs] [Times: user=0.23 sys=0.02, real=0.04 secs] 
2011-02-12T07:36:34.007+0000: 26283.326: [GC
Desired survivor size 25165824 bytes, new threshold 1 (max 15)
 [PSYoungGen: 2755280K->7248K(2771584K)] 5892021K->3144621K(8364032K), 0.0353380 secs] [Times: user=0.18 sys=0.03, real=0.03 secs] 
2011-02-12T07:36:40.773+0000: 26290.093: [GC
Desired survivor size 24969216 bytes, new threshold 1 (max 15)
 [PSYoungGen: 2753552K->4304K(2770880K)] 5890925K->3142185K(8363328K), 0.0296940 secs] [Times: user=0.16 sys=0.01, real=0.03 secs] 
2011-02-12T07:36:47.774+0000: 26297.094: [GC
Desired survivor size 24444928 bytes, new threshold 1 (max 15)
 [PSYoungGen: 2750608K->4960K(2772288K)] 5888489K->3143502K(8364736K), 0.0323780 secs] [Times: user=0.16 sys=0.02, real=0.04 secs] 
2011-02-12T07:36:54.207+0000: 26303.526: [GC
Desired survivor size 23986176 bytes, new threshold 1 (max 15)
 [PSYoungGen: 2752864K->12288K(2771776K)] 5891406K->3151322K(8364224K), 0.0407100 secs] [Times: user=0.24 sys=0.03, real=0.04 secs] 
2011-02-12T07:36:59.685+0000: 26309.005: [GC
Desired survivor size 23134208 bytes, new threshold 1 (max 15)
 [PSYoungGen: 2760192K->11392K(2773568K)] 5899226K->3150874K(8366016K), 0.0373710 secs] [Times: user=0.21 sys=0.02, real=0.04 secs] 
2011-02-12T07:37:06.357+0000: 26315.677: [GC
Desired survivor size 22282240 bytes, new threshold 1 (max 15)
 [PSYoungGen: 2761536K->11322K(2772736K)] 5901018K->3151248K(8365184K), 0.0401630 secs] [Times: user=0.22 sys=0.03, real=0.04 secs] 
2011-02-12T07:37:12.424+0000: 26321.744: [GC
Desired survivor size 25362432 bytes, new threshold 1 (max 15)
 [PSYoungGen: 2761466K->21504K(2768384K)] 5901392K->3162188K(8360832K), 0.0459380 secs] [Times: user=0.28 sys=0.01, real=0.05 secs] 
2011-02-12T07:37:19.235+0000: 26328.555: [GC
Desired survivor size 24444928 bytes, new threshold 1 (max 15)
 [PSYoungGen: 2768128K->12672K(2771392K)] 5908812K->3153792K(8363840K), 0.0414730 secs] [Times: user=0.21 sys=0.03, real=0.04 secs] 
2011-02-12T07:37:25.978+0000: 26335.298: [GC
Desired survivor size 23330816 bytes, new threshold 1 (max 15)
 [PSYoungGen: 2759296K->10752K(2773376K)] 5900416K->3152328K(8365824K), 0.0370080 secs] [Times: user=0.21 sys=0.01, real=0.04 secs] 
2011-02-12T07:37:32.565+0000: 26341.885: [GC
Desired survivor size 23068672 bytes, new threshold 1 (max 15)
 [PSYoungGen: 2760256K->6352K(2772288K)] 5901832K->3148370K(8364736K), 0.0344330 secs] [Times: user=0.16 sys=0.02, real=0.03 secs] 
2011-02-12T07:37:39.022+0000: 26348.342: [GC
Desired survivor size 24444928 bytes, new threshold 1 (max 15)
 [PSYoungGen: 2755856K->17648K(2770944K)] 5897874K->3160258K(8363392K), 0.0470170 secs] [Times: user=0.26 sys=0.03, real=0.04 secs] 
2011-02-12T07:37:45.750+0000: 26355.069: [GC
Desired survivor size 24510464 bytes, new threshold 1 (max 15)
 [PSYoungGen: 2766064K->15155K(2763584K)] 5908674K->3158473K(8356032K), 0.0413770 secs] [Times: user=0.26 sys=0.01, real=0.04 secs] 
2011-02-12T07:37:51.823+0000: 26361.143: [GC
Desired survivor size 25821184 bytes, new threshold 1 (max 15)
 [PSYoungGen: 2763571K->18560K(2769664K)] 5906893K->3162503K(8362112K), 0.0469110 secs] [Times: user=0.27 sys=0.01, real=0.04 secs] 
2011-02-12T07:37:58.001+0000: 26367.320: [GC
Desired survivor size 24576000 bytes, new threshold 1 (max 15)
 [PSYoungGen: 2764288K->12800K(2770944K)] 5908231K->3157191K(8363392K), 0.0359970 secs] [Times: user=0.21 sys=0.03, real=0.04 secs] 
2011-02-12T07:38:04.545+0000: 26373.865: [GC
Desired survivor size 24772608 bytes, new threshold 1 (max 15)
 [PSYoungGen: 2758528K->16250K(2771776K)] 5902919K->3161057K(8364224K), 0.0440220 secs] [Times: user=0.25 sys=0.03, real=0.04 secs] 
2011-02-12T07:38:10.653+0000: 26379.973: [GC
Desired survivor size 24707072 bytes, new threshold 1 (max 15)
 [PSYoungGen: 2764026K->6880K(2771968K)] 5908833K->3152369K(8364416K), 0.0302220 secs] [Times: user=0.18 sys=0.02, real=0.03 secs] 
2011-02-12T07:38:16.498+0000: 26385.818: [GC
Desired survivor size 24510464 bytes, new threshold 1 (max 15)
 [PSYoungGen: 2754656K->6496K(2772224K)] 5900145K->3152433K(8364672K), 0.0322490 secs] [Times: user=0.18 sys=0.02, real=0.03 secs] 
2011-02-12T07:38:23.393+0000: 26392.712: [GC
Desired survivor size 24248320 bytes, new threshold 1 (max 15)
 [PSYoungGen: 2754592K->6243K(2772032K)] 5900529K->3152668K(8364480K), 0.0304060 secs] [Times: user=0.17 sys=0.02, real=0.03 secs] 
2011-02-12T07:38:29.496+0000: 26398.816: [GC
Desired survivor size 23265280 bytes, new threshold 1 (max 15)
 [PSYoungGen: 2754339K->9616K(2773440K)] 5900764K->3156618K(8365888K), 0.0364920 secs] [Times: user=0.21 sys=0.02, real=0.04 secs] 
2011-02-12T07:38:35.614+0000: 26404.934: [GC
Desired survivor size 23527424 bytes, new threshold 1 (max 15)
 [PSYoungGen: 2759376K->14864K(2772480K)] 5906378K->3162483K(8364928K), 0.0410050 secs] [Times: user=0.25 sys=0.02, real=0.04 secs] 
2011-02-12T07:38:42.077+0000: 26411.397: [GC
Desired survivor size 22937600 bytes, new threshold 1 (max 15)
 [PSYoungGen: 2764624K->8106K(2773760K)] 5912243K->3156341K(8366208K), 0.0334120 secs] [Times: user=0.18 sys=0.01, real=0.04 secs] 
2011-02-12T07:38:48.269+0000: 26417.588: [GC
Desired survivor size 23592960 bytes, new threshold 1 (max 15)
 [PSYoungGen: 2758890K->15968K(2766784K)] 5907125K->3164771K(8359232K), 0.0393750 secs] [Times: user=0.25 sys=0.02, real=0.04 secs] 
2011-02-12T07:38:53.956+0000: 26423.276: [GC
Desired survivor size 23134208 bytes, new threshold 1 (max 15)
 [PSYoungGen: 2766752K->7516K(2773568K)] 5915555K->3156727K(8366016K), 0.0341140 secs] [Times: user=0.19 sys=0.01, real=0.03 secs] 
2011-02-12T07:39:00.774+0000: 26430.094: [GC
Desired survivor size 22609920 bytes, new threshold 1 (max 15)
 [PSYoungGen: 2758044K->7522K(2773120K)] 5907255K->3157213K(8365568K), 0.0357800 secs] [Times: user=0.20 sys=0.02, real=0.03 secs] 
2011-02-12T07:39:06.245+0000: 26435.565: [GC
Desired survivor size 23527424 bytes, new threshold 1 (max 15)
 [PSYoungGen: 2758050K->16312K(2772288K)] 5907741K->3166649K(8364736K), 0.0446740 secs] [Times: user=0.27 sys=0.04, real=0.04 secs] 
2011-02-12T07:39:11.892+0000: 26441.211: [GC
Desired survivor size 22806528 bytes, new threshold 1 (max 15)
 [PSYoungGen: 2766520K->12512K(2773184K)] 5916857K->3163305K(8365632K), 0.0388220 secs] [Times: user=0.23 sys=0.02, real=0.04 secs] 
2011-02-12T07:39:18.423+0000: 26447.743: [GC
Desired survivor size 22609920 bytes, new threshold 1 (max 15)
 [PSYoungGen: 2762720K->6240K(2774080K)] 5913513K->3157409K(8366528K), 0.0307130 secs] [Times: user=0.19 sys=0.01, real=0.04 secs] 
2011-02-12T07:39:24.966+0000: 26454.286: [GC
Desired survivor size 22085632 bytes, new threshold 1 (max 15)
 [PSYoungGen: 2758048K->12534K(2773888K)] 5909217K->3164144K(8366336K), 0.0388710 secs] [Times: user=0.22 sys=0.02, real=0.04 secs] 
2011-02-12T07:39:31.373+0000: 26460.693: [GC
Desired survivor size 21299200 bytes, new threshold 1 (max 15)
 [PSYoungGen: 2764342K->9312K(2775360K)] 5915952K->3161340K(8367808K), 0.0354040 secs] [Times: user=0.21 sys=0.02, real=0.04 secs] 
2011-02-12T07:39:37.533+0000: 26466.853: [GC
Desired survivor size 20643840 bytes, new threshold 1 (max 15)
 [PSYoungGen: 2763104K->11824K(2774592K)] 5915132K->3164368K(8367040K), 0.0390530 secs] [Times: user=0.22 sys=0.02, real=0.04 secs] 
2011-02-12T07:39:43.887+0000: 26473.207: [GC
Desired survivor size 20774912 bytes, new threshold 1 (max 15)
 [PSYoungGen: 2765616K->5119K(2775744K)] 5918160K->3158247K(8368192K), 0.0312330 secs] [Times: user=0.17 sys=0.01, real=0.03 secs] 
2011-02-12T07:39:50.173+0000: 26479.492: [GC
Desired survivor size 20185088 bytes, new threshold 1 (max 15)
 [PSYoungGen: 2760703K->11648K(2775872K)] 5913831K->3165272K(8368320K), 0.0405790 secs] [Times: user=0.22 sys=0.02, real=0.04 secs] 
2011-02-12T07:39:56.564+0000: 26485.883: [GC
Desired survivor size 20512768 bytes, new threshold 1 (max 15)
 [PSYoungGen: 2767232K->3328K(2775808K)] 5920856K->3157371K(8368256K), 0.0295780 secs] [Times: user=0.15 sys=0.02, real=0.03 secs] 
2011-02-12T07:40:02.635+0000: 26491.955: [GC
Desired survivor size 19464192 bytes, new threshold 1 (max 15)
 [PSYoungGen: 2759424K->9821K(2776128K)] 5913467K->3164305K(8368576K), 0.0357350 secs] [Times: user=0.21 sys=0.03, real=0.04 secs] 
2011-02-12T07:40:08.442+0000: 26497.762: [GC
Desired survivor size 19267584 bytes, new threshold 1 (max 15)
 [PSYoungGen: 2765917K->5664K(2777344K)] 5920401K->3160786K(8369792K), 0.0336080 secs] [Times: user=0.17 sys=0.02, real=0.03 secs] 
2011-02-12T07:40:13.930+0000: 26503.250: [GC
Desired survivor size 20512768 bytes, new threshold 1 (max 15)
 [PSYoungGen: 2764000K->15296K(2773632K)] 5919122K->3170910K(8366080K), 0.0426700 secs] [Times: user=0.25 sys=0.02, real=0.05 secs] 
2011-02-12T07:40:20.680+0000: 26510.000: [GC
Desired survivor size 19529728 bytes, new threshold 1 (max 15)
 [PSYoungGen: 2773632K->10016K(2777088K)] 5929246K->3166034K(8369536K), 0.0366310 secs] [Times: user=0.22 sys=0.02, real=0.04 secs] 
2011-02-12T07:40:27.181+0000: 26516.501: [GC
Desired survivor size 19529728 bytes, new threshold 1 (max 15)
 [PSYoungGen: 2767072K->4512K(2776128K)] 5923090K->3161030K(8368576K), 0.0282800 secs] [Times: user=0.15 sys=0.01, real=0.03 secs] 
2011-02-12T07:40:33.503+0000: 26522.823: [GC
Desired survivor size 20643840 bytes, new threshold 1 (max 15)
 [PSYoungGen: 2761568K->14880K(2774912K)] 5918086K->3171910K(8367360K), 0.0399420 secs] [Times: user=0.24 sys=0.03, real=0.05 secs] 
2011-02-12T07:40:40.182+0000: 26529.502: [GC
Desired survivor size 20119552 bytes, new threshold 1 (max 15)
 [PSYoungGen: 2770720K->6896K(2776000K)] 5927750K->3164586K(8368448K), 0.0316160 secs] [Times: user=0.17 sys=0.02, real=0.04 secs] 
2011-02-12T07:40:46.214+0000: 26535.534: [GC
Desired survivor size 19660800 bytes, new threshold 1 (max 15)
 [PSYoungGen: 2762736K->6656K(2776960K)] 5920426K->3164994K(8369408K), 0.0310840 secs] [Times: user=0.18 sys=0.01, real=0.04 secs] 
2011-02-12T07:40:52.438+0000: 26541.758: [GC
Desired survivor size 19005440 bytes, new threshold 1 (max 15)
 [PSYoungGen: 2763968K->7130K(2776512K)] 5922306K->3165909K(8368960K), 0.0328840 secs] [Times: user=0.18 sys=0.02, real=0.03 secs] 
2011-02-12T07:40:58.449+0000: 26547.768: [GC
Desired survivor size 18546688 bytes, new threshold 1 (max 15)
 [PSYoungGen: 2764442K->10464K(2778048K)] 5923221K->3169710K(8370496K), 0.0370180 secs] [Times: user=0.22 sys=0.02, real=0.04 secs] 
2011-02-12T07:41:04.335+0000: 26553.655: [GC
Desired survivor size 20905984 bytes, new threshold 1 (max 15)
 [PSYoungGen: 2769952K->17786K(2777280K)] 5929198K->3177728K(8369728K), 0.0427380 secs] [Times: user=0.25 sys=0.03, real=0.05 secs] 
2011-02-12T07:41:10.800+0000: 26560.120: [GC
Desired survivor size 20905984 bytes, new threshold 1 (max 15)
 [PSYoungGen: 2777274K->4096K(2774208K)] 5937216K->3164644K(8366656K), 0.0323940 secs] [Times: user=0.15 sys=0.03, real=0.03 secs] 
2011-02-12T07:41:17.479+0000: 26566.799: [GC
Desired survivor size 21233664 bytes, new threshold 1 (max 15)
 [PSYoungGen: 2759424K->13429K(2768768K)] 5919972K->3174406K(8361216K), 0.0399550 secs] [Times: user=0.24 sys=0.02, real=0.04 secs] 
2011-02-12T07:41:23.603+0000: 26572.923: [GC
Desired survivor size 21889024 bytes, new threshold 1 (max 15)
 [PSYoungGen: 2768757K->14444K(2774144K)] 5929734K->3175927K(8366592K), 0.0392670 secs] [Times: user=0.23 sys=0.03, real=0.04 secs] 
2011-02-12T07:41:30.392+0000: 26579.712: [GC
Desired survivor size 21626880 bytes, new threshold 1 (max 15)
 [PSYoungGen: 2767852K->5232K(2774784K)] 5929335K->3167187K(8367232K), 0.0301460 secs] [Times: user=0.16 sys=0.02, real=0.03 secs] 
2011-02-12T07:41:36.843+0000: 26586.163: [GC
Desired survivor size 20971520 bytes, new threshold 1 (max 15)
 [PSYoungGen: 2758640K->11120K(2775680K)] 5920595K->3173587K(8368128K), 0.0393530 secs] [Times: user=0.22 sys=0.04, real=0.04 secs] 
2011-02-12T07:41:42.807+0000: 26592.127: [GC
Desired survivor size 20119552 bytes, new threshold 1 (max 15)
 [PSYoungGen: 2765680K->10512K(2775040K)] 5928147K->3173667K(8367488K), 0.0361260 secs] [Times: user=0.22 sys=0.01, real=0.04 secs] 
2011-02-12T07:41:49.559+0000: 26598.878: [GC
Desired survivor size 20971520 bytes, new threshold 1 (max 15)
 [PSYoungGen: 2765072K->14979K(2774848K)] 5928227K->3178638K(8367296K), 0.0411230 secs] [Times: user=0.24 sys=0.01, real=0.04 secs] 
2011-02-12T07:41:55.908+0000: 26605.227: [GC
Desired survivor size 20643840 bytes, new threshold 1 (max 15)
 [PSYoungGen: 2770179K->12340K(2775680K)] 5933838K->3176491K(8368128K), 0.0409320 secs] [Times: user=0.23 sys=0.01, real=0.04 secs] 
2011-02-12T07:42:01.948+0000: 26611.268: [GC
Desired survivor size 21430272 bytes, new threshold 1 (max 15)
 [PSYoungGen: 2767540K->15386K(2774464K)] 5931691K->3179954K(8366912K), 0.0442510 secs] [Times: user=0.25 sys=0.03, real=0.04 secs] 
2011-02-12T07:42:07.432+0000: 26616.752: [GC
Desired survivor size 22806528 bytes, new threshold 1 (max 15)
 [PSYoungGen: 2769690K->17408K(2771712K)] 5934258K->3182610K(8364160K), 0.0413980 secs] [Times: user=0.25 sys=0.02, real=0.04 secs] 
2011-02-12T07:42:13.538+0000: 26622.858: [GC
Desired survivor size 22085632 bytes, new threshold 1 (max 15)
 [PSYoungGen: 2771712K->9964K(2774592K)] 5936914K->3175678K(8367040K), 0.0392090 secs] [Times: user=0.23 sys=0.03, real=0.04 secs] 
2011-02-12T07:42:19.415+0000: 26628.735: [GC
Desired survivor size 21626880 bytes, new threshold 1 (max 15)
 [PSYoungGen: 2762284K->8192K(2773888K)] 5927998K->3174478K(8366336K), 0.0361810 secs] [Times: user=0.18 sys=0.01, real=0.04 secs] 
2011-02-12T07:42:25.292+0000: 26634.611: [GC
Desired survivor size 21299200 bytes, new threshold 1 (max 15)
 [PSYoungGen: 2760512K->13024K(2775360K)] 5926798K->3179800K(8367808K), 0.0398540 secs] [Times: user=0.23 sys=0.01, real=0.04 secs] 
2011-02-12T07:42:31.301+0000: 26640.621: [GC
Desired survivor size 23003136 bytes, new threshold 1 (max 15)
 [PSYoungGen: 2767264K->18448K(2772736K)] 5934040K->3185664K(8365184K), 0.0432460 secs] [Times: user=0.27 sys=0.01, real=0.04 secs] 
2011-02-12T07:42:37.238+0000: 26646.558: [GC
Desired survivor size 25690112 bytes, new threshold 1 (max 15)
 [PSYoungGen: 2772688K->22032K(2768448K)] 5939904K->3189760K(8360896K), 0.0462680 secs] [Times: user=0.29 sys=0.02, real=0.04 secs] 
2011-02-12T07:42:43.791+0000: 26653.111: [GC
Desired survivor size 24641536 bytes, new threshold 1 (max 15)
 [PSYoungGen: 2768016K->12320K(2771072K)] 5935744K->3180588K(8363520K), 0.0386020 secs] [Times: user=0.23 sys=0.01, real=0.04 secs] 
2011-02-12T07:42:50.124+0000: 26659.444: [GC
Desired survivor size 25231360 bytes, new threshold 1 (max 15)
 [PSYoungGen: 2758304K->17696K(2770944K)] 5926572K->3186484K(8363392K), 0.0447200 secs] [Times: user=0.26 sys=0.01, real=0.05 secs] 
2011-02-12T07:42:56.314+0000: 26665.634: [GC
Desired survivor size 25427968 bytes, new threshold 1 (max 15)
 [PSYoungGen: 2764576K->5792K(2752704K)] 5933364K->3174992K(8345152K), 0.0306040 secs] [Times: user=0.17 sys=0.01, real=0.03 secs] 
2011-02-12T07:43:02.869+0000: 26672.189: [GC
Desired survivor size 25952256 bytes, new threshold 1 (max 15)
 [PSYoungGen: 2752672K->17242K(2770304K)] 5921872K->3186846K(8362752K), 0.0441430 secs] [Times: user=0.26 sys=0.02, real=0.05 secs] 
2011-02-12T07:43:09.040+0000: 26678.360: [GC
Desired survivor size 26279936 bytes, new threshold 1 (max 15)
 [PSYoungGen: 2762714K->3952K(2749440K)] 5932318K->3174266K(8341888K), 0.0287280 secs] [Times: user=0.15 sys=0.01, real=0.03 secs] 
2011-02-12T07:43:15.366+0000: 26684.686: [GC
Desired survivor size 25231360 bytes, new threshold 1 (max 15)
 [PSYoungGen: 2749424K->10452K(2771520K)] 5919738K->3181306K(8363968K), 0.0390990 secs] [Times: user=0.22 sys=0.03, real=0.04 secs] 
2011-02-12T07:43:21.136+0000: 26690.456: [GC
Desired survivor size 24379392 bytes, new threshold 1 (max 15)
 [PSYoungGen: 2756308K->9632K(2770496K)] 5927162K->3180982K(8362944K), 0.0364480 secs] [Times: user=0.21 sys=0.01, real=0.03 secs] 
2011-02-12T07:43:28.072+0000: 26697.392: [GC
Desired survivor size 23527424 bytes, new threshold 1 (max 15)
 [PSYoungGen: 2755488K->9888K(2773184K)] 5926838K->3181670K(8365632K), 0.0373610 secs] [Times: user=0.21 sys=0.02, real=0.04 secs] 
2011-02-12T07:43:33.928+0000: 26703.248: [GC
Desired survivor size 22413312 bytes, new threshold 1 (max 15)
 [PSYoungGen: 2759264K->11440K(2772352K)] 5931046K->3183702K(8364800K), 0.0376460 secs] [Times: user=0.21 sys=0.02, real=0.04 secs] 
2011-02-12T07:43:39.477+0000: 26708.796: [GC
Desired survivor size 23396352 bytes, new threshold 1 (max 15)
 [PSYoungGen: 2760816K->17088K(2772352K)] 5933078K->3189882K(8364800K), 0.0474110 secs] [Times: user=0.27 sys=0.02, real=0.04 secs] 
2011-02-12T07:43:46.646+0000: 26715.965: [GC
Desired survivor size 23592960 bytes, new threshold 1 (max 15)
 [PSYoungGen: 2767552K->4704K(2755200K)] 5940346K->3178178K(8347648K), 0.0305210 secs] [Times: user=0.17 sys=0.01, real=0.04 secs] 
2011-02-12T07:43:53.589+0000: 26722.908: [GC
Desired survivor size 26279936 bytes, new threshold 1 (max 15)
 [PSYoungGen: 2755168K->21620K(2767872K)] 5928642K->3195562K(8360320K), 0.0454490 secs] [Times: user=0.30 sys=0.02, real=0.04 secs] 
2011-02-12T07:44:00.036+0000: 26729.356: [GC
Desired survivor size 26148864 bytes, new threshold 1 (max 15)
 [PSYoungGen: 2766452K->5408K(2770496K)] 5940394K->3179834K(8362944K), 0.0309280 secs] [Times: user=0.16 sys=0.03, real=0.03 secs] 
2011-02-12T07:44:06.192+0000: 26735.512: [GC
Desired survivor size 24969216 bytes, new threshold 1 (max 15)
 [PSYoungGen: 2750240K->10410K(2771776K)] 5924666K->3185260K(8364224K), 0.0371310 secs] [Times: user=0.20 sys=0.02, real=0.04 secs] 
2011-02-12T07:44:13.041+0000: 26742.361: [GC
Desired survivor size 24576000 bytes, new threshold 1 (max 15)
 [PSYoungGen: 2756650K->13952K(2770624K)] 5931500K->3189556K(8363072K), 0.0383730 secs] [Times: user=0.23 sys=0.01, real=0.04 secs] 
2011-02-12T07:44:18.861+0000: 26748.181: [GC
Desired survivor size 24248320 bytes, new threshold 1 (max 15)
 [PSYoungGen: 2760192K->6464K(2772480K)] 5935796K->3182536K(8364928K), 0.0333170 secs] [Times: user=0.17 sys=0.01, real=0.03 secs] 
2011-02-12T07:44:25.562+0000: 26754.882: [GC
Desired survivor size 24838144 bytes, new threshold 1 (max 15)
 [PSYoungGen: 2754944K->16191K(2764672K)] 5931016K->3192744K(8357120K), 0.0427410 secs] [Times: user=0.26 sys=0.02, real=0.04 secs] 
2011-02-12T07:44:31.709+0000: 26761.028: [GC
Desired survivor size 25821184 bytes, new threshold 1 (max 15)
 [PSYoungGen: 2764671K->17632K(2769984K)] 5941224K->3194632K(8362432K), 0.0415340 secs] [Times: user=0.25 sys=0.01, real=0.04 secs] 
2011-02-12T07:44:38.227+0000: 26767.546: [GC
Desired survivor size 28311552 bytes, new threshold 1 (max 15)
 [PSYoungGen: 2763360K->22480K(2768256K)] 5940360K->3200001K(8360704K), 0.0503680 secs] [Times: user=0.30 sys=0.03, real=0.05 secs] 
2011-02-12T07:44:44.530+0000: 26773.850: [GC
Desired survivor size 27328512 bytes, new threshold 1 (max 15)
 [PSYoungGen: 2768208K->10592K(2769472K)] 5945729K->3188776K(8361920K), 0.0347300 secs] [Times: user=0.20 sys=0.02, real=0.04 secs] 
2011-02-12T07:44:51.332+0000: 26780.651: [GC
Desired survivor size 26148864 bytes, new threshold 1 (max 15)
 [PSYoungGen: 2752416K->13632K(2768512K)] 5930600K->3192380K(8360960K), 0.0387810 secs] [Times: user=0.23 sys=0.03, real=0.04 secs] 
2011-02-12T07:44:57.677+0000: 26786.996: [GC
Desired survivor size 26935296 bytes, new threshold 1 (max 15)
 [PSYoungGen: 2755456K->18496K(2769088K)] 5934204K->3197748K(8361536K), 0.0459510 secs] [Times: user=0.27 sys=0.02, real=0.04 secs] 
2011-02-12T07:45:03.220+0000: 26792.539: [GC
Desired survivor size 25821184 bytes, new threshold 1 (max 15)
 [PSYoungGen: 2762048K->12570K(2769856K)] 5941300K->3192311K(8362304K), 0.0409140 secs] [Times: user=0.22 sys=0.03, real=0.04 secs] 
2011-02-12T07:45:09.013+0000: 26798.332: [GC
Desired survivor size 25165824 bytes, new threshold 1 (max 15)
 [PSYoungGen: 2756122K->10368K(2771584K)] 5935863K->3190791K(8364032K), 0.0373830 secs] [Times: user=0.21 sys=0.03, real=0.04 secs] 
2011-02-12T07:45:14.363+0000: 26803.683: [GC
Desired survivor size 26279936 bytes, new threshold 1 (max 15)
 [PSYoungGen: 2756736K->19200K(2765568K)] 5937159K->3200071K(8358016K), 0.0474970 secs] [Times: user=0.27 sys=0.01, real=0.05 secs] 
2011-02-12T07:45:20.538+0000: 26809.857: [GC
Desired survivor size 25690112 bytes, new threshold 1 (max 15)
 [PSYoungGen: 2765568K->10304K(2771072K)] 5946439K->3191575K(8363520K), 0.0370250 secs] [Times: user=0.20 sys=0.02, real=0.03 secs] 
2011-02-12T07:45:26.939+0000: 26816.259: [GC
Desired survivor size 25886720 bytes, new threshold 1 (max 15)
 [PSYoungGen: 2755712K->17085K(2770496K)] 5936983K->3198781K(8362944K), 0.0434320 secs] [Times: user=0.26 sys=0.02, real=0.04 secs] 
2011-02-12T07:45:33.599+0000: 26822.919: [GC
Desired survivor size 25427968 bytes, new threshold 1 (max 15)
 [PSYoungGen: 2762493K->9552K(2771328K)] 5944189K->3191723K(8363776K), 0.0316870 secs] [Times: user=0.18 sys=0.02, real=0.03 secs] 
2011-02-12T07:45:40.051+0000: 26829.371: [GC
Desired survivor size 25559040 bytes, new threshold 1 (max 15)
 [PSYoungGen: 2755600K->16755K(2770880K)] 5937771K->3199590K(8363328K), 0.0426890 secs] [Times: user=0.23 sys=0.02, real=0.04 secs] 
2011-02-12T07:45:46.544+0000: 26835.863: [GC
Desired survivor size 25952256 bytes, new threshold 1 (max 15)
 [PSYoungGen: 2762803K->4800K(2770432K)] 5945638K->3188295K(8362880K), 0.0304130 secs] [Times: user=0.16 sys=0.03, real=0.03 secs] 
2011-02-12T07:45:53.912+0000: 26843.232: [GC
Desired survivor size 25493504 bytes, new threshold 1 (max 15)
 [PSYoungGen: 2750272K->8192K(2770816K)] 5933767K->3192167K(8363264K), 0.0350630 secs] [Times: user=0.20 sys=0.03, real=0.03 secs] 
2011-02-12T07:45:59.443+0000: 26848.762: [GC
Desired survivor size 24641536 bytes, new threshold 1 (max 15)
 [PSYoungGen: 2753664K->13536K(2772096K)] 5937639K->3198019K(8364544K), 0.0385260 secs] [Times: user=0.21 sys=0.03, real=0.03 secs] 
2011-02-12T07:46:05.325+0000: 26854.644: [GC
Desired survivor size 24379392 bytes, new threshold 1 (max 15)
 [PSYoungGen: 2760736K->7178K(2771264K)] 5945219K->3192085K(8363712K), 0.0348200 secs] [Times: user=0.19 sys=0.02, real=0.03 secs] 
2011-02-12T07:46:12.098+0000: 26861.417: [GC
Desired survivor size 24903680 bytes, new threshold 1 (max 15)
 [PSYoungGen: 2754378K->2304K(2771328K)] 5939285K->3187985K(8363776K), 0.0261420 secs] [Times: user=0.14 sys=0.02, real=0.03 secs] 
2011-02-12T07:46:18.813+0000: 26868.133: [GC
Desired survivor size 24838144 bytes, new threshold 1 (max 15)
 [PSYoungGen: 2749824K->3392K(2771840K)] 5935505K->3189553K(8364288K), 0.0279120 secs] [Times: user=0.16 sys=0.02, real=0.03 secs] 
2011-02-12T07:46:24.896+0000: 26874.215: [GC
Desired survivor size 23789568 bytes, new threshold 1 (max 15)
 [PSYoungGen: 2750912K->8032K(2772928K)] 5937073K->3194725K(8365376K), 0.0359640 secs] [Times: user=0.19 sys=0.02, real=0.03 secs] 
2011-02-12T07:46:31.249+0000: 26880.568: [GC
Desired survivor size 26411008 bytes, new threshold 1 (max 15)
 [PSYoungGen: 2756704K->20528K(2769216K)] 5943397K->3207678K(8361664K), 0.0462870 secs] [Times: user=0.28 sys=0.01, real=0.04 secs] 
2011-02-12T07:46:37.709+0000: 26887.028: [GC
Desired survivor size 25362432 bytes, new threshold 1 (max 15)
 [PSYoungGen: 2769200K->8560K(2771392K)] 5956350K->3196222K(8363840K), 0.0390780 secs] [Times: user=0.18 sys=0.02, real=0.04 secs] 
2011-02-12T07:46:44.399+0000: 26893.719: [GC
Desired survivor size 23920640 bytes, new threshold 1 (max 15)
 [PSYoungGen: 2754160K->10816K(2770368K)] 5941822K->3199094K(8362816K), 0.0360860 secs] [Times: user=0.22 sys=0.02, real=0.03 secs] 
2011-02-12T07:46:51.124+0000: 26900.443: [GC
Desired survivor size 23068672 bytes, new threshold 1 (max 15)
 [PSYoungGen: 2756416K->8300K(2773632K)] 5944694K->3197070K(8366080K), 0.0343930 secs] [Times: user=0.20 sys=0.02, real=0.03 secs] 
2011-02-12T07:46:57.318+0000: 26906.637: [GC
Desired survivor size 23330816 bytes, new threshold 1 (max 15)
 [PSYoungGen: 2758572K->14496K(2772800K)] 5947342K->3203758K(8365248K), 0.0418680 secs] [Times: user=0.24 sys=0.01, real=0.05 secs] 
2011-02-12T07:47:03.054+0000: 26912.374: [GC
Desired survivor size 25886720 bytes, new threshold 1 (max 15)
 [PSYoungGen: 2764768K->20826K(2768384K)] 5954030K->3210501K(8360832K), 0.0442600 secs] [Times: user=0.27 sys=0.02, real=0.04 secs] 
2011-02-12T07:47:09.090+0000: 26918.410: [GC
Desired survivor size 25362432 bytes, new threshold 1 (max 15)
 [PSYoungGen: 2766426K->7152K(2770880K)] 5956101K->3197497K(8363328K), 0.0337440 secs] [Times: user=0.19 sys=0.02, real=0.04 secs] 
2011-02-12T07:47:15.308+0000: 26924.627: [GC
Desired survivor size 24313856 bytes, new threshold 1 (max 15)
 [PSYoungGen: 2752752K->9568K(2772416K)] 5943097K->3200409K(8364864K), 0.0372430 secs] [Times: user=0.21 sys=0.03, real=0.04 secs] 
2011-02-12T07:47:21.480+0000: 26930.799: [GC
Desired survivor size 25755648 bytes, new threshold 1 (max 15)
 [PSYoungGen: 2757216K->18368K(2766016K)] 5948057K->3209677K(8358464K), 0.0460550 secs] [Times: user=0.27 sys=0.02, real=0.05 secs] 
2011-02-12T07:47:27.976+0000: 26937.296: [GC
Desired survivor size 24903680 bytes, new threshold 1 (max 15)
 [PSYoungGen: 2766016K->9164K(2771840K)] 5957325K->3200821K(8364288K), 0.0360310 secs] [Times: user=0.20 sys=0.02, real=0.03 secs] 
2011-02-12T07:47:34.943+0000: 26944.263: [GC
Desired survivor size 24248320 bytes, new threshold 1 (max 15)
 [PSYoungGen: 2755852K->7856K(2771008K)] 5947509K->3200045K(8363456K), 0.0389720 secs] [Times: user=0.19 sys=0.03, real=0.04 secs] 
2011-02-12T07:47:41.143+0000: 26950.463: [GC
Desired survivor size 23789568 bytes, new threshold 1 (max 15)
 [PSYoungGen: 2754544K->13360K(2772928K)] 5946733K->3206109K(8365376K), 0.0420180 secs] [Times: user=0.24 sys=0.02, real=0.05 secs] 
2011-02-12T07:47:47.944+0000: 26957.264: [GC
Desired survivor size 22740992 bytes, new threshold 1 (max 15)
 [PSYoungGen: 2762608K->10720K(2772480K)] 5955357K->3204145K(8364928K), 0.0391330 secs] [Times: user=0.20 sys=0.02, real=0.04 secs] 
2011-02-12T07:47:55.504+0000: 26964.823: [GC
Desired survivor size 21823488 bytes, new threshold 1 (max 15)
 [PSYoungGen: 2759968K->10464K(2774848K)] 5953393K->3204333K(8367296K), 0.0361410 secs] [Times: user=0.21 sys=0.02, real=0.04 secs] 
2011-02-12T07:48:01.627+0000: 26970.947: [GC
Desired survivor size 22085632 bytes, new threshold 1 (max 15)
 [PSYoungGen: 2763104K->3746K(2773952K)] 5956973K->3198111K(8366400K), 0.0326000 secs] [Times: user=0.14 sys=0.01, real=0.04 secs] 
2011-02-12T07:48:07.849+0000: 26977.169: [GC
Desired survivor size 21757952 bytes, new threshold 1 (max 15)
 [PSYoungGen: 2756386K->6120K(2774912K)] 5950751K->3201091K(8367360K), 0.0335820 secs] [Times: user=0.17 sys=0.04, real=0.03 secs] 
2011-02-12T07:48:14.765+0000: 26984.085: [GC
Desired survivor size 21102592 bytes, new threshold 1 (max 15)
 [PSYoungGen: 2759464K->7232K(2774592K)] 5954435K->3202832K(8367040K), 0.0357850 secs] [Times: user=0.18 sys=0.03, real=0.04 secs] 
2011-02-12T07:48:20.974+0000: 26990.294: [GC
Desired survivor size 20381696 bytes, new threshold 1 (max 15)
 [PSYoungGen: 2760576K->10688K(2776256K)] 5956176K->3206680K(8368704K), 0.0408800 secs] [Times: user=0.20 sys=0.01, real=0.04 secs] 
2011-02-12T07:48:27.758+0000: 26997.078: [GC
Desired survivor size 19791872 bytes, new threshold 1 (max 15)
 [PSYoungGen: 2766336K->11136K(2775552K)] 5962328K->3207557K(8368000K), 0.0386790 secs] [Times: user=0.21 sys=0.01, real=0.04 secs] 
2011-02-12T07:48:35.332+0000: 27004.651: [GC
Desired survivor size 19922944 bytes, new threshold 1 (max 15)
 [PSYoungGen: 2766784K->3824K(2776576K)] 5963205K->3200657K(8369024K), 0.0271660 secs] [Times: user=0.16 sys=0.02, real=0.02 secs] 
2011-02-12T07:48:42.153+0000: 27011.473: [GC
Desired survivor size 19070976 bytes, new threshold 1 (max 15)
 [PSYoungGen: 2761072K->9792K(2776704K)] 5957905K->3207225K(8369152K), 0.0360990 secs] [Times: user=0.19 sys=0.01, real=0.03 secs] 
2011-02-12T07:48:48.673+0000: 27017.993: [GC
Desired survivor size 18743296 bytes, new threshold 1 (max 15)
 [PSYoungGen: 2767040K->11104K(2777856K)] 5964473K->3209381K(8370304K), 0.0409560 secs] [Times: user=0.20 sys=0.02, real=0.04 secs] 
2011-02-12T07:48:55.515+0000: 27024.834: [GC
Desired survivor size 18153472 bytes, new threshold 1 (max 15)
 [PSYoungGen: 2770336K->10464K(2777536K)] 5968613K->3209269K(8369984K), 0.0377940 secs] [Times: user=0.20 sys=0.03, real=0.03 secs] 
2011-02-12T07:49:01.354+0000: 27030.673: [GC
Desired survivor size 20971520 bytes, new threshold 1 (max 15)
 [PSYoungGen: 2769696K->17698K(2772928K)] 5968501K->3218139K(8365376K), 0.0471420 secs] [Times: user=0.26 sys=0.03, real=0.05 secs] 
2011-02-12T07:49:07.457+0000: 27036.777: [GC
Desired survivor size 21954560 bytes, new threshold 1 (max 15)
 [PSYoungGen: 2772898K->15928K(2771136K)] 5973339K->3217032K(8363584K), 0.0439360 secs] [Times: user=0.24 sys=0.02, real=0.04 secs] 
2011-02-12T07:49:14.629+0000: 27043.949: [GC
Desired survivor size 22020096 bytes, new threshold 1 (max 15)
 [PSYoungGen: 2771128K->4784K(2774592K)] 5972232K->3206372K(8367040K), 0.0324710 secs] [Times: user=0.15 sys=0.02, real=0.03 secs] 
2011-02-12T07:49:21.554+0000: 27050.873: [GC
Desired survivor size 22020096 bytes, new threshold 1 (max 15)
 [PSYoungGen: 2757936K->4448K(2774656K)] 5959524K->3206636K(8367104K), 0.0285940 secs] [Times: user=0.17 sys=0.02, real=0.03 secs] 
2011-02-12T07:49:28.043+0000: 27057.362: [GC
Desired survivor size 20840448 bytes, new threshold 1 (max 15)
 [PSYoungGen: 2757600K->9760K(2775808K)] 5959788K->3212336K(8368256K), 0.0362930 secs] [Times: user=0.18 sys=0.02, real=0.04 secs] 
2011-02-12T07:49:35.689+0000: 27065.009: [GC
Desired survivor size 20643840 bytes, new threshold 1 (max 15)
 [PSYoungGen: 2764064K->12192K(2774656K)] 5966640K->3215112K(8367104K), 0.0381810 secs] [Times: user=0.24 sys=0.01, real=0.03 secs] 
2011-02-12T07:49:42.117+0000: 27071.437: [GC
Desired survivor size 20643840 bytes, new threshold 1 (max 15)
 [PSYoungGen: 2766496K->4224K(2776000K)] 5969416K->3207908K(8368448K), 0.0313630 secs] [Times: user=0.17 sys=0.04, real=0.03 secs] 
2011-02-12T07:49:48.818+0000: 27078.138: [GC
Desired survivor size 20381696 bytes, new threshold 1 (max 15)
 [PSYoungGen: 2760064K->11744K(2776000K)] 5963748K->3216036K(8368448K), 0.0390470 secs] [Times: user=0.20 sys=0.02, real=0.04 secs] 
2011-02-12T07:49:55.617+0000: 27084.937: [GC
Desired survivor size 20381696 bytes, new threshold 1 (max 15)
 [PSYoungGen: 2767584K->4000K(2776256K)] 5971876K->3208772K(8368704K), 0.0284710 secs] [Times: user=0.15 sys=0.01, real=0.03 secs] 
2011-02-12T07:50:01.548+0000: 27090.867: [GC
Desired survivor size 20316160 bytes, new threshold 1 (max 15)
 [PSYoungGen: 2760352K->12002K(2776256K)] 5965124K->3217226K(8368704K), 0.0417500 secs] [Times: user=0.23 sys=0.03, real=0.04 secs] 
2011-02-12T07:50:07.627+0000: 27096.947: [GC
Desired survivor size 21626880 bytes, new threshold 1 (max 15)
 [PSYoungGen: 2768354K->15768K(2773760K)] 5973578K->3221550K(8366208K), 0.0454150 secs] [Times: user=0.24 sys=0.01, real=0.05 secs] 
2011-02-12T07:50:14.157+0000: 27103.477: [GC
Desired survivor size 21495808 bytes, new threshold 1 (max 15)
 [PSYoungGen: 2769688K->12704K(2775040K)] 5975470K->3219027K(8367488K), 0.0439100 secs] [Times: user=0.22 sys=0.02, real=0.04 secs] 
2011-02-12T07:50:19.817+0000: 27109.137: [GC
Desired survivor size 20447232 bytes, new threshold 1 (max 15)
 [PSYoungGen: 2766624K->10080K(2776192K)] 5972947K->3216936K(8368640K), 0.0406000 secs] [Times: user=0.20 sys=0.02, real=0.04 secs] 
2011-02-12T07:50:26.197+0000: 27115.517: [GC
Desired survivor size 21299200 bytes, new threshold 1 (max 15)
 [PSYoungGen: 2765280K->15040K(2775168K)] 5972136K->3222324K(8367616K), 0.0431270 secs] [Times: user=0.25 sys=0.01, real=0.04 secs] 
2011-02-12T07:50:33.552+0000: 27122.872: [GC
Desired survivor size 20643840 bytes, new threshold 1 (max 15)
 [PSYoungGen: 2770240K->8752K(2776000K)] 5977524K->3216516K(8368448K), 0.0381730 secs] [Times: user=0.19 sys=0.01, real=0.04 secs] 
2011-02-12T07:50:39.603+0000: 27128.923: [GC
Desired survivor size 19726336 bytes, new threshold 1 (max 15)
 [PSYoungGen: 2763952K->10000K(2775360K)] 5971716K->3218328K(8367808K), 0.0390350 secs] [Times: user=0.21 sys=0.03, real=0.04 secs] 
2011-02-12T07:50:46.199+0000: 27135.518: [GC
Desired survivor size 20709376 bytes, new threshold 1 (max 15)
 [PSYoungGen: 2765200K->15488K(2774976K)] 5973528K->3224396K(8367424K), 0.0419900 secs] [Times: user=0.26 sys=0.01, real=0.04 secs] 
2011-02-12T07:50:53.259+0000: 27142.579: [GC
Desired survivor size 19857408 bytes, new threshold 1 (max 15)
 [PSYoungGen: 2771200K->10464K(2775936K)] 5980108K->3219944K(8368384K), 0.0358560 secs] [Times: user=0.20 sys=0.01, real=0.03 secs] 
2011-02-12T07:50:59.353+0000: 27148.673: [GC
Desired survivor size 19660800 bytes, new threshold 1 (max 15)
 [PSYoungGen: 2766176K->7488K(2776960K)] 5975656K->3217424K(8369408K), 0.0350870 secs] [Times: user=0.19 sys=0.03, real=0.03 secs] 
2011-02-12T07:51:04.976+0000: 27154.296: [GC
Desired survivor size 19202048 bytes, new threshold 1 (max 15)
 [PSYoungGen: 2765056K->8250K(2776768K)] 5974992K->3218698K(8369216K), 0.0330550 secs] [Times: user=0.19 sys=0.02, real=0.03 secs] 
2011-02-12T07:51:11.230+0000: 27160.549: [GC
Desired survivor size 18874368 bytes, new threshold 1 (max 15)
 [PSYoungGen: 2765818K->7360K(2777728K)] 5976266K->3218494K(8370176K), 0.0361530 secs] [Times: user=0.17 sys=0.02, real=0.04 secs] 
2011-02-12T07:51:17.454+0000: 27166.774: [GC
Desired survivor size 20381696 bytes, new threshold 1 (max 15)
 [PSYoungGen: 2766336K->16320K(2775296K)] 5977470K->3227909K(8367744K), 0.0450270 secs] [Times: user=0.24 sys=0.02, real=0.04 secs] 
2011-02-12T07:51:23.564+0000: 27172.884: [GC
Desired survivor size 20447232 bytes, new threshold 1 (max 15)
 [PSYoungGen: 2775296K->4768K(2776128K)] 5986885K->3216773K(8368576K), 0.0300230 secs] [Times: user=0.16 sys=0.02, real=0.03 secs] 
2011-02-12T07:51:30.311+0000: 27179.631: [GC
Desired survivor size 19595264 bytes, new threshold 1 (max 15)
 [PSYoungGen: 2760992K->9312K(2776192K)] 5972997K->3221752K(8368640K), 0.0323940 secs] [Times: user=0.19 sys=0.02, real=0.04 secs] 
2011-02-12T07:51:37.106+0000: 27186.425: [GC
Desired survivor size 22675456 bytes, new threshold 1 (max 15)
 [PSYoungGen: 2765536K->19120K(2771008K)] 5977976K->3233036K(8363456K), 0.0450590 secs] [Times: user=0.28 sys=0.02, real=0.04 secs] 
2011-02-12T07:51:43.730+0000: 27193.049: [GC
Desired survivor size 22216704 bytes, new threshold 1 (max 15)
 [PSYoungGen: 2770992K->12848K(2774016K)] 5984908K->3227516K(8366464K), 0.0401950 secs] [Times: user=0.24 sys=0.02, real=0.04 secs] 
2011-02-12T07:51:49.987+0000: 27199.306: [GC
Desired survivor size 24117248 bytes, new threshold 1 (max 15)
 [PSYoungGen: 2764720K->19168K(2770752K)] 5979388K->3234356K(8363200K), 0.0461100 secs] [Times: user=0.25 sys=0.02, real=0.04 secs] 
2011-02-12T07:51:56.279+0000: 27205.598: [GC
Desired survivor size 23920640 bytes, new threshold 1 (max 15)
 [PSYoungGen: 2768224K->6432K(2772608K)] 5983412K->3221992K(8365056K), 0.0336420 secs] [Times: user=0.18 sys=0.02, real=0.03 secs] 
2011-02-12T07:52:02.743+0000: 27212.063: [GC
Desired survivor size 23724032 bytes, new threshold 1 (max 15)
 [PSYoungGen: 2755488K->14042K(2772992K)] 5971048K->3230055K(8365440K), 0.0385280 secs] [Times: user=0.25 sys=0.01, real=0.04 secs] 
2011-02-12T07:52:08.482+0000: 27217.802: [GC
Desired survivor size 24313856 bytes, new threshold 1 (max 15)
 [PSYoungGen: 2763674K->16416K(2766080K)] 5979687K->3233147K(8358528K), 0.0459570 secs] [Times: user=0.24 sys=0.02, real=0.05 secs] 
2011-02-12T07:52:15.081+0000: 27224.401: [GC
Desired survivor size 23724032 bytes, new threshold 1 (max 15)
 [PSYoungGen: 2766048K->8736K(2772992K)] 5982779K->3225919K(8365440K), 0.0351950 secs] [Times: user=0.20 sys=0.02, real=0.03 secs] 
2011-02-12T07:52:21.494+0000: 27230.814: [GC
Desired survivor size 23789568 bytes, new threshold 1 (max 15)
 [PSYoungGen: 2757984K->4716K(2772416K)] 5975167K->3222411K(8364864K), 0.0310650 secs] [Times: user=0.16 sys=0.02, real=0.03 secs] 
2011-02-12T07:52:28.098+0000: 27237.418: [GC
Desired survivor size 23265280 bytes, new threshold 1 (max 15)
 [PSYoungGen: 2753964K->7198K(2773440K)] 5971659K->3225342K(8365888K), 0.0301050 secs] [Times: user=0.18 sys=0.01, real=0.03 secs] 
2011-02-12T07:52:33.803+0000: 27243.123: [GC
Desired survivor size 24641536 bytes, new threshold 1 (max 15)
 [PSYoungGen: 2757406K->17520K(2767744K)] 5975550K->3236166K(8360192K), 0.0456610 secs] [Times: user=0.28 sys=0.02, real=0.04 secs] 
2011-02-12T07:52:40.715+0000: 27250.035: [GC
Desired survivor size 25231360 bytes, new threshold 1 (max 15)
 [PSYoungGen: 2767728K->16494K(2770944K)] 5986374K->3235725K(8363392K), 0.0447450 secs] [Times: user=0.25 sys=0.02, real=0.04 secs] 
2011-02-12T07:52:47.184+0000: 27256.504: [GC
Desired survivor size 24576000 bytes, new threshold 1 (max 15)
 [PSYoungGen: 2763374K->8320K(2771520K)] 5982605K->3228521K(8363968K), 0.0364270 secs] [Times: user=0.21 sys=0.02, real=0.03 secs] 
2011-02-12T07:52:53.256+0000: 27262.576: [GC
Desired survivor size 23396352 bytes, new threshold 1 (max 15)
 [PSYoungGen: 2755200K->11072K(2773312K)] 5975401K->3231717K(8365760K), 0.0385400 secs] [Times: user=0.20 sys=0.01, real=0.04 secs] 
2011-02-12T07:52:58.988+0000: 27268.308: [GC
Desired survivor size 23134208 bytes, new threshold 1 (max 15)
 [PSYoungGen: 2760384K->6240K(2772160K)] 5981029K->3227297K(8364608K), 0.0313610 secs] [Times: user=0.17 sys=0.02, real=0.03 secs] 
2011-02-12T07:53:05.088+0000: 27274.408: [GC
Desired survivor size 22020096 bytes, new threshold 1 (max 15)
 [PSYoungGen: 2755552K->10778K(2774656K)] 5976609K->3232239K(8367104K), 0.0387270 secs] [Times: user=0.21 sys=0.02, real=0.04 secs] 
2011-02-12T07:53:11.611+0000: 27280.931: [GC
Desired survivor size 22216704 bytes, new threshold 1 (max 15)
 [PSYoungGen: 2762842K->3692K(2773568K)] 5984303K->3225859K(8366016K), 0.0275970 secs] [Times: user=0.16 sys=0.02, real=0.03 secs] 
2011-02-12T07:53:18.309+0000: 27287.629: [GC
Desired survivor size 25559040 bytes, new threshold 1 (max 15)
 [PSYoungGen: 2755756K->21696K(2767936K)] 5977923K->3244403K(8360384K), 0.0485440 secs] [Times: user=0.30 sys=0.02, real=0.05 secs] 
2011-02-12T07:53:24.827+0000: 27294.147: [GC
Desired survivor size 24838144 bytes, new threshold 1 (max 15)
 [PSYoungGen: 2767936K->7584K(2771200K)] 5990643K->3230739K(8363648K), 0.0357360 secs] [Times: user=0.19 sys=0.02, real=0.03 secs] 
2011-02-12T07:53:31.263+0000: 27300.582: [GC
Desired survivor size 24510464 bytes, new threshold 1 (max 15)
 [PSYoungGen: 2753824K->13664K(2772224K)] 5976979K->3237312K(8364672K), 0.0402290 secs] [Times: user=0.24 sys=0.02, real=0.04 secs] 
2011-02-12T07:53:37.846+0000: 27307.166: [GC
Desired survivor size 23265280 bytes, new threshold 1 (max 15)
 [PSYoungGen: 2761632K->11184K(2771904K)] 5985280K->3235408K(8364352K), 0.0375660 secs] [Times: user=0.21 sys=0.02, real=0.04 secs] 
2011-02-12T07:53:44.803+0000: 27314.123: [GC
Desired survivor size 22347776 bytes, new threshold 1 (max 15)
 [PSYoungGen: 2759152K->12028K(2774336K)] 5983376K->3236872K(8366784K), 0.0372640 secs] [Times: user=0.21 sys=0.01, real=0.04 secs] 
2011-02-12T07:53:51.594+0000: 27320.914: [GC
Desired survivor size 21692416 bytes, new threshold 1 (max 15)
 [PSYoungGen: 2763644K->12448K(2773440K)] 5988488K->3237832K(8365888K), 0.0399110 secs] [Times: user=0.22 sys=0.02, real=0.04 secs] 
2011-02-12T07:53:57.503+0000: 27326.823: [GC
Desired survivor size 23789568 bytes, new threshold 1 (max 15)
 [PSYoungGen: 2764064K->19584K(2770880K)] 5989448K->3245400K(8363328K), 0.0452010 secs] [Times: user=0.28 sys=0.01, real=0.04 secs] 
2011-02-12T07:54:03.620+0000: 27332.939: [GC
Desired survivor size 24444928 bytes, new threshold 1 (max 15)
 [PSYoungGen: 2769280K->16954K(2766656K)] 5995096K->3243170K(8359104K), 0.0431740 secs] [Times: user=0.27 sys=0.02, real=0.05 secs] 
2011-02-12T07:54:09.749+0000: 27339.069: [GC
Desired survivor size 24903680 bytes, new threshold 1 (max 15)
 [PSYoungGen: 2766650K->3488K(2771392K)] 5992866K->3230358K(8363840K), 0.0268160 secs] [Times: user=0.16 sys=0.02, real=0.03 secs] 
2011-02-12T07:54:15.993+0000: 27345.313: [GC
Desired survivor size 24248320 bytes, new threshold 1 (max 15)
 [PSYoungGen: 2751008K->8128K(2771840K)] 5977878K->3235418K(8364288K), 0.0352050 secs] [Times: user=0.19 sys=0.02, real=0.04 secs] 
2011-02-12T07:54:22.856+0000: 27352.176: [GC
Desired survivor size 24313856 bytes, new threshold 1 (max 15)
 [PSYoungGen: 2755648K->4224K(2772352K)] 5982938K->3232002K(8364800K), 0.0292490 secs] [Times: user=0.16 sys=0.01, real=0.03 secs] 
2011-02-12T07:54:29.663+0000: 27358.983: [GC
Desired survivor size 24182784 bytes, new threshold 1 (max 15)
 [PSYoungGen: 2752896K->3744K(2772416K)] 5980674K->3232014K(8364864K), 0.0321060 secs] [Times: user=0.17 sys=0.01, real=0.04 secs] 
2011-02-12T07:54:36.828+0000: 27366.148: [GC
Desired survivor size 23592960 bytes, new threshold 1 (max 15)
 [PSYoungGen: 2752416K->5395K(2773120K)] 5980686K->3234018K(8365568K), 0.0322330 secs] [Times: user=0.16 sys=0.02, real=0.03 secs] 
2011-02-12T07:54:44.962+0000: 27374.282: [GC
Desired survivor size 22347776 bytes, new threshold 1 (max 15)
 [PSYoungGen: 2754899K->8736K(2772544K)] 5983522K->3237974K(8364992K), 0.0354640 secs] [Times: user=0.19 sys=0.01, real=0.04 secs] 
2011-02-12T07:54:51.566+0000: 27380.886: [GC
Desired survivor size 21889024 bytes, new threshold 1 (max 15)
 [PSYoungGen: 2758240K->5138K(2774784K)] 5987478K->3234992K(8367232K), 0.0302970 secs] [Times: user=0.16 sys=0.02, real=0.03 secs] 
2011-02-12T07:54:58.844+0000: 27388.164: [GC
Desired survivor size 20971520 bytes, new threshold 1 (max 15)
 [PSYoungGen: 2758098K->10064K(2774336K)] 5987952K->3240382K(8366784K), 0.0375690 secs] [Times: user=0.21 sys=0.03, real=0.04 secs] 
2011-02-12T07:55:05.058+0000: 27394.378: [GC
Desired survivor size 22413312 bytes, new threshold 1 (max 15)
 [PSYoungGen: 2763024K->15994K(2772864K)] 5993342K->3246884K(8365312K), 0.0429330 secs] [Times: user=0.26 sys=0.02, real=0.05 secs] 
2011-02-12T07:55:11.002+0000: 27400.322: [GC
Desired survivor size 24444928 bytes, new threshold 1 (max 15)
 [PSYoungGen: 2768378K->18368K(2770752K)] 5999268K->3249940K(8363200K), 0.0503750 secs] [Times: user=0.24 sys=0.03, real=0.05 secs] 
2011-02-12T07:55:17.419+0000: 27406.739: [GC
Desired survivor size 23658496 bytes, new threshold 1 (max 15)
 [PSYoungGen: 2770752K->12158K(2773056K)] 6002324K->3244119K(8365504K), 0.0390570 secs] [Times: user=0.24 sys=0.01, real=0.04 secs] 
2011-02-12T07:55:23.224+0000: 27412.543: [GC
Desired survivor size 22872064 bytes, new threshold 1 (max 15)
 [PSYoungGen: 2761342K->12160K(2772288K)] 5993303K->3244524K(8364736K), 0.0393990 secs] [Times: user=0.24 sys=0.01, real=0.04 secs] 
2011-02-12T07:55:29.235+0000: 27418.555: [GC
Desired survivor size 22216704 bytes, new threshold 1 (max 15)
 [PSYoungGen: 2761344K->12224K(2774464K)] 5993708K->3244992K(8366912K), 0.0402100 secs] [Times: user=0.23 sys=0.01, real=0.04 secs] 
2011-02-12T07:55:36.259+0000: 27425.578: [GC
Desired survivor size 23134208 bytes, new threshold 1 (max 15)
 [PSYoungGen: 2764352K->16480K(2768640K)] 5997120K->3249632K(8361088K), 0.0426080 secs] [Times: user=0.27 sys=0.02, real=0.04 secs] 
2011-02-12T07:55:43.116+0000: 27432.435: [GC
Desired survivor size 24379392 bytes, new threshold 1 (max 15)
 [PSYoungGen: 2768608K->17776K(2771136K)] 6001760K->3251465K(8363584K), 0.0453640 secs] [Times: user=0.28 sys=0.04, real=0.04 secs] 
2011-02-12T07:55:49.768+0000: 27439.088: [GC
Desired survivor size 24838144 bytes, new threshold 1 (max 15)
 [PSYoungGen: 2766320K->16624K(2765184K)] 6000009K->3251177K(8357632K), 0.0444330 secs] [Times: user=0.26 sys=0.03, real=0.04 secs] 
2011-02-12T07:55:57.017+0000: 27446.337: [GC
Desired survivor size 23789568 bytes, new threshold 1 (max 15)
 [PSYoungGen: 2765168K->13069K(2772928K)] 5999721K->3248199K(8365376K), 0.0383020 secs] [Times: user=0.23 sys=0.02, real=0.04 secs] 
2011-02-12T07:56:02.899+0000: 27452.219: [GC
Desired survivor size 25493504 bytes, new threshold 1 (max 15)
 [PSYoungGen: 2761741K->19949K(2768640K)] 5996871K->3255610K(8361088K), 0.0478820 secs] [Times: user=0.29 sys=0.03, real=0.05 secs] 
2011-02-12T07:56:09.669+0000: 27458.989: [GC
Desired survivor size 24772608 bytes, new threshold 1 (max 15)
 [PSYoungGen: 2768621K->10560K(2771968K)] 6004282K->3247266K(8364416K), 0.0366170 secs] [Times: user=0.21 sys=0.01, real=0.03 secs] 
2011-02-12T07:56:16.342+0000: 27465.661: [GC
Desired survivor size 24510464 bytes, new threshold 1 (max 15)
 [PSYoungGen: 2757632K->8511K(2771264K)] 5994338K->3245675K(8363712K), 0.0390430 secs] [Times: user=0.17 sys=0.01, real=0.04 secs] 
2011-02-12T07:56:22.998+0000: 27472.318: [GC
Desired survivor size 24313856 bytes, new threshold 1 (max 15)
 [PSYoungGen: 2755583K->6922K(2772416K)] 5992747K->3244434K(8364864K), 0.0333680 secs] [Times: user=0.18 sys=0.02, real=0.04 secs] 
2011-02-12T07:56:29.653+0000: 27478.973: [GC
Desired survivor size 24051712 bytes, new threshold 1 (max 15)
 [PSYoungGen: 2755402K->14560K(2772224K)] 5992914K->3252579K(8364672K), 0.0424050 secs] [Times: user=0.25 sys=0.02, real=0.04 secs] 
2011-02-12T07:56:36.397+0000: 27485.717: [GC
Desired survivor size 23068672 bytes, new threshold 1 (max 15)
 [PSYoungGen: 2763040K->11696K(2773632K)] 6001059K->3250167K(8366080K), 0.0380250 secs] [Times: user=0.23 sys=0.03, real=0.04 secs] 
2011-02-12T07:56:42.909+0000: 27492.228: [GC
Desired survivor size 22151168 bytes, new threshold 1 (max 15)
 [PSYoungGen: 2761840K->11358K(2772672K)] 6000311K->3250310K(8365120K), 0.0382830 secs] [Times: user=0.22 sys=0.01, real=0.04 secs] 
2011-02-12T07:56:48.985+0000: 27498.305: [GC
Desired survivor size 22020096 bytes, new threshold 1 (max 15)
 [PSYoungGen: 2761502K->14336K(2774656K)] 6000454K->3253993K(8367104K), 0.0422670 secs] [Times: user=0.26 sys=0.01, real=0.04 secs] 
2011-02-12T07:56:55.233+0000: 27504.552: [GC
Desired survivor size 22478848 bytes, new threshold 1 (max 15)
 [PSYoungGen: 2767360K->4480K(2757504K)] 6007017K->3244537K(8349952K), 0.0309130 secs] [Times: user=0.16 sys=0.03, real=0.03 secs] 
2011-02-12T07:57:01.895+0000: 27511.214: [GC
Desired survivor size 22216704 bytes, new threshold 1 (max 15)
 [PSYoungGen: 2757504K->13698K(2774464K)] 5997561K->3254145K(8366912K), 0.0405350 secs] [Times: user=0.24 sys=0.03, real=0.04 secs] 
2011-02-12T07:57:08.468+0000: 27517.787: [GC
Desired survivor size 21757952 bytes, new threshold 1 (max 15)
 [PSYoungGen: 2766210K->8448K(2774208K)] 6006657K->3249553K(8366656K), 0.0365560 secs] [Times: user=0.19 sys=0.02, real=0.04 secs] 
2011-02-12T07:57:14.979+0000: 27524.299: [GC
Desired survivor size 21692416 bytes, new threshold 1 (max 15)
 [PSYoungGen: 2760960K->6400K(2774976K)] 6002065K->3247961K(8367424K), 0.0330390 secs] [Times: user=0.16 sys=0.01, real=0.03 secs] 
2011-02-12T07:57:21.126+0000: 27530.446: [GC
Desired survivor size 20905984 bytes, new threshold 1 (max 15)
 [PSYoungGen: 2760128K->11616K(2774912K)] 6001689K->3253661K(8367360K), 0.0385720 secs] [Times: user=0.23 sys=0.01, real=0.03 secs] 
2011-02-12T07:57:28.311+0000: 27537.631: [GC
Desired survivor size 20905984 bytes, new threshold 1 (max 15)
 [PSYoungGen: 2765344K->13664K(2775744K)] 6007389K->3256057K(8368192K), 0.0412760 secs] [Times: user=0.24 sys=0.02, real=0.04 secs] 
2011-02-12T07:57:35.133+0000: 27544.452: [GC
Desired survivor size 20774912 bytes, new threshold 1 (max 15)
 [PSYoungGen: 2768992K->13456K(2775744K)] 6011385K->3256345K(8368192K), 0.0426400 secs] [Times: user=0.24 sys=0.02, real=0.04 secs] 
2011-02-12T07:57:40.988+0000: 27550.307: [GC
Desired survivor size 22216704 bytes, new threshold 1 (max 15)
 [PSYoungGen: 2768784K->17600K(2773056K)] 6011673K->3261029K(8365504K), 0.0477860 secs] [Times: user=0.27 sys=0.03, real=0.05 secs] 
2011-02-12T07:57:47.997+0000: 27557.317: [GC
Desired survivor size 21954560 bytes, new threshold 1 (max 15)
 [PSYoungGen: 2770368K->7816K(2774464K)] 6013797K->3251913K(8366912K), 0.0326590 secs] [Times: user=0.18 sys=0.03, real=0.04 secs] 
2011-02-12T07:57:54.319+0000: 27563.639: [GC
Desired survivor size 21692416 bytes, new threshold 1 (max 15)
 [PSYoungGen: 2760584K->13568K(2774976K)] 6004681K->3258158K(8367424K), 0.0410210 secs] [Times: user=0.24 sys=0.01, real=0.05 secs] 
2011-02-12T07:58:00.827+0000: 27570.147: [GC
Desired survivor size 20774912 bytes, new threshold 1 (max 15)
 [PSYoungGen: 2767104K->11870K(2774720K)] 6011694K->3256906K(8367168K), 0.0390930 secs] [Times: user=0.22 sys=0.02, real=0.04 secs] 
2011-02-12T07:58:07.085+0000: 27576.405: [GC
Desired survivor size 20054016 bytes, new threshold 1 (max 15)
 [PSYoungGen: 2765406K->10968K(2776576K)] 6010442K->3256670K(8369024K), 0.0384910 secs] [Times: user=0.21 sys=0.03, real=0.04 secs] 
2011-02-12T07:58:12.999+0000: 27582.319: [GC
Desired survivor size 20381696 bytes, new threshold 1 (max 15)
 [PSYoungGen: 2767256K->5408K(2775872K)] 6012958K->3251586K(8368320K), 0.0321490 secs] [Times: user=0.17 sys=0.03, real=0.03 secs] 
2011-02-12T07:58:18.998+0000: 27588.318: [GC
Desired survivor size 19922944 bytes, new threshold 1 (max 15)
 [PSYoungGen: 2761696K->8640K(2776704K)] 6007874K->3255218K(8369152K), 0.0362710 secs] [Times: user=0.19 sys=0.02, real=0.04 secs] 
2011-02-12T07:58:25.829+0000: 27595.148: [GC
Desired survivor size 19464192 bytes, new threshold 1 (max 15)
 [PSYoungGen: 2765440K->8384K(2776256K)] 6012018K->3255386K(8368704K), 0.0365630 secs] [Times: user=0.20 sys=0.01, real=0.04 secs] 
2011-02-12T07:58:32.765+0000: 27602.085: [GC
Desired survivor size 19202048 bytes, new threshold 1 (max 15)
 [PSYoungGen: 2765184K->7376K(2777408K)] 6012186K->3254814K(8369856K), 0.0345340 secs] [Times: user=0.19 sys=0.01, real=0.03 secs] 
2011-02-12T07:58:39.333+0000: 27608.652: [GC
Desired survivor size 18546688 bytes, new threshold 1 (max 15)
 [PSYoungGen: 2765776K->9264K(2777152K)] 6013214K->3257338K(8369600K), 0.0348540 secs] [Times: user=0.21 sys=0.02, real=0.04 secs] 
2011-02-12T07:58:45.929+0000: 27615.248: [GC
Desired survivor size 19136512 bytes, new threshold 1 (max 15)
 [PSYoungGen: 2767664K->13944K(2776896K)] 6015738K->3262610K(8369344K), 0.0397800 secs] [Times: user=0.25 sys=0.01, real=0.04 secs] 
2011-02-12T07:58:52.327+0000: 27621.646: [GC
Desired survivor size 19595264 bytes, new threshold 1 (max 15)
 [PSYoungGen: 2772728K->3360K(2762176K)] 6021394K->3252858K(8354624K), 0.0262810 secs] [Times: user=0.15 sys=0.01, real=0.03 secs] 
2011-02-12T07:58:58.948+0000: 27628.268: [GC
Desired survivor size 20119552 bytes, new threshold 1 (max 15)
 [PSYoungGen: 2762144K->13760K(2776000K)] 6011642K->3263654K(8368448K), 0.0417940 secs] [Times: user=0.23 sys=0.03, real=0.04 secs] 
2011-02-12T07:59:05.499+0000: 27634.819: [GC
Desired survivor size 19202048 bytes, new threshold 1 (max 15)
 [PSYoungGen: 2770624K->9786K(2776512K)] 6020518K->3260072K(8368960K), 0.0364280 secs] [Times: user=0.21 sys=0.02, real=0.03 secs] 
2011-02-12T07:59:12.168+0000: 27641.487: [GC
Desired survivor size 19791872 bytes, new threshold 1 (max 15)
 [PSYoungGen: 2766650K->14080K(2776256K)] 6016936K->3265116K(8368704K), 0.0434230 secs] [Times: user=0.25 sys=0.02, real=0.05 secs] 
2011-02-12T07:59:18.489+0000: 27647.809: [GC
Desired survivor size 23265280 bytes, new threshold 1 (max 15)
 [PSYoungGen: 2771584K->19328K(2776832K)] 6022620K->3273039K(8369280K), 0.0483900 secs] [Times: user=0.30 sys=0.02, real=0.05 secs] 
2011-02-12T07:59:25.252+0000: 27654.571: [GC
Desired survivor size 23265280 bytes, new threshold 1 (max 15)
 [PSYoungGen: 2776832K->14752K(2770048K)] 6030543K->3268943K(8362496K), 0.0437910 secs] [Times: user=0.25 sys=0.02, real=0.04 secs] 
2011-02-12T07:59:32.684+0000: 27662.003: [GC
Desired survivor size 22609920 bytes, new threshold 1 (max 15)
 [PSYoungGen: 2765472K->9584K(2773440K)] 6019663K->3264244K(8365888K), 0.0365840 secs] [Times: user=0.20 sys=0.03, real=0.03 secs] 
2011-02-12T07:59:38.447+0000: 27667.767: [GC
Desired survivor size 22347776 bytes, new threshold 1 (max 15)
 [PSYoungGen: 2760304K->7184K(2774336K)] 6014964K->3262400K(8366784K), 0.0344970 secs] [Times: user=0.16 sys=0.03, real=0.03 secs] 
2011-02-12T07:59:45.554+0000: 27674.874: [GC
Desired survivor size 22609920 bytes, new threshold 1 (max 15)
 [PSYoungGen: 2759440K->14784K(2774080K)] 6014656K->3270563K(8366528K), 0.0428030 secs] [Times: user=0.25 sys=0.02, real=0.04 secs] 
2011-02-12T07:59:52.034+0000: 27681.354: [GC
Desired survivor size 21954560 bytes, new threshold 1 (max 15)
 [PSYoungGen: 2767040K->9408K(2774720K)] 6022819K->3265743K(8367168K), 0.0359620 secs] [Times: user=0.20 sys=0.01, real=0.04 secs] 
2011-02-12T07:59:58.395+0000: 27687.714: [GC
Desired survivor size 23199744 bytes, new threshold 1 (max 15)
 [PSYoungGen: 2762048K->17568K(2770240K)] 6018383K->3274299K(8362688K), 0.0474700 secs] [Times: user=0.27 sys=0.02, real=0.05 secs] 
2011-02-12T08:00:04.058+0000: 27693.377: [GC
Desired survivor size 27000832 bytes, new threshold 1 (max 15)
 [PSYoungGen: 2770208K->22650K(2766080K)] 6026939K->3281697K(8358528K), 0.0532340 secs] [Times: user=0.34 sys=0.03, real=0.05 secs] 
2011-02-12T08:00:09.247+0000: 27698.567: [GC
Desired survivor size 26738688 bytes, new threshold 1 (max 15)
 [PSYoungGen: 2766074K->7354K(2769792K)] 6025121K->3267140K(8362240K), 0.0348490 secs] [Times: user=0.18 sys=0.01, real=0.03 secs] 
2011-02-12T08:00:15.414+0000: 27704.733: [GC
Desired survivor size 25886720 bytes, new threshold 1 (max 15)
 [PSYoungGen: 2750778K->9888K(2770880K)] 6010564K->3270105K(8363328K), 0.0368720 secs] [Times: user=0.22 sys=0.02, real=0.04 secs] 
2011-02-12T08:00:20.881+0000: 27710.201: [GC
Desired survivor size 25886720 bytes, new threshold 1 (max 15)
 [PSYoungGen: 2754656K->4896K(2770048K)] 6014873K->3265625K(8362496K), 0.0298960 secs] [Times: user=0.17 sys=0.02, real=0.03 secs] 
2011-02-12T08:00:27.118+0000: 27716.437: [GC
Desired survivor size 25231360 bytes, new threshold 1 (max 15)
 [PSYoungGen: 2749664K->7648K(2771520K)] 6010393K->3268789K(8363968K), 0.0336230 secs] [Times: user=0.20 sys=0.01, real=0.04 secs] 
2011-02-12T08:00:32.876+0000: 27722.196: [GC
Desired survivor size 26542080 bytes, new threshold 1 (max 15)
 [PSYoungGen: 2753888K->18384K(2764672K)] 6015029K->3280017K(8357120K), 0.0442200 secs] [Times: user=0.27 sys=0.01, real=0.05 secs] 
2011-02-12T08:00:39.163+0000: 27728.483: [GC
Desired survivor size 26083328 bytes, new threshold 1 (max 15)
 [PSYoungGen: 2764624K->6512K(2770688K)] 6026257K->3268621K(8363136K), 0.0336770 secs] [Times: user=0.18 sys=0.02, real=0.03 secs] 
2011-02-12T08:00:45.305+0000: 27734.625: [GC
Desired survivor size 25165824 bytes, new threshold 1 (max 15)
 [PSYoungGen: 2751280K->8352K(2770240K)] 6013389K->3271069K(8362688K), 0.0352810 secs] [Times: user=0.19 sys=0.01, real=0.04 secs] 
2011-02-12T08:00:50.758+0000: 27740.078: [GC
Desired survivor size 26214400 bytes, new threshold 1 (max 15)
 [PSYoungGen: 2753120K->17439K(2769536K)] 6015837K->3280641K(8361984K), 0.0469050 secs] [Times: user=0.26 sys=0.01, real=0.05 secs] 
2011-02-12T08:00:56.735+0000: 27746.055: [GC
Desired survivor size 27983872 bytes, new threshold 1 (max 15)
 [PSYoungGen: 2762399K->20320K(2765312K)] 6025601K->3284025K(8357760K), 0.0484760 secs] [Times: user=0.29 sys=0.01, real=0.05 secs] 
2011-02-12T08:01:02.696+0000: 27752.016: [GC
Desired survivor size 27918336 bytes, new threshold 1 (max 15)
 [PSYoungGen: 2765280K->4730K(2768896K)] 6028985K->3268860K(8361344K), 0.0311240 secs] [Times: user=0.16 sys=0.02, real=0.03 secs] 
2011-02-12T08:01:08.451+0000: 27757.770: [GC
Desired survivor size 30146560 bytes, new threshold 1 (max 15)
 [PSYoungGen: 2746298K->21920K(2763520K)] 6010428K->3286724K(8355968K), 0.0516800 secs] [Times: user=0.30 sys=0.02, real=0.05 secs] 
2011-02-12T08:01:14.939+0000: 27764.258: [GC
Desired survivor size 29753344 bytes, new threshold 1 (max 15)
 [PSYoungGen: 2763488K->16384K(2767104K)] 6028292K->3281672K(8359552K), 0.0438960 secs] [Times: user=0.27 sys=0.02, real=0.04 secs] 
2011-02-12T08:01:20.683+0000: 27770.002: [GC
Desired survivor size 30015488 bytes, new threshold 1 (max 15)
 [PSYoungGen: 2754048K->18048K(2766720K)] 6019336K->3283792K(8359168K), 0.0459680 secs] [Times: user=0.27 sys=0.02, real=0.05 secs] 
2011-02-12T08:01:27.206+0000: 27776.525: [GC
Desired survivor size 29884416 bytes, new threshold 1 (max 15)
 [PSYoungGen: 2755712K->17696K(2766976K)] 6021456K->3283920K(8359424K), 0.0476660 secs] [Times: user=0.28 sys=0.02, real=0.04 secs] 
2011-02-12T08:01:33.293+0000: 27782.612: [GC
Desired survivor size 29949952 bytes, new threshold 1 (max 15)
 [PSYoungGen: 2755360K->5104K(2766848K)] 6021584K->3271747K(8359296K), 0.0314840 secs] [Times: user=0.17 sys=0.02, real=0.03 secs] 
2011-02-12T08:01:38.903+0000: 27788.223: [GC
Desired survivor size 28377088 bytes, new threshold 1 (max 15)
 [PSYoungGen: 2742768K->12784K(2768448K)] 6009411K->3279975K(8360896K), 0.0390450 secs] [Times: user=0.23 sys=0.03, real=0.04 secs] 
2011-02-12T08:01:45.466+0000: 27794.786: [GC
Desired survivor size 27459584 bytes, new threshold 1 (max 15)
 [PSYoungGen: 2751984K->9696K(2766912K)] 6019175K->3277447K(8359360K), 0.0389180 secs] [Times: user=0.21 sys=0.02, real=0.04 secs] 
2011-02-12T08:01:51.514+0000: 27800.834: [GC
Desired survivor size 26411008 bytes, new threshold 1 (max 15)
 [PSYoungGen: 2748896K->10608K(2770368K)] 6016647K->3278891K(8362816K), 0.0403460 secs] [Times: user=0.22 sys=0.02, real=0.04 secs] 
2011-02-12T08:01:56.684+0000: 27806.004: [GC
Desired survivor size 26279936 bytes, new threshold 1 (max 15)
 [PSYoungGen: 2754160K->5696K(2769344K)] 6022443K->3274583K(8361792K), 0.0343060 secs] [Times: user=0.18 sys=0.02, real=0.03 secs] 
2011-02-12T08:02:03.154+0000: 27812.473: [GC
Desired survivor size 25559040 bytes, new threshold 1 (max 15)
 [PSYoungGen: 2749248K->13722K(2771200K)] 6018135K->3283008K(8363648K), 0.0415670 secs] [Times: user=0.24 sys=0.02, real=0.04 secs] 
2011-02-12T08:02:09.148+0000: 27818.467: [GC
Desired survivor size 24903680 bytes, new threshold 1 (max 15)
 [PSYoungGen: 2759258K->8331K(2770496K)] 6028544K->3278312K(8362944K), 0.0346080 secs] [Times: user=0.19 sys=0.02, real=0.04 secs] 
2011-02-12T08:02:14.847+0000: 27824.167: [GC
Desired survivor size 23658496 bytes, new threshold 1 (max 15)
 [PSYoungGen: 2753867K->11488K(2773056K)] 6023848K->3281951K(8365504K), 0.0405020 secs] [Times: user=0.23 sys=0.02, real=0.04 secs] 
2011-02-12T08:02:21.264+0000: 27830.584: [GC
Desired survivor size 24379392 bytes, new threshold 1 (max 15)
 [PSYoungGen: 2760224K->16704K(2771840K)] 6030687K->3287527K(8364288K), 0.0445210 secs] [Times: user=0.27 sys=0.02, real=0.04 secs] 
2011-02-12T08:02:27.676+0000: 27836.995: [GC
Desired survivor size 23461888 bytes, new threshold 1 (max 15)
 [PSYoungGen: 2765440K->10496K(2773248K)] 6036263K->3281719K(8365696K), 0.0370120 secs] [Times: user=0.22 sys=0.00, real=0.04 secs] 
2011-02-12T08:02:33.429+0000: 27842.749: [GC
Desired survivor size 23396352 bytes, new threshold 1 (max 15)
 [PSYoungGen: 2759936K->6320K(2772352K)] 6031159K->3277991K(8364800K), 0.0340510 secs] [Times: user=0.18 sys=0.02, real=0.04 secs] 
2011-02-12T08:02:39.823+0000: 27849.143: [GC
Desired survivor size 22216704 bytes, new threshold 1 (max 15)
 [PSYoungGen: 2755760K->11248K(2774464K)] 6027431K->3283399K(8366912K), 0.0392280 secs] [Times: user=0.22 sys=0.02, real=0.04 secs] 
2011-02-12T08:02:46.028+0000: 27855.348: [GC
Desired survivor size 24248320 bytes, new threshold 1 (max 15)
 [PSYoungGen: 2762864K->19424K(2771072K)] 6035015K->3292119K(8363520K), 0.0480010 secs] [Times: user=0.29 sys=0.01, real=0.05 secs] 
2011-02-12T08:02:52.384+0000: 27861.704: [GC
Desired survivor size 23658496 bytes, new threshold 1 (max 15)
 [PSYoungGen: 2771040K->8720K(2773056K)] 6043735K->3281931K(8365504K), 0.0370660 secs] [Times: user=0.20 sys=0.01, real=0.04 secs] 
2011-02-12T08:02:59.188+0000: 27868.507: [GC
Desired survivor size 22937600 bytes, new threshold 1 (max 15)
 [PSYoungGen: 2758096K->9472K(2772480K)] 6031307K->3283255K(8364928K), 0.0371080 secs] [Times: user=0.21 sys=0.01, real=0.03 secs] 
2011-02-12T08:03:05.382+0000: 27874.702: [GC
Desired survivor size 25034752 bytes, new threshold 1 (max 15)
 [PSYoungGen: 2758848K->20122K(2769664K)] 6032631K->3294433K(8362112K), 0.0483120 secs] [Times: user=0.29 sys=0.02, real=0.05 secs] 
2011-02-12T08:03:11.429+0000: 27880.749: [GC
Desired survivor size 24707072 bytes, new threshold 1 (max 15)
 [PSYoungGen: 2767386K->14880K(2771712K)] 6041697K->3289921K(8364160K), 0.0430830 secs] [Times: user=0.25 sys=0.03, real=0.04 secs] 
2011-02-12T08:03:18.486+0000: 27887.806: [GC
Desired survivor size 23920640 bytes, new threshold 1 (max 15)
 [PSYoungGen: 2762144K->10880K(2772800K)] 6037185K->3286345K(8365248K), 0.0359190 secs] [Times: user=0.20 sys=0.01, real=0.04 secs] 
2011-02-12T08:03:25.621+0000: 27894.940: [GC
Desired survivor size 24182784 bytes, new threshold 1 (max 15)
 [PSYoungGen: 2759552K->4576K(2772032K)] 6035017K->3280513K(8364480K), 0.0312420 secs] [Times: user=0.16 sys=0.02, real=0.03 secs] 
2011-02-12T08:03:31.279+0000: 27900.599: [GC
Desired survivor size 26279936 bytes, new threshold 1 (max 15)
 [PSYoungGen: 2753248K->20480K(2768448K)] 6029185K->3296949K(8360896K), 0.0486260 secs] [Times: user=0.30 sys=0.02, real=0.05 secs] 
2011-02-12T08:03:37.825+0000: 27907.145: [GC
Desired survivor size 25034752 bytes, new threshold 1 (max 15)
 [PSYoungGen: 2765312K->12928K(2770496K)] 6041781K->3289817K(8362944K), 0.0398850 secs] [Times: user=0.23 sys=0.01, real=0.04 secs] 
2011-02-12T08:03:44.044+0000: 27913.364: [GC
Desired survivor size 26476544 bytes, new threshold 1 (max 15)
 [PSYoungGen: 2757760K->19520K(2768896K)] 6034649K->3297061K(8361344K), 0.0475680 secs] [Times: user=0.30 sys=0.02, real=0.04 secs] 
2011-02-12T08:03:50.292+0000: 27919.612: [GC
Desired survivor size 26411008 bytes, new threshold 1 (max 15)
 [PSYoungGen: 2763968K->6108K(2770304K)] 6041509K->3284270K(8362752K), 0.0362350 secs] [Times: user=0.17 sys=0.01, real=0.04 secs] 
2011-02-12T08:03:56.446+0000: 27925.765: [GC
Desired survivor size 26083328 bytes, new threshold 1 (max 15)
 [PSYoungGen: 2750556K->6880K(2770688K)] 6028718K->3285494K(8363136K), 0.0372500 secs] [Times: user=0.17 sys=0.02, real=0.03 secs] 
2011-02-12T08:04:02.358+0000: 27931.678: [GC
Desired survivor size 24838144 bytes, new threshold 1 (max 15)
 [PSYoungGen: 2751776K->11272K(2770368K)] 6030390K->3290291K(8362816K), 0.0385650 secs] [Times: user=0.22 sys=0.02, real=0.04 secs] 
2011-02-12T08:04:08.520+0000: 27937.840: [GC
Desired survivor size 26017792 bytes, new threshold 1 (max 15)
 [PSYoungGen: 2756168K->18432K(2769600K)] 6035187K->3298348K(8362048K), 0.0472990 secs] [Times: user=0.26 sys=0.02, real=0.05 secs] 
2011-02-12T08:04:14.342+0000: 27943.662: [GC
Desired survivor size 26345472 bytes, new threshold 1 (max 15)
 [PSYoungGen: 2763776K->16800K(2762176K)] 6043692K->3297196K(8354624K), 0.0439390 secs] [Times: user=0.28 sys=0.00, real=0.05 secs] 
2011-02-12T08:04:20.497+0000: 27949.817: [GC
Desired survivor size 25952256 bytes, new threshold 1 (max 15)
 [PSYoungGen: 2762144K->7680K(2770816K)] 6042540K->3288464K(8363264K), 0.0350200 secs] [Times: user=0.18 sys=0.01, real=0.04 secs] 
2011-02-12T08:04:27.513+0000: 27956.832: [GC
Desired survivor size 24838144 bytes, new threshold 1 (max 15)
 [PSYoungGen: 2752768K->11280K(2770432K)] 6033552K->3292504K(8362880K), 0.0405540 secs] [Times: user=0.22 sys=0.04, real=0.04 secs] 
2011-02-12T08:04:33.595+0000: 27962.914: [GC
Desired survivor size 27525120 bytes, new threshold 1 (max 15)
 [PSYoungGen: 2756368K->22544K(2766656K)] 6037592K->3304304K(8359104K), 0.0512430 secs] [Times: user=0.29 sys=0.02, real=0.05 secs] 
2011-02-12T08:04:39.698+0000: 27969.018: [GC
Desired survivor size 27787264 bytes, new threshold 1 (max 15)
 [PSYoungGen: 2764944K->17812K(2760256K)] 6046704K->3300068K(8352704K), 0.0473330 secs] [Times: user=0.28 sys=0.03, real=0.05 secs] 
2011-02-12T08:04:45.893+0000: 27975.212: [GC
Desired survivor size 27328512 bytes, new threshold 1 (max 15)
 [PSYoungGen: 2760212K->8586K(2769472K)] 6042468K->3291629K(8361920K), 0.0375410 secs] [Times: user=0.20 sys=0.03, real=0.04 secs] 
2011-02-12T08:04:51.902+0000: 27981.222: [GC
Desired survivor size 26607616 bytes, new threshold 1 (max 15)
 [PSYoungGen: 2750922K->9696K(2769024K)] 6033965K->3293433K(8361472K), 0.0374310 secs] [Times: user=0.21 sys=0.02, real=0.03 secs] 
2011-02-12T08:04:57.818+0000: 27987.138: [GC
Desired survivor size 26279936 bytes, new threshold 1 (max 15)
 [PSYoungGen: 2752032K->7328K(2770496K)] 6035769K->3291522K(8362944K), 0.0339250 secs] [Times: user=0.18 sys=0.02, real=0.04 secs] 
2011-02-12T08:05:03.739+0000: 27993.059: [GC
Desired survivor size 25821184 bytes, new threshold 1 (max 15)
 [PSYoungGen: 2751840K->7034K(2770176K)] 6036034K->3291696K(8362624K), 0.0341460 secs] [Times: user=0.19 sys=0.02, real=0.04 secs] 
2011-02-12T08:05:09.858+0000: 27999.178: [GC
Desired survivor size 24969216 bytes, new threshold 1 (max 15)
 [PSYoungGen: 2751546K->9119K(2771776K)] 6036208K->3294392K(8364224K), 0.0375120 secs] [Times: user=0.21 sys=0.01, real=0.04 secs] 
2011-02-12T08:05:16.589+0000: 28005.909: [GC
Desired survivor size 24772608 bytes, new threshold 1 (max 15)
 [PSYoungGen: 2755679K->5040K(2770944K)] 6040952K->3290701K(8363392K), 0.0314280 secs] [Times: user=0.16 sys=0.02, real=0.03 secs] 
2011-02-12T08:05:22.112+0000: 28011.432: [GC
Desired survivor size 24182784 bytes, new threshold 1 (max 15)
 [PSYoungGen: 2751600K->12928K(2772544K)] 6037261K->3299045K(8364992K), 0.0411220 secs] [Times: user=0.25 sys=0.01, real=0.04 secs] 
2011-02-12T08:05:28.097+0000: 28017.416: [GC
Desired survivor size 24772608 bytes, new threshold 1 (max 15)
 [PSYoungGen: 2761280K->16032K(2771968K)] 6047397K->3302517K(8364416K), 0.0447330 secs] [Times: user=0.26 sys=0.03, real=0.04 secs] 
2011-02-12T08:05:35.062+0000: 28024.381: [GC
Desired survivor size 24379392 bytes, new threshold 1 (max 15)
 [PSYoungGen: 2764384K->14000K(2772352K)] 6050869K->3300881K(8364800K), 0.0409170 secs] [Times: user=0.24 sys=0.02, real=0.04 secs] 
2011-02-12T08:05:41.491+0000: 28030.811: [GC
Desired survivor size 23986176 bytes, new threshold 1 (max 15)
 [PSYoungGen: 2762160K->7024K(2771968K)] 6049041K->3294385K(8364416K), 0.0359250 secs] [Times: user=0.19 sys=0.02, real=0.04 secs] 
2011-02-12T08:05:48.463+0000: 28037.783: [GC
Desired survivor size 23199744 bytes, new threshold 1 (max 15)
 [PSYoungGen: 2755184K->8736K(2773504K)] 6042545K->3296717K(8365952K), 0.0359530 secs] [Times: user=0.20 sys=0.02, real=0.04 secs] 
2011-02-12T08:05:55.162+0000: 28044.481: [GC
Desired survivor size 22609920 bytes, new threshold 1 (max 15)
 [PSYoungGen: 2758816K->8028K(2772736K)] 6046797K->3296565K(8365184K), 0.0362200 secs] [Times: user=0.19 sys=0.02, real=0.03 secs] 
2011-02-12T08:06:02.287+0000: 28051.607: [GC
Desired survivor size 21430272 bytes, new threshold 1 (max 15)
 [PSYoungGen: 2758108K->10820K(2775232K)] 6046645K->3299914K(8367680K), 0.0371090 secs] [Times: user=0.21 sys=0.02, real=0.04 secs] 
2011-02-12T08:06:08.108+0000: 28057.427: [GC
Desired survivor size 22544384 bytes, new threshold 1 (max 15)
 [PSYoungGen: 2763972K->16384K(2774080K)] 6053066K->3306348K(8366528K), 0.0454430 secs] [Times: user=0.23 sys=0.01, real=0.05 secs] 
2011-02-12T08:06:15.184+0000: 28064.504: [GC
Desired survivor size 22544384 bytes, new threshold 1 (max 15)
 [PSYoungGen: 2769536K->14336K(2774144K)] 6059500K->3304688K(8366592K), 0.0425500 secs] [Times: user=0.24 sys=0.01, real=0.04 secs] 
2011-02-12T08:06:22.880+0000: 28072.199: [GC
Desired survivor size 21889024 bytes, new threshold 1 (max 15)
 [PSYoungGen: 2766464K->12704K(2774144K)] 6056816K->3303528K(8366592K), 0.0421420 secs] [Times: user=0.22 sys=0.02, real=0.05 secs] 
2011-02-12T08:06:29.183+0000: 28078.502: [GC
Desired survivor size 22413312 bytes, new threshold 1 (max 15)
 [PSYoungGen: 2764832K->3104K(2773760K)] 6055656K->3294516K(8366208K), 0.0308380 secs] [Times: user=0.16 sys=0.02, real=0.03 secs] 
2011-02-12T08:06:35.651+0000: 28084.971: [GC
Desired survivor size 21561344 bytes, new threshold 1 (max 15)
 [PSYoungGen: 2755488K->9360K(2774272K)] 6046900K->3301204K(8366720K), 0.0358720 secs] [Times: user=0.20 sys=0.02, real=0.04 secs] 
2011-02-12T08:06:42.715+0000: 28092.035: [GC
Desired survivor size 22347776 bytes, new threshold 1 (max 15)
 [PSYoungGen: 2761744K->15563K(2773568K)] 6053588K->3307919K(8366016K), 0.0426850 secs] [Times: user=0.26 sys=0.01, real=0.04 secs] 
2011-02-12T08:06:47.773+0000: 28097.093: [GC
Desired survivor size 24379392 bytes, new threshold 1 (max 15)
 [PSYoungGen: 2768075K->19392K(2771904K)] 6060431K->3312420K(8364352K), 0.0477700 secs] [Times: user=0.27 sys=0.01, real=0.05 secs] 
2011-02-12T08:06:54.534+0000: 28103.853: [GC
Desired survivor size 23461888 bytes, new threshold 1 (max 15)
 [PSYoungGen: 2771904K->10400K(2773248K)] 6064932K->3303772K(8365696K), 0.0373680 secs] [Times: user=0.23 sys=0.02, real=0.04 secs] 
2011-02-12T08:07:01.258+0000: 28110.577: [GC
Desired survivor size 22740992 bytes, new threshold 1 (max 15)
 [PSYoungGen: 2759840K->9410K(2772352K)] 6053212K->3303234K(8364800K), 0.0369590 secs] [Times: user=0.21 sys=0.02, real=0.03 secs] 
2011-02-12T08:07:07.171+0000: 28116.491: [GC
Desired survivor size 22282240 bytes, new threshold 1 (max 15)
 [PSYoungGen: 2758850K->7928K(2774400K)] 6052674K->3302386K(8366848K), 0.0374020 secs] [Times: user=0.19 sys=0.01, real=0.04 secs] 
2011-02-12T08:07:13.684+0000: 28123.004: [GC
Desired survivor size 22478848 bytes, new threshold 1 (max 15)
 [PSYoungGen: 2760120K->3968K(2773952K)] 6054578K->3298958K(8366400K), 0.0291550 secs] [Times: user=0.16 sys=0.01, real=0.03 secs] 
2011-02-12T08:07:20.601+0000: 28129.921: [GC
Desired survivor size 22675456 bytes, new threshold 1 (max 15)
 [PSYoungGen: 2756160K->2848K(2773824K)] 6051150K->3298259K(8366272K), 0.0271140 secs] [Times: user=0.16 sys=0.01, real=0.02 secs] 
2011-02-12T08:07:27.411+0000: 28136.730: [GC
Desired survivor size 22413312 bytes, new threshold 1 (max 15)
 [PSYoungGen: 2754720K->3936K(2774016K)] 6050131K->3299783K(8366464K), 0.0300270 secs] [Times: user=0.16 sys=0.02, real=0.03 secs] 
2011-02-12T08:07:34.305+0000: 28143.624: [GC
Desired survivor size 21299200 bytes, new threshold 1 (max 15)
 [PSYoungGen: 2755808K->8144K(2775360K)] 6051655K->3304491K(8367808K), 0.0372700 secs] [Times: user=0.18 sys=0.01, real=0.04 secs] 
2011-02-12T08:07:40.804+0000: 28150.124: [GC
Desired survivor size 21430272 bytes, new threshold 1 (max 15)
 [PSYoungGen: 2761616K->12528K(2774272K)] 6057963K->3309387K(8366720K), 0.0423450 secs] [Times: user=0.22 sys=0.01, real=0.04 secs] 
2011-02-12T08:07:47.639+0000: 28156.959: [GC
Desired survivor size 22413312 bytes, new threshold 1 (max 15)
 [PSYoungGen: 2766000K->15168K(2773312K)] 6062859K->3312655K(8365760K), 0.0423950 secs] [Times: user=0.26 sys=0.03, real=0.04 secs] 
2011-02-12T08:07:53.882+0000: 28163.202: [GC
Desired survivor size 22544384 bytes, new threshold 1 (max 15)
 [PSYoungGen: 2767552K->13568K(2765952K)] 6065039K->3311591K(8358400K), 0.0381130 secs] [Times: user=0.23 sys=0.02, real=0.04 secs] 
2011-02-12T08:07:59.823+0000: 28169.143: [GC
Desired survivor size 22216704 bytes, new threshold 1 (max 15)
 [PSYoungGen: 2765952K->5504K(2774464K)] 6063975K->3303987K(8366912K), 0.0312920 secs] [Times: user=0.17 sys=0.01, real=0.04 secs] 
2011-02-12T08:08:05.151+0000: 28174.470: [GC
Desired survivor size 22347776 bytes, new threshold 1 (max 15)
 [PSYoungGen: 2757952K->13466K(2774144K)] 6056435K->3312449K(8366592K), 0.0424820 secs] [Times: user=0.25 sys=0.03, real=0.04 secs] 
2011-02-12T08:08:11.076+0000: 28180.395: [GC
Desired survivor size 21364736 bytes, new threshold 1 (max 15)
 [PSYoungGen: 2765914K->9248K(2775296K)] 6064897K->3308909K(8367744K), 0.0378220 secs] [Times: user=0.22 sys=0.03, real=0.03 secs] 
2011-02-12T08:08:16.801+0000: 28186.120: [GC
Desired survivor size 20578304 bytes, new threshold 1 (max 15)
 [PSYoungGen: 2762720K->8320K(2774336K)] 6062381K->3308365K(8366784K), 0.0358960 secs] [Times: user=0.21 sys=0.02, real=0.04 secs] 
2011-02-12T08:08:23.049+0000: 28192.369: [GC
Desired survivor size 21823488 bytes, new threshold 1 (max 15)
 [PSYoungGen: 2761792K->15936K(2773632K)] 6061837K->3316373K(8366080K), 0.0420370 secs] [Times: user=0.22 sys=0.01, real=0.04 secs] 
2011-02-12T08:08:29.052+0000: 28198.372: [GC
Desired survivor size 20709376 bytes, new threshold 1 (max 15)
 [PSYoungGen: 2769472K->10576K(2774848K)] 6069909K->3311429K(8367296K), 0.0388630 secs] [Times: user=0.22 sys=0.02, real=0.04 secs] 
2011-02-12T08:08:35.298+0000: 28204.618: [GC
Desired survivor size 22282240 bytes, new threshold 1 (max 15)
 [PSYoungGen: 2764112K->17296K(2772864K)] 6064965K->3318597K(8365312K), 0.0483580 secs] [Times: user=0.24 sys=0.02, real=0.04 secs] 
2011-02-12T08:08:41.930+0000: 28211.249: [GC
Desired survivor size 24510464 bytes, new threshold 1 (max 15)
 [PSYoungGen: 2769936K->19952K(2772608K)] 6071237K->3321785K(8365056K), 0.0459180 secs] [Times: user=0.27 sys=0.01, real=0.04 secs] 
2011-02-12T08:08:48.341+0000: 28217.661: [GC
Desired survivor size 23855104 bytes, new threshold 1 (max 15)
 [PSYoungGen: 2772592K->8992K(2772864K)] 6074425K->3311521K(8365312K), 0.0378240 secs] [Times: user=0.21 sys=0.01, real=0.04 secs] 
2011-02-12T08:08:54.283+0000: 28223.603: [GC
Desired survivor size 23003136 bytes, new threshold 1 (max 15)
 [PSYoungGen: 2758304K->9856K(2772608K)] 6060833K->3312873K(8365056K), 0.0378890 secs] [Times: user=0.20 sys=0.02, real=0.04 secs] 
2011-02-12T08:09:00.186+0000: 28229.506: [GC
Desired survivor size 22478848 bytes, new threshold 1 (max 15)
 [PSYoungGen: 2759168K->13122K(2774208K)] 6062185K->3316656K(8366656K), 0.0405850 secs] [Times: user=0.25 sys=0.02, real=0.04 secs] 
2011-02-12T08:09:06.307+0000: 28235.626: [GC
Desired survivor size 21889024 bytes, new threshold 1 (max 15)
 [PSYoungGen: 2764866K->12920K(2773696K)] 6068400K->3317064K(8366144K), 0.0407900 secs] [Times: user=0.24 sys=0.02, real=0.04 secs] 
2011-02-12T08:09:12.546+0000: 28241.866: [GC
Desired survivor size 21692416 bytes, new threshold 1 (max 15)
 [PSYoungGen: 2764664K->13984K(2774976K)] 6068808K->3318676K(8367424K), 0.0426020 secs] [Times: user=0.25 sys=0.01, real=0.04 secs] 
2011-02-12T08:09:18.461+0000: 28247.780: [GC
Desired survivor size 21430272 bytes, new threshold 1 (max 15)
 [PSYoungGen: 2767584K->13824K(2774784K)] 6072276K->3318992K(8367232K), 0.0392470 secs] [Times: user=0.24 sys=0.01, real=0.04 secs] 
2011-02-12T08:09:24.412+0000: 28253.732: [GC
Desired survivor size 20709376 bytes, new threshold 1 (max 15)
 [PSYoungGen: 2767424K->12608K(2775936K)] 6072592K->3318192K(8368384K), 0.0409850 secs] [Times: user=0.22 sys=0.01, real=0.04 secs] 
2011-02-12T08:09:29.915+0000: 28259.235: [GC
Desired survivor size 20119552 bytes, new threshold 1 (max 15)
 [PSYoungGen: 2767616K->11120K(2775232K)] 6073200K->3317184K(8367680K), 0.0404990 secs] [Times: user=0.22 sys=0.02, real=0.04 secs] 
2011-02-12T08:09:35.500+0000: 28264.820: [GC
Desired survivor size 20578304 bytes, new threshold 1 (max 15)
 [PSYoungGen: 2766128K->15424K(2775616K)] 6072192K->3321996K(8368064K), 0.0435910 secs] [Times: user=0.24 sys=0.01, real=0.04 secs] 
2011-02-12T08:09:42.114+0000: 28271.434: [GC
Desired survivor size 22216704 bytes, new threshold 1 (max 15)
 [PSYoungGen: 2771392K->18895K(2774912K)] 6077964K->3325999K(8367360K), 0.0475480 secs] [Times: user=0.30 sys=0.01, real=0.05 secs] 
2011-02-12T08:09:48.056+0000: 28277.376: [GC
Desired survivor size 22675456 bytes, new threshold 1 (max 15)
 [PSYoungGen: 2774863K->16704K(2773120K)] 6081967K->3324524K(8365568K), 0.0445190 secs] [Times: user=0.24 sys=0.02, real=0.05 secs] 
2011-02-12T08:09:54.484+0000: 28283.803: [GC
Desired survivor size 22740992 bytes, new threshold 1 (max 15)
 [PSYoungGen: 2768576K->8288K(2760192K)] 6076396K->3316528K(8352640K), 0.0355890 secs] [Times: user=0.20 sys=0.02, real=0.04 secs] 
2011-02-12T08:10:01.104+0000: 28290.424: [GC
Desired survivor size 22544384 bytes, new threshold 1 (max 15)
 [PSYoungGen: 2760160K->8450K(2774144K)] 6068400K->3317214K(8366592K), 0.0350110 secs] [Times: user=0.19 sys=0.03, real=0.04 secs] 
2011-02-12T08:10:05.877+0000: 28295.197: [GC
Desired survivor size 22085632 bytes, new threshold 1 (max 15)
 [PSYoungGen: 2760386K->9752K(2773952K)] 6069150K->3319286K(8366400K), 0.0381320 secs] [Times: user=0.21 sys=0.03, real=0.04 secs] 
2011-02-12T08:10:10.670+0000: 28299.989: [GC
Desired survivor size 24182784 bytes, new threshold 1 (max 15)
 [PSYoungGen: 2761688K->20352K(2770496K)] 6071222K->3330418K(8362944K), 0.0502010 secs] [Times: user=0.28 sys=0.01, real=0.06 secs] 
2011-02-12T08:10:16.431+0000: 28305.751: [GC
Desired survivor size 26804224 bytes, new threshold 1 (max 15)
 [PSYoungGen: 2769280K->22784K(2771712K)] 6079346K->3333242K(8364160K), 0.0486320 secs] [Times: user=0.31 sys=0.02, real=0.04 secs] 
2011-02-12T08:10:22.341+0000: 28311.661: [GC
Desired survivor size 26673152 bytes, new threshold 1 (max 15)
 [PSYoungGen: 2771712K->16928K(2768512K)] 6082170K->3327778K(8360960K), 0.0467720 secs] [Times: user=0.27 sys=0.02, real=0.05 secs] 
2011-02-12T08:10:27.147+0000: 28316.466: [GC
Desired survivor size 26214400 bytes, new threshold 1 (max 15)
 [PSYoungGen: 2760988K->10112K(2770112K)] 6071839K->3321462K(8362560K), 0.0365520 secs] [Times: user=0.20 sys=0.02, real=0.04 secs] 
2011-02-12T08:10:33.292+0000: 28322.612: [GC
Desired survivor size 25427968 bytes, new threshold 1 (max 15)
 [PSYoungGen: 2754176K->11296K(2771328K)] 6065526K->3323126K(8363776K), 0.0389620 secs] [Times: user=0.21 sys=0.02, real=0.03 secs] 
2011-02-12T08:10:39.385+0000: 28328.705: [GC
Desired survivor size 25296896 bytes, new threshold 1 (max 15)
 [PSYoungGen: 2757024K->16208K(2770560K)] 6068854K->3328606K(8363008K), 0.0448640 secs] [Times: user=0.26 sys=0.02, real=0.04 secs] 
2011-02-12T08:10:44.928+0000: 28334.248: [GC
Desired survivor size 24379392 bytes, new threshold 1 (max 15)
 [PSYoungGen: 2761936K->12800K(2772352K)] 6074334K->3325918K(8364800K), 0.0401330 secs] [Times: user=0.24 sys=0.02, real=0.04 secs] 
2011-02-12T08:10:50.910+0000: 28340.230: [GC
Desired survivor size 24838144 bytes, new threshold 1 (max 15)
 [PSYoungGen: 2760448K->5372K(2771456K)] 6073566K->3319018K(8363904K), 0.0312710 secs] [Times: user=0.17 sys=0.00, real=0.03 secs] 
2011-02-12T08:10:56.784+0000: 28346.103: [GC
Desired survivor size 25165824 bytes, new threshold 1 (max 15)
 [PSYoungGen: 2753020K->4320K(2771264K)] 6066666K->3318466K(8363712K), 0.0307440 secs] [Times: user=0.15 sys=0.02, real=0.03 secs] 
2011-02-12T08:11:02.251+0000: 28351.571: [GC
Desired survivor size 24444928 bytes, new threshold 1 (max 15)
 [PSYoungGen: 2751328K->13530K(2771584K)] 6065474K->3328140K(8364032K), 0.0429210 secs] [Times: user=0.25 sys=0.03, real=0.04 secs] 
2011-02-12T08:11:08.044+0000: 28357.363: [GC
Desired survivor size 23658496 bytes, new threshold 1 (max 15)
 [PSYoungGen: 2760538K->9952K(2773056K)] 6075148K->3325264K(8365504K), 0.0409070 secs] [Times: user=0.22 sys=0.02, real=0.04 secs] 
2011-02-12T08:11:13.735+0000: 28363.055: [GC
Desired survivor size 23330816 bytes, new threshold 1 (max 15)
 [PSYoungGen: 2759136K->7360K(2772288K)] 6074448K->3323208K(8364736K), 0.0365790 secs] [Times: user=0.20 sys=0.01, real=0.04 secs] 
2011-02-12T08:11:19.453+0000: 28368.773: [GC
Desired survivor size 23461888 bytes, new threshold 1 (max 15)
 [PSYoungGen: 2756544K->4032K(2773120K)] 6072392K->3320316K(8365568K), 0.0296050 secs] [Times: user=0.16 sys=0.01, real=0.03 secs] 
2011-02-12T08:11:24.883+0000: 28374.202: [GC
Desired survivor size 23724032 bytes, new threshold 1 (max 15)
 [PSYoungGen: 2754368K->14720K(2765056K)] 6070652K->3331432K(8357504K), 0.0430230 secs] [Times: user=0.25 sys=0.02, real=0.04 secs] 
2011-02-12T08:11:31.210+0000: 28380.529: [GC
Desired survivor size 24772608 bytes, new threshold 1 (max 15)
 [PSYoungGen: 2765056K->17120K(2770944K)] 6081768K->3334264K(8363392K), 0.0449330 secs] [Times: user=0.28 sys=0.01, real=0.04 secs] 
2011-02-12T08:11:37.403+0000: 28386.723: [GC
Desired survivor size 23855104 bytes, new threshold 1 (max 15)
 [PSYoungGen: 2764896K->9504K(2771968K)] 6082040K->3327040K(8364416K), 0.0367800 secs] [Times: user=0.20 sys=0.02, real=0.03 secs] 
2011-02-12T08:11:42.855+0000: 28392.175: [GC
Desired survivor size 23461888 bytes, new threshold 1 (max 15)
 [PSYoungGen: 2757280K->7040K(2773248K)] 6074816K->3325176K(8365696K), 0.0366250 secs] [Times: user=0.18 sys=0.02, real=0.04 secs] 
2011-02-12T08:11:49.098+0000: 28398.418: [GC
Desired survivor size 22347776 bytes, new threshold 1 (max 15)
 [PSYoungGen: 2756992K->11296K(2772864K)] 6075128K->3330069K(8365312K), 0.0411880 secs] [Times: user=0.22 sys=0.01, real=0.04 secs] 
2011-02-12T08:11:55.218+0000: 28404.537: [GC
Desired survivor size 25034752 bytes, new threshold 1 (max 15)
 [PSYoungGen: 2761248K->21184K(2769088K)] 6080021K->3340405K(8361536K), 0.0500760 secs] [Times: user=0.32 sys=0.02, real=0.05 secs] 
2011-02-12T08:12:01.647+0000: 28410.967: [GC
Desired survivor size 24707072 bytes, new threshold 1 (max 15)
 [PSYoungGen: 2768448K->6882K(2771712K)] 6087669K->3326551K(8364160K), 0.0382760 secs] [Times: user=0.17 sys=0.01, real=0.04 secs] 
2011-02-12T08:12:07.480+0000: 28416.800: [GC
Desired survivor size 24641536 bytes, new threshold 1 (max 15)
 [PSYoungGen: 2754146K->4536K(2772096K)] 6073815K->3324831K(8364544K), 0.0323810 secs] [Times: user=0.17 sys=0.02, real=0.03 secs] 
2011-02-12T08:12:13.696+0000: 28423.016: [GC
Desired survivor size 23461888 bytes, new threshold 1 (max 15)
 [PSYoungGen: 2752504K->11296K(2772032K)] 6072799K->3332095K(8364480K), 0.0408220 secs] [Times: user=0.23 sys=0.01, real=0.04 secs] 
2011-02-12T08:12:19.366+0000: 28428.686: [GC
Desired survivor size 22675456 bytes, new threshold 1 (max 15)
 [PSYoungGen: 2759264K->8316K(2774016K)] 6080063K->3329639K(8366464K), 0.0368300 secs] [Times: user=0.20 sys=0.02, real=0.03 secs] 
2011-02-12T08:12:25.138+0000: 28434.457: [GC
Desired survivor size 22020096 bytes, new threshold 1 (max 15)
 [PSYoungGen: 2759420K->7840K(2773248K)] 6080743K->3329615K(8365696K), 0.0341500 secs] [Times: user=0.20 sys=0.01, real=0.03 secs] 
2011-02-12T08:12:31.072+0000: 28440.392: [GC
Desired survivor size 21561344 bytes, new threshold 1 (max 15)
 [PSYoungGen: 2758944K->6325K(2775104K)] 6080719K->3328513K(8367552K), 0.0349010 secs] [Times: user=0.18 sys=0.01, real=0.04 secs] 
2011-02-12T08:12:37.501+0000: 28446.820: [GC
Desired survivor size 21037056 bytes, new threshold 1 (max 15)
 [PSYoungGen: 2759925K->11472K(2774656K)] 6082113K->3334091K(8367104K), 0.0387400 secs] [Times: user=0.22 sys=0.02, real=0.04 secs] 
2011-02-12T08:12:44.077+0000: 28453.397: [GC
Desired survivor size 19988480 bytes, new threshold 1 (max 15)
 [PSYoungGen: 2765072K->10080K(2776640K)] 6087691K->3333191K(8369088K), 0.0381720 secs] [Times: user=0.21 sys=0.02, real=0.04 secs] 
2011-02-12T08:12:50.255+0000: 28459.575: [GC
Desired survivor size 24182784 bytes, new threshold 1 (max 15)
 [PSYoungGen: 2766176K->19505K(2775616K)] 6089287K->3346869K(8368064K), 0.0517750 secs] [Times: user=0.29 sys=0.02, real=0.05 secs] 
2011-02-12T08:12:56.655+0000: 28465.974: [GC
Desired survivor size 23658496 bytes, new threshold 1 (max 15)
 [PSYoungGen: 2775601K->7232K(2770496K)] 6102965K->3335059K(8362944K), 0.0365160 secs] [Times: user=0.18 sys=0.02, real=0.04 secs] 
2011-02-12T08:13:03.065+0000: 28472.385: [GC
Desired survivor size 24969216 bytes, new threshold 1 (max 15)
 [PSYoungGen: 2757184K->17642K(2767616K)] 6085011K->3345865K(8360064K), 0.0434690 secs] [Times: user=0.28 sys=0.01, real=0.04 secs] 
2011-02-12T08:13:09.000+0000: 28478.320: [GC
Desired survivor size 24838144 bytes, new threshold 1 (max 15)
 [PSYoungGen: 2767594K->14780K(2771904K)] 6095817K->3343805K(8364352K), 0.0423810 secs] [Times: user=0.26 sys=0.02, real=0.05 secs] 
2011-02-12T08:13:15.062+0000: 28484.382: [GC
Desired survivor size 24641536 bytes, new threshold 1 (max 15)
 [PSYoungGen: 2762300K->14848K(2771776K)] 6091325K->3344269K(8364224K), 0.0436690 secs] [Times: user=0.25 sys=0.01, real=0.04 secs] 
2011-02-12T08:13:21.730+0000: 28491.049: [GC
Desired survivor size 23724032 bytes, new threshold 1 (max 15)
 [PSYoungGen: 2762368K->10752K(2772992K)] 6091789K->3340633K(8365440K), 0.0403600 secs] [Times: user=0.21 sys=0.02, real=0.04 secs] 
2011-02-12T08:13:28.566+0000: 28497.885: [GC
Desired survivor size 23134208 bytes, new threshold 1 (max 15)
 [PSYoungGen: 2759680K->9088K(2772096K)] 6089561K->3339377K(8364544K), 0.0373450 secs] [Times: user=0.20 sys=0.02, real=0.03 secs] 
2011-02-12T08:13:34.873+0000: 28504.193: [GC
Desired survivor size 24248320 bytes, new threshold 1 (max 15)
 [PSYoungGen: 2758016K->17760K(2771392K)] 6088305K->3348553K(8363840K), 0.0453740 secs] [Times: user=0.28 sys=0.02, real=0.05 secs] 
2011-02-12T08:13:41.421+0000: 28510.741: [GC
Desired survivor size 25690112 bytes, new threshold 1 (max 15)
 [PSYoungGen: 2766560K->19183K(2768000K)] 6097353K->3350544K(8360448K), 0.0492110 secs] [Times: user=0.25 sys=0.02, real=0.05 secs] 
2011-02-12T08:13:47.735+0000: 28517.055: [GC
Desired survivor size 25427968 bytes, new threshold 1 (max 15)
 [PSYoungGen: 2767983K->7456K(2771328K)] 6099344K->3339389K(8363776K), 0.0330600 secs] [Times: user=0.19 sys=0.01, real=0.04 secs] 
2011-02-12T08:13:54.717+0000: 28524.037: [GC
Desired survivor size 25034752 bytes, new threshold 1 (max 15)
 [PSYoungGen: 2753696K->7424K(2771072K)] 6085629K->3339861K(8363520K), 0.0356690 secs] [Times: user=0.20 sys=0.02, real=0.03 secs] 
2011-02-12T08:14:00.774+0000: 28530.094: [GC
Desired survivor size 24707072 bytes, new threshold 1 (max 15)
 [PSYoungGen: 2753664K->14386K(2772032K)] 6086101K->3347331K(8364480K), 0.0409610 secs] [Times: user=0.24 sys=0.02, real=0.04 secs] 
2011-02-12T08:14:06.532+0000: 28535.852: [GC
Desired survivor size 24248320 bytes, new threshold 1 (max 15)
 [PSYoungGen: 2761970K->7992K(2771712K)] 6094915K->3341683K(8364160K), 0.0376380 secs] [Times: user=0.20 sys=0.01, real=0.04 secs] 
2011-02-12T08:14:13.172+0000: 28542.492: [GC
Desired survivor size 25493504 bytes, new threshold 1 (max 15)
 [PSYoungGen: 2755576K->18400K(2770048K)] 6089267K->3352587K(8362496K), 0.0473500 secs] [Times: user=0.29 sys=0.02, real=0.05 secs] 
2011-02-12T08:14:19.482+0000: 28548.802: [GC
Desired survivor size 24641536 bytes, new threshold 1 (max 15)
 [PSYoungGen: 2764768K->10016K(2771264K)] 6098955K->3344659K(8363712K), 0.0369910 secs] [Times: user=0.20 sys=0.02, real=0.03 secs] 
2011-02-12T08:14:26.087+0000: 28555.406: [GC
Desired survivor size 24444928 bytes, new threshold 1 (max 15)
 [PSYoungGen: 2756384K->6432K(2772288K)] 6091027K->3341559K(8364736K), 0.0336710 secs] [Times: user=0.19 sys=0.02, real=0.03 secs] 
2011-02-12T08:14:32.245+0000: 28561.565: [GC
Desired survivor size 26345472 bytes, new threshold 1 (max 15)
 [PSYoungGen: 2754656K->19904K(2768128K)] 6089783K->3355511K(8360576K), 0.0460120 secs] [Times: user=0.28 sys=0.01, real=0.04 secs] 
2011-02-12T08:14:38.681+0000: 28568.001: [GC
Desired survivor size 25427968 bytes, new threshold 1 (max 15)
 [PSYoungGen: 2768128K->13680K(2771328K)] 6103735K->3349739K(8363776K), 0.0428330 secs] [Times: user=0.24 sys=0.02, real=0.05 secs] 
2011-02-12T08:14:45.683+0000: 28575.003: [GC
Desired survivor size 25821184 bytes, new threshold 1 (max 15)
 [PSYoungGen: 2759280K->3360K(2770432K)] 6095339K->3340043K(8362880K), 0.0285900 secs] [Times: user=0.17 sys=0.02, real=0.03 secs] 
2011-02-12T08:14:52.603+0000: 28581.923: [GC
Desired survivor size 27328512 bytes, new threshold 1 (max 15)
 [PSYoungGen: 2748495K->19404K(2768000K)] 6085179K->3356716K(8360448K), 0.0464300 secs] [Times: user=0.29 sys=0.01, real=0.05 secs] 
2011-02-12T08:14:58.902+0000: 28588.221: [GC
Desired survivor size 26804224 bytes, new threshold 1 (max 15)
 [PSYoungGen: 2762188K->7072K(2769472K)] 6099500K->3344775K(8361920K), 0.0343730 secs] [Times: user=0.18 sys=0.02, real=0.04 secs] 
2011-02-12T08:15:05.086+0000: 28594.406: [GC
Desired survivor size 25624576 bytes, new threshold 1 (max 15)
 [PSYoungGen: 2749856K->12578K(2771136K)] 6087559K->3350754K(8363584K), 0.0417590 secs] [Times: user=0.22 sys=0.03, real=0.04 secs] 
2011-02-12T08:15:11.049+0000: 28600.369: [GC
Desired survivor size 24510464 bytes, new threshold 1 (max 15)
 [PSYoungGen: 2757538K->10592K(2769984K)] 6095714K->3349510K(8362432K), 0.0395550 secs] [Times: user=0.20 sys=0.03, real=0.04 secs] 
2011-02-12T08:15:17.840+0000: 28607.159: [GC
Desired survivor size 23527424 bytes, new threshold 1 (max 15)
 [PSYoungGen: 2755552K->10560K(2773184K)] 6094470K->3349926K(8365632K), 0.0400810 secs] [Times: user=0.21 sys=0.01, real=0.04 secs] 
2011-02-12T08:15:23.876+0000: 28613.196: [GC
Desired survivor size 24641536 bytes, new threshold 1 (max 15)
 [PSYoungGen: 2759808K->17736K(2767040K)] 6099174K->3357571K(8359488K), 0.0461850 secs] [Times: user=0.28 sys=0.01, real=0.05 secs] 
2011-02-12T08:15:30.789+0000: 28620.108: [GC
Desired survivor size 27394048 bytes, new threshold 1 (max 15)
 [PSYoungGen: 2766984K->22656K(2766720K)] 6106818K->3362962K(8359168K), 0.0488890 secs] [Times: user=0.32 sys=0.02, real=0.04 secs] 
2011-02-12T08:15:37.662+0000: 28626.982: [GC
Desired survivor size 27656192 bytes, new threshold 1 (max 15)
 [PSYoungGen: 2765312K->4000K(2746688K)] 6105618K->3344946K(8339136K), 0.0298100 secs] [Times: user=0.16 sys=0.02, real=0.03 secs] 
2011-02-12T08:15:43.459+0000: 28632.779: [GC
Desired survivor size 27459584 bytes, new threshold 1 (max 15)
 [PSYoungGen: 2746656K->4880K(2769344K)] 6087602K->3346398K(8361792K), 0.0313000 secs] [Times: user=0.16 sys=0.01, real=0.04 secs] 
2011-02-12T08:15:49.152+0000: 28638.472: [GC
Desired survivor size 28114944 bytes, new threshold 1 (max 15)
 [PSYoungGen: 2747216K->17440K(2759808K)] 6088734K->3359678K(8352256K), 0.0453650 secs] [Times: user=0.28 sys=0.02, real=0.04 secs] 
2011-02-12T08:15:55.865+0000: 28645.185: [GC
Desired survivor size 26673152 bytes, new threshold 1 (max 15)
 [PSYoungGen: 2759776K->11616K(2770112K)] 6102014K->3354334K(8362560K), 0.0428370 secs] [Times: user=0.23 sys=0.03, real=0.04 secs] 
2011-02-12T08:16:01.461+0000: 28650.781: [GC
Desired survivor size 26476544 bytes, new threshold 1 (max 15)
 [PSYoungGen: 2754272K->15426K(2768704K)] 6096990K->3358656K(8361152K), 0.0440370 secs] [Times: user=0.26 sys=0.03, real=0.05 secs] 
2011-02-12T08:16:06.904+0000: 28656.224: [GC
Desired survivor size 27262976 bytes, new threshold 1 (max 15)
 [PSYoungGen: 2758082K->18200K(2768768K)] 6101312K->3362004K(8361216K), 0.0488190 secs] [Times: user=0.26 sys=0.02, real=0.05 secs] 
2011-02-12T08:16:13.623+0000: 28662.943: [GC
Desired survivor size 25886720 bytes, new threshold 1 (max 15)
 [PSYoungGen: 2761112K->13174K(2769536K)] 6104916K->3357498K(8361984K), 0.0438280 secs] [Times: user=0.23 sys=0.02, real=0.05 secs] 
2011-02-12T08:16:19.920+0000: 28669.240: [GC
Desired survivor size 25952256 bytes, new threshold 1 (max 15)
 [PSYoungGen: 2756086K->5792K(2770752K)] 6100410K->3350488K(8363200K), 0.0334850 secs] [Times: user=0.18 sys=0.01, real=0.03 secs] 
2011-02-12T08:16:25.883+0000: 28675.203: [GC
Desired survivor size 25886720 bytes, new threshold 1 (max 15)
 [PSYoungGen: 2751264K->5088K(2770816K)] 6095960K->3350208K(8363264K), 0.0335550 secs] [Times: user=0.17 sys=0.02, real=0.04 secs] 
2011-02-12T08:16:32.104+0000: 28681.423: [GC
Desired survivor size 24772608 bytes, new threshold 1 (max 15)
 [PSYoungGen: 2750560K->9824K(2771968K)] 6095680K->3355352K(8364416K), 0.0379070 secs] [Times: user=0.22 sys=0.02, real=0.04 secs] 
2011-02-12T08:16:38.368+0000: 28687.688: [GC
Desired survivor size 26017792 bytes, new threshold 1 (max 15)
 [PSYoungGen: 2756512K->18160K(2764864K)] 6102040K->3364108K(8357312K), 0.0457230 secs] [Times: user=0.28 sys=0.02, real=0.04 secs] 
2011-02-12T08:16:44.676+0000: 28693.996: [GC
Desired survivor size 25559040 bytes, new threshold 1 (max 15)
 [PSYoungGen: 2764848K->6864K(2771200K)] 6110796K->3353405K(8363648K), 0.0347490 secs] [Times: user=0.18 sys=0.01, real=0.04 secs] 
2011-02-12T08:16:51.282+0000: 28700.602: [GC
Desired survivor size 26673152 bytes, new threshold 1 (max 15)
 [PSYoungGen: 2752656K->18048K(2763840K)] 6099197K->3365249K(8356288K), 0.0485940 secs] [Times: user=0.28 sys=0.02, real=0.05 secs] 
2011-02-12T08:16:57.379+0000: 28706.699: [GC
Desired survivor size 26673152 bytes, new threshold 1 (max 15)
 [PSYoungGen: 2763840K->3968K(2770112K)] 6111041K->3351653K(8362560K), 0.0296140 secs] [Times: user=0.16 sys=0.00, real=0.03 secs] 
2011-02-12T08:17:03.016+0000: 28712.336: [GC
Desired survivor size 26411008 bytes, new threshold 1 (max 15)
 [PSYoungGen: 2748032K->14634K(2770112K)] 6095717K->3362791K(8362560K), 0.0452110 secs] [Times: user=0.24 sys=0.02, real=0.05 secs] 
2011-02-12T08:17:08.970+0000: 28718.289: [GC
Desired survivor size 26083328 bytes, new threshold 1 (max 15)
 [PSYoungGen: 2758698K->14688K(2770688K)] 6106855K->3363667K(8363136K), 0.0466300 secs] [Times: user=0.24 sys=0.02, real=0.05 secs] 
2011-02-12T08:17:15.013+0000: 28724.332: [GC
Desired survivor size 25034752 bytes, new threshold 1 (max 15)
 [PSYoungGen: 2759584K->10304K(2770368K)] 6108563K->3359711K(8362816K), 0.0402350 secs] [Times: user=0.21 sys=0.01, real=0.04 secs] 
2011-02-12T08:17:21.186+0000: 28730.506: [GC
Desired survivor size 25165824 bytes, new threshold 1 (max 15)
 [PSYoungGen: 2755200K->15584K(2771456K)] 6104607K->3365379K(8363904K), 0.0447430 secs] [Times: user=0.26 sys=0.01, real=0.04 secs] 
2011-02-12T08:17:27.883+0000: 28737.203: [GC
Desired survivor size 24641536 bytes, new threshold 1 (max 15)
 [PSYoungGen: 2762592K->7904K(2771584K)] 6112387K->3358115K(8364032K), 0.0368460 secs] [Times: user=0.20 sys=0.01, real=0.03 secs] 
2011-02-12T08:17:34.672+0000: 28743.991: [GC
Desired survivor size 23724032 bytes, new threshold 1 (max 15)
 [PSYoungGen: 2754912K->9840K(2772992K)] 6105123K->3360519K(8365440K), 0.0369150 secs] [Times: user=0.21 sys=0.02, real=0.04 secs] 
2011-02-12T08:17:41.309+0000: 28750.629: [GC
Desired survivor size 23920640 bytes, new threshold 1 (max 15)
 [PSYoungGen: 2758768K->3760K(2772096K)] 6109447K->3355011K(8364544K), 0.0283700 secs] [Times: user=0.17 sys=0.02, real=0.03 secs] 
2011-02-12T08:17:47.833+0000: 28757.152: [GC
Desired survivor size 23920640 bytes, new threshold 1 (max 15)
 [PSYoungGen: 2752688K->3360K(2772800K)] 6103939K->3355211K(8365248K), 0.0272320 secs] [Times: user=0.17 sys=0.00, real=0.03 secs] 
2011-02-12T08:17:53.703+0000: 28763.023: [GC
Desired survivor size 23920640 bytes, new threshold 1 (max 15)
 [PSYoungGen: 2752800K->2496K(2772800K)] 6104651K->3354907K(8365248K), 0.0268330 secs] [Times: user=0.16 sys=0.01, real=0.03 secs] 
2011-02-12T08:18:00.560+0000: 28769.880: [GC
Desired survivor size 24117248 bytes, new threshold 1 (max 15)
 [PSYoungGen: 2751936K->13714K(2772416K)] 6104347K->3366573K(8364864K), 0.0394540 secs] [Times: user=0.23 sys=0.02, real=0.04 secs] 
2011-02-12T08:18:06.541+0000: 28775.861: [GC
Desired survivor size 22937600 bytes, new threshold 1 (max 15)
 [PSYoungGen: 2762770K->8629K(2772608K)] 6115629K->3362266K(8365056K), 0.0357690 secs] [Times: user=0.19 sys=0.02, real=0.03 secs] 
2011-02-12T08:18:13.293+0000: 28782.612: [GC
Desired survivor size 22478848 bytes, new threshold 1 (max 15)
 [PSYoungGen: 2757685K->4544K(2774208K)] 6111322K->3358741K(8366656K), 0.0305600 secs] [Times: user=0.17 sys=0.01, real=0.03 secs] 
2011-02-12T08:18:19.807+0000: 28789.126: [GC
Desired survivor size 24838144 bytes, new threshold 1 (max 15)
 [PSYoungGen: 2756352K->18780K(2770624K)] 6110549K->3373430K(8363072K), 0.0454210 secs] [Times: user=0.28 sys=0.02, real=0.05 secs] 
2011-02-12T08:18:25.814+0000: 28795.134: [GC
Desired survivor size 23920640 bytes, new threshold 1 (max 15)
 [PSYoungGen: 2770588K->11439K(2772800K)] 6125238K->3366582K(8365248K), 0.0389970 secs] [Times: user=0.23 sys=0.02, real=0.04 secs] 
2011-02-12T08:18:32.311+0000: 28801.630: [GC
Desired survivor size 22872064 bytes, new threshold 1 (max 15)
 [PSYoungGen: 2759983K->11003K(2771904K)] 6115126K->3366662K(8364352K), 0.0410070 secs] [Times: user=0.21 sys=0.01, real=0.05 secs] 
2011-02-12T08:18:38.325+0000: 28807.645: [GC
Desired survivor size 25165824 bytes, new threshold 1 (max 15)
 [PSYoungGen: 2759547K->19632K(2769344K)] 6115206K->3376130K(8361792K), 0.0496270 secs] [Times: user=0.27 sys=0.02, real=0.05 secs] 
2011-02-12T08:18:44.605+0000: 28813.925: [GC
Desired survivor size 26083328 bytes, new threshold 1 (max 15)
 [PSYoungGen: 2766640K->17232K(2764288K)] 6123138K->3374282K(8356736K), 0.0460750 secs] [Times: user=0.27 sys=0.02, real=0.04 secs] 
2011-02-12T08:18:50.275+0000: 28819.595: [GC
Desired survivor size 26738688 bytes, new threshold 1 (max 15)
 [PSYoungGen: 2764240K->17248K(2769408K)] 6121290K->3374990K(8361856K), 0.0483230 secs] [Times: user=0.25 sys=0.03, real=0.05 secs] 
2011-02-12T08:18:57.025+0000: 28826.344: [GC
Desired survivor size 25755648 bytes, new threshold 1 (max 15)
 [PSYoungGen: 2761184K->9856K(2770048K)] 6118926K->3367974K(8362496K), 0.0384720 secs] [Times: user=0.21 sys=0.02, real=0.03 secs] 
2011-02-12T08:19:03.181+0000: 28832.501: [GC
Desired survivor size 25296896 bytes, new threshold 1 (max 15)
 [PSYoungGen: 2753792K->14339K(2771456K)] 6111910K->3372881K(8363904K), 0.0446380 secs] [Times: user=0.21 sys=0.02, real=0.05 secs] 
2011-02-12T08:19:08.906+0000: 28838.225: [GC
Desired survivor size 24379392 bytes, new threshold 1 (max 15)
 [PSYoungGen: 2760643K->10176K(2771008K)] 6119185K->3369445K(8363456K), 0.0408930 secs] [Times: user=0.22 sys=0.02, real=0.04 secs] 
2011-02-12T08:19:15.894+0000: 28845.214: [GC
Desired survivor size 23592960 bytes, new threshold 1 (max 15)
 [PSYoungGen: 2756480K->13112K(2773120K)] 6115749K->3372750K(8365568K), 0.0425540 secs] [Times: user=0.24 sys=0.03, real=0.05 secs] 
2011-02-12T08:19:22.389+0000: 28851.709: [GC
Desired survivor size 23134208 bytes, new threshold 1 (max 15)
 [PSYoungGen: 2762424K->8576K(2772352K)] 6122062K->3368690K(8364800K), 0.0380270 secs] [Times: user=0.19 sys=0.03, real=0.04 secs] 
2011-02-12T08:19:29.245+0000: 28858.565: [GC
Desired survivor size 22872064 bytes, new threshold 1 (max 15)
 [PSYoungGen: 2757888K->7008K(2773824K)] 6118002K->3367599K(8366272K), 0.0358550 secs] [Times: user=0.20 sys=0.02, real=0.04 secs] 
2011-02-12T08:19:35.963+0000: 28865.283: [GC
Desired survivor size 22937600 bytes, new threshold 1 (max 15)
 [PSYoungGen: 2758240K->4688K(2773568K)] 6118831K->3365683K(8366016K), 0.0330220 secs] [Times: user=0.17 sys=0.01, real=0.03 secs] 
2011-02-12T08:19:42.984+0000: 28872.304: [GC
Desired survivor size 21954560 bytes, new threshold 1 (max 15)
 [PSYoungGen: 2755920K->11344K(2774720K)] 6116915K->3372875K(8367168K), 0.0395600 secs] [Times: user=0.22 sys=0.02, real=0.04 secs] 
2011-02-12T08:19:49.702+0000: 28879.022: [GC
Desired survivor size 24248320 bytes, new threshold 1 (max 15)
 [PSYoungGen: 2763664K->19712K(2772096K)] 6125195K->3381875K(8364544K), 0.0484440 secs] [Times: user=0.29 sys=0.02, real=0.05 secs] 
2011-02-12T08:19:56.569+0000: 28885.889: [GC
Desired survivor size 23789568 bytes, new threshold 1 (max 15)
 [PSYoungGen: 2772032K->13760K(2772928K)] 6134195K->3376419K(8365376K), 0.0440460 secs] [Times: user=0.23 sys=0.02, real=0.05 secs] 
2011-02-12T08:20:02.981+0000: 28892.301: [GC
Desired survivor size 22740992 bytes, new threshold 1 (max 15)
 [PSYoungGen: 2763008K->12170K(2772480K)] 6125667K->3375273K(8364928K), 0.0413580 secs] [Times: user=0.23 sys=0.03, real=0.05 secs] 
2011-02-12T08:20:08.866+0000: 28898.186: [GC
Desired survivor size 21823488 bytes, new threshold 1 (max 15)
 [PSYoungGen: 2761418K->11104K(2774848K)] 6124521K->3375021K(8367296K), 0.0405660 secs] [Times: user=0.23 sys=0.02, real=0.04 secs] 
2011-02-12T08:20:14.984+0000: 28904.304: [GC
Desired survivor size 22020096 bytes, new threshold 1 (max 15)
 [PSYoungGen: 2763744K->14880K(2773952K)] 6127661K->3379205K(8366400K), 0.0438190 secs] [Times: user=0.25 sys=0.03, real=0.04 secs] 
2011-02-12T08:20:21.606+0000: 28910.926: [GC
Desired survivor size 21561344 bytes, new threshold 1 (max 15)
 [PSYoungGen: 2767520K->9376K(2775104K)] 6131845K->3374185K(8367552K), 0.0373750 secs] [Times: user=0.21 sys=0.01, real=0.03 secs] 
2011-02-12T08:20:27.040+0000: 28916.360: [GC
Desired survivor size 20905984 bytes, new threshold 1 (max 15)
 [PSYoungGen: 2762976K->10176K(2774656K)] 6127785K->3375421K(8367104K), 0.0415910 secs] [Times: user=0.23 sys=0.03, real=0.04 secs] 
2011-02-12T08:20:33.625+0000: 28922.944: [GC
Desired survivor size 20905984 bytes, new threshold 1 (max 15)
 [PSYoungGen: 2763776K->6624K(2775744K)] 6129021K->3372249K(8368192K), 0.0391170 secs] [Times: user=0.18 sys=0.02, real=0.04 secs] 
2011-02-12T08:20:40.285+0000: 28929.605: [GC
Desired survivor size 24576000 bytes, new threshold 1 (max 15)
 [PSYoungGen: 2761952K->20384K(2775744K)] 6127577K->3388906K(8368192K), 0.0562310 secs] [Times: user=0.30 sys=0.01, real=0.06 secs] 
2011-02-12T08:20:45.983+0000: 28935.302: [GC
Desired survivor size 23592960 bytes, new threshold 1 (max 15)
 [PSYoungGen: 2775712K->10928K(2770496K)] 6144234K->3380250K(8362944K), 0.0400750 secs] [Times: user=0.20 sys=0.02, real=0.04 secs] 
2011-02-12T08:20:53.043+0000: 28942.362: [GC
Desired survivor size 22544384 bytes, new threshold 1 (max 15)
 [PSYoungGen: 2761008K->12157K(2773120K)] 6130330K->3381931K(8365568K), 0.0448900 secs] [Times: user=0.22 sys=0.02, real=0.05 secs] 
2011-02-12T08:20:59.054+0000: 28948.374: [GC
Desired survivor size 22740992 bytes, new threshold 1 (max 15)
 [PSYoungGen: 2762237K->5216K(2773760K)] 6132011K->3375486K(8366208K), 0.0335290 secs] [Times: user=0.16 sys=0.01, real=0.03 secs] 
2011-02-12T08:21:04.865+0000: 28954.185: [GC
Desired survivor size 21757952 bytes, new threshold 1 (max 15)
 [PSYoungGen: 2756960K->11802K(2773952K)] 6127230K->3382488K(8366400K), 0.0453920 secs] [Times: user=0.22 sys=0.02, real=0.05 secs] 
2011-02-12T08:21:10.479+0000: 28959.799: [GC
Desired survivor size 26148864 bytes, new threshold 1 (max 15)
 [PSYoungGen: 2763546K->21248K(2766336K)] 6134232K->3396381K(8358784K), 0.0568350 secs] [Times: user=0.30 sys=0.03, real=0.06 secs] 
2011-02-12T08:21:17.028+0000: 28966.348: [GC
Desired survivor size 24903680 bytes, new threshold 1 (max 15)
 [PSYoungGen: 2766336K->12844K(2770624K)] 6141469K->3388449K(8363072K), 0.0427170 secs] [Times: user=0.25 sys=0.01, real=0.05 secs] 
2011-02-12T08:21:22.476+0000: 28971.795: [GC
Desired survivor size 25165824 bytes, new threshold 1 (max 15)
 [PSYoungGen: 2757932K->4608K(2771328K)] 6133537K->3380705K(8363776K), 0.0329800 secs] [Times: user=0.17 sys=0.02, real=0.03 secs] 
2011-02-12T08:21:29.101+0000: 28978.420: [GC
Desired survivor size 24838144 bytes, new threshold 1 (max 15)
 [PSYoungGen: 2751616K->14528K(2771584K)] 6127713K->3391041K(8364032K), 0.0438870 secs] [Times: user=0.26 sys=0.01, real=0.05 secs] 
2011-02-12T08:21:35.459+0000: 28984.778: [GC
Desired survivor size 27918336 bytes, new threshold 1 (max 15)
 [PSYoungGen: 2761536K->23840K(2765888K)] 6138049K->3400825K(8358336K), 0.0521420 secs] [Times: user=0.28 sys=0.03, real=0.05 secs] 
2011-02-12T08:21:41.714+0000: 28991.034: [GC
Desired survivor size 26935296 bytes, new threshold 1 (max 15)
 [PSYoungGen: 2765472K->11120K(2768896K)] 6142457K->3388673K(8361344K), 0.0379520 secs] [Times: user=0.20 sys=0.01, real=0.03 secs] 
2011-02-12T08:21:47.420+0000: 28996.739: [GC
Desired survivor size 27394048 bytes, new threshold 1 (max 15)
 [PSYoungGen: 2752752K->18016K(2768960K)] 6130305K->3396213K(8361408K), 0.0472040 secs] [Times: user=0.28 sys=0.02, real=0.05 secs] 
2011-02-12T08:21:53.362+0000: 29002.682: [GC
Desired survivor size 27328512 bytes, new threshold 1 (max 15)
 [PSYoungGen: 2760672K->17056K(2769408K)] 6138869K->3395737K(8361856K), 0.0470500 secs] [Times: user=0.28 sys=0.01, real=0.05 secs] 
2011-02-12T08:21:58.372+0000: 29007.692: [GC
Desired survivor size 27394048 bytes, new threshold 1 (max 15)
 [PSYoungGen: 2759712K->6344K(2769344K)] 6138393K->3385438K(8361792K), 0.0332530 secs] [Times: user=0.18 sys=0.01, real=0.04 secs] 
2011-02-12T08:22:03.462+0000: 29012.781: [GC
Desired survivor size 26804224 bytes, new threshold 1 (max 15)
 [PSYoungGen: 2749000K->8986K(2769408K)] 6128094K->3388505K(8361856K), 0.0380760 secs] [Times: user=0.21 sys=0.01, real=0.04 secs] 
2011-02-12T08:22:08.953+0000: 29018.272: [GC
Desired survivor size 29818880 bytes, new threshold 1 (max 15)
 [PSYoungGen: 2751642K->24416K(2764096K)] 6131161K->3404577K(8356544K), 0.0506980 secs] [Times: user=0.31 sys=0.03, real=0.05 secs] 
2011-02-12T08:22:15.008+0000: 29024.327: [GC
Desired survivor size 28966912 bytes, new threshold 1 (max 15)
 [PSYoungGen: 2762336K->15840K(2767040K)] 6142497K->3396405K(8359488K), 0.0433520 secs] [Times: user=0.26 sys=0.01, real=0.05 secs] 
2011-02-12T08:22:21.723+0000: 29031.043: [GC
Desired survivor size 27590656 bytes, new threshold 1 (max 15)
 [PSYoungGen: 2753760K->13704K(2769216K)] 6134325K->3394725K(8361664K), 0.0441870 secs] [Times: user=0.26 sys=0.03, real=0.04 secs] 
2011-02-12T08:22:27.581+0000: 29036.900: [GC
Desired survivor size 28114944 bytes, new threshold 1 (max 15)
 [PSYoungGen: 2754632K->19040K(2767872K)] 6135653K->3400533K(8360320K), 0.0481140 secs] [Times: user=0.27 sys=0.02, real=0.04 secs] 
2011-02-12T08:22:33.839+0000: 29043.159: [GC
Desired survivor size 28770304 bytes, new threshold 1 (max 15)
 [PSYoungGen: 2759968K->3552K(2767424K)] 6141461K->3385485K(8359872K), 0.0301640 secs] [Times: user=0.16 sys=0.01, real=0.03 secs] 
2011-02-12T08:22:40.583+0000: 29049.902: [GC
Desired survivor size 30670848 bytes, new threshold 1 (max 15)
 [PSYoungGen: 2743520K->22448K(2762432K)] 6125453K->3404853K(8354880K), 0.0496210 secs] [Times: user=0.30 sys=0.02, real=0.05 secs] 
2011-02-12T08:22:47.008+0000: 29056.328: [GC
Desired survivor size 29556736 bytes, new threshold 1 (max 15)
 [PSYoungGen: 2762416K->11485K(2767296K)] 6144821K->3394614K(8359744K), 0.0378550 secs] [Times: user=0.22 sys=0.02, real=0.04 secs] 
2011-02-12T08:22:52.900+0000: 29062.220: [GC
Desired survivor size 28246016 bytes, new threshold 1 (max 15)
 [PSYoungGen: 2748829K->13024K(2766208K)] 6131958K->3396757K(8358656K), 0.0416760 secs] [Times: user=0.25 sys=0.01, real=0.04 secs] 
2011-02-12T08:22:58.483+0000: 29067.803: [GC
Desired survivor size 27131904 bytes, new threshold 1 (max 15)
 [PSYoungGen: 2750368K->12448K(2769664K)] 6134101K->3396565K(8362112K), 0.0413890 secs] [Times: user=0.22 sys=0.02, real=0.04 secs] 
2011-02-12T08:23:04.710+0000: 29074.030: [GC
Desired survivor size 26083328 bytes, new threshold 1 (max 15)
 [PSYoungGen: 2754528K->14474K(2768576K)] 6138645K->3398959K(8361024K), 0.0448030 secs] [Times: user=0.25 sys=0.01, real=0.05 secs] 
2011-02-12T08:23:10.663+0000: 29079.982: [GC
Desired survivor size 25427968 bytes, new threshold 1 (max 15)
 [PSYoungGen: 2756554K->15296K(2771328K)] 6141039K->3400487K(8363776K), 0.0446940 secs] [Times: user=0.26 sys=0.02, real=0.05 secs] 
2011-02-12T08:23:17.792+0000: 29087.112: [GC
Desired survivor size 25427968 bytes, new threshold 1 (max 15)
 [PSYoungGen: 2761152K->7904K(2770688K)] 6146343K->3393491K(8363136K), 0.0372080 secs] [Times: user=0.20 sys=0.03, real=0.04 secs] 
2011-02-12T08:23:24.046+0000: 29093.365: [GC
Desired survivor size 26017792 bytes, new threshold 1 (max 15)
 [PSYoungGen: 2753760K->3136K(2770176K)] 6139347K->3389252K(8362624K), 0.0265350 secs] [Times: user=0.16 sys=0.02, real=0.03 secs] 
2011-02-12T08:23:29.537+0000: 29098.857: [GC
Desired survivor size 24772608 bytes, new threshold 1 (max 15)
 [PSYoungGen: 2748480K->12192K(2770752K)] 6134596K->3398744K(8363200K), 0.0390220 secs] [Times: user=0.23 sys=0.01, real=0.04 secs] 
2011-02-12T08:23:35.748+0000: 29105.067: [GC
Desired survivor size 24707072 bytes, new threshold 1 (max 15)
 [PSYoungGen: 2757536K->15521K(2772032K)] 6144088K->3402449K(8364480K), 0.0411450 secs] [Times: user=0.25 sys=0.01, real=0.05 secs] 
2011-02-12T08:23:43.020+0000: 29112.340: [GC
Desired survivor size 23724032 bytes, new threshold 1 (max 15)
 [PSYoungGen: 2763361K->11824K(2771968K)] 6150289K->3399380K(8364416K), 0.0399780 secs] [Times: user=0.24 sys=0.02, real=0.04 secs] 
2011-02-12T08:23:48.648+0000: 29117.967: [GC
Desired survivor size 23003136 bytes, new threshold 1 (max 15)
 [PSYoungGen: 2759664K->13632K(2773696K)] 6147220K->3401836K(8366144K), 0.0426730 secs] [Times: user=0.25 sys=0.02, real=0.05 secs] 
2011-02-12T08:23:55.273+0000: 29124.593: [GC
Desired survivor size 22872064 bytes, new threshold 1 (max 15)
 [PSYoungGen: 2764160K->7776K(2772992K)] 6152364K->3396484K(8365440K), 0.0363380 secs] [Times: user=0.21 sys=0.02, real=0.03 secs] 
2011-02-12T08:24:01.774+0000: 29131.093: [GC
Desired survivor size 23986176 bytes, new threshold 1 (max 15)
 [PSYoungGen: 2758304K->17922K(2771648K)] 6147012K->3407030K(8364096K), 0.0564440 secs] [Times: user=0.29 sys=0.02, real=0.05 secs] 
2011-02-12T08:24:07.239+0000: 29136.559: [GC
Desired survivor size 23592960 bytes, new threshold 1 (max 15)
 [PSYoungGen: 2767234K->14520K(2772736K)] 6156342K->3404242K(8365184K), 0.0440740 secs] [Times: user=0.24 sys=0.02, real=0.05 secs] 
2011-02-12T08:24:13.146+0000: 29142.466: [GC
Desired survivor size 24051712 bytes, new threshold 1 (max 15)
 [PSYoungGen: 2763832K->4256K(2772224K)] 6153554K->3394494K(8364672K), 0.0314560 secs] [Times: user=0.17 sys=0.02, real=0.03 secs] 
2011-02-12T08:24:19.372+0000: 29148.692: [GC
Desired survivor size 23592960 bytes, new threshold 1 (max 15)
 [PSYoungGen: 2753440K->13856K(2772672K)] 6143678K->3404574K(8365120K), 0.0429100 secs] [Times: user=0.25 sys=0.01, real=0.05 secs] 
2011-02-12T08:24:25.557+0000: 29154.877: [GC
Desired survivor size 23855104 bytes, new threshold 1 (max 15)
 [PSYoungGen: 2763040K->4416K(2772608K)] 6153758K->3395539K(8365056K), 0.0319850 secs] [Times: user=0.15 sys=0.01, real=0.03 secs] 
2011-02-12T08:24:31.658+0000: 29160.978: [GC
Desired survivor size 23265280 bytes, new threshold 1 (max 15)
 [PSYoungGen: 2753984K->7968K(2772864K)] 6145107K->3399491K(8365312K), 0.0369750 secs] [Times: user=0.19 sys=0.02, real=0.04 secs] 
2011-02-12T08:24:38.206+0000: 29167.526: [GC
Desired survivor size 23789568 bytes, new threshold 1 (max 15)
 [PSYoungGen: 2757536K->15728K(2772416K)] 6149059K->3407695K(8364864K), 0.0438460 secs] [Times: user=0.26 sys=0.02, real=0.04 secs] 
2011-02-12T08:24:44.442+0000: 29173.762: [GC
Desired survivor size 22740992 bytes, new threshold 1 (max 15)
 [PSYoungGen: 2765424K->11056K(2772928K)] 6157391K->3403491K(8365376K), 0.0396460 secs] [Times: user=0.21 sys=0.02, real=0.04 secs] 
2011-02-12T08:24:50.735+0000: 29180.055: [GC
Desired survivor size 23003136 bytes, new threshold 1 (max 15)
 [PSYoungGen: 2760752K->15152K(2773440K)] 6153187K->3408263K(8365888K), 0.0436390 secs] [Times: user=0.27 sys=0.02, real=0.05 secs] 
2011-02-12T08:24:57.446+0000: 29186.766: [GC
Desired survivor size 22020096 bytes, new threshold 1 (max 15)
 [PSYoungGen: 2766384K->11288K(2773696K)] 6159495K->3404935K(8366144K), 0.0391180 secs] [Times: user=0.23 sys=0.01, real=0.04 secs] 
2011-02-12T08:25:02.916+0000: 29192.236: [GC
Desired survivor size 25690112 bytes, new threshold 1 (max 15)
 [PSYoungGen: 2762520K->21478K(2767488K)] 6156167K->3417688K(8359936K), 0.0510380 secs] [Times: user=0.31 sys=0.03, real=0.05 secs] 
2011-02-12T08:25:08.521+0000: 29197.841: [GC
Desired survivor size 25821184 bytes, new threshold 1 (max 15)
 [PSYoungGen: 2767462K->5264K(2751296K)] 6163672K->3402224K(8343744K), 0.0318040 secs] [Times: user=0.17 sys=0.02, real=0.03 secs] 
2011-02-12T08:25:15.711+0000: 29205.031: [GC
Desired survivor size 25100288 bytes, new threshold 1 (max 15)
 [PSYoungGen: 2751248K->8768K(2771648K)] 6148208K->3406148K(8364096K), 0.0359480 secs] [Times: user=0.20 sys=0.01, real=0.03 secs] 
2011-02-12T08:25:21.438+0000: 29210.758: [GC
Desired survivor size 24903680 bytes, new threshold 1 (max 15)
 [PSYoungGen: 2755200K->5440K(2770944K)] 6152580K->3403268K(8363392K), 0.0336150 secs] [Times: user=0.19 sys=0.02, real=0.04 secs] 
2011-02-12T08:25:27.257+0000: 29216.577: [GC
Desired survivor size 24248320 bytes, new threshold 1 (max 15)
 [PSYoungGen: 2751872K->7384K(2772480K)] 6149700K->3405673K(8364928K), 0.0323650 secs] [Times: user=0.18 sys=0.02, real=0.03 secs] 
2011-02-12T08:25:34.300+0000: 29223.620: [GC
Desired survivor size 23724032 bytes, new threshold 1 (max 15)
 [PSYoungGen: 2755544K->6568K(2771840K)] 6153833K->3405245K(8364288K), 0.0321240 secs] [Times: user=0.17 sys=0.02, real=0.04 secs] 
2011-02-12T08:25:39.372+0000: 29228.692: [GC
Desired survivor size 22872064 bytes, new threshold 1 (max 15)
 [PSYoungGen: 2754728K->7904K(2773824K)] 6153405K->3407034K(8366272K), 0.0366760 secs] [Times: user=0.20 sys=0.02, real=0.04 secs] 
2011-02-12T08:25:45.302+0000: 29234.622: [GC
Desired survivor size 21626880 bytes, new threshold 1 (max 15)
 [PSYoungGen: 2758560K->10016K(2772992K)] 6157690K->3409606K(8365440K), 0.0365870 secs] [Times: user=0.21 sys=0.02, real=0.04 secs] 
2011-02-12T08:25:52.213+0000: 29241.532: [GC
Desired survivor size 21168128 bytes, new threshold 1 (max 15)
 [PSYoungGen: 2760672K->11840K(2775488K)] 6160262K->3412010K(8367936K), 0.0421960 secs] [Times: user=0.24 sys=0.02, real=0.05 secs] 
2011-02-12T08:25:58.367+0000: 29247.687: [GC
Desired survivor size 20643840 bytes, new threshold 1 (max 15)
 [PSYoungGen: 2766208K->11826K(2775040K)] 6166378K->3412469K(8367488K), 0.0403540 secs] [Times: user=0.24 sys=0.01, real=0.04 secs] 
2011-02-12T08:26:05.072+0000: 29254.391: [GC
Desired survivor size 19660800 bytes, new threshold 1 (max 15)
 [PSYoungGen: 2766194K->10490K(2776960K)] 6166837K->3411500K(8369408K), 0.0376470 secs] [Times: user=0.22 sys=0.02, real=0.04 secs] 
2011-02-12T08:26:11.630+0000: 29260.950: [GC
Desired survivor size 19988480 bytes, new threshold 1 (max 15)
 [PSYoungGen: 2767290K->3552K(2776000K)] 6168300K->3405281K(8368448K), 0.0283400 secs] [Times: user=0.16 sys=0.01, real=0.03 secs] 
2011-02-12T08:26:17.979+0000: 29267.299: [GC
Desired survivor size 22020096 bytes, new threshold 1 (max 15)
 [PSYoungGen: 2760352K->17696K(2772672K)] 6162081K->3419813K(8365120K), 0.0445130 secs] [Times: user=0.24 sys=0.02, real=0.04 secs] 
2011-02-12T08:26:25.465+0000: 29274.785: [GC
Desired survivor size 22020096 bytes, new threshold 1 (max 15)
 [PSYoungGen: 2770848K->4224K(2774656K)] 6172965K->3406797K(8367104K), 0.0306590 secs] [Times: user=0.17 sys=0.01, real=0.03 secs] 
2011-02-12T08:26:32.097+0000: 29281.417: [GC
Desired survivor size 21692416 bytes, new threshold 1 (max 15)
 [PSYoungGen: 2757376K->12256K(2774976K)] 6159949K->3415289K(8367424K), 0.0405070 secs] [Times: user=0.24 sys=0.02, real=0.04 secs] 
2011-02-12T08:26:38.608+0000: 29287.928: [GC
Desired survivor size 20840448 bytes, new threshold 1 (max 15)
 [PSYoungGen: 2765728K->8752K(2774656K)] 6168761K->3412153K(8367104K), 0.0373810 secs] [Times: user=0.19 sys=0.02, real=0.04 secs] 
2011-02-12T08:26:45.476+0000: 29294.796: [GC
Desired survivor size 20381696 bytes, new threshold 1 (max 15)
 [PSYoungGen: 2762224K->6416K(2776256K)] 6165625K->3410405K(8368704K), 0.0326600 secs] [Times: user=0.18 sys=0.02, real=0.03 secs] 
2011-02-12T08:26:52.153+0000: 29301.472: [GC
Desired survivor size 23003136 bytes, new threshold 1 (max 15)
 [PSYoungGen: 2762320K->19232K(2775168K)] 6166309K->3423877K(8367616K), 0.0494230 secs] [Times: user=0.30 sys=0.01, real=0.05 secs] 
2011-02-12T08:26:58.425+0000: 29307.745: [GC
Desired survivor size 22544384 bytes, new threshold 1 (max 15)
 [PSYoungGen: 2775136K->6144K(2773120K)] 6179781K->3411185K(8365568K), 0.0357010 secs] [Times: user=0.18 sys=0.01, real=0.03 secs] 
2011-02-12T08:27:04.698+0000: 29314.017: [GC
Desired survivor size 21954560 bytes, new threshold 1 (max 15)
 [PSYoungGen: 2758272K->11811K(2774144K)] 6163313K->3417220K(8366592K), 0.0408270 secs] [Times: user=0.23 sys=0.02, real=0.04 secs] 
2011-02-12T08:27:10.926+0000: 29320.246: [GC
Desired survivor size 22282240 bytes, new threshold 1 (max 15)
 [PSYoungGen: 2763939K->14239K(2774080K)] 6169348K->3420322K(8366528K), 0.0439040 secs] [Times: user=0.24 sys=0.01, real=0.04 secs] 
2011-02-12T08:27:17.002+0000: 29326.322: [GC
Desired survivor size 21823488 bytes, new threshold 1 (max 15)
 [PSYoungGen: 2766879K->7120K(2774400K)] 6172962K->3413627K(8366848K), 0.0359020 secs] [Times: user=0.19 sys=0.02, real=0.04 secs] 
2011-02-12T08:27:23.694+0000: 29333.014: [GC
Desired survivor size 21299200 bytes, new threshold 1 (max 15)
 [PSYoungGen: 2759760K->6880K(2775360K)] 6166267K->3413895K(8367808K), 0.0326160 secs] [Times: user=0.19 sys=0.01, real=0.04 secs] 
2011-02-12T08:27:30.643+0000: 29339.963: [GC
Desired survivor size 22937600 bytes, new threshold 1 (max 15)
 [PSYoungGen: 2760928K->17280K(2771328K)] 6167943K->3424687K(8363776K), 0.0474690 secs] [Times: user=0.28 sys=0.01, real=0.05 secs] 
2011-02-12T08:27:37.265+0000: 29346.585: [GC
Desired survivor size 22020096 bytes, new threshold 1 (max 15)
 [PSYoungGen: 2771328K->11407K(2774656K)] 6178735K->3419242K(8367104K), 0.0403100 secs] [Times: user=0.23 sys=0.02, real=0.04 secs] 
2011-02-12T08:27:44.152+0000: 29353.471: [GC
Desired survivor size 21037056 bytes, new threshold 1 (max 15)
 [PSYoungGen: 2763663K->11152K(2773760K)] 6171498K->3419507K(8366208K), 0.0396380 secs] [Times: user=0.23 sys=0.01, real=0.04 secs] 
2011-02-12T08:27:51.343+0000: 29360.663: [GC
Desired survivor size 21430272 bytes, new threshold 1 (max 15)
 [PSYoungGen: 2763408K->2912K(2774848K)] 6171763K->3411883K(8367296K), 0.0295730 secs] [Times: user=0.16 sys=0.01, real=0.03 secs] 
2011-02-12T08:27:57.141+0000: 29366.461: [GC
Desired survivor size 23658496 bytes, new threshold 1 (max 15)
 [PSYoungGen: 2757216K->18912K(2773248K)] 6166187K->3428415K(8365696K), 0.0469330 secs] [Times: user=0.29 sys=0.01, real=0.04 secs] 
2011-02-12T08:28:03.579+0000: 29372.899: [GC
Desired survivor size 22544384 bytes, new threshold 1 (max 15)
 [PSYoungGen: 2773216K->11226K(2774144K)] 6182719K->3421181K(8366592K), 0.0408630 secs] [Times: user=0.22 sys=0.02, real=0.04 secs] 
2011-02-12T08:28:09.692+0000: 29379.011: [GC
Desired survivor size 22347776 bytes, new threshold 1 (max 15)
 [PSYoungGen: 2762458K->13504K(2773248K)] 6172413K->3424173K(8365696K), 0.0438910 secs] [Times: user=0.24 sys=0.01, real=0.04 secs] 
2011-02-12T08:28:16.377+0000: 29385.697: [GC
Desired survivor size 21364736 bytes, new threshold 1 (max 15)
 [PSYoungGen: 2764736K->10700K(2775296K)] 6175405K->3421882K(8367744K), 0.0402120 secs] [Times: user=0.21 sys=0.02, real=0.04 secs] 
2011-02-12T08:28:22.330+0000: 29391.650: [GC
Desired survivor size 20578304 bytes, new threshold 1 (max 15)
 [PSYoungGen: 2764172K->10208K(2774336K)] 6175354K->3422242K(8366784K), 0.0406870 secs] [Times: user=0.22 sys=0.02, real=0.04 secs] 
2011-02-12T08:28:29.425+0000: 29398.744: [GC
Desired survivor size 19791872 bytes, new threshold 1 (max 15)
 [PSYoungGen: 2763680K->10080K(2776832K)] 6175714K->3422490K(8369280K), 0.0373580 secs] [Times: user=0.22 sys=0.02, real=0.03 secs] 
2011-02-12T08:28:35.187+0000: 29404.506: [GC
Desired survivor size 19595264 bytes, new threshold 1 (max 15)
 [PSYoungGen: 2766816K->12576K(2776064K)] 6179226K->3425425K(8368512K), 0.0401010 secs] [Times: user=0.23 sys=0.01, real=0.04 secs] 
2011-02-12T08:28:41.587+0000: 29410.907: [GC
Desired survivor size 24313856 bytes, new threshold 1 (max 15)
 [PSYoungGen: 2769312K->19104K(2767808K)] 6182161K->3438593K(8360256K), 0.0549890 secs] [Times: user=0.35 sys=0.03, real=0.05 secs] 
2011-02-12T08:28:48.265+0000: 29417.584: [GC
Desired survivor size 23527424 bytes, new threshold 1 (max 15)
 [PSYoungGen: 2767776K->13520K(2772416K)] 6187265K->3433665K(8364864K), 0.0427730 secs] [Times: user=0.25 sys=0.01, real=0.05 secs] 
2011-02-12T08:28:54.829+0000: 29424.148: [GC
Desired survivor size 24182784 bytes, new threshold 1 (max 15)
 [PSYoungGen: 2762192K->17248K(2771904K)] 6182337K->3437917K(8364352K), 0.0444710 secs] [Times: user=0.27 sys=0.01, real=0.04 secs] 
2011-02-12T08:29:00.580+0000: 29429.900: [GC
Desired survivor size 23789568 bytes, new threshold 1 (max 15)
 [PSYoungGen: 2766176K->9250K(2772544K)] 6186845K->3430335K(8364992K), 0.0381150 secs] [Times: user=0.20 sys=0.02, real=0.04 secs] 
2011-02-12T08:29:06.589+0000: 29435.909: [GC
Desired survivor size 22937600 bytes, new threshold 1 (max 15)
 [PSYoungGen: 2758178K->11320K(2773760K)] 6179263K->3432975K(8366208K), 0.0413570 secs] [Times: user=0.24 sys=0.03, real=0.04 secs] 
2011-02-12T08:29:12.602+0000: 29441.922: [GC
Desired survivor size 23003136 bytes, new threshold 1 (max 15)
 [PSYoungGen: 2761848K->15392K(2772928K)] 6183503K->3437563K(8365376K), 0.0436110 secs] [Times: user=0.26 sys=0.01, real=0.04 secs] 
2011-02-12T08:29:18.722+0000: 29448.042: [GC
Desired survivor size 24903680 bytes, new threshold 1 (max 15)
 [PSYoungGen: 2765920K->20500K(2769984K)] 6188091K->3443080K(8362432K), 0.0483820 secs] [Times: user=0.30 sys=0.02, real=0.05 secs] 
2011-02-12T08:29:25.454+0000: 29454.773: [GC
Desired survivor size 24182784 bytes, new threshold 1 (max 15)
 [PSYoungGen: 2768020K->11712K(2771840K)] 6190600K->3434879K(8364288K), 0.0428180 secs] [Times: user=0.25 sys=0.02, real=0.04 secs] 
2011-02-12T08:29:31.982+0000: 29461.301: [GC
Desired survivor size 24313856 bytes, new threshold 1 (max 15)
 [PSYoungGen: 2759232K->6656K(2772288K)] 6182399K->3430195K(8364736K), 0.0353730 secs] [Times: user=0.18 sys=0.01, real=0.03 secs] 
2011-02-12T08:29:37.670+0000: 29466.990: [GC
Desired survivor size 24903680 bytes, new threshold 1 (max 15)
 [PSYoungGen: 2755328K->2800K(2751488K)] 6178867K->3426745K(8343936K), 0.0262620 secs] [Times: user=0.16 sys=0.02, real=0.03 secs] 
2011-02-12T08:29:44.006+0000: 29473.326: [GC
Desired survivor size 23855104 bytes, new threshold 1 (max 15)
 [PSYoungGen: 2751472K->12264K(2772864K)] 6175417K->3436690K(8365312K), 0.0396140 secs] [Times: user=0.23 sys=0.01, real=0.04 secs] 
2011-02-12T08:29:49.743+0000: 29479.062: [GC
Desired survivor size 23265280 bytes, new threshold 1 (max 15)
 [PSYoungGen: 2760808K->8560K(2771840K)] 6185234K->3433565K(8364288K), 0.0357470 secs] [Times: user=0.19 sys=0.01, real=0.04 secs] 
2011-02-12T08:29:55.814+0000: 29485.134: [GC
Desired survivor size 22347776 bytes, new threshold 1 (max 15)
 [PSYoungGen: 2757104K->10016K(2774336K)] 6182109K->3435721K(8366784K), 0.0399960 secs] [Times: user=0.21 sys=0.02, real=0.05 secs] 
2011-02-12T08:30:01.951+0000: 29491.271: [GC
Desired survivor size 22020096 bytes, new threshold 1 (max 15)
 [PSYoungGen: 2761632K->13274K(2773440K)] 6187337K->3439427K(8365888K), 0.0431730 secs] [Times: user=0.23 sys=0.02, real=0.04 secs] 
2011-02-12T08:30:07.076+0000: 29496.396: [GC
Desired survivor size 24641536 bytes, new threshold 1 (max 15)
 [PSYoungGen: 2764890K->21184K(2769536K)] 6191043K->3448063K(8361984K), 0.0531320 secs] [Times: user=0.30 sys=0.03, real=0.05 secs] 
2011-02-12T08:30:12.862+0000: 29502.182: [GC
Desired survivor size 23461888 bytes, new threshold 1 (max 15)
 [PSYoungGen: 2769216K->12419K(2772096K)] 6196095K->3439791K(8364544K), 0.0404700 secs] [Times: user=0.25 sys=0.02, real=0.04 secs] 
2011-02-12T08:30:19.248+0000: 29508.568: [GC
Desired survivor size 23724032 bytes, new threshold 1 (max 15)
 [PSYoungGen: 2760451K->5008K(2772736K)] 6187823K->3432823K(8365184K), 0.0339220 secs] [Times: user=0.18 sys=0.01, real=0.03 secs] 
2011-02-12T08:30:25.450+0000: 29514.769: [GC
Desired survivor size 25886720 bytes, new threshold 1 (max 15)
 [PSYoungGen: 2754832K->20560K(2770432K)] 6182647K->3448831K(8362880K), 0.0457460 secs] [Times: user=0.26 sys=0.01, real=0.04 secs] 
2011-02-12T08:30:31.059+0000: 29520.379: [GC
Desired survivor size 26214400 bytes, new threshold 1 (max 15)
 [PSYoungGen: 2770384K->3488K(2770240K)] 6198655K->3432167K(8362688K), 0.0297030 secs] [Times: user=0.16 sys=0.02, real=0.03 secs] 
2011-02-12T08:30:37.234+0000: 29526.554: [GC
Desired survivor size 24969216 bytes, new threshold 1 (max 15)
 [PSYoungGen: 2748448K->10480K(2770560K)] 6177127K->3439511K(8363008K), 0.0377150 secs] [Times: user=0.22 sys=0.01, real=0.04 secs] 
2011-02-12T08:30:43.521+0000: 29532.841: [GC
Desired survivor size 26083328 bytes, new threshold 1 (max 15)
 [PSYoungGen: 2755440K->17856K(2769600K)] 6184472K->3447464K(8362048K), 0.0470330 secs] [Times: user=0.27 sys=0.01, real=0.04 secs] 
2011-02-12T08:30:49.846+0000: 29539.166: [GC
Desired survivor size 25690112 bytes, new threshold 1 (max 15)
 [PSYoungGen: 2763072K->6720K(2770688K)] 6192680K->3436968K(8363136K), 0.0339130 secs] [Times: user=0.19 sys=0.01, real=0.03 secs] 
2011-02-12T08:30:55.866+0000: 29545.185: [GC
Desired survivor size 25362432 bytes, new threshold 1 (max 15)
 [PSYoungGen: 2751936K->5568K(2771392K)] 6182184K->3436296K(8363840K), 0.0352210 secs] [Times: user=0.18 sys=0.02, real=0.03 secs] 
2011-02-12T08:31:02.422+0000: 29551.742: [GC
Desired survivor size 24313856 bytes, new threshold 1 (max 15)
 [PSYoungGen: 2751872K->11994K(2771072K)] 6182600K->3443283K(8363520K), 0.0424890 secs] [Times: user=0.24 sys=0.02, real=0.05 secs] 
2011-02-12T08:31:08.324+0000: 29557.644: [GC
Desired survivor size 23265280 bytes, new threshold 1 (max 15)
 [PSYoungGen: 2758298K->11712K(2773440K)] 6189587K->3443647K(8365888K), 0.0428810 secs] [Times: user=0.23 sys=0.02, real=0.04 secs] 
2011-02-12T08:31:13.833+0000: 29563.152: [GC
Desired survivor size 22478848 bytes, new threshold 1 (max 15)
 [PSYoungGen: 2761408K->12253K(2772416K)] 6193343K->3444560K(8364864K), 0.0404440 secs] [Times: user=0.23 sys=0.01, real=0.04 secs] 
2011-02-12T08:31:20.856+0000: 29570.175: [GC
Desired survivor size 21889024 bytes, new threshold 1 (max 15)
 [PSYoungGen: 2761949K->12736K(2774784K)] 6194256K->3445597K(8367232K), 0.0421360 secs] [Times: user=0.24 sys=0.02, real=0.04 secs] 
2011-02-12T08:31:26.751+0000: 29576.071: [GC
Desired survivor size 23855104 bytes, new threshold 1 (max 15)
 [PSYoungGen: 2765568K->19312K(2772160K)] 6198429K->3452606K(8364608K), 0.0485240 secs] [Times: user=0.28 sys=0.01, real=0.05 secs] 
2011-02-12T08:31:31.934+0000: 29581.254: [GC
Desired survivor size 23986176 bytes, new threshold 1 (max 15)
 [PSYoungGen: 2772144K->4928K(2772608K)] 6205438K->3438851K(8365056K), 0.0333550 secs] [Times: user=0.16 sys=0.02, real=0.04 secs] 
2011-02-12T08:31:38.356+0000: 29587.676: [GC
Desired survivor size 23003136 bytes, new threshold 1 (max 15)
 [PSYoungGen: 2754240K->12080K(2772736K)] 6188163K->3446355K(8365184K), 0.0397380 secs] [Times: user=0.23 sys=0.02, real=0.04 secs] 
2011-02-12T08:31:44.222+0000: 29593.542: [GC
Desired survivor size 21954560 bytes, new threshold 1 (max 15)
 [PSYoungGen: 2761392K->11132K(2774720K)] 6195667K->3445928K(8367168K), 0.0393060 secs] [Times: user=0.23 sys=0.00, real=0.04 secs] 
2011-02-12T08:31:51.108+0000: 29600.428: [GC
Desired survivor size 21692416 bytes, new threshold 1 (max 15)
 [PSYoungGen: 2763388K->7264K(2773696K)] 6198184K->3442684K(8366144K), 0.0374350 secs] [Times: user=0.19 sys=0.02, real=0.03 secs] 
2011-02-12T08:31:56.846+0000: 29606.165: [GC
Desired survivor size 22806528 bytes, new threshold 1 (max 15)
 [PSYoungGen: 2759520K->16736K(2772800K)] 6194940K->3452712K(8365248K), 0.0462310 secs] [Times: user=0.24 sys=0.01, real=0.05 secs] 
2011-02-12T08:32:02.966+0000: 29612.286: [GC
Desired survivor size 23855104 bytes, new threshold 1 (max 15)
 [PSYoungGen: 2768352K->17306K(2768960K)] 6204328K->3453698K(8361408K), 0.0464130 secs] [Times: user=0.28 sys=0.02, real=0.05 secs] 
2011-02-12T08:32:09.290+0000: 29618.610: [GC
Desired survivor size 23461888 bytes, new threshold 1 (max 15)
 [PSYoungGen: 2768922K->8064K(2773248K)] 6205314K->3445126K(8365696K), 0.0367020 secs] [Times: user=0.20 sys=0.02, real=0.04 secs] 
2011-02-12T08:32:15.048+0000: 29624.368: [GC
Desired survivor size 22675456 bytes, new threshold 1 (max 15)
 [PSYoungGen: 2758016K->12800K(2772864K)] 6195078K->3450250K(8365312K), 0.0401600 secs] [Times: user=0.23 sys=0.01, real=0.04 secs] 
2011-02-12T08:32:21.166+0000: 29630.486: [GC
Desired survivor size 22282240 bytes, new threshold 1 (max 15)
 [PSYoungGen: 2762752K->8464K(2774400K)] 6200202K->3446338K(8366848K), 0.0379350 secs] [Times: user=0.20 sys=0.02, real=0.04 secs] 
2011-02-12T08:32:27.619+0000: 29636.938: [GC
Desired survivor size 22478848 bytes, new threshold 1 (max 15)
 [PSYoungGen: 2760720K->14897K(2774016K)] 6198594K->3453244K(8366464K), 0.0451240 secs] [Times: user=0.24 sys=0.01, real=0.05 secs] 
2011-02-12T08:32:32.964+0000: 29642.284: [GC
Desired survivor size 21561344 bytes, new threshold 1 (max 15)
 [PSYoungGen: 2767153K->12256K(2775104K)] 6205500K->3451066K(8367552K), 0.0385910 secs] [Times: user=0.22 sys=0.01, real=0.03 secs] 
2011-02-12T08:32:38.579+0000: 29647.899: [GC
Desired survivor size 22478848 bytes, new threshold 1 (max 15)
 [PSYoungGen: 2765408K->16688K(2774208K)] 6204218K->3455878K(8366656K), 0.0455120 secs] [Times: user=0.28 sys=0.01, real=0.05 secs] 
2011-02-12T08:32:44.742+0000: 29654.062: [GC
Desired survivor size 22806528 bytes, new threshold 1 (max 15)
 [PSYoungGen: 2769840K->4656K(2773568K)] 6209030K->3444294K(8366016K), 0.0311910 secs] [Times: user=0.16 sys=0.02, real=0.03 secs] 
2011-02-12T08:32:51.155+0000: 29660.475: [GC
Desired survivor size 22609920 bytes, new threshold 1 (max 15)
 [PSYoungGen: 2756272K->13907K(2773888K)] 6195910K->3454157K(8366336K), 0.0428860 secs] [Times: user=0.25 sys=0.02, real=0.05 secs] 
2011-02-12T08:32:56.967+0000: 29666.287: [GC
Desired survivor size 22151168 bytes, new threshold 1 (max 15)
 [PSYoungGen: 2765523K->13472K(2774528K)] 6205773K->3454251K(8366976K), 0.0422860 secs] [Times: user=0.24 sys=0.02, real=0.04 secs] 
2011-02-12T08:33:03.355+0000: 29672.675: [GC
Desired survivor size 21233664 bytes, new threshold 1 (max 15)
 [PSYoungGen: 2765920K->11610K(2774080K)] 6206699K->3452877K(8366528K), 0.0386570 secs] [Times: user=0.21 sys=0.02, real=0.04 secs] 
2011-02-12T08:33:09.667+0000: 29678.986: [GC
Desired survivor size 20512768 bytes, new threshold 1 (max 15)
 [PSYoungGen: 2764058K->11184K(2776128K)] 6205325K->3453117K(8368576K), 0.0415590 secs] [Times: user=0.22 sys=0.02, real=0.05 secs] 
2011-02-12T08:33:15.158+0000: 29684.477: [GC
Desired survivor size 20709376 bytes, new threshold 1 (max 15)
 [PSYoungGen: 2766576K->6080K(2775424K)] 6208509K->3448613K(8367872K), 0.0345530 secs] [Times: user=0.18 sys=0.02, real=0.04 secs] 
2011-02-12T08:33:21.638+0000: 29690.958: [GC
Desired survivor size 20709376 bytes, new threshold 1 (max 15)
 [PSYoungGen: 2761472K->13696K(2775936K)] 6204005K->3456641K(8368384K), 0.0436420 secs] [Times: user=0.23 sys=0.02, real=0.05 secs] 
2011-02-12T08:33:28.126+0000: 29697.445: [GC
Desired survivor size 22347776 bytes, new threshold 1 (max 15)
 [PSYoungGen: 2769408K->18208K(2773952K)] 6212353K->3461621K(8366400K), 0.0463010 secs] [Times: user=0.26 sys=0.01, real=0.05 secs] 
2011-02-12T08:33:33.280+0000: 29702.599: [GC
Desired survivor size 21757952 bytes, new threshold 1 (max 15)
 [PSYoungGen: 2773920K->9760K(2774912K)] 6217333K->3453697K(8367360K), 0.0383050 secs] [Times: user=0.23 sys=0.01, real=0.04 secs] 
2011-02-12T08:33:39.950+0000: 29709.270: [GC
Desired survivor size 20840448 bytes, new threshold 1 (max 15)
 [PSYoungGen: 2762848K->12064K(2774336K)] 6206785K->3456401K(8366784K), 0.0414550 secs] [Times: user=0.23 sys=0.01, real=0.05 secs] 
2011-02-12T08:33:46.278+0000: 29715.597: [GC
Desired survivor size 21430272 bytes, new threshold 1 (max 15)
 [PSYoungGen: 2765152K->3888K(2774656K)] 6209489K->3448722K(8367104K), 0.0288200 secs] [Times: user=0.17 sys=0.00, real=0.03 secs] 
2011-02-12T08:33:52.538+0000: 29721.858: [GC
Desired survivor size 20971520 bytes, new threshold 1 (max 15)
 [PSYoungGen: 2758192K->7888K(2775232K)] 6203026K->3453422K(8367680K), 0.0354280 secs] [Times: user=0.21 sys=0.01, real=0.04 secs] 
2011-02-12T08:33:58.944+0000: 29728.264: [GC
Desired survivor size 21102592 bytes, new threshold 1 (max 15)
 [PSYoungGen: 2762192K->13760K(2775424K)] 6207726K->3459750K(8367872K), 0.0420760 secs] [Times: user=0.23 sys=0.02, real=0.05 secs] 
2011-02-12T08:34:04.003+0000: 29733.323: [GC
Desired survivor size 25559040 bytes, new threshold 1 (max 15)
 [PSYoungGen: 2768704K->20602K(2775552K)] 6214694K->3471418K(8368000K), 0.0561700 secs] [Times: user=0.35 sys=0.03, real=0.06 secs] 
2011-02-12T08:34:10.256+0000: 29739.576: [GC
Desired survivor size 25362432 bytes, new threshold 1 (max 15)
 [PSYoungGen: 2775546K->6560K(2767232K)] 6226362K->3457994K(8359680K), 0.0372360 secs] [Times: user=0.19 sys=0.01, real=0.03 secs] 
2011-02-12T08:34:16.931+0000: 29746.251: [GC
Desired survivor size 25427968 bytes, new threshold 1 (max 15)
 [PSYoungGen: 2753184K->3872K(2750528K)] 6204618K->3455738K(8342976K), 0.0297050 secs] [Times: user=0.18 sys=0.00, real=0.03 secs] 
2011-02-12T08:34:22.483+0000: 29751.803: [GC
Desired survivor size 24576000 bytes, new threshold 1 (max 15)
 [PSYoungGen: 2750496K->12608K(2772160K)] 6202362K->3464966K(8364608K), 0.0432810 secs] [Times: user=0.25 sys=0.01, real=0.05 secs] 
2011-02-12T08:34:28.740+0000: 29758.059: [GC
Desired survivor size 25624576 bytes, new threshold 1 (max 15)
 [PSYoungGen: 2759936K->17440K(2764800K)] 6212294K->3470234K(8357248K), 0.0485870 secs] [Times: user=0.27 sys=0.02, real=0.05 secs] 
2011-02-12T08:34:34.961+0000: 29764.280: [GC
Desired survivor size 25493504 bytes, new threshold 1 (max 15)
 [PSYoungGen: 2764768K->4832K(2771264K)] 6217562K->3458066K(8363712K), 0.0342220 secs] [Times: user=0.19 sys=0.02, real=0.03 secs] 
2011-02-12T08:34:41.180+0000: 29770.500: [GC
Desired survivor size 24707072 bytes, new threshold 1 (max 15)
 [PSYoungGen: 2751072K->7824K(2771136K)] 6204306K->3461542K(8363584K), 0.0359450 secs] [Times: user=0.20 sys=0.01, real=0.03 secs] 
2011-02-12T08:34:47.052+0000: 29776.372: [GC
Desired survivor size 23592960 bytes, new threshold 1 (max 15)
 [PSYoungGen: 2754064K->9399K(2773120K)] 6207782K->3463662K(8365568K), 0.0392200 secs] [Times: user=0.22 sys=0.00, real=0.04 secs] 
2011-02-12T08:34:53.256+0000: 29782.576: [GC
Desired survivor size 24772608 bytes, new threshold 1 (max 15)
 [PSYoungGen: 2758391K->17200K(2766208K)] 6212654K->3472101K(8358656K), 0.0473210 secs] [Times: user=0.29 sys=0.02, real=0.05 secs] 
2011-02-12T08:34:59.018+0000: 29788.338: [GC
Desired survivor size 26279936 bytes, new threshold 1 (max 15)
 [PSYoungGen: 2766192K->18816K(2769024K)] 6221093K->3474185K(8361472K), 0.0483100 secs] [Times: user=0.27 sys=0.01, real=0.05 secs] 
2011-02-12T08:35:04.846+0000: 29794.165: [GC
Desired survivor size 26476544 bytes, new threshold 1 (max 15)
 [PSYoungGen: 2763648K->16218K(2761088K)] 6219017K->3471947K(8353536K), 0.0447320 secs] [Times: user=0.28 sys=0.02, real=0.04 secs] 
2011-02-12T08:35:10.029+0000: 29799.349: [GC
Desired survivor size 25559040 bytes, new threshold 1 (max 15)
 [PSYoungGen: 2761050K->9888K(2771200K)] 6216779K->3466411K(8363648K), 0.0358040 secs] [Times: user=0.20 sys=0.01, real=0.04 secs] 
2011-02-12T08:35:15.980+0000: 29805.300: [GC
Desired survivor size 25755648 bytes, new threshold 1 (max 15)
 [PSYoungGen: 2755232K->3808K(2770304K)] 6211755K->3460663K(8362752K), 0.0314420 secs] [Times: user=0.17 sys=0.02, real=0.03 secs] 
2011-02-12T08:35:21.920+0000: 29811.240: [GC
Desired survivor size 25427968 bytes, new threshold 1 (max 15)
 [PSYoungGen: 2749152K->5191K(2771328K)] 6206007K->3462480K(8363776K), 0.0335160 secs] [Times: user=0.17 sys=0.02, real=0.03 secs] 
2011-02-12T08:35:27.072+0000: 29816.392: [GC
Desired survivor size 25624576 bytes, new threshold 1 (max 15)
 [PSYoungGen: 2751367K->15168K(2771008K)] 6208656K->3472924K(8363456K), 0.0454800 secs] [Times: user=0.23 sys=0.01, real=0.05 secs] 
2011-02-12T08:35:33.436+0000: 29822.756: [GC
Desired survivor size 24903680 bytes, new threshold 1 (max 15)
 [PSYoungGen: 2761344K->13024K(2771840K)] 6219100K->3471124K(8364288K), 0.0430070 secs] [Times: user=0.26 sys=0.00, real=0.04 secs] 
2011-02-12T08:35:39.697+0000: 29829.016: [GC
Desired survivor size 24903680 bytes, new threshold 1 (max 15)
 [PSYoungGen: 2759840K->4070K(2771136K)] 6217940K->3462570K(8363584K), 0.0310300 secs] [Times: user=0.18 sys=0.02, real=0.03 secs] 
2011-02-12T08:35:45.106+0000: 29834.426: [GC
Desired survivor size 25493504 bytes, new threshold 1 (max 15)
 [PSYoungGen: 2750886K->16016K(2770688K)] 6209386K->3475055K(8363136K), 0.0446080 secs] [Times: user=0.28 sys=0.01, real=0.05 secs] 
2011-02-12T08:35:51.660+0000: 29840.980: [GC
Desired survivor size 24838144 bytes, new threshold 1 (max 15)
 [PSYoungGen: 2762384K->6848K(2771264K)] 6221423K->3466431K(8363712K), 0.0347790 secs] [Times: user=0.19 sys=0.00, real=0.03 secs] 
2011-02-12T08:35:57.750+0000: 29847.069: [GC
Desired survivor size 24838144 bytes, new threshold 1 (max 15)
 [PSYoungGen: 2753216K->14400K(2771904K)] 6212799K->3474475K(8364352K), 0.0430340 secs] [Times: user=0.25 sys=0.00, real=0.04 secs] 
2011-02-12T08:36:04.105+0000: 29853.425: [GC
Desired survivor size 27459584 bytes, new threshold 1 (max 15)
 [PSYoungGen: 2762048K->21530K(2769216K)] 6222123K->3481977K(8361664K), 0.0501390 secs] [Times: user=0.29 sys=0.02, real=0.05 secs] 
2011-02-12T08:36:10.090+0000: 29859.410: [GC
Desired survivor size 27459584 bytes, new threshold 1 (max 15)
 [PSYoungGen: 2769178K->3392K(2769344K)] 6229625K->3464565K(8361792K), 0.0307280 secs] [Times: user=0.17 sys=0.01, real=0.03 secs] 
2011-02-12T08:36:16.118+0000: 29865.438: [GC
Desired survivor size 27131904 bytes, new threshold 1 (max 15)
 [PSYoungGen: 2745920K->4416K(2769344K)] 6207093K->3466057K(8361792K), 0.0310040 secs] [Times: user=0.17 sys=0.01, real=0.03 secs] 
2011-02-12T08:36:22.155+0000: 29871.475: [GC
Desired survivor size 26607616 bytes, new threshold 1 (max 15)
 [PSYoungGen: 2746944K->4192K(2770176K)] 6208585K->3466281K(8362624K), 0.0314930 secs] [Times: user=0.17 sys=0.01, real=0.03 secs] 
2011-02-12T08:36:28.705+0000: 29878.025: [GC
Desired survivor size 28049408 bytes, new threshold 1 (max 15)
 [PSYoungGen: 2747872K->18064K(2761792K)] 6209961K->3480641K(8354240K), 0.0464440 secs] [Times: user=0.29 sys=0.01, real=0.04 secs] 
2011-02-12T08:36:34.878+0000: 29884.197: [GC
Desired survivor size 26607616 bytes, new threshold 1 (max 15)
 [PSYoungGen: 2761744K->9280K(2770176K)] 6224321K->3472333K(8362624K), 0.0380230 secs] [Times: user=0.20 sys=0.02, real=0.04 secs] 
2011-02-12T08:36:41.223+0000: 29890.543: [GC
Desired survivor size 26017792 bytes, new threshold 1 (max 15)
 [PSYoungGen: 2752064K->4880K(2768768K)] 6215117K->3468361K(8361216K), 0.0341280 secs] [Times: user=0.17 sys=0.01, real=0.04 secs] 
2011-02-12T08:36:47.948+0000: 29897.268: [GC
Desired survivor size 26017792 bytes, new threshold 1 (max 15)
 [PSYoungGen: 2747664K->14128K(2770752K)] 6211145K->3478133K(8363200K), 0.0437890 secs] [Times: user=0.26 sys=0.00, real=0.04 secs] 
2011-02-12T08:36:54.079+0000: 29903.398: [GC
Desired survivor size 24444928 bytes, new threshold 1 (max 15)
 [PSYoungGen: 2759472K->10464K(2770752K)] 6223477K->3475101K(8363200K), 0.0410960 secs] [Times: user=0.23 sys=0.01, real=0.04 secs] 
2011-02-12T08:37:00.087+0000: 29909.407: [GC
Desired survivor size 23658496 bytes, new threshold 1 (max 15)
 [PSYoungGen: 2755808K->7266K(2773056K)] 6220445K->3472403K(8365504K), 0.0347790 secs] [Times: user=0.19 sys=0.02, real=0.03 secs] 
2011-02-12T08:37:05.554+0000: 29914.874: [GC
Desired survivor size 24969216 bytes, new threshold 1 (max 15)
 [PSYoungGen: 2756450K->17016K(2766208K)] 6221587K->3482704K(8358656K), 0.0493660 secs] [Times: user=0.29 sys=0.01, real=0.05 secs] 
2011-02-12T08:37:11.711+0000: 29921.031: [GC
Desired survivor size 24576000 bytes, new threshold 1 (max 15)
 [PSYoungGen: 2766200K->5100K(2772160K)] 6231888K->3471277K(8364608K), 0.0335720 secs] [Times: user=0.17 sys=0.01, real=0.03 secs] 
2011-02-12T08:37:17.397+0000: 29926.717: [GC
Desired survivor size 25952256 bytes, new threshold 1 (max 15)
 [PSYoungGen: 2752876K->17696K(2765504K)] 6219053K->3484433K(8357952K), 0.0473200 secs] [Times: user=0.28 sys=0.02, real=0.05 secs] 
2011-02-12T08:37:23.929+0000: 29933.248: [GC
Desired survivor size 24969216 bytes, new threshold 1 (max 15)
 [PSYoungGen: 2765472K->8512K(2771776K)] 6232209K->3475696K(8364224K), 0.0375570 secs] [Times: user=0.20 sys=0.03, real=0.04 secs] 
2011-02-12T08:37:29.998+0000: 29939.318: [GC
Desired survivor size 23920640 bytes, new threshold 1 (max 15)
 [PSYoungGen: 2754944K->11660K(2770816K)] 6222128K->3479276K(8363264K), 0.0417980 secs] [Times: user=0.24 sys=0.02, real=0.05 secs] 
2011-02-12T08:37:35.463+0000: 29944.783: [GC
Desired survivor size 23461888 bytes, new threshold 1 (max 15)
 [PSYoungGen: 2758092K->13036K(2773248K)] 6225708K->3481085K(8365696K), 0.0408190 secs] [Times: user=0.25 sys=0.01, real=0.04 secs] 
2011-02-12T08:37:41.987+0000: 29951.306: [GC
Desired survivor size 24772608 bytes, new threshold 1 (max 15)
 [PSYoungGen: 2762924K->17696K(2767616K)] 6230973K->3486185K(8360064K), 0.0466440 secs] [Times: user=0.28 sys=0.01, real=0.05 secs] 
2011-02-12T08:37:48.317+0000: 29957.636: [GC
Desired survivor size 24313856 bytes, new threshold 1 (max 15)
 [PSYoungGen: 2767584K->6992K(2772416K)] 6236073K->3476093K(8364864K), 0.0366090 secs] [Times: user=0.20 sys=0.01, real=0.04 secs] 
2011-02-12T08:37:53.775+0000: 29963.095: [GC
Desired survivor size 26935296 bytes, new threshold 1 (max 15)
 [PSYoungGen: 2755216K->21598K(2769856K)] 6224317K->3491303K(8362304K), 0.0509980 secs] [Times: user=0.29 sys=0.02, real=0.05 secs] 
2011-02-12T08:37:59.998+0000: 29969.317: [GC
Desired survivor size 26476544 bytes, new threshold 1 (max 15)
 [PSYoungGen: 2769822K->6667K(2770304K)] 6239527K->3476784K(8362752K), 0.0344820 secs] [Times: user=0.19 sys=0.01, real=0.03 secs] 
2011-02-12T08:38:05.960+0000: 29975.279: [GC
Desired survivor size 25886720 bytes, new threshold 1 (max 15)
 [PSYoungGen: 2750667K->13914K(2769856K)] 6220784K->3484653K(8362304K), 0.0421520 secs] [Times: user=0.23 sys=0.01, real=0.04 secs] 
2011-02-12T08:38:12.021+0000: 29981.341: [GC
Desired survivor size 24838144 bytes, new threshold 1 (max 15)
 [PSYoungGen: 2757914K->9942K(2771904K)] 6228653K->3481367K(8364352K), 0.0381690 secs] [Times: user=0.21 sys=0.02, real=0.04 secs] 
2011-02-12T08:38:18.378+0000: 29987.698: [GC
Desired survivor size 26148864 bytes, new threshold 1 (max 15)
 [PSYoungGen: 2756566K->18432K(2765056K)] 6227991K->3490257K(8357504K), 0.0479470 secs] [Times: user=0.28 sys=0.01, real=0.05 secs] 
2011-02-12T08:38:23.781+0000: 29993.101: [GC
Desired survivor size 24969216 bytes, new threshold 1 (max 15)
 [PSYoungGen: 2765056K->11456K(2771776K)] 6236881K->3483744K(8364224K), 0.0391040 secs] [Times: user=0.23 sys=0.01, real=0.04 secs] 
2011-02-12T08:38:30.778+0000: 30000.097: [GC
Desired survivor size 23855104 bytes, new threshold 1 (max 15)
 [PSYoungGen: 2757696K->11488K(2770624K)] 6229984K->3484172K(8363072K), 0.0403840 secs] [Times: user=0.23 sys=0.00, real=0.04 secs] 
2011-02-12T08:38:37.360+0000: 30006.679: [GC
Desired survivor size 23003136 bytes, new threshold 1 (max 15)
 [PSYoungGen: 2757728K->10606K(2773696K)] 6230412K->3483654K(8366144K), 0.0380580 secs] [Times: user=0.22 sys=0.03, real=0.04 secs] 
2011-02-12T08:38:43.839+0000: 30013.158: [GC
Desired survivor size 23396352 bytes, new threshold 1 (max 15)
 [PSYoungGen: 2761006K->3856K(2772864K)] 6234054K->3477392K(8365312K), 0.0329250 secs] [Times: user=0.17 sys=0.01, real=0.03 secs] 
2011-02-12T08:38:50.966+0000: 30020.286: [GC
Desired survivor size 23724032 bytes, new threshold 1 (max 15)
 [PSYoungGen: 2754256K->15232K(2772672K)] 6227792K->3489348K(8365120K), 0.0433980 secs] [Times: user=0.26 sys=0.01, real=0.05 secs] 
2011-02-12T08:38:57.281+0000: 30026.600: [GC
Desired survivor size 23527424 bytes, new threshold 1 (max 15)
 [PSYoungGen: 2765056K->14272K(2772992K)] 6239172K->3488980K(8365440K), 0.0432650 secs] [Times: user=0.25 sys=0.02, real=0.04 secs] 
2011-02-12T08:39:03.550+0000: 30032.869: [GC
Desired survivor size 22675456 bytes, new threshold 1 (max 15)
 [PSYoungGen: 2764096K->10298K(2774016K)] 6238804K->3485490K(8366464K), 0.0401660 secs] [Times: user=0.20 sys=0.01, real=0.04 secs] 
2011-02-12T08:39:09.564+0000: 30038.884: [GC
Desired survivor size 22151168 bytes, new threshold 1 (max 15)
 [PSYoungGen: 2761338K->8684K(2773184K)] 6236530K->3484730K(8365632K), 0.0373630 secs] [Times: user=0.21 sys=0.03, real=0.04 secs] 
2011-02-12T08:39:16.353+0000: 30045.673: [GC
Desired survivor size 22282240 bytes, new threshold 1 (max 15)
 [PSYoungGen: 2759724K->4768K(2774272K)] 6235770K->3481274K(8366720K), 0.0341300 secs] [Times: user=0.18 sys=0.03, real=0.03 secs] 
2011-02-12T08:39:22.469+0000: 30051.789: [GC
Desired survivor size 22020096 bytes, new threshold 1 (max 15)
 [PSYoungGen: 2757408K->12992K(2774400K)] 6233914K->3489902K(8366848K), 0.0402330 secs] [Times: user=0.23 sys=0.01, real=0.04 secs] 
2011-02-12T08:39:29.378+0000: 30058.698: [GC
Desired survivor size 21692416 bytes, new threshold 1 (max 15)
 [PSYoungGen: 2765632K->6720K(2774976K)] 6242542K->3484038K(8367424K), 0.0339440 secs] [Times: user=0.18 sys=0.01, real=0.03 secs] 
2011-02-12T08:39:35.860+0000: 30065.180: [GC
Desired survivor size 23396352 bytes, new threshold 1 (max 15)
 [PSYoungGen: 2760192K->17920K(2771392K)] 6237510K->3495722K(8363840K), 0.0488690 secs] [Times: user=0.27 sys=0.01, real=0.05 secs] 
2011-02-12T08:39:41.704+0000: 30071.024: [GC
Desired survivor size 23461888 bytes, new threshold 1 (max 15)
 [PSYoungGen: 2771392K->14728K(2773184K)] 6249194K->3493063K(8365632K), 0.0445520 secs] [Times: user=0.26 sys=0.02, real=0.05 secs] 
2011-02-12T08:39:47.788+0000: 30077.107: [GC
Desired survivor size 25362432 bytes, new threshold 1 (max 15)
 [PSYoungGen: 2765064K->19616K(2769984K)] 6243399K->3498632K(8362432K), 0.0459420 secs] [Times: user=0.29 sys=0.02, real=0.04 secs] 
2011-02-12T08:39:53.909+0000: 30083.228: [GC
Desired survivor size 26935296 bytes, new threshold 1 (max 15)
 [PSYoungGen: 2769952K->19872K(2768320K)] 6248968K->3499536K(8360768K), 0.0505650 secs] [Times: user=0.30 sys=0.02, real=0.05 secs] 
2011-02-12T08:39:59.962+0000: 30089.282: [GC
Desired survivor size 26738688 bytes, new threshold 1 (max 15)
 [PSYoungGen: 2763424K->6528K(2769856K)] 6243088K->3486620K(8362304K), 0.0329570 secs] [Times: user=0.18 sys=0.01, real=0.03 secs] 
2011-02-12T08:40:05.011+0000: 30094.331: [GC
Desired survivor size 26476544 bytes, new threshold 1 (max 15)
 [PSYoungGen: 2750080K->15432K(2770304K)] 6230172K->3495908K(8362752K), 0.0477050 secs] [Times: user=0.26 sys=0.02, real=0.05 secs] 
2011-02-12T08:40:11.627+0000: 30100.947: [GC
Desired survivor size 25952256 bytes, new threshold 1 (max 15)
 [PSYoungGen: 2759624K->7852K(2770048K)] 6240100K->3489058K(8362496K), 0.0369260 secs] [Times: user=0.19 sys=0.02, real=0.04 secs] 
2011-02-12T08:40:17.882+0000: 30107.201: [GC
Desired survivor size 24969216 bytes, new threshold 1 (max 15)
 [PSYoungGen: 2752044K->10624K(2771776K)] 6233250K->3492466K(8364224K), 0.0411600 secs] [Times: user=0.22 sys=0.01, real=0.04 secs] 
2011-02-12T08:40:23.519+0000: 30112.839: [GC
Desired survivor size 24051712 bytes, new threshold 1 (max 15)
 [PSYoungGen: 2757056K->10080K(2770816K)] 6238898K->3492438K(8363264K), 0.0400890 secs] [Times: user=0.20 sys=0.01, real=0.04 secs] 
2011-02-12T08:40:30.125+0000: 30119.445: [GC
Desired survivor size 24903680 bytes, new threshold 1 (max 15)
 [PSYoungGen: 2756230K->17260K(2771008K)] 6238589K->3500026K(8363456K), 0.0484620 secs] [Times: user=0.26 sys=0.02, real=0.05 secs] 
2011-02-12T08:40:35.778+0000: 30125.098: [GC
Desired survivor size 23855104 bytes, new threshold 1 (max 15)
 [PSYoungGen: 2764780K->11360K(2771840K)] 6247546K->3494582K(8364288K), 0.0393030 secs] [Times: user=0.23 sys=0.02, real=0.04 secs] 
2011-02-12T08:40:42.023+0000: 30131.343: [GC
Desired survivor size 22806528 bytes, new threshold 1 (max 15)
 [PSYoungGen: 2758880K->12528K(2773888K)] 6242102K->3496146K(8366336K), 0.0409260 secs] [Times: user=0.24 sys=0.01, real=0.04 secs] 
2011-02-12T08:40:48.121+0000: 30137.441: [GC
Desired survivor size 22740992 bytes, new threshold 1 (max 15)
 [PSYoungGen: 2763120K->6947K(2772864K)] 6246738K->3491022K(8365312K), 0.0344090 secs] [Times: user=0.19 sys=0.00, real=0.04 secs] 
2011-02-12T08:40:54.384+0000: 30143.703: [GC
Desired survivor size 21692416 bytes, new threshold 1 (max 15)
 [PSYoungGen: 2757539K->11680K(2774976K)] 6241614K->3496382K(8367424K), 0.0403230 secs] [Times: user=0.24 sys=0.01, real=0.04 secs] 
2011-02-12T08:41:01.403+0000: 30150.722: [GC
Desired survivor size 20971520 bytes, new threshold 1 (max 15)
 [PSYoungGen: 2764448K->12450K(2773952K)] 6249150K->3497560K(8366400K), 0.0428560 secs] [Times: user=0.24 sys=0.02, real=0.05 secs] 
2011-02-12T08:41:07.037+0000: 30156.357: [GC
Desired survivor size 21364736 bytes, new threshold 1 (max 15)
 [PSYoungGen: 2765218K->15128K(2774912K)] 6250328K->3500856K(8367360K), 0.0449530 secs] [Times: user=0.25 sys=0.03, real=0.04 secs] 
2011-02-12T08:41:13.940+0000: 30163.260: [GC
Desired survivor size 20512768 bytes, new threshold 1 (max 15)
 [PSYoungGen: 2769560K->11968K(2775296K)] 6255288K->3498160K(8367744K), 0.0422390 secs] [Times: user=0.23 sys=0.03, real=0.04 secs] 
2011-02-12T08:41:20.739+0000: 30170.059: [GC
Desired survivor size 23855104 bytes, new threshold 1 (max 15)
 [PSYoungGen: 2766400K->20032K(2769600K)] 6252592K->3509260K(8362048K), 0.0528230 secs] [Times: user=0.29 sys=0.02, real=0.05 secs] 
2011-02-12T08:41:27.012+0000: 30176.332: [GC
Desired survivor size 24379392 bytes, new threshold 1 (max 15)
 [PSYoungGen: 2769600K->4448K(2754048K)] 6258828K->3494172K(8346496K), 0.0302590 secs] [Times: user=0.17 sys=0.01, real=0.03 secs] 
2011-02-12T08:41:33.469+0000: 30182.789: [GC
Desired survivor size 24510464 bytes, new threshold 1 (max 15)
 [PSYoungGen: 2754016K->4800K(2772096K)] 6243740K->3494984K(8364544K), 0.0342010 secs] [Times: user=0.18 sys=0.02, real=0.04 secs] 
2011-02-12T08:41:39.351+0000: 30188.670: [GC
Desired survivor size 24510464 bytes, new threshold 1 (max 15)
 [PSYoungGen: 2753088K->4496K(2772224K)] 6243272K->3495144K(8364672K), 0.0343210 secs] [Times: user=0.18 sys=0.01, real=0.03 secs] 
2011-02-12T08:41:45.516+0000: 30194.836: [GC
Desired survivor size 23724032 bytes, new threshold 1 (max 15)
 [PSYoungGen: 2752784K->7600K(2772992K)] 6243432K->3498736K(8365440K), 0.0366560 secs] [Times: user=0.20 sys=0.02, real=0.04 secs] 
2011-02-12T08:41:51.393+0000: 30200.713: [GC
Desired survivor size 23396352 bytes, new threshold 1 (max 15)
 [PSYoungGen: 2756656K->5248K(2772224K)] 6247792K->3496940K(8364672K), 0.0336100 secs] [Times: user=0.18 sys=0.01, real=0.03 secs] 
2011-02-12T08:41:57.574+0000: 30206.894: [GC
Desired survivor size 23789568 bytes, new threshold 1 (max 15)
 [PSYoungGen: 2754304K->14528K(2772544K)] 6245996K->3506692K(8364992K), 0.0440980 secs] [Times: user=0.24 sys=0.02, real=0.04 secs] 
2011-02-12T08:42:03.865+0000: 30213.185: [GC
Desired survivor size 24379392 bytes, new threshold 1 (max 15)
 [PSYoungGen: 2764224K->15578K(2765312K)] 6256388K->3508174K(8357760K), 0.0445240 secs] [Times: user=0.24 sys=0.02, real=0.04 secs] 
2011-02-12T08:42:09.562+0000: 30218.881: [GC
Desired survivor size 25493504 bytes, new threshold 1 (max 15)
 [PSYoungGen: 2765270K->17356K(2770176K)] 6257866K->3510646K(8362624K), 0.0458580 secs] [Times: user=0.28 sys=0.02, real=0.05 secs] 
2011-02-12T08:42:15.576+0000: 30224.895: [GC
Desired survivor size 25886720 bytes, new threshold 1 (max 15)
 [PSYoungGen: 2763724K->16221K(2762624K)] 6257014K->3509992K(8355072K), 0.0455700 secs] [Times: user=0.28 sys=0.01, real=0.04 secs] 
2011-02-12T08:42:21.842+0000: 30231.162: [GC
Desired survivor size 25886720 bytes, new threshold 1 (max 15)
 [PSYoungGen: 2762589K->4432K(2770880K)] 6256360K->3498634K(8363328K), 0.0318420 secs] [Times: user=0.17 sys=0.01, real=0.03 secs] 
2011-02-12T08:42:27.846+0000: 30237.166: [GC
Desired survivor size 24641536 bytes, new threshold 1 (max 15)
 [PSYoungGen: 2750032K->11936K(2770880K)] 6244234K->3506590K(8363328K), 0.0415530 secs] [Times: user=0.24 sys=0.01, real=0.04 secs] 
2011-02-12T08:42:34.059+0000: 30243.379: [GC
Desired survivor size 24444928 bytes, new threshold 1 (max 15)
 [PSYoungGen: 2757536K->14144K(2772288K)] 6252190K->3509222K(8364736K), 0.0433210 secs] [Times: user=0.25 sys=0.02, real=0.04 secs] 
2011-02-12T08:42:39.434+0000: 30248.754: [GC
Desired survivor size 23724032 bytes, new threshold 1 (max 15)
 [PSYoungGen: 2762368K->8440K(2772096K)] 6257446K->3503939K(8364544K), 0.0367130 secs] [Times: user=0.18 sys=0.02, real=0.04 secs] 
2011-02-12T08:42:44.469+0000: 30253.788: [GC
Desired survivor size 23396352 bytes, new threshold 1 (max 15)
 [PSYoungGen: 2756664K->6192K(2773312K)] 6252163K->3502159K(8365760K), 0.0337540 secs] [Times: user=0.17 sys=0.01, real=0.03 secs] 
2011-02-12T08:42:50.382+0000: 30259.701: [GC
Desired survivor size 22478848 bytes, new threshold 1 (max 15)
 [PSYoungGen: 2756336K->11629K(2772992K)] 6252303K->3508165K(8365440K), 0.0414900 secs] [Times: user=0.21 sys=0.02, real=0.04 secs] 
2011-02-12T08:42:55.784+0000: 30265.104: [GC
Desired survivor size 22478848 bytes, new threshold 1 (max 15)
 [PSYoungGen: 2761773K->4640K(2774208K)] 6258309K->3501711K(8366656K), 0.0331770 secs] [Times: user=0.16 sys=0.01, real=0.03 secs] 
2011-02-12T08:43:02.223+0000: 30271.543: [GC
Desired survivor size 22347776 bytes, new threshold 1 (max 15)
 [PSYoungGen: 2756896K->13050K(2774208K)] 6253967K->3510477K(8366656K), 0.0427800 secs] [Times: user=0.24 sys=0.03, real=0.04 secs] 
2011-02-12T08:43:08.380+0000: 30277.699: [GC
Desired survivor size 23658496 bytes, new threshold 1 (max 15)
 [PSYoungGen: 2765306K->17184K(2771776K)] 6262733K->3515297K(8364224K), 0.0479680 secs] [Times: user=0.25 sys=0.01, real=0.05 secs] 
2011-02-12T08:43:15.207+0000: 30284.527: [GC
Desired survivor size 24444928 bytes, new threshold 1 (max 15)
 [PSYoungGen: 2767136K->16416K(2766400K)] 6265249K->3514973K(8358848K), 0.0460620 secs] [Times: user=0.24 sys=0.02, real=0.05 secs] 
2011-02-12T08:43:21.750+0000: 30291.070: [GC
Desired survivor size 23724032 bytes, new threshold 1 (max 15)
 [PSYoungGen: 2766368K->8608K(2772992K)] 6264925K->3507661K(8365440K), 0.0390710 secs] [Times: user=0.21 sys=0.02, real=0.04 secs] 
2011-02-12T08:43:28.261+0000: 30297.580: [GC
Desired survivor size 23658496 bytes, new threshold 1 (max 15)
 [PSYoungGen: 2757728K->5148K(2772288K)] 6256781K->3504586K(8364736K), 0.0320700 secs] [Times: user=0.17 sys=0.02, real=0.03 secs] 
2011-02-12T08:43:34.402+0000: 30303.721: [GC
Desired survivor size 22740992 bytes, new threshold 1 (max 15)
 [PSYoungGen: 2754268K->11680K(2773952K)] 6253706K->3511678K(8366400K), 0.0405590 secs] [Times: user=0.23 sys=0.02, real=0.04 secs] 
2011-02-12T08:43:39.605+0000: 30308.925: [GC
Desired survivor size 24903680 bytes, new threshold 1 (max 15)
 [PSYoungGen: 2762528K->19632K(2770496K)] 6262526K->3520042K(8362944K), 0.0491740 secs] [Times: user=0.29 sys=0.02, real=0.05 secs] 
2011-02-12T08:43:46.134+0000: 30315.453: [GC
Desired survivor size 24248320 bytes, new threshold 1 (max 15)
 [PSYoungGen: 2770480K->7887K(2772480K)] 6270890K->3508749K(8364928K), 0.0361250 secs] [Times: user=0.19 sys=0.02, real=0.04 secs] 
2011-02-12T08:43:52.455+0000: 30321.775: [GC
Desired survivor size 23920640 bytes, new threshold 1 (max 15)
 [PSYoungGen: 2756047K->13800K(2771840K)] 6256909K->3515251K(8364288K), 0.0430130 secs] [Times: user=0.24 sys=0.01, real=0.05 secs] 
2011-02-12T08:43:59.280+0000: 30328.600: [GC
Desired survivor size 23003136 bytes, new threshold 1 (max 15)
 [PSYoungGen: 2761960K->12260K(2773696K)] 6263411K->3514210K(8366144K), 0.0409030 secs] [Times: user=0.24 sys=0.01, real=0.04 secs] 
2011-02-12T08:44:04.589+0000: 30333.908: [GC
Desired survivor size 23265280 bytes, new threshold 1 (max 15)
 [PSYoungGen: 2762596K->3670K(2772800K)] 6264546K->3506049K(8365248K), 0.0311180 secs] [Times: user=0.18 sys=0.03, real=0.03 secs] 
2011-02-12T08:44:11.429+0000: 30340.749: [GC
Desired survivor size 23330816 bytes, new threshold 1 (max 15)
 [PSYoungGen: 2754006K->3616K(2773312K)] 6256385K->3506629K(8365760K), 0.0294890 secs] [Times: user=0.18 sys=0.01, real=0.03 secs] 
2011-02-12T08:44:17.570+0000: 30346.890: [GC
Desired survivor size 22740992 bytes, new threshold 1 (max 15)
 [PSYoungGen: 2754208K->6042K(2773376K)] 6257221K->3509623K(8365824K), 0.0362980 secs] [Times: user=0.18 sys=0.02, real=0.03 secs] 
2011-02-12T08:44:23.424+0000: 30352.743: [GC
Desired survivor size 21692416 bytes, new threshold 1 (max 15)
 [PSYoungGen: 2756634K->8672K(2774976K)] 6260215K->3512695K(8367424K), 0.0364590 secs] [Times: user=0.20 sys=0.01, real=0.04 secs] 
2011-02-12T08:44:29.614+0000: 30358.934: [GC
Desired survivor size 20643840 bytes, new threshold 1 (max 15)
 [PSYoungGen: 2761440K->8608K(2773952K)] 6265463K->3513071K(8366400K), 0.0373800 secs] [Times: user=0.21 sys=0.02, real=0.04 secs] 
2011-02-12T08:44:36.051+0000: 30365.371: [GC
Desired survivor size 20119552 bytes, new threshold 1 (max 15)
 [PSYoungGen: 2761376K->6336K(2776512K)] 6265839K->3511227K(8368960K), 0.0362160 secs] [Times: user=0.19 sys=0.00, real=0.04 secs] 
2011-02-12T08:44:42.113+0000: 30371.433: [GC
Desired survivor size 19726336 bytes, new threshold 1 (max 15)
 [PSYoungGen: 2762688K->5392K(2776000K)] 6267579K->3510784K(8368448K), 0.0333530 secs] [Times: user=0.18 sys=0.01, real=0.03 secs] 
2011-02-12T08:44:48.399+0000: 30377.719: [GC
Desired survivor size 18677760 bytes, new threshold 1 (max 15)
 [PSYoungGen: 2761744K->8880K(2777920K)] 6267136K->3514844K(8370368K), 0.0374120 secs] [Times: user=0.20 sys=0.01, real=0.04 secs] 
2011-02-12T08:44:54.757+0000: 30384.076: [GC
Desired survivor size 19529728 bytes, new threshold 1 (max 15)
 [PSYoungGen: 2767536K->13632K(2776896K)] 6273500K->3520168K(8369344K), 0.0409640 secs] [Times: user=0.25 sys=0.02, real=0.04 secs] 
2011-02-12T08:45:00.492+0000: 30389.811: [GC
Desired survivor size 20709376 bytes, new threshold 1 (max 15)
 [PSYoungGen: 2772288K->14978K(2774784K)] 6278824K->3521942K(8367232K), 0.0478800 secs] [Times: user=0.26 sys=0.03, real=0.05 secs] 
2011-02-12T08:45:05.587+0000: 30394.906: [GC
Desired survivor size 23199744 bytes, new threshold 1 (max 15)
 [PSYoungGen: 2770690K->19224K(2774976K)] 6277654K->3526814K(8367424K), 0.0480410 secs] [Times: user=0.30 sys=0.02, real=0.04 secs] 
2011-02-12T08:45:11.067+0000: 30400.387: [GC
Desired survivor size 22020096 bytes, new threshold 1 (max 15)
 [PSYoungGen: 2774936K->10528K(2774336K)] 6282526K->3518818K(8366784K), 0.0409900 secs] [Times: user=0.23 sys=0.01, real=0.04 secs] 
2011-02-12T08:45:16.900+0000: 30406.220: [GC
Desired survivor size 21168128 bytes, new threshold 1 (max 15)
 [PSYoungGen: 2763680K->9434K(2774656K)] 6271970K->3518137K(8367104K), 0.0396830 secs] [Times: user=0.21 sys=0.00, real=0.04 secs] 
2011-02-12T08:45:23.324+0000: 30412.644: [GC
Desired survivor size 21299200 bytes, new threshold 1 (max 15)
 [PSYoungGen: 2762586K->13744K(2775232K)] 6271289K->3522818K(8367680K), 0.0407390 secs] [Times: user=0.25 sys=0.01, real=0.04 secs] 
2011-02-12T08:45:29.055+0000: 30418.375: [GC
Desired survivor size 22675456 bytes, new threshold 1 (max 15)
 [PSYoungGen: 2768304K->17184K(2771776K)] 6277378K->3526782K(8364224K), 0.0480500 secs] [Times: user=0.30 sys=0.02, real=0.05 secs] 
2011-02-12T08:45:35.241+0000: 30424.561: [GC
Desired survivor size 21954560 bytes, new threshold 1 (max 15)
 [PSYoungGen: 2771744K->9632K(2774720K)] 6281342K->3519666K(8367168K), 0.0328900 secs] [Times: user=0.19 sys=0.01, real=0.03 secs] 
2011-02-12T08:45:41.840+0000: 30431.160: [GC
Desired survivor size 22151168 bytes, new threshold 1 (max 15)
 [PSYoungGen: 2762208K->14736K(2774016K)] 6272242K->3525138K(8366464K), 0.0442380 secs] [Times: user=0.27 sys=0.01, real=0.05 secs] 
2011-02-12T08:45:47.846+0000: 30437.165: [GC
Desired survivor size 25690112 bytes, new threshold 1 (max 15)
 [PSYoungGen: 2767312K->21616K(2767616K)] 6277714K->3534090K(8360064K), 0.0512590 secs] [Times: user=0.33 sys=0.02, real=0.05 secs] 
2011-02-12T08:45:54.379+0000: 30443.699: [GC
Desired survivor size 25100288 bytes, new threshold 1 (max 15)
 [PSYoungGen: 2767600K->9248K(2771072K)] 6280074K->3522370K(8363520K), 0.0368200 secs] [Times: user=0.21 sys=0.01, real=0.04 secs] 
2011-02-12T08:46:00.978+0000: 30450.298: [GC
Desired survivor size 24838144 bytes, new threshold 1 (max 15)
 [PSYoungGen: 2755232K->7118K(2771904K)] 6268354K->3520588K(8364352K), 0.0357610 secs] [Times: user=0.20 sys=0.02, real=0.04 secs] 
2011-02-12T08:46:06.382+0000: 30455.702: [GC
Desired survivor size 25821184 bytes, new threshold 1 (max 15)
 [PSYoungGen: 2754510K->18008K(2765440K)] 6267980K->3532113K(8357888K), 0.0493660 secs] [Times: user=0.29 sys=0.02, real=0.05 secs] 
2011-02-12T08:46:12.393+0000: 30461.713: [GC
Desired survivor size 26214400 bytes, new threshold 1 (max 15)
 [PSYoungGen: 2765400K->17010K(2770176K)] 6279505K->3531591K(8362624K), 0.0445940 secs] [Times: user=0.28 sys=0.00, real=0.04 secs] 
2011-02-12T08:46:17.536+0000: 30466.856: [GC
Desired survivor size 26017792 bytes, new threshold 1 (max 15)
 [PSYoungGen: 2761970K->6986K(2770560K)] 6276551K->3522156K(8363008K), 0.0347390 secs] [Times: user=0.19 sys=0.01, real=0.03 secs] 
2011-02-12T08:46:24.343+0000: 30473.662: [GC
Desired survivor size 25952256 bytes, new threshold 1 (max 15)
 [PSYoungGen: 2751946K->5014K(2770816K)] 6267116K->3520829K(8363264K), 0.0312490 secs] [Times: user=0.18 sys=0.01, real=0.03 secs] 
2011-02-12T08:46:30.930+0000: 30480.249: [GC
Desired survivor size 24641536 bytes, new threshold 1 (max 15)
 [PSYoungGen: 2750422K->11936K(2770752K)] 6266237K->3528119K(8363200K), 0.0410000 secs] [Times: user=0.23 sys=0.02, real=0.04 secs] 
2011-02-12T08:46:37.227+0000: 30486.547: [GC
Desired survivor size 24903680 bytes, new threshold 1 (max 15)
 [PSYoungGen: 2757344K->3200K(2771584K)] 6273527K->3519827K(8364032K), 0.0272840 secs] [Times: user=0.17 sys=0.01, real=0.02 secs] 
2011-02-12T08:46:44.250+0000: 30493.569: [GC
Desired survivor size 24117248 bytes, new threshold 1 (max 15)
 [PSYoungGen: 2750720K->7323K(2771840K)] 6267347K->3524363K(8364288K), 0.0374610 secs] [Times: user=0.18 sys=0.01, real=0.04 secs] 
2011-02-12T08:46:50.252+0000: 30499.572: [GC
Desired survivor size 23527424 bytes, new threshold 1 (max 15)
 [PSYoungGen: 2754843K->6320K(2773184K)] 6271883K->3524160K(8365632K), 0.0355150 secs] [Times: user=0.19 sys=0.02, real=0.04 secs] 
2011-02-12T08:46:56.913+0000: 30506.233: [GC
Desired survivor size 23199744 bytes, new threshold 1 (max 15)
 [PSYoungGen: 2755952K->4320K(2772608K)] 6273792K->3522624K(8365056K), 0.0322310 secs] [Times: user=0.19 sys=0.01, real=0.03 secs] 
2011-02-12T08:47:03.092+0000: 30512.412: [GC
Desired survivor size 22151168 bytes, new threshold 1 (max 15)
 [PSYoungGen: 2753952K->10330K(2774528K)] 6272256K->3529118K(8366976K), 0.0413490 secs] [Times: user=0.23 sys=0.02, real=0.04 secs] 
2011-02-12T08:47:09.519+0000: 30518.838: [GC
Desired survivor size 22020096 bytes, new threshold 1 (max 15)
 [PSYoungGen: 2762202K->3264K(2773504K)] 6280990K->3522722K(8365952K), 0.0277380 secs] [Times: user=0.16 sys=0.01, real=0.03 secs] 
2011-02-12T08:47:15.580+0000: 30524.899: [GC
Desired survivor size 21168128 bytes, new threshold 1 (max 15)
 [PSYoungGen: 2755136K->6624K(2775488K)] 6274594K->3526490K(8367936K), 0.0336390 secs] [Times: user=0.19 sys=0.00, real=0.04 secs] 
2011-02-12T08:47:22.174+0000: 30531.494: [GC
Desired survivor size 24117248 bytes, new threshold 1 (max 15)
 [PSYoungGen: 2760608K->19744K(2773760K)] 6280474K->3540014K(8366208K), 0.0495410 secs] [Times: user=0.30 sys=0.02, real=0.05 secs] 
2011-02-12T08:47:29.165+0000: 30538.485: [GC
Desired survivor size 24641536 bytes, new threshold 1 (max 15)
 [PSYoungGen: 2773728K->14816K(2770432K)] 6293998K->3535526K(8362880K), 0.0468190 secs] [Times: user=0.25 sys=0.02, real=0.04 secs] 
2011-02-12T08:47:35.638+0000: 30544.958: [GC
Desired survivor size 25165824 bytes, new threshold 1 (max 15)
 [PSYoungGen: 2762848K->15456K(2763520K)] 6283558K->3536622K(8355968K), 0.0434170 secs] [Times: user=0.26 sys=0.01, real=0.04 secs] 
2011-02-12T08:47:41.721+0000: 30551.040: [GC
Desired survivor size 24707072 bytes, new threshold 1 (max 15)
 [PSYoungGen: 2763488K->5424K(2772032K)] 6284654K->3527082K(8364480K), 0.0327460 secs] [Times: user=0.17 sys=0.00, real=0.03 secs] 
2011-02-12T08:47:48.076+0000: 30557.396: [GC
Desired survivor size 23461888 bytes, new threshold 1 (max 15)
 [PSYoungGen: 2752880K->9168K(2771584K)] 6274538K->3531324K(8364032K), 0.0390940 secs] [Times: user=0.20 sys=0.02, real=0.04 secs] 
2011-02-12T08:47:55.522+0000: 30564.842: [GC
Desired survivor size 23461888 bytes, new threshold 1 (max 15)
 [PSYoungGen: 2756624K->13632K(2773248K)] 6278780K->3536520K(8365696K), 0.0420880 secs] [Times: user=0.24 sys=0.01, real=0.04 secs] 
2011-02-12T08:48:01.333+0000: 30570.653: [GC
Desired survivor size 23199744 bytes, new threshold 1 (max 15)
 [PSYoungGen: 2763968K->4897K(2773248K)] 6286856K->3528342K(8365696K), 0.0325220 secs] [Times: user=0.19 sys=0.01, real=0.03 secs] 
2011-02-12T08:48:07.035+0000: 30576.355: [GC
Desired survivor size 25624576 bytes, new threshold 1 (max 15)
 [PSYoungGen: 2755233K->19736K(2768768K)] 6278678K->3543746K(8361216K), 0.0495100 secs] [Times: user=0.31 sys=0.01, real=0.05 secs] 
2011-02-12T08:48:13.136+0000: 30582.455: [GC
Desired survivor size 27066368 bytes, new threshold 1 (max 15)
 [PSYoungGen: 2765848K->18592K(2764736K)] 6289858K->3543110K(8357184K), 0.0469680 secs] [Times: user=0.30 sys=0.01, real=0.05 secs] 
2011-02-12T08:48:19.487+0000: 30588.807: [GC
Desired survivor size 26214400 bytes, new threshold 1 (max 15)
 [PSYoungGen: 2764704K->7776K(2770560K)] 6289222K->3532698K(8363008K), 0.0380490 secs] [Times: user=0.22 sys=0.02, real=0.04 secs] 
2011-02-12T08:48:25.693+0000: 30595.013: [GC
Desired survivor size 25952256 bytes, new threshold 1 (max 15)
 [PSYoungGen: 2751904K->4720K(2769728K)] 6276826K->3530018K(8362176K), 0.0325440 secs] [Times: user=0.17 sys=0.02, real=0.03 secs] 
2011-02-12T08:48:32.063+0000: 30601.382: [GC
Desired survivor size 24707072 bytes, new threshold 1 (max 15)
 [PSYoungGen: 2748848K->9152K(2772032K)] 6274146K->3534978K(8364480K), 0.0403350 secs] [Times: user=0.22 sys=0.02, real=0.04 secs] 
2011-02-12T08:48:38.276+0000: 30607.596: [GC
Desired survivor size 25034752 bytes, new threshold 1 (max 15)
 [PSYoungGen: 2755840K->15120K(2770816K)] 6281666K->3541386K(8363264K), 0.0448720 secs] [Times: user=0.26 sys=0.02, real=0.04 secs] 
2011-02-12T08:48:44.661+0000: 30613.981: [GC
Desired survivor size 24379392 bytes, new threshold 1 (max 15)
 [PSYoungGen: 2761808K->7056K(2772352K)] 6288074K->3533874K(8364800K), 0.0342970 secs] [Times: user=0.20 sys=0.02, real=0.04 secs] 
2011-02-12T08:48:50.794+0000: 30620.114: [GC
Desired survivor size 23396352 bytes, new threshold 1 (max 15)
 [PSYoungGen: 2754960K->11536K(2771712K)] 6281778K->3538946K(8364160K), 0.0414950 secs] [Times: user=0.23 sys=0.02, real=0.04 secs] 
2011-02-12T08:48:57.349+0000: 30626.668: [GC
Desired survivor size 23396352 bytes, new threshold 1 (max 15)
 [PSYoungGen: 2759440K->3520K(2773312K)] 6286850K->3531406K(8365760K), 0.0296100 secs] [Times: user=0.17 sys=0.01, real=0.03 secs] 
2011-02-12T08:49:03.454+0000: 30632.774: [GC
Desired survivor size 22609920 bytes, new threshold 1 (max 15)
 [PSYoungGen: 2753984K->6650K(2773312K)] 6281870K->3534952K(8365760K), 0.0359860 secs] [Times: user=0.18 sys=0.01, real=0.04 secs] 
2011-02-12T08:49:09.991+0000: 30639.311: [GC
Desired survivor size 23461888 bytes, new threshold 1 (max 15)
 [PSYoungGen: 2757114K->15168K(2772416K)] 6285416K->3544112K(8364864K), 0.0460050 secs] [Times: user=0.27 sys=0.02, real=0.05 secs] 
2011-02-12T08:49:16.580+0000: 30645.900: [GC
Desired survivor size 23199744 bytes, new threshold 1 (max 15)
 [PSYoungGen: 2765504K->12992K(2773248K)] 6294448K->3542408K(8365696K), 0.0434610 secs] [Times: user=0.26 sys=0.02, real=0.04 secs] 
2011-02-12T08:49:23.227+0000: 30652.547: [GC
Desired survivor size 22413312 bytes, new threshold 1 (max 15)
 [PSYoungGen: 2763328K->7884K(2774272K)] 6292744K->3537777K(8366720K), 0.0374120 secs] [Times: user=0.21 sys=0.01, real=0.03 secs] 
2011-02-12T08:49:29.664+0000: 30658.983: [GC
Desired survivor size 25034752 bytes, new threshold 1 (max 15)
 [PSYoungGen: 2759500K->20320K(2771968K)] 6289393K->3550737K(8364416K), 0.0487930 secs] [Times: user=0.30 sys=0.01, real=0.05 secs] 
2011-02-12T08:49:36.671+0000: 30665.991: [GC
Desired survivor size 24969216 bytes, new threshold 1 (max 15)
 [PSYoungGen: 2771936K->3909K(2771584K)] 6302353K->3534734K(8364032K), 0.0301080 secs] [Times: user=0.16 sys=0.01, real=0.03 secs] 
2011-02-12T08:49:43.307+0000: 30672.627: [GC
Desired survivor size 26476544 bytes, new threshold 1 (max 15)
 [PSYoungGen: 2751301K->18256K(2765696K)] 6282126K->3549746K(8358144K), 0.0476150 secs] [Times: user=0.27 sys=0.02, real=0.05 secs] 
2011-02-12T08:49:49.152+0000: 30678.471: [GC
Desired survivor size 27328512 bytes, new threshold 1 (max 15)
 [PSYoungGen: 2765648K->17429K(2768640K)] 6297138K->3549492K(8361088K), 0.0449430 secs] [Times: user=0.25 sys=0.02, real=0.04 secs] 
2011-02-12T08:49:55.575+0000: 30684.895: [GC
Desired survivor size 30867456 bytes, new threshold 1 (max 15)
 [PSYoungGen: 2760213K->25184K(2768000K)] 6292276K->3557782K(8360448K), 0.0543440 secs] [Times: user=0.33 sys=0.02, real=0.05 secs] 
2011-02-12T08:50:01.558+0000: 30690.878: [GC
Desired survivor size 30670848 bytes, new threshold 1 (max 15)
 [PSYoungGen: 2767968K->17234K(2764416K)] 6300566K->3550304K(8356864K), 0.0440500 secs] [Times: user=0.27 sys=0.01, real=0.05 secs] 
2011-02-12T08:50:07.530+0000: 30696.850: [GC
Desired survivor size 30801920 bytes, new threshold 1 (max 15)
 [PSYoungGen: 2753490K->18360K(2754624K)] 6286560K->3552161K(8347072K), 0.0492250 secs] [Times: user=0.28 sys=0.01, real=0.05 secs] 
2011-02-12T08:50:13.072+0000: 30702.392: [GC
Desired survivor size 30867456 bytes, new threshold 1 (max 15)
 [PSYoungGen: 2754616K->18560K(2765952K)] 6288417K->3552889K(8358400K), 0.0467840 secs] [Times: user=0.27 sys=0.02, real=0.05 secs] 
2011-02-12T08:50:19.995+0000: 30709.315: [GC
Desired survivor size 30146560 bytes, new threshold 1 (max 15)
 [PSYoungGen: 2754432K->9376K(2766016K)] 6288761K->3544089K(8358464K), 0.0375300 secs] [Times: user=0.20 sys=0.01, real=0.03 secs] 
2011-02-12T08:50:25.828+0000: 30715.147: [GC
Desired survivor size 28901376 bytes, new threshold 1 (max 15)
 [PSYoungGen: 2745248K->14848K(2767936K)] 6279961K->3550007K(8360384K), 0.0449920 secs] [Times: user=0.25 sys=0.01, real=0.04 secs] 
2011-02-12T08:50:32.126+0000: 30721.445: [GC
Desired survivor size 27787264 bytes, new threshold 1 (max 15)
 [PSYoungGen: 2753344K->12160K(2766720K)] 6288503K->3547731K(8359168K), 0.0407560 secs] [Times: user=0.24 sys=0.02, real=0.04 secs] 
2011-02-12T08:50:38.636+0000: 30727.956: [GC
Desired survivor size 26542080 bytes, new threshold 1 (max 15)
 [PSYoungGen: 2750656K->13168K(2770240K)] 6286227K->3549223K(8362688K), 0.0423620 secs] [Times: user=0.22 sys=0.02, real=0.05 secs] 
2011-02-12T08:50:44.453+0000: 30733.773: [GC
Desired survivor size 26542080 bytes, new threshold 1 (max 15)
 [PSYoungGen: 2756272K->7056K(2769024K)] 6292327K->3543651K(8361472K), 0.0371480 secs] [Times: user=0.19 sys=0.01, real=0.04 secs] 
2011-02-12T08:50:51.268+0000: 30740.588: [GC
Desired survivor size 25559040 bytes, new threshold 1 (max 15)
 [PSYoungGen: 2750160K->14067K(2771200K)] 6286755K->3551279K(8363648K), 0.0428020 secs] [Times: user=0.26 sys=0.02, real=0.04 secs] 
2011-02-12T08:50:57.241+0000: 30746.560: [GC
Desired survivor size 26279936 bytes, new threshold 1 (max 15)
 [PSYoungGen: 2759347K->18230K(2770240K)] 6296559K->3556190K(8362688K), 0.0491520 secs] [Times: user=0.27 sys=0.02, real=0.05 secs] 
2011-02-12T08:51:02.988+0000: 30752.308: [GC
Desired survivor size 25624576 bytes, new threshold 1 (max 15)
 [PSYoungGen: 2763510K->15275K(2771136K)] 6301470K->3553701K(8363584K), 0.0469300 secs] [Times: user=0.24 sys=0.02, real=0.05 secs] 
2011-02-12T08:51:08.917+0000: 30758.237: [GC
Desired survivor size 25755648 bytes, new threshold 1 (max 15)
 [PSYoungGen: 2760747K->17248K(2770496K)] 6299173K->3556388K(8362944K), 0.0518310 secs] [Times: user=0.25 sys=0.02, real=0.06 secs] 
2011-02-12T08:51:14.585+0000: 30763.904: [GC
Desired survivor size 25362432 bytes, new threshold 1 (max 15)
 [PSYoungGen: 2762720K->10176K(2771392K)] 6301860K->3549720K(8363840K), 0.0425190 secs] [Times: user=0.21 sys=0.01, real=0.04 secs] 
2011-02-12T08:51:20.748+0000: 30770.067: [GC
Desired survivor size 24641536 bytes, new threshold 1 (max 15)
 [PSYoungGen: 2756416K->11488K(2771008K)] 6295960K->3551512K(8363456K), 0.0442320 secs] [Times: user=0.23 sys=0.02, real=0.05 secs] 
2011-02-12T08:51:26.646+0000: 30775.965: [GC
Desired survivor size 24313856 bytes, new threshold 1 (max 15)
 [PSYoungGen: 2757728K->15488K(2772416K)] 6297752K->3555976K(8364864K), 0.0439060 secs] [Times: user=0.26 sys=0.02, real=0.04 secs] 
2011-02-12T08:51:32.835+0000: 30782.154: [GC
Desired survivor size 24510464 bytes, new threshold 1 (max 15)
 [PSYoungGen: 2763840K->6816K(2772096K)] 6304328K->3547716K(8364544K), 0.0357800 secs] [Times: user=0.19 sys=0.01, real=0.03 secs] 
2011-02-12T08:51:38.881+0000: 30788.201: [GC
Desired survivor size 24182784 bytes, new threshold 1 (max 15)
 [PSYoungGen: 2755168K->8464K(2772544K)] 6296068K->3549792K(8364992K), 0.0416760 secs] [Times: user=0.18 sys=0.02, real=0.04 secs] 
2011-02-12T08:51:44.896+0000: 30794.216: [GC
Desired survivor size 23330816 bytes, new threshold 1 (max 15)
 [PSYoungGen: 2757072K->10896K(2772224K)] 6298400K->3552740K(8364672K), 0.0473500 secs] [Times: user=0.24 sys=0.01, real=0.04 secs] 
2011-02-12T08:51:51.324+0000: 30800.644: [GC
Desired survivor size 23789568 bytes, new threshold 1 (max 15)
 [PSYoungGen: 2759504K->3920K(2772480K)] 6301348K->3546456K(8364928K), 0.0316850 secs] [Times: user=0.17 sys=0.02, real=0.04 secs] 
2011-02-12T08:51:57.224+0000: 30806.544: [GC
Desired survivor size 27918336 bytes, new threshold 1 (max 15)
 [PSYoungGen: 2753616K->23232K(2772928K)] 6296152K->3568152K(8365376K), 0.0527330 secs] [Times: user=0.34 sys=0.02, real=0.06 secs] 
2011-02-12T08:52:03.284+0000: 30812.604: [GC
Desired survivor size 27197440 bytes, new threshold 1 (max 15)
 [PSYoungGen: 2772928K->8794K(2766272K)] 6317848K->3554102K(8358720K), 0.0398000 secs] [Times: user=0.20 sys=0.01, real=0.04 secs] 
2011-02-12T08:52:09.132+0000: 30818.452: [GC
Desired survivor size 26411008 bytes, new threshold 1 (max 15)
 [PSYoungGen: 2751834K->8735K(2769600K)] 6297142K->3554738K(8362048K), 0.0364930 secs] [Times: user=0.21 sys=0.02, real=0.04 secs] 
2011-02-12T08:52:14.573+0000: 30823.892: [GC
Desired survivor size 25427968 bytes, new threshold 1 (max 15)
 [PSYoungGen: 2751775K->13248K(2771328K)] 6297778K->3559674K(8363776K), 0.0436040 secs] [Times: user=0.23 sys=0.02, real=0.04 secs] 
2011-02-12T08:52:20.194+0000: 30829.514: [GC
Desired survivor size 24510464 bytes, new threshold 1 (max 15)
 [PSYoungGen: 2758784K->13280K(2770368K)] 6305210K->3560063K(8362816K), 0.0427500 secs] [Times: user=0.24 sys=0.02, real=0.04 secs] 
2011-02-12T08:52:26.398+0000: 30835.717: [GC
Desired survivor size 24707072 bytes, new threshold 1 (max 15)
 [PSYoungGen: 2758816K->16000K(2771840K)] 6305599K->3563239K(8364288K), 0.0473080 secs] [Times: user=0.25 sys=0.01, real=0.05 secs] 
2011-02-12T08:52:32.447+0000: 30841.767: [GC
Desired survivor size 25100288 bytes, new threshold 1 (max 15)
 [PSYoungGen: 2763904K->16928K(2764864K)] 6311143K->3564639K(8357312K), 0.0477790 secs] [Times: user=0.28 sys=0.01, real=0.05 secs] 
2011-02-12T08:52:38.603+0000: 30847.922: [GC
Desired survivor size 25296896 bytes, new threshold 1 (max 15)
 [PSYoungGen: 2764832K->5584K(2771264K)] 6312543K->3553786K(8363712K), 0.0350560 secs] [Times: user=0.18 sys=0.02, real=0.03 secs] 
2011-02-12T08:52:44.693+0000: 30854.013: [GC
Desired survivor size 25493504 bytes, new threshold 1 (max 15)
 [PSYoungGen: 2752336K->16272K(2763072K)] 6300538K->3564923K(8355520K), 0.0463970 secs] [Times: user=0.24 sys=0.01, real=0.04 secs] 
2011-02-12T08:52:51.270+0000: 30860.590: [GC
Desired survivor size 26017792 bytes, new threshold 1 (max 15)
 [PSYoungGen: 2763024K->17392K(2770240K)] 6311675K->3566587K(8362688K), 0.0463900 secs] [Times: user=0.26 sys=0.01, real=0.05 secs] 
2011-02-12T08:52:57.650+0000: 30866.970: [GC
Desired survivor size 26017792 bytes, new threshold 1 (max 15)
 [PSYoungGen: 2762736K->6176K(2770752K)] 6311931K->3556011K(8363200K), 0.0357220 secs] [Times: user=0.17 sys=0.02, real=0.04 secs] 
2011-02-12T08:53:03.509+0000: 30872.829: [GC
Desired survivor size 25886720 bytes, new threshold 1 (max 15)
 [PSYoungGen: 2751520K->5626K(2770880K)] 6301355K->3555901K(8363328K), 0.0332770 secs] [Times: user=0.19 sys=0.02, real=0.03 secs] 
2011-02-12T08:53:09.831+0000: 30879.151: [GC
Desired survivor size 25427968 bytes, new threshold 1 (max 15)
 [PSYoungGen: 2751098K->14336K(2770752K)] 6301373K->3565285K(8363200K), 0.0444520 secs] [Times: user=0.26 sys=0.02, real=0.05 secs] 
2011-02-12T08:53:15.709+0000: 30885.029: [GC
Desired survivor size 24772608 bytes, new threshold 1 (max 15)
 [PSYoungGen: 2759808K->8544K(2771968K)] 6310757K->3559933K(8364416K), 0.0368840 secs] [Times: user=0.21 sys=0.00, real=0.04 secs] 
2011-02-12T08:53:22.330+0000: 30891.649: [GC
Desired survivor size 24641536 bytes, new threshold 1 (max 15)
 [PSYoungGen: 2755680K->5216K(2771328K)] 6307069K->3557021K(8363776K), 0.0341820 secs] [Times: user=0.19 sys=0.01, real=0.03 secs] 
2011-02-12T08:53:28.887+0000: 30898.207: [GC
Desired survivor size 24051712 bytes, new threshold 1 (max 15)
 [PSYoungGen: 2752352K->13024K(2772672K)] 6304157K->3565317K(8365120K), 0.0441680 secs] [Times: user=0.23 sys=0.01, real=0.05 secs] 
2011-02-12T08:53:35.209+0000: 30904.528: [GC
Desired survivor size 23658496 bytes, new threshold 1 (max 15)
 [PSYoungGen: 2761632K->6368K(2772096K)] 6313925K->3559137K(8364544K), 0.0365330 secs] [Times: user=0.18 sys=0.01, real=0.03 secs] 
2011-02-12T08:53:41.784+0000: 30911.104: [GC
Desired survivor size 25362432 bytes, new threshold 1 (max 15)
 [PSYoungGen: 2754976K->18571K(2769728K)] 6307745K->3571756K(8362176K), 0.0495260 secs] [Times: user=0.28 sys=0.01, real=0.05 secs] 
2011-02-12T08:53:47.756+0000: 30917.075: [GC
Desired survivor size 28311552 bytes, new threshold 1 (max 15)
 [PSYoungGen: 2765195K->22896K(2769536K)] 6318380K->3576579K(8361984K), 0.0542130 secs] [Times: user=0.31 sys=0.01, real=0.06 secs] 
2011-02-12T08:53:54.288+0000: 30923.608: [GC
Desired survivor size 27721728 bytes, new threshold 1 (max 15)
 [PSYoungGen: 2769520K->15280K(2768640K)] 6323203K->3569563K(8361088K), 0.0419750 secs] [Times: user=0.25 sys=0.01, real=0.04 secs] 
2011-02-12T08:54:00.216+0000: 30929.536: [GC
Desired survivor size 26607616 bytes, new threshold 1 (max 15)
 [PSYoungGen: 2757296K->13698K(2769088K)] 6311579K->3568589K(8361536K), 0.0431880 secs] [Times: user=0.26 sys=0.02, real=0.04 secs] 
2011-02-12T08:54:06.185+0000: 30935.505: [GC
Desired survivor size 27000832 bytes, new threshold 1 (max 15)
 [PSYoungGen: 2755714K->3032K(2769408K)] 6310605K->3558583K(8361856K), 0.0317250 secs] [Times: user=0.18 sys=0.01, real=0.03 secs] 
2011-02-12T08:54:11.750+0000: 30941.069: [GC
Desired survivor size 25755648 bytes, new threshold 1 (max 15)
 [PSYoungGen: 2746456K->10860K(2769792K)] 6302007K->3566979K(8362240K), 0.0409000 secs] [Times: user=0.23 sys=0.03, real=0.04 secs] 
2011-02-12T08:54:17.509+0000: 30946.829: [GC
Desired survivor size 24772608 bytes, new threshold 1 (max 15)
 [PSYoungGen: 2754284K->9728K(2771968K)] 6310403K->3566307K(8364416K), 0.0393750 secs] [Times: user=0.21 sys=0.02, real=0.04 secs] 
2011-02-12T08:54:23.744+0000: 30953.063: [GC
Desired survivor size 28442624 bytes, new threshold 1 (max 15)
 [PSYoungGen: 2756544K->24192K(2771008K)] 6313123K->3581319K(8363456K), 0.0541270 secs] [Times: user=0.34 sys=0.01, real=0.05 secs] 
2011-02-12T08:54:29.758+0000: 30959.078: [GC
Desired survivor size 27721728 bytes, new threshold 1 (max 15)
 [PSYoungGen: 2771008K->15020K(2767168K)] 6328135K->3572612K(8359616K), 0.0452290 secs] [Times: user=0.27 sys=0.01, real=0.04 secs] 
2011-02-12T08:54:35.709+0000: 30965.029: [GC
Desired survivor size 27328512 bytes, new threshold 1 (max 15)
 [PSYoungGen: 2757036K->7200K(2769088K)] 6314628K->3565296K(8361536K), 0.0304040 secs] [Times: user=0.20 sys=0.02, real=0.03 secs] 
2011-02-12T08:54:41.708+0000: 30971.028: [GC
Desired survivor size 27459584 bytes, new threshold 1 (max 15)
 [PSYoungGen: 2749216K->3612K(2769216K)] 6307312K->3562116K(8361664K), 0.0295130 secs] [Times: user=0.18 sys=0.01, real=0.03 secs] 
2011-02-12T08:54:47.714+0000: 30977.034: [GC
Desired survivor size 27459584 bytes, new threshold 1 (max 15)
 [PSYoungGen: 2746140K->2704K(2769344K)] 6304644K->3561756K(8361792K), 0.0274640 secs] [Times: user=0.17 sys=0.01, real=0.03 secs] 
2011-02-12T08:54:54.194+0000: 30983.513: [GC
Desired survivor size 25886720 bytes, new threshold 1 (max 15)
 [PSYoungGen: 2745232K->10976K(2770880K)] 6304284K->3570564K(8363328K), 0.0407790 secs] [Times: user=0.23 sys=0.02, real=0.04 secs] 
2011-02-12T08:55:00.564+0000: 30989.884: [GC
Desired survivor size 24969216 bytes, new threshold 1 (max 15)
 [PSYoungGen: 2755040K->7522K(2769344K)] 6314628K->3567650K(8361792K), 0.0326710 secs] [Times: user=0.19 sys=0.01, real=0.03 secs] 
2011-02-12T08:55:05.889+0000: 30995.209: [GC
Desired survivor size 24510464 bytes, new threshold 1 (max 15)
 [PSYoungGen: 2751586K->5064K(2772224K)] 6311714K->3565807K(8364672K), 0.0377250 secs] [Times: user=0.17 sys=0.02, real=0.03 secs] 
2011-02-12T08:55:12.163+0000: 31001.482: [GC
Desired survivor size 23199744 bytes, new threshold 1 (max 15)
 [PSYoungGen: 2752904K->9152K(2771776K)] 6313647K->3570503K(8364224K), 0.0394670 secs] [Times: user=0.22 sys=0.01, real=0.04 secs] 
2011-02-12T08:55:18.137+0000: 31007.457: [GC
Desired survivor size 27328512 bytes, new threshold 1 (max 15)
 [PSYoungGen: 2756992K->22643K(2765440K)] 6318343K->3585496K(8357888K), 0.0542570 secs] [Times: user=0.33 sys=0.02, real=0.06 secs] 
2011-02-12T08:55:24.357+0000: 31013.676: [GC
Desired survivor size 27197440 bytes, new threshold 1 (max 15)
 [PSYoungGen: 2765427K->3040K(2769472K)] 6328280K->3566245K(8361920K), 0.0279560 secs] [Times: user=0.17 sys=0.01, real=0.03 secs] 
2011-02-12T08:55:30.767+0000: 31020.087: [GC
Desired survivor size 28049408 bytes, new threshold 1 (max 15)
 [PSYoungGen: 2745824K->17056K(2767936K)] 6309029K->3580741K(8360384K), 0.0451270 secs] [Times: user=0.25 sys=0.02, real=0.05 secs] 
2011-02-12T08:55:36.649+0000: 31025.968: [GC
Desired survivor size 26673152 bytes, new threshold 1 (max 15)
 [PSYoungGen: 2758432K->9408K(2768768K)] 6322117K->3573581K(8361216K), 0.0384570 secs] [Times: user=0.20 sys=0.02, real=0.04 secs] 
2011-02-12T08:55:43.149+0000: 31032.469: [GC
Desired survivor size 26542080 bytes, new threshold 1 (max 15)
 [PSYoungGen: 2750784K->2896K(2770240K)] 6314957K->3567469K(8362688K), 0.0317480 secs] [Times: user=0.17 sys=0.01, real=0.03 secs] 
2011-02-12T08:55:48.615+0000: 31037.934: [GC
Desired survivor size 26935296 bytes, new threshold 1 (max 15)
 [PSYoungGen: 2747088K->15392K(2759616K)] 6311661K->3580465K(8352064K), 0.0482090 secs] [Times: user=0.27 sys=0.01, real=0.04 secs] 
2011-02-12T08:55:54.463+0000: 31043.782: [GC
Desired survivor size 25624576 bytes, new threshold 1 (max 15)
 [PSYoungGen: 2759584K->11424K(2771136K)] 6324657K->3577117K(8363584K), 0.0396540 secs] [Times: user=0.23 sys=0.01, real=0.04 secs] 
2011-02-12T08:56:00.388+0000: 31049.708: [GC
Desired survivor size 25559040 bytes, new threshold 1 (max 15)
 [PSYoungGen: 2756256K->14418K(2769856K)] 6321949K->3580463K(8362304K), 0.0446210 secs] [Times: user=0.27 sys=0.01, real=0.04 secs] 
2011-02-12T08:56:06.121+0000: 31055.441: [GC
Desired survivor size 24641536 bytes, new threshold 1 (max 15)
 [PSYoungGen: 2759250K->8072K(2772096K)] 6325295K->3574740K(8364544K), 0.0363170 secs] [Times: user=0.21 sys=0.02, real=0.04 secs] 
2011-02-12T08:56:12.609+0000: 31061.928: [GC
Desired survivor size 24182784 bytes, new threshold 1 (max 15)
 [PSYoungGen: 2755208K->13184K(2771200K)] 6321876K->3580452K(8363648K), 0.0435520 secs] [Times: user=0.26 sys=0.02, real=0.04 secs] 
2011-02-12T08:56:18.266+0000: 31067.585: [GC
Desired survivor size 24838144 bytes, new threshold 1 (max 15)
 [PSYoungGen: 2760320K->16064K(2771264K)] 6327588K->3583832K(8363712K), 0.0444910 secs] [Times: user=0.26 sys=0.02, real=0.05 secs] 
2011-02-12T08:56:24.153+0000: 31073.473: [GC
Desired survivor size 23658496 bytes, new threshold 1 (max 15)
 [PSYoungGen: 2763712K->10592K(2771904K)] 6331480K->3578804K(8364352K), 0.0389230 secs] [Times: user=0.22 sys=0.02, real=0.04 secs] 
2011-02-12T08:56:30.373+0000: 31079.693: [GC
Desired survivor size 22609920 bytes, new threshold 1 (max 15)
 [PSYoungGen: 2758240K->11808K(2774080K)] 6326452K->3580428K(8366528K), 0.0412120 secs] [Times: user=0.24 sys=0.00, real=0.04 secs] 
2011-02-12T08:56:36.343+0000: 31085.663: [GC
Desired survivor size 23068672 bytes, new threshold 1 (max 15)
 [PSYoungGen: 2762784K->15552K(2773056K)] 6331404K->3584644K(8365504K), 0.0441550 secs] [Times: user=0.26 sys=0.01, real=0.04 secs] 
2011-02-12T08:56:42.520+0000: 31091.839: [GC
Desired survivor size 24051712 bytes, new threshold 1 (max 15)
 [PSYoungGen: 2766528K->17240K(2771712K)] 6335620K->3586756K(8364160K), 0.0458440 secs] [Times: user=0.28 sys=0.02, real=0.05 secs] 
2011-02-12T08:56:48.308+0000: 31097.628: [GC
Desired survivor size 24379392 bytes, new threshold 1 (max 15)
 [PSYoungGen: 2766424K->16416K(2765632K)] 6335940K->3586444K(8358080K), 0.0460020 secs] [Times: user=0.27 sys=0.03, real=0.05 secs] 
2011-02-12T08:56:53.880+0000: 31103.199: [GC
Desired survivor size 23855104 bytes, new threshold 1 (max 15)
 [PSYoungGen: 2765600K->9600K(2772864K)] 6335628K->3580304K(8365312K), 0.0401380 secs] [Times: user=0.21 sys=0.01, real=0.04 secs] 
2011-02-12T08:56:59.670+0000: 31108.990: [GC
Desired survivor size 22872064 bytes, new threshold 1 (max 15)
 [PSYoungGen: 2758656K->11756K(2772352K)] 6329360K->3582844K(8364800K), 0.0396000 secs] [Times: user=0.22 sys=0.03, real=0.04 secs] 
2011-02-12T08:57:05.529+0000: 31114.849: [GC
Desired survivor size 22937600 bytes, new threshold 1 (max 15)
 [PSYoungGen: 2760812K->6330K(2773696K)] 6331900K->3577863K(8366144K), 0.0347640 secs] [Times: user=0.20 sys=0.02, real=0.04 secs] 
2011-02-12T08:57:11.381+0000: 31120.701: [GC
Desired survivor size 22806528 bytes, new threshold 1 (max 15)
 [PSYoungGen: 2757690K->6240K(2773760K)] 6329223K->3578411K(8366208K), 0.0394080 secs] [Times: user=0.19 sys=0.02, real=0.04 secs] 
2011-02-12T08:57:17.641+0000: 31126.961: [GC
Desired survivor size 21757952 bytes, new threshold 1 (max 15)
 [PSYoungGen: 2757600K->10912K(2774912K)] 6329771K->3583539K(8367360K), 0.0410460 secs] [Times: user=0.23 sys=0.01, real=0.04 secs] 
2011-02-12T08:57:23.919+0000: 31133.238: [GC
Desired survivor size 21364736 bytes, new threshold 1 (max 15)
 [PSYoungGen: 2763552K->12912K(2773888K)] 6336179K->3585965K(8366336K), 0.0435750 secs] [Times: user=0.26 sys=0.03, real=0.04 secs] 
2011-02-12T08:57:29.912+0000: 31139.231: [GC
Desired survivor size 21102592 bytes, new threshold 1 (max 15)
 [PSYoungGen: 2765552K->13312K(2775552K)] 6338605K->3586885K(8368000K), 0.0413810 secs] [Times: user=0.24 sys=0.01, real=0.04 secs] 
2011-02-12T08:57:35.958+0000: 31145.277: [GC
Desired survivor size 20840448 bytes, new threshold 1 (max 15)
 [PSYoungGen: 2768000K->13216K(2775296K)] 6341573K->3587121K(8367744K), 0.0437300 secs] [Times: user=0.25 sys=0.02, real=0.04 secs] 
2011-02-12T08:57:42.278+0000: 31151.598: [GC
Desired survivor size 20381696 bytes, new threshold 1 (max 15)
 [PSYoungGen: 2767904K->9408K(2776256K)] 6341809K->3583809K(8368704K), 0.0375360 secs] [Times: user=0.21 sys=0.00, real=0.03 secs] 
2011-02-12T08:57:48.414+0000: 31157.734: [GC
Desired survivor size 19922944 bytes, new threshold 1 (max 15)
 [PSYoungGen: 2765312K->12592K(2775808K)] 6339713K->3587470K(8368256K), 0.0443120 secs] [Times: user=0.23 sys=0.02, real=0.05 secs] 
2011-02-12T08:57:54.711+0000: 31164.031: [GC
Desired survivor size 20905984 bytes, new threshold 1 (max 15)
 [PSYoungGen: 2768496K->16352K(2774784K)] 6343374K->3591934K(8367232K), 0.0450120 secs] [Times: user=0.28 sys=0.01, real=0.04 secs] 
2011-02-12T08:58:00.852+0000: 31170.172: [GC
Desired survivor size 21168128 bytes, new threshold 1 (max 15)
 [PSYoungGen: 2771680K->5602K(2760960K)] 6347262K->3581632K(8353408K), 0.0351200 secs] [Times: user=0.17 sys=0.02, real=0.03 secs] 
2011-02-12T08:58:06.351+0000: 31175.671: [GC
Desired survivor size 22216704 bytes, new threshold 1 (max 15)
 [PSYoungGen: 2760930K->16648K(2773440K)] 6336960K->3593340K(8365888K), 0.0497560 secs] [Times: user=0.26 sys=0.02, real=0.05 secs] 
2011-02-12T08:58:11.535+0000: 31180.854: [GC
Desired survivor size 22806528 bytes, new threshold 1 (max 15)
 [PSYoungGen: 2769416K->2912K(2755712K)] 6346108K->3580068K(8348160K), 0.0274370 secs] [Times: user=0.15 sys=0.01, real=0.03 secs] 
2011-02-12T08:58:17.516+0000: 31186.836: [GC
Desired survivor size 25296896 bytes, new threshold 1 (max 15)
 [PSYoungGen: 2755680K->20608K(2769024K)] 6332836K->3598168K(8361472K), 0.0507790 secs] [Times: user=0.29 sys=0.02, real=0.05 secs] 
2011-02-12T08:58:23.348+0000: 31192.668: [GC
Desired survivor size 25231360 bytes, new threshold 1 (max 15)
 [PSYoungGen: 2767360K->4688K(2771456K)] 6344920K->3582616K(8363904K), 0.0312820 secs] [Times: user=0.17 sys=0.03, real=0.03 secs] 
2011-02-12T08:58:30.110+0000: 31199.430: [GC
Desired survivor size 25362432 bytes, new threshold 1 (max 15)
 [PSYoungGen: 2751440K->15104K(2771264K)] 6329368K->3593488K(8363712K), 0.0446310 secs] [Times: user=0.26 sys=0.02, real=0.05 secs] 
2011-02-12T08:58:35.653+0000: 31204.973: [GC
Desired survivor size 24576000 bytes, new threshold 1 (max 15)
 [PSYoungGen: 2761728K->8512K(2771392K)] 6340112K->3587400K(8363840K), 0.0384840 secs] [Times: user=0.19 sys=0.02, real=0.04 secs] 
2011-02-12T08:58:42.618+0000: 31211.937: [GC
Desired survivor size 23724032 bytes, new threshold 1 (max 15)
 [PSYoungGen: 2755136K->8560K(2772992K)] 6334024K->3587784K(8365440K), 0.0391380 secs] [Times: user=0.21 sys=0.02, real=0.04 secs] 
2011-02-12T08:58:48.481+0000: 31217.801: [GC
Desired survivor size 22544384 bytes, new threshold 1 (max 15)
 [PSYoungGen: 2757552K->10704K(2772160K)] 6336776K->3590552K(8364608K), 0.0411670 secs] [Times: user=0.22 sys=0.02, real=0.04 secs] 
2011-02-12T08:58:55.003+0000: 31224.323: [GC
Desired survivor size 24182784 bytes, new threshold 1 (max 15)
 [PSYoungGen: 2759696K->18304K(2770944K)] 6339544K->3598712K(8363392K), 0.0473750 secs] [Times: user=0.29 sys=0.02, real=0.05 secs] 
2011-02-12T08:59:00.930+0000: 31230.249: [GC
Desired survivor size 24903680 bytes, new threshold 1 (max 15)
 [PSYoungGen: 2767232K->16770K(2765760K)] 6347640K->3597746K(8358208K), 0.0474160 secs] [Times: user=0.28 sys=0.02, real=0.05 secs] 
2011-02-12T08:59:06.986+0000: 31236.305: [GC
Desired survivor size 24444928 bytes, new threshold 1 (max 15)
 [PSYoungGen: 2765698K->7652K(2772288K)] 6346674K->3589279K(8364736K), 0.0384630 secs] [Times: user=0.19 sys=0.03, real=0.04 secs] 
2011-02-12T08:59:13.307+0000: 31242.627: [GC
Desired survivor size 26738688 bytes, new threshold 1 (max 15)
 [PSYoungGen: 2755620K->21024K(2769024K)] 6337247K->3603258K(8361472K), 0.0481570 secs] [Times: user=0.31 sys=0.01, real=0.05 secs] 
2011-02-12T08:59:20.331+0000: 31249.651: [GC
Desired survivor size 25362432 bytes, new threshold 1 (max 15)
 [PSYoungGen: 2768992K->12608K(2771392K)] 6351226K->3595258K(8363840K), 0.0444210 secs] [Times: user=0.23 sys=0.02, real=0.04 secs] 
2011-02-12T08:59:26.492+0000: 31255.812: [GC
Desired survivor size 25624576 bytes, new threshold 1 (max 15)
 [PSYoungGen: 2757888K->4080K(2770048K)] 6340538K->3587194K(8362496K), 0.0301000 secs] [Times: user=0.18 sys=0.01, real=0.03 secs] 
2011-02-12T08:59:32.615+0000: 31261.935: [GC
Desired survivor size 25493504 bytes, new threshold 1 (max 15)
 [PSYoungGen: 2749360K->5152K(2771264K)] 6332474K->3588722K(8363712K), 0.0329010 secs] [Times: user=0.18 sys=0.01, real=0.03 secs] 
2011-02-12T08:59:39.107+0000: 31268.427: [GC
Desired survivor size 28311552 bytes, new threshold 1 (max 15)
 [PSYoungGen: 2751392K->22368K(2768640K)] 6334962K->3606370K(8361088K), 0.0502550 secs] [Times: user=0.31 sys=0.01, real=0.05 secs] 
2011-02-12T08:59:45.145+0000: 31274.465: [GC
Desired survivor size 29949952 bytes, new threshold 1 (max 15)
 [PSYoungGen: 2768608K->20704K(2765184K)] 6352610K->3605154K(8357632K), 0.0508100 secs] [Times: user=0.31 sys=0.02, real=0.05 secs] 
2011-02-12T08:59:51.718+0000: 31281.038: [GC
Desired survivor size 28311552 bytes, new threshold 1 (max 15)
 [PSYoungGen: 2758368K->13312K(2766912K)] 6342818K->3598442K(8359360K), 0.0433060 secs] [Times: user=0.25 sys=0.02, real=0.04 secs] 
2011-02-12T08:59:57.684+0000: 31287.004: [GC
Desired survivor size 27525120 bytes, new threshold 1 (max 15)
 [PSYoungGen: 2750976K->14976K(2769280K)] 6336106K->3600630K(8361728K), 0.0446370 secs] [Times: user=0.26 sys=0.03, real=0.05 secs] 
2011-02-12T09:00:03.860+0000: 31293.180: [GC
Desired survivor size 28639232 bytes, new threshold 1 (max 15)
 [PSYoungGen: 2756608K->19915K(2761600K)] 6342262K->3605949K(8354048K), 0.0485950 secs] [Times: user=0.31 sys=0.02, real=0.05 secs] 
2011-02-12T09:00:09.381+0000: 31298.701: [GC
Desired survivor size 28311552 bytes, new threshold 1 (max 15)
 [PSYoungGen: 2761547K->7584K(2768512K)] 6347581K->3594344K(8360960K), 0.0377230 secs] [Times: user=0.20 sys=0.02, real=0.04 secs] 
2011-02-12T09:00:14.819+0000: 31304.139: [GC
Desired survivor size 28311552 bytes, new threshold 1 (max 15)
 [PSYoungGen: 2748128K->5200K(2768192K)] 6334888K->3592521K(8360640K), 0.0360270 secs] [Times: user=0.17 sys=0.02, real=0.03 secs] 
2011-02-12T09:00:21.043+0000: 31310.362: [GC
Desired survivor size 27721728 bytes, new threshold 1 (max 15)
 [PSYoungGen: 2745744K->6816K(2769088K)] 6333065K->3595493K(8361536K), 0.0369220 secs] [Times: user=0.19 sys=0.03, real=0.04 secs] 
2011-02-12T09:00:26.819+0000: 31316.138: [GC
Desired survivor size 27656192 bytes, new threshold 1 (max 15)
 [PSYoungGen: 2748256K->3552K(2768512K)] 6336933K->3592697K(8360960K), 0.0293160 secs] [Times: user=0.18 sys=0.01, real=0.03 secs] 
2011-02-12T09:00:33.114+0000: 31322.433: [GC
Desired survivor size 26279936 bytes, new threshold 1 (max 15)
 [PSYoungGen: 2744992K->9728K(2770496K)] 6334137K->3599265K(8362944K), 0.0386720 secs] [Times: user=0.20 sys=0.01, real=0.04 secs] 
2011-02-12T09:00:39.002+0000: 31328.322: [GC
Desired survivor size 25165824 bytes, new threshold 1 (max 15)
 [PSYoungGen: 2753216K->11936K(2769152K)] 6342753K->3601925K(8361600K), 0.0442490 secs] [Times: user=0.24 sys=0.01, real=0.04 secs] 
2011-02-12T09:00:45.546+0000: 31334.866: [GC
Desired survivor size 24641536 bytes, new threshold 1 (max 15)
 [PSYoungGen: 2755424K->5984K(2772096K)] 6345413K->3596409K(8364544K), 0.0356870 secs] [Times: user=0.18 sys=0.01, real=0.04 secs] 
2011-02-12T09:00:51.529+0000: 31340.849: [GC
Desired survivor size 24707072 bytes, new threshold 1 (max 15)
 [PSYoungGen: 2753504K->14332K(2771584K)] 6343929K->3605460K(8364032K), 0.0436160 secs] [Times: user=0.24 sys=0.03, real=0.05 secs] 
2011-02-12T09:00:57.747+0000: 31347.066: [GC
Desired survivor size 23658496 bytes, new threshold 1 (max 15)
 [PSYoungGen: 2761852K->9304K(2773056K)] 6352980K->3600956K(8365504K), 0.0377870 secs] [Times: user=0.21 sys=0.02, real=0.04 secs] 
2011-02-12T09:01:03.915+0000: 31353.234: [GC
Desired survivor size 24510464 bytes, new threshold 1 (max 15)
 [PSYoungGen: 2758232K->16474K(2772032K)] 6349884K->3608510K(8364480K), 0.0447900 secs] [Times: user=0.25 sys=0.02, real=0.04 secs] 
2011-02-12T09:01:09.815+0000: 31359.134: [GC
Desired survivor size 25559040 bytes, new threshold 1 (max 15)
 [PSYoungGen: 2765402K->17376K(2770176K)] 6357438K->3610034K(8362624K), 0.0450780 secs] [Times: user=0.27 sys=0.03, real=0.04 secs] 
2011-02-12T09:01:15.315+0000: 31364.634: [GC
Desired survivor size 24707072 bytes, new threshold 1 (max 15)
 [PSYoungGen: 2763616K->13184K(2771200K)] 6356274K->3606304K(8363648K), 0.0419440 secs] [Times: user=0.26 sys=0.01, real=0.04 secs] 
2011-02-12T09:01:20.449+0000: 31369.768: [GC
Desired survivor size 23592960 bytes, new threshold 1 (max 15)
 [PSYoungGen: 2759424K->11232K(2773120K)] 6352544K->3604724K(8365568K), 0.0412720 secs] [Times: user=0.21 sys=0.01, real=0.04 secs] 
2011-02-12T09:01:26.580+0000: 31375.899: [GC
Desired survivor size 22872064 bytes, new threshold 1 (max 15)
 [PSYoungGen: 2760224K->12992K(2772032K)] 6353716K->3606934K(8364480K), 0.0411520 secs] [Times: user=0.24 sys=0.02, real=0.04 secs] 
2011-02-12T09:01:32.509+0000: 31381.828: [GC
Desired survivor size 21823488 bytes, new threshold 1 (max 15)
 [PSYoungGen: 2761984K->12128K(2774848K)] 6355926K->3606574K(8367296K), 0.0408520 secs] [Times: user=0.24 sys=0.01, real=0.04 secs] 
2011-02-12T09:01:38.925+0000: 31388.245: [GC
Desired survivor size 21430272 bytes, new threshold 1 (max 15)
 [PSYoungGen: 2764640K->8960K(2773824K)] 6359086K->3603814K(8366272K), 0.0370030 secs] [Times: user=0.22 sys=0.01, real=0.04 secs] 
2011-02-12T09:01:44.951+0000: 31394.271: [GC
Desired survivor size 20840448 bytes, new threshold 1 (max 15)
 [PSYoungGen: 2761472K->9680K(2775808K)] 6356326K->3604978K(8368256K), 0.0374250 secs] [Times: user=0.21 sys=0.02, real=0.04 secs] 
2011-02-12T09:01:51.840+0000: 31401.160: [GC
Desired survivor size 20054016 bytes, new threshold 1 (max 15)
 [PSYoungGen: 2764560K->11008K(2775232K)] 6359858K->3606889K(8367680K), 0.0387530 secs] [Times: user=0.22 sys=0.01, real=0.04 secs] 
2011-02-12T09:01:57.625+0000: 31406.944: [GC
Desired survivor size 19857408 bytes, new threshold 1 (max 15)
 [PSYoungGen: 2765888K->7808K(2776768K)] 6361769K->3604380K(8369216K), 0.0363140 secs] [Times: user=0.21 sys=0.01, real=0.04 secs] 
2011-02-12T09:02:04.061+0000: 31413.380: [GC
Desired survivor size 20578304 bytes, new threshold 1 (max 15)
 [PSYoungGen: 2764992K->15219K(2772416K)] 6361564K->3612286K(8364864K), 0.0450910 secs] [Times: user=0.25 sys=0.02, real=0.04 secs] 
2011-02-12T09:02:10.089+0000: 31419.409: [GC
Desired survivor size 21889024 bytes, new threshold 1 (max 15)
 [PSYoungGen: 2772403K->17248K(2773504K)] 6369470K->3615042K(8365952K), 0.0475280 secs] [Times: user=0.28 sys=0.02, real=0.05 secs] 
2011-02-12T09:02:16.305+0000: 31425.624: [GC
Desired survivor size 22085632 bytes, new threshold 1 (max 15)
 [PSYoungGen: 2770656K->5312K(2758720K)] 6368450K->3603562K(8351168K), 0.0337820 secs] [Times: user=0.19 sys=0.01, real=0.03 secs] 
2011-02-12T09:02:22.998+0000: 31432.318: [GC
Desired survivor size 22282240 bytes, new threshold 1 (max 15)
 [PSYoungGen: 2758720K->14624K(2774208K)] 6356970K->3613322K(8366656K), 0.0433060 secs] [Times: user=0.24 sys=0.01, real=0.04 secs] 
2011-02-12T09:02:28.439+0000: 31437.758: [GC
Desired survivor size 22544384 bytes, new threshold 1 (max 15)
 [PSYoungGen: 2767264K->15228K(2767872K)] 6365962K->3614386K(8360320K), 0.0470860 secs] [Times: user=0.25 sys=0.02, real=0.05 secs] 
2011-02-12T09:02:34.133+0000: 31443.453: [GC
Desired survivor size 22085632 bytes, new threshold 1 (max 15)
 [PSYoungGen: 2767868K->9120K(2774592K)] 6367026K->3608770K(8367040K), 0.0387430 secs] [Times: user=0.22 sys=0.01, real=0.04 secs] 
2011-02-12T09:02:40.335+0000: 31449.654: [GC
Desired survivor size 22020096 bytes, new threshold 1 (max 15)
 [PSYoungGen: 2761696K->14199K(2774144K)] 6361346K->3614274K(8366592K), 0.0440260 secs] [Times: user=0.25 sys=0.01, real=0.04 secs] 
2011-02-12T09:02:46.050+0000: 31455.370: [GC
Desired survivor size 21561344 bytes, new threshold 1 (max 15)
 [PSYoungGen: 2766775K->9104K(2775104K)] 6366850K->3609770K(8367552K), 0.0397800 secs] [Times: user=0.21 sys=0.01, real=0.04 secs] 
2011-02-12T09:02:52.785+0000: 31462.105: [GC
Desired survivor size 21430272 bytes, new threshold 1 (max 15)
 [PSYoungGen: 2762704K->6864K(2774656K)] 6363370K->3608191K(8367104K), 0.0367870 secs] [Times: user=0.19 sys=0.02, real=0.03 secs] 
2011-02-12T09:02:58.096+0000: 31467.416: [GC
Desired survivor size 22151168 bytes, new threshold 1 (max 15)
 [PSYoungGen: 2760464K->15722K(2773824K)] 6361791K->3617659K(8366272K), 0.0432090 secs] [Times: user=0.26 sys=0.02, real=0.05 secs] 
2011-02-12T09:03:04.144+0000: 31473.463: [GC
Desired survivor size 23396352 bytes, new threshold 1 (max 15)
 [PSYoungGen: 2768618K->17681K(2770624K)] 6370555K->3620026K(8363072K), 0.0493100 secs] [Times: user=0.29 sys=0.02, real=0.05 secs] 
2011-02-12T09:03:09.488+0000: 31478.808: [GC
Desired survivor size 22937600 bytes, new threshold 1 (max 15)
 [PSYoungGen: 2770577K->8812K(2773760K)] 6372922K->3611859K(8366208K), 0.0397450 secs] [Times: user=0.19 sys=0.02, real=0.04 secs] 
2011-02-12T09:03:15.297+0000: 31484.617: [GC
Desired survivor size 22216704 bytes, new threshold 1 (max 15)
 [PSYoungGen: 2759724K->10024K(2773312K)] 6362771K->3613523K(8365760K), 0.0416720 secs] [Times: user=0.22 sys=0.02, real=0.05 secs] 
2011-02-12T09:03:22.004+0000: 31491.324: [GC
Desired survivor size 22675456 bytes, new threshold 1 (max 15)
 [PSYoungGen: 2760936K->3168K(2773568K)] 6364435K->3607099K(8366016K), 0.0280440 secs] [Times: user=0.15 sys=0.01, real=0.03 secs] 
2011-02-12T09:03:27.045+0000: 31496.365: [GC
Desired survivor size 21626880 bytes, new threshold 1 (max 15)
 [PSYoungGen: 2755040K->10240K(2774016K)] 6358971K->3614639K(8366464K), 0.0377760 secs] [Times: user=0.20 sys=0.03, real=0.04 secs] 
2011-02-12T09:03:33.335+0000: 31502.654: [GC
Desired survivor size 20774912 bytes, new threshold 1 (max 15)
 [PSYoungGen: 2762112K->9856K(2775872K)] 6366511K->3614599K(8368320K), 0.0394350 secs] [Times: user=0.22 sys=0.02, real=0.04 secs] 
2011-02-12T09:03:39.154+0000: 31508.474: [GC
Desired survivor size 20840448 bytes, new threshold 1 (max 15)
 [PSYoungGen: 2764608K->13568K(2775040K)] 6369351K->3618731K(8367488K), 0.0454630 secs] [Times: user=0.24 sys=0.01, real=0.04 secs] 
2011-02-12T09:03:44.701+0000: 31514.020: [GC
Desired survivor size 20905984 bytes, new threshold 1 (max 15)
 [PSYoungGen: 2768320K->5424K(2775680K)] 6373483K->3610955K(8368128K), 0.0361350 secs] [Times: user=0.18 sys=0.02, real=0.04 secs] 
2011-02-12T09:03:50.880+0000: 31520.199: [GC
Desired survivor size 21823488 bytes, new threshold 1 (max 15)
 [PSYoungGen: 2760752K->15680K(2771072K)] 6366283K->3621723K(8363520K), 0.0437490 secs] [Times: user=0.25 sys=0.02, real=0.05 secs] 
2011-02-12T09:03:57.235+0000: 31526.554: [GC
Desired survivor size 22085632 bytes, new threshold 1 (max 15)
 [PSYoungGen: 2771008K->14464K(2774336K)] 6377051K->3621055K(8366784K), 0.0458830 secs] [Times: user=0.25 sys=0.01, real=0.04 secs] 
2011-02-12T09:04:03.756+0000: 31533.076: [GC
Desired survivor size 21823488 bytes, new threshold 1 (max 15)
 [PSYoungGen: 2767488K->13402K(2774592K)] 6374079K->3620426K(8367040K), 0.0425390 secs] [Times: user=0.25 sys=0.03, real=0.04 secs] 
2011-02-12T09:04:09.881+0000: 31539.201: [GC
Desired survivor size 23003136 bytes, new threshold 1 (max 15)
 [PSYoungGen: 2766426K->17216K(2772544K)] 6373450K->3624938K(8364992K), 0.0480970 secs] [Times: user=0.28 sys=0.03, real=0.05 secs] 
2011-02-12T09:04:15.636+0000: 31544.956: [GC
Desired survivor size 22740992 bytes, new threshold 1 (max 15)
 [PSYoungGen: 2768448K->7424K(2773696K)] 6376170K->3615631K(8366144K), 0.0363990 secs] [Times: user=0.19 sys=0.02, real=0.03 secs] 
2011-02-12T09:04:21.754+0000: 31551.073: [GC
Desired survivor size 22216704 bytes, new threshold 1 (max 15)
 [PSYoungGen: 2758656K->8544K(2774464K)] 6366863K->3617143K(8366912K), 0.0385130 secs] [Times: user=0.20 sys=0.02, real=0.04 secs] 
2011-02-12T09:04:28.281+0000: 31557.601: [GC
Desired survivor size 22544384 bytes, new threshold 1 (max 15)
 [PSYoungGen: 2760800K->3312K(2773952K)] 6369399K->3612351K(8366400K), 0.0290180 secs] [Times: user=0.17 sys=0.01, real=0.03 secs] 
2011-02-12T09:04:35.292+0000: 31564.612: [GC
Desired survivor size 22675456 bytes, new threshold 1 (max 15)
 [PSYoungGen: 2755568K->2988K(2773888K)] 6364607K->3612607K(8366336K), 0.0277930 secs] [Times: user=0.16 sys=0.00, real=0.03 secs] 
2011-02-12T09:04:41.506+0000: 31570.825: [GC
Desired survivor size 21823488 bytes, new threshold 1 (max 15)
 [PSYoungGen: 2754860K->7536K(2774016K)] 6364479K->3617619K(8366464K), 0.0368020 secs] [Times: user=0.21 sys=0.02, real=0.04 secs] 
2011-02-12T09:04:48.028+0000: 31577.347: [GC
Desired survivor size 25034752 bytes, new threshold 1 (max 15)
 [PSYoungGen: 2759408K->21296K(2768576K)] 6369491K->3631900K(8361024K), 0.0521480 secs] [Times: user=0.29 sys=0.02, real=0.06 secs] 
2011-02-12T09:04:54.250+0000: 31583.570: [GC
Desired survivor size 24313856 bytes, new threshold 1 (max 15)
 [PSYoungGen: 2768560K->7040K(2771712K)] 6379164K->3618296K(8364160K), 0.0363120 secs] [Times: user=0.20 sys=0.02, real=0.04 secs] 
2011-02-12T09:05:00.621+0000: 31589.941: [GC
Desired survivor size 24182784 bytes, new threshold 1 (max 15)
 [PSYoungGen: 2754304K->13569K(2772544K)] 6365560K->3625358K(8364992K), 0.0423980 secs] [Times: user=0.25 sys=0.02, real=0.05 secs] 
2011-02-12T09:05:05.679+0000: 31594.999: [GC
Desired survivor size 26345472 bytes, new threshold 1 (max 15)
 [PSYoungGen: 2762369K->19936K(2768768K)] 6374158K->3632362K(8361216K), 0.0510950 secs] [Times: user=0.30 sys=0.02, real=0.05 secs] 
2011-02-12T09:05:11.340+0000: 31600.659: [GC
Desired survivor size 26214400 bytes, new threshold 1 (max 15)
 [PSYoungGen: 2768736K->15136K(2770560K)] 6381162K->3628006K(8363008K), 0.0453360 secs] [Times: user=0.26 sys=0.03, real=0.05 secs] 
2011-02-12T09:05:17.948+0000: 31607.267: [GC
Desired survivor size 25690112 bytes, new threshold 1 (max 15)
 [PSYoungGen: 2759968K->7040K(2770432K)] 6372838K->3620350K(8362880K), 0.0384160 secs] [Times: user=0.19 sys=0.01, real=0.04 secs] 
2011-02-12T09:05:24.405+0000: 31613.724: [GC
Desired survivor size 27394048 bytes, new threshold 1 (max 15)
 [PSYoungGen: 2751872K->19584K(2767744K)] 6365182K->3633302K(8360192K), 0.0494730 secs] [Times: user=0.30 sys=0.02, real=0.05 secs] 
2011-02-12T09:05:30.375+0000: 31619.695: [GC
Desired survivor size 26542080 bytes, new threshold 1 (max 15)
 [PSYoungGen: 2762240K->8704K(2769408K)] 6375958K->3622898K(8361856K), 0.0361090 secs] [Times: user=0.19 sys=0.01, real=0.03 secs] 
2011-02-12T09:05:36.891+0000: 31626.211: [GC
Desired survivor size 25427968 bytes, new threshold 1 (max 15)
 [PSYoungGen: 2751360K->12736K(2771328K)] 6365554K->3627434K(8363776K), 0.0423610 secs] [Times: user=0.25 sys=0.01, real=0.04 secs] 
2011-02-12T09:05:42.881+0000: 31632.201: [GC
Desired survivor size 24313856 bytes, new threshold 1 (max 15)
 [PSYoungGen: 2758144K->10784K(2770240K)] 6372842K->3625882K(8362688K), 0.0394640 secs] [Times: user=0.23 sys=0.01, real=0.04 secs] 
2011-02-12T09:05:49.402+0000: 31638.721: [GC
Desired survivor size 23658496 bytes, new threshold 1 (max 15)
 [PSYoungGen: 2756192K->8656K(2773056K)] 6371290K->3624349K(8365504K), 0.0371340 secs] [Times: user=0.21 sys=0.02, real=0.04 secs] 
2011-02-12T09:05:55.649+0000: 31644.968: [GC
Desired survivor size 23003136 bytes, new threshold 1 (max 15)
 [PSYoungGen: 2757968K->12928K(2772416K)] 6373661K->3629233K(8364864K), 0.0423170 secs] [Times: user=0.26 sys=0.02, real=0.04 secs] 
2011-02-12T09:06:02.195+0000: 31651.514: [GC
Desired survivor size 22544384 bytes, new threshold 1 (max 15)
 [PSYoungGen: 2762240K->7962K(2774144K)] 6378545K->3624752K(8366592K), 0.0398600 secs] [Times: user=0.20 sys=0.03, real=0.04 secs] 
2011-02-12T09:06:07.837+0000: 31657.157: [GC
Desired survivor size 22282240 bytes, new threshold 1 (max 15)
 [PSYoungGen: 2759544K->6526K(2773696K)] 6376334K->3623979K(8366144K), 0.0383150 secs] [Times: user=0.18 sys=0.03, real=0.04 secs] 
2011-02-12T09:06:14.647+0000: 31663.967: [GC
Desired survivor size 22282240 bytes, new threshold 1 (max 15)
 [PSYoungGen: 2758206K->4480K(2774400K)] 6375659K->3622333K(8366848K), 0.0346000 secs] [Times: user=0.18 sys=0.01, real=0.04 secs] 
2011-02-12T09:06:21.736+0000: 31671.055: [GC
Desired survivor size 21823488 bytes, new threshold 1 (max 15)
 [PSYoungGen: 2757120K->6016K(2774400K)] 6374973K->3624325K(8366848K), 0.0373000 secs] [Times: user=0.19 sys=0.01, real=0.04 secs] 
2011-02-12T09:06:27.618+0000: 31676.938: [GC
Desired survivor size 21102592 bytes, new threshold 1 (max 15)
 [PSYoungGen: 2758656K->7168K(2775552K)] 6376965K->3625973K(8368000K), 0.0363180 secs] [Times: user=0.20 sys=0.01, real=0.04 secs] 
2011-02-12T09:06:34.680+0000: 31683.999: [GC
Desired survivor size 20250624 bytes, new threshold 1 (max 15)
 [PSYoungGen: 2761408K->7840K(2774848K)] 6380213K->3627021K(8367296K), 0.0357300 secs] [Times: user=0.20 sys=0.01, real=0.04 secs] 
2011-02-12T09:06:40.318+0000: 31689.638: [GC
Desired survivor size 19922944 bytes, new threshold 1 (max 15)
 [PSYoungGen: 2762080K->5134K(2776704K)] 6381261K->3624844K(8369152K), 0.0356670 secs] [Times: user=0.17 sys=0.03, real=0.04 secs] 
2011-02-12T09:06:46.780+0000: 31696.100: [GC
Desired survivor size 19726336 bytes, new threshold 1 (max 15)
 [PSYoungGen: 2762062K->4112K(2776384K)] 6381772K->3624293K(8368832K), 0.0342340 secs] [Times: user=0.17 sys=0.02, real=0.04 secs] 
2011-02-12T09:06:53.292+0000: 31702.612: [GC
Desired survivor size 20119552 bytes, new threshold 1 (max 15)
 [PSYoungGen: 2761040K->12416K(2776128K)] 6381221K->3633189K(8368576K), 0.0422680 secs] [Times: user=0.25 sys=0.02, real=0.04 secs] 
2011-02-12T09:06:59.669+0000: 31708.988: [GC
Desired survivor size 21299200 bytes, new threshold 1 (max 15)
 [PSYoungGen: 2769280K->14896K(2771776K)] 6390053K->3636213K(8364224K), 0.0451870 secs] [Times: user=0.26 sys=0.02, real=0.04 secs] 
2011-02-12T09:07:05.524+0000: 31714.844: [GC
Desired survivor size 20774912 bytes, new threshold 1 (max 15)
 [PSYoungGen: 2771760K->5786K(2775872K)] 6393077K->3627596K(8368320K), 0.0343990 secs] [Times: user=0.18 sys=0.01, real=0.04 secs] 
2011-02-12T09:07:10.656+0000: 31719.975: [GC
Desired survivor size 19988480 bytes, new threshold 1 (max 15)
 [PSYoungGen: 2760858K->7136K(2775360K)] 6382668K->3629696K(8367808K), 0.0391420 secs] [Times: user=0.20 sys=0.02, real=0.04 secs] 
2011-02-12T09:07:17.017+0000: 31726.337: [GC
Desired survivor size 20316160 bytes, new threshold 1 (max 15)
 [PSYoungGen: 2762208K->12738K(2776000K)] 6384768K->3635698K(8368448K), 0.0440560 secs] [Times: user=0.24 sys=0.01, real=0.05 secs] 
2011-02-12T09:07:23.252+0000: 31732.572: [GC
Desired survivor size 21102592 bytes, new threshold 1 (max 15)
 [PSYoungGen: 2769218K->14047K(2770560K)] 6392178K->3637609K(8363008K), 0.0426230 secs] [Times: user=0.25 sys=0.02, real=0.04 secs] 
2011-02-12T09:07:28.875+0000: 31738.195: [GC
Desired survivor size 20381696 bytes, new threshold 1 (max 15)
 [PSYoungGen: 2770527K->10848K(2776256K)] 6394089K->3634858K(8368704K), 0.0411720 secs] [Times: user=0.24 sys=0.02, real=0.04 secs] 
2011-02-12T09:07:35.003+0000: 31744.323: [GC
Desired survivor size 21102592 bytes, new threshold 1 (max 15)
 [PSYoungGen: 2766496K->14528K(2775552K)] 6390506K->3638906K(8368000K), 0.0455570 secs] [Times: user=0.25 sys=0.01, real=0.04 secs] 
2011-02-12T09:07:40.965+0000: 31750.285: [GC
Desired survivor size 26673152 bytes, new threshold 1 (max 15)
 [PSYoungGen: 2770176K->20592K(2764672K)] 6394554K->3652210K(8357120K), 0.0564900 secs] [Times: user=0.34 sys=0.03, real=0.06 secs] 
2011-02-12T09:07:47.090+0000: 31756.410: [GC
Desired survivor size 26542080 bytes, new threshold 1 (max 15)
 [PSYoungGen: 2764656K->15376K(2770112K)] 6396274K->3647562K(8362560K), 0.0466160 secs] [Times: user=0.29 sys=0.02, real=0.05 secs] 
2011-02-12T09:07:52.725+0000: 31762.045: [GC
Desired survivor size 27394048 bytes, new threshold 1 (max 15)
 [PSYoungGen: 2759440K->18400K(2768576K)] 6391626K->3651194K(8361024K), 0.0488260 secs] [Times: user=0.30 sys=0.01, real=0.05 secs] 
2011-02-12T09:07:58.602+0000: 31767.921: [GC
Desired survivor size 27000832 bytes, new threshold 1 (max 15)
 [PSYoungGen: 2761056K->15680K(2769408K)] 6393850K->3648966K(8361856K), 0.0463650 secs] [Times: user=0.27 sys=0.02, real=0.05 secs] 
2011-02-12T09:08:04.767+0000: 31774.087: [GC
Desired survivor size 25821184 bytes, new threshold 1 (max 15)
 [PSYoungGen: 2758336K->12474K(2770944K)] 6391622K->3646200K(8363392K), 0.0428910 secs] [Times: user=0.22 sys=0.02, real=0.04 secs] 
2011-02-12T09:08:10.247+0000: 31779.567: [GC
Desired survivor size 26411008 bytes, new threshold 1 (max 15)
 [PSYoungGen: 2757050K->17931K(2769792K)] 6390776K->3652347K(8362240K), 0.0488040 secs] [Times: user=0.28 sys=0.02, real=0.05 secs] 
2011-02-12T09:08:16.537+0000: 31785.857: [GC
Desired survivor size 26345472 bytes, new threshold 1 (max 15)
 [PSYoungGen: 2762507K->6784K(2770432K)] 6396923K->3641644K(8362880K), 0.0390090 secs] [Times: user=0.19 sys=0.01, real=0.04 secs] 
2011-02-12T09:08:22.437+0000: 31791.757: [GC
Desired survivor size 25755648 bytes, new threshold 1 (max 15)
 [PSYoungGen: 2751424K->14800K(2770368K)] 6386284K->3650104K(8362816K), 0.0421490 secs] [Times: user=0.26 sys=0.01, real=0.04 secs] 
2011-02-12T09:08:28.376+0000: 31797.695: [GC
Desired survivor size 25493504 bytes, new threshold 1 (max 15)
 [PSYoungGen: 2759440K->15712K(2771264K)] 6394744K->3651495K(8363712K), 0.0453960 secs] [Times: user=0.27 sys=0.02, real=0.05 secs] 
2011-02-12T09:08:35.010+0000: 31804.330: [GC
Desired survivor size 24641536 bytes, new threshold 1 (max 15)
 [PSYoungGen: 2761824K->11616K(2771008K)] 6397607K->3647767K(8363456K), 0.0393100 secs] [Times: user=0.23 sys=0.02, real=0.04 secs] 
2011-02-12T09:08:40.676+0000: 31809.996: [GC
Desired survivor size 24969216 bytes, new threshold 1 (max 15)
 [PSYoungGen: 2757728K->17019K(2771456K)] 6393879K->3653705K(8363904K), 0.0468710 secs] [Times: user=0.26 sys=0.01, real=0.05 secs] 
2011-02-12T09:08:47.130+0000: 31816.450: [GC
Desired survivor size 23920640 bytes, new threshold 1 (max 15)
 [PSYoungGen: 2764411K->13328K(2771776K)] 6401097K->3650447K(8364224K), 0.0445700 secs] [Times: user=0.26 sys=0.01, real=0.04 secs] 
2011-02-12T09:08:52.767+0000: 31822.087: [GC
Desired survivor size 23789568 bytes, new threshold 1 (max 15)
 [PSYoungGen: 2760720K->8480K(2772928K)] 6397839K->3646210K(8365376K), 0.0386510 secs] [Times: user=0.21 sys=0.03, real=0.04 secs] 
2011-02-12T09:08:59.048+0000: 31828.368: [GC
Desired survivor size 23592960 bytes, new threshold 1 (max 15)
 [PSYoungGen: 2758048K->15360K(2772800K)] 6395778K->3653578K(8365248K), 0.0457890 secs] [Times: user=0.27 sys=0.01, real=0.05 secs] 
2011-02-12T09:09:04.675+0000: 31833.995: [GC
Desired survivor size 23592960 bytes, new threshold 1 (max 15)
 [PSYoungGen: 2764928K->15866K(2773120K)] 6403146K->3654717K(8365568K), 0.0458710 secs] [Times: user=0.26 sys=0.02, real=0.05 secs] 
2011-02-12T09:09:11.031+0000: 31840.351: [GC
Desired survivor size 24182784 bytes, new threshold 1 (max 15)
 [PSYoungGen: 2765946K->4512K(2754624K)] 6404797K->3644129K(8347072K), 0.0346630 secs] [Times: user=0.17 sys=0.02, real=0.04 secs] 
2011-02-12T09:09:16.893+0000: 31846.213: [GC
Desired survivor size 24510464 bytes, new threshold 1 (max 15)
 [PSYoungGen: 2754592K->4320K(2771904K)] 6394209K->3644629K(8364352K), 0.0318030 secs] [Times: user=0.18 sys=0.01, real=0.03 secs] 
2011-02-12T09:09:23.528+0000: 31852.848: [GC
Desired survivor size 23724032 bytes, new threshold 1 (max 15)
 [PSYoungGen: 2752608K->12928K(2772224K)] 6392917K->3653638K(8364672K), 0.0429110 secs] [Times: user=0.25 sys=0.01, real=0.04 secs] 
2011-02-12T09:09:30.249+0000: 31859.569: [GC
Desired survivor size 22872064 bytes, new threshold 1 (max 15)
 [PSYoungGen: 2761216K->10336K(2773824K)] 6401926K->3651557K(8366272K), 0.0425720 secs] [Times: user=0.24 sys=0.02, real=0.04 secs] 
2011-02-12T09:09:35.837+0000: 31865.156: [GC
Desired survivor size 22872064 bytes, new threshold 1 (max 15)
 [PSYoungGen: 2760992K->5312K(2772992K)] 6402213K->3647009K(8365440K), 0.0369260 secs] [Times: user=0.18 sys=0.02, real=0.03 secs] 
2011-02-12T09:09:42.409+0000: 31871.729: [GC
Desired survivor size 23003136 bytes, new threshold 1 (max 15)
 [PSYoungGen: 2755968K->14416K(2773568K)] 6397665K->3656542K(8366016K), 0.0456700 secs] [Times: user=0.25 sys=0.02, real=0.04 secs] 
2011-02-12T09:09:48.249+0000: 31877.569: [GC
Desired survivor size 24510464 bytes, new threshold 1 (max 15)
 [PSYoungGen: 2765648K->18427K(2769664K)] 6407774K->3661073K(8362112K), 0.0475500 secs] [Times: user=0.29 sys=0.02, real=0.05 secs] 
2011-02-12T09:09:54.221+0000: 31883.540: [GC
Desired survivor size 23789568 bytes, new threshold 1 (max 15)
 [PSYoungGen: 2769659K->13424K(2772928K)] 6412305K->3656690K(8365376K), 0.0459860 secs] [Times: user=0.25 sys=0.02, real=0.05 secs] 
2011-02-12T09:10:00.612+0000: 31889.932: [GC
Desired survivor size 23658496 bytes, new threshold 1 (max 15)
 [PSYoungGen: 2762416K->6434K(2772224K)] 6405682K->3650196K(8364672K), 0.0377320 secs] [Times: user=0.20 sys=0.03, real=0.04 secs] 
2011-02-12T09:10:05.712+0000: 31895.031: [GC
Desired survivor size 22675456 bytes, new threshold 1 (max 15)
 [PSYoungGen: 2755426K->10968K(2774016K)] 6399188K->3655312K(8366464K), 0.0425860 secs] [Times: user=0.24 sys=0.01, real=0.04 secs] 
2011-02-12T09:10:10.484+0000: 31899.804: [GC
Desired survivor size 22151168 bytes, new threshold 1 (max 15)
 [PSYoungGen: 2761880K->8441K(2773056K)] 6406224K->3653398K(8365504K), 0.0401930 secs] [Times: user=0.21 sys=0.01, real=0.04 secs] 
2011-02-12T09:10:15.781+0000: 31905.101: [GC
Desired survivor size 21954560 bytes, new threshold 1 (max 15)
 [PSYoungGen: 2759353K->13536K(2774720K)] 6404310K->3658844K(8367168K), 0.0437100 secs] [Times: user=0.25 sys=0.02, real=0.04 secs] 
2011-02-12T09:10:21.469+0000: 31910.789: [GC
Desired survivor size 21692416 bytes, new threshold 1 (max 15)
 [PSYoungGen: 2766624K->6936K(2774528K)] 6411932K->3652597K(8366976K), 0.0373050 secs] [Times: user=0.19 sys=0.02, real=0.04 secs] 
2011-02-12T09:10:27.882+0000: 31917.202: [GC
Desired survivor size 21692416 bytes, new threshold 1 (max 15)
 [PSYoungGen: 2760024K->13696K(2774976K)] 6405685K->3659841K(8367424K), 0.0446030 secs] [Times: user=0.25 sys=0.02, real=0.04 secs] 
2011-02-12T09:10:33.667+0000: 31922.987: [GC
Desired survivor size 21495808 bytes, new threshold 1 (max 15)
 [PSYoungGen: 2767488K->13504K(2774976K)] 6413633K->3660145K(8367424K), 0.0450870 secs] [Times: user=0.24 sys=0.02, real=0.05 secs] 
2011-02-12T09:10:39.834+0000: 31929.153: [GC
Desired survivor size 21889024 bytes, new threshold 1 (max 15)
 [PSYoungGen: 2767296K->3584K(2774400K)] 6413937K->3650633K(8366848K), 0.0300800 secs] [Times: user=0.18 sys=0.02, real=0.03 secs] 
2011-02-12T09:10:45.802+0000: 31935.122: [GC
Desired survivor size 21823488 bytes, new threshold 1 (max 15)
 [PSYoungGen: 2756992K->5232K(2774784K)] 6404041K->3652717K(8367232K), 0.0356630 secs] [Times: user=0.18 sys=0.02, real=0.04 secs] 
2011-02-12T09:10:51.407+0000: 31940.727: [GC
Desired survivor size 24313856 bytes, new threshold 1 (max 15)
 [PSYoungGen: 2758640K->19850K(2769984K)] 6406125K->3667960K(8362432K), 0.0500350 secs] [Times: user=0.31 sys=0.02, real=0.05 secs] 
2011-02-12T09:10:57.685+0000: 31947.004: [GC
Desired survivor size 24444928 bytes, new threshold 1 (max 15)
 [PSYoungGen: 2768522K->3132K(2751808K)] 6416632K->3651849K(8344256K), 0.0311830 secs] [Times: user=0.18 sys=0.01, real=0.04 secs] 
2011-02-12T09:11:03.565+0000: 31952.885: [GC
Desired survivor size 23199744 bytes, new threshold 1 (max 15)
 [PSYoungGen: 2751804K->9626K(2773504K)] 6400521K->3658828K(8365952K), 0.0380000 secs] [Times: user=0.21 sys=0.01, real=0.04 secs] 
2011-02-12T09:11:09.420+0000: 31958.740: [GC
Desired survivor size 22478848 bytes, new threshold 1 (max 15)
 [PSYoungGen: 2759258K->7232K(2772288K)] 6408460K->3657128K(8364736K), 0.0342670 secs] [Times: user=0.21 sys=0.01, real=0.03 secs] 
2011-02-12T09:11:15.372+0000: 31964.691: [GC
Desired survivor size 21495808 bytes, new threshold 1 (max 15)
 [PSYoungGen: 2756864K->8400K(2775168K)] 6406760K->3658756K(8367616K), 0.0386990 secs] [Times: user=0.21 sys=0.01, real=0.04 secs] 
2011-02-12T09:11:21.143+0000: 31970.463: [GC
Desired survivor size 22020096 bytes, new threshold 1 (max 15)
 [PSYoungGen: 2761616K->14112K(2774208K)] 6411972K->3665013K(8366656K), 0.0426550 secs] [Times: user=0.25 sys=0.01, real=0.04 secs] 
2011-02-12T09:11:26.575+0000: 31975.895: [GC
Desired survivor size 20840448 bytes, new threshold 1 (max 15)
 [PSYoungGen: 2767328K->10304K(2775808K)] 6418229K->3661621K(8368256K), 0.0403380 secs] [Times: user=0.22 sys=0.01, real=0.04 secs] 
2011-02-12T09:11:32.707+0000: 31982.027: [GC
Desired survivor size 19857408 bytes, new threshold 1 (max 15)
 [PSYoungGen: 2764608K->10176K(2774656K)] 6415925K->3661869K(8367104K), 0.0389450 secs] [Times: user=0.23 sys=0.01, real=0.04 secs] 
2011-02-12T09:11:38.913+0000: 31988.233: [GC
Desired survivor size 21889024 bytes, new threshold 1 (max 15)
 [PSYoungGen: 2764480K->18040K(2772800K)] 6416173K->3670141K(8365248K), 0.0473670 secs] [Times: user=0.29 sys=0.02, real=0.05 secs] 
2011-02-12T09:11:44.648+0000: 31993.968: [GC
Desired survivor size 21561344 bytes, new threshold 1 (max 15)
 [PSYoungGen: 2771448K->13008K(2774784K)] 6423549K->3665557K(8367232K), 0.0420280 secs] [Times: user=0.24 sys=0.02, real=0.05 secs] 
2011-02-12T09:11:50.753+0000: 32000.073: [GC
Desired survivor size 21102592 bytes, new threshold 1 (max 15)
 [PSYoungGen: 2766416K->8080K(2775552K)] 6418965K->3661101K(8368000K), 0.0374540 secs] [Times: user=0.20 sys=0.02, real=0.03 secs] 
2011-02-12T09:11:56.555+0000: 32005.875: [GC
Desired survivor size 21233664 bytes, new threshold 1 (max 15)
 [PSYoungGen: 2762576K->4672K(2775104K)] 6415597K->3658437K(8367552K), 0.0337720 secs] [Times: user=0.19 sys=0.02, real=0.03 secs] 
2011-02-12T09:12:02.331+0000: 32011.651: [GC
Desired survivor size 23003136 bytes, new threshold 1 (max 15)
 [PSYoungGen: 2759168K->17776K(2771968K)] 6412933K->3671870K(8364416K), 0.0494270 secs] [Times: user=0.29 sys=0.02, real=0.05 secs] 
2011-02-12T09:12:07.993+0000: 32017.313: [GC
Desired survivor size 21954560 bytes, new threshold 1 (max 15)
 [PSYoungGen: 2769008K->11424K(2773696K)] 6423102K->3666148K(8366144K), 0.0419110 secs] [Times: user=0.24 sys=0.02, real=0.05 secs] 
2011-02-12T09:12:13.916+0000: 32023.236: [GC
Desired survivor size 21692416 bytes, new threshold 1 (max 15)
 [PSYoungGen: 2762656K->13120K(2774976K)] 6417380K->3668260K(8367424K), 0.0422170 secs] [Times: user=0.25 sys=0.01, real=0.04 secs] 
2011-02-12T09:12:19.926+0000: 32029.246: [GC
Desired survivor size 21233664 bytes, new threshold 1 (max 15)
 [PSYoungGen: 2766656K->8032K(2774720K)] 6421796K->3663596K(8367168K), 0.0367220 secs] [Times: user=0.20 sys=0.01, real=0.03 secs] 
2011-02-12T09:12:26.438+0000: 32035.757: [GC
Desired survivor size 20840448 bytes, new threshold 1 (max 15)
 [PSYoungGen: 2761568K->7360K(2775808K)] 6417132K->3663388K(8368256K), 0.0362110 secs] [Times: user=0.20 sys=0.01, real=0.03 secs] 
2011-02-12T09:12:32.163+0000: 32041.483: [GC
Desired survivor size 21037056 bytes, new threshold 1 (max 15)
 [PSYoungGen: 2762432K->3968K(2775424K)] 6418460K->3660476K(8367872K), 0.0327540 secs] [Times: user=0.16 sys=0.02, real=0.04 secs] 
2011-02-12T09:12:38.609+0000: 32047.929: [GC
Desired survivor size 20119552 bytes, new threshold 1 (max 15)
 [PSYoungGen: 2759038K->10368K(2776512K)] 6415546K->3667259K(8368960K), 0.0414050 secs] [Times: user=0.22 sys=0.01, real=0.04 secs] 
2011-02-12T09:12:44.533+0000: 32053.853: [GC
Desired survivor size 22020096 bytes, new threshold 1 (max 15)
 [PSYoungGen: 2766336K->17562K(2773568K)] 6423227K->3674846K(8366016K), 0.0473710 secs] [Times: user=0.27 sys=0.02, real=0.05 secs] 
2011-02-12T09:12:50.822+0000: 32060.142: [GC
Desired survivor size 23986176 bytes, new threshold 1 (max 15)
 [PSYoungGen: 2773530K->18928K(2770816K)] 6430814K->3676739K(8363264K), 0.0517820 secs] [Times: user=0.30 sys=0.02, real=0.05 secs] 
2011-02-12T09:12:57.209+0000: 32066.529: [GC
Desired survivor size 23724032 bytes, new threshold 1 (max 15)
 [PSYoungGen: 2768240K->14080K(2772736K)] 6426051K->3672620K(8365184K), 0.0438670 secs] [Times: user=0.25 sys=0.01, real=0.04 secs] 
2011-02-12T09:13:04.440+0000: 32073.759: [GC
Desired survivor size 23855104 bytes, new threshold 1 (max 15)
 [PSYoungGen: 2763392K->4506K(2772736K)] 6421932K->3663430K(8365184K), 0.0321000 secs] [Times: user=0.17 sys=0.00, real=0.04 secs] 
2011-02-12T09:13:11.500+0000: 32080.820: [GC
Desired survivor size 23461888 bytes, new threshold 1 (max 15)
 [PSYoungGen: 2754074K->6240K(2772864K)] 6412998K->3665882K(8365312K), 0.0365220 secs] [Times: user=0.19 sys=0.03, real=0.04 secs] 
2011-02-12T09:13:17.441+0000: 32086.761: [GC
Desired survivor size 23068672 bytes, new threshold 1 (max 15)
 [PSYoungGen: 2755808K->12860K(2773632K)] 6415450K->3672950K(8366080K), 0.0445510 secs] [Times: user=0.24 sys=0.02, real=0.05 secs] 
2011-02-12T09:13:22.791+0000: 32092.111: [GC
Desired survivor size 22413312 bytes, new threshold 1 (max 15)
 [PSYoungGen: 2763580K->12384K(2773248K)] 6423670K->3672914K(8365696K), 0.0439100 secs] [Times: user=0.24 sys=0.02, real=0.05 secs] 
2011-02-12T09:13:29.498+0000: 32098.817: [GC
Desired survivor size 23396352 bytes, new threshold 1 (max 15)
 [PSYoungGen: 2763104K->16384K(2772352K)] 6423634K->3677370K(8364800K), 0.0434430 secs] [Times: user=0.26 sys=0.02, real=0.04 secs] 
2011-02-12T09:13:35.751+0000: 32105.070: [GC
Desired survivor size 22478848 bytes, new threshold 1 (max 15)
 [PSYoungGen: 2766848K->12224K(2773312K)] 6427834K->3673658K(8365760K), 0.0418960 secs] [Times: user=0.25 sys=0.01, real=0.04 secs] 
2011-02-12T09:13:42.210+0000: 32111.529: [GC
Desired survivor size 22216704 bytes, new threshold 1 (max 15)
 [PSYoungGen: 2762688K->6976K(2774464K)] 6424122K->3668850K(8366912K), 0.0352330 secs] [Times: user=0.20 sys=0.00, real=0.04 secs] 
2011-02-12T09:13:48.828+0000: 32118.148: [GC
Desired survivor size 23134208 bytes, new threshold 1 (max 15)
 [PSYoungGen: 2759488K->16307K(2768832K)] 6421362K->3678682K(8361280K), 0.0464020 secs] [Times: user=0.27 sys=0.02, real=0.04 secs] 
2011-02-12T09:13:55.082+0000: 32124.401: [GC
Desired survivor size 22806528 bytes, new threshold 1 (max 15)
 [PSYoungGen: 2768819K->7104K(2773888K)] 6431194K->3670090K(8366336K), 0.0388710 secs] [Times: user=0.19 sys=0.02, real=0.04 secs] 
2011-02-12T09:14:01.534+0000: 32130.854: [GC
Desired survivor size 22872064 bytes, new threshold 1 (max 15)
 [PSYoungGen: 2758400K->14434K(2773568K)] 6421386K->3677908K(8366016K), 0.0459930 secs] [Times: user=0.25 sys=0.01, real=0.05 secs] 
2011-02-12T09:14:07.641+0000: 32136.961: [GC
Desired survivor size 22740992 bytes, new threshold 1 (max 15)
 [PSYoungGen: 2765730K->5976K(2773952K)] 6429204K->3670040K(8366400K), 0.0367720 secs] [Times: user=0.19 sys=0.03, real=0.04 secs] 
2011-02-12T09:14:13.802+0000: 32143.122: [GC
Desired survivor size 21954560 bytes, new threshold 1 (max 15)
 [PSYoungGen: 2757592K->8928K(2773824K)] 6421656K->3673528K(8366272K), 0.0377400 secs] [Times: user=0.21 sys=0.02, real=0.04 secs] 
2011-02-12T09:14:20.525+0000: 32149.845: [GC
Desired survivor size 22020096 bytes, new threshold 1 (max 15)
 [PSYoungGen: 2760544K->13888K(2774592K)] 6425144K->3679004K(8367040K), 0.0436870 secs] [Times: user=0.24 sys=0.01, real=0.04 secs] 
2011-02-12T09:14:26.181+0000: 32155.501: [GC
Desired survivor size 21168128 bytes, new threshold 1 (max 15)
 [PSYoungGen: 2767040K->11488K(2774656K)] 6432156K->3677052K(8367104K), 0.0412020 secs] [Times: user=0.23 sys=0.01, real=0.04 secs] 
2011-02-12T09:14:32.835+0000: 32162.155: [GC
Desired survivor size 20250624 bytes, new threshold 1 (max 15)
 [PSYoungGen: 2764640K->10624K(2776384K)] 6430204K->3676568K(8368832K), 0.0398370 secs] [Times: user=0.22 sys=0.01, real=0.04 secs] 
2011-02-12T09:14:38.925+0000: 32168.245: [GC
Desired survivor size 19595264 bytes, new threshold 1 (max 15)
 [PSYoungGen: 2766336K->9568K(2775488K)] 6432280K->3676008K(8367936K), 0.0381880 secs] [Times: user=0.22 sys=0.02, real=0.04 secs] 
2011-02-12T09:14:45.354+0000: 32174.673: [GC
Desired survivor size 19529728 bytes, new threshold 1 (max 15)
 [PSYoungGen: 2765130K->12858K(2777088K)] 6431570K->3679778K(8369536K), 0.0428940 secs] [Times: user=0.25 sys=0.01, real=0.04 secs] 
2011-02-12T09:14:51.455+0000: 32180.774: [GC
Desired survivor size 19005440 bytes, new threshold 1 (max 15)
 [PSYoungGen: 2770810K->11824K(2777024K)] 6437730K->3679324K(8369472K), 0.0398760 secs] [Times: user=0.23 sys=0.02, real=0.04 secs] 
2011-02-12T09:14:58.006+0000: 32187.326: [GC
Desired survivor size 20578304 bytes, new threshold 1 (max 15)
 [PSYoungGen: 2769776K->17346K(2774528K)] 6437276K->3685510K(8366976K), 0.0472840 secs] [Times: user=0.28 sys=0.02, real=0.04 secs] 
2011-02-12T09:15:03.219+0000: 32192.539: [GC
Desired survivor size 19857408 bytes, new threshold 1 (max 15)
 [PSYoungGen: 2773314K->12186K(2776064K)] 6441478K->3681306K(8368512K), 0.0422570 secs] [Times: user=0.26 sys=0.02, real=0.04 secs] 
2011-02-12T09:15:09.086+0000: 32198.405: [GC
Desired survivor size 19791872 bytes, new threshold 1 (max 15)
 [PSYoungGen: 2768154K->8000K(2776832K)] 6437274K->3677766K(8369280K), 0.0379880 secs] [Times: user=0.22 sys=0.02, real=0.03 secs] 
2011-02-12T09:15:15.518+0000: 32204.838: [GC
Desired survivor size 19595264 bytes, new threshold 1 (max 15)
 [PSYoungGen: 2765440K->13144K(2776768K)] 6435206K->3683294K(8369216K), 0.0426230 secs] [Times: user=0.25 sys=0.02, real=0.04 secs] 
2011-02-12T09:15:21.048+0000: 32210.368: [GC
Desired survivor size 20709376 bytes, new threshold 1 (max 15)
 [PSYoungGen: 2770584K->16576K(2774848K)] 6440734K->3687158K(8367296K), 0.0464650 secs] [Times: user=0.29 sys=0.02, real=0.04 secs] 
2011-02-12T09:15:27.168+0000: 32216.488: [GC
Desired survivor size 19988480 bytes, new threshold 1 (max 15)
 [PSYoungGen: 2772288K->12320K(2775936K)] 6442870K->3683294K(8368384K), 0.0442240 secs] [Times: user=0.24 sys=0.01, real=0.04 secs] 
2011-02-12T09:15:33.319+0000: 32222.638: [GC
Desired survivor size 20512768 bytes, new threshold 1 (max 15)
 [PSYoungGen: 2768032K->4768K(2775616K)] 6439006K->3676150K(8368064K), 0.0343150 secs] [Times: user=0.19 sys=0.02, real=0.03 secs] 
2011-02-12T09:15:39.648+0000: 32228.968: [GC
Desired survivor size 19726336 bytes, new threshold 1 (max 15)
 [PSYoungGen: 2760864K->10816K(2776128K)] 6432246K->3682650K(8368576K), 0.0399570 secs] [Times: user=0.23 sys=0.02, real=0.04 secs] 
2011-02-12T09:15:45.844+0000: 32235.164: [GC
Desired survivor size 19660800 bytes, new threshold 1 (max 15)
 [PSYoungGen: 2766912K->13360K(2776960K)] 6438746K->3685661K(8369408K), 0.0427520 secs] [Times: user=0.25 sys=0.01, real=0.04 secs] 
2011-02-12T09:15:52.281+0000: 32241.600: [GC
Desired survivor size 20643840 bytes, new threshold 1 (max 15)
 [PSYoungGen: 2771056K->16208K(2773952K)] 6443357K->3689046K(8366400K), 0.0459230 secs] [Times: user=0.28 sys=0.02, real=0.05 secs] 
2011-02-12T09:15:58.920+0000: 32248.239: [GC
Desired survivor size 19988480 bytes, new threshold 1 (max 15)
 [PSYoungGen: 2773904K->11040K(2776640K)] 6446742K->3684594K(8369088K), 0.0408990 secs] [Times: user=0.23 sys=0.02, real=0.04 secs] 
2011-02-12T09:16:04.101+0000: 32253.421: [GC
Desired survivor size 22740992 bytes, new threshold 1 (max 15)
 [PSYoungGen: 2767520K->19514K(2776000K)] 6441074K->3694804K(8368448K), 0.0526380 secs] [Times: user=0.31 sys=0.02, real=0.06 secs] 
2011-02-12T09:16:09.888+0000: 32259.208: [GC
Desired survivor size 23396352 bytes, new threshold 1 (max 15)
 [PSYoungGen: 2775994K->17120K(2770624K)] 6451284K->3692974K(8363072K), 0.0474320 secs] [Times: user=0.29 sys=0.01, real=0.05 secs] 
2011-02-12T09:16:16.288+0000: 32265.607: [GC
Desired survivor size 23724032 bytes, new threshold 1 (max 15)
 [PSYoungGen: 2767584K->5824K(2756288K)] 6443438K->3682126K(8348736K), 0.0377610 secs] [Times: user=0.19 sys=0.02, real=0.04 secs] 
2011-02-12T09:16:22.761+0000: 32272.081: [GC
Desired survivor size 23461888 bytes, new threshold 1 (max 15)
 [PSYoungGen: 2756288K->14589K(2773248K)] 6432590K->3691257K(8365696K), 0.0448450 secs] [Times: user=0.26 sys=0.01, real=0.05 secs] 
2011-02-12T09:16:28.777+0000: 32278.097: [GC
Desired survivor size 24838144 bytes, new threshold 1 (max 15)
 [PSYoungGen: 2764669K->19248K(2769344K)] 6441337K->3696399K(8361792K), 0.0490040 secs] [Times: user=0.30 sys=0.02, real=0.05 secs] 
2011-02-12T09:16:34.930+0000: 32284.250: [GC
Desired survivor size 25231360 bytes, new threshold 1 (max 15)
 [PSYoungGen: 2769328K->4768K(2771136K)] 6446479K->3682479K(8363584K), 0.0340280 secs] [Times: user=0.19 sys=0.01, real=0.03 secs] 
2011-02-12T09:16:41.402+0000: 32290.722: [GC
Desired survivor size 24969216 bytes, new threshold 1 (max 15)
 [PSYoungGen: 2751648K->14992K(2771520K)] 6429359K->3693111K(8363968K), 0.0473480 secs] [Times: user=0.26 sys=0.02, real=0.05 secs] 
2011-02-12T09:16:47.924+0000: 32297.244: [GC
Desired survivor size 24576000 bytes, new threshold 1 (max 15)
 [PSYoungGen: 2761872K->8016K(2772160K)] 6439991K->3686652K(8364608K), 0.0387780 secs] [Times: user=0.22 sys=0.03, real=0.04 secs] 
2011-02-12T09:16:54.402+0000: 32303.722: [GC
Desired survivor size 24510464 bytes, new threshold 1 (max 15)
 [PSYoungGen: 2755792K->5880K(2771776K)] 6434428K->3685144K(8364224K), 0.0387760 secs] [Times: user=0.19 sys=0.03, real=0.04 secs] 
2011-02-12T09:17:00.730+0000: 32310.050: [GC
Desired survivor size 23330816 bytes, new threshold 1 (max 15)
 [PSYoungGen: 2753656K->11329K(2773376K)] 6432920K->3691162K(8365824K), 0.0411010 secs] [Times: user=0.23 sys=0.03, real=0.04 secs] 
2011-02-12T09:17:06.310+0000: 32315.630: [GC
Desired survivor size 23134208 bytes, new threshold 1 (max 15)
 [PSYoungGen: 2760769K->6200K(2772224K)] 6440602K->3686700K(8364672K), 0.0357070 secs] [Times: user=0.19 sys=0.02, real=0.03 secs] 
2011-02-12T09:17:12.880+0000: 32322.199: [GC
Desired survivor size 25165824 bytes, new threshold 1 (max 15)
 [PSYoungGen: 2755640K->19632K(2769600K)] 6436140K->3700644K(8362048K), 0.0503230 secs] [Times: user=0.31 sys=0.01, real=0.05 secs] 
2011-02-12T09:17:19.265+0000: 32328.584: [GC
Desired survivor size 25296896 bytes, new threshold 1 (max 15)
 [PSYoungGen: 2766640K->3896K(2750912K)] 6447652K->3685396K(8343360K), 0.0295820 secs] [Times: user=0.17 sys=0.02, real=0.03 secs] 
2011-02-12T09:17:25.252+0000: 32334.572: [GC
Desired survivor size 23986176 bytes, new threshold 1 (max 15)
 [PSYoungGen: 2750904K->10592K(2772736K)] 6432404K->3692524K(8365184K), 0.0368580 secs] [Times: user=0.21 sys=0.01, real=0.04 secs] 
2011-02-12T09:17:32.098+0000: 32341.418: [GC
Desired survivor size 23330816 bytes, new threshold 1 (max 15)
 [PSYoungGen: 2758624K->7680K(2771456K)] 6440556K->3690020K(8363904K), 0.0336880 secs] [Times: user=0.20 sys=0.00, real=0.03 secs] 
2011-02-12T09:17:38.611+0000: 32347.931: [GC
Desired survivor size 23199744 bytes, new threshold 1 (max 15)
 [PSYoungGen: 2755712K->13696K(2773504K)] 6438052K->3696540K(8365952K), 0.0433100 secs] [Times: user=0.26 sys=0.02, real=0.05 secs] 
2011-02-12T09:17:45.147+0000: 32354.467: [GC
Desired survivor size 22085632 bytes, new threshold 1 (max 15)
 [PSYoungGen: 2764416K->10608K(2773376K)] 6447260K->3693844K(8365824K), 0.0404250 secs] [Times: user=0.23 sys=0.02, real=0.04 secs] 
2011-02-12T09:17:51.534+0000: 32360.854: [GC
Desired survivor size 22020096 bytes, new threshold 1 (max 15)
 [PSYoungGen: 2761328K->13644K(2774656K)] 6444564K->3697416K(8367104K), 0.0442250 secs] [Times: user=0.27 sys=0.01, real=0.05 secs] 
2011-02-12T09:17:58.295+0000: 32367.615: [GC
Desired survivor size 21233664 bytes, new threshold 1 (max 15)
 [PSYoungGen: 2766732K->9696K(2774592K)] 6450504K->3694232K(8367040K), 0.0432450 secs] [Times: user=0.23 sys=0.03, real=0.05 secs] 
2011-02-12T09:18:04.446+0000: 32373.766: [GC
Desired survivor size 23527424 bytes, new threshold 1 (max 15)
 [PSYoungGen: 2762784K->19786K(2770944K)] 6447320K->3704742K(8363392K), 0.0515570 secs] [Times: user=0.28 sys=0.01, real=0.06 secs] 
2011-02-12T09:18:10.271+0000: 32379.590: [GC
Desired survivor size 23855104 bytes, new threshold 1 (max 15)
 [PSYoungGen: 2769994K->15808K(2766016K)] 6454950K->3701490K(8358464K), 0.0452280 secs] [Times: user=0.27 sys=0.02, real=0.04 secs] 
2011-02-12T09:18:17.278+0000: 32386.598: [GC
Desired survivor size 22806528 bytes, new threshold 1 (max 15)
 [PSYoungGen: 2766016K->12448K(2773888K)] 6451698K->3698538K(8366336K), 0.0423000 secs] [Times: user=0.25 sys=0.01, real=0.05 secs] 
2011-02-12T09:18:23.717+0000: 32393.037: [GC
Desired survivor size 22282240 bytes, new threshold 1 (max 15)
 [PSYoungGen: 2763040K->9408K(2772864K)] 6449130K->3696054K(8365312K), 0.0375750 secs] [Times: user=0.21 sys=0.02, real=0.04 secs] 
2011-02-12T09:18:29.741+0000: 32399.061: [GC
Desired survivor size 21823488 bytes, new threshold 1 (max 15)
 [PSYoungGen: 2759999K->9280K(2774848K)] 6446646K->3696339K(8367296K), 0.0387330 secs] [Times: user=0.22 sys=0.02, real=0.04 secs] 
2011-02-12T09:18:35.744+0000: 32405.064: [GC
Desired survivor size 21364736 bytes, new threshold 1 (max 15)
 [PSYoungGen: 2762368K->8672K(2774400K)] 6449427K->3696135K(8366848K), 0.0381640 secs] [Times: user=0.21 sys=0.02, real=0.04 secs] 
2011-02-12T09:18:41.560+0000: 32410.880: [GC
Desired survivor size 20840448 bytes, new threshold 1 (max 15)
 [PSYoungGen: 2761231K->9080K(2775808K)] 6448694K->3696891K(8368256K), 0.0383020 secs] [Times: user=0.20 sys=0.02, real=0.04 secs] 
2011-02-12T09:18:47.335+0000: 32416.655: [GC
Desired survivor size 20250624 bytes, new threshold 1 (max 15)
 [PSYoungGen: 2764024K->9152K(2775296K)] 6451835K->3697423K(8367744K), 0.0438110 secs] [Times: user=0.23 sys=0.03, real=0.04 secs] 
2011-02-12T09:18:53.272+0000: 32422.591: [GC
Desired survivor size 20316160 bytes, new threshold 1 (max 15)
 [PSYoungGen: 2764096K->5728K(2776256K)] 6452367K->3694707K(8368704K), 0.0336110 secs] [Times: user=0.18 sys=0.02, real=0.04 secs] 
2011-02-12T09:18:58.858+0000: 32428.177: [GC
Desired survivor size 22872064 bytes, new threshold 1 (max 15)
 [PSYoungGen: 2762208K->19808K(2776320K)] 6451187K->3709311K(8368768K), 0.0489130 secs] [Times: user=0.28 sys=0.02, real=0.05 secs] 
2011-02-12T09:19:04.604+0000: 32433.924: [GC
Desired survivor size 24182784 bytes, new threshold 1 (max 15)
 [PSYoungGen: 2776288K->17818K(2768768K)] 6465791K->3707657K(8361216K), 0.0498420 secs] [Times: user=0.29 sys=0.02, real=0.05 secs] 
2011-02-12T09:19:11.291+0000: 32440.610: [GC
Desired survivor size 23396352 bytes, new threshold 1 (max 15)
 [PSYoungGen: 2766746K->9952K(2772544K)] 6456585K->3700445K(8364992K), 0.0416910 secs] [Times: user=0.22 sys=0.03, real=0.04 secs] 
2011-02-12T09:19:18.088+0000: 32447.407: [GC
Desired survivor size 22413312 bytes, new threshold 1 (max 15)
 [PSYoungGen: 2758880K->10880K(2774272K)] 6449373K->3701813K(8366720K), 0.0390320 secs] [Times: user=0.22 sys=0.01, real=0.04 secs] 
2011-02-12T09:19:24.832+0000: 32454.151: [GC
Desired survivor size 22282240 bytes, new threshold 1 (max 15)
 [PSYoungGen: 2762304K->6624K(2773312K)] 6453237K->3698021K(8365760K), 0.0346810 secs] [Times: user=0.19 sys=0.01, real=0.04 secs] 
2011-02-12T09:19:31.567+0000: 32460.887: [GC
Desired survivor size 21692416 bytes, new threshold 1 (max 15)
 [PSYoungGen: 2758048K->12576K(2774976K)] 6449445K->3704357K(8367424K), 0.0440880 secs] [Times: user=0.26 sys=0.02, real=0.05 secs] 
2011-02-12T09:19:38.425+0000: 32467.744: [GC
Desired survivor size 23199744 bytes, new threshold 1 (max 15)
 [PSYoungGen: 2765792K->17920K(2771136K)] 6457573K->3710105K(8363584K), 0.0462050 secs] [Times: user=0.29 sys=0.00, real=0.05 secs] 
2011-02-12T09:19:44.530+0000: 32473.850: [GC
Desired survivor size 22740992 bytes, new threshold 1 (max 15)
 [PSYoungGen: 2771136K->8480K(2773952K)] 6463321K->3701113K(8366400K), 0.0348140 secs] [Times: user=0.20 sys=0.01, real=0.03 secs] 
2011-02-12T09:19:50.967+0000: 32480.287: [GC
Desired survivor size 22020096 bytes, new threshold 1 (max 15)
 [PSYoungGen: 2759776K->9456K(2773504K)] 6452409K->3702593K(8365952K), 0.0378620 secs] [Times: user=0.21 sys=0.01, real=0.04 secs] 
2011-02-12T09:19:57.023+0000: 32486.342: [GC
Desired survivor size 23134208 bytes, new threshold 1 (max 15)
 [PSYoungGen: 2760752K->17100K(2772480K)] 6453889K->3710825K(8364928K), 0.0473390 secs] [Times: user=0.27 sys=0.01, real=0.04 secs] 
2011-02-12T09:20:02.768+0000: 32492.088: [GC
Desired survivor size 24051712 bytes, new threshold 1 (max 15)
 [PSYoungGen: 2768076K->17338K(2768320K)] 6461801K->3711567K(8360768K), 0.0483780 secs] [Times: user=0.27 sys=0.01, real=0.05 secs] 
2011-02-12T09:20:08.242+0000: 32497.562: [GC
Desired survivor size 24182784 bytes, new threshold 1 (max 15)
 [PSYoungGen: 2768314K->5440K(2772416K)] 6462543K->3700367K(8364864K), 0.0377600 secs] [Times: user=0.18 sys=0.02, real=0.03 secs] 
2011-02-12T09:20:14.267+0000: 32503.586: [GC
Desired survivor size 23003136 bytes, new threshold 1 (max 15)
 [PSYoungGen: 2754368K->11808K(2772544K)] 6449295K->3707127K(8364992K), 0.0396790 secs] [Times: user=0.24 sys=0.01, real=0.04 secs] 
2011-02-12T09:20:20.352+0000: 32509.672: [GC
Desired survivor size 22806528 bytes, new threshold 1 (max 15)
 [PSYoungGen: 2760736K->14104K(2773888K)] 6456055K->3709840K(8366336K), 0.0443680 secs] [Times: user=0.24 sys=0.02, real=0.05 secs] 
2011-02-12T09:20:26.205+0000: 32515.524: [GC
Desired survivor size 22151168 bytes, new threshold 1 (max 15)
 [PSYoungGen: 2765528K->9536K(2773696K)] 6461264K->3705856K(8366144K), 0.0401390 secs] [Times: user=0.21 sys=0.01, real=0.04 secs] 
2011-02-12T09:20:32.496+0000: 32521.816: [GC
Desired survivor size 23724032 bytes, new threshold 1 (max 15)
 [PSYoungGen: 2760960K->18592K(2771456K)] 6457280K->3715396K(8363904K), 0.0479220 secs] [Times: user=0.29 sys=0.00, real=0.04 secs] 
2011-02-12T09:20:38.872+0000: 32528.192: [GC
Desired survivor size 23920640 bytes, new threshold 1 (max 15)
 [PSYoungGen: 2768416K->5109K(2754944K)] 6465220K->3702273K(8347392K), 0.0338540 secs] [Times: user=0.18 sys=0.01, real=0.04 secs] 
2011-02-12T09:20:45.508+0000: 32534.828: [GC
Desired survivor size 24117248 bytes, new threshold 1 (max 15)
 [PSYoungGen: 2754933K->3824K(2772416K)] 6452097K->3701332K(8364864K), 0.0323440 secs] [Times: user=0.17 sys=0.03, real=0.03 secs] 
2011-02-12T09:20:51.450+0000: 32540.770: [GC
Desired survivor size 23724032 bytes, new threshold 1 (max 15)
 [PSYoungGen: 2752880K->6016K(2772608K)] 6450388K->3703996K(8365056K), 0.0345650 secs] [Times: user=0.19 sys=0.02, real=0.03 secs] 
2011-02-12T09:20:58.344+0000: 32547.664: [GC
Desired survivor size 23527424 bytes, new threshold 1 (max 15)
 [PSYoungGen: 2755072K->3840K(2773184K)] 6453052K->3702408K(8365632K), 0.0311540 secs] [Times: user=0.17 sys=0.01, real=0.03 secs] 
2011-02-12T09:21:03.988+0000: 32553.308: [GC
Desired survivor size 26279936 bytes, new threshold 1 (max 15)
 [PSYoungGen: 2753856K->20536K(2770560K)] 6452424K->3719572K(8363008K), 0.0551480 secs] [Times: user=0.30 sys=0.03, real=0.06 secs] 
2011-02-12T09:21:10.536+0000: 32559.856: [GC
Desired survivor size 24903680 bytes, new threshold 1 (max 15)
 [PSYoungGen: 2770552K->10088K(2771840K)] 6469588K->3709727K(8364288K), 0.0429520 secs] [Times: user=0.23 sys=0.03, real=0.04 secs] 
2011-02-12T09:21:16.764+0000: 32566.084: [GC
Desired survivor size 24707072 bytes, new threshold 1 (max 15)
 [PSYoungGen: 2756328K->13904K(2770560K)] 6455967K->3714014K(8363008K), 0.0435690 secs] [Times: user=0.25 sys=0.01, real=0.04 secs] 
2011-02-12T09:21:23.490+0000: 32572.809: [GC
Desired survivor size 23527424 bytes, new threshold 1 (max 15)
 [PSYoungGen: 2760144K->10304K(2773184K)] 6460254K->3710942K(8365632K), 0.0434540 secs] [Times: user=0.24 sys=0.03, real=0.05 secs] 
2011-02-12T09:21:30.242+0000: 32579.561: [GC
Desired survivor size 22347776 bytes, new threshold 1 (max 15)
 [PSYoungGen: 2759360K->10560K(2772032K)] 6459998K->3711670K(8364480K), 0.0391460 secs] [Times: user=0.23 sys=0.01, real=0.04 secs] 
2011-02-12T09:21:36.985+0000: 32586.304: [GC
Desired survivor size 22216704 bytes, new threshold 1 (max 15)
 [PSYoungGen: 2759616K->13504K(2774464K)] 6460726K->3715070K(8366912K), 0.0466870 secs] [Times: user=0.26 sys=0.03, real=0.04 secs] 
2011-02-12T09:21:43.693+0000: 32593.013: [GC
Desired survivor size 21626880 bytes, new threshold 1 (max 15)
 [PSYoungGen: 2766144K->12560K(2774336K)] 6467710K->3714594K(8366784K), 0.0426910 secs] [Times: user=0.25 sys=0.01, real=0.05 secs] 
2011-02-12T09:21:50.496+0000: 32599.816: [GC
Desired survivor size 21233664 bytes, new threshold 1 (max 15)
 [PSYoungGen: 2765200K->7888K(2775424K)] 6467234K->3710510K(8367872K), 0.0431190 secs] [Times: user=0.19 sys=0.01, real=0.04 secs] 
2011-02-12T09:21:57.142+0000: 32606.461: [GC
Desired survivor size 21561344 bytes, new threshold 1 (max 15)
 [PSYoungGen: 2762192K->3696K(2775040K)] 6464814K->3706998K(8367488K), 0.0314260 secs] [Times: user=0.17 sys=0.01, real=0.03 secs] 
2011-02-12T09:22:03.414+0000: 32612.734: [GC
Desired survivor size 20643840 bytes, new threshold 1 (max 15)
 [PSYoungGen: 2758000K->9018K(2776000K)] 6461302K->3712880K(8368448K), 0.0388170 secs] [Times: user=0.21 sys=0.02, real=0.04 secs] 
2011-02-12T09:22:09.506+0000: 32618.825: [GC
Desired survivor size 19726336 bytes, new threshold 1 (max 15)
 [PSYoungGen: 2763962K->9664K(2775104K)] 6467824K->3714196K(8367552K), 0.0417070 secs] [Times: user=0.20 sys=0.01, real=0.05 secs] 
2011-02-12T09:22:16.162+0000: 32625.482: [GC
Desired survivor size 19529728 bytes, new threshold 1 (max 15)
 [PSYoungGen: 2764608K->6032K(2777088K)] 6469140K->3711108K(8369536K), 0.0391240 secs] [Times: user=0.18 sys=0.02, real=0.04 secs] 
2011-02-12T09:22:22.353+0000: 32631.673: [GC
Desired survivor size 18612224 bytes, new threshold 1 (max 15)
 [PSYoungGen: 2763856K->9452K(2776896K)] 6468932K->3715044K(8369344K), 0.0420020 secs] [Times: user=0.21 sys=0.01, real=0.04 secs] 
2011-02-12T09:22:28.901+0000: 32638.221: [GC
Desired survivor size 19005440 bytes, new threshold 1 (max 15)
 [PSYoungGen: 2767276K->2208K(2777216K)] 6472868K->3708276K(8369664K), 0.0309210 secs] [Times: user=0.16 sys=0.00, real=0.03 secs] 
2011-02-12T09:22:35.398+0000: 32644.717: [GC
Desired survivor size 20709376 bytes, new threshold 1 (max 15)
 [PSYoungGen: 2761248K->16000K(2775040K)] 6467316K->3722540K(8367488K), 0.0471750 secs] [Times: user=0.25 sys=0.02, real=0.05 secs] 
2011-02-12T09:22:41.260+0000: 32650.579: [GC
Desired survivor size 21495808 bytes, new threshold 1 (max 15)
 [PSYoungGen: 2775040K->14467K(2774400K)] 6481580K->3721396K(8366848K), 0.0449040 secs] [Times: user=0.26 sys=0.02, real=0.05 secs] 
2011-02-12T09:22:48.504+0000: 32657.824: [GC
Desired survivor size 22806528 bytes, new threshold 1 (max 15)
 [PSYoungGen: 2768643K->16608K(2770816K)] 6475572K->3724052K(8363264K), 0.0455840 secs] [Times: user=0.28 sys=0.02, real=0.04 secs] 
2011-02-12T09:22:54.773+0000: 32664.092: [GC
Desired survivor size 22216704 bytes, new threshold 1 (max 15)
 [PSYoungGen: 2770784K->7616K(2774464K)] 6478228K->3715792K(8366912K), 0.0378040 secs] [Times: user=0.20 sys=0.02, real=0.03 secs] 
2011-02-12T09:23:00.919+0000: 32670.239: [GC
Desired survivor size 22740992 bytes, new threshold 1 (max 15)
 [PSYoungGen: 2759808K->14913K(2773888K)] 6467984K->3723649K(8366336K), 0.0475890 secs] [Times: user=0.26 sys=0.01, real=0.05 secs] 
2011-02-12T09:23:07.018+0000: 32676.338: [GC
Desired survivor size 21692416 bytes, new threshold 1 (max 15)
 [PSYoungGen: 2767105K->11224K(2774976K)] 6475841K->3720599K(8367424K), 0.0438310 secs] [Times: user=0.22 sys=0.01, real=0.04 secs] 
2011-02-12T09:23:12.921+0000: 32682.241: [GC
Desired survivor size 21561344 bytes, new threshold 1 (max 15)
 [PSYoungGen: 2763992K->13312K(2773952K)] 6473367K->3723171K(8366400K), 0.0428490 secs] [Times: user=0.25 sys=0.02, real=0.04 secs] 
2011-02-12T09:23:19.303+0000: 32688.623: [GC
Desired survivor size 21364736 bytes, new threshold 1 (max 15)
 [PSYoungGen: 2766080K->6576K(2775296K)] 6475939K->3716795K(8367744K), 0.0397190 secs] [Times: user=0.21 sys=0.03, real=0.04 secs] 
2011-02-12T09:23:25.609+0000: 32694.928: [GC
Desired survivor size 21889024 bytes, new threshold 1 (max 15)
 [PSYoungGen: 2760816K->14944K(2769216K)] 6471035K->3725703K(8361664K), 0.0447300 secs] [Times: user=0.26 sys=0.02, real=0.04 secs] 
2011-02-12T09:23:32.172+0000: 32701.492: [GC
Desired survivor size 21692416 bytes, new threshold 1 (max 15)
 [PSYoungGen: 2769184K->6560K(2774976K)] 6479943K->3717767K(8367424K), 0.0359630 secs] [Times: user=0.18 sys=0.01, real=0.04 secs] 
2011-02-12T09:23:38.266+0000: 32707.585: [GC
Desired survivor size 20971520 bytes, new threshold 1 (max 15)
 [PSYoungGen: 2760160K->8576K(2774784K)] 6471367K->3720231K(8367232K), 0.0376990 secs] [Times: user=0.23 sys=0.01, real=0.04 secs] 
2011-02-12T09:23:45.078+0000: 32714.398: [GC
Desired survivor size 20447232 bytes, new threshold 1 (max 15)
 [PSYoungGen: 2762094K->7589K(2776192K)] 6473749K->3719704K(8368640K), 0.0368230 secs] [Times: user=0.20 sys=0.01, real=0.04 secs] 
2011-02-12T09:23:52.277+0000: 32721.597: [GC
Desired survivor size 19595264 bytes, new threshold 1 (max 15)
 [PSYoungGen: 2763301K->9184K(2775680K)] 6475416K->3721783K(8368128K), 0.0402020 secs] [Times: user=0.20 sys=0.02, real=0.04 secs] 
2011-02-12T09:23:58.546+0000: 32727.866: [GC
Desired survivor size 19267584 bytes, new threshold 1 (max 15)
 [PSYoungGen: 2764896K->6944K(2777344K)] 6477495K->3720235K(8369792K), 0.0356750 secs] [Times: user=0.20 sys=0.02, real=0.04 secs] 
2011-02-12T09:24:05.261+0000: 32734.581: [GC
Desired survivor size 19333120 bytes, new threshold 1 (max 15)
 [PSYoungGen: 2765152K->3770K(2777024K)] 6478443K->3717475K(8369472K), 0.0318930 secs] [Times: user=0.18 sys=0.02, real=0.03 secs] 
2011-02-12T09:24:11.359+0000: 32740.678: [GC
Desired survivor size 19070976 bytes, new threshold 1 (max 15)
 [PSYoungGen: 2761978K->4992K(2777536K)] 6475683K->3719416K(8369984K), 0.0343450 secs] [Times: user=0.19 sys=0.02, real=0.04 secs] 
2011-02-12T09:24:18.277+0000: 32747.597: [GC
Desired survivor size 18415616 bytes, new threshold 1 (max 15)
 [PSYoungGen: 2763648K->6816K(2777280K)] 6478072K->3721668K(8369728K), 0.0364700 secs] [Times: user=0.18 sys=0.01, real=0.04 secs] 
2011-02-12T09:24:25.344+0000: 32754.664: [GC
Desired survivor size 18087936 bytes, new threshold 1 (max 15)
 [PSYoungGen: 2765472K->5056K(2778496K)] 6480324K->3720332K(8370944K), 0.0332890 secs] [Times: user=0.17 sys=0.02, real=0.03 secs] 
2011-02-12T09:24:31.767+0000: 32761.087: [GC
Desired survivor size 21495808 bytes, new threshold 1 (max 15)
 [PSYoungGen: 2765568K->17664K(2778176K)] 6480844K->3735140K(8370624K), 0.0503380 secs] [Times: user=0.31 sys=0.02, real=0.05 secs] 
2011-02-12T09:24:38.490+0000: 32767.810: [GC
Desired survivor size 21561344 bytes, new threshold 1 (max 15)
 [PSYoungGen: 2778176K->12608K(2772032K)] 6495652K->3730588K(8364480K), 0.0422440 secs] [Times: user=0.25 sys=0.02, real=0.04 secs] 
2011-02-12T09:24:45.002+0000: 32774.322: [GC
Desired survivor size 20447232 bytes, new threshold 1 (max 15)
 [PSYoungGen: 2766656K->9472K(2775104K)] 6484636K->3727844K(8367552K), 0.0388680 secs] [Times: user=0.22 sys=0.02, real=0.04 secs] 
2011-02-12T09:24:51.779+0000: 32781.099: [GC
Desired survivor size 19791872 bytes, new threshold 1 (max 15)
 [PSYoungGen: 2763520K->7184K(2776832K)] 6481892K->3726156K(8369280K), 0.0374060 secs] [Times: user=0.21 sys=0.01, real=0.04 secs] 
2011-02-12T09:24:58.057+0000: 32787.376: [GC
Desired survivor size 19988480 bytes, new threshold 1 (max 15)
 [PSYoungGen: 2764048K->12528K(2776192K)] 6483020K->3732132K(8368640K), 0.0419950 secs] [Times: user=0.25 sys=0.02, real=0.05 secs] 
2011-02-12T09:25:04.075+0000: 32793.395: [GC
Desired survivor size 22282240 bytes, new threshold 1 (max 15)
 [PSYoungGen: 2769392K->18394K(2772160K)] 6488996K->3738514K(8364608K), 0.0501690 secs] [Times: user=0.29 sys=0.02, real=0.05 secs] 
2011-02-12T09:25:10.040+0000: 32799.359: [GC
Desired survivor size 23527424 bytes, new threshold 1 (max 15)
 [PSYoungGen: 2771034K->16992K(2769664K)] 6491154K->3737846K(8362112K), 0.0480800 secs] [Times: user=0.29 sys=0.02, real=0.04 secs] 
2011-02-12T09:25:16.511+0000: 32805.831: [GC
Desired survivor size 22413312 bytes, new threshold 1 (max 15)
 [PSYoungGen: 2769632K->11019K(2774272K)] 6490486K->3732321K(8366720K), 0.0431380 secs] [Times: user=0.23 sys=0.02, real=0.04 secs] 
2011-02-12T09:25:22.458+0000: 32811.778: [GC
Desired survivor size 21889024 bytes, new threshold 1 (max 15)
 [PSYoungGen: 2762315K->7712K(2773184K)] 6483617K->3729514K(8365632K), 0.0377430 secs] [Times: user=0.21 sys=0.00, real=0.04 secs] 
2011-02-12T09:25:28.102+0000: 32817.422: [GC
Desired survivor size 21037056 bytes, new threshold 1 (max 15)
 [PSYoungGen: 2759008K->9696K(2775616K)] 6480810K->3731914K(8368064K), 0.0405450 secs] [Times: user=0.22 sys=0.01, real=0.04 secs] 
2011-02-12T09:25:33.245+0000: 32822.565: [GC
Desired survivor size 21168128 bytes, new threshold 1 (max 15)
 [PSYoungGen: 2763936K->13760K(2774784K)] 6486154K->3736386K(8367232K), 0.0451710 secs] [Times: user=0.26 sys=0.02, real=0.04 secs] 
2011-02-12T09:25:39.486+0000: 32828.806: [GC
Desired survivor size 24248320 bytes, new threshold 1 (max 15)
 [PSYoungGen: 2768000K->20651K(2769472K)] 6490626K->3744421K(8361920K), 0.0529770 secs] [Times: user=0.33 sys=0.04, real=0.05 secs] 
2011-02-12T09:25:45.987+0000: 32835.306: [GC
Desired survivor size 23789568 bytes, new threshold 1 (max 15)
 [PSYoungGen: 2769451K->8176K(2772480K)] 6493221K->3732302K(8364928K), 0.0393770 secs] [Times: user=0.20 sys=0.02, real=0.04 secs] 
2011-02-12T09:25:51.997+0000: 32841.317: [GC
Desired survivor size 23003136 bytes, new threshold 1 (max 15)
 [PSYoungGen: 2756976K->9408K(2773696K)] 6481102K->3734022K(8366144K), 0.0372680 secs] [Times: user=0.22 sys=0.01, real=0.04 secs] 
2011-02-12T09:25:58.206+0000: 32847.526: [GC
Desired survivor size 23396352 bytes, new threshold 1 (max 15)
 [PSYoungGen: 2759872K->15456K(2772928K)] 6484486K->3740714K(8365376K), 0.0461260 secs] [Times: user=0.28 sys=0.02, real=0.04 secs] 
2011-02-12T09:26:03.688+0000: 32853.008: [GC
Desired survivor size 22544384 bytes, new threshold 1 (max 15)
 [PSYoungGen: 2765920K->10458K(2774144K)] 6491178K->3736236K(8366592K), 0.0394350 secs] [Times: user=0.23 sys=0.01, real=0.04 secs] 
2011-02-12T09:26:09.683+0000: 32859.002: [GC
Desired survivor size 21889024 bytes, new threshold 1 (max 15)
 [PSYoungGen: 2761754K->9408K(2773312K)] 6487532K->3735816K(8365760K), 0.0405120 secs] [Times: user=0.23 sys=0.02, real=0.04 secs] 
2011-02-12T09:26:15.902+0000: 32865.222: [GC
Desired survivor size 21364736 bytes, new threshold 1 (max 15)
 [PSYoungGen: 2760704K->12736K(2775296K)] 6487112K->3739584K(8367744K), 0.0438690 secs] [Times: user=0.25 sys=0.01, real=0.04 secs] 
2011-02-12T09:26:22.247+0000: 32871.566: [GC
Desired survivor size 20447232 bytes, new threshold 1 (max 15)
 [PSYoungGen: 2766656K->11232K(2774784K)] 6493504K->3738504K(8367232K), 0.0442470 secs] [Times: user=0.23 sys=0.02, real=0.05 secs] 
2011-02-12T09:26:28.745+0000: 32878.064: [GC
Desired survivor size 21102592 bytes, new threshold 1 (max 15)
 [PSYoungGen: 2765152K->15584K(2774912K)] 6492424K->3743296K(8367360K), 0.0443650 secs] [Times: user=0.28 sys=0.02, real=0.05 secs] 
2011-02-12T09:26:35.002+0000: 32884.321: [GC
Desired survivor size 21299200 bytes, new threshold 1 (max 15)
 [PSYoungGen: 2770528K->14752K(2769728K)] 6498240K->3742912K(8362176K), 0.0450440 secs] [Times: user=0.25 sys=0.01, real=0.04 secs] 
2011-02-12T09:26:40.750+0000: 32890.070: [GC
Desired survivor size 21626880 bytes, new threshold 1 (max 15)
 [PSYoungGen: 2769696K->5472K(2774720K)] 6497856K->3734112K(8367168K), 0.0375520 secs] [Times: user=0.18 sys=0.02, real=0.03 secs] 
2011-02-12T09:26:47.064+0000: 32896.384: [GC
Desired survivor size 21233664 bytes, new threshold 1 (max 15)
 [PSYoungGen: 2759392K->8272K(2775040K)] 6488032K->3737328K(8367488K), 0.0383340 secs] [Times: user=0.20 sys=0.01, real=0.04 secs] 
2011-02-12T09:26:53.325+0000: 32902.645: [GC
Desired survivor size 21299200 bytes, new threshold 1 (max 15)
 [PSYoungGen: 2762192K->14032K(2775296K)] 6491248K->3743593K(8367744K), 0.0459060 secs] [Times: user=0.27 sys=0.01, real=0.05 secs] 
2011-02-12T09:26:59.374+0000: 32908.694: [GC
Desired survivor size 21889024 bytes, new threshold 1 (max 15)
 [PSYoungGen: 2768592K->15660K(2770240K)] 6498153K->3745893K(8362688K), 0.0466070 secs] [Times: user=0.29 sys=0.02, real=0.04 secs] 
2011-02-12T09:27:04.955+0000: 32914.275: [GC
Desired survivor size 22544384 bytes, new threshold 1 (max 15)
 [PSYoungGen: 2770220K->16170K(2773504K)] 6500453K->3746895K(8365952K), 0.0465220 secs] [Times: user=0.27 sys=0.03, real=0.04 secs] 
2011-02-12T09:27:11.081+0000: 32920.400: [GC
Desired survivor size 22413312 bytes, new threshold 1 (max 15)
 [PSYoungGen: 2768298K->14560K(2774144K)] 6499023K->3746043K(8366592K), 0.0449130 secs] [Times: user=0.26 sys=0.01, real=0.05 secs] 
2011-02-12T09:27:17.517+0000: 32926.837: [GC
Desired survivor size 21954560 bytes, new threshold 1 (max 15)
 [PSYoungGen: 2766688K->9599K(2774720K)] 6498171K->3741499K(8367168K), 0.0422130 secs] [Times: user=0.21 sys=0.03, real=0.04 secs] 
2011-02-12T09:27:23.373+0000: 32932.692: [GC
Desired survivor size 21954560 bytes, new threshold 1 (max 15)
 [PSYoungGen: 2762431K->6816K(2774272K)] 6494331K->3739115K(8366720K), 0.0367270 secs] [Times: user=0.19 sys=0.02, real=0.04 secs] 
2011-02-12T09:27:29.713+0000: 32939.032: [GC
Desired survivor size 23855104 bytes, new threshold 1 (max 15)
 [PSYoungGen: 2759648K->19296K(2771008K)] 6491947K->3751963K(8363456K), 0.0482020 secs] [Times: user=0.29 sys=0.01, real=0.05 secs] 
2011-02-12T09:27:36.474+0000: 32945.794: [GC
Desired survivor size 23330816 bytes, new threshold 1 (max 15)
 [PSYoungGen: 2768864K->9216K(2772864K)] 6501531K->3742307K(8365312K), 0.0387840 secs] [Times: user=0.22 sys=0.01, real=0.04 secs] 
2011-02-12T09:27:42.437+0000: 32951.757: [GC
Desired survivor size 24510464 bytes, new threshold 1 (max 15)
 [PSYoungGen: 2758784K->18176K(2771072K)] 6491875K->3751723K(8363520K), 0.0492710 secs] [Times: user=0.30 sys=0.02, real=0.05 secs] 
2011-02-12T09:27:49.168+0000: 32958.487: [GC
Desired survivor size 24707072 bytes, new threshold 1 (max 15)
 [PSYoungGen: 2766464K->16232K(2764544K)] 6500011K->3750152K(8356992K), 0.0452020 secs] [Times: user=0.28 sys=0.02, real=0.05 secs] 
2011-02-12T09:27:55.253+0000: 32964.573: [GC
Desired survivor size 24969216 bytes, new threshold 1 (max 15)
 [PSYoungGen: 2764520K->5008K(2771520K)] 6498440K->3739616K(8363968K), 0.0368340 secs] [Times: user=0.18 sys=0.02, real=0.04 secs] 
2011-02-12T09:28:01.690+0000: 32971.010: [GC
Desired survivor size 25362432 bytes, new threshold 1 (max 15)
 [PSYoungGen: 2752400K->16506K(2763904K)] 6487008K->3751554K(8356352K), 0.0459520 secs] [Times: user=0.28 sys=0.02, real=0.04 secs] 
2011-02-12T09:28:07.116+0000: 32976.436: [GC
Desired survivor size 24641536 bytes, new threshold 1 (max 15)
 [PSYoungGen: 2763898K->9692K(2772096K)] 6498946K->3745579K(8364544K), 0.0405700 secs] [Times: user=0.22 sys=0.02, real=0.04 secs] 
2011-02-12T09:28:13.446+0000: 32982.765: [GC
Desired survivor size 23658496 bytes, new threshold 1 (max 15)
 [PSYoungGen: 2757020K->11072K(2771392K)] 6492907K->3747471K(8363840K), 0.0436670 secs] [Times: user=0.24 sys=0.02, real=0.04 secs] 
2011-02-12T09:28:19.449+0000: 32988.769: [GC
Desired survivor size 23658496 bytes, new threshold 1 (max 15)
 [PSYoungGen: 2758400K->15136K(2773056K)] 6494799K->3751987K(8365504K), 0.0467470 secs] [Times: user=0.27 sys=0.03, real=0.05 secs] 
2011-02-12T09:28:26.646+0000: 32995.965: [GC
Desired survivor size 24248320 bytes, new threshold 1 (max 15)
 [PSYoungGen: 2765088K->3008K(2752960K)] 6501939K->3740255K(8345408K), 0.0297330 secs] [Times: user=0.17 sys=0.02, real=0.03 secs] 
2011-02-12T09:28:32.648+0000: 33001.967: [GC
Desired survivor size 24313856 bytes, new threshold 1 (max 15)
 [PSYoungGen: 2752960K->4088K(2772352K)] 6490207K->3741807K(8364800K), 0.0307890 secs] [Times: user=0.19 sys=0.01, real=0.03 secs] 
2011-02-12T09:28:39.294+0000: 33008.613: [GC
Desired survivor size 24313856 bytes, new threshold 1 (max 15)
 [PSYoungGen: 2752760K->3392K(2772416K)] 6490479K->3741523K(8364864K), 0.0307990 secs] [Times: user=0.19 sys=0.01, real=0.03 secs] 
2011-02-12T09:28:45.398+0000: 33014.718: [GC
Desired survivor size 23527424 bytes, new threshold 1 (max 15)
 [PSYoungGen: 2752064K->6672K(2773184K)] 6490195K->3745275K(8365632K), 0.0365160 secs] [Times: user=0.20 sys=0.02, real=0.04 secs] 
2011-02-12T09:28:52.163+0000: 33021.482: [GC
Desired survivor size 22544384 bytes, new threshold 1 (max 15)
 [PSYoungGen: 2756112K->7568K(2772416K)] 6494715K->3746691K(8364864K), 0.0357170 secs] [Times: user=0.20 sys=0.01, real=0.04 secs] 
2011-02-12T09:28:58.624+0000: 33027.944: [GC
Desired survivor size 22937600 bytes, new threshold 1 (max 15)
 [PSYoungGen: 2757008K->14000K(2773376K)] 6496131K->3753707K(8365824K), 0.0443470 secs] [Times: user=0.26 sys=0.02, real=0.05 secs] 
2011-02-12T09:29:04.848+0000: 33034.168: [GC
Desired survivor size 22740992 bytes, new threshold 1 (max 15)
 [PSYoungGen: 2765360K->12698K(2773760K)] 6505067K->3752929K(8366208K), 0.0422010 secs] [Times: user=0.25 sys=0.01, real=0.04 secs] 
2011-02-12T09:29:11.575+0000: 33040.895: [GC
Desired survivor size 21889024 bytes, new threshold 1 (max 15)
 [PSYoungGen: 2764058K->8064K(2774784K)] 6504289K->3749277K(8367232K), 0.0388050 secs] [Times: user=0.21 sys=0.02, real=0.04 secs] 
2011-02-12T09:29:17.876+0000: 33047.196: [GC
Desired survivor size 21102592 bytes, new threshold 1 (max 15)
 [PSYoungGen: 2760640K->7984K(2773952K)] 6501853K->3749677K(8366400K), 0.0382290 secs] [Times: user=0.21 sys=0.01, real=0.04 secs] 
2011-02-12T09:29:23.968+0000: 33053.288: [GC
Desired survivor size 22937600 bytes, new threshold 1 (max 15)
 [PSYoungGen: 2760560K->17648K(2771968K)] 6502253K->3759977K(8364416K), 0.0496950 secs] [Times: user=0.29 sys=0.01, real=0.05 secs] 
2011-02-12T09:29:30.749+0000: 33060.069: [GC
Desired survivor size 24641536 bytes, new threshold 1 (max 15)
 [PSYoungGen: 2769008K->18208K(2769600K)] 6511337K->3760969K(8362048K), 0.0485170 secs] [Times: user=0.29 sys=0.01, real=0.05 secs] 
2011-02-12T09:29:36.560+0000: 33065.880: [GC
Desired survivor size 23855104 bytes, new threshold 1 (max 15)
 [PSYoungGen: 2769568K->8448K(2772864K)] 6512329K->3751681K(8365312K), 0.0383720 secs] [Times: user=0.21 sys=0.02, real=0.04 secs] 
2011-02-12T09:29:43.274+0000: 33072.594: [GC
Desired survivor size 23461888 bytes, new threshold 1 (max 15)
 [PSYoungGen: 2757248K->13440K(2772096K)] 6500481K->3757041K(8364544K), 0.0451780 secs] [Times: user=0.24 sys=0.01, real=0.04 secs] 
2011-02-12T09:29:49.144+0000: 33078.464: [GC
Desired survivor size 22740992 bytes, new threshold 1 (max 15)
 [PSYoungGen: 2762240K->8624K(2773952K)] 6505841K->3752761K(8366400K), 0.0426360 secs] [Times: user=0.21 sys=0.02, real=0.04 secs] 
2011-02-12T09:29:54.121+0000: 33083.441: [GC
Desired survivor size 21889024 bytes, new threshold 1 (max 15)
 [PSYoungGen: 2759664K->11680K(2773248K)] 6503801K->3756394K(8365696K), 0.0401250 secs] [Times: user=0.24 sys=0.01, real=0.04 secs] 
2011-02-12T09:29:58.426+0000: 33087.746: [GC
Desired survivor size 23855104 bytes, new threshold 1 (max 15)
 [PSYoungGen: 2762720K->19168K(2770944K)] 6507434K->3764378K(8363392K), 0.0485230 secs] [Times: user=0.32 sys=0.01, real=0.05 secs] 
2011-02-12T09:30:03.382+0000: 33092.702: [GC
Desired survivor size 25493504 bytes, new threshold 1 (max 15)
 [PSYoungGen: 2768736K->19194K(2768768K)] 6513946K->3764764K(8361216K), 0.0494590 secs] [Times: user=0.30 sys=0.02, real=0.05 secs] 
2011-02-12T09:30:08.445+0000: 33097.764: [GC
Desired survivor size 27066368 bytes, new threshold 1 (max 15)
 [PSYoungGen: 2768762K->20192K(2768192K)] 6514332K->3766296K(8360640K), 0.0509720 secs] [Times: user=0.32 sys=0.02, real=0.06 secs] 
2011-02-12T09:30:14.874+0000: 33104.194: [GC
Desired survivor size 27000832 bytes, new threshold 1 (max 15)
 [PSYoungGen: 2763488K->6304K(2769728K)] 6509592K->3752756K(8362176K), 0.0382120 secs] [Times: user=0.18 sys=0.02, real=0.04 secs] 
2011-02-12T09:30:20.898+0000: 33110.218: [GC
Desired survivor size 26476544 bytes, new threshold 1 (max 15)
 [PSYoungGen: 2749600K->7456K(2770304K)] 6496052K->3754412K(8362752K), 0.0379640 secs] [Times: user=0.21 sys=0.02, real=0.03 secs] 
2011-02-12T09:30:27.302+0000: 33116.622: [GC
Desired survivor size 27000832 bytes, new threshold 1 (max 15)
 [PSYoungGen: 2751392K->17127K(2769792K)] 6498348K->3764504K(8362240K), 0.0475820 secs] [Times: user=0.29 sys=0.01, real=0.05 secs] 
2011-02-12T09:30:33.738+0000: 33123.057: [GC
Desired survivor size 26804224 bytes, new threshold 1 (max 15)
 [PSYoungGen: 2761063K->5648K(2769984K)] 6508440K->3753458K(8362432K), 0.0346970 secs] [Times: user=0.18 sys=0.01, real=0.04 secs] 
2011-02-12T09:30:39.709+0000: 33129.029: [GC
Desired survivor size 26345472 bytes, new threshold 1 (max 15)
 [PSYoungGen: 2749264K->14624K(2769792K)] 6497074K->3762978K(8362240K), 0.0458190 secs] [Times: user=0.25 sys=0.02, real=0.04 secs] 
2011-02-12T09:30:45.484+0000: 33134.803: [GC
Desired survivor size 25559040 bytes, new threshold 1 (max 15)
 [PSYoungGen: 2758240K->8880K(2771200K)] 6506594K->3757674K(8363648K), 0.0392240 secs] [Times: user=0.22 sys=0.01, real=0.04 secs] 
2011-02-12T09:30:51.335+0000: 33140.654: [GC
Desired survivor size 25165824 bytes, new threshold 1 (max 15)
 [PSYoungGen: 2754352K->6384K(2770432K)] 6503146K->3755738K(8362880K), 0.0383640 secs] [Times: user=0.20 sys=0.01, real=0.04 secs] 
2011-02-12T09:30:57.246+0000: 33146.566: [GC
Desired survivor size 24969216 bytes, new threshold 1 (max 15)
 [PSYoungGen: 2751856K->4960K(2771776K)] 6501210K->3754908K(8364224K), 0.0346490 secs] [Times: user=0.17 sys=0.02, real=0.04 secs] 
2011-02-12T09:31:02.711+0000: 33152.030: [GC
Desired survivor size 24182784 bytes, new threshold 1 (max 15)
 [PSYoungGen: 2752160K->12434K(2771584K)] 6502108K->3762887K(8364032K), 0.0420180 secs] [Times: user=0.24 sys=0.02, real=0.05 secs] 
2011-02-12T09:31:08.345+0000: 33157.665: [GC
Desired survivor size 23396352 bytes, new threshold 1 (max 15)
 [PSYoungGen: 2759634K->8179K(2773312K)] 6510087K->3759322K(8365760K), 0.0393700 secs] [Times: user=0.22 sys=0.02, real=0.04 secs] 
2011-02-12T09:31:14.481+0000: 33163.800: [GC
Desired survivor size 23134208 bytes, new threshold 1 (max 15)
 [PSYoungGen: 2757875K->13248K(2772544K)] 6509018K->3764759K(8364992K), 0.0425680 secs] [Times: user=0.24 sys=0.01, real=0.05 secs] 
2011-02-12T09:31:20.328+0000: 33169.647: [GC
Desired survivor size 22282240 bytes, new threshold 1 (max 15)
 [PSYoungGen: 2762944K->11884K(2774400K)] 6514455K->3763863K(8366848K), 0.0443810 secs] [Times: user=0.24 sys=0.02, real=0.04 secs] 
2011-02-12T09:31:26.482+0000: 33175.801: [GC
Desired survivor size 22085632 bytes, new threshold 1 (max 15)
 [PSYoungGen: 2763692K->13292K(2773568K)] 6515671K->3765772K(8366016K), 0.0451980 secs] [Times: user=0.24 sys=0.01, real=0.05 secs] 
2011-02-12T09:31:32.263+0000: 33181.583: [GC
Desired survivor size 21037056 bytes, new threshold 1 (max 15)
 [PSYoungGen: 2765100K->10976K(2775616K)] 6517580K->3763988K(8368064K), 0.0415350 secs] [Times: user=0.23 sys=0.02, real=0.04 secs] 
2011-02-12T09:31:38.466+0000: 33187.786: [GC
Desired survivor size 21626880 bytes, new threshold 1 (max 15)
 [PSYoungGen: 2765024K->15232K(2774592K)] 6518036K->3768732K(8367040K), 0.0462740 secs] [Times: user=0.25 sys=0.01, real=0.05 secs] 
2011-02-12T09:31:44.345+0000: 33193.664: [GC
Desired survivor size 21757952 bytes, new threshold 1 (max 15)
 [PSYoungGen: 2769280K->14448K(2774784K)] 6522780K->3768376K(8367232K), 0.0456930 secs] [Times: user=0.28 sys=0.03, real=0.05 secs] 
2011-02-12T09:31:50.684+0000: 33200.004: [GC
Desired survivor size 21495808 bytes, new threshold 1 (max 15)
 [PSYoungGen: 2768112K->7808K(2774912K)] 6522040K->3762232K(8367360K), 0.0381590 secs] [Times: user=0.21 sys=0.01, real=0.04 secs] 
2011-02-12T09:31:56.555+0000: 33205.876: [GC
Desired survivor size 21495808 bytes, new threshold 1 (max 15)
 [PSYoungGen: 2761472K->6000K(2775168K)] 6515896K->3761112K(8367616K), 0.0367990 secs] [Times: user=0.19 sys=0.02, real=0.04 secs] 
2011-02-12T09:32:02.778+0000: 33212.098: [GC
Desired survivor size 20709376 bytes, new threshold 1 (max 15)
 [PSYoungGen: 2760176K->11654K(2775168K)] 6515288K->3767254K(8367616K), 0.0454570 secs] [Times: user=0.24 sys=0.02, real=0.05 secs] 
2011-02-12T09:32:07.835+0000: 33217.155: [GC
Desired survivor size 22478848 bytes, new threshold 1 (max 15)
 [PSYoungGen: 2765830K->18048K(2772480K)] 6521430K->3774442K(8364928K), 0.0511130 secs] [Times: user=0.27 sys=0.02, real=0.05 secs] 
2011-02-12T09:32:14.014+0000: 33223.334: [GC
Desired survivor size 22282240 bytes, new threshold 1 (max 15)
 [PSYoungGen: 2770304K->6880K(2774208K)] 6526698K->3763722K(8366656K), 0.0371920 secs] [Times: user=0.20 sys=0.02, real=0.04 secs] 
2011-02-12T09:32:20.137+0000: 33229.457: [GC
Desired survivor size 22151168 bytes, new threshold 1 (max 15)
 [PSYoungGen: 2759136K->13760K(2774528K)] 6515978K->3770998K(8366976K), 0.0426590 secs] [Times: user=0.27 sys=0.01, real=0.04 secs] 
2011-02-12T09:32:26.360+0000: 33235.679: [GC
Desired survivor size 24772608 bytes, new threshold 1 (max 15)
 [PSYoungGen: 2766528K->21088K(2773888K)] 6523766K->3778744K(8366336K), 0.0523730 secs] [Times: user=0.32 sys=0.01, real=0.06 secs] 
2011-02-12T09:32:32.321+0000: 33241.641: [GC
Desired survivor size 24707072 bytes, new threshold 1 (max 15)
 [PSYoungGen: 2773856K->15456K(2770176K)] 6531512K->3773584K(8362624K), 0.0479540 secs] [Times: user=0.27 sys=0.02, real=0.05 secs] 
2011-02-12T09:32:38.669+0000: 33247.988: [GC
Desired survivor size 24576000 bytes, new threshold 1 (max 15)
 [PSYoungGen: 2763360K->6784K(2772032K)] 6521488K->3765361K(8364480K), 0.0398940 secs] [Times: user=0.20 sys=0.01, real=0.04 secs] 
2011-02-12T09:32:44.844+0000: 33254.164: [GC
Desired survivor size 23920640 bytes, new threshold 1 (max 15)
 [PSYoungGen: 2754688K->13616K(2772800K)] 6513265K->3772589K(8365248K), 0.0437170 secs] [Times: user=0.26 sys=0.01, real=0.05 secs] 
2011-02-12T09:32:51.403+0000: 33260.722: [GC
Desired survivor size 24248320 bytes, new threshold 1 (max 15)
 [PSYoungGen: 2762416K->3760K(2772160K)] 6521389K->3763236K(8364608K), 0.0323090 secs] [Times: user=0.18 sys=0.03, real=0.03 secs] 
2011-02-12T09:32:57.906+0000: 33267.225: [GC
Desired survivor size 23003136 bytes, new threshold 1 (max 15)
 [PSYoungGen: 2752560K->11456K(2773696K)] 6512036K->3771496K(8366144K), 0.0434090 secs] [Times: user=0.25 sys=0.02, real=0.05 secs] 
2011-02-12T09:33:03.541+0000: 33272.861: [GC
Desired survivor size 22347776 bytes, new threshold 1 (max 15)
 [PSYoungGen: 2761472K->8858K(2772480K)] 6521512K->3769458K(8364928K), 0.0395930 secs] [Times: user=0.22 sys=0.01, real=0.04 secs] 
2011-02-12T09:33:09.826+0000: 33279.146: [GC
Desired survivor size 21430272 bytes, new threshold 1 (max 15)
 [PSYoungGen: 2758874K->11616K(2775232K)] 6519474K->3772902K(8367680K), 0.0446040 secs] [Times: user=0.25 sys=0.01, real=0.05 secs] 
2011-02-12T09:33:16.319+0000: 33285.639: [GC
Desired survivor size 21299200 bytes, new threshold 1 (max 15)
 [PSYoungGen: 2765024K->6368K(2774336K)] 6526310K->3768094K(8366784K), 0.0368510 secs] [Times: user=0.19 sys=0.01, real=0.03 secs] 
2011-02-12T09:33:22.949+0000: 33292.268: [GC
Desired survivor size 21430272 bytes, new threshold 1 (max 15)
 [PSYoungGen: 2759776K->13836K(2775104K)] 6521502K->3775947K(8367552K), 0.0457150 secs] [Times: user=0.27 sys=0.02, real=0.05 secs] 
2011-02-12T09:33:29.296+0000: 33298.616: [GC
Desired survivor size 21233664 bytes, new threshold 1 (max 15)
 [PSYoungGen: 2768140K->6336K(2775232K)] 6530251K->3768979K(8367680K), 0.0362070 secs] [Times: user=0.19 sys=0.02, real=0.04 secs] 
2011-02-12T09:33:36.173+0000: 33305.493: [GC
Desired survivor size 21102592 bytes, new threshold 1 (max 15)
 [PSYoungGen: 2760640K->5344K(2775552K)] 6523283K->3768415K(8368000K), 0.0350210 secs] [Times: user=0.18 sys=0.01, real=0.03 secs] 
2011-02-12T09:33:42.298+0000: 33311.618: [GC
Desired survivor size 20447232 bytes, new threshold 1 (max 15)
 [PSYoungGen: 2760160K->7868K(2775424K)] 6523231K->3771283K(8367872K), 0.0416850 secs] [Times: user=0.21 sys=0.04, real=0.04 secs] 
2011-02-12T09:33:49.280+0000: 33318.600: [GC
Desired survivor size 19398656 bytes, new threshold 1 (max 15)
 [PSYoungGen: 2762684K->9680K(2777216K)] 6526099K->3773659K(8369664K), 0.0385400 secs] [Times: user=0.21 sys=0.01, real=0.04 secs] 
2011-02-12T09:33:55.742+0000: 33325.062: [GC
Desired survivor size 18808832 bytes, new threshold 1 (max 15)
 [PSYoungGen: 2766928K->8016K(2776192K)] 6530907K->3772643K(8368640K), 0.0372850 secs] [Times: user=0.21 sys=0.01, real=0.04 secs] 
2011-02-12T09:34:02.611+0000: 33331.931: [GC
Desired survivor size 20840448 bytes, new threshold 1 (max 15)
 [PSYoungGen: 2765264K->17431K(2773824K)] 6529891K->3782659K(8366272K), 0.0505520 secs] [Times: user=0.30 sys=0.01, real=0.05 secs] 
2011-02-12T09:34:08.045+0000: 33337.365: [GC
Desired survivor size 19857408 bytes, new threshold 1 (max 15)
 [PSYoungGen: 2772887K->10304K(2775808K)] 6538115K->3776169K(8368256K), 0.0407420 secs] [Times: user=0.23 sys=0.02, real=0.04 secs] 
2011-02-12T09:34:14.834+0000: 33344.154: [GC
Desired survivor size 19529728 bytes, new threshold 1 (max 15)
 [PSYoungGen: 2765760K->7136K(2777088K)] 6531625K->3773377K(8369536K), 0.0377570 secs] [Times: user=0.21 sys=0.01, real=0.04 secs] 
2011-02-12T09:34:21.550+0000: 33350.869: [GC
Desired survivor size 19595264 bytes, new threshold 1 (max 15)
 [PSYoungGen: 2764832K->4224K(2776768K)] 6531073K->3770897K(8369216K), 0.0320200 secs] [Times: user=0.18 sys=0.00, real=0.03 secs] 
2011-02-12T09:34:28.453+0000: 33357.772: [GC
Desired survivor size 18939904 bytes, new threshold 1 (max 15)
 [PSYoungGen: 2761920K->7584K(2777664K)] 6528593K->3774697K(8370112K), 0.0376770 secs] [Times: user=0.21 sys=0.02, real=0.04 secs] 
2011-02-12T09:34:35.241+0000: 33364.561: [GC
Desired survivor size 19070976 bytes, new threshold 1 (max 15)
 [PSYoungGen: 2766112K->12032K(2777024K)] 6533225K->3779605K(8369472K), 0.0441270 secs] [Times: user=0.23 sys=0.02, real=0.04 secs] 
2011-02-12T09:34:41.842+0000: 33371.161: [GC
Desired survivor size 19005440 bytes, new threshold 1 (max 15)
 [PSYoungGen: 2770560K->11840K(2777600K)] 6538133K->3779861K(8370048K), 0.0428750 secs] [Times: user=0.24 sys=0.02, real=0.04 secs] 
2011-02-12T09:34:48.530+0000: 33377.850: [GC
Desired survivor size 18743296 bytes, new threshold 1 (max 15)
 [PSYoungGen: 2770816K->6032K(2777536K)] 6538837K->3774485K(8369984K), 0.0376330 secs] [Times: user=0.19 sys=0.02, real=0.03 secs] 
2011-02-12T09:34:55.563+0000: 33384.883: [GC
Desired survivor size 18808832 bytes, new threshold 1 (max 15)
 [PSYoungGen: 2765008K->11984K(2777728K)] 6533461K->3780909K(8370176K), 0.0406350 secs] [Times: user=0.23 sys=0.01, real=0.04 secs] 
2011-02-12T09:35:02.583+0000: 33391.903: [GC
Desired survivor size 18022400 bytes, new threshold 1 (max 15)
 [PSYoungGen: 2771408K->9850K(2777792K)] 6540333K->3779480K(8370240K), 0.0402490 secs] [Times: user=0.23 sys=0.02, real=0.04 secs] 
2011-02-12T09:35:08.114+0000: 33397.433: [GC
Desired survivor size 18284544 bytes, new threshold 1 (max 15)
 [PSYoungGen: 2769274K->3456K(2778048K)] 6538904K->3773724K(8370496K), 0.0320190 secs] [Times: user=0.18 sys=0.01, real=0.03 secs] 
2011-02-12T09:35:16.176+0000: 33405.496: [GC
Desired survivor size 17956864 bytes, new threshold 1 (max 15)
 [PSYoungGen: 2763904K->5920K(2778304K)] 6534172K->3776540K(8370752K), 0.0359150 secs] [Times: user=0.20 sys=0.02, real=0.03 secs] 
2011-02-12T09:35:23.693+0000: 33413.013: [GC
Desired survivor size 17563648 bytes, new threshold 1 (max 15)
 [PSYoungGen: 2766368K->5904K(2779008K)] 6536988K->3776968K(8371456K), 0.0369860 secs] [Times: user=0.19 sys=0.02, real=0.04 secs] 
2011-02-12T09:35:30.513+0000: 33419.832: [GC
Desired survivor size 17170432 bytes, new threshold 1 (max 15)
 [PSYoungGen: 2767376K->9792K(2778624K)] 6538440K->3781439K(8371072K), 0.0380210 secs] [Times: user=0.21 sys=0.02, real=0.04 secs] 
2011-02-12T09:35:37.380+0000: 33426.700: [GC
Desired survivor size 16646144 bytes, new threshold 1 (max 15)
 [PSYoungGen: 2771264K->6848K(2779904K)] 6542911K->3778975K(8372352K), 0.0369190 secs] [Times: user=0.18 sys=0.02, real=0.04 secs] 
2011-02-12T09:35:44.928+0000: 33434.247: [GC
Desired survivor size 16449536 bytes, new threshold 1 (max 15)
 [PSYoungGen: 2769984K->4720K(2779392K)] 6542111K->3777255K(8371840K), 0.0335480 secs] [Times: user=0.17 sys=0.01, real=0.03 secs] 
2011-02-12T09:35:51.939+0000: 33441.259: [GC
Desired survivor size 16121856 bytes, new threshold 1 (max 15)
 [PSYoungGen: 2767856K->5456K(2780416K)] 6540391K->3778547K(8372864K), 0.0358870 secs] [Times: user=0.18 sys=0.00, real=0.03 secs] 
2011-02-12T09:35:59.477+0000: 33448.797: [GC
Desired survivor size 16646144 bytes, new threshold 1 (max 15)
 [PSYoungGen: 2769808K->11360K(2775744K)] 6542899K->3785068K(8368192K), 0.0407620 secs] [Times: user=0.24 sys=0.01, real=0.05 secs] 
2011-02-12T09:36:05.418+0000: 33454.737: [GC
Desired survivor size 19136512 bytes, new threshold 1 (max 15)
 [PSYoungGen: 2775712K->16250K(2775040K)] 6549420K->3790549K(8367488K), 0.0528210 secs] [Times: user=0.24 sys=0.02, real=0.06 secs] 
2011-02-12T09:36:12.656+0000: 33461.976: [GC
Desired survivor size 23068672 bytes, new threshold 1 (max 15)
 [PSYoungGen: 2775034K->18688K(2777472K)] 6549333K->3796297K(8369920K), 0.0513490 secs] [Times: user=0.32 sys=0.02, real=0.05 secs] 
2011-02-12T09:36:19.758+0000: 33469.077: [GC
Desired survivor size 22872064 bytes, new threshold 1 (max 15)
 [PSYoungGen: 2777472K->4352K(2770176K)] 6555081K->3782529K(8362624K), 0.0324580 secs] [Times: user=0.18 sys=0.01, real=0.04 secs] 
2011-02-12T09:36:26.598+0000: 33475.917: [GC
Desired survivor size 25231360 bytes, new threshold 1 (max 15)
 [PSYoungGen: 2755840K->19424K(2770944K)] 6534017K->3798121K(8363392K), 0.0513380 secs] [Times: user=0.32 sys=0.02, real=0.05 secs] 
2011-02-12T09:36:33.413+0000: 33482.733: [GC
Desired survivor size 24379392 bytes, new threshold 1 (max 15)
 [PSYoungGen: 2770912K->12288K(2772352K)] 6549609K->3791489K(8364800K), 0.0416780 secs] [Times: user=0.25 sys=0.02, real=0.04 secs] 
2011-02-12T09:36:39.771+0000: 33489.091: [GC
Desired survivor size 23986176 bytes, new threshold 1 (max 15)
 [PSYoungGen: 2760000K->5728K(2771520K)] 6539201K->3785417K(8363968K), 0.0383260 secs] [Times: user=0.19 sys=0.01, real=0.04 secs] 
2011-02-12T09:36:46.688+0000: 33496.008: [GC
Desired survivor size 23330816 bytes, new threshold 1 (max 15)
 [PSYoungGen: 2753440K->6288K(2773376K)] 6533129K->3786441K(8365824K), 0.0362860 secs] [Times: user=0.20 sys=0.01, real=0.04 secs] 
2011-02-12T09:36:53.069+0000: 33502.388: [GC
Desired survivor size 23592960 bytes, new threshold 1 (max 15)
 [PSYoungGen: 2756240K->14032K(2772736K)] 6536393K->3794705K(8365184K), 0.0454180 secs] [Times: user=0.26 sys=0.01, real=0.04 secs] 
2011-02-12T09:36:59.638+0000: 33508.957: [GC
Desired survivor size 22347776 bytes, new threshold 1 (max 15)
 [PSYoungGen: 2763984K->10496K(2774336K)] 6544657K->3791778K(8366784K), 0.0421450 secs] [Times: user=0.22 sys=0.01, real=0.04 secs] 
2011-02-12T09:37:05.319+0000: 33514.638: [GC
Desired survivor size 21954560 bytes, new threshold 1 (max 15)
 [PSYoungGen: 2761792K->5722K(2773120K)] 6543074K->3787472K(8365568K), 0.0341840 secs] [Times: user=0.19 sys=0.02, real=0.03 secs] 
2011-02-12T09:37:12.290+0000: 33521.610: [GC
Desired survivor size 21626880 bytes, new threshold 1 (max 15)
 [PSYoungGen: 2757018K->5180K(2775040K)] 6538768K->3787644K(8367488K), 0.0362140 secs] [Times: user=0.18 sys=0.02, real=0.04 secs] 
2011-02-12T09:37:19.104+0000: 33528.424: [GC
Desired survivor size 20447232 bytes, new threshold 1 (max 15)
 [PSYoungGen: 2758780K->9344K(2774720K)] 6541244K->3792360K(8367168K), 0.0401350 secs] [Times: user=0.23 sys=0.01, real=0.04 secs] 
2011-02-12T09:37:25.801+0000: 33535.121: [GC
Desired survivor size 19922944 bytes, new threshold 1 (max 15)
 [PSYoungGen: 2762944K->6208K(2776704K)] 6545960K->3789692K(8369152K), 0.0385190 secs] [Times: user=0.21 sys=0.04, real=0.04 secs] 
2011-02-12T09:37:31.577+0000: 33540.897: [GC
Desired survivor size 19791872 bytes, new threshold 1 (max 15)
 [PSYoungGen: 2762944K->3840K(2776192K)] 6546428K->3787748K(8368640K), 0.0321030 secs] [Times: user=0.19 sys=0.01, real=0.04 secs] 
2011-02-12T09:37:38.134+0000: 33547.454: [GC
Desired survivor size 19333120 bytes, new threshold 1 (max 15)
 [PSYoungGen: 2760576K->10272K(2777280K)] 6544484K->3794484K(8369728K), 0.0395870 secs] [Times: user=0.23 sys=0.02, real=0.04 secs] 
2011-02-12T09:37:45.338+0000: 33554.658: [GC
Desired survivor size 18481152 bytes, new threshold 1 (max 15)
 [PSYoungGen: 2768224K->7536K(2776832K)] 6552436K->3792100K(8369280K), 0.0351380 secs] [Times: user=0.21 sys=0.01, real=0.04 secs] 
2011-02-12T09:37:52.230+0000: 33561.550: [GC
Desired survivor size 17891328 bytes, new threshold 1 (max 15)
 [PSYoungGen: 2765488K->6448K(2778688K)] 6550052K->3791524K(8371136K), 0.0387020 secs] [Times: user=0.19 sys=0.04, real=0.04 secs] 
2011-02-12T09:37:59.487+0000: 33568.807: [GC
Desired survivor size 17498112 bytes, new threshold 1 (max 15)
 [PSYoungGen: 2767088K->9744K(2778112K)] 6552164K->3795464K(8370560K), 0.0432170 secs] [Times: user=0.24 sys=0.02, real=0.04 secs] 
2011-02-12T09:38:05.494+0000: 33574.813: [GC
Desired survivor size 20185088 bytes, new threshold 1 (max 15)
 [PSYoungGen: 2770384K->17082K(2773824K)] 6556104K->3803726K(8366272K), 0.0500700 secs] [Times: user=0.29 sys=0.02, real=0.06 secs] 
2011-02-12T09:38:12.614+0000: 33581.933: [GC
Desired survivor size 19333120 bytes, new threshold 1 (max 15)
 [PSYoungGen: 2773818K->9879K(2776448K)] 6560462K->3797185K(8368896K), 0.0414290 secs] [Times: user=0.22 sys=0.02, real=0.05 secs] 
2011-02-12T09:38:19.768+0000: 33589.088: [GC
Desired survivor size 18874368 bytes, new threshold 1 (max 15)
 [PSYoungGen: 2766615K->6656K(2777728K)] 6553921K->3794545K(8370176K), 0.0372700 secs] [Times: user=0.20 sys=0.03, real=0.03 secs] 
2011-02-12T09:38:26.779+0000: 33596.099: [GC
Desired survivor size 18284544 bytes, new threshold 1 (max 15)
 [PSYoungGen: 2765504K->7008K(2777280K)] 6553393K->3795345K(8369728K), 0.0372260 secs] [Times: user=0.20 sys=0.01, real=0.04 secs] 
2011-02-12T09:38:34.179+0000: 33603.499: [GC
Desired survivor size 18743296 bytes, new threshold 1 (max 15)
 [PSYoungGen: 2765856K->12608K(2777408K)] 6554193K->3801433K(8369856K), 0.0434970 secs] [Times: user=0.26 sys=0.02, real=0.04 secs] 
2011-02-12T09:38:41.303+0000: 33610.623: [GC
Desired survivor size 18415616 bytes, new threshold 1 (max 15)
 [PSYoungGen: 2772160K->6026K(2777856K)] 6560985K->3795308K(8370304K), 0.0349810 secs] [Times: user=0.19 sys=0.02, real=0.04 secs] 
2011-02-12T09:38:48.210+0000: 33617.530: [GC
Desired survivor size 17825792 bytes, new threshold 1 (max 15)
 [PSYoungGen: 2765578K->9808K(2778752K)] 6554860K->3799606K(8371200K), 0.0397700 secs] [Times: user=0.22 sys=0.02, real=0.04 secs] 
2011-02-12T09:38:54.998+0000: 33624.318: [GC
Desired survivor size 17235968 bytes, new threshold 1 (max 15)
 [PSYoungGen: 2770576K->7488K(2778176K)] 6560374K->3797854K(8370624K), 0.0372870 secs] [Times: user=0.20 sys=0.02, real=0.04 secs] 
2011-02-12T09:39:01.037+0000: 33630.356: [GC
Desired survivor size 17760256 bytes, new threshold 1 (max 15)
 [PSYoungGen: 2768256K->12482K(2778304K)] 6558622K->3803540K(8370752K), 0.0456200 secs] [Times: user=0.25 sys=0.01, real=0.05 secs] 
2011-02-12T09:39:07.131+0000: 33636.451: [GC
Desired survivor size 19922944 bytes, new threshold 1 (max 15)
 [PSYoungGen: 2773954K->17064K(2778560K)] 6565012K->3808672K(8371008K), 0.0487910 secs] [Times: user=0.28 sys=0.01, real=0.04 secs] 
2011-02-12T09:39:13.769+0000: 33643.089: [GC
Desired survivor size 19136512 bytes, new threshold 1 (max 15)
 [PSYoungGen: 2778536K->8816K(2776384K)] 6570144K->3800924K(8368832K), 0.0396810 secs] [Times: user=0.22 sys=0.01, real=0.04 secs] 
2011-02-12T09:39:20.774+0000: 33650.094: [GC
Desired survivor size 19005440 bytes, new threshold 1 (max 15)
 [PSYoungGen: 2767600K->11872K(2777472K)] 6559708K->3804516K(8369920K), 0.0403640 secs] [Times: user=0.24 sys=0.00, real=0.04 secs] 
2011-02-12T09:39:27.959+0000: 33657.279: [GC
Desired survivor size 19005440 bytes, new threshold 1 (max 15)
 [PSYoungGen: 2770656K->12384K(2777600K)] 6563300K->3805524K(8370048K), 0.0425910 secs] [Times: user=0.24 sys=0.02, real=0.04 secs] 
2011-02-12T09:39:34.693+0000: 33664.012: [GC
Desired survivor size 19005440 bytes, new threshold 1 (max 15)
 [PSYoungGen: 2771424K->12608K(2777600K)] 6564564K->3806212K(8370048K), 0.0437140 secs] [Times: user=0.26 sys=0.01, real=0.05 secs] 
2011-02-12T09:39:41.265+0000: 33670.585: [GC
Desired survivor size 19070976 bytes, new threshold 1 (max 15)
 [PSYoungGen: 2771648K->5600K(2777472K)] 6565252K->3799656K(8369920K), 0.0380280 secs] [Times: user=0.18 sys=0.01, real=0.04 secs] 
2011-02-12T09:39:48.251+0000: 33677.570: [GC
Desired survivor size 18874368 bytes, new threshold 1 (max 15)
 [PSYoungGen: 2764512K->6076K(2777536K)] 6558568K->3800581K(8369984K), 0.0364500 secs] [Times: user=0.19 sys=0.01, real=0.04 secs] 
2011-02-12T09:39:54.872+0000: 33684.192: [GC
Desired survivor size 19726336 bytes, new threshold 1 (max 15)
 [PSYoungGen: 2764988K->14257K(2776064K)] 6559493K->3809398K(8368512K), 0.0450480 secs] [Times: user=0.26 sys=0.02, real=0.05 secs] 
2011-02-12T09:40:01.748+0000: 33691.068: [GC
Desired survivor size 20316160 bytes, new threshold 1 (max 15)
 [PSYoungGen: 2771889K->14138K(2771776K)] 6567030K->3809951K(8364224K), 0.0453410 secs] [Times: user=0.24 sys=0.02, real=0.04 secs] 
2011-02-12T09:40:07.533+0000: 33696.853: [GC
Desired survivor size 20709376 bytes, new threshold 1 (max 15)
 [PSYoungGen: 2771770K->14188K(2775552K)] 6567583K->3810687K(8368000K), 0.0475190 secs] [Times: user=0.27 sys=0.03, real=0.05 secs] 
2011-02-12T09:40:13.435+0000: 33702.755: [GC
Desired survivor size 21495808 bytes, new threshold 1 (max 15)
 [PSYoungGen: 2769900K->15438K(2771200K)] 6566399K->3812374K(8363648K), 0.0459540 secs] [Times: user=0.26 sys=0.02, real=0.05 secs] 
2011-02-12T09:40:19.879+0000: 33709.198: [GC
Desired survivor size 20578304 bytes, new threshold 1 (max 15)
 [PSYoungGen: 2771150K->11104K(2776064K)] 6568086K->3808497K(8368512K), 0.0400120 secs] [Times: user=0.23 sys=0.02, real=0.04 secs] 
2011-02-12T09:40:26.318+0000: 33715.637: [GC
Desired survivor size 20578304 bytes, new threshold 1 (max 15)
 [PSYoungGen: 2766176K->13664K(2775168K)] 6563569K->3811537K(8367616K), 0.0463310 secs] [Times: user=0.26 sys=0.03, real=0.05 secs] 
2011-02-12T09:40:32.906+0000: 33722.225: [GC
Desired survivor size 20185088 bytes, new threshold 1 (max 15)
 [PSYoungGen: 2768736K->8768K(2776448K)] 6566609K->3807025K(8368896K), 0.0406630 secs] [Times: user=0.23 sys=0.03, real=0.04 secs] 
2011-02-12T09:40:39.724+0000: 33729.043: [GC
Desired survivor size 19922944 bytes, new threshold 1 (max 15)
 [PSYoungGen: 2765120K->7744K(2776064K)] 6563377K->3806441K(8368512K), 0.0379310 secs] [Times: user=0.20 sys=0.02, real=0.03 secs] 
2011-02-12T09:40:46.887+0000: 33736.207: [GC
Desired survivor size 19333120 bytes, new threshold 1 (max 15)
 [PSYoungGen: 2764096K->9328K(2777280K)] 6562793K->3808465K(8369728K), 0.0410550 secs] [Times: user=0.23 sys=0.01, real=0.04 secs] 
2011-02-12T09:40:53.710+0000: 33743.030: [GC
Desired survivor size 18874368 bytes, new threshold 1 (max 15)
 [PSYoungGen: 2767152K->8784K(2776704K)] 6566289K->3808433K(8369152K), 0.0397830 secs] [Times: user=0.23 sys=0.02, real=0.04 secs] 
2011-02-12T09:41:00.036+0000: 33749.356: [GC
Desired survivor size 19529728 bytes, new threshold 1 (max 15)
 [PSYoungGen: 2766608K->14512K(2776448K)] 6566257K->3814822K(8368896K), 0.0445660 secs] [Times: user=0.28 sys=0.02, real=0.04 secs] 
2011-02-12T09:41:06.182+0000: 33755.502: [GC
Desired survivor size 20774912 bytes, new threshold 1 (max 15)
 [PSYoungGen: 2772528K->16410K(2774464K)] 6572838K->3817248K(8366912K), 0.0480210 secs] [Times: user=0.29 sys=0.02, real=0.05 secs] 
2011-02-12T09:41:12.804+0000: 33762.124: [GC
Desired survivor size 20185088 bytes, new threshold 1 (max 15)
 [PSYoungGen: 2774426K->12288K(2776448K)] 6575264K->3813728K(8368896K), 0.0441210 secs] [Times: user=0.23 sys=0.01, real=0.05 secs] 
2011-02-12T09:41:19.772+0000: 33769.091: [GC
Desired survivor size 19595264 bytes, new threshold 1 (max 15)
 [PSYoungGen: 2768448K->12272K(2775872K)] 6569888K->3814208K(8368320K), 0.0433560 secs] [Times: user=0.24 sys=0.02, real=0.04 secs] 
2011-02-12T09:41:27.078+0000: 33776.398: [GC
Desired survivor size 19333120 bytes, new threshold 1 (max 15)
 [PSYoungGen: 2768432K->8949K(2777280K)] 6570368K->3811461K(8369728K), 0.0407400 secs] [Times: user=0.21 sys=0.03, real=0.04 secs] 
2011-02-12T09:41:33.991+0000: 33783.310: [GC
Desired survivor size 19464192 bytes, new threshold 1 (max 15)
 [PSYoungGen: 2767093K->6368K(2777024K)] 6569605K->3809328K(8369472K), 0.0398710 secs] [Times: user=0.20 sys=0.03, real=0.04 secs] 
2011-02-12T09:41:40.849+0000: 33790.168: [GC
Desired survivor size 19529728 bytes, new threshold 1 (max 15)
 [PSYoungGen: 2764512K->5536K(2777024K)] 6567472K->3808912K(8369472K), 0.0349120 secs] [Times: user=0.18 sys=0.01, real=0.04 secs] 
2011-02-12T09:41:47.595+0000: 33796.915: [GC
Desired survivor size 20054016 bytes, new threshold 1 (max 15)
 [PSYoungGen: 2763552K->2320K(2760384K)] 6566928K->3806140K(8352832K), 0.0314080 secs] [Times: user=0.19 sys=0.02, real=0.03 secs] 
2011-02-12T09:41:54.271+0000: 33803.591: [GC
Desired survivor size 21889024 bytes, new threshold 1 (max 15)
 [PSYoungGen: 2760336K->17032K(2772992K)] 6564156K->3821340K(8365440K), 0.0477500 secs] [Times: user=0.29 sys=0.01, real=0.04 secs] 
2011-02-12T09:42:00.979+0000: 33810.299: [GC
Desired survivor size 21430272 bytes, new threshold 1 (max 15)
 [PSYoungGen: 2770440K->12098K(2774784K)] 6574748K->3817034K(8367232K), 0.0441090 secs] [Times: user=0.24 sys=0.01, real=0.05 secs] 
2011-02-12T09:42:07.199+0000: 33816.519: [GC
Desired survivor size 21889024 bytes, new threshold 1 (max 15)
 [PSYoungGen: 2765506K->14492K(2774336K)] 6570442K->3820135K(8366784K), 0.0458000 secs] [Times: user=0.26 sys=0.02, real=0.05 secs] 
2011-02-12T09:42:13.796+0000: 33823.116: [GC
Desired survivor size 20840448 bytes, new threshold 1 (max 15)
 [PSYoungGen: 2767900K->11040K(2774784K)] 6573543K->3817177K(8367232K), 0.0423830 secs] [Times: user=0.23 sys=0.01, real=0.04 secs] 
2011-02-12T09:42:21.131+0000: 33830.451: [GC
Desired survivor size 20840448 bytes, new threshold 1 (max 15)
 [PSYoungGen: 2764448K->13408K(2775808K)] 6570585K->3819949K(8368256K), 0.0431510 secs] [Times: user=0.25 sys=0.02, real=0.05 secs] 
2011-02-12T09:42:28.347+0000: 33837.667: [GC
Desired survivor size 20578304 bytes, new threshold 1 (max 15)
 [PSYoungGen: 2768864K->7360K(2775808K)] 6575405K->3814329K(8368256K), 0.0367240 secs] [Times: user=0.20 sys=0.01, real=0.03 secs] 
2011-02-12T09:42:35.412+0000: 33844.732: [GC
Desired survivor size 20250624 bytes, new threshold 1 (max 15)
 [PSYoungGen: 2762816K->7136K(2776384K)] 6569785K->3814560K(8368832K), 0.0387160 secs] [Times: user=0.18 sys=0.02, real=0.04 secs] 
2011-02-12T09:42:42.768+0000: 33852.087: [GC
Desired survivor size 19791872 bytes, new threshold 1 (max 15)
 [PSYoungGen: 2763424K->7392K(2776064K)] 6570848K->3815308K(8368512K), 0.0378930 secs] [Times: user=0.20 sys=0.01, real=0.03 secs] 
2011-02-12T09:42:49.781+0000: 33859.101: [GC
Desired survivor size 19333120 bytes, new threshold 1 (max 15)
 [PSYoungGen: 2763680K->7568K(2777280K)] 6571596K->3815980K(8369728K), 0.0362590 secs] [Times: user=0.21 sys=0.03, real=0.03 secs] 
2011-02-12T09:42:56.819+0000: 33866.138: [GC
Desired survivor size 18481152 bytes, new threshold 1 (max 15)
 [PSYoungGen: 2765520K->10112K(2776832K)] 6573932K->3819068K(8369280K), 0.0395690 secs] [Times: user=0.22 sys=0.02, real=0.04 secs] 
2011-02-12T09:43:04.151+0000: 33873.471: [GC
Desired survivor size 19136512 bytes, new threshold 1 (max 15)
 [PSYoungGen: 2768064K->13849K(2776832K)] 6577020K->3823413K(8369280K), 0.0444920 secs] [Times: user=0.26 sys=0.02, real=0.04 secs] 
2011-02-12T09:43:11.033+0000: 33880.353: [GC
Desired survivor size 19595264 bytes, new threshold 1 (max 15)
 [PSYoungGen: 2772633K->13624K(2772416K)] 6582197K->3823931K(8364864K), 0.0446830 secs] [Times: user=0.26 sys=0.02, real=0.04 secs] 
2011-02-12T09:43:18.259+0000: 33887.578: [GC
Desired survivor size 19136512 bytes, new threshold 1 (max 15)
 [PSYoungGen: 2772408K->7979K(2777472K)] 6582715K->3818761K(8369920K), 0.0392830 secs] [Times: user=0.21 sys=0.02, real=0.04 secs] 
2011-02-12T09:43:25.167+0000: 33894.487: [GC
Desired survivor size 18743296 bytes, new threshold 1 (max 15)
 [PSYoungGen: 2766315K->7771K(2777024K)] 6577097K->3819125K(8369472K), 0.0366100 secs] [Times: user=0.22 sys=0.02, real=0.04 secs] 
2011-02-12T09:43:31.154+0000: 33900.474: [GC
Desired survivor size 18219008 bytes, new threshold 1 (max 15)
 [PSYoungGen: 2766107K->8192K(2778368K)] 6577461K->3820022K(8370816K), 0.0375450 secs] [Times: user=0.21 sys=0.00, real=0.03 secs] 
2011-02-12T09:43:37.352+0000: 33906.672: [GC
Desired survivor size 19005440 bytes, new threshold 1 (max 15)
 [PSYoungGen: 2768256K->13984K(2774080K)] 6580086K->3826278K(8366528K), 0.0454170 secs] [Times: user=0.26 sys=0.00, real=0.05 secs] 
2011-02-12T09:43:44.587+0000: 33913.906: [GC
Desired survivor size 19136512 bytes, new threshold 1 (max 15)
 [PSYoungGen: 2774048K->4640K(2777344K)] 6586342K->3817426K(8369792K), 0.0335270 secs] [Times: user=0.18 sys=0.01, real=0.03 secs] 
2011-02-12T09:43:51.263+0000: 33920.583: [GC
Desired survivor size 19857408 bytes, new threshold 1 (max 15)
 [PSYoungGen: 2763424K->14048K(2772864K)] 6576210K->3827314K(8365312K), 0.0455990 secs] [Times: user=0.25 sys=0.01, real=0.05 secs] 
2011-02-12T09:43:57.747+0000: 33927.066: [GC
Desired survivor size 20774912 bytes, new threshold 1 (max 15)
 [PSYoungGen: 2772832K->15136K(2774976K)] 6586098K->3829146K(8367424K), 0.0459020 secs] [Times: user=0.28 sys=0.03, real=0.04 secs] 
2011-02-12T09:44:04.250+0000: 33933.570: [GC
Desired survivor size 20316160 bytes, new threshold 1 (max 15)
 [PSYoungGen: 2770720K->7898K(2775872K)] 6584730K->3822341K(8368320K), 0.0378980 secs] [Times: user=0.20 sys=0.03, real=0.04 secs] 
2011-02-12T09:44:10.593+0000: 33939.913: [GC
Desired survivor size 19726336 bytes, new threshold 1 (max 15)
 [PSYoungGen: 2763482K->11488K(2776896K)] 6577925K->3826625K(8369344K), 0.0444280 secs] [Times: user=0.24 sys=0.01, real=0.05 secs] 
2011-02-12T09:44:17.474+0000: 33946.794: [GC
Desired survivor size 18874368 bytes, new threshold 1 (max 15)
 [PSYoungGen: 2768544K->10192K(2776320K)] 6583681K->3825765K(8368768K), 0.0404860 secs] [Times: user=0.21 sys=0.02, real=0.04 secs] 
2011-02-12T09:44:24.543+0000: 33953.863: [GC
Desired survivor size 19660800 bytes, new threshold 1 (max 15)
 [PSYoungGen: 2767248K->14592K(2776192K)] 6582821K->3830597K(8368640K), 0.0451410 secs] [Times: user=0.28 sys=0.01, real=0.04 secs] 
2011-02-12T09:44:32.012+0000: 33961.332: [GC
Desired survivor size 18808832 bytes, new threshold 1 (max 15)
 [PSYoungGen: 2772352K->10784K(2776960K)] 6588357K->3827213K(8369408K), 0.0421140 secs] [Times: user=0.24 sys=0.01, real=0.04 secs] 
2011-02-12T09:44:38.847+0000: 33968.167: [GC
Desired survivor size 18350080 bytes, new threshold 1 (max 15)
 [PSYoungGen: 2768544K->9049K(2778240K)] 6584973K->3825990K(8370688K), 0.0377920 secs] [Times: user=0.21 sys=0.01, real=0.04 secs] 
2011-02-12T09:44:45.448+0000: 33974.768: [GC
Desired survivor size 18743296 bytes, new threshold 1 (max 15)
 [PSYoungGen: 2768921K->4403K(2777792K)] 6585862K->3821832K(8370240K), 0.0336640 secs] [Times: user=0.18 sys=0.01, real=0.04 secs] 
2011-02-12T09:44:52.487+0000: 33981.807: [GC
Desired survivor size 18612224 bytes, new threshold 1 (max 15)
 [PSYoungGen: 2764275K->5840K(2777984K)] 6581704K->3823824K(8370432K), 0.0352460 secs] [Times: user=0.18 sys=0.03, real=0.03 secs] 
2011-02-12T09:44:59.616+0000: 33988.935: [GC
Desired survivor size 18219008 bytes, new threshold 1 (max 15)
 [PSYoungGen: 2765520K->6896K(2777856K)] 6583504K->3825416K(8370304K), 0.0365130 secs] [Times: user=0.19 sys=0.02, real=0.03 secs] 
2011-02-12T09:45:05.822+0000: 33995.141: [GC
Desired survivor size 19791872 bytes, new threshold 1 (max 15)
 [PSYoungGen: 2766576K->15770K(2775296K)] 6585096K->3834779K(8367744K), 0.0475270 secs] [Times: user=0.26 sys=0.02, real=0.05 secs] 
2011-02-12T09:45:12.018+0000: 34001.338: [GC
Desired survivor size 19857408 bytes, new threshold 1 (max 15)
 [PSYoungGen: 2773274K->4320K(2761856K)] 6592283K->3823955K(8354304K), 0.0328140 secs] [Times: user=0.19 sys=0.02, real=0.03 secs] 
2011-02-12T09:45:19.672+0000: 34008.992: [GC
Desired survivor size 20578304 bytes, new threshold 1 (max 15)
 [PSYoungGen: 2761824K->14032K(2775360K)] 6581459K->3834135K(8367808K), 0.0448920 secs] [Times: user=0.28 sys=0.01, real=0.05 secs] 
2011-02-12T09:45:27.049+0000: 34016.369: [GC
Desired survivor size 20119552 bytes, new threshold 1 (max 15)
 [PSYoungGen: 2770000K->6464K(2776064K)] 6590103K->3827103K(8368512K), 0.0385640 secs] [Times: user=0.19 sys=0.02, real=0.04 secs] 
2011-02-12T09:45:34.082+0000: 34023.401: [GC
Desired survivor size 19333120 bytes, new threshold 1 (max 15)
 [PSYoungGen: 2762432K->8064K(2777280K)] 6583071K->3829131K(8369728K), 0.0397520 secs] [Times: user=0.21 sys=0.01, real=0.04 secs] 
2011-02-12T09:45:41.738+0000: 34031.057: [GC
Desired survivor size 19070976 bytes, new threshold 1 (max 15)
 [PSYoungGen: 2765696K->5536K(2776512K)] 6586763K->3827067K(8368960K), 0.0360350 secs] [Times: user=0.19 sys=0.02, real=0.04 secs] 
2011-02-12T09:45:48.689+0000: 34038.008: [GC
Desired survivor size 18612224 bytes, new threshold 1 (max 15)
 [PSYoungGen: 2763168K->5744K(2777984K)] 6584699K->3827703K(8370432K), 0.0371770 secs] [Times: user=0.19 sys=0.00, real=0.04 secs] 
2011-02-12T09:45:55.257+0000: 34044.576: [GC
Desired survivor size 19070976 bytes, new threshold 1 (max 15)
 [PSYoungGen: 2765104K->12304K(2777536K)] 6587063K->3834795K(8369984K), 0.0436610 secs] [Times: user=0.25 sys=0.02, real=0.04 secs] 
2011-02-12T09:46:02.389+0000: 34051.708: [GC
Desired survivor size 20578304 bytes, new threshold 1 (max 15)
 [PSYoungGen: 2771664K->15706K(2774592K)] 6594155K->3838893K(8367040K), 0.0488910 secs] [Times: user=0.28 sys=0.02, real=0.05 secs] 
2011-02-12T09:46:09.341+0000: 34058.661: [GC
Desired survivor size 21037056 bytes, new threshold 1 (max 15)
 [PSYoungGen: 2771674K->13712K(2769728K)] 6594861K->3837625K(8362176K), 0.0462110 secs] [Times: user=0.26 sys=0.02, real=0.05 secs] 
2011-02-12T09:46:16.504+0000: 34065.824: [GC
Desired survivor size 20971520 bytes, new threshold 1 (max 15)
 [PSYoungGen: 2769680K->4221K(2775680K)] 6593593K->3828591K(8368128K), 0.0320470 secs] [Times: user=0.18 sys=0.02, real=0.03 secs] 
2011-02-12T09:46:23.612+0000: 34072.932: [GC
Desired survivor size 20774912 bytes, new threshold 1 (max 15)
 [PSYoungGen: 2759357K->4369K(2775616K)] 6583727K->3829203K(8368064K), 0.0338350 secs] [Times: user=0.18 sys=0.00, real=0.04 secs] 
2011-02-12T09:46:30.300+0000: 34079.620: [GC
Desired survivor size 20316160 bytes, new threshold 1 (max 15)
 [PSYoungGen: 2759505K->4960K(2776320K)] 6584339K->3830427K(8368768K), 0.0355080 secs] [Times: user=0.19 sys=0.01, real=0.04 secs] 
2011-02-12T09:46:36.955+0000: 34086.274: [GC
Desired survivor size 22151168 bytes, new threshold 1 (max 15)
 [PSYoungGen: 2760992K->16479K(2772544K)] 6586459K->3842394K(8364992K), 0.0487540 secs] [Times: user=0.27 sys=0.01, real=0.05 secs] 
2011-02-12T09:46:44.090+0000: 34093.410: [GC
Desired survivor size 21495808 bytes, new threshold 1 (max 15)
 [PSYoungGen: 2772511K->6096K(2775168K)] 6598426K->3832495K(8367616K), 0.0364880 secs] [Times: user=0.20 sys=0.01, real=0.04 secs] 
2011-02-12T09:46:50.989+0000: 34100.309: [GC
Desired survivor size 20643840 bytes, new threshold 1 (max 15)
 [PSYoungGen: 2759632K->6784K(2774528K)] 6586031K->3833719K(8366976K), 0.0379140 secs] [Times: user=0.20 sys=0.02, real=0.04 secs] 
2011-02-12T09:46:58.002+0000: 34107.322: [GC
Desired survivor size 19922944 bytes, new threshold 1 (max 15)
 [PSYoungGen: 2760320K->9903K(2776704K)] 6587255K->3837494K(8369152K), 0.0400090 secs] [Times: user=0.22 sys=0.02, real=0.04 secs] 
2011-02-12T09:47:04.624+0000: 34113.944: [GC
Desired survivor size 21168128 bytes, new threshold 1 (max 15)
 [PSYoungGen: 2766447K->15098K(2771648K)] 6594038K->3843313K(8364096K), 0.0463350 secs] [Times: user=0.28 sys=0.02, real=0.05 secs] 
2011-02-12T09:47:11.256+0000: 34120.575: [GC
Desired survivor size 20447232 bytes, new threshold 1 (max 15)
 [PSYoungGen: 2771642K->10720K(2776192K)] 6599857K->3839625K(8368640K), 0.0441650 secs] [Times: user=0.24 sys=0.02, real=0.04 secs] 
2011-02-12T09:47:18.249+0000: 34127.569: [GC
Desired survivor size 21168128 bytes, new threshold 1 (max 15)
 [PSYoungGen: 2766240K->14335K(2775488K)] 6595145K->3843696K(8367936K), 0.0471880 secs] [Times: user=0.24 sys=0.01, real=0.05 secs] 
2011-02-12T09:47:24.348+0000: 34133.667: [GC
Desired survivor size 20840448 bytes, new threshold 1 (max 15)
 [PSYoungGen: 2769846K->5786K(2775808K)] 6599208K->3835644K(8368256K), 0.0373370 secs] [Times: user=0.18 sys=0.02, real=0.04 secs] 
2011-02-12T09:47:31.592+0000: 34140.911: [GC
Desired survivor size 19988480 bytes, new threshold 1 (max 15)
 [PSYoungGen: 2760922K->8480K(2775488K)] 6590780K->3838725K(8367936K), 0.0401700 secs] [Times: user=0.22 sys=0.01, real=0.04 secs] 
2011-02-12T09:47:38.754+0000: 34148.074: [GC
Desired survivor size 20381696 bytes, new threshold 1 (max 15)
 [PSYoungGen: 2763616K->13360K(2775872K)] 6593861K->3844073K(8368320K), 0.0449460 secs] [Times: user=0.27 sys=0.01, real=0.04 secs] 
2011-02-12T09:47:46.038+0000: 34155.357: [GC
Desired survivor size 20250624 bytes, new threshold 1 (max 15)
 [PSYoungGen: 2769712K->5104K(2776256K)] 6600425K->3836297K(8368704K), 0.0335970 secs] [Times: user=0.18 sys=0.02, real=0.03 secs] 
2011-02-12T09:47:52.603+0000: 34161.923: [GC
Desired survivor size 19791872 bytes, new threshold 1 (max 15)
 [PSYoungGen: 2761456K->11120K(2776832K)] 6592649K->3842897K(8369280K), 0.0413090 secs] [Times: user=0.23 sys=0.02, real=0.04 secs] 
2011-02-12T09:47:59.185+0000: 34168.505: [GC
Desired survivor size 18808832 bytes, new threshold 1 (max 15)
 [PSYoungGen: 2768176K->9568K(2776384K)] 6599953K->3841945K(8368832K), 0.0407680 secs] [Times: user=0.22 sys=0.02, real=0.05 secs] 
2011-02-12T09:48:05.914+0000: 34175.234: [GC
Desired survivor size 18481152 bytes, new threshold 1 (max 15)
 [PSYoungGen: 2766624K->6458K(2778112K)] 6599001K->3839351K(8370560K), 0.0374710 secs] [Times: user=0.21 sys=0.01, real=0.04 secs] 
2011-02-12T09:48:13.049+0000: 34182.369: [GC
Desired survivor size 17891328 bytes, new threshold 1 (max 15)
 [PSYoungGen: 2766202K->7488K(2777792K)] 6599095K->3841239K(8370240K), 0.0406500 secs] [Times: user=0.21 sys=0.02, real=0.04 secs] 
2011-02-12T09:48:20.387+0000: 34189.707: [GC
Desired survivor size 17956864 bytes, new threshold 1 (max 15)
 [PSYoungGen: 2767232K->11520K(2778560K)] 6600983K->3845695K(8371008K), 0.0413130 secs] [Times: user=0.25 sys=0.02, real=0.05 secs] 
2011-02-12T09:48:27.378+0000: 34196.698: [GC
Desired survivor size 19529728 bytes, new threshold 1 (max 15)
 [PSYoungGen: 2772608K->15776K(2776896K)] 6606783K->3850375K(8369344K), 0.0492080 secs] [Times: user=0.28 sys=0.01, real=0.05 secs] 
2011-02-12T09:48:34.319+0000: 34203.639: [GC
Desired survivor size 20381696 bytes, new threshold 1 (max 15)
 [PSYoungGen: 2776864K->14592K(2775424K)] 6611463K->3849663K(8367872K), 0.0460320 secs] [Times: user=0.27 sys=0.02, real=0.05 secs] 
2011-02-12T09:48:41.629+0000: 34210.949: [GC
Desired survivor size 19726336 bytes, new threshold 1 (max 15)
 [PSYoungGen: 2770944K->8496K(2776256K)] 6606015K->3844007K(8368704K), 0.0414280 secs] [Times: user=0.22 sys=0.01, real=0.05 secs] 
2011-02-12T09:48:48.772+0000: 34218.092: [GC
Desired survivor size 19136512 bytes, new threshold 1 (max 15)
 [PSYoungGen: 2764848K->8464K(2777472K)] 6600359K->3844524K(8369920K), 0.0386660 secs] [Times: user=0.22 sys=0.01, real=0.03 secs] 
2011-02-12T09:48:56.698+0000: 34226.018: [GC
Desired survivor size 18284544 bytes, new threshold 1 (max 15)
 [PSYoungGen: 2766672K->10032K(2776896K)] 6602732K->3846636K(8369344K), 0.0424230 secs] [Times: user=0.23 sys=0.02, real=0.04 secs] 
2011-02-12T09:49:03.693+0000: 34233.013: [GC
Desired survivor size 18219008 bytes, new threshold 1 (max 15)
 [PSYoungGen: 2768240K->12090K(2778368K)] 6604844K->3849402K(8370816K), 0.0438890 secs] [Times: user=0.24 sys=0.02, real=0.05 secs] 
2011-02-12T09:49:10.924+0000: 34240.244: [GC
Desired survivor size 19005440 bytes, new threshold 1 (max 15)
 [PSYoungGen: 2772602K->14272K(2774784K)] 6609914K->3852318K(8367232K), 0.0485400 secs] [Times: user=0.27 sys=0.02, real=0.05 secs] 
2011-02-12T09:49:18.705+0000: 34248.024: [GC
Desired survivor size 19333120 bytes, new threshold 1 (max 15)
 [PSYoungGen: 2774784K->13728K(2776960K)] 6612830K->3852210K(8369408K), 0.0462150 secs] [Times: user=0.26 sys=0.01, real=0.05 secs] 
2011-02-12T09:49:26.024+0000: 34255.343: [GC
Desired survivor size 19726336 bytes, new threshold 1 (max 15)
 [PSYoungGen: 2772128K->3968K(2762368K)] 6610610K->3842898K(8354816K), 0.0326450 secs] [Times: user=0.19 sys=0.01, real=0.04 secs] 
2011-02-12T09:49:33.369+0000: 34262.689: [GC
Desired survivor size 19857408 bytes, new threshold 1 (max 15)
 [PSYoungGen: 2762368K->13056K(2776640K)] 6601298K->3852446K(8369088K), 0.0453770 secs] [Times: user=0.26 sys=0.01, real=0.04 secs] 
2011-02-12T09:49:41.076+0000: 34270.396: [GC
Desired survivor size 19070976 bytes, new threshold 1 (max 15)
 [PSYoungGen: 2770432K->10049K(2776768K)] 6609822K->3849892K(8369216K), 0.0401950 secs] [Times: user=0.22 sys=0.01, real=0.04 secs] 
2011-02-12T09:49:48.198+0000: 34277.518: [GC
Desired survivor size 21233664 bytes, new threshold 1 (max 15)
 [PSYoungGen: 2767425K->18434K(2773312K)] 6607268K->3858878K(8365760K), 0.0487340 secs] [Times: user=0.30 sys=0.02, real=0.05 secs] 
2011-02-12T09:49:55.947+0000: 34285.267: [GC
Desired survivor size 20643840 bytes, new threshold 1 (max 15)
 [PSYoungGen: 2773122K->9360K(2775424K)] 6613566K->3850355K(8367872K), 0.0430150 secs] [Times: user=0.24 sys=0.02, real=0.04 secs] 
2011-02-12T09:50:02.888+0000: 34292.207: [GC
Desired survivor size 20905984 bytes, new threshold 1 (max 15)
 [PSYoungGen: 2764048K->14298K(2775488K)] 6605043K->3855989K(8367936K), 0.0456720 secs] [Times: user=0.26 sys=0.01, real=0.05 secs] 
2011-02-12T09:50:09.263+0000: 34298.582: [GC
Desired survivor size 21233664 bytes, new threshold 1 (max 15)
 [PSYoungGen: 2769626K->4224K(2759552K)] 6611317K->3846689K(8352000K), 0.0334950 secs] [Times: user=0.18 sys=0.01, real=0.03 secs] 
2011-02-12T09:50:16.447+0000: 34305.766: [GC
Desired survivor size 20840448 bytes, new threshold 1 (max 15)
 [PSYoungGen: 2759552K->7168K(2775808K)] 6602017K->3850057K(8368256K), 0.0384350 secs] [Times: user=0.20 sys=0.01, real=0.04 secs] 
2011-02-12T09:50:23.837+0000: 34313.157: [GC
Desired survivor size 21102592 bytes, new threshold 1 (max 15)
 [PSYoungGen: 2762240K->13683K(2775424K)] 6605129K->3857069K(8367872K), 0.0449250 secs] [Times: user=0.26 sys=0.02, real=0.04 secs] 
2011-02-12T09:50:30.702+0000: 34320.022: [GC
Desired survivor size 21561344 bytes, new threshold 1 (max 15)
 [PSYoungGen: 2768755K->14592K(2774656K)] 6612141K->3858481K(8367104K), 0.0475140 secs] [Times: user=0.26 sys=0.01, real=0.05 secs] 
2011-02-12T09:50:37.983+0000: 34327.302: [GC
Desired survivor size 21757952 bytes, new threshold 1 (max 15)
 [PSYoungGen: 2768640K->4112K(2758208K)] 6612529K->3848442K(8350656K), 0.0316160 secs] [Times: user=0.18 sys=0.00, real=0.03 secs] 
2011-02-12T09:50:45.121+0000: 34334.441: [GC
Desired survivor size 21233664 bytes, new threshold 1 (max 15)
 [PSYoungGen: 2758160K->7008K(2775424K)] 6602490K->3851854K(8367872K), 0.0378720 secs] [Times: user=0.21 sys=0.02, real=0.04 secs] 
2011-02-12T09:50:51.654+0000: 34340.974: [GC
Desired survivor size 20578304 bytes, new threshold 1 (max 15)
 [PSYoungGen: 2761184K->7568K(2774912K)] 6606030K->3852894K(8367360K), 0.0388570 secs] [Times: user=0.22 sys=0.02, real=0.04 secs] 
2011-02-12T09:50:58.442+0000: 34347.762: [GC
Desired survivor size 20316160 bytes, new threshold 1 (max 15)
 [PSYoungGen: 2761744K->5184K(2776320K)] 6607070K->3851126K(8368768K), 0.0343410 secs] [Times: user=0.19 sys=0.01, real=0.03 secs] 
2011-02-12T09:51:04.670+0000: 34353.990: [GC
Desired survivor size 21299200 bytes, new threshold 1 (max 15)
 [PSYoungGen: 2761408K->14810K(2771072K)] 6607350K->3861384K(8363520K), 0.0462620 secs] [Times: user=0.28 sys=0.02, real=0.04 secs] 
2011-02-12T09:51:11.408+0000: 34360.728: [GC
Desired survivor size 20578304 bytes, new threshold 1 (max 15)
 [PSYoungGen: 2771034K->7872K(2776064K)] 6617608K->3855052K(8368512K), 0.0377100 secs] [Times: user=0.22 sys=0.01, real=0.04 secs] 
2011-02-12T09:51:18.355+0000: 34367.675: [GC
Desired survivor size 21168128 bytes, new threshold 1 (max 15)
 [PSYoungGen: 2763136K->14176K(2775360K)] 6610316K->3861784K(8367808K), 0.0477960 secs] [Times: user=0.28 sys=0.03, real=0.05 secs] 
2011-02-12T09:51:25.636+0000: 34374.955: [GC
Desired survivor size 20774912 bytes, new threshold 1 (max 15)
 [PSYoungGen: 2769440K->6304K(2775872K)] 6617048K->3854340K(8368320K), 0.0407370 secs] [Times: user=0.20 sys=0.02, real=0.04 secs] 
2011-02-12T09:51:32.292+0000: 34381.612: [GC
Desired survivor size 21168128 bytes, new threshold 1 (max 15)
 [PSYoungGen: 2761504K->13632K(2775488K)] 6609540K->3862180K(8367936K), 0.0477590 secs] [Times: user=0.26 sys=0.02, real=0.04 secs] 
2011-02-12T09:51:39.304+0000: 34388.624: [GC
Desired survivor size 21757952 bytes, new threshold 1 (max 15)
 [PSYoungGen: 2768832K->14560K(2774336K)] 6617380K->3863488K(8366784K), 0.0476560 secs] [Times: user=0.28 sys=0.01, real=0.04 secs] 
2011-02-12T09:51:46.825+0000: 34396.144: [GC
Desired survivor size 21889024 bytes, new threshold 1 (max 15)
 [PSYoungGen: 2768224K->13792K(2767488K)] 6617152K->3863136K(8359936K), 0.0455540 secs] [Times: user=0.27 sys=0.01, real=0.04 secs] 
2011-02-12T09:51:54.220+0000: 34403.540: [GC
Desired survivor size 21954560 bytes, new threshold 1 (max 15)
 [PSYoungGen: 2767456K->4304K(2774656K)] 6616800K->3854324K(8367104K), 0.0338630 secs] [Times: user=0.19 sys=0.00, real=0.03 secs] 
2011-02-12T09:52:01.093+0000: 34410.412: [GC
Desired survivor size 21692416 bytes, new threshold 1 (max 15)
 [PSYoungGen: 2757584K->5314K(2774720K)] 6607604K->3856054K(8367168K), 0.0358610 secs] [Times: user=0.19 sys=0.01, real=0.04 secs] 
2011-02-12T09:52:07.146+0000: 34416.466: [GC
Desired survivor size 21299200 bytes, new threshold 1 (max 15)
 [PSYoungGen: 2758594K->5368K(2775360K)] 6609334K->3856882K(8367808K), 0.0371220 secs] [Times: user=0.18 sys=0.01, real=0.03 secs] 
2011-02-12T09:52:14.111+0000: 34423.431: [GC
Desired survivor size 21037056 bytes, new threshold 1 (max 15)
 [PSYoungGen: 2759544K->3920K(2774976K)] 6611058K->3855930K(8367424K), 0.0335620 secs] [Times: user=0.19 sys=0.01, real=0.03 secs] 
2011-02-12T09:52:20.647+0000: 34429.967: [GC
Desired survivor size 22282240 bytes, new threshold 1 (max 15)
 [PSYoungGen: 2758096K->15237K(2773184K)] 6610106K->3867776K(8365632K), 0.0438000 secs] [Times: user=0.28 sys=0.01, real=0.05 secs] 
2011-02-12T09:52:27.577+0000: 34436.897: [GC
Desired survivor size 23199744 bytes, new threshold 1 (max 15)
 [PSYoungGen: 2767877K->15072K(2767744K)] 6620416K->3868067K(8360192K), 0.0469020 secs] [Times: user=0.28 sys=0.01, real=0.05 secs] 
2011-02-12T09:52:35.006+0000: 34444.326: [GC
Desired survivor size 22216704 bytes, new threshold 1 (max 15)
 [PSYoungGen: 2767712K->8096K(2774464K)] 6620707K->3861543K(8366912K), 0.0436670 secs] [Times: user=0.21 sys=0.02, real=0.05 secs] 
2011-02-12T09:52:42.354+0000: 34451.674: [GC
Desired survivor size 22413312 bytes, new threshold 1 (max 15)
 [PSYoungGen: 2759904K->13600K(2773504K)] 6613351K->3867615K(8365952K), 0.0434060 secs] [Times: user=0.26 sys=0.01, real=0.04 secs] 
2011-02-12T09:52:49.689+0000: 34459.009: [GC
Desired survivor size 21299200 bytes, new threshold 1 (max 15)
 [PSYoungGen: 2765408K->10352K(2775360K)] 6619423K->3864775K(8367808K), 0.0449590 secs] [Times: user=0.23 sys=0.02, real=0.05 secs] 
2011-02-12T09:52:57.214+0000: 34466.534: [GC
Desired survivor size 21495808 bytes, new threshold 1 (max 15)
 [PSYoungGen: 2763824K->2864K(2774272K)] 6618247K->3857947K(8366720K), 0.0304980 secs] [Times: user=0.18 sys=0.02, real=0.03 secs] 
2011-02-12T09:53:04.496+0000: 34473.816: [GC
Desired survivor size 20643840 bytes, new threshold 1 (max 15)
 [PSYoungGen: 2756336K->7642K(2776000K)] 6611419K->3863413K(8368448K), 0.0387220 secs] [Times: user=0.21 sys=0.01, real=0.04 secs] 
2011-02-12T09:53:11.883+0000: 34481.203: [GC
Desired survivor size 21364736 bytes, new threshold 1 (max 15)
 [PSYoungGen: 2762650K->14048K(2775168K)] 6618421K->3870553K(8367616K), 0.0476650 secs] [Times: user=0.25 sys=0.01, real=0.05 secs] 
2011-02-12T09:53:19.638+0000: 34488.958: [GC
Desired survivor size 20971520 bytes, new threshold 1 (max 15)
 [PSYoungGen: 2769056K->11840K(2775680K)] 6625561K->3868833K(8368128K), 0.0423650 secs] [Times: user=0.25 sys=0.00, real=0.04 secs] 
2011-02-12T09:53:27.153+0000: 34496.472: [GC
Desired survivor size 20447232 bytes, new threshold 1 (max 15)
 [PSYoungGen: 2766656K->7104K(2775296K)] 6623649K->3864545K(8367744K), 0.0356900 secs] [Times: user=0.20 sys=0.01, real=0.04 secs] 
2011-02-12T09:53:34.161+0000: 34503.481: [GC
Desired survivor size 20774912 bytes, new threshold 1 (max 15)
 [PSYoungGen: 2761920K->13344K(2775552K)] 6619361K->3871281K(8368000K), 0.0438800 secs] [Times: user=0.24 sys=0.02, real=0.04 secs] 
2011-02-12T09:53:41.456+0000: 34510.776: [GC
Desired survivor size 22085632 bytes, new threshold 1 (max 15)
 [PSYoungGen: 2768928K->16298K(2771904K)] 6626865K->3874643K(8364352K), 0.0473900 secs] [Times: user=0.28 sys=0.01, real=0.05 secs] 
2011-02-12T09:53:48.910+0000: 34518.230: [GC
Desired survivor size 21299200 bytes, new threshold 1 (max 15)
 [PSYoungGen: 2771882K->8912K(2775360K)] 6630227K->3867725K(8367808K), 0.0413540 secs] [Times: user=0.23 sys=0.01, real=0.04 secs] 
2011-02-12T09:53:56.438+0000: 34525.757: [GC
Desired survivor size 21168128 bytes, new threshold 1 (max 15)
 [PSYoungGen: 2762704K->5152K(2774592K)] 6621517K->3864525K(8367040K), 0.0369000 secs] [Times: user=0.19 sys=0.03, real=0.04 secs] 
2011-02-12T09:54:02.722+0000: 34532.042: [GC
Desired survivor size 20316160 bytes, new threshold 1 (max 15)
 [PSYoungGen: 2758944K->8601K(2776320K)] 6618317K->3868791K(8368768K), 0.0388340 secs] [Times: user=0.22 sys=0.01, real=0.04 secs] 
2011-02-12T09:54:09.754+0000: 34539.074: [GC
Desired survivor size 19988480 bytes, new threshold 1 (max 15)
 [PSYoungGen: 2764249K->5728K(2775488K)] 6624439K->3866599K(8367936K), 0.0356990 secs] [Times: user=0.19 sys=0.02, real=0.03 secs] 
2011-02-12T09:54:17.351+0000: 34546.671: [GC
Desired survivor size 19595264 bytes, new threshold 1 (max 15)
 [PSYoungGen: 2761376K->11024K(2777024K)] 6622247K->3872343K(8369472K), 0.0435750 secs] [Times: user=0.25 sys=0.01, real=0.05 secs] 
2011-02-12T09:54:24.647+0000: 34553.967: [GC
Desired survivor size 18808832 bytes, new threshold 1 (max 15)
 [PSYoungGen: 2768528K->10208K(2776640K)] 6629847K->3872131K(8369088K), 0.0412100 secs] [Times: user=0.23 sys=0.01, real=0.04 secs] 
2011-02-12T09:54:31.918+0000: 34561.238: [GC
Desired survivor size 18219008 bytes, new threshold 1 (max 15)
 [PSYoungGen: 2767712K->7936K(2778368K)] 6629635K->3870291K(8370816K), 0.0407070 secs] [Times: user=0.22 sys=0.02, real=0.04 secs] 
2011-02-12T09:54:39.029+0000: 34568.348: [GC
Desired survivor size 18219008 bytes, new threshold 1 (max 15)
 [PSYoungGen: 2767936K->11648K(2777792K)] 6630291K->3874447K(8370240K), 0.0459190 secs] [Times: user=0.25 sys=0.03, real=0.04 secs] 
2011-02-12T09:54:46.312+0000: 34575.632: [GC
Desired survivor size 20185088 bytes, new threshold 1 (max 15)
 [PSYoungGen: 2771648K->17072K(2774528K)] 6634447K->3880339K(8366976K), 0.0480180 secs] [Times: user=0.29 sys=0.02, real=0.05 secs] 
2011-02-12T09:54:53.734+0000: 34583.053: [GC
Desired survivor size 19726336 bytes, new threshold 1 (max 15)
 [PSYoungGen: 2773808K->7808K(2776448K)] 6637075K->3871645K(8368896K), 0.0408170 secs] [Times: user=0.19 sys=0.01, real=0.04 secs] 
2011-02-12T09:55:00.593+0000: 34589.912: [GC
Desired survivor size 18808832 bytes, new threshold 1 (max 15)
 [PSYoungGen: 2764544K->9954K(2777792K)] 6628381K->3874515K(8370240K), 0.0417770 secs] [Times: user=0.23 sys=0.02, real=0.04 secs] 
2011-02-12T09:55:06.855+0000: 34596.175: [GC
Desired survivor size 19988480 bytes, new threshold 1 (max 15)
 [PSYoungGen: 2768482K->15544K(2774080K)] 6633043K->3880863K(8366528K), 0.0503060 secs] [Times: user=0.26 sys=0.03, real=0.05 secs] 
2011-02-12T09:55:13.087+0000: 34602.406: [GC
Desired survivor size 19857408 bytes, new threshold 1 (max 15)
 [PSYoungGen: 2774072K->6368K(2776768K)] 6639391K->3872243K(8369216K), 0.0372970 secs] [Times: user=0.21 sys=0.01, real=0.04 secs] 
2011-02-12T09:55:19.352+0000: 34608.672: [GC
Desired survivor size 18939904 bytes, new threshold 1 (max 15)
 [PSYoungGen: 2763616K->10176K(2776640K)] 6629491K->3876527K(8369088K), 0.0409610 secs] [Times: user=0.23 sys=0.01, real=0.04 secs] 
2011-02-12T09:55:26.423+0000: 34615.743: [GC
Desired survivor size 18546688 bytes, new threshold 1 (max 15)
 [PSYoungGen: 2767424K->11424K(2778048K)] 6633775K->3878239K(8370496K), 0.0432740 secs] [Times: user=0.24 sys=0.01, real=0.04 secs] 
2011-02-12T09:55:33.271+0000: 34622.590: [GC
Desired survivor size 19464192 bytes, new threshold 1 (max 15)
 [PSYoungGen: 2770976K->14911K(2774464K)] 6637791K->3882229K(8366912K), 0.0466720 secs] [Times: user=0.28 sys=0.02, real=0.05 secs] 
2011-02-12T09:55:40.426+0000: 34629.745: [GC
Desired survivor size 19857408 bytes, new threshold 1 (max 15)
 [PSYoungGen: 2774463K->14048K(2776384K)] 6641781K->3881806K(8368832K), 0.0456460 secs] [Times: user=0.26 sys=0.02, real=0.04 secs] 
2011-02-12T09:55:47.130+0000: 34636.450: [GC
Desired survivor size 20643840 bytes, new threshold 1 (max 15)
 [PSYoungGen: 2771424K->15472K(2772864K)] 6639182K->3883774K(8365312K), 0.0476060 secs] [Times: user=0.28 sys=0.02, real=0.05 secs] 
2011-02-12T09:55:54.315+0000: 34643.635: [GC
Desired survivor size 20447232 bytes, new threshold 1 (max 15)
 [PSYoungGen: 2772848K->7808K(2776192K)] 6641150K->3876590K(8368640K), 0.0375920 secs] [Times: user=0.21 sys=0.01, real=0.03 secs] 
2011-02-12T09:56:01.485+0000: 34650.804: [GC
Desired survivor size 22151168 bytes, new threshold 1 (max 15)
 [PSYoungGen: 2763840K->17986K(2774080K)] 6632622K->3887468K(8366528K), 0.0803290 secs] [Times: user=0.27 sys=0.02, real=0.08 secs] 
2011-02-12T09:56:08.155+0000: 34657.475: [GC
Desired survivor size 22413312 bytes, new threshold 1 (max 15)
 [PSYoungGen: 2774018K->4440K(2774016K)] 6643500K->3874648K(8366464K), 0.0345870 secs] [Times: user=0.19 sys=0.02, real=0.04 secs] 
2011-02-12T09:56:15.278+0000: 34664.597: [GC
Desired survivor size 21889024 bytes, new threshold 1 (max 15)
 [PSYoungGen: 2756824K->7840K(2774272K)] 6627032K->3878652K(8366720K), 0.0386530 secs] [Times: user=0.20 sys=0.02, real=0.04 secs] 
2011-02-12T09:56:22.532+0000: 34671.852: [GC
Desired survivor size 20840448 bytes, new threshold 1 (max 15)
 [PSYoungGen: 2760224K->10752K(2775808K)] 6631036K->3882020K(8368256K), 0.0440770 secs] [Times: user=0.23 sys=0.02, real=0.04 secs] 
2011-02-12T09:56:29.613+0000: 34678.933: [GC
Desired survivor size 21299200 bytes, new threshold 1 (max 15)
 [PSYoungGen: 2765184K->14591K(2774784K)] 6636452K->3886352K(8367232K), 0.0458970 secs] [Times: user=0.24 sys=0.02, real=0.05 secs] 
2011-02-12T09:56:36.674+0000: 34685.994: [GC
Desired survivor size 21757952 bytes, new threshold 1 (max 15)
 [PSYoungGen: 2769023K->2912K(2774464K)] 6640784K->3875152K(8366912K), 0.0315060 secs] [Times: user=0.18 sys=0.01, real=0.03 secs] 
2011-02-12T09:56:43.765+0000: 34693.085: [GC
Desired survivor size 21626880 bytes, new threshold 1 (max 15)
 [PSYoungGen: 2756576K->4768K(2774912K)] 6628816K->3877464K(8367360K), 0.0334730 secs] [Times: user=0.17 sys=0.01, real=0.03 secs] 
2011-02-12T09:56:51.670+0000: 34700.989: [GC
Desired survivor size 21626880 bytes, new threshold 1 (max 15)
 [PSYoungGen: 2758432K->12928K(2775040K)] 6631128K->3886104K(8367488K), 0.0443160 secs] [Times: user=0.26 sys=0.01, real=0.05 secs] 
2011-02-12T09:56:58.980+0000: 34708.300: [GC
Desired survivor size 20971520 bytes, new threshold 1 (max 15)
 [PSYoungGen: 2766848K->11392K(2775040K)] 6640024K->3885297K(8367488K), 0.0448150 secs] [Times: user=0.24 sys=0.01, real=0.05 secs] 
2011-02-12T09:57:05.132+0000: 34714.451: [GC
Desired survivor size 22085632 bytes, new threshold 1 (max 15)
 [PSYoungGen: 2765312K->15834K(2773504K)] 6639217K->3890423K(8365952K), 0.0518560 secs] [Times: user=0.27 sys=0.01, real=0.06 secs] 
2011-02-12T09:57:11.949+0000: 34721.269: [GC
Desired survivor size 22216704 bytes, new threshold 1 (max 15)
 [PSYoungGen: 2768858K->14112K(2767168K)] 6643447K->3889403K(8359616K), 0.0480910 secs] [Times: user=0.25 sys=0.02, real=0.05 secs] 
2011-02-12T09:57:19.287+0000: 34728.607: [GC
Desired survivor size 22282240 bytes, new threshold 1 (max 15)
 [PSYoungGen: 2767136K->4524K(2774336K)] 6642427K->3880311K(8366784K), 0.0334290 secs] [Times: user=0.18 sys=0.01, real=0.03 secs] 
2011-02-12T09:57:26.080+0000: 34735.400: [GC
Desired survivor size 22872064 bytes, new threshold 1 (max 15)
 [PSYoungGen: 2757164K->15008K(2767680K)] 6632951K->3891315K(8360128K), 0.0461600 secs] [Times: user=0.26 sys=0.02, real=0.05 secs] 
2011-02-12T09:57:32.381+0000: 34741.701: [GC
Desired survivor size 22609920 bytes, new threshold 1 (max 15)
 [PSYoungGen: 2767648K->5724K(2774080K)] 6643955K->3882555K(8366528K), 0.0390960 secs] [Times: user=0.20 sys=0.02, real=0.04 secs] 
2011-02-12T09:57:39.683+0000: 34749.003: [GC
Desired survivor size 23986176 bytes, new threshold 1 (max 15)
 [PSYoungGen: 2757468K->17120K(2768896K)] 6634299K->3894392K(8361344K), 0.0485550 secs] [Times: user=0.29 sys=0.02, real=0.05 secs] 
2011-02-12T09:57:46.481+0000: 34755.800: [GC
Desired survivor size 24182784 bytes, new threshold 1 (max 15)
 [PSYoungGen: 2768864K->14944K(2772352K)] 6646136K->3892800K(8364800K), 0.0494490 secs] [Times: user=0.29 sys=0.03, real=0.05 secs] 
2011-02-12T09:57:53.124+0000: 34762.444: [GC
Desired survivor size 23068672 bytes, new threshold 1 (max 15)
 [PSYoungGen: 2763872K->10512K(2772544K)] 6641728K->3888808K(8364992K), 0.0421600 secs] [Times: user=0.24 sys=0.02, real=0.04 secs] 
2011-02-12T09:58:00.008+0000: 34769.328: [GC
Desired survivor size 22085632 bytes, new threshold 1 (max 15)
 [PSYoungGen: 2759440K->11648K(2774592K)] 6637736K->3890748K(8367040K), 0.0432020 secs] [Times: user=0.24 sys=0.02, real=0.05 secs] 
2011-02-12T09:58:06.436+0000: 34775.755: [GC
Desired survivor size 22216704 bytes, new threshold 1 (max 15)
 [PSYoungGen: 2763712K->4569K(2773632K)] 6642812K->3884262K(8366080K), 0.0330410 secs] [Times: user=0.19 sys=0.01, real=0.03 secs] 
2011-02-12T09:58:12.749+0000: 34782.069: [GC
Desired survivor size 21561344 bytes, new threshold 1 (max 15)
 [PSYoungGen: 2756633K->8128K(2775104K)] 6636326K->3888506K(8367552K), 0.0402270 secs] [Times: user=0.23 sys=0.01, real=0.04 secs] 
2011-02-12T09:58:19.355+0000: 34788.675: [GC
Desired survivor size 21299200 bytes, new threshold 1 (max 15)
 [PSYoungGen: 2761536K->5632K(2774464K)] 6641914K->3886485K(8366912K), 0.0354620 secs] [Times: user=0.20 sys=0.01, real=0.03 secs] 
2011-02-12T09:58:25.861+0000: 34795.181: [GC
Desired survivor size 20971520 bytes, new threshold 1 (max 15)
 [PSYoungGen: 2759040K->12096K(2775680K)] 6639893K->3893487K(8368128K), 0.0462130 secs] [Times: user=0.26 sys=0.02, real=0.05 secs] 
2011-02-12T09:58:32.760+0000: 34802.080: [GC
Desired survivor size 20119552 bytes, new threshold 1 (max 15)
 [PSYoungGen: 2766976K->10624K(2775360K)] 6648367K->3892471K(8367808K), 0.0410360 secs] [Times: user=0.24 sys=0.01, real=0.04 secs] 
2011-02-12T09:58:39.946+0000: 34809.266: [GC
Desired survivor size 21102592 bytes, new threshold 1 (max 15)
 [PSYoungGen: 2765504K->15328K(2774592K)] 6647351K->3897663K(8367040K), 0.0497030 secs] [Times: user=0.28 sys=0.03, real=0.05 secs] 
2011-02-12T09:58:47.039+0000: 34816.359: [GC
Desired survivor size 21299200 bytes, new threshold 1 (max 15)
 [PSYoungGen: 2770272K->3536K(2758528K)] 6652607K->3886399K(8350976K), 0.0306870 secs] [Times: user=0.19 sys=0.02, real=0.03 secs] 
2011-02-12T09:58:53.077+0000: 34822.397: [GC
Desired survivor size 21037056 bytes, new threshold 1 (max 15)
 [PSYoungGen: 2758480K->5200K(2775616K)] 6641343K->3888599K(8368064K), 0.0356470 secs] [Times: user=0.18 sys=0.01, real=0.03 secs] 
2011-02-12T09:59:00.464+0000: 34829.783: [GC
Desired survivor size 20643840 bytes, new threshold 1 (max 15)
 [PSYoungGen: 2760016K->5522K(2775360K)] 6643415K->3889470K(8367808K), 0.0345850 secs] [Times: user=0.19 sys=0.02, real=0.04 secs] 
2011-02-12T09:59:07.065+0000: 34836.385: [GC
Desired survivor size 20381696 bytes, new threshold 1 (max 15)
 [PSYoungGen: 2760338K->4312K(2776256K)] 6644286K->3889144K(8368704K), 0.0337340 secs] [Times: user=0.19 sys=0.01, real=0.04 secs] 
2011-02-12T09:59:14.286+0000: 34843.606: [GC
Desired survivor size 19857408 bytes, new threshold 1 (max 15)
 [PSYoungGen: 2760408K->4960K(2776000K)] 6645240K->3890430K(8368448K), 0.0358360 secs] [Times: user=0.18 sys=0.01, real=0.04 secs] 
2011-02-12T09:59:21.363+0000: 34850.683: [GC
Desired survivor size 19005440 bytes, new threshold 1 (max 15)
 [PSYoungGen: 2761056K->6624K(2777600K)] 6646526K->3892562K(8370048K), 0.0372300 secs] [Times: user=0.20 sys=0.01, real=0.04 secs] 
2011-02-12T09:59:28.554+0000: 34857.874: [GC
Desired survivor size 18546688 bytes, new threshold 1 (max 15)
 [PSYoungGen: 2764832K->9760K(2776768K)] 6650770K->3896250K(8369216K), 0.0431040 secs] [Times: user=0.22 sys=0.01, real=0.04 secs] 
2011-02-12T09:59:35.900+0000: 34865.220: [GC
Desired survivor size 19726336 bytes, new threshold 1 (max 15)
 [PSYoungGen: 2767968K->14000K(2775744K)] 6654458K->3900894K(8368192K), 0.0445080 secs] [Times: user=0.27 sys=0.01, real=0.05 secs] 
2011-02-12T09:59:42.652+0000: 34871.972: [GC
Desired survivor size 20512768 bytes, new threshold 1 (max 15)
 [PSYoungGen: 2771632K->13824K(2771456K)] 6658526K->3901310K(8363904K), 0.0441500 secs] [Times: user=0.27 sys=0.02, real=0.04 secs] 
2011-02-12T09:59:49.936+0000: 34879.256: [GC
Desired survivor size 20054016 bytes, new threshold 1 (max 15)
 [PSYoungGen: 2771456K->5936K(2776576K)] 6658942K->3893902K(8369024K), 0.0377760 secs] [Times: user=0.19 sys=0.01, real=0.04 secs] 
2011-02-12T09:59:57.059+0000: 34886.378: [GC
Desired survivor size 19464192 bytes, new threshold 1 (max 15)
 [PSYoungGen: 2762480K->6064K(2776128K)] 6650446K->3894598K(8368576K), 0.0359330 secs] [Times: user=0.20 sys=0.01, real=0.04 secs] 
2011-02-12T10:00:03.731+0000: 34893.050: [GC
Desired survivor size 18939904 bytes, new threshold 1 (max 15)
 [PSYoungGen: 2762608K->5602K(2777664K)] 6651142K->3894905K(8370112K), 0.0376840 secs] [Times: user=0.19 sys=0.01, real=0.04 secs] 
2011-02-12T10:00:09.800+0000: 34899.119: [GC
Desired survivor size 18350080 bytes, new threshold 1 (max 15)
 [PSYoungGen: 2764258K->6128K(2777152K)] 6653561K->3896145K(8369600K), 0.0384580 secs] [Times: user=0.20 sys=0.01, real=0.04 secs] 
2011-02-12T10:00:16.707+0000: 34906.027: [GC
Desired survivor size 17825792 bytes, new threshold 1 (max 15)
 [PSYoungGen: 2764784K->5344K(2778752K)] 6654801K->3895993K(8371200K), 0.0348420 secs] [Times: user=0.19 sys=0.01, real=0.03 secs] 
2011-02-12T10:00:24.021+0000: 34913.341: [GC
Desired survivor size 18415616 bytes, new threshold 1 (max 15)
 [PSYoungGen: 2766176K->12000K(2772864K)] 6656825K->3903161K(8365312K), 0.0438150 secs] [Times: user=0.24 sys=0.01, real=0.04 secs] 
2011-02-12T10:00:31.108+0000: 34920.428: [GC
Desired survivor size 19660800 bytes, new threshold 1 (max 15)
 [PSYoungGen: 2772832K->14188K(2775744K)] 6663993K->3905862K(8368192K), 0.0449910 secs] [Times: user=0.27 sys=0.02, real=0.04 secs] 
2011-02-12T10:00:37.744+0000: 34927.064: [GC
Desired survivor size 18808832 bytes, new threshold 1 (max 15)
 [PSYoungGen: 2771948K->7584K(2776960K)] 6663622K->3899827K(8369408K), 0.0372450 secs] [Times: user=0.21 sys=0.01, real=0.04 secs] 
2011-02-12T10:00:44.107+0000: 34933.427: [GC
Desired survivor size 18808832 bytes, new threshold 1 (max 15)
 [PSYoungGen: 2765344K->11232K(2777792K)] 6657587K->3903931K(8370240K), 0.0437360 secs] [Times: user=0.23 sys=0.02, real=0.05 secs] 
2011-02-12T10:00:51.146+0000: 34940.466: [GC
Desired survivor size 18350080 bytes, new threshold 1 (max 15)
 [PSYoungGen: 2770656K->10288K(2777792K)] 6663355K->3903491K(8370240K), 0.0399240 secs] [Times: user=0.24 sys=0.01, real=0.04 secs] 
2011-02-12T10:00:57.596+0000: 34946.916: [GC
Desired survivor size 17956864 bytes, new threshold 1 (max 15)
 [PSYoungGen: 2769712K->6112K(2778624K)] 6662915K->3899840K(8371072K), 0.0401560 secs] [Times: user=0.20 sys=0.02, real=0.04 secs] 
2011-02-12T10:01:03.865+0000: 34953.185: [GC
Desired survivor size 17891328 bytes, new threshold 1 (max 15)
 [PSYoungGen: 2766813K->10970K(2778240K)] 6660541K->3905459K(8370688K), 0.0416770 secs] [Times: user=0.24 sys=0.01, real=0.04 secs] 
2011-02-12T10:01:10.373+0000: 34959.693: [GC
Desired survivor size 17694720 bytes, new threshold 1 (max 15)
 [PSYoungGen: 2771674K->5056K(2778880K)] 6666163K->3900291K(8371328K), 0.0369540 secs] [Times: user=0.19 sys=0.02, real=0.03 secs] 
2011-02-12T10:01:16.965+0000: 34966.284: [GC
Desired survivor size 17563648 bytes, new threshold 1 (max 15)
 [PSYoungGen: 2766464K->4240K(2778688K)] 6661699K->3899979K(8371136K), 0.0334960 secs] [Times: user=0.18 sys=0.00, real=0.03 secs] 
2011-02-12T10:01:24.283+0000: 34973.603: [GC
Desired survivor size 18087936 bytes, new threshold 1 (max 15)
 [PSYoungGen: 2765648K->11900K(2777984K)] 6661387K->3908240K(8370432K), 0.0427400 secs] [Times: user=0.25 sys=0.01, real=0.05 secs] 
2011-02-12T10:01:31.471+0000: 34980.790: [GC
Desired survivor size 20840448 bytes, new threshold 1 (max 15)
 [PSYoungGen: 2772732K->17664K(2778496K)] 6669072K->3914643K(8370944K), 0.0509200 secs] [Times: user=0.27 sys=0.01, real=0.05 secs] 
2011-02-12T10:01:38.334+0000: 34987.654: [GC
Desired survivor size 22675456 bytes, new threshold 1 (max 15)
 [PSYoungGen: 2778496K->17264K(2769536K)] 6675475K->3914819K(8361984K), 0.0485810 secs] [Times: user=0.29 sys=0.01, real=0.05 secs] 
2011-02-12T10:01:44.842+0000: 34994.162: [GC
Desired survivor size 22282240 bytes, new threshold 1 (max 15)
 [PSYoungGen: 2769136K->12544K(2774016K)] 6666691K->3910683K(8366464K), 0.0443960 secs] [Times: user=0.27 sys=0.01, real=0.05 secs] 
2011-02-12T10:01:51.084+0000: 35000.403: [GC
Desired survivor size 23658496 bytes, new threshold 1 (max 15)
 [PSYoungGen: 2764416K->17168K(2771712K)] 6662555K->3915803K(8364160K), 0.0494790 secs] [Times: user=0.30 sys=0.01, real=0.05 secs] 
2011-02-12T10:01:57.833+0000: 35007.153: [GC
Desired survivor size 23330816 bytes, new threshold 1 (max 15)
 [PSYoungGen: 2767120K->13584K(2773056K)] 6665755K->3912779K(8365504K), 0.0464540 secs] [Times: user=0.27 sys=0.01, real=0.05 secs] 
2011-02-12T10:02:04.061+0000: 35013.381: [GC
Desired survivor size 22478848 bytes, new threshold 1 (max 15)
 [PSYoungGen: 2763536K->9785K(2774208K)] 6662731K->3909701K(8366656K), 0.0417480 secs] [Times: user=0.24 sys=0.02, real=0.04 secs] 
2011-02-12T10:02:10.560+0000: 35019.880: [GC
Desired survivor size 23396352 bytes, new threshold 1 (max 15)
 [PSYoungGen: 2761209K->16640K(2768064K)] 6661125K->3917297K(8360512K), 0.0492590 secs] [Times: user=0.28 sys=0.02, real=0.04 secs] 
2011-02-12T10:02:17.206+0000: 35026.525: [GC
Desired survivor size 23134208 bytes, new threshold 1 (max 15)
 [PSYoungGen: 2768064K->13969K(2773568K)] 6668721K->3915043K(8366016K), 0.0446030 secs] [Times: user=0.25 sys=0.02, real=0.05 secs] 
2011-02-12T10:02:23.583+0000: 35032.903: [GC
Desired survivor size 22937600 bytes, new threshold 1 (max 15)
 [PSYoungGen: 2764689K->6801K(2773312K)] 6665763K->3908363K(8365760K), 0.0381450 secs] [Times: user=0.19 sys=0.01, real=0.04 secs] 
2011-02-12T10:02:29.956+0000: 35039.276: [GC
Desired survivor size 22544384 bytes, new threshold 1 (max 15)
 [PSYoungGen: 2757521K->13344K(2774144K)] 6659083K->3915329K(8366592K), 0.0446110 secs] [Times: user=0.26 sys=0.01, real=0.04 secs] 
2011-02-12T10:02:37.277+0000: 35046.596: [GC
Desired survivor size 22675456 bytes, new threshold 1 (max 15)
 [PSYoungGen: 2765088K->4736K(2773760K)] 6667073K->3907189K(8366208K), 0.0358600 secs] [Times: user=0.19 sys=0.02, real=0.04 secs] 
2011-02-12T10:02:44.519+0000: 35053.839: [GC
Desired survivor size 21626880 bytes, new threshold 1 (max 15)
 [PSYoungGen: 2756480K->10400K(2775040K)] 6658933K->3913277K(8367488K), 0.0410710 secs] [Times: user=0.24 sys=0.01, real=0.04 secs] 
2011-02-12T10:02:51.377+0000: 35060.696: [GC
Desired survivor size 20709376 bytes, new threshold 1 (max 15)
 [PSYoungGen: 2763296K->10476K(2774016K)] 6666173K->3913853K(8366464K), 0.0426680 secs] [Times: user=0.23 sys=0.01, real=0.04 secs] 
2011-02-12T10:02:58.992+0000: 35068.312: [GC
Desired survivor size 21102592 bytes, new threshold 1 (max 15)
 [PSYoungGen: 2763372K->3168K(2775168K)] 6666749K->3907086K(8367616K), 0.0319490 secs] [Times: user=0.18 sys=0.02, real=0.03 secs] 
2011-02-12T10:03:05.534+0000: 35074.854: [GC
Desired survivor size 21102592 bytes, new threshold 1 (max 15)
 [PSYoungGen: 2758112K->12921K(2775552K)] 6662030K->3917608K(8368000K), 0.0476360 secs] [Times: user=0.24 sys=0.02, real=0.05 secs] 
2011-02-12T10:03:12.984+0000: 35082.304: [GC
Desired survivor size 20709376 bytes, new threshold 1 (max 15)
 [PSYoungGen: 2767865K->6528K(2775936K)] 6672552K->3911968K(8368384K), 0.0357790 secs] [Times: user=0.20 sys=0.02, real=0.04 secs] 
2011-02-12T10:03:20.621+0000: 35089.941: [GC
Desired survivor size 21692416 bytes, new threshold 1 (max 15)
 [PSYoungGen: 2761856K->15296K(2770624K)] 6667296K->3921227K(8363072K), 0.0479650 secs] [Times: user=0.26 sys=0.01, real=0.05 secs] 
2011-02-12T10:03:27.758+0000: 35097.077: [GC
Desired survivor size 21561344 bytes, new threshold 1 (max 15)
 [PSYoungGen: 2770624K->5024K(2775104K)] 6676555K->3911371K(8367552K), 0.0380250 secs] [Times: user=0.19 sys=0.02, real=0.04 secs] 
2011-02-12T10:03:35.667+0000: 35104.987: [GC
Desired survivor size 21561344 bytes, new threshold 1 (max 15)
 [PSYoungGen: 2758944K->3584K(2774976K)] 6665291K->3910395K(8367424K), 0.0320620 secs] [Times: user=0.19 sys=0.01, real=0.03 secs] 
2011-02-12T10:03:43.139+0000: 35112.459: [GC
Desired survivor size 20840448 bytes, new threshold 1 (max 15)
 [PSYoungGen: 2757504K->10624K(2775808K)] 6664315K->3917955K(8368256K), 0.0435110 secs] [Times: user=0.23 sys=0.00, real=0.05 secs] 
2011-02-12T10:03:50.541+0000: 35119.860: [GC
Desired survivor size 22872064 bytes, new threshold 1 (max 15)
 [PSYoungGen: 2765376K->17776K(2772544K)] 6672707K->3925579K(8364992K), 0.0548520 secs] [Times: user=0.27 sys=0.01, real=0.06 secs] 
2011-02-12T10:03:57.654+0000: 35126.974: [GC
Desired survivor size 22413312 bytes, new threshold 1 (max 15)
 [PSYoungGen: 2772528K->5920K(2774272K)] 6680331K->3914259K(8366720K), 0.0368840 secs] [Times: user=0.19 sys=0.01, real=0.03 secs] 
2011-02-12T10:04:04.683+0000: 35134.002: [GC
Desired survivor size 21692416 bytes, new threshold 1 (max 15)
 [PSYoungGen: 2757856K->6745K(2773824K)] 6666195K->3915789K(8366272K), 0.0389830 secs] [Times: user=0.21 sys=0.03, real=0.04 secs] 
2011-02-12T10:04:11.688+0000: 35141.008: [GC
Desired survivor size 20971520 bytes, new threshold 1 (max 15)
 [PSYoungGen: 2758681K->6912K(2775680K)] 6667725K->3916637K(8368128K), 0.0387090 secs] [Times: user=0.20 sys=0.02, real=0.04 secs] 
2011-02-12T10:04:19.100+0000: 35148.420: [GC
Desired survivor size 20643840 bytes, new threshold 1 (max 15)
 [PSYoungGen: 2761408K->11424K(2774976K)] 6671133K->3921629K(8367424K), 0.0435740 secs] [Times: user=0.24 sys=0.01, real=0.04 secs] 
2011-02-12T10:04:26.255+0000: 35155.574: [GC
Desired survivor size 20512768 bytes, new threshold 1 (max 15)
 [PSYoungGen: 2765920K->4160K(2776128K)] 6676125K->3914850K(8368576K), 0.0323530 secs] [Times: user=0.18 sys=0.01, real=0.04 secs] 
2011-02-12T10:04:33.725+0000: 35163.045: [GC
Desired survivor size 19726336 bytes, new threshold 1 (max 15)
 [PSYoungGen: 2760128K->9920K(2776000K)] 6670818K->3921082K(8368448K), 0.0435970 secs] [Times: user=0.24 sys=0.01, real=0.05 secs] 
2011-02-12T10:04:40.702+0000: 35170.022: [GC
Desired survivor size 19267584 bytes, new threshold 1 (max 15)
 [PSYoungGen: 2765888K->10592K(2777344K)] 6677050K->3922254K(8369792K), 0.0433350 secs] [Times: user=0.25 sys=0.01, real=0.04 secs] 
2011-02-12T10:04:48.196+0000: 35177.515: [GC
Desired survivor size 19070976 bytes, new threshold 1 (max 15)
 [PSYoungGen: 2768672K->4592K(2776896K)] 6680334K->3916774K(8369344K), 0.0362810 secs] [Times: user=0.20 sys=0.01, real=0.04 secs] 
2011-02-12T10:04:55.085+0000: 35184.405: [GC
Desired survivor size 19005440 bytes, new threshold 1 (max 15)
 [PSYoungGen: 2762672K->3472K(2777600K)] 6674854K->3916270K(8370048K), 0.0316000 secs] [Times: user=0.18 sys=0.01, real=0.03 secs] 
2011-02-12T10:05:01.920+0000: 35191.240: [GC
Desired survivor size 21692416 bytes, new threshold 1 (max 15)
 [PSYoungGen: 2762448K->18171K(2777152K)] 6675246K->3931624K(8369600K), 0.0510920 secs] [Times: user=0.29 sys=0.02, real=0.06 secs] 
2011-02-12T10:05:07.991+0000: 35197.311: [GC
Desired survivor size 21233664 bytes, new threshold 1 (max 15)
 [PSYoungGen: 2777147K->4764K(2773696K)] 6690600K->3919026K(8366144K), 0.0377480 secs] [Times: user=0.20 sys=0.01, real=0.03 secs] 
2011-02-12T10:05:15.223+0000: 35204.542: [GC
Desired survivor size 20643840 bytes, new threshold 1 (max 15)
 [PSYoungGen: 2759452K->5152K(2775424K)] 6673714K->3920046K(8367872K), 0.0366060 secs] [Times: user=0.20 sys=0.01, real=0.03 secs] 
2011-02-12T10:05:23.212+0000: 35212.531: [GC
Desired survivor size 19988480 bytes, new threshold 1 (max 15)
 [PSYoungGen: 2759840K->5472K(2776640K)] 6674734K->3920826K(8369088K), 0.0370790 secs] [Times: user=0.19 sys=0.02, real=0.04 secs] 
2011-02-12T10:05:30.676+0000: 35219.995: [GC
Desired survivor size 19136512 bytes, new threshold 1 (max 15)
 [PSYoungGen: 2761952K->6368K(2776000K)] 6677306K->3922165K(8368448K), 0.0397220 secs] [Times: user=0.20 sys=0.01, real=0.04 secs] 
2011-02-12T10:05:36.641+0000: 35225.960: [GC
Desired survivor size 18546688 bytes, new threshold 1 (max 15)
 [PSYoungGen: 2762848K->5120K(2778048K)] 6678645K->3921405K(8370496K), 0.0354440 secs] [Times: user=0.19 sys=0.01, real=0.04 secs] 
2011-02-12T10:05:44.028+0000: 35233.348: [GC
Desired survivor size 17891328 bytes, new threshold 1 (max 15)
 [PSYoungGen: 2764480K->8800K(2777472K)] 6680765K->3925549K(8369920K), 0.0371660 secs] [Times: user=0.22 sys=0.01, real=0.03 secs] 
2011-02-12T10:05:51.681+0000: 35241.001: [GC
Desired survivor size 17170432 bytes, new threshold 1 (max 15)
 [PSYoungGen: 2768160K->6288K(2779392K)] 6684909K->3923477K(8371840K), 0.0360220 secs] [Times: user=0.20 sys=0.01, real=0.04 secs] 
2011-02-12T10:05:59.383+0000: 35248.703: [GC
Desired survivor size 18874368 bytes, new threshold 1 (max 15)
 [PSYoungGen: 2768208K->14704K(2776640K)] 6685397K->3932518K(8369088K), 0.0492600 secs] [Times: user=0.28 sys=0.01, real=0.05 secs] 
2011-02-12T10:06:06.134+0000: 35255.453: [GC
Desired survivor size 18481152 bytes, new threshold 1 (max 15)
 [PSYoungGen: 2776624K->4793K(2778112K)] 6694438K->3923292K(8370560K), 0.0363900 secs] [Times: user=0.19 sys=0.00, real=0.04 secs] 
2011-02-12T10:06:13.343+0000: 35262.663: [GC
Desired survivor size 17629184 bytes, new threshold 1 (max 15)
 [PSYoungGen: 2764473K->7104K(2777728K)] 6682972K->3926272K(8370176K), 0.0382570 secs] [Times: user=0.20 sys=0.02, real=0.04 secs] 
2011-02-12T10:06:20.887+0000: 35270.206: [GC
Desired survivor size 17432576 bytes, new threshold 1 (max 15)
 [PSYoungGen: 2766784K->3488K(2779136K)] 6685952K->3923152K(8371584K), 0.0316300 secs] [Times: user=0.19 sys=0.01, real=0.03 secs] 
2011-02-12T10:06:28.615+0000: 35277.935: [GC
Desired survivor size 19005440 bytes, new threshold 1 (max 15)
 [PSYoungGen: 2765408K->14232K(2776192K)] 6685072K->3934368K(8368640K), 0.0471120 secs] [Times: user=0.25 sys=0.01, real=0.05 secs] 
2011-02-12T10:06:36.367+0000: 35285.687: [GC
Desired survivor size 20185088 bytes, new threshold 1 (max 15)
 [PSYoungGen: 2776152K->14048K(2775296K)] 6696288K->3934640K(8367744K), 0.0452830 secs] [Times: user=0.26 sys=0.01, real=0.05 secs] 
2011-02-12T10:06:44.272+0000: 35293.592: [GC
Desired survivor size 19922944 bytes, new threshold 1 (max 15)
 [PSYoungGen: 2770784K->10976K(2776448K)] 6691376K->3932104K(8368896K), 0.0449270 secs] [Times: user=0.24 sys=0.01, real=0.05 secs] 
2011-02-12T10:06:52.410+0000: 35301.730: [GC
Desired survivor size 19333120 bytes, new threshold 1 (max 15)
 [PSYoungGen: 2767712K->6256K(2777280K)] 6688840K->3927820K(8369728K), 0.0355250 secs] [Times: user=0.20 sys=0.01, real=0.04 secs] 
2011-02-12T10:07:00.098+0000: 35309.418: [GC
Desired survivor size 19136512 bytes, new threshold 1 (max 15)
 [PSYoungGen: 2764080K->3890K(2776704K)] 6685644K->3926046K(8369152K), 0.0329320 secs] [Times: user=0.19 sys=0.02, real=0.03 secs] 
2011-02-12T10:07:07.229+0000: 35316.549: [GC
Desired survivor size 18415616 bytes, new threshold 1 (max 15)
 [PSYoungGen: 2761714K->6135K(2778176K)] 6683870K->3929230K(8370624K), 0.0377600 secs] [Times: user=0.21 sys=0.02, real=0.04 secs] 
2011-02-12T10:07:15.080+0000: 35324.399: [GC
Desired survivor size 18415616 bytes, new threshold 1 (max 15)
 [PSYoungGen: 2765623K->2112K(2777472K)] 6688718K->3925750K(8369920K), 0.0310220 secs] [Times: user=0.17 sys=0.00, real=0.03 secs] 
2011-02-12T10:07:22.856+0000: 35332.176: [GC
Desired survivor size 19595264 bytes, new threshold 1 (max 15)
 [PSYoungGen: 2761600K->13312K(2775872K)] 6685238K->3937446K(8368320K), 0.0452510 secs] [Times: user=0.25 sys=0.01, real=0.05 secs] 
2011-02-12T10:07:30.729+0000: 35340.048: [GC
Desired survivor size 19988480 bytes, new threshold 1 (max 15)
 [PSYoungGen: 2771200K->12064K(2769984K)] 6695334K->3936694K(8362432K), 0.0463190 secs] [Times: user=0.25 sys=0.00, real=0.05 secs] 
2011-02-12T10:07:38.566+0000: 35347.885: [GC
Desired survivor size 20971520 bytes, new threshold 1 (max 15)
 [PSYoungGen: 2769952K->14080K(2774720K)] 6694582K->3939222K(8367168K), 0.0444420 secs] [Times: user=0.28 sys=0.01, real=0.05 secs] 
2011-02-12T10:07:46.552+0000: 35355.871: [GC
Desired survivor size 20840448 bytes, new threshold 1 (max 15)
 [PSYoungGen: 2769280K->3072K(2775680K)] 6694422K->3928718K(8368128K), 0.0308150 secs] [Times: user=0.18 sys=0.01, real=0.03 secs] 
2011-02-12T10:07:53.955+0000: 35363.274: [GC
Desired survivor size 20381696 bytes, new threshold 1 (max 15)
 [PSYoungGen: 2758272K->10440K(2776256K)] 6683918K->3936611K(8368704K), 0.0415850 secs] [Times: user=0.23 sys=0.01, real=0.04 secs] 
2011-02-12T10:08:01.663+0000: 35370.982: [GC
Desired survivor size 19529728 bytes, new threshold 1 (max 15)
 [PSYoungGen: 2766344K->6866K(2775808K)] 6692515K->3933909K(8368256K), 0.0386120 secs] [Times: user=0.20 sys=0.02, real=0.04 secs] 
2011-02-12T10:08:08.343+0000: 35377.663: [GC
Desired survivor size 20119552 bytes, new threshold 1 (max 15)
 [PSYoungGen: 2762770K->12872K(2775936K)] 6689813K->3940689K(8368384K), 0.0463660 secs] [Times: user=0.25 sys=0.02, real=0.05 secs] 
2011-02-12T10:08:15.223+0000: 35384.543: [GC
Desired survivor size 19660800 bytes, new threshold 1 (max 15)
 [PSYoungGen: 2769736K->10464K(2776512K)] 6697553K->3938993K(8368960K), 0.0412840 secs] [Times: user=0.24 sys=0.01, real=0.05 secs] 
2011-02-12T10:08:22.917+0000: 35392.237: [GC
Desired survivor size 19136512 bytes, new threshold 1 (max 15)
 [PSYoungGen: 2767328K->6144K(2777472K)] 6695857K->3935109K(8369920K), 0.0381270 secs] [Times: user=0.19 sys=0.02, real=0.04 secs] 
2011-02-12T10:08:30.694+0000: 35400.014: [GC
Desired survivor size 18808832 bytes, new threshold 1 (max 15)
 [PSYoungGen: 2764416K->4550K(2776960K)] 6693381K->3933948K(8369408K), 0.0338060 secs] [Times: user=0.20 sys=0.01, real=0.04 secs] 
2011-02-12T10:08:38.582+0000: 35407.902: [GC
Desired survivor size 18284544 bytes, new threshold 1 (max 15)
 [PSYoungGen: 2762822K->5397K(2778304K)] 6692220K->3935282K(8370752K), 0.0365900 secs] [Times: user=0.18 sys=0.00, real=0.04 secs] 
2011-02-12T10:08:46.474+0000: 35415.793: [GC
Desired survivor size 17825792 bytes, new threshold 1 (max 15)
 [PSYoungGen: 2765333K->5024K(2777792K)] 6695218K->3935470K(8370240K), 0.0361760 secs] [Times: user=0.19 sys=0.01, real=0.04 secs] 
2011-02-12T10:08:54.283+0000: 35423.602: [GC
Desired survivor size 17432576 bytes, new threshold 1 (max 15)
 [PSYoungGen: 2764960K->4096K(2779136K)] 6695406K->3935135K(8371584K), 0.0345410 secs] [Times: user=0.19 sys=0.01, real=0.03 secs] 
2011-02-12T10:09:01.919+0000: 35431.238: [GC
Desired survivor size 18284544 bytes, new threshold 1 (max 15)
 [PSYoungGen: 2765824K->12185K(2773952K)] 6696863K->3943989K(8366400K), 0.0434300 secs] [Times: user=0.25 sys=0.01, real=0.05 secs] 
2011-02-12T10:09:08.854+0000: 35438.174: [GC
Desired survivor size 17891328 bytes, new threshold 1 (max 15)
 [PSYoungGen: 2773913K->4208K(2778688K)] 6705717K->3936793K(8371136K), 0.0346490 secs] [Times: user=0.19 sys=0.01, real=0.03 secs] 
2011-02-12T10:09:15.931+0000: 35445.251: [GC
Desired survivor size 17104896 bytes, new threshold 1 (max 15)
 [PSYoungGen: 2765040K->6176K(2778304K)] 6697625K->3939321K(8370752K), 0.0386460 secs] [Times: user=0.19 sys=0.01, real=0.04 secs] 
2011-02-12T10:09:23.480+0000: 35452.800: [GC
Desired survivor size 19005440 bytes, new threshold 1 (max 15)
 [PSYoungGen: 2767008K->14912K(2775744K)] 6700153K->3948509K(8368192K), 0.0465780 secs] [Times: user=0.27 sys=0.00, real=0.05 secs] 
2011-02-12T10:09:30.832+0000: 35460.152: [GC
Desired survivor size 18219008 bytes, new threshold 1 (max 15)
 [PSYoungGen: 2773952K->8864K(2777600K)] 6707549K->3942949K(8370048K), 0.0406660 secs] [Times: user=0.22 sys=0.02, real=0.04 secs] 
2011-02-12T10:09:38.381+0000: 35467.701: [GC
Desired survivor size 19464192 bytes, new threshold 1 (max 15)
 [PSYoungGen: 2767904K->13920K(2775936K)] 6701989K->3948501K(8368384K), 0.0449640 secs] [Times: user=0.25 sys=0.01, real=0.05 secs] 
2011-02-12T10:09:45.662+0000: 35474.982: [GC
Desired survivor size 18677760 bytes, new threshold 1 (max 15)
 [PSYoungGen: 2772064K->7001K(2777152K)] 6706645K->3942006K(8369600K), 0.0411930 secs] [Times: user=0.21 sys=0.02, real=0.04 secs] 
2011-02-12T10:09:53.145+0000: 35482.465: [GC
Desired survivor size 19333120 bytes, new threshold 1 (max 15)
 [PSYoungGen: 2765145K->12816K(2776640K)] 6700150K->3948241K(8369088K), 0.0471060 secs] [Times: user=0.25 sys=0.01, real=0.05 secs] 
2011-02-12T10:10:00.919+0000: 35490.238: [GC
Desired survivor size 18874368 bytes, new threshold 1 (max 15)
 [PSYoungGen: 2771216K->10418K(2777280K)] 6706641K->3946475K(8369728K), 0.0418790 secs] [Times: user=0.22 sys=0.02, real=0.04 secs] 
2011-02-12T10:10:07.198+0000: 35496.518: [GC
Desired survivor size 21954560 bytes, new threshold 1 (max 15)
 [PSYoungGen: 2768818K->18407K(2771712K)] 6704875K->3955979K(8364160K), 0.0529520 secs] [Times: user=0.30 sys=0.02, real=0.05 secs] 
2011-02-12T10:10:12.927+0000: 35502.246: [GC
Desired survivor size 22478848 bytes, new threshold 1 (max 15)
 [PSYoungGen: 2771687K->14560K(2767872K)] 6709259K->3952743K(8360320K), 0.0494430 secs] [Times: user=0.24 sys=0.02, real=0.05 secs] 
2011-02-12T10:10:20.031+0000: 35509.351: [GC
Desired survivor size 22544384 bytes, new threshold 1 (max 15)
 [PSYoungGen: 2767840K->3760K(2774080K)] 6706023K->3942311K(8366528K), 0.0335770 secs] [Times: user=0.18 sys=0.02, real=0.03 secs] 
2011-02-12T10:10:26.864+0000: 35516.184: [GC
Desired survivor size 24641536 bytes, new threshold 1 (max 15)
 [PSYoungGen: 2755888K->18720K(2770880K)] 6694439K->3957727K(8363328K), 0.0524260 secs] [Times: user=0.30 sys=0.01, real=0.05 secs] 
2011-02-12T10:10:34.041+0000: 35523.361: [GC
Desired survivor size 24248320 bytes, new threshold 1 (max 15)
 [PSYoungGen: 2770848K->5024K(2772480K)] 6709855K->3944543K(8364928K), 0.0361980 secs] [Times: user=0.20 sys=0.01, real=0.04 secs] 
2011-02-12T10:10:41.155+0000: 35530.474: [GC
Desired survivor size 23527424 bytes, new threshold 1 (max 15)
 [PSYoungGen: 2753440K->6656K(2772096K)] 6692959K->3946647K(8364544K), 0.0444190 secs] [Times: user=0.19 sys=0.02, real=0.04 secs] 
2011-02-12T10:10:48.564+0000: 35537.883: [GC
Desired survivor size 23134208 bytes, new threshold 1 (max 15)
 [PSYoungGen: 2755072K->12400K(2773568K)] 6695063K->3952819K(8366016K), 0.0443030 secs] [Times: user=0.26 sys=0.02, real=0.04 secs] 
2011-02-12T10:10:56.113+0000: 35545.433: [GC
Desired survivor size 22413312 bytes, new threshold 1 (max 15)
 [PSYoungGen: 2762992K->6864K(2773184K)] 6703411K->3947764K(8365632K), 0.0375520 secs] [Times: user=0.20 sys=0.01, real=0.04 secs] 
2011-02-12T10:11:03.114+0000: 35552.434: [GC
Desired survivor size 21692416 bytes, new threshold 1 (max 15)
 [PSYoungGen: 2757456K->11018K(2774976K)] 6698356K->3952566K(8367424K), 0.0455030 secs] [Times: user=0.24 sys=0.01, real=0.05 secs] 
2011-02-12T10:11:10.535+0000: 35559.855: [GC
Desired survivor size 22282240 bytes, new threshold 1 (max 15)
 [PSYoungGen: 2764106K->14576K(2774272K)] 6705654K->3956954K(8366720K), 0.0458620 secs] [Times: user=0.26 sys=0.01, real=0.04 secs] 
2011-02-12T10:11:17.814+0000: 35567.134: [GC
Desired survivor size 21692416 bytes, new threshold 1 (max 15)
 [PSYoungGen: 2767664K->7040K(2774976K)] 6710042K->3949990K(8367424K), 0.0381580 secs] [Times: user=0.20 sys=0.02, real=0.04 secs] 
2011-02-12T10:11:24.832+0000: 35574.152: [GC
Desired survivor size 20840448 bytes, new threshold 1 (max 15)
 [PSYoungGen: 2760256K->8384K(2774400K)] 6703206K->3951806K(8366848K), 0.0405230 secs] [Times: user=0.22 sys=0.02, real=0.04 secs] 
2011-02-12T10:11:32.757+0000: 35582.077: [GC
Desired survivor size 20185088 bytes, new threshold 1 (max 15)
 [PSYoungGen: 2761600K->7744K(2776448K)] 6705022K->3951590K(8368896K), 0.0424550 secs] [Times: user=0.23 sys=0.01, real=0.05 secs] 
2011-02-12T10:11:40.240+0000: 35589.560: [GC
Desired survivor size 20709376 bytes, new threshold 1 (max 15)
 [PSYoungGen: 2763840K->13830K(2775808K)] 6707686K->3958205K(8368256K), 0.0469960 secs] [Times: user=0.25 sys=0.04, real=0.04 secs] 
2011-02-12T10:11:47.214+0000: 35596.534: [GC
Desired survivor size 20774912 bytes, new threshold 1 (max 15)
 [PSYoungGen: 2769926K->3904K(2775808K)] 6714301K->3948742K(8368256K), 0.0334510 secs] [Times: user=0.19 sys=0.01, real=0.03 secs] 
2011-02-12T10:11:54.502+0000: 35603.822: [GC
Desired survivor size 19791872 bytes, new threshold 1 (max 15)
 [PSYoungGen: 2759488K->8576K(2775872K)] 6704326K->3953938K(8368320K), 0.0411250 secs] [Times: user=0.21 sys=0.03, real=0.04 secs] 
2011-02-12T10:12:01.684+0000: 35611.004: [GC
Desired survivor size 19529728 bytes, new threshold 1 (max 15)
 [PSYoungGen: 2764160K->11394K(2777088K)] 6709522K->3957508K(8369536K), 0.0433200 secs] [Times: user=0.24 sys=0.03, real=0.04 secs] 
2011-02-12T10:12:08.075+0000: 35617.395: [GC
Desired survivor size 19464192 bytes, new threshold 1 (max 15)
 [PSYoungGen: 2769154K->4651K(2776832K)] 6715268K->3951452K(8369280K), 0.0351330 secs] [Times: user=0.18 sys=0.01, real=0.03 secs] 
2011-02-12T10:12:15.112+0000: 35624.431: [GC
Desired survivor size 18612224 bytes, new threshold 1 (max 15)
 [PSYoungGen: 2762411K->8224K(2777984K)] 6709212K->3955692K(8370432K), 0.0416210 secs] [Times: user=0.22 sys=0.02, real=0.05 secs] 
2011-02-12T10:12:22.254+0000: 35631.574: [GC
Desired survivor size 20054016 bytes, new threshold 1 (max 15)
 [PSYoungGen: 2767200K->15376K(2774400K)] 6714668K->3963304K(8366848K), 0.0473320 secs] [Times: user=0.27 sys=0.00, real=0.05 secs] 
2011-02-12T10:12:28.891+0000: 35638.210: [GC
Desired survivor size 19660800 bytes, new threshold 1 (max 15)
 [PSYoungGen: 2774352K->11299K(2776960K)] 6722280K->3959763K(8369408K), 0.0455730 secs] [Times: user=0.27 sys=0.01, real=0.05 secs] 
2011-02-12T10:12:36.321+0000: 35645.640: [GC
Desired survivor size 20643840 bytes, new threshold 1 (max 15)
 [PSYoungGen: 2768675K->14912K(2772288K)] 6717139K->3963883K(8364736K), 0.0461920 secs] [Times: user=0.27 sys=0.01, real=0.05 secs] 
2011-02-12T10:12:43.795+0000: 35653.114: [GC
Desired survivor size 19791872 bytes, new threshold 1 (max 15)
 [PSYoungGen: 2772288K->9586K(2776832K)] 6721259K->3959009K(8369280K), 0.0429870 secs] [Times: user=0.22 sys=0.01, real=0.05 secs] 
2011-02-12T10:12:51.330+0000: 35660.650: [GC
Desired survivor size 19857408 bytes, new threshold 1 (max 15)
 [PSYoungGen: 2766258K->4304K(2776000K)] 6715681K->3954221K(8368448K), 0.0332800 secs] [Times: user=0.18 sys=0.01, real=0.03 secs] 
2011-02-12T10:12:58.684+0000: 35668.004: [GC
Desired survivor size 19202048 bytes, new threshold 1 (max 15)
 [PSYoungGen: 2760976K->7664K(2777408K)] 6710893K->3958146K(8369856K), 0.0379010 secs] [Times: user=0.20 sys=0.01, real=0.04 secs] 
2011-02-12T10:13:05.152+0000: 35674.471: [GC
Desired survivor size 20643840 bytes, new threshold 1 (max 15)
 [PSYoungGen: 2765680K->15737K(2773760K)] 6716162K->3966939K(8366208K), 0.0473090 secs] [Times: user=0.27 sys=0.02, real=0.04 secs] 
2011-02-12T10:13:12.508+0000: 35681.828: [GC
Desired survivor size 20381696 bytes, new threshold 1 (max 15)
 [PSYoungGen: 2773753K->11977K(2776256K)] 6724955K->3963933K(8368704K), 0.0456760 secs] [Times: user=0.26 sys=0.01, real=0.05 secs] 
2011-02-12T10:13:19.723+0000: 35689.043: [GC
Desired survivor size 20578304 bytes, new threshold 1 (max 15)
 [PSYoungGen: 2768073K->13403K(2776000K)] 6720029K->3965927K(8368448K), 0.0460480 secs] [Times: user=0.27 sys=0.01, real=0.04 secs] 
2011-02-12T10:13:27.475+0000: 35696.794: [GC
Desired survivor size 20840448 bytes, new threshold 1 (max 15)
 [PSYoungGen: 2769499K->13891K(2775552K)] 6722023K->3966839K(8368000K), 0.0463570 secs] [Times: user=0.26 sys=0.01, real=0.04 secs] 
2011-02-12T10:13:35.137+0000: 35704.457: [GC
Desired survivor size 19988480 bytes, new threshold 1 (max 15)
 [PSYoungGen: 2769347K->11136K(2775808K)] 6722295K->3964639K(8368256K), 0.0416160 secs] [Times: user=0.23 sys=0.01, real=0.04 secs] 
2011-02-12T10:13:42.495+0000: 35711.815: [GC
Desired survivor size 20643840 bytes, new threshold 1 (max 15)
 [PSYoungGen: 2766592K->1824K(2775360K)] 6720095K->3955811K(8367808K), 0.0314760 secs] [Times: user=0.16 sys=0.01, real=0.03 secs] 
2011-02-12T10:13:50.227+0000: 35719.547: [GC
Desired survivor size 20381696 bytes, new threshold 1 (max 15)
 [PSYoungGen: 2757664K->12070K(2776000K)] 6711651K->3966562K(8368448K), 0.0446010 secs] [Times: user=0.26 sys=0.01, real=0.04 secs] 
2011-02-12T10:13:56.593+0000: 35725.913: [GC
Desired survivor size 19726336 bytes, new threshold 1 (max 15)
 [PSYoungGen: 2767910K->8472K(2776896K)] 6722402K->3963551K(8369344K), 0.0406220 secs] [Times: user=0.21 sys=0.02, real=0.04 secs] 
2011-02-12T10:14:02.621+0000: 35731.941: [GC
Desired survivor size 19202048 bytes, new threshold 1 (max 15)
 [PSYoungGen: 2765464K->11129K(2776256K)] 6720543K->3966845K(8368704K), 0.0447090 secs] [Times: user=0.25 sys=0.03, real=0.04 secs] 
2011-02-12T10:14:08.883+0000: 35738.203: [GC
Desired survivor size 20643840 bytes, new threshold 1 (max 15)
 [PSYoungGen: 2768121K->16240K(2774592K)] 6723837K->3972737K(8367040K), 0.0518360 secs] [Times: user=0.27 sys=0.01, real=0.05 secs] 
2011-02-12T10:14:16.341+0000: 35745.660: [GC
Desired survivor size 20119552 bytes, new threshold 1 (max 15)
 [PSYoungGen: 2772080K->8288K(2776000K)] 6728577K->3965289K(8368448K), 0.0391630 secs] [Times: user=0.21 sys=0.01, real=0.04 secs] 
2011-02-12T10:14:23.330+0000: 35752.650: [GC
Desired survivor size 19791872 bytes, new threshold 1 (max 15)
 [PSYoungGen: 2764128K->6880K(2776832K)] 6721129K->3964397K(8369280K), 0.0382640 secs] [Times: user=0.21 sys=0.01, real=0.03 secs] 
2011-02-12T10:14:30.414+0000: 35759.734: [GC
Desired survivor size 18939904 bytes, new threshold 1 (max 15)
 [PSYoungGen: 2764064K->9856K(2776512K)] 6721581K->3967797K(8368960K), 0.0433440 secs] [Times: user=0.25 sys=0.01, real=0.04 secs] 
2011-02-12T10:14:37.369+0000: 35766.688: [GC
Desired survivor size 18219008 bytes, new threshold 1 (max 15)
 [PSYoungGen: 2767040K->9306K(2778368K)] 6724981K->3967759K(8370816K), 0.0398580 secs] [Times: user=0.23 sys=0.01, real=0.04 secs] 
2011-02-12T10:14:44.335+0000: 35773.655: [GC
Desired survivor size 17432576 bytes, new threshold 1 (max 15)
 [PSYoungGen: 2769178K->9888K(2777664K)] 6727631K->3968765K(8370112K), 0.0433430 secs] [Times: user=0.25 sys=0.01, real=0.04 secs] 
2011-02-12T10:14:51.314+0000: 35780.634: [GC
Desired survivor size 16777216 bytes, new threshold 1 (max 15)
 [PSYoungGen: 2769760K->9904K(2779776K)] 6728637K->3969237K(8372224K), 0.0414420 secs] [Times: user=0.22 sys=0.01, real=0.04 secs] 
2011-02-12T10:14:58.449+0000: 35787.768: [GC
Desired survivor size 17039360 bytes, new threshold 1 (max 15)
 [PSYoungGen: 2772656K->12496K(2779136K)] 6731989K->3972377K(8371584K), 0.0438900 secs] [Times: user=0.26 sys=0.01, real=0.04 secs] 
2011-02-12T10:15:04.751+0000: 35794.070: [GC
Desired survivor size 17104896 bytes, new threshold 1 (max 15)
 [PSYoungGen: 2775248K->6021K(2779392K)] 6735129K->3966550K(8371840K), 0.0376920 secs] [Times: user=0.19 sys=0.02, real=0.04 secs] 
2011-02-12T10:15:11.784+0000: 35801.104: [GC
Desired survivor size 17170432 bytes, new threshold 1 (max 15)
 [PSYoungGen: 2768773K->5584K(2768384K)] 6729302K->3966923K(8360832K), 0.0357760 secs] [Times: user=0.19 sys=0.03, real=0.04 secs] 
2011-02-12T10:15:18.793+0000: 35808.112: [GC
Desired survivor size 16777216 bytes, new threshold 1 (max 15)
 [PSYoungGen: 2768336K->7552K(2779776K)] 6729675K->3969399K(8372224K), 0.0411060 secs] [Times: user=0.22 sys=0.02, real=0.04 secs] 
2011-02-12T10:15:26.070+0000: 35815.390: [GC
Desired survivor size 17235968 bytes, new threshold 1 (max 15)
 [PSYoungGen: 2770560K->12480K(2775488K)] 6732407K->3974807K(8367936K), 0.0446740 secs] [Times: user=0.26 sys=0.01, real=0.04 secs] 
2011-02-12T10:15:32.827+0000: 35822.147: [GC
Desired survivor size 18808832 bytes, new threshold 1 (max 15)
 [PSYoungGen: 2775488K->15691K(2776256K)] 6737815K->3978511K(8368704K), 0.0504780 secs] [Times: user=0.28 sys=0.01, real=0.06 secs] 
2011-02-12T10:15:39.587+0000: 35828.907: [GC
Desired survivor size 19070976 bytes, new threshold 1 (max 15)
 [PSYoungGen: 2775115K->13088K(2772544K)] 6737935K->3976469K(8364992K), 0.0454230 secs] [Times: user=0.27 sys=0.01, real=0.05 secs] 
2011-02-12T10:15:46.754+0000: 35836.074: [GC
Desired survivor size 19202048 bytes, new threshold 1 (max 15)
 [PSYoungGen: 2772512K->12991K(2777280K)] 6735893K->3976924K(8369728K), 0.0461690 secs] [Times: user=0.25 sys=0.02, real=0.05 secs] 
2011-02-12T10:15:53.357+0000: 35842.677: [GC
Desired survivor size 19660800 bytes, new threshold 1 (max 15)
 [PSYoungGen: 2771647K->14064K(2772736K)] 6735580K->3978727K(8365184K), 0.0455760 secs] [Times: user=0.27 sys=0.01, real=0.05 secs] 
2011-02-12T10:16:00.172+0000: 35849.492: [GC
Desired survivor size 20185088 bytes, new threshold 1 (max 15)
 [PSYoungGen: 2772720K->14674K(2775936K)] 6737383K->3979809K(8368384K), 0.0484880 secs] [Times: user=0.29 sys=0.02, real=0.05 secs] 
2011-02-12T10:16:06.910+0000: 35856.230: [GC
Desired survivor size 19791872 bytes, new threshold 1 (max 15)
 [PSYoungGen: 2771410K->8984K(2776448K)] 6736545K->3975049K(8368896K), 0.0410520 secs] [Times: user=0.22 sys=0.03, real=0.05 secs] 
2011-02-12T10:16:13.837+0000: 35863.156: [GC
Desired survivor size 19595264 bytes, new threshold 1 (max 15)
 [PSYoungGen: 2765720K->7632K(2777024K)] 6731785K->3974193K(8369472K), 0.0414030 secs] [Times: user=0.22 sys=0.02, real=0.04 secs] 
2011-02-12T10:16:19.923+0000: 35869.243: [GC
Desired survivor size 19005440 bytes, new threshold 1 (max 15)
 [PSYoungGen: 2765328K->9160K(2776832K)] 6731889K->3976306K(8369280K), 0.0401260 secs] [Times: user=0.21 sys=0.01, real=0.04 secs] 
2011-02-12T10:16:26.956+0000: 35876.276: [GC
Desired survivor size 18219008 bytes, new threshold 1 (max 15)
 [PSYoungGen: 2766856K->10400K(2778368K)] 6734002K->3977969K(8370816K), 0.0406030 secs] [Times: user=0.24 sys=0.00, real=0.04 secs] 
2011-02-12T10:16:33.960+0000: 35883.280: [GC
Desired survivor size 18284544 bytes, new threshold 1 (max 15)
 [PSYoungGen: 2770208K->12585K(2777600K)] 6737777K->3980639K(8370048K), 0.0451840 secs] [Times: user=0.25 sys=0.02, real=0.05 secs] 
2011-02-12T10:16:41.234+0000: 35890.553: [GC
Desired survivor size 18677760 bytes, new threshold 1 (max 15)
 [PSYoungGen: 2772393K->4480K(2777536K)] 6740447K->3973006K(8369984K), 0.0335990 secs] [Times: user=0.19 sys=0.01, real=0.04 secs] 
2011-02-12T10:16:48.578+0000: 35897.898: [GC
Desired survivor size 18153472 bytes, new threshold 1 (max 15)
 [PSYoungGen: 2764160K->8448K(2777920K)] 6732686K->3977450K(8370368K), 0.0401750 secs] [Times: user=0.23 sys=0.02, real=0.04 secs] 
2011-02-12T10:16:56.194+0000: 35905.514: [GC
Desired survivor size 18415616 bytes, new threshold 1 (max 15)
 [PSYoungGen: 2768128K->3872K(2777920K)] 6737130K->3973298K(8370368K), 0.0317180 secs] [Times: user=0.18 sys=0.00, real=0.03 secs] 
2011-02-12T10:17:02.956+0000: 35912.276: [GC
Desired survivor size 20578304 bytes, new threshold 1 (max 15)
 [PSYoungGen: 2764064K->17465K(2777664K)] 6733490K->3987608K(8370112K), 0.0537410 secs] [Times: user=0.29 sys=0.02, real=0.06 secs] 
2011-02-12T10:17:10.144+0000: 35919.464: [GC
Desired survivor size 20774912 bytes, new threshold 1 (max 15)
 [PSYoungGen: 2777657K->3376K(2774080K)] 6747800K->3974284K(8366528K), 0.0335890 secs] [Times: user=0.18 sys=0.01, real=0.03 secs] 
2011-02-12T10:17:17.552+0000: 35926.871: [GC
Desired survivor size 19922944 bytes, new threshold 1 (max 15)
 [PSYoungGen: 2758960K->10240K(2775872K)] 6729868K->3981708K(8368320K), 0.0424310 secs] [Times: user=0.23 sys=0.02, real=0.04 secs] 
2011-02-12T10:17:24.981+0000: 35934.300: [GC
Desired survivor size 19857408 bytes, new threshold 1 (max 15)
 [PSYoungGen: 2765824K->4224K(2776768K)] 6737292K->3976164K(8369216K), 0.0340650 secs] [Times: user=0.19 sys=0.02, real=0.04 secs] 
2011-02-12T10:17:32.388+0000: 35941.708: [GC
Desired survivor size 19136512 bytes, new threshold 1 (max 15)
 [PSYoungGen: 2761536K->9888K(2776704K)] 6733476K->3982236K(8369152K), 0.0446030 secs] [Times: user=0.23 sys=0.00, real=0.05 secs] 
2011-02-12T10:17:40.081+0000: 35949.401: [GC
Desired survivor size 18415616 bytes, new threshold 1 (max 15)
 [PSYoungGen: 2767200K->9856K(2778176K)] 6739548K->3982752K(8370624K), 0.0423590 secs] [Times: user=0.23 sys=0.01, real=0.05 secs] 
2011-02-12T10:17:47.453+0000: 35956.772: [GC
Desired survivor size 18350080 bytes, new threshold 1 (max 15)
 [PSYoungGen: 2769344K->4576K(2777472K)] 6742240K->3977900K(8369920K), 0.0338650 secs] [Times: user=0.18 sys=0.01, real=0.04 secs] 
2011-02-12T10:17:55.457+0000: 35964.777: [GC
Desired survivor size 18219008 bytes, new threshold 1 (max 15)
 [PSYoungGen: 2764064K->4224K(2778368K)] 6737388K->3978017K(8370816K), 0.0322630 secs] [Times: user=0.19 sys=0.00, real=0.03 secs] 
2011-02-12T10:18:02.416+0000: 35971.735: [GC
Desired survivor size 18939904 bytes, new threshold 1 (max 15)
 [PSYoungGen: 2764672K->12864K(2773376K)] 6738465K->3987430K(8365824K), 0.0461520 secs] [Times: user=0.26 sys=0.01, real=0.05 secs] 
2011-02-12T10:18:09.204+0000: 35978.523: [GC
Desired survivor size 17956864 bytes, new threshold 1 (max 15)
 [PSYoungGen: 2773312K->8624K(2778624K)] 6747878K->3984234K(8371072K), 0.0410660 secs] [Times: user=0.23 sys=0.01, real=0.04 secs] 
2011-02-12T10:18:15.592+0000: 35984.912: [GC
Desired survivor size 20250624 bytes, new threshold 1 (max 15)
 [PSYoungGen: 2768752K->17114K(2777280K)] 6744362K->3993329K(8369728K), 0.0506020 secs] [Times: user=0.30 sys=0.02, real=0.05 secs] 
2011-02-12T10:18:22.228+0000: 35991.548: [GC
Desired survivor size 19922944 bytes, new threshold 1 (max 15)
 [PSYoungGen: 2777242K->11520K(2776128K)] 6753457K->3988362K(8368576K), 0.0434920 secs] [Times: user=0.25 sys=0.01, real=0.05 secs] 
2011-02-12T10:18:28.536+0000: 35997.856: [GC
Desired survivor size 21233664 bytes, new threshold 1 (max 15)
 [PSYoungGen: 2768768K->15808K(2773056K)] 6745610K->3993073K(8365504K), 0.0478860 secs] [Times: user=0.28 sys=0.02, real=0.05 secs] 
2011-02-12T10:18:36.003+0000: 36005.323: [GC
Desired survivor size 20381696 bytes, new threshold 1 (max 15)
 [PSYoungGen: 2773056K->9148K(2776256K)] 6750321K->3986798K(8368704K), 0.0397880 secs] [Times: user=0.22 sys=0.01, real=0.04 secs] 
2011-02-12T10:18:43.068+0000: 36012.387: [GC
Desired survivor size 19464192 bytes, new threshold 1 (max 15)
 [PSYoungGen: 2764668K->10016K(2775424K)] 6742318K->3988198K(8367872K), 0.0409820 secs] [Times: user=0.23 sys=0.01, real=0.04 secs] 
2011-02-12T10:18:50.464+0000: 36019.784: [GC
Desired survivor size 20054016 bytes, new threshold 1 (max 15)
 [PSYoungGen: 2765536K->14160K(2776000K)] 6743718K->3992830K(8368448K), 0.0456600 secs] [Times: user=0.27 sys=0.01, real=0.04 secs] 
2011-02-12T10:18:57.585+0000: 36026.905: [GC
Desired survivor size 19988480 bytes, new threshold 1 (max 15)
 [PSYoungGen: 2771152K->5872K(2776576K)] 6749822K->3985167K(8369024K), 0.0380240 secs] [Times: user=0.21 sys=0.01, real=0.04 secs] 
2011-02-12T10:19:04.106+0000: 36033.426: [GC
Desired survivor size 20185088 bytes, new threshold 1 (max 15)
 [PSYoungGen: 2762864K->13306K(2776256K)] 6742159K->3993269K(8368704K), 0.0465810 secs] [Times: user=0.25 sys=0.02, real=0.05 secs] 
2011-02-12T10:19:11.393+0000: 36040.713: [GC
Desired survivor size 20316160 bytes, new threshold 1 (max 15)
 [PSYoungGen: 2770042K->4560K(2761344K)] 6750005K->3985329K(8353792K), 0.0336360 secs] [Times: user=0.18 sys=0.01, real=0.04 secs] 
2011-02-12T10:19:18.912+0000: 36048.232: [GC
Desired survivor size 19529728 bytes, new threshold 1 (max 15)
 [PSYoungGen: 2761296K->10592K(2777088K)] 6742065K->3991889K(8369536K), 0.0431680 secs] [Times: user=0.25 sys=0.02, real=0.05 secs] 
2011-02-12T10:19:25.943+0000: 36055.263: [GC
Desired survivor size 19857408 bytes, new threshold 1 (max 15)
 [PSYoungGen: 2767840K->13312K(2776320K)] 6749137K->3995097K(8368768K), 0.0456760 secs] [Times: user=0.26 sys=0.02, real=0.05 secs] 
2011-02-12T10:19:32.710+0000: 36062.030: [GC
Desired survivor size 19726336 bytes, new threshold 1 (max 15)
 [PSYoungGen: 2770560K->12384K(2776896K)] 6752345K->3994644K(8369344K), 0.0439570 secs] [Times: user=0.26 sys=0.01, real=0.04 secs] 
2011-02-12T10:19:40.254+0000: 36069.574: [GC
Desired survivor size 19398656 bytes, new threshold 1 (max 15)
 [PSYoungGen: 2769888K->7488K(2776768K)] 6752148K->3990244K(8369216K), 0.0391540 secs] [Times: user=0.22 sys=0.01, real=0.04 secs] 
2011-02-12T10:19:47.626+0000: 36076.946: [GC
Desired survivor size 20185088 bytes, new threshold 1 (max 15)
 [PSYoungGen: 2764992K->14656K(2775680K)] 6747748K->3997844K(8368128K), 0.0500150 secs] [Times: user=0.29 sys=0.02, real=0.05 secs] 
2011-02-12T10:19:54.229+0000: 36083.549: [GC
Desired survivor size 19791872 bytes, new threshold 1 (max 15)
 [PSYoungGen: 2771392K->7696K(2776448K)] 6754580K->3991356K(8368896K), 0.0422670 secs] [Times: user=0.22 sys=0.03, real=0.05 secs] 
2011-02-12T10:20:01.534+0000: 36090.853: [GC
Desired survivor size 19202048 bytes, new threshold 1 (max 15)
 [PSYoungGen: 2764432K->8426K(2777408K)] 6748092K->3992630K(8369856K), 0.0407820 secs] [Times: user=0.21 sys=0.01, real=0.04 secs] 
2011-02-12T10:20:07.390+0000: 36096.710: [GC
Desired survivor size 18612224 bytes, new threshold 1 (max 15)
 [PSYoungGen: 2766506K->8256K(2776832K)] 6750710K->3993402K(8369280K), 0.0423960 secs] [Times: user=0.22 sys=0.03, real=0.05 secs] 
2011-02-12T10:20:14.012+0000: 36103.332: [GC
Desired survivor size 19005440 bytes, new threshold 1 (max 15)
 [PSYoungGen: 2766336K->3200K(2777216K)] 6751482K->3988793K(8369664K), 0.0314380 secs] [Times: user=0.19 sys=0.01, real=0.03 secs] 
2011-02-12T10:20:21.162+0000: 36110.481: [GC
Desired survivor size 18546688 bytes, new threshold 1 (max 15)
 [PSYoungGen: 2762240K->6184K(2777600K)] 6747833K->3992209K(8370048K), 0.0360060 secs] [Times: user=0.20 sys=0.02, real=0.04 secs] 
2011-02-12T10:20:28.438+0000: 36117.758: [GC
Desired survivor size 18087936 bytes, new threshold 1 (max 15)
 [PSYoungGen: 2765224K->10144K(2778496K)] 6751249K->3996705K(8370944K), 0.0421130 secs] [Times: user=0.24 sys=0.02, real=0.04 secs] 
2011-02-12T10:20:35.596+0000: 36124.916: [GC
Desired survivor size 17956864 bytes, new threshold 1 (max 15)
 [PSYoungGen: 2770528K->11040K(2778048K)] 6757089K->3998185K(8370496K), 0.0470020 secs] [Times: user=0.20 sys=0.01, real=0.04 secs] 
2011-02-12T10:20:42.698+0000: 36132.018: [GC
Desired survivor size 18546688 bytes, new threshold 1 (max 15)
 [PSYoungGen: 2771424K->13120K(2777472K)] 6758569K->4000717K(8369920K), 0.0448020 secs] [Times: user=0.25 sys=0.01, real=0.04 secs] 
2011-02-12T10:20:49.901+0000: 36139.220: [GC
Desired survivor size 19988480 bytes, new threshold 1 (max 15)
 [PSYoungGen: 2773056K->15792K(2775744K)] 6760653K->4003881K(8368192K), 0.0473360 secs] [Times: user=0.29 sys=0.01, real=0.05 secs] 
2011-02-12T10:20:56.725+0000: 36146.045: [GC
Desired survivor size 20578304 bytes, new threshold 1 (max 15)
 [PSYoungGen: 2775728K->14192K(2775488K)] 6763817K->4002777K(8367936K), 0.0473230 secs] [Times: user=0.27 sys=0.01, real=0.05 secs] 
2011-02-12T10:21:03.386+0000: 36152.706: [GC
Desired survivor size 21037056 bytes, new threshold 1 (max 15)
 [PSYoungGen: 2770160K->14426K(2770432K)] 6758745K->4003603K(8362880K), 0.0510520 secs] [Times: user=0.27 sys=0.02, real=0.06 secs] 
2011-02-12T10:21:10.201+0000: 36159.521: [GC
Desired survivor size 20119552 bytes, new threshold 1 (max 15)
 [PSYoungGen: 2770394K->11312K(2776512K)] 6759571K->4001279K(8368960K), 0.0440110 secs] [Times: user=0.25 sys=0.03, real=0.04 secs] 
2011-02-12T10:21:17.274+0000: 36166.593: [GC
Desired survivor size 19660800 bytes, new threshold 1 (max 15)
 [PSYoungGen: 2767280K->12128K(2775616K)] 6757247K->4002615K(8368064K), 0.0436950 secs] [Times: user=0.26 sys=0.01, real=0.04 secs] 
2011-02-12T10:21:24.276+0000: 36173.596: [GC
Desired survivor size 19267584 bytes, new threshold 1 (max 15)
 [PSYoungGen: 2768096K->12352K(2777344K)] 6758583K->4003283K(8369792K), 0.0439190 secs] [Times: user=0.27 sys=0.01, real=0.04 secs] 
2011-02-12T10:21:31.523+0000: 36180.842: [GC
Desired survivor size 19791872 bytes, new threshold 1 (max 15)
 [PSYoungGen: 2770496K->14624K(2772800K)] 6761427K->4005995K(8365248K), 0.0480270 secs] [Times: user=0.28 sys=0.01, real=0.04 secs] 
2011-02-12T10:21:38.244+0000: 36187.564: [GC
Desired survivor size 19791872 bytes, new threshold 1 (max 15)
 [PSYoungGen: 2772768K->13784K(2776832K)] 6764139K->4005692K(8369280K), 0.0492760 secs] [Times: user=0.27 sys=0.01, real=0.05 secs] 
2011-02-12T10:21:45.581+0000: 36194.900: [GC
Desired survivor size 19988480 bytes, new threshold 1 (max 15)
 [PSYoungGen: 2771288K->6392K(2763904K)] 6763196K->3998752K(8356352K), 0.0368750 secs] [Times: user=0.20 sys=0.01, real=0.04 secs] 
2011-02-12T10:21:52.810+0000: 36202.130: [GC
Desired survivor size 19660800 bytes, new threshold 1 (max 15)
 [PSYoungGen: 2763896K->8304K(2776960K)] 6756256K->4001184K(8369408K), 0.0408350 secs] [Times: user=0.23 sys=0.02, real=0.04 secs] 
2011-02-12T10:21:59.953+0000: 36209.273: [GC
Desired survivor size 19464192 bytes, new threshold 1 (max 15)
 [PSYoungGen: 2765744K->12720K(2776640K)] 6758624K->4006196K(8369088K), 0.0443740 secs] [Times: user=0.27 sys=0.01, real=0.05 secs] 
2011-02-12T10:22:06.700+0000: 36216.019: [GC
Desired survivor size 18808832 bytes, new threshold 1 (max 15)
 [PSYoungGen: 2770160K->10553K(2777792K)] 6763636K->4004790K(8370240K), 0.0449660 secs] [Times: user=0.24 sys=0.03, real=0.04 secs] 
2011-02-12T10:22:13.400+0000: 36222.720: [GC
Desired survivor size 19136512 bytes, new threshold 1 (max 15)
 [PSYoungGen: 2769337K->4768K(2777152K)] 6763574K->3999734K(8369600K), 0.0351520 secs] [Times: user=0.20 sys=0.01, real=0.03 secs] 
2011-02-12T10:22:20.532+0000: 36229.852: [GC
Desired survivor size 19136512 bytes, new threshold 1 (max 15)
 [PSYoungGen: 2763552K->5712K(2777472K)] 6758518K->4001158K(8369920K), 0.0385080 secs] [Times: user=0.18 sys=0.02, real=0.04 secs] 
2011-02-12T10:22:27.760+0000: 36237.080: [GC
Desired survivor size 18415616 bytes, new threshold 1 (max 15)
 [PSYoungGen: 2764496K->8960K(2777472K)] 6759942K->4004958K(8369920K), 0.0406940 secs] [Times: user=0.24 sys=0.01, real=0.04 secs] 
2011-02-12T10:22:35.119+0000: 36244.438: [GC
Desired survivor size 19464192 bytes, new threshold 1 (max 15)
 [PSYoungGen: 2767744K->14688K(2776128K)] 6763742K->4011170K(8368576K), 0.0459710 secs] [Times: user=0.27 sys=0.01, real=0.05 secs] 
2011-02-12T10:22:42.497+0000: 36251.816: [GC
Desired survivor size 19267584 bytes, new threshold 1 (max 15)
 [PSYoungGen: 2772832K->6368K(2777152K)] 6769314K->4003362K(8369600K), 0.0396510 secs] [Times: user=0.20 sys=0.01, real=0.04 secs] 
2011-02-12T10:22:49.463+0000: 36258.783: [GC
Desired survivor size 19136512 bytes, new threshold 1 (max 15)
 [PSYoungGen: 2764512K->12064K(2777472K)] 6761506K->4009482K(8369920K), 0.0443740 secs] [Times: user=0.24 sys=0.01, real=0.04 secs] 
2011-02-12T10:22:56.560+0000: 36265.879: [GC
Desired survivor size 20643840 bytes, new threshold 1 (max 15)
 [PSYoungGen: 2770720K->16401K(2775104K)] 6768138K->4014324K(8367552K), 0.0493720 secs] [Times: user=0.29 sys=0.02, real=0.05 secs] 
2011-02-12T10:23:03.623+0000: 36272.943: [GC
Desired survivor size 21037056 bytes, new threshold 1 (max 15)
 [PSYoungGen: 2775057K->14394K(2775232K)] 6772980K->4013046K(8367680K), 0.0467910 secs] [Times: user=0.28 sys=0.01, real=0.04 secs] 
2011-02-12T10:23:10.956+0000: 36280.276: [GC
Desired survivor size 21102592 bytes, new threshold 1 (max 15)
 [PSYoungGen: 2769466K->5376K(2760448K)] 6768118K->4004818K(8352896K), 0.0354780 secs] [Times: user=0.19 sys=0.01, real=0.03 secs] 
2011-02-12T10:23:18.240+0000: 36287.560: [GC
Desired survivor size 20119552 bytes, new threshold 1 (max 15)
 [PSYoungGen: 2760448K->10416K(2776512K)] 6759890K->4010330K(8368960K), 0.0464450 secs] [Times: user=0.22 sys=0.01, real=0.05 secs] 
2011-02-12T10:23:25.957+0000: 36295.277: [GC
Desired survivor size 20054016 bytes, new threshold 1 (max 15)
 [PSYoungGen: 2766320K->5568K(2775552K)] 6766234K->4006030K(8368000K), 0.0385490 secs] [Times: user=0.18 sys=0.02, real=0.04 secs] 
2011-02-12T10:23:33.069+0000: 36302.389: [GC
Desired survivor size 19267584 bytes, new threshold 1 (max 15)
 [PSYoungGen: 2761472K->9056K(2777344K)] 6761934K->4010006K(8369792K), 0.0441270 secs] [Times: user=0.23 sys=0.01, real=0.04 secs] 
2011-02-12T10:23:40.670+0000: 36309.990: [GC
Desired survivor size 19070976 bytes, new threshold 1 (max 15)
 [PSYoungGen: 2766816K->5664K(2776576K)] 6767766K->4007122K(8369024K), 0.0372100 secs] [Times: user=0.20 sys=0.02, real=0.04 secs] 
2011-02-12T10:23:48.433+0000: 36317.753: [GC
Desired survivor size 19070976 bytes, new threshold 1 (max 15)
 [PSYoungGen: 2763424K->4224K(2777536K)] 6764882K->4006122K(8369984K), 0.0324950 secs] [Times: user=0.20 sys=0.02, real=0.03 secs] 
2011-02-12T10:23:56.189+0000: 36325.509: [GC
Desired survivor size 21233664 bytes, new threshold 1 (max 15)
 [PSYoungGen: 2763136K->17280K(2776256K)] 6765034K->4019622K(8368704K), 0.0504510 secs] [Times: user=0.29 sys=0.01, real=0.06 secs] 
2011-02-12T10:24:03.634+0000: 36332.954: [GC
Desired survivor size 20381696 bytes, new threshold 1 (max 15)
 [PSYoungGen: 2776192K->8569K(2776256K)] 6778534K->4011656K(8368704K), 0.0401600 secs] [Times: user=0.21 sys=0.02, real=0.04 secs] 
2011-02-12T10:24:10.705+0000: 36340.025: [GC
Desired survivor size 19660800 bytes, new threshold 1 (max 15)
 [PSYoungGen: 2764921K->10688K(2776256K)] 6768008K->4014592K(8368704K), 0.0435190 secs] [Times: user=0.22 sys=0.01, real=0.04 secs] 
2011-02-12T10:24:17.936+0000: 36347.255: [GC
Desired survivor size 19529728 bytes, new threshold 1 (max 15)
 [PSYoungGen: 2767040K->11856K(2777088K)] 6770944K->4016272K(8369536K), 0.0445330 secs] [Times: user=0.25 sys=0.00, real=0.04 secs] 
2011-02-12T10:24:24.949+0000: 36354.268: [GC
Desired survivor size 19988480 bytes, new threshold 1 (max 15)
 [PSYoungGen: 2769744K->13696K(2771584K)] 6774160K->4018700K(8364032K), 0.0467320 secs] [Times: user=0.27 sys=0.02, real=0.05 secs] 
2011-02-12T10:24:31.632+0000: 36360.952: [GC
Desired survivor size 19267584 bytes, new threshold 1 (max 15)
 [PSYoungGen: 2771584K->11032K(2777344K)] 6776588K->4016532K(8369792K), 0.0428760 secs] [Times: user=0.24 sys=0.01, real=0.05 secs] 
2011-02-12T10:24:38.743+0000: 36368.063: [GC
Desired survivor size 19726336 bytes, new threshold 1 (max 15)
 [PSYoungGen: 2768856K->13792K(2776640K)] 6774356K->4019760K(8369088K), 0.0456880 secs] [Times: user=0.27 sys=0.01, real=0.05 secs] 
2011-02-12T10:24:46.183+0000: 36375.502: [GC
Desired survivor size 19136512 bytes, new threshold 1 (max 15)
 [PSYoungGen: 2771616K->9085K(2777472K)] 6777584K->4015566K(8369920K), 0.0401030 secs] [Times: user=0.23 sys=0.01, real=0.04 secs] 
2011-02-12T10:24:53.310+0000: 36382.630: [GC
Desired survivor size 20119552 bytes, new threshold 1 (max 15)
 [PSYoungGen: 2767293K->15417K(2773632K)] 6773774K->4022321K(8366080K), 0.0461680 secs] [Times: user=0.27 sys=0.01, real=0.05 secs] 
2011-02-12T10:25:00.635+0000: 36389.955: [GC
Desired survivor size 19988480 bytes, new threshold 1 (max 15)
 [PSYoungGen: 2773625K->6850K(2776640K)] 6780529K->4014767K(8369088K), 0.0391470 secs] [Times: user=0.21 sys=0.02, real=0.04 secs] 
2011-02-12T10:25:06.738+0000: 36396.058: [GC
Desired survivor size 20185088 bytes, new threshold 1 (max 15)
 [PSYoungGen: 2763842K->4311K(2761344K)] 6771759K->4013211K(8353792K), 0.0333050 secs] [Times: user=0.19 sys=0.02, real=0.03 secs] 
2011-02-12T10:25:13.956+0000: 36403.275: [GC
Desired survivor size 19464192 bytes, new threshold 1 (max 15)
 [PSYoungGen: 2761303K->8384K(2777152K)] 6770203K->4017759K(8369600K), 0.0410100 secs] [Times: user=0.23 sys=0.02, real=0.04 secs] 
2011-02-12T10:25:21.357+0000: 36410.677: [GC
Desired survivor size 19202048 bytes, new threshold 1 (max 15)
 [PSYoungGen: 2765824K->11616K(2776448K)] 6775199K->4021447K(8368896K), 0.0446810 secs] [Times: user=0.26 sys=0.01, real=0.05 secs] 
2011-02-12T10:25:29.500+0000: 36418.820: [GC
Desired survivor size 19529728 bytes, new threshold 1 (max 15)
 [PSYoungGen: 2769056K->3328K(2776768K)] 6778887K->4013559K(8369216K), 0.0323540 secs] [Times: user=0.18 sys=0.01, real=0.04 secs] 
2011-02-12T10:25:36.405+0000: 36425.725: [GC
Desired survivor size 23461888 bytes, new threshold 1 (max 15)
 [PSYoungGen: 2761344K->19071K(2777088K)] 6771575K->4032613K(8369536K), 0.0543480 secs] [Times: user=0.35 sys=0.01, real=0.05 secs] 
2011-02-12T10:25:43.554+0000: 36432.874: [GC
Desired survivor size 23134208 bytes, new threshold 1 (max 15)
 [PSYoungGen: 2777087K->5424K(2770048K)] 6790629K->4019502K(8362496K), 0.0368860 secs] [Times: user=0.19 sys=0.01, real=0.03 secs] 
2011-02-12T10:25:50.009+0000: 36439.328: [GC
Desired survivor size 22740992 bytes, new threshold 1 (max 15)
 [PSYoungGen: 2756400K->12480K(2773568K)] 6770478K->4027138K(8366016K), 0.0443870 secs] [Times: user=0.27 sys=0.01, real=0.05 secs] 
2011-02-12T10:25:57.502+0000: 36446.822: [GC
Desired survivor size 22282240 bytes, new threshold 1 (max 15)
 [PSYoungGen: 2763456K->5920K(2774400K)] 6778114K->4020946K(8366848K), 0.0386490 secs] [Times: user=0.20 sys=0.01, real=0.04 secs] 
2011-02-12T10:26:04.390+0000: 36453.710: [GC
Desired survivor size 21889024 bytes, new threshold 1 (max 15)
 [PSYoungGen: 2758112K->5401K(2773952K)] 6773138K->4021128K(8366400K), 0.0366900 secs] [Times: user=0.20 sys=0.02, real=0.04 secs] 
2011-02-12T10:26:11.125+0000: 36460.444: [GC
Desired survivor size 21233664 bytes, new threshold 1 (max 15)
 [PSYoungGen: 2757593K->6236K(2775424K)] 6773320K->4022760K(8367872K), 0.0395000 secs] [Times: user=0.21 sys=0.02, real=0.04 secs] 
2011-02-12T10:26:18.755+0000: 36468.074: [GC
Desired survivor size 20709376 bytes, new threshold 1 (max 15)
 [PSYoungGen: 2760284K->10912K(2774784K)] 6776808K->4027896K(8367232K), 0.0443460 secs] [Times: user=0.25 sys=0.01, real=0.05 secs] 
2011-02-12T10:26:26.380+0000: 36475.700: [GC
Desired survivor size 20054016 bytes, new threshold 1 (max 15)
 [PSYoungGen: 2764960K->6752K(2776576K)] 6781944K->4024280K(8369024K), 0.0365060 secs] [Times: user=0.22 sys=0.02, real=0.03 secs] 
2011-02-12T10:26:33.530+0000: 36482.849: [GC
Desired survivor size 19464192 bytes, new threshold 1 (max 15)
 [PSYoungGen: 2763104K->10368K(2775936K)] 6780632K->4028407K(8368384K), 0.0431150 secs] [Times: user=0.24 sys=0.03, real=0.04 secs] 
2011-02-12T10:26:40.618+0000: 36489.937: [GC
Desired survivor size 19922944 bytes, new threshold 1 (max 15)
 [PSYoungGen: 2766720K->13064K(2776256K)] 6784759K->4031571K(8368704K), 0.0480980 secs] [Times: user=0.25 sys=0.02, real=0.05 secs] 
2011-02-12T10:26:47.897+0000: 36497.217: [GC
Desired survivor size 20185088 bytes, new threshold 1 (max 15)
 [PSYoungGen: 2770312K->2368K(2759616K)] 6788819K->4021379K(8352064K), 0.0329080 secs] [Times: user=0.17 sys=0.02, real=0.04 secs] 
2011-02-12T10:26:55.386+0000: 36504.705: [GC
Desired survivor size 19136512 bytes, new threshold 1 (max 15)
 [PSYoungGen: 2759616K->8336K(2777472K)] 6778627K->4027815K(8369920K), 0.0403210 secs] [Times: user=0.23 sys=0.01, real=0.04 secs] 
2011-02-12T10:27:02.011+0000: 36511.331: [GC
Desired survivor size 18546688 bytes, new threshold 1 (max 15)
 [PSYoungGen: 2766096K->6729K(2776448K)] 6785575K->4026849K(8368896K), 0.0379140 secs] [Times: user=0.21 sys=0.02, real=0.04 secs] 
2011-02-12T10:27:08.614+0000: 36517.934: [GC
Desired survivor size 20512768 bytes, new threshold 1 (max 15)
 [PSYoungGen: 2764489K->16416K(2774208K)] 6784609K->4037401K(8366656K), 0.0519290 secs] [Times: user=0.28 sys=0.03, real=0.05 secs] 
2011-02-12T10:27:15.506+0000: 36524.826: [GC
Desired survivor size 21168128 bytes, new threshold 1 (max 15)
 [PSYoungGen: 2772512K->13949K(2770048K)] 6793497K->4035406K(8362496K), 0.0459970 secs] [Times: user=0.27 sys=0.02, real=0.04 secs] 
2011-02-12T10:27:22.855+0000: 36532.175: [GC
Desired survivor size 21037056 bytes, new threshold 1 (max 15)
 [PSYoungGen: 2770045K->3968K(2775616K)] 6791502K->4025893K(8368064K), 0.0325570 secs] [Times: user=0.17 sys=0.00, real=0.03 secs] 
2011-02-12T10:27:30.162+0000: 36539.482: [GC
Desired survivor size 21364736 bytes, new threshold 1 (max 15)
 [PSYoungGen: 2758912K->13024K(2768000K)] 6780837K->4035357K(8360448K), 0.0458670 secs] [Times: user=0.27 sys=0.02, real=0.05 secs] 
2011-02-12T10:27:37.517+0000: 36546.837: [GC
Desired survivor size 22151168 bytes, new threshold 1 (max 15)
 [PSYoungGen: 2767968K->14720K(2773760K)] 6790301K->4037526K(8366208K), 0.0481620 secs] [Times: user=0.28 sys=0.02, real=0.05 secs] 
2011-02-12T10:27:45.214+0000: 36554.533: [GC
Desired survivor size 22216704 bytes, new threshold 1 (max 15)
 [PSYoungGen: 2767616K->13456K(2766400K)] 6790422K->4036690K(8358848K), 0.0478050 secs] [Times: user=0.24 sys=0.01, real=0.05 secs] 
2011-02-12T10:27:52.506+0000: 36561.826: [GC
Desired survivor size 22020096 bytes, new threshold 1 (max 15)
 [PSYoungGen: 2766352K->4912K(2774656K)] 6789586K->4028718K(8367104K), 0.0351130 secs] [Times: user=0.20 sys=0.01, real=0.04 secs] 
2011-02-12T10:27:59.696+0000: 36569.015: [GC
Desired survivor size 21037056 bytes, new threshold 1 (max 15)
 [PSYoungGen: 2757872K->8976K(2774464K)] 6781678K->4033351K(8366912K), 0.0403100 secs] [Times: user=0.22 sys=0.02, real=0.04 secs] 
2011-02-12T10:28:06.627+0000: 36575.947: [GC
Desired survivor size 20774912 bytes, new threshold 1 (max 15)
 [PSYoungGen: 2761936K->12009K(2775872K)] 6786311K->4037040K(8368320K), 0.0448830 secs] [Times: user=0.26 sys=0.02, real=0.05 secs] 
2011-02-12T10:28:14.153+0000: 36583.473: [GC
Desired survivor size 20185088 bytes, new threshold 1 (max 15)
 [PSYoungGen: 2767337K->7296K(2775616K)] 6792368K->4033212K(8368064K), 0.0394610 secs] [Times: user=0.22 sys=0.02, real=0.04 secs] 
2011-02-12T10:28:21.382+0000: 36590.701: [GC
Desired survivor size 19267584 bytes, new threshold 1 (max 15)
 [PSYoungGen: 2762624K->9216K(2777344K)] 6788540K->4035604K(8369792K), 0.0431740 secs] [Times: user=0.24 sys=0.02, real=0.04 secs] 
2011-02-12T10:28:28.350+0000: 36597.670: [GC
Desired survivor size 18350080 bytes, new threshold 1 (max 15)
 [PSYoungGen: 2766848K->9472K(2776448K)] 6793236K->4036396K(8368896K), 0.0418090 secs] [Times: user=0.23 sys=0.02, real=0.05 secs] 
2011-02-12T10:28:35.781+0000: 36605.101: [GC
Desired survivor size 19398656 bytes, new threshold 1 (max 15)
 [PSYoungGen: 2767104K->14592K(2776192K)] 6794028K->4041970K(8368640K), 0.0496600 secs] [Times: user=0.28 sys=0.01, real=0.05 secs] 
2011-02-12T10:28:42.883+0000: 36612.203: [GC
Desired survivor size 19267584 bytes, new threshold 1 (max 15)
 [PSYoungGen: 2772864K->5600K(2777216K)] 6800242K->4033485K(8369664K), 0.0352700 secs] [Times: user=0.21 sys=0.02, real=0.04 secs] 
2011-02-12T10:28:50.254+0000: 36619.573: [GC
Desired survivor size 18415616 bytes, new threshold 1 (max 15)
 [PSYoungGen: 2763872K->9808K(2778176K)] 6791757K->4038185K(8370624K), 0.0406010 secs] [Times: user=0.22 sys=0.01, real=0.05 secs] 
2011-02-12T10:28:57.125+0000: 36626.445: [GC
Desired survivor size 17694720 bytes, new threshold 1 (max 15)
 [PSYoungGen: 2769168K->8832K(2777344K)] 6797545K->4037753K(8369792K), 0.0434810 secs] [Times: user=0.23 sys=0.01, real=0.05 secs] 
2011-02-12T10:29:03.904+0000: 36633.224: [GC
Desired survivor size 17235968 bytes, new threshold 1 (max 15)
 [PSYoungGen: 2768192K->7913K(2779328K)] 6797113K->4037495K(8371776K), 0.0409450 secs] [Times: user=0.21 sys=0.02, real=0.04 secs] 
2011-02-12T10:29:11.341+0000: 36640.661: [GC
Desired survivor size 18022400 bytes, new threshold 1 (max 15)
 [PSYoungGen: 2769961K->13536K(2775616K)] 6799543K->4043903K(8368064K), 0.0467900 secs] [Times: user=0.27 sys=0.01, real=0.05 secs] 
2011-02-12T10:29:18.623+0000: 36647.943: [GC
Desired survivor size 18087936 bytes, new threshold 1 (max 15)
 [PSYoungGen: 2775584K->4960K(2778432K)] 6805951K->4035799K(8370880K), 0.0360910 secs] [Times: user=0.18 sys=0.03, real=0.04 secs] 
2011-02-12T10:29:26.131+0000: 36655.450: [GC
Desired survivor size 17235968 bytes, new threshold 1 (max 15)
 [PSYoungGen: 2765792K->9440K(2778496K)] 6796631K->4040739K(8370944K), 0.0431630 secs] [Times: user=0.23 sys=0.02, real=0.04 secs] 
2011-02-12T10:29:33.715+0000: 36663.034: [GC
Desired survivor size 17104896 bytes, new threshold 1 (max 15)
 [PSYoungGen: 2770272K->6048K(2779456K)] 6801571K->4037811K(8371904K), 0.0363630 secs] [Times: user=0.19 sys=0.02, real=0.04 secs] 
2011-02-12T10:29:41.461+0000: 36670.780: [GC
Desired survivor size 18874368 bytes, new threshold 1 (max 15)
 [PSYoungGen: 2768672K->15776K(2778432K)] 6800435K->4048011K(8370880K), 0.0483470 secs] [Times: user=0.29 sys=0.02, real=0.05 secs] 
2011-02-12T10:29:48.886+0000: 36678.206: [GC
Desired survivor size 18481152 bytes, new threshold 1 (max 15)
 [PSYoungGen: 2778400K->6640K(2777792K)] 6810635K->4039395K(8370240K), 0.0376800 secs] [Times: user=0.20 sys=0.01, real=0.04 secs] 
2011-02-12T10:29:56.354+0000: 36685.674: [GC
Desired survivor size 19267584 bytes, new threshold 1 (max 15)
 [PSYoungGen: 2766704K->13680K(2773760K)] 6799459K->4047017K(8366208K), 0.0471300 secs] [Times: user=0.26 sys=0.02, real=0.04 secs] 
2011-02-12T10:30:02.950+0000: 36692.270: [GC
Desired survivor size 19333120 bytes, new threshold 1 (max 15)
 [PSYoungGen: 2773744K->12442K(2777216K)] 6807081K->4046415K(8369664K), 0.0450930 secs] [Times: user=0.26 sys=0.02, real=0.05 secs] 
2011-02-12T10:30:09.303+0000: 36698.623: [GC
Desired survivor size 20709376 bytes, new threshold 1 (max 15)
 [PSYoungGen: 2770842K->16114K(2774528K)] 6804815K->4051001K(8366976K), 0.0505680 secs] [Times: user=0.29 sys=0.02, real=0.05 secs] 
2011-02-12T10:30:15.949+0000: 36705.269: [GC
Desired survivor size 19726336 bytes, new threshold 1 (max 15)
 [PSYoungGen: 2774514K->10592K(2776896K)] 6809401K->4045927K(8369344K), 0.0451530 secs] [Times: user=0.25 sys=0.02, real=0.04 secs] 
2011-02-12T10:30:22.524+0000: 36711.843: [GC
Desired survivor size 19398656 bytes, new threshold 1 (max 15)
 [PSYoungGen: 2767264K->7488K(2775936K)] 6802599K->4043263K(8368384K), 0.0399990 secs] [Times: user=0.21 sys=0.01, real=0.04 secs] 
2011-02-12T10:30:29.521+0000: 36718.841: [GC
Desired survivor size 18743296 bytes, new threshold 1 (max 15)
 [PSYoungGen: 2764160K->9088K(2777856K)] 6799935K->4045303K(8370304K), 0.0407600 secs] [Times: user=0.23 sys=0.02, real=0.04 secs] 
2011-02-12T10:30:36.396+0000: 36725.716: [GC
Desired survivor size 18808832 bytes, new threshold 1 (max 15)
 [PSYoungGen: 2768000K->12510K(2777216K)] 6804215K->4049245K(8369664K), 0.0442290 secs] [Times: user=0.26 sys=0.03, real=0.05 secs] 
2011-02-12T10:30:43.668+0000: 36732.988: [GC
Desired survivor size 19005440 bytes, new threshold 1 (max 15)
 [PSYoungGen: 2771422K->13119K(2777408K)] 6808157K->4050368K(8369856K), 0.0455940 secs] [Times: user=0.26 sys=0.02, real=0.05 secs] 
2011-02-12T10:30:50.331+0000: 36739.651: [GC
Desired survivor size 18612224 bytes, new threshold 1 (max 15)
 [PSYoungGen: 2772159K->11760K(2777600K)] 6809408K->4049465K(8370048K), 0.0456060 secs] [Times: user=0.24 sys=0.01, real=0.04 secs] 
2011-02-12T10:30:57.322+0000: 36746.642: [GC
Desired survivor size 18284544 bytes, new threshold 1 (max 15)
 [PSYoungGen: 2770800K->11931K(2778304K)] 6808505K->4050172K(8370752K), 0.0429950 secs] [Times: user=0.25 sys=0.01, real=0.04 secs] 
2011-02-12T10:31:03.724+0000: 36753.044: [GC
Desired survivor size 20774912 bytes, new threshold 1 (max 15)
 [PSYoungGen: 2772059K->17838K(2777984K)] 6810300K->4057624K(8370432K), 0.0533730 secs] [Times: user=0.32 sys=0.02, real=0.05 secs] 
2011-02-12T10:31:10.898+0000: 36760.218: [GC
Desired survivor size 20774912 bytes, new threshold 1 (max 15)
 [PSYoungGen: 2777966K->6720K(2773760K)] 6817752K->4047384K(8366208K), 0.0401530 secs] [Times: user=0.22 sys=0.02, real=0.04 secs] 
2011-02-12T10:31:17.740+0000: 36767.059: [GC
Desired survivor size 20905984 bytes, new threshold 1 (max 15)
 [PSYoungGen: 2762304K->5376K(2760960K)] 6802968K->4046520K(8353408K), 0.0366680 secs] [Times: user=0.20 sys=0.01, real=0.04 secs] 
2011-02-12T10:31:24.755+0000: 36774.075: [GC
Desired survivor size 20774912 bytes, new threshold 1 (max 15)
 [PSYoungGen: 2760960K->5627K(2775872K)] 6802104K->4047194K(8368320K), 0.0381680 secs] [Times: user=0.20 sys=0.03, real=0.03 secs] 
2011-02-12T10:31:32.016+0000: 36781.336: [GC
Desired survivor size 19726336 bytes, new threshold 1 (max 15)
 [PSYoungGen: 2761083K->10183K(2775744K)] 6802650K->4052249K(8368192K), 0.0424360 secs] [Times: user=0.24 sys=0.01, real=0.04 secs] 
2011-02-12T10:31:39.367+0000: 36788.687: [GC
Desired survivor size 20447232 bytes, new threshold 1 (max 15)
 [PSYoungGen: 2765639K->14490K(2775488K)] 6807705K->4057017K(8367936K), 0.0480130 secs] [Times: user=0.29 sys=0.02, real=0.04 secs] 
2011-02-12T10:31:46.594+0000: 36795.914: [GC
Desired survivor size 19529728 bytes, new threshold 1 (max 15)
 [PSYoungGen: 2770714K->10490K(2776192K)] 6813241K->4053585K(8368640K), 0.0427770 secs] [Times: user=0.24 sys=0.02, real=0.05 secs] 
2011-02-12T10:31:53.615+0000: 36802.935: [GC
Desired survivor size 18743296 bytes, new threshold 1 (max 15)
 [PSYoungGen: 2766714K->10000K(2777856K)] 6809809K->4053770K(8370304K), 0.0424420 secs] [Times: user=0.22 sys=0.03, real=0.05 secs] 
2011-02-12T10:32:00.622+0000: 36809.942: [GC
Desired survivor size 18022400 bytes, new threshold 1 (max 15)
 [PSYoungGen: 2768784K->10770K(2777088K)] 6812554K->4055084K(8369536K), 0.0407180 secs] [Times: user=0.23 sys=0.01, real=0.04 secs] 
2011-02-12T10:32:07.174+0000: 36816.494: [GC
Desired survivor size 18087936 bytes, new threshold 1 (max 15)
 [PSYoungGen: 2769554K->6167K(2778432K)] 6813868K->4051288K(8370880K), 0.0406950 secs] [Times: user=0.21 sys=0.02, real=0.04 secs] 
2011-02-12T10:32:14.297+0000: 36823.617: [GC
Desired survivor size 18612224 bytes, new threshold 1 (max 15)
 [PSYoungGen: 2766999K->13536K(2774400K)] 6812120K->4059208K(8366848K), 0.0484140 secs] [Times: user=0.26 sys=0.01, real=0.05 secs] 
2011-02-12T10:32:21.788+0000: 36831.108: [GC
Desired survivor size 18415616 bytes, new threshold 1 (max 15)
 [PSYoungGen: 2774368K->7072K(2778176K)] 6820040K->4053252K(8370624K), 0.0419870 secs] [Times: user=0.21 sys=0.03, real=0.04 secs] 
2011-02-12T10:32:29.275+0000: 36838.594: [GC
Desired survivor size 18415616 bytes, new threshold 1 (max 15)
 [PSYoungGen: 2767072K->12256K(2777984K)] 6813252K->4058916K(8370432K), 0.0440850 secs] [Times: user=0.24 sys=0.02, real=0.04 secs] 
2011-02-12T10:32:37.133+0000: 36846.453: [GC
Desired survivor size 19070976 bytes, new threshold 1 (max 15)
 [PSYoungGen: 2772256K->14144K(2776896K)] 6818916K->4061280K(8369344K), 0.0482070 secs] [Times: user=0.27 sys=0.01, real=0.04 secs] 
2011-02-12T10:32:44.231+0000: 36853.551: [GC
Desired survivor size 19398656 bytes, new threshold 1 (max 15)
 [PSYoungGen: 2773056K->4480K(2763392K)] 6820192K->4052080K(8355840K), 0.0355490 secs] [Times: user=0.18 sys=0.01, real=0.04 secs] 
2011-02-12T10:32:51.804+0000: 36861.123: [GC
Desired survivor size 19398656 bytes, new threshold 1 (max 15)
 [PSYoungGen: 2763392K->12608K(2777216K)] 6810992K->4060648K(8369664K), 0.0464100 secs] [Times: user=0.25 sys=0.01, real=0.05 secs] 
2011-02-12T10:32:59.803+0000: 36869.123: [GC
Desired survivor size 19267584 bytes, new threshold 1 (max 15)
 [PSYoungGen: 2770880K->12272K(2777216K)] 6818920K->4060896K(8369664K), 0.0454810 secs] [Times: user=0.25 sys=0.01, real=0.05 secs] 
2011-02-12T10:33:06.745+0000: 36876.064: [GC
Desired survivor size 20119552 bytes, new threshold 1 (max 15)
 [PSYoungGen: 2770544K->15097K(2775680K)] 6819168K->4064385K(8368128K), 0.0479310 secs] [Times: user=0.27 sys=0.02, real=0.05 secs] 
2011-02-12T10:33:14.158+0000: 36883.478: [GC
Desired survivor size 19922944 bytes, new threshold 1 (max 15)
 [PSYoungGen: 2771961K->7200K(2776512K)] 6821249K->4057336K(8368960K), 0.0395310 secs] [Times: user=0.21 sys=0.03, real=0.04 secs] 
2011-02-12T10:33:21.648+0000: 36890.968: [GC
Desired survivor size 19988480 bytes, new threshold 1 (max 15)
 [PSYoungGen: 2764064K->4928K(2776576K)] 6814200K->4055588K(8369024K), 0.0356040 secs] [Times: user=0.18 sys=0.01, real=0.04 secs] 
2011-02-12T10:33:28.670+0000: 36897.990: [GC
Desired survivor size 19398656 bytes, new threshold 1 (max 15)
 [PSYoungGen: 2762048K->7840K(2776640K)] 6812708K->4059008K(8369088K), 0.0402860 secs] [Times: user=0.22 sys=0.01, real=0.04 secs] 
2011-02-12T10:33:35.345+0000: 36904.665: [GC
Desired survivor size 19660800 bytes, new threshold 1 (max 15)
 [PSYoungGen: 2764960K->3136K(2776704K)] 6816128K->4054828K(8369152K), 0.0310690 secs] [Times: user=0.19 sys=0.01, real=0.03 secs] 
2011-02-12T10:33:42.429+0000: 36911.748: [GC
Desired survivor size 19202048 bytes, new threshold 1 (max 15)
 [PSYoungGen: 2760896K->5952K(2776960K)] 6812588K->4058132K(8369408K), 0.0381870 secs] [Times: user=0.19 sys=0.01, real=0.04 secs] 
2011-02-12T10:33:49.637+0000: 36918.956: [GC
Desired survivor size 18612224 bytes, new threshold 1 (max 15)
 [PSYoungGen: 2763712K->6400K(2777984K)] 6815892K->4059044K(8370432K), 0.0375460 secs] [Times: user=0.20 sys=0.02, real=0.04 secs] 
2011-02-12T10:33:57.286+0000: 36926.605: [GC
Desired survivor size 18284544 bytes, new threshold 1 (max 15)
 [PSYoungGen: 2765632K->4860K(2777408K)] 6818276K->4057997K(8369856K), 0.0358660 secs] [Times: user=0.19 sys=0.01, real=0.03 secs] 
2011-02-12T10:34:03.936+0000: 36933.256: [GC
Desired survivor size 17825792 bytes, new threshold 1 (max 15)
 [PSYoungGen: 2764092K->5257K(2778752K)] 6817229K->4059151K(8371200K), 0.0371160 secs] [Times: user=0.19 sys=0.03, real=0.04 secs] 
2011-02-12T10:34:11.143+0000: 36940.463: [GC
Desired survivor size 17498112 bytes, new threshold 1 (max 15)
 [PSYoungGen: 2766153K->9568K(2778304K)] 6820047K->4064343K(8370752K), 0.0435630 secs] [Times: user=0.23 sys=0.02, real=0.05 secs] 
2011-02-12T10:34:17.961+0000: 36947.281: [GC
Desired survivor size 19529728 bytes, new threshold 1 (max 15)
 [PSYoungGen: 2770464K->15968K(2775104K)] 6825239K->4071191K(8367552K), 0.0486170 secs] [Times: user=0.28 sys=0.01, real=0.05 secs] 
2011-02-12T10:34:25.340+0000: 36954.660: [GC
Desired survivor size 18939904 bytes, new threshold 1 (max 15)
 [PSYoungGen: 2773984K->10112K(2777088K)] 6829207K->4065941K(8369536K), 0.0433130 secs] [Times: user=0.23 sys=0.02, real=0.04 secs] 
2011-02-12T10:34:32.591+0000: 36961.911: [GC
Desired survivor size 19529728 bytes, new threshold 1 (max 15)
 [PSYoungGen: 2768128K->13024K(2776512K)] 6823957K->4069429K(8368960K), 0.0451180 secs] [Times: user=0.28 sys=0.01, real=0.05 secs] 
2011-02-12T10:34:39.825+0000: 36969.144: [GC
Desired survivor size 19464192 bytes, new threshold 1 (max 15)
 [PSYoungGen: 2771040K->11808K(2777088K)] 6827445K->4068693K(8369536K), 0.0450340 secs] [Times: user=0.26 sys=0.01, real=0.05 secs] 
2011-02-12T10:34:47.066+0000: 36976.386: [GC
Desired survivor size 19464192 bytes, new threshold 1 (max 15)
 [PSYoungGen: 2769824K->12256K(2777152K)] 6826709K->4069625K(8369600K), 0.0451770 secs] [Times: user=0.23 sys=0.02, real=0.05 secs] 
2011-02-12T10:34:54.400+0000: 36983.720: [GC
Desired survivor size 19333120 bytes, new threshold 1 (max 15)
 [PSYoungGen: 2770400K->5456K(2777152K)] 6827769K->4063321K(8369600K), 0.0363460 secs] [Times: user=0.21 sys=0.01, real=0.03 secs] 
2011-02-12T10:35:01.591+0000: 36990.911: [GC
Desired survivor size 18612224 bytes, new threshold 1 (max 15)
 [PSYoungGen: 2763600K->10194K(2777984K)] 6821465K->4068579K(8370432K), 0.0769560 secs] [Times: user=0.22 sys=0.01, real=0.07 secs] 
2011-02-12T10:35:08.011+0000: 36997.330: [GC
Desired survivor size 20316160 bytes, new threshold 1 (max 15)
 [PSYoungGen: 2769298K->16224K(2775360K)] 6827683K->4075572K(8367808K), 0.0512820 secs] [Times: user=0.28 sys=0.03, real=0.06 secs] 
2011-02-12T10:35:14.417+0000: 37003.736: [GC
Desired survivor size 19726336 bytes, new threshold 1 (max 15)
 [PSYoungGen: 2775328K->7904K(2776896K)] 6834676K->4067935K(8369344K), 0.0422390 secs] [Times: user=0.22 sys=0.01, real=0.04 secs] 
2011-02-12T10:35:20.570+0000: 37009.890: [GC
Desired survivor size 21037056 bytes, new threshold 1 (max 15)
 [PSYoungGen: 2764960K->15888K(2772992K)] 6824991K->4076331K(8365440K), 0.0533820 secs] [Times: user=0.25 sys=0.01, real=0.06 secs] 
2011-02-12T10:35:27.582+0000: 37016.902: [GC
Desired survivor size 20512768 bytes, new threshold 1 (max 15)
 [PSYoungGen: 2772944K->11980K(2776128K)] 6833387K->4072975K(8368576K), 0.0446040 secs] [Times: user=0.25 sys=0.02, real=0.05 secs] 
2011-02-12T10:35:35.139+0000: 37024.459: [GC
Desired survivor size 20185088 bytes, new threshold 1 (max 15)
 [PSYoungGen: 2767564K->7008K(2775616K)] 6828559K->4068519K(8368064K), 0.0382000 secs] [Times: user=0.19 sys=0.01, real=0.04 secs] 
2011-02-12T10:35:41.707+0000: 37031.026: [GC
Desired survivor size 21233664 bytes, new threshold 1 (max 15)
 [PSYoungGen: 2762592K->15520K(2774400K)] 6824103K->4077459K(8366848K), 0.0495250 secs] [Times: user=0.29 sys=0.02, real=0.05 secs] 
2011-02-12T10:35:49.129+0000: 37038.449: [GC
Desired survivor size 20840448 bytes, new threshold 1 (max 15)
 [PSYoungGen: 2770208K->7328K(2775424K)] 6832147K->4069739K(8367872K), 0.0374800 secs] [Times: user=0.21 sys=0.02, real=0.04 secs] 
2011-02-12T10:35:56.515+0000: 37045.835: [GC
Desired survivor size 20774912 bytes, new threshold 1 (max 15)
 [PSYoungGen: 2762016K->13040K(2775872K)] 6824427K->4075953K(8368320K), 0.0445430 secs] [Times: user=0.27 sys=0.01, real=0.05 secs] 
2011-02-12T10:36:03.529+0000: 37052.849: [GC
Desired survivor size 23003136 bytes, new threshold 1 (max 15)
 [PSYoungGen: 2768560K->19193K(2774720K)] 6831473K->4082724K(8367168K), 0.0520340 secs] [Times: user=0.28 sys=0.01, real=0.05 secs] 
2011-02-12T10:36:10.283+0000: 37059.602: [GC
Desired survivor size 22740992 bytes, new threshold 1 (max 15)
 [PSYoungGen: 2774713K->13744K(2773184K)] 6838244K->4078166K(8365632K), 0.0487490 secs] [Times: user=0.27 sys=0.02, real=0.05 secs] 
2011-02-12T10:36:17.442+0000: 37066.761: [GC
Desired survivor size 23199744 bytes, new threshold 1 (max 15)
 [PSYoungGen: 2765488K->3104K(2754880K)] 6829910K->4068150K(8347328K), 0.0323740 secs] [Times: user=0.19 sys=0.02, real=0.03 secs] 
2011-02-12T10:36:24.789+0000: 37074.109: [GC
Desired survivor size 22544384 bytes, new threshold 1 (max 15)
 [PSYoungGen: 2754848K->12384K(2774144K)] 6819894K->4077894K(8366592K), 0.0459470 secs] [Times: user=0.27 sys=0.02, real=0.05 secs] 
2011-02-12T10:36:32.137+0000: 37081.457: [GC
Desired survivor size 22544384 bytes, new threshold 1 (max 15)
 [PSYoungGen: 2763872K->4704K(2773504K)] 6829382K->4070725K(8365952K), 0.0348590 secs] [Times: user=0.20 sys=0.01, real=0.04 secs] 
2011-02-12T10:36:39.504+0000: 37088.824: [GC
Desired survivor size 21561344 bytes, new threshold 1 (max 15)
 [PSYoungGen: 2756192K->9088K(2775104K)] 6822213K->4075621K(8367552K), 0.0422960 secs] [Times: user=0.24 sys=0.01, real=0.04 secs] 
2011-02-12T10:36:46.594+0000: 37095.914: [GC
Desired survivor size 22609920 bytes, new threshold 1 (max 15)
 [PSYoungGen: 2762176K->15904K(2769024K)] 6828709K->4082977K(8361472K), 0.0488120 secs] [Times: user=0.28 sys=0.01, real=0.05 secs] 
2011-02-12T10:36:51.576+0000: 37100.896: [GC
Desired survivor size 23265280 bytes, new threshold 1 (max 15)
 [PSYoungGen: 2768992K->15600K(2772800K)] 6836065K->4083153K(8365248K), 0.0475510 secs] [Times: user=0.28 sys=0.01, real=0.05 secs] 
2011-02-12T10:36:57.271+0000: 37106.590: [GC
Desired survivor size 22609920 bytes, new threshold 1 (max 15)
 [PSYoungGen: 2766320K->8435K(2773440K)] 6833873K->4076509K(8365888K), 0.0401740 secs] [Times: user=0.23 sys=0.01, real=0.04 secs] 
2011-02-12T10:37:03.487+0000: 37112.806: [GC
Desired survivor size 22937600 bytes, new threshold 1 (max 15)
 [PSYoungGen: 2759155K->14874K(2773440K)] 6827229K->4083407K(8365888K), 0.0520460 secs] [Times: user=0.26 sys=0.02, real=0.05 secs] 
2011-02-12T10:37:09.719+0000: 37119.039: [GC
Desired survivor size 23461888 bytes, new threshold 1 (max 15)
 [PSYoungGen: 2766234K->15744K(2767104K)] 6834767K->4085123K(8359552K), 0.0496560 secs] [Times: user=0.28 sys=0.02, real=0.05 secs] 
2011-02-12T10:37:16.678+0000: 37125.998: [GC
Desired survivor size 23330816 bytes, new threshold 1 (max 15)
 [PSYoungGen: 2767104K->14624K(2773376K)] 6836483K->4084447K(8365824K), 0.0502210 secs] [Times: user=0.29 sys=0.01, real=0.05 secs] 
2011-02-12T10:37:23.584+0000: 37132.903: [GC
Desired survivor size 23265280 bytes, new threshold 1 (max 15)
 [PSYoungGen: 2765088K->14768K(2773248K)] 6834911K->4085015K(8365696K), 0.0466720 secs] [Times: user=0.28 sys=0.03, real=0.05 secs] 
2011-02-12T10:37:30.660+0000: 37139.979: [GC
Desired survivor size 23920640 bytes, new threshold 1 (max 15)
 [PSYoungGen: 2765232K->16928K(2772160K)] 6835479K->4087751K(8364608K), 0.0500490 secs] [Times: user=0.30 sys=0.01, real=0.05 secs] 
2011-02-12T10:37:37.783+0000: 37147.103: [GC
Desired survivor size 23003136 bytes, new threshold 1 (max 15)
 [PSYoungGen: 2766368K->13248K(2772800K)] 6837191K->4084511K(8365248K), 0.0449530 secs] [Times: user=0.27 sys=0.01, real=0.04 secs] 
2011-02-12T10:37:44.953+0000: 37154.273: [GC
Desired survivor size 23592960 bytes, new threshold 1 (max 15)
 [PSYoungGen: 2762688K->3808K(2772544K)] 6833951K->4075672K(8364992K), 0.0364670 secs] [Times: user=0.20 sys=0.03, real=0.03 secs] 
2011-02-12T10:37:51.844+0000: 37161.164: [GC
Desired survivor size 23724032 bytes, new threshold 1 (max 15)
 [PSYoungGen: 2753888K->4688K(2754816K)] 6825752K->4077020K(8347264K), 0.0358380 secs] [Times: user=0.20 sys=0.01, real=0.03 secs] 
2011-02-12T10:37:58.902+0000: 37168.222: [GC
Desired survivor size 23527424 bytes, new threshold 1 (max 15)
 [PSYoungGen: 2754768K->5680K(2773184K)] 6827100K->4078532K(8365632K), 0.0389180 secs] [Times: user=0.20 sys=0.02, real=0.04 secs] 
2011-02-12T10:38:05.112+0000: 37174.432: [GC
Desired survivor size 22478848 bytes, new threshold 1 (max 15)
 [PSYoungGen: 2755696K->11238K(2772992K)] 6828548K->4084694K(8365440K), 0.0444140 secs] [Times: user=0.25 sys=0.02, real=0.05 secs] 
2011-02-12T10:38:11.994+0000: 37181.313: [GC
Desired survivor size 21889024 bytes, new threshold 1 (max 15)
 [PSYoungGen: 2761254K->7424K(2774784K)] 6834710K->4081690K(8367232K), 0.0407840 secs] [Times: user=0.20 sys=0.01, real=0.04 secs] 
2011-02-12T10:38:18.908+0000: 37188.227: [GC
Desired survivor size 21495808 bytes, new threshold 1 (max 15)
 [PSYoungGen: 2760256K->6336K(2774208K)] 6834522K->4081042K(8366656K), 0.0369610 secs] [Times: user=0.21 sys=0.00, real=0.04 secs] 
2011-02-12T10:38:25.689+0000: 37195.008: [GC
Desired survivor size 21561344 bytes, new threshold 1 (max 15)
 [PSYoungGen: 2759168K->3116K(2775040K)] 6833874K->4078372K(8367488K), 0.0313370 secs] [Times: user=0.20 sys=0.02, real=0.03 secs] 
2011-02-12T10:38:32.950+0000: 37202.270: [GC
Desired survivor size 20578304 bytes, new threshold 1 (max 15)
 [PSYoungGen: 2757164K->8192K(2775104K)] 6832420K->4083940K(8367552K), 0.0387210 secs] [Times: user=0.20 sys=0.01, real=0.04 secs] 
2011-02-12T10:38:40.323+0000: 37209.642: [GC
Desired survivor size 21430272 bytes, new threshold 1 (max 15)
 [PSYoungGen: 2762240K->14480K(2774400K)] 6837988K->4090736K(8366848K), 0.0500400 secs] [Times: user=0.27 sys=0.02, real=0.05 secs] 
2011-02-12T10:38:47.479+0000: 37216.799: [GC
Desired survivor size 22937600 bytes, new threshold 1 (max 15)
 [PSYoungGen: 2768784K->16768K(2771072K)] 6845040K->4093540K(8363520K), 0.0484850 secs] [Times: user=0.31 sys=0.02, real=0.05 secs] 
2011-02-12T10:38:54.597+0000: 37223.916: [GC
Desired survivor size 22216704 bytes, new threshold 1 (max 15)
 [PSYoungGen: 2771072K->7672K(2774464K)] 6847844K->4084900K(8366912K), 0.0406080 secs] [Times: user=0.21 sys=0.01, real=0.04 secs] 
2011-02-12T10:39:01.738+0000: 37231.058: [GC
Desired survivor size 21102592 bytes, new threshold 1 (max 15)
 [PSYoungGen: 2759736K->10386K(2773760K)] 6836964K->4088166K(8366208K), 0.0467680 secs] [Times: user=0.24 sys=0.02, real=0.05 secs] 
2011-02-12T10:39:08.040+0000: 37237.359: [GC
Desired survivor size 21889024 bytes, new threshold 1 (max 15)
 [PSYoungGen: 2762450K->14935K(2774016K)] 6840230K->4093618K(8366464K), 0.0493110 secs] [Times: user=0.29 sys=0.01, real=0.05 secs] 
2011-02-12T10:39:15.092+0000: 37244.412: [GC
Desired survivor size 23068672 bytes, new threshold 1 (max 15)
 [PSYoungGen: 2768343K->16800K(2770240K)] 6847026K->4095966K(8362688K), 0.0510600 secs] [Times: user=0.30 sys=0.02, real=0.05 secs] 
2011-02-12T10:39:22.128+0000: 37251.448: [GC
Desired survivor size 23396352 bytes, new threshold 1 (max 15)
 [PSYoungGen: 2770208K->2848K(2772992K)] 6849374K->4082522K(8365440K), 0.0304150 secs] [Times: user=0.18 sys=0.01, real=0.03 secs] 
2011-02-12T10:39:29.254+0000: 37258.574: [GC
Desired survivor size 22806528 bytes, new threshold 1 (max 15)
 [PSYoungGen: 2753312K->6494K(2773312K)] 6832986K->4086681K(8365760K), 0.0386960 secs] [Times: user=0.20 sys=0.01, real=0.04 secs] 
2011-02-12T10:39:36.683+0000: 37266.003: [GC
Desired survivor size 22675456 bytes, new threshold 1 (max 15)
 [PSYoungGen: 2756958K->12944K(2774016K)] 6837145K->4093559K(8366464K), 0.0449750 secs] [Times: user=0.27 sys=0.02, real=0.05 secs] 
2011-02-12T10:39:43.915+0000: 37273.234: [GC
Desired survivor size 21889024 bytes, new threshold 1 (max 15)
 [PSYoungGen: 2764688K->7980K(2773888K)] 6845303K->4089054K(8366336K), 0.0392970 secs] [Times: user=0.22 sys=0.01, real=0.04 secs] 
2011-02-12T10:39:51.009+0000: 37280.329: [GC
Desired survivor size 21168128 bytes, new threshold 1 (max 15)
 [PSYoungGen: 2759724K->7584K(2775488K)] 6840798K->4089142K(8367936K), 0.0431380 secs] [Times: user=0.22 sys=0.00, real=0.04 secs] 
2011-02-12T10:39:57.914+0000: 37287.233: [GC
Desired survivor size 20512768 bytes, new threshold 1 (max 15)
 [PSYoungGen: 2761693K->7360K(2774784K)] 6843252K->4089414K(8367232K), 0.0416770 secs] [Times: user=0.21 sys=0.03, real=0.04 secs] 
2011-02-12T10:40:03.993+0000: 37293.312: [GC
Desired survivor size 20054016 bytes, new threshold 1 (max 15)
 [PSYoungGen: 2761472K->11209K(2776576K)] 6843526K->4094000K(8369024K), 0.0489280 secs] [Times: user=0.24 sys=0.02, real=0.05 secs] 
2011-02-12T10:40:10.884+0000: 37300.204: [GC
Desired survivor size 19070976 bytes, new threshold 1 (max 15)
 [PSYoungGen: 2767753K->9856K(2776128K)] 6850544K->4093424K(8368576K), 0.0451320 secs] [Times: user=0.22 sys=0.02, real=0.05 secs] 
2011-02-12T10:40:18.061+0000: 37307.380: [GC
Desired survivor size 19005440 bytes, new threshold 1 (max 15)
 [PSYoungGen: 2766400K->12000K(2777600K)] 6849968K->4095996K(8370048K), 0.0466710 secs] [Times: user=0.25 sys=0.00, real=0.04 secs] 
2011-02-12T10:40:25.363+0000: 37314.682: [GC
Desired survivor size 20185088 bytes, new threshold 1 (max 15)
 [PSYoungGen: 2770976K->15296K(2774272K)] 6854972K->4099780K(8366720K), 0.0475420 secs] [Times: user=0.29 sys=0.01, real=0.05 secs] 
2011-02-12T10:40:33.602+0000: 37322.922: [GC
Desired survivor size 20119552 bytes, new threshold 1 (max 15)
 [PSYoungGen: 2774272K->5536K(2776512K)] 6858756K->4090500K(8368960K), 0.0367770 secs] [Times: user=0.20 sys=0.01, real=0.03 secs] 
2011-02-12T10:40:39.345+0000: 37328.665: [GC
Desired survivor size 19922944 bytes, new threshold 1 (max 15)
 [PSYoungGen: 2762336K->5488K(2776448K)] 6847300K->4090980K(8368896K), 0.0389630 secs] [Times: user=0.20 sys=0.01, real=0.04 secs] 
2011-02-12T10:40:46.486+0000: 37335.806: [GC
Desired survivor size 21037056 bytes, new threshold 1 (max 15)
 [PSYoungGen: 2762288K->15264K(2774528K)] 6847780K->4101273K(8366976K), 0.0475810 secs] [Times: user=0.27 sys=0.03, real=0.05 secs] 
2011-02-12T10:40:53.545+0000: 37342.865: [GC
Desired survivor size 22216704 bytes, new threshold 1 (max 15)
 [PSYoungGen: 2770336K->16064K(2771200K)] 6856345K->4102569K(8363648K), 0.0483780 secs] [Times: user=0.29 sys=0.01, real=0.05 secs] 
2011-02-12T10:41:00.556+0000: 37349.876: [GC
Desired survivor size 22085632 bytes, new threshold 1 (max 15)
 [PSYoungGen: 2771136K->5298K(2774592K)] 6857641K->4092323K(8367040K), 0.0361980 secs] [Times: user=0.20 sys=0.02, real=0.03 secs] 
2011-02-12T10:41:06.768+0000: 37356.088: [GC
Desired survivor size 22609920 bytes, new threshold 1 (max 15)
 [PSYoungGen: 2758194K->14695K(2767616K)] 6845219K->4102547K(8360064K), 0.0489550 secs] [Times: user=0.28 sys=0.01, real=0.05 secs] 
2011-02-12T10:41:13.132+0000: 37362.452: [GC
Desired survivor size 22413312 bytes, new threshold 1 (max 15)
 [PSYoungGen: 2767591K->5088K(2774272K)] 6855443K->4093571K(8366720K), 0.0397270 secs] [Times: user=0.21 sys=0.03, real=0.04 secs] 
2011-02-12T10:41:19.828+0000: 37369.147: [GC
Desired survivor size 22282240 bytes, new threshold 1 (max 15)
 [PSYoungGen: 2757280K->13024K(2774080K)] 6845763K->4101947K(8366528K), 0.0451990 secs] [Times: user=0.27 sys=0.01, real=0.04 secs] 
2011-02-12T10:41:26.818+0000: 37376.138: [GC
Desired survivor size 24117248 bytes, new threshold 1 (max 15)
 [PSYoungGen: 2765216K->18240K(2770816K)] 6854139K->4107663K(8363264K), 0.0512770 secs] [Times: user=0.30 sys=0.01, real=0.05 secs] 
2011-02-12T10:41:33.578+0000: 37382.898: [GC
Desired survivor size 24444928 bytes, new threshold 1 (max 15)
 [PSYoungGen: 2767296K->15264K(2764352K)] 6856719K->4105151K(8356800K), 0.0468020 secs] [Times: user=0.29 sys=0.01, real=0.04 secs] 
2011-02-12T10:41:40.344+0000: 37389.663: [GC
Desired survivor size 23527424 bytes, new threshold 1 (max 15)
 [PSYoungGen: 2764320K->12480K(2773184K)] 6854207K->4102879K(8365632K), 0.0466500 secs] [Times: user=0.26 sys=0.02, real=0.05 secs] 
2011-02-12T10:41:47.167+0000: 37396.487: [GC
Desired survivor size 22413312 bytes, new threshold 1 (max 15)
 [PSYoungGen: 2761792K->11328K(2772288K)] 6852191K->4102215K(8364736K), 0.0451500 secs] [Times: user=0.26 sys=0.01, real=0.05 secs] 
2011-02-12T10:41:54.220+0000: 37403.540: [GC
Desired survivor size 21692416 bytes, new threshold 1 (max 15)
 [PSYoungGen: 2760640K->12496K(2774976K)] 6851527K->4103879K(8367424K), 0.0439400 secs] [Times: user=0.25 sys=0.01, real=0.05 secs] 
2011-02-12T10:42:01.009+0000: 37410.329: [GC
Desired survivor size 21692416 bytes, new threshold 1 (max 15)
 [PSYoungGen: 2765584K->14242K(2774272K)] 6856967K->4106169K(8366720K), 0.0485170 secs] [Times: user=0.29 sys=0.01, real=0.05 secs] 
2011-02-12T10:42:07.495+0000: 37416.815: [GC
Desired survivor size 22216704 bytes, new threshold 1 (max 15)
 [PSYoungGen: 2767330K->3639K(2773952K)] 6859257K->4096465K(8366400K), 0.0335100 secs] [Times: user=0.19 sys=0.02, real=0.03 secs] 
2011-02-12T10:42:14.286+0000: 37423.606: [GC
Desired survivor size 23003136 bytes, new threshold 1 (max 15)
 [PSYoungGen: 2756407K->16032K(2768832K)] 6849233K->4109405K(8361280K), 0.0487830 secs] [Times: user=0.29 sys=0.01, real=0.05 secs] 
2011-02-12T10:42:21.607+0000: 37430.926: [GC
Desired survivor size 22872064 bytes, new threshold 1 (max 15)
 [PSYoungGen: 2768800K->5987K(2773824K)] 6862173K->4099864K(8366272K), 0.0370630 secs] [Times: user=0.20 sys=0.01, real=0.03 secs] 
2011-02-12T10:42:28.136+0000: 37437.456: [GC
Desired survivor size 23461888 bytes, new threshold 1 (max 15)
 [PSYoungGen: 2757347K->15648K(2767040K)] 6851224K->4110008K(8359488K), 0.0468460 secs] [Times: user=0.27 sys=0.03, real=0.04 secs] 
2011-02-12T10:42:34.908+0000: 37444.228: [GC
Desired survivor size 22806528 bytes, new threshold 1 (max 15)
 [PSYoungGen: 2767008K->12992K(2773888K)] 6861368K->4107832K(8366336K), 0.0474730 secs] [Times: user=0.27 sys=0.02, real=0.04 secs] 
2011-02-12T10:42:41.948+0000: 37451.268: [GC
Desired survivor size 22740992 bytes, new threshold 1 (max 15)
 [PSYoungGen: 2763968K->6080K(2773248K)] 6858808K->4101388K(8365696K), 0.0416070 secs] [Times: user=0.21 sys=0.01, real=0.04 secs] 
2011-02-12T10:42:49.169+0000: 37458.488: [GC
Desired survivor size 21692416 bytes, new threshold 1 (max 15)
 [PSYoungGen: 2757056K->10656K(2774976K)] 6852364K->4106408K(8367424K), 0.0434760 secs] [Times: user=0.24 sys=0.02, real=0.04 secs] 
2011-02-12T10:42:56.680+0000: 37465.999: [GC
Desired survivor size 21692416 bytes, new threshold 1 (max 15)
 [PSYoungGen: 2763424K->4848K(2773952K)] 6859176K->4101108K(8366400K), 0.0364560 secs] [Times: user=0.19 sys=0.01, real=0.03 secs] 
2011-02-12T10:43:03.326+0000: 37472.645: [GC
Desired survivor size 23330816 bytes, new threshold 1 (max 15)
 [PSYoungGen: 2757616K->17578K(2771776K)] 6853876K->4114374K(8364224K), 0.0530960 secs] [Times: user=0.28 sys=0.01, real=0.06 secs] 
2011-02-12T10:43:09.663+0000: 37478.983: [GC
Desired survivor size 22216704 bytes, new threshold 1 (max 15)
 [PSYoungGen: 2768170K->10592K(2773376K)] 6864966K->4108382K(8365824K), 0.0441620 secs] [Times: user=0.25 sys=0.02, real=0.04 secs] 
2011-02-12T10:43:16.408+0000: 37485.727: [GC
Desired survivor size 21823488 bytes, new threshold 1 (max 15)
 [PSYoungGen: 2761184K->7296K(2774848K)] 6858974K->4105474K(8367296K), 0.0391020 secs] [Times: user=0.21 sys=0.01, real=0.04 secs] 
2011-02-12T10:43:23.071+0000: 37492.391: [GC
Desired survivor size 21757952 bytes, new threshold 1 (max 15)
 [PSYoungGen: 2760448K->4704K(2774464K)] 6858626K->4103338K(8366912K), 0.0362000 secs] [Times: user=0.20 sys=0.01, real=0.04 secs] 
2011-02-12T10:43:30.025+0000: 37499.345: [GC
Desired survivor size 21757952 bytes, new threshold 1 (max 15)
 [PSYoungGen: 2757856K->3802K(2774912K)] 6856490K->4102909K(8367360K), 0.0336350 secs] [Times: user=0.19 sys=0.00, real=0.03 secs] 
2011-02-12T10:43:37.565+0000: 37506.885: [GC
Desired survivor size 22020096 bytes, new threshold 1 (max 15)
 [PSYoungGen: 2757466K->13312K(2766976K)] 6856573K->4112842K(8359424K), 0.0454400 secs] [Times: user=0.27 sys=0.02, real=0.04 secs] 
2011-02-12T10:43:45.252+0000: 37514.571: [GC
Desired survivor size 20840448 bytes, new threshold 1 (max 15)
 [PSYoungGen: 2766976K->9887K(2775808K)] 6866506K->4109858K(8368256K), 0.0447690 secs] [Times: user=0.22 sys=0.00, real=0.05 secs] 
2011-02-12T10:43:52.660+0000: 37521.980: [GC
Desired survivor size 22085632 bytes, new threshold 1 (max 15)
 [PSYoungGen: 2764191K->16071K(2770432K)] 6864162K->4116590K(8362880K), 0.0496870 secs] [Times: user=0.29 sys=0.02, real=0.05 secs] 
2011-02-12T10:44:00.122+0000: 37529.441: [GC
Desired survivor size 21757952 bytes, new threshold 1 (max 15)
 [PSYoungGen: 2770375K->12602K(2774912K)] 6870894K->4113773K(8367360K), 0.0460930 secs] [Times: user=0.27 sys=0.02, real=0.05 secs] 
2011-02-12T10:44:06.935+0000: 37536.255: [GC
Desired survivor size 21037056 bytes, new threshold 1 (max 15)
 [PSYoungGen: 2765946K->8792K(2774592K)] 6867117K->4110997K(8367040K), 0.0413820 secs] [Times: user=0.22 sys=0.01, real=0.05 secs] 
2011-02-12T10:44:13.869+0000: 37543.189: [GC
Desired survivor size 20316160 bytes, new threshold 1 (max 15)
 [PSYoungGen: 2762136K->8864K(2776320K)] 6864341K->4111753K(8368768K), 0.0437180 secs] [Times: user=0.24 sys=0.02, real=0.04 secs] 
2011-02-12T10:44:20.602+0000: 37549.922: [GC
Desired survivor size 19922944 bytes, new threshold 1 (max 15)
 [PSYoungGen: 2764640K->6816K(2775616K)] 6867529K->4110189K(8368064K), 0.0385800 secs] [Times: user=0.19 sys=0.01, real=0.04 secs] 
2011-02-12T10:44:27.680+0000: 37556.999: [GC
Desired survivor size 19136512 bytes, new threshold 1 (max 15)
 [PSYoungGen: 2762592K->9004K(2777472K)] 6865965K->4112847K(8369920K), 0.0426440 secs] [Times: user=0.23 sys=0.00, real=0.04 secs] 
2011-02-12T10:44:35.180+0000: 37564.500: [GC
Desired survivor size 20316160 bytes, new threshold 1 (max 15)
 [PSYoungGen: 2767020K->15296K(2773312K)] 6870863K->4119623K(8365760K), 0.0485680 secs] [Times: user=0.28 sys=0.01, real=0.04 secs] 
2011-02-12T10:44:42.351+0000: 37571.670: [GC
Desired survivor size 20316160 bytes, new threshold 1 (max 15)
 [PSYoungGen: 2773312K->4736K(2776320K)] 6877639K->4109495K(8368768K), 0.0353950 secs] [Times: user=0.20 sys=0.01, real=0.04 secs] 
2011-02-12T10:44:49.617+0000: 37578.937: [GC
Desired survivor size 19529728 bytes, new threshold 1 (max 15)
 [PSYoungGen: 2761216K->8576K(2776320K)] 6865975K->4113735K(8368768K), 0.0407220 secs] [Times: user=0.21 sys=0.01, real=0.04 secs] 
2011-02-12T10:44:56.688+0000: 37586.008: [GC
Desired survivor size 18874368 bytes, new threshold 1 (max 15)
 [PSYoungGen: 2765056K->10464K(2777728K)] 6870215K->4116079K(8370176K), 0.0435120 secs] [Times: user=0.24 sys=0.01, real=0.04 secs] 
2011-02-12T10:45:03.570+0000: 37592.890: [GC
Desired survivor size 18087936 bytes, new threshold 1 (max 15)
 [PSYoungGen: 2769120K->10026K(2777088K)] 6874735K->4116241K(8369536K), 0.0464200 secs] [Times: user=0.23 sys=0.03, real=0.05 secs] 
2011-02-12T10:45:09.257+0000: 37598.577: [GC
Desired survivor size 17563648 bytes, new threshold 1 (max 15)
 [PSYoungGen: 2768682K->10688K(2779008K)] 6874897K->4117813K(8371456K), 0.0426130 secs] [Times: user=0.25 sys=0.02, real=0.04 secs] 
2011-02-12T10:45:15.267+0000: 37604.586: [GC
Desired survivor size 18415616 bytes, new threshold 1 (max 15)
 [PSYoungGen: 2772032K->13984K(2775360K)] 6879157K->4121589K(8367808K), 0.0501750 secs] [Times: user=0.28 sys=0.02, real=0.05 secs] 
2011-02-12T10:45:22.161+0000: 37611.481: [GC
Desired survivor size 17694720 bytes, new threshold 1 (max 15)
 [PSYoungGen: 2775328K->10528K(2778880K)] 6882933K->4118573K(8371328K), 0.0465230 secs] [Times: user=0.26 sys=0.03, real=0.05 secs] 
2011-02-12T10:45:29.264+0000: 37618.583: [GC
Desired survivor size 17235968 bytes, new threshold 1 (max 15)
 [PSYoungGen: 2771424K->11072K(2778176K)] 6879469K->4119672K(8370624K), 0.0448870 secs] [Times: user=0.25 sys=0.02, real=0.05 secs] 
2011-02-12T10:45:36.265+0000: 37625.585: [GC
Desired survivor size 17235968 bytes, new threshold 1 (max 15)
 [PSYoungGen: 2771968K->12064K(2779328K)] 6880568K->4121152K(8371776K), 0.0463500 secs] [Times: user=0.24 sys=0.01, real=0.05 secs] 
2011-02-12T10:45:43.401+0000: 37632.721: [GC
Desired survivor size 17563648 bytes, new threshold 1 (max 15)
 [PSYoungGen: 2774560K->4960K(2767488K)] 6883648K->4114552K(8359936K), 0.0360460 secs] [Times: user=0.20 sys=0.01, real=0.03 secs] 
2011-02-12T10:45:50.256+0000: 37639.575: [GC
Desired survivor size 17956864 bytes, new threshold 1 (max 15)
 [PSYoungGen: 2767456K->3776K(2778240K)] 6877048K->4113856K(8370688K), 0.0332640 secs] [Times: user=0.20 sys=0.01, real=0.04 secs] 
2011-02-12T10:45:57.718+0000: 37647.038: [GC
Desired survivor size 17432576 bytes, new threshold 1 (max 15)
 [PSYoungGen: 2764864K->10224K(2778624K)] 6874944K->4120801K(8371072K), 0.0423300 secs] [Times: user=0.22 sys=0.00, real=0.05 secs] 
2011-02-12T10:46:04.382+0000: 37653.701: [GC
Desired survivor size 16777216 bytes, new threshold 1 (max 15)
 [PSYoungGen: 2771308K->8682K(2779776K)] 6881885K->4119923K(8372224K), 0.0437690 secs] [Times: user=0.21 sys=0.02, real=0.04 secs] 
2011-02-12T10:46:10.959+0000: 37660.279: [GC
Desired survivor size 17039360 bytes, new threshold 1 (max 15)
 [PSYoungGen: 2771434K->3808K(2779136K)] 6882675K->4115951K(8371584K), 0.0349910 secs] [Times: user=0.20 sys=0.02, real=0.04 secs] 
2011-02-12T10:46:18.284+0000: 37667.604: [GC
Desired survivor size 16580608 bytes, new threshold 1 (max 15)
 [PSYoungGen: 2766560K->7104K(2779968K)] 6878703K->4119739K(8372416K), 0.0387920 secs] [Times: user=0.20 sys=0.01, real=0.04 secs] 
2011-02-12T10:46:25.008+0000: 37674.328: [GC
Desired survivor size 16384000 bytes, new threshold 1 (max 15)
 [PSYoungGen: 2770432K->5344K(2779520K)] 6883067K->4118443K(8371968K), 0.0364160 secs] [Times: user=0.20 sys=0.01, real=0.04 secs] 
2011-02-12T10:46:32.343+0000: 37681.663: [GC
Desired survivor size 15859712 bytes, new threshold 1 (max 15)
 [PSYoungGen: 2768672K->8992K(2780672K)] 6881771K->4122555K(8373120K), 0.0396100 secs] [Times: user=0.23 sys=0.02, real=0.04 secs] 
2011-02-12T10:46:39.256+0000: 37688.576: [GC
Desired survivor size 15532032 bytes, new threshold 1 (max 15)
 [PSYoungGen: 2773664K->9464K(2780160K)] 6887227K->4123487K(8372608K), 0.0404770 secs] [Times: user=0.23 sys=0.01, real=0.04 secs] 
2011-02-12T10:46:46.898+0000: 37696.218: [GC
Desired survivor size 15728640 bytes, new threshold 1 (max 15)
 [PSYoungGen: 2774136K->3488K(2780608K)] 6888159K->4117911K(8373056K), 0.0319370 secs] [Times: user=0.19 sys=0.00, real=0.03 secs] 
2011-02-12T10:46:54.697+0000: 37704.017: [GC
Desired survivor size 17432576 bytes, new threshold 1 (max 15)
 [PSYoungGen: 2768928K->14544K(2780032K)] 6883351K->4129439K(8372480K), 0.0476640 secs] [Times: user=0.27 sys=0.01, real=0.04 secs] 
2011-02-12T10:47:01.952+0000: 37711.272: [GC
Desired survivor size 16777216 bytes, new threshold 1 (max 15)
 [PSYoungGen: 2779984K->7530K(2779520K)] 6894879K->4122961K(8371968K), 0.0415480 secs] [Times: user=0.23 sys=0.02, real=0.04 secs] 
2011-02-12T10:47:08.818+0000: 37718.138: [GC
Desired survivor size 16318464 bytes, new threshold 1 (max 15)
 [PSYoungGen: 2770922K->6512K(2779776K)] 6886353K->4122929K(8372224K), 0.0414970 secs] [Times: user=0.21 sys=0.02, real=0.05 secs] 
2011-02-12T10:47:15.697+0000: 37725.016: [GC
Desired survivor size 16121856 bytes, new threshold 1 (max 15)
 [PSYoungGen: 2769904K->5128K(2780416K)] 6886321K->4122129K(8372864K), 0.0354720 secs] [Times: user=0.20 sys=0.01, real=0.04 secs] 
2011-02-12T10:47:22.916+0000: 37732.236: [GC
Desired survivor size 15990784 bytes, new threshold 1 (max 15)
 [PSYoungGen: 2769608K->9760K(2780224K)] 6886609K->4127233K(8372672K), 0.0418830 secs] [Times: user=0.24 sys=0.01, real=0.04 secs] 
2011-02-12T10:47:30.403+0000: 37739.723: [GC
Desired survivor size 17367040 bytes, new threshold 1 (max 15)
 [PSYoungGen: 2774240K->13872K(2777856K)] 6891713K->4131813K(8370304K), 0.0450400 secs] [Times: user=0.26 sys=0.00, real=0.04 secs] 
2011-02-12T10:47:38.286+0000: 37747.606: [GC
Desired survivor size 18153472 bytes, new threshold 1 (max 15)
 [PSYoungGen: 2776112K->13056K(2775296K)] 6894053K->4131481K(8367744K), 0.0471420 secs] [Times: user=0.28 sys=0.02, real=0.05 secs] 
2011-02-12T10:47:45.814+0000: 37755.134: [GC
Desired survivor size 17367040 bytes, new threshold 1 (max 15)
 [PSYoungGen: 2775296K->9344K(2779200K)] 6893721K->4128305K(8371648K), 0.0452300 secs] [Times: user=0.24 sys=0.02, real=0.04 secs] 
2011-02-12T10:47:53.602+0000: 37762.921: [GC
Desired survivor size 16646144 bytes, new threshold 1 (max 15)
 [PSYoungGen: 2770816K->9424K(2778432K)] 6889777K->4128877K(8370880K), 0.0418740 secs] [Times: user=0.23 sys=0.00, real=0.04 secs] 
2011-02-12T10:48:00.930+0000: 37770.250: [GC
Desired survivor size 17498112 bytes, new threshold 1 (max 15)
 [PSYoungGen: 2770896K->13330K(2778240K)] 6890349K->4133327K(8370688K), 0.0446360 secs] [Times: user=0.26 sys=0.01, real=0.04 secs] 
2011-02-12T10:48:07.158+0000: 37776.478: [GC
Desired survivor size 17301504 bytes, new threshold 1 (max 15)
 [PSYoungGen: 2775314K->6263K(2779072K)] 6895311K->4127195K(8371520K), 0.0383120 secs] [Times: user=0.20 sys=0.02, real=0.04 secs] 
2011-02-12T10:48:14.574+0000: 37783.894: [GC
Desired survivor size 16711680 bytes, new threshold 1 (max 15)
 [PSYoungGen: 2768247K->9824K(2779840K)] 6889179K->4131379K(8372288K), 0.0422620 secs] [Times: user=0.24 sys=0.02, real=0.05 secs] 
2011-02-12T10:48:22.112+0000: 37791.431: [GC
Desired survivor size 16646144 bytes, new threshold 1 (max 15)
 [PSYoungGen: 2772768K->5824K(2779264K)] 6894323K->4127827K(8371712K), 0.0375090 secs] [Times: user=0.21 sys=0.01, real=0.04 secs] 
2011-02-12T10:48:29.120+0000: 37798.440: [GC
Desired survivor size 16384000 bytes, new threshold 1 (max 15)
 [PSYoungGen: 2768768K->6128K(2780160K)] 6890771K->4128667K(8372608K), 0.0410380 secs] [Times: user=0.22 sys=0.02, real=0.04 secs] 
2011-02-12T10:48:36.296+0000: 37805.615: [GC
Desired survivor size 15925248 bytes, new threshold 1 (max 15)
 [PSYoungGen: 2770032K->7296K(2779904K)] 6892571K->4130401K(8372352K), 0.0403810 secs] [Times: user=0.22 sys=0.02, real=0.04 secs] 
2011-02-12T10:48:43.393+0000: 37812.712: [GC
Desired survivor size 15269888 bytes, new threshold 1 (max 15)
 [PSYoungGen: 2771200K->8320K(2781248K)] 6894305K->4131861K(8373696K), 0.0409620 secs] [Times: user=0.22 sys=0.01, real=0.04 secs] 
2011-02-12T10:48:50.827+0000: 37820.147: [GC
Desired survivor size 15269888 bytes, new threshold 1 (max 15)
 [PSYoungGen: 2774016K->4672K(2780608K)] 6897557K->4128720K(8373056K), 0.0349810 secs] [Times: user=0.19 sys=0.02, real=0.04 secs] 
2011-02-12T10:48:57.423+0000: 37826.742: [GC
Desired survivor size 15794176 bytes, new threshold 1 (max 15)
 [PSYoungGen: 2770368K->11312K(2780224K)] 6894416K->4135904K(8372672K), 0.0478480 secs] [Times: user=0.25 sys=0.02, real=0.04 secs] 
2011-02-12T10:49:04.031+0000: 37833.350: [GC
Desired survivor size 15859712 bytes, new threshold 1 (max 15)
 [PSYoungGen: 2776624K->10546K(2775872K)] 6901216K->4135699K(8368320K), 0.0420650 secs] [Times: user=0.24 sys=0.02, real=0.04 secs] 
2011-02-12T10:49:10.406+0000: 37839.726: [GC
Desired survivor size 17498112 bytes, new threshold 1 (max 15)
 [PSYoungGen: 2775858K->14816K(2777472K)] 6901011K->4140938K(8369920K), 0.0485610 secs] [Times: user=0.27 sys=0.01, real=0.05 secs] 
2011-02-12T10:49:17.676+0000: 37846.995: [GC
Desired survivor size 17039360 bytes, new threshold 1 (max 15)
 [PSYoungGen: 2776800K->7232K(2779072K)] 6902922K->4133814K(8371520K), 0.0398950 secs] [Times: user=0.21 sys=0.00, real=0.04 secs] 
2011-02-12T10:49:24.445+0000: 37853.765: [GC
Desired survivor size 17432576 bytes, new threshold 1 (max 15)
 [PSYoungGen: 2769216K->2448K(2778752K)] 6895798K->4129546K(8371200K), 0.0312760 secs] [Times: user=0.19 sys=0.02, real=0.04 secs] 
2011-02-12T10:49:31.701+0000: 37861.021: [GC
Desired survivor size 16777216 bytes, new threshold 1 (max 15)
 [PSYoungGen: 2764560K->8960K(2779136K)] 6891658K->4136610K(8371584K), 0.0451710 secs] [Times: user=0.23 sys=0.02, real=0.05 secs] 
2011-02-12T10:49:39.289+0000: 37868.609: [GC
Desired survivor size 16711680 bytes, new threshold 1 (max 15)
 [PSYoungGen: 2771072K->4000K(2779840K)] 6898722K->4132054K(8372288K), 0.0327950 secs] [Times: user=0.19 sys=0.00, real=0.03 secs] 
2011-02-12T10:49:46.827+0000: 37876.147: [GC
Desired survivor size 17301504 bytes, new threshold 1 (max 15)
 [PSYoungGen: 2767456K->11680K(2775168K)] 6895510K->4140268K(8367616K), 0.0466270 secs] [Times: user=0.27 sys=0.01, real=0.05 secs] 
2011-02-12T10:49:53.821+0000: 37883.141: [GC
Desired survivor size 17629184 bytes, new threshold 1 (max 15)
 [PSYoungGen: 2775136K->11612K(2778624K)] 6903724K->4140708K(8371072K), 0.0433010 secs] [Times: user=0.25 sys=0.01, real=0.04 secs] 
2011-02-12T10:50:01.077+0000: 37890.397: [GC
Desired survivor size 19595264 bytes, new threshold 1 (max 15)
 [PSYoungGen: 2773340K->16194K(2777984K)] 6902436K->4145854K(8370432K), 0.0481990 secs] [Times: user=0.29 sys=0.02, real=0.05 secs] 
2011-02-12T10:50:07.595+0000: 37896.915: [GC
Desired survivor size 19333120 bytes, new threshold 1 (max 15)
 [PSYoungGen: 2777922K->5175K(2776576K)] 6907582K->4135664K(8369024K), 0.0369950 secs] [Times: user=0.21 sys=0.02, real=0.04 secs] 
2011-02-12T10:50:14.460+0000: 37903.779: [GC
Desired survivor size 19070976 bytes, new threshold 1 (max 15)
 [PSYoungGen: 2763575K->4860K(2777280K)] 6894064K->4136020K(8369728K), 0.0352160 secs] [Times: user=0.19 sys=0.00, real=0.04 secs] 
2011-02-12T10:50:21.581+0000: 37910.901: [GC
Desired survivor size 18350080 bytes, new threshold 1 (max 15)
 [PSYoungGen: 2763260K->6976K(2778240K)] 6894420K->4138900K(8370688K), 0.0382870 secs] [Times: user=0.22 sys=0.01, real=0.04 secs] 
2011-02-12T10:50:28.062+0000: 37917.382: [GC
Desired survivor size 20250624 bytes, new threshold 1 (max 15)
 [PSYoungGen: 2766592K->15968K(2775616K)] 6898516K->4148404K(8368064K), 0.0485370 secs] [Times: user=0.30 sys=0.01, real=0.05 secs] 
2011-02-12T10:50:34.813+0000: 37924.132: [GC
Desired survivor size 21233664 bytes, new threshold 1 (max 15)
 [PSYoungGen: 2775584K->14656K(2774464K)] 6908020K->4147516K(8366912K), 0.0469430 secs] [Times: user=0.29 sys=0.00, real=0.05 secs] 
2011-02-12T10:50:41.536+0000: 37930.855: [GC
Desired survivor size 20185088 bytes, new threshold 1 (max 15)
 [PSYoungGen: 2769344K->10080K(2775424K)] 6902204K->4143432K(8367872K), 0.0420090 secs] [Times: user=0.23 sys=0.01, real=0.04 secs] 
2011-02-12T10:50:47.942+0000: 37937.262: [GC
Desired survivor size 23330816 bytes, new threshold 1 (max 15)
 [PSYoungGen: 2764768K->19682K(2770304K)] 6898120K->4154030K(8362752K), 0.0535510 secs] [Times: user=0.34 sys=0.01, real=0.06 secs] 
2011-02-12T10:50:54.742+0000: 37944.062: [GC
Desired survivor size 23330816 bytes, new threshold 1 (max 15)
 [PSYoungGen: 2770274K->14176K(2773376K)] 6904622K->4148980K(8365824K), 0.0483800 secs] [Times: user=0.26 sys=0.01, real=0.05 secs] 
2011-02-12T10:51:01.520+0000: 37950.839: [GC
Desired survivor size 22216704 bytes, new threshold 1 (max 15)
 [PSYoungGen: 2764768K->11314K(2774464K)] 6899572K->4146634K(8366912K), 0.0451520 secs] [Times: user=0.24 sys=0.01, real=0.04 secs] 
2011-02-12T10:51:07.683+0000: 37957.002: [GC
Desired survivor size 22413312 bytes, new threshold 1 (max 15)
 [PSYoungGen: 2762994K->3848K(2773376K)] 6898314K->4140061K(8365824K), 0.0344380 secs] [Times: user=0.20 sys=0.02, real=0.03 secs] 
2011-02-12T10:51:14.323+0000: 37963.643: [GC
Desired survivor size 24313856 bytes, new threshold 1 (max 15)
 [PSYoungGen: 2755528K->18592K(2770560K)] 6891741K->4155485K(8363008K), 0.0513380 secs] [Times: user=0.32 sys=0.00, real=0.05 secs] 
2011-02-12T10:51:21.341+0000: 37970.660: [GC
Desired survivor size 25231360 bytes, new threshold 1 (max 15)
 [PSYoungGen: 2767264K->16960K(2765632K)] 6904157K->4154314K(8358080K), 0.0506100 secs] [Times: user=0.31 sys=0.03, real=0.05 secs] 
2011-02-12T10:51:28.164+0000: 37977.484: [GC
Desired survivor size 25559040 bytes, new threshold 1 (max 15)
 [PSYoungGen: 2765632K->16256K(2770880K)] 6902986K->4154102K(8363328K), 0.0486220 secs] [Times: user=0.29 sys=0.03, real=0.05 secs] 
2011-02-12T10:51:35.104+0000: 37984.424: [GC
Desired survivor size 25165824 bytes, new threshold 1 (max 15)
 [PSYoungGen: 2762496K->14624K(2771200K)] 6900342K->4152942K(8363648K), 0.0478390 secs] [Times: user=0.29 sys=0.01, real=0.05 secs] 
2011-02-12T10:51:41.790+0000: 37991.110: [GC
Desired survivor size 24707072 bytes, new threshold 1 (max 15)
 [PSYoungGen: 2760864K->8192K(2772032K)] 6899182K->4146942K(8364480K), 0.0417700 secs] [Times: user=0.22 sys=0.02, real=0.05 secs] 
2011-02-12T10:51:48.515+0000: 37997.835: [GC
Desired survivor size 24379392 bytes, new threshold 1 (max 15)
 [PSYoungGen: 2755648K->6880K(2771584K)] 6894398K->4146114K(8364032K), 0.0382890 secs] [Times: user=0.22 sys=0.01, real=0.04 secs] 
2011-02-12T10:51:55.614+0000: 38004.933: [GC
Desired survivor size 23592960 bytes, new threshold 1 (max 15)
 [PSYoungGen: 2754336K->12749K(2773120K)] 6893570K->4152496K(8365568K), 0.0459970 secs] [Times: user=0.26 sys=0.01, real=0.05 secs] 
2011-02-12T10:52:02.442+0000: 38011.761: [GC
Desired survivor size 24117248 bytes, new threshold 1 (max 15)
 [PSYoungGen: 2762061K->16266K(2772352K)] 6901808K->4156516K(8364800K), 0.0501370 secs] [Times: user=0.30 sys=0.02, real=0.05 secs] 
2011-02-12T10:52:09.185+0000: 38018.505: [GC
Desired survivor size 23003136 bytes, new threshold 1 (max 15)
 [PSYoungGen: 2765578K->12256K(2773696K)] 6905828K->4153392K(8366144K), 0.0453470 secs] [Times: user=0.27 sys=0.02, real=0.05 secs] 
2011-02-12T10:52:15.826+0000: 38025.146: [GC
Desired survivor size 22675456 bytes, new threshold 1 (max 15)
 [PSYoungGen: 2762400K->8096K(2772608K)] 6903536K->4149732K(8365056K), 0.0406520 secs] [Times: user=0.24 sys=0.01, real=0.05 secs] 
2011-02-12T10:52:22.557+0000: 38031.877: [GC
Desired survivor size 22478848 bytes, new threshold 1 (max 15)
 [PSYoungGen: 2758240K->6816K(2774208K)] 6899876K->4148908K(8366656K), 0.0379160 secs] [Times: user=0.20 sys=0.01, real=0.03 secs] 
2011-02-12T10:52:30.151+0000: 38039.470: [GC
Desired survivor size 22347776 bytes, new threshold 1 (max 15)
 [PSYoungGen: 2758880K->13888K(2774016K)] 6900972K->4156400K(8366464K), 0.0461660 secs] [Times: user=0.26 sys=0.02, real=0.04 secs] 
2011-02-12T10:52:37.423+0000: 38046.743: [GC
Desired survivor size 22216704 bytes, new threshold 1 (max 15)
 [PSYoungGen: 2765952K->6528K(2774464K)] 6908464K->4149536K(8366912K), 0.0412620 secs] [Times: user=0.21 sys=0.01, real=0.04 secs] 
2011-02-12T10:52:44.664+0000: 38053.984: [GC
Desired survivor size 22151168 bytes, new threshold 1 (max 15)
 [PSYoungGen: 2759168K->13728K(2774336K)] 6902176K->4157240K(8366784K), 0.0469880 secs] [Times: user=0.27 sys=0.02, real=0.05 secs] 
2011-02-12T10:52:52.188+0000: 38061.508: [GC
Desired survivor size 21889024 bytes, new threshold 1 (max 15)
 [PSYoungGen: 2766368K->6592K(2774784K)] 6909880K->4150592K(8367232K), 0.0382470 secs] [Times: user=0.21 sys=0.01, real=0.04 secs] 
2011-02-12T10:52:59.389+0000: 38068.708: [GC
Desired survivor size 20971520 bytes, new threshold 1 (max 15)
 [PSYoungGen: 2759744K->10096K(2774528K)] 6903744K->4154580K(8366976K), 0.0442030 secs] [Times: user=0.23 sys=0.03, real=0.05 secs] 
2011-02-12T10:53:06.294+0000: 38075.613: [GC
Desired survivor size 20054016 bytes, new threshold 1 (max 15)
 [PSYoungGen: 2763248K->10313K(2776576K)] 6907732K->4155546K(8369024K), 0.0441000 secs] [Times: user=0.25 sys=0.02, real=0.04 secs] 
2011-02-12T10:53:13.641+0000: 38082.960: [GC
Desired survivor size 20447232 bytes, new threshold 1 (max 15)
 [PSYoungGen: 2766409K->3168K(2775680K)] 6911642K->4149194K(8368128K), 0.0327280 secs] [Times: user=0.19 sys=0.01, real=0.04 secs] 
2011-02-12T10:53:21.245+0000: 38090.565: [GC
Desired survivor size 20054016 bytes, new threshold 1 (max 15)
 [PSYoungGen: 2759264K->11584K(2776576K)] 6905290K->4158122K(8369024K), 0.0480820 secs] [Times: user=0.24 sys=0.01, real=0.04 secs] 
2011-02-12T10:53:28.683+0000: 38098.003: [GC
Desired survivor size 19857408 bytes, new threshold 1 (max 15)
 [PSYoungGen: 2768192K->5536K(2776192K)] 6914730K->4152636K(8368640K), 0.0364700 secs] [Times: user=0.20 sys=0.01, real=0.04 secs] 
2011-02-12T10:53:36.338+0000: 38105.658: [GC
Desired survivor size 19988480 bytes, new threshold 1 (max 15)
 [PSYoungGen: 2762144K->12672K(2776512K)] 6909244K->4160268K(8368960K), 0.0462130 secs] [Times: user=0.27 sys=0.01, real=0.04 secs] 
2011-02-12T10:53:43.751+0000: 38113.071: [GC
Desired survivor size 19267584 bytes, new threshold 1 (max 15)
 [PSYoungGen: 2769792K->8544K(2776640K)] 6917388K->4156572K(8369088K), 0.0428210 secs] [Times: user=0.24 sys=0.01, real=0.04 secs] 
2011-02-12T10:53:51.029+0000: 38120.348: [GC
Desired survivor size 19070976 bytes, new threshold 1 (max 15)
 [PSYoungGen: 2765664K->11616K(2777536K)] 6913692K->4160108K(8369984K), 0.0429970 secs] [Times: user=0.24 sys=0.01, real=0.04 secs] 
2011-02-12T10:53:58.726+0000: 38128.046: [GC
Desired survivor size 18874368 bytes, new threshold 1 (max 15)
 [PSYoungGen: 2770336K->11792K(2777344K)] 6918828K->4160789K(8369792K), 0.0459280 secs] [Times: user=0.26 sys=0.01, real=0.05 secs] 
2011-02-12T10:54:05.563+0000: 38134.883: [GC
Desired survivor size 18284544 bytes, new threshold 1 (max 15)
 [PSYoungGen: 2770512K->8681K(2778304K)] 6919509K->4158339K(8370752K), 0.0468650 secs] [Times: user=0.19 sys=0.02, real=0.05 secs] 
2011-02-12T10:54:13.157+0000: 38142.476: [GC
Desired survivor size 18612224 bytes, new threshold 1 (max 15)
 [PSYoungGen: 2768553K->3537K(2777728K)] 6918211K->4154060K(8370176K), 0.0337030 secs] [Times: user=0.19 sys=0.01, real=0.03 secs] 
2011-02-12T10:54:20.182+0000: 38149.501: [GC
Desired survivor size 18350080 bytes, new threshold 1 (max 15)
 [PSYoungGen: 2763409K->11136K(2778240K)] 6913932K->4162167K(8370688K), 0.0430260 secs] [Times: user=0.25 sys=0.01, real=0.04 secs] 
2011-02-12T10:54:28.021+0000: 38157.340: [GC
Desired survivor size 17563648 bytes, new threshold 1 (max 15)
 [PSYoungGen: 2771200K->9744K(2777984K)] 6922231K->4161183K(8370432K), 0.0414830 secs] [Times: user=0.23 sys=0.01, real=0.05 secs] 
2011-02-12T10:54:35.660+0000: 38164.980: [GC
Desired survivor size 17563648 bytes, new threshold 1 (max 15)
 [PSYoungGen: 2769808K->5280K(2779008K)] 6921247K->4157323K(8371456K), 0.0391890 secs] [Times: user=0.18 sys=0.02, real=0.04 secs] 
2011-02-12T10:54:42.901+0000: 38172.221: [GC
Desired survivor size 17301504 bytes, new threshold 1 (max 15)
 [PSYoungGen: 2767136K->10688K(2779008K)] 6919179K->4163219K(8371456K), 0.0449190 secs] [Times: user=0.25 sys=0.02, real=0.05 secs] 
2011-02-12T10:54:50.285+0000: 38179.605: [GC
Desired survivor size 19202048 bytes, new threshold 1 (max 15)
 [PSYoungGen: 2772544K->16224K(2775552K)] 6925075K->4169283K(8368000K), 0.0505610 secs] [Times: user=0.30 sys=0.01, real=0.06 secs] 
2011-02-12T10:54:57.496+0000: 38186.816: [GC
Desired survivor size 19005440 bytes, new threshold 1 (max 15)
 [PSYoungGen: 2774880K->5808K(2777408K)] 6927939K->4159339K(8369856K), 0.0384940 secs] [Times: user=0.21 sys=0.01, real=0.04 secs] 
2011-02-12T10:55:04.173+0000: 38193.492: [GC
Desired survivor size 20447232 bytes, new threshold 1 (max 15)
 [PSYoungGen: 2764464K->15722K(2774784K)] 6917995K->4169825K(8367232K), 0.0514510 secs] [Times: user=0.29 sys=0.02, real=0.05 secs] 
2011-02-12T10:55:11.219+0000: 38200.539: [GC
Desired survivor size 21037056 bytes, new threshold 1 (max 15)
 [PSYoungGen: 2771946K->14367K(2770624K)] 6926049K->4169476K(8363072K), 0.0481750 secs] [Times: user=0.28 sys=0.02, real=0.04 secs] 
2011-02-12T10:55:18.439+0000: 38207.759: [GC
Desired survivor size 20709376 bytes, new threshold 1 (max 15)
 [PSYoungGen: 2770591K->6432K(2775936K)] 6925700K->4162001K(8368384K), 0.0388650 secs] [Times: user=0.20 sys=0.02, real=0.03 secs] 
2011-02-12T10:55:25.741+0000: 38215.060: [GC
Desired survivor size 20447232 bytes, new threshold 1 (max 15)
 [PSYoungGen: 2761824K->12224K(2775616K)] 6917393K->4168205K(8368064K), 0.0459990 secs] [Times: user=0.25 sys=0.02, real=0.04 secs] 
2011-02-12T10:55:33.365+0000: 38222.684: [GC
Desired survivor size 20381696 bytes, new threshold 1 (max 15)
 [PSYoungGen: 2767616K->5248K(2776256K)] 6923597K->4161714K(8368704K), 0.0372200 secs] [Times: user=0.20 sys=0.01, real=0.04 secs] 
2011-02-12T10:55:40.576+0000: 38229.896: [GC
Desired survivor size 19660800 bytes, new threshold 1 (max 15)
 [PSYoungGen: 2761536K->10688K(2776192K)] 6918002K->4167622K(8368640K), 0.0428030 secs] [Times: user=0.26 sys=0.00, real=0.04 secs] 
2011-02-12T10:55:47.603+0000: 38236.923: [GC
Desired survivor size 19398656 bytes, new threshold 1 (max 15)
 [PSYoungGen: 2766976K->11744K(2777216K)] 6923910K->4169158K(8369664K), 0.0436340 secs] [Times: user=0.25 sys=0.01, real=0.04 secs] 
2011-02-12T10:55:55.050+0000: 38244.370: [GC
Desired survivor size 19464192 bytes, new threshold 1 (max 15)
 [PSYoungGen: 2769760K->4592K(2776960K)] 6927174K->4162522K(8369408K), 0.0366540 secs] [Times: user=0.20 sys=0.00, real=0.04 secs] 
2011-02-12T10:56:02.231+0000: 38251.551: [GC
Desired survivor size 18874368 bytes, new threshold 1 (max 15)
 [PSYoungGen: 2762608K->7433K(2777728K)] 6920538K->4165916K(8370176K), 0.0421910 secs] [Times: user=0.22 sys=0.02, real=0.05 secs] 
2011-02-12T10:56:08.512+0000: 38257.832: [GC
Desired survivor size 19660800 bytes, new threshold 1 (max 15)
 [PSYoungGen: 2766153K->13808K(2772544K)] 6924636K->4173164K(8364992K), 0.0462110 secs] [Times: user=0.27 sys=0.01, real=0.05 secs] 
2011-02-12T10:56:15.493+0000: 38264.813: [GC
Desired survivor size 20512768 bytes, new threshold 1 (max 15)
 [PSYoungGen: 2772528K->14592K(2775296K)] 6931884K->4174515K(8367744K), 0.0465700 secs] [Times: user=0.28 sys=0.01, real=0.05 secs] 
2011-02-12T10:56:23.035+0000: 38272.354: [GC
Desired survivor size 19726336 bytes, new threshold 1 (max 15)
 [PSYoungGen: 2770688K->9088K(2776128K)] 6930611K->4169487K(8368576K), 0.0408210 secs] [Times: user=0.22 sys=0.01, real=0.04 secs] 
2011-02-12T10:56:30.211+0000: 38279.531: [GC
Desired survivor size 19202048 bytes, new threshold 1 (max 15)
 [PSYoungGen: 2765184K->11328K(2777408K)] 6925583K->4172195K(8369856K), 0.0475990 secs] [Times: user=0.25 sys=0.02, real=0.05 secs] 
2011-02-12T10:56:37.314+0000: 38286.634: [GC
Desired survivor size 19398656 bytes, new threshold 1 (max 15)
 [PSYoungGen: 2769472K->4480K(2776896K)] 6930339K->4165835K(8369344K), 0.0342750 secs] [Times: user=0.19 sys=0.00, real=0.04 secs] 
2011-02-12T10:56:44.534+0000: 38293.853: [GC
Desired survivor size 18612224 bytes, new threshold 1 (max 15)
 [PSYoungGen: 2762624K->10268K(2777984K)] 6923979K->4172079K(8370432K), 0.0426020 secs] [Times: user=0.24 sys=0.02, real=0.04 secs] 
2011-02-12T10:56:52.408+0000: 38301.728: [GC
Desired survivor size 18743296 bytes, new threshold 1 (max 15)
 [PSYoungGen: 2769308K->4288K(2777216K)] 6931119K->4166587K(8369664K), 0.0350070 secs] [Times: user=0.19 sys=0.01, real=0.04 secs] 
2011-02-12T10:57:00.317+0000: 38309.636: [GC
Desired survivor size 18415616 bytes, new threshold 1 (max 15)
 [PSYoungGen: 2763328K->5826K(2778176K)] 6925627K->4168569K(8370624K), 0.0392320 secs] [Times: user=0.18 sys=0.02, real=0.04 secs] 
2011-02-12T10:57:06.527+0000: 38315.846: [GC
Desired survivor size 18808832 bytes, new threshold 1 (max 15)
 [PSYoungGen: 2765698K->12471K(2772352K)] 6928441K->4176137K(8364800K), 0.0459070 secs] [Times: user=0.26 sys=0.01, real=0.05 secs] 
2011-02-12T10:57:10.871+0000: 38320.190: [GC
Desired survivor size 23134208 bytes, new threshold 1 (max 15)
 [PSYoungGen: 2772343K->18367K(2769344K)] 6936009K->4186778K(8361792K), 0.0599910 secs] [Times: user=0.34 sys=0.02, real=0.06 secs] 
2011-02-12T10:57:17.854+0000: 38327.173: [GC
Desired survivor size 23461888 bytes, new threshold 1 (max 15)
 [PSYoungGen: 2769343K->14656K(2765632K)] 6937754K->4183550K(8358080K), 0.0492400 secs] [Times: user=0.27 sys=0.01, real=0.04 secs] 
2011-02-12T10:57:25.076+0000: 38334.396: [GC
Desired survivor size 23134208 bytes, new threshold 1 (max 15)
 [PSYoungGen: 2765632K->6016K(2773568K)] 6934526K->4175422K(8366016K), 0.0401660 secs] [Times: user=0.21 sys=0.02, real=0.04 secs] 
2011-02-12T10:57:32.135+0000: 38341.455: [GC
Desired survivor size 22478848 bytes, new threshold 1 (max 15)
 [PSYoungGen: 2756672K->7200K(2773248K)] 6926078K->4177110K(8365696K), 0.0397820 secs] [Times: user=0.21 sys=0.02, real=0.04 secs] 
2011-02-12T10:57:38.626+0000: 38347.946: [GC
Desired survivor size 23592960 bytes, new threshold 1 (max 15)
 [PSYoungGen: 2757856K->16352K(2772032K)] 6927766K->4186758K(8364480K), 0.0503570 secs] [Times: user=0.30 sys=0.01, real=0.05 secs] 
2011-02-12T10:57:44.503+0000: 38353.823: [GC
Desired survivor size 23396352 bytes, new threshold 1 (max 15)
 [PSYoungGen: 2766432K->13568K(2773120K)] 6936838K->4184422K(8365568K), 0.0473980 secs] [Times: user=0.28 sys=0.01, real=0.05 secs] 
2011-02-12T10:57:51.359+0000: 38360.678: [GC
Desired survivor size 23068672 bytes, new threshold 1 (max 15)
 [PSYoungGen: 2763648K->13408K(2773632K)] 6934502K->4184594K(8366080K), 0.0468650 secs] [Times: user=0.27 sys=0.01, real=0.04 secs] 
2011-02-12T10:57:58.738+0000: 38368.057: [GC
Desired survivor size 22216704 bytes, new threshold 1 (max 15)
 [PSYoungGen: 2764192K->9520K(2773312K)] 6935378K->4181234K(8365760K), 0.0435980 secs] [Times: user=0.24 sys=0.01, real=0.05 secs] 
2011-02-12T10:58:05.471+0000: 38374.791: [GC
Desired survivor size 21823488 bytes, new threshold 1 (max 15)
 [PSYoungGen: 2760304K->7514K(2774848K)] 6932018K->4179845K(8367296K), 0.0388900 secs] [Times: user=0.22 sys=0.01, real=0.04 secs] 
2011-02-12T10:58:11.736+0000: 38381.056: [GC
Desired survivor size 20971520 bytes, new threshold 1 (max 15)
 [PSYoungGen: 2760666K->9472K(2774464K)] 6932997K->4182865K(8366912K), 0.0441200 secs] [Times: user=0.24 sys=0.02, real=0.05 secs] 
2011-02-12T10:58:18.563+0000: 38387.883: [GC
Desired survivor size 20447232 bytes, new threshold 1 (max 15)
 [PSYoungGen: 2762624K->7712K(2776192K)] 6936017K->4181601K(8368640K), 0.0439680 secs] [Times: user=0.23 sys=0.02, real=0.04 secs] 
2011-02-12T10:58:25.570+0000: 38394.890: [GC
Desired survivor size 19791872 bytes, new threshold 1 (max 15)
 [PSYoungGen: 2763424K->8512K(2775680K)] 6937313K->4182813K(8368128K), 0.0406560 secs] [Times: user=0.22 sys=0.02, real=0.04 secs] 
2011-02-12T10:58:32.149+0000: 38401.468: [GC
Desired survivor size 21037056 bytes, new threshold 1 (max 15)
 [PSYoungGen: 2764224K->15920K(2774400K)] 6938525K->4190701K(8366848K), 0.0492760 secs] [Times: user=0.28 sys=0.01, real=0.05 secs] 
2011-02-12T10:58:38.443+0000: 38407.763: [GC
Desired survivor size 21430272 bytes, new threshold 1 (max 15)
 [PSYoungGen: 2770992K->14496K(2769600K)] 6945773K->4189713K(8362048K), 0.0476250 secs] [Times: user=0.28 sys=0.01, real=0.04 secs] 
2011-02-12T10:58:45.271+0000: 38414.591: [GC
Desired survivor size 21364736 bytes, new threshold 1 (max 15)
 [PSYoungGen: 2769568K->13504K(2775296K)] 6944785K->4189217K(8367744K), 0.0481310 secs] [Times: user=0.28 sys=0.03, real=0.05 secs] 
2011-02-12T10:58:51.950+0000: 38421.270: [GC
Desired survivor size 20381696 bytes, new threshold 1 (max 15)
 [PSYoungGen: 2767872K->11232K(2775232K)] 6943585K->4187409K(8367680K), 0.0459050 secs] [Times: user=0.25 sys=0.02, real=0.05 secs] 
2011-02-12T10:58:58.401+0000: 38427.721: [GC
Desired survivor size 20447232 bytes, new threshold 1 (max 15)
 [PSYoungGen: 2765600K->5968K(2776128K)] 6941777K->4182697K(8368576K), 0.0374740 secs] [Times: user=0.19 sys=0.00, real=0.04 secs] 
2011-02-12T10:59:04.805+0000: 38434.125: [GC
Desired survivor size 20250624 bytes, new threshold 1 (max 15)
 [PSYoungGen: 2762192K->12730K(2776192K)] 6938921K->4190025K(8368640K), 0.0451880 secs] [Times: user=0.27 sys=0.03, real=0.05 secs] 
2011-02-12T10:59:10.862+0000: 38440.182: [GC
Desired survivor size 19857408 bytes, new threshold 1 (max 15)
 [PSYoungGen: 2768954K->12304K(2776768K)] 6946249K->4190635K(8369216K), 0.0478770 secs] [Times: user=0.24 sys=0.02, real=0.05 secs] 
2011-02-12T10:59:16.533+0000: 38445.852: [GC
Desired survivor size 19464192 bytes, new threshold 1 (max 15)
 [PSYoungGen: 2769296K->8384K(2776384K)] 6947627K->4187243K(8368832K), 0.0408350 secs] [Times: user=0.22 sys=0.01, real=0.04 secs] 
2011-02-12T10:59:22.993+0000: 38452.313: [GC
Desired survivor size 20578304 bytes, new threshold 1 (max 15)
 [PSYoungGen: 2765376K->15872K(2774976K)] 6944235K->4195215K(8367424K), 0.0506670 secs] [Times: user=0.28 sys=0.01, real=0.05 secs] 
2011-02-12T10:59:29.706+0000: 38459.026: [GC
Desired survivor size 20905984 bytes, new threshold 1 (max 15)
 [PSYoungGen: 2771840K->14688K(2770688K)] 6951183K->4194467K(8363136K), 0.0501120 secs] [Times: user=0.28 sys=0.02, real=0.05 secs] 
2011-02-12T10:59:36.513+0000: 38465.833: [GC
Desired survivor size 21299200 bytes, new threshold 1 (max 15)
 [PSYoungGen: 2770656K->4480K(2774976K)] 6950435K->4184747K(8367424K), 0.0350410 secs] [Times: user=0.20 sys=0.01, real=0.03 secs] 
2011-02-12T10:59:43.295+0000: 38472.615: [GC
Desired survivor size 21692416 bytes, new threshold 1 (max 15)
 [PSYoungGen: 2759040K->14656K(2769216K)] 6939307K->4195347K(8361664K), 0.0464290 secs] [Times: user=0.28 sys=0.01, real=0.05 secs] 
2011-02-12T10:59:49.844+0000: 38479.164: [GC
Desired survivor size 21102592 bytes, new threshold 1 (max 15)
 [PSYoungGen: 2769216K->8896K(2775552K)] 6949907K->4190084K(8368000K), 0.0419680 secs] [Times: user=0.23 sys=0.02, real=0.04 secs] 
2011-02-12T10:59:56.660+0000: 38485.980: [GC
Desired survivor size 20905984 bytes, new threshold 1 (max 15)
 [PSYoungGen: 2763264K->6672K(2774976K)] 6944452K->4188316K(8367424K), 0.0400600 secs] [Times: user=0.21 sys=0.02, real=0.04 secs] 
2011-02-12T11:00:03.133+0000: 38492.453: [GC
Desired survivor size 22020096 bytes, new threshold 1 (max 15)
 [PSYoungGen: 2761040K->16169K(2773568K)] 6942684K->4198438K(8366016K), 0.0499930 secs] [Times: user=0.29 sys=0.02, real=0.06 secs] 
2011-02-12T11:00:08.413+0000: 38497.733: [GC
Desired survivor size 22020096 bytes, new threshold 1 (max 15)
 [PSYoungGen: 2769321K->5123K(2774656K)] 6951590K->4188273K(8367104K), 0.0373670 secs] [Times: user=0.20 sys=0.02, real=0.04 secs] 
2011-02-12T11:00:14.916+0000: 38504.236: [GC
Desired survivor size 22609920 bytes, new threshold 1 (max 15)
 [PSYoungGen: 2758275K->15052K(2773504K)] 6941425K->4198834K(8365952K), 0.0495150 secs] [Times: user=0.29 sys=0.01, real=0.05 secs] 
2011-02-12T11:00:21.478+0000: 38510.797: [GC
Desired survivor size 21692416 bytes, new threshold 1 (max 15)
 [PSYoungGen: 2767052K->9600K(2774080K)] 6950834K->4193902K(8366528K), 0.0417340 secs] [Times: user=0.24 sys=0.01, real=0.04 secs] 
2011-02-12T11:00:28.083+0000: 38517.403: [GC
Desired survivor size 21626880 bytes, new threshold 1 (max 15)
 [PSYoungGen: 2761600K->5184K(2775040K)] 6945902K->4189990K(8367488K), 0.0359120 secs] [Times: user=0.19 sys=0.01, real=0.04 secs] 
2011-02-12T11:00:34.641+0000: 38523.960: [GC
Desired survivor size 21626880 bytes, new threshold 1 (max 15)
 [PSYoungGen: 2759040K->13248K(2774976K)] 6943846K->4198582K(8367424K), 0.0471770 secs] [Times: user=0.27 sys=0.01, real=0.05 secs] 
2011-02-12T11:00:41.417+0000: 38530.737: [GC
Desired survivor size 20709376 bytes, new threshold 1 (max 15)
 [PSYoungGen: 2767104K->9792K(2775936K)] 6952438K->4195602K(8368384K), 0.0440050 secs] [Times: user=0.22 sys=0.02, real=0.05 secs] 
2011-02-12T11:00:47.845+0000: 38537.165: [GC
Desired survivor size 22216704 bytes, new threshold 1 (max 15)
 [PSYoungGen: 2764608K->17024K(2771840K)] 6950418K->4203326K(8364288K), 0.0523910 secs] [Times: user=0.31 sys=0.01, real=0.05 secs] 
2011-02-12T11:00:54.423+0000: 38543.743: [GC
Desired survivor size 21102592 bytes, new threshold 1 (max 15)
 [PSYoungGen: 2771840K->11200K(2775552K)] 6958142K->4198045K(8368000K), 0.0461070 secs] [Times: user=0.25 sys=0.01, real=0.04 secs] 
2011-02-12T11:01:00.724+0000: 38550.044: [GC
Desired survivor size 22413312 bytes, new threshold 1 (max 15)
 [PSYoungGen: 2765056K->17186K(2771072K)] 6951901K->4204530K(8363520K), 0.0504720 secs] [Times: user=0.29 sys=0.01, real=0.05 secs] 
2011-02-12T11:01:06.869+0000: 38556.189: [GC
Desired survivor size 22740992 bytes, new threshold 1 (max 15)
 [PSYoungGen: 2771042K->4040K(2773632K)] 6958386K->4192295K(8366080K), 0.0340300 secs] [Times: user=0.19 sys=0.01, real=0.04 secs] 
2011-02-12T11:01:13.090+0000: 38562.410: [GC
Desired survivor size 21823488 bytes, new threshold 1 (max 15)
 [PSYoungGen: 2755784K->9632K(2773952K)] 6944039K->4198591K(8366400K), 0.0413030 secs] [Times: user=0.24 sys=0.01, real=0.04 secs] 
2011-02-12T11:01:19.346+0000: 38568.666: [GC
Desired survivor size 22347776 bytes, new threshold 1 (max 15)
 [PSYoungGen: 2761376K->14944K(2773824K)] 6950335K->4204375K(8366272K), 0.0476670 secs] [Times: user=0.27 sys=0.01, real=0.05 secs] 
2011-02-12T11:01:25.846+0000: 38575.165: [GC
Desired survivor size 22020096 bytes, new threshold 1 (max 15)
 [PSYoungGen: 2767456K->6944K(2774336K)] 6956887K->4196851K(8366784K), 0.0392680 secs] [Times: user=0.22 sys=0.01, real=0.04 secs] 
2011-02-12T11:01:32.421+0000: 38581.741: [GC
Desired survivor size 22609920 bytes, new threshold 1 (max 15)
 [PSYoungGen: 2759456K->15296K(2773504K)] 6949363K->4205619K(8365952K), 0.0484520 secs] [Times: user=0.30 sys=0.01, real=0.05 secs] 
2011-02-12T11:01:39.262+0000: 38588.582: [GC
Desired survivor size 22544384 bytes, new threshold 1 (max 15)
 [PSYoungGen: 2767296K->14080K(2774080K)] 6957619K->4204843K(8366528K), 0.0481870 secs] [Times: user=0.28 sys=0.02, real=0.05 secs] 
2011-02-12T11:01:46.407+0000: 38595.726: [GC
Desired survivor size 22872064 bytes, new threshold 1 (max 15)
 [PSYoungGen: 2766080K->3648K(2773504K)] 6956847K->4194883K(8365952K), 0.0332760 secs] [Times: user=0.20 sys=0.00, real=0.03 secs] 
2011-02-12T11:01:53.299+0000: 38602.618: [GC
Desired survivor size 23461888 bytes, new threshold 1 (max 15)
 [PSYoungGen: 2755136K->15528K(2767040K)] 6946371K->4207251K(8359488K), 0.0483900 secs] [Times: user=0.29 sys=0.01, real=0.05 secs] 
2011-02-12T11:01:59.796+0000: 38609.116: [GC
Desired survivor size 22544384 bytes, new threshold 1 (max 15)
 [PSYoungGen: 2767016K->9808K(2774144K)] 6958739K->4202075K(8366592K), 0.0434290 secs] [Times: user=0.23 sys=0.01, real=0.05 secs] 
2011-02-12T11:02:05.879+0000: 38615.199: [GC
Desired survivor size 23199744 bytes, new threshold 1 (max 15)
 [PSYoungGen: 2761040K->15773K(2773248K)] 6953307K->4208664K(8365696K), 0.0501780 secs] [Times: user=0.27 sys=0.02, real=0.05 secs] 
2011-02-12T11:02:12.480+0000: 38621.800: [GC
Desired survivor size 22216704 bytes, new threshold 1 (max 15)
 [PSYoungGen: 2767005K->12003K(2774464K)] 6959896K->4205844K(8366912K), 0.0458680 secs] [Times: user=0.26 sys=0.02, real=0.04 secs] 
2011-02-12T11:02:19.798+0000: 38629.118: [GC
Desired survivor size 23461888 bytes, new threshold 1 (max 15)
 [PSYoungGen: 2763811K->17504K(2769344K)] 6957652K->4211892K(8361792K), 0.0549060 secs] [Times: user=0.29 sys=0.02, real=0.06 secs] 
2011-02-12T11:02:26.997+0000: 38636.317: [GC
Desired survivor size 22872064 bytes, new threshold 1 (max 15)
 [PSYoungGen: 2769312K->9064K(2773824K)] 6963700K->4204044K(8366272K), 0.0419100 secs] [Times: user=0.23 sys=0.02, real=0.04 secs] 
2011-02-12T11:02:33.980+0000: 38643.300: [GC
Desired survivor size 22282240 bytes, new threshold 1 (max 15)
 [PSYoungGen: 2759976K->9183K(2773248K)] 6954956K->4204739K(8365696K), 0.0431590 secs] [Times: user=0.24 sys=0.01, real=0.05 secs] 
2011-02-12T11:02:40.756+0000: 38650.076: [GC
Desired survivor size 22347776 bytes, new threshold 1 (max 15)
 [PSYoungGen: 2760095K->5216K(2774272K)] 6955651K->4201343K(8366720K), 0.0370640 secs] [Times: user=0.20 sys=0.01, real=0.04 secs] 
2011-02-12T11:02:47.814+0000: 38657.134: [GC
Desired survivor size 21364736 bytes, new threshold 1 (max 15)
 [PSYoungGen: 2757728K->10206K(2774336K)] 6953855K->4206849K(8366784K), 0.0427580 secs] [Times: user=0.24 sys=0.00, real=0.04 secs] 
2011-02-12T11:02:55.142+0000: 38664.462: [GC
Desired survivor size 21954560 bytes, new threshold 1 (max 15)
 [PSYoungGen: 2762718K->15088K(2774144K)] 6959361K->4212231K(8366592K), 0.0475610 secs] [Times: user=0.28 sys=0.02, real=0.05 secs] 
2011-02-12T11:03:01.984+0000: 38671.304: [GC
Desired survivor size 22544384 bytes, new threshold 1 (max 15)
 [PSYoungGen: 2768368K->15530K(2768832K)] 6965511K->4213225K(8361280K), 0.0494250 secs] [Times: user=0.29 sys=0.01, real=0.05 secs] 
2011-02-12T11:03:08.394+0000: 38677.713: [GC
Desired survivor size 22085632 bytes, new threshold 1 (max 15)
 [PSYoungGen: 2768810K->8256K(2774592K)] 6966505K->4206829K(8367040K), 0.0411120 secs] [Times: user=0.22 sys=0.02, real=0.04 secs] 
2011-02-12T11:03:15.249+0000: 38684.568: [GC
Desired survivor size 22347776 bytes, new threshold 1 (max 15)
 [PSYoungGen: 2760832K->3872K(2774144K)] 6959405K->4203025K(8366592K), 0.0331310 secs] [Times: user=0.20 sys=0.01, real=0.03 secs] 
2011-02-12T11:03:22.087+0000: 38691.406: [GC
Desired survivor size 22085632 bytes, new threshold 1 (max 15)
 [PSYoungGen: 2756448K->12880K(2774592K)] 6955601K->4212538K(8367040K), 0.0447060 secs] [Times: user=0.27 sys=0.01, real=0.05 secs] 
2011-02-12T11:03:28.749+0000: 38698.069: [GC
Desired survivor size 21757952 bytes, new threshold 1 (max 15)
 [PSYoungGen: 2765648K->6368K(2774336K)] 6965306K->4206694K(8366784K), 0.0387180 secs] [Times: user=0.21 sys=0.02, real=0.04 secs] 
2011-02-12T11:03:35.618+0000: 38704.937: [GC
Desired survivor size 21626880 bytes, new threshold 1 (max 15)
 [PSYoungGen: 2759136K->4672K(2775040K)] 6959462K->4205434K(8367488K), 0.0384210 secs] [Times: user=0.18 sys=0.01, real=0.04 secs] 
2011-02-12T11:03:42.434+0000: 38711.754: [GC
Desired survivor size 22151168 bytes, new threshold 1 (max 15)
 [PSYoungGen: 2758464K->14192K(2768000K)] 6959226K->4215390K(8360448K), 0.0496760 secs] [Times: user=0.27 sys=0.01, real=0.05 secs] 
2011-02-12T11:03:49.993+0000: 38719.312: [GC
Desired survivor size 21102592 bytes, new threshold 1 (max 15)
 [PSYoungGen: 2767984K->9536K(2775552K)] 6969182K->4211286K(8368000K), 0.0432270 secs] [Times: user=0.24 sys=0.01, real=0.04 secs] 
2011-02-12T11:03:56.859+0000: 38726.179: [GC
Desired survivor size 20250624 bytes, new threshold 1 (max 15)
 [PSYoungGen: 2763456K->9104K(2774528K)] 6965206K->4211346K(8366976K), 0.0444550 secs] [Times: user=0.24 sys=0.01, real=0.05 secs] 
2011-02-12T11:04:03.523+0000: 38732.843: [GC
Desired survivor size 22216704 bytes, new threshold 1 (max 15)
 [PSYoungGen: 2763024K->17865K(2772544K)] 6965266K->4220636K(8364992K), 0.0552070 secs] [Times: user=0.30 sys=0.02, real=0.06 secs] 
2011-02-12T11:04:10.231+0000: 38739.551: [GC
Desired survivor size 21954560 bytes, new threshold 1 (max 15)
 [PSYoungGen: 2770633K->13120K(2774464K)] 6973404K->4216796K(8366912K), 0.0468190 secs] [Times: user=0.28 sys=0.01, real=0.05 secs] 
2011-02-12T11:04:17.072+0000: 38746.392: [GC
Desired survivor size 20971520 bytes, new threshold 1 (max 15)
 [PSYoungGen: 2765888K->11360K(2775680K)] 6969564K->4215762K(8368128K), 0.0450590 secs] [Times: user=0.26 sys=0.01, real=0.05 secs] 
2011-02-12T11:04:23.562+0000: 38752.882: [GC
Desired survivor size 21233664 bytes, new threshold 1 (max 15)
 [PSYoungGen: 2765600K->4256K(2774720K)] 6970002K->4209178K(8367168K), 0.0361910 secs] [Times: user=0.19 sys=0.03, real=0.04 secs] 
2011-02-12T11:04:30.289+0000: 38759.609: [GC
Desired survivor size 21430272 bytes, new threshold 1 (max 15)
 [PSYoungGen: 2758496K->13728K(2775040K)] 6963418K->4219130K(8367488K), 0.0484340 secs] [Times: user=0.28 sys=0.02, real=0.05 secs] 
2011-02-12T11:04:37.080+0000: 38766.400: [GC
Desired survivor size 21102592 bytes, new threshold 1 (max 15)
 [PSYoungGen: 2768032K->12576K(2775232K)] 6973434K->4218482K(8367680K), 0.0477140 secs] [Times: user=0.28 sys=0.04, real=0.05 secs] 
2011-02-12T11:04:44.387+0000: 38773.707: [GC
Desired survivor size 21299200 bytes, new threshold 1 (max 15)
 [PSYoungGen: 2766880K->3920K(2775168K)] 6972786K->4210314K(8367616K), 0.0336630 secs] [Times: user=0.20 sys=0.01, real=0.04 secs] 
2011-02-12T11:04:51.361+0000: 38780.680: [GC
Desired survivor size 20905984 bytes, new threshold 1 (max 15)
 [PSYoungGen: 2758480K->6208K(2775360K)] 6964874K->4213191K(8367808K), 0.0382940 secs] [Times: user=0.21 sys=0.02, real=0.04 secs] 
2011-02-12T11:04:58.459+0000: 38787.779: [GC
Desired survivor size 20185088 bytes, new threshold 1 (max 15)
 [PSYoungGen: 2760768K->7920K(2776448K)] 6967751K->4215379K(8368896K), 0.0438300 secs] [Times: user=0.23 sys=0.03, real=0.05 secs] 
2011-02-12T11:05:04.161+0000: 38793.481: [GC
Desired survivor size 19726336 bytes, new threshold 1 (max 15)
 [PSYoungGen: 2763952K->6502K(2775744K)] 6971411K->4214517K(8368192K), 0.0389600 secs] [Times: user=0.20 sys=0.04, real=0.04 secs] 
2011-02-12T11:05:09.970+0000: 38799.290: [GC
Desired survivor size 19595264 bytes, new threshold 1 (max 15)
 [PSYoungGen: 2762534K->4348K(2777024K)] 6970549K->4213317K(8369472K), 0.0355950 secs] [Times: user=0.21 sys=0.03, real=0.04 secs] 
2011-02-12T11:05:16.734+0000: 38806.054: [GC
Desired survivor size 20774912 bytes, new threshold 1 (max 15)
 [PSYoungGen: 2762108K->14752K(2772544K)] 6971077K->4224302K(8364992K), 0.0496110 secs] [Times: user=0.27 sys=0.02, real=0.05 secs] 
2011-02-12T11:05:23.964+0000: 38813.284: [GC
Desired survivor size 20512768 bytes, new threshold 1 (max 15)
 [PSYoungGen: 2772512K->4352K(2776128K)] 6982062K->4214342K(8368576K), 0.0343720 secs] [Times: user=0.20 sys=0.01, real=0.03 secs] 
2011-02-12T11:05:30.908+0000: 38820.228: [GC
Desired survivor size 19988480 bytes, new threshold 1 (max 15)
 [PSYoungGen: 2760192K->5660K(2775872K)] 6970182K->4216162K(8368320K), 0.0376910 secs] [Times: user=0.21 sys=0.01, real=0.04 secs] 
2011-02-12T11:05:37.422+0000: 38826.741: [GC
Desired survivor size 21626880 bytes, new threshold 1 (max 15)
 [PSYoungGen: 2761500K->15927K(2773440K)] 6972002K->4226945K(8365888K), 0.0500420 secs] [Times: user=0.31 sys=0.01, real=0.05 secs] 
2011-02-12T11:05:44.201+0000: 38833.520: [GC
Desired survivor size 20905984 bytes, new threshold 1 (max 15)
 [PSYoungGen: 2769847K->10672K(2775040K)] 6980865K->4222370K(8367488K), 0.0441660 secs] [Times: user=0.24 sys=0.02, real=0.05 secs] 
2011-02-12T11:05:50.995+0000: 38840.315: [GC
Desired survivor size 19988480 bytes, new threshold 1 (max 15)
 [PSYoungGen: 2764592K->8288K(2776640K)] 6976290K->4220618K(8369088K), 0.0406030 secs] [Times: user=0.21 sys=0.01, real=0.05 secs] 
2011-02-12T11:05:57.619+0000: 38846.938: [GC
Desired survivor size 19988480 bytes, new threshold 1 (max 15)
 [PSYoungGen: 2764512K->3600K(2775744K)] 6976842K->4216451K(8368192K), 0.0320900 secs] [Times: user=0.20 sys=0.01, real=0.03 secs] 
2011-02-12T11:06:03.724+0000: 38853.043: [GC
Desired survivor size 19136512 bytes, new threshold 1 (max 15)
 [PSYoungGen: 2759824K->7401K(2777472K)] 6972675K->4220797K(8369920K), 0.0396720 secs] [Times: user=0.22 sys=0.02, real=0.04 secs] 
2011-02-12T11:06:09.862+0000: 38859.182: [GC
Desired survivor size 19136512 bytes, new threshold 1 (max 15)
 [PSYoungGen: 2765353K->11409K(2776640K)] 6978749K->4225719K(8369088K), 0.0452660 secs] [Times: user=0.25 sys=0.01, real=0.04 secs] 
2011-02-12T11:06:16.475+0000: 38865.795: [GC
Desired survivor size 18874368 bytes, new threshold 1 (max 15)
 [PSYoungGen: 2769361K->4832K(2777728K)] 6983671K->4219864K(8370176K), 0.0364960 secs] [Times: user=0.20 sys=0.02, real=0.04 secs] 
2011-02-12T11:06:22.855+0000: 38872.175: [GC
Desired survivor size 18677760 bytes, new threshold 1 (max 15)
 [PSYoungGen: 2763872K->10688K(2777472K)] 6978904K->4226336K(8369920K), 0.0448560 secs] [Times: user=0.25 sys=0.01, real=0.05 secs] 
2011-02-12T11:06:29.452+0000: 38878.771: [GC
Desired survivor size 18153472 bytes, new threshold 1 (max 15)
 [PSYoungGen: 2769728K->6016K(2778432K)] 6985376K->4222048K(8370880K), 0.0370250 secs] [Times: user=0.19 sys=0.02, real=0.03 secs] 
2011-02-12T11:06:36.695+0000: 38886.015: [GC
Desired survivor size 18677760 bytes, new threshold 1 (max 15)
 [PSYoungGen: 2766208K->12256K(2777920K)] 6982240K->4228704K(8370368K), 0.0461660 secs] [Times: user=0.27 sys=0.01, real=0.05 secs] 
2011-02-12T11:06:43.146+0000: 38892.466: [GC
Desired survivor size 17825792 bytes, new threshold 1 (max 15)
 [PSYoungGen: 2772448K->9168K(2778752K)] 6988896K->4226120K(8371200K), 0.0418940 secs] [Times: user=0.24 sys=0.01, real=0.04 secs] 
2011-02-12T11:06:48.751+0000: 38898.071: [GC
Desired survivor size 17563648 bytes, new threshold 1 (max 15)
 [PSYoungGen: 2769680K->5248K(2777920K)] 6986632K->4222800K(8370368K), 0.0370600 secs] [Times: user=0.19 sys=0.01, real=0.04 secs] 
2011-02-12T11:06:55.479+0000: 38904.798: [GC
Desired survivor size 19660800 bytes, new threshold 1 (max 15)
 [PSYoungGen: 2765760K->16352K(2774912K)] 6983312K->4234328K(8367360K), 0.0494220 secs] [Times: user=0.30 sys=0.01, real=0.05 secs] 
2011-02-12T11:07:01.997+0000: 38911.317: [GC
Desired survivor size 19398656 bytes, new threshold 1 (max 15)
 [PSYoungGen: 2774112K->11177K(2776960K)] 6992088K->4229714K(8369408K), 0.0466440 secs] [Times: user=0.25 sys=0.02, real=0.04 secs] 
2011-02-12T11:07:08.555+0000: 38917.875: [GC
Desired survivor size 18874368 bytes, new threshold 1 (max 15)
 [PSYoungGen: 2768937K->6696K(2777728K)] 6987474K->4226095K(8370176K), 0.0385870 secs] [Times: user=0.21 sys=0.02, real=0.04 secs] 
2011-02-12T11:07:15.325+0000: 38924.645: [GC
Desired survivor size 18808832 bytes, new threshold 1 (max 15)
 [PSYoungGen: 2765480K->4256K(2777216K)] 6984879K->4224154K(8369664K), 0.0361530 secs] [Times: user=0.19 sys=0.01, real=0.04 secs] 
2011-02-12T11:07:22.116+0000: 38931.436: [GC
Desired survivor size 20185088 bytes, new threshold 1 (max 15)
 [PSYoungGen: 2763040K->14944K(2775104K)] 6982938K->4235410K(8367552K), 0.0494130 secs] [Times: user=0.29 sys=0.02, real=0.05 secs] 
2011-02-12T11:07:28.835+0000: 38938.155: [GC
Desired survivor size 20578304 bytes, new threshold 1 (max 15)
 [PSYoungGen: 2771680K->13152K(2769920K)] 6992146K->4234082K(8362368K), 0.0477430 secs] [Times: user=0.28 sys=0.02, real=0.05 secs] 
2011-02-12T11:07:35.373+0000: 38944.693: [GC
Desired survivor size 19922944 bytes, new threshold 1 (max 15)
 [PSYoungGen: 2769888K->7584K(2776704K)] 6990818K->4228986K(8369152K), 0.0396340 secs] [Times: user=0.23 sys=0.01, real=0.04 secs] 
2011-02-12T11:07:42.080+0000: 38951.400: [GC
Desired survivor size 19464192 bytes, new threshold 1 (max 15)
 [PSYoungGen: 2764192K->6240K(2776064K)] 6985594K->4228082K(8368512K), 0.0411390 secs] [Times: user=0.22 sys=0.01, real=0.04 secs] 
2011-02-12T11:07:48.632+0000: 38957.952: [GC
Desired survivor size 19988480 bytes, new threshold 1 (max 15)
 [PSYoungGen: 2762848K->13248K(2776128K)] 6984690K->4235546K(8368576K), 0.0473420 secs] [Times: user=0.27 sys=0.02, real=0.04 secs] 
2011-02-12T11:07:55.409+0000: 38964.728: [GC
Desired survivor size 19726336 bytes, new threshold 1 (max 15)
 [PSYoungGen: 2770368K->11600K(2776640K)] 6992666K->4234330K(8369088K), 0.0475750 secs] [Times: user=0.26 sys=0.02, real=0.05 secs] 
2011-02-12T11:08:01.151+0000: 38970.471: [GC
Desired survivor size 18874368 bytes, new threshold 1 (max 15)
 [PSYoungGen: 2768720K->10130K(2777728K)] 6991450K->4233332K(8370176K), 0.0458630 secs] [Times: user=0.23 sys=0.02, real=0.05 secs] 
2011-02-12T11:08:06.662+0000: 38975.982: [GC
Desired survivor size 20709376 bytes, new threshold 1 (max 15)
 [PSYoungGen: 2768594K->16952K(2775424K)] 6991796K->4240872K(8367872K), 0.0514260 secs] [Times: user=0.31 sys=0.02, real=0.06 secs] 
2011-02-12T11:08:13.403+0000: 38982.723: [GC
Desired survivor size 20840448 bytes, new threshold 1 (max 15)
 [PSYoungGen: 2775416K->13376K(2775680K)] 6999336K->4237952K(8368128K), 0.0465130 secs] [Times: user=0.27 sys=0.01, real=0.05 secs] 
2011-02-12T11:08:20.456+0000: 38989.776: [GC
Desired survivor size 20512768 bytes, new threshold 1 (max 15)
 [PSYoungGen: 2768832K->12512K(2775808K)] 6993408K->4237504K(8368256K), 0.0473800 secs] [Times: user=0.25 sys=0.01, real=0.04 secs] 
2011-02-12T11:08:27.442+0000: 38996.762: [GC
Desired survivor size 20905984 bytes, new threshold 1 (max 15)
 [PSYoungGen: 2767968K->14592K(2775360K)] 6992960K->4240088K(8367808K), 0.0501920 secs] [Times: user=0.28 sys=0.02, real=0.05 secs] 
2011-02-12T11:08:34.412+0000: 39003.732: [GC
Desired survivor size 21233664 bytes, new threshold 1 (max 15)
 [PSYoungGen: 2769920K->14560K(2769920K)] 6995416K->4240504K(8362368K), 0.0494470 secs] [Times: user=0.28 sys=0.01, real=0.05 secs] 
2011-02-12T11:08:40.728+0000: 39010.047: [GC
Desired survivor size 20971520 bytes, new threshold 1 (max 15)
 [PSYoungGen: 2769888K->7680K(2775680K)] 6995832K->4234128K(8368128K), 0.0410430 secs] [Times: user=0.23 sys=0.00, real=0.04 secs] 
2011-02-12T11:08:47.881+0000: 39017.201: [GC
Desired survivor size 20316160 bytes, new threshold 1 (max 15)
 [PSYoungGen: 2762624K->9776K(2775424K)] 6989072K->4236616K(8367872K), 0.0452200 secs] [Times: user=0.25 sys=0.01, real=0.04 secs] 
2011-02-12T11:08:55.120+0000: 39024.440: [GC
Desired survivor size 20381696 bytes, new threshold 1 (max 15)
 [PSYoungGen: 2764720K->13728K(2776192K)] 6991560K->4241128K(8368640K), 0.0471220 secs] [Times: user=0.27 sys=0.01, real=0.04 secs] 
2011-02-12T11:09:01.804+0000: 39031.124: [GC
Desired survivor size 20840448 bytes, new threshold 1 (max 15)
 [PSYoungGen: 2770080K->4018K(2760384K)] 6997480K->4231899K(8352832K), 0.0329680 secs] [Times: user=0.20 sys=0.02, real=0.03 secs] 
2011-02-12T11:09:08.365+0000: 39037.684: [GC
Desired survivor size 20447232 bytes, new threshold 1 (max 15)
 [PSYoungGen: 2760370K->12248K(2776192K)] 6988251K->4241023K(8368640K), 0.0482990 secs] [Times: user=0.26 sys=0.02, real=0.05 secs] 
2011-02-12T11:09:14.867+0000: 39044.187: [GC
Desired survivor size 19857408 bytes, new threshold 1 (max 15)
 [PSYoungGen: 2768088K->8800K(2775808K)] 6996863K->4238223K(8368256K), 0.0427130 secs] [Times: user=0.24 sys=0.01, real=0.04 secs] 
2011-02-12T11:09:21.727+0000: 39051.047: [GC
Desired survivor size 19660800 bytes, new threshold 1 (max 15)
 [PSYoungGen: 2764640K->6688K(2776960K)] 6994063K->4236687K(8369408K), 0.0381460 secs] [Times: user=0.21 sys=0.02, real=0.04 secs] 
2011-02-12T11:09:28.753+0000: 39058.073: [GC
Desired survivor size 19333120 bytes, new threshold 1 (max 15)
 [PSYoungGen: 2764256K->11840K(2776768K)] 6994255K->4242279K(8369216K), 0.0466540 secs] [Times: user=0.26 sys=0.02, real=0.04 secs] 
2011-02-12T11:09:34.967+0000: 39064.287: [GC
Desired survivor size 21168128 bytes, new threshold 1 (max 15)
 [PSYoungGen: 2769408K->17440K(2773696K)] 6999847K->4248343K(8366144K), 0.0492900 secs] [Times: user=0.28 sys=0.01, real=0.05 secs] 
2011-02-12T11:09:41.702+0000: 39071.021: [GC
Desired survivor size 20971520 bytes, new threshold 1 (max 15)
 [PSYoungGen: 2772256K->13228K(2775488K)] 7003159K->4244591K(8367936K), 0.0483630 secs] [Times: user=0.27 sys=0.01, real=0.05 secs] 
2011-02-12T11:09:48.638+0000: 39077.958: [GC
Desired survivor size 20250624 bytes, new threshold 1 (max 15)
 [PSYoungGen: 2768044K->10304K(2776384K)] 6999407K->4242223K(8368832K), 0.0443940 secs] [Times: user=0.25 sys=0.02, real=0.04 secs] 
2011-02-12T11:09:55.613+0000: 39084.933: [GC
Desired survivor size 19398656 bytes, new threshold 1 (max 15)
 [PSYoungGen: 2766208K->11296K(2775680K)] 6998127K->4243639K(8368128K), 0.0446290 secs] [Times: user=0.25 sys=0.02, real=0.05 secs] 
2011-02-12T11:10:02.103+0000: 39091.423: [GC
Desired survivor size 19333120 bytes, new threshold 1 (max 15)
 [PSYoungGen: 2767200K->7098K(2777280K)] 6999543K->4239917K(8369728K), 0.0412940 secs] [Times: user=0.21 sys=0.02, real=0.04 secs] 
2011-02-12T11:10:07.501+0000: 39096.821: [GC
Desired survivor size 21102592 bytes, new threshold 1 (max 15)
 [PSYoungGen: 2765434K->17624K(2776000K)] 6998253K->4251370K(8368448K), 0.0529050 secs] [Times: user=0.29 sys=0.02, real=0.05 secs] 
2011-02-12T11:10:12.522+0000: 39101.841: [GC
Desired survivor size 21823488 bytes, new threshold 1 (max 15)
 [PSYoungGen: 2775960K->15872K(2773696K)] 7009706K->4250129K(8366144K), 0.0500580 secs] [Times: user=0.29 sys=0.01, real=0.05 secs] 
2011-02-12T11:10:19.400+0000: 39108.720: [GC
Desired survivor size 21823488 bytes, new threshold 1 (max 15)
 [PSYoungGen: 2769408K->6272K(2774848K)] 7003665K->4240905K(8367296K), 0.0384520 secs] [Times: user=0.20 sys=0.02, real=0.04 secs] 
2011-02-12T11:10:26.466+0000: 39115.786: [GC
Desired survivor size 21692416 bytes, new threshold 1 (max 15)
 [PSYoungGen: 2759808K->6496K(2774976K)] 6994441K->4241617K(8367424K), 0.0429290 secs] [Times: user=0.22 sys=0.02, real=0.04 secs] 
2011-02-12T11:10:32.957+0000: 39122.277: [GC
Desired survivor size 21889024 bytes, new threshold 1 (max 15)
 [PSYoungGen: 2760160K->14208K(2767872K)] 6995281K->4249841K(8360320K), 0.0490130 secs] [Times: user=0.29 sys=0.02, real=0.05 secs] 
2011-02-12T11:10:39.815+0000: 39129.134: [GC
Desired survivor size 23199744 bytes, new threshold 1 (max 15)
 [PSYoungGen: 2767872K->17434K(2772224K)] 7003505K->4253516K(8364672K), 0.0503320 secs] [Times: user=0.30 sys=0.01, real=0.05 secs] 
2011-02-12T11:10:46.343+0000: 39135.663: [GC
Desired survivor size 22151168 bytes, new threshold 1 (max 15)
 [PSYoungGen: 2768282K->11648K(2773504K)] 7004364K->4248213K(8365952K), 0.0467840 secs] [Times: user=0.26 sys=0.01, real=0.04 secs] 
2011-02-12T11:10:52.754+0000: 39142.074: [GC
Desired survivor size 22544384 bytes, new threshold 1 (max 15)
 [PSYoungGen: 2762496K->3744K(2773760K)] 6999061K->4240757K(8366208K), 0.0324580 secs] [Times: user=0.19 sys=0.01, real=0.03 secs] 
2011-02-12T11:10:59.573+0000: 39148.893: [GC
Desired survivor size 23134208 bytes, new threshold 1 (max 15)
 [PSYoungGen: 2755872K->15504K(2767680K)] 6992885K->4252941K(8360128K), 0.0483160 secs] [Times: user=0.30 sys=0.01, real=0.05 secs] 
2011-02-12T11:11:05.524+0000: 39154.844: [GC
Desired survivor size 23265280 bytes, new threshold 1 (max 15)
 [PSYoungGen: 2767632K->4138K(2773312K)] 7005069K->4242219K(8365760K), 0.0325400 secs] [Times: user=0.19 sys=0.01, real=0.04 secs] 
2011-02-12T11:11:12.194+0000: 39161.514: [GC
Desired survivor size 22085632 bytes, new threshold 1 (max 15)
 [PSYoungGen: 2754858K->10942K(2773440K)] 6992939K->4249862K(8365888K), 0.0501200 secs] [Times: user=0.24 sys=0.01, real=0.05 secs] 
2011-02-12T11:11:18.703+0000: 39168.022: [GC
Desired survivor size 21430272 bytes, new threshold 1 (max 15)
 [PSYoungGen: 2761662K->8320K(2775232K)] 7000582K->4247807K(8367680K), 0.0423470 secs] [Times: user=0.24 sys=0.02, real=0.04 secs] 
2011-02-12T11:11:25.052+0000: 39174.371: [GC
Desired survivor size 22085632 bytes, new threshold 1 (max 15)
 [PSYoungGen: 2761984K->15008K(2774592K)] 7001471K->4254903K(8367040K), 0.0510540 secs] [Times: user=0.28 sys=0.02, real=0.05 secs] 
2011-02-12T11:11:31.543+0000: 39180.863: [GC
Desired survivor size 21102592 bytes, new threshold 1 (max 15)
 [PSYoungGen: 2768672K->11325K(2775552K)] 7008567K->4251633K(8368000K), 0.0436950 secs] [Times: user=0.25 sys=0.01, real=0.04 secs] 
2011-02-12T11:11:37.719+0000: 39187.039: [GC
Desired survivor size 20774912 bytes, new threshold 1 (max 15)
 [PSYoungGen: 2765309K->12640K(2774592K)] 7005617K->4253455K(8367040K), 0.0461400 secs] [Times: user=0.26 sys=0.02, real=0.04 secs] 
2011-02-12T11:11:44.602+0000: 39193.921: [GC
Desired survivor size 19988480 bytes, new threshold 1 (max 15)
 [PSYoungGen: 2766624K->11488K(2776640K)] 7007439K->4252684K(8369088K), 0.0453290 secs] [Times: user=0.25 sys=0.02, real=0.04 secs] 
2011-02-12T11:11:51.473+0000: 39200.793: [GC
Desired survivor size 19922944 bytes, new threshold 1 (max 15)
 [PSYoungGen: 2767840K->13344K(2775872K)] 7009036K->4254996K(8368320K), 0.0488130 secs] [Times: user=0.25 sys=0.02, real=0.05 secs] 
2011-02-12T11:11:58.543+0000: 39207.863: [GC
Desired survivor size 20643840 bytes, new threshold 1 (max 15)
 [PSYoungGen: 2769696K->2528K(2775296K)] 7011348K->4244844K(8367744K), 0.0330450 secs] [Times: user=0.19 sys=0.01, real=0.03 secs] 
2011-02-12T11:12:05.537+0000: 39214.857: [GC
Desired survivor size 20381696 bytes, new threshold 1 (max 15)
 [PSYoungGen: 2758368K->6537K(2776000K)] 7000684K->4249422K(8368448K), 0.0410840 secs] [Times: user=0.22 sys=0.03, real=0.04 secs] 
2011-02-12T11:12:12.780+0000: 39222.100: [GC
Desired survivor size 19922944 bytes, new threshold 1 (max 15)
 [PSYoungGen: 2762377K->11520K(2776704K)] 7005262K->4255318K(8369152K), 0.0454870 secs] [Times: user=0.26 sys=0.01, real=0.05 secs] 
2011-02-12T11:12:17.039+0000: 39226.359: [GC
Desired survivor size 21102592 bytes, new threshold 1 (max 15)
 [PSYoungGen: 2768320K->15840K(2772672K)] 7012118K->4260278K(8365120K), 0.0512620 secs] [Times: user=0.28 sys=0.01, real=0.05 secs] 
2011-02-12T11:12:23.592+0000: 39232.911: [GC
Desired survivor size 20447232 bytes, new threshold 1 (max 15)
 [PSYoungGen: 2772640K->8736K(2776192K)] 7017078K->4253598K(8368640K), 0.0432620 secs] [Times: user=0.23 sys=0.02, real=0.05 secs] 
2011-02-12T11:12:30.472+0000: 39239.792: [GC
Desired survivor size 20185088 bytes, new threshold 1 (max 15)
 [PSYoungGen: 2764320K->6464K(2775552K)] 7009182K->4251750K(8368000K), 0.0413620 secs] [Times: user=0.21 sys=0.02, real=0.04 secs] 
2011-02-12T11:12:37.220+0000: 39246.539: [GC
Desired survivor size 20381696 bytes, new threshold 1 (max 15)
 [PSYoungGen: 2762048K->3776K(2776064K)] 7007334K->4249516K(8368512K), 0.0363820 secs] [Times: user=0.19 sys=0.02, real=0.04 secs] 
2011-02-12T11:12:43.779+0000: 39253.098: [GC
Desired survivor size 20905984 bytes, new threshold 1 (max 15)
 [PSYoungGen: 2760128K->13856K(2770240K)] 7005868K->4260060K(8362688K), 0.0487090 secs] [Times: user=0.27 sys=0.02, real=0.05 secs] 
2011-02-12T11:12:50.150+0000: 39259.470: [GC
Desired survivor size 21299200 bytes, new threshold 1 (max 15)
 [PSYoungGen: 2770208K->13726K(2774976K)] 7016412K->4260370K(8367424K), 0.0482790 secs] [Times: user=0.28 sys=0.01, real=0.05 secs] 
2011-02-12T11:12:56.163+0000: 39265.483: [GC
Desired survivor size 21102592 bytes, new threshold 1 (max 15)
 [PSYoungGen: 2768286K->12776K(2775360K)] 7014930K->4260038K(8367808K), 0.0477810 secs] [Times: user=0.26 sys=0.01, real=0.05 secs] 
2011-02-12T11:13:02.253+0000: 39271.573: [GC
Desired survivor size 23724032 bytes, new threshold 1 (max 15)
 [PSYoungGen: 2767336K->20089K(2770432K)] 7014598K->4267856K(8362880K), 0.0527650 secs] [Times: user=0.33 sys=0.02, real=0.05 secs] 
2011-02-12T11:13:07.470+0000: 39276.789: [GC
Desired survivor size 22675456 bytes, new threshold 1 (max 15)
 [PSYoungGen: 2769913K->10776K(2772992K)] 7017680K->4259836K(8365440K), 0.0461160 secs] [Times: user=0.25 sys=0.02, real=0.04 secs] 
2011-02-12T11:13:13.305+0000: 39282.625: [GC
Desired survivor size 24838144 bytes, new threshold 1 (max 15)
 [PSYoungGen: 2760600K->20144K(2769792K)] 7009660K->4269732K(8362240K), 0.0562110 secs] [Times: user=0.32 sys=0.01, real=0.06 secs] 
2011-02-12T11:13:19.957+0000: 39289.277: [GC
Desired survivor size 24510464 bytes, new threshold 1 (max 15)
 [PSYoungGen: 2767792K->14592K(2771904K)] 7017380K->4264596K(8364352K), 0.0463980 secs] [Times: user=0.28 sys=0.02, real=0.05 secs] 
2011-02-12T11:13:26.438+0000: 39295.758: [GC
Desired survivor size 24182784 bytes, new threshold 1 (max 15)
 [PSYoungGen: 2762240K->7776K(2772544K)] 7012244K->4258284K(8364992K), 0.0411810 secs] [Times: user=0.22 sys=0.02, real=0.04 secs] 
2011-02-12T11:13:33.199+0000: 39302.519: [GC
Desired survivor size 24313856 bytes, new threshold 1 (max 15)
 [PSYoungGen: 2756384K->4288K(2772224K)] 7006892K->4255196K(8364672K), 0.0350150 secs] [Times: user=0.20 sys=0.01, real=0.04 secs] 
2011-02-12T11:13:39.876+0000: 39309.196: [GC
Desired survivor size 23265280 bytes, new threshold 1 (max 15)
 [PSYoungGen: 2752896K->11872K(2773440K)] 7003804K->4263332K(8365888K), 0.0428630 secs] [Times: user=0.24 sys=0.01, real=0.04 secs] 
2011-02-12T11:13:46.388+0000: 39315.707: [GC
Desired survivor size 22347776 bytes, new threshold 1 (max 15)
 [PSYoungGen: 2761568K->10045K(2772416K)] 7013028K->4261918K(8364864K), 0.0439850 secs] [Times: user=0.25 sys=0.02, real=0.04 secs] 
2011-02-12T11:13:52.933+0000: 39322.253: [GC
Desired survivor size 21299200 bytes, new threshold 1 (max 15)
 [PSYoungGen: 2759741K->11228K(2775360K)] 7011614K->4263557K(8367808K), 0.0445580 secs] [Times: user=0.26 sys=0.01, real=0.05 secs] 
2011-02-12T11:13:59.953+0000: 39329.273: [GC
Desired survivor size 20643840 bytes, new threshold 1 (max 15)
 [PSYoungGen: 2764764K->9264K(2774336K)] 7017093K->4262237K(8366784K), 0.0452470 secs] [Times: user=0.23 sys=0.01, real=0.05 secs] 
2011-02-12T11:14:05.864+0000: 39335.184: [GC
Desired survivor size 19922944 bytes, new threshold 1 (max 15)
 [PSYoungGen: 2762800K->9706K(2776704K)] 7015773K->4263235K(8369152K), 0.0435640 secs] [Times: user=0.23 sys=0.01, real=0.05 secs] 
2011-02-12T11:14:12.874+0000: 39342.194: [GC
Desired survivor size 19267584 bytes, new threshold 1 (max 15)
 [PSYoungGen: 2766250K->9712K(2776000K)] 7019779K->4264047K(8368448K), 0.0444120 secs] [Times: user=0.23 sys=0.02, real=0.05 secs] 
2011-02-12T11:14:20.179+0000: 39349.499: [GC
Desired survivor size 20054016 bytes, new threshold 1 (max 15)
 [PSYoungGen: 2766256K->14944K(2775808K)] 7020591K->4269800K(8368256K), 0.0474040 secs] [Times: user=0.29 sys=0.01, real=0.04 secs] 
2011-02-12T11:14:27.549+0000: 39356.869: [GC
Desired survivor size 19791872 bytes, new threshold 1 (max 15)
 [PSYoungGen: 2771936K->7840K(2776576K)] 7026792K->4263212K(8369024K), 0.0422830 secs] [Times: user=0.24 sys=0.02, real=0.04 secs] 
2011-02-12T11:14:35.408+0000: 39364.728: [GC
Desired survivor size 19791872 bytes, new threshold 1 (max 15)
 [PSYoungGen: 2764832K->5808K(2776832K)] 7020204K->4261732K(8369280K), 0.0365950 secs] [Times: user=0.20 sys=0.02, real=0.04 secs] 
2011-02-12T11:14:42.573+0000: 39371.892: [GC
Desired survivor size 19070976 bytes, new threshold 1 (max 15)
 [PSYoungGen: 2763312K->9152K(2776832K)] 7019236K->4265707K(8369280K), 0.0433440 secs] [Times: user=0.25 sys=0.00, real=0.04 secs] 
2011-02-12T11:14:49.467+0000: 39378.787: [GC
Desired survivor size 18481152 bytes, new threshold 1 (max 15)
 [PSYoungGen: 2766656K->8768K(2778112K)] 7023211K->4265859K(8370560K), 0.0437140 secs] [Times: user=0.24 sys=0.02, real=0.04 secs] 
2011-02-12T11:14:56.227+0000: 39385.547: [GC
Desired survivor size 18153472 bytes, new threshold 1 (max 15)
 [PSYoungGen: 2768256K->7327K(2777536K)] 7025347K->4264850K(8369984K), 0.0407700 secs] [Times: user=0.22 sys=0.01, real=0.04 secs] 
2011-02-12T11:15:02.240+0000: 39391.560: [GC
Desired survivor size 17629184 bytes, new threshold 1 (max 15)
 [PSYoungGen: 2766815K->8233K(2778944K)] 7024338K->4266293K(8371392K), 0.0419010 secs] [Times: user=0.24 sys=0.02, real=0.04 secs] 
2011-02-12T11:15:08.246+0000: 39397.566: [GC
Desired survivor size 17170432 bytes, new threshold 1 (max 15)
 [PSYoungGen: 2769449K->7872K(2778432K)] 7027509K->4266801K(8370880K), 0.0419080 secs] [Times: user=0.22 sys=0.02, real=0.04 secs] 
2011-02-12T11:15:14.330+0000: 39403.650: [GC
Desired survivor size 16646144 bytes, new threshold 1 (max 15)
 [PSYoungGen: 2769088K->10016K(2779904K)] 7028017K->4269561K(8372352K), 0.0447390 secs] [Times: user=0.24 sys=0.01, real=0.05 secs] 
2011-02-12T11:15:20.597+0000: 39409.917: [GC
Desired survivor size 17956864 bytes, new threshold 1 (max 15)
 [PSYoungGen: 2773152K->14937K(2778112K)] 7032697K->4274947K(8370560K), 0.0497540 secs] [Times: user=0.28 sys=0.01, real=0.05 secs] 
2011-02-12T11:15:27.167+0000: 39416.486: [GC
Desired survivor size 17563648 bytes, new threshold 1 (max 15)
 [PSYoungGen: 2778073K->10912K(2779008K)] 7038083K->4271357K(8371456K), 0.0460950 secs] [Times: user=0.25 sys=0.01, real=0.04 secs] 
2011-02-12T11:15:33.444+0000: 39422.764: [GC
Desired survivor size 18612224 bytes, new threshold 1 (max 15)
 [PSYoungGen: 2772384K->14880K(2776384K)] 7032829K->4275829K(8368832K), 0.0519750 secs] [Times: user=0.29 sys=0.01, real=0.06 secs] 
2011-02-12T11:15:40.351+0000: 39429.671: [GC
Desired survivor size 19398656 bytes, new threshold 1 (max 15)
 [PSYoungGen: 2776352K->14755K(2776448K)] 7037305K->4276125K(8368896K), 0.0494280 secs] [Times: user=0.30 sys=0.02, real=0.05 secs] 
2011-02-12T11:15:47.265+0000: 39436.585: [GC
Desired survivor size 20185088 bytes, new threshold 1 (max 15)
 [PSYoungGen: 2773027K->15296K(2773568K)] 7034397K->4277173K(8366016K), 0.0485840 secs] [Times: user=0.27 sys=0.02, real=0.05 secs] 
2011-02-12T11:15:54.180+0000: 39443.500: [GC
Desired survivor size 20643840 bytes, new threshold 1 (max 15)
 [PSYoungGen: 2773568K->14848K(2775552K)] 7035445K->4277213K(8368000K), 0.0493620 secs] [Times: user=0.29 sys=0.01, real=0.05 secs] 
2011-02-12T11:16:01.045+0000: 39450.364: [GC
Desired survivor size 21168128 bytes, new threshold 1 (max 15)
 [PSYoungGen: 2770688K->15474K(2771328K)] 7033053K->4278347K(8363776K), 0.0499650 secs] [Times: user=0.30 sys=0.02, real=0.05 secs] 
2011-02-12T11:16:07.327+0000: 39456.646: [GC
Desired survivor size 21430272 bytes, new threshold 1 (max 15)
 [PSYoungGen: 2771314K->5848K(2774976K)] 7034187K->4269627K(8367424K), 0.0386820 secs] [Times: user=0.20 sys=0.03, real=0.04 secs] 
2011-02-12T11:16:13.700+0000: 39463.019: [GC
Desired survivor size 20512768 bytes, new threshold 1 (max 15)
 [PSYoungGen: 2760152K->11680K(2775232K)] 7023931K->4276163K(8367680K), 0.0464040 secs] [Times: user=0.27 sys=0.01, real=0.05 secs] 
2011-02-12T11:16:20.372+0000: 39469.692: [GC
Desired survivor size 19922944 bytes, new threshold 1 (max 15)
 [PSYoungGen: 2765984K->9941K(2776704K)] 7030467K->4274921K(8369152K), 0.0436450 secs] [Times: user=0.23 sys=0.02, real=0.05 secs] 
2011-02-12T11:16:26.995+0000: 39476.314: [GC
Desired survivor size 19922944 bytes, new threshold 1 (max 15)
 [PSYoungGen: 2766613K->6848K(2776128K)] 7031593K->4272270K(8368576K), 0.0389370 secs] [Times: user=0.21 sys=0.01, real=0.04 secs] 
2011-02-12T11:16:33.120+0000: 39482.439: [GC
Desired survivor size 19333120 bytes, new threshold 1 (max 15)
 [PSYoungGen: 2763520K->9392K(2777280K)] 7028942K->4275198K(8369728K), 0.0416710 secs] [Times: user=0.23 sys=0.01, real=0.04 secs] 
2011-02-12T11:16:40.076+0000: 39489.396: [GC
Desired survivor size 19005440 bytes, new threshold 1 (max 15)
 [PSYoungGen: 2767216K->7840K(2776704K)] 7033022K->4274262K(8369152K), 0.0440930 secs] [Times: user=0.23 sys=0.01, real=0.04 secs] 
2011-02-12T11:16:46.958+0000: 39496.278: [GC
Desired survivor size 18677760 bytes, new threshold 1 (max 15)
 [PSYoungGen: 2765664K->7680K(2777920K)] 7032086K->4274494K(8370368K), 0.0423760 secs] [Times: user=0.22 sys=0.02, real=0.04 secs] 
2011-02-12T11:16:53.805+0000: 39503.125: [GC
Desired survivor size 18677760 bytes, new threshold 1 (max 15)
 [PSYoungGen: 2767040K->5472K(2777600K)] 7033854K->4272718K(8370048K), 0.0386120 secs] [Times: user=0.21 sys=0.02, real=0.04 secs] 
2011-02-12T11:17:00.532+0000: 39509.852: [GC
Desired survivor size 20119552 bytes, new threshold 1 (max 15)
 [PSYoungGen: 2764832K->15890K(2775104K)] 7032078K->4283600K(8367552K), 0.0514810 secs] [Times: user=0.30 sys=0.02, real=0.05 secs] 
2011-02-12T11:17:06.866+0000: 39516.186: [GC
Desired survivor size 19333120 bytes, new threshold 1 (max 15)
 [PSYoungGen: 2772754K->10728K(2776512K)] 7040464K->4279112K(8368960K), 0.0448080 secs] [Times: user=0.25 sys=0.01, real=0.05 secs] 
2011-02-12T11:17:13.638+0000: 39522.958: [GC
Desired survivor size 19202048 bytes, new threshold 1 (max 15)
 [PSYoungGen: 2767592K->6016K(2777408K)] 7035976K->4275168K(8369856K), 0.0403430 secs] [Times: user=0.21 sys=0.01, real=0.04 secs] 
2011-02-12T11:17:20.496+0000: 39529.815: [GC
Desired survivor size 18939904 bytes, new threshold 1 (max 15)
 [PSYoungGen: 2764544K->6252K(2777280K)] 7033696K->4275868K(8369728K), 0.0396950 secs] [Times: user=0.22 sys=0.01, real=0.04 secs] 
2011-02-12T11:17:27.733+0000: 39537.052: [GC
Desired survivor size 18284544 bytes, new threshold 1 (max 15)
 [PSYoungGen: 2764780K->10257K(2778304K)] 7034396K->4280338K(8370752K), 0.0444250 secs] [Times: user=0.23 sys=0.01, real=0.04 secs] 
2011-02-12T11:17:34.794+0000: 39544.114: [GC
Desired survivor size 17694720 bytes, new threshold 1 (max 15)
 [PSYoungGen: 2770065K->8480K(2777664K)] 7040146K->4279108K(8370112K), 0.0430280 secs] [Times: user=0.22 sys=0.01, real=0.04 secs] 
2011-02-12T11:17:41.823+0000: 39551.143: [GC
Desired survivor size 16908288 bytes, new threshold 1 (max 15)
 [PSYoungGen: 2768288K->9568K(2779648K)] 7038916K->4280612K(8372096K), 0.0445810 secs] [Times: user=0.24 sys=0.01, real=0.04 secs] 
2011-02-12T11:17:49.062+0000: 39558.381: [GC
Desired survivor size 16646144 bytes, new threshold 1 (max 15)
 [PSYoungGen: 2771936K->7008K(2778880K)] 7042980K->4278580K(8371328K), 0.0398940 secs] [Times: user=0.22 sys=0.02, real=0.04 secs] 
2011-02-12T11:17:56.247+0000: 39565.566: [GC
Desired survivor size 16777216 bytes, new threshold 1 (max 15)
 [PSYoungGen: 2769376K->11488K(2779648K)] 7040948K->4283604K(8372096K), 0.0453280 secs] [Times: user=0.25 sys=0.00, real=0.04 secs] 
2011-02-12T11:18:02.821+0000: 39572.140: [GC
Desired survivor size 16187392 bytes, new threshold 1 (max 15)
 [PSYoungGen: 2774880K->9786K(2779776K)] 7046996K->4282455K(8372224K), 0.0450540 secs] [Times: user=0.24 sys=0.01, real=0.05 secs] 
2011-02-12T11:18:09.280+0000: 39578.600: [GC
Desired survivor size 17498112 bytes, new threshold 1 (max 15)
 [PSYoungGen: 2773178K->14706K(2777792K)] 7045847K->4288318K(8370240K), 0.0533510 secs] [Times: user=0.28 sys=0.02, real=0.05 secs] 
2011-02-12T11:18:16.098+0000: 39585.418: [GC
Desired survivor size 18612224 bytes, new threshold 1 (max 15)
 [PSYoungGen: 2776690K->14848K(2776832K)] 7050302K->4289011K(8369280K), 0.0486300 secs] [Times: user=0.29 sys=0.02, real=0.05 secs] 
2011-02-12T11:18:22.893+0000: 39592.213: [GC
Desired survivor size 18415616 bytes, new threshold 1 (max 15)
 [PSYoungGen: 2776832K->12112K(2778176K)] 7050995K->4286751K(8370624K), 0.0470870 secs] [Times: user=0.26 sys=0.02, real=0.05 secs] 
2011-02-12T11:18:29.652+0000: 39598.971: [GC
Desired survivor size 17956864 bytes, new threshold 1 (max 15)
 [PSYoungGen: 2772112K->8992K(2777984K)] 7046751K->4284231K(8370432K), 0.0416100 secs] [Times: user=0.24 sys=0.01, real=0.04 secs] 
2011-02-12T11:18:36.510+0000: 39605.830: [GC
Desired survivor size 17235968 bytes, new threshold 1 (max 15)
 [PSYoungGen: 2768992K->10432K(2779328K)] 7044231K->4286111K(8371776K), 0.0458620 secs] [Times: user=0.23 sys=0.02, real=0.04 secs] 
2011-02-12T11:18:43.440+0000: 39612.760: [GC
Desired survivor size 16842752 bytes, new threshold 1 (max 15)
 [PSYoungGen: 2772224K->9312K(2778624K)] 7047903K->4285455K(8371072K), 0.0442180 secs] [Times: user=0.25 sys=0.02, real=0.04 secs] 
2011-02-12T11:18:50.451+0000: 39619.771: [GC
Desired survivor size 16646144 bytes, new threshold 1 (max 15)
 [PSYoungGen: 2771104K->11520K(2779904K)] 7047247K->4288112K(8372352K), 0.0445520 secs] [Times: user=0.26 sys=0.02, real=0.04 secs] 
2011-02-12T11:18:57.534+0000: 39626.854: [GC
Desired survivor size 16777216 bytes, new threshold 1 (max 15)
 [PSYoungGen: 2774976K->6272K(2779712K)] 7051568K->4283388K(8372160K), 0.0409870 secs] [Times: user=0.21 sys=0.01, real=0.04 secs] 
2011-02-12T11:19:03.785+0000: 39633.104: [GC
Desired survivor size 17367040 bytes, new threshold 1 (max 15)
 [PSYoungGen: 2769728K->13274K(2778624K)] 7046844K->4290918K(8371072K), 0.0509530 secs] [Times: user=0.27 sys=0.03, real=0.05 secs] 
2011-02-12T11:19:10.386+0000: 39639.705: [GC
Desired survivor size 17432576 bytes, new threshold 1 (max 15)
 [PSYoungGen: 2775514K->6192K(2768448K)] 7053158K->4284850K(8360896K), 0.0422690 secs] [Times: user=0.21 sys=0.02, real=0.04 secs] 
2011-02-12T11:19:17.314+0000: 39646.633: [GC
Desired survivor size 17170432 bytes, new threshold 1 (max 15)
 [PSYoungGen: 2768432K->7415K(2779392K)] 7047090K->4286577K(8371840K), 0.0422610 secs] [Times: user=0.22 sys=0.01, real=0.05 secs] 
2011-02-12T11:19:24.211+0000: 39653.530: [GC
Desired survivor size 16646144 bytes, new threshold 1 (max 15)
 [PSYoungGen: 2769783K->8448K(2779136K)] 7048945K->4288090K(8371584K), 0.0444830 secs] [Times: user=0.24 sys=0.02, real=0.04 secs] 
2011-02-12T11:19:31.752+0000: 39661.071: [GC
Desired survivor size 18087936 bytes, new threshold 1 (max 15)
 [PSYoungGen: 2770816K->15218K(2777088K)] 7050458K->4295297K(8369536K), 0.0508520 secs] [Times: user=0.30 sys=0.03, real=0.05 secs] 
2011-02-12T11:19:39.973+0000: 39669.293: [GC
Desired survivor size 18219008 bytes, new threshold 1 (max 15)
 [PSYoungGen: 2776050K->5280K(2766144K)] 7056129K->4285838K(8358592K), 0.0373300 secs] [Times: user=0.21 sys=0.01, real=0.04 secs] 
2011-02-12T11:19:47.489+0000: 39676.808: [GC
Desired survivor size 18284544 bytes, new threshold 1 (max 15)
 [PSYoungGen: 2766112K->12096K(2778240K)] 7046670K->4293206K(8370688K), 0.0480920 secs] [Times: user=0.28 sys=0.01, real=0.04 secs] 
2011-02-12T11:19:55.177+0000: 39684.497: [GC
Desired survivor size 17694720 bytes, new threshold 1 (max 15)
 [PSYoungGen: 2772544K->10520K(2778304K)] 7053654K->4292147K(8370752K), 0.0443470 secs] [Times: user=0.26 sys=0.02, real=0.05 secs] 
2011-02-12T11:20:02.369+0000: 39691.689: [GC
Desired survivor size 20119552 bytes, new threshold 1 (max 15)
 [PSYoungGen: 2770968K->17258K(2774144K)] 7052595K->4299973K(8366592K), 0.0529960 secs] [Times: user=0.31 sys=0.02, real=0.06 secs] 
2011-02-12T11:20:08.885+0000: 39698.205: [GC
Desired survivor size 19398656 bytes, new threshold 1 (max 15)
 [PSYoungGen: 2774122K->11184K(2776512K)] 7056837K->4294805K(8368960K), 0.0493360 secs] [Times: user=0.25 sys=0.03, real=0.05 secs] 
2011-02-12T11:20:15.767+0000: 39705.087: [GC
Desired survivor size 18808832 bytes, new threshold 1 (max 15)
 [PSYoungGen: 2768048K->9280K(2777792K)] 7051669K->4293549K(8370240K), 0.0442590 secs] [Times: user=0.23 sys=0.01, real=0.05 secs] 
2011-02-12T11:20:22.409+0000: 39711.729: [GC
Desired survivor size 18546688 bytes, new threshold 1 (max 15)
 [PSYoungGen: 2768128K->7749K(2777216K)] 7052397K->4292539K(8369664K), 0.0432680 secs] [Times: user=0.24 sys=0.01, real=0.05 secs] 
2011-02-12T11:20:29.445+0000: 39718.765: [GC
Desired survivor size 18219008 bytes, new threshold 1 (max 15)
 [PSYoungGen: 2766597K->7744K(2778368K)] 7051387K->4293152K(8370816K), 0.0425670 secs] [Times: user=0.23 sys=0.02, real=0.04 secs] 
2011-02-12T11:20:36.230+0000: 39725.550: [GC
Desired survivor size 18481152 bytes, new threshold 1 (max 15)
 [PSYoungGen: 2768000K->4288K(2778048K)] 7053408K->4290168K(8370496K), 0.0325250 secs] [Times: user=0.19 sys=0.02, real=0.03 secs] 
2011-02-12T11:20:42.556+0000: 39731.875: [GC
Desired survivor size 18022400 bytes, new threshold 1 (max 15)
 [PSYoungGen: 2764544K->10704K(2778560K)] 7050424K->4297052K(8371008K), 0.0444860 secs] [Times: user=0.26 sys=0.01, real=0.04 secs] 
2011-02-12T11:20:48.866+0000: 39738.186: [GC
Desired survivor size 18743296 bytes, new threshold 1 (max 15)
 [PSYoungGen: 2771216K->13728K(2774272K)] 7057564K->4300540K(8366720K), 0.0470620 secs] [Times: user=0.27 sys=0.03, real=0.04 secs] 
2011-02-12T11:20:55.506+0000: 39744.825: [GC
Desired survivor size 18284544 bytes, new threshold 1 (max 15)
 [PSYoungGen: 2774240K->7856K(2778304K)] 7061052K->4295096K(8370752K), 0.0400680 secs] [Times: user=0.22 sys=0.01, real=0.05 secs] 
2011-02-12T11:21:01.910+0000: 39751.229: [GC
Desired survivor size 17694720 bytes, new threshold 1 (max 15)
 [PSYoungGen: 2767856K->8514K(2777856K)] 7055096K->4296282K(8370304K), 0.0518830 secs] [Times: user=0.23 sys=0.01, real=0.05 secs] 
2011-02-12T11:21:07.836+0000: 39757.156: [GC
Desired survivor size 18153472 bytes, new threshold 1 (max 15)
 [PSYoungGen: 2768514K->2952K(2777984K)] 7056282K->4291578K(8370432K), 0.0360500 secs] [Times: user=0.19 sys=0.01, real=0.04 secs] 
2011-02-12T11:21:14.221+0000: 39763.541: [GC
Desired survivor size 17956864 bytes, new threshold 1 (max 15)
 [PSYoungGen: 2763656K->10976K(2778432K)] 7052282K->4300282K(8370880K), 0.0467540 secs] [Times: user=0.26 sys=0.02, real=0.05 secs] 
2011-02-12T11:21:20.628+0000: 39769.948: [GC
Desired survivor size 19595264 bytes, new threshold 1 (max 15)
 [PSYoungGen: 2771680K->15776K(2775424K)] 7060986K->4305482K(8367872K), 0.0515180 secs] [Times: user=0.27 sys=0.02, real=0.06 secs] 
2011-02-12T11:21:27.196+0000: 39776.516: [GC
Desired survivor size 18677760 bytes, new threshold 1 (max 15)
 [PSYoungGen: 2773664K->9843K(2777024K)] 7063370K->4300046K(8369472K), 0.0428560 secs] [Times: user=0.22 sys=0.01, real=0.04 secs] 
2011-02-12T11:21:32.929+0000: 39782.249: [GC
Desired survivor size 18022400 bytes, new threshold 1 (max 15)
 [PSYoungGen: 2767731K->8672K(2778560K)] 7057934K->4299398K(8371008K), 0.0411780 secs] [Times: user=0.24 sys=0.01, real=0.05 secs] 
2011-02-12T11:21:39.069+0000: 39788.388: [GC
Desired survivor size 17235968 bytes, new threshold 1 (max 15)
 [PSYoungGen: 2768992K->9728K(2777920K)] 7059718K->4300918K(8370368K), 0.0407340 secs] [Times: user=0.24 sys=0.01, real=0.04 secs] 
2011-02-12T11:21:45.681+0000: 39795.001: [GC
Desired survivor size 17432576 bytes, new threshold 1 (max 15)
 [PSYoungGen: 2770048K->4512K(2778944K)] 7061238K->4296098K(8371392K), 0.0349950 secs] [Times: user=0.20 sys=0.00, real=0.04 secs] 
2011-02-12T11:21:51.876+0000: 39801.196: [GC
Desired survivor size 17039360 bytes, new threshold 1 (max 15)
 [PSYoungGen: 2766624K->6720K(2779136K)] 7058210K->4298786K(8371584K), 0.0398340 secs] [Times: user=0.21 sys=0.01, real=0.04 secs] 
2011-02-12T11:21:58.614+0000: 39807.933: [GC
Desired survivor size 19136512 bytes, new threshold 1 (max 15)
 [PSYoungGen: 2768832K->16592K(2775424K)] 7060898K->4309114K(8367872K), 0.0518080 secs] [Times: user=0.31 sys=0.01, real=0.06 secs] 
2011-02-12T11:22:05.100+0000: 39814.420: [GC
Desired survivor size 19922944 bytes, new threshold 1 (max 15)
 [PSYoungGen: 2775376K->14187K(2772992K)] 7067898K->4307251K(8365440K), 0.0493890 secs] [Times: user=0.26 sys=0.01, real=0.05 secs] 
2011-02-12T11:22:11.358+0000: 39820.678: [GC
Desired survivor size 21495808 bytes, new threshold 1 (max 15)
 [PSYoungGen: 2772971K->16736K(2773632K)] 7066035K->4310629K(8366080K), 0.0524510 secs] [Times: user=0.28 sys=0.02, real=0.05 secs] 
2011-02-12T11:22:17.812+0000: 39827.132: [GC
Desired survivor size 21757952 bytes, new threshold 1 (max 15)
 [PSYoungGen: 2770912K->3296K(2757504K)] 7064805K->4297798K(8349952K), 0.0321130 secs] [Times: user=0.18 sys=0.01, real=0.03 secs] 
2011-02-12T11:22:24.534+0000: 39833.853: [GC
Desired survivor size 21823488 bytes, new threshold 1 (max 15)
 [PSYoungGen: 2757472K->13360K(2774784K)] 7051974K->4308318K(8367232K), 0.0491410 secs] [Times: user=0.28 sys=0.01, real=0.05 secs] 
2011-02-12T11:22:30.959+0000: 39840.279: [GC
Desired survivor size 21233664 bytes, new threshold 1 (max 15)
 [PSYoungGen: 2766896K->7648K(2774848K)] 7061854K->4303190K(8367296K), 0.0412810 secs] [Times: user=0.24 sys=0.01, real=0.04 secs] 
2011-02-12T11:22:37.628+0000: 39846.948: [GC
Desired survivor size 22872064 bytes, new threshold 1 (max 15)
 [PSYoungGen: 2761184K->17408K(2772224K)] 7056726K->4313422K(8364672K), 0.0546490 secs] [Times: user=0.32 sys=0.03, real=0.06 secs] 
2011-02-12T11:22:44.513+0000: 39853.833: [GC
Desired survivor size 23265280 bytes, new threshold 1 (max 15)
 [PSYoungGen: 2768896K->14944K(2766464K)] 7064910K->4311378K(8358912K), 0.0499890 secs] [Times: user=0.29 sys=0.01, real=0.05 secs] 
2011-02-12T11:22:51.394+0000: 39860.714: [GC
Desired survivor size 23199744 bytes, new threshold 1 (max 15)
 [PSYoungGen: 2766432K->14208K(2773504K)] 7062866K->4311050K(8365952K), 0.0486620 secs] [Times: user=0.27 sys=0.02, real=0.05 secs] 
2011-02-12T11:22:58.336+0000: 39867.655: [GC
Desired survivor size 23199744 bytes, new threshold 1 (max 15)
 [PSYoungGen: 2764992K->14480K(2773440K)] 7061834K->4311818K(8365888K), 0.0482680 secs] [Times: user=0.28 sys=0.01, real=0.05 secs] 
2011-02-12T11:23:04.986+0000: 39874.306: [GC
Desired survivor size 22413312 bytes, new threshold 1 (max 15)
 [PSYoungGen: 2765264K->10090K(2774272K)] 7062602K->4307980K(8366720K), 0.0444320 secs] [Times: user=0.23 sys=0.02, real=0.04 secs] 
2011-02-12T11:23:11.740+0000: 39881.060: [GC
Desired survivor size 22085632 bytes, new threshold 1 (max 15)
 [PSYoungGen: 2761706K->7328K(2773504K)] 7059596K->4306112K(8365952K), 0.0402100 secs] [Times: user=0.23 sys=0.02, real=0.04 secs] 
2011-02-12T11:23:18.418+0000: 39887.738: [GC
Desired survivor size 22413312 bytes, new threshold 1 (max 15)
 [PSYoungGen: 2758944K->3564K(2773952K)] 7057728K->4302941K(8366400K), 0.0359240 secs] [Times: user=0.21 sys=0.02, real=0.04 secs] 
2011-02-12T11:23:24.946+0000: 39894.266: [GC
Desired survivor size 22085632 bytes, new threshold 1 (max 15)
 [PSYoungGen: 2755948K->12804K(2774272K)] 7055325K->4312641K(8366720K), 0.0459080 secs] [Times: user=0.26 sys=0.03, real=0.04 secs] 
2011-02-12T11:23:31.452+0000: 39900.771: [GC
Desired survivor size 22020096 bytes, new threshold 1 (max 15)
 [PSYoungGen: 2765188K->4736K(2774656K)] 7065025K->4305101K(8367104K), 0.0361740 secs] [Times: user=0.20 sys=0.01, real=0.04 secs] 
2011-02-12T11:23:38.915+0000: 39908.234: [GC
Desired survivor size 21168128 bytes, new threshold 1 (max 15)
 [PSYoungGen: 2757824K->10848K(2774592K)] 7058189K->4311661K(8367040K), 0.0440950 secs] [Times: user=0.25 sys=0.01, real=0.05 secs] 
2011-02-12T11:23:46.364+0000: 39915.683: [GC
Desired survivor size 20905984 bytes, new threshold 1 (max 15)
 [PSYoungGen: 2763936K->5472K(2775744K)] 7064749K->4306669K(8368192K), 0.0386920 secs] [Times: user=0.20 sys=0.01, real=0.04 secs] 
2011-02-12T11:23:53.125+0000: 39922.445: [GC
Desired survivor size 22282240 bytes, new threshold 1 (max 15)
 [PSYoungGen: 2760544K->16287K(2771392K)] 7061741K->4318016K(8363840K), 0.0514720 secs] [Times: user=0.29 sys=0.02, real=0.05 secs] 
2011-02-12T11:23:59.705+0000: 39929.025: [GC
Desired survivor size 21233664 bytes, new threshold 1 (max 15)
 [PSYoungGen: 2771359K->9646K(2775424K)] 7073088K->4311819K(8367872K), 0.0456190 secs] [Times: user=0.24 sys=0.02, real=0.05 secs] 
2011-02-12T11:24:06.091+0000: 39935.410: [GC
Desired survivor size 22347776 bytes, new threshold 1 (max 15)
 [PSYoungGen: 2763310K->16074K(2769792K)] 7065483K->4318810K(8362240K), 0.0515000 secs] [Times: user=0.29 sys=0.02, real=0.05 secs] 
2011-02-12T11:24:12.811+0000: 39942.130: [GC
Desired survivor size 21889024 bytes, new threshold 1 (max 15)
 [PSYoungGen: 2769738K->7244K(2774784K)] 7072474K->4310835K(8367232K), 0.0448260 secs] [Times: user=0.22 sys=0.03, real=0.04 secs] 
2011-02-12T11:24:19.456+0000: 39948.776: [GC
Desired survivor size 21364736 bytes, new threshold 1 (max 15)
 [PSYoungGen: 2760204K->7312K(2774336K)] 7063795K->4311711K(8366784K), 0.0451560 secs] [Times: user=0.22 sys=0.02, real=0.05 secs] 
2011-02-12T11:24:26.230+0000: 39955.549: [GC
Desired survivor size 20971520 bytes, new threshold 1 (max 15)
 [PSYoungGen: 2760272K->5968K(2775680K)] 7064671K->4310795K(8368128K), 0.0396890 secs] [Times: user=0.22 sys=0.03, real=0.04 secs] 
2011-02-12T11:24:33.120+0000: 39962.439: [GC
Desired survivor size 20512768 bytes, new threshold 1 (max 15)
 [PSYoungGen: 2760784K->6304K(2775296K)] 7065611K->4311667K(8367744K), 0.0405100 secs] [Times: user=0.21 sys=0.01, real=0.04 secs] 
2011-02-12T11:24:39.855+0000: 39969.174: [GC
Desired survivor size 22347776 bytes, new threshold 1 (max 15)
 [PSYoungGen: 2761120K->17088K(2772544K)] 7066483K->4322975K(8364992K), 0.0514270 secs] [Times: user=0.31 sys=0.01, real=0.05 secs] 
2011-02-12T11:24:46.571+0000: 39975.891: [GC
Desired survivor size 21692416 bytes, new threshold 1 (max 15)
 [PSYoungGen: 2769600K->11680K(2774336K)] 7075487K->4318039K(8366784K), 0.0449550 secs] [Times: user=0.26 sys=0.01, real=0.05 secs] 
2011-02-12T11:24:53.015+0000: 39982.335: [GC
Desired survivor size 21495808 bytes, new threshold 1 (max 15)
 [PSYoungGen: 2764192K->5152K(2775168K)] 7070551K->4311963K(8367616K), 0.0397290 secs] [Times: user=0.20 sys=0.01, real=0.04 secs] 
2011-02-12T11:24:59.753+0000: 39989.073: [GC
Desired survivor size 22609920 bytes, new threshold 1 (max 15)
 [PSYoungGen: 2759136K->15696K(2769728K)] 7065947K->4323027K(8362176K), 0.0526240 secs] [Times: user=0.31 sys=0.03, real=0.05 secs] 
2011-02-12T11:25:05.885+0000: 39995.205: [GC
Desired survivor size 23658496 bytes, new threshold 1 (max 15)
 [PSYoungGen: 2769680K->16395K(2772032K)] 7077011K->4324302K(8364480K), 0.0502650 secs] [Times: user=0.29 sys=0.02, real=0.05 secs] 
2011-02-12T11:25:12.114+0000: 40001.434: [GC
Desired survivor size 23461888 bytes, new threshold 1 (max 15)
 [PSYoungGen: 2766347K->13664K(2773056K)] 7074254K->4322459K(8365504K), 0.0478590 secs] [Times: user=0.27 sys=0.02, real=0.05 secs] 
2011-02-12T11:25:18.148+0000: 40007.468: [GC
Desired survivor size 22806528 bytes, new threshold 1 (max 15)
 [PSYoungGen: 2763616K->8128K(2773888K)] 7072411K->4317439K(8366336K), 0.0408860 secs] [Times: user=0.23 sys=0.01, real=0.05 secs] 
2011-02-12T11:25:24.181+0000: 40013.500: [GC
Desired survivor size 22085632 bytes, new threshold 1 (max 15)
 [PSYoungGen: 2759104K->12127K(2773248K)] 7068415K->4321919K(8365696K), 0.0471230 secs] [Times: user=0.26 sys=0.03, real=0.04 secs] 
2011-02-12T11:25:30.994+0000: 40020.313: [GC
Desired survivor size 22347776 bytes, new threshold 1 (max 15)
 [PSYoungGen: 2763103K->14688K(2774080K)] 7072895K->4324927K(8366528K), 0.0497560 secs] [Times: user=0.29 sys=0.00, real=0.05 secs] 
2011-02-12T11:25:37.193+0000: 40026.512: [GC
Desired survivor size 22347776 bytes, new threshold 1 (max 15)
 [PSYoungGen: 2767200K->5600K(2774336K)] 7077439K->4316291K(8366784K), 0.0377710 secs] [Times: user=0.20 sys=0.01, real=0.04 secs] 
2011-02-12T11:25:43.873+0000: 40033.193: [GC
Desired survivor size 22544384 bytes, new threshold 1 (max 15)
 [PSYoungGen: 2758112K->14432K(2773952K)] 7068803K->4325588K(8366400K), 0.0490190 secs] [Times: user=0.29 sys=0.00, real=0.05 secs] 
2011-02-12T11:25:50.645+0000: 40039.965: [GC
Desired survivor size 22085632 bytes, new threshold 1 (max 15)
 [PSYoungGen: 2766560K->12800K(2774144K)] 7077716K->4324459K(8366592K), 0.0487080 secs] [Times: user=0.26 sys=0.02, real=0.05 secs] 
2011-02-12T11:25:56.775+0000: 40046.095: [GC
Desired survivor size 22020096 bytes, new threshold 1 (max 15)
 [PSYoungGen: 2764928K->5571K(2774656K)] 7076587K->4317707K(8367104K), 0.0379880 secs] [Times: user=0.21 sys=0.01, real=0.04 secs] 
2011-02-12T11:26:02.624+0000: 40051.944: [GC
Desired survivor size 21692416 bytes, new threshold 1 (max 15)
 [PSYoungGen: 2758659K->6306K(2774592K)] 7070795K->4318969K(8367040K), 0.0384730 secs] [Times: user=0.21 sys=0.01, real=0.03 secs] 
2011-02-12T11:26:08.250+0000: 40057.570: [GC
Desired survivor size 21954560 bytes, new threshold 1 (max 15)
 [PSYoungGen: 2759394K->13968K(2774464K)] 7072057K->4327517K(8366912K), 0.0504020 secs] [Times: user=0.30 sys=0.01, real=0.05 secs] 
2011-02-12T11:26:14.929+0000: 40064.249: [GC
Desired survivor size 21168128 bytes, new threshold 1 (max 15)
 [PSYoungGen: 2767248K->11520K(2774720K)] 7080797K->4325629K(8367168K), 0.0503160 secs] [Times: user=0.25 sys=0.01, real=0.05 secs] 
2011-02-12T11:26:21.842+0000: 40071.162: [GC
Desired survivor size 20316160 bytes, new threshold 1 (max 15)
 [PSYoungGen: 2764800K->10176K(2776320K)] 7078909K->4324721K(8368768K), 0.0445970 secs] [Times: user=0.25 sys=0.01, real=0.05 secs] 
2011-02-12T11:26:28.452+0000: 40077.772: [GC
Desired survivor size 19922944 bytes, new threshold 1 (max 15)
 [PSYoungGen: 2765824K->7596K(2775488K)] 7080369K->4322611K(8367936K), 0.0411150 secs] [Times: user=0.23 sys=0.01, real=0.04 secs] 
2011-02-12T11:26:35.224+0000: 40084.543: [GC
Desired survivor size 19660800 bytes, new threshold 1 (max 15)
 [PSYoungGen: 2763244K->6486K(2776960K)] 7078259K->4321997K(8369408K), 0.0405810 secs] [Times: user=0.21 sys=0.03, real=0.04 secs] 
2011-02-12T11:26:42.330+0000: 40091.649: [GC
Desired survivor size 19005440 bytes, new threshold 1 (max 15)
 [PSYoungGen: 2763990K->10672K(2776704K)] 7079501K->4326573K(8369152K), 0.0450020 secs] [Times: user=0.24 sys=0.02, real=0.04 secs] 
2011-02-12T11:26:49.283+0000: 40098.603: [GC
Desired survivor size 18415616 bytes, new threshold 1 (max 15)
 [PSYoungGen: 2768176K->10816K(2778176K)] 7084077K->4327295K(8370624K), 0.0468260 secs] [Times: user=0.25 sys=0.01, real=0.05 secs] 
2011-02-12T11:26:56.390+0000: 40105.709: [GC
Desired survivor size 18350080 bytes, new threshold 1 (max 15)
 [PSYoungGen: 2770432K->12192K(2777600K)] 7086911K->4328999K(8370048K), 0.0449000 secs] [Times: user=0.27 sys=0.01, real=0.05 secs] 
2011-02-12T11:27:02.893+0000: 40112.213: [GC
Desired survivor size 18087936 bytes, new threshold 1 (max 15)
 [PSYoungGen: 2771808K->7626K(2778496K)] 7088615K->4324897K(8370944K), 0.0428310 secs] [Times: user=0.23 sys=0.02, real=0.04 secs] 
2011-02-12T11:27:09.341+0000: 40118.661: [GC
Desired survivor size 18808832 bytes, new threshold 1 (max 15)
 [PSYoungGen: 2768202K->14112K(2774720K)] 7085473K->4332233K(8367168K), 0.0486520 secs] [Times: user=0.29 sys=0.03, real=0.05 secs] 
2011-02-12T11:27:15.971+0000: 40125.291: [GC
Desired survivor size 18219008 bytes, new threshold 1 (max 15)
 [PSYoungGen: 2774688K->9296K(2778368K)] 7092809K->4328137K(8370816K), 0.0440050 secs] [Times: user=0.25 sys=0.01, real=0.05 secs] 
2011-02-12T11:27:22.730+0000: 40132.049: [GC
Desired survivor size 18022400 bytes, new threshold 1 (max 15)
 [PSYoungGen: 2769296K->7200K(2777792K)] 7088137K->4326545K(8370240K), 0.0422430 secs] [Times: user=0.22 sys=0.01, real=0.04 secs] 
2011-02-12T11:27:29.363+0000: 40138.683: [GC
Desired survivor size 20643840 bytes, new threshold 1 (max 15)
 [PSYoungGen: 2767200K->17600K(2773440K)] 7086545K->4338275K(8365888K), 0.0518590 secs] [Times: user=0.32 sys=0.01, real=0.06 secs] 
2011-02-12T11:27:35.475+0000: 40144.795: [GC
Desired survivor size 20709376 bytes, new threshold 1 (max 15)
 [PSYoungGen: 2773440K->4928K(2760768K)] 7094115K->4326123K(8353216K), 0.0368060 secs] [Times: user=0.20 sys=0.02, real=0.03 secs] 
2011-02-12T11:27:42.275+0000: 40151.595: [GC
Desired survivor size 21626880 bytes, new threshold 1 (max 15)
 [PSYoungGen: 2760768K->15344K(2774144K)] 7081963K->4336995K(8366592K), 0.0511910 secs] [Times: user=0.28 sys=0.02, real=0.06 secs] 
2011-02-12T11:27:48.606+0000: 40157.925: [GC
Desired survivor size 20971520 bytes, new threshold 1 (max 15)
 [PSYoungGen: 2769264K->8608K(2775040K)] 7090915K->4330747K(8367488K), 0.0445480 secs] [Times: user=0.24 sys=0.02, real=0.05 secs] 
2011-02-12T11:27:54.901+0000: 40164.221: [GC
Desired survivor size 20381696 bytes, new threshold 1 (max 15)
 [PSYoungGen: 2762528K->11808K(2776256K)] 7084667K->4334407K(8368704K), 0.0481820 secs] [Times: user=0.27 sys=0.03, real=0.05 secs] 
2011-02-12T11:28:01.451+0000: 40170.771: [GC
Desired survivor size 19791872 bytes, new threshold 1 (max 15)
 [PSYoungGen: 2767584K->8914K(2775680K)] 7090183K->4331985K(8368128K), 0.0409150 secs] [Times: user=0.23 sys=0.03, real=0.04 secs] 
2011-02-12T11:28:07.536+0000: 40176.855: [GC
Desired survivor size 20054016 bytes, new threshold 1 (max 15)
 [PSYoungGen: 2764690K->13583K(2776320K)] 7087761K->4337429K(8368768K), 0.0470860 secs] [Times: user=0.28 sys=0.02, real=0.05 secs] 
2011-02-12T11:28:13.327+0000: 40182.647: [GC
Desired survivor size 19398656 bytes, new threshold 1 (max 15)
 [PSYoungGen: 2770575K->11584K(2776576K)] 7094421K->4336262K(8369024K), 0.0441310 secs] [Times: user=0.25 sys=0.00, real=0.05 secs] 
2011-02-12T11:28:19.423+0000: 40188.743: [GC
Desired survivor size 19070976 bytes, new threshold 1 (max 15)
 [PSYoungGen: 2768576K->12192K(2777536K)] 7093254K->4337366K(8369984K), 0.0500240 secs] [Times: user=0.26 sys=0.01, real=0.05 secs] 
2011-02-12T11:28:25.842+0000: 40195.162: [GC
Desired survivor size 19464192 bytes, new threshold 1 (max 15)
 [PSYoungGen: 2770784K->4288K(2762880K)] 7095958K->4329894K(8355328K), 0.0362240 secs] [Times: user=0.21 sys=0.00, real=0.03 secs] 
2011-02-12T11:28:32.258+0000: 40201.578: [GC
Desired survivor size 18743296 bytes, new threshold 1 (max 15)
 [PSYoungGen: 2762880K->10720K(2777856K)] 7088486K->4336734K(8370304K), 0.0467350 secs] [Times: user=0.25 sys=0.01, real=0.05 secs] 
2011-02-12T11:28:38.851+0000: 40208.170: [GC
Desired survivor size 18808832 bytes, new threshold 1 (max 15)
 [PSYoungGen: 2769568K->5216K(2777152K)] 7095582K->4331686K(8369600K), 0.0370000 secs] [Times: user=0.20 sys=0.02, real=0.04 secs] 
2011-02-12T11:28:45.079+0000: 40214.399: [GC
Desired survivor size 18481152 bytes, new threshold 1 (max 15)
 [PSYoungGen: 2764064K->7008K(2778112K)] 7090534K->4333926K(8370560K), 0.0403010 secs] [Times: user=0.22 sys=0.01, real=0.04 secs] 
2011-02-12T11:28:51.995+0000: 40221.315: [GC
Desired survivor size 17694720 bytes, new threshold 1 (max 15)
 [PSYoungGen: 2766752K->9100K(2777792K)] 7093670K->4336514K(8370240K), 0.0431870 secs] [Times: user=0.22 sys=0.01, real=0.04 secs] 
2011-02-12T11:28:58.955+0000: 40228.275: [GC
Desired survivor size 17432576 bytes, new threshold 1 (max 15)
 [PSYoungGen: 2768844K->6688K(2779136K)] 7096258K->4334594K(8371584K), 0.0390490 secs] [Times: user=0.21 sys=0.01, real=0.03 secs] 
2011-02-12T11:29:05.708+0000: 40235.027: [GC
Desired survivor size 17432576 bytes, new threshold 1 (max 15)
 [PSYoungGen: 2768544K->4490K(2778880K)] 7096450K->4333113K(8371328K), 0.0384540 secs] [Times: user=0.19 sys=0.02, real=0.04 secs] 
2011-02-12T11:29:12.715+0000: 40242.035: [GC
Desired survivor size 16646144 bytes, new threshold 1 (max 15)
 [PSYoungGen: 2766346K->8591K(2779904K)] 7094969K->4338020K(8372352K), 0.0445640 secs] [Times: user=0.24 sys=0.02, real=0.05 secs] 
2011-02-12T11:29:19.551+0000: 40248.871: [GC
Desired survivor size 17694720 bytes, new threshold 1 (max 15)
 [PSYoungGen: 2771471K->13580K(2776512K)] 7100900K->4343791K(8368960K), 0.0495430 secs] [Times: user=0.28 sys=0.01, real=0.05 secs] 
2011-02-12T11:29:26.884+0000: 40256.203: [GC
Desired survivor size 17301504 bytes, new threshold 1 (max 15)
 [PSYoungGen: 2776460K->6976K(2779264K)] 7106671K->4337719K(8371712K), 0.0398550 secs] [Times: user=0.22 sys=0.01, real=0.04 secs] 
2011-02-12T11:29:33.870+0000: 40263.189: [GC
Desired survivor size 17301504 bytes, new threshold 1 (max 15)
 [PSYoungGen: 2768960K->4288K(2778880K)] 7099703K->4335537K(8371328K), 0.0334110 secs] [Times: user=0.19 sys=0.01, real=0.03 secs] 
2011-02-12T11:29:40.484+0000: 40269.803: [GC
Desired survivor size 18874368 bytes, new threshold 1 (max 15)
 [PSYoungGen: 2766272K->15008K(2776192K)] 7097521K->4346749K(8368640K), 0.0476720 secs] [Times: user=0.29 sys=0.01, real=0.05 secs] 
2011-02-12T11:29:47.337+0000: 40276.656: [GC
Desired survivor size 19398656 bytes, new threshold 1 (max 15)
 [PSYoungGen: 2774304K->12928K(2772224K)] 7106045K->4345165K(8364672K), 0.0472090 secs] [Times: user=0.25 sys=0.02, real=0.05 secs] 
2011-02-12T11:29:53.388+0000: 40282.707: [GC
Desired survivor size 20185088 bytes, new threshold 1 (max 15)
 [PSYoungGen: 2772224K->14208K(2775680K)] 7104461K->4346945K(8368128K), 0.0499650 secs] [Times: user=0.26 sys=0.02, real=0.05 secs] 
2011-02-12T11:29:59.976+0000: 40289.296: [GC
Desired survivor size 19333120 bytes, new threshold 1 (max 15)
 [PSYoungGen: 2770944K->10352K(2776448K)] 7103681K->4343561K(8368896K), 0.0452810 secs] [Times: user=0.25 sys=0.02, real=0.04 secs] 
2011-02-12T11:30:05.736+0000: 40295.056: [GC
Desired survivor size 18612224 bytes, new threshold 1 (max 15)
 [PSYoungGen: 2767088K->8890K(2777984K)] 7100297K->4342691K(8370432K), 0.0454350 secs] [Times: user=0.23 sys=0.01, real=0.04 secs] 
2011-02-12T11:30:11.583+0000: 40300.903: [GC
Desired survivor size 18219008 bytes, new threshold 1 (max 15)
 [PSYoungGen: 2767994K->7232K(2777280K)] 7101795K->4341967K(8369728K), 0.0413500 secs] [Times: user=0.22 sys=0.02, real=0.05 secs] 
2011-02-12T11:30:17.663+0000: 40306.983: [GC
Desired survivor size 17760256 bytes, new threshold 1 (max 15)
 [PSYoungGen: 2766336K->10560K(2778816K)] 7101071K->4345811K(8371264K), 0.0434400 secs] [Times: user=0.25 sys=0.01, real=0.05 secs] 
2011-02-12T11:30:24.020+0000: 40313.339: [GC
Desired survivor size 19595264 bytes, new threshold 1 (max 15)
 [PSYoungGen: 2771584K->16608K(2777664K)] 7106835K->4352335K(8370112K), 0.0510970 secs] [Times: user=0.30 sys=0.01, real=0.05 secs] 
2011-02-12T11:30:30.166+0000: 40319.485: [GC
Desired survivor size 19660800 bytes, new threshold 1 (max 15)
 [PSYoungGen: 2777632K->4704K(2776256K)] 7113359K->4340867K(8368704K), 0.0378730 secs] [Times: user=0.20 sys=0.01, real=0.04 secs] 
2011-02-12T11:30:36.771+0000: 40326.090: [GC
Desired survivor size 20643840 bytes, new threshold 1 (max 15)
 [PSYoungGen: 2762464K->14848K(2772608K)] 7098627K->4351515K(8365056K), 0.0485490 secs] [Times: user=0.30 sys=0.01, real=0.05 secs] 
2011-02-12T11:30:43.385+0000: 40332.705: [GC
Desired survivor size 20381696 bytes, new threshold 1 (max 15)
 [PSYoungGen: 2772608K->12416K(2776256K)] 7109275K->4349555K(8368704K), 0.0460310 secs] [Times: user=0.28 sys=0.02, real=0.05 secs] 
2011-02-12T11:30:50.005+0000: 40339.324: [GC
Desired survivor size 20185088 bytes, new threshold 1 (max 15)
 [PSYoungGen: 2768512K->6206K(2776000K)] 7105651K->4343854K(8368448K), 0.0414380 secs] [Times: user=0.21 sys=0.01, real=0.04 secs] 
2011-02-12T11:30:56.304+0000: 40345.624: [GC
Desired survivor size 20774912 bytes, new threshold 1 (max 15)
 [PSYoungGen: 2762302K->14198K(2775296K)] 7099950K->4352318K(8367744K), 0.0482130 secs] [Times: user=0.28 sys=0.01, real=0.05 secs] 
2011-02-12T11:31:02.478+0000: 40351.798: [GC
Desired survivor size 22216704 bytes, new threshold 1 (max 15)
 [PSYoungGen: 2769782K->16922K(2772544K)] 7107902K->4355532K(8364992K), 0.0527920 secs] [Times: user=0.31 sys=0.03, real=0.06 secs] 
2011-02-12T11:31:08.269+0000: 40357.589: [GC
Desired survivor size 22806528 bytes, new threshold 1 (max 15)
 [PSYoungGen: 2772506K->15664K(2773312K)] 7111116K->4355276K(8365760K), 0.0526670 secs] [Times: user=0.29 sys=0.02, real=0.06 secs] 
2011-02-12T11:31:14.241+0000: 40363.561: [GC
Desired survivor size 23068672 bytes, new threshold 1 (max 15)
 [PSYoungGen: 2767280K->15184K(2766848K)] 7106892K->4355396K(8359296K), 0.0532950 secs] [Times: user=0.28 sys=0.01, real=0.06 secs] 
2011-02-12T11:31:20.387+0000: 40369.707: [GC
Desired survivor size 24444928 bytes, new threshold 1 (max 15)
 [PSYoungGen: 2766800K->18368K(2770944K)] 7107012K->4359164K(8363392K), 0.0548350 secs] [Times: user=0.31 sys=0.02, real=0.06 secs] 
2011-02-12T11:31:26.756+0000: 40376.076: [GC
Desired survivor size 23724032 bytes, new threshold 1 (max 15)
 [PSYoungGen: 2766784K->9888K(2772288K)] 7107580K->4351132K(8364736K), 0.0436410 secs] [Times: user=0.24 sys=0.01, real=0.04 secs] 
2011-02-12T11:31:32.821+0000: 40382.141: [GC
Desired survivor size 22806528 bytes, new threshold 1 (max 15)
 [PSYoungGen: 2758304K->11264K(2773888K)] 7099548K->4353004K(8366336K), 0.0442220 secs] [Times: user=0.27 sys=0.01, real=0.05 secs] 
2011-02-12T11:31:39.046+0000: 40388.366: [GC
Desired survivor size 24051712 bytes, new threshold 1 (max 15)
 [PSYoungGen: 2761984K->18144K(2768896K)] 7103724K->4360344K(8361344K), 0.0536830 secs] [Times: user=0.31 sys=0.01, real=0.05 secs] 
2011-02-12T11:31:44.817+0000: 40394.136: [GC
Desired survivor size 23527424 bytes, new threshold 1 (max 15)
 [PSYoungGen: 2768864K->14304K(2773184K)] 7111064K->4357000K(8365632K), 0.0486880 secs] [Times: user=0.30 sys=0.01, real=0.05 secs] 
2011-02-12T11:31:50.513+0000: 40399.833: [GC
Desired survivor size 23068672 bytes, new threshold 1 (max 15)
 [PSYoungGen: 2764000K->9512K(2772672K)] 7106696K->4352673K(8365120K), 0.0421710 secs] [Times: user=0.24 sys=0.01, real=0.04 secs] 
2011-02-12T11:31:56.377+0000: 40405.697: [GC
Desired survivor size 22740992 bytes, new threshold 1 (max 15)
 [PSYoungGen: 2759208K->8832K(2773952K)] 7102369K->4352408K(8366400K), 0.0448950 secs] [Times: user=0.24 sys=0.02, real=0.05 secs] 
2011-02-12T11:32:02.229+0000: 40411.549: [GC
Desired survivor size 21954560 bytes, new threshold 1 (max 15)
 [PSYoungGen: 2760256K->12842K(2773632K)] 7103832K->4356866K(8366080K), 0.0473780 secs] [Times: user=0.25 sys=0.02, real=0.04 secs] 
2011-02-12T11:32:08.138+0000: 40417.458: [GC
Desired survivor size 22478848 bytes, new threshold 1 (max 15)
 [PSYoungGen: 2764266K->4016K(2773696K)] 7108290K->4348734K(8366144K), 0.0366880 secs] [Times: user=0.21 sys=0.01, real=0.04 secs] 
2011-02-12T11:32:14.456+0000: 40423.776: [GC
Desired survivor size 22020096 bytes, new threshold 1 (max 15)
 [PSYoungGen: 2756272K->7916K(2774208K)] 7100990K->4353279K(8366656K), 0.0418860 secs] [Times: user=0.23 sys=0.01, real=0.04 secs] 
2011-02-12T11:32:20.736+0000: 40430.055: [GC
Desired survivor size 21823488 bytes, new threshold 1 (max 15)
 [PSYoungGen: 2760172K->13472K(2774848K)] 7105535K->4359379K(8367296K), 0.0535040 secs] [Times: user=0.24 sys=0.01, real=0.05 secs] 
2011-02-12T11:32:26.807+0000: 40436.127: [GC
Desired survivor size 20905984 bytes, new threshold 1 (max 15)
 [PSYoungGen: 2766816K->10880K(2774656K)] 7112723K->4357267K(8367104K), 0.0493410 secs] [Times: user=0.26 sys=0.02, real=0.05 secs] 
2011-02-12T11:32:33.416+0000: 40442.736: [GC
Desired survivor size 20512768 bytes, new threshold 1 (max 15)
 [PSYoungGen: 2764224K->8448K(2776128K)] 7110611K->4355235K(8368576K), 0.0443730 secs] [Times: user=0.22 sys=0.01, real=0.04 secs] 
2011-02-12T11:32:40.115+0000: 40449.435: [GC
Desired survivor size 20643840 bytes, new threshold 1 (max 15)
 [PSYoungGen: 2764160K->4992K(2775744K)] 7110947K->4352239K(8368192K), 0.0398130 secs] [Times: user=0.21 sys=0.02, real=0.04 secs] 
2011-02-12T11:32:46.588+0000: 40455.908: [GC
Desired survivor size 21037056 bytes, new threshold 1 (max 15)
 [PSYoungGen: 2760704K->14144K(2775232K)] 7107951K->4361871K(8367680K), 0.0480980 secs] [Times: user=0.29 sys=0.01, real=0.05 secs] 
2011-02-12T11:32:53.177+0000: 40462.497: [GC
Desired survivor size 20054016 bytes, new threshold 1 (max 15)
 [PSYoungGen: 2769216K->10912K(2775616K)] 7116943K->4359103K(8368064K), 0.0443770 secs] [Times: user=0.26 sys=0.02, real=0.04 secs] 
2011-02-12T11:32:59.368+0000: 40468.688: [GC
Desired survivor size 20185088 bytes, new threshold 1 (max 15)
 [PSYoungGen: 2765984K->13424K(2776320K)] 7114175K->4362115K(8368768K), 0.0482640 secs] [Times: user=0.26 sys=0.01, real=0.05 secs] 
2011-02-12T11:33:05.269+0000: 40474.588: [GC
Desired survivor size 21430272 bytes, new threshold 1 (max 15)
 [PSYoungGen: 2770160K->16713K(2773504K)] 7118851K->4365949K(8365952K), 0.0502630 secs] [Times: user=0.30 sys=0.02, real=0.05 secs] 
2011-02-12T11:33:11.881+0000: 40481.201: [GC
Desired survivor size 20709376 bytes, new threshold 1 (max 15)
 [PSYoungGen: 2773449K->10256K(2775936K)] 7122685K->4360361K(8368384K), 0.0466780 secs] [Times: user=0.26 sys=0.02, real=0.05 secs] 
2011-02-12T11:33:18.491+0000: 40487.811: [GC
Desired survivor size 21037056 bytes, new threshold 1 (max 15)
 [PSYoungGen: 2765264K->4608K(2775232K)] 7115369K->4355345K(8367680K), 0.0382790 secs] [Times: user=0.21 sys=0.01, real=0.04 secs] 
2011-02-12T11:33:25.086+0000: 40494.406: [GC
Desired survivor size 21037056 bytes, new threshold 1 (max 15)
 [PSYoungGen: 2759616K->13472K(2775616K)] 7110353K->4364709K(8368064K), 0.0463810 secs] [Times: user=0.28 sys=0.02, real=0.05 secs] 
2011-02-12T11:33:31.635+0000: 40500.954: [GC
Desired survivor size 20578304 bytes, new threshold 1 (max 15)
 [PSYoungGen: 2768544K->8064K(2775616K)] 7119781K->4359797K(8368064K), 0.0400560 secs] [Times: user=0.23 sys=0.01, real=0.04 secs] 
2011-02-12T11:33:38.173+0000: 40507.493: [GC
Desired survivor size 22151168 bytes, new threshold 1 (max 15)
 [PSYoungGen: 2763136K->17312K(2772992K)] 7114869K->4369549K(8365440K), 0.0518000 secs] [Times: user=0.31 sys=0.02, real=0.05 secs] 
2011-02-12T11:33:44.668+0000: 40513.988: [GC
Desired survivor size 21299200 bytes, new threshold 1 (max 15)
 [PSYoungGen: 2770208K->10400K(2774528K)] 7122445K->4363093K(8366976K), 0.0445620 secs] [Times: user=0.25 sys=0.00, real=0.05 secs] 
2011-02-12T11:33:51.332+0000: 40520.652: [GC
Desired survivor size 21889024 bytes, new threshold 1 (max 15)
 [PSYoungGen: 2763296K->15512K(2774208K)] 7115989K->4368701K(8366656K), 0.0499920 secs] [Times: user=0.28 sys=0.01, real=0.05 secs] 
2011-02-12T11:33:58.065+0000: 40527.384: [GC
Desired survivor size 20971520 bytes, new threshold 1 (max 15)
 [PSYoungGen: 2768920K->11552K(2774784K)] 7122109K->4365317K(8367232K), 0.0445320 secs] [Times: user=0.24 sys=0.02, real=0.04 secs] 
2011-02-12T11:34:04.550+0000: 40533.869: [GC
Desired survivor size 20774912 bytes, new threshold 1 (max 15)
 [PSYoungGen: 2764959K->7514K(2775872K)] 7118725K->4361827K(8368320K), 0.0402420 secs] [Times: user=0.21 sys=0.02, real=0.04 secs] 
2011-02-12T11:34:10.450+0000: 40539.770: [GC
Desired survivor size 20578304 bytes, new threshold 1 (max 15)
 [PSYoungGen: 2762906K->7248K(2775680K)] 7117219K->4362479K(8368128K), 0.0429750 secs] [Times: user=0.22 sys=0.01, real=0.05 secs] 
2011-02-12T11:34:17.127+0000: 40546.447: [GC
Desired survivor size 21299200 bytes, new threshold 1 (max 15)
 [PSYoungGen: 2762640K->15328K(2774656K)] 7117871K->4371147K(8367104K), 0.0529770 secs] [Times: user=0.28 sys=0.02, real=0.05 secs] 
2011-02-12T11:34:23.604+0000: 40552.924: [GC
Desired survivor size 22413312 bytes, new threshold 1 (max 15)
 [PSYoungGen: 2769888K->16864K(2771456K)] 7125707K->4373203K(8363904K), 0.0529570 secs] [Times: user=0.30 sys=0.00, real=0.06 secs] 
2011-02-12T11:34:30.244+0000: 40559.564: [GC
Desired survivor size 21692416 bytes, new threshold 1 (max 15)
 [PSYoungGen: 2771424K->12591K(2774976K)] 7127763K->4369466K(8367424K), 0.0462340 secs] [Times: user=0.27 sys=0.00, real=0.05 secs] 
2011-02-12T11:34:37.040+0000: 40566.360: [GC
Desired survivor size 20840448 bytes, new threshold 1 (max 15)
 [PSYoungGen: 2765679K->11232K(2774272K)] 7122554K->4368695K(8366720K), 0.0440530 secs] [Times: user=0.26 sys=0.01, real=0.04 secs] 
2011-02-12T11:34:43.565+0000: 40572.884: [GC
Desired survivor size 21037056 bytes, new threshold 1 (max 15)
 [PSYoungGen: 2764320K->5824K(2775424K)] 7121783K->4363759K(8367872K), 0.0407360 secs] [Times: user=0.21 sys=0.03, real=0.04 secs] 
2011-02-12T11:34:50.166+0000: 40579.486: [GC
Desired survivor size 21364736 bytes, new threshold 1 (max 15)
 [PSYoungGen: 2760896K->14656K(2769728K)] 7118831K->4373087K(8362176K), 0.0508590 secs] [Times: user=0.28 sys=0.01, real=0.05 secs] 
2011-02-12T11:34:56.722+0000: 40586.042: [GC
Desired survivor size 20774912 bytes, new threshold 1 (max 15)
 [PSYoungGen: 2769728K->9760K(2775872K)] 7128159K->4368673K(8368320K), 0.0455340 secs] [Times: user=0.25 sys=0.01, real=0.04 secs] 
2011-02-12T11:35:02.569+0000: 40591.889: [GC
Desired survivor size 20185088 bytes, new threshold 1 (max 15)
 [PSYoungGen: 2764768K->9545K(2775296K)] 7123681K->4369019K(8367744K), 0.0474730 secs] [Times: user=0.24 sys=0.02, real=0.05 secs] 
2011-02-12T11:35:07.744+0000: 40597.064: [GC
Desired survivor size 21102592 bytes, new threshold 1 (max 15)
 [PSYoungGen: 2764553K->15938K(2774656K)] 7124027K->4376233K(8367104K), 0.0513110 secs] [Times: user=0.30 sys=0.02, real=0.05 secs] 
2011-02-12T11:35:13.801+0000: 40603.120: [GC
Desired survivor size 21364736 bytes, new threshold 1 (max 15)
 [PSYoungGen: 2770882K->14752K(2769728K)] 7131177K->4376025K(8362176K), 0.0502720 secs] [Times: user=0.29 sys=0.02, real=0.06 secs] 
2011-02-12T11:35:19.795+0000: 40609.115: [GC
Desired survivor size 22085632 bytes, new threshold 1 (max 15)
 [PSYoungGen: 2769696K->16288K(2773888K)] 7130969K->4378081K(8366336K), 0.0549280 secs] [Times: user=0.32 sys=0.03, real=0.05 secs] 
2011-02-12T11:35:26.305+0000: 40615.625: [GC
Desired survivor size 22085632 bytes, new threshold 1 (max 15)
 [PSYoungGen: 2769312K->6976K(2774592K)] 7131105K->4369217K(8367040K), 0.0415910 secs] [Times: user=0.22 sys=0.02, real=0.04 secs] 
2011-02-12T11:35:32.868+0000: 40622.187: [GC
Desired survivor size 23199744 bytes, new threshold 1 (max 15)
 [PSYoungGen: 2760000K->17412K(2772416K)] 7122241K->4380286K(8364864K), 0.0549780 secs] [Times: user=0.28 sys=0.01, real=0.05 secs] 
2011-02-12T11:35:38.920+0000: 40628.240: [GC
Desired survivor size 23265280 bytes, new threshold 1 (max 15)
 [PSYoungGen: 2768260K->6208K(2757056K)] 7131134K->4369650K(8349504K), 0.0412230 secs] [Times: user=0.21 sys=0.00, real=0.04 secs] 
2011-02-12T11:35:45.366+0000: 40634.685: [GC
Desired survivor size 22216704 bytes, new threshold 1 (max 15)
 [PSYoungGen: 2757056K->11200K(2774464K)] 7120498K->4375102K(8366912K), 0.0453630 secs] [Times: user=0.26 sys=0.01, real=0.04 secs] 
2011-02-12T11:35:51.853+0000: 40641.173: [GC
Desired survivor size 22609920 bytes, new threshold 1 (max 15)
 [PSYoungGen: 2762944K->3840K(2773440K)] 7126846K->4368198K(8365888K), 0.0378310 secs] [Times: user=0.20 sys=0.01, real=0.04 secs] 
2011-02-12T11:35:58.288+0000: 40647.608: [GC
Desired survivor size 21561344 bytes, new threshold 1 (max 15)
 [PSYoungGen: 2755581K->11280K(2775104K)] 7119940K->4376110K(8367552K), 0.0474530 secs] [Times: user=0.25 sys=0.02, real=0.04 secs] 
2011-02-12T11:36:03.918+0000: 40653.238: [GC
Desired survivor size 21168128 bytes, new threshold 1 (max 15)
 [PSYoungGen: 2764304K->7542K(2774080K)] 7129134K->4373017K(8366528K), 0.0426340 secs] [Times: user=0.20 sys=0.02, real=0.04 secs] 
2011-02-12T11:36:09.795+0000: 40659.115: [GC
Desired survivor size 21037056 bytes, new threshold 1 (max 15)
 [PSYoungGen: 2760566K->5616K(2775616K)] 7126041K->4372029K(8368064K), 0.0398650 secs] [Times: user=0.20 sys=0.02, real=0.04 secs] 
2011-02-12T11:36:15.961+0000: 40665.280: [GC
Desired survivor size 20512768 bytes, new threshold 1 (max 15)
 [PSYoungGen: 2760560K->7104K(2775488K)] 7126973K->4374165K(8367936K), 0.0424940 secs] [Times: user=0.22 sys=0.02, real=0.04 secs] 
2011-02-12T11:36:21.999+0000: 40671.319: [GC
Desired survivor size 21299200 bytes, new threshold 1 (max 15)
 [PSYoungGen: 2762048K->14734K(2774592K)] 7129109K->4382291K(8367040K), 0.0492060 secs] [Times: user=0.29 sys=0.01, real=0.04 secs] 
2011-02-12T11:36:27.342+0000: 40676.662: [GC
Desired survivor size 21037056 bytes, new threshold 1 (max 15)
 [PSYoungGen: 2769294K->5846K(2775360K)] 7136851K->4373876K(8367808K), 0.0394680 secs] [Times: user=0.20 sys=0.02, real=0.04 secs] 
2011-02-12T11:36:33.390+0000: 40682.710: [GC
Desired survivor size 19988480 bytes, new threshold 1 (max 15)
 [PSYoungGen: 2760406K->9504K(2776640K)] 7128436K->4377948K(8369088K), 0.0445400 secs] [Times: user=0.24 sys=0.01, real=0.05 secs] 
2011-02-12T11:36:39.680+0000: 40688.999: [GC
Desired survivor size 20447232 bytes, new threshold 1 (max 15)
 [PSYoungGen: 2765600K->13574K(2775616K)] 7134044K->4382454K(8368064K), 0.0493140 secs] [Times: user=0.28 sys=0.01, real=0.05 secs] 
2011-02-12T11:36:46.472+0000: 40695.792: [GC
Desired survivor size 19529728 bytes, new threshold 1 (max 15)
 [PSYoungGen: 2769670K->9792K(2777088K)] 7138550K->4379120K(8369536K), 0.0460410 secs] [Times: user=0.24 sys=0.01, real=0.04 secs] 
2011-02-12T11:36:53.395+0000: 40702.715: [GC
Desired survivor size 19791872 bytes, new threshold 1 (max 15)
 [PSYoungGen: 2766912K->13283K(2776192K)] 7136240K->4383011K(8368640K), 0.0501970 secs] [Times: user=0.26 sys=0.02, real=0.05 secs] 
2011-02-12T11:36:59.771+0000: 40709.091: [GC
Desired survivor size 19922944 bytes, new threshold 1 (max 15)
 [PSYoungGen: 2770403K->4640K(2776576K)] 7140131K->4374971K(8369024K), 0.0366940 secs] [Times: user=0.20 sys=0.01, real=0.04 secs] 
2011-02-12T11:37:06.011+0000: 40715.331: [GC
Desired survivor size 19333120 bytes, new threshold 1 (max 15)
 [PSYoungGen: 2761888K->10986K(2776704K)] 7132219K->4382001K(8369152K), 0.0439690 secs] [Times: user=0.25 sys=0.01, real=0.05 secs] 
2011-02-12T11:37:12.662+0000: 40721.981: [GC
Desired survivor size 19070976 bytes, new threshold 1 (max 15)
 [PSYoungGen: 2768234K->6476K(2777536K)] 7139249K->4378466K(8369984K), 0.0394510 secs] [Times: user=0.21 sys=0.02, real=0.04 secs] 
2011-02-12T11:37:19.207+0000: 40728.527: [GC
Desired survivor size 19726336 bytes, new threshold 1 (max 15)
 [PSYoungGen: 2765132K->13856K(2772544K)] 7137122K->4386498K(8364992K), 0.0486250 secs] [Times: user=0.28 sys=0.02, real=0.05 secs] 
2011-02-12T11:37:25.636+0000: 40734.956: [GC
Desired survivor size 19398656 bytes, new threshold 1 (max 15)
 [PSYoungGen: 2772512K->6368K(2777216K)] 7145154K->4379514K(8369664K), 0.0397460 secs] [Times: user=0.22 sys=0.02, real=0.04 secs] 
2011-02-12T11:37:32.087+0000: 40741.407: [GC
Desired survivor size 20774912 bytes, new threshold 1 (max 15)
 [PSYoungGen: 2764320K->15776K(2773760K)] 7137466K->4389458K(8366208K), 0.0527210 secs] [Times: user=0.29 sys=0.01, real=0.06 secs] 
2011-02-12T11:37:38.647+0000: 40747.967: [GC
Desired survivor size 19922944 bytes, new threshold 1 (max 15)
 [PSYoungGen: 2773728K->10688K(2776704K)] 7147410K->4384830K(8369152K), 0.0441320 secs] [Times: user=0.26 sys=0.01, real=0.05 secs] 
2011-02-12T11:37:45.126+0000: 40754.445: [GC
Desired survivor size 20185088 bytes, new threshold 1 (max 15)
 [PSYoungGen: 2767104K->3488K(2775872K)] 7141246K->4378138K(8368320K), 0.0322240 secs] [Times: user=0.20 sys=0.02, real=0.03 secs] 
2011-02-12T11:37:51.666+0000: 40760.986: [GC
Desired survivor size 20119552 bytes, new threshold 1 (max 15)
 [PSYoungGen: 2759904K->12160K(2776512K)] 7134554K->4387258K(8368960K), 0.0486390 secs] [Times: user=0.26 sys=0.01, real=0.05 secs] 
2011-02-12T11:37:57.926+0000: 40767.246: [GC
Desired survivor size 20578304 bytes, new threshold 1 (max 15)
 [PSYoungGen: 2768960K->13776K(2770624K)] 7144058K->4389358K(8363072K), 0.0481580 secs] [Times: user=0.27 sys=0.02, real=0.05 secs] 
2011-02-12T11:38:04.373+0000: 40773.692: [GC
Desired survivor size 19660800 bytes, new threshold 1 (max 15)
 [PSYoungGen: 2770576K->10537K(2776960K)] 7146158K->4386608K(8369408K), 0.0435380 secs] [Times: user=0.24 sys=0.02, real=0.04 secs] 
2011-02-12T11:38:11.093+0000: 40780.412: [GC
Desired survivor size 19202048 bytes, new threshold 1 (max 15)
 [PSYoungGen: 2767401K->7808K(2776064K)] 7143472K->4384740K(8368512K), 0.0420960 secs] [Times: user=0.24 sys=0.02, real=0.05 secs] 
2011-02-12T11:38:17.429+0000: 40786.748: [GC
Desired survivor size 20774912 bytes, new threshold 1 (max 15)
 [PSYoungGen: 2764672K->16640K(2774336K)] 7141604K->4394228K(8366784K), 0.0524920 secs] [Times: user=0.30 sys=0.02, real=0.05 secs] 
2011-02-12T11:38:23.990+0000: 40793.310: [GC
Desired survivor size 22544384 bytes, new threshold 1 (max 15)
 [PSYoungGen: 2772224K->17900K(2773504K)] 7149812K->4395912K(8365952K), 0.0558520 secs] [Times: user=0.30 sys=0.02, real=0.06 secs] 
2011-02-12T11:38:30.264+0000: 40799.584: [GC
Desired survivor size 22216704 bytes, new threshold 1 (max 15)
 [PSYoungGen: 2773484K->7200K(2774464K)] 7151496K->4385804K(8366912K), 0.0435830 secs] [Times: user=0.23 sys=0.01, real=0.05 secs] 
2011-02-12T11:38:36.905+0000: 40806.225: [GC
Desired survivor size 23003136 bytes, new threshold 1 (max 15)
 [PSYoungGen: 2759648K->15967K(2768448K)] 7138252K->4395052K(8360896K), 0.0492740 secs] [Times: user=0.30 sys=0.01, real=0.05 secs] 
2011-02-12T11:38:43.415+0000: 40812.735: [GC
Desired survivor size 22085632 bytes, new threshold 1 (max 15)
 [PSYoungGen: 2768415K->12063K(2774592K)] 7147500K->4391612K(8367040K), 0.0446930 secs] [Times: user=0.26 sys=0.02, real=0.05 secs] 
2011-02-12T11:38:50.474+0000: 40819.794: [GC
Desired survivor size 22151168 bytes, new threshold 1 (max 15)
 [PSYoungGen: 2764191K->14528K(2773696K)] 7143740K->4394548K(8366144K), 0.0494900 secs] [Times: user=0.29 sys=0.02, real=0.05 secs] 
2011-02-12T11:38:56.763+0000: 40826.083: [GC
Desired survivor size 21233664 bytes, new threshold 1 (max 15)
 [PSYoungGen: 2766656K->12032K(2775424K)] 7146676K->4392528K(8367872K), 0.0509640 secs] [Times: user=0.28 sys=0.03, real=0.05 secs] 
2011-02-12T11:39:03.163+0000: 40832.483: [GC
Desired survivor size 22478848 bytes, new threshold 1 (max 15)
 [PSYoungGen: 2765824K->17609K(2771456K)] 7146320K->4398526K(8363904K), 0.0547490 secs] [Times: user=0.30 sys=0.02, real=0.05 secs] 
2011-02-12T11:39:09.546+0000: 40838.866: [GC
Desired survivor size 21823488 bytes, new threshold 1 (max 15)
 [PSYoungGen: 2771401K->10685K(2774848K)] 7152318K->4392448K(8367296K), 0.0458320 secs] [Times: user=0.26 sys=0.02, real=0.05 secs] 
2011-02-12T11:39:16.197+0000: 40845.517: [GC
Desired survivor size 21823488 bytes, new threshold 1 (max 15)
 [PSYoungGen: 2763581K->7008K(2774208K)] 7145344K->4389527K(8366656K), 0.0450770 secs] [Times: user=0.24 sys=0.03, real=0.05 secs] 
2011-02-12T11:39:23.044+0000: 40852.364: [GC
Desired survivor size 22151168 bytes, new threshold 1 (max 15)
 [PSYoungGen: 2759904K->4428K(2774208K)] 7142423K->4387403K(8366656K), 0.0340510 secs] [Times: user=0.20 sys=0.01, real=0.03 secs] 
2011-02-12T11:39:30.027+0000: 40859.347: [GC
Desired survivor size 22085632 bytes, new threshold 1 (max 15)
 [PSYoungGen: 2757324K->4896K(2774528K)] 7140299K->4388411K(8366976K), 0.0359720 secs] [Times: user=0.20 sys=0.01, real=0.04 secs] 
2011-02-12T11:39:36.445+0000: 40865.765: [GC
Desired survivor size 21561344 bytes, new threshold 1 (max 15)
 [PSYoungGen: 2757792K->11904K(2775104K)] 7141307K->4395895K(8367552K), 0.0471040 secs] [Times: user=0.27 sys=0.01, real=0.04 secs] 
2011-02-12T11:39:42.513+0000: 40871.833: [GC
Desired survivor size 21626880 bytes, new threshold 1 (max 15)
 [PSYoungGen: 2765440K->13645K(2774592K)] 7149431K->4398116K(8367040K), 0.0508410 secs] [Times: user=0.27 sys=0.02, real=0.06 secs] 
2011-02-12T11:39:49.028+0000: 40878.347: [GC
Desired survivor size 21364736 bytes, new threshold 1 (max 15)
 [PSYoungGen: 2767181K->6560K(2775296K)] 7151652K->4391716K(8367744K), 0.0427960 secs] [Times: user=0.22 sys=0.01, real=0.04 secs] 
2011-02-12T11:39:55.478+0000: 40884.798: [GC
Desired survivor size 21037056 bytes, new threshold 1 (max 15)
 [PSYoungGen: 2760736K->12352K(2775040K)] 7145892K->4398008K(8367488K), 0.0476230 secs] [Times: user=0.27 sys=0.02, real=0.05 secs] 
2011-02-12T11:40:02.048+0000: 40891.368: [GC
Desired survivor size 20185088 bytes, new threshold 1 (max 15)
 [PSYoungGen: 2766528K->11122K(2776448K)] 7152184K->4397242K(8368896K), 0.0460510 secs] [Times: user=0.24 sys=0.01, real=0.04 secs] 
2011-02-12T11:40:07.868+0000: 40897.187: [GC
Desired survivor size 19726336 bytes, new threshold 1 (max 15)
 [PSYoungGen: 2767026K->8184K(2775616K)] 7153146K->4395046K(8368064K), 0.0449190 secs] [Times: user=0.24 sys=0.03, real=0.04 secs] 
2011-02-12T11:40:13.857+0000: 40903.177: [GC
Desired survivor size 19398656 bytes, new threshold 1 (max 15)
 [PSYoungGen: 2764088K->6960K(2777216K)] 7150950K->4394606K(8369664K), 0.0426030 secs] [Times: user=0.22 sys=0.01, real=0.05 secs] 
2011-02-12T11:40:20.028+0000: 40909.347: [GC
Desired survivor size 21626880 bytes, new threshold 1 (max 15)
 [PSYoungGen: 2764912K->18400K(2776384K)] 7152558K->4406622K(8368832K), 0.0527720 secs] [Times: user=0.32 sys=0.00, real=0.06 secs] 
2011-02-12T11:40:26.287+0000: 40915.607: [GC
Desired survivor size 21102592 bytes, new threshold 1 (max 15)
 [PSYoungGen: 2776352K->8160K(2774720K)] 7164574K->4396939K(8367168K), 0.0424080 secs] [Times: user=0.22 sys=0.01, real=0.05 secs] 
2011-02-12T11:40:32.609+0000: 40921.928: [GC
Desired survivor size 20709376 bytes, new threshold 1 (max 15)
 [PSYoungGen: 2763104K->12352K(2775552K)] 7151883K->4401531K(8368000K), 0.0477050 secs] [Times: user=0.28 sys=0.01, real=0.05 secs] 
2011-02-12T11:40:38.924+0000: 40928.244: [GC
Desired survivor size 20905984 bytes, new threshold 1 (max 15)
 [PSYoungGen: 2767296K->4032K(2775552K)] 7156475K->4393707K(8368000K), 0.0340620 secs] [Times: user=0.20 sys=0.01, real=0.03 secs] 
2011-02-12T11:40:45.468+0000: 40934.788: [GC
Desired survivor size 20578304 bytes, new threshold 1 (max 15)
 [PSYoungGen: 2759360K->12000K(2775744K)] 7149035K->4402195K(8368192K), 0.0456390 secs] [Times: user=0.26 sys=0.01, real=0.05 secs] 
2011-02-12T11:40:51.897+0000: 40941.217: [GC
Desired survivor size 20578304 bytes, new threshold 1 (max 15)
 [PSYoungGen: 2767328K->4480K(2776064K)] 7157523K->4395191K(8368512K), 0.0361640 secs] [Times: user=0.22 sys=0.01, real=0.04 secs] 
2011-02-12T11:40:58.131+0000: 40947.451: [GC
Desired survivor size 19922944 bytes, new threshold 1 (max 15)
 [PSYoungGen: 2760448K->7456K(2776064K)] 7151159K->4398719K(8368512K), 0.0411880 secs] [Times: user=0.22 sys=0.02, real=0.05 secs] 
2011-02-12T11:41:04.177+0000: 40953.497: [GC
Desired survivor size 19922944 bytes, new threshold 1 (max 15)
 [PSYoungGen: 2763424K->12100K(2776704K)] 7154687K->4403816K(8369152K), 0.0483300 secs] [Times: user=0.23 sys=0.02, real=0.05 secs] 
2011-02-12T11:41:10.618+0000: 40959.938: [GC
Desired survivor size 19791872 bytes, new threshold 1 (max 15)
 [PSYoungGen: 2769348K->4864K(2776704K)] 7161064K->4397501K(8369152K), 0.0372850 secs] [Times: user=0.21 sys=0.02, real=0.04 secs] 
2011-02-12T11:41:17.236+0000: 40966.555: [GC
Desired survivor size 20840448 bytes, new threshold 1 (max 15)
 [PSYoungGen: 2762112K->14720K(2774784K)] 7154749K->4407941K(8367232K), 0.0514850 secs] [Times: user=0.28 sys=0.01, real=0.05 secs] 
2011-02-12T11:41:23.698+0000: 40973.017: [GC
Desired survivor size 20250624 bytes, new threshold 1 (max 15)
 [PSYoungGen: 2770176K->6976K(2775808K)] 7163397K->4400681K(8368256K), 0.0432360 secs] [Times: user=0.21 sys=0.02, real=0.04 secs] 
2011-02-12T11:41:30.423+0000: 40979.743: [GC
Desired survivor size 19922944 bytes, new threshold 1 (max 15)
 [PSYoungGen: 2762432K->5184K(2776704K)] 7156137K->4399393K(8369152K), 0.0383990 secs] [Times: user=0.20 sys=0.02, real=0.04 secs] 
2011-02-12T11:41:36.848+0000: 40986.167: [GC
Desired survivor size 19529728 bytes, new threshold 1 (max 15)
 [PSYoungGen: 2762112K->10704K(2776384K)] 7156321K->4405433K(8368832K), 0.0467570 secs] [Times: user=0.26 sys=0.02, real=0.04 secs] 
2011-02-12T11:41:43.278+0000: 40992.598: [GC
Desired survivor size 21692416 bytes, new threshold 1 (max 15)
 [PSYoungGen: 2767632K->17686K(2772864K)] 7162361K->4412888K(8365312K), 0.0512290 secs] [Times: user=0.32 sys=0.01, real=0.06 secs] 
2011-02-12T11:41:49.629+0000: 40998.949: [GC
Desired survivor size 21692416 bytes, new threshold 1 (max 15)
 [PSYoungGen: 2771478K->13056K(2774976K)] 7166680K->4408745K(8367424K), 0.0491170 secs] [Times: user=0.27 sys=0.02, real=0.05 secs] 
2011-02-12T11:41:56.210+0000: 41005.530: [GC
Desired survivor size 20905984 bytes, new threshold 1 (max 15)
 [PSYoungGen: 2766848K->8576K(2775744K)] 7162537K->4404761K(8368192K), 0.0428520 secs] [Times: user=0.23 sys=0.01, real=0.04 secs] 
2011-02-12T11:42:02.577+0000: 41011.897: [GC
Desired survivor size 23003136 bytes, new threshold 1 (max 15)
 [PSYoungGen: 2763136K->18537K(2773120K)] 7159321K->4415267K(8365568K), 0.0564630 secs] [Times: user=0.31 sys=0.02, real=0.06 secs] 
2011-02-12T11:42:08.751+0000: 41018.070: [GC
Desired survivor size 22609920 bytes, new threshold 1 (max 15)
 [PSYoungGen: 2773097K->6608K(2774080K)] 7169827K->4404127K(8366528K), 0.0439660 secs] [Times: user=0.22 sys=0.01, real=0.05 secs] 
2011-02-12T11:42:15.084+0000: 41024.404: [GC
Desired survivor size 22478848 bytes, new threshold 1 (max 15)
 [PSYoungGen: 2758224K->13296K(2773696K)] 7155743K->4411431K(8366144K), 0.0493770 secs] [Times: user=0.29 sys=0.02, real=0.05 secs] 
2011-02-12T11:42:22.122+0000: 41031.441: [GC
Desired survivor size 23330816 bytes, new threshold 1 (max 15)
 [PSYoungGen: 2764912K->16128K(2772544K)] 7163047K->4414752K(8364992K), 0.0541780 secs] [Times: user=0.29 sys=0.02, real=0.06 secs] 
2011-02-12T11:42:28.474+0000: 41037.794: [GC
Desired survivor size 23724032 bytes, new threshold 1 (max 15)
 [PSYoungGen: 2766720K->15456K(2766080K)] 7165344K->4414552K(8358528K), 0.0501260 secs] [Times: user=0.30 sys=0.02, real=0.05 secs] 
2011-02-12T11:42:34.724+0000: 41044.043: [GC
Desired survivor size 22675456 bytes, new threshold 1 (max 15)
 [PSYoungGen: 2766048K->11008K(2774016K)] 7165144K->4410600K(8366464K), 0.0469430 secs] [Times: user=0.25 sys=0.01, real=0.05 secs] 
2011-02-12T11:42:40.823+0000: 41050.143: [GC
Desired survivor size 23003136 bytes, new threshold 1 (max 15)
 [PSYoungGen: 2761856K->15412K(2772992K)] 7161448K->4415548K(8365440K), 0.0496230 secs] [Times: user=0.30 sys=0.01, real=0.05 secs] 
2011-02-12T11:42:46.887+0000: 41056.207: [GC
Desired survivor size 24576000 bytes, new threshold 1 (max 15)
 [PSYoungGen: 2766260K->19060K(2770624K)] 7166396K->4419739K(8363072K), 0.0561690 secs] [Times: user=0.30 sys=0.02, real=0.05 secs] 
2011-02-12T11:42:53.464+0000: 41062.784: [GC
Desired survivor size 23789568 bytes, new threshold 1 (max 15)
 [PSYoungGen: 2767220K->10944K(2772160K)] 7167899K->4412050K(8364608K), 0.0451790 secs] [Times: user=0.25 sys=0.02, real=0.05 secs] 
2011-02-12T11:43:00.071+0000: 41069.391: [GC
Desired survivor size 23461888 bytes, new threshold 1 (max 15)
 [PSYoungGen: 2759104K->8098K(2773248K)] 7160210K->4409676K(8365696K), 0.0409760 secs] [Times: user=0.23 sys=0.01, real=0.04 secs] 
2011-02-12T11:43:06.181+0000: 41075.501: [GC
Desired survivor size 22872064 bytes, new threshold 1 (max 15)
 [PSYoungGen: 2758114K->9288K(2772928K)] 7159692K->4411684K(8365376K), 0.0445510 secs] [Times: user=0.24 sys=0.02, real=0.04 secs] 
2011-02-12T11:43:12.293+0000: 41081.613: [GC
Desired survivor size 22675456 bytes, new threshold 1 (max 15)
 [PSYoungGen: 2759304K->14128K(2774016K)] 7161700K->4417332K(8366464K), 0.0517520 secs] [Times: user=0.29 sys=0.01, real=0.05 secs] 
2011-02-12T11:43:18.553+0000: 41087.873: [GC
Desired survivor size 22937600 bytes, new threshold 1 (max 15)
 [PSYoungGen: 2765808K->15488K(2767168K)] 7169012K->4419220K(8359616K), 0.0488640 secs] [Times: user=0.29 sys=0.01, real=0.05 secs] 
2011-02-12T11:43:24.825+0000: 41094.145: [GC
Desired survivor size 22609920 bytes, new threshold 1 (max 15)
 [PSYoungGen: 2767168K->8512K(2774080K)] 7170900K->4412684K(8366528K), 0.0448920 secs] [Times: user=0.23 sys=0.02, real=0.04 secs] 
2011-02-12T11:43:31.051+0000: 41100.371: [GC
Desired survivor size 21757952 bytes, new threshold 1 (max 15)
 [PSYoungGen: 2760192K->10812K(2773760K)] 7164364K->4415437K(8366208K), 0.0490610 secs] [Times: user=0.26 sys=0.01, real=0.05 secs] 
2011-02-12T11:43:37.154+0000: 41106.474: [GC
Desired survivor size 21430272 bytes, new threshold 1 (max 15)
 [PSYoungGen: 2762492K->13548K(2775232K)] 7167117K->4418820K(8367680K), 0.0480230 secs] [Times: user=0.28 sys=0.02, real=0.05 secs] 
2011-02-12T11:43:43.889+0000: 41113.208: [GC
Desired survivor size 21037056 bytes, new threshold 1 (max 15)
 [PSYoungGen: 2767532K->9312K(2774912K)] 7172804K->4415140K(8367360K), 0.0446910 secs] [Times: user=0.24 sys=0.02, real=0.05 secs] 
2011-02-12T11:43:49.716+0000: 41119.036: [GC
Desired survivor size 21168128 bytes, new threshold 1 (max 15)
 [PSYoungGen: 2763296K->5792K(2775360K)] 7169124K->4412084K(8367808K), 0.0388360 secs] [Times: user=0.20 sys=0.03, real=0.04 secs] 
2011-02-12T11:43:55.911+0000: 41125.230: [GC
Desired survivor size 20905984 bytes, new threshold 1 (max 15)
 [PSYoungGen: 2760608K->13024K(2775488K)] 7166900K->4419752K(8367936K), 0.0496190 secs] [Times: user=0.28 sys=0.01, real=0.05 secs] 
2011-02-12T11:44:01.581+0000: 41130.901: [GC
Desired survivor size 20316160 bytes, new threshold 1 (max 15)
 [PSYoungGen: 2767840K->9362K(2776320K)] 7174568K->4416590K(8368768K), 0.0500870 secs] [Times: user=0.24 sys=0.02, real=0.05 secs] 
2011-02-12T11:44:08.234+0000: 41137.554: [GC
Desired survivor size 20512768 bytes, new threshold 1 (max 15)
 [PSYoungGen: 2765266K->5236K(2775744K)] 7172494K->4413174K(8368192K), 0.0368870 secs] [Times: user=0.21 sys=0.02, real=0.04 secs] 
2011-02-12T11:44:14.894+0000: 41144.214: [GC
Desired survivor size 20578304 bytes, new threshold 1 (max 15)
 [PSYoungGen: 2761140K->13392K(2776000K)] 7169078K->4422102K(8368448K), 0.0493190 secs] [Times: user=0.27 sys=0.01, real=0.05 secs] 
2011-02-12T11:44:20.969+0000: 41150.289: [GC
Desired survivor size 21299200 bytes, new threshold 1 (max 15)
 [PSYoungGen: 2769360K->15264K(2771264K)] 7178070K->4424554K(8363712K), 0.0528140 secs] [Times: user=0.30 sys=0.02, real=0.05 secs] 
2011-02-12T11:44:27.851+0000: 41157.170: [GC
Desired survivor size 22020096 bytes, new threshold 1 (max 15)
 [PSYoungGen: 2771232K->15728K(2773952K)] 7180522K->4425426K(8366400K), 0.0506020 secs] [Times: user=0.26 sys=0.01, real=0.05 secs] 
2011-02-12T11:44:34.070+0000: 41163.390: [GC
Desired survivor size 23134208 bytes, new threshold 1 (max 15)
 [PSYoungGen: 2768880K->17312K(2770496K)] 7178578K->4427474K(8362944K), 0.0531420 secs] [Times: user=0.31 sys=0.02, real=0.05 secs] 
2011-02-12T11:44:40.139+0000: 41169.459: [GC
Desired survivor size 24576000 bytes, new threshold 1 (max 15)
 [PSYoungGen: 2770464K->18976K(2770752K)] 7180626K->4429674K(8363200K), 0.0519050 secs] [Times: user=0.31 sys=0.01, real=0.06 secs] 
2011-02-12T11:44:45.706+0000: 41175.026: [GC
Desired survivor size 23658496 bytes, new threshold 1 (max 15)
 [PSYoungGen: 2767136K->11808K(2772160K)] 7177834K->4423010K(8364608K), 0.0478590 secs] [Times: user=0.27 sys=0.02, real=0.05 secs] 
2011-02-12T11:44:51.416+0000: 41180.736: [GC
Desired survivor size 23724032 bytes, new threshold 1 (max 15)
 [PSYoungGen: 2759968K->6492K(2772928K)] 7171170K->4418045K(8365376K), 0.0403460 secs] [Times: user=0.22 sys=0.01, real=0.04 secs] 
2011-02-12T11:44:58.053+0000: 41187.373: [GC
Desired survivor size 24182784 bytes, new threshold 1 (max 15)
 [PSYoungGen: 2756316K->3328K(2753152K)] 7167869K->4415285K(8345600K), 0.0319240 secs] [Times: user=0.20 sys=0.00, real=0.03 secs] 
2011-02-12T11:45:04.133+0000: 41193.452: [GC
Desired survivor size 23658496 bytes, new threshold 1 (max 15)
 [PSYoungGen: 2753152K->7178K(2773056K)] 7165109K->4419663K(8365504K), 0.0433780 secs] [Times: user=0.22 sys=0.01, real=0.05 secs] 
2011-02-12T11:45:09.266+0000: 41198.586: [GC
Desired survivor size 22740992 bytes, new threshold 1 (max 15)
 [PSYoungGen: 2756618K->9072K(2772544K)] 7169103K->4422356K(8364992K), 0.0440070 secs] [Times: user=0.23 sys=0.02, real=0.04 secs] 
2011-02-12T11:45:14.896+0000: 41204.215: [GC
Desired survivor size 22806528 bytes, new threshold 1 (max 15)
 [PSYoungGen: 2758512K->3392K(2773824K)] 7171796K->4417260K(8366272K), 0.0342740 secs] [Times: user=0.20 sys=0.01, real=0.03 secs] 
2011-02-12T11:45:20.810+0000: 41210.129: [GC
Desired survivor size 24313856 bytes, new threshold 1 (max 15)
 [PSYoungGen: 2755008K->17293K(2768960K)] 7168876K->4431693K(8361408K), 0.0563570 secs] [Times: user=0.30 sys=0.03, real=0.06 secs] 
2011-02-12T11:45:26.880+0000: 41216.200: [GC
Desired survivor size 23789568 bytes, new threshold 1 (max 15)
 [PSYoungGen: 2768909K->6048K(2772928K)] 7183309K->4420904K(8365376K), 0.0427560 secs] [Times: user=0.22 sys=0.01, real=0.04 secs] 
2011-02-12T11:45:32.929+0000: 41222.249: [GC
Desired survivor size 23003136 bytes, new threshold 1 (max 15)
 [PSYoungGen: 2755232K->7392K(2772416K)] 7170088K->4422804K(8364864K), 0.0431720 secs] [Times: user=0.22 sys=0.02, real=0.04 secs] 
2011-02-12T11:45:39.632+0000: 41228.951: [GC
Desired survivor size 22872064 bytes, new threshold 1 (max 15)
 [PSYoungGen: 2756576K->3360K(2773824K)] 7171988K->4419220K(8366272K), 0.0336430 secs] [Times: user=0.21 sys=0.02, real=0.03 secs] 
2011-02-12T11:45:46.363+0000: 41235.682: [GC
Desired survivor size 23789568 bytes, new threshold 1 (max 15)
 [PSYoungGen: 2754720K->15200K(2766592K)] 7170580K->4431508K(8359040K), 0.0500970 secs] [Times: user=0.29 sys=0.02, real=0.05 secs] 
2011-02-12T11:45:52.879+0000: 41242.199: [GC
Desired survivor size 23330816 bytes, new threshold 1 (max 15)
 [PSYoungGen: 2766560K->12284K(2773376K)] 7182868K->4429068K(8365824K), 0.0472680 secs] [Times: user=0.28 sys=0.01, real=0.04 secs] 
2011-02-12T11:45:59.295+0000: 41248.614: [GC
Desired survivor size 22413312 bytes, new threshold 1 (max 15)
 [PSYoungGen: 2762428K->11184K(2772928K)] 7179212K->4428464K(8365376K), 0.0466860 secs] [Times: user=0.26 sys=0.01, real=0.05 secs] 
2011-02-12T11:46:05.142+0000: 41254.461: [GC
Desired survivor size 22282240 bytes, new threshold 1 (max 15)
 [PSYoungGen: 2761328K->13078K(2774400K)] 7178608K->4430982K(8366848K), 0.0469170 secs] [Times: user=0.27 sys=0.02, real=0.04 secs] 
2011-02-12T11:46:11.429+0000: 41260.749: [GC
Desired survivor size 23396352 bytes, new threshold 1 (max 15)
 [PSYoungGen: 2765590K->16496K(2769024K)] 7183494K->4435302K(8361472K), 0.0550640 secs] [Times: user=0.32 sys=0.02, real=0.06 secs] 
2011-02-12T11:46:17.999+0000: 41267.318: [GC
Desired survivor size 22478848 bytes, new threshold 1 (max 15)
 [PSYoungGen: 2769008K->11744K(2774208K)] 7187814K->4431214K(8366656K), 0.0472260 secs] [Times: user=0.27 sys=0.01, real=0.05 secs] 
2011-02-12T11:46:24.527+0000: 41273.847: [GC
Desired survivor size 22478848 bytes, new threshold 1 (max 15)
 [PSYoungGen: 2763104K->4576K(2773312K)] 7182574K->4424630K(8365760K), 0.0408430 secs] [Times: user=0.21 sys=0.02, real=0.04 secs] 
2011-02-12T11:46:30.594+0000: 41279.914: [GC
Desired survivor size 21757952 bytes, new threshold 1 (max 15)
 [PSYoungGen: 2755936K->7904K(2774912K)] 7175990K->4428382K(8367360K), 0.0440100 secs] [Times: user=0.23 sys=0.01, real=0.04 secs] 
2011-02-12T11:46:37.008+0000: 41286.328: [GC
Desired survivor size 21364736 bytes, new threshold 1 (max 15)
 [PSYoungGen: 2760864K->12096K(2774208K)] 7181342K->4433146K(8366656K), 0.0469430 secs] [Times: user=0.29 sys=0.02, real=0.05 secs] 
2011-02-12T11:46:43.456+0000: 41292.776: [GC
Desired survivor size 20840448 bytes, new threshold 1 (max 15)
 [PSYoungGen: 2765056K->7296K(2775808K)] 7186106K->4428858K(8368256K), 0.0418450 secs] [Times: user=0.23 sys=0.01, real=0.04 secs] 
2011-02-12T11:46:49.634+0000: 41298.954: [GC
Desired survivor size 19791872 bytes, new threshold 1 (max 15)
 [PSYoungGen: 2762240K->10144K(2775296K)] 7183802K->4432223K(8367744K), 0.0447680 secs] [Times: user=0.25 sys=0.01, real=0.05 secs] 
2011-02-12T11:46:55.869+0000: 41305.189: [GC
Desired survivor size 20512768 bytes, new threshold 1 (max 15)
 [PSYoungGen: 2765088K->14496K(2775424K)] 7187167K->4437015K(8367872K), 0.0497720 secs] [Times: user=0.29 sys=0.02, real=0.05 secs] 
2011-02-12T11:47:01.959+0000: 41311.278: [GC
Desired survivor size 20119552 bytes, new threshold 1 (max 15)
 [PSYoungGen: 2770592K->7498K(2776128K)] 7193111K->4430429K(8368576K), 0.0427640 secs] [Times: user=0.23 sys=0.01, real=0.04 secs] 
2011-02-12T11:47:07.971+0000: 41317.290: [GC
Desired survivor size 19726336 bytes, new threshold 1 (max 15)
 [PSYoungGen: 2763594K->6803K(2776896K)] 7186525K->4430580K(8369344K), 0.0416100 secs] [Times: user=0.21 sys=0.01, real=0.04 secs] 
2011-02-12T11:47:14.359+0000: 41323.678: [GC
Desired survivor size 20185088 bytes, new threshold 1 (max 15)
 [PSYoungGen: 2764051K->13584K(2770880K)] 7187828K->4438021K(8363328K), 0.0495610 secs] [Times: user=0.29 sys=0.01, real=0.05 secs] 
2011-02-12T11:47:20.688+0000: 41330.008: [GC
Desired survivor size 20381696 bytes, new threshold 1 (max 15)
 [PSYoungGen: 2770832K->3712K(2776064K)] 7195269K->4428717K(8368512K), 0.0345550 secs] [Times: user=0.20 sys=0.02, real=0.04 secs] 
2011-02-12T11:47:26.465+0000: 41335.785: [GC
Desired survivor size 21823488 bytes, new threshold 1 (max 15)
 [PSYoungGen: 2760064K->16293K(2772672K)] 7185069K->4441831K(8365120K), 0.0515620 secs] [Times: user=0.28 sys=0.01, real=0.05 secs] 
2011-02-12T11:47:32.772+0000: 41342.092: [GC
Desired survivor size 21495808 bytes, new threshold 1 (max 15)
 [PSYoungGen: 2772645K->5792K(2775168K)] 7198183K->4431857K(8367616K), 0.0402210 secs] [Times: user=0.20 sys=0.02, real=0.04 secs] 
2011-02-12T11:47:39.231+0000: 41348.551: [GC
Desired survivor size 22347776 bytes, new threshold 1 (max 15)
 [PSYoungGen: 2759648K->15104K(2768960K)] 7185713K->4441617K(8361408K), 0.0520240 secs] [Times: user=0.28 sys=0.02, real=0.06 secs] 
2011-02-12T11:47:45.317+0000: 41354.637: [GC
Desired survivor size 23265280 bytes, new threshold 1 (max 15)
 [PSYoungGen: 2768960K->15936K(2772544K)] 7195473K->4442969K(8364992K), 0.0534030 secs] [Times: user=0.31 sys=0.02, real=0.05 secs] 
2011-02-12T11:47:51.408+0000: 41360.728: [GC
Desired survivor size 23330816 bytes, new threshold 1 (max 15)
 [PSYoungGen: 2766656K->3872K(2754624K)] 7193689K->4431357K(8347072K), 0.0410440 secs] [Times: user=0.19 sys=0.01, real=0.04 secs] 
2011-02-12T11:47:57.758+0000: 41367.078: [GC
Desired survivor size 22151168 bytes, new threshold 1 (max 15)
 [PSYoungGen: 2754592K->9504K(2774528K)] 7182077K->4437413K(8366976K), 0.0457790 secs] [Times: user=0.24 sys=0.01, real=0.05 secs] 
2011-02-12T11:48:03.376+0000: 41372.696: [GC
Desired survivor size 21495808 bytes, new threshold 1 (max 15)
 [PSYoungGen: 2761248K->11530K(2773376K)] 7189157K->4439855K(8365824K), 0.0456900 secs] [Times: user=0.26 sys=0.02, real=0.04 secs] 
2011-02-12T11:48:09.237+0000: 41378.557: [GC
Desired survivor size 20840448 bytes, new threshold 1 (max 15)
 [PSYoungGen: 2763274K->7632K(2775808K)] 7191599K->4436771K(8368256K), 0.0425760 secs] [Times: user=0.23 sys=0.01, real=0.04 secs] 
2011-02-12T11:48:15.275+0000: 41384.595: [GC
Desired survivor size 20250624 bytes, new threshold 1 (max 15)
 [PSYoungGen: 2762448K->7680K(2775168K)] 7191587K->4437497K(8367616K), 0.0420400 secs] [Times: user=0.23 sys=0.02, real=0.05 secs] 
2011-02-12T11:48:21.420+0000: 41390.740: [GC
Desired survivor size 19595264 bytes, new threshold 1 (max 15)
 [PSYoungGen: 2762496K->10784K(2777024K)] 7192313K->4441145K(8369472K), 0.0469480 secs] [Times: user=0.25 sys=0.01, real=0.05 secs] 
2011-02-12T11:48:28.038+0000: 41397.358: [GC
Desired survivor size 18743296 bytes, new threshold 1 (max 15)
 [PSYoungGen: 2768032K->9120K(2776384K)] 7198393K->4439997K(8368832K), 0.0444790 secs] [Times: user=0.25 sys=0.00, real=0.04 secs] 
2011-02-12T11:48:34.333+0000: 41403.653: [GC
Desired survivor size 19791872 bytes, new threshold 1 (max 15)
 [PSYoungGen: 2766368K->14774K(2775808K)] 7197245K->4446148K(8368256K), 0.0488850 secs] [Times: user=0.29 sys=0.02, real=0.05 secs] 
2011-02-12T11:48:40.650+0000: 41409.970: [GC
Desired survivor size 20119552 bytes, new threshold 1 (max 15)
 [PSYoungGen: 2772278K->2912K(2760448K)] 7203652K->4434852K(8352896K), 0.0307640 secs] [Times: user=0.19 sys=0.01, real=0.03 secs] 
2011-02-12T11:48:47.358+0000: 41416.678: [GC
Desired survivor size 21233664 bytes, new threshold 1 (max 15)
 [PSYoungGen: 2760416K->15176K(2774336K)] 7192356K->4447609K(8366784K), 0.0514840 secs] [Times: user=0.28 sys=0.01, real=0.05 secs] 
2011-02-12T11:48:53.716+0000: 41423.036: [GC
Desired survivor size 20447232 bytes, new threshold 1 (max 15)
 [PSYoungGen: 2769864K->8508K(2775424K)] 7202297K->4441433K(8367872K), 0.0462340 secs] [Times: user=0.23 sys=0.01, real=0.05 secs] 
2011-02-12T11:48:59.841+0000: 41429.161: [GC
Desired survivor size 19464192 bytes, new threshold 1 (max 15)
 [PSYoungGen: 2763196K->10074K(2777152K)] 7196121K->4443455K(8369600K), 0.0444930 secs] [Times: user=0.24 sys=0.00, real=0.04 secs] 
2011-02-12T11:49:06.074+0000: 41435.394: [GC
Desired survivor size 21233664 bytes, new threshold 1 (max 15)
 [PSYoungGen: 2767258K->17093K(2774336K)] 7200639K->4450921K(8366784K), 0.0515570 secs] [Times: user=0.31 sys=0.02, real=0.05 secs] 
2011-02-12T11:49:11.647+0000: 41440.967: [GC
Desired survivor size 20316160 bytes, new threshold 1 (max 15)
 [PSYoungGen: 2774277K->11008K(2776320K)] 7208105K->4445759K(8368768K), 0.0485060 secs] [Times: user=0.26 sys=0.02, real=0.05 secs] 
2011-02-12T11:49:18.016+0000: 41447.336: [GC
Desired survivor size 21430272 bytes, new threshold 1 (max 15)
 [PSYoungGen: 2766592K->16073K(2771712K)] 7201343K->4451465K(8364160K), 0.0525040 secs] [Times: user=0.29 sys=0.01, real=0.05 secs] 
2011-02-12T11:49:24.370+0000: 41453.689: [GC
Desired survivor size 20905984 bytes, new threshold 1 (max 15)
 [PSYoungGen: 2771657K->8576K(2775744K)] 7207049K->4444641K(8368192K), 0.0415110 secs] [Times: user=0.24 sys=0.00, real=0.04 secs] 
2011-02-12T11:49:30.283+0000: 41459.602: [GC
Desired survivor size 20774912 bytes, new threshold 1 (max 15)
 [PSYoungGen: 2763392K->6336K(2775232K)] 7199457K->4442865K(8367680K), 0.0423050 secs] [Times: user=0.22 sys=0.01, real=0.05 secs] 
2011-02-12T11:49:36.649+0000: 41465.968: [GC
Desired survivor size 20250624 bytes, new threshold 1 (max 15)
 [PSYoungGen: 2761152K->11808K(2776384K)] 7197681K->4448753K(8368832K), 0.0470280 secs] [Times: user=0.26 sys=0.01, real=0.05 secs] 
2011-02-12T11:49:43.194+0000: 41472.513: [GC
Desired survivor size 20250624 bytes, new threshold 1 (max 15)
 [PSYoungGen: 2767904K->5408K(2775872K)] 7204849K->4442841K(8368320K), 0.0383020 secs] [Times: user=0.21 sys=0.01, real=0.04 secs] 
2011-02-12T11:49:50.117+0000: 41479.437: [GC
Desired survivor size 20447232 bytes, new threshold 1 (max 15)
 [PSYoungGen: 2761504K->3232K(2776000K)] 7198937K->4441105K(8368448K), 0.0318160 secs] [Times: user=0.20 sys=0.02, real=0.04 secs] 
2011-02-12T11:49:56.671+0000: 41485.991: [GC
Desired survivor size 20512768 bytes, new threshold 1 (max 15)
 [PSYoungGen: 2759456K->12416K(2768640K)] 7197329K->4450745K(8361088K), 0.0483490 secs] [Times: user=0.28 sys=0.02, real=0.05 secs] 
2011-02-12T11:50:02.703+0000: 41492.022: [GC
Desired survivor size 20447232 bytes, new threshold 1 (max 15)
 [PSYoungGen: 2768640K->12442K(2776192K)] 7206969K->4451247K(8368640K), 0.0473560 secs] [Times: user=0.27 sys=0.01, real=0.05 secs] 
2011-02-12T11:50:08.335+0000: 41497.655: [GC
Desired survivor size 19791872 bytes, new threshold 1 (max 15)
 [PSYoungGen: 2768602K->8080K(2776128K)] 7207407K->4447739K(8368576K), 0.0449090 secs] [Times: user=0.23 sys=0.01, real=0.05 secs] 
2011-02-12T11:50:14.590+0000: 41503.910: [GC
Desired survivor size 20578304 bytes, new threshold 1 (max 15)
 [PSYoungGen: 2764240K->14448K(2775296K)] 7203899K->4454715K(8367744K), 0.0511340 secs] [Times: user=0.27 sys=0.01, real=0.06 secs] 
2011-02-12T11:50:20.808+0000: 41510.128: [GC
Desired survivor size 22478848 bytes, new threshold 1 (max 15)
 [PSYoungGen: 2770416K->17984K(2773952K)] 7210683K->4458803K(8366400K), 0.0562350 secs] [Times: user=0.29 sys=0.01, real=0.06 secs] 
2011-02-12T11:50:27.237+0000: 41516.557: [GC
Desired survivor size 21561344 bytes, new threshold 1 (max 15)
 [PSYoungGen: 2773952K->10092K(2775104K)] 7214771K->4451428K(8367552K), 0.0459310 secs] [Times: user=0.23 sys=0.02, real=0.05 secs] 
2011-02-12T11:50:32.601+0000: 41521.920: [GC
Desired survivor size 24641536 bytes, new threshold 1 (max 15)
 [PSYoungGen: 2763244K->21056K(2774208K)] 7204580K->4463140K(8366656K), 0.0578420 secs] [Times: user=0.36 sys=0.02, real=0.06 secs] 
2011-02-12T11:50:38.565+0000: 41527.885: [GC
Desired survivor size 24969216 bytes, new threshold 1 (max 15)
 [PSYoungGen: 2774208K->16160K(2769344K)] 7216292K->4458652K(8361792K), 0.0520940 secs] [Times: user=0.28 sys=0.02, real=0.05 secs] 
2011-02-12T11:50:44.719+0000: 41534.039: [GC
Desired survivor size 24903680 bytes, new threshold 1 (max 15)
 [PSYoungGen: 2763552K->5792K(2771776K)] 7206044K->4448684K(8364224K), 0.0410170 secs] [Times: user=0.22 sys=0.02, real=0.04 secs] 
2011-02-12T11:50:51.453+0000: 41540.773: [GC
Desired survivor size 24772608 bytes, new threshold 1 (max 15)
 [PSYoungGen: 2753184K->14832K(2771968K)] 7196076K->4458244K(8364416K), 0.0486800 secs] [Times: user=0.29 sys=0.01, real=0.05 secs] 
2011-02-12T11:50:57.294+0000: 41546.614: [GC
Desired survivor size 26345472 bytes, new threshold 1 (max 15)
 [PSYoungGen: 2762480K->19488K(2767168K)] 7205892K->4463475K(8359616K), 0.0563350 secs] [Times: user=0.33 sys=0.02, real=0.06 secs] 
2011-02-12T11:51:03.271+0000: 41552.591: [GC
Desired survivor size 26869760 bytes, new threshold 1 (max 15)
 [PSYoungGen: 2767136K->17706K(2769408K)] 7211123K->4462189K(8361856K), 0.0551970 secs] [Times: user=0.31 sys=0.03, real=0.06 secs] 
2011-02-12T11:51:09.562+0000: 41558.882: [GC
Desired survivor size 26279936 bytes, new threshold 1 (max 15)
 [PSYoungGen: 2761386K->9264K(2769920K)] 7205869K->4454522K(8362368K), 0.0446630 secs] [Times: user=0.25 sys=0.01, real=0.05 secs] 
2011-02-12T11:51:16.223+0000: 41565.543: [GC
Desired survivor size 26542080 bytes, new threshold 1 (max 15)
 [PSYoungGen: 2752944K->4000K(2769984K)] 7198202K->4449962K(8362432K), 0.0354570 secs] [Times: user=0.22 sys=0.02, real=0.04 secs] 
2011-02-12T11:51:22.810+0000: 41572.130: [GC
Desired survivor size 25231360 bytes, new threshold 1 (max 15)
 [PSYoungGen: 2748320K->11200K(2770240K)] 7194282K->4457828K(8362688K), 0.0468150 secs] [Times: user=0.27 sys=0.01, real=0.04 secs] 
2011-02-12T11:51:29.023+0000: 41578.342: [GC
Desired survivor size 25952256 bytes, new threshold 1 (max 15)
 [PSYoungGen: 2755520K->17184K(2770112K)] 7202148K->4464412K(8362560K), 0.0550360 secs] [Times: user=0.31 sys=0.03, real=0.05 secs] 
2011-02-12T11:51:35.275+0000: 41584.594: [GC
Desired survivor size 25427968 bytes, new threshold 1 (max 15)
 [PSYoungGen: 2762656K->7680K(2770816K)] 7209884K->4455348K(8363264K), 0.0416660 secs] [Times: user=0.23 sys=0.01, real=0.04 secs] 
2011-02-12T11:51:41.209+0000: 41590.529: [GC
Desired survivor size 24838144 bytes, new threshold 1 (max 15)
 [PSYoungGen: 2753152K->8032K(2771904K)] 7200820K->4456272K(8364352K), 0.0451220 secs] [Times: user=0.23 sys=0.02, real=0.05 secs] 
2011-02-12T11:51:47.184+0000: 41596.503: [GC
Desired survivor size 24051712 bytes, new threshold 1 (max 15)
 [PSYoungGen: 2755104K->8432K(2771328K)] 7203344K->4457132K(8363776K), 0.0433230 secs] [Times: user=0.23 sys=0.02, real=0.04 secs] 
2011-02-12T11:51:53.162+0000: 41602.482: [GC
Desired survivor size 23134208 bytes, new threshold 1 (max 15)
 [PSYoungGen: 2755504K->9472K(2773568K)] 7204204K->4458692K(8366016K), 0.0441990 secs] [Times: user=0.25 sys=0.00, real=0.05 secs] 
2011-02-12T11:51:59.271+0000: 41608.590: [GC
Desired survivor size 22347776 bytes, new threshold 1 (max 15)
 [PSYoungGen: 2759552K->12096K(2772672K)] 7208772K->4461740K(8365120K), 0.0488830 secs] [Times: user=0.28 sys=0.01, real=0.05 secs] 
2011-02-12T11:52:05.160+0000: 41614.480: [GC
Desired survivor size 21299200 bytes, new threshold 1 (max 15)
 [PSYoungGen: 2762176K->10858K(2775360K)] 7211820K->4460982K(8367808K), 0.0447090 secs] [Times: user=0.26 sys=0.02, real=0.05 secs] 
2011-02-12T11:52:11.374+0000: 41620.694: [GC
Desired survivor size 22806528 bytes, new threshold 1 (max 15)
 [PSYoungGen: 2764394K->17680K(2771264K)] 7214518K->4468594K(8363712K), 0.0555170 secs] [Times: user=0.33 sys=0.02, real=0.06 secs] 
2011-02-12T11:52:17.740+0000: 41627.060: [GC
Desired survivor size 22478848 bytes, new threshold 1 (max 15)
 [PSYoungGen: 2771216K->7424K(2774208K)] 7222130K->4458982K(8366656K), 0.0440640 secs] [Times: user=0.23 sys=0.01, real=0.04 secs] 
2011-02-12T11:52:23.698+0000: 41633.018: [GC
Desired survivor size 22216704 bytes, new threshold 1 (max 15)
 [PSYoungGen: 2759360K->6720K(2773888K)] 7210918K->4458806K(8366336K), 0.0428690 secs] [Times: user=0.21 sys=0.02, real=0.04 secs] 
2011-02-12T11:52:29.624+0000: 41638.943: [GC
Desired survivor size 21954560 bytes, new threshold 1 (max 15)
 [PSYoungGen: 2758656K->6272K(2774720K)] 7210742K->4458782K(8367168K), 0.0385520 secs] [Times: user=0.21 sys=0.01, real=0.04 secs] 
2011-02-12T11:52:35.761+0000: 41645.080: [GC
Desired survivor size 21299200 bytes, new threshold 1 (max 15)
 [PSYoungGen: 2759296K->7680K(2774464K)] 7211806K->4460658K(8366912K), 0.0441390 secs] [Times: user=0.21 sys=0.01, real=0.04 secs] 
2011-02-12T11:52:42.000+0000: 41651.320: [GC
Desired survivor size 21233664 bytes, new threshold 1 (max 15)
 [PSYoungGen: 2760704K->12800K(2775424K)] 7213682K->4466258K(8367872K), 0.0493820 secs] [Times: user=0.29 sys=0.01, real=0.05 secs] 
2011-02-12T11:52:48.116+0000: 41657.436: [GC
Desired survivor size 23199744 bytes, new threshold 1 (max 15)
 [PSYoungGen: 2767424K->18416K(2773056K)] 7220882K->4472385K(8365504K), 0.0550090 secs] [Times: user=0.32 sys=0.02, real=0.06 secs] 
2011-02-12T11:52:54.243+0000: 41663.563: [GC
Desired survivor size 23199744 bytes, new threshold 1 (max 15)
 [PSYoungGen: 2773040K->4544K(2773504K)] 7227009K->4459041K(8365952K), 0.0371510 secs] [Times: user=0.21 sys=0.00, real=0.04 secs] 
2011-02-12T11:53:00.268+0000: 41669.588: [GC
Desired survivor size 22740992 bytes, new threshold 1 (max 15)
 [PSYoungGen: 2755392K->6082K(2773504K)] 7209889K->4461059K(8365952K), 0.0380220 secs] [Times: user=0.21 sys=0.02, real=0.04 secs] 
2011-02-12T11:53:06.043+0000: 41675.363: [GC
Desired survivor size 23724032 bytes, new threshold 1 (max 15)
 [PSYoungGen: 2756930K->15966K(2772032K)] 7211907K->4471589K(8364480K), 0.0513550 secs] [Times: user=0.30 sys=0.02, real=0.05 secs] 
2011-02-12T11:53:12.684+0000: 41682.004: [GC
Desired survivor size 23003136 bytes, new threshold 1 (max 15)
 [PSYoungGen: 2765790K->12224K(2772992K)] 7221413K->4468551K(8365440K), 0.0462470 secs] [Times: user=0.28 sys=0.00, real=0.04 secs] 
2011-02-12T11:53:18.942+0000: 41688.262: [GC
Desired survivor size 24707072 bytes, new threshold 1 (max 15)
 [PSYoungGen: 2762048K->18528K(2770368K)] 7218375K->4475531K(8362816K), 0.0559410 secs] [Times: user=0.32 sys=0.02, real=0.06 secs] 
2011-02-12T11:53:25.134+0000: 41694.454: [GC
Desired survivor size 24313856 bytes, new threshold 1 (max 15)
 [PSYoungGen: 2766432K->6592K(2772032K)] 7223435K->4464019K(8364480K), 0.0424750 secs] [Times: user=0.22 sys=0.01, real=0.04 secs] 
2011-02-12T11:53:31.156+0000: 41700.475: [GC
Desired survivor size 23396352 bytes, new threshold 1 (max 15)
 [PSYoungGen: 2754496K->8992K(2773312K)] 7211923K->4466851K(8365760K), 0.0443470 secs] [Times: user=0.23 sys=0.01, real=0.04 secs] 
2011-02-12T11:53:37.408+0000: 41706.727: [GC
Desired survivor size 23920640 bytes, new threshold 1 (max 15)
 [PSYoungGen: 2758560K->15488K(2772416K)] 7216419K->4473715K(8364864K), 0.0537100 secs] [Times: user=0.29 sys=0.01, real=0.05 secs] 
2011-02-12T11:53:43.944+0000: 41713.264: [GC
Desired survivor size 23461888 bytes, new threshold 1 (max 15)
 [PSYoungGen: 2765056K->7104K(2773248K)] 7223283K->4465779K(8365696K), 0.0414180 secs] [Times: user=0.22 sys=0.02, real=0.04 secs] 
2011-02-12T11:53:50.491+0000: 41719.811: [GC
Desired survivor size 24576000 bytes, new threshold 1 (max 15)
 [PSYoungGen: 2756992K->17112K(2767040K)] 7215667K->4476260K(8359488K), 0.0517770 secs] [Times: user=0.32 sys=0.01, real=0.05 secs] 
2011-02-12T11:53:56.954+0000: 41726.274: [GC
Desired survivor size 23658496 bytes, new threshold 1 (max 15)
 [PSYoungGen: 2767000K->9568K(2773056K)] 7226148K->4469203K(8365504K), 0.0460110 secs] [Times: user=0.23 sys=0.02, real=0.05 secs] 
2011-02-12T11:54:03.080+0000: 41732.400: [GC
Desired survivor size 22478848 bytes, new threshold 1 (max 15)
 [PSYoungGen: 2758624K->11386K(2772160K)] 7218259K->4471457K(8364608K), 0.0475210 secs] [Times: user=0.27 sys=0.02, real=0.04 secs] 
2011-02-12T11:54:09.136+0000: 41738.455: [GC
Desired survivor size 21495808 bytes, new threshold 1 (max 15)
 [PSYoungGen: 2760442K->11728K(2775168K)] 7220513K->4472677K(8367616K), 0.0478940 secs] [Times: user=0.25 sys=0.02, real=0.05 secs] 
2011-02-12T11:54:15.607+0000: 41744.926: [GC
Desired survivor size 21561344 bytes, new threshold 1 (max 15)
 [PSYoungGen: 2764944K->5536K(2774208K)] 7225893K->4467133K(8366656K), 0.0411720 secs] [Times: user=0.21 sys=0.01, real=0.04 secs] 
2011-02-12T11:54:22.232+0000: 41751.551: [GC
Desired survivor size 21823488 bytes, new threshold 1 (max 15)
 [PSYoungGen: 2758752K->14272K(2774592K)] 7220349K->4476453K(8367040K), 0.0499930 secs] [Times: user=0.29 sys=0.02, real=0.05 secs] 
2011-02-12T11:54:28.841+0000: 41758.161: [GC
Desired survivor size 21102592 bytes, new threshold 1 (max 15)
 [PSYoungGen: 2767808K->9216K(2774848K)] 7229989K->4471953K(8367296K), 0.0451320 secs] [Times: user=0.24 sys=0.01, real=0.05 secs] 
2011-02-12T11:54:35.431+0000: 41764.751: [GC
Desired survivor size 21102592 bytes, new threshold 1 (max 15)
 [PSYoungGen: 2762752K->5456K(2775552K)] 7225489K->4468697K(8368000K), 0.0376720 secs] [Times: user=0.21 sys=0.02, real=0.04 secs] 
2011-02-12T11:54:42.080+0000: 41771.400: [GC
Desired survivor size 21364736 bytes, new threshold 1 (max 15)
 [PSYoungGen: 2760400K->2770K(2757760K)] 7223641K->4466596K(8350208K), 0.0346030 secs] [Times: user=0.20 sys=0.01, real=0.04 secs] 
2011-02-12T11:54:47.978+0000: 41777.298: [GC
Desired survivor size 20840448 bytes, new threshold 1 (max 15)
 [PSYoungGen: 2757714K->6240K(2775808K)] 7221540K->4470548K(8368256K), 0.0390700 secs] [Times: user=0.22 sys=0.01, real=0.04 secs] 
2011-02-12T11:54:54.373+0000: 41783.692: [GC
Desired survivor size 20381696 bytes, new threshold 1 (max 15)
 [PSYoungGen: 2761184K->11168K(2775296K)] 7225492K->4475940K(8367744K), 0.0476770 secs] [Times: user=0.27 sys=0.01, real=0.05 secs] 
2011-02-12T11:55:00.680+0000: 41789.999: [GC
Desired survivor size 22347776 bytes, new threshold 1 (max 15)
 [PSYoungGen: 2766112K->17378K(2772416K)] 7230884K->4482574K(8364864K), 0.0545130 secs] [Times: user=0.31 sys=0.02, real=0.05 secs] 
2011-02-12T11:55:06.897+0000: 41796.217: [GC
Desired survivor size 21626880 bytes, new threshold 1 (max 15)
 [PSYoungGen: 2769890K->7688K(2774336K)] 7235086K->4473538K(8366784K), 0.0419700 secs] [Times: user=0.21 sys=0.01, real=0.04 secs] 
2011-02-12T11:55:13.672+0000: 41802.992: [GC
Desired survivor size 21495808 bytes, new threshold 1 (max 15)
 [PSYoungGen: 2760200K->3968K(2775168K)] 7226050K->4470566K(8367616K), 0.0334330 secs] [Times: user=0.20 sys=0.01, real=0.03 secs] 
2011-02-12T11:55:19.985+0000: 41809.305: [GC
Desired survivor size 20381696 bytes, new threshold 1 (max 15)
 [PSYoungGen: 2758016K->9504K(2775040K)] 7224614K->4476786K(8367488K), 0.0477750 secs] [Times: user=0.22 sys=0.01, real=0.05 secs] 
2011-02-12T11:55:25.668+0000: 41814.988: [GC
Desired survivor size 19988480 bytes, new threshold 1 (max 15)
 [PSYoungGen: 2763552K->5434K(2776640K)] 7230834K->4473261K(8369088K), 0.0388570 secs] [Times: user=0.21 sys=0.01, real=0.04 secs] 
2011-02-12T11:55:32.031+0000: 41821.350: [GC
Desired survivor size 19464192 bytes, new threshold 1 (max 15)
 [PSYoungGen: 2762170K->10464K(2776256K)] 7229997K->4478770K(8368704K), 0.0459420 secs] [Times: user=0.25 sys=0.01, real=0.04 secs] 
2011-02-12T11:55:38.010+0000: 41827.330: [GC
Desired survivor size 19267584 bytes, new threshold 1 (max 15)
 [PSYoungGen: 2767200K->11360K(2777344K)] 7235506K->4480114K(8369792K), 0.0461090 secs] [Times: user=0.26 sys=0.00, real=0.05 secs] 
2011-02-12T11:55:44.810+0000: 41834.129: [GC
Desired survivor size 18481152 bytes, new threshold 1 (max 15)
 [PSYoungGen: 2769696K->8648K(2777152K)] 7238450K->4477928K(8369600K), 0.0410220 secs] [Times: user=0.22 sys=0.01, real=0.05 secs] 
2011-02-12T11:55:50.866+0000: 41840.186: [GC
Desired survivor size 18219008 bytes, new threshold 1 (max 15)
 [PSYoungGen: 2766984K->11104K(2778368K)] 7236264K->4480808K(8370816K), 0.0503560 secs] [Times: user=0.25 sys=0.01, real=0.05 secs] 
2011-02-12T11:55:57.390+0000: 41846.709: [GC
Desired survivor size 17956864 bytes, new threshold 1 (max 15)
 [PSYoungGen: 2771424K->6173K(2778112K)] 7241128K->4476358K(8370560K), 0.0417840 secs] [Times: user=0.22 sys=0.03, real=0.04 secs] 
2011-02-12T11:56:03.351+0000: 41852.670: [GC
Desired survivor size 18022400 bytes, new threshold 1 (max 15)
 [PSYoungGen: 2766493K->4074K(2778496K)] 7236678K->4474750K(8370944K), 0.0348500 secs] [Times: user=0.22 sys=0.01, real=0.04 secs] 
2011-02-12T11:56:09.364+0000: 41858.684: [GC
Desired survivor size 17760256 bytes, new threshold 1 (max 15)
 [PSYoungGen: 2765034K->4784K(2778560K)] 7235710K->4476258K(8371008K), 0.0388350 secs] [Times: user=0.21 sys=0.02, real=0.04 secs] 
2011-02-12T11:56:15.133+0000: 41864.453: [GC
Desired survivor size 17104896 bytes, new threshold 1 (max 15)
 [PSYoungGen: 2765744K->6624K(2779456K)] 7237218K->4478786K(8371904K), 0.0387300 secs] [Times: user=0.22 sys=0.01, real=0.04 secs] 
2011-02-12T11:56:21.061+0000: 41870.381: [GC
Desired survivor size 16711680 bytes, new threshold 1 (max 15)
 [PSYoungGen: 2768736K->5344K(2778816K)] 7240898K->4478066K(8371264K), 0.0405550 secs] [Times: user=0.23 sys=0.01, real=0.04 secs] 
2011-02-12T11:56:27.406+0000: 41876.725: [GC
Desired survivor size 16384000 bytes, new threshold 1 (max 15)
 [PSYoungGen: 2767456K->9248K(2780160K)] 7240178K->4482462K(8372608K), 0.0466670 secs] [Times: user=0.25 sys=0.02, real=0.05 secs] 
2011-02-12T11:56:34.124+0000: 41883.443: [GC
Desired survivor size 16580608 bytes, new threshold 1 (max 15)
 [PSYoungGen: 2773088K->10656K(2779840K)] 7246302K->4484402K(8372288K), 0.0467790 secs] [Times: user=0.26 sys=0.01, real=0.05 secs] 
2011-02-12T11:56:40.753+0000: 41890.072: [GC
Desired survivor size 15859712 bytes, new threshold 1 (max 15)
 [PSYoungGen: 2774496K->7793K(2780672K)] 7248242K->4482083K(8373120K), 0.0404350 secs] [Times: user=0.22 sys=0.01, real=0.04 secs] 
2011-02-12T11:56:47.523+0000: 41896.843: [GC
Desired survivor size 18087936 bytes, new threshold 1 (max 15)
 [PSYoungGen: 2772273K->15484K(2779968K)] 7246563K->4490319K(8372416K), 0.0553010 secs] [Times: user=0.29 sys=0.01, real=0.05 secs] 
2011-02-12T11:56:54.276+0000: 41903.596: [GC
Desired survivor size 19464192 bytes, new threshold 1 (max 15)
 [PSYoungGen: 2779964K->14880K(2774336K)] 7254799K->4490206K(8366784K), 0.0500440 secs] [Times: user=0.28 sys=0.02, real=0.05 secs] 
2011-02-12T11:57:00.994+0000: 41910.314: [GC
Desired survivor size 19988480 bytes, new threshold 1 (max 15)
 [PSYoungGen: 2773024K->13601K(2771776K)] 7248350K->4489344K(8364224K), 0.0482240 secs] [Times: user=0.29 sys=0.01, real=0.05 secs] 
2011-02-12T11:57:07.161+0000: 41916.481: [GC
Desired survivor size 21299200 bytes, new threshold 1 (max 15)
 [PSYoungGen: 2771745K->15880K(2774080K)] 7247488K->4492348K(8366528K), 0.0513860 secs] [Times: user=0.29 sys=0.02, real=0.05 secs] 
2011-02-12T11:57:13.915+0000: 41923.235: [GC
Desired survivor size 20905984 bytes, new threshold 1 (max 15)
 [PSYoungGen: 2770440K->12432K(2775360K)] 7246908K->4489629K(8367808K), 0.0501830 secs] [Times: user=0.29 sys=0.02, real=0.05 secs] 
2011-02-12T11:57:20.217+0000: 41929.537: [GC
Desired survivor size 23265280 bytes, new threshold 1 (max 15)
 [PSYoungGen: 2766992K->19552K(2771136K)] 7244189K->4497405K(8363584K), 0.0548380 secs] [Times: user=0.33 sys=0.01, real=0.05 secs] 
2011-02-12T11:57:26.538+0000: 41935.858: [GC
Desired survivor size 22872064 bytes, new threshold 1 (max 15)
 [PSYoungGen: 2770272K->7488K(2773440K)] 7248125K->4485929K(8365888K), 0.0415360 secs] [Times: user=0.23 sys=0.02, real=0.04 secs] 
2011-02-12T11:57:32.695+0000: 41942.015: [GC
Desired survivor size 21757952 bytes, new threshold 1 (max 15)
 [PSYoungGen: 2758208K->10944K(2774912K)] 7236649K->4489825K(8367360K), 0.0473400 secs] [Times: user=0.27 sys=0.01, real=0.04 secs] 
2011-02-12T11:57:39.016+0000: 41948.336: [GC
Desired survivor size 22544384 bytes, new threshold 1 (max 15)
 [PSYoungGen: 2763520K->15840K(2773824K)] 7242401K->4495197K(8366272K), 0.0529330 secs] [Times: user=0.31 sys=0.02, real=0.05 secs] 
2011-02-12T11:57:45.345+0000: 41954.665: [GC
Desired survivor size 21561344 bytes, new threshold 1 (max 15)
 [PSYoungGen: 2768416K->11040K(2775104K)] 7247773K->4490905K(8367552K), 0.0487300 secs] [Times: user=0.27 sys=0.01, real=0.05 secs] 
2011-02-12T11:57:51.851+0000: 41961.171: [GC
Desired survivor size 21561344 bytes, new threshold 1 (max 15)
 [PSYoungGen: 2764128K->5887K(2774144K)] 7243993K->4486272K(8366592K), 0.0422750 secs] [Times: user=0.22 sys=0.01, real=0.04 secs] 
2011-02-12T11:57:57.845+0000: 41967.164: [GC
Desired survivor size 20774912 bytes, new threshold 1 (max 15)
 [PSYoungGen: 2758975K->9792K(2775872K)] 7239360K->4490633K(8368320K), 0.0459940 secs] [Times: user=0.25 sys=0.02, real=0.05 secs] 
2011-02-12T11:58:03.739+0000: 41973.059: [GC
Desired survivor size 20119552 bytes, new threshold 1 (max 15)
 [PSYoungGen: 2764608K->9322K(2775104K)] 7245449K->4490691K(8367552K), 0.0447740 secs] [Times: user=0.23 sys=0.02, real=0.04 secs] 
2011-02-12T11:58:09.539+0000: 41978.858: [GC
Desired survivor size 20119552 bytes, new threshold 1 (max 15)
 [PSYoungGen: 2764138K->5388K(2776512K)] 7245507K->4487547K(8368960K), 0.0377530 secs] [Times: user=0.20 sys=0.02, real=0.03 secs] 
2011-02-12T11:58:15.837+0000: 41985.157: [GC
Desired survivor size 19202048 bytes, new threshold 1 (max 15)
 [PSYoungGen: 2762252K->9952K(2776512K)] 7244411K->4492963K(8368960K), 0.0452960 secs] [Times: user=0.26 sys=0.01, real=0.05 secs] 
2011-02-12T11:58:22.067+0000: 41991.387: [GC
Desired survivor size 19595264 bytes, new threshold 1 (max 15)
 [PSYoungGen: 2766816K->13472K(2776640K)] 7249827K->4497123K(8369088K), 0.0500400 secs] [Times: user=0.29 sys=0.01, real=0.05 secs] 
2011-02-12T11:58:28.230+0000: 41997.549: [GC
Desired survivor size 20905984 bytes, new threshold 1 (max 15)
 [PSYoungGen: 2771360K->16320K(2774208K)] 7255011K->4500475K(8366656K), 0.0550660 secs] [Times: user=0.29 sys=0.01, real=0.06 secs] 
2011-02-12T11:58:34.635+0000: 42003.954: [GC
Desired survivor size 20185088 bytes, new threshold 1 (max 15)
 [PSYoungGen: 2774208K->9695K(2776448K)] 7258363K->4494267K(8368896K), 0.0451540 secs] [Times: user=0.23 sys=0.01, real=0.04 secs] 
2011-02-12T11:58:40.823+0000: 42010.143: [GC
Desired survivor size 19595264 bytes, new threshold 1 (max 15)
 [PSYoungGen: 2765727K->11680K(2775744K)] 7250299K->4496689K(8368192K), 0.0464310 secs] [Times: user=0.27 sys=0.02, real=0.04 secs] 
2011-02-12T11:58:47.098+0000: 42016.417: [GC
Desired survivor size 20512768 bytes, new threshold 1 (max 15)
 [PSYoungGen: 2767712K->15680K(2775232K)] 7252721K->4501209K(8367680K), 0.0508180 secs] [Times: user=0.30 sys=0.03, real=0.05 secs] 
2011-02-12T11:58:53.425+0000: 42022.744: [GC
Desired survivor size 20119552 bytes, new threshold 1 (max 15)
 [PSYoungGen: 2771776K->8791K(2776128K)] 7257305K->4494804K(8368576K), 0.0430820 secs] [Times: user=0.25 sys=0.02, real=0.04 secs] 
2011-02-12T11:58:59.877+0000: 42029.196: [GC
Desired survivor size 19333120 bytes, new threshold 1 (max 15)
 [PSYoungGen: 2764887K->11488K(2777280K)] 7250900K->4498068K(8369728K), 0.0473300 secs] [Times: user=0.27 sys=0.01, real=0.04 secs] 
2011-02-12T11:59:05.629+0000: 42034.949: [GC
Desired survivor size 18808832 bytes, new threshold 1 (max 15)
 [PSYoungGen: 2769120K->9866K(2776512K)] 7255700K->4496910K(8368960K), 0.0466740 secs] [Times: user=0.25 sys=0.01, real=0.05 secs] 
2011-02-12T11:59:11.823+0000: 42041.142: [GC
Desired survivor size 19267584 bytes, new threshold 1 (max 15)
 [PSYoungGen: 2767498K->14192K(2776896K)] 7254542K->4502002K(8369344K), 0.0520460 secs] [Times: user=0.28 sys=0.03, real=0.05 secs] 
2011-02-12T11:59:18.008+0000: 42047.328: [GC
Desired survivor size 21233664 bytes, new threshold 1 (max 15)
 [PSYoungGen: 2772720K->18592K(2777152K)] 7260530K->4507050K(8369600K), 0.0548110 secs] [Times: user=0.31 sys=0.02, real=0.05 secs] 
2011-02-12T11:59:23.849+0000: 42053.168: [GC
Desired survivor size 22478848 bytes, new threshold 1 (max 15)
 [PSYoungGen: 2777120K->17856K(2771264K)] 7265578K->4506934K(8363712K), 0.0526040 secs] [Times: user=0.32 sys=0.00, real=0.05 secs] 
2011-02-12T11:59:30.039+0000: 42059.359: [GC
Desired survivor size 22216704 bytes, new threshold 1 (max 15)
 [PSYoungGen: 2770112K->8880K(2774208K)] 7259190K->4498422K(8366656K), 0.0447910 secs] [Times: user=0.24 sys=0.01, real=0.04 secs] 
2011-02-12T11:59:36.343+0000: 42065.662: [GC
Desired survivor size 22282240 bytes, new threshold 1 (max 15)
 [PSYoungGen: 2761136K->15040K(2774336K)] 7250678K->4505182K(8366784K), 0.0510470 secs] [Times: user=0.28 sys=0.01, real=0.05 secs] 
2011-02-12T11:59:42.548+0000: 42071.868: [GC
Desired survivor size 21823488 bytes, new threshold 1 (max 15)
 [PSYoungGen: 2767680K->9948K(2774400K)] 7257822K->4500539K(8366848K), 0.0444950 secs] [Times: user=0.26 sys=0.01, real=0.05 secs] 
2011-02-12T11:59:48.955+0000: 42078.274: [GC
Desired survivor size 22609920 bytes, new threshold 1 (max 15)
 [PSYoungGen: 2762588K->16864K(2773312K)] 7253179K->4508091K(8365760K), 0.0544940 secs] [Times: user=0.31 sys=0.03, real=0.05 secs] 
2011-02-12T11:59:55.270+0000: 42084.589: [GC
Desired survivor size 21954560 bytes, new threshold 1 (max 15)
 [PSYoungGen: 2768864K->11232K(2774080K)] 7260091K->4502911K(8366528K), 0.0477910 secs] [Times: user=0.27 sys=0.01, real=0.05 secs] 
2011-02-12T12:00:01.322+0000: 42090.641: [GC
Desired survivor size 22413312 bytes, new threshold 1 (max 15)
 [PSYoungGen: 2763232K->16257K(2773824K)] 7254911K->4508449K(8366272K), 0.0556510 secs] [Times: user=0.30 sys=0.02, real=0.06 secs] 
2011-02-12T12:00:06.442+0000: 42095.762: [GC
Desired survivor size 21823488 bytes, new threshold 1 (max 15)
 [PSYoungGen: 2768641K->11112K(2774272K)] 7260833K->4503981K(8366720K), 0.0499010 secs] [Times: user=0.26 sys=0.04, real=0.05 secs] 
2011-02-12T12:00:11.723+0000: 42101.043: [GC
Desired survivor size 22282240 bytes, new threshold 1 (max 15)
 [PSYoungGen: 2763496K->5366K(2773952K)] 7256365K->4498965K(8366400K), 0.0434460 secs] [Times: user=0.21 sys=0.01, real=0.05 secs] 
2011-02-12T12:00:17.274+0000: 42106.593: [GC
Desired survivor size 22020096 bytes, new threshold 1 (max 15)
 [PSYoungGen: 2758006K->14043K(2774400K)] 7251605K->4508302K(8366848K), 0.0517770 secs] [Times: user=0.27 sys=0.02, real=0.05 secs] 
2011-02-12T12:00:23.047+0000: 42112.366: [GC
Desired survivor size 21233664 bytes, new threshold 1 (max 15)
 [PSYoungGen: 2766683K->11360K(2775424K)] 7260942K->4506191K(8367872K), 0.0488540 secs] [Times: user=0.25 sys=0.03, real=0.05 secs] 
2011-02-12T12:00:28.762+0000: 42118.082: [GC
Desired survivor size 21299200 bytes, new threshold 1 (max 15)
 [PSYoungGen: 2765280K->6720K(2774656K)] 7260111K->4502015K(8367104K), 0.0400130 secs] [Times: user=0.22 sys=0.01, real=0.04 secs] 
2011-02-12T12:00:34.566+0000: 42123.886: [GC
Desired survivor size 21102592 bytes, new threshold 1 (max 15)
 [PSYoungGen: 2760640K->7314K(2775552K)] 7255935K->4503057K(8368000K), 0.0428180 secs] [Times: user=0.22 sys=0.01, real=0.04 secs] 
2011-02-12T12:00:40.336+0000: 42129.656: [GC
Desired survivor size 21954560 bytes, new threshold 1 (max 15)
 [PSYoungGen: 2762066K->15954K(2770752K)] 7257809K->4512162K(8363200K), 0.0510180 secs] [Times: user=0.30 sys=0.02, real=0.06 secs] 
2011-02-12T12:00:45.912+0000: 42135.232: [GC
Desired survivor size 21233664 bytes, new threshold 1 (max 15)
 [PSYoungGen: 2770706K->12384K(2775424K)] 7266914K->4509108K(8367872K), 0.0471180 secs] [Times: user=0.26 sys=0.01, real=0.05 secs] 
2011-02-12T12:00:52.063+0000: 42141.383: [GC
Desired survivor size 21233664 bytes, new threshold 1 (max 15)
 [PSYoungGen: 2766368K->14208K(2774720K)] 7263092K->4511389K(8367168K), 0.0505500 secs] [Times: user=0.29 sys=0.03, real=0.05 secs] 
2011-02-12T12:00:57.240+0000: 42146.559: [GC
Desired survivor size 21823488 bytes, new threshold 1 (max 15)
 [PSYoungGen: 2768192K->3712K(2774272K)] 7265373K->4501445K(8366720K), 0.0335870 secs] [Times: user=0.21 sys=0.01, real=0.03 secs] 
2011-02-12T12:01:02.845+0000: 42152.165: [GC
Desired survivor size 23199744 bytes, new threshold 1 (max 15)
 [PSYoungGen: 2757248K->17610K(2771200K)] 7254981K->4515783K(8363648K), 0.0521530 secs] [Times: user=0.33 sys=0.00, real=0.05 secs] 
2011-02-12T12:01:07.790+0000: 42157.110: [GC
Desired survivor size 23724032 bytes, new threshold 1 (max 15)
 [PSYoungGen: 2771146K->16096K(2772480K)] 7269319K->4515071K(8364928K), 0.0532060 secs] [Times: user=0.32 sys=0.02, real=0.06 secs] 
2011-02-12T12:01:13.832+0000: 42163.152: [GC
Desired survivor size 24313856 bytes, new threshold 1 (max 15)
 [PSYoungGen: 2765920K->16752K(2766592K)] 7264895K->4516287K(8359040K), 0.0540720 secs] [Times: user=0.31 sys=0.02, real=0.05 secs] 
2011-02-12T12:01:19.799+0000: 42169.119: [GC
Desired survivor size 25755648 bytes, new threshold 1 (max 15)
 [PSYoungGen: 2766576K->19488K(2769600K)] 7266111K->4519671K(8362048K), 0.0547430 secs] [Times: user=0.32 sys=0.02, real=0.06 secs] 
2011-02-12T12:01:25.523+0000: 42174.842: [GC
Desired survivor size 24838144 bytes, new threshold 1 (max 15)
 [PSYoungGen: 2765344K->14112K(2771008K)] 7265527K->4514775K(8363456K), 0.0489670 secs] [Times: user=0.29 sys=0.01, real=0.05 secs] 
2011-02-12T12:01:31.319+0000: 42180.639: [GC
Desired survivor size 23986176 bytes, new threshold 1 (max 15)
 [PSYoungGen: 2759968K->11904K(2772736K)] 7260631K->4513071K(8365184K), 0.0493520 secs] [Times: user=0.28 sys=0.01, real=0.05 secs] 
2011-02-12T12:01:36.942+0000: 42186.261: [GC
Desired survivor size 23986176 bytes, new threshold 1 (max 15)
 [PSYoungGen: 2760384K->7296K(2771904K)] 7261551K->4509011K(8364352K), 0.0435840 secs] [Times: user=0.23 sys=0.01, real=0.05 secs] 
2011-02-12T12:01:42.558+0000: 42191.878: [GC
Desired survivor size 26345472 bytes, new threshold 1 (max 15)
 [PSYoungGen: 2755776K->21672K(2768128K)] 7257491K->4523819K(8360576K), 0.0588190 secs] [Times: user=0.33 sys=0.02, real=0.06 secs] 
2011-02-12T12:01:48.201+0000: 42197.521: [GC
Desired survivor size 25165824 bytes, new threshold 1 (max 15)
 [PSYoungGen: 2766376K->13824K(2770432K)] 7268523K->4516443K(8362880K), 0.0496710 secs] [Times: user=0.29 sys=0.01, real=0.05 secs] 
2011-02-12T12:01:53.885+0000: 42203.205: [GC
Desired survivor size 24248320 bytes, new threshold 1 (max 15)
 [PSYoungGen: 2758528K->14144K(2772480K)] 7261147K->4517291K(8364928K), 0.0489070 secs] [Times: user=0.28 sys=0.01, real=0.05 secs] 
2011-02-12T12:01:59.467+0000: 42208.786: [GC
Desired survivor size 24444928 bytes, new threshold 1 (max 15)
 [PSYoungGen: 2762048K->6560K(2771584K)] 7265195K->4510195K(8364032K), 0.0417160 secs] [Times: user=0.22 sys=0.01, real=0.04 secs] 
2011-02-12T12:02:04.544+0000: 42213.864: [GC
Desired survivor size 23461888 bytes, new threshold 1 (max 15)
 [PSYoungGen: 2754464K->13258K(2773248K)] 7258099K->4517357K(8365696K), 0.0475360 secs] [Times: user=0.28 sys=0.01, real=0.05 secs] 
2011-02-12T12:02:09.784+0000: 42219.104: [GC
Desired survivor size 23855104 bytes, new threshold 1 (max 15)
 [PSYoungGen: 2762634K->4976K(2772288K)] 7266733K->4509857K(8364736K), 0.0403750 secs] [Times: user=0.21 sys=0.02, real=0.04 secs] 
2011-02-12T12:02:15.652+0000: 42224.971: [GC
Desired survivor size 24051712 bytes, new threshold 1 (max 15)
 [PSYoungGen: 2754352K->4400K(2772480K)] 7259233K->4509897K(8364928K), 0.0371200 secs] [Times: user=0.21 sys=0.01, real=0.04 secs] 
2011-02-12T12:02:21.134+0000: 42230.454: [GC
Desired survivor size 24576000 bytes, new threshold 1 (max 15)
 [PSYoungGen: 2753584K->15968K(2765184K)] 7259081K->4522017K(8357632K), 0.0521940 secs] [Times: user=0.31 sys=0.02, real=0.05 secs] 
2011-02-12T12:02:26.658+0000: 42235.977: [GC
Desired survivor size 23920640 bytes, new threshold 1 (max 15)
 [PSYoungGen: 2765152K->8384K(2772800K)] 7271201K->4514921K(8365248K), 0.0432360 secs] [Times: user=0.24 sys=0.01, real=0.05 secs] 
2011-02-12T12:02:32.667+0000: 42241.987: [GC
Desired survivor size 23199744 bytes, new threshold 1 (max 15)
 [PSYoungGen: 2757184K->8672K(2772160K)] 7263721K->4515673K(8364608K), 0.0442380 secs] [Times: user=0.24 sys=0.01, real=0.05 secs] 
2011-02-12T12:02:38.400+0000: 42247.720: [GC
Desired survivor size 22937600 bytes, new threshold 1 (max 15)
 [PSYoungGen: 2757472K->6080K(2773760K)] 7264473K->4513545K(8366208K), 0.0395680 secs] [Times: user=0.21 sys=0.02, real=0.04 secs] 
2011-02-12T12:02:44.537+0000: 42253.857: [GC
Desired survivor size 22216704 bytes, new threshold 1 (max 15)
 [PSYoungGen: 2757184K->8096K(2773504K)] 7264649K->4516045K(8365952K), 0.0439340 secs] [Times: user=0.23 sys=0.01, real=0.04 secs] 
2011-02-12T12:02:50.495+0000: 42259.815: [GC
Desired survivor size 21102592 bytes, new threshold 1 (max 15)
 [PSYoungGen: 2759200K->10080K(2775552K)] 7267149K->4518533K(8368000K), 0.0470410 secs] [Times: user=0.25 sys=0.01, real=0.04 secs] 
2011-02-12T12:02:56.448+0000: 42265.767: [GC
Desired survivor size 20447232 bytes, new threshold 1 (max 15)
 [PSYoungGen: 2763936K->11392K(2774464K)] 7272389K->4520341K(8366912K), 0.0462010 secs] [Times: user=0.26 sys=0.01, real=0.05 secs] 
2011-02-12T12:03:02.187+0000: 42271.507: [GC
Desired survivor size 19595264 bytes, new threshold 1 (max 15)
 [PSYoungGen: 2765248K->9794K(2777024K)] 7274197K->4519215K(8369472K), 0.0461390 secs] [Times: user=0.24 sys=0.01, real=0.04 secs] 
2011-02-12T12:03:07.641+0000: 42276.961: [GC
Desired survivor size 22347776 bytes, new threshold 1 (max 15)
 [PSYoungGen: 2766850K->19112K(2776192K)] 7276271K->4529507K(8368640K), 0.0563130 secs] [Times: user=0.29 sys=0.01, real=0.06 secs] 
2011-02-12T12:03:13.659+0000: 42282.979: [GC
Desired survivor size 24903680 bytes, new threshold 1 (max 15)
 [PSYoungGen: 2776168K->19952K(2767488K)] 7286563K->4531227K(8359936K), 0.0553500 secs] [Times: user=0.34 sys=0.01, real=0.05 secs] 
2011-02-12T12:03:19.943+0000: 42289.262: [GC
Desired survivor size 24641536 bytes, new threshold 1 (max 15)
 [PSYoungGen: 2767472K->6720K(2771840K)] 7278747K->4518651K(8364288K), 0.0447100 secs] [Times: user=0.23 sys=0.01, real=0.05 secs] 
2011-02-12T12:03:26.171+0000: 42295.490: [GC
Desired survivor size 23527424 bytes, new threshold 1 (max 15)
 [PSYoungGen: 2754240K->10848K(2773184K)] 7266171K->4523219K(8365632K), 0.0462420 secs] [Times: user=0.26 sys=0.02, real=0.05 secs] 
2011-02-12T12:03:31.621+0000: 42300.941: [GC
Desired survivor size 23724032 bytes, new threshold 1 (max 15)
 [PSYoungGen: 2759968K->3872K(2772096K)] 7272339K->4516763K(8364544K), 0.0336650 secs] [Times: user=0.21 sys=0.00, real=0.03 secs] 
2011-02-12T12:03:37.841+0000: 42307.160: [GC
Desired survivor size 23265280 bytes, new threshold 1 (max 15)
 [PSYoungGen: 2752992K->6336K(2773440K)] 7265883K->4519715K(8365888K), 0.0400710 secs] [Times: user=0.22 sys=0.02, real=0.04 secs] 
2011-02-12T12:03:44.102+0000: 42313.421: [GC
Desired survivor size 22937600 bytes, new threshold 1 (max 15)
 [PSYoungGen: 2756608K->12816K(2772992K)] 7269987K->4526659K(8365440K), 0.0494230 secs] [Times: user=0.26 sys=0.01, real=0.05 secs] 
2011-02-12T12:03:50.152+0000: 42319.471: [GC
Desired survivor size 22478848 bytes, new threshold 1 (max 15)
 [PSYoungGen: 2763088K->12640K(2774208K)] 7276931K->4526999K(8366656K), 0.0483440 secs] [Times: user=0.26 sys=0.01, real=0.05 secs] 
2011-02-12T12:03:56.354+0000: 42325.674: [GC
Desired survivor size 23920640 bytes, new threshold 1 (max 15)
 [PSYoungGen: 2764448K->17747K(2769600K)] 7278807K->4532691K(8362048K), 0.0518940 secs] [Times: user=0.32 sys=0.00, real=0.05 secs] 
2011-02-12T12:04:02.275+0000: 42331.595: [GC
Desired survivor size 26542080 bytes, new threshold 1 (max 15)
 [PSYoungGen: 2769555K->21594K(2767680K)] 7284499K->4537017K(8360128K), 0.0568920 secs] [Times: user=0.34 sys=0.02, real=0.06 secs] 
2011-02-12T12:04:07.676+0000: 42336.995: [GC
Desired survivor size 26148864 bytes, new threshold 1 (max 15)
 [PSYoungGen: 2765914K->15152K(2770240K)] 7281337K->4531326K(8362688K), 0.0509080 secs] [Times: user=0.30 sys=0.02, real=0.05 secs] 
2011-02-12T12:04:13.392+0000: 42342.711: [GC
Desired survivor size 25100288 bytes, new threshold 1 (max 15)
 [PSYoungGen: 2759472K->11544K(2771648K)] 7275646K->4528398K(8364096K), 0.0457620 secs] [Times: user=0.26 sys=0.00, real=0.05 secs] 
2011-02-12T12:04:18.971+0000: 42348.291: [GC
Desired survivor size 25165824 bytes, new threshold 1 (max 15)
 [PSYoungGen: 2757656K->5376K(2770624K)] 7274510K->4522818K(8363072K), 0.0408850 secs] [Times: user=0.23 sys=0.00, real=0.04 secs] 
2011-02-12T12:04:25.192+0000: 42354.512: [GC
Desired survivor size 24117248 bytes, new threshold 1 (max 15)
 [PSYoungGen: 2751488K->12608K(2772608K)] 7268930K->4530510K(8365056K), 0.0479610 secs] [Times: user=0.28 sys=0.03, real=0.05 secs] 
2011-02-12T12:04:31.234+0000: 42360.554: [GC
Desired survivor size 25559040 bytes, new threshold 1 (max 15)
 [PSYoungGen: 2760640K->18965K(2767040K)] 7278542K->4537355K(8359488K), 0.0537900 secs] [Times: user=0.33 sys=0.03, real=0.06 secs] 
2011-02-12T12:04:36.909+0000: 42366.229: [GC
Desired survivor size 25296896 bytes, new threshold 1 (max 15)
 [PSYoungGen: 2766997K->15296K(2771456K)] 7285387K->4534189K(8363904K), 0.0515130 secs] [Times: user=0.31 sys=0.02, real=0.05 secs] 
2011-02-12T12:04:42.688+0000: 42372.008: [GC
Desired survivor size 25165824 bytes, new threshold 1 (max 15)
 [PSYoungGen: 2761792K->15840K(2771200K)] 7280685K->4535222K(8363648K), 0.0506770 secs] [Times: user=0.30 sys=0.02, real=0.05 secs] 
2011-02-12T12:04:48.446+0000: 42377.766: [GC
Desired survivor size 24576000 bytes, new threshold 1 (max 15)
 [PSYoungGen: 2762336K->9900K(2772160K)] 7281718K->4530026K(8364608K), 0.0469680 secs] [Times: user=0.26 sys=0.01, real=0.05 secs] 
2011-02-12T12:04:54.236+0000: 42383.555: [GC
Desired survivor size 23527424 bytes, new threshold 1 (max 15)
 [PSYoungGen: 2757484K->13008K(2771584K)] 7277610K->4533646K(8364032K), 0.0481940 secs] [Times: user=0.27 sys=0.01, real=0.05 secs] 
2011-02-12T12:04:59.751+0000: 42389.070: [GC
Desired survivor size 23986176 bytes, new threshold 1 (max 15)
 [PSYoungGen: 2760592K->4192K(2772288K)] 7281230K->4525294K(8364736K), 0.0345870 secs] [Times: user=0.22 sys=0.01, real=0.03 secs] 
2011-02-12T12:05:05.092+0000: 42394.411: [GC
Desired survivor size 23461888 bytes, new threshold 1 (max 15)
 [PSYoungGen: 2753504K->13770K(2772736K)] 7274606K->4535296K(8365184K), 0.0524070 secs] [Times: user=0.28 sys=0.02, real=0.05 secs] 
2011-02-12T12:05:10.650+0000: 42399.969: [GC
Desired survivor size 23396352 bytes, new threshold 1 (max 15)
 [PSYoungGen: 2763082K->6482K(2773312K)] 7284608K->4528838K(8365760K), 0.0410020 secs] [Times: user=0.20 sys=0.01, real=0.05 secs] 
2011-02-12T12:05:16.770+0000: 42406.090: [GC
Desired survivor size 22478848 bytes, new threshold 1 (max 15)
 [PSYoungGen: 2756882K->10240K(2773248K)] 7279238K->4533260K(8365696K), 0.0465020 secs] [Times: user=0.26 sys=0.01, real=0.05 secs] 
2011-02-12T12:05:23.034+0000: 42412.353: [GC
Desired survivor size 22151168 bytes, new threshold 1 (max 15)
 [PSYoungGen: 2760640K->13408K(2774528K)] 7283660K->4536980K(8366976K), 0.0485540 secs] [Times: user=0.28 sys=0.01, real=0.05 secs] 
2011-02-12T12:05:29.212+0000: 42418.532: [GC
Desired survivor size 22544384 bytes, new threshold 1 (max 15)
 [PSYoungGen: 2765984K->3712K(2756288K)] 7289556K->4527764K(8348736K), 0.0329990 secs] [Times: user=0.20 sys=0.01, real=0.04 secs] 
2011-02-12T12:05:35.450+0000: 42424.770: [GC
Desired survivor size 21823488 bytes, new threshold 1 (max 15)
 [PSYoungGen: 2756288K->8512K(2774848K)] 7280340K->4533044K(8367296K), 0.0411360 secs] [Times: user=0.23 sys=0.01, real=0.04 secs] 
2011-02-12T12:05:41.344+0000: 42430.664: [GC
Desired survivor size 21168128 bytes, new threshold 1 (max 15)
 [PSYoungGen: 2761344K->8192K(2774144K)] 7285876K->4533236K(8366592K), 0.0416900 secs] [Times: user=0.23 sys=0.00, real=0.04 secs] 
2011-02-12T12:05:46.747+0000: 42436.066: [GC
Desired survivor size 22020096 bytes, new threshold 1 (max 15)
 [PSYoungGen: 2761024K->15408K(2773824K)] 7286068K->4540892K(8366272K), 0.0505750 secs] [Times: user=0.30 sys=0.02, real=0.05 secs] 
2011-02-12T12:05:51.909+0000: 42441.228: [GC
Desired survivor size 22216704 bytes, new threshold 1 (max 15)
 [PSYoungGen: 2768560K->3488K(2756672K)] 7294044K->4529468K(8349120K), 0.0327840 secs] [Times: user=0.20 sys=0.02, real=0.03 secs] 
2011-02-12T12:05:57.395+0000: 42446.715: [GC
Desired survivor size 21233664 bytes, new threshold 1 (max 15)
 [PSYoungGen: 2756640K->10656K(2775424K)] 7282620K->4537052K(8367872K), 0.0454830 secs] [Times: user=0.26 sys=0.01, real=0.05 secs] 
2011-02-12T12:06:03.331+0000: 42452.651: [GC
Desired survivor size 21037056 bytes, new threshold 1 (max 15)
 [PSYoungGen: 2764384K->12566K(2774464K)] 7290780K->4539419K(8366912K), 0.0480170 secs] [Times: user=0.28 sys=0.02, real=0.05 secs] 
2011-02-12T12:06:09.221+0000: 42458.540: [GC
Desired survivor size 20185088 bytes, new threshold 1 (max 15)
 [PSYoungGen: 2766294K->9328K(2776448K)] 7293147K->4537039K(8368896K), 0.0483260 secs] [Times: user=0.25 sys=0.02, real=0.05 secs] 
2011-02-12T12:06:15.616+0000: 42464.935: [GC
Desired survivor size 20840448 bytes, new threshold 1 (max 15)
 [PSYoungGen: 2765232K->14480K(2775616K)] 7292943K->4542819K(8368064K), 0.0523170 secs] [Times: user=0.30 sys=0.02, real=0.06 secs] 
2011-02-12T12:06:22.245+0000: 42471.564: [GC
Desired survivor size 20119552 bytes, new threshold 1 (max 15)
 [PSYoungGen: 2770384K->9248K(2776512K)] 7298723K->4538155K(8368960K), 0.0450600 secs] [Times: user=0.24 sys=0.01, real=0.05 secs] 
2011-02-12T12:06:28.499+0000: 42477.818: [GC
Desired survivor size 20643840 bytes, new threshold 1 (max 15)
 [PSYoungGen: 2765408K->14496K(2775808K)] 7294315K->4543955K(8368256K), 0.0507310 secs] [Times: user=0.27 sys=0.02, real=0.06 secs] 
2011-02-12T12:06:34.717+0000: 42484.037: [GC
Desired survivor size 20709376 bytes, new threshold 1 (max 15)
 [PSYoungGen: 2770655K->5376K(2775872K)] 7300115K->4535267K(8368320K), 0.0422340 secs] [Times: user=0.22 sys=0.01, real=0.04 secs] 
2011-02-12T12:06:40.762+0000: 42490.082: [GC
Desired survivor size 20512768 bytes, new threshold 1 (max 15)
 [PSYoungGen: 2761088K->5920K(2775936K)] 7290979K->4536235K(8368384K), 0.0407290 secs] [Times: user=0.22 sys=0.01, real=0.04 secs] 
2011-02-12T12:06:47.014+0000: 42496.334: [GC
Desired survivor size 19595264 bytes, new threshold 1 (max 15)
 [PSYoungGen: 2761632K->10336K(2777024K)] 7291947K->4541067K(8369472K), 0.0464520 secs] [Times: user=0.26 sys=0.00, real=0.04 secs] 
2011-02-12T12:06:53.623+0000: 42502.943: [GC
Desired survivor size 19398656 bytes, new threshold 1 (max 15)
 [PSYoungGen: 2767328K->5728K(2776128K)] 7298059K->4536923K(8368576K), 0.0421080 secs] [Times: user=0.22 sys=0.01, real=0.04 secs] 
2011-02-12T12:07:00.058+0000: 42509.377: [GC
Desired survivor size 20054016 bytes, new threshold 1 (max 15)
 [PSYoungGen: 2762505K->13812K(2775936K)] 7293701K->4545499K(8368384K), 0.0488150 secs] [Times: user=0.26 sys=0.01, real=0.05 secs] 
2011-02-12T12:07:05.847+0000: 42515.167: [GC
Desired survivor size 20774912 bytes, new threshold 1 (max 15)
 [PSYoungGen: 2770804K->14440K(2771456K)] 7302491K->4546797K(8363904K), 0.0557830 secs] [Times: user=0.26 sys=0.02, real=0.05 secs] 
2011-02-12T12:07:11.779+0000: 42521.098: [GC
Desired survivor size 20316160 bytes, new threshold 1 (max 15)
 [PSYoungGen: 2771432K->11856K(2776320K)] 7303789K->4544797K(8368768K), 0.0488450 secs] [Times: user=0.26 sys=0.02, real=0.05 secs] 
2011-02-12T12:07:18.075+0000: 42527.394: [GC
Desired survivor size 20447232 bytes, new threshold 1 (max 15)
 [PSYoungGen: 2767888K->4352K(2775872K)] 7300829K->4537989K(8368320K), 0.0404150 secs] [Times: user=0.21 sys=0.02, real=0.05 secs] 
2011-02-12T12:07:24.362+0000: 42533.682: [GC
Desired survivor size 19726336 bytes, new threshold 1 (max 15)
 [PSYoungGen: 2760384K->10880K(2776896K)] 7294021K->4545109K(8369344K), 0.0490970 secs] [Times: user=0.27 sys=0.02, real=0.05 secs] 
2011-02-12T12:07:30.298+0000: 42539.618: [GC
Desired survivor size 19005440 bytes, new threshold 1 (max 15)
 [PSYoungGen: 2767808K->9088K(2776192K)] 7302037K->4543881K(8368640K), 0.0434940 secs] [Times: user=0.23 sys=0.00, real=0.04 secs] 
2011-02-12T12:07:36.042+0000: 42545.362: [GC
Desired survivor size 18808832 bytes, new threshold 1 (max 15)
 [PSYoungGen: 2766016K->5984K(2777792K)] 7300809K->4541281K(8370240K), 0.0400650 secs] [Times: user=0.22 sys=0.02, real=0.04 secs] 
2011-02-12T12:07:42.150+0000: 42551.470: [GC
Desired survivor size 18415616 bytes, new threshold 1 (max 15)
 [PSYoungGen: 2765216K->6528K(2777600K)] 7300513K->4542305K(8370048K), 0.0435120 secs] [Times: user=0.22 sys=0.02, real=0.04 secs] 
2011-02-12T12:07:48.339+0000: 42557.658: [GC
Desired survivor size 18808832 bytes, new threshold 1 (max 15)
 [PSYoungGen: 2765760K->12608K(2777408K)] 7301537K->4548817K(8369856K), 0.0485180 secs] [Times: user=0.28 sys=0.02, real=0.05 secs] 
2011-02-12T12:07:54.528+0000: 42563.848: [GC
Desired survivor size 20185088 bytes, new threshold 1 (max 15)
 [PSYoungGen: 2772032K->15616K(2775040K)] 7308241K->4552265K(8367488K), 0.0530490 secs] [Times: user=0.30 sys=0.02, real=0.06 secs] 
2011-02-12T12:08:00.107+0000: 42569.426: [GC
Desired survivor size 19333120 bytes, new threshold 1 (max 15)
 [PSYoungGen: 2775040K->9442K(2777280K)] 7311689K->4546623K(8369728K), 0.0457820 secs] [Times: user=0.25 sys=0.03, real=0.05 secs] 
2011-02-12T12:08:05.653+0000: 42574.973: [GC
Desired survivor size 19529728 bytes, new threshold 1 (max 15)
 [PSYoungGen: 2767010K->4104K(2776448K)] 7304191K->4541931K(8368896K), 0.0373370 secs] [Times: user=0.22 sys=0.01, real=0.03 secs] 
2011-02-12T12:08:11.673+0000: 42580.993: [GC
Desired survivor size 18874368 bytes, new threshold 1 (max 15)
 [PSYoungGen: 2761672K->7576K(2777728K)] 7299499K->4546076K(8370176K), 0.0454640 secs] [Times: user=0.23 sys=0.01, real=0.04 secs] 
2011-02-12T12:08:17.562+0000: 42586.882: [GC
Desired survivor size 18612224 bytes, new threshold 1 (max 15)
 [PSYoungGen: 2766232K->5632K(2777088K)] 7304732K->4544764K(8369536K), 0.0397050 secs] [Times: user=0.21 sys=0.01, real=0.04 secs] 
2011-02-12T12:08:23.445+0000: 42592.765: [GC
Desired survivor size 18087936 bytes, new threshold 1 (max 15)
 [PSYoungGen: 2764288K->6496K(2778496K)] 7303420K->4546172K(8370944K), 0.0411340 secs] [Times: user=0.21 sys=0.01, real=0.04 secs] 
2011-02-12T12:08:29.625+0000: 42598.945: [GC
Desired survivor size 17235968 bytes, new threshold 1 (max 15)
 [PSYoungGen: 2766816K->8128K(2777984K)] 7306492K->4548324K(8370432K), 0.0409000 secs] [Times: user=0.22 sys=0.02, real=0.04 secs] 
2011-02-12T12:08:36.030+0000: 42605.349: [GC
Desired survivor size 16842752 bytes, new threshold 1 (max 15)
 [PSYoungGen: 2768448K->6464K(2779712K)] 7308644K->4547088K(8372160K), 0.0439670 secs] [Times: user=0.22 sys=0.02, real=0.04 secs] 
2011-02-12T12:08:42.348+0000: 42611.668: [GC
Desired survivor size 17104896 bytes, new threshold 1 (max 15)
 [PSYoungGen: 2769344K->11328K(2779328K)] 7309968K->4552380K(8371776K), 0.0466600 secs] [Times: user=0.27 sys=0.01, real=0.04 secs] 
2011-02-12T12:08:48.613+0000: 42617.933: [GC
Desired survivor size 18350080 bytes, new threshold 1 (max 15)
 [PSYoungGen: 2774208K->14144K(2777024K)] 7315260K->4555656K(8369472K), 0.0530390 secs] [Times: user=0.27 sys=0.02, real=0.06 secs] 
2011-02-12T12:08:54.884+0000: 42624.203: [GC
Desired survivor size 18087936 bytes, new threshold 1 (max 15)
 [PSYoungGen: 2774464K->5632K(2778240K)] 7315976K->4547648K(8370688K), 0.0410380 secs] [Times: user=0.22 sys=0.01, real=0.04 secs] 
2011-02-12T12:09:00.882+0000: 42630.202: [GC
Desired survivor size 19726336 bytes, new threshold 1 (max 15)
 [PSYoungGen: 2765952K->15578K(2775296K)] 7307968K->4558246K(8367744K), 0.0500030 secs] [Times: user=0.30 sys=0.01, real=0.05 secs] 
2011-02-12T12:09:06.130+0000: 42635.450: [GC
Desired survivor size 19202048 bytes, new threshold 1 (max 15)
 [PSYoungGen: 2773210K->6948K(2776896K)] 7315878K->4550278K(8369344K), 0.0446090 secs] [Times: user=0.22 sys=0.01, real=0.04 secs] 
2011-02-12T12:09:12.108+0000: 42641.428: [GC
Desired survivor size 18939904 bytes, new threshold 1 (max 15)
 [PSYoungGen: 2764580K->11248K(2777664K)] 7307910K->4555302K(8370112K), 0.0462250 secs] [Times: user=0.24 sys=0.01, real=0.05 secs] 
2011-02-12T12:09:18.273+0000: 42647.592: [GC
Desired survivor size 19595264 bytes, new threshold 1 (max 15)
 [PSYoungGen: 2770160K->13520K(2772480K)] 7314214K->4558142K(8364928K), 0.0504600 secs] [Times: user=0.29 sys=0.02, real=0.05 secs] 
2011-02-12T12:09:24.000+0000: 42653.319: [GC
Desired survivor size 19988480 bytes, new threshold 1 (max 15)
 [PSYoungGen: 2772432K->13536K(2776256K)] 7317054K->4558766K(8368704K), 0.0486180 secs] [Times: user=0.29 sys=0.01, real=0.05 secs] 
2011-02-12T12:09:29.991+0000: 42659.311: [GC
Desired survivor size 21102592 bytes, new threshold 1 (max 15)
 [PSYoungGen: 2770656K->15616K(2772736K)] 7315886K->4561321K(8365184K), 0.0532260 secs] [Times: user=0.31 sys=0.02, real=0.06 secs] 
2011-02-12T12:09:35.577+0000: 42664.897: [GC
Desired survivor size 20447232 bytes, new threshold 1 (max 15)
 [PSYoungGen: 2772736K->8800K(2776192K)] 7318441K->4554945K(8368640K), 0.0466740 secs] [Times: user=0.24 sys=0.02, real=0.05 secs] 
2011-02-12T12:09:41.701+0000: 42671.021: [GC
Desired survivor size 19857408 bytes, new threshold 1 (max 15)
 [PSYoungGen: 2764384K->11550K(2775552K)] 7310529K->4558128K(8368000K), 0.0465700 secs] [Times: user=0.27 sys=0.01, real=0.05 secs] 
2011-02-12T12:09:47.427+0000: 42676.747: [GC
Desired survivor size 19136512 bytes, new threshold 1 (max 15)
 [PSYoungGen: 2767134K->9497K(2777472K)] 7313712K->4556562K(8369920K), 0.0433110 secs] [Times: user=0.24 sys=0.01, real=0.04 secs] 
2011-02-12T12:09:53.119+0000: 42682.438: [GC
Desired survivor size 19005440 bytes, new threshold 1 (max 15)
 [PSYoungGen: 2767577K->6688K(2776768K)] 7314642K->4554257K(8369216K), 0.0414760 secs] [Times: user=0.21 sys=0.02, real=0.04 secs] 
2011-02-12T12:09:58.976+0000: 42688.295: [GC
Desired survivor size 18874368 bytes, new threshold 1 (max 15)
 [PSYoungGen: 2764768K->6176K(2777728K)] 7312337K->4554173K(8370176K), 0.0445320 secs] [Times: user=0.22 sys=0.01, real=0.04 secs] 
2011-02-12T12:10:04.361+0000: 42693.680: [GC
Desired survivor size 21430272 bytes, new threshold 1 (max 15)
 [PSYoungGen: 2765344K->18410K(2777600K)] 7313341K->4566875K(8370048K), 0.0563690 secs] [Times: user=0.33 sys=0.02, real=0.06 secs] 
2011-02-12T12:10:09.570+0000: 42698.889: [GC
Desired survivor size 24117248 bytes, new threshold 1 (max 15)
 [PSYoungGen: 2777578K->18544K(2767616K)] 7326043K->4568963K(8360064K), 0.0601270 secs] [Times: user=0.34 sys=0.02, real=0.06 secs] 
2011-02-12T12:10:14.702+0000: 42704.022: [GC
Desired survivor size 23265280 bytes, new threshold 1 (max 15)
 [PSYoungGen: 2767600K->9328K(2772608K)] 7318019K->4560371K(8365056K), 0.0436580 secs] [Times: user=0.25 sys=0.01, real=0.04 secs] 
2011-02-12T12:10:20.749+0000: 42710.069: [GC
Desired survivor size 22675456 bytes, new threshold 1 (max 15)
 [PSYoungGen: 2758384K->12936K(2774016K)] 7309427K->4564436K(8366464K), 0.0526780 secs] [Times: user=0.26 sys=0.02, real=0.05 secs] 
2011-02-12T12:10:26.805+0000: 42716.125: [GC
Desired survivor size 23134208 bytes, new threshold 1 (max 15)
 [PSYoungGen: 2764232K->15616K(2773440K)] 7315732K->4567547K(8365888K), 0.0531540 secs] [Times: user=0.31 sys=0.02, real=0.06 secs] 
2011-02-12T12:10:33.139+0000: 42722.459: [GC
Desired survivor size 22740992 bytes, new threshold 1 (max 15)
 [PSYoungGen: 2766912K->8096K(2773952K)] 7318843K->4560435K(8366400K), 0.0433010 secs] [Times: user=0.25 sys=0.01, real=0.04 secs] 
2011-02-12T12:10:39.246+0000: 42728.565: [GC
Desired survivor size 21823488 bytes, new threshold 1 (max 15)
 [PSYoungGen: 2759456K->10752K(2773568K)] 7311795K->4563595K(8366016K), 0.0456060 secs] [Times: user=0.26 sys=0.01, real=0.05 secs] 
2011-02-12T12:10:44.953+0000: 42734.273: [GC
Desired survivor size 21561344 bytes, new threshold 1 (max 15)
 [PSYoungGen: 2762112K->7232K(2775104K)] 7314955K->4560575K(8367552K), 0.0413180 secs] [Times: user=0.23 sys=0.01, real=0.04 secs] 
2011-02-12T12:10:51.310+0000: 42740.630: [GC
Desired survivor size 21037056 bytes, new threshold 1 (max 15)
 [PSYoungGen: 2761024K->12352K(2774848K)] 7314367K->4566207K(8367296K), 0.0473720 secs] [Times: user=0.29 sys=0.02, real=0.05 secs] 
2011-02-12T12:10:57.375+0000: 42746.695: [GC
Desired survivor size 22020096 bytes, new threshold 1 (max 15)
 [PSYoungGen: 2766144K->16448K(2773696K)] 7319999K->4570751K(8366144K), 0.0510140 secs] [Times: user=0.31 sys=0.01, real=0.05 secs] 
2011-02-12T12:11:03.375+0000: 42752.695: [GC
Desired survivor size 23789568 bytes, new threshold 1 (max 15)
 [PSYoungGen: 2769600K->19034K(2772224K)] 7323903K->4573793K(8364672K), 0.0542830 secs] [Times: user=0.32 sys=0.02, real=0.05 secs] 
2011-02-12T12:11:09.864+0000: 42759.184: [GC
Desired survivor size 23134208 bytes, new threshold 1 (max 15)
 [PSYoungGen: 2772186K->10032K(2773568K)] 7326945K->4565510K(8366016K), 0.0453130 secs] [Times: user=0.25 sys=0.01, real=0.05 secs] 
2011-02-12T12:11:16.158+0000: 42765.478: [GC
Desired survivor size 23724032 bytes, new threshold 1 (max 15)
 [PSYoungGen: 2760368K->16544K(2772928K)] 7315846K->4572834K(8365376K), 0.0543080 secs] [Times: user=0.30 sys=0.02, real=0.05 secs] 
2011-02-12T12:11:22.710+0000: 42772.030: [GC
Desired survivor size 23199744 bytes, new threshold 1 (max 15)
 [PSYoungGen: 2766880K->9536K(2773504K)] 7323170K->4566346K(8365952K), 0.0446810 secs] [Times: user=0.26 sys=0.00, real=0.04 secs] 
2011-02-12T12:11:29.200+0000: 42778.520: [GC
Desired survivor size 22216704 bytes, new threshold 1 (max 15)
 [PSYoungGen: 2759872K->11824K(2772992K)] 7316682K->4569130K(8365440K), 0.0480680 secs] [Times: user=0.27 sys=0.01, real=0.05 secs] 
2011-02-12T12:11:35.807+0000: 42785.126: [GC
Desired survivor size 21823488 bytes, new threshold 1 (max 15)
 [PSYoungGen: 2762160K->9056K(2774848K)] 7319466K->4567019K(8367296K), 0.0426320 secs] [Times: user=0.24 sys=0.01, real=0.05 secs] 
2011-02-12T12:11:42.673+0000: 42791.992: [GC
Desired survivor size 21561344 bytes, new threshold 1 (max 15)
 [PSYoungGen: 2762208K->7944K(2774464K)] 7320171K->4566376K(8366912K), 0.0423980 secs] [Times: user=0.24 sys=0.01, real=0.04 secs] 
2011-02-12T12:11:49.014+0000: 42798.334: [GC
Desired survivor size 21299200 bytes, new threshold 1 (max 15)
 [PSYoungGen: 2761096K->13344K(2775360K)] 7319528K->4572279K(8367808K), 0.0469280 secs] [Times: user=0.28 sys=0.02, real=0.05 secs] 
2011-02-12T12:11:55.619+0000: 42804.939: [GC
Desired survivor size 20971520 bytes, new threshold 1 (max 15)
 [PSYoungGen: 2767648K->8256K(2775104K)] 7326583K->4567679K(8367552K), 0.0415840 secs] [Times: user=0.23 sys=0.01, real=0.05 secs] 
2011-02-12T12:12:01.682+0000: 42811.002: [GC
Desired survivor size 20250624 bytes, new threshold 1 (max 15)
 [PSYoungGen: 2762560K->12001K(2776384K)] 7321983K->4571965K(8368832K), 0.0470250 secs] [Times: user=0.28 sys=0.02, real=0.04 secs] 
2011-02-12T12:12:07.283+0000: 42816.603: [GC
Desired survivor size 20381696 bytes, new threshold 1 (max 15)
 [PSYoungGen: 2767905K->5800K(2775680K)] 7327869K->4566441K(8368128K), 0.0432040 secs] [Times: user=0.22 sys=0.02, real=0.04 secs] 
2011-02-12T12:12:13.352+0000: 42822.672: [GC
Desired survivor size 19988480 bytes, new threshold 1 (max 15)
 [PSYoungGen: 2761704K->7952K(2776640K)] 7322345K->4569257K(8369088K), 0.0450830 secs] [Times: user=0.23 sys=0.02, real=0.04 secs] 
2011-02-12T12:12:19.437+0000: 42828.757: [GC
Desired survivor size 19267584 bytes, new threshold 1 (max 15)
 [PSYoungGen: 2764688K->9360K(2776256K)] 7325993K->4571313K(8368704K), 0.0477000 secs] [Times: user=0.25 sys=0.02, real=0.05 secs] 
2011-02-12T12:12:25.402+0000: 42834.721: [GC
Desired survivor size 18481152 bytes, new threshold 1 (max 15)
 [PSYoungGen: 2766096K->10336K(2778112K)] 7328049K->4572873K(8370560K), 0.0451250 secs] [Times: user=0.25 sys=0.00, real=0.05 secs] 
2011-02-12T12:12:31.754+0000: 42841.073: [GC
Desired survivor size 20185088 bytes, new threshold 1 (max 15)
 [PSYoungGen: 2769632K->16960K(2776256K)] 7332169K->4580005K(8368704K), 0.0522910 secs] [Times: user=0.30 sys=0.01, real=0.05 secs] 
2011-02-12T12:12:37.824+0000: 42847.144: [GC
Desired survivor size 20512768 bytes, new threshold 1 (max 15)
 [PSYoungGen: 2776256K->4080K(2775808K)] 7339301K->4567669K(8368256K), 0.0353610 secs] [Times: user=0.22 sys=0.00, real=0.04 secs] 
2011-02-12T12:12:43.698+0000: 42853.018: [GC
Desired survivor size 20512768 bytes, new threshold 1 (max 15)
 [PSYoungGen: 2760176K->4672K(2776128K)] 7323765K->4568893K(8368576K), 0.0363530 secs] [Times: user=0.20 sys=0.01, real=0.03 secs] 
2011-02-12T12:12:49.881+0000: 42859.200: [GC
Desired survivor size 19726336 bytes, new threshold 1 (max 15)
 [PSYoungGen: 2760768K->10528K(2776896K)] 7324989K->4575165K(8369344K), 0.0442010 secs] [Times: user=0.24 sys=0.01, real=0.04 secs] 
2011-02-12T12:12:55.894+0000: 42865.214: [GC
Desired survivor size 19726336 bytes, new threshold 1 (max 15)
 [PSYoungGen: 2767392K->12320K(2776128K)] 7332029K->4577453K(8368576K), 0.0488460 secs] [Times: user=0.28 sys=0.02, real=0.05 secs] 
2011-02-12T12:13:01.353+0000: 42870.672: [GC
Desired survivor size 19202048 bytes, new threshold 1 (max 15)
 [PSYoungGen: 2769184K->7778K(2777408K)] 7334317K->4573439K(8369856K), 0.0458560 secs] [Times: user=0.23 sys=0.01, real=0.05 secs] 
2011-02-12T12:13:06.900+0000: 42876.220: [GC
Desired survivor size 24051712 bytes, new threshold 1 (max 15)
 [PSYoungGen: 2765922K->18728K(2776896K)] 7331583K->4590739K(8369344K), 0.0649690 secs] [Times: user=0.36 sys=0.03, real=0.06 secs] 
2011-02-12T12:13:13.082+0000: 42882.401: [GC
Desired survivor size 23724032 bytes, new threshold 1 (max 15)
 [PSYoungGen: 2776872K->6288K(2769088K)] 7348883K->4579059K(8361536K), 0.0426840 secs] [Times: user=0.22 sys=0.01, real=0.04 secs] 
2011-02-12T12:13:19.279+0000: 42888.599: [GC
Desired survivor size 22937600 bytes, new threshold 1 (max 15)
 [PSYoungGen: 2756112K->8160K(2772992K)] 7328883K->4581579K(8365440K), 0.0418940 secs] [Times: user=0.22 sys=0.02, real=0.05 secs] 
2011-02-12T12:13:24.897+0000: 42894.217: [GC
Desired survivor size 24838144 bytes, new threshold 1 (max 15)
 [PSYoungGen: 2757984K->18880K(2770048K)] 7331403K->4592887K(8362496K), 0.0557720 secs] [Times: user=0.33 sys=0.01, real=0.06 secs] 
2011-02-12T12:13:31.013+0000: 42900.333: [GC
Desired survivor size 24838144 bytes, new threshold 1 (max 15)
 [PSYoungGen: 2766528K->3904K(2771904K)] 7340535K->4578355K(8364352K), 0.0378190 secs] [Times: user=0.19 sys=0.02, real=0.04 secs] 
2011-02-12T12:13:37.115+0000: 42906.435: [GC
Desired survivor size 24444928 bytes, new threshold 1 (max 15)
 [PSYoungGen: 2751552K->5056K(2772288K)] 7326003K->4579987K(8364736K), 0.0415190 secs] [Times: user=0.21 sys=0.01, real=0.04 secs] 
2011-02-12T12:13:43.376+0000: 42912.696: [GC
Desired survivor size 23134208 bytes, new threshold 1 (max 15)
 [PSYoungGen: 2753088K->9664K(2771904K)] 7328019K->4584987K(8364352K), 0.0433470 secs] [Times: user=0.24 sys=0.00, real=0.04 secs] 
2011-02-12T12:13:49.192+0000: 42918.512: [GC
Desired survivor size 21889024 bytes, new threshold 1 (max 15)
 [PSYoungGen: 2757696K->9984K(2774784K)] 7333019K->4585779K(8367232K), 0.0447760 secs] [Times: user=0.25 sys=0.01, real=0.05 secs] 
2011-02-12T12:13:55.431+0000: 42924.751: [GC
Desired survivor size 23003136 bytes, new threshold 1 (max 15)
 [PSYoungGen: 2762176K->16076K(2773568K)] 7337971K->4592383K(8366016K), 0.0510550 secs] [Times: user=0.31 sys=0.00, real=0.05 secs] 
2011-02-12T12:14:01.674+0000: 42930.994: [GC
Desired survivor size 22937600 bytes, new threshold 1 (max 15)
 [PSYoungGen: 2768268K->3922K(2773760K)] 7344575K->4580733K(8366208K), 0.0413810 secs] [Times: user=0.22 sys=0.02, real=0.05 secs] 
2011-02-12T12:14:07.029+0000: 42936.348: [GC
Desired survivor size 22216704 bytes, new threshold 1 (max 15)
 [PSYoungGen: 2755218K->11304K(2773696K)] 7332029K->4588897K(8366144K), 0.0493290 secs] [Times: user=0.25 sys=0.01, real=0.05 secs] 
2011-02-12T12:14:13.062+0000: 42942.382: [GC
Desired survivor size 21626880 bytes, new threshold 1 (max 15)
 [PSYoungGen: 2762600K->11760K(2775040K)] 7340193K->4590042K(8367488K), 0.0476720 secs] [Times: user=0.27 sys=0.01, real=0.05 secs] 
2011-02-12T12:14:19.046+0000: 42948.366: [GC
Desired survivor size 20840448 bytes, new threshold 1 (max 15)
 [PSYoungGen: 2765104K->11136K(2774464K)] 7343386K->4590122K(8366912K), 0.0475880 secs] [Times: user=0.26 sys=0.02, real=0.04 secs] 
2011-02-12T12:14:24.729+0000: 42954.049: [GC
Desired survivor size 19922944 bytes, new threshold 1 (max 15)
 [PSYoungGen: 2764480K->9991K(2776704K)] 7343466K->4589577K(8369152K), 0.0476390 secs] [Times: user=0.26 sys=0.01, real=0.05 secs] 
2011-02-12T12:14:30.604+0000: 42959.924: [GC
Desired survivor size 19660800 bytes, new threshold 1 (max 15)
 [PSYoungGen: 2766343K->6368K(2775808K)] 7345929K->4586516K(8368256K), 0.0392930 secs] [Times: user=0.21 sys=0.01, real=0.04 secs] 
2011-02-12T12:14:36.357+0000: 42965.677: [GC
Desired survivor size 23003136 bytes, new threshold 1 (max 15)
 [PSYoungGen: 2762720K->19193K(2770432K)] 7342868K->4601389K(8362880K), 0.0557620 secs] [Times: user=0.33 sys=0.02, real=0.06 secs] 
2011-02-12T12:14:42.288+0000: 42971.607: [GC
Desired survivor size 23592960 bytes, new threshold 1 (max 15)
 [PSYoungGen: 2770425K->15712K(2766976K)] 7352621K->4598391K(8359424K), 0.0502410 secs] [Times: user=0.30 sys=0.02, real=0.05 secs] 
2011-02-12T12:14:48.015+0000: 42977.335: [GC
Desired survivor size 23658496 bytes, new threshold 1 (max 15)
 [PSYoungGen: 2766944K->4320K(2772992K)] 7349623K->4587447K(8365440K), 0.0360620 secs] [Times: user=0.21 sys=0.01, real=0.04 secs] 
2011-02-12T12:14:53.520+0000: 42982.840: [GC
Desired survivor size 24838144 bytes, new threshold 1 (max 15)
 [PSYoungGen: 2754272K->17184K(2767168K)] 7337399K->4600839K(8359616K), 0.0526840 secs] [Times: user=0.31 sys=0.01, real=0.06 secs] 
2011-02-12T12:14:59.386+0000: 42988.706: [GC
Desired survivor size 24903680 bytes, new threshold 1 (max 15)
 [PSYoungGen: 2767136K->15168K(2771776K)] 7350791K->4599307K(8364224K), 0.0528880 secs] [Times: user=0.28 sys=0.02, real=0.05 secs] 
2011-02-12T12:15:04.240+0000: 42993.560: [GC
Desired survivor size 26804224 bytes, new threshold 1 (max 15)
 [PSYoungGen: 2762688K->20108K(2767680K)] 7346827K->4604736K(8360128K), 0.0559310 secs] [Times: user=0.33 sys=0.02, real=0.06 secs] 
2011-02-12T12:15:09.694+0000: 42999.014: [GC
Desired survivor size 26476544 bytes, new threshold 1 (max 15)
 [PSYoungGen: 2767628K->6560K(2770304K)] 7352256K->4592000K(8362752K), 0.0442900 secs] [Times: user=0.22 sys=0.01, real=0.04 secs] 
2011-02-12T12:15:15.212+0000: 43004.532: [GC
Desired survivor size 27000832 bytes, new threshold 1 (max 15)
 [PSYoungGen: 2750688K->17120K(2761280K)] 7336128K->4603137K(8353728K), 0.0534020 secs] [Times: user=0.31 sys=0.02, real=0.06 secs] 
2011-02-12T12:15:20.937+0000: 43010.257: [GC
Desired survivor size 25559040 bytes, new threshold 1 (max 15)
 [PSYoungGen: 2761248K->12576K(2771200K)] 7347265K->4599313K(8363648K), 0.0529230 secs] [Times: user=0.25 sys=0.02, real=0.05 secs] 
2011-02-12T12:15:26.484+0000: 43015.804: [GC
Desired survivor size 25165824 bytes, new threshold 1 (max 15)
 [PSYoungGen: 2757408K->7680K(2769792K)] 7344145K->4594889K(8362240K), 0.0434330 secs] [Times: user=0.22 sys=0.01, real=0.05 secs] 
2011-02-12T12:15:31.776+0000: 43021.095: [GC
Desired survivor size 23986176 bytes, new threshold 1 (max 15)
 [PSYoungGen: 2752512K->11520K(2772736K)] 7339721K->4599201K(8365184K), 0.0463180 secs] [Times: user=0.27 sys=0.01, real=0.04 secs] 
2011-02-12T12:15:37.294+0000: 43026.614: [GC
Desired survivor size 23920640 bytes, new threshold 1 (max 15)
 [PSYoungGen: 2759680K->5568K(2771584K)] 7347361K->4593657K(8364032K), 0.0393460 secs] [Times: user=0.22 sys=0.02, real=0.04 secs] 
2011-02-12T12:15:43.272+0000: 43032.592: [GC
Desired survivor size 23855104 bytes, new threshold 1 (max 15)
 [PSYoungGen: 2753728K->4864K(2772864K)] 7341817K->4593441K(8365312K), 0.0384670 secs] [Times: user=0.20 sys=0.02, real=0.04 secs] 
2011-02-12T12:15:48.963+0000: 43038.283: [GC
Desired survivor size 25886720 bytes, new threshold 1 (max 15)
 [PSYoungGen: 2754368K->19507K(2769024K)] 7342945K->4608577K(8361472K), 0.0551930 secs] [Times: user=0.34 sys=0.01, real=0.06 secs] 
2011-02-12T12:15:54.898+0000: 43044.217: [GC
Desired survivor size 26804224 bytes, new threshold 1 (max 15)
 [PSYoungGen: 2769011K->17696K(2769088K)] 7358081K->4607221K(8361536K), 0.0527430 secs] [Times: user=0.31 sys=0.01, real=0.06 secs] 
2011-02-12T12:16:00.964+0000: 43050.284: [GC
Desired survivor size 26607616 bytes, new threshold 1 (max 15)
 [PSYoungGen: 2761504K->5217K(2769984K)] 7351029K->4595175K(8362432K), 0.0377350 secs] [Times: user=0.21 sys=0.01, real=0.04 secs] 
2011-02-12T12:16:06.204+0000: 43055.524: [GC
Desired survivor size 25296896 bytes, new threshold 1 (max 15)
 [PSYoungGen: 2749025K->12072K(2771456K)] 7338983K->4602671K(8363904K), 0.0522480 secs] [Times: user=0.28 sys=0.03, real=0.05 secs] 
2011-02-12T12:16:11.750+0000: 43061.070: [GC
Desired survivor size 25100288 bytes, new threshold 1 (max 15)
 [PSYoungGen: 2757544K->5197K(2770176K)] 7348143K->4596476K(8362624K), 0.0413680 secs] [Times: user=0.22 sys=0.02, real=0.05 secs] 
2011-02-12T12:16:17.506+0000: 43066.825: [GC
Desired survivor size 26083328 bytes, new threshold 1 (max 15)
 [PSYoungGen: 2750669K->17200K(2769728K)] 7341948K->4609159K(8362176K), 0.0556290 secs] [Times: user=0.29 sys=0.02, real=0.06 secs] 
2011-02-12T12:16:23.184+0000: 43072.504: [GC
Desired survivor size 25755648 bytes, new threshold 1 (max 15)
 [PSYoungGen: 2762416K->14400K(2770688K)] 7354375K->4607023K(8363136K), 0.0507470 secs] [Times: user=0.30 sys=0.01, real=0.05 secs] 
2011-02-12T12:16:28.767+0000: 43078.086: [GC
Desired survivor size 25034752 bytes, new threshold 1 (max 15)
 [PSYoungGen: 2759616K->8128K(2771712K)] 7352239K->4601231K(8364160K), 0.0455140 secs] [Times: user=0.24 sys=0.01, real=0.05 secs] 
2011-02-12T12:16:34.627+0000: 43083.946: [GC
Desired survivor size 24707072 bytes, new threshold 1 (max 15)
 [PSYoungGen: 2754688K->5856K(2771008K)] 7347791K->4599430K(8363456K), 0.0372960 secs] [Times: user=0.21 sys=0.00, real=0.04 secs] 
2011-02-12T12:16:40.254+0000: 43089.574: [GC
Desired survivor size 24182784 bytes, new threshold 1 (max 15)
 [PSYoungGen: 2752416K->6066K(2772544K)] 7345990K->4600128K(8364992K), 0.0418410 secs] [Times: user=0.21 sys=0.02, real=0.04 secs] 
2011-02-12T12:16:46.212+0000: 43095.532: [GC
Desired survivor size 23527424 bytes, new threshold 1 (max 15)
 [PSYoungGen: 2754482K->6496K(2772032K)] 7348544K->4601084K(8364480K), 0.0444660 secs] [Times: user=0.23 sys=0.02, real=0.05 secs] 
2011-02-12T12:16:52.069+0000: 43101.389: [GC
Desired survivor size 23134208 bytes, new threshold 1 (max 15)
 [PSYoungGen: 2754912K->4448K(2773568K)] 7349500K->4599524K(8366016K), 0.0388750 secs] [Times: user=0.22 sys=0.01, real=0.04 secs] 
2011-02-12T12:16:58.005+0000: 43107.325: [GC
Desired survivor size 22675456 bytes, new threshold 1 (max 15)
 [PSYoungGen: 2755040K->4448K(2773184K)] 7350116K->4599948K(8365632K), 0.0383930 secs] [Times: user=0.22 sys=0.02, real=0.04 secs] 
2011-02-12T12:17:03.407+0000: 43112.727: [GC
Desired survivor size 23920640 bytes, new threshold 1 (max 15)
 [PSYoungGen: 2755040K->15769K(2771584K)] 7350540K->4611838K(8364032K), 0.0543290 secs] [Times: user=0.30 sys=0.02, real=0.05 secs] 
2011-02-12T12:17:09.368+0000: 43118.688: [GC
Desired survivor size 24248320 bytes, new threshold 1 (max 15)
 [PSYoungGen: 2765209K->14192K(2763648K)] 7361278K->4610866K(8356096K), 0.0499000 secs] [Times: user=0.28 sys=0.02, real=0.05 secs] 
2011-02-12T12:17:15.312+0000: 43124.631: [GC
Desired survivor size 24707072 bytes, new threshold 1 (max 15)
 [PSYoungGen: 2763632K->15040K(2771584K)] 7360306K->4612410K(8364032K), 0.0544340 secs] [Times: user=0.29 sys=0.02, real=0.05 secs] 
2011-02-12T12:17:21.228+0000: 43130.548: [GC
Desired survivor size 24248320 bytes, new threshold 1 (max 15)
 [PSYoungGen: 2762944K->12928K(2772032K)] 7360314K->4610962K(8364480K), 0.0475410 secs] [Times: user=0.27 sys=0.01, real=0.05 secs] 
2011-02-12T12:17:27.088+0000: 43136.408: [GC
Desired survivor size 22937600 bytes, new threshold 1 (max 15)
 [PSYoungGen: 2760832K->10976K(2773760K)] 7358866K->4609494K(8366208K), 0.0473360 secs] [Times: user=0.26 sys=0.01, real=0.05 secs] 
2011-02-12T12:17:32.595+0000: 43141.914: [GC
Desired survivor size 23134208 bytes, new threshold 1 (max 15)
 [PSYoungGen: 2761056K->14368K(2772480K)] 7359574K->4613390K(8364928K), 0.0486050 secs] [Times: user=0.30 sys=0.00, real=0.05 secs] 
2011-02-12T12:17:38.271+0000: 43147.590: [GC
Desired survivor size 22085632 bytes, new threshold 1 (max 15)
 [PSYoungGen: 2764448K->10592K(2774592K)] 7363470K->4610006K(8367040K), 0.0467370 secs] [Times: user=0.26 sys=0.01, real=0.05 secs] 
2011-02-12T12:17:44.589+0000: 43153.909: [GC
Desired survivor size 22413312 bytes, new threshold 1 (max 15)
 [PSYoungGen: 2762592K->14784K(2773568K)] 7362006K->4614678K(8366016K), 0.0521040 secs] [Times: user=0.30 sys=0.02, real=0.05 secs] 
2011-02-12T12:17:50.602+0000: 43159.922: [GC
Desired survivor size 23396352 bytes, new threshold 1 (max 15)
 [PSYoungGen: 2766784K->17024K(2772352K)] 7366678K->4617366K(8364800K), 0.0545620 secs] [Times: user=0.32 sys=0.02, real=0.06 secs] 
2011-02-12T12:17:56.514+0000: 43165.834: [GC
Desired survivor size 24051712 bytes, new threshold 1 (max 15)
 [PSYoungGen: 2767488K->16659K(2767168K)] 7367830K->4617474K(8359616K), 0.0539580 secs] [Times: user=0.32 sys=0.01, real=0.05 secs] 
2011-02-12T12:18:02.583+0000: 43171.903: [GC
Desired survivor size 25624576 bytes, new threshold 1 (max 15)
 [PSYoungGen: 2767123K->19673K(2769600K)] 7367938K->4620992K(8362048K), 0.0605650 secs] [Times: user=0.33 sys=0.02, real=0.07 secs] 
2011-02-12T12:18:08.153+0000: 43177.473: [GC
Desired survivor size 24576000 bytes, new threshold 1 (max 15)
 [PSYoungGen: 2765785K->12656K(2771136K)] 7367104K->4614708K(8363584K), 0.0514140 secs] [Times: user=0.28 sys=0.01, real=0.06 secs] 
2011-02-12T12:18:14.327+0000: 43183.647: [GC
Desired survivor size 23658496 bytes, new threshold 1 (max 15)
 [PSYoungGen: 2758768K->13808K(2773056K)] 7360820K->4616372K(8365504K), 0.0528320 secs] [Times: user=0.27 sys=0.02, real=0.05 secs] 
2011-02-12T12:18:20.671+0000: 43189.991: [GC
Desired survivor size 24117248 bytes, new threshold 1 (max 15)
 [PSYoungGen: 2762864K->4912K(2772160K)] 7365428K->4608084K(8364608K), 0.0424140 secs] [Times: user=0.21 sys=0.02, real=0.04 secs] 
2011-02-12T12:18:27.236+0000: 43196.556: [GC
Desired survivor size 24444928 bytes, new threshold 1 (max 15)
 [PSYoungGen: 2753968K->16224K(2771968K)] 7357140K->4619936K(8364416K), 0.0517300 secs] [Times: user=0.30 sys=0.01, real=0.06 secs] 
2011-02-12T12:18:33.343+0000: 43202.663: [GC
Desired survivor size 24313856 bytes, new threshold 1 (max 15)
 [PSYoungGen: 2764640K->7040K(2772288K)] 7368352K->4611184K(8364736K), 0.0454720 secs] [Times: user=0.23 sys=0.01, real=0.05 secs] 
2011-02-12T12:18:39.880+0000: 43209.200: [GC
Desired survivor size 23789568 bytes, new threshold 1 (max 15)
 [PSYoungGen: 2755456K->13939K(2772928K)] 7359600K->4618636K(8365376K), 0.0505370 secs] [Times: user=0.30 sys=0.01, real=0.05 secs] 
2011-02-12T12:18:46.385+0000: 43215.705: [GC
Desired survivor size 23527424 bytes, new threshold 1 (max 15)
 [PSYoungGen: 2763123K->7360K(2772416K)] 7367820K->4612520K(8364864K), 0.0421260 secs] [Times: user=0.23 sys=0.01, real=0.04 secs] 
2011-02-12T12:18:52.665+0000: 43221.984: [GC
Desired survivor size 22806528 bytes, new threshold 1 (max 15)
 [PSYoungGen: 2756544K->9616K(2773888K)] 7361704K->4615264K(8366336K), 0.0456120 secs] [Times: user=0.24 sys=0.01, real=0.05 secs] 
2011-02-12T12:18:59.183+0000: 43228.503: [GC
Desired survivor size 22609920 bytes, new threshold 1 (max 15)
 [PSYoungGen: 2760528K->6624K(2773184K)] 7366176K->4612816K(8365632K), 0.0413230 secs] [Times: user=0.23 sys=0.01, real=0.04 secs] 
2011-02-12T12:19:05.133+0000: 43234.453: [GC
Desired survivor size 22216704 bytes, new threshold 1 (max 15)
 [PSYoungGen: 2757536K->7066K(2774464K)] 7363728K->4613767K(8366912K), 0.0424610 secs] [Times: user=0.22 sys=0.02, real=0.04 secs] 
2011-02-12T12:19:11.347+0000: 43240.666: [GC
Desired survivor size 22413312 bytes, new threshold 1 (max 15)
 [PSYoungGen: 2759450K->14256K(2774080K)] 7366151K->4621723K(8366528K), 0.0515920 secs] [Times: user=0.29 sys=0.02, real=0.05 secs] 
2011-02-12T12:19:17.348+0000: 43246.668: [GC
Desired survivor size 23986176 bytes, new threshold 1 (max 15)
 [PSYoungGen: 2766639K->18208K(2771200K)] 7374106K->4626359K(8363648K), 0.0530900 secs] [Times: user=0.32 sys=0.01, real=0.05 secs] 
2011-02-12T12:19:23.289+0000: 43252.608: [GC
Desired survivor size 24903680 bytes, new threshold 1 (max 15)
 [PSYoungGen: 2767520K->17264K(2766592K)] 7375671K->4625983K(8359040K), 0.0543370 secs] [Times: user=0.30 sys=0.01, real=0.05 secs] 
2011-02-12T12:19:29.022+0000: 43258.342: [GC
Desired survivor size 24248320 bytes, new threshold 1 (max 15)
 [PSYoungGen: 2766576K->13888K(2772480K)] 7375295K->4623055K(8364928K), 0.0526960 secs] [Times: user=0.28 sys=0.01, real=0.06 secs] 
2011-02-12T12:19:34.265+0000: 43263.585: [GC
Desired survivor size 26411008 bytes, new threshold 1 (max 15)
 [PSYoungGen: 2762048K->21184K(2769344K)] 7371215K->4630803K(8361792K), 0.0586530 secs] [Times: user=0.33 sys=0.01, real=0.05 secs] 
2011-02-12T12:19:39.218+0000: 43268.538: [GC
Desired survivor size 26738688 bytes, new threshold 1 (max 15)
 [PSYoungGen: 2769344K->17600K(2769728K)] 7378963K->4627679K(8362176K), 0.0552800 secs] [Times: user=0.32 sys=0.02, real=0.05 secs] 
2011-02-12T12:19:45.322+0000: 43274.641: [GC
Desired survivor size 27590656 bytes, new threshold 1 (max 15)
 [PSYoungGen: 2761536K->19424K(2763392K)] 7371615K->4629919K(8355840K), 0.0558400 secs] [Times: user=0.33 sys=0.01, real=0.06 secs] 
2011-02-12T12:19:51.631+0000: 43280.951: [GC
Desired survivor size 27197440 bytes, new threshold 1 (max 15)
 [PSYoungGen: 2763360K->9136K(2769600K)] 7373855K->4620079K(8362048K), 0.0449100 secs] [Times: user=0.25 sys=0.01, real=0.04 secs] 
2011-02-12T12:19:57.089+0000: 43286.408: [GC
Desired survivor size 27852800 bytes, new threshold 1 (max 15)
 [PSYoungGen: 2751792K->18902K(2761600K)] 7362735K->4630437K(8354048K), 0.0542110 secs] [Times: user=0.33 sys=0.01, real=0.05 secs] 
2011-02-12T12:20:02.431+0000: 43291.751: [GC
Desired survivor size 27262976 bytes, new threshold 1 (max 15)
 [PSYoungGen: 2761558K->10113K(2769536K)] 7373093K->4622326K(8361984K), 0.0466040 secs] [Times: user=0.24 sys=0.01, real=0.04 secs] 
2011-02-12T12:20:07.658+0000: 43296.978: [GC
Desired survivor size 26542080 bytes, new threshold 1 (max 15)
 [PSYoungGen: 2752449K->15513K(2768960K)] 7364662K->4628539K(8361408K), 0.0527470 secs] [Times: user=0.30 sys=0.02, real=0.06 secs] 
2011-02-12T12:20:12.674+0000: 43301.994: [GC
Desired survivor size 27721728 bytes, new threshold 1 (max 15)
 [PSYoungGen: 2757849K->20264K(2767936K)] 7370875K->4633908K(8360384K), 0.0565740 secs] [Times: user=0.34 sys=0.02, real=0.06 secs] 
2011-02-12T12:20:18.248+0000: 43307.567: [GC
Desired survivor size 26935296 bytes, new threshold 1 (max 15)
 [PSYoungGen: 2762280K->11840K(2769088K)] 7375924K->4626115K(8361536K), 0.0467460 secs] [Times: user=0.27 sys=0.01, real=0.05 secs] 
2011-02-12T12:20:23.949+0000: 43313.269: [GC
Desired survivor size 26673152 bytes, new threshold 1 (max 15)
 [PSYoungGen: 2753856K->8928K(2770112K)] 7368131K->4623755K(8362560K), 0.0424370 secs] [Times: user=0.25 sys=0.02, real=0.05 secs] 
2011-02-12T12:20:29.898+0000: 43319.217: [GC
Desired survivor size 26148864 bytes, new threshold 1 (max 15)
 [PSYoungGen: 2752736K->9568K(2769856K)] 7367563K->4624895K(8362304K), 0.0460960 secs] [Times: user=0.27 sys=0.00, real=0.05 secs] 
2011-02-12T12:20:35.760+0000: 43325.079: [GC
Desired survivor size 25886720 bytes, new threshold 1 (max 15)
 [PSYoungGen: 2753376K->7904K(2770880K)] 7368703K->4623695K(8363328K), 0.0434580 secs] [Times: user=0.23 sys=0.01, real=0.05 secs] 
2011-02-12T12:20:41.669+0000: 43330.989: [GC
Desired survivor size 25493504 bytes, new threshold 1 (max 15)
 [PSYoungGen: 2753248K->8096K(2770624K)] 7369039K->4624367K(8363072K), 0.0443460 secs] [Times: user=0.25 sys=0.00, real=0.05 secs] 
2011-02-12T12:20:48.109+0000: 43337.428: [GC
Desired survivor size 24248320 bytes, new threshold 1 (max 15)
 [PSYoungGen: 2753440K->12224K(2772480K)] 7369711K->4628943K(8364928K), 0.0472030 secs] [Times: user=0.27 sys=0.01, real=0.05 secs] 
2011-02-12T12:20:54.125+0000: 43343.444: [GC
Desired survivor size 24772608 bytes, new threshold 1 (max 15)
 [PSYoungGen: 2759808K->16912K(2771264K)] 7376527K->4634031K(8363712K), 0.0532080 secs] [Times: user=0.32 sys=0.01, real=0.05 secs] 
2011-02-12T12:20:59.979+0000: 43349.299: [GC
Desired survivor size 24707072 bytes, new threshold 1 (max 15)
 [PSYoungGen: 2764496K->15680K(2772032K)] 7381615K->4633319K(8364480K), 0.0529190 secs] [Times: user=0.29 sys=0.02, real=0.05 secs] 
2011-02-12T12:21:05.183+0000: 43354.502: [GC
Desired survivor size 26542080 bytes, new threshold 1 (max 15)
 [PSYoungGen: 2763520K->20933K(2768832K)] 7381159K->4639029K(8361280K), 0.0554550 secs] [Times: user=0.35 sys=0.02, real=0.06 secs] 
2011-02-12T12:21:11.308+0000: 43360.628: [GC
Desired survivor size 26804224 bytes, new threshold 1 (max 15)
 [PSYoungGen: 2768773K->5232K(2769728K)] 7386869K->4624149K(8362176K), 0.0418940 secs] [Times: user=0.22 sys=0.02, real=0.04 secs] 
2011-02-12T12:21:17.977+0000: 43367.297: [GC
Desired survivor size 25624576 bytes, new threshold 1 (max 15)
 [PSYoungGen: 2749040K->13376K(2769984K)] 7367957K->4632970K(8362432K), 0.0486190 secs] [Times: user=0.29 sys=0.01, real=0.05 secs] 
2011-02-12T12:21:24.218+0000: 43373.538: [GC
Desired survivor size 25952256 bytes, new threshold 1 (max 15)
 [PSYoungGen: 2757184K->3936K(2770496K)] 7376778K->4624098K(8362944K), 0.0373050 secs] [Times: user=0.21 sys=0.03, real=0.04 secs] 
2011-02-12T12:21:30.389+0000: 43379.709: [GC
Desired survivor size 25427968 bytes, new threshold 1 (max 15)
 [PSYoungGen: 2749408K->7520K(2770816K)] 7369570K->4628290K(8363264K), 0.0458090 secs] [Times: user=0.24 sys=0.02, real=0.04 secs] 
2011-02-12T12:21:37.318+0000: 43386.638: [GC
Desired survivor size 24117248 bytes, new threshold 1 (max 15)
 [PSYoungGen: 2752992K->11776K(2772608K)] 7373762K->4633018K(8365056K), 0.0471360 secs] [Times: user=0.27 sys=0.01, real=0.05 secs] 
2011-02-12T12:21:43.992+0000: 43393.311: [GC
Desired survivor size 23527424 bytes, new threshold 1 (max 15)
 [PSYoungGen: 2759552K->8063K(2771328K)] 7380794K->4629809K(8363776K), 0.0441910 secs] [Times: user=0.22 sys=0.03, real=0.04 secs] 
2011-02-12T12:21:50.377+0000: 43399.697: [GC
Desired survivor size 24576000 bytes, new threshold 1 (max 15)
 [PSYoungGen: 2755839K->17120K(2771136K)] 7377585K->4639474K(8363584K), 0.0531990 secs] [Times: user=0.31 sys=0.01, real=0.05 secs] 
2011-02-12T12:21:55.955+0000: 43405.274: [GC
Desired survivor size 24313856 bytes, new threshold 1 (max 15)
 [PSYoungGen: 2765280K->14528K(2772160K)] 7387634K->4637346K(8364608K), 0.0507700 secs] [Times: user=0.26 sys=0.02, real=0.05 secs] 
2011-02-12T12:22:02.053+0000: 43411.373: [GC
Desired survivor size 25427968 bytes, new threshold 1 (max 15)
 [PSYoungGen: 2762688K->18330K(2770240K)] 7385506K->4641604K(8362688K), 0.0577760 secs] [Times: user=0.32 sys=0.03, real=0.06 secs] 
2011-02-12T12:22:08.116+0000: 43417.435: [GC
Desired survivor size 25690112 bytes, new threshold 1 (max 15)
 [PSYoungGen: 2764826K->4368K(2750912K)] 7388100K->4628404K(8343360K), 0.0375910 secs] [Times: user=0.22 sys=0.02, real=0.03 secs] 
2011-02-12T12:22:14.088+0000: 43423.408: [GC
Desired survivor size 25952256 bytes, new threshold 1 (max 15)
 [PSYoungGen: 2750864K->16192K(2770560K)] 7374900K->4640788K(8363008K), 0.0528100 secs] [Times: user=0.32 sys=0.01, real=0.05 secs] 
2011-02-12T12:22:19.591+0000: 43428.911: [GC
Desired survivor size 24707072 bytes, new threshold 1 (max 15)
 [PSYoungGen: 2761664K->11920K(2770816K)] 7386260K->4637324K(8363264K), 0.0462300 secs] [Times: user=0.27 sys=0.02, real=0.05 secs] 
2011-02-12T12:22:25.264+0000: 43434.583: [GC
Desired survivor size 24510464 bytes, new threshold 1 (max 15)
 [PSYoungGen: 2757392K->6720K(2772224K)] 7382796K->4632740K(8364672K), 0.0409980 secs] [Times: user=0.22 sys=0.01, real=0.04 secs] 
2011-02-12T12:22:31.002+0000: 43440.321: [GC
Desired survivor size 24379392 bytes, new threshold 1 (max 15)
 [PSYoungGen: 2754816K->5248K(2772032K)] 7380836K->4631708K(8364480K), 0.0378480 secs] [Times: user=0.21 sys=0.01, real=0.04 secs] 
2011-02-12T12:22:37.072+0000: 43446.392: [GC
Desired survivor size 23789568 bytes, new threshold 1 (max 15)
 [PSYoungGen: 2753344K->7168K(2772928K)] 7379804K->4634140K(8365376K), 0.0441640 secs] [Times: user=0.23 sys=0.01, real=0.04 secs] 
2011-02-12T12:22:42.636+0000: 43451.956: [GC
Desired survivor size 24510464 bytes, new threshold 1 (max 15)
 [PSYoungGen: 2756288K->16118K(2765248K)] 7383260K->4643567K(8357696K), 0.0529170 secs] [Times: user=0.32 sys=0.02, real=0.06 secs] 
2011-02-12T12:22:48.508+0000: 43457.827: [GC
Desired survivor size 24903680 bytes, new threshold 1 (max 15)
 [PSYoungGen: 2765238K->15579K(2771456K)] 7392687K->4643578K(8363904K), 0.0507380 secs] [Times: user=0.31 sys=0.01, real=0.05 secs] 
2011-02-12T12:22:54.325+0000: 43463.645: [GC
Desired survivor size 23986176 bytes, new threshold 1 (max 15)
 [PSYoungGen: 2763099K->12736K(2771840K)] 7391098K->4641183K(8364288K), 0.0497860 secs] [Times: user=0.29 sys=0.02, real=0.05 secs] 
2011-02-12T12:23:00.264+0000: 43469.583: [GC
Desired survivor size 23134208 bytes, new threshold 1 (max 15)
 [PSYoungGen: 2760256K->12610K(2773568K)] 7388703K->4641549K(8366016K), 0.0479400 secs] [Times: user=0.29 sys=0.02, real=0.05 secs] 
2011-02-12T12:23:05.235+0000: 43474.554: [GC
Desired survivor size 23986176 bytes, new threshold 1 (max 15)
 [PSYoungGen: 2762754K->17160K(2772736K)] 7391693K->4646809K(8365184K), 0.0518460 secs] [Times: user=0.31 sys=0.02, real=0.05 secs] 
2011-02-12T12:23:10.811+0000: 43480.130: [GC
Desired survivor size 23461888 bytes, new threshold 1 (max 15)
 [PSYoungGen: 2767304K->9280K(2773248K)] 7396953K->4639545K(8365696K), 0.0468830 secs] [Times: user=0.25 sys=0.01, real=0.05 secs] 
2011-02-12T12:23:16.419+0000: 43485.739: [GC
Desired survivor size 25952256 bytes, new threshold 1 (max 15)
 [PSYoungGen: 2759104K->21614K(2771456K)] 7389369K->4652459K(8363904K), 0.0585750 secs] [Times: user=0.33 sys=0.01, real=0.06 secs] 
2011-02-12T12:23:22.049+0000: 43491.369: [GC
Desired survivor size 24772608 bytes, new threshold 1 (max 15)
 [PSYoungGen: 2771438K->12640K(2771968K)] 7402283K->4644161K(8364416K), 0.0500680 secs] [Times: user=0.29 sys=0.01, real=0.05 secs] 
2011-02-12T12:23:27.375+0000: 43496.694: [GC
Desired survivor size 26411008 bytes, new threshold 1 (max 15)
 [PSYoungGen: 2759904K->20475K(2767744K)] 7391425K->4652470K(8360192K), 0.0549190 secs] [Times: user=0.34 sys=0.02, real=0.05 secs] 
2011-02-12T12:23:33.062+0000: 43502.381: [GC
Desired survivor size 25296896 bytes, new threshold 1 (max 15)
 [PSYoungGen: 2767735K->14064K(2771456K)] 7399730K->4646550K(8363904K), 0.0491630 secs] [Times: user=0.28 sys=0.03, real=0.05 secs] 
2011-02-12T12:23:39.000+0000: 43508.320: [GC
Desired survivor size 25100288 bytes, new threshold 1 (max 15)
 [PSYoungGen: 2759728K->16076K(2770368K)] 7392214K->4649115K(8362816K), 0.0535430 secs] [Times: user=0.30 sys=0.01, real=0.05 secs] 
2011-02-12T12:23:44.273+0000: 43513.593: [GC
Desired survivor size 25427968 bytes, new threshold 1 (max 15)
 [PSYoungGen: 2761740K->5984K(2771008K)] 7394779K->4639539K(8363456K), 0.0413280 secs] [Times: user=0.21 sys=0.01, real=0.04 secs] 
2011-02-12T12:23:49.123+0000: 43518.443: [GC
Desired survivor size 27328512 bytes, new threshold 1 (max 15)
 [PSYoungGen: 2752480K->21472K(2768000K)] 7386035K->4655459K(8360448K), 0.0574830 secs] [Times: user=0.33 sys=0.02, real=0.06 secs] 
2011-02-12T12:23:54.135+0000: 43523.455: [GC
Desired survivor size 27721728 bytes, new threshold 1 (max 15)
 [PSYoungGen: 2767968K->4480K(2768704K)] 7401955K->4638855K(8361152K), 0.0403750 secs] [Times: user=0.23 sys=0.00, real=0.04 secs] 
2011-02-12T12:23:59.174+0000: 43528.494: [GC
Desired survivor size 27328512 bytes, new threshold 1 (max 15)
 [PSYoungGen: 2746496K->7136K(2769088K)] 7380871K->4641895K(8361536K), 0.0435240 secs] [Times: user=0.22 sys=0.02, real=0.05 secs] 
2011-02-12T12:24:04.542+0000: 43533.862: [GC
Desired survivor size 27328512 bytes, new threshold 1 (max 15)
 [PSYoungGen: 2749152K->16378K(2769472K)] 7383911K->4651569K(8361920K), 0.0524170 secs] [Times: user=0.32 sys=0.02, real=0.05 secs] 
2011-02-12T12:24:10.031+0000: 43539.351: [GC
Desired survivor size 27197440 bytes, new threshold 1 (max 15)
 [PSYoungGen: 2759162K->5648K(2769472K)] 7394353K->4641557K(8361920K), 0.0398750 secs] [Times: user=0.22 sys=0.02, real=0.04 secs] 
2011-02-12T12:24:15.670+0000: 43544.989: [GC
Desired survivor size 26869760 bytes, new threshold 1 (max 15)
 [PSYoungGen: 2748432K->5552K(2769920K)] 7384341K->4642093K(8362368K), 0.0428110 secs] [Times: user=0.22 sys=0.01, real=0.04 secs] 
2011-02-12T12:24:21.304+0000: 43550.624: [GC
Desired survivor size 27328512 bytes, new threshold 1 (max 15)
 [PSYoungGen: 2748912K->16672K(2760064K)] 7385453K->4653885K(8352512K), 0.0535910 secs] [Times: user=0.32 sys=0.01, real=0.05 secs] 
2011-02-12T12:24:27.247+0000: 43556.567: [GC
Desired survivor size 25886720 bytes, new threshold 1 (max 15)
 [PSYoungGen: 2760032K->12224K(2770880K)] 7397245K->4649937K(8363328K), 0.0510660 secs] [Times: user=0.28 sys=0.01, real=0.05 secs] 
2011-02-12T12:24:33.400+0000: 43562.719: [GC
Desired survivor size 26279936 bytes, new threshold 1 (max 15)
 [PSYoungGen: 2756416K->16524K(2769472K)] 7394129K->4654682K(8361920K), 0.0532320 secs] [Times: user=0.31 sys=0.02, real=0.06 secs] 
2011-02-12T12:24:39.330+0000: 43568.650: [GC
Desired survivor size 25493504 bytes, new threshold 1 (max 15)
 [PSYoungGen: 2760716K->9170K(2771264K)] 7398874K->4647845K(8363712K), 0.0415760 secs] [Times: user=0.24 sys=0.02, real=0.04 secs] 
2011-02-12T12:24:45.497+0000: 43574.816: [GC
Desired survivor size 24576000 bytes, new threshold 1 (max 15)
 [PSYoungGen: 2754770K->13184K(2770496K)] 7393445K->4652307K(8362944K), 0.0485510 secs] [Times: user=0.28 sys=0.02, real=0.05 secs] 
2011-02-12T12:24:51.334+0000: 43580.653: [GC
Desired survivor size 24248320 bytes, new threshold 1 (max 15)
 [PSYoungGen: 2758784K->14528K(2772480K)] 7397907K->4654155K(8364928K), 0.0531430 secs] [Times: user=0.30 sys=0.01, real=0.05 secs] 
2011-02-12T12:24:57.068+0000: 43586.387: [GC
Desired survivor size 23396352 bytes, new threshold 1 (max 15)
 [PSYoungGen: 2763008K->10720K(2772160K)] 7402635K->4650763K(8364608K), 0.0492390 secs] [Times: user=0.27 sys=0.02, real=0.05 secs] 
2011-02-12T12:25:02.642+0000: 43591.961: [GC
Desired survivor size 23461888 bytes, new threshold 1 (max 15)
 [PSYoungGen: 2759200K->5907K(2773184K)] 7399243K->4646375K(8365632K), 0.0389260 secs] [Times: user=0.21 sys=0.02, real=0.04 secs] 
2011-02-12T12:25:07.835+0000: 43597.155: [GC
Desired survivor size 22282240 bytes, new threshold 1 (max 15)
 [PSYoungGen: 2756243K->11664K(2773248K)] 7396711K->4652905K(8365696K), 0.0465690 secs] [Times: user=0.28 sys=0.02, real=0.05 secs] 
2011-02-12T12:25:13.685+0000: 43603.005: [GC
Desired survivor size 21692416 bytes, new threshold 1 (max 15)
 [PSYoungGen: 2762000K->12752K(2774976K)] 7403241K->4654495K(8367424K), 0.0471400 secs] [Times: user=0.27 sys=0.02, real=0.05 secs] 
2011-02-12T12:25:19.289+0000: 43608.609: [GC
Desired survivor size 21495808 bytes, new threshold 1 (max 15)
 [PSYoungGen: 2765968K->7216K(2774400K)] 7407711K->4649607K(8366848K), 0.0431000 secs] [Times: user=0.21 sys=0.01, real=0.04 secs] 
2011-02-12T12:25:25.190+0000: 43614.510: [GC
Desired survivor size 21430272 bytes, new threshold 1 (max 15)
 [PSYoungGen: 2760432K->5952K(2775232K)] 7402823K->4648907K(8367680K), 0.0413070 secs] [Times: user=0.22 sys=0.01, real=0.04 secs] 
2011-02-12T12:25:30.913+0000: 43620.232: [GC
Desired survivor size 21430272 bytes, new threshold 1 (max 15)
 [PSYoungGen: 2760192K->4928K(2775168K)] 7403147K->4648368K(8367616K), 0.0400470 secs] [Times: user=0.22 sys=0.01, real=0.04 secs] 
2011-02-12T12:25:36.624+0000: 43625.943: [GC
Desired survivor size 22413312 bytes, new threshold 1 (max 15)
 [PSYoungGen: 2759168K->15744K(2773312K)] 7402608K->4659644K(8365760K), 0.0518210 secs] [Times: user=0.29 sys=0.02, real=0.05 secs] 
2011-02-12T12:25:42.067+0000: 43631.387: [GC
Desired survivor size 21299200 bytes, new threshold 1 (max 15)
 [PSYoungGen: 2768128K->10800K(2774272K)] 7412028K->4655220K(8366720K), 0.0477650 secs] [Times: user=0.26 sys=0.01, real=0.05 secs] 
2011-02-12T12:25:47.786+0000: 43637.106: [GC
Desired survivor size 20971520 bytes, new threshold 1 (max 15)
 [PSYoungGen: 2763184K->6752K(2775680K)] 7407604K->4651764K(8368128K), 0.0406590 secs] [Times: user=0.23 sys=0.01, real=0.04 secs] 
2011-02-12T12:25:53.669+0000: 43642.989: [GC
Desired survivor size 20054016 bytes, new threshold 1 (max 15)
 [PSYoungGen: 2761632K->9792K(2775360K)] 7406644K->4655276K(8367808K), 0.0454550 secs] [Times: user=0.26 sys=0.02, real=0.05 secs] 
2011-02-12T12:25:59.460+0000: 43648.780: [GC
Desired survivor size 19529728 bytes, new threshold 1 (max 15)
 [PSYoungGen: 2764672K->7744K(2777088K)] 7410156K->4653692K(8369536K), 0.0452870 secs] [Times: user=0.24 sys=0.01, real=0.05 secs] 
2011-02-12T12:26:04.885+0000: 43654.205: [GC
Desired survivor size 19398656 bytes, new threshold 1 (max 15)
 [PSYoungGen: 2765248K->5689K(2776576K)] 7411196K->4652118K(8369024K), 0.0420100 secs] [Times: user=0.22 sys=0.02, real=0.04 secs] 
2011-02-12T12:26:10.552+0000: 43659.872: [GC
Desired survivor size 20250624 bytes, new threshold 1 (max 15)
 [PSYoungGen: 2763193K->14352K(2775552K)] 7409622K->4661506K(8368000K), 0.0504430 secs] [Times: user=0.29 sys=0.02, real=0.05 secs] 
2011-02-12T12:26:16.629+0000: 43665.949: [GC
Desired survivor size 22609920 bytes, new threshold 1 (max 15)
 [PSYoungGen: 2770960K->18976K(2775616K)] 7418114K->4666777K(8368064K), 0.0553760 secs] [Times: user=0.32 sys=0.01, real=0.06 secs] 
2011-02-12T12:26:22.719+0000: 43672.039: [GC
Desired survivor size 23986176 bytes, new threshold 1 (max 15)
 [PSYoungGen: 2775584K->17664K(2769856K)] 7423385K->4666161K(8362304K), 0.0544860 secs] [Times: user=0.32 sys=0.03, real=0.05 secs] 
2011-02-12T12:26:28.775+0000: 43678.095: [GC
Desired survivor size 25296896 bytes, new threshold 1 (max 15)
 [PSYoungGen: 2766976K->18128K(2767488K)] 7415473K->4667149K(8359936K), 0.0548750 secs] [Times: user=0.33 sys=0.01, real=0.06 secs] 
2011-02-12T12:26:34.810+0000: 43684.130: [GC
Desired survivor size 27000832 bytes, new threshold 1 (max 15)
 [PSYoungGen: 2767440K->20192K(2768128K)] 7416461K->4669605K(8360576K), 0.0576590 secs] [Times: user=0.35 sys=0.01, real=0.06 secs] 
2011-02-12T12:26:40.697+0000: 43690.016: [GC
Desired survivor size 27328512 bytes, new threshold 1 (max 15)
 [PSYoungGen: 2763616K->17536K(2761024K)] 7413029K->4667525K(8353472K), 0.0549990 secs] [Times: user=0.30 sys=0.02, real=0.06 secs] 
2011-02-12T12:26:46.409+0000: 43695.729: [GC
Desired survivor size 26607616 bytes, new threshold 1 (max 15)
 [PSYoungGen: 2760960K->15200K(2770176K)] 7410949K->4665781K(8362624K), 0.0508940 secs] [Times: user=0.31 sys=0.01, real=0.05 secs] 
2011-02-12T12:26:51.927+0000: 43701.247: [GC
Desired survivor size 26673152 bytes, new threshold 1 (max 15)
 [PSYoungGen: 2758688K->6080K(2769472K)] 7409269K->4657157K(8361920K), 0.0421850 secs] [Times: user=0.23 sys=0.01, real=0.05 secs] 
2011-02-12T12:26:57.665+0000: 43706.985: [GC
Desired survivor size 27197440 bytes, new threshold 1 (max 15)
 [PSYoungGen: 2749568K->17824K(2769088K)] 7400645K->4669421K(8361536K), 0.0565600 secs] [Times: user=0.31 sys=0.01, real=0.06 secs] 
2011-02-12T12:27:03.006+0000: 43712.325: [GC
Desired survivor size 26476544 bytes, new threshold 1 (max 15)
 [PSYoungGen: 2760864K->9753K(2769600K)] 7412461K->4661823K(8362048K), 0.0480220 secs] [Times: user=0.26 sys=0.02, real=0.05 secs] 
2011-02-12T12:27:08.570+0000: 43717.890: [GC
Desired survivor size 27918336 bytes, new threshold 1 (max 15)
 [PSYoungGen: 2752793K->20238K(2767488K)] 7404863K->4672938K(8359936K), 0.0565220 secs] [Times: user=0.34 sys=0.02, real=0.05 secs] 
2011-02-12T12:27:14.321+0000: 43723.640: [GC
Desired survivor size 28114944 bytes, new threshold 1 (max 15)
 [PSYoungGen: 2761870K->17889K(2759552K)] 7414570K->4671109K(8352000K), 0.0551720 secs] [Times: user=0.31 sys=0.01, real=0.06 secs] 
2011-02-12T12:27:19.914+0000: 43729.234: [GC
Desired survivor size 27328512 bytes, new threshold 1 (max 15)
 [PSYoungGen: 2759521K->10624K(2769472K)] 7412741K->4664475K(8361920K), 0.0480170 secs] [Times: user=0.26 sys=0.01, real=0.05 secs] 
2011-02-12T12:27:25.553+0000: 43734.872: [GC
Desired survivor size 27525120 bytes, new threshold 1 (max 15)
 [PSYoungGen: 2752640K->5120K(2768704K)] 7406491K->4659555K(8361152K), 0.0411670 secs] [Times: user=0.21 sys=0.01, real=0.04 secs] 
2011-02-12T12:27:31.328+0000: 43740.648: [GC
Desired survivor size 28377088 bytes, new threshold 1 (max 15)
 [PSYoungGen: 2747136K->18912K(2767616K)] 7401571K->4673819K(8360064K), 0.0591610 secs] [Times: user=0.32 sys=0.03, real=0.06 secs] 
2011-02-12T12:27:37.255+0000: 43746.575: [GC
Desired survivor size 27066368 bytes, new threshold 1 (max 15)
 [PSYoungGen: 2759648K->13824K(2768448K)] 7414555K->4669245K(8360896K), 0.0508980 secs] [Times: user=0.30 sys=0.01, real=0.05 secs] 
2011-02-12T12:27:43.421+0000: 43752.741: [GC
Desired survivor size 26345472 bytes, new threshold 1 (max 15)
 [PSYoungGen: 2754560K->15264K(2770432K)] 7409981K->4671185K(8362880K), 0.0522990 secs] [Times: user=0.31 sys=0.01, real=0.05 secs] 
2011-02-12T12:27:49.559+0000: 43758.879: [GC
Desired survivor size 27197440 bytes, new threshold 1 (max 15)
 [PSYoungGen: 2759264K->19136K(2763136K)] 7415185K->4675513K(8355584K), 0.0553540 secs] [Times: user=0.34 sys=0.01, real=0.05 secs] 
2011-02-12T12:27:55.196+0000: 43764.516: [GC
Desired survivor size 26083328 bytes, new threshold 1 (max 15)
 [PSYoungGen: 2763136K->13376K(2770688K)] 7419513K->4670169K(8363136K), 0.0511080 secs] [Times: user=0.30 sys=0.01, real=0.05 secs] 
2011-02-12T12:28:00.958+0000: 43770.278: [GC
Desired survivor size 24969216 bytes, new threshold 1 (max 15)
 [PSYoungGen: 2757504K->13953K(2769600K)] 7414297K->4671251K(8362048K), 0.0500830 secs] [Times: user=0.27 sys=0.02, real=0.05 secs] 
2011-02-12T12:28:06.386+0000: 43775.705: [GC
Desired survivor size 25362432 bytes, new threshold 1 (max 15)
 [PSYoungGen: 2758081K->6152K(2771008K)] 7415379K->4664099K(8363456K), 0.0415810 secs] [Times: user=0.22 sys=0.02, real=0.05 secs] 
2011-02-12T12:28:12.292+0000: 43781.612: [GC
Desired survivor size 25362432 bytes, new threshold 1 (max 15)
 [PSYoungGen: 2752776K->6700K(2771392K)] 7410723K->4665331K(8363840K), 0.0410330 secs] [Times: user=0.21 sys=0.01, real=0.04 secs] 
2011-02-12T12:28:18.096+0000: 43787.415: [GC
Desired survivor size 25362432 bytes, new threshold 1 (max 15)
 [PSYoungGen: 2753324K->5648K(2771392K)] 7411955K->4664991K(8363840K), 0.0414710 secs] [Times: user=0.22 sys=0.01, real=0.04 secs] 
2011-02-12T12:28:23.891+0000: 43793.211: [GC
Desired survivor size 27525120 bytes, new threshold 1 (max 15)
 [PSYoungGen: 2752272K->21256K(2767936K)] 7411615K->4681247K(8360384K), 0.0569430 secs] [Times: user=0.36 sys=0.01, real=0.05 secs] 
2011-02-12T12:28:29.104+0000: 43798.423: [GC
Desired survivor size 26738688 bytes, new threshold 1 (max 15)
 [PSYoungGen: 2767880K->9240K(2770048K)] 7427871K->4669691K(8362496K), 0.0439970 secs] [Times: user=0.25 sys=0.01, real=0.04 secs] 
2011-02-12T12:28:34.569+0000: 43803.889: [GC
Desired survivor size 27000832 bytes, new threshold 1 (max 15)
 [PSYoungGen: 2752408K->16832K(2769280K)] 7412859K->4677819K(8361728K), 0.0526850 secs] [Times: user=0.31 sys=0.01, real=0.06 secs] 
2011-02-12T12:28:40.714+0000: 43810.034: [GC
Desired survivor size 26738688 bytes, new threshold 1 (max 15)
 [PSYoungGen: 2760000K->6624K(2770048K)] 7420987K->4668083K(8362496K), 0.0404160 secs] [Times: user=0.22 sys=0.01, real=0.04 secs] 
2011-02-12T12:28:46.414+0000: 43815.734: [GC
Desired survivor size 26148864 bytes, new threshold 1 (max 15)
 [PSYoungGen: 2750304K->7680K(2769792K)] 7411763K->4669651K(8362240K), 0.0453490 secs] [Times: user=0.25 sys=0.01, real=0.04 secs] 
2011-02-12T12:28:51.838+0000: 43821.158: [GC
Desired survivor size 25952256 bytes, new threshold 1 (max 15)
 [PSYoungGen: 2751360K->15008K(2770816K)] 7413331K->4677419K(8363264K), 0.0506630 secs] [Times: user=0.29 sys=0.01, real=0.05 secs] 
2011-02-12T12:28:57.376+0000: 43826.696: [GC
Desired survivor size 24838144 bytes, new threshold 1 (max 15)
 [PSYoungGen: 2760288K->10656K(2770624K)] 7422699K->4673515K(8363072K), 0.0485260 secs] [Times: user=0.24 sys=0.02, real=0.05 secs] 
2011-02-12T12:29:02.864+0000: 43832.184: [GC
Desired survivor size 24641536 bytes, new threshold 1 (max 15)
 [PSYoungGen: 2755934K->6074K(2772096K)] 7418793K->4669413K(8364544K), 0.0410230 secs] [Times: user=0.22 sys=0.02, real=0.05 secs] 
2011-02-12T12:29:08.014+0000: 43837.334: [GC
Desired survivor size 23461888 bytes, new threshold 1 (max 15)
 [PSYoungGen: 2753914K->10928K(2771904K)] 7417253K->4675049K(8364352K), 0.0514920 secs] [Times: user=0.25 sys=0.02, real=0.06 secs] 
2011-02-12T12:29:13.006+0000: 43842.326: [GC
Desired survivor size 22544384 bytes, new threshold 1 (max 15)
 [PSYoungGen: 2758768K->9808K(2774144K)] 7422889K->4674465K(8366592K), 0.0479350 secs] [Times: user=0.26 sys=0.01, real=0.04 secs] 
2011-02-12T12:29:18.399+0000: 43847.719: [GC
Desired survivor size 23527424 bytes, new threshold 1 (max 15)
 [PSYoungGen: 2761040K->16688K(2767936K)] 7425697K->4681889K(8360384K), 0.0536990 secs] [Times: user=0.32 sys=0.02, real=0.05 secs] 
2011-02-12T12:29:24.068+0000: 43853.387: [GC
Desired survivor size 23920640 bytes, new threshold 1 (max 15)
 [PSYoungGen: 2767920K->15808K(2772416K)] 7433121K->4681513K(8364864K), 0.0523000 secs] [Times: user=0.30 sys=0.02, real=0.05 secs] 
2011-02-12T12:29:29.860+0000: 43859.180: [GC
Desired survivor size 24379392 bytes, new threshold 1 (max 15)
 [PSYoungGen: 2765248K->16544K(2766016K)] 7430953K->4682713K(8358464K), 0.0542210 secs] [Times: user=0.32 sys=0.03, real=0.05 secs] 
2011-02-12T12:29:35.936+0000: 43865.256: [GC
Desired survivor size 26017792 bytes, new threshold 1 (max 15)
 [PSYoungGen: 2765984K->19904K(2769152K)] 7432153K->4686497K(8361600K), 0.0571170 secs] [Times: user=0.30 sys=0.01, real=0.06 secs] 
2011-02-12T12:29:41.196+0000: 43870.516: [GC
Desired survivor size 25559040 bytes, new threshold 1 (max 15)
 [PSYoungGen: 2765248K->9056K(2770752K)] 7431841K->4676137K(8363200K), 0.0482100 secs] [Times: user=0.24 sys=0.01, real=0.05 secs] 
2011-02-12T12:29:46.895+0000: 43876.215: [GC
Desired survivor size 25559040 bytes, new threshold 1 (max 15)
 [PSYoungGen: 2754400K->16224K(2771200K)] 7421481K->4683873K(8363648K), 0.0528500 secs] [Times: user=0.29 sys=0.02, real=0.05 secs] 
2011-02-12T12:29:52.747+0000: 43882.066: [GC
Desired survivor size 25690112 bytes, new threshold 1 (max 15)
 [PSYoungGen: 2762464K->16800K(2763072K)] 7430113K->4684913K(8355520K), 0.0527950 secs] [Times: user=0.32 sys=0.02, real=0.05 secs] 
2011-02-12T12:29:58.671+0000: 43887.991: [GC
Desired survivor size 26214400 bytes, new threshold 1 (max 15)
 [PSYoungGen: 2763040K->18112K(2770048K)] 7431153K->4686701K(8362496K), 0.0526890 secs] [Times: user=0.32 sys=0.02, real=0.05 secs] 
2011-02-12T12:30:03.801+0000: 43893.120: [GC
Desired survivor size 25296896 bytes, new threshold 1 (max 15)
 [PSYoungGen: 2763072K->12546K(2770560K)] 7431661K->4681612K(8363008K), 0.0510900 secs] [Times: user=0.26 sys=0.02, real=0.06 secs] 
2011-02-12T12:30:08.957+0000: 43898.277: [GC
Desired survivor size 24313856 bytes, new threshold 1 (max 15)
 [PSYoungGen: 2757506K->13264K(2772416K)] 7426572K->4683015K(8364864K), 0.0496450 secs] [Times: user=0.28 sys=0.01, real=0.05 secs] 
2011-02-12T12:30:14.548+0000: 43903.868: [GC
Desired survivor size 24576000 bytes, new threshold 1 (max 15)
 [PSYoungGen: 2760976K->6448K(2771456K)] 7430727K->4676783K(8363904K), 0.0424810 secs] [Times: user=0.24 sys=0.02, real=0.04 secs] 
2011-02-12T12:30:20.279+0000: 43909.598: [GC
Desired survivor size 26083328 bytes, new threshold 1 (max 15)
 [PSYoungGen: 2754160K->19907K(2769216K)] 7424495K->4690827K(8361664K), 0.0585230 secs] [Times: user=0.34 sys=0.02, real=0.06 secs] 
2011-02-12T12:30:26.049+0000: 43915.369: [GC
Desired survivor size 24903680 bytes, new threshold 1 (max 15)
 [PSYoungGen: 2765123K->13600K(2770688K)] 7436043K->4685187K(8363136K), 0.0498770 secs] [Times: user=0.27 sys=0.02, real=0.05 secs] 
2011-02-12T12:30:32.405+0000: 43921.725: [GC
Desired survivor size 25493504 bytes, new threshold 1 (max 15)
 [PSYoungGen: 2758816K->4032K(2770688K)] 7430403K->4676051K(8363136K), 0.0375060 secs] [Times: user=0.19 sys=0.01, real=0.03 secs] 
2011-02-12T12:30:38.036+0000: 43927.355: [GC
Desired survivor size 24707072 bytes, new threshold 1 (max 15)
 [PSYoungGen: 2750400K->13856K(2771264K)] 7422419K->4686427K(8363712K), 0.0501290 secs] [Times: user=0.28 sys=0.02, real=0.06 secs] 
2011-02-12T12:30:43.354+0000: 43932.674: [GC
Desired survivor size 24641536 bytes, new threshold 1 (max 15)
 [PSYoungGen: 2760224K->6624K(2772096K)] 7432795K->4679671K(8364544K), 0.0406920 secs] [Times: user=0.22 sys=0.01, real=0.04 secs] 
2011-02-12T12:30:48.973+0000: 43938.293: [GC
Desired survivor size 24969216 bytes, new threshold 1 (max 15)
 [PSYoungGen: 2754592K->16320K(2764288K)] 7427639K->4689815K(8356736K), 0.0519770 secs] [Times: user=0.33 sys=0.01, real=0.05 secs] 
2011-02-12T12:30:54.700+0000: 43944.020: [GC
Desired survivor size 23789568 bytes, new threshold 1 (max 15)
 [PSYoungGen: 2764288K->12736K(2772928K)] 7437783K->4686679K(8365376K), 0.0478990 secs] [Times: user=0.27 sys=0.01, real=0.05 secs] 
2011-02-12T12:30:59.968+0000: 43949.288: [GC
Desired survivor size 23527424 bytes, new threshold 1 (max 15)
 [PSYoungGen: 2761280K->14752K(2771776K)] 7435223K->4689159K(8364224K), 0.0493960 secs] [Times: user=0.28 sys=0.02, real=0.05 secs] 
2011-02-12T12:31:05.219+0000: 43954.539: [GC
Desired survivor size 23461888 bytes, new threshold 1 (max 15)
 [PSYoungGen: 2763296K->7370K(2773248K)] 7437703K->4682241K(8365696K), 0.0435690 secs] [Times: user=0.23 sys=0.02, real=0.04 secs] 
2011-02-12T12:31:10.617+0000: 43959.937: [GC
Desired survivor size 23724032 bytes, new threshold 1 (max 15)
 [PSYoungGen: 2757642K->15856K(2766144K)] 7432513K->4691541K(8358592K), 0.0542490 secs] [Times: user=0.31 sys=0.01, real=0.06 secs] 
2011-02-12T12:31:16.276+0000: 43965.596: [GC
Desired survivor size 23068672 bytes, new threshold 1 (max 15)
 [PSYoungGen: 2766128K->10304K(2773632K)] 7441813K->4686597K(8366080K), 0.0459400 secs] [Times: user=0.26 sys=0.02, real=0.05 secs] 
2011-02-12T12:31:22.199+0000: 43971.519: [GC
Desired survivor size 22413312 bytes, new threshold 1 (max 15)
 [PSYoungGen: 2760768K->10185K(2772992K)] 7437061K->4687095K(8365440K), 0.0444720 secs] [Times: user=0.26 sys=0.02, real=0.05 secs] 
2011-02-12T12:31:27.780+0000: 43977.099: [GC
Desired survivor size 22347776 bytes, new threshold 1 (max 15)
 [PSYoungGen: 2760649K->6752K(2774336K)] 7437559K->4684431K(8366784K), 0.0406480 secs] [Times: user=0.22 sys=0.01, real=0.04 secs] 
2011-02-12T12:31:33.512+0000: 43982.832: [GC
Desired survivor size 24772608 bytes, new threshold 1 (max 15)
 [PSYoungGen: 2759200K->20704K(2773184K)] 7436879K->4698855K(8365632K), 0.0592410 secs] [Times: user=0.35 sys=0.02, real=0.06 secs] 
2011-02-12T12:31:39.226+0000: 43988.546: [GC
Desired survivor size 24379392 bytes, new threshold 1 (max 15)
 [PSYoungGen: 2773152K->14784K(2771520K)] 7451303K->4693423K(8363968K), 0.0492410 secs] [Times: user=0.30 sys=0.01, real=0.05 secs] 
2011-02-12T12:31:44.916+0000: 43994.236: [GC
Desired survivor size 23789568 bytes, new threshold 1 (max 15)
 [PSYoungGen: 2763328K->9776K(2772352K)] 7441967K->4688871K(8364800K), 0.0437280 secs] [Times: user=0.26 sys=0.01, real=0.04 secs] 
2011-02-12T12:31:51.128+0000: 44000.448: [GC
Desired survivor size 22872064 bytes, new threshold 1 (max 15)
 [PSYoungGen: 2758320K->11424K(2773824K)] 7437415K->4690919K(8366272K), 0.0494180 secs] [Times: user=0.26 sys=0.02, real=0.05 secs] 
2011-02-12T12:31:57.524+0000: 44006.844: [GC
Desired survivor size 23265280 bytes, new threshold 1 (max 15)
 [PSYoungGen: 2762016K->4544K(2772928K)] 7441511K->4684479K(8365376K), 0.0372750 secs] [Times: user=0.21 sys=0.01, real=0.04 secs] 
2011-02-12T12:32:03.259+0000: 44012.579: [GC
Desired survivor size 25165824 bytes, new threshold 1 (max 15)
 [PSYoungGen: 2755136K->19706K(2769728K)] 7435071K->4700145K(8362176K), 0.0551670 secs] [Times: user=0.34 sys=0.02, real=0.05 secs] 
2011-02-12T12:32:09.135+0000: 44018.455: [GC
Desired survivor size 24969216 bytes, new threshold 1 (max 15)
 [PSYoungGen: 2766714K->15088K(2771584K)] 7447153K->4696289K(8364032K), 0.0516170 secs] [Times: user=0.30 sys=0.02, real=0.05 secs] 
2011-02-12T12:32:15.318+0000: 44024.638: [GC
Desired survivor size 24051712 bytes, new threshold 1 (max 15)
 [PSYoungGen: 2762096K->13424K(2772672K)] 7443297K->4695285K(8365120K), 0.0493460 secs] [Times: user=0.28 sys=0.02, real=0.04 secs] 
2011-02-12T12:32:21.209+0000: 44030.529: [GC
Desired survivor size 25559040 bytes, new threshold 1 (max 15)
 [PSYoungGen: 2761712K->19632K(2767936K)] 7443573K->4702141K(8360384K), 0.0574150 secs] [Times: user=0.33 sys=0.02, real=0.05 secs] 
2011-02-12T12:32:27.112+0000: 44036.431: [GC
Desired survivor size 25231360 bytes, new threshold 1 (max 15)
 [PSYoungGen: 2767920K->15793K(2771520K)] 7450429K->4698903K(8363968K), 0.0529300 secs] [Times: user=0.30 sys=0.02, real=0.05 secs] 
2011-02-12T12:32:32.975+0000: 44042.295: [GC
Desired survivor size 25427968 bytes, new threshold 1 (max 15)
 [PSYoungGen: 2762353K->17088K(2771200K)] 7445463K->4700675K(8363648K), 0.0562230 secs] [Times: user=0.30 sys=0.03, real=0.06 secs] 
2011-02-12T12:32:38.780+0000: 44048.100: [GC
Desired survivor size 24379392 bytes, new threshold 1 (max 15)
 [PSYoungGen: 2763648K->14080K(2772352K)] 7447235K->4698143K(8364800K), 0.0490640 secs] [Times: user=0.30 sys=0.02, real=0.05 secs] 
2011-02-12T12:32:44.568+0000: 44053.888: [GC
Desired survivor size 23986176 bytes, new threshold 1 (max 15)
 [PSYoungGen: 2761600K->10560K(2771328K)] 7445663K->4695151K(8363776K), 0.0444570 secs] [Times: user=0.25 sys=0.02, real=0.05 secs] 
2011-02-12T12:32:50.280+0000: 44059.600: [GC
Desired survivor size 24182784 bytes, new threshold 1 (max 15)
 [PSYoungGen: 2758080K->6880K(2772352K)] 7442671K->4691975K(8364800K), 0.0420650 secs] [Times: user=0.22 sys=0.01, real=0.05 secs] 
2011-02-12T12:32:56.254+0000: 44065.574: [GC
Desired survivor size 23986176 bytes, new threshold 1 (max 15)
 [PSYoungGen: 2755808K->7680K(2772544K)] 7440903K->4693255K(8364992K), 0.0453180 secs] [Times: user=0.23 sys=0.01, real=0.04 secs] 
2011-02-12T12:33:01.603+0000: 44070.923: [GC
Desired survivor size 24641536 bytes, new threshold 1 (max 15)
 [PSYoungGen: 2756608K->17089K(2771456K)] 7442183K->4703081K(8363904K), 0.0535120 secs] [Times: user=0.28 sys=0.01, real=0.06 secs] 
2011-02-12T12:33:06.653+0000: 44075.973: [GC
Desired survivor size 25100288 bytes, new threshold 1 (max 15)
 [PSYoungGen: 2765121K->3848K(2751936K)] 7451113K->4690505K(8344384K), 0.0373220 secs] [Times: user=0.21 sys=0.02, real=0.04 secs] 
2011-02-12T12:33:12.153+0000: 44081.472: [GC
Desired survivor size 23855104 bytes, new threshold 1 (max 15)
 [PSYoungGen: 2751880K->11760K(2772864K)] 7438537K->4699010K(8365312K), 0.0468620 secs] [Times: user=0.27 sys=0.02, real=0.05 secs] 
2011-02-12T12:33:17.858+0000: 44087.178: [GC
Desired survivor size 23592960 bytes, new threshold 1 (max 15)
 [PSYoungGen: 2760112K->6688K(2771648K)] 7447362K->4694612K(8364096K), 0.0422050 secs] [Times: user=0.23 sys=0.03, real=0.04 secs] 
2011-02-12T12:33:23.716+0000: 44093.035: [GC
Desired survivor size 23396352 bytes, new threshold 1 (max 15)
 [PSYoungGen: 2755040K->5824K(2773312K)] 7442964K->4694292K(8365760K), 0.0407770 secs] [Times: user=0.22 sys=0.01, real=0.05 secs] 
2011-02-12T12:33:29.762+0000: 44099.082: [GC
Desired survivor size 22937600 bytes, new threshold 1 (max 15)
 [PSYoungGen: 2756096K->6656K(2773120K)] 7444564K->4695556K(8365568K), 0.0453120 secs] [Times: user=0.22 sys=0.02, real=0.05 secs] 
2011-02-12T12:33:35.467+0000: 44104.786: [GC
Desired survivor size 22151168 bytes, new threshold 1 (max 15)
 [PSYoungGen: 2756928K->11552K(2774528K)] 7445828K->4700956K(8366976K), 0.0480750 secs] [Times: user=0.28 sys=0.02, real=0.05 secs] 
2011-02-12T12:33:40.947+0000: 44110.266: [GC
Desired survivor size 22020096 bytes, new threshold 1 (max 15)
 [PSYoungGen: 2763680K->4672K(2773760K)] 7453084K->4694596K(8366208K), 0.0372820 secs] [Times: user=0.22 sys=0.01, real=0.04 secs] 
2011-02-12T12:33:46.718+0000: 44116.038: [GC
Desired survivor size 24248320 bytes, new threshold 1 (max 15)
 [PSYoungGen: 2756800K->18944K(2770304K)] 7446724K->4709356K(8362752K), 0.0572330 secs] [Times: user=0.32 sys=0.01, real=0.06 secs] 
2011-02-12T12:33:52.463+0000: 44121.783: [GC
Desired survivor size 24248320 bytes, new threshold 1 (max 15)
 [PSYoungGen: 2767744K->14320K(2772480K)] 7458156K->4705240K(8364928K), 0.0525770 secs] [Times: user=0.29 sys=0.02, real=0.05 secs] 
2011-02-12T12:33:58.439+0000: 44127.759: [GC
Desired survivor size 24838144 bytes, new threshold 1 (max 15)
 [PSYoungGen: 2763120K->16208K(2771328K)] 7454040K->4707664K(8363776K), 0.0527160 secs] [Times: user=0.30 sys=0.02, real=0.06 secs] 
2011-02-12T12:34:03.577+0000: 44132.896: [GC
Desired survivor size 24772608 bytes, new threshold 1 (max 15)
 [PSYoungGen: 2763856K->4762K(2771904K)] 7455312K->4696730K(8364352K), 0.0372340 secs] [Times: user=0.21 sys=0.02, real=0.04 secs] 
2011-02-12T12:34:08.665+0000: 44137.984: [GC
Desired survivor size 24248320 bytes, new threshold 1 (max 15)
 [PSYoungGen: 2752410K->6192K(2772480K)] 7444378K->4698870K(8364928K), 0.0432010 secs] [Times: user=0.22 sys=0.02, real=0.04 secs] 
2011-02-12T12:34:14.047+0000: 44143.366: [GC
Desired survivor size 24182784 bytes, new threshold 1 (max 15)
 [PSYoungGen: 2754480K->13792K(2771968K)] 7447158K->4707046K(8364416K), 0.0497730 secs] [Times: user=0.28 sys=0.01, real=0.05 secs] 
2011-02-12T12:34:19.816+0000: 44149.136: [GC
Desired survivor size 23461888 bytes, new threshold 1 (max 15)
 [PSYoungGen: 2762080K->7488K(2773248K)] 7455334K->4701370K(8365696K), 0.0456480 secs] [Times: user=0.23 sys=0.02, real=0.04 secs] 
2011-02-12T12:34:25.634+0000: 44154.954: [GC
Desired survivor size 23134208 bytes, new threshold 1 (max 15)
 [PSYoungGen: 2757120K->5056K(2772544K)] 7451002K->4699522K(8364992K), 0.0388950 secs] [Times: user=0.21 sys=0.01, real=0.03 secs] 
2011-02-12T12:34:31.398+0000: 44160.717: [GC
Desired survivor size 25034752 bytes, new threshold 1 (max 15)
 [PSYoungGen: 2754688K->18304K(2769856K)] 7449154K->4713294K(8362304K), 0.0552080 secs] [Times: user=0.32 sys=0.02, real=0.05 secs] 
2011-02-12T12:34:36.960+0000: 44166.279: [GC
Desired survivor size 24248320 bytes, new threshold 1 (max 15)
 [PSYoungGen: 2765568K->12480K(2771712K)] 7460558K->4707926K(8364160K), 0.0498120 secs] [Times: user=0.29 sys=0.01, real=0.05 secs] 
2011-02-12T12:34:42.539+0000: 44171.859: [GC
Desired survivor size 23724032 bytes, new threshold 1 (max 15)
 [PSYoungGen: 2759744K->6496K(2772992K)] 7455190K->4702358K(8365440K), 0.0455220 secs] [Times: user=0.25 sys=0.02, real=0.04 secs] 
2011-02-12T12:34:48.611+0000: 44177.931: [GC
Desired survivor size 22740992 bytes, new threshold 1 (max 15)
 [PSYoungGen: 2755808K->8640K(2772480K)] 7451670K->4704950K(8364928K), 0.0450310 secs] [Times: user=0.24 sys=0.02, real=0.05 secs] 
2011-02-12T12:34:54.074+0000: 44183.394: [GC
Desired survivor size 21626880 bytes, new threshold 1 (max 15)
 [PSYoungGen: 2757952K->9899K(2775040K)] 7454262K->4706701K(8367488K), 0.0467260 secs] [Times: user=0.24 sys=0.02, real=0.05 secs] 
2011-02-12T12:34:59.851+0000: 44189.171: [GC
Desired survivor size 20971520 bytes, new threshold 1 (max 15)
 [PSYoungGen: 2762731K->7712K(2773952K)] 7459533K->4704942K(8366400K), 0.0446540 secs] [Times: user=0.24 sys=0.02, real=0.04 secs] 
2011-02-12T12:35:05.138+0000: 44194.458: [GC
Desired survivor size 21823488 bytes, new threshold 1 (max 15)
 [PSYoungGen: 2760544K->15034K(2774016K)] 7457774K->4712728K(8366464K), 0.0513010 secs] [Times: user=0.30 sys=0.01, real=0.06 secs] 
2011-02-12T12:35:10.845+0000: 44200.165: [GC
Desired survivor size 21037056 bytes, new threshold 1 (max 15)
 [PSYoungGen: 2768570K->8496K(2774848K)] 7466264K->4706900K(8367296K), 0.0447400 secs] [Times: user=0.23 sys=0.03, real=0.05 secs] 
2011-02-12T12:35:17.178+0000: 44206.497: [GC
Desired survivor size 21692416 bytes, new threshold 1 (max 15)
 [PSYoungGen: 2762032K->14688K(2774336K)] 7460436K->4713629K(8366784K), 0.0529040 secs] [Times: user=0.30 sys=0.02, real=0.06 secs] 
2011-02-12T12:35:23.289+0000: 44212.609: [GC
Desired survivor size 22872064 bytes, new threshold 1 (max 15)
 [PSYoungGen: 2768480K->16832K(2770624K)] 7467421K->4716461K(8363072K), 0.0569540 secs] [Times: user=0.33 sys=0.02, real=0.06 secs] 
2011-02-12T12:35:29.468+0000: 44218.787: [GC
Desired survivor size 22872064 bytes, new threshold 1 (max 15)
 [PSYoungGen: 2770624K->5232K(2773824K)] 7470253K->4705349K(8366272K), 0.0383820 secs] [Times: user=0.21 sys=0.01, real=0.04 secs] 
2011-02-12T12:35:34.962+0000: 44224.282: [GC
Desired survivor size 23330816 bytes, new threshold 1 (max 15)
 [PSYoungGen: 2756720K->15096K(2766592K)] 7456837K->4715790K(8359040K), 0.0518840 secs] [Times: user=0.30 sys=0.03, real=0.05 secs] 
2011-02-12T12:35:41.055+0000: 44230.375: [GC
Desired survivor size 24051712 bytes, new threshold 1 (max 15)
 [PSYoungGen: 2766584K->16317K(2771968K)] 7467278K->4717583K(8364416K), 0.0523660 secs] [Times: user=0.30 sys=0.01, real=0.05 secs] 
2011-02-12T12:35:46.807+0000: 44236.127: [GC
Desired survivor size 23396352 bytes, new threshold 1 (max 15)
 [PSYoungGen: 2765501K->13120K(2772672K)] 7466767K->4714898K(8365120K), 0.0511200 secs] [Times: user=0.29 sys=0.02, real=0.05 secs] 
2011-02-12T12:35:53.030+0000: 44242.350: [GC
Desired survivor size 24379392 bytes, new threshold 1 (max 15)
 [PSYoungGen: 2762304K->17376K(2771392K)] 7464082K->4719610K(8363840K), 0.0550670 secs] [Times: user=0.33 sys=0.02, real=0.06 secs] 
2011-02-12T12:35:58.944+0000: 44248.264: [GC
Desired survivor size 24576000 bytes, new threshold 1 (max 15)
 [PSYoungGen: 2765920K->4416K(2752960K)] 7468154K->4707098K(8345408K), 0.0363420 secs] [Times: user=0.21 sys=0.01, real=0.04 secs] 
2011-02-12T12:36:04.065+0000: 44253.385: [GC
Desired survivor size 23986176 bytes, new threshold 1 (max 15)
 [PSYoungGen: 2752960K->7962K(2772736K)] 7455642K->4711100K(8365184K), 0.0457890 secs] [Times: user=0.25 sys=0.02, real=0.05 secs] 
2011-02-12T12:36:09.803+0000: 44259.122: [GC
Desired survivor size 23134208 bytes, new threshold 1 (max 15)
 [PSYoungGen: 2756698K->8880K(2772160K)] 7459836K->4712816K(8364608K), 0.0470960 secs] [Times: user=0.24 sys=0.04, real=0.05 secs] 
2011-02-12T12:36:15.456+0000: 44264.776: [GC
Desired survivor size 22740992 bytes, new threshold 1 (max 15)
 [PSYoungGen: 2757616K->6576K(2773952K)] 7461552K->4711056K(8366400K), 0.0423760 secs] [Times: user=0.20 sys=0.00, real=0.05 secs] 
2011-02-12T12:36:21.356+0000: 44270.675: [GC
Desired survivor size 22478848 bytes, new threshold 1 (max 15)
 [PSYoungGen: 2757936K->5024K(2773568K)] 7462416K->4710232K(8366016K), 0.0428440 secs] [Times: user=0.22 sys=0.01, real=0.05 secs] 
2011-02-12T12:36:27.464+0000: 44276.783: [GC
Desired survivor size 21495808 bytes, new threshold 1 (max 15)
 [PSYoungGen: 2756384K->8864K(2775168K)] 7461592K->4714632K(8367616K), 0.0450850 secs] [Times: user=0.25 sys=0.02, real=0.05 secs] 
2011-02-12T12:36:33.267+0000: 44282.587: [GC
Desired survivor size 20578304 bytes, new threshold 1 (max 15)
 [PSYoungGen: 2762080K->8672K(2774208K)] 7467848K->4714904K(8366656K), 0.0452190 secs] [Times: user=0.25 sys=0.01, real=0.05 secs] 
2011-02-12T12:36:38.972+0000: 44288.292: [GC
Desired survivor size 20119552 bytes, new threshold 1 (max 15)
 [PSYoungGen: 2761888K->6353K(2776512K)] 7468120K->4713114K(8368960K), 0.0407780 secs] [Times: user=0.23 sys=0.01, real=0.04 secs] 
2011-02-12T12:36:44.589+0000: 44293.909: [GC
Desired survivor size 21889024 bytes, new threshold 1 (max 15)
 [PSYoungGen: 2762769K->16928K(2773376K)] 7469530K->4724180K(8365824K), 0.0524350 secs] [Times: user=0.32 sys=0.01, real=0.06 secs] 
2011-02-12T12:36:49.898+0000: 44299.218: [GC
Desired survivor size 20840448 bytes, new threshold 1 (max 15)
 [PSYoungGen: 2773344K->9536K(2775808K)] 7480596K->4717348K(8368256K), 0.0465390 secs] [Times: user=0.26 sys=0.02, real=0.05 secs] 
2011-02-12T12:36:55.233+0000: 44304.553: [GC
Desired survivor size 21692416 bytes, new threshold 1 (max 15)
 [PSYoungGen: 2763968K->15072K(2774784K)] 7471780K->4723356K(8367232K), 0.0534430 secs] [Times: user=0.31 sys=0.02, real=0.05 secs] 
2011-02-12T12:37:00.276+0000: 44309.596: [GC
Desired survivor size 24838144 bytes, new threshold 1 (max 15)
 [PSYoungGen: 2769504K->21154K(2768832K)] 7477788K->4729994K(8361280K), 0.0587810 secs] [Times: user=0.34 sys=0.01, real=0.06 secs] 
2011-02-12T12:37:05.220+0000: 44314.540: [GC
Desired survivor size 27787264 bytes, new threshold 1 (max 15)
 [PSYoungGen: 2768802K->22837K(2770496K)] 7477642K->4732308K(8362944K), 0.0628420 secs] [Times: user=0.34 sys=0.01, real=0.07 secs] 
2011-02-12T12:37:10.409+0000: 44319.728: [GC
Desired survivor size 27394048 bytes, new threshold 1 (max 15)
 [PSYoungGen: 2770485K->6608K(2768320K)] 7479956K->4716582K(8360768K), 0.0449500 secs] [Times: user=0.23 sys=0.02, real=0.04 secs] 
2011-02-12T12:37:16.091+0000: 44325.411: [GC
Desired survivor size 28901376 bytes, new threshold 1 (max 15)
 [PSYoungGen: 2749264K->20208K(2762880K)] 7459238K->4730650K(8355328K), 0.0559440 secs] [Times: user=0.35 sys=0.01, real=0.06 secs] 
2011-02-12T12:37:22.008+0000: 44331.328: [GC
Desired survivor size 29753344 bytes, new threshold 1 (max 15)
 [PSYoungGen: 2762864K->19264K(2766272K)] 7473306K->4730354K(8358720K), 0.0556750 secs] [Times: user=0.32 sys=0.01, real=0.05 secs] 
2011-02-12T12:37:28.066+0000: 44337.386: [GC
Desired survivor size 29753344 bytes, new threshold 1 (max 15)
 [PSYoungGen: 2757312K->4480K(2767104K)] 7468402K->4716122K(8359552K), 0.0372340 secs] [Times: user=0.23 sys=0.01, real=0.04 secs] 
2011-02-12T12:37:33.374+0000: 44342.693: [GC
Desired survivor size 28573696 bytes, new threshold 1 (max 15)
 [PSYoungGen: 2742528K->9792K(2768256K)] 7454170K->4721906K(8360704K), 0.0466690 secs] [Times: user=0.25 sys=0.01, real=0.05 secs] 
2011-02-12T12:37:39.042+0000: 44348.362: [GC
Desired survivor size 27918336 bytes, new threshold 1 (max 15)
 [PSYoungGen: 2748992K->7328K(2767104K)] 7461106K->4719922K(8359552K), 0.0446800 secs] [Times: user=0.25 sys=0.01, real=0.05 secs] 
2011-02-12T12:37:45.150+0000: 44354.470: [GC
Desired survivor size 26935296 bytes, new threshold 1 (max 15)
 [PSYoungGen: 2746528K->8512K(2769856K)] 7459122K->4721613K(8362304K), 0.0423990 secs] [Times: user=0.23 sys=0.02, real=0.04 secs] 
2011-02-12T12:37:50.792+0000: 44360.111: [GC
Desired survivor size 28311552 bytes, new threshold 1 (max 15)
 [PSYoungGen: 2751104K->19200K(2761792K)] 7464205K->4732765K(8354240K), 0.0571070 secs] [Times: user=0.32 sys=0.02, real=0.06 secs] 
2011-02-12T12:37:55.919+0000: 44365.238: [GC
Desired survivor size 27721728 bytes, new threshold 1 (max 15)
 [PSYoungGen: 2761792K->6928K(2769088K)] 7475357K->4720989K(8361536K), 0.0409970 secs] [Times: user=0.22 sys=0.00, real=0.05 secs] 
2011-02-12T12:38:01.244+0000: 44370.564: [GC
Desired survivor size 26148864 bytes, new threshold 1 (max 15)
 [PSYoungGen: 2748368K->11585K(2768512K)] 7462429K->4726154K(8360960K), 0.0469500 secs] [Times: user=0.26 sys=0.02, real=0.05 secs] 
2011-02-12T12:38:06.412+0000: 44375.732: [GC
Desired survivor size 26083328 bytes, new threshold 1 (max 15)
 [PSYoungGen: 2753025K->15256K(2770688K)] 7467594K->4730439K(8363136K), 0.0520870 secs] [Times: user=0.30 sys=0.02, real=0.05 secs] 
2011-02-12T12:38:12.191+0000: 44381.511: [GC
Desired survivor size 25034752 bytes, new threshold 1 (max 15)
 [PSYoungGen: 2760408K->13008K(2770624K)] 7475591K->4728625K(8363072K), 0.0504900 secs] [Times: user=0.28 sys=0.01, real=0.06 secs] 
2011-02-12T12:38:17.928+0000: 44387.248: [GC
Desired survivor size 24313856 bytes, new threshold 1 (max 15)
 [PSYoungGen: 2758160K->9184K(2772416K)] 7473777K->4725381K(8364864K), 0.0454000 secs] [Times: user=0.24 sys=0.03, real=0.05 secs] 
2011-02-12T12:38:24.059+0000: 44393.379: [GC
Desired survivor size 23265280 bytes, new threshold 1 (max 15)
 [PSYoungGen: 2757152K->11104K(2771712K)] 7473349K->4727997K(8364160K), 0.0482150 secs] [Times: user=0.28 sys=0.01, real=0.05 secs] 
2011-02-12T12:38:30.143+0000: 44399.463: [GC
Desired survivor size 22151168 bytes, new threshold 1 (max 15)
 [PSYoungGen: 2759072K->11872K(2774528K)] 7475965K->4729297K(8366976K), 0.0503870 secs] [Times: user=0.27 sys=0.02, real=0.06 secs] 
2011-02-12T12:38:36.242+0000: 44405.562: [GC
Desired survivor size 22151168 bytes, new threshold 1 (max 15)
 [PSYoungGen: 2763680K->14496K(2773440K)] 7481105K->4732345K(8365888K), 0.0522050 secs] [Times: user=0.29 sys=0.01, real=0.06 secs] 
2011-02-12T12:38:42.210+0000: 44411.530: [GC
Desired survivor size 21692416 bytes, new threshold 1 (max 15)
 [PSYoungGen: 2766304K->13376K(2774976K)] 7484153K->4731753K(8367424K), 0.0527640 secs] [Times: user=0.28 sys=0.02, real=0.05 secs] 
2011-02-12T12:38:48.010+0000: 44417.329: [GC
Desired survivor size 21233664 bytes, new threshold 1 (max 15)
 [PSYoungGen: 2766720K->13493K(2774528K)] 7485097K->4732371K(8366976K), 0.0483730 secs] [Times: user=0.28 sys=0.02, real=0.05 secs] 
2011-02-12T12:38:53.913+0000: 44423.232: [GC
Desired survivor size 21364736 bytes, new threshold 1 (max 15)
 [PSYoungGen: 2766837K->14927K(2775168K)] 7485715K->4734282K(8367616K), 0.0503770 secs] [Times: user=0.30 sys=0.02, real=0.05 secs] 
2011-02-12T12:38:59.508+0000: 44428.828: [GC
Desired survivor size 21233664 bytes, new threshold 1 (max 15)
 [PSYoungGen: 2769359K->8364K(2775296K)] 7488714K->4728454K(8367744K), 0.0445610 secs] [Times: user=0.25 sys=0.01, real=0.04 secs] 
2011-02-12T12:39:04.795+0000: 44434.115: [GC
Desired survivor size 21495808 bytes, new threshold 1 (max 15)
 [PSYoungGen: 2762796K->15130K(2774912K)] 7482886K->4735812K(8367360K), 0.0513290 secs] [Times: user=0.30 sys=0.02, real=0.05 secs] 
2011-02-12T12:39:10.393+0000: 44439.713: [GC
Desired survivor size 20971520 bytes, new threshold 1 (max 15)
 [PSYoungGen: 2769306K->10486K(2775168K)] 7489988K->4731871K(8367616K), 0.0479790 secs] [Times: user=0.25 sys=0.01, real=0.05 secs] 
2011-02-12T12:39:16.092+0000: 44445.412: [GC
Desired survivor size 23134208 bytes, new threshold 1 (max 15)
 [PSYoungGen: 2764662K->20144K(2771456K)] 7486047K->4742120K(8363904K), 0.0587810 secs] [Times: user=0.35 sys=0.02, real=0.06 secs] 
2011-02-12T12:39:21.782+0000: 44451.102: [GC
Desired survivor size 23920640 bytes, new threshold 1 (max 15)
 [PSYoungGen: 2771120K->2848K(2753856K)] 7493096K->4725441K(8346304K), 0.0410170 secs] [Times: user=0.20 sys=0.01, real=0.04 secs] 
2011-02-12T12:39:27.336+0000: 44456.655: [GC
Desired survivor size 23527424 bytes, new threshold 1 (max 15)
 [PSYoungGen: 2753824K->14080K(2773184K)] 7476417K->4737289K(8365632K), 0.0516740 secs] [Times: user=0.30 sys=0.03, real=0.05 secs] 
2011-02-12T12:39:33.153+0000: 44462.472: [GC
Desired survivor size 23986176 bytes, new threshold 1 (max 15)
 [PSYoungGen: 2763904K->16288K(2766144K)] 7487113K->4740001K(8358592K), 0.0536060 secs] [Times: user=0.32 sys=0.01, real=0.05 secs] 
2011-02-12T12:39:39.188+0000: 44468.508: [GC
Desired survivor size 24772608 bytes, new threshold 1 (max 15)
 [PSYoungGen: 2766112K->17696K(2771200K)] 7489825K->4741993K(8363648K), 0.0561440 secs] [Times: user=0.34 sys=0.01, real=0.06 secs] 
2011-02-12T12:39:45.477+0000: 44474.797: [GC
Desired survivor size 24117248 bytes, new threshold 1 (max 15)
 [PSYoungGen: 2765472K->10592K(2771968K)] 7489769K->4735421K(8364416K), 0.0474110 secs] [Times: user=0.27 sys=0.01, real=0.05 secs] 
2011-02-12T12:39:51.600+0000: 44480.920: [GC
Desired survivor size 23724032 bytes, new threshold 1 (max 15)
 [PSYoungGen: 2758368K->14816K(2772992K)] 7483197K->4740141K(8365440K), 0.0532720 secs] [Times: user=0.30 sys=0.01, real=0.06 secs] 
2011-02-12T12:39:57.778+0000: 44487.098: [GC
Desired survivor size 23527424 bytes, new threshold 1 (max 15)
 [PSYoungGen: 2764256K->8397K(2772608K)] 7489581K->4734226K(8365056K), 0.0450560 secs] [Times: user=0.25 sys=0.01, real=0.04 secs] 
2011-02-12T12:40:03.488+0000: 44492.808: [GC
Desired survivor size 23724032 bytes, new threshold 1 (max 15)
 [PSYoungGen: 2757837K->5305K(2772800K)] 7483666K->4731719K(8365248K), 0.0398330 secs] [Times: user=0.23 sys=0.02, real=0.04 secs] 
2011-02-12T12:40:08.864+0000: 44498.184: [GC
Desired survivor size 22872064 bytes, new threshold 1 (max 15)
 [PSYoungGen: 2755129K->12656K(2772992K)] 7481543K->4739835K(8365440K), 0.0518400 secs] [Times: user=0.28 sys=0.02, real=0.06 secs] 
2011-02-12T12:40:14.721+0000: 44504.041: [GC
Desired survivor size 22085632 bytes, new threshold 1 (max 15)
 [PSYoungGen: 2762480K->10288K(2774592K)] 7489659K->4738019K(8367040K), 0.0495880 secs] [Times: user=0.24 sys=0.02, real=0.05 secs] 
2011-02-12T12:40:21.140+0000: 44510.460: [GC
Desired survivor size 22020096 bytes, new threshold 1 (max 15)
 [PSYoungGen: 2762544K->6576K(2773824K)] 7490275K->4734943K(8366272K), 0.0442380 secs] [Times: user=0.23 sys=0.03, real=0.04 secs] 
2011-02-12T12:40:27.242+0000: 44516.562: [GC
Desired survivor size 21430272 bytes, new threshold 1 (max 15)
 [PSYoungGen: 2758832K->8768K(2775232K)] 7487199K->4737895K(8367680K), 0.0452400 secs] [Times: user=0.24 sys=0.01, real=0.04 secs] 
2011-02-12T12:40:33.160+0000: 44522.480: [GC
Desired survivor size 20643840 bytes, new threshold 1 (max 15)
 [PSYoungGen: 2762496K->9664K(2774656K)] 7491623K->4739327K(8367104K), 0.0443870 secs] [Times: user=0.24 sys=0.01, real=0.04 secs] 
2011-02-12T12:40:38.864+0000: 44528.184: [GC
Desired survivor size 20054016 bytes, new threshold 1 (max 15)
 [PSYoungGen: 2763392K->8928K(2776576K)] 7493055K->4739183K(8369024K), 0.0466180 secs] [Times: user=0.25 sys=0.01, real=0.05 secs] 
2011-02-12T12:40:44.597+0000: 44533.916: [GC
Desired survivor size 20250624 bytes, new threshold 1 (max 15)
 [PSYoungGen: 2765344K->4224K(2776000K)] 7495599K->4734991K(8368448K), 0.0384380 secs] [Times: user=0.21 sys=0.02, real=0.04 secs] 
2011-02-12T12:40:50.245+0000: 44539.564: [GC
Desired survivor size 21233664 bytes, new threshold 1 (max 15)
 [PSYoungGen: 2760640K->15200K(2774464K)] 7491407K->4746447K(8366912K), 0.0546750 secs] [Times: user=0.31 sys=0.02, real=0.05 secs] 
2011-02-12T12:40:55.797+0000: 44545.116: [GC
Desired survivor size 20447232 bytes, new threshold 1 (max 15)
 [PSYoungGen: 2769888K->9004K(2775424K)] 7501135K->4740771K(8367872K), 0.0479180 secs] [Times: user=0.25 sys=0.01, real=0.05 secs] 
2011-02-12T12:41:00.895+0000: 44550.214: [GC
Desired survivor size 19988480 bytes, new threshold 1 (max 15)
 [PSYoungGen: 2763692K->11746K(2776640K)] 7495459K->4744053K(8369088K), 0.0510210 secs] [Times: user=0.26 sys=0.03, real=0.05 secs] 
2011-02-12T12:41:06.189+0000: 44555.509: [GC
Desired survivor size 23068672 bytes, new threshold 1 (max 15)
 [PSYoungGen: 2768418K->19511K(2776192K)] 7500725K->4753389K(8368640K), 0.0577430 secs] [Times: user=0.34 sys=0.02, real=0.06 secs] 
2011-02-12T12:41:11.118+0000: 44560.437: [GC
Desired survivor size 23134208 bytes, new threshold 1 (max 15)
 [PSYoungGen: 2776183K->14800K(2770944K)] 7510061K->4749262K(8363392K), 0.0543360 secs] [Times: user=0.28 sys=0.02, real=0.05 secs] 
2011-02-12T12:41:16.550+0000: 44565.869: [GC
Desired survivor size 22609920 bytes, new threshold 1 (max 15)
 [PSYoungGen: 2765776K->8784K(2773568K)] 7500238K->4743790K(8366016K), 0.0459840 secs] [Times: user=0.24 sys=0.01, real=0.05 secs] 
2011-02-12T12:41:22.139+0000: 44571.459: [GC
Desired survivor size 23986176 bytes, new threshold 1 (max 15)
 [PSYoungGen: 2759760K->18096K(2771392K)] 7494766K->4753708K(8363840K), 0.0571430 secs] [Times: user=0.33 sys=0.01, real=0.06 secs] 
2011-02-12T12:41:27.749+0000: 44577.069: [GC
Desired survivor size 23461888 bytes, new threshold 1 (max 15)
 [PSYoungGen: 2767408K->13920K(2772736K)] 7503020K->4750124K(8365184K), 0.0510320 secs] [Times: user=0.27 sys=0.01, real=0.05 secs] 
2011-02-12T12:41:33.030+0000: 44582.349: [GC
Desired survivor size 24641536 bytes, new threshold 1 (max 15)
 [PSYoungGen: 2763232K->18304K(2770944K)] 7499436K->4755005K(8363392K), 0.0566770 secs] [Times: user=0.31 sys=0.01, real=0.06 secs] 
2011-02-12T12:41:38.432+0000: 44587.751: [GC
Desired survivor size 24510464 bytes, new threshold 1 (max 15)
 [PSYoungGen: 2766336K->7296K(2772096K)] 7503037K->4744493K(8364544K), 0.0423870 secs] [Times: user=0.23 sys=0.01, real=0.04 secs] 
2011-02-12T12:41:44.097+0000: 44593.417: [GC
Desired survivor size 23986176 bytes, new threshold 1 (max 15)
 [PSYoungGen: 2755328K->8896K(2772736K)] 7492525K->4746525K(8365184K), 0.0455320 secs] [Times: user=0.26 sys=0.01, real=0.04 secs] 
2011-02-12T12:41:49.516+0000: 44598.835: [GC
Desired survivor size 23527424 bytes, new threshold 1 (max 15)
 [PSYoungGen: 2757696K->13920K(2772224K)] 7495325K->4752049K(8364672K), 0.0530350 secs] [Times: user=0.29 sys=0.01, real=0.06 secs] 
2011-02-12T12:41:54.925+0000: 44604.244: [GC
Desired survivor size 23461888 bytes, new threshold 1 (max 15)
 [PSYoungGen: 2762720K->6080K(2773248K)] 7500849K->4744641K(8365696K), 0.0407890 secs] [Times: user=0.22 sys=0.01, real=0.04 secs] 
2011-02-12T12:42:00.129+0000: 44609.449: [GC
Desired survivor size 23003136 bytes, new threshold 1 (max 15)
 [PSYoungGen: 2756352K->13505K(2773184K)] 7494913K->4752495K(8365632K), 0.0492310 secs] [Times: user=0.28 sys=0.02, real=0.05 secs] 
2011-02-12T12:42:05.288+0000: 44614.608: [GC
Desired survivor size 24117248 bytes, new threshold 1 (max 15)
 [PSYoungGen: 2763777K->17496K(2771520K)] 7502767K->4757155K(8363968K), 0.0553580 secs] [Times: user=0.29 sys=0.02, real=0.06 secs] 
2011-02-12T12:42:10.534+0000: 44619.854: [GC
Desired survivor size 23658496 bytes, new threshold 1 (max 15)
 [PSYoungGen: 2766552K->8448K(2772608K)] 7506211K->4748579K(8365056K), 0.0484600 secs] [Times: user=0.25 sys=0.01, real=0.05 secs] 
2011-02-12T12:42:15.873+0000: 44625.193: [GC
Desired survivor size 23396352 bytes, new threshold 1 (max 15)
 [PSYoungGen: 2757504K->6896K(2773312K)] 7497635K->4747707K(8365760K), 0.0444410 secs] [Times: user=0.24 sys=0.01, real=0.04 secs] 
2011-02-12T12:42:21.557+0000: 44630.877: [GC
Desired survivor size 24772608 bytes, new threshold 1 (max 15)
 [PSYoungGen: 2757104K->18112K(2768384K)] 7497915K->4759595K(8360832K), 0.0557620 secs] [Times: user=0.33 sys=0.01, real=0.06 secs] 
2011-02-12T12:42:26.788+0000: 44636.107: [GC
Desired survivor size 24313856 bytes, new threshold 1 (max 15)
 [PSYoungGen: 2768320K->7776K(2772416K)] 7509803K->4749811K(8364864K), 0.0470460 secs] [Times: user=0.25 sys=0.03, real=0.05 secs] 
2011-02-12T12:42:32.586+0000: 44641.906: [GC
Desired survivor size 23724032 bytes, new threshold 1 (max 15)
 [PSYoungGen: 2756000K->7936K(2771968K)] 7498035K->4750403K(8364416K), 0.0459270 secs] [Times: user=0.24 sys=0.03, real=0.04 secs] 
2011-02-12T12:42:38.501+0000: 44647.820: [GC
Desired survivor size 22872064 bytes, new threshold 1 (max 15)
 [PSYoungGen: 2756160K->9440K(2773824K)] 7498627K->4752419K(8366272K), 0.0447810 secs] [Times: user=0.26 sys=0.02, real=0.05 secs] 
2011-02-12T12:42:44.143+0000: 44653.463: [GC
Desired survivor size 22347776 bytes, new threshold 1 (max 15)
 [PSYoungGen: 2760096K->7292K(2772992K)] 7503075K->4750736K(8365440K), 0.0426110 secs] [Times: user=0.24 sys=0.01, real=0.05 secs] 
2011-02-12T12:42:49.919+0000: 44659.239: [GC
Desired survivor size 21823488 bytes, new threshold 1 (max 15)
 [PSYoungGen: 2757948K->7296K(2774848K)] 7501392K->4751404K(8367296K), 0.0427440 secs] [Times: user=0.23 sys=0.01, real=0.04 secs] 
2011-02-12T12:42:55.924+0000: 44665.244: [GC
Desired survivor size 21168128 bytes, new threshold 1 (max 15)
 [PSYoungGen: 2760320K->11584K(2774336K)] 7504428K->4756216K(8366784K), 0.0513090 secs] [Times: user=0.27 sys=0.02, real=0.06 secs] 
2011-02-12T12:43:01.516+0000: 44670.836: [GC
Desired survivor size 20840448 bytes, new threshold 1 (max 15)
 [PSYoungGen: 2764608K->6434K(2775808K)] 7509240K->4751522K(8368256K), 0.0614540 secs] [Times: user=0.23 sys=0.01, real=0.07 secs] 
2011-02-12T12:43:06.944+0000: 44676.264: [GC
Desired survivor size 21299200 bytes, new threshold 1 (max 15)
 [PSYoungGen: 2761570K->14039K(2769216K)] 7506658K->4759789K(8361664K), 0.0512720 secs] [Times: user=0.29 sys=0.02, real=0.05 secs] 
2011-02-12T12:43:12.744+0000: 44682.064: [GC
Desired survivor size 20512768 bytes, new threshold 1 (max 15)
 [PSYoungGen: 2769175K->8944K(2776128K)] 7514925K->4755262K(8368576K), 0.0460880 secs] [Times: user=0.25 sys=0.00, real=0.05 secs] 
2011-02-12T12:43:18.385+0000: 44687.705: [GC
Desired survivor size 20447232 bytes, new threshold 1 (max 15)
 [PSYoungGen: 2764272K->5152K(2775360K)] 7510590K->4752094K(8367808K), 0.0389630 secs] [Times: user=0.21 sys=0.01, real=0.04 secs] 
2011-02-12T12:43:24.081+0000: 44693.401: [GC
Desired survivor size 22347776 bytes, new threshold 1 (max 15)
 [PSYoungGen: 2760480K->17664K(2772480K)] 7507422K->4765254K(8364928K), 0.0547430 secs] [Times: user=0.32 sys=0.01, real=0.05 secs] 
2011-02-12T12:43:29.597+0000: 44698.917: [GC
Desired survivor size 22085632 bytes, new threshold 1 (max 15)
 [PSYoungGen: 2770176K->12864K(2774336K)] 7517766K->4760934K(8366784K), 0.0476820 secs] [Times: user=0.29 sys=0.01, real=0.05 secs] 
2011-02-12T12:43:35.213+0000: 44704.533: [GC
Desired survivor size 21364736 bytes, new threshold 1 (max 15)
 [PSYoungGen: 2765376K->8448K(2775296K)] 7513446K->4757058K(8367744K), 0.0450340 secs] [Times: user=0.25 sys=0.01, real=0.04 secs] 
2011-02-12T12:43:40.949+0000: 44710.269: [GC
Desired survivor size 21364736 bytes, new threshold 1 (max 15)
 [PSYoungGen: 2762176K->4736K(2774592K)] 7510786K->4753822K(8367040K), 0.0378150 secs] [Times: user=0.21 sys=0.01, real=0.04 secs] 
2011-02-12T12:43:46.643+0000: 44715.962: [GC
Desired survivor size 22413312 bytes, new threshold 1 (max 15)
 [PSYoungGen: 2758464K->15648K(2773248K)] 7507550K->4765174K(8365696K), 0.0504000 secs] [Times: user=0.29 sys=0.02, real=0.05 secs] 
2011-02-12T12:43:52.176+0000: 44721.496: [GC
Desired survivor size 21495808 bytes, new threshold 1 (max 15)
 [PSYoungGen: 2768032K->9248K(2774272K)] 7517558K->4759262K(8366720K), 0.0454080 secs] [Times: user=0.25 sys=0.00, real=0.04 secs] 
2011-02-12T12:43:57.668+0000: 44726.987: [GC
Desired survivor size 23330816 bytes, new threshold 1 (max 15)
 [PSYoungGen: 2761632K->18272K(2771584K)] 7511646K->4768726K(8364032K), 0.0549560 secs] [Times: user=0.32 sys=0.02, real=0.05 secs] 
2011-02-12T12:44:02.610+0000: 44731.929: [GC
Desired survivor size 25165824 bytes, new threshold 1 (max 15)
 [PSYoungGen: 2768864K->19130K(2769728K)] 7519318K->4770025K(8362176K), 0.0558540 secs] [Times: user=0.33 sys=0.03, real=0.06 secs] 
2011-02-12T12:44:07.883+0000: 44737.203: [GC
Desired survivor size 23986176 bytes, new threshold 1 (max 15)
 [PSYoungGen: 2769722K->11280K(2772736K)] 7520617K->4762841K(8365184K), 0.0494090 secs] [Times: user=0.27 sys=0.01, real=0.05 secs] 
2011-02-12T12:44:13.389+0000: 44742.709: [GC
Desired survivor size 26214400 bytes, new threshold 1 (max 15)
 [PSYoungGen: 2759440K->20784K(2768960K)] 7511001K->4772945K(8361408K), 0.0588930 secs] [Times: user=0.36 sys=0.01, real=0.06 secs] 
2011-02-12T12:44:19.164+0000: 44748.483: [GC
Desired survivor size 26673152 bytes, new threshold 1 (max 15)
 [PSYoungGen: 2768944K->17568K(2769664K)] 7521105K->4770425K(8362112K), 0.0522660 secs] [Times: user=0.33 sys=0.01, real=0.06 secs] 
2011-02-12T12:44:24.679+0000: 44753.998: [GC
Desired survivor size 25624576 bytes, new threshold 1 (max 15)
 [PSYoungGen: 2761632K->11840K(2770112K)] 7514489K->4765273K(8362560K), 0.0481740 secs] [Times: user=0.28 sys=0.01, real=0.05 secs] 
2011-02-12T12:44:30.238+0000: 44759.558: [GC
Desired survivor size 25821184 bytes, new threshold 1 (max 15)
 [PSYoungGen: 2755904K->5312K(2770752K)] 7509337K->4759213K(8363200K), 0.0403870 secs] [Times: user=0.22 sys=0.01, real=0.04 secs] 
2011-02-12T12:44:36.029+0000: 44765.348: [GC
Desired survivor size 25952256 bytes, new threshold 1 (max 15)
 [PSYoungGen: 2751040K->3840K(2749568K)] 7504941K->4758201K(8342016K), 0.0345150 secs] [Times: user=0.20 sys=0.01, real=0.03 secs] 
2011-02-12T12:44:41.559+0000: 44770.879: [GC
Desired survivor size 25559040 bytes, new threshold 1 (max 15)
 [PSYoungGen: 2749568K->14160K(2771200K)] 7503929K->4768993K(8363648K), 0.0524070 secs] [Times: user=0.29 sys=0.02, real=0.05 secs] 
2011-02-12T12:44:47.373+0000: 44776.693: [GC
Desired survivor size 24379392 bytes, new threshold 1 (max 15)
 [PSYoungGen: 2760016K->10720K(2770816K)] 7514849K->4766137K(8363264K), 0.0477650 secs] [Times: user=0.28 sys=0.00, real=0.05 secs] 
2011-02-12T12:44:53.005+0000: 44782.325: [GC
Desired survivor size 23986176 bytes, new threshold 1 (max 15)
 [PSYoungGen: 2756576K->6944K(2772736K)] 7511993K->4762833K(8365184K), 0.0427940 secs] [Times: user=0.23 sys=0.01, real=0.04 secs] 
2011-02-12T12:44:58.550+0000: 44787.870: [GC
Desired survivor size 24379392 bytes, new threshold 1 (max 15)
 [PSYoungGen: 2755872K->15616K(2772352K)] 7511761K->4772001K(8364800K), 0.0520500 secs] [Times: user=0.29 sys=0.01, real=0.06 secs] 
2011-02-12T12:45:03.611+0000: 44792.931: [GC
Desired survivor size 26607616 bytes, new threshold 1 (max 15)
 [PSYoungGen: 2764544K->20698K(2768000K)] 7520929K->4777571K(8360448K), 0.0595520 secs] [Times: user=0.35 sys=0.02, real=0.06 secs] 
2011-02-12T12:45:08.279+0000: 44797.599: [GC
Desired survivor size 27983872 bytes, new threshold 1 (max 15)
 [PSYoungGen: 2764890K->19888K(2764096K)] 7521763K->4777451K(8356544K), 0.0618010 secs] [Times: user=0.33 sys=0.03, real=0.06 secs] 
2011-02-12T12:45:12.639+0000: 44801.958: [GC
Desired survivor size 27262976 bytes, new threshold 1 (max 15)
 [PSYoungGen: 2764080K->9120K(2769536K)] 7521643K->4767195K(8361984K), 0.0466970 secs] [Times: user=0.26 sys=0.01, real=0.05 secs] 
2011-02-12T12:45:18.129+0000: 44807.448: [GC
Desired survivor size 27983872 bytes, new threshold 1 (max 15)
 [PSYoungGen: 2751328K->18350K(2768832K)] 7509403K->4776874K(8361280K), 0.0546230 secs] [Times: user=0.34 sys=0.01, real=0.06 secs] 
2011-02-12T12:45:23.727+0000: 44813.047: [GC
Desired survivor size 26869760 bytes, new threshold 1 (max 15)
 [PSYoungGen: 2760558K->11568K(2769920K)] 7519082K->4770643K(8362368K), 0.0482760 secs] [Times: user=0.28 sys=0.01, real=0.05 secs] 
2011-02-12T12:45:29.256+0000: 44818.576: [GC
Desired survivor size 28114944 bytes, new threshold 1 (max 15)
 [PSYoungGen: 2754160K->19999K(2762624K)] 7513235K->4779611K(8355072K), 0.0564170 secs] [Times: user=0.35 sys=0.02, real=0.05 secs] 
2011-02-12T12:45:35.069+0000: 44824.389: [GC
Desired survivor size 27787264 bytes, new threshold 1 (max 15)
 [PSYoungGen: 2762591K->16756K(2769024K)] 7522203K->4776840K(8361472K), 0.0548590 secs] [Times: user=0.32 sys=0.01, real=0.05 secs] 
2011-02-12T12:45:40.040+0000: 44829.360: [GC
Desired survivor size 31784960 bytes, new threshold 1 (max 15)
 [PSYoungGen: 2758324K->27120K(2768704K)] 7518408K->4788236K(8361152K), 0.0644910 secs] [Times: user=0.38 sys=0.01, real=0.06 secs] 
2011-02-12T12:45:45.317+0000: 44834.637: [GC
Desired survivor size 30212096 bytes, new threshold 1 (max 15)
 [PSYoungGen: 2768688K->15520K(2764608K)] 7529804K->4777236K(8357056K), 0.0524570 secs] [Times: user=0.29 sys=0.01, real=0.05 secs] 
2011-02-12T12:45:51.320+0000: 44840.640: [GC
Desired survivor size 28770304 bytes, new threshold 1 (max 15)
 [PSYoungGen: 2752672K->15616K(2766656K)] 7514388K->4777768K(8359104K), 0.0545580 secs] [Times: user=0.31 sys=0.02, real=0.05 secs] 
2011-02-12T12:45:57.043+0000: 44846.363: [GC
Desired survivor size 27852800 bytes, new threshold 1 (max 15)
 [PSYoungGen: 2752768K->13462K(2768960K)] 7514920K->4776102K(8361408K), 0.0530040 secs] [Times: user=0.30 sys=0.01, real=0.05 secs] 
2011-02-12T12:46:02.273+0000: 44851.593: [GC
Desired survivor size 28442624 bytes, new threshold 1 (max 15)
 [PSYoungGen: 2754326K->20058K(2768064K)] 7516966K->4783208K(8360512K), 0.0566790 secs] [Times: user=0.35 sys=0.02, real=0.06 secs] 
2011-02-12T12:46:07.321+0000: 44856.641: [GC
Desired survivor size 28377088 bytes, new threshold 1 (max 15)
 [PSYoungGen: 2760922K->9312K(2768448K)] 7524072K->4773196K(8360896K), 0.0473700 secs] [Times: user=0.25 sys=0.01, real=0.05 secs] 
2011-02-12T12:46:13.070+0000: 44862.389: [GC
Desired survivor size 28442624 bytes, new threshold 1 (max 15)
 [PSYoungGen: 2749984K->7408K(2768384K)] 7513868K->4771790K(8360832K), 0.0450370 secs] [Times: user=0.22 sys=0.02, real=0.04 secs] 
2011-02-12T12:46:18.680+0000: 44868.000: [GC
Desired survivor size 29032448 bytes, new threshold 1 (max 15)
 [PSYoungGen: 2748080K->19574K(2767232K)] 7512462K->4784564K(8359680K), 0.0535680 secs] [Times: user=0.34 sys=0.01, real=0.06 secs] 
2011-02-12T12:46:24.058+0000: 44873.377: [GC
Desired survivor size 28639232 bytes, new threshold 1 (max 15)
 [PSYoungGen: 2759030K->9312K(2767808K)] 7524020K->4774978K(8360256K), 0.0447500 secs] [Times: user=0.25 sys=0.01, real=0.05 secs] 
2011-02-12T12:46:29.829+0000: 44879.149: [GC
Desired survivor size 28442624 bytes, new threshold 1 (max 15)
 [PSYoungGen: 2748768K->7520K(2768384K)] 7514434K->4773666K(8360832K), 0.0431400 secs] [Times: user=0.23 sys=0.02, real=0.05 secs] 
2011-02-12T12:46:35.578+0000: 44884.898: [GC
Desired survivor size 28508160 bytes, new threshold 1 (max 15)
 [PSYoungGen: 2747936K->5184K(2768192K)] 7514082K->4771814K(8360640K), 0.0418350 secs] [Times: user=0.22 sys=0.01, real=0.04 secs] 
2011-02-12T12:46:41.323+0000: 44890.642: [GC
Desired survivor size 27131904 bytes, new threshold 1 (max 15)
 [PSYoungGen: 2745600K->13264K(2769664K)] 7512230K->4780378K(8362112K), 0.0531820 secs] [Times: user=0.29 sys=0.02, real=0.06 secs] 
2011-02-12T12:46:46.929+0000: 44896.248: [GC
Desired survivor size 26673152 bytes, new threshold 1 (max 15)
 [PSYoungGen: 2755088K->15328K(2768320K)] 7522202K->4783002K(8360768K), 0.0521030 secs] [Times: user=0.32 sys=0.01, real=0.05 secs] 
2011-02-12T12:46:52.593+0000: 44901.913: [GC
Desired survivor size 25886720 bytes, new threshold 1 (max 15)
 [PSYoungGen: 2757152K->10016K(2770880K)] 7524826K->4778218K(8363328K), 0.0463190 secs] [Times: user=0.26 sys=0.01, real=0.05 secs] 
2011-02-12T12:46:58.184+0000: 44907.504: [GC
Desired survivor size 26148864 bytes, new threshold 1 (max 15)
 [PSYoungGen: 2754848K->3936K(2770112K)] 7523050K->4772610K(8362560K), 0.0362320 secs] [Times: user=0.21 sys=0.02, real=0.04 secs] 
2011-02-12T12:47:03.520+0000: 44912.840: [GC
Desired survivor size 25427968 bytes, new threshold 1 (max 15)
 [PSYoungGen: 2748768K->13656K(2771328K)] 7517442K->4782843K(8363776K), 0.0527220 secs] [Times: user=0.29 sys=0.03, real=0.05 secs] 
2011-02-12T12:47:08.843+0000: 44918.163: [GC
Desired survivor size 26083328 bytes, new threshold 1 (max 15)
 [PSYoungGen: 2759448K->17235K(2770624K)] 7528635K->4787188K(8363072K), 0.0570780 secs] [Times: user=0.32 sys=0.03, real=0.06 secs] 
2011-02-12T12:47:14.827+0000: 44924.147: [GC
Desired survivor size 26673152 bytes, new threshold 1 (max 15)
 [PSYoungGen: 2763027K->17744K(2769536K)] 7532980K->4788316K(8361984K), 0.0577060 secs] [Times: user=0.32 sys=0.02, real=0.06 secs] 
2011-02-12T12:47:20.718+0000: 44930.038: [GC
Desired survivor size 26935296 bytes, new threshold 1 (max 15)
 [PSYoungGen: 2761808K->17262K(2761344K)] 7532380K->4788458K(8353792K), 0.0535930 secs] [Times: user=0.33 sys=0.02, real=0.06 secs] 
2011-02-12T12:47:26.596+0000: 44935.916: [GC
Desired survivor size 26607616 bytes, new threshold 1 (max 15)
 [PSYoungGen: 2761326K->16032K(2770176K)] 7532522K->4787960K(8362624K), 0.0560990 secs] [Times: user=0.32 sys=0.02, real=0.06 secs] 
2011-02-12T12:47:32.381+0000: 44941.701: [GC
Desired survivor size 25690112 bytes, new threshold 1 (max 15)
 [PSYoungGen: 2759904K->11584K(2769856K)] 7531832K->4784072K(8362304K), 0.0469250 secs] [Times: user=0.26 sys=0.01, real=0.04 secs] 
2011-02-12T12:47:38.283+0000: 44947.603: [GC
Desired survivor size 24641536 bytes, new threshold 1 (max 15)
 [PSYoungGen: 2755456K->13792K(2772096K)] 7527944K->4786768K(8364544K), 0.0488510 secs] [Times: user=0.29 sys=0.02, real=0.05 secs] 
2011-02-12T12:47:44.249+0000: 44953.568: [GC
Desired survivor size 24117248 bytes, new threshold 1 (max 15)
 [PSYoungGen: 2760800K->10336K(2771072K)] 7533776K->4783792K(8363520K), 0.0474830 secs] [Times: user=0.24 sys=0.00, real=0.05 secs] 
2011-02-12T12:47:50.165+0000: 44959.485: [GC
Desired survivor size 23724032 bytes, new threshold 1 (max 15)
 [PSYoungGen: 2757344K->9408K(2772992K)] 7530800K->4783304K(8365440K), 0.0443140 secs] [Times: user=0.26 sys=0.01, real=0.04 secs] 
2011-02-12T12:47:55.821+0000: 44965.140: [GC
Desired survivor size 24248320 bytes, new threshold 1 (max 15)
 [PSYoungGen: 2758848K->3936K(2753408K)] 7532744K->4778288K(8345856K), 0.0420120 secs] [Times: user=0.21 sys=0.02, real=0.05 secs] 
2011-02-12T12:48:01.382+0000: 44970.702: [GC
Desired survivor size 25362432 bytes, new threshold 1 (max 15)
 [PSYoungGen: 2753376K->18018K(2770304K)] 7527728K->4792858K(8362752K), 0.0537930 secs] [Times: user=0.32 sys=0.03, real=0.06 secs] 
2011-02-12T12:48:06.447+0000: 44975.767: [GC
Desired survivor size 25821184 bytes, new threshold 1 (max 15)
 [PSYoungGen: 2764642K->17208K(2763840K)] 7539482K->4792690K(8356288K), 0.0543680 secs] [Times: user=0.32 sys=0.02, real=0.05 secs] 
2011-02-12T12:48:12.051+0000: 44981.371: [GC
Desired survivor size 26017792 bytes, new threshold 1 (max 15)
 [PSYoungGen: 2763832K->16830K(2770560K)] 7539314K->4792844K(8363008K), 0.0590390 secs] [Times: user=0.31 sys=0.02, real=0.06 secs] 
2011-02-12T12:48:18.134+0000: 44987.454: [GC
Desired survivor size 25559040 bytes, new threshold 1 (max 15)
 [PSYoungGen: 2762174K->15344K(2770752K)] 7538188K->4791910K(8363200K), 0.0520250 secs] [Times: user=0.29 sys=0.01, real=0.06 secs] 
2011-02-12T12:48:23.887+0000: 44993.206: [GC
Desired survivor size 24379392 bytes, new threshold 1 (max 15)
 [PSYoungGen: 2760688K->13488K(2772352K)] 7537254K->4790686K(8364800K), 0.0512240 secs] [Times: user=0.28 sys=0.01, real=0.05 secs] 
2011-02-12T12:48:29.670+0000: 44998.990: [GC
Desired survivor size 23461888 bytes, new threshold 1 (max 15)
 [PSYoungGen: 2760880K->13120K(2771200K)] 7538078K->4790962K(8363648K), 0.0507150 secs] [Times: user=0.29 sys=0.01, real=0.05 secs] 
2011-02-12T12:48:35.217+0000: 45004.537: [GC
Desired survivor size 23789568 bytes, new threshold 1 (max 15)
 [PSYoungGen: 2760512K->6112K(2772608K)] 7538354K->4784450K(8365056K), 0.0450170 secs] [Times: user=0.24 sys=0.02, real=0.05 secs] 
2011-02-12T12:48:40.801+0000: 45010.121: [GC
Desired survivor size 24641536 bytes, new threshold 1 (max 15)
 [PSYoungGen: 2755808K->17917K(2767616K)] 7534146K->4796752K(8360064K), 0.0581760 secs] [Times: user=0.32 sys=0.01, real=0.06 secs] 
2011-02-12T12:48:45.905+0000: 45015.225: [GC
Desired survivor size 25231360 bytes, new threshold 1 (max 15)
 [PSYoungGen: 2767613K->17792K(2770944K)] 7546448K->4797126K(8363392K), 0.0539840 secs] [Times: user=0.33 sys=0.01, real=0.06 secs] 
2011-02-12T12:48:51.491+0000: 45020.811: [GC
Desired survivor size 24248320 bytes, new threshold 1 (max 15)
 [PSYoungGen: 2764672K->13248K(2771520K)] 7544006K->4793022K(8363968K), 0.0520700 secs] [Times: user=0.30 sys=0.02, real=0.05 secs] 
2011-02-12T12:48:57.186+0000: 45026.506: [GC
Desired survivor size 23920640 bytes, new threshold 1 (max 15)
 [PSYoungGen: 2760128K->9791K(2772800K)] 7539902K->4790013K(8365248K), 0.0465030 secs] [Times: user=0.27 sys=0.02, real=0.05 secs] 
2011-02-12T12:49:02.350+0000: 45031.670: [GC
Desired survivor size 23527424 bytes, new threshold 1 (max 15)
 [PSYoungGen: 2758911K->15066K(2772480K)] 7539133K->4795772K(8364928K), 0.0529910 secs] [Times: user=0.30 sys=0.02, real=0.06 secs] 
2011-02-12T12:49:07.884+0000: 45037.204: [GC
Desired survivor size 22872064 bytes, new threshold 1 (max 15)
 [PSYoungGen: 2764186K->11792K(2773824K)] 7544892K->4793144K(8366272K), 0.0521530 secs] [Times: user=0.27 sys=0.02, real=0.05 secs] 
2011-02-12T12:49:13.873+0000: 45043.192: [GC
Desired survivor size 22347776 bytes, new threshold 1 (max 15)
 [PSYoungGen: 2762640K->14368K(2773184K)] 7543992K->4796288K(8365632K), 0.0520260 secs] [Times: user=0.30 sys=0.02, real=0.05 secs] 
2011-02-12T12:49:19.505+0000: 45048.824: [GC
Desired survivor size 23724032 bytes, new threshold 1 (max 15)
 [PSYoungGen: 2765216K->19360K(2771648K)] 7547136K->4802048K(8364096K), 0.0579350 secs] [Times: user=0.34 sys=0.02, real=0.05 secs] 
2011-02-12T12:49:24.802+0000: 45054.121: [GC
Desired survivor size 23658496 bytes, new threshold 1 (max 15)
 [PSYoungGen: 2769184K->9120K(2772992K)] 7551872K->4792432K(8365440K), 0.0442930 secs] [Times: user=0.25 sys=0.01, real=0.05 secs] 
2011-02-12T12:49:30.469+0000: 45059.788: [GC
Desired survivor size 24641536 bytes, new threshold 1 (max 15)
 [PSYoungGen: 2758944K->18688K(2771136K)] 7542256K->4802472K(8363584K), 0.0590500 secs] [Times: user=0.32 sys=0.02, real=0.06 secs] 
2011-02-12T12:49:36.192+0000: 45065.511: [GC
Desired survivor size 23855104 bytes, new threshold 1 (max 15)
 [PSYoungGen: 2766720K->14720K(2772096K)] 7550504K->4798972K(8364544K), 0.0528190 secs] [Times: user=0.32 sys=0.02, real=0.06 secs] 
2011-02-12T12:49:42.328+0000: 45071.648: [GC
Desired survivor size 23461888 bytes, new threshold 1 (max 15)
 [PSYoungGen: 2762752K->15456K(2773248K)] 7547004K->4800188K(8365696K), 0.0533870 secs] [Times: user=0.31 sys=0.00, real=0.05 secs] 
2011-02-12T12:49:48.227+0000: 45077.547: [GC
Desired survivor size 23134208 bytes, new threshold 1 (max 15)
 [PSYoungGen: 2765408K->15728K(2772864K)] 7550140K->4800928K(8365312K), 0.0536970 secs] [Times: user=0.31 sys=0.01, real=0.05 secs] 
2011-02-12T12:49:54.318+0000: 45083.637: [GC
Desired survivor size 23920640 bytes, new threshold 1 (max 15)
 [PSYoungGen: 2765680K->18752K(2772032K)] 7550880K->4804472K(8364480K), 0.0556460 secs] [Times: user=0.33 sys=0.02, real=0.05 secs] 
2011-02-12T12:50:00.235+0000: 45089.555: [GC
Desired survivor size 24313856 bytes, new threshold 1 (max 15)
 [PSYoungGen: 2768192K->18178K(2767680K)] 7553912K->4804370K(8360128K), 0.0541350 secs] [Times: user=0.33 sys=0.02, real=0.06 secs] 
2011-02-12T12:50:05.623+0000: 45094.943: [GC
Desired survivor size 24641536 bytes, new threshold 1 (max 15)
 [PSYoungGen: 2767618K->8344K(2771776K)] 7553810K->4795310K(8364224K), 0.0473420 secs] [Times: user=0.25 sys=0.03, real=0.05 secs] 
2011-02-12T12:50:11.543+0000: 45100.863: [GC
Desired survivor size 23920640 bytes, new threshold 1 (max 15)
 [PSYoungGen: 2756376K->12912K(2772096K)] 7543342K->4800386K(8364544K), 0.0495390 secs] [Times: user=0.29 sys=0.01, real=0.05 secs] 
2011-02-12T12:50:17.670+0000: 45106.990: [GC
Desired survivor size 23134208 bytes, new threshold 1 (max 15)
 [PSYoungGen: 2760944K->14616K(2773568K)] 7548418K->4802687K(8366016K), 0.0515040 secs] [Times: user=0.31 sys=0.02, real=0.06 secs] 
2011-02-12T12:50:23.948+0000: 45113.268: [GC
Desired survivor size 24182784 bytes, new threshold 1 (max 15)
 [PSYoungGen: 2764824K->3568K(2753792K)] 7552895K->4792327K(8346240K), 0.0368940 secs] [Times: user=0.22 sys=0.02, real=0.04 secs] 
2011-02-12T12:50:29.790+0000: 45119.110: [GC
Desired survivor size 25821184 bytes, new threshold 1 (max 15)
 [PSYoungGen: 2753776K->20401K(2769344K)] 7542535K->4809840K(8361792K), 0.0579590 secs] [Times: user=0.32 sys=0.01, real=0.06 secs] 
2011-02-12T12:50:35.755+0000: 45125.075: [GC
Desired survivor size 25362432 bytes, new threshold 1 (max 15)
 [PSYoungGen: 2766129K->15776K(2770944K)] 7555568K->4805728K(8363392K), 0.0565240 secs] [Times: user=0.30 sys=0.01, real=0.06 secs] 
2011-02-12T12:50:41.544+0000: 45130.863: [GC
Desired survivor size 24510464 bytes, new threshold 1 (max 15)
 [PSYoungGen: 2761504K->14768K(2772224K)] 7551456K->4805160K(8364672K), 0.0550100 secs] [Times: user=0.30 sys=0.01, real=0.05 secs] 
2011-02-12T12:50:47.111+0000: 45136.430: [GC
Desired survivor size 24510464 bytes, new threshold 1 (max 15)
 [PSYoungGen: 2762224K->8224K(2771392K)] 7552616K->4799216K(8363840K), 0.0441030 secs] [Times: user=0.23 sys=0.01, real=0.05 secs] 
2011-02-12T12:50:53.071+0000: 45142.390: [GC
Desired survivor size 24641536 bytes, new threshold 1 (max 15)
 [PSYoungGen: 2755680K->6912K(2771968K)] 7546672K->4798352K(8364416K), 0.0436280 secs] [Times: user=0.23 sys=0.01, real=0.05 secs] 
2011-02-12T12:50:59.217+0000: 45148.536: [GC
Desired survivor size 23986176 bytes, new threshold 1 (max 15)
 [PSYoungGen: 2754944K->10176K(2772096K)] 7546384K->4802176K(8364544K), 0.0453250 secs] [Times: user=0.25 sys=0.01, real=0.04 secs] 
2011-02-12T12:51:05.314+0000: 45154.634: [GC
Desired survivor size 23199744 bytes, new threshold 1 (max 15)
 [PSYoungGen: 2758208K->13434K(2773504K)] 7550208K->4805954K(8365952K), 0.0510440 secs] [Times: user=0.30 sys=0.01, real=0.05 secs] 
2011-02-12T12:51:10.571+0000: 45159.891: [GC
Desired survivor size 23396352 bytes, new threshold 1 (max 15)
 [PSYoungGen: 2763514K->5712K(2772736K)] 7556034K->4799046K(8365184K), 0.0446510 secs] [Times: user=0.21 sys=0.01, real=0.04 secs] 
2011-02-12T12:51:16.327+0000: 45165.647: [GC
Desired survivor size 24576000 bytes, new threshold 1 (max 15)
 [PSYoungGen: 2755792K->18064K(2771008K)] 7549126K->4811958K(8363456K), 0.0545510 secs] [Times: user=0.32 sys=0.01, real=0.05 secs] 
2011-02-12T12:51:22.035+0000: 45171.355: [GC
Desired survivor size 24117248 bytes, new threshold 1 (max 15)
 [PSYoungGen: 2766224K->14400K(2772160K)] 7560118K->4808994K(8364608K), 0.0513620 secs] [Times: user=0.30 sys=0.02, real=0.05 secs] 
2011-02-12T12:51:27.153+0000: 45176.473: [GC
Desired survivor size 23920640 bytes, new threshold 1 (max 15)
 [PSYoungGen: 2762560K->15328K(2772800K)] 7557154K->4810498K(8365248K), 0.0537510 secs] [Times: user=0.28 sys=0.01, real=0.05 secs] 
2011-02-12T12:51:31.939+0000: 45181.259: [GC
Desired survivor size 23003136 bytes, new threshold 1 (max 15)
 [PSYoungGen: 2764576K->12480K(2772608K)] 7559746K->4808178K(8365056K), 0.0493270 secs] [Times: user=0.28 sys=0.01, real=0.05 secs] 
2011-02-12T12:51:37.292+0000: 45186.611: [GC
Desired survivor size 24707072 bytes, new threshold 1 (max 15)
 [PSYoungGen: 2761728K->20000K(2770368K)] 7557426K->4816086K(8362816K), 0.0606790 secs] [Times: user=0.34 sys=0.01, real=0.06 secs] 
2011-02-12T12:51:43.337+0000: 45192.657: [GC
Desired survivor size 25296896 bytes, new threshold 1 (max 15)
 [PSYoungGen: 2767904K->18208K(2766144K)] 7563990K->4814734K(8358592K), 0.0543030 secs] [Times: user=0.32 sys=0.01, real=0.06 secs] 
2011-02-12T12:51:49.068+0000: 45198.387: [GC
Desired survivor size 25427968 bytes, new threshold 1 (max 15)
 [PSYoungGen: 2766112K->17216K(2771200K)] 7562638K->4814198K(8363648K), 0.0549080 secs] [Times: user=0.31 sys=0.01, real=0.06 secs] 
2011-02-12T12:51:54.843+0000: 45204.163: [GC
Desired survivor size 25821184 bytes, new threshold 1 (max 15)
 [PSYoungGen: 2763712K->18400K(2764928K)] 7560694K->4815814K(8357376K), 0.0567580 secs] [Times: user=0.35 sys=0.03, real=0.05 secs] 
2011-02-12T12:52:00.116+0000: 45209.436: [GC
Desired survivor size 26083328 bytes, new threshold 1 (max 15)
 [PSYoungGen: 2764896K->7362K(2770432K)] 7562310K->4805280K(8362880K), 0.0442500 secs] [Times: user=0.23 sys=0.02, real=0.04 secs] 
2011-02-12T12:52:05.221+0000: 45214.540: [GC
Desired survivor size 25624576 bytes, new threshold 1 (max 15)
 [PSYoungGen: 2752578K->10136K(2770688K)] 7550496K->4808725K(8363136K), 0.0464660 secs] [Times: user=0.26 sys=0.01, real=0.05 secs] 
2011-02-12T12:52:10.467+0000: 45219.787: [GC
Desired survivor size 24838144 bytes, new threshold 1 (max 15)
 [PSYoungGen: 2755352K->14736K(2771904K)] 7553941K->4813845K(8364352K), 0.0539970 secs] [Times: user=0.29 sys=0.02, real=0.05 secs] 
2011-02-12T12:52:15.981+0000: 45225.301: [GC
Desired survivor size 24903680 bytes, new threshold 1 (max 15)
 [PSYoungGen: 2761616K->7280K(2771136K)] 7560725K->4806957K(8363584K), 0.0427640 secs] [Times: user=0.22 sys=0.02, real=0.05 secs] 
2011-02-12T12:52:21.159+0000: 45230.479: [GC
Desired survivor size 23789568 bytes, new threshold 1 (max 15)
 [PSYoungGen: 2754160K->13021K(2772928K)] 7553837K->4813371K(8365376K), 0.0494600 secs] [Times: user=0.28 sys=0.01, real=0.05 secs] 
2011-02-12T12:52:26.423+0000: 45235.742: [GC
Desired survivor size 25100288 bytes, new threshold 1 (max 15)
 [PSYoungGen: 2761629K->19328K(2767936K)] 7561979K->4820246K(8360384K), 0.0565010 secs] [Times: user=0.32 sys=0.01, real=0.06 secs] 
2011-02-12T12:52:32.046+0000: 45241.365: [GC
Desired survivor size 24182784 bytes, new threshold 1 (max 15)
 [PSYoungGen: 2767936K->12643K(2772544K)] 7568854K->4814070K(8364992K), 0.0519820 secs] [Times: user=0.28 sys=0.03, real=0.06 secs] 
2011-02-12T12:52:37.462+0000: 45246.782: [GC
Desired survivor size 24903680 bytes, new threshold 1 (max 15)
 [PSYoungGen: 2760675K->3904K(2771648K)] 7562102K->4805798K(8364096K), 0.0379350 secs] [Times: user=0.21 sys=0.01, real=0.04 secs] 
2011-02-12T12:52:43.103+0000: 45252.422: [GC
Desired survivor size 25296896 bytes, new threshold 1 (max 15)
 [PSYoungGen: 2751936K->16850K(2771072K)] 7553830K->4819200K(8363520K), 0.0563420 secs] [Times: user=0.32 sys=0.02, real=0.06 secs] 
2011-02-12T12:52:48.525+0000: 45257.845: [GC
Desired survivor size 24707072 bytes, new threshold 1 (max 15)
 [PSYoungGen: 2763602K->9408K(2771456K)] 7565952K->4812245K(8363904K), 0.0453690 secs] [Times: user=0.25 sys=0.01, real=0.05 secs] 
2011-02-12T12:52:53.953+0000: 45263.272: [GC
Desired survivor size 27131904 bytes, new threshold 1 (max 15)
 [PSYoungGen: 2756160K->22048K(2767296K)] 7558997K->4825429K(8359744K), 0.0617520 secs] [Times: user=0.36 sys=0.02, real=0.06 secs] 
2011-02-12T12:52:59.489+0000: 45268.809: [GC
Desired survivor size 25952256 bytes, new threshold 1 (max 15)
 [PSYoungGen: 2765216K->12576K(2769664K)] 7568597K->4816497K(8362112K), 0.0505530 secs] [Times: user=0.30 sys=0.02, real=0.06 secs] 
2011-02-12T12:53:04.152+0000: 45273.472: [GC
Desired survivor size 25034752 bytes, new threshold 1 (max 15)
 [PSYoungGen: 2755744K->12199K(2771712K)] 7559665K->4816560K(8364160K), 0.0490040 secs] [Times: user=0.27 sys=0.02, real=0.05 secs] 
2011-02-12T12:53:08.926+0000: 45278.245: [GC
Desired survivor size 24772608 bytes, new threshold 1 (max 15)
 [PSYoungGen: 2758567K->8144K(2770816K)] 7562928K->4813143K(8363264K), 0.0468490 secs] [Times: user=0.24 sys=0.02, real=0.05 secs] 
2011-02-12T12:53:14.610+0000: 45283.930: [GC
Desired survivor size 25034752 bytes, new threshold 1 (max 15)
 [PSYoungGen: 2754512K->4912K(2771456K)] 7559511K->4810383K(8363904K), 0.0396340 secs] [Times: user=0.23 sys=0.01, real=0.04 secs] 
2011-02-12T12:53:20.160+0000: 45289.480: [GC
Desired survivor size 24379392 bytes, new threshold 1 (max 15)
 [PSYoungGen: 2752176K->13760K(2771712K)] 7557647K->4819792K(8364160K), 0.0541620 secs] [Times: user=0.31 sys=0.01, real=0.06 secs] 
2011-02-12T12:53:25.710+0000: 45295.029: [GC
Desired survivor size 24510464 bytes, new threshold 1 (max 15)
 [PSYoungGen: 2761024K->5024K(2772096K)] 7567056K->4811720K(8364544K), 0.0385660 secs] [Times: user=0.21 sys=0.02, real=0.04 secs] 
2011-02-12T12:53:31.368+0000: 45300.688: [GC
Desired survivor size 24117248 bytes, new threshold 1 (max 15)
 [PSYoungGen: 2753312K->13856K(2772224K)] 7560008K->4820992K(8364672K), 0.0504970 secs] [Times: user=0.29 sys=0.01, real=0.05 secs] 
2011-02-12T12:53:37.042+0000: 45306.361: [GC
Desired survivor size 23134208 bytes, new threshold 1 (max 15)
 [PSYoungGen: 2762144K->10240K(2773568K)] 7569280K->4817832K(8366016K), 0.0473490 secs] [Times: user=0.27 sys=0.00, real=0.05 secs] 
2011-02-12T12:53:42.923+0000: 45312.243: [GC
Desired survivor size 22740992 bytes, new threshold 1 (max 15)
 [PSYoungGen: 2760256K->7712K(2772608K)] 7567848K->4815756K(8365056K), 0.0439850 secs] [Times: user=0.24 sys=0.01, real=0.05 secs] 
2011-02-12T12:53:48.577+0000: 45317.897: [GC
Desired survivor size 22347776 bytes, new threshold 1 (max 15)
 [PSYoungGen: 2757728K->6789K(2774336K)] 7565772K->4815282K(8366784K), 0.0446540 secs] [Times: user=0.24 sys=0.01, real=0.04 secs] 
2011-02-12T12:53:54.403+0000: 45323.723: [GC
Desired survivor size 22151168 bytes, new threshold 1 (max 15)
 [PSYoungGen: 2758917K->5408K(2773952K)] 7567410K->4814506K(8366400K), 0.0408650 secs] [Times: user=0.23 sys=0.00, real=0.04 secs] 
2011-02-12T12:54:00.421+0000: 45329.741: [GC
Desired survivor size 22020096 bytes, new threshold 1 (max 15)
 [PSYoungGen: 2757536K->4546K(2774656K)] 7566634K->4814108K(8367104K), 0.0388540 secs] [Times: user=0.23 sys=0.02, real=0.04 secs] 
2011-02-12T12:54:05.987+0000: 45335.307: [GC
Desired survivor size 22872064 bytes, new threshold 1 (max 15)
 [PSYoungGen: 2757570K->15192K(2768256K)] 7567132K->4825436K(8360704K), 0.0554940 secs] [Times: user=0.27 sys=0.02, real=0.06 secs] 
2011-02-12T12:54:11.680+0000: 45341.000: [GC
Desired survivor size 22609920 bytes, new threshold 1 (max 15)
 [PSYoungGen: 2768216K->12816K(2774080K)] 7578460K->4823680K(8366528K), 0.0519670 secs] [Times: user=0.27 sys=0.01, real=0.05 secs] 
2011-02-12T12:54:17.293+0000: 45346.613: [GC
Desired survivor size 21823488 bytes, new threshold 1 (max 15)
 [PSYoungGen: 2764560K->8272K(2773824K)] 7575424K->4819692K(8366272K), 0.0447240 secs] [Times: user=0.24 sys=0.01, real=0.04 secs] 
2011-02-12T12:54:22.927+0000: 45352.247: [GC
Desired survivor size 24117248 bytes, new threshold 1 (max 15)
 [PSYoungGen: 2760016K->19264K(2770368K)] 7571436K->4831404K(8362816K), 0.0567660 secs] [Times: user=0.34 sys=0.02, real=0.06 secs] 
2011-02-12T12:54:28.588+0000: 45357.908: [GC
Desired survivor size 25034752 bytes, new threshold 1 (max 15)
 [PSYoungGen: 2768320K->16960K(2766016K)] 7580460K->4829724K(8358464K), 0.0573390 secs] [Times: user=0.34 sys=0.03, real=0.06 secs] 
2011-02-12T12:54:33.803+0000: 45363.123: [GC
Desired survivor size 25165824 bytes, new threshold 1 (max 15)
 [PSYoungGen: 2766016K->3680K(2771456K)] 7578780K->4816996K(8363904K), 0.0352410 secs] [Times: user=0.21 sys=0.01, real=0.03 secs] 
2011-02-12T12:54:39.519+0000: 45368.838: [GC
Desired survivor size 25100288 bytes, new threshold 1 (max 15)
 [PSYoungGen: 2750688K->14464K(2771584K)] 7564004K->4828252K(8364032K), 0.0518680 secs] [Times: user=0.31 sys=0.01, real=0.05 secs] 
2011-02-12T12:54:44.949+0000: 45374.269: [GC
Desired survivor size 24444928 bytes, new threshold 1 (max 15)
 [PSYoungGen: 2761472K->7136K(2772288K)] 7575260K->4821436K(8364736K), 0.0460340 secs] [Times: user=0.25 sys=0.00, real=0.05 secs] 
2011-02-12T12:54:50.202+0000: 45379.522: [GC
Desired survivor size 24510464 bytes, new threshold 1 (max 15)
 [PSYoungGen: 2754912K->14440K(2771648K)] 7569212K->4829189K(8364096K), 0.0538280 secs] [Times: user=0.29 sys=0.02, real=0.06 secs] 
2011-02-12T12:54:55.791+0000: 45385.110: [GC
Desired survivor size 24182784 bytes, new threshold 1 (max 15)
 [PSYoungGen: 2762216K->5664K(2772544K)] 7576965K->4820884K(8364992K), 0.0435110 secs] [Times: user=0.24 sys=0.02, real=0.05 secs] 
2011-02-12T12:55:00.993+0000: 45390.313: [GC
Desired survivor size 23003136 bytes, new threshold 1 (max 15)
 [PSYoungGen: 2754272K->11042K(2772224K)] 7569492K->4826758K(8364672K), 0.0493130 secs] [Times: user=0.28 sys=0.03, real=0.05 secs] 
2011-02-12T12:55:05.751+0000: 45395.071: [GC
Desired survivor size 21823488 bytes, new threshold 1 (max 15)
 [PSYoungGen: 2759650K->10807K(2774848K)] 7575366K->4827226K(8367296K), 0.0504240 secs] [Times: user=0.28 sys=0.03, real=0.05 secs] 
2011-02-12T12:55:11.207+0000: 45400.527: [GC
Desired survivor size 23265280 bytes, new threshold 1 (max 15)
 [PSYoungGen: 2763191K->17392K(2769792K)] 7579610K->4834349K(8362240K), 0.0570710 secs] [Times: user=0.31 sys=0.00, real=0.05 secs] 
2011-02-12T12:55:15.734+0000: 45405.054: [GC
Desired survivor size 23986176 bytes, new threshold 1 (max 15)
 [PSYoungGen: 2769776K->16368K(2772032K)] 7586733K->4833837K(8364480K), 0.0558740 secs] [Times: user=0.29 sys=0.01, real=0.06 secs] 
2011-02-12T12:55:20.497+0000: 45409.816: [GC
Desired survivor size 23265280 bytes, new threshold 1 (max 15)
 [PSYoungGen: 2765680K->9200K(2772736K)] 7583149K->4827313K(8365184K), 0.0442690 secs] [Times: user=0.25 sys=0.00, real=0.05 secs] 
2011-02-12T12:55:25.727+0000: 45415.046: [GC
Desired survivor size 23068672 bytes, new threshold 1 (max 15)
 [PSYoungGen: 2758512K->14128K(2773632K)] 7576625K->4832705K(8366080K), 0.0524290 secs] [Times: user=0.30 sys=0.02, real=0.06 secs] 
2011-02-12T12:55:30.894+0000: 45420.214: [GC
Desired survivor size 23920640 bytes, new threshold 1 (max 15)
 [PSYoungGen: 2765040K->16992K(2767936K)] 7583617K->4836161K(8360384K), 0.0529670 secs] [Times: user=0.30 sys=0.02, real=0.05 secs] 
2011-02-12T12:55:35.893+0000: 45425.212: [GC
Desired survivor size 25427968 bytes, new threshold 1 (max 15)
 [PSYoungGen: 2767904K->19200K(2769856K)] 7587073K->4838865K(8362304K), 0.0589440 secs] [Times: user=0.30 sys=0.01, real=0.06 secs] 
2011-02-12T12:55:40.679+0000: 45429.999: [GC
Desired survivor size 25690112 bytes, new threshold 1 (max 15)
 [PSYoungGen: 2765696K->17024K(2763520K)] 7585361K->4837129K(8355968K), 0.0548560 secs] [Times: user=0.32 sys=0.02, real=0.06 secs] 
2011-02-12T12:55:45.386+0000: 45434.706: [GC
Desired survivor size 24772608 bytes, new threshold 1 (max 15)
 [PSYoungGen: 2763520K->11904K(2771968K)] 7583625K->4832489K(8364416K), 0.0495920 secs] [Times: user=0.28 sys=0.00, real=0.05 secs] 
2011-02-12T12:55:50.676+0000: 45439.996: [GC
Desired survivor size 26214400 bytes, new threshold 1 (max 15)
 [PSYoungGen: 2758784K->20064K(2766976K)] 7579369K->4841057K(8359424K), 0.0590850 secs] [Times: user=0.34 sys=0.01, real=0.06 secs] 
2011-02-12T12:55:56.150+0000: 45445.470: [GC
Desired survivor size 25624576 bytes, new threshold 1 (max 15)
 [PSYoungGen: 2766944K->10848K(2771136K)] 7587937K->4832281K(8363584K), 0.0481620 secs] [Times: user=0.26 sys=0.01, real=0.05 secs] 
2011-02-12T12:56:01.238+0000: 45450.558: [GC
Desired survivor size 24838144 bytes, new threshold 1 (max 15)
 [PSYoungGen: 2756384K->14686K(2770560K)] 7577817K->4836596K(8363008K), 0.0649280 secs] [Times: user=0.26 sys=0.01, real=0.07 secs] 
2011-02-12T12:56:06.072+0000: 45455.391: [GC
Desired survivor size 24051712 bytes, new threshold 1 (max 15)
 [PSYoungGen: 2760222K->11896K(2772672K)] 7582132K->4834508K(8365120K), 0.0517680 secs] [Times: user=0.29 sys=0.02, real=0.06 secs] 
2011-02-12T12:56:11.307+0000: 45460.627: [GC
Desired survivor size 24444928 bytes, new threshold 1 (max 15)
 [PSYoungGen: 2760312K->17168K(2771904K)] 7582924K->4840292K(8364352K), 0.0543300 secs] [Times: user=0.32 sys=0.01, real=0.05 secs] 
2011-02-12T12:56:16.609+0000: 45465.929: [GC
Desired survivor size 25034752 bytes, new threshold 1 (max 15)
 [PSYoungGen: 2765584K->4528K(2771136K)] 7588708K->4828192K(8363584K), 0.0412530 secs] [Times: user=0.23 sys=0.02, real=0.04 secs] 
2011-02-12T12:56:21.876+0000: 45471.195: [GC
Desired survivor size 24379392 bytes, new threshold 1 (max 15)
 [PSYoungGen: 2751792K->10064K(2771712K)] 7575456K->4834320K(8364160K), 0.0528450 secs] [Times: user=0.27 sys=0.02, real=0.05 secs] 
2011-02-12T12:56:27.322+0000: 45476.641: [GC
Desired survivor size 25296896 bytes, new threshold 1 (max 15)
 [PSYoungGen: 2757328K->18080K(2770560K)] 7581584K->4842936K(8363008K), 0.0575250 secs] [Times: user=0.29 sys=0.02, real=0.06 secs] 
2011-02-12T12:56:32.858+0000: 45482.178: [GC
Desired survivor size 24838144 bytes, new threshold 1 (max 15)
 [PSYoungGen: 2764832K->8992K(2771456K)] 7589688K->4834256K(8363904K), 0.0462230 secs] [Times: user=0.25 sys=0.01, real=0.04 secs] 
2011-02-12T12:56:38.143+0000: 45487.463: [GC
Desired survivor size 24707072 bytes, new threshold 1 (max 15)
 [PSYoungGen: 2755744K->15520K(2772032K)] 7581008K->4841200K(8364480K), 0.0518270 secs] [Times: user=0.26 sys=0.01, real=0.05 secs] 
2011-02-12T12:56:43.549+0000: 45492.869: [GC
Desired survivor size 24707072 bytes, new threshold 1 (max 15)
 [PSYoungGen: 2763296K->6624K(2771904K)] 7588976K->4832712K(8364352K), 0.0413130 secs] [Times: user=0.23 sys=0.01, real=0.04 secs] 
2011-02-12T12:56:48.843+0000: 45498.163: [GC
Desired survivor size 24510464 bytes, new threshold 1 (max 15)
 [PSYoungGen: 2754400K->15046K(2772224K)] 7580488K->4841598K(8364672K), 0.0525630 secs] [Times: user=0.29 sys=0.01, real=0.05 secs] 
2011-02-12T12:56:54.446+0000: 45503.766: [GC
Desired survivor size 24641536 bytes, new threshold 1 (max 15)
 [PSYoungGen: 2763142K->5408K(2772032K)] 7589694K->4832419K(8364480K), 0.0425700 secs] [Times: user=0.24 sys=0.00, real=0.05 secs] 
2011-02-12T12:56:59.814+0000: 45509.134: [GC
Desired survivor size 25034752 bytes, new threshold 1 (max 15)
 [PSYoungGen: 2753504K->16254K(2771328K)] 7580515K->4843777K(8363776K), 0.0549490 secs] [Times: user=0.31 sys=0.03, real=0.06 secs] 
2011-02-12T12:57:04.658+0000: 45513.978: [GC
Desired survivor size 24182784 bytes, new threshold 1 (max 15)
 [PSYoungGen: 2763518K->13398K(2771712K)] 7591041K->4841462K(8364160K), 0.0545780 secs] [Times: user=0.29 sys=0.03, real=0.06 secs] 
2011-02-12T12:57:10.150+0000: 45519.469: [GC
Desired survivor size 23592960 bytes, new threshold 1 (max 15)
 [PSYoungGen: 2760662K->9185K(2773120K)] 7588726K->4837991K(8365568K), 0.0483890 secs] [Times: user=0.25 sys=0.01, real=0.05 secs] 
2011-02-12T12:57:15.679+0000: 45524.999: [GC
Desired survivor size 25755648 bytes, new threshold 1 (max 15)
 [PSYoungGen: 2758689K->20835K(2770368K)] 7587495K->4850209K(8362816K), 0.0576560 secs] [Times: user=0.34 sys=0.01, real=0.06 secs] 
2011-02-12T12:57:21.225+0000: 45530.545: [GC
Desired survivor size 27066368 bytes, new threshold 1 (max 15)
 [PSYoungGen: 2770339K->19680K(2768448K)] 7599713K->4849727K(8360896K), 0.0596640 secs] [Times: user=0.31 sys=0.02, real=0.06 secs] 
2011-02-12T12:57:26.603+0000: 45535.923: [GC
Desired survivor size 26607616 bytes, new threshold 1 (max 15)
 [PSYoungGen: 2762976K->8736K(2769728K)] 7593023K->4839351K(8362176K), 0.0437890 secs] [Times: user=0.24 sys=0.01, real=0.04 secs] 
2011-02-12T12:57:32.258+0000: 45541.578: [GC
Desired survivor size 27852800 bytes, new threshold 1 (max 15)
 [PSYoungGen: 2752032K->19825K(2767744K)] 7582647K->4850876K(8360192K), 0.0563120 secs] [Times: user=0.33 sys=0.02, real=0.06 secs] 
2011-02-12T12:57:37.854+0000: 45547.173: [GC
Desired survivor size 27000832 bytes, new threshold 1 (max 15)
 [PSYoungGen: 2761585K->10928K(2768960K)] 7592636K->4842477K(8361408K), 0.0494730 secs] [Times: user=0.27 sys=0.01, real=0.05 secs] 
2011-02-12T12:57:43.501+0000: 45552.821: [GC
Desired survivor size 26607616 bytes, new threshold 1 (max 15)
 [PSYoungGen: 2752688K->8288K(2770176K)] 7584237K->4840438K(8362624K), 0.0448650 secs] [Times: user=0.24 sys=0.00, real=0.05 secs] 
2011-02-12T12:57:48.833+0000: 45558.153: [GC
Desired survivor size 25624576 bytes, new threshold 1 (max 15)
 [PSYoungGen: 2752096K->13946K(2769792K)] 7584246K->4846592K(8362240K), 0.0531910 secs] [Times: user=0.30 sys=0.00, real=0.06 secs] 
2011-02-12T12:57:54.139+0000: 45563.459: [GC
Desired survivor size 25821184 bytes, new threshold 1 (max 15)
 [PSYoungGen: 2757754K->4928K(2770752K)] 7590400K->4838062K(8363200K), 0.0395680 secs] [Times: user=0.22 sys=0.02, real=0.04 secs] 
2011-02-12T12:57:59.840+0000: 45569.160: [GC
Desired survivor size 26738688 bytes, new threshold 1 (max 15)
 [PSYoungGen: 2750656K->18184K(2763968K)] 7583790K->4851766K(8356416K), 0.0544780 secs] [Times: user=0.33 sys=0.01, real=0.05 secs] 
2011-02-12T12:58:04.825+0000: 45574.145: [GC
Desired survivor size 26542080 bytes, new threshold 1 (max 15)
 [PSYoungGen: 2763912K->6426K(2770240K)] 7597494K->4840531K(8362688K), 0.0448320 secs] [Times: user=0.24 sys=0.03, real=0.05 secs] 
2011-02-12T12:58:10.066+0000: 45579.385: [GC
Desired survivor size 27394048 bytes, new threshold 1 (max 15)
 [PSYoungGen: 2750554K->18240K(2762432K)] 7584659K->4853071K(8354880K), 0.0536770 secs] [Times: user=0.33 sys=0.02, real=0.06 secs] 
2011-02-12T12:58:15.229+0000: 45584.549: [GC
Desired survivor size 29622272 bytes, new threshold 1 (max 15)
 [PSYoungGen: 2762368K->22448K(2765056K)] 7597199K->4857919K(8357504K), 0.0637410 secs] [Times: user=0.38 sys=0.01, real=0.06 secs] 
2011-02-12T12:58:20.541+0000: 45589.861: [GC
Desired survivor size 29360128 bytes, new threshold 1 (max 15)
 [PSYoungGen: 2760752K->6336K(2767232K)] 7596223K->4842419K(8359680K), 0.0404630 secs] [Times: user=0.23 sys=0.00, real=0.04 secs] 
2011-02-12T12:58:26.233+0000: 45595.553: [GC
Desired survivor size 29622272 bytes, new threshold 1 (max 15)
 [PSYoungGen: 2744640K->18016K(2766976K)] 7580723K->4854619K(8359424K), 0.0561670 secs] [Times: user=0.34 sys=0.01, real=0.06 secs] 
2011-02-12T12:58:31.774+0000: 45601.094: [GC
Desired survivor size 28377088 bytes, new threshold 1 (max 15)
 [PSYoungGen: 2756320K->11968K(2767232K)] 7592923K->4849051K(8359680K), 0.0482550 secs] [Times: user=0.28 sys=0.01, real=0.05 secs] 
2011-02-12T12:58:37.666+0000: 45606.986: [GC
Desired survivor size 27459584 bytes, new threshold 1 (max 15)
 [PSYoungGen: 2750272K->10288K(2769344K)] 7587355K->4847860K(8361792K), 0.0464710 secs] [Times: user=0.27 sys=0.01, real=0.05 secs] 
2011-02-12T12:58:43.826+0000: 45613.146: [GC
Desired survivor size 26017792 bytes, new threshold 1 (max 15)
 [PSYoungGen: 2751920K->13120K(2768448K)] 7589492K->4851240K(8360896K), 0.0509730 secs] [Times: user=0.29 sys=0.01, real=0.05 secs] 
2011-02-12T12:58:49.549+0000: 45618.869: [GC
Desired survivor size 25296896 bytes, new threshold 1 (max 15)
 [PSYoungGen: 2754752K->10229K(2771456K)] 7592872K->4848897K(8363904K), 0.0492460 secs] [Times: user=0.27 sys=0.01, real=0.05 secs] 
2011-02-12T12:58:55.312+0000: 45624.632: [GC
Desired survivor size 24510464 bytes, new threshold 1 (max 15)
 [PSYoungGen: 2756277K->10197K(2770752K)] 7594945K->4849329K(8363200K), 0.0474680 secs] [Times: user=0.27 sys=0.01, real=0.05 secs] 
2011-02-12T12:59:01.425+0000: 45630.744: [GC
Desired survivor size 23396352 bytes, new threshold 1 (max 15)
 [PSYoungGen: 2756245K->12418K(2773312K)] 7595377K->4852046K(8365760K), 0.0519630 secs] [Times: user=0.28 sys=0.03, real=0.05 secs] 
2011-02-12T12:59:06.996+0000: 45636.316: [GC
Desired survivor size 23330816 bytes, new threshold 1 (max 15)
 [PSYoungGen: 2761794K->6808K(2772224K)] 7601422K->4847034K(8364672K), 0.0438840 secs] [Times: user=0.23 sys=0.02, real=0.04 secs] 
2011-02-12T12:59:12.546+0000: 45641.866: [GC
Desired survivor size 23461888 bytes, new threshold 1 (max 15)
 [PSYoungGen: 2756184K->4976K(2773120K)] 7596410K->4845802K(8365568K), 0.0448960 secs] [Times: user=0.22 sys=0.01, real=0.04 secs] 
2011-02-12T12:59:18.609+0000: 45647.928: [GC
Desired survivor size 23003136 bytes, new threshold 1 (max 15)
 [PSYoungGen: 2755312K->7088K(2773248K)] 7596138K->4848450K(8365696K), 0.0443280 secs] [Times: user=0.24 sys=0.01, real=0.04 secs] 
2011-02-12T12:59:24.499+0000: 45653.819: [GC
Desired survivor size 23986176 bytes, new threshold 1 (max 15)
 [PSYoungGen: 2757424K->16662K(2771776K)] 7598786K->4858657K(8364224K), 0.0540040 secs] [Times: user=0.30 sys=0.01, real=0.05 secs] 
2011-02-12T12:59:30.885+0000: 45660.204: [GC
Desired survivor size 23396352 bytes, new threshold 1 (max 15)
 [PSYoungGen: 2765974K->8000K(2772736K)] 7607969K->4850681K(8365184K), 0.0470580 secs] [Times: user=0.24 sys=0.02, real=0.05 secs] 
2011-02-12T12:59:37.385+0000: 45666.705: [GC
Desired survivor size 23265280 bytes, new threshold 1 (max 15)
 [PSYoungGen: 2757312K->4765K(2773440K)] 7599993K->4847999K(8365888K), 0.0371690 secs] [Times: user=0.22 sys=0.01, real=0.04 secs] 
2011-02-12T12:59:43.703+0000: 45673.022: [GC
Desired survivor size 22151168 bytes, new threshold 1 (max 15)
 [PSYoungGen: 2755357K->9728K(2773312K)] 7598591K->4853521K(8365760K), 0.0458110 secs] [Times: user=0.26 sys=0.01, real=0.04 secs] 
2011-02-12T12:59:49.577+0000: 45678.897: [GC
Desired survivor size 21233664 bytes, new threshold 1 (max 15)
 [PSYoungGen: 2760320K->9024K(2775424K)] 7604113K->4853285K(8367872K), 0.0441560 secs] [Times: user=0.24 sys=0.02, real=0.05 secs] 
2011-02-12T12:59:55.711+0000: 45685.031: [GC
Desired survivor size 22478848 bytes, new threshold 1 (max 15)
 [PSYoungGen: 2762816K->16352K(2770176K)] 7607077K->4861125K(8362624K), 0.0548680 secs] [Times: user=0.33 sys=0.02, real=0.05 secs] 
2011-02-12T13:00:01.569+0000: 45690.889: [GC
Desired survivor size 21889024 bytes, new threshold 1 (max 15)
 [PSYoungGen: 2770144K->7842K(2774784K)] 7614917K->4853191K(8367232K), 0.0474700 secs] [Times: user=0.24 sys=0.02, real=0.05 secs] 
2011-02-12T13:00:07.294+0000: 45696.613: [GC
Desired survivor size 25165824 bytes, new threshold 1 (max 15)
 [PSYoungGen: 2760674K->21354K(2774208K)] 7606023K->4867461K(8366656K), 0.0601070 secs] [Times: user=0.34 sys=0.02, real=0.06 secs] 
2011-02-12T13:00:11.288+0000: 45700.608: [GC
Desired survivor size 27131904 bytes, new threshold 1 (max 15)
 [PSYoungGen: 2774186K->20370K(2765120K)] 7620293K->4867224K(8357568K), 0.0582950 secs] [Times: user=0.35 sys=0.02, real=0.06 secs] 
2011-02-12T13:00:16.436+0000: 45705.756: [GC
Desired survivor size 28966912 bytes, new threshold 1 (max 15)
 [PSYoungGen: 2763538K->21168K(2764352K)] 7610392K->4868812K(8356800K), 0.0594120 secs] [Times: user=0.34 sys=0.00, real=0.06 secs] 
2011-02-12T13:00:21.650+0000: 45710.969: [GC
Desired survivor size 28639232 bytes, new threshold 1 (max 15)
 [PSYoungGen: 2764336K->6576K(2768192K)] 7611980K->4855004K(8360640K), 0.0422850 secs] [Times: user=0.24 sys=0.01, real=0.04 secs] 
2011-02-12T13:00:27.414+0000: 45716.734: [GC
Desired survivor size 29229056 bytes, new threshold 1 (max 15)
 [PSYoungGen: 2746480K->18461K(2758400K)] 7594908K->4867362K(8350848K), 0.0559440 secs] [Times: user=0.34 sys=0.01, real=0.05 secs] 
2011-02-12T13:00:33.081+0000: 45722.401: [GC
Desired survivor size 28442624 bytes, new threshold 1 (max 15)
 [PSYoungGen: 2758365K->15360K(2768384K)] 7607266K->4864748K(8360832K), 0.0543390 secs] [Times: user=0.31 sys=0.02, real=0.06 secs] 
2011-02-12T13:00:38.885+0000: 45728.205: [GC
Desired survivor size 27197440 bytes, new threshold 1 (max 15)
 [PSYoungGen: 2755200K->12384K(2767616K)] 7604588K->4862260K(8360064K), 0.0507580 secs] [Times: user=0.28 sys=0.01, real=0.06 secs] 
2011-02-12T13:00:44.468+0000: 45733.788: [GC
Desired survivor size 26935296 bytes, new threshold 1 (max 15)
 [PSYoungGen: 2752224K->7328K(2769856K)] 7602100K->4857664K(8362304K), 0.0465050 secs] [Times: user=0.25 sys=0.01, real=0.04 secs] 
2011-02-12T13:00:50.054+0000: 45739.373: [GC
Desired survivor size 27918336 bytes, new threshold 1 (max 15)
 [PSYoungGen: 2750624K->19040K(2762368K)] 7600960K->4869860K(8354816K), 0.0548860 secs] [Times: user=0.34 sys=0.00, real=0.06 secs] 
2011-02-12T13:00:55.526+0000: 45744.845: [GC
Desired survivor size 27852800 bytes, new threshold 1 (max 15)
 [PSYoungGen: 2762336K->17056K(2768960K)] 7613156K->4868340K(8361408K), 0.0555080 secs] [Times: user=0.33 sys=0.01, real=0.06 secs] 
2011-02-12T13:01:01.051+0000: 45750.370: [GC
Desired survivor size 26869760 bytes, new threshold 1 (max 15)
 [PSYoungGen: 2758752K->11650K(2768896K)] 7610036K->4863486K(8361344K), 0.0502760 secs] [Times: user=0.28 sys=0.02, real=0.05 secs] 
2011-02-12T13:01:05.950+0000: 45755.270: [GC
Desired survivor size 26083328 bytes, new threshold 1 (max 15)
 [PSYoungGen: 2753346K->10680K(2770688K)] 7605182K->4863202K(8363136K), 0.0508170 secs] [Times: user=0.24 sys=0.02, real=0.05 secs] 
2011-02-12T13:01:11.420+0000: 45760.740: [GC
Desired survivor size 27066368 bytes, new threshold 1 (max 15)
 [PSYoungGen: 2755128K->19248K(2763712K)] 7607650K->4872358K(8356160K), 0.0567290 secs] [Times: user=0.35 sys=0.01, real=0.05 secs] 
2011-02-12T13:01:16.671+0000: 45765.991: [GC
Desired survivor size 27066368 bytes, new threshold 1 (max 15)
 [PSYoungGen: 2763696K->6704K(2769728K)] 7616806K->4860390K(8362176K), 0.0465790 secs] [Times: user=0.23 sys=0.02, real=0.04 secs] 
2011-02-12T13:01:21.850+0000: 45771.170: [GC
Desired survivor size 26214400 bytes, new threshold 1 (max 15)
 [PSYoungGen: 2750000K->10224K(2769728K)] 7603686K->4864551K(8362176K), 0.0488490 secs] [Times: user=0.26 sys=0.00, real=0.04 secs] 
2011-02-12T13:01:27.456+0000: 45776.776: [GC
Desired survivor size 26476544 bytes, new threshold 1 (max 15)
 [PSYoungGen: 2753520K->3706K(2770048K)] 7607847K->4858578K(8362496K), 0.0362980 secs] [Times: user=0.22 sys=0.01, real=0.04 secs] 
2011-02-12T13:01:33.077+0000: 45782.396: [GC
Desired survivor size 25886720 bytes, new threshold 1 (max 15)
 [PSYoungGen: 2748154K->14112K(2770304K)] 7603026K->4869463K(8362752K), 0.0495340 secs] [Times: user=0.29 sys=0.02, real=0.05 secs] 
2011-02-12T13:01:38.444+0000: 45787.764: [GC
Desired survivor size 25952256 bytes, new threshold 1 (max 15)
 [PSYoungGen: 2758560K->4160K(2770752K)] 7613911K->4860011K(8363200K), 0.0378540 secs] [Times: user=0.22 sys=0.01, real=0.03 secs] 
2011-02-12T13:01:43.600+0000: 45792.920: [GC
Desired survivor size 25100288 bytes, new threshold 1 (max 15)
 [PSYoungGen: 2749632K->8032K(2770816K)] 7605483K->4864343K(8363264K), 0.0437550 secs] [Times: user=0.24 sys=0.01, real=0.05 secs] 
2011-02-12T13:01:48.811+0000: 45798.131: [GC
Desired survivor size 24969216 bytes, new threshold 1 (max 15)
 [PSYoungGen: 2753504K->14336K(2771776K)] 7609815K->4871159K(8364224K), 0.0507650 secs] [Times: user=0.30 sys=0.01, real=0.05 secs] 
2011-02-12T13:01:54.092+0000: 45803.412: [GC
Desired survivor size 27721728 bytes, new threshold 1 (max 15)
 [PSYoungGen: 2761600K->22112K(2769408K)] 7618423K->4879387K(8361856K), 0.0602510 secs] [Times: user=0.35 sys=0.02, real=0.06 secs] 
2011-02-12T13:01:59.071+0000: 45808.391: [GC
Desired survivor size 29884416 bytes, new threshold 1 (max 15)
 [PSYoungGen: 2769376K->22083K(2764544K)] 7626651K->4879815K(8356992K), 0.0613510 secs] [Times: user=0.37 sys=0.00, real=0.06 secs] 
2011-02-12T13:02:03.784+0000: 45813.104: [GC
Desired survivor size 29556736 bytes, new threshold 1 (max 15)
 [PSYoungGen: 2759875K->6186K(2766976K)] 7617607K->4864393K(8359424K), 0.0442110 secs] [Times: user=0.22 sys=0.02, real=0.05 secs] 
2011-02-12T13:02:08.116+0000: 45817.435: [GC
Desired survivor size 28966912 bytes, new threshold 1 (max 15)
 [PSYoungGen: 2743978K->6368K(2767872K)] 7602185K->4865349K(8360320K), 0.0453880 secs] [Times: user=0.23 sys=0.02, real=0.05 secs] 
2011-02-12T13:02:12.819+0000: 45822.138: [GC
Desired survivor size 30474240 bytes, new threshold 1 (max 15)
 [PSYoungGen: 2745376K->20368K(2759424K)] 7604357K->4879733K(8351872K), 0.0590410 secs] [Times: user=0.32 sys=0.01, real=0.06 secs] 
2011-02-12T13:02:17.999+0000: 45827.318: [GC
Desired survivor size 29163520 bytes, new threshold 1 (max 15)
 [PSYoungGen: 2759376K->10352K(2767680K)] 7618741K->4870189K(8360128K), 0.0462080 secs] [Times: user=0.26 sys=0.00, real=0.04 secs] 
2011-02-12T13:02:23.502+0000: 45832.822: [GC
Desired survivor size 29622272 bytes, new threshold 1 (max 15)
 [PSYoungGen: 2748272K->18028K(2766400K)] 7608109K->4878513K(8358848K), 0.0561500 secs] [Times: user=0.34 sys=0.00, real=0.06 secs] 
2011-02-12T13:02:28.941+0000: 45838.261: [GC
Desired survivor size 28377088 bytes, new threshold 1 (max 15)
 [PSYoungGen: 2755948K->10912K(2768448K)] 7616433K->4871973K(8360896K), 0.0464740 secs] [Times: user=0.27 sys=0.02, real=0.04 secs] 
2011-02-12T13:02:34.276+0000: 45843.596: [GC
Desired survivor size 28442624 bytes, new threshold 1 (max 15)
 [PSYoungGen: 2750432K->17024K(2767232K)] 7611493K->4878561K(8359680K), 0.0544590 secs] [Times: user=0.32 sys=0.01, real=0.06 secs] 
2011-02-12T13:02:39.491+0000: 45848.810: [GC
Desired survivor size 27656192 bytes, new threshold 1 (max 15)
 [PSYoungGen: 2756544K->9389K(2769152K)] 7618081K->4871319K(8361600K), 0.0464370 secs] [Times: user=0.25 sys=0.02, real=0.04 secs] 
2011-02-12T13:02:44.368+0000: 45853.687: [GC
Desired survivor size 27131904 bytes, new threshold 1 (max 15)
 [PSYoungGen: 2750765K->7792K(2768384K)] 7612695K->4870241K(8360832K), 0.0433380 secs] [Times: user=0.23 sys=0.01, real=0.05 secs] 
2011-02-12T13:02:48.917+0000: 45858.236: [GC
Desired survivor size 28704768 bytes, new threshold 1 (max 15)
 [PSYoungGen: 2749168K->20424K(2766592K)] 7611617K->4883530K(8359040K), 0.0596070 secs] [Times: user=0.35 sys=0.01, real=0.06 secs] 
2011-02-12T13:02:54.004+0000: 45863.323: [GC
Desired survivor size 28770304 bytes, new threshold 1 (max 15)
 [PSYoungGen: 2760520K->17460K(2757568K)] 7623626K->4880985K(8350016K), 0.0561250 secs] [Times: user=0.33 sys=0.02, real=0.05 secs] 
2011-02-12T13:02:58.899+0000: 45868.219: [GC
Desired survivor size 29360128 bytes, new threshold 1 (max 15)
 [PSYoungGen: 2757556K->19136K(2766912K)] 7621081K->4883069K(8359360K), 0.0579140 secs] [Times: user=0.34 sys=0.00, real=0.06 secs] 
2011-02-12T13:03:04.164+0000: 45873.483: [GC
Desired survivor size 28704768 bytes, new threshold 1 (max 15)
 [PSYoungGen: 2757952K->9561K(2767488K)] 7621885K->4873967K(8359936K), 0.0487840 secs] [Times: user=0.26 sys=0.02, real=0.04 secs] 
2011-02-12T13:03:09.557+0000: 45878.877: [GC
Desired survivor size 29229056 bytes, new threshold 1 (max 15)
 [PSYoungGen: 2748377K->19007K(2767104K)] 7612783K->4884106K(8359552K), 0.0580450 secs] [Times: user=0.35 sys=0.01, real=0.06 secs] 
2011-02-12T13:03:15.364+0000: 45884.684: [GC
Desired survivor size 28901376 bytes, new threshold 1 (max 15)
 [PSYoungGen: 2758079K->8048K(2767616K)] 7623178K->4873562K(8360064K), 0.0471340 secs] [Times: user=0.23 sys=0.01, real=0.05 secs] 
2011-02-12T13:03:20.899+0000: 45890.219: [GC
Desired survivor size 30015488 bytes, new threshold 1 (max 15)
 [PSYoungGen: 2747120K->20512K(2765760K)] 7612634K->4886758K(8358208K), 0.0593330 secs] [Times: user=0.33 sys=0.03, real=0.06 secs] 
2011-02-12T13:03:26.512+0000: 45895.831: [GC
Desired survivor size 28639232 bytes, new threshold 1 (max 15)
 [PSYoungGen: 2758048K->13248K(2766848K)] 7624294K->4880310K(8359296K), 0.0529380 secs] [Times: user=0.29 sys=0.01, real=0.05 secs] 
2011-02-12T13:03:32.042+0000: 45901.362: [GC
Desired survivor size 28246016 bytes, new threshold 1 (max 15)
 [PSYoungGen: 2750784K->8384K(2768576K)] 7617846K->4875966K(8361024K), 0.0435400 secs] [Times: user=0.26 sys=0.01, real=0.04 secs] 
2011-02-12T13:03:37.154+0000: 45906.474: [GC
Desired survivor size 27459584 bytes, new threshold 1 (max 15)
 [PSYoungGen: 2748992K->9952K(2768192K)] 7616574K->4878169K(8360640K), 0.0475650 secs] [Times: user=0.27 sys=0.01, real=0.05 secs] 
2011-02-12T13:03:42.623+0000: 45911.943: [GC
Desired survivor size 28377088 bytes, new threshold 1 (max 15)
 [PSYoungGen: 2750560K->19264K(2767552K)] 7618777K->4887921K(8360000K), 0.0544130 secs] [Times: user=0.34 sys=0.00, real=0.05 secs] 
2011-02-12T13:03:48.332+0000: 45917.652: [GC
Desired survivor size 27131904 bytes, new threshold 1 (max 15)
 [PSYoungGen: 2760000K->14304K(2768448K)] 7628657K->4883449K(8360896K), 0.0516320 secs] [Times: user=0.29 sys=0.01, real=0.05 secs] 
2011-02-12T13:03:53.957+0000: 45923.277: [GC
Desired survivor size 26476544 bytes, new threshold 1 (max 15)
 [PSYoungGen: 2755040K->10316K(2770304K)] 7624185K->4880006K(8362752K), 0.0465860 secs] [Times: user=0.27 sys=0.00, real=0.05 secs] 
2011-02-12T13:03:59.377+0000: 45928.696: [GC
Desired survivor size 25755648 bytes, new threshold 1 (max 15)
 [PSYoungGen: 2754124K->10496K(2769664K)] 7623814K->4880824K(8362112K), 0.0477200 secs] [Times: user=0.26 sys=0.01, real=0.05 secs] 
2011-02-12T13:04:04.718+0000: 45934.037: [GC
Desired survivor size 26411008 bytes, new threshold 1 (max 15)
 [PSYoungGen: 2754304K->18234K(2769728K)] 7624632K->4889290K(8362176K), 0.0599610 secs] [Times: user=0.31 sys=0.02, real=0.06 secs] 
2011-02-12T13:04:09.955+0000: 45939.275: [GC
Desired survivor size 26214400 bytes, new threshold 1 (max 15)
 [PSYoungGen: 2762810K->7652K(2770368K)] 7633866K->4879563K(8362816K), 0.0463220 secs] [Times: user=0.24 sys=0.03, real=0.05 secs] 
2011-02-12T13:04:15.431+0000: 45944.750: [GC
Desired survivor size 25100288 bytes, new threshold 1 (max 15)
 [PSYoungGen: 2752228K->13552K(2771648K)] 7624139K->4886063K(8364096K), 0.0519060 secs] [Times: user=0.30 sys=0.01, real=0.06 secs] 
2011-02-12T13:04:20.659+0000: 45949.978: [GC
Desired survivor size 27131904 bytes, new threshold 1 (max 15)
 [PSYoungGen: 2759600K->21513K(2767616K)] 7632111K->4894777K(8360064K), 0.0577810 secs] [Times: user=0.36 sys=0.03, real=0.06 secs] 
2011-02-12T13:04:25.298+0000: 45954.617: [GC
Desired survivor size 26083328 bytes, new threshold 1 (max 15)
 [PSYoungGen: 2767561K->14604K(2770688K)] 7640825K->4888572K(8363136K), 0.0532990 secs] [Times: user=0.30 sys=0.01, real=0.05 secs] 
2011-02-12T13:04:30.000+0000: 45959.320: [GC
Desired survivor size 25755648 bytes, new threshold 1 (max 15)
 [PSYoungGen: 2758796K->9344K(2769664K)] 7632764K->4884028K(8362112K), 0.0479100 secs] [Times: user=0.26 sys=0.02, real=0.05 secs] 
2011-02-12T13:04:35.272+0000: 45964.591: [GC
Desired survivor size 24772608 bytes, new threshold 1 (max 15)
 [PSYoungGen: 2753536K->14144K(2771968K)] 7628220K->4889452K(8364416K), 0.0554670 secs] [Times: user=0.31 sys=0.02, real=0.06 secs] 
2011-02-12T13:04:40.369+0000: 45969.689: [GC
Desired survivor size 23986176 bytes, new threshold 1 (max 15)
 [PSYoungGen: 2760960K->14368K(2771008K)] 7636268K->4890292K(8363456K), 0.0535940 secs] [Times: user=0.31 sys=0.02, real=0.05 secs] 
2011-02-12T13:04:45.606+0000: 45974.926: [GC
Desired survivor size 25231360 bytes, new threshold 1 (max 15)
 [PSYoungGen: 2761184K->19712K(2770304K)] 7637108K->4896236K(8362752K), 0.0586820 secs] [Times: user=0.34 sys=0.01, real=0.06 secs] 
2011-02-12T13:04:50.504+0000: 45979.824: [GC
Desired survivor size 25493504 bytes, new threshold 1 (max 15)
 [PSYoungGen: 2766592K->17824K(2764736K)] 7643116K->4894940K(8357184K), 0.0546270 secs] [Times: user=0.32 sys=0.02, real=0.06 secs] 
2011-02-12T13:04:55.392+0000: 45984.712: [GC
Desired survivor size 24576000 bytes, new threshold 1 (max 15)
 [PSYoungGen: 2764704K->14156K(2772160K)] 7641820K->4891752K(8364608K), 0.0510830 secs] [Times: user=0.29 sys=0.01, real=0.05 secs] 
2011-02-12T13:04:59.991+0000: 45989.310: [GC
Desired survivor size 25165824 bytes, new threshold 1 (max 15)
 [PSYoungGen: 2761420K->5536K(2771264K)] 7639016K->4883888K(8363712K), 0.0412740 secs] [Times: user=0.22 sys=0.02, real=0.04 secs] 
2011-02-12T13:05:04.449+0000: 45993.768: [GC
Desired survivor size 25886720 bytes, new threshold 1 (max 15)
 [PSYoungGen: 2752800K->18586K(2770176K)] 7631152K->4897450K(8362624K), 0.0594710 secs] [Times: user=0.36 sys=0.02, real=0.06 secs] 
2011-02-12T13:05:09.021+0000: 45998.340: [GC
Desired survivor size 25755648 bytes, new threshold 1 (max 15)
 [PSYoungGen: 2764186K->8672K(2770880K)] 7643050K->4888286K(8363328K), 0.0468400 secs] [Times: user=0.25 sys=0.02, real=0.04 secs] 
2011-02-12T13:05:13.965+0000: 46003.285: [GC
Desired survivor size 25100288 bytes, new threshold 1 (max 15)
 [PSYoungGen: 2754272K->10704K(2771648K)] 7633886K->4890934K(8364096K), 0.0484800 secs] [Times: user=0.27 sys=0.01, real=0.05 secs] 
2011-02-12T13:05:19.061+0000: 46008.381: [GC
Desired survivor size 23986176 bytes, new threshold 1 (max 15)
 [PSYoungGen: 2757200K->12944K(2771008K)] 7637430K->4893742K(8363456K), 0.0511270 secs] [Times: user=0.27 sys=0.02, real=0.05 secs] 
2011-02-12T13:05:24.418+0000: 46013.737: [GC
Desired survivor size 23986176 bytes, new threshold 1 (max 15)
 [PSYoungGen: 2759440K->7456K(2772736K)] 7640238K->4888870K(8365184K), 0.0458360 secs] [Times: user=0.25 sys=0.02, real=0.05 secs] 
2011-02-12T13:05:29.737+0000: 46019.056: [GC
Desired survivor size 24903680 bytes, new threshold 1 (max 15)
 [PSYoungGen: 2756768K->17920K(2767232K)] 7638182K->4899870K(8359680K), 0.0534130 secs] [Times: user=0.32 sys=0.01, real=0.05 secs] 
2011-02-12T13:05:34.995+0000: 46024.315: [GC
Desired survivor size 24969216 bytes, new threshold 1 (max 15)
 [PSYoungGen: 2767232K->6400K(2771712K)] 7649182K->4888918K(8364160K), 0.0454410 secs] [Times: user=0.23 sys=0.01, real=0.04 secs] 
2011-02-12T13:05:40.621+0000: 46029.940: [GC
Desired survivor size 26542080 bytes, new threshold 1 (max 15)
 [PSYoungGen: 2753792K->19904K(2767296K)] 7636310K->4902950K(8359744K), 0.0609510 secs] [Times: user=0.35 sys=0.00, real=0.06 secs] 
2011-02-12T13:05:46.048+0000: 46035.367: [GC
Desired survivor size 27721728 bytes, new threshold 1 (max 15)
 [PSYoungGen: 2767296K->19808K(2767936K)] 7650342K->4903406K(8360384K), 0.0568720 secs] [Times: user=0.35 sys=0.01, real=0.06 secs] 
2011-02-12T13:05:50.756+0000: 46040.076: [GC
Desired survivor size 27328512 bytes, new threshold 1 (max 15)
 [PSYoungGen: 2761824K->16480K(2769088K)] 7645422K->4900630K(8361536K), 0.0537130 secs] [Times: user=0.32 sys=0.03, real=0.05 secs] 
2011-02-12T13:05:55.836+0000: 46045.156: [GC
Desired survivor size 27459584 bytes, new threshold 1 (max 15)
 [PSYoungGen: 2758496K->17949K(2769216K)] 7642646K->4902627K(8361664K), 0.0546370 secs] [Times: user=0.33 sys=0.01, real=0.05 secs] 
2011-02-12T13:06:01.038+0000: 46050.357: [GC
Desired survivor size 27918336 bytes, new threshold 1 (max 15)
 [PSYoungGen: 2760477K->4802K(2747392K)] 7645155K->4890032K(8339840K), 0.0391730 secs] [Times: user=0.22 sys=0.02, real=0.04 secs] 
2011-02-12T13:06:05.901+0000: 46055.221: [GC
Desired survivor size 28049408 bytes, new threshold 1 (max 15)
 [PSYoungGen: 2747330K->4824K(2768640K)] 7632560K->4890716K(8361088K), 0.0401400 secs] [Times: user=0.22 sys=0.02, real=0.04 secs] 
2011-02-12T13:06:11.027+0000: 46060.347: [GC
Desired survivor size 26869760 bytes, new threshold 1 (max 15)
 [PSYoungGen: 2746200K->11008K(2768768K)] 7632092K->4897484K(8361216K), 0.0504560 secs] [Times: user=0.26 sys=0.01, real=0.05 secs] 
2011-02-12T13:06:15.956+0000: 46065.276: [GC
Desired survivor size 26476544 bytes, new threshold 1 (max 15)
 [PSYoungGen: 2752384K->15232K(2770304K)] 7638860K->4902428K(8362752K), 0.0545570 secs] [Times: user=0.31 sys=0.03, real=0.06 secs] 
2011-02-12T13:06:21.013+0000: 46070.333: [GC
Desired survivor size 27328512 bytes, new threshold 1 (max 15)
 [PSYoungGen: 2759296K->18560K(2762688K)] 7646492K->4906388K(8355136K), 0.0592250 secs] [Times: user=0.33 sys=0.02, real=0.06 secs] 
2011-02-12T13:06:26.221+0000: 46075.540: [GC
Desired survivor size 27656192 bytes, new threshold 1 (max 15)
 [PSYoungGen: 2762624K->3744K(2768832K)] 7650452K->4892252K(8361280K), 0.0373360 secs] [Times: user=0.23 sys=0.02, real=0.03 secs] 
2011-02-12T13:06:31.243+0000: 46080.563: [GC
Desired survivor size 27328512 bytes, new threshold 1 (max 15)
 [PSYoungGen: 2745888K->5696K(2769152K)] 7634396K->4894756K(8361600K), 0.0428270 secs] [Times: user=0.22 sys=0.02, real=0.04 secs] 
2011-02-12T13:06:36.200+0000: 46085.520: [GC
Desired survivor size 26542080 bytes, new threshold 1 (max 15)
 [PSYoungGen: 2747840K->7344K(2770240K)] 7636900K->4896906K(8362688K), 0.0423660 secs] [Times: user=0.23 sys=0.00, real=0.04 secs] 
2011-02-12T13:06:41.067+0000: 46090.387: [GC
Desired survivor size 25427968 bytes, new threshold 1 (max 15)
 [PSYoungGen: 2750896K->9136K(2769472K)] 7640458K->4899130K(8361920K), 0.0462980 secs] [Times: user=0.25 sys=0.01, real=0.05 secs] 
2011-02-12T13:06:45.895+0000: 46095.215: [GC
Desired survivor size 24838144 bytes, new threshold 1 (max 15)
 [PSYoungGen: 2752688K->6656K(2771904K)] 7642682K->4897161K(8364352K), 0.0441410 secs] [Times: user=0.23 sys=0.02, real=0.04 secs] 
2011-02-12T13:06:50.904+0000: 46100.223: [GC
Desired survivor size 25559040 bytes, new threshold 1 (max 15)
 [PSYoungGen: 2753728K->16304K(2763392K)] 7644233K->4907378K(8355840K), 0.0571330 secs] [Times: user=0.30 sys=0.01, real=0.06 secs] 
2011-02-12T13:06:56.096+0000: 46105.416: [GC
Desired survivor size 27328512 bytes, new threshold 1 (max 15)
 [PSYoungGen: 2763376K->19520K(2767744K)] 7654450K->4911234K(8360192K), 0.0620630 secs] [Times: user=0.34 sys=0.01, real=0.06 secs] 
2011-02-12T13:07:01.065+0000: 46110.384: [GC
Desired survivor size 26279936 bytes, new threshold 1 (max 15)
 [PSYoungGen: 2762304K->9474K(2769472K)] 7654018K->4901847K(8361920K), 0.0464770 secs] [Times: user=0.25 sys=0.03, real=0.04 secs] 
2011-02-12T13:07:05.358+0000: 46114.678: [GC
Desired survivor size 26411008 bytes, new threshold 1 (max 15)
 [PSYoungGen: 2752258K->15864K(2770240K)] 7644631K->4908955K(8362688K), 0.0547210 secs] [Times: user=0.32 sys=0.01, real=0.06 secs] 
2011-02-12T13:07:09.932+0000: 46119.252: [GC
Desired survivor size 25100288 bytes, new threshold 1 (max 15)
 [PSYoungGen: 2760440K->12416K(2770368K)] 7653531K->4906060K(8362816K), 0.0518260 secs] [Times: user=0.28 sys=0.01, real=0.06 secs] 
2011-02-12T13:07:15.081+0000: 46124.400: [GC
Desired survivor size 26083328 bytes, new threshold 1 (max 15)
 [PSYoungGen: 2756992K->18192K(2769728K)] 7650636K->4912203K(8362176K), 0.0559540 secs] [Times: user=0.31 sys=0.01, real=0.06 secs] 
2011-02-12T13:07:20.243+0000: 46129.563: [GC
Desired survivor size 27918336 bytes, new threshold 1 (max 15)
 [PSYoungGen: 2763408K->21116K(2766336K)] 7657419K->4915728K(8358784K), 0.0605900 secs] [Times: user=0.37 sys=0.02, real=0.06 secs] 
2011-02-12T13:07:25.436+0000: 46134.756: [GC
Desired survivor size 27918336 bytes, new threshold 1 (max 15)
 [PSYoungGen: 2766332K->5888K(2768896K)] 7660944K->4901192K(8361344K), 0.0421290 secs] [Times: user=0.24 sys=0.00, real=0.04 secs] 
2011-02-12T13:07:30.879+0000: 46140.199: [GC
Desired survivor size 26542080 bytes, new threshold 1 (max 15)
 [PSYoungGen: 2747520K->13120K(2768896K)] 7642824K->4909152K(8361344K), 0.0503080 secs] [Times: user=0.30 sys=0.02, real=0.05 secs] 
2011-02-12T13:07:35.888+0000: 46145.208: [GC
Desired survivor size 26214400 bytes, new threshold 1 (max 15)
 [PSYoungGen: 2754752K->15488K(2770560K)] 7650784K->4912100K(8363008K), 0.0529920 secs] [Times: user=0.28 sys=0.02, real=0.05 secs] 
2011-02-12T13:07:40.968+0000: 46150.288: [GC
Desired survivor size 27328512 bytes, new threshold 1 (max 15)
 [PSYoungGen: 2760128K->19584K(2764224K)] 7656740K->4916676K(8356672K), 0.0591780 secs] [Times: user=0.33 sys=0.01, real=0.06 secs] 
2011-02-12T13:07:45.641+0000: 46154.961: [GC
Desired survivor size 26673152 bytes, new threshold 1 (max 15)
 [PSYoungGen: 2764224K->15485K(2770112K)] 7661316K->4913033K(8362560K), 0.0525900 secs] [Times: user=0.31 sys=0.01, real=0.05 secs] 
2011-02-12T13:07:50.814+0000: 46160.134: [GC
Desired survivor size 27000832 bytes, new threshold 1 (max 15)
 [PSYoungGen: 2758909K->18016K(2769472K)] 7656457K->4916052K(8361920K), 0.0544030 secs] [Times: user=0.33 sys=0.01, real=0.06 secs] 
2011-02-12T13:07:55.900+0000: 46165.220: [GC
Desired survivor size 27197440 bytes, new threshold 1 (max 15)
 [PSYoungGen: 2761440K->6048K(2769408K)] 7659476K->4904612K(8361856K), 0.0426070 secs] [Times: user=0.23 sys=0.01, real=0.04 secs] 
2011-02-12T13:08:00.941+0000: 46170.261: [GC
Desired survivor size 26542080 bytes, new threshold 1 (max 15)
 [PSYoungGen: 2749088K->9590K(2769600K)] 7647652K->4908642K(8362048K), 0.0456510 secs] [Times: user=0.25 sys=0.01, real=0.04 secs] 
2011-02-12T13:08:05.814+0000: 46175.134: [GC
Desired survivor size 26345472 bytes, new threshold 1 (max 15)
 [PSYoungGen: 2752630K->7000K(2770432K)] 7651682K->4906762K(8362880K), 0.0437100 secs] [Times: user=0.25 sys=0.02, real=0.04 secs] 
2011-02-12T13:08:10.729+0000: 46180.049: [GC
Desired survivor size 26214400 bytes, new threshold 1 (max 15)
 [PSYoungGen: 2751512K->5520K(2770240K)] 7651274K->4905858K(8362688K), 0.0438140 secs] [Times: user=0.24 sys=0.03, real=0.05 secs] 
2011-02-12T13:08:15.885+0000: 46185.204: [GC
Desired survivor size 25231360 bytes, new threshold 1 (max 15)
 [PSYoungGen: 2750032K->9472K(2771520K)] 7650370K->4910466K(8363968K), 0.0479560 secs] [Times: user=0.26 sys=0.01, real=0.05 secs] 
2011-02-12T13:08:21.214+0000: 46190.534: [GC
Desired survivor size 26869760 bytes, new threshold 1 (max 15)
 [PSYoungGen: 2755392K->19464K(2765440K)] 7656386K->4921039K(8357888K), 0.0552770 secs] [Times: user=0.33 sys=0.00, real=0.05 secs] 
2011-02-12T13:08:26.490+0000: 46195.810: [GC
Desired survivor size 26148864 bytes, new threshold 1 (max 15)
 [PSYoungGen: 2765384K->8192K(2770624K)] 7666959K->4910374K(8363072K), 0.0455020 secs] [Times: user=0.24 sys=0.01, real=0.05 secs] 
2011-02-12T13:08:31.833+0000: 46201.152: [GC
Desired survivor size 25559040 bytes, new threshold 1 (max 15)
 [PSYoungGen: 2752576K->13964K(2769920K)] 7654758K->4916746K(8362368K), 0.0527410 secs] [Times: user=0.29 sys=0.01, real=0.06 secs] 
2011-02-12T13:08:37.341+0000: 46206.660: [GC
Desired survivor size 25362432 bytes, new threshold 1 (max 15)
 [PSYoungGen: 2758348K->5824K(2771392K)] 7661130K->4909202K(8363840K), 0.0431180 secs] [Times: user=0.24 sys=0.01, real=0.04 secs] 
2011-02-12T13:08:42.759+0000: 46212.079: [GC
Desired survivor size 24510464 bytes, new threshold 1 (max 15)
 [PSYoungGen: 2752256K->12944K(2771200K)] 7655634K->4916850K(8363648K), 0.0511490 secs] [Times: user=0.28 sys=0.02, real=0.05 secs] 
2011-02-12T13:08:48.182+0000: 46217.502: [GC
Desired survivor size 24379392 bytes, new threshold 1 (max 15)
 [PSYoungGen: 2759376K->5146K(2772352K)] 7663282K->4909661K(8364800K), 0.0403400 secs] [Times: user=0.22 sys=0.02, real=0.04 secs] 
2011-02-12T13:08:53.846+0000: 46223.166: [GC
Desired survivor size 24379392 bytes, new threshold 1 (max 15)
 [PSYoungGen: 2753562K->14335K(2772224K)] 7658077K->4919318K(8364672K), 0.0534990 secs] [Times: user=0.30 sys=0.00, real=0.05 secs] 
2011-02-12T13:08:59.341+0000: 46228.661: [GC
Desired survivor size 23724032 bytes, new threshold 1 (max 15)
 [PSYoungGen: 2762751K->7616K(2772992K)] 7667734K->4913038K(8365440K), 0.0434250 secs] [Times: user=0.24 sys=0.02, real=0.04 secs] 
2011-02-12T13:09:04.560+0000: 46233.879: [GC
Desired survivor size 23068672 bytes, new threshold 1 (max 15)
 [PSYoungGen: 2756800K->12506K(2772352K)] 7662222K->4918380K(8364800K), 0.0508090 secs] [Times: user=0.29 sys=0.02, real=0.05 secs] 
2011-02-12T13:09:10.076+0000: 46239.395: [GC
Desired survivor size 22675456 bytes, new threshold 1 (max 15)
 [PSYoungGen: 2761690K->6528K(2774016K)] 7667564K->4913208K(8366464K), 0.0468150 secs] [Times: user=0.25 sys=0.02, real=0.05 secs] 
2011-02-12T13:09:15.555+0000: 46244.875: [GC
Desired survivor size 21757952 bytes, new threshold 1 (max 15)
 [PSYoungGen: 2758016K->9218K(2773632K)] 7664696K->4916499K(8366080K), 0.0488890 secs] [Times: user=0.26 sys=0.02, real=0.05 secs] 
2011-02-12T13:09:20.903+0000: 46250.223: [GC
Desired survivor size 22806528 bytes, new threshold 1 (max 15)
 [PSYoungGen: 2760706K->16128K(2772864K)] 7667987K->4924279K(8365312K), 0.0586500 secs] [Times: user=0.29 sys=0.01, real=0.06 secs] 
2011-02-12T13:09:26.225+0000: 46255.544: [GC
Desired survivor size 22544384 bytes, new threshold 1 (max 15)
 [PSYoungGen: 2767744K->5888K(2773888K)] 7675895K->4914695K(8366336K), 0.0422570 secs] [Times: user=0.23 sys=0.01, real=0.04 secs] 
2011-02-12T13:09:31.686+0000: 46261.006: [GC
Desired survivor size 22609920 bytes, new threshold 1 (max 15)
 [PSYoungGen: 2757504K->3616K(2774016K)] 7666311K->4913039K(8366464K), 0.0363100 secs] [Times: user=0.22 sys=0.00, real=0.04 secs] 
2011-02-12T13:09:36.861+0000: 46266.181: [GC
Desired survivor size 21757952 bytes, new threshold 1 (max 15)
 [PSYoungGen: 2755616K->7473K(2774080K)] 7665039K->4917297K(8366528K), 0.0461950 secs] [Times: user=0.25 sys=0.02, real=0.05 secs] 
2011-02-12T13:09:42.338+0000: 46271.658: [GC
Desired survivor size 23986176 bytes, new threshold 1 (max 15)
 [PSYoungGen: 2759473K->18511K(2770560K)] 7669297K->4928823K(8363008K), 0.0570740 secs] [Times: user=0.32 sys=0.01, real=0.06 secs] 
2011-02-12T13:09:47.051+0000: 46276.371: [GC
Desired survivor size 24707072 bytes, new threshold 1 (max 15)
 [PSYoungGen: 2767823K->15968K(2765312K)] 7678135K->4926895K(8357760K), 0.0529750 secs] [Times: user=0.31 sys=0.01, real=0.06 secs] 
2011-02-12T13:09:52.205+0000: 46281.524: [GC
Desired survivor size 26411008 bytes, new threshold 1 (max 15)
 [PSYoungGen: 2765280K->19168K(2768704K)] 7676207K->4930695K(8361152K), 0.0564430 secs] [Times: user=0.33 sys=0.00, real=0.05 secs] 
2011-02-12T13:09:57.342+0000: 46286.662: [GC
Desired survivor size 26214400 bytes, new threshold 1 (max 15)
 [PSYoungGen: 2763744K->4928K(2770368K)] 7675271K->4916959K(8362816K), 0.0401480 secs] [Times: user=0.23 sys=0.00, real=0.04 secs] 
2011-02-12T13:10:02.214+0000: 46291.534: [GC
Desired survivor size 28835840 bytes, new threshold 1 (max 15)
 [PSYoungGen: 2749504K->21978K(2765440K)] 7661535K->4934601K(8357888K), 0.0630470 secs] [Times: user=0.36 sys=0.02, real=0.07 secs] 
2011-02-12T13:10:06.271+0000: 46295.590: [GC
Desired survivor size 27918336 bytes, new threshold 1 (max 15)
 [PSYoungGen: 2761818K->8064K(2768000K)] 7674441K->4921501K(8360448K), 0.0448940 secs] [Times: user=0.25 sys=0.03, real=0.05 secs] 
2011-02-12T13:10:10.722+0000: 46300.042: [GC
Desired survivor size 28704768 bytes, new threshold 1 (max 15)
 [PSYoungGen: 2747904K->18032K(2767360K)] 7661341K->4931889K(8359808K), 0.0556520 secs] [Times: user=0.34 sys=0.01, real=0.06 secs] 
2011-02-12T13:10:15.095+0000: 46304.415: [GC
Desired survivor size 28442624 bytes, new threshold 1 (max 15)
 [PSYoungGen: 2758128K->4928K(2768128K)] 7671985K->4919337K(8360576K), 0.0389510 secs] [Times: user=0.23 sys=0.00, real=0.04 secs] 
2011-02-12T13:10:19.624+0000: 46308.944: [GC
Desired survivor size 29884416 bytes, new threshold 1 (max 15)
 [PSYoungGen: 2745024K->19906K(2765568K)] 7659433K->4934875K(8358016K), 0.0577260 secs] [Times: user=0.34 sys=0.01, real=0.06 secs] 
2011-02-12T13:10:24.951+0000: 46314.271: [GC
Desired survivor size 29032448 bytes, new threshold 1 (max 15)
 [PSYoungGen: 2757698K->7744K(2766976K)] 7672667K->4923321K(8359424K), 0.0435180 secs] [Times: user=0.25 sys=0.01, real=0.04 secs] 
2011-02-12T13:10:30.001+0000: 46319.320: [GC
Desired survivor size 27590656 bytes, new threshold 1 (max 15)
 [PSYoungGen: 2745536K->10592K(2769216K)] 7661113K->4926841K(8361664K), 0.0485610 secs] [Times: user=0.28 sys=0.01, real=0.05 secs] 
2011-02-12T13:10:34.768+0000: 46324.088: [GC
Desired survivor size 27197440 bytes, new threshold 1 (max 15)
 [PSYoungGen: 2751456K->5494K(2767808K)] 7667705K->4922356K(8360256K), 0.0421870 secs] [Times: user=0.23 sys=0.01, real=0.05 secs] 
2011-02-12T13:10:39.558+0000: 46328.878: [GC
Desired survivor size 29425664 bytes, new threshold 1 (max 15)
 [PSYoungGen: 2746358K->21280K(2765248K)] 7663220K->4938644K(8357696K), 0.0601700 secs] [Times: user=0.37 sys=0.00, real=0.07 secs] 
2011-02-12T13:10:44.531+0000: 46333.850: [GC
Desired survivor size 31129600 bytes, new threshold 1 (max 15)
 [PSYoungGen: 2759968K->21184K(2759872K)] 7677332K->4938988K(8352320K), 0.0600250 secs] [Times: user=0.35 sys=0.01, real=0.06 secs] 
2011-02-12T13:10:49.549+0000: 46338.868: [GC
Desired survivor size 31850496 bytes, new threshold 1 (max 15)
 [PSYoungGen: 2759872K->19792K(2764352K)] 7677676K->4938092K(8356800K), 0.0601230 secs] [Times: user=0.35 sys=0.01, real=0.06 secs] 
2011-02-12T13:10:54.402+0000: 46343.722: [GC
Desired survivor size 33488896 bytes, new threshold 1 (max 15)
 [PSYoungGen: 2753744K->22688K(2756672K)] 7672044K->4941664K(8349120K), 0.0618720 secs] [Times: user=0.35 sys=0.01, real=0.06 secs] 
2011-02-12T13:10:59.316+0000: 46348.635: [GC
Desired survivor size 33226752 bytes, new threshold 1 (max 15)
 [PSYoungGen: 2756640K->18848K(2763712K)] 7675616K->4938392K(8356160K), 0.0547980 secs] [Times: user=0.33 sys=0.01, real=0.05 secs] 
2011-02-12T13:11:03.731+0000: 46353.051: [GC
Desired survivor size 33357824 bytes, new threshold 1 (max 15)
 [PSYoungGen: 2749856K->20282K(2763456K)] 7669400K->4940354K(8355904K), 0.0601070 secs] [Times: user=0.34 sys=0.03, real=0.06 secs] 
2011-02-12T13:11:08.184+0000: 46357.504: [GC
Desired survivor size 32243712 bytes, new threshold 1 (max 15)
 [PSYoungGen: 2751290K->12256K(2764672K)] 7671362K->4933114K(8357120K), 0.0511220 secs] [Times: user=0.30 sys=0.02, real=0.05 secs] 
2011-02-12T13:11:12.928+0000: 46362.247: [GC
Desired survivor size 32243712 bytes, new threshold 1 (max 15)
 [PSYoungGen: 2744352K->5936K(2763584K)] 7665210K->4927238K(8356032K), 0.0438810 secs] [Times: user=0.23 sys=0.00, real=0.04 secs] 
2011-02-12T13:11:17.955+0000: 46367.274: [GC
Desired survivor size 30474240 bytes, new threshold 1 (max 15)
 [PSYoungGen: 2738032K->14288K(2766400K)] 7659334K->4936142K(8358848K), 0.0549310 secs] [Times: user=0.30 sys=0.03, real=0.05 secs] 
2011-02-12T13:11:23.039+0000: 46372.358: [GC
Desired survivor size 30867456 bytes, new threshold 1 (max 15)
 [PSYoungGen: 2749200K->19488K(2764672K)] 7671054K->4942006K(8357120K), 0.0575740 secs] [Times: user=0.34 sys=0.00, real=0.06 secs] 
2011-02-12T13:11:27.805+0000: 46377.124: [GC
Desired survivor size 29425664 bytes, new threshold 1 (max 15)
 [PSYoungGen: 2754400K->14240K(2767424K)] 7676918K->4937506K(8359872K), 0.0532020 secs] [Times: user=0.31 sys=0.01, real=0.06 secs] 
2011-02-12T13:11:32.885+0000: 46382.205: [GC
Desired survivor size 28835840 bytes, new threshold 1 (max 15)
 [PSYoungGen: 2751520K->17088K(2766016K)] 7674786K->4940882K(8358464K), 0.0575470 secs] [Times: user=0.31 sys=0.02, real=0.05 secs] 
2011-02-12T13:11:37.922+0000: 46387.242: [GC
Desired survivor size 29556736 bytes, new threshold 1 (max 15)
 [PSYoungGen: 2754368K->20416K(2766592K)] 7678162K->4944794K(8359040K), 0.0594720 secs] [Times: user=0.35 sys=0.02, real=0.06 secs] 
2011-02-12T13:11:42.932+0000: 46392.252: [GC
Desired survivor size 30081024 bytes, new threshold 1 (max 15)
 [PSYoungGen: 2758848K->20512K(2758976K)] 7683226K->4945414K(8351424K), 0.0626330 secs] [Times: user=0.34 sys=0.01, real=0.06 secs] 
2011-02-12T13:11:47.928+0000: 46397.248: [GC
Desired survivor size 29687808 bytes, new threshold 1 (max 15)
 [PSYoungGen: 2758944K->18592K(2767168K)] 7683846K->4944006K(8359616K), 0.0585180 secs] [Times: user=0.34 sys=0.02, real=0.05 secs] 
2011-02-12T13:11:53.452+0000: 46402.772: [GC
Desired survivor size 28377088 bytes, new threshold 1 (max 15)
 [PSYoungGen: 2756384K->16224K(2766784K)] 7681798K->4942014K(8359232K), 0.0532400 secs] [Times: user=0.32 sys=0.01, real=0.05 secs] 
2011-02-12T13:11:58.878+0000: 46408.198: [GC
Desired survivor size 28377088 bytes, new threshold 1 (max 15)
 [PSYoungGen: 2754016K->9760K(2768448K)] 7679806K->4936094K(8360896K), 0.0485790 secs] [Times: user=0.25 sys=0.02, real=0.05 secs] 
2011-02-12T13:12:03.587+0000: 46412.906: [GC
Desired survivor size 27918336 bytes, new threshold 1 (max 15)
 [PSYoungGen: 2750496K->11034K(2768448K)] 7676830K->4937968K(8360896K), 0.0523310 secs] [Times: user=0.28 sys=0.02, real=0.06 secs] 
2011-02-12T13:12:08.304+0000: 46417.624: [GC
Desired survivor size 28377088 bytes, new threshold 1 (max 15)
 [PSYoungGen: 2751770K->5568K(2768000K)] 7678704K->4933316K(8360448K), 0.0425650 secs] [Times: user=0.23 sys=0.02, real=0.04 secs] 
2011-02-12T13:12:13.213+0000: 46422.533: [GC
Desired survivor size 27852800 bytes, new threshold 1 (max 15)
 [PSYoungGen: 2746304K->16496K(2768448K)] 7674052K->4944764K(8360896K), 0.0554710 secs] [Times: user=0.32 sys=0.01, real=0.05 secs] 
2011-02-12T13:12:18.511+0000: 46427.831: [GC
Desired survivor size 28049408 bytes, new threshold 1 (max 15)
 [PSYoungGen: 2757232K->6032K(2768576K)] 7685500K->4934876K(8361024K), 0.0411760 secs] [Times: user=0.23 sys=0.01, real=0.04 secs] 
2011-02-12T13:12:23.644+0000: 46432.964: [GC
Desired survivor size 27262976 bytes, new threshold 1 (max 15)
 [PSYoungGen: 2747408K->15360K(2768768K)] 7676252K->4944876K(8361216K), 0.0517680 secs] [Times: user=0.31 sys=0.02, real=0.05 secs] 
2011-02-12T13:12:28.697+0000: 46438.017: [GC
Desired survivor size 26542080 bytes, new threshold 1 (max 15)
 [PSYoungGen: 2756736K->10432K(2770240K)] 7686252K->4940548K(8362688K), 0.0469160 secs] [Times: user=0.26 sys=0.01, real=0.05 secs] 
2011-02-12T13:12:34.092+0000: 46443.411: [GC
Desired survivor size 26935296 bytes, new threshold 1 (max 15)
 [PSYoungGen: 2754048K->17851K(2769536K)] 7684164K->4948592K(8361984K), 0.0568900 secs] [Times: user=0.34 sys=0.02, real=0.06 secs] 
2011-02-12T13:12:39.256+0000: 46448.576: [GC
Desired survivor size 27852800 bytes, new threshold 1 (max 15)
 [PSYoungGen: 2761467K->19664K(2768064K)] 7692208K->4950965K(8360512K), 0.0567890 secs] [Times: user=0.35 sys=0.01, real=0.06 secs] 
2011-02-12T13:12:44.482+0000: 46453.802: [GC
Desired survivor size 27525120 bytes, new threshold 1 (max 15)
 [PSYoungGen: 2761424K->8944K(2768960K)] 7692725K->4940756K(8361408K), 0.0476250 secs] [Times: user=0.25 sys=0.01, real=0.05 secs] 
2011-02-12T13:12:49.560+0000: 46458.880: [GC
Desired survivor size 26869760 bytes, new threshold 1 (max 15)
 [PSYoungGen: 2750704K->9920K(2769920K)] 7682516K->4942268K(8362368K), 0.0488250 secs] [Times: user=0.27 sys=0.01, real=0.05 secs] 
2011-02-12T13:12:54.938+0000: 46464.257: [GC
Desired survivor size 26542080 bytes, new threshold 1 (max 15)
 [PSYoungGen: 2752960K->16032K(2769280K)] 7685308K->4948932K(8361728K), 0.0569670 secs] [Times: user=0.31 sys=0.01, real=0.05 secs] 
2011-02-12T13:13:00.256+0000: 46469.576: [GC
Desired survivor size 26148864 bytes, new threshold 1 (max 15)
 [PSYoungGen: 2759072K->9090K(2770624K)] 7691972K->4942518K(8363072K), 0.0473030 secs] [Times: user=0.26 sys=0.01, real=0.05 secs] 
2011-02-12T13:13:05.567+0000: 46474.886: [GC
Desired survivor size 25231360 bytes, new threshold 1 (max 15)
 [PSYoungGen: 2753794K->14264K(2770240K)] 7687222K->4948470K(8362688K), 0.0528250 secs] [Times: user=0.32 sys=0.02, real=0.05 secs] 
2011-02-12T13:13:10.397+0000: 46479.717: [GC
Desired survivor size 24248320 bytes, new threshold 1 (max 15)
 [PSYoungGen: 2758968K->13856K(2772480K)] 7693174K->4948710K(8364928K), 0.0559810 secs] [Times: user=0.31 sys=0.02, real=0.06 secs] 
2011-02-12T13:13:15.817+0000: 46485.137: [GC
Desired survivor size 23265280 bytes, new threshold 1 (max 15)
 [PSYoungGen: 2761696K->13568K(2771520K)] 7696550K->4948998K(8363968K), 0.0495790 secs] [Times: user=0.28 sys=0.02, real=0.05 secs] 
2011-02-12T13:13:21.132+0000: 46490.452: [GC
Desired survivor size 24379392 bytes, new threshold 1 (max 15)
 [PSYoungGen: 2761408K->18896K(2771264K)] 7696838K->4954950K(8363712K), 0.0577460 secs] [Times: user=0.35 sys=0.01, real=0.06 secs] 
2011-02-12T13:13:26.097+0000: 46495.416: [GC
Desired survivor size 27000832 bytes, new threshold 1 (max 15)
 [PSYoungGen: 2767440K->23573K(2772160K)] 7703494K->4960388K(8364608K), 0.0638490 secs] [Times: user=0.38 sys=0.03, real=0.07 secs] 
2011-02-12T13:13:31.139+0000: 46500.459: [GC
Desired survivor size 28639232 bytes, new threshold 1 (max 15)
 [PSYoungGen: 2772117K->22368K(2764224K)] 7708932K->4959780K(8356672K), 0.0616910 secs] [Times: user=0.36 sys=0.01, real=0.07 secs] 
2011-02-12T13:13:36.528+0000: 46505.848: [GC
Desired survivor size 27918336 bytes, new threshold 1 (max 15)
 [PSYoungGen: 2762592K->17056K(2768192K)] 7700004K->4954972K(8360640K), 0.0544040 secs] [Times: user=0.31 sys=0.01, real=0.06 secs] 
2011-02-12T13:13:41.639+0000: 46510.959: [GC
Desired survivor size 29491200 bytes, new threshold 1 (max 15)
 [PSYoungGen: 2757280K->23104K(2765824K)] 7695196K->4961556K(8358272K), 0.0642090 secs] [Times: user=0.37 sys=0.01, real=0.07 secs] 
2011-02-12T13:13:46.986+0000: 46516.306: [GC
Desired survivor size 29360128 bytes, new threshold 1 (max 15)
 [PSYoungGen: 2761664K->9984K(2767360K)] 7700116K->4949028K(8359808K), 0.0480770 secs] [Times: user=0.28 sys=0.00, real=0.05 secs] 
2011-02-12T13:13:52.089+0000: 46521.408: [GC
Desired survivor size 29687808 bytes, new threshold 1 (max 15)
 [PSYoungGen: 2748544K->6704K(2766848K)] 7687588K->4946372K(8359296K), 0.0416130 secs] [Times: user=0.23 sys=0.01, real=0.04 secs] 
2011-02-12T13:13:56.557+0000: 46525.877: [GC
Desired survivor size 29229056 bytes, new threshold 1 (max 15)
 [PSYoungGen: 2744880K->17516K(2767168K)] 7684548K->4957937K(8359616K), 0.0557820 secs] [Times: user=0.33 sys=0.02, real=0.06 secs] 
2011-02-12T13:14:01.104+0000: 46530.424: [GC
Desired survivor size 28311552 bytes, new threshold 1 (max 15)
 [PSYoungGen: 2755692K->12610K(2768512K)] 7696113K->4953515K(8360960K), 0.0501540 secs] [Times: user=0.28 sys=0.01, real=0.05 secs] 
2011-02-12T13:14:05.790+0000: 46535.110: [GC
Desired survivor size 28311552 bytes, new threshold 1 (max 15)
 [PSYoungGen: 2752578K->7384K(2767616K)] 7693483K->4948903K(8360064K), 0.0464720 secs] [Times: user=0.24 sys=0.02, real=0.05 secs] 
2011-02-12T13:14:10.834+0000: 46540.153: [GC
Desired survivor size 27394048 bytes, new threshold 1 (max 15)
 [PSYoungGen: 2747352K->11933K(2769408K)] 7688871K->4954044K(8361856K), 0.0496020 secs] [Times: user=0.28 sys=0.01, real=0.05 secs] 
2011-02-12T13:14:15.891+0000: 46545.211: [GC
Desired survivor size 26476544 bytes, new threshold 1 (max 15)
 [PSYoungGen: 2753693K->11774K(2768512K)] 7695804K->4954469K(8360960K), 0.0493570 secs] [Times: user=0.27 sys=0.02, real=0.05 secs] 
2011-02-12T13:14:20.990+0000: 46550.309: [GC
Desired survivor size 25296896 bytes, new threshold 1 (max 15)
 [PSYoungGen: 2753534K->14016K(2771456K)] 7696229K->4957367K(8363904K), 0.0554020 secs] [Times: user=0.26 sys=0.02, real=0.05 secs] 
2011-02-12T13:14:25.941+0000: 46555.261: [GC
Desired survivor size 24576000 bytes, new threshold 1 (max 15)
 [PSYoungGen: 2759616K->14864K(2770304K)] 7702967K->4958891K(8362752K), 0.0560350 secs] [Times: user=0.32 sys=0.01, real=0.06 secs] 
2011-02-12T13:14:31.180+0000: 46560.500: [GC
Desired survivor size 25165824 bytes, new threshold 1 (max 15)
 [PSYoungGen: 2760464K->18038K(2771008K)] 7704491K->4962705K(8363456K), 0.0568240 secs] [Times: user=0.32 sys=0.01, real=0.06 secs] 
2011-02-12T13:14:36.253+0000: 46565.573: [GC
Desired survivor size 27852800 bytes, new threshold 1 (max 15)
 [PSYoungGen: 2765046K->24160K(2771200K)] 7709713K->4969291K(8363648K), 0.0632060 secs] [Times: user=0.36 sys=0.02, real=0.06 secs] 
2011-02-12T13:14:41.284+0000: 46570.604: [GC
Desired survivor size 28573696 bytes, new threshold 1 (max 15)
 [PSYoungGen: 2771168K->3872K(2765312K)] 7716299K->4949497K(8357760K), 0.0369640 secs] [Times: user=0.23 sys=0.00, real=0.04 secs] 
2011-02-12T13:14:46.653+0000: 46575.972: [GC
Desired survivor size 27197440 bytes, new threshold 1 (max 15)
 [PSYoungGen: 2744224K->14015K(2768256K)] 7689849K->4960119K(8360704K), 0.0503400 secs] [Times: user=0.29 sys=0.00, real=0.05 secs] 
2011-02-12T13:14:52.096+0000: 46581.416: [GC
Desired survivor size 27656192 bytes, new threshold 1 (max 15)
 [PSYoungGen: 2754367K->4224K(2768704K)] 7700471K->4950856K(8361152K), 0.0383880 secs] [Times: user=0.22 sys=0.02, real=0.04 secs] 
2011-02-12T13:14:57.361+0000: 46586.681: [GC
Desired survivor size 26345472 bytes, new threshold 1 (max 15)
 [PSYoungGen: 2746368K->12640K(2769152K)] 7693000K->4959872K(8361600K), 0.0516480 secs] [Times: user=0.30 sys=0.01, real=0.05 secs] 
2011-02-12T13:15:02.343+0000: 46591.662: [GC
Desired survivor size 25690112 bytes, new threshold 1 (max 15)
 [PSYoungGen: 2754784K->14733K(2771072K)] 7702016K->4962582K(8363520K), 0.0542330 secs] [Times: user=0.32 sys=0.02, real=0.05 secs] 
2011-02-12T13:15:06.681+0000: 46596.000: [GC
Desired survivor size 27459584 bytes, new threshold 1 (max 15)
 [PSYoungGen: 2760077K->21120K(2766464K)] 7707926K->4969734K(8358912K), 0.0615440 secs] [Times: user=0.36 sys=0.02, real=0.07 secs] 
2011-02-12T13:15:11.198+0000: 46600.518: [GC
Desired survivor size 26476544 bytes, new threshold 1 (max 15)
 [PSYoungGen: 2766464K->11936K(2770304K)] 7715078K->4961017K(8362752K), 0.0503880 secs] [Times: user=0.28 sys=0.01, real=0.05 secs] 
2011-02-12T13:15:16.170+0000: 46605.490: [GC
Desired survivor size 26738688 bytes, new threshold 1 (max 15)
 [PSYoungGen: 2755424K->17682K(2769344K)] 7704505K->4967212K(8361792K), 0.0549140 secs] [Times: user=0.33 sys=0.01, real=0.06 secs] 
2011-02-12T13:15:21.080+0000: 46610.400: [GC
Desired survivor size 26607616 bytes, new threshold 1 (max 15)
 [PSYoungGen: 2761170K->17168K(2770176K)] 7710700K->4967573K(8362624K), 0.0562340 secs] [Times: user=0.30 sys=0.01, real=0.06 secs] 
2011-02-12T13:15:25.856+0000: 46615.176: [GC
Desired survivor size 25559040 bytes, new threshold 1 (max 15)
 [PSYoungGen: 2761232K->14113K(2770048K)] 7711637K->4965270K(8362496K), 0.0525430 secs] [Times: user=0.30 sys=0.00, real=0.05 secs] 
2011-02-12T13:15:30.389+0000: 46619.709: [GC
Desired survivor size 25624576 bytes, new threshold 1 (max 15)
 [PSYoungGen: 2758177K->7648K(2771072K)] 7709334K->4959461K(8363520K), 0.0455860 secs] [Times: user=0.24 sys=0.00, real=0.05 secs] 
2011-02-12T13:15:35.543+0000: 46624.862: [GC
Desired survivor size 25100288 bytes, new threshold 1 (max 15)
 [PSYoungGen: 2753760K->10336K(2771136K)] 7705573K->4962677K(8363584K), 0.0492370 secs] [Times: user=0.27 sys=0.01, real=0.05 secs] 
2011-02-12T13:15:40.128+0000: 46629.448: [GC
Desired survivor size 27656192 bytes, new threshold 1 (max 15)
 [PSYoungGen: 2756448K->23200K(2766656K)] 7708789K->4976061K(8359104K), 0.0582110 secs] [Times: user=0.35 sys=0.01, real=0.06 secs] 
2011-02-12T13:15:44.388+0000: 46633.708: [GC
Desired survivor size 27328512 bytes, new threshold 1 (max 15)
 [PSYoungGen: 2765344K->8834K(2769152K)] 7718205K->4962199K(8361600K), 0.0473240 secs] [Times: user=0.26 sys=0.00, real=0.04 secs] 
2011-02-12T13:15:48.949+0000: 46638.269: [GC
Desired survivor size 26935296 bytes, new threshold 1 (max 15)
 [PSYoungGen: 2750978K->16227K(2769856K)] 7704343K->4969995K(8362304K), 0.0545680 secs] [Times: user=0.30 sys=0.01, real=0.05 secs] 
2011-02-12T13:15:53.864+0000: 46643.184: [GC
Desired survivor size 27983872 bytes, new threshold 1 (max 15)
 [PSYoungGen: 2759395K->20064K(2763264K)] 7713163K->4974371K(8355712K), 0.0580830 secs] [Times: user=0.35 sys=0.01, real=0.06 secs] 
2011-02-12T13:15:58.398+0000: 46647.718: [GC
Desired survivor size 26804224 bytes, new threshold 1 (max 15)
 [PSYoungGen: 2763232K->15040K(2769984K)] 7717539K->4969907K(8362432K), 0.0534000 secs] [Times: user=0.29 sys=0.01, real=0.06 secs] 
2011-02-12T13:16:03.313+0000: 46652.632: [GC
Desired survivor size 26148864 bytes, new threshold 1 (max 15)
 [PSYoungGen: 2757696K->11866K(2768832K)] 7712563K->4967313K(8361280K), 0.0521900 secs] [Times: user=0.29 sys=0.03, real=0.05 secs] 
2011-02-12T13:16:07.878+0000: 46657.197: [GC
Desired survivor size 25755648 bytes, new threshold 1 (max 15)
 [PSYoungGen: 2754522K->9920K(2771008K)] 7709969K->4966245K(8363456K), 0.0491270 secs] [Times: user=0.26 sys=0.02, real=0.05 secs] 
2011-02-12T13:16:12.426+0000: 46661.746: [GC
Desired survivor size 26279936 bytes, new threshold 1 (max 15)
 [PSYoungGen: 2755392K->18400K(2763904K)] 7711717K->4975233K(8356352K), 0.0590060 secs] [Times: user=0.33 sys=0.02, real=0.06 secs] 
2011-02-12T13:16:16.962+0000: 46666.282: [GC
Desired survivor size 26935296 bytes, new threshold 1 (max 15)
 [PSYoungGen: 2763872K->4272K(2769216K)] 7720705K->4961817K(8361664K), 0.0386150 secs] [Times: user=0.22 sys=0.01, real=0.04 secs] 
2011-02-12T13:16:21.745+0000: 46671.065: [GC
Desired survivor size 28573696 bytes, new threshold 1 (max 15)
 [PSYoungGen: 2747824K->21152K(2764736K)] 7705369K->4979437K(8357184K), 0.0601110 secs] [Times: user=0.37 sys=0.02, real=0.06 secs] 
2011-02-12T13:16:26.349+0000: 46675.668: [GC
Desired survivor size 29229056 bytes, new threshold 1 (max 15)
 [PSYoungGen: 2764704K->19602K(2766976K)] 7722989K->4978424K(8359424K), 0.0565600 secs] [Times: user=0.35 sys=0.01, real=0.06 secs] 
2011-02-12T13:16:30.739+0000: 46680.059: [GC
Desired survivor size 28770304 bytes, new threshold 1 (max 15)
 [PSYoungGen: 2758674K->8992K(2767616K)] 7717496K->4968715K(8360064K), 0.0477350 secs] [Times: user=0.26 sys=0.01, real=0.05 secs] 
2011-02-12T13:16:35.440+0000: 46684.759: [GC
Desired survivor size 28180480 bytes, new threshold 1 (max 15)
 [PSYoungGen: 2748064K->9600K(2768640K)] 7707787K->4969867K(8361088K), 0.0466650 secs] [Times: user=0.26 sys=0.02, real=0.05 secs] 
2011-02-12T13:16:40.541+0000: 46689.861: [GC
Desired survivor size 27197440 bytes, new threshold 1 (max 15)
 [PSYoungGen: 2750144K->11008K(2768064K)] 7710411K->4971723K(8360512K), 0.0487160 secs] [Times: user=0.27 sys=0.01, real=0.05 secs] 
2011-02-12T13:16:45.710+0000: 46695.030: [GC
Desired survivor size 27918336 bytes, new threshold 1 (max 15)
 [PSYoungGen: 2751552K->18848K(2768192K)] 7712267K->4980155K(8360640K), 0.0581680 secs] [Times: user=0.35 sys=0.02, real=0.06 secs] 
2011-02-12T13:16:50.579+0000: 46699.899: [GC
Desired survivor size 28835840 bytes, new threshold 1 (max 15)
 [PSYoungGen: 2760480K->20032K(2761664K)] 7721787K->4981979K(8354112K), 0.0583510 secs] [Times: user=0.33 sys=0.02, real=0.06 secs] 
2011-02-12T13:16:55.758+0000: 46705.078: [GC
Desired survivor size 29360128 bytes, new threshold 1 (max 15)
 [PSYoungGen: 2761664K->3840K(2766976K)] 7723611K->4966115K(8359424K), 0.0372240 secs] [Times: user=0.22 sys=0.01, real=0.04 secs] 
2011-02-12T13:17:00.725+0000: 46710.045: [GC
Desired survivor size 31850496 bytes, new threshold 1 (max 15)
 [PSYoungGen: 2742656K->24285K(2763136K)] 7704931K->4987076K(8355584K), 0.0632870 secs] [Times: user=0.37 sys=0.02, real=0.07 secs] 
2011-02-12T13:17:05.176+0000: 46714.496: [GC
Desired survivor size 30932992 bytes, new threshold 1 (max 15)
 [PSYoungGen: 2763101K->10264K(2765952K)] 7725892K->4973734K(8358400K), 0.0498930 secs] [Times: user=0.27 sys=0.03, real=0.05 secs] 
2011-02-12T13:17:10.433+0000: 46719.752: [GC
Desired survivor size 30408704 bytes, new threshold 1 (max 15)
 [PSYoungGen: 2745112K->17159K(2765056K)] 7708582K->4981246K(8357504K), 0.0572950 secs] [Times: user=0.34 sys=0.02, real=0.06 secs] 
2011-02-12T13:17:15.677+0000: 46724.997: [GC
Desired survivor size 30474240 bytes, new threshold 1 (max 15)
 [PSYoungGen: 2752007K->5200K(2766336K)] 7716094K->4969861K(8358784K), 0.0434380 secs] [Times: user=0.23 sys=0.00, real=0.04 secs] 
2011-02-12T13:17:21.244+0000: 46730.564: [GC
