2019-02-01 02:14:25 GC log file created /run/jwa/aagl_prd//instance/aagl_prd/log/gc.log.46
OpenJDK 64-Bit Server VM (25.172-b01) for linux-amd64 JRE (1.8.0_172-b01), built on Apr 19 2018 05:34:58 by "zulu_re" with gcc 4.4.7 20120313 (Red Hat 4.4.7-3)
Memory: 4k page, physical 264400592k(26882280k free), swap 25165816k(23747916k free)
CommandLine flags: -XX:CICompilerCount=15 -XX:CompressedClassSpaceSize=1065353216 -XX:ErrorFile=/run/jwa/aagl_prd//process/temp/jvm_error_%p.log -XX:GCLogFileSize=4194304 -XX:+HeapDumpOnOutOfMemoryError -XX:HeapDumpPath=/run/jwa/aagl_prd//process/temp -XX:InitialHeapSize=5905580032 -XX:MaxDirectMemorySize=1073741824 -XX:MaxHeapSize=5905580032 -XX:MaxMetaspaceSize=1073741824 -XX:MaxNewSize=1968177152 -XX:MinHeapDeltaBytes=524288 -XX:NewSize=1968177152 -XX:NumberOfGCLogFiles=50 -XX:OldSize=3937402880 -XX:OnError=/web/jwa/build/19.1.1.0/system/bin/jvmErrorSpawn.sh %p -XX:OnOutOfMemoryError=/web/jwa/build/19.1.1.0/system/bin/oomErrorSpawn.sh -XX:+PrintGC -XX:+PrintGCApplicationConcurrentTime -XX:+PrintGCApplicationStoppedTime -XX:+PrintGCDateStamps -XX:+PrintGCDetails -XX:+PrintGCTimeStamps -XX:+PrintReferenceGC -XX:+PrintTenuringDistribution -XX:+UseCompressedClassPointers -XX:+UseCompressedOops -XX:+UseGCLogFileRotation -XX:+UseParallelGC 
2019-02-01T02:14:25.776+0000: 800431.781: [GC (Allocation Failure) 2019-02-01T02:14:25.784+0000: 800431.789: [SoftReference, 0 refs, 0.0000320 secs]2019-02-01T02:14:25.784+0000: 800431.789: [WeakReference, 10 refs, 0.0000166 secs]2019-02-01T02:14:25.784+0000: 800431.789: [FinalReference, 393 refs, 0.0001841 secs]2019-02-01T02:14:25.784+0000: 800431.790: [PhantomReference, 0 refs, 0 refs, 0.0000150 secs]2019-02-01T02:14:25.784+0000: 800431.790: [JNI Weak Reference, 0.0000282 secs]
Desired survivor size 4718592 bytes, new threshold 1 (max 15)
[PSYoungGen: 45801K->2106K(45056K)] 760754K->718273K(793600K), 0.0132914 secs] [Times: user=0.15 sys=0.00, real=0.01 secs] 
2019-02-01T02:14:25.789+0000: 800431.795: Total time for which application threads were stopped: 0.0254612 seconds, Stopping threads took: 0.0000625 seconds
2019-02-01T02:14:27.308+0000: 800433.314: Application time: 1.5191836 seconds
2019-02-01T02:14:27.311+0000: 800433.317: [GC (Allocation Failure) 2019-02-01T02:14:27.315+0000: 800433.321: [SoftReference, 0 refs, 0.0000319 secs]2019-02-01T02:14:27.315+0000: 800433.321: [WeakReference, 8 refs, 0.0000153 secs]2019-02-01T02:14:27.315+0000: 800433.321: [FinalReference, 318 refs, 0.0001448 secs]2019-02-01T02:14:27.315+0000: 800433.321: [PhantomReference, 0 refs, 0 refs, 0.0000144 secs]2019-02-01T02:14:27.315+0000: 800433.321: [JNI Weak Reference, 0.0000284 secs]
Desired survivor size 5242880 bytes, new threshold 1 (max 15)
[PSYoungGen: 44602K->4094K(46080K)] 760769K->721002K(794624K), 0.0085244 secs] [Times: user=0.09 sys=0.00, real=0.01 secs] 
2019-02-01T02:14:27.320+0000: 800433.326: Total time for which application threads were stopped: 0.0118325 seconds, Stopping threads took: 0.0000611 seconds
2019-02-01T02:14:29.231+0000: 800435.237: Application time: 1.9110200 seconds
2019-02-01T02:14:29.235+0000: 800435.240: [GC (Allocation Failure) 2019-02-01T02:14:29.243+0000: 800435.248: [SoftReference, 0 refs, 0.0000319 secs]2019-02-01T02:14:29.243+0000: 800435.248: [WeakReference, 7 refs, 0.0000209 secs]2019-02-01T02:14:29.243+0000: 800435.248: [FinalReference, 277 refs, 0.0001322 secs]2019-02-01T02:14:29.243+0000: 800435.248: [PhantomReference, 0 refs, 0 refs, 0.0000249 secs]2019-02-01T02:14:29.243+0000: 800435.249: [JNI Weak Reference, 0.0000266 secs]
Desired survivor size 5242880 bytes, new threshold 1 (max 15)
[PSYoungGen: 46078K->3651K(45568K)] 762986K->721335K(794112K), 0.0127563 secs] [Times: user=0.21 sys=0.00, real=0.01 secs] 
2019-02-01T02:14:29.247+0000: 800435.253: Total time for which application threads were stopped: 0.0164344 seconds, Stopping threads took: 0.0000661 seconds
2019-02-01T02:14:31.098+0000: 800437.103: Application time: 1.8502860 seconds
2019-02-01T02:14:31.101+0000: 800437.107: Total time for which application threads were stopped: 0.0033381 seconds, Stopping threads took: 0.0000619 seconds
2019-02-01T02:14:31.101+0000: 800437.107: Application time: 0.0000739 seconds
2019-02-01T02:14:31.103+0000: 800437.109: Total time for which application threads were stopped: 0.0020429 seconds, Stopping threads took: 0.0000338 seconds
2019-02-01T02:14:31.248+0000: 800437.253: Application time: 0.1445489 seconds
2019-02-01T02:14:31.251+0000: 800437.256: [GC (Allocation Failure) 2019-02-01T02:14:31.255+0000: 800437.261: [SoftReference, 0 refs, 0.0000389 secs]2019-02-01T02:14:31.255+0000: 800437.261: [WeakReference, 7 refs, 0.0000154 secs]2019-02-01T02:14:31.255+0000: 800437.261: [FinalReference, 246 refs, 0.0000904 secs]2019-02-01T02:14:31.255+0000: 800437.261: [PhantomReference, 0 refs, 0 refs, 0.0000142 secs]2019-02-01T02:14:31.255+0000: 800437.261: [JNI Weak Reference, 0.0000254 secs]
Desired survivor size 5242880 bytes, new threshold 1 (max 15)
[PSYoungGen: 45123K->1875K(43008K)] 762807K->720137K(791552K), 0.0085974 secs] [Times: user=0.09 sys=0.00, real=0.01 secs] 
2019-02-01T02:14:31.259+0000: 800437.265: Total time for which application threads were stopped: 0.0115083 seconds, Stopping threads took: 0.0000429 seconds
2019-02-01T02:14:32.406+0000: 800438.412: Application time: 1.1465446 seconds
2019-02-01T02:14:32.409+0000: 800438.415: Total time for which application threads were stopped: 0.0034530 seconds, Stopping threads took: 0.0000652 seconds
2019-02-01T02:14:32.409+0000: 800438.415: Application time: 0.0000535 seconds
2019-02-01T02:14:32.412+0000: 800438.417: Total time for which application threads were stopped: 0.0022153 seconds, Stopping threads took: 0.0000628 seconds
2019-02-01T02:14:32.814+0000: 800438.820: Application time: 0.4029165 seconds
2019-02-01T02:14:32.818+0000: 800438.824: [GC (Allocation Failure) 2019-02-01T02:14:32.823+0000: 800438.829: [SoftReference, 0 refs, 0.0000353 secs]2019-02-01T02:14:32.823+0000: 800438.829: [WeakReference, 20 refs, 0.0000188 secs]2019-02-01T02:14:32.823+0000: 800438.829: [FinalReference, 313 refs, 0.0001864 secs]2019-02-01T02:14:32.823+0000: 800438.829: [PhantomReference, 0 refs, 0 refs, 0.0000150 secs]2019-02-01T02:14:32.824+0000: 800438.829: [JNI Weak Reference, 0.0000290 secs]
Desired survivor size 6291456 bytes, new threshold 1 (max 15)
[PSYoungGen: 42835K->5099K(45568K)] 761097K->724282K(794112K), 0.0097890 secs] [Times: user=0.11 sys=0.00, real=0.01 secs] 
2019-02-01T02:14:32.828+0000: 800438.834: Total time for which application threads were stopped: 0.0135328 seconds, Stopping threads took: 0.0000832 seconds
2019-02-01T02:14:33.213+0000: 800439.219: Application time: 0.3852968 seconds
2019-02-01T02:14:33.217+0000: 800439.223: Total time for which application threads were stopped: 0.0035647 seconds, Stopping threads took: 0.0000684 seconds
2019-02-01T02:14:33.217+0000: 800439.223: Application time: 0.0000876 seconds
2019-02-01T02:14:33.219+0000: 800439.225: Total time for which application threads were stopped: 0.0022291 seconds, Stopping threads took: 0.0000582 seconds
2019-02-01T02:14:34.699+0000: 800440.705: Application time: 1.4802397 seconds
2019-02-01T02:14:34.703+0000: 800440.709: [GC (Allocation Failure) 2019-02-01T02:14:34.708+0000: 800440.713: [SoftReference, 0 refs, 0.0000318 secs]2019-02-01T02:14:34.708+0000: 800440.713: [WeakReference, 13 refs, 0.0000167 secs]2019-02-01T02:14:34.708+0000: 800440.713: [FinalReference, 310 refs, 0.0001250 secs]2019-02-01T02:14:34.708+0000: 800440.714: [PhantomReference, 0 refs, 0 refs, 0.0000147 secs]2019-02-01T02:14:34.708+0000: 800440.714: [JNI Weak Reference, 0.0000296 secs]
Desired survivor size 6291456 bytes, new threshold 1 (max 15)
[PSYoungGen: 45547K->2306K(42496K)] 764730K->723514K(791040K), 0.0091153 secs] [Times: user=0.10 sys=0.00, real=0.00 secs] 
2019-02-01T02:14:34.712+0000: 800440.718: Total time for which application threads were stopped: 0.0127260 seconds, Stopping threads took: 0.0000635 seconds
2019-02-01T02:14:36.759+0000: 800442.764: Application time: 2.0463703 seconds
2019-02-01T02:14:36.762+0000: 800442.768: [GC (Allocation Failure) 2019-02-01T02:14:36.766+0000: 800442.772: [SoftReference, 0 refs, 0.0000321 secs]2019-02-01T02:14:36.766+0000: 800442.772: [WeakReference, 23 refs, 0.0000177 secs]2019-02-01T02:14:36.766+0000: 800442.772: [FinalReference, 278 refs, 0.0001163 secs]2019-02-01T02:14:36.766+0000: 800442.772: [PhantomReference, 0 refs, 0 refs, 0.0000143 secs]2019-02-01T02:14:36.766+0000: 800442.772: [JNI Weak Reference, 0.0000287 secs]
Desired survivor size 6291456 bytes, new threshold 1 (max 15)
[PSYoungGen: 42241K->4392K(44032K)] 763449K->726990K(792576K), 0.0090201 secs] [Times: user=0.09 sys=0.00, real=0.01 secs] 
2019-02-01T02:14:36.771+0000: 800442.777: Total time for which application threads were stopped: 0.0127795 seconds, Stopping threads took: 0.0000612 seconds
2019-02-01T02:14:38.262+0000: 800444.267: Application time: 1.4903368 seconds
2019-02-01T02:14:38.265+0000: 800444.271: [GC (Allocation Failure) 2019-02-01T02:14:38.269+0000: 800444.275: [SoftReference, 0 refs, 0.0000370 secs]2019-02-01T02:14:38.269+0000: 800444.275: [WeakReference, 5 refs, 0.0000143 secs]2019-02-01T02:14:38.269+0000: 800444.275: [FinalReference, 328 refs, 0.0001360 secs]2019-02-01T02:14:38.269+0000: 800444.275: [PhantomReference, 0 refs, 0 refs, 0.0000175 secs]2019-02-01T02:14:38.269+0000: 800444.275: [JNI Weak Reference, 0.0000286 secs]
Desired survivor size 6291456 bytes, new threshold 1 (max 15)
[PSYoungGen: 43816K->1905K(40960K)] 766414K->725873K(789504K), 0.0092636 secs] [Times: user=0.08 sys=0.01, real=0.01 secs] 
2019-02-01T02:14:38.275+0000: 800444.280: Total time for which application threads were stopped: 0.0129015 seconds, Stopping threads took: 0.0000644 seconds
2019-02-01T02:14:39.815+0000: 800445.821: Application time: 1.5406872 seconds
2019-02-01T02:14:39.819+0000: 800445.825: [GC (Allocation Failure) 2019-02-01T02:14:39.823+0000: 800445.829: [SoftReference, 0 refs, 0.0000317 secs]2019-02-01T02:14:39.823+0000: 800445.829: [WeakReference, 11 refs, 0.0000164 secs]2019-02-01T02:14:39.823+0000: 800445.829: [FinalReference, 343 refs, 0.0001536 secs]2019-02-01T02:14:39.823+0000: 800445.829: [PhantomReference, 0 refs, 0 refs, 0.0000183 secs]2019-02-01T02:14:39.823+0000: 800445.829: [JNI Weak Reference, 0.0000326 secs]
Desired survivor size 6291456 bytes, new threshold 1 (max 15)
[PSYoungGen: 40817K->3420K(41984K)] 764785K->728230K(790528K), 0.0083700 secs] [Times: user=0.08 sys=0.00, real=0.01 secs] 
2019-02-01T02:14:39.827+0000: 800445.833: Total time for which application threads were stopped: 0.0119914 seconds, Stopping threads took: 0.0000962 seconds
2019-02-01T02:14:41.605+0000: 800447.611: Application time: 1.7778449 seconds
2019-02-01T02:14:41.609+0000: 800447.615: [GC (Allocation Failure) 2019-02-01T02:14:41.613+0000: 800447.619: [SoftReference, 0 refs, 0.0000329 secs]2019-02-01T02:14:41.613+0000: 800447.619: [WeakReference, 14 refs, 0.0000170 secs]2019-02-01T02:14:41.613+0000: 800447.619: [FinalReference, 314 refs, 0.0001913 secs]2019-02-01T02:14:41.613+0000: 800447.619: [PhantomReference, 0 refs, 1 refs, 0.0000146 secs]2019-02-01T02:14:41.613+0000: 800447.619: [JNI Weak Reference, 0.0000280 secs]
Desired survivor size 6815744 bytes, new threshold 1 (max 15)
[PSYoungGen: 41818K->5606K(43520K)] 766628K->731108K(792064K), 0.0083361 secs] [Times: user=0.10 sys=0.00, real=0.01 secs] 
2019-02-01T02:14:41.617+0000: 800447.623: Total time for which application threads were stopped: 0.0121465 seconds, Stopping threads took: 0.0000657 seconds
2019-02-01T02:14:43.024+0000: 800449.030: Application time: 1.4068941 seconds
2019-02-01T02:14:43.028+0000: 800449.033: Total time for which application threads were stopped: 0.0034961 seconds, Stopping threads took: 0.0000954 seconds
2019-02-01T02:14:43.028+0000: 800449.034: Application time: 0.0001861 seconds
2019-02-01T02:14:43.030+0000: 800449.036: [GC (GCLocker Initiated GC) 2019-02-01T02:14:43.035+0000: 800449.040: [SoftReference, 0 refs, 0.0000490 secs]2019-02-01T02:14:43.035+0000: 800449.040: [WeakReference, 16 refs, 0.0000192 secs]2019-02-01T02:14:43.035+0000: 800449.040: [FinalReference, 291 refs, 0.0001470 secs]2019-02-01T02:14:43.035+0000: 800449.041: [PhantomReference, 0 refs, 0 refs, 0.0000154 secs]2019-02-01T02:14:43.035+0000: 800449.041: [JNI Weak Reference, 0.0000229 secs]
Desired survivor size 6815744 bytes, new threshold 1 (max 15)
[PSYoungGen: 43494K->3956K(41472K)] 769003K->730299K(790016K), 0.0095764 secs] [Times: user=0.10 sys=0.00, real=0.01 secs] 
2019-02-01T02:14:43.040+0000: 800449.046: Total time for which application threads were stopped: 0.0119943 seconds, Stopping threads took: 0.0000800 seconds
2019-02-01T02:14:44.391+0000: 800450.397: Application time: 1.3516260 seconds
2019-02-01T02:14:44.395+0000: 800450.401: [GC (Allocation Failure) 2019-02-01T02:14:44.401+0000: 800450.407: [SoftReference, 0 refs, 0.0000379 secs]2019-02-01T02:14:44.401+0000: 800450.407: [WeakReference, 8 refs, 0.0000183 secs]2019-02-01T02:14:44.401+0000: 800450.407: [FinalReference, 327 refs, 0.0001534 secs]2019-02-01T02:14:44.402+0000: 800450.407: [PhantomReference, 0 refs, 0 refs, 0.0000143 secs]2019-02-01T02:14:44.402+0000: 800450.407: [JNI Weak Reference, 0.0000231 secs]
Desired survivor size 6291456 bytes, new threshold 1 (max 15)
[PSYoungGen: 41332K->3538K(40448K)] 767678K->730726K(788992K), 0.0102028 secs] [Times: user=0.12 sys=0.00, real=0.01 secs] 
2019-02-01T02:14:44.406+0000: 800450.411: Total time for which application threads were stopped: 0.0140919 seconds, Stopping threads took: 0.0000717 seconds
2019-02-01T02:14:45.987+0000: 800451.993: Application time: 1.5817388 seconds
2019-02-01T02:14:45.991+0000: 800451.997: [GC (Allocation Failure) 2019-02-01T02:14:45.999+0000: 800452.005: [SoftReference, 0 refs, 0.0000191 secs]2019-02-01T02:14:45.999+0000: 800452.005: [WeakReference, 14 refs, 0.0000107 secs]2019-02-01T02:14:45.999+0000: 800452.005: [FinalReference, 270 refs, 0.0001151 secs]2019-02-01T02:14:45.999+0000: 800452.005: [PhantomReference, 0 refs, 0 refs, 0.0000121 secs]2019-02-01T02:14:45.999+0000: 800452.005: [JNI Weak Reference, 0.0000183 secs]
Desired survivor size 6291456 bytes, new threshold 1 (max 15)
[PSYoungGen: 40402K->3328K(39936K)] 767590K->731781K(788480K), 0.0115427 secs] [Times: user=0.18 sys=0.00, real=0.01 secs] 
2019-02-01T02:14:46.003+0000: 800452.008: Total time for which application threads were stopped: 0.0154080 seconds, Stopping threads took: 0.0000642 seconds
2019-02-01T02:14:46.346+0000: 800452.352: Application time: 0.3435069 seconds
2019-02-01T02:14:46.350+0000: 800452.356: Total time for which application threads were stopped: 0.0035901 seconds, Stopping threads took: 0.0000715 seconds
2019-02-01T02:14:46.350+0000: 800452.356: Application time: 0.0000628 seconds
2019-02-01T02:14:46.352+0000: 800452.357: Total time for which application threads were stopped: 0.0017899 seconds, Stopping threads took: 0.0000391 seconds
2019-02-01T02:14:47.134+0000: 800453.140: Application time: 0.7824450 seconds
2019-02-01T02:14:47.137+0000: 800453.143: [GC (Allocation Failure) 2019-02-01T02:14:47.142+0000: 800453.147: [SoftReference, 0 refs, 0.0000327 secs]2019-02-01T02:14:47.142+0000: 800453.147: [WeakReference, 14 refs, 0.0000430 secs]2019-02-01T02:14:47.142+0000: 800453.148: [FinalReference, 314 refs, 0.0002042 secs]2019-02-01T02:14:47.142+0000: 800453.148: [PhantomReference, 0 refs, 0 refs, 0.0000149 secs]2019-02-01T02:14:47.142+0000: 800453.148: [JNI Weak Reference, 0.0000224 secs]
Desired survivor size 6291456 bytes, new threshold 1 (max 15)
[PSYoungGen: 39680K->3749K(39936K)] 768133K->733504K(788480K), 0.0089775 secs] [Times: user=0.06 sys=0.00, real=0.01 secs] 
2019-02-01T02:14:47.146+0000: 800453.152: Total time for which application threads were stopped: 0.0118779 seconds, Stopping threads took: 0.0000544 seconds
2019-02-01T02:14:48.897+0000: 800454.902: Application time: 1.7506615 seconds
2019-02-01T02:14:48.900+0000: 800454.906: Total time for which application threads were stopped: 0.0033066 seconds, Stopping threads took: 0.0001107 seconds
2019-02-01T02:14:48.900+0000: 800454.906: Application time: 0.0001011 seconds
2019-02-01T02:14:48.902+0000: 800454.908: [GC (GCLocker Initiated GC) 2019-02-01T02:14:48.906+0000: 800454.911: [SoftReference, 0 refs, 0.0000196 secs]2019-02-01T02:14:48.906+0000: 800454.911: [WeakReference, 6 refs, 0.0000092 secs]2019-02-01T02:14:48.906+0000: 800454.911: [FinalReference, 263 refs, 0.0000807 secs]2019-02-01T02:14:48.906+0000: 800454.912: [PhantomReference, 0 refs, 0 refs, 0.0000085 secs]2019-02-01T02:14:48.906+0000: 800454.912: [JNI Weak Reference, 0.0000201 secs]
Desired survivor size 5767168 bytes, new threshold 1 (max 15)
[PSYoungGen: 39589K->2789K(38400K)] 769344K->733808K(786944K), 0.0079682 secs] [Times: user=0.07 sys=0.01, real=0.01 secs] 
2019-02-01T02:14:48.910+0000: 800454.916: Total time for which application threads were stopped: 0.0097605 seconds, Stopping threads took: 0.0000373 seconds
2019-02-01T02:14:50.916+0000: 800456.922: Application time: 2.0065234 seconds
2019-02-01T02:14:50.920+0000: 800456.925: [GC (Allocation Failure) 2019-02-01T02:14:50.925+0000: 800456.931: [SoftReference, 0 refs, 0.0000323 secs]2019-02-01T02:14:50.925+0000: 800456.931: [WeakReference, 6 refs, 0.0000171 secs]2019-02-01T02:14:50.925+0000: 800456.931: [FinalReference, 284 refs, 0.0001499 secs]2019-02-01T02:14:50.926+0000: 800456.931: [PhantomReference, 0 refs, 0 refs, 0.0000147 secs]2019-02-01T02:14:50.926+0000: 800456.931: [JNI Weak Reference, 0.0000221 secs]
Desired survivor size 5767168 bytes, new threshold 1 (max 15)
[PSYoungGen: 38117K->2290K(37376K)] 769139K->734708K(785920K), 0.0100783 secs] [Times: user=0.11 sys=0.01, real=0.01 secs] 
2019-02-01T02:14:50.930+0000: 800456.936: Total time for which application threads were stopped: 0.0135128 seconds, Stopping threads took: 0.0000599 seconds
2019-02-01T02:14:52.382+0000: 800458.387: Application time: 1.4517662 seconds
2019-02-01T02:14:52.385+0000: 800458.391: [GC (Allocation Failure) 2019-02-01T02:14:52.390+0000: 800458.395: [SoftReference, 0 refs, 0.0000271 secs]2019-02-01T02:14:52.390+0000: 800458.395: [WeakReference, 17 refs, 0.0000171 secs]2019-02-01T02:14:52.390+0000: 800458.395: [FinalReference, 256 refs, 0.0001118 secs]2019-02-01T02:14:52.390+0000: 800458.396: [PhantomReference, 0 refs, 0 refs, 0.0000143 secs]2019-02-01T02:14:52.390+0000: 800458.396: [JNI Weak Reference, 0.0000221 secs]
Desired survivor size 5767168 bytes, new threshold 1 (max 15)
[PSYoungGen: 37105K->3563K(37888K)] 769523K->736620K(786432K), 0.0087985 secs] [Times: user=0.09 sys=0.01, real=0.01 secs] 
2019-02-01T02:14:52.394+0000: 800458.400: Total time for which application threads were stopped: 0.0122862 seconds, Stopping threads took: 0.0000691 seconds
2019-02-01T02:14:53.618+0000: 800459.624: Application time: 1.2239373 seconds
2019-02-01T02:14:53.621+0000: 800459.627: Total time for which application threads were stopped: 0.0033147 seconds, Stopping threads took: 0.0000709 seconds
2019-02-01T02:14:53.621+0000: 800459.627: Application time: 0.0000889 seconds
2019-02-01T02:14:53.624+0000: 800459.629: [GC (GCLocker Initiated GC) 2019-02-01T02:14:53.627+0000: 800459.633: [SoftReference, 0 refs, 0.0000341 secs]2019-02-01T02:14:53.627+0000: 800459.633: [WeakReference, 16 refs, 0.0000173 secs]2019-02-01T02:14:53.627+0000: 800459.633: [FinalReference, 321 refs, 0.0001515 secs]2019-02-01T02:14:53.628+0000: 800459.633: [PhantomReference, 0 refs, 0 refs, 0.0000143 secs]2019-02-01T02:14:53.628+0000: 800459.633: [JNI Weak Reference, 0.0000220 secs]
Desired survivor size 5767168 bytes, new threshold 1 (max 15)
[PSYoungGen: 37867K->3491K(37376K)] 770925K->737684K(785920K), 0.0082277 secs] [Times: user=0.08 sys=0.00, real=0.01 secs] 
2019-02-01T02:14:53.632+0000: 800459.638: Total time for which application threads were stopped: 0.0106015 seconds, Stopping threads took: 0.0000511 seconds
2019-02-01T02:14:54.845+0000: 800460.851: Application time: 1.2128768 seconds
2019-02-01T02:14:54.848+0000: 800460.854: Total time for which application threads were stopped: 0.0033175 seconds, Stopping threads took: 0.0000822 seconds
2019-02-01T02:14:54.848+0000: 800460.854: Application time: 0.0001341 seconds
2019-02-01T02:14:54.851+0000: 800460.856: [GC (GCLocker Initiated GC) 2019-02-01T02:14:54.855+0000: 800460.861: [SoftReference, 0 refs, 0.0000362 secs]2019-02-01T02:14:54.855+0000: 800460.861: [WeakReference, 28 refs, 0.0000371 secs]2019-02-01T02:14:54.855+0000: 800460.861: [FinalReference, 284 refs, 0.0001167 secs]2019-02-01T02:14:54.855+0000: 800460.861: [PhantomReference, 0 refs, 0 refs, 0.0000142 secs]2019-02-01T02:14:54.855+0000: 800460.861: [JNI Weak Reference, 0.0000223 secs]
Desired survivor size 6815744 bytes, new threshold 1 (max 15)
[PSYoungGen: 37283K->5627K(38912K)] 771496K->741611K(787456K), 0.0087265 secs] [Times: user=0.10 sys=0.01, real=0.01 secs] 
2019-02-01T02:14:54.859+0000: 800460.865: Total time for which application threads were stopped: 0.0112284 seconds, Stopping threads took: 0.0000760 seconds
2019-02-01T02:14:55.606+0000: 800461.612: Application time: 0.7465607 seconds
2019-02-01T02:14:55.609+0000: 800461.615: [GC (Allocation Failure) 2019-02-01T02:14:55.614+0000: 800461.619: [SoftReference, 0 refs, 0.0000311 secs]2019-02-01T02:14:55.614+0000: 800461.619: [WeakReference, 15 refs, 0.0000225 secs]2019-02-01T02:14:55.614+0000: 800461.619: [FinalReference, 335 refs, 0.0001207 secs]2019-02-01T02:14:55.614+0000: 800461.620: [PhantomReference, 0 refs, 0 refs, 0.0000149 secs]2019-02-01T02:14:55.614+0000: 800461.620: [JNI Weak Reference, 0.0000225 secs]
Desired survivor size 7340032 bytes, new threshold 1 (max 15)
[PSYoungGen: 38907K->2549K(35328K)] 774894K->741922K(783872K), 0.0079531 secs] [Times: user=0.09 sys=0.00, real=0.01 secs] 
2019-02-01T02:14:55.617+0000: 800461.623: Total time for which application threads were stopped: 0.0113911 seconds, Stopping threads took: 0.0000615 seconds
2019-02-01T02:14:56.968+0000: 800462.974: Application time: 1.3506250 seconds
2019-02-01T02:14:56.971+0000: 800462.977: Total time for which application threads were stopped: 0.0034403 seconds, Stopping threads took: 0.0001114 seconds
2019-02-01T02:14:56.972+0000: 800462.977: Application time: 0.0000921 seconds
2019-02-01T02:14:56.974+0000: 800462.980: Total time for which application threads were stopped: 0.0022724 seconds, Stopping threads took: 0.0000638 seconds
2019-02-01T02:14:57.033+0000: 800463.038: Application time: 0.0587034 seconds
2019-02-01T02:14:57.035+0000: 800463.041: [GC (Allocation Failure) 2019-02-01T02:14:57.040+0000: 800463.046: [SoftReference, 0 refs, 0.0000394 secs]2019-02-01T02:14:57.040+0000: 800463.046: [WeakReference, 21 refs, 0.0000183 secs]2019-02-01T02:14:57.040+0000: 800463.046: [FinalReference, 238 refs, 0.0001083 secs]2019-02-01T02:14:57.041+0000: 800463.046: [PhantomReference, 0 refs, 0 refs, 0.0000141 secs]2019-02-01T02:14:57.041+0000: 800463.046: [JNI Weak Reference, 0.0000221 secs]
Desired survivor size 7340032 bytes, new threshold 1 (max 15)
[PSYoungGen: 35295K->4327K(36864K)] 774668K->744835K(785408K), 0.0096035 secs] [Times: user=0.09 sys=0.00, real=0.01 secs] 
2019-02-01T02:14:57.045+0000: 800463.050: Total time for which application threads were stopped: 0.0121191 seconds, Stopping threads took: 0.0000409 seconds
2019-02-01T02:14:58.264+0000: 800464.270: Application time: 1.2191636 seconds
2019-02-01T02:14:58.267+0000: 800464.273: [GC (Allocation Failure) 2019-02-01T02:14:58.275+0000: 800464.281: [SoftReference, 0 refs, 0.0000307 secs]2019-02-01T02:14:58.275+0000: 800464.281: [WeakReference, 17 refs, 0.0000174 secs]2019-02-01T02:14:58.275+0000: 800464.281: [FinalReference, 257 refs, 0.0000915 secs]2019-02-01T02:14:58.275+0000: 800464.281: [PhantomReference, 0 refs, 0 refs, 0.0000141 secs]2019-02-01T02:14:58.275+0000: 800464.281: [JNI Weak Reference, 0.0000228 secs]
Desired survivor size 7340032 bytes, new threshold 1 (max 15)
[PSYoungGen: 36583K->4614K(36864K)] 777091K->746823K(785408K), 0.0116297 secs] [Times: user=0.19 sys=0.00, real=0.01 secs] 
2019-02-01T02:14:58.279+0000: 800464.285: Total time for which application threads were stopped: 0.0152086 seconds, Stopping threads took: 0.0000607 seconds
2019-02-01T02:14:59.180+0000: 800465.186: Application time: 0.9009243 seconds
2019-02-01T02:14:59.183+0000: 800465.189: Total time for which application threads were stopped: 0.0030973 seconds, Stopping threads took: 0.0000618 seconds
2019-02-01T02:14:59.183+0000: 800465.189: Application time: 0.0000753 seconds
2019-02-01T02:14:59.185+0000: 800465.191: Total time for which application threads were stopped: 0.0016541 seconds, Stopping threads took: 0.0000297 seconds
2019-02-01T02:14:59.285+0000: 800465.291: Application time: 0.1005784 seconds
2019-02-01T02:14:59.287+0000: 800465.293: Total time for which application threads were stopped: 0.0017006 seconds, Stopping threads took: 0.0000315 seconds
2019-02-01T02:14:59.287+0000: 800465.293: Application time: 0.0000924 seconds
2019-02-01T02:14:59.289+0000: 800465.295: Total time for which application threads were stopped: 0.0018597 seconds, Stopping threads took: 0.0000339 seconds
2019-02-01T02:14:59.590+0000: 800465.596: Application time: 0.3009273 seconds
2019-02-01T02:14:59.593+0000: 800465.598: Total time for which application threads were stopped: 0.0025056 seconds, Stopping threads took: 0.0000527 seconds
2019-02-01T02:14:59.593+0000: 800465.598: Application time: 0.0000794 seconds
2019-02-01T02:14:59.594+0000: 800465.600: Total time for which application threads were stopped: 0.0015769 seconds, Stopping threads took: 0.0000270 seconds
2019-02-01T02:14:59.995+0000: 800466.001: Application time: 0.4012450 seconds
2019-02-01T02:14:59.999+0000: 800466.004: Total time for which application threads were stopped: 0.0030926 seconds, Stopping threads took: 0.0000784 seconds
2019-02-01T02:14:59.999+0000: 800466.004: Application time: 0.0000568 seconds
2019-02-01T02:15:00.001+0000: 800466.007: Total time for which application threads were stopped: 0.0023280 seconds, Stopping threads took: 0.0000823 seconds
2019-02-01T02:15:00.102+0000: 800466.107: Application time: 0.1006134 seconds
2019-02-01T02:15:00.104+0000: 800466.110: Total time for which application threads were stopped: 0.0026884 seconds, Stopping threads took: 0.0000679 seconds
2019-02-01T02:15:00.104+0000: 800466.110: Application time: 0.0000705 seconds
2019-02-01T02:15:00.107+0000: 800466.112: Total time for which application threads were stopped: 0.0022166 seconds, Stopping threads took: 0.0000685 seconds
2019-02-01T02:15:00.146+0000: 800466.152: Application time: 0.0394454 seconds
2019-02-01T02:15:00.148+0000: 800466.154: [GC (Allocation Failure) 2019-02-01T02:15:00.153+0000: 800466.159: [SoftReference, 0 refs, 0.0000336 secs]2019-02-01T02:15:00.153+0000: 800466.159: [WeakReference, 13 refs, 0.0000173 secs]2019-02-01T02:15:00.153+0000: 800466.159: [FinalReference, 275 refs, 0.0001175 secs]2019-02-01T02:15:00.153+0000: 800466.159: [PhantomReference, 0 refs, 0 refs, 0.0000146 secs]2019-02-01T02:15:00.153+0000: 800466.159: [JNI Weak Reference, 0.0000218 secs]
Desired survivor size 7340032 bytes, new threshold 1 (max 15)
[PSYoungGen: 36358K->1915K(33280K)] 778567K->745860K(781824K), 0.0093999 secs] [Times: user=0.08 sys=0.00, real=0.01 secs] 
2019-02-01T02:15:00.158+0000: 800466.163: Total time for which application threads were stopped: 0.0117396 seconds, Stopping threads took: 0.0000418 seconds
2019-02-01T02:15:00.708+0000: 800466.714: Application time: 0.5502739 seconds
2019-02-01T02:15:00.711+0000: 800466.717: Total time for which application threads were stopped: 0.0033553 seconds, Stopping threads took: 0.0000584 seconds
2019-02-01T02:15:00.711+0000: 800466.717: Application time: 0.0001104 seconds
2019-02-01T02:15:00.713+0000: 800466.719: Total time for which application threads were stopped: 0.0016747 seconds, Stopping threads took: 0.0000345 seconds
2019-02-01T02:15:00.839+0000: 800466.845: Application time: 0.1258694 seconds
2019-02-01T02:15:00.841+0000: 800466.847: Total time for which application threads were stopped: 0.0023465 seconds, Stopping threads took: 0.0000946 seconds
2019-02-01T02:15:01.114+0000: 800467.120: Application time: 0.2729305 seconds
2019-02-01T02:15:01.118+0000: 800467.123: Total time for which application threads were stopped: 0.0033625 seconds, Stopping threads took: 0.0000667 seconds
2019-02-01T02:15:01.118+0000: 800467.123: Application time: 0.0000567 seconds
2019-02-01T02:15:01.120+0000: 800467.126: Total time for which application threads were stopped: 0.0022770 seconds, Stopping threads took: 0.0000849 seconds
2019-02-01T02:15:01.226+0000: 800467.232: Application time: 0.1062063 seconds
2019-02-01T02:15:01.229+0000: 800467.235: [GC (Allocation Failure) 2019-02-01T02:15:01.233+0000: 800467.239: [SoftReference, 0 refs, 0.0000298 secs]2019-02-01T02:15:01.233+0000: 800467.239: [WeakReference, 11 refs, 0.0000166 secs]2019-02-01T02:15:01.233+0000: 800467.239: [FinalReference, 196 refs, 0.0000881 secs]2019-02-01T02:15:01.233+0000: 800467.239: [PhantomReference, 0 refs, 0 refs, 0.0000141 secs]2019-02-01T02:15:01.233+0000: 800467.239: [JNI Weak Reference, 0.0000217 secs]
Desired survivor size 7340032 bytes, new threshold 1 (max 15)
[PSYoungGen: 33147K->4942K(35840K)] 777092K->749781K(784384K), 0.0081472 secs] [Times: user=0.09 sys=0.00, real=0.01 secs] 
2019-02-01T02:15:01.237+0000: 800467.243: Total time for which application threads were stopped: 0.0111384 seconds, Stopping threads took: 0.0000476 seconds
2019-02-01T02:15:01.321+0000: 800467.326: Application time: 0.0832933 seconds
2019-02-01T02:15:01.324+0000: 800467.330: Total time for which application threads were stopped: 0.0033175 seconds, Stopping threads took: 0.0000523 seconds
2019-02-01T02:15:01.324+0000: 800467.330: Application time: 0.0000902 seconds
2019-02-01T02:15:01.326+0000: 800467.332: Total time for which application threads were stopped: 0.0022668 seconds, Stopping threads took: 0.0000983 seconds
2019-02-01T02:15:01.343+0000: 800467.348: Application time: 0.0162150 seconds
2019-02-01T02:15:01.345+0000: 800467.350: Total time for which application threads were stopped: 0.0021206 seconds, Stopping threads took: 0.0000774 seconds
2019-02-01T02:15:01.907+0000: 800467.913: Application time: 0.5623961 seconds
2019-02-01T02:15:01.910+0000: 800467.916: Total time for which application threads were stopped: 0.0033832 seconds, Stopping threads took: 0.0000516 seconds
2019-02-01T02:15:02.492+0000: 800468.498: Application time: 0.5818627 seconds
2019-02-01T02:15:02.497+0000: 800468.502: [GC (Allocation Failure) 2019-02-01T02:15:02.502+0000: 800468.508: [SoftReference, 0 refs, 0.0000355 secs]2019-02-01T02:15:02.503+0000: 800468.508: [WeakReference, 15 refs, 0.0000191 secs]2019-02-01T02:15:02.503+0000: 800468.508: [FinalReference, 238 refs, 0.0001359 secs]2019-02-01T02:15:02.503+0000: 800468.508: [PhantomReference, 0 refs, 0 refs, 0.0000268 secs]2019-02-01T02:15:02.503+0000: 800468.509: [JNI Weak Reference, 0.0000336 secs]
Desired survivor size 7340032 bytes, new threshold 1 (max 15)
[PSYoungGen: 35662K->2192K(33280K)] 780501K->748800K(781824K), 0.0112769 secs] [Times: user=0.12 sys=0.01, real=0.02 secs] 
2019-02-01T02:15:02.508+0000: 800468.514: [Full GC (Ergonomics) 2019-02-01T02:15:02.553+0000: 800468.559: [SoftReference, 179 refs, 0.0000806 secs]2019-02-01T02:15:02.553+0000: 800468.559: [WeakReference, 4344 refs, 0.0007576 secs]2019-02-01T02:15:02.554+0000: 800468.560: [FinalReference, 1224 refs, 0.0006347 secs]2019-02-01T02:15:02.555+0000: 800468.561: [PhantomReference, 0 refs, 412 refs, 0.0000656 secs]2019-02-01T02:15:02.555+0000: 800468.561: [JNI Weak Reference, 0.0000255 secs][PSYoungGen: 2192K->0K(33280K)] [ParOldGen: 746608K->683351K(745984K)] 748800K->683351K(779264K), [Metaspace: 75231K->75231K(1118208K)], 0.1652038 secs] [Times: user=2.58 sys=0.00, real=0.16 secs] 
2019-02-01T02:15:02.673+0000: 800468.679: Total time for which application threads were stopped: 0.1810296 seconds, Stopping threads took: 0.0000765 seconds
2019-02-01T02:15:04.107+0000: 800470.113: Application time: 1.4336006 seconds
2019-02-01T02:15:04.111+0000: 800470.116: [GC (Allocation Failure) 2019-02-01T02:15:04.115+0000: 800470.120: [SoftReference, 0 refs, 0.0000345 secs]2019-02-01T02:15:04.115+0000: 800470.120: [WeakReference, 3 refs, 0.0000134 secs]2019-02-01T02:15:04.115+0000: 800470.120: [FinalReference, 221 refs, 0.0001247 secs]2019-02-01T02:15:04.115+0000: 800470.121: [PhantomReference, 0 refs, 0 refs, 0.0000156 secs]2019-02-01T02:15:04.115+0000: 800470.121: [JNI Weak Reference, 0.0000283 secs]
Desired survivor size 7340032 bytes, new threshold 1 (max 15)
[PSYoungGen: 30462K->2080K(32768K)] 713814K->685431K(778752K), 0.0089572 secs] [Times: user=0.07 sys=0.00, real=0.01 secs] 
2019-02-01T02:15:04.120+0000: 800470.125: Total time for which application threads were stopped: 0.0126626 seconds, Stopping threads took: 0.0001004 seconds
2019-02-01T02:15:05.377+0000: 800471.383: Application time: 1.2573470 seconds
2019-02-01T02:15:05.381+0000: 800471.386: [GC (Allocation Failure) 2019-02-01T02:15:05.385+0000: 800471.391: [SoftReference, 0 refs, 0.0000377 secs]2019-02-01T02:15:05.385+0000: 800471.391: [WeakReference, 9 refs, 0.0000237 secs]2019-02-01T02:15:05.385+0000: 800471.391: [FinalReference, 216 refs, 0.0001086 secs]2019-02-01T02:15:05.385+0000: 800471.391: [PhantomReference, 0 refs, 0 refs, 0.0000148 secs]2019-02-01T02:15:05.385+0000: 800471.391: [JNI Weak Reference, 0.0000328 secs]
Desired survivor size 7340032 bytes, new threshold 1 (max 15)
[PSYoungGen: 32288K->2906K(33280K)] 715639K->687506K(779264K), 0.0086471 secs] [Times: user=0.08 sys=0.00, real=0.01 secs] 
2019-02-01T02:15:05.389+0000: 800471.395: Total time for which application threads were stopped: 0.0124114 seconds, Stopping threads took: 0.0000840 seconds
2019-02-01T02:15:06.077+0000: 800472.083: Application time: 0.6873834 seconds
2019-02-01T02:15:06.080+0000: 800472.086: Total time for which application threads were stopped: 0.0034635 seconds, Stopping threads took: 0.0000616 seconds
2019-02-01T02:15:06.080+0000: 800472.086: Application time: 0.0000653 seconds
2019-02-01T02:15:06.082+0000: 800472.088: Total time for which application threads were stopped: 0.0019005 seconds, Stopping threads took: 0.0000583 seconds
2019-02-01T02:15:06.828+0000: 800472.833: Application time: 0.7452965 seconds
2019-02-01T02:15:06.831+0000: 800472.837: [GC (Allocation Failure) 2019-02-01T02:15:06.834+0000: 800472.840: [SoftReference, 0 refs, 0.0000297 secs]2019-02-01T02:15:06.834+0000: 800472.840: [WeakReference, 13 refs, 0.0000159 secs]2019-02-01T02:15:06.834+0000: 800472.840: [FinalReference, 189 refs, 0.0000928 secs]2019-02-01T02:15:06.835+0000: 800472.840: [PhantomReference, 0 refs, 0 refs, 0.0000142 secs]2019-02-01T02:15:06.835+0000: 800472.840: [JNI Weak Reference, 0.0000231 secs]
Desired survivor size 6815744 bytes, new threshold 1 (max 15)
[PSYoungGen: 33114K->3038K(33280K)] 717714K->688432K(779264K), 0.0080597 secs] [Times: user=0.06 sys=0.00, real=0.01 secs] 
2019-02-01T02:15:06.839+0000: 800472.845: Total time for which application threads were stopped: 0.0117778 seconds, Stopping threads took: 0.0001048 seconds
2019-02-01T02:15:07.535+0000: 800473.541: Application time: 0.6954268 seconds
2019-02-01T02:15:07.538+0000: 800473.544: Total time for which application threads were stopped: 0.0035355 seconds, Stopping threads took: 0.0000804 seconds
2019-02-01T02:15:07.538+0000: 800473.544: Application time: 0.0001915 seconds
2019-02-01T02:15:07.541+0000: 800473.547: [GC (GCLocker Initiated GC) 2019-02-01T02:15:07.545+0000: 800473.551: [SoftReference, 0 refs, 0.0000300 secs]2019-02-01T02:15:07.546+0000: 800473.551: [WeakReference, 11 refs, 0.0000159 secs]2019-02-01T02:15:07.546+0000: 800473.551: [FinalReference, 222 refs, 0.0001051 secs]2019-02-01T02:15:07.546+0000: 800473.551: [PhantomReference, 0 refs, 0 refs, 0.0000141 secs]2019-02-01T02:15:07.546+0000: 800473.551: [JNI Weak Reference, 0.0000222 secs]
Desired survivor size 6815744 bytes, new threshold 1 (max 15)
[PSYoungGen: 33196K->2552K(32768K)] 718655K->688913K(778752K), 0.0091789 secs] [Times: user=0.10 sys=0.00, real=0.01 secs] 
2019-02-01T02:15:07.550+0000: 800473.556: Total time for which application threads were stopped: 0.0115597 seconds, Stopping threads took: 0.0000946 seconds
2019-02-01T02:15:08.419+0000: 800474.425: Application time: 0.8693138 seconds
2019-02-01T02:15:08.423+0000: 800474.429: [GC (Allocation Failure) 2019-02-01T02:15:08.427+0000: 800474.433: [SoftReference, 0 refs, 0.0000155 secs]2019-02-01T02:15:08.427+0000: 800474.433: [WeakReference, 6 refs, 0.0000136 secs]2019-02-01T02:15:08.427+0000: 800474.433: [FinalReference, 254 refs, 0.0000856 secs]2019-02-01T02:15:08.427+0000: 800474.433: [PhantomReference, 0 refs, 0 refs, 0.0000079 secs]2019-02-01T02:15:08.427+0000: 800474.433: [JNI Weak Reference, 0.0000149 secs]
Desired survivor size 6815744 bytes, new threshold 1 (max 15)
[PSYoungGen: 32760K->1873K(32256K)] 719128K->688686K(778240K), 0.0072936 secs] [Times: user=0.07 sys=0.01, real=0.01 secs] 
2019-02-01T02:15:08.430+0000: 800474.436: Total time for which application threads were stopped: 0.0109833 seconds, Stopping threads took: 0.0001319 seconds
2019-02-01T02:15:09.339+0000: 800475.345: Application time: 0.9090043 seconds
2019-02-01T02:15:09.343+0000: 800475.348: [GC (Allocation Failure) 2019-02-01T02:15:09.347+0000: 800475.352: [SoftReference, 0 refs, 0.0000500 secs]2019-02-01T02:15:09.347+0000: 800475.352: [WeakReference, 14 refs, 0.0000164 secs]2019-02-01T02:15:09.347+0000: 800475.352: [FinalReference, 216 refs, 0.0000948 secs]2019-02-01T02:15:09.347+0000: 800475.353: [PhantomReference, 0 refs, 0 refs, 0.0000145 secs]2019-02-01T02:15:09.347+0000: 800475.353: [JNI Weak Reference, 0.0000261 secs]
Desired survivor size 6815744 bytes, new threshold 1 (max 15)
[PSYoungGen: 32072K->3836K(34304K)] 718885K->691316K(780288K), 0.0079746 secs] [Times: user=0.06 sys=0.01, real=0.01 secs] 
2019-02-01T02:15:09.351+0000: 800475.356: Total time for which application threads were stopped: 0.0112990 seconds, Stopping threads took: 0.0000910 seconds
2019-02-01T02:15:10.086+0000: 800476.092: Application time: 0.7353279 seconds
2019-02-01T02:15:10.088+0000: 800476.094: Total time for which application threads were stopped: 0.0024082 seconds, Stopping threads took: 0.0000492 seconds
2019-02-01T02:15:10.088+0000: 800476.094: Application time: 0.0000432 seconds
2019-02-01T02:15:10.090+0000: 800476.096: Total time for which application threads were stopped: 0.0018740 seconds, Stopping threads took: 0.0000392 seconds
2019-02-01T02:15:10.419+0000: 800476.425: Application time: 0.3289439 seconds
2019-02-01T02:15:10.422+0000: 800476.428: [GC (Allocation Failure) 2019-02-01T02:15:10.430+0000: 800476.436: [SoftReference, 0 refs, 0.0000291 secs]2019-02-01T02:15:10.430+0000: 800476.436: [WeakReference, 12 refs, 0.0000094 secs]2019-02-01T02:15:10.430+0000: 800476.436: [FinalReference, 241 refs, 0.0000707 secs]2019-02-01T02:15:10.430+0000: 800476.436: [PhantomReference, 0 refs, 0 refs, 0.0000078 secs]2019-02-01T02:15:10.430+0000: 800476.436: [JNI Weak Reference, 0.0000172 secs]
Desired survivor size 6815744 bytes, new threshold 1 (max 15)
[PSYoungGen: 34044K->2090K(32768K)] 721524K->691009K(778752K), 0.0114572 secs] [Times: user=0.20 sys=0.00, real=0.01 secs] 
2019-02-01T02:15:10.433+0000: 800476.439: Total time for which application threads were stopped: 0.0140507 seconds, Stopping threads took: 0.0000901 seconds
2019-02-01T02:15:11.318+0000: 800477.324: Application time: 0.8846269 seconds
2019-02-01T02:15:11.321+0000: 800477.327: [GC (Allocation Failure) 2019-02-01T02:15:11.327+0000: 800477.333: [SoftReference, 0 refs, 0.0000385 secs]2019-02-01T02:15:11.327+0000: 800477.333: [WeakReference, 8 refs, 0.0000085 secs]2019-02-01T02:15:11.327+0000: 800477.333: [FinalReference, 182 refs, 0.0000800 secs]2019-02-01T02:15:11.327+0000: 800477.333: [PhantomReference, 0 refs, 0 refs, 0.0000160 secs]2019-02-01T02:15:11.327+0000: 800477.333: [JNI Weak Reference, 0.0000168 secs]
Desired survivor size 6291456 bytes, new threshold 1 (max 15)
[PSYoungGen: 32298K->1844K(32256K)] 721217K->691452K(778240K), 0.0085351 secs] [Times: user=0.11 sys=0.01, real=0.01 secs] 
2019-02-01T02:15:11.329+0000: 800477.335: Total time for which application threads were stopped: 0.0114697 seconds, Stopping threads took: 0.0000638 seconds
2019-02-01T02:15:11.594+0000: 800477.599: Application time: 0.2640811 seconds
2019-02-01T02:15:11.596+0000: 800477.602: Total time for which application threads were stopped: 0.0028345 seconds, Stopping threads took: 0.0000749 seconds
2019-02-01T02:15:12.626+0000: 800478.632: Application time: 1.0297735 seconds
2019-02-01T02:15:12.628+0000: 800478.634: [GC (Allocation Failure) 2019-02-01T02:15:12.633+0000: 800478.639: [SoftReference, 0 refs, 0.0000444 secs]2019-02-01T02:15:12.633+0000: 800478.639: [WeakReference, 11 refs, 0.0000167 secs]2019-02-01T02:15:12.633+0000: 800478.639: [FinalReference, 210 refs, 0.0001003 secs]2019-02-01T02:15:12.633+0000: 800478.639: [PhantomReference, 0 refs, 0 refs, 0.0000141 secs]2019-02-01T02:15:12.633+0000: 800478.639: [JNI Weak Reference, 0.0000265 secs]
Desired survivor size 6291456 bytes, new threshold 1 (max 15)
[PSYoungGen: 32052K->2003K(32256K)] 721660K->691977K(778240K), 0.0089476 secs] [Times: user=0.08 sys=0.00, real=0.01 secs] 
2019-02-01T02:15:12.637+0000: 800478.643: Total time for which application threads were stopped: 0.0110928 seconds, Stopping threads took: 0.0000371 seconds
2019-02-01T02:15:13.679+0000: 800479.685: Application time: 1.0422671 seconds
2019-02-01T02:15:13.682+0000: 800479.688: [GC (Allocation Failure) 2019-02-01T02:15:13.691+0000: 800479.697: [SoftReference, 0 refs, 0.0000374 secs]2019-02-01T02:15:13.691+0000: 800479.697: [WeakReference, 11 refs, 0.0000150 secs]2019-02-01T02:15:13.691+0000: 800479.697: [FinalReference, 191 refs, 0.0000749 secs]2019-02-01T02:15:13.691+0000: 800479.697: [PhantomReference, 0 refs, 0 refs, 0.0000140 secs]2019-02-01T02:15:13.691+0000: 800479.697: [JNI Weak Reference, 0.0000361 secs]
Desired survivor size 6291456 bytes, new threshold 1 (max 15)
[PSYoungGen: 32211K->2369K(38400K)] 722185K->693001K(784384K), 0.0118088 secs] [Times: user=0.21 sys=0.01, real=0.01 secs] 
2019-02-01T02:15:13.694+0000: 800479.700: Total time for which application threads were stopped: 0.0143850 seconds, Stopping threads took: 0.0000687 seconds
2019-02-01T02:15:15.328+0000: 800481.334: Application time: 1.6339189 seconds
2019-02-01T02:15:15.330+0000: 800481.336: [GC (Allocation Failure) 2019-02-01T02:15:15.335+0000: 800481.341: [SoftReference, 0 refs, 0.0000361 secs]2019-02-01T02:15:15.335+0000: 800481.341: [WeakReference, 7 refs, 0.0000255 secs]2019-02-01T02:15:15.335+0000: 800481.341: [FinalReference, 272 refs, 0.0001225 secs]2019-02-01T02:15:15.335+0000: 800481.341: [PhantomReference, 0 refs, 0 refs, 0.0000140 secs]2019-02-01T02:15:15.335+0000: 800481.341: [JNI Weak Reference, 0.0000236 secs]
Desired survivor size 5767168 bytes, new threshold 1 (max 15)
[PSYoungGen: 38209K->2415K(37888K)] 728841K->693781K(783872K), 0.0086309 secs] [Times: user=0.08 sys=0.00, real=0.01 secs] 
2019-02-01T02:15:15.339+0000: 800481.345: Total time for which application threads were stopped: 0.0112180 seconds, Stopping threads took: 0.0000508 seconds
2019-02-01T02:15:16.600+0000: 800482.606: Application time: 1.2612753 seconds
2019-02-01T02:15:16.603+0000: 800482.609: [GC (Allocation Failure) 2019-02-01T02:15:16.608+0000: 800482.614: [SoftReference, 0 refs, 0.0000348 secs]2019-02-01T02:15:16.608+0000: 800482.614: [WeakReference, 16 refs, 0.0000168 secs]2019-02-01T02:15:16.608+0000: 800482.614: [FinalReference, 309 refs, 0.0001232 secs]2019-02-01T02:15:16.608+0000: 800482.614: [PhantomReference, 0 refs, 0 refs, 0.0000143 secs]2019-02-01T02:15:16.608+0000: 800482.614: [JNI Weak Reference, 0.0000215 secs]
Desired survivor size 5767168 bytes, new threshold 1 (max 15)
[PSYoungGen: 37743K->2252K(37376K)] 729109K->694733K(783360K), 0.0085871 secs] [Times: user=0.08 sys=0.01, real=0.01 secs] 
2019-02-01T02:15:16.612+0000: 800482.618: Total time for which application threads were stopped: 0.0117909 seconds, Stopping threads took: 0.0000465 seconds
2019-02-01T02:15:18.003+0000: 800484.009: Application time: 1.3913168 seconds
2019-02-01T02:15:18.006+0000: 800484.012: [GC (Allocation Failure) 2019-02-01T02:15:18.014+0000: 800484.020: [SoftReference, 0 refs, 0.0000346 secs]2019-02-01T02:15:18.014+0000: 800484.020: [WeakReference, 11 refs, 0.0000157 secs]2019-02-01T02:15:18.014+0000: 800484.020: [FinalReference, 246 refs, 0.0000922 secs]2019-02-01T02:15:18.014+0000: 800484.020: [PhantomReference, 0 refs, 0 refs, 0.0000142 secs]2019-02-01T02:15:18.014+0000: 800484.020: [JNI Weak Reference, 0.0000221 secs]
Desired survivor size 5767168 bytes, new threshold 1 (max 15)
[PSYoungGen: 37068K->2864K(37376K)] 729549K->696037K(783360K), 0.0106072 secs] [Times: user=0.19 sys=0.00, real=0.01 secs] 
2019-02-01T02:15:18.017+0000: 800484.022: Total time for which application threads were stopped: 0.0132600 seconds, Stopping threads took: 0.0000535 seconds
2019-02-01T02:15:19.426+0000: 800485.432: Application time: 1.4094106 seconds
2019-02-01T02:15:19.429+0000: 800485.435: [GC (Allocation Failure) 2019-02-01T02:15:19.437+0000: 800485.443: [SoftReference, 0 refs, 0.0000344 secs]2019-02-01T02:15:19.437+0000: 800485.443: [WeakReference, 6 refs, 0.0000151 secs]2019-02-01T02:15:19.437+0000: 800485.443: [FinalReference, 264 refs, 0.0001197 secs]2019-02-01T02:15:19.437+0000: 800485.443: [PhantomReference, 0 refs, 0 refs, 0.0000143 secs]2019-02-01T02:15:19.437+0000: 800485.443: [JNI Weak Reference, 0.0000250 secs]
Desired survivor size 5242880 bytes, new threshold 1 (max 15)
[PSYoungGen: 37168K->2151K(36352K)] 730341K->695710K(782336K), 0.0116354 secs] [Times: user=0.11 sys=0.00, real=0.02 secs] 
2019-02-01T02:15:19.441+0000: 800485.447: Total time for which application threads were stopped: 0.0149652 seconds, Stopping threads took: 0.0000633 seconds
2019-02-01T02:15:20.883+0000: 800486.888: Application time: 1.4414627 seconds
2019-02-01T02:15:20.886+0000: 800486.891: [GC (Allocation Failure) 2019-02-01T02:15:20.891+0000: 800486.896: [SoftReference, 0 refs, 0.0000335 secs]2019-02-01T02:15:20.891+0000: 800486.896: [WeakReference, 9 refs, 0.0000152 secs]2019-02-01T02:15:20.891+0000: 800486.896: [FinalReference, 232 refs, 0.0001084 secs]2019-02-01T02:15:20.891+0000: 800486.897: [PhantomReference, 0 refs, 0 refs, 0.0000143 secs]2019-02-01T02:15:20.891+0000: 800486.897: [JNI Weak Reference, 0.0000213 secs]
Desired survivor size 5242880 bytes, new threshold 1 (max 15)
[PSYoungGen: 35917K->2608K(36352K)] 729476K->697033K(782336K), 0.0089715 secs] [Times: user=0.10 sys=0.00, real=0.01 secs] 
2019-02-01T02:15:20.895+0000: 800486.900: Total time for which application threads were stopped: 0.0120939 seconds, Stopping threads took: 0.0000855 seconds
2019-02-01T02:15:22.080+0000: 800488.086: Application time: 1.1854870 seconds
2019-02-01T02:15:22.084+0000: 800488.089: [GC (Allocation Failure) 2019-02-01T02:15:22.090+0000: 800488.096: [SoftReference, 0 refs, 0.0000403 secs]2019-02-01T02:15:22.090+0000: 800488.096: [WeakReference, 11 refs, 0.0000160 secs]2019-02-01T02:15:22.090+0000: 800488.096: [FinalReference, 224 refs, 0.0001090 secs]2019-02-01T02:15:22.090+0000: 800488.096: [PhantomReference, 0 refs, 0 refs, 0.0000142 secs]2019-02-01T02:15:22.090+0000: 800488.096: [JNI Weak Reference, 0.0000262 secs]
Desired survivor size 5242880 bytes, new threshold 1 (max 15)
[PSYoungGen: 35888K->2802K(35840K)] 730313K->698254K(781824K), 0.0105159 secs] [Times: user=0.11 sys=0.01, real=0.01 secs] 
2019-02-01T02:15:22.094+0000: 800488.100: Total time for which application threads were stopped: 0.0141700 seconds, Stopping threads took: 0.0000550 seconds
2019-02-01T02:15:22.954+0000: 800488.960: Application time: 0.8599498 seconds
2019-02-01T02:15:22.959+0000: 800488.965: [GC (Allocation Failure) 2019-02-01T02:15:22.964+0000: 800488.970: [SoftReference, 0 refs, 0.0000508 secs]2019-02-01T02:15:22.964+0000: 800488.970: [WeakReference, 20 refs, 0.0000189 secs]2019-02-01T02:15:22.964+0000: 800488.970: [FinalReference, 279 refs, 0.0001221 secs]2019-02-01T02:15:22.964+0000: 800488.970: [PhantomReference, 0 refs, 0 refs, 0.0000142 secs]2019-02-01T02:15:22.964+0000: 800488.970: [JNI Weak Reference, 0.0000224 secs]
Desired survivor size 6291456 bytes, new threshold 1 (max 15)
[PSYoungGen: 35570K->4604K(36864K)] 731022K->701604K(782848K), 0.0087950 secs] [Times: user=0.11 sys=0.00, real=0.01 secs] 
2019-02-01T02:15:22.968+0000: 800488.974: Total time for which application threads were stopped: 0.0136643 seconds, Stopping threads took: 0.0001339 seconds
2019-02-01T02:15:24.284+0000: 800490.290: Application time: 1.3158743 seconds
2019-02-01T02:15:24.287+0000: 800490.293: [GC (Allocation Failure) 2019-02-01T02:15:24.293+0000: 800490.299: [SoftReference, 0 refs, 0.0000409 secs]2019-02-01T02:15:24.293+0000: 800490.299: [WeakReference, 18 refs, 0.0000171 secs]2019-02-01T02:15:24.293+0000: 800490.299: [FinalReference, 292 refs, 0.0001174 secs]2019-02-01T02:15:24.293+0000: 800490.299: [PhantomReference, 0 refs, 0 refs, 0.0000167 secs]2019-02-01T02:15:24.293+0000: 800490.299: [JNI Weak Reference, 0.0000212 secs]
Desired survivor size 5767168 bytes, new threshold 1 (max 15)
[PSYoungGen: 36860K->3385K(35328K)] 733860K->701747K(781312K), 0.0099831 secs] [Times: user=0.13 sys=0.00, real=0.01 secs] 
2019-02-01T02:15:24.297+0000: 800490.303: Total time for which application threads were stopped: 0.0135920 seconds, Stopping threads took: 0.0000794 seconds
2019-02-01T02:15:26.183+0000: 800492.189: Application time: 1.8858496 seconds
2019-02-01T02:15:26.187+0000: 800492.192: [GC (Allocation Failure) 2019-02-01T02:15:26.192+0000: 800492.197: [SoftReference, 0 refs, 0.0000434 secs]2019-02-01T02:15:26.192+0000: 800492.197: [WeakReference, 16 refs, 0.0000165 secs]2019-02-01T02:15:26.192+0000: 800492.197: [FinalReference, 232 refs, 0.0001032 secs]2019-02-01T02:15:26.192+0000: 800492.197: [PhantomReference, 0 refs, 0 refs, 0.0000142 secs]2019-02-01T02:15:26.192+0000: 800492.198: [JNI Weak Reference, 0.0000221 secs]
Desired survivor size 6291456 bytes, new threshold 1 (max 15)
[PSYoungGen: 35129K->4040K(35328K)] 733491K->703394K(781312K), 0.0085003 secs] [Times: user=0.11 sys=0.00, real=0.01 secs] 
2019-02-01T02:15:26.195+0000: 800492.201: Total time for which application threads were stopped: 0.0120927 seconds, Stopping threads took: 0.0000896 seconds
2019-02-01T02:15:27.906+0000: 800493.912: Application time: 1.7104686 seconds
2019-02-01T02:15:27.909+0000: 800493.915: [GC (Allocation Failure) 2019-02-01T02:15:27.917+0000: 800493.922: [SoftReference, 0 refs, 0.0000339 secs]2019-02-01T02:15:27.917+0000: 800493.922: [WeakReference, 16 refs, 0.0000171 secs]2019-02-01T02:15:27.917+0000: 800493.922: [FinalReference, 244 refs, 0.0001182 secs]2019-02-01T02:15:27.917+0000: 800493.923: [PhantomReference, 0 refs, 0 refs, 0.0000145 secs]2019-02-01T02:15:27.917+0000: 800493.923: [JNI Weak Reference, 0.0000212 secs]
Desired survivor size 5767168 bytes, new threshold 1 (max 15)
[PSYoungGen: 35272K->2055K(33280K)] 734626K->703066K(779264K), 0.0115116 secs] [Times: user=0.17 sys=0.00, real=0.02 secs] 
2019-02-01T02:15:27.921+0000: 800493.927: Total time for which application threads were stopped: 0.0150703 seconds, Stopping threads took: 0.0000759 seconds
2019-02-01T02:15:28.895+0000: 800494.901: Application time: 0.9738755 seconds
2019-02-01T02:15:28.898+0000: 800494.904: Total time for which application threads were stopped: 0.0033566 seconds, Stopping threads took: 0.0000811 seconds
2019-02-01T02:15:28.898+0000: 800494.904: Application time: 0.0001353 seconds
2019-02-01T02:15:28.900+0000: 800494.906: [GC (GCLocker Initiated GC) 2019-02-01T02:15:28.908+0000: 800494.914: [SoftReference, 0 refs, 0.0000377 secs]2019-02-01T02:15:28.908+0000: 800494.914: [WeakReference, 13 refs, 0.0000168 secs]2019-02-01T02:15:28.908+0000: 800494.914: [FinalReference, 236 refs, 0.0001335 secs]2019-02-01T02:15:28.908+0000: 800494.914: [PhantomReference, 0 refs, 0 refs, 0.0000143 secs]2019-02-01T02:15:28.908+0000: 800494.914: [JNI Weak Reference, 0.0000333 secs]
Desired survivor size 6291456 bytes, new threshold 1 (max 15)
[PSYoungGen: 32775K->4076K(34304K)] 733787K->706383K(780288K), 0.0117183 secs] [Times: user=0.09 sys=0.01, real=0.02 secs] 
2019-02-01T02:15:28.912+0000: 800494.918: Total time for which application threads were stopped: 0.0139748 seconds, Stopping threads took: 0.0000957 seconds
2019-02-01T02:15:28.923+0000: 800494.929: Application time: 0.0105395 seconds
2019-02-01T02:15:28.925+0000: 800494.931: Total time for which application threads were stopped: 0.0023760 seconds, Stopping threads took: 0.0000534 seconds
2019-02-01T02:15:28.925+0000: 800494.931: Application time: 0.0000685 seconds
2019-02-01T02:15:28.927+0000: 800494.933: Total time for which application threads were stopped: 0.0019120 seconds, Stopping threads took: 0.0000369 seconds
2019-02-01T02:15:30.127+0000: 800496.133: Application time: 1.1997998 seconds
2019-02-01T02:15:30.130+0000: 800496.136: [GC (Allocation Failure) 2019-02-01T02:15:30.134+0000: 800496.140: [SoftReference, 0 refs, 0.0000341 secs]2019-02-01T02:15:30.134+0000: 800496.140: [WeakReference, 9 refs, 0.0000155 secs]2019-02-01T02:15:30.134+0000: 800496.140: [FinalReference, 237 refs, 0.0001099 secs]2019-02-01T02:15:30.134+0000: 800496.140: [PhantomReference, 0 refs, 0 refs, 0.0000142 secs]2019-02-01T02:15:30.134+0000: 800496.140: [JNI Weak Reference, 0.0000212 secs]
Desired survivor size 5767168 bytes, new threshold 1 (max 15)
[PSYoungGen: 34284K->2651K(33280K)] 736594K->706368K(779264K), 0.0079559 secs] [Times: user=0.08 sys=0.00, real=0.01 secs] 
2019-02-01T02:15:30.138+0000: 800496.144: Total time for which application threads were stopped: 0.0114557 seconds, Stopping threads took: 0.0000931 seconds
2019-02-01T02:15:31.921+0000: 800497.926: Application time: 1.7821639 seconds
2019-02-01T02:15:31.924+0000: 800497.930: [GC (Allocation Failure) 2019-02-01T02:15:31.928+0000: 800497.934: [SoftReference, 0 refs, 0.0000435 secs]2019-02-01T02:15:31.928+0000: 800497.934: [WeakReference, 7 refs, 0.0000151 secs]2019-02-01T02:15:31.928+0000: 800497.934: [FinalReference, 229 refs, 0.0001067 secs]2019-02-01T02:15:31.928+0000: 800497.934: [PhantomReference, 0 refs, 0 refs, 0.0000142 secs]2019-02-01T02:15:31.928+0000: 800497.934: [JNI Weak Reference, 0.0000339 secs]
Desired survivor size 5767168 bytes, new threshold 1 (max 15)
[PSYoungGen: 32859K->2737K(33280K)] 736576K->708059K(779264K), 0.0080981 secs] [Times: user=0.08 sys=0.00, real=0.01 secs] 
2019-02-01T02:15:31.932+0000: 800497.938: Total time for which application threads were stopped: 0.0115153 seconds, Stopping threads took: 0.0000763 seconds
2019-02-01T02:15:33.745+0000: 800499.751: Application time: 1.8128801 seconds
2019-02-01T02:15:33.748+0000: 800499.754: [GC (Allocation Failure) 2019-02-01T02:15:33.753+0000: 800499.759: [SoftReference, 0 refs, 0.0000353 secs]2019-02-01T02:15:33.753+0000: 800499.759: [WeakReference, 8 refs, 0.0000155 secs]2019-02-01T02:15:33.753+0000: 800499.759: [FinalReference, 220 refs, 0.0000884 secs]2019-02-01T02:15:33.753+0000: 800499.759: [PhantomReference, 0 refs, 0 refs, 0.0000175 secs]2019-02-01T02:15:33.753+0000: 800499.759: [JNI Weak Reference, 0.0000286 secs]
Desired survivor size 5767168 bytes, new threshold 1 (max 15)
[PSYoungGen: 32945K->2632K(33280K)] 738267K->709316K(779264K), 0.0087204 secs] [Times: user=0.09 sys=0.00, real=0.01 secs] 
2019-02-01T02:15:33.757+0000: 800499.763: Total time for which application threads were stopped: 0.0123023 seconds, Stopping threads took: 0.0000759 seconds
2019-02-01T02:15:34.842+0000: 800500.847: Application time: 1.0844449 seconds
2019-02-01T02:15:34.846+0000: 800500.852: [GC (Allocation Failure) 2019-02-01T02:15:34.851+0000: 800500.857: [SoftReference, 0 refs, 0.0000375 secs]2019-02-01T02:15:34.851+0000: 800500.857: [WeakReference, 5 refs, 0.0000154 secs]2019-02-01T02:15:34.851+0000: 800500.857: [FinalReference, 219 refs, 0.0001563 secs]2019-02-01T02:15:34.851+0000: 800500.857: [PhantomReference, 0 refs, 0 refs, 0.0000155 secs]2019-02-01T02:15:34.851+0000: 800500.857: [JNI Weak Reference, 0.0000219 secs]
Desired survivor size 5767168 bytes, new threshold 1 (max 15)
[PSYoungGen: 32840K->2419K(32768K)] 739524K->710359K(778752K), 0.0092637 secs] [Times: user=0.11 sys=0.00, real=0.01 secs] 
2019-02-01T02:15:34.856+0000: 800500.861: Total time for which application threads were stopped: 0.0139846 seconds, Stopping threads took: 0.0000850 seconds
2019-02-01T02:15:35.989+0000: 800501.995: Application time: 1.1332648 seconds
2019-02-01T02:15:35.992+0000: 800501.998: [GC (Allocation Failure) 2019-02-01T02:15:35.997+0000: 800502.002: [SoftReference, 0 refs, 0.0000253 secs]2019-02-01T02:15:35.997+0000: 800502.002: [WeakReference, 16 refs, 0.0000181 secs]2019-02-01T02:15:35.997+0000: 800502.002: [FinalReference, 290 refs, 0.0000921 secs]2019-02-01T02:15:35.997+0000: 800502.003: [PhantomReference, 0 refs, 0 refs, 0.0000083 secs]2019-02-01T02:15:35.997+0000: 800502.003: [JNI Weak Reference, 0.0000167 secs]
Desired survivor size 5767168 bytes, new threshold 1 (max 15)
[PSYoungGen: 32627K->4400K(34816K)] 740567K->713566K(780800K), 0.0074902 secs] [Times: user=0.08 sys=0.00, real=0.00 secs] 
2019-02-01T02:15:35.999+0000: 800502.005: Total time for which application threads were stopped: 0.0104120 seconds, Stopping threads took: 0.0000469 seconds
2019-02-01T02:15:37.278+0000: 800503.284: Application time: 1.2785312 seconds
2019-02-01T02:15:37.281+0000: 800503.287: [GC (Allocation Failure) 2019-02-01T02:15:37.285+0000: 800503.290: [SoftReference, 0 refs, 0.0000350 secs]2019-02-01T02:15:37.285+0000: 800503.291: [WeakReference, 9 refs, 0.0000157 secs]2019-02-01T02:15:37.285+0000: 800503.291: [FinalReference, 214 refs, 0.0000894 secs]2019-02-01T02:15:37.285+0000: 800503.291: [PhantomReference, 0 refs, 0 refs, 0.0000141 secs]2019-02-01T02:15:37.285+0000: 800503.291: [JNI Weak Reference, 0.0000202 secs]
Desired survivor size 5767168 bytes, new threshold 1 (max 15)
[PSYoungGen: 34608K->2910K(33280K)] 743774K->713414K(779264K), 0.0075501 secs] [Times: user=0.09 sys=0.00, real=0.01 secs] 
2019-02-01T02:15:37.289+0000: 800503.294: Total time for which application threads were stopped: 0.0105776 seconds, Stopping threads took: 0.0000463 seconds
2019-02-01T02:15:38.466+0000: 800504.472: Application time: 1.1779715 seconds
2019-02-01T02:15:38.470+0000: 800504.476: [GC (Allocation Failure) 2019-02-01T02:15:38.474+0000: 800504.479: [SoftReference, 0 refs, 0.0000335 secs]2019-02-01T02:15:38.474+0000: 800504.479: [WeakReference, 11 refs, 0.0000165 secs]2019-02-01T02:15:38.474+0000: 800504.479: [FinalReference, 210 refs, 0.0000832 secs]2019-02-01T02:15:38.474+0000: 800504.479: [PhantomReference, 0 refs, 0 refs, 0.0000138 secs]2019-02-01T02:15:38.474+0000: 800504.480: [JNI Weak Reference, 0.0000218 secs]
Desired survivor size 5242880 bytes, new threshold 1 (max 15)
[PSYoungGen: 33118K->2565K(33280K)] 743622K->714052K(779264K), 0.0077208 secs] [Times: user=0.08 sys=0.00, real=0.01 secs] 
2019-02-01T02:15:38.478+0000: 800504.483: Total time for which application threads were stopped: 0.0111126 seconds, Stopping threads took: 0.0001007 seconds
2019-02-01T02:15:39.472+0000: 800505.478: Application time: 0.9946148 seconds
2019-02-01T02:15:39.475+0000: 800505.480: Total time for which application threads were stopped: 0.0024599 seconds, Stopping threads took: 0.0000494 seconds
2019-02-01T02:15:39.475+0000: 800505.481: Application time: 0.0001550 seconds
2019-02-01T02:15:39.477+0000: 800505.483: [GC (GCLocker Initiated GC) 2019-02-01T02:15:39.482+0000: 800505.488: [SoftReference, 0 refs, 0.0000373 secs]2019-02-01T02:15:39.482+0000: 800505.488: [WeakReference, 7 refs, 0.0000180 secs]2019-02-01T02:15:39.482+0000: 800505.488: [FinalReference, 226 refs, 0.0001244 secs]2019-02-01T02:15:39.482+0000: 800505.488: [PhantomReference, 0 refs, 0 refs, 0.0000137 secs]2019-02-01T02:15:39.482+0000: 800505.488: [JNI Weak Reference, 0.0000205 secs]
Desired survivor size 5242880 bytes, new threshold 1 (max 15)
[PSYoungGen: 32773K->2805K(33280K)] 744264K->715189K(779264K), 0.0086521 secs] [Times: user=0.10 sys=0.00, real=0.01 secs] 
2019-02-01T02:15:39.486+0000: 800505.491: Total time for which application threads were stopped: 0.0107107 seconds, Stopping threads took: 0.0000795 seconds
2019-02-01T02:15:40.147+0000: 800506.152: Application time: 0.6610670 seconds
2019-02-01T02:15:40.149+0000: 800506.154: Total time for which application threads were stopped: 0.0020885 seconds, Stopping threads took: 0.0000526 seconds
2019-02-01T02:15:40.432+0000: 800506.438: Application time: 0.2834301 seconds
2019-02-01T02:15:40.435+0000: 800506.441: [GC (Allocation Failure) 2019-02-01T02:15:40.439+0000: 800506.445: [SoftReference, 0 refs, 0.0000345 secs]2019-02-01T02:15:40.439+0000: 800506.445: [WeakReference, 4 refs, 0.0000239 secs]2019-02-01T02:15:40.439+0000: 800506.445: [FinalReference, 237 refs, 0.0000900 secs]2019-02-01T02:15:40.439+0000: 800506.445: [PhantomReference, 0 refs, 0 refs, 0.0000138 secs]2019-02-01T02:15:40.439+0000: 800506.445: [JNI Weak Reference, 0.0000207 secs]
Desired survivor size 5242880 bytes, new threshold 1 (max 15)
[PSYoungGen: 33013K->2950K(33280K)] 745400K->716377K(779264K), 0.0078908 secs] [Times: user=0.08 sys=0.00, real=0.01 secs] 
2019-02-01T02:15:40.443+0000: 800506.449: Total time for which application threads were stopped: 0.0106749 seconds, Stopping threads took: 0.0000561 seconds
2019-02-01T02:15:41.995+0000: 800508.001: Application time: 1.5520754 seconds
2019-02-01T02:15:41.997+0000: 800508.003: [GC (Allocation Failure) 2019-02-01T02:15:42.001+0000: 800508.007: [SoftReference, 0 refs, 0.0000332 secs]2019-02-01T02:15:42.001+0000: 800508.007: [WeakReference, 4 refs, 0.0000136 secs]2019-02-01T02:15:42.001+0000: 800508.007: [FinalReference, 204 refs, 0.0001100 secs]2019-02-01T02:15:42.001+0000: 800508.007: [PhantomReference, 0 refs, 0 refs, 0.0000138 secs]2019-02-01T02:15:42.001+0000: 800508.007: [JNI Weak Reference, 0.0000214 secs]
Desired survivor size 5242880 bytes, new threshold 1 (max 15)
[PSYoungGen: 33158K->1541K(32256K)] 746585K->716126K(778240K), 0.0081080 secs] [Times: user=0.08 sys=0.01, real=0.01 secs] 
2019-02-01T02:15:42.005+0000: 800508.011: Total time for which application threads were stopped: 0.0105047 seconds, Stopping threads took: 0.0000524 seconds
2019-02-01T02:15:43.187+0000: 800509.193: Application time: 1.1813064 seconds
2019-02-01T02:15:43.190+0000: 800509.196: [GC (Allocation Failure) 2019-02-01T02:15:43.194+0000: 800509.200: [SoftReference, 0 refs, 0.0000326 secs]2019-02-01T02:15:43.194+0000: 800509.200: [WeakReference, 38 refs, 0.0000198 secs]2019-02-01T02:15:43.194+0000: 800509.200: [FinalReference, 189 refs, 0.0000823 secs]2019-02-01T02:15:43.194+0000: 800509.200: [PhantomReference, 0 refs, 0 refs, 0.0000139 secs]2019-02-01T02:15:43.194+0000: 800509.200: [JNI Weak Reference, 0.0000206 secs]
Desired survivor size 5242880 bytes, new threshold 1 (max 15)
[PSYoungGen: 31738K->2678K(33280K)] 746323K->717827K(779264K), 0.0081599 secs] [Times: user=0.08 sys=0.00, real=0.01 secs] 
2019-02-01T02:15:43.198+0000: 800509.204: Total time for which application threads were stopped: 0.0112853 seconds, Stopping threads took: 0.0000530 seconds
2019-02-01T02:15:44.171+0000: 800510.177: Application time: 0.9733681 seconds
2019-02-01T02:15:44.174+0000: 800510.180: [GC (Allocation Failure) 2019-02-01T02:15:44.178+0000: 800510.184: [SoftReference, 0 refs, 0.0000319 secs]2019-02-01T02:15:44.178+0000: 800510.184: [WeakReference, 6 refs, 0.0000250 secs]2019-02-01T02:15:44.178+0000: 800510.184: [FinalReference, 203 refs, 0.0000789 secs]2019-02-01T02:15:44.178+0000: 800510.184: [PhantomReference, 0 refs, 0 refs, 0.0000138 secs]2019-02-01T02:15:44.178+0000: 800510.184: [JNI Weak Reference, 0.0000231 secs]
Desired survivor size 5242880 bytes, new threshold 1 (max 15)
[PSYoungGen: 32886K->1865K(32256K)] 748035K->717745K(778240K), 0.0087020 secs] [Times: user=0.07 sys=0.00, real=0.01 secs] 
2019-02-01T02:15:44.183+0000: 800510.189: Total time for which application threads were stopped: 0.0116246 seconds, Stopping threads took: 0.0000461 seconds
2019-02-01T02:15:45.191+0000: 800511.197: Application time: 1.0077600 seconds
2019-02-01T02:15:45.193+0000: 800511.199: [GC (Allocation Failure) 2019-02-01T02:15:45.199+0000: 800511.204: [SoftReference, 0 refs, 0.0000328 secs]2019-02-01T02:15:45.199+0000: 800511.204: [WeakReference, 10 refs, 0.0000156 secs]2019-02-01T02:15:45.199+0000: 800511.205: [FinalReference, 253 refs, 0.0001122 secs]2019-02-01T02:15:45.199+0000: 800511.205: [PhantomReference, 0 refs, 0 refs, 0.0000141 secs]2019-02-01T02:15:45.199+0000: 800511.205: [JNI Weak Reference, 0.0000229 secs]
Desired survivor size 5242880 bytes, new threshold 1 (max 15)
[PSYoungGen: 32073K->3614K(34304K)] 747953K->720349K(780288K), 0.0088492 secs] [Times: user=0.09 sys=0.01, real=0.00 secs] 
2019-02-01T02:15:45.202+0000: 800511.208: Total time for which application threads were stopped: 0.0116369 seconds, Stopping threads took: 0.0000451 seconds
2019-02-01T02:15:46.341+0000: 800512.347: Application time: 1.1384429 seconds
2019-02-01T02:15:46.343+0000: 800512.349: [GC (Allocation Failure) 2019-02-01T02:15:46.349+0000: 800512.354: [SoftReference, 0 refs, 0.0000408 secs]2019-02-01T02:15:46.349+0000: 800512.355: [WeakReference, 7 refs, 0.0000152 secs]2019-02-01T02:15:46.349+0000: 800512.355: [FinalReference, 220 refs, 0.0001010 secs]2019-02-01T02:15:46.349+0000: 800512.355: [PhantomReference, 0 refs, 0 refs, 0.0000192 secs]2019-02-01T02:15:46.349+0000: 800512.355: [JNI Weak Reference, 0.0000213 secs]
Desired survivor size 5242880 bytes, new threshold 1 (max 15)
[PSYoungGen: 33822K->2568K(33280K)] 750557K->719808K(779264K), 0.0090176 secs] [Times: user=0.07 sys=0.00, real=0.01 secs] 
2019-02-01T02:15:46.353+0000: 800512.358: Total time for which application threads were stopped: 0.0116975 seconds, Stopping threads took: 0.0000406 seconds
2019-02-01T02:15:47.146+0000: 800513.152: Application time: 0.7933444 seconds
2019-02-01T02:15:47.148+0000: 800513.154: [GC (Allocation Failure) 2019-02-01T02:15:47.157+0000: 800513.163: [SoftReference, 0 refs, 0.0000349 secs]2019-02-01T02:15:47.157+0000: 800513.163: [WeakReference, 8 refs, 0.0000146 secs]2019-02-01T02:15:47.157+0000: 800513.163: [FinalReference, 207 refs, 0.0001218 secs]2019-02-01T02:15:47.157+0000: 800513.163: [PhantomReference, 0 refs, 0 refs, 0.0000142 secs]2019-02-01T02:15:47.157+0000: 800513.163: [JNI Weak Reference, 0.0000235 secs]
Desired survivor size 4718592 bytes, new threshold 1 (max 15)
[PSYoungGen: 32776K->2051K(38400K)] 750016K->721217K(784384K), 0.0128309 secs] [Times: user=0.20 sys=0.00, real=0.01 secs] 
2019-02-01T02:15:47.161+0000: 800513.167: Total time for which application threads were stopped: 0.0152937 seconds, Stopping threads took: 0.0000440 seconds
2019-02-01T02:15:48.410+0000: 800514.416: Application time: 1.2490899 seconds
2019-02-01T02:15:48.413+0000: 800514.419: [GC (Allocation Failure) 2019-02-01T02:15:48.418+0000: 800514.424: [SoftReference, 0 refs, 0.0000318 secs]2019-02-01T02:15:48.418+0000: 800514.424: [WeakReference, 9 refs, 0.0000156 secs]2019-02-01T02:15:48.418+0000: 800514.424: [FinalReference, 250 refs, 0.0001208 secs]2019-02-01T02:15:48.418+0000: 800514.424: [PhantomReference, 0 refs, 0 refs, 0.0000142 secs]2019-02-01T02:15:48.418+0000: 800514.424: [JNI Weak Reference, 0.0000246 secs]
Desired survivor size 4718592 bytes, new threshold 1 (max 15)
[PSYoungGen: 37891K->2197K(37888K)] 757057K->722513K(783872K), 0.0085843 secs] [Times: user=0.08 sys=0.00, real=0.01 secs] 
2019-02-01T02:15:48.422+0000: 800514.428: Total time for which application threads were stopped: 0.0115112 seconds, Stopping threads took: 0.0000517 seconds
2019-02-01T02:15:49.865+0000: 800515.871: Application time: 1.4430078 seconds
2019-02-01T02:15:49.868+0000: 800515.874: [GC (Allocation Failure) 2019-02-01T02:15:49.872+0000: 800515.877: [SoftReference, 0 refs, 0.0000226 secs]2019-02-01T02:15:49.872+0000: 800515.877: [WeakReference, 5 refs, 0.0000081 secs]2019-02-01T02:15:49.872+0000: 800515.877: [FinalReference, 196 refs, 0.0000473 secs]2019-02-01T02:15:49.872+0000: 800515.877: [PhantomReference, 0 refs, 0 refs, 0.0000079 secs]2019-02-01T02:15:49.872+0000: 800515.877: [JNI Weak Reference, 0.0000139 secs]
Desired survivor size 4718592 bytes, new threshold 1 (max 15)
[PSYoungGen: 37471K->1705K(36864K)] 757787K->722980K(782848K), 0.0062524 secs] [Times: user=0.08 sys=0.00, real=0.01 secs] 
2019-02-01T02:15:49.874+0000: 800515.880: Total time for which application threads were stopped: 0.0093739 seconds, Stopping threads took: 0.0000424 seconds
2019-02-01T02:15:51.330+0000: 800517.335: Application time: 1.4555143 seconds
2019-02-01T02:15:51.333+0000: 800517.338: [GC (Allocation Failure) 2019-02-01T02:15:51.338+0000: 800517.343: [SoftReference, 0 refs, 0.0000287 secs]2019-02-01T02:15:51.338+0000: 800517.343: [WeakReference, 5 refs, 0.0000086 secs]2019-02-01T02:15:51.338+0000: 800517.343: [FinalReference, 275 refs, 0.0001163 secs]2019-02-01T02:15:51.338+0000: 800517.343: [PhantomReference, 0 refs, 0 refs, 0.0000082 secs]2019-02-01T02:15:51.338+0000: 800517.343: [JNI Weak Reference, 0.0000132 secs]
Desired survivor size 4718592 bytes, new threshold 1 (max 15)
[PSYoungGen: 36521K->2158K(36864K)] 757796K->724032K(782848K), 0.0074648 secs] [Times: user=0.10 sys=0.01, real=0.01 secs] 
2019-02-01T02:15:51.340+0000: 800517.346: Total time for which application threads were stopped: 0.0104680 seconds, Stopping threads took: 0.0000534 seconds
2019-02-01T02:15:52.362+0000: 800518.367: Application time: 1.0213151 seconds
2019-02-01T02:15:52.365+0000: 800518.371: [GC (Allocation Failure) 2019-02-01T02:15:52.370+0000: 800518.376: [SoftReference, 0 refs, 0.0000380 secs]2019-02-01T02:15:52.370+0000: 800518.376: [WeakReference, 17 refs, 0.0000255 secs]2019-02-01T02:15:52.370+0000: 800518.376: [FinalReference, 228 refs, 0.0000964 secs]2019-02-01T02:15:52.370+0000: 800518.376: [PhantomReference, 0 refs, 0 refs, 0.0000141 secs]2019-02-01T02:15:52.370+0000: 800518.376: [JNI Weak Reference, 0.0000257 secs]
Desired survivor size 5767168 bytes, new threshold 1 (max 15)
[PSYoungGen: 36462K->4607K(38400K)] 758336K->727892K(784384K), 0.0086972 secs] [Times: user=0.07 sys=0.00, real=0.00 secs] 
2019-02-01T02:15:52.374+0000: 800518.379: Total time for which application threads were stopped: 0.0122028 seconds, Stopping threads took: 0.0000977 seconds
2019-02-01T02:15:53.289+0000: 800519.294: Application time: 0.9149918 seconds
2019-02-01T02:15:53.292+0000: 800519.298: [GC (Allocation Failure) 2019-02-01T02:15:53.296+0000: 800519.302: [SoftReference, 0 refs, 0.0000366 secs]2019-02-01T02:15:53.296+0000: 800519.302: [WeakReference, 12 refs, 0.0000162 secs]2019-02-01T02:15:53.296+0000: 800519.302: [FinalReference, 315 refs, 0.0001159 secs]2019-02-01T02:15:53.296+0000: 800519.302: [PhantomReference, 0 refs, 0 refs, 0.0000141 secs]2019-02-01T02:15:53.296+0000: 800519.302: [JNI Weak Reference, 0.0000219 secs]
Desired survivor size 6291456 bytes, new threshold 1 (max 15)
[PSYoungGen: 38399K->2529K(35840K)] 761684K->727618K(781824K), 0.0067418 secs] [Times: user=0.06 sys=0.00, real=0.01 secs] 
2019-02-01T02:15:53.299+0000: 800519.305: Total time for which application threads were stopped: 0.0100297 seconds, Stopping threads took: 0.0000618 seconds
2019-02-01T02:15:54.692+0000: 800520.698: Application time: 1.3936486 seconds
2019-02-01T02:15:54.695+0000: 800520.701: [GC (Allocation Failure) 2019-02-01T02:15:54.700+0000: 800520.706: [SoftReference, 0 refs, 0.0000322 secs]2019-02-01T02:15:54.700+0000: 800520.706: [WeakReference, 22 refs, 0.0000174 secs]2019-02-01T02:15:54.700+0000: 800520.706: [FinalReference, 220 refs, 0.0000922 secs]2019-02-01T02:15:54.700+0000: 800520.706: [PhantomReference, 0 refs, 0 refs, 0.0000140 secs]2019-02-01T02:15:54.700+0000: 800520.706: [JNI Weak Reference, 0.0000242 secs]
Desired survivor size 5767168 bytes, new threshold 1 (max 15)
[PSYoungGen: 35809K->3079K(36352K)] 760898K->729817K(782336K), 0.0088134 secs] [Times: user=0.10 sys=0.00, real=0.00 secs] 
2019-02-01T02:15:54.704+0000: 800520.710: Total time for which application threads were stopped: 0.0119855 seconds, Stopping threads took: 0.0001105 seconds
2019-02-01T02:15:55.631+0000: 800521.637: Application time: 0.9271005 seconds
2019-02-01T02:15:55.635+0000: 800521.640: Total time for which application threads were stopped: 0.0031976 seconds, Stopping threads took: 0.0000822 seconds
2019-02-01T02:15:55.635+0000: 800521.641: Application time: 0.0001559 seconds
2019-02-01T02:15:55.637+0000: 800521.643: [GC (GCLocker Initiated GC) 2019-02-01T02:15:55.641+0000: 800521.647: [SoftReference, 0 refs, 0.0000382 secs]2019-02-01T02:15:55.641+0000: 800521.647: [WeakReference, 16 refs, 0.0000171 secs]2019-02-01T02:15:55.641+0000: 800521.647: [FinalReference, 223 refs, 0.0001118 secs]2019-02-01T02:15:55.641+0000: 800521.647: [PhantomReference, 0 refs, 0 refs, 0.0000144 secs]2019-02-01T02:15:55.641+0000: 800521.647: [JNI Weak Reference, 0.0000244 secs]
Desired survivor size 5767168 bytes, new threshold 1 (max 15)
[PSYoungGen: 35847K->2801K(35328K)] 762591K->730705K(781312K), 0.0080762 secs] [Times: user=0.08 sys=0.01, real=0.01 secs] 
2019-02-01T02:15:55.645+0000: 800521.651: Total time for which application threads were stopped: 0.0104342 seconds, Stopping threads took: 0.0000385 seconds
2019-02-01T02:15:56.288+0000: 800522.294: Application time: 0.6426133 seconds
2019-02-01T02:15:56.291+0000: 800522.297: Total time for which application threads were stopped: 0.0032328 seconds, Stopping threads took: 0.0001041 seconds
2019-02-01T02:15:56.539+0000: 800522.545: Application time: 0.2479843 seconds
2019-02-01T02:15:56.542+0000: 800522.547: [GC (Allocation Failure) 2019-02-01T02:15:56.547+0000: 800522.553: [SoftReference, 0 refs, 0.0000413 secs]2019-02-01T02:15:56.547+0000: 800522.553: [WeakReference, 7 refs, 0.0000410 secs]2019-02-01T02:15:56.547+0000: 800522.553: [FinalReference, 253 refs, 0.0000737 secs]2019-02-01T02:15:56.547+0000: 800522.553: [PhantomReference, 0 refs, 0 refs, 0.0000078 secs]2019-02-01T02:15:56.547+0000: 800522.553: [JNI Weak Reference, 0.0000136 secs]
Desired survivor size 5767168 bytes, new threshold 1 (max 15)
[PSYoungGen: 35057K->2125K(34304K)] 762966K->730609K(780288K), 0.0083454 secs] [Times: user=0.08 sys=0.01, real=0.01 secs] 
2019-02-01T02:15:56.550+0000: 800522.556: Total time for which application threads were stopped: 0.0109470 seconds, Stopping threads took: 0.0000413 seconds
2019-02-01T02:15:57.623+0000: 800523.629: Application time: 1.0731608 seconds
2019-02-01T02:15:57.626+0000: 800523.631: [GC (Allocation Failure) 2019-02-01T02:15:57.629+0000: 800523.635: [SoftReference, 0 refs, 0.0000360 secs]2019-02-01T02:15:57.629+0000: 800523.635: [WeakReference, 17 refs, 0.0000169 secs]2019-02-01T02:15:57.629+0000: 800523.635: [FinalReference, 214 refs, 0.0000965 secs]2019-02-01T02:15:57.629+0000: 800523.635: [PhantomReference, 0 refs, 0 refs, 0.0000141 secs]2019-02-01T02:15:57.629+0000: 800523.635: [JNI Weak Reference, 0.0000224 secs]
Desired survivor size 5242880 bytes, new threshold 1 (max 15)
[PSYoungGen: 33869K->3230K(34816K)] 762353K->732370K(780800K), 0.0073013 secs] [Times: user=0.07 sys=0.00, real=0.00 secs] 
2019-02-01T02:15:57.633+0000: 800523.639: Total time for which application threads were stopped: 0.0096794 seconds, Stopping threads took: 0.0000426 seconds
2019-02-01T02:15:58.631+0000: 800524.636: Application time: 0.9977644 seconds
2019-02-01T02:15:58.634+0000: 800524.639: [GC (Allocation Failure) 2019-02-01T02:15:58.639+0000: 800524.645: [SoftReference, 0 refs, 0.0000358 secs]2019-02-01T02:15:58.639+0000: 800524.645: [WeakReference, 23 refs, 0.0000168 secs]2019-02-01T02:15:58.639+0000: 800524.645: [FinalReference, 218 refs, 0.0000865 secs]2019-02-01T02:15:58.639+0000: 800524.645: [PhantomReference, 0 refs, 0 refs, 0.0000144 secs]2019-02-01T02:15:58.639+0000: 800524.645: [JNI Weak Reference, 0.0000214 secs]
Desired survivor size 5242880 bytes, new threshold 1 (max 15)
[PSYoungGen: 34462K->3435K(34304K)] 763602K->733795K(780288K), 0.0093653 secs] [Times: user=0.10 sys=0.00, real=0.01 secs] 
2019-02-01T02:15:58.643+0000: 800524.649: Total time for which application threads were stopped: 0.0124504 seconds, Stopping threads took: 0.0000453 seconds
2019-02-01T02:15:59.364+0000: 800525.370: Application time: 0.7205818 seconds
2019-02-01T02:15:59.367+0000: 800525.372: [GC (Allocation Failure) 2019-02-01T02:15:59.373+0000: 800525.379: [SoftReference, 0 refs, 0.0000361 secs]2019-02-01T02:15:59.373+0000: 800525.379: [WeakReference, 20 refs, 0.0000172 secs]2019-02-01T02:15:59.373+0000: 800525.379: [FinalReference, 261 refs, 0.0001367 secs]2019-02-01T02:15:59.373+0000: 800525.379: [PhantomReference, 0 refs, 0 refs, 0.0000142 secs]2019-02-01T02:15:59.373+0000: 800525.379: [JNI Weak Reference, 0.0000242 secs]
Desired survivor size 5242880 bytes, new threshold 1 (max 15)
[PSYoungGen: 34155K->3061K(39424K)] 764515K->734804K(785408K), 0.0097493 secs] [Times: user=0.10 sys=0.00, real=0.01 secs] 
2019-02-01T02:15:59.377+0000: 800525.382: Total time for which application threads were stopped: 0.0128302 seconds, Stopping threads took: 0.0000478 seconds
2019-02-01T02:16:00.493+0000: 800526.498: Application time: 1.1160944 seconds
2019-02-01T02:16:00.495+0000: 800526.501: Total time for which application threads were stopped: 0.0024623 seconds, Stopping threads took: 0.0001146 seconds
2019-02-01T02:16:00.495+0000: 800526.501: Application time: 0.0000663 seconds
2019-02-01T02:16:00.497+0000: 800526.503: Total time for which application threads were stopped: 0.0019010 seconds, Stopping threads took: 0.0000363 seconds
2019-02-01T02:16:00.499+0000: 800526.504: Application time: 0.0014614 seconds
2019-02-01T02:16:00.500+0000: 800526.506: [GC (Allocation Failure) 2019-02-01T02:16:00.506+0000: 800526.512: [SoftReference, 0 refs, 0.0000474 secs]2019-02-01T02:16:00.506+0000: 800526.512: [WeakReference, 22 refs, 0.0000173 secs]2019-02-01T02:16:00.506+0000: 800526.512: [FinalReference, 218 refs, 0.0000903 secs]2019-02-01T02:16:00.506+0000: 800526.512: [PhantomReference, 0 refs, 0 refs, 0.0000141 secs]2019-02-01T02:16:00.506+0000: 800526.512: [JNI Weak Reference, 0.0000204 secs]
Desired survivor size 5242880 bytes, new threshold 1 (max 15)
[PSYoungGen: 39413K->2320K(42496K)] 771156K->736290K(788480K), 0.0088430 secs] [Times: user=0.11 sys=0.00, real=0.01 secs] 
2019-02-01T02:16:00.509+0000: 800526.515: Total time for which application threads were stopped: 0.0107109 seconds, Stopping threads took: 0.0000925 seconds
2019-02-01T02:16:00.648+0000: 800526.654: Application time: 0.1386459 seconds
2019-02-01T02:16:00.650+0000: 800526.656: Total time for which application threads were stopped: 0.0021425 seconds, Stopping threads took: 0.0001041 seconds
2019-02-01T02:16:00.701+0000: 800526.706: Application time: 0.0504308 seconds
2019-02-01T02:16:00.702+0000: 800526.708: Total time for which application threads were stopped: 0.0018551 seconds, Stopping threads took: 0.0001564 seconds
2019-02-01T02:16:01.707+0000: 800527.713: Application time: 1.0050250 seconds
2019-02-01T02:16:01.711+0000: 800527.716: Total time for which application threads were stopped: 0.0032470 seconds, Stopping threads took: 0.0000882 seconds
2019-02-01T02:16:01.711+0000: 800527.717: Application time: 0.0000875 seconds
2019-02-01T02:16:01.712+0000: 800527.718: [GC (GCLocker Initiated GC) 2019-02-01T02:16:01.719+0000: 800527.725: [SoftReference, 0 refs, 0.0000287 secs]2019-02-01T02:16:01.719+0000: 800527.725: [WeakReference, 40 refs, 0.0000119 secs]2019-02-01T02:16:01.719+0000: 800527.725: [FinalReference, 253 refs, 0.0000757 secs]2019-02-01T02:16:01.719+0000: 800527.725: [PhantomReference, 0 refs, 0 refs, 0.0000079 secs]2019-02-01T02:16:01.719+0000: 800527.725: [JNI Weak Reference, 0.0000139 secs]
Desired survivor size 5242880 bytes, new threshold 1 (max 15)
[PSYoungGen: 39696K->2995K(39936K)] 773674K->738033K(785920K), 0.0089937 secs] [Times: user=0.14 sys=0.00, real=0.01 secs] 
2019-02-01T02:16:01.721+0000: 800527.727: Total time for which application threads were stopped: 0.0106031 seconds, Stopping threads took: 0.0000843 seconds
2019-02-01T02:16:01.908+0000: 800527.914: Application time: 0.1869798 seconds
2019-02-01T02:16:01.912+0000: 800527.917: Total time for which application threads were stopped: 0.0032902 seconds, Stopping threads took: 0.0000879 seconds
2019-02-01T02:16:02.539+0000: 800528.545: Application time: 0.6277990 seconds
2019-02-01T02:16:02.542+0000: 800528.548: [GC (Allocation Failure) 2019-02-01T02:16:02.548+0000: 800528.554: [SoftReference, 0 refs, 0.0000256 secs]2019-02-01T02:16:02.548+0000: 800528.554: [WeakReference, 21 refs, 0.0000103 secs]2019-02-01T02:16:02.548+0000: 800528.554: [FinalReference, 275 refs, 0.0000732 secs]2019-02-01T02:16:02.548+0000: 800528.554: [PhantomReference, 0 refs, 0 refs, 0.0000081 secs]2019-02-01T02:16:02.548+0000: 800528.554: [JNI Weak Reference, 0.0000132 secs]
Desired survivor size 4718592 bytes, new threshold 1 (max 15)
[PSYoungGen: 39859K->2480K(46080K)] 774901K->738818K(792064K), 0.0080936 secs] [Times: user=0.11 sys=0.00, real=0.01 secs] 
2019-02-01T02:16:02.550+0000: 800528.556: Total time for which application threads were stopped: 0.0110479 seconds, Stopping threads took: 0.0000731 seconds
2019-02-01T02:16:04.194+0000: 800530.200: Application time: 1.6433672 seconds
2019-02-01T02:16:04.196+0000: 800530.202: [GC (Allocation Failure) 2019-02-01T02:16:04.201+0000: 800530.207: [SoftReference, 0 refs, 0.0000382 secs]2019-02-01T02:16:04.201+0000: 800530.207: [WeakReference, 55 refs, 0.0000349 secs]2019-02-01T02:16:04.201+0000: 800530.207: [FinalReference, 249 refs, 0.0001382 secs]2019-02-01T02:16:04.201+0000: 800530.207: [PhantomReference, 0 refs, 0 refs, 0.0000142 secs]2019-02-01T02:16:04.201+0000: 800530.207: [JNI Weak Reference, 0.0000209 secs]
Desired survivor size 4718592 bytes, new threshold 1 (max 15)
[PSYoungGen: 43440K->3437K(44032K)] 779778K->740927K(790016K), 0.0079550 secs] [Times: user=0.07 sys=0.00, real=0.00 secs] 
2019-02-01T02:16:04.204+0000: 800530.210: Total time for which application threads were stopped: 0.0106196 seconds, Stopping threads took: 0.0000486 seconds
2019-02-01T02:16:04.711+0000: 800530.716: Application time: 0.5060368 seconds
2019-02-01T02:16:04.714+0000: 800530.719: Total time for which application threads were stopped: 0.0031109 seconds, Stopping threads took: 0.0001180 seconds
2019-02-01T02:16:05.265+0000: 800531.271: Application time: 0.5514757 seconds
2019-02-01T02:16:05.267+0000: 800531.273: Total time for which application threads were stopped: 0.0020871 seconds, Stopping threads took: 0.0000946 seconds
2019-02-01T02:16:05.318+0000: 800531.323: Application time: 0.0504982 seconds
2019-02-01T02:16:05.320+0000: 800531.325: Total time for which application threads were stopped: 0.0018521 seconds, Stopping threads took: 0.0000515 seconds
2019-02-01T02:16:05.370+0000: 800531.376: Application time: 0.0505447 seconds
2019-02-01T02:16:05.372+0000: 800531.378: Total time for which application threads were stopped: 0.0018583 seconds, Stopping threads took: 0.0001122 seconds
2019-02-01T02:16:05.403+0000: 800531.408: Application time: 0.0305387 seconds
2019-02-01T02:16:05.404+0000: 800531.410: [GC (Allocation Failure) 2019-02-01T02:16:05.408+0000: 800531.414: [SoftReference, 0 refs, 0.0000445 secs]2019-02-01T02:16:05.408+0000: 800531.414: [WeakReference, 7 refs, 0.0000144 secs]2019-02-01T02:16:05.408+0000: 800531.414: [FinalReference, 334 refs, 0.0001457 secs]2019-02-01T02:16:05.408+0000: 800531.414: [PhantomReference, 0 refs, 0 refs, 0.0000146 secs]2019-02-01T02:16:05.408+0000: 800531.414: [JNI Weak Reference, 0.0000209 secs]
Desired survivor size 4718592 bytes, new threshold 1 (max 15)
[PSYoungGen: 43885K->3264K(43520K)] 781375K->741767K(789504K), 0.0076652 secs] [Times: user=0.08 sys=0.00, real=0.01 secs] 
2019-02-01T02:16:05.412+0000: 800531.418: Total time for which application threads were stopped: 0.0096762 seconds, Stopping threads took: 0.0000982 seconds
2019-02-01T02:16:05.513+0000: 800531.518: Application time: 0.1004506 seconds
2019-02-01T02:16:05.515+0000: 800531.521: Total time for which application threads were stopped: 0.0027954 seconds, Stopping threads took: 0.0000884 seconds
2019-02-01T02:16:05.516+0000: 800531.521: Application time: 0.0000997 seconds
2019-02-01T02:16:05.517+0000: 800531.523: Total time for which application threads were stopped: 0.0019184 seconds, Stopping threads took: 0.0000314 seconds
2019-02-01T02:16:06.519+0000: 800532.525: Application time: 1.0013013 seconds
2019-02-01T02:16:06.521+0000: 800532.526: Total time for which application threads were stopped: 0.0019100 seconds, Stopping threads took: 0.0000594 seconds
2019-02-01T02:16:06.521+0000: 800532.527: Application time: 0.0000868 seconds
2019-02-01T02:16:06.522+0000: 800532.528: Total time for which application threads were stopped: 0.0014690 seconds, Stopping threads took: 0.0001045 seconds
2019-02-01T02:16:06.656+0000: 800532.662: Application time: 0.1338219 seconds
2019-02-01T02:16:06.657+0000: 800532.663: [GC (Allocation Failure) 2019-02-01T02:16:06.663+0000: 800532.668: [SoftReference, 0 refs, 0.0000479 secs]2019-02-01T02:16:06.663+0000: 800532.669: [WeakReference, 7 refs, 0.0000364 secs]2019-02-01T02:16:06.663+0000: 800532.669: [FinalReference, 282 refs, 0.0001038 secs]2019-02-01T02:16:06.663+0000: 800532.669: [PhantomReference, 0 refs, 0 refs, 0.0000146 secs]2019-02-01T02:16:06.663+0000: 800532.669: [JNI Weak Reference, 0.0000214 secs]
Desired survivor size 5242880 bytes, new threshold 1 (max 15)
[PSYoungGen: 43185K->3060K(42496K)] 781689K->742604K(788480K), 0.0088231 secs] [Times: user=0.10 sys=0.00, real=0.00 secs] 
2019-02-01T02:16:06.666+0000: 800532.672: Total time for which application threads were stopped: 0.0103284 seconds, Stopping threads took: 0.0000355 seconds
2019-02-01T02:16:08.090+0000: 800534.096: Application time: 1.4234324 seconds
2019-02-01T02:16:08.093+0000: 800534.098: [GC (Allocation Failure) 2019-02-01T02:16:08.096+0000: 800534.102: [SoftReference, 0 refs, 0.0000408 secs]2019-02-01T02:16:08.097+0000: 800534.102: [WeakReference, 11 refs, 0.0000155 secs]2019-02-01T02:16:08.097+0000: 800534.102: [FinalReference, 224 refs, 0.0000909 secs]2019-02-01T02:16:08.097+0000: 800534.102: [PhantomReference, 0 refs, 0 refs, 0.0000145 secs]2019-02-01T02:16:08.097+0000: 800534.102: [JNI Weak Reference, 0.0000204 secs]
Desired survivor size 5242880 bytes, new threshold 1 (max 15)
[PSYoungGen: 42484K->2448K(41472K)] 782028K->742716K(787456K), 0.0071940 secs] [Times: user=0.08 sys=0.00, real=0.01 secs] 
2019-02-01T02:16:08.100+0000: 800534.106: Total time for which application threads were stopped: 0.0101818 seconds, Stopping threads took: 0.0000583 seconds
2019-02-01T02:16:09.527+0000: 800535.533: Application time: 1.4273536 seconds
2019-02-01T02:16:09.530+0000: 800535.535: [GC (Allocation Failure) 2019-02-01T02:16:09.536+0000: 800535.542: [SoftReference, 0 refs, 0.0000349 secs]2019-02-01T02:16:09.536+0000: 800535.542: [WeakReference, 6 refs, 0.0000155 secs]2019-02-01T02:16:09.536+0000: 800535.542: [FinalReference, 323 refs, 0.0001169 secs]2019-02-01T02:16:09.536+0000: 800535.542: [PhantomReference, 0 refs, 0 refs, 0.0000138 secs]2019-02-01T02:16:09.536+0000: 800535.542: [JNI Weak Reference, 0.0000204 secs]
Desired survivor size 5242880 bytes, new threshold 1 (max 15)
[PSYoungGen: 41360K->1547K(43008K)] 781628K->742598K(788992K), 0.0096082 secs] [Times: user=0.08 sys=0.00, real=0.01 secs] 
2019-02-01T02:16:09.539+0000: 800535.545: Total time for which application threads were stopped: 0.0119990 seconds, Stopping threads took: 0.0000411 seconds
2019-02-01T02:16:09.728+0000: 800535.733: Application time: 0.1882552 seconds
2019-02-01T02:16:09.732+0000: 800535.738: Total time for which application threads were stopped: 0.0042744 seconds, Stopping threads took: 0.0000376 seconds
2019-02-01T02:16:09.732+0000: 800535.738: Application time: 0.0000761 seconds
2019-02-01T02:16:09.733+0000: 800535.739: Total time for which application threads were stopped: 0.0013434 seconds, Stopping threads took: 0.0000223 seconds
2019-02-01T02:16:10.435+0000: 800536.441: Application time: 0.7020707 seconds
2019-02-01T02:16:10.438+0000: 800536.444: Total time for which application threads were stopped: 0.0024349 seconds, Stopping threads took: 0.0000423 seconds
2019-02-01T02:16:10.653+0000: 800536.658: Application time: 0.2148577 seconds
2019-02-01T02:16:10.655+0000: 800536.660: Total time for which application threads were stopped: 0.0019009 seconds, Stopping threads took: 0.0000557 seconds
2019-02-01T02:16:10.913+0000: 800536.919: Application time: 0.2582096 seconds
2019-02-01T02:16:10.915+0000: 800536.920: Total time for which application threads were stopped: 0.0016942 seconds, Stopping threads took: 0.0000436 seconds
2019-02-01T02:16:11.155+0000: 800537.161: Application time: 0.2405126 seconds
2019-02-01T02:16:11.157+0000: 800537.163: [GC (Allocation Failure) 2019-02-01T02:16:11.162+0000: 800537.167: [SoftReference, 0 refs, 0.0000593 secs]2019-02-01T02:16:11.162+0000: 800537.167: [WeakReference, 19 refs, 0.0000171 secs]2019-02-01T02:16:11.162+0000: 800537.167: [FinalReference, 273 refs, 0.0001494 secs]2019-02-01T02:16:11.162+0000: 800537.168: [PhantomReference, 0 refs, 0 refs, 0.0000150 secs]2019-02-01T02:16:11.162+0000: 800537.168: [JNI Weak Reference, 0.0000222 secs]
Desired survivor size 5242880 bytes, new threshold 1 (max 15)
[PSYoungGen: 39947K->1812K(39936K)] 780998K->743526K(785920K), 0.0083697 secs] [Times: user=0.09 sys=0.00, real=0.00 secs] 
2019-02-01T02:16:11.165+0000: 800537.171: Total time for which application threads were stopped: 0.0103648 seconds, Stopping threads took: 0.0000402 seconds
2019-02-01T02:16:12.341+0000: 800538.346: Application time: 1.1751110 seconds
2019-02-01T02:16:12.343+0000: 800538.348: Total time for which application threads were stopped: 0.0021959 seconds, Stopping threads took: 0.0000607 seconds
2019-02-01T02:16:12.486+0000: 800538.492: Application time: 0.1434826 seconds
2019-02-01T02:16:12.488+0000: 800538.494: Total time for which application threads were stopped: 0.0018993 seconds, Stopping threads took: 0.0000743 seconds
2019-02-01T02:16:12.743+0000: 800538.749: Application time: 0.2549197 seconds
2019-02-01T02:16:12.745+0000: 800538.751: [GC (Allocation Failure) 2019-02-01T02:16:12.750+0000: 800538.756: [SoftReference, 0 refs, 0.0000500 secs]2019-02-01T02:16:12.750+0000: 800538.756: [WeakReference, 17 refs, 0.0000173 secs]2019-02-01T02:16:12.750+0000: 800538.756: [FinalReference, 345 refs, 0.0001434 secs]2019-02-01T02:16:12.750+0000: 800538.756: [PhantomReference, 0 refs, 0 refs, 0.0000142 secs]2019-02-01T02:16:12.750+0000: 800538.756: [JNI Weak Reference, 0.0000206 secs]
Desired survivor size 5242880 bytes, new threshold 1 (max 15)
[PSYoungGen: 39700K->3523K(41984K)] 781414K->745935K(787968K), 0.0086989 secs] [Times: user=0.08 sys=0.01, real=0.01 secs] 
2019-02-01T02:16:12.754+0000: 800538.759: Total time for which application threads were stopped: 0.0106850 seconds, Stopping threads took: 0.0000376 seconds
2019-02-01T02:16:12.854+0000: 800538.860: Application time: 0.1005451 seconds
2019-02-01T02:16:12.857+0000: 800538.862: Total time for which application threads were stopped: 0.0023187 seconds, Stopping threads took: 0.0000866 seconds
2019-02-01T02:16:12.907+0000: 800538.913: Application time: 0.0504834 seconds
2019-02-01T02:16:12.909+0000: 800538.915: Total time for which application threads were stopped: 0.0019300 seconds, Stopping threads took: 0.0000410 seconds
2019-02-01T02:16:13.959+0000: 800539.965: Application time: 1.0502116 seconds
2019-02-01T02:16:13.962+0000: 800539.967: Total time for which application threads were stopped: 0.0023304 seconds, Stopping threads took: 0.0000470 seconds
2019-02-01T02:16:13.962+0000: 800539.967: Application time: 0.0000474 seconds
2019-02-01T02:16:13.963+0000: 800539.969: Total time for which application threads were stopped: 0.0013695 seconds, Stopping threads took: 0.0000250 seconds
2019-02-01T02:16:14.076+0000: 800540.082: Application time: 0.1132969 seconds
2019-02-01T02:16:14.077+0000: 800540.083: [GC (Allocation Failure) 2019-02-01T02:16:14.082+0000: 800540.088: [SoftReference, 0 refs, 0.0000441 secs]2019-02-01T02:16:14.082+0000: 800540.088: [WeakReference, 27 refs, 0.0000187 secs]2019-02-01T02:16:14.082+0000: 800540.088: [FinalReference, 268 refs, 0.0001586 secs]2019-02-01T02:16:14.082+0000: 800540.088: [PhantomReference, 0 refs, 0 refs, 0.0000140 secs]2019-02-01T02:16:14.082+0000: 800540.088: [JNI Weak Reference, 0.0000241 secs]
Desired survivor size 5242880 bytes, new threshold 1 (max 15)
[PSYoungGen: 40899K->2129K(39424K)] 783311K->745146K(785408K), 0.0082276 secs] [Times: user=0.08 sys=0.00, real=0.01 secs] 
2019-02-01T02:16:14.086+0000: 800540.092: Total time for which application threads were stopped: 0.0095329 seconds, Stopping threads took: 0.0000272 seconds
2019-02-01T02:16:14.164+0000: 800540.169: Application time: 0.0778788 seconds
2019-02-01T02:16:14.166+0000: 800540.172: Total time for which application threads were stopped: 0.0021050 seconds, Stopping threads took: 0.0000382 seconds
2019-02-01T02:16:14.166+0000: 800540.172: Application time: 0.0000858 seconds
2019-02-01T02:16:14.168+0000: 800540.174: Total time for which application threads were stopped: 0.0018661 seconds, Stopping threads took: 0.0000792 seconds
2019-02-01T02:16:15.050+0000: 800541.056: Application time: 0.8821173 seconds
2019-02-01T02:16:15.052+0000: 800541.058: Total time for which application threads were stopped: 0.0023321 seconds, Stopping threads took: 0.0001155 seconds
2019-02-01T02:16:15.052+0000: 800541.058: Application time: 0.0001317 seconds
2019-02-01T02:16:15.054+0000: 800541.060: [GC (GCLocker Initiated GC) 2019-02-01T02:16:15.062+0000: 800541.068: [SoftReference, 0 refs, 0.0000489 secs]2019-02-01T02:16:15.062+0000: 800541.068: [WeakReference, 28 refs, 0.0000202 secs]2019-02-01T02:16:15.062+0000: 800541.068: [FinalReference, 287 refs, 0.0001244 secs]2019-02-01T02:16:15.062+0000: 800541.068: [PhantomReference, 0 refs, 0 refs, 0.0000142 secs]2019-02-01T02:16:15.062+0000: 800541.068: [JNI Weak Reference, 0.0000225 secs]
Desired survivor size 4718592 bytes, new threshold 1 (max 15)
[PSYoungGen: 38993K->2707K(39936K)] 782011K->746850K(785920K), 0.0119027 secs] [Times: user=0.17 sys=0.00, real=0.01 secs] 
2019-02-01T02:16:15.066+0000: 800541.072: [Full GC (Ergonomics) 2019-02-01T02:16:15.109+0000: 800541.115: [SoftReference, 220 refs, 0.0001047 secs]2019-02-01T02:16:15.109+0000: 800541.115: [WeakReference, 4993 refs, 0.0008082 secs]2019-02-01T02:16:15.110+0000: 800541.116: [FinalReference, 1139 refs, 0.0005480 secs]2019-02-01T02:16:15.111+0000: 800541.116: [PhantomReference, 0 refs, 411 refs, 0.0000601 secs]2019-02-01T02:16:15.111+0000: 800541.116: [JNI Weak Reference, 0.0000221 secs][PSYoungGen: 2707K->0K(39936K)] [ParOldGen: 744143K->684955K(745472K)] 746850K->684955K(785408K), [Metaspace: 75231K->75231K(1118208K)], 0.1668914 secs] [Times: user=2.34 sys=0.00, real=0.17 secs] 
2019-02-01T02:16:15.233+0000: 800541.239: Total time for which application threads were stopped: 0.1809972 seconds, Stopping threads took: 0.0000873 seconds
2019-02-01T02:16:15.234+0000: 800541.240: Application time: 0.0004416 seconds
2019-02-01T02:16:15.237+0000: 800541.242: Total time for which application threads were stopped: 0.0028275 seconds, Stopping threads took: 0.0001530 seconds
2019-02-01T02:16:15.685+0000: 800541.690: Application time: 0.4479628 seconds
2019-02-01T02:16:15.688+0000: 800541.694: Total time for which application threads were stopped: 0.0034594 seconds, Stopping threads took: 0.0000614 seconds
2019-02-01T02:16:16.197+0000: 800542.203: Application time: 0.5087833 seconds
2019-02-01T02:16:16.200+0000: 800542.206: [GC (Allocation Failure) 2019-02-01T02:16:16.205+0000: 800542.211: [SoftReference, 0 refs, 0.0000194 secs]2019-02-01T02:16:16.205+0000: 800542.211: [WeakReference, 8 refs, 0.0000084 secs]2019-02-01T02:16:16.205+0000: 800542.211: [FinalReference, 235 refs, 0.0000929 secs]2019-02-01T02:16:16.206+0000: 800542.211: [PhantomReference, 0 refs, 0 refs, 0.0000081 secs]2019-02-01T02:16:16.206+0000: 800542.211: [JNI Weak Reference, 0.0000199 secs]
Desired survivor size 5242880 bytes, new threshold 1 (max 15)
[PSYoungGen: 36352K->3304K(40448K)] 721317K->688270K(785920K), 0.0084906 secs] [Times: user=0.09 sys=0.00, real=0.01 secs] 
2019-02-01T02:16:16.209+0000: 800542.215: Total time for which application threads were stopped: 0.0121845 seconds, Stopping threads took: 0.0000632 seconds
2019-02-01T02:16:17.533+0000: 800543.539: Application time: 1.3237805 seconds
2019-02-01T02:16:17.536+0000: 800543.542: Total time for which application threads were stopped: 0.0030653 seconds, Stopping threads took: 0.0001065 seconds
2019-02-01T02:16:17.536+0000: 800543.542: Application time: 0.0000803 seconds
2019-02-01T02:16:17.538+0000: 800543.543: [GC (GCLocker Initiated GC) 2019-02-01T02:16:17.542+0000: 800543.548: [SoftReference, 0 refs, 0.0000376 secs]2019-02-01T02:16:17.542+0000: 800543.548: [WeakReference, 11 refs, 0.0000153 secs]2019-02-01T02:16:17.542+0000: 800543.548: [FinalReference, 249 refs, 0.0001356 secs]2019-02-01T02:16:17.542+0000: 800543.548: [PhantomReference, 0 refs, 0 refs, 0.0000141 secs]2019-02-01T02:16:17.542+0000: 800543.548: [JNI Weak Reference, 0.0000272 secs]
Desired survivor size 5242880 bytes, new threshold 1 (max 15)
[PSYoungGen: 39144K->4022K(39936K)] 724110K->691218K(785408K), 0.0083936 secs] [Times: user=0.09 sys=0.00, real=0.00 secs] 
2019-02-01T02:16:17.546+0000: 800543.552: Total time for which application threads were stopped: 0.0101221 seconds, Stopping threads took: 0.0000355 seconds
2019-02-01T02:16:18.828+0000: 800544.834: Application time: 1.2822019 seconds
2019-02-01T02:16:18.832+0000: 800544.837: [GC (Allocation Failure) 2019-02-01T02:16:18.837+0000: 800544.843: [SoftReference, 0 refs, 0.0000192 secs]2019-02-01T02:16:18.837+0000: 800544.843: [WeakReference, 4 refs, 0.0000078 secs]2019-02-01T02:16:18.837+0000: 800544.843: [FinalReference, 209 refs, 0.0000869 secs]2019-02-01T02:16:18.837+0000: 800544.843: [PhantomReference, 0 refs, 0 refs, 0.0000081 secs]2019-02-01T02:16:18.837+0000: 800544.843: [JNI Weak Reference, 0.0000314 secs]
Desired survivor size 5242880 bytes, new threshold 1 (max 15)
[PSYoungGen: 39350K->1761K(36864K)] 726549K->689646K(782336K), 0.0095019 secs] [Times: user=0.12 sys=0.00, real=0.01 secs] 
2019-02-01T02:16:18.841+0000: 800544.847: Total time for which application threads were stopped: 0.0129053 seconds, Stopping threads took: 0.0000646 seconds
2019-02-01T02:16:19.049+0000: 800545.054: Application time: 0.2074006 seconds
2019-02-01T02:16:19.052+0000: 800545.058: Total time for which application threads were stopped: 0.0032963 seconds, Stopping threads took: 0.0000529 seconds
2019-02-01T02:16:19.052+0000: 800545.058: Application time: 0.0001001 seconds
2019-02-01T02:16:19.054+0000: 800545.059: Total time for which application threads were stopped: 0.0016768 seconds, Stopping threads took: 0.0000933 seconds
2019-02-01T02:16:19.605+0000: 800545.611: Application time: 0.5516916 seconds
2019-02-01T02:16:19.609+0000: 800545.615: Total time for which application threads were stopped: 0.0033544 seconds, Stopping threads took: 0.0000929 seconds
2019-02-01T02:16:20.143+0000: 800546.148: Application time: 0.5338939 seconds
2019-02-01T02:16:20.146+0000: 800546.152: [GC (Allocation Failure) 2019-02-01T02:16:20.154+0000: 800546.160: [SoftReference, 0 refs, 0.0000319 secs]2019-02-01T02:16:20.154+0000: 800546.160: [WeakReference, 8 refs, 0.0000153 secs]2019-02-01T02:16:20.154+0000: 800546.160: [FinalReference, 235 refs, 0.0000976 secs]2019-02-01T02:16:20.154+0000: 800546.160: [PhantomReference, 0 refs, 0 refs, 0.0000142 secs]2019-02-01T02:16:20.154+0000: 800546.160: [JNI Weak Reference, 0.0000289 secs]
Desired survivor size 5242880 bytes, new threshold 1 (max 15)
[PSYoungGen: 36577K->3305K(38912K)] 724462K->692017K(784384K), 0.0127285 secs] [Times: user=0.19 sys=0.01, real=0.02 secs] 
2019-02-01T02:16:20.159+0000: 800546.165: Total time for which application threads were stopped: 0.0163259 seconds, Stopping threads took: 0.0000598 seconds
2019-02-01T02:16:21.557+0000: 800547.562: Application time: 1.3977247 seconds
2019-02-01T02:16:21.560+0000: 800547.566: [GC (Allocation Failure) 2019-02-01T02:16:21.564+0000: 800547.570: [SoftReference, 0 refs, 0.0000322 secs]2019-02-01T02:16:21.564+0000: 800547.570: [WeakReference, 6 refs, 0.0000337 secs]2019-02-01T02:16:21.564+0000: 800547.570: [FinalReference, 185 refs, 0.0001212 secs]2019-02-01T02:16:21.565+0000: 800547.570: [PhantomReference, 0 refs, 0 refs, 0.0000231 secs]2019-02-01T02:16:21.565+0000: 800547.570: [JNI Weak Reference, 0.0000283 secs]
Desired survivor size 5242880 bytes, new threshold 1 (max 15)
[PSYoungGen: 37609K->2487K(36352K)] 726321K->692903K(781824K), 0.0090064 secs] [Times: user=0.07 sys=0.01, real=0.01 secs] 
2019-02-01T02:16:21.569+0000: 800547.575: Total time for which application threads were stopped: 0.0126844 seconds, Stopping threads took: 0.0000634 seconds
2019-02-01T02:16:22.893+0000: 800548.898: Application time: 1.3232806 seconds
2019-02-01T02:16:22.896+0000: 800548.902: [GC (Allocation Failure) 2019-02-01T02:16:22.901+0000: 800548.906: [SoftReference, 0 refs, 0.0000320 secs]2019-02-01T02:16:22.901+0000: 800548.906: [WeakReference, 12 refs, 0.0000166 secs]2019-02-01T02:16:22.901+0000: 800548.906: [FinalReference, 232 refs, 0.0000928 secs]2019-02-01T02:16:22.901+0000: 800548.906: [PhantomReference, 0 refs, 0 refs, 0.0000202 secs]2019-02-01T02:16:22.901+0000: 800548.906: [JNI Weak Reference, 0.0000239 secs]
Desired survivor size 5242880 bytes, new threshold 1 (max 15)
[PSYoungGen: 36279K->2405K(37888K)] 726695K->693534K(783360K), 0.0083913 secs] [Times: user=0.08 sys=0.00, real=0.01 secs] 
2019-02-01T02:16:22.905+0000: 800548.910: Total time for which application threads were stopped: 0.0120180 seconds, Stopping threads took: 0.0000811 seconds
2019-02-01T02:16:24.342+0000: 800550.347: Application time: 1.4369034 seconds
2019-02-01T02:16:24.345+0000: 800550.351: [GC (Allocation Failure) 2019-02-01T02:16:24.349+0000: 800550.355: [SoftReference, 0 refs, 0.0000250 secs]2019-02-01T02:16:24.349+0000: 800550.355: [WeakReference, 8 refs, 0.0000147 secs]2019-02-01T02:16:24.349+0000: 800550.355: [FinalReference, 184 refs, 0.0000870 secs]2019-02-01T02:16:24.349+0000: 800550.355: [PhantomReference, 0 refs, 0 refs, 0.0000136 secs]2019-02-01T02:16:24.349+0000: 800550.355: [JNI Weak Reference, 0.0000224 secs]
Desired survivor size 4718592 bytes, new threshold 1 (max 15)
[PSYoungGen: 35013K->2485K(35328K)] 726142K->694433K(780800K), 0.0081343 secs] [Times: user=0.08 sys=0.00, real=0.01 secs] 
2019-02-01T02:16:24.353+0000: 800550.359: Total time for which application threads were stopped: 0.0117494 seconds, Stopping threads took: 0.0000672 seconds
2019-02-01T02:16:25.500+0000: 800551.505: Application time: 1.1462412 seconds
2019-02-01T02:16:25.503+0000: 800551.509: [GC (Allocation Failure) 2019-02-01T02:16:25.508+0000: 800551.513: [SoftReference, 0 refs, 0.0000408 secs]2019-02-01T02:16:25.508+0000: 800551.513: [WeakReference, 9 refs, 0.0000155 secs]2019-02-01T02:16:25.508+0000: 800551.513: [FinalReference, 252 refs, 0.0001253 secs]2019-02-01T02:16:25.508+0000: 800551.514: [PhantomReference, 0 refs, 0 refs, 0.0000146 secs]2019-02-01T02:16:25.508+0000: 800551.514: [JNI Weak Reference, 0.0000222 secs]
Desired survivor size 4718592 bytes, new threshold 1 (max 15)
[PSYoungGen: 35253K->2035K(36352K)] 727201K->695412K(781824K), 0.0086379 secs] [Times: user=0.09 sys=0.00, real=0.01 secs] 
2019-02-01T02:16:25.512+0000: 800551.518: Total time for which application threads were stopped: 0.0123434 seconds, Stopping threads took: 0.0000680 seconds
2019-02-01T02:16:26.764+0000: 800552.770: Application time: 1.2522239 seconds
2019-02-01T02:16:26.768+0000: 800552.774: [GC (Allocation Failure) 2019-02-01T02:16:26.772+0000: 800552.778: [SoftReference, 0 refs, 0.0000319 secs]2019-02-01T02:16:26.772+0000: 800552.778: [WeakReference, 15 refs, 0.0000171 secs]2019-02-01T02:16:26.772+0000: 800552.778: [FinalReference, 242 refs, 0.0001298 secs]2019-02-01T02:16:26.772+0000: 800552.778: [PhantomReference, 0 refs, 0 refs, 0.0000146 secs]2019-02-01T02:16:26.772+0000: 800552.778: [JNI Weak Reference, 0.0000286 secs]
Desired survivor size 4718592 bytes, new threshold 1 (max 15)
[PSYoungGen: 34291K->2381K(34304K)] 727668K->696695K(779776K), 0.0092121 secs] [Times: user=0.08 sys=0.00, real=0.01 secs] 
2019-02-01T02:16:26.777+0000: 800552.783: Total time for which application threads were stopped: 0.0129892 seconds, Stopping threads took: 0.0000998 seconds
2019-02-01T02:16:27.881+0000: 800553.886: Application time: 1.1033819 seconds
2019-02-01T02:16:27.884+0000: 800553.890: Total time for which application threads were stopped: 0.0034688 seconds, Stopping threads took: 0.0000630 seconds
2019-02-01T02:16:27.884+0000: 800553.890: Application time: 0.0000884 seconds
2019-02-01T02:16:27.886+0000: 800553.892: Total time for which application threads were stopped: 0.0021416 seconds, Stopping threads took: 0.0000771 seconds
2019-02-01T02:16:28.384+0000: 800554.390: Application time: 0.4974812 seconds
2019-02-01T02:16:28.387+0000: 800554.393: [GC (Allocation Failure) 2019-02-01T02:16:28.393+0000: 800554.399: [SoftReference, 0 refs, 0.0000317 secs]2019-02-01T02:16:28.393+0000: 800554.399: [WeakReference, 5 refs, 0.0000202 secs]2019-02-01T02:16:28.393+0000: 800554.399: [FinalReference, 219 refs, 0.0001252 secs]2019-02-01T02:16:28.393+0000: 800554.399: [PhantomReference, 0 refs, 0 refs, 0.0000209 secs]2019-02-01T02:16:28.393+0000: 800554.399: [JNI Weak Reference, 0.0000285 secs]
Desired survivor size 4718592 bytes, new threshold 1 (max 15)
[PSYoungGen: 34125K->1924K(35328K)] 728439K->696861K(780800K), 0.0098349 secs] [Times: user=0.12 sys=0.00, real=0.01 secs] 
2019-02-01T02:16:28.397+0000: 800554.403: Total time for which application threads were stopped: 0.0135308 seconds, Stopping threads took: 0.0000654 seconds
2019-02-01T02:16:28.899+0000: 800554.904: Application time: 0.5012356 seconds
2019-02-01T02:16:28.902+0000: 800554.908: Total time for which application threads were stopped: 0.0034321 seconds, Stopping threads took: 0.0000746 seconds
2019-02-01T02:16:29.385+0000: 800555.391: Application time: 0.4831645 seconds
2019-02-01T02:16:29.389+0000: 800555.394: [GC (Allocation Failure) 2019-02-01T02:16:29.392+0000: 800555.398: [SoftReference, 0 refs, 0.0000317 secs]2019-02-01T02:16:29.392+0000: 800555.398: [WeakReference, 18 refs, 0.0000195 secs]2019-02-01T02:16:29.392+0000: 800555.398: [FinalReference, 293 refs, 0.0001197 secs]2019-02-01T02:16:29.392+0000: 800555.398: [PhantomReference, 0 refs, 0 refs, 0.0000144 secs]2019-02-01T02:16:29.392+0000: 800555.398: [JNI Weak Reference, 0.0000285 secs]
Desired survivor size 5242880 bytes, new threshold 1 (max 15)
[PSYoungGen: 33156K->4582K(35328K)] 728093K->700227K(780800K), 0.0081855 secs] [Times: user=0.07 sys=0.01, real=0.01 secs] 
2019-02-01T02:16:29.397+0000: 800555.403: Total time for which application threads were stopped: 0.0118400 seconds, Stopping threads took: 0.0000691 seconds
2019-02-01T02:16:30.435+0000: 800556.440: Application time: 1.0376975 seconds
2019-02-01T02:16:30.438+0000: 800556.444: Total time for which application threads were stopped: 0.0031367 seconds, Stopping threads took: 0.0000870 seconds
2019-02-01T02:16:30.438+0000: 800556.444: Application time: 0.0002143 seconds
2019-02-01T02:16:30.440+0000: 800556.446: [GC (GCLocker Initiated GC) 2019-02-01T02:16:30.444+0000: 800556.450: [SoftReference, 0 refs, 0.0000323 secs]2019-02-01T02:16:30.444+0000: 800556.450: [WeakReference, 7 refs, 0.0000140 secs]2019-02-01T02:16:30.444+0000: 800556.450: [FinalReference, 262 refs, 0.0001034 secs]2019-02-01T02:16:30.444+0000: 800556.450: [PhantomReference, 0 refs, 0 refs, 0.0000143 secs]2019-02-01T02:16:30.444+0000: 800556.450: [JNI Weak Reference, 0.0000278 secs]
Desired survivor size 5242880 bytes, new threshold 1 (max 15)
[PSYoungGen: 35302K->3490K(34816K)] 730953K->700024K(780288K), 0.0079485 secs] [Times: user=0.07 sys=0.01, real=0.00 secs] 
2019-02-01T02:16:30.448+0000: 800556.454: Total time for which application threads were stopped: 0.0101480 seconds, Stopping threads took: 0.0000910 seconds
2019-02-01T02:16:31.509+0000: 800557.514: Application time: 1.0604266 seconds
2019-02-01T02:16:31.512+0000: 800557.518: [GC (Allocation Failure) 2019-02-01T02:16:31.516+0000: 800557.522: [SoftReference, 0 refs, 0.0000218 secs]2019-02-01T02:16:31.516+0000: 800557.522: [WeakReference, 10 refs, 0.0000143 secs]2019-02-01T02:16:31.516+0000: 800557.522: [FinalReference, 200 refs, 0.0000947 secs]2019-02-01T02:16:31.516+0000: 800557.522: [PhantomReference, 0 refs, 0 refs, 0.0000138 secs]2019-02-01T02:16:31.516+0000: 800557.522: [JNI Weak Reference, 0.0000224 secs]
Desired survivor size 5242880 bytes, new threshold 1 (max 15)
[PSYoungGen: 33698K->3419K(33280K)] 730234K->700779K(778752K), 0.0079661 secs] [Times: user=0.07 sys=0.01, real=0.00 secs] 
2019-02-01T02:16:31.520+0000: 800557.526: Total time for which application threads were stopped: 0.0114841 seconds, Stopping threads took: 0.0000631 seconds
2019-02-01T02:16:32.682+0000: 800558.687: Application time: 1.1615535 seconds
2019-02-01T02:16:32.685+0000: 800558.691: [GC (Allocation Failure) 2019-02-01T02:16:32.689+0000: 800558.695: [SoftReference, 0 refs, 0.0000319 secs]2019-02-01T02:16:32.689+0000: 800558.695: [WeakReference, 6 refs, 0.0000148 secs]2019-02-01T02:16:32.689+0000: 800558.695: [FinalReference, 243 refs, 0.0001356 secs]2019-02-01T02:16:32.689+0000: 800558.695: [PhantomReference, 0 refs, 0 refs, 0.0000223 secs]2019-02-01T02:16:32.689+0000: 800558.695: [JNI Weak Reference, 0.0000280 secs]
Desired survivor size 5242880 bytes, new threshold 1 (max 15)
[PSYoungGen: 33115K->3182K(34816K)] 730475K->702532K(780288K), 0.0086759 secs] [Times: user=0.08 sys=0.00, real=0.01 secs] 
2019-02-01T02:16:32.694+0000: 800558.700: Total time for which application threads were stopped: 0.0120717 seconds, Stopping threads took: 0.0000822 seconds
2019-02-01T02:16:33.619+0000: 800559.625: Application time: 0.9253108 seconds
2019-02-01T02:16:33.622+0000: 800559.628: Total time for which application threads were stopped: 0.0029934 seconds, Stopping threads took: 0.0000656 seconds
2019-02-01T02:16:33.622+0000: 800559.628: Application time: 0.0001285 seconds
2019-02-01T02:16:33.624+0000: 800559.630: [GC (GCLocker Initiated GC) 2019-02-01T02:16:33.630+0000: 800559.635: [SoftReference, 0 refs, 0.0000195 secs]2019-02-01T02:16:33.630+0000: 800559.635: [WeakReference, 8 refs, 0.0000088 secs]2019-02-01T02:16:33.630+0000: 800559.635: [FinalReference, 147 refs, 0.0000623 secs]2019-02-01T02:16:33.630+0000: 800559.636: [PhantomReference, 0 refs, 0 refs, 0.0000081 secs]2019-02-01T02:16:33.630+0000: 800559.636: [JNI Weak Reference, 0.0000198 secs]
Desired survivor size 5242880 bytes, new threshold 1 (max 15)
[PSYoungGen: 32878K->2814K(34816K)] 732232K->703100K(780288K), 0.0093939 secs] [Times: user=0.13 sys=0.00, real=0.01 secs] 
2019-02-01T02:16:33.633+0000: 800559.639: Total time for which application threads were stopped: 0.0110739 seconds, Stopping threads took: 0.0000329 seconds
2019-02-01T02:16:34.752+0000: 800560.757: Application time: 1.1183557 seconds
2019-02-01T02:16:34.755+0000: 800560.761: [GC (Allocation Failure) 2019-02-01T02:16:34.761+0000: 800560.767: [SoftReference, 0 refs, 0.0000370 secs]2019-02-01T02:16:34.761+0000: 800560.767: [WeakReference, 7 refs, 0.0000153 secs]2019-02-01T02:16:34.761+0000: 800560.767: [FinalReference, 238 refs, 0.0001151 secs]2019-02-01T02:16:34.762+0000: 800560.767: [PhantomReference, 0 refs, 0 refs, 0.0000139 secs]2019-02-01T02:16:34.762+0000: 800560.767: [JNI Weak Reference, 0.0000275 secs]
Desired survivor size 5242880 bytes, new threshold 1 (max 15)
[PSYoungGen: 32510K->2173K(34816K)] 732799K->703589K(780288K), 0.0102722 secs] [Times: user=0.13 sys=0.00, real=0.01 secs] 
2019-02-01T02:16:34.765+0000: 800560.771: Total time for which application threads were stopped: 0.0136776 seconds, Stopping threads took: 0.0000848 seconds
2019-02-01T02:16:35.880+0000: 800561.886: Application time: 1.1151714 seconds
2019-02-01T02:16:35.884+0000: 800561.889: [GC (Allocation Failure) 2019-02-01T02:16:35.888+0000: 800561.894: [SoftReference, 0 refs, 0.0000319 secs]2019-02-01T02:16:35.888+0000: 800561.894: [WeakReference, 10 refs, 0.0000158 secs]2019-02-01T02:16:35.888+0000: 800561.894: [FinalReference, 186 refs, 0.0001082 secs]2019-02-01T02:16:35.889+0000: 800561.894: [PhantomReference, 0 refs, 0 refs, 0.0000140 secs]2019-02-01T02:16:35.889+0000: 800561.894: [JNI Weak Reference, 0.0000277 secs]
Desired survivor size 4718592 bytes, new threshold 1 (max 15)
[PSYoungGen: 31856K->2656K(32768K)] 733273K->704657K(778240K), 0.0087340 secs] [Times: user=0.07 sys=0.00, real=0.01 secs] 
2019-02-01T02:16:35.893+0000: 800561.898: Total time for which application threads were stopped: 0.0120882 seconds, Stopping threads took: 0.0000668 seconds
2019-02-01T02:16:37.197+0000: 800563.202: Application time: 1.3039972 seconds
2019-02-01T02:16:37.200+0000: 800563.206: [GC (Allocation Failure) 2019-02-01T02:16:37.204+0000: 800563.210: [SoftReference, 0 refs, 0.0000342 secs]2019-02-01T02:16:37.204+0000: 800563.210: [WeakReference, 10 refs, 0.0000161 secs]2019-02-01T02:16:37.204+0000: 800563.210: [FinalReference, 250 refs, 0.0000853 secs]2019-02-01T02:16:37.204+0000: 800563.210: [PhantomReference, 0 refs, 0 refs, 0.0000140 secs]2019-02-01T02:16:37.204+0000: 800563.210: [JNI Weak Reference, 0.0000221 secs]
Desired survivor size 4718592 bytes, new threshold 1 (max 15)
[PSYoungGen: 32352K->2798K(34304K)] 734353K->705801K(779776K), 0.0079680 secs] [Times: user=0.09 sys=0.01, real=0.01 secs] 
2019-02-01T02:16:37.208+0000: 800563.214: Total time for which application threads were stopped: 0.0114248 seconds, Stopping threads took: 0.0000705 seconds
2019-02-01T02:16:38.250+0000: 800564.256: Application time: 1.0418151 seconds
2019-02-01T02:16:38.253+0000: 800564.259: [GC (Allocation Failure) 2019-02-01T02:16:38.257+0000: 800564.263: [SoftReference, 0 refs, 0.0000273 secs]2019-02-01T02:16:38.257+0000: 800564.263: [WeakReference, 26 refs, 0.0000176 secs]2019-02-01T02:16:38.257+0000: 800564.263: [FinalReference, 253 refs, 0.0001142 secs]2019-02-01T02:16:38.257+0000: 800564.263: [PhantomReference, 0 refs, 0 refs, 0.0000142 secs]2019-02-01T02:16:38.257+0000: 800564.263: [JNI Weak Reference, 0.0000227 secs]
Desired survivor size 4718592 bytes, new threshold 1 (max 15)
[PSYoungGen: 32494K->2929K(34304K)] 735497K->706504K(779776K), 0.0078238 secs] [Times: user=0.09 sys=0.00, real=0.00 secs] 
2019-02-01T02:16:38.261+0000: 800564.267: Total time for which application threads were stopped: 0.0112140 seconds, Stopping threads took: 0.0000612 seconds
2019-02-01T02:16:39.481+0000: 800565.487: Application time: 1.2203143 seconds
2019-02-01T02:16:39.485+0000: 800565.491: Total time for which application threads were stopped: 0.0034124 seconds, Stopping threads took: 0.0001033 seconds
2019-02-01T02:16:39.485+0000: 800565.491: Application time: 0.0001049 seconds
2019-02-01T02:16:39.487+0000: 800565.493: [GC (GCLocker Initiated GC) 2019-02-01T02:16:39.492+0000: 800565.498: [SoftReference, 0 refs, 0.0000319 secs]2019-02-01T02:16:39.492+0000: 800565.498: [WeakReference, 13 refs, 0.0000165 secs]2019-02-01T02:16:39.492+0000: 800565.498: [FinalReference, 84 refs, 0.0000561 secs]2019-02-01T02:16:39.492+0000: 800565.498: [PhantomReference, 0 refs, 0 refs, 0.0000139 secs]2019-02-01T02:16:39.492+0000: 800565.498: [JNI Weak Reference, 0.0000245 secs]
Desired survivor size 4718592 bytes, new threshold 1 (max 15)
[PSYoungGen: 32625K->2184K(34304K)] 736201K->707037K(779776K), 0.0089909 secs] [Times: user=0.09 sys=0.01, real=0.01 secs] 
2019-02-01T02:16:39.496+0000: 800565.502: Total time for which application threads were stopped: 0.0112146 seconds, Stopping threads took: 0.0000423 seconds
2019-02-01T02:16:39.712+0000: 800565.718: Application time: 0.2164075 seconds
2019-02-01T02:16:39.716+0000: 800565.722: Total time for which application threads were stopped: 0.0033980 seconds, Stopping threads took: 0.0000591 seconds
2019-02-01T02:16:39.716+0000: 800565.722: Application time: 0.0000902 seconds
2019-02-01T02:16:39.718+0000: 800565.724: Total time for which application threads were stopped: 0.0022170 seconds, Stopping threads took: 0.0000740 seconds
2019-02-01T02:16:41.061+0000: 800567.067: Application time: 1.3432187 seconds
2019-02-01T02:16:41.065+0000: 800567.071: [GC (Allocation Failure) 2019-02-01T02:16:41.069+0000: 800567.075: [SoftReference, 0 refs, 0.0000319 secs]2019-02-01T02:16:41.069+0000: 800567.075: [WeakReference, 13 refs, 0.0000167 secs]2019-02-01T02:16:41.069+0000: 800567.075: [FinalReference, 201 refs, 0.0001024 secs]2019-02-01T02:16:41.069+0000: 800567.075: [PhantomReference, 0 refs, 1 refs, 0.0000148 secs]2019-02-01T02:16:41.070+0000: 800567.075: [JNI Weak Reference, 0.0000217 secs]
Desired survivor size 4718592 bytes, new threshold 1 (max 15)
[PSYoungGen: 31880K->3412K(34304K)] 736737K->709232K(779776K), 0.0080698 secs] [Times: user=0.08 sys=0.01, real=0.01 secs] 
2019-02-01T02:16:41.073+0000: 800567.079: Total time for which application threads were stopped: 0.0116495 seconds, Stopping threads took: 0.0000581 seconds
2019-02-01T02:16:42.322+0000: 800568.328: Application time: 1.2490809 seconds
2019-02-01T02:16:42.326+0000: 800568.332: Total time for which application threads were stopped: 0.0037989 seconds, Stopping threads took: 0.0000735 seconds
2019-02-01T02:16:42.326+0000: 800568.332: Application time: 0.0000981 seconds
2019-02-01T02:16:42.328+0000: 800568.334: Total time for which application threads were stopped: 0.0024092 seconds, Stopping threads took: 0.0001038 seconds
2019-02-01T02:16:42.362+0000: 800568.368: Application time: 0.0338134 seconds
2019-02-01T02:16:42.365+0000: 800568.371: Total time for which application threads were stopped: 0.0027627 seconds, Stopping threads took: 0.0000557 seconds
2019-02-01T02:16:42.365+0000: 800568.371: Application time: 0.0001043 seconds
2019-02-01T02:16:42.367+0000: 800568.373: [GC (GCLocker Initiated GC) 2019-02-01T02:16:42.372+0000: 800568.378: [SoftReference, 0 refs, 0.0000338 secs]2019-02-01T02:16:42.372+0000: 800568.378: [WeakReference, 14 refs, 0.0000166 secs]2019-02-01T02:16:42.372+0000: 800568.378: [FinalReference, 222 refs, 0.0001151 secs]2019-02-01T02:16:42.372+0000: 800568.378: [PhantomReference, 0 refs, 0 refs, 0.0000141 secs]2019-02-01T02:16:42.372+0000: 800568.378: [JNI Weak Reference, 0.0000229 secs]
Desired survivor size 6291456 bytes, new threshold 1 (max 15)
[PSYoungGen: 33108K->4597K(32768K)] 738931K->712577K(778240K), 0.0085010 secs] [Times: user=0.09 sys=0.00, real=0.01 secs] 
2019-02-01T02:16:42.376+0000: 800568.382: Total time for which application threads were stopped: 0.0108195 seconds, Stopping threads took: 0.0000342 seconds
2019-02-01T02:16:43.342+0000: 800569.347: Application time: 0.9656376 seconds
2019-02-01T02:16:43.345+0000: 800569.351: Total time for which application threads were stopped: 0.0034288 seconds, Stopping threads took: 0.0000949 seconds
2019-02-01T02:16:43.345+0000: 800569.351: Application time: 0.0001214 seconds
2019-02-01T02:16:43.348+0000: 800569.353: [GC (GCLocker Initiated GC) 2019-02-01T02:16:43.352+0000: 800569.358: [SoftReference, 0 refs, 0.0000326 secs]2019-02-01T02:16:43.352+0000: 800569.358: [WeakReference, 7 refs, 0.0000149 secs]2019-02-01T02:16:43.352+0000: 800569.358: [FinalReference, 190 refs, 0.0001030 secs]2019-02-01T02:16:43.352+0000: 800569.358: [PhantomReference, 0 refs, 0 refs, 0.0000146 secs]2019-02-01T02:16:43.352+0000: 800569.358: [JNI Weak Reference, 0.0000276 secs]
Desired survivor size 5767168 bytes, new threshold 1 (max 15)
[PSYoungGen: 32757K->2705K(31232K)] 740740K->711915K(776704K), 0.0087840 secs] [Times: user=0.09 sys=0.00, real=0.01 secs] 
2019-02-01T02:16:43.356+0000: 800569.362: Total time for which application threads were stopped: 0.0112434 seconds, Stopping threads took: 0.0000334 seconds
2019-02-01T02:16:43.732+0000: 800569.738: Application time: 0.3755509 seconds
2019-02-01T02:16:43.735+0000: 800569.741: Total time for which application threads were stopped: 0.0034809 seconds, Stopping threads took: 0.0000918 seconds
2019-02-01T02:16:44.489+0000: 800570.495: Application time: 0.7533785 seconds
2019-02-01T02:16:44.492+0000: 800570.498: [GC (Allocation Failure) 2019-02-01T02:16:44.497+0000: 800570.503: [SoftReference, 0 refs, 0.0000316 secs]2019-02-01T02:16:44.497+0000: 800570.503: [WeakReference, 11 refs, 0.0000160 secs]2019-02-01T02:16:44.497+0000: 800570.503: [FinalReference, 216 refs, 0.0001144 secs]2019-02-01T02:16:44.497+0000: 800570.503: [PhantomReference, 0 refs, 0 refs, 0.0000140 secs]2019-02-01T02:16:44.497+0000: 800570.503: [JNI Weak Reference, 0.0000278 secs]
Desired survivor size 5767168 bytes, new threshold 1 (max 15)
[PSYoungGen: 30865K->2549K(33792K)] 740079K->713281K(779264K), 0.0091307 secs] [Times: user=0.11 sys=0.00, real=0.01 secs] 
2019-02-01T02:16:44.502+0000: 800570.507: Total time for which application threads were stopped: 0.0127283 seconds, Stopping threads took: 0.0000750 seconds
2019-02-01T02:16:45.467+0000: 800571.473: Application time: 0.9654908 seconds
2019-02-01T02:16:45.470+0000: 800571.476: [GC (Allocation Failure) 2019-02-01T02:16:45.474+0000: 800571.480: [SoftReference, 0 refs, 0.0000323 secs]2019-02-01T02:16:45.474+0000: 800571.480: [WeakReference, 6 refs, 0.0000147 secs]2019-02-01T02:16:45.474+0000: 800571.480: [FinalReference, 168 refs, 0.0000996 secs]2019-02-01T02:16:45.474+0000: 800571.480: [PhantomReference, 0 refs, 0 refs, 0.0000361 secs]2019-02-01T02:16:45.474+0000: 800571.480: [JNI Weak Reference, 0.0000280 secs]
Desired survivor size 5767168 bytes, new threshold 1 (max 15)
[PSYoungGen: 30709K->2665K(33792K)] 741441K->714439K(779264K), 0.0083215 secs] [Times: user=0.08 sys=0.00, real=0.01 secs] 
2019-02-01T02:16:45.479+0000: 800571.485: Total time for which application threads were stopped: 0.0118122 seconds, Stopping threads took: 0.0000595 seconds
2019-02-01T02:16:46.445+0000: 800572.451: Application time: 0.9663191 seconds
2019-02-01T02:16:46.449+0000: 800572.454: [GC (Allocation Failure) 2019-02-01T02:16:46.453+0000: 800572.459: [SoftReference, 0 refs, 0.0000319 secs]2019-02-01T02:16:46.453+0000: 800572.459: [WeakReference, 8 refs, 0.0000156 secs]2019-02-01T02:16:46.453+0000: 800572.459: [FinalReference, 147 refs, 0.0000884 secs]2019-02-01T02:16:46.453+0000: 800572.459: [PhantomReference, 0 refs, 0 refs, 0.0000139 secs]2019-02-01T02:16:46.453+0000: 800572.459: [JNI Weak Reference, 0.0000274 secs]
Desired survivor size 5242880 bytes, new threshold 1 (max 15)
[PSYoungGen: 30825K->3079K(32768K)] 742599K->715985K(778240K), 0.0084253 secs] [Times: user=0.06 sys=0.01, real=0.01 secs] 
2019-02-01T02:16:46.457+0000: 800572.463: Total time for which application threads were stopped: 0.0118858 seconds, Stopping threads took: 0.0000632 seconds
2019-02-01T02:16:47.379+0000: 800573.385: Application time: 0.9218021 seconds
2019-02-01T02:16:47.382+0000: 800573.388: [GC (Allocation Failure) 2019-02-01T02:16:47.386+0000: 800573.392: [SoftReference, 0 refs, 0.0000211 secs]2019-02-01T02:16:47.386+0000: 800573.392: [WeakReference, 12 refs, 0.0000152 secs]2019-02-01T02:16:47.386+0000: 800573.392: [FinalReference, 177 refs, 0.0000900 secs]2019-02-01T02:16:47.386+0000: 800573.392: [PhantomReference, 0 refs, 0 refs, 0.0000141 secs]2019-02-01T02:16:47.386+0000: 800573.392: [JNI Weak Reference, 0.0000232 secs]
Desired survivor size 5242880 bytes, new threshold 1 (max 15)
[PSYoungGen: 31239K->3347K(33280K)] 744145K->717200K(778752K), 0.0077686 secs] [Times: user=0.09 sys=0.00, real=0.01 secs] 
2019-02-01T02:16:47.390+0000: 800573.396: Total time for which application threads were stopped: 0.0111256 seconds, Stopping threads took: 0.0000632 seconds
2019-02-01T02:16:48.393+0000: 800574.399: Application time: 1.0034089 seconds
2019-02-01T02:16:48.397+0000: 800574.402: [GC (Allocation Failure) 2019-02-01T02:16:48.403+0000: 800574.409: [SoftReference, 0 refs, 0.0000318 secs]2019-02-01T02:16:48.403+0000: 800574.409: [WeakReference, 5 refs, 0.0000145 secs]2019-02-01T02:16:48.403+0000: 800574.409: [FinalReference, 119 refs, 0.0000777 secs]2019-02-01T02:16:48.403+0000: 800574.409: [PhantomReference, 0 refs, 0 refs, 0.0000140 secs]2019-02-01T02:16:48.403+0000: 800574.409: [JNI Weak Reference, 0.0000279 secs]
Desired survivor size 5242880 bytes, new threshold 1 (max 15)
[PSYoungGen: 31507K->1989K(33280K)] 745360K->717210K(778752K), 0.0111077 secs] [Times: user=0.17 sys=0.00, real=0.01 secs] 
2019-02-01T02:16:48.408+0000: 800574.414: Total time for which application threads were stopped: 0.0144589 seconds, Stopping threads took: 0.0000624 seconds
2019-02-01T02:16:49.540+0000: 800575.546: Application time: 1.1318823 seconds
2019-02-01T02:16:49.543+0000: 800575.549: [GC (Allocation Failure) 2019-02-01T02:16:49.552+0000: 800575.558: [SoftReference, 0 refs, 0.0000318 secs]2019-02-01T02:16:49.552+0000: 800575.558: [WeakReference, 5 refs, 0.0000147 secs]2019-02-01T02:16:49.552+0000: 800575.558: [FinalReference, 199 refs, 0.0001094 secs]2019-02-01T02:16:49.552+0000: 800575.558: [PhantomReference, 0 refs, 0 refs, 0.0000239 secs]2019-02-01T02:16:49.552+0000: 800575.558: [JNI Weak Reference, 0.0000280 secs]
Desired survivor size 5242880 bytes, new threshold 1 (max 15)
[PSYoungGen: 30149K->1596K(33280K)] 745370K->717506K(778752K), 0.0124607 secs] [Times: user=0.19 sys=0.01, real=0.01 secs] 
2019-02-01T02:16:49.556+0000: 800575.562: Total time for which application threads were stopped: 0.0162372 seconds, Stopping threads took: 0.0000588 seconds
2019-02-01T02:16:50.659+0000: 800576.665: Application time: 1.1032547 seconds
2019-02-01T02:16:50.662+0000: 800576.668: [GC (Allocation Failure) 2019-02-01T02:16:50.668+0000: 800576.674: [SoftReference, 0 refs, 0.0000243 secs]2019-02-01T02:16:50.668+0000: 800576.674: [WeakReference, 4 refs, 0.0000084 secs]2019-02-01T02:16:50.668+0000: 800576.674: [FinalReference, 215 refs, 0.0000887 secs]2019-02-01T02:16:50.668+0000: 800576.674: [PhantomReference, 0 refs, 0 refs, 0.0000078 secs]2019-02-01T02:16:50.668+0000: 800576.674: [JNI Weak Reference, 0.0000148 secs]
Desired survivor size 5242880 bytes, new threshold 1 (max 15)
[PSYoungGen: 29756K->1446K(38400K)] 745666K->717826K(783872K), 0.0080354 secs] [Times: user=0.11 sys=0.00, real=0.01 secs] 
2019-02-01T02:16:50.671+0000: 800576.676: Total time for which application threads were stopped: 0.0112315 seconds, Stopping threads took: 0.0000715 seconds
2019-02-01T02:16:52.498+0000: 800578.504: Application time: 1.8272482 seconds
2019-02-01T02:16:52.501+0000: 800578.507: [GC (Allocation Failure) 2019-02-01T02:16:52.505+0000: 800578.511: [SoftReference, 0 refs, 0.0000194 secs]2019-02-01T02:16:52.505+0000: 800578.511: [WeakReference, 5 refs, 0.0000085 secs]2019-02-01T02:16:52.505+0000: 800578.511: [FinalReference, 168 refs, 0.0000793 secs]2019-02-01T02:16:52.505+0000: 800578.511: [PhantomReference, 0 refs, 0 refs, 0.0000078 secs]2019-02-01T02:16:52.506+0000: 800578.511: [JNI Weak Reference, 0.0000193 secs]
Desired survivor size 5242880 bytes, new threshold 1 (max 15)
[PSYoungGen: 34726K->2308K(35328K)] 751106K->719092K(780800K), 0.0077799 secs] [Times: user=0.07 sys=0.00, real=0.01 secs] 
2019-02-01T02:16:52.509+0000: 800578.515: Total time for which application threads were stopped: 0.0112097 seconds, Stopping threads took: 0.0001282 seconds
2019-02-01T02:16:53.510+0000: 800579.516: Application time: 1.0009412 seconds
2019-02-01T02:16:53.514+0000: 800579.519: [GC (Allocation Failure) 2019-02-01T02:16:53.518+0000: 800579.523: [SoftReference, 0 refs, 0.0000317 secs]2019-02-01T02:16:53.518+0000: 800579.523: [WeakReference, 8 refs, 0.0000160 secs]2019-02-01T02:16:53.518+0000: 800579.523: [FinalReference, 199 refs, 0.0001200 secs]2019-02-01T02:16:53.518+0000: 800579.524: [PhantomReference, 0 refs, 0 refs, 0.0000144 secs]2019-02-01T02:16:53.518+0000: 800579.524: [JNI Weak Reference, 0.0000282 secs]
Desired survivor size 5242880 bytes, new threshold 1 (max 15)
[PSYoungGen: 35076K->1971K(36864K)] 751860K->719439K(782336K), 0.0085262 secs] [Times: user=0.07 sys=0.00, real=0.01 secs] 
2019-02-01T02:16:53.522+0000: 800579.528: Total time for which application threads were stopped: 0.0121870 seconds, Stopping threads took: 0.0000662 seconds
2019-02-01T02:16:54.550+0000: 800580.556: Application time: 1.0277844 seconds
2019-02-01T02:16:54.553+0000: 800580.559: Total time for which application threads were stopped: 0.0032905 seconds, Stopping threads took: 0.0000695 seconds
2019-02-01T02:16:54.553+0000: 800580.559: Application time: 0.0000881 seconds
2019-02-01T02:16:54.555+0000: 800580.561: [GC (GCLocker Initiated GC) 2019-02-01T02:16:54.560+0000: 800580.566: [SoftReference, 0 refs, 0.0000318 secs]2019-02-01T02:16:54.560+0000: 800580.566: [WeakReference, 14 refs, 0.0000170 secs]2019-02-01T02:16:54.560+0000: 800580.566: [FinalReference, 173 refs, 0.0000992 secs]2019-02-01T02:16:54.560+0000: 800580.566: [PhantomReference, 0 refs, 0 refs, 0.0000141 secs]2019-02-01T02:16:54.560+0000: 800580.566: [JNI Weak Reference, 0.0000284 secs]
Desired survivor size 4718592 bytes, new threshold 1 (max 15)
[PSYoungGen: 34227K->2599K(34816K)] 751696K->720912K(780288K), 0.0092429 secs] [Times: user=0.09 sys=0.00, real=0.01 secs] 
2019-02-01T02:16:54.565+0000: 800580.571: Total time for which application threads were stopped: 0.0114200 seconds, Stopping threads took: 0.0000336 seconds
2019-02-01T02:16:55.856+0000: 800581.862: Application time: 1.2914150 seconds
2019-02-01T02:16:55.860+0000: 800581.865: [GC (Allocation Failure) 2019-02-01T02:16:55.864+0000: 800581.870: [SoftReference, 0 refs, 0.0000326 secs]2019-02-01T02:16:55.864+0000: 800581.870: [WeakReference, 17 refs, 0.0000179 secs]2019-02-01T02:16:55.864+0000: 800581.870: [FinalReference, 182 refs, 0.0001080 secs]2019-02-01T02:16:55.864+0000: 800581.870: [PhantomReference, 0 refs, 0 refs, 0.0000223 secs]2019-02-01T02:16:55.864+0000: 800581.870: [JNI Weak Reference, 0.0000232 secs]
Desired survivor size 4718592 bytes, new threshold 1 (max 15)
[PSYoungGen: 34343K->2919K(35328K)] 752658K->721969K(780800K), 0.0082645 secs] [Times: user=0.08 sys=0.00, real=0.01 secs] 
2019-02-01T02:16:55.868+0000: 800581.874: Total time for which application threads were stopped: 0.0119187 seconds, Stopping threads took: 0.0001149 seconds
2019-02-01T02:16:56.864+0000: 800582.870: Application time: 0.9959874 seconds
2019-02-01T02:16:56.867+0000: 800582.873: Total time for which application threads were stopped: 0.0029425 seconds, Stopping threads took: 0.0000590 seconds
2019-02-01T02:16:56.867+0000: 800582.873: Application time: 0.0001676 seconds
2019-02-01T02:16:56.869+0000: 800582.875: [GC (GCLocker Initiated GC) 2019-02-01T02:16:56.874+0000: 800582.880: [SoftReference, 0 refs, 0.0000327 secs]2019-02-01T02:16:56.874+0000: 800582.880: [WeakReference, 7 refs, 0.0000153 secs]2019-02-01T02:16:56.874+0000: 800582.880: [FinalReference, 197 refs, 0.0001073 secs]2019-02-01T02:16:56.874+0000: 800582.880: [PhantomReference, 0 refs, 0 refs, 0.0000141 secs]2019-02-01T02:16:56.874+0000: 800582.880: [JNI Weak Reference, 0.0000384 secs]
Desired survivor size 4718592 bytes, new threshold 1 (max 15)
[PSYoungGen: 34151K->2035K(32768K)] 753204K->722358K(778240K), 0.0090629 secs] [Times: user=0.08 sys=0.00, real=0.01 secs] 
2019-02-01T02:16:56.878+0000: 800582.884: Total time for which application threads were stopped: 0.0112254 seconds, Stopping threads took: 0.0000546 seconds
2019-02-01T02:16:57.984+0000: 800583.990: Application time: 1.1057219 seconds
2019-02-01T02:16:57.988+0000: 800583.993: [GC (Allocation Failure) 2019-02-01T02:16:57.991+0000: 800583.997: [SoftReference, 0 refs, 0.0000227 secs]2019-02-01T02:16:57.991+0000: 800583.997: [WeakReference, 12 refs, 0.0000155 secs]2019-02-01T02:16:57.992+0000: 800583.997: [FinalReference, 173 refs, 0.0001073 secs]2019-02-01T02:16:57.992+0000: 800583.997: [PhantomReference, 0 refs, 0 refs, 0.0000139 secs]2019-02-01T02:16:57.992+0000: 800583.997: [JNI Weak Reference, 0.0000225 secs]
Desired survivor size 4718592 bytes, new threshold 1 (max 15)
[PSYoungGen: 32755K->1851K(34304K)] 755232K->725177K(779776K), 0.0077674 secs] [Times: user=0.06 sys=0.00, real=0.01 secs] 
2019-02-01T02:16:57.996+0000: 800584.001: Total time for which application threads were stopped: 0.0113625 seconds, Stopping threads took: 0.0000693 seconds
2019-02-01T02:16:58.930+0000: 800584.936: Application time: 0.9347730 seconds
2019-02-01T02:16:58.934+0000: 800584.940: [GC (Allocation Failure) 2019-02-01T02:16:58.939+0000: 800584.945: [SoftReference, 0 refs, 0.0000325 secs]2019-02-01T02:16:58.939+0000: 800584.945: [WeakReference, 17 refs, 0.0000174 secs]2019-02-01T02:16:58.939+0000: 800584.945: [FinalReference, 182 refs, 0.0001022 secs]2019-02-01T02:16:58.939+0000: 800584.945: [PhantomReference, 0 refs, 0 refs, 0.0000143 secs]2019-02-01T02:16:58.939+0000: 800584.945: [JNI Weak Reference, 0.0000393 secs]
Desired survivor size 4718592 bytes, new threshold 1 (max 15)
[PSYoungGen: 32059K->2155K(34816K)] 755385K->726032K(780288K), 0.0102959 secs] [Times: user=0.10 sys=0.00, real=0.01 secs] 
2019-02-01T02:16:58.944+0000: 800584.950: Total time for which application threads were stopped: 0.0139310 seconds, Stopping threads took: 0.0000660 seconds
2019-02-01T02:16:59.909+0000: 800585.915: Application time: 0.9650772 seconds
2019-02-01T02:16:59.913+0000: 800585.919: [GC (Allocation Failure) 2019-02-01T02:16:59.918+0000: 800585.924: [SoftReference, 0 refs, 0.0000322 secs]2019-02-01T02:16:59.918+0000: 800585.924: [WeakReference, 6 refs, 0.0000149 secs]2019-02-01T02:16:59.918+0000: 800585.924: [FinalReference, 182 refs, 0.0001293 secs]2019-02-01T02:16:59.919+0000: 800585.924: [PhantomReference, 0 refs, 0 refs, 0.0000139 secs]2019-02-01T02:16:59.919+0000: 800585.924: [JNI Weak Reference, 0.0000284 secs]
Desired survivor size 4718592 bytes, new threshold 1 (max 15)
[PSYoungGen: 32363K->2941K(39936K)] 756240K->727436K(785408K), 0.0094970 secs] [Times: user=0.09 sys=0.00, real=0.01 secs] 
2019-02-01T02:16:59.923+0000: 800585.928: Total time for which application threads were stopped: 0.0132479 seconds, Stopping threads took: 0.0000916 seconds
2019-02-01T02:17:01.080+0000: 800587.086: Application time: 1.1576070 seconds
2019-02-01T02:17:01.084+0000: 800587.089: [GC (Allocation Failure) 2019-02-01T02:17:01.091+0000: 800587.097: [SoftReference, 0 refs, 0.0000239 secs]2019-02-01T02:17:01.092+0000: 800587.097: [WeakReference, 9 refs, 0.0000148 secs]2019-02-01T02:17:01.092+0000: 800587.097: [FinalReference, 224 refs, 0.0000906 secs]2019-02-01T02:17:01.092+0000: 800587.097: [PhantomReference, 0 refs, 0 refs, 0.0000150 secs]2019-02-01T02:17:01.092+0000: 800587.097: [JNI Weak Reference, 0.0000226 secs]
Desired survivor size 4194304 bytes, new threshold 1 (max 15)
[PSYoungGen: 38269K->2540K(39936K)] 762764K->727775K(785408K), 0.0110825 secs] [Times: user=0.18 sys=0.00, real=0.02 secs] 
2019-02-01T02:17:01.095+0000: 800587.101: Total time for which application threads were stopped: 0.0146497 seconds, Stopping threads took: 0.0000804 seconds
2019-02-01T02:17:01.907+0000: 800587.913: Application time: 0.8125722 seconds
2019-02-01T02:17:01.911+0000: 800587.917: Total time for which application threads were stopped: 0.0036194 seconds, Stopping threads took: 0.0001151 seconds
2019-02-01T02:17:02.509+0000: 800588.515: Application time: 0.5981794 seconds
2019-02-01T02:17:02.513+0000: 800588.518: [GC (Allocation Failure) 2019-02-01T02:17:02.518+0000: 800588.524: [SoftReference, 0 refs, 0.0000331 secs]2019-02-01T02:17:02.518+0000: 800588.524: [WeakReference, 5 refs, 0.0000183 secs]2019-02-01T02:17:02.518+0000: 800588.524: [FinalReference, 248 refs, 0.0001171 secs]2019-02-01T02:17:02.518+0000: 800588.524: [PhantomReference, 0 refs, 0 refs, 0.0000141 secs]2019-02-01T02:17:02.518+0000: 800588.524: [JNI Weak Reference, 0.0000223 secs]
Desired survivor size 4194304 bytes, new threshold 1 (max 15)
[PSYoungGen: 37868K->1519K(36352K)] 763103K->727616K(781824K), 0.0090937 secs] [Times: user=0.09 sys=0.01, real=0.01 secs] 
2019-02-01T02:17:02.522+0000: 800588.528: Total time for which application threads were stopped: 0.0127251 seconds, Stopping threads took: 0.0000745 seconds
2019-02-01T02:17:04.188+0000: 800590.194: Application time: 1.6664199 seconds
2019-02-01T02:17:04.192+0000: 800590.198: [GC (Allocation Failure) 2019-02-01T02:17:04.198+0000: 800590.203: [SoftReference, 0 refs, 0.0000176 secs]2019-02-01T02:17:04.198+0000: 800590.203: [WeakReference, 11 refs, 0.0000088 secs]2019-02-01T02:17:04.198+0000: 800590.203: [FinalReference, 225 refs, 0.0000816 secs]2019-02-01T02:17:04.198+0000: 800590.203: [PhantomReference, 0 refs, 0 refs, 0.0000178 secs]2019-02-01T02:17:04.198+0000: 800590.203: [JNI Weak Reference, 0.0000198 secs]
Desired survivor size 4718592 bytes, new threshold 1 (max 15)
[PSYoungGen: 36335K->3008K(37376K)] 762432K->729681K(782848K), 0.0102485 secs] [Times: user=0.12 sys=0.01, real=0.01 secs] 
2019-02-01T02:17:04.202+0000: 800590.208: Total time for which application threads were stopped: 0.0138515 seconds, Stopping threads took: 0.0000949 seconds
2019-02-01T02:17:05.727+0000: 800591.733: Application time: 1.5252203 seconds
2019-02-01T02:17:05.731+0000: 800591.737: [GC (Allocation Failure) 2019-02-01T02:17:05.736+0000: 800591.742: [SoftReference, 0 refs, 0.0000322 secs]2019-02-01T02:17:05.736+0000: 800591.742: [WeakReference, 7 refs, 0.0000154 secs]2019-02-01T02:17:05.736+0000: 800591.742: [FinalReference, 197 refs, 0.0001525 secs]2019-02-01T02:17:05.736+0000: 800591.742: [PhantomReference, 0 refs, 0 refs, 0.0000143 secs]2019-02-01T02:17:05.736+0000: 800591.742: [JNI Weak Reference, 0.0000284 secs]
Desired survivor size 4194304 bytes, new threshold 1 (max 15)
[PSYoungGen: 36941K->1831K(35840K)] 763615K->728990K(781312K), 0.0097642 secs] [Times: user=0.07 sys=0.00, real=0.01 secs] 
2019-02-01T02:17:05.741+0000: 800591.747: Total time for which application threads were stopped: 0.0133919 seconds, Stopping threads took: 0.0001342 seconds
2019-02-01T02:17:06.799+0000: 800592.805: Application time: 1.0582322 seconds
2019-02-01T02:17:06.803+0000: 800592.809: [GC (Allocation Failure) 2019-02-01T02:17:06.807+0000: 800592.813: [SoftReference, 0 refs, 0.0000323 secs]2019-02-01T02:17:06.807+0000: 800592.813: [WeakReference, 10 refs, 0.0000280 secs]2019-02-01T02:17:06.807+0000: 800592.813: [FinalReference, 226 refs, 0.0001115 secs]2019-02-01T02:17:06.808+0000: 800592.813: [PhantomReference, 0 refs, 0 refs, 0.0000141 secs]2019-02-01T02:17:06.808+0000: 800592.813: [JNI Weak Reference, 0.0000276 secs]
Desired survivor size 4718592 bytes, new threshold 1 (max 15)
[PSYoungGen: 35623K->3827K(37376K)] 762782K->731728K(782848K), 0.0090966 secs] [Times: user=0.09 sys=0.00, real=0.01 secs] 
2019-02-01T02:17:06.812+0000: 800592.818: Total time for which application threads were stopped: 0.0129021 seconds, Stopping threads took: 0.0001061 seconds
2019-02-01T02:17:07.927+0000: 800593.933: Application time: 1.1153615 seconds
2019-02-01T02:17:07.931+0000: 800593.937: [GC (Allocation Failure) 2019-02-01T02:17:07.936+0000: 800593.942: [SoftReference, 0 refs, 0.0000241 secs]2019-02-01T02:17:07.936+0000: 800593.942: [WeakReference, 22 refs, 0.0000175 secs]2019-02-01T02:17:07.936+0000: 800593.942: [FinalReference, 173 refs, 0.0000729 secs]2019-02-01T02:17:07.936+0000: 800593.942: [PhantomReference, 0 refs, 0 refs, 0.0000140 secs]2019-02-01T02:17:07.936+0000: 800593.942: [JNI Weak Reference, 0.0000229 secs]
Desired survivor size 6291456 bytes, new threshold 1 (max 15)
[PSYoungGen: 37107K->2558K(35328K)] 765008K->734382K(780800K), 0.0087426 secs] [Times: user=0.09 sys=0.00, real=0.01 secs] 
2019-02-01T02:17:07.940+0000: 800593.946: Total time for which application threads were stopped: 0.0124461 seconds, Stopping threads took: 0.0001277 seconds
2019-02-01T02:17:08.823+0000: 800594.829: Application time: 0.8829902 seconds
2019-02-01T02:17:08.826+0000: 800594.832: [GC (Allocation Failure) 2019-02-01T02:17:08.830+0000: 800594.836: [SoftReference, 0 refs, 0.0000325 secs]2019-02-01T02:17:08.830+0000: 800594.836: [WeakReference, 14 refs, 0.0000171 secs]2019-02-01T02:17:08.830+0000: 800594.836: [FinalReference, 229 refs, 0.0001324 secs]2019-02-01T02:17:08.830+0000: 800594.836: [PhantomReference, 0 refs, 0 refs, 0.0000146 secs]2019-02-01T02:17:08.830+0000: 800594.836: [JNI Weak Reference, 0.0000282 secs]
Desired survivor size 6291456 bytes, new threshold 1 (max 15)
[PSYoungGen: 35326K->4042K(36352K)] 767150K->737361K(781824K), 0.0078389 secs] [Times: user=0.08 sys=0.01, real=0.00 secs] 
2019-02-01T02:17:08.834+0000: 800594.840: Total time for which application threads were stopped: 0.0114175 seconds, Stopping threads took: 0.0000673 seconds
2019-02-01T02:17:09.315+0000: 800595.321: Application time: 0.4807775 seconds
2019-02-01T02:17:09.319+0000: 800595.324: Total time for which application threads were stopped: 0.0036837 seconds, Stopping threads took: 0.0001188 seconds
2019-02-01T02:17:09.319+0000: 800595.324: Application time: 0.0000546 seconds
2019-02-01T02:17:09.321+0000: 800595.327: Total time for which application threads were stopped: 0.0022202 seconds, Stopping threads took: 0.0000706 seconds
2019-02-01T02:17:09.798+0000: 800595.804: Application time: 0.4767971 seconds
2019-02-01T02:17:09.801+0000: 800595.807: [GC (Allocation Failure) 2019-02-01T02:17:09.807+0000: 800595.813: [SoftReference, 0 refs, 0.0000232 secs]2019-02-01T02:17:09.807+0000: 800595.813: [WeakReference, 8 refs, 0.0000145 secs]2019-02-01T02:17:09.807+0000: 800595.813: [FinalReference, 249 refs, 0.0001366 secs]2019-02-01T02:17:09.807+0000: 800595.813: [PhantomReference, 0 refs, 0 refs, 0.0000140 secs]2019-02-01T02:17:09.807+0000: 800595.813: [JNI Weak Reference, 0.0000225 secs]
Desired survivor size 6815744 bytes, new threshold 1 (max 15)
[PSYoungGen: 36298K->5524K(37888K)] 769617K->740474K(783360K), 0.0094022 secs] [Times: user=0.11 sys=0.01, real=0.01 secs] 
2019-02-01T02:17:09.811+0000: 800595.817: Total time for which application threads were stopped: 0.0130259 seconds, Stopping threads took: 0.0000956 seconds
2019-02-01T02:17:09.973+0000: 800595.978: Application time: 0.1618979 seconds
2019-02-01T02:17:09.976+0000: 800595.982: Total time for which application threads were stopped: 0.0033849 seconds, Stopping threads took: 0.0001027 seconds
2019-02-01T02:17:10.026+0000: 800596.032: Application time: 0.0503999 seconds
2019-02-01T02:17:10.029+0000: 800596.035: Total time for which application threads were stopped: 0.0026990 seconds, Stopping threads took: 0.0000553 seconds
2019-02-01T02:17:10.947+0000: 800596.953: Application time: 0.9178158 seconds
2019-02-01T02:17:10.951+0000: 800596.956: [GC (Allocation Failure) 2019-02-01T02:17:10.956+0000: 800596.961: [SoftReference, 0 refs, 0.0000323 secs]2019-02-01T02:17:10.956+0000: 800596.961: [WeakReference, 11 refs, 0.0000161 secs]2019-02-01T02:17:10.956+0000: 800596.961: [FinalReference, 228 refs, 0.0001065 secs]2019-02-01T02:17:10.956+0000: 800596.961: [PhantomReference, 0 refs, 0 refs, 0.0000146 secs]2019-02-01T02:17:10.956+0000: 800596.961: [JNI Weak Reference, 0.0000256 secs]
Desired survivor size 6815744 bytes, new threshold 1 (max 15)
[PSYoungGen: 37268K->3260K(34816K)] 772218K->739280K(780288K), 0.0088297 secs] [Times: user=0.06 sys=0.01, real=0.01 secs] 
2019-02-01T02:17:10.960+0000: 800596.965: Total time for which application threads were stopped: 0.0126571 seconds, Stopping threads took: 0.0000702 seconds
2019-02-01T02:17:12.026+0000: 800598.032: Application time: 1.0664095 seconds
2019-02-01T02:17:12.030+0000: 800598.035: Total time for which application threads were stopped: 0.0035991 seconds, Stopping threads took: 0.0000679 seconds
2019-02-01T02:17:12.030+0000: 800598.036: Application time: 0.0000777 seconds
2019-02-01T02:17:12.032+0000: 800598.038: Total time for which application threads were stopped: 0.0020963 seconds, Stopping threads took: 0.0000629 seconds
2019-02-01T02:17:12.085+0000: 800598.091: Application time: 0.0530425 seconds
2019-02-01T02:17:12.087+0000: 800598.093: [GC (Allocation Failure) 2019-02-01T02:17:12.091+0000: 800598.097: [SoftReference, 0 refs, 0.0000227 secs]2019-02-01T02:17:12.091+0000: 800598.097: [WeakReference, 15 refs, 0.0000139 secs]2019-02-01T02:17:12.091+0000: 800598.097: [FinalReference, 182 refs, 0.0000803 secs]2019-02-01T02:17:12.092+0000: 800598.097: [PhantomReference, 0 refs, 0 refs, 0.0000072 secs]2019-02-01T02:17:12.092+0000: 800598.097: [JNI Weak Reference, 0.0000137 secs]
Desired survivor size 6291456 bytes, new threshold 1 (max 15)
[PSYoungGen: 34492K->3403K(35840K)] 770512K->740079K(781312K), 0.0072383 secs] [Times: user=0.10 sys=0.00, real=0.00 secs] 
2019-02-01T02:17:12.095+0000: 800598.101: Total time for which application threads were stopped: 0.0098524 seconds, Stopping threads took: 0.0000452 seconds
2019-02-01T02:17:12.756+0000: 800598.762: Application time: 0.6611372 seconds
2019-02-01T02:17:12.759+0000: 800598.765: [GC (Allocation Failure) 2019-02-01T02:17:12.763+0000: 800598.769: [SoftReference, 0 refs, 0.0000184 secs]2019-02-01T02:17:12.763+0000: 800598.769: [WeakReference, 10 refs, 0.0000100 secs]2019-02-01T02:17:12.763+0000: 800598.769: [FinalReference, 273 refs, 0.0001102 secs]2019-02-01T02:17:12.763+0000: 800598.769: [PhantomReference, 0 refs, 0 refs, 0.0000101 secs]2019-02-01T02:17:12.763+0000: 800598.769: [JNI Weak Reference, 0.0000178 secs]
Desired survivor size 6291456 bytes, new threshold 1 (max 15)
[PSYoungGen: 34096K->2240K(32768K)] 770772K->740176K(778240K), 0.0070860 secs] [Times: user=0.08 sys=0.00, real=0.00 secs] 
2019-02-01T02:17:12.766+0000: 800598.772: Total time for which application threads were stopped: 0.0104073 seconds, Stopping threads took: 0.0000615 seconds
2019-02-01T02:17:13.535+0000: 800599.540: Application time: 0.7683094 seconds
2019-02-01T02:17:13.538+0000: 800599.543: Total time for which application threads were stopped: 0.0030061 seconds, Stopping threads took: 0.0000569 seconds
2019-02-01T02:17:13.538+0000: 800599.543: Application time: 0.0000836 seconds
2019-02-01T02:17:13.540+0000: 800599.545: Total time for which application threads were stopped: 0.0019994 seconds, Stopping threads took: 0.0000273 seconds
2019-02-01T02:17:13.841+0000: 800599.847: Application time: 0.3016444 seconds
2019-02-01T02:17:13.844+0000: 800599.850: [GC (Allocation Failure) 2019-02-01T02:17:13.849+0000: 800599.855: [SoftReference, 0 refs, 0.0000146 secs]2019-02-01T02:17:13.849+0000: 800599.855: [WeakReference, 13 refs, 0.0000077 secs]2019-02-01T02:17:13.849+0000: 800599.855: [FinalReference, 232 refs, 0.0000565 secs]2019-02-01T02:17:13.849+0000: 800599.855: [PhantomReference, 0 refs, 0 refs, 0.0000115 secs]2019-02-01T02:17:13.849+0000: 800599.855: [JNI Weak Reference, 0.0000180 secs]
Desired survivor size 5767168 bytes, new threshold 1 (max 15)
[PSYoungGen: 32428K->3010K(34304K)] 770363K->741876K(779776K), 0.0084432 secs] [Times: user=0.10 sys=0.00, real=0.01 secs] 
2019-02-01T02:17:13.853+0000: 800599.859: Total time for which application threads were stopped: 0.0115662 seconds, Stopping threads took: 0.0000750 seconds
2019-02-01T02:17:14.705+0000: 800600.710: Application time: 0.8516942 seconds
2019-02-01T02:17:14.707+0000: 800600.713: [GC (Allocation Failure) 2019-02-01T02:17:14.712+0000: 800600.718: [SoftReference, 0 refs, 0.0000276 secs]2019-02-01T02:17:14.712+0000: 800600.718: [WeakReference, 13 refs, 0.0000156 secs]2019-02-01T02:17:14.712+0000: 800600.718: [FinalReference, 228 refs, 0.0001126 secs]2019-02-01T02:17:14.712+0000: 800600.718: [PhantomReference, 0 refs, 0 refs, 0.0000139 secs]2019-02-01T02:17:14.712+0000: 800600.718: [JNI Weak Reference, 0.0000222 secs]
Desired survivor size 5767168 bytes, new threshold 1 (max 15)
[PSYoungGen: 32706K->2012K(35328K)] 771572K->742071K(780800K), 0.0073751 secs] [Times: user=0.09 sys=0.00, real=0.00 secs] 
2019-02-01T02:17:14.715+0000: 800600.721: Total time for which application threads were stopped: 0.0102107 seconds, Stopping threads took: 0.0000520 seconds
2019-02-01T02:17:15.713+0000: 800601.719: Application time: 0.9980847 seconds
2019-02-01T02:17:15.716+0000: 800601.722: [GC (Allocation Failure) 2019-02-01T02:17:15.720+0000: 800601.726: [SoftReference, 0 refs, 0.0000237 secs]2019-02-01T02:17:15.720+0000: 800601.726: [WeakReference, 10 refs, 0.0000119 secs]2019-02-01T02:17:15.720+0000: 800601.726: [FinalReference, 244 refs, 0.0000938 secs]2019-02-01T02:17:15.720+0000: 800601.726: [PhantomReference, 0 refs, 0 refs, 0.0000143 secs]2019-02-01T02:17:15.720+0000: 800601.726: [JNI Weak Reference, 0.0000233 secs]
Desired survivor size 5767168 bytes, new threshold 1 (max 15)
[PSYoungGen: 31708K->1978K(35328K)] 771767K->742948K(780800K), 0.0067945 secs] [Times: user=0.06 sys=0.01, real=0.01 secs] 
2019-02-01T02:17:15.723+0000: 800601.729: Total time for which application threads were stopped: 0.0099550 seconds, Stopping threads took: 0.0000575 seconds
2019-02-01T02:17:16.865+0000: 800602.871: Application time: 1.1420143 seconds
2019-02-01T02:17:16.868+0000: 800602.874: [GC (Allocation Failure) 2019-02-01T02:17:16.874+0000: 800602.880: [SoftReference, 0 refs, 0.0000294 secs]2019-02-01T02:17:16.874+0000: 800602.880: [WeakReference, 14 refs, 0.0000132 secs]2019-02-01T02:17:16.874+0000: 800602.880: [FinalReference, 181 refs, 0.0001199 secs]2019-02-01T02:17:16.874+0000: 800602.880: [PhantomReference, 0 refs, 0 refs, 0.0000115 secs]2019-02-01T02:17:16.874+0000: 800602.880: [JNI Weak Reference, 0.0000339 secs]
Desired survivor size 5767168 bytes, new threshold 1 (max 15)
[PSYoungGen: 31674K->1928K(35328K)] 772644K->743718K(780800K), 0.0091856 secs] [Times: user=0.16 sys=0.00, real=0.01 secs] 
2019-02-01T02:17:16.877+0000: 800602.883: Total time for which application threads were stopped: 0.0121362 seconds, Stopping threads took: 0.0000608 seconds
2019-02-01T02:17:17.746+0000: 800603.752: Application time: 0.8694268 seconds
2019-02-01T02:17:17.749+0000: 800603.755: Total time for which application threads were stopped: 0.0029485 seconds, Stopping threads took: 0.0000664 seconds
2019-02-01T02:17:17.749+0000: 800603.755: Application time: 0.0000477 seconds
2019-02-01T02:17:17.751+0000: 800603.757: Total time for which application threads were stopped: 0.0016407 seconds, Stopping threads took: 0.0000386 seconds
2019-02-01T02:17:18.009+0000: 800604.015: Application time: 0.2577510 seconds
2019-02-01T02:17:18.012+0000: 800604.018: [GC (Allocation Failure) 2019-02-01T02:17:18.016+0000: 800604.022: [SoftReference, 0 refs, 0.0000194 secs]2019-02-01T02:17:18.016+0000: 800604.022: [WeakReference, 18 refs, 0.0000105 secs]2019-02-01T02:17:18.016+0000: 800604.022: [FinalReference, 208 refs, 0.0000594 secs]2019-02-01T02:17:18.016+0000: 800604.022: [PhantomReference, 0 refs, 0 refs, 0.0000083 secs]2019-02-01T02:17:18.016+0000: 800604.022: [JNI Weak Reference, 0.0000204 secs]
Desired survivor size 5767168 bytes, new threshold 1 (max 15)
[PSYoungGen: 31624K->2811K(35328K)] 773414K->745354K(780800K), 0.0071428 secs] [Times: user=0.08 sys=0.00, real=0.01 secs] 
2019-02-01T02:17:18.019+0000: 800604.025: Total time for which application threads were stopped: 0.0105009 seconds, Stopping threads took: 0.0000642 seconds
2019-02-01T02:17:18.992+0000: 800604.998: Application time: 0.9727013 seconds
2019-02-01T02:17:18.996+0000: 800605.001: [GC (Allocation Failure) 2019-02-01T02:17:18.999+0000: 800605.005: [SoftReference, 0 refs, 0.0000321 secs]2019-02-01T02:17:18.999+0000: 800605.005: [WeakReference, 11 refs, 0.0000262 secs]2019-02-01T02:17:18.999+0000: 800605.005: [FinalReference, 248 refs, 0.0001586 secs]2019-02-01T02:17:18.999+0000: 800605.005: [PhantomReference, 0 refs, 0 refs, 0.0000145 secs]2019-02-01T02:17:18.999+0000: 800605.005: [JNI Weak Reference, 0.0000286 secs]
Desired survivor size 5242880 bytes, new threshold 1 (max 15)
[PSYoungGen: 32507K->2081K(32256K)] 775050K->745639K(777728K), 0.0082833 secs] [Times: user=0.07 sys=0.00, real=0.01 secs] 
2019-02-01T02:17:19.004+0000: 800605.010: [Full GC (Ergonomics) 2019-02-01T02:17:19.047+0000: 800605.052: [SoftReference, 142 refs, 0.0000758 secs]2019-02-01T02:17:19.047+0000: 800605.052: [WeakReference, 2653 refs, 0.0003803 secs]2019-02-01T02:17:19.047+0000: 800605.053: [FinalReference, 1316 refs, 0.0006827 secs]2019-02-01T02:17:19.048+0000: 800605.054: [PhantomReference, 0 refs, 413 refs, 0.0000740 secs]2019-02-01T02:17:19.048+0000: 800605.054: [JNI Weak Reference, 0.0000227 secs][PSYoungGen: 2081K->0K(32256K)] [ParOldGen: 743558K->683754K(742912K)] 745639K->683754K(775168K), [Metaspace: 75231K->75231K(1118208K)], 0.1582017 secs] [Times: user=2.43 sys=0.00, real=0.16 secs] 
2019-02-01T02:17:19.162+0000: 800605.168: Total time for which application threads were stopped: 0.1702583 seconds, Stopping threads took: 0.0000612 seconds
2019-02-01T02:17:19.163+0000: 800605.168: Application time: 0.0002217 seconds
2019-02-01T02:17:19.165+0000: 800605.171: Total time for which application threads were stopped: 0.0027777 seconds, Stopping threads took: 0.0001373 seconds
2019-02-01T02:17:19.165+0000: 800605.171: Application time: 0.0000596 seconds
2019-02-01T02:17:19.167+0000: 800605.173: Total time for which application threads were stopped: 0.0013639 seconds, Stopping threads took: 0.0000810 seconds
2019-02-01T02:17:20.068+0000: 800606.074: Application time: 0.9011796 seconds
2019-02-01T02:17:20.072+0000: 800606.077: Total time for which application threads were stopped: 0.0035655 seconds, Stopping threads took: 0.0001110 seconds
2019-02-01T02:17:20.072+0000: 800606.077: Application time: 0.0001263 seconds
2019-02-01T02:17:20.074+0000: 800606.080: Total time for which application threads were stopped: 0.0022621 seconds, Stopping threads took: 0.0001301 seconds
2019-02-01T02:17:20.475+0000: 800606.481: Application time: 0.4011762 seconds
2019-02-01T02:17:20.479+0000: 800606.485: Total time for which application threads were stopped: 0.0037329 seconds, Stopping threads took: 0.0000907 seconds
2019-02-01T02:17:20.479+0000: 800606.485: Application time: 0.0000986 seconds
2019-02-01T02:17:20.481+0000: 800606.487: Total time for which application threads were stopped: 0.0022331 seconds, Stopping threads took: 0.0000612 seconds
2019-02-01T02:17:20.615+0000: 800606.620: Application time: 0.1333821 seconds
2019-02-01T02:17:20.618+0000: 800606.623: [GC (Allocation Failure) 2019-02-01T02:17:20.622+0000: 800606.628: [SoftReference, 0 refs, 0.0000351 secs]2019-02-01T02:17:20.622+0000: 800606.628: [WeakReference, 9 refs, 0.0000149 secs]2019-02-01T02:17:20.622+0000: 800606.628: [FinalReference, 166 refs, 0.0000776 secs]2019-02-01T02:17:20.623+0000: 800606.628: [PhantomReference, 0 refs, 0 refs, 0.0000138 secs]2019-02-01T02:17:20.623+0000: 800606.628: [JNI Weak Reference, 0.0000232 secs]
Desired survivor size 5242880 bytes, new threshold 1 (max 15)
[PSYoungGen: 29696K->2510K(34816K)] 713450K->686264K(777728K), 0.0085649 secs] [Times: user=0.09 sys=0.01, real=0.00 secs] 
2019-02-01T02:17:20.626+0000: 800606.632: Total time for which application threads were stopped: 0.0117710 seconds, Stopping threads took: 0.0000514 seconds
2019-02-01T02:17:20.682+0000: 800606.688: Application time: 0.0555470 seconds
2019-02-01T02:17:20.685+0000: 800606.691: Total time for which application threads were stopped: 0.0030667 seconds, Stopping threads took: 0.0000432 seconds
2019-02-01T02:17:20.685+0000: 800606.691: Application time: 0.0000687 seconds
2019-02-01T02:17:20.687+0000: 800606.693: Total time for which application threads were stopped: 0.0020588 seconds, Stopping threads took: 0.0000311 seconds
2019-02-01T02:17:21.926+0000: 800607.932: Application time: 1.2392515 seconds
2019-02-01T02:17:21.930+0000: 800607.936: Total time for which application threads were stopped: 0.0035534 seconds, Stopping threads took: 0.0000909 seconds
2019-02-01T02:17:21.930+0000: 800607.936: Application time: 0.0002362 seconds
2019-02-01T02:17:21.932+0000: 800607.938: [GC (GCLocker Initiated GC) 2019-02-01T02:17:21.937+0000: 800607.943: [SoftReference, 0 refs, 0.0000319 secs]2019-02-01T02:17:21.937+0000: 800607.943: [WeakReference, 12 refs, 0.0000164 secs]2019-02-01T02:17:21.937+0000: 800607.943: [FinalReference, 173 refs, 0.0001033 secs]2019-02-01T02:17:21.937+0000: 800607.943: [PhantomReference, 0 refs, 0 refs, 0.0000226 secs]2019-02-01T02:17:21.937+0000: 800607.943: [JNI Weak Reference, 0.0000375 secs]
Desired survivor size 6291456 bytes, new threshold 1 (max 15)
[PSYoungGen: 32206K->5109K(34816K)] 715965K->690435K(777728K), 0.0085265 secs] [Times: user=0.09 sys=0.00, real=0.01 secs] 
2019-02-01T02:17:21.941+0000: 800607.947: Total time for which application threads were stopped: 0.0109015 seconds, Stopping threads took: 0.0001005 seconds
2019-02-01T02:17:22.766+0000: 800608.772: Application time: 0.8248570 seconds
2019-02-01T02:17:22.769+0000: 800608.775: Total time for which application threads were stopped: 0.0033257 seconds, Stopping threads took: 0.0000693 seconds
2019-02-01T02:17:22.769+0000: 800608.775: Application time: 0.0001714 seconds
2019-02-01T02:17:22.772+0000: 800608.777: [GC (GCLocker Initiated GC) 2019-02-01T02:17:22.776+0000: 800608.782: [SoftReference, 0 refs, 0.0000322 secs]2019-02-01T02:17:22.776+0000: 800608.782: [WeakReference, 14 refs, 0.0000168 secs]2019-02-01T02:17:22.776+0000: 800608.782: [FinalReference, 211 refs, 0.0001119 secs]2019-02-01T02:17:22.776+0000: 800608.782: [PhantomReference, 0 refs, 0 refs, 0.0000141 secs]2019-02-01T02:17:22.776+0000: 800608.782: [JNI Weak Reference, 0.0000350 secs]
Desired survivor size 6291456 bytes, new threshold 1 (max 15)
[PSYoungGen: 34805K->3834K(35840K)] 720249K->690849K(778752K), 0.0082915 secs] [Times: user=0.09 sys=0.00, real=0.01 secs] 
2019-02-01T02:17:22.780+0000: 800608.786: Total time for which application threads were stopped: 0.0105808 seconds, Stopping threads took: 0.0000364 seconds
2019-02-01T02:17:23.839+0000: 800609.845: Application time: 1.0591858 seconds
2019-02-01T02:17:23.843+0000: 800609.849: [GC (Allocation Failure) 2019-02-01T02:17:23.847+0000: 800609.852: [SoftReference, 0 refs, 0.0000317 secs]2019-02-01T02:17:23.847+0000: 800609.852: [WeakReference, 12 refs, 0.0000171 secs]2019-02-01T02:17:23.847+0000: 800609.852: [FinalReference, 203 refs, 0.0001059 secs]2019-02-01T02:17:23.847+0000: 800609.852: [PhantomReference, 0 refs, 0 refs, 0.0000142 secs]2019-02-01T02:17:23.847+0000: 800609.852: [JNI Weak Reference, 0.0000225 secs]
Desired survivor size 6291456 bytes, new threshold 1 (max 15)
[PSYoungGen: 33530K->2835K(35840K)] 720548K->691049K(778752K), 0.0083998 secs] [Times: user=0.07 sys=0.00, real=0.01 secs] 
2019-02-01T02:17:23.851+0000: 800609.857: Total time for which application threads were stopped: 0.0121384 seconds, Stopping threads took: 0.0000574 seconds
2019-02-01T02:17:24.708+0000: 800610.714: Application time: 0.8569840 seconds
2019-02-01T02:17:24.712+0000: 800610.718: [GC (Allocation Failure) 2019-02-01T02:17:24.716+0000: 800610.722: [SoftReference, 0 refs, 0.0000243 secs]2019-02-01T02:17:24.716+0000: 800610.722: [WeakReference, 12 refs, 0.0000161 secs]2019-02-01T02:17:24.716+0000: 800610.722: [FinalReference, 262 refs, 0.0001118 secs]2019-02-01T02:17:24.716+0000: 800610.722: [PhantomReference, 0 refs, 0 refs, 0.0000140 secs]2019-02-01T02:17:24.716+0000: 800610.722: [JNI Weak Reference, 0.0000225 secs]
Desired survivor size 6291456 bytes, new threshold 1 (max 15)
[PSYoungGen: 32531K->4308K(35840K)] 720745K->693504K(778752K), 0.0078978 secs] [Times: user=0.08 sys=0.00, real=0.01 secs] 
2019-02-01T02:17:24.720+0000: 800610.726: Total time for which application threads were stopped: 0.0115665 seconds, Stopping threads took: 0.0001046 seconds
2019-02-01T02:17:25.459+0000: 800611.465: Application time: 0.7394612 seconds
2019-02-01T02:17:25.463+0000: 800611.469: Total time for which application threads were stopped: 0.0034966 seconds, Stopping threads took: 0.0001019 seconds
2019-02-01T02:17:25.463+0000: 800611.469: Application time: 0.0001825 seconds
2019-02-01T02:17:25.465+0000: 800611.471: [GC (GCLocker Initiated GC) 2019-02-01T02:17:25.469+0000: 800611.475: [SoftReference, 0 refs, 0.0000326 secs]2019-02-01T02:17:25.469+0000: 800611.475: [WeakReference, 6 refs, 0.0000145 secs]2019-02-01T02:17:25.469+0000: 800611.475: [FinalReference, 252 refs, 0.0001249 secs]2019-02-01T02:17:25.469+0000: 800611.475: [PhantomReference, 0 refs, 0 refs, 0.0000144 secs]2019-02-01T02:17:25.469+0000: 800611.475: [JNI Weak Reference, 0.0000223 secs]
Desired survivor size 6291456 bytes, new threshold 1 (max 15)
[PSYoungGen: 34004K->4158K(35840K)] 723204K->694294K(778752K), 0.0086852 secs] [Times: user=0.10 sys=0.00, real=0.01 secs] 
2019-02-01T02:17:25.474+0000: 800611.480: Total time for which application threads were stopped: 0.0109167 seconds, Stopping threads took: 0.0000603 seconds
2019-02-01T02:17:26.249+0000: 800612.254: Application time: 0.7747065 seconds
2019-02-01T02:17:26.252+0000: 800612.258: [GC (Allocation Failure) 2019-02-01T02:17:26.256+0000: 800612.262: [SoftReference, 0 refs, 0.0000323 secs]2019-02-01T02:17:26.256+0000: 800612.262: [WeakReference, 10 refs, 0.0000159 secs]2019-02-01T02:17:26.256+0000: 800612.262: [FinalReference, 231 refs, 0.0001378 secs]2019-02-01T02:17:26.256+0000: 800612.262: [PhantomReference, 0 refs, 0 refs, 0.0000140 secs]2019-02-01T02:17:26.256+0000: 800612.262: [JNI Weak Reference, 0.0000374 secs]
Desired survivor size 6291456 bytes, new threshold 1 (max 15)
[PSYoungGen: 33854K->3428K(40960K)] 723993K->694401K(783872K), 0.0080131 secs] [Times: user=0.07 sys=0.02, real=0.01 secs] 
2019-02-01T02:17:26.260+0000: 800612.266: Total time for which application threads were stopped: 0.0114178 seconds, Stopping threads took: 0.0000584 seconds
2019-02-01T02:17:27.769+0000: 800613.774: Application time: 1.5085954 seconds
2019-02-01T02:17:27.772+0000: 800613.777: [GC (Allocation Failure) 2019-02-01T02:17:27.775+0000: 800613.781: [SoftReference, 0 refs, 0.0000195 secs]2019-02-01T02:17:27.775+0000: 800613.781: [WeakReference, 20 refs, 0.0000114 secs]2019-02-01T02:17:27.775+0000: 800613.781: [FinalReference, 212 refs, 0.0000772 secs]2019-02-01T02:17:27.775+0000: 800613.781: [PhantomReference, 0 refs, 0 refs, 0.0000084 secs]2019-02-01T02:17:27.775+0000: 800613.781: [JNI Weak Reference, 0.0000213 secs]
Desired survivor size 6291456 bytes, new threshold 1 (max 15)
[PSYoungGen: 38244K->2615K(37376K)] 729217K->694271K(780288K), 0.0065026 secs] [Times: user=0.08 sys=0.00, real=0.00 secs] 
2019-02-01T02:17:27.778+0000: 800613.784: Total time for which application threads were stopped: 0.0095657 seconds, Stopping threads took: 0.0000512 seconds
2019-02-01T02:17:29.114+0000: 800615.120: Application time: 1.3360405 seconds
2019-02-01T02:17:29.117+0000: 800615.123: [GC (Allocation Failure) 2019-02-01T02:17:29.126+0000: 800615.132: [SoftReference, 0 refs, 0.0000193 secs]2019-02-01T02:17:29.126+0000: 800615.132: [WeakReference, 12 refs, 0.0000101 secs]2019-02-01T02:17:29.126+0000: 800615.132: [FinalReference, 260 refs, 0.0001274 secs]2019-02-01T02:17:29.126+0000: 800615.132: [PhantomReference, 0 refs, 0 refs, 0.0000085 secs]2019-02-01T02:17:29.126+0000: 800615.132: [JNI Weak Reference, 0.0000212 secs]
Desired survivor size 5767168 bytes, new threshold 1 (max 15)
[PSYoungGen: 36919K->2992K(38400K)] 728575K->695733K(781312K), 0.0112772 secs] [Times: user=0.20 sys=0.00, real=0.02 secs] 
2019-02-01T02:17:29.129+0000: 800615.135: Total time for which application threads were stopped: 0.0145560 seconds, Stopping threads took: 0.0000565 seconds
2019-02-01T02:17:31.472+0000: 800617.478: Application time: 2.3433208 seconds
2019-02-01T02:17:31.475+0000: 800617.481: [GC (Allocation Failure) 2019-02-01T02:17:31.479+0000: 800617.485: [SoftReference, 0 refs, 0.0000317 secs]2019-02-01T02:17:31.479+0000: 800617.485: [WeakReference, 29 refs, 0.0000295 secs]2019-02-01T02:17:31.479+0000: 800617.485: [FinalReference, 177 refs, 0.0000874 secs]2019-02-01T02:17:31.479+0000: 800617.485: [PhantomReference, 0 refs, 0 refs, 0.0000239 secs]2019-02-01T02:17:31.479+0000: 800617.485: [JNI Weak Reference, 0.0000226 secs]
Desired survivor size 5767168 bytes, new threshold 1 (max 15)
[PSYoungGen: 36766K->1934K(35328K)] 729507K->695492K(778240K), 0.0076645 secs] [Times: user=0.08 sys=0.00, real=0.01 secs] 
2019-02-01T02:17:31.483+0000: 800617.489: Total time for which application threads were stopped: 0.0108863 seconds, Stopping threads took: 0.0000629 seconds
2019-02-01T02:17:31.698+0000: 800617.704: Application time: 0.2150733 seconds
2019-02-01T02:17:31.701+0000: 800617.707: Total time for which application threads were stopped: 0.0031575 seconds, Stopping threads took: 0.0000645 seconds
2019-02-01T02:17:31.701+0000: 800617.707: Application time: 0.0000721 seconds
2019-02-01T02:17:31.703+0000: 800617.709: Total time for which application threads were stopped: 0.0016243 seconds, Stopping threads took: 0.0000998 seconds
2019-02-01T02:17:32.451+0000: 800618.457: Application time: 0.7478285 seconds
2019-02-01T02:17:32.454+0000: 800618.460: [GC (Allocation Failure) 2019-02-01T02:17:32.459+0000: 800618.465: [SoftReference, 0 refs, 0.0000319 secs]2019-02-01T02:17:32.459+0000: 800618.465: [WeakReference, 14 refs, 0.0000172 secs]2019-02-01T02:17:32.459+0000: 800618.465: [FinalReference, 189 refs, 0.0001116 secs]2019-02-01T02:17:32.459+0000: 800618.465: [PhantomReference, 0 refs, 0 refs, 0.0000147 secs]2019-02-01T02:17:32.459+0000: 800618.465: [JNI Weak Reference, 0.0000227 secs]
Desired survivor size 5767168 bytes, new threshold 1 (max 15)
[PSYoungGen: 35214K->3138K(37888K)] 728772K->697554K(780800K), 0.0088336 secs] [Times: user=0.08 sys=0.01, real=0.01 secs] 
2019-02-01T02:17:32.463+0000: 800618.469: Total time for which application threads were stopped: 0.0121702 seconds, Stopping threads took: 0.0000642 seconds
2019-02-01T02:17:33.977+0000: 800619.983: Application time: 1.5143689 seconds
2019-02-01T02:17:33.981+0000: 800619.986: [GC (Allocation Failure) 2019-02-01T02:17:33.984+0000: 800619.990: [SoftReference, 0 refs, 0.0000388 secs]2019-02-01T02:17:33.984+0000: 800619.990: [WeakReference, 6 refs, 0.0000149 secs]2019-02-01T02:17:33.984+0000: 800619.990: [FinalReference, 214 refs, 0.0000992 secs]2019-02-01T02:17:33.984+0000: 800619.990: [PhantomReference, 0 refs, 0 refs, 0.0000141 secs]2019-02-01T02:17:33.984+0000: 800619.990: [JNI Weak Reference, 0.0000224 secs]
Desired survivor size 5767168 bytes, new threshold 1 (max 15)
[PSYoungGen: 35906K->2178K(34816K)] 730322K->697224K(777728K), 0.0074982 secs] [Times: user=0.08 sys=0.00, real=0.00 secs] 
2019-02-01T02:17:33.988+0000: 800619.994: Total time for which application threads were stopped: 0.0108567 seconds, Stopping threads took: 0.0000901 seconds
2019-02-01T02:17:35.047+0000: 800621.053: Application time: 1.0586701 seconds
2019-02-01T02:17:35.050+0000: 800621.056: Total time for which application threads were stopped: 0.0031288 seconds, Stopping threads took: 0.0000595 seconds
2019-02-01T02:17:35.050+0000: 800621.056: Application time: 0.0002584 seconds
2019-02-01T02:17:35.052+0000: 800621.058: [GC (GCLocker Initiated GC) 2019-02-01T02:17:35.056+0000: 800621.062: [SoftReference, 0 refs, 0.0000319 secs]2019-02-01T02:17:35.056+0000: 800621.062: [WeakReference, 13 refs, 0.0000163 secs]2019-02-01T02:17:35.056+0000: 800621.062: [FinalReference, 237 refs, 0.0001325 secs]2019-02-01T02:17:35.056+0000: 800621.062: [PhantomReference, 0 refs, 0 refs, 0.0000141 secs]2019-02-01T02:17:35.056+0000: 800621.062: [JNI Weak Reference, 0.0000229 secs]
Desired survivor size 5242880 bytes, new threshold 1 (max 15)
[PSYoungGen: 34434K->2611K(35840K)] 729491K->698465K(778752K), 0.0076747 secs] [Times: user=0.06 sys=0.00, real=0.01 secs] 
2019-02-01T02:17:35.060+0000: 800621.066: Total time for which application threads were stopped: 0.0098165 seconds, Stopping threads took: 0.0000940 seconds
2019-02-01T02:17:36.376+0000: 800622.382: Application time: 1.3158598 seconds
2019-02-01T02:17:36.379+0000: 800622.385: [GC (Allocation Failure) 2019-02-01T02:17:36.384+0000: 800622.390: [SoftReference, 0 refs, 0.0000439 secs]2019-02-01T02:17:36.384+0000: 800622.390: [WeakReference, 20 refs, 0.0000177 secs]2019-02-01T02:17:36.384+0000: 800622.390: [FinalReference, 229 refs, 0.0001030 secs]2019-02-01T02:17:36.384+0000: 800622.390: [PhantomReference, 0 refs, 0 refs, 0.0000144 secs]2019-02-01T02:17:36.384+0000: 800622.390: [JNI Weak Reference, 0.0000347 secs]
Desired survivor size 5242880 bytes, new threshold 1 (max 15)
[PSYoungGen: 34355K->1871K(33280K)] 730212K->698222K(776192K), 0.0087766 secs] [Times: user=0.09 sys=0.00, real=0.01 secs] 
2019-02-01T02:17:36.388+0000: 800622.394: Total time for which application threads were stopped: 0.0121014 seconds, Stopping threads took: 0.0000494 seconds
2019-02-01T02:17:37.344+0000: 800623.350: Application time: 0.9561867 seconds
2019-02-01T02:17:37.348+0000: 800623.353: [GC (Allocation Failure) 2019-02-01T02:17:37.353+0000: 800623.359: [SoftReference, 0 refs, 0.0000320 secs]2019-02-01T02:17:37.353+0000: 800623.359: [WeakReference, 18 refs, 0.0000284 secs]2019-02-01T02:17:37.353+0000: 800623.359: [FinalReference, 240 refs, 0.0001421 secs]2019-02-01T02:17:37.353+0000: 800623.359: [PhantomReference, 0 refs, 0 refs, 0.0000145 secs]2019-02-01T02:17:37.353+0000: 800623.359: [JNI Weak Reference, 0.0000223 secs]
Desired survivor size 5242880 bytes, new threshold 1 (max 15)
[PSYoungGen: 33103K->3104K(35328K)] 729454K->700288K(778240K), 0.0093937 secs] [Times: user=0.09 sys=0.00, real=0.01 secs] 
2019-02-01T02:17:37.357+0000: 800623.363: Total time for which application threads were stopped: 0.0126993 seconds, Stopping threads took: 0.0000553 seconds
2019-02-01T02:17:38.510+0000: 800624.516: Application time: 1.1530279 seconds
2019-02-01T02:17:38.513+0000: 800624.519: [GC (Allocation Failure) 2019-02-01T02:17:38.522+0000: 800624.527: [SoftReference, 0 refs, 0.0000550 secs]2019-02-01T02:17:38.522+0000: 800624.527: [WeakReference, 25 refs, 0.0000187 secs]2019-02-01T02:17:38.522+0000: 800624.527: [FinalReference, 166 refs, 0.0000739 secs]2019-02-01T02:17:38.522+0000: 800624.528: [PhantomReference, 0 refs, 0 refs, 0.0000143 secs]2019-02-01T02:17:38.522+0000: 800624.528: [JNI Weak Reference, 0.0000227 secs]
Desired survivor size 5242880 bytes, new threshold 1 (max 15)
[PSYoungGen: 33824K->2836K(33280K)] 731008K->700924K(776192K), 0.0123390 secs] [Times: user=0.20 sys=0.00, real=0.01 secs] 
2019-02-01T02:17:38.526+0000: 800624.531: Total time for which application threads were stopped: 0.0156168 seconds, Stopping threads took: 0.0000571 seconds
2019-02-01T02:17:39.663+0000: 800625.669: Application time: 1.1375054 seconds
2019-02-01T02:17:39.666+0000: 800625.672: [GC (Allocation Failure) 2019-02-01T02:17:39.672+0000: 800625.678: [SoftReference, 0 refs, 0.0000320 secs]2019-02-01T02:17:39.672+0000: 800625.678: [WeakReference, 26 refs, 0.0000197 secs]2019-02-01T02:17:39.672+0000: 800625.678: [FinalReference, 219 refs, 0.0001002 secs]2019-02-01T02:17:39.672+0000: 800625.678: [PhantomReference, 0 refs, 0 refs, 0.0000142 secs]2019-02-01T02:17:39.672+0000: 800625.678: [JNI Weak Reference, 0.0000227 secs]
Desired survivor size 5242880 bytes, new threshold 1 (max 15)
[PSYoungGen: 33044K->3115K(34304K)] 731132K->701891K(777216K), 0.0094211 secs] [Times: user=0.11 sys=0.01, real=0.01 secs] 
2019-02-01T02:17:39.676+0000: 800625.682: Total time for which application threads were stopped: 0.0127150 seconds, Stopping threads took: 0.0000572 seconds
2019-02-01T02:17:40.454+0000: 800626.460: Application time: 0.7782234 seconds
2019-02-01T02:17:40.457+0000: 800626.463: [GC (Allocation Failure) 2019-02-01T02:17:40.465+0000: 800626.471: [SoftReference, 0 refs, 0.0000193 secs]2019-02-01T02:17:40.465+0000: 800626.471: [WeakReference, 21 refs, 0.0000103 secs]2019-02-01T02:17:40.465+0000: 800626.471: [FinalReference, 228 refs, 0.0000823 secs]2019-02-01T02:17:40.465+0000: 800626.471: [PhantomReference, 0 refs, 0 refs, 0.0000081 secs]2019-02-01T02:17:40.465+0000: 800626.471: [JNI Weak Reference, 0.0000152 secs]
Desired survivor size 6291456 bytes, new threshold 1 (max 15)
[PSYoungGen: 32811K->5116K(34816K)] 731587K->705419K(777728K), 0.0105035 secs] [Times: user=0.18 sys=0.00, real=0.01 secs] 
2019-02-01T02:17:40.468+0000: 800626.474: Total time for which application threads were stopped: 0.0138185 seconds, Stopping threads took: 0.0000584 seconds
2019-02-01T02:17:40.468+0000: 800626.474: Application time: 0.0002071 seconds
2019-02-01T02:17:40.470+0000: 800626.476: Total time for which application threads were stopped: 0.0020902 seconds, Stopping threads took: 0.0000767 seconds
2019-02-01T02:17:40.529+0000: 800626.535: Application time: 0.0586828 seconds
2019-02-01T02:17:40.532+0000: 800626.537: Total time for which application threads were stopped: 0.0027769 seconds, Stopping threads took: 0.0000456 seconds
2019-02-01T02:17:40.532+0000: 800626.537: Application time: 0.0000408 seconds
2019-02-01T02:17:40.533+0000: 800626.539: Total time for which application threads were stopped: 0.0016171 seconds, Stopping threads took: 0.0000613 seconds
2019-02-01T02:17:41.617+0000: 800627.622: Application time: 1.0832137 seconds
2019-02-01T02:17:41.620+0000: 800627.626: [GC (Allocation Failure) 2019-02-01T02:17:41.624+0000: 800627.630: [SoftReference, 0 refs, 0.0000254 secs]2019-02-01T02:17:41.624+0000: 800627.630: [WeakReference, 14 refs, 0.0000164 secs]2019-02-01T02:17:41.625+0000: 800627.630: [FinalReference, 278 refs, 0.0001382 secs]2019-02-01T02:17:41.625+0000: 800627.630: [PhantomReference, 0 refs, 0 refs, 0.0000141 secs]2019-02-01T02:17:41.625+0000: 800627.630: [JNI Weak Reference, 0.0000224 secs]
Desired survivor size 6291456 bytes, new threshold 1 (max 15)
[PSYoungGen: 34812K->4427K(40960K)] 735115K->706302K(783872K), 0.0084918 secs] [Times: user=0.07 sys=0.01, real=0.01 secs] 
2019-02-01T02:17:41.628+0000: 800627.634: Total time for which application threads were stopped: 0.0119299 seconds, Stopping threads took: 0.0000556 seconds
2019-02-01T02:17:43.137+0000: 800629.143: Application time: 1.5084024 seconds
2019-02-01T02:17:43.140+0000: 800629.146: Total time for which application threads were stopped: 0.0033703 seconds, Stopping threads took: 0.0000578 seconds
2019-02-01T02:17:43.140+0000: 800629.146: Application time: 0.0000429 seconds
2019-02-01T02:17:43.142+0000: 800629.148: Total time for which application threads were stopped: 0.0019600 seconds, Stopping threads took: 0.0000385 seconds
2019-02-01T02:17:43.252+0000: 800629.258: Application time: 0.1098623 seconds
2019-02-01T02:17:43.255+0000: 800629.261: [GC (Allocation Failure) 2019-02-01T02:17:43.263+0000: 800629.269: [SoftReference, 0 refs, 0.0000332 secs]2019-02-01T02:17:43.263+0000: 800629.269: [WeakReference, 10 refs, 0.0000159 secs]2019-02-01T02:17:43.263+0000: 800629.269: [FinalReference, 222 refs, 0.0001299 secs]2019-02-01T02:17:43.263+0000: 800629.269: [PhantomReference, 0 refs, 0 refs, 0.0000141 secs]2019-02-01T02:17:43.263+0000: 800629.269: [JNI Weak Reference, 0.0000289 secs]
Desired survivor size 6291456 bytes, new threshold 1 (max 15)
[PSYoungGen: 39243K->3731K(40960K)] 741118K->707030K(783872K), 0.0117319 secs] [Times: user=0.20 sys=0.00, real=0.01 secs] 
2019-02-01T02:17:43.267+0000: 800629.273: Total time for which application threads were stopped: 0.0149353 seconds, Stopping threads took: 0.0000444 seconds
2019-02-01T02:17:44.454+0000: 800630.460: Application time: 1.1866599 seconds
2019-02-01T02:17:44.457+0000: 800630.463: [GC (Allocation Failure) 2019-02-01T02:17:44.461+0000: 800630.467: [SoftReference, 0 refs, 0.0000242 secs]2019-02-01T02:17:44.461+0000: 800630.467: [WeakReference, 8 refs, 0.0000151 secs]2019-02-01T02:17:44.461+0000: 800630.467: [FinalReference, 195 refs, 0.0000890 secs]2019-02-01T02:17:44.461+0000: 800630.467: [PhantomReference, 0 refs, 0 refs, 0.0000136 secs]2019-02-01T02:17:44.461+0000: 800630.467: [JNI Weak Reference, 0.0000237 secs]
Desired survivor size 6291456 bytes, new threshold 1 (max 15)
[PSYoungGen: 38547K->2456K(36864K)] 741846K->707452K(779776K), 0.0078527 secs] [Times: user=0.08 sys=0.01, real=0.01 secs] 
2019-02-01T02:17:44.465+0000: 800630.471: Total time for which application threads were stopped: 0.0112135 seconds, Stopping threads took: 0.0000524 seconds
2019-02-01T02:17:45.652+0000: 800631.657: Application time: 1.1865847 seconds
2019-02-01T02:17:45.655+0000: 800631.661: [GC (Allocation Failure) 2019-02-01T02:17:45.661+0000: 800631.666: [SoftReference, 0 refs, 0.0000320 secs]2019-02-01T02:17:45.661+0000: 800631.666: [WeakReference, 9 refs, 0.0000157 secs]2019-02-01T02:17:45.661+0000: 800631.666: [FinalReference, 162 refs, 0.0001111 secs]2019-02-01T02:17:45.661+0000: 800631.666: [PhantomReference, 0 refs, 0 refs, 0.0000141 secs]2019-02-01T02:17:45.661+0000: 800631.666: [JNI Weak Reference, 0.0000288 secs]
Desired survivor size 6291456 bytes, new threshold 1 (max 15)
[PSYoungGen: 36760K->2701K(36864K)] 741756K->708792K(779776K), 0.0106666 secs] [Times: user=0.10 sys=0.00, real=0.01 secs] 
2019-02-01T02:17:45.666+0000: 800631.671: Total time for which application threads were stopped: 0.0140299 seconds, Stopping threads took: 0.0000505 seconds
2019-02-01T02:17:46.679+0000: 800632.684: Application time: 1.0130501 seconds
2019-02-01T02:17:46.682+0000: 800632.688: [GC (Allocation Failure) 2019-02-01T02:17:46.686+0000: 800632.691: [SoftReference, 0 refs, 0.0000327 secs]2019-02-01T02:17:46.686+0000: 800632.692: [WeakReference, 9 refs, 0.0000274 secs]2019-02-01T02:17:46.686+0000: 800632.692: [FinalReference, 236 refs, 0.0000820 secs]2019-02-01T02:17:46.686+0000: 800632.692: [PhantomReference, 0 refs, 0 refs, 0.0000142 secs]2019-02-01T02:17:46.686+0000: 800632.692: [JNI Weak Reference, 0.0000361 secs]
Desired survivor size 5767168 bytes, new threshold 1 (max 15)
[PSYoungGen: 36174K->2088K(36352K)] 742265K->709061K(779264K), 0.0068173 secs] [Times: user=0.07 sys=0.01, real=0.00 secs] 
2019-02-01T02:17:46.689+0000: 800632.694: Total time for which application threads were stopped: 0.0100278 seconds, Stopping threads took: 0.0000503 seconds
2019-02-01T02:17:48.154+0000: 800634.160: Application time: 1.4654146 seconds
2019-02-01T02:17:48.157+0000: 800634.163: [GC (Allocation Failure) 2019-02-01T02:17:48.165+0000: 800634.171: [SoftReference, 0 refs, 0.0000675 secs]2019-02-01T02:17:48.165+0000: 800634.171: [WeakReference, 19 refs, 0.0000187 secs]2019-02-01T02:17:48.165+0000: 800634.171: [FinalReference, 184 refs, 0.0000990 secs]2019-02-01T02:17:48.166+0000: 800634.171: [PhantomReference, 0 refs, 0 refs, 0.0000145 secs]2019-02-01T02:17:48.166+0000: 800634.171: [JNI Weak Reference, 0.0000224 secs]
Desired survivor size 5767168 bytes, new threshold 1 (max 15)
[PSYoungGen: 35368K->2887K(35840K)] 742341K->710423K(778752K), 0.0120108 secs] [Times: user=0.18 sys=0.00, real=0.01 secs] 
2019-02-01T02:17:48.169+0000: 800634.175: Total time for which application threads were stopped: 0.0153993 seconds, Stopping threads took: 0.0000548 seconds
2019-02-01T02:17:49.250+0000: 800635.256: Application time: 1.0807321 seconds
2019-02-01T02:17:49.253+0000: 800635.259: [GC (Allocation Failure) 2019-02-01T02:17:49.258+0000: 800635.264: [SoftReference, 0 refs, 0.0000302 secs]2019-02-01T02:17:49.258+0000: 800635.264: [WeakReference, 4 refs, 0.0000140 secs]2019-02-01T02:17:49.258+0000: 800635.264: [FinalReference, 269 refs, 0.0001754 secs]2019-02-01T02:17:49.258+0000: 800635.264: [PhantomReference, 0 refs, 0 refs, 0.0000140 secs]2019-02-01T02:17:49.258+0000: 800635.264: [JNI Weak Reference, 0.0000331 secs]
Desired survivor size 5767168 bytes, new threshold 1 (max 15)
[PSYoungGen: 35655K->1714K(37376K)] 743191K->710381K(780288K), 0.0084440 secs] [Times: user=0.06 sys=0.01, real=0.01 secs] 
2019-02-01T02:17:49.262+0000: 800635.268: Total time for which application threads were stopped: 0.0117803 seconds, Stopping threads took: 0.0000430 seconds
2019-02-01T02:17:50.413+0000: 800636.419: Application time: 1.1509189 seconds
2019-02-01T02:17:50.416+0000: 800636.422: [GC (Allocation Failure) 2019-02-01T02:17:50.425+0000: 800636.431: [SoftReference, 0 refs, 0.0000235 secs]2019-02-01T02:17:50.425+0000: 800636.431: [WeakReference, 15 refs, 0.0000157 secs]2019-02-01T02:17:50.425+0000: 800636.431: [FinalReference, 210 refs, 0.0001183 secs]2019-02-01T02:17:50.425+0000: 800636.431: [PhantomReference, 0 refs, 0 refs, 0.0000242 secs]2019-02-01T02:17:50.426+0000: 800636.431: [JNI Weak Reference, 0.0000226 secs]
Desired survivor size 5767168 bytes, new threshold 1 (max 15)
[PSYoungGen: 33970K->3242K(37888K)] 742637K->712466K(780800K), 0.0131174 secs] [Times: user=0.21 sys=0.00, real=0.01 secs] 
2019-02-01T02:17:50.429+0000: 800636.435: Total time for which application threads were stopped: 0.0163805 seconds, Stopping threads took: 0.0000562 seconds
2019-02-01T02:17:51.915+0000: 800637.921: Application time: 1.4857049 seconds
2019-02-01T02:17:51.918+0000: 800637.924: [GC (Allocation Failure) 2019-02-01T02:17:51.926+0000: 800637.932: [SoftReference, 0 refs, 0.0000259 secs]2019-02-01T02:17:51.926+0000: 800637.932: [WeakReference, 7 refs, 0.0000144 secs]2019-02-01T02:17:51.926+0000: 800637.932: [FinalReference, 176 refs, 0.0000985 secs]2019-02-01T02:17:51.926+0000: 800637.932: [PhantomReference, 0 refs, 0 refs, 0.0000139 secs]2019-02-01T02:17:51.926+0000: 800637.932: [JNI Weak Reference, 0.0000226 secs]
Desired survivor size 5767168 bytes, new threshold 1 (max 15)
[PSYoungGen: 35498K->2160K(43520K)] 744722K->712142K(786432K), 0.0113532 secs] [Times: user=0.20 sys=0.00, real=0.01 secs] 
2019-02-01T02:17:51.930+0000: 800637.936: Total time for which application threads were stopped: 0.0149269 seconds, Stopping threads took: 0.0000528 seconds
2019-02-01T02:17:53.168+0000: 800639.174: Application time: 1.2379529 seconds
2019-02-01T02:17:53.171+0000: 800639.177: Total time for which application threads were stopped: 0.0032941 seconds, Stopping threads took: 0.0000609 seconds
2019-02-01T02:17:53.171+0000: 800639.177: Application time: 0.0001000 seconds
2019-02-01T02:17:53.174+0000: 800639.179: [GC (GCLocker Initiated GC) 2019-02-01T02:17:53.183+0000: 800639.189: [SoftReference, 0 refs, 0.0000434 secs]2019-02-01T02:17:53.183+0000: 800639.189: [WeakReference, 18 refs, 0.0000189 secs]2019-02-01T02:17:53.183+0000: 800639.189: [FinalReference, 289 refs, 0.0001532 secs]2019-02-01T02:17:53.183+0000: 800639.189: [PhantomReference, 0 refs, 0 refs, 0.0000141 secs]2019-02-01T02:17:53.183+0000: 800639.189: [JNI Weak Reference, 0.0000230 secs]
Desired survivor size 6291456 bytes, new threshold 1 (max 15)
[PSYoungGen: 40032K->5029K(43520K)] 750051K->715860K(786432K), 0.0133028 secs] [Times: user=0.21 sys=0.00, real=0.01 secs] 
2019-02-01T02:17:53.187+0000: 800639.193: Total time for which application threads were stopped: 0.0157057 seconds, Stopping threads took: 0.0000323 seconds
2019-02-01T02:17:54.621+0000: 800640.626: Application time: 1.4335450 seconds
2019-02-01T02:17:54.624+0000: 800640.630: [GC (Allocation Failure) 2019-02-01T02:17:54.628+0000: 800640.634: [SoftReference, 0 refs, 0.0000363 secs]2019-02-01T02:17:54.628+0000: 800640.634: [WeakReference, 16 refs, 0.0000192 secs]2019-02-01T02:17:54.628+0000: 800640.634: [FinalReference, 321 refs, 0.0002356 secs]2019-02-01T02:17:54.629+0000: 800640.634: [PhantomReference, 0 refs, 0 refs, 0.0000299 secs]2019-02-01T02:17:54.629+0000: 800640.634: [JNI Weak Reference, 0.0000393 secs]
Desired survivor size 5767168 bytes, new threshold 1 (max 15)
[PSYoungGen: 42917K->3299K(40960K)] 753751K->716226K(783872K), 0.0084654 secs] [Times: user=0.09 sys=0.00, real=0.01 secs] 
2019-02-01T02:17:54.633+0000: 800640.638: Total time for which application threads were stopped: 0.0119432 seconds, Stopping threads took: 0.0000782 seconds
2019-02-01T02:17:55.903+0000: 800641.909: Application time: 1.2704114 seconds
2019-02-01T02:17:55.906+0000: 800641.912: [GC (Allocation Failure) 2019-02-01T02:17:55.911+0000: 800641.917: [SoftReference, 0 refs, 0.0000323 secs]2019-02-01T02:17:55.911+0000: 800641.917: [WeakReference, 11 refs, 0.0000164 secs]2019-02-01T02:17:55.911+0000: 800641.917: [FinalReference, 251 refs, 0.0001550 secs]2019-02-01T02:17:55.911+0000: 800641.917: [PhantomReference, 0 refs, 0 refs, 0.0000145 secs]2019-02-01T02:17:55.911+0000: 800641.917: [JNI Weak Reference, 0.0000292 secs]
Desired survivor size 5767168 bytes, new threshold 1 (max 15)
[PSYoungGen: 40675K->3509K(40448K)] 753602K->717408K(783360K), 0.0090529 secs] [Times: user=0.08 sys=0.00, real=0.01 secs] 
2019-02-01T02:17:55.915+0000: 800641.921: Total time for which application threads were stopped: 0.0125173 seconds, Stopping threads took: 0.0000679 seconds
2019-02-01T02:17:57.146+0000: 800643.152: Application time: 1.2304934 seconds
2019-02-01T02:17:57.149+0000: 800643.155: [GC (Allocation Failure) 2019-02-01T02:17:57.154+0000: 800643.160: [SoftReference, 0 refs, 0.0000325 secs]2019-02-01T02:17:57.154+0000: 800643.160: [WeakReference, 12 refs, 0.0000170 secs]2019-02-01T02:17:57.154+0000: 800643.160: [FinalReference, 240 refs, 0.0001107 secs]2019-02-01T02:17:57.154+0000: 800643.160: [PhantomReference, 0 refs, 0 refs, 0.0000143 secs]2019-02-01T02:17:57.154+0000: 800643.160: [JNI Weak Reference, 0.0000288 secs]
Desired survivor size 5767168 bytes, new threshold 1 (max 15)
[PSYoungGen: 40373K->2757K(39424K)] 754272K->717667K(782336K), 0.0087751 secs] [Times: user=0.08 sys=0.01, real=0.01 secs] 
2019-02-01T02:17:57.158+0000: 800643.164: Total time for which application threads were stopped: 0.0120217 seconds, Stopping threads took: 0.0000840 seconds
2019-02-01T02:17:57.559+0000: 800643.564: Application time: 0.4005804 seconds
2019-02-01T02:17:57.562+0000: 800643.567: Total time for which application threads were stopped: 0.0029519 seconds, Stopping threads took: 0.0001026 seconds
2019-02-01T02:17:57.562+0000: 800643.567: Application time: 0.0000855 seconds
2019-02-01T02:17:57.563+0000: 800643.569: Total time for which application threads were stopped: 0.0014617 seconds, Stopping threads took: 0.0000381 seconds
2019-02-01T02:17:58.303+0000: 800644.309: Application time: 0.7402805 seconds
2019-02-01T02:17:58.307+0000: 800644.312: [GC (Allocation Failure) 2019-02-01T02:17:58.310+0000: 800644.316: [SoftReference, 0 refs, 0.0000300 secs]2019-02-01T02:17:58.310+0000: 800644.316: [WeakReference, 22 refs, 0.0000186 secs]2019-02-01T02:17:58.310+0000: 800644.316: [FinalReference, 248 refs, 0.0001155 secs]2019-02-01T02:17:58.310+0000: 800644.316: [PhantomReference, 0 refs, 0 refs, 0.0000160 secs]2019-02-01T02:17:58.310+0000: 800644.316: [JNI Weak Reference, 0.0000277 secs]
Desired survivor size 5767168 bytes, new threshold 1 (max 15)
[PSYoungGen: 39109K->2862K(38912K)] 754019K->718635K(781824K), 0.0076958 secs] [Times: user=0.08 sys=0.00, real=0.01 secs] 
2019-02-01T02:17:58.314+0000: 800644.320: Total time for which application threads were stopped: 0.0110953 seconds, Stopping threads took: 0.0000621 seconds
2019-02-01T02:17:58.766+0000: 800644.772: Application time: 0.4513303 seconds
2019-02-01T02:17:58.769+0000: 800644.775: Total time for which application threads were stopped: 0.0033788 seconds, Stopping threads took: 0.0000828 seconds
2019-02-01T02:17:58.769+0000: 800644.775: Application time: 0.0000958 seconds
2019-02-01T02:17:58.771+0000: 800644.777: Total time for which application threads were stopped: 0.0020568 seconds, Stopping threads took: 0.0000455 seconds
2019-02-01T02:17:58.972+0000: 800644.978: Application time: 0.2008019 seconds
2019-02-01T02:17:58.975+0000: 800644.981: Total time for which application threads were stopped: 0.0030090 seconds, Stopping threads took: 0.0000423 seconds
2019-02-01T02:17:58.975+0000: 800644.981: Application time: 0.0001140 seconds
2019-02-01T02:17:58.977+0000: 800644.983: Total time for which application threads were stopped: 0.0021558 seconds, Stopping threads took: 0.0000690 seconds
2019-02-01T02:17:59.743+0000: 800645.749: Application time: 0.7658138 seconds
2019-02-01T02:17:59.747+0000: 800645.753: [GC (Allocation Failure) 2019-02-01T02:17:59.752+0000: 800645.758: [SoftReference, 0 refs, 0.0000244 secs]2019-02-01T02:17:59.752+0000: 800645.758: [WeakReference, 17 refs, 0.0000175 secs]2019-02-01T02:17:59.752+0000: 800645.758: [FinalReference, 279 refs, 0.0001773 secs]2019-02-01T02:17:59.752+0000: 800645.758: [PhantomReference, 0 refs, 0 refs, 0.0000144 secs]2019-02-01T02:17:59.752+0000: 800645.758: [JNI Weak Reference, 0.0000333 secs]
Desired survivor size 5242880 bytes, new threshold 1 (max 15)
[PSYoungGen: 38697K->2388K(39424K)] 754470K->719085K(782336K), 0.0094817 secs] [Times: user=0.13 sys=0.00, real=0.01 secs] 
2019-02-01T02:17:59.756+0000: 800645.762: Total time for which application threads were stopped: 0.0131195 seconds, Stopping threads took: 0.0000584 seconds
2019-02-01T02:17:59.979+0000: 800645.985: Application time: 0.2225339 seconds
2019-02-01T02:17:59.982+0000: 800645.988: Total time for which application threads were stopped: 0.0033476 seconds, Stopping threads took: 0.0000484 seconds
2019-02-01T02:17:59.982+0000: 800645.988: Application time: 0.0000937 seconds
2019-02-01T02:17:59.984+0000: 800645.990: Total time for which application threads were stopped: 0.0017838 seconds, Stopping threads took: 0.0000530 seconds
2019-02-01T02:18:00.385+0000: 800646.391: Application time: 0.4010024 seconds
2019-02-01T02:18:00.389+0000: 800646.394: Total time for which application threads were stopped: 0.0034082 seconds, Stopping threads took: 0.0000539 seconds
2019-02-01T02:18:00.389+0000: 800646.394: Application time: 0.0000939 seconds
2019-02-01T02:18:00.391+0000: 800646.397: Total time for which application threads were stopped: 0.0021277 seconds, Stopping threads took: 0.0000417 seconds
2019-02-01T02:18:00.491+0000: 800646.497: Application time: 0.1006250 seconds
2019-02-01T02:18:00.494+0000: 800646.499: Total time for which application threads were stopped: 0.0022878 seconds, Stopping threads took: 0.0000392 seconds
2019-02-01T02:18:00.494+0000: 800646.500: Application time: 0.0000906 seconds
2019-02-01T02:18:00.496+0000: 800646.501: Total time for which application threads were stopped: 0.0019334 seconds, Stopping threads took: 0.0000271 seconds
2019-02-01T02:18:01.171+0000: 800647.177: Application time: 0.6755647 seconds
2019-02-01T02:18:01.175+0000: 800647.181: Total time for which application threads were stopped: 0.0034883 seconds, Stopping threads took: 0.0000635 seconds
2019-02-01T02:18:01.175+0000: 800647.181: Application time: 0.0002282 seconds
2019-02-01T02:18:01.177+0000: 800647.183: [GC (GCLocker Initiated GC) 2019-02-01T02:18:01.182+0000: 800647.188: [SoftReference, 0 refs, 0.0000320 secs]2019-02-01T02:18:01.182+0000: 800647.188: [WeakReference, 26 refs, 0.0000202 secs]2019-02-01T02:18:01.182+0000: 800647.188: [FinalReference, 267 refs, 0.0001114 secs]2019-02-01T02:18:01.182+0000: 800647.188: [PhantomReference, 0 refs, 0 refs, 0.0000141 secs]2019-02-01T02:18:01.182+0000: 800647.188: [JNI Weak Reference, 0.0000232 secs]
Desired survivor size 5242880 bytes, new threshold 1 (max 15)
[PSYoungGen: 37716K->3277K(38400K)] 754420K->721014K(781312K), 0.0088531 secs] [Times: user=0.08 sys=0.00, real=0.01 secs] 
2019-02-01T02:18:01.186+0000: 800647.192: Total time for which application threads were stopped: 0.0112715 seconds, Stopping threads took: 0.0000466 seconds
2019-02-01T02:18:01.197+0000: 800647.203: Application time: 0.0108165 seconds
2019-02-01T02:18:01.202+0000: 800647.207: Total time for which application threads were stopped: 0.0045498 seconds, Stopping threads took: 0.0000447 seconds
2019-02-01T02:18:01.202+0000: 800647.208: Application time: 0.0000873 seconds
2019-02-01T02:18:01.204+0000: 800647.210: Total time for which application threads were stopped: 0.0022063 seconds, Stopping threads took: 0.0000525 seconds
2019-02-01T02:18:01.247+0000: 800647.253: Application time: 0.0431037 seconds
2019-02-01T02:18:01.249+0000: 800647.255: Total time for which application threads were stopped: 0.0023632 seconds, Stopping threads took: 0.0000462 seconds
2019-02-01T02:18:01.304+0000: 800647.310: Application time: 0.0549518 seconds
2019-02-01T02:18:01.307+0000: 800647.313: Total time for which application threads were stopped: 0.0025571 seconds, Stopping threads took: 0.0000869 seconds
2019-02-01T02:18:01.906+0000: 800647.912: Application time: 0.5989978 seconds
2019-02-01T02:18:01.909+0000: 800647.915: Total time for which application threads were stopped: 0.0032783 seconds, Stopping threads took: 0.0000617 seconds
2019-02-01T02:18:02.565+0000: 800648.571: Application time: 0.6558181 seconds
2019-02-01T02:18:02.568+0000: 800648.574: [GC (Allocation Failure) 2019-02-01T02:18:02.573+0000: 800648.578: [SoftReference, 0 refs, 0.0000247 secs]2019-02-01T02:18:02.573+0000: 800648.578: [WeakReference, 19 refs, 0.0000180 secs]2019-02-01T02:18:02.573+0000: 800648.578: [FinalReference, 224 refs, 0.0000840 secs]2019-02-01T02:18:02.573+0000: 800648.578: [PhantomReference, 0 refs, 0 refs, 0.0000139 secs]2019-02-01T02:18:02.573+0000: 800648.579: [JNI Weak Reference, 0.0000284 secs]
Desired survivor size 5242880 bytes, new threshold 1 (max 15)
[PSYoungGen: 38093K->2491K(38912K)] 755834K->721406K(781824K), 0.0082373 secs] [Times: user=0.10 sys=0.00, real=0.01 secs] 
2019-02-01T02:18:02.577+0000: 800648.582: Total time for which application threads were stopped: 0.0114588 seconds, Stopping threads took: 0.0000538 seconds
2019-02-01T02:18:03.078+0000: 800649.084: Application time: 0.5014498 seconds
2019-02-01T02:18:03.081+0000: 800649.087: Total time for which application threads were stopped: 0.0031623 seconds, Stopping threads took: 0.0000606 seconds
2019-02-01T02:18:03.683+0000: 800649.689: Application time: 0.6016285 seconds
2019-02-01T02:18:03.686+0000: 800649.692: [GC (Allocation Failure) 2019-02-01T02:18:03.691+0000: 800649.696: [SoftReference, 0 refs, 0.0000347 secs]2019-02-01T02:18:03.691+0000: 800649.696: [WeakReference, 18 refs, 0.0000168 secs]2019-02-01T02:18:03.691+0000: 800649.696: [FinalReference, 262 refs, 0.0001209 secs]2019-02-01T02:18:03.691+0000: 800649.696: [PhantomReference, 0 refs, 0 refs, 0.0000142 secs]2019-02-01T02:18:03.691+0000: 800649.696: [JNI Weak Reference, 0.0000227 secs]
Desired survivor size 5242880 bytes, new threshold 1 (max 15)
[PSYoungGen: 36795K->2639K(36864K)] 755710K->722757K(779776K), 0.0083985 secs] [Times: user=0.07 sys=0.01, real=0.00 secs] 
2019-02-01T02:18:03.694+0000: 800649.700: Total time for which application threads were stopped: 0.0116530 seconds, Stopping threads took: 0.0000804 seconds
2019-02-01T02:18:04.609+0000: 800650.614: Application time: 0.9141919 seconds
2019-02-01T02:18:04.612+0000: 800650.617: Total time for which application threads were stopped: 0.0030193 seconds, Stopping threads took: 0.0000510 seconds
2019-02-01T02:18:04.757+0000: 800650.763: Application time: 0.1456711 seconds
2019-02-01T02:18:04.760+0000: 800650.766: [GC (Allocation Failure) 2019-02-01T02:18:04.765+0000: 800650.771: [SoftReference, 0 refs, 0.0000322 secs]2019-02-01T02:18:04.765+0000: 800650.771: [WeakReference, 19 refs, 0.0000184 secs]2019-02-01T02:18:04.765+0000: 800650.771: [FinalReference, 313 refs, 0.0001589 secs]2019-02-01T02:18:04.765+0000: 800650.771: [PhantomReference, 0 refs, 0 refs, 0.0000142 secs]2019-02-01T02:18:04.765+0000: 800650.771: [JNI Weak Reference, 0.0000281 secs]
Desired survivor size 5242880 bytes, new threshold 1 (max 15)
[PSYoungGen: 36431K->3414K(37888K)] 756549K->724780K(780800K), 0.0095831 secs] [Times: user=0.10 sys=0.00, real=0.01 secs] 
2019-02-01T02:18:04.770+0000: 800650.775: Total time for which application threads were stopped: 0.0122843 seconds, Stopping threads took: 0.0000394 seconds
2019-02-01T02:18:06.016+0000: 800652.022: Application time: 1.2462029 seconds
2019-02-01T02:18:06.019+0000: 800652.025: Total time for which application threads were stopped: 0.0031002 seconds, Stopping threads took: 0.0000694 seconds
2019-02-01T02:18:06.019+0000: 800652.025: Application time: 0.0000562 seconds
2019-02-01T02:18:06.021+0000: 800652.027: Total time for which application threads were stopped: 0.0019302 seconds, Stopping threads took: 0.0000400 seconds
2019-02-01T02:18:06.087+0000: 800652.093: Application time: 0.0661118 seconds
2019-02-01T02:18:06.089+0000: 800652.095: [GC (Allocation Failure) 2019-02-01T02:18:06.093+0000: 800652.099: [SoftReference, 0 refs, 0.0000327 secs]2019-02-01T02:18:06.093+0000: 800652.099: [WeakReference, 19 refs, 0.0000176 secs]2019-02-01T02:18:06.093+0000: 800652.099: [FinalReference, 244 refs, 0.0000970 secs]2019-02-01T02:18:06.093+0000: 800652.099: [PhantomReference, 0 refs, 0 refs, 0.0000140 secs]2019-02-01T02:18:06.093+0000: 800652.099: [JNI Weak Reference, 0.0000222 secs]
Desired survivor size 4718592 bytes, new threshold 1 (max 15)
[PSYoungGen: 36694K->2837K(35840K)] 758060K->724959K(778752K), 0.0079818 secs] [Times: user=0.08 sys=0.00, real=0.01 secs] 
2019-02-01T02:18:06.097+0000: 800652.103: Total time for which application threads were stopped: 0.0101158 seconds, Stopping threads took: 0.0000361 seconds
2019-02-01T02:18:06.822+0000: 800652.828: Application time: 0.7246026 seconds
2019-02-01T02:18:06.826+0000: 800652.832: Total time for which application threads were stopped: 0.0045309 seconds, Stopping threads took: 0.0014322 seconds
2019-02-01T02:18:06.826+0000: 800652.832: Application time: 0.0000540 seconds
2019-02-01T02:18:06.828+0000: 800652.834: Total time for which application threads were stopped: 0.0020842 seconds, Stopping threads took: 0.0000950 seconds
2019-02-01T02:18:06.929+0000: 800652.935: Application time: 0.1005338 seconds
2019-02-01T02:18:06.931+0000: 800652.937: Total time for which application threads were stopped: 0.0024565 seconds, Stopping threads took: 0.0000432 seconds
2019-02-01T02:18:06.931+0000: 800652.937: Application time: 0.0000569 seconds
2019-02-01T02:18:06.933+0000: 800652.939: Total time for which application threads were stopped: 0.0018545 seconds, Stopping threads took: 0.0000271 seconds
2019-02-01T02:18:06.949+0000: 800652.955: Application time: 0.0156855 seconds
2019-02-01T02:18:06.951+0000: 800652.957: Total time for which application threads were stopped: 0.0018210 seconds, Stopping threads took: 0.0000359 seconds
2019-02-01T02:18:07.001+0000: 800653.007: Application time: 0.0503718 seconds
2019-02-01T02:18:07.003+0000: 800653.009: Total time for which application threads were stopped: 0.0020365 seconds, Stopping threads took: 0.0000370 seconds
2019-02-01T02:18:07.124+0000: 800653.130: Application time: 0.1209308 seconds
2019-02-01T02:18:07.127+0000: 800653.133: [GC (Allocation Failure) 2019-02-01T02:18:07.131+0000: 800653.137: [SoftReference, 0 refs, 0.0000329 secs]2019-02-01T02:18:07.131+0000: 800653.137: [WeakReference, 24 refs, 0.0000187 secs]2019-02-01T02:18:07.131+0000: 800653.137: [FinalReference, 174 refs, 0.0000886 secs]2019-02-01T02:18:07.131+0000: 800653.137: [PhantomReference, 0 refs, 0 refs, 0.0000142 secs]2019-02-01T02:18:07.131+0000: 800653.137: [JNI Weak Reference, 0.0000226 secs]
Desired survivor size 4718592 bytes, new threshold 1 (max 15)
[PSYoungGen: 35605K->3215K(36352K)] 757727K->726942K(779264K), 0.0083234 secs] [Times: user=0.11 sys=0.01, real=0.01 secs] 
2019-02-01T02:18:07.135+0000: 800653.141: Total time for which application threads were stopped: 0.0109781 seconds, Stopping threads took: 0.0000443 seconds
2019-02-01T02:18:07.204+0000: 800653.210: Application time: 0.0687171 seconds
2019-02-01T02:18:07.207+0000: 800653.213: Total time for which application threads were stopped: 0.0029034 seconds, Stopping threads took: 0.0000535 seconds
2019-02-01T02:18:08.508+0000: 800654.514: Application time: 1.3014320 seconds
2019-02-01T02:18:08.511+0000: 800654.517: [GC (Allocation Failure) 2019-02-01T02:18:08.516+0000: 800654.521: [SoftReference, 0 refs, 0.0000194 secs]2019-02-01T02:18:08.516+0000: 800654.521: [WeakReference, 19 refs, 0.0000105 secs]2019-02-01T02:18:08.516+0000: 800654.521: [FinalReference, 253 refs, 0.0000984 secs]2019-02-01T02:18:08.516+0000: 800654.522: [PhantomReference, 0 refs, 0 refs, 0.0000082 secs]2019-02-01T02:18:08.516+0000: 800654.522: [JNI Weak Reference, 0.0000194 secs]
Desired survivor size 4718592 bytes, new threshold 1 (max 15)
[PSYoungGen: 35471K->3098K(35328K)] 759198K->728184K(778240K), 0.0071366 secs] [Times: user=0.07 sys=0.01, real=0.01 secs] 
2019-02-01T02:18:08.518+0000: 800654.524: Total time for which application threads were stopped: 0.0101314 seconds, Stopping threads took: 0.0000619 seconds
2019-02-01T02:18:09.907+0000: 800655.913: Application time: 1.3883774 seconds
2019-02-01T02:18:09.910+0000: 800655.916: [GC (Allocation Failure) 2019-02-01T02:18:09.915+0000: 800655.920: [SoftReference, 0 refs, 0.0000334 secs]2019-02-01T02:18:09.915+0000: 800655.920: [WeakReference, 6 refs, 0.0000146 secs]2019-02-01T02:18:09.915+0000: 800655.920: [FinalReference, 204 refs, 0.0001354 secs]2019-02-01T02:18:09.915+0000: 800655.921: [PhantomReference, 0 refs, 0 refs, 0.0000143 secs]2019-02-01T02:18:09.915+0000: 800655.921: [JNI Weak Reference, 0.0000222 secs]
Desired survivor size 4718592 bytes, new threshold 1 (max 15)
[PSYoungGen: 34842K->2179K(35328K)] 759928K->728594K(778240K), 0.0087241 secs] [Times: user=0.10 sys=0.00, real=0.01 secs] 
2019-02-01T02:18:09.919+0000: 800655.924: Total time for which application threads were stopped: 0.0118364 seconds, Stopping threads took: 0.0000553 seconds
2019-02-01T02:18:11.057+0000: 800657.063: Application time: 1.1388608 seconds
2019-02-01T02:18:11.060+0000: 800657.066: Total time for which application threads were stopped: 0.0029318 seconds, Stopping threads took: 0.0000563 seconds
2019-02-01T02:18:11.061+0000: 800657.066: Application time: 0.0000928 seconds
2019-02-01T02:18:11.062+0000: 800657.068: [GC (GCLocker Initiated GC) 2019-02-01T02:18:11.069+0000: 800657.075: [SoftReference, 0 refs, 0.0000327 secs]2019-02-01T02:18:11.069+0000: 800657.075: [WeakReference, 9 refs, 0.0000296 secs]2019-02-01T02:18:11.069+0000: 800657.075: [FinalReference, 273 refs, 0.0000965 secs]2019-02-01T02:18:11.069+0000: 800657.075: [PhantomReference, 0 refs, 0 refs, 0.0000080 secs]2019-02-01T02:18:11.069+0000: 800657.075: [JNI Weak Reference, 0.0000152 secs]
Desired survivor size 4718592 bytes, new threshold 1 (max 15)
[PSYoungGen: 33411K->2173K(33280K)] 759826K->729619K(776192K), 0.0105604 secs] [Times: user=0.19 sys=0.00, real=0.01 secs] 
2019-02-01T02:18:11.073+0000: 800657.078: Total time for which application threads were stopped: 0.0120709 seconds, Stopping threads took: 0.0000246 seconds
2019-02-01T02:18:12.820+0000: 800658.825: Application time: 1.7470836 seconds
2019-02-01T02:18:12.823+0000: 800658.828: [GC (Allocation Failure) 2019-02-01T02:18:12.830+0000: 800658.836: [SoftReference, 0 refs, 0.0000323 secs]2019-02-01T02:18:12.830+0000: 800658.836: [WeakReference, 4 refs, 0.0000142 secs]2019-02-01T02:18:12.830+0000: 800658.836: [FinalReference, 179 refs, 0.0000787 secs]2019-02-01T02:18:12.830+0000: 800658.836: [PhantomReference, 0 refs, 0 refs, 0.0000141 secs]2019-02-01T02:18:12.830+0000: 800658.836: [JNI Weak Reference, 0.0000277 secs]
Desired survivor size 4718592 bytes, new threshold 1 (max 15)
[PSYoungGen: 32893K->1600K(34304K)] 760342K->729559K(777216K), 0.0115567 secs] [Times: user=0.19 sys=0.00, real=0.01 secs] 
2019-02-01T02:18:12.834+0000: 800658.840: Total time for which application threads were stopped: 0.0146786 seconds, Stopping threads took: 0.0000509 seconds
2019-02-01T02:18:14.243+0000: 800660.248: Application time: 1.4082179 seconds
2019-02-01T02:18:14.246+0000: 800660.252: Total time for which application threads were stopped: 0.0035648 seconds, Stopping threads took: 0.0001216 seconds
2019-02-01T02:18:14.246+0000: 800660.252: Application time: 0.0002324 seconds
2019-02-01T02:18:14.248+0000: 800660.254: [GC (GCLocker Initiated GC) 2019-02-01T02:18:14.254+0000: 800660.259: [SoftReference, 0 refs, 0.0000204 secs]2019-02-01T02:18:14.254+0000: 800660.259: [WeakReference, 12 refs, 0.0000097 secs]2019-02-01T02:18:14.254+0000: 800660.259: [FinalReference, 201 refs, 0.0000835 secs]2019-02-01T02:18:14.254+0000: 800660.259: [PhantomReference, 0 refs, 0 refs, 0.0000174 secs]2019-02-01T02:18:14.254+0000: 800660.259: [JNI Weak Reference, 0.0000160 secs]
Desired survivor size 5242880 bytes, new threshold 1 (max 15)
[PSYoungGen: 31808K->4463K(34304K)] 759811K->733152K(777216K), 0.0078263 secs] [Times: user=0.10 sys=0.00, real=0.01 secs] 
2019-02-01T02:18:14.256+0000: 800660.262: Total time for which application threads were stopped: 0.0100291 seconds, Stopping threads took: 0.0001297 seconds
2019-02-01T02:18:15.212+0000: 800661.217: Application time: 0.9551249 seconds
2019-02-01T02:18:15.215+0000: 800661.220: [GC (Allocation Failure) 2019-02-01T02:18:15.222+0000: 800661.228: [SoftReference, 0 refs, 0.0000263 secs]2019-02-01T02:18:15.222+0000: 800661.228: [WeakReference, 18 refs, 0.0000163 secs]2019-02-01T02:18:15.222+0000: 800661.228: [FinalReference, 225 refs, 0.0001003 secs]2019-02-01T02:18:15.222+0000: 800661.228: [PhantomReference, 0 refs, 0 refs, 0.0000141 secs]2019-02-01T02:18:15.222+0000: 800661.228: [JNI Weak Reference, 0.0000218 secs]
Desired survivor size 5242880 bytes, new threshold 1 (max 15)
[PSYoungGen: 34159K->3657K(34816K)] 762889K->733656K(777728K), 0.0111871 secs] [Times: user=0.16 sys=0.01, real=0.02 secs] 
2019-02-01T02:18:15.226+0000: 800661.232: Total time for which application threads were stopped: 0.0143802 seconds, Stopping threads took: 0.0000517 seconds
2019-02-01T02:18:16.617+0000: 800662.623: Application time: 1.3912800 seconds
2019-02-01T02:18:16.620+0000: 800662.626: [GC (Allocation Failure) 2019-02-01T02:18:16.625+0000: 800662.631: [SoftReference, 0 refs, 0.0000253 secs]2019-02-01T02:18:16.625+0000: 800662.631: [WeakReference, 13 refs, 0.0000156 secs]2019-02-01T02:18:16.625+0000: 800662.631: [FinalReference, 205 refs, 0.0000952 secs]2019-02-01T02:18:16.625+0000: 800662.631: [PhantomReference, 0 refs, 0 refs, 0.0000139 secs]2019-02-01T02:18:16.625+0000: 800662.631: [JNI Weak Reference, 0.0000220 secs]
Desired survivor size 5242880 bytes, new threshold 1 (max 15)
[PSYoungGen: 33353K->2907K(34816K)] 763352K->734057K(777728K), 0.0086007 secs] [Times: user=0.10 sys=0.00, real=0.01 secs] 
2019-02-01T02:18:16.629+0000: 800662.635: Total time for which application threads were stopped: 0.0117446 seconds, Stopping threads took: 0.0000529 seconds
2019-02-01T02:18:17.378+0000: 800663.384: Application time: 0.7489551 seconds
2019-02-01T02:18:17.381+0000: 800663.387: [GC (Allocation Failure) 2019-02-01T02:18:17.385+0000: 800663.391: [SoftReference, 0 refs, 0.0000263 secs]2019-02-01T02:18:17.385+0000: 800663.391: [WeakReference, 37 refs, 0.0000186 secs]2019-02-01T02:18:17.385+0000: 800663.391: [FinalReference, 168 refs, 0.0000844 secs]2019-02-01T02:18:17.385+0000: 800663.391: [PhantomReference, 0 refs, 0 refs, 0.0000139 secs]2019-02-01T02:18:17.385+0000: 800663.391: [JNI Weak Reference, 0.0000221 secs]
Desired survivor size 5242880 bytes, new threshold 1 (max 15)
[PSYoungGen: 32580K->3199K(34816K)] 763730K->735454K(777728K), 0.0077482 secs] [Times: user=0.10 sys=0.00, real=0.01 secs] 
2019-02-01T02:18:17.389+0000: 800663.395: Total time for which application threads were stopped: 0.0109600 seconds, Stopping threads took: 0.0000728 seconds
2019-02-01T02:18:18.443+0000: 800664.448: Application time: 1.0536662 seconds
2019-02-01T02:18:18.446+0000: 800664.451: [GC (Allocation Failure) 2019-02-01T02:18:18.453+0000: 800664.459: [SoftReference, 0 refs, 0.0000242 secs]2019-02-01T02:18:18.453+0000: 800664.459: [WeakReference, 7 refs, 0.0000147 secs]2019-02-01T02:18:18.453+0000: 800664.459: [FinalReference, 215 refs, 0.0001304 secs]2019-02-01T02:18:18.453+0000: 800664.459: [PhantomReference, 0 refs, 0 refs, 0.0000142 secs]2019-02-01T02:18:18.453+0000: 800664.459: [JNI Weak Reference, 0.0000227 secs]
Desired survivor size 4718592 bytes, new threshold 1 (max 15)
[PSYoungGen: 32895K->2875K(34816K)] 765150K->736372K(777728K), 0.0111479 secs] [Times: user=0.19 sys=0.00, real=0.02 secs] 
2019-02-01T02:18:18.457+0000: 800664.463: Total time for which application threads were stopped: 0.0143017 seconds, Stopping threads took: 0.0000561 seconds
2019-02-01T02:18:19.825+0000: 800665.831: Application time: 1.3682459 seconds
2019-02-01T02:18:19.828+0000: 800665.834: Total time for which application threads were stopped: 0.0029987 seconds, Stopping threads took: 0.0000671 seconds
2019-02-01T02:18:19.828+0000: 800665.834: Application time: 0.0001171 seconds
2019-02-01T02:18:19.830+0000: 800665.836: [GC (GCLocker Initiated GC) 2019-02-01T02:18:19.834+0000: 800665.840: [SoftReference, 0 refs, 0.0000258 secs]2019-02-01T02:18:19.834+0000: 800665.840: [WeakReference, 17 refs, 0.0000169 secs]2019-02-01T02:18:19.834+0000: 800665.840: [FinalReference, 242 refs, 0.0001480 secs]2019-02-01T02:18:19.834+0000: 800665.840: [PhantomReference, 0 refs, 0 refs, 0.0000143 secs]2019-02-01T02:18:19.834+0000: 800665.840: [JNI Weak Reference, 0.0000288 secs]
Desired survivor size 5242880 bytes, new threshold 1 (max 15)
[PSYoungGen: 32571K->3626K(33792K)] 766071K->738320K(776704K), 0.0076710 secs] [Times: user=0.08 sys=0.01, real=0.01 secs] 
2019-02-01T02:18:19.838+0000: 800665.844: Total time for which application threads were stopped: 0.0097902 seconds, Stopping threads took: 0.0000320 seconds
2019-02-01T02:18:21.064+0000: 800667.069: Application time: 1.2257082 seconds
2019-02-01T02:18:21.067+0000: 800667.072: Total time for which application threads were stopped: 0.0030076 seconds, Stopping threads took: 0.0000835 seconds
2019-02-01T02:18:21.067+0000: 800667.073: Application time: 0.0001385 seconds
2019-02-01T02:18:21.069+0000: 800667.075: [GC (GCLocker Initiated GC) 2019-02-01T02:18:21.077+0000: 800667.083: [SoftReference, 0 refs, 0.0000342 secs]2019-02-01T02:18:21.077+0000: 800667.083: [WeakReference, 8 refs, 0.0000152 secs]2019-02-01T02:18:21.077+0000: 800667.083: [FinalReference, 282 refs, 0.0001251 secs]2019-02-01T02:18:21.077+0000: 800667.083: [PhantomReference, 0 refs, 0 refs, 0.0000144 secs]2019-02-01T02:18:21.077+0000: 800667.083: [JNI Weak Reference, 0.0000297 secs]
Desired survivor size 4718592 bytes, new threshold 1 (max 15)
[PSYoungGen: 33322K->3027K(38400K)] 768020K->738426K(781312K), 0.0120196 secs] [Times: user=0.20 sys=0.00, real=0.01 secs] 
2019-02-01T02:18:21.081+0000: 800667.087: Total time for which application threads were stopped: 0.0141070 seconds, Stopping threads took: 0.0000875 seconds
2019-02-01T02:18:22.046+0000: 800668.052: Application time: 0.9647688 seconds
2019-02-01T02:18:22.049+0000: 800668.055: [GC (Allocation Failure) 2019-02-01T02:18:22.058+0000: 800668.063: [SoftReference, 0 refs, 0.0000212 secs]2019-02-01T02:18:22.058+0000: 800668.063: [WeakReference, 8 refs, 0.0000137 secs]2019-02-01T02:18:22.058+0000: 800668.063: [FinalReference, 254 refs, 0.0001292 secs]2019-02-01T02:18:22.058+0000: 800668.064: [PhantomReference, 0 refs, 0 refs, 0.0000140 secs]2019-02-01T02:18:22.058+0000: 800668.064: [JNI Weak Reference, 0.0000269 secs]
Desired survivor size 4718592 bytes, new threshold 1 (max 15)
[PSYoungGen: 36307K->1876K(39424K)] 771709K->737918K(782336K), 0.0124192 secs] [Times: user=0.22 sys=0.00, real=0.01 secs] 
2019-02-01T02:18:22.061+0000: 800668.067: Total time for which application threads were stopped: 0.0154894 seconds, Stopping threads took: 0.0000509 seconds
2019-02-01T02:18:23.388+0000: 800669.394: Application time: 1.3267474 seconds
2019-02-01T02:18:23.391+0000: 800669.397: Total time for which application threads were stopped: 0.0030447 seconds, Stopping threads took: 0.0000598 seconds
2019-02-01T02:18:23.391+0000: 800669.397: Application time: 0.0001303 seconds
2019-02-01T02:18:23.393+0000: 800669.399: [GC (GCLocker Initiated GC) 2019-02-01T02:18:23.398+0000: 800669.404: [SoftReference, 0 refs, 0.0000211 secs]2019-02-01T02:18:23.398+0000: 800669.404: [WeakReference, 10 refs, 0.0000095 secs]2019-02-01T02:18:23.398+0000: 800669.404: [FinalReference, 266 refs, 0.0000807 secs]2019-02-01T02:18:23.398+0000: 800669.404: [PhantomReference, 0 refs, 0 refs, 0.0000079 secs]2019-02-01T02:18:23.398+0000: 800669.404: [JNI Weak Reference, 0.0000159 secs]
Desired survivor size 5242880 bytes, new threshold 1 (max 15)
[PSYoungGen: 36692K->4453K(39424K)] 772743K->741502K(782336K), 0.0077330 secs] [Times: user=0.10 sys=0.00, real=0.01 secs] 
2019-02-01T02:18:23.401+0000: 800669.406: Total time for which application threads were stopped: 0.0094396 seconds, Stopping threads took: 0.0000281 seconds
2019-02-01T02:18:24.896+0000: 800670.902: Application time: 1.4951607 seconds
2019-02-01T02:18:24.899+0000: 800670.905: [GC (Allocation Failure) 2019-02-01T02:18:24.903+0000: 800670.909: [SoftReference, 0 refs, 0.0000313 secs]2019-02-01T02:18:24.903+0000: 800670.909: [WeakReference, 23 refs, 0.0000191 secs]2019-02-01T02:18:24.903+0000: 800670.909: [FinalReference, 187 refs, 0.0001197 secs]2019-02-01T02:18:24.903+0000: 800670.909: [PhantomReference, 0 refs, 0 refs, 0.0000143 secs]2019-02-01T02:18:24.904+0000: 800670.909: [JNI Weak Reference, 0.0000295 secs]
Desired survivor size 5242880 bytes, new threshold 1 (max 15)
[PSYoungGen: 39269K->3394K(37888K)] 776322K->741327K(780800K), 0.0082278 secs] [Times: user=0.08 sys=0.01, real=0.00 secs] 
2019-02-01T02:18:24.907+0000: 800670.913: Total time for which application threads were stopped: 0.0114515 seconds, Stopping threads took: 0.0000532 seconds
2019-02-01T02:18:26.208+0000: 800672.213: Application time: 1.3004681 seconds
2019-02-01T02:18:26.211+0000: 800672.216: [GC (Allocation Failure) 2019-02-01T02:18:26.216+0000: 800672.222: [SoftReference, 0 refs, 0.0000420 secs]2019-02-01T02:18:26.216+0000: 800672.222: [WeakReference, 6 refs, 0.0000235 secs]2019-02-01T02:18:26.216+0000: 800672.222: [FinalReference, 329 refs, 0.0001681 secs]2019-02-01T02:18:26.216+0000: 800672.222: [PhantomReference, 0 refs, 0 refs, 0.0000187 secs]2019-02-01T02:18:26.216+0000: 800672.222: [JNI Weak Reference, 0.0000221 secs]
Desired survivor size 5242880 bytes, new threshold 1 (max 15)
[PSYoungGen: 37693K->1915K(35840K)] 775626K->740641K(778752K), 0.0103319 secs] [Times: user=0.10 sys=0.00, real=0.01 secs] 
2019-02-01T02:18:26.221+0000: 800672.227: Total time for which application threads were stopped: 0.0134427 seconds, Stopping threads took: 0.0000610 seconds
2019-02-01T02:18:27.372+0000: 800673.378: Application time: 1.1506748 seconds
2019-02-01T02:18:27.375+0000: 800673.380: Total time for which application threads were stopped: 0.0027931 seconds, Stopping threads took: 0.0000637 seconds
2019-02-01T02:18:27.375+0000: 800673.380: Application time: 0.0000959 seconds
2019-02-01T02:18:27.376+0000: 800673.382: Total time for which application threads were stopped: 0.0015856 seconds, Stopping threads took: 0.0000437 seconds
2019-02-01T02:18:27.685+0000: 800673.691: Application time: 0.3089392 seconds
2019-02-01T02:18:27.688+0000: 800673.694: [GC (Allocation Failure) 2019-02-01T02:18:27.693+0000: 800673.699: [SoftReference, 0 refs, 0.0000159 secs]2019-02-01T02:18:27.693+0000: 800673.699: [WeakReference, 13 refs, 0.0000076 secs]2019-02-01T02:18:27.693+0000: 800673.699: [FinalReference, 252 refs, 0.0001419 secs]2019-02-01T02:18:27.694+0000: 800673.699: [PhantomReference, 0 refs, 0 refs, 0.0000080 secs]2019-02-01T02:18:27.694+0000: 800673.699: [JNI Weak Reference, 0.0000138 secs]
Desired survivor size 5242880 bytes, new threshold 1 (max 15)
[PSYoungGen: 35628K->3251K(36864K)] 774354K->742856K(779776K), 0.0083366 secs] [Times: user=0.06 sys=0.00, real=0.00 secs] 
2019-02-01T02:18:27.696+0000: 800673.702: Total time for which application threads were stopped: 0.0111626 seconds, Stopping threads took: 0.0000409 seconds
2019-02-01T02:18:29.037+0000: 800675.043: Application time: 1.3403210 seconds
2019-02-01T02:18:29.039+0000: 800675.045: [GC (Allocation Failure) 2019-02-01T02:18:29.044+0000: 800675.050: [SoftReference, 0 refs, 0.0000621 secs]2019-02-01T02:18:29.044+0000: 800675.050: [WeakReference, 11 refs, 0.0000092 secs]2019-02-01T02:18:29.044+0000: 800675.050: [FinalReference, 288 refs, 0.0000856 secs]2019-02-01T02:18:29.044+0000: 800675.050: [PhantomReference, 0 refs, 0 refs, 0.0000084 secs]2019-02-01T02:18:29.044+0000: 800675.050: [JNI Weak Reference, 0.0000185 secs]
Desired survivor size 5242880 bytes, new threshold 1 (max 15)
[PSYoungGen: 36528K->2469K(35328K)] 776134K->742955K(778240K), 0.0074728 secs] [Times: user=0.07 sys=0.00, real=0.00 secs] 
2019-02-01T02:18:29.047+0000: 800675.053: Total time for which application threads were stopped: 0.0100945 seconds, Stopping threads took: 0.0000586 seconds
2019-02-01T02:18:30.465+0000: 800676.471: Application time: 1.4184512 seconds
2019-02-01T02:18:30.468+0000: 800676.474: [GC (Allocation Failure) 2019-02-01T02:18:30.472+0000: 800676.478: [SoftReference, 0 refs, 0.0000354 secs]2019-02-01T02:18:30.472+0000: 800676.478: [WeakReference, 8 refs, 0.0000081 secs]2019-02-01T02:18:30.472+0000: 800676.478: [FinalReference, 213 refs, 0.0000645 secs]2019-02-01T02:18:30.472+0000: 800676.478: [PhantomReference, 0 refs, 0 refs, 0.0000101 secs]2019-02-01T02:18:30.472+0000: 800676.478: [JNI Weak Reference, 0.0000193 secs]
Desired survivor size 5242880 bytes, new threshold 1 (max 15)
[PSYoungGen: 35237K->2133K(36864K)] 775723K->743141K(779776K), 0.0070592 secs] [Times: user=0.09 sys=0.00, real=0.01 secs] 
2019-02-01T02:18:30.475+0000: 800676.481: Total time for which application threads were stopped: 0.0099402 seconds, Stopping threads took: 0.0000392 seconds
2019-02-01T02:18:31.424+0000: 800677.430: Application time: 0.9492113 seconds
2019-02-01T02:18:31.427+0000: 800677.433: [GC (Allocation Failure) 2019-02-01T02:18:31.432+0000: 800677.438: [SoftReference, 0 refs, 0.0000152 secs]2019-02-01T02:18:31.432+0000: 800677.438: [WeakReference, 11 refs, 0.0000075 secs]2019-02-01T02:18:31.432+0000: 800677.438: [FinalReference, 269 refs, 0.0000758 secs]2019-02-01T02:18:31.432+0000: 800677.438: [PhantomReference, 0 refs, 0 refs, 0.0000115 secs]2019-02-01T02:18:31.432+0000: 800677.438: [JNI Weak Reference, 0.0000343 secs]
Desired survivor size 4718592 bytes, new threshold 1 (max 15)
[PSYoungGen: 34382K->2388K(34304K)] 775391K->744006K(777216K), 0.0081091 secs] [Times: user=0.10 sys=0.00, real=0.01 secs] 
2019-02-01T02:18:31.435+0000: 800677.441: [Full GC (Ergonomics) 2019-02-01T02:18:31.479+0000: 800677.485: [SoftReference, 216 refs, 0.0001158 secs]2019-02-01T02:18:31.479+0000: 800677.485: [WeakReference, 3312 refs, 0.0006300 secs]2019-02-01T02:18:31.480+0000: 800677.486: [FinalReference, 1319 refs, 0.0007287 secs]2019-02-01T02:18:31.481+0000: 800677.486: [PhantomReference, 0 refs, 413 refs, 0.0000597 secs]2019-02-01T02:18:31.481+0000: 800677.486: [JNI Weak Reference, 0.0000205 secs][PSYoungGen: 2388K->0K(34304K)] [ParOldGen: 741618K->644025K(700928K)] 744006K->644025K(735232K), [Metaspace: 75231K->75231K(1118208K)], 0.2098192 secs] [Times: user=4.06 sys=0.00, real=0.21 secs] 
2019-02-01T02:18:31.645+0000: 800677.651: Total time for which application threads were stopped: 0.2208264 seconds, Stopping threads took: 0.0000459 seconds
2019-02-01T02:18:32.468+0000: 800678.474: Application time: 0.8225715 seconds
2019-02-01T02:18:32.471+0000: 800678.477: [GC (Allocation Failure) 2019-02-01T02:18:32.478+0000: 800678.484: [SoftReference, 0 refs, 0.0000187 secs]2019-02-01T02:18:32.478+0000: 800678.484: [WeakReference, 13 refs, 0.0000126 secs]2019-02-01T02:18:32.478+0000: 800678.484: [FinalReference, 241 refs, 0.0001331 secs]2019-02-01T02:18:32.478+0000: 800678.484: [PhantomReference, 0 refs, 0 refs, 0.0000126 secs]2019-02-01T02:18:32.478+0000: 800678.484: [JNI Weak Reference, 0.0000198 secs]
Desired survivor size 5242880 bytes, new threshold 1 (max 15)
[PSYoungGen: 31744K->4607K(35840K)] 675769K->648657K(736768K), 0.0107332 secs] [Times: user=0.18 sys=0.00, real=0.01 secs] 
2019-02-01T02:18:32.482+0000: 800678.488: Total time for which application threads were stopped: 0.0139018 seconds, Stopping threads took: 0.0000652 seconds
2019-02-01T02:18:33.197+0000: 800679.202: Application time: 0.7148141 seconds
2019-02-01T02:18:33.199+0000: 800679.205: Total time for which application threads were stopped: 0.0025845 seconds, Stopping threads took: 0.0000560 seconds
2019-02-01T02:18:33.199+0000: 800679.205: Application time: 0.0001501 seconds
2019-02-01T02:18:33.201+0000: 800679.206: [GC (GCLocker Initiated GC) 2019-02-01T02:18:33.204+0000: 800679.210: [SoftReference, 0 refs, 0.0000162 secs]2019-02-01T02:18:33.204+0000: 800679.210: [WeakReference, 9 refs, 0.0000077 secs]2019-02-01T02:18:33.204+0000: 800679.210: [FinalReference, 324 refs, 0.0000762 secs]2019-02-01T02:18:33.204+0000: 800679.210: [PhantomReference, 0 refs, 0 refs, 0.0000074 secs]2019-02-01T02:18:33.204+0000: 800679.210: [JNI Weak Reference, 0.0000181 secs]
Desired survivor size 7340032 bytes, new threshold 1 (max 15)
[PSYoungGen: 35839K->5113K(35840K)] 679890K->651961K(736768K), 0.0064204 secs] [Times: user=0.08 sys=0.00, real=0.00 secs] 
2019-02-01T02:18:33.207+0000: 800679.213: Total time for which application threads were stopped: 0.0078202 seconds, Stopping threads took: 0.0000185 seconds
2019-02-01T02:18:34.291+0000: 800680.297: Application time: 1.0841582 seconds
2019-02-01T02:18:34.294+0000: 800680.300: [GC (Allocation Failure) 2019-02-01T02:18:34.298+0000: 800680.304: [SoftReference, 0 refs, 0.0000198 secs]2019-02-01T02:18:34.298+0000: 800680.304: [WeakReference, 5 refs, 0.0000123 secs]2019-02-01T02:18:34.298+0000: 800680.304: [FinalReference, 169 refs, 0.0000645 secs]2019-02-01T02:18:34.298+0000: 800680.304: [PhantomReference, 0 refs, 0 refs, 0.0000075 secs]2019-02-01T02:18:34.298+0000: 800680.304: [JNI Weak Reference, 0.0000141 secs]
Desired survivor size 6815744 bytes, new threshold 1 (max 15)
[PSYoungGen: 35833K->2274K(35840K)] 684041K->652521K(736768K), 0.0064454 secs] [Times: user=0.08 sys=0.00, real=0.01 secs] 
2019-02-01T02:18:34.301+0000: 800680.306: Total time for which application threads were stopped: 0.0094328 seconds, Stopping threads took: 0.0000734 seconds
2019-02-01T02:18:35.377+0000: 800681.382: Application time: 1.0758077 seconds
2019-02-01T02:18:35.379+0000: 800681.385: [GC (Allocation Failure) 2019-02-01T02:18:35.384+0000: 800681.390: [SoftReference, 0 refs, 0.0000176 secs]2019-02-01T02:18:35.384+0000: 800681.390: [WeakReference, 13 refs, 0.0000082 secs]2019-02-01T02:18:35.384+0000: 800681.390: [FinalReference, 242 refs, 0.0000788 secs]2019-02-01T02:18:35.384+0000: 800681.390: [PhantomReference, 0 refs, 0 refs, 0.0000106 secs]2019-02-01T02:18:35.385+0000: 800681.390: [JNI Weak Reference, 0.0000170 secs]
Desired survivor size 7340032 bytes, new threshold 1 (max 15)
[PSYoungGen: 32482K->4514K(36352K)] 682729K->655720K(737280K), 0.0077875 secs] [Times: user=0.07 sys=0.00, real=0.00 secs] 
2019-02-01T02:18:35.387+0000: 800681.393: Total time for which application threads were stopped: 0.0107180 seconds, Stopping threads took: 0.0000567 seconds
2019-02-01T02:18:36.420+0000: 800682.426: Application time: 1.0325221 seconds
2019-02-01T02:18:36.422+0000: 800682.428: [GC (Allocation Failure) 2019-02-01T02:18:36.427+0000: 800682.433: [SoftReference, 0 refs, 0.0000188 secs]2019-02-01T02:18:36.427+0000: 800682.433: [WeakReference, 5 refs, 0.0000290 secs]2019-02-01T02:18:36.427+0000: 800682.433: [FinalReference, 256 refs, 0.0001251 secs]2019-02-01T02:18:36.428+0000: 800682.433: [PhantomReference, 0 refs, 0 refs, 0.0000129 secs]2019-02-01T02:18:36.428+0000: 800682.433: [JNI Weak Reference, 0.0000186 secs]
Desired survivor size 6815744 bytes, new threshold 1 (max 15)
[PSYoungGen: 34210K->2051K(34816K)] 685416K->654868K(735744K), 0.0077037 secs] [Times: user=0.11 sys=0.00, real=0.01 secs] 
2019-02-01T02:18:36.430+0000: 800682.436: Total time for which application threads were stopped: 0.0103951 seconds, Stopping threads took: 0.0000451 seconds
2019-02-01T02:18:37.417+0000: 800683.423: Application time: 0.9869250 seconds
2019-02-01T02:18:37.420+0000: 800683.426: [GC (Allocation Failure) 2019-02-01T02:18:37.427+0000: 800683.433: [SoftReference, 0 refs, 0.0000309 secs]2019-02-01T02:18:37.427+0000: 800683.433: [WeakReference, 12 refs, 0.0000084 secs]2019-02-01T02:18:37.427+0000: 800683.433: [FinalReference, 265 refs, 0.0001130 secs]2019-02-01T02:18:37.427+0000: 800683.433: [PhantomReference, 0 refs, 0 refs, 0.0000071 secs]2019-02-01T02:18:37.427+0000: 800683.433: [JNI Weak Reference, 0.0000130 secs]
Desired survivor size 6815744 bytes, new threshold 1 (max 15)
[PSYoungGen: 31235K->3257K(35840K)] 684052K->656864K(736768K), 0.0100420 secs] [Times: user=0.16 sys=0.00, real=0.01 secs] 
2019-02-01T02:18:37.430+0000: 800683.436: Total time for which application threads were stopped: 0.0129395 seconds, Stopping threads took: 0.0000383 seconds
2019-02-01T02:18:38.713+0000: 800684.719: Application time: 1.2828528 seconds
2019-02-01T02:18:38.717+0000: 800684.723: [GC (Allocation Failure) 2019-02-01T02:18:38.726+0000: 800684.731: [SoftReference, 0 refs, 0.0000244 secs]2019-02-01T02:18:38.726+0000: 800684.731: [WeakReference, 16 refs, 0.0000179 secs]2019-02-01T02:18:38.726+0000: 800684.731: [FinalReference, 254 refs, 0.0001695 secs]2019-02-01T02:18:38.726+0000: 800684.732: [PhantomReference, 0 refs, 0 refs, 0.0000147 secs]2019-02-01T02:18:38.726+0000: 800684.732: [JNI Weak Reference, 0.0000249 secs]
Desired survivor size 6291456 bytes, new threshold 1 (max 15)
[PSYoungGen: 32441K->2530K(39936K)] 686048K->656970K(740864K), 0.0126909 secs] [Times: user=0.20 sys=0.01, real=0.02 secs] 
2019-02-01T02:18:38.730+0000: 800684.736: Total time for which application threads were stopped: 0.0170091 seconds, Stopping threads took: 0.0000664 seconds
2019-02-01T02:18:39.866+0000: 800685.872: Application time: 1.1365326 seconds
2019-02-01T02:18:39.870+0000: 800685.876: [GC (Allocation Failure) 2019-02-01T02:18:39.875+0000: 800685.881: [SoftReference, 0 refs, 0.0000311 secs]2019-02-01T02:18:39.875+0000: 800685.881: [WeakReference, 16 refs, 0.0000227 secs]2019-02-01T02:18:39.875+0000: 800685.881: [FinalReference, 267 refs, 0.0001597 secs]2019-02-01T02:18:39.875+0000: 800685.881: [PhantomReference, 0 refs, 0 refs, 0.0000221 secs]2019-02-01T02:18:39.875+0000: 800685.881: [JNI Weak Reference, 0.0000331 secs]
Desired survivor size 6291456 bytes, new threshold 1 (max 15)
[PSYoungGen: 36834K->3106K(40448K)] 691274K->659134K(741376K), 0.0101083 secs] [Times: user=0.07 sys=0.00, real=0.01 secs] 
2019-02-01T02:18:39.880+0000: 800685.886: Total time for which application threads were stopped: 0.0135325 seconds, Stopping threads took: 0.0000556 seconds
2019-02-01T02:18:41.137+0000: 800687.142: Application time: 1.2566458 seconds
2019-02-01T02:18:41.140+0000: 800687.146: [GC (Allocation Failure) 2019-02-01T02:18:41.144+0000: 800687.149: [SoftReference, 0 refs, 0.0000217 secs]2019-02-01T02:18:41.144+0000: 800687.150: [WeakReference, 25 refs, 0.0000176 secs]2019-02-01T02:18:41.144+0000: 800687.150: [FinalReference, 213 refs, 0.0001327 secs]2019-02-01T02:18:41.144+0000: 800687.150: [PhantomReference, 0 refs, 1 refs, 0.0000147 secs]2019-02-01T02:18:41.144+0000: 800687.150: [JNI Weak Reference, 0.0000231 secs]
Desired survivor size 6291456 bytes, new threshold 1 (max 15)
[PSYoungGen: 37410K->2349K(36352K)] 693438K->659204K(737280K), 0.0078769 secs] [Times: user=0.06 sys=0.01, real=0.00 secs] 
2019-02-01T02:18:41.148+0000: 800687.153: Total time for which application threads were stopped: 0.0110776 seconds, Stopping threads took: 0.0000518 seconds
2019-02-01T02:18:42.470+0000: 800688.475: Application time: 1.3219404 seconds
2019-02-01T02:18:42.473+0000: 800688.478: [GC (Allocation Failure) 2019-02-01T02:18:42.480+0000: 800688.486: [SoftReference, 0 refs, 0.0000250 secs]2019-02-01T02:18:42.480+0000: 800688.486: [WeakReference, 19 refs, 0.0000171 secs]2019-02-01T02:18:42.480+0000: 800688.486: [FinalReference, 254 refs, 0.0001281 secs]2019-02-01T02:18:42.480+0000: 800688.486: [PhantomReference, 0 refs, 0 refs, 0.0000145 secs]2019-02-01T02:18:42.480+0000: 800688.486: [JNI Weak Reference, 0.0000228 secs]
Desired survivor size 5767168 bytes, new threshold 1 (max 15)
[PSYoungGen: 36141K->3143K(36864K)] 692996K->661435K(737792K), 0.0111768 secs] [Times: user=0.16 sys=0.00, real=0.01 secs] 
2019-02-01T02:18:42.484+0000: 800688.490: Total time for which application threads were stopped: 0.0142924 seconds, Stopping threads took: 0.0000506 seconds
2019-02-01T02:18:44.058+0000: 800690.064: Application time: 1.5742297 seconds
2019-02-01T02:18:44.061+0000: 800690.067: [GC (Allocation Failure) 2019-02-01T02:18:44.071+0000: 800690.077: [SoftReference, 0 refs, 0.0000259 secs]2019-02-01T02:18:44.071+0000: 800690.077: [WeakReference, 22 refs, 0.0000177 secs]2019-02-01T02:18:44.071+0000: 800690.077: [FinalReference, 269 refs, 0.0001508 secs]2019-02-01T02:18:44.071+0000: 800690.077: [PhantomReference, 0 refs, 0 refs, 0.0000143 secs]2019-02-01T02:18:44.071+0000: 800690.077: [JNI Weak Reference, 0.0000259 secs]
Desired survivor size 5767168 bytes, new threshold 1 (max 15)
[PSYoungGen: 36423K->3656K(41472K)] 694715K->662748K(742400K), 0.0135180 secs] [Times: user=0.24 sys=0.00, real=0.01 secs] 
2019-02-01T02:18:44.075+0000: 800690.081: Total time for which application threads were stopped: 0.0167214 seconds, Stopping threads took: 0.0001325 seconds
2019-02-01T02:18:45.864+0000: 800691.870: Application time: 1.7889049 seconds
2019-02-01T02:18:45.867+0000: 800691.873: [GC (Allocation Failure) 2019-02-01T02:18:45.871+0000: 800691.877: [SoftReference, 0 refs, 0.0000207 secs]2019-02-01T02:18:45.871+0000: 800691.877: [WeakReference, 25 refs, 0.0000178 secs]2019-02-01T02:18:45.871+0000: 800691.877: [FinalReference, 212 refs, 0.0001052 secs]2019-02-01T02:18:45.871+0000: 800691.877: [PhantomReference, 0 refs, 0 refs, 0.0000142 secs]2019-02-01T02:18:45.871+0000: 800691.877: [JNI Weak Reference, 0.0000257 secs]
Desired survivor size 5767168 bytes, new threshold 1 (max 15)
[PSYoungGen: 39496K->2390K(37888K)] 698588K->663082K(738816K), 0.0081320 secs] [Times: user=0.06 sys=0.00, real=0.01 secs] 
2019-02-01T02:18:45.875+0000: 800691.881: Total time for which application threads were stopped: 0.0112880 seconds, Stopping threads took: 0.0000514 seconds
2019-02-01T02:18:47.710+0000: 800693.716: Application time: 1.8349793 seconds
2019-02-01T02:18:47.713+0000: 800693.719: [GC (Allocation Failure) 2019-02-01T02:18:47.717+0000: 800693.723: [SoftReference, 0 refs, 0.0000133 secs]2019-02-01T02:18:47.717+0000: 800693.723: [WeakReference, 16 refs, 0.0000087 secs]2019-02-01T02:18:47.717+0000: 800693.723: [FinalReference, 248 refs, 0.0000843 secs]2019-02-01T02:18:47.717+0000: 800693.723: [PhantomReference, 0 refs, 0 refs, 0.0000078 secs]2019-02-01T02:18:47.717+0000: 800693.723: [JNI Weak Reference, 0.0000170 secs]
Desired survivor size 5767168 bytes, new threshold 1 (max 15)
[PSYoungGen: 37718K->2008K(39936K)] 698410K->664056K(740864K), 0.0071723 secs] [Times: user=0.08 sys=0.00, real=0.00 secs] 
2019-02-01T02:18:47.720+0000: 800693.726: Total time for which application threads were stopped: 0.0098912 seconds, Stopping threads took: 0.0000442 seconds
2019-02-01T02:18:49.080+0000: 800695.086: Application time: 1.3597614 seconds
2019-02-01T02:18:49.083+0000: 800695.088: [GC (Allocation Failure) 2019-02-01T02:18:49.088+0000: 800695.094: [SoftReference, 0 refs, 0.0000171 secs]2019-02-01T02:18:49.088+0000: 800695.094: [WeakReference, 19 refs, 0.0000284 secs]2019-02-01T02:18:49.088+0000: 800695.094: [FinalReference, 226 refs, 0.0001090 secs]2019-02-01T02:18:49.088+0000: 800695.094: [PhantomReference, 0 refs, 0 refs, 0.0000072 secs]2019-02-01T02:18:49.088+0000: 800695.094: [JNI Weak Reference, 0.0000133 secs]
Desired survivor size 5767168 bytes, new threshold 1 (max 15)
[PSYoungGen: 36824K->3380K(37888K)] 698872K->666283K(738816K), 0.0083530 secs] [Times: user=0.10 sys=0.00, real=0.01 secs] 
2019-02-01T02:18:49.091+0000: 800695.097: Total time for which application threads were stopped: 0.0112746 seconds, Stopping threads took: 0.0000522 seconds
2019-02-01T02:18:50.827+0000: 800696.833: Application time: 1.7362235 seconds
2019-02-01T02:18:50.830+0000: 800696.836: [GC (Allocation Failure) 2019-02-01T02:18:50.836+0000: 800696.842: [SoftReference, 0 refs, 0.0000459 secs]2019-02-01T02:18:50.836+0000: 800696.842: [WeakReference, 19 refs, 0.0000137 secs]2019-02-01T02:18:50.836+0000: 800696.842: [FinalReference, 246 refs, 0.0000804 secs]2019-02-01T02:18:50.837+0000: 800696.842: [PhantomReference, 0 refs, 0 refs, 0.0000087 secs]2019-02-01T02:18:50.837+0000: 800696.842: [JNI Weak Reference, 0.0000403 secs]
Desired survivor size 5767168 bytes, new threshold 1 (max 15)
[PSYoungGen: 37684K->2079K(38912K)] 700587K->666250K(739840K), 0.0091902 secs] [Times: user=0.14 sys=0.00, real=0.01 secs] 
2019-02-01T02:18:50.839+0000: 800696.845: Total time for which application threads were stopped: 0.0119965 seconds, Stopping threads took: 0.0000694 seconds
2019-02-01T02:18:52.604+0000: 800698.610: Application time: 1.7651410 seconds
2019-02-01T02:18:52.607+0000: 800698.613: [GC (Allocation Failure) 2019-02-01T02:18:52.616+0000: 800698.622: [SoftReference, 0 refs, 0.0000161 secs]2019-02-01T02:18:52.616+0000: 800698.622: [WeakReference, 16 refs, 0.0000095 secs]2019-02-01T02:18:52.616+0000: 800698.622: [FinalReference, 245 refs, 0.0000846 secs]2019-02-01T02:18:52.616+0000: 800698.622: [PhantomReference, 0 refs, 0 refs, 0.0000080 secs]2019-02-01T02:18:52.616+0000: 800698.622: [JNI Weak Reference, 0.0000147 secs]
Desired survivor size 5242880 bytes, new threshold 1 (max 15)
[PSYoungGen: 35871K->2822K(36352K)] 700042K->668188K(737280K), 0.0120132 secs] [Times: user=0.20 sys=0.00, real=0.01 secs] 
2019-02-01T02:18:52.619+0000: 800698.625: Total time for which application threads were stopped: 0.0148114 seconds, Stopping threads took: 0.0000520 seconds
2019-02-01T02:18:53.694+0000: 800699.699: Application time: 1.0743526 seconds
2019-02-01T02:18:53.696+0000: 800699.702: [GC (Allocation Failure) 2019-02-01T02:18:53.701+0000: 800699.707: [SoftReference, 0 refs, 0.0000166 secs]2019-02-01T02:18:53.701+0000: 800699.707: [WeakReference, 12 refs, 0.0000085 secs]2019-02-01T02:18:53.701+0000: 800699.707: [FinalReference, 269 refs, 0.0001105 secs]2019-02-01T02:18:53.701+0000: 800699.707: [PhantomReference, 0 refs, 0 refs, 0.0000076 secs]2019-02-01T02:18:53.701+0000: 800699.707: [JNI Weak Reference, 0.0000140 secs]
Desired survivor size 5242880 bytes, new threshold 1 (max 15)
[PSYoungGen: 36102K->3648K(37376K)] 701468K->670284K(738304K), 0.0077867 secs] [Times: user=0.08 sys=0.00, real=0.01 secs] 
2019-02-01T02:18:53.704+0000: 800699.710: Total time for which application threads were stopped: 0.0106803 seconds, Stopping threads took: 0.0000736 seconds
2019-02-01T02:18:55.029+0000: 800701.035: Application time: 1.3245843 seconds
2019-02-01T02:18:55.032+0000: 800701.037: [GC (Allocation Failure) 2019-02-01T02:18:55.036+0000: 800701.042: [SoftReference, 0 refs, 0.0000174 secs]2019-02-01T02:18:55.036+0000: 800701.042: [WeakReference, 12 refs, 0.0000081 secs]2019-02-01T02:18:55.036+0000: 800701.042: [FinalReference, 232 refs, 0.0000815 secs]2019-02-01T02:18:55.036+0000: 800701.042: [PhantomReference, 0 refs, 0 refs, 0.0000227 secs]2019-02-01T02:18:55.036+0000: 800701.042: [JNI Weak Reference, 0.0000290 secs]
Desired survivor size 5242880 bytes, new threshold 1 (max 15)
[PSYoungGen: 36416K->3416K(35840K)] 703052K->672983K(736768K), 0.0073519 secs] [Times: user=0.07 sys=0.00, real=0.00 secs] 
2019-02-01T02:18:55.039+0000: 800701.045: Total time for which application threads were stopped: 0.0102613 seconds, Stopping threads took: 0.0000578 seconds
2019-02-01T02:18:55.983+0000: 800701.989: Application time: 0.9438533 seconds
2019-02-01T02:18:55.986+0000: 800701.992: [GC (Allocation Failure) 2019-02-01T02:18:55.992+0000: 800701.998: [SoftReference, 0 refs, 0.0000382 secs]2019-02-01T02:18:55.992+0000: 800701.998: [WeakReference, 9 refs, 0.0000111 secs]2019-02-01T02:18:55.992+0000: 800701.998: [FinalReference, 276 refs, 0.0000645 secs]2019-02-01T02:18:55.992+0000: 800701.998: [PhantomReference, 0 refs, 0 refs, 0.0000070 secs]2019-02-01T02:18:55.992+0000: 800701.998: [JNI Weak Reference, 0.0000193 secs]
Desired survivor size 5242880 bytes, new threshold 1 (max 15)
[PSYoungGen: 35672K->3660K(36352K)] 705239K->675300K(737280K), 0.0090435 secs] [Times: user=0.08 sys=0.00, real=0.01 secs] 
2019-02-01T02:18:55.995+0000: 800702.001: Total time for which application threads were stopped: 0.0120415 seconds, Stopping threads took: 0.0000593 seconds
2019-02-01T02:18:57.208+0000: 800703.214: Application time: 1.2133281 seconds
2019-02-01T02:18:57.211+0000: 800703.217: Total time for which application threads were stopped: 0.0028754 seconds, Stopping threads took: 0.0000778 seconds
2019-02-01T02:18:57.211+0000: 800703.217: Application time: 0.0001072 seconds
2019-02-01T02:18:57.213+0000: 800703.219: Total time for which application threads were stopped: 0.0017079 seconds, Stopping threads took: 0.0000693 seconds
2019-02-01T02:18:57.316+0000: 800703.322: Application time: 0.1034246 seconds
2019-02-01T02:18:57.319+0000: 800703.325: [GC (Allocation Failure) 2019-02-01T02:18:57.325+0000: 800703.330: [SoftReference, 0 refs, 0.0000164 secs]2019-02-01T02:18:57.325+0000: 800703.330: [WeakReference, 14 refs, 0.0000081 secs]2019-02-01T02:18:57.325+0000: 800703.330: [FinalReference, 218 refs, 0.0000813 secs]2019-02-01T02:18:57.325+0000: 800703.331: [PhantomReference, 0 refs, 0 refs, 0.0000083 secs]2019-02-01T02:18:57.325+0000: 800703.331: [JNI Weak Reference, 0.0000150 secs]
Desired survivor size 5242880 bytes, new threshold 1 (max 15)
[PSYoungGen: 35404K->3545K(34816K)] 707044K->677435K(735744K), 0.0090934 secs] [Times: user=0.13 sys=0.00, real=0.01 secs] 
2019-02-01T02:18:57.328+0000: 800703.334: Total time for which application threads were stopped: 0.0115088 seconds, Stopping threads took: 0.0000411 seconds
2019-02-01T02:18:58.116+0000: 800704.122: Application time: 0.7882575 seconds
2019-02-01T02:18:58.119+0000: 800704.125: Total time for which application threads were stopped: 0.0028206 seconds, Stopping threads took: 0.0000451 seconds
2019-02-01T02:18:58.119+0000: 800704.125: Application time: 0.0000811 seconds
2019-02-01T02:18:58.121+0000: 800704.126: Total time for which application threads were stopped: 0.0015186 seconds, Stopping threads took: 0.0000257 seconds
2019-02-01T02:18:58.221+0000: 800704.227: Application time: 0.1006117 seconds
2019-02-01T02:18:58.223+0000: 800704.229: Total time for which application threads were stopped: 0.0020998 seconds, Stopping threads took: 0.0000303 seconds
2019-02-01T02:18:58.223+0000: 800704.229: Application time: 0.0000830 seconds
2019-02-01T02:18:58.225+0000: 800704.231: Total time for which application threads were stopped: 0.0016081 seconds, Stopping threads took: 0.0000974 seconds
2019-02-01T02:18:58.525+0000: 800704.531: Application time: 0.2997711 seconds
2019-02-01T02:18:58.528+0000: 800704.533: Total time for which application threads were stopped: 0.0026984 seconds, Stopping threads took: 0.0000401 seconds
2019-02-01T02:18:58.528+0000: 800704.533: Application time: 0.0000883 seconds
2019-02-01T02:18:58.529+0000: 800704.535: Total time for which application threads were stopped: 0.0015830 seconds, Stopping threads took: 0.0000763 seconds
2019-02-01T02:18:58.628+0000: 800704.634: Application time: 0.0989433 seconds
2019-02-01T02:18:58.631+0000: 800704.636: [GC (Allocation Failure) 2019-02-01T02:18:58.635+0000: 800704.641: [SoftReference, 0 refs, 0.0000329 secs]2019-02-01T02:18:58.635+0000: 800704.641: [WeakReference, 25 refs, 0.0000275 secs]2019-02-01T02:18:58.635+0000: 800704.641: [FinalReference, 189 refs, 0.0000954 secs]2019-02-01T02:18:58.635+0000: 800704.641: [PhantomReference, 0 refs, 0 refs, 0.0000077 secs]2019-02-01T02:18:58.635+0000: 800704.641: [JNI Weak Reference, 0.0000145 secs]
Desired survivor size 5242880 bytes, new threshold 1 (max 15)
[PSYoungGen: 34777K->3487K(35328K)] 708667K->678881K(736256K), 0.0076749 secs] [Times: user=0.06 sys=0.00, real=0.01 secs] 
2019-02-01T02:18:58.638+0000: 800704.644: Total time for which application threads were stopped: 0.0101139 seconds, Stopping threads took: 0.0000530 seconds
2019-02-01T02:18:59.517+0000: 800705.523: Application time: 0.8789408 seconds
2019-02-01T02:18:59.520+0000: 800705.526: [GC (Allocation Failure) 2019-02-01T02:18:59.524+0000: 800705.530: [SoftReference, 0 refs, 0.0000170 secs]2019-02-01T02:18:59.524+0000: 800705.530: [WeakReference, 22 refs, 0.0000260 secs]2019-02-01T02:18:59.524+0000: 800705.530: [FinalReference, 270 refs, 0.0001308 secs]2019-02-01T02:18:59.524+0000: 800705.530: [PhantomReference, 0 refs, 0 refs, 0.0000078 secs]2019-02-01T02:18:59.524+0000: 800705.530: [JNI Weak Reference, 0.0000169 secs]
Desired survivor size 5767168 bytes, new threshold 1 (max 15)
[PSYoungGen: 34207K->4397K(35328K)] 709601K->681342K(736256K), 0.0065046 secs] [Times: user=0.07 sys=0.00, real=0.01 secs] 
2019-02-01T02:18:59.527+0000: 800705.532: Total time for which application threads were stopped: 0.0094108 seconds, Stopping threads took: 0.0000447 seconds
2019-02-01T02:18:59.639+0000: 800705.645: Application time: 0.1125020 seconds
2019-02-01T02:18:59.642+0000: 800705.648: Total time for which application threads were stopped: 0.0026845 seconds, Stopping threads took: 0.0000759 seconds
2019-02-01T02:18:59.642+0000: 800705.648: Application time: 0.0000854 seconds
2019-02-01T02:18:59.644+0000: 800705.649: Total time for which application threads were stopped: 0.0017381 seconds, Stopping threads took: 0.0000773 seconds
2019-02-01T02:19:00.520+0000: 800706.525: Application time: 0.8758702 seconds
2019-02-01T02:19:00.522+0000: 800706.528: [GC (Allocation Failure) 2019-02-01T02:19:00.527+0000: 800706.533: [SoftReference, 0 refs, 0.0000150 secs]2019-02-01T02:19:00.527+0000: 800706.533: [WeakReference, 22 refs, 0.0000087 secs]2019-02-01T02:19:00.527+0000: 800706.533: [FinalReference, 148 refs, 0.0000361 secs]2019-02-01T02:19:00.527+0000: 800706.533: [PhantomReference, 0 refs, 0 refs, 0.0000064 secs]2019-02-01T02:19:00.527+0000: 800706.533: [JNI Weak Reference, 0.0000133 secs]
Desired survivor size 5242880 bytes, new threshold 1 (max 15)
[PSYoungGen: 34568K->3538K(33792K)] 711513K->682079K(734720K), 0.0076406 secs] [Times: user=0.07 sys=0.00, real=0.01 secs] 
2019-02-01T02:19:00.530+0000: 800706.536: Total time for which application threads were stopped: 0.0104997 seconds, Stopping threads took: 0.0000534 seconds
2019-02-01T02:19:00.846+0000: 800706.852: Application time: 0.3161792 seconds
2019-02-01T02:19:00.849+0000: 800706.855: Total time for which application threads were stopped: 0.0027792 seconds, Stopping threads took: 0.0000488 seconds
2019-02-01T02:19:00.849+0000: 800706.855: Application time: 0.0000750 seconds
2019-02-01T02:19:00.850+0000: 800706.856: Total time for which application threads were stopped: 0.0013773 seconds, Stopping threads took: 0.0000213 seconds
2019-02-01T02:19:00.951+0000: 800706.957: Application time: 0.1010129 seconds
2019-02-01T02:19:00.954+0000: 800706.959: Total time for which application threads were stopped: 0.0021714 seconds, Stopping threads took: 0.0000454 seconds
2019-02-01T02:19:00.954+0000: 800706.959: Application time: 0.0000750 seconds
2019-02-01T02:19:00.955+0000: 800706.961: Total time for which application threads were stopped: 0.0013872 seconds, Stopping threads took: 0.0000565 seconds
2019-02-01T02:19:01.108+0000: 800707.114: Application time: 0.1530441 seconds
2019-02-01T02:19:01.111+0000: 800707.117: [GC (Allocation Failure) 2019-02-01T02:19:01.115+0000: 800707.121: [SoftReference, 0 refs, 0.0000312 secs]2019-02-01T02:19:01.115+0000: 800707.121: [WeakReference, 26 refs, 0.0000208 secs]2019-02-01T02:19:01.115+0000: 800707.121: [FinalReference, 307 refs, 0.0001117 secs]2019-02-01T02:19:01.115+0000: 800707.121: [PhantomReference, 0 refs, 0 refs, 0.0000075 secs]2019-02-01T02:19:01.115+0000: 800707.121: [JNI Weak Reference, 0.0000135 secs]
Desired survivor size 5767168 bytes, new threshold 1 (max 15)
[PSYoungGen: 33234K->5057K(34816K)] 711775K->685404K(735744K), 0.0071239 secs] [Times: user=0.08 sys=0.01, real=0.01 secs] 
2019-02-01T02:19:01.118+0000: 800707.124: Total time for which application threads were stopped: 0.0099369 seconds, Stopping threads took: 0.0000661 seconds
2019-02-01T02:19:01.906+0000: 800707.911: Application time: 0.7876349 seconds
2019-02-01T02:19:01.909+0000: 800707.914: Total time for which application threads were stopped: 0.0029261 seconds, Stopping threads took: 0.0000931 seconds
2019-02-01T02:19:01.922+0000: 800707.928: Application time: 0.0131875 seconds
2019-02-01T02:19:01.924+0000: 800707.930: [GC (Allocation Failure) 2019-02-01T02:19:01.934+0000: 800707.940: [SoftReference, 0 refs, 0.0000165 secs]2019-02-01T02:19:01.934+0000: 800707.940: [WeakReference, 24 refs, 0.0000116 secs]2019-02-01T02:19:01.934+0000: 800707.940: [FinalReference, 207 refs, 0.0000836 secs]2019-02-01T02:19:01.934+0000: 800707.940: [PhantomReference, 0 refs, 0 refs, 0.0000104 secs]2019-02-01T02:19:01.934+0000: 800707.940: [JNI Weak Reference, 0.0000148 secs]
Desired survivor size 5767168 bytes, new threshold 1 (max 15)
[PSYoungGen: 34753K->3529K(40448K)] 715100K->685232K(741376K), 0.0126940 secs] [Times: user=0.26 sys=0.01, real=0.01 secs] 
2019-02-01T02:19:01.937+0000: 800707.942: Total time for which application threads were stopped: 0.0148453 seconds, Stopping threads took: 0.0000254 seconds
2019-02-01T02:19:02.157+0000: 800708.163: Application time: 0.2205803 seconds
2019-02-01T02:19:02.160+0000: 800708.166: Total time for which application threads were stopped: 0.0028574 seconds, Stopping threads took: 0.0000551 seconds
2019-02-01T02:19:02.160+0000: 800708.166: Application time: 0.0000883 seconds
2019-02-01T02:19:02.162+0000: 800708.168: Total time for which application threads were stopped: 0.0016141 seconds, Stopping threads took: 0.0000344 seconds
2019-02-01T02:19:02.563+0000: 800708.569: Application time: 0.4012399 seconds
2019-02-01T02:19:02.566+0000: 800708.572: Total time for which application threads were stopped: 0.0028810 seconds, Stopping threads took: 0.0000767 seconds
2019-02-01T02:19:02.566+0000: 800708.572: Application time: 0.0001057 seconds
2019-02-01T02:19:02.568+0000: 800708.573: Total time for which application threads were stopped: 0.0015674 seconds, Stopping threads took: 0.0000939 seconds
2019-02-01T02:19:03.070+0000: 800709.075: Application time: 0.5020874 seconds
2019-02-01T02:19:03.072+0000: 800709.078: [GC (Allocation Failure) 2019-02-01T02:19:03.077+0000: 800709.083: [SoftReference, 0 refs, 0.0000136 secs]2019-02-01T02:19:03.077+0000: 800709.083: [WeakReference, 13 refs, 0.0000075 secs]2019-02-01T02:19:03.077+0000: 800709.083: [FinalReference, 236 refs, 0.0000540 secs]2019-02-01T02:19:03.077+0000: 800709.083: [PhantomReference, 0 refs, 0 refs, 0.0000061 secs]2019-02-01T02:19:03.077+0000: 800709.083: [JNI Weak Reference, 0.0000135 secs]
Desired survivor size 5767168 bytes, new threshold 1 (max 15)
[PSYoungGen: 38345K->3470K(40448K)] 720048K->686487K(741376K), 0.0071368 secs] [Times: user=0.07 sys=0.00, real=0.01 secs] 
2019-02-01T02:19:03.080+0000: 800709.085: Total time for which application threads were stopped: 0.0098870 seconds, Stopping threads took: 0.0000482 seconds
2019-02-01T02:19:04.593+0000: 800710.598: Application time: 1.5129746 seconds
2019-02-01T02:19:04.596+0000: 800710.602: [GC (Allocation Failure) 2019-02-01T02:19:04.600+0000: 800710.606: [SoftReference, 0 refs, 0.0000458 secs]2019-02-01T02:19:04.600+0000: 800710.606: [WeakReference, 10 refs, 0.0000167 secs]2019-02-01T02:19:04.600+0000: 800710.606: [FinalReference, 243 refs, 0.0001570 secs]2019-02-01T02:19:04.601+0000: 800710.606: [PhantomReference, 0 refs, 0 refs, 0.0000140 secs]2019-02-01T02:19:04.601+0000: 800710.606: [JNI Weak Reference, 0.0000216 secs]
Desired survivor size 5767168 bytes, new threshold 1 (max 15)
[PSYoungGen: 38286K->2783K(46592K)] 721303K->687310K(747520K), 0.0084637 secs] [Times: user=0.08 sys=0.01, real=0.01 secs] 
2019-02-01T02:19:04.604+0000: 800710.610: Total time for which application threads were stopped: 0.0118776 seconds, Stopping threads took: 0.0000496 seconds
2019-02-01T02:19:05.792+0000: 800711.797: Application time: 1.1870461 seconds
2019-02-01T02:19:05.795+0000: 800711.801: [GC (Allocation Failure) 2019-02-01T02:19:05.798+0000: 800711.804: [SoftReference, 0 refs, 0.0000385 secs]2019-02-01T02:19:05.798+0000: 800711.804: [WeakReference, 14 refs, 0.0000215 secs]2019-02-01T02:19:05.798+0000: 800711.804: [FinalReference, 376 refs, 0.0001665 secs]2019-02-01T02:19:05.799+0000: 800711.804: [PhantomReference, 0 refs, 0 refs, 0.0000148 secs]2019-02-01T02:19:05.799+0000: 800711.804: [JNI Weak Reference, 0.0000278 secs]
Desired survivor size 5767168 bytes, new threshold 1 (max 15)
[PSYoungGen: 43743K->2450K(43008K)] 728270K->687950K(743936K), 0.0080141 secs] [Times: user=0.07 sys=0.00, real=0.00 secs] 
2019-02-01T02:19:05.803+0000: 800711.809: Total time for which application threads were stopped: 0.0113683 seconds, Stopping threads took: 0.0001137 seconds
2019-02-01T02:19:05.998+0000: 800712.004: Application time: 0.1951950 seconds
2019-02-01T02:19:06.001+0000: 800712.007: Total time for which application threads were stopped: 0.0032094 seconds, Stopping threads took: 0.0000485 seconds
2019-02-01T02:19:06.012+0000: 800712.018: Application time: 0.0104422 seconds
2019-02-01T02:19:06.014+0000: 800712.020: Total time for which application threads were stopped: 0.0023415 seconds, Stopping threads took: 0.0000475 seconds
2019-02-01T02:19:06.025+0000: 800712.030: Application time: 0.0105163 seconds
2019-02-01T02:19:06.027+0000: 800712.033: Total time for which application threads were stopped: 0.0021445 seconds, Stopping threads took: 0.0000732 seconds
2019-02-01T02:19:07.036+0000: 800713.042: Application time: 1.0097095 seconds
2019-02-01T02:19:07.040+0000: 800713.046: [GC (Allocation Failure) 2019-02-01T02:19:07.044+0000: 800713.050: [SoftReference, 0 refs, 0.0000328 secs]2019-02-01T02:19:07.044+0000: 800713.050: [WeakReference, 9 refs, 0.0000161 secs]2019-02-01T02:19:07.044+0000: 800713.050: [FinalReference, 304 refs, 0.0001726 secs]2019-02-01T02:19:07.044+0000: 800713.050: [PhantomReference, 0 refs, 0 refs, 0.0000144 secs]2019-02-01T02:19:07.044+0000: 800713.050: [JNI Weak Reference, 0.0000278 secs]
Desired survivor size 5767168 bytes, new threshold 1 (max 15)
[PSYoungGen: 42898K->3872K(45056K)] 728398K->690516K(745984K), 0.0090728 secs] [Times: user=0.09 sys=0.01, real=0.01 secs] 
2019-02-01T02:19:07.049+0000: 800713.055: Total time for which application threads were stopped: 0.0125093 seconds, Stopping threads took: 0.0000546 seconds
2019-02-01T02:19:08.574+0000: 800714.579: Application time: 1.5246054 seconds
2019-02-01T02:19:08.576+0000: 800714.582: Total time for which application threads were stopped: 0.0026366 seconds, Stopping threads took: 0.0000623 seconds
2019-02-01T02:19:08.576+0000: 800714.582: Application time: 0.0000636 seconds
2019-02-01T02:19:08.578+0000: 800714.584: [GC (GCLocker Initiated GC) 2019-02-01T02:19:13.123+0000: 800719.129: [SoftReference, 0 refs, 0.0000554 secs]2019-02-01T02:19:13.123+0000: 800719.129: [WeakReference, 38 refs, 0.0000155 secs]2019-02-01T02:19:13.123+0000: 800719.129: [FinalReference, 260 refs, 0.0001386 secs]2019-02-01T02:19:13.123+0000: 800719.129: [PhantomReference, 0 refs, 0 refs, 0.0000082 secs]2019-02-01T02:19:13.123+0000: 800719.129: [JNI Weak Reference, 0.0000146 secs]
Desired survivor size 5767168 bytes, new threshold 1 (max 15)
[PSYoungGen: 43808K->4186K(45568K)] 730454K->691677K(746496K), 4.5479353 secs] [Times: user=142.30 sys=4.26, real=4.55 secs] 
2019-02-01T02:19:13.126+0000: 800719.132: Total time for which application threads were stopped: 4.5495180 seconds, Stopping threads took: 0.0000352 seconds
2019-02-01T02:19:13.827+0000: 800719.833: Application time: 0.7013658 seconds
2019-02-01T02:19:13.830+0000: 800719.836: Total time for which application threads were stopped: 0.0028845 seconds, Stopping threads took: 0.0000613 seconds
2019-02-01T02:19:13.830+0000: 800719.836: Application time: 0.0002850 seconds
2019-02-01T02:19:13.832+0000: 800719.838: [GC (GCLocker Initiated GC) 2019-02-01T02:19:13.840+0000: 800719.846: [SoftReference, 0 refs, 0.0000347 secs]2019-02-01T02:19:13.840+0000: 800719.846: [WeakReference, 29 refs, 0.0000204 secs]2019-02-01T02:19:13.840+0000: 800719.846: [FinalReference, 244 refs, 0.0001315 secs]2019-02-01T02:19:13.840+0000: 800719.846: [PhantomReference, 0 refs, 0 refs, 0.0000147 secs]2019-02-01T02:19:13.840+0000: 800719.846: [JNI Weak Reference, 0.0000221 secs]
Desired survivor size 5767168 bytes, new threshold 1 (max 15)
[PSYoungGen: 44122K->4896K(53760K)] 731636K->694024K(754688K), 0.0117178 secs] [Times: user=0.19 sys=0.01, real=0.01 secs] 
2019-02-01T02:19:13.844+0000: 800719.850: Total time for which application threads were stopped: 0.0134459 seconds, Stopping threads took: 0.0000433 seconds
2019-02-01T02:19:15.143+0000: 800721.149: Application time: 1.2993779 seconds
2019-02-01T02:19:15.147+0000: 800721.152: [GC (Allocation Failure) 2019-02-01T02:19:15.152+0000: 800721.157: [SoftReference, 0 refs, 0.0000330 secs]2019-02-01T02:19:15.152+0000: 800721.157: [WeakReference, 22 refs, 0.0000195 secs]2019-02-01T02:19:15.152+0000: 800721.157: [FinalReference, 367 refs, 0.0002248 secs]2019-02-01T02:19:15.152+0000: 800721.158: [PhantomReference, 0 refs, 0 refs, 0.0000144 secs]2019-02-01T02:19:15.152+0000: 800721.158: [JNI Weak Reference, 0.0000273 secs]
Desired survivor size 6291456 bytes, new threshold 1 (max 15)
[PSYoungGen: 53024K->4582K(53760K)] 742595K->695809K(754688K), 0.0089657 secs] [Times: user=0.10 sys=0.01, real=0.01 secs] 
2019-02-01T02:19:15.156+0000: 800721.161: Total time for which application threads were stopped: 0.0124390 seconds, Stopping threads took: 0.0000704 seconds
2019-02-01T02:19:16.740+0000: 800722.746: Application time: 1.5847309 seconds
2019-02-01T02:19:16.744+0000: 800722.750: [GC (Allocation Failure) 2019-02-01T02:19:16.748+0000: 800722.754: [SoftReference, 0 refs, 0.0000331 secs]2019-02-01T02:19:16.748+0000: 800722.754: [WeakReference, 5 refs, 0.0000144 secs]2019-02-01T02:19:16.748+0000: 800722.754: [FinalReference, 269 refs, 0.0001749 secs]2019-02-01T02:19:16.748+0000: 800722.754: [PhantomReference, 0 refs, 0 refs, 0.0000146 secs]2019-02-01T02:19:16.749+0000: 800722.754: [JNI Weak Reference, 0.0000278 secs]
Desired survivor size 6291456 bytes, new threshold 1 (max 15)
[PSYoungGen: 52710K->2022K(64000K)] 743937K->695073K(764928K), 0.0084081 secs] [Times: user=0.10 sys=0.00, real=0.01 secs] 
2019-02-01T02:19:16.752+0000: 800722.758: Total time for which application threads were stopped: 0.0119385 seconds, Stopping threads took: 0.0000752 seconds
2019-02-01T02:19:16.935+0000: 800722.940: Application time: 0.1823301 seconds
2019-02-01T02:19:16.938+0000: 800722.944: Total time for which application threads were stopped: 0.0033831 seconds, Stopping threads took: 0.0000575 seconds
2019-02-01T02:19:16.938+0000: 800722.944: Application time: 0.0001029 seconds
2019-02-01T02:19:16.941+0000: 800722.946: Total time for which application threads were stopped: 0.0023735 seconds, Stopping threads took: 0.0000735 seconds
2019-02-01T02:19:18.566+0000: 800724.572: Application time: 1.6255530 seconds
2019-02-01T02:19:18.569+0000: 800724.575: [GC (Allocation Failure) 2019-02-01T02:19:18.574+0000: 800724.580: [SoftReference, 0 refs, 0.0000348 secs]2019-02-01T02:19:18.574+0000: 800724.580: [WeakReference, 17 refs, 0.0000180 secs]2019-02-01T02:19:18.574+0000: 800724.580: [FinalReference, 413 refs, 0.0002179 secs]2019-02-01T02:19:18.574+0000: 800724.580: [PhantomReference, 0 refs, 0 refs, 0.0000150 secs]2019-02-01T02:19:18.574+0000: 800724.580: [JNI Weak Reference, 0.0000221 secs]
Desired survivor size 6815744 bytes, new threshold 1 (max 15)
[PSYoungGen: 59878K->5755K(64000K)] 752929K->699686K(764928K), 0.0082949 secs] [Times: user=0.06 sys=0.04, real=0.01 secs] 
2019-02-01T02:19:18.578+0000: 800724.584: Total time for which application threads were stopped: 0.0116670 seconds, Stopping threads took: 0.0000670 seconds
2019-02-01T02:19:18.788+0000: 800724.793: Application time: 0.2099709 seconds
2019-02-01T02:19:18.791+0000: 800724.797: Total time for which application threads were stopped: 0.0032005 seconds, Stopping threads took: 0.0000965 seconds
2019-02-01T02:19:20.715+0000: 800726.721: Application time: 1.9242635 seconds
2019-02-01T02:19:20.719+0000: 800726.724: Total time for which application threads were stopped: 0.0033996 seconds, Stopping threads took: 0.0000616 seconds
2019-02-01T02:19:20.719+0000: 800726.725: Application time: 0.0001459 seconds
2019-02-01T02:19:20.721+0000: 800726.727: [GC (GCLocker Initiated GC) 2019-02-01T02:19:20.725+0000: 800726.731: [SoftReference, 0 refs, 0.0000333 secs]2019-02-01T02:19:20.725+0000: 800726.731: [WeakReference, 24 refs, 0.0000203 secs]2019-02-01T02:19:20.725+0000: 800726.731: [FinalReference, 342 refs, 0.0001643 secs]2019-02-01T02:19:20.726+0000: 800726.731: [PhantomReference, 0 refs, 0 refs, 0.0000195 secs]2019-02-01T02:19:20.726+0000: 800726.731: [JNI Weak Reference, 0.0000292 secs]
Desired survivor size 6815744 bytes, new threshold 1 (max 15)
[PSYoungGen: 63611K->4310K(76288K)] 757544K->700129K(777216K), 0.0084318 secs] [Times: user=0.09 sys=0.01, real=0.01 secs] 
2019-02-01T02:19:20.729+0000: 800726.735: Total time for which application threads were stopped: 0.0106503 seconds, Stopping threads took: 0.0000753 seconds
2019-02-01T02:19:23.003+0000: 800729.009: Application time: 2.2735466 seconds
2019-02-01T02:19:23.006+0000: 800729.012: [GC (Allocation Failure) 2019-02-01T02:19:23.011+0000: 800729.017: [SoftReference, 0 refs, 0.0000361 secs]2019-02-01T02:19:23.011+0000: 800729.017: [WeakReference, 6 refs, 0.0000384 secs]2019-02-01T02:19:23.011+0000: 800729.017: [FinalReference, 582 refs, 0.0002643 secs]2019-02-01T02:19:23.012+0000: 800729.017: [PhantomReference, 0 refs, 0 refs, 0.0000145 secs]2019-02-01T02:19:23.012+0000: 800729.017: [JNI Weak Reference, 0.0000217 secs]
Desired survivor size 6815744 bytes, new threshold 1 (max 15)
[PSYoungGen: 73942K->3697K(76288K)] 769764K->700505K(777216K), 0.0092354 secs] [Times: user=0.11 sys=0.00, real=0.01 secs] 
2019-02-01T02:19:23.016+0000: 800729.021: Total time for which application threads were stopped: 0.0125875 seconds, Stopping threads took: 0.0000753 seconds
2019-02-01T02:19:25.887+0000: 800731.892: Application time: 2.8711996 seconds
2019-02-01T02:19:25.890+0000: 800731.896: [GC (Allocation Failure) 2019-02-01T02:19:25.894+0000: 800731.900: [SoftReference, 0 refs, 0.0000345 secs]2019-02-01T02:19:25.894+0000: 800731.900: [WeakReference, 4 refs, 0.0000144 secs]2019-02-01T02:19:25.894+0000: 800731.900: [FinalReference, 431 refs, 0.0002643 secs]2019-02-01T02:19:25.894+0000: 800731.900: [PhantomReference, 0 refs, 0 refs, 0.0000148 secs]2019-02-01T02:19:25.894+0000: 800731.900: [JNI Weak Reference, 0.0000327 secs]
Desired survivor size 6815744 bytes, new threshold 1 (max 15)
[PSYoungGen: 73329K->2088K(90112K)] 770137K->700575K(791040K), 0.0088161 secs] [Times: user=0.08 sys=0.01, real=0.01 secs] 
2019-02-01T02:19:25.899+0000: 800731.905: [Full GC (Ergonomics) 2019-02-01T02:19:25.951+0000: 800731.957: [SoftReference, 172 refs, 0.0000959 secs]2019-02-01T02:19:25.951+0000: 800731.957: [WeakReference, 3154 refs, 0.0006539 secs]2019-02-01T02:19:25.952+0000: 800731.958: [FinalReference, 1260 refs, 0.0008117 secs]2019-02-01T02:19:25.953+0000: 800731.958: [PhantomReference, 0 refs, 176 refs, 0.0000486 secs]2019-02-01T02:19:25.953+0000: 800731.958: [JNI Weak Reference, 0.0000389 secs][PSYoungGen: 2088K->0K(90112K)] [ParOldGen: 698487K->643019K(701952K)] 700575K->643019K(792064K), [Metaspace: 75231K->75231K(1118208K)], 0.1742726 secs] [Times: user=2.80 sys=0.00, real=0.17 secs] 
2019-02-01T02:19:26.073+0000: 800732.079: Total time for which application threads were stopped: 0.1865716 seconds, Stopping threads took: 0.0000556 seconds
2019-02-01T02:19:29.460+0000: 800735.466: Application time: 3.3871419 seconds
2019-02-01T02:19:29.464+0000: 800735.469: [GC (Allocation Failure) 2019-02-01T02:19:29.472+0000: 800735.477: [SoftReference, 0 refs, 0.0000322 secs]2019-02-01T02:19:29.472+0000: 800735.477: [WeakReference, 12 refs, 0.0000174 secs]2019-02-01T02:19:29.472+0000: 800735.477: [FinalReference, 517 refs, 0.0002873 secs]2019-02-01T02:19:29.472+0000: 800735.478: [PhantomReference, 0 refs, 0 refs, 0.0000153 secs]2019-02-01T02:19:29.472+0000: 800735.478: [JNI Weak Reference, 0.0000219 secs]
Desired survivor size 6291456 bytes, new threshold 1 (max 15)
[PSYoungGen: 83456K->3374K(90112K)] 726475K->646393K(792064K), 0.0118034 secs] [Times: user=0.21 sys=0.01, real=0.01 secs] 
2019-02-01T02:19:29.475+0000: 800735.481: Total time for which application threads were stopped: 0.0150109 seconds, Stopping threads took: 0.0000745 seconds
2019-02-01T02:19:32.576+0000: 800738.582: Application time: 3.1009623 seconds
2019-02-01T02:19:32.580+0000: 800738.585: [GC (Allocation Failure) 2019-02-01T02:19:32.585+0000: 800738.591: [SoftReference, 0 refs, 0.0000320 secs]2019-02-01T02:19:32.585+0000: 800738.591: [WeakReference, 23 refs, 0.0000198 secs]2019-02-01T02:19:32.585+0000: 800738.591: [FinalReference, 632 refs, 0.0003422 secs]2019-02-01T02:19:32.585+0000: 800738.591: [PhantomReference, 0 refs, 0 refs, 0.0000148 secs]2019-02-01T02:19:32.585+0000: 800738.591: [JNI Weak Reference, 0.0000223 secs]
Desired survivor size 6815744 bytes, new threshold 1 (max 15)
[PSYoungGen: 86830K->5964K(104448K)] 729849K->650565K(806400K), 0.0094730 secs] [Times: user=0.09 sys=0.02, real=0.01 secs] 
2019-02-01T02:19:32.589+0000: 800738.595: Total time for which application threads were stopped: 0.0126252 seconds, Stopping threads took: 0.0000538 seconds
2019-02-01T02:19:36.008+0000: 800742.014: Application time: 3.4192908 seconds
2019-02-01T02:19:36.011+0000: 800742.017: Total time for which application threads were stopped: 0.0029895 seconds, Stopping threads took: 0.0000653 seconds
2019-02-01T02:19:36.011+0000: 800742.017: Application time: 0.0001192 seconds
2019-02-01T02:19:36.014+0000: 800742.019: [GC (GCLocker Initiated GC) 2019-02-01T02:19:36.018+0000: 800742.024: [SoftReference, 0 refs, 0.0000228 secs]2019-02-01T02:19:36.018+0000: 800742.024: [WeakReference, 12 refs, 0.0000156 secs]2019-02-01T02:19:36.018+0000: 800742.024: [FinalReference, 684 refs, 0.0004078 secs]2019-02-01T02:19:36.019+0000: 800742.024: [PhantomReference, 0 refs, 0 refs, 0.0000149 secs]2019-02-01T02:19:36.019+0000: 800742.024: [JNI Weak Reference, 0.0000282 secs]
Desired survivor size 6815744 bytes, new threshold 1 (max 15)
[PSYoungGen: 104146K->3566K(104960K)] 748875K->649344K(806912K), 0.0094391 secs] [Times: user=0.10 sys=0.01, real=0.01 secs] 
2019-02-01T02:19:36.023+0000: 800742.029: Total time for which application threads were stopped: 0.0115886 seconds, Stopping threads took: 0.0000849 seconds
2019-02-01T02:19:39.756+0000: 800745.762: Application time: 3.7333362 seconds
2019-02-01T02:19:39.759+0000: 800745.765: [GC (Allocation Failure) 2019-02-01T02:19:39.765+0000: 800745.771: [SoftReference, 0 refs, 0.0000330 secs]2019-02-01T02:19:39.765+0000: 800745.771: [WeakReference, 21 refs, 0.0000186 secs]2019-02-01T02:19:39.765+0000: 800745.771: [FinalReference, 648 refs, 0.0003389 secs]2019-02-01T02:19:39.765+0000: 800745.771: [PhantomReference, 0 refs, 0 refs, 0.0000149 secs]2019-02-01T02:19:39.765+0000: 800745.771: [JNI Weak Reference, 0.0000408 secs]
Desired survivor size 6815744 bytes, new threshold 1 (max 15)
[PSYoungGen: 101870K->3045K(121344K)] 747656K->649848K(823296K), 0.0098966 secs] [Times: user=0.08 sys=0.01, real=0.01 secs] 
2019-02-01T02:19:39.770+0000: 800745.775: Total time for which application threads were stopped: 0.0131086 seconds, Stopping threads took: 0.0000533 seconds
2019-02-01T02:19:40.713+0000: 800746.719: Application time: 0.9437723 seconds
2019-02-01T02:19:40.718+0000: 800746.724: Total time for which application threads were stopped: 0.0047817 seconds, Stopping threads took: 0.0000678 seconds
2019-02-01T02:19:43.973+0000: 800749.979: Application time: 3.2549370 seconds
2019-02-01T02:19:43.976+0000: 800749.982: [GC (Allocation Failure) 2019-02-01T02:19:43.982+0000: 800749.987: [SoftReference, 0 refs, 0.0000348 secs]2019-02-01T02:19:43.982+0000: 800749.987: [WeakReference, 6 refs, 0.0000147 secs]2019-02-01T02:19:43.982+0000: 800749.987: [FinalReference, 899 refs, 0.0005465 secs]2019-02-01T02:19:43.982+0000: 800749.988: [PhantomReference, 0 refs, 0 refs, 0.0000151 secs]2019-02-01T02:19:43.982+0000: 800749.988: [JNI Weak Reference, 0.0000281 secs]
Desired survivor size 6815744 bytes, new threshold 1 (max 15)
[PSYoungGen: 118245K->4271K(121856K)] 765048K->652206K(823808K), 0.0103915 secs] [Times: user=0.10 sys=0.00, real=0.01 secs] 
2019-02-01T02:19:43.987+0000: 800749.993: Total time for which application threads were stopped: 0.0137895 seconds, Stopping threads took: 0.0000713 seconds
2019-02-01T02:19:45.509+0000: 800751.515: Application time: 1.5225124 seconds
2019-02-01T02:19:45.513+0000: 800751.518: Total time for which application threads were stopped: 0.0031804 seconds, Stopping threads took: 0.0000574 seconds
2019-02-01T02:19:45.513+0000: 800751.518: Application time: 0.0000882 seconds
2019-02-01T02:19:45.515+0000: 800751.521: Total time for which application threads were stopped: 0.0021288 seconds, Stopping threads took: 0.0000350 seconds
2019-02-01T02:19:46.718+0000: 800752.723: Application time: 1.2028348 seconds
2019-02-01T02:19:46.721+0000: 800752.727: Total time for which application threads were stopped: 0.0032100 seconds, Stopping threads took: 0.0000655 seconds
2019-02-01T02:19:46.721+0000: 800752.727: Application time: 0.0000972 seconds
2019-02-01T02:19:46.723+0000: 800752.729: Total time for which application threads were stopped: 0.0021756 seconds, Stopping threads took: 0.0000990 seconds
2019-02-01T02:19:46.918+0000: 800752.924: Application time: 0.1950453 seconds
2019-02-01T02:19:46.921+0000: 800752.926: Total time for which application threads were stopped: 0.0026125 seconds, Stopping threads took: 0.0000818 seconds
2019-02-01T02:19:48.354+0000: 800754.360: Application time: 1.4331277 seconds
2019-02-01T02:19:48.357+0000: 800754.363: [GC (Allocation Failure) 2019-02-01T02:19:48.362+0000: 800754.367: [SoftReference, 0 refs, 0.0000329 secs]2019-02-01T02:19:48.362+0000: 800754.367: [WeakReference, 16 refs, 0.0000185 secs]2019-02-01T02:19:48.362+0000: 800754.367: [FinalReference, 858 refs, 0.0005120 secs]2019-02-01T02:19:48.362+0000: 800754.368: [PhantomReference, 0 refs, 0 refs, 0.0000150 secs]2019-02-01T02:19:48.362+0000: 800754.368: [JNI Weak Reference, 0.0000281 secs]
Desired survivor size 6291456 bytes, new threshold 1 (max 15)
[PSYoungGen: 119471K->3509K(115200K)] 767406K->652809K(817152K), 0.0095228 secs] [Times: user=0.09 sys=0.01, real=0.01 secs] 
2019-02-01T02:19:48.367+0000: 800754.372: Total time for which application threads were stopped: 0.0127236 seconds, Stopping threads took: 0.0000558 seconds
2019-02-01T02:19:52.799+0000: 800758.804: Application time: 4.4319712 seconds
2019-02-01T02:19:52.802+0000: 800758.808: [GC (Allocation Failure) 2019-02-01T02:19:52.806+0000: 800758.812: [SoftReference, 0 refs, 0.0000323 secs]2019-02-01T02:19:52.806+0000: 800758.812: [WeakReference, 14 refs, 0.0000179 secs]2019-02-01T02:19:52.806+0000: 800758.812: [FinalReference, 752 refs, 0.0004597 secs]2019-02-01T02:19:52.807+0000: 800758.812: [PhantomReference, 0 refs, 0 refs, 0.0000149 secs]2019-02-01T02:19:52.807+0000: 800758.812: [JNI Weak Reference, 0.0000228 secs]
Desired survivor size 6291456 bytes, new threshold 1 (max 15)
[PSYoungGen: 115125K->3708K(112128K)] 764425K->654006K(814080K), 0.0088103 secs] [Times: user=0.09 sys=0.01, real=0.01 secs] 
2019-02-01T02:19:52.811+0000: 800758.817: Total time for which application threads were stopped: 0.0121936 seconds, Stopping threads took: 0.0000894 seconds
2019-02-01T02:19:56.950+0000: 800762.956: Application time: 4.1392453 seconds
2019-02-01T02:19:56.953+0000: 800762.959: [GC (Allocation Failure) 2019-02-01T02:19:56.958+0000: 800762.964: [SoftReference, 0 refs, 0.0000318 secs]2019-02-01T02:19:56.958+0000: 800762.964: [WeakReference, 8 refs, 0.0000158 secs]2019-02-01T02:19:56.958+0000: 800762.964: [FinalReference, 748 refs, 0.0003612 secs]2019-02-01T02:19:56.958+0000: 800762.964: [PhantomReference, 0 refs, 0 refs, 0.0000147 secs]2019-02-01T02:19:56.958+0000: 800762.964: [JNI Weak Reference, 0.0000291 secs]
Desired survivor size 6291456 bytes, new threshold 1 (max 15)
[PSYoungGen: 111740K->3175K(108544K)] 762038K->654793K(810496K), 0.0097239 secs] [Times: user=0.07 sys=0.00, real=0.01 secs] 
2019-02-01T02:19:56.963+0000: 800762.969: Total time for which application threads were stopped: 0.0131559 seconds, Stopping threads took: 0.0000534 seconds
2019-02-01T02:20:00.102+0000: 800766.108: Application time: 3.1388739 seconds
2019-02-01T02:20:00.105+0000: 800766.111: [GC (Allocation Failure) 2019-02-01T02:20:00.110+0000: 800766.116: [SoftReference, 0 refs, 0.0000321 secs]2019-02-01T02:20:00.110+0000: 800766.116: [WeakReference, 20 refs, 0.0000197 secs]2019-02-01T02:20:00.110+0000: 800766.116: [FinalReference, 713 refs, 0.0004310 secs]2019-02-01T02:20:00.110+0000: 800766.116: [PhantomReference, 0 refs, 0 refs, 0.0000150 secs]2019-02-01T02:20:00.110+0000: 800766.116: [JNI Weak Reference, 0.0000287 secs]
Desired survivor size 6291456 bytes, new threshold 1 (max 15)
[PSYoungGen: 108135K->2517K(104448K)] 759753K->655706K(806400K), 0.0098552 secs] [Times: user=0.08 sys=0.00, real=0.01 secs] 
2019-02-01T02:20:00.115+0000: 800766.121: Total time for which application threads were stopped: 0.0132941 seconds, Stopping threads took: 0.0000563 seconds
2019-02-01T02:20:01.906+0000: 800767.912: Application time: 1.7905194 seconds
2019-02-01T02:20:01.909+0000: 800767.915: Total time for which application threads were stopped: 0.0031970 seconds, Stopping threads took: 0.0000538 seconds
2019-02-01T02:20:03.450+0000: 800769.456: Application time: 1.5412009 seconds
2019-02-01T02:20:03.454+0000: 800769.459: Total time for which application threads were stopped: 0.0032905 seconds, Stopping threads took: 0.0000518 seconds
2019-02-01T02:20:03.454+0000: 800769.459: Application time: 0.0000927 seconds
2019-02-01T02:20:03.456+0000: 800769.461: Total time for which application threads were stopped: 0.0020593 seconds, Stopping threads took: 0.0000362 seconds
2019-02-01T02:20:03.456+0000: 800769.462: Application time: 0.0001671 seconds
2019-02-01T02:20:03.458+0000: 800769.463: [GC (Allocation Failure) 2019-02-01T02:20:03.462+0000: 800769.468: [SoftReference, 0 refs, 0.0000355 secs]2019-02-01T02:20:03.462+0000: 800769.468: [WeakReference, 11 refs, 0.0000174 secs]2019-02-01T02:20:03.462+0000: 800769.468: [FinalReference, 629 refs, 0.0003030 secs]2019-02-01T02:20:03.462+0000: 800769.468: [PhantomReference, 0 refs, 0 refs, 0.0000250 secs]2019-02-01T02:20:03.462+0000: 800769.468: [JNI Weak Reference, 0.0000231 secs]
Desired survivor size 6291456 bytes, new threshold 1 (max 15)
[PSYoungGen: 104405K->4426K(103424K)] 757594K->658473K(805376K), 0.0085312 secs] [Times: user=0.08 sys=0.00, real=0.01 secs] 
2019-02-01T02:20:03.466+0000: 800769.472: Total time for which application threads were stopped: 0.0103329 seconds, Stopping threads took: 0.0000377 seconds
2019-02-01T02:20:06.623+0000: 800772.628: Application time: 3.1564393 seconds
2019-02-01T02:20:06.626+0000: 800772.632: [GC (Allocation Failure) 2019-02-01T02:20:06.631+0000: 800772.637: [SoftReference, 0 refs, 0.0000262 secs]2019-02-01T02:20:06.631+0000: 800772.637: [WeakReference, 13 refs, 0.0000237 secs]2019-02-01T02:20:06.631+0000: 800772.637: [FinalReference, 660 refs, 0.0003018 secs]2019-02-01T02:20:06.632+0000: 800772.637: [PhantomReference, 0 refs, 0 refs, 0.0000149 secs]2019-02-01T02:20:06.632+0000: 800772.637: [JNI Weak Reference, 0.0000236 secs]
Desired survivor size 6291456 bytes, new threshold 1 (max 15)
[PSYoungGen: 103242K->4454K(100352K)] 757289K->659589K(802304K), 0.0100689 secs] [Times: user=0.08 sys=0.00, real=0.01 secs] 
2019-02-01T02:20:06.636+0000: 800772.642: Total time for which application threads were stopped: 0.0133787 seconds, Stopping threads took: 0.0000675 seconds
2019-02-01T02:20:07.470+0000: 800773.476: Application time: 0.8343584 seconds
2019-02-01T02:20:07.474+0000: 800773.479: Total time for which application threads were stopped: 0.0032349 seconds, Stopping threads took: 0.0000515 seconds
2019-02-01T02:20:07.474+0000: 800773.479: Application time: 0.0000567 seconds
2019-02-01T02:20:07.476+0000: 800773.482: Total time for which application threads were stopped: 0.0020411 seconds, Stopping threads took: 0.0000531 seconds
2019-02-01T02:20:09.680+0000: 800775.686: Application time: 2.2044067 seconds
2019-02-01T02:20:09.683+0000: 800775.689: Total time for which application threads were stopped: 0.0032886 seconds, Stopping threads took: 0.0000531 seconds
2019-02-01T02:20:09.684+0000: 800775.689: Application time: 0.0000995 seconds
2019-02-01T02:20:09.686+0000: 800775.692: Total time for which application threads were stopped: 0.0022007 seconds, Stopping threads took: 0.0000394 seconds
2019-02-01T02:20:10.291+0000: 800776.297: Application time: 0.6057161 seconds
2019-02-01T02:20:10.295+0000: 800776.300: [GC (Allocation Failure) 2019-02-01T02:20:10.300+0000: 800776.305: [SoftReference, 0 refs, 0.0000336 secs]2019-02-01T02:20:10.300+0000: 800776.305: [WeakReference, 25 refs, 0.0000220 secs]2019-02-01T02:20:10.300+0000: 800776.305: [FinalReference, 739 refs, 0.0003580 secs]2019-02-01T02:20:10.300+0000: 800776.306: [PhantomReference, 0 refs, 0 refs, 0.0000152 secs]2019-02-01T02:20:10.300+0000: 800776.306: [JNI Weak Reference, 0.0000221 secs]
Desired survivor size 7864320 bytes, new threshold 1 (max 15)
[PSYoungGen: 100198K->3567K(96768K)] 755333K->663029K(798720K), 0.0089714 secs] [Times: user=0.10 sys=0.00, real=0.01 secs] 
2019-02-01T02:20:10.304+0000: 800776.310: Total time for which application threads were stopped: 0.0122764 seconds, Stopping threads took: 0.0000558 seconds
2019-02-01T02:20:11.089+0000: 800777.094: Application time: 0.7848937 seconds
2019-02-01T02:20:11.092+0000: 800777.098: Total time for which application threads were stopped: 0.0033007 seconds, Stopping threads took: 0.0000583 seconds
2019-02-01T02:20:11.092+0000: 800777.098: Application time: 0.0001123 seconds
2019-02-01T02:20:11.094+0000: 800777.099: Total time for which application threads were stopped: 0.0015828 seconds, Stopping threads took: 0.0000421 seconds
2019-02-01T02:20:11.595+0000: 800777.601: Application time: 0.5014125 seconds
2019-02-01T02:20:11.598+0000: 800777.604: Total time for which application threads were stopped: 0.0033417 seconds, Stopping threads took: 0.0000496 seconds
2019-02-01T02:20:11.599+0000: 800777.604: Application time: 0.0001054 seconds
2019-02-01T02:20:11.601+0000: 800777.606: Total time for which application threads were stopped: 0.0021571 seconds, Stopping threads took: 0.0000879 seconds
2019-02-01T02:20:12.903+0000: 800778.909: Application time: 1.3027931 seconds
2019-02-01T02:20:12.907+0000: 800778.912: Total time for which application threads were stopped: 0.0031911 seconds, Stopping threads took: 0.0000508 seconds
2019-02-01T02:20:12.907+0000: 800778.913: Application time: 0.0001055 seconds
2019-02-01T02:20:12.909+0000: 800778.915: Total time for which application threads were stopped: 0.0020347 seconds, Stopping threads took: 0.0000366 seconds
2019-02-01T02:20:14.096+0000: 800780.102: Application time: 1.1873748 seconds
2019-02-01T02:20:14.099+0000: 800780.105: Total time for which application threads were stopped: 0.0032394 seconds, Stopping threads took: 0.0000689 seconds
2019-02-01T02:20:14.100+0000: 800780.105: Application time: 0.0001165 seconds
2019-02-01T02:20:14.102+0000: 800780.107: [GC (GCLocker Initiated GC) 2019-02-01T02:20:14.107+0000: 800780.113: [SoftReference, 0 refs, 0.0000317 secs]2019-02-01T02:20:14.107+0000: 800780.113: [WeakReference, 23 refs, 0.0000265 secs]2019-02-01T02:20:14.107+0000: 800780.113: [FinalReference, 586 refs, 0.0002847 secs]2019-02-01T02:20:14.107+0000: 800780.113: [PhantomReference, 0 refs, 0 refs, 0.0000145 secs]2019-02-01T02:20:14.107+0000: 800780.113: [JNI Weak Reference, 0.0000331 secs]
Desired survivor size 7864320 bytes, new threshold 1 (max 15)
[PSYoungGen: 96751K->4927K(95744K)] 756215K->666123K(797696K), 0.0097971 secs] [Times: user=0.10 sys=0.01, real=0.01 secs] 
2019-02-01T02:20:14.112+0000: 800780.117: Total time for which application threads were stopped: 0.0120138 seconds, Stopping threads took: 0.0000620 seconds
2019-02-01T02:20:16.316+0000: 800782.321: Application time: 2.2041173 seconds
2019-02-01T02:20:16.321+0000: 800782.326: Total time for which application threads were stopped: 0.0049103 seconds, Stopping threads took: 0.0000641 seconds
2019-02-01T02:20:16.321+0000: 800782.327: Application time: 0.0000975 seconds
2019-02-01T02:20:16.323+0000: 800782.329: Total time for which application threads were stopped: 0.0022397 seconds, Stopping threads took: 0.0000400 seconds
2019-02-01T02:20:17.015+0000: 800783.021: Application time: 0.6921292 seconds
2019-02-01T02:20:17.019+0000: 800783.024: [GC (Allocation Failure) 2019-02-01T02:20:17.028+0000: 800783.034: [SoftReference, 0 refs, 0.0000190 secs]2019-02-01T02:20:17.028+0000: 800783.034: [WeakReference, 23 refs, 0.0000127 secs]2019-02-01T02:20:17.028+0000: 800783.034: [FinalReference, 638 refs, 0.0001920 secs]2019-02-01T02:20:17.028+0000: 800783.034: [PhantomReference, 0 refs, 0 refs, 0.0000085 secs]2019-02-01T02:20:17.028+0000: 800783.034: [JNI Weak Reference, 0.0000211 secs]
Desired survivor size 7340032 bytes, new threshold 1 (max 15)
[PSYoungGen: 95551K->4485K(92672K)] 756751K->667366K(794624K), 0.0130573 secs] [Times: user=0.22 sys=0.00, real=0.01 secs] 
2019-02-01T02:20:17.032+0000: 800783.037: Total time for which application threads were stopped: 0.0165642 seconds, Stopping threads took: 0.0000987 seconds
2019-02-01T02:20:17.061+0000: 800783.067: Application time: 0.0295705 seconds
2019-02-01T02:20:17.064+0000: 800783.070: Total time for which application threads were stopped: 0.0031026 seconds, Stopping threads took: 0.0000681 seconds
2019-02-01T02:20:17.633+0000: 800783.639: Application time: 0.5685224 seconds
2019-02-01T02:20:17.636+0000: 800783.642: Total time for which application threads were stopped: 0.0032524 seconds, Stopping threads took: 0.0000546 seconds
2019-02-01T02:20:17.937+0000: 800783.943: Application time: 0.3007697 seconds
2019-02-01T02:20:17.940+0000: 800783.946: Total time for which application threads were stopped: 0.0034141 seconds, Stopping threads took: 0.0000679 seconds
2019-02-01T02:20:18.647+0000: 800784.652: Application time: 0.7063660 seconds
2019-02-01T02:20:18.650+0000: 800784.656: Total time for which application threads were stopped: 0.0031994 seconds, Stopping threads took: 0.0000637 seconds
2019-02-01T02:20:18.742+0000: 800784.748: Application time: 0.0920538 seconds
2019-02-01T02:20:18.745+0000: 800784.751: Total time for which application threads were stopped: 0.0031163 seconds, Stopping threads took: 0.0000988 seconds
2019-02-01T02:20:18.763+0000: 800784.769: Application time: 0.0178039 seconds
2019-02-01T02:20:18.765+0000: 800784.771: Total time for which application threads were stopped: 0.0025077 seconds, Stopping threads took: 0.0000369 seconds
2019-02-01T02:20:19.847+0000: 800785.853: Application time: 1.0820708 seconds
2019-02-01T02:20:19.851+0000: 800785.857: [GC (Allocation Failure) 2019-02-01T02:20:19.856+0000: 800785.862: [SoftReference, 0 refs, 0.0000319 secs]2019-02-01T02:20:19.856+0000: 800785.862: [WeakReference, 26 refs, 0.0000203 secs]2019-02-01T02:20:19.856+0000: 800785.862: [FinalReference, 651 refs, 0.0003351 secs]2019-02-01T02:20:19.856+0000: 800785.862: [PhantomReference, 0 refs, 0 refs, 0.0000149 secs]2019-02-01T02:20:19.856+0000: 800785.862: [JNI Weak Reference, 0.0000225 secs]
Desired survivor size 7340032 bytes, new threshold 1 (max 15)
[PSYoungGen: 92522K->2999K(88576K)] 755403K->667240K(790528K), 0.0100782 secs] [Times: user=0.11 sys=0.00, real=0.01 secs] 
2019-02-01T02:20:19.861+0000: 800785.867: Total time for which application threads were stopped: 0.0134156 seconds, Stopping threads took: 0.0000530 seconds
2019-02-01T02:20:20.146+0000: 800786.152: Application time: 0.2853801 seconds
2019-02-01T02:20:20.150+0000: 800786.156: Total time for which application threads were stopped: 0.0034923 seconds, Stopping threads took: 0.0000514 seconds
2019-02-01T02:20:20.150+0000: 800786.156: Application time: 0.0000610 seconds
2019-02-01T02:20:20.152+0000: 800786.157: Total time for which application threads were stopped: 0.0018099 seconds, Stopping threads took: 0.0000303 seconds
2019-02-01T02:20:23.087+0000: 800789.093: Application time: 2.9351284 seconds
2019-02-01T02:20:23.090+0000: 800789.096: [GC (Allocation Failure) 2019-02-01T02:20:23.095+0000: 800789.101: [SoftReference, 0 refs, 0.0000392 secs]2019-02-01T02:20:23.096+0000: 800789.101: [WeakReference, 9 refs, 0.0000162 secs]2019-02-01T02:20:23.096+0000: 800789.101: [FinalReference, 620 refs, 0.0002719 secs]2019-02-01T02:20:23.096+0000: 800789.102: [PhantomReference, 0 refs, 0 refs, 0.0000149 secs]2019-02-01T02:20:23.096+0000: 800789.102: [JNI Weak Reference, 0.0000225 secs]
Desired survivor size 7340032 bytes, new threshold 1 (max 15)
[PSYoungGen: 88459K->3974K(87040K)] 752700K->669522K(788992K), 0.0098791 secs] [Times: user=0.10 sys=0.00, real=0.01 secs] 
2019-02-01T02:20:23.100+0000: 800789.106: Total time for which application threads were stopped: 0.0132572 seconds, Stopping threads took: 0.0000537 seconds
2019-02-01T02:20:26.671+0000: 800792.677: Application time: 3.5710917 seconds
2019-02-01T02:20:26.675+0000: 800792.680: [GC (Allocation Failure) 2019-02-01T02:20:26.680+0000: 800792.686: [SoftReference, 0 refs, 0.0000266 secs]2019-02-01T02:20:26.680+0000: 800792.686: [WeakReference, 21 refs, 0.0000175 secs]2019-02-01T02:20:26.680+0000: 800792.686: [FinalReference, 539 refs, 0.0002099 secs]2019-02-01T02:20:26.680+0000: 800792.686: [PhantomReference, 0 refs, 0 refs, 0.0000145 secs]2019-02-01T02:20:26.680+0000: 800792.686: [JNI Weak Reference, 0.0000231 secs]
Desired survivor size 6815744 bytes, new threshold 1 (max 15)
[PSYoungGen: 86918K->4541K(85504K)] 752466K->671531K(787456K), 0.0097562 secs] [Times: user=0.13 sys=0.01, real=0.01 secs] 
2019-02-01T02:20:26.685+0000: 800792.690: Total time for which application threads were stopped: 0.0133734 seconds, Stopping threads took: 0.0000616 seconds
2019-02-01T02:20:28.318+0000: 800794.324: Application time: 1.6337354 seconds
2019-02-01T02:20:28.322+0000: 800794.328: Total time for which application threads were stopped: 0.0035434 seconds, Stopping threads took: 0.0000589 seconds
2019-02-01T02:20:29.024+0000: 800795.029: Application time: 0.7018474 seconds
2019-02-01T02:20:29.027+0000: 800795.033: Total time for which application threads were stopped: 0.0036386 seconds, Stopping threads took: 0.0001286 seconds
2019-02-01T02:20:29.894+0000: 800795.899: Application time: 0.8663971 seconds
2019-02-01T02:20:29.897+0000: 800795.903: [GC (Allocation Failure) 2019-02-01T02:20:29.902+0000: 800795.908: [SoftReference, 0 refs, 0.0000318 secs]2019-02-01T02:20:29.902+0000: 800795.908: [WeakReference, 44 refs, 0.0000228 secs]2019-02-01T02:20:29.902+0000: 800795.908: [FinalReference, 555 refs, 0.0003063 secs]2019-02-01T02:20:29.903+0000: 800795.908: [PhantomReference, 0 refs, 0 refs, 0.0000148 secs]2019-02-01T02:20:29.903+0000: 800795.908: [JNI Weak Reference, 0.0000285 secs]
Desired survivor size 6815744 bytes, new threshold 1 (max 15)
[PSYoungGen: 85390K->3962K(82944K)] 752381K->672871K(784896K), 0.0102473 secs] [Times: user=0.09 sys=0.00, real=0.01 secs] 
2019-02-01T02:20:29.908+0000: 800795.913: Total time for which application threads were stopped: 0.0138114 seconds, Stopping threads took: 0.0000702 seconds
2019-02-01T02:20:32.429+0000: 800798.435: Application time: 2.5215395 seconds
2019-02-01T02:20:32.432+0000: 800798.438: Total time for which application threads were stopped: 0.0032810 seconds, Stopping threads took: 0.0000594 seconds
2019-02-01T02:20:32.432+0000: 800798.438: Application time: 0.0001266 seconds
2019-02-01T02:20:32.435+0000: 800798.440: [GC (GCLocker Initiated GC) 2019-02-01T02:20:32.441+0000: 800798.446: [SoftReference, 0 refs, 0.0000323 secs]2019-02-01T02:20:32.441+0000: 800798.446: [WeakReference, 15 refs, 0.0000189 secs]2019-02-01T02:20:32.441+0000: 800798.446: [FinalReference, 606 refs, 0.0003387 secs]2019-02-01T02:20:32.441+0000: 800798.447: [PhantomReference, 0 refs, 0 refs, 0.0000145 secs]2019-02-01T02:20:32.441+0000: 800798.447: [JNI Weak Reference, 0.0000284 secs]
Desired survivor size 6815744 bytes, new threshold 1 (max 15)
[PSYoungGen: 82810K->4537K(81408K)] 751719K->675254K(783360K), 0.0116781 secs] [Times: user=0.11 sys=0.00, real=0.01 secs] 
2019-02-01T02:20:32.446+0000: 800798.452: Total time for which application threads were stopped: 0.0138740 seconds, Stopping threads took: 0.0000691 seconds
2019-02-01T02:20:35.823+0000: 800801.828: Application time: 3.3762327 seconds
2019-02-01T02:20:35.826+0000: 800801.832: [GC (Allocation Failure) 2019-02-01T02:20:35.830+0000: 800801.836: [SoftReference, 0 refs, 0.0000318 secs]2019-02-01T02:20:35.830+0000: 800801.836: [WeakReference, 27 refs, 0.0000211 secs]2019-02-01T02:20:35.830+0000: 800801.836: [FinalReference, 505 refs, 0.0002673 secs]2019-02-01T02:20:35.830+0000: 800801.836: [PhantomReference, 0 refs, 0 refs, 0.0000146 secs]2019-02-01T02:20:35.830+0000: 800801.836: [JNI Weak Reference, 0.0000280 secs]
Desired survivor size 6815744 bytes, new threshold 1 (max 15)
[PSYoungGen: 81337K->4997K(79872K)] 752058K->677739K(781824K), 0.0083939 secs] [Times: user=0.10 sys=0.00, real=0.01 secs] 
2019-02-01T02:20:35.834+0000: 800801.840: Total time for which application threads were stopped: 0.0118215 seconds, Stopping threads took: 0.0000528 seconds
2019-02-01T02:20:39.185+0000: 800805.190: Application time: 3.3503090 seconds
2019-02-01T02:20:39.188+0000: 800805.194: [GC (Allocation Failure) 2019-02-01T02:20:39.192+0000: 800805.198: [SoftReference, 0 refs, 0.0000292 secs]2019-02-01T02:20:39.192+0000: 800805.198: [WeakReference, 24 refs, 0.0000187 secs]2019-02-01T02:20:39.192+0000: 800805.198: [FinalReference, 504 refs, 0.0002478 secs]2019-02-01T02:20:39.192+0000: 800805.198: [PhantomReference, 0 refs, 0 refs, 0.0000146 secs]2019-02-01T02:20:39.192+0000: 800805.198: [JNI Weak Reference, 0.0000226 secs]
Desired survivor size 6815744 bytes, new threshold 1 (max 15)
[PSYoungGen: 79749K->3695K(76800K)] 752491K->677790K(778752K), 0.0087967 secs] [Times: user=0.09 sys=0.00, real=0.00 secs] 
2019-02-01T02:20:39.197+0000: 800805.203: Total time for which application threads were stopped: 0.0121454 seconds, Stopping threads took: 0.0000567 seconds
2019-02-01T02:20:41.835+0000: 800807.840: Application time: 2.6377483 seconds
2019-02-01T02:20:41.838+0000: 800807.844: [GC (Allocation Failure) 2019-02-01T02:20:41.842+0000: 800807.848: [SoftReference, 0 refs, 0.0000333 secs]2019-02-01T02:20:41.842+0000: 800807.848: [WeakReference, 21 refs, 0.0000282 secs]2019-02-01T02:20:41.842+0000: 800807.848: [FinalReference, 530 refs, 0.0002652 secs]2019-02-01T02:20:41.843+0000: 800807.848: [PhantomReference, 0 refs, 1 refs, 0.0000147 secs]2019-02-01T02:20:41.843+0000: 800807.848: [JNI Weak Reference, 0.0000225 secs]
Desired survivor size 7340032 bytes, new threshold 1 (max 15)
[PSYoungGen: 76399K->4600K(75264K)] 750494K->681080K(777216K), 0.0083186 secs] [Times: user=0.10 sys=0.00, real=0.01 secs] 
2019-02-01T02:20:41.846+0000: 800807.852: Total time for which application threads were stopped: 0.0117644 seconds, Stopping threads took: 0.0000802 seconds
2019-02-01T02:20:44.308+0000: 800810.314: Application time: 2.4616418 seconds
2019-02-01T02:20:44.311+0000: 800810.317: [GC (Allocation Failure) 2019-02-01T02:20:44.316+0000: 800810.322: [SoftReference, 0 refs, 0.0000390 secs]2019-02-01T02:20:44.317+0000: 800810.322: [WeakReference, 38 refs, 0.0000243 secs]2019-02-01T02:20:44.317+0000: 800810.322: [FinalReference, 531 refs, 0.0002663 secs]2019-02-01T02:20:44.317+0000: 800810.323: [PhantomReference, 0 refs, 0 refs, 0.0000148 secs]2019-02-01T02:20:44.317+0000: 800810.323: [JNI Weak Reference, 0.0000350 secs]
Desired survivor size 7340032 bytes, new threshold 1 (max 15)
[PSYoungGen: 75256K->4957K(74240K)] 751736K->683583K(776192K), 0.0098411 secs] [Times: user=0.10 sys=0.00, real=0.01 secs] 
2019-02-01T02:20:44.321+0000: 800810.327: Total time for which application threads were stopped: 0.0132742 seconds, Stopping threads took: 0.0000886 seconds
2019-02-01T02:20:47.049+0000: 800813.055: Application time: 2.7277970 seconds
2019-02-01T02:20:47.052+0000: 800813.058: [GC (Allocation Failure) 2019-02-01T02:20:47.056+0000: 800813.062: [SoftReference, 0 refs, 0.0000332 secs]2019-02-01T02:20:47.056+0000: 800813.062: [WeakReference, 14 refs, 0.0000174 secs]2019-02-01T02:20:47.056+0000: 800813.062: [FinalReference, 622 refs, 0.0002253 secs]2019-02-01T02:20:47.056+0000: 800813.062: [PhantomReference, 0 refs, 0 refs, 0.0000258 secs]2019-02-01T02:20:47.056+0000: 800813.062: [JNI Weak Reference, 0.0000228 secs]
Desired survivor size 7340032 bytes, new threshold 1 (max 15)
[PSYoungGen: 74077K->2906K(70656K)] 752703K->683239K(772608K), 0.0081244 secs] [Times: user=0.09 sys=0.00, real=0.01 secs] 
2019-02-01T02:20:47.060+0000: 800813.066: Total time for which application threads were stopped: 0.0112785 seconds, Stopping threads took: 0.0000840 seconds
2019-02-01T02:20:50.098+0000: 800816.104: Application time: 3.0378637 seconds
2019-02-01T02:20:50.101+0000: 800816.107: [GC (Allocation Failure) 2019-02-01T02:20:50.105+0000: 800816.111: [SoftReference, 0 refs, 0.0000316 secs]2019-02-01T02:20:50.105+0000: 800816.111: [WeakReference, 7 refs, 0.0000152 secs]2019-02-01T02:20:50.105+0000: 800816.111: [FinalReference, 518 refs, 0.0002183 secs]2019-02-01T02:20:50.106+0000: 800816.111: [PhantomReference, 0 refs, 0 refs, 0.0000145 secs]2019-02-01T02:20:50.106+0000: 800816.112: [JNI Weak Reference, 0.0000275 secs]
Desired survivor size 7864320 bytes, new threshold 1 (max 15)
[PSYoungGen: 70490K->1966K(68096K)] 750823K->683559K(770048K), 0.0084538 secs] [Times: user=0.09 sys=0.00, real=0.01 secs] 
2019-02-01T02:20:50.110+0000: 800816.116: Total time for which application threads were stopped: 0.0115808 seconds, Stopping threads took: 0.0000529 seconds
2019-02-01T02:20:52.821+0000: 800818.827: Application time: 2.7111096 seconds
2019-02-01T02:20:52.824+0000: 800818.830: [GC (Allocation Failure) 2019-02-01T02:20:52.832+0000: 800818.837: [SoftReference, 0 refs, 0.0000449 secs]2019-02-01T02:20:52.832+0000: 800818.837: [WeakReference, 16 refs, 0.0000173 secs]2019-02-01T02:20:52.832+0000: 800818.837: [FinalReference, 504 refs, 0.0002457 secs]2019-02-01T02:20:52.832+0000: 800818.838: [PhantomReference, 0 refs, 0 refs, 0.0000147 secs]2019-02-01T02:20:52.832+0000: 800818.838: [JNI Weak Reference, 0.0000271 secs]
Desired survivor size 7864320 bytes, new threshold 1 (max 15)
[PSYoungGen: 68014K->5002K(69632K)] 749607K->687337K(771584K), 0.0127391 secs] [Times: user=0.20 sys=0.00, real=0.01 secs] 
2019-02-01T02:20:52.837+0000: 800818.843: Total time for which application threads were stopped: 0.0160011 seconds, Stopping threads took: 0.0000539 seconds
2019-02-01T02:20:55.401+0000: 800821.406: Application time: 2.5635411 seconds
2019-02-01T02:20:55.404+0000: 800821.410: [GC (Allocation Failure) 2019-02-01T02:20:55.409+0000: 800821.414: [SoftReference, 0 refs, 0.0000331 secs]2019-02-01T02:20:55.409+0000: 800821.414: [WeakReference, 9 refs, 0.0000166 secs]2019-02-01T02:20:55.409+0000: 800821.414: [FinalReference, 518 refs, 0.0003098 secs]2019-02-01T02:20:55.409+0000: 800821.415: [PhantomReference, 0 refs, 0 refs, 0.0000148 secs]2019-02-01T02:20:55.409+0000: 800821.415: [JNI Weak Reference, 0.0000295 secs]
Desired survivor size 7864320 bytes, new threshold 1 (max 15)
[PSYoungGen: 69514K->2506K(65536K)] 751849K->686031K(767488K), 0.0105898 secs] [Times: user=0.09 sys=0.00, real=0.01 secs] 
2019-02-01T02:20:55.415+0000: 800821.420: Total time for which application threads were stopped: 0.0140220 seconds, Stopping threads took: 0.0000566 seconds
2019-02-01T02:20:57.002+0000: 800823.008: Application time: 1.5873875 seconds
2019-02-01T02:20:57.005+0000: 800823.011: Total time for which application threads were stopped: 0.0032075 seconds, Stopping threads took: 0.0000519 seconds
2019-02-01T02:20:57.275+0000: 800823.281: Application time: 0.2701080 seconds
2019-02-01T02:20:57.279+0000: 800823.284: [GC (Allocation Failure) 2019-02-01T02:20:57.282+0000: 800823.288: [SoftReference, 0 refs, 0.0000237 secs]2019-02-01T02:20:57.282+0000: 800823.288: [WeakReference, 33 refs, 0.0000186 secs]2019-02-01T02:20:57.282+0000: 800823.288: [FinalReference, 523 refs, 0.0002050 secs]2019-02-01T02:20:57.283+0000: 800823.288: [PhantomReference, 0 refs, 0 refs, 0.0000204 secs]2019-02-01T02:20:57.283+0000: 800823.288: [JNI Weak Reference, 0.0000336 secs]
Desired survivor size 7340032 bytes, new threshold 1 (max 15)
[PSYoungGen: 65482K->4142K(66048K)] 749007K->688777K(768000K), 0.0091946 secs] [Times: user=0.07 sys=0.00, real=0.01 secs] 
2019-02-01T02:20:57.288+0000: 800823.294: Total time for which application threads were stopped: 0.0125770 seconds, Stopping threads took: 0.0000616 seconds
2019-02-01T02:20:57.288+0000: 800823.294: Application time: 0.0004968 seconds
2019-02-01T02:20:57.291+0000: 800823.296: Total time for which application threads were stopped: 0.0022223 seconds, Stopping threads took: 0.0001366 seconds
2019-02-01T02:20:58.007+0000: 800824.013: Application time: 0.7164335 seconds
2019-02-01T02:20:58.010+0000: 800824.016: Total time for which application threads were stopped: 0.0031129 seconds, Stopping threads took: 0.0000589 seconds
2019-02-01T02:20:58.187+0000: 800824.193: Application time: 0.1769979 seconds
2019-02-01T02:20:58.190+0000: 800824.196: Total time for which application threads were stopped: 0.0033127 seconds, Stopping threads took: 0.0001026 seconds
2019-02-01T02:20:58.533+0000: 800824.539: Application time: 0.3425358 seconds
2019-02-01T02:20:58.536+0000: 800824.542: Total time for which application threads were stopped: 0.0033322 seconds, Stopping threads took: 0.0000548 seconds
2019-02-01T02:20:59.855+0000: 800825.861: Application time: 1.3190270 seconds
2019-02-01T02:20:59.859+0000: 800825.864: Total time for which application threads were stopped: 0.0032829 seconds, Stopping threads took: 0.0000793 seconds
2019-02-01T02:20:59.869+0000: 800825.875: Application time: 0.0103745 seconds
2019-02-01T02:20:59.871+0000: 800825.877: Total time for which application threads were stopped: 0.0021544 seconds, Stopping threads took: 0.0000413 seconds
2019-02-01T02:20:59.881+0000: 800825.887: Application time: 0.0102837 seconds
2019-02-01T02:20:59.883+0000: 800825.889: Total time for which application threads were stopped: 0.0018778 seconds, Stopping threads took: 0.0000493 seconds
2019-02-01T02:20:59.894+0000: 800825.899: Application time: 0.0103687 seconds
2019-02-01T02:20:59.896+0000: 800825.901: Total time for which application threads were stopped: 0.0018349 seconds, Stopping threads took: 0.0000404 seconds
2019-02-01T02:20:59.906+0000: 800825.912: Application time: 0.0102810 seconds
2019-02-01T02:20:59.908+0000: 800825.914: Total time for which application threads were stopped: 0.0020479 seconds, Stopping threads took: 0.0000819 seconds
2019-02-01T02:20:59.918+0000: 800825.924: Application time: 0.0103077 seconds
2019-02-01T02:20:59.920+0000: 800825.926: Total time for which application threads were stopped: 0.0020928 seconds, Stopping threads took: 0.0001154 seconds
2019-02-01T02:20:59.927+0000: 800825.933: Application time: 0.0067817 seconds
2019-02-01T02:20:59.929+0000: 800825.935: Total time for which application threads were stopped: 0.0019063 seconds, Stopping threads took: 0.0000417 seconds
2019-02-01T02:21:00.297+0000: 800826.303: Application time: 0.3678621 seconds
2019-02-01T02:21:00.300+0000: 800826.306: Total time for which application threads were stopped: 0.0032206 seconds, Stopping threads took: 0.0000593 seconds
2019-02-01T02:21:00.300+0000: 800826.306: Application time: 0.0001362 seconds
2019-02-01T02:21:00.302+0000: 800826.308: [GC (GCLocker Initiated GC) 2019-02-01T02:21:00.311+0000: 800826.316: [SoftReference, 0 refs, 0.0000218 secs]2019-02-01T02:21:00.311+0000: 800826.316: [WeakReference, 19 refs, 0.0000113 secs]2019-02-01T02:21:00.311+0000: 800826.316: [FinalReference, 450 refs, 0.0001940 secs]2019-02-01T02:21:00.311+0000: 800826.317: [PhantomReference, 0 refs, 0 refs, 0.0000084 secs]2019-02-01T02:21:00.311+0000: 800826.317: [JNI Weak Reference, 0.0000225 secs]
Desired survivor size 7340032 bytes, new threshold 1 (max 15)
[PSYoungGen: 65582K->3542K(63488K)] 750218K->689358K(765440K), 0.0129966 secs] [Times: user=0.21 sys=0.00, real=0.01 secs] 
2019-02-01T02:21:00.315+0000: 800826.321: Total time for which application threads were stopped: 0.0150398 seconds, Stopping threads took: 0.0000464 seconds
2019-02-01T02:21:01.906+0000: 800827.912: Application time: 1.5906098 seconds
2019-02-01T02:21:01.909+0000: 800827.915: Total time for which application threads were stopped: 0.0032272 seconds, Stopping threads took: 0.0000961 seconds
2019-02-01T02:21:02.732+0000: 800828.738: Application time: 0.8230503 seconds
2019-02-01T02:21:02.735+0000: 800828.741: [GC (Allocation Failure) 2019-02-01T02:21:02.740+0000: 800828.745: [SoftReference, 0 refs, 0.0000285 secs]2019-02-01T02:21:02.740+0000: 800828.745: [WeakReference, 8 refs, 0.0000144 secs]2019-02-01T02:21:02.740+0000: 800828.745: [FinalReference, 429 refs, 0.0002028 secs]2019-02-01T02:21:02.740+0000: 800828.746: [PhantomReference, 0 refs, 0 refs, 0.0000145 secs]2019-02-01T02:21:02.740+0000: 800828.746: [JNI Weak Reference, 0.0000225 secs]
Desired survivor size 7340032 bytes, new threshold 1 (max 15)
[PSYoungGen: 63446K->2419K(60928K)] 749270K->689529K(762880K), 0.0088004 secs] [Times: user=0.09 sys=0.00, real=0.01 secs] 
2019-02-01T02:21:02.744+0000: 800828.750: Total time for which application threads were stopped: 0.0121484 seconds, Stopping threads took: 0.0000579 seconds
2019-02-01T02:21:05.098+0000: 800831.104: Application time: 2.3540628 seconds
2019-02-01T02:21:05.102+0000: 800831.107: [GC (Allocation Failure) 2019-02-01T02:21:05.106+0000: 800831.112: [SoftReference, 0 refs, 0.0000332 secs]2019-02-01T02:21:05.106+0000: 800831.112: [WeakReference, 5 refs, 0.0000149 secs]2019-02-01T02:21:05.106+0000: 800831.112: [FinalReference, 437 refs, 0.0002166 secs]2019-02-01T02:21:05.106+0000: 800831.112: [PhantomReference, 0 refs, 0 refs, 0.0000143 secs]2019-02-01T02:21:05.106+0000: 800831.112: [JNI Weak Reference, 0.0000280 secs]
Desired survivor size 7340032 bytes, new threshold 1 (max 15)
[PSYoungGen: 60787K->1929K(59392K)] 747897K->689984K(761344K), 0.0095308 secs] [Times: user=0.08 sys=0.00, real=0.00 secs] 
2019-02-01T02:21:05.111+0000: 800831.117: Total time for which application threads were stopped: 0.0128427 seconds, Stopping threads took: 0.0000527 seconds
2019-02-01T02:21:06.897+0000: 800832.903: Application time: 1.7857696 seconds
2019-02-01T02:21:06.900+0000: 800832.906: [GC (Allocation Failure) 2019-02-01T02:21:06.904+0000: 800832.910: [SoftReference, 0 refs, 0.0000415 secs]2019-02-01T02:21:06.904+0000: 800832.910: [WeakReference, 4 refs, 0.0000224 secs]2019-02-01T02:21:06.904+0000: 800832.910: [FinalReference, 409 refs, 0.0001748 secs]2019-02-01T02:21:06.905+0000: 800832.910: [PhantomReference, 0 refs, 0 refs, 0.0000145 secs]2019-02-01T02:21:06.905+0000: 800832.910: [JNI Weak Reference, 0.0000285 secs]
Desired survivor size 7340032 bytes, new threshold 1 (max 15)
[PSYoungGen: 59273K->2103K(59392K)] 747328K->690731K(761344K), 0.0095869 secs] [Times: user=0.07 sys=0.01, real=0.01 secs] 
2019-02-01T02:21:06.910+0000: 800832.916: Total time for which application threads were stopped: 0.0129798 seconds, Stopping threads took: 0.0000506 seconds
2019-02-01T02:21:08.879+0000: 800834.885: Application time: 1.9690106 seconds
2019-02-01T02:21:08.882+0000: 800834.888: [GC (Allocation Failure) 2019-02-01T02:21:08.887+0000: 800834.893: [SoftReference, 0 refs, 0.0000389 secs]2019-02-01T02:21:08.887+0000: 800834.893: [WeakReference, 10 refs, 0.0000166 secs]2019-02-01T02:21:08.887+0000: 800834.893: [FinalReference, 360 refs, 0.0001661 secs]2019-02-01T02:21:08.887+0000: 800834.893: [PhantomReference, 0 refs, 0 refs, 0.0000147 secs]2019-02-01T02:21:08.888+0000: 800834.893: [JNI Weak Reference, 0.0000234 secs]
Desired survivor size 6815744 bytes, new threshold 1 (max 15)
[PSYoungGen: 58423K->2238K(57856K)] 747051K->691801K(759808K), 0.0093401 secs] [Times: user=0.07 sys=0.00, real=0.01 secs] 
2019-02-01T02:21:08.892+0000: 800834.898: Total time for which application threads were stopped: 0.0127315 seconds, Stopping threads took: 0.0000534 seconds
2019-02-01T02:21:09.228+0000: 800835.234: Application time: 0.3360420 seconds
2019-02-01T02:21:09.231+0000: 800835.237: Total time for which application threads were stopped: 0.0033564 seconds, Stopping threads took: 0.0000615 seconds
2019-02-01T02:21:09.231+0000: 800835.237: Application time: 0.0000896 seconds
2019-02-01T02:21:09.233+0000: 800835.239: Total time for which application threads were stopped: 0.0021738 seconds, Stopping threads took: 0.0000739 seconds
2019-02-01T02:21:09.650+0000: 800835.656: Application time: 0.4170299 seconds
2019-02-01T02:21:09.654+0000: 800835.660: Total time for which application threads were stopped: 0.0033055 seconds, Stopping threads took: 0.0000910 seconds
2019-02-01T02:21:09.715+0000: 800835.721: Application time: 0.0611189 seconds
2019-02-01T02:21:09.718+0000: 800835.723: Total time for which application threads were stopped: 0.0026298 seconds, Stopping threads took: 0.0000419 seconds
2019-02-01T02:21:10.035+0000: 800836.041: Application time: 0.3176999 seconds
2019-02-01T02:21:10.039+0000: 800836.044: Total time for which application threads were stopped: 0.0033449 seconds, Stopping threads took: 0.0000519 seconds
2019-02-01T02:21:10.039+0000: 800836.044: Application time: 0.0001090 seconds
2019-02-01T02:21:10.041+0000: 800836.047: Total time for which application threads were stopped: 0.0021802 seconds, Stopping threads took: 0.0000823 seconds
2019-02-01T02:21:10.642+0000: 800836.648: Application time: 0.6014642 seconds
2019-02-01T02:21:10.646+0000: 800836.651: Total time for which application threads were stopped: 0.0034007 seconds, Stopping threads took: 0.0000805 seconds
2019-02-01T02:21:10.646+0000: 800836.652: Application time: 0.0001139 seconds
2019-02-01T02:21:10.648+0000: 800836.654: Total time for which application threads were stopped: 0.0022515 seconds, Stopping threads took: 0.0000833 seconds
2019-02-01T02:21:10.921+0000: 800836.927: Application time: 0.2731759 seconds
2019-02-01T02:21:10.925+0000: 800836.930: Total time for which application threads were stopped: 0.0033253 seconds, Stopping threads took: 0.0000595 seconds
2019-02-01T02:21:10.949+0000: 800836.955: Application time: 0.0244841 seconds
2019-02-01T02:21:10.952+0000: 800836.958: Total time for which application threads were stopped: 0.0027422 seconds, Stopping threads took: 0.0000718 seconds
2019-02-01T02:21:10.952+0000: 800836.958: Application time: 0.0001127 seconds
2019-02-01T02:21:10.954+0000: 800836.959: Total time for which application threads were stopped: 0.0016983 seconds, Stopping threads took: 0.0000831 seconds
2019-02-01T02:21:11.279+0000: 800837.285: Application time: 0.3251728 seconds
2019-02-01T02:21:11.282+0000: 800837.288: [GC (Allocation Failure) 2019-02-01T02:21:11.287+0000: 800837.293: [SoftReference, 0 refs, 0.0000218 secs]2019-02-01T02:21:11.287+0000: 800837.293: [WeakReference, 16 refs, 0.0000112 secs]2019-02-01T02:21:11.287+0000: 800837.293: [FinalReference, 416 refs, 0.0001672 secs]2019-02-01T02:21:11.288+0000: 800837.293: [PhantomReference, 0 refs, 0 refs, 0.0000082 secs]2019-02-01T02:21:11.288+0000: 800837.293: [JNI Weak Reference, 0.0000210 secs]
Desired survivor size 6815744 bytes, new threshold 1 (max 15)
[PSYoungGen: 57534K->2165K(59904K)] 747097K->692600K(761856K), 0.0092564 secs] [Times: user=0.08 sys=0.00, real=0.01 secs] 
2019-02-01T02:21:11.291+0000: 800837.297: Total time for which application threads were stopped: 0.0125734 seconds, Stopping threads took: 0.0000618 seconds
2019-02-01T02:21:11.355+0000: 800837.361: Application time: 0.0633419 seconds
2019-02-01T02:21:11.357+0000: 800837.363: Total time for which application threads were stopped: 0.0027072 seconds, Stopping threads took: 0.0000441 seconds
2019-02-01T02:21:11.358+0000: 800837.363: Application time: 0.0000898 seconds
2019-02-01T02:21:11.360+0000: 800837.365: Total time for which application threads were stopped: 0.0020855 seconds, Stopping threads took: 0.0000778 seconds
2019-02-01T02:21:11.676+0000: 800837.682: Application time: 0.3161483 seconds
2019-02-01T02:21:11.679+0000: 800837.685: Total time for which application threads were stopped: 0.0032808 seconds, Stopping threads took: 0.0000789 seconds
2019-02-01T02:21:11.690+0000: 800837.695: Application time: 0.0105565 seconds
2019-02-01T02:21:11.692+0000: 800837.698: Total time for which application threads were stopped: 0.0022372 seconds, Stopping threads took: 0.0000373 seconds
2019-02-01T02:21:11.861+0000: 800837.866: Application time: 0.1687971 seconds
2019-02-01T02:21:11.863+0000: 800837.869: Total time for which application threads were stopped: 0.0027936 seconds, Stopping threads took: 0.0000478 seconds
2019-02-01T02:21:11.864+0000: 800837.869: Application time: 0.0000734 seconds
2019-02-01T02:21:11.865+0000: 800837.871: Total time for which application threads were stopped: 0.0019083 seconds, Stopping threads took: 0.0000306 seconds
2019-02-01T02:21:11.876+0000: 800837.882: Application time: 0.0103325 seconds
2019-02-01T02:21:11.878+0000: 800837.883: Total time for which application threads were stopped: 0.0017054 seconds, Stopping threads took: 0.0000374 seconds
2019-02-01T02:21:11.888+0000: 800837.894: Application time: 0.0104132 seconds
2019-02-01T02:21:11.890+0000: 800837.895: Total time for which application threads were stopped: 0.0017340 seconds, Stopping threads took: 0.0000371 seconds
2019-02-01T02:21:12.011+0000: 800838.017: Application time: 0.1216295 seconds
2019-02-01T02:21:12.014+0000: 800838.019: Total time for which application threads were stopped: 0.0023986 seconds, Stopping threads took: 0.0000476 seconds
2019-02-01T02:21:12.065+0000: 800838.070: Application time: 0.0508833 seconds
2019-02-01T02:21:12.067+0000: 800838.073: Total time for which application threads were stopped: 0.0024008 seconds, Stopping threads took: 0.0000664 seconds
2019-02-01T02:21:12.098+0000: 800838.103: Application time: 0.0306658 seconds
2019-02-01T02:21:12.100+0000: 800838.106: Total time for which application threads were stopped: 0.0021368 seconds, Stopping threads took: 0.0000951 seconds
2019-02-01T02:21:12.444+0000: 800838.450: Application time: 0.3441106 seconds
2019-02-01T02:21:12.447+0000: 800838.453: Total time for which application threads were stopped: 0.0033045 seconds, Stopping threads took: 0.0000936 seconds
2019-02-01T02:21:12.529+0000: 800838.534: Application time: 0.0812640 seconds
2019-02-01T02:21:12.531+0000: 800838.537: Total time for which application threads were stopped: 0.0027869 seconds, Stopping threads took: 0.0000455 seconds
2019-02-01T02:21:12.602+0000: 800838.608: Application time: 0.0711290 seconds
2019-02-01T02:21:12.605+0000: 800838.611: Total time for which application threads were stopped: 0.0025454 seconds, Stopping threads took: 0.0000439 seconds
2019-02-01T02:21:12.615+0000: 800838.621: Application time: 0.0104342 seconds
2019-02-01T02:21:12.618+0000: 800838.623: Total time for which application threads were stopped: 0.0021016 seconds, Stopping threads took: 0.0000389 seconds
2019-02-01T02:21:12.628+0000: 800838.634: Application time: 0.0104212 seconds
2019-02-01T02:21:12.631+0000: 800838.637: Total time for which application threads were stopped: 0.0029250 seconds, Stopping threads took: 0.0001214 seconds
2019-02-01T02:21:13.409+0000: 800839.414: Application time: 0.7776876 seconds
2019-02-01T02:21:13.411+0000: 800839.417: [GC (Allocation Failure) 2019-02-01T02:21:13.415+0000: 800839.421: [SoftReference, 0 refs, 0.0000491 secs]2019-02-01T02:21:13.416+0000: 800839.421: [WeakReference, 11 refs, 0.0000161 secs]2019-02-01T02:21:13.416+0000: 800839.421: [FinalReference, 388 refs, 0.0002082 secs]2019-02-01T02:21:13.416+0000: 800839.422: [PhantomReference, 0 refs, 0 refs, 0.0000157 secs]2019-02-01T02:21:13.416+0000: 800839.422: [JNI Weak Reference, 0.0000222 secs]
Desired survivor size 6815744 bytes, new threshold 1 (max 15)
[PSYoungGen: 56437K->2652K(56320K)] 746872K->694179K(758272K), 0.0080159 secs] [Times: user=0.10 sys=0.01, real=0.01 secs] 
2019-02-01T02:21:13.419+0000: 800839.425: Total time for which application threads were stopped: 0.0108578 seconds, Stopping threads took: 0.0000396 seconds
2019-02-01T02:21:13.569+0000: 800839.575: Application time: 0.1494616 seconds
2019-02-01T02:21:13.571+0000: 800839.577: Total time for which application threads were stopped: 0.0019811 seconds, Stopping threads took: 0.0000409 seconds
2019-02-01T02:21:13.571+0000: 800839.577: Application time: 0.0000895 seconds
2019-02-01T02:21:13.572+0000: 800839.578: Total time for which application threads were stopped: 0.0013060 seconds, Stopping threads took: 0.0000249 seconds
2019-02-01T02:21:15.485+0000: 800841.490: Application time: 1.9122489 seconds
2019-02-01T02:21:15.487+0000: 800841.493: [GC (Allocation Failure) 2019-02-01T02:21:15.492+0000: 800841.498: [SoftReference, 0 refs, 0.0000219 secs]2019-02-01T02:21:15.492+0000: 800841.498: [WeakReference, 11 refs, 0.0000101 secs]2019-02-01T02:21:15.492+0000: 800841.498: [FinalReference, 419 refs, 0.0001158 secs]2019-02-01T02:21:15.492+0000: 800841.498: [PhantomReference, 0 refs, 0 refs, 0.0000109 secs]2019-02-01T02:21:15.492+0000: 800841.498: [JNI Weak Reference, 0.0000134 secs]
Desired survivor size 6291456 bytes, new threshold 1 (max 15)
[PSYoungGen: 55900K->3508K(56832K)] 747427K->696595K(758784K), 0.0074754 secs] [Times: user=0.11 sys=0.00, real=0.01 secs] 
2019-02-01T02:21:15.495+0000: 800841.500: Total time for which application threads were stopped: 0.0101402 seconds, Stopping threads took: 0.0000461 seconds
2019-02-01T02:21:17.379+0000: 800843.384: Application time: 1.8838552 seconds
2019-02-01T02:21:17.381+0000: 800843.387: Total time for which application threads were stopped: 0.0029281 seconds, Stopping threads took: 0.0000504 seconds
2019-02-01T02:21:17.382+0000: 800843.387: Application time: 0.0001117 seconds
2019-02-01T02:21:17.383+0000: 800843.389: Total time for which application threads were stopped: 0.0018836 seconds, Stopping threads took: 0.0000730 seconds
2019-02-01T02:21:18.236+0000: 800844.242: Application time: 0.8529880 seconds
2019-02-01T02:21:18.238+0000: 800844.244: [GC (Allocation Failure) 2019-02-01T02:21:18.243+0000: 800844.248: [SoftReference, 0 refs, 0.0000457 secs]2019-02-01T02:21:18.243+0000: 800844.248: [WeakReference, 6 refs, 0.0000170 secs]2019-02-01T02:21:18.243+0000: 800844.248: [FinalReference, 332 refs, 0.0001548 secs]2019-02-01T02:21:18.243+0000: 800844.249: [PhantomReference, 0 refs, 0 refs, 0.0000147 secs]2019-02-01T02:21:18.243+0000: 800844.249: [JNI Weak Reference, 0.0000220 secs]
Desired survivor size 6291456 bytes, new threshold 1 (max 15)
[PSYoungGen: 55732K->1628K(53248K)] 748819K->695573K(755200K), 0.0082271 secs] [Times: user=0.08 sys=0.01, real=0.01 secs] 
2019-02-01T02:21:18.246+0000: 800844.252: Total time for which application threads were stopped: 0.0100024 seconds, Stopping threads took: 0.0000444 seconds
2019-02-01T02:21:18.782+0000: 800844.788: Application time: 0.5356865 seconds
2019-02-01T02:21:18.785+0000: 800844.790: Total time for which application threads were stopped: 0.0023670 seconds, Stopping threads took: 0.0000400 seconds
2019-02-01T02:21:18.805+0000: 800844.811: Application time: 0.0206088 seconds
2019-02-01T02:21:18.807+0000: 800844.813: Total time for which application threads were stopped: 0.0018278 seconds, Stopping threads took: 0.0000739 seconds
2019-02-01T02:21:18.817+0000: 800844.823: Application time: 0.0103498 seconds
2019-02-01T02:21:18.819+0000: 800844.825: Total time for which application threads were stopped: 0.0016634 seconds, Stopping threads took: 0.0000944 seconds
2019-02-01T02:21:19.785+0000: 800845.791: Application time: 0.9659152 seconds
2019-02-01T02:21:19.787+0000: 800845.793: Total time for which application threads were stopped: 0.0022112 seconds, Stopping threads took: 0.0000459 seconds
2019-02-01T02:21:20.457+0000: 800846.462: Application time: 0.6695552 seconds
2019-02-01T02:21:20.460+0000: 800846.465: [GC (Allocation Failure) 2019-02-01T02:21:20.464+0000: 800846.470: [SoftReference, 0 refs, 0.0000343 secs]2019-02-01T02:21:20.464+0000: 800846.470: [WeakReference, 19 refs, 0.0000176 secs]2019-02-01T02:21:20.464+0000: 800846.470: [FinalReference, 374 refs, 0.0001514 secs]2019-02-01T02:21:20.464+0000: 800846.470: [PhantomReference, 0 refs, 0 refs, 0.0000146 secs]2019-02-01T02:21:20.464+0000: 800846.470: [JNI Weak Reference, 0.0000291 secs]
Desired survivor size 6815744 bytes, new threshold 1 (max 15)
[PSYoungGen: 52828K->5010K(56320K)] 746773K->699673K(758272K), 0.0090224 secs] [Times: user=0.08 sys=0.00, real=0.01 secs] 
2019-02-01T02:21:20.469+0000: 800846.475: Total time for which application threads were stopped: 0.0120363 seconds, Stopping threads took: 0.0000594 seconds
2019-02-01T02:21:22.150+0000: 800848.156: Application time: 1.6814455 seconds
2019-02-01T02:21:22.153+0000: 800848.159: [GC (Allocation Failure) 2019-02-01T02:21:22.157+0000: 800848.163: [SoftReference, 0 refs, 0.0000258 secs]2019-02-01T02:21:22.157+0000: 800848.163: [WeakReference, 18 refs, 0.0000106 secs]2019-02-01T02:21:22.157+0000: 800848.163: [FinalReference, 327 refs, 0.0000912 secs]2019-02-01T02:21:22.157+0000: 800848.163: [PhantomReference, 0 refs, 0 refs, 0.0000083 secs]2019-02-01T02:21:22.157+0000: 800848.163: [JNI Weak Reference, 0.0000166 secs]
Desired survivor size 6815744 bytes, new threshold 1 (max 15)
[PSYoungGen: 55186K->3548K(52736K)] 749849K->700720K(754688K), 0.0066694 secs] [Times: user=0.09 sys=0.00, real=0.01 secs] 
2019-02-01T02:21:22.160+0000: 800848.165: Total time for which application threads were stopped: 0.0095005 seconds, Stopping threads took: 0.0000483 seconds
2019-02-01T02:21:23.754+0000: 800849.760: Application time: 1.5941400 seconds
2019-02-01T02:21:23.757+0000: 800849.763: [GC (Allocation Failure) 2019-02-01T02:21:23.761+0000: 800849.767: [SoftReference, 0 refs, 0.0000539 secs]2019-02-01T02:21:23.761+0000: 800849.767: [WeakReference, 18 refs, 0.0000261 secs]2019-02-01T02:21:23.761+0000: 800849.767: [FinalReference, 356 refs, 0.0001530 secs]2019-02-01T02:21:23.761+0000: 800849.767: [PhantomReference, 0 refs, 0 refs, 0.0000146 secs]2019-02-01T02:21:23.761+0000: 800849.767: [JNI Weak Reference, 0.0000243 secs]
Desired survivor size 6291456 bytes, new threshold 1 (max 15)
[PSYoungGen: 52700K->2683K(52736K)] 749872K->701719K(754688K), 0.0082964 secs] [Times: user=0.08 sys=0.01, real=0.01 secs] 
2019-02-01T02:21:23.765+0000: 800849.771: Total time for which application threads were stopped: 0.0114593 seconds, Stopping threads took: 0.0000566 seconds
2019-02-01T02:21:25.694+0000: 800851.700: Application time: 1.9287077 seconds
2019-02-01T02:21:25.697+0000: 800851.703: [GC (Allocation Failure) 2019-02-01T02:21:25.700+0000: 800851.706: [SoftReference, 0 refs, 0.0000379 secs]2019-02-01T02:21:25.700+0000: 800851.706: [WeakReference, 9 refs, 0.0000153 secs]2019-02-01T02:21:25.700+0000: 800851.706: [FinalReference, 368 refs, 0.0001887 secs]2019-02-01T02:21:25.701+0000: 800851.706: [PhantomReference, 0 refs, 0 refs, 0.0000242 secs]2019-02-01T02:21:25.701+0000: 800851.706: [JNI Weak Reference, 0.0000222 secs]
Desired survivor size 6815744 bytes, new threshold 1 (max 15)
[PSYoungGen: 50811K->4359K(51712K)] 749847K->704491K(753664K), 0.0069662 secs] [Times: user=0.08 sys=0.00, real=0.00 secs] 
2019-02-01T02:21:25.704+0000: 800851.710: [Full GC (Ergonomics) 2019-02-01T02:21:25.747+0000: 800851.753: [SoftReference, 167 refs, 0.0000780 secs]2019-02-01T02:21:25.747+0000: 800851.753: [WeakReference, 3019 refs, 0.0003979 secs]2019-02-01T02:21:25.748+0000: 800851.753: [FinalReference, 1364 refs, 0.0009018 secs]2019-02-01T02:21:25.748+0000: 800851.754: [PhantomReference, 0 refs, 176 refs, 0.0000365 secs]2019-02-01T02:21:25.748+0000: 800851.754: [JNI Weak Reference, 0.0000245 secs][PSYoungGen: 4359K->0K(51712K)] [ParOldGen: 700132K->644450K(702464K)] 704491K->644450K(754176K), [Metaspace: 75231K->75231K(1118208K)], 0.1499767 secs] [Times: user=2.38 sys=0.00, real=0.15 secs] 
2019-02-01T02:21:25.854+0000: 800851.860: Total time for which application threads were stopped: 0.1602549 seconds, Stopping threads took: 0.0000557 seconds
2019-02-01T02:21:25.854+0000: 800851.860: Application time: 0.0000653 seconds
2019-02-01T02:21:25.857+0000: 800851.863: Total time for which application threads were stopped: 0.0024275 seconds, Stopping threads took: 0.0000888 seconds
2019-02-01T02:21:25.857+0000: 800851.863: Application time: 0.0000600 seconds
2019-02-01T02:21:25.858+0000: 800851.864: Total time for which application threads were stopped: 0.0011889 seconds, Stopping threads took: 0.0000464 seconds
2019-02-01T02:21:27.299+0000: 800853.305: Application time: 1.4409986 seconds
2019-02-01T02:21:27.301+0000: 800853.307: [GC (Allocation Failure) 2019-02-01T02:21:27.306+0000: 800853.312: [SoftReference, 0 refs, 0.0000238 secs]2019-02-01T02:21:27.306+0000: 800853.312: [WeakReference, 17 refs, 0.0000101 secs]2019-02-01T02:21:27.306+0000: 800853.312: [FinalReference, 302 refs, 0.0000931 secs]2019-02-01T02:21:27.306+0000: 800853.312: [PhantomReference, 0 refs, 0 refs, 0.0000080 secs]2019-02-01T02:21:27.306+0000: 800853.312: [JNI Weak Reference, 0.0000171 secs]
Desired survivor size 6291456 bytes, new threshold 1 (max 15)
[PSYoungGen: 47104K->3752K(50688K)] 691554K->648202K(753152K), 0.0086005 secs] [Times: user=0.10 sys=0.00, real=0.01 secs] 
2019-02-01T02:21:27.310+0000: 800853.315: Total time for which application threads were stopped: 0.0106396 seconds, Stopping threads took: 0.0000403 seconds
2019-02-01T02:21:27.927+0000: 800853.932: Application time: 0.6169762 seconds
2019-02-01T02:21:27.929+0000: 800853.934: Total time for which application threads were stopped: 0.0020844 seconds, Stopping threads took: 0.0000445 seconds
2019-02-01T02:21:27.980+0000: 800853.985: Application time: 0.0509616 seconds
2019-02-01T02:21:27.982+0000: 800853.987: Total time for which application threads were stopped: 0.0018172 seconds, Stopping threads took: 0.0000397 seconds
2019-02-01T02:21:27.992+0000: 800853.998: Application time: 0.0104045 seconds
2019-02-01T02:21:27.994+0000: 800853.999: Total time for which application threads were stopped: 0.0016045 seconds, Stopping threads took: 0.0000424 seconds
2019-02-01T02:21:28.004+0000: 800854.010: Application time: 0.0104193 seconds
2019-02-01T02:21:28.006+0000: 800854.011: Total time for which application threads were stopped: 0.0016778 seconds, Stopping threads took: 0.0000923 seconds
2019-02-01T02:21:28.269+0000: 800854.275: Application time: 0.2631560 seconds
2019-02-01T02:21:28.271+0000: 800854.276: Total time for which application threads were stopped: 0.0018802 seconds, Stopping threads took: 0.0000571 seconds
2019-02-01T02:21:28.352+0000: 800854.358: Application time: 0.0813216 seconds
2019-02-01T02:21:28.354+0000: 800854.360: Total time for which application threads were stopped: 0.0018628 seconds, Stopping threads took: 0.0000396 seconds
2019-02-01T02:21:28.762+0000: 800854.767: Application time: 0.4076566 seconds
2019-02-01T02:21:28.764+0000: 800854.769: [GC (Allocation Failure) 2019-02-01T02:21:28.769+0000: 800854.775: [SoftReference, 0 refs, 0.0000375 secs]2019-02-01T02:21:28.769+0000: 800854.775: [WeakReference, 23 refs, 0.0000229 secs]2019-02-01T02:21:28.769+0000: 800854.775: [FinalReference, 320 refs, 0.0001364 secs]2019-02-01T02:21:28.769+0000: 800854.775: [PhantomReference, 0 refs, 0 refs, 0.0000151 secs]2019-02-01T02:21:28.769+0000: 800854.775: [JNI Weak Reference, 0.0000249 secs]
Desired survivor size 6291456 bytes, new threshold 1 (max 15)
[PSYoungGen: 49828K->2548K(47616K)] 694279K->648835K(750080K), 0.0101112 secs] [Times: user=0.11 sys=0.00, real=0.01 secs] 
2019-02-01T02:21:28.774+0000: 800854.780: Total time for which application threads were stopped: 0.0122893 seconds, Stopping threads took: 0.0000919 seconds
2019-02-01T02:21:30.360+0000: 800856.366: Application time: 1.5861391 seconds
2019-02-01T02:21:30.363+0000: 800856.369: [GC (Allocation Failure) 2019-02-01T02:21:30.368+0000: 800856.373: [SoftReference, 0 refs, 0.0000338 secs]2019-02-01T02:21:30.368+0000: 800856.373: [WeakReference, 8 refs, 0.0000148 secs]2019-02-01T02:21:30.368+0000: 800856.373: [FinalReference, 272 refs, 0.0001560 secs]2019-02-01T02:21:30.368+0000: 800856.374: [PhantomReference, 0 refs, 0 refs, 0.0000144 secs]2019-02-01T02:21:30.368+0000: 800856.374: [JNI Weak Reference, 0.0000241 secs]
Desired survivor size 6291456 bytes, new threshold 1 (max 15)
[PSYoungGen: 47604K->1992K(50176K)] 693891K->649654K(752640K), 0.0085320 secs] [Times: user=0.08 sys=0.00, real=0.01 secs] 
2019-02-01T02:21:30.371+0000: 800856.377: Total time for which application threads were stopped: 0.0114210 seconds, Stopping threads took: 0.0000438 seconds
2019-02-01T02:21:31.280+0000: 800857.286: Application time: 0.9090853 seconds
2019-02-01T02:21:31.283+0000: 800857.289: Total time for which application threads were stopped: 0.0028804 seconds, Stopping threads took: 0.0000785 seconds
2019-02-01T02:21:31.334+0000: 800857.340: Application time: 0.0508758 seconds
2019-02-01T02:21:31.337+0000: 800857.342: Total time for which application threads were stopped: 0.0023385 seconds, Stopping threads took: 0.0000956 seconds
2019-02-01T02:21:31.900+0000: 800857.905: Application time: 0.5630502 seconds
2019-02-01T02:21:31.902+0000: 800857.908: [GC (Allocation Failure) 2019-02-01T02:21:31.907+0000: 800857.913: [SoftReference, 0 refs, 0.0000373 secs]2019-02-01T02:21:31.907+0000: 800857.913: [WeakReference, 6 refs, 0.0000146 secs]2019-02-01T02:21:31.907+0000: 800857.913: [FinalReference, 307 refs, 0.0001658 secs]2019-02-01T02:21:31.907+0000: 800857.913: [PhantomReference, 0 refs, 0 refs, 0.0000144 secs]2019-02-01T02:21:31.907+0000: 800857.913: [JNI Weak Reference, 0.0000247 secs]
Desired survivor size 6291456 bytes, new threshold 1 (max 15)
[PSYoungGen: 46536K->1988K(46080K)] 694198K->650682K(748544K), 0.0090602 secs] [Times: user=0.09 sys=0.00, real=0.01 secs] 
2019-02-01T02:21:31.912+0000: 800857.917: Total time for which application threads were stopped: 0.0119821 seconds, Stopping threads took: 0.0000438 seconds
2019-02-01T02:21:33.762+0000: 800859.768: Application time: 1.8504170 seconds
2019-02-01T02:21:33.764+0000: 800859.770: Total time for which application threads were stopped: 0.0022267 seconds, Stopping threads took: 0.0000941 seconds
2019-02-01T02:21:33.764+0000: 800859.770: Application time: 0.0001133 seconds
2019-02-01T02:21:33.766+0000: 800859.772: [GC (GCLocker Initiated GC) 2019-02-01T02:21:33.771+0000: 800859.776: [SoftReference, 0 refs, 0.0000384 secs]2019-02-01T02:21:33.771+0000: 800859.776: [WeakReference, 13 refs, 0.0000162 secs]2019-02-01T02:21:33.771+0000: 800859.776: [FinalReference, 277 refs, 0.0001365 secs]2019-02-01T02:21:33.771+0000: 800859.777: [PhantomReference, 0 refs, 0 refs, 0.0000145 secs]2019-02-01T02:21:33.771+0000: 800859.777: [JNI Weak Reference, 0.0000218 secs]
Desired survivor size 6291456 bytes, new threshold 1 (max 15)
[PSYoungGen: 46020K->4619K(49152K)] 694714K->654329K(751616K), 0.0079377 secs] [Times: user=0.11 sys=0.00, real=0.01 secs] 
2019-02-01T02:21:33.774+0000: 800859.780: Total time for which application threads were stopped: 0.0098722 seconds, Stopping threads took: 0.0000376 seconds
2019-02-01T02:21:35.312+0000: 800861.318: Application time: 1.5377471 seconds
2019-02-01T02:21:35.315+0000: 800861.320: [GC (Allocation Failure) 2019-02-01T02:21:35.319+0000: 800861.325: [SoftReference, 0 refs, 0.0000392 secs]2019-02-01T02:21:35.319+0000: 800861.325: [WeakReference, 4 refs, 0.0000148 secs]2019-02-01T02:21:35.319+0000: 800861.325: [FinalReference, 258 refs, 0.0001291 secs]2019-02-01T02:21:35.320+0000: 800861.325: [PhantomReference, 0 refs, 0 refs, 0.0000147 secs]2019-02-01T02:21:35.320+0000: 800861.325: [JNI Weak Reference, 0.0000213 secs]
Desired survivor size 6291456 bytes, new threshold 1 (max 15)
[PSYoungGen: 48139K->2002K(45056K)] 697852K->652873K(747520K), 0.0082820 secs] [Times: user=0.08 sys=0.00, real=0.01 secs] 
2019-02-01T02:21:35.323+0000: 800861.329: Total time for which application threads were stopped: 0.0111072 seconds, Stopping threads took: 0.0000453 seconds
2019-02-01T02:21:36.705+0000: 800862.711: Application time: 1.3819904 seconds
2019-02-01T02:21:36.708+0000: 800862.713: [GC (Allocation Failure) 2019-02-01T02:21:36.712+0000: 800862.718: [SoftReference, 0 refs, 0.0000272 secs]2019-02-01T02:21:36.712+0000: 800862.718: [WeakReference, 25 refs, 0.0000249 secs]2019-02-01T02:21:36.712+0000: 800862.718: [FinalReference, 268 refs, 0.0001288 secs]2019-02-01T02:21:36.712+0000: 800862.718: [PhantomReference, 0 refs, 0 refs, 0.0000146 secs]2019-02-01T02:21:36.712+0000: 800862.718: [JNI Weak Reference, 0.0000214 secs]
Desired survivor size 6291456 bytes, new threshold 1 (max 15)
[PSYoungGen: 45010K->4041K(48128K)] 695881K->656101K(750592K), 0.0076530 secs] [Times: user=0.09 sys=0.00, real=0.00 secs] 
2019-02-01T02:21:36.715+0000: 800862.721: Total time for which application threads were stopped: 0.0103022 seconds, Stopping threads took: 0.0000944 seconds
2019-02-01T02:21:37.933+0000: 800863.938: Application time: 1.2171678 seconds
2019-02-01T02:21:37.936+0000: 800863.941: [GC (Allocation Failure) 2019-02-01T02:21:37.940+0000: 800863.946: [SoftReference, 0 refs, 0.0000335 secs]2019-02-01T02:21:37.940+0000: 800863.946: [WeakReference, 26 refs, 0.0000188 secs]2019-02-01T02:21:37.940+0000: 800863.946: [FinalReference, 243 refs, 0.0001456 secs]2019-02-01T02:21:37.940+0000: 800863.946: [PhantomReference, 0 refs, 0 refs, 0.0000147 secs]2019-02-01T02:21:37.940+0000: 800863.946: [JNI Weak Reference, 0.0000244 secs]
Desired survivor size 6291456 bytes, new threshold 1 (max 15)
[PSYoungGen: 46537K->3164K(45568K)] 698597K->656696K(748032K), 0.0081362 secs] [Times: user=0.09 sys=0.00, real=0.01 secs] 
2019-02-01T02:21:37.944+0000: 800863.950: Total time for which application threads were stopped: 0.0112659 seconds, Stopping threads took: 0.0000530 seconds
2019-02-01T02:21:39.771+0000: 800865.777: Application time: 1.8269170 seconds
2019-02-01T02:21:39.774+0000: 800865.779: Total time for which application threads were stopped: 0.0027261 seconds, Stopping threads took: 0.0000449 seconds
2019-02-01T02:21:39.774+0000: 800865.779: Application time: 0.0001055 seconds
2019-02-01T02:21:39.776+0000: 800865.781: [GC (GCLocker Initiated GC) 2019-02-01T02:21:39.780+0000: 800865.786: [SoftReference, 0 refs, 0.0000338 secs]2019-02-01T02:21:39.780+0000: 800865.786: [WeakReference, 20 refs, 0.0000183 secs]2019-02-01T02:21:39.780+0000: 800865.786: [FinalReference, 261 refs, 0.0001139 secs]2019-02-01T02:21:39.780+0000: 800865.786: [PhantomReference, 0 refs, 0 refs, 0.0000145 secs]2019-02-01T02:21:39.780+0000: 800865.786: [JNI Weak Reference, 0.0000238 secs]
Desired survivor size 6291456 bytes, new threshold 1 (max 15)
[PSYoungGen: 45143K->4743K(47104K)] 698683K->659428K(749568K), 0.0080815 secs] [Times: user=0.08 sys=0.00, real=0.01 secs] 
2019-02-01T02:21:39.784+0000: 800865.789: Total time for which application threads were stopped: 0.0100714 seconds, Stopping threads took: 0.0000750 seconds
2019-02-01T02:21:41.433+0000: 800867.439: Application time: 1.6494467 seconds
2019-02-01T02:21:41.436+0000: 800867.442: Total time for which application threads were stopped: 0.0028420 seconds, Stopping threads took: 0.0000587 seconds
2019-02-01T02:21:41.828+0000: 800867.834: Application time: 0.3918126 seconds
2019-02-01T02:21:41.830+0000: 800867.836: [GC (Allocation Failure) 2019-02-01T02:21:41.833+0000: 800867.839: [SoftReference, 0 refs, 0.0000374 secs]2019-02-01T02:21:41.833+0000: 800867.839: [WeakReference, 12 refs, 0.0000168 secs]2019-02-01T02:21:41.833+0000: 800867.839: [FinalReference, 236 refs, 0.0001047 secs]2019-02-01T02:21:41.834+0000: 800867.839: [PhantomReference, 0 refs, 0 refs, 0.0000143 secs]2019-02-01T02:21:41.834+0000: 800867.839: [JNI Weak Reference, 0.0000210 secs]
Desired survivor size 6291456 bytes, new threshold 1 (max 15)
[PSYoungGen: 46215K->2794K(44032K)] 701387K->659153K(746496K), 0.0070592 secs] [Times: user=0.08 sys=0.00, real=0.00 secs] 
2019-02-01T02:21:41.837+0000: 800867.843: Total time for which application threads were stopped: 0.0092564 seconds, Stopping threads took: 0.0000501 seconds
2019-02-01T02:21:43.982+0000: 800869.988: Application time: 2.1452935 seconds
2019-02-01T02:21:43.985+0000: 800869.991: [GC (Allocation Failure) 2019-02-01T02:21:43.990+0000: 800869.995: [SoftReference, 0 refs, 0.0000333 secs]2019-02-01T02:21:43.990+0000: 800869.995: [WeakReference, 14 refs, 0.0000204 secs]2019-02-01T02:21:43.990+0000: 800869.995: [FinalReference, 266 refs, 0.0001443 secs]2019-02-01T02:21:43.990+0000: 800869.996: [PhantomReference, 0 refs, 0 refs, 0.0000156 secs]2019-02-01T02:21:43.990+0000: 800869.996: [JNI Weak Reference, 0.0000212 secs]
Desired survivor size 6291456 bytes, new threshold 1 (max 15)
[PSYoungGen: 43754K->3045K(46080K)] 700113K->660011K(748544K), 0.0078850 secs] [Times: user=0.06 sys=0.01, real=0.01 secs] 
2019-02-01T02:21:43.993+0000: 800869.999: Total time for which application threads were stopped: 0.0108343 seconds, Stopping threads took: 0.0000691 seconds
2019-02-01T02:21:45.700+0000: 800871.705: Application time: 1.7063614 seconds
2019-02-01T02:21:45.702+0000: 800871.707: [GC (Allocation Failure) 2019-02-01T02:21:45.706+0000: 800871.712: [SoftReference, 0 refs, 0.0000219 secs]2019-02-01T02:21:45.706+0000: 800871.712: [WeakReference, 8 refs, 0.0000096 secs]2019-02-01T02:21:45.706+0000: 800871.712: [FinalReference, 242 refs, 0.0000844 secs]2019-02-01T02:21:45.706+0000: 800871.712: [PhantomReference, 0 refs, 0 refs, 0.0000079 secs]2019-02-01T02:21:45.706+0000: 800871.712: [JNI Weak Reference, 0.0000124 secs]
Desired survivor size 5767168 bytes, new threshold 1 (max 15)
[PSYoungGen: 43473K->2446K(42496K)] 700439K->660292K(744960K), 0.0065888 secs] [Times: user=0.06 sys=0.00, real=0.01 secs] 
2019-02-01T02:21:45.708+0000: 800871.714: Total time for which application threads were stopped: 0.0085838 seconds, Stopping threads took: 0.0000354 seconds
2019-02-01T02:21:47.495+0000: 800873.501: Application time: 1.7867413 seconds
2019-02-01T02:21:47.498+0000: 800873.504: [GC (Allocation Failure) 2019-02-01T02:21:47.502+0000: 800873.508: [SoftReference, 0 refs, 0.0000421 secs]2019-02-01T02:21:47.502+0000: 800873.508: [WeakReference, 4 refs, 0.0000145 secs]2019-02-01T02:21:47.502+0000: 800873.508: [FinalReference, 292 refs, 0.0001433 secs]2019-02-01T02:21:47.502+0000: 800873.508: [PhantomReference, 0 refs, 0 refs, 0.0000144 secs]2019-02-01T02:21:47.502+0000: 800873.508: [JNI Weak Reference, 0.0000218 secs]
Desired survivor size 5767168 bytes, new threshold 1 (max 15)
[PSYoungGen: 42382K->2210K(44544K)] 700228K->660698K(747008K), 0.0075692 secs] [Times: user=0.08 sys=0.00, real=0.01 secs] 
2019-02-01T02:21:47.505+0000: 800873.511: Total time for which application threads were stopped: 0.0105358 seconds, Stopping threads took: 0.0000502 seconds
2019-02-01T02:21:48.763+0000: 800874.769: Application time: 1.2579546 seconds
2019-02-01T02:21:48.766+0000: 800874.771: [GC (Allocation Failure) 2019-02-01T02:21:48.770+0000: 800874.775: [SoftReference, 0 refs, 0.0000327 secs]2019-02-01T02:21:48.770+0000: 800874.775: [WeakReference, 7 refs, 0.0000153 secs]2019-02-01T02:21:48.770+0000: 800874.775: [FinalReference, 263 refs, 0.0001083 secs]2019-02-01T02:21:48.770+0000: 800874.776: [PhantomReference, 0 refs, 0 refs, 0.0000145 secs]2019-02-01T02:21:48.770+0000: 800874.776: [JNI Weak Reference, 0.0000206 secs]
Desired survivor size 5767168 bytes, new threshold 1 (max 15)
[PSYoungGen: 41338K->2192K(41472K)] 699826K->661490K(743936K), 0.0072166 secs] [Times: user=0.07 sys=0.00, real=0.01 secs] 
2019-02-01T02:21:48.773+0000: 800874.779: Total time for which application threads were stopped: 0.0096275 seconds, Stopping threads took: 0.0000412 seconds
2019-02-01T02:21:50.452+0000: 800876.458: Application time: 1.6789367 seconds
2019-02-01T02:21:50.455+0000: 800876.461: [GC (Allocation Failure) 2019-02-01T02:21:50.459+0000: 800876.464: [SoftReference, 0 refs, 0.0000431 secs]2019-02-01T02:21:50.459+0000: 800876.465: [WeakReference, 36 refs, 0.0000265 secs]2019-02-01T02:21:50.459+0000: 800876.465: [FinalReference, 203 refs, 0.0001383 secs]2019-02-01T02:21:50.459+0000: 800876.465: [PhantomReference, 0 refs, 0 refs, 0.0000143 secs]2019-02-01T02:21:50.459+0000: 800876.465: [JNI Weak Reference, 0.0000223 secs]
Desired survivor size 5767168 bytes, new threshold 1 (max 15)
[PSYoungGen: 41104K->3185K(43520K)] 700402K->663786K(745984K), 0.0074186 secs] [Times: user=0.08 sys=0.00, real=0.01 secs] 
2019-02-01T02:21:50.462+0000: 800876.468: Total time for which application threads were stopped: 0.0104648 seconds, Stopping threads took: 0.0000487 seconds
2019-02-01T02:21:52.061+0000: 800878.066: Application time: 1.5981168 seconds
2019-02-01T02:21:52.063+0000: 800878.069: [GC (Allocation Failure) 2019-02-01T02:21:52.067+0000: 800878.073: [SoftReference, 0 refs, 0.0000339 secs]2019-02-01T02:21:52.067+0000: 800878.073: [WeakReference, 18 refs, 0.0000168 secs]2019-02-01T02:21:52.067+0000: 800878.073: [FinalReference, 238 refs, 0.0001406 secs]2019-02-01T02:21:52.067+0000: 800878.073: [PhantomReference, 0 refs, 0 refs, 0.0000154 secs]2019-02-01T02:21:52.067+0000: 800878.073: [JNI Weak Reference, 0.0000214 secs]
Desired survivor size 5767168 bytes, new threshold 1 (max 15)
[PSYoungGen: 41585K->3705K(41984K)] 702186K->665707K(744448K), 0.0074748 secs] [Times: user=0.08 sys=0.00, real=0.01 secs] 
2019-02-01T02:21:52.071+0000: 800878.076: Total time for which application threads were stopped: 0.0100071 seconds, Stopping threads took: 0.0000945 seconds
2019-02-01T02:21:53.914+0000: 800879.920: Application time: 1.8438818 seconds
2019-02-01T02:21:53.917+0000: 800879.923: [GC (Allocation Failure) 2019-02-01T02:21:53.921+0000: 800879.927: [SoftReference, 0 refs, 0.0000319 secs]2019-02-01T02:21:53.921+0000: 800879.927: [WeakReference, 8 refs, 0.0000150 secs]2019-02-01T02:21:53.921+0000: 800879.927: [FinalReference, 233 refs, 0.0000900 secs]2019-02-01T02:21:53.921+0000: 800879.927: [PhantomReference, 0 refs, 0 refs, 0.0000140 secs]2019-02-01T02:21:53.921+0000: 800879.927: [JNI Weak Reference, 0.0000278 secs]
Desired survivor size 5242880 bytes, new threshold 1 (max 15)
[PSYoungGen: 41593K->2879K(41472K)] 703595K->665914K(743936K), 0.0076795 secs] [Times: user=0.08 sys=0.00, real=0.01 secs] 
2019-02-01T02:21:53.925+0000: 800879.931: Total time for which application threads were stopped: 0.0108008 seconds, Stopping threads took: 0.0000551 seconds
2019-02-01T02:21:56.123+0000: 800882.129: Application time: 2.1979644 seconds
2019-02-01T02:21:56.126+0000: 800882.132: [GC (Allocation Failure) 2019-02-01T02:21:56.132+0000: 800882.137: [SoftReference, 0 refs, 0.0000347 secs]2019-02-01T02:21:56.132+0000: 800882.137: [WeakReference, 16 refs, 0.0000170 secs]2019-02-01T02:21:56.132+0000: 800882.137: [FinalReference, 213 refs, 0.0001124 secs]2019-02-01T02:21:56.132+0000: 800882.137: [PhantomReference, 0 refs, 0 refs, 0.0000152 secs]2019-02-01T02:21:56.132+0000: 800882.137: [JNI Weak Reference, 0.0000221 secs]
Desired survivor size 5767168 bytes, new threshold 1 (max 15)
[PSYoungGen: 40029K->1639K(41984K)] 703064K->665249K(744448K), 0.0087451 secs] [Times: user=0.09 sys=0.01, real=0.01 secs] 
2019-02-01T02:21:56.135+0000: 800882.141: Total time for which application threads were stopped: 0.0118636 seconds, Stopping threads took: 0.0000652 seconds
2019-02-01T02:21:56.936+0000: 800882.942: Application time: 0.8010763 seconds
2019-02-01T02:21:56.938+0000: 800882.944: Total time for which application threads were stopped: 0.0021894 seconds, Stopping threads took: 0.0000384 seconds
2019-02-01T02:21:57.039+0000: 800883.045: Application time: 0.1005789 seconds
2019-02-01T02:21:57.041+0000: 800883.046: Total time for which application threads were stopped: 0.0017445 seconds, Stopping threads took: 0.0000326 seconds
2019-02-01T02:21:57.658+0000: 800883.663: Application time: 0.6169008 seconds
2019-02-01T02:21:57.659+0000: 800883.665: Total time for which application threads were stopped: 0.0018555 seconds, Stopping threads took: 0.0001216 seconds
2019-02-01T02:21:57.663+0000: 800883.669: Application time: 0.0039477 seconds
2019-02-01T02:21:57.665+0000: 800883.671: Total time for which application threads were stopped: 0.0016375 seconds, Stopping threads took: 0.0000583 seconds
2019-02-01T02:21:57.952+0000: 800883.958: Application time: 0.2872959 seconds
2019-02-01T02:21:57.954+0000: 800883.960: [GC (Allocation Failure) 2019-02-01T02:21:57.958+0000: 800883.964: [SoftReference, 0 refs, 0.0000428 secs]2019-02-01T02:21:57.958+0000: 800883.964: [WeakReference, 28 refs, 0.0000235 secs]2019-02-01T02:21:57.958+0000: 800883.964: [FinalReference, 235 refs, 0.0001081 secs]2019-02-01T02:21:57.958+0000: 800883.964: [PhantomReference, 0 refs, 0 refs, 0.0000143 secs]2019-02-01T02:21:57.959+0000: 800883.964: [JNI Weak Reference, 0.0000220 secs]
Desired survivor size 5242880 bytes, new threshold 1 (max 15)
[PSYoungGen: 38503K->3200K(40448K)] 702113K->667425K(742912K), 0.0079835 secs] [Times: user=0.08 sys=0.01, real=0.01 secs] 
2019-02-01T02:21:57.962+0000: 800883.968: Total time for which application threads were stopped: 0.0097383 seconds, Stopping threads took: 0.0000401 seconds
2019-02-01T02:21:58.175+0000: 800884.180: Application time: 0.2126070 seconds
2019-02-01T02:21:58.177+0000: 800884.183: Total time for which application threads were stopped: 0.0023049 seconds, Stopping threads took: 0.0000571 seconds
2019-02-01T02:21:58.834+0000: 800884.840: Application time: 0.6573151 seconds
2019-02-01T02:21:58.837+0000: 800884.843: Total time for which application threads were stopped: 0.0024732 seconds, Stopping threads took: 0.0000641 seconds
2019-02-01T02:21:58.928+0000: 800884.934: Application time: 0.0912576 seconds
2019-02-01T02:21:58.930+0000: 800884.936: Total time for which application threads were stopped: 0.0017801 seconds, Stopping threads took: 0.0000249 seconds
2019-02-01T02:21:58.940+0000: 800884.946: Application time: 0.0104359 seconds
2019-02-01T02:21:58.942+0000: 800884.947: Total time for which application threads were stopped: 0.0014398 seconds, Stopping threads took: 0.0000760 seconds
2019-02-01T02:21:58.952+0000: 800884.958: Application time: 0.0103869 seconds
2019-02-01T02:21:58.953+0000: 800884.959: Total time for which application threads were stopped: 0.0012480 seconds, Stopping threads took: 0.0000715 seconds
2019-02-01T02:21:58.954+0000: 800884.960: Application time: 0.0003892 seconds
2019-02-01T02:21:58.955+0000: 800884.961: Total time for which application threads were stopped: 0.0010490 seconds, Stopping threads took: 0.0000554 seconds
2019-02-01T02:21:59.043+0000: 800885.049: Application time: 0.0885680 seconds
2019-02-01T02:21:59.045+0000: 800885.051: Total time for which application threads were stopped: 0.0016414 seconds, Stopping threads took: 0.0000498 seconds
2019-02-01T02:21:59.192+0000: 800885.198: Application time: 0.1467769 seconds
2019-02-01T02:21:59.193+0000: 800885.199: [GC (Allocation Failure) 2019-02-01T02:21:59.197+0000: 800885.203: [SoftReference, 0 refs, 0.0000252 secs]2019-02-01T02:21:59.197+0000: 800885.203: [WeakReference, 25 refs, 0.0000136 secs]2019-02-01T02:21:59.197+0000: 800885.203: [FinalReference, 267 refs, 0.0001584 secs]2019-02-01T02:21:59.198+0000: 800885.203: [PhantomReference, 0 refs, 0 refs, 0.0000151 secs]2019-02-01T02:21:59.198+0000: 800885.203: [JNI Weak Reference, 0.0000184 secs]
Desired survivor size 5242880 bytes, new threshold 1 (max 15)
[PSYoungGen: 39552K->3699K(39936K)] 703777K->668962K(742400K), 0.0066530 secs] [Times: user=0.08 sys=0.00, real=0.01 secs] 
2019-02-01T02:21:59.200+0000: 800885.206: Total time for which application threads were stopped: 0.0080532 seconds, Stopping threads took: 0.0000476 seconds
2019-02-01T02:21:59.402+0000: 800885.408: Application time: 0.2022879 seconds
2019-02-01T02:21:59.404+0000: 800885.410: Total time for which application threads were stopped: 0.0021314 seconds, Stopping threads took: 0.0000572 seconds
2019-02-01T02:21:59.406+0000: 800885.411: Application time: 0.0013808 seconds
2019-02-01T02:21:59.407+0000: 800885.413: Total time for which application threads were stopped: 0.0011679 seconds, Stopping threads took: 0.0000177 seconds
2019-02-01T02:21:59.485+0000: 800885.491: Application time: 0.0786365 seconds
2019-02-01T02:21:59.487+0000: 800885.492: Total time for which application threads were stopped: 0.0011314 seconds, Stopping threads took: 0.0000691 seconds
2019-02-01T02:21:59.730+0000: 800885.735: Application time: 0.2429756 seconds
2019-02-01T02:21:59.731+0000: 800885.737: Total time for which application threads were stopped: 0.0014934 seconds, Stopping threads took: 0.0000319 seconds
2019-02-01T02:21:59.812+0000: 800885.818: Application time: 0.0812443 seconds
2019-02-01T02:21:59.814+0000: 800885.819: Total time for which application threads were stopped: 0.0012711 seconds, Stopping threads took: 0.0000613 seconds
2019-02-01T02:22:00.812+0000: 800886.818: Application time: 0.9987266 seconds
2019-02-01T02:22:00.815+0000: 800886.821: [GC (Allocation Failure) 2019-02-01T02:22:00.823+0000: 800886.829: [SoftReference, 0 refs, 0.0000215 secs]2019-02-01T02:22:00.823+0000: 800886.829: [WeakReference, 27 refs, 0.0000104 secs]2019-02-01T02:22:00.823+0000: 800886.829: [FinalReference, 210 refs, 0.0000752 secs]2019-02-01T02:22:00.823+0000: 800886.829: [PhantomReference, 0 refs, 0 refs, 0.0000122 secs]2019-02-01T02:22:00.823+0000: 800886.829: [JNI Weak Reference, 0.0000183 secs]
Desired survivor size 5242880 bytes, new threshold 1 (max 15)
[PSYoungGen: 39539K->1931K(39936K)] 704802K->667903K(742400K), 0.0106542 secs] [Times: user=0.21 sys=0.00, real=0.01 secs] 
2019-02-01T02:22:00.826+0000: 800886.832: Total time for which application threads were stopped: 0.0135066 seconds, Stopping threads took: 0.0000703 seconds
2019-02-01T02:22:01.906+0000: 800887.911: Application time: 1.0798145 seconds
2019-02-01T02:22:01.908+0000: 800887.914: Total time for which application threads were stopped: 0.0025039 seconds, Stopping threads took: 0.0000401 seconds
2019-02-01T02:22:02.362+0000: 800888.368: Application time: 0.4536569 seconds
2019-02-01T02:22:02.364+0000: 800888.370: [GC (Allocation Failure) 2019-02-01T02:22:02.369+0000: 800888.374: [SoftReference, 0 refs, 0.0000375 secs]2019-02-01T02:22:02.369+0000: 800888.374: [WeakReference, 8 refs, 0.0000202 secs]2019-02-01T02:22:02.369+0000: 800888.374: [FinalReference, 208 refs, 0.0000952 secs]2019-02-01T02:22:02.369+0000: 800888.375: [PhantomReference, 0 refs, 0 refs, 0.0000145 secs]2019-02-01T02:22:02.369+0000: 800888.375: [JNI Weak Reference, 0.0000225 secs]
Desired survivor size 5242880 bytes, new threshold 1 (max 15)
[PSYoungGen: 37259K->2386K(37376K)] 703231K->669280K(739840K), 0.0077406 secs] [Times: user=0.07 sys=0.01, real=0.01 secs] 
2019-02-01T02:22:02.372+0000: 800888.378: Total time for which application threads were stopped: 0.0104066 seconds, Stopping threads took: 0.0000518 seconds
2019-02-01T02:22:03.428+0000: 800889.434: Application time: 1.0556257 seconds
2019-02-01T02:22:03.431+0000: 800889.437: [GC (Allocation Failure) 2019-02-01T02:22:03.434+0000: 800889.440: [SoftReference, 0 refs, 0.0000432 secs]2019-02-01T02:22:03.434+0000: 800889.440: [WeakReference, 7 refs, 0.0000088 secs]2019-02-01T02:22:03.434+0000: 800889.440: [FinalReference, 239 refs, 0.0000673 secs]2019-02-01T02:22:03.434+0000: 800889.440: [PhantomReference, 0 refs, 0 refs, 0.0000082 secs]2019-02-01T02:22:03.434+0000: 800889.440: [JNI Weak Reference, 0.0000135 secs]
Desired survivor size 5242880 bytes, new threshold 1 (max 15)
[PSYoungGen: 37202K->3316K(38912K)] 704096K->671203K(741376K), 0.0057586 secs] [Times: user=0.08 sys=0.00, real=0.00 secs] 
2019-02-01T02:22:03.437+0000: 800889.442: Total time for which application threads were stopped: 0.0088209 seconds, Stopping threads took: 0.0000697 seconds
2019-02-01T02:22:03.751+0000: 800889.757: Application time: 0.3145291 seconds
2019-02-01T02:22:03.754+0000: 800889.760: Total time for which application threads were stopped: 0.0029320 seconds, Stopping threads took: 0.0000504 seconds
2019-02-01T02:22:03.754+0000: 800889.760: Application time: 0.0001105 seconds
2019-02-01T02:22:03.756+0000: 800889.762: Total time for which application threads were stopped: 0.0018331 seconds, Stopping threads took: 0.0000662 seconds
2019-02-01T02:22:04.838+0000: 800890.844: Application time: 1.0816717 seconds
2019-02-01T02:22:04.841+0000: 800890.846: Total time for which application threads were stopped: 0.0028845 seconds, Stopping threads took: 0.0000620 seconds
2019-02-01T02:22:04.841+0000: 800890.847: Application time: 0.0001266 seconds
2019-02-01T02:22:04.843+0000: 800890.848: [GC (GCLocker Initiated GC) 2019-02-01T02:22:04.847+0000: 800890.853: [SoftReference, 0 refs, 0.0000349 secs]2019-02-01T02:22:04.847+0000: 800890.853: [WeakReference, 21 refs, 0.0000174 secs]2019-02-01T02:22:04.847+0000: 800890.853: [FinalReference, 255 refs, 0.0001445 secs]2019-02-01T02:22:04.847+0000: 800890.853: [PhantomReference, 0 refs, 0 refs, 0.0000143 secs]2019-02-01T02:22:04.847+0000: 800890.853: [JNI Weak Reference, 0.0000239 secs]
Desired survivor size 5242880 bytes, new threshold 1 (max 15)
[PSYoungGen: 37620K->1704K(35840K)] 705510K->670194K(738304K), 0.0081451 secs] [Times: user=0.08 sys=0.01, real=0.01 secs] 
2019-02-01T02:22:04.851+0000: 800890.857: Total time for which application threads were stopped: 0.0099865 seconds, Stopping threads took: 0.0000256 seconds
2019-02-01T02:22:05.158+0000: 800891.164: Application time: 0.3071536 seconds
2019-02-01T02:22:05.161+0000: 800891.167: Total time for which application threads were stopped: 0.0030092 seconds, Stopping threads took: 0.0000436 seconds
2019-02-01T02:22:05.161+0000: 800891.167: Application time: 0.0000762 seconds
2019-02-01T02:22:05.162+0000: 800891.168: Total time for which application threads were stopped: 0.0012647 seconds, Stopping threads took: 0.0000282 seconds
2019-02-01T02:22:06.429+0000: 800892.435: Application time: 1.2668323 seconds
2019-02-01T02:22:06.432+0000: 800892.438: [GC (Allocation Failure) 2019-02-01T02:22:06.436+0000: 800892.442: [SoftReference, 0 refs, 0.0000460 secs]2019-02-01T02:22:06.437+0000: 800892.442: [WeakReference, 7 refs, 0.0000156 secs]2019-02-01T02:22:06.437+0000: 800892.442: [FinalReference, 221 refs, 0.0001300 secs]2019-02-01T02:22:06.437+0000: 800892.442: [PhantomReference, 0 refs, 0 refs, 0.0000144 secs]2019-02-01T02:22:06.437+0000: 800892.442: [JNI Weak Reference, 0.0000242 secs]
Desired survivor size 5242880 bytes, new threshold 1 (max 15)
[PSYoungGen: 35496K->1928K(37888K)] 703988K->671201K(740352K), 0.0071554 secs] [Times: user=0.06 sys=0.00, real=0.00 secs] 
2019-02-01T02:22:06.439+0000: 800892.445: Total time for which application threads were stopped: 0.0099595 seconds, Stopping threads took: 0.0000545 seconds
2019-02-01T02:22:07.786+0000: 800893.792: Application time: 1.3468097 seconds
2019-02-01T02:22:07.789+0000: 800893.795: [GC (Allocation Failure) 2019-02-01T02:22:07.793+0000: 800893.799: [SoftReference, 0 refs, 0.0000383 secs]2019-02-01T02:22:07.793+0000: 800893.799: [WeakReference, 12 refs, 0.0000164 secs]2019-02-01T02:22:07.793+0000: 800893.799: [FinalReference, 200 refs, 0.0000852 secs]2019-02-01T02:22:07.793+0000: 800893.799: [PhantomReference, 0 refs, 0 refs, 0.0000199 secs]2019-02-01T02:22:07.793+0000: 800893.799: [JNI Weak Reference, 0.0000215 secs]
Desired survivor size 5242880 bytes, new threshold 1 (max 15)
[PSYoungGen: 35208K->3496K(36352K)] 704481K->673409K(738816K), 0.0075036 secs] [Times: user=0.07 sys=0.00, real=0.01 secs] 
2019-02-01T02:22:07.797+0000: 800893.802: Total time for which application threads were stopped: 0.0106626 seconds, Stopping threads took: 0.0000661 seconds
2019-02-01T02:22:09.170+0000: 800895.176: Application time: 1.3738482 seconds
2019-02-01T02:22:09.173+0000: 800895.179: [GC (Allocation Failure) 2019-02-01T02:22:09.179+0000: 800895.185: [SoftReference, 0 refs, 0.0000392 secs]2019-02-01T02:22:09.179+0000: 800895.185: [WeakReference, 26 refs, 0.0000197 secs]2019-02-01T02:22:09.179+0000: 800895.185: [FinalReference, 179 refs, 0.0000731 secs]2019-02-01T02:22:09.179+0000: 800895.185: [PhantomReference, 0 refs, 0 refs, 0.0000140 secs]2019-02-01T02:22:09.179+0000: 800895.185: [JNI Weak Reference, 0.0000208 secs]
Desired survivor size 5242880 bytes, new threshold 1 (max 15)
[PSYoungGen: 36213K->3674K(36864K)] 706125K->674983K(739328K), 0.0090103 secs] [Times: user=0.11 sys=0.00, real=0.01 secs] 
2019-02-01T02:22:09.183+0000: 800895.188: Total time for which application threads were stopped: 0.0121673 seconds, Stopping threads took: 0.0000936 seconds
2019-02-01T02:22:10.742+0000: 800896.748: Application time: 1.5593069 seconds
2019-02-01T02:22:10.745+0000: 800896.751: [GC (Allocation Failure) 2019-02-01T02:22:10.749+0000: 800896.755: [SoftReference, 0 refs, 0.0000423 secs]2019-02-01T02:22:10.749+0000: 800896.755: [WeakReference, 15 refs, 0.0000163 secs]2019-02-01T02:22:10.749+0000: 800896.755: [FinalReference, 175 refs, 0.0000693 secs]2019-02-01T02:22:10.749+0000: 800896.755: [PhantomReference, 0 refs, 0 refs, 0.0000142 secs]2019-02-01T02:22:10.749+0000: 800896.755: [JNI Weak Reference, 0.0000210 secs]
Desired survivor size 5242880 bytes, new threshold 1 (max 15)
[PSYoungGen: 35930K->2809K(34816K)] 707239K->675061K(737280K), 0.0078683 secs] [Times: user=0.08 sys=0.00, real=0.01 secs] 
2019-02-01T02:22:10.753+0000: 800896.759: Total time for which application threads were stopped: 0.0110330 seconds, Stopping threads took: 0.0000617 seconds
2019-02-01T02:22:11.957+0000: 800897.962: Application time: 1.2037239 seconds
2019-02-01T02:22:11.960+0000: 800897.965: [GC (Allocation Failure) 2019-02-01T02:22:11.964+0000: 800897.970: [SoftReference, 0 refs, 0.0000331 secs]2019-02-01T02:22:11.964+0000: 800897.970: [WeakReference, 9 refs, 0.0000151 secs]2019-02-01T02:22:11.964+0000: 800897.970: [FinalReference, 224 refs, 0.0000904 secs]2019-02-01T02:22:11.964+0000: 800897.970: [PhantomReference, 0 refs, 0 refs, 0.0000146 secs]2019-02-01T02:22:11.964+0000: 800897.970: [JNI Weak Reference, 0.0000214 secs]
Desired survivor size 5242880 bytes, new threshold 1 (max 15)
[PSYoungGen: 34553K->2406K(35840K)] 706805K->675903K(738304K), 0.0077022 secs] [Times: user=0.09 sys=0.00, real=0.01 secs] 
2019-02-01T02:22:11.967+0000: 800897.973: Total time for which application threads were stopped: 0.0107428 seconds, Stopping threads took: 0.0000541 seconds
2019-02-01T02:22:13.186+0000: 800899.192: Application time: 1.2190367 seconds
2019-02-01T02:22:13.189+0000: 800899.195: [GC (Allocation Failure) 2019-02-01T02:22:13.194+0000: 800899.200: [SoftReference, 0 refs, 0.0000440 secs]2019-02-01T02:22:13.194+0000: 800899.200: [WeakReference, 12 refs, 0.0000208 secs]2019-02-01T02:22:13.194+0000: 800899.200: [FinalReference, 213 refs, 0.0000811 secs]2019-02-01T02:22:13.194+0000: 800899.200: [PhantomReference, 0 refs, 0 refs, 0.0000139 secs]2019-02-01T02:22:13.194+0000: 800899.200: [JNI Weak Reference, 0.0000204 secs]
Desired survivor size 5242880 bytes, new threshold 1 (max 15)
[PSYoungGen: 32904K->3114K(34304K)] 706401K->678067K(736768K), 0.0083452 secs] [Times: user=0.08 sys=0.00, real=0.01 secs] 
2019-02-01T02:22:13.198+0000: 800899.204: Total time for which application threads were stopped: 0.0113896 seconds, Stopping threads took: 0.0000632 seconds
2019-02-01T02:22:14.019+0000: 800900.025: Application time: 0.8213775 seconds
2019-02-01T02:22:14.022+0000: 800900.028: Total time for which application threads were stopped: 0.0029788 seconds, Stopping threads took: 0.0000708 seconds
2019-02-01T02:22:14.022+0000: 800900.028: Application time: 0.0001406 seconds
2019-02-01T02:22:14.024+0000: 800900.030: [GC (GCLocker Initiated GC) 2019-02-01T02:22:14.029+0000: 800900.035: [SoftReference, 0 refs, 0.0000351 secs]2019-02-01T02:22:14.029+0000: 800900.035: [WeakReference, 6 refs, 0.0000143 secs]2019-02-01T02:22:14.029+0000: 800900.035: [FinalReference, 248 refs, 0.0000967 secs]2019-02-01T02:22:14.029+0000: 800900.035: [PhantomReference, 0 refs, 0 refs, 0.0000137 secs]2019-02-01T02:22:14.029+0000: 800900.035: [JNI Weak Reference, 0.0000209 secs]
Desired survivor size 4718592 bytes, new threshold 1 (max 15)
[PSYoungGen: 33834K->2922K(33792K)] 708788K->679691K(736256K), 0.0083975 secs] [Times: user=0.08 sys=0.00, real=0.01 secs] 
2019-02-01T02:22:14.033+0000: 800900.039: Total time for which application threads were stopped: 0.0104242 seconds, Stopping threads took: 0.0000328 seconds
2019-02-01T02:22:14.920+0000: 800900.926: Application time: 0.8870021 seconds
2019-02-01T02:22:14.923+0000: 800900.929: [GC (Allocation Failure) 2019-02-01T02:22:14.926+0000: 800900.932: [SoftReference, 0 refs, 0.0000379 secs]2019-02-01T02:22:14.926+0000: 800900.932: [WeakReference, 13 refs, 0.0000153 secs]2019-02-01T02:22:14.926+0000: 800900.932: [FinalReference, 231 refs, 0.0000972 secs]2019-02-01T02:22:14.926+0000: 800900.932: [PhantomReference, 0 refs, 0 refs, 0.0000142 secs]2019-02-01T02:22:14.926+0000: 800900.932: [JNI Weak Reference, 0.0000211 secs]
Desired survivor size 5242880 bytes, new threshold 1 (max 15)
[PSYoungGen: 33130K->3938K(34304K)] 709901K->681597K(736768K), 0.0068597 secs] [Times: user=0.07 sys=0.00, real=0.00 secs] 
2019-02-01T02:22:14.930+0000: 800900.936: Total time for which application threads were stopped: 0.0100021 seconds, Stopping threads took: 0.0000669 seconds
2019-02-01T02:22:15.977+0000: 800901.982: Application time: 1.0468638 seconds
2019-02-01T02:22:15.980+0000: 800901.986: [GC (Allocation Failure) 2019-02-01T02:22:15.985+0000: 800901.990: [SoftReference, 0 refs, 0.0000461 secs]2019-02-01T02:22:15.985+0000: 800901.990: [WeakReference, 17 refs, 0.0000166 secs]2019-02-01T02:22:15.985+0000: 800901.990: [FinalReference, 193 refs, 0.0001088 secs]2019-02-01T02:22:15.985+0000: 800901.990: [PhantomReference, 0 refs, 0 refs, 0.0000140 secs]2019-02-01T02:22:15.985+0000: 800901.991: [JNI Weak Reference, 0.0000269 secs]
Desired survivor size 4718592 bytes, new threshold 1 (max 15)
[PSYoungGen: 33634K->2810K(32768K)] 711293K->681854K(735232K), 0.0084169 secs] [Times: user=0.10 sys=0.00, real=0.01 secs] 
2019-02-01T02:22:15.988+0000: 800901.994: Total time for which application threads were stopped: 0.0116469 seconds, Stopping threads took: 0.0000921 seconds
2019-02-01T02:22:17.108+0000: 800903.113: Application time: 1.1193209 seconds
2019-02-01T02:22:17.111+0000: 800903.117: [GC (Allocation Failure) 2019-02-01T02:22:17.120+0000: 800903.125: [SoftReference, 0 refs, 0.0000537 secs]2019-02-01T02:22:17.120+0000: 800903.125: [WeakReference, 13 refs, 0.0000269 secs]2019-02-01T02:22:17.120+0000: 800903.125: [FinalReference, 262 refs, 0.0001185 secs]2019-02-01T02:22:17.120+0000: 800903.125: [PhantomReference, 0 refs, 0 refs, 0.0000150 secs]2019-02-01T02:22:17.120+0000: 800903.126: [JNI Weak Reference, 0.0000212 secs]
Desired survivor size 4718592 bytes, new threshold 1 (max 15)
[PSYoungGen: 31994K->3040K(33792K)] 711038K->683601K(736256K), 0.0121146 secs] [Times: user=0.21 sys=0.01, real=0.02 secs] 
2019-02-01T02:22:17.123+0000: 800903.129: Total time for which application threads were stopped: 0.0155250 seconds, Stopping threads took: 0.0000642 seconds
2019-02-01T02:22:18.321+0000: 800904.327: Application time: 1.1978740 seconds
2019-02-01T02:22:18.324+0000: 800904.330: [GC (Allocation Failure) 2019-02-01T02:22:18.328+0000: 800904.334: [SoftReference, 0 refs, 0.0000348 secs]2019-02-01T02:22:18.328+0000: 800904.334: [WeakReference, 13 refs, 0.0000220 secs]2019-02-01T02:22:18.328+0000: 800904.334: [FinalReference, 227 refs, 0.0001208 secs]2019-02-01T02:22:18.328+0000: 800904.334: [PhantomReference, 0 refs, 0 refs, 0.0000184 secs]2019-02-01T02:22:18.328+0000: 800904.334: [JNI Weak Reference, 0.0000215 secs]
Desired survivor size 4718592 bytes, new threshold 1 (max 15)
[PSYoungGen: 32224K->3431K(32768K)] 712785K->685474K(735232K), 0.0075742 secs] [Times: user=0.07 sys=0.01, real=0.00 secs] 
2019-02-01T02:22:18.332+0000: 800904.337: Total time for which application threads were stopped: 0.0105263 seconds, Stopping threads took: 0.0000411 seconds
2019-02-01T02:22:19.531+0000: 800905.537: Application time: 1.1998516 seconds
2019-02-01T02:22:19.534+0000: 800905.540: Total time for which application threads were stopped: 0.0028463 seconds, Stopping threads took: 0.0000716 seconds
2019-02-01T02:22:19.534+0000: 800905.540: Application time: 0.0001656 seconds
2019-02-01T02:22:19.536+0000: 800905.542: [GC (GCLocker Initiated GC) 2019-02-01T02:22:19.545+0000: 800905.551: [SoftReference, 0 refs, 0.0000335 secs]2019-02-01T02:22:19.545+0000: 800905.551: [WeakReference, 9 refs, 0.0000151 secs]2019-02-01T02:22:19.545+0000: 800905.551: [FinalReference, 190 refs, 0.0000727 secs]2019-02-01T02:22:19.545+0000: 800905.551: [PhantomReference, 0 refs, 0 refs, 0.0000140 secs]2019-02-01T02:22:19.545+0000: 800905.551: [JNI Weak Reference, 0.0000206 secs]
Desired survivor size 4718592 bytes, new threshold 1 (max 15)
[PSYoungGen: 32615K->1990K(37888K)] 714662K->685058K(740352K), 0.0116259 secs] [Times: user=0.22 sys=0.00, real=0.01 secs] 
2019-02-01T02:22:19.548+0000: 800905.554: Total time for which application threads were stopped: 0.0137526 seconds, Stopping threads took: 0.0000296 seconds
2019-02-01T02:22:20.709+0000: 800906.715: Application time: 1.1612014 seconds
2019-02-01T02:22:20.712+0000: 800906.718: [GC (Allocation Failure) 2019-02-01T02:22:20.716+0000: 800906.722: [SoftReference, 0 refs, 0.0000352 secs]2019-02-01T02:22:20.716+0000: 800906.722: [WeakReference, 16 refs, 0.0000253 secs]2019-02-01T02:22:20.716+0000: 800906.722: [FinalReference, 215 refs, 0.0001396 secs]2019-02-01T02:22:20.717+0000: 800906.722: [PhantomReference, 0 refs, 0 refs, 0.0000144 secs]2019-02-01T02:22:20.717+0000: 800906.722: [JNI Weak Reference, 0.0000334 secs]
Desired survivor size 4718592 bytes, new threshold 1 (max 15)
[PSYoungGen: 35270K->3102K(36352K)] 718342K->687079K(738816K), 0.0075883 secs] [Times: user=0.10 sys=0.00, real=0.01 secs] 
2019-02-01T02:22:20.720+0000: 800906.726: Total time for which application threads were stopped: 0.0104085 seconds, Stopping threads took: 0.0000495 seconds
2019-02-01T02:22:21.710+0000: 800907.716: Application time: 0.9900947 seconds
2019-02-01T02:22:21.712+0000: 800907.718: [GC (Allocation Failure) 2019-02-01T02:22:21.716+0000: 800907.722: [SoftReference, 0 refs, 0.0000419 secs]2019-02-01T02:22:21.716+0000: 800907.722: [WeakReference, 16 refs, 0.0000174 secs]2019-02-01T02:22:21.716+0000: 800907.722: [FinalReference, 265 refs, 0.0001231 secs]2019-02-01T02:22:21.717+0000: 800907.722: [PhantomReference, 0 refs, 0 refs, 0.0000142 secs]2019-02-01T02:22:21.717+0000: 800907.722: [JNI Weak Reference, 0.0000214 secs]
Desired survivor size 4718592 bytes, new threshold 1 (max 15)
[PSYoungGen: 35870K->2854K(35328K)] 719847K->688618K(737792K), 0.0077418 secs] [Times: user=0.10 sys=0.00, real=0.01 secs] 
2019-02-01T02:22:21.720+0000: 800907.726: Total time for which application threads were stopped: 0.0100393 seconds, Stopping threads took: 0.0000378 seconds
2019-02-01T02:22:22.556+0000: 800908.562: Application time: 0.8362243 seconds
2019-02-01T02:22:22.559+0000: 800908.565: [GC (Allocation Failure) 2019-02-01T02:22:22.562+0000: 800908.568: [SoftReference, 0 refs, 0.0000457 secs]2019-02-01T02:22:22.562+0000: 800908.568: [WeakReference, 17 refs, 0.0000144 secs]2019-02-01T02:22:22.562+0000: 800908.568: [FinalReference, 263 refs, 0.0001252 secs]2019-02-01T02:22:22.563+0000: 800908.568: [PhantomReference, 0 refs, 0 refs, 0.0000137 secs]2019-02-01T02:22:22.563+0000: 800908.568: [JNI Weak Reference, 0.0000207 secs]
Desired survivor size 4718592 bytes, new threshold 1 (max 15)
[PSYoungGen: 35110K->2007K(35840K)] 720874K->689479K(738304K), 0.0068019 secs] [Times: user=0.08 sys=0.01, real=0.01 secs] 
2019-02-01T02:22:22.566+0000: 800908.571: Total time for which application threads were stopped: 0.0095081 seconds, Stopping threads took: 0.0000462 seconds
2019-02-01T02:22:23.742+0000: 800909.748: Application time: 1.1764005 seconds
2019-02-01T02:22:23.745+0000: 800909.751: [GC (Allocation Failure) 2019-02-01T02:22:23.750+0000: 800909.755: [SoftReference, 0 refs, 0.0000462 secs]2019-02-01T02:22:23.750+0000: 800909.755: [WeakReference, 19 refs, 0.0000237 secs]2019-02-01T02:22:23.750+0000: 800909.755: [FinalReference, 203 refs, 0.0001052 secs]2019-02-01T02:22:23.750+0000: 800909.756: [PhantomReference, 0 refs, 0 refs, 0.0000153 secs]2019-02-01T02:22:23.750+0000: 800909.756: [JNI Weak Reference, 0.0000216 secs]
Desired survivor size 4718592 bytes, new threshold 1 (max 15)
[PSYoungGen: 33751K->2350K(33792K)] 721223K->690566K(736256K), 0.0081326 secs] [Times: user=0.08 sys=0.00, real=0.00 secs] 
2019-02-01T02:22:23.753+0000: 800909.759: Total time for which application threads were stopped: 0.0112623 seconds, Stopping threads took: 0.0000583 seconds
2019-02-01T02:22:24.874+0000: 800910.880: Application time: 1.1210126 seconds
2019-02-01T02:22:24.877+0000: 800910.883: Total time for which application threads were stopped: 0.0029715 seconds, Stopping threads took: 0.0001173 seconds
2019-02-01T02:22:24.877+0000: 800910.883: Application time: 0.0001015 seconds
2019-02-01T02:22:24.880+0000: 800910.885: [GC (GCLocker Initiated GC) 2019-02-01T02:22:24.884+0000: 800910.889: [SoftReference, 0 refs, 0.0000330 secs]2019-02-01T02:22:24.884+0000: 800910.889: [WeakReference, 22 refs, 0.0000175 secs]2019-02-01T02:22:24.884+0000: 800910.889: [FinalReference, 185 refs, 0.0001052 secs]2019-02-01T02:22:24.884+0000: 800910.890: [PhantomReference, 0 refs, 0 refs, 0.0000143 secs]2019-02-01T02:22:24.884+0000: 800910.890: [JNI Weak Reference, 0.0000217 secs]
Desired survivor size 5242880 bytes, new threshold 1 (max 15)
[PSYoungGen: 33572K->4478K(35328K)] 721862K->693627K(737792K), 0.0075635 secs] [Times: user=0.07 sys=0.00, real=0.01 secs] 
2019-02-01T02:22:24.887+0000: 800910.893: Total time for which application threads were stopped: 0.0097677 seconds, Stopping threads took: 0.0000964 seconds
2019-02-01T02:22:25.942+0000: 800911.947: Application time: 1.0542725 seconds
2019-02-01T02:22:25.944+0000: 800911.950: [GC (Allocation Failure) 2019-02-01T02:22:25.948+0000: 800911.954: [SoftReference, 0 refs, 0.0000858 secs]2019-02-01T02:22:25.949+0000: 800911.954: [WeakReference, 8 refs, 0.0000214 secs]2019-02-01T02:22:25.949+0000: 800911.954: [FinalReference, 278 refs, 0.0001601 secs]2019-02-01T02:22:25.949+0000: 800911.954: [PhantomReference, 0 refs, 0 refs, 0.0000141 secs]2019-02-01T02:22:25.949+0000: 800911.954: [JNI Weak Reference, 0.0000288 secs]
Desired survivor size 5242880 bytes, new threshold 1 (max 15)
[PSYoungGen: 35198K->2101K(32768K)] 724350K->692423K(735232K), 0.0088395 secs] [Times: user=0.09 sys=0.00, real=0.00 secs] 
2019-02-01T02:22:25.953+0000: 800911.959: Total time for which application threads were stopped: 0.0118336 seconds, Stopping threads took: 0.0000489 seconds
2019-02-01T02:22:27.159+0000: 800913.164: Application time: 1.2052007 seconds
2019-02-01T02:22:27.162+0000: 800913.168: [GC (Allocation Failure) 2019-02-01T02:22:27.167+0000: 800913.172: [SoftReference, 0 refs, 0.0000388 secs]2019-02-01T02:22:27.167+0000: 800913.172: [WeakReference, 8 refs, 0.0000196 secs]2019-02-01T02:22:27.167+0000: 800913.172: [FinalReference, 194 refs, 0.0001141 secs]2019-02-01T02:22:27.167+0000: 800913.173: [PhantomReference, 0 refs, 0 refs, 0.0000143 secs]2019-02-01T02:22:27.167+0000: 800913.173: [JNI Weak Reference, 0.0000225 secs]
Desired survivor size 4718592 bytes, new threshold 1 (max 15)
[PSYoungGen: 32309K->2669K(33280K)] 722631K->693783K(735744K), 0.0089431 secs] [Times: user=0.09 sys=0.00, real=0.01 secs] 
2019-02-01T02:22:27.171+0000: 800913.177: Total time for which application threads were stopped: 0.0123540 seconds, Stopping threads took: 0.0000934 seconds
2019-02-01T02:22:28.398+0000: 800914.404: Application time: 1.2271510 seconds
2019-02-01T02:22:28.401+0000: 800914.407: [GC (Allocation Failure) 2019-02-01T02:22:28.406+0000: 800914.412: [SoftReference, 0 refs, 0.0000316 secs]2019-02-01T02:22:28.406+0000: 800914.412: [WeakReference, 10 refs, 0.0000156 secs]2019-02-01T02:22:28.406+0000: 800914.412: [FinalReference, 144 refs, 0.0000781 secs]2019-02-01T02:22:28.406+0000: 800914.412: [PhantomReference, 0 refs, 0 refs, 0.0000140 secs]2019-02-01T02:22:28.406+0000: 800914.412: [JNI Weak Reference, 0.0000291 secs]
Desired survivor size 4718592 bytes, new threshold 1 (max 15)
[PSYoungGen: 32365K->2469K(31744K)] 723479K->694302K(734208K), 0.0093322 secs] [Times: user=0.09 sys=0.00, real=0.01 secs] 
2019-02-01T02:22:28.411+0000: 800914.417: Total time for which application threads were stopped: 0.0128074 seconds, Stopping threads took: 0.0000514 seconds
2019-02-01T02:22:29.624+0000: 800915.630: Application time: 1.2133162 seconds
2019-02-01T02:22:29.627+0000: 800915.633: [GC (Allocation Failure) 2019-02-01T02:22:29.631+0000: 800915.637: [SoftReference, 0 refs, 0.0000424 secs]2019-02-01T02:22:29.631+0000: 800915.637: [WeakReference, 4 refs, 0.0000268 secs]2019-02-01T02:22:29.631+0000: 800915.637: [FinalReference, 235 refs, 0.0001310 secs]2019-02-01T02:22:29.631+0000: 800915.637: [PhantomReference, 0 refs, 0 refs, 0.0000144 secs]2019-02-01T02:22:29.631+0000: 800915.637: [JNI Weak Reference, 0.0000281 secs]
Desired survivor size 4718592 bytes, new threshold 1 (max 15)
[PSYoungGen: 31653K->1792K(33792K)] 723486K->694564K(736256K), 0.0083955 secs] [Times: user=0.06 sys=0.00, real=0.01 secs] 
2019-02-01T02:22:29.636+0000: 800915.642: Total time for which application threads were stopped: 0.0116834 seconds, Stopping threads took: 0.0000511 seconds
2019-02-01T02:22:31.115+0000: 800917.120: Application time: 1.4787927 seconds
2019-02-01T02:22:31.118+0000: 800917.124: [GC (Allocation Failure) 2019-02-01T02:22:31.122+0000: 800917.128: [SoftReference, 0 refs, 0.0000320 secs]2019-02-01T02:22:31.122+0000: 800917.128: [WeakReference, 16 refs, 0.0000173 secs]2019-02-01T02:22:31.122+0000: 800917.128: [FinalReference, 192 refs, 0.0000892 secs]2019-02-01T02:22:31.122+0000: 800917.128: [PhantomReference, 0 refs, 0 refs, 0.0000143 secs]2019-02-01T02:22:31.122+0000: 800917.128: [JNI Weak Reference, 0.0000284 secs]
Desired survivor size 4718592 bytes, new threshold 1 (max 15)
[PSYoungGen: 30976K->2440K(33792K)] 723748K->696398K(736256K), 0.0085978 secs] [Times: user=0.08 sys=0.00, real=0.01 secs] 
2019-02-01T02:22:31.127+0000: 800917.132: Total time for which application threads were stopped: 0.0118306 seconds, Stopping threads took: 0.0000551 seconds
2019-02-01T02:22:32.551+0000: 800918.557: Application time: 1.4241996 seconds
2019-02-01T02:22:32.554+0000: 800918.560: Total time for which application threads were stopped: 0.0031847 seconds, Stopping threads took: 0.0000612 seconds
2019-02-01T02:22:32.554+0000: 800918.560: Application time: 0.0001526 seconds
2019-02-01T02:22:32.556+0000: 800918.562: [GC (GCLocker Initiated GC) 2019-02-01T02:22:32.561+0000: 800918.567: [SoftReference, 0 refs, 0.0000320 secs]2019-02-01T02:22:32.561+0000: 800918.567: [WeakReference, 9 refs, 0.0000157 secs]2019-02-01T02:22:32.561+0000: 800918.567: [FinalReference, 220 refs, 0.0001109 secs]2019-02-01T02:22:32.561+0000: 800918.567: [PhantomReference, 0 refs, 0 refs, 0.0000137 secs]2019-02-01T02:22:32.561+0000: 800918.567: [JNI Weak Reference, 0.0000322 secs]
Desired survivor size 4718592 bytes, new threshold 1 (max 15)
[PSYoungGen: 31624K->2121K(33792K)] 725582K->696909K(736256K), 0.0093384 secs] [Times: user=0.09 sys=0.00, real=0.01 secs] 
2019-02-01T02:22:32.566+0000: 800918.571: Total time for which application threads were stopped: 0.0115565 seconds, Stopping threads took: 0.0000730 seconds
2019-02-01T02:22:34.162+0000: 800920.168: Application time: 1.5960937 seconds
2019-02-01T02:22:34.165+0000: 800920.171: [GC (Allocation Failure) 2019-02-01T02:22:34.169+0000: 800920.174: [SoftReference, 0 refs, 0.0000318 secs]2019-02-01T02:22:34.169+0000: 800920.174: [WeakReference, 4 refs, 0.0000138 secs]2019-02-01T02:22:34.169+0000: 800920.174: [FinalReference, 183 refs, 0.0001000 secs]2019-02-01T02:22:34.169+0000: 800920.174: [PhantomReference, 0 refs, 0 refs, 0.0000139 secs]2019-02-01T02:22:34.169+0000: 800920.174: [JNI Weak Reference, 0.0000283 secs]
Desired survivor size 4718592 bytes, new threshold 1 (max 15)
[PSYoungGen: 31305K->2080K(33792K)] 726098K->697663K(736256K), 0.0078842 secs] [Times: user=0.08 sys=0.00, real=0.01 secs] 
2019-02-01T02:22:34.173+0000: 800920.179: Total time for which application threads were stopped: 0.0111366 seconds, Stopping threads took: 0.0000523 seconds
2019-02-01T02:22:35.799+0000: 800921.805: Application time: 1.6263064 seconds
2019-02-01T02:22:35.803+0000: 800921.808: [GC (Allocation Failure) 2019-02-01T02:22:35.807+0000: 800921.813: [SoftReference, 0 refs, 0.0000320 secs]2019-02-01T02:22:35.807+0000: 800921.813: [WeakReference, 9 refs, 0.0000154 secs]2019-02-01T02:22:35.807+0000: 800921.813: [FinalReference, 155 refs, 0.0000925 secs]2019-02-01T02:22:35.807+0000: 800921.813: [PhantomReference, 0 refs, 0 refs, 0.0000144 secs]2019-02-01T02:22:35.807+0000: 800921.813: [JNI Weak Reference, 0.0000281 secs]
Desired survivor size 4718592 bytes, new threshold 1 (max 15)
[PSYoungGen: 31264K->2901K(33792K)] 726847K->699798K(736256K), 0.0091493 secs] [Times: user=0.09 sys=0.00, real=0.01 secs] 
2019-02-01T02:22:35.812+0000: 800921.818: Total time for which application threads were stopped: 0.0125996 seconds, Stopping threads took: 0.0000515 seconds
2019-02-01T02:22:36.785+0000: 800922.790: Application time: 0.9727083 seconds
2019-02-01T02:22:36.788+0000: 800922.794: [GC (Allocation Failure) 2019-02-01T02:22:36.792+0000: 800922.798: [SoftReference, 0 refs, 0.0000321 secs]2019-02-01T02:22:36.792+0000: 800922.798: [WeakReference, 19 refs, 0.0000703 secs]2019-02-01T02:22:36.792+0000: 800922.798: [FinalReference, 233 refs, 0.0000920 secs]2019-02-01T02:22:36.793+0000: 800922.798: [PhantomReference, 0 refs, 0 refs, 0.0000140 secs]2019-02-01T02:22:36.793+0000: 800922.798: [JNI Weak Reference, 0.0000290 secs]
Desired survivor size 4718592 bytes, new threshold 1 (max 15)
[PSYoungGen: 32085K->3549K(33792K)] 728982K->701867K(736256K), 0.0085952 secs] [Times: user=0.08 sys=0.00, real=0.01 secs] 
2019-02-01T02:22:36.797+0000: 800922.802: Total time for which application threads were stopped: 0.0120059 seconds, Stopping threads took: 0.0000500 seconds
2019-02-01T02:22:37.890+0000: 800923.896: Application time: 1.0932615 seconds
2019-02-01T02:22:37.893+0000: 800923.899: [GC (Allocation Failure) 2019-02-01T02:22:37.897+0000: 800923.903: [SoftReference, 0 refs, 0.0000320 secs]2019-02-01T02:22:37.897+0000: 800923.903: [WeakReference, 15 refs, 0.0000170 secs]2019-02-01T02:22:37.897+0000: 800923.903: [FinalReference, 229 refs, 0.0001142 secs]2019-02-01T02:22:37.897+0000: 800923.903: [PhantomReference, 0 refs, 0 refs, 0.0000145 secs]2019-02-01T02:22:37.897+0000: 800923.903: [JNI Weak Reference, 0.0000286 secs]
Desired survivor size 4718592 bytes, new threshold 1 (max 15)
[PSYoungGen: 32733K->3670K(33792K)] 731051K->703060K(736256K), 0.0086925 secs] [Times: user=0.09 sys=0.01, real=0.01 secs] 
2019-02-01T02:22:37.902+0000: 800923.908: Total time for which application threads were stopped: 0.0120450 seconds, Stopping threads took: 0.0000488 seconds
2019-02-01T02:22:38.845+0000: 800924.851: Application time: 0.9430397 seconds
2019-02-01T02:22:38.848+0000: 800924.854: Total time for which application threads were stopped: 0.0032175 seconds, Stopping threads took: 0.0000593 seconds
2019-02-01T02:22:38.848+0000: 800924.854: Application time: 0.0001199 seconds
2019-02-01T02:22:38.850+0000: 800924.856: [GC (GCLocker Initiated GC) 2019-02-01T02:22:38.856+0000: 800924.861: [SoftReference, 0 refs, 0.0000322 secs]2019-02-01T02:22:38.856+0000: 800924.861: [WeakReference, 17 refs, 0.0000170 secs]2019-02-01T02:22:38.856+0000: 800924.861: [FinalReference, 222 refs, 0.0001063 secs]2019-02-01T02:22:38.856+0000: 800924.862: [PhantomReference, 0 refs, 0 refs, 0.0000143 secs]2019-02-01T02:22:38.856+0000: 800924.862: [JNI Weak Reference, 0.0000241 secs]
Desired survivor size 5242880 bytes, new threshold 1 (max 15)
[PSYoungGen: 32854K->3698K(33792K)] 732247K->704371K(736256K), 0.0092897 secs] [Times: user=0.09 sys=0.01, real=0.01 secs] 
2019-02-01T02:22:38.860+0000: 800924.865: [Full GC (Ergonomics) 2019-02-01T02:22:38.904+0000: 800924.909: [SoftReference, 140 refs, 0.0000740 secs]2019-02-01T02:22:38.904+0000: 800924.909: [WeakReference, 2146 refs, 0.0003621 secs]2019-02-01T02:22:38.904+0000: 800924.910: [FinalReference, 1232 refs, 0.0006947 secs]2019-02-01T02:22:38.905+0000: 800924.910: [PhantomReference, 0 refs, 175 refs, 0.0000402 secs]2019-02-01T02:22:38.905+0000: 800924.910: [JNI Weak Reference, 0.0000238 secs][PSYoungGen: 3698K->0K(33792K)] [ParOldGen: 700673K->639982K(695808K)] 704371K->639982K(729600K), [Metaspace: 75231K->75231K(1118208K)], 0.2239153 secs] [Times: user=4.51 sys=0.00, real=0.22 secs] 
2019-02-01T02:22:39.084+0000: 800925.089: Total time for which application threads were stopped: 0.2353706 seconds, Stopping threads took: 0.0000263 seconds
2019-02-01T02:22:39.654+0000: 800925.660: Application time: 0.5704975 seconds
2019-02-01T02:22:39.657+0000: 800925.663: [GC (Allocation Failure) 2019-02-01T02:22:39.662+0000: 800925.667: [SoftReference, 0 refs, 0.0000320 secs]2019-02-01T02:22:39.662+0000: 800925.668: [WeakReference, 10 refs, 0.0000166 secs]2019-02-01T02:22:39.662+0000: 800925.668: [FinalReference, 268 refs, 0.0001519 secs]2019-02-01T02:22:39.662+0000: 800925.668: [PhantomReference, 0 refs, 0 refs, 0.0000216 secs]2019-02-01T02:22:39.662+0000: 800925.668: [JNI Weak Reference, 0.0000289 secs]
Desired survivor size 5767168 bytes, new threshold 1 (max 15)
[PSYoungGen: 29184K->4974K(33792K)] 669190K->644981K(729600K), 0.0086113 secs] [Times: user=0.08 sys=0.01, real=0.00 secs] 
2019-02-01T02:22:39.666+0000: 800925.672: Total time for which application threads were stopped: 0.0118980 seconds, Stopping threads took: 0.0000522 seconds
2019-02-01T02:22:40.596+0000: 800926.602: Application time: 0.9302970 seconds
2019-02-01T02:22:40.599+0000: 800926.605: [GC (Allocation Failure) 2019-02-01T02:22:40.604+0000: 800926.610: [SoftReference, 0 refs, 0.0000320 secs]2019-02-01T02:22:40.604+0000: 800926.610: [WeakReference, 10 refs, 0.0000159 secs]2019-02-01T02:22:40.604+0000: 800926.610: [FinalReference, 178 refs, 0.0000894 secs]2019-02-01T02:22:40.604+0000: 800926.610: [PhantomReference, 0 refs, 0 refs, 0.0000142 secs]2019-02-01T02:22:40.604+0000: 800926.610: [JNI Weak Reference, 0.0000289 secs]
Desired survivor size 5767168 bytes, new threshold 1 (max 15)
[PSYoungGen: 33646K->4401K(34304K)] 673653K->646835K(730112K), 0.0095826 secs] [Times: user=0.09 sys=0.00, real=0.01 secs] 
2019-02-01T02:22:40.609+0000: 800926.615: Total time for which application threads were stopped: 0.0128189 seconds, Stopping threads took: 0.0000557 seconds
2019-02-01T02:22:41.921+0000: 800927.927: Application time: 1.3116521 seconds
2019-02-01T02:22:41.924+0000: 800927.930: [GC (Allocation Failure) 2019-02-01T02:22:41.929+0000: 800927.935: [SoftReference, 0 refs, 0.0000321 secs]2019-02-01T02:22:41.929+0000: 800927.935: [WeakReference, 13 refs, 0.0000165 secs]2019-02-01T02:22:41.929+0000: 800927.935: [FinalReference, 200 refs, 0.0001086 secs]2019-02-01T02:22:41.929+0000: 800927.935: [PhantomReference, 0 refs, 1 refs, 0.0000148 secs]2019-02-01T02:22:41.929+0000: 800927.935: [JNI Weak Reference, 0.0000286 secs]
Desired survivor size 5767168 bytes, new threshold 1 (max 15)
[PSYoungGen: 33073K->2402K(39424K)] 675507K->646150K(735232K), 0.0096792 secs] [Times: user=0.08 sys=0.01, real=0.01 secs] 
2019-02-01T02:22:41.934+0000: 800927.939: Total time for which application threads were stopped: 0.0129394 seconds, Stopping threads took: 0.0000685 seconds
2019-02-01T02:22:43.491+0000: 800929.497: Application time: 1.5576441 seconds
2019-02-01T02:22:43.495+0000: 800929.501: [GC (Allocation Failure) 2019-02-01T02:22:43.499+0000: 800929.504: [SoftReference, 0 refs, 0.0000390 secs]2019-02-01T02:22:43.499+0000: 800929.504: [WeakReference, 16 refs, 0.0000173 secs]2019-02-01T02:22:43.499+0000: 800929.504: [FinalReference, 183 refs, 0.0001140 secs]2019-02-01T02:22:43.499+0000: 800929.505: [PhantomReference, 0 refs, 0 refs, 0.0000218 secs]2019-02-01T02:22:43.499+0000: 800929.505: [JNI Weak Reference, 0.0000283 secs]
Desired survivor size 5767168 bytes, new threshold 1 (max 15)
[PSYoungGen: 36194K->4041K(37376K)] 679942K->648886K(733184K), 0.0085975 secs] [Times: user=0.09 sys=0.00, real=0.01 secs] 
2019-02-01T02:22:43.504+0000: 800929.509: Total time for which application threads were stopped: 0.0121654 seconds, Stopping threads took: 0.0000569 seconds
2019-02-01T02:22:44.943+0000: 800930.949: Application time: 1.4398841 seconds
2019-02-01T02:22:44.947+0000: 800930.953: [GC (Allocation Failure) 2019-02-01T02:22:44.951+0000: 800930.957: [SoftReference, 0 refs, 0.0000330 secs]2019-02-01T02:22:44.951+0000: 800930.957: [WeakReference, 6 refs, 0.0000152 secs]2019-02-01T02:22:44.951+0000: 800930.957: [FinalReference, 266 refs, 0.0001907 secs]2019-02-01T02:22:44.951+0000: 800930.957: [PhantomReference, 0 refs, 0 refs, 0.0000145 secs]2019-02-01T02:22:44.951+0000: 800930.957: [JNI Weak Reference, 0.0000521 secs]
Desired survivor size 5767168 bytes, new threshold 1 (max 15)
[PSYoungGen: 37318K->3503K(37888K)] 682164K->649325K(733696K), 0.0093729 secs] [Times: user=0.08 sys=0.00, real=0.00 secs] 
2019-02-01T02:22:44.956+0000: 800930.962: Total time for which application threads were stopped: 0.0127787 seconds, Stopping threads took: 0.0000687 seconds
2019-02-01T02:22:46.224+0000: 800932.230: Application time: 1.2677377 seconds
2019-02-01T02:22:46.227+0000: 800932.232: Total time for which application threads were stopped: 0.0026099 seconds, Stopping threads took: 0.0000518 seconds
2019-02-01T02:22:46.227+0000: 800932.232: Application time: 0.0000532 seconds
2019-02-01T02:22:46.228+0000: 800932.234: [GC (GCLocker Initiated GC) 2019-02-01T02:22:46.232+0000: 800932.238: [SoftReference, 0 refs, 0.0000197 secs]2019-02-01T02:22:46.232+0000: 800932.238: [WeakReference, 8 refs, 0.0000094 secs]2019-02-01T02:22:46.232+0000: 800932.238: [FinalReference, 217 refs, 0.0001320 secs]2019-02-01T02:22:46.232+0000: 800932.238: [PhantomReference, 0 refs, 0 refs, 0.0000143 secs]2019-02-01T02:22:46.232+0000: 800932.238: [JNI Weak Reference, 0.0000283 secs]
Desired survivor size 5767168 bytes, new threshold 1 (max 15)
[PSYoungGen: 36271K->3186K(35840K)] 682095K->650044K(731648K), 0.0086765 secs] [Times: user=0.10 sys=0.01, real=0.00 secs] 
2019-02-01T02:22:46.237+0000: 800932.243: Total time for which application threads were stopped: 0.0101486 seconds, Stopping threads took: 0.0000218 seconds
2019-02-01T02:22:47.713+0000: 800933.719: Application time: 1.4759741 seconds
2019-02-01T02:22:47.716+0000: 800933.722: [GC (Allocation Failure) 2019-02-01T02:22:47.720+0000: 800933.726: [SoftReference, 0 refs, 0.0000392 secs]2019-02-01T02:22:47.720+0000: 800933.726: [WeakReference, 11 refs, 0.0000164 secs]2019-02-01T02:22:47.720+0000: 800933.726: [FinalReference, 203 refs, 0.0001078 secs]2019-02-01T02:22:47.720+0000: 800933.726: [PhantomReference, 0 refs, 0 refs, 0.0000138 secs]2019-02-01T02:22:47.720+0000: 800933.726: [JNI Weak Reference, 0.0000282 secs]
Desired survivor size 5242880 bytes, new threshold 1 (max 15)
[PSYoungGen: 35442K->2787K(35840K)] 682306K->651224K(731648K), 0.0080109 secs] [Times: user=0.08 sys=0.00, real=0.01 secs] 
2019-02-01T02:22:47.724+0000: 800933.730: Total time for which application threads were stopped: 0.0113405 seconds, Stopping threads took: 0.0000685 seconds
2019-02-01T02:22:48.552+0000: 800934.558: Application time: 0.8280874 seconds
2019-02-01T02:22:48.556+0000: 800934.562: [GC (Allocation Failure) 2019-02-01T02:22:48.564+0000: 800934.570: [SoftReference, 0 refs, 0.0000356 secs]2019-02-01T02:22:48.564+0000: 800934.570: [WeakReference, 12 refs, 0.0000173 secs]2019-02-01T02:22:48.564+0000: 800934.570: [FinalReference, 231 refs, 0.0000951 secs]2019-02-01T02:22:48.564+0000: 800934.570: [PhantomReference, 0 refs, 0 refs, 0.0000147 secs]2019-02-01T02:22:48.564+0000: 800934.570: [JNI Weak Reference, 0.0000330 secs]
Desired survivor size 5242880 bytes, new threshold 1 (max 15)
[PSYoungGen: 34529K->3114K(36864K)] 682966K->652506K(732672K), 0.0126541 secs] [Times: user=0.17 sys=0.01, real=0.02 secs] 
2019-02-01T02:22:48.569+0000: 800934.575: Total time for which application threads were stopped: 0.0168862 seconds, Stopping threads took: 0.0000678 seconds
2019-02-01T02:22:49.693+0000: 800935.699: Application time: 1.1240438 seconds
2019-02-01T02:22:49.697+0000: 800935.703: [GC (Allocation Failure) 2019-02-01T02:22:49.703+0000: 800935.708: [SoftReference, 0 refs, 0.0000347 secs]2019-02-01T02:22:49.703+0000: 800935.708: [WeakReference, 14 refs, 0.0000424 secs]2019-02-01T02:22:49.703+0000: 800935.708: [FinalReference, 256 refs, 0.0002002 secs]2019-02-01T02:22:49.703+0000: 800935.709: [PhantomReference, 0 refs, 0 refs, 0.0000149 secs]2019-02-01T02:22:49.703+0000: 800935.709: [JNI Weak Reference, 0.0000309 secs]
Desired survivor size 5767168 bytes, new threshold 1 (max 15)
[PSYoungGen: 34858K->4494K(41984K)] 684250K->654967K(737792K), 0.0098706 secs] [Times: user=0.08 sys=0.03, real=0.01 secs] 
2019-02-01T02:22:49.707+0000: 800935.713: Total time for which application threads were stopped: 0.0141171 seconds, Stopping threads took: 0.0000719 seconds
2019-02-01T02:22:51.232+0000: 800937.238: Application time: 1.5249044 seconds
2019-02-01T02:22:51.236+0000: 800937.242: [GC (Allocation Failure) 2019-02-01T02:22:51.242+0000: 800937.248: [SoftReference, 0 refs, 0.0000350 secs]2019-02-01T02:22:51.242+0000: 800937.248: [WeakReference, 5 refs, 0.0000153 secs]2019-02-01T02:22:51.242+0000: 800937.248: [FinalReference, 318 refs, 0.0001799 secs]2019-02-01T02:22:51.242+0000: 800937.248: [PhantomReference, 0 refs, 0 refs, 0.0000174 secs]2019-02-01T02:22:51.242+0000: 800937.248: [JNI Weak Reference, 0.0000346 secs]
Desired survivor size 5767168 bytes, new threshold 1 (max 15)
[PSYoungGen: 41358K->2123K(42496K)] 691831K->653253K(738304K), 0.0093366 secs] [Times: user=0.12 sys=0.00, real=0.01 secs] 
2019-02-01T02:22:51.245+0000: 800937.251: Total time for which application threads were stopped: 0.0131196 seconds, Stopping threads took: 0.0000932 seconds
2019-02-01T02:22:52.930+0000: 800938.935: Application time: 1.6842757 seconds
2019-02-01T02:22:52.933+0000: 800938.939: [GC (Allocation Failure) 2019-02-01T02:22:52.940+0000: 800938.946: [SoftReference, 0 refs, 0.0000271 secs]2019-02-01T02:22:52.940+0000: 800938.946: [WeakReference, 8 refs, 0.0000138 secs]2019-02-01T02:22:52.940+0000: 800938.946: [FinalReference, 369 refs, 0.0001775 secs]2019-02-01T02:22:52.940+0000: 800938.946: [PhantomReference, 0 refs, 0 refs, 0.0000144 secs]2019-02-01T02:22:52.940+0000: 800938.946: [JNI Weak Reference, 0.0000221 secs]
Desired survivor size 5767168 bytes, new threshold 1 (max 15)
[PSYoungGen: 38987K->4563K(40960K)] 690117K->656308K(736768K), 0.0100331 secs] [Times: user=0.17 sys=0.02, real=0.01 secs] 
2019-02-01T02:22:52.943+0000: 800938.949: Total time for which application threads were stopped: 0.0133043 seconds, Stopping threads took: 0.0000518 seconds
2019-02-01T02:22:54.125+0000: 800940.130: Application time: 1.1816603 seconds
2019-02-01T02:22:54.128+0000: 800940.134: [GC (Allocation Failure) 2019-02-01T02:22:54.132+0000: 800940.138: [SoftReference, 0 refs, 0.0000289 secs]2019-02-01T02:22:54.132+0000: 800940.138: [WeakReference, 12 refs, 0.0000159 secs]2019-02-01T02:22:54.132+0000: 800940.138: [FinalReference, 332 refs, 0.0001462 secs]2019-02-01T02:22:54.132+0000: 800940.138: [PhantomReference, 0 refs, 0 refs, 0.0000203 secs]2019-02-01T02:22:54.132+0000: 800940.138: [JNI Weak Reference, 0.0000223 secs]
Desired survivor size 5767168 bytes, new threshold 1 (max 15)
[PSYoungGen: 40890K->3598K(39936K)] 692634K->655885K(735744K), 0.0083434 secs] [Times: user=0.09 sys=0.00, real=0.01 secs] 
2019-02-01T02:22:54.137+0000: 800940.143: Total time for which application threads were stopped: 0.0122630 seconds, Stopping threads took: 0.0000605 seconds
2019-02-01T02:22:55.396+0000: 800941.402: Application time: 1.2592076 seconds
2019-02-01T02:22:55.399+0000: 800941.405: [GC (Allocation Failure) 2019-02-01T02:22:55.403+0000: 800941.409: [SoftReference, 0 refs, 0.0000259 secs]2019-02-01T02:22:55.403+0000: 800941.409: [WeakReference, 8 refs, 0.0000152 secs]2019-02-01T02:22:55.403+0000: 800941.409: [FinalReference, 298 refs, 0.0001600 secs]2019-02-01T02:22:55.403+0000: 800941.409: [PhantomReference, 0 refs, 0 refs, 0.0000140 secs]2019-02-01T02:22:55.403+0000: 800941.409: [JNI Weak Reference, 0.0000350 secs]
Desired survivor size 5767168 bytes, new threshold 1 (max 15)
[PSYoungGen: 39438K->2914K(38400K)] 691725K->655796K(734208K), 0.0076262 secs] [Times: user=0.08 sys=0.00, real=0.00 secs] 
2019-02-01T02:22:55.407+0000: 800941.413: Total time for which application threads were stopped: 0.0110411 seconds, Stopping threads took: 0.0000616 seconds
2019-02-01T02:22:56.367+0000: 800942.373: Application time: 0.9603012 seconds
2019-02-01T02:22:56.370+0000: 800942.376: [GC (Allocation Failure) 2019-02-01T02:22:56.374+0000: 800942.380: [SoftReference, 0 refs, 0.0000321 secs]2019-02-01T02:22:56.374+0000: 800942.380: [WeakReference, 4 refs, 0.0000144 secs]2019-02-01T02:22:56.374+0000: 800942.380: [FinalReference, 297 refs, 0.0001642 secs]2019-02-01T02:22:56.374+0000: 800942.380: [PhantomReference, 0 refs, 0 refs, 0.0000146 secs]2019-02-01T02:22:56.374+0000: 800942.380: [JNI Weak Reference, 0.0000277 secs]
Desired survivor size 5767168 bytes, new threshold 1 (max 15)
[PSYoungGen: 38242K->1694K(36864K)] 691124K->655877K(732672K), 0.0087721 secs] [Times: user=0.07 sys=0.00, real=0.01 secs] 
2019-02-01T02:22:56.379+0000: 800942.385: Total time for which application threads were stopped: 0.0119641 seconds, Stopping threads took: 0.0000697 seconds
2019-02-01T02:22:57.165+0000: 800943.171: Application time: 0.7861694 seconds
2019-02-01T02:22:57.169+0000: 800943.174: Total time for which application threads were stopped: 0.0031179 seconds, Stopping threads took: 0.0000997 seconds
2019-02-01T02:22:57.223+0000: 800943.228: Application time: 0.0541173 seconds
2019-02-01T02:22:57.226+0000: 800943.231: Total time for which application threads were stopped: 0.0027948 seconds, Stopping threads took: 0.0001074 seconds
2019-02-01T02:22:57.226+0000: 800943.232: Application time: 0.0002241 seconds
2019-02-01T02:22:57.228+0000: 800943.234: [GC (GCLocker Initiated GC) 2019-02-01T02:22:57.232+0000: 800943.238: [SoftReference, 0 refs, 0.0000330 secs]2019-02-01T02:22:57.232+0000: 800943.238: [WeakReference, 16 refs, 0.0000182 secs]2019-02-01T02:22:57.232+0000: 800943.238: [FinalReference, 335 refs, 0.0001695 secs]2019-02-01T02:22:57.232+0000: 800943.238: [PhantomReference, 0 refs, 0 refs, 0.0000142 secs]2019-02-01T02:22:57.232+0000: 800943.238: [JNI Weak Reference, 0.0000337 secs]
Desired survivor size 6291456 bytes, new threshold 1 (max 15)
[PSYoungGen: 36510K->4664K(40448K)] 690701K->659498K(736256K), 0.0081827 secs] [Times: user=0.06 sys=0.00, real=0.01 secs] 
2019-02-01T02:22:57.236+0000: 800943.242: Total time for which application threads were stopped: 0.0103531 seconds, Stopping threads took: 0.0000618 seconds
2019-02-01T02:22:57.236+0000: 800943.242: Application time: 0.0001905 seconds
2019-02-01T02:22:57.238+0000: 800943.244: Total time for which application threads were stopped: 0.0021531 seconds, Stopping threads took: 0.0001150 seconds
2019-02-01T02:22:57.329+0000: 800943.335: Application time: 0.0908768 seconds
2019-02-01T02:22:57.332+0000: 800943.338: Total time for which application threads were stopped: 0.0027331 seconds, Stopping threads took: 0.0001025 seconds
2019-02-01T02:22:57.493+0000: 800943.499: Application time: 0.1612850 seconds
2019-02-01T02:22:57.496+0000: 800943.502: Total time for which application threads were stopped: 0.0026795 seconds, Stopping threads took: 0.0000590 seconds
2019-02-01T02:22:57.949+0000: 800943.955: Application time: 0.4533792 seconds
2019-02-01T02:22:57.952+0000: 800943.958: Total time for which application threads were stopped: 0.0029082 seconds, Stopping threads took: 0.0001079 seconds
2019-02-01T02:22:57.993+0000: 800943.999: Application time: 0.0404035 seconds
2019-02-01T02:22:57.995+0000: 800944.001: Total time for which application threads were stopped: 0.0023056 seconds, Stopping threads took: 0.0000403 seconds
2019-02-01T02:22:58.320+0000: 800944.325: Application time: 0.3245824 seconds
2019-02-01T02:22:58.323+0000: 800944.329: Total time for which application threads were stopped: 0.0031506 seconds, Stopping threads took: 0.0000528 seconds
2019-02-01T02:22:58.348+0000: 800944.353: Application time: 0.0248595 seconds
2019-02-01T02:22:58.350+0000: 800944.356: Total time for which application threads were stopped: 0.0025937 seconds, Stopping threads took: 0.0000800 seconds
2019-02-01T02:22:58.387+0000: 800944.393: Application time: 0.0364949 seconds
2019-02-01T02:22:58.389+0000: 800944.395: [GC (Allocation Failure) 2019-02-01T02:22:58.393+0000: 800944.399: [SoftReference, 0 refs, 0.0000318 secs]2019-02-01T02:22:58.393+0000: 800944.399: [WeakReference, 65 refs, 0.0000239 secs]2019-02-01T02:22:58.393+0000: 800944.399: [FinalReference, 246 refs, 0.0001287 secs]2019-02-01T02:22:58.393+0000: 800944.399: [PhantomReference, 0 refs, 0 refs, 0.0000224 secs]2019-02-01T02:22:58.393+0000: 800944.399: [JNI Weak Reference, 0.0000228 secs]
Desired survivor size 5767168 bytes, new threshold 1 (max 15)
[PSYoungGen: 39480K->3014K(37376K)] 694319K->658398K(733184K), 0.0079637 secs] [Times: user=0.09 sys=0.00, real=0.00 secs] 
2019-02-01T02:22:58.397+0000: 800944.403: Total time for which application threads were stopped: 0.0104929 seconds, Stopping threads took: 0.0000342 seconds
2019-02-01T02:22:58.420+0000: 800944.426: Application time: 0.0230490 seconds
2019-02-01T02:22:58.423+0000: 800944.429: Total time for which application threads were stopped: 0.0026011 seconds, Stopping threads took: 0.0000341 seconds
2019-02-01T02:22:59.132+0000: 800945.138: Application time: 0.7094216 seconds
2019-02-01T02:22:59.135+0000: 800945.141: Total time for which application threads were stopped: 0.0029694 seconds, Stopping threads took: 0.0000554 seconds
2019-02-01T02:22:59.156+0000: 800945.162: Application time: 0.0205028 seconds
2019-02-01T02:22:59.158+0000: 800945.164: Total time for which application threads were stopped: 0.0021620 seconds, Stopping threads took: 0.0000811 seconds
2019-02-01T02:22:59.289+0000: 800945.295: Application time: 0.1311114 seconds
2019-02-01T02:22:59.291+0000: 800945.297: Total time for which application threads were stopped: 0.0021505 seconds, Stopping threads took: 0.0000411 seconds
2019-02-01T02:22:59.302+0000: 800945.307: Application time: 0.0102747 seconds
2019-02-01T02:22:59.303+0000: 800945.309: Total time for which application threads were stopped: 0.0016027 seconds, Stopping threads took: 0.0000246 seconds
2019-02-01T02:22:59.368+0000: 800945.373: Application time: 0.0645437 seconds
2019-02-01T02:22:59.369+0000: 800945.375: [GC (Allocation Failure) 2019-02-01T02:22:59.375+0000: 800945.380: [SoftReference, 0 refs, 0.0000376 secs]2019-02-01T02:22:59.375+0000: 800945.380: [WeakReference, 10 refs, 0.0000391 secs]2019-02-01T02:22:59.375+0000: 800945.380: [FinalReference, 235 refs, 0.0001097 secs]2019-02-01T02:22:59.375+0000: 800945.381: [PhantomReference, 0 refs, 0 refs, 0.0000142 secs]2019-02-01T02:22:59.375+0000: 800945.381: [JNI Weak Reference, 0.0000222 secs]
Desired survivor size 5767168 bytes, new threshold 1 (max 15)
[PSYoungGen: 37318K->1797K(39936K)] 692702K->658548K(735744K), 0.0088925 secs] [Times: user=0.07 sys=0.00, real=0.00 secs] 
2019-02-01T02:22:59.378+0000: 800945.384: Total time for which application threads were stopped: 0.0107399 seconds, Stopping threads took: 0.0000302 seconds
2019-02-01T02:23:00.780+0000: 800946.786: Application time: 1.4019323 seconds
2019-02-01T02:23:00.783+0000: 800946.789: [GC (Allocation Failure) 2019-02-01T02:23:00.792+0000: 800946.797: [SoftReference, 0 refs, 0.0000318 secs]2019-02-01T02:23:00.792+0000: 800946.797: [WeakReference, 11 refs, 0.0000163 secs]2019-02-01T02:23:00.792+0000: 800946.797: [FinalReference, 195 refs, 0.0001240 secs]2019-02-01T02:23:00.792+0000: 800946.798: [PhantomReference, 0 refs, 0 refs, 0.0000151 secs]2019-02-01T02:23:00.792+0000: 800946.798: [JNI Weak Reference, 0.0000278 secs]
Desired survivor size 5767168 bytes, new threshold 1 (max 15)
[PSYoungGen: 36101K->2027K(39936K)] 692852K->659623K(735744K), 0.0127819 secs] [Times: user=0.16 sys=0.00, real=0.01 secs] 
2019-02-01T02:23:00.796+0000: 800946.802: Total time for which application threads were stopped: 0.0157845 seconds, Stopping threads took: 0.0000504 seconds
2019-02-01T02:23:01.787+0000: 800947.792: Application time: 0.9905461 seconds
2019-02-01T02:23:01.790+0000: 800947.796: [GC (Allocation Failure) 2019-02-01T02:23:01.793+0000: 800947.799: [SoftReference, 0 refs, 0.0000320 secs]2019-02-01T02:23:01.793+0000: 800947.799: [WeakReference, 12 refs, 0.0000171 secs]2019-02-01T02:23:01.793+0000: 800947.799: [FinalReference, 224 refs, 0.0001350 secs]2019-02-01T02:23:01.794+0000: 800947.799: [PhantomReference, 0 refs, 0 refs, 0.0000141 secs]2019-02-01T02:23:01.794+0000: 800947.799: [JNI Weak Reference, 0.0000276 secs]
Desired survivor size 5767168 bytes, new threshold 1 (max 15)
[PSYoungGen: 36331K->2259K(45568K)] 693927K->660783K(741376K), 0.0079710 secs] [Times: user=0.08 sys=0.00, real=0.00 secs] 
2019-02-01T02:23:01.798+0000: 800947.804: Total time for which application threads were stopped: 0.0110873 seconds, Stopping threads took: 0.0000739 seconds
2019-02-01T02:23:01.906+0000: 800947.912: Application time: 0.1082235 seconds
2019-02-01T02:23:01.909+0000: 800947.914: Total time for which application threads were stopped: 0.0026821 seconds, Stopping threads took: 0.0000368 seconds
2019-02-01T02:23:02.785+0000: 800948.790: Application time: 0.8758630 seconds
2019-02-01T02:23:02.788+0000: 800948.793: [GC (Allocation Failure) 2019-02-01T02:23:02.791+0000: 800948.797: [SoftReference, 0 refs, 0.0000366 secs]2019-02-01T02:23:02.791+0000: 800948.797: [WeakReference, 26 refs, 0.0000267 secs]2019-02-01T02:23:02.791+0000: 800948.797: [FinalReference, 332 refs, 0.0001400 secs]2019-02-01T02:23:02.791+0000: 800948.797: [PhantomReference, 0 refs, 0 refs, 0.0000146 secs]2019-02-01T02:23:02.791+0000: 800948.797: [JNI Weak Reference, 0.0000219 secs]
Desired survivor size 6291456 bytes, new threshold 1 (max 15)
[PSYoungGen: 42195K->4425K(45568K)] 700719K->663708K(741376K), 0.0073641 secs] [Times: user=0.08 sys=0.00, real=0.01 secs] 
2019-02-01T02:23:02.795+0000: 800948.801: Total time for which application threads were stopped: 0.0104274 seconds, Stopping threads took: 0.0000522 seconds
2019-02-01T02:23:04.311+0000: 800950.317: Application time: 1.5157697 seconds
2019-02-01T02:23:04.314+0000: 800950.320: [GC (Allocation Failure) 2019-02-01T02:23:04.318+0000: 800950.324: [SoftReference, 0 refs, 0.0000320 secs]2019-02-01T02:23:04.318+0000: 800950.324: [WeakReference, 11 refs, 0.0000165 secs]2019-02-01T02:23:04.318+0000: 800950.324: [FinalReference, 338 refs, 0.0001975 secs]2019-02-01T02:23:04.319+0000: 800950.324: [PhantomReference, 0 refs, 0 refs, 0.0000149 secs]2019-02-01T02:23:04.319+0000: 800950.324: [JNI Weak Reference, 0.0000222 secs]
Desired survivor size 5767168 bytes, new threshold 1 (max 15)
[PSYoungGen: 44361K->2656K(42496K)] 703644K->662448K(738304K), 0.0081937 secs] [Times: user=0.09 sys=0.01, real=0.01 secs] 
2019-02-01T02:23:04.322+0000: 800950.328: Total time for which application threads were stopped: 0.0113081 seconds, Stopping threads took: 0.0000512 seconds
2019-02-01T02:23:05.685+0000: 800951.690: Application time: 1.3624919 seconds
2019-02-01T02:23:05.688+0000: 800951.693: [GC (Allocation Failure) 2019-02-01T02:23:06.376+0000: 800952.382: [SoftReference, 0 refs, 0.0000215 secs]2019-02-01T02:23:06.376+0000: 800952.382: [WeakReference, 17 refs, 0.0000107 secs]2019-02-01T02:23:06.376+0000: 800952.382: [FinalReference, 316 refs, 0.0000933 secs]2019-02-01T02:23:06.376+0000: 800952.382: [PhantomReference, 0 refs, 0 refs, 0.0000072 secs]2019-02-01T02:23:06.376+0000: 800952.382: [JNI Weak Reference, 0.0000140 secs]
Desired survivor size 6291456 bytes, new threshold 1 (max 15)
[PSYoungGen: 42080K->5425K(50176K)] 701872K->666676K(745984K), 0.6908734 secs] [Times: user=19.74 sys=2.07, real=0.69 secs] 
2019-02-01T02:23:06.379+0000: 800952.384: Total time for which application threads were stopped: 0.6939067 seconds, Stopping threads took: 0.0000489 seconds
2019-02-01T02:23:07.569+0000: 800953.575: Application time: 1.1907353 seconds
2019-02-01T02:23:07.572+0000: 800953.578: [GC (Allocation Failure) 2019-02-01T02:23:07.580+0000: 800953.586: [SoftReference, 0 refs, 0.0000426 secs]2019-02-01T02:23:07.580+0000: 800953.586: [WeakReference, 14 refs, 0.0000176 secs]2019-02-01T02:23:07.580+0000: 800953.586: [FinalReference, 283 refs, 0.0001475 secs]2019-02-01T02:23:07.580+0000: 800953.586: [PhantomReference, 0 refs, 0 refs, 0.0000141 secs]2019-02-01T02:23:07.580+0000: 800953.586: [JNI Weak Reference, 0.0000274 secs]
Desired survivor size 6815744 bytes, new threshold 1 (max 15)
[PSYoungGen: 49950K->4292K(53248K)] 711201K->666696K(749056K), 0.0121401 secs] [Times: user=0.17 sys=0.02, real=0.01 secs] 
2019-02-01T02:23:07.585+0000: 800953.590: Total time for which application threads were stopped: 0.0153568 seconds, Stopping threads took: 0.0000607 seconds
2019-02-01T02:23:09.540+0000: 800955.546: Application time: 1.9552445 seconds
2019-02-01T02:23:09.543+0000: 800955.549: [GC (Allocation Failure) 2019-02-01T02:23:09.548+0000: 800955.553: [SoftReference, 0 refs, 0.0000468 secs]2019-02-01T02:23:09.548+0000: 800955.553: [WeakReference, 6 refs, 0.0000152 secs]2019-02-01T02:23:09.548+0000: 800955.553: [FinalReference, 338 refs, 0.0001815 secs]2019-02-01T02:23:09.548+0000: 800955.554: [PhantomReference, 0 refs, 0 refs, 0.0000143 secs]2019-02-01T02:23:09.548+0000: 800955.554: [JNI Weak Reference, 0.0000274 secs]
Desired survivor size 6291456 bytes, new threshold 1 (max 15)
[PSYoungGen: 51396K->2375K(53760K)] 713800K->666024K(749568K), 0.0084523 secs] [Times: user=0.07 sys=0.01, real=0.01 secs] 
2019-02-01T02:23:09.552+0000: 800955.558: Total time for which application threads were stopped: 0.0119155 seconds, Stopping threads took: 0.0000929 seconds
2019-02-01T02:23:10.807+0000: 800956.812: Application time: 1.2548377 seconds
2019-02-01T02:23:10.810+0000: 800956.816: [GC (Allocation Failure) 2019-02-01T02:23:10.817+0000: 800956.823: [SoftReference, 0 refs, 0.0000280 secs]2019-02-01T02:23:10.817+0000: 800956.823: [WeakReference, 15 refs, 0.0000171 secs]2019-02-01T02:23:10.817+0000: 800956.823: [FinalReference, 341 refs, 0.0001822 secs]2019-02-01T02:23:10.817+0000: 800956.823: [PhantomReference, 0 refs, 0 refs, 0.0000143 secs]2019-02-01T02:23:10.817+0000: 800956.823: [JNI Weak Reference, 0.0000223 secs]
Desired survivor size 6291456 bytes, new threshold 1 (max 15)
[PSYoungGen: 49479K->2816K(61952K)] 713128K->667379K(757760K), 0.0110751 secs] [Times: user=0.18 sys=0.00, real=0.02 secs] 
2019-02-01T02:23:10.821+0000: 800956.827: Total time for which application threads were stopped: 0.0143770 seconds, Stopping threads took: 0.0000799 seconds
2019-02-01T02:23:12.610+0000: 800958.615: Application time: 1.7885364 seconds
2019-02-01T02:23:12.613+0000: 800958.618: [GC (Allocation Failure) 2019-02-01T02:23:12.617+0000: 800958.623: [SoftReference, 0 refs, 0.0000318 secs]2019-02-01T02:23:12.617+0000: 800958.623: [WeakReference, 11 refs, 0.0000167 secs]2019-02-01T02:23:12.617+0000: 800958.623: [FinalReference, 508 refs, 0.0002533 secs]2019-02-01T02:23:12.617+0000: 800958.623: [PhantomReference, 0 refs, 0 refs, 0.0000082 secs]2019-02-01T02:23:12.617+0000: 800958.623: [JNI Weak Reference, 0.0000153 secs]
Desired survivor size 6291456 bytes, new threshold 1 (max 15)
[PSYoungGen: 59136K->3704K(62464K)] 723699K->668990K(758272K), 0.0073589 secs] [Times: user=0.09 sys=0.01, real=0.00 secs] 
2019-02-01T02:23:12.620+0000: 800958.626: Total time for which application threads were stopped: 0.0104176 seconds, Stopping threads took: 0.0000782 seconds
2019-02-01T02:23:14.390+0000: 800960.395: Application time: 1.7697880 seconds
2019-02-01T02:23:14.394+0000: 800960.400: [GC (Allocation Failure) 2019-02-01T02:23:14.399+0000: 800960.405: [SoftReference, 0 refs, 0.0000349 secs]2019-02-01T02:23:14.399+0000: 800960.405: [WeakReference, 11 refs, 0.0000176 secs]2019-02-01T02:23:14.399+0000: 800960.405: [FinalReference, 513 refs, 0.0003753 secs]2019-02-01T02:23:14.400+0000: 800960.405: [PhantomReference, 0 refs, 0 refs, 0.0000154 secs]2019-02-01T02:23:14.400+0000: 800960.405: [JNI Weak Reference, 0.0000340 secs]
Desired survivor size 5767168 bytes, new threshold 1 (max 15)
[PSYoungGen: 59660K->3125K(72192K)] 724946K->669512K(768000K), 0.0095373 secs] [Times: user=0.10 sys=0.02, real=0.01 secs] 
2019-02-01T02:23:14.404+0000: 800960.409: Total time for which application threads were stopped: 0.0138829 seconds, Stopping threads took: 0.0000693 seconds
2019-02-01T02:23:16.715+0000: 800962.721: Application time: 2.3111318 seconds
2019-02-01T02:23:16.718+0000: 800962.724: [GC (Allocation Failure) 2019-02-01T02:23:16.728+0000: 800962.734: [SoftReference, 0 refs, 0.0000320 secs]2019-02-01T02:23:16.728+0000: 800962.734: [WeakReference, 9 refs, 0.0000162 secs]2019-02-01T02:23:16.728+0000: 800962.734: [FinalReference, 462 refs, 0.0002020 secs]2019-02-01T02:23:16.729+0000: 800962.734: [PhantomReference, 0 refs, 0 refs, 0.0000144 secs]2019-02-01T02:23:16.729+0000: 800962.734: [JNI Weak Reference, 0.0000221 secs]
Desired survivor size 5767168 bytes, new threshold 1 (max 15)
[PSYoungGen: 70197K->2918K(72704K)] 736584K->669764K(768512K), 0.0142143 secs] [Times: user=0.21 sys=0.01, real=0.02 secs] 
2019-02-01T02:23:16.732+0000: 800962.738: Total time for which application threads were stopped: 0.0173732 seconds, Stopping threads took: 0.0000502 seconds
2019-02-01T02:23:18.782+0000: 800964.788: Application time: 2.0497882 seconds
2019-02-01T02:23:18.785+0000: 800964.791: [GC (Allocation Failure) 2019-02-01T02:23:18.789+0000: 800964.795: [SoftReference, 0 refs, 0.0000316 secs]2019-02-01T02:23:18.789+0000: 800964.795: [WeakReference, 26 refs, 0.0000276 secs]2019-02-01T02:23:18.789+0000: 800964.795: [FinalReference, 520 refs, 0.0002250 secs]2019-02-01T02:23:18.790+0000: 800964.795: [PhantomReference, 0 refs, 0 refs, 0.0000144 secs]2019-02-01T02:23:18.790+0000: 800964.795: [JNI Weak Reference, 0.0000366 secs]
Desired survivor size 5767168 bytes, new threshold 1 (max 15)
[PSYoungGen: 69990K->4002K(84480K)] 736836K->672011K(780288K), 0.0081250 secs] [Times: user=0.08 sys=0.00, real=0.01 secs] 
2019-02-01T02:23:18.793+0000: 800964.799: Total time for which application threads were stopped: 0.0113314 seconds, Stopping threads took: 0.0000643 seconds
2019-02-01T02:23:21.377+0000: 800967.382: Application time: 2.5833357 seconds
2019-02-01T02:23:21.380+0000: 800967.385: [GC (Allocation Failure) 2019-02-01T02:23:21.387+0000: 800967.393: [SoftReference, 0 refs, 0.0000317 secs]2019-02-01T02:23:21.387+0000: 800967.393: [WeakReference, 25 refs, 0.0000197 secs]2019-02-01T02:23:21.387+0000: 800967.393: [FinalReference, 650 refs, 0.0003577 secs]2019-02-01T02:23:21.387+0000: 800967.393: [PhantomReference, 0 refs, 0 refs, 0.0000146 secs]2019-02-01T02:23:21.387+0000: 800967.393: [JNI Weak Reference, 0.0000228 secs]
Desired survivor size 6291456 bytes, new threshold 1 (max 15)
[PSYoungGen: 83344K->5115K(84992K)] 751353K->674354K(780800K), 0.0112144 secs] [Times: user=0.11 sys=0.01, real=0.01 secs] 
2019-02-01T02:23:21.391+0000: 800967.397: Total time for which application threads were stopped: 0.0143855 seconds, Stopping threads took: 0.0000779 seconds
2019-02-01T02:23:23.366+0000: 800969.372: Application time: 1.9752900 seconds
2019-02-01T02:23:23.369+0000: 800969.375: [GC (Allocation Failure) 2019-02-01T02:23:23.377+0000: 800969.383: [SoftReference, 0 refs, 0.0000322 secs]2019-02-01T02:23:23.377+0000: 800969.383: [WeakReference, 13 refs, 0.0000172 secs]2019-02-01T02:23:23.377+0000: 800969.383: [FinalReference, 713 refs, 0.0002941 secs]2019-02-01T02:23:23.377+0000: 800969.383: [PhantomReference, 0 refs, 0 refs, 0.0000150 secs]2019-02-01T02:23:23.377+0000: 800969.383: [JNI Weak Reference, 0.0000333 secs]
Desired survivor size 6815744 bytes, new threshold 1 (max 15)
[PSYoungGen: 84198K->4820K(98816K)] 753437K->675771K(794624K), 0.0114594 secs] [Times: user=0.18 sys=0.01, real=0.01 secs] 
2019-02-01T02:23:23.381+0000: 800969.387: Total time for which application threads were stopped: 0.0146521 seconds, Stopping threads took: 0.0000597 seconds
2019-02-01T02:23:25.664+0000: 800971.669: Application time: 2.2826476 seconds
2019-02-01T02:23:25.668+0000: 800971.674: [GC (Allocation Failure) 2019-02-01T02:23:25.675+0000: 800971.681: [SoftReference, 0 refs, 0.0000471 secs]2019-02-01T02:23:25.675+0000: 800971.681: [WeakReference, 7 refs, 0.0000162 secs]2019-02-01T02:23:25.675+0000: 800971.681: [FinalReference, 876 refs, 0.0005479 secs]2019-02-01T02:23:25.676+0000: 800971.682: [PhantomReference, 0 refs, 0 refs, 0.0000154 secs]2019-02-01T02:23:25.676+0000: 800971.682: [JNI Weak Reference, 0.0000252 secs]
Desired survivor size 6291456 bytes, new threshold 1 (max 15)
[PSYoungGen: 97481K->3780K(99328K)] 768431K->675494K(795136K), 0.0121656 secs] [Times: user=0.19 sys=0.01, real=0.01 secs] 
2019-02-01T02:23:25.680+0000: 800971.686: Total time for which application threads were stopped: 0.0164658 seconds, Stopping threads took: 0.0001025 seconds
2019-02-01T02:23:28.750+0000: 800974.755: Application time: 3.0696104 seconds
2019-02-01T02:23:28.753+0000: 800974.759: [GC (Allocation Failure) 2019-02-01T02:23:28.758+0000: 800974.764: [SoftReference, 0 refs, 0.0000330 secs]2019-02-01T02:23:28.758+0000: 800974.764: [WeakReference, 14 refs, 0.0000179 secs]2019-02-01T02:23:28.758+0000: 800974.764: [FinalReference, 660 refs, 0.0003735 secs]2019-02-01T02:23:28.758+0000: 800974.764: [PhantomReference, 0 refs, 0 refs, 0.0000152 secs]2019-02-01T02:23:28.758+0000: 800974.764: [JNI Weak Reference, 0.0000226 secs]
Desired survivor size 6291456 bytes, new threshold 1 (max 15)
[PSYoungGen: 96452K->4194K(113152K)] 768166K->677119K(808960K), 0.0091276 secs] [Times: user=0.10 sys=0.00, real=0.01 secs] 
2019-02-01T02:23:28.762+0000: 800974.768: Total time for which application threads were stopped: 0.0124964 seconds, Stopping threads took: 0.0000631 seconds
2019-02-01T02:23:32.701+0000: 800978.706: Application time: 3.9383443 seconds
2019-02-01T02:23:32.704+0000: 800978.710: [GC (Allocation Failure) 2019-02-01T02:23:32.710+0000: 800978.716: [SoftReference, 0 refs, 0.0000344 secs]2019-02-01T02:23:32.710+0000: 800978.716: [WeakReference, 9 refs, 0.0000165 secs]2019-02-01T02:23:32.710+0000: 800978.716: [FinalReference, 774 refs, 0.0004606 secs]2019-02-01T02:23:32.711+0000: 800978.716: [PhantomReference, 0 refs, 0 refs, 0.0000156 secs]2019-02-01T02:23:32.711+0000: 800978.716: [JNI Weak Reference, 0.0000234 secs]
Desired survivor size 6291456 bytes, new threshold 1 (max 15)
[PSYoungGen: 111714K->4068K(108544K)] 784639K->677884K(804352K), 0.0108749 secs] [Times: user=0.11 sys=0.01, real=0.02 secs] 
2019-02-01T02:23:32.715+0000: 800978.721: Total time for which application threads were stopped: 0.0142676 seconds, Stopping threads took: 0.0000570 seconds
2019-02-01T02:23:36.062+0000: 800982.068: Application time: 3.3474987 seconds
2019-02-01T02:23:36.066+0000: 800982.071: [GC (Allocation Failure) 2019-02-01T02:23:36.071+0000: 800982.076: [SoftReference, 0 refs, 0.0000424 secs]2019-02-01T02:23:36.071+0000: 800982.076: [WeakReference, 13 refs, 0.0000167 secs]2019-02-01T02:23:36.071+0000: 800982.076: [FinalReference, 859 refs, 0.0003944 secs]2019-02-01T02:23:36.071+0000: 800982.077: [PhantomReference, 0 refs, 0 refs, 0.0000147 secs]2019-02-01T02:23:36.071+0000: 800982.077: [JNI Weak Reference, 0.0000230 secs]
Desired survivor size 6291456 bytes, new threshold 1 (max 15)
[PSYoungGen: 108516K->4645K(106496K)] 782332K->679776K(802304K), 0.0090661 secs] [Times: user=0.09 sys=0.00, real=0.01 secs] 
2019-02-01T02:23:36.075+0000: 800982.081: Total time for which application threads were stopped: 0.0125870 seconds, Stopping threads took: 0.0000916 seconds
2019-02-01T02:23:39.189+0000: 800985.195: Application time: 3.1139946 seconds
2019-02-01T02:23:39.192+0000: 800985.198: Total time for which application threads were stopped: 0.0032891 seconds, Stopping threads took: 0.0000888 seconds
2019-02-01T02:23:39.192+0000: 800985.198: Application time: 0.0002986 seconds
2019-02-01T02:23:39.194+0000: 800985.200: [GC (GCLocker Initiated GC) 2019-02-01T02:23:39.198+0000: 800985.204: [SoftReference, 0 refs, 0.0000200 secs]2019-02-01T02:23:39.198+0000: 800985.204: [WeakReference, 19 refs, 0.0000305 secs]2019-02-01T02:23:39.198+0000: 800985.204: [FinalReference, 849 refs, 0.0003241 secs]2019-02-01T02:23:39.199+0000: 800985.205: [PhantomReference, 0 refs, 0 refs, 0.0000122 secs]2019-02-01T02:23:39.199+0000: 800985.205: [JNI Weak Reference, 0.0000319 secs]
Desired survivor size 8388608 bytes, new threshold 1 (max 15)
[PSYoungGen: 106021K->6142K(104448K)] 781204K->684317K(800256K), 0.0076153 secs] [Times: user=0.10 sys=0.00, real=0.01 secs] 
2019-02-01T02:23:39.202+0000: 800985.208: Total time for which application threads were stopped: 0.0094660 seconds, Stopping threads took: 0.0000782 seconds
2019-02-01T02:23:41.627+0000: 800987.632: Application time: 2.4246882 seconds
2019-02-01T02:23:41.629+0000: 800987.635: Total time for which application threads were stopped: 0.0028132 seconds, Stopping threads took: 0.0000665 seconds
2019-02-01T02:23:42.343+0000: 800988.349: Application time: 0.7136957 seconds
2019-02-01T02:23:42.346+0000: 800988.352: [GC (Allocation Failure) 2019-02-01T02:23:42.350+0000: 800988.355: [SoftReference, 0 refs, 0.0000238 secs]2019-02-01T02:23:42.350+0000: 800988.356: [WeakReference, 7 refs, 0.0000135 secs]2019-02-01T02:23:42.350+0000: 800988.356: [FinalReference, 778 refs, 0.0003616 secs]2019-02-01T02:23:42.350+0000: 800988.356: [PhantomReference, 0 refs, 0 refs, 0.0000112 secs]2019-02-01T02:23:42.350+0000: 800988.356: [JNI Weak Reference, 0.0000142 secs]
Desired survivor size 7864320 bytes, new threshold 1 (max 15)
[PSYoungGen: 104446K->2972K(98304K)] 782630K->683687K(794112K), 0.0073003 secs] [Times: user=0.08 sys=0.00, real=0.00 secs] 
2019-02-01T02:23:42.353+0000: 800988.359: Total time for which application threads were stopped: 0.0102068 seconds, Stopping threads took: 0.0000480 seconds
2019-02-01T02:23:46.349+0000: 800992.355: Application time: 3.9956387 seconds
2019-02-01T02:23:46.352+0000: 800992.358: [GC (Allocation Failure) 2019-02-01T02:23:46.356+0000: 800992.361: [SoftReference, 0 refs, 0.0000204 secs]2019-02-01T02:23:46.356+0000: 800992.361: [WeakReference, 20 refs, 0.0000158 secs]2019-02-01T02:23:46.356+0000: 800992.361: [FinalReference, 676 refs, 0.0002898 secs]2019-02-01T02:23:46.356+0000: 800992.362: [PhantomReference, 0 refs, 0 refs, 0.0000084 secs]2019-02-01T02:23:46.356+0000: 800992.362: [JNI Weak Reference, 0.0000156 secs]
Desired survivor size 7864320 bytes, new threshold 1 (max 15)
[PSYoungGen: 98204K->4537K(97280K)] 778919K->686937K(793088K), 0.0073283 secs] [Times: user=0.09 sys=0.00, real=0.01 secs] 
2019-02-01T02:23:46.359+0000: 800992.365: Total time for which application threads were stopped: 0.0102269 seconds, Stopping threads took: 0.0000545 seconds
2019-02-01T02:23:49.811+0000: 800995.817: Application time: 3.4520176 seconds
2019-02-01T02:23:49.814+0000: 800995.820: [GC (Allocation Failure) 2019-02-01T02:23:49.818+0000: 800995.824: [SoftReference, 0 refs, 0.0000160 secs]2019-02-01T02:23:49.818+0000: 800995.824: [WeakReference, 10 refs, 0.0000086 secs]2019-02-01T02:23:49.818+0000: 800995.824: [FinalReference, 887 refs, 0.0003220 secs]2019-02-01T02:23:49.818+0000: 800995.824: [PhantomReference, 0 refs, 0 refs, 0.0000076 secs]2019-02-01T02:23:49.818+0000: 800995.824: [JNI Weak Reference, 0.0000290 secs]
Desired survivor size 7864320 bytes, new threshold 1 (max 15)
[PSYoungGen: 97209K->3493K(93696K)] 779609K->687069K(789504K), 0.0074921 secs] [Times: user=0.07 sys=0.00, real=0.01 secs] 
2019-02-01T02:23:49.822+0000: 800995.827: Total time for which application threads were stopped: 0.0102521 seconds, Stopping threads took: 0.0000412 seconds
2019-02-01T02:23:53.786+0000: 800999.792: Application time: 3.9645893 seconds
2019-02-01T02:23:53.789+0000: 800999.795: [GC (Allocation Failure) 2019-02-01T02:23:53.794+0000: 800999.800: [SoftReference, 0 refs, 0.0000297 secs]2019-02-01T02:23:53.794+0000: 800999.800: [WeakReference, 47 refs, 0.0000326 secs]2019-02-01T02:23:53.794+0000: 800999.800: [FinalReference, 583 refs, 0.0002146 secs]2019-02-01T02:23:53.794+0000: 800999.800: [PhantomReference, 0 refs, 0 refs, 0.0000083 secs]2019-02-01T02:23:53.794+0000: 800999.800: [JNI Weak Reference, 0.0000138 secs]
Desired survivor size 7340032 bytes, new threshold 1 (max 15)
[PSYoungGen: 93605K->3755K(91648K)] 777181K->688339K(787456K), 0.0084577 secs] [Times: user=0.10 sys=0.00, real=0.01 secs] 
2019-02-01T02:23:53.797+0000: 800999.803: Total time for which application threads were stopped: 0.0113683 seconds, Stopping threads took: 0.0000408 seconds
2019-02-01T02:23:56.570+0000: 801002.575: Application time: 2.7720845 seconds
2019-02-01T02:23:56.572+0000: 801002.578: [GC (Allocation Failure) 2019-02-01T02:23:56.578+0000: 801002.584: [SoftReference, 0 refs, 0.0000179 secs]2019-02-01T02:23:56.578+0000: 801002.584: [WeakReference, 39 refs, 0.0000128 secs]2019-02-01T02:23:56.578+0000: 801002.584: [FinalReference, 730 refs, 0.0003267 secs]2019-02-01T02:23:56.578+0000: 801002.584: [PhantomReference, 0 refs, 0 refs, 0.0000075 secs]2019-02-01T02:23:56.578+0000: 801002.584: [JNI Weak Reference, 0.0000133 secs]
Desired survivor size 7340032 bytes, new threshold 1 (max 15)
[PSYoungGen: 91307K->4631K(90112K)] 775891K->690987K(785920K), 0.0089683 secs] [Times: user=0.10 sys=0.01, real=0.01 secs] 
2019-02-01T02:23:56.581+0000: 801002.587: Total time for which application threads were stopped: 0.0117090 seconds, Stopping threads took: 0.0000711 seconds
2019-02-01T02:23:56.962+0000: 801002.968: Application time: 0.3812056 seconds
2019-02-01T02:23:56.965+0000: 801002.971: Total time for which application threads were stopped: 0.0026871 seconds, Stopping threads took: 0.0000378 seconds
2019-02-01T02:23:57.447+0000: 801003.453: Application time: 0.4816719 seconds
2019-02-01T02:23:57.450+0000: 801003.456: Total time for which application threads were stopped: 0.0029091 seconds, Stopping threads took: 0.0001131 seconds
2019-02-01T02:23:57.470+0000: 801003.476: Application time: 0.0206286 seconds
2019-02-01T02:23:57.472+0000: 801003.478: Total time for which application threads were stopped: 0.0020256 seconds, Stopping threads took: 0.0001216 seconds
2019-02-01T02:23:57.523+0000: 801003.529: Application time: 0.0508380 seconds
2019-02-01T02:23:57.525+0000: 801003.531: Total time for which application threads were stopped: 0.0020578 seconds, Stopping threads took: 0.0000419 seconds
2019-02-01T02:23:57.536+0000: 801003.541: Application time: 0.0103663 seconds
2019-02-01T02:23:57.538+0000: 801003.543: Total time for which application threads were stopped: 0.0019853 seconds, Stopping threads took: 0.0000536 seconds
2019-02-01T02:23:57.543+0000: 801003.549: Application time: 0.0052187 seconds
2019-02-01T02:23:57.545+0000: 801003.550: Total time for which application threads were stopped: 0.0016327 seconds, Stopping threads took: 0.0000500 seconds
2019-02-01T02:23:58.124+0000: 801004.130: Application time: 0.5795133 seconds
2019-02-01T02:23:58.127+0000: 801004.133: Total time for which application threads were stopped: 0.0027417 seconds, Stopping threads took: 0.0000626 seconds
2019-02-01T02:23:59.604+0000: 801005.610: Application time: 1.4769741 seconds
2019-02-01T02:23:59.607+0000: 801005.612: Total time for which application threads were stopped: 0.0027479 seconds, Stopping threads took: 0.0000429 seconds
2019-02-01T02:23:59.759+0000: 801005.764: Application time: 0.1521402 seconds
2019-02-01T02:23:59.761+0000: 801005.767: Total time for which application threads were stopped: 0.0027329 seconds, Stopping threads took: 0.0000713 seconds
2019-02-01T02:24:00.026+0000: 801006.031: Application time: 0.2641410 seconds
2019-02-01T02:24:00.028+0000: 801006.034: [GC (Allocation Failure) 2019-02-01T02:24:00.033+0000: 801006.039: [SoftReference, 0 refs, 0.0000340 secs]2019-02-01T02:24:00.033+0000: 801006.039: [WeakReference, 93 refs, 0.0000256 secs]2019-02-01T02:24:00.033+0000: 801006.039: [FinalReference, 653 refs, 0.0003014 secs]2019-02-01T02:24:00.033+0000: 801006.039: [PhantomReference, 0 refs, 0 refs, 0.0000261 secs]2019-02-01T02:24:00.033+0000: 801006.039: [JNI Weak Reference, 0.0000178 secs]
Desired survivor size 7340032 bytes, new threshold 1 (max 15)
[PSYoungGen: 89623K->5280K(88064K)] 775979K->693451K(783872K), 0.0084839 secs] [Times: user=0.09 sys=0.00, real=0.01 secs] 
2019-02-01T02:24:00.037+0000: 801006.043: Total time for which application threads were stopped: 0.0112627 seconds, Stopping threads took: 0.0000452 seconds
2019-02-01T02:24:01.906+0000: 801007.912: Application time: 1.8695622 seconds
2019-02-01T02:24:01.909+0000: 801007.915: Total time for which application threads were stopped: 0.0030942 seconds, Stopping threads took: 0.0000602 seconds
2019-02-01T02:24:02.858+0000: 801008.864: Application time: 0.9487250 seconds
2019-02-01T02:24:02.862+0000: 801008.868: [GC (Allocation Failure) 2019-02-01T02:24:02.872+0000: 801008.878: [SoftReference, 0 refs, 0.0000337 secs]2019-02-01T02:24:02.872+0000: 801008.878: [WeakReference, 30 refs, 0.0000224 secs]2019-02-01T02:24:02.872+0000: 801008.878: [FinalReference, 666 refs, 0.0002707 secs]2019-02-01T02:24:02.873+0000: 801008.878: [PhantomReference, 0 refs, 0 refs, 0.0000156 secs]2019-02-01T02:24:02.873+0000: 801008.878: [JNI Weak Reference, 0.0000242 secs]
Desired survivor size 8388608 bytes, new threshold 1 (max 15)
[PSYoungGen: 87712K->4088K(84480K)] 775883K->695452K(780288K), 0.0138645 secs] [Times: user=0.22 sys=0.00, real=0.01 secs] 
2019-02-01T02:24:02.876+0000: 801008.882: Total time for which application threads were stopped: 0.0181172 seconds, Stopping threads took: 0.0000807 seconds
2019-02-01T02:24:05.726+0000: 801011.731: Application time: 2.8492989 seconds
2019-02-01T02:24:05.729+0000: 801011.734: [GC (Allocation Failure) 2019-02-01T02:24:05.733+0000: 801011.739: [SoftReference, 0 refs, 0.0000326 secs]2019-02-01T02:24:05.733+0000: 801011.739: [WeakReference, 16 refs, 0.0000265 secs]2019-02-01T02:24:05.733+0000: 801011.739: [FinalReference, 671 refs, 0.0003410 secs]2019-02-01T02:24:05.734+0000: 801011.739: [PhantomReference, 0 refs, 0 refs, 0.0000150 secs]2019-02-01T02:24:05.734+0000: 801011.739: [JNI Weak Reference, 0.0000278 secs]
Desired survivor size 8388608 bytes, new threshold 1 (max 15)
[PSYoungGen: 84472K->5001K(83456K)] 775836K->697515K(779264K), 0.0098731 secs] [Times: user=0.10 sys=0.01, real=0.01 secs] 
2019-02-01T02:24:05.739+0000: 801011.744: Total time for which application threads were stopped: 0.0129955 seconds, Stopping threads took: 0.0000525 seconds
2019-02-01T02:24:08.762+0000: 801014.768: Application time: 3.0238082 seconds
2019-02-01T02:24:08.766+0000: 801014.771: Total time for which application threads were stopped: 0.0033167 seconds, Stopping threads took: 0.0000657 seconds
2019-02-01T02:24:08.766+0000: 801014.772: Application time: 0.0001260 seconds
2019-02-01T02:24:08.768+0000: 801014.774: [Full GC (Ergonomics) 2019-02-01T02:24:08.809+0000: 801014.815: [SoftReference, 128 refs, 0.0000710 secs]2019-02-01T02:24:08.809+0000: 801014.815: [WeakReference, 2059 refs, 0.0003602 secs]2019-02-01T02:24:08.809+0000: 801014.815: [FinalReference, 1586 refs, 0.0010061 secs]2019-02-01T02:24:08.810+0000: 801014.816: [PhantomReference, 0 refs, 145 refs, 0.0000320 secs]2019-02-01T02:24:08.810+0000: 801014.816: [JNI Weak Reference, 0.0000214 secs][PSYoungGen: 83005K->0K(83456K)] [ParOldGen: 692969K->639127K(695296K)] 775975K->639127K(778752K), [Metaspace: 75231K->75231K(1118208K)], 0.1496273 secs] [Times: user=2.23 sys=0.00, real=0.15 secs] 
2019-02-01T02:24:08.918+0000: 801014.923: Total time for which application threads were stopped: 0.1517416 seconds, Stopping threads took: 0.0000510 seconds
2019-02-01T02:24:11.289+0000: 801017.295: Application time: 2.3718283 seconds
2019-02-01T02:24:11.292+0000: 801017.298: [GC (Allocation Failure) 2019-02-01T02:24:11.297+0000: 801017.303: [SoftReference, 0 refs, 0.0000323 secs]2019-02-01T02:24:11.297+0000: 801017.303: [WeakReference, 15 refs, 0.0000184 secs]2019-02-01T02:24:11.297+0000: 801017.303: [FinalReference, 546 refs, 0.0002617 secs]2019-02-01T02:24:11.298+0000: 801017.303: [PhantomReference, 0 refs, 0 refs, 0.0000149 secs]2019-02-01T02:24:11.298+0000: 801017.303: [JNI Weak Reference, 0.0000270 secs]
Desired survivor size 7864320 bytes, new threshold 1 (max 15)
[PSYoungGen: 78336K->4563K(81408K)] 717465K->643693K(776704K), 0.0090297 secs] [Times: user=0.07 sys=0.01, real=0.01 secs] 
2019-02-01T02:24:11.302+0000: 801017.307: Total time for which application threads were stopped: 0.0121788 seconds, Stopping threads took: 0.0000525 seconds
2019-02-01T02:24:14.644+0000: 801020.650: Application time: 3.3427725 seconds
2019-02-01T02:24:14.647+0000: 801020.653: [GC (Allocation Failure) 2019-02-01T02:24:14.651+0000: 801020.657: [SoftReference, 0 refs, 0.0000325 secs]2019-02-01T02:24:14.651+0000: 801020.657: [WeakReference, 7 refs, 0.0000151 secs]2019-02-01T02:24:14.652+0000: 801020.657: [FinalReference, 595 refs, 0.0002538 secs]2019-02-01T02:24:14.652+0000: 801020.658: [PhantomReference, 0 refs, 0 refs, 0.0000147 secs]2019-02-01T02:24:14.652+0000: 801020.658: [JNI Weak Reference, 0.0000220 secs]
Desired survivor size 7864320 bytes, new threshold 1 (max 15)
[PSYoungGen: 80850K->2481K(76800K)] 719980K->644205K(772096K), 0.0083365 secs] [Times: user=0.08 sys=0.01, real=0.01 secs] 
2019-02-01T02:24:14.656+0000: 801020.661: Total time for which application threads were stopped: 0.0113204 seconds, Stopping threads took: 0.0000473 seconds
2019-02-01T02:24:18.165+0000: 801024.170: Application time: 3.5088922 seconds
2019-02-01T02:24:18.168+0000: 801024.173: [GC (Allocation Failure) 2019-02-01T02:24:18.172+0000: 801024.177: [SoftReference, 0 refs, 0.0000407 secs]2019-02-01T02:24:18.172+0000: 801024.177: [WeakReference, 12 refs, 0.0000179 secs]2019-02-01T02:24:18.172+0000: 801024.177: [FinalReference, 581 refs, 0.0002096 secs]2019-02-01T02:24:18.172+0000: 801024.178: [PhantomReference, 0 refs, 0 refs, 0.0000149 secs]2019-02-01T02:24:18.172+0000: 801024.178: [JNI Weak Reference, 0.0000350 secs]
Desired survivor size 7864320 bytes, new threshold 1 (max 15)
[PSYoungGen: 76721K->2510K(77824K)] 718445K->645257K(773120K), 0.0070242 secs] [Times: user=0.08 sys=0.00, real=0.01 secs] 
2019-02-01T02:24:18.175+0000: 801024.180: Total time for which application threads were stopped: 0.0100708 seconds, Stopping threads took: 0.0000499 seconds
2019-02-01T02:24:18.791+0000: 801024.797: Application time: 0.6166655 seconds
2019-02-01T02:24:18.794+0000: 801024.800: Total time for which application threads were stopped: 0.0029449 seconds, Stopping threads took: 0.0000638 seconds
2019-02-01T02:24:20.929+0000: 801026.935: Application time: 2.1349489 seconds
2019-02-01T02:24:20.932+0000: 801026.938: [GC (Allocation Failure) 2019-02-01T02:24:20.937+0000: 801026.943: [SoftReference, 0 refs, 0.0000337 secs]2019-02-01T02:24:20.937+0000: 801026.943: [WeakReference, 12 refs, 0.0000171 secs]2019-02-01T02:24:20.937+0000: 801026.943: [FinalReference, 553 refs, 0.0002820 secs]2019-02-01T02:24:20.937+0000: 801026.943: [PhantomReference, 0 refs, 0 refs, 0.0000237 secs]2019-02-01T02:24:20.937+0000: 801026.943: [JNI Weak Reference, 0.0000232 secs]
Desired survivor size 8388608 bytes, new threshold 1 (max 15)
[PSYoungGen: 74702K->5652K(76288K)] 717449K->648857K(771584K), 0.0087236 secs] [Times: user=0.08 sys=0.00, real=0.00 secs] 
2019-02-01T02:24:20.941+0000: 801026.947: Total time for which application threads were stopped: 0.0118546 seconds, Stopping threads took: 0.0000494 seconds
2019-02-01T02:24:24.180+0000: 801030.186: Application time: 3.2388836 seconds
2019-02-01T02:24:24.183+0000: 801030.189: Total time for which application threads were stopped: 0.0031103 seconds, Stopping threads took: 0.0000593 seconds
2019-02-01T02:24:24.183+0000: 801030.189: Application time: 0.0001203 seconds
2019-02-01T02:24:24.185+0000: 801030.191: [GC (GCLocker Initiated GC) 2019-02-01T02:24:24.190+0000: 801030.195: [SoftReference, 0 refs, 0.0000308 secs]2019-02-01T02:24:24.190+0000: 801030.195: [WeakReference, 8 refs, 0.0000181 secs]2019-02-01T02:24:24.190+0000: 801030.195: [FinalReference, 544 refs, 0.0002484 secs]2019-02-01T02:24:24.190+0000: 801030.196: [PhantomReference, 0 refs, 0 refs, 0.0000143 secs]2019-02-01T02:24:24.190+0000: 801030.196: [JNI Weak Reference, 0.0000223 secs]
Desired survivor size 7864320 bytes, new threshold 1 (max 15)
[PSYoungGen: 75796K->2771K(74240K)] 719003K->646977K(769536K), 0.0086769 secs] [Times: user=0.08 sys=0.00, real=0.01 secs] 
2019-02-01T02:24:24.194+0000: 801030.200: Total time for which application threads were stopped: 0.0108774 seconds, Stopping threads took: 0.0000733 seconds
2019-02-01T02:24:26.428+0000: 801032.433: Application time: 2.2335985 seconds
2019-02-01T02:24:26.431+0000: 801032.437: [GC (Allocation Failure) 2019-02-01T02:24:26.436+0000: 801032.442: [SoftReference, 0 refs, 0.0000422 secs]2019-02-01T02:24:26.436+0000: 801032.442: [WeakReference, 31 refs, 0.0000219 secs]2019-02-01T02:24:26.436+0000: 801032.442: [FinalReference, 479 refs, 0.0002252 secs]2019-02-01T02:24:26.436+0000: 801032.442: [PhantomReference, 0 refs, 0 refs, 0.0000144 secs]2019-02-01T02:24:26.436+0000: 801032.442: [JNI Weak Reference, 0.0000228 secs]
Desired survivor size 7864320 bytes, new threshold 1 (max 15)
[PSYoungGen: 71379K->3719K(71168K)] 715588K->648698K(766464K), 0.0091281 secs] [Times: user=0.10 sys=0.01, real=0.01 secs] 
2019-02-01T02:24:26.440+0000: 801032.446: Total time for which application threads were stopped: 0.0122794 seconds, Stopping threads took: 0.0000520 seconds
2019-02-01T02:24:28.528+0000: 801034.534: Application time: 2.0882496 seconds
2019-02-01T02:24:28.531+0000: 801034.537: [GC (Allocation Failure) 2019-02-01T02:24:28.535+0000: 801034.541: [SoftReference, 0 refs, 0.0000323 secs]2019-02-01T02:24:28.536+0000: 801034.541: [WeakReference, 16 refs, 0.0000182 secs]2019-02-01T02:24:28.536+0000: 801034.541: [FinalReference, 552 refs, 0.0002600 secs]2019-02-01T02:24:28.536+0000: 801034.542: [PhantomReference, 0 refs, 0 refs, 0.0000150 secs]2019-02-01T02:24:28.536+0000: 801034.542: [JNI Weak Reference, 0.0000288 secs]
Desired survivor size 7340032 bytes, new threshold 1 (max 15)
[PSYoungGen: 70791K->3757K(70656K)] 715770K->649828K(765952K), 0.0085630 secs] [Times: user=0.10 sys=0.00, real=0.01 secs] 
2019-02-01T02:24:28.540+0000: 801034.546: Total time for which application threads were stopped: 0.0116796 seconds, Stopping threads took: 0.0000848 seconds
2019-02-01T02:24:30.704+0000: 801036.710: Application time: 2.1642493 seconds
2019-02-01T02:24:30.707+0000: 801036.713: [GC (Allocation Failure) 2019-02-01T02:24:30.712+0000: 801036.718: [SoftReference, 0 refs, 0.0000326 secs]2019-02-01T02:24:30.712+0000: 801036.718: [WeakReference, 19 refs, 0.0000184 secs]2019-02-01T02:24:30.712+0000: 801036.718: [FinalReference, 506 refs, 0.0001947 secs]2019-02-01T02:24:30.712+0000: 801036.718: [PhantomReference, 0 refs, 0 refs, 0.0000146 secs]2019-02-01T02:24:30.712+0000: 801036.718: [JNI Weak Reference, 0.0000227 secs]
Desired survivor size 7864320 bytes, new threshold 1 (max 15)
[PSYoungGen: 69018K->6014K(70144K)] 715089K->653320K(765440K), 0.0084636 secs] [Times: user=0.10 sys=0.00, real=0.01 secs] 
2019-02-01T02:24:30.716+0000: 801036.722: Total time for which application threads were stopped: 0.0117230 seconds, Stopping threads took: 0.0000517 seconds
2019-02-01T02:24:32.563+0000: 801038.569: Application time: 1.8474759 seconds
2019-02-01T02:24:32.567+0000: 801038.572: [GC (Allocation Failure) 2019-02-01T02:24:32.572+0000: 801038.578: [SoftReference, 0 refs, 0.0000317 secs]2019-02-01T02:24:32.572+0000: 801038.578: [WeakReference, 11 refs, 0.0000222 secs]2019-02-01T02:24:32.572+0000: 801038.578: [FinalReference, 473 refs, 0.0002033 secs]2019-02-01T02:24:32.572+0000: 801038.578: [PhantomReference, 0 refs, 0 refs, 0.0000145 secs]2019-02-01T02:24:32.572+0000: 801038.578: [JNI Weak Reference, 0.0000228 secs]
Desired survivor size 7864320 bytes, new threshold 1 (max 15)
[PSYoungGen: 70014K->2489K(68608K)] 717320K->650601K(763904K), 0.0097996 secs] [Times: user=0.10 sys=0.00, real=0.01 secs] 
2019-02-01T02:24:32.577+0000: 801038.582: Total time for which application threads were stopped: 0.0131168 seconds, Stopping threads took: 0.0000540 seconds
2019-02-01T02:24:34.546+0000: 801040.552: Application time: 1.9693911 seconds
2019-02-01T02:24:34.549+0000: 801040.555: [GC (Allocation Failure) 2019-02-01T02:24:34.554+0000: 801040.560: [SoftReference, 0 refs, 0.0000417 secs]2019-02-01T02:24:34.554+0000: 801040.560: [WeakReference, 5 refs, 0.0000151 secs]2019-02-01T02:24:34.554+0000: 801040.560: [FinalReference, 529 refs, 0.0002454 secs]2019-02-01T02:24:34.554+0000: 801040.560: [PhantomReference, 0 refs, 0 refs, 0.0000143 secs]2019-02-01T02:24:34.554+0000: 801040.560: [JNI Weak Reference, 0.0000227 secs]
Desired survivor size 7864320 bytes, new threshold 1 (max 15)
[PSYoungGen: 64953K->2216K(63488K)] 713065K->650965K(758784K), 0.0089340 secs] [Times: user=0.08 sys=0.00, real=0.01 secs] 
2019-02-01T02:24:34.558+0000: 801040.564: Total time for which application threads were stopped: 0.0123768 seconds, Stopping threads took: 0.0000597 seconds
2019-02-01T02:24:36.852+0000: 801042.857: Application time: 2.2933084 seconds
2019-02-01T02:24:36.855+0000: 801042.861: [GC (Allocation Failure) 2019-02-01T02:24:36.864+0000: 801042.869: [SoftReference, 0 refs, 0.0000524 secs]2019-02-01T02:24:36.864+0000: 801042.869: [WeakReference, 10 refs, 0.0000159 secs]2019-02-01T02:24:36.864+0000: 801042.869: [FinalReference, 428 refs, 0.0002179 secs]2019-02-01T02:24:36.864+0000: 801042.870: [PhantomReference, 0 refs, 0 refs, 0.0000144 secs]2019-02-01T02:24:36.864+0000: 801042.870: [JNI Weak Reference, 0.0000352 secs]
Desired survivor size 7864320 bytes, new threshold 1 (max 15)
[PSYoungGen: 63144K->2751K(65536K)] 711893K->652460K(760832K), 0.0130594 secs] [Times: user=0.22 sys=0.00, real=0.01 secs] 
2019-02-01T02:24:36.868+0000: 801042.874: Total time for which application threads were stopped: 0.0164527 seconds, Stopping threads took: 0.0000635 seconds
2019-02-01T02:24:39.011+0000: 801045.017: Application time: 2.1434097 seconds
2019-02-01T02:24:39.015+0000: 801045.021: [GC (Allocation Failure) 2019-02-01T02:24:39.023+0000: 801045.029: [SoftReference, 0 refs, 0.0000325 secs]2019-02-01T02:24:39.023+0000: 801045.029: [WeakReference, 15 refs, 0.0000176 secs]2019-02-01T02:24:39.023+0000: 801045.029: [FinalReference, 386 refs, 0.0002159 secs]2019-02-01T02:24:39.023+0000: 801045.029: [PhantomReference, 0 refs, 0 refs, 0.0000151 secs]2019-02-01T02:24:39.023+0000: 801045.029: [JNI Weak Reference, 0.0000223 secs]
Desired survivor size 7340032 bytes, new threshold 1 (max 15)
[PSYoungGen: 62143K->3717K(61952K)] 711852K->654760K(757248K), 0.0123056 secs] [Times: user=0.20 sys=0.00, real=0.01 secs] 
2019-02-01T02:24:39.028+0000: 801045.033: Total time for which application threads were stopped: 0.0162105 seconds, Stopping threads took: 0.0001324 seconds
2019-02-01T02:24:40.432+0000: 801046.438: Application time: 1.4045614 seconds
2019-02-01T02:24:40.436+0000: 801046.441: [GC (Allocation Failure) 2019-02-01T02:24:40.440+0000: 801046.446: [SoftReference, 0 refs, 0.0000318 secs]2019-02-01T02:24:40.440+0000: 801046.446: [WeakReference, 17 refs, 0.0000176 secs]2019-02-01T02:24:40.440+0000: 801046.446: [FinalReference, 480 refs, 0.0002661 secs]2019-02-01T02:24:40.440+0000: 801046.446: [PhantomReference, 0 refs, 0 refs, 0.0000145 secs]2019-02-01T02:24:40.440+0000: 801046.446: [JNI Weak Reference, 0.0000278 secs]
Desired survivor size 7864320 bytes, new threshold 1 (max 15)
[PSYoungGen: 61573K->5138K(64000K)] 712616K->657513K(759296K), 0.0091715 secs] [Times: user=0.08 sys=0.00, real=0.01 secs] 
2019-02-01T02:24:40.445+0000: 801046.451: Total time for which application threads were stopped: 0.0125265 seconds, Stopping threads took: 0.0000492 seconds
2019-02-01T02:24:41.743+0000: 801047.748: Application time: 1.2978424 seconds
2019-02-01T02:24:41.746+0000: 801047.752: [GC (Allocation Failure) 2019-02-01T02:24:41.751+0000: 801047.757: [SoftReference, 0 refs, 0.0000318 secs]2019-02-01T02:24:41.751+0000: 801047.757: [WeakReference, 24 refs, 0.0000203 secs]2019-02-01T02:24:41.751+0000: 801047.757: [FinalReference, 477 refs, 0.0002887 secs]2019-02-01T02:24:41.751+0000: 801047.757: [PhantomReference, 0 refs, 1 refs, 0.0000154 secs]2019-02-01T02:24:41.751+0000: 801047.757: [JNI Weak Reference, 0.0000277 secs]
Desired survivor size 7340032 bytes, new threshold 1 (max 15)
[PSYoungGen: 61970K->3635K(59904K)] 714345K->657115K(755200K), 0.0103947 secs] [Times: user=0.11 sys=0.00, real=0.01 secs] 
2019-02-01T02:24:41.756+0000: 801047.762: Total time for which application threads were stopped: 0.0138597 seconds, Stopping threads took: 0.0000708 seconds
2019-02-01T02:24:43.333+0000: 801049.338: Application time: 1.5760769 seconds
2019-02-01T02:24:43.336+0000: 801049.342: [GC (Allocation Failure) 2019-02-01T02:24:43.344+0000: 801049.350: [SoftReference, 0 refs, 0.0000325 secs]2019-02-01T02:24:43.344+0000: 801049.350: [WeakReference, 35 refs, 0.0000224 secs]2019-02-01T02:24:43.344+0000: 801049.350: [FinalReference, 486 refs, 0.0002544 secs]2019-02-01T02:24:43.344+0000: 801049.350: [PhantomReference, 0 refs, 0 refs, 0.0000146 secs]2019-02-01T02:24:43.344+0000: 801049.350: [JNI Weak Reference, 0.0000287 secs]
Desired survivor size 6815744 bytes, new threshold 1 (max 15)
[PSYoungGen: 59443K->3610K(59904K)] 712923K->658566K(755200K), 0.0133167 secs] [Times: user=0.20 sys=0.00, real=0.01 secs] 
2019-02-01T02:24:43.349+0000: 801049.355: Total time for which application threads were stopped: 0.0166810 seconds, Stopping threads took: 0.0000512 seconds
2019-02-01T02:24:44.946+0000: 801050.952: Application time: 1.5968030 seconds
2019-02-01T02:24:44.949+0000: 801050.955: [GC (Allocation Failure) 2019-02-01T02:24:44.954+0000: 801050.960: [SoftReference, 0 refs, 0.0000319 secs]2019-02-01T02:24:44.954+0000: 801050.960: [WeakReference, 10 refs, 0.0000167 secs]2019-02-01T02:24:44.954+0000: 801050.960: [FinalReference, 444 refs, 0.0002177 secs]2019-02-01T02:24:44.954+0000: 801050.960: [PhantomReference, 0 refs, 0 refs, 0.0000148 secs]2019-02-01T02:24:44.954+0000: 801050.960: [JNI Weak Reference, 0.0000361 secs]
Desired survivor size 6815744 bytes, new threshold 1 (max 15)
[PSYoungGen: 58394K->3781K(57856K)] 713350K->660185K(753152K), 0.0096945 secs] [Times: user=0.08 sys=0.00, real=0.01 secs] 
2019-02-01T02:24:44.959+0000: 801050.965: Total time for which application threads were stopped: 0.0131619 seconds, Stopping threads took: 0.0000749 seconds
2019-02-01T02:24:46.407+0000: 801052.412: Application time: 1.4474636 seconds
2019-02-01T02:24:46.410+0000: 801052.416: Total time for which application threads were stopped: 0.0031651 seconds, Stopping threads took: 0.0000656 seconds
2019-02-01T02:24:46.410+0000: 801052.416: Application time: 0.0001840 seconds
2019-02-01T02:24:46.412+0000: 801052.418: [GC (GCLocker Initiated GC) 2019-02-01T02:24:46.416+0000: 801052.422: [SoftReference, 0 refs, 0.0000245 secs]2019-02-01T02:24:46.416+0000: 801052.422: [WeakReference, 17 refs, 0.0000170 secs]2019-02-01T02:24:46.416+0000: 801052.422: [FinalReference, 496 refs, 0.0001879 secs]2019-02-01T02:24:46.417+0000: 801052.422: [PhantomReference, 0 refs, 0 refs, 0.0000147 secs]2019-02-01T02:24:46.417+0000: 801052.422: [JNI Weak Reference, 0.0000219 secs]
Desired survivor size 7340032 bytes, new threshold 1 (max 15)
[PSYoungGen: 57541K->5604K(59392K)] 713950K->662841K(754688K), 0.0080977 secs] [Times: user=0.10 sys=0.00, real=0.01 secs] 
2019-02-01T02:24:46.420+0000: 801052.426: Total time for which application threads were stopped: 0.0102435 seconds, Stopping threads took: 0.0001002 seconds
2019-02-01T02:24:48.122+0000: 801054.128: Application time: 1.7016994 seconds
2019-02-01T02:24:48.125+0000: 801054.131: [GC (Allocation Failure) 2019-02-01T02:24:48.129+0000: 801054.135: [SoftReference, 0 refs, 0.0000326 secs]2019-02-01T02:24:48.129+0000: 801054.135: [WeakReference, 20 refs, 0.0000192 secs]2019-02-01T02:24:48.129+0000: 801054.135: [FinalReference, 397 refs, 0.0001589 secs]2019-02-01T02:24:48.129+0000: 801054.135: [PhantomReference, 0 refs, 0 refs, 0.0000147 secs]2019-02-01T02:24:48.129+0000: 801054.135: [JNI Weak Reference, 0.0000229 secs]
Desired survivor size 6815744 bytes, new threshold 1 (max 15)
[PSYoungGen: 58340K->3464K(55296K)] 715844K->662475K(750592K), 0.0084153 secs] [Times: user=0.09 sys=0.01, real=0.01 secs] 
2019-02-01T02:24:48.134+0000: 801054.140: Total time for which application threads were stopped: 0.0117712 seconds, Stopping threads took: 0.0000595 seconds
2019-02-01T02:24:49.425+0000: 801055.430: Application time: 1.2909492 seconds
2019-02-01T02:24:49.428+0000: 801055.434: Total time for which application threads were stopped: 0.0032497 seconds, Stopping threads took: 0.0000807 seconds
2019-02-01T02:24:49.428+0000: 801055.434: Application time: 0.0001194 seconds
2019-02-01T02:24:49.430+0000: 801055.436: [GC (GCLocker Initiated GC) 2019-02-01T02:24:49.439+0000: 801055.445: [SoftReference, 0 refs, 0.0000389 secs]2019-02-01T02:24:49.439+0000: 801055.445: [WeakReference, 20 refs, 0.0000295 secs]2019-02-01T02:24:49.439+0000: 801055.445: [FinalReference, 461 refs, 0.0001809 secs]2019-02-01T02:24:49.440+0000: 801055.445: [PhantomReference, 0 refs, 0 refs, 0.0000149 secs]2019-02-01T02:24:49.440+0000: 801055.445: [JNI Weak Reference, 0.0000278 secs]
Desired survivor size 7340032 bytes, new threshold 1 (max 15)
[PSYoungGen: 55176K->4995K(57344K)] 714188K->665133K(752640K), 0.0140226 secs] [Times: user=0.23 sys=0.00, real=0.01 secs] 
2019-02-01T02:24:49.444+0000: 801055.450: Total time for which application threads were stopped: 0.0161770 seconds, Stopping threads took: 0.0000392 seconds
2019-02-01T02:24:51.449+0000: 801057.454: Application time: 2.0044278 seconds
2019-02-01T02:24:51.452+0000: 801057.457: [GC (Allocation Failure) 2019-02-01T02:24:51.460+0000: 801057.466: [SoftReference, 0 refs, 0.0000207 secs]2019-02-01T02:24:51.460+0000: 801057.466: [WeakReference, 10 refs, 0.0000098 secs]2019-02-01T02:24:51.460+0000: 801057.466: [FinalReference, 405 refs, 0.0000928 secs]2019-02-01T02:24:51.460+0000: 801057.466: [PhantomReference, 0 refs, 0 refs, 0.0000083 secs]2019-02-01T02:24:51.460+0000: 801057.466: [JNI Weak Reference, 0.0000274 secs]
Desired survivor size 7340032 bytes, new threshold 1 (max 15)
[PSYoungGen: 55683K->2290K(52224K)] 715826K->663134K(747520K), 0.0118554 secs] [Times: user=0.21 sys=0.00, real=0.01 secs] 
2019-02-01T02:24:51.464+0000: 801057.469: Total time for which application threads were stopped: 0.0148944 seconds, Stopping threads took: 0.0000542 seconds
2019-02-01T02:24:53.644+0000: 801059.650: Application time: 2.1808453 seconds
2019-02-01T02:24:53.648+0000: 801059.653: [GC (Allocation Failure) 2019-02-01T02:24:53.653+0000: 801059.658: [SoftReference, 0 refs, 0.0000300 secs]2019-02-01T02:24:53.653+0000: 801059.659: [WeakReference, 6 refs, 0.0000147 secs]2019-02-01T02:24:53.653+0000: 801059.659: [FinalReference, 382 refs, 0.0001780 secs]2019-02-01T02:24:53.653+0000: 801059.659: [PhantomReference, 0 refs, 0 refs, 0.0000144 secs]2019-02-01T02:24:53.653+0000: 801059.659: [JNI Weak Reference, 0.0000218 secs]
Desired survivor size 7340032 bytes, new threshold 1 (max 15)
[PSYoungGen: 51954K->2638K(54784K)] 712798K->664222K(750080K), 0.0092197 secs] [Times: user=0.08 sys=0.00, real=0.01 secs] 
2019-02-01T02:24:53.657+0000: 801059.663: Total time for which application threads were stopped: 0.0123584 seconds, Stopping threads took: 0.0000609 seconds
2019-02-01T02:24:55.671+0000: 801061.677: Application time: 2.0142644 seconds
2019-02-01T02:24:55.674+0000: 801061.680: [GC (Allocation Failure) 2019-02-01T02:24:55.679+0000: 801061.685: [SoftReference, 0 refs, 0.0000310 secs]2019-02-01T02:24:55.679+0000: 801061.685: [WeakReference, 12 refs, 0.0000168 secs]2019-02-01T02:24:55.679+0000: 801061.685: [FinalReference, 334 refs, 0.0001597 secs]2019-02-01T02:24:55.679+0000: 801061.685: [PhantomReference, 0 refs, 0 refs, 0.0000144 secs]2019-02-01T02:24:55.679+0000: 801061.685: [JNI Weak Reference, 0.0000222 secs]
Desired survivor size 7340032 bytes, new threshold 1 (max 15)
[PSYoungGen: 51278K->2148K(50176K)] 712862K->664664K(745472K), 0.0088629 secs] [Times: user=0.08 sys=0.00, real=0.01 secs] 
2019-02-01T02:24:55.683+0000: 801061.689: Total time for which application threads were stopped: 0.0119873 seconds, Stopping threads took: 0.0000493 seconds
2019-02-01T02:24:57.022+0000: 801063.028: Application time: 1.3393651 seconds
2019-02-01T02:24:57.026+0000: 801063.031: Total time for which application threads were stopped: 0.0031205 seconds, Stopping threads took: 0.0000808 seconds
2019-02-01T02:24:57.560+0000: 801063.566: Application time: 0.5347757 seconds
2019-02-01T02:24:57.564+0000: 801063.569: Total time for which application threads were stopped: 0.0033098 seconds, Stopping threads took: 0.0001004 seconds
2019-02-01T02:24:57.625+0000: 801063.630: Application time: 0.0608408 seconds
2019-02-01T02:24:57.627+0000: 801063.633: [GC (Allocation Failure) 2019-02-01T02:24:57.632+0000: 801063.638: [SoftReference, 0 refs, 0.0000179 secs]2019-02-01T02:24:57.632+0000: 801063.638: [WeakReference, 54 refs, 0.0000151 secs]2019-02-01T02:24:57.632+0000: 801063.638: [FinalReference, 264 refs, 0.0000877 secs]2019-02-01T02:24:57.632+0000: 801063.638: [PhantomReference, 0 refs, 0 refs, 0.0000082 secs]2019-02-01T02:24:57.632+0000: 801063.638: [JNI Weak Reference, 0.0000210 secs]
Desired survivor size 6815744 bytes, new threshold 1 (max 15)
[PSYoungGen: 49511K->2732K(51712K)] 712027K->666269K(747008K), 0.0075292 secs] [Times: user=0.11 sys=0.01, real=0.01 secs] 
2019-02-01T02:24:57.635+0000: 801063.641: Total time for which application threads were stopped: 0.0102501 seconds, Stopping threads took: 0.0000339 seconds
2019-02-01T02:24:57.938+0000: 801063.944: Application time: 0.3035171 seconds
2019-02-01T02:24:57.941+0000: 801063.947: Total time for which application threads were stopped: 0.0030997 seconds, Stopping threads took: 0.0000800 seconds
2019-02-01T02:24:58.073+0000: 801064.079: Application time: 0.1318020 seconds
2019-02-01T02:24:58.076+0000: 801064.082: Total time for which application threads were stopped: 0.0026097 seconds, Stopping threads took: 0.0000683 seconds
2019-02-01T02:24:58.096+0000: 801064.102: Application time: 0.0205368 seconds
2019-02-01T02:24:58.099+0000: 801064.104: Total time for which application threads were stopped: 0.0023626 seconds, Stopping threads took: 0.0001050 seconds
2019-02-01T02:24:58.109+0000: 801064.115: Application time: 0.0103484 seconds
2019-02-01T02:24:58.111+0000: 801064.117: Total time for which application threads were stopped: 0.0020335 seconds, Stopping threads took: 0.0000478 seconds
2019-02-01T02:24:58.122+0000: 801064.127: Application time: 0.0104549 seconds
2019-02-01T02:24:58.124+0000: 801064.129: Total time for which application threads were stopped: 0.0019617 seconds, Stopping threads took: 0.0000635 seconds
2019-02-01T02:24:58.134+0000: 801064.140: Application time: 0.0103280 seconds
2019-02-01T02:24:58.136+0000: 801064.142: Total time for which application threads were stopped: 0.0018864 seconds, Stopping threads took: 0.0000831 seconds
2019-02-01T02:24:59.153+0000: 801065.159: Application time: 1.0170939 seconds
2019-02-01T02:24:59.156+0000: 801065.162: [GC (Allocation Failure) 2019-02-01T02:24:59.160+0000: 801065.166: [SoftReference, 0 refs, 0.0000162 secs]2019-02-01T02:24:59.160+0000: 801065.166: [WeakReference, 53 refs, 0.0000128 secs]2019-02-01T02:24:59.160+0000: 801065.166: [FinalReference, 362 refs, 0.0001150 secs]2019-02-01T02:24:59.160+0000: 801065.166: [PhantomReference, 0 refs, 0 refs, 0.0000082 secs]2019-02-01T02:24:59.160+0000: 801065.166: [JNI Weak Reference, 0.0000143 secs]
Desired survivor size 6815744 bytes, new threshold 1 (max 15)
[PSYoungGen: 49324K->3980K(49664K)] 712861K->668662K(744960K), 0.0071192 secs] [Times: user=0.08 sys=0.00, real=0.01 secs] 
2019-02-01T02:24:59.163+0000: 801065.169: Total time for which application threads were stopped: 0.0100874 seconds, Stopping threads took: 0.0000533 seconds
2019-02-01T02:25:01.199+0000: 801067.204: Application time: 2.0356644 seconds
2019-02-01T02:25:01.201+0000: 801067.207: [GC (Allocation Failure) 2019-02-01T02:25:01.208+0000: 801067.214: [SoftReference, 0 refs, 0.0000197 secs]2019-02-01T02:25:01.208+0000: 801067.214: [WeakReference, 7 refs, 0.0000117 secs]2019-02-01T02:25:01.208+0000: 801067.214: [FinalReference, 309 refs, 0.0001193 secs]2019-02-01T02:25:01.208+0000: 801067.214: [PhantomReference, 0 refs, 0 refs, 0.0000272 secs]2019-02-01T02:25:01.208+0000: 801067.214: [JNI Weak Reference, 0.0000191 secs]
Desired survivor size 6815744 bytes, new threshold 1 (max 15)
[PSYoungGen: 49548K->2172K(50176K)] 714230K->667811K(745472K), 0.0096924 secs] [Times: user=0.13 sys=0.00, real=0.01 secs] 
2019-02-01T02:25:01.211+0000: 801067.217: Total time for which application threads were stopped: 0.0125036 seconds, Stopping threads took: 0.0000414 seconds
2019-02-01T02:25:01.906+0000: 801067.912: Application time: 0.6947176 seconds
2019-02-01T02:25:01.909+0000: 801067.914: Total time for which application threads were stopped: 0.0027301 seconds, Stopping threads took: 0.0000305 seconds
2019-02-01T02:25:02.554+0000: 801068.560: Application time: 0.6453101 seconds
2019-02-01T02:25:02.557+0000: 801068.562: [GC (Allocation Failure) 2019-02-01T02:25:02.565+0000: 801068.570: [SoftReference, 0 refs, 0.0000218 secs]2019-02-01T02:25:02.565+0000: 801068.570: [WeakReference, 5 refs, 0.0000108 secs]2019-02-01T02:25:02.565+0000: 801068.570: [FinalReference, 410 refs, 0.0001082 secs]2019-02-01T02:25:02.565+0000: 801068.571: [PhantomReference, 0 refs, 0 refs, 0.0000122 secs]2019-02-01T02:25:02.565+0000: 801068.571: [JNI Weak Reference, 0.0000196 secs]
Desired survivor size 6815744 bytes, new threshold 1 (max 15)
[PSYoungGen: 46716K->2440K(46592K)] 712355K->669022K(741888K), 0.0108738 secs] [Times: user=0.17 sys=0.00, real=0.01 secs] 
2019-02-01T02:25:02.568+0000: 801068.573: Total time for which application threads were stopped: 0.0136616 seconds, Stopping threads took: 0.0000449 seconds
2019-02-01T02:25:04.287+0000: 801070.293: Application time: 1.7196080 seconds
2019-02-01T02:25:04.290+0000: 801070.296: [GC (Allocation Failure) 2019-02-01T02:25:04.295+0000: 801070.301: [SoftReference, 0 refs, 0.0000212 secs]2019-02-01T02:25:04.295+0000: 801070.301: [WeakReference, 7 refs, 0.0000131 secs]2019-02-01T02:25:04.295+0000: 801070.301: [FinalReference, 305 refs, 0.0000921 secs]2019-02-01T02:25:04.295+0000: 801070.301: [PhantomReference, 0 refs, 0 refs, 0.0000119 secs]2019-02-01T02:25:04.296+0000: 801070.301: [JNI Weak Reference, 0.0000194 secs]
Desired survivor size 6291456 bytes, new threshold 1 (max 15)
[PSYoungGen: 46472K->2490K(48640K)] 713054K->670168K(743936K), 0.0083522 secs] [Times: user=0.13 sys=0.00, real=0.00 secs] 
2019-02-01T02:25:04.299+0000: 801070.304: Total time for which application threads were stopped: 0.0113666 seconds, Stopping threads took: 0.0000379 seconds
2019-02-01T02:25:05.800+0000: 801071.806: Application time: 1.5015536 seconds
2019-02-01T02:25:05.803+0000: 801071.809: [GC (Allocation Failure) 2019-02-01T02:25:05.807+0000: 801071.812: [SoftReference, 0 refs, 0.0000156 secs]2019-02-01T02:25:05.807+0000: 801071.812: [WeakReference, 9 refs, 0.0000077 secs]2019-02-01T02:25:05.807+0000: 801071.812: [FinalReference, 246 refs, 0.0000793 secs]2019-02-01T02:25:05.807+0000: 801071.813: [PhantomReference, 0 refs, 0 refs, 0.0000124 secs]2019-02-01T02:25:05.807+0000: 801071.813: [JNI Weak Reference, 0.0000187 secs]
Desired survivor size 6291456 bytes, new threshold 1 (max 15)
[PSYoungGen: 46010K->2743K(46080K)] 713688K->671042K(741376K), 0.0066611 secs] [Times: user=0.08 sys=0.00, real=0.01 secs] 
2019-02-01T02:25:05.810+0000: 801071.815: Total time for which application threads were stopped: 0.0094917 seconds, Stopping threads took: 0.0000446 seconds
2019-02-01T02:25:07.345+0000: 801073.350: Application time: 1.5351369 seconds
2019-02-01T02:25:07.348+0000: 801073.353: [GC (Allocation Failure) 2019-02-01T02:25:07.352+0000: 801073.357: [SoftReference, 0 refs, 0.0000154 secs]2019-02-01T02:25:07.352+0000: 801073.357: [WeakReference, 17 refs, 0.0000095 secs]2019-02-01T02:25:07.352+0000: 801073.357: [FinalReference, 290 refs, 0.0000993 secs]2019-02-01T02:25:07.352+0000: 801073.357: [PhantomReference, 0 refs, 0 refs, 0.0000261 secs]2019-02-01T02:25:07.352+0000: 801073.358: [JNI Weak Reference, 0.0000179 secs]
Desired survivor size 6291456 bytes, new threshold 1 (max 15)
[PSYoungGen: 45751K->4482K(48128K)] 714050K->673813K(743424K), 0.0069524 secs] [Times: user=0.07 sys=0.00, real=0.01 secs] 
2019-02-01T02:25:07.355+0000: 801073.360: Total time for which application threads were stopped: 0.0099147 seconds, Stopping threads took: 0.0000662 seconds
2019-02-01T02:25:08.873+0000: 801074.878: Application time: 1.5180475 seconds
2019-02-01T02:25:08.876+0000: 801074.881: [GC (Allocation Failure) 2019-02-01T02:25:08.881+0000: 801074.887: [SoftReference, 0 refs, 0.0000307 secs]2019-02-01T02:25:08.881+0000: 801074.887: [WeakReference, 47 refs, 0.0000177 secs]2019-02-01T02:25:08.881+0000: 801074.887: [FinalReference, 322 refs, 0.0001134 secs]2019-02-01T02:25:08.881+0000: 801074.887: [PhantomReference, 0 refs, 0 refs, 0.0000219 secs]2019-02-01T02:25:08.881+0000: 801074.887: [JNI Weak Reference, 0.0000202 secs]
Desired survivor size 6291456 bytes, new threshold 1 (max 15)
[PSYoungGen: 46978K->3595K(46080K)] 716309K->674589K(741376K), 0.0087560 secs] [Times: user=0.08 sys=0.00, real=0.01 secs] 
2019-02-01T02:25:08.884+0000: 801074.890: Total time for which application threads were stopped: 0.0116961 seconds, Stopping threads took: 0.0000742 seconds
2019-02-01T02:25:10.340+0000: 801076.346: Application time: 1.4558737 seconds
2019-02-01T02:25:10.343+0000: 801076.349: [GC (Allocation Failure) 2019-02-01T02:25:10.347+0000: 801076.353: [SoftReference, 0 refs, 0.0000433 secs]2019-02-01T02:25:10.347+0000: 801076.353: [WeakReference, 4 refs, 0.0000072 secs]2019-02-01T02:25:10.347+0000: 801076.353: [FinalReference, 357 refs, 0.0001416 secs]2019-02-01T02:25:10.348+0000: 801076.353: [PhantomReference, 0 refs, 0 refs, 0.0000087 secs]2019-02-01T02:25:10.348+0000: 801076.353: [JNI Weak Reference, 0.0000152 secs]
Desired survivor size 6291456 bytes, new threshold 1 (max 15)
[PSYoungGen: 45579K->2407K(47104K)] 716573K->675348K(742400K), 0.0073191 secs] [Times: user=0.08 sys=0.00, real=0.01 secs] 
2019-02-01T02:25:10.351+0000: 801076.356: Total time for which application threads were stopped: 0.0103351 seconds, Stopping threads took: 0.0000351 seconds
2019-02-01T02:25:11.451+0000: 801077.456: Application time: 1.0999971 seconds
2019-02-01T02:25:11.454+0000: 801077.459: [GC (Allocation Failure) 2019-02-01T02:25:11.458+0000: 801077.464: [SoftReference, 0 refs, 0.0000454 secs]2019-02-01T02:25:11.458+0000: 801077.464: [WeakReference, 10 refs, 0.0000124 secs]2019-02-01T02:25:11.458+0000: 801077.464: [FinalReference, 298 refs, 0.0001001 secs]2019-02-01T02:25:11.458+0000: 801077.464: [PhantomReference, 0 refs, 0 refs, 0.0000076 secs]2019-02-01T02:25:11.458+0000: 801077.464: [JNI Weak Reference, 0.0000256 secs]
Desired survivor size 6291456 bytes, new threshold 1 (max 15)
[PSYoungGen: 43879K->3939K(45056K)] 716820K->677628K(740352K), 0.0076548 secs] [Times: user=0.08 sys=0.00, real=0.01 secs] 
2019-02-01T02:25:11.461+0000: 801077.467: Total time for which application threads were stopped: 0.0107498 seconds, Stopping threads took: 0.0000618 seconds
2019-02-01T02:25:12.881+0000: 801078.887: Application time: 1.4199265 seconds
2019-02-01T02:25:12.884+0000: 801078.890: [GC (Allocation Failure) 2019-02-01T02:25:12.888+0000: 801078.894: [SoftReference, 0 refs, 0.0000290 secs]2019-02-01T02:25:12.888+0000: 801078.894: [WeakReference, 6 refs, 0.0000119 secs]2019-02-01T02:25:12.888+0000: 801078.894: [FinalReference, 311 refs, 0.0001043 secs]2019-02-01T02:25:12.888+0000: 801078.894: [PhantomReference, 0 refs, 0 refs, 0.0000077 secs]2019-02-01T02:25:12.888+0000: 801078.894: [JNI Weak Reference, 0.0000249 secs]
Desired survivor size 6291456 bytes, new threshold 1 (max 15)
[PSYoungGen: 44899K->2221K(46080K)] 718588K->676338K(741376K), 0.0068703 secs] [Times: user=0.06 sys=0.01, real=0.01 secs] 
2019-02-01T02:25:12.891+0000: 801078.897: Total time for which application threads were stopped: 0.0097834 seconds, Stopping threads took: 0.0000398 seconds
2019-02-01T02:25:13.881+0000: 801079.886: Application time: 0.9895764 seconds
2019-02-01T02:25:13.884+0000: 801079.890: [GC (Allocation Failure) 2019-02-01T02:25:13.887+0000: 801079.893: [SoftReference, 0 refs, 0.0000247 secs]2019-02-01T02:25:13.887+0000: 801079.893: [WeakReference, 16 refs, 0.0000171 secs]2019-02-01T02:25:13.888+0000: 801079.893: [FinalReference, 334 refs, 0.0001308 secs]2019-02-01T02:25:13.888+0000: 801079.893: [PhantomReference, 0 refs, 0 refs, 0.0000142 secs]2019-02-01T02:25:13.888+0000: 801079.893: [JNI Weak Reference, 0.0000234 secs]
Desired survivor size 6291456 bytes, new threshold 1 (max 15)
[PSYoungGen: 42669K->2052K(42496K)] 716786K->677152K(737792K), 0.0076104 secs] [Times: user=0.07 sys=0.00, real=0.01 secs] 
2019-02-01T02:25:13.892+0000: 801079.897: Total time for which application threads were stopped: 0.0108917 seconds, Stopping threads took: 0.0000514 seconds
2019-02-01T02:25:15.268+0000: 801081.274: Application time: 1.3766560 seconds
2019-02-01T02:25:15.271+0000: 801081.277: [GC (Allocation Failure) 2019-02-01T02:25:15.276+0000: 801081.281: [SoftReference, 0 refs, 0.0000319 secs]2019-02-01T02:25:15.276+0000: 801081.281: [WeakReference, 8 refs, 0.0000156 secs]2019-02-01T02:25:15.276+0000: 801081.281: [FinalReference, 285 refs, 0.0001603 secs]2019-02-01T02:25:15.276+0000: 801081.282: [PhantomReference, 0 refs, 0 refs, 0.0000145 secs]2019-02-01T02:25:15.276+0000: 801081.282: [JNI Weak Reference, 0.0000287 secs]
Desired survivor size 5767168 bytes, new threshold 1 (max 15)
[PSYoungGen: 41988K->3317K(44032K)] 717088K->679094K(739328K), 0.0092098 secs] [Times: user=0.08 sys=0.00, real=0.01 secs] 
2019-02-01T02:25:15.281+0000: 801081.287: Total time for which application threads were stopped: 0.0125726 seconds, Stopping threads took: 0.0000499 seconds
2019-02-01T02:25:17.057+0000: 801083.063: Application time: 1.7760717 seconds
2019-02-01T02:25:17.060+0000: 801083.066: [GC (Allocation Failure) 2019-02-01T02:25:17.068+0000: 801083.074: [SoftReference, 0 refs, 0.0000258 secs]2019-02-01T02:25:17.068+0000: 801083.074: [WeakReference, 16 refs, 0.0000163 secs]2019-02-01T02:25:17.068+0000: 801083.074: [FinalReference, 216 refs, 0.0000862 secs]2019-02-01T02:25:17.068+0000: 801083.074: [PhantomReference, 0 refs, 0 refs, 0.0000079 secs]2019-02-01T02:25:17.068+0000: 801083.074: [JNI Weak Reference, 0.0000146 secs]
Desired survivor size 5767168 bytes, new threshold 1 (max 15)
[PSYoungGen: 42741K->2476K(41472K)] 718518K->679848K(736768K), 0.0109016 secs] [Times: user=0.20 sys=0.00, real=0.01 secs] 
2019-02-01T02:25:17.071+0000: 801083.077: Total time for which application threads were stopped: 0.0141406 seconds, Stopping threads took: 0.0000621 seconds
2019-02-01T02:25:18.550+0000: 801084.556: Application time: 1.4794185 seconds
2019-02-01T02:25:18.554+0000: 801084.560: [GC (Allocation Failure) 2019-02-01T02:25:18.562+0000: 801084.567: [SoftReference, 0 refs, 0.0000324 secs]2019-02-01T02:25:18.562+0000: 801084.567: [WeakReference, 12 refs, 0.0000166 secs]2019-02-01T02:25:18.562+0000: 801084.567: [FinalReference, 296 refs, 0.0001564 secs]2019-02-01T02:25:18.562+0000: 801084.568: [PhantomReference, 0 refs, 0 refs, 0.0000144 secs]2019-02-01T02:25:18.562+0000: 801084.568: [JNI Weak Reference, 0.0000285 secs]
Desired survivor size 5767168 bytes, new threshold 1 (max 15)
[PSYoungGen: 41364K->3514K(43520K)] 718736K->682016K(738816K), 0.0126748 secs] [Times: user=0.20 sys=0.00, real=0.01 secs] 
2019-02-01T02:25:18.567+0000: 801084.572: Total time for which application threads were stopped: 0.0161416 seconds, Stopping threads took: 0.0001400 seconds
2019-02-01T02:25:19.746+0000: 801085.752: Application time: 1.1799075 seconds
2019-02-01T02:25:19.750+0000: 801085.756: [GC (Allocation Failure) 2019-02-01T02:25:19.763+0000: 801085.769: [SoftReference, 0 refs, 0.0000197 secs]2019-02-01T02:25:19.763+0000: 801085.769: [WeakReference, 8 refs, 0.0000093 secs]2019-02-01T02:25:19.763+0000: 801085.769: [FinalReference, 228 refs, 0.0000689 secs]2019-02-01T02:25:19.763+0000: 801085.769: [PhantomReference, 0 refs, 0 refs, 0.0000086 secs]2019-02-01T02:25:19.763+0000: 801085.769: [JNI Weak Reference, 0.0000215 secs]
Desired survivor size 5767168 bytes, new threshold 1 (max 15)
[PSYoungGen: 41914K->3782K(44032K)] 720416K->683222K(739328K), 0.0169733 secs] [Times: user=0.36 sys=0.00, real=0.02 secs] 
2019-02-01T02:25:19.767+0000: 801085.773: Total time for which application threads were stopped: 0.0204448 seconds, Stopping threads took: 0.0000829 seconds
2019-02-01T02:25:22.261+0000: 801088.267: Application time: 2.4942198 seconds
2019-02-01T02:25:22.264+0000: 801088.270: [GC (Allocation Failure) 2019-02-01T02:25:22.268+0000: 801088.274: [SoftReference, 0 refs, 0.0000392 secs]2019-02-01T02:25:22.268+0000: 801088.274: [WeakReference, 7 refs, 0.0000220 secs]2019-02-01T02:25:22.268+0000: 801088.274: [FinalReference, 182 refs, 0.0001648 secs]2019-02-01T02:25:22.269+0000: 801088.274: [PhantomReference, 0 refs, 0 refs, 0.0000225 secs]2019-02-01T02:25:22.269+0000: 801088.274: [JNI Weak Reference, 0.0000295 secs]
Desired survivor size 5767168 bytes, new threshold 1 (max 15)
[PSYoungGen: 42182K->1974K(39936K)] 721622K->682365K(735232K), 0.0079236 secs] [Times: user=0.07 sys=0.00, real=0.01 secs] 
2019-02-01T02:25:22.272+0000: 801088.278: Total time for which application threads were stopped: 0.0111190 seconds, Stopping threads took: 0.0000490 seconds
2019-02-01T02:25:23.993+0000: 801089.998: Application time: 1.7202593 seconds
2019-02-01T02:25:23.996+0000: 801090.002: [GC (Allocation Failure) 2019-02-01T02:25:24.001+0000: 801090.007: [SoftReference, 0 refs, 0.0000317 secs]2019-02-01T02:25:24.001+0000: 801090.007: [WeakReference, 10 refs, 0.0000164 secs]2019-02-01T02:25:24.001+0000: 801090.007: [FinalReference, 251 refs, 0.0001081 secs]2019-02-01T02:25:24.001+0000: 801090.007: [PhantomReference, 0 refs, 0 refs, 0.0000142 secs]2019-02-01T02:25:24.001+0000: 801090.007: [JNI Weak Reference, 0.0000276 secs]
Desired survivor size 5767168 bytes, new threshold 1 (max 15)
[PSYoungGen: 39862K->2823K(40448K)] 720253K->684208K(735744K), 0.0090035 secs] [Times: user=0.09 sys=0.00, real=0.01 secs] 
2019-02-01T02:25:24.005+0000: 801090.011: Total time for which application threads were stopped: 0.0123564 seconds, Stopping threads took: 0.0000514 seconds
2019-02-01T02:25:25.604+0000: 801091.610: Application time: 1.5990236 seconds
2019-02-01T02:25:25.607+0000: 801091.613: [GC (Allocation Failure) 2019-02-01T02:25:25.617+0000: 801091.623: [SoftReference, 0 refs, 0.0000323 secs]2019-02-01T02:25:25.617+0000: 801091.623: [WeakReference, 4 refs, 0.0000152 secs]2019-02-01T02:25:25.617+0000: 801091.623: [FinalReference, 307 refs, 0.0001753 secs]2019-02-01T02:25:25.617+0000: 801091.623: [PhantomReference, 0 refs, 0 refs, 0.0000145 secs]2019-02-01T02:25:25.617+0000: 801091.623: [JNI Weak Reference, 0.0000286 secs]
Desired survivor size 5767168 bytes, new threshold 1 (max 15)
[PSYoungGen: 40199K->1443K(39936K)] 721584K->683266K(735232K), 0.0150811 secs] [Times: user=0.22 sys=0.00, real=0.02 secs] 
2019-02-01T02:25:25.622+0000: 801091.628: Total time for which application threads were stopped: 0.0184420 seconds, Stopping threads took: 0.0000529 seconds
2019-02-01T02:25:27.517+0000: 801093.523: Application time: 1.8945547 seconds
2019-02-01T02:25:27.520+0000: 801093.526: [GC (Allocation Failure) 2019-02-01T02:25:27.528+0000: 801093.534: [SoftReference, 0 refs, 0.0000321 secs]2019-02-01T02:25:27.528+0000: 801093.534: [WeakReference, 5 refs, 0.0000151 secs]2019-02-01T02:25:27.528+0000: 801093.534: [FinalReference, 297 refs, 0.0001570 secs]2019-02-01T02:25:27.528+0000: 801093.534: [PhantomReference, 0 refs, 0 refs, 0.0000146 secs]2019-02-01T02:25:27.528+0000: 801093.534: [JNI Weak Reference, 0.0000290 secs]
Desired survivor size 5242880 bytes, new threshold 1 (max 15)
[PSYoungGen: 38307K->2017K(38400K)] 720130K->684784K(733696K), 0.0120846 secs] [Times: user=0.19 sys=0.00, real=0.02 secs] 
2019-02-01T02:25:27.532+0000: 801093.538: Total time for which application threads were stopped: 0.0154914 seconds, Stopping threads took: 0.0000686 seconds
2019-02-01T02:25:29.206+0000: 801095.212: Application time: 1.6733400 seconds
2019-02-01T02:25:29.209+0000: 801095.215: [GC (Allocation Failure) 2019-02-01T02:25:29.214+0000: 801095.219: [SoftReference, 0 refs, 0.0000329 secs]2019-02-01T02:25:29.214+0000: 801095.219: [WeakReference, 6 refs, 0.0000147 secs]2019-02-01T02:25:29.214+0000: 801095.219: [FinalReference, 354 refs, 0.0001843 secs]2019-02-01T02:25:29.214+0000: 801095.220: [PhantomReference, 0 refs, 0 refs, 0.0000144 secs]2019-02-01T02:25:29.214+0000: 801095.220: [JNI Weak Reference, 0.0000288 secs]
Desired survivor size 5242880 bytes, new threshold 1 (max 15)
[PSYoungGen: 38369K->3133K(40448K)] 721136K->686712K(735744K), 0.0095366 secs] [Times: user=0.09 sys=0.00, real=0.01 secs] 
2019-02-01T02:25:29.219+0000: 801095.225: Total time for which application threads were stopped: 0.0130195 seconds, Stopping threads took: 0.0000674 seconds
2019-02-01T02:25:30.769+0000: 801096.775: Application time: 1.5501627 seconds
2019-02-01T02:25:30.772+0000: 801096.777: [GC (Allocation Failure) 2019-02-01T02:25:30.778+0000: 801096.784: [SoftReference, 0 refs, 0.0000217 secs]2019-02-01T02:25:30.778+0000: 801096.784: [WeakReference, 6 refs, 0.0000142 secs]2019-02-01T02:25:30.778+0000: 801096.784: [FinalReference, 230 refs, 0.0001065 secs]2019-02-01T02:25:30.779+0000: 801096.784: [PhantomReference, 0 refs, 0 refs, 0.0000140 secs]2019-02-01T02:25:30.779+0000: 801096.784: [JNI Weak Reference, 0.0000228 secs]
Desired survivor size 5242880 bytes, new threshold 1 (max 15)
[PSYoungGen: 38973K->2050K(37888K)] 722552K->687096K(733184K), 0.0106851 secs] [Times: user=0.15 sys=0.00, real=0.02 secs] 
2019-02-01T02:25:30.782+0000: 801096.788: Total time for which application threads were stopped: 0.0135261 seconds, Stopping threads took: 0.0000431 seconds
2019-02-01T02:25:32.051+0000: 801098.057: Application time: 1.2686551 seconds
2019-02-01T02:25:32.055+0000: 801098.060: [GC (Allocation Failure) 2019-02-01T02:25:32.059+0000: 801098.065: [SoftReference, 0 refs, 0.0000321 secs]2019-02-01T02:25:32.059+0000: 801098.065: [WeakReference, 27 refs, 0.0000196 secs]2019-02-01T02:25:32.059+0000: 801098.065: [FinalReference, 247 refs, 0.0001206 secs]2019-02-01T02:25:32.060+0000: 801098.065: [PhantomReference, 0 refs, 0 refs, 0.0000144 secs]2019-02-01T02:25:32.060+0000: 801098.065: [JNI Weak Reference, 0.0000226 secs]
Desired survivor size 5242880 bytes, new threshold 1 (max 15)
[PSYoungGen: 37378K->3013K(39424K)] 722424K->688705K(734720K), 0.0088352 secs] [Times: user=0.09 sys=0.01, real=0.01 secs] 
2019-02-01T02:25:32.063+0000: 801098.069: Total time for which application threads were stopped: 0.0123436 seconds, Stopping threads took: 0.0000807 seconds
2019-02-01T02:25:33.289+0000: 801099.295: Application time: 1.2254997 seconds
2019-02-01T02:25:33.292+0000: 801099.298: [GC (Allocation Failure) 2019-02-01T02:25:33.296+0000: 801099.302: [SoftReference, 0 refs, 0.0000341 secs]2019-02-01T02:25:33.296+0000: 801099.302: [WeakReference, 9 refs, 0.0000167 secs]2019-02-01T02:25:33.296+0000: 801099.302: [FinalReference, 261 refs, 0.0001188 secs]2019-02-01T02:25:33.296+0000: 801099.302: [PhantomReference, 0 refs, 0 refs, 0.0000145 secs]2019-02-01T02:25:33.296+0000: 801099.302: [JNI Weak Reference, 0.0000229 secs]
Desired survivor size 5242880 bytes, new threshold 1 (max 15)
[PSYoungGen: 37829K->1997K(36352K)] 723521K->688827K(731648K), 0.0065780 secs] [Times: user=0.08 sys=0.01, real=0.01 secs] 
2019-02-01T02:25:33.299+0000: 801099.304: Total time for which application threads were stopped: 0.0097350 seconds, Stopping threads took: 0.0000479 seconds
2019-02-01T02:25:34.792+0000: 801100.797: Application time: 1.4928362 seconds
2019-02-01T02:25:34.795+0000: 801100.801: [GC (Allocation Failure) 2019-02-01T02:25:34.800+0000: 801100.806: [SoftReference, 0 refs, 0.0000322 secs]2019-02-01T02:25:34.800+0000: 801100.806: [WeakReference, 11 refs, 0.0000159 secs]2019-02-01T02:25:34.800+0000: 801100.806: [FinalReference, 265 refs, 0.0001359 secs]2019-02-01T02:25:34.800+0000: 801100.806: [PhantomReference, 0 refs, 0 refs, 0.0000141 secs]2019-02-01T02:25:34.800+0000: 801100.806: [JNI Weak Reference, 0.0000285 secs]
Desired survivor size 4718592 bytes, new threshold 1 (max 15)
[PSYoungGen: 36301K->2694K(37376K)] 723131K->690135K(732672K), 0.0093108 secs] [Times: user=0.08 sys=0.01, real=0.01 secs] 
2019-02-01T02:25:34.804+0000: 801100.810: Total time for which application threads were stopped: 0.0126743 seconds, Stopping threads took: 0.0000490 seconds
2019-02-01T02:25:36.065+0000: 801102.070: Application time: 1.2605056 seconds
2019-02-01T02:25:36.068+0000: 801102.074: [GC (Allocation Failure) 2019-02-01T02:25:36.073+0000: 801102.079: [SoftReference, 0 refs, 0.0000325 secs]2019-02-01T02:25:36.073+0000: 801102.079: [WeakReference, 9 refs, 0.0000152 secs]2019-02-01T02:25:36.073+0000: 801102.079: [FinalReference, 224 refs, 0.0001228 secs]2019-02-01T02:25:36.073+0000: 801102.079: [PhantomReference, 0 refs, 0 refs, 0.0000148 secs]2019-02-01T02:25:36.073+0000: 801102.079: [JNI Weak Reference, 0.0000230 secs]
Desired survivor size 4718592 bytes, new threshold 1 (max 15)
[PSYoungGen: 36486K->1600K(35328K)] 723927K->690235K(730624K), 0.0092893 secs] [Times: user=0.15 sys=0.00, real=0.01 secs] 
2019-02-01T02:25:36.077+0000: 801102.083: Total time for which application threads were stopped: 0.0125208 seconds, Stopping threads took: 0.0000605 seconds
2019-02-01T02:25:37.750+0000: 801103.756: Application time: 1.6730796 seconds
2019-02-01T02:25:37.754+0000: 801103.759: [GC (Allocation Failure) 2019-02-01T02:25:37.762+0000: 801103.768: [SoftReference, 0 refs, 0.0000318 secs]2019-02-01T02:25:37.762+0000: 801103.768: [WeakReference, 16 refs, 0.0000174 secs]2019-02-01T02:25:37.762+0000: 801103.768: [FinalReference, 239 refs, 0.0001207 secs]2019-02-01T02:25:37.762+0000: 801103.768: [PhantomReference, 0 refs, 0 refs, 0.0000144 secs]2019-02-01T02:25:37.762+0000: 801103.768: [JNI Weak Reference, 0.0000228 secs]
Desired survivor size 4718592 bytes, new threshold 1 (max 15)
[PSYoungGen: 34880K->2153K(36864K)] 723515K->691426K(732160K), 0.0122375 secs] [Times: user=0.22 sys=0.01, real=0.01 secs] 
2019-02-01T02:25:37.766+0000: 801103.772: Total time for which application threads were stopped: 0.0155836 seconds, Stopping threads took: 0.0000764 seconds
2019-02-01T02:25:39.328+0000: 801105.334: Application time: 1.5624109 seconds
2019-02-01T02:25:39.332+0000: 801105.337: [GC (Allocation Failure) 2019-02-01T02:25:39.337+0000: 801105.343: [SoftReference, 0 refs, 0.0000191 secs]2019-02-01T02:25:39.337+0000: 801105.343: [WeakReference, 9 refs, 0.0000095 secs]2019-02-01T02:25:39.337+0000: 801105.343: [FinalReference, 240 refs, 0.0001113 secs]2019-02-01T02:25:39.337+0000: 801105.343: [PhantomReference, 0 refs, 0 refs, 0.0000079 secs]2019-02-01T02:25:39.337+0000: 801105.343: [JNI Weak Reference, 0.0000213 secs]
Desired survivor size 4718592 bytes, new threshold 1 (max 15)
[PSYoungGen: 34921K->2315K(34816K)] 724194K->692326K(730112K), 0.0092690 secs] [Times: user=0.10 sys=0.00, real=0.01 secs] 
2019-02-01T02:25:39.341+0000: 801105.347: Total time for which application threads were stopped: 0.0125685 seconds, Stopping threads took: 0.0000649 seconds
2019-02-01T02:25:40.622+0000: 801106.628: Application time: 1.2814875 seconds
2019-02-01T02:25:40.626+0000: 801106.631: [GC (Allocation Failure) 2019-02-01T02:25:40.630+0000: 801106.636: [SoftReference, 0 refs, 0.0000321 secs]2019-02-01T02:25:40.630+0000: 801106.636: [WeakReference, 7 refs, 0.0000248 secs]2019-02-01T02:25:40.630+0000: 801106.636: [FinalReference, 277 refs, 0.0001271 secs]2019-02-01T02:25:40.630+0000: 801106.636: [PhantomReference, 0 refs, 0 refs, 0.0000159 secs]2019-02-01T02:25:40.630+0000: 801106.636: [JNI Weak Reference, 0.0000280 secs]
Desired survivor size 4718592 bytes, new threshold 1 (max 15)
[PSYoungGen: 34571K->3253K(35840K)] 724582K->693693K(731136K), 0.0084942 secs] [Times: user=0.07 sys=0.00, real=0.01 secs] 
2019-02-01T02:25:40.634+0000: 801106.640: Total time for which application threads were stopped: 0.0117997 seconds, Stopping threads took: 0.0000506 seconds
2019-02-01T02:25:41.285+0000: 801107.291: Application time: 0.6505440 seconds
2019-02-01T02:25:41.288+0000: 801107.294: Total time for which application threads were stopped: 0.0030486 seconds, Stopping threads took: 0.0000545 seconds
2019-02-01T02:25:42.216+0000: 801108.222: Application time: 0.9284846 seconds
2019-02-01T02:25:42.220+0000: 801108.225: [GC (Allocation Failure) 2019-02-01T02:25:42.227+0000: 801108.233: [SoftReference, 0 refs, 0.0000377 secs]2019-02-01T02:25:42.227+0000: 801108.233: [WeakReference, 14 refs, 0.0000256 secs]2019-02-01T02:25:42.227+0000: 801108.233: [FinalReference, 204 refs, 0.0001186 secs]2019-02-01T02:25:42.227+0000: 801108.233: [PhantomReference, 0 refs, 0 refs, 0.0000142 secs]2019-02-01T02:25:42.227+0000: 801108.233: [JNI Weak Reference, 0.0000279 secs]
Desired survivor size 4718592 bytes, new threshold 1 (max 15)
[PSYoungGen: 34997K->2033K(33280K)] 725437K->693588K(728576K), 0.0116750 secs] [Times: user=0.17 sys=0.00, real=0.01 secs] 
2019-02-01T02:25:42.231+0000: 801108.237: Total time for which application threads were stopped: 0.0149442 seconds, Stopping threads took: 0.0000537 seconds
2019-02-01T02:25:43.347+0000: 801109.352: Application time: 1.1153554 seconds
2019-02-01T02:25:43.350+0000: 801109.356: [GC (Allocation Failure) 2019-02-01T02:25:43.358+0000: 801109.363: [SoftReference, 0 refs, 0.0000317 secs]2019-02-01T02:25:43.358+0000: 801109.363: [WeakReference, 5 refs, 0.0000143 secs]2019-02-01T02:25:43.358+0000: 801109.363: [FinalReference, 281 refs, 0.0001547 secs]2019-02-01T02:25:43.358+0000: 801109.364: [PhantomReference, 0 refs, 0 refs, 0.0000149 secs]2019-02-01T02:25:43.358+0000: 801109.364: [JNI Weak Reference, 0.0000297 secs]
Desired survivor size 4718592 bytes, new threshold 1 (max 15)
[PSYoungGen: 33265K->1738K(34816K)] 724820K->694113K(730112K), 0.0122637 secs] [Times: user=0.16 sys=0.01, real=0.01 secs] 
2019-02-01T02:25:43.362+0000: 801109.368: Total time for which application threads were stopped: 0.0156401 seconds, Stopping threads took: 0.0000456 seconds
2019-02-01T02:25:44.428+0000: 801110.434: Application time: 1.0657841 seconds
2019-02-01T02:25:44.431+0000: 801110.437: [GC (Allocation Failure) 2019-02-01T02:25:44.437+0000: 801110.443: [SoftReference, 0 refs, 0.0000318 secs]2019-02-01T02:25:44.437+0000: 801110.443: [WeakReference, 25 refs, 0.0000197 secs]2019-02-01T02:25:44.437+0000: 801110.443: [FinalReference, 241 refs, 0.0001220 secs]2019-02-01T02:25:44.437+0000: 801110.443: [PhantomReference, 0 refs, 0 refs, 0.0000143 secs]2019-02-01T02:25:44.437+0000: 801110.443: [JNI Weak Reference, 0.0000278 secs]
Desired survivor size 4718592 bytes, new threshold 1 (max 15)
[PSYoungGen: 32458K->3706K(35328K)] 724833K->696808K(730624K), 0.0097796 secs] [Times: user=0.13 sys=0.00, real=0.01 secs] 
2019-02-01T02:25:44.441+0000: 801110.447: Total time for which application threads were stopped: 0.0130219 seconds, Stopping threads took: 0.0000533 seconds
2019-02-01T02:25:45.692+0000: 801111.698: Application time: 1.2507971 seconds
2019-02-01T02:25:45.695+0000: 801111.701: [GC (Allocation Failure) 2019-02-01T02:25:45.699+0000: 801111.705: [SoftReference, 0 refs, 0.0000318 secs]2019-02-01T02:25:45.699+0000: 801111.705: [WeakReference, 16 refs, 0.0000266 secs]2019-02-01T02:25:45.699+0000: 801111.705: [FinalReference, 271 refs, 0.0001322 secs]2019-02-01T02:25:45.700+0000: 801111.705: [PhantomReference, 0 refs, 0 refs, 0.0000141 secs]2019-02-01T02:25:45.700+0000: 801111.705: [JNI Weak Reference, 0.0000279 secs]
Desired survivor size 4718592 bytes, new threshold 1 (max 15)
[PSYoungGen: 34426K->3191K(33792K)] 727528K->697273K(729088K), 0.0090323 secs] [Times: user=0.07 sys=0.01, real=0.00 secs] 
2019-02-01T02:25:45.704+0000: 801111.710: [Full GC (Ergonomics) 2019-02-01T02:25:45.751+0000: 801111.757: [SoftReference, 134 refs, 0.0001110 secs]2019-02-01T02:25:45.751+0000: 801111.757: [WeakReference, 2077 refs, 0.0004046 secs]2019-02-01T02:25:45.752+0000: 801111.757: [FinalReference, 1270 refs, 0.0013257 secs]2019-02-01T02:25:45.753+0000: 801111.759: [PhantomReference, 0 refs, 145 refs, 0.0000485 secs]2019-02-01T02:25:45.753+0000: 801111.759: [JNI Weak Reference, 0.0000332 secs][PSYoungGen: 3191K->0K(33792K)] [ParOldGen: 694082K->638135K(691200K)] 697273K->638135K(724992K), [Metaspace: 75231K->75231K(1118208K)], 0.1660382 secs] [Times: user=2.47 sys=0.00, real=0.17 secs] 
2019-02-01T02:25:45.870+0000: 801111.876: Total time for which application threads were stopped: 0.1785994 seconds, Stopping threads took: 0.0000532 seconds
2019-02-01T02:25:47.230+0000: 801113.236: Application time: 1.3596268 seconds
2019-02-01T02:25:47.233+0000: 801113.239: [GC (Allocation Failure) 2019-02-01T02:25:47.242+0000: 801113.248: [SoftReference, 0 refs, 0.0000391 secs]2019-02-01T02:25:47.242+0000: 801113.248: [WeakReference, 18 refs, 0.0000180 secs]2019-02-01T02:25:47.242+0000: 801113.248: [FinalReference, 193 refs, 0.0001083 secs]2019-02-01T02:25:47.242+0000: 801113.248: [PhantomReference, 0 refs, 0 refs, 0.0000145 secs]2019-02-01T02:25:47.242+0000: 801113.248: [JNI Weak Reference, 0.0000281 secs]
Desired survivor size 4718592 bytes, new threshold 1 (max 15)
[PSYoungGen: 30208K->2674K(32768K)] 668343K->640810K(723968K), 0.0137448 secs] [Times: user=0.21 sys=0.00, real=0.02 secs] 
2019-02-01T02:25:47.247+0000: 801113.253: Total time for which application threads were stopped: 0.0170153 seconds, Stopping threads took: 0.0000516 seconds
2019-02-01T02:25:47.999+0000: 801114.004: Application time: 0.7514242 seconds
2019-02-01T02:25:48.002+0000: 801114.007: [GC (Allocation Failure) 2019-02-01T02:25:48.006+0000: 801114.011: [SoftReference, 0 refs, 0.0000194 secs]2019-02-01T02:25:48.006+0000: 801114.011: [WeakReference, 5 refs, 0.0000087 secs]2019-02-01T02:25:48.006+0000: 801114.011: [FinalReference, 292 refs, 0.0001085 secs]2019-02-01T02:25:48.006+0000: 801114.012: [PhantomReference, 0 refs, 0 refs, 0.0000082 secs]2019-02-01T02:25:48.006+0000: 801114.012: [JNI Weak Reference, 0.0000198 secs]
Desired survivor size 4718592 bytes, new threshold 1 (max 15)
[PSYoungGen: 32370K->2811K(36352K)] 670506K->642241K(727552K), 0.0077111 secs] [Times: user=0.09 sys=0.00, real=0.01 secs] 
2019-02-01T02:25:48.009+0000: 801114.015: Total time for which application threads were stopped: 0.0107642 seconds, Stopping threads took: 0.0000646 seconds
2019-02-01T02:25:49.936+0000: 801115.942: Application time: 1.9270310 seconds
2019-02-01T02:25:49.940+0000: 801115.945: [GC (Allocation Failure) 2019-02-01T02:25:49.948+0000: 801115.954: [SoftReference, 0 refs, 0.0000385 secs]2019-02-01T02:25:49.948+0000: 801115.954: [WeakReference, 6 refs, 0.0000147 secs]2019-02-01T02:25:49.948+0000: 801115.954: [FinalReference, 292 refs, 0.0001630 secs]2019-02-01T02:25:49.949+0000: 801115.954: [PhantomReference, 0 refs, 0 refs, 0.0000225 secs]2019-02-01T02:25:49.949+0000: 801115.954: [JNI Weak Reference, 0.0000313 secs]
Desired survivor size 4718592 bytes, new threshold 1 (max 15)
[PSYoungGen: 36091K->1928K(37888K)] 675521K->642303K(729088K), 0.0128583 secs] [Times: user=0.22 sys=0.00, real=0.01 secs] 
2019-02-01T02:25:49.953+0000: 801115.958: Total time for which application threads were stopped: 0.0161894 seconds, Stopping threads took: 0.0000732 seconds
2019-02-01T02:25:51.717+0000: 801117.723: Application time: 1.7642278 seconds
2019-02-01T02:25:51.720+0000: 801117.726: Total time for which application threads were stopped: 0.0032815 seconds, Stopping threads took: 0.0000674 seconds
2019-02-01T02:25:51.720+0000: 801117.726: Application time: 0.0001110 seconds
2019-02-01T02:25:51.722+0000: 801117.728: [GC (GCLocker Initiated GC) 2019-02-01T02:25:51.730+0000: 801117.736: [SoftReference, 0 refs, 0.0000200 secs]2019-02-01T02:25:51.730+0000: 801117.736: [WeakReference, 11 refs, 0.0000098 secs]2019-02-01T02:25:51.730+0000: 801117.736: [FinalReference, 189 refs, 0.0000861 secs]2019-02-01T02:25:51.730+0000: 801117.736: [PhantomReference, 0 refs, 0 refs, 0.0000081 secs]2019-02-01T02:25:51.730+0000: 801117.736: [JNI Weak Reference, 0.0000158 secs]
Desired survivor size 4718592 bytes, new threshold 1 (max 15)
[PSYoungGen: 35208K->2728K(35840K)] 675591K->643830K(727040K), 0.0117225 secs] [Times: user=0.18 sys=0.01, real=0.01 secs] 
2019-02-01T02:25:51.734+0000: 801117.739: Total time for which application threads were stopped: 0.0135422 seconds, Stopping threads took: 0.0000496 seconds
2019-02-01T02:25:53.301+0000: 801119.307: Application time: 1.5671761 seconds
2019-02-01T02:25:53.304+0000: 801119.310: [GC (Allocation Failure) 2019-02-01T02:25:53.307+0000: 801119.313: [SoftReference, 0 refs, 0.0000320 secs]2019-02-01T02:25:53.307+0000: 801119.313: [WeakReference, 6 refs, 0.0000151 secs]2019-02-01T02:25:53.307+0000: 801119.313: [FinalReference, 298 refs, 0.0001585 secs]2019-02-01T02:25:53.307+0000: 801119.313: [PhantomReference, 0 refs, 0 refs, 0.0000143 secs]2019-02-01T02:25:53.307+0000: 801119.313: [JNI Weak Reference, 0.0000287 secs]
Desired survivor size 4194304 bytes, new threshold 1 (max 15)
[PSYoungGen: 35496K->1890K(34304K)] 676601K->643536K(725504K), 0.0083228 secs] [Times: user=0.07 sys=0.00, real=0.01 secs] 
2019-02-01T02:25:53.312+0000: 801119.318: Total time for which application threads were stopped: 0.0114405 seconds, Stopping threads took: 0.0000520 seconds
2019-02-01T02:25:54.660+0000: 801120.666: Application time: 1.3476618 seconds
2019-02-01T02:25:54.663+0000: 801120.669: [GC (Allocation Failure) 2019-02-01T02:25:54.667+0000: 801120.673: [SoftReference, 0 refs, 0.0000310 secs]2019-02-01T02:25:54.667+0000: 801120.673: [WeakReference, 18 refs, 0.0000176 secs]2019-02-01T02:25:54.667+0000: 801120.673: [FinalReference, 211 refs, 0.0001192 secs]2019-02-01T02:25:54.667+0000: 801120.673: [PhantomReference, 0 refs, 0 refs, 0.0000142 secs]2019-02-01T02:25:54.667+0000: 801120.673: [JNI Weak Reference, 0.0000228 secs]
Desired survivor size 4194304 bytes, new threshold 1 (max 15)
[PSYoungGen: 34146K->1576K(33792K)] 675792K->644203K(724992K), 0.0078576 secs] [Times: user=0.07 sys=0.01, real=0.01 secs] 
2019-02-01T02:25:54.671+0000: 801120.677: Total time for which application threads were stopped: 0.0110192 seconds, Stopping threads took: 0.0000526 seconds
2019-02-01T02:25:56.233+0000: 801122.239: Application time: 1.5622305 seconds
2019-02-01T02:25:56.237+0000: 801122.243: [GC (Allocation Failure) 2019-02-01T02:25:56.243+0000: 801122.249: [SoftReference, 0 refs, 0.0000440 secs]2019-02-01T02:25:56.243+0000: 801122.249: [WeakReference, 8 refs, 0.0000171 secs]2019-02-01T02:25:56.243+0000: 801122.249: [FinalReference, 220 refs, 0.0001355 secs]2019-02-01T02:25:56.244+0000: 801122.249: [PhantomReference, 0 refs, 0 refs, 0.0000147 secs]2019-02-01T02:25:56.244+0000: 801122.249: [JNI Weak Reference, 0.0000321 secs]
Desired survivor size 4194304 bytes, new threshold 1 (max 15)
[PSYoungGen: 33320K->2584K(34304K)] 675947K->645809K(725504K), 0.0108412 secs] [Times: user=0.13 sys=0.00, real=0.01 secs] 
2019-02-01T02:25:56.248+0000: 801122.254: Total time for which application threads were stopped: 0.0151156 seconds, Stopping threads took: 0.0000723 seconds
2019-02-01T02:25:56.891+0000: 801122.897: Application time: 0.6424010 seconds
2019-02-01T02:25:56.895+0000: 801122.901: [GC (Allocation Failure) 2019-02-01T02:25:56.900+0000: 801122.906: [SoftReference, 0 refs, 0.0000211 secs]2019-02-01T02:25:56.900+0000: 801122.906: [WeakReference, 13 refs, 0.0000163 secs]2019-02-01T02:25:56.900+0000: 801122.906: [FinalReference, 287 refs, 0.0001487 secs]2019-02-01T02:25:56.900+0000: 801122.906: [PhantomReference, 0 refs, 0 refs, 0.0000144 secs]2019-02-01T02:25:56.900+0000: 801122.906: [JNI Weak Reference, 0.0000242 secs]
Desired survivor size 5242880 bytes, new threshold 1 (max 15)
[PSYoungGen: 33783K->3567K(35328K)] 677007K->648033K(726528K), 0.0093977 secs] [Times: user=0.11 sys=0.00, real=0.01 secs] 
2019-02-01T02:25:56.904+0000: 801122.910: Total time for which application threads were stopped: 0.0134554 seconds, Stopping threads took: 0.0000792 seconds
2019-02-01T02:25:58.034+0000: 801124.040: Application time: 1.1300450 seconds
2019-02-01T02:25:58.037+0000: 801124.043: [GC (Allocation Failure) 2019-02-01T02:25:58.049+0000: 801124.054: [SoftReference, 0 refs, 0.0000323 secs]2019-02-01T02:25:58.049+0000: 801124.054: [WeakReference, 10 refs, 0.0000380 secs]2019-02-01T02:25:58.049+0000: 801124.055: [FinalReference, 290 refs, 0.0001528 secs]2019-02-01T02:25:58.049+0000: 801124.055: [PhantomReference, 0 refs, 0 refs, 0.0000150 secs]2019-02-01T02:25:58.049+0000: 801124.055: [JNI Weak Reference, 0.0000284 secs]
Desired survivor size 4718592 bytes, new threshold 1 (max 15)
[PSYoungGen: 35266K->2632K(36864K)] 679732K->649000K(728064K), 0.0152706 secs] [Times: user=0.28 sys=0.01, real=0.01 secs] 
2019-02-01T02:25:58.053+0000: 801124.058: Total time for which application threads were stopped: 0.0183500 seconds, Stopping threads took: 0.0000556 seconds
2019-02-01T02:25:59.393+0000: 801125.399: Application time: 1.3404097 seconds
2019-02-01T02:25:59.396+0000: 801125.402: Total time for which application threads were stopped: 0.0030591 seconds, Stopping threads took: 0.0000510 seconds
2019-02-01T02:25:59.396+0000: 801125.402: Application time: 0.0000979 seconds
2019-02-01T02:25:59.398+0000: 801125.404: Total time for which application threads were stopped: 0.0019588 seconds, Stopping threads took: 0.0000895 seconds
2019-02-01T02:25:59.507+0000: 801125.513: Application time: 0.1090722 seconds
2019-02-01T02:25:59.509+0000: 801125.515: [GC (Allocation Failure) 2019-02-01T02:25:59.516+0000: 801125.522: [SoftReference, 0 refs, 0.0000324 secs]2019-02-01T02:25:59.516+0000: 801125.522: [WeakReference, 11 refs, 0.0000169 secs]2019-02-01T02:25:59.516+0000: 801125.522: [FinalReference, 271 refs, 0.0001779 secs]2019-02-01T02:25:59.517+0000: 801125.522: [PhantomReference, 0 refs, 0 refs, 0.0000143 secs]2019-02-01T02:25:59.517+0000: 801125.522: [JNI Weak Reference, 0.0000291 secs]
Desired survivor size 4718592 bytes, new threshold 1 (max 15)
[PSYoungGen: 34376K->2248K(41984K)] 680744K->649396K(733184K), 0.0113583 secs] [Times: user=0.17 sys=0.00, real=0.01 secs] 
2019-02-01T02:25:59.521+0000: 801125.527: Total time for which application threads were stopped: 0.0135377 seconds, Stopping threads took: 0.0000432 seconds
2019-02-01T02:26:01.002+0000: 801127.008: Application time: 1.4812651 seconds
2019-02-01T02:26:01.005+0000: 801127.011: Total time for which application threads were stopped: 0.0031437 seconds, Stopping threads took: 0.0000532 seconds
2019-02-01T02:26:01.116+0000: 801127.122: Application time: 0.1108482 seconds
2019-02-01T02:26:01.119+0000: 801127.125: Total time for which application threads were stopped: 0.0030168 seconds, Stopping threads took: 0.0000614 seconds
2019-02-01T02:26:01.119+0000: 801127.125: Application time: 0.0000952 seconds
2019-02-01T02:26:01.121+0000: 801127.127: [GC (GCLocker Initiated GC) 2019-02-01T02:26:01.129+0000: 801127.134: [SoftReference, 0 refs, 0.0000194 secs]2019-02-01T02:26:01.129+0000: 801127.134: [WeakReference, 14 refs, 0.0000104 secs]2019-02-01T02:26:01.129+0000: 801127.134: [FinalReference, 295 refs, 0.0000856 secs]2019-02-01T02:26:01.129+0000: 801127.135: [PhantomReference, 0 refs, 0 refs, 0.0000081 secs]2019-02-01T02:26:01.129+0000: 801127.135: [JNI Weak Reference, 0.0000141 secs]
Desired survivor size 4718592 bytes, new threshold 1 (max 15)
[PSYoungGen: 39624K->3041K(41984K)] 686775K->650789K(733184K), 0.0102323 secs] [Times: user=0.18 sys=0.00, real=0.01 secs] 
2019-02-01T02:26:01.131+0000: 801127.137: Total time for which application threads were stopped: 0.0121648 seconds, Stopping threads took: 0.0000281 seconds
2019-02-01T02:26:01.906+0000: 801127.912: Application time: 0.7746407 seconds
2019-02-01T02:26:01.909+0000: 801127.915: Total time for which application threads were stopped: 0.0028961 seconds, Stopping threads took: 0.0000446 seconds
2019-02-01T02:26:02.657+0000: 801128.663: Application time: 0.7480649 seconds
2019-02-01T02:26:02.660+0000: 801128.666: Total time for which application threads were stopped: 0.0029696 seconds, Stopping threads took: 0.0000558 seconds
2019-02-01T02:26:02.660+0000: 801128.666: Application time: 0.0001825 seconds
2019-02-01T02:26:02.662+0000: 801128.668: [GC (GCLocker Initiated GC) 2019-02-01T02:26:02.666+0000: 801128.672: [SoftReference, 0 refs, 0.0000325 secs]2019-02-01T02:26:02.666+0000: 801128.672: [WeakReference, 12 refs, 0.0000169 secs]2019-02-01T02:26:02.666+0000: 801128.672: [FinalReference, 327 refs, 0.0001704 secs]2019-02-01T02:26:02.667+0000: 801128.672: [PhantomReference, 0 refs, 0 refs, 0.0000143 secs]2019-02-01T02:26:02.667+0000: 801128.672: [JNI Weak Reference, 0.0000283 secs]
Desired survivor size 5767168 bytes, new threshold 1 (max 15)
[PSYoungGen: 40417K->4592K(41472K)] 688175K->653491K(732672K), 0.0088391 secs] [Times: user=0.07 sys=0.01, real=0.01 secs] 
2019-02-01T02:26:02.671+0000: 801128.677: Total time for which application threads were stopped: 0.0108079 seconds, Stopping threads took: 0.0000887 seconds
2019-02-01T02:26:02.905+0000: 801128.911: Application time: 0.2341267 seconds
2019-02-01T02:26:02.909+0000: 801128.915: Total time for which application threads were stopped: 0.0041904 seconds, Stopping threads took: 0.0000438 seconds
2019-02-01T02:26:02.909+0000: 801128.915: Application time: 0.0000944 seconds
2019-02-01T02:26:02.911+0000: 801128.917: Total time for which application threads were stopped: 0.0020566 seconds, Stopping threads took: 0.0001187 seconds
2019-02-01T02:26:03.372+0000: 801129.378: Application time: 0.4606452 seconds
2019-02-01T02:26:03.375+0000: 801129.381: Total time for which application threads were stopped: 0.0029601 seconds, Stopping threads took: 0.0000599 seconds
2019-02-01T02:26:03.812+0000: 801129.818: Application time: 0.4371739 seconds
2019-02-01T02:26:03.815+0000: 801129.821: [GC (Allocation Failure) 2019-02-01T02:26:03.819+0000: 801129.825: [SoftReference, 0 refs, 0.0000223 secs]2019-02-01T02:26:03.819+0000: 801129.825: [WeakReference, 21 refs, 0.0000172 secs]2019-02-01T02:26:03.819+0000: 801129.825: [FinalReference, 286 refs, 0.0001557 secs]2019-02-01T02:26:03.819+0000: 801129.825: [PhantomReference, 0 refs, 0 refs, 0.0000142 secs]2019-02-01T02:26:03.819+0000: 801129.825: [JNI Weak Reference, 0.0000228 secs]
Desired survivor size 5767168 bytes, new threshold 1 (max 15)
[PSYoungGen: 41456K->3273K(39936K)] 690358K->653288K(731136K), 0.0080744 secs] [Times: user=0.08 sys=0.01, real=0.01 secs] 
2019-02-01T02:26:03.823+0000: 801129.829: Total time for which application threads were stopped: 0.0111705 seconds, Stopping threads took: 0.0000487 seconds
2019-02-01T02:26:04.704+0000: 801130.710: Application time: 0.8804349 seconds
2019-02-01T02:26:04.707+0000: 801130.713: [GC (Allocation Failure) 2019-02-01T02:26:04.711+0000: 801130.717: [SoftReference, 0 refs, 0.0000321 secs]2019-02-01T02:26:04.711+0000: 801130.717: [WeakReference, 26 refs, 0.0000195 secs]2019-02-01T02:26:04.711+0000: 801130.717: [FinalReference, 346 refs, 0.0001358 secs]2019-02-01T02:26:04.711+0000: 801130.717: [PhantomReference, 0 refs, 0 refs, 0.0000146 secs]2019-02-01T02:26:04.712+0000: 801130.717: [JNI Weak Reference, 0.0000279 secs]
Desired survivor size 6291456 bytes, new threshold 1 (max 15)
[PSYoungGen: 39625K->3560K(39424K)] 689640K->655261K(730624K), 0.0084949 secs] [Times: user=0.08 sys=0.01, real=0.01 secs] 
2019-02-01T02:26:04.715+0000: 801130.721: Total time for which application threads were stopped: 0.0116071 seconds, Stopping threads took: 0.0000504 seconds
2019-02-01T02:26:05.538+0000: 801131.544: Application time: 0.8228120 seconds
2019-02-01T02:26:05.541+0000: 801131.547: [GC (Allocation Failure) 2019-02-01T02:26:05.545+0000: 801131.551: [SoftReference, 0 refs, 0.0000194 secs]2019-02-01T02:26:05.545+0000: 801131.551: [WeakReference, 28 refs, 0.0000127 secs]2019-02-01T02:26:05.545+0000: 801131.551: [FinalReference, 324 refs, 0.0001251 secs]2019-02-01T02:26:05.545+0000: 801131.551: [PhantomReference, 0 refs, 0 refs, 0.0000083 secs]2019-02-01T02:26:05.545+0000: 801131.551: [JNI Weak Reference, 0.0000208 secs]
Desired survivor size 6815744 bytes, new threshold 1 (max 15)
[PSYoungGen: 39400K->5421K(43008K)] 691101K->659129K(734208K), 0.0073497 secs] [Times: user=0.07 sys=0.01, real=0.01 secs] 
2019-02-01T02:26:05.549+0000: 801131.554: Total time for which application threads were stopped: 0.0104297 seconds, Stopping threads took: 0.0000581 seconds
2019-02-01T02:26:06.318+0000: 801132.324: Application time: 0.7695216 seconds
2019-02-01T02:26:06.321+0000: 801132.327: Total time for which application threads were stopped: 0.0030424 seconds, Stopping threads took: 0.0000817 seconds
2019-02-01T02:26:06.673+0000: 801132.678: Application time: 0.3514315 seconds
2019-02-01T02:26:06.675+0000: 801132.681: Total time for which application threads were stopped: 0.0025582 seconds, Stopping threads took: 0.0000536 seconds
2019-02-01T02:26:06.688+0000: 801132.694: Application time: 0.0126715 seconds
2019-02-01T02:26:06.690+0000: 801132.696: Total time for which application threads were stopped: 0.0020900 seconds, Stopping threads took: 0.0000364 seconds
2019-02-01T02:26:06.726+0000: 801132.732: Application time: 0.0358291 seconds
2019-02-01T02:26:06.728+0000: 801132.734: [GC (Allocation Failure) 2019-02-01T02:26:06.732+0000: 801132.738: [SoftReference, 0 refs, 0.0000327 secs]2019-02-01T02:26:06.732+0000: 801132.738: [WeakReference, 27 refs, 0.0000203 secs]2019-02-01T02:26:06.732+0000: 801132.738: [FinalReference, 230 refs, 0.0001107 secs]2019-02-01T02:26:06.732+0000: 801132.738: [PhantomReference, 0 refs, 0 refs, 0.0000144 secs]2019-02-01T02:26:06.732+0000: 801132.738: [JNI Weak Reference, 0.0000278 secs]
Desired survivor size 6815744 bytes, new threshold 1 (max 15)
[PSYoungGen: 42285K->4036K(40448K)] 695993K->660203K(731648K), 0.0086444 secs] [Times: user=0.08 sys=0.01, real=0.00 secs] 
2019-02-01T02:26:06.737+0000: 801132.742: Total time for which application threads were stopped: 0.0107988 seconds, Stopping threads took: 0.0000331 seconds
2019-02-01T02:26:07.625+0000: 801133.630: Application time: 0.8879029 seconds
2019-02-01T02:26:07.628+0000: 801133.633: Total time for which application threads were stopped: 0.0031147 seconds, Stopping threads took: 0.0000491 seconds
2019-02-01T02:26:07.628+0000: 801133.634: Application time: 0.0000959 seconds
2019-02-01T02:26:07.630+0000: 801133.636: Total time for which application threads were stopped: 0.0020046 seconds, Stopping threads took: 0.0000384 seconds
2019-02-01T02:26:07.876+0000: 801133.882: Application time: 0.2461042 seconds
2019-02-01T02:26:07.878+0000: 801133.884: [GC (Allocation Failure) 2019-02-01T02:26:07.881+0000: 801133.887: [SoftReference, 0 refs, 0.0000320 secs]2019-02-01T02:26:07.882+0000: 801133.887: [WeakReference, 14 refs, 0.0000182 secs]2019-02-01T02:26:07.882+0000: 801133.887: [FinalReference, 309 refs, 0.0001534 secs]2019-02-01T02:26:07.882+0000: 801133.887: [PhantomReference, 0 refs, 0 refs, 0.0000147 secs]2019-02-01T02:26:07.882+0000: 801133.887: [JNI Weak Reference, 0.0000488 secs]
Desired survivor size 6815744 bytes, new threshold 1 (max 15)
[PSYoungGen: 40388K->1976K(37888K)] 696555K->659485K(729088K), 0.0080443 secs] [Times: user=0.06 sys=0.00, real=0.00 secs] 
2019-02-01T02:26:07.886+0000: 801133.892: Total time for which application threads were stopped: 0.0104613 seconds, Stopping threads took: 0.0000643 seconds
2019-02-01T02:26:08.031+0000: 801134.037: Application time: 0.1445927 seconds
2019-02-01T02:26:08.034+0000: 801134.040: Total time for which application threads were stopped: 0.0028181 seconds, Stopping threads took: 0.0000737 seconds
2019-02-01T02:26:08.034+0000: 801134.040: Application time: 0.0000893 seconds
2019-02-01T02:26:08.036+0000: 801134.042: Total time for which application threads were stopped: 0.0019566 seconds, Stopping threads took: 0.0000351 seconds
2019-02-01T02:26:08.236+0000: 801134.242: Application time: 0.1999342 seconds
2019-02-01T02:26:08.239+0000: 801134.244: Total time for which application threads were stopped: 0.0027584 seconds, Stopping threads took: 0.0000800 seconds
2019-02-01T02:26:08.239+0000: 801134.244: Application time: 0.0000964 seconds
2019-02-01T02:26:08.241+0000: 801134.246: Total time for which application threads were stopped: 0.0019182 seconds, Stopping threads took: 0.0000697 seconds
2019-02-01T02:26:08.759+0000: 801134.765: Application time: 0.5183169 seconds
2019-02-01T02:26:08.762+0000: 801134.768: [GC (Allocation Failure) 2019-02-01T02:26:08.766+0000: 801134.772: [SoftReference, 0 refs, 0.0000324 secs]2019-02-01T02:26:08.767+0000: 801134.772: [WeakReference, 12 refs, 0.0000175 secs]2019-02-01T02:26:08.767+0000: 801134.772: [FinalReference, 272 refs, 0.0001452 secs]2019-02-01T02:26:08.767+0000: 801134.772: [PhantomReference, 0 refs, 0 refs, 0.0000141 secs]2019-02-01T02:26:08.767+0000: 801134.772: [JNI Weak Reference, 0.0000373 secs]
Desired survivor size 6291456 bytes, new threshold 1 (max 15)
[PSYoungGen: 37816K->3433K(43008K)] 695325K->661576K(734208K), 0.0089421 secs] [Times: user=0.07 sys=0.00, real=0.01 secs] 
2019-02-01T02:26:08.771+0000: 801134.777: Total time for which application threads were stopped: 0.0120082 seconds, Stopping threads took: 0.0000490 seconds
2019-02-01T02:26:09.926+0000: 801135.932: Application time: 1.1554428 seconds
2019-02-01T02:26:09.929+0000: 801135.935: [GC (Allocation Failure) 2019-02-01T02:26:09.933+0000: 801135.939: [SoftReference, 0 refs, 0.0000321 secs]2019-02-01T02:26:09.934+0000: 801135.939: [WeakReference, 16 refs, 0.0000171 secs]2019-02-01T02:26:09.934+0000: 801135.939: [FinalReference, 340 refs, 0.0001841 secs]2019-02-01T02:26:09.934+0000: 801135.940: [PhantomReference, 0 refs, 0 refs, 0.0000154 secs]2019-02-01T02:26:09.934+0000: 801135.940: [JNI Weak Reference, 0.0000276 secs]
Desired survivor size 6815744 bytes, new threshold 1 (max 15)
[PSYoungGen: 39785K->5014K(41984K)] 697928K->664685K(733184K), 0.0087978 secs] [Times: user=0.09 sys=0.00, real=0.00 secs] 
2019-02-01T02:26:09.938+0000: 801135.944: Total time for which application threads were stopped: 0.0118696 seconds, Stopping threads took: 0.0000540 seconds
2019-02-01T02:26:11.230+0000: 801137.236: Application time: 1.2916791 seconds
2019-02-01T02:26:11.233+0000: 801137.239: [GC (Allocation Failure) 2019-02-01T02:26:11.237+0000: 801137.243: [SoftReference, 0 refs, 0.0000321 secs]2019-02-01T02:26:11.237+0000: 801137.243: [WeakReference, 8 refs, 0.0000166 secs]2019-02-01T02:26:11.237+0000: 801137.243: [FinalReference, 329 refs, 0.0001682 secs]2019-02-01T02:26:11.238+0000: 801137.243: [PhantomReference, 0 refs, 0 refs, 0.0000146 secs]2019-02-01T02:26:11.238+0000: 801137.243: [JNI Weak Reference, 0.0000363 secs]
Desired survivor size 6815744 bytes, new threshold 1 (max 15)
[PSYoungGen: 40854K->2013K(41472K)] 700525K->663197K(732672K), 0.0085090 secs] [Times: user=0.09 sys=0.00, real=0.01 secs] 
2019-02-01T02:26:11.241+0000: 801137.247: Total time for which application threads were stopped: 0.0115725 seconds, Stopping threads took: 0.0000533 seconds
2019-02-01T02:26:12.524+0000: 801138.530: Application time: 1.2823748 seconds
2019-02-01T02:26:12.527+0000: 801138.533: [GC (Allocation Failure) 2019-02-01T02:26:12.536+0000: 801138.542: [SoftReference, 0 refs, 0.0000322 secs]2019-02-01T02:26:12.536+0000: 801138.542: [WeakReference, 7 refs, 0.0000148 secs]2019-02-01T02:26:12.536+0000: 801138.542: [FinalReference, 245 refs, 0.0001263 secs]2019-02-01T02:26:12.536+0000: 801138.542: [PhantomReference, 0 refs, 0 refs, 0.0000141 secs]2019-02-01T02:26:12.536+0000: 801138.542: [JNI Weak Reference, 0.0000278 secs]
Desired survivor size 6291456 bytes, new threshold 1 (max 15)
[PSYoungGen: 37341K->2871K(41984K)] 698525K->664689K(733184K), 0.0139367 secs] [Times: user=0.25 sys=0.00, real=0.02 secs] 
2019-02-01T02:26:12.541+0000: 801138.547: Total time for which application threads were stopped: 0.0170634 seconds, Stopping threads took: 0.0000550 seconds
2019-02-01T02:26:13.450+0000: 801139.455: Application time: 0.9086122 seconds
2019-02-01T02:26:13.453+0000: 801139.458: [GC (Allocation Failure) 2019-02-01T02:26:13.464+0000: 801139.470: [SoftReference, 0 refs, 0.0000317 secs]2019-02-01T02:26:13.464+0000: 801139.470: [WeakReference, 13 refs, 0.0000168 secs]2019-02-01T02:26:13.464+0000: 801139.470: [FinalReference, 346 refs, 0.0001857 secs]2019-02-01T02:26:13.465+0000: 801139.470: [PhantomReference, 0 refs, 0 refs, 0.0000146 secs]2019-02-01T02:26:13.465+0000: 801139.470: [JNI Weak Reference, 0.0000226 secs]
Desired survivor size 6291456 bytes, new threshold 1 (max 15)
[PSYoungGen: 38199K->2968K(47616K)] 700017K->665373K(738816K), 0.0154657 secs] [Times: user=0.24 sys=0.01, real=0.01 secs] 
2019-02-01T02:26:13.468+0000: 801139.474: Total time for which application threads were stopped: 0.0186616 seconds, Stopping threads took: 0.0000876 seconds
2019-02-01T02:26:14.449+0000: 801140.455: Application time: 0.9809122 seconds
2019-02-01T02:26:14.452+0000: 801140.458: Total time for which application threads were stopped: 0.0028785 seconds, Stopping threads took: 0.0000529 seconds
2019-02-01T02:26:14.452+0000: 801140.458: Application time: 0.0000686 seconds
2019-02-01T02:26:14.453+0000: 801140.459: Total time for which application threads were stopped: 0.0014061 seconds, Stopping threads took: 0.0000170 seconds
2019-02-01T02:26:14.654+0000: 801140.660: Application time: 0.2007282 seconds
2019-02-01T02:26:14.657+0000: 801140.662: Total time for which application threads were stopped: 0.0024968 seconds, Stopping threads took: 0.0000446 seconds
2019-02-01T02:26:14.657+0000: 801140.663: Application time: 0.0000739 seconds
2019-02-01T02:26:14.659+0000: 801140.664: Total time for which application threads were stopped: 0.0018795 seconds, Stopping threads took: 0.0000371 seconds
2019-02-01T02:26:15.091+0000: 801141.097: Application time: 0.4324908 seconds
2019-02-01T02:26:15.094+0000: 801141.100: [GC (Allocation Failure) 2019-02-01T02:26:15.100+0000: 801141.105: [SoftReference, 0 refs, 0.0000320 secs]2019-02-01T02:26:15.100+0000: 801141.105: [WeakReference, 39 refs, 0.0000222 secs]2019-02-01T02:26:15.100+0000: 801141.105: [FinalReference, 340 refs, 0.0001970 secs]2019-02-01T02:26:15.100+0000: 801141.106: [PhantomReference, 0 refs, 0 refs, 0.0000149 secs]2019-02-01T02:26:15.100+0000: 801141.106: [JNI Weak Reference, 0.0000275 secs]
Desired survivor size 6291456 bytes, new threshold 1 (max 15)
[PSYoungGen: 44440K->3626K(47616K)] 706845K->666769K(738816K), 0.0100188 secs] [Times: user=0.09 sys=0.00, real=0.01 secs] 
2019-02-01T02:26:15.104+0000: 801141.110: Total time for which application threads were stopped: 0.0132054 seconds, Stopping threads took: 0.0000515 seconds
2019-02-01T02:26:15.561+0000: 801141.566: Application time: 0.4562662 seconds
2019-02-01T02:26:15.564+0000: 801141.570: Total time for which application threads were stopped: 0.0031542 seconds, Stopping threads took: 0.0000599 seconds
2019-02-01T02:26:15.564+0000: 801141.570: Application time: 0.0000868 seconds
2019-02-01T02:26:15.566+0000: 801141.572: Total time for which application threads were stopped: 0.0019980 seconds, Stopping threads took: 0.0000308 seconds
2019-02-01T02:26:16.117+0000: 801142.123: Application time: 0.5514727 seconds
2019-02-01T02:26:16.120+0000: 801142.126: Total time for which application threads were stopped: 0.0031201 seconds, Stopping threads took: 0.0000590 seconds
2019-02-01T02:26:16.468+0000: 801142.474: Application time: 0.3474623 seconds
2019-02-01T02:26:16.471+0000: 801142.477: Total time for which application threads were stopped: 0.0030021 seconds, Stopping threads took: 0.0000413 seconds
2019-02-01T02:26:16.471+0000: 801142.477: Application time: 0.0000859 seconds
2019-02-01T02:26:16.472+0000: 801142.478: Total time for which application threads were stopped: 0.0014623 seconds, Stopping threads took: 0.0000211 seconds
2019-02-01T02:26:16.558+0000: 801142.564: Application time: 0.0854837 seconds
2019-02-01T02:26:16.560+0000: 801142.565: [GC (Allocation Failure) 2019-02-01T02:26:16.564+0000: 801142.570: [SoftReference, 0 refs, 0.0000213 secs]2019-02-01T02:26:16.564+0000: 801142.570: [WeakReference, 43 refs, 0.0000213 secs]2019-02-01T02:26:16.564+0000: 801142.570: [FinalReference, 342 refs, 0.0001801 secs]2019-02-01T02:26:16.564+0000: 801142.570: [PhantomReference, 0 refs, 0 refs, 0.0000140 secs]2019-02-01T02:26:16.564+0000: 801142.570: [JNI Weak Reference, 0.0000227 secs]
Desired survivor size 6291456 bytes, new threshold 1 (max 15)
[PSYoungGen: 45098K->4088K(54784K)] 708241K->668551K(745984K), 0.0081905 secs] [Times: user=0.08 sys=0.01, real=0.00 secs] 
2019-02-01T02:26:16.568+0000: 801142.574: Total time for which application threads were stopped: 0.0098798 seconds, Stopping threads took: 0.0000205 seconds
2019-02-01T02:26:16.974+0000: 801142.980: Application time: 0.4060939 seconds
2019-02-01T02:26:16.977+0000: 801142.983: Total time for which application threads were stopped: 0.0030770 seconds, Stopping threads took: 0.0000456 seconds
2019-02-01T02:26:16.977+0000: 801142.983: Application time: 0.0000877 seconds
2019-02-01T02:26:16.979+0000: 801142.985: Total time for which application threads were stopped: 0.0020671 seconds, Stopping threads took: 0.0000358 seconds
2019-02-01T02:26:17.480+0000: 801143.486: Application time: 0.5006845 seconds
2019-02-01T02:26:17.483+0000: 801143.489: Total time for which application threads were stopped: 0.0031956 seconds, Stopping threads took: 0.0000607 seconds
2019-02-01T02:26:17.483+0000: 801143.489: Application time: 0.0000855 seconds
2019-02-01T02:26:17.485+0000: 801143.491: Total time for which application threads were stopped: 0.0020238 seconds, Stopping threads took: 0.0000398 seconds
2019-02-01T02:26:17.922+0000: 801143.928: Application time: 0.4366026 seconds
2019-02-01T02:26:17.925+0000: 801143.931: Total time for which application threads were stopped: 0.0031947 seconds, Stopping threads took: 0.0000971 seconds
2019-02-01T02:26:17.925+0000: 801143.931: Application time: 0.0001733 seconds
2019-02-01T02:26:17.927+0000: 801143.933: [GC (GCLocker Initiated GC) 2019-02-01T02:26:17.936+0000: 801143.942: [SoftReference, 0 refs, 0.0000323 secs]2019-02-01T02:26:17.936+0000: 801143.942: [WeakReference, 21 refs, 0.0000198 secs]2019-02-01T02:26:17.936+0000: 801143.942: [FinalReference, 436 refs, 0.0002259 secs]2019-02-01T02:26:17.936+0000: 801143.942: [PhantomReference, 0 refs, 0 refs, 0.0000143 secs]2019-02-01T02:26:17.936+0000: 801143.942: [JNI Weak Reference, 0.0000285 secs]
Desired survivor size 7864320 bytes, new threshold 1 (max 15)
[PSYoungGen: 52728K->6135K(54784K)] 717197K->672772K(745984K), 0.0134974 secs] [Times: user=0.22 sys=0.02, real=0.02 secs] 
2019-02-01T02:26:17.941+0000: 801143.947: Total time for which application threads were stopped: 0.0157198 seconds, Stopping threads took: 0.0000757 seconds
2019-02-01T02:26:17.941+0000: 801143.947: Application time: 0.0004545 seconds
2019-02-01T02:26:17.943+0000: 801143.949: Total time for which application threads were stopped: 0.0019602 seconds, Stopping threads took: 0.0001394 seconds
2019-02-01T02:26:18.144+0000: 801144.150: Application time: 0.2007355 seconds
2019-02-01T02:26:18.147+0000: 801144.153: Total time for which application threads were stopped: 0.0031699 seconds, Stopping threads took: 0.0000725 seconds
2019-02-01T02:26:18.975+0000: 801144.981: Application time: 0.8280217 seconds
2019-02-01T02:26:18.978+0000: 801144.984: [GC (Allocation Failure) 2019-02-01T02:26:18.987+0000: 801144.993: [SoftReference, 0 refs, 0.0000323 secs]2019-02-01T02:26:18.987+0000: 801144.993: [WeakReference, 18 refs, 0.0000188 secs]2019-02-01T02:26:18.987+0000: 801144.993: [FinalReference, 477 refs, 0.0002543 secs]2019-02-01T02:26:18.988+0000: 801144.993: [PhantomReference, 0 refs, 0 refs, 0.0000147 secs]2019-02-01T02:26:18.988+0000: 801144.993: [JNI Weak Reference, 0.0000282 secs]
Desired survivor size 7864320 bytes, new threshold 1 (max 15)
[PSYoungGen: 54775K->4725K(64512K)] 721434K->672779K(755712K), 0.0132736 secs] [Times: user=0.22 sys=0.02, real=0.02 secs] 
2019-02-01T02:26:18.992+0000: 801144.997: Total time for which application threads were stopped: 0.0164645 seconds, Stopping threads took: 0.0000663 seconds
2019-02-01T02:26:20.686+0000: 801146.692: Application time: 1.6941221 seconds
2019-02-01T02:26:20.690+0000: 801146.695: [GC (Allocation Failure) 2019-02-01T02:26:20.699+0000: 801146.704: [SoftReference, 0 refs, 0.0000334 secs]2019-02-01T02:26:20.699+0000: 801146.704: [WeakReference, 22 refs, 0.0000204 secs]2019-02-01T02:26:20.699+0000: 801146.704: [FinalReference, 465 refs, 0.0003078 secs]2019-02-01T02:26:20.699+0000: 801146.705: [PhantomReference, 0 refs, 0 refs, 0.0000148 secs]2019-02-01T02:26:20.699+0000: 801146.705: [JNI Weak Reference, 0.0000282 secs]
Desired survivor size 7864320 bytes, new threshold 1 (max 15)
[PSYoungGen: 61557K->4780K(64512K)] 729611K->674573K(755712K), 0.0133742 secs] [Times: user=0.22 sys=0.01, real=0.01 secs] 
2019-02-01T02:26:20.703+0000: 801146.709: Total time for which application threads were stopped: 0.0172139 seconds, Stopping threads took: 0.0000630 seconds
2019-02-01T02:26:22.134+0000: 801148.140: Application time: 1.4312140 seconds
2019-02-01T02:26:22.139+0000: 801148.144: [GC (Allocation Failure) 2019-02-01T02:26:22.144+0000: 801148.150: [SoftReference, 0 refs, 0.0000351 secs]2019-02-01T02:26:22.144+0000: 801148.150: [WeakReference, 19 refs, 0.0000210 secs]2019-02-01T02:26:22.144+0000: 801148.150: [FinalReference, 469 refs, 0.0003585 secs]2019-02-01T02:26:22.145+0000: 801148.150: [PhantomReference, 0 refs, 0 refs, 0.0000153 secs]2019-02-01T02:26:22.145+0000: 801148.150: [JNI Weak Reference, 0.0000320 secs]
Desired survivor size 7864320 bytes, new threshold 1 (max 15)
[PSYoungGen: 61612K->2850K(74240K)] 731405K->674793K(765440K), 0.0102641 secs] [Times: user=0.10 sys=0.00, real=0.01 secs] 
2019-02-01T02:26:22.149+0000: 801148.155: Total time for which application threads were stopped: 0.0146205 seconds, Stopping threads took: 0.0000663 seconds
2019-02-01T02:26:24.035+0000: 801150.041: Application time: 1.8859017 seconds
2019-02-01T02:26:24.038+0000: 801150.044: [GC (Allocation Failure) 2019-02-01T02:26:24.042+0000: 801150.048: [SoftReference, 0 refs, 0.0000187 secs]2019-02-01T02:26:24.042+0000: 801150.048: [WeakReference, 18 refs, 0.0000165 secs]2019-02-01T02:26:24.042+0000: 801150.048: [FinalReference, 522 refs, 0.0002614 secs]2019-02-01T02:26:24.042+0000: 801150.048: [PhantomReference, 0 refs, 0 refs, 0.0000144 secs]2019-02-01T02:26:24.042+0000: 801150.048: [JNI Weak Reference, 0.0000226 secs]
Desired survivor size 7340032 bytes, new threshold 1 (max 15)
[PSYoungGen: 69410K->2923K(68096K)] 741353K->676421K(759296K), 0.0079788 secs] [Times: user=0.06 sys=0.00, real=0.01 secs] 
2019-02-01T02:26:24.046+0000: 801150.052: Total time for which application threads were stopped: 0.0111724 seconds, Stopping threads took: 0.0000879 seconds
2019-02-01T02:26:27.198+0000: 801153.204: Application time: 3.1518248 seconds
2019-02-01T02:26:27.201+0000: 801153.207: [GC (Allocation Failure) 2019-02-01T02:26:27.212+0000: 801153.217: [SoftReference, 0 refs, 0.0000329 secs]2019-02-01T02:26:27.212+0000: 801153.217: [WeakReference, 15 refs, 0.0000179 secs]2019-02-01T02:26:27.212+0000: 801153.217: [FinalReference, 569 refs, 0.0002721 secs]2019-02-01T02:26:27.212+0000: 801153.218: [PhantomReference, 0 refs, 0 refs, 0.0000086 secs]2019-02-01T02:26:27.212+0000: 801153.218: [JNI Weak Reference, 0.0000205 secs]
Desired survivor size 7340032 bytes, new threshold 1 (max 15)
[PSYoungGen: 67947K->4202K(69120K)] 741445K->678983K(760320K), 0.0151870 secs] [Times: user=0.20 sys=0.01, real=0.01 secs] 
2019-02-01T02:26:27.216+0000: 801153.222: Total time for which application threads were stopped: 0.0184182 seconds, Stopping threads took: 0.0000527 seconds
2019-02-01T02:26:28.999+0000: 801155.005: Application time: 1.7831584 seconds
2019-02-01T02:26:29.003+0000: 801155.008: [GC (Allocation Failure) 2019-02-01T02:26:29.007+0000: 801155.013: [SoftReference, 0 refs, 0.0000324 secs]2019-02-01T02:26:29.007+0000: 801155.013: [WeakReference, 11 refs, 0.0000164 secs]2019-02-01T02:26:29.007+0000: 801155.013: [FinalReference, 576 refs, 0.0002671 secs]2019-02-01T02:26:29.008+0000: 801155.013: [PhantomReference, 0 refs, 0 refs, 0.0000150 secs]2019-02-01T02:26:29.008+0000: 801155.013: [JNI Weak Reference, 0.0000228 secs]
Desired survivor size 7340032 bytes, new threshold 1 (max 15)
[PSYoungGen: 67690K->4181K(66560K)] 742471K->680563K(757760K), 0.0086268 secs] [Times: user=0.08 sys=0.00, real=0.01 secs] 
2019-02-01T02:26:29.011+0000: 801155.017: Total time for which application threads were stopped: 0.0118147 seconds, Stopping threads took: 0.0000975 seconds
2019-02-01T02:26:30.700+0000: 801156.705: Application time: 1.6884195 seconds
2019-02-01T02:26:30.702+0000: 801156.708: [GC (Allocation Failure) 2019-02-01T02:26:30.707+0000: 801156.713: [SoftReference, 0 refs, 0.0000191 secs]2019-02-01T02:26:30.707+0000: 801156.713: [WeakReference, 17 refs, 0.0000105 secs]2019-02-01T02:26:30.707+0000: 801156.713: [FinalReference, 587 refs, 0.0002123 secs]2019-02-01T02:26:30.707+0000: 801156.713: [PhantomReference, 0 refs, 0 refs, 0.0000086 secs]2019-02-01T02:26:30.707+0000: 801156.713: [JNI Weak Reference, 0.0000148 secs]
Desired survivor size 7340032 bytes, new threshold 1 (max 15)
[PSYoungGen: 66133K->4703K(66048K)] 742515K->681892K(757248K), 0.0072560 secs] [Times: user=0.07 sys=0.01, real=0.00 secs] 
2019-02-01T02:26:30.710+0000: 801156.716: Total time for which application threads were stopped: 0.0101167 seconds, Stopping threads took: 0.0001001 seconds
2019-02-01T02:26:32.861+0000: 801158.867: Application time: 2.1510724 seconds
2019-02-01T02:26:32.864+0000: 801158.870: [GC (Allocation Failure) 2019-02-01T02:26:32.867+0000: 801158.873: [SoftReference, 0 refs, 0.0000318 secs]2019-02-01T02:26:32.867+0000: 801158.873: [WeakReference, 9 refs, 0.0000158 secs]2019-02-01T02:26:32.867+0000: 801158.873: [FinalReference, 519 refs, 0.0002759 secs]2019-02-01T02:26:32.868+0000: 801158.873: [PhantomReference, 0 refs, 0 refs, 0.0000147 secs]2019-02-01T02:26:32.868+0000: 801158.873: [JNI Weak Reference, 0.0000286 secs]
Desired survivor size 6815744 bytes, new threshold 1 (max 15)
[PSYoungGen: 65119K->2778K(61952K)] 742308K->681110K(753152K), 0.0085408 secs] [Times: user=0.08 sys=0.00, real=0.01 secs] 
2019-02-01T02:26:32.873+0000: 801158.878: Total time for which application threads were stopped: 0.0117032 seconds, Stopping threads took: 0.0000934 seconds
2019-02-01T02:26:34.426+0000: 801160.431: Application time: 1.5531004 seconds
2019-02-01T02:26:34.429+0000: 801160.435: Total time for which application threads were stopped: 0.0030951 seconds, Stopping threads took: 0.0000503 seconds
2019-02-01T02:26:34.429+0000: 801160.435: Application time: 0.0000954 seconds
2019-02-01T02:26:34.431+0000: 801160.437: Total time for which application threads were stopped: 0.0019693 seconds, Stopping threads took: 0.0000648 seconds
2019-02-01T02:26:35.053+0000: 801161.058: Application time: 0.6216946 seconds
2019-02-01T02:26:35.056+0000: 801161.061: [GC (Allocation Failure) 2019-02-01T02:26:35.060+0000: 801161.065: [SoftReference, 0 refs, 0.0000321 secs]2019-02-01T02:26:35.060+0000: 801161.065: [WeakReference, 13 refs, 0.0000170 secs]2019-02-01T02:26:35.060+0000: 801161.065: [FinalReference, 459 refs, 0.0002354 secs]2019-02-01T02:26:35.060+0000: 801161.066: [PhantomReference, 0 refs, 0 refs, 0.0000149 secs]2019-02-01T02:26:35.060+0000: 801161.066: [JNI Weak Reference, 0.0000278 secs]
Desired survivor size 6815744 bytes, new threshold 1 (max 15)
[PSYoungGen: 61658K->3272K(62464K)] 739990K->682429K(753664K), 0.0089861 secs] [Times: user=0.08 sys=0.00, real=0.01 secs] 
2019-02-01T02:26:35.065+0000: 801161.070: Total time for which application threads were stopped: 0.0121005 seconds, Stopping threads took: 0.0000519 seconds
2019-02-01T02:26:37.444+0000: 801163.450: Application time: 2.3793214 seconds
2019-02-01T02:26:37.447+0000: 801163.453: [GC (Allocation Failure) 2019-02-01T02:26:37.452+0000: 801163.458: [SoftReference, 0 refs, 0.0000330 secs]2019-02-01T02:26:37.452+0000: 801163.458: [WeakReference, 8 refs, 0.0000163 secs]2019-02-01T02:26:37.452+0000: 801163.458: [FinalReference, 562 refs, 0.0002858 secs]2019-02-01T02:26:37.452+0000: 801163.458: [PhantomReference, 0 refs, 0 refs, 0.0000147 secs]2019-02-01T02:26:37.452+0000: 801163.458: [JNI Weak Reference, 0.0000280 secs]
Desired survivor size 6815744 bytes, new threshold 1 (max 15)
[PSYoungGen: 60616K->2060K(58880K)] 739773K->681901K(750080K), 0.0096295 secs] [Times: user=0.08 sys=0.00, real=0.01 secs] 
2019-02-01T02:26:37.457+0000: 801163.463: Total time for which application threads were stopped: 0.0128084 seconds, Stopping threads took: 0.0000773 seconds
2019-02-01T02:26:39.970+0000: 801165.976: Application time: 2.5132947 seconds
2019-02-01T02:26:39.973+0000: 801165.979: [GC (Allocation Failure) 2019-02-01T02:26:39.981+0000: 801165.987: [SoftReference, 0 refs, 0.0000337 secs]2019-02-01T02:26:39.981+0000: 801165.987: [WeakReference, 21 refs, 0.0000185 secs]2019-02-01T02:26:39.981+0000: 801165.987: [FinalReference, 431 refs, 0.0001812 secs]2019-02-01T02:26:39.981+0000: 801165.987: [PhantomReference, 0 refs, 0 refs, 0.0000152 secs]2019-02-01T02:26:39.981+0000: 801165.987: [JNI Weak Reference, 0.0000280 secs]
Desired survivor size 6815744 bytes, new threshold 1 (max 15)
[PSYoungGen: 58380K->3701K(60928K)] 738221K->684046K(752128K), 0.0127626 secs] [Times: user=0.13 sys=0.00, real=0.01 secs] 
2019-02-01T02:26:39.986+0000: 801165.992: Total time for which application threads were stopped: 0.0160696 seconds, Stopping threads took: 0.0000613 seconds
2019-02-01T02:26:41.229+0000: 801167.235: Application time: 1.2427869 seconds
2019-02-01T02:26:41.232+0000: 801167.238: [GC (Allocation Failure) 2019-02-01T02:26:41.240+0000: 801167.246: [SoftReference, 0 refs, 0.0000167 secs]2019-02-01T02:26:41.240+0000: 801167.246: [WeakReference, 29 refs, 0.0000120 secs]2019-02-01T02:26:41.240+0000: 801167.246: [FinalReference, 570 refs, 0.0002047 secs]2019-02-01T02:26:41.241+0000: 801167.246: [PhantomReference, 0 refs, 0 refs, 0.0000223 secs]2019-02-01T02:26:41.241+0000: 801167.246: [JNI Weak Reference, 0.0000155 secs]
Desired survivor size 6815744 bytes, new threshold 1 (max 15)
[PSYoungGen: 58989K->4845K(59392K)] 739334K->688124K(750592K), 0.0124020 secs] [Times: user=0.22 sys=0.00, real=0.02 secs] 
2019-02-01T02:26:41.244+0000: 801167.250: Total time for which application threads were stopped: 0.0154598 seconds, Stopping threads took: 0.0000476 seconds
2019-02-01T02:26:42.794+0000: 801168.800: Application time: 1.5498119 seconds
2019-02-01T02:26:42.797+0000: 801168.803: Total time for which application threads were stopped: 0.0030074 seconds, Stopping threads took: 0.0000549 seconds
2019-02-01T02:26:42.797+0000: 801168.803: Application time: 0.0001376 seconds
2019-02-01T02:26:42.799+0000: 801168.805: [GC (GCLocker Initiated GC) 2019-02-01T02:26:42.804+0000: 801168.810: [SoftReference, 0 refs, 0.0000322 secs]2019-02-01T02:26:42.804+0000: 801168.810: [WeakReference, 24 refs, 0.0000204 secs]2019-02-01T02:26:42.804+0000: 801168.810: [FinalReference, 465 refs, 0.0002435 secs]2019-02-01T02:26:42.804+0000: 801168.810: [PhantomReference, 0 refs, 1 refs, 0.0000153 secs]2019-02-01T02:26:42.804+0000: 801168.810: [JNI Weak Reference, 0.0000276 secs]
Desired survivor size 6815744 bytes, new threshold 1 (max 15)
[PSYoungGen: 59117K->3175K(58880K)] 742397K->688551K(750080K), 0.0093005 secs] [Times: user=0.10 sys=0.00, real=0.01 secs] 
2019-02-01T02:26:42.809+0000: 801168.814: Total time for which application threads were stopped: 0.0112654 seconds, Stopping threads took: 0.0000268 seconds
2019-02-01T02:26:44.210+0000: 801170.216: Application time: 1.4011482 seconds
2019-02-01T02:26:44.213+0000: 801170.219: [GC (Allocation Failure) 2019-02-01T02:26:44.218+0000: 801170.224: [SoftReference, 0 refs, 0.0000322 secs]2019-02-01T02:26:44.218+0000: 801170.224: [WeakReference, 9 refs, 0.0000157 secs]2019-02-01T02:26:44.218+0000: 801170.224: [FinalReference, 490 refs, 0.0002575 secs]2019-02-01T02:26:44.218+0000: 801170.224: [PhantomReference, 0 refs, 0 refs, 0.0000147 secs]2019-02-01T02:26:44.218+0000: 801170.224: [JNI Weak Reference, 0.0000279 secs]
Desired survivor size 6291456 bytes, new threshold 1 (max 15)
[PSYoungGen: 56423K->2859K(55296K)] 741802K->689423K(746496K), 0.0099728 secs] [Times: user=0.08 sys=0.00, real=0.01 secs] 
2019-02-01T02:26:44.223+0000: 801170.229: Total time for which application threads were stopped: 0.0131196 seconds, Stopping threads took: 0.0000539 seconds
2019-02-01T02:26:46.244+0000: 801172.250: Application time: 2.0209428 seconds
2019-02-01T02:26:46.247+0000: 801172.253: [GC (Allocation Failure) 2019-02-01T02:26:46.252+0000: 801172.257: [SoftReference, 0 refs, 0.0000327 secs]2019-02-01T02:26:46.252+0000: 801172.257: [WeakReference, 21 refs, 0.0000191 secs]2019-02-01T02:26:46.252+0000: 801172.257: [FinalReference, 441 refs, 0.0002605 secs]2019-02-01T02:26:46.252+0000: 801172.258: [PhantomReference, 0 refs, 0 refs, 0.0000151 secs]2019-02-01T02:26:46.252+0000: 801172.258: [JNI Weak Reference, 0.0000280 secs]
Desired survivor size 6815744 bytes, new threshold 1 (max 15)
[PSYoungGen: 55083K->5026K(57344K)] 741647K->692740K(748544K), 0.0084425 secs] [Times: user=0.07 sys=0.00, real=0.01 secs] 
2019-02-01T02:26:46.256+0000: 801172.261: Total time for which application threads were stopped: 0.0117345 seconds, Stopping threads took: 0.0000517 seconds
2019-02-01T02:26:47.610+0000: 801173.616: Application time: 1.3541828 seconds
2019-02-01T02:26:47.613+0000: 801173.619: [GC (Allocation Failure) 2019-02-01T02:26:47.622+0000: 801173.628: [SoftReference, 0 refs, 0.0000321 secs]2019-02-01T02:26:47.622+0000: 801173.628: [WeakReference, 23 refs, 0.0000190 secs]2019-02-01T02:26:47.622+0000: 801173.628: [FinalReference, 420 refs, 0.0002044 secs]2019-02-01T02:26:47.623+0000: 801173.628: [PhantomReference, 0 refs, 0 refs, 0.0000145 secs]2019-02-01T02:26:47.623+0000: 801173.628: [JNI Weak Reference, 0.0000277 secs]
Desired survivor size 6815744 bytes, new threshold 1 (max 15)
[PSYoungGen: 56226K->3183K(53760K)] 743940K->692300K(744960K), 0.0142732 secs] [Times: user=0.25 sys=0.00, real=0.02 secs] 
2019-02-01T02:26:47.627+0000: 801173.633: [Full GC (Ergonomics) 2019-02-01T02:26:47.674+0000: 801173.679: [SoftReference, 163 refs, 0.0001189 secs]2019-02-01T02:26:47.674+0000: 801173.680: [WeakReference, 2648 refs, 0.0004811 secs]2019-02-01T02:26:47.674+0000: 801173.680: [FinalReference, 1123 refs, 0.0007485 secs]2019-02-01T02:26:47.675+0000: 801173.681: [PhantomReference, 0 refs, 144 refs, 0.0000438 secs]2019-02-01T02:26:47.675+0000: 801173.681: [JNI Weak Reference, 0.0000386 secs][PSYoungGen: 3183K->0K(53760K)] [ParOldGen: 689116K->636209K(689152K)] 692300K->636209K(742912K), [Metaspace: 75231K->75231K(1118208K)], 0.2298068 secs] [Times: user=4.18 sys=0.00, real=0.23 secs] 
2019-02-01T02:26:47.857+0000: 801173.863: Total time for which application threads were stopped: 0.2474501 seconds, Stopping threads took: 0.0000527 seconds
2019-02-01T02:26:49.278+0000: 801175.284: Application time: 1.4212715 seconds
2019-02-01T02:26:49.282+0000: 801175.287: Total time for which application threads were stopped: 0.0030475 seconds, Stopping threads took: 0.0000584 seconds
2019-02-01T02:26:49.282+0000: 801175.287: Application time: 0.0001455 seconds
2019-02-01T02:26:49.283+0000: 801175.289: [GC (GCLocker Initiated GC) 2019-02-01T02:26:49.287+0000: 801175.293: [SoftReference, 0 refs, 0.0000195 secs]2019-02-01T02:26:49.287+0000: 801175.293: [WeakReference, 21 refs, 0.0000112 secs]2019-02-01T02:26:49.287+0000: 801175.293: [FinalReference, 411 refs, 0.0001623 secs]2019-02-01T02:26:49.288+0000: 801175.293: [PhantomReference, 0 refs, 0 refs, 0.0000082 secs]2019-02-01T02:26:49.288+0000: 801175.293: [JNI Weak Reference, 0.0000210 secs]
Desired survivor size 6815744 bytes, new threshold 1 (max 15)
[PSYoungGen: 50176K->5485K(54784K)] 686385K->641695K(743936K), 0.0079258 secs] [Times: user=0.08 sys=0.00, real=0.01 secs] 
2019-02-01T02:26:49.291+0000: 801175.297: Total time for which application threads were stopped: 0.0095290 seconds, Stopping threads took: 0.0000715 seconds
2019-02-01T02:26:50.591+0000: 801176.597: Application time: 1.2996181 seconds
2019-02-01T02:26:50.594+0000: 801176.600: [GC (Allocation Failure) 2019-02-01T02:26:50.602+0000: 801176.608: [SoftReference, 0 refs, 0.0000378 secs]2019-02-01T02:26:50.602+0000: 801176.608: [WeakReference, 18 refs, 0.0000190 secs]2019-02-01T02:26:50.603+0000: 801176.608: [FinalReference, 444 refs, 0.0001788 secs]2019-02-01T02:26:50.603+0000: 801176.608: [PhantomReference, 0 refs, 0 refs, 0.0000141 secs]2019-02-01T02:26:50.603+0000: 801176.609: [JNI Weak Reference, 0.0000339 secs]
Desired survivor size 6815744 bytes, new threshold 1 (max 15)
[PSYoungGen: 54637K->2820K(51200K)] 690858K->641243K(740352K), 0.0125386 secs] [Times: user=0.22 sys=0.00, real=0.02 secs] 
2019-02-01T02:26:50.607+0000: 801176.612: Total time for which application threads were stopped: 0.0157394 seconds, Stopping threads took: 0.0000767 seconds
2019-02-01T02:26:52.294+0000: 801178.300: Application time: 1.6871843 seconds
2019-02-01T02:26:52.297+0000: 801178.303: [GC (Allocation Failure) 2019-02-01T02:26:52.303+0000: 801178.308: [SoftReference, 0 refs, 0.0000323 secs]2019-02-01T02:26:52.303+0000: 801178.308: [WeakReference, 23 refs, 0.0000200 secs]2019-02-01T02:26:52.303+0000: 801178.308: [FinalReference, 369 refs, 0.0001759 secs]2019-02-01T02:26:52.303+0000: 801178.309: [PhantomReference, 0 refs, 0 refs, 0.0000144 secs]2019-02-01T02:26:52.303+0000: 801178.309: [JNI Weak Reference, 0.0000233 secs]
Desired survivor size 6815744 bytes, new threshold 1 (max 15)
[PSYoungGen: 50948K->4820K(52736K)] 689371K->644652K(741888K), 0.0096247 secs] [Times: user=0.13 sys=0.00, real=0.01 secs] 
2019-02-01T02:26:52.307+0000: 801178.312: Total time for which application threads were stopped: 0.0129416 seconds, Stopping threads took: 0.0000666 seconds
2019-02-01T02:26:53.705+0000: 801179.711: Application time: 1.3984590 seconds
2019-02-01T02:26:53.708+0000: 801179.714: [GC (Allocation Failure) 2019-02-01T02:26:53.716+0000: 801179.721: [SoftReference, 0 refs, 0.0000437 secs]2019-02-01T02:26:53.716+0000: 801179.722: [WeakReference, 9 refs, 0.0000169 secs]2019-02-01T02:26:53.716+0000: 801179.722: [FinalReference, 454 refs, 0.0002155 secs]2019-02-01T02:26:53.716+0000: 801179.722: [PhantomReference, 0 refs, 0 refs, 0.0000146 secs]2019-02-01T02:26:53.716+0000: 801179.722: [JNI Weak Reference, 0.0000288 secs]
Desired survivor size 6815744 bytes, new threshold 1 (max 15)
[PSYoungGen: 51924K->2646K(49152K)] 691756K->643730K(738304K), 0.0120180 secs] [Times: user=0.18 sys=0.00, real=0.01 secs] 
2019-02-01T02:26:53.720+0000: 801179.726: Total time for which application threads were stopped: 0.0152598 seconds, Stopping threads took: 0.0000534 seconds
2019-02-01T02:26:55.157+0000: 801181.163: Application time: 1.4367423 seconds
2019-02-01T02:26:55.160+0000: 801181.166: [GC (Allocation Failure) 2019-02-01T02:26:55.165+0000: 801181.171: [SoftReference, 0 refs, 0.0000208 secs]2019-02-01T02:26:55.165+0000: 801181.171: [WeakReference, 17 refs, 0.0000246 secs]2019-02-01T02:26:55.165+0000: 801181.171: [FinalReference, 335 refs, 0.0001439 secs]2019-02-01T02:26:55.165+0000: 801181.171: [PhantomReference, 0 refs, 0 refs, 0.0000141 secs]2019-02-01T02:26:55.165+0000: 801181.171: [JNI Weak Reference, 0.0000228 secs]
Desired survivor size 6815744 bytes, new threshold 1 (max 15)
[PSYoungGen: 48726K->3906K(50688K)] 689810K->646113K(739840K), 0.0085196 secs] [Times: user=0.09 sys=0.00, real=0.01 secs] 
2019-02-01T02:26:55.169+0000: 801181.175: Total time for which application threads were stopped: 0.0119009 seconds, Stopping threads took: 0.0000589 seconds
2019-02-01T02:26:56.361+0000: 801182.367: Application time: 1.1916610 seconds
2019-02-01T02:26:56.364+0000: 801182.370: Total time for which application threads were stopped: 0.0031894 seconds, Stopping threads took: 0.0000601 seconds
2019-02-01T02:26:56.364+0000: 801182.370: Application time: 0.0001308 seconds
2019-02-01T02:26:56.366+0000: 801182.372: [GC (GCLocker Initiated GC) 2019-02-01T02:26:56.371+0000: 801182.376: [SoftReference, 0 refs, 0.0000321 secs]2019-02-01T02:26:56.371+0000: 801182.376: [WeakReference, 11 refs, 0.0000167 secs]2019-02-01T02:26:56.371+0000: 801182.376: [FinalReference, 392 refs, 0.0002099 secs]2019-02-01T02:26:56.371+0000: 801182.377: [PhantomReference, 0 refs, 0 refs, 0.0000153 secs]2019-02-01T02:26:56.371+0000: 801182.377: [JNI Weak Reference, 0.0000286 secs]
Desired survivor size 6291456 bytes, new threshold 1 (max 15)
[PSYoungGen: 48962K->3615K(48128K)] 691170K->646798K(737280K), 0.0094356 secs] [Times: user=0.07 sys=0.01, real=0.01 secs] 
2019-02-01T02:26:56.376+0000: 801182.381: Total time for which application threads were stopped: 0.0115120 seconds, Stopping threads took: 0.0000721 seconds
2019-02-01T02:26:56.976+0000: 801182.982: Application time: 0.6004836 seconds
2019-02-01T02:26:56.979+0000: 801182.985: Total time for which application threads were stopped: 0.0032737 seconds, Stopping threads took: 0.0001018 seconds
2019-02-01T02:26:56.979+0000: 801182.985: Application time: 0.0001061 seconds
2019-02-01T02:26:56.981+0000: 801182.987: Total time for which application threads were stopped: 0.0018712 seconds, Stopping threads took: 0.0000411 seconds
2019-02-01T02:26:57.684+0000: 801183.689: Application time: 0.7022199 seconds
2019-02-01T02:26:57.687+0000: 801183.693: Total time for which application threads were stopped: 0.0032121 seconds, Stopping threads took: 0.0000960 seconds
2019-02-01T02:26:57.908+0000: 801183.914: Application time: 0.2216269 seconds
2019-02-01T02:26:57.912+0000: 801183.917: Total time for which application threads were stopped: 0.0032055 seconds, Stopping threads took: 0.0000803 seconds
2019-02-01T02:26:57.912+0000: 801183.918: Application time: 0.0000989 seconds
2019-02-01T02:26:57.914+0000: 801183.920: [GC (GCLocker Initiated GC) 2019-02-01T02:26:57.918+0000: 801183.924: [SoftReference, 0 refs, 0.0000321 secs]2019-02-01T02:26:57.918+0000: 801183.924: [WeakReference, 29 refs, 0.0000202 secs]2019-02-01T02:26:57.918+0000: 801183.924: [FinalReference, 312 refs, 0.0001534 secs]2019-02-01T02:26:57.918+0000: 801183.924: [PhantomReference, 0 refs, 0 refs, 0.0000147 secs]2019-02-01T02:26:57.918+0000: 801183.924: [JNI Weak Reference, 0.0000292 secs]
Desired survivor size 6291456 bytes, new threshold 1 (max 15)
[PSYoungGen: 47647K->3833K(48128K)] 690867K->647957K(737280K), 0.0093768 secs] [Times: user=0.09 sys=0.00, real=0.01 secs] 
2019-02-01T02:26:57.923+0000: 801183.929: Total time for which application threads were stopped: 0.0114897 seconds, Stopping threads took: 0.0000485 seconds
2019-02-01T02:26:59.367+0000: 801185.373: Application time: 1.4442010 seconds
2019-02-01T02:26:59.371+0000: 801185.376: Total time for which application threads were stopped: 0.0030784 seconds, Stopping threads took: 0.0000569 seconds
2019-02-01T02:26:59.371+0000: 801185.376: Application time: 0.0001175 seconds
2019-02-01T02:26:59.373+0000: 801185.378: [GC (GCLocker Initiated GC) 2019-02-01T02:26:59.379+0000: 801185.385: [SoftReference, 0 refs, 0.0000377 secs]2019-02-01T02:26:59.379+0000: 801185.385: [WeakReference, 19 refs, 0.0000186 secs]2019-02-01T02:26:59.379+0000: 801185.385: [FinalReference, 296 refs, 0.0001290 secs]2019-02-01T02:26:59.380+0000: 801185.385: [PhantomReference, 0 refs, 0 refs, 0.0000142 secs]2019-02-01T02:26:59.380+0000: 801185.385: [JNI Weak Reference, 0.0000230 secs]
Desired survivor size 6291456 bytes, new threshold 1 (max 15)
[PSYoungGen: 46841K->2814K(45568K)] 690968K->648141K(734720K), 0.0108589 secs] [Times: user=0.15 sys=0.00, real=0.01 secs] 
2019-02-01T02:26:59.383+0000: 801185.389: Total time for which application threads were stopped: 0.0128408 seconds, Stopping threads took: 0.0000262 seconds
2019-02-01T02:27:00.681+0000: 801186.687: Application time: 1.2979328 seconds
2019-02-01T02:27:00.685+0000: 801186.690: [GC (Allocation Failure) 2019-02-01T02:27:00.693+0000: 801186.699: [SoftReference, 0 refs, 0.0000322 secs]2019-02-01T02:27:00.693+0000: 801186.699: [WeakReference, 4 refs, 0.0000145 secs]2019-02-01T02:27:00.693+0000: 801186.699: [FinalReference, 364 refs, 0.0002022 secs]2019-02-01T02:27:00.693+0000: 801186.699: [PhantomReference, 0 refs, 0 refs, 0.0000143 secs]2019-02-01T02:27:00.693+0000: 801186.699: [JNI Weak Reference, 0.0000271 secs]
Desired survivor size 6291456 bytes, new threshold 1 (max 15)
[PSYoungGen: 45310K->1664K(48640K)] 690644K->647751K(737792K), 0.0133486 secs] [Times: user=0.22 sys=0.00, real=0.02 secs] 
2019-02-01T02:27:00.698+0000: 801186.704: Total time for which application threads were stopped: 0.0165228 seconds, Stopping threads took: 0.0000613 seconds
2019-02-01T02:27:01.906+0000: 801187.912: Application time: 1.2080924 seconds
2019-02-01T02:27:01.909+0000: 801187.915: Total time for which application threads were stopped: 0.0031969 seconds, Stopping threads took: 0.0000476 seconds
2019-02-01T02:27:02.007+0000: 801188.013: Application time: 0.0982017 seconds
2019-02-01T02:27:02.011+0000: 801188.016: [GC (Allocation Failure) 2019-02-01T02:27:02.014+0000: 801188.020: [SoftReference, 0 refs, 0.0000255 secs]2019-02-01T02:27:02.014+0000: 801188.020: [WeakReference, 5 refs, 0.0000141 secs]2019-02-01T02:27:02.014+0000: 801188.020: [FinalReference, 333 refs, 0.0001368 secs]2019-02-01T02:27:02.014+0000: 801188.020: [PhantomReference, 0 refs, 0 refs, 0.0000142 secs]2019-02-01T02:27:02.014+0000: 801188.020: [JNI Weak Reference, 0.0000274 secs]
Desired survivor size 6291456 bytes, new threshold 1 (max 15)
[PSYoungGen: 43919K->1682K(44032K)] 690006K->648561K(733184K), 0.0074712 secs] [Times: user=0.09 sys=0.00, real=0.01 secs] 
2019-02-01T02:27:02.018+0000: 801188.024: Total time for which application threads were stopped: 0.0107662 seconds, Stopping threads took: 0.0000630 seconds
2019-02-01T02:27:02.200+0000: 801188.206: Application time: 0.1815920 seconds
2019-02-01T02:27:02.203+0000: 801188.209: Total time for which application threads were stopped: 0.0032156 seconds, Stopping threads took: 0.0000601 seconds
2019-02-01T02:27:02.203+0000: 801188.209: Application time: 0.0000606 seconds
2019-02-01T02:27:02.205+0000: 801188.211: Total time for which application threads were stopped: 0.0020603 seconds, Stopping threads took: 0.0000646 seconds
2019-02-01T02:27:03.315+0000: 801189.321: Application time: 1.1098162 seconds
2019-02-01T02:27:03.318+0000: 801189.324: [GC (Allocation Failure) 2019-02-01T02:27:03.322+0000: 801189.328: [SoftReference, 0 refs, 0.0000240 secs]2019-02-01T02:27:03.322+0000: 801189.328: [WeakReference, 13 refs, 0.0000100 secs]2019-02-01T02:27:03.322+0000: 801189.328: [FinalReference, 274 refs, 0.0001015 secs]2019-02-01T02:27:03.323+0000: 801189.328: [PhantomReference, 0 refs, 0 refs, 0.0000080 secs]2019-02-01T02:27:03.323+0000: 801189.328: [JNI Weak Reference, 0.0000150 secs]
Desired survivor size 6291456 bytes, new threshold 1 (max 15)
[PSYoungGen: 43666K->3566K(47104K)] 690545K->651123K(736256K), 0.0070247 secs] [Times: user=0.09 sys=0.00, real=0.00 secs] 
2019-02-01T02:27:03.325+0000: 801189.331: Total time for which application threads were stopped: 0.0104406 seconds, Stopping threads took: 0.0000916 seconds
2019-02-01T02:27:03.909+0000: 801189.914: Application time: 0.5832928 seconds
2019-02-01T02:27:03.911+0000: 801189.917: Total time for which application threads were stopped: 0.0026861 seconds, Stopping threads took: 0.0000537 seconds
2019-02-01T02:27:03.911+0000: 801189.917: Application time: 0.0000723 seconds
2019-02-01T02:27:03.913+0000: 801189.919: Total time for which application threads were stopped: 0.0014762 seconds, Stopping threads took: 0.0000351 seconds
2019-02-01T02:27:04.696+0000: 801190.702: Application time: 0.7829116 seconds
2019-02-01T02:27:04.699+0000: 801190.705: [GC (Allocation Failure) 2019-02-01T02:27:04.704+0000: 801190.709: [SoftReference, 0 refs, 0.0000324 secs]2019-02-01T02:27:04.704+0000: 801190.709: [WeakReference, 10 refs, 0.0000160 secs]2019-02-01T02:27:04.704+0000: 801190.709: [FinalReference, 356 refs, 0.0001488 secs]2019-02-01T02:27:04.704+0000: 801190.710: [PhantomReference, 0 refs, 0 refs, 0.0000148 secs]2019-02-01T02:27:04.704+0000: 801190.710: [JNI Weak Reference, 0.0000285 secs]
Desired survivor size 6291456 bytes, new threshold 1 (max 15)
[PSYoungGen: 45038K->3129K(44544K)] 692595K->651267K(733696K), 0.0083158 secs] [Times: user=0.08 sys=0.00, real=0.01 secs] 
2019-02-01T02:27:04.708+0000: 801190.713: Total time for which application threads were stopped: 0.0117280 seconds, Stopping threads took: 0.0000773 seconds
2019-02-01T02:27:05.814+0000: 801191.820: Application time: 1.1062668 seconds
2019-02-01T02:27:05.817+0000: 801191.823: Total time for which application threads were stopped: 0.0032023 seconds, Stopping threads took: 0.0000642 seconds
2019-02-01T02:27:05.817+0000: 801191.823: Application time: 0.0001159 seconds
2019-02-01T02:27:05.819+0000: 801191.825: Total time for which application threads were stopped: 0.0021243 seconds, Stopping threads took: 0.0000859 seconds
2019-02-01T02:27:06.020+0000: 801192.026: Application time: 0.2009811 seconds
2019-02-01T02:27:06.023+0000: 801192.029: Total time for which application threads were stopped: 0.0030351 seconds, Stopping threads took: 0.0001324 seconds
2019-02-01T02:27:06.354+0000: 801192.359: Application time: 0.3303202 seconds
2019-02-01T02:27:06.357+0000: 801192.363: [GC (Allocation Failure) 2019-02-01T02:27:06.361+0000: 801192.367: [SoftReference, 0 refs, 0.0000320 secs]2019-02-01T02:27:06.361+0000: 801192.367: [WeakReference, 10 refs, 0.0000161 secs]2019-02-01T02:27:06.361+0000: 801192.367: [FinalReference, 305 refs, 0.0001299 secs]2019-02-01T02:27:06.361+0000: 801192.367: [PhantomReference, 0 refs, 0 refs, 0.0000145 secs]2019-02-01T02:27:06.361+0000: 801192.367: [JNI Weak Reference, 0.0000221 secs]
Desired survivor size 5767168 bytes, new threshold 1 (max 15)
[PSYoungGen: 44089K->2010K(45056K)] 692227K->651218K(734208K), 0.0084418 secs] [Times: user=0.09 sys=0.00, real=0.00 secs] 
2019-02-01T02:27:06.365+0000: 801192.371: Total time for which application threads were stopped: 0.0117131 seconds, Stopping threads took: 0.0000461 seconds
2019-02-01T02:27:07.223+0000: 801193.228: Application time: 0.8572688 seconds
2019-02-01T02:27:07.226+0000: 801193.232: Total time for which application threads were stopped: 0.0033557 seconds, Stopping threads took: 0.0000517 seconds
2019-02-01T02:27:07.226+0000: 801193.232: Application time: 0.0000876 seconds
2019-02-01T02:27:07.228+0000: 801193.234: Total time for which application threads were stopped: 0.0020173 seconds, Stopping threads took: 0.0000410 seconds
2019-02-01T02:27:07.507+0000: 801193.513: Application time: 0.2792104 seconds
2019-02-01T02:27:07.510+0000: 801193.516: [GC (Allocation Failure) 2019-02-01T02:27:07.515+0000: 801193.521: [SoftReference, 0 refs, 0.0000319 secs]2019-02-01T02:27:07.515+0000: 801193.521: [WeakReference, 18 refs, 0.0000181 secs]2019-02-01T02:27:07.515+0000: 801193.521: [FinalReference, 265 refs, 0.0001217 secs]2019-02-01T02:27:07.516+0000: 801193.521: [PhantomReference, 0 refs, 0 refs, 0.0000146 secs]2019-02-01T02:27:07.516+0000: 801193.521: [JNI Weak Reference, 0.0000314 secs]
Desired survivor size 5767168 bytes, new threshold 1 (max 15)
[PSYoungGen: 42240K->2700K(43008K)] 691449K->652870K(732160K), 0.0089594 secs] [Times: user=0.10 sys=0.00, real=0.01 secs] 
2019-02-01T02:27:07.520+0000: 801193.525: Total time for which application threads were stopped: 0.0121539 seconds, Stopping threads took: 0.0000605 seconds
2019-02-01T02:27:08.230+0000: 801194.236: Application time: 0.7103308 seconds
2019-02-01T02:27:08.233+0000: 801194.239: Total time for which application threads were stopped: 0.0030430 seconds, Stopping threads took: 0.0000595 seconds
2019-02-01T02:27:08.233+0000: 801194.239: Application time: 0.0000911 seconds
2019-02-01T02:27:08.234+0000: 801194.240: Total time for which application threads were stopped: 0.0014753 seconds, Stopping threads took: 0.0000383 seconds
2019-02-01T02:27:08.535+0000: 801194.541: Application time: 0.3010416 seconds
2019-02-01T02:27:08.539+0000: 801194.545: Total time for which application threads were stopped: 0.0033120 seconds, Stopping threads took: 0.0000564 seconds
2019-02-01T02:27:08.539+0000: 801194.545: Application time: 0.0001034 seconds
2019-02-01T02:27:08.541+0000: 801194.547: Total time for which application threads were stopped: 0.0022518 seconds, Stopping threads took: 0.0000701 seconds
2019-02-01T02:27:09.218+0000: 801195.223: Application time: 0.6763343 seconds
2019-02-01T02:27:09.221+0000: 801195.227: [GC (Allocation Failure) 2019-02-01T02:27:09.227+0000: 801195.232: [SoftReference, 0 refs, 0.0000194 secs]2019-02-01T02:27:09.227+0000: 801195.232: [WeakReference, 42 refs, 0.0000211 secs]2019-02-01T02:27:09.227+0000: 801195.232: [FinalReference, 246 refs, 0.0001130 secs]2019-02-01T02:27:09.227+0000: 801195.233: [PhantomReference, 0 refs, 0 refs, 0.0000083 secs]2019-02-01T02:27:09.227+0000: 801195.233: [JNI Weak Reference, 0.0000279 secs]
Desired survivor size 5767168 bytes, new threshold 1 (max 15)
[PSYoungGen: 42636K->3197K(44544K)] 692806K->654988K(733696K), 0.0085616 secs] [Times: user=0.08 sys=0.01, real=0.01 secs] 
2019-02-01T02:27:09.230+0000: 801195.235: Total time for which application threads were stopped: 0.0120324 seconds, Stopping threads took: 0.0000505 seconds
2019-02-01T02:27:09.744+0000: 801195.749: Application time: 0.5140286 seconds
2019-02-01T02:27:09.747+0000: 801195.753: Total time for which application threads were stopped: 0.0031570 seconds, Stopping threads took: 0.0000807 seconds
2019-02-01T02:27:09.747+0000: 801195.753: Application time: 0.0000879 seconds
2019-02-01T02:27:09.749+0000: 801195.755: Total time for which application threads were stopped: 0.0019857 seconds, Stopping threads took: 0.0000717 seconds
2019-02-01T02:27:09.950+0000: 801195.955: Application time: 0.2007847 seconds
2019-02-01T02:27:09.952+0000: 801195.958: Total time for which application threads were stopped: 0.0023147 seconds, Stopping threads took: 0.0000620 seconds
2019-02-01T02:27:09.952+0000: 801195.958: Application time: 0.0000882 seconds
2019-02-01T02:27:09.953+0000: 801195.959: Total time for which application threads were stopped: 0.0013384 seconds, Stopping threads took: 0.0000192 seconds
2019-02-01T02:27:10.664+0000: 801196.670: Application time: 0.7104633 seconds
2019-02-01T02:27:10.667+0000: 801196.673: [GC (Allocation Failure) 2019-02-01T02:27:10.675+0000: 801196.681: [SoftReference, 0 refs, 0.0000308 secs]2019-02-01T02:27:10.675+0000: 801196.681: [WeakReference, 16 refs, 0.0000164 secs]2019-02-01T02:27:10.675+0000: 801196.681: [FinalReference, 327 refs, 0.0001236 secs]2019-02-01T02:27:10.675+0000: 801196.681: [PhantomReference, 0 refs, 0 refs, 0.0000143 secs]2019-02-01T02:27:10.675+0000: 801196.681: [JNI Weak Reference, 0.0000292 secs]
Desired survivor size 5242880 bytes, new threshold 1 (max 15)
[PSYoungGen: 42591K->2697K(41984K)] 694382K->656296K(731136K), 0.0122741 secs] [Times: user=0.22 sys=0.00, real=0.02 secs] 
2019-02-01T02:27:10.679+0000: 801196.685: Total time for which application threads were stopped: 0.0154581 seconds, Stopping threads took: 0.0000524 seconds
2019-02-01T02:27:10.954+0000: 801196.960: Application time: 0.2752009 seconds
2019-02-01T02:27:10.958+0000: 801196.964: Total time for which application threads were stopped: 0.0033326 seconds, Stopping threads took: 0.0001013 seconds
2019-02-01T02:27:10.958+0000: 801196.964: Application time: 0.0000828 seconds
2019-02-01T02:27:10.960+0000: 801196.966: Total time for which application threads were stopped: 0.0020131 seconds, Stopping threads took: 0.0000759 seconds
2019-02-01T02:27:12.361+0000: 801198.367: Application time: 1.4015271 seconds
2019-02-01T02:27:12.365+0000: 801198.370: [GC (Allocation Failure) 2019-02-01T02:27:12.369+0000: 801198.375: [SoftReference, 0 refs, 0.0000325 secs]2019-02-01T02:27:12.370+0000: 801198.375: [WeakReference, 10 refs, 0.0000158 secs]2019-02-01T02:27:12.370+0000: 801198.375: [FinalReference, 302 refs, 0.0001783 secs]2019-02-01T02:27:12.370+0000: 801198.375: [PhantomReference, 0 refs, 0 refs, 0.0000144 secs]2019-02-01T02:27:12.370+0000: 801198.375: [JNI Weak Reference, 0.0000290 secs]
Desired survivor size 5767168 bytes, new threshold 1 (max 15)
[PSYoungGen: 41609K->1710K(43520K)] 695208K->655950K(732672K), 0.0088715 secs] [Times: user=0.05 sys=0.00, real=0.01 secs] 
2019-02-01T02:27:12.374+0000: 801198.379: Total time for which application threads were stopped: 0.0121238 seconds, Stopping threads took: 0.0000504 seconds
2019-02-01T02:27:13.823+0000: 801199.829: Application time: 1.4498256 seconds
2019-02-01T02:27:13.827+0000: 801199.832: Total time for which application threads were stopped: 0.0031392 seconds, Stopping threads took: 0.0000568 seconds
2019-02-01T02:27:13.827+0000: 801199.832: Application time: 0.0001579 seconds
2019-02-01T02:27:13.829+0000: 801199.834: [GC (GCLocker Initiated GC) 2019-02-01T02:27:13.837+0000: 801199.842: [SoftReference, 0 refs, 0.0000382 secs]2019-02-01T02:27:13.837+0000: 801199.842: [WeakReference, 9 refs, 0.0000214 secs]2019-02-01T02:27:13.837+0000: 801199.842: [FinalReference, 283 refs, 0.0001523 secs]2019-02-01T02:27:13.837+0000: 801199.843: [PhantomReference, 0 refs, 0 refs, 0.0000143 secs]2019-02-01T02:27:13.837+0000: 801199.843: [JNI Weak Reference, 0.0000286 secs]
Desired survivor size 5242880 bytes, new threshold 1 (max 15)
[PSYoungGen: 40110K->3310K(41472K)] 694354K->658365K(730624K), 0.0122425 secs] [Times: user=0.20 sys=0.01, real=0.01 secs] 
2019-02-01T02:27:13.841+0000: 801199.847: Total time for which application threads were stopped: 0.0143003 seconds, Stopping threads took: 0.0000810 seconds
2019-02-01T02:27:14.859+0000: 801200.865: Application time: 1.0181783 seconds
2019-02-01T02:27:14.862+0000: 801200.868: [GC (Allocation Failure) 2019-02-01T02:27:14.867+0000: 801200.873: [SoftReference, 0 refs, 0.0000427 secs]2019-02-01T02:27:14.867+0000: 801200.873: [WeakReference, 7 refs, 0.0000158 secs]2019-02-01T02:27:14.867+0000: 801200.873: [FinalReference, 306 refs, 0.0002110 secs]2019-02-01T02:27:14.867+0000: 801200.873: [PhantomReference, 0 refs, 0 refs, 0.0000151 secs]2019-02-01T02:27:14.867+0000: 801200.873: [JNI Weak Reference, 0.0000335 secs]
Desired survivor size 5767168 bytes, new threshold 1 (max 15)
[PSYoungGen: 41198K->3977K(42496K)] 696257K->659908K(731648K), 0.0073244 secs] [Times: user=0.07 sys=0.00, real=0.01 secs] 
2019-02-01T02:27:14.870+0000: 801200.876: Total time for which application threads were stopped: 0.0105576 seconds, Stopping threads took: 0.0000642 seconds
2019-02-01T02:27:16.759+0000: 801202.765: Application time: 1.8897193 seconds
2019-02-01T02:27:16.763+0000: 801202.768: [GC (Allocation Failure) 2019-02-01T02:27:16.768+0000: 801202.773: [SoftReference, 0 refs, 0.0000319 secs]2019-02-01T02:27:16.768+0000: 801202.773: [WeakReference, 5 refs, 0.0000141 secs]2019-02-01T02:27:16.768+0000: 801202.773: [FinalReference, 271 refs, 0.0000961 secs]2019-02-01T02:27:16.768+0000: 801202.773: [PhantomReference, 0 refs, 0 refs, 0.0000230 secs]2019-02-01T02:27:16.768+0000: 801202.774: [JNI Weak Reference, 0.0000328 secs]
Desired survivor size 5767168 bytes, new threshold 1 (max 15)
[PSYoungGen: 41353K->2016K(38912K)] 697284K->658956K(728064K), 0.0088096 secs] [Times: user=0.08 sys=0.00, real=0.01 secs] 
2019-02-01T02:27:16.772+0000: 801202.777: Total time for which application threads were stopped: 0.0121233 seconds, Stopping threads took: 0.0000525 seconds
2019-02-01T02:27:17.927+0000: 801203.933: Application time: 1.1551928 seconds
2019-02-01T02:27:17.930+0000: 801203.936: [GC (Allocation Failure) 2019-02-01T02:27:17.934+0000: 801203.940: [SoftReference, 0 refs, 0.0000323 secs]2019-02-01T02:27:17.934+0000: 801203.940: [WeakReference, 41 refs, 0.0000325 secs]2019-02-01T02:27:17.934+0000: 801203.940: [FinalReference, 302 refs, 0.0001823 secs]2019-02-01T02:27:17.934+0000: 801203.940: [PhantomReference, 0 refs, 0 refs, 0.0000149 secs]2019-02-01T02:27:17.934+0000: 801203.940: [JNI Weak Reference, 0.0000225 secs]
Desired survivor size 5767168 bytes, new threshold 1 (max 15)
[PSYoungGen: 38880K->3424K(41472K)] 695820K->661575K(730624K), 0.0081121 secs] [Times: user=0.08 sys=0.00, real=0.00 secs] 
2019-02-01T02:27:17.938+0000: 801203.944: Total time for which application threads were stopped: 0.0114207 seconds, Stopping threads took: 0.0000508 seconds
2019-02-01T02:27:19.500+0000: 801205.506: Application time: 1.5618377 seconds
2019-02-01T02:27:19.503+0000: 801205.509: [GC (Allocation Failure) 2019-02-01T02:27:19.507+0000: 801205.513: [SoftReference, 0 refs, 0.0000320 secs]2019-02-01T02:27:19.507+0000: 801205.513: [WeakReference, 18 refs, 0.0000182 secs]2019-02-01T02:27:19.507+0000: 801205.513: [FinalReference, 286 refs, 0.0001729 secs]2019-02-01T02:27:19.508+0000: 801205.513: [PhantomReference, 0 refs, 0 refs, 0.0000143 secs]2019-02-01T02:27:19.508+0000: 801205.513: [JNI Weak Reference, 0.0000279 secs]
Desired survivor size 5767168 bytes, new threshold 1 (max 15)
[PSYoungGen: 39776K->4490K(40448K)] 697927K->663776K(729600K), 0.0078965 secs] [Times: user=0.08 sys=0.00, real=0.01 secs] 
2019-02-01T02:27:19.511+0000: 801205.517: Total time for which application threads were stopped: 0.0112948 seconds, Stopping threads took: 0.0000500 seconds
2019-02-01T02:27:20.910+0000: 801206.916: Application time: 1.3985853 seconds
2019-02-01T02:27:20.913+0000: 801206.919: [GC (Allocation Failure) 2019-02-01T02:27:20.918+0000: 801206.923: [SoftReference, 0 refs, 0.0000351 secs]2019-02-01T02:27:20.918+0000: 801206.923: [WeakReference, 9 refs, 0.0000155 secs]2019-02-01T02:27:20.918+0000: 801206.923: [FinalReference, 261 refs, 0.0000995 secs]2019-02-01T02:27:20.918+0000: 801206.923: [PhantomReference, 0 refs, 0 refs, 0.0000141 secs]2019-02-01T02:27:20.918+0000: 801206.923: [JNI Weak Reference, 0.0000217 secs]
Desired survivor size 5767168 bytes, new threshold 1 (max 15)
[PSYoungGen: 40330K->2309K(40448K)] 699616K->662447K(729600K), 0.0082498 secs] [Times: user=0.08 sys=0.00, real=0.01 secs] 
2019-02-01T02:27:20.922+0000: 801206.927: Total time for which application threads were stopped: 0.0115756 seconds, Stopping threads took: 0.0000730 seconds
2019-02-01T02:27:22.065+0000: 801208.071: Application time: 1.1433463 seconds
2019-02-01T02:27:22.068+0000: 801208.074: [GC (Allocation Failure) 2019-02-01T02:27:22.072+0000: 801208.078: [SoftReference, 0 refs, 0.0000296 secs]2019-02-01T02:27:22.072+0000: 801208.078: [WeakReference, 12 refs, 0.0000157 secs]2019-02-01T02:27:22.072+0000: 801208.078: [FinalReference, 301 refs, 0.0001810 secs]2019-02-01T02:27:22.072+0000: 801208.078: [PhantomReference, 0 refs, 0 refs, 0.0000147 secs]2019-02-01T02:27:22.073+0000: 801208.078: [JNI Weak Reference, 0.0000221 secs]
Desired survivor size 5767168 bytes, new threshold 1 (max 15)
[PSYoungGen: 37637K->3986K(38912K)] 697775K->665102K(728064K), 0.0081437 secs] [Times: user=0.07 sys=0.00, real=0.01 secs] 
2019-02-01T02:27:22.076+0000: 801208.082: Total time for which application threads were stopped: 0.0114718 seconds, Stopping threads took: 0.0000517 seconds
2019-02-01T02:27:23.336+0000: 801209.342: Application time: 1.2599438 seconds
2019-02-01T02:27:23.340+0000: 801209.345: Total time for which application threads were stopped: 0.0031710 seconds, Stopping threads took: 0.0000670 seconds
2019-02-01T02:27:23.340+0000: 801209.345: Application time: 0.0001019 seconds
2019-02-01T02:27:23.342+0000: 801209.348: [GC (GCLocker Initiated GC) 2019-02-01T02:27:23.347+0000: 801209.352: [SoftReference, 0 refs, 0.0000351 secs]2019-02-01T02:27:23.347+0000: 801209.352: [WeakReference, 12 refs, 0.0000169 secs]2019-02-01T02:27:23.347+0000: 801209.352: [FinalReference, 259 refs, 0.0001169 secs]2019-02-01T02:27:23.347+0000: 801209.353: [PhantomReference, 0 refs, 0 refs, 0.0000144 secs]2019-02-01T02:27:23.347+0000: 801209.353: [JNI Weak Reference, 0.0000233 secs]
Desired survivor size 5767168 bytes, new threshold 1 (max 15)
[PSYoungGen: 38802K->4151K(39424K)] 699920K->667004K(728576K), 0.0087491 secs] [Times: user=0.10 sys=0.00, real=0.01 secs] 
2019-02-01T02:27:23.351+0000: 801209.356: Total time for which application threads were stopped: 0.0110090 seconds, Stopping threads took: 0.0000751 seconds
2019-02-01T02:27:24.779+0000: 801210.785: Application time: 1.4286836 seconds
2019-02-01T02:27:24.783+0000: 801210.788: [GC (Allocation Failure) 2019-02-01T02:27:24.787+0000: 801210.793: [SoftReference, 0 refs, 0.0000423 secs]2019-02-01T02:27:24.787+0000: 801210.793: [WeakReference, 17 refs, 0.0000259 secs]2019-02-01T02:27:24.787+0000: 801210.793: [FinalReference, 339 refs, 0.0002110 secs]2019-02-01T02:27:24.787+0000: 801210.793: [PhantomReference, 0 refs, 0 refs, 0.0000246 secs]2019-02-01T02:27:24.787+0000: 801210.793: [JNI Weak Reference, 0.0000524 secs]
Desired survivor size 5767168 bytes, new threshold 1 (max 15)
[PSYoungGen: 38455K->3070K(36864K)] 701311K->667360K(726016K), 0.0084684 secs] [Times: user=0.08 sys=0.00, real=0.01 secs] 
2019-02-01T02:27:24.791+0000: 801210.797: Total time for which application threads were stopped: 0.0118336 seconds, Stopping threads took: 0.0000621 seconds
2019-02-01T02:27:25.903+0000: 801211.909: Application time: 1.1122396 seconds
2019-02-01T02:27:25.907+0000: 801211.912: [GC (Allocation Failure) 2019-02-01T02:27:25.911+0000: 801211.917: [SoftReference, 0 refs, 0.0000333 secs]2019-02-01T02:27:25.911+0000: 801211.917: [WeakReference, 8 refs, 0.0000154 secs]2019-02-01T02:27:25.911+0000: 801211.917: [FinalReference, 227 refs, 0.0001303 secs]2019-02-01T02:27:25.911+0000: 801211.917: [PhantomReference, 0 refs, 0 refs, 0.0000142 secs]2019-02-01T02:27:25.911+0000: 801211.917: [JNI Weak Reference, 0.0000283 secs]
Desired survivor size 5767168 bytes, new threshold 1 (max 15)
[PSYoungGen: 36862K->2760K(38400K)] 701152K->667627K(727552K), 0.0093937 secs] [Times: user=0.10 sys=0.01, real=0.01 secs] 
2019-02-01T02:27:25.916+0000: 801211.922: Total time for which application threads were stopped: 0.0126167 seconds, Stopping threads took: 0.0000496 seconds
2019-02-01T02:27:27.056+0000: 801213.062: Application time: 1.1401415 seconds
2019-02-01T02:27:27.059+0000: 801213.065: [GC (Allocation Failure) 2019-02-01T02:27:27.063+0000: 801213.069: [SoftReference, 0 refs, 0.0000201 secs]2019-02-01T02:27:27.063+0000: 801213.069: [WeakReference, 9 refs, 0.0000093 secs]2019-02-01T02:27:27.063+0000: 801213.069: [FinalReference, 293 refs, 0.0000769 secs]2019-02-01T02:27:27.063+0000: 801213.069: [PhantomReference, 0 refs, 0 refs, 0.0000080 secs]2019-02-01T02:27:27.063+0000: 801213.069: [JNI Weak Reference, 0.0000208 secs]
Desired survivor size 5767168 bytes, new threshold 1 (max 15)
[PSYoungGen: 36040K->2905K(35840K)] 700907K->669190K(724992K), 0.0075050 secs] [Times: user=0.08 sys=0.00, real=0.01 secs] 
2019-02-01T02:27:27.067+0000: 801213.073: Total time for which application threads were stopped: 0.0107860 seconds, Stopping threads took: 0.0000509 seconds
2019-02-01T02:27:27.863+0000: 801213.869: Application time: 0.7957894 seconds
2019-02-01T02:27:27.866+0000: 801213.872: [GC (Allocation Failure) 2019-02-01T02:27:27.870+0000: 801213.875: [SoftReference, 0 refs, 0.0000327 secs]2019-02-01T02:27:27.870+0000: 801213.875: [WeakReference, 6 refs, 0.0000146 secs]2019-02-01T02:27:27.870+0000: 801213.875: [FinalReference, 303 refs, 0.0001475 secs]2019-02-01T02:27:27.870+0000: 801213.876: [PhantomReference, 0 refs, 0 refs, 0.0000143 secs]2019-02-01T02:27:27.870+0000: 801213.876: [JNI Weak Reference, 0.0000346 secs]
Desired survivor size 5242880 bytes, new threshold 1 (max 15)
[PSYoungGen: 35673K->2625K(36352K)] 701958K->669436K(725504K), 0.0084161 secs] [Times: user=0.05 sys=0.01, real=0.01 secs] 
2019-02-01T02:27:27.874+0000: 801213.880: Total time for which application threads were stopped: 0.0115769 seconds, Stopping threads took: 0.0000649 seconds
2019-02-01T02:27:29.101+0000: 801215.107: Application time: 1.2265573 seconds
2019-02-01T02:27:29.104+0000: 801215.110: [GC (Allocation Failure) 2019-02-01T02:27:29.109+0000: 801215.115: [SoftReference, 0 refs, 0.0000326 secs]2019-02-01T02:27:29.109+0000: 801215.115: [WeakReference, 15 refs, 0.0000278 secs]2019-02-01T02:27:29.109+0000: 801215.115: [FinalReference, 240 refs, 0.0000962 secs]2019-02-01T02:27:29.110+0000: 801215.115: [PhantomReference, 0 refs, 0 refs, 0.0000141 secs]2019-02-01T02:27:29.110+0000: 801215.115: [JNI Weak Reference, 0.0000288 secs]
Desired survivor size 5767168 bytes, new threshold 1 (max 15)
[PSYoungGen: 34881K->4060K(36864K)] 701692K->671889K(726016K), 0.0100100 secs] [Times: user=0.10 sys=0.00, real=0.01 secs] 
2019-02-01T02:27:29.114+0000: 801215.120: Total time for which application threads were stopped: 0.0132928 seconds, Stopping threads took: 0.0000505 seconds
2019-02-01T02:27:30.060+0000: 801216.066: Application time: 0.9456232 seconds
2019-02-01T02:27:30.063+0000: 801216.069: [GC (Allocation Failure) 2019-02-01T02:27:30.066+0000: 801216.072: [SoftReference, 0 refs, 0.0000354 secs]2019-02-01T02:27:30.066+0000: 801216.072: [WeakReference, 13 refs, 0.0000167 secs]2019-02-01T02:27:30.066+0000: 801216.072: [FinalReference, 271 refs, 0.0001113 secs]2019-02-01T02:27:30.066+0000: 801216.072: [PhantomReference, 0 refs, 0 refs, 0.0000148 secs]2019-02-01T02:27:30.066+0000: 801216.072: [JNI Weak Reference, 0.0000286 secs]
Desired survivor size 5767168 bytes, new threshold 1 (max 15)
[PSYoungGen: 35804K->2414K(37376K)] 703633K->671612K(726528K), 0.0079159 secs] [Times: user=0.07 sys=0.00, real=0.01 secs] 
2019-02-01T02:27:30.071+0000: 801216.077: Total time for which application threads were stopped: 0.0111893 seconds, Stopping threads took: 0.0000491 seconds
2019-02-01T02:27:31.245+0000: 801217.251: Application time: 1.1743089 seconds
2019-02-01T02:27:31.249+0000: 801217.254: [GC (Allocation Failure) 2019-02-01T02:27:31.253+0000: 801217.258: [SoftReference, 0 refs, 0.0000312 secs]2019-02-01T02:27:31.253+0000: 801217.258: [WeakReference, 3 refs, 0.0000133 secs]2019-02-01T02:27:31.253+0000: 801217.259: [FinalReference, 225 refs, 0.0000998 secs]2019-02-01T02:27:31.253+0000: 801217.259: [PhantomReference, 0 refs, 0 refs, 0.0000143 secs]2019-02-01T02:27:31.253+0000: 801217.259: [JNI Weak Reference, 0.0000233 secs]
Desired survivor size 5767168 bytes, new threshold 1 (max 15)
[PSYoungGen: 34158K->1934K(33280K)] 703356K->672132K(722432K), 0.0079389 secs] [Times: user=0.08 sys=0.01, real=0.01 secs] 
2019-02-01T02:27:31.257+0000: 801217.262: Total time for which application threads were stopped: 0.0112684 seconds, Stopping threads took: 0.0000724 seconds
2019-02-01T02:27:32.225+0000: 801218.231: Application time: 0.9683165 seconds
2019-02-01T02:27:32.228+0000: 801218.234: Total time for which application threads were stopped: 0.0030376 seconds, Stopping threads took: 0.0000554 seconds
2019-02-01T02:27:32.228+0000: 801218.234: Application time: 0.0001016 seconds
2019-02-01T02:27:32.230+0000: 801218.236: [GC (GCLocker Initiated GC) 2019-02-01T02:27:32.234+0000: 801218.239: [SoftReference, 0 refs, 0.0000337 secs]2019-02-01T02:27:32.234+0000: 801218.239: [WeakReference, 8 refs, 0.0000158 secs]2019-02-01T02:27:32.234+0000: 801218.239: [FinalReference, 268 refs, 0.0001632 secs]2019-02-01T02:27:32.234+0000: 801218.240: [PhantomReference, 0 refs, 0 refs, 0.0000144 secs]2019-02-01T02:27:32.234+0000: 801218.240: [JNI Weak Reference, 0.0000289 secs]
Desired survivor size 5242880 bytes, new threshold 1 (max 15)
[PSYoungGen: 33166K->2707K(37376K)] 703375K->673582K(726528K), 0.0084486 secs] [Times: user=0.07 sys=0.01, real=0.01 secs] 
2019-02-01T02:27:32.239+0000: 801218.244: Total time for which application threads were stopped: 0.0105161 seconds, Stopping threads took: 0.0000261 seconds
2019-02-01T02:27:33.506+0000: 801219.511: Application time: 1.2671352 seconds
2019-02-01T02:27:33.509+0000: 801219.515: [GC (Allocation Failure) 2019-02-01T02:27:33.513+0000: 801219.519: [SoftReference, 0 refs, 0.0000327 secs]2019-02-01T02:27:33.513+0000: 801219.519: [WeakReference, 11 refs, 0.0000264 secs]2019-02-01T02:27:33.514+0000: 801219.519: [FinalReference, 265 refs, 0.0001456 secs]2019-02-01T02:27:33.514+0000: 801219.519: [PhantomReference, 0 refs, 0 refs, 0.0000142 secs]2019-02-01T02:27:33.514+0000: 801219.519: [JNI Weak Reference, 0.0000285 secs]
Desired survivor size 5242880 bytes, new threshold 1 (max 15)
[PSYoungGen: 34451K->2836K(36864K)] 705329K->674338K(726016K), 0.0093469 secs] [Times: user=0.08 sys=0.00, real=0.01 secs] 
2019-02-01T02:27:33.518+0000: 801219.524: Total time for which application threads were stopped: 0.0126400 seconds, Stopping threads took: 0.0000517 seconds
2019-02-01T02:27:35.077+0000: 801221.083: Application time: 1.5589420 seconds
2019-02-01T02:27:35.081+0000: 801221.086: [GC (Allocation Failure) 2019-02-01T02:27:35.085+0000: 801221.091: [SoftReference, 0 refs, 0.0000272 secs]2019-02-01T02:27:35.085+0000: 801221.091: [WeakReference, 7 refs, 0.0000147 secs]2019-02-01T02:27:35.085+0000: 801221.091: [FinalReference, 227 refs, 0.0001059 secs]2019-02-01T02:27:35.085+0000: 801221.091: [PhantomReference, 0 refs, 0 refs, 0.0000139 secs]2019-02-01T02:27:35.085+0000: 801221.091: [JNI Weak Reference, 0.0000228 secs]
Desired survivor size 5242880 bytes, new threshold 1 (max 15)
[PSYoungGen: 34580K->1854K(33280K)] 706082K->674443K(722432K), 0.0082142 secs] [Times: user=0.07 sys=0.01, real=0.01 secs] 
2019-02-01T02:27:35.089+0000: 801221.095: Total time for which application threads were stopped: 0.0115438 seconds, Stopping threads took: 0.0000490 seconds
2019-02-01T02:27:36.169+0000: 801222.175: Application time: 1.0805505 seconds
2019-02-01T02:27:36.173+0000: 801222.178: [GC (Allocation Failure) 2019-02-01T02:27:36.177+0000: 801222.182: [SoftReference, 0 refs, 0.0000323 secs]2019-02-01T02:27:36.177+0000: 801222.182: [WeakReference, 7 refs, 0.0000147 secs]2019-02-01T02:27:36.177+0000: 801222.183: [FinalReference, 282 refs, 0.0001666 secs]2019-02-01T02:27:36.177+0000: 801222.183: [PhantomReference, 0 refs, 0 refs, 0.0000140 secs]2019-02-01T02:27:36.177+0000: 801222.183: [JNI Weak Reference, 0.0000285 secs]
Desired survivor size 5242880 bytes, new threshold 1 (max 15)
[PSYoungGen: 33086K->2943K(33792K)] 705675K->676102K(722944K), 0.0090740 secs] [Times: user=0.07 sys=0.00, real=0.01 secs] 
2019-02-01T02:27:36.182+0000: 801222.188: Total time for which application threads were stopped: 0.0124180 seconds, Stopping threads took: 0.0000603 seconds
2019-02-01T02:27:37.547+0000: 801223.553: Application time: 1.3655902 seconds
2019-02-01T02:27:37.551+0000: 801223.557: [GC (Allocation Failure) 2019-02-01T02:27:37.555+0000: 801223.561: [SoftReference, 0 refs, 0.0000322 secs]2019-02-01T02:27:37.555+0000: 801223.561: [WeakReference, 5 refs, 0.0000143 secs]2019-02-01T02:27:37.555+0000: 801223.561: [FinalReference, 272 refs, 0.0001408 secs]2019-02-01T02:27:37.555+0000: 801223.561: [PhantomReference, 0 refs, 0 refs, 0.0000141 secs]2019-02-01T02:27:37.555+0000: 801223.561: [JNI Weak Reference, 0.0000366 secs]
Desired survivor size 4718592 bytes, new threshold 1 (max 15)
[PSYoungGen: 33663K->2040K(32256K)] 706822K->676925K(721408K), 0.0090964 secs] [Times: user=0.08 sys=0.00, real=0.01 secs] 
2019-02-01T02:27:37.560+0000: 801223.566: Total time for which application threads were stopped: 0.0125261 seconds, Stopping threads took: 0.0000578 seconds
2019-02-01T02:27:38.968+0000: 801224.974: Application time: 1.4081943 seconds
2019-02-01T02:27:38.972+0000: 801224.977: [GC (Allocation Failure) 2019-02-01T02:27:38.976+0000: 801224.981: [SoftReference, 0 refs, 0.0000327 secs]2019-02-01T02:27:38.976+0000: 801224.981: [WeakReference, 26 refs, 0.0000190 secs]2019-02-01T02:27:38.976+0000: 801224.981: [FinalReference, 197 refs, 0.0001155 secs]2019-02-01T02:27:38.976+0000: 801224.982: [PhantomReference, 0 refs, 0 refs, 0.0000149 secs]2019-02-01T02:27:38.976+0000: 801224.982: [JNI Weak Reference, 0.0000282 secs]
Desired survivor size 4718592 bytes, new threshold 1 (max 15)
[PSYoungGen: 32248K->2888K(32768K)] 707133K->678265K(721920K), 0.0090402 secs] [Times: user=0.08 sys=0.01, real=0.01 secs] 
2019-02-01T02:27:38.981+0000: 801224.986: Total time for which application threads were stopped: 0.0124753 seconds, Stopping threads took: 0.0000893 seconds
2019-02-01T02:27:40.039+0000: 801226.045: Application time: 1.0588250 seconds
2019-02-01T02:27:40.043+0000: 801226.048: Total time for which application threads were stopped: 0.0031274 seconds, Stopping threads took: 0.0000535 seconds
2019-02-01T02:27:40.043+0000: 801226.048: Application time: 0.0001072 seconds
2019-02-01T02:27:40.044+0000: 801226.050: [GC (GCLocker Initiated GC) 2019-02-01T02:27:40.048+0000: 801226.054: [SoftReference, 0 refs, 0.0000185 secs]2019-02-01T02:27:40.048+0000: 801226.054: [WeakReference, 6 refs, 0.0000077 secs]2019-02-01T02:27:40.048+0000: 801226.054: [FinalReference, 234 refs, 0.0000684 secs]2019-02-01T02:27:40.048+0000: 801226.054: [PhantomReference, 0 refs, 0 refs, 0.0000078 secs]2019-02-01T02:27:40.048+0000: 801226.054: [JNI Weak Reference, 0.0000155 secs]
Desired survivor size 4718592 bytes, new threshold 1 (max 15)
[PSYoungGen: 32584K->2249K(33280K)] 707963K->678386K(722432K), 0.0062904 secs] [Times: user=0.05 sys=0.00, real=0.00 secs] 
2019-02-01T02:27:40.051+0000: 801226.057: Total time for which application threads were stopped: 0.0080515 seconds, Stopping threads took: 0.0000779 seconds
2019-02-01T02:27:41.427+0000: 801227.433: Application time: 1.3763660 seconds
2019-02-01T02:27:41.430+0000: 801227.436: [GC (Allocation Failure) 2019-02-01T02:27:41.434+0000: 801227.440: [SoftReference, 0 refs, 0.0000332 secs]2019-02-01T02:27:41.434+0000: 801227.440: [WeakReference, 10 refs, 0.0000156 secs]2019-02-01T02:27:41.434+0000: 801227.440: [FinalReference, 212 refs, 0.0001216 secs]2019-02-01T02:27:41.434+0000: 801227.440: [PhantomReference, 0 refs, 0 refs, 0.0000145 secs]2019-02-01T02:27:41.434+0000: 801227.440: [JNI Weak Reference, 0.0000290 secs]
Desired survivor size 4718592 bytes, new threshold 1 (max 15)
[PSYoungGen: 31433K->2301K(31232K)] 707573K->678940K(720384K), 0.0081724 secs] [Times: user=0.08 sys=0.00, real=0.01 secs] 
2019-02-01T02:27:41.439+0000: 801227.444: Total time for which application threads were stopped: 0.0114528 seconds, Stopping threads took: 0.0000883 seconds
2019-02-01T02:27:41.456+0000: 801227.461: Application time: 0.0169397 seconds
2019-02-01T02:27:41.458+0000: 801227.464: Total time for which application threads were stopped: 0.0028198 seconds, Stopping threads took: 0.0000407 seconds
2019-02-01T02:27:42.162+0000: 801228.168: Application time: 0.7034651 seconds
2019-02-01T02:27:42.165+0000: 801228.171: [GC (Allocation Failure) 2019-02-01T02:27:42.170+0000: 801228.175: [SoftReference, 0 refs, 0.0000232 secs]2019-02-01T02:27:42.170+0000: 801228.175: [WeakReference, 13 refs, 0.0000149 secs]2019-02-01T02:27:42.170+0000: 801228.175: [FinalReference, 251 refs, 0.0001101 secs]2019-02-01T02:27:42.170+0000: 801228.175: [PhantomReference, 0 refs, 0 refs, 0.0000141 secs]2019-02-01T02:27:42.170+0000: 801228.175: [JNI Weak Reference, 0.0000231 secs]
Desired survivor size 5242880 bytes, new threshold 1 (max 15)
[PSYoungGen: 30973K->4408K(32768K)] 707612K->682116K(721920K), 0.0083800 secs] [Times: user=0.07 sys=0.01, real=0.01 secs] 
2019-02-01T02:27:42.173+0000: 801228.179: Total time for which application threads were stopped: 0.0116561 seconds, Stopping threads took: 0.0000471 seconds
2019-02-01T02:27:43.309+0000: 801229.315: Application time: 1.1353786 seconds
2019-02-01T02:27:43.312+0000: 801229.318: [GC (Allocation Failure) 2019-02-01T02:27:43.317+0000: 801229.323: [SoftReference, 0 refs, 0.0000343 secs]2019-02-01T02:27:43.317+0000: 801229.323: [WeakReference, 17 refs, 0.0000167 secs]2019-02-01T02:27:43.317+0000: 801229.323: [FinalReference, 221 refs, 0.0000814 secs]2019-02-01T02:27:43.318+0000: 801229.323: [PhantomReference, 0 refs, 0 refs, 0.0000145 secs]2019-02-01T02:27:43.318+0000: 801229.323: [JNI Weak Reference, 0.0000241 secs]
Desired survivor size 5242880 bytes, new threshold 1 (max 15)
[PSYoungGen: 32568K->3783K(33280K)] 710276K->683034K(722432K), 0.0092585 secs] [Times: user=0.12 sys=0.00, real=0.01 secs] 
2019-02-01T02:27:43.321+0000: 801229.327: Total time for which application threads were stopped: 0.0125384 seconds, Stopping threads took: 0.0000527 seconds
2019-02-01T02:27:43.923+0000: 801229.928: Application time: 0.6012678 seconds
2019-02-01T02:27:43.926+0000: 801229.932: Total time for which application threads were stopped: 0.0032614 seconds, Stopping threads took: 0.0000638 seconds
2019-02-01T02:27:43.926+0000: 801229.932: Application time: 0.0000964 seconds
2019-02-01T02:27:43.928+0000: 801229.934: Total time for which application threads were stopped: 0.0021122 seconds, Stopping threads took: 0.0000440 seconds
2019-02-01T02:27:44.445+0000: 801230.451: Application time: 0.5167901 seconds
2019-02-01T02:27:44.448+0000: 801230.454: [GC (Allocation Failure) 2019-02-01T02:27:44.453+0000: 801230.458: [SoftReference, 0 refs, 0.0000333 secs]2019-02-01T02:27:44.453+0000: 801230.458: [WeakReference, 21 refs, 0.0000184 secs]2019-02-01T02:27:44.453+0000: 801230.458: [FinalReference, 249 refs, 0.0001400 secs]2019-02-01T02:27:44.453+0000: 801230.458: [PhantomReference, 0 refs, 0 refs, 0.0000142 secs]2019-02-01T02:27:44.453+0000: 801230.458: [JNI Weak Reference, 0.0000282 secs]
Desired survivor size 5242880 bytes, new threshold 1 (max 15)
[PSYoungGen: 31943K->2251K(37888K)] 711194K->683109K(727040K), 0.0090705 secs] [Times: user=0.09 sys=0.00, real=0.01 secs] 
2019-02-01T02:27:44.457+0000: 801230.463: Total time for which application threads were stopped: 0.0124606 seconds, Stopping threads took: 0.0000557 seconds
2019-02-01T02:27:45.792+0000: 801231.798: Application time: 1.3345477 seconds
2019-02-01T02:27:45.795+0000: 801231.801: [GC (Allocation Failure) 2019-02-01T02:27:45.799+0000: 801231.805: [SoftReference, 0 refs, 0.0000323 secs]2019-02-01T02:27:45.799+0000: 801231.805: [WeakReference, 12 refs, 0.0000161 secs]2019-02-01T02:27:45.799+0000: 801231.805: [FinalReference, 224 refs, 0.0001052 secs]2019-02-01T02:27:45.799+0000: 801231.805: [PhantomReference, 0 refs, 0 refs, 0.0000147 secs]2019-02-01T02:27:45.799+0000: 801231.805: [JNI Weak Reference, 0.0000239 secs]
Desired survivor size 5242880 bytes, new threshold 1 (max 15)
[PSYoungGen: 35019K->3040K(35328K)] 715877K->684549K(724480K), 0.0076640 secs] [Times: user=0.08 sys=0.00, real=0.01 secs] 
2019-02-01T02:27:45.803+0000: 801231.809: Total time for which application threads were stopped: 0.0109027 seconds, Stopping threads took: 0.0000502 seconds
2019-02-01T02:27:45.933+0000: 801231.939: Application time: 0.1303231 seconds
2019-02-01T02:27:45.936+0000: 801231.942: Total time for which application threads were stopped: 0.0031004 seconds, Stopping threads took: 0.0000399 seconds
2019-02-01T02:27:46.851+0000: 801232.857: Application time: 0.9145532 seconds
2019-02-01T02:27:46.854+0000: 801232.860: [GC (Allocation Failure) 2019-02-01T02:27:46.858+0000: 801232.864: [SoftReference, 0 refs, 0.0000326 secs]2019-02-01T02:27:46.858+0000: 801232.864: [WeakReference, 12 refs, 0.0000160 secs]2019-02-01T02:27:46.858+0000: 801232.864: [FinalReference, 263 refs, 0.0000923 secs]2019-02-01T02:27:46.859+0000: 801232.864: [PhantomReference, 0 refs, 0 refs, 0.0000143 secs]2019-02-01T02:27:46.859+0000: 801232.864: [JNI Weak Reference, 0.0000229 secs]
Desired survivor size 4718592 bytes, new threshold 1 (max 15)
[PSYoungGen: 35296K->2755K(35328K)] 716805K->685071K(724480K), 0.0082484 secs] [Times: user=0.08 sys=0.00, real=0.00 secs] 
2019-02-01T02:27:46.862+0000: 801232.868: Total time for which application threads were stopped: 0.0115048 seconds, Stopping threads took: 0.0000595 seconds
2019-02-01T02:27:47.659+0000: 801233.664: Application time: 0.7962501 seconds
2019-02-01T02:27:47.662+0000: 801233.667: [GC (Allocation Failure) 2019-02-01T02:27:47.666+0000: 801233.672: [SoftReference, 0 refs, 0.0000267 secs]2019-02-01T02:27:47.666+0000: 801233.672: [WeakReference, 8 refs, 0.0000092 secs]2019-02-01T02:27:47.666+0000: 801233.672: [FinalReference, 233 refs, 0.0000684 secs]2019-02-01T02:27:47.666+0000: 801233.672: [PhantomReference, 0 refs, 0 refs, 0.0000081 secs]2019-02-01T02:27:47.666+0000: 801233.672: [JNI Weak Reference, 0.0000210 secs]
Desired survivor size 4718592 bytes, new threshold 1 (max 15)
[PSYoungGen: 34499K->2392K(36352K)] 716815K->686120K(725504K), 0.0078486 secs] [Times: user=0.10 sys=0.01, real=0.01 secs] 
2019-02-01T02:27:47.670+0000: 801233.675: Total time for which application threads were stopped: 0.0109828 seconds, Stopping threads took: 0.0000502 seconds
2019-02-01T02:27:48.464+0000: 801234.470: Application time: 0.7948435 seconds
2019-02-01T02:27:48.468+0000: 801234.474: [GC (Allocation Failure) 2019-02-01T02:27:48.475+0000: 801234.481: [SoftReference, 0 refs, 0.0000327 secs]2019-02-01T02:27:48.475+0000: 801234.481: [WeakReference, 18 refs, 0.0000181 secs]2019-02-01T02:27:48.475+0000: 801234.481: [FinalReference, 252 refs, 0.0001099 secs]2019-02-01T02:27:48.475+0000: 801234.481: [PhantomReference, 0 refs, 0 refs, 0.0000142 secs]2019-02-01T02:27:48.475+0000: 801234.481: [JNI Weak Reference, 0.0000225 secs]
Desired survivor size 4718592 bytes, new threshold 1 (max 15)
[PSYoungGen: 34136K->3649K(41472K)] 717864K->688143K(730624K), 0.0111708 secs] [Times: user=0.15 sys=0.01, real=0.01 secs] 
2019-02-01T02:27:48.479+0000: 801234.485: Total time for which application threads were stopped: 0.0145537 seconds, Stopping threads took: 0.0000508 seconds
2019-02-01T02:27:49.613+0000: 801235.618: Application time: 1.1337173 seconds
2019-02-01T02:27:49.616+0000: 801235.622: Total time for which application threads were stopped: 0.0032322 seconds, Stopping threads took: 0.0000608 seconds
2019-02-01T02:27:49.616+0000: 801235.622: Application time: 0.0002228 seconds
2019-02-01T02:27:49.618+0000: 801235.624: [GC (GCLocker Initiated GC) 2019-02-01T02:27:49.623+0000: 801235.629: [SoftReference, 0 refs, 0.0000199 secs]2019-02-01T02:27:49.623+0000: 801235.629: [WeakReference, 27 refs, 0.0000125 secs]2019-02-01T02:27:49.623+0000: 801235.629: [FinalReference, 314 refs, 0.0000977 secs]2019-02-01T02:27:49.623+0000: 801235.629: [PhantomReference, 0 refs, 0 refs, 0.0000085 secs]2019-02-01T02:27:49.623+0000: 801235.629: [JNI Weak Reference, 0.0000151 secs]
Desired survivor size 6291456 bytes, new threshold 1 (max 15)
[PSYoungGen: 40513K->4600K(41472K)] 725011K->690959K(730624K), 0.0074301 secs] [Times: user=0.08 sys=0.01, real=0.01 secs] 
2019-02-01T02:27:49.626+0000: 801235.631: Total time for which application threads were stopped: 0.0095339 seconds, Stopping threads took: 0.0000593 seconds
2019-02-01T02:27:51.036+0000: 801237.042: Application time: 1.4104704 seconds
2019-02-01T02:27:51.040+0000: 801237.045: [GC (Allocation Failure) 2019-02-01T02:27:51.044+0000: 801237.049: [SoftReference, 0 refs, 0.0000319 secs]2019-02-01T02:27:51.044+0000: 801237.049: [WeakReference, 15 refs, 0.0000178 secs]2019-02-01T02:27:51.044+0000: 801237.049: [FinalReference, 344 refs, 0.0001288 secs]2019-02-01T02:27:51.044+0000: 801237.050: [PhantomReference, 0 refs, 0 refs, 0.0000145 secs]2019-02-01T02:27:51.044+0000: 801237.050: [JNI Weak Reference, 0.0000228 secs]
Desired survivor size 5767168 bytes, new threshold 1 (max 15)
[PSYoungGen: 41464K->3268K(48128K)] 727826K->691440K(737280K), 0.0079866 secs] [Times: user=0.08 sys=0.01, real=0.01 secs] 
2019-02-01T02:27:51.048+0000: 801237.053: [Full GC (Ergonomics) 2019-02-01T02:27:51.092+0000: 801237.098: [SoftReference, 147 refs, 0.0000878 secs]2019-02-01T02:27:51.092+0000: 801237.098: [WeakReference, 3216 refs, 0.0006118 secs]2019-02-01T02:27:51.093+0000: 801237.099: [FinalReference, 1148 refs, 0.0009372 secs]2019-02-01T02:27:51.094+0000: 801237.100: [PhantomReference, 0 refs, 133 refs, 0.0000417 secs]2019-02-01T02:27:51.094+0000: 801237.100: [JNI Weak Reference, 0.0000389 secs][PSYoungGen: 3268K->0K(48128K)] [ParOldGen: 688171K->636068K(691200K)] 691440K->636068K(739328K), [Metaspace: 75231K->75231K(1118208K)], 0.1756513 secs] [Times: user=2.62 sys=0.00, real=0.17 secs] 
2019-02-01T02:27:51.223+0000: 801237.229: Total time for which application threads were stopped: 0.1872178 seconds, Stopping threads took: 0.0000770 seconds
2019-02-01T02:27:52.798+0000: 801238.804: Application time: 1.5744387 seconds
2019-02-01T02:27:52.801+0000: 801238.807: [GC (Allocation Failure) 2019-02-01T02:27:52.806+0000: 801238.812: [SoftReference, 0 refs, 0.0000322 secs]2019-02-01T02:27:52.806+0000: 801238.812: [WeakReference, 28 refs, 0.0000293 secs]2019-02-01T02:27:52.806+0000: 801238.812: [FinalReference, 290 refs, 0.0001554 secs]2019-02-01T02:27:52.806+0000: 801238.812: [PhantomReference, 0 refs, 0 refs, 0.0000140 secs]2019-02-01T02:27:52.806+0000: 801238.812: [JNI Weak Reference, 0.0000225 secs]
Desired survivor size 5767168 bytes, new threshold 1 (max 15)
[PSYoungGen: 43008K->3401K(46080K)] 679076K->639470K(737280K), 0.0086948 secs] [Times: user=0.07 sys=0.01, real=0.01 secs] 
2019-02-01T02:27:52.810+0000: 801238.816: Total time for which application threads were stopped: 0.0120844 seconds, Stopping threads took: 0.0000621 seconds
2019-02-01T02:27:53.788+0000: 801239.793: Application time: 0.9777762 seconds
2019-02-01T02:27:53.791+0000: 801239.797: [GC (Allocation Failure) 2019-02-01T02:27:53.800+0000: 801239.806: [SoftReference, 0 refs, 0.0000328 secs]2019-02-01T02:27:53.800+0000: 801239.806: [WeakReference, 22 refs, 0.0000198 secs]2019-02-01T02:27:53.800+0000: 801239.806: [FinalReference, 408 refs, 0.0001784 secs]2019-02-01T02:27:53.800+0000: 801239.806: [PhantomReference, 0 refs, 0 refs, 0.0000147 secs]2019-02-01T02:27:53.800+0000: 801239.806: [JNI Weak Reference, 0.0000220 secs]
Desired survivor size 5767168 bytes, new threshold 1 (max 15)
[PSYoungGen: 45897K->3053K(48128K)] 681966K->641361K(739328K), 0.0126808 secs] [Times: user=0.19 sys=0.00, real=0.02 secs] 
2019-02-01T02:27:53.804+0000: 801239.810: Total time for which application threads were stopped: 0.0160672 seconds, Stopping threads took: 0.0000809 seconds
2019-02-01T02:27:55.137+0000: 801241.143: Application time: 1.3329582 seconds
2019-02-01T02:27:55.140+0000: 801241.146: [GC (Allocation Failure) 2019-02-01T02:27:55.149+0000: 801241.155: [SoftReference, 0 refs, 0.0000325 secs]2019-02-01T02:27:55.149+0000: 801241.155: [WeakReference, 20 refs, 0.0000176 secs]2019-02-01T02:27:55.149+0000: 801241.155: [FinalReference, 341 refs, 0.0001490 secs]2019-02-01T02:27:55.149+0000: 801241.155: [PhantomReference, 0 refs, 0 refs, 0.0000149 secs]2019-02-01T02:27:55.149+0000: 801241.155: [JNI Weak Reference, 0.0000226 secs]
Desired survivor size 5242880 bytes, new threshold 1 (max 15)
[PSYoungGen: 45549K->3608K(48128K)] 683857K->643335K(739328K), 0.0124960 secs] [Times: user=0.20 sys=0.00, real=0.01 secs] 
2019-02-01T02:27:55.153+0000: 801241.159: Total time for which application threads were stopped: 0.0159881 seconds, Stopping threads took: 0.0000578 seconds
2019-02-01T02:27:56.787+0000: 801242.793: Application time: 1.6340623 seconds
2019-02-01T02:27:56.790+0000: 801242.796: [GC (Allocation Failure) 2019-02-01T02:27:56.797+0000: 801242.803: [SoftReference, 0 refs, 0.0000271 secs]2019-02-01T02:27:56.797+0000: 801242.803: [WeakReference, 15 refs, 0.0000168 secs]2019-02-01T02:27:56.797+0000: 801242.803: [FinalReference, 341 refs, 0.0001827 secs]2019-02-01T02:27:56.797+0000: 801242.803: [PhantomReference, 0 refs, 0 refs, 0.0000146 secs]2019-02-01T02:27:56.797+0000: 801242.803: [JNI Weak Reference, 0.0000226 secs]
Desired survivor size 5242880 bytes, new threshold 1 (max 15)
[PSYoungGen: 46104K->2149K(53760K)] 685831K->643119K(744960K), 0.0110470 secs] [Times: user=0.10 sys=0.01, real=0.01 secs] 
2019-02-01T02:27:56.801+0000: 801242.807: Total time for which application threads were stopped: 0.0143381 seconds, Stopping threads took: 0.0000846 seconds
2019-02-01T02:27:56.932+0000: 801242.938: Application time: 0.1306914 seconds
2019-02-01T02:27:56.935+0000: 801242.941: Total time for which application threads were stopped: 0.0031017 seconds, Stopping threads took: 0.0000490 seconds
2019-02-01T02:27:56.935+0000: 801242.941: Application time: 0.0000874 seconds
2019-02-01T02:27:56.937+0000: 801242.943: Total time for which application threads were stopped: 0.0021116 seconds, Stopping threads took: 0.0000275 seconds
2019-02-01T02:27:57.038+0000: 801243.044: Application time: 0.1006913 seconds
2019-02-01T02:27:57.041+0000: 801243.046: Total time for which application threads were stopped: 0.0027546 seconds, Stopping threads took: 0.0000529 seconds
2019-02-01T02:27:57.041+0000: 801243.046: Application time: 0.0001057 seconds
2019-02-01T02:27:57.042+0000: 801243.048: Total time for which application threads were stopped: 0.0017334 seconds, Stopping threads took: 0.0000364 seconds
2019-02-01T02:27:57.143+0000: 801243.149: Application time: 0.1006495 seconds
2019-02-01T02:27:57.146+0000: 801243.151: Total time for which application threads were stopped: 0.0024842 seconds, Stopping threads took: 0.0000875 seconds
2019-02-01T02:27:57.146+0000: 801243.151: Application time: 0.0001216 seconds
2019-02-01T02:27:57.148+0000: 801243.154: Total time for which application threads were stopped: 0.0020927 seconds, Stopping threads took: 0.0000684 seconds
2019-02-01T02:27:57.248+0000: 801243.254: Application time: 0.1006350 seconds
2019-02-01T02:27:57.251+0000: 801243.257: Total time for which application threads were stopped: 0.0025897 seconds, Stopping threads took: 0.0000373 seconds
2019-02-01T02:27:57.251+0000: 801243.257: Application time: 0.0001044 seconds
2019-02-01T02:27:57.253+0000: 801243.259: Total time for which application threads were stopped: 0.0017358 seconds, Stopping threads took: 0.0000752 seconds
2019-02-01T02:27:57.353+0000: 801243.358: Application time: 0.0998008 seconds
2019-02-01T02:27:57.355+0000: 801243.361: Total time for which application threads were stopped: 0.0022891 seconds, Stopping threads took: 0.0000598 seconds
2019-02-01T02:27:57.355+0000: 801243.361: Application time: 0.0000745 seconds
2019-02-01T02:27:57.357+0000: 801243.363: Total time for which application threads were stopped: 0.0020597 seconds, Stopping threads took: 0.0000649 seconds
2019-02-01T02:27:57.392+0000: 801243.397: Application time: 0.0344437 seconds
2019-02-01T02:27:57.394+0000: 801243.399: Total time for which application threads were stopped: 0.0019790 seconds, Stopping threads took: 0.0000324 seconds
2019-02-01T02:27:57.595+0000: 801243.600: Application time: 0.2010533 seconds
2019-02-01T02:27:57.598+0000: 801243.603: Total time for which application threads were stopped: 0.0029064 seconds, Stopping threads took: 0.0000556 seconds
2019-02-01T02:27:57.648+0000: 801243.654: Application time: 0.0506412 seconds
2019-02-01T02:27:57.651+0000: 801243.656: Total time for which application threads were stopped: 0.0025018 seconds, Stopping threads took: 0.0000399 seconds
2019-02-01T02:27:58.158+0000: 801244.164: Application time: 0.5071559 seconds
2019-02-01T02:27:58.161+0000: 801244.167: Total time for which application threads were stopped: 0.0031539 seconds, Stopping threads took: 0.0000475 seconds
2019-02-01T02:27:58.161+0000: 801244.167: Application time: 0.0001010 seconds
2019-02-01T02:27:58.163+0000: 801244.169: Total time for which application threads were stopped: 0.0020157 seconds, Stopping threads took: 0.0000747 seconds
2019-02-01T02:27:58.940+0000: 801244.946: Application time: 0.7772667 seconds
2019-02-01T02:27:58.943+0000: 801244.949: [GC (Allocation Failure) 2019-02-01T02:27:58.949+0000: 801244.955: [SoftReference, 0 refs, 0.0000196 secs]2019-02-01T02:27:58.949+0000: 801244.955: [WeakReference, 23 refs, 0.0000129 secs]2019-02-01T02:27:58.949+0000: 801244.955: [FinalReference, 320 refs, 0.0001417 secs]2019-02-01T02:27:58.949+0000: 801244.955: [PhantomReference, 0 refs, 0 refs, 0.0000083 secs]2019-02-01T02:27:58.949+0000: 801244.955: [JNI Weak Reference, 0.0000208 secs]
Desired survivor size 5242880 bytes, new threshold 1 (max 15)
[PSYoungGen: 51301K->2930K(51200K)] 692271K->644659K(742400K), 0.0098674 secs] [Times: user=0.13 sys=0.00, real=0.01 secs] 
2019-02-01T02:27:58.953+0000: 801244.959: Total time for which application threads were stopped: 0.0128103 seconds, Stopping threads took: 0.0000622 seconds
2019-02-01T02:27:59.566+0000: 801245.572: Application time: 0.6128643 seconds
2019-02-01T02:27:59.569+0000: 801245.575: Total time for which application threads were stopped: 0.0033698 seconds, Stopping threads took: 0.0000787 seconds
2019-02-01T02:27:59.570+0000: 801245.575: Application time: 0.0000965 seconds
2019-02-01T02:27:59.572+0000: 801245.577: Total time for which application threads were stopped: 0.0021271 seconds, Stopping threads took: 0.0000403 seconds
2019-02-01T02:28:00.173+0000: 801246.179: Application time: 0.6014477 seconds
2019-02-01T02:28:00.178+0000: 801246.184: Total time for which application threads were stopped: 0.0047945 seconds, Stopping threads took: 0.0000790 seconds
2019-02-01T02:28:00.178+0000: 801246.184: Application time: 0.0000940 seconds
2019-02-01T02:28:00.180+0000: 801246.186: Total time for which application threads were stopped: 0.0021047 seconds, Stopping threads took: 0.0000345 seconds
2019-02-01T02:28:00.281+0000: 801246.286: Application time: 0.1005894 seconds
2019-02-01T02:28:00.283+0000: 801246.289: Total time for which application threads were stopped: 0.0027528 seconds, Stopping threads took: 0.0000503 seconds
2019-02-01T02:28:01.042+0000: 801247.048: Application time: 0.7586850 seconds
2019-02-01T02:28:01.045+0000: 801247.051: [GC (Allocation Failure) 2019-02-01T02:28:01.050+0000: 801247.056: [SoftReference, 0 refs, 0.0000322 secs]2019-02-01T02:28:01.050+0000: 801247.056: [WeakReference, 36 refs, 0.0000478 secs]2019-02-01T02:28:01.050+0000: 801247.056: [FinalReference, 259 refs, 0.0001276 secs]2019-02-01T02:28:01.051+0000: 801247.056: [PhantomReference, 0 refs, 0 refs, 0.0000144 secs]2019-02-01T02:28:01.051+0000: 801247.056: [JNI Weak Reference, 0.0000226 secs]
Desired survivor size 5242880 bytes, new threshold 1 (max 15)
[PSYoungGen: 51058K->2884K(51200K)] 692787K->646386K(742400K), 0.0088587 secs] [Times: user=0.09 sys=0.00, real=0.00 secs] 
2019-02-01T02:28:01.054+0000: 801247.060: Total time for which application threads were stopped: 0.0121517 seconds, Stopping threads took: 0.0000546 seconds
2019-02-01T02:28:01.130+0000: 801247.136: Application time: 0.0758736 seconds
2019-02-01T02:28:01.133+0000: 801247.139: Total time for which application threads were stopped: 0.0030065 seconds, Stopping threads took: 0.0001112 seconds
2019-02-01T02:28:01.586+0000: 801247.592: Application time: 0.4529240 seconds
2019-02-01T02:28:01.589+0000: 801247.595: Total time for which application threads were stopped: 0.0032965 seconds, Stopping threads took: 0.0000613 seconds
2019-02-01T02:28:01.790+0000: 801247.796: Application time: 0.2007527 seconds
2019-02-01T02:28:01.794+0000: 801247.799: Total time for which application threads were stopped: 0.0033463 seconds, Stopping threads took: 0.0000584 seconds
2019-02-01T02:28:01.906+0000: 801247.912: Application time: 0.1124024 seconds
2019-02-01T02:28:01.909+0000: 801247.915: Total time for which application threads were stopped: 0.0028236 seconds, Stopping threads took: 0.0000650 seconds
2019-02-01T02:28:01.940+0000: 801247.946: Application time: 0.0316635 seconds
2019-02-01T02:28:01.943+0000: 801247.949: Total time for which application threads were stopped: 0.0028841 seconds, Stopping threads took: 0.0000566 seconds
2019-02-01T02:28:01.945+0000: 801247.951: Application time: 0.0014351 seconds
2019-02-01T02:28:01.947+0000: 801247.953: Total time for which application threads were stopped: 0.0020543 seconds, Stopping threads took: 0.0000615 seconds
2019-02-01T02:28:02.691+0000: 801248.696: Application time: 0.7437392 seconds
2019-02-01T02:28:02.695+0000: 801248.700: Total time for which application threads were stopped: 0.0040670 seconds, Stopping threads took: 0.0000656 seconds
2019-02-01T02:28:03.143+0000: 801249.149: Application time: 0.4483584 seconds
2019-02-01T02:28:03.147+0000: 801249.153: [GC (Allocation Failure) 2019-02-01T02:28:03.157+0000: 801249.163: [SoftReference, 0 refs, 0.0000479 secs]2019-02-01T02:28:03.157+0000: 801249.163: [WeakReference, 30 refs, 0.0000241 secs]2019-02-01T02:28:03.157+0000: 801249.163: [FinalReference, 353 refs, 0.0001985 secs]2019-02-01T02:28:03.158+0000: 801249.163: [PhantomReference, 0 refs, 0 refs, 0.0000147 secs]2019-02-01T02:28:03.158+0000: 801249.163: [JNI Weak Reference, 0.0000314 secs]
Desired survivor size 5242880 bytes, new threshold 1 (max 15)
[PSYoungGen: 49988K->4198K(50688K)] 693490K->648937K(741888K), 0.0157142 secs] [Times: user=0.23 sys=0.00, real=0.01 secs] 
2019-02-01T02:28:03.163+0000: 801249.169: Total time for which application threads were stopped: 0.0199449 seconds, Stopping threads took: 0.0000586 seconds
2019-02-01T02:28:05.008+0000: 801251.014: Application time: 1.8454282 seconds
2019-02-01T02:28:05.012+0000: 801251.017: [GC (Allocation Failure) 2019-02-01T02:28:05.018+0000: 801251.024: [SoftReference, 0 refs, 0.0000363 secs]2019-02-01T02:28:05.018+0000: 801251.024: [WeakReference, 5 refs, 0.0000150 secs]2019-02-01T02:28:05.018+0000: 801251.024: [FinalReference, 354 refs, 0.0001969 secs]2019-02-01T02:28:05.018+0000: 801251.024: [PhantomReference, 0 refs, 0 refs, 0.0000146 secs]2019-02-01T02:28:05.018+0000: 801251.024: [JNI Weak Reference, 0.0000238 secs]
Desired survivor size 5242880 bytes, new threshold 1 (max 15)
[PSYoungGen: 50278K->2060K(48640K)] 695017K->648341K(739840K), 0.0103688 secs] [Times: user=0.07 sys=0.00, real=0.01 secs] 
2019-02-01T02:28:05.022+0000: 801251.028: Total time for which application threads were stopped: 0.0137325 seconds, Stopping threads took: 0.0000539 seconds
2019-02-01T02:28:06.566+0000: 801252.571: Application time: 1.5435432 seconds
2019-02-01T02:28:06.570+0000: 801252.576: Total time for which application threads were stopped: 0.0042003 seconds, Stopping threads took: 0.0000701 seconds
2019-02-01T02:28:06.909+0000: 801252.915: Application time: 0.3392555 seconds
2019-02-01T02:28:06.913+0000: 801252.919: [GC (Allocation Failure) 2019-02-01T02:28:06.918+0000: 801252.924: [SoftReference, 0 refs, 0.0000241 secs]2019-02-01T02:28:06.918+0000: 801252.924: [WeakReference, 6 refs, 0.0000098 secs]2019-02-01T02:28:06.918+0000: 801252.924: [FinalReference, 294 refs, 0.0001418 secs]2019-02-01T02:28:06.918+0000: 801252.924: [PhantomReference, 0 refs, 0 refs, 0.0000090 secs]2019-02-01T02:28:06.918+0000: 801252.924: [JNI Weak Reference, 0.0000244 secs]
Desired survivor size 5242880 bytes, new threshold 1 (max 15)
[PSYoungGen: 47116K->2126K(46592K)] 693397K->649283K(737792K), 0.0096886 secs] [Times: user=0.12 sys=0.01, real=0.01 secs] 
2019-02-01T02:28:06.923+0000: 801252.928: Total time for which application threads were stopped: 0.0135448 seconds, Stopping threads took: 0.0000566 seconds
2019-02-01T02:28:08.379+0000: 801254.385: Application time: 1.4562685 seconds
2019-02-01T02:28:08.382+0000: 801254.388: [GC (Allocation Failure) 2019-02-01T02:28:08.387+0000: 801254.392: [SoftReference, 0 refs, 0.0000333 secs]2019-02-01T02:28:08.387+0000: 801254.393: [WeakReference, 22 refs, 0.0000189 secs]2019-02-01T02:28:08.387+0000: 801254.393: [FinalReference, 349 refs, 0.0001636 secs]2019-02-01T02:28:08.387+0000: 801254.393: [PhantomReference, 0 refs, 0 refs, 0.0000152 secs]2019-02-01T02:28:08.387+0000: 801254.393: [JNI Weak Reference, 0.0000288 secs]
Desired survivor size 5767168 bytes, new threshold 1 (max 15)
[PSYoungGen: 46158K->4452K(48640K)] 693315K->652516K(739840K), 0.0091234 secs] [Times: user=0.08 sys=0.00, real=0.01 secs] 
2019-02-01T02:28:08.391+0000: 801254.397: Total time for which application threads were stopped: 0.0124959 seconds, Stopping threads took: 0.0000481 seconds
2019-02-01T02:28:10.352+0000: 801256.357: Application time: 1.9602459 seconds
2019-02-01T02:28:10.355+0000: 801256.361: [GC (Allocation Failure) 2019-02-01T02:28:10.360+0000: 801256.365: [SoftReference, 0 refs, 0.0000301 secs]2019-02-01T02:28:10.360+0000: 801256.365: [WeakReference, 22 refs, 0.0000173 secs]2019-02-01T02:28:10.360+0000: 801256.365: [FinalReference, 286 refs, 0.0000928 secs]2019-02-01T02:28:10.360+0000: 801256.365: [PhantomReference, 0 refs, 0 refs, 0.0000140 secs]2019-02-01T02:28:10.360+0000: 801256.365: [JNI Weak Reference, 0.0000234 secs]
Desired survivor size 5767168 bytes, new threshold 1 (max 15)
[PSYoungGen: 47972K->3221K(46592K)] 696036K->653088K(737792K), 0.0084356 secs] [Times: user=0.08 sys=0.01, real=0.01 secs] 
2019-02-01T02:28:10.364+0000: 801256.369: Total time for which application threads were stopped: 0.0118598 seconds, Stopping threads took: 0.0000603 seconds
2019-02-01T02:28:11.932+0000: 801257.937: Application time: 1.5681132 seconds
2019-02-01T02:28:11.935+0000: 801257.941: [GC (Allocation Failure) 2019-02-01T02:28:11.939+0000: 801257.945: [SoftReference, 0 refs, 0.0000323 secs]2019-02-01T02:28:11.939+0000: 801257.945: [WeakReference, 24 refs, 0.0000197 secs]2019-02-01T02:28:11.939+0000: 801257.945: [FinalReference, 347 refs, 0.0001736 secs]2019-02-01T02:28:11.939+0000: 801257.945: [PhantomReference, 0 refs, 0 refs, 0.0000220 secs]2019-02-01T02:28:11.939+0000: 801257.945: [JNI Weak Reference, 0.0000288 secs]
Desired survivor size 5242880 bytes, new threshold 1 (max 15)
[PSYoungGen: 46229K->2984K(46592K)] 696096K->654495K(737792K), 0.0093211 secs] [Times: user=0.09 sys=0.01, real=0.01 secs] 
2019-02-01T02:28:11.944+0000: 801257.950: Total time for which application threads were stopped: 0.0125745 seconds, Stopping threads took: 0.0000499 seconds
2019-02-01T02:28:13.412+0000: 801259.418: Application time: 1.4676088 seconds
2019-02-01T02:28:13.415+0000: 801259.421: [GC (Allocation Failure) 2019-02-01T02:28:13.423+0000: 801259.429: [SoftReference, 0 refs, 0.0000328 secs]2019-02-01T02:28:13.423+0000: 801259.429: [WeakReference, 58 refs, 0.0000250 secs]2019-02-01T02:28:13.423+0000: 801259.429: [FinalReference, 305 refs, 0.0001457 secs]2019-02-01T02:28:13.423+0000: 801259.429: [PhantomReference, 0 refs, 0 refs, 0.0000146 secs]2019-02-01T02:28:13.423+0000: 801259.429: [JNI Weak Reference, 0.0000272 secs]
Desired survivor size 5242880 bytes, new threshold 1 (max 15)
[PSYoungGen: 45480K->3522K(45568K)] 696991K->656083K(736768K), 0.0126529 secs] [Times: user=0.21 sys=0.00, real=0.02 secs] 
2019-02-01T02:28:13.428+0000: 801259.434: Total time for which application threads were stopped: 0.0159306 seconds, Stopping threads took: 0.0000629 seconds
2019-02-01T02:28:14.867+0000: 801260.873: Application time: 1.4389956 seconds
2019-02-01T02:28:14.870+0000: 801260.876: [GC (Allocation Failure) 2019-02-01T02:28:14.874+0000: 801260.880: [SoftReference, 0 refs, 0.0000426 secs]2019-02-01T02:28:14.874+0000: 801260.880: [WeakReference, 15 refs, 0.0000180 secs]2019-02-01T02:28:14.874+0000: 801260.880: [FinalReference, 314 refs, 0.0001979 secs]2019-02-01T02:28:14.875+0000: 801260.880: [PhantomReference, 0 refs, 0 refs, 0.0000183 secs]2019-02-01T02:28:14.875+0000: 801260.880: [JNI Weak Reference, 0.0000220 secs]
Desired survivor size 5242880 bytes, new threshold 1 (max 15)
[PSYoungGen: 45506K->3336K(46080K)] 698067K->657517K(737280K), 0.0085363 secs] [Times: user=0.09 sys=0.00, real=0.01 secs] 
2019-02-01T02:28:14.879+0000: 801260.884: Total time for which application threads were stopped: 0.0117782 seconds, Stopping threads took: 0.0000489 seconds
2019-02-01T02:28:16.454+0000: 801262.460: Application time: 1.5758269 seconds
2019-02-01T02:28:16.458+0000: 801262.463: Total time for which application threads were stopped: 0.0032263 seconds, Stopping threads took: 0.0000715 seconds
2019-02-01T02:28:16.458+0000: 801262.464: Application time: 0.0000810 seconds
2019-02-01T02:28:16.460+0000: 801262.466: [GC (GCLocker Initiated GC) 2019-02-01T02:28:16.468+0000: 801262.474: [SoftReference, 0 refs, 0.0000326 secs]2019-02-01T02:28:16.468+0000: 801262.474: [WeakReference, 20 refs, 0.0000180 secs]2019-02-01T02:28:16.468+0000: 801262.474: [FinalReference, 265 refs, 0.0001520 secs]2019-02-01T02:28:16.468+0000: 801262.474: [PhantomReference, 0 refs, 0 refs, 0.0000143 secs]2019-02-01T02:28:16.468+0000: 801262.474: [JNI Weak Reference, 0.0000274 secs]
Desired survivor size 5242880 bytes, new threshold 1 (max 15)
[PSYoungGen: 44808K->3785K(45056K)] 698990K->659536K(736256K), 0.0134701 secs] [Times: user=0.18 sys=0.00, real=0.01 secs] 
2019-02-01T02:28:16.473+0000: 801262.479: Total time for which application threads were stopped: 0.0156048 seconds, Stopping threads took: 0.0000681 seconds
2019-02-01T02:28:17.707+0000: 801263.713: Application time: 1.2333992 seconds
2019-02-01T02:28:17.710+0000: 801263.716: [GC (Allocation Failure) 2019-02-01T02:28:17.713+0000: 801263.719: [SoftReference, 0 refs, 0.0000241 secs]2019-02-01T02:28:17.713+0000: 801263.719: [WeakReference, 17 refs, 0.0000164 secs]2019-02-01T02:28:17.713+0000: 801263.719: [FinalReference, 312 refs, 0.0001410 secs]2019-02-01T02:28:17.714+0000: 801263.719: [PhantomReference, 0 refs, 0 refs, 0.0000140 secs]2019-02-01T02:28:17.714+0000: 801263.719: [JNI Weak Reference, 0.0000228 secs]
Desired survivor size 5242880 bytes, new threshold 1 (max 15)
[PSYoungGen: 44745K->3137K(45056K)] 700499K->660553K(736256K), 0.0075640 secs] [Times: user=0.07 sys=0.00, real=0.01 secs] 
2019-02-01T02:28:17.718+0000: 801263.723: Total time for which application threads were stopped: 0.0107533 seconds, Stopping threads took: 0.0000536 seconds
2019-02-01T02:28:19.000+0000: 801265.006: Application time: 1.2823415 seconds
2019-02-01T02:28:19.003+0000: 801265.009: [GC (Allocation Failure) 2019-02-01T02:28:19.008+0000: 801265.014: [SoftReference, 0 refs, 0.0000321 secs]2019-02-01T02:28:19.008+0000: 801265.014: [WeakReference, 14 refs, 0.0000174 secs]2019-02-01T02:28:19.008+0000: 801265.014: [FinalReference, 273 refs, 0.0001345 secs]2019-02-01T02:28:19.008+0000: 801265.014: [PhantomReference, 0 refs, 0 refs, 0.0000144 secs]2019-02-01T02:28:19.008+0000: 801265.014: [JNI Weak Reference, 0.0000344 secs]
Desired survivor size 5242880 bytes, new threshold 1 (max 15)
[PSYoungGen: 43585K->2490K(42496K)] 701001K->661031K(733696K), 0.0092739 secs] [Times: user=0.09 sys=0.00, real=0.01 secs] 
2019-02-01T02:28:19.012+0000: 801265.018: Total time for which application threads were stopped: 0.0125656 seconds, Stopping threads took: 0.0000483 seconds
2019-02-01T02:28:20.355+0000: 801266.361: Application time: 1.3424670 seconds
2019-02-01T02:28:20.358+0000: 801266.364: [GC (Allocation Failure) 2019-02-01T02:28:20.362+0000: 801266.368: [SoftReference, 0 refs, 0.0000368 secs]2019-02-01T02:28:20.362+0000: 801266.368: [WeakReference, 15 refs, 0.0000221 secs]2019-02-01T02:28:20.362+0000: 801266.368: [FinalReference, 266 refs, 0.0001236 secs]2019-02-01T02:28:20.363+0000: 801266.368: [PhantomReference, 0 refs, 0 refs, 0.0000139 secs]2019-02-01T02:28:20.363+0000: 801266.368: [JNI Weak Reference, 0.0000225 secs]
Desired survivor size 5242880 bytes, new threshold 1 (max 15)
[PSYoungGen: 42426K->4489K(44032K)] 700967K->664093K(735232K), 0.0080610 secs] [Times: user=0.09 sys=0.00, real=0.00 secs] 
2019-02-01T02:28:20.366+0000: 801266.372: Total time for which application threads were stopped: 0.0115876 seconds, Stopping threads took: 0.0000891 seconds
2019-02-01T02:28:21.917+0000: 801267.923: Application time: 1.5503546 seconds
2019-02-01T02:28:21.920+0000: 801267.926: [GC (Allocation Failure) 2019-02-01T02:28:21.925+0000: 801267.931: [SoftReference, 0 refs, 0.0000394 secs]2019-02-01T02:28:21.925+0000: 801267.931: [WeakReference, 16 refs, 0.0000178 secs]2019-02-01T02:28:21.925+0000: 801267.931: [FinalReference, 236 refs, 0.0001208 secs]2019-02-01T02:28:21.925+0000: 801267.931: [PhantomReference, 0 refs, 0 refs, 0.0000148 secs]2019-02-01T02:28:21.925+0000: 801267.931: [JNI Weak Reference, 0.0000389 secs]
Desired survivor size 5242880 bytes, new threshold 1 (max 15)
[PSYoungGen: 43913K->2152K(41472K)] 703517K->662779K(732672K), 0.0091297 secs] [Times: user=0.10 sys=0.00, real=0.01 secs] 
2019-02-01T02:28:21.929+0000: 801267.935: Total time for which application threads were stopped: 0.0124842 seconds, Stopping threads took: 0.0000529 seconds
2019-02-01T02:28:22.923+0000: 801268.929: Application time: 0.9939267 seconds
2019-02-01T02:28:22.927+0000: 801268.932: [GC (Allocation Failure) 2019-02-01T02:28:22.931+0000: 801268.937: [SoftReference, 0 refs, 0.0000303 secs]2019-02-01T02:28:22.931+0000: 801268.937: [WeakReference, 15 refs, 0.0000245 secs]2019-02-01T02:28:22.931+0000: 801268.937: [FinalReference, 354 refs, 0.0001527 secs]2019-02-01T02:28:22.931+0000: 801268.937: [PhantomReference, 0 refs, 0 refs, 0.0000235 secs]2019-02-01T02:28:22.931+0000: 801268.937: [JNI Weak Reference, 0.0000233 secs]
Desired survivor size 5242880 bytes, new threshold 1 (max 15)
[PSYoungGen: 40872K->2980K(43008K)] 701499K->664896K(734208K), 0.0081646 secs] [Times: user=0.09 sys=0.00, real=0.01 secs] 
2019-02-01T02:28:22.935+0000: 801268.941: Total time for which application threads were stopped: 0.0116259 seconds, Stopping threads took: 0.0000612 seconds
2019-02-01T02:28:24.036+0000: 801270.042: Application time: 1.1011055 seconds
2019-02-01T02:28:24.039+0000: 801270.045: Total time for which application threads were stopped: 0.0034243 seconds, Stopping threads took: 0.0000656 seconds
2019-02-01T02:28:24.040+0000: 801270.045: Application time: 0.0000693 seconds
2019-02-01T02:28:24.042+0000: 801270.048: Total time for which application threads were stopped: 0.0022496 seconds, Stopping threads took: 0.0000833 seconds
2019-02-01T02:28:24.188+0000: 801270.194: Application time: 0.1464610 seconds
2019-02-01T02:28:24.191+0000: 801270.197: Total time for which application threads were stopped: 0.0030784 seconds, Stopping threads took: 0.0000591 seconds
2019-02-01T02:28:24.191+0000: 801270.197: Application time: 0.0001208 seconds
2019-02-01T02:28:24.193+0000: 801270.199: [GC (GCLocker Initiated GC) 2019-02-01T02:28:24.198+0000: 801270.204: [SoftReference, 0 refs, 0.0000344 secs]2019-02-01T02:28:24.198+0000: 801270.204: [WeakReference, 25 refs, 0.0000194 secs]2019-02-01T02:28:24.198+0000: 801270.204: [FinalReference, 312 refs, 0.0001362 secs]2019-02-01T02:28:24.198+0000: 801270.204: [PhantomReference, 0 refs, 0 refs, 0.0000143 secs]2019-02-01T02:28:24.198+0000: 801270.204: [JNI Weak Reference, 0.0000237 secs]
Desired survivor size 5242880 bytes, new threshold 1 (max 15)
[PSYoungGen: 41380K->3423K(41472K)] 703298K->666673K(732672K), 0.0083953 secs] [Times: user=0.08 sys=0.00, real=0.01 secs] 
2019-02-01T02:28:24.202+0000: 801270.208: Total time for which application threads were stopped: 0.0105429 seconds, Stopping threads took: 0.0000779 seconds
2019-02-01T02:28:25.026+0000: 801271.032: Application time: 0.8238787 seconds
2019-02-01T02:28:25.029+0000: 801271.035: [GC (Allocation Failure) 2019-02-01T02:28:25.038+0000: 801271.044: [SoftReference, 0 refs, 0.0000301 secs]2019-02-01T02:28:25.038+0000: 801271.044: [WeakReference, 16 refs, 0.0000166 secs]2019-02-01T02:28:25.038+0000: 801271.044: [FinalReference, 313 refs, 0.0001292 secs]2019-02-01T02:28:25.038+0000: 801271.044: [PhantomReference, 0 refs, 0 refs, 0.0000145 secs]2019-02-01T02:28:25.038+0000: 801271.044: [JNI Weak Reference, 0.0000227 secs]
Desired survivor size 5242880 bytes, new threshold 1 (max 15)
[PSYoungGen: 41311K->4003K(43008K)] 704563K->668707K(734208K), 0.0127385 secs] [Times: user=0.23 sys=0.00, real=0.01 secs] 
2019-02-01T02:28:25.042+0000: 801271.048: Total time for which application threads were stopped: 0.0160124 seconds, Stopping threads took: 0.0000612 seconds
2019-02-01T02:28:26.065+0000: 801272.071: Application time: 1.0235381 seconds
2019-02-01T02:28:26.069+0000: 801272.074: [GC (Allocation Failure) 2019-02-01T02:28:26.074+0000: 801272.079: [SoftReference, 0 refs, 0.0000320 secs]2019-02-01T02:28:26.074+0000: 801272.079: [WeakReference, 12 refs, 0.0000163 secs]2019-02-01T02:28:26.074+0000: 801272.079: [FinalReference, 418 refs, 0.0002329 secs]2019-02-01T02:28:26.074+0000: 801272.080: [PhantomReference, 0 refs, 1 refs, 0.0000193 secs]2019-02-01T02:28:26.074+0000: 801272.080: [JNI Weak Reference, 0.0000233 secs]
Desired survivor size 5242880 bytes, new threshold 1 (max 15)
[PSYoungGen: 41891K->3734K(43008K)] 706595K->669934K(734208K), 0.0090032 secs] [Times: user=0.08 sys=0.00, real=0.00 secs] 
2019-02-01T02:28:26.078+0000: 801272.084: Total time for which application threads were stopped: 0.0124155 seconds, Stopping threads took: 0.0000553 seconds
2019-02-01T02:28:26.765+0000: 801272.771: Application time: 0.6870789 seconds
2019-02-01T02:28:26.768+0000: 801272.774: [GC (Allocation Failure) 2019-02-01T02:28:26.771+0000: 801272.777: [SoftReference, 0 refs, 0.0000301 secs]2019-02-01T02:28:26.771+0000: 801272.777: [WeakReference, 2 refs, 0.0000133 secs]2019-02-01T02:28:26.771+0000: 801272.777: [FinalReference, 392 refs, 0.0001643 secs]2019-02-01T02:28:26.771+0000: 801272.777: [PhantomReference, 0 refs, 0 refs, 0.0000142 secs]2019-02-01T02:28:26.771+0000: 801272.777: [JNI Weak Reference, 0.0000227 secs]
Desired survivor size 5242880 bytes, new threshold 1 (max 15)
[PSYoungGen: 41619K->2256K(49152K)] 707819K->670108K(740352K), 0.0070215 secs] [Times: user=0.06 sys=0.01, real=0.01 secs] 
2019-02-01T02:28:26.775+0000: 801272.781: Total time for which application threads were stopped: 0.0103144 seconds, Stopping threads took: 0.0000566 seconds
2019-02-01T02:28:27.791+0000: 801273.797: Application time: 1.0160136 seconds
2019-02-01T02:28:27.795+0000: 801273.800: [GC (Allocation Failure) 2019-02-01T02:28:27.798+0000: 801273.804: [SoftReference, 0 refs, 0.0000357 secs]2019-02-01T02:28:27.798+0000: 801273.804: [WeakReference, 4 refs, 0.0000170 secs]2019-02-01T02:28:27.798+0000: 801273.804: [FinalReference, 367 refs, 0.0001504 secs]2019-02-01T02:28:27.799+0000: 801273.804: [PhantomReference, 0 refs, 0 refs, 0.0000147 secs]2019-02-01T02:28:27.799+0000: 801273.804: [JNI Weak Reference, 0.0000226 secs]
Desired survivor size 5242880 bytes, new threshold 1 (max 15)
[PSYoungGen: 46288K->3058K(49152K)] 714140K->671579K(740352K), 0.0077479 secs] [Times: user=0.06 sys=0.00, real=0.01 secs] 
2019-02-01T02:28:27.802+0000: 801273.808: Total time for which application threads were stopped: 0.0111516 seconds, Stopping threads took: 0.0000564 seconds
2019-02-01T02:28:29.289+0000: 801275.294: Application time: 1.4863055 seconds
2019-02-01T02:28:29.292+0000: 801275.298: [GC (Allocation Failure) 2019-02-01T02:28:29.297+0000: 801275.303: [SoftReference, 0 refs, 0.0000300 secs]2019-02-01T02:28:29.297+0000: 801275.303: [WeakReference, 11 refs, 0.0000194 secs]2019-02-01T02:28:29.297+0000: 801275.303: [FinalReference, 332 refs, 0.0001441 secs]2019-02-01T02:28:29.297+0000: 801275.303: [PhantomReference, 0 refs, 0 refs, 0.0000141 secs]2019-02-01T02:28:29.297+0000: 801275.303: [JNI Weak Reference, 0.0000232 secs]
Desired survivor size 5767168 bytes, new threshold 1 (max 15)
[PSYoungGen: 47090K->4853K(55808K)] 715611K->674526K(747008K), 0.0088997 secs] [Times: user=0.09 sys=0.01, real=0.01 secs] 
2019-02-01T02:28:29.301+0000: 801275.307: Total time for which application threads were stopped: 0.0122371 seconds, Stopping threads took: 0.0000551 seconds
2019-02-01T02:28:30.366+0000: 801276.371: Application time: 1.0645976 seconds
2019-02-01T02:28:30.369+0000: 801276.375: [GC (Allocation Failure) 2019-02-01T02:28:30.830+0000: 801276.836: [SoftReference, 0 refs, 0.0000303 secs]2019-02-01T02:28:30.830+0000: 801276.836: [WeakReference, 3 refs, 0.0000079 secs]2019-02-01T02:28:30.830+0000: 801276.836: [FinalReference, 454 refs, 0.0001589 secs]2019-02-01T02:28:30.830+0000: 801276.836: [PhantomReference, 0 refs, 0 refs, 0.0000076 secs]2019-02-01T02:28:30.830+0000: 801276.836: [JNI Weak Reference, 0.0000143 secs]
Desired survivor size 5767168 bytes, new threshold 1 (max 15)
[PSYoungGen: 55541K->4405K(56320K)] 725214K->674852K(747520K), 0.4636090 secs] [Times: user=12.54 sys=2.31, real=0.47 secs] 
2019-02-01T02:28:30.833+0000: 801276.838: Total time for which application threads were stopped: 0.4669790 seconds, Stopping threads took: 0.0000500 seconds
2019-02-01T02:28:31.931+0000: 801277.937: Application time: 1.0982377 seconds
2019-02-01T02:28:31.934+0000: 801277.940: [GC (Allocation Failure) 2019-02-01T02:28:32.564+0000: 801278.570: [SoftReference, 0 refs, 0.0000363 secs]2019-02-01T02:28:32.564+0000: 801278.570: [WeakReference, 14 refs, 0.0000121 secs]2019-02-01T02:28:32.564+0000: 801278.570: [FinalReference, 405 refs, 0.0001419 secs]2019-02-01T02:28:32.564+0000: 801278.570: [PhantomReference, 0 refs, 0 refs, 0.0000076 secs]2019-02-01T02:28:32.564+0000: 801278.570: [JNI Weak Reference, 0.0000189 secs]
Desired survivor size 5767168 bytes, new threshold 1 (max 15)
[PSYoungGen: 55093K->2770K(66560K)] 725540K->675149K(757760K), 0.6328687 secs] [Times: user=19.71 sys=0.58, real=0.63 secs] 
2019-02-01T02:28:32.567+0000: 801278.573: Total time for which application threads were stopped: 0.6361146 seconds, Stopping threads took: 0.0000689 seconds
2019-02-01T02:28:34.385+0000: 801280.391: Application time: 1.8183367 seconds
2019-02-01T02:28:34.389+0000: 801280.394: [GC (Allocation Failure) 2019-02-01T02:28:34.392+0000: 801280.398: [SoftReference, 0 refs, 0.0000302 secs]2019-02-01T02:28:34.392+0000: 801280.398: [WeakReference, 36 refs, 0.0000213 secs]2019-02-01T02:28:34.392+0000: 801280.398: [FinalReference, 431 refs, 0.0002857 secs]2019-02-01T02:28:34.393+0000: 801280.398: [PhantomReference, 0 refs, 0 refs, 0.0000146 secs]2019-02-01T02:28:34.393+0000: 801280.398: [JNI Weak Reference, 0.0000222 secs]
Desired survivor size 5767168 bytes, new threshold 1 (max 15)
[PSYoungGen: 63682K->3602K(66560K)] 736061K->677527K(757760K), 0.0079192 secs] [Times: user=0.08 sys=0.00, real=0.01 secs] 
2019-02-01T02:28:34.397+0000: 801280.402: Total time for which application threads were stopped: 0.0112922 seconds, Stopping threads took: 0.0000615 seconds
2019-02-01T02:28:36.268+0000: 801282.274: Application time: 1.8719447 seconds
2019-02-01T02:28:36.272+0000: 801282.277: Total time for which application threads were stopped: 0.0031520 seconds, Stopping threads took: 0.0000589 seconds
2019-02-01T02:28:36.272+0000: 801282.278: Application time: 0.0001585 seconds
2019-02-01T02:28:36.273+0000: 801282.279: [GC (GCLocker Initiated GC) 2019-02-01T02:28:36.281+0000: 801282.287: [SoftReference, 0 refs, 0.0000321 secs]2019-02-01T02:28:36.281+0000: 801282.287: [WeakReference, 17 refs, 0.0000188 secs]2019-02-01T02:28:36.281+0000: 801282.287: [FinalReference, 553 refs, 0.0002676 secs]2019-02-01T02:28:36.282+0000: 801282.287: [PhantomReference, 0 refs, 0 refs, 0.0000086 secs]2019-02-01T02:28:36.282+0000: 801282.287: [JNI Weak Reference, 0.0000209 secs]
Desired survivor size 5767168 bytes, new threshold 1 (max 15)
[PSYoungGen: 64530K->3878K(78848K)] 738459K->679159K(770048K), 0.0119643 secs] [Times: user=0.16 sys=0.01, real=0.01 secs] 
2019-02-01T02:28:36.285+0000: 801282.291: Total time for which application threads were stopped: 0.0136084 seconds, Stopping threads took: 0.0000201 seconds
2019-02-01T02:28:38.913+0000: 801284.919: Application time: 2.6277102 seconds
2019-02-01T02:28:38.916+0000: 801284.922: [GC (Allocation Failure) 2019-02-01T02:28:38.920+0000: 801284.926: [SoftReference, 0 refs, 0.0000407 secs]2019-02-01T02:28:38.920+0000: 801284.926: [WeakReference, 9 refs, 0.0000150 secs]2019-02-01T02:28:38.920+0000: 801284.926: [FinalReference, 575 refs, 0.0003604 secs]2019-02-01T02:28:38.921+0000: 801284.927: [PhantomReference, 0 refs, 0 refs, 0.0000201 secs]2019-02-01T02:28:38.921+0000: 801284.927: [JNI Weak Reference, 0.0000224 secs]
Desired survivor size 5242880 bytes, new threshold 1 (max 15)
[PSYoungGen: 77094K->3251K(78848K)] 752481K->679710K(770048K), 0.0082772 secs] [Times: user=0.08 sys=0.01, real=0.01 secs] 
2019-02-01T02:28:38.925+0000: 801284.930: Total time for which application threads were stopped: 0.0115853 seconds, Stopping threads took: 0.0000551 seconds
2019-02-01T02:28:41.274+0000: 801287.280: Application time: 2.3496410 seconds
2019-02-01T02:28:41.277+0000: 801287.283: [GC (Allocation Failure) 2019-02-01T02:28:41.282+0000: 801287.288: [SoftReference, 0 refs, 0.0000324 secs]2019-02-01T02:28:41.282+0000: 801287.288: [WeakReference, 11 refs, 0.0000177 secs]2019-02-01T02:28:41.282+0000: 801287.288: [FinalReference, 629 refs, 0.0003167 secs]2019-02-01T02:28:41.282+0000: 801287.288: [PhantomReference, 0 refs, 0 refs, 0.0000155 secs]2019-02-01T02:28:41.282+0000: 801287.288: [JNI Weak Reference, 0.0000222 secs]
Desired survivor size 6815744 bytes, new threshold 1 (max 15)
[PSYoungGen: 76467K->5107K(91136K)] 752926K->683190K(782336K), 0.0087579 secs] [Times: user=0.07 sys=0.01, real=0.01 secs] 
2019-02-01T02:28:41.286+0000: 801287.292: Total time for which application threads were stopped: 0.0119591 seconds, Stopping threads took: 0.0000487 seconds
2019-02-01T02:28:44.638+0000: 801290.643: Application time: 3.3512564 seconds
2019-02-01T02:28:44.641+0000: 801290.646: [GC (Allocation Failure) 2019-02-01T02:28:44.649+0000: 801290.655: [SoftReference, 0 refs, 0.0000319 secs]2019-02-01T02:28:44.649+0000: 801290.655: [WeakReference, 8 refs, 0.0000162 secs]2019-02-01T02:28:44.649+0000: 801290.655: [FinalReference, 749 refs, 0.0004546 secs]2019-02-01T02:28:44.650+0000: 801290.656: [PhantomReference, 0 refs, 1 refs, 0.0000153 secs]2019-02-01T02:28:44.650+0000: 801290.656: [JNI Weak Reference, 0.0000277 secs]
Desired survivor size 6291456 bytes, new threshold 1 (max 15)
[PSYoungGen: 91123K->2653K(92672K)] 769206K->682417K(783872K), 0.0137245 secs] [Times: user=0.23 sys=0.01, real=0.02 secs] 
2019-02-01T02:28:44.654+0000: 801290.660: Total time for which application threads were stopped: 0.0167476 seconds, Stopping threads took: 0.0000479 seconds
2019-02-01T02:28:47.344+0000: 801293.349: Application time: 2.6893883 seconds
2019-02-01T02:28:47.347+0000: 801293.353: [GC (Allocation Failure) 2019-02-01T02:28:47.356+0000: 801293.361: [SoftReference, 0 refs, 0.0000320 secs]2019-02-01T02:28:47.356+0000: 801293.361: [WeakReference, 6 refs, 0.0000153 secs]2019-02-01T02:28:47.356+0000: 801293.361: [FinalReference, 645 refs, 0.0002612 secs]2019-02-01T02:28:47.356+0000: 801293.362: [PhantomReference, 0 refs, 0 refs, 0.0000150 secs]2019-02-01T02:28:47.356+0000: 801293.362: [JNI Weak Reference, 0.0000276 secs]
Desired survivor size 6291456 bytes, new threshold 1 (max 15)
[PSYoungGen: 88669K->2604K(108544K)] 768433K->683447K(799744K), 0.0134947 secs] [Times: user=0.22 sys=0.00, real=0.01 secs] 
2019-02-01T02:28:47.360+0000: 801293.366: Total time for which application threads were stopped: 0.0166639 seconds, Stopping threads took: 0.0000537 seconds
2019-02-01T02:28:51.042+0000: 801297.048: Application time: 3.6816719 seconds
2019-02-01T02:28:51.045+0000: 801297.051: [GC (Allocation Failure) 2019-02-01T02:28:51.050+0000: 801297.056: [SoftReference, 0 refs, 0.0000337 secs]2019-02-01T02:28:51.050+0000: 801297.056: [WeakReference, 9 refs, 0.0000158 secs]2019-02-01T02:28:51.050+0000: 801297.056: [FinalReference, 780 refs, 0.0004132 secs]2019-02-01T02:28:51.050+0000: 801297.056: [PhantomReference, 0 refs, 0 refs, 0.0000149 secs]2019-02-01T02:28:51.050+0000: 801297.056: [JNI Weak Reference, 0.0000222 secs]
Desired survivor size 6291456 bytes, new threshold 1 (max 15)
[PSYoungGen: 105004K->3357K(108544K)] 785847K->685168K(799744K), 0.0086967 secs] [Times: user=0.10 sys=0.01, real=0.01 secs] 
2019-02-01T02:28:51.054+0000: 801297.060: Total time for which application threads were stopped: 0.0118469 seconds, Stopping threads took: 0.0000525 seconds
2019-02-01T02:28:54.548+0000: 801300.554: Application time: 3.4944321 seconds
2019-02-01T02:28:54.551+0000: 801300.557: [GC (Allocation Failure) 2019-02-01T02:28:54.556+0000: 801300.562: [SoftReference, 0 refs, 0.0000325 secs]2019-02-01T02:28:54.556+0000: 801300.562: [WeakReference, 7 refs, 0.0000159 secs]2019-02-01T02:28:54.556+0000: 801300.562: [FinalReference, 646 refs, 0.0003624 secs]2019-02-01T02:28:54.557+0000: 801300.562: [PhantomReference, 0 refs, 0 refs, 0.0000146 secs]2019-02-01T02:28:54.557+0000: 801300.562: [JNI Weak Reference, 0.0000228 secs]
Desired survivor size 6291456 bytes, new threshold 1 (max 15)
[PSYoungGen: 105757K->3170K(126464K)] 787568K->685873K(817664K), 0.0086485 secs] [Times: user=0.09 sys=0.01, real=0.01 secs] 
2019-02-01T02:28:54.560+0000: 801300.566: Total time for which application threads were stopped: 0.0118740 seconds, Stopping threads took: 0.0000476 seconds
2019-02-01T02:28:57.014+0000: 801303.019: Application time: 2.4534263 seconds
2019-02-01T02:28:57.017+0000: 801303.023: Total time for which application threads were stopped: 0.0031456 seconds, Stopping threads took: 0.0000689 seconds
2019-02-01T02:28:57.017+0000: 801303.023: Application time: 0.0000749 seconds
2019-02-01T02:28:57.019+0000: 801303.025: Total time for which application threads were stopped: 0.0020257 seconds, Stopping threads took: 0.0000856 seconds
2019-02-01T02:28:57.720+0000: 801303.725: Application time: 0.7006957 seconds
2019-02-01T02:28:57.723+0000: 801303.728: Total time for which application threads were stopped: 0.0030109 seconds, Stopping threads took: 0.0001097 seconds
2019-02-01T02:28:57.723+0000: 801303.728: Application time: 0.0000906 seconds
2019-02-01T02:28:57.724+0000: 801303.730: Total time for which application threads were stopped: 0.0015323 seconds, Stopping threads took: 0.0000383 seconds
2019-02-01T02:28:58.025+0000: 801304.031: Application time: 0.3010062 seconds
2019-02-01T02:28:58.028+0000: 801304.034: Total time for which application threads were stopped: 0.0030021 seconds, Stopping threads took: 0.0000615 seconds
2019-02-01T02:28:58.028+0000: 801304.034: Application time: 0.0000954 seconds
2019-02-01T02:28:58.030+0000: 801304.036: Total time for which application threads were stopped: 0.0019479 seconds, Stopping threads took: 0.0000340 seconds
2019-02-01T02:28:58.731+0000: 801304.737: Application time: 0.7008659 seconds
2019-02-01T02:28:58.735+0000: 801304.740: Total time for which application threads were stopped: 0.0034068 seconds, Stopping threads took: 0.0000900 seconds
2019-02-01T02:28:58.735+0000: 801304.740: Application time: 0.0000943 seconds
2019-02-01T02:28:58.737+0000: 801304.743: Total time for which application threads were stopped: 0.0021183 seconds, Stopping threads took: 0.0001126 seconds
2019-02-01T02:28:58.924+0000: 801304.930: Application time: 0.1871110 seconds
2019-02-01T02:28:58.927+0000: 801304.932: [GC (Allocation Failure) 2019-02-01T02:28:58.932+0000: 801304.938: [SoftReference, 0 refs, 0.0000437 secs]2019-02-01T02:28:58.933+0000: 801304.938: [WeakReference, 27 refs, 0.0000212 secs]2019-02-01T02:28:58.933+0000: 801304.938: [FinalReference, 808 refs, 0.0005248 secs]2019-02-01T02:28:58.933+0000: 801304.939: [PhantomReference, 0 refs, 0 refs, 0.0000155 secs]2019-02-01T02:28:58.933+0000: 801304.939: [JNI Weak Reference, 0.0000314 secs]
Desired survivor size 6815744 bytes, new threshold 1 (max 15)
[PSYoungGen: 124002K->5714K(126976K)] 806705K->688971K(818176K), 0.0101220 secs] [Times: user=0.11 sys=0.02, real=0.01 secs] 
2019-02-01T02:28:58.937+0000: 801304.943: Total time for which application threads were stopped: 0.0129933 seconds, Stopping threads took: 0.0000392 seconds
2019-02-01T02:29:01.906+0000: 801307.912: Application time: 2.9690982 seconds
2019-02-01T02:29:01.909+0000: 801307.915: Total time for which application threads were stopped: 0.0032059 seconds, Stopping threads took: 0.0000591 seconds
2019-02-01T02:29:04.446+0000: 801310.452: Application time: 2.5368511 seconds
2019-02-01T02:29:04.449+0000: 801310.455: Total time for which application threads were stopped: 0.0033360 seconds, Stopping threads took: 0.0000781 seconds
2019-02-01T02:29:04.450+0000: 801310.455: Application time: 0.0000722 seconds
2019-02-01T02:29:04.451+0000: 801310.457: Total time for which application threads were stopped: 0.0018140 seconds, Stopping threads took: 0.0000740 seconds
2019-02-01T02:29:04.601+0000: 801310.607: Application time: 0.1494364 seconds
2019-02-01T02:29:04.604+0000: 801310.609: [GC (Allocation Failure) 2019-02-01T02:29:04.608+0000: 801310.613: [SoftReference, 0 refs, 0.0000410 secs]2019-02-01T02:29:04.608+0000: 801310.613: [WeakReference, 15 refs, 0.0000186 secs]2019-02-01T02:29:04.608+0000: 801310.613: [FinalReference, 928 refs, 0.0004141 secs]2019-02-01T02:29:04.608+0000: 801310.614: [PhantomReference, 0 refs, 0 refs, 0.0000229 secs]2019-02-01T02:29:04.608+0000: 801310.614: [JNI Weak Reference, 0.0000234 secs]
Desired survivor size 6291456 bytes, new threshold 1 (max 15)
[PSYoungGen: 126546K->3420K(146432K)] 809803K->688024K(837632K), 0.0082426 secs] [Times: user=0.09 sys=0.00, real=0.01 secs] 
2019-02-01T02:29:04.612+0000: 801310.618: Total time for which application threads were stopped: 0.0112304 seconds, Stopping threads took: 0.0000352 seconds
2019-02-01T02:29:07.354+0000: 801313.359: Application time: 2.7417318 seconds
2019-02-01T02:29:07.357+0000: 801313.363: Total time for which application threads were stopped: 0.0033640 seconds, Stopping threads took: 0.0000860 seconds
2019-02-01T02:29:07.357+0000: 801313.363: Application time: 0.0000996 seconds
2019-02-01T02:29:07.359+0000: 801313.365: Total time for which application threads were stopped: 0.0021418 seconds, Stopping threads took: 0.0000696 seconds
2019-02-01T02:29:08.462+0000: 801314.468: Application time: 1.1027363 seconds
2019-02-01T02:29:08.465+0000: 801314.471: Total time for which application threads were stopped: 0.0031727 seconds, Stopping threads took: 0.0000536 seconds
2019-02-01T02:29:08.465+0000: 801314.471: Application time: 0.0000938 seconds
2019-02-01T02:29:08.467+0000: 801314.473: Total time for which application threads were stopped: 0.0019514 seconds, Stopping threads took: 0.0000356 seconds
2019-02-01T02:29:09.268+0000: 801315.274: Application time: 0.8008414 seconds
2019-02-01T02:29:09.271+0000: 801315.277: Total time for which application threads were stopped: 0.0031281 seconds, Stopping threads took: 0.0000812 seconds
2019-02-01T02:29:09.271+0000: 801315.277: Application time: 0.0000371 seconds
2019-02-01T02:29:09.273+0000: 801315.279: Total time for which application threads were stopped: 0.0014565 seconds, Stopping threads took: 0.0000227 seconds
2019-02-01T02:29:11.233+0000: 801317.239: Application time: 1.9602872 seconds
2019-02-01T02:29:11.236+0000: 801317.242: [GC (Allocation Failure) 2019-02-01T02:29:11.241+0000: 801317.247: [SoftReference, 0 refs, 0.0000323 secs]2019-02-01T02:29:11.241+0000: 801317.247: [WeakReference, 30 refs, 0.0000225 secs]2019-02-01T02:29:11.241+0000: 801317.247: [FinalReference, 1105 refs, 0.0006673 secs]2019-02-01T02:29:11.242+0000: 801317.248: [PhantomReference, 0 refs, 0 refs, 0.0000149 secs]2019-02-01T02:29:11.242+0000: 801317.248: [JNI Weak Reference, 0.0000231 secs]
Desired survivor size 6815744 bytes, new threshold 1 (max 15)
[PSYoungGen: 144732K->4633K(147456K)] 829336K->690765K(838656K), 0.0092465 secs] [Times: user=0.09 sys=0.01, real=0.00 secs] 
2019-02-01T02:29:11.246+0000: 801317.251: Total time for which application threads were stopped: 0.0126330 seconds, Stopping threads took: 0.0000614 seconds
2019-02-01T02:29:11.377+0000: 801317.383: Application time: 0.1312127 seconds
2019-02-01T02:29:11.380+0000: 801317.386: Total time for which application threads were stopped: 0.0032170 seconds, Stopping threads took: 0.0000848 seconds
2019-02-01T02:29:11.380+0000: 801317.386: Application time: 0.0001062 seconds
2019-02-01T02:29:11.382+0000: 801317.388: Total time for which application threads were stopped: 0.0016906 seconds, Stopping threads took: 0.0000869 seconds
2019-02-01T02:29:12.784+0000: 801318.789: Application time: 1.4016183 seconds
2019-02-01T02:29:12.787+0000: 801318.793: Total time for which application threads were stopped: 0.0033043 seconds, Stopping threads took: 0.0001276 seconds
2019-02-01T02:29:12.787+0000: 801318.793: Application time: 0.0000963 seconds
2019-02-01T02:29:12.789+0000: 801318.795: Total time for which application threads were stopped: 0.0020258 seconds, Stopping threads took: 0.0000683 seconds
2019-02-01T02:29:12.990+0000: 801318.996: Application time: 0.2008232 seconds
2019-02-01T02:29:12.993+0000: 801318.999: Total time for which application threads were stopped: 0.0030234 seconds, Stopping threads took: 0.0000552 seconds
2019-02-01T02:29:12.993+0000: 801318.999: Application time: 0.0001010 seconds
2019-02-01T02:29:12.995+0000: 801319.001: Total time for which application threads were stopped: 0.0020471 seconds, Stopping threads took: 0.0000310 seconds
2019-02-01T02:29:16.583+0000: 801322.589: Application time: 3.5884461 seconds
2019-02-01T02:29:16.587+0000: 801322.592: [GC (Allocation Failure) 2019-02-01T02:29:16.592+0000: 801322.598: [SoftReference, 0 refs, 0.0000321 secs]2019-02-01T02:29:16.592+0000: 801322.598: [WeakReference, 23 refs, 0.0000196 secs]2019-02-01T02:29:16.592+0000: 801322.598: [FinalReference, 1136 refs, 0.0006915 secs]2019-02-01T02:29:16.593+0000: 801322.598: [PhantomReference, 0 refs, 0 refs, 0.0000158 secs]2019-02-01T02:29:16.593+0000: 801322.598: [JNI Weak Reference, 0.0000239 secs]
Desired survivor size 6291456 bytes, new threshold 1 (max 15)
[PSYoungGen: 145945K->3285K(139776K)] 832077K->690769K(830976K), 0.0095781 secs] [Times: user=0.08 sys=0.01, real=0.00 secs] 
2019-02-01T02:29:16.596+0000: 801322.602: Total time for which application threads were stopped: 0.0129344 seconds, Stopping threads took: 0.0000514 seconds
2019-02-01T02:29:18.794+0000: 801324.800: Application time: 2.1980953 seconds
2019-02-01T02:29:18.798+0000: 801324.804: Total time for which application threads were stopped: 0.0032625 seconds, Stopping threads took: 0.0000876 seconds
2019-02-01T02:29:22.062+0000: 801328.068: Application time: 3.2643697 seconds
2019-02-01T02:29:22.065+0000: 801328.071: [GC (Allocation Failure) 2019-02-01T02:29:22.070+0000: 801328.075: [SoftReference, 0 refs, 0.0000341 secs]2019-02-01T02:29:22.070+0000: 801328.075: [WeakReference, 23 refs, 0.0000208 secs]2019-02-01T02:29:22.070+0000: 801328.075: [FinalReference, 1141 refs, 0.0005625 secs]2019-02-01T02:29:22.070+0000: 801328.076: [PhantomReference, 0 refs, 0 refs, 0.0000152 secs]2019-02-01T02:29:22.070+0000: 801328.076: [JNI Weak Reference, 0.0000227 secs]
Desired survivor size 6291456 bytes, new threshold 1 (max 15)
[PSYoungGen: 139477K->3509K(135168K)] 826961K->692410K(826368K), 0.0089892 secs] [Times: user=0.10 sys=0.01, real=0.01 secs] 
2019-02-01T02:29:22.074+0000: 801328.080: Total time for which application threads were stopped: 0.0122143 seconds, Stopping threads took: 0.0000506 seconds
2019-02-01T02:29:25.895+0000: 801331.901: Application time: 3.8210758 seconds
2019-02-01T02:29:25.899+0000: 801331.904: [GC (Allocation Failure) 2019-02-01T02:29:25.904+0000: 801331.910: [SoftReference, 0 refs, 0.0000322 secs]2019-02-01T02:29:25.904+0000: 801331.910: [WeakReference, 40 refs, 0.0000241 secs]2019-02-01T02:29:25.904+0000: 801331.910: [FinalReference, 1139 refs, 0.0005280 secs]2019-02-01T02:29:25.905+0000: 801331.910: [PhantomReference, 0 refs, 0 refs, 0.0000152 secs]2019-02-01T02:29:25.905+0000: 801331.910: [JNI Weak Reference, 0.0000290 secs]
Desired survivor size 7864320 bytes, new threshold 1 (max 15)
[PSYoungGen: 135093K->5628K(132608K)] 823994K->697115K(833536K), 0.0104949 secs] [Times: user=0.09 sys=0.01, real=0.01 secs] 
2019-02-01T02:29:25.909+0000: 801331.915: Total time for which application threads were stopped: 0.0138225 seconds, Stopping threads took: 0.0000934 seconds
2019-02-01T02:29:27.613+0000: 801333.618: Application time: 1.7032792 seconds
2019-02-01T02:29:27.616+0000: 801333.622: Total time for which application threads were stopped: 0.0033385 seconds, Stopping threads took: 0.0000540 seconds
2019-02-01T02:29:27.616+0000: 801333.622: Application time: 0.0001122 seconds
2019-02-01T02:29:27.618+0000: 801333.624: Total time for which application threads were stopped: 0.0021063 seconds, Stopping threads took: 0.0000731 seconds
2019-02-01T02:29:29.021+0000: 801335.027: Application time: 1.4033746 seconds
2019-02-01T02:29:29.025+0000: 801335.030: Total time for which application threads were stopped: 0.0032365 seconds, Stopping threads took: 0.0000706 seconds
2019-02-01T02:29:29.025+0000: 801335.031: Application time: 0.0001049 seconds
2019-02-01T02:29:29.027+0000: 801335.032: Total time for which application threads were stopped: 0.0018590 seconds, Stopping threads took: 0.0000386 seconds
2019-02-01T02:29:32.336+0000: 801338.342: Application time: 3.3092900 seconds
2019-02-01T02:29:32.339+0000: 801338.345: [GC (Allocation Failure) 2019-02-01T02:29:32.344+0000: 801338.350: [SoftReference, 0 refs, 0.0000386 secs]2019-02-01T02:29:32.344+0000: 801338.350: [WeakReference, 9 refs, 0.0000167 secs]2019-02-01T02:29:32.344+0000: 801338.350: [FinalReference, 967 refs, 0.0005181 secs]2019-02-01T02:29:32.345+0000: 801338.350: [PhantomReference, 0 refs, 0 refs, 0.0000153 secs]2019-02-01T02:29:32.345+0000: 801338.350: [JNI Weak Reference, 0.0000230 secs]
Desired survivor size 7864320 bytes, new threshold 1 (max 15)
[PSYoungGen: 132604K->2672K(125952K)] 824091K->696326K(826880K), 0.0108160 secs] [Times: user=0.09 sys=0.00, real=0.01 secs] 
2019-02-01T02:29:32.350+0000: 801338.356: Total time for which application threads were stopped: 0.0140548 seconds, Stopping threads took: 0.0000795 seconds
2019-02-01T02:29:38.885+0000: 801344.891: Application time: 6.5348181 seconds
2019-02-01T02:29:38.888+0000: 801344.894: [GC (Allocation Failure) 2019-02-01T02:29:38.893+0000: 801344.899: [SoftReference, 0 refs, 0.0000215 secs]2019-02-01T02:29:38.893+0000: 801344.899: [WeakReference, 16 refs, 0.0000179 secs]2019-02-01T02:29:38.893+0000: 801344.899: [FinalReference, 952 refs, 0.0004835 secs]2019-02-01T02:29:38.894+0000: 801344.899: [PhantomReference, 0 refs, 0 refs, 0.0000148 secs]2019-02-01T02:29:38.894+0000: 801344.899: [JNI Weak Reference, 0.0000330 secs]
Desired survivor size 7864320 bytes, new threshold 1 (max 15)
[PSYoungGen: 125552K->5624K(124416K)] 819206K->700645K(825344K), 0.0096050 secs] [Times: user=0.09 sys=0.01, real=0.01 secs] 
2019-02-01T02:29:38.898+0000: 801344.904: Total time for which application threads were stopped: 0.0129409 seconds, Stopping threads took: 0.0000570 seconds
2019-02-01T02:29:41.640+0000: 801347.646: Application time: 2.7419417 seconds
2019-02-01T02:29:41.643+0000: 801347.649: Total time for which application threads were stopped: 0.0032723 seconds, Stopping threads took: 0.0000918 seconds
2019-02-01T02:29:43.733+0000: 801349.739: Application time: 2.0900161 seconds
2019-02-01T02:29:43.736+0000: 801349.742: [GC (Allocation Failure) 2019-02-01T02:29:43.744+0000: 801349.750: [SoftReference, 0 refs, 0.0000319 secs]2019-02-01T02:29:43.744+0000: 801349.750: [WeakReference, 30 refs, 0.0000230 secs]2019-02-01T02:29:43.744+0000: 801349.750: [FinalReference, 883 refs, 0.0005929 secs]2019-02-01T02:29:43.745+0000: 801349.751: [PhantomReference, 0 refs, 0 refs, 0.0000158 secs]2019-02-01T02:29:43.745+0000: 801349.751: [JNI Weak Reference, 0.0000242 secs]
Desired survivor size 7864320 bytes, new threshold 1 (max 15)
[PSYoungGen: 124403K->3134K(118272K)] 819424K->700359K(819200K), 0.0130974 secs] [Times: user=0.17 sys=0.01, real=0.01 secs] 
2019-02-01T02:29:43.750+0000: 801349.755: Total time for which application threads were stopped: 0.0165000 seconds, Stopping threads took: 0.0000548 seconds
2019-02-01T02:29:48.700+0000: 801354.706: Application time: 4.9506798 seconds
2019-02-01T02:29:48.703+0000: 801354.709: [GC (Allocation Failure) 2019-02-01T02:29:48.709+0000: 801354.715: [SoftReference, 0 refs, 0.0000325 secs]2019-02-01T02:29:48.709+0000: 801354.715: [WeakReference, 21 refs, 0.0000199 secs]2019-02-01T02:29:48.709+0000: 801354.715: [FinalReference, 873 refs, 0.0004539 secs]2019-02-01T02:29:48.710+0000: 801354.716: [PhantomReference, 0 refs, 0 refs, 0.0000153 secs]2019-02-01T02:29:48.710+0000: 801354.716: [JNI Weak Reference, 0.0000286 secs]
Desired survivor size 7864320 bytes, new threshold 1 (max 15)
[PSYoungGen: 117822K->3163K(114688K)] 815047K->701966K(815616K), 0.0106864 secs] [Times: user=0.08 sys=0.01, real=0.01 secs] 
2019-02-01T02:29:48.714+0000: 801354.720: [Full GC (Ergonomics) 2019-02-01T02:29:48.762+0000: 801354.767: [SoftReference, 174 refs, 0.0001476 secs]2019-02-01T02:29:48.762+0000: 801354.768: [WeakReference, 2012 refs, 0.0004173 secs]2019-02-01T02:29:48.762+0000: 801354.768: [FinalReference, 1324 refs, 0.0011927 secs]2019-02-01T02:29:48.763+0000: 801354.769: [PhantomReference, 0 refs, 134 refs, 0.0000446 secs]2019-02-01T02:29:48.764+0000: 801354.769: [JNI Weak Reference, 0.0000396 secs][PSYoungGen: 3163K->0K(114688K)] [ParOldGen: 698803K->634007K(689152K)] 701966K->634007K(803840K), [Metaspace: 75231K->75227K(1118208K)], 0.6225655 secs] [Times: user=16.59 sys=0.00, real=0.62 secs] 
2019-02-01T02:29:49.337+0000: 801355.343: Total time for which application threads were stopped: 0.6367320 seconds, Stopping threads took: 0.0000516 seconds
2019-02-01T02:29:50.337+0000: 801356.343: Application time: 1.0001323 seconds
2019-02-01T02:29:50.340+0000: 801356.346: Total time for which application threads were stopped: 0.0032585 seconds, Stopping threads took: 0.0000470 seconds
2019-02-01T02:29:51.341+0000: 801357.346: Application time: 1.0001484 seconds
2019-02-01T02:29:51.344+0000: 801357.349: Total time for which application threads were stopped: 0.0030991 seconds, Stopping threads took: 0.0000483 seconds
2019-02-01T02:29:54.078+0000: 801360.084: Application time: 2.7343072 seconds
2019-02-01T02:29:54.081+0000: 801360.087: [GC (Allocation Failure) 2019-02-01T02:29:54.085+0000: 801360.091: [SoftReference, 0 refs, 0.0000350 secs]2019-02-01T02:29:54.085+0000: 801360.091: [WeakReference, 16 refs, 0.0000179 secs]2019-02-01T02:29:54.085+0000: 801360.091: [FinalReference, 861 refs, 0.0004097 secs]2019-02-01T02:29:54.086+0000: 801360.092: [PhantomReference, 0 refs, 0 refs, 0.0000235 secs]2019-02-01T02:29:54.086+0000: 801360.092: [JNI Weak Reference, 0.0000233 secs]
Desired survivor size 8388608 bytes, new threshold 2 (max 15)
[PSYoungGen: 111104K->6411K(114176K)] 745111K->640419K(803328K), 0.0089016 secs] [Times: user=0.07 sys=0.01, real=0.01 secs] 
2019-02-01T02:29:54.090+0000: 801360.096: Total time for which application threads were stopped: 0.0122007 seconds, Stopping threads took: 0.0000528 seconds
2019-02-01T02:29:57.090+0000: 801363.096: Application time: 3.0003318 seconds
2019-02-01T02:29:57.094+0000: 801363.099: Total time for which application threads were stopped: 0.0031336 seconds, Stopping threads took: 0.0000547 seconds
2019-02-01T02:29:58.752+0000: 801364.758: Application time: 1.6582787 seconds
2019-02-01T02:29:58.755+0000: 801364.761: [GC (Allocation Failure) 2019-02-01T02:29:58.760+0000: 801364.766: [SoftReference, 0 refs, 0.0000382 secs]2019-02-01T02:29:58.760+0000: 801364.766: [WeakReference, 11 refs, 0.0000217 secs]2019-02-01T02:29:58.760+0000: 801364.766: [FinalReference, 811 refs, 0.0005141 secs]2019-02-01T02:29:58.761+0000: 801364.766: [PhantomReference, 0 refs, 0 refs, 0.0000152 secs]2019-02-01T02:29:58.761+0000: 801364.766: [JNI Weak Reference, 0.0000287 secs]
Desired survivor size 8388608 bytes, new threshold 3 (max 15)
[PSYoungGen: 113931K->5115K(109056K)] 747939K->639122K(798208K), 0.0093471 secs] [Times: user=0.09 sys=0.00, real=0.01 secs] 
2019-02-01T02:29:58.765+0000: 801364.770: Total time for which application threads were stopped: 0.0126139 seconds, Stopping threads took: 0.0000503 seconds
2019-02-01T02:29:59.765+0000: 801365.770: Application time: 1.0001170 seconds
2019-02-01T02:29:59.768+0000: 801365.774: Total time for which application threads were stopped: 0.0031526 seconds, Stopping threads took: 0.0000518 seconds
2019-02-01T02:30:00.169+0000: 801366.174: Application time: 0.4009295 seconds
2019-02-01T02:30:00.172+0000: 801366.178: Total time for which application threads were stopped: 0.0030980 seconds, Stopping threads took: 0.0000537 seconds
2019-02-01T02:30:00.172+0000: 801366.178: Application time: 0.0000742 seconds
2019-02-01T02:30:00.174+0000: 801366.180: Total time for which application threads were stopped: 0.0019073 seconds, Stopping threads took: 0.0000570 seconds
2019-02-01T02:30:00.274+0000: 801366.280: Application time: 0.1006465 seconds
2019-02-01T02:30:00.277+0000: 801366.283: Total time for which application threads were stopped: 0.0030049 seconds, Stopping threads took: 0.0000530 seconds
2019-02-01T02:30:00.278+0000: 801366.283: Application time: 0.0001091 seconds
2019-02-01T02:30:00.280+0000: 801366.285: Total time for which application threads were stopped: 0.0020488 seconds, Stopping threads took: 0.0000768 seconds
2019-02-01T02:30:01.906+0000: 801367.912: Application time: 1.6264157 seconds
2019-02-01T02:30:01.909+0000: 801367.915: Total time for which application threads were stopped: 0.0031598 seconds, Stopping threads took: 0.0000448 seconds
2019-02-01T02:30:02.283+0000: 801368.289: Application time: 0.3736178 seconds
2019-02-01T02:30:02.286+0000: 801368.292: Total time for which application threads were stopped: 0.0032598 seconds, Stopping threads took: 0.0000508 seconds
2019-02-01T02:30:02.286+0000: 801368.292: Application time: 0.0001086 seconds
2019-02-01T02:30:02.288+0000: 801368.294: Total time for which application threads were stopped: 0.0021007 seconds, Stopping threads took: 0.0000250 seconds
2019-02-01T02:30:03.892+0000: 801369.898: Application time: 1.6034660 seconds
2019-02-01T02:30:03.895+0000: 801369.901: Total time for which application threads were stopped: 0.0031993 seconds, Stopping threads took: 0.0000489 seconds
2019-02-01T02:30:03.895+0000: 801369.901: Application time: 0.0000913 seconds
2019-02-01T02:30:03.897+0000: 801369.903: Total time for which application threads were stopped: 0.0020104 seconds, Stopping threads took: 0.0000436 seconds
2019-02-01T02:30:03.909+0000: 801369.915: Application time: 0.0122806 seconds
2019-02-01T02:30:03.911+0000: 801369.917: [GC (Allocation Failure) 2019-02-01T02:30:03.915+0000: 801369.921: [SoftReference, 0 refs, 0.0000199 secs]2019-02-01T02:30:03.915+0000: 801369.921: [WeakReference, 41 refs, 0.0000143 secs]2019-02-01T02:30:03.915+0000: 801369.921: [FinalReference, 721 refs, 0.0003062 secs]2019-02-01T02:30:03.915+0000: 801369.921: [PhantomReference, 0 refs, 0 refs, 0.0000087 secs]2019-02-01T02:30:03.916+0000: 801369.921: [JNI Weak Reference, 0.0000199 secs]
Desired survivor size 9437184 bytes, new threshold 2 (max 15)
[PSYoungGen: 109051K->8170K(109056K)] 743058K->642265K(798208K), 0.0075565 secs] [Times: user=0.09 sys=0.00, real=0.01 secs] 
2019-02-01T02:30:03.919+0000: 801369.925: Total time for which application threads were stopped: 0.0094512 seconds, Stopping threads took: 0.0000304 seconds
2019-02-01T02:30:04.299+0000: 801370.304: Application time: 0.3797168 seconds
2019-02-01T02:30:04.302+0000: 801370.308: Total time for which application threads were stopped: 0.0032474 seconds, Stopping threads took: 0.0000505 seconds
2019-02-01T02:30:04.302+0000: 801370.308: Application time: 0.0000422 seconds
2019-02-01T02:30:04.303+0000: 801370.309: Total time for which application threads were stopped: 0.0015511 seconds, Stopping threads took: 0.0000267 seconds
2019-02-01T02:30:04.604+0000: 801370.610: Application time: 0.3009873 seconds
2019-02-01T02:30:04.608+0000: 801370.614: Total time for which application threads were stopped: 0.0033544 seconds, Stopping threads took: 0.0000639 seconds
2019-02-01T02:30:04.608+0000: 801370.614: Application time: 0.0000958 seconds
2019-02-01T02:30:04.610+0000: 801370.616: Total time for which application threads were stopped: 0.0020202 seconds, Stopping threads took: 0.0000380 seconds
2019-02-01T02:30:04.710+0000: 801370.716: Application time: 0.1004831 seconds
2019-02-01T02:30:04.715+0000: 801370.721: Total time for which application threads were stopped: 0.0045979 seconds, Stopping threads took: 0.0000492 seconds
2019-02-01T02:30:04.715+0000: 801370.721: Application time: 0.0000904 seconds
2019-02-01T02:30:04.717+0000: 801370.723: Total time for which application threads were stopped: 0.0022584 seconds, Stopping threads took: 0.0000672 seconds
2019-02-01T02:30:05.098+0000: 801371.104: Application time: 0.3806782 seconds
2019-02-01T02:30:05.101+0000: 801371.107: Total time for which application threads were stopped: 0.0031731 seconds, Stopping threads took: 0.0000565 seconds
2019-02-01T02:30:05.118+0000: 801371.124: Application time: 0.0172240 seconds
2019-02-01T02:30:05.121+0000: 801371.126: Total time for which application threads were stopped: 0.0022930 seconds, Stopping threads took: 0.0000359 seconds
2019-02-01T02:30:05.321+0000: 801371.327: Application time: 0.2005836 seconds
2019-02-01T02:30:05.325+0000: 801371.330: Total time for which application threads were stopped: 0.0032805 seconds, Stopping threads took: 0.0000580 seconds
2019-02-01T02:30:05.923+0000: 801371.928: Application time: 0.5981205 seconds
2019-02-01T02:30:05.926+0000: 801371.932: Total time for which application threads were stopped: 0.0031385 seconds, Stopping threads took: 0.0000745 seconds
2019-02-01T02:30:06.002+0000: 801372.008: Application time: 0.0766220 seconds
2019-02-01T02:30:06.006+0000: 801372.011: Total time for which application threads were stopped: 0.0031044 seconds, Stopping threads took: 0.0000488 seconds
2019-02-01T02:30:06.291+0000: 801372.297: Application time: 0.2852477 seconds
2019-02-01T02:30:06.294+0000: 801372.300: Total time for which application threads were stopped: 0.0029902 seconds, Stopping threads took: 0.0000544 seconds
2019-02-01T02:30:07.294+0000: 801373.300: Application time: 1.0001138 seconds
2019-02-01T02:30:07.297+0000: 801373.303: Total time for which application threads were stopped: 0.0031617 seconds, Stopping threads took: 0.0001062 seconds
2019-02-01T02:30:07.553+0000: 801373.559: Application time: 0.2556777 seconds
2019-02-01T02:30:07.556+0000: 801373.562: [GC (Allocation Failure) 2019-02-01T02:30:07.560+0000: 801373.566: [SoftReference, 0 refs, 0.0000320 secs]2019-02-01T02:30:07.560+0000: 801373.566: [WeakReference, 49 refs, 0.0000242 secs]2019-02-01T02:30:07.560+0000: 801373.566: [FinalReference, 787 refs, 0.0004209 secs]2019-02-01T02:30:07.561+0000: 801373.566: [PhantomReference, 0 refs, 0 refs, 0.0000156 secs]2019-02-01T02:30:07.561+0000: 801373.566: [JNI Weak Reference, 0.0000285 secs]
Desired survivor size 11010048 bytes, new threshold 1 (max 15)
[PSYoungGen: 109034K->3576K(101376K)] 743129K->644949K(790528K), 0.0091488 secs] [Times: user=0.09 sys=0.00, real=0.01 secs] 
2019-02-01T02:30:07.565+0000: 801373.571: Total time for which application threads were stopped: 0.0123892 seconds, Stopping threads took: 0.0000548 seconds
2019-02-01T02:30:09.030+0000: 801375.036: Application time: 1.4649084 seconds
2019-02-01T02:30:09.033+0000: 801375.039: Total time for which application threads were stopped: 0.0032212 seconds, Stopping threads took: 0.0000518 seconds
2019-02-01T02:30:09.033+0000: 801375.039: Application time: 0.0001030 seconds
2019-02-01T02:30:09.035+0000: 801375.041: Total time for which application threads were stopped: 0.0019857 seconds, Stopping threads took: 0.0000237 seconds
2019-02-01T02:30:10.248+0000: 801376.254: Application time: 1.2124254 seconds
2019-02-01T02:30:10.251+0000: 801376.257: [GC (Allocation Failure) 2019-02-01T02:30:10.256+0000: 801376.261: [SoftReference, 0 refs, 0.0000291 secs]2019-02-01T02:30:10.256+0000: 801376.261: [WeakReference, 14 refs, 0.0000174 secs]2019-02-01T02:30:10.256+0000: 801376.261: [FinalReference, 800 refs, 0.0004059 secs]2019-02-01T02:30:10.256+0000: 801376.262: [PhantomReference, 0 refs, 0 refs, 0.0000151 secs]2019-02-01T02:30:10.256+0000: 801376.262: [JNI Weak Reference, 0.0000228 secs]
Desired survivor size 11010048 bytes, new threshold 2 (max 15)
[PSYoungGen: 101368K->4848K(99840K)] 742741K->648338K(788992K), 0.0090873 secs] [Times: user=0.09 sys=0.00, real=0.01 secs] 
2019-02-01T02:30:10.260+0000: 801376.266: Total time for which application threads were stopped: 0.0124015 seconds, Stopping threads took: 0.0000483 seconds
2019-02-01T02:30:11.492+0000: 801377.497: Application time: 1.2313022 seconds
2019-02-01T02:30:11.495+0000: 801377.501: Total time for which application threads were stopped: 0.0034749 seconds, Stopping threads took: 0.0001126 seconds
2019-02-01T02:30:13.495+0000: 801379.501: Application time: 2.0001847 seconds
2019-02-01T02:30:13.499+0000: 801379.504: Total time for which application threads were stopped: 0.0033393 seconds, Stopping threads took: 0.0000684 seconds
2019-02-01T02:30:13.513+0000: 801379.519: Application time: 0.0141662 seconds
2019-02-01T02:30:13.515+0000: 801379.521: [GC (Allocation Failure) 2019-02-01T02:30:13.520+0000: 801379.526: [SoftReference, 0 refs, 0.0000331 secs]2019-02-01T02:30:13.520+0000: 801379.526: [WeakReference, 32 refs, 0.0000193 secs]2019-02-01T02:30:13.520+0000: 801379.526: [FinalReference, 789 refs, 0.0002774 secs]2019-02-01T02:30:13.520+0000: 801379.526: [PhantomReference, 0 refs, 0 refs, 0.0000149 secs]2019-02-01T02:30:13.520+0000: 801379.526: [JNI Weak Reference, 0.0000231 secs]
Desired survivor size 11010048 bytes, new threshold 3 (max 15)
[PSYoungGen: 99568K->6913K(99328K)] 743058K->650402K(788480K), 0.0093985 secs] [Times: user=0.09 sys=0.00, real=0.01 secs] 
2019-02-01T02:30:13.525+0000: 801379.530: Total time for which application threads were stopped: 0.0119148 seconds, Stopping threads took: 0.0000728 seconds
2019-02-01T02:30:17.580+0000: 801383.586: Application time: 4.0553131 seconds
2019-02-01T02:30:17.583+0000: 801383.589: [GC (Allocation Failure) 2019-02-01T02:30:17.588+0000: 801383.593: [SoftReference, 0 refs, 0.0000354 secs]2019-02-01T02:30:17.588+0000: 801383.593: [WeakReference, 20 refs, 0.0000187 secs]2019-02-01T02:30:17.588+0000: 801383.593: [FinalReference, 725 refs, 0.0003902 secs]2019-02-01T02:30:17.588+0000: 801383.594: [PhantomReference, 0 refs, 0 refs, 0.0000152 secs]2019-02-01T02:30:17.588+0000: 801383.594: [JNI Weak Reference, 0.0000231 secs]
Desired survivor size 11010048 bytes, new threshold 4 (max 15)
[PSYoungGen: 99073K->6547K(96256K)] 742562K->650036K(785408K), 0.0096304 secs] [Times: user=0.09 sys=0.00, real=0.01 secs] 
2019-02-01T02:30:17.593+0000: 801383.599: Total time for which application threads were stopped: 0.0130269 seconds, Stopping threads took: 0.0000661 seconds
2019-02-01T02:30:19.949+0000: 801385.955: Application time: 2.3561535 seconds
2019-02-01T02:30:19.953+0000: 801385.958: [GC (Allocation Failure) 2019-02-01T02:30:19.957+0000: 801385.963: [SoftReference, 0 refs, 0.0000246 secs]2019-02-01T02:30:19.957+0000: 801385.963: [WeakReference, 22 refs, 0.0000178 secs]2019-02-01T02:30:19.957+0000: 801385.963: [FinalReference, 732 refs, 0.0003398 secs]2019-02-01T02:30:19.958+0000: 801385.963: [PhantomReference, 0 refs, 0 refs, 0.0000147 secs]2019-02-01T02:30:19.958+0000: 801385.963: [JNI Weak Reference, 0.0000229 secs]
Desired survivor size 11534336 bytes, new threshold 3 (max 15)
[PSYoungGen: 96147K->8188K(95232K)] 739636K->651775K(784384K), 0.0086496 secs] [Times: user=0.10 sys=0.00, real=0.01 secs] 
2019-02-01T02:30:19.961+0000: 801385.967: Total time for which application threads were stopped: 0.0120764 seconds, Stopping threads took: 0.0000565 seconds
2019-02-01T02:30:23.190+0000: 801389.196: Application time: 3.2291884 seconds
2019-02-01T02:30:23.194+0000: 801389.200: Total time for which application threads were stopped: 0.0033705 seconds, Stopping threads took: 0.0000899 seconds
2019-02-01T02:30:23.194+0000: 801389.200: Application time: 0.0004191 seconds
2019-02-01T02:30:23.196+0000: 801389.202: [GC (GCLocker Initiated GC) 2019-02-01T02:30:23.201+0000: 801389.207: [SoftReference, 0 refs, 0.0000340 secs]2019-02-01T02:30:23.201+0000: 801389.207: [WeakReference, 7 refs, 0.0000156 secs]2019-02-01T02:30:23.201+0000: 801389.207: [FinalReference, 696 refs, 0.0003510 secs]2019-02-01T02:30:23.202+0000: 801389.207: [PhantomReference, 0 refs, 0 refs, 0.0000153 secs]2019-02-01T02:30:23.202+0000: 801389.207: [JNI Weak Reference, 0.0000237 secs]
Desired survivor size 11010048 bytes, new threshold 4 (max 15)
[PSYoungGen: 95228K->6812K(91648K)] 738864K->653205K(780800K), 0.0103350 secs] [Times: user=0.11 sys=0.00, real=0.02 secs] 
2019-02-01T02:30:23.207+0000: 801389.213: Total time for which application threads were stopped: 0.0126903 seconds, Stopping threads took: 0.0000409 seconds
2019-02-01T02:30:26.565+0000: 801392.571: Application time: 3.3580539 seconds
2019-02-01T02:30:26.568+0000: 801392.574: [GC (Allocation Failure) 2019-02-01T02:30:26.575+0000: 801392.581: [SoftReference, 0 refs, 0.0000322 secs]2019-02-01T02:30:26.575+0000: 801392.581: [WeakReference, 23 refs, 0.0000192 secs]2019-02-01T02:30:26.575+0000: 801392.581: [FinalReference, 629 refs, 0.0002717 secs]2019-02-01T02:30:26.575+0000: 801392.581: [PhantomReference, 0 refs, 0 refs, 0.0000148 secs]2019-02-01T02:30:26.575+0000: 801392.581: [JNI Weak Reference, 0.0000224 secs]
Desired survivor size 12058624 bytes, new threshold 3 (max 15)
[PSYoungGen: 91292K->7677K(89600K)] 737689K->655509K(778752K), 0.0105628 secs] [Times: user=0.16 sys=0.00, real=0.01 secs] 
2019-02-01T02:30:26.579+0000: 801392.585: Total time for which application threads were stopped: 0.0139354 seconds, Stopping threads took: 0.0000816 seconds
2019-02-01T02:30:30.182+0000: 801396.187: Application time: 3.6027971 seconds
2019-02-01T02:30:30.185+0000: 801396.191: [GC (Allocation Failure) 2019-02-01T02:30:30.192+0000: 801396.198: [SoftReference, 0 refs, 0.0000195 secs]2019-02-01T02:30:30.192+0000: 801396.198: [WeakReference, 13 refs, 0.0000101 secs]2019-02-01T02:30:30.192+0000: 801396.198: [FinalReference, 670 refs, 0.0002193 secs]2019-02-01T02:30:30.192+0000: 801396.198: [PhantomReference, 0 refs, 0 refs, 0.0000088 secs]2019-02-01T02:30:30.192+0000: 801396.198: [JNI Weak Reference, 0.0000146 secs]
Desired survivor size 11534336 bytes, new threshold 4 (max 15)
[PSYoungGen: 89597K->6841K(87040K)] 737429K->655941K(776192K), 0.0106886 secs] [Times: user=0.18 sys=0.00, real=0.01 secs] 
2019-02-01T02:30:30.196+0000: 801396.202: Total time for which application threads were stopped: 0.0140198 seconds, Stopping threads took: 0.0000637 seconds
2019-02-01T02:30:31.196+0000: 801397.202: Application time: 1.0000997 seconds
2019-02-01T02:30:31.199+0000: 801397.205: Total time for which application threads were stopped: 0.0031959 seconds, Stopping threads took: 0.0000776 seconds
2019-02-01T02:30:32.714+0000: 801398.719: Application time: 1.5146107 seconds
2019-02-01T02:30:32.718+0000: 801398.723: [GC (Allocation Failure) 2019-02-01T02:30:32.723+0000: 801398.729: [SoftReference, 0 refs, 0.0000336 secs]2019-02-01T02:30:32.723+0000: 801398.729: [WeakReference, 27 refs, 0.0000214 secs]2019-02-01T02:30:32.723+0000: 801398.729: [FinalReference, 621 refs, 0.0003074 secs]2019-02-01T02:30:32.723+0000: 801398.729: [PhantomReference, 0 refs, 0 refs, 0.0000156 secs]2019-02-01T02:30:32.723+0000: 801398.729: [JNI Weak Reference, 0.0000232 secs]
Desired survivor size 12058624 bytes, new threshold 4 (max 15)
[PSYoungGen: 86713K->8976K(87040K)] 735813K->658076K(776192K), 0.0092721 secs] [Times: user=0.12 sys=0.00, real=0.00 secs] 
2019-02-01T02:30:32.727+0000: 801398.733: Total time for which application threads were stopped: 0.0132529 seconds, Stopping threads took: 0.0000657 seconds
2019-02-01T02:30:34.938+0000: 801400.944: Application time: 2.2111339 seconds
2019-02-01T02:30:34.941+0000: 801400.947: [GC (Allocation Failure) 2019-02-01T02:30:34.948+0000: 801400.954: [SoftReference, 0 refs, 0.0000321 secs]2019-02-01T02:30:34.948+0000: 801400.954: [WeakReference, 10 refs, 0.0000165 secs]2019-02-01T02:30:34.948+0000: 801400.954: [FinalReference, 710 refs, 0.0003177 secs]2019-02-01T02:30:34.949+0000: 801400.954: [PhantomReference, 0 refs, 0 refs, 0.0000151 secs]2019-02-01T02:30:34.949+0000: 801400.955: [JNI Weak Reference, 0.0000232 secs]
Desired survivor size 12058624 bytes, new threshold 4 (max 15)
[PSYoungGen: 86800K->7590K(83456K)] 735900K->657644K(772608K), 0.0126294 secs] [Times: user=0.18 sys=0.00, real=0.01 secs] 
2019-02-01T02:30:34.954+0000: 801400.960: Total time for which application threads were stopped: 0.0157847 seconds, Stopping threads took: 0.0000564 seconds
2019-02-01T02:30:37.423+0000: 801403.429: Application time: 2.4690750 seconds
2019-02-01T02:30:37.426+0000: 801403.432: [GC (Allocation Failure) 2019-02-01T02:30:37.435+0000: 801403.441: [SoftReference, 0 refs, 0.0000223 secs]2019-02-01T02:30:37.435+0000: 801403.441: [WeakReference, 5 refs, 0.0000143 secs]2019-02-01T02:30:37.435+0000: 801403.441: [FinalReference, 628 refs, 0.0002534 secs]2019-02-01T02:30:37.435+0000: 801403.441: [PhantomReference, 0 refs, 0 refs, 0.0000148 secs]2019-02-01T02:30:37.435+0000: 801403.441: [JNI Weak Reference, 0.0000228 secs]
Desired survivor size 11534336 bytes, new threshold 3 (max 15)
[PSYoungGen: 83366K->6282K(80384K)] 733420K->658048K(769536K), 0.0131061 secs] [Times: user=0.21 sys=0.00, real=0.02 secs] 
2019-02-01T02:30:37.439+0000: 801403.445: Total time for which application threads were stopped: 0.0161943 seconds, Stopping threads took: 0.0000518 seconds
2019-02-01T02:30:39.615+0000: 801405.620: Application time: 2.1755769 seconds
2019-02-01T02:30:39.618+0000: 801405.623: Total time for which application threads were stopped: 0.0028972 seconds, Stopping threads took: 0.0000585 seconds
2019-02-01T02:30:39.618+0000: 801405.624: Application time: 0.0002370 seconds
2019-02-01T02:30:39.620+0000: 801405.626: [GC (GCLocker Initiated GC) 2019-02-01T02:30:39.625+0000: 801405.630: [SoftReference, 0 refs, 0.0000357 secs]2019-02-01T02:30:39.625+0000: 801405.630: [WeakReference, 18 refs, 0.0000244 secs]2019-02-01T02:30:39.625+0000: 801405.631: [FinalReference, 637 refs, 0.0002541 secs]2019-02-01T02:30:39.625+0000: 801405.631: [PhantomReference, 0 refs, 0 refs, 0.0000148 secs]2019-02-01T02:30:39.625+0000: 801405.631: [JNI Weak Reference, 0.0000224 secs]
Desired survivor size 12058624 bytes, new threshold 2 (max 15)
[PSYoungGen: 80010K->9088K(80896K)] 731791K->662750K(770048K), 0.0098501 secs] [Times: user=0.09 sys=0.00, real=0.01 secs] 
2019-02-01T02:30:39.630+0000: 801405.636: Total time for which application threads were stopped: 0.0119263 seconds, Stopping threads took: 0.0001305 seconds
2019-02-01T02:30:42.440+0000: 801408.446: Application time: 2.8102336 seconds
2019-02-01T02:30:42.443+0000: 801408.449: [GC (Allocation Failure) 2019-02-01T02:30:42.450+0000: 801408.456: [SoftReference, 0 refs, 0.0000322 secs]2019-02-01T02:30:42.450+0000: 801408.456: [WeakReference, 1 refs, 0.0000131 secs]2019-02-01T02:30:42.450+0000: 801408.456: [FinalReference, 599 refs, 0.0002562 secs]2019-02-01T02:30:42.451+0000: 801408.456: [PhantomReference, 0 refs, 0 refs, 0.0000299 secs]2019-02-01T02:30:42.451+0000: 801408.456: [JNI Weak Reference, 0.0000225 secs]
Desired survivor size 12058624 bytes, new threshold 1 (max 15)
[PSYoungGen: 80768K->2857K(72704K)] 734441K->658289K(761856K), 0.0117834 secs] [Times: user=0.16 sys=0.01, real=0.01 secs] 
2019-02-01T02:30:42.455+0000: 801408.461: Total time for which application threads were stopped: 0.0148665 seconds, Stopping threads took: 0.0000594 seconds
2019-02-01T02:30:45.442+0000: 801411.448: Application time: 2.9874752 seconds
2019-02-01T02:30:45.446+0000: 801411.451: [GC (Allocation Failure) 2019-02-01T02:30:45.451+0000: 801411.457: [SoftReference, 0 refs, 0.0000418 secs]2019-02-01T02:30:45.451+0000: 801411.457: [WeakReference, 9 refs, 0.0000217 secs]2019-02-01T02:30:45.451+0000: 801411.457: [FinalReference, 471 refs, 0.0002230 secs]2019-02-01T02:30:45.451+0000: 801411.457: [PhantomReference, 0 refs, 1 refs, 0.0000152 secs]2019-02-01T02:30:45.451+0000: 801411.457: [JNI Weak Reference, 0.0000228 secs]
Desired survivor size 12582912 bytes, new threshold 1 (max 15)
[PSYoungGen: 72489K->2877K(71168K)] 727921K->659462K(760320K), 0.0094708 secs] [Times: user=0.09 sys=0.00, real=0.01 secs] 
2019-02-01T02:30:45.455+0000: 801411.461: Total time for which application threads were stopped: 0.0128566 seconds, Stopping threads took: 0.0000935 seconds
2019-02-01T02:30:47.260+0000: 801413.266: Application time: 1.8047831 seconds
2019-02-01T02:30:47.263+0000: 801413.269: [GC (Allocation Failure) 2019-02-01T02:30:47.270+0000: 801413.276: [SoftReference, 0 refs, 0.0000319 secs]2019-02-01T02:30:47.270+0000: 801413.276: [WeakReference, 6 refs, 0.0000156 secs]2019-02-01T02:30:47.270+0000: 801413.276: [FinalReference, 619 refs, 0.0002854 secs]2019-02-01T02:30:47.270+0000: 801413.276: [PhantomReference, 0 refs, 0 refs, 0.0000150 secs]2019-02-01T02:30:47.270+0000: 801413.276: [JNI Weak Reference, 0.0000227 secs]
Desired survivor size 12582912 bytes, new threshold 1 (max 15)
[PSYoungGen: 70973K->2235K(72192K)] 727558K->659623K(761344K), 0.0121892 secs] [Times: user=0.15 sys=0.00, real=0.01 secs] 
2019-02-01T02:30:47.275+0000: 801413.281: Total time for which application threads were stopped: 0.0153394 seconds, Stopping threads took: 0.0000747 seconds
2019-02-01T02:30:49.867+0000: 801415.873: Application time: 2.5918629 seconds
2019-02-01T02:30:49.870+0000: 801415.876: [GC (Allocation Failure) 2019-02-01T02:30:49.876+0000: 801415.882: [SoftReference, 0 refs, 0.0000322 secs]2019-02-01T02:30:49.876+0000: 801415.882: [WeakReference, 14 refs, 0.0000171 secs]2019-02-01T02:30:49.877+0000: 801415.882: [FinalReference, 427 refs, 0.0002338 secs]2019-02-01T02:30:49.877+0000: 801415.883: [PhantomReference, 0 refs, 0 refs, 0.0000150 secs]2019-02-01T02:30:49.877+0000: 801415.883: [JNI Weak Reference, 0.0000343 secs]
Desired survivor size 12058624 bytes, new threshold 1 (max 15)
[PSYoungGen: 68795K->5148K(70656K)] 726183K->663202K(759808K), 0.0105760 secs] [Times: user=0.15 sys=0.00, real=0.02 secs] 
2019-02-01T02:30:49.881+0000: 801415.887: Total time for which application threads were stopped: 0.0136232 seconds, Stopping threads took: 0.0000505 seconds
2019-02-01T02:30:51.881+0000: 801417.887: Application time: 2.0002320 seconds
2019-02-01T02:30:51.884+0000: 801417.890: Total time for which application threads were stopped: 0.0029006 seconds, Stopping threads took: 0.0000568 seconds
2019-02-01T02:30:52.072+0000: 801418.078: Application time: 0.1878826 seconds
2019-02-01T02:30:52.075+0000: 801418.080: [GC (Allocation Failure) 2019-02-01T02:30:52.083+0000: 801418.089: [SoftReference, 0 refs, 0.0000320 secs]2019-02-01T02:30:52.083+0000: 801418.089: [WeakReference, 7 refs, 0.0000152 secs]2019-02-01T02:30:52.083+0000: 801418.089: [FinalReference, 540 refs, 0.0002739 secs]2019-02-01T02:30:52.083+0000: 801418.089: [PhantomReference, 0 refs, 0 refs, 0.0000150 secs]2019-02-01T02:30:52.083+0000: 801418.089: [JNI Weak Reference, 0.0000232 secs]
Desired survivor size 11534336 bytes, new threshold 1 (max 15)
[PSYoungGen: 70172K->3934K(72704K)] 728226K->662986K(761856K), 0.0126510 secs] [Times: user=0.22 sys=0.00, real=0.01 secs] 
2019-02-01T02:30:52.087+0000: 801418.093: Total time for which application threads were stopped: 0.0154176 seconds, Stopping threads took: 0.0000394 seconds
2019-02-01T02:30:54.579+0000: 801420.585: Application time: 2.4915421 seconds
2019-02-01T02:30:54.582+0000: 801420.588: Total time for which application threads were stopped: 0.0029435 seconds, Stopping threads took: 0.0000516 seconds
2019-02-01T02:30:54.582+0000: 801420.588: Application time: 0.0001134 seconds
2019-02-01T02:30:54.584+0000: 801420.590: [GC (GCLocker Initiated GC) 2019-02-01T02:30:54.587+0000: 801420.593: [SoftReference, 0 refs, 0.0000327 secs]2019-02-01T02:30:54.587+0000: 801420.593: [WeakReference, 5 refs, 0.0000150 secs]2019-02-01T02:30:54.587+0000: 801420.593: [FinalReference, 522 refs, 0.0002095 secs]2019-02-01T02:30:54.588+0000: 801420.593: [PhantomReference, 0 refs, 0 refs, 0.0000149 secs]2019-02-01T02:30:54.588+0000: 801420.593: [JNI Weak Reference, 0.0000222 secs]
Desired survivor size 11534336 bytes, new threshold 1 (max 15)
[PSYoungGen: 67422K->3227K(65536K)] 726474K->663115K(754688K), 0.0076159 secs] [Times: user=0.07 sys=0.00, real=0.01 secs] 
2019-02-01T02:30:54.592+0000: 801420.597: Total time for which application threads were stopped: 0.0097349 seconds, Stopping threads took: 0.0000709 seconds
2019-02-01T02:30:56.753+0000: 801422.758: Application time: 2.1609671 seconds
2019-02-01T02:30:56.756+0000: 801422.761: [GC (Allocation Failure) 2019-02-01T02:30:56.761+0000: 801422.767: [SoftReference, 0 refs, 0.0000328 secs]2019-02-01T02:30:56.761+0000: 801422.767: [WeakReference, 10 refs, 0.0000165 secs]2019-02-01T02:30:56.761+0000: 801422.767: [FinalReference, 542 refs, 0.0002504 secs]2019-02-01T02:30:56.761+0000: 801422.767: [PhantomReference, 0 refs, 0 refs, 0.0000148 secs]2019-02-01T02:30:56.761+0000: 801422.767: [JNI Weak Reference, 0.0000226 secs]
Desired survivor size 11010048 bytes, new threshold 1 (max 15)
[PSYoungGen: 65179K->3095K(69120K)] 725071K->663472K(758272K), 0.0095574 secs] [Times: user=0.11 sys=0.00, real=0.01 secs] 
2019-02-01T02:30:56.765+0000: 801422.771: Total time for which application threads were stopped: 0.0125742 seconds, Stopping threads took: 0.0000426 seconds
2019-02-01T02:30:58.230+0000: 801424.236: Application time: 1.4648752 seconds
2019-02-01T02:30:58.234+0000: 801424.239: Total time for which application threads were stopped: 0.0036311 seconds, Stopping threads took: 0.0000587 seconds
2019-02-01T02:30:58.234+0000: 801424.240: Application time: 0.0000850 seconds
2019-02-01T02:30:58.236+0000: 801424.242: Total time for which application threads were stopped: 0.0019579 seconds, Stopping threads took: 0.0000870 seconds
2019-02-01T02:30:58.792+0000: 801424.798: Application time: 0.5561499 seconds
2019-02-01T02:30:58.795+0000: 801424.801: [GC (Allocation Failure) 2019-02-01T02:30:58.799+0000: 801424.804: [SoftReference, 0 refs, 0.0000293 secs]2019-02-01T02:30:58.799+0000: 801424.805: [WeakReference, 10 refs, 0.0000154 secs]2019-02-01T02:30:58.799+0000: 801424.805: [FinalReference, 509 refs, 0.0002386 secs]2019-02-01T02:30:58.799+0000: 801424.805: [PhantomReference, 0 refs, 0 refs, 0.0000145 secs]2019-02-01T02:30:58.799+0000: 801424.805: [JNI Weak Reference, 0.0000228 secs]
Desired survivor size 11010048 bytes, new threshold 1 (max 15)
[PSYoungGen: 63511K->3264K(62464K)] 723888K->664652K(751616K), 0.0079997 secs] [Times: user=0.08 sys=0.00, real=0.01 secs] 
2019-02-01T02:30:58.803+0000: 801424.809: Total time for which application threads were stopped: 0.0110506 seconds, Stopping threads took: 0.0000507 seconds
2019-02-01T02:30:58.837+0000: 801424.843: Application time: 0.0342913 seconds
2019-02-01T02:30:58.840+0000: 801424.846: Total time for which application threads were stopped: 0.0027252 seconds, Stopping threads took: 0.0000418 seconds
2019-02-01T02:30:58.840+0000: 801424.846: Application time: 0.0000944 seconds
2019-02-01T02:30:58.842+0000: 801424.848: Total time for which application threads were stopped: 0.0017664 seconds, Stopping threads took: 0.0000608 seconds
2019-02-01T02:30:59.544+0000: 801425.549: Application time: 0.7017420 seconds
2019-02-01T02:30:59.547+0000: 801425.553: Total time for which application threads were stopped: 0.0032313 seconds, Stopping threads took: 0.0000547 seconds
2019-02-01T02:30:59.547+0000: 801425.553: Application time: 0.0000912 seconds
2019-02-01T02:30:59.549+0000: 801425.555: Total time for which application threads were stopped: 0.0020086 seconds, Stopping threads took: 0.0000765 seconds
2019-02-01T02:31:00.696+0000: 801426.702: Application time: 1.1473385 seconds
2019-02-01T02:31:00.699+0000: 801426.705: Total time for which application threads were stopped: 0.0030685 seconds, Stopping threads took: 0.0000652 seconds
2019-02-01T02:31:00.850+0000: 801426.856: Application time: 0.1507631 seconds
2019-02-01T02:31:00.853+0000: 801426.859: Total time for which application threads were stopped: 0.0031167 seconds, Stopping threads took: 0.0000938 seconds
2019-02-01T02:31:00.953+0000: 801426.959: Application time: 0.0996439 seconds
2019-02-01T02:31:00.956+0000: 801426.961: [GC (Allocation Failure) 2019-02-01T02:31:00.959+0000: 801426.965: [SoftReference, 0 refs, 0.0000324 secs]2019-02-01T02:31:00.959+0000: 801426.965: [WeakReference, 22 refs, 0.0000199 secs]2019-02-01T02:31:00.960+0000: 801426.965: [FinalReference, 400 refs, 0.0001893 secs]2019-02-01T02:31:00.960+0000: 801426.965: [PhantomReference, 0 refs, 0 refs, 0.0000192 secs]2019-02-01T02:31:00.960+0000: 801426.965: [JNI Weak Reference, 0.0000225 secs]
Desired survivor size 10485760 bytes, new threshold 1 (max 15)
[PSYoungGen: 62144K->4571K(65536K)] 723532K->666802K(754688K), 0.0082709 secs] [Times: user=0.07 sys=0.00, real=0.01 secs] 
2019-02-01T02:31:00.964+0000: 801426.970: Total time for which application threads were stopped: 0.0110451 seconds, Stopping threads took: 0.0000786 seconds
2019-02-01T02:31:01.907+0000: 801427.912: Application time: 0.9426094 seconds
2019-02-01T02:31:01.910+0000: 801427.915: Total time for which application threads were stopped: 0.0030194 seconds, Stopping threads took: 0.0000544 seconds
2019-02-01T02:31:03.092+0000: 801429.097: Application time: 1.1820624 seconds
2019-02-01T02:31:03.095+0000: 801429.101: [GC (Allocation Failure) 2019-02-01T02:31:03.103+0000: 801429.109: [SoftReference, 0 refs, 0.0000324 secs]2019-02-01T02:31:03.103+0000: 801429.109: [WeakReference, 45 refs, 0.0000234 secs]2019-02-01T02:31:03.103+0000: 801429.109: [FinalReference, 417 refs, 0.0001710 secs]2019-02-01T02:31:03.103+0000: 801429.109: [PhantomReference, 0 refs, 0 refs, 0.0000145 secs]2019-02-01T02:31:03.103+0000: 801429.109: [JNI Weak Reference, 0.0000224 secs]
Desired survivor size 10485760 bytes, new threshold 1 (max 15)
[PSYoungGen: 61915K->2411K(58880K)] 724146K->665539K(748032K), 0.0121309 secs] [Times: user=0.20 sys=0.00, real=0.01 secs] 
2019-02-01T02:31:03.107+0000: 801429.113: Total time for which application threads were stopped: 0.0154488 seconds, Stopping threads took: 0.0000549 seconds
2019-02-01T02:31:03.370+0000: 801429.375: Application time: 0.2625424 seconds
2019-02-01T02:31:03.373+0000: 801429.379: Total time for which application threads were stopped: 0.0031511 seconds, Stopping threads took: 0.0000544 seconds
2019-02-01T02:31:04.125+0000: 801430.131: Application time: 0.7522117 seconds
2019-02-01T02:31:04.128+0000: 801430.134: Total time for which application threads were stopped: 0.0032305 seconds, Stopping threads took: 0.0000626 seconds
2019-02-01T02:31:04.530+0000: 801430.535: Application time: 0.4012894 seconds
2019-02-01T02:31:04.533+0000: 801430.539: Total time for which application threads were stopped: 0.0032860 seconds, Stopping threads took: 0.0000607 seconds
2019-02-01T02:31:04.569+0000: 801430.575: Application time: 0.0365212 seconds
2019-02-01T02:31:04.572+0000: 801430.578: Total time for which application threads were stopped: 0.0025658 seconds, Stopping threads took: 0.0000840 seconds
2019-02-01T02:31:04.572+0000: 801430.578: Application time: 0.0000477 seconds
2019-02-01T02:31:04.573+0000: 801430.579: Total time for which application threads were stopped: 0.0013777 seconds, Stopping threads took: 0.0000534 seconds
2019-02-01T02:31:04.674+0000: 801430.679: Application time: 0.1003981 seconds
2019-02-01T02:31:04.677+0000: 801430.683: Total time for which application threads were stopped: 0.0030468 seconds, Stopping threads took: 0.0000566 seconds
2019-02-01T02:31:04.677+0000: 801430.683: Application time: 0.0000702 seconds
2019-02-01T02:31:04.679+0000: 801430.685: Total time for which application threads were stopped: 0.0019448 seconds, Stopping threads took: 0.0000349 seconds
2019-02-01T02:31:04.779+0000: 801430.785: Application time: 0.1005319 seconds
2019-02-01T02:31:04.782+0000: 801430.788: Total time for which application threads were stopped: 0.0029576 seconds, Stopping threads took: 0.0000544 seconds
2019-02-01T02:31:04.782+0000: 801430.788: Application time: 0.0000541 seconds
2019-02-01T02:31:04.784+0000: 801430.790: Total time for which application threads were stopped: 0.0019108 seconds, Stopping threads took: 0.0000364 seconds
2019-02-01T02:31:04.907+0000: 801430.913: Application time: 0.1226967 seconds
2019-02-01T02:31:04.910+0000: 801430.916: [GC (Allocation Failure) 2019-02-01T02:31:04.918+0000: 801430.924: [SoftReference, 0 refs, 0.0000349 secs]2019-02-01T02:31:04.918+0000: 801430.924: [WeakReference, 14 refs, 0.0000232 secs]2019-02-01T02:31:04.918+0000: 801430.924: [FinalReference, 402 refs, 0.0002004 secs]2019-02-01T02:31:04.918+0000: 801430.924: [PhantomReference, 0 refs, 0 refs, 0.0000144 secs]2019-02-01T02:31:04.918+0000: 801430.924: [JNI Weak Reference, 0.0000227 secs]
Desired survivor size 9961472 bytes, new threshold 1 (max 15)
[PSYoungGen: 58731K->3350K(63488K)] 721859K->667680K(752640K), 0.0117649 secs] [Times: user=0.16 sys=0.00, real=0.01 secs] 
2019-02-01T02:31:04.922+0000: 801430.928: Total time for which application threads were stopped: 0.0149474 seconds, Stopping threads took: 0.0000514 seconds
2019-02-01T02:31:05.487+0000: 801431.493: Application time: 0.5650495 seconds
2019-02-01T02:31:05.490+0000: 801431.496: Total time for which application threads were stopped: 0.0031880 seconds, Stopping threads took: 0.0000593 seconds
2019-02-01T02:31:05.490+0000: 801431.496: Application time: 0.0000663 seconds
2019-02-01T02:31:05.492+0000: 801431.498: Total time for which application threads were stopped: 0.0020373 seconds, Stopping threads took: 0.0000748 seconds
2019-02-01T02:31:05.593+0000: 801431.599: Application time: 0.1005590 seconds
2019-02-01T02:31:05.596+0000: 801431.601: Total time for which application threads were stopped: 0.0028119 seconds, Stopping threads took: 0.0000481 seconds
2019-02-01T02:31:05.596+0000: 801431.601: Application time: 0.0000621 seconds
2019-02-01T02:31:05.598+0000: 801431.603: Total time for which application threads were stopped: 0.0018752 seconds, Stopping threads took: 0.0000381 seconds
2019-02-01T02:31:05.698+0000: 801431.704: Application time: 0.1005030 seconds
2019-02-01T02:31:05.701+0000: 801431.706: Total time for which application threads were stopped: 0.0026026 seconds, Stopping threads took: 0.0000690 seconds
2019-02-01T02:31:05.701+0000: 801431.707: Application time: 0.0000884 seconds
2019-02-01T02:31:05.702+0000: 801431.708: Total time for which application threads were stopped: 0.0013307 seconds, Stopping threads took: 0.0000648 seconds
2019-02-01T02:31:06.904+0000: 801432.910: Application time: 1.2018660 seconds
2019-02-01T02:31:06.907+0000: 801432.912: [GC (Allocation Failure) 2019-02-01T02:31:06.912+0000: 801432.918: [SoftReference, 0 refs, 0.0000323 secs]2019-02-01T02:31:06.912+0000: 801432.918: [WeakReference, 11 refs, 0.0000165 secs]2019-02-01T02:31:06.912+0000: 801432.918: [FinalReference, 419 refs, 0.0002041 secs]2019-02-01T02:31:06.912+0000: 801432.918: [PhantomReference, 0 refs, 0 refs, 0.0000146 secs]2019-02-01T02:31:06.912+0000: 801432.918: [JNI Weak Reference, 0.0000228 secs]
Desired survivor size 9961472 bytes, new threshold 1 (max 15)
[PSYoungGen: 58639K->2395K(56832K)] 722969K->668275K(745984K), 0.0097369 secs] [Times: user=0.10 sys=0.00, real=0.01 secs] 
2019-02-01T02:31:06.916+0000: 801432.922: Total time for which application threads were stopped: 0.0124196 seconds, Stopping threads took: 0.0000446 seconds
2019-02-01T02:31:08.006+0000: 801434.012: Application time: 1.0895480 seconds
2019-02-01T02:31:08.009+0000: 801434.015: Total time for which application threads were stopped: 0.0031803 seconds, Stopping threads took: 0.0000610 seconds
2019-02-01T02:31:08.009+0000: 801434.015: Application time: 0.0000641 seconds
2019-02-01T02:31:08.011+0000: 801434.017: Total time for which application threads were stopped: 0.0020069 seconds, Stopping threads took: 0.0000774 seconds
2019-02-01T02:31:09.029+0000: 801435.035: Application time: 1.0175088 seconds
2019-02-01T02:31:09.032+0000: 801435.038: [GC (Allocation Failure) 2019-02-01T02:31:09.040+0000: 801435.046: [SoftReference, 0 refs, 0.0000195 secs]2019-02-01T02:31:09.040+0000: 801435.046: [WeakReference, 8 refs, 0.0000101 secs]2019-02-01T02:31:09.040+0000: 801435.046: [FinalReference, 447 refs, 0.0001667 secs]2019-02-01T02:31:09.040+0000: 801435.046: [PhantomReference, 0 refs, 0 refs, 0.0000083 secs]2019-02-01T02:31:09.040+0000: 801435.046: [JNI Weak Reference, 0.0000153 secs]
Desired survivor size 9437184 bytes, new threshold 1 (max 15)
[PSYoungGen: 56667K->2940K(60928K)] 722547K->669987K(750080K), 0.0124896 secs] [Times: user=0.19 sys=0.00, real=0.02 secs] 
2019-02-01T02:31:09.044+0000: 801435.050: Total time for which application threads were stopped: 0.0156355 seconds, Stopping threads took: 0.0000576 seconds
2019-02-01T02:31:10.924+0000: 801436.929: Application time: 1.8792802 seconds
2019-02-01T02:31:10.927+0000: 801436.933: [GC (Allocation Failure) 2019-02-01T02:31:10.934+0000: 801436.940: [SoftReference, 0 refs, 0.0000383 secs]2019-02-01T02:31:10.934+0000: 801436.940: [WeakReference, 9 refs, 0.0000166 secs]2019-02-01T02:31:10.934+0000: 801436.940: [FinalReference, 438 refs, 0.0002149 secs]2019-02-01T02:31:10.935+0000: 801436.940: [PhantomReference, 0 refs, 0 refs, 0.0000216 secs]2019-02-01T02:31:10.935+0000: 801436.940: [JNI Weak Reference, 0.0000229 secs]
Desired survivor size 9437184 bytes, new threshold 1 (max 15)
[PSYoungGen: 56188K->2936K(55296K)] 723235K->670888K(744448K), 0.0119042 secs] [Times: user=0.16 sys=0.00, real=0.01 secs] 
2019-02-01T02:31:10.939+0000: 801436.945: Total time for which application threads were stopped: 0.0152797 seconds, Stopping threads took: 0.0001005 seconds
2019-02-01T02:31:12.952+0000: 801438.958: Application time: 2.0129283 seconds
2019-02-01T02:31:12.955+0000: 801438.961: [GC (Allocation Failure) 2019-02-01T02:31:12.970+0000: 801438.976: [SoftReference, 0 refs, 0.0000432 secs]2019-02-01T02:31:12.970+0000: 801438.976: [WeakReference, 16 refs, 0.0000402 secs]2019-02-01T02:31:12.970+0000: 801438.976: [FinalReference, 412 refs, 0.0002416 secs]2019-02-01T02:31:12.970+0000: 801438.976: [PhantomReference, 0 refs, 0 refs, 0.0000218 secs]2019-02-01T02:31:12.970+0000: 801438.976: [JNI Weak Reference, 0.0000296 secs]
Desired survivor size 8912896 bytes, new threshold 1 (max 15)
[PSYoungGen: 55160K->3611K(58368K)] 723112K->672376K(747520K), 0.0196313 secs] [Times: user=0.29 sys=0.00, real=0.02 secs] 
2019-02-01T02:31:12.975+0000: 801438.981: Total time for which application threads were stopped: 0.0229521 seconds, Stopping threads took: 0.0000547 seconds
2019-02-01T02:31:13.719+0000: 801439.725: Application time: 0.7445682 seconds
2019-02-01T02:31:13.723+0000: 801439.728: Total time for which application threads were stopped: 0.0032036 seconds, Stopping threads took: 0.0000746 seconds
2019-02-01T02:31:13.723+0000: 801439.728: Application time: 0.0001050 seconds
2019-02-01T02:31:13.725+0000: 801439.730: Total time for which application threads were stopped: 0.0019532 seconds, Stopping threads took: 0.0000786 seconds
2019-02-01T02:31:14.585+0000: 801440.591: Application time: 0.8601159 seconds
2019-02-01T02:31:14.588+0000: 801440.594: [GC (Allocation Failure) 2019-02-01T02:31:14.593+0000: 801440.599: [SoftReference, 0 refs, 0.0000320 secs]2019-02-01T02:31:14.593+0000: 801440.599: [WeakReference, 20 refs, 0.0000174 secs]2019-02-01T02:31:14.593+0000: 801440.599: [FinalReference, 432 refs, 0.0002263 secs]2019-02-01T02:31:14.593+0000: 801440.599: [PhantomReference, 0 refs, 0 refs, 0.0000148 secs]2019-02-01T02:31:14.593+0000: 801440.599: [JNI Weak Reference, 0.0000291 secs]
Desired survivor size 8912896 bytes, new threshold 1 (max 15)
[PSYoungGen: 54811K->2589K(53248K)] 723576K->672360K(742400K), 0.0099275 secs] [Times: user=0.08 sys=0.01, real=0.01 secs] 
2019-02-01T02:31:14.598+0000: 801440.604: Total time for which application threads were stopped: 0.0133161 seconds, Stopping threads took: 0.0000540 seconds
2019-02-01T02:31:15.581+0000: 801441.587: Application time: 0.9826685 seconds
2019-02-01T02:31:15.584+0000: 801441.590: Total time for which application threads were stopped: 0.0031805 seconds, Stopping threads took: 0.0000793 seconds
2019-02-01T02:31:16.514+0000: 801442.520: Application time: 0.9302298 seconds
2019-02-01T02:31:16.518+0000: 801442.523: [GC (Allocation Failure) 2019-02-01T02:31:16.523+0000: 801442.529: [SoftReference, 0 refs, 0.0000437 secs]2019-02-01T02:31:16.523+0000: 801442.529: [WeakReference, 10 refs, 0.0000161 secs]2019-02-01T02:31:16.523+0000: 801442.529: [FinalReference, 401 refs, 0.0002405 secs]2019-02-01T02:31:16.523+0000: 801442.529: [PhantomReference, 0 refs, 0 refs, 0.0000144 secs]2019-02-01T02:31:16.523+0000: 801442.529: [JNI Weak Reference, 0.0000297 secs]
Desired survivor size 8388608 bytes, new threshold 1 (max 15)
[PSYoungGen: 52765K->4075K(55808K)] 722536K->675044K(744960K), 0.0102075 secs] [Times: user=0.10 sys=0.00, real=0.01 secs] 
2019-02-01T02:31:16.528+0000: 801442.534: Total time for which application threads were stopped: 0.0136711 seconds, Stopping threads took: 0.0000578 seconds
2019-02-01T02:31:17.528+0000: 801443.534: Application time: 1.0001279 seconds
2019-02-01T02:31:17.531+0000: 801443.537: Total time for which application threads were stopped: 0.0031944 seconds, Stopping threads took: 0.0000509 seconds
2019-02-01T02:31:18.305+0000: 801444.311: Application time: 0.7738314 seconds
2019-02-01T02:31:18.308+0000: 801444.314: [GC (Allocation Failure) 2019-02-01T02:31:18.313+0000: 801444.318: [SoftReference, 0 refs, 0.0000319 secs]2019-02-01T02:31:18.313+0000: 801444.318: [WeakReference, 19 refs, 0.0000193 secs]2019-02-01T02:31:18.313+0000: 801444.318: [FinalReference, 358 refs, 0.0001873 secs]2019-02-01T02:31:18.313+0000: 801444.319: [PhantomReference, 0 refs, 0 refs, 0.0000150 secs]2019-02-01T02:31:18.313+0000: 801444.319: [JNI Weak Reference, 0.0000291 secs]
Desired survivor size 7864320 bytes, new threshold 1 (max 15)
[PSYoungGen: 53133K->2931K(51200K)] 724102K->675255K(740352K), 0.0096464 secs] [Times: user=0.10 sys=0.00, real=0.01 secs] 
2019-02-01T02:31:18.318+0000: 801444.324: Total time for which application threads were stopped: 0.0129847 seconds, Stopping threads took: 0.0000544 seconds
2019-02-01T02:31:20.215+0000: 801446.220: Application time: 1.8965774 seconds
2019-02-01T02:31:20.218+0000: 801446.224: [GC (Allocation Failure) 2019-02-01T02:31:20.225+0000: 801446.231: [SoftReference, 0 refs, 0.0000325 secs]2019-02-01T02:31:20.225+0000: 801446.231: [WeakReference, 14 refs, 0.0000171 secs]2019-02-01T02:31:20.225+0000: 801446.231: [FinalReference, 399 refs, 0.0001808 secs]2019-02-01T02:31:20.225+0000: 801446.231: [PhantomReference, 0 refs, 0 refs, 0.0000146 secs]2019-02-01T02:31:20.225+0000: 801446.231: [JNI Weak Reference, 0.0000247 secs]
Desired survivor size 7864320 bytes, new threshold 1 (max 15)
[PSYoungGen: 51059K->2992K(53760K)] 723383K->676818K(742912K), 0.0115253 secs] [Times: user=0.20 sys=0.00, real=0.01 secs] 
2019-02-01T02:31:20.229+0000: 801446.235: Total time for which application threads were stopped: 0.0148733 seconds, Stopping threads took: 0.0001008 seconds
2019-02-01T02:31:22.022+0000: 801448.028: Application time: 1.7923422 seconds
2019-02-01T02:31:22.025+0000: 801448.031: [GC (Allocation Failure) 2019-02-01T02:31:22.029+0000: 801448.035: [SoftReference, 0 refs, 0.0000318 secs]2019-02-01T02:31:22.029+0000: 801448.035: [WeakReference, 32 refs, 0.0000224 secs]2019-02-01T02:31:22.029+0000: 801448.035: [FinalReference, 345 refs, 0.0002114 secs]2019-02-01T02:31:22.030+0000: 801448.035: [PhantomReference, 0 refs, 0 refs, 0.0000147 secs]2019-02-01T02:31:22.030+0000: 801448.035: [JNI Weak Reference, 0.0000301 secs]
Desired survivor size 7864320 bytes, new threshold 1 (max 15)
[PSYoungGen: 50096K->2544K(48640K)] 723922K->677505K(737792K), 0.0089930 secs] [Times: user=0.07 sys=0.01, real=0.01 secs] 
2019-02-01T02:31:22.034+0000: 801448.040: Total time for which application threads were stopped: 0.0121390 seconds, Stopping threads took: 0.0000508 seconds
2019-02-01T02:31:23.931+0000: 801449.937: Application time: 1.8974884 seconds
2019-02-01T02:31:23.935+0000: 801449.940: [GC (Allocation Failure) 2019-02-01T02:31:23.943+0000: 801449.949: [SoftReference, 0 refs, 0.0000323 secs]2019-02-01T02:31:23.943+0000: 801449.949: [WeakReference, 4 refs, 0.0000143 secs]2019-02-01T02:31:23.943+0000: 801449.949: [FinalReference, 444 refs, 0.0001885 secs]2019-02-01T02:31:23.943+0000: 801449.949: [PhantomReference, 0 refs, 0 refs, 0.0000144 secs]2019-02-01T02:31:23.943+0000: 801449.949: [JNI Weak Reference, 0.0000229 secs]
Desired survivor size 7340032 bytes, new threshold 1 (max 15)
[PSYoungGen: 48624K->2384K(50688K)] 723585K->678389K(739840K), 0.0125459 secs] [Times: user=0.18 sys=0.00, real=0.02 secs] 
2019-02-01T02:31:23.947+0000: 801449.953: Total time for which application threads were stopped: 0.0157619 seconds, Stopping threads took: 0.0000516 seconds
2019-02-01T02:31:25.053+0000: 801451.059: Application time: 1.1055959 seconds
2019-02-01T02:31:25.056+0000: 801451.062: Total time for which application threads were stopped: 0.0031369 seconds, Stopping threads took: 0.0000598 seconds
2019-02-01T02:31:25.056+0000: 801451.062: Application time: 0.0002291 seconds
2019-02-01T02:31:25.058+0000: 801451.064: [GC (GCLocker Initiated GC) 2019-02-01T02:31:25.062+0000: 801451.067: [SoftReference, 0 refs, 0.0000327 secs]2019-02-01T02:31:25.062+0000: 801451.068: [WeakReference, 5 refs, 0.0000149 secs]2019-02-01T02:31:25.062+0000: 801451.068: [FinalReference, 312 refs, 0.0001120 secs]2019-02-01T02:31:25.062+0000: 801451.068: [PhantomReference, 0 refs, 0 refs, 0.0000143 secs]2019-02-01T02:31:25.062+0000: 801451.068: [JNI Weak Reference, 0.0000228 secs]
Desired survivor size 7340032 bytes, new threshold 1 (max 15)
[PSYoungGen: 47440K->3270K(47616K)] 723451K->680205K(736768K), 0.0078125 secs] [Times: user=0.07 sys=0.00, real=0.01 secs] 
2019-02-01T02:31:25.066+0000: 801451.072: Total time for which application threads were stopped: 0.0098497 seconds, Stopping threads took: 0.0000277 seconds
2019-02-01T02:31:26.066+0000: 801452.072: Application time: 1.0001426 seconds
2019-02-01T02:31:26.070+0000: 801452.075: Total time for which application threads were stopped: 0.0032894 seconds, Stopping threads took: 0.0000577 seconds
2019-02-01T02:31:26.397+0000: 801452.403: Application time: 0.3272927 seconds
2019-02-01T02:31:26.400+0000: 801452.406: Total time for which application threads were stopped: 0.0032838 seconds, Stopping threads took: 0.0000988 seconds
2019-02-01T02:31:26.400+0000: 801452.406: Application time: 0.0001759 seconds
2019-02-01T02:31:26.402+0000: 801452.408: [GC (GCLocker Initiated GC) 2019-02-01T02:31:26.410+0000: 801452.416: [SoftReference, 0 refs, 0.0000193 secs]2019-02-01T02:31:26.410+0000: 801452.416: [WeakReference, 10 refs, 0.0000094 secs]2019-02-01T02:31:26.410+0000: 801452.416: [FinalReference, 338 refs, 0.0001262 secs]2019-02-01T02:31:26.410+0000: 801452.416: [PhantomReference, 0 refs, 0 refs, 0.0000083 secs]2019-02-01T02:31:26.411+0000: 801452.416: [JNI Weak Reference, 0.0000213 secs]
Desired survivor size 6815744 bytes, new threshold 1 (max 15)
[PSYoungGen: 47302K->2941K(51712K)] 724933K->681547K(740864K), 0.0131575 secs] [Times: user=0.19 sys=0.00, real=0.01 secs] 
2019-02-01T02:31:26.415+0000: 801452.421: Total time for which application threads were stopped: 0.0149450 seconds, Stopping threads took: 0.0000664 seconds
2019-02-01T02:31:27.971+0000: 801453.977: Application time: 1.5557111 seconds
2019-02-01T02:31:27.974+0000: 801453.980: [GC (Allocation Failure) 2019-02-01T02:31:27.979+0000: 801453.985: [SoftReference, 0 refs, 0.0000325 secs]2019-02-01T02:31:27.979+0000: 801453.985: [WeakReference, 1 refs, 0.0000131 secs]2019-02-01T02:31:27.979+0000: 801453.985: [FinalReference, 398 refs, 0.0002013 secs]2019-02-01T02:31:27.979+0000: 801453.985: [PhantomReference, 0 refs, 0 refs, 0.0000226 secs]2019-02-01T02:31:27.979+0000: 801453.985: [JNI Weak Reference, 0.0000358 secs]
Desired survivor size 6815744 bytes, new threshold 1 (max 15)
[PSYoungGen: 47485K->2698K(46592K)] 726094K->682264K(735744K), 0.0101037 secs] [Times: user=0.08 sys=0.00, real=0.01 secs] 
2019-02-01T02:31:27.984+0000: 801453.990: Total time for which application threads were stopped: 0.0134772 seconds, Stopping threads took: 0.0000539 seconds
2019-02-01T02:31:29.880+0000: 801455.886: Application time: 1.8957364 seconds
2019-02-01T02:31:29.883+0000: 801455.889: [GC (Allocation Failure) 2019-02-01T02:31:29.892+0000: 801455.898: [SoftReference, 0 refs, 0.0000321 secs]2019-02-01T02:31:29.893+0000: 801455.898: [WeakReference, 8 refs, 0.0000157 secs]2019-02-01T02:31:29.893+0000: 801455.898: [FinalReference, 355 refs, 0.0002022 secs]2019-02-01T02:31:29.893+0000: 801455.899: [PhantomReference, 0 refs, 0 refs, 0.0000148 secs]2019-02-01T02:31:29.893+0000: 801455.899: [JNI Weak Reference, 0.0000509 secs]
Desired survivor size 6815744 bytes, new threshold 1 (max 15)
[PSYoungGen: 46218K->2231K(50176K)] 725784K->682764K(739328K), 0.0138929 secs] [Times: user=0.22 sys=0.00, real=0.02 secs] 
2019-02-01T02:31:29.897+0000: 801455.903: Total time for which application threads were stopped: 0.0172621 seconds, Stopping threads took: 0.0000861 seconds
2019-02-01T02:31:32.630+0000: 801458.636: Application time: 2.7324839 seconds
2019-02-01T02:31:32.633+0000: 801458.639: [GC (Allocation Failure) 2019-02-01T02:31:32.638+0000: 801458.644: [SoftReference, 0 refs, 0.0000320 secs]2019-02-01T02:31:32.638+0000: 801458.644: [WeakReference, 12 refs, 0.0000236 secs]2019-02-01T02:31:32.638+0000: 801458.644: [FinalReference, 361 refs, 0.0001439 secs]2019-02-01T02:31:32.638+0000: 801458.644: [PhantomReference, 0 refs, 0 refs, 0.0000146 secs]2019-02-01T02:31:32.638+0000: 801458.644: [JNI Weak Reference, 0.0000293 secs]
Desired survivor size 6291456 bytes, new threshold 1 (max 15)
[PSYoungGen: 45751K->3500K(46592K)] 726284K->684811K(735744K), 0.0099678 secs] [Times: user=0.10 sys=0.00, real=0.01 secs] 
2019-02-01T02:31:32.643+0000: 801458.649: Total time for which application threads were stopped: 0.0132943 seconds, Stopping threads took: 0.0000545 seconds
2019-02-01T02:31:34.935+0000: 801460.941: Application time: 2.2922734 seconds
2019-02-01T02:31:34.938+0000: 801460.944: [GC (Allocation Failure) 2019-02-01T02:31:34.942+0000: 801460.947: [SoftReference, 0 refs, 0.0000294 secs]2019-02-01T02:31:34.942+0000: 801460.947: [WeakReference, 5 refs, 0.0000140 secs]2019-02-01T02:31:34.942+0000: 801460.947: [FinalReference, 339 refs, 0.0001641 secs]2019-02-01T02:31:34.942+0000: 801460.948: [PhantomReference, 0 refs, 0 refs, 0.0000145 secs]2019-02-01T02:31:34.942+0000: 801460.948: [JNI Weak Reference, 0.0000230 secs]
Desired survivor size 6291456 bytes, new threshold 1 (max 15)
[PSYoungGen: 46508K->1912K(48128K)] 727819K->683717K(737280K), 0.0072450 secs] [Times: user=0.07 sys=0.01, real=0.00 secs] 
2019-02-01T02:31:34.946+0000: 801460.951: Total time for which application threads were stopped: 0.0102080 seconds, Stopping threads took: 0.0000524 seconds
2019-02-01T02:31:37.081+0000: 801463.087: Application time: 2.1353078 seconds
2019-02-01T02:31:37.084+0000: 801463.090: [GC (Allocation Failure) 2019-02-01T02:31:37.090+0000: 801463.095: [SoftReference, 0 refs, 0.0000332 secs]2019-02-01T02:31:37.090+0000: 801463.095: [WeakReference, 33 refs, 0.0000328 secs]2019-02-01T02:31:37.090+0000: 801463.096: [FinalReference, 363 refs, 0.0002075 secs]2019-02-01T02:31:37.090+0000: 801463.096: [PhantomReference, 0 refs, 0 refs, 0.0000145 secs]2019-02-01T02:31:37.090+0000: 801463.096: [JNI Weak Reference, 0.0000286 secs]
Desired survivor size 6291456 bytes, new threshold 1 (max 15)
[PSYoungGen: 44408K->3116K(45568K)] 726213K->685682K(734720K), 0.0099282 secs] [Times: user=0.07 sys=0.00, real=0.01 secs] 
2019-02-01T02:31:37.094+0000: 801463.100: Total time for which application threads were stopped: 0.0132009 seconds, Stopping threads took: 0.0000520 seconds
2019-02-01T02:31:38.471+0000: 801464.477: Application time: 1.3767582 seconds
2019-02-01T02:31:38.474+0000: 801464.480: [GC (Allocation Failure) 2019-02-01T02:31:38.481+0000: 801464.487: [SoftReference, 0 refs, 0.0000321 secs]2019-02-01T02:31:38.481+0000: 801464.487: [WeakReference, 8 refs, 0.0000159 secs]2019-02-01T02:31:38.481+0000: 801464.487: [FinalReference, 355 refs, 0.0001908 secs]2019-02-01T02:31:38.481+0000: 801464.487: [PhantomReference, 0 refs, 0 refs, 0.0000248 secs]2019-02-01T02:31:38.481+0000: 801464.487: [JNI Weak Reference, 0.0000330 secs]
Desired survivor size 5767168 bytes, new threshold 1 (max 15)
[PSYoungGen: 45100K->1957K(46080K)] 727666K->685559K(735232K), 0.0121846 secs] [Times: user=0.13 sys=0.00, real=0.01 secs] 
2019-02-01T02:31:38.486+0000: 801464.492: Total time for which application threads were stopped: 0.0153408 seconds, Stopping threads took: 0.0000474 seconds
2019-02-01T02:31:39.422+0000: 801465.428: Application time: 0.9358532 seconds
2019-02-01T02:31:39.425+0000: 801465.431: [GC (Allocation Failure) 2019-02-01T02:31:39.432+0000: 801465.438: [SoftReference, 0 refs, 0.0000412 secs]2019-02-01T02:31:39.432+0000: 801465.438: [WeakReference, 14 refs, 0.0000171 secs]2019-02-01T02:31:39.432+0000: 801465.438: [FinalReference, 391 refs, 0.0002111 secs]2019-02-01T02:31:39.432+0000: 801465.438: [PhantomReference, 0 refs, 0 refs, 0.0000147 secs]2019-02-01T02:31:39.432+0000: 801465.438: [JNI Weak Reference, 0.0000294 secs]
Desired survivor size 6815744 bytes, new threshold 1 (max 15)
[PSYoungGen: 43429K->5259K(47104K)] 727031K->689791K(736256K), 0.0111741 secs] [Times: user=0.16 sys=0.00, real=0.01 secs] 
2019-02-01T02:31:39.437+0000: 801465.442: Total time for which application threads were stopped: 0.0144696 seconds, Stopping threads took: 0.0000485 seconds
2019-02-01T02:31:40.615+0000: 801466.621: Application time: 1.1788322 seconds
2019-02-01T02:31:40.619+0000: 801466.625: [GC (Allocation Failure) 2019-02-01T02:31:40.624+0000: 801466.630: [SoftReference, 0 refs, 0.0000324 secs]2019-02-01T02:31:40.624+0000: 801466.630: [WeakReference, 5 refs, 0.0000152 secs]2019-02-01T02:31:40.624+0000: 801466.630: [FinalReference, 430 refs, 0.0002602 secs]2019-02-01T02:31:40.624+0000: 801466.630: [PhantomReference, 0 refs, 0 refs, 0.0000142 secs]2019-02-01T02:31:40.624+0000: 801466.630: [JNI Weak Reference, 0.0000290 secs]
Desired survivor size 6815744 bytes, new threshold 1 (max 15)
[PSYoungGen: 46731K->5134K(54272K)] 731263K->690762K(743424K), 0.0101433 secs] [Times: user=0.09 sys=0.01, real=0.01 secs] 
2019-02-01T02:31:40.629+0000: 801466.635: Total time for which application threads were stopped: 0.0135396 seconds, Stopping threads took: 0.0000515 seconds
2019-02-01T02:31:42.453+0000: 801468.459: Application time: 1.8244055 seconds
2019-02-01T02:31:42.456+0000: 801468.462: [GC (Allocation Failure) 2019-02-01T02:31:42.465+0000: 801468.471: [SoftReference, 0 refs, 0.0000317 secs]2019-02-01T02:31:42.465+0000: 801468.471: [WeakReference, 4 refs, 0.0000147 secs]2019-02-01T02:31:42.465+0000: 801468.471: [FinalReference, 425 refs, 0.0001898 secs]2019-02-01T02:31:42.466+0000: 801468.471: [PhantomReference, 0 refs, 0 refs, 0.0000145 secs]2019-02-01T02:31:42.466+0000: 801468.471: [JNI Weak Reference, 0.0000233 secs]
Desired survivor size 6815744 bytes, new threshold 1 (max 15)
[PSYoungGen: 52750K->2971K(54272K)] 738378K->690322K(743424K), 0.0131162 secs] [Times: user=0.22 sys=0.00, real=0.02 secs] 
2019-02-01T02:31:42.469+0000: 801468.475: [Full GC (Ergonomics) 2019-02-01T02:31:42.514+0000: 801468.520: [SoftReference, 419 refs, 0.0001679 secs]2019-02-01T02:31:42.514+0000: 801468.520: [WeakReference, 2166 refs, 0.0004856 secs]2019-02-01T02:31:42.515+0000: 801468.521: [FinalReference, 1186 refs, 0.0012544 secs]2019-02-01T02:31:42.516+0000: 801468.522: [PhantomReference, 0 refs, 125 refs, 0.0000417 secs]2019-02-01T02:31:42.516+0000: 801468.522: [JNI Weak Reference, 0.0000466 secs][PSYoungGen: 2971K->0K(54272K)] [ParOldGen: 687350K->633670K(691712K)] 690322K->633670K(745984K), [Metaspace: 75227K->75215K(1118208K)], 0.2655160 secs] [Times: user=4.59 sys=0.00, real=0.26 secs] 
2019-02-01T02:31:42.735+0000: 801468.741: Total time for which application threads were stopped: 0.2815175 seconds, Stopping threads took: 0.0000501 seconds
2019-02-01T02:31:43.735+0000: 801469.741: Application time: 1.0000885 seconds
2019-02-01T02:31:43.738+0000: 801469.744: Total time for which application threads were stopped: 0.0029493 seconds, Stopping threads took: 0.0000439 seconds
2019-02-01T02:31:44.226+0000: 801470.232: Application time: 0.4879715 seconds
2019-02-01T02:31:44.229+0000: 801470.235: [GC (Allocation Failure) 2019-02-01T02:31:44.234+0000: 801470.240: [SoftReference, 0 refs, 0.0000170 secs]2019-02-01T02:31:44.234+0000: 801470.240: [WeakReference, 10 refs, 0.0000117 secs]2019-02-01T02:31:44.234+0000: 801470.240: [FinalReference, 419 refs, 0.0001532 secs]2019-02-01T02:31:44.234+0000: 801470.240: [PhantomReference, 0 refs, 0 refs, 0.0000266 secs]2019-02-01T02:31:44.234+0000: 801470.240: [JNI Weak Reference, 0.0000147 secs]
Desired survivor size 6291456 bytes, new threshold 1 (max 15)
[PSYoungGen: 47616K->3610K(50688K)] 681286K->637280K(742400K), 0.0083424 secs] [Times: user=0.08 sys=0.02, real=0.00 secs] 
2019-02-01T02:31:44.237+0000: 801470.243: Total time for which application threads were stopped: 0.0113113 seconds, Stopping threads took: 0.0000542 seconds
2019-02-01T02:31:45.124+0000: 801471.129: Application time: 0.8863988 seconds
2019-02-01T02:31:45.126+0000: 801471.132: Total time for which application threads were stopped: 0.0026949 seconds, Stopping threads took: 0.0000426 seconds
2019-02-01T02:31:46.116+0000: 801472.122: Application time: 0.9899286 seconds
2019-02-01T02:31:46.119+0000: 801472.125: Total time for which application threads were stopped: 0.0027761 seconds, Stopping threads took: 0.0000425 seconds
2019-02-01T02:31:46.119+0000: 801472.125: Application time: 0.0001081 seconds
2019-02-01T02:31:46.121+0000: 801472.127: [GC (GCLocker Initiated GC) 2019-02-01T02:31:46.127+0000: 801472.132: [SoftReference, 0 refs, 0.0000188 secs]2019-02-01T02:31:46.127+0000: 801472.132: [WeakReference, 7 refs, 0.0000109 secs]2019-02-01T02:31:46.127+0000: 801472.132: [FinalReference, 345 refs, 0.0001064 secs]2019-02-01T02:31:46.127+0000: 801472.133: [PhantomReference, 0 refs, 0 refs, 0.0000228 secs]2019-02-01T02:31:46.127+0000: 801472.133: [JNI Weak Reference, 0.0000170 secs]
Desired survivor size 6291456 bytes, new threshold 1 (max 15)
[PSYoungGen: 50202K->2737K(48640K)] 683873K->638555K(740352K), 0.0093381 secs] [Times: user=0.12 sys=0.01, real=0.01 secs] 
2019-02-01T02:31:46.130+0000: 801472.136: Total time for which application threads were stopped: 0.0110357 seconds, Stopping threads took: 0.0000189 seconds
2019-02-01T02:31:47.896+0000: 801473.902: Application time: 1.7656586 seconds
2019-02-01T02:31:47.899+0000: 801473.905: [GC (Allocation Failure) 2019-02-01T02:31:47.903+0000: 801473.909: [SoftReference, 0 refs, 0.0000289 secs]2019-02-01T02:31:47.903+0000: 801473.909: [WeakReference, 14 refs, 0.0000126 secs]2019-02-01T02:31:47.903+0000: 801473.909: [FinalReference, 363 refs, 0.0001295 secs]2019-02-01T02:31:47.903+0000: 801473.909: [PhantomReference, 0 refs, 0 refs, 0.0000095 secs]2019-02-01T02:31:47.903+0000: 801473.909: [JNI Weak Reference, 0.0000285 secs]
Desired survivor size 6291456 bytes, new threshold 1 (max 15)
[PSYoungGen: 48305K->3336K(48128K)] 684126K->640354K(739840K), 0.0073252 secs] [Times: user=0.08 sys=0.01, real=0.01 secs] 
2019-02-01T02:31:47.906+0000: 801473.912: Total time for which application threads were stopped: 0.0102889 seconds, Stopping threads took: 0.0000406 seconds
2019-02-01T02:31:49.841+0000: 801475.847: Application time: 1.9352605 seconds
2019-02-01T02:31:49.844+0000: 801475.850: [GC (Allocation Failure) 2019-02-01T02:31:49.848+0000: 801475.854: [SoftReference, 0 refs, 0.0000304 secs]2019-02-01T02:31:49.848+0000: 801475.854: [WeakReference, 8 refs, 0.0000150 secs]2019-02-01T02:31:49.848+0000: 801475.854: [FinalReference, 355 refs, 0.0002027 secs]2019-02-01T02:31:49.848+0000: 801475.854: [PhantomReference, 0 refs, 0 refs, 0.0000119 secs]2019-02-01T02:31:49.848+0000: 801475.854: [JNI Weak Reference, 0.0000187 secs]
Desired survivor size 6291456 bytes, new threshold 1 (max 15)
[PSYoungGen: 47880K->2069K(46592K)] 684898K->639963K(738304K), 0.0075995 secs] [Times: user=0.08 sys=0.01, real=0.01 secs] 
2019-02-01T02:31:49.852+0000: 801475.858: Total time for which application threads were stopped: 0.0103145 seconds, Stopping threads took: 0.0000402 seconds
2019-02-01T02:31:52.140+0000: 801478.146: Application time: 2.2882063 seconds
2019-02-01T02:31:52.143+0000: 801478.149: [GC (Allocation Failure) 2019-02-01T02:31:52.146+0000: 801478.152: [SoftReference, 0 refs, 0.0000150 secs]2019-02-01T02:31:52.146+0000: 801478.152: [WeakReference, 31 refs, 0.0000123 secs]2019-02-01T02:31:52.146+0000: 801478.152: [FinalReference, 289 refs, 0.0001504 secs]2019-02-01T02:31:52.146+0000: 801478.152: [PhantomReference, 0 refs, 0 refs, 0.0000113 secs]2019-02-01T02:31:52.146+0000: 801478.152: [JNI Weak Reference, 0.0000146 secs]
Desired survivor size 5767168 bytes, new threshold 1 (max 15)
[PSYoungGen: 46101K->2435K(47616K)] 683995K->641021K(739328K), 0.0069853 secs] [Times: user=0.07 sys=0.00, real=0.00 secs] 
2019-02-01T02:31:52.150+0000: 801478.156: Total time for which application threads were stopped: 0.0099338 seconds, Stopping threads took: 0.0000450 seconds
2019-02-01T02:31:53.890+0000: 801479.896: Application time: 1.7401933 seconds
2019-02-01T02:31:53.893+0000: 801479.899: [GC (Allocation Failure) 2019-02-01T02:31:53.898+0000: 801479.904: [SoftReference, 0 refs, 0.0000232 secs]2019-02-01T02:31:53.898+0000: 801479.904: [WeakReference, 26 refs, 0.0000177 secs]2019-02-01T02:31:53.898+0000: 801479.904: [FinalReference, 374 refs, 0.0001299 secs]2019-02-01T02:31:53.898+0000: 801479.904: [PhantomReference, 0 refs, 0 refs, 0.0000080 secs]2019-02-01T02:31:53.898+0000: 801479.904: [JNI Weak Reference, 0.0000147 secs]
Desired survivor size 7340032 bytes, new threshold 1 (max 15)
[PSYoungGen: 45955K->5624K(48640K)] 684541K->645808K(740352K), 0.0079494 secs] [Times: user=0.08 sys=0.00, real=0.01 secs] 
2019-02-01T02:31:53.901+0000: 801479.907: Total time for which application threads were stopped: 0.0108403 seconds, Stopping threads took: 0.0000375 seconds
2019-02-01T02:31:55.436+0000: 801481.442: Application time: 1.5353721 seconds
2019-02-01T02:31:55.439+0000: 801481.445: Total time for which application threads were stopped: 0.0027901 seconds, Stopping threads took: 0.0000603 seconds
2019-02-01T02:31:55.439+0000: 801481.445: Application time: 0.0001135 seconds
2019-02-01T02:31:55.441+0000: 801481.447: [GC (GCLocker Initiated GC) 2019-02-01T02:31:55.448+0000: 801481.453: [SoftReference, 0 refs, 0.0000138 secs]2019-02-01T02:31:55.448+0000: 801481.453: [WeakReference, 16 refs, 0.0000094 secs]2019-02-01T02:31:55.448+0000: 801481.453: [FinalReference, 370 refs, 0.0001120 secs]2019-02-01T02:31:55.448+0000: 801481.454: [PhantomReference, 0 refs, 0 refs, 0.0000074 secs]2019-02-01T02:31:55.448+0000: 801481.454: [JNI Weak Reference, 0.0000149 secs]
Desired survivor size 7340032 bytes, new threshold 1 (max 15)
[PSYoungGen: 48632K->4605K(49152K)] 688823K->646522K(740864K), 0.0094402 secs] [Times: user=0.17 sys=0.00, real=0.00 secs] 
2019-02-01T02:31:55.450+0000: 801481.456: Total time for which application threads were stopped: 0.0111121 seconds, Stopping threads took: 0.0000337 seconds
2019-02-01T02:31:56.964+0000: 801482.970: Application time: 1.5133938 seconds
2019-02-01T02:31:56.966+0000: 801482.972: Total time for which application threads were stopped: 0.0025636 seconds, Stopping threads took: 0.0000402 seconds
2019-02-01T02:31:56.966+0000: 801482.972: Application time: 0.0000943 seconds
2019-02-01T02:31:56.968+0000: 801482.974: Total time for which application threads were stopped: 0.0014850 seconds, Stopping threads took: 0.0000326 seconds
2019-02-01T02:31:57.130+0000: 801483.136: Application time: 0.1625534 seconds
2019-02-01T02:31:57.133+0000: 801483.139: [GC (Allocation Failure) 2019-02-01T02:31:57.137+0000: 801483.143: [SoftReference, 0 refs, 0.0000296 secs]2019-02-01T02:31:57.137+0000: 801483.143: [WeakReference, 19 refs, 0.0000093 secs]2019-02-01T02:31:57.137+0000: 801483.143: [FinalReference, 344 refs, 0.0001116 secs]2019-02-01T02:31:57.137+0000: 801483.143: [PhantomReference, 0 refs, 0 refs, 0.0000070 secs]2019-02-01T02:31:57.137+0000: 801483.143: [JNI Weak Reference, 0.0000129 secs]
Desired survivor size 6815744 bytes, new threshold 1 (max 15)
[PSYoungGen: 47101K->3264K(45568K)] 689035K->647262K(737280K), 0.0071004 secs] [Times: user=0.08 sys=0.00, real=0.00 secs] 
2019-02-01T02:31:57.140+0000: 801483.146: Total time for which application threads were stopped: 0.0094255 seconds, Stopping threads took: 0.0000313 seconds
2019-02-01T02:31:58.829+0000: 801484.835: Application time: 1.6890790 seconds
2019-02-01T02:31:58.832+0000: 801484.838: [GC (Allocation Failure) 2019-02-01T02:31:58.836+0000: 801484.842: [SoftReference, 0 refs, 0.0000394 secs]2019-02-01T02:31:58.836+0000: 801484.842: [WeakReference, 11 refs, 0.0000095 secs]2019-02-01T02:31:58.836+0000: 801484.842: [FinalReference, 310 refs, 0.0000811 secs]2019-02-01T02:31:58.837+0000: 801484.842: [PhantomReference, 0 refs, 0 refs, 0.0000119 secs]2019-02-01T02:31:58.837+0000: 801484.842: [JNI Weak Reference, 0.0000195 secs]
Desired survivor size 6815744 bytes, new threshold 1 (max 15)
[PSYoungGen: 45248K->3255K(47616K)] 689246K->648687K(739328K), 0.0074869 secs] [Times: user=0.08 sys=0.00, real=0.00 secs] 
2019-02-01T02:31:58.840+0000: 801484.845: Total time for which application threads were stopped: 0.0106945 seconds, Stopping threads took: 0.0000792 seconds
2019-02-01T02:31:59.873+0000: 801485.879: Application time: 1.0337193 seconds
2019-02-01T02:31:59.876+0000: 801485.882: Total time for which application threads were stopped: 0.0026745 seconds, Stopping threads took: 0.0000502 seconds
2019-02-01T02:31:59.876+0000: 801485.882: Application time: 0.0001053 seconds
2019-02-01T02:31:59.878+0000: 801485.883: Total time for which application threads were stopped: 0.0014350 seconds, Stopping threads took: 0.0000289 seconds
2019-02-01T02:31:59.924+0000: 801485.930: Application time: 0.0466100 seconds
2019-02-01T02:31:59.926+0000: 801485.932: [GC (Allocation Failure) 2019-02-01T02:31:59.930+0000: 801485.935: [SoftReference, 0 refs, 0.0000156 secs]2019-02-01T02:31:59.930+0000: 801485.935: [WeakReference, 9 refs, 0.0000081 secs]2019-02-01T02:31:59.930+0000: 801485.935: [FinalReference, 418 refs, 0.0001624 secs]2019-02-01T02:31:59.930+0000: 801485.936: [PhantomReference, 0 refs, 0 refs, 0.0000471 secs]2019-02-01T02:31:59.930+0000: 801485.936: [JNI Weak Reference, 0.0000198 secs]
Desired survivor size 6815744 bytes, new threshold 1 (max 15)
[PSYoungGen: 44727K->3195K(44544K)] 690159K->649755K(736256K), 0.0065995 secs] [Times: user=0.08 sys=0.00, real=0.01 secs] 
2019-02-01T02:31:59.933+0000: 801485.938: Total time for which application threads were stopped: 0.0084016 seconds, Stopping threads took: 0.0000623 seconds
2019-02-01T02:32:00.379+0000: 801486.385: Application time: 0.4466813 seconds
2019-02-01T02:32:00.382+0000: 801486.388: Total time for which application threads were stopped: 0.0027307 seconds, Stopping threads took: 0.0000360 seconds
2019-02-01T02:32:00.382+0000: 801486.388: Application time: 0.0000916 seconds
2019-02-01T02:32:00.384+0000: 801486.389: Total time for which application threads were stopped: 0.0014931 seconds, Stopping threads took: 0.0000579 seconds
2019-02-01T02:32:00.685+0000: 801486.691: Application time: 0.3012362 seconds
2019-02-01T02:32:00.688+0000: 801486.693: Total time for which application threads were stopped: 0.0027252 seconds, Stopping threads took: 0.0000464 seconds
2019-02-01T02:32:00.688+0000: 801486.693: Application time: 0.0000479 seconds
2019-02-01T02:32:00.689+0000: 801486.695: Total time for which application threads were stopped: 0.0015731 seconds, Stopping threads took: 0.0000763 seconds
2019-02-01T02:32:01.091+0000: 801487.096: Application time: 0.4013060 seconds
2019-02-01T02:32:01.093+0000: 801487.099: Total time for which application threads were stopped: 0.0028467 seconds, Stopping threads took: 0.0000400 seconds
2019-02-01T02:32:01.093+0000: 801487.099: Application time: 0.0000395 seconds
2019-02-01T02:32:01.095+0000: 801487.101: Total time for which application threads were stopped: 0.0014014 seconds, Stopping threads took: 0.0000235 seconds
2019-02-01T02:32:01.722+0000: 801487.728: Application time: 0.6271904 seconds
2019-02-01T02:32:01.725+0000: 801487.731: [GC (Allocation Failure) 2019-02-01T02:32:01.729+0000: 801487.735: [SoftReference, 0 refs, 0.0000326 secs]2019-02-01T02:32:01.729+0000: 801487.735: [WeakReference, 15 refs, 0.0000173 secs]2019-02-01T02:32:01.729+0000: 801487.735: [FinalReference, 349 refs, 0.0001717 secs]2019-02-01T02:32:01.729+0000: 801487.735: [PhantomReference, 0 refs, 0 refs, 0.0000268 secs]2019-02-01T02:32:01.729+0000: 801487.735: [JNI Weak Reference, 0.0000230 secs]
Desired survivor size 6291456 bytes, new threshold 1 (max 15)
[PSYoungGen: 44155K->2511K(45568K)] 690715K->649768K(737280K), 0.0080523 secs] [Times: user=0.09 sys=0.01, real=0.01 secs] 
2019-02-01T02:32:01.733+0000: 801487.739: Total time for which application threads were stopped: 0.0111129 seconds, Stopping threads took: 0.0000424 seconds
2019-02-01T02:32:01.906+0000: 801487.912: Application time: 0.1729933 seconds
2019-02-01T02:32:01.909+0000: 801487.915: Total time for which application threads were stopped: 0.0031757 seconds, Stopping threads took: 0.0000438 seconds
2019-02-01T02:32:02.497+0000: 801488.502: Application time: 0.5872987 seconds
2019-02-01T02:32:02.500+0000: 801488.506: Total time for which application threads were stopped: 0.0033369 seconds, Stopping threads took: 0.0000494 seconds
2019-02-01T02:32:02.500+0000: 801488.506: Application time: 0.0001146 seconds
2019-02-01T02:32:02.502+0000: 801488.508: Total time for which application threads were stopped: 0.0021425 seconds, Stopping threads took: 0.0000897 seconds
2019-02-01T02:32:02.603+0000: 801488.609: Application time: 0.1006685 seconds
2019-02-01T02:32:02.606+0000: 801488.611: Total time for which application threads were stopped: 0.0026828 seconds, Stopping threads took: 0.0000876 seconds
2019-02-01T02:32:02.606+0000: 801488.611: Application time: 0.0000828 seconds
2019-02-01T02:32:02.608+0000: 801488.614: Total time for which application threads were stopped: 0.0022073 seconds, Stopping threads took: 0.0001408 seconds
2019-02-01T02:32:02.808+0000: 801488.814: Application time: 0.2006207 seconds
2019-02-01T02:32:02.812+0000: 801488.817: Total time for which application threads were stopped: 0.0031763 seconds, Stopping threads took: 0.0000772 seconds
2019-02-01T02:32:02.812+0000: 801488.818: Application time: 0.0000871 seconds
2019-02-01T02:32:02.814+0000: 801488.820: Total time for which application threads were stopped: 0.0021813 seconds, Stopping threads took: 0.0001095 seconds
2019-02-01T02:32:02.879+0000: 801488.884: Application time: 0.0647785 seconds
2019-02-01T02:32:02.881+0000: 801488.887: [GC (Allocation Failure) 2019-02-01T02:32:02.886+0000: 801488.892: [SoftReference, 0 refs, 0.0000409 secs]2019-02-01T02:32:02.886+0000: 801488.892: [WeakReference, 9 refs, 0.0000161 secs]2019-02-01T02:32:02.886+0000: 801488.892: [FinalReference, 382 refs, 0.0001805 secs]2019-02-01T02:32:02.886+0000: 801488.892: [PhantomReference, 0 refs, 0 refs, 0.0000147 secs]2019-02-01T02:32:02.886+0000: 801488.892: [JNI Weak Reference, 0.0000230 secs]
Desired survivor size 6291456 bytes, new threshold 1 (max 15)
[PSYoungGen: 42959K->3384K(43520K)] 690216K->651746K(735232K), 0.0088060 secs] [Times: user=0.08 sys=0.00, real=0.01 secs] 
2019-02-01T02:32:02.890+0000: 801488.896: Total time for which application threads were stopped: 0.0112909 seconds, Stopping threads took: 0.0000349 seconds
2019-02-01T02:32:03.059+0000: 801489.065: Application time: 0.1690558 seconds
2019-02-01T02:32:03.062+0000: 801489.068: Total time for which application threads were stopped: 0.0030910 seconds, Stopping threads took: 0.0000908 seconds
2019-02-01T02:32:04.062+0000: 801490.068: Application time: 1.0001430 seconds
2019-02-01T02:32:04.065+0000: 801490.071: Total time for which application threads were stopped: 0.0030621 seconds, Stopping threads took: 0.0000817 seconds
2019-02-01T02:32:04.526+0000: 801490.531: Application time: 0.4602676 seconds
2019-02-01T02:32:04.529+0000: 801490.535: [GC (Allocation Failure) 2019-02-01T02:32:04.533+0000: 801490.539: [SoftReference, 0 refs, 0.0000321 secs]2019-02-01T02:32:04.533+0000: 801490.539: [WeakReference, 11 refs, 0.0000173 secs]2019-02-01T02:32:04.533+0000: 801490.539: [FinalReference, 290 refs, 0.0001339 secs]2019-02-01T02:32:04.533+0000: 801490.539: [PhantomReference, 0 refs, 0 refs, 0.0000146 secs]2019-02-01T02:32:04.533+0000: 801490.539: [JNI Weak Reference, 0.0000230 secs]
Desired survivor size 6291456 bytes, new threshold 1 (max 15)
[PSYoungGen: 43320K->2793K(45056K)] 691682K->651901K(736768K), 0.0084790 secs] [Times: user=0.09 sys=0.01, real=0.01 secs] 
2019-02-01T02:32:04.537+0000: 801490.543: Total time for which application threads were stopped: 0.0116996 seconds, Stopping threads took: 0.0000497 seconds
2019-02-01T02:32:06.405+0000: 801492.410: Application time: 1.8672947 seconds
2019-02-01T02:32:06.408+0000: 801492.414: [GC (Allocation Failure) 2019-02-01T02:32:06.412+0000: 801492.417: [SoftReference, 0 refs, 0.0000242 secs]2019-02-01T02:32:06.412+0000: 801492.417: [WeakReference, 11 refs, 0.0000161 secs]2019-02-01T02:32:06.412+0000: 801492.417: [FinalReference, 250 refs, 0.0001360 secs]2019-02-01T02:32:06.412+0000: 801492.418: [PhantomReference, 0 refs, 0 refs, 0.0000142 secs]2019-02-01T02:32:06.412+0000: 801492.418: [JNI Weak Reference, 0.0000226 secs]
Desired survivor size 5767168 bytes, new threshold 1 (max 15)
[PSYoungGen: 42217K->2838K(41984K)] 691325K->653310K(733696K), 0.0080676 secs] [Times: user=0.08 sys=0.00, real=0.01 secs] 
2019-02-01T02:32:06.416+0000: 801492.422: Total time for which application threads were stopped: 0.0113273 seconds, Stopping threads took: 0.0000507 seconds
2019-02-01T02:32:06.419+0000: 801492.425: Application time: 0.0034171 seconds
2019-02-01T02:32:06.423+0000: 801492.429: Total time for which application threads were stopped: 0.0034742 seconds, Stopping threads took: 0.0000390 seconds
2019-02-01T02:32:06.423+0000: 801492.429: Application time: 0.0000604 seconds
2019-02-01T02:32:06.425+0000: 801492.431: Total time for which application threads were stopped: 0.0019085 seconds, Stopping threads took: 0.0000936 seconds
2019-02-01T02:32:06.525+0000: 801492.531: Application time: 0.1004673 seconds
2019-02-01T02:32:06.528+0000: 801492.533: Total time for which application threads were stopped: 0.0021878 seconds, Stopping threads took: 0.0000456 seconds
2019-02-01T02:32:06.828+0000: 801492.834: Application time: 0.3006895 seconds
2019-02-01T02:32:06.831+0000: 801492.837: Total time for which application threads were stopped: 0.0030630 seconds, Stopping threads took: 0.0000498 seconds
2019-02-01T02:32:06.982+0000: 801492.988: Application time: 0.1509857 seconds
2019-02-01T02:32:06.986+0000: 801492.991: Total time for which application threads were stopped: 0.0032756 seconds, Stopping threads took: 0.0000707 seconds
2019-02-01T02:32:07.086+0000: 801493.092: Application time: 0.1006040 seconds
2019-02-01T02:32:07.089+0000: 801493.095: Total time for which application threads were stopped: 0.0029110 seconds, Stopping threads took: 0.0000813 seconds
2019-02-01T02:32:07.290+0000: 801493.295: Application time: 0.2006237 seconds
2019-02-01T02:32:07.293+0000: 801493.299: Total time for which application threads were stopped: 0.0031639 seconds, Stopping threads took: 0.0000495 seconds
2019-02-01T02:32:07.297+0000: 801493.303: Application time: 0.0039137 seconds
2019-02-01T02:32:07.299+0000: 801493.305: Total time for which application threads were stopped: 0.0021827 seconds, Stopping threads took: 0.0000360 seconds
2019-02-01T02:32:07.333+0000: 801493.339: Application time: 0.0342889 seconds
2019-02-01T02:32:07.336+0000: 801493.341: Total time for which application threads were stopped: 0.0024091 seconds, Stopping threads took: 0.0000409 seconds
2019-02-01T02:32:07.564+0000: 801493.570: Application time: 0.2281910 seconds
2019-02-01T02:32:07.567+0000: 801493.573: [GC (Allocation Failure) 2019-02-01T02:32:07.573+0000: 801493.579: [SoftReference, 0 refs, 0.0000325 secs]2019-02-01T02:32:07.573+0000: 801493.579: [WeakReference, 15 refs, 0.0000190 secs]2019-02-01T02:32:07.573+0000: 801493.579: [FinalReference, 269 refs, 0.0001509 secs]2019-02-01T02:32:07.573+0000: 801493.579: [PhantomReference, 0 refs, 0 refs, 0.0000146 secs]2019-02-01T02:32:07.573+0000: 801493.579: [JNI Weak Reference, 0.0000500 secs]
Desired survivor size 5767168 bytes, new threshold 1 (max 15)
[PSYoungGen: 41745K->2672K(43520K)] 692217K->653644K(735232K), 0.0101392 secs] [Times: user=0.11 sys=0.00, real=0.01 secs] 
2019-02-01T02:32:07.577+0000: 801493.583: Total time for which application threads were stopped: 0.0132888 seconds, Stopping threads took: 0.0000410 seconds
2019-02-01T02:32:08.810+0000: 801494.815: Application time: 1.2323663 seconds
2019-02-01T02:32:08.813+0000: 801494.818: [GC (Allocation Failure) 2019-02-01T02:32:08.817+0000: 801494.823: [SoftReference, 0 refs, 0.0000322 secs]2019-02-01T02:32:08.817+0000: 801494.823: [WeakReference, 8 refs, 0.0000214 secs]2019-02-01T02:32:08.817+0000: 801494.823: [FinalReference, 250 refs, 0.0001187 secs]2019-02-01T02:32:08.817+0000: 801494.823: [PhantomReference, 0 refs, 0 refs, 0.0000144 secs]2019-02-01T02:32:08.817+0000: 801494.823: [JNI Weak Reference, 0.0000232 secs]
Desired survivor size 5767168 bytes, new threshold 1 (max 15)
[PSYoungGen: 41072K->3597K(41984K)] 692044K->655897K(733696K), 0.0083823 secs] [Times: user=0.07 sys=0.00, real=0.00 secs] 
2019-02-01T02:32:08.821+0000: 801494.827: Total time for which application threads were stopped: 0.0116204 seconds, Stopping threads took: 0.0000486 seconds
2019-02-01T02:32:09.821+0000: 801495.827: Application time: 1.0001429 seconds
2019-02-01T02:32:09.824+0000: 801495.830: Total time for which application threads were stopped: 0.0031027 seconds, Stopping threads took: 0.0001000 seconds
2019-02-01T02:32:10.228+0000: 801496.234: Application time: 0.4036006 seconds
2019-02-01T02:32:10.231+0000: 801496.236: [GC (Allocation Failure) 2019-02-01T02:32:10.234+0000: 801496.240: [SoftReference, 0 refs, 0.0000215 secs]2019-02-01T02:32:10.234+0000: 801496.240: [WeakReference, 4 refs, 0.0000093 secs]2019-02-01T02:32:10.234+0000: 801496.240: [FinalReference, 277 refs, 0.0000874 secs]2019-02-01T02:32:10.235+0000: 801496.240: [PhantomReference, 0 refs, 0 refs, 0.0000093 secs]2019-02-01T02:32:10.235+0000: 801496.240: [JNI Weak Reference, 0.0000158 secs]
Desired survivor size 5767168 bytes, new threshold 1 (max 15)
[PSYoungGen: 41485K->1594K(42496K)] 693785K->655000K(734208K), 0.0067145 secs] [Times: user=0.09 sys=0.00, real=0.01 secs] 
2019-02-01T02:32:10.237+0000: 801496.243: Total time for which application threads were stopped: 0.0093677 seconds, Stopping threads took: 0.0000373 seconds
2019-02-01T02:32:11.687+0000: 801497.693: Application time: 1.4499116 seconds
2019-02-01T02:32:11.691+0000: 801497.696: [GC (Allocation Failure) 2019-02-01T02:32:11.695+0000: 801497.701: [SoftReference, 0 refs, 0.0000478 secs]2019-02-01T02:32:11.695+0000: 801497.701: [WeakReference, 10 refs, 0.0000160 secs]2019-02-01T02:32:11.695+0000: 801497.701: [FinalReference, 211 refs, 0.0000883 secs]2019-02-01T02:32:11.695+0000: 801497.701: [PhantomReference, 0 refs, 0 refs, 0.0000144 secs]2019-02-01T02:32:11.695+0000: 801497.701: [JNI Weak Reference, 0.0000264 secs]
Desired survivor size 5767168 bytes, new threshold 1 (max 15)
[PSYoungGen: 38970K->2430K(39424K)] 692376K->656415K(731136K), 0.0081243 secs] [Times: user=0.07 sys=0.00, real=0.01 secs] 
2019-02-01T02:32:11.699+0000: 801497.705: Total time for which application threads were stopped: 0.0115213 seconds, Stopping threads took: 0.0000718 seconds
2019-02-01T02:32:13.289+0000: 801499.295: Application time: 1.5902076 seconds
2019-02-01T02:32:13.292+0000: 801499.297: [GC (Allocation Failure) 2019-02-01T02:32:13.295+0000: 801499.301: [SoftReference, 0 refs, 0.0000254 secs]2019-02-01T02:32:13.295+0000: 801499.301: [WeakReference, 16 refs, 0.0000097 secs]2019-02-01T02:32:13.295+0000: 801499.301: [FinalReference, 217 refs, 0.0000982 secs]2019-02-01T02:32:13.295+0000: 801499.301: [PhantomReference, 0 refs, 0 refs, 0.0000084 secs]2019-02-01T02:32:13.295+0000: 801499.301: [JNI Weak Reference, 0.0000132 secs]
Desired survivor size 5767168 bytes, new threshold 1 (max 15)
[PSYoungGen: 39294K->4252K(41472K)] 693279K->658851K(733184K), 0.0059899 secs] [Times: user=0.08 sys=0.00, real=0.01 secs] 
2019-02-01T02:32:13.298+0000: 801499.303: Total time for which application threads were stopped: 0.0085751 seconds, Stopping threads took: 0.0000430 seconds
2019-02-01T02:32:14.925+0000: 801500.931: Application time: 1.6272631 seconds
2019-02-01T02:32:14.928+0000: 801500.934: [GC (Allocation Failure) 2019-02-01T02:32:14.933+0000: 801500.939: [SoftReference, 0 refs, 0.0000247 secs]2019-02-01T02:32:14.933+0000: 801500.939: [WeakReference, 13 refs, 0.0000093 secs]2019-02-01T02:32:14.933+0000: 801500.939: [FinalReference, 242 refs, 0.0000645 secs]2019-02-01T02:32:14.933+0000: 801500.939: [PhantomReference, 0 refs, 0 refs, 0.0000083 secs]2019-02-01T02:32:14.933+0000: 801500.939: [JNI Weak Reference, 0.0000130 secs]
Desired survivor size 5767168 bytes, new threshold 1 (max 15)
[PSYoungGen: 40604K->1757K(37888K)] 695203K->656871K(729600K), 0.0077051 secs] [Times: user=0.12 sys=0.00, real=0.01 secs] 
2019-02-01T02:32:14.936+0000: 801500.941: Total time for which application threads were stopped: 0.0107795 seconds, Stopping threads took: 0.0000547 seconds
2019-02-01T02:32:16.250+0000: 801502.255: Application time: 1.3138614 seconds
2019-02-01T02:32:16.252+0000: 801502.258: Total time for which application threads were stopped: 0.0024954 seconds, Stopping threads took: 0.0000844 seconds
2019-02-01T02:32:16.252+0000: 801502.258: Application time: 0.0001181 seconds
2019-02-01T02:32:16.254+0000: 801502.260: [GC (GCLocker Initiated GC) 2019-02-01T02:32:16.257+0000: 801502.263: [SoftReference, 0 refs, 0.0000292 secs]2019-02-01T02:32:16.257+0000: 801502.263: [WeakReference, 11 refs, 0.0000093 secs]2019-02-01T02:32:16.257+0000: 801502.263: [FinalReference, 308 refs, 0.0000881 secs]2019-02-01T02:32:16.257+0000: 801502.263: [PhantomReference, 0 refs, 0 refs, 0.0000082 secs]2019-02-01T02:32:16.257+0000: 801502.263: [JNI Weak Reference, 0.0000134 secs]
Desired survivor size 6291456 bytes, new threshold 1 (max 15)
[PSYoungGen: 37597K->5156K(40960K)] 692712K->661135K(732672K), 0.0058245 secs] [Times: user=0.08 sys=0.00, real=0.00 secs] 
2019-02-01T02:32:16.260+0000: 801502.265: Total time for which application threads were stopped: 0.0075050 seconds, Stopping threads took: 0.0000238 seconds
2019-02-01T02:32:18.174+0000: 801504.179: Application time: 1.9140232 seconds
2019-02-01T02:32:18.176+0000: 801504.182: [GC (Allocation Failure) 2019-02-01T02:32:18.182+0000: 801504.187: [SoftReference, 0 refs, 0.0000367 secs]2019-02-01T02:32:18.182+0000: 801504.187: [WeakReference, 8 refs, 0.0000371 secs]2019-02-01T02:32:18.182+0000: 801504.187: [FinalReference, 165 refs, 0.0000710 secs]2019-02-01T02:32:18.182+0000: 801504.187: [PhantomReference, 0 refs, 0 refs, 0.0000144 secs]2019-02-01T02:32:18.182+0000: 801504.187: [JNI Weak Reference, 0.0000253 secs]
Desired survivor size 6291456 bytes, new threshold 1 (max 15)
[PSYoungGen: 40484K->2177K(37376K)] 696467K->658628K(729088K), 0.0086231 secs] [Times: user=0.10 sys=0.01, real=0.01 secs] 
2019-02-01T02:32:18.185+0000: 801504.191: Total time for which application threads were stopped: 0.0115082 seconds, Stopping threads took: 0.0000417 seconds
2019-02-01T02:32:18.647+0000: 801504.653: Application time: 0.4622215 seconds
2019-02-01T02:32:18.650+0000: 801504.655: Total time for which application threads were stopped: 0.0020654 seconds, Stopping threads took: 0.0000373 seconds
2019-02-01T02:32:18.650+0000: 801504.655: Application time: 0.0000530 seconds
2019-02-01T02:32:18.651+0000: 801504.657: Total time for which application threads were stopped: 0.0017310 seconds, Stopping threads took: 0.0000423 seconds
2019-02-01T02:32:19.687+0000: 801505.693: Application time: 1.0356511 seconds
2019-02-01T02:32:19.689+0000: 801505.695: [GC (Allocation Failure) 2019-02-01T02:32:19.694+0000: 801505.699: [SoftReference, 0 refs, 0.0000506 secs]2019-02-01T02:32:19.694+0000: 801505.700: [WeakReference, 14 refs, 0.0000172 secs]2019-02-01T02:32:19.694+0000: 801505.700: [FinalReference, 260 refs, 0.0001403 secs]2019-02-01T02:32:19.694+0000: 801505.700: [PhantomReference, 0 refs, 0 refs, 0.0000145 secs]2019-02-01T02:32:19.694+0000: 801505.700: [JNI Weak Reference, 0.0000217 secs]
Desired survivor size 6291456 bytes, new threshold 1 (max 15)
[PSYoungGen: 36993K->2681K(39936K)] 693444K->660340K(731648K), 0.0079459 secs] [Times: user=0.08 sys=0.00, real=0.01 secs] 
2019-02-01T02:32:19.697+0000: 801505.703: Total time for which application threads were stopped: 0.0104478 seconds, Stopping threads took: 0.0000896 seconds
2019-02-01T02:32:21.143+0000: 801507.149: Application time: 1.4454142 seconds
2019-02-01T02:32:21.145+0000: 801507.151: [GC (Allocation Failure) 2019-02-01T02:32:21.148+0000: 801507.154: [SoftReference, 0 refs, 0.0000354 secs]2019-02-01T02:32:21.148+0000: 801507.154: [WeakReference, 9 refs, 0.0000149 secs]2019-02-01T02:32:21.148+0000: 801507.154: [FinalReference, 275 refs, 0.0001001 secs]2019-02-01T02:32:21.149+0000: 801507.154: [PhantomReference, 0 refs, 0 refs, 0.0000141 secs]2019-02-01T02:32:21.149+0000: 801507.154: [JNI Weak Reference, 0.0000214 secs]
Desired survivor size 5767168 bytes, new threshold 1 (max 15)
[PSYoungGen: 36985K->2911K(36864K)] 694644K->661512K(728576K), 0.0070201 secs] [Times: user=0.08 sys=0.00, real=0.00 secs] 
2019-02-01T02:32:21.152+0000: 801507.158: Total time for which application threads were stopped: 0.0092475 seconds, Stopping threads took: 0.0000409 seconds
2019-02-01T02:32:22.545+0000: 801508.551: Application time: 1.3927665 seconds
2019-02-01T02:32:22.548+0000: 801508.554: Total time for which application threads were stopped: 0.0030378 seconds, Stopping threads took: 0.0000904 seconds
2019-02-01T02:32:22.548+0000: 801508.554: Application time: 0.0001201 seconds
2019-02-01T02:32:22.550+0000: 801508.556: [GC (GCLocker Initiated GC) 2019-02-01T02:32:22.554+0000: 801508.560: [SoftReference, 0 refs, 0.0000428 secs]2019-02-01T02:32:22.554+0000: 801508.560: [WeakReference, 11 refs, 0.0000249 secs]2019-02-01T02:32:22.554+0000: 801508.560: [FinalReference, 265 refs, 0.0001068 secs]2019-02-01T02:32:22.554+0000: 801508.560: [PhantomReference, 0 refs, 0 refs, 0.0000141 secs]2019-02-01T02:32:22.554+0000: 801508.560: [JNI Weak Reference, 0.0000220 secs]
Desired survivor size 5767168 bytes, new threshold 1 (max 15)
[PSYoungGen: 36663K->2153K(38400K)] 695482K->663188K(730112K), 0.0076392 secs] [Times: user=0.08 sys=0.00, real=0.01 secs] 
2019-02-01T02:32:22.558+0000: 801508.563: Total time for which application threads were stopped: 0.0097102 seconds, Stopping threads took: 0.0000347 seconds
2019-02-01T02:32:23.678+0000: 801509.683: Application time: 1.1199558 seconds
2019-02-01T02:32:23.681+0000: 801509.687: [GC (Allocation Failure) 2019-02-01T02:32:23.685+0000: 801509.690: [SoftReference, 0 refs, 0.0000404 secs]2019-02-01T02:32:23.685+0000: 801509.690: [WeakReference, 15 refs, 0.0000167 secs]2019-02-01T02:32:23.685+0000: 801509.691: [FinalReference, 198 refs, 0.0000805 secs]2019-02-01T02:32:23.685+0000: 801509.691: [PhantomReference, 0 refs, 0 refs, 0.0000140 secs]2019-02-01T02:32:23.685+0000: 801509.691: [JNI Weak Reference, 0.0000216 secs]
Desired survivor size 5767168 bytes, new threshold 1 (max 15)
[PSYoungGen: 35433K->2346K(35328K)] 696470K->664512K(727040K), 0.0074167 secs] [Times: user=0.09 sys=0.00, real=0.01 secs] 
2019-02-01T02:32:23.688+0000: 801509.694: Total time for which application threads were stopped: 0.0106408 seconds, Stopping threads took: 0.0001233 seconds
2019-02-01T02:32:24.445+0000: 801510.451: Application time: 0.7568117 seconds
2019-02-01T02:32:24.448+0000: 801510.454: [GC (Allocation Failure) 2019-02-01T02:32:24.452+0000: 801510.458: [SoftReference, 0 refs, 0.0000449 secs]2019-02-01T02:32:24.452+0000: 801510.458: [WeakReference, 12 refs, 0.0000213 secs]2019-02-01T02:32:24.452+0000: 801510.458: [FinalReference, 282 refs, 0.0001265 secs]2019-02-01T02:32:24.453+0000: 801510.458: [PhantomReference, 0 refs, 0 refs, 0.0000142 secs]2019-02-01T02:32:24.453+0000: 801510.458: [JNI Weak Reference, 0.0000214 secs]
Desired survivor size 5767168 bytes, new threshold 1 (max 15)
[PSYoungGen: 35114K->2244K(37376K)] 697280K->665461K(729088K), 0.0078144 secs] [Times: user=0.08 sys=0.00, real=0.01 secs] 
2019-02-01T02:32:24.456+0000: 801510.462: Total time for which application threads were stopped: 0.0108419 seconds, Stopping threads took: 0.0000480 seconds
2019-02-01T02:32:25.516+0000: 801511.522: Application time: 1.0603942 seconds
2019-02-01T02:32:25.520+0000: 801511.526: [GC (Allocation Failure) 2019-02-01T02:32:25.525+0000: 801511.530: [SoftReference, 0 refs, 0.0000387 secs]2019-02-01T02:32:25.525+0000: 801511.531: [WeakReference, 15 refs, 0.0000168 secs]2019-02-01T02:32:25.525+0000: 801511.531: [FinalReference, 227 refs, 0.0001021 secs]2019-02-01T02:32:25.525+0000: 801511.531: [PhantomReference, 0 refs, 0 refs, 0.0000242 secs]2019-02-01T02:32:25.525+0000: 801511.531: [JNI Weak Reference, 0.0000232 secs]
Desired survivor size 5242880 bytes, new threshold 1 (max 15)
[PSYoungGen: 34500K->1789K(33792K)] 697717K->666205K(725504K), 0.0085732 secs] [Times: user=0.10 sys=0.00, real=0.01 secs] 
2019-02-01T02:32:25.529+0000: 801511.534: Total time for which application threads were stopped: 0.0122805 seconds, Stopping threads took: 0.0000631 seconds
2019-02-01T02:32:26.677+0000: 801512.683: Application time: 1.1481641 seconds
2019-02-01T02:32:26.680+0000: 801512.686: [GC (Allocation Failure) 2019-02-01T02:32:26.684+0000: 801512.690: [SoftReference, 0 refs, 0.0000453 secs]2019-02-01T02:32:26.684+0000: 801512.690: [WeakReference, 15 refs, 0.0000175 secs]2019-02-01T02:32:26.684+0000: 801512.690: [FinalReference, 225 refs, 0.0001091 secs]2019-02-01T02:32:26.684+0000: 801512.690: [PhantomReference, 0 refs, 0 refs, 0.0000145 secs]2019-02-01T02:32:26.684+0000: 801512.690: [JNI Weak Reference, 0.0000211 secs]
Desired survivor size 5242880 bytes, new threshold 1 (max 15)
[PSYoungGen: 33533K->2413K(35840K)] 697949K->667770K(727552K), 0.0076992 secs] [Times: user=0.07 sys=0.00, real=0.01 secs] 
2019-02-01T02:32:26.688+0000: 801512.693: Total time for which application threads were stopped: 0.0108800 seconds, Stopping threads took: 0.0000580 seconds
2019-02-01T02:32:27.888+0000: 801513.893: Application time: 1.1999445 seconds
2019-02-01T02:32:27.891+0000: 801513.896: [GC (Allocation Failure) 2019-02-01T02:32:27.895+0000: 801513.900: [SoftReference, 0 refs, 0.0000309 secs]2019-02-01T02:32:27.895+0000: 801513.900: [WeakReference, 11 refs, 0.0000091 secs]2019-02-01T02:32:27.895+0000: 801513.900: [FinalReference, 225 refs, 0.0000774 secs]2019-02-01T02:32:27.895+0000: 801513.901: [PhantomReference, 0 refs, 0 refs, 0.0000083 secs]2019-02-01T02:32:27.895+0000: 801513.901: [JNI Weak Reference, 0.0000132 secs]
Desired survivor size 5242880 bytes, new threshold 1 (max 15)
[PSYoungGen: 33645K->2856K(33792K)] 699002K->669499K(725504K), 0.0062948 secs] [Times: user=0.08 sys=0.00, real=0.01 secs] 
2019-02-01T02:32:27.897+0000: 801513.903: Total time for which application threads were stopped: 0.0093950 seconds, Stopping threads took: 0.0000619 seconds
2019-02-01T02:32:28.115+0000: 801514.121: Application time: 0.2179194 seconds
2019-02-01T02:32:28.118+0000: 801514.124: Total time for which application threads were stopped: 0.0028150 seconds, Stopping threads took: 0.0000823 seconds
2019-02-01T02:32:29.169+0000: 801515.174: Application time: 1.0507746 seconds
2019-02-01T02:32:29.172+0000: 801515.177: [GC (Allocation Failure) 2019-02-01T02:32:29.176+0000: 801515.182: [SoftReference, 0 refs, 0.0000218 secs]2019-02-01T02:32:29.176+0000: 801515.182: [WeakReference, 34 refs, 0.0000115 secs]2019-02-01T02:32:29.176+0000: 801515.182: [FinalReference, 226 refs, 0.0000920 secs]2019-02-01T02:32:29.176+0000: 801515.182: [PhantomReference, 0 refs, 0 refs, 0.0000081 secs]2019-02-01T02:32:29.176+0000: 801515.182: [JNI Weak Reference, 0.0000167 secs]
Desired survivor size 5242880 bytes, new threshold 1 (max 15)
[PSYoungGen: 33576K->3280K(34816K)] 700219K->670767K(726528K), 0.0068909 secs] [Times: user=0.09 sys=0.00, real=0.01 secs] 
2019-02-01T02:32:29.178+0000: 801515.184: Total time for which application threads were stopped: 0.0099107 seconds, Stopping threads took: 0.0001102 seconds
2019-02-01T02:32:30.349+0000: 801516.355: Application time: 1.1703689 seconds
2019-02-01T02:32:30.352+0000: 801516.358: Total time for which application threads were stopped: 0.0029388 seconds, Stopping threads took: 0.0000815 seconds
2019-02-01T02:32:30.362+0000: 801516.368: Application time: 0.0105806 seconds
2019-02-01T02:32:30.364+0000: 801516.370: Total time for which application threads were stopped: 0.0018182 seconds, Stopping threads took: 0.0000320 seconds
2019-02-01T02:32:30.441+0000: 801516.447: Application time: 0.0771163 seconds
2019-02-01T02:32:30.443+0000: 801516.449: [GC (Allocation Failure) 2019-02-01T02:32:30.449+0000: 801516.455: [SoftReference, 0 refs, 0.0000413 secs]2019-02-01T02:32:30.449+0000: 801516.455: [WeakReference, 41 refs, 0.0000192 secs]2019-02-01T02:32:30.449+0000: 801516.455: [FinalReference, 225 refs, 0.0001238 secs]2019-02-01T02:32:30.449+0000: 801516.455: [PhantomReference, 0 refs, 0 refs, 0.0000144 secs]2019-02-01T02:32:30.449+0000: 801516.455: [JNI Weak Reference, 0.0000251 secs]
Desired survivor size 5242880 bytes, new threshold 1 (max 15)
[PSYoungGen: 33488K->3117K(33280K)] 700975K->671695K(724992K), 0.0095231 secs] [Times: user=0.09 sys=0.00, real=0.01 secs] 
2019-02-01T02:32:30.453+0000: 801516.459: Total time for which application threads were stopped: 0.0115702 seconds, Stopping threads took: 0.0000361 seconds
2019-02-01T02:32:30.883+0000: 801516.889: Application time: 0.4305727 seconds
2019-02-01T02:32:30.886+0000: 801516.892: Total time for which application threads were stopped: 0.0029558 seconds, Stopping threads took: 0.0000539 seconds
2019-02-01T02:32:30.897+0000: 801516.903: Application time: 0.0105340 seconds
2019-02-01T02:32:30.899+0000: 801516.905: Total time for which application threads were stopped: 0.0020693 seconds, Stopping threads took: 0.0000634 seconds
2019-02-01T02:32:30.910+0000: 801516.915: Application time: 0.0104888 seconds
2019-02-01T02:32:30.911+0000: 801516.917: Total time for which application threads were stopped: 0.0016804 seconds, Stopping threads took: 0.0000831 seconds
2019-02-01T02:32:31.708+0000: 801517.714: Application time: 0.7969182 seconds
2019-02-01T02:32:31.711+0000: 801517.717: [GC (Allocation Failure) 2019-02-01T02:32:31.715+0000: 801517.721: [SoftReference, 0 refs, 0.0000407 secs]2019-02-01T02:32:31.715+0000: 801517.721: [WeakReference, 15 refs, 0.0000172 secs]2019-02-01T02:32:31.715+0000: 801517.721: [FinalReference, 215 refs, 0.0000999 secs]2019-02-01T02:32:31.715+0000: 801517.721: [PhantomReference, 0 refs, 0 refs, 0.0000142 secs]2019-02-01T02:32:31.716+0000: 801517.721: [JNI Weak Reference, 0.0000219 secs]
Desired survivor size 4718592 bytes, new threshold 1 (max 15)
[PSYoungGen: 32813K->2255K(32768K)] 701391K->672034K(724480K), 0.0067835 secs] [Times: user=0.10 sys=0.00, real=0.01 secs] 
2019-02-01T02:32:31.718+0000: 801517.724: Total time for which application threads were stopped: 0.0098126 seconds, Stopping threads took: 0.0000811 seconds
2019-02-01T02:32:31.749+0000: 801517.755: Application time: 0.0314508 seconds
2019-02-01T02:32:31.751+0000: 801517.757: Total time for which application threads were stopped: 0.0018949 seconds, Stopping threads took: 0.0000261 seconds
2019-02-01T02:32:31.762+0000: 801517.768: Application time: 0.0104892 seconds
2019-02-01T02:32:31.763+0000: 801517.769: Total time for which application threads were stopped: 0.0013987 seconds, Stopping threads took: 0.0000526 seconds
2019-02-01T02:32:32.765+0000: 801518.771: Application time: 1.0016885 seconds
2019-02-01T02:32:32.768+0000: 801518.774: [GC (Allocation Failure) 2019-02-01T02:32:32.772+0000: 801518.778: [SoftReference, 0 refs, 0.0000272 secs]2019-02-01T02:32:32.772+0000: 801518.778: [WeakReference, 15 refs, 0.0000091 secs]2019-02-01T02:32:32.772+0000: 801518.778: [FinalReference, 255 refs, 0.0000710 secs]2019-02-01T02:32:32.772+0000: 801518.778: [PhantomReference, 0 refs, 0 refs, 0.0000080 secs]2019-02-01T02:32:32.772+0000: 801518.778: [JNI Weak Reference, 0.0000134 secs]
Desired survivor size 5242880 bytes, new threshold 1 (max 15)
[PSYoungGen: 31439K->3423K(33792K)] 701218K->674320K(725504K), 0.0062652 secs] [Times: user=0.08 sys=0.00, real=0.00 secs] 
2019-02-01T02:32:32.774+0000: 801518.780: Total time for which application threads were stopped: 0.0094123 seconds, Stopping threads took: 0.0000638 seconds
2019-02-01T02:32:33.640+0000: 801519.646: Application time: 0.8659337 seconds
2019-02-01T02:32:33.643+0000: 801519.649: Total time for which application threads were stopped: 0.0030734 seconds, Stopping threads took: 0.0000552 seconds
2019-02-01T02:32:33.654+0000: 801519.660: Application time: 0.0104180 seconds
2019-02-01T02:32:33.656+0000: 801519.661: Total time for which application threads were stopped: 0.0018784 seconds, Stopping threads took: 0.0000320 seconds
2019-02-01T02:32:33.666+0000: 801519.672: Application time: 0.0103082 seconds
2019-02-01T02:32:33.668+0000: 801519.673: Total time for which application threads were stopped: 0.0017419 seconds, Stopping threads took: 0.0000792 seconds
2019-02-01T02:32:33.678+0000: 801519.684: Application time: 0.0103262 seconds
2019-02-01T02:32:33.680+0000: 801519.685: Total time for which application threads were stopped: 0.0016215 seconds, Stopping threads took: 0.0000363 seconds
2019-02-01T02:32:33.690+0000: 801519.696: Application time: 0.0104166 seconds
2019-02-01T02:32:33.692+0000: 801519.698: Total time for which application threads were stopped: 0.0017027 seconds, Stopping threads took: 0.0000790 seconds
2019-02-01T02:32:33.702+0000: 801519.708: Application time: 0.0104305 seconds
2019-02-01T02:32:33.704+0000: 801519.710: Total time for which application threads were stopped: 0.0016393 seconds, Stopping threads took: 0.0000464 seconds
2019-02-01T02:32:33.714+0000: 801519.720: Application time: 0.0104255 seconds
2019-02-01T02:32:33.716+0000: 801519.722: Total time for which application threads were stopped: 0.0017283 seconds, Stopping threads took: 0.0000911 seconds
2019-02-01T02:32:33.726+0000: 801519.732: Application time: 0.0104142 seconds
2019-02-01T02:32:33.728+0000: 801519.734: Total time for which application threads were stopped: 0.0017163 seconds, Stopping threads took: 0.0000783 seconds
2019-02-01T02:32:33.729+0000: 801519.735: Application time: 0.0007000 seconds
2019-02-01T02:32:33.731+0000: 801519.736: [GC (Allocation Failure) 2019-02-01T02:32:33.735+0000: 801519.740: [SoftReference, 0 refs, 0.0000633 secs]2019-02-01T02:32:33.735+0000: 801519.740: [WeakReference, 13 refs, 0.0000182 secs]2019-02-01T02:32:33.735+0000: 801519.740: [FinalReference, 227 refs, 0.0001141 secs]2019-02-01T02:32:33.735+0000: 801519.741: [PhantomReference, 0 refs, 0 refs, 0.0000145 secs]2019-02-01T02:32:33.735+0000: 801519.741: [JNI Weak Reference, 0.0000216 secs]
Desired survivor size 6291456 bytes, new threshold 1 (max 15)
[PSYoungGen: 32607K->5117K(33280K)] 703504K->677997K(724992K), 0.0074979 secs] [Times: user=0.06 sys=0.01, real=0.01 secs] 
2019-02-01T02:32:33.738+0000: 801519.744: Total time for which application threads were stopped: 0.0093353 seconds, Stopping threads took: 0.0001010 seconds
2019-02-01T02:32:33.739+0000: 801519.744: Application time: 0.0003143 seconds
2019-02-01T02:32:33.741+0000: 801519.746: Total time for which application threads were stopped: 0.0020631 seconds, Stopping threads took: 0.0000879 seconds
2019-02-01T02:32:33.751+0000: 801519.757: Application time: 0.0104476 seconds
2019-02-01T02:32:33.753+0000: 801519.759: Total time for which application threads were stopped: 0.0017761 seconds, Stopping threads took: 0.0000689 seconds
2019-02-01T02:32:34.577+0000: 801520.583: Application time: 0.8242831 seconds
2019-02-01T02:32:34.580+0000: 801520.586: Total time for which application threads were stopped: 0.0030385 seconds, Stopping threads took: 0.0000836 seconds
2019-02-01T02:32:34.580+0000: 801520.586: Application time: 0.0000943 seconds
2019-02-01T02:32:34.582+0000: 801520.588: [GC (GCLocker Initiated GC) 2019-02-01T02:32:34.586+0000: 801520.591: [SoftReference, 0 refs, 0.0000262 secs]2019-02-01T02:32:34.586+0000: 801520.591: [WeakReference, 10 refs, 0.0000093 secs]2019-02-01T02:32:34.586+0000: 801520.591: [FinalReference, 225 refs, 0.0000695 secs]2019-02-01T02:32:34.586+0000: 801520.591: [PhantomReference, 0 refs, 0 refs, 0.0000081 secs]2019-02-01T02:32:34.586+0000: 801520.591: [JNI Weak Reference, 0.0000135 secs]
Desired survivor size 6291456 bytes, new threshold 1 (max 15)
[PSYoungGen: 33277K->1867K(34304K)] 706158K->675885K(726016K), 0.0060061 secs] [Times: user=0.09 sys=0.00, real=0.01 secs] 
2019-02-01T02:32:34.588+0000: 801520.594: Total time for which application threads were stopped: 0.0075645 seconds, Stopping threads took: 0.0000294 seconds
2019-02-01T02:32:35.660+0000: 801521.666: Application time: 1.0725265 seconds
2019-02-01T02:32:35.663+0000: 801521.669: [GC (Allocation Failure) 2019-02-01T02:32:35.668+0000: 801521.673: [SoftReference, 0 refs, 0.0000472 secs]2019-02-01T02:32:35.668+0000: 801521.673: [WeakReference, 10 refs, 0.0000163 secs]2019-02-01T02:32:35.668+0000: 801521.673: [FinalReference, 211 refs, 0.0000876 secs]2019-02-01T02:32:35.668+0000: 801521.674: [PhantomReference, 0 refs, 0 refs, 0.0000144 secs]2019-02-01T02:32:35.668+0000: 801521.674: [JNI Weak Reference, 0.0000213 secs]
Desired survivor size 6291456 bytes, new threshold 1 (max 15)
[PSYoungGen: 30027K->1944K(34304K)] 704065K->676501K(726016K), 0.0076590 secs] [Times: user=0.07 sys=0.00, real=0.01 secs] 
2019-02-01T02:32:35.671+0000: 801521.677: Total time for which application threads were stopped: 0.0107865 seconds, Stopping threads took: 0.0001118 seconds
2019-02-01T02:32:36.478+0000: 801522.484: Application time: 0.8072412 seconds
2019-02-01T02:32:36.481+0000: 801522.487: [GC (Allocation Failure) 2019-02-01T02:32:36.486+0000: 801522.492: [SoftReference, 0 refs, 0.0000320 secs]2019-02-01T02:32:36.486+0000: 801522.492: [WeakReference, 9 refs, 0.0000091 secs]2019-02-01T02:32:36.486+0000: 801522.492: [FinalReference, 247 refs, 0.0000670 secs]2019-02-01T02:32:36.486+0000: 801522.492: [PhantomReference, 0 refs, 0 refs, 0.0000080 secs]2019-02-01T02:32:36.486+0000: 801522.492: [JNI Weak Reference, 0.0000139 secs]
Desired survivor size 6291456 bytes, new threshold 1 (max 15)
[PSYoungGen: 30104K->2364K(34304K)] 704661K->678008K(726016K), 0.0068507 secs] [Times: user=0.07 sys=0.00, real=0.01 secs] 
2019-02-01T02:32:36.488+0000: 801522.494: Total time for which application threads were stopped: 0.0097964 seconds, Stopping threads took: 0.0000583 seconds
2019-02-01T02:32:37.624+0000: 801523.630: Application time: 1.1357923 seconds
2019-02-01T02:32:37.627+0000: 801523.633: [GC (Allocation Failure) 2019-02-01T02:32:37.631+0000: 801523.637: [SoftReference, 0 refs, 0.0000368 secs]2019-02-01T02:32:37.631+0000: 801523.637: [WeakReference, 6 refs, 0.0000151 secs]2019-02-01T02:32:37.631+0000: 801523.637: [FinalReference, 135 refs, 0.0000972 secs]2019-02-01T02:32:37.631+0000: 801523.637: [PhantomReference, 0 refs, 0 refs, 0.0000149 secs]2019-02-01T02:32:37.631+0000: 801523.637: [JNI Weak Reference, 0.0000214 secs]
Desired survivor size 5767168 bytes, new threshold 1 (max 15)
[PSYoungGen: 30524K->2217K(30720K)] 706168K->678653K(722432K), 0.0072556 secs] [Times: user=0.08 sys=0.01, real=0.00 secs] 
2019-02-01T02:32:37.634+0000: 801523.640: Total time for which application threads were stopped: 0.0104060 seconds, Stopping threads took: 0.0000558 seconds
2019-02-01T02:32:38.771+0000: 801524.776: Application time: 1.1361543 seconds
2019-02-01T02:32:38.774+0000: 801524.779: [GC (Allocation Failure) 2019-02-01T02:32:38.777+0000: 801524.783: [SoftReference, 0 refs, 0.0000294 secs]2019-02-01T02:32:38.777+0000: 801524.783: [WeakReference, 6 refs, 0.0000142 secs]2019-02-01T02:32:38.777+0000: 801524.783: [FinalReference, 162 refs, 0.0000900 secs]2019-02-01T02:32:38.777+0000: 801524.783: [PhantomReference, 0 refs, 0 refs, 0.0000142 secs]2019-02-01T02:32:38.777+0000: 801524.783: [JNI Weak Reference, 0.0000208 secs]
Desired survivor size 5767168 bytes, new threshold 1 (max 15)
[PSYoungGen: 30377K->2428K(30720K)] 706813K->680152K(722432K), 0.0072050 secs] [Times: user=0.09 sys=0.01, real=0.01 secs] 
2019-02-01T02:32:38.781+0000: 801524.787: Total time for which application threads were stopped: 0.0103441 seconds, Stopping threads took: 0.0001005 seconds
2019-02-01T02:32:39.665+0000: 801525.671: Application time: 0.8839609 seconds
2019-02-01T02:32:39.668+0000: 801525.674: [GC (Allocation Failure) 2019-02-01T02:32:39.672+0000: 801525.677: [SoftReference, 0 refs, 0.0000370 secs]2019-02-01T02:32:39.672+0000: 801525.678: [WeakReference, 13 refs, 0.0000168 secs]2019-02-01T02:32:39.672+0000: 801525.678: [FinalReference, 242 refs, 0.0001225 secs]2019-02-01T02:32:39.672+0000: 801525.678: [PhantomReference, 0 refs, 0 refs, 0.0000148 secs]2019-02-01T02:32:39.672+0000: 801525.678: [JNI Weak Reference, 0.0000254 secs]
Desired survivor size 5767168 bytes, new threshold 1 (max 15)
[PSYoungGen: 30588K->2871K(33792K)] 708312K->681362K(725504K), 0.0072317 secs] [Times: user=0.09 sys=0.00, real=0.00 secs] 
2019-02-01T02:32:39.675+0000: 801525.681: Total time for which application threads were stopped: 0.0103825 seconds, Stopping threads took: 0.0000702 seconds
2019-02-01T02:32:40.618+0000: 801526.624: Application time: 0.9429998 seconds
2019-02-01T02:32:40.621+0000: 801526.627: [GC (Allocation Failure) 2019-02-01T02:32:40.626+0000: 801526.631: [SoftReference, 0 refs, 0.0000269 secs]2019-02-01T02:32:40.626+0000: 801526.632: [WeakReference, 12 refs, 0.0000098 secs]2019-02-01T02:32:40.626+0000: 801526.632: [FinalReference, 185 refs, 0.0000617 secs]2019-02-01T02:32:40.626+0000: 801526.632: [PhantomReference, 0 refs, 0 refs, 0.0000083 secs]2019-02-01T02:32:40.626+0000: 801526.632: [JNI Weak Reference, 0.0000164 secs]
Desired survivor size 5242880 bytes, new threshold 1 (max 15)
[PSYoungGen: 29548K->2291K(30720K)] 708039K->682196K(722432K), 0.0069710 secs] [Times: user=0.07 sys=0.00, real=0.01 secs] 
2019-02-01T02:32:40.628+0000: 801526.634: Total time for which application threads were stopped: 0.0100018 seconds, Stopping threads took: 0.0000920 seconds
2019-02-01T02:32:41.347+0000: 801527.353: Application time: 0.7188105 seconds
2019-02-01T02:32:41.350+0000: 801527.356: [GC (Allocation Failure) 2019-02-01T02:32:41.355+0000: 801527.360: [SoftReference, 0 refs, 0.0000418 secs]2019-02-01T02:32:41.355+0000: 801527.360: [WeakReference, 7 refs, 0.0000146 secs]2019-02-01T02:32:41.355+0000: 801527.360: [FinalReference, 159 refs, 0.0001015 secs]2019-02-01T02:32:41.355+0000: 801527.360: [PhantomReference, 0 refs, 0 refs, 0.0000143 secs]2019-02-01T02:32:41.355+0000: 801527.360: [JNI Weak Reference, 0.0000242 secs]
Desired survivor size 5242880 bytes, new threshold 1 (max 15)
[PSYoungGen: 30451K->3014K(33280K)] 710356K->684044K(724992K), 0.0079369 secs] [Times: user=0.08 sys=0.00, real=0.01 secs] 
2019-02-01T02:32:41.358+0000: 801527.364: Total time for which application threads were stopped: 0.0110596 seconds, Stopping threads took: 0.0000563 seconds
2019-02-01T02:32:42.209+0000: 801528.215: Application time: 0.8507907 seconds
2019-02-01T02:32:42.212+0000: 801528.218: Total time for which application threads were stopped: 0.0028065 seconds, Stopping threads took: 0.0000725 seconds
2019-02-01T02:32:42.212+0000: 801528.218: Application time: 0.0001369 seconds
2019-02-01T02:32:42.213+0000: 801528.219: [GC (GCLocker Initiated GC) 2019-02-01T02:32:42.217+0000: 801528.223: [SoftReference, 0 refs, 0.0000287 secs]2019-02-01T02:32:42.218+0000: 801528.223: [WeakReference, 10 refs, 0.0000097 secs]2019-02-01T02:32:42.218+0000: 801528.223: [FinalReference, 208 refs, 0.0000676 secs]2019-02-01T02:32:42.218+0000: 801528.223: [PhantomReference, 0 refs, 0 refs, 0.0000087 secs]2019-02-01T02:32:42.218+0000: 801528.223: [JNI Weak Reference, 0.0000128 secs]
Desired survivor size 5242880 bytes, new threshold 1 (max 15)
[PSYoungGen: 31081K->3403K(33280K)] 712258K->685754K(724992K), 0.0064921 secs] [Times: user=0.07 sys=0.00, real=0.01 secs] 
2019-02-01T02:32:42.220+0000: 801528.226: Total time for which application threads were stopped: 0.0078502 seconds, Stopping threads took: 0.0000236 seconds
2019-02-01T02:32:43.178+0000: 801529.184: Application time: 0.9580620 seconds
2019-02-01T02:32:43.181+0000: 801529.187: Total time for which application threads were stopped: 0.0030363 seconds, Stopping threads took: 0.0000631 seconds
2019-02-01T02:32:43.181+0000: 801529.187: Application time: 0.0001367 seconds
2019-02-01T02:32:43.182+0000: 801529.188: [GC (GCLocker Initiated GC) 2019-02-01T02:32:43.186+0000: 801529.192: [SoftReference, 0 refs, 0.0000232 secs]2019-02-01T02:32:43.186+0000: 801529.192: [WeakReference, 11 refs, 0.0000093 secs]2019-02-01T02:32:43.186+0000: 801529.192: [FinalReference, 200 refs, 0.0001009 secs]2019-02-01T02:32:43.186+0000: 801529.192: [PhantomReference, 0 refs, 1 refs, 0.0000083 secs]2019-02-01T02:32:43.186+0000: 801529.192: [JNI Weak Reference, 0.0000198 secs]
Desired survivor size 5242880 bytes, new threshold 1 (max 15)
[PSYoungGen: 31563K->2531K(37376K)] 713919K->685901K(729088K), 0.0060373 secs] [Times: user=0.08 sys=0.00, real=0.01 secs] 
2019-02-01T02:32:43.189+0000: 801529.194: Total time for which application threads were stopped: 0.0075195 seconds, Stopping threads took: 0.0000943 seconds
2019-02-01T02:32:44.273+0000: 801530.279: Application time: 1.0845173 seconds
2019-02-01T02:32:44.276+0000: 801530.282: [GC (Allocation Failure) 2019-02-01T02:32:44.281+0000: 801530.286: [SoftReference, 0 refs, 0.0000394 secs]2019-02-01T02:32:44.281+0000: 801530.286: [WeakReference, 20 refs, 0.0000175 secs]2019-02-01T02:32:44.281+0000: 801530.286: [FinalReference, 234 refs, 0.0000891 secs]2019-02-01T02:32:44.281+0000: 801530.287: [PhantomReference, 0 refs, 0 refs, 0.0000142 secs]2019-02-01T02:32:44.281+0000: 801530.287: [JNI Weak Reference, 0.0000217 secs]
Desired survivor size 4718592 bytes, new threshold 1 (max 15)
[PSYoungGen: 34787K->2653K(37376K)] 718253K->686830K(729088K), 0.0079316 secs] [Times: user=0.08 sys=0.00, real=0.01 secs] 
2019-02-01T02:32:44.284+0000: 801530.290: Total time for which application threads were stopped: 0.0111830 seconds, Stopping threads took: 0.0000665 seconds
2019-02-01T02:32:45.229+0000: 801531.235: Application time: 0.9451463 seconds
2019-02-01T02:32:45.232+0000: 801531.238: [GC (Allocation Failure) 2019-02-01T02:32:45.237+0000: 801531.242: [SoftReference, 0 refs, 0.0000377 secs]2019-02-01T02:32:45.237+0000: 801531.242: [WeakReference, 21 refs, 0.0000112 secs]2019-02-01T02:32:45.237+0000: 801531.242: [FinalReference, 228 refs, 0.0001097 secs]2019-02-01T02:32:45.237+0000: 801531.243: [PhantomReference, 0 refs, 0 refs, 0.0000084 secs]2019-02-01T02:32:45.237+0000: 801531.243: [JNI Weak Reference, 0.0000161 secs]
Desired survivor size 5242880 bytes, new threshold 1 (max 15)
[PSYoungGen: 34909K->4241K(41472K)] 719086K->689724K(733184K), 0.0069612 secs] [Times: user=0.07 sys=0.02, real=0.01 secs] 
2019-02-01T02:32:45.239+0000: 801531.245: Total time for which application threads were stopped: 0.0098350 seconds, Stopping threads took: 0.0000662 seconds
2019-02-01T02:32:46.384+0000: 801532.390: Application time: 1.1447338 seconds
2019-02-01T02:32:46.387+0000: 801532.393: [GC (Allocation Failure) 2019-02-01T02:32:46.391+0000: 801532.397: [SoftReference, 0 refs, 0.0000405 secs]2019-02-01T02:32:46.391+0000: 801532.397: [WeakReference, 6 refs, 0.0000150 secs]2019-02-01T02:32:46.391+0000: 801532.397: [FinalReference, 295 refs, 0.0001262 secs]2019-02-01T02:32:46.392+0000: 801532.397: [PhantomReference, 0 refs, 0 refs, 0.0000145 secs]2019-02-01T02:32:46.392+0000: 801532.397: [JNI Weak Reference, 0.0000271 secs]
Desired survivor size 5242880 bytes, new threshold 1 (max 15)
[PSYoungGen: 41105K->2478K(41984K)] 726588K->689175K(733696K), 0.0077466 secs] [Times: user=0.10 sys=0.00, real=0.01 secs] 
2019-02-01T02:32:46.395+0000: 801532.401: Total time for which application threads were stopped: 0.0111306 seconds, Stopping threads took: 0.0000621 seconds
2019-02-01T02:32:47.514+0000: 801533.519: Application time: 1.1185135 seconds
2019-02-01T02:32:47.517+0000: 801533.522: [GC (Allocation Failure) 2019-02-01T02:32:47.521+0000: 801533.527: [SoftReference, 0 refs, 0.0000388 secs]2019-02-01T02:32:47.521+0000: 801533.527: [WeakReference, 10 refs, 0.0000157 secs]2019-02-01T02:32:47.521+0000: 801533.527: [FinalReference, 274 refs, 0.0001789 secs]2019-02-01T02:32:47.521+0000: 801533.527: [PhantomReference, 0 refs, 0 refs, 0.0000165 secs]2019-02-01T02:32:47.521+0000: 801533.527: [JNI Weak Reference, 0.0000222 secs]
Desired survivor size 5242880 bytes, new threshold 1 (max 15)
[PSYoungGen: 39077K->2645K(47616K)] 725773K->690269K(739328K), 0.0077720 secs] [Times: user=0.10 sys=0.01, real=0.01 secs] 
2019-02-01T02:32:47.525+0000: 801533.530: Total time for which application threads were stopped: 0.0109468 seconds, Stopping threads took: 0.0000660 seconds
2019-02-01T02:32:48.355+0000: 801534.361: Application time: 0.8304590 seconds
2019-02-01T02:32:48.358+0000: 801534.364: Total time for which application threads were stopped: 0.0030574 seconds, Stopping threads took: 0.0001141 seconds
2019-02-01T02:32:48.358+0000: 801534.364: Application time: 0.0001357 seconds
2019-02-01T02:32:48.360+0000: 801534.366: [GC (GCLocker Initiated GC) 2019-02-01T02:32:48.365+0000: 801534.371: [SoftReference, 0 refs, 0.0000436 secs]2019-02-01T02:32:48.365+0000: 801534.371: [WeakReference, 12 refs, 0.0000168 secs]2019-02-01T02:32:48.365+0000: 801534.371: [FinalReference, 334 refs, 0.0001516 secs]2019-02-01T02:32:48.365+0000: 801534.371: [PhantomReference, 0 refs, 0 refs, 0.0000144 secs]2019-02-01T02:32:48.365+0000: 801534.371: [JNI Weak Reference, 0.0000238 secs]
Desired survivor size 5242880 bytes, new threshold 1 (max 15)
[PSYoungGen: 45141K->4311K(47616K)] 732766K->692785K(739328K), 0.0083364 secs] [Times: user=0.08 sys=0.01, real=0.01 secs] 
2019-02-01T02:32:48.369+0000: 801534.374: Total time for which application threads were stopped: 0.0103746 seconds, Stopping threads took: 0.0000760 seconds
2019-02-01T02:32:49.712+0000: 801535.718: Application time: 1.3437412 seconds
2019-02-01T02:32:49.715+0000: 801535.721: Total time for which application threads were stopped: 0.0030958 seconds, Stopping threads took: 0.0000791 seconds
2019-02-01T02:32:49.716+0000: 801535.721: Application time: 0.0001243 seconds
2019-02-01T02:32:49.717+0000: 801535.723: [GC (GCLocker Initiated GC) 2019-02-01T02:32:52.224+0000: 801538.230: [SoftReference, 0 refs, 0.0000541 secs]2019-02-01T02:32:52.224+0000: 801538.230: [WeakReference, 11 refs, 0.0000104 secs]2019-02-01T02:32:52.224+0000: 801538.230: [FinalReference, 328 refs, 0.0001366 secs]2019-02-01T02:32:52.225+0000: 801538.230: [PhantomReference, 0 refs, 0 refs, 0.0000071 secs]2019-02-01T02:32:52.225+0000: 801538.230: [JNI Weak Reference, 0.0000215 secs]
Desired survivor size 5242880 bytes, new threshold 1 (max 15)
[PSYoungGen: 46807K->3705K(54272K)] 735492K->693723K(745984K), 2.5089831 secs] [Times: user=78.45 sys=2.37, real=2.51 secs] 
2019-02-01T02:32:52.227+0000: 801538.232: [Full GC (Ergonomics) 2019-02-01T02:32:52.265+0000: 801538.270: [SoftReference, 217 refs, 0.0000713 secs]2019-02-01T02:32:52.265+0000: 801538.271: [WeakReference, 1560 refs, 0.0001942 secs]2019-02-01T02:32:52.265+0000: 801538.271: [FinalReference, 950 refs, 0.0003912 secs]2019-02-01T02:32:52.265+0000: 801538.271: [PhantomReference, 0 refs, 116 refs, 0.0000211 secs]2019-02-01T02:32:52.265+0000: 801538.271: [JNI Weak Reference, 0.0000223 secs][PSYoungGen: 3705K->0K(54272K)] [ParOldGen: 690018K->635394K(693760K)] 693723K->635394K(748032K), [Metaspace: 75215K->75215K(1118208K)], 0.1356427 secs] [Times: user=2.09 sys=0.00, real=0.14 secs] 
2019-02-01T02:32:52.362+0000: 801538.368: Total time for which application threads were stopped: 2.6467774 seconds, Stopping threads took: 0.0000415 seconds
2019-02-01T02:32:53.165+0000: 801539.171: Application time: 0.8027305 seconds
2019-02-01T02:32:53.168+0000: 801539.174: [GC (Allocation Failure) 2019-02-01T02:32:53.172+0000: 801539.178: [SoftReference, 0 refs, 0.0000403 secs]2019-02-01T02:32:53.172+0000: 801539.178: [WeakReference, 15 refs, 0.0000256 secs]2019-02-01T02:32:53.172+0000: 801539.178: [FinalReference, 353 refs, 0.0001292 secs]2019-02-01T02:32:53.173+0000: 801539.178: [PhantomReference, 0 refs, 14 refs, 0.0000171 secs]2019-02-01T02:32:53.173+0000: 801539.178: [JNI Weak Reference, 0.0000207 secs]
Desired survivor size 6815744 bytes, new threshold 1 (max 15)
[PSYoungGen: 49152K->5107K(54272K)] 684556K->642511K(748032K), 0.0077252 secs] [Times: user=0.08 sys=0.00, real=0.01 secs] 
2019-02-01T02:32:53.176+0000: 801539.182: Total time for which application threads were stopped: 0.0108787 seconds, Stopping threads took: 0.0000604 seconds
2019-02-01T02:32:54.025+0000: 801540.030: Application time: 0.8486119 seconds
2019-02-01T02:32:54.028+0000: 801540.033: [GC (Allocation Failure) 2019-02-01T02:32:54.263+0000: 801540.268: [SoftReference, 0 refs, 0.0000399 secs]2019-02-01T02:32:54.263+0000: 801540.268: [WeakReference, 16 refs, 0.0000118 secs]2019-02-01T02:32:54.263+0000: 801540.268: [FinalReference, 469 refs, 0.0001421 secs]2019-02-01T02:32:54.263+0000: 801540.269: [PhantomReference, 0 refs, 0 refs, 0.0000074 secs]2019-02-01T02:32:54.263+0000: 801540.269: [JNI Weak Reference, 0.0000132 secs]
Desired survivor size 9437184 bytes, new threshold 1 (max 15)
[PSYoungGen: 54259K->6642K(63488K)] 691663K->648063K(757248K), 0.2372172 secs] [Times: user=6.88 sys=0.54, real=0.24 secs] 
2019-02-01T02:32:54.265+0000: 801540.271: Total time for which application threads were stopped: 0.2403946 seconds, Stopping threads took: 0.0000748 seconds
2019-02-01T02:32:55.933+0000: 801541.939: Application time: 1.6678547 seconds
2019-02-01T02:32:55.936+0000: 801541.942: Total time for which application threads were stopped: 0.0030701 seconds, Stopping threads took: 0.0000949 seconds
2019-02-01T02:32:55.936+0000: 801541.942: Application time: 0.0001766 seconds
2019-02-01T02:32:55.938+0000: 801541.944: [GC (GCLocker Initiated GC) 2019-02-01T02:32:55.943+0000: 801541.949: [SoftReference, 0 refs, 0.0000348 secs]2019-02-01T02:32:55.943+0000: 801541.949: [WeakReference, 23 refs, 0.0000099 secs]2019-02-01T02:32:55.943+0000: 801541.949: [FinalReference, 371 refs, 0.0001133 secs]2019-02-01T02:32:55.943+0000: 801541.949: [PhantomReference, 0 refs, 1 refs, 0.0000077 secs]2019-02-01T02:32:55.943+0000: 801541.949: [JNI Weak Reference, 0.0000124 secs]
Desired survivor size 8912896 bytes, new threshold 1 (max 15)
[PSYoungGen: 63455K->4526K(66048K)] 704938K->649147K(759808K), 0.0069953 secs] [Times: user=0.08 sys=0.00, real=0.01 secs] 
2019-02-01T02:32:55.945+0000: 801541.951: Total time for which application threads were stopped: 0.0090461 seconds, Stopping threads took: 0.0000732 seconds
2019-02-01T02:32:56.969+0000: 801542.974: Application time: 1.0234307 seconds
2019-02-01T02:32:56.971+0000: 801542.977: Total time for which application threads were stopped: 0.0023633 seconds, Stopping threads took: 0.0000878 seconds
2019-02-01T02:32:57.172+0000: 801543.178: Application time: 0.2009908 seconds
2019-02-01T02:32:57.173+0000: 801543.179: Total time for which application threads were stopped: 0.0013725 seconds, Stopping threads took: 0.0000218 seconds
2019-02-01T02:32:57.202+0000: 801543.208: Application time: 0.0287582 seconds
2019-02-01T02:32:57.204+0000: 801543.210: [GC (Allocation Failure) 2019-02-01T02:32:57.451+0000: 801543.457: [SoftReference, 0 refs, 0.0000437 secs]2019-02-01T02:32:57.452+0000: 801543.457: [WeakReference, 19 refs, 0.0000138 secs]2019-02-01T02:32:57.452+0000: 801543.457: [FinalReference, 446 refs, 0.0001632 secs]2019-02-01T02:32:57.452+0000: 801543.457: [PhantomReference, 0 refs, 3 refs, 0.0000082 secs]2019-02-01T02:32:57.452+0000: 801543.457: [JNI Weak Reference, 0.0000129 secs]
Desired survivor size 8912896 bytes, new threshold 1 (max 15)
[PSYoungGen: 61358K->4872K(77312K)] 705983K->651249K(771072K), 0.2497417 secs] [Times: user=7.49 sys=0.25, real=0.25 secs] 
2019-02-01T02:32:57.454+0000: 801543.459: Total time for which application threads were stopped: 0.2516359 seconds, Stopping threads took: 0.0000584 seconds
2019-02-01T02:32:57.454+0000: 801543.460: Application time: 0.0004036 seconds
2019-02-01T02:32:57.457+0000: 801543.463: Total time for which application threads were stopped: 0.0026245 seconds, Stopping threads took: 0.0002136 seconds
2019-02-01T02:32:57.555+0000: 801543.560: Application time: 0.0978611 seconds
2019-02-01T02:32:57.557+0000: 801543.563: Total time for which application threads were stopped: 0.0021496 seconds, Stopping threads took: 0.0000278 seconds
2019-02-01T02:32:58.862+0000: 801544.867: Application time: 1.3047770 seconds
2019-02-01T02:32:58.864+0000: 801544.870: [GC (Allocation Failure) 2019-02-01T02:32:58.869+0000: 801544.875: [SoftReference, 0 refs, 0.0000517 secs]2019-02-01T02:32:58.869+0000: 801544.875: [WeakReference, 26 refs, 0.0000194 secs]2019-02-01T02:32:58.869+0000: 801544.875: [FinalReference, 514 refs, 0.0002290 secs]2019-02-01T02:32:58.869+0000: 801544.875: [PhantomReference, 0 refs, 0 refs, 0.0000149 secs]2019-02-01T02:32:58.869+0000: 801544.875: [JNI Weak Reference, 0.0000212 secs]
Desired survivor size 8388608 bytes, new threshold 1 (max 15)
[PSYoungGen: 73480K->3908K(77312K)] 719857K->651586K(771072K), 0.0078968 secs] [Times: user=0.08 sys=0.00, real=0.01 secs] 
2019-02-01T02:32:58.872+0000: 801544.878: Total time for which application threads were stopped: 0.0109122 seconds, Stopping threads took: 0.0000465 seconds
2019-02-01T02:32:58.910+0000: 801544.916: Application time: 0.0378281 seconds
2019-02-01T02:32:58.913+0000: 801544.918: Total time for which application threads were stopped: 0.0023693 seconds, Stopping threads took: 0.0001277 seconds
2019-02-01T02:32:59.260+0000: 801545.266: Application time: 0.3475104 seconds
2019-02-01T02:32:59.262+0000: 801545.268: Total time for which application threads were stopped: 0.0019041 seconds, Stopping threads took: 0.0000774 seconds
2019-02-01T02:32:59.363+0000: 801545.368: Application time: 0.1005436 seconds
2019-02-01T02:32:59.364+0000: 801545.370: Total time for which application threads were stopped: 0.0018057 seconds, Stopping threads took: 0.0000937 seconds
2019-02-01T02:32:59.715+0000: 801545.721: Application time: 0.3509567 seconds
2019-02-01T02:32:59.717+0000: 801545.723: Total time for which application threads were stopped: 0.0017197 seconds, Stopping threads took: 0.0000420 seconds
2019-02-01T02:32:59.818+0000: 801545.823: Application time: 0.1005967 seconds
2019-02-01T02:32:59.820+0000: 801545.825: Total time for which application threads were stopped: 0.0017964 seconds, Stopping threads took: 0.0000971 seconds
2019-02-01T02:33:00.166+0000: 801546.172: Application time: 0.3465065 seconds
2019-02-01T02:33:00.168+0000: 801546.174: Total time for which application threads were stopped: 0.0017333 seconds, Stopping threads took: 0.0000369 seconds
2019-02-01T02:33:00.998+0000: 801547.004: Application time: 0.8306083 seconds
2019-02-01T02:33:01.001+0000: 801547.007: [GC (Allocation Failure) 2019-02-01T02:33:01.615+0000: 801547.620: [SoftReference, 0 refs, 0.0000439 secs]2019-02-01T02:33:01.615+0000: 801547.620: [WeakReference, 39 refs, 0.0000260 secs]2019-02-01T02:33:01.615+0000: 801547.620: [FinalReference, 461 refs, 0.0002397 secs]2019-02-01T02:33:01.615+0000: 801547.621: [PhantomReference, 0 refs, 0 refs, 0.0000078 secs]2019-02-01T02:33:01.615+0000: 801547.621: [JNI Weak Reference, 0.0000131 secs]
Desired survivor size 7864320 bytes, new threshold 1 (max 15)
[PSYoungGen: 72516K->4260K(89600K)] 720194K->653376K(783360K), 0.6157132 secs] [Times: user=16.09 sys=3.72, real=0.61 secs] 
2019-02-01T02:33:01.617+0000: 801547.623: Total time for which application threads were stopped: 0.6183990 seconds, Stopping threads took: 0.0000720 seconds
2019-02-01T02:33:01.906+0000: 801547.911: Application time: 0.2889099 seconds
2019-02-01T02:33:01.908+0000: 801547.914: Total time for which application threads were stopped: 0.0027466 seconds, Stopping threads took: 0.0000525 seconds
2019-02-01T02:33:03.455+0000: 801549.461: Application time: 1.5464202 seconds
2019-02-01T02:33:03.458+0000: 801549.464: [GC (Allocation Failure) 2019-02-01T02:33:03.639+0000: 801549.645: [SoftReference, 0 refs, 0.0000637 secs]2019-02-01T02:33:03.639+0000: 801549.645: [WeakReference, 39 refs, 0.0000170 secs]2019-02-01T02:33:03.639+0000: 801549.645: [FinalReference, 579 refs, 0.0002660 secs]2019-02-01T02:33:03.640+0000: 801549.645: [PhantomReference, 0 refs, 4 refs, 0.0000114 secs]2019-02-01T02:33:03.640+0000: 801549.645: [JNI Weak Reference, 0.0000138 secs]
Desired survivor size 8388608 bytes, new threshold 1 (max 15)
[PSYoungGen: 86692K->6463K(90112K)] 735808K->657540K(783872K), 0.1838085 secs] [Times: user=4.94 sys=0.91, real=0.19 secs] 
2019-02-01T02:33:03.642+0000: 801549.648: Total time for which application threads were stopped: 0.1870989 seconds, Stopping threads took: 0.0001046 seconds
2019-02-01T02:33:05.870+0000: 801551.876: Application time: 2.2282353 seconds
2019-02-01T02:33:05.873+0000: 801551.879: [GC (Allocation Failure) 2019-02-01T02:33:06.035+0000: 801552.041: [SoftReference, 0 refs, 0.0000411 secs]2019-02-01T02:33:06.035+0000: 801552.041: [WeakReference, 21 refs, 0.0000123 secs]2019-02-01T02:33:06.035+0000: 801552.041: [FinalReference, 644 refs, 0.0002010 secs]2019-02-01T02:33:06.035+0000: 801552.041: [PhantomReference, 0 refs, 1 refs, 0.0000078 secs]2019-02-01T02:33:06.035+0000: 801552.041: [JNI Weak Reference, 0.0000133 secs]
Desired survivor size 8912896 bytes, new threshold 1 (max 15)
[PSYoungGen: 88895K->6091K(107008K)] 739972K->659249K(800768K), 0.1637945 secs] [Times: user=4.34 sys=0.86, real=0.16 secs] 
2019-02-01T02:33:06.037+0000: 801552.043: Total time for which application threads were stopped: 0.1671217 seconds, Stopping threads took: 0.0000594 seconds
2019-02-01T02:33:08.558+0000: 801554.563: Application time: 2.5202512 seconds
2019-02-01T02:33:08.561+0000: 801554.567: [GC (Allocation Failure) 2019-02-01T02:33:08.879+0000: 801554.885: [SoftReference, 0 refs, 0.0000459 secs]2019-02-01T02:33:08.879+0000: 801554.885: [WeakReference, 10 refs, 0.0000260 secs]2019-02-01T02:33:08.879+0000: 801554.885: [FinalReference, 711 refs, 0.0002647 secs]2019-02-01T02:33:08.879+0000: 801554.885: [PhantomReference, 0 refs, 2 refs, 0.0000083 secs]2019-02-01T02:33:08.879+0000: 801554.885: [JNI Weak Reference, 0.0000129 secs]
Desired survivor size 8388608 bytes, new threshold 1 (max 15)
[PSYoungGen: 104907K->4788K(107520K)] 758065K->660292K(801280K), 0.3205808 secs] [Times: user=7.66 sys=2.65, real=0.32 secs] 
2019-02-01T02:33:08.881+0000: 801554.887: Total time for which application threads were stopped: 0.3238465 seconds, Stopping threads took: 0.0000835 seconds
2019-02-01T02:33:10.979+0000: 801556.985: Application time: 2.0978921 seconds
2019-02-01T02:33:10.982+0000: 801556.988: Total time for which application threads were stopped: 0.0030543 seconds, Stopping threads took: 0.0000557 seconds
2019-02-01T02:33:11.004+0000: 801557.009: Application time: 0.0212349 seconds
2019-02-01T02:33:11.006+0000: 801557.012: Total time for which application threads were stopped: 0.0021185 seconds, Stopping threads took: 0.0000767 seconds
2019-02-01T02:33:11.006+0000: 801557.012: Application time: 0.0007490 seconds
2019-02-01T02:33:11.008+0000: 801557.014: Total time for which application threads were stopped: 0.0016722 seconds, Stopping threads took: 0.0000848 seconds
2019-02-01T02:33:11.008+0000: 801557.014: Application time: 0.0001729 seconds
2019-02-01T02:33:11.010+0000: 801557.016: Total time for which application threads were stopped: 0.0016738 seconds, Stopping threads took: 0.0001265 seconds
2019-02-01T02:33:11.086+0000: 801557.092: Application time: 0.0760915 seconds
2019-02-01T02:33:11.088+0000: 801557.094: Total time for which application threads were stopped: 0.0017741 seconds, Stopping threads took: 0.0000826 seconds
2019-02-01T02:33:11.088+0000: 801557.094: Application time: 0.0005417 seconds
2019-02-01T02:33:11.090+0000: 801557.096: Total time for which application threads were stopped: 0.0016708 seconds, Stopping threads took: 0.0000861 seconds
2019-02-01T02:33:11.528+0000: 801557.534: Application time: 0.4378692 seconds
2019-02-01T02:33:11.530+0000: 801557.536: [GC (Allocation Failure) 2019-02-01T02:33:11.675+0000: 801557.681: [SoftReference, 0 refs, 0.0000779 secs]2019-02-01T02:33:11.675+0000: 801557.681: [WeakReference, 26 refs, 0.0000141 secs]2019-02-01T02:33:11.675+0000: 801557.681: [FinalReference, 685 refs, 0.0003621 secs]2019-02-01T02:33:11.675+0000: 801557.681: [PhantomReference, 0 refs, 1 refs, 0.0000079 secs]2019-02-01T02:33:11.675+0000: 801557.681: [JNI Weak Reference, 0.0000139 secs]
Desired survivor size 8388608 bytes, new threshold 1 (max 15)
[PSYoungGen: 103604K->5214K(125952K)] 759108K->662171K(819712K), 0.1468441 secs] [Times: user=4.03 sys=0.59, real=0.15 secs] 
2019-02-01T02:33:11.677+0000: 801557.683: Total time for which application threads were stopped: 0.1492186 seconds, Stopping threads took: 0.0000483 seconds
2019-02-01T02:33:14.885+0000: 801560.890: Application time: 3.2073080 seconds
2019-02-01T02:33:14.888+0000: 801560.893: Total time for which application threads were stopped: 0.0030268 seconds, Stopping threads took: 0.0000608 seconds
2019-02-01T02:33:14.888+0000: 801560.893: Application time: 0.0001686 seconds
2019-02-01T02:33:14.890+0000: 801560.896: [GC (GCLocker Initiated GC) 2019-02-01T02:33:15.349+0000: 801561.355: [SoftReference, 0 refs, 0.0000423 secs]2019-02-01T02:33:15.349+0000: 801561.355: [WeakReference, 10 refs, 0.0000093 secs]2019-02-01T02:33:15.349+0000: 801561.355: [FinalReference, 933 refs, 0.0002965 secs]2019-02-01T02:33:15.349+0000: 801561.355: [PhantomReference, 0 refs, 0 refs, 0.0000077 secs]2019-02-01T02:33:15.349+0000: 801561.355: [JNI Weak Reference, 0.0000132 secs]
Desired survivor size 7864320 bytes, new threshold 1 (max 15)
[PSYoungGen: 123486K->4598K(126464K)] 780447K->663031K(820224K), 0.4614919 secs] [Times: user=7.44 sys=7.42, real=0.46 secs] 
2019-02-01T02:33:15.351+0000: 801561.357: Total time for which application threads were stopped: 0.4636223 seconds, Stopping threads took: 0.0000278 seconds
2019-02-01T02:33:16.053+0000: 801562.059: Application time: 0.7013853 seconds
2019-02-01T02:33:16.056+0000: 801562.061: Total time for which application threads were stopped: 0.0029063 seconds, Stopping threads took: 0.0000407 seconds
2019-02-01T02:33:16.056+0000: 801562.061: Application time: 0.0000649 seconds
2019-02-01T02:33:16.058+0000: 801562.063: Total time for which application threads were stopped: 0.0018528 seconds, Stopping threads took: 0.0000296 seconds
2019-02-01T02:33:17.811+0000: 801563.816: Application time: 1.7529435 seconds
2019-02-01T02:33:17.813+0000: 801563.819: Total time for which application threads were stopped: 0.0025404 seconds, Stopping threads took: 0.0001108 seconds
2019-02-01T02:33:18.942+0000: 801564.947: Application time: 1.1285876 seconds
2019-02-01T02:33:18.944+0000: 801564.950: [GC (Allocation Failure) 2019-02-01T02:33:19.167+0000: 801565.172: [SoftReference, 0 refs, 0.0000426 secs]2019-02-01T02:33:19.167+0000: 801565.172: [WeakReference, 13 refs, 0.0000110 secs]2019-02-01T02:33:19.167+0000: 801565.173: [FinalReference, 817 refs, 0.0002629 secs]2019-02-01T02:33:19.167+0000: 801565.173: [PhantomReference, 0 refs, 0 refs, 0.0000076 secs]2019-02-01T02:33:19.167+0000: 801565.173: [JNI Weak Reference, 0.0000277 secs]
Desired survivor size 7864320 bytes, new threshold 1 (max 15)
[PSYoungGen: 122870K->4798K(149504K)] 781305K->665044K(843264K), 0.2245367 secs] [Times: user=2.59 sys=4.62, real=0.22 secs] 
2019-02-01T02:33:19.169+0000: 801565.175: Total time for which application threads were stopped: 0.2273342 seconds, Stopping threads took: 0.0000411 seconds
2019-02-01T02:33:24.214+0000: 801570.220: Application time: 5.0453560 seconds
2019-02-01T02:33:24.474+0000: 801570.479: [GC (Allocation Failure) 2019-02-01T02:33:24.828+0000: 801570.833: [SoftReference, 0 refs, 0.0000359 secs]2019-02-01T02:33:24.828+0000: 801570.833: [WeakReference, 12 refs, 0.0000100 secs]2019-02-01T02:33:24.828+0000: 801570.833: [FinalReference, 1047 refs, 0.0002866 secs]2019-02-01T02:33:24.828+0000: 801570.834: [PhantomReference, 0 refs, 0 refs, 0.0000087 secs]2019-02-01T02:33:24.828+0000: 801570.834: [JNI Weak Reference, 0.0000152 secs]
Desired survivor size 7864320 bytes, new threshold 1 (max 15)
[PSYoungGen: 146622K->5959K(149504K)] 806868K->667483K(843264K), 0.3569113 secs] [Times: user=7.09 sys=4.15, real=0.36 secs] 
2019-02-01T02:33:24.831+0000: 801570.836: Total time for which application threads were stopped: 0.6161847 seconds, Stopping threads took: 0.2559576 seconds
2019-02-01T02:33:30.429+0000: 801576.434: Application time: 5.5981321 seconds
2019-02-01T02:33:30.432+0000: 801576.438: [GC (Allocation Failure) 2019-02-01T02:33:30.785+0000: 801576.791: [SoftReference, 0 refs, 0.0000377 secs]2019-02-01T02:33:30.785+0000: 801576.791: [WeakReference, 21 refs, 0.0000130 secs]2019-02-01T02:33:30.785+0000: 801576.791: [FinalReference, 1075 refs, 0.0004007 secs]2019-02-01T02:33:30.786+0000: 801576.791: [PhantomReference, 0 refs, 0 refs, 0.0000090 secs]2019-02-01T02:33:30.786+0000: 801576.791: [JNI Weak Reference, 0.0000208 secs]
Desired survivor size 7864320 bytes, new threshold 1 (max 15)
[PSYoungGen: 147783K->3761K(177664K)] 809307K->667030K(871424K), 0.3572292 secs] [Times: user=5.97 sys=5.44, real=0.36 secs] 
2019-02-01T02:33:30.789+0000: 801576.795: Total time for which application threads were stopped: 0.3603708 seconds, Stopping threads took: 0.0000651 seconds
2019-02-01T02:33:36.458+0000: 801582.464: Application time: 5.6692242 seconds
2019-02-01T02:33:36.675+0000: 801582.681: [GC (Allocation Failure) 2019-02-01T02:33:36.830+0000: 801582.836: [SoftReference, 0 refs, 0.0000492 secs]2019-02-01T02:33:36.830+0000: 801582.836: [WeakReference, 8 refs, 0.0000165 secs]2019-02-01T02:33:36.830+0000: 801582.836: [FinalReference, 1298 refs, 0.0005697 secs]2019-02-01T02:33:36.831+0000: 801582.836: [PhantomReference, 0 refs, 0 refs, 0.0000151 secs]2019-02-01T02:33:36.831+0000: 801582.836: [JNI Weak Reference, 0.0000288 secs]
Desired survivor size 7864320 bytes, new threshold 1 (max 15)
[PSYoungGen: 173745K->4098K(177664K)] 837014K->668948K(871424K), 0.1599353 secs] [Times: user=4.11 sys=0.87, real=0.16 secs] 
2019-02-01T02:33:36.835+0000: 801582.841: Total time for which application threads were stopped: 0.3768213 seconds, Stopping threads took: 0.2142215 seconds
2019-02-01T02:33:42.685+0000: 801588.691: Application time: 5.8497146 seconds
2019-02-01T02:33:42.688+0000: 801588.694: Total time for which application threads were stopped: 0.0032955 seconds, Stopping threads took: 0.0000519 seconds
2019-02-01T02:33:44.213+0000: 801590.219: Application time: 1.5253091 seconds
2019-02-01T02:33:44.216+0000: 801590.222: [GC (Allocation Failure) 2019-02-01T02:33:44.584+0000: 801590.590: [SoftReference, 0 refs, 0.0000577 secs]2019-02-01T02:33:44.584+0000: 801590.590: [WeakReference, 24 refs, 0.0000187 secs]2019-02-01T02:33:44.584+0000: 801590.590: [FinalReference, 1241 refs, 0.0006008 secs]2019-02-01T02:33:44.585+0000: 801590.590: [PhantomReference, 0 refs, 0 refs, 0.0000151 secs]2019-02-01T02:33:44.585+0000: 801590.590: [JNI Weak Reference, 0.0000281 secs]
Desired survivor size 8388608 bytes, new threshold 1 (max 15)
[PSYoungGen: 174082K->6957K(210432K)] 838932K->673390K(904192K), 0.3726373 secs] [Times: user=9.48 sys=2.20, real=0.38 secs] 
2019-02-01T02:33:44.589+0000: 801590.595: Total time for which application threads were stopped: 0.3758212 seconds, Stopping threads took: 0.0000522 seconds
2019-02-01T02:33:52.215+0000: 801598.221: Application time: 7.6260132 seconds
2019-02-01T02:33:52.218+0000: 801598.224: [GC (Allocation Failure) 2019-02-01T02:33:52.439+0000: 801598.445: [SoftReference, 0 refs, 0.0000383 secs]2019-02-01T02:33:52.439+0000: 801598.445: [WeakReference, 21 refs, 0.0000113 secs]2019-02-01T02:33:52.439+0000: 801598.445: [FinalReference, 1600 refs, 0.0004257 secs]2019-02-01T02:33:52.440+0000: 801598.446: [PhantomReference, 0 refs, 0 refs, 0.0000076 secs]2019-02-01T02:33:52.440+0000: 801598.446: [JNI Weak Reference, 0.0000218 secs]
Desired survivor size 8912896 bytes, new threshold 1 (max 15)
[PSYoungGen: 209709K->7046K(210944K)] 876142K->675420K(904704K), 0.2240901 secs] [Times: user=1.69 sys=5.44, real=0.23 secs] 
2019-02-01T02:33:52.442+0000: 801598.448: Total time for which application threads were stopped: 0.2271619 seconds, Stopping threads took: 0.0000484 seconds
2019-02-01T02:33:57.076+0000: 801603.082: Application time: 4.6336109 seconds
2019-02-01T02:33:57.079+0000: 801603.085: Total time for which application threads were stopped: 0.0029867 seconds, Stopping threads took: 0.0000874 seconds
2019-02-01T02:33:57.120+0000: 801603.125: Application time: 0.0406809 seconds
2019-02-01T02:33:57.122+0000: 801603.127: Total time for which application threads were stopped: 0.0018990 seconds, Stopping threads took: 0.0000778 seconds
2019-02-01T02:33:57.162+0000: 801603.168: Application time: 0.0407699 seconds
2019-02-01T02:33:57.164+0000: 801603.170: Total time for which application threads were stopped: 0.0015290 seconds, Stopping threads took: 0.0000527 seconds
2019-02-01T02:33:57.195+0000: 801603.200: Application time: 0.0306780 seconds
2019-02-01T02:33:57.196+0000: 801603.202: Total time for which application threads were stopped: 0.0017019 seconds, Stopping threads took: 0.0000432 seconds
2019-02-01T02:33:57.227+0000: 801603.233: Application time: 0.0306072 seconds
2019-02-01T02:33:57.229+0000: 801603.234: Total time for which application threads were stopped: 0.0017123 seconds, Stopping threads took: 0.0000795 seconds
2019-02-01T02:33:57.390+0000: 801603.396: Application time: 0.1616218 seconds
2019-02-01T02:33:57.392+0000: 801603.398: Total time for which application threads were stopped: 0.0021189 seconds, Stopping threads took: 0.0000369 seconds
2019-02-01T02:33:57.413+0000: 801603.419: Application time: 0.0204688 seconds
2019-02-01T02:33:57.415+0000: 801603.421: Total time for which application threads were stopped: 0.0018928 seconds, Stopping threads took: 0.0000399 seconds
2019-02-01T02:33:57.435+0000: 801603.441: Application time: 0.0204331 seconds
2019-02-01T02:33:57.437+0000: 801603.443: Total time for which application threads were stopped: 0.0017512 seconds, Stopping threads took: 0.0000435 seconds
2019-02-01T02:33:57.488+0000: 801603.493: Application time: 0.0506746 seconds
2019-02-01T02:33:57.489+0000: 801603.495: Total time for which application threads were stopped: 0.0018639 seconds, Stopping threads took: 0.0000762 seconds
2019-02-01T02:33:57.540+0000: 801603.546: Application time: 0.0507093 seconds
2019-02-01T02:33:57.542+0000: 801603.548: Total time for which application threads were stopped: 0.0018395 seconds, Stopping threads took: 0.0000624 seconds
2019-02-01T02:33:57.593+0000: 801603.599: Application time: 0.0507509 seconds
2019-02-01T02:33:57.595+0000: 801603.600: Total time for which application threads were stopped: 0.0017565 seconds, Stopping threads took: 0.0000420 seconds
2019-02-01T02:33:57.605+0000: 801603.611: Application time: 0.0103477 seconds
2019-02-01T02:33:57.607+0000: 801603.612: Total time for which application threads were stopped: 0.0017157 seconds, Stopping threads took: 0.0000381 seconds
2019-02-01T02:33:57.617+0000: 801603.623: Application time: 0.0103490 seconds
2019-02-01T02:33:57.619+0000: 801603.624: Total time for which application threads were stopped: 0.0015945 seconds, Stopping threads took: 0.0000350 seconds
2019-02-01T02:33:57.629+0000: 801603.635: Application time: 0.0103141 seconds
2019-02-01T02:33:57.631+0000: 801603.636: Total time for which application threads were stopped: 0.0016360 seconds, Stopping threads took: 0.0000419 seconds
2019-02-01T02:33:57.832+0000: 801603.838: Application time: 0.2017159 seconds
2019-02-01T02:33:57.834+0000: 801603.840: Total time for which application threads were stopped: 0.0020303 seconds, Stopping threads took: 0.0000411 seconds
2019-02-01T02:33:57.845+0000: 801603.850: Application time: 0.0104133 seconds
2019-02-01T02:33:57.847+0000: 801603.852: Total time for which application threads were stopped: 0.0017923 seconds, Stopping threads took: 0.0000655 seconds
2019-02-01T02:33:59.557+0000: 801605.563: Application time: 1.7107926 seconds
2019-02-01T02:33:59.560+0000: 801605.566: Total time for which application threads were stopped: 0.0030434 seconds, Stopping threads took: 0.0000506 seconds
2019-02-01T02:34:00.157+0000: 801606.162: Application time: 0.5961637 seconds
2019-02-01T02:34:00.160+0000: 801606.165: Total time for which application threads were stopped: 0.0030984 seconds, Stopping threads took: 0.0000517 seconds
2019-02-01T02:34:00.162+0000: 801606.168: Application time: 0.0022434 seconds
2019-02-01T02:34:00.164+0000: 801606.170: Total time for which application threads were stopped: 0.0020410 seconds, Stopping threads took: 0.0000324 seconds
2019-02-01T02:34:00.164+0000: 801606.170: Application time: 0.0000870 seconds
2019-02-01T02:34:00.166+0000: 801606.171: Total time for which application threads were stopped: 0.0016512 seconds, Stopping threads took: 0.0000242 seconds
2019-02-01T02:34:00.170+0000: 801606.176: Application time: 0.0043361 seconds
2019-02-01T02:34:00.172+0000: 801606.177: Total time for which application threads were stopped: 0.0016421 seconds, Stopping threads took: 0.0000308 seconds
2019-02-01T02:34:00.182+0000: 801606.188: Application time: 0.0103274 seconds
2019-02-01T02:34:00.184+0000: 801606.190: Total time for which application threads were stopped: 0.0018270 seconds, Stopping threads took: 0.0000430 seconds
2019-02-01T02:34:00.567+0000: 801606.573: Application time: 0.3829565 seconds
2019-02-01T02:34:00.570+0000: 801606.575: Total time for which application threads were stopped: 0.0027718 seconds, Stopping threads took: 0.0000483 seconds
2019-02-01T02:34:00.570+0000: 801606.575: Application time: 0.0000838 seconds
2019-02-01T02:34:00.571+0000: 801606.577: Total time for which application threads were stopped: 0.0016806 seconds, Stopping threads took: 0.0000373 seconds
2019-02-01T02:34:00.672+0000: 801606.678: Application time: 0.1004636 seconds
2019-02-01T02:34:00.674+0000: 801606.679: Total time for which application threads were stopped: 0.0019195 seconds, Stopping threads took: 0.0000659 seconds
2019-02-01T02:34:00.674+0000: 801606.680: Application time: 0.0000810 seconds
2019-02-01T02:34:00.676+0000: 801606.681: Total time for which application threads were stopped: 0.0018652 seconds, Stopping threads took: 0.0000642 seconds
2019-02-01T02:34:00.902+0000: 801606.908: Application time: 0.2261129 seconds
2019-02-01T02:34:00.904+0000: 801606.910: [GC (Allocation Failure) 2019-02-01T02:34:01.259+0000: 801607.265: [SoftReference, 0 refs, 0.0000264 secs]2019-02-01T02:34:01.259+0000: 801607.265: [WeakReference, 61 refs, 0.0000163 secs]2019-02-01T02:34:01.259+0000: 801607.265: [FinalReference, 1431 refs, 0.0003721 secs]2019-02-01T02:34:01.260+0000: 801607.265: [PhantomReference, 0 refs, 0 refs, 0.0000078 secs]2019-02-01T02:34:01.260+0000: 801607.265: [JNI Weak Reference, 0.0000144 secs]
Desired survivor size 8388608 bytes, new threshold 1 (max 15)
[PSYoungGen: 209798K->5064K(248832K)] 878172K->675496K(942592K), 0.3575286 secs] [Times: user=6.76 sys=4.74, real=0.36 secs] 
2019-02-01T02:34:01.262+0000: 801607.268: Total time for which application threads were stopped: 0.3601907 seconds, Stopping threads took: 0.0000444 seconds
2019-02-01T02:34:01.263+0000: 801607.269: Application time: 0.0007933 seconds
2019-02-01T02:34:01.266+0000: 801607.271: Total time for which application threads were stopped: 0.0027511 seconds, Stopping threads took: 0.0001537 seconds
2019-02-01T02:34:01.276+0000: 801607.282: Application time: 0.0103913 seconds
2019-02-01T02:34:01.279+0000: 801607.285: Total time for which application threads were stopped: 0.0028588 seconds, Stopping threads took: 0.0000792 seconds
2019-02-01T02:34:01.360+0000: 801607.366: Application time: 0.0810157 seconds
2019-02-01T02:34:01.363+0000: 801607.369: Total time for which application threads were stopped: 0.0032528 seconds, Stopping threads took: 0.0000836 seconds
2019-02-01T02:34:01.545+0000: 801607.551: Application time: 0.1820978 seconds
2019-02-01T02:34:01.548+0000: 801607.554: Total time for which application threads were stopped: 0.0032562 seconds, Stopping threads took: 0.0001022 seconds
2019-02-01T02:34:01.559+0000: 801607.565: Application time: 0.0103349 seconds
2019-02-01T02:34:01.561+0000: 801607.567: Total time for which application threads were stopped: 0.0024322 seconds, Stopping threads took: 0.0000745 seconds
2019-02-01T02:34:01.564+0000: 801607.569: Application time: 0.0023912 seconds
2019-02-01T02:34:01.566+0000: 801607.571: Total time for which application threads were stopped: 0.0020964 seconds, Stopping threads took: 0.0000839 seconds
2019-02-01T02:34:01.566+0000: 801607.572: Application time: 0.0000526 seconds
2019-02-01T02:34:01.568+0000: 801607.573: Total time for which application threads were stopped: 0.0018643 seconds, Stopping threads took: 0.0000763 seconds
2019-02-01T02:34:01.582+0000: 801607.587: Application time: 0.0140057 seconds
2019-02-01T02:34:01.584+0000: 801607.589: Total time for which application threads were stopped: 0.0020674 seconds, Stopping threads took: 0.0000584 seconds
2019-02-01T02:34:01.614+0000: 801607.620: Application time: 0.0307391 seconds
2019-02-01T02:34:01.617+0000: 801607.623: Total time for which application threads were stopped: 0.0024084 seconds, Stopping threads took: 0.0001076 seconds
2019-02-01T02:34:01.627+0000: 801607.633: Application time: 0.0103271 seconds
2019-02-01T02:34:01.629+0000: 801607.635: Total time for which application threads were stopped: 0.0020260 seconds, Stopping threads took: 0.0000385 seconds
2019-02-01T02:34:01.750+0000: 801607.756: Application time: 0.1212546 seconds
2019-02-01T02:34:01.753+0000: 801607.759: Total time for which application threads were stopped: 0.0030102 seconds, Stopping threads took: 0.0000668 seconds
2019-02-01T02:34:01.764+0000: 801607.770: Application time: 0.0103372 seconds
2019-02-01T02:34:01.766+0000: 801607.772: Total time for which application threads were stopped: 0.0022353 seconds, Stopping threads took: 0.0000910 seconds
2019-02-01T02:34:01.777+0000: 801607.782: Application time: 0.0104933 seconds
2019-02-01T02:34:01.779+0000: 801607.784: Total time for which application threads were stopped: 0.0019800 seconds, Stopping threads took: 0.0000506 seconds
2019-02-01T02:34:01.780+0000: 801607.786: Application time: 0.0014604 seconds
2019-02-01T02:34:01.782+0000: 801607.788: Total time for which application threads were stopped: 0.0017641 seconds, Stopping threads took: 0.0000279 seconds
2019-02-01T02:34:01.906+0000: 801607.912: Application time: 0.1240823 seconds
2019-02-01T02:34:01.908+0000: 801607.914: Total time for which application threads were stopped: 0.0026397 seconds, Stopping threads took: 0.0000509 seconds
2019-02-01T02:34:02.169+0000: 801608.175: Application time: 0.2603512 seconds
2019-02-01T02:34:02.172+0000: 801608.177: Total time for which application threads were stopped: 0.0028214 seconds, Stopping threads took: 0.0000465 seconds
2019-02-01T02:34:02.172+0000: 801608.177: Application time: 0.0000400 seconds
2019-02-01T02:34:02.173+0000: 801608.179: Total time for which application threads were stopped: 0.0014405 seconds, Stopping threads took: 0.0000581 seconds
2019-02-01T02:34:02.274+0000: 801608.279: Application time: 0.1003900 seconds
2019-02-01T02:34:02.276+0000: 801608.281: Total time for which application threads were stopped: 0.0021619 seconds, Stopping threads took: 0.0000383 seconds
2019-02-01T02:34:02.276+0000: 801608.282: Application time: 0.0000496 seconds
2019-02-01T02:34:02.278+0000: 801608.283: Total time for which application threads were stopped: 0.0018036 seconds, Stopping threads took: 0.0000371 seconds
2019-02-01T02:34:02.679+0000: 801608.684: Application time: 0.4009843 seconds
2019-02-01T02:34:02.682+0000: 801608.687: Total time for which application threads were stopped: 0.0029629 seconds, Stopping threads took: 0.0000535 seconds
2019-02-01T02:34:02.682+0000: 801608.687: Application time: 0.0000873 seconds
2019-02-01T02:34:02.684+0000: 801608.689: Total time for which application threads were stopped: 0.0019259 seconds, Stopping threads took: 0.0000447 seconds
2019-02-01T02:34:03.178+0000: 801609.184: Application time: 0.4944258 seconds
2019-02-01T02:34:03.181+0000: 801609.187: Total time for which application threads were stopped: 0.0031336 seconds, Stopping threads took: 0.0000962 seconds
2019-02-01T02:34:03.192+0000: 801609.197: Application time: 0.0104613 seconds
2019-02-01T02:34:03.193+0000: 801609.199: Total time for which application threads were stopped: 0.0018774 seconds, Stopping threads took: 0.0000273 seconds
2019-02-01T02:34:03.315+0000: 801609.321: Application time: 0.1217868 seconds
2019-02-01T02:34:03.318+0000: 801609.323: Total time for which application threads were stopped: 0.0024813 seconds, Stopping threads took: 0.0000833 seconds
2019-02-01T02:34:03.429+0000: 801609.435: Application time: 0.1110436 seconds
2019-02-01T02:34:03.431+0000: 801609.437: Total time for which application threads were stopped: 0.0024482 seconds, Stopping threads took: 0.0000390 seconds
2019-02-01T02:34:03.442+0000: 801609.447: Application time: 0.0103274 seconds
2019-02-01T02:34:03.444+0000: 801609.449: Total time for which application threads were stopped: 0.0020424 seconds, Stopping threads took: 0.0000811 seconds
2019-02-01T02:34:03.454+0000: 801609.460: Application time: 0.0103314 seconds
2019-02-01T02:34:03.456+0000: 801609.462: Total time for which application threads were stopped: 0.0019426 seconds, Stopping threads took: 0.0000711 seconds
2019-02-01T02:34:03.466+0000: 801609.472: Application time: 0.0104429 seconds
2019-02-01T02:34:03.468+0000: 801609.474: Total time for which application threads were stopped: 0.0017600 seconds, Stopping threads took: 0.0000381 seconds
2019-02-01T02:34:03.478+0000: 801609.484: Application time: 0.0103319 seconds
2019-02-01T02:34:03.480+0000: 801609.486: Total time for which application threads were stopped: 0.0017124 seconds, Stopping threads took: 0.0000432 seconds
2019-02-01T02:34:08.548+0000: 801614.554: Application time: 5.0682853 seconds
2019-02-01T02:34:08.560+0000: 801614.566: [GC (Allocation Failure) 2019-02-01T02:34:08.799+0000: 801614.805: [SoftReference, 0 refs, 0.0000392 secs]2019-02-01T02:34:08.799+0000: 801614.805: [WeakReference, 66 refs, 0.0000319 secs]2019-02-01T02:34:08.799+0000: 801614.805: [FinalReference, 1909 refs, 0.0006215 secs]2019-02-01T02:34:08.800+0000: 801614.806: [PhantomReference, 0 refs, 0 refs, 0.0000090 secs]2019-02-01T02:34:08.800+0000: 801614.806: [JNI Weak Reference, 0.0000205 secs]
Desired survivor size 8912896 bytes, new threshold 1 (max 15)
[PSYoungGen: 246728K->7150K(249856K)] 917160K->679927K(943616K), 0.2438333 secs] [Times: user=5.40 sys=2.33, real=0.25 secs] 
2019-02-01T02:34:08.804+0000: 801614.810: Total time for which application threads were stopped: 0.2553166 seconds, Stopping threads took: 0.0088492 seconds
2019-02-01T02:34:17.891+0000: 801623.897: Application time: 9.0874936 seconds
2019-02-01T02:34:17.895+0000: 801623.900: [GC (Allocation Failure) 2019-02-01T02:34:18.109+0000: 801624.115: [SoftReference, 0 refs, 0.0000381 secs]2019-02-01T02:34:18.109+0000: 801624.115: [WeakReference, 20 refs, 0.0000114 secs]2019-02-01T02:34:18.109+0000: 801624.115: [FinalReference, 1741 refs, 0.0006358 secs]2019-02-01T02:34:18.109+0000: 801624.115: [PhantomReference, 0 refs, 0 refs, 0.0000090 secs]2019-02-01T02:34:18.110+0000: 801624.115: [JNI Weak Reference, 0.0000202 secs]
Desired survivor size 8912896 bytes, new threshold 1 (max 15)
[PSYoungGen: 248771K->4186K(295424K)] 921548K->679329K(989184K), 0.2179640 secs] [Times: user=4.11 sys=2.80, real=0.22 secs] 
2019-02-01T02:34:18.113+0000: 801624.118: Total time for which application threads were stopped: 0.2213115 seconds, Stopping threads took: 0.0000901 seconds
2019-02-01T02:34:18.798+0000: 801624.804: Application time: 0.6853850 seconds
2019-02-01T02:34:18.801+0000: 801624.807: Total time for which application threads were stopped: 0.0031391 seconds, Stopping threads took: 0.0000496 seconds
2019-02-01T02:34:28.802+0000: 801634.808: Application time: 10.0010944 seconds
2019-02-01T02:34:28.805+0000: 801634.811: Total time for which application threads were stopped: 0.0031179 seconds, Stopping threads took: 0.0000681 seconds
2019-02-01T02:34:30.756+0000: 801636.762: Application time: 1.9509878 seconds
2019-02-01T02:34:30.760+0000: 801636.765: [GC (Allocation Failure) 2019-02-01T02:34:30.990+0000: 801636.996: [SoftReference, 0 refs, 0.0000510 secs]2019-02-01T02:34:30.990+0000: 801636.996: [WeakReference, 5 refs, 0.0000146 secs]2019-02-01T02:34:30.990+0000: 801636.996: [FinalReference, 2015 refs, 0.0008117 secs]2019-02-01T02:34:30.991+0000: 801636.996: [PhantomReference, 0 refs, 0 refs, 0.0000154 secs]2019-02-01T02:34:30.991+0000: 801636.996: [JNI Weak Reference, 0.0000513 secs]
Desired survivor size 8388608 bytes, new threshold 1 (max 15)
[PSYoungGen: 291418K->4979K(295936K)] 966561K->681926K(989696K), 0.2353554 secs] [Times: user=2.53 sys=4.95, real=0.24 secs] 
2019-02-01T02:34:30.995+0000: 801637.001: Total time for which application threads were stopped: 0.2387802 seconds, Stopping threads took: 0.0000672 seconds
2019-02-01T02:34:39.572+0000: 801645.578: Application time: 8.5770613 seconds
2019-02-01T02:34:39.575+0000: 801645.581: [GC (Allocation Failure) 2019-02-01T02:34:40.072+0000: 801646.078: [SoftReference, 0 refs, 0.0000314 secs]2019-02-01T02:34:40.072+0000: 801646.078: [WeakReference, 8 refs, 0.0000089 secs]2019-02-01T02:34:40.072+0000: 801646.078: [FinalReference, 2248 refs, 0.0005713 secs]2019-02-01T02:34:40.072+0000: 801646.078: [PhantomReference, 0 refs, 0 refs, 0.0000076 secs]2019-02-01T02:34:40.072+0000: 801646.078: [JNI Weak Reference, 0.0000151 secs]
Desired survivor size 8912896 bytes, new threshold 1 (max 15)
[PSYoungGen: 292211K->6620K(348672K)] 969158K->685716K(1042432K), 0.4992819 secs] [Times: user=4.17 sys=12.00, real=0.49 secs] 
2019-02-01T02:34:40.075+0000: 801646.081: Total time for which application threads were stopped: 0.5026424 seconds, Stopping threads took: 0.0000793 seconds
2019-02-01T02:34:50.220+0000: 801656.225: Application time: 10.1448965 seconds
2019-02-01T02:34:50.223+0000: 801656.229: [GC (Allocation Failure) 2019-02-01T02:34:50.380+0000: 801656.385: [SoftReference, 0 refs, 0.0000248 secs]2019-02-01T02:34:50.380+0000: 801656.386: [WeakReference, 12 refs, 0.0000100 secs]2019-02-01T02:34:50.380+0000: 801656.386: [FinalReference, 2447 refs, 0.0006474 secs]2019-02-01T02:34:50.380+0000: 801656.386: [PhantomReference, 0 refs, 1 refs, 0.0000093 secs]2019-02-01T02:34:50.380+0000: 801656.386: [JNI Weak Reference, 0.0000149 secs]
Desired survivor size 9437184 bytes, new threshold 1 (max 15)
[PSYoungGen: 347100K->7549K(349184K)] 1026196K->688502K(1042944K), 0.1599527 secs] [Times: user=3.72 sys=0.71, real=0.16 secs] 
2019-02-01T02:34:50.383+0000: 801656.389: Total time for which application threads were stopped: 0.1634833 seconds, Stopping threads took: 0.0001063 seconds
2019-02-01T02:34:56.995+0000: 801663.001: Application time: 6.6116692 seconds
2019-02-01T02:34:56.998+0000: 801663.004: Total time for which application threads were stopped: 0.0031792 seconds, Stopping threads took: 0.0000499 seconds
2019-02-01T02:34:57.098+0000: 801663.104: Application time: 0.1001295 seconds
2019-02-01T02:34:57.101+0000: 801663.107: Total time for which application threads were stopped: 0.0026243 seconds, Stopping threads took: 0.0000371 seconds
2019-02-01T02:34:57.254+0000: 801663.259: Application time: 0.1527683 seconds
2019-02-01T02:34:57.257+0000: 801663.262: Total time for which application threads were stopped: 0.0030685 seconds, Stopping threads took: 0.0000645 seconds
2019-02-01T02:34:57.307+0000: 801663.313: Application time: 0.0505619 seconds
2019-02-01T02:34:57.310+0000: 801663.316: Total time for which application threads were stopped: 0.0025901 seconds, Stopping threads took: 0.0000396 seconds
2019-02-01T02:34:57.401+0000: 801663.406: Application time: 0.0909002 seconds
2019-02-01T02:34:57.403+0000: 801663.409: Total time for which application threads were stopped: 0.0027396 seconds, Stopping threads took: 0.0000923 seconds
2019-02-01T02:34:57.511+0000: 801663.517: Application time: 0.1078373 seconds
2019-02-01T02:34:57.514+0000: 801663.520: Total time for which application threads were stopped: 0.0028214 seconds, Stopping threads took: 0.0000833 seconds
2019-02-01T02:34:57.524+0000: 801663.530: Application time: 0.0102884 seconds
2019-02-01T02:34:57.527+0000: 801663.533: Total time for which application threads were stopped: 0.0023219 seconds, Stopping threads took: 0.0000712 seconds
2019-02-01T02:34:57.529+0000: 801663.535: Application time: 0.0026136 seconds
2019-02-01T02:34:57.531+0000: 801663.537: Total time for which application threads were stopped: 0.0019740 seconds, Stopping threads took: 0.0000957 seconds
2019-02-01T02:34:57.557+0000: 801663.563: Application time: 0.0257946 seconds
2019-02-01T02:34:57.559+0000: 801663.565: Total time for which application threads were stopped: 0.0021109 seconds, Stopping threads took: 0.0000379 seconds
2019-02-01T02:34:57.573+0000: 801663.579: Application time: 0.0134968 seconds
2019-02-01T02:34:57.575+0000: 801663.581: Total time for which application threads were stopped: 0.0020130 seconds, Stopping threads took: 0.0000368 seconds
2019-02-01T02:34:57.580+0000: 801663.585: Application time: 0.0048709 seconds
2019-02-01T02:34:57.582+0000: 801663.587: Total time for which application threads were stopped: 0.0019432 seconds, Stopping threads took: 0.0000696 seconds
2019-02-01T02:34:57.622+0000: 801663.628: Application time: 0.0406177 seconds
2019-02-01T02:34:57.624+0000: 801663.630: Total time for which application threads were stopped: 0.0021096 seconds, Stopping threads took: 0.0000747 seconds
2019-02-01T02:34:57.635+0000: 801663.640: Application time: 0.0102638 seconds
2019-02-01T02:34:57.637+0000: 801663.642: Total time for which application threads were stopped: 0.0019259 seconds, Stopping threads took: 0.0000861 seconds
2019-02-01T02:34:57.667+0000: 801663.673: Application time: 0.0303854 seconds
2019-02-01T02:34:57.669+0000: 801663.675: Total time for which application threads were stopped: 0.0020539 seconds, Stopping threads took: 0.0000454 seconds
2019-02-01T02:34:57.706+0000: 801663.712: Application time: 0.0368925 seconds
2019-02-01T02:34:57.708+0000: 801663.714: Total time for which application threads were stopped: 0.0021149 seconds, Stopping threads took: 0.0000341 seconds
2019-02-01T02:34:57.709+0000: 801663.715: Application time: 0.0014915 seconds
2019-02-01T02:34:57.711+0000: 801663.717: Total time for which application threads were stopped: 0.0019177 seconds, Stopping threads took: 0.0000514 seconds
2019-02-01T02:34:57.752+0000: 801663.758: Application time: 0.0404388 seconds
2019-02-01T02:34:57.754+0000: 801663.760: Total time for which application threads were stopped: 0.0020664 seconds, Stopping threads took: 0.0000420 seconds
2019-02-01T02:34:57.784+0000: 801663.790: Application time: 0.0304513 seconds
2019-02-01T02:34:57.786+0000: 801663.792: Total time for which application threads were stopped: 0.0020853 seconds, Stopping threads took: 0.0000751 seconds
2019-02-01T02:34:57.837+0000: 801663.843: Application time: 0.0505545 seconds
2019-02-01T02:34:57.839+0000: 801663.845: Total time for which application threads were stopped: 0.0021644 seconds, Stopping threads took: 0.0000547 seconds
2019-02-01T02:34:57.850+0000: 801663.855: Application time: 0.0103359 seconds
2019-02-01T02:34:57.851+0000: 801663.857: Total time for which application threads were stopped: 0.0018242 seconds, Stopping threads took: 0.0000492 seconds
2019-02-01T02:34:57.862+0000: 801663.867: Application time: 0.0102694 seconds
2019-02-01T02:34:57.863+0000: 801663.869: Total time for which application threads were stopped: 0.0014761 seconds, Stopping threads took: 0.0000279 seconds
2019-02-01T02:34:58.145+0000: 801664.151: Application time: 0.2819604 seconds
2019-02-01T02:34:58.148+0000: 801664.154: Total time for which application threads were stopped: 0.0031459 seconds, Stopping threads took: 0.0000887 seconds
2019-02-01T02:34:58.159+0000: 801664.164: Application time: 0.0102905 seconds
2019-02-01T02:34:58.161+0000: 801664.166: Total time for which application threads were stopped: 0.0021665 seconds, Stopping threads took: 0.0000367 seconds
2019-02-01T02:34:58.171+0000: 801664.177: Application time: 0.0102894 seconds
2019-02-01T02:34:58.173+0000: 801664.178: Total time for which application threads were stopped: 0.0016565 seconds, Stopping threads took: 0.0000654 seconds
2019-02-01T02:34:58.324+0000: 801664.330: Application time: 0.1511272 seconds
2019-02-01T02:34:58.327+0000: 801664.332: Total time for which application threads were stopped: 0.0029270 seconds, Stopping threads took: 0.0000568 seconds
2019-02-01T02:34:58.405+0000: 801664.411: Application time: 0.0784669 seconds
2019-02-01T02:34:58.408+0000: 801664.414: Total time for which application threads were stopped: 0.0029217 seconds, Stopping threads took: 0.0000690 seconds
2019-02-01T02:34:58.438+0000: 801664.444: Application time: 0.0302849 seconds
2019-02-01T02:34:58.441+0000: 801664.447: Total time for which application threads were stopped: 0.0024110 seconds, Stopping threads took: 0.0000371 seconds
2019-02-01T02:34:58.633+0000: 801664.639: Application time: 0.1922894 seconds
2019-02-01T02:34:58.636+0000: 801664.642: Total time for which application threads were stopped: 0.0032974 seconds, Stopping threads took: 0.0000864 seconds
2019-02-01T02:34:58.667+0000: 801664.673: Application time: 0.0306652 seconds
2019-02-01T02:34:58.670+0000: 801664.675: Total time for which application threads were stopped: 0.0024295 seconds, Stopping threads took: 0.0000382 seconds
2019-02-01T02:34:59.043+0000: 801665.049: Application time: 0.3739323 seconds
2019-02-01T02:34:59.047+0000: 801665.052: Total time for which application threads were stopped: 0.0032633 seconds, Stopping threads took: 0.0000596 seconds
2019-02-01T02:34:59.057+0000: 801665.063: Application time: 0.0104436 seconds
2019-02-01T02:34:59.059+0000: 801665.065: Total time for which application threads were stopped: 0.0022070 seconds, Stopping threads took: 0.0000367 seconds
2019-02-01T02:34:59.070+0000: 801665.076: Application time: 0.0104288 seconds
2019-02-01T02:34:59.072+0000: 801665.078: Total time for which application threads were stopped: 0.0020808 seconds, Stopping threads took: 0.0000757 seconds
2019-02-01T02:34:59.081+0000: 801665.087: Application time: 0.0090352 seconds
2019-02-01T02:34:59.083+0000: 801665.089: Total time for which application threads were stopped: 0.0020650 seconds, Stopping threads took: 0.0000324 seconds
2019-02-01T02:34:59.295+0000: 801665.301: Application time: 0.2118663 seconds
2019-02-01T02:34:59.298+0000: 801665.304: Total time for which application threads were stopped: 0.0032855 seconds, Stopping threads took: 0.0000608 seconds
2019-02-01T02:34:59.309+0000: 801665.314: Application time: 0.0103880 seconds
2019-02-01T02:34:59.311+0000: 801665.317: Total time for which application threads were stopped: 0.0025900 seconds, Stopping threads took: 0.0000462 seconds
2019-02-01T02:34:59.322+0000: 801665.327: Application time: 0.0104410 seconds
2019-02-01T02:34:59.324+0000: 801665.330: Total time for which application threads were stopped: 0.0022801 seconds, Stopping threads took: 0.0000318 seconds
2019-02-01T02:34:59.334+0000: 801665.340: Application time: 0.0103475 seconds
2019-02-01T02:34:59.336+0000: 801665.342: Total time for which application threads were stopped: 0.0020822 seconds, Stopping threads took: 0.0000491 seconds
2019-02-01T02:34:59.347+0000: 801665.352: Application time: 0.0103684 seconds
2019-02-01T02:34:59.349+0000: 801665.355: Total time for which application threads were stopped: 0.0021756 seconds, Stopping threads took: 0.0000837 seconds
2019-02-01T02:34:59.359+0000: 801665.365: Application time: 0.0104028 seconds
2019-02-01T02:34:59.361+0000: 801665.367: Total time for which application threads were stopped: 0.0020283 seconds, Stopping threads took: 0.0001042 seconds
2019-02-01T02:34:59.372+0000: 801665.377: Application time: 0.0103527 seconds
2019-02-01T02:34:59.374+0000: 801665.380: Total time for which application threads were stopped: 0.0020733 seconds, Stopping threads took: 0.0001069 seconds
2019-02-01T02:35:01.906+0000: 801667.912: Application time: 2.5321759 seconds
2019-02-01T02:35:01.909+0000: 801667.915: Total time for which application threads were stopped: 0.0030966 seconds, Stopping threads took: 0.0000463 seconds
2019-02-01T02:35:02.323+0000: 801668.329: Application time: 0.4143089 seconds
2019-02-01T02:35:02.326+0000: 801668.332: Total time for which application threads were stopped: 0.0030082 seconds, Stopping threads took: 0.0001269 seconds
2019-02-01T02:35:02.327+0000: 801668.332: Application time: 0.0001752 seconds
2019-02-01T02:35:02.329+0000: 801668.335: [GC (GCLocker Initiated GC) 2019-02-01T02:35:02.732+0000: 801668.738: [SoftReference, 0 refs, 0.0000277 secs]2019-02-01T02:35:02.732+0000: 801668.738: [WeakReference, 117 refs, 0.0000248 secs]2019-02-01T02:35:02.732+0000: 801668.738: [FinalReference, 2138 refs, 0.0007603 secs]2019-02-01T02:35:02.733+0000: 801668.739: [PhantomReference, 0 refs, 0 refs, 0.0000087 secs]2019-02-01T02:35:02.733+0000: 801668.739: [JNI Weak Reference, 0.0000209 secs]
Desired survivor size 9961472 bytes, new threshold 1 (max 15)
[PSYoungGen: 348029K->8680K(412160K)] 1028983K->692500K(1105920K), 0.4072019 secs] [Times: user=8.12 sys=4.50, real=0.40 secs] 
2019-02-01T02:35:02.736+0000: 801668.742: Total time for which application threads were stopped: 0.4097037 seconds, Stopping threads took: 0.0000880 seconds
2019-02-01T02:35:14.842+0000: 801680.848: Application time: 12.1057990 seconds
2019-02-01T02:35:14.846+0000: 801680.851: [GC (Allocation Failure) 2019-02-01T02:35:15.407+0000: 801681.412: [SoftReference, 0 refs, 0.0000352 secs]2019-02-01T02:35:15.407+0000: 801681.412: [WeakReference, 9 refs, 0.0000133 secs]2019-02-01T02:35:15.407+0000: 801681.412: [FinalReference, 2952 refs, 0.0012413 secs]2019-02-01T02:35:15.408+0000: 801681.414: [PhantomReference, 0 refs, 0 refs, 0.0000070 secs]2019-02-01T02:35:15.408+0000: 801681.414: [JNI Weak Reference, 0.0000122 secs]
Desired survivor size 9961472 bytes, new threshold 1 (max 15)
[PSYoungGen: 411624K->6921K(412672K)] 1095474K->693797K(1106432K), 0.5643387 secs] [Times: user=17.00 sys=1.10, real=0.56 secs] 
2019-02-01T02:35:15.410+0000: 801681.416: Total time for which application threads were stopped: 0.5679971 seconds, Stopping threads took: 0.0000674 seconds
2019-02-01T02:35:27.793+0000: 801693.799: Application time: 12.3831952 seconds
2019-02-01T02:35:27.796+0000: 801693.802: [GC (Allocation Failure) 2019-02-01T02:35:28.187+0000: 801694.193: [SoftReference, 0 refs, 0.0000532 secs]2019-02-01T02:35:28.187+0000: 801694.193: [WeakReference, 41 refs, 0.0000512 secs]2019-02-01T02:35:28.187+0000: 801694.193: [FinalReference, 2775 refs, 0.0011843 secs]2019-02-01T02:35:28.188+0000: 801694.194: [PhantomReference, 0 refs, 0 refs, 0.0000141 secs]2019-02-01T02:35:28.188+0000: 801694.194: [JNI Weak Reference, 0.0000120 secs]
Desired survivor size 12582912 bytes, new threshold 1 (max 15)
[PSYoungGen: 409865K->9713K(485376K)] 1096741K->700371K(1179136K), 0.3935194 secs] [Times: user=9.32 sys=2.65, real=0.39 secs] 
2019-02-01T02:35:28.190+0000: 801694.196: [Full GC (Ergonomics) 2019-02-01T02:35:28.229+0000: 801694.235: [SoftReference, 326 refs, 0.0001110 secs]2019-02-01T02:35:28.229+0000: 801694.235: [WeakReference, 1483 refs, 0.0002037 secs]2019-02-01T02:35:28.230+0000: 801694.235: [FinalReference, 1296 refs, 0.0010109 secs]2019-02-01T02:35:28.231+0000: 801694.236: [PhantomReference, 0 refs, 138 refs, 0.0000236 secs]2019-02-01T02:35:28.231+0000: 801694.236: [JNI Weak Reference, 0.0000207 secs][PSYoungGen: 9713K->0K(485376K)] [ParOldGen: 690658K->642098K(703488K)] 700371K->642098K(1188864K), [Metaspace: 75215K->75215K(1118208K)], 0.1312979 secs] [Times: user=2.05 sys=0.00, real=0.13 secs] 
2019-02-01T02:35:28.322+0000: 801694.327: Total time for which application threads were stopped: 0.5283482 seconds, Stopping threads took: 0.0001018 seconds
2019-02-01T02:35:42.323+0000: 801708.329: Application time: 14.0016005 seconds
2019-02-01T02:35:42.326+0000: 801708.332: Total time for which application threads were stopped: 0.0029338 seconds, Stopping threads took: 0.0000620 seconds
2019-02-01T02:35:43.792+0000: 801709.798: Application time: 1.4661197 seconds
2019-02-01T02:35:44.048+0000: 801710.054: Total time for which application threads were stopped: 0.2560433 seconds, Stopping threads took: 0.2531777 seconds
2019-02-01T02:35:45.893+0000: 801711.899: Application time: 1.8445169 seconds
2019-02-01T02:35:45.896+0000: 801711.901: [GC (Allocation Failure) 2019-02-01T02:35:45.901+0000: 801711.907: [SoftReference, 0 refs, 0.0000523 secs]2019-02-01T02:35:45.901+0000: 801711.907: [WeakReference, 32 refs, 0.0000208 secs]2019-02-01T02:35:45.901+0000: 801711.907: [FinalReference, 3448 refs, 0.0019129 secs]2019-02-01T02:35:45.903+0000: 801711.909: [PhantomReference, 0 refs, 0 refs, 0.0000159 secs]2019-02-01T02:35:45.903+0000: 801711.909: [JNI Weak Reference, 0.0000217 secs]
Desired survivor size 13631488 bytes, new threshold 1 (max 15)
[PSYoungGen: 475648K->10059K(487936K)] 1117746K->652157K(1191424K), 0.0113074 secs] [Times: user=0.10 sys=0.03, real=0.01 secs] 
2019-02-01T02:35:45.907+0000: 801711.913: Total time for which application threads were stopped: 0.0141902 seconds, Stopping threads took: 0.0000886 seconds
2019-02-01T02:35:51.908+0000: 801717.914: Application time: 6.0010021 seconds
2019-02-01T02:35:51.911+0000: 801717.917: Total time for which application threads were stopped: 0.0028089 seconds, Stopping threads took: 0.0000529 seconds
2019-02-01T02:35:57.890+0000: 801723.896: Application time: 5.9789725 seconds
2019-02-01T02:35:57.894+0000: 801723.900: Total time for which application threads were stopped: 0.0040976 seconds, Stopping threads took: 0.0000924 seconds
2019-02-01T02:35:57.904+0000: 801723.910: Application time: 0.0104119 seconds
2019-02-01T02:35:57.907+0000: 801723.912: Total time for which application threads were stopped: 0.0023120 seconds, Stopping threads took: 0.0001513 seconds
2019-02-01T02:35:58.300+0000: 801724.306: Application time: 0.3932805 seconds
2019-02-01T02:35:58.302+0000: 801724.308: Total time for which application threads were stopped: 0.0025305 seconds, Stopping threads took: 0.0000900 seconds
2019-02-01T02:35:59.334+0000: 801725.340: Application time: 1.0317832 seconds
2019-02-01T02:35:59.338+0000: 801725.344: Total time for which application threads were stopped: 0.0036402 seconds, Stopping threads took: 0.0000554 seconds
2019-02-01T02:35:59.348+0000: 801725.354: Application time: 0.0104767 seconds
2019-02-01T02:35:59.350+0000: 801725.356: Total time for which application threads were stopped: 0.0018773 seconds, Stopping threads took: 0.0000427 seconds
2019-02-01T02:35:59.361+0000: 801725.366: Application time: 0.0103798 seconds
2019-02-01T02:35:59.362+0000: 801725.368: Total time for which application threads were stopped: 0.0014281 seconds, Stopping threads took: 0.0001007 seconds
2019-02-01T02:35:59.625+0000: 801725.631: Application time: 0.2627434 seconds
2019-02-01T02:35:59.627+0000: 801725.632: Total time for which application threads were stopped: 0.0017602 seconds, Stopping threads took: 0.0000391 seconds
2019-02-01T02:35:59.637+0000: 801725.643: Application time: 0.0104397 seconds
2019-02-01T02:35:59.639+0000: 801725.644: Total time for which application threads were stopped: 0.0015512 seconds, Stopping threads took: 0.0000310 seconds
2019-02-01T02:35:59.649+0000: 801725.655: Application time: 0.0104005 seconds
2019-02-01T02:35:59.650+0000: 801725.656: Total time for which application threads were stopped: 0.0014703 seconds, Stopping threads took: 0.0000627 seconds
2019-02-01T02:35:59.665+0000: 801725.670: Application time: 0.0140768 seconds
2019-02-01T02:35:59.666+0000: 801725.672: Total time for which application threads were stopped: 0.0014594 seconds, Stopping threads took: 0.0000318 seconds
2019-02-01T02:35:59.676+0000: 801725.682: Application time: 0.0104373 seconds
2019-02-01T02:35:59.678+0000: 801725.684: Total time for which application threads were stopped: 0.0014247 seconds, Stopping threads took: 0.0000397 seconds
2019-02-01T02:36:01.403+0000: 801727.408: Application time: 1.7247226 seconds
2019-02-01T02:36:01.406+0000: 801727.412: Total time for which application threads were stopped: 0.0034263 seconds, Stopping threads took: 0.0000710 seconds
2019-02-01T02:36:01.417+0000: 801727.422: Application time: 0.0105374 seconds
2019-02-01T02:36:01.419+0000: 801727.424: Total time for which application threads were stopped: 0.0020797 seconds, Stopping threads took: 0.0000961 seconds
2019-02-01T02:36:01.906+0000: 801727.912: Application time: 0.4871928 seconds
2019-02-01T02:36:01.910+0000: 801727.915: Total time for which application threads were stopped: 0.0037247 seconds, Stopping threads took: 0.0001204 seconds
2019-02-01T02:36:02.500+0000: 801728.505: Application time: 0.5899289 seconds
2019-02-01T02:36:02.502+0000: 801728.508: Total time for which application threads were stopped: 0.0026429 seconds, Stopping threads took: 0.0000443 seconds
2019-02-01T02:36:02.513+0000: 801728.518: Application time: 0.0104729 seconds
2019-02-01T02:36:02.515+0000: 801728.520: Total time for which application threads were stopped: 0.0019486 seconds, Stopping threads took: 0.0001101 seconds
2019-02-01T02:36:02.525+0000: 801728.531: Application time: 0.0105283 seconds
2019-02-01T02:36:02.527+0000: 801728.533: Total time for which application threads were stopped: 0.0016779 seconds, Stopping threads took: 0.0000745 seconds
2019-02-01T02:36:02.537+0000: 801728.543: Application time: 0.0104513 seconds
2019-02-01T02:36:02.539+0000: 801728.545: Total time for which application threads were stopped: 0.0015992 seconds, Stopping threads took: 0.0000743 seconds
2019-02-01T02:36:02.906+0000: 801728.912: Application time: 0.3669313 seconds
2019-02-01T02:36:02.907+0000: 801728.913: [GC (Allocation Failure) 2019-02-01T02:36:02.913+0000: 801728.919: [SoftReference, 0 refs, 0.0000658 secs]2019-02-01T02:36:02.913+0000: 801728.919: [WeakReference, 188 refs, 0.0000443 secs]2019-02-01T02:36:02.913+0000: 801728.919: [FinalReference, 2983 refs, 0.0015683 secs]2019-02-01T02:36:02.915+0000: 801728.921: [PhantomReference, 0 refs, 0 refs, 0.0000169 secs]2019-02-01T02:36:02.915+0000: 801728.921: [JNI Weak Reference, 0.0000217 secs]
Desired survivor size 14155776 bytes, new threshold 1 (max 15)
[PSYoungGen: 485707K->10234K(572928K)] 1127805K->658356K(1276416K), 0.0109350 secs] [Times: user=0.09 sys=0.03, real=0.02 secs] 
2019-02-01T02:36:02.919+0000: 801728.924: Total time for which application threads were stopped: 0.0127086 seconds, Stopping threads took: 0.0000341 seconds
2019-02-01T02:36:20.738+0000: 801746.744: Application time: 17.8196714 seconds
2019-02-01T02:36:20.741+0000: 801746.747: [GC (Allocation Failure) 2019-02-01T02:36:21.413+0000: 801747.418: [SoftReference, 0 refs, 0.0000467 secs]2019-02-01T02:36:21.413+0000: 801747.418: [WeakReference, 6 refs, 0.0000319 secs]2019-02-01T02:36:21.413+0000: 801747.418: [FinalReference, 4144 refs, 0.0017679 secs]2019-02-01T02:36:21.414+0000: 801747.420: [PhantomReference, 0 refs, 0 refs, 0.0000076 secs]2019-02-01T02:36:21.414+0000: 801747.420: [JNI Weak Reference, 0.0000120 secs]
Desired survivor size 13631488 bytes, new threshold 1 (max 15)
[PSYoungGen: 571386K->8104K(574976K)] 1219508K->658363K(1278464K), 0.6750176 secs] [Times: user=20.25 sys=1.35, real=0.67 secs] 
2019-02-01T02:36:21.416+0000: 801747.422: Total time for which application threads were stopped: 0.6782705 seconds, Stopping threads took: 0.0001534 seconds
2019-02-01T02:36:34.418+0000: 801760.424: Application time: 13.0013765 seconds
2019-02-01T02:36:34.421+0000: 801760.427: Total time for which application threads were stopped: 0.0030161 seconds, Stopping threads took: 0.0000627 seconds
2019-02-01T02:36:41.078+0000: 801767.084: Application time: 6.6573663 seconds
2019-02-01T02:36:41.081+0000: 801767.087: [GC (Allocation Failure) 2019-02-01T02:36:41.086+0000: 801767.092: [SoftReference, 0 refs, 0.0000460 secs]2019-02-01T02:36:41.086+0000: 801767.092: [WeakReference, 12 refs, 0.0000175 secs]2019-02-01T02:36:41.086+0000: 801767.092: [FinalReference, 4037 refs, 0.0019832 secs]2019-02-01T02:36:41.088+0000: 801767.094: [PhantomReference, 0 refs, 0 refs, 0.0000162 secs]2019-02-01T02:36:41.088+0000: 801767.094: [JNI Weak Reference, 0.0000222 secs]
Desired survivor size 13107200 bytes, new threshold 1 (max 15)
[PSYoungGen: 569256K->7734K(670720K)] 1219515K->661880K(1374208K), 0.0100093 secs] [Times: user=0.11 sys=0.01, real=0.01 secs] 
2019-02-01T02:36:41.092+0000: 801767.097: Total time for which application threads were stopped: 0.0133125 seconds, Stopping threads took: 0.0000672 seconds
2019-02-01T02:36:57.117+0000: 801783.123: Application time: 16.0254081 seconds
2019-02-01T02:36:57.120+0000: 801783.126: Total time for which application threads were stopped: 0.0030694 seconds, Stopping threads took: 0.0000697 seconds
2019-02-01T02:36:57.252+0000: 801783.257: Application time: 0.1314853 seconds
2019-02-01T02:36:57.254+0000: 801783.260: Total time for which application threads were stopped: 0.0027689 seconds, Stopping threads took: 0.0000523 seconds
2019-02-01T02:36:57.265+0000: 801783.271: Application time: 0.0104313 seconds
2019-02-01T02:36:57.267+0000: 801783.273: Total time for which application threads were stopped: 0.0021377 seconds, Stopping threads took: 0.0001277 seconds
2019-02-01T02:36:57.338+0000: 801783.344: Application time: 0.0710977 seconds
2019-02-01T02:36:57.340+0000: 801783.345: Total time for which application threads were stopped: 0.0017235 seconds, Stopping threads took: 0.0000443 seconds
2019-02-01T02:36:57.360+0000: 801783.366: Application time: 0.0204998 seconds
2019-02-01T02:36:57.362+0000: 801783.368: Total time for which application threads were stopped: 0.0016534 seconds, Stopping threads took: 0.0000484 seconds
2019-02-01T02:36:57.372+0000: 801783.378: Application time: 0.0104035 seconds
2019-02-01T02:36:57.374+0000: 801783.380: Total time for which application threads were stopped: 0.0016760 seconds, Stopping threads took: 0.0000777 seconds
2019-02-01T02:36:57.425+0000: 801783.431: Application time: 0.0508008 seconds
2019-02-01T02:36:57.426+0000: 801783.432: Total time for which application threads were stopped: 0.0016778 seconds, Stopping threads took: 0.0000427 seconds
2019-02-01T02:36:57.467+0000: 801783.473: Application time: 0.0409444 seconds
2019-02-01T02:36:57.469+0000: 801783.475: Total time for which application threads were stopped: 0.0017219 seconds, Stopping threads took: 0.0000875 seconds
2019-02-01T02:36:57.500+0000: 801783.505: Application time: 0.0305080 seconds
2019-02-01T02:36:57.501+0000: 801783.507: Total time for which application threads were stopped: 0.0016235 seconds, Stopping threads took: 0.0000428 seconds
2019-02-01T02:36:57.512+0000: 801783.517: Application time: 0.0103170 seconds
2019-02-01T02:36:57.513+0000: 801783.519: Total time for which application threads were stopped: 0.0016937 seconds, Stopping threads took: 0.0000670 seconds
2019-02-01T02:36:57.534+0000: 801783.539: Application time: 0.0204231 seconds
2019-02-01T02:36:57.535+0000: 801783.541: Total time for which application threads were stopped: 0.0015954 seconds, Stopping threads took: 0.0000377 seconds
2019-02-01T02:36:57.677+0000: 801783.683: Application time: 0.1417060 seconds
2019-02-01T02:36:57.679+0000: 801783.685: Total time for which application threads were stopped: 0.0017220 seconds, Stopping threads took: 0.0000808 seconds
2019-02-01T02:36:57.709+0000: 801783.715: Application time: 0.0306774 seconds
2019-02-01T02:36:57.711+0000: 801783.717: Total time for which application threads were stopped: 0.0014894 seconds, Stopping threads took: 0.0000446 seconds
2019-02-01T02:36:57.732+0000: 801783.737: Application time: 0.0206546 seconds
2019-02-01T02:36:57.733+0000: 801783.739: Total time for which application threads were stopped: 0.0013800 seconds, Stopping threads took: 0.0000575 seconds
2019-02-01T02:36:57.743+0000: 801783.749: Application time: 0.0104322 seconds
2019-02-01T02:36:57.745+0000: 801783.751: Total time for which application threads were stopped: 0.0016335 seconds, Stopping threads took: 0.0000464 seconds
2019-02-01T02:36:57.755+0000: 801783.761: Application time: 0.0104365 seconds
2019-02-01T02:36:57.757+0000: 801783.763: Total time for which application threads were stopped: 0.0015892 seconds, Stopping threads took: 0.0000572 seconds
2019-02-01T02:36:57.778+0000: 801783.783: Application time: 0.0204824 seconds
2019-02-01T02:36:57.779+0000: 801783.785: Total time for which application threads were stopped: 0.0015825 seconds, Stopping threads took: 0.0000457 seconds
2019-02-01T02:36:57.790+0000: 801783.795: Application time: 0.0104154 seconds
2019-02-01T02:36:57.791+0000: 801783.797: Total time for which application threads were stopped: 0.0016561 seconds, Stopping threads took: 0.0001200 seconds
2019-02-01T02:36:57.802+0000: 801783.807: Application time: 0.0103973 seconds
2019-02-01T02:36:57.803+0000: 801783.809: Total time for which application threads were stopped: 0.0016498 seconds, Stopping threads took: 0.0000365 seconds
2019-02-01T02:36:57.814+0000: 801783.819: Application time: 0.0104441 seconds
2019-02-01T02:36:57.815+0000: 801783.821: Total time for which application threads were stopped: 0.0015494 seconds, Stopping threads took: 0.0000339 seconds
2019-02-01T02:36:57.826+0000: 801783.832: Application time: 0.0104574 seconds
2019-02-01T02:36:57.827+0000: 801783.833: Total time for which application threads were stopped: 0.0016398 seconds, Stopping threads took: 0.0000815 seconds
2019-02-01T02:36:57.838+0000: 801783.844: Application time: 0.0103663 seconds
2019-02-01T02:36:57.839+0000: 801783.845: Total time for which application threads were stopped: 0.0016733 seconds, Stopping threads took: 0.0000721 seconds
2019-02-01T02:36:57.860+0000: 801783.866: Application time: 0.0204739 seconds
2019-02-01T02:36:57.862+0000: 801783.867: Total time for which application threads were stopped: 0.0016908 seconds, Stopping threads took: 0.0000742 seconds
2019-02-01T02:36:57.872+0000: 801783.878: Application time: 0.0106723 seconds
2019-02-01T02:36:57.874+0000: 801783.880: Total time for which application threads were stopped: 0.0015943 seconds, Stopping threads took: 0.0000374 seconds
2019-02-01T02:36:57.894+0000: 801783.900: Application time: 0.0203972 seconds
2019-02-01T02:36:57.896+0000: 801783.902: Total time for which application threads were stopped: 0.0017089 seconds, Stopping threads took: 0.0000769 seconds
2019-02-01T02:36:57.987+0000: 801783.993: Application time: 0.0912527 seconds
2019-02-01T02:36:57.989+0000: 801783.995: Total time for which application threads were stopped: 0.0016826 seconds, Stopping threads took: 0.0000465 seconds
2019-02-01T02:36:58.555+0000: 801784.561: Application time: 0.5659533 seconds
2019-02-01T02:36:58.558+0000: 801784.564: Total time for which application threads were stopped: 0.0030641 seconds, Stopping threads took: 0.0001021 seconds
2019-02-01T02:36:58.568+0000: 801784.574: Application time: 0.0103439 seconds
2019-02-01T02:36:58.571+0000: 801784.577: Total time for which application threads were stopped: 0.0024326 seconds, Stopping threads took: 0.0000469 seconds
2019-02-01T02:36:58.581+0000: 801784.587: Application time: 0.0105440 seconds
2019-02-01T02:36:58.584+0000: 801784.589: Total time for which application threads were stopped: 0.0022666 seconds, Stopping threads took: 0.0000393 seconds
2019-02-01T02:36:59.522+0000: 801785.528: Application time: 0.9387598 seconds
2019-02-01T02:36:59.525+0000: 801785.531: Total time for which application threads were stopped: 0.0031168 seconds, Stopping threads took: 0.0000703 seconds
2019-02-01T02:36:59.536+0000: 801785.542: Application time: 0.0105554 seconds
2019-02-01T02:36:59.538+0000: 801785.544: Total time for which application threads were stopped: 0.0019466 seconds, Stopping threads took: 0.0000407 seconds
2019-02-01T02:36:59.548+0000: 801785.554: Application time: 0.0103882 seconds
2019-02-01T02:36:59.550+0000: 801785.556: Total time for which application threads were stopped: 0.0016673 seconds, Stopping threads took: 0.0000503 seconds
2019-02-01T02:36:59.561+0000: 801785.566: Application time: 0.0105076 seconds
2019-02-01T02:36:59.562+0000: 801785.568: Total time for which application threads were stopped: 0.0015650 seconds, Stopping threads took: 0.0000456 seconds
2019-02-01T02:37:01.906+0000: 801787.911: Application time: 2.3436218 seconds
2019-02-01T02:37:01.909+0000: 801787.915: Total time for which application threads were stopped: 0.0030963 seconds, Stopping threads took: 0.0000647 seconds
2019-02-01T02:37:05.893+0000: 801791.899: Application time: 3.9845631 seconds
2019-02-01T02:37:05.897+0000: 801791.902: [GC (Allocation Failure) 2019-02-01T02:37:05.902+0000: 801791.908: [SoftReference, 0 refs, 0.0000456 secs]2019-02-01T02:37:05.902+0000: 801791.908: [WeakReference, 82 refs, 0.0000279 secs]2019-02-01T02:37:05.902+0000: 801791.908: [FinalReference, 4496 refs, 0.0025831 secs]2019-02-01T02:37:05.905+0000: 801791.911: [PhantomReference, 0 refs, 1 refs, 0.0000165 secs]2019-02-01T02:37:05.905+0000: 801791.911: [JNI Weak Reference, 0.0000250 secs]
Desired survivor size 14155776 bytes, new threshold 1 (max 15)
[PSYoungGen: 669238K->11074K(674304K)] 1323384K->668287K(1377792K), 0.0128852 secs] [Times: user=0.11 sys=0.02, real=0.02 secs] 
2019-02-01T02:37:05.910+0000: 801791.915: Total time for which application threads were stopped: 0.0161685 seconds, Stopping threads took: 0.0000599 seconds
2019-02-01T02:37:33.760+0000: 801819.766: Application time: 27.8505478 seconds
2019-02-01T02:37:33.763+0000: 801819.769: [GC (Allocation Failure) 2019-02-01T02:37:33.769+0000: 801819.775: [SoftReference, 0 refs, 0.0000429 secs]2019-02-01T02:37:33.769+0000: 801819.775: [WeakReference, 33 refs, 0.0000191 secs]2019-02-01T02:37:33.769+0000: 801819.775: [FinalReference, 4295 refs, 0.0022990 secs]2019-02-01T02:37:33.771+0000: 801819.777: [PhantomReference, 0 refs, 0 refs, 0.0000157 secs]2019-02-01T02:37:33.771+0000: 801819.777: [JNI Weak Reference, 0.0000222 secs]
Desired survivor size 14155776 bytes, new threshold 1 (max 15)
[PSYoungGen: 672578K->9670K(780288K)] 1329791K->671126K(1483776K), 0.0116127 secs] [Times: user=0.11 sys=0.02, real=0.01 secs] 
2019-02-01T02:37:33.775+0000: 801819.781: Total time for which application threads were stopped: 0.0147494 seconds, Stopping threads took: 0.0000556 seconds
2019-02-01T02:37:43.159+0000: 801829.164: Application time: 9.3838041 seconds
2019-02-01T02:37:43.162+0000: 801829.167: Total time for which application threads were stopped: 0.0029543 seconds, Stopping threads took: 0.0000539 seconds
2019-02-01T02:37:56.945+0000: 801842.950: Application time: 13.7828588 seconds
2019-02-01T02:37:56.948+0000: 801842.953: Total time for which application threads were stopped: 0.0031620 seconds, Stopping threads took: 0.0000685 seconds
2019-02-01T02:37:56.950+0000: 801842.956: Application time: 0.0027449 seconds
2019-02-01T02:37:56.952+0000: 801842.958: Total time for which application threads were stopped: 0.0019261 seconds, Stopping threads took: 0.0000932 seconds
2019-02-01T02:37:56.963+0000: 801842.969: Application time: 0.0104484 seconds
2019-02-01T02:37:56.965+0000: 801842.970: Total time for which application threads were stopped: 0.0018047 seconds, Stopping threads took: 0.0001351 seconds
2019-02-01T02:37:57.005+0000: 801843.011: Application time: 0.0406816 seconds
2019-02-01T02:37:57.007+0000: 801843.013: Total time for which application threads were stopped: 0.0016955 seconds, Stopping threads took: 0.0000393 seconds
2019-02-01T02:37:57.018+0000: 801843.023: Application time: 0.0105182 seconds
2019-02-01T02:37:57.019+0000: 801843.025: Total time for which application threads were stopped: 0.0017376 seconds, Stopping threads took: 0.0000879 seconds
2019-02-01T02:37:57.080+0000: 801843.086: Application time: 0.0610442 seconds
2019-02-01T02:37:57.082+0000: 801843.088: Total time for which application threads were stopped: 0.0016941 seconds, Stopping threads took: 0.0001309 seconds
2019-02-01T02:37:57.103+0000: 801843.108: Application time: 0.0205138 seconds
2019-02-01T02:37:57.104+0000: 801843.110: Total time for which application threads were stopped: 0.0016493 seconds, Stopping threads took: 0.0000748 seconds
2019-02-01T02:37:57.165+0000: 801843.171: Application time: 0.0608019 seconds
2019-02-01T02:37:57.167+0000: 801843.173: Total time for which application threads were stopped: 0.0017303 seconds, Stopping threads took: 0.0000892 seconds
2019-02-01T02:37:57.176+0000: 801843.182: Application time: 0.0097296 seconds
2019-02-01T02:37:57.178+0000: 801843.184: Total time for which application threads were stopped: 0.0015883 seconds, Stopping threads took: 0.0000531 seconds
2019-02-01T02:37:57.178+0000: 801843.184: Application time: 0.0004013 seconds
2019-02-01T02:37:57.180+0000: 801843.186: Total time for which application threads were stopped: 0.0016966 seconds, Stopping threads took: 0.0001208 seconds
2019-02-01T02:37:57.191+0000: 801843.196: Application time: 0.0103825 seconds
2019-02-01T02:37:57.192+0000: 801843.198: Total time for which application threads were stopped: 0.0016875 seconds, Stopping threads took: 0.0000851 seconds
2019-02-01T02:37:57.449+0000: 801843.455: Application time: 0.2566644 seconds
2019-02-01T02:37:57.451+0000: 801843.456: Total time for which application threads were stopped: 0.0016558 seconds, Stopping threads took: 0.0000321 seconds
2019-02-01T02:37:57.465+0000: 801843.471: Application time: 0.0146789 seconds
2019-02-01T02:37:57.467+0000: 801843.473: Total time for which application threads were stopped: 0.0016861 seconds, Stopping threads took: 0.0000762 seconds
2019-02-01T02:37:57.551+0000: 801843.557: Application time: 0.0844532 seconds
2019-02-01T02:37:57.553+0000: 801843.559: Total time for which application threads were stopped: 0.0016971 seconds, Stopping threads took: 0.0000448 seconds
2019-02-01T02:37:57.900+0000: 801843.906: Application time: 0.3473542 seconds
2019-02-01T02:37:57.904+0000: 801843.910: Total time for which application threads were stopped: 0.0037723 seconds, Stopping threads took: 0.0000615 seconds
2019-02-01T02:37:57.954+0000: 801843.960: Application time: 0.0500130 seconds
2019-02-01T02:37:57.956+0000: 801843.962: Total time for which application threads were stopped: 0.0017506 seconds, Stopping threads took: 0.0000319 seconds
2019-02-01T02:37:58.037+0000: 801844.043: Application time: 0.0808524 seconds
2019-02-01T02:37:58.039+0000: 801844.044: Total time for which application threads were stopped: 0.0016660 seconds, Stopping threads took: 0.0000449 seconds
2019-02-01T02:37:58.089+0000: 801844.095: Application time: 0.0507489 seconds
2019-02-01T02:37:58.091+0000: 801844.097: Total time for which application threads were stopped: 0.0015812 seconds, Stopping threads took: 0.0000418 seconds
2019-02-01T02:37:58.101+0000: 801844.107: Application time: 0.0104863 seconds
2019-02-01T02:37:58.103+0000: 801844.108: Total time for which application threads were stopped: 0.0013290 seconds, Stopping threads took: 0.0000383 seconds
2019-02-01T02:37:58.164+0000: 801844.169: Application time: 0.0610065 seconds
2019-02-01T02:37:58.165+0000: 801844.171: Total time for which application threads were stopped: 0.0016228 seconds, Stopping threads took: 0.0000611 seconds
2019-02-01T02:37:58.196+0000: 801844.202: Application time: 0.0308336 seconds
2019-02-01T02:37:58.198+0000: 801844.204: Total time for which application threads were stopped: 0.0016548 seconds, Stopping threads took: 0.0000592 seconds
2019-02-01T02:37:58.218+0000: 801844.224: Application time: 0.0206396 seconds
2019-02-01T02:37:58.220+0000: 801844.226: Total time for which application threads were stopped: 0.0015865 seconds, Stopping threads took: 0.0000568 seconds
2019-02-01T02:37:58.241+0000: 801844.246: Application time: 0.0205306 seconds
2019-02-01T02:37:58.242+0000: 801844.248: Total time for which application threads were stopped: 0.0016509 seconds, Stopping threads took: 0.0000796 seconds
2019-02-01T02:37:58.253+0000: 801844.259: Application time: 0.0105699 seconds
2019-02-01T02:37:58.255+0000: 801844.261: Total time for which application threads were stopped: 0.0021228 seconds, Stopping threads took: 0.0000972 seconds
2019-02-01T02:37:58.397+0000: 801844.402: Application time: 0.1416118 seconds
2019-02-01T02:37:58.398+0000: 801844.404: Total time for which application threads were stopped: 0.0019013 seconds, Stopping threads took: 0.0000420 seconds
2019-02-01T02:37:58.409+0000: 801844.415: Application time: 0.0104092 seconds
2019-02-01T02:37:58.411+0000: 801844.416: Total time for which application threads were stopped: 0.0016689 seconds, Stopping threads took: 0.0000381 seconds
2019-02-01T02:37:58.421+0000: 801844.427: Application time: 0.0104194 seconds
2019-02-01T02:37:58.423+0000: 801844.428: Total time for which application threads were stopped: 0.0016353 seconds, Stopping threads took: 0.0000372 seconds
2019-02-01T02:37:58.433+0000: 801844.439: Application time: 0.0103718 seconds
2019-02-01T02:37:58.435+0000: 801844.440: Total time for which application threads were stopped: 0.0015886 seconds, Stopping threads took: 0.0000342 seconds
2019-02-01T02:37:58.697+0000: 801844.703: Application time: 0.2629160 seconds
2019-02-01T02:37:58.699+0000: 801844.705: Total time for which application threads were stopped: 0.0016410 seconds, Stopping threads took: 0.0000876 seconds
2019-02-01T02:37:58.770+0000: 801844.776: Application time: 0.0710763 seconds
2019-02-01T02:37:58.772+0000: 801844.778: Total time for which application threads were stopped: 0.0016253 seconds, Stopping threads took: 0.0000451 seconds
2019-02-01T02:37:58.782+0000: 801844.788: Application time: 0.0104777 seconds
2019-02-01T02:37:58.784+0000: 801844.790: Total time for which application threads were stopped: 0.0016139 seconds, Stopping threads took: 0.0000416 seconds
2019-02-01T02:37:59.158+0000: 801845.164: Application time: 0.3737614 seconds
2019-02-01T02:37:59.159+0000: 801845.165: Total time for which application threads were stopped: 0.0017022 seconds, Stopping threads took: 0.0000330 seconds
2019-02-01T02:37:59.291+0000: 801845.297: Application time: 0.1314396 seconds
2019-02-01T02:37:59.293+0000: 801845.298: Total time for which application threads were stopped: 0.0016568 seconds, Stopping threads took: 0.0000504 seconds
2019-02-01T02:37:59.296+0000: 801845.302: Application time: 0.0036895 seconds
2019-02-01T02:37:59.298+0000: 801845.304: Total time for which application threads were stopped: 0.0016054 seconds, Stopping threads took: 0.0000882 seconds
2019-02-01T02:37:59.368+0000: 801845.374: Application time: 0.0704702 seconds
2019-02-01T02:37:59.370+0000: 801845.376: Total time for which application threads were stopped: 0.0016270 seconds, Stopping threads took: 0.0000353 seconds
2019-02-01T02:38:00.262+0000: 801846.268: Application time: 0.8918126 seconds
2019-02-01T02:38:00.264+0000: 801846.270: Total time for which application threads were stopped: 0.0019689 seconds, Stopping threads took: 0.0000869 seconds
2019-02-01T02:38:00.320+0000: 801846.326: Application time: 0.0559915 seconds
2019-02-01T02:38:00.321+0000: 801846.327: Total time for which application threads were stopped: 0.0017134 seconds, Stopping threads took: 0.0001022 seconds
2019-02-01T02:38:02.052+0000: 801848.058: Application time: 1.7307372 seconds
2019-02-01T02:38:02.932+0000: 801848.937: Total time for which application threads were stopped: 0.8794108 seconds, Stopping threads took: 0.8764188 seconds
2019-02-01T02:38:02.932+0000: 801848.937: Application time: 0.0000815 seconds
2019-02-01T02:38:02.934+0000: 801848.939: Total time for which application threads were stopped: 0.0018988 seconds, Stopping threads took: 0.0001336 seconds
2019-02-01T02:38:02.937+0000: 801848.943: Application time: 0.0035869 seconds
2019-02-01T02:38:02.940+0000: 801848.946: Total time for which application threads were stopped: 0.0025734 seconds, Stopping threads took: 0.0000916 seconds
2019-02-01T02:38:04.209+0000: 801850.214: Application time: 1.2688379 seconds
2019-02-01T02:38:04.211+0000: 801850.217: [GC (Allocation Failure) 2019-02-01T02:38:04.218+0000: 801850.224: [SoftReference, 0 refs, 0.0000413 secs]2019-02-01T02:38:04.218+0000: 801850.224: [WeakReference, 76 refs, 0.0000262 secs]2019-02-01T02:38:04.218+0000: 801850.224: [FinalReference, 5121 refs, 0.0022184 secs]2019-02-01T02:38:04.221+0000: 801850.226: [PhantomReference, 0 refs, 0 refs, 0.0000147 secs]2019-02-01T02:38:04.221+0000: 801850.226: [JNI Weak Reference, 0.0000217 secs]
Desired survivor size 14680064 bytes, new threshold 1 (max 15)
[PSYoungGen: 780230K->11298K(785408K)] 1441686K->676097K(1488896K), 0.0124917 secs] [Times: user=0.14 sys=0.02, real=0.01 secs] 
2019-02-01T02:38:04.224+0000: 801850.230: Total time for which application threads were stopped: 0.0153145 seconds, Stopping threads took: 0.0000895 seconds
2019-02-01T02:38:06.641+0000: 801852.646: Application time: 2.4167074 seconds
2019-02-01T02:38:06.644+0000: 801852.649: Total time for which application threads were stopped: 0.0030539 seconds, Stopping threads took: 0.0000570 seconds
2019-02-01T02:38:06.644+0000: 801852.650: Application time: 0.0000609 seconds
2019-02-01T02:38:06.646+0000: 801852.651: Total time for which application threads were stopped: 0.0018802 seconds, Stopping threads took: 0.0000724 seconds
2019-02-01T02:38:34.811+0000: 801880.817: Application time: 28.1652794 seconds
2019-02-01T02:38:34.814+0000: 801880.820: [GC (Allocation Failure) 2019-02-01T02:38:34.821+0000: 801880.827: [SoftReference, 0 refs, 0.0000488 secs]2019-02-01T02:38:34.821+0000: 801880.827: [WeakReference, 22 refs, 0.0000200 secs]2019-02-01T02:38:34.821+0000: 801880.827: [FinalReference, 5138 refs, 0.0025209 secs]2019-02-01T02:38:34.823+0000: 801880.829: [PhantomReference, 0 refs, 0 refs, 0.0000156 secs]2019-02-01T02:38:34.823+0000: 801880.829: [JNI Weak Reference, 0.0000216 secs]
Desired survivor size 14680064 bytes, new threshold 1 (max 15)
[PSYoungGen: 782882K->9549K(745472K)] 1447681K->678557K(1448960K), 0.0127766 secs] [Times: user=0.15 sys=0.02, real=0.01 secs] 
2019-02-01T02:38:34.827+0000: 801880.833: Total time for which application threads were stopped: 0.0158870 seconds, Stopping threads took: 0.0000586 seconds
2019-02-01T02:38:57.016+0000: 801903.022: Application time: 22.1896332 seconds
2019-02-01T02:38:57.020+0000: 801903.026: Total time for which application threads were stopped: 0.0034649 seconds, Stopping threads took: 0.0001811 seconds
2019-02-01T02:38:57.120+0000: 801903.126: Application time: 0.1000384 seconds
2019-02-01T02:38:57.122+0000: 801903.128: Total time for which application threads were stopped: 0.0021428 seconds, Stopping threads took: 0.0000366 seconds
2019-02-01T02:38:57.122+0000: 801903.128: Application time: 0.0000687 seconds
2019-02-01T02:38:57.124+0000: 801903.130: Total time for which application threads were stopped: 0.0017334 seconds, Stopping threads took: 0.0000390 seconds
2019-02-01T02:38:57.520+0000: 801903.526: Application time: 0.3959387 seconds
2019-02-01T02:38:57.522+0000: 801903.528: Total time for which application threads were stopped: 0.0020639 seconds, Stopping threads took: 0.0000422 seconds
2019-02-01T02:38:57.651+0000: 801903.657: Application time: 0.1288338 seconds
2019-02-01T02:38:57.653+0000: 801903.658: Total time for which application threads were stopped: 0.0018208 seconds, Stopping threads took: 0.0000345 seconds
2019-02-01T02:38:57.922+0000: 801903.928: Application time: 0.2691295 seconds
2019-02-01T02:38:57.924+0000: 801903.930: Total time for which application threads were stopped: 0.0020862 seconds, Stopping threads took: 0.0000962 seconds
2019-02-01T02:38:58.125+0000: 801904.130: Application time: 0.2006916 seconds
2019-02-01T02:38:58.127+0000: 801904.132: Total time for which application threads were stopped: 0.0019744 seconds, Stopping threads took: 0.0000871 seconds
2019-02-01T02:38:58.227+0000: 801904.233: Application time: 0.1006023 seconds
2019-02-01T02:38:58.229+0000: 801904.235: Total time for which application threads were stopped: 0.0023452 seconds, Stopping threads took: 0.0000889 seconds
2019-02-01T02:38:58.277+0000: 801904.283: Application time: 0.0473307 seconds
2019-02-01T02:38:58.279+0000: 801904.285: Total time for which application threads were stopped: 0.0023735 seconds, Stopping threads took: 0.0000404 seconds
2019-02-01T02:38:59.069+0000: 801905.075: Application time: 0.7897730 seconds
2019-02-01T02:38:59.072+0000: 801905.077: Total time for which application threads were stopped: 0.0025880 seconds, Stopping threads took: 0.0000443 seconds
2019-02-01T02:38:59.277+0000: 801905.282: Application time: 0.2049650 seconds
2019-02-01T02:38:59.278+0000: 801905.284: Total time for which application threads were stopped: 0.0016318 seconds, Stopping threads took: 0.0000367 seconds
2019-02-01T02:39:01.634+0000: 801907.639: Application time: 2.3555273 seconds
2019-02-01T02:39:01.636+0000: 801907.642: Total time for which application threads were stopped: 0.0025911 seconds, Stopping threads took: 0.0000624 seconds
2019-02-01T02:39:01.636+0000: 801907.642: Application time: 0.0000739 seconds
2019-02-01T02:39:01.638+0000: 801907.644: Total time for which application threads were stopped: 0.0015104 seconds, Stopping threads took: 0.0000256 seconds
2019-02-01T02:39:01.907+0000: 801907.912: Application time: 0.2687622 seconds
2019-02-01T02:39:01.910+0000: 801907.915: Total time for which application threads were stopped: 0.0030643 seconds, Stopping threads took: 0.0000594 seconds
2019-02-01T02:39:02.034+0000: 801908.040: Application time: 0.1244575 seconds
2019-02-01T02:39:02.037+0000: 801908.043: Total time for which application threads were stopped: 0.0028950 seconds, Stopping threads took: 0.0000559 seconds
2019-02-01T02:39:02.037+0000: 801908.043: Application time: 0.0002150 seconds
2019-02-01T02:39:02.039+0000: 801908.045: [GC (GCLocker Initiated GC) 2019-02-01T02:39:02.046+0000: 801908.052: [SoftReference, 0 refs, 0.0000617 secs]2019-02-01T02:39:02.046+0000: 801908.052: [WeakReference, 36 refs, 0.0000211 secs]2019-02-01T02:39:02.047+0000: 801908.052: [FinalReference, 5148 refs, 0.0027990 secs]2019-02-01T02:39:02.049+0000: 801908.055: [PhantomReference, 0 refs, 1 refs, 0.0000200 secs]2019-02-01T02:39:02.049+0000: 801908.055: [JNI Weak Reference, 0.0000227 secs]
Desired survivor size 15728640 bytes, new threshold 1 (max 15)
[PSYoungGen: 745293K->12216K(714240K)] 1414306K->685485K(1417728K), 0.0147109 secs] [Times: user=0.13 sys=0.03, real=0.01 secs] 
2019-02-01T02:39:02.054+0000: 801908.060: Total time for which application threads were stopped: 0.0170284 seconds, Stopping threads took: 0.0001476 seconds
2019-02-01T02:39:02.255+0000: 801908.261: Application time: 0.2006138 seconds
2019-02-01T02:39:02.258+0000: 801908.264: Total time for which application threads were stopped: 0.0031028 seconds, Stopping threads took: 0.0000578 seconds
2019-02-01T02:39:02.258+0000: 801908.264: Application time: 0.0001109 seconds
2019-02-01T02:39:02.260+0000: 801908.266: Total time for which application threads were stopped: 0.0021648 seconds, Stopping threads took: 0.0001172 seconds
2019-02-01T02:39:03.562+0000: 801909.567: Application time: 1.3012367 seconds
2019-02-01T02:39:03.564+0000: 801909.570: Total time for which application threads were stopped: 0.0021828 seconds, Stopping threads took: 0.0000386 seconds
2019-02-01T02:39:03.564+0000: 801909.570: Application time: 0.0000940 seconds
2019-02-01T02:39:03.566+0000: 801909.571: Total time for which application threads were stopped: 0.0016891 seconds, Stopping threads took: 0.0000245 seconds
2019-02-01T02:39:06.566+0000: 801912.572: Application time: 3.0003593 seconds
2019-02-01T02:39:06.569+0000: 801912.575: Total time for which application threads were stopped: 0.0029099 seconds, Stopping threads took: 0.0000984 seconds
2019-02-01T02:39:07.871+0000: 801913.877: Application time: 1.3025255 seconds
2019-02-01T02:39:07.874+0000: 801913.880: Total time for which application threads were stopped: 0.0028364 seconds, Stopping threads took: 0.0000524 seconds
2019-02-01T02:39:07.874+0000: 801913.880: Application time: 0.0000546 seconds
2019-02-01T02:39:07.876+0000: 801913.882: Total time for which application threads were stopped: 0.0019759 seconds, Stopping threads took: 0.0000263 seconds
2019-02-01T02:39:18.802+0000: 801924.807: Application time: 10.9254645 seconds
2019-02-01T02:39:18.805+0000: 801924.811: Total time for which application threads were stopped: 0.0031445 seconds, Stopping threads took: 0.0001461 seconds
2019-02-01T02:39:22.193+0000: 801928.199: Application time: 3.3881037 seconds
2019-02-01T02:39:22.196+0000: 801928.202: Total time for which application threads were stopped: 0.0029890 seconds, Stopping threads took: 0.0000587 seconds
2019-02-01T02:39:22.196+0000: 801928.202: Application time: 0.0000787 seconds
2019-02-01T02:39:22.198+0000: 801928.204: Total time for which application threads were stopped: 0.0020152 seconds, Stopping threads took: 0.0000299 seconds
2019-02-01T02:39:22.599+0000: 801928.605: Application time: 0.4011412 seconds
2019-02-01T02:39:22.602+0000: 801928.608: Total time for which application threads were stopped: 0.0031111 seconds, Stopping threads took: 0.0000731 seconds
2019-02-01T02:39:22.602+0000: 801928.608: Application time: 0.0000893 seconds
2019-02-01T02:39:22.604+0000: 801928.610: Total time for which application threads were stopped: 0.0019510 seconds, Stopping threads took: 0.0000413 seconds
2019-02-01T02:39:23.056+0000: 801929.061: Application time: 0.4512439 seconds
2019-02-01T02:39:23.058+0000: 801929.064: Total time for which application threads were stopped: 0.0027133 seconds, Stopping threads took: 0.0001627 seconds
2019-02-01T02:39:26.806+0000: 801932.812: Application time: 3.7477324 seconds
2019-02-01T02:39:26.809+0000: 801932.815: [GC (Allocation Failure) 2019-02-01T02:39:26.817+0000: 801932.823: [SoftReference, 0 refs, 0.0000545 secs]2019-02-01T02:39:26.817+0000: 801932.823: [WeakReference, 30 refs, 0.0000212 secs]2019-02-01T02:39:26.817+0000: 801932.823: [FinalReference, 1193 refs, 0.0005023 secs]2019-02-01T02:39:26.818+0000: 801932.824: [PhantomReference, 0 refs, 0 refs, 0.0000163 secs]2019-02-01T02:39:26.818+0000: 801932.824: [JNI Weak Reference, 0.0000226 secs]
Desired survivor size 17301504 bytes, new threshold 1 (max 15)
[PSYoungGen: 714168K->7166K(676864K)] 1387439K->687828K(1380352K), 0.0118879 secs] [Times: user=0.17 sys=0.01, real=0.02 secs] 
2019-02-01T02:39:26.821+0000: 801932.827: Total time for which application threads were stopped: 0.0150694 seconds, Stopping threads took: 0.0000546 seconds
2019-02-01T02:39:43.305+0000: 801949.311: Application time: 16.4839723 seconds
2019-02-01T02:39:43.308+0000: 801949.313: Total time for which application threads were stopped: 0.0024928 seconds, Stopping threads took: 0.0000450 seconds
2019-02-01T02:39:47.453+0000: 801953.459: Application time: 4.1453932 seconds
2019-02-01T02:39:47.455+0000: 801953.461: Total time for which application threads were stopped: 0.0024713 seconds, Stopping threads took: 0.0001189 seconds
2019-02-01T02:39:47.456+0000: 801953.461: Application time: 0.0000865 seconds
2019-02-01T02:39:47.457+0000: 801953.463: [GC (GCLocker Initiated GC) 2019-02-01T02:39:47.463+0000: 801953.469: [SoftReference, 0 refs, 0.0000425 secs]2019-02-01T02:39:47.463+0000: 801953.469: [WeakReference, 48 refs, 0.0000216 secs]2019-02-01T02:39:47.463+0000: 801953.469: [FinalReference, 5085 refs, 0.0015664 secs]2019-02-01T02:39:47.465+0000: 801953.471: [PhantomReference, 0 refs, 0 refs, 0.0000088 secs]2019-02-01T02:39:47.465+0000: 801953.471: [JNI Weak Reference, 0.0000121 secs]
Desired survivor size 18350080 bytes, new threshold 1 (max 15)
[PSYoungGen: 676862K->14160K(653312K)] 1357524K->698626K(1356800K), 0.0110457 secs] [Times: user=0.11 sys=0.03, real=0.01 secs] 
2019-02-01T02:39:47.468+0000: 801953.474: Total time for which application threads were stopped: 0.0124188 seconds, Stopping threads took: 0.0000412 seconds
2019-02-01T02:39:56.964+0000: 801962.970: Application time: 9.4962325 seconds
2019-02-01T02:39:56.968+0000: 801962.974: Total time for which application threads were stopped: 0.0042704 seconds, Stopping threads took: 0.0000784 seconds
2019-02-01T02:39:56.969+0000: 801962.974: Application time: 0.0001090 seconds
2019-02-01T02:39:56.971+0000: 801962.977: Total time for which application threads were stopped: 0.0023629 seconds, Stopping threads took: 0.0000999 seconds
2019-02-01T02:39:58.324+0000: 801964.329: Application time: 1.3525930 seconds
2019-02-01T02:39:58.327+0000: 801964.333: Total time for which application threads were stopped: 0.0037718 seconds, Stopping threads took: 0.0001211 seconds
2019-02-01T02:39:58.574+0000: 801964.580: Application time: 0.2468357 seconds
2019-02-01T02:39:58.577+0000: 801964.583: Total time for which application threads were stopped: 0.0027573 seconds, Stopping threads took: 0.0000959 seconds
2019-02-01T02:39:58.577+0000: 801964.583: Application time: 0.0001072 seconds
2019-02-01T02:39:58.579+0000: 801964.585: Total time for which application threads were stopped: 0.0019497 seconds, Stopping threads took: 0.0000297 seconds
2019-02-01T02:39:58.679+0000: 801964.685: Application time: 0.1003467 seconds
2019-02-01T02:39:58.681+0000: 801964.687: Total time for which application threads were stopped: 0.0018391 seconds, Stopping threads took: 0.0000463 seconds
2019-02-01T02:39:58.782+0000: 801964.787: Application time: 0.1004664 seconds
2019-02-01T02:39:58.784+0000: 801964.789: Total time for which application threads were stopped: 0.0019155 seconds, Stopping threads took: 0.0000410 seconds
2019-02-01T02:39:58.784+0000: 801964.789: Application time: 0.0001067 seconds
2019-02-01T02:39:58.786+0000: 801964.791: Total time for which application threads were stopped: 0.0019411 seconds, Stopping threads took: 0.0001163 seconds
2019-02-01T02:39:58.886+0000: 801964.892: Application time: 0.1005637 seconds
2019-02-01T02:39:58.888+0000: 801964.894: Total time for which application threads were stopped: 0.0019138 seconds, Stopping threads took: 0.0000477 seconds
2019-02-01T02:39:58.888+0000: 801964.894: Application time: 0.0001052 seconds
2019-02-01T02:39:58.890+0000: 801964.896: Total time for which application threads were stopped: 0.0018890 seconds, Stopping threads took: 0.0000767 seconds
2019-02-01T02:39:59.291+0000: 801965.297: Application time: 0.4007707 seconds
2019-02-01T02:39:59.293+0000: 801965.299: Total time for which application threads were stopped: 0.0020100 seconds, Stopping threads took: 0.0000424 seconds
2019-02-01T02:39:59.293+0000: 801965.299: Application time: 0.0001173 seconds
2019-02-01T02:39:59.295+0000: 801965.301: Total time for which application threads were stopped: 0.0018895 seconds, Stopping threads took: 0.0000797 seconds
2019-02-01T02:39:59.538+0000: 801965.543: Application time: 0.2426643 seconds
2019-02-01T02:39:59.539+0000: 801965.545: Total time for which application threads were stopped: 0.0018047 seconds, Stopping threads took: 0.0000482 seconds
2019-02-01T02:39:59.695+0000: 801965.701: Application time: 0.1557057 seconds
2019-02-01T02:39:59.697+0000: 801965.703: Total time for which application threads were stopped: 0.0018041 seconds, Stopping threads took: 0.0000435 seconds
2019-02-01T02:39:59.697+0000: 801965.703: Application time: 0.0001068 seconds
2019-02-01T02:39:59.699+0000: 801965.705: Total time for which application threads were stopped: 0.0017251 seconds, Stopping threads took: 0.0000296 seconds
2019-02-01T02:40:00.399+0000: 801966.405: Application time: 0.7004323 seconds
2019-02-01T02:40:00.401+0000: 801966.407: Total time for which application threads were stopped: 0.0017910 seconds, Stopping threads took: 0.0000395 seconds
2019-02-01T02:40:00.401+0000: 801966.407: Application time: 0.0000970 seconds
2019-02-01T02:40:00.402+0000: 801966.408: Total time for which application threads were stopped: 0.0013603 seconds, Stopping threads took: 0.0000841 seconds
2019-02-01T02:40:01.907+0000: 801967.912: Application time: 1.5041283 seconds
2019-02-01T02:40:01.910+0000: 801967.915: Total time for which application threads were stopped: 0.0029598 seconds, Stopping threads took: 0.0000572 seconds
2019-02-01T02:40:02.106+0000: 801968.112: Application time: 0.1964124 seconds
2019-02-01T02:40:02.109+0000: 801968.115: Total time for which application threads were stopped: 0.0032430 seconds, Stopping threads took: 0.0000657 seconds
2019-02-01T02:40:02.109+0000: 801968.115: Application time: 0.0000922 seconds
2019-02-01T02:40:02.111+0000: 801968.117: Total time for which application threads were stopped: 0.0020686 seconds, Stopping threads took: 0.0000917 seconds
2019-02-01T02:40:07.018+0000: 801973.024: Application time: 4.9063791 seconds
2019-02-01T02:40:07.025+0000: 801973.031: Total time for which application threads were stopped: 0.0076071 seconds, Stopping threads took: 0.0000897 seconds
2019-02-01T02:40:07.026+0000: 801973.031: Application time: 0.0001300 seconds
2019-02-01T02:40:07.028+0000: 801973.034: Total time for which application threads were stopped: 0.0028045 seconds, Stopping threads took: 0.0000981 seconds
2019-02-01T02:40:07.429+0000: 801973.435: Application time: 0.4004781 seconds
2019-02-01T02:40:07.432+0000: 801973.438: Total time for which application threads were stopped: 0.0032790 seconds, Stopping threads took: 0.0000538 seconds
2019-02-01T02:40:07.984+0000: 801973.989: Application time: 0.5515028 seconds
2019-02-01T02:40:07.986+0000: 801973.992: Total time for which application threads were stopped: 0.0026626 seconds, Stopping threads took: 0.0001057 seconds
2019-02-01T02:40:08.023+0000: 801974.029: Application time: 0.0369786 seconds
2019-02-01T02:40:08.025+0000: 801974.031: Total time for which application threads were stopped: 0.0019395 seconds, Stopping threads took: 0.0000502 seconds
2019-02-01T02:40:08.025+0000: 801974.031: Application time: 0.0001329 seconds
2019-02-01T02:40:08.027+0000: 801974.033: [GC (GCLocker Initiated GC) 2019-02-01T02:40:08.035+0000: 801974.040: [SoftReference, 0 refs, 0.0000702 secs]2019-02-01T02:40:08.035+0000: 801974.040: [WeakReference, 58 refs, 0.0000283 secs]2019-02-01T02:40:08.035+0000: 801974.040: [FinalReference, 2822 refs, 0.0014648 secs]2019-02-01T02:40:08.036+0000: 801974.042: [PhantomReference, 0 refs, 0 refs, 0.0000177 secs]2019-02-01T02:40:08.036+0000: 801974.042: [JNI Weak Reference, 0.0000238 secs]
Desired survivor size 20447232 bytes, new threshold 1 (max 15)
[PSYoungGen: 653136K->12791K(622592K)] 1337606K->703159K(1326080K), 0.0124913 secs] [Times: user=0.16 sys=0.00, real=0.01 secs] 
2019-02-01T02:40:08.040+0000: 801974.046: Total time for which application threads were stopped: 0.0145067 seconds, Stopping threads took: 0.0000868 seconds
2019-02-01T02:40:08.040+0000: 801974.046: Application time: 0.0001950 seconds
2019-02-01T02:40:08.044+0000: 801974.050: Total time for which application threads were stopped: 0.0040068 seconds, Stopping threads took: 0.0002081 seconds
2019-02-01T02:40:08.059+0000: 801974.064: Application time: 0.0145404 seconds
2019-02-01T02:40:08.061+0000: 801974.067: Total time for which application threads were stopped: 0.0022993 seconds, Stopping threads took: 0.0000504 seconds
2019-02-01T02:40:09.239+0000: 801975.245: Application time: 1.1778885 seconds
2019-02-01T02:40:09.241+0000: 801975.247: Total time for which application threads were stopped: 0.0020294 seconds, Stopping threads took: 0.0000467 seconds
2019-02-01T02:40:27.253+0000: 801993.259: Application time: 18.0122584 seconds
2019-02-01T02:40:27.257+0000: 801993.263: [GC (Allocation Failure) 2019-02-01T02:40:27.265+0000: 801993.271: [SoftReference, 0 refs, 0.0000512 secs]2019-02-01T02:40:27.265+0000: 801993.271: [WeakReference, 26 refs, 0.0000158 secs]2019-02-01T02:40:27.265+0000: 801993.271: [FinalReference, 4242 refs, 0.0016758 secs]2019-02-01T02:40:27.267+0000: 801993.273: [PhantomReference, 0 refs, 0 refs, 0.0000099 secs]2019-02-01T02:40:27.267+0000: 801993.273: [JNI Weak Reference, 0.0000151 secs]
Desired survivor size 19922944 bytes, new threshold 2 (max 15)
[PSYoungGen: 622583K->9464K(591872K)] 1312955K->705379K(1295360K), 0.0138246 secs] [Times: user=0.15 sys=0.03, real=0.02 secs] 
2019-02-01T02:40:27.271+0000: 801993.277: [Full GC (Ergonomics) 2019-02-01T02:40:27.320+0000: 801993.326: [SoftReference, 199 refs, 0.0001170 secs]2019-02-01T02:40:27.320+0000: 801993.326: [WeakReference, 1379 refs, 0.0002569 secs]2019-02-01T02:40:27.320+0000: 801993.326: [FinalReference, 6871 refs, 0.0037576 secs]2019-02-01T02:40:27.324+0000: 801993.330: [PhantomReference, 0 refs, 139 refs, 0.0000279 secs]2019-02-01T02:40:27.324+0000: 801993.330: [JNI Weak Reference, 0.0000247 secs][PSYoungGen: 9464K->0K(591872K)] [ParOldGen: 695915K->639237K(704512K)] 705379K->639237K(1296384K), [Metaspace: 75215K->75215K(1118208K)], 0.1611221 secs] [Times: user=2.57 sys=0.00, real=0.16 secs] 
2019-02-01T02:40:27.433+0000: 801993.438: Total time for which application threads were stopped: 0.1794492 seconds, Stopping threads took: 0.0001102 seconds
2019-02-01T02:40:48.066+0000: 802014.072: Application time: 20.6339249 seconds
2019-02-01T02:40:48.071+0000: 802014.076: Total time for which application threads were stopped: 0.0042769 seconds, Stopping threads took: 0.0000772 seconds
2019-02-01T02:40:48.071+0000: 802014.077: Application time: 0.0000941 seconds
2019-02-01T02:40:48.073+0000: 802014.079: Total time for which application threads were stopped: 0.0025271 seconds, Stopping threads took: 0.0001368 seconds
2019-02-01T02:40:49.049+0000: 802015.055: Application time: 0.9758637 seconds
2019-02-01T02:40:49.052+0000: 802015.058: Total time for which application threads were stopped: 0.0025413 seconds, Stopping threads took: 0.0000896 seconds
2019-02-01T02:40:49.052+0000: 802015.058: Application time: 0.0001156 seconds
2019-02-01T02:40:49.054+0000: 802015.060: Total time for which application threads were stopped: 0.0021635 seconds, Stopping threads took: 0.0001211 seconds
2019-02-01T02:40:49.054+0000: 802015.060: Application time: 0.0001122 seconds
2019-02-01T02:40:49.056+0000: 802015.062: Total time for which application threads were stopped: 0.0018862 seconds, Stopping threads took: 0.0001068 seconds
2019-02-01T02:40:49.057+0000: 802015.063: Application time: 0.0013898 seconds
2019-02-01T02:40:49.059+0000: 802015.065: Total time for which application threads were stopped: 0.0017624 seconds, Stopping threads took: 0.0000898 seconds
2019-02-01T02:40:49.059+0000: 802015.065: Application time: 0.0001085 seconds
2019-02-01T02:40:49.061+0000: 802015.067: Total time for which application threads were stopped: 0.0017961 seconds, Stopping threads took: 0.0001263 seconds
2019-02-01T02:40:49.589+0000: 802015.595: Application time: 0.5279901 seconds
2019-02-01T02:40:49.592+0000: 802015.598: [GC (Allocation Failure) 2019-02-01T02:40:49.601+0000: 802015.607: [SoftReference, 0 refs, 0.0000666 secs]2019-02-01T02:40:49.601+0000: 802015.607: [WeakReference, 21 refs, 0.0000216 secs]2019-02-01T02:40:49.601+0000: 802015.607: [FinalReference, 3769 refs, 0.0018628 secs]2019-02-01T02:40:49.603+0000: 802015.608: [PhantomReference, 0 refs, 1 refs, 0.0000180 secs]2019-02-01T02:40:49.603+0000: 802015.608: [JNI Weak Reference, 0.0000225 secs]
Desired survivor size 19922944 bytes, new threshold 3 (max 15)
[PSYoungGen: 582144K->12252K(568320K)] 1221381K->651490K(1272832K), 0.0149742 secs] [Times: user=0.14 sys=0.00, real=0.01 secs] 
2019-02-01T02:40:49.607+0000: 802015.613: Total time for which application threads were stopped: 0.0181964 seconds, Stopping threads took: 0.0000655 seconds
2019-02-01T02:40:57.788+0000: 802023.794: Application time: 8.1809477 seconds
2019-02-01T02:40:57.793+0000: 802023.798: Total time for which application threads were stopped: 0.0044462 seconds, Stopping threads took: 0.0001424 seconds
2019-02-01T02:40:57.793+0000: 802023.799: Application time: 0.0001155 seconds
2019-02-01T02:40:57.795+0000: 802023.801: Total time for which application threads were stopped: 0.0022815 seconds, Stopping threads took: 0.0000429 seconds
2019-02-01T02:40:57.896+0000: 802023.902: Application time: 0.1006897 seconds
2019-02-01T02:40:57.898+0000: 802023.904: Total time for which application threads were stopped: 0.0019235 seconds, Stopping threads took: 0.0000475 seconds
2019-02-01T02:40:57.898+0000: 802023.904: Application time: 0.0000992 seconds
2019-02-01T02:40:57.900+0000: 802023.906: Total time for which application threads were stopped: 0.0019064 seconds, Stopping threads took: 0.0000960 seconds
2019-02-01T02:40:58.000+0000: 802024.006: Application time: 0.1003812 seconds
2019-02-01T02:40:58.002+0000: 802024.008: Total time for which application threads were stopped: 0.0018936 seconds, Stopping threads took: 0.0000596 seconds
2019-02-01T02:40:58.002+0000: 802024.008: Application time: 0.0001058 seconds
2019-02-01T02:40:58.004+0000: 802024.010: Total time for which application threads were stopped: 0.0018358 seconds, Stopping threads took: 0.0000980 seconds
2019-02-01T02:40:58.148+0000: 802024.154: Application time: 0.1444747 seconds
2019-02-01T02:40:58.150+0000: 802024.156: Total time for which application threads were stopped: 0.0018985 seconds, Stopping threads took: 0.0001254 seconds
2019-02-01T02:40:59.106+0000: 802025.112: Application time: 0.9553644 seconds
2019-02-01T02:40:59.109+0000: 802025.115: Total time for which application threads were stopped: 0.0033382 seconds, Stopping threads took: 0.0000558 seconds
2019-02-01T02:40:59.109+0000: 802025.115: Application time: 0.0001158 seconds
2019-02-01T02:40:59.111+0000: 802025.117: Total time for which application threads were stopped: 0.0022245 seconds, Stopping threads took: 0.0000363 seconds
2019-02-01T02:40:59.203+0000: 802025.209: Application time: 0.0915487 seconds
2019-02-01T02:40:59.206+0000: 802025.211: Total time for which application threads were stopped: 0.0025290 seconds, Stopping threads took: 0.0000819 seconds
2019-02-01T02:40:59.312+0000: 802025.318: Application time: 0.1066883 seconds
2019-02-01T02:40:59.315+0000: 802025.321: Total time for which application threads were stopped: 0.0028573 seconds, Stopping threads took: 0.0000442 seconds
2019-02-01T02:40:59.315+0000: 802025.321: Application time: 0.0001115 seconds
2019-02-01T02:40:59.317+0000: 802025.323: Total time for which application threads were stopped: 0.0022814 seconds, Stopping threads took: 0.0000351 seconds
2019-02-01T02:41:00.220+0000: 802026.226: Application time: 0.9023876 seconds
2019-02-01T02:41:00.223+0000: 802026.229: Total time for which application threads were stopped: 0.0029987 seconds, Stopping threads took: 0.0000514 seconds
2019-02-01T02:41:00.223+0000: 802026.229: Application time: 0.0001009 seconds
2019-02-01T02:41:00.225+0000: 802026.231: Total time for which application threads were stopped: 0.0023285 seconds, Stopping threads took: 0.0001774 seconds
2019-02-01T02:41:00.326+0000: 802026.332: Application time: 0.1006552 seconds
2019-02-01T02:41:00.328+0000: 802026.334: Total time for which application threads were stopped: 0.0019227 seconds, Stopping threads took: 0.0000505 seconds
2019-02-01T02:41:00.328+0000: 802026.334: Application time: 0.0000931 seconds
2019-02-01T02:41:00.330+0000: 802026.336: Total time for which application threads were stopped: 0.0019644 seconds, Stopping threads took: 0.0001224 seconds
2019-02-01T02:41:00.430+0000: 802026.436: Application time: 0.1002378 seconds
2019-02-01T02:41:00.432+0000: 802026.438: Total time for which application threads were stopped: 0.0019500 seconds, Stopping threads took: 0.0001486 seconds
2019-02-01T02:41:00.432+0000: 802026.438: Application time: 0.0000629 seconds
2019-02-01T02:41:00.434+0000: 802026.440: Total time for which application threads were stopped: 0.0018507 seconds, Stopping threads took: 0.0000827 seconds
2019-02-01T02:41:01.336+0000: 802027.342: Application time: 0.9018427 seconds
2019-02-01T02:41:01.339+0000: 802027.345: Total time for which application threads were stopped: 0.0029120 seconds, Stopping threads took: 0.0000629 seconds
2019-02-01T02:41:01.339+0000: 802027.345: Application time: 0.0001036 seconds
2019-02-01T02:41:01.341+0000: 802027.347: Total time for which application threads were stopped: 0.0023642 seconds, Stopping threads took: 0.0000702 seconds
2019-02-01T02:41:01.906+0000: 802027.912: Application time: 0.5648445 seconds
2019-02-01T02:41:01.909+0000: 802027.915: Total time for which application threads were stopped: 0.0031829 seconds, Stopping threads took: 0.0000648 seconds
2019-02-01T02:41:04.446+0000: 802030.452: Application time: 2.5366717 seconds
2019-02-01T02:41:04.450+0000: 802030.456: Total time for which application threads were stopped: 0.0042742 seconds, Stopping threads took: 0.0000798 seconds
2019-02-01T02:41:04.450+0000: 802030.456: Application time: 0.0000894 seconds
2019-02-01T02:41:04.453+0000: 802030.459: Total time for which application threads were stopped: 0.0024929 seconds, Stopping threads took: 0.0000352 seconds
2019-02-01T02:41:04.817+0000: 802030.823: Application time: 0.3644081 seconds
2019-02-01T02:41:04.819+0000: 802030.825: Total time for which application threads were stopped: 0.0021066 seconds, Stopping threads took: 0.0000949 seconds
2019-02-01T02:41:08.827+0000: 802034.833: Application time: 4.0074135 seconds
2019-02-01T02:41:08.831+0000: 802034.837: [GC (Allocation Failure) 2019-02-01T02:41:08.840+0000: 802034.846: [SoftReference, 0 refs, 0.0000643 secs]2019-02-01T02:41:08.840+0000: 802034.846: [WeakReference, 49 refs, 0.0000251 secs]2019-02-01T02:41:08.840+0000: 802034.846: [FinalReference, 3913 refs, 0.0024696 secs]2019-02-01T02:41:08.842+0000: 802034.848: [PhantomReference, 0 refs, 1 refs, 0.0000179 secs]2019-02-01T02:41:08.842+0000: 802034.848: [JNI Weak Reference, 0.0000228 secs]
Desired survivor size 20447232 bytes, new threshold 4 (max 15)
[PSYoungGen: 568284K->14643K(545792K)] 1207522K->653880K(1250304K), 0.0174397 secs] [Times: user=0.11 sys=0.04, real=0.02 secs] 
2019-02-01T02:41:08.849+0000: 802034.854: Total time for which application threads were stopped: 0.0217559 seconds, Stopping threads took: 0.0000784 seconds
2019-02-01T02:41:09.849+0000: 802035.855: Application time: 1.0001652 seconds
2019-02-01T02:41:09.852+0000: 802035.858: Total time for which application threads were stopped: 0.0033120 seconds, Stopping threads took: 0.0000489 seconds
2019-02-01T02:41:14.669+0000: 802040.675: Application time: 4.8168090 seconds
2019-02-01T02:41:14.673+0000: 802040.679: Total time for which application threads were stopped: 0.0042399 seconds, Stopping threads took: 0.0001281 seconds
2019-02-01T02:41:14.673+0000: 802040.679: Application time: 0.0000739 seconds
2019-02-01T02:41:14.676+0000: 802040.681: Total time for which application threads were stopped: 0.0025063 seconds, Stopping threads took: 0.0001065 seconds
2019-02-01T02:41:14.776+0000: 802040.782: Application time: 0.1006484 seconds
2019-02-01T02:41:14.778+0000: 802040.784: Total time for which application threads were stopped: 0.0018769 seconds, Stopping threads took: 0.0000904 seconds
2019-02-01T02:41:14.778+0000: 802040.784: Application time: 0.0000603 seconds
2019-02-01T02:41:14.780+0000: 802040.786: Total time for which application threads were stopped: 0.0017425 seconds, Stopping threads took: 0.0000822 seconds
2019-02-01T02:41:15.582+0000: 802041.588: Application time: 0.8020411 seconds
2019-02-01T02:41:15.585+0000: 802041.591: Total time for which application threads were stopped: 0.0032789 seconds, Stopping threads took: 0.0000745 seconds
2019-02-01T02:41:15.585+0000: 802041.591: Application time: 0.0000760 seconds
2019-02-01T02:41:15.588+0000: 802041.594: Total time for which application threads were stopped: 0.0023973 seconds, Stopping threads took: 0.0000555 seconds
2019-02-01T02:41:17.018+0000: 802043.023: Application time: 1.4297356 seconds
2019-02-01T02:41:17.021+0000: 802043.027: Total time for which application threads were stopped: 0.0031929 seconds, Stopping threads took: 0.0001027 seconds
2019-02-01T02:41:29.161+0000: 802055.167: Application time: 12.1399278 seconds
2019-02-01T02:41:29.165+0000: 802055.171: [GC (Allocation Failure) 2019-02-01T02:41:29.172+0000: 802055.178: [SoftReference, 0 refs, 0.0000480 secs]2019-02-01T02:41:29.172+0000: 802055.178: [WeakReference, 43 refs, 0.0000218 secs]2019-02-01T02:41:29.172+0000: 802055.178: [FinalReference, 2170 refs, 0.0008575 secs]2019-02-01T02:41:29.173+0000: 802055.179: [PhantomReference, 0 refs, 1 refs, 0.0000171 secs]2019-02-01T02:41:29.173+0000: 802055.179: [JNI Weak Reference, 0.0000222 secs]
Desired survivor size 21495808 bytes, new threshold 3 (max 15)
[PSYoungGen: 545587K->12267K(519680K)] 1184824K->655947K(1224192K), 0.0113640 secs] [Times: user=0.15 sys=0.00, real=0.01 secs] 
2019-02-01T02:41:29.176+0000: 802055.182: Total time for which application threads were stopped: 0.0156370 seconds, Stopping threads took: 0.0000802 seconds
2019-02-01T02:41:42.730+0000: 802068.736: Application time: 13.5539915 seconds
2019-02-01T02:41:42.735+0000: 802068.741: Total time for which application threads were stopped: 0.0046123 seconds, Stopping threads took: 0.0000936 seconds
2019-02-01T02:41:42.735+0000: 802068.741: Application time: 0.0001124 seconds
2019-02-01T02:41:42.738+0000: 802068.744: Total time for which application threads were stopped: 0.0029022 seconds, Stopping threads took: 0.0001136 seconds
2019-02-01T02:41:43.540+0000: 802069.546: Application time: 0.8021937 seconds
2019-02-01T02:41:43.544+0000: 802069.550: Total time for which application threads were stopped: 0.0040976 seconds, Stopping threads took: 0.0001724 seconds
2019-02-01T02:41:43.964+0000: 802069.970: Application time: 0.4198967 seconds
2019-02-01T02:41:43.967+0000: 802069.973: Total time for which application threads were stopped: 0.0026591 seconds, Stopping threads took: 0.0000570 seconds
2019-02-01T02:41:44.805+0000: 802070.811: Application time: 0.8382886 seconds
2019-02-01T02:41:44.808+0000: 802070.813: [GC (Allocation Failure) 2019-02-01T02:41:44.817+0000: 802070.822: [SoftReference, 0 refs, 0.0000699 secs]2019-02-01T02:41:44.817+0000: 802070.822: [WeakReference, 29 refs, 0.0000204 secs]2019-02-01T02:41:44.817+0000: 802070.822: [FinalReference, 3709 refs, 0.0015588 secs]2019-02-01T02:41:44.818+0000: 802070.824: [PhantomReference, 0 refs, 0 refs, 0.0000171 secs]2019-02-01T02:41:44.818+0000: 802070.824: [JNI Weak Reference, 0.0000227 secs]
Desired survivor size 22544384 bytes, new threshold 4 (max 15)
[PSYoungGen: 519659K->17101K(502272K)] 1163339K->664096K(1206784K), 0.0166204 secs] [Times: user=0.16 sys=0.06, real=0.02 secs] 
2019-02-01T02:41:44.824+0000: 802070.830: Total time for which application threads were stopped: 0.0192121 seconds, Stopping threads took: 0.0000968 seconds
2019-02-01T02:41:56.753+0000: 802082.759: Application time: 11.9291206 seconds
2019-02-01T02:41:56.758+0000: 802082.764: Total time for which application threads were stopped: 0.0043036 seconds, Stopping threads took: 0.0000949 seconds
2019-02-01T02:41:56.758+0000: 802082.764: Application time: 0.0001054 seconds
2019-02-01T02:41:56.760+0000: 802082.766: Total time for which application threads were stopped: 0.0024987 seconds, Stopping threads took: 0.0001178 seconds
2019-02-01T02:41:56.962+0000: 802082.967: Application time: 0.2010921 seconds
2019-02-01T02:41:56.963+0000: 802082.969: Total time for which application threads were stopped: 0.0018833 seconds, Stopping threads took: 0.0000837 seconds
2019-02-01T02:41:56.964+0000: 802082.969: Application time: 0.0001041 seconds
2019-02-01T02:41:56.965+0000: 802082.971: Total time for which application threads were stopped: 0.0017679 seconds, Stopping threads took: 0.0000440 seconds
2019-02-01T02:41:57.563+0000: 802083.569: Application time: 0.5975169 seconds
2019-02-01T02:41:57.565+0000: 802083.571: Total time for which application threads were stopped: 0.0019874 seconds, Stopping threads took: 0.0000866 seconds
2019-02-01T02:41:57.667+0000: 802083.673: Application time: 0.1020540 seconds
2019-02-01T02:41:57.669+0000: 802083.674: Total time for which application threads were stopped: 0.0018550 seconds, Stopping threads took: 0.0000405 seconds
2019-02-01T02:41:57.669+0000: 802083.675: Application time: 0.0001012 seconds
2019-02-01T02:41:57.671+0000: 802083.676: Total time for which application threads were stopped: 0.0017468 seconds, Stopping threads took: 0.0000360 seconds
2019-02-01T02:41:58.573+0000: 802084.579: Application time: 0.9023169 seconds
2019-02-01T02:41:58.576+0000: 802084.582: Total time for which application threads were stopped: 0.0030910 seconds, Stopping threads took: 0.0000563 seconds
2019-02-01T02:41:58.576+0000: 802084.582: Application time: 0.0001103 seconds
2019-02-01T02:41:58.578+0000: 802084.584: Total time for which application threads were stopped: 0.0022639 seconds, Stopping threads took: 0.0000309 seconds
2019-02-01T02:42:00.582+0000: 802086.588: Application time: 2.0039652 seconds
2019-02-01T02:42:00.587+0000: 802086.593: Total time for which application threads were stopped: 0.0051329 seconds, Stopping threads took: 0.0000669 seconds
2019-02-01T02:42:00.588+0000: 802086.593: Application time: 0.0000916 seconds
2019-02-01T02:42:00.590+0000: 802086.596: Total time for which application threads were stopped: 0.0022146 seconds, Stopping threads took: 0.0000666 seconds
2019-02-01T02:42:00.671+0000: 802086.677: Application time: 0.0810360 seconds
2019-02-01T02:42:00.673+0000: 802086.679: [GC (Allocation Failure) 2019-02-01T02:42:00.681+0000: 802086.687: [SoftReference, 0 refs, 0.0000700 secs]2019-02-01T02:42:00.681+0000: 802086.687: [WeakReference, 2 refs, 0.0000145 secs]2019-02-01T02:42:00.681+0000: 802086.687: [FinalReference, 781 refs, 0.0003568 secs]2019-02-01T02:42:00.682+0000: 802086.687: [PhantomReference, 0 refs, 0 refs, 0.0000155 secs]2019-02-01T02:42:00.682+0000: 802086.687: [JNI Weak Reference, 0.0000232 secs]
Desired survivor size 23068672 bytes, new threshold 3 (max 15)
[PSYoungGen: 501965K->12779K(476160K)] 1148960K->663211K(1180672K), 0.0122231 secs] [Times: user=0.20 sys=0.01, real=0.01 secs] 
2019-02-01T02:42:00.685+0000: 802086.691: Total time for which application threads were stopped: 0.0142999 seconds, Stopping threads took: 0.0000406 seconds
2019-02-01T02:42:01.191+0000: 802087.197: Application time: 0.5062089 seconds
2019-02-01T02:42:01.195+0000: 802087.201: Total time for which application threads were stopped: 0.0034740 seconds, Stopping threads took: 0.0000516 seconds
2019-02-01T02:42:01.245+0000: 802087.251: Application time: 0.0502761 seconds
2019-02-01T02:42:01.247+0000: 802087.253: Total time for which application threads were stopped: 0.0022457 seconds, Stopping threads took: 0.0000792 seconds
2019-02-01T02:42:01.248+0000: 802087.254: Application time: 0.0010243 seconds
2019-02-01T02:42:01.250+0000: 802087.256: Total time for which application threads were stopped: 0.0019070 seconds, Stopping threads took: 0.0001127 seconds
2019-02-01T02:42:01.269+0000: 802087.275: Application time: 0.0191437 seconds
2019-02-01T02:42:01.272+0000: 802087.277: Total time for which application threads were stopped: 0.0020726 seconds, Stopping threads took: 0.0001102 seconds
2019-02-01T02:42:01.295+0000: 802087.301: Application time: 0.0239527 seconds
2019-02-01T02:42:01.298+0000: 802087.304: Total time for which application threads were stopped: 0.0023045 seconds, Stopping threads took: 0.0000951 seconds
2019-02-01T02:42:01.906+0000: 802087.912: Application time: 0.6082522 seconds
2019-02-01T02:42:01.909+0000: 802087.915: Total time for which application threads were stopped: 0.0033633 seconds, Stopping threads took: 0.0000650 seconds
2019-02-01T02:42:02.300+0000: 802088.306: Application time: 0.3904675 seconds
2019-02-01T02:42:02.304+0000: 802088.309: Total time for which application threads were stopped: 0.0037565 seconds, Stopping threads took: 0.0000924 seconds
2019-02-01T02:42:02.404+0000: 802088.410: Application time: 0.1007346 seconds
2019-02-01T02:42:02.407+0000: 802088.413: Total time for which application threads were stopped: 0.0024763 seconds, Stopping threads took: 0.0000639 seconds
2019-02-01T02:42:02.508+0000: 802088.513: Application time: 0.1007839 seconds
2019-02-01T02:42:02.510+0000: 802088.515: Total time for which application threads were stopped: 0.0019699 seconds, Stopping threads took: 0.0001022 seconds
2019-02-01T02:42:02.706+0000: 802088.712: Application time: 0.1965816 seconds
2019-02-01T02:42:02.708+0000: 802088.714: Total time for which application threads were stopped: 0.0018065 seconds, Stopping threads took: 0.0000441 seconds
2019-02-01T02:42:02.998+0000: 802089.004: Application time: 0.2898985 seconds
2019-02-01T02:42:03.000+0000: 802089.006: Total time for which application threads were stopped: 0.0019037 seconds, Stopping threads took: 0.0001019 seconds
2019-02-01T02:42:03.111+0000: 802089.117: Application time: 0.1113698 seconds
2019-02-01T02:42:03.113+0000: 802089.119: Total time for which application threads were stopped: 0.0018576 seconds, Stopping threads took: 0.0000376 seconds
2019-02-01T02:42:04.817+0000: 802090.823: Application time: 1.7037080 seconds
2019-02-01T02:42:04.821+0000: 802090.827: Total time for which application threads were stopped: 0.0040909 seconds, Stopping threads took: 0.0000794 seconds
2019-02-01T02:42:04.821+0000: 802090.827: Application time: 0.0001226 seconds
2019-02-01T02:42:04.824+0000: 802090.829: Total time for which application threads were stopped: 0.0025014 seconds, Stopping threads took: 0.0001041 seconds
2019-02-01T02:42:05.572+0000: 802091.578: Application time: 0.7489018 seconds
2019-02-01T02:42:05.574+0000: 802091.580: Total time for which application threads were stopped: 0.0019017 seconds, Stopping threads took: 0.0000495 seconds
2019-02-01T02:42:08.527+0000: 802094.533: Application time: 2.9526999 seconds
2019-02-01T02:42:08.531+0000: 802094.537: Total time for which application threads were stopped: 0.0040200 seconds, Stopping threads took: 0.0000732 seconds
2019-02-01T02:42:08.531+0000: 802094.537: Application time: 0.0001124 seconds
2019-02-01T02:42:08.534+0000: 802094.539: Total time for which application threads were stopped: 0.0024233 seconds, Stopping threads took: 0.0000389 seconds
2019-02-01T02:42:10.838+0000: 802096.844: Application time: 2.3043388 seconds
2019-02-01T02:42:10.841+0000: 802096.847: Total time for which application threads were stopped: 0.0034575 seconds, Stopping threads took: 0.0001007 seconds
2019-02-01T02:42:10.841+0000: 802096.847: Application time: 0.0000763 seconds
2019-02-01T02:42:10.843+0000: 802096.849: Total time for which application threads were stopped: 0.0019713 seconds, Stopping threads took: 0.0000364 seconds
2019-02-01T02:42:15.067+0000: 802101.073: Application time: 4.2236973 seconds
2019-02-01T02:42:15.071+0000: 802101.077: [GC (Allocation Failure) 2019-02-01T02:42:15.079+0000: 802101.085: [SoftReference, 0 refs, 0.0000602 secs]2019-02-01T02:42:15.079+0000: 802101.085: [WeakReference, 118 refs, 0.0000260 secs]2019-02-01T02:42:15.079+0000: 802101.085: [FinalReference, 3538 refs, 0.0011279 secs]2019-02-01T02:42:15.080+0000: 802101.086: [PhantomReference, 0 refs, 0 refs, 0.0000097 secs]2019-02-01T02:42:15.080+0000: 802101.086: [JNI Weak Reference, 0.0000149 secs]
Desired survivor size 24641536 bytes, new threshold 4 (max 15)
[PSYoungGen: 476139K->19341K(462336K)] 1126571K->672869K(1166848K), 0.0132142 secs] [Times: user=0.13 sys=0.05, real=0.01 secs] 
2019-02-01T02:42:15.084+0000: 802101.090: Total time for which application threads were stopped: 0.0172746 seconds, Stopping threads took: 0.0000692 seconds
2019-02-01T02:42:21.760+0000: 802107.766: Application time: 6.6758061 seconds
2019-02-01T02:42:21.765+0000: 802107.770: Total time for which application threads were stopped: 0.0043346 seconds, Stopping threads took: 0.0000874 seconds
2019-02-01T02:42:21.765+0000: 802107.770: Application time: 0.0001185 seconds
2019-02-01T02:42:21.767+0000: 802107.773: Total time for which application threads were stopped: 0.0025681 seconds, Stopping threads took: 0.0001224 seconds
2019-02-01T02:42:22.449+0000: 802108.455: Application time: 0.6820566 seconds
2019-02-01T02:42:22.452+0000: 802108.458: Total time for which application threads were stopped: 0.0028647 seconds, Stopping threads took: 0.0001005 seconds
2019-02-01T02:42:22.503+0000: 802108.508: Application time: 0.0503876 seconds
2019-02-01T02:42:22.505+0000: 802108.511: Total time for which application threads were stopped: 0.0022053 seconds, Stopping threads took: 0.0000474 seconds
2019-02-01T02:42:22.555+0000: 802108.561: Application time: 0.0503812 seconds
2019-02-01T02:42:22.557+0000: 802108.563: Total time for which application threads were stopped: 0.0019480 seconds, Stopping threads took: 0.0000408 seconds
2019-02-01T02:42:22.608+0000: 802108.613: Application time: 0.0503948 seconds
2019-02-01T02:42:22.611+0000: 802108.617: Total time for which application threads were stopped: 0.0038174 seconds, Stopping threads took: 0.0000667 seconds
2019-02-01T02:42:22.662+0000: 802108.668: Application time: 0.0504321 seconds
2019-02-01T02:42:22.665+0000: 802108.671: Total time for which application threads were stopped: 0.0033979 seconds, Stopping threads took: 0.0000450 seconds
2019-02-01T02:42:26.289+0000: 802112.294: Application time: 3.6234687 seconds
2019-02-01T02:42:26.293+0000: 802112.299: Total time for which application threads were stopped: 0.0043316 seconds, Stopping threads took: 0.0001387 seconds
2019-02-01T02:42:27.293+0000: 802113.299: Application time: 1.0001463 seconds
2019-02-01T02:42:27.296+0000: 802113.302: Total time for which application threads were stopped: 0.0026956 seconds, Stopping threads took: 0.0000853 seconds
2019-02-01T02:42:28.065+0000: 802114.071: Application time: 0.7695789 seconds
2019-02-01T02:42:28.069+0000: 802114.075: [GC (Allocation Failure) 2019-02-01T02:42:28.076+0000: 802114.082: [SoftReference, 0 refs, 0.0000595 secs]2019-02-01T02:42:28.076+0000: 802114.082: [WeakReference, 34 refs, 0.0000199 secs]2019-02-01T02:42:28.076+0000: 802114.082: [FinalReference, 2031 refs, 0.0007909 secs]2019-02-01T02:42:28.077+0000: 802114.083: [PhantomReference, 0 refs, 0 refs, 0.0000161 secs]2019-02-01T02:42:28.077+0000: 802114.083: [JNI Weak Reference, 0.0000225 secs]
Desired survivor size 25165824 bytes, new threshold 3 (max 15)
[PSYoungGen: 462141K->13293K(436736K)] 1115670K->671458K(1141248K), 0.0112788 secs] [Times: user=0.18 sys=0.01, real=0.01 secs] 
2019-02-01T02:42:28.080+0000: 802114.086: Total time for which application threads were stopped: 0.0150522 seconds, Stopping threads took: 0.0001134 seconds
2019-02-01T02:42:28.413+0000: 802114.418: Application time: 0.3320356 seconds
2019-02-01T02:42:28.417+0000: 802114.422: Total time for which application threads were stopped: 0.0041351 seconds, Stopping threads took: 0.0000525 seconds
2019-02-01T02:42:44.098+0000: 802130.103: Application time: 15.6809890 seconds
2019-02-01T02:42:44.101+0000: 802130.106: [GC (Allocation Failure) 2019-02-01T02:42:44.869+0000: 802130.874: [SoftReference, 0 refs, 0.0000543 secs]2019-02-01T02:42:44.869+0000: 802130.874: [WeakReference, 24 refs, 0.0000455 secs]2019-02-01T02:42:44.869+0000: 802130.874: [FinalReference, 3028 refs, 0.0012274 secs]2019-02-01T02:42:44.870+0000: 802130.876: [PhantomReference, 0 refs, 0 refs, 0.0000073 secs]2019-02-01T02:42:44.870+0000: 802130.876: [JNI Weak Reference, 0.0000122 secs]
Desired survivor size 24117248 bytes, new threshold 2 (max 15)
[PSYoungGen: 436717K->13710K(511488K)] 1094882K->675875K(1216000K), 0.7722943 secs] [Times: user=21.09 sys=3.12, real=0.77 secs] 
2019-02-01T02:42:44.873+0000: 802130.879: Total time for which application threads were stopped: 0.7754951 seconds, Stopping threads took: 0.0000546 seconds
2019-02-01T02:42:59.095+0000: 802145.101: Application time: 14.2215936 seconds
2019-02-01T02:42:59.099+0000: 802145.105: Total time for which application threads were stopped: 0.0042384 seconds, Stopping threads took: 0.0001244 seconds
2019-02-01T02:42:59.099+0000: 802145.105: Application time: 0.0001069 seconds
2019-02-01T02:42:59.101+0000: 802145.107: Total time for which application threads were stopped: 0.0023570 seconds, Stopping threads took: 0.0000940 seconds
2019-02-01T02:43:01.906+0000: 802147.912: Application time: 2.8047513 seconds
2019-02-01T02:43:01.910+0000: 802147.916: Total time for which application threads were stopped: 0.0041748 seconds, Stopping threads took: 0.0001117 seconds
2019-02-01T02:43:02.512+0000: 802148.518: Application time: 0.6016866 seconds
2019-02-01T02:43:02.515+0000: 802148.520: Total time for which application threads were stopped: 0.0025084 seconds, Stopping threads took: 0.0000417 seconds
2019-02-01T02:43:02.515+0000: 802148.520: Application time: 0.0000914 seconds
2019-02-01T02:43:02.516+0000: 802148.522: Total time for which application threads were stopped: 0.0017862 seconds, Stopping threads took: 0.0000360 seconds
2019-02-01T02:43:02.688+0000: 802148.694: Application time: 0.1714094 seconds
2019-02-01T02:43:02.690+0000: 802148.695: Total time for which application threads were stopped: 0.0016463 seconds, Stopping threads took: 0.0000382 seconds
2019-02-01T02:43:04.520+0000: 802150.525: Application time: 1.8301332 seconds
2019-02-01T02:43:04.523+0000: 802150.528: Total time for which application threads were stopped: 0.0030034 seconds, Stopping threads took: 0.0000868 seconds
2019-02-01T02:43:04.523+0000: 802150.529: Application time: 0.0001062 seconds
2019-02-01T02:43:04.525+0000: 802150.530: Total time for which application threads were stopped: 0.0019115 seconds, Stopping threads took: 0.0000966 seconds
2019-02-01T02:43:04.597+0000: 802150.602: Application time: 0.0718885 seconds
2019-02-01T02:43:04.598+0000: 802150.604: [GC (Allocation Failure) 2019-02-01T02:43:04.902+0000: 802150.908: [SoftReference, 0 refs, 0.0000430 secs]2019-02-01T02:43:04.902+0000: 802150.908: [WeakReference, 21 refs, 0.0000125 secs]2019-02-01T02:43:04.902+0000: 802150.908: [FinalReference, 3016 refs, 0.0009019 secs]2019-02-01T02:43:04.903+0000: 802150.909: [PhantomReference, 0 refs, 1 refs, 0.0000094 secs]2019-02-01T02:43:04.903+0000: 802150.909: [JNI Weak Reference, 0.0000118 secs]
Desired survivor size 23592960 bytes, new threshold 1 (max 15)
[PSYoungGen: 511374K->11663K(596992K)] 1173539K->678579K(1301504K), 0.3077085 secs] [Times: user=9.47 sys=0.29, real=0.31 secs] 
2019-02-01T02:43:04.906+0000: 802150.912: Total time for which application threads were stopped: 0.3096550 seconds, Stopping threads took: 0.0000403 seconds
2019-02-01T02:43:05.007+0000: 802151.013: Application time: 0.1007220 seconds
2019-02-01T02:43:05.009+0000: 802151.015: Total time for which application threads were stopped: 0.0024267 seconds, Stopping threads took: 0.0000291 seconds
2019-02-01T02:43:05.010+0000: 802151.015: Application time: 0.0000995 seconds
2019-02-01T02:43:05.011+0000: 802151.017: Total time for which application threads were stopped: 0.0015892 seconds, Stopping threads took: 0.0000263 seconds
2019-02-01T02:43:05.057+0000: 802151.063: Application time: 0.0459636 seconds
2019-02-01T02:43:05.058+0000: 802151.064: Total time for which application threads were stopped: 0.0010789 seconds, Stopping threads took: 0.0001112 seconds
2019-02-01T02:43:05.813+0000: 802151.819: Application time: 0.7547511 seconds
2019-02-01T02:43:05.815+0000: 802151.821: Total time for which application threads were stopped: 0.0019788 seconds, Stopping threads took: 0.0000444 seconds
2019-02-01T02:43:05.815+0000: 802151.821: Application time: 0.0001105 seconds
2019-02-01T02:43:05.817+0000: 802151.823: Total time for which application threads were stopped: 0.0017881 seconds, Stopping threads took: 0.0000299 seconds
2019-02-01T02:43:06.017+0000: 802152.023: Application time: 0.2000095 seconds
2019-02-01T02:43:06.019+0000: 802152.024: Total time for which application threads were stopped: 0.0018011 seconds, Stopping threads took: 0.0000407 seconds
2019-02-01T02:43:06.019+0000: 802152.025: Application time: 0.0001153 seconds
2019-02-01T02:43:06.021+0000: 802152.026: Total time for which application threads were stopped: 0.0017975 seconds, Stopping threads took: 0.0000950 seconds
2019-02-01T02:43:06.923+0000: 802152.928: Application time: 0.9020405 seconds
2019-02-01T02:43:06.925+0000: 802152.930: Total time for which application threads were stopped: 0.0020594 seconds, Stopping threads took: 0.0000890 seconds
2019-02-01T02:43:06.925+0000: 802152.931: Application time: 0.0001099 seconds
2019-02-01T02:43:06.927+0000: 802152.932: Total time for which application threads were stopped: 0.0018274 seconds, Stopping threads took: 0.0000522 seconds
2019-02-01T02:43:07.628+0000: 802153.634: Application time: 0.7014064 seconds
2019-02-01T02:43:07.631+0000: 802153.637: Total time for which application threads were stopped: 0.0031789 seconds, Stopping threads took: 0.0000585 seconds
2019-02-01T02:43:07.631+0000: 802153.637: Application time: 0.0001048 seconds
2019-02-01T02:43:07.633+0000: 802153.639: Total time for which application threads were stopped: 0.0019547 seconds, Stopping threads took: 0.0001035 seconds
2019-02-01T02:43:08.235+0000: 802154.241: Application time: 0.6016326 seconds
2019-02-01T02:43:08.238+0000: 802154.244: Total time for which application threads were stopped: 0.0031906 seconds, Stopping threads took: 0.0000530 seconds
2019-02-01T02:43:08.238+0000: 802154.244: Application time: 0.0001059 seconds
2019-02-01T02:43:08.240+0000: 802154.246: Total time for which application threads were stopped: 0.0021954 seconds, Stopping threads took: 0.0000374 seconds
2019-02-01T02:43:10.244+0000: 802156.249: Application time: 2.0032195 seconds
2019-02-01T02:43:10.247+0000: 802156.253: Total time for which application threads were stopped: 0.0037261 seconds, Stopping threads took: 0.0000672 seconds
2019-02-01T02:43:10.247+0000: 802156.253: Application time: 0.0001026 seconds
2019-02-01T02:43:10.250+0000: 802156.255: Total time for which application threads were stopped: 0.0021064 seconds, Stopping threads took: 0.0000497 seconds
2019-02-01T02:43:10.751+0000: 802156.757: Application time: 0.5013705 seconds
2019-02-01T02:43:10.754+0000: 802156.760: Total time for which application threads were stopped: 0.0030926 seconds, Stopping threads took: 0.0000507 seconds
2019-02-01T02:43:10.754+0000: 802156.760: Application time: 0.0001130 seconds
2019-02-01T02:43:10.756+0000: 802156.762: Total time for which application threads were stopped: 0.0022478 seconds, Stopping threads took: 0.0000359 seconds
2019-02-01T02:43:12.761+0000: 802158.766: Application time: 2.0041901 seconds
2019-02-01T02:43:12.763+0000: 802158.769: Total time for which application threads were stopped: 0.0023763 seconds, Stopping threads took: 0.0000632 seconds
2019-02-01T02:43:12.763+0000: 802158.769: Application time: 0.0000978 seconds
2019-02-01T02:43:12.765+0000: 802158.771: Total time for which application threads were stopped: 0.0019150 seconds, Stopping threads took: 0.0000390 seconds
2019-02-01T02:43:15.020+0000: 802161.026: Application time: 2.2552303 seconds
2019-02-01T02:43:15.024+0000: 802161.030: Total time for which application threads were stopped: 0.0042091 seconds, Stopping threads took: 0.0000737 seconds
2019-02-01T02:43:26.448+0000: 802172.453: Application time: 11.4232123 seconds
2019-02-01T02:43:26.452+0000: 802172.458: [GC (Allocation Failure) 2019-02-01T02:43:27.231+0000: 802173.237: [SoftReference, 0 refs, 0.0000446 secs]2019-02-01T02:43:27.231+0000: 802173.237: [WeakReference, 32 refs, 0.0000138 secs]2019-02-01T02:43:27.231+0000: 802173.237: [FinalReference, 3603 refs, 0.0013401 secs]2019-02-01T02:43:27.232+0000: 802173.238: [PhantomReference, 0 refs, 0 refs, 0.0000074 secs]2019-02-01T02:43:27.232+0000: 802173.238: [JNI Weak Reference, 0.0000118 secs]
Desired survivor size 23592960 bytes, new threshold 1 (max 15)
[PSYoungGen: 596879K->9631K(701952K)] 1263795K->681878K(1406464K), 0.7835880 secs] [Times: user=6.93 sys=18.39, real=0.78 secs] 
2019-02-01T02:43:27.236+0000: 802173.241: Total time for which application threads were stopped: 0.7879056 seconds, Stopping threads took: 0.0001118 seconds
2019-02-01T02:43:44.875+0000: 802190.880: Application time: 17.6391285 seconds
2019-02-01T02:43:44.879+0000: 802190.885: Total time for which application threads were stopped: 0.0041327 seconds, Stopping threads took: 0.0001022 seconds
2019-02-01T02:43:53.698+0000: 802199.704: Application time: 8.8196015 seconds
2019-02-01T02:43:53.703+0000: 802199.708: [GC (Allocation Failure) 2019-02-01T02:43:53.708+0000: 802199.714: [SoftReference, 0 refs, 0.0000595 secs]2019-02-01T02:43:53.708+0000: 802199.714: [WeakReference, 4 refs, 0.0000152 secs]2019-02-01T02:43:53.708+0000: 802199.714: [FinalReference, 3818 refs, 0.0017848 secs]2019-02-01T02:43:53.710+0000: 802199.716: [PhantomReference, 0 refs, 0 refs, 0.0000168 secs]2019-02-01T02:43:53.710+0000: 802199.716: [JNI Weak Reference, 0.0000229 secs]
Desired survivor size 23068672 bytes, new threshold 1 (max 15)
[PSYoungGen: 701855K->8610K(787456K)] 1374102K->684984K(1491968K), 0.0110077 secs] [Times: user=0.14 sys=0.00, real=0.01 secs] 
2019-02-01T02:43:53.714+0000: 802199.720: Total time for which application threads were stopped: 0.0153796 seconds, Stopping threads took: 0.0001057 seconds
2019-02-01T02:43:54.583+0000: 802200.588: Application time: 0.8686954 seconds
2019-02-01T02:43:54.587+0000: 802200.592: Total time for which application threads were stopped: 0.0040921 seconds, Stopping threads took: 0.0000643 seconds
2019-02-01T02:43:54.587+0000: 802200.593: Application time: 0.0001051 seconds
2019-02-01T02:43:54.589+0000: 802200.595: Total time for which application threads were stopped: 0.0026615 seconds, Stopping threads took: 0.0001037 seconds
2019-02-01T02:43:56.192+0000: 802202.198: Application time: 1.6025325 seconds
2019-02-01T02:43:56.196+0000: 802202.202: Total time for which application threads were stopped: 0.0043922 seconds, Stopping threads took: 0.0000833 seconds
2019-02-01T02:43:56.196+0000: 802202.202: Application time: 0.0001176 seconds
2019-02-01T02:43:56.199+0000: 802202.205: Total time for which application threads were stopped: 0.0024598 seconds, Stopping threads took: 0.0001160 seconds
2019-02-01T02:43:57.202+0000: 802203.208: Application time: 1.0031281 seconds
2019-02-01T02:43:57.205+0000: 802203.211: Total time for which application threads were stopped: 0.0032590 seconds, Stopping threads took: 0.0000662 seconds
2019-02-01T02:43:57.205+0000: 802203.211: Application time: 0.0000974 seconds
2019-02-01T02:43:57.207+0000: 802203.213: Total time for which application threads were stopped: 0.0016723 seconds, Stopping threads took: 0.0000269 seconds
2019-02-01T02:43:57.308+0000: 802203.314: Application time: 0.1012185 seconds
2019-02-01T02:43:57.310+0000: 802203.316: Total time for which application threads were stopped: 0.0021855 seconds, Stopping threads took: 0.0000852 seconds
2019-02-01T02:43:57.311+0000: 802203.316: Application time: 0.0000978 seconds
2019-02-01T02:43:57.312+0000: 802203.318: Total time for which application threads were stopped: 0.0012940 seconds, Stopping threads took: 0.0000786 seconds
2019-02-01T02:43:57.413+0000: 802203.418: Application time: 0.1007758 seconds
2019-02-01T02:43:57.414+0000: 802203.420: Total time for which application threads were stopped: 0.0013799 seconds, Stopping threads took: 0.0000238 seconds
2019-02-01T02:43:57.414+0000: 802203.420: Application time: 0.0000976 seconds
2019-02-01T02:43:57.416+0000: 802203.422: Total time for which application threads were stopped: 0.0015944 seconds, Stopping threads took: 0.0000255 seconds
2019-02-01T02:43:57.516+0000: 802203.522: Application time: 0.1004394 seconds
2019-02-01T02:43:57.520+0000: 802203.526: Total time for which application threads were stopped: 0.0037727 seconds, Stopping threads took: 0.0000352 seconds
2019-02-01T02:43:57.520+0000: 802203.526: Application time: 0.0000847 seconds
2019-02-01T02:43:57.521+0000: 802203.527: Total time for which application threads were stopped: 0.0013758 seconds, Stopping threads took: 0.0000649 seconds
2019-02-01T02:43:57.622+0000: 802203.628: Application time: 0.1009919 seconds
2019-02-01T02:43:57.624+0000: 802203.630: Total time for which application threads were stopped: 0.0015448 seconds, Stopping threads took: 0.0000356 seconds
2019-02-01T02:43:58.760+0000: 802204.766: Application time: 1.1362801 seconds
2019-02-01T02:43:58.764+0000: 802204.769: Total time for which application threads were stopped: 0.0034488 seconds, Stopping threads took: 0.0000688 seconds
2019-02-01T02:43:58.853+0000: 802204.859: Application time: 0.0896202 seconds
2019-02-01T02:43:58.856+0000: 802204.861: Total time for which application threads were stopped: 0.0021932 seconds, Stopping threads took: 0.0000290 seconds
2019-02-01T02:44:00.629+0000: 802206.635: Application time: 1.7733488 seconds
2019-02-01T02:44:00.632+0000: 802206.637: Total time for which application threads were stopped: 0.0027029 seconds, Stopping threads took: 0.0000484 seconds
2019-02-01T02:44:00.632+0000: 802206.637: Application time: 0.0000854 seconds
2019-02-01T02:44:00.634+0000: 802206.639: Total time for which application threads were stopped: 0.0018779 seconds, Stopping threads took: 0.0000831 seconds
2019-02-01T02:44:01.636+0000: 802207.642: Application time: 1.0021879 seconds
2019-02-01T02:44:01.638+0000: 802207.644: Total time for which application threads were stopped: 0.0025044 seconds, Stopping threads took: 0.0000381 seconds
2019-02-01T02:44:01.906+0000: 802207.912: Application time: 0.2678323 seconds
2019-02-01T02:44:01.909+0000: 802207.915: Total time for which application threads were stopped: 0.0030205 seconds, Stopping threads took: 0.0000433 seconds
2019-02-01T02:44:02.417+0000: 802208.423: Application time: 0.5082261 seconds
2019-02-01T02:44:02.421+0000: 802208.426: Total time for which application threads were stopped: 0.0032083 seconds, Stopping threads took: 0.0001101 seconds
2019-02-01T02:44:02.540+0000: 802208.546: Application time: 0.1196388 seconds
2019-02-01T02:44:02.542+0000: 802208.548: Total time for which application threads were stopped: 0.0020059 seconds, Stopping threads took: 0.0000326 seconds
2019-02-01T02:44:02.542+0000: 802208.548: Application time: 0.0000648 seconds
2019-02-01T02:44:02.544+0000: 802208.550: Total time for which application threads were stopped: 0.0016336 seconds, Stopping threads took: 0.0000247 seconds
2019-02-01T02:44:02.945+0000: 802208.951: Application time: 0.4011848 seconds
2019-02-01T02:44:02.947+0000: 802208.953: Total time for which application threads were stopped: 0.0016365 seconds, Stopping threads took: 0.0000325 seconds
2019-02-01T02:44:02.947+0000: 802208.953: Application time: 0.0001176 seconds
2019-02-01T02:44:02.948+0000: 802208.954: Total time for which application threads were stopped: 0.0015487 seconds, Stopping threads took: 0.0000458 seconds
2019-02-01T02:44:15.965+0000: 802221.971: Application time: 13.0163566 seconds
2019-02-01T02:44:15.968+0000: 802221.974: Total time for which application threads were stopped: 0.0030299 seconds, Stopping threads took: 0.0000601 seconds
2019-02-01T02:44:15.968+0000: 802221.974: Application time: 0.0001216 seconds
2019-02-01T02:44:15.970+0000: 802221.976: Total time for which application threads were stopped: 0.0018847 seconds, Stopping threads took: 0.0000684 seconds
2019-02-01T02:44:18.805+0000: 802224.811: Application time: 2.8354158 seconds
2019-02-01T02:44:18.808+0000: 802224.814: Total time for which application threads were stopped: 0.0025616 seconds, Stopping threads took: 0.0000539 seconds
2019-02-01T02:44:27.971+0000: 802233.977: Application time: 9.1631452 seconds
2019-02-01T02:44:27.974+0000: 802233.980: [GC (Allocation Failure) 2019-02-01T02:44:27.979+0000: 802233.985: [SoftReference, 0 refs, 0.0000504 secs]2019-02-01T02:44:27.979+0000: 802233.985: [WeakReference, 29 refs, 0.0000215 secs]2019-02-01T02:44:27.979+0000: 802233.985: [FinalReference, 4810 refs, 0.0023723 secs]2019-02-01T02:44:27.982+0000: 802233.987: [PhantomReference, 0 refs, 0 refs, 0.0000166 secs]2019-02-01T02:44:27.982+0000: 802233.987: [JNI Weak Reference, 0.0000221 secs]
Desired survivor size 22544384 bytes, new threshold 1 (max 15)
[PSYoungGen: 773026K->10221K(786944K)] 1449400K->690628K(1491456K), 0.0110803 secs] [Times: user=0.12 sys=0.00, real=0.02 secs] 
2019-02-01T02:44:27.985+0000: 802233.991: Total time for which application threads were stopped: 0.0142942 seconds, Stopping threads took: 0.0000983 seconds
2019-02-01T02:44:55.829+0000: 802261.835: Application time: 27.8437685 seconds
2019-02-01T02:44:55.832+0000: 802261.838: [GC (Allocation Failure) 2019-02-01T02:44:55.839+0000: 802261.844: [SoftReference, 0 refs, 0.0000516 secs]2019-02-01T02:44:55.839+0000: 802261.844: [WeakReference, 24 refs, 0.0000206 secs]2019-02-01T02:44:55.839+0000: 802261.844: [FinalReference, 4854 refs, 0.0024919 secs]2019-02-01T02:44:55.841+0000: 802261.847: [PhantomReference, 0 refs, 1 refs, 0.0000172 secs]2019-02-01T02:44:55.841+0000: 802261.847: [JNI Weak Reference, 0.0000226 secs]
Desired survivor size 22544384 bytes, new threshold 1 (max 15)
[PSYoungGen: 774637K->8843K(738304K)] 1455044K->694288K(1442816K), 0.0122506 secs] [Times: user=0.14 sys=0.01, real=0.01 secs] 
2019-02-01T02:44:55.845+0000: 802261.850: Total time for which application threads were stopped: 0.0155111 seconds, Stopping threads took: 0.0001025 seconds
2019-02-01T02:44:57.629+0000: 802263.635: Application time: 1.7845196 seconds
2019-02-01T02:44:57.632+0000: 802263.638: Total time for which application threads were stopped: 0.0028050 seconds, Stopping threads took: 0.0001146 seconds
2019-02-01T02:44:57.632+0000: 802263.638: Application time: 0.0000700 seconds
2019-02-01T02:44:57.633+0000: 802263.639: Total time for which application threads were stopped: 0.0013389 seconds, Stopping threads took: 0.0000869 seconds
2019-02-01T02:44:58.135+0000: 802264.140: Application time: 0.5014142 seconds
2019-02-01T02:44:58.136+0000: 802264.142: Total time for which application threads were stopped: 0.0013888 seconds, Stopping threads took: 0.0000432 seconds
2019-02-01T02:44:58.136+0000: 802264.142: Application time: 0.0000879 seconds
2019-02-01T02:44:58.138+0000: 802264.144: Total time for which application threads were stopped: 0.0015492 seconds, Stopping threads took: 0.0000311 seconds
2019-02-01T02:44:58.539+0000: 802264.545: Application time: 0.4015074 seconds
2019-02-01T02:44:58.541+0000: 802264.547: Total time for which application threads were stopped: 0.0020438 seconds, Stopping threads took: 0.0000847 seconds
2019-02-01T02:44:58.541+0000: 802264.547: Application time: 0.0001057 seconds
2019-02-01T02:44:58.543+0000: 802264.548: Total time for which application threads were stopped: 0.0011894 seconds, Stopping threads took: 0.0000708 seconds
2019-02-01T02:44:58.890+0000: 802264.895: Application time: 0.3470067 seconds
2019-02-01T02:44:58.891+0000: 802264.897: Total time for which application threads were stopped: 0.0015655 seconds, Stopping threads took: 0.0000321 seconds
2019-02-01T02:44:59.092+0000: 802265.098: Application time: 0.2009548 seconds
2019-02-01T02:44:59.094+0000: 802265.100: Total time for which application threads were stopped: 0.0016077 seconds, Stopping threads took: 0.0000375 seconds
2019-02-01T02:45:00.845+0000: 802266.851: Application time: 1.7512376 seconds
2019-02-01T02:45:00.847+0000: 802266.853: Total time for which application threads were stopped: 0.0018533 seconds, Stopping threads took: 0.0000390 seconds
2019-02-01T02:45:00.847+0000: 802266.853: Application time: 0.0000677 seconds
2019-02-01T02:45:00.849+0000: 802266.854: Total time for which application threads were stopped: 0.0017029 seconds, Stopping threads took: 0.0000252 seconds
2019-02-01T02:45:01.049+0000: 802267.055: Application time: 0.2007170 seconds
2019-02-01T02:45:01.051+0000: 802267.057: Total time for which application threads were stopped: 0.0019415 seconds, Stopping threads took: 0.0000416 seconds
2019-02-01T02:45:01.051+0000: 802267.057: Application time: 0.0000962 seconds
2019-02-01T02:45:01.053+0000: 802267.058: Total time for which application threads were stopped: 0.0011513 seconds, Stopping threads took: 0.0000293 seconds
2019-02-01T02:45:01.907+0000: 802267.912: Application time: 0.8540629 seconds
2019-02-01T02:45:01.910+0000: 802267.916: Total time for which application threads were stopped: 0.0035631 seconds, Stopping threads took: 0.0000710 seconds
2019-02-01T02:45:02.055+0000: 802268.060: Application time: 0.1445227 seconds
2019-02-01T02:45:02.057+0000: 802268.063: Total time for which application threads were stopped: 0.0027401 seconds, Stopping threads took: 0.0000479 seconds
2019-02-01T02:45:02.058+0000: 802268.063: Application time: 0.0000968 seconds
2019-02-01T02:45:02.059+0000: 802268.065: Total time for which application threads were stopped: 0.0019162 seconds, Stopping threads took: 0.0000397 seconds
2019-02-01T02:45:02.861+0000: 802268.867: Application time: 0.8019479 seconds
2019-02-01T02:45:02.863+0000: 802268.869: Total time for which application threads were stopped: 0.0017410 seconds, Stopping threads took: 0.0000388 seconds
2019-02-01T02:45:02.863+0000: 802268.869: Application time: 0.0000518 seconds
2019-02-01T02:45:02.865+0000: 802268.871: Total time for which application threads were stopped: 0.0016219 seconds, Stopping threads took: 0.0000360 seconds
2019-02-01T02:45:03.166+0000: 802269.172: Application time: 0.3011600 seconds
2019-02-01T02:45:03.168+0000: 802269.173: Total time for which application threads were stopped: 0.0016217 seconds, Stopping threads took: 0.0000328 seconds
2019-02-01T02:45:03.168+0000: 802269.174: Application time: 0.0001060 seconds
2019-02-01T02:45:03.169+0000: 802269.175: Total time for which application threads were stopped: 0.0015728 seconds, Stopping threads took: 0.0000766 seconds
2019-02-01T02:45:03.706+0000: 802269.712: Application time: 0.5369362 seconds
2019-02-01T02:45:03.708+0000: 802269.714: Total time for which application threads were stopped: 0.0016729 seconds, Stopping threads took: 0.0000810 seconds
2019-02-01T02:45:04.911+0000: 802270.917: Application time: 1.2031831 seconds
2019-02-01T02:45:04.914+0000: 802270.919: Total time for which application threads were stopped: 0.0025360 seconds, Stopping threads took: 0.0000513 seconds
2019-02-01T02:45:05.274+0000: 802271.280: Application time: 0.3603194 seconds
2019-02-01T02:45:05.276+0000: 802271.282: Total time for which application threads were stopped: 0.0018571 seconds, Stopping threads took: 0.0000351 seconds
2019-02-01T02:45:05.276+0000: 802271.282: Application time: 0.0001172 seconds
2019-02-01T02:45:05.278+0000: 802271.283: Total time for which application threads were stopped: 0.0016017 seconds, Stopping threads took: 0.0000855 seconds
2019-02-01T02:45:05.666+0000: 802271.672: Application time: 0.3883047 seconds
2019-02-01T02:45:05.668+0000: 802271.673: Total time for which application threads were stopped: 0.0016542 seconds, Stopping threads took: 0.0000853 seconds
2019-02-01T02:45:05.879+0000: 802271.885: Application time: 0.2114842 seconds
2019-02-01T02:45:05.881+0000: 802271.887: Total time for which application threads were stopped: 0.0018494 seconds, Stopping threads took: 0.0000389 seconds
2019-02-01T02:45:05.881+0000: 802271.887: Application time: 0.0001156 seconds
2019-02-01T02:45:05.882+0000: 802271.888: Total time for which application threads were stopped: 0.0011035 seconds, Stopping threads took: 0.0000723 seconds
2019-02-01T02:45:06.720+0000: 802272.726: Application time: 0.8382644 seconds
2019-02-01T02:45:06.723+0000: 802272.728: Total time for which application threads were stopped: 0.0022465 seconds, Stopping threads took: 0.0000416 seconds
2019-02-01T02:45:08.386+0000: 802274.392: Application time: 1.6634751 seconds
2019-02-01T02:45:08.389+0000: 802274.395: Total time for which application threads were stopped: 0.0028548 seconds, Stopping threads took: 0.0000433 seconds
2019-02-01T02:45:08.389+0000: 802274.395: Application time: 0.0000955 seconds
2019-02-01T02:45:08.391+0000: 802274.397: Total time for which application threads were stopped: 0.0019307 seconds, Stopping threads took: 0.0000279 seconds
2019-02-01T02:45:24.402+0000: 802290.407: Application time: 16.0105355 seconds
2019-02-01T02:45:24.405+0000: 802290.410: [GC (Allocation Failure) 2019-02-01T02:45:24.411+0000: 802290.416: [SoftReference, 0 refs, 0.0000420 secs]2019-02-01T02:45:24.411+0000: 802290.416: [WeakReference, 39 refs, 0.0000201 secs]2019-02-01T02:45:24.411+0000: 802290.416: [FinalReference, 4724 refs, 0.0025692 secs]2019-02-01T02:45:24.413+0000: 802290.419: [PhantomReference, 0 refs, 0 refs, 0.0000260 secs]2019-02-01T02:45:24.413+0000: 802290.419: [JNI Weak Reference, 0.0000223 secs]
Desired survivor size 21495808 bytes, new threshold 1 (max 15)
[PSYoungGen: 737931K->11976K(707584K)] 1423376K->700618K(1412096K), 0.0135223 secs] [Times: user=0.14 sys=0.01, real=0.01 secs] 
2019-02-01T02:45:24.418+0000: 802290.424: Total time for which application threads were stopped: 0.0166911 seconds, Stopping threads took: 0.0000716 seconds
2019-02-01T02:45:35.833+0000: 802301.839: Application time: 11.4152202 seconds
2019-02-01T02:45:35.837+0000: 802301.842: Total time for which application threads were stopped: 0.0030841 seconds, Stopping threads took: 0.0000551 seconds
2019-02-01T02:45:35.837+0000: 802301.842: Application time: 0.0001336 seconds
2019-02-01T02:45:35.839+0000: 802301.844: Total time for which application threads were stopped: 0.0020428 seconds, Stopping threads took: 0.0000840 seconds
2019-02-01T02:45:39.846+0000: 802305.852: Application time: 4.0075149 seconds
2019-02-01T02:45:39.849+0000: 802305.855: Total time for which application threads were stopped: 0.0026625 seconds, Stopping threads took: 0.0001063 seconds
2019-02-01T02:45:39.849+0000: 802305.855: Application time: 0.0001044 seconds
2019-02-01T02:45:39.851+0000: 802305.857: Total time for which application threads were stopped: 0.0019299 seconds, Stopping threads took: 0.0000825 seconds
2019-02-01T02:45:43.703+0000: 802309.709: Application time: 3.8524303 seconds
2019-02-01T02:45:43.706+0000: 802309.712: Total time for which application threads were stopped: 0.0027931 seconds, Stopping threads took: 0.0000587 seconds
2019-02-01T02:45:56.980+0000: 802322.986: Application time: 13.2736194 seconds
2019-02-01T02:45:56.983+0000: 802322.989: Total time for which application threads were stopped: 0.0030736 seconds, Stopping threads took: 0.0000568 seconds
2019-02-01T02:45:56.983+0000: 802322.989: Application time: 0.0000969 seconds
2019-02-01T02:45:56.985+0000: 802322.991: Total time for which application threads were stopped: 0.0018538 seconds, Stopping threads took: 0.0000310 seconds
2019-02-01T02:45:57.086+0000: 802323.091: Application time: 0.1008638 seconds
2019-02-01T02:45:57.087+0000: 802323.093: Total time for which application threads were stopped: 0.0016196 seconds, Stopping threads took: 0.0000403 seconds
2019-02-01T02:45:57.087+0000: 802323.093: Application time: 0.0000953 seconds
2019-02-01T02:45:57.089+0000: 802323.095: Total time for which application threads were stopped: 0.0016154 seconds, Stopping threads took: 0.0000239 seconds
2019-02-01T02:45:57.892+0000: 802323.897: Application time: 0.8025071 seconds
2019-02-01T02:45:57.894+0000: 802323.900: Total time for which application threads were stopped: 0.0025917 seconds, Stopping threads took: 0.0001141 seconds
2019-02-01T02:45:57.894+0000: 802323.900: Application time: 0.0001021 seconds
2019-02-01T02:45:57.896+0000: 802323.902: Total time for which application threads were stopped: 0.0018539 seconds, Stopping threads took: 0.0000394 seconds
2019-02-01T02:45:58.482+0000: 802324.488: Application time: 0.5857336 seconds
2019-02-01T02:45:58.485+0000: 802324.491: [GC (Allocation Failure) 2019-02-01T02:45:58.491+0000: 802324.497: [SoftReference, 0 refs, 0.0000458 secs]2019-02-01T02:45:58.491+0000: 802324.497: [WeakReference, 17 refs, 0.0000179 secs]2019-02-01T02:45:58.491+0000: 802324.497: [FinalReference, 3991 refs, 0.0019414 secs]2019-02-01T02:45:58.493+0000: 802324.499: [PhantomReference, 0 refs, 0 refs, 0.0000161 secs]2019-02-01T02:45:58.493+0000: 802324.499: [JNI Weak Reference, 0.0000214 secs]
Desired survivor size 20971520 bytes, new threshold 1 (max 15)
[PSYoungGen: 707272K->8522K(672256K)] 1395914K->703578K(1376768K), 0.0114209 secs] [Times: user=0.13 sys=0.02, real=0.01 secs] 
2019-02-01T02:45:58.496+0000: 802324.502: Total time for which application threads were stopped: 0.0146167 seconds, Stopping threads took: 0.0000696 seconds
2019-02-01T02:45:58.697+0000: 802324.703: Application time: 0.2004983 seconds
2019-02-01T02:45:58.700+0000: 802324.706: Total time for which application threads were stopped: 0.0029820 seconds, Stopping threads took: 0.0000892 seconds
2019-02-01T02:45:58.700+0000: 802324.706: Application time: 0.0000536 seconds
2019-02-01T02:45:58.702+0000: 802324.707: Total time for which application threads were stopped: 0.0015215 seconds, Stopping threads took: 0.0000719 seconds
2019-02-01T02:45:58.802+0000: 802324.808: Application time: 0.1004446 seconds
2019-02-01T02:45:58.803+0000: 802324.809: Total time for which application threads were stopped: 0.0014427 seconds, Stopping threads took: 0.0000255 seconds
2019-02-01T02:45:58.804+0000: 802324.809: Application time: 0.0000686 seconds
2019-02-01T02:45:58.805+0000: 802324.811: Total time for which application threads were stopped: 0.0016535 seconds, Stopping threads took: 0.0000949 seconds
2019-02-01T02:45:59.607+0000: 802325.612: Application time: 0.8014598 seconds
2019-02-01T02:45:59.609+0000: 802325.615: Total time for which application threads were stopped: 0.0024955 seconds, Stopping threads took: 0.0000478 seconds
2019-02-01T02:45:59.609+0000: 802325.615: Application time: 0.0000613 seconds
2019-02-01T02:45:59.611+0000: 802325.617: Total time for which application threads were stopped: 0.0016641 seconds, Stopping threads took: 0.0000245 seconds
2019-02-01T02:46:01.906+0000: 802327.912: Application time: 2.2949098 seconds
2019-02-01T02:46:01.909+0000: 802327.914: Total time for which application threads were stopped: 0.0029503 seconds, Stopping threads took: 0.0000729 seconds
2019-02-01T02:46:02.815+0000: 802328.821: Application time: 0.9060609 seconds
2019-02-01T02:46:02.820+0000: 802328.826: Total time for which application threads were stopped: 0.0056607 seconds, Stopping threads took: 0.0000632 seconds
2019-02-01T02:46:02.821+0000: 802328.826: Application time: 0.0000640 seconds
2019-02-01T02:46:02.822+0000: 802328.828: Total time for which application threads were stopped: 0.0016989 seconds, Stopping threads took: 0.0000904 seconds
2019-02-01T02:46:03.625+0000: 802329.630: Application time: 0.8023401 seconds
2019-02-01T02:46:03.628+0000: 802329.633: Total time for which application threads were stopped: 0.0030651 seconds, Stopping threads took: 0.0000622 seconds
2019-02-01T02:46:03.643+0000: 802329.648: Application time: 0.0150180 seconds
2019-02-01T02:46:03.645+0000: 802329.650: Total time for which application threads were stopped: 0.0018771 seconds, Stopping threads took: 0.0000298 seconds
2019-02-01T02:46:04.926+0000: 802330.932: Application time: 1.2816605 seconds
2019-02-01T02:46:04.929+0000: 802330.935: Total time for which application threads were stopped: 0.0030980 seconds, Stopping threads took: 0.0000615 seconds
2019-02-01T02:46:04.929+0000: 802330.935: Application time: 0.0000576 seconds
2019-02-01T02:46:04.931+0000: 802330.937: Total time for which application threads were stopped: 0.0017331 seconds, Stopping threads took: 0.0000876 seconds
2019-02-01T02:46:06.033+0000: 802332.039: Application time: 1.1020651 seconds
2019-02-01T02:46:06.036+0000: 802332.042: Total time for which application threads were stopped: 0.0030174 seconds, Stopping threads took: 0.0000530 seconds
2019-02-01T02:46:06.177+0000: 802332.183: Application time: 0.1409166 seconds
2019-02-01T02:46:06.179+0000: 802332.185: Total time for which application threads were stopped: 0.0021407 seconds, Stopping threads took: 0.0000586 seconds
2019-02-01T02:46:07.336+0000: 802333.342: Application time: 1.1567387 seconds
2019-02-01T02:46:07.339+0000: 802333.345: Total time for which application threads were stopped: 0.0032876 seconds, Stopping threads took: 0.0001176 seconds
2019-02-01T02:46:11.844+0000: 802337.850: Application time: 4.5052277 seconds
2019-02-01T02:46:11.848+0000: 802337.853: Total time for which application threads were stopped: 0.0031230 seconds, Stopping threads took: 0.0001369 seconds
2019-02-01T02:46:11.848+0000: 802337.854: Application time: 0.0000953 seconds
2019-02-01T02:46:11.850+0000: 802337.855: Total time for which application threads were stopped: 0.0018293 seconds, Stopping threads took: 0.0000843 seconds
2019-02-01T02:46:12.650+0000: 802338.656: Application time: 0.8002934 seconds
2019-02-01T02:46:12.653+0000: 802338.659: Total time for which application threads were stopped: 0.0029775 seconds, Stopping threads took: 0.0000677 seconds
2019-02-01T02:46:12.653+0000: 802338.659: Application time: 0.0000869 seconds
2019-02-01T02:46:12.655+0000: 802338.660: Total time for which application threads were stopped: 0.0017118 seconds, Stopping threads took: 0.0000247 seconds
2019-02-01T02:46:16.062+0000: 802342.068: Application time: 3.4078237 seconds
2019-02-01T02:46:16.065+0000: 802342.071: Total time for which application threads were stopped: 0.0029137 seconds, Stopping threads took: 0.0000641 seconds
2019-02-01T02:46:24.710+0000: 802350.715: Application time: 8.6441827 seconds
2019-02-01T02:46:24.713+0000: 802350.718: [GC (Allocation Failure) 2019-02-01T02:46:24.719+0000: 802350.725: [SoftReference, 0 refs, 0.0000486 secs]2019-02-01T02:46:24.719+0000: 802350.725: [WeakReference, 29 refs, 0.0000202 secs]2019-02-01T02:46:24.719+0000: 802350.725: [FinalReference, 3805 refs, 0.0018477 secs]2019-02-01T02:46:24.721+0000: 802350.727: [PhantomReference, 0 refs, 0 refs, 0.0000245 secs]2019-02-01T02:46:24.721+0000: 802350.727: [JNI Weak Reference, 0.0000217 secs]
Desired survivor size 20971520 bytes, new threshold 1 (max 15)
[PSYoungGen: 672074K->8129K(641536K)] 1367130K->707648K(1346048K), 0.0127639 secs] [Times: user=0.10 sys=0.02, real=0.01 secs] 
2019-02-01T02:46:24.725+0000: 802350.731: [Full GC (Ergonomics) 2019-02-01T02:46:24.767+0000: 802350.773: [SoftReference, 172 refs, 0.0000758 secs]2019-02-01T02:46:24.768+0000: 802350.773: [WeakReference, 2666 refs, 0.0003282 secs]2019-02-01T02:46:24.768+0000: 802350.774: [FinalReference, 7054 refs, 0.0036120 secs]2019-02-01T02:46:24.771+0000: 802350.777: [PhantomReference, 0 refs, 137 refs, 0.0000303 secs]2019-02-01T02:46:24.772+0000: 802350.777: [JNI Weak Reference, 0.0000250 secs][PSYoungGen: 8129K->0K(641536K)] [ParOldGen: 699518K->641330K(706048K)] 707648K->641330K(1347584K), [Metaspace: 75215K->75215K(1118208K)], 0.1515020 secs] [Times: user=2.40 sys=0.00, real=0.15 secs] 
2019-02-01T02:46:24.877+0000: 802350.883: Total time for which application threads were stopped: 0.1675122 seconds, Stopping threads took: 0.0000533 seconds
2019-02-01T02:46:53.510+0000: 802379.515: Application time: 28.6324993 seconds
2019-02-01T02:46:53.513+0000: 802379.519: [GC (Allocation Failure) 2019-02-01T02:46:53.518+0000: 802379.524: [SoftReference, 0 refs, 0.0000450 secs]2019-02-01T02:46:53.518+0000: 802379.524: [WeakReference, 13 refs, 0.0000174 secs]2019-02-01T02:46:53.518+0000: 802379.524: [FinalReference, 4331 refs, 0.0019728 secs]2019-02-01T02:46:53.520+0000: 802379.526: [PhantomReference, 0 refs, 1 refs, 0.0000199 secs]2019-02-01T02:46:53.520+0000: 802379.526: [JNI Weak Reference, 0.0000217 secs]
Desired survivor size 20447232 bytes, new threshold 1 (max 15)
[PSYoungGen: 633344K->8402K(613376K)] 1274674K->649732K(1319424K), 0.0122761 secs] [Times: user=0.08 sys=0.01, real=0.01 secs] 
2019-02-01T02:46:53.525+0000: 802379.531: Total time for which application threads were stopped: 0.0157371 seconds, Stopping threads took: 0.0000692 seconds
2019-02-01T02:46:57.031+0000: 802383.037: Application time: 3.5056024 seconds
2019-02-01T02:46:57.034+0000: 802383.040: Total time for which application threads were stopped: 0.0029957 seconds, Stopping threads took: 0.0000462 seconds
2019-02-01T02:46:57.034+0000: 802383.040: Application time: 0.0001042 seconds
2019-02-01T02:46:57.036+0000: 802383.042: Total time for which application threads were stopped: 0.0017937 seconds, Stopping threads took: 0.0000274 seconds
2019-02-01T02:46:57.236+0000: 802383.242: Application time: 0.2005423 seconds
2019-02-01T02:46:57.238+0000: 802383.244: Total time for which application threads were stopped: 0.0018442 seconds, Stopping threads took: 0.0001008 seconds
2019-02-01T02:46:57.238+0000: 802383.244: Application time: 0.0000647 seconds
2019-02-01T02:46:57.240+0000: 802383.246: Total time for which application threads were stopped: 0.0016371 seconds, Stopping threads took: 0.0000358 seconds
2019-02-01T02:46:58.743+0000: 802384.749: Application time: 1.5030162 seconds
2019-02-01T02:46:58.746+0000: 802384.752: Total time for which application threads were stopped: 0.0030277 seconds, Stopping threads took: 0.0000645 seconds
2019-02-01T02:46:58.746+0000: 802384.752: Application time: 0.0000905 seconds
2019-02-01T02:46:58.748+0000: 802384.754: Total time for which application threads were stopped: 0.0019750 seconds, Stopping threads took: 0.0000976 seconds
2019-02-01T02:46:58.848+0000: 802384.854: Application time: 0.0996450 seconds
2019-02-01T02:46:58.849+0000: 802384.855: Total time for which application threads were stopped: 0.0017549 seconds, Stopping threads took: 0.0000595 seconds
2019-02-01T02:46:58.850+0000: 802384.855: Application time: 0.0000921 seconds
2019-02-01T02:46:58.851+0000: 802384.857: Total time for which application threads were stopped: 0.0016566 seconds, Stopping threads took: 0.0000413 seconds
2019-02-01T02:47:01.906+0000: 802387.912: Application time: 3.0546571 seconds
2019-02-01T02:47:01.909+0000: 802387.915: Total time for which application threads were stopped: 0.0030252 seconds, Stopping threads took: 0.0000701 seconds
2019-02-01T02:47:07.159+0000: 802393.165: Application time: 5.2503376 seconds
2019-02-01T02:47:07.162+0000: 802393.168: Total time for which application threads were stopped: 0.0030941 seconds, Stopping threads took: 0.0000580 seconds
2019-02-01T02:47:07.162+0000: 802393.168: Application time: 0.0000486 seconds
2019-02-01T02:47:07.164+0000: 802393.170: Total time for which application threads were stopped: 0.0013440 seconds, Stopping threads took: 0.0000399 seconds
2019-02-01T02:47:08.165+0000: 802394.170: Application time: 1.0008801 seconds
2019-02-01T02:47:08.167+0000: 802394.173: Total time for which application threads were stopped: 0.0025849 seconds, Stopping threads took: 0.0000559 seconds
2019-02-01T02:47:08.167+0000: 802394.173: Application time: 0.0000451 seconds
2019-02-01T02:47:08.169+0000: 802394.174: Total time for which application threads were stopped: 0.0012779 seconds, Stopping threads took: 0.0000284 seconds
2019-02-01T02:47:13.174+0000: 802399.180: Application time: 5.0058563 seconds
2019-02-01T02:47:13.177+0000: 802399.183: Total time for which application threads were stopped: 0.0026580 seconds, Stopping threads took: 0.0000557 seconds
2019-02-01T02:47:13.177+0000: 802399.183: Application time: 0.0000880 seconds
2019-02-01T02:47:13.178+0000: 802399.184: Total time for which application threads were stopped: 0.0013071 seconds, Stopping threads took: 0.0000809 seconds
2019-02-01T02:47:13.780+0000: 802399.786: Application time: 0.6017052 seconds
2019-02-01T02:47:13.783+0000: 802399.788: Total time for which application threads were stopped: 0.0025086 seconds, Stopping threads took: 0.0000576 seconds
2019-02-01T02:47:14.034+0000: 802400.039: Application time: 0.2509938 seconds
2019-02-01T02:47:14.036+0000: 802400.042: Total time for which application threads were stopped: 0.0020149 seconds, Stopping threads took: 0.0000812 seconds
2019-02-01T02:47:14.580+0000: 802400.586: Application time: 0.5440164 seconds
2019-02-01T02:47:14.582+0000: 802400.588: Total time for which application threads were stopped: 0.0023165 seconds, Stopping threads took: 0.0000387 seconds
2019-02-01T02:47:14.582+0000: 802400.588: Application time: 0.0000894 seconds
2019-02-01T02:47:14.583+0000: 802400.589: Total time for which application threads were stopped: 0.0011896 seconds, Stopping threads took: 0.0000659 seconds
2019-02-01T02:47:14.637+0000: 802400.643: Application time: 0.0537854 seconds
2019-02-01T02:47:14.638+0000: 802400.644: Total time for which application threads were stopped: 0.0012703 seconds, Stopping threads took: 0.0000423 seconds
2019-02-01T02:47:14.684+0000: 802400.690: Application time: 0.0453976 seconds
2019-02-01T02:47:14.685+0000: 802400.691: Total time for which application threads were stopped: 0.0011625 seconds, Stopping threads took: 0.0000263 seconds
2019-02-01T02:47:14.685+0000: 802400.691: Application time: 0.0000852 seconds
2019-02-01T02:47:14.686+0000: 802400.692: Total time for which application threads were stopped: 0.0010012 seconds, Stopping threads took: 0.0000716 seconds
2019-02-01T02:47:14.787+0000: 802400.792: Application time: 0.1005526 seconds
2019-02-01T02:47:14.788+0000: 802400.794: Total time for which application threads were stopped: 0.0012420 seconds, Stopping threads took: 0.0000262 seconds
2019-02-01T02:47:14.788+0000: 802400.794: Application time: 0.0000753 seconds
2019-02-01T02:47:14.789+0000: 802400.795: Total time for which application threads were stopped: 0.0010395 seconds, Stopping threads took: 0.0000191 seconds
2019-02-01T02:47:16.893+0000: 802402.899: Application time: 2.1039566 seconds
2019-02-01T02:47:16.895+0000: 802402.901: Total time for which application threads were stopped: 0.0025241 seconds, Stopping threads took: 0.0000475 seconds
2019-02-01T02:47:16.946+0000: 802402.952: Application time: 0.0504616 seconds
2019-02-01T02:47:16.947+0000: 802402.953: Total time for which application threads were stopped: 0.0015269 seconds, Stopping threads took: 0.0000434 seconds
2019-02-01T02:47:18.703+0000: 802404.709: Application time: 1.7558500 seconds
2019-02-01T02:47:18.706+0000: 802404.712: [GC (Allocation Failure) 2019-02-01T02:47:18.711+0000: 802404.717: [SoftReference, 0 refs, 0.0000394 secs]2019-02-01T02:47:18.711+0000: 802404.717: [WeakReference, 37 refs, 0.0000181 secs]2019-02-01T02:47:18.711+0000: 802404.717: [FinalReference, 3836 refs, 0.0014257 secs]2019-02-01T02:47:18.712+0000: 802404.718: [PhantomReference, 0 refs, 0 refs, 0.0000123 secs]2019-02-01T02:47:18.712+0000: 802404.718: [JNI Weak Reference, 0.0000168 secs]
Desired survivor size 20447232 bytes, new threshold 1 (max 15)
[PSYoungGen: 613074K->7692K(585728K)] 1254404K->652979K(1291776K), 0.0098778 secs] [Times: user=0.09 sys=0.02, real=0.01 secs] 
2019-02-01T02:47:18.716+0000: 802404.722: Total time for which application threads were stopped: 0.0124788 seconds, Stopping threads took: 0.0000587 seconds
2019-02-01T02:47:43.190+0000: 802429.196: Application time: 24.4740811 seconds
2019-02-01T02:47:43.192+0000: 802429.198: Total time for which application threads were stopped: 0.0024435 seconds, Stopping threads took: 0.0000434 seconds
2019-02-01T02:47:45.281+0000: 802431.287: Application time: 2.0888487 seconds
2019-02-01T02:47:45.284+0000: 802431.290: [GC (Allocation Failure) 2019-02-01T02:47:45.289+0000: 802431.295: [SoftReference, 0 refs, 0.0000321 secs]2019-02-01T02:47:45.289+0000: 802431.295: [WeakReference, 12 refs, 0.0000167 secs]2019-02-01T02:47:45.289+0000: 802431.295: [FinalReference, 3474 refs, 0.0017842 secs]2019-02-01T02:47:45.291+0000: 802431.297: [PhantomReference, 0 refs, 0 refs, 0.0000164 secs]2019-02-01T02:47:45.291+0000: 802431.297: [JNI Weak Reference, 0.0000210 secs]
Desired survivor size 19922944 bytes, new threshold 1 (max 15)
[PSYoungGen: 585228K->7258K(559104K)] 1230515K->656392K(1265152K), 0.0116403 secs] [Times: user=0.10 sys=0.02, real=0.02 secs] 
2019-02-01T02:47:45.296+0000: 802431.301: Total time for which application threads were stopped: 0.0144962 seconds, Stopping threads took: 0.0000446 seconds
2019-02-01T02:48:00.258+0000: 802446.264: Application time: 14.9625785 seconds
2019-02-01T02:48:00.261+0000: 802446.267: Total time for which application threads were stopped: 0.0030188 seconds, Stopping threads took: 0.0000553 seconds
2019-02-01T02:48:00.261+0000: 802446.267: Application time: 0.0000776 seconds
2019-02-01T02:48:00.264+0000: 802446.269: Total time for which application threads were stopped: 0.0021215 seconds, Stopping threads took: 0.0000799 seconds
2019-02-01T02:48:00.965+0000: 802446.971: Application time: 0.7017855 seconds
2019-02-01T02:48:00.967+0000: 802446.973: Total time for which application threads were stopped: 0.0016329 seconds, Stopping threads took: 0.0000365 seconds
2019-02-01T02:48:00.967+0000: 802446.973: Application time: 0.0000876 seconds
2019-02-01T02:48:00.969+0000: 802446.974: Total time for which application threads were stopped: 0.0015729 seconds, Stopping threads took: 0.0000364 seconds
2019-02-01T02:48:01.169+0000: 802447.175: Application time: 0.2006799 seconds
2019-02-01T02:48:01.171+0000: 802447.177: Total time for which application threads were stopped: 0.0015893 seconds, Stopping threads took: 0.0000468 seconds
2019-02-01T02:48:01.171+0000: 802447.177: Application time: 0.0000592 seconds
2019-02-01T02:48:01.172+0000: 802447.178: Total time for which application threads were stopped: 0.0010406 seconds, Stopping threads took: 0.0001404 seconds
2019-02-01T02:48:01.372+0000: 802447.378: Application time: 0.2004833 seconds
2019-02-01T02:48:01.375+0000: 802447.380: Total time for which application threads were stopped: 0.0021665 seconds, Stopping threads took: 0.0001067 seconds
2019-02-01T02:48:01.375+0000: 802447.380: Application time: 0.0000547 seconds
2019-02-01T02:48:01.377+0000: 802447.382: Total time for which application threads were stopped: 0.0018106 seconds, Stopping threads took: 0.0000324 seconds
2019-02-01T02:48:01.906+0000: 802447.912: Application time: 0.5292599 seconds
2019-02-01T02:48:01.909+0000: 802447.915: Total time for which application threads were stopped: 0.0029711 seconds, Stopping threads took: 0.0000614 seconds
2019-02-01T02:48:04.278+0000: 802450.284: Application time: 2.3695821 seconds
2019-02-01T02:48:04.281+0000: 802450.287: Total time for which application threads were stopped: 0.0026585 seconds, Stopping threads took: 0.0000706 seconds
2019-02-01T02:48:04.281+0000: 802450.287: Application time: 0.0000845 seconds
2019-02-01T02:48:04.282+0000: 802450.288: Total time for which application threads were stopped: 0.0012934 seconds, Stopping threads took: 0.0000199 seconds
2019-02-01T02:48:05.485+0000: 802451.491: Application time: 1.2026556 seconds
2019-02-01T02:48:05.487+0000: 802451.493: Total time for which application threads were stopped: 0.0020728 seconds, Stopping threads took: 0.0000374 seconds
2019-02-01T02:48:05.487+0000: 802451.493: Application time: 0.0000611 seconds
2019-02-01T02:48:05.489+0000: 802451.495: Total time for which application threads were stopped: 0.0017514 seconds, Stopping threads took: 0.0000363 seconds
2019-02-01T02:48:05.589+0000: 802451.595: Application time: 0.1004397 seconds
2019-02-01T02:48:05.591+0000: 802451.597: Total time for which application threads were stopped: 0.0016380 seconds, Stopping threads took: 0.0000360 seconds
2019-02-01T02:48:05.591+0000: 802451.597: Application time: 0.0000355 seconds
2019-02-01T02:48:05.592+0000: 802451.598: Total time for which application threads were stopped: 0.0009438 seconds, Stopping threads took: 0.0000163 seconds
2019-02-01T02:48:05.692+0000: 802451.698: Application time: 0.1003306 seconds
2019-02-01T02:48:05.694+0000: 802451.700: Total time for which application threads were stopped: 0.0016604 seconds, Stopping threads took: 0.0000319 seconds
2019-02-01T02:48:05.694+0000: 802451.700: Application time: 0.0000840 seconds
2019-02-01T02:48:05.696+0000: 802451.701: Total time for which application threads were stopped: 0.0015807 seconds, Stopping threads took: 0.0000283 seconds
2019-02-01T02:48:06.598+0000: 802452.603: Application time: 0.9018930 seconds
2019-02-01T02:48:06.599+0000: 802452.605: Total time for which application threads were stopped: 0.0015861 seconds, Stopping threads took: 0.0000318 seconds
2019-02-01T02:48:06.599+0000: 802452.605: Application time: 0.0000575 seconds
2019-02-01T02:48:06.601+0000: 802452.607: Total time for which application threads were stopped: 0.0015411 seconds, Stopping threads took: 0.0000246 seconds
2019-02-01T02:48:06.701+0000: 802452.707: Application time: 0.1004261 seconds
2019-02-01T02:48:06.704+0000: 802452.710: Total time for which application threads were stopped: 0.0032340 seconds, Stopping threads took: 0.0000885 seconds
2019-02-01T02:48:06.704+0000: 802452.710: Application time: 0.0000587 seconds
2019-02-01T02:48:06.706+0000: 802452.712: Total time for which application threads were stopped: 0.0016438 seconds, Stopping threads took: 0.0000316 seconds
2019-02-01T02:48:06.878+0000: 802452.883: Application time: 0.1714474 seconds
2019-02-01T02:48:06.880+0000: 802452.886: Total time for which application threads were stopped: 0.0025064 seconds, Stopping threads took: 0.0000554 seconds
2019-02-01T02:48:09.411+0000: 802455.416: Application time: 2.5304638 seconds
2019-02-01T02:48:09.413+0000: 802455.419: Total time for which application threads were stopped: 0.0028576 seconds, Stopping threads took: 0.0000476 seconds
2019-02-01T02:48:09.414+0000: 802455.419: Application time: 0.0000764 seconds
2019-02-01T02:48:09.415+0000: 802455.421: Total time for which application threads were stopped: 0.0018651 seconds, Stopping threads took: 0.0000258 seconds
2019-02-01T02:48:11.542+0000: 802457.547: Application time: 2.1261773 seconds
2019-02-01T02:48:11.544+0000: 802457.550: [GC (Allocation Failure) 2019-02-01T02:48:11.549+0000: 802457.555: [SoftReference, 0 refs, 0.0000425 secs]2019-02-01T02:48:11.549+0000: 802457.555: [WeakReference, 33 refs, 0.0000201 secs]2019-02-01T02:48:11.549+0000: 802457.555: [FinalReference, 3440 refs, 0.0015282 secs]2019-02-01T02:48:11.551+0000: 802457.556: [PhantomReference, 0 refs, 0 refs, 0.0000165 secs]2019-02-01T02:48:11.551+0000: 802457.556: [JNI Weak Reference, 0.0000216 secs]
Desired survivor size 19398656 bytes, new threshold 1 (max 15)
[PSYoungGen: 558682K->8996K(536064K)] 1207816K->661131K(1242112K), 0.0111528 secs] [Times: user=0.10 sys=0.02, real=0.01 secs] 
2019-02-01T02:48:11.555+0000: 802457.561: Total time for which application threads were stopped: 0.0135387 seconds, Stopping threads took: 0.0000360 seconds
2019-02-01T02:48:30.911+0000: 802476.917: Application time: 19.3562138 seconds
2019-02-01T02:48:30.914+0000: 802476.920: [GC (Allocation Failure) 2019-02-01T02:48:30.919+0000: 802476.925: [SoftReference, 0 refs, 0.0000520 secs]2019-02-01T02:48:30.919+0000: 802476.925: [WeakReference, 23 refs, 0.0000278 secs]2019-02-01T02:48:30.919+0000: 802476.925: [FinalReference, 3503 refs, 0.0015333 secs]2019-02-01T02:48:30.920+0000: 802476.926: [PhantomReference, 0 refs, 0 refs, 0.0000197 secs]2019-02-01T02:48:30.920+0000: 802476.926: [JNI Weak Reference, 0.0000226 secs]
Desired survivor size 18874368 bytes, new threshold 2 (max 15)
[PSYoungGen: 535844K->7620K(510976K)] 1187979K->664434K(1217024K), 0.0106480 secs] [Times: user=0.10 sys=0.01, real=0.01 secs] 
2019-02-01T02:48:30.925+0000: 802476.931: Total time for which application threads were stopped: 0.0137195 seconds, Stopping threads took: 0.0000557 seconds
2019-02-01T02:48:49.927+0000: 802495.933: Application time: 19.0018708 seconds
2019-02-01T02:48:49.930+0000: 802495.936: Total time for which application threads were stopped: 0.0029479 seconds, Stopping threads took: 0.0000594 seconds
2019-02-01T02:48:50.932+0000: 802496.938: Application time: 1.0023321 seconds
2019-02-01T02:48:50.934+0000: 802496.940: [GC (Allocation Failure) 2019-02-01T02:48:50.940+0000: 802496.946: [SoftReference, 0 refs, 0.0000742 secs]2019-02-01T02:48:50.941+0000: 802496.946: [WeakReference, 47 refs, 0.0000244 secs]2019-02-01T02:48:50.941+0000: 802496.946: [FinalReference, 3100 refs, 0.0015873 secs]2019-02-01T02:48:50.942+0000: 802496.948: [PhantomReference, 0 refs, 1 refs, 0.0000161 secs]2019-02-01T02:48:50.942+0000: 802496.948: [JNI Weak Reference, 0.0000216 secs]
Desired survivor size 18874368 bytes, new threshold 3 (max 15)
[PSYoungGen: 510916K->11861K(493056K)] 1167730K->668675K(1199104K), 0.0124535 secs] [Times: user=0.14 sys=0.03, real=0.02 secs] 
2019-02-01T02:48:50.947+0000: 802496.953: Total time for which application threads were stopped: 0.0146832 seconds, Stopping threads took: 0.0000416 seconds
2019-02-01T02:48:56.977+0000: 802502.983: Application time: 6.0299635 seconds
2019-02-01T02:48:56.980+0000: 802502.986: Total time for which application threads were stopped: 0.0030681 seconds, Stopping threads took: 0.0000580 seconds
2019-02-01T02:48:56.980+0000: 802502.986: Application time: 0.0000902 seconds
2019-02-01T02:48:56.982+0000: 802502.988: Total time for which application threads were stopped: 0.0019387 seconds, Stopping threads took: 0.0000271 seconds
2019-02-01T02:48:57.082+0000: 802503.088: Application time: 0.1001225 seconds
2019-02-01T02:48:57.083+0000: 802503.089: Total time for which application threads were stopped: 0.0010552 seconds, Stopping threads took: 0.0000215 seconds
2019-02-01T02:48:57.083+0000: 802503.089: Application time: 0.0000813 seconds
2019-02-01T02:48:57.085+0000: 802503.091: Total time for which application threads were stopped: 0.0016083 seconds, Stopping threads took: 0.0000360 seconds
2019-02-01T02:48:57.286+0000: 802503.291: Application time: 0.2007072 seconds
2019-02-01T02:48:57.287+0000: 802503.293: Total time for which application threads were stopped: 0.0017504 seconds, Stopping threads took: 0.0000861 seconds
2019-02-01T02:48:57.287+0000: 802503.293: Application time: 0.0000575 seconds
2019-02-01T02:48:57.289+0000: 802503.295: Total time for which application threads were stopped: 0.0016777 seconds, Stopping threads took: 0.0000314 seconds
2019-02-01T02:48:58.591+0000: 802504.597: Application time: 1.3017382 seconds
2019-02-01T02:48:58.593+0000: 802504.599: Total time for which application threads were stopped: 0.0022246 seconds, Stopping threads took: 0.0000617 seconds
2019-02-01T02:48:58.593+0000: 802504.599: Application time: 0.0000579 seconds
2019-02-01T02:48:58.595+0000: 802504.601: Total time for which application threads were stopped: 0.0018557 seconds, Stopping threads took: 0.0000359 seconds
2019-02-01T02:49:01.906+0000: 802507.912: Application time: 3.3108068 seconds
2019-02-01T02:49:01.909+0000: 802507.915: Total time for which application threads were stopped: 0.0030000 seconds, Stopping threads took: 0.0000626 seconds
2019-02-01T02:49:07.208+0000: 802513.214: Application time: 5.2994737 seconds
2019-02-01T02:49:07.211+0000: 802513.217: Total time for which application threads were stopped: 0.0031844 seconds, Stopping threads took: 0.0000649 seconds
2019-02-01T02:49:07.212+0000: 802513.217: Application time: 0.0001022 seconds
2019-02-01T02:49:07.214+0000: 802513.219: Total time for which application threads were stopped: 0.0021308 seconds, Stopping threads took: 0.0000936 seconds
2019-02-01T02:49:07.214+0000: 802513.220: Application time: 0.0004730 seconds
2019-02-01T02:49:07.216+0000: 802513.222: [GC (Allocation Failure) 2019-02-01T02:49:07.224+0000: 802513.229: [SoftReference, 0 refs, 0.0000534 secs]2019-02-01T02:49:07.224+0000: 802513.229: [WeakReference, 49 refs, 0.0000229 secs]2019-02-01T02:49:07.224+0000: 802513.229: [FinalReference, 3163 refs, 0.0015892 secs]2019-02-01T02:49:07.225+0000: 802513.231: [PhantomReference, 0 refs, 1 refs, 0.0000167 secs]2019-02-01T02:49:07.225+0000: 802513.231: [JNI Weak Reference, 0.0000223 secs]
Desired survivor size 20447232 bytes, new threshold 4 (max 15)
[PSYoungGen: 492629K->16241K(476160K)] 1149443K->673056K(1182208K), 0.0127355 secs] [Times: user=0.16 sys=0.03, real=0.02 secs] 
2019-02-01T02:49:07.229+0000: 802513.235: Total time for which application threads were stopped: 0.0146275 seconds, Stopping threads took: 0.0000666 seconds
2019-02-01T02:49:08.030+0000: 802514.036: Application time: 0.8011454 seconds
2019-02-01T02:49:08.033+0000: 802514.039: Total time for which application threads were stopped: 0.0028964 seconds, Stopping threads took: 0.0000867 seconds
2019-02-01T02:49:08.033+0000: 802514.039: Application time: 0.0001060 seconds
2019-02-01T02:49:08.035+0000: 802514.041: Total time for which application threads were stopped: 0.0020764 seconds, Stopping threads took: 0.0000662 seconds
2019-02-01T02:49:08.136+0000: 802514.141: Application time: 0.1007043 seconds
2019-02-01T02:49:08.137+0000: 802514.143: Total time for which application threads were stopped: 0.0016558 seconds, Stopping threads took: 0.0000352 seconds
2019-02-01T02:49:08.137+0000: 802514.143: Application time: 0.0001048 seconds
2019-02-01T02:49:08.139+0000: 802514.145: Total time for which application threads were stopped: 0.0016192 seconds, Stopping threads took: 0.0000714 seconds
2019-02-01T02:49:08.240+0000: 802514.245: Application time: 0.1005156 seconds
2019-02-01T02:49:08.241+0000: 802514.247: Total time for which application threads were stopped: 0.0016281 seconds, Stopping threads took: 0.0000317 seconds
2019-02-01T02:49:08.241+0000: 802514.247: Application time: 0.0001082 seconds
2019-02-01T02:49:08.243+0000: 802514.249: Total time for which application threads were stopped: 0.0016801 seconds, Stopping threads took: 0.0001111 seconds
2019-02-01T02:49:09.145+0000: 802515.150: Application time: 0.9015149 seconds
2019-02-01T02:49:09.146+0000: 802515.152: Total time for which application threads were stopped: 0.0016571 seconds, Stopping threads took: 0.0000339 seconds
2019-02-01T02:49:09.146+0000: 802515.152: Application time: 0.0000967 seconds
2019-02-01T02:49:09.148+0000: 802515.154: Total time for which application threads were stopped: 0.0017323 seconds, Stopping threads took: 0.0000827 seconds
2019-02-01T02:49:09.949+0000: 802515.955: Application time: 0.8010012 seconds
2019-02-01T02:49:09.951+0000: 802515.957: Total time for which application threads were stopped: 0.0017433 seconds, Stopping threads took: 0.0000450 seconds
2019-02-01T02:49:09.951+0000: 802515.957: Application time: 0.0000773 seconds
2019-02-01T02:49:09.952+0000: 802515.958: Total time for which application threads were stopped: 0.0010561 seconds, Stopping threads took: 0.0000184 seconds
2019-02-01T02:49:15.562+0000: 802521.567: Application time: 5.6096605 seconds
2019-02-01T02:49:15.565+0000: 802521.570: Total time for which application threads were stopped: 0.0030972 seconds, Stopping threads took: 0.0000523 seconds
2019-02-01T02:49:15.565+0000: 802521.571: Application time: 0.0001107 seconds
2019-02-01T02:49:15.567+0000: 802521.573: Total time for which application threads were stopped: 0.0020848 seconds, Stopping threads took: 0.0000939 seconds
2019-02-01T02:49:17.567+0000: 802523.573: Application time: 2.0002124 seconds
2019-02-01T02:49:17.570+0000: 802523.576: Total time for which application threads were stopped: 0.0026171 seconds, Stopping threads took: 0.0000406 seconds
2019-02-01T02:49:18.808+0000: 802524.814: Application time: 1.2386413 seconds
2019-02-01T02:49:18.810+0000: 802524.816: Total time for which application threads were stopped: 0.0019879 seconds, Stopping threads took: 0.0000458 seconds
2019-02-01T02:49:24.472+0000: 802530.477: Application time: 5.6611878 seconds
2019-02-01T02:49:24.475+0000: 802530.480: [GC (Allocation Failure) 2019-02-01T02:49:24.481+0000: 802530.487: [SoftReference, 0 refs, 0.0000556 secs]2019-02-01T02:49:24.481+0000: 802530.487: [WeakReference, 56 refs, 0.0000241 secs]2019-02-01T02:49:24.481+0000: 802530.487: [FinalReference, 2986 refs, 0.0013642 secs]2019-02-01T02:49:24.482+0000: 802530.488: [PhantomReference, 0 refs, 1 refs, 0.0000161 secs]2019-02-01T02:49:24.482+0000: 802530.488: [JNI Weak Reference, 0.0000221 secs]
Desired survivor size 21495808 bytes, new threshold 5 (max 15)
[PSYoungGen: 476017K->17044K(457216K)] 1132832K->673858K(1163264K), 0.0135775 secs] [Times: user=0.13 sys=0.01, real=0.01 secs] 
2019-02-01T02:49:24.488+0000: 802530.494: Total time for which application threads were stopped: 0.0167583 seconds, Stopping threads took: 0.0000502 seconds
2019-02-01T02:49:35.303+0000: 802541.309: Application time: 10.8148412 seconds
2019-02-01T02:49:35.306+0000: 802541.312: Total time for which application threads were stopped: 0.0032371 seconds, Stopping threads took: 0.0000758 seconds
2019-02-01T02:49:35.307+0000: 802541.312: Application time: 0.0000999 seconds
2019-02-01T02:49:35.309+0000: 802541.314: Total time for which application threads were stopped: 0.0021064 seconds, Stopping threads took: 0.0001277 seconds
2019-02-01T02:49:35.910+0000: 802541.916: Application time: 0.6012928 seconds
2019-02-01T02:49:35.913+0000: 802541.919: Total time for which application threads were stopped: 0.0029958 seconds, Stopping threads took: 0.0001479 seconds
2019-02-01T02:49:41.504+0000: 802547.509: Application time: 5.5906771 seconds
2019-02-01T02:49:41.507+0000: 802547.512: [GC (Allocation Failure) 2019-02-01T02:49:41.513+0000: 802547.519: [SoftReference, 0 refs, 0.0000534 secs]2019-02-01T02:49:41.513+0000: 802547.519: [WeakReference, 5 refs, 0.0000256 secs]2019-02-01T02:49:41.513+0000: 802547.519: [FinalReference, 0 refs, 0.0000114 secs]2019-02-01T02:49:41.513+0000: 802547.519: [PhantomReference, 0 refs, 1 refs, 0.0000140 secs]2019-02-01T02:49:41.513+0000: 802547.519: [JNI Weak Reference, 0.0000218 secs]
Desired survivor size 24117248 bytes, new threshold 4 (max 15)
[PSYoungGen: 456852K->6642K(427520K)] 1113666K->677778K(1133568K), 0.0095410 secs] [Times: user=0.14 sys=0.00, real=0.01 secs] 
2019-02-01T02:49:41.516+0000: 802547.522: Total time for which application threads were stopped: 0.0127266 seconds, Stopping threads took: 0.0000814 seconds
2019-02-01T02:49:42.978+0000: 802548.984: Application time: 1.4619158 seconds
2019-02-01T02:49:42.981+0000: 802548.987: Total time for which application threads were stopped: 0.0028364 seconds, Stopping threads took: 0.0000766 seconds
2019-02-01T02:49:53.037+0000: 802559.043: Application time: 10.0556734 seconds
2019-02-01T02:49:53.040+0000: 802559.046: Total time for which application threads were stopped: 0.0037286 seconds, Stopping threads took: 0.0000833 seconds
2019-02-01T02:49:53.041+0000: 802559.046: Application time: 0.0001076 seconds
2019-02-01T02:49:53.043+0000: 802559.049: Total time for which application threads were stopped: 0.0023517 seconds, Stopping threads took: 0.0001017 seconds
2019-02-01T02:49:55.646+0000: 802561.652: Application time: 2.6030441 seconds
2019-02-01T02:49:55.650+0000: 802561.655: Total time for which application threads were stopped: 0.0035399 seconds, Stopping threads took: 0.0001108 seconds
2019-02-01T02:49:55.650+0000: 802561.655: Application time: 0.0000752 seconds
2019-02-01T02:49:55.652+0000: 802561.658: Total time for which application threads were stopped: 0.0027397 seconds, Stopping threads took: 0.0000859 seconds
2019-02-01T02:49:57.477+0000: 802563.483: Application time: 1.8244874 seconds
2019-02-01T02:49:57.480+0000: 802563.486: Total time for which application threads were stopped: 0.0029426 seconds, Stopping threads took: 0.0001015 seconds
2019-02-01T02:49:57.480+0000: 802563.486: Application time: 0.0001563 seconds
2019-02-01T02:49:57.482+0000: 802563.488: [GC (GCLocker Initiated GC) 2019-02-01T02:49:57.488+0000: 802563.493: [SoftReference, 0 refs, 0.0000447 secs]2019-02-01T02:49:57.488+0000: 802563.494: [WeakReference, 16 refs, 0.0000110 secs]2019-02-01T02:49:57.488+0000: 802563.494: [FinalReference, 2834 refs, 0.0007859 secs]2019-02-01T02:49:57.489+0000: 802563.494: [PhantomReference, 0 refs, 0 refs, 0.0000087 secs]2019-02-01T02:49:57.489+0000: 802563.494: [JNI Weak Reference, 0.0000158 secs]
Desired survivor size 23592960 bytes, new threshold 5 (max 15)
[PSYoungGen: 427506K->13311K(415744K)] 1098643K->686292K(1121792K), 0.0095812 secs] [Times: user=0.13 sys=0.00, real=0.01 secs] 
2019-02-01T02:49:57.492+0000: 802563.497: Total time for which application threads were stopped: 0.0116773 seconds, Stopping threads took: 0.0000425 seconds
2019-02-01T02:49:57.758+0000: 802563.763: Application time: 0.2659308 seconds
2019-02-01T02:49:57.760+0000: 802563.766: Total time for which application threads were stopped: 0.0025824 seconds, Stopping threads took: 0.0000528 seconds
2019-02-01T02:49:57.760+0000: 802563.766: Application time: 0.0001057 seconds
2019-02-01T02:49:57.762+0000: 802563.768: Total time for which application threads were stopped: 0.0015153 seconds, Stopping threads took: 0.0000891 seconds
2019-02-01T02:50:00.164+0000: 802566.170: Application time: 2.4020285 seconds
2019-02-01T02:50:00.167+0000: 802566.172: Total time for which application threads were stopped: 0.0028279 seconds, Stopping threads took: 0.0000447 seconds
2019-02-01T02:50:00.167+0000: 802566.173: Application time: 0.0001487 seconds
2019-02-01T02:50:00.169+0000: 802566.174: Total time for which application threads were stopped: 0.0018234 seconds, Stopping threads took: 0.0000370 seconds
2019-02-01T02:50:01.906+0000: 802567.912: Application time: 1.7372058 seconds
2019-02-01T02:50:01.909+0000: 802567.915: Total time for which application threads were stopped: 0.0030259 seconds, Stopping threads took: 0.0000984 seconds
2019-02-01T02:50:04.075+0000: 802570.081: Application time: 2.1663315 seconds
2019-02-01T02:50:04.078+0000: 802570.084: Total time for which application threads were stopped: 0.0031644 seconds, Stopping threads took: 0.0000584 seconds
2019-02-01T02:50:04.079+0000: 802570.084: Application time: 0.0001166 seconds
2019-02-01T02:50:04.081+0000: 802570.086: Total time for which application threads were stopped: 0.0020877 seconds, Stopping threads took: 0.0000446 seconds
2019-02-01T02:50:04.281+0000: 802570.287: Application time: 0.2008006 seconds
2019-02-01T02:50:04.284+0000: 802570.289: Total time for which application threads were stopped: 0.0021173 seconds, Stopping threads took: 0.0000391 seconds
2019-02-01T02:50:04.284+0000: 802570.289: Application time: 0.0000945 seconds
2019-02-01T02:50:04.286+0000: 802570.291: Total time for which application threads were stopped: 0.0018821 seconds, Stopping threads took: 0.0000293 seconds
2019-02-01T02:50:04.687+0000: 802570.693: Application time: 0.4012971 seconds
2019-02-01T02:50:04.689+0000: 802570.695: Total time for which application threads were stopped: 0.0020922 seconds, Stopping threads took: 0.0000389 seconds
2019-02-01T02:50:04.689+0000: 802570.695: Application time: 0.0000991 seconds
2019-02-01T02:50:04.691+0000: 802570.697: Total time for which application threads were stopped: 0.0018064 seconds, Stopping threads took: 0.0000284 seconds
2019-02-01T02:50:04.792+0000: 802570.797: Application time: 0.1006949 seconds
2019-02-01T02:50:04.795+0000: 802570.801: Total time for which application threads were stopped: 0.0036612 seconds, Stopping threads took: 0.0000279 seconds
2019-02-01T02:50:04.795+0000: 802570.801: Application time: 0.0000979 seconds
2019-02-01T02:50:04.797+0000: 802570.803: Total time for which application threads were stopped: 0.0016657 seconds, Stopping threads took: 0.0000474 seconds
2019-02-01T02:50:05.498+0000: 802571.504: Application time: 0.7009097 seconds
2019-02-01T02:50:05.500+0000: 802571.506: Total time for which application threads were stopped: 0.0024021 seconds, Stopping threads took: 0.0000928 seconds
2019-02-01T02:50:05.518+0000: 802571.524: Application time: 0.0179147 seconds
2019-02-01T02:50:05.520+0000: 802571.526: Total time for which application threads were stopped: 0.0019027 seconds, Stopping threads took: 0.0000384 seconds
2019-02-01T02:50:05.603+0000: 802571.608: Application time: 0.0825711 seconds
2019-02-01T02:50:05.604+0000: 802571.610: Total time for which application threads were stopped: 0.0017024 seconds, Stopping threads took: 0.0000355 seconds
2019-02-01T02:50:05.985+0000: 802571.991: Application time: 0.3807722 seconds
2019-02-01T02:50:05.987+0000: 802571.993: Total time for which application threads were stopped: 0.0017643 seconds, Stopping threads took: 0.0000704 seconds
2019-02-01T02:50:06.739+0000: 802572.745: Application time: 0.7522284 seconds
2019-02-01T02:50:06.741+0000: 802572.747: Total time for which application threads were stopped: 0.0017378 seconds, Stopping threads took: 0.0000451 seconds
2019-02-01T02:50:12.192+0000: 802578.198: Application time: 5.4512587 seconds
2019-02-01T02:50:12.195+0000: 802578.201: [GC (Allocation Failure) 2019-02-01T02:50:12.200+0000: 802578.206: [SoftReference, 0 refs, 0.0000530 secs]2019-02-01T02:50:12.200+0000: 802578.206: [WeakReference, 69 refs, 0.0000281 secs]2019-02-01T02:50:12.200+0000: 802578.206: [FinalReference, 2540 refs, 0.0010112 secs]2019-02-01T02:50:12.201+0000: 802578.207: [PhantomReference, 0 refs, 0 refs, 0.0000154 secs]2019-02-01T02:50:12.201+0000: 802578.207: [JNI Weak Reference, 0.0000216 secs]
Desired survivor size 24641536 bytes, new threshold 6 (max 15)
[PSYoungGen: 415743K->18587K(403968K)] 1088727K->691572K(1110016K), 0.0103619 secs] [Times: user=0.14 sys=0.00, real=0.01 secs] 
2019-02-01T02:50:12.206+0000: 802578.211: Total time for which application threads were stopped: 0.0135652 seconds, Stopping threads took: 0.0000910 seconds
2019-02-01T02:50:27.835+0000: 802593.841: Application time: 15.6292260 seconds
2019-02-01T02:50:27.838+0000: 802593.844: [GC (Allocation Failure) 2019-02-01T02:50:27.844+0000: 802593.850: [SoftReference, 0 refs, 0.0000567 secs]2019-02-01T02:50:27.844+0000: 802593.850: [WeakReference, 38 refs, 0.0000210 secs]2019-02-01T02:50:27.844+0000: 802593.850: [FinalReference, 2717 refs, 0.0010529 secs]2019-02-01T02:50:27.845+0000: 802593.851: [PhantomReference, 0 refs, 0 refs, 0.0000158 secs]2019-02-01T02:50:27.845+0000: 802593.851: [JNI Weak Reference, 0.0000221 secs]
Desired survivor size 26738688 bytes, new threshold 7 (max 15)
[PSYoungGen: 403611K->20358K(389120K)] 1076596K->693342K(1095168K), 0.0140663 secs] [Times: user=0.13 sys=0.00, real=0.02 secs] 
2019-02-01T02:50:27.852+0000: 802593.858: Total time for which application threads were stopped: 0.0174848 seconds, Stopping threads took: 0.0000698 seconds
2019-02-01T02:50:28.354+0000: 802594.360: Application time: 0.5017342 seconds
2019-02-01T02:50:28.357+0000: 802594.363: Total time for which application threads were stopped: 0.0030721 seconds, Stopping threads took: 0.0000474 seconds
2019-02-01T02:50:28.357+0000: 802594.363: Application time: 0.0001011 seconds
2019-02-01T02:50:28.360+0000: 802594.365: Total time for which application threads were stopped: 0.0022760 seconds, Stopping threads took: 0.0000969 seconds
2019-02-01T02:50:41.170+0000: 802607.176: Application time: 12.8105763 seconds
2019-02-01T02:50:41.173+0000: 802607.179: [GC (Allocation Failure) 2019-02-01T02:50:41.179+0000: 802607.185: [SoftReference, 0 refs, 0.0000589 secs]2019-02-01T02:50:41.180+0000: 802607.185: [WeakReference, 10 refs, 0.0000157 secs]2019-02-01T02:50:41.180+0000: 802607.185: [FinalReference, 0 refs, 0.0000111 secs]2019-02-01T02:50:41.180+0000: 802607.185: [PhantomReference, 0 refs, 0 refs, 0.0000133 secs]2019-02-01T02:50:41.180+0000: 802607.185: [JNI Weak Reference, 0.0000245 secs]
Desired survivor size 27787264 bytes, new threshold 6 (max 15)
[PSYoungGen: 388998K->9185K(361984K)] 1061982K->693794K(1068032K), 0.0096185 secs] [Times: user=0.16 sys=0.00, real=0.01 secs] 
2019-02-01T02:50:41.183+0000: 802607.189: Total time for which application threads were stopped: 0.0128782 seconds, Stopping threads took: 0.0000716 seconds
2019-02-01T02:50:56.370+0000: 802622.376: Application time: 15.1866857 seconds
2019-02-01T02:50:56.373+0000: 802622.379: [GC (Allocation Failure) 2019-02-01T02:50:56.379+0000: 802622.384: [SoftReference, 0 refs, 0.0000459 secs]2019-02-01T02:50:56.379+0000: 802622.384: [WeakReference, 7 refs, 0.0000149 secs]2019-02-01T02:50:56.379+0000: 802622.384: [FinalReference, 2190 refs, 0.0009464 secs]2019-02-01T02:50:56.380+0000: 802622.385: [PhantomReference, 0 refs, 1 refs, 0.0000156 secs]2019-02-01T02:50:56.380+0000: 802622.385: [JNI Weak Reference, 0.0000220 secs]
Desired survivor size 26738688 bytes, new threshold 7 (max 15)
[PSYoungGen: 361953K->13965K(352256K)] 1046562K->699406K(1058304K), 0.0116331 secs] [Times: user=0.14 sys=0.01, real=0.02 secs] 
2019-02-01T02:50:56.385+0000: 802622.391: Total time for which application threads were stopped: 0.0149310 seconds, Stopping threads took: 0.0001541 seconds
2019-02-01T02:50:56.911+0000: 802622.917: Application time: 0.5266240 seconds
2019-02-01T02:50:56.914+0000: 802622.920: Total time for which application threads were stopped: 0.0030013 seconds, Stopping threads took: 0.0000736 seconds
2019-02-01T02:50:56.914+0000: 802622.920: Application time: 0.0001138 seconds
2019-02-01T02:50:56.916+0000: 802622.922: Total time for which application threads were stopped: 0.0019688 seconds, Stopping threads took: 0.0000570 seconds
2019-02-01T02:50:57.017+0000: 802623.023: Application time: 0.1008113 seconds
2019-02-01T02:50:57.019+0000: 802623.025: Total time for which application threads were stopped: 0.0018758 seconds, Stopping threads took: 0.0001196 seconds
2019-02-01T02:50:57.718+0000: 802623.724: Application time: 0.6992680 seconds
2019-02-01T02:50:57.720+0000: 802623.726: Total time for which application threads were stopped: 0.0016791 seconds, Stopping threads took: 0.0000423 seconds
2019-02-01T02:50:57.720+0000: 802623.726: Application time: 0.0000887 seconds
2019-02-01T02:50:57.722+0000: 802623.728: Total time for which application threads were stopped: 0.0016086 seconds, Stopping threads took: 0.0000701 seconds
2019-02-01T02:51:01.528+0000: 802627.534: Application time: 3.8064422 seconds
2019-02-01T02:51:01.531+0000: 802627.537: Total time for which application threads were stopped: 0.0029275 seconds, Stopping threads took: 0.0000564 seconds
2019-02-01T02:51:01.531+0000: 802627.537: Application time: 0.0000860 seconds
2019-02-01T02:51:01.533+0000: 802627.539: Total time for which application threads were stopped: 0.0019353 seconds, Stopping threads took: 0.0000752 seconds
2019-02-01T02:51:01.906+0000: 802627.912: Application time: 0.3728394 seconds
2019-02-01T02:51:01.909+0000: 802627.915: Total time for which application threads were stopped: 0.0029874 seconds, Stopping threads took: 0.0000452 seconds
2019-02-01T02:51:05.441+0000: 802631.447: Application time: 3.5321117 seconds
2019-02-01T02:51:05.444+0000: 802631.450: Total time for which application threads were stopped: 0.0029062 seconds, Stopping threads took: 0.0000549 seconds
2019-02-01T02:51:05.444+0000: 802631.450: Application time: 0.0001066 seconds
2019-02-01T02:51:05.446+0000: 802631.452: Total time for which application threads were stopped: 0.0018326 seconds, Stopping threads took: 0.0000870 seconds
2019-02-01T02:51:05.645+0000: 802631.651: Application time: 0.1987142 seconds
2019-02-01T02:51:05.647+0000: 802631.652: Total time for which application threads were stopped: 0.0019790 seconds, Stopping threads took: 0.0001243 seconds
2019-02-01T02:51:10.030+0000: 802636.036: Application time: 4.3831761 seconds
2019-02-01T02:51:10.033+0000: 802636.039: [GC (Allocation Failure) 2019-02-01T02:51:10.038+0000: 802636.044: [SoftReference, 0 refs, 0.0000506 secs]2019-02-01T02:51:10.038+0000: 802636.044: [WeakReference, 17 refs, 0.0000183 secs]2019-02-01T02:51:10.038+0000: 802636.044: [FinalReference, 2438 refs, 0.0010214 secs]2019-02-01T02:51:10.039+0000: 802636.045: [PhantomReference, 0 refs, 1 refs, 0.0000157 secs]2019-02-01T02:51:10.039+0000: 802636.045: [JNI Weak Reference, 0.0000214 secs]
Desired survivor size 26214400 bytes, new threshold 8 (max 15)
[PSYoungGen: 351859K->16059K(339968K)] 1037299K->701500K(1046016K), 0.0111082 secs] [Times: user=0.11 sys=0.00, real=0.01 secs] 
2019-02-01T02:51:10.044+0000: 802636.050: Total time for which application threads were stopped: 0.0142750 seconds, Stopping threads took: 0.0000617 seconds
2019-02-01T02:51:15.659+0000: 802641.665: Application time: 5.6150559 seconds
2019-02-01T02:51:15.662+0000: 802641.668: Total time for which application threads were stopped: 0.0030967 seconds, Stopping threads took: 0.0000628 seconds
2019-02-01T02:51:15.662+0000: 802641.668: Application time: 0.0000765 seconds
2019-02-01T02:51:15.664+0000: 802641.670: Total time for which application threads were stopped: 0.0018829 seconds, Stopping threads took: 0.0000948 seconds
2019-02-01T02:51:15.765+0000: 802641.771: Application time: 0.1005854 seconds
2019-02-01T02:51:15.767+0000: 802641.772: Total time for which application threads were stopped: 0.0016954 seconds, Stopping threads took: 0.0000359 seconds
2019-02-01T02:51:15.767+0000: 802641.772: Application time: 0.0000609 seconds
2019-02-01T02:51:15.768+0000: 802641.774: Total time for which application threads were stopped: 0.0015917 seconds, Stopping threads took: 0.0000237 seconds
2019-02-01T02:51:15.969+0000: 802641.975: Application time: 0.2007056 seconds
2019-02-01T02:51:15.971+0000: 802641.976: Total time for which application threads were stopped: 0.0017547 seconds, Stopping threads took: 0.0000697 seconds
2019-02-01T02:51:15.971+0000: 802641.977: Application time: 0.0000846 seconds
2019-02-01T02:51:15.972+0000: 802641.978: Total time for which application threads were stopped: 0.0015139 seconds, Stopping threads took: 0.0000728 seconds
2019-02-01T02:51:16.073+0000: 802642.079: Application time: 0.1005866 seconds
2019-02-01T02:51:16.074+0000: 802642.080: Total time for which application threads were stopped: 0.0010617 seconds, Stopping threads took: 0.0000207 seconds
2019-02-01T02:51:16.074+0000: 802642.080: Application time: 0.0001026 seconds
2019-02-01T02:51:16.076+0000: 802642.081: Total time for which application threads were stopped: 0.0015806 seconds, Stopping threads took: 0.0000241 seconds
2019-02-01T02:51:16.422+0000: 802642.428: Application time: 0.3464219 seconds
2019-02-01T02:51:16.425+0000: 802642.431: Total time for which application threads were stopped: 0.0028082 seconds, Stopping threads took: 0.0001075 seconds
2019-02-01T02:51:16.777+0000: 802642.783: Application time: 0.3523482 seconds
2019-02-01T02:51:16.780+0000: 802642.785: Total time for which application threads were stopped: 0.0023990 seconds, Stopping threads took: 0.0000353 seconds
2019-02-01T02:51:16.780+0000: 802642.786: Application time: 0.0000927 seconds
2019-02-01T02:51:16.781+0000: 802642.787: Total time for which application threads were stopped: 0.0016602 seconds, Stopping threads took: 0.0000792 seconds
2019-02-01T02:51:18.585+0000: 802644.591: Application time: 1.8040307 seconds
2019-02-01T02:51:18.589+0000: 802644.594: Total time for which application threads were stopped: 0.0031178 seconds, Stopping threads took: 0.0000623 seconds
2019-02-01T02:51:18.589+0000: 802644.594: Application time: 0.0000920 seconds
2019-02-01T02:51:18.591+0000: 802644.596: Total time for which application threads were stopped: 0.0020424 seconds, Stopping threads took: 0.0001055 seconds
2019-02-01T02:51:20.302+0000: 802646.307: Application time: 1.7108840 seconds
2019-02-01T02:51:20.304+0000: 802646.310: [GC (Allocation Failure) 2019-02-01T02:51:20.322+0000: 802646.328: [SoftReference, 0 refs, 0.0000468 secs]2019-02-01T02:51:20.322+0000: 802646.328: [WeakReference, 23 refs, 0.0000154 secs]2019-02-01T02:51:20.322+0000: 802646.328: [FinalReference, 2396 refs, 0.0007399 secs]2019-02-01T02:51:20.323+0000: 802646.329: [PhantomReference, 0 refs, 1 refs, 0.0000140 secs]2019-02-01T02:51:20.323+0000: 802646.329: [JNI Weak Reference, 0.0000185 secs]
Desired survivor size 26214400 bytes, new threshold 9 (max 15)
[PSYoungGen: 339643K->17020K(327680K)] 1025084K->702461K(1033728K), 0.0237965 secs] [Times: user=0.34 sys=0.00, real=0.03 secs] 
2019-02-01T02:51:20.328+0000: 802646.334: Total time for which application threads were stopped: 0.0264088 seconds, Stopping threads took: 0.0000565 seconds
2019-02-01T02:51:27.303+0000: 802653.309: Application time: 6.9754076 seconds
2019-02-01T02:51:27.306+0000: 802653.312: Total time for which application threads were stopped: 0.0025547 seconds, Stopping threads took: 0.0000519 seconds
2019-02-01T02:51:27.306+0000: 802653.312: Application time: 0.0000966 seconds
2019-02-01T02:51:27.307+0000: 802653.313: Total time for which application threads were stopped: 0.0011819 seconds, Stopping threads took: 0.0000410 seconds
2019-02-01T02:51:31.636+0000: 802657.642: Application time: 4.3292307 seconds
2019-02-01T02:51:31.639+0000: 802657.645: [GC (Allocation Failure) 2019-02-01T02:51:31.645+0000: 802657.651: [SoftReference, 0 refs, 0.0000430 secs]2019-02-01T02:51:31.645+0000: 802657.651: [WeakReference, 22 refs, 0.0000104 secs]2019-02-01T02:51:31.645+0000: 802657.651: [FinalReference, 2201 refs, 0.0008086 secs]2019-02-01T02:51:31.646+0000: 802657.651: [PhantomReference, 0 refs, 1 refs, 0.0000091 secs]2019-02-01T02:51:31.646+0000: 802657.651: [JNI Weak Reference, 0.0000130 secs]
Desired survivor size 25690112 bytes, new threshold 10 (max 15)
[PSYoungGen: 327292K->16965K(314880K)] 1012733K->702406K(1020928K), 0.0090688 secs] [Times: user=0.14 sys=0.01, real=0.01 secs] 
2019-02-01T02:51:31.648+0000: 802657.654: Total time for which application threads were stopped: 0.0116774 seconds, Stopping threads took: 0.0000471 seconds
2019-02-01T02:51:40.776+0000: 802666.782: Application time: 9.1277372 seconds
2019-02-01T02:51:40.778+0000: 802666.784: [GC (Allocation Failure) 2019-02-01T02:51:40.784+0000: 802666.790: [SoftReference, 0 refs, 0.0000472 secs]2019-02-01T02:51:40.784+0000: 802666.790: [WeakReference, 70 refs, 0.0000228 secs]2019-02-01T02:51:40.784+0000: 802666.790: [FinalReference, 2220 refs, 0.0006895 secs]2019-02-01T02:51:40.785+0000: 802666.790: [PhantomReference, 0 refs, 1 refs, 0.0000211 secs]2019-02-01T02:51:40.785+0000: 802666.790: [JNI Weak Reference, 0.0000192 secs]
Desired survivor size 26738688 bytes, new threshold 11 (max 15)
[PSYoungGen: 314437K->20225K(305664K)] 999878K->705665K(1011712K), 0.0112461 secs] [Times: user=0.12 sys=0.00, real=0.01 secs] 
2019-02-01T02:51:40.790+0000: 802666.796: Total time for which application threads were stopped: 0.0138981 seconds, Stopping threads took: 0.0000453 seconds
2019-02-01T02:51:42.966+0000: 802668.972: Application time: 2.1760831 seconds
2019-02-01T02:51:42.968+0000: 802668.974: Total time for which application threads were stopped: 0.0024827 seconds, Stopping threads took: 0.0001079 seconds
2019-02-01T02:51:48.036+0000: 802674.042: Application time: 5.0678722 seconds
2019-02-01T02:51:48.039+0000: 802674.045: Total time for which application threads were stopped: 0.0026233 seconds, Stopping threads took: 0.0000559 seconds
2019-02-01T02:51:48.039+0000: 802674.045: Application time: 0.0000868 seconds
2019-02-01T02:51:48.040+0000: 802674.046: Total time for which application threads were stopped: 0.0012923 seconds, Stopping threads took: 0.0000792 seconds
2019-02-01T02:51:49.294+0000: 802675.299: Application time: 1.2533156 seconds
2019-02-01T02:51:49.296+0000: 802675.302: Total time for which application threads were stopped: 0.0028005 seconds, Stopping threads took: 0.0000681 seconds
2019-02-01T02:51:51.458+0000: 802677.464: Application time: 2.1615244 seconds
2019-02-01T02:51:51.461+0000: 802677.467: Total time for which application threads were stopped: 0.0030395 seconds, Stopping threads took: 0.0000707 seconds
2019-02-01T02:51:51.461+0000: 802677.467: Application time: 0.0001465 seconds
2019-02-01T02:51:51.463+0000: 802677.469: [GC (GCLocker Initiated GC) 2019-02-01T02:51:51.470+0000: 802677.476: [SoftReference, 0 refs, 0.0000560 secs]2019-02-01T02:51:51.470+0000: 802677.476: [WeakReference, 31 refs, 0.0000226 secs]2019-02-01T02:51:51.470+0000: 802677.476: [FinalReference, 2132 refs, 0.0009016 secs]2019-02-01T02:51:51.471+0000: 802677.477: [PhantomReference, 0 refs, 0 refs, 0.0000154 secs]2019-02-01T02:51:51.471+0000: 802677.477: [JNI Weak Reference, 0.0000219 secs]
Desired survivor size 28311552 bytes, new threshold 10 (max 15)
[PSYoungGen: 305409K->12789K(286208K)] 990851K->707999K(992256K), 0.0112690 secs] [Times: user=0.14 sys=0.01, real=0.01 secs] 
2019-02-01T02:51:51.474+0000: 802677.480: [Full GC (Ergonomics) 2019-02-01T02:51:51.520+0000: 802677.526: [SoftReference, 180 refs, 0.0000742 secs]2019-02-01T02:51:51.520+0000: 802677.526: [WeakReference, 1855 refs, 0.0002583 secs]2019-02-01T02:51:51.520+0000: 802677.526: [FinalReference, 6603 refs, 0.0032932 secs]2019-02-01T02:51:51.524+0000: 802677.529: [PhantomReference, 0 refs, 138 refs, 0.0000276 secs]2019-02-01T02:51:51.524+0000: 802677.529: [JNI Weak Reference, 0.0000247 secs][PSYoungGen: 12789K->0K(286208K)] [ParOldGen: 695210K->643409K(714240K)] 707999K->643409K(1000448K), [Metaspace: 75215K->75215K(1118208K)], 0.1518376 secs] [Times: user=2.39 sys=0.00, real=0.15 secs] 
2019-02-01T02:51:51.626+0000: 802677.632: Total time for which application threads were stopped: 0.1653406 seconds, Stopping threads took: 0.0001060 seconds
2019-02-01T02:51:54.032+0000: 802680.037: Application time: 2.4051444 seconds
2019-02-01T02:51:54.035+0000: 802680.041: Total time for which application threads were stopped: 0.0031546 seconds, Stopping threads took: 0.0000557 seconds
2019-02-01T02:51:54.035+0000: 802680.041: Application time: 0.0000958 seconds
2019-02-01T02:51:54.037+0000: 802680.043: Total time for which application threads were stopped: 0.0021125 seconds, Stopping threads took: 0.0000713 seconds
2019-02-01T02:51:56.941+0000: 802682.947: Application time: 2.9038512 seconds
2019-02-01T02:51:56.944+0000: 802682.950: Total time for which application threads were stopped: 0.0030069 seconds, Stopping threads took: 0.0000601 seconds
2019-02-01T02:51:56.944+0000: 802682.950: Application time: 0.0000974 seconds
2019-02-01T02:51:56.946+0000: 802682.952: Total time for which application threads were stopped: 0.0018066 seconds, Stopping threads took: 0.0000402 seconds
2019-02-01T02:51:59.502+0000: 802685.508: Application time: 2.5563048 seconds
2019-02-01T02:51:59.505+0000: 802685.511: Total time for which application threads were stopped: 0.0029795 seconds, Stopping threads took: 0.0000585 seconds
2019-02-01T02:51:59.549+0000: 802685.554: Application time: 0.0435251 seconds
2019-02-01T02:51:59.550+0000: 802685.556: Total time for which application threads were stopped: 0.0018310 seconds, Stopping threads took: 0.0000316 seconds
2019-02-01T02:51:59.551+0000: 802685.556: Application time: 0.0001085 seconds
2019-02-01T02:51:59.552+0000: 802685.558: Total time for which application threads were stopped: 0.0016029 seconds, Stopping threads took: 0.0000755 seconds
2019-02-01T02:52:01.055+0000: 802687.061: Application time: 1.5029688 seconds
2019-02-01T02:52:01.058+0000: 802687.064: Total time for which application threads were stopped: 0.0030928 seconds, Stopping threads took: 0.0000599 seconds
2019-02-01T02:52:01.058+0000: 802687.064: Application time: 0.0000591 seconds
2019-02-01T02:52:01.060+0000: 802687.066: Total time for which application threads were stopped: 0.0020003 seconds, Stopping threads took: 0.0000372 seconds
2019-02-01T02:52:01.361+0000: 802687.367: Application time: 0.3009595 seconds
2019-02-01T02:52:01.364+0000: 802687.370: Total time for which application threads were stopped: 0.0030789 seconds, Stopping threads took: 0.0000674 seconds
2019-02-01T02:52:01.364+0000: 802687.370: Application time: 0.0000860 seconds
2019-02-01T02:52:01.367+0000: 802687.372: Total time for which application threads were stopped: 0.0021122 seconds, Stopping threads took: 0.0001215 seconds
2019-02-01T02:52:01.467+0000: 802687.473: Application time: 0.1008776 seconds
2019-02-01T02:52:01.470+0000: 802687.476: Total time for which application threads were stopped: 0.0030434 seconds, Stopping threads took: 0.0000478 seconds
2019-02-01T02:52:01.471+0000: 802687.476: Application time: 0.0001002 seconds
2019-02-01T02:52:01.473+0000: 802687.478: Total time for which application threads were stopped: 0.0020986 seconds, Stopping threads took: 0.0000899 seconds
2019-02-01T02:52:01.906+0000: 802687.912: Application time: 0.4334407 seconds
2019-02-01T02:52:01.909+0000: 802687.915: Total time for which application threads were stopped: 0.0029405 seconds, Stopping threads took: 0.0000445 seconds
2019-02-01T02:52:02.867+0000: 802688.873: Application time: 0.9578862 seconds
2019-02-01T02:52:02.870+0000: 802688.876: [GC (Allocation Failure) 2019-02-01T02:52:02.879+0000: 802688.885: [SoftReference, 0 refs, 0.0000357 secs]2019-02-01T02:52:02.879+0000: 802688.885: [WeakReference, 32 refs, 0.0000150 secs]2019-02-01T02:52:02.879+0000: 802688.885: [FinalReference, 1764 refs, 0.0005082 secs]2019-02-01T02:52:02.880+0000: 802688.885: [PhantomReference, 0 refs, 0 refs, 0.0000086 secs]2019-02-01T02:52:02.880+0000: 802688.885: [JNI Weak Reference, 0.0000133 secs]
Desired survivor size 28835840 bytes, new threshold 11 (max 15)
[PSYoungGen: 273408K->7984K(270336K)] 916820K->651396K(984576K), 0.0137159 secs] [Times: user=0.24 sys=0.01, real=0.01 secs] 
2019-02-01T02:52:02.884+0000: 802688.890: Total time for which application threads were stopped: 0.0168960 seconds, Stopping threads took: 0.0000609 seconds
2019-02-01T02:52:02.984+0000: 802688.990: Application time: 0.1005523 seconds
2019-02-01T02:52:02.987+0000: 802688.993: Total time for which application threads were stopped: 0.0026780 seconds, Stopping threads took: 0.0000500 seconds
2019-02-01T02:52:02.987+0000: 802688.993: Application time: 0.0000893 seconds
2019-02-01T02:52:02.989+0000: 802688.995: Total time for which application threads were stopped: 0.0018869 seconds, Stopping threads took: 0.0000996 seconds
2019-02-01T02:52:03.991+0000: 802689.996: Application time: 1.0015794 seconds
2019-02-01T02:52:03.997+0000: 802690.002: Total time for which application threads were stopped: 0.0060073 seconds, Stopping threads took: 0.0000651 seconds
2019-02-01T02:52:03.997+0000: 802690.002: Application time: 0.0000716 seconds
2019-02-01T02:52:03.999+0000: 802690.005: Total time for which application threads were stopped: 0.0021349 seconds, Stopping threads took: 0.0000436 seconds
2019-02-01T02:52:04.500+0000: 802690.505: Application time: 0.5007491 seconds
2019-02-01T02:52:04.503+0000: 802690.509: Total time for which application threads were stopped: 0.0033001 seconds, Stopping threads took: 0.0000640 seconds
2019-02-01T02:52:04.526+0000: 802690.532: Application time: 0.0234290 seconds
2019-02-01T02:52:04.529+0000: 802690.534: Total time for which application threads were stopped: 0.0021741 seconds, Stopping threads took: 0.0000382 seconds
2019-02-01T02:52:04.804+0000: 802690.809: Application time: 0.2751964 seconds
2019-02-01T02:52:04.807+0000: 802690.813: Total time for which application threads were stopped: 0.0032465 seconds, Stopping threads took: 0.0000607 seconds
2019-02-01T02:52:04.818+0000: 802690.824: Application time: 0.0110668 seconds
2019-02-01T02:52:04.820+0000: 802690.826: Total time for which application threads were stopped: 0.0020648 seconds, Stopping threads took: 0.0000953 seconds
2019-02-01T02:52:09.422+0000: 802695.427: Application time: 4.6015928 seconds
2019-02-01T02:52:09.425+0000: 802695.431: Total time for which application threads were stopped: 0.0030545 seconds, Stopping threads took: 0.0000657 seconds
2019-02-01T02:52:09.425+0000: 802695.431: Application time: 0.0001023 seconds
2019-02-01T02:52:09.427+0000: 802695.433: Total time for which application threads were stopped: 0.0021164 seconds, Stopping threads took: 0.0000525 seconds
2019-02-01T02:52:09.471+0000: 802695.476: Application time: 0.0436137 seconds
2019-02-01T02:52:09.472+0000: 802695.478: Total time for which application threads were stopped: 0.0016596 seconds, Stopping threads took: 0.0000392 seconds
2019-02-01T02:52:09.523+0000: 802695.528: Application time: 0.0503773 seconds
2019-02-01T02:52:09.525+0000: 802695.531: Total time for which application threads were stopped: 0.0028300 seconds, Stopping threads took: 0.0000671 seconds
2019-02-01T02:52:09.576+0000: 802695.582: Application time: 0.0503736 seconds
2019-02-01T02:52:09.579+0000: 802695.584: Total time for which application threads were stopped: 0.0028455 seconds, Stopping threads took: 0.0000726 seconds
2019-02-01T02:52:09.631+0000: 802695.637: Application time: 0.0522046 seconds
2019-02-01T02:52:09.634+0000: 802695.640: Total time for which application threads were stopped: 0.0031454 seconds, Stopping threads took: 0.0000719 seconds
2019-02-01T02:52:09.684+0000: 802695.690: Application time: 0.0503589 seconds
2019-02-01T02:52:09.687+0000: 802695.693: Total time for which application threads were stopped: 0.0028897 seconds, Stopping threads took: 0.0000677 seconds
2019-02-01T02:52:09.741+0000: 802695.747: Application time: 0.0541405 seconds
2019-02-01T02:52:09.744+0000: 802695.750: Total time for which application threads were stopped: 0.0029597 seconds, Stopping threads took: 0.0001074 seconds
2019-02-01T02:52:12.053+0000: 802698.059: Application time: 2.3083634 seconds
2019-02-01T02:52:12.056+0000: 802698.062: [GC (Allocation Failure) 2019-02-01T02:52:12.061+0000: 802698.067: [SoftReference, 0 refs, 0.0000337 secs]2019-02-01T02:52:12.061+0000: 802698.067: [WeakReference, 25 refs, 0.0000210 secs]2019-02-01T02:52:12.061+0000: 802698.067: [FinalReference, 1751 refs, 0.0007915 secs]2019-02-01T02:52:12.062+0000: 802698.067: [PhantomReference, 0 refs, 0 refs, 0.0000152 secs]2019-02-01T02:52:12.062+0000: 802698.067: [JNI Weak Reference, 0.0000299 secs]
Desired survivor size 28311552 bytes, new threshold 12 (max 15)
[PSYoungGen: 270128K->8524K(260096K)] 913540K->651937K(974336K), 0.0137202 secs] [Times: user=0.10 sys=0.00, real=0.01 secs] 
2019-02-01T02:52:12.070+0000: 802698.075: Total time for which application threads were stopped: 0.0168754 seconds, Stopping threads took: 0.0000460 seconds
2019-02-01T02:52:21.968+0000: 802707.974: Application time: 9.8982367 seconds
2019-02-01T02:52:21.971+0000: 802707.977: [GC (Allocation Failure) 2019-02-01T02:52:21.977+0000: 802707.983: [SoftReference, 0 refs, 0.0000333 secs]2019-02-01T02:52:21.977+0000: 802707.983: [WeakReference, 30 refs, 0.0000207 secs]2019-02-01T02:52:21.977+0000: 802707.983: [FinalReference, 1832 refs, 0.0007133 secs]2019-02-01T02:52:21.978+0000: 802707.983: [PhantomReference, 0 refs, 0 refs, 0.0000151 secs]2019-02-01T02:52:21.978+0000: 802707.983: [JNI Weak Reference, 0.0000224 secs]
Desired survivor size 27787264 bytes, new threshold 13 (max 15)
[PSYoungGen: 259916K->12938K(254976K)] 903329K->656351K(969216K), 0.0112736 secs] [Times: user=0.13 sys=0.00, real=0.01 secs] 
2019-02-01T02:52:21.982+0000: 802707.988: Total time for which application threads were stopped: 0.0144385 seconds, Stopping threads took: 0.0000519 seconds
2019-02-01T02:52:23.750+0000: 802709.756: Application time: 1.7675483 seconds
2019-02-01T02:52:23.753+0000: 802709.759: Total time for which application threads were stopped: 0.0033735 seconds, Stopping threads took: 0.0000570 seconds
2019-02-01T02:52:23.753+0000: 802709.759: Application time: 0.0000912 seconds
2019-02-01T02:52:23.756+0000: 802709.761: Total time for which application threads were stopped: 0.0022159 seconds, Stopping threads took: 0.0000938 seconds
2019-02-01T02:52:24.157+0000: 802710.163: Application time: 0.4011929 seconds
2019-02-01T02:52:24.160+0000: 802710.166: Total time for which application threads were stopped: 0.0033660 seconds, Stopping threads took: 0.0000700 seconds
2019-02-01T02:52:24.160+0000: 802710.166: Application time: 0.0000952 seconds
2019-02-01T02:52:24.162+0000: 802710.168: Total time for which application threads were stopped: 0.0019431 seconds, Stopping threads took: 0.0000270 seconds
2019-02-01T02:52:31.054+0000: 802717.059: Application time: 6.8915198 seconds
2019-02-01T02:52:31.057+0000: 802717.063: Total time for which application threads were stopped: 0.0030564 seconds, Stopping threads took: 0.0000596 seconds
2019-02-01T02:52:31.058+0000: 802717.063: Application time: 0.0007276 seconds
2019-02-01T02:52:31.060+0000: 802717.065: [GC (GCLocker Initiated GC) 2019-02-01T02:52:31.064+0000: 802717.070: [SoftReference, 0 refs, 0.0000354 secs]2019-02-01T02:52:31.064+0000: 802717.070: [WeakReference, 59 refs, 0.0000260 secs]2019-02-01T02:52:31.064+0000: 802717.070: [FinalReference, 1937 refs, 0.0008295 secs]2019-02-01T02:52:31.065+0000: 802717.071: [PhantomReference, 0 refs, 0 refs, 0.0000154 secs]2019-02-01T02:52:31.065+0000: 802717.071: [JNI Weak Reference, 0.0000225 secs]
Desired survivor size 26738688 bytes, new threshold 14 (max 15)
[PSYoungGen: 254602K->15268K(247296K)] 898016K->658681K(961536K), 0.0114205 secs] [Times: user=0.10 sys=0.01, real=0.01 secs] 
2019-02-01T02:52:31.071+0000: 802717.077: Total time for which application threads were stopped: 0.0135980 seconds, Stopping threads took: 0.0000329 seconds
2019-02-01T02:52:31.656+0000: 802717.662: Application time: 0.5848394 seconds
2019-02-01T02:52:31.659+0000: 802717.665: Total time for which application threads were stopped: 0.0029667 seconds, Stopping threads took: 0.0000540 seconds
2019-02-01T02:52:38.980+0000: 802724.986: Application time: 7.3212311 seconds
2019-02-01T02:52:38.983+0000: 802724.989: [GC (Allocation Failure) 2019-02-01T02:52:38.989+0000: 802724.995: [SoftReference, 0 refs, 0.0000402 secs]2019-02-01T02:52:38.989+0000: 802724.995: [WeakReference, 25 refs, 0.0000192 secs]2019-02-01T02:52:38.989+0000: 802724.995: [FinalReference, 1864 refs, 0.0008041 secs]2019-02-01T02:52:38.990+0000: 802724.996: [PhantomReference, 0 refs, 1 refs, 0.0000154 secs]2019-02-01T02:52:38.990+0000: 802724.996: [JNI Weak Reference, 0.0000220 secs]
Desired survivor size 25690112 bytes, new threshold 15 (max 15)
[PSYoungGen: 247204K->14296K(237056K)] 890619K->657711K(951296K), 0.0130649 secs] [Times: user=0.12 sys=0.01, real=0.01 secs] 
2019-02-01T02:52:38.996+0000: 802725.002: Total time for which application threads were stopped: 0.0162303 seconds, Stopping threads took: 0.0000575 seconds
2019-02-01T02:52:47.798+0000: 802733.804: Application time: 8.8016447 seconds
2019-02-01T02:52:47.801+0000: 802733.807: [GC (Allocation Failure) 2019-02-01T02:52:47.806+0000: 802733.812: [SoftReference, 0 refs, 0.0000294 secs]2019-02-01T02:52:47.806+0000: 802733.812: [WeakReference, 34 refs, 0.0000201 secs]2019-02-01T02:52:47.806+0000: 802733.812: [FinalReference, 1818 refs, 0.0007070 secs]2019-02-01T02:52:47.807+0000: 802733.812: [PhantomReference, 0 refs, 2 refs, 0.0000164 secs]2019-02-01T02:52:47.807+0000: 802733.812: [JNI Weak Reference, 0.0000407 secs]
Desired survivor size 25165824 bytes, new threshold 15 (max 15)
[PSYoungGen: 237016K->16684K(230912K)] 880431K->660099K(945152K), 0.0102185 secs] [Times: user=0.11 sys=0.01, real=0.01 secs] 
2019-02-01T02:52:47.812+0000: 802733.817: Total time for which application threads were stopped: 0.0135065 seconds, Stopping threads took: 0.0001151 seconds
2019-02-01T02:52:56.000+0000: 802742.005: Application time: 8.1880279 seconds
2019-02-01T02:52:56.003+0000: 802742.008: [GC (Allocation Failure) 2019-02-01T02:52:56.007+0000: 802742.013: [SoftReference, 0 refs, 0.0000268 secs]2019-02-01T02:52:56.007+0000: 802742.013: [WeakReference, 22 refs, 0.0000178 secs]2019-02-01T02:52:56.007+0000: 802742.013: [FinalReference, 1745 refs, 0.0006679 secs]2019-02-01T02:52:56.008+0000: 802742.014: [PhantomReference, 0 refs, 2 refs, 0.0000204 secs]2019-02-01T02:52:56.008+0000: 802742.014: [JNI Weak Reference, 0.0000222 secs]
Desired survivor size 25165824 bytes, new threshold 15 (max 15)
[PSYoungGen: 230700K->16509K(222720K)] 874115K->659924K(936960K), 0.0119244 secs] [Times: user=0.11 sys=0.01, real=0.01 secs] 
2019-02-01T02:52:56.015+0000: 802742.020: Total time for which application threads were stopped: 0.0150846 seconds, Stopping threads took: 0.0000519 seconds
2019-02-01T02:52:57.528+0000: 802743.534: Application time: 1.5132362 seconds
2019-02-01T02:52:57.531+0000: 802743.537: Total time for which application threads were stopped: 0.0031059 seconds, Stopping threads took: 0.0000606 seconds
2019-02-01T02:52:57.531+0000: 802743.537: Application time: 0.0000911 seconds
2019-02-01T02:52:57.533+0000: 802743.539: Total time for which application threads were stopped: 0.0020510 seconds, Stopping threads took: 0.0000840 seconds
2019-02-01T02:52:57.634+0000: 802743.640: Application time: 0.1009689 seconds
2019-02-01T02:52:57.637+0000: 802743.642: Total time for which application threads were stopped: 0.0025367 seconds, Stopping threads took: 0.0000844 seconds
2019-02-01T02:52:57.637+0000: 802743.643: Application time: 0.0000639 seconds
2019-02-01T02:52:57.639+0000: 802743.644: Total time for which application threads were stopped: 0.0018259 seconds, Stopping threads took: 0.0000298 seconds
2019-02-01T02:52:58.340+0000: 802744.346: Application time: 0.7015339 seconds
2019-02-01T02:52:58.343+0000: 802744.349: Total time for which application threads were stopped: 0.0031765 seconds, Stopping threads took: 0.0000579 seconds
2019-02-01T02:52:58.343+0000: 802744.349: Application time: 0.0000825 seconds
2019-02-01T02:52:58.346+0000: 802744.352: Total time for which application threads were stopped: 0.0024212 seconds, Stopping threads took: 0.0000437 seconds
2019-02-01T02:52:59.448+0000: 802745.454: Application time: 1.1025128 seconds
2019-02-01T02:52:59.451+0000: 802745.457: Total time for which application threads were stopped: 0.0030840 seconds, Stopping threads took: 0.0000553 seconds
2019-02-01T02:52:59.451+0000: 802745.457: Application time: 0.0000600 seconds
2019-02-01T02:52:59.453+0000: 802745.459: Total time for which application threads were stopped: 0.0019634 seconds, Stopping threads took: 0.0000442 seconds
2019-02-01T02:53:01.907+0000: 802747.912: Application time: 2.4531183 seconds
2019-02-01T02:53:01.910+0000: 802747.915: Total time for which application threads were stopped: 0.0029243 seconds, Stopping threads took: 0.0000597 seconds
2019-02-01T02:53:02.057+0000: 802748.062: Application time: 0.1470678 seconds
2019-02-01T02:53:02.059+0000: 802748.065: Total time for which application threads were stopped: 0.0025211 seconds, Stopping threads took: 0.0000425 seconds
2019-02-01T02:53:02.059+0000: 802748.065: Application time: 0.0000332 seconds
2019-02-01T02:53:02.061+0000: 802748.066: Total time for which application threads were stopped: 0.0013558 seconds, Stopping threads took: 0.0000236 seconds
2019-02-01T02:53:02.862+0000: 802748.868: Application time: 0.8014020 seconds
2019-02-01T02:53:02.865+0000: 802748.871: Total time for which application threads were stopped: 0.0029608 seconds, Stopping threads took: 0.0000520 seconds
2019-02-01T02:53:02.865+0000: 802748.871: Application time: 0.0000617 seconds
2019-02-01T02:53:02.867+0000: 802748.873: Total time for which application threads were stopped: 0.0018795 seconds, Stopping threads took: 0.0000322 seconds
2019-02-01T02:53:03.167+0000: 802749.173: Application time: 0.3006284 seconds
2019-02-01T02:53:03.170+0000: 802749.176: Total time for which application threads were stopped: 0.0025263 seconds, Stopping threads took: 0.0001178 seconds
2019-02-01T02:53:03.170+0000: 802749.176: Application time: 0.0000577 seconds
2019-02-01T02:53:03.172+0000: 802749.177: Total time for which application threads were stopped: 0.0014960 seconds, Stopping threads took: 0.0000746 seconds
2019-02-01T02:53:03.623+0000: 802749.628: Application time: 0.4511354 seconds
2019-02-01T02:53:03.626+0000: 802749.631: Total time for which application threads were stopped: 0.0028389 seconds, Stopping threads took: 0.0000993 seconds
2019-02-01T02:53:04.148+0000: 802750.154: Application time: 0.5229269 seconds
2019-02-01T02:53:04.151+0000: 802750.157: [GC (Allocation Failure) 2019-02-01T02:53:04.156+0000: 802750.162: [SoftReference, 0 refs, 0.0000201 secs]2019-02-01T02:53:04.156+0000: 802750.162: [WeakReference, 45 refs, 0.0000142 secs]2019-02-01T02:53:04.156+0000: 802750.162: [FinalReference, 1588 refs, 0.0004073 secs]2019-02-01T02:53:04.157+0000: 802750.162: [PhantomReference, 0 refs, 2 refs, 0.0000094 secs]2019-02-01T02:53:04.157+0000: 802750.162: [JNI Weak Reference, 0.0000158 secs]
Desired survivor size 24117248 bytes, new threshold 15 (max 15)
[PSYoungGen: 222333K->15857K(214016K)] 865748K->659272K(928256K), 0.0078516 secs] [Times: user=0.12 sys=0.00, real=0.01 secs] 
2019-02-01T02:53:04.159+0000: 802750.165: Total time for which application threads were stopped: 0.0107419 seconds, Stopping threads took: 0.0000481 seconds
2019-02-01T02:53:07.979+0000: 802753.985: Application time: 3.8196588 seconds
2019-02-01T02:53:07.982+0000: 802753.988: Total time for which application threads were stopped: 0.0029856 seconds, Stopping threads took: 0.0000475 seconds
2019-02-01T02:53:07.982+0000: 802753.988: Application time: 0.0000955 seconds
2019-02-01T02:53:07.984+0000: 802753.990: Total time for which application threads were stopped: 0.0018981 seconds, Stopping threads took: 0.0000748 seconds
2019-02-01T02:53:11.027+0000: 802757.033: Application time: 3.0435355 seconds
2019-02-01T02:53:11.030+0000: 802757.036: [GC (Allocation Failure) 2019-02-01T02:53:11.036+0000: 802757.042: [SoftReference, 0 refs, 0.0000304 secs]2019-02-01T02:53:11.036+0000: 802757.042: [WeakReference, 36 refs, 0.0000211 secs]2019-02-01T02:53:11.036+0000: 802757.042: [FinalReference, 1549 refs, 0.0005173 secs]2019-02-01T02:53:11.037+0000: 802757.043: [PhantomReference, 0 refs, 2 refs, 0.0000165 secs]2019-02-01T02:53:11.037+0000: 802757.043: [JNI Weak Reference, 0.0000226 secs]
Desired survivor size 24641536 bytes, new threshold 15 (max 15)
[PSYoungGen: 214001K->18146K(208896K)] 857416K->661561K(923136K), 0.0128275 secs] [Times: user=0.14 sys=0.00, real=0.01 secs] 
2019-02-01T02:53:11.043+0000: 802757.049: Total time for which application threads were stopped: 0.0159141 seconds, Stopping threads took: 0.0000662 seconds
2019-02-01T02:53:12.391+0000: 802758.396: Application time: 1.3472312 seconds
2019-02-01T02:53:12.394+0000: 802758.400: Total time for which application threads were stopped: 0.0032496 seconds, Stopping threads took: 0.0000497 seconds
2019-02-01T02:53:12.394+0000: 802758.400: Application time: 0.0001138 seconds
2019-02-01T02:53:12.396+0000: 802758.402: Total time for which application threads were stopped: 0.0020750 seconds, Stopping threads took: 0.0000741 seconds
2019-02-01T02:53:15.299+0000: 802761.305: Application time: 2.9029762 seconds
2019-02-01T02:53:15.302+0000: 802761.308: Total time for which application threads were stopped: 0.0031078 seconds, Stopping threads took: 0.0000485 seconds
2019-02-01T02:53:15.302+0000: 802761.308: Application time: 0.0000797 seconds
2019-02-01T02:53:15.304+0000: 802761.310: Total time for which application threads were stopped: 0.0020065 seconds, Stopping threads took: 0.0000876 seconds
2019-02-01T02:53:18.743+0000: 802764.749: Application time: 3.4385858 seconds
2019-02-01T02:53:18.746+0000: 802764.752: [GC (Allocation Failure) 2019-02-01T02:53:18.751+0000: 802764.757: [SoftReference, 0 refs, 0.0000331 secs]2019-02-01T02:53:18.751+0000: 802764.757: [WeakReference, 58 refs, 0.0000245 secs]2019-02-01T02:53:18.751+0000: 802764.757: [FinalReference, 794 refs, 0.0002937 secs]2019-02-01T02:53:18.752+0000: 802764.757: [PhantomReference, 0 refs, 2 refs, 0.0000160 secs]2019-02-01T02:53:18.752+0000: 802764.757: [JNI Weak Reference, 0.0000426 secs]
Desired survivor size 25690112 bytes, new threshold 14 (max 15)
[PSYoungGen: 208610K->13311K(196608K)] 852025K->663620K(910848K), 0.0094237 secs] [Times: user=0.12 sys=0.00, real=0.00 secs] 
2019-02-01T02:53:18.755+0000: 802764.761: Total time for which application threads were stopped: 0.0126156 seconds, Stopping threads took: 0.0000970 seconds
2019-02-01T02:53:24.018+0000: 802770.024: Application time: 5.2630508 seconds
2019-02-01T02:53:24.022+0000: 802770.028: Total time for which application threads were stopped: 0.0033212 seconds, Stopping threads took: 0.0000833 seconds
2019-02-01T02:53:24.022+0000: 802770.028: Application time: 0.0000789 seconds
2019-02-01T02:53:24.024+0000: 802770.030: Total time for which application threads were stopped: 0.0021539 seconds, Stopping threads took: 0.0000751 seconds
2019-02-01T02:53:26.565+0000: 802772.571: Application time: 2.5414956 seconds
2019-02-01T02:53:26.568+0000: 802772.574: Total time for which application threads were stopped: 0.0030058 seconds, Stopping threads took: 0.0000603 seconds
2019-02-01T02:53:26.569+0000: 802772.574: Application time: 0.0000824 seconds
2019-02-01T02:53:26.571+0000: 802772.576: [GC (GCLocker Initiated GC) 2019-02-01T02:53:26.578+0000: 802772.584: [SoftReference, 0 refs, 0.0000349 secs]2019-02-01T02:53:26.578+0000: 802772.584: [WeakReference, 28 refs, 0.0000292 secs]2019-02-01T02:53:26.578+0000: 802772.584: [FinalReference, 1408 refs, 0.0007092 secs]2019-02-01T02:53:26.579+0000: 802772.585: [PhantomReference, 0 refs, 1 refs, 0.0000158 secs]2019-02-01T02:53:26.579+0000: 802772.585: [JNI Weak Reference, 0.0000287 secs]
Desired survivor size 25690112 bytes, new threshold 14 (max 15)
[PSYoungGen: 196607K->18743K(195584K)] 846916K->669052K(909824K), 0.0152452 secs] [Times: user=0.11 sys=0.01, real=0.01 secs] 
2019-02-01T02:53:26.586+0000: 802772.592: Total time for which application threads were stopped: 0.0174920 seconds, Stopping threads took: 0.0001117 seconds
2019-02-01T02:53:34.826+0000: 802780.832: Application time: 8.2399229 seconds
2019-02-01T02:53:34.829+0000: 802780.835: [GC (Allocation Failure) 2019-02-01T02:53:34.835+0000: 802780.841: [SoftReference, 0 refs, 0.0000258 secs]2019-02-01T02:53:34.835+0000: 802780.841: [WeakReference, 18 refs, 0.0000161 secs]2019-02-01T02:53:34.835+0000: 802780.841: [FinalReference, 1347 refs, 0.0006038 secs]2019-02-01T02:53:34.835+0000: 802780.841: [PhantomReference, 0 refs, 1 refs, 0.0000155 secs]2019-02-01T02:53:34.836+0000: 802780.841: [JNI Weak Reference, 0.0000328 secs]
Desired survivor size 25165824 bytes, new threshold 14 (max 15)
[PSYoungGen: 195383K->16920K(187392K)] 845695K->667231K(901632K), 0.0101777 secs] [Times: user=0.13 sys=0.01, real=0.01 secs] 
2019-02-01T02:53:34.839+0000: 802780.845: Total time for which application threads were stopped: 0.0134063 seconds, Stopping threads took: 0.0000698 seconds
2019-02-01T02:53:38.343+0000: 802784.349: Application time: 3.5040786 seconds
2019-02-01T02:53:38.347+0000: 802784.353: Total time for which application threads were stopped: 0.0032459 seconds, Stopping threads took: 0.0000574 seconds
2019-02-01T02:53:38.347+0000: 802784.353: Application time: 0.0000838 seconds
2019-02-01T02:53:38.349+0000: 802784.355: Total time for which application threads were stopped: 0.0020541 seconds, Stopping threads took: 0.0000410 seconds
2019-02-01T02:53:42.712+0000: 802788.718: Application time: 4.3631938 seconds
2019-02-01T02:53:42.715+0000: 802788.721: Total time for which application threads were stopped: 0.0031581 seconds, Stopping threads took: 0.0000559 seconds
2019-02-01T02:53:43.944+0000: 802789.950: Application time: 1.2291269 seconds
2019-02-01T02:53:43.948+0000: 802789.953: [GC (Allocation Failure) 2019-02-01T02:53:43.956+0000: 802789.962: [SoftReference, 0 refs, 0.0000325 secs]2019-02-01T02:53:43.956+0000: 802789.962: [WeakReference, 24 refs, 0.0000186 secs]2019-02-01T02:53:43.956+0000: 802789.962: [FinalReference, 1297 refs, 0.0006242 secs]2019-02-01T02:53:43.957+0000: 802789.962: [PhantomReference, 0 refs, 1 refs, 0.0000157 secs]2019-02-01T02:53:43.957+0000: 802789.963: [JNI Weak Reference, 0.0000226 secs]
Desired survivor size 25165824 bytes, new threshold 14 (max 15)
[PSYoungGen: 186904K->17812K(181760K)] 837215K->668123K(896000K), 0.0157180 secs] [Times: user=0.24 sys=0.00, real=0.02 secs] 
2019-02-01T02:53:43.963+0000: 802789.969: Total time for which application threads were stopped: 0.0190523 seconds, Stopping threads took: 0.0000713 seconds
2019-02-01T02:53:53.118+0000: 802799.124: Application time: 9.1548262 seconds
2019-02-01T02:53:53.122+0000: 802799.127: [GC (Allocation Failure) 2019-02-01T02:53:53.129+0000: 802799.135: [SoftReference, 0 refs, 0.0000470 secs]2019-02-01T02:53:53.130+0000: 802799.135: [WeakReference, 112 refs, 0.0000310 secs]2019-02-01T02:53:53.130+0000: 802799.135: [FinalReference, 1071 refs, 0.0004209 secs]2019-02-01T02:53:53.130+0000: 802799.136: [PhantomReference, 0 refs, 1 refs, 0.0000156 secs]2019-02-01T02:53:53.130+0000: 802799.136: [JNI Weak Reference, 0.0000231 secs]
Desired survivor size 25165824 bytes, new threshold 13 (max 15)
[PSYoungGen: 181652K->14324K(172544K)] 831963K->669048K(886784K), 0.0120273 secs] [Times: user=0.17 sys=0.00, real=0.01 secs] 
2019-02-01T02:53:53.134+0000: 802799.140: Total time for which application threads were stopped: 0.0154761 seconds, Stopping threads took: 0.0000540 seconds
2019-02-01T02:53:56.981+0000: 802802.987: Application time: 3.8476896 seconds
2019-02-01T02:53:56.986+0000: 802802.992: Total time for which application threads were stopped: 0.0043929 seconds, Stopping threads took: 0.0001048 seconds
2019-02-01T02:53:56.986+0000: 802802.992: Application time: 0.0000976 seconds
2019-02-01T02:53:56.988+0000: 802802.994: Total time for which application threads were stopped: 0.0025379 seconds, Stopping threads took: 0.0000904 seconds
2019-02-01T02:53:57.089+0000: 802803.095: Application time: 0.1003382 seconds
2019-02-01T02:53:57.092+0000: 802803.098: Total time for which application threads were stopped: 0.0032186 seconds, Stopping threads took: 0.0000815 seconds
2019-02-01T02:53:57.092+0000: 802803.098: Application time: 0.0000956 seconds
2019-02-01T02:53:57.094+0000: 802803.100: Total time for which application threads were stopped: 0.0019431 seconds, Stopping threads took: 0.0000747 seconds
2019-02-01T02:53:57.194+0000: 802803.199: Application time: 0.0996269 seconds
2019-02-01T02:53:57.196+0000: 802803.202: Total time for which application threads were stopped: 0.0023667 seconds, Stopping threads took: 0.0000319 seconds
2019-02-01T02:53:57.196+0000: 802803.202: Application time: 0.0001005 seconds
2019-02-01T02:53:57.198+0000: 802803.204: Total time for which application threads were stopped: 0.0020292 seconds, Stopping threads took: 0.0000381 seconds
2019-02-01T02:53:57.499+0000: 802803.504: Application time: 0.3004823 seconds
2019-02-01T02:53:57.502+0000: 802803.508: Total time for which application threads were stopped: 0.0037195 seconds, Stopping threads took: 0.0000645 seconds
2019-02-01T02:53:57.502+0000: 802803.508: Application time: 0.0000468 seconds
2019-02-01T02:53:57.505+0000: 802803.510: Total time for which application threads were stopped: 0.0020765 seconds, Stopping threads took: 0.0000907 seconds
2019-02-01T02:53:57.856+0000: 802803.862: Application time: 0.3511969 seconds
2019-02-01T02:53:57.859+0000: 802803.865: Total time for which application threads were stopped: 0.0035625 seconds, Stopping threads took: 0.0000585 seconds
2019-02-01T02:53:58.907+0000: 802804.912: Application time: 1.0474014 seconds
2019-02-01T02:53:58.910+0000: 802804.916: Total time for which application threads were stopped: 0.0030560 seconds, Stopping threads took: 0.0000500 seconds
2019-02-01T02:53:58.910+0000: 802804.916: Application time: 0.0000844 seconds
2019-02-01T02:53:58.912+0000: 802804.918: Total time for which application threads were stopped: 0.0019540 seconds, Stopping threads took: 0.0000253 seconds
2019-02-01T02:53:59.513+0000: 802805.519: Application time: 0.6010531 seconds
2019-02-01T02:53:59.516+0000: 802805.522: Total time for which application threads were stopped: 0.0028400 seconds, Stopping threads took: 0.0000490 seconds
2019-02-01T02:53:59.516+0000: 802805.522: Application time: 0.0000684 seconds
2019-02-01T02:53:59.518+0000: 802805.524: Total time for which application threads were stopped: 0.0019939 seconds, Stopping threads took: 0.0000422 seconds
2019-02-01T02:54:00.466+0000: 802806.472: Application time: 0.9483687 seconds
2019-02-01T02:54:00.469+0000: 802806.475: [GC (Allocation Failure) 2019-02-01T02:54:00.474+0000: 802806.480: [SoftReference, 0 refs, 0.0000340 secs]2019-02-01T02:54:00.474+0000: 802806.480: [WeakReference, 23 refs, 0.0000194 secs]2019-02-01T02:54:00.474+0000: 802806.480: [FinalReference, 1215 refs, 0.0006064 secs]2019-02-01T02:54:00.475+0000: 802806.481: [PhantomReference, 0 refs, 1 refs, 0.0000156 secs]2019-02-01T02:54:00.475+0000: 802806.481: [JNI Weak Reference, 0.0000281 secs]
Desired survivor size 24641536 bytes, new threshold 13 (max 15)
[PSYoungGen: 172532K->13721K(166400K)] 827256K->670751K(880640K), 0.0127447 secs] [Times: user=0.13 sys=0.00, real=0.02 secs] 
2019-02-01T02:54:00.482+0000: 802806.488: Total time for which application threads were stopped: 0.0158469 seconds, Stopping threads took: 0.0000507 seconds
2019-02-01T02:54:00.520+0000: 802806.526: Application time: 0.0379330 seconds
2019-02-01T02:54:00.524+0000: 802806.530: Total time for which application threads were stopped: 0.0042813 seconds, Stopping threads took: 0.0000349 seconds
2019-02-01T02:54:00.524+0000: 802806.530: Application time: 0.0000838 seconds
2019-02-01T02:54:00.526+0000: 802806.532: Total time for which application threads were stopped: 0.0019556 seconds, Stopping threads took: 0.0000416 seconds
2019-02-01T02:54:01.010+0000: 802807.015: Application time: 0.4832814 seconds
2019-02-01T02:54:01.012+0000: 802807.018: Total time for which application threads were stopped: 0.0027083 seconds, Stopping threads took: 0.0000451 seconds
2019-02-01T02:54:01.907+0000: 802807.912: Application time: 0.8943279 seconds
2019-02-01T02:54:01.910+0000: 802807.915: Total time for which application threads were stopped: 0.0029156 seconds, Stopping threads took: 0.0000413 seconds
2019-02-01T02:54:05.333+0000: 802811.339: Application time: 3.4233049 seconds
2019-02-01T02:54:05.336+0000: 802811.342: Total time for which application threads were stopped: 0.0031661 seconds, Stopping threads took: 0.0000787 seconds
2019-02-01T02:54:05.336+0000: 802811.342: Application time: 0.0000866 seconds
2019-02-01T02:54:05.338+0000: 802811.344: Total time for which application threads were stopped: 0.0020032 seconds, Stopping threads took: 0.0000927 seconds
2019-02-01T02:54:06.271+0000: 802812.277: Application time: 0.9331474 seconds
2019-02-01T02:54:06.274+0000: 802812.280: [GC (Allocation Failure) 2019-02-01T02:54:06.280+0000: 802812.286: [SoftReference, 0 refs, 0.0000360 secs]2019-02-01T02:54:06.280+0000: 802812.286: [WeakReference, 28 refs, 0.0000266 secs]2019-02-01T02:54:06.280+0000: 802812.286: [FinalReference, 1144 refs, 0.0004145 secs]2019-02-01T02:54:06.280+0000: 802812.286: [PhantomReference, 0 refs, 1 refs, 0.0000154 secs]2019-02-01T02:54:06.280+0000: 802812.286: [JNI Weak Reference, 0.0000228 secs]
Desired survivor size 24641536 bytes, new threshold 12 (max 15)
[PSYoungGen: 166297K->14057K(161792K)] 823327K->671745K(876032K), 0.0109810 secs] [Times: user=0.12 sys=0.00, real=0.01 secs] 
2019-02-01T02:54:06.285+0000: 802812.291: Total time for which application threads were stopped: 0.0140904 seconds, Stopping threads took: 0.0000541 seconds
2019-02-01T02:54:10.145+0000: 802816.151: Application time: 3.8600852 seconds
2019-02-01T02:54:10.149+0000: 802816.154: Total time for which application threads were stopped: 0.0032578 seconds, Stopping threads took: 0.0000602 seconds
2019-02-01T02:54:10.149+0000: 802816.155: Application time: 0.0000855 seconds
2019-02-01T02:54:10.151+0000: 802816.157: Total time for which application threads were stopped: 0.0019666 seconds, Stopping threads took: 0.0000275 seconds
2019-02-01T02:54:10.251+0000: 802816.257: Application time: 0.1005846 seconds
2019-02-01T02:54:10.254+0000: 802816.259: Total time for which application threads were stopped: 0.0023049 seconds, Stopping threads took: 0.0000435 seconds
2019-02-01T02:54:10.254+0000: 802816.259: Application time: 0.0000599 seconds
2019-02-01T02:54:10.256+0000: 802816.261: Total time for which application threads were stopped: 0.0018583 seconds, Stopping threads took: 0.0000331 seconds
2019-02-01T02:54:12.674+0000: 802818.679: Application time: 2.4180274 seconds
2019-02-01T02:54:12.677+0000: 802818.683: [GC (Allocation Failure) 2019-02-01T02:54:12.682+0000: 802818.688: [SoftReference, 0 refs, 0.0000281 secs]2019-02-01T02:54:12.682+0000: 802818.688: [WeakReference, 46 refs, 0.0000223 secs]2019-02-01T02:54:12.682+0000: 802818.688: [FinalReference, 1050 refs, 0.0004321 secs]2019-02-01T02:54:12.683+0000: 802818.689: [PhantomReference, 0 refs, 0 refs, 0.0000156 secs]2019-02-01T02:54:12.683+0000: 802818.689: [JNI Weak Reference, 0.0000241 secs]
Desired survivor size 23592960 bytes, new threshold 11 (max 15)
[PSYoungGen: 161513K->16636K(159232K)] 819201K->675378K(873472K), 0.0122190 secs] [Times: user=0.13 sys=0.01, real=0.01 secs] 
2019-02-01T02:54:12.689+0000: 802818.695: Total time for which application threads were stopped: 0.0155533 seconds, Stopping threads took: 0.0000579 seconds
2019-02-01T02:54:17.573+0000: 802823.579: Application time: 4.8841738 seconds
2019-02-01T02:54:17.576+0000: 802823.582: [GC (Allocation Failure) 2019-02-01T02:54:17.582+0000: 802823.588: [SoftReference, 0 refs, 0.0000360 secs]2019-02-01T02:54:17.582+0000: 802823.588: [WeakReference, 22 refs, 0.0000180 secs]2019-02-01T02:54:17.582+0000: 802823.588: [FinalReference, 1164 refs, 0.0004050 secs]2019-02-01T02:54:17.583+0000: 802823.588: [PhantomReference, 0 refs, 0 refs, 0.0000154 secs]2019-02-01T02:54:17.583+0000: 802823.588: [JNI Weak Reference, 0.0000220 secs]
Desired survivor size 23068672 bytes, new threshold 10 (max 15)
[PSYoungGen: 158972K->15141K(153088K)] 817714K->674982K(867328K), 0.0108358 secs] [Times: user=0.14 sys=0.01, real=0.01 secs] 
2019-02-01T02:54:17.587+0000: 802823.593: Total time for which application threads were stopped: 0.0139863 seconds, Stopping threads took: 0.0000527 seconds
2019-02-01T02:54:18.810+0000: 802824.816: Application time: 1.2228186 seconds
2019-02-01T02:54:18.813+0000: 802824.819: Total time for which application threads were stopped: 0.0029643 seconds, Stopping threads took: 0.0000868 seconds
2019-02-01T02:54:20.570+0000: 802826.576: Application time: 1.7568509 seconds
2019-02-01T02:54:20.573+0000: 802826.579: Total time for which application threads were stopped: 0.0031170 seconds, Stopping threads took: 0.0000497 seconds
2019-02-01T02:54:20.573+0000: 802826.579: Application time: 0.0000939 seconds
2019-02-01T02:54:20.575+0000: 802826.581: Total time for which application threads were stopped: 0.0019893 seconds, Stopping threads took: 0.0000748 seconds
2019-02-01T02:54:22.780+0000: 802828.786: Application time: 2.2045779 seconds
2019-02-01T02:54:22.783+0000: 802828.788: Total time for which application threads were stopped: 0.0028655 seconds, Stopping threads took: 0.0000755 seconds
2019-02-01T02:54:23.321+0000: 802829.327: Application time: 0.5382478 seconds
2019-02-01T02:54:23.324+0000: 802829.330: [GC (Allocation Failure) 2019-02-01T02:54:23.330+0000: 802829.336: [SoftReference, 0 refs, 0.0000353 secs]2019-02-01T02:54:23.330+0000: 802829.336: [WeakReference, 31 refs, 0.0000192 secs]2019-02-01T02:54:23.330+0000: 802829.336: [FinalReference, 1088 refs, 0.0003934 secs]2019-02-01T02:54:23.331+0000: 802829.337: [PhantomReference, 0 refs, 0 refs, 0.0000153 secs]2019-02-01T02:54:23.331+0000: 802829.337: [JNI Weak Reference, 0.0000222 secs]
Desired survivor size 22544384 bytes, new threshold 9 (max 15)
[PSYoungGen: 152869K->15725K(148992K)] 812710K->676607K(863232K), 0.0131299 secs] [Times: user=0.17 sys=0.00, real=0.02 secs] 
2019-02-01T02:54:23.337+0000: 802829.343: Total time for which application threads were stopped: 0.0163058 seconds, Stopping threads took: 0.0000529 seconds
2019-02-01T02:54:28.904+0000: 802834.909: Application time: 5.5663430 seconds
2019-02-01T02:54:28.907+0000: 802834.913: [GC (Allocation Failure) 2019-02-01T02:54:28.912+0000: 802834.918: [SoftReference, 0 refs, 0.0000344 secs]2019-02-01T02:54:28.912+0000: 802834.918: [WeakReference, 70 refs, 0.0000226 secs]2019-02-01T02:54:28.913+0000: 802834.918: [FinalReference, 1091 refs, 0.0004653 secs]2019-02-01T02:54:28.913+0000: 802834.919: [PhantomReference, 0 refs, 0 refs, 0.0000152 secs]2019-02-01T02:54:28.913+0000: 802834.919: [JNI Weak Reference, 0.0000317 secs]
Desired survivor size 23068672 bytes, new threshold 8 (max 15)
[PSYoungGen: 148845K->14325K(142848K)] 809727K->678833K(857088K), 0.0098759 secs] [Times: user=0.15 sys=0.00, real=0.01 secs] 
2019-02-01T02:54:28.917+0000: 802834.923: Total time for which application threads were stopped: 0.0132663 seconds, Stopping threads took: 0.0000986 seconds
2019-02-01T02:54:35.225+0000: 802841.230: Application time: 6.3077459 seconds
2019-02-01T02:54:35.228+0000: 802841.234: [GC (Allocation Failure) 2019-02-01T02:54:35.234+0000: 802841.239: [SoftReference, 0 refs, 0.0000365 secs]2019-02-01T02:54:35.234+0000: 802841.239: [WeakReference, 21 refs, 0.0000180 secs]2019-02-01T02:54:35.234+0000: 802841.239: [FinalReference, 994 refs, 0.0005159 secs]2019-02-01T02:54:35.234+0000: 802841.240: [PhantomReference, 0 refs, 0 refs, 0.0000149 secs]2019-02-01T02:54:35.234+0000: 802841.240: [JNI Weak Reference, 0.0000313 secs]
Desired survivor size 22544384 bytes, new threshold 7 (max 15)
[PSYoungGen: 142837K->13822K(138240K)] 807345K->679463K(852480K), 0.0123074 secs] [Times: user=0.13 sys=0.00, real=0.01 secs] 
2019-02-01T02:54:35.240+0000: 802841.246: Total time for which application threads were stopped: 0.0156253 seconds, Stopping threads took: 0.0000653 seconds
2019-02-01T02:54:40.830+0000: 802846.835: Application time: 5.5894243 seconds
2019-02-01T02:54:40.833+0000: 802846.839: Total time for which application threads were stopped: 0.0033037 seconds, Stopping threads took: 0.0000728 seconds
2019-02-01T02:54:40.833+0000: 802846.839: Application time: 0.0001372 seconds
2019-02-01T02:54:40.835+0000: 802846.841: [GC (GCLocker Initiated GC) 2019-02-01T02:54:40.841+0000: 802846.847: [SoftReference, 0 refs, 0.0000461 secs]2019-02-01T02:54:40.841+0000: 802846.847: [WeakReference, 29 refs, 0.0000203 secs]2019-02-01T02:54:40.841+0000: 802846.847: [FinalReference, 1005 refs, 0.0004952 secs]2019-02-01T02:54:40.842+0000: 802846.848: [PhantomReference, 0 refs, 0 refs, 0.0000151 secs]2019-02-01T02:54:40.842+0000: 802846.848: [JNI Weak Reference, 0.0000289 secs]
Desired survivor size 22020096 bytes, new threshold 6 (max 15)
[PSYoungGen: 138238K->15343K(135680K)] 803881K->683150K(849920K), 0.0108545 secs] [Times: user=0.14 sys=0.00, real=0.01 secs] 
2019-02-01T02:54:40.846+0000: 802846.852: Total time for which application threads were stopped: 0.0130025 seconds, Stopping threads took: 0.0000370 seconds
2019-02-01T02:54:44.707+0000: 802850.713: Application time: 3.8610133 seconds
2019-02-01T02:54:44.710+0000: 802850.716: Total time for which application threads were stopped: 0.0032433 seconds, Stopping threads took: 0.0000857 seconds
2019-02-01T02:54:44.710+0000: 802850.716: Application time: 0.0001135 seconds
2019-02-01T02:54:44.712+0000: 802850.718: Total time for which application threads were stopped: 0.0020075 seconds, Stopping threads took: 0.0000776 seconds
2019-02-01T02:54:46.468+0000: 802852.473: Application time: 1.7552140 seconds
2019-02-01T02:54:46.471+0000: 802852.477: [GC (Allocation Failure) 2019-02-01T02:54:46.476+0000: 802852.482: [SoftReference, 0 refs, 0.0000331 secs]2019-02-01T02:54:46.476+0000: 802852.482: [WeakReference, 22 refs, 0.0000190 secs]2019-02-01T02:54:46.476+0000: 802852.482: [FinalReference, 1015 refs, 0.0003614 secs]2019-02-01T02:54:46.477+0000: 802852.482: [PhantomReference, 0 refs, 1 refs, 0.0000157 secs]2019-02-01T02:54:46.477+0000: 802852.482: [JNI Weak Reference, 0.0000397 secs]
Desired survivor size 22544384 bytes, new threshold 5 (max 15)
[PSYoungGen: 135663K->11780K(129024K)] 803472K->682444K(843264K), 0.0115808 secs] [Times: user=0.12 sys=0.00, real=0.01 secs] 
2019-02-01T02:54:46.483+0000: 802852.488: Total time for which application threads were stopped: 0.0150346 seconds, Stopping threads took: 0.0000490 seconds
2019-02-01T02:54:52.841+0000: 802858.846: Application time: 6.3579176 seconds
2019-02-01T02:54:52.844+0000: 802858.850: [GC (Allocation Failure) 2019-02-01T02:54:52.849+0000: 802858.855: [SoftReference, 0 refs, 0.0000325 secs]2019-02-01T02:54:52.849+0000: 802858.855: [WeakReference, 10 refs, 0.0000155 secs]2019-02-01T02:54:52.849+0000: 802858.855: [FinalReference, 854 refs, 0.0003670 secs]2019-02-01T02:54:52.849+0000: 802858.855: [PhantomReference, 0 refs, 1 refs, 0.0000228 secs]2019-02-01T02:54:52.850+0000: 802858.855: [JNI Weak Reference, 0.0000318 secs]
Desired survivor size 22544384 bytes, new threshold 4 (max 15)
[PSYoungGen: 128516K->9456K(122880K)] 799180K->682416K(837120K), 0.0103478 secs] [Times: user=0.11 sys=0.00, real=0.01 secs] 
2019-02-01T02:54:52.854+0000: 802858.860: Total time for which application threads were stopped: 0.0136803 seconds, Stopping threads took: 0.0000571 seconds
2019-02-01T02:54:56.929+0000: 802862.935: Application time: 4.0745299 seconds
2019-02-01T02:54:56.932+0000: 802862.938: Total time for which application threads were stopped: 0.0032556 seconds, Stopping threads took: 0.0000952 seconds
2019-02-01T02:54:56.932+0000: 802862.938: Application time: 0.0000822 seconds
2019-02-01T02:54:56.934+0000: 802862.940: Total time for which application threads were stopped: 0.0019835 seconds, Stopping threads took: 0.0000774 seconds
2019-02-01T02:54:58.426+0000: 802864.432: Application time: 1.4922180 seconds
2019-02-01T02:54:58.429+0000: 802864.435: Total time for which application threads were stopped: 0.0028430 seconds, Stopping threads took: 0.0000583 seconds
2019-02-01T02:54:58.430+0000: 802864.435: Application time: 0.0002415 seconds
2019-02-01T02:54:58.432+0000: 802864.437: [GC (GCLocker Initiated GC) 2019-02-01T02:54:58.436+0000: 802864.442: [SoftReference, 0 refs, 0.0000289 secs]2019-02-01T02:54:58.436+0000: 802864.442: [WeakReference, 16 refs, 0.0000108 secs]2019-02-01T02:54:58.436+0000: 802864.442: [FinalReference, 919 refs, 0.0003350 secs]2019-02-01T02:54:58.437+0000: 802864.442: [PhantomReference, 0 refs, 1 refs, 0.0000181 secs]2019-02-01T02:54:58.437+0000: 802864.442: [JNI Weak Reference, 0.0000155 secs]
Desired survivor size 23068672 bytes, new threshold 3 (max 15)
[PSYoungGen: 122608K->8440K(118272K)] 795583K->684022K(832512K), 0.0087031 secs] [Times: user=0.10 sys=0.01, real=0.00 secs] 
2019-02-01T02:54:58.440+0000: 802864.446: Total time for which application threads were stopped: 0.0108827 seconds, Stopping threads took: 0.0000843 seconds
2019-02-01T02:55:00.743+0000: 802866.749: Application time: 2.3030951 seconds
2019-02-01T02:55:00.747+0000: 802866.753: Total time for which application threads were stopped: 0.0033756 seconds, Stopping threads took: 0.0002964 seconds
2019-02-01T02:55:00.747+0000: 802866.753: Application time: 0.0000465 seconds
2019-02-01T02:55:00.749+0000: 802866.755: Total time for which application threads were stopped: 0.0019762 seconds, Stopping threads took: 0.0000632 seconds
2019-02-01T02:55:01.171+0000: 802867.177: Application time: 0.4222124 seconds
2019-02-01T02:55:01.174+0000: 802867.180: Total time for which application threads were stopped: 0.0032562 seconds, Stopping threads took: 0.0000628 seconds
2019-02-01T02:55:01.425+0000: 802867.431: Application time: 0.2507629 seconds
2019-02-01T02:55:01.428+0000: 802867.434: Total time for which application threads were stopped: 0.0032329 seconds, Stopping threads took: 0.0000550 seconds
2019-02-01T02:55:01.550+0000: 802867.556: Application time: 0.1219912 seconds
2019-02-01T02:55:01.553+0000: 802867.559: Total time for which application threads were stopped: 0.0025343 seconds, Stopping threads took: 0.0000511 seconds
2019-02-01T02:55:01.553+0000: 802867.559: Application time: 0.0000373 seconds
2019-02-01T02:55:01.554+0000: 802867.560: Total time for which application threads were stopped: 0.0014783 seconds, Stopping threads took: 0.0000314 seconds
2019-02-01T02:55:01.906+0000: 802867.912: Application time: 0.3515371 seconds
2019-02-01T02:55:01.909+0000: 802867.914: Total time for which application threads were stopped: 0.0027139 seconds, Stopping threads took: 0.0000627 seconds
2019-02-01T02:55:03.472+0000: 802869.478: Application time: 1.5637503 seconds
2019-02-01T02:55:03.475+0000: 802869.481: [GC (Allocation Failure) 2019-02-01T02:55:03.480+0000: 802869.486: [SoftReference, 0 refs, 0.0000237 secs]2019-02-01T02:55:03.480+0000: 802869.486: [WeakReference, 24 refs, 0.0000158 secs]2019-02-01T02:55:03.480+0000: 802869.486: [FinalReference, 785 refs, 0.0002932 secs]2019-02-01T02:55:03.481+0000: 802869.486: [PhantomReference, 0 refs, 0 refs, 0.0000125 secs]2019-02-01T02:55:03.481+0000: 802869.486: [JNI Weak Reference, 0.0000203 secs]
Desired survivor size 23592960 bytes, new threshold 2 (max 15)
[PSYoungGen: 118008K->7913K(114176K)] 793594K->685156K(828416K), 0.0123009 secs] [Times: user=0.12 sys=0.00, real=0.01 secs] 
2019-02-01T02:55:03.488+0000: 802869.493: Total time for which application threads were stopped: 0.0151378 seconds, Stopping threads took: 0.0000684 seconds
2019-02-01T02:55:04.158+0000: 802870.164: Application time: 0.6707688 seconds
2019-02-01T02:55:04.162+0000: 802870.167: Total time for which application threads were stopped: 0.0031556 seconds, Stopping threads took: 0.0000638 seconds
2019-02-01T02:55:04.162+0000: 802870.167: Application time: 0.0001202 seconds
2019-02-01T02:55:04.164+0000: 802870.170: Total time for which application threads were stopped: 0.0021005 seconds, Stopping threads took: 0.0000475 seconds
2019-02-01T02:55:04.189+0000: 802870.195: Application time: 0.0254103 seconds
2019-02-01T02:55:04.191+0000: 802870.197: Total time for which application threads were stopped: 0.0020228 seconds, Stopping threads took: 0.0000392 seconds
2019-02-01T02:55:04.565+0000: 802870.571: Application time: 0.3735782 seconds
2019-02-01T02:55:04.568+0000: 802870.574: Total time for which application threads were stopped: 0.0032325 seconds, Stopping threads took: 0.0000524 seconds
2019-02-01T02:55:04.568+0000: 802870.574: Application time: 0.0000758 seconds
2019-02-01T02:55:04.570+0000: 802870.576: Total time for which application threads were stopped: 0.0020867 seconds, Stopping threads took: 0.0000744 seconds
2019-02-01T02:55:05.571+0000: 802871.577: Application time: 1.0006828 seconds
2019-02-01T02:55:05.574+0000: 802871.580: Total time for which application threads were stopped: 0.0031662 seconds, Stopping threads took: 0.0000513 seconds
2019-02-01T02:55:05.574+0000: 802871.580: Application time: 0.0001085 seconds
2019-02-01T02:55:05.576+0000: 802871.582: Total time for which application threads were stopped: 0.0020761 seconds, Stopping threads took: 0.0000263 seconds
2019-02-01T02:55:08.624+0000: 802874.629: Application time: 3.0474922 seconds
2019-02-01T02:55:08.627+0000: 802874.633: [GC (Allocation Failure) 2019-02-01T02:55:08.633+0000: 802874.638: [SoftReference, 0 refs, 0.0000351 secs]2019-02-01T02:55:08.633+0000: 802874.639: [WeakReference, 19 refs, 0.0000191 secs]2019-02-01T02:55:08.633+0000: 802874.639: [FinalReference, 763 refs, 0.0004147 secs]2019-02-01T02:55:08.633+0000: 802874.639: [PhantomReference, 0 refs, 0 refs, 0.0000151 secs]2019-02-01T02:55:08.633+0000: 802874.639: [JNI Weak Reference, 0.0000288 secs]
Desired survivor size 23592960 bytes, new threshold 1 (max 15)
[PSYoungGen: 113897K->7488K(110592K)] 791140K->686934K(824832K), 0.0124064 secs] [Times: user=0.09 sys=0.00, real=0.01 secs] 
2019-02-01T02:55:08.639+0000: 802874.645: Total time for which application threads were stopped: 0.0156716 seconds, Stopping threads took: 0.0000557 seconds
2019-02-01T02:55:08.882+0000: 802874.887: Application time: 0.2423142 seconds
2019-02-01T02:55:08.885+0000: 802874.891: Total time for which application threads were stopped: 0.0031590 seconds, Stopping threads took: 0.0000710 seconds
2019-02-01T02:55:08.885+0000: 802874.891: Application time: 0.0001116 seconds
2019-02-01T02:55:08.887+0000: 802874.893: Total time for which application threads were stopped: 0.0020712 seconds, Stopping threads took: 0.0000438 seconds
2019-02-01T02:55:08.988+0000: 802874.994: Application time: 0.1008133 seconds
2019-02-01T02:55:08.990+0000: 802874.996: Total time for which application threads were stopped: 0.0025829 seconds, Stopping threads took: 0.0000359 seconds
2019-02-01T02:55:08.991+0000: 802874.996: Application time: 0.0000648 seconds
2019-02-01T02:55:08.992+0000: 802874.998: Total time for which application threads were stopped: 0.0016227 seconds, Stopping threads took: 0.0000326 seconds
2019-02-01T02:55:09.093+0000: 802875.099: Application time: 0.1005699 seconds
2019-02-01T02:55:09.095+0000: 802875.101: Total time for which application threads were stopped: 0.0025755 seconds, Stopping threads took: 0.0000371 seconds
2019-02-01T02:55:09.095+0000: 802875.101: Application time: 0.0000812 seconds
2019-02-01T02:55:09.097+0000: 802875.103: Total time for which application threads were stopped: 0.0019353 seconds, Stopping threads took: 0.0000820 seconds
2019-02-01T02:55:10.054+0000: 802876.060: Application time: 0.9570545 seconds
2019-02-01T02:55:10.058+0000: 802876.063: Total time for which application threads were stopped: 0.0032373 seconds, Stopping threads took: 0.0000838 seconds
2019-02-01T02:55:11.301+0000: 802877.307: Application time: 1.2438084 seconds
2019-02-01T02:55:11.305+0000: 802877.311: Total time for which application threads were stopped: 0.0035228 seconds, Stopping threads took: 0.0000689 seconds
2019-02-01T02:55:11.305+0000: 802877.311: Application time: 0.0001077 seconds
2019-02-01T02:55:11.307+0000: 802877.313: Total time for which application threads were stopped: 0.0021683 seconds, Stopping threads took: 0.0000648 seconds
2019-02-01T02:55:12.009+0000: 802878.015: Application time: 0.7016796 seconds
2019-02-01T02:55:12.012+0000: 802878.018: Total time for which application threads were stopped: 0.0032681 seconds, Stopping threads took: 0.0000653 seconds
2019-02-01T02:55:12.012+0000: 802878.018: Application time: 0.0001142 seconds
2019-02-01T02:55:12.015+0000: 802878.020: Total time for which application threads were stopped: 0.0021785 seconds, Stopping threads took: 0.0000919 seconds
2019-02-01T02:55:13.349+0000: 802879.355: Application time: 1.3347485 seconds
2019-02-01T02:55:13.353+0000: 802879.358: [GC (Allocation Failure) 2019-02-01T02:55:13.358+0000: 802879.363: [SoftReference, 0 refs, 0.0000335 secs]2019-02-01T02:55:13.358+0000: 802879.363: [WeakReference, 24 refs, 0.0000204 secs]2019-02-01T02:55:13.358+0000: 802879.363: [FinalReference, 638 refs, 0.0003091 secs]2019-02-01T02:55:13.358+0000: 802879.364: [PhantomReference, 0 refs, 0 refs, 0.0000155 secs]2019-02-01T02:55:13.358+0000: 802879.364: [JNI Weak Reference, 0.0000286 secs]
Desired survivor size 24117248 bytes, new threshold 1 (max 15)
[PSYoungGen: 110400K->4530K(104448K)] 789846K->685861K(818688K), 0.0133822 secs] [Times: user=0.09 sys=0.00, real=0.02 secs] 
2019-02-01T02:55:13.366+0000: 802879.372: Total time for which application threads were stopped: 0.0167966 seconds, Stopping threads took: 0.0000652 seconds
2019-02-01T02:55:17.264+0000: 802883.270: Application time: 3.8977050 seconds
2019-02-01T02:55:17.267+0000: 802883.273: [GC (Allocation Failure) 2019-02-01T02:55:17.272+0000: 802883.278: [SoftReference, 0 refs, 0.0000332 secs]2019-02-01T02:55:17.272+0000: 802883.278: [WeakReference, 11 refs, 0.0000160 secs]2019-02-01T02:55:17.272+0000: 802883.278: [FinalReference, 842 refs, 0.0004556 secs]2019-02-01T02:55:17.273+0000: 802883.278: [PhantomReference, 0 refs, 0 refs, 0.0000151 secs]2019-02-01T02:55:17.273+0000: 802883.278: [JNI Weak Reference, 0.0000293 secs]
Desired survivor size 24117248 bytes, new threshold 1 (max 15)
[PSYoungGen: 104370K->4743K(101888K)] 785701K->687741K(816128K), 0.0101494 secs] [Times: user=0.10 sys=0.00, real=0.01 secs] 
2019-02-01T02:55:17.277+0000: 802883.283: Total time for which application threads were stopped: 0.0134177 seconds, Stopping threads took: 0.0000631 seconds
2019-02-01T02:55:22.147+0000: 802888.153: Application time: 4.8699006 seconds
2019-02-01T02:55:22.150+0000: 802888.156: [GC (Allocation Failure) 2019-02-01T02:55:22.154+0000: 802888.160: [SoftReference, 0 refs, 0.0000324 secs]2019-02-01T02:55:22.154+0000: 802888.160: [WeakReference, 6 refs, 0.0000148 secs]2019-02-01T02:55:22.154+0000: 802888.160: [FinalReference, 645 refs, 0.0002488 secs]2019-02-01T02:55:22.154+0000: 802888.160: [PhantomReference, 0 refs, 0 refs, 0.0000148 secs]2019-02-01T02:55:22.154+0000: 802888.160: [JNI Weak Reference, 0.0000393 secs]
Desired survivor size 24117248 bytes, new threshold 1 (max 15)
[PSYoungGen: 101511K->3508K(97792K)] 784509K->687565K(812032K), 0.0112147 secs] [Times: user=0.08 sys=0.00, real=0.01 secs] 
2019-02-01T02:55:22.162+0000: 802888.167: Total time for which application threads were stopped: 0.0144031 seconds, Stopping threads took: 0.0000734 seconds
2019-02-01T02:55:26.026+0000: 802892.031: Application time: 3.8642008 seconds
2019-02-01T02:55:26.029+0000: 802892.035: [GC (Allocation Failure) 2019-02-01T02:55:26.038+0000: 802892.044: [SoftReference, 0 refs, 0.0000452 secs]2019-02-01T02:55:26.038+0000: 802892.044: [WeakReference, 13 refs, 0.0000166 secs]2019-02-01T02:55:26.038+0000: 802892.044: [FinalReference, 743 refs, 0.0004214 secs]2019-02-01T02:55:26.038+0000: 802892.044: [PhantomReference, 0 refs, 0 refs, 0.0000152 secs]2019-02-01T02:55:26.038+0000: 802892.044: [JNI Weak Reference, 0.0000301 secs]
Desired survivor size 23592960 bytes, new threshold 1 (max 15)
[PSYoungGen: 97682K->6219K(98304K)] 781739K->691812K(812544K), 0.0138433 secs] [Times: user=0.19 sys=0.01, real=0.01 secs] 
2019-02-01T02:55:26.043+0000: 802892.049: Total time for which application threads were stopped: 0.0173208 seconds, Stopping threads took: 0.0000753 seconds
2019-02-01T02:55:28.688+0000: 802894.694: Application time: 2.6451720 seconds
2019-02-01T02:55:28.691+0000: 802894.697: Total time for which application threads were stopped: 0.0032740 seconds, Stopping threads took: 0.0000994 seconds
2019-02-01T02:55:28.742+0000: 802894.748: Application time: 0.0510006 seconds
2019-02-01T02:55:28.745+0000: 802894.751: Total time for which application threads were stopped: 0.0026198 seconds, Stopping threads took: 0.0000442 seconds
2019-02-01T02:55:29.884+0000: 802895.890: Application time: 1.1387362 seconds
2019-02-01T02:55:29.887+0000: 802895.893: [GC (Allocation Failure) 2019-02-01T02:55:29.896+0000: 802895.902: [SoftReference, 0 refs, 0.0000248 secs]2019-02-01T02:55:29.896+0000: 802895.902: [WeakReference, 70 refs, 0.0000237 secs]2019-02-01T02:55:29.896+0000: 802895.902: [FinalReference, 615 refs, 0.0003088 secs]2019-02-01T02:55:29.897+0000: 802895.902: [PhantomReference, 0 refs, 0 refs, 0.0000151 secs]2019-02-01T02:55:29.897+0000: 802895.902: [JNI Weak Reference, 0.0000236 secs]
Desired survivor size 23592960 bytes, new threshold 1 (max 15)
[PSYoungGen: 97867K->4638K(94208K)] 783460K->692356K(808448K), 0.0157708 secs] [Times: user=0.22 sys=0.00, real=0.01 secs] 
2019-02-01T02:55:29.903+0000: 802895.909: Total time for which application threads were stopped: 0.0191742 seconds, Stopping threads took: 0.0000626 seconds
2019-02-01T02:55:30.833+0000: 802896.838: Application time: 0.9296777 seconds
2019-02-01T02:55:30.836+0000: 802896.842: Total time for which application threads were stopped: 0.0033932 seconds, Stopping threads took: 0.0000567 seconds
2019-02-01T02:55:32.349+0000: 802898.355: Application time: 1.5132149 seconds
2019-02-01T02:55:32.353+0000: 802898.358: [GC (Allocation Failure) 2019-02-01T02:55:32.359+0000: 802898.364: [SoftReference, 0 refs, 0.0000325 secs]2019-02-01T02:55:32.359+0000: 802898.364: [WeakReference, 7 refs, 0.0000160 secs]2019-02-01T02:55:32.359+0000: 802898.364: [FinalReference, 745 refs, 0.0003051 secs]2019-02-01T02:55:32.359+0000: 802898.365: [PhantomReference, 0 refs, 0 refs, 0.0000151 secs]2019-02-01T02:55:32.359+0000: 802898.365: [JNI Weak Reference, 0.0000229 secs]
Desired survivor size 23068672 bytes, new threshold 1 (max 15)
[PSYoungGen: 93726K->4665K(91648K)] 781444K->693855K(805888K), 0.0106151 secs] [Times: user=0.14 sys=0.00, real=0.01 secs] 
2019-02-01T02:55:32.363+0000: 802898.369: Total time for which application threads were stopped: 0.0139686 seconds, Stopping threads took: 0.0000690 seconds
2019-02-01T02:55:35.328+0000: 802901.334: Application time: 2.9647186 seconds
2019-02-01T02:55:35.331+0000: 802901.337: [GC (Allocation Failure) 2019-02-01T02:55:35.336+0000: 802901.342: [SoftReference, 0 refs, 0.0000189 secs]2019-02-01T02:55:35.336+0000: 802901.342: [WeakReference, 1 refs, 0.0000072 secs]2019-02-01T02:55:35.336+0000: 802901.342: [FinalReference, 570 refs, 0.0002666 secs]2019-02-01T02:55:35.336+0000: 802901.342: [PhantomReference, 0 refs, 0 refs, 0.0000084 secs]2019-02-01T02:55:35.336+0000: 802901.342: [JNI Weak Reference, 0.0000205 secs]
Desired survivor size 22544384 bytes, new threshold 1 (max 15)
[PSYoungGen: 91193K->2520K(86528K)] 780383K->693217K(800768K), 0.0100819 secs] [Times: user=0.09 sys=0.00, real=0.01 secs] 
2019-02-01T02:55:35.341+0000: 802901.347: Total time for which application threads were stopped: 0.0131904 seconds, Stopping threads took: 0.0000527 seconds
2019-02-01T02:55:37.957+0000: 802903.963: Application time: 2.6157918 seconds
2019-02-01T02:55:37.961+0000: 802903.967: [GC (Allocation Failure) 2019-02-01T02:55:37.967+0000: 802903.972: [SoftReference, 0 refs, 0.0000431 secs]2019-02-01T02:55:37.967+0000: 802903.973: [WeakReference, 5 refs, 0.0000146 secs]2019-02-01T02:55:37.967+0000: 802903.973: [FinalReference, 653 refs, 0.0003458 secs]2019-02-01T02:55:37.967+0000: 802903.973: [PhantomReference, 0 refs, 0 refs, 0.0000148 secs]2019-02-01T02:55:37.967+0000: 802903.973: [JNI Weak Reference, 0.0000306 secs]
Desired survivor size 22544384 bytes, new threshold 1 (max 15)
[PSYoungGen: 86488K->2923K(84992K)] 777185K->694809K(799232K), 0.0109139 secs] [Times: user=0.11 sys=0.00, real=0.01 secs] 
2019-02-01T02:55:37.972+0000: 802903.978: Total time for which application threads were stopped: 0.0150220 seconds, Stopping threads took: 0.0000665 seconds
2019-02-01T02:55:40.825+0000: 802906.830: Application time: 2.8525271 seconds
2019-02-01T02:55:40.829+0000: 802906.834: [GC (Allocation Failure) 2019-02-01T02:55:40.834+0000: 802906.840: [SoftReference, 0 refs, 0.0000331 secs]2019-02-01T02:55:40.834+0000: 802906.840: [WeakReference, 29 refs, 0.0000216 secs]2019-02-01T02:55:40.834+0000: 802906.840: [FinalReference, 564 refs, 0.0003060 secs]2019-02-01T02:55:40.835+0000: 802906.840: [PhantomReference, 0 refs, 0 refs, 0.0000151 secs]2019-02-01T02:55:40.835+0000: 802906.840: [JNI Weak Reference, 0.0000302 secs]
Desired survivor size 21495808 bytes, new threshold 1 (max 15)
[PSYoungGen: 84843K->3763K(83968K)] 776729K->696785K(798208K), 0.0135798 secs] [Times: user=0.10 sys=0.00, real=0.01 secs] 
2019-02-01T02:55:40.842+0000: 802906.848: Total time for which application threads were stopped: 0.0177848 seconds, Stopping threads took: 0.0000695 seconds
2019-02-01T02:55:43.298+0000: 802909.304: Application time: 2.4559942 seconds
2019-02-01T02:55:43.302+0000: 802909.308: Total time for which application threads were stopped: 0.0039270 seconds, Stopping threads took: 0.0000710 seconds
2019-02-01T02:55:43.591+0000: 802909.597: Application time: 0.2892217 seconds
2019-02-01T02:55:43.596+0000: 802909.601: Total time for which application threads were stopped: 0.0039961 seconds, Stopping threads took: 0.0000651 seconds
2019-02-01T02:55:43.596+0000: 802909.601: Application time: 0.0001220 seconds
2019-02-01T02:55:43.598+0000: 802909.604: [GC (GCLocker Initiated GC) 2019-02-01T02:55:43.604+0000: 802909.610: [SoftReference, 0 refs, 0.0000207 secs]2019-02-01T02:55:43.604+0000: 802909.610: [WeakReference, 24 refs, 0.0000194 secs]2019-02-01T02:55:43.604+0000: 802909.610: [FinalReference, 631 refs, 0.0002892 secs]2019-02-01T02:55:43.604+0000: 802909.610: [PhantomReference, 0 refs, 0 refs, 0.0000151 secs]2019-02-01T02:55:43.604+0000: 802909.610: [JNI Weak Reference, 0.0000241 secs]
Desired survivor size 20447232 bytes, new threshold 1 (max 15)
[PSYoungGen: 83635K->7099K(84992K)] 776657K->701197K(799232K), 0.0109147 secs] [Times: user=0.11 sys=0.01, real=0.01 secs] 
2019-02-01T02:55:43.609+0000: 802909.615: Total time for which application threads were stopped: 0.0133556 seconds, Stopping threads took: 0.0001227 seconds
2019-02-01T02:55:47.394+0000: 802913.399: Application time: 3.7845484 seconds
2019-02-01T02:55:47.397+0000: 802913.402: [GC (Allocation Failure) 2019-02-01T02:55:47.402+0000: 802913.407: [SoftReference, 0 refs, 0.0000320 secs]2019-02-01T02:55:47.402+0000: 802913.407: [WeakReference, 4 refs, 0.0000138 secs]2019-02-01T02:55:47.402+0000: 802913.407: [FinalReference, 566 refs, 0.0002435 secs]2019-02-01T02:55:47.402+0000: 802913.408: [PhantomReference, 0 refs, 0 refs, 0.0000153 secs]2019-02-01T02:55:47.402+0000: 802913.408: [JNI Weak Reference, 0.0000274 secs]
Desired survivor size 19922944 bytes, new threshold 1 (max 15)
[PSYoungGen: 84923K->2403K(78336K)] 779028K->697675K(792576K), 0.0115820 secs] [Times: user=0.08 sys=0.00, real=0.01 secs] 
2019-02-01T02:55:47.408+0000: 802913.414: Total time for which application threads were stopped: 0.0147043 seconds, Stopping threads took: 0.0000853 seconds
2019-02-01T02:55:51.261+0000: 802917.267: Application time: 3.8530810 seconds
2019-02-01T02:55:51.264+0000: 802917.270: [GC (Allocation Failure) 2019-02-01T02:55:51.269+0000: 802917.275: [SoftReference, 0 refs, 0.0000322 secs]2019-02-01T02:55:51.269+0000: 802917.275: [WeakReference, 5 refs, 0.0000142 secs]2019-02-01T02:55:51.269+0000: 802917.275: [FinalReference, 582 refs, 0.0003662 secs]2019-02-01T02:55:51.269+0000: 802917.275: [PhantomReference, 0 refs, 0 refs, 0.0000148 secs]2019-02-01T02:55:51.270+0000: 802917.275: [JNI Weak Reference, 0.0000279 secs]
Desired survivor size 19398656 bytes, new threshold 1 (max 15)
[PSYoungGen: 78179K->3690K(77824K)] 773451K->699956K(792064K), 0.0097401 secs] [Times: user=0.08 sys=0.00, real=0.01 secs] 
2019-02-01T02:55:51.274+0000: 802917.280: Total time for which application threads were stopped: 0.0127622 seconds, Stopping threads took: 0.0000477 seconds
2019-02-01T02:55:54.241+0000: 802920.246: Application time: 2.9664677 seconds
2019-02-01T02:55:54.244+0000: 802920.250: [GC (Allocation Failure) 2019-02-01T02:55:54.248+0000: 802920.254: [SoftReference, 0 refs, 0.0000324 secs]2019-02-01T02:55:54.248+0000: 802920.254: [WeakReference, 2 refs, 0.0000135 secs]2019-02-01T02:55:54.248+0000: 802920.254: [FinalReference, 577 refs, 0.0002668 secs]2019-02-01T02:55:54.248+0000: 802920.254: [PhantomReference, 0 refs, 0 refs, 0.0000148 secs]2019-02-01T02:55:54.248+0000: 802920.254: [JNI Weak Reference, 0.0000291 secs]
Desired survivor size 18874368 bytes, new threshold 1 (max 15)
[PSYoungGen: 77418K->2417K(74240K)] 773684K->699611K(788480K), 0.0097601 secs] [Times: user=0.07 sys=0.00, real=0.01 secs] 
2019-02-01T02:55:54.254+0000: 802920.259: Total time for which application threads were stopped: 0.0130938 seconds, Stopping threads took: 0.0000500 seconds
2019-02-01T02:55:56.998+0000: 802923.004: Application time: 2.7446524 seconds
2019-02-01T02:55:57.002+0000: 802923.007: Total time for which application threads were stopped: 0.0031939 seconds, Stopping threads took: 0.0001152 seconds
2019-02-01T02:55:57.612+0000: 802923.617: Application time: 0.6100629 seconds
2019-02-01T02:55:57.615+0000: 802923.621: [GC (Allocation Failure) 2019-02-01T02:55:57.619+0000: 802923.625: [SoftReference, 0 refs, 0.0000324 secs]2019-02-01T02:55:57.619+0000: 802923.625: [WeakReference, 35 refs, 0.0000201 secs]2019-02-01T02:55:57.619+0000: 802923.625: [FinalReference, 525 refs, 0.0002846 secs]2019-02-01T02:55:57.619+0000: 802923.625: [PhantomReference, 0 refs, 0 refs, 0.0000147 secs]2019-02-01T02:55:57.619+0000: 802923.625: [JNI Weak Reference, 0.0000291 secs]
Desired survivor size 17825792 bytes, new threshold 1 (max 15)
[PSYoungGen: 74097K->5781K(76288K)] 771291K->703916K(790528K), 0.0087737 secs] [Times: user=0.10 sys=0.00, real=0.01 secs] 
2019-02-01T02:55:57.624+0000: 802923.629: Total time for which application threads were stopped: 0.0120505 seconds, Stopping threads took: 0.0000551 seconds
2019-02-01T02:55:57.776+0000: 802923.781: Application time: 0.1518849 seconds
2019-02-01T02:55:57.779+0000: 802923.784: Total time for which application threads were stopped: 0.0031660 seconds, Stopping threads took: 0.0000441 seconds
2019-02-01T02:55:57.860+0000: 802923.866: Application time: 0.0813979 seconds
2019-02-01T02:55:57.863+0000: 802923.869: Total time for which application threads were stopped: 0.0027944 seconds, Stopping threads took: 0.0000506 seconds
2019-02-01T02:55:58.703+0000: 802924.709: Application time: 0.8401829 seconds
2019-02-01T02:55:58.707+0000: 802924.712: Total time for which application threads were stopped: 0.0034586 seconds, Stopping threads took: 0.0000508 seconds
2019-02-01T02:55:58.945+0000: 802924.951: Application time: 0.2385013 seconds
2019-02-01T02:55:58.948+0000: 802924.954: Total time for which application threads were stopped: 0.0032253 seconds, Stopping threads took: 0.0000829 seconds
2019-02-01T02:55:58.969+0000: 802924.975: Application time: 0.0206208 seconds
2019-02-01T02:55:58.971+0000: 802924.977: Total time for which application threads were stopped: 0.0023977 seconds, Stopping threads took: 0.0000469 seconds
2019-02-01T02:55:58.982+0000: 802924.987: Application time: 0.0103864 seconds
2019-02-01T02:55:58.983+0000: 802924.989: Total time for which application threads were stopped: 0.0014669 seconds, Stopping threads took: 0.0000378 seconds
2019-02-01T02:55:58.983+0000: 802924.989: Application time: 0.0001949 seconds
2019-02-01T02:55:58.985+0000: 802924.990: Total time for which application threads were stopped: 0.0012221 seconds, Stopping threads took: 0.0001117 seconds
2019-02-01T02:55:59.007+0000: 802925.013: Application time: 0.0228872 seconds
2019-02-01T02:55:59.009+0000: 802925.015: Total time for which application threads were stopped: 0.0020114 seconds, Stopping threads took: 0.0000722 seconds
2019-02-01T02:55:59.369+0000: 802925.375: Application time: 0.3592712 seconds
2019-02-01T02:55:59.372+0000: 802925.377: Total time for which application threads were stopped: 0.0029031 seconds, Stopping threads took: 0.0000551 seconds
2019-02-01T02:56:00.059+0000: 802926.065: Application time: 0.6877890 seconds
2019-02-01T02:56:00.062+0000: 802926.068: Total time for which application threads were stopped: 0.0029514 seconds, Stopping threads took: 0.0000884 seconds
2019-02-01T02:56:00.083+0000: 802926.089: Application time: 0.0206951 seconds
2019-02-01T02:56:00.085+0000: 802926.091: Total time for which application threads were stopped: 0.0022150 seconds, Stopping threads took: 0.0000774 seconds
2019-02-01T02:56:00.126+0000: 802926.132: Application time: 0.0409308 seconds
2019-02-01T02:56:00.128+0000: 802926.134: Total time for which application threads were stopped: 0.0021185 seconds, Stopping threads took: 0.0000604 seconds
2019-02-01T02:56:00.189+0000: 802926.195: Application time: 0.0610098 seconds
2019-02-01T02:56:00.192+0000: 802926.197: Total time for which application threads were stopped: 0.0022754 seconds, Stopping threads took: 0.0000523 seconds
2019-02-01T02:56:00.222+0000: 802926.228: Application time: 0.0306294 seconds
2019-02-01T02:56:00.224+0000: 802926.230: Total time for which application threads were stopped: 0.0020419 seconds, Stopping threads took: 0.0000271 seconds
2019-02-01T02:56:00.230+0000: 802926.236: Application time: 0.0053818 seconds
2019-02-01T02:56:00.232+0000: 802926.237: Total time for which application threads were stopped: 0.0018984 seconds, Stopping threads took: 0.0001018 seconds
2019-02-01T02:56:00.612+0000: 802926.617: Application time: 0.3800111 seconds
2019-02-01T02:56:00.615+0000: 802926.621: Total time for which application threads were stopped: 0.0031749 seconds, Stopping threads took: 0.0000899 seconds
2019-02-01T02:56:00.615+0000: 802926.621: Application time: 0.0000878 seconds
2019-02-01T02:56:00.617+0000: 802926.623: Total time for which application threads were stopped: 0.0020128 seconds, Stopping threads took: 0.0000356 seconds
2019-02-01T02:56:00.626+0000: 802926.631: Application time: 0.0086454 seconds
2019-02-01T02:56:00.627+0000: 802926.633: [GC (Allocation Failure) 2019-02-01T02:56:00.632+0000: 802926.637: [SoftReference, 0 refs, 0.0000320 secs]2019-02-01T02:56:00.632+0000: 802926.637: [WeakReference, 42 refs, 0.0000310 secs]2019-02-01T02:56:00.632+0000: 802926.638: [FinalReference, 459 refs, 0.0002276 secs]2019-02-01T02:56:00.632+0000: 802926.638: [PhantomReference, 0 refs, 0 refs, 0.0000148 secs]2019-02-01T02:56:00.632+0000: 802926.638: [JNI Weak Reference, 0.0000284 secs]
Desired survivor size 16777216 bytes, new threshold 1 (max 15)
[PSYoungGen: 75925K->4540K(73216K)] 774060K->703570K(787456K), 0.0083235 secs] [Times: user=0.09 sys=0.00, real=0.01 secs] 
2019-02-01T02:56:00.636+0000: 802926.642: Total time for which application threads were stopped: 0.0103073 seconds, Stopping threads took: 0.0000332 seconds
2019-02-01T02:56:01.906+0000: 802927.912: Application time: 1.2698509 seconds
2019-02-01T02:56:01.909+0000: 802927.915: Total time for which application threads were stopped: 0.0029832 seconds, Stopping threads took: 0.0000555 seconds
2019-02-01T02:56:03.605+0000: 802929.611: Application time: 1.6962346 seconds
2019-02-01T02:56:03.608+0000: 802929.614: [GC (Allocation Failure) 2019-02-01T02:56:03.619+0000: 802929.624: [SoftReference, 0 refs, 0.0000333 secs]2019-02-01T02:56:03.619+0000: 802929.624: [WeakReference, 24 refs, 0.0000184 secs]2019-02-01T02:56:03.619+0000: 802929.624: [FinalReference, 559 refs, 0.0002905 secs]2019-02-01T02:56:03.619+0000: 802929.625: [PhantomReference, 0 refs, 0 refs, 0.0000148 secs]2019-02-01T02:56:03.619+0000: 802929.625: [JNI Weak Reference, 0.0000286 secs]
Desired survivor size 16252928 bytes, new threshold 1 (max 15)
[PSYoungGen: 73148K->3935K(71168K)] 772178K->704525K(785408K), 0.0154126 secs] [Times: user=0.27 sys=0.01, real=0.02 secs] 
2019-02-01T02:56:03.624+0000: 802929.629: Total time for which application threads were stopped: 0.0185049 seconds, Stopping threads took: 0.0000540 seconds
2019-02-01T02:56:03.824+0000: 802929.830: Application time: 0.2004811 seconds
2019-02-01T02:56:03.827+0000: 802929.833: Total time for which application threads were stopped: 0.0030557 seconds, Stopping threads took: 0.0000600 seconds
2019-02-01T02:56:03.827+0000: 802929.833: Application time: 0.0000973 seconds
2019-02-01T02:56:03.829+0000: 802929.835: Total time for which application threads were stopped: 0.0020554 seconds, Stopping threads took: 0.0000432 seconds
2019-02-01T02:56:04.078+0000: 802930.084: Application time: 0.2485621 seconds
2019-02-01T02:56:04.081+0000: 802930.086: Total time for which application threads were stopped: 0.0029233 seconds, Stopping threads took: 0.0001158 seconds
2019-02-01T02:56:05.032+0000: 802931.038: Application time: 0.9515286 seconds
2019-02-01T02:56:05.035+0000: 802931.041: Total time for which application threads were stopped: 0.0030475 seconds, Stopping threads took: 0.0000481 seconds
2019-02-01T02:56:05.035+0000: 802931.041: Application time: 0.0000880 seconds
2019-02-01T02:56:05.037+0000: 802931.043: Total time for which application threads were stopped: 0.0019664 seconds, Stopping threads took: 0.0000329 seconds
2019-02-01T02:56:05.238+0000: 802931.244: Application time: 0.2007341 seconds
2019-02-01T02:56:05.241+0000: 802931.246: Total time for which application threads were stopped: 0.0024554 seconds, Stopping threads took: 0.0000387 seconds
2019-02-01T02:56:05.241+0000: 802931.246: Application time: 0.0000845 seconds
2019-02-01T02:56:05.242+0000: 802931.248: Total time for which application threads were stopped: 0.0017020 seconds, Stopping threads took: 0.0000272 seconds
2019-02-01T02:56:06.178+0000: 802932.184: Application time: 0.9360550 seconds
2019-02-01T02:56:06.181+0000: 802932.187: [GC (Allocation Failure) 2019-02-01T02:56:06.188+0000: 802932.193: [SoftReference, 0 refs, 0.0000199 secs]2019-02-01T02:56:06.188+0000: 802932.193: [WeakReference, 23 refs, 0.0000130 secs]2019-02-01T02:56:06.188+0000: 802932.193: [FinalReference, 480 refs, 0.0001734 secs]2019-02-01T02:56:06.188+0000: 802932.194: [PhantomReference, 0 refs, 0 refs, 0.0000084 secs]2019-02-01T02:56:06.188+0000: 802932.194: [JNI Weak Reference, 0.0000194 secs]
Desired survivor size 15728640 bytes, new threshold 1 (max 15)
[PSYoungGen: 71007K->4084K(69632K)] 771597K->705887K(783872K), 0.0097445 secs] [Times: user=0.10 sys=0.00, real=0.00 secs] 
2019-02-01T02:56:06.191+0000: 802932.197: Total time for which application threads were stopped: 0.0128735 seconds, Stopping threads took: 0.0000533 seconds
2019-02-01T02:56:09.073+0000: 802935.079: Application time: 2.8819826 seconds
2019-02-01T02:56:09.076+0000: 802935.082: [GC (Allocation Failure) 2019-02-01T02:56:09.082+0000: 802935.088: [SoftReference, 0 refs, 0.0000346 secs]2019-02-01T02:56:09.082+0000: 802935.088: [WeakReference, 41 refs, 0.0000220 secs]2019-02-01T02:56:09.082+0000: 802935.088: [FinalReference, 442 refs, 0.0001747 secs]2019-02-01T02:56:09.082+0000: 802935.088: [PhantomReference, 0 refs, 0 refs, 0.0000149 secs]2019-02-01T02:56:09.082+0000: 802935.088: [JNI Weak Reference, 0.0000286 secs]
Desired survivor size 14680064 bytes, new threshold 1 (max 15)
[PSYoungGen: 69620K->4440K(68608K)] 771423K->707468K(782848K), 0.0098314 secs] [Times: user=0.07 sys=0.02, real=0.01 secs] 
2019-02-01T02:56:09.086+0000: 802935.092: Total time for which application threads were stopped: 0.0129847 seconds, Stopping threads took: 0.0000491 seconds
2019-02-01T02:56:09.450+0000: 802935.455: Application time: 0.3634751 seconds
2019-02-01T02:56:09.454+0000: 802935.459: Total time for which application threads were stopped: 0.0039347 seconds, Stopping threads took: 0.0000971 seconds
2019-02-01T02:56:09.454+0000: 802935.459: Application time: 0.0000437 seconds
2019-02-01T02:56:09.455+0000: 802935.461: Total time for which application threads were stopped: 0.0015464 seconds, Stopping threads took: 0.0000243 seconds
2019-02-01T02:56:10.157+0000: 802936.162: Application time: 0.7012608 seconds
2019-02-01T02:56:10.160+0000: 802936.165: Total time for which application threads were stopped: 0.0031791 seconds, Stopping threads took: 0.0000651 seconds
2019-02-01T02:56:10.652+0000: 802936.658: Application time: 0.4922528 seconds
2019-02-01T02:56:10.655+0000: 802936.661: Total time for which application threads were stopped: 0.0031231 seconds, Stopping threads took: 0.0000629 seconds
2019-02-01T02:56:10.655+0000: 802936.661: Application time: 0.0003861 seconds
2019-02-01T02:56:10.657+0000: 802936.663: Total time for which application threads were stopped: 0.0018953 seconds, Stopping threads took: 0.0000405 seconds
2019-02-01T02:56:10.982+0000: 802936.988: Application time: 0.3244763 seconds
2019-02-01T02:56:10.985+0000: 802936.991: [GC (Allocation Failure) 2019-02-01T02:56:10.989+0000: 802936.995: [SoftReference, 0 refs, 0.0000334 secs]2019-02-01T02:56:10.989+0000: 802936.995: [WeakReference, 8 refs, 0.0000148 secs]2019-02-01T02:56:10.989+0000: 802936.995: [FinalReference, 538 refs, 0.0002234 secs]2019-02-01T02:56:10.990+0000: 802936.995: [PhantomReference, 0 refs, 0 refs, 0.0000228 secs]2019-02-01T02:56:10.990+0000: 802936.996: [JNI Weak Reference, 0.0000222 secs]
Desired survivor size 14155776 bytes, new threshold 1 (max 15)
[PSYoungGen: 68440K->2968K(65536K)] 771468K->707748K(779776K), 0.0087171 secs] [Times: user=0.10 sys=0.02, real=0.01 secs] 
2019-02-01T02:56:10.994+0000: 802936.999: Total time for which application threads were stopped: 0.0117096 seconds, Stopping threads took: 0.0000475 seconds
2019-02-01T02:56:13.943+0000: 802939.949: Application time: 2.9494499 seconds
2019-02-01T02:56:13.946+0000: 802939.952: [GC (Allocation Failure) 2019-02-01T02:56:13.950+0000: 802939.956: [SoftReference, 0 refs, 0.0000329 secs]2019-02-01T02:56:13.950+0000: 802939.956: [WeakReference, 43 refs, 0.0000220 secs]2019-02-01T02:56:13.950+0000: 802939.956: [FinalReference, 408 refs, 0.0001799 secs]2019-02-01T02:56:13.950+0000: 802939.956: [PhantomReference, 0 refs, 0 refs, 0.0000148 secs]2019-02-01T02:56:13.950+0000: 802939.956: [JNI Weak Reference, 0.0000219 secs]
Desired survivor size 13631488 bytes, new threshold 1 (max 15)
[PSYoungGen: 65432K->3329K(64512K)] 770212K->709096K(778752K), 0.0079498 secs] [Times: user=0.10 sys=0.00, real=0.01 secs] 
2019-02-01T02:56:13.954+0000: 802939.960: Total time for which application threads were stopped: 0.0110510 seconds, Stopping threads took: 0.0000554 seconds
2019-02-01T02:56:14.114+0000: 802940.120: Application time: 0.1597032 seconds
2019-02-01T02:56:14.117+0000: 802940.123: Total time for which application threads were stopped: 0.0030586 seconds, Stopping threads took: 0.0000564 seconds
2019-02-01T02:56:14.134+0000: 802940.139: Application time: 0.0167588 seconds
2019-02-01T02:56:14.136+0000: 802940.141: Total time for which application threads were stopped: 0.0020430 seconds, Stopping threads took: 0.0000540 seconds
2019-02-01T02:56:16.027+0000: 802942.033: Application time: 1.8913204 seconds
2019-02-01T02:56:16.030+0000: 802942.036: [GC (Allocation Failure) 2019-02-01T02:56:16.035+0000: 802942.040: [SoftReference, 0 refs, 0.0000496 secs]2019-02-01T02:56:16.035+0000: 802942.040: [WeakReference, 15 refs, 0.0000166 secs]2019-02-01T02:56:16.035+0000: 802942.040: [FinalReference, 404 refs, 0.0001468 secs]2019-02-01T02:56:16.035+0000: 802942.041: [PhantomReference, 0 refs, 0 refs, 0.0000145 secs]2019-02-01T02:56:16.035+0000: 802942.041: [JNI Weak Reference, 0.0000221 secs]
Desired survivor size 13107200 bytes, new threshold 1 (max 15)
[PSYoungGen: 64257K->4384K(64000K)] 770024K->711224K(778240K), 0.0087778 secs] [Times: user=0.08 sys=0.02, real=0.01 secs] 
2019-02-01T02:56:16.039+0000: 802942.045: Total time for which application threads were stopped: 0.0119934 seconds, Stopping threads took: 0.0000660 seconds
2019-02-01T02:56:18.017+0000: 802944.023: Application time: 1.9785281 seconds
2019-02-01T02:56:18.021+0000: 802944.026: [GC (Allocation Failure) 2019-02-01T02:56:18.026+0000: 802944.032: [SoftReference, 0 refs, 0.0000297 secs]2019-02-01T02:56:18.026+0000: 802944.032: [WeakReference, 14 refs, 0.0000154 secs]2019-02-01T02:56:18.026+0000: 802944.032: [FinalReference, 489 refs, 0.0001578 secs]2019-02-01T02:56:18.026+0000: 802944.032: [PhantomReference, 0 refs, 0 refs, 0.0000147 secs]2019-02-01T02:56:18.026+0000: 802944.032: [JNI Weak Reference, 0.0000228 secs]
Desired survivor size 12582912 bytes, new threshold 1 (max 15)
[PSYoungGen: 63776K->2467K(60928K)] 770616K->711562K(775168K), 0.0094797 secs] [Times: user=0.06 sys=0.03, real=0.01 secs] 
2019-02-01T02:56:18.030+0000: 802944.036: Total time for which application threads were stopped: 0.0126450 seconds, Stopping threads took: 0.0000855 seconds
2019-02-01T02:56:20.604+0000: 802946.610: Application time: 2.5741256 seconds
2019-02-01T02:56:20.607+0000: 802946.613: [GC (Allocation Failure) 2019-02-01T02:56:20.615+0000: 802946.621: [SoftReference, 0 refs, 0.0000326 secs]2019-02-01T02:56:20.615+0000: 802946.621: [WeakReference, 3 refs, 0.0000138 secs]2019-02-01T02:56:20.615+0000: 802946.621: [FinalReference, 403 refs, 0.0001825 secs]2019-02-01T02:56:20.615+0000: 802946.621: [PhantomReference, 0 refs, 0 refs, 0.0000221 secs]2019-02-01T02:56:20.615+0000: 802946.621: [JNI Weak Reference, 0.0000275 secs]
Desired survivor size 12582912 bytes, new threshold 1 (max 15)
[PSYoungGen: 60835K->2277K(59904K)] 769930K->712540K(774144K), 0.0120000 secs] [Times: user=0.21 sys=0.00, real=0.01 secs] 
2019-02-01T02:56:20.619+0000: 802946.625: Total time for which application threads were stopped: 0.0151003 seconds, Stopping threads took: 0.0001004 seconds
2019-02-01T02:56:23.160+0000: 802949.165: Application time: 2.5402507 seconds
2019-02-01T02:56:23.163+0000: 802949.168: [GC (Allocation Failure) 2019-02-01T02:56:23.167+0000: 802949.172: [SoftReference, 0 refs, 0.0000450 secs]2019-02-01T02:56:23.167+0000: 802949.172: [WeakReference, 7 refs, 0.0000141 secs]2019-02-01T02:56:23.167+0000: 802949.172: [FinalReference, 365 refs, 0.0001456 secs]2019-02-01T02:56:23.167+0000: 802949.173: [PhantomReference, 0 refs, 0 refs, 0.0000145 secs]2019-02-01T02:56:23.167+0000: 802949.173: [JNI Weak Reference, 0.0000230 secs]
Desired survivor size 12058624 bytes, new threshold 1 (max 15)
[PSYoungGen: 59621K->2472K(58880K)] 769884K->713380K(773120K), 0.0090386 secs] [Times: user=0.06 sys=0.02, real=0.01 secs] 
2019-02-01T02:56:23.172+0000: 802949.178: Total time for which application threads were stopped: 0.0121792 seconds, Stopping threads took: 0.0000502 seconds
2019-02-01T02:56:25.554+0000: 802951.560: Application time: 2.3822341 seconds
2019-02-01T02:56:25.557+0000: 802951.563: Total time for which application threads were stopped: 0.0030097 seconds, Stopping threads took: 0.0000608 seconds
2019-02-01T02:56:25.557+0000: 802951.563: Application time: 0.0001860 seconds
2019-02-01T02:56:25.559+0000: 802951.565: [GC (GCLocker Initiated GC) 2019-02-01T02:56:25.563+0000: 802951.569: [SoftReference, 0 refs, 0.0000255 secs]2019-02-01T02:56:25.563+0000: 802951.569: [WeakReference, 0 refs, 0.0000119 secs]2019-02-01T02:56:25.563+0000: 802951.569: [FinalReference, 433 refs, 0.0002047 secs]2019-02-01T02:56:25.564+0000: 802951.569: [PhantomReference, 0 refs, 0 refs, 0.0000147 secs]2019-02-01T02:56:25.564+0000: 802951.569: [JNI Weak Reference, 0.0000232 secs]
Desired survivor size 11534336 bytes, new threshold 1 (max 15)
[PSYoungGen: 58792K->2420K(57856K)] 769700K->714284K(772096K), 0.0085437 secs] [Times: user=0.10 sys=0.01, real=0.01 secs] 
2019-02-01T02:56:25.568+0000: 802951.574: [Full GC (Ergonomics) 2019-02-01T02:56:25.611+0000: 802951.617: [SoftReference, 190 refs, 0.0000846 secs]2019-02-01T02:56:25.611+0000: 802951.617: [WeakReference, 2459 refs, 0.0004407 secs]2019-02-01T02:56:25.611+0000: 802951.617: [FinalReference, 2153 refs, 0.0017078 secs]2019-02-01T02:56:25.613+0000: 802951.619: [PhantomReference, 0 refs, 137 refs, 0.0000317 secs]2019-02-01T02:56:25.613+0000: 802951.619: [JNI Weak Reference, 0.0000223 secs][PSYoungGen: 2420K->0K(57856K)] [ParOldGen: 711863K->636396K(695808K)] 714284K->636396K(753664K), [Metaspace: 75215K->75215K(1118208K)], 0.1570471 secs] [Times: user=2.24 sys=0.00, real=0.16 secs] 
2019-02-01T02:56:25.725+0000: 802951.731: Total time for which application threads were stopped: 0.1678018 seconds, Stopping threads took: 0.0000735 seconds
2019-02-01T02:56:27.908+0000: 802953.913: Application time: 2.1824512 seconds
2019-02-01T02:56:27.911+0000: 802953.916: [GC (Allocation Failure) 2019-02-01T02:56:27.918+0000: 802953.924: [SoftReference, 0 refs, 0.0000401 secs]2019-02-01T02:56:27.919+0000: 802953.924: [WeakReference, 11 refs, 0.0000163 secs]2019-02-01T02:56:27.919+0000: 802953.924: [FinalReference, 412 refs, 0.0001915 secs]2019-02-01T02:56:27.919+0000: 802953.925: [PhantomReference, 0 refs, 0 refs, 0.0000147 secs]2019-02-01T02:56:27.919+0000: 802953.925: [JNI Weak Reference, 0.0000228 secs]
Desired survivor size 11010048 bytes, new threshold 1 (max 15)
[PSYoungGen: 55296K->2542K(56832K)] 691695K->638941K(752640K), 0.0121479 secs] [Times: user=0.16 sys=0.01, real=0.01 secs] 
2019-02-01T02:56:27.923+0000: 802953.929: Total time for which application threads were stopped: 0.0153214 seconds, Stopping threads took: 0.0000519 seconds
2019-02-01T02:56:30.491+0000: 802956.496: Application time: 2.5677607 seconds
2019-02-01T02:56:30.494+0000: 802956.500: [GC (Allocation Failure) 2019-02-01T02:56:30.498+0000: 802956.504: [SoftReference, 0 refs, 0.0000398 secs]2019-02-01T02:56:30.498+0000: 802956.504: [WeakReference, 17 refs, 0.0000226 secs]2019-02-01T02:56:30.498+0000: 802956.504: [FinalReference, 446 refs, 0.0002088 secs]2019-02-01T02:56:30.498+0000: 802956.504: [PhantomReference, 0 refs, 0 refs, 0.0000147 secs]2019-02-01T02:56:30.498+0000: 802956.504: [JNI Weak Reference, 0.0000333 secs]
Desired survivor size 10485760 bytes, new threshold 1 (max 15)
[PSYoungGen: 56764K->2904K(56320K)] 693164K->640510K(752128K), 0.0085265 secs] [Times: user=0.07 sys=0.00, real=0.01 secs] 
2019-02-01T02:56:30.503+0000: 802956.508: Total time for which application threads were stopped: 0.0119126 seconds, Stopping threads took: 0.0000619 seconds
2019-02-01T02:56:33.134+0000: 802959.140: Application time: 2.6315534 seconds
2019-02-01T02:56:33.137+0000: 802959.143: [GC (Allocation Failure) 2019-02-01T02:56:33.142+0000: 802959.148: [SoftReference, 0 refs, 0.0000331 secs]2019-02-01T02:56:33.142+0000: 802959.148: [WeakReference, 18 refs, 0.0000173 secs]2019-02-01T02:56:33.142+0000: 802959.148: [FinalReference, 363 refs, 0.0001653 secs]2019-02-01T02:56:33.142+0000: 802959.148: [PhantomReference, 0 refs, 0 refs, 0.0000145 secs]2019-02-01T02:56:33.142+0000: 802959.148: [JNI Weak Reference, 0.0000224 secs]
Desired survivor size 9961472 bytes, new threshold 1 (max 15)
[PSYoungGen: 56152K->2701K(55296K)] 693758K->641606K(751104K), 0.0088877 secs] [Times: user=0.10 sys=0.00, real=0.01 secs] 
2019-02-01T02:56:33.146+0000: 802959.152: Total time for which application threads were stopped: 0.0122370 seconds, Stopping threads took: 0.0000869 seconds
2019-02-01T02:56:35.718+0000: 802961.723: Application time: 2.5713870 seconds
2019-02-01T02:56:35.721+0000: 802961.727: [GC (Allocation Failure) 2019-02-01T02:56:35.725+0000: 802961.731: [SoftReference, 0 refs, 0.0000323 secs]2019-02-01T02:56:35.725+0000: 802961.731: [WeakReference, 7 refs, 0.0000156 secs]2019-02-01T02:56:35.725+0000: 802961.731: [FinalReference, 378 refs, 0.0001748 secs]2019-02-01T02:56:35.725+0000: 802961.731: [PhantomReference, 0 refs, 0 refs, 0.0000150 secs]2019-02-01T02:56:35.725+0000: 802961.731: [JNI Weak Reference, 0.0000286 secs]
Desired survivor size 9961472 bytes, new threshold 1 (max 15)
[PSYoungGen: 54925K->2253K(53760K)] 693830K->642053K(749568K), 0.0086563 secs] [Times: user=0.09 sys=0.01, real=0.01 secs] 
2019-02-01T02:56:35.730+0000: 802961.735: Total time for which application threads were stopped: 0.0118530 seconds, Stopping threads took: 0.0000514 seconds
2019-02-01T02:56:37.605+0000: 802963.611: Application time: 1.8751699 seconds
2019-02-01T02:56:37.608+0000: 802963.614: [GC (Allocation Failure) 2019-02-01T02:56:37.612+0000: 802963.618: [SoftReference, 0 refs, 0.0000358 secs]2019-02-01T02:56:37.612+0000: 802963.618: [WeakReference, 7 refs, 0.0000161 secs]2019-02-01T02:56:37.612+0000: 802963.618: [FinalReference, 359 refs, 0.0001844 secs]2019-02-01T02:56:37.612+0000: 802963.618: [PhantomReference, 0 refs, 0 refs, 0.0000085 secs]2019-02-01T02:56:37.612+0000: 802963.618: [JNI Weak Reference, 0.0000146 secs]
Desired survivor size 9437184 bytes, new threshold 1 (max 15)
[PSYoungGen: 53453K->3438K(53760K)] 693253K->644199K(749568K), 0.0072032 secs] [Times: user=0.10 sys=0.00, real=0.00 secs] 
2019-02-01T02:56:37.615+0000: 802963.621: Total time for which application threads were stopped: 0.0103426 seconds, Stopping threads took: 0.0000547 seconds
2019-02-01T02:56:39.285+0000: 802965.291: Application time: 1.6697164 seconds
2019-02-01T02:56:39.288+0000: 802965.294: [GC (Allocation Failure) 2019-02-01T02:56:39.292+0000: 802965.298: [SoftReference, 0 refs, 0.0000322 secs]2019-02-01T02:56:39.292+0000: 802965.298: [WeakReference, 20 refs, 0.0000181 secs]2019-02-01T02:56:39.292+0000: 802965.298: [FinalReference, 435 refs, 0.0002030 secs]2019-02-01T02:56:39.292+0000: 802965.298: [PhantomReference, 0 refs, 0 refs, 0.0000148 secs]2019-02-01T02:56:39.292+0000: 802965.298: [JNI Weak Reference, 0.0000293 secs]
Desired survivor size 8912896 bytes, new threshold 1 (max 15)
[PSYoungGen: 53614K->4560K(53760K)] 694375K->646215K(749568K), 0.0083651 secs] [Times: user=0.08 sys=0.00, real=0.00 secs] 
2019-02-01T02:56:39.296+0000: 802965.302: Total time for which application threads were stopped: 0.0114271 seconds, Stopping threads took: 0.0000501 seconds
2019-02-01T02:56:40.713+0000: 802966.719: Application time: 1.4172109 seconds
2019-02-01T02:56:40.716+0000: 802966.722: [GC (Allocation Failure) 2019-02-01T02:56:40.721+0000: 802966.726: [SoftReference, 0 refs, 0.0000323 secs]2019-02-01T02:56:40.721+0000: 802966.726: [WeakReference, 17 refs, 0.0000170 secs]2019-02-01T02:56:40.721+0000: 802966.726: [FinalReference, 392 refs, 0.0001647 secs]2019-02-01T02:56:40.721+0000: 802966.727: [PhantomReference, 0 refs, 0 refs, 0.0000150 secs]2019-02-01T02:56:40.721+0000: 802966.727: [JNI Weak Reference, 0.0000283 secs]
Desired survivor size 8912896 bytes, new threshold 1 (max 15)
[PSYoungGen: 53712K->4047K(52224K)] 695367K->646981K(748032K), 0.0091631 secs] [Times: user=0.10 sys=0.00, real=0.00 secs] 
2019-02-01T02:56:40.726+0000: 802966.732: Total time for which application threads were stopped: 0.0122949 seconds, Stopping threads took: 0.0000536 seconds
2019-02-01T02:56:42.677+0000: 802968.683: Application time: 1.9514218 seconds
2019-02-01T02:56:42.680+0000: 802968.686: [GC (Allocation Failure) 2019-02-01T02:56:42.686+0000: 802968.692: [SoftReference, 0 refs, 0.0000323 secs]2019-02-01T02:56:42.686+0000: 802968.692: [WeakReference, 31 refs, 0.0000211 secs]2019-02-01T02:56:42.686+0000: 802968.692: [FinalReference, 334 refs, 0.0001768 secs]2019-02-01T02:56:42.686+0000: 802968.692: [PhantomReference, 0 refs, 0 refs, 0.0000143 secs]2019-02-01T02:56:42.686+0000: 802968.692: [JNI Weak Reference, 0.0000290 secs]
Desired survivor size 8388608 bytes, new threshold 1 (max 15)
[PSYoungGen: 52175K->3388K(50688K)] 695109K->648037K(746496K), 0.0101984 secs] [Times: user=0.10 sys=0.00, real=0.01 secs] 
2019-02-01T02:56:42.690+0000: 802968.696: Total time for which application threads were stopped: 0.0132231 seconds, Stopping threads took: 0.0000471 seconds
2019-02-01T02:56:44.409+0000: 802970.415: Application time: 1.7187449 seconds
2019-02-01T02:56:44.412+0000: 802970.418: [GC (Allocation Failure) 2019-02-01T02:56:44.419+0000: 802970.425: [SoftReference, 0 refs, 0.0000327 secs]2019-02-01T02:56:44.419+0000: 802970.425: [WeakReference, 24 refs, 0.0000189 secs]2019-02-01T02:56:44.419+0000: 802970.425: [FinalReference, 370 refs, 0.0001379 secs]2019-02-01T02:56:44.419+0000: 802970.425: [PhantomReference, 0 refs, 1 refs, 0.0000151 secs]2019-02-01T02:56:44.419+0000: 802970.425: [JNI Weak Reference, 0.0000283 secs]
Desired survivor size 7864320 bytes, new threshold 1 (max 15)
[PSYoungGen: 50492K->3890K(50176K)] 695141K->649738K(745984K), 0.0114630 secs] [Times: user=0.16 sys=0.00, real=0.01 secs] 
2019-02-01T02:56:44.424+0000: 802970.429: Total time for which application threads were stopped: 0.0145603 seconds, Stopping threads took: 0.0000522 seconds
2019-02-01T02:56:46.579+0000: 802972.585: Application time: 2.1555550 seconds
2019-02-01T02:56:46.582+0000: 802972.588: [GC (Allocation Failure) 2019-02-01T02:56:46.586+0000: 802972.592: [SoftReference, 0 refs, 0.0000197 secs]2019-02-01T02:56:46.586+0000: 802972.592: [WeakReference, 16 refs, 0.0000106 secs]2019-02-01T02:56:46.586+0000: 802972.592: [FinalReference, 336 refs, 0.0001414 secs]2019-02-01T02:56:46.586+0000: 802972.592: [PhantomReference, 0 refs, 0 refs, 0.0000083 secs]2019-02-01T02:56:46.586+0000: 802972.592: [JNI Weak Reference, 0.0000204 secs]
Desired survivor size 7864320 bytes, new threshold 1 (max 15)
[PSYoungGen: 49929K->2264K(47616K)] 695777K->649701K(743424K), 0.0078024 secs] [Times: user=0.08 sys=0.01, real=0.01 secs] 
2019-02-01T02:56:46.590+0000: 802972.596: Total time for which application threads were stopped: 0.0106263 seconds, Stopping threads took: 0.0000489 seconds
2019-02-01T02:56:48.369+0000: 802974.374: Application time: 1.7788262 seconds
2019-02-01T02:56:48.372+0000: 802974.377: [GC (Allocation Failure) 2019-02-01T02:56:48.376+0000: 802974.382: [SoftReference, 0 refs, 0.0000323 secs]2019-02-01T02:56:48.376+0000: 802974.382: [WeakReference, 15 refs, 0.0000167 secs]2019-02-01T02:56:48.377+0000: 802974.382: [FinalReference, 364 refs, 0.0002158 secs]2019-02-01T02:56:48.377+0000: 802974.382: [PhantomReference, 0 refs, 0 refs, 0.0000084 secs]2019-02-01T02:56:48.377+0000: 802974.383: [JNI Weak Reference, 0.0000207 secs]
Desired survivor size 7340032 bytes, new threshold 1 (max 15)
[PSYoungGen: 47320K->2719K(47616K)] 694757K->651306K(743424K), 0.0078053 secs] [Times: user=0.10 sys=0.01, real=0.01 secs] 
2019-02-01T02:56:48.379+0000: 802974.385: Total time for which application threads were stopped: 0.0106944 seconds, Stopping threads took: 0.0000486 seconds
2019-02-01T02:56:51.101+0000: 802977.106: Application time: 2.7212851 seconds
2019-02-01T02:56:51.104+0000: 802977.110: [GC (Allocation Failure) 2019-02-01T02:56:51.109+0000: 802977.114: [SoftReference, 0 refs, 0.0000325 secs]2019-02-01T02:56:51.109+0000: 802977.114: [WeakReference, 22 refs, 0.0000182 secs]2019-02-01T02:56:51.109+0000: 802977.114: [FinalReference, 281 refs, 0.0001613 secs]2019-02-01T02:56:51.109+0000: 802977.114: [PhantomReference, 0 refs, 0 refs, 0.0000144 secs]2019-02-01T02:56:51.109+0000: 802977.115: [JNI Weak Reference, 0.0000288 secs]
Desired survivor size 7340032 bytes, new threshold 1 (max 15)
[PSYoungGen: 47263K->3104K(47616K)] 695850K->652884K(743424K), 0.0095901 secs] [Times: user=0.10 sys=0.00, real=0.01 secs] 
2019-02-01T02:56:51.114+0000: 802977.119: Total time for which application threads were stopped: 0.0128371 seconds, Stopping threads took: 0.0000879 seconds
2019-02-01T02:56:53.062+0000: 802979.068: Application time: 1.9485982 seconds
2019-02-01T02:56:53.065+0000: 802979.071: [GC (Allocation Failure) 2019-02-01T02:56:53.069+0000: 802979.075: [SoftReference, 0 refs, 0.0000321 secs]2019-02-01T02:56:53.069+0000: 802979.075: [WeakReference, 15 refs, 0.0000178 secs]2019-02-01T02:56:53.069+0000: 802979.075: [FinalReference, 278 refs, 0.0001310 secs]2019-02-01T02:56:53.069+0000: 802979.075: [PhantomReference, 0 refs, 0 refs, 0.0000144 secs]2019-02-01T02:56:53.069+0000: 802979.075: [JNI Weak Reference, 0.0000285 secs]
Desired survivor size 6815744 bytes, new threshold 1 (max 15)
[PSYoungGen: 47136K->3490K(47104K)] 696916K->654327K(742912K), 0.0077741 secs] [Times: user=0.09 sys=0.00, real=0.01 secs] 
2019-02-01T02:56:53.073+0000: 802979.079: Total time for which application threads were stopped: 0.0110620 seconds, Stopping threads took: 0.0000807 seconds
2019-02-01T02:56:55.101+0000: 802981.107: Application time: 2.0279622 seconds
2019-02-01T02:56:55.104+0000: 802981.110: [GC (Allocation Failure) 2019-02-01T02:56:55.109+0000: 802981.114: [SoftReference, 0 refs, 0.0000325 secs]2019-02-01T02:56:55.109+0000: 802981.114: [WeakReference, 21 refs, 0.0000188 secs]2019-02-01T02:56:55.109+0000: 802981.114: [FinalReference, 280 refs, 0.0001238 secs]2019-02-01T02:56:55.109+0000: 802981.115: [PhantomReference, 0 refs, 0 refs, 0.0000146 secs]2019-02-01T02:56:55.109+0000: 802981.115: [JNI Weak Reference, 0.0000226 secs]
Desired survivor size 6815744 bytes, new threshold 1 (max 15)
[PSYoungGen: 47010K->3272K(46592K)] 697847K->656177K(742400K), 0.0085142 secs] [Times: user=0.11 sys=0.00, real=0.01 secs] 
2019-02-01T02:56:55.113+0000: 802981.119: Total time for which application threads were stopped: 0.0118034 seconds, Stopping threads took: 0.0000505 seconds
2019-02-01T02:56:56.978+0000: 802982.983: Application time: 1.8645840 seconds
2019-02-01T02:56:56.981+0000: 802982.987: Total time for which application threads were stopped: 0.0031761 seconds, Stopping threads took: 0.0001428 seconds
2019-02-01T02:56:56.981+0000: 802982.987: Application time: 0.0001067 seconds
2019-02-01T02:56:56.983+0000: 802982.988: Total time for which application threads were stopped: 0.0016633 seconds, Stopping threads took: 0.0002472 seconds
2019-02-01T02:56:57.003+0000: 802983.009: Application time: 0.0203908 seconds
2019-02-01T02:56:57.004+0000: 802983.010: Total time for which application threads were stopped: 0.0014320 seconds, Stopping threads took: 0.0000664 seconds
2019-02-01T02:56:57.035+0000: 802983.041: Application time: 0.0306079 seconds
2019-02-01T02:56:57.037+0000: 802983.043: Total time for which application threads were stopped: 0.0019511 seconds, Stopping threads took: 0.0000474 seconds
2019-02-01T02:56:57.083+0000: 802983.089: Application time: 0.0461777 seconds
2019-02-01T02:56:57.085+0000: 802983.091: Total time for which application threads were stopped: 0.0019982 seconds, Stopping threads took: 0.0000329 seconds
2019-02-01T02:56:57.187+0000: 802983.193: Application time: 0.1020323 seconds
2019-02-01T02:56:57.189+0000: 802983.195: [GC (Allocation Failure) 2019-02-01T02:56:57.194+0000: 802983.199: [SoftReference, 0 refs, 0.0000327 secs]2019-02-01T02:56:57.194+0000: 802983.199: [WeakReference, 34 refs, 0.0000199 secs]2019-02-01T02:56:57.194+0000: 802983.199: [FinalReference, 365 refs, 0.0002092 secs]2019-02-01T02:56:57.194+0000: 802983.200: [PhantomReference, 0 refs, 0 refs, 0.0000151 secs]2019-02-01T02:56:57.194+0000: 802983.200: [JNI Weak Reference, 0.0000279 secs]
Desired survivor size 6815744 bytes, new threshold 1 (max 15)
[PSYoungGen: 46280K->2087K(45056K)] 699185K->656596K(740864K), 0.0093139 secs] [Times: user=0.10 sys=0.00, real=0.01 secs] 
2019-02-01T02:56:57.199+0000: 802983.204: Total time for which application threads were stopped: 0.0114213 seconds, Stopping threads took: 0.0000704 seconds
2019-02-01T02:56:57.492+0000: 802983.498: Application time: 0.2934794 seconds
2019-02-01T02:56:57.495+0000: 802983.501: Total time for which application threads were stopped: 0.0027407 seconds, Stopping threads took: 0.0000465 seconds
2019-02-01T02:56:57.596+0000: 802983.602: Application time: 0.1015274 seconds
2019-02-01T02:56:57.599+0000: 802983.605: Total time for which application threads were stopped: 0.0023975 seconds, Stopping threads took: 0.0000896 seconds
2019-02-01T02:56:57.650+0000: 802983.655: Application time: 0.0509788 seconds
2019-02-01T02:56:57.652+0000: 802983.657: Total time for which application threads were stopped: 0.0018338 seconds, Stopping threads took: 0.0001080 seconds
2019-02-01T02:56:58.056+0000: 802984.062: Application time: 0.4047871 seconds
2019-02-01T02:56:58.059+0000: 802984.065: Total time for which application threads were stopped: 0.0029392 seconds, Stopping threads took: 0.0000712 seconds
2019-02-01T02:56:58.388+0000: 802984.394: Application time: 0.3289586 seconds
2019-02-01T02:56:58.392+0000: 802984.397: Total time for which application threads were stopped: 0.0032460 seconds, Stopping threads took: 0.0000502 seconds
2019-02-01T02:56:58.957+0000: 802984.962: Application time: 0.5651644 seconds
2019-02-01T02:56:58.960+0000: 802984.966: Total time for which application threads were stopped: 0.0032531 seconds, Stopping threads took: 0.0000879 seconds
2019-02-01T02:56:58.960+0000: 802984.966: Application time: 0.0002282 seconds
2019-02-01T02:56:58.962+0000: 802984.968: [GC (GCLocker Initiated GC) 2019-02-01T02:56:58.970+0000: 802984.976: [SoftReference, 0 refs, 0.0000324 secs]2019-02-01T02:56:58.970+0000: 802984.976: [WeakReference, 51 refs, 0.0000233 secs]2019-02-01T02:56:58.970+0000: 802984.976: [FinalReference, 314 refs, 0.0001488 secs]2019-02-01T02:56:58.970+0000: 802984.976: [PhantomReference, 0 refs, 0 refs, 0.0000147 secs]2019-02-01T02:56:58.970+0000: 802984.976: [JNI Weak Reference, 0.0000285 secs]
Desired survivor size 6291456 bytes, new threshold 1 (max 15)
[PSYoungGen: 44269K->2901K(45056K)] 699265K->658909K(740864K), 0.0126653 secs] [Times: user=0.17 sys=0.00, real=0.01 secs] 
2019-02-01T02:56:58.975+0000: 802984.981: Total time for which application threads were stopped: 0.0149146 seconds, Stopping threads took: 0.0000901 seconds
2019-02-01T02:56:59.481+0000: 802985.487: Application time: 0.5056717 seconds
2019-02-01T02:56:59.484+0000: 802985.490: Total time for which application threads were stopped: 0.0031789 seconds, Stopping threads took: 0.0001068 seconds
2019-02-01T02:56:59.494+0000: 802985.500: Application time: 0.0105576 seconds
2019-02-01T02:56:59.497+0000: 802985.502: Total time for which application threads were stopped: 0.0020539 seconds, Stopping threads took: 0.0000413 seconds
2019-02-01T02:56:59.507+0000: 802985.513: Application time: 0.0104211 seconds
2019-02-01T02:56:59.509+0000: 802985.515: Total time for which application threads were stopped: 0.0018297 seconds, Stopping threads took: 0.0000383 seconds
2019-02-01T02:56:59.519+0000: 802985.525: Application time: 0.0104122 seconds
2019-02-01T02:56:59.521+0000: 802985.527: Total time for which application threads were stopped: 0.0017395 seconds, Stopping threads took: 0.0000412 seconds
2019-02-01T02:56:59.531+0000: 802985.537: Application time: 0.0104256 seconds
2019-02-01T02:56:59.533+0000: 802985.539: Total time for which application threads were stopped: 0.0017544 seconds, Stopping threads took: 0.0001254 seconds
2019-02-01T02:56:59.542+0000: 802985.548: Application time: 0.0091021 seconds
2019-02-01T02:56:59.544+0000: 802985.550: Total time for which application threads were stopped: 0.0017924 seconds, Stopping threads took: 0.0000696 seconds
2019-02-01T02:57:00.778+0000: 802986.784: Application time: 1.2337451 seconds
2019-02-01T02:57:00.781+0000: 802986.787: [GC (Allocation Failure) 2019-02-01T02:57:00.789+0000: 802986.795: [SoftReference, 0 refs, 0.0000324 secs]2019-02-01T02:57:00.789+0000: 802986.795: [WeakReference, 8 refs, 0.0000157 secs]2019-02-01T02:57:00.789+0000: 802986.795: [FinalReference, 280 refs, 0.0001385 secs]2019-02-01T02:57:00.789+0000: 802986.795: [PhantomReference, 0 refs, 0 refs, 0.0000142 secs]2019-02-01T02:57:00.789+0000: 802986.795: [JNI Weak Reference, 0.0000275 secs]
Desired survivor size 6291456 bytes, new threshold 1 (max 15)
[PSYoungGen: 44885K->1940K(43520K)] 700994K->659185K(739328K), 0.0125658 secs] [Times: user=0.18 sys=0.00, real=0.01 secs] 
2019-02-01T02:57:00.794+0000: 802986.799: Total time for which application threads were stopped: 0.0157067 seconds, Stopping threads took: 0.0000523 seconds
2019-02-01T02:57:01.906+0000: 802987.912: Application time: 1.1125678 seconds
2019-02-01T02:57:01.909+0000: 802987.915: Total time for which application threads were stopped: 0.0031459 seconds, Stopping threads took: 0.0000431 seconds
2019-02-01T02:57:02.653+0000: 802988.658: Application time: 0.7434491 seconds
2019-02-01T02:57:02.656+0000: 802988.661: [GC (Allocation Failure) 2019-02-01T02:57:02.664+0000: 802988.670: [SoftReference, 0 refs, 0.0000324 secs]2019-02-01T02:57:02.664+0000: 802988.670: [WeakReference, 23 refs, 0.0000188 secs]2019-02-01T02:57:02.664+0000: 802988.670: [FinalReference, 311 refs, 0.0001639 secs]2019-02-01T02:57:02.664+0000: 802988.670: [PhantomReference, 0 refs, 0 refs, 0.0000144 secs]2019-02-01T02:57:02.664+0000: 802988.670: [JNI Weak Reference, 0.0000284 secs]
Desired survivor size 6291456 bytes, new threshold 1 (max 15)
[PSYoungGen: 43412K->3556K(44544K)] 700657K->661963K(740352K), 0.0133711 secs] [Times: user=0.21 sys=0.00, real=0.01 secs] 
2019-02-01T02:57:02.669+0000: 802988.675: Total time for which application threads were stopped: 0.0164757 seconds, Stopping threads took: 0.0000512 seconds
2019-02-01T02:57:04.692+0000: 802990.698: Application time: 2.0226270 seconds
2019-02-01T02:57:04.695+0000: 802990.701: [GC (Allocation Failure) 2019-02-01T02:57:04.704+0000: 802990.710: [SoftReference, 0 refs, 0.0000319 secs]2019-02-01T02:57:04.704+0000: 802990.710: [WeakReference, 25 refs, 0.0000183 secs]2019-02-01T02:57:04.704+0000: 802990.710: [FinalReference, 241 refs, 0.0001396 secs]2019-02-01T02:57:04.704+0000: 802990.710: [PhantomReference, 0 refs, 0 refs, 0.0000141 secs]2019-02-01T02:57:04.704+0000: 802990.710: [JNI Weak Reference, 0.0000288 secs]
Desired survivor size 5767168 bytes, new threshold 1 (max 15)
[PSYoungGen: 44516K->3193K(44032K)] 702923K->663226K(739840K), 0.0138915 secs] [Times: user=0.23 sys=0.00, real=0.01 secs] 
2019-02-01T02:57:04.709+0000: 802990.715: Total time for which application threads were stopped: 0.0170149 seconds, Stopping threads took: 0.0000492 seconds
2019-02-01T02:57:06.700+0000: 802992.706: Application time: 1.9910952 seconds
2019-02-01T02:57:06.703+0000: 802992.709: Total time for which application threads were stopped: 0.0030170 seconds, Stopping threads took: 0.0000626 seconds
2019-02-01T02:57:06.703+0000: 802992.709: Application time: 0.0001322 seconds
2019-02-01T02:57:06.705+0000: 802992.711: [GC (GCLocker Initiated GC) 2019-02-01T02:57:06.710+0000: 802992.716: [SoftReference, 0 refs, 0.0000370 secs]2019-02-01T02:57:06.710+0000: 802992.716: [WeakReference, 5 refs, 0.0000148 secs]2019-02-01T02:57:06.710+0000: 802992.716: [FinalReference, 281 refs, 0.0001193 secs]2019-02-01T02:57:06.711+0000: 802992.716: [PhantomReference, 0 refs, 0 refs, 0.0000146 secs]2019-02-01T02:57:06.711+0000: 802992.716: [JNI Weak Reference, 0.0000232 secs]
Desired survivor size 5767168 bytes, new threshold 1 (max 15)
[PSYoungGen: 43641K->2292K(42496K)] 703681K->663294K(738304K), 0.0094614 secs] [Times: user=0.09 sys=0.00, real=0.01 secs] 
2019-02-01T02:57:06.715+0000: 802992.720: Total time for which application threads were stopped: 0.0114878 seconds, Stopping threads took: 0.0000739 seconds
2019-02-01T02:57:08.088+0000: 802994.094: Application time: 1.3734274 seconds
2019-02-01T02:57:08.091+0000: 802994.097: [GC (Allocation Failure) 2019-02-01T02:57:08.095+0000: 802994.101: [SoftReference, 0 refs, 0.0000194 secs]2019-02-01T02:57:08.095+0000: 802994.101: [WeakReference, 13 refs, 0.0000101 secs]2019-02-01T02:57:08.096+0000: 802994.101: [FinalReference, 327 refs, 0.0000812 secs]2019-02-01T02:57:08.096+0000: 802994.101: [PhantomReference, 0 refs, 0 refs, 0.0000082 secs]2019-02-01T02:57:08.096+0000: 802994.101: [JNI Weak Reference, 0.0000212 secs]
Desired survivor size 5767168 bytes, new threshold 1 (max 15)
[PSYoungGen: 42228K->2965K(42496K)] 703234K->665247K(738304K), 0.0080548 secs] [Times: user=0.08 sys=0.00, real=0.00 secs] 
2019-02-01T02:57:08.099+0000: 802994.105: Total time for which application threads were stopped: 0.0112552 seconds, Stopping threads took: 0.0000898 seconds
2019-02-01T02:57:09.512+0000: 802995.518: Application time: 1.4132108 seconds
2019-02-01T02:57:09.516+0000: 802995.521: [GC (Allocation Failure) 2019-02-01T02:57:09.520+0000: 802995.525: [SoftReference, 0 refs, 0.0000322 secs]2019-02-01T02:57:09.520+0000: 802995.525: [WeakReference, 15 refs, 0.0000172 secs]2019-02-01T02:57:09.520+0000: 802995.525: [FinalReference, 322 refs, 0.0001625 secs]2019-02-01T02:57:09.520+0000: 802995.526: [PhantomReference, 0 refs, 0 refs, 0.0000145 secs]2019-02-01T02:57:09.520+0000: 802995.526: [JNI Weak Reference, 0.0000279 secs]
Desired survivor size 5767168 bytes, new threshold 1 (max 15)
[PSYoungGen: 42389K->4710K(44032K)] 704671K->667958K(739840K), 0.0085754 secs] [Times: user=0.06 sys=0.00, real=0.01 secs] 
2019-02-01T02:57:09.524+0000: 802995.530: Total time for which application threads were stopped: 0.0117459 seconds, Stopping threads took: 0.0000579 seconds
2019-02-01T02:57:10.892+0000: 802996.898: Application time: 1.3679306 seconds
2019-02-01T02:57:10.895+0000: 802996.901: [GC (Allocation Failure) 2019-02-01T02:57:10.899+0000: 802996.905: [SoftReference, 0 refs, 0.0000203 secs]2019-02-01T02:57:10.899+0000: 802996.905: [WeakReference, 8 refs, 0.0000137 secs]2019-02-01T02:57:10.899+0000: 802996.905: [FinalReference, 300 refs, 0.0001126 secs]2019-02-01T02:57:10.899+0000: 802996.905: [PhantomReference, 0 refs, 0 refs, 0.0000140 secs]2019-02-01T02:57:10.899+0000: 802996.905: [JNI Weak Reference, 0.0000222 secs]
Desired survivor size 5767168 bytes, new threshold 1 (max 15)
[PSYoungGen: 43555K->2136K(40960K)] 706803K->667458K(736768K), 0.0075574 secs] [Times: user=0.09 sys=0.00, real=0.01 secs] 
2019-02-01T02:57:10.903+0000: 802996.909: Total time for which application threads were stopped: 0.0106896 seconds, Stopping threads took: 0.0000482 seconds
2019-02-01T02:57:12.639+0000: 802998.645: Application time: 1.7361763 seconds
2019-02-01T02:57:12.642+0000: 802998.648: [GC (Allocation Failure) 2019-02-01T02:57:12.651+0000: 802998.657: [SoftReference, 0 refs, 0.0000403 secs]2019-02-01T02:57:12.651+0000: 802998.657: [WeakReference, 15 refs, 0.0000173 secs]2019-02-01T02:57:12.651+0000: 802998.657: [FinalReference, 277 refs, 0.0001272 secs]2019-02-01T02:57:12.651+0000: 802998.657: [PhantomReference, 0 refs, 0 refs, 0.0000151 secs]2019-02-01T02:57:12.651+0000: 802998.657: [JNI Weak Reference, 0.0000363 secs]
Desired survivor size 5767168 bytes, new threshold 1 (max 15)
[PSYoungGen: 40536K->2333K(40448K)] 705858K->669014K(736256K), 0.0140644 secs] [Times: user=0.24 sys=0.00, real=0.01 secs] 
2019-02-01T02:57:12.656+0000: 802998.662: Total time for which application threads were stopped: 0.0172204 seconds, Stopping threads took: 0.0000479 seconds
2019-02-01T02:57:14.464+0000: 803000.470: Application time: 1.8078060 seconds
2019-02-01T02:57:14.467+0000: 803000.473: [GC (Allocation Failure) 2019-02-01T02:57:14.471+0000: 803000.477: [SoftReference, 0 refs, 0.0000343 secs]2019-02-01T02:57:14.471+0000: 803000.477: [WeakReference, 15 refs, 0.0000167 secs]2019-02-01T02:57:14.471+0000: 803000.477: [FinalReference, 268 refs, 0.0001278 secs]2019-02-01T02:57:14.471+0000: 803000.477: [PhantomReference, 0 refs, 0 refs, 0.0000142 secs]2019-02-01T02:57:14.471+0000: 803000.477: [JNI Weak Reference, 0.0000280 secs]
Desired survivor size 5767168 bytes, new threshold 1 (max 15)
[PSYoungGen: 40221K->3513K(40960K)] 706902K->671302K(736768K), 0.0087499 secs] [Times: user=0.08 sys=0.01, real=0.01 secs] 
2019-02-01T02:57:14.476+0000: 803000.482: Total time for which application threads were stopped: 0.0120093 seconds, Stopping threads took: 0.0000571 seconds
2019-02-01T02:57:16.278+0000: 803002.283: Application time: 1.8015386 seconds
2019-02-01T02:57:16.281+0000: 803002.286: [GC (Allocation Failure) 2019-02-01T02:57:16.289+0000: 803002.294: [SoftReference, 0 refs, 0.0000192 secs]2019-02-01T02:57:16.289+0000: 803002.294: [WeakReference, 11 refs, 0.0000095 secs]2019-02-01T02:57:16.289+0000: 803002.294: [FinalReference, 265 refs, 0.0000716 secs]2019-02-01T02:57:16.289+0000: 803002.294: [PhantomReference, 0 refs, 0 refs, 0.0000080 secs]2019-02-01T02:57:16.289+0000: 803002.294: [JNI Weak Reference, 0.0000150 secs]
Desired survivor size 5767168 bytes, new threshold 1 (max 15)
[PSYoungGen: 40889K->3041K(39936K)] 708678K->672382K(735744K), 0.0107959 secs] [Times: user=0.19 sys=0.01, real=0.02 secs] 
2019-02-01T02:57:16.292+0000: 803002.297: Total time for which application threads were stopped: 0.0139572 seconds, Stopping threads took: 0.0000576 seconds
2019-02-01T02:57:17.617+0000: 803003.623: Application time: 1.3255405 seconds
2019-02-01T02:57:17.620+0000: 803003.626: [GC (Allocation Failure) 2019-02-01T02:57:17.624+0000: 803003.630: [SoftReference, 0 refs, 0.0000320 secs]2019-02-01T02:57:17.624+0000: 803003.630: [WeakReference, 13 refs, 0.0000234 secs]2019-02-01T02:57:17.624+0000: 803003.630: [FinalReference, 231 refs, 0.0001162 secs]2019-02-01T02:57:17.624+0000: 803003.630: [PhantomReference, 0 refs, 0 refs, 0.0000141 secs]2019-02-01T02:57:17.624+0000: 803003.630: [JNI Weak Reference, 0.0000223 secs]
Desired survivor size 5242880 bytes, new threshold 1 (max 15)
[PSYoungGen: 39905K->2537K(38912K)] 709246K->672977K(734720K), 0.0076665 secs] [Times: user=0.08 sys=0.00, real=0.01 secs] 
2019-02-01T02:57:17.628+0000: 803003.634: Total time for which application threads were stopped: 0.0108570 seconds, Stopping threads took: 0.0000552 seconds
2019-02-01T02:57:18.944+0000: 803004.950: Application time: 1.3158068 seconds
2019-02-01T02:57:18.947+0000: 803004.953: [GC (Allocation Failure) 2019-02-01T02:57:18.951+0000: 803004.957: [SoftReference, 0 refs, 0.0000322 secs]2019-02-01T02:57:18.951+0000: 803004.957: [WeakReference, 21 refs, 0.0000218 secs]2019-02-01T02:57:18.951+0000: 803004.957: [FinalReference, 292 refs, 0.0001244 secs]2019-02-01T02:57:18.951+0000: 803004.957: [PhantomReference, 0 refs, 0 refs, 0.0000143 secs]2019-02-01T02:57:18.951+0000: 803004.957: [JNI Weak Reference, 0.0000221 secs]
Desired survivor size 5767168 bytes, new threshold 1 (max 15)
[PSYoungGen: 38889K->4153K(40448K)] 709329K->676160K(736256K), 0.0077216 secs] [Times: user=0.08 sys=0.00, real=0.01 secs] 
2019-02-01T02:57:18.955+0000: 803004.960: Total time for which application threads were stopped: 0.0109328 seconds, Stopping threads took: 0.0000503 seconds
2019-02-01T02:57:19.928+0000: 803005.933: Application time: 0.9729215 seconds
2019-02-01T02:57:19.931+0000: 803005.937: [GC (Allocation Failure) 2019-02-01T02:57:19.939+0000: 803005.945: [SoftReference, 0 refs, 0.0000396 secs]2019-02-01T02:57:19.939+0000: 803005.945: [WeakReference, 11 refs, 0.0000170 secs]2019-02-01T02:57:19.939+0000: 803005.945: [FinalReference, 370 refs, 0.0001313 secs]2019-02-01T02:57:19.939+0000: 803005.945: [PhantomReference, 0 refs, 0 refs, 0.0000081 secs]2019-02-01T02:57:19.939+0000: 803005.945: [JNI Weak Reference, 0.0000158 secs]
Desired survivor size 5767168 bytes, new threshold 1 (max 15)
[PSYoungGen: 39993K->2138K(37888K)] 712000K->675231K(733696K), 0.0118875 secs] [Times: user=0.21 sys=0.00, real=0.02 secs] 
2019-02-01T02:57:19.943+0000: 803005.948: Total time for which application threads were stopped: 0.0150349 seconds, Stopping threads took: 0.0000485 seconds
2019-02-01T02:57:21.047+0000: 803007.053: Application time: 1.1043091 seconds
2019-02-01T02:57:21.050+0000: 803007.056: [GC (Allocation Failure) 2019-02-01T02:57:21.055+0000: 803007.061: [SoftReference, 0 refs, 0.0000320 secs]2019-02-01T02:57:21.055+0000: 803007.061: [WeakReference, 18 refs, 0.0000175 secs]2019-02-01T02:57:21.055+0000: 803007.061: [FinalReference, 286 refs, 0.0001327 secs]2019-02-01T02:57:21.055+0000: 803007.061: [PhantomReference, 0 refs, 0 refs, 0.0000142 secs]2019-02-01T02:57:21.055+0000: 803007.061: [JNI Weak Reference, 0.0000284 secs]
Desired survivor size 5767168 bytes, new threshold 1 (max 15)
[PSYoungGen: 37466K->1829K(36864K)] 710559K->675596K(732672K), 0.0091228 secs] [Times: user=0.11 sys=0.00, real=0.01 secs] 
2019-02-01T02:57:21.059+0000: 803007.065: Total time for which application threads were stopped: 0.0123529 seconds, Stopping threads took: 0.0000539 seconds
2019-02-01T02:57:22.438+0000: 803008.444: Application time: 1.3787653 seconds
2019-02-01T02:57:22.441+0000: 803008.447: [GC (Allocation Failure) 2019-02-01T02:57:22.446+0000: 803008.452: [SoftReference, 0 refs, 0.0000318 secs]2019-02-01T02:57:22.446+0000: 803008.452: [WeakReference, 26 refs, 0.0000193 secs]2019-02-01T02:57:22.446+0000: 803008.452: [FinalReference, 274 refs, 0.0001464 secs]2019-02-01T02:57:22.446+0000: 803008.452: [PhantomReference, 0 refs, 0 refs, 0.0000140 secs]2019-02-01T02:57:22.446+0000: 803008.452: [JNI Weak Reference, 0.0000277 secs]
Desired survivor size 5767168 bytes, new threshold 1 (max 15)
[PSYoungGen: 36645K->3569K(37888K)] 710412K->678069K(733696K), 0.0090248 secs] [Times: user=0.09 sys=0.00, real=0.01 secs] 
2019-02-01T02:57:22.450+0000: 803008.456: Total time for which application threads were stopped: 0.0121857 seconds, Stopping threads took: 0.0000525 seconds
2019-02-01T02:57:23.561+0000: 803009.567: Application time: 1.1107398 seconds
2019-02-01T02:57:23.564+0000: 803009.570: Total time for which application threads were stopped: 0.0031445 seconds, Stopping threads took: 0.0001222 seconds
2019-02-01T02:57:23.564+0000: 803009.570: Application time: 0.0001622 seconds
2019-02-01T02:57:23.566+0000: 803009.572: [GC (GCLocker Initiated GC) 2019-02-01T02:57:23.574+0000: 803009.580: [SoftReference, 0 refs, 0.0000331 secs]2019-02-01T02:57:23.574+0000: 803009.580: [WeakReference, 13 refs, 0.0000168 secs]2019-02-01T02:57:23.574+0000: 803009.580: [FinalReference, 306 refs, 0.0001416 secs]2019-02-01T02:57:23.574+0000: 803009.580: [PhantomReference, 0 refs, 0 refs, 0.0000140 secs]2019-02-01T02:57:23.574+0000: 803009.580: [JNI Weak Reference, 0.0000280 secs]
Desired survivor size 5767168 bytes, new threshold 1 (max 15)
[PSYoungGen: 37873K->3916K(37888K)] 712443K->679644K(733696K), 0.0118818 secs] [Times: user=0.17 sys=0.00, real=0.01 secs] 
2019-02-01T02:57:23.578+0000: 803009.584: Total time for which application threads were stopped: 0.0140076 seconds, Stopping threads took: 0.0000976 seconds
2019-02-01T02:57:25.385+0000: 803011.391: Application time: 1.8063364 seconds
2019-02-01T02:57:25.388+0000: 803011.394: [GC (Allocation Failure) 2019-02-01T02:57:25.393+0000: 803011.398: [SoftReference, 0 refs, 0.0000356 secs]2019-02-01T02:57:25.393+0000: 803011.398: [WeakReference, 8 refs, 0.0000156 secs]2019-02-01T02:57:25.393+0000: 803011.398: [FinalReference, 200 refs, 0.0001008 secs]2019-02-01T02:57:25.393+0000: 803011.399: [PhantomReference, 0 refs, 0 refs, 0.0000141 secs]2019-02-01T02:57:25.393+0000: 803011.399: [JNI Weak Reference, 0.0000217 secs]
Desired survivor size 5767168 bytes, new threshold 1 (max 15)
[PSYoungGen: 37708K->1646K(35328K)] 713439K->678772K(731136K), 0.0088109 secs] [Times: user=0.10 sys=0.00, real=0.01 secs] 
2019-02-01T02:57:25.397+0000: 803011.403: Total time for which application threads were stopped: 0.0119845 seconds, Stopping threads took: 0.0000642 seconds
2019-02-01T02:57:26.623+0000: 803012.629: Application time: 1.2260158 seconds
2019-02-01T02:57:26.626+0000: 803012.632: [GC (Allocation Failure) 2019-02-01T02:57:26.635+0000: 803012.641: [SoftReference, 0 refs, 0.0000327 secs]2019-02-01T02:57:26.635+0000: 803012.641: [WeakReference, 6 refs, 0.0000140 secs]2019-02-01T02:57:26.635+0000: 803012.641: [FinalReference, 293 refs, 0.0001402 secs]2019-02-01T02:57:26.635+0000: 803012.641: [PhantomReference, 0 refs, 0 refs, 0.0000146 secs]2019-02-01T02:57:26.635+0000: 803012.641: [JNI Weak Reference, 0.0000290 secs]
Desired survivor size 5767168 bytes, new threshold 1 (max 15)
[PSYoungGen: 34926K->3195K(36352K)] 712052K->681033K(732160K), 0.0130517 secs] [Times: user=0.20 sys=0.00, real=0.01 secs] 
2019-02-01T02:57:26.639+0000: 803012.645: Total time for which application threads were stopped: 0.0161750 seconds, Stopping threads took: 0.0000496 seconds
2019-02-01T02:57:27.440+0000: 803013.446: Application time: 0.8010774 seconds
2019-02-01T02:57:27.443+0000: 803013.449: [GC (Allocation Failure) 2019-02-01T02:57:27.447+0000: 803013.453: [SoftReference, 0 refs, 0.0000416 secs]2019-02-01T02:57:27.447+0000: 803013.453: [WeakReference, 8 refs, 0.0000155 secs]2019-02-01T02:57:27.447+0000: 803013.453: [FinalReference, 280 refs, 0.0001365 secs]2019-02-01T02:57:27.448+0000: 803013.453: [PhantomReference, 0 refs, 0 refs, 0.0000257 secs]2019-02-01T02:57:27.448+0000: 803013.453: [JNI Weak Reference, 0.0000275 secs]
Desired survivor size 5767168 bytes, new threshold 1 (max 15)
[PSYoungGen: 35963K->3896K(36352K)] 713801K->682791K(732160K), 0.0088058 secs] [Times: user=0.09 sys=0.00, real=0.01 secs] 
2019-02-01T02:57:27.452+0000: 803013.458: Total time for which application threads were stopped: 0.0118688 seconds, Stopping threads took: 0.0000553 seconds
2019-02-01T02:57:28.748+0000: 803014.753: Application time: 1.2958248 seconds
2019-02-01T02:57:28.750+0000: 803014.756: [GC (Allocation Failure) 2019-02-01T02:57:28.756+0000: 803014.762: [SoftReference, 0 refs, 0.0000325 secs]2019-02-01T02:57:28.756+0000: 803014.762: [WeakReference, 3 refs, 0.0000138 secs]2019-02-01T02:57:28.756+0000: 803014.762: [FinalReference, 217 refs, 0.0001178 secs]2019-02-01T02:57:28.756+0000: 803014.762: [PhantomReference, 0 refs, 0 refs, 0.0000144 secs]2019-02-01T02:57:28.756+0000: 803014.762: [JNI Weak Reference, 0.0000277 secs]
Desired survivor size 5767168 bytes, new threshold 1 (max 15)
[PSYoungGen: 36152K->1428K(33280K)] 715047K->681353K(729088K), 0.0108046 secs] [Times: user=0.11 sys=0.01, real=0.01 secs] 
2019-02-01T02:57:28.761+0000: 803014.767: Total time for which application threads were stopped: 0.0133364 seconds, Stopping threads took: 0.0000500 seconds
2019-02-01T02:57:30.256+0000: 803016.262: Application time: 1.4949246 seconds
2019-02-01T02:57:30.259+0000: 803016.265: [GC (Allocation Failure) 2019-02-01T02:57:30.264+0000: 803016.269: [SoftReference, 0 refs, 0.0000444 secs]2019-02-01T02:57:30.264+0000: 803016.269: [WeakReference, 11 refs, 0.0000272 secs]2019-02-01T02:57:30.264+0000: 803016.269: [FinalReference, 204 refs, 0.0000972 secs]2019-02-01T02:57:30.264+0000: 803016.270: [PhantomReference, 0 refs, 0 refs, 0.0000218 secs]2019-02-01T02:57:30.264+0000: 803016.270: [JNI Weak Reference, 0.0000215 secs]
Desired survivor size 5767168 bytes, new threshold 1 (max 15)
[PSYoungGen: 33153K->2913K(34304K)] 713077K->683505K(730112K), 0.0085284 secs] [Times: user=0.08 sys=0.00, real=0.01 secs] 
2019-02-01T02:57:30.268+0000: 803016.273: Total time for which application threads were stopped: 0.0116648 seconds, Stopping threads took: 0.0000839 seconds
2019-02-01T02:57:31.080+0000: 803017.086: Application time: 0.8124411 seconds
2019-02-01T02:57:31.083+0000: 803017.089: [GC (Allocation Failure) 2019-02-01T02:57:31.087+0000: 803017.093: [SoftReference, 0 refs, 0.0000329 secs]2019-02-01T02:57:31.087+0000: 803017.093: [WeakReference, 9 refs, 0.0000152 secs]2019-02-01T02:57:31.087+0000: 803017.093: [FinalReference, 371 refs, 0.0001834 secs]2019-02-01T02:57:31.087+0000: 803017.093: [PhantomReference, 0 refs, 0 refs, 0.0000143 secs]2019-02-01T02:57:31.087+0000: 803017.093: [JNI Weak Reference, 0.0000278 secs]
Desired survivor size 5242880 bytes, new threshold 1 (max 15)
[PSYoungGen: 34141K->2431K(33280K)] 714733K->683812K(729088K), 0.0088516 secs] [Times: user=0.08 sys=0.00, real=0.01 secs] 
2019-02-01T02:57:31.092+0000: 803017.098: Total time for which application threads were stopped: 0.0119204 seconds, Stopping threads took: 0.0000610 seconds
2019-02-01T02:57:32.268+0000: 803018.274: Application time: 1.1764094 seconds
2019-02-01T02:57:32.272+0000: 803018.277: [GC (Allocation Failure) 2019-02-01T02:57:32.276+0000: 803018.282: [SoftReference, 0 refs, 0.0000363 secs]2019-02-01T02:57:32.276+0000: 803018.282: [WeakReference, 7 refs, 0.0000152 secs]2019-02-01T02:57:32.276+0000: 803018.282: [FinalReference, 304 refs, 0.0001194 secs]2019-02-01T02:57:32.276+0000: 803018.282: [PhantomReference, 0 refs, 0 refs, 0.0000143 secs]2019-02-01T02:57:32.276+0000: 803018.282: [JNI Weak Reference, 0.0000233 secs]
Desired survivor size 5242880 bytes, new threshold 1 (max 15)
[PSYoungGen: 33151K->2079K(32768K)] 714532K->683987K(728576K), 0.0086646 secs] [Times: user=0.10 sys=0.00, real=0.01 secs] 
2019-02-01T02:57:32.280+0000: 803018.286: Total time for which application threads were stopped: 0.0118954 seconds, Stopping threads took: 0.0000640 seconds
2019-02-01T02:57:33.092+0000: 803019.098: Application time: 0.8115255 seconds
2019-02-01T02:57:33.095+0000: 803019.101: Total time for which application threads were stopped: 0.0031377 seconds, Stopping threads took: 0.0000555 seconds
2019-02-01T02:57:33.095+0000: 803019.101: Application time: 0.0001698 seconds
2019-02-01T02:57:33.097+0000: 803019.102: [GC (GCLocker Initiated GC) 2019-02-01T02:57:33.101+0000: 803019.107: [SoftReference, 0 refs, 0.0000147 secs]2019-02-01T02:57:33.101+0000: 803019.107: [WeakReference, 8 refs, 0.0000195 secs]2019-02-01T02:57:33.101+0000: 803019.107: [FinalReference, 237 refs, 0.0000939 secs]2019-02-01T02:57:33.102+0000: 803019.107: [PhantomReference, 0 refs, 0 refs, 0.0000076 secs]2019-02-01T02:57:33.102+0000: 803019.107: [JNI Weak Reference, 0.0000143 secs]
Desired survivor size 5767168 bytes, new threshold 1 (max 15)
[PSYoungGen: 32287K->4500K(34304K)] 714203K->686983K(730112K), 0.0076630 secs] [Times: user=0.08 sys=0.00, real=0.00 secs] 
2019-02-01T02:57:33.104+0000: 803019.110: Total time for which application threads were stopped: 0.0092206 seconds, Stopping threads took: 0.0000198 seconds
2019-02-01T02:57:34.434+0000: 803020.439: Application time: 1.3292163 seconds
2019-02-01T02:57:34.436+0000: 803020.442: [GC (Allocation Failure) 2019-02-01T02:57:34.441+0000: 803020.446: [SoftReference, 0 refs, 0.0000161 secs]2019-02-01T02:57:34.441+0000: 803020.446: [WeakReference, 7 refs, 0.0000103 secs]2019-02-01T02:57:34.441+0000: 803020.446: [FinalReference, 236 refs, 0.0000859 secs]2019-02-01T02:57:34.441+0000: 803020.447: [PhantomReference, 0 refs, 0 refs, 0.0000079 secs]2019-02-01T02:57:34.441+0000: 803020.447: [JNI Weak Reference, 0.0000139 secs]
Desired survivor size 5767168 bytes, new threshold 1 (max 15)
[PSYoungGen: 34196K->3622K(33280K)] 716696K->686701K(729088K), 0.0071939 secs] [Times: user=0.10 sys=0.00, real=0.00 secs] 
2019-02-01T02:57:34.444+0000: 803020.449: Total time for which application threads were stopped: 0.0099172 seconds, Stopping threads took: 0.0000439 seconds
2019-02-01T02:57:35.978+0000: 803021.983: Application time: 1.5340956 seconds
2019-02-01T02:57:35.980+0000: 803021.986: [GC (Allocation Failure) 2019-02-01T02:57:35.985+0000: 803021.991: [SoftReference, 0 refs, 0.0000186 secs]2019-02-01T02:57:35.985+0000: 803021.991: [WeakReference, 45 refs, 0.0000153 secs]2019-02-01T02:57:35.985+0000: 803021.991: [FinalReference, 163 refs, 0.0000547 secs]2019-02-01T02:57:35.985+0000: 803021.991: [PhantomReference, 0 refs, 0 refs, 0.0000061 secs]2019-02-01T02:57:35.985+0000: 803021.991: [JNI Weak Reference, 0.0000137 secs]
Desired survivor size 6291456 bytes, new threshold 1 (max 15)
[PSYoungGen: 32806K->3066K(32256K)] 715885K->688813K(728064K), 0.0072542 secs] [Times: user=0.10 sys=0.00, real=0.01 secs] 
2019-02-01T02:57:35.988+0000: 803021.994: Total time for which application threads were stopped: 0.0101239 seconds, Stopping threads took: 0.0000396 seconds
2019-02-01T02:57:37.234+0000: 803023.240: Application time: 1.2465451 seconds
2019-02-01T02:57:37.237+0000: 803023.243: [GC (Allocation Failure) 2019-02-01T02:57:37.242+0000: 803023.247: [SoftReference, 0 refs, 0.0000191 secs]2019-02-01T02:57:37.242+0000: 803023.247: [WeakReference, 37 refs, 0.0000111 secs]2019-02-01T02:57:37.242+0000: 803023.247: [FinalReference, 255 refs, 0.0000888 secs]2019-02-01T02:57:37.242+0000: 803023.247: [PhantomReference, 0 refs, 0 refs, 0.0000116 secs]2019-02-01T02:57:37.242+0000: 803023.247: [JNI Weak Reference, 0.0000146 secs]
Desired survivor size 6291456 bytes, new threshold 1 (max 15)
[PSYoungGen: 32250K->3559K(32768K)] 717997K->691126K(728576K), 0.0079120 secs] [Times: user=0.07 sys=0.00, real=0.01 secs] 
2019-02-01T02:57:37.245+0000: 803023.251: Total time for which application threads were stopped: 0.0107140 seconds, Stopping threads took: 0.0000609 seconds
2019-02-01T02:57:38.271+0000: 803024.277: Application time: 1.0263781 seconds
2019-02-01T02:57:38.274+0000: 803024.280: [GC (Allocation Failure) 2019-02-01T02:57:38.280+0000: 803024.286: [SoftReference, 0 refs, 0.0000180 secs]2019-02-01T02:57:38.280+0000: 803024.286: [WeakReference, 18 refs, 0.0000285 secs]2019-02-01T02:57:38.280+0000: 803024.286: [FinalReference, 213 refs, 0.0000981 secs]2019-02-01T02:57:38.280+0000: 803024.286: [PhantomReference, 0 refs, 0 refs, 0.0000077 secs]2019-02-01T02:57:38.280+0000: 803024.286: [JNI Weak Reference, 0.0000147 secs]
Desired survivor size 6291456 bytes, new threshold 1 (max 15)
[PSYoungGen: 32743K->2241K(31744K)] 720310K->691574K(727552K), 0.0092032 secs] [Times: user=0.11 sys=0.01, real=0.01 secs] 
2019-02-01T02:57:38.283+0000: 803024.289: Total time for which application threads were stopped: 0.0117949 seconds, Stopping threads took: 0.0000490 seconds
2019-02-01T02:57:39.342+0000: 803025.348: Application time: 1.0589593 seconds
2019-02-01T02:57:39.345+0000: 803025.351: [GC (Allocation Failure) 2019-02-01T02:57:39.350+0000: 803025.356: [SoftReference, 0 refs, 0.0000144 secs]2019-02-01T02:57:39.350+0000: 803025.356: [WeakReference, 11 refs, 0.0000083 secs]2019-02-01T02:57:39.350+0000: 803025.356: [FinalReference, 217 refs, 0.0001087 secs]2019-02-01T02:57:39.350+0000: 803025.356: [PhantomReference, 0 refs, 0 refs, 0.0000115 secs]2019-02-01T02:57:39.350+0000: 803025.356: [JNI Weak Reference, 0.0000140 secs]
Desired survivor size 6291456 bytes, new threshold 1 (max 15)
[PSYoungGen: 31425K->2606K(32256K)] 720758K->692913K(728064K), 0.0078607 secs] [Times: user=0.09 sys=0.01, real=0.01 secs] 
2019-02-01T02:57:39.353+0000: 803025.359: Total time for which application threads were stopped: 0.0107316 seconds, Stopping threads took: 0.0000892 seconds
2019-02-01T02:57:40.082+0000: 803026.088: Application time: 0.7291189 seconds
2019-02-01T02:57:40.085+0000: 803026.091: [GC (Allocation Failure) 2019-02-01T02:57:40.090+0000: 803026.095: [SoftReference, 0 refs, 0.0000156 secs]2019-02-01T02:57:40.090+0000: 803026.095: [WeakReference, 12 refs, 0.0000280 secs]2019-02-01T02:57:40.090+0000: 803026.095: [FinalReference, 235 refs, 0.0001035 secs]2019-02-01T02:57:40.090+0000: 803026.096: [PhantomReference, 0 refs, 0 refs, 0.0000076 secs]2019-02-01T02:57:40.090+0000: 803026.096: [JNI Weak Reference, 0.0000134 secs]
Desired survivor size 5767168 bytes, new threshold 1 (max 15)
[PSYoungGen: 31790K->3186K(32768K)] 722097K->694347K(728576K), 0.0076642 secs] [Times: user=0.08 sys=0.00, real=0.01 secs] 
2019-02-01T02:57:40.093+0000: 803026.098: Total time for which application threads were stopped: 0.0105641 seconds, Stopping threads took: 0.0000552 seconds
2019-02-01T02:57:41.492+0000: 803027.497: Application time: 1.3989308 seconds
2019-02-01T02:57:41.494+0000: 803027.500: [GC (Allocation Failure) 2019-02-01T02:57:41.499+0000: 803027.505: [SoftReference, 0 refs, 0.0000168 secs]2019-02-01T02:57:41.499+0000: 803027.505: [WeakReference, 11 refs, 0.0000084 secs]2019-02-01T02:57:41.499+0000: 803027.505: [FinalReference, 182 refs, 0.0000688 secs]2019-02-01T02:57:41.499+0000: 803027.505: [PhantomReference, 0 refs, 0 refs, 0.0000119 secs]2019-02-01T02:57:41.499+0000: 803027.505: [JNI Weak Reference, 0.0000185 secs]
Desired survivor size 5767168 bytes, new threshold 1 (max 15)
[PSYoungGen: 32370K->1971K(31232K)] 723531K->693970K(727040K), 0.0073975 secs] [Times: user=0.08 sys=0.00, real=0.01 secs] 
2019-02-01T02:57:41.502+0000: 803027.508: Total time for which application threads were stopped: 0.0102463 seconds, Stopping threads took: 0.0000638 seconds
2019-02-01T02:57:42.947+0000: 803028.953: Application time: 1.4454227 seconds
2019-02-01T02:57:42.950+0000: 803028.956: [GC (Allocation Failure) 2019-02-01T02:57:42.955+0000: 803028.961: [SoftReference, 0 refs, 0.0000190 secs]2019-02-01T02:57:42.955+0000: 803028.961: [WeakReference, 8 refs, 0.0000115 secs]2019-02-01T02:57:42.955+0000: 803028.961: [FinalReference, 212 refs, 0.0000804 secs]2019-02-01T02:57:42.955+0000: 803028.961: [PhantomReference, 0 refs, 0 refs, 0.0000117 secs]2019-02-01T02:57:42.955+0000: 803028.961: [JNI Weak Reference, 0.0000194 secs]
Desired survivor size 5767168 bytes, new threshold 1 (max 15)
[PSYoungGen: 31155K->2882K(32256K)] 723154K->695724K(728064K), 0.0083683 secs] [Times: user=0.09 sys=0.00, real=0.01 secs] 
2019-02-01T02:57:42.959+0000: 803028.964: Total time for which application threads were stopped: 0.0114272 seconds, Stopping threads took: 0.0000476 seconds
2019-02-01T02:57:43.372+0000: 803029.378: Application time: 0.4136638 seconds
2019-02-01T02:57:43.375+0000: 803029.381: Total time for which application threads were stopped: 0.0027752 seconds, Stopping threads took: 0.0000477 seconds
2019-02-01T02:57:43.824+0000: 803029.830: Application time: 0.4486934 seconds
2019-02-01T02:57:43.826+0000: 803029.832: [GC (Allocation Failure) 2019-02-01T02:57:43.835+0000: 803029.840: [SoftReference, 0 refs, 0.0000199 secs]2019-02-01T02:57:43.835+0000: 803029.840: [WeakReference, 7 refs, 0.0000117 secs]2019-02-01T02:57:43.835+0000: 803029.840: [FinalReference, 262 refs, 0.0001243 secs]2019-02-01T02:57:43.835+0000: 803029.841: [PhantomReference, 0 refs, 0 refs, 0.0000074 secs]2019-02-01T02:57:43.835+0000: 803029.841: [JNI Weak Reference, 0.0000133 secs]
Desired survivor size 5767168 bytes, new threshold 1 (max 15)
[PSYoungGen: 32066K->1745K(31232K)] 724908K->695500K(727040K), 0.0111627 secs] [Times: user=0.20 sys=0.00, real=0.01 secs] 
2019-02-01T02:57:43.838+0000: 803029.844: [Full GC (Ergonomics) 2019-02-01T02:57:43.882+0000: 803029.888: [SoftReference, 277 refs, 0.0001400 secs]2019-02-01T02:57:43.882+0000: 803029.888: [WeakReference, 1650 refs, 0.0002497 secs]2019-02-01T02:57:43.882+0000: 803029.888: [FinalReference, 986 refs, 0.0005954 secs]2019-02-01T02:57:43.883+0000: 803029.889: [PhantomReference, 0 refs, 138 refs, 0.0000297 secs]2019-02-01T02:57:43.883+0000: 803029.889: [JNI Weak Reference, 0.0000200 secs][PSYoungGen: 1745K->0K(31232K)] [ParOldGen: 693755K->635324K(692736K)] 695500K->635324K(723968K), [Metaspace: 75215K->75215K(1118208K)], 0.1597782 secs] [Times: user=2.46 sys=0.00, real=0.16 secs] 
2019-02-01T02:57:43.998+0000: 803030.003: Total time for which application threads were stopped: 0.1738930 seconds, Stopping threads took: 0.0000745 seconds
2019-02-01T02:57:44.996+0000: 803031.001: Application time: 0.9980380 seconds
2019-02-01T02:57:44.999+0000: 803031.004: [GC (Allocation Failure) 2019-02-01T02:57:45.003+0000: 803031.009: [SoftReference, 0 refs, 0.0000325 secs]2019-02-01T02:57:45.003+0000: 803031.009: [WeakReference, 28 refs, 0.0000190 secs]2019-02-01T02:57:45.003+0000: 803031.009: [FinalReference, 225 refs, 0.0001104 secs]2019-02-01T02:57:45.003+0000: 803031.009: [PhantomReference, 0 refs, 0 refs, 0.0000141 secs]2019-02-01T02:57:45.003+0000: 803031.009: [JNI Weak Reference, 0.0000287 secs]
Desired survivor size 5767168 bytes, new threshold 1 (max 15)
[PSYoungGen: 29184K->3625K(33280K)] 664508K->638950K(726016K), 0.0073982 secs] [Times: user=0.08 sys=0.00, real=0.00 secs] 
2019-02-01T02:57:45.006+0000: 803031.012: Total time for which application threads were stopped: 0.0103729 seconds, Stopping threads took: 0.0000390 seconds
2019-02-01T02:57:46.302+0000: 803032.308: Application time: 1.2963847 seconds
2019-02-01T02:57:46.306+0000: 803032.312: [GC (Allocation Failure) 2019-02-01T02:57:46.310+0000: 803032.316: [SoftReference, 0 refs, 0.0000301 secs]2019-02-01T02:57:46.310+0000: 803032.316: [WeakReference, 30 refs, 0.0000190 secs]2019-02-01T02:57:46.310+0000: 803032.316: [FinalReference, 251 refs, 0.0000901 secs]2019-02-01T02:57:46.310+0000: 803032.316: [PhantomReference, 0 refs, 0 refs, 0.0000143 secs]2019-02-01T02:57:46.310+0000: 803032.316: [JNI Weak Reference, 0.0000230 secs]
Desired survivor size 5767168 bytes, new threshold 1 (max 15)
[PSYoungGen: 32809K->3239K(32768K)] 668134K->640689K(725504K), 0.0080762 secs] [Times: user=0.08 sys=0.00, real=0.01 secs] 
2019-02-01T02:57:46.314+0000: 803032.320: Total time for which application threads were stopped: 0.0115973 seconds, Stopping threads took: 0.0000523 seconds
2019-02-01T02:57:47.877+0000: 803033.883: Application time: 1.5630374 seconds
2019-02-01T02:57:47.880+0000: 803033.886: [GC (Allocation Failure) 2019-02-01T02:57:47.884+0000: 803033.890: [SoftReference, 0 refs, 0.0000308 secs]2019-02-01T02:57:47.884+0000: 803033.890: [WeakReference, 12 refs, 0.0000195 secs]2019-02-01T02:57:47.884+0000: 803033.890: [FinalReference, 170 refs, 0.0000729 secs]2019-02-01T02:57:47.885+0000: 803033.890: [PhantomReference, 0 refs, 0 refs, 0.0000140 secs]2019-02-01T02:57:47.885+0000: 803033.890: [JNI Weak Reference, 0.0000234 secs]
Desired survivor size 5242880 bytes, new threshold 1 (max 15)
[PSYoungGen: 32423K->2254K(31744K)] 669873K->641087K(724480K), 0.0080911 secs] [Times: user=0.07 sys=0.01, real=0.01 secs] 
2019-02-01T02:57:47.889+0000: 803033.894: Total time for which application threads were stopped: 0.0114398 seconds, Stopping threads took: 0.0000603 seconds
2019-02-01T02:57:49.386+0000: 803035.392: Application time: 1.4978428 seconds
2019-02-01T02:57:49.390+0000: 803035.395: [GC (Allocation Failure) 2019-02-01T02:57:49.393+0000: 803035.399: [SoftReference, 0 refs, 0.0000200 secs]2019-02-01T02:57:49.393+0000: 803035.399: [WeakReference, 9 refs, 0.0000092 secs]2019-02-01T02:57:49.393+0000: 803035.399: [FinalReference, 215 refs, 0.0000944 secs]2019-02-01T02:57:49.393+0000: 803035.399: [PhantomReference, 0 refs, 0 refs, 0.0000080 secs]2019-02-01T02:57:49.393+0000: 803035.399: [JNI Weak Reference, 0.0000177 secs]
Desired survivor size 5242880 bytes, new threshold 1 (max 15)
[PSYoungGen: 31438K->2281K(31744K)] 670271K->642273K(724480K), 0.0060890 secs] [Times: user=0.07 sys=0.00, real=0.00 secs] 
2019-02-01T02:57:49.396+0000: 803035.402: Total time for which application threads were stopped: 0.0093524 seconds, Stopping threads took: 0.0000498 seconds
2019-02-01T02:57:50.192+0000: 803036.198: Application time: 0.7967006 seconds
2019-02-01T02:57:50.195+0000: 803036.201: [GC (Allocation Failure) 2019-02-01T02:57:50.198+0000: 803036.204: [SoftReference, 0 refs, 0.0000192 secs]2019-02-01T02:57:50.198+0000: 803036.204: [WeakReference, 20 refs, 0.0000155 secs]2019-02-01T02:57:50.198+0000: 803036.204: [FinalReference, 153 refs, 0.0000554 secs]2019-02-01T02:57:50.199+0000: 803036.204: [PhantomReference, 0 refs, 0 refs, 0.0000079 secs]2019-02-01T02:57:50.199+0000: 803036.204: [JNI Weak Reference, 0.0000150 secs]
Desired survivor size 5242880 bytes, new threshold 1 (max 15)
[PSYoungGen: 31460K->2174K(31744K)] 671452K->642995K(724480K), 0.0062546 secs] [Times: user=0.07 sys=0.00, real=0.01 secs] 
2019-02-01T02:57:50.201+0000: 803036.207: Total time for which application threads were stopped: 0.0089087 seconds, Stopping threads took: 0.0000415 seconds
2019-02-01T02:57:51.508+0000: 803037.514: Application time: 1.3066140 seconds
2019-02-01T02:57:51.511+0000: 803037.517: [GC (Allocation Failure) 2019-02-01T02:57:51.515+0000: 803037.521: [SoftReference, 0 refs, 0.0000298 secs]2019-02-01T02:57:51.515+0000: 803037.521: [WeakReference, 37 refs, 0.0000186 secs]2019-02-01T02:57:51.515+0000: 803037.521: [FinalReference, 181 refs, 0.0000856 secs]2019-02-01T02:57:51.515+0000: 803037.521: [PhantomReference, 0 refs, 0 refs, 0.0000139 secs]2019-02-01T02:57:51.515+0000: 803037.521: [JNI Weak Reference, 0.0000222 secs]
Desired survivor size 5242880 bytes, new threshold 1 (max 15)
[PSYoungGen: 31358K->2157K(31744K)] 672179K->643917K(724480K), 0.0080112 secs] [Times: user=0.08 sys=0.00, real=0.01 secs] 
2019-02-01T02:57:51.519+0000: 803037.525: Total time for which application threads were stopped: 0.0112887 seconds, Stopping threads took: 0.0000786 seconds
2019-02-01T02:57:52.763+0000: 803038.769: Application time: 1.2442087 seconds
2019-02-01T02:57:52.767+0000: 803038.772: [GC (Allocation Failure) 2019-02-01T02:57:52.771+0000: 803038.777: [SoftReference, 0 refs, 0.0000404 secs]2019-02-01T02:57:52.771+0000: 803038.777: [WeakReference, 30 refs, 0.0000286 secs]2019-02-01T02:57:52.771+0000: 803038.777: [FinalReference, 184 refs, 0.0001222 secs]2019-02-01T02:57:52.771+0000: 803038.777: [PhantomReference, 0 refs, 0 refs, 0.0000243 secs]2019-02-01T02:57:52.771+0000: 803038.777: [JNI Weak Reference, 0.0000347 secs]
Desired survivor size 4718592 bytes, new threshold 1 (max 15)
[PSYoungGen: 31341K->2839K(32256K)] 673101K->645756K(724992K), 0.0087974 secs] [Times: user=0.07 sys=0.01, real=0.01 secs] 
2019-02-01T02:57:52.776+0000: 803038.781: Total time for which application threads were stopped: 0.0120765 seconds, Stopping threads took: 0.0000491 seconds
2019-02-01T02:57:53.648+0000: 803039.654: Application time: 0.8728378 seconds
2019-02-01T02:57:53.652+0000: 803039.657: [GC (Allocation Failure) 2019-02-01T02:57:53.655+0000: 803039.661: [SoftReference, 0 refs, 0.0000327 secs]2019-02-01T02:57:53.655+0000: 803039.661: [WeakReference, 5 refs, 0.0000140 secs]2019-02-01T02:57:53.655+0000: 803039.661: [FinalReference, 224 refs, 0.0001036 secs]2019-02-01T02:57:53.655+0000: 803039.661: [PhantomReference, 0 refs, 0 refs, 0.0000143 secs]2019-02-01T02:57:53.655+0000: 803039.661: [JNI Weak Reference, 0.0000226 secs]
Desired survivor size 4718592 bytes, new threshold 1 (max 15)
[PSYoungGen: 31993K->2826K(32256K)] 674910K->646478K(724992K), 0.0076144 secs] [Times: user=0.08 sys=0.00, real=0.01 secs] 
2019-02-01T02:57:53.659+0000: 803039.665: Total time for which application threads were stopped: 0.0108816 seconds, Stopping threads took: 0.0000741 seconds
2019-02-01T02:57:54.705+0000: 803040.710: Application time: 1.0452963 seconds
2019-02-01T02:57:54.708+0000: 803040.714: [GC (Allocation Failure) 2019-02-01T02:57:54.716+0000: 803040.722: [SoftReference, 0 refs, 0.0000354 secs]2019-02-01T02:57:54.716+0000: 803040.722: [WeakReference, 7 refs, 0.0000152 secs]2019-02-01T02:57:54.716+0000: 803040.722: [FinalReference, 225 refs, 0.0001385 secs]2019-02-01T02:57:54.716+0000: 803040.722: [PhantomReference, 0 refs, 0 refs, 0.0000142 secs]2019-02-01T02:57:54.716+0000: 803040.722: [JNI Weak Reference, 0.0000290 secs]
Desired survivor size 4718592 bytes, new threshold 1 (max 15)
[PSYoungGen: 32010K->2868K(32256K)] 675662K->647212K(724992K), 0.0123274 secs] [Times: user=0.22 sys=0.00, real=0.01 secs] 
2019-02-01T02:57:54.720+0000: 803040.726: Total time for which application threads were stopped: 0.0157622 seconds, Stopping threads took: 0.0000845 seconds
2019-02-01T02:57:55.835+0000: 803041.840: Application time: 1.1142756 seconds
2019-02-01T02:57:55.837+0000: 803041.843: Total time for which application threads were stopped: 0.0026457 seconds, Stopping threads took: 0.0000565 seconds
2019-02-01T02:57:55.837+0000: 803041.843: Application time: 0.0001249 seconds
2019-02-01T02:57:55.839+0000: 803041.845: [GC (GCLocker Initiated GC) 2019-02-01T02:57:55.849+0000: 803041.854: [SoftReference, 0 refs, 0.0000205 secs]2019-02-01T02:57:55.849+0000: 803041.854: [WeakReference, 8 refs, 0.0000093 secs]2019-02-01T02:57:55.849+0000: 803041.854: [FinalReference, 171 refs, 0.0000733 secs]2019-02-01T02:57:55.849+0000: 803041.855: [PhantomReference, 0 refs, 0 refs, 0.0000081 secs]2019-02-01T02:57:55.849+0000: 803041.855: [JNI Weak Reference, 0.0000239 secs]
Desired survivor size 4718592 bytes, new threshold 1 (max 15)
[PSYoungGen: 32016K->1971K(31232K)] 676511K->647434K(723968K), 0.0128176 secs] [Times: user=0.26 sys=0.00, real=0.01 secs] 
2019-02-01T02:57:55.852+0000: 803041.858: Total time for which application threads were stopped: 0.0144282 seconds, Stopping threads took: 0.0000265 seconds
2019-02-01T02:57:56.854+0000: 803042.860: Application time: 1.0022969 seconds
2019-02-01T02:57:56.857+0000: 803042.863: [GC (Allocation Failure) 2019-02-01T02:57:56.861+0000: 803042.867: [SoftReference, 0 refs, 0.0000409 secs]2019-02-01T02:57:56.861+0000: 803042.867: [WeakReference, 16 refs, 0.0000178 secs]2019-02-01T02:57:56.861+0000: 803042.867: [FinalReference, 263 refs, 0.0001207 secs]2019-02-01T02:57:56.861+0000: 803042.867: [PhantomReference, 0 refs, 0 refs, 0.0000142 secs]2019-02-01T02:57:56.861+0000: 803042.867: [JNI Weak Reference, 0.0000216 secs]
Desired survivor size 4718592 bytes, new threshold 1 (max 15)
[PSYoungGen: 31155K->2433K(31744K)] 676621K->648333K(724480K), 0.0075876 secs] [Times: user=0.08 sys=0.00, real=0.01 secs] 
2019-02-01T02:57:56.865+0000: 803042.871: Total time for which application threads were stopped: 0.0106502 seconds, Stopping threads took: 0.0000488 seconds
2019-02-01T02:57:56.931+0000: 803042.937: Application time: 0.0660595 seconds
2019-02-01T02:57:56.933+0000: 803042.939: Total time for which application threads were stopped: 0.0021087 seconds, Stopping threads took: 0.0000524 seconds
2019-02-01T02:57:57.434+0000: 803043.440: Application time: 0.5008149 seconds
2019-02-01T02:57:57.436+0000: 803043.441: Total time for which application threads were stopped: 0.0017991 seconds, Stopping threads took: 0.0000732 seconds
2019-02-01T02:57:57.534+0000: 803043.540: Application time: 0.0986439 seconds
2019-02-01T02:57:57.536+0000: 803043.542: Total time for which application threads were stopped: 0.0017253 seconds, Stopping threads took: 0.0000852 seconds
2019-02-01T02:57:57.706+0000: 803043.712: Application time: 0.1701514 seconds
2019-02-01T02:57:57.708+0000: 803043.713: Total time for which application threads were stopped: 0.0016011 seconds, Stopping threads took: 0.0000383 seconds
2019-02-01T02:57:57.708+0000: 803043.714: Application time: 0.0001064 seconds
2019-02-01T02:57:57.709+0000: 803043.715: [GC (GCLocker Initiated GC) 2019-02-01T02:57:57.713+0000: 803043.719: [SoftReference, 0 refs, 0.0000463 secs]2019-02-01T02:57:57.713+0000: 803043.719: [WeakReference, 45 refs, 0.0000222 secs]2019-02-01T02:57:57.713+0000: 803043.719: [FinalReference, 246 refs, 0.0001421 secs]2019-02-01T02:57:57.714+0000: 803043.719: [PhantomReference, 0 refs, 0 refs, 0.0000172 secs]2019-02-01T02:57:57.714+0000: 803043.719: [JNI Weak Reference, 0.0000213 secs]
Desired survivor size 4194304 bytes, new threshold 1 (max 15)
[PSYoungGen: 31617K->2536K(31744K)] 677518K->649552K(724480K), 0.0077666 secs] [Times: user=0.08 sys=0.00, real=0.00 secs] 
2019-02-01T02:57:57.717+0000: 803043.723: Total time for which application threads were stopped: 0.0094747 seconds, Stopping threads took: 0.0000379 seconds
2019-02-01T02:57:58.002+0000: 803044.008: Application time: 0.2845345 seconds
2019-02-01T02:57:58.004+0000: 803044.010: Total time for which application threads were stopped: 0.0019324 seconds, Stopping threads took: 0.0000351 seconds
2019-02-01T02:57:58.087+0000: 803044.093: Application time: 0.0836994 seconds
2019-02-01T02:57:58.089+0000: 803044.095: Total time for which application threads were stopped: 0.0018495 seconds, Stopping threads took: 0.0000998 seconds
2019-02-01T02:57:58.369+0000: 803044.375: Application time: 0.2799302 seconds
2019-02-01T02:57:58.371+0000: 803044.377: Total time for which application threads were stopped: 0.0017029 seconds, Stopping threads took: 0.0000320 seconds
2019-02-01T02:57:58.512+0000: 803044.517: Application time: 0.1405330 seconds
2019-02-01T02:57:58.514+0000: 803044.519: [GC (Allocation Failure) 2019-02-01T02:57:58.523+0000: 803044.528: [SoftReference, 0 refs, 0.0000438 secs]2019-02-01T02:57:58.523+0000: 803044.528: [WeakReference, 25 refs, 0.0000192 secs]2019-02-01T02:57:58.523+0000: 803044.528: [FinalReference, 226 refs, 0.0000865 secs]2019-02-01T02:57:58.523+0000: 803044.529: [PhantomReference, 0 refs, 0 refs, 0.0000147 secs]2019-02-01T02:57:58.523+0000: 803044.529: [JNI Weak Reference, 0.0000215 secs]
Desired survivor size 4718592 bytes, new threshold 1 (max 15)
[PSYoungGen: 31720K->4001K(38912K)] 678759K->652146K(731648K), 0.0125486 secs] [Times: user=0.23 sys=0.00, real=0.01 secs] 
2019-02-01T02:57:58.526+0000: 803044.532: Total time for which application threads were stopped: 0.0146862 seconds, Stopping threads took: 0.0000697 seconds
2019-02-01T02:57:59.208+0000: 803045.214: Application time: 0.6820583 seconds
2019-02-01T02:57:59.210+0000: 803045.216: Total time for which application threads were stopped: 0.0019741 seconds, Stopping threads took: 0.0000471 seconds
2019-02-01T02:57:59.210+0000: 803045.216: Application time: 0.0001337 seconds
2019-02-01T02:57:59.212+0000: 803045.218: [GC (GCLocker Initiated GC) 2019-02-01T02:57:59.216+0000: 803045.222: [SoftReference, 0 refs, 0.0000536 secs]2019-02-01T02:57:59.216+0000: 803045.222: [WeakReference, 10 refs, 0.0000147 secs]2019-02-01T02:57:59.216+0000: 803045.222: [FinalReference, 295 refs, 0.0001203 secs]2019-02-01T02:57:59.216+0000: 803045.222: [PhantomReference, 0 refs, 0 refs, 0.0000176 secs]2019-02-01T02:57:59.216+0000: 803045.222: [JNI Weak Reference, 0.0000278 secs]
Desired survivor size 4718592 bytes, new threshold 1 (max 15)
[PSYoungGen: 38817K->3579K(45056K)] 686962K->653747K(737792K), 0.0084588 secs] [Times: user=0.08 sys=0.00, real=0.01 secs] 
2019-02-01T02:57:59.221+0000: 803045.226: Total time for which application threads were stopped: 0.0102629 seconds, Stopping threads took: 0.0000273 seconds
2019-02-01T02:58:00.779+0000: 803046.785: Application time: 1.5585920 seconds
2019-02-01T02:58:00.781+0000: 803046.787: [GC (Allocation Failure) 2019-02-01T02:58:00.788+0000: 803046.793: [SoftReference, 0 refs, 0.0000362 secs]2019-02-01T02:58:00.788+0000: 803046.793: [WeakReference, 5 refs, 0.0000144 secs]2019-02-01T02:58:00.788+0000: 803046.793: [FinalReference, 341 refs, 0.0001646 secs]2019-02-01T02:58:00.788+0000: 803046.794: [PhantomReference, 0 refs, 0 refs, 0.0000147 secs]2019-02-01T02:58:00.788+0000: 803046.794: [JNI Weak Reference, 0.0000211 secs]
Desired survivor size 4718592 bytes, new threshold 1 (max 15)
[PSYoungGen: 45051K->2045K(51200K)] 695222K->653345K(743936K), 0.0095452 secs] [Times: user=0.15 sys=0.00, real=0.01 secs] 
2019-02-01T02:58:00.791+0000: 803046.797: Total time for which application threads were stopped: 0.0116446 seconds, Stopping threads took: 0.0000359 seconds
2019-02-01T02:58:01.906+0000: 803047.912: Application time: 1.1149094 seconds
2019-02-01T02:58:01.909+0000: 803047.914: Total time for which application threads were stopped: 0.0029158 seconds, Stopping threads took: 0.0000618 seconds
2019-02-01T02:58:03.041+0000: 803049.046: Application time: 1.1319470 seconds
2019-02-01T02:58:03.043+0000: 803049.049: [GC (Allocation Failure) 2019-02-01T02:58:03.047+0000: 803049.053: [SoftReference, 0 refs, 0.0000474 secs]2019-02-01T02:58:03.047+0000: 803049.053: [WeakReference, 17 refs, 0.0000284 secs]2019-02-01T02:58:03.047+0000: 803049.053: [FinalReference, 302 refs, 0.0001164 secs]2019-02-01T02:58:03.047+0000: 803049.053: [PhantomReference, 0 refs, 0 refs, 0.0000146 secs]2019-02-01T02:58:03.047+0000: 803049.053: [JNI Weak Reference, 0.0000215 secs]
Desired survivor size 4718592 bytes, new threshold 1 (max 15)
[PSYoungGen: 51197K->3493K(51712K)] 702497K->655609K(744448K), 0.0076825 secs] [Times: user=0.08 sys=0.01, real=0.01 secs] 
2019-02-01T02:58:03.051+0000: 803049.056: Total time for which application threads were stopped: 0.0100370 seconds, Stopping threads took: 0.0001192 seconds
2019-02-01T02:58:04.238+0000: 803050.244: Application time: 1.1874489 seconds
2019-02-01T02:58:04.240+0000: 803050.246: [GC (Allocation Failure) 2019-02-01T02:58:04.244+0000: 803050.250: [SoftReference, 0 refs, 0.0000400 secs]2019-02-01T02:58:04.244+0000: 803050.250: [WeakReference, 13 refs, 0.0000173 secs]2019-02-01T02:58:04.244+0000: 803050.250: [FinalReference, 398 refs, 0.0001447 secs]2019-02-01T02:58:04.244+0000: 803050.250: [PhantomReference, 0 refs, 0 refs, 0.0000142 secs]2019-02-01T02:58:04.244+0000: 803050.250: [JNI Weak Reference, 0.0000213 secs]
Desired survivor size 4718592 bytes, new threshold 1 (max 15)
[PSYoungGen: 51621K->3439K(50688K)] 703737K->656474K(743424K), 0.0068733 secs] [Times: user=0.07 sys=0.00, real=0.00 secs] 
2019-02-01T02:58:04.247+0000: 803050.253: Total time for which application threads were stopped: 0.0091851 seconds, Stopping threads took: 0.0000448 seconds
2019-02-01T02:58:06.023+0000: 803052.028: Application time: 1.7753619 seconds
2019-02-01T02:58:06.026+0000: 803052.031: [GC (Allocation Failure) 2019-02-01T02:58:06.033+0000: 803052.039: [SoftReference, 0 refs, 0.0000543 secs]2019-02-01T02:58:06.033+0000: 803052.039: [WeakReference, 9 refs, 0.0000161 secs]2019-02-01T02:58:06.033+0000: 803052.039: [FinalReference, 418 refs, 0.0001606 secs]2019-02-01T02:58:06.034+0000: 803052.039: [PhantomReference, 0 refs, 0 refs, 0.0000147 secs]2019-02-01T02:58:06.034+0000: 803052.039: [JNI Weak Reference, 0.0000251 secs]
Desired survivor size 5767168 bytes, new threshold 1 (max 15)
[PSYoungGen: 50543K->4603K(50688K)] 703578K->659299K(743424K), 0.0105897 secs] [Times: user=0.17 sys=0.00, real=0.01 secs] 
2019-02-01T02:58:06.036+0000: 803052.042: Total time for which application threads were stopped: 0.0136272 seconds, Stopping threads took: 0.0000603 seconds
2019-02-01T02:58:07.958+0000: 803053.964: Application time: 1.9217981 seconds
2019-02-01T02:58:07.961+0000: 803053.967: [GC (Allocation Failure) 2019-02-01T02:58:07.971+0000: 803053.977: [SoftReference, 0 refs, 0.0000418 secs]2019-02-01T02:58:07.971+0000: 803053.977: [WeakReference, 3 refs, 0.0000143 secs]2019-02-01T02:58:07.971+0000: 803053.977: [FinalReference, 309 refs, 0.0001294 secs]2019-02-01T02:58:07.971+0000: 803053.977: [PhantomReference, 0 refs, 0 refs, 0.0000155 secs]2019-02-01T02:58:07.971+0000: 803053.977: [JNI Weak Reference, 0.0000220 secs]
Desired survivor size 6291456 bytes, new threshold 1 (max 15)
[PSYoungGen: 50683K->1525K(46592K)] 705379K->659233K(739328K), 0.0134445 secs] [Times: user=0.20 sys=0.00, real=0.01 secs] 
2019-02-01T02:58:07.975+0000: 803053.981: Total time for which application threads were stopped: 0.0165942 seconds, Stopping threads took: 0.0000529 seconds
2019-02-01T02:58:09.787+0000: 803055.793: Application time: 1.8126727 seconds
2019-02-01T02:58:09.790+0000: 803055.796: Total time for which application threads were stopped: 0.0023880 seconds, Stopping threads took: 0.0000442 seconds
2019-02-01T02:58:09.790+0000: 803055.796: Application time: 0.0000873 seconds
2019-02-01T02:58:09.792+0000: 803055.797: [GC (GCLocker Initiated GC) 2019-02-01T02:58:09.800+0000: 803055.806: [SoftReference, 0 refs, 0.0000366 secs]2019-02-01T02:58:09.800+0000: 803055.806: [WeakReference, 7 refs, 0.0000175 secs]2019-02-01T02:58:09.800+0000: 803055.806: [FinalReference, 338 refs, 0.0001477 secs]2019-02-01T02:58:09.801+0000: 803055.806: [PhantomReference, 0 refs, 0 refs, 0.0000152 secs]2019-02-01T02:58:09.801+0000: 803055.806: [JNI Weak Reference, 0.0000284 secs]
Desired survivor size 6291456 bytes, new threshold 1 (max 15)
[PSYoungGen: 46581K->3203K(48128K)] 704289K->661963K(740864K), 0.0122492 secs] [Times: user=0.20 sys=0.00, real=0.01 secs] 
2019-02-01T02:58:09.804+0000: 803055.810: Total time for which application threads were stopped: 0.0140833 seconds, Stopping threads took: 0.0000284 seconds
2019-02-01T02:58:11.976+0000: 803057.982: Application time: 2.1722021 seconds
2019-02-01T02:58:11.979+0000: 803057.985: [GC (Allocation Failure) 2019-02-01T02:58:11.984+0000: 803057.990: [SoftReference, 0 refs, 0.0000217 secs]2019-02-01T02:58:11.984+0000: 803057.990: [WeakReference, 4 refs, 0.0000081 secs]2019-02-01T02:58:11.984+0000: 803057.990: [FinalReference, 395 refs, 0.0001022 secs]2019-02-01T02:58:11.985+0000: 803057.990: [PhantomReference, 0 refs, 0 refs, 0.0000087 secs]2019-02-01T02:58:11.985+0000: 803057.990: [JNI Weak Reference, 0.0000142 secs]
Desired survivor size 5767168 bytes, new threshold 1 (max 15)
[PSYoungGen: 47747K->2837K(47104K)] 706511K->663245K(739840K), 0.0081408 secs] [Times: user=0.12 sys=0.00, real=0.01 secs] 
2019-02-01T02:58:11.987+0000: 803057.993: Total time for which application threads were stopped: 0.0110844 seconds, Stopping threads took: 0.0000377 seconds
2019-02-01T02:58:13.772+0000: 803059.778: Application time: 1.7847528 seconds
2019-02-01T02:58:13.775+0000: 803059.781: [GC (Allocation Failure) 2019-02-01T02:58:13.781+0000: 803059.787: [SoftReference, 0 refs, 0.0000365 secs]2019-02-01T02:58:13.781+0000: 803059.787: [WeakReference, 6 refs, 0.0000138 secs]2019-02-01T02:58:13.781+0000: 803059.787: [FinalReference, 323 refs, 0.0001262 secs]2019-02-01T02:58:13.781+0000: 803059.787: [PhantomReference, 0 refs, 0 refs, 0.0000153 secs]2019-02-01T02:58:13.781+0000: 803059.787: [JNI Weak Reference, 0.0000215 secs]
Desired survivor size 6291456 bytes, new threshold 1 (max 15)
[PSYoungGen: 46848K->4281K(48128K)] 707256K->665497K(740864K), 0.0099143 secs] [Times: user=0.13 sys=0.00, real=0.01 secs] 
2019-02-01T02:58:13.785+0000: 803059.791: Total time for which application threads were stopped: 0.0129681 seconds, Stopping threads took: 0.0000657 seconds
2019-02-01T02:58:15.841+0000: 803061.847: Application time: 2.0560582 seconds
2019-02-01T02:58:15.844+0000: 803061.850: [GC (Allocation Failure) 2019-02-01T02:58:15.848+0000: 803061.854: [SoftReference, 0 refs, 0.0000375 secs]2019-02-01T02:58:15.848+0000: 803061.854: [WeakReference, 4 refs, 0.0000207 secs]2019-02-01T02:58:15.848+0000: 803061.854: [FinalReference, 244 refs, 0.0001091 secs]2019-02-01T02:58:15.848+0000: 803061.854: [PhantomReference, 0 refs, 0 refs, 0.0000235 secs]2019-02-01T02:58:15.849+0000: 803061.854: [JNI Weak Reference, 0.0000246 secs]
Desired survivor size 5767168 bytes, new threshold 1 (max 15)
[PSYoungGen: 47801K->3313K(46592K)] 709017K->665229K(739328K), 0.0080025 secs] [Times: user=0.08 sys=0.00, real=0.01 secs] 
2019-02-01T02:58:15.852+0000: 803061.858: Total time for which application threads were stopped: 0.0110084 seconds, Stopping threads took: 0.0000397 seconds
2019-02-01T02:58:17.867+0000: 803063.873: Application time: 2.0148609 seconds
2019-02-01T02:58:17.870+0000: 803063.875: Total time for which application threads were stopped: 0.0025604 seconds, Stopping threads took: 0.0000448 seconds
2019-02-01T02:58:17.870+0000: 803063.875: Application time: 0.0001218 seconds
2019-02-01T02:58:17.871+0000: 803063.877: [GC (GCLocker Initiated GC) 2019-02-01T02:58:17.878+0000: 803063.884: [SoftReference, 0 refs, 0.0000295 secs]2019-02-01T02:58:17.878+0000: 803063.884: [WeakReference, 6 refs, 0.0000086 secs]2019-02-01T02:58:17.879+0000: 803063.884: [FinalReference, 340 refs, 0.0000947 secs]2019-02-01T02:58:17.879+0000: 803063.884: [PhantomReference, 0 refs, 0 refs, 0.0000085 secs]2019-02-01T02:58:17.879+0000: 803063.884: [JNI Weak Reference, 0.0000135 secs]
Desired survivor size 5767168 bytes, new threshold 1 (max 15)
[PSYoungGen: 46321K->2406K(45056K)] 708240K->665361K(737792K), 0.0096229 secs] [Times: user=0.16 sys=0.00, real=0.01 secs] 
2019-02-01T02:58:17.881+0000: 803063.887: Total time for which application threads were stopped: 0.0114845 seconds, Stopping threads took: 0.0000259 seconds
2019-02-01T02:58:19.878+0000: 803065.884: Application time: 1.9972183 seconds
2019-02-01T02:58:19.881+0000: 803065.887: [GC (Allocation Failure) 2019-02-01T02:58:19.887+0000: 803065.893: [SoftReference, 0 refs, 0.0000556 secs]2019-02-01T02:58:19.887+0000: 803065.893: [WeakReference, 10 refs, 0.0000164 secs]2019-02-01T02:58:19.887+0000: 803065.893: [FinalReference, 275 refs, 0.0001320 secs]2019-02-01T02:58:19.887+0000: 803065.893: [PhantomReference, 0 refs, 0 refs, 0.0000146 secs]2019-02-01T02:58:19.887+0000: 803065.893: [JNI Weak Reference, 0.0000221 secs]
Desired survivor size 5767168 bytes, new threshold 1 (max 15)
[PSYoungGen: 44902K->3892K(46080K)] 707865K->667735K(738816K), 0.0083430 secs] [Times: user=0.14 sys=0.00, real=0.01 secs] 
2019-02-01T02:58:19.889+0000: 803065.895: Total time for which application threads were stopped: 0.0111045 seconds, Stopping threads took: 0.0000449 seconds
2019-02-01T02:58:21.605+0000: 803067.611: Application time: 1.7153886 seconds
2019-02-01T02:58:21.608+0000: 803067.613: [GC (Allocation Failure) 2019-02-01T02:58:21.614+0000: 803067.620: [SoftReference, 0 refs, 0.0000285 secs]2019-02-01T02:58:21.614+0000: 803067.620: [WeakReference, 9 refs, 0.0000083 secs]2019-02-01T02:58:21.614+0000: 803067.620: [FinalReference, 277 refs, 0.0001209 secs]2019-02-01T02:58:21.614+0000: 803067.620: [PhantomReference, 0 refs, 0 refs, 0.0000080 secs]2019-02-01T02:58:21.614+0000: 803067.620: [JNI Weak Reference, 0.0000172 secs]
Desired survivor size 5767168 bytes, new threshold 1 (max 15)
[PSYoungGen: 45876K->3268K(45056K)] 709719K->668551K(737792K), 0.0095932 secs] [Times: user=0.16 sys=0.00, real=0.01 secs] 
2019-02-01T02:58:21.617+0000: 803067.623: Total time for which application threads were stopped: 0.0123166 seconds, Stopping threads took: 0.0000444 seconds
2019-02-01T02:58:22.804+0000: 803068.810: Application time: 1.1870327 seconds
2019-02-01T02:58:22.807+0000: 803068.813: [GC (Allocation Failure) 2019-02-01T02:58:22.812+0000: 803068.818: [SoftReference, 0 refs, 0.0000388 secs]2019-02-01T02:58:22.812+0000: 803068.818: [WeakReference, 3 refs, 0.0000140 secs]2019-02-01T02:58:22.812+0000: 803068.818: [FinalReference, 312 refs, 0.0001109 secs]2019-02-01T02:58:22.812+0000: 803068.818: [PhantomReference, 0 refs, 0 refs, 0.0000143 secs]2019-02-01T02:58:22.812+0000: 803068.818: [JNI Weak Reference, 0.0000216 secs]
Desired survivor size 5767168 bytes, new threshold 1 (max 15)
[PSYoungGen: 44740K->2349K(43520K)] 710023K->668801K(736256K), 0.0083623 secs] [Times: user=0.08 sys=0.00, real=0.01 secs] 
2019-02-01T02:58:22.816+0000: 803068.821: Total time for which application threads were stopped: 0.0114881 seconds, Stopping threads took: 0.0000600 seconds
2019-02-01T02:58:24.382+0000: 803070.387: Application time: 1.5658949 seconds
2019-02-01T02:58:24.385+0000: 803070.390: [GC (Allocation Failure) 2019-02-01T02:58:24.393+0000: 803070.399: [SoftReference, 0 refs, 0.0000390 secs]2019-02-01T02:58:24.393+0000: 803070.399: [WeakReference, 7 refs, 0.0000137 secs]2019-02-01T02:58:24.393+0000: 803070.399: [FinalReference, 289 refs, 0.0001316 secs]2019-02-01T02:58:24.393+0000: 803070.399: [PhantomReference, 0 refs, 0 refs, 0.0000153 secs]2019-02-01T02:58:24.393+0000: 803070.399: [JNI Weak Reference, 0.0000331 secs]
Desired survivor size 5767168 bytes, new threshold 1 (max 15)
[PSYoungGen: 43309K->2322K(43008K)] 709761K->669921K(735744K), 0.0122417 secs] [Times: user=0.16 sys=0.01, real=0.01 secs] 
2019-02-01T02:58:24.397+0000: 803070.403: Total time for which application threads were stopped: 0.0153276 seconds, Stopping threads took: 0.0000607 seconds
2019-02-01T02:58:26.261+0000: 803072.267: Application time: 1.8644578 seconds
2019-02-01T02:58:26.265+0000: 803072.270: [GC (Allocation Failure) 2019-02-01T02:58:26.269+0000: 803072.274: [SoftReference, 0 refs, 0.0000410 secs]2019-02-01T02:58:26.269+0000: 803072.274: [WeakReference, 16 refs, 0.0000284 secs]2019-02-01T02:58:26.269+0000: 803072.274: [FinalReference, 221 refs, 0.0001049 secs]2019-02-01T02:58:26.269+0000: 803072.274: [PhantomReference, 0 refs, 0 refs, 0.0000146 secs]2019-02-01T02:58:26.269+0000: 803072.275: [JNI Weak Reference, 0.0000245 secs]
Desired survivor size 5242880 bytes, new threshold 1 (max 15)
[PSYoungGen: 42770K->2734K(43008K)] 710369K->671300K(735744K), 0.0077321 secs] [Times: user=0.08 sys=0.01, real=0.00 secs] 
2019-02-01T02:58:26.272+0000: 803072.278: Total time for which application threads were stopped: 0.0109614 seconds, Stopping threads took: 0.0000733 seconds
2019-02-01T02:58:27.617+0000: 803073.622: Application time: 1.3442032 seconds
2019-02-01T02:58:27.619+0000: 803073.625: Total time for which application threads were stopped: 0.0021926 seconds, Stopping threads took: 0.0000462 seconds
2019-02-01T02:58:27.619+0000: 803073.625: Application time: 0.0003043 seconds
2019-02-01T02:58:27.621+0000: 803073.627: [GC (GCLocker Initiated GC) 2019-02-01T02:58:27.628+0000: 803073.634: [SoftReference, 0 refs, 0.0000439 secs]2019-02-01T02:58:27.628+0000: 803073.634: [WeakReference, 19 refs, 0.0000164 secs]2019-02-01T02:58:27.628+0000: 803073.634: [FinalReference, 277 refs, 0.0001313 secs]2019-02-01T02:58:27.628+0000: 803073.634: [PhantomReference, 0 refs, 0 refs, 0.0000148 secs]2019-02-01T02:58:27.628+0000: 803073.634: [JNI Weak Reference, 0.0000213 secs]
Desired survivor size 5767168 bytes, new threshold 1 (max 15)
[PSYoungGen: 42670K->4714K(44544K)] 711245K->674159K(737280K), 0.0110371 secs] [Times: user=0.14 sys=0.00, real=0.01 secs] 
2019-02-01T02:58:27.632+0000: 803073.638: Total time for which application threads were stopped: 0.0129752 seconds, Stopping threads took: 0.0001085 seconds
2019-02-01T02:58:29.278+0000: 803075.284: Application time: 1.6461373 seconds
2019-02-01T02:58:29.281+0000: 803075.287: [GC (Allocation Failure) 2019-02-01T02:58:29.286+0000: 803075.291: [SoftReference, 0 refs, 0.0000436 secs]2019-02-01T02:58:29.286+0000: 803075.291: [WeakReference, 17 refs, 0.0000160 secs]2019-02-01T02:58:29.286+0000: 803075.291: [FinalReference, 313 refs, 0.0001257 secs]2019-02-01T02:58:29.286+0000: 803075.292: [PhantomReference, 0 refs, 0 refs, 0.0000145 secs]2019-02-01T02:58:29.286+0000: 803075.292: [JNI Weak Reference, 0.0000248 secs]
Desired survivor size 5767168 bytes, new threshold 1 (max 15)
[PSYoungGen: 44138K->2309K(41472K)] 713594K->672822K(734208K), 0.0081109 secs] [Times: user=0.07 sys=0.00, real=0.01 secs] 
2019-02-01T02:58:29.289+0000: 803075.295: Total time for which application threads were stopped: 0.0109869 seconds, Stopping threads took: 0.0000487 seconds
2019-02-01T02:58:31.170+0000: 803077.176: Application time: 1.8810055 seconds
2019-02-01T02:58:31.173+0000: 803077.178: [GC (Allocation Failure) 2019-02-01T02:58:31.180+0000: 803077.186: [SoftReference, 0 refs, 0.0000218 secs]2019-02-01T02:58:31.180+0000: 803077.186: [WeakReference, 24 refs, 0.0000112 secs]2019-02-01T02:58:31.180+0000: 803077.186: [FinalReference, 264 refs, 0.0000826 secs]2019-02-01T02:58:31.180+0000: 803077.186: [PhantomReference, 0 refs, 0 refs, 0.0000083 secs]2019-02-01T02:58:31.180+0000: 803077.186: [JNI Weak Reference, 0.0000131 secs]
Desired survivor size 5767168 bytes, new threshold 1 (max 15)
[PSYoungGen: 41221K->2241K(40960K)] 711734K->673955K(733696K), 0.0097735 secs] [Times: user=0.16 sys=0.00, real=0.01 secs] 
2019-02-01T02:58:31.183+0000: 803077.188: Total time for which application threads were stopped: 0.0123892 seconds, Stopping threads took: 0.0000831 seconds
2019-02-01T02:58:32.270+0000: 803078.276: Application time: 1.0874326 seconds
2019-02-01T02:58:32.272+0000: 803078.278: Total time for which application threads were stopped: 0.0023960 seconds, Stopping threads took: 0.0000435 seconds
2019-02-01T02:58:32.273+0000: 803078.278: Application time: 0.0001278 seconds
2019-02-01T02:58:32.274+0000: 803078.280: [GC (GCLocker Initiated GC) 2019-02-01T02:58:32.279+0000: 803078.284: [SoftReference, 0 refs, 0.0000280 secs]2019-02-01T02:58:32.279+0000: 803078.284: [WeakReference, 8 refs, 0.0000172 secs]2019-02-01T02:58:32.279+0000: 803078.284: [FinalReference, 301 refs, 0.0001023 secs]2019-02-01T02:58:32.279+0000: 803078.285: [PhantomReference, 0 refs, 0 refs, 0.0000085 secs]2019-02-01T02:58:32.279+0000: 803078.285: [JNI Weak Reference, 0.0000138 secs]
Desired survivor size 6291456 bytes, new threshold 1 (max 15)
[PSYoungGen: 40641K->4831K(43008K)] 712360K->677268K(735744K), 0.0070501 secs] [Times: user=0.10 sys=0.00, real=0.00 secs] 
2019-02-01T02:58:32.281+0000: 803078.287: Total time for which application threads were stopped: 0.0085381 seconds, Stopping threads took: 0.0000483 seconds
2019-02-01T02:58:33.154+0000: 803079.160: Application time: 0.8727950 seconds
2019-02-01T02:58:33.156+0000: 803079.162: [GC (Allocation Failure) 2019-02-01T02:58:33.161+0000: 803079.166: [SoftReference, 0 refs, 0.0000360 secs]2019-02-01T02:58:33.161+0000: 803079.166: [WeakReference, 8 refs, 0.0000149 secs]2019-02-01T02:58:33.161+0000: 803079.167: [FinalReference, 339 refs, 0.0001867 secs]2019-02-01T02:58:33.161+0000: 803079.167: [PhantomReference, 0 refs, 0 refs, 0.0000145 secs]2019-02-01T02:58:33.161+0000: 803079.167: [JNI Weak Reference, 0.0000247 secs]
Desired survivor size 6291456 bytes, new threshold 1 (max 15)
[PSYoungGen: 42719K->3714K(41472K)] 715157K->677277K(734208K), 0.0090660 secs] [Times: user=0.09 sys=0.00, real=0.01 secs] 
2019-02-01T02:58:33.165+0000: 803079.171: Total time for which application threads were stopped: 0.0114344 seconds, Stopping threads took: 0.0000404 seconds
2019-02-01T02:58:34.200+0000: 803080.206: Application time: 1.0349105 seconds
2019-02-01T02:58:34.202+0000: 803080.208: [GC (Allocation Failure) 2019-02-01T02:58:34.207+0000: 803080.213: [SoftReference, 0 refs, 0.0000253 secs]2019-02-01T02:58:34.207+0000: 803080.213: [WeakReference, 5 refs, 0.0000081 secs]2019-02-01T02:58:34.207+0000: 803080.213: [FinalReference, 334 refs, 0.0001112 secs]2019-02-01T02:58:34.207+0000: 803080.213: [PhantomReference, 0 refs, 0 refs, 0.0000084 secs]2019-02-01T02:58:34.207+0000: 803080.213: [JNI Weak Reference, 0.0000162 secs]
Desired survivor size 6815744 bytes, new threshold 1 (max 15)
[PSYoungGen: 41090K->3578K(40448K)] 714653K->679556K(733184K), 0.0068054 secs] [Times: user=0.07 sys=0.01, real=0.01 secs] 
2019-02-01T02:58:34.209+0000: 803080.215: Total time for which application threads were stopped: 0.0088780 seconds, Stopping threads took: 0.0000360 seconds
2019-02-01T02:58:35.121+0000: 803081.127: Application time: 0.9117446 seconds
2019-02-01T02:58:35.123+0000: 803081.129: [GC (Allocation Failure) 2019-02-01T02:58:35.132+0000: 803081.137: [SoftReference, 0 refs, 0.0000303 secs]2019-02-01T02:58:35.132+0000: 803081.138: [WeakReference, 7 refs, 0.0000085 secs]2019-02-01T02:58:35.132+0000: 803081.138: [FinalReference, 337 refs, 0.0000900 secs]2019-02-01T02:58:35.132+0000: 803081.138: [PhantomReference, 0 refs, 0 refs, 0.0000082 secs]2019-02-01T02:58:35.132+0000: 803081.138: [JNI Weak Reference, 0.0000131 secs]
Desired survivor size 6815744 bytes, new threshold 1 (max 15)
[PSYoungGen: 40442K->2763K(39424K)] 716420K->680498K(732160K), 0.0109077 secs] [Times: user=0.22 sys=0.00, real=0.02 secs] 
2019-02-01T02:58:35.134+0000: 803081.140: Total time for which application threads were stopped: 0.0134982 seconds, Stopping threads took: 0.0001048 seconds
2019-02-01T02:58:36.071+0000: 803082.077: Application time: 0.9366635 seconds
2019-02-01T02:58:36.074+0000: 803082.079: Total time for which application threads were stopped: 0.0025029 seconds, Stopping threads took: 0.0000433 seconds
2019-02-01T02:58:36.074+0000: 803082.079: Application time: 0.0000477 seconds
2019-02-01T02:58:36.075+0000: 803082.081: [GC (GCLocker Initiated GC) 2019-02-01T02:58:36.080+0000: 803082.085: [SoftReference, 0 refs, 0.0000405 secs]2019-02-01T02:58:36.080+0000: 803082.086: [WeakReference, 1 refs, 0.0000137 secs]2019-02-01T02:58:36.080+0000: 803082.086: [FinalReference, 319 refs, 0.0001366 secs]2019-02-01T02:58:36.080+0000: 803082.086: [PhantomReference, 0 refs, 0 refs, 0.0000140 secs]2019-02-01T02:58:36.080+0000: 803082.086: [JNI Weak Reference, 0.0000375 secs]
Desired survivor size 6815744 bytes, new threshold 1 (max 15)
[PSYoungGen: 39115K->4735K(41984K)] 716850K->683327K(734720K), 0.0080026 secs] [Times: user=0.08 sys=0.01, real=0.01 secs] 
2019-02-01T02:58:36.084+0000: 803082.089: Total time for which application threads were stopped: 0.0099306 seconds, Stopping threads took: 0.0000694 seconds
2019-02-01T02:58:37.512+0000: 803083.518: Application time: 1.4288504 seconds
2019-02-01T02:58:37.515+0000: 803083.521: [GC (Allocation Failure) 2019-02-01T02:58:37.523+0000: 803083.529: [SoftReference, 0 refs, 0.0000233 secs]2019-02-01T02:58:37.523+0000: 803083.529: [WeakReference, 14 refs, 0.0000095 secs]2019-02-01T02:58:37.523+0000: 803083.529: [FinalReference, 281 refs, 0.0000848 secs]2019-02-01T02:58:37.524+0000: 803083.529: [PhantomReference, 0 refs, 0 refs, 0.0000081 secs]2019-02-01T02:58:37.524+0000: 803083.529: [JNI Weak Reference, 0.0000140 secs]
Desired survivor size 6815744 bytes, new threshold 1 (max 15)
[PSYoungGen: 40575K->4118K(39936K)] 719207K->683549K(732672K), 0.0106221 secs] [Times: user=0.22 sys=0.00, real=0.01 secs] 
2019-02-01T02:58:37.526+0000: 803083.532: Total time for which application threads were stopped: 0.0135415 seconds, Stopping threads took: 0.0000505 seconds
2019-02-01T02:58:38.452+0000: 803084.458: Application time: 0.9259549 seconds
2019-02-01T02:58:38.454+0000: 803084.460: [GC (Allocation Failure) 2019-02-01T02:58:38.458+0000: 803084.464: [SoftReference, 0 refs, 0.0000376 secs]2019-02-01T02:58:38.458+0000: 803084.464: [WeakReference, 9 refs, 0.0000149 secs]2019-02-01T02:58:38.458+0000: 803084.464: [FinalReference, 263 refs, 0.0001300 secs]2019-02-01T02:58:38.459+0000: 803084.464: [PhantomReference, 0 refs, 0 refs, 0.0000148 secs]2019-02-01T02:58:38.459+0000: 803084.464: [JNI Weak Reference, 0.0000209 secs]
Desired survivor size 6815744 bytes, new threshold 1 (max 15)
[PSYoungGen: 39446K->4230K(40960K)] 718877K->684710K(733696K), 0.0078381 secs] [Times: user=0.08 sys=0.00, real=0.01 secs] 
2019-02-01T02:58:38.462+0000: 803084.468: Total time for which application threads were stopped: 0.0100976 seconds, Stopping threads took: 0.0000489 seconds
2019-02-01T02:58:39.402+0000: 803085.407: Application time: 0.9397089 seconds
2019-02-01T02:58:39.404+0000: 803085.409: [GC (Allocation Failure) 2019-02-01T02:58:39.408+0000: 803085.413: [SoftReference, 0 refs, 0.0000376 secs]2019-02-01T02:58:39.408+0000: 803085.413: [WeakReference, 0 refs, 0.0000122 secs]2019-02-01T02:58:39.408+0000: 803085.413: [FinalReference, 281 refs, 0.0001281 secs]2019-02-01T02:58:39.408+0000: 803085.413: [PhantomReference, 0 refs, 0 refs, 0.0000142 secs]2019-02-01T02:58:39.408+0000: 803085.414: [JNI Weak Reference, 0.0000213 secs]
Desired survivor size 6815744 bytes, new threshold 1 (max 15)
[PSYoungGen: 39046K->2575K(37376K)] 719526K->683863K(730112K), 0.0073057 secs] [Times: user=0.07 sys=0.00, real=0.01 secs] 
2019-02-01T02:58:39.411+0000: 803085.417: Total time for which application threads were stopped: 0.0093776 seconds, Stopping threads took: 0.0000718 seconds
2019-02-01T02:58:40.294+0000: 803086.300: Application time: 0.8832275 seconds
2019-02-01T02:58:40.297+0000: 803086.302: Total time for which application threads were stopped: 0.0023558 seconds, Stopping threads took: 0.0000464 seconds
2019-02-01T02:58:40.297+0000: 803086.303: Application time: 0.0001343 seconds
2019-02-01T02:58:40.299+0000: 803086.304: [GC (GCLocker Initiated GC) 2019-02-01T02:58:40.303+0000: 803086.309: [SoftReference, 0 refs, 0.0000332 secs]2019-02-01T02:58:40.303+0000: 803086.309: [WeakReference, 17 refs, 0.0000151 secs]2019-02-01T02:58:40.303+0000: 803086.309: [FinalReference, 245 refs, 0.0001006 secs]2019-02-01T02:58:40.303+0000: 803086.309: [PhantomReference, 0 refs, 0 refs, 0.0000140 secs]2019-02-01T02:58:40.303+0000: 803086.309: [JNI Weak Reference, 0.0000215 secs]
Desired survivor size 6815744 bytes, new threshold 1 (max 15)
[PSYoungGen: 36879K->4078K(39936K)] 718169K->685913K(732672K), 0.0081006 secs] [Times: user=0.09 sys=0.01, real=0.01 secs] 
2019-02-01T02:58:40.307+0000: 803086.313: Total time for which application threads were stopped: 0.0100170 seconds, Stopping threads took: 0.0000919 seconds
2019-02-01T02:58:41.493+0000: 803087.499: Application time: 1.1863410 seconds
2019-02-01T02:58:41.496+0000: 803087.501: Total time for which application threads were stopped: 0.0023828 seconds, Stopping threads took: 0.0000760 seconds
2019-02-01T02:58:41.496+0000: 803087.501: Application time: 0.0001475 seconds
2019-02-01T02:58:41.498+0000: 803087.503: [GC (GCLocker Initiated GC) 2019-02-01T02:58:41.502+0000: 803087.507: [SoftReference, 0 refs, 0.0000293 secs]2019-02-01T02:58:41.502+0000: 803087.507: [WeakReference, 3 refs, 0.0000077 secs]2019-02-01T02:58:41.502+0000: 803087.507: [FinalReference, 279 refs, 0.0000938 secs]2019-02-01T02:58:41.502+0000: 803087.508: [PhantomReference, 0 refs, 0 refs, 0.0000084 secs]2019-02-01T02:58:41.502+0000: 803087.508: [JNI Weak Reference, 0.0000133 secs]
Desired survivor size 6291456 bytes, new threshold 1 (max 15)
[PSYoungGen: 37870K->3302K(36864K)] 719711K->685828K(729600K), 0.0066327 secs] [Times: user=0.07 sys=0.00, real=0.00 secs] 
2019-02-01T02:58:41.504+0000: 803087.510: Total time for which application threads were stopped: 0.0085215 seconds, Stopping threads took: 0.0000958 seconds
2019-02-01T02:58:42.376+0000: 803088.381: Application time: 0.8713652 seconds
2019-02-01T02:58:42.378+0000: 803088.384: Total time for which application threads were stopped: 0.0025988 seconds, Stopping threads took: 0.0000336 seconds
2019-02-01T02:58:42.378+0000: 803088.384: Application time: 0.0001538 seconds
2019-02-01T02:58:42.380+0000: 803088.385: [GC (GCLocker Initiated GC) 2019-02-01T02:58:42.384+0000: 803088.390: [SoftReference, 0 refs, 0.0000305 secs]2019-02-01T02:58:42.384+0000: 803088.390: [WeakReference, 8 refs, 0.0000087 secs]2019-02-01T02:58:42.384+0000: 803088.390: [FinalReference, 259 refs, 0.0000731 secs]2019-02-01T02:58:42.384+0000: 803088.390: [PhantomReference, 0 refs, 0 refs, 0.0000079 secs]2019-02-01T02:58:42.384+0000: 803088.390: [JNI Weak Reference, 0.0000136 secs]
Desired survivor size 6291456 bytes, new threshold 1 (max 15)
[PSYoungGen: 36582K->4475K(38400K)] 719113K->687930K(731136K), 0.0069020 secs] [Times: user=0.07 sys=0.00, real=0.01 secs] 
2019-02-01T02:58:42.387+0000: 803088.392: Total time for which application threads were stopped: 0.0083547 seconds, Stopping threads took: 0.0000377 seconds
2019-02-01T02:58:43.310+0000: 803089.316: Application time: 0.9233797 seconds
2019-02-01T02:58:43.313+0000: 803089.318: [GC (Allocation Failure) 2019-02-01T02:58:43.317+0000: 803089.322: [SoftReference, 0 refs, 0.0000407 secs]2019-02-01T02:58:43.317+0000: 803089.322: [WeakReference, 8 refs, 0.0000141 secs]2019-02-01T02:58:43.317+0000: 803089.322: [FinalReference, 297 refs, 0.0001207 secs]2019-02-01T02:58:43.317+0000: 803089.323: [PhantomReference, 0 refs, 0 refs, 0.0000154 secs]2019-02-01T02:58:43.317+0000: 803089.323: [JNI Weak Reference, 0.0000218 secs]
Desired survivor size 7340032 bytes, new threshold 1 (max 15)
[PSYoungGen: 37243K->6139K(38400K)] 720702K->690496K(731136K), 0.0075344 secs] [Times: user=0.07 sys=0.00, real=0.01 secs] 
2019-02-01T02:58:43.320+0000: 803089.326: Total time for which application threads were stopped: 0.0102093 seconds, Stopping threads took: 0.0000420 seconds
2019-02-01T02:58:44.123+0000: 803090.129: Application time: 0.8028344 seconds
2019-02-01T02:58:44.126+0000: 803090.132: [GC (Allocation Failure) 2019-02-01T02:58:44.130+0000: 803090.136: [SoftReference, 0 refs, 0.0000397 secs]2019-02-01T02:58:44.130+0000: 803090.136: [WeakReference, 12 refs, 0.0000162 secs]2019-02-01T02:58:44.130+0000: 803090.136: [FinalReference, 310 refs, 0.0001904 secs]2019-02-01T02:58:44.130+0000: 803090.136: [PhantomReference, 0 refs, 1 refs, 0.0000290 secs]2019-02-01T02:58:44.131+0000: 803090.136: [JNI Weak Reference, 0.0000211 secs]
Desired survivor size 7340032 bytes, new threshold 1 (max 15)
[PSYoungGen: 38395K->4720K(38400K)] 722752K->690395K(731136K), 0.0077583 secs] [Times: user=0.08 sys=0.01, real=0.00 secs] 
2019-02-01T02:58:44.134+0000: 803090.140: Total time for which application threads were stopped: 0.0108068 seconds, Stopping threads took: 0.0000520 seconds
2019-02-01T02:58:44.707+0000: 803090.712: Application time: 0.5727675 seconds
2019-02-01T02:58:44.709+0000: 803090.715: [GC (Allocation Failure) 2019-02-01T02:58:44.712+0000: 803090.718: [SoftReference, 0 refs, 0.0000236 secs]2019-02-01T02:58:44.712+0000: 803090.718: [WeakReference, 2 refs, 0.0000077 secs]2019-02-01T02:58:44.712+0000: 803090.718: [FinalReference, 295 refs, 0.0001075 secs]2019-02-01T02:58:44.712+0000: 803090.718: [PhantomReference, 0 refs, 0 refs, 0.0000080 secs]2019-02-01T02:58:44.712+0000: 803090.718: [JNI Weak Reference, 0.0000125 secs]
Desired survivor size 7340032 bytes, new threshold 1 (max 15)
[PSYoungGen: 36464K->2020K(33280K)] 722139K->689070K(726016K), 0.0053804 secs] [Times: user=0.07 sys=0.00, real=0.00 secs] 
2019-02-01T02:58:44.714+0000: 803090.720: Total time for which application threads were stopped: 0.0075141 seconds, Stopping threads took: 0.0000922 seconds
2019-02-01T02:58:45.598+0000: 803091.604: Application time: 0.8837902 seconds
2019-02-01T02:58:45.601+0000: 803091.606: [GC (Allocation Failure) 2019-02-01T02:58:45.606+0000: 803091.611: [SoftReference, 0 refs, 0.0000376 secs]2019-02-01T02:58:45.606+0000: 803091.611: [WeakReference, 1 refs, 0.0000130 secs]2019-02-01T02:58:45.606+0000: 803091.611: [FinalReference, 197 refs, 0.0000925 secs]2019-02-01T02:58:45.606+0000: 803091.611: [PhantomReference, 0 refs, 0 refs, 0.0000143 secs]2019-02-01T02:58:45.606+0000: 803091.612: [JNI Weak Reference, 0.0000252 secs]
Desired survivor size 7340032 bytes, new threshold 1 (max 15)
[PSYoungGen: 33252K->1984K(37376K)] 720302K->689977K(730112K), 0.0073242 secs] [Times: user=0.09 sys=0.01, real=0.01 secs] 
2019-02-01T02:58:45.608+0000: 803091.614: Total time for which application threads were stopped: 0.0100023 seconds, Stopping threads took: 0.0000417 seconds
2019-02-01T02:58:46.180+0000: 803092.186: Application time: 0.5720277 seconds
2019-02-01T02:58:46.182+0000: 803092.188: Total time for which application threads were stopped: 0.0022101 seconds, Stopping threads took: 0.0000999 seconds
2019-02-01T02:58:46.182+0000: 803092.188: Application time: 0.0001971 seconds
2019-02-01T02:58:46.184+0000: 803092.190: [GC (GCLocker Initiated GC) 2019-02-01T02:58:46.191+0000: 803092.197: [SoftReference, 0 refs, 0.0000572 secs]2019-02-01T02:58:46.191+0000: 803092.197: [WeakReference, 13 refs, 0.0000155 secs]2019-02-01T02:58:46.191+0000: 803092.197: [FinalReference, 266 refs, 0.0001164 secs]2019-02-01T02:58:46.191+0000: 803092.197: [PhantomReference, 0 refs, 0 refs, 0.0000144 secs]2019-02-01T02:58:46.191+0000: 803092.197: [JNI Weak Reference, 0.0000242 secs]
Desired survivor size 7864320 bytes, new threshold 1 (max 15)
[PSYoungGen: 32704K->6256K(37888K)] 720698K->695226K(730624K), 0.0099659 secs] [Times: user=0.13 sys=0.00, real=0.01 secs] 
2019-02-01T02:58:46.194+0000: 803092.200: Total time for which application threads were stopped: 0.0118644 seconds, Stopping threads took: 0.0001067 seconds
2019-02-01T02:58:46.675+0000: 803092.681: Application time: 0.4807180 seconds
2019-02-01T02:58:46.678+0000: 803092.684: [GC (Allocation Failure) 2019-02-01T02:58:46.683+0000: 803092.689: [SoftReference, 0 refs, 0.0000592 secs]2019-02-01T02:58:46.683+0000: 803092.689: [WeakReference, 6 refs, 0.0000150 secs]2019-02-01T02:58:46.683+0000: 803092.689: [FinalReference, 275 refs, 0.0001275 secs]2019-02-01T02:58:46.684+0000: 803092.689: [PhantomReference, 0 refs, 0 refs, 0.0000144 secs]2019-02-01T02:58:46.684+0000: 803092.689: [JNI Weak Reference, 0.0000249 secs]
Desired survivor size 7864320 bytes, new threshold 1 (max 15)
[PSYoungGen: 36976K->4462K(44032K)] 725949K->694988K(736768K), 0.0090706 secs] [Times: user=0.06 sys=0.04, real=0.01 secs] 
2019-02-01T02:58:46.687+0000: 803092.693: Total time for which application threads were stopped: 0.0118974 seconds, Stopping threads took: 0.0000453 seconds
2019-02-01T02:58:47.897+0000: 803093.903: Application time: 1.2103110 seconds
2019-02-01T02:58:47.900+0000: 803093.906: [GC (Allocation Failure) 2019-02-01T02:58:47.906+0000: 803093.912: [SoftReference, 0 refs, 0.0000365 secs]2019-02-01T02:58:47.906+0000: 803093.912: [WeakReference, 5 refs, 0.0000141 secs]2019-02-01T02:58:47.906+0000: 803093.912: [FinalReference, 254 refs, 0.0001134 secs]2019-02-01T02:58:47.906+0000: 803093.912: [PhantomReference, 0 refs, 0 refs, 0.0000147 secs]2019-02-01T02:58:47.906+0000: 803093.912: [JNI Weak Reference, 0.0000324 secs]
Desired survivor size 7864320 bytes, new threshold 1 (max 15)
[PSYoungGen: 40814K->2082K(44032K)] 731340K->694020K(736768K), 0.0091202 secs] [Times: user=0.08 sys=0.00, real=0.01 secs] 
2019-02-01T02:58:47.909+0000: 803093.915: [Full GC (Ergonomics) 2019-02-01T02:58:47.957+0000: 803093.962: [SoftReference, 179 refs, 0.0000808 secs]2019-02-01T02:58:47.957+0000: 803093.962: [WeakReference, 2643 refs, 0.0003584 secs]2019-02-01T02:58:47.957+0000: 803093.963: [FinalReference, 1200 refs, 0.0004817 secs]2019-02-01T02:58:47.957+0000: 803093.963: [PhantomReference, 0 refs, 138 refs, 0.0000256 secs]2019-02-01T02:58:47.957+0000: 803093.963: [JNI Weak Reference, 0.0000274 secs][PSYoungGen: 2082K->0K(44032K)] [ParOldGen: 691937K->636672K(695296K)] 694020K->636672K(739328K), [Metaspace: 75215K->75215K(1118208K)], 0.1527022 secs] [Times: user=2.41 sys=0.00, real=0.15 secs] 
2019-02-01T02:58:48.062+0000: 803094.068: Total time for which application threads were stopped: 0.1649675 seconds, Stopping threads took: 0.0000398 seconds
2019-02-01T02:58:48.970+0000: 803094.976: Application time: 0.9080804 seconds
2019-02-01T02:58:48.973+0000: 803094.979: [GC (Allocation Failure) 2019-02-01T02:58:48.979+0000: 803094.985: [SoftReference, 0 refs, 0.0000468 secs]2019-02-01T02:58:48.979+0000: 803094.985: [WeakReference, 12 refs, 0.0000102 secs]2019-02-01T02:58:48.979+0000: 803094.985: [FinalReference, 260 refs, 0.0001149 secs]2019-02-01T02:58:48.979+0000: 803094.985: [PhantomReference, 0 refs, 0 refs, 0.0000081 secs]2019-02-01T02:58:48.979+0000: 803094.985: [JNI Weak Reference, 0.0000139 secs]
Desired survivor size 7864320 bytes, new threshold 1 (max 15)
[PSYoungGen: 36352K->4541K(51200K)] 673024K->641213K(746496K), 0.0087071 secs] [Times: user=0.08 sys=0.07, real=0.01 secs] 
2019-02-01T02:58:48.982+0000: 803094.988: Total time for which application threads were stopped: 0.0114203 seconds, Stopping threads took: 0.0000433 seconds
2019-02-01T02:58:49.766+0000: 803095.771: Application time: 0.7839665 seconds
2019-02-01T02:58:49.769+0000: 803095.774: [GC (Allocation Failure) 2019-02-01T02:58:49.773+0000: 803095.778: [SoftReference, 0 refs, 0.0000303 secs]2019-02-01T02:58:49.773+0000: 803095.778: [WeakReference, 6 refs, 0.0000090 secs]2019-02-01T02:58:49.773+0000: 803095.778: [FinalReference, 390 refs, 0.0001161 secs]2019-02-01T02:58:49.773+0000: 803095.778: [PhantomReference, 0 refs, 0 refs, 0.0000085 secs]2019-02-01T02:58:49.773+0000: 803095.778: [JNI Weak Reference, 0.0000162 secs]
Desired survivor size 7340032 bytes, new threshold 1 (max 15)
[PSYoungGen: 48061K->4535K(51200K)] 684733K->643453K(746496K), 0.0072416 secs] [Times: user=0.08 sys=0.00, real=0.01 secs] 
2019-02-01T02:58:49.776+0000: 803095.782: Total time for which application threads were stopped: 0.0102055 seconds, Stopping threads took: 0.0000418 seconds
2019-02-01T02:58:50.880+0000: 803096.886: Application time: 1.1044863 seconds
2019-02-01T02:58:50.883+0000: 803096.889: [GC (Allocation Failure) 2019-02-01T02:58:50.890+0000: 803096.896: [SoftReference, 0 refs, 0.0000597 secs]2019-02-01T02:58:50.890+0000: 803096.896: [WeakReference, 14 refs, 0.0000183 secs]2019-02-01T02:58:50.890+0000: 803096.896: [FinalReference, 361 refs, 0.0001609 secs]2019-02-01T02:58:50.890+0000: 803096.896: [PhantomReference, 0 refs, 0 refs, 0.0000149 secs]2019-02-01T02:58:50.890+0000: 803096.896: [JNI Weak Reference, 0.0000221 secs]
Desired survivor size 7340032 bytes, new threshold 1 (max 15)
[PSYoungGen: 48055K->3959K(58368K)] 686973K->643815K(753664K), 0.0105900 secs] [Times: user=0.11 sys=0.05, real=0.01 secs] 
2019-02-01T02:58:50.894+0000: 803096.899: Total time for which application threads were stopped: 0.0132170 seconds, Stopping threads took: 0.0000787 seconds
2019-02-01T02:58:52.539+0000: 803098.544: Application time: 1.6449853 seconds
2019-02-01T02:58:52.542+0000: 803098.547: [GC (Allocation Failure) 2019-02-01T02:58:52.550+0000: 803098.555: [SoftReference, 0 refs, 0.0000361 secs]2019-02-01T02:58:52.550+0000: 803098.555: [WeakReference, 6 refs, 0.0000150 secs]2019-02-01T02:58:52.550+0000: 803098.555: [FinalReference, 366 refs, 0.0001387 secs]2019-02-01T02:58:52.550+0000: 803098.555: [PhantomReference, 0 refs, 0 refs, 0.0000146 secs]2019-02-01T02:58:52.550+0000: 803098.555: [JNI Weak Reference, 0.0000218 secs]
Desired survivor size 7340032 bytes, new threshold 1 (max 15)
[PSYoungGen: 55159K->2028K(58368K)] 695015K->642669K(753664K), 0.0114111 secs] [Times: user=0.19 sys=0.00, real=0.01 secs] 
2019-02-01T02:58:52.553+0000: 803098.559: Total time for which application threads were stopped: 0.0144181 seconds, Stopping threads took: 0.0000409 seconds
2019-02-01T02:58:54.698+0000: 803100.704: Application time: 2.1447242 seconds
2019-02-01T02:58:54.701+0000: 803100.707: [GC (Allocation Failure) 2019-02-01T02:58:54.707+0000: 803100.713: [SoftReference, 0 refs, 0.0000615 secs]2019-02-01T02:58:54.707+0000: 803100.713: [WeakReference, 19 refs, 0.0000227 secs]2019-02-01T02:58:54.707+0000: 803100.713: [FinalReference, 380 refs, 0.0001686 secs]2019-02-01T02:58:54.707+0000: 803100.713: [PhantomReference, 0 refs, 0 refs, 0.0000141 secs]2019-02-01T02:58:54.707+0000: 803100.713: [JNI Weak Reference, 0.0000220 secs]
Desired survivor size 7340032 bytes, new threshold 1 (max 15)
[PSYoungGen: 53228K->4950K(55296K)] 693869K->646590K(750592K), 0.0096719 secs] [Times: user=0.07 sys=0.05, real=0.01 secs] 
2019-02-01T02:58:54.711+0000: 803100.716: Total time for which application threads were stopped: 0.0129354 seconds, Stopping threads took: 0.0001087 seconds
2019-02-01T02:58:56.688+0000: 803102.694: Application time: 1.9770887 seconds
2019-02-01T02:58:56.691+0000: 803102.697: [GC (Allocation Failure) 2019-02-01T02:58:56.696+0000: 803102.701: [SoftReference, 0 refs, 0.0000420 secs]2019-02-01T02:58:56.696+0000: 803102.702: [WeakReference, 24 refs, 0.0000181 secs]2019-02-01T02:58:56.696+0000: 803102.702: [FinalReference, 360 refs, 0.0001531 secs]2019-02-01T02:58:56.696+0000: 803102.702: [PhantomReference, 0 refs, 0 refs, 0.0000188 secs]2019-02-01T02:58:56.696+0000: 803102.702: [JNI Weak Reference, 0.0000215 secs]
Desired survivor size 7340032 bytes, new threshold 1 (max 15)
[PSYoungGen: 55126K->3158K(52736K)] 696766K->646612K(748032K), 0.0087267 secs] [Times: user=0.10 sys=0.00, real=0.01 secs] 
2019-02-01T02:58:56.700+0000: 803102.705: Total time for which application threads were stopped: 0.0117715 seconds, Stopping threads took: 0.0000523 seconds
2019-02-01T02:58:56.975+0000: 803102.981: Application time: 0.2755614 seconds
2019-02-01T02:58:56.977+0000: 803102.983: Total time for which application threads were stopped: 0.0021302 seconds, Stopping threads took: 0.0000732 seconds
2019-02-01T02:58:57.060+0000: 803103.065: Application time: 0.0822430 seconds
2019-02-01T02:58:57.061+0000: 803103.067: Total time for which application threads were stopped: 0.0016431 seconds, Stopping threads took: 0.0000310 seconds
2019-02-01T02:58:57.179+0000: 803103.185: Application time: 0.1175501 seconds
2019-02-01T02:58:57.180+0000: 803103.186: Total time for which application threads were stopped: 0.0016244 seconds, Stopping threads took: 0.0000357 seconds
2019-02-01T02:58:57.234+0000: 803103.239: Application time: 0.0531947 seconds
2019-02-01T02:58:57.235+0000: 803103.241: Total time for which application threads were stopped: 0.0017117 seconds, Stopping threads took: 0.0000799 seconds
2019-02-01T02:58:57.246+0000: 803103.252: Application time: 0.0104628 seconds
2019-02-01T02:58:57.247+0000: 803103.253: Total time for which application threads were stopped: 0.0015790 seconds, Stopping threads took: 0.0000521 seconds
2019-02-01T02:58:57.258+0000: 803103.264: Application time: 0.0104044 seconds
2019-02-01T02:58:57.259+0000: 803103.265: Total time for which application threads were stopped: 0.0015755 seconds, Stopping threads took: 0.0000439 seconds
2019-02-01T02:58:57.280+0000: 803103.286: Application time: 0.0205352 seconds
2019-02-01T02:58:57.281+0000: 803103.287: Total time for which application threads were stopped: 0.0015969 seconds, Stopping threads took: 0.0000464 seconds
2019-02-01T02:58:58.010+0000: 803104.016: Application time: 0.7287346 seconds
2019-02-01T02:58:58.012+0000: 803104.018: Total time for which application threads were stopped: 0.0017675 seconds, Stopping threads took: 0.0000887 seconds
2019-02-01T02:58:58.134+0000: 803104.139: Application time: 0.1216896 seconds
2019-02-01T02:58:58.135+0000: 803104.141: Total time for which application threads were stopped: 0.0016594 seconds, Stopping threads took: 0.0001187 seconds
2019-02-01T02:58:58.176+0000: 803104.182: Application time: 0.0407114 seconds
2019-02-01T02:58:58.178+0000: 803104.183: Total time for which application threads were stopped: 0.0016597 seconds, Stopping threads took: 0.0000488 seconds
2019-02-01T02:58:58.258+0000: 803104.264: Application time: 0.0805510 seconds
2019-02-01T02:58:58.260+0000: 803104.266: [GC (Allocation Failure) 2019-02-01T02:58:58.267+0000: 803104.273: [SoftReference, 0 refs, 0.0000556 secs]2019-02-01T02:58:58.267+0000: 803104.273: [WeakReference, 90 refs, 0.0000266 secs]2019-02-01T02:58:58.267+0000: 803104.273: [FinalReference, 336 refs, 0.0001454 secs]2019-02-01T02:58:58.267+0000: 803104.273: [PhantomReference, 0 refs, 0 refs, 0.0000258 secs]2019-02-01T02:58:58.267+0000: 803104.273: [JNI Weak Reference, 0.0000237 secs]
Desired survivor size 7864320 bytes, new threshold 1 (max 15)
[PSYoungGen: 52310K->5593K(53760K)] 695764K->650951K(749056K), 0.0107141 secs] [Times: user=0.09 sys=0.05, real=0.01 secs] 
2019-02-01T02:58:58.271+0000: 803104.277: Total time for which application threads were stopped: 0.0126493 seconds, Stopping threads took: 0.0000331 seconds
2019-02-01T02:58:58.373+0000: 803104.378: Application time: 0.1016067 seconds
2019-02-01T02:58:58.376+0000: 803104.381: Total time for which application threads were stopped: 0.0030854 seconds, Stopping threads took: 0.0000532 seconds
2019-02-01T02:58:58.518+0000: 803104.523: Application time: 0.1420468 seconds
2019-02-01T02:58:58.520+0000: 803104.526: Total time for which application threads were stopped: 0.0021903 seconds, Stopping threads took: 0.0000504 seconds
2019-02-01T02:58:58.530+0000: 803104.536: Application time: 0.0104696 seconds
2019-02-01T02:58:58.532+0000: 803104.538: Total time for which application threads were stopped: 0.0017659 seconds, Stopping threads took: 0.0000356 seconds
2019-02-01T02:58:58.543+0000: 803104.548: Application time: 0.0104481 seconds
2019-02-01T02:58:58.544+0000: 803104.550: Total time for which application threads were stopped: 0.0016654 seconds, Stopping threads took: 0.0001185 seconds
2019-02-01T02:58:58.555+0000: 803104.560: Application time: 0.0103858 seconds
2019-02-01T02:58:58.556+0000: 803104.562: Total time for which application threads were stopped: 0.0015419 seconds, Stopping threads took: 0.0000359 seconds
2019-02-01T02:58:58.567+0000: 803104.572: Application time: 0.0104736 seconds
2019-02-01T02:58:58.568+0000: 803104.574: Total time for which application threads were stopped: 0.0015578 seconds, Stopping threads took: 0.0000288 seconds
2019-02-01T02:58:58.570+0000: 803104.576: Application time: 0.0017681 seconds
2019-02-01T02:58:58.571+0000: 803104.577: Total time for which application threads were stopped: 0.0014959 seconds, Stopping threads took: 0.0000282 seconds
2019-02-01T02:58:59.519+0000: 803105.525: Application time: 0.9474380 seconds
2019-02-01T02:58:59.521+0000: 803105.527: Total time for which application threads were stopped: 0.0025645 seconds, Stopping threads took: 0.0001101 seconds
2019-02-01T02:58:59.593+0000: 803105.598: Application time: 0.0711938 seconds
2019-02-01T02:58:59.595+0000: 803105.601: Total time for which application threads were stopped: 0.0023958 seconds, Stopping threads took: 0.0000516 seconds
2019-02-01T02:58:59.731+0000: 803105.737: Application time: 0.1359182 seconds
2019-02-01T02:58:59.733+0000: 803105.739: [GC (Allocation Failure) 2019-02-01T02:58:59.741+0000: 803105.747: [SoftReference, 0 refs, 0.0000334 secs]2019-02-01T02:58:59.741+0000: 803105.747: [WeakReference, 35 refs, 0.0000181 secs]2019-02-01T02:58:59.741+0000: 803105.747: [FinalReference, 363 refs, 0.0001358 secs]2019-02-01T02:58:59.741+0000: 803105.747: [PhantomReference, 0 refs, 0 refs, 0.0000083 secs]2019-02-01T02:58:59.741+0000: 803105.747: [JNI Weak Reference, 0.0000132 secs]
Desired survivor size 7340032 bytes, new threshold 1 (max 15)
[PSYoungGen: 53721K->3797K(51200K)] 699079K->650977K(746496K), 0.0104223 secs] [Times: user=0.18 sys=0.00, real=0.01 secs] 
2019-02-01T02:58:59.744+0000: 803105.750: Total time for which application threads were stopped: 0.0127387 seconds, Stopping threads took: 0.0000371 seconds
2019-02-01T02:59:01.610+0000: 803107.616: Application time: 1.8661585 seconds
2019-02-01T02:59:01.613+0000: 803107.619: [GC (Allocation Failure) 2019-02-01T02:59:01.618+0000: 803107.624: [SoftReference, 0 refs, 0.0000983 secs]2019-02-01T02:59:01.618+0000: 803107.624: [WeakReference, 19 refs, 0.0000183 secs]2019-02-01T02:59:01.618+0000: 803107.624: [FinalReference, 351 refs, 0.0001345 secs]2019-02-01T02:59:01.618+0000: 803107.624: [PhantomReference, 0 refs, 0 refs, 0.0000143 secs]2019-02-01T02:59:01.618+0000: 803107.624: [JNI Weak Reference, 0.0000216 secs]
Desired survivor size 7340032 bytes, new threshold 1 (max 15)
[PSYoungGen: 50901K->3040K(50176K)] 698081K->651514K(745472K), 0.0084447 secs] [Times: user=0.08 sys=0.02, real=0.01 secs] 
2019-02-01T02:59:01.621+0000: 803107.627: Total time for which application threads were stopped: 0.0115375 seconds, Stopping threads took: 0.0000465 seconds
2019-02-01T02:59:01.906+0000: 803107.911: Application time: 0.2842648 seconds
2019-02-01T02:59:01.909+0000: 803107.914: Total time for which application threads were stopped: 0.0028365 seconds, Stopping threads took: 0.0000689 seconds
2019-02-01T02:59:02.257+0000: 803108.263: Application time: 0.3486740 seconds
2019-02-01T02:59:02.260+0000: 803108.266: Total time for which application threads were stopped: 0.0030527 seconds, Stopping threads took: 0.0000628 seconds
2019-02-01T02:59:02.265+0000: 803108.270: Application time: 0.0043975 seconds
2019-02-01T02:59:02.267+0000: 803108.272: Total time for which application threads were stopped: 0.0019082 seconds, Stopping threads took: 0.0000899 seconds
2019-02-01T02:59:02.986+0000: 803108.992: Application time: 0.7192563 seconds
2019-02-01T02:59:02.988+0000: 803108.994: [GC (Allocation Failure) 2019-02-01T02:59:02.992+0000: 803108.998: [SoftReference, 0 refs, 0.0000380 secs]2019-02-01T02:59:02.992+0000: 803108.998: [WeakReference, 6 refs, 0.0000144 secs]2019-02-01T02:59:02.992+0000: 803108.998: [FinalReference, 347 refs, 0.0001375 secs]2019-02-01T02:59:02.992+0000: 803108.998: [PhantomReference, 0 refs, 0 refs, 0.0000151 secs]2019-02-01T02:59:02.992+0000: 803108.998: [JNI Weak Reference, 0.0000208 secs]
Desired survivor size 7340032 bytes, new threshold 1 (max 15)
[PSYoungGen: 49120K->1966K(47104K)] 697594K->651511K(742400K), 0.0080506 secs] [Times: user=0.06 sys=0.01, real=0.00 secs] 
2019-02-01T02:59:02.996+0000: 803109.002: Total time for which application threads were stopped: 0.0100768 seconds, Stopping threads took: 0.0000328 seconds
2019-02-01T02:59:04.928+0000: 803110.934: Application time: 1.9325504 seconds
2019-02-01T02:59:04.931+0000: 803110.937: [GC (Allocation Failure) 2019-02-01T02:59:04.942+0000: 803110.947: [SoftReference, 0 refs, 0.0000380 secs]2019-02-01T02:59:04.942+0000: 803110.947: [WeakReference, 19 refs, 0.0000167 secs]2019-02-01T02:59:04.942+0000: 803110.947: [FinalReference, 335 refs, 0.0001518 secs]2019-02-01T02:59:04.942+0000: 803110.948: [PhantomReference, 0 refs, 0 refs, 0.0000147 secs]2019-02-01T02:59:04.942+0000: 803110.948: [JNI Weak Reference, 0.0000209 secs]
Desired survivor size 6815744 bytes, new threshold 1 (max 15)
[PSYoungGen: 47019K->3637K(50176K)] 696564K->654359K(745472K), 0.0140864 secs] [Times: user=0.21 sys=0.00, real=0.01 secs] 
2019-02-01T02:59:04.946+0000: 803110.951: Total time for which application threads were stopped: 0.0171087 seconds, Stopping threads took: 0.0000455 seconds
2019-02-01T02:59:05.884+0000: 803111.890: Application time: 0.9386891 seconds
2019-02-01T02:59:05.887+0000: 803111.892: [GC (Allocation Failure) 2019-02-01T02:59:05.890+0000: 803111.896: [SoftReference, 0 refs, 0.0000445 secs]2019-02-01T02:59:05.890+0000: 803111.896: [WeakReference, 16 refs, 0.0000279 secs]2019-02-01T02:59:05.890+0000: 803111.896: [FinalReference, 377 refs, 0.0001393 secs]2019-02-01T02:59:05.891+0000: 803111.896: [PhantomReference, 0 refs, 0 refs, 0.0000145 secs]2019-02-01T02:59:05.891+0000: 803111.896: [JNI Weak Reference, 0.0000213 secs]
Desired survivor size 6815744 bytes, new threshold 1 (max 15)
[PSYoungGen: 48181K->4447K(48640K)] 698903K->657078K(743936K), 0.0072915 secs] [Times: user=0.07 sys=0.00, real=0.01 secs] 
2019-02-01T02:59:05.894+0000: 803111.900: Total time for which application threads were stopped: 0.0096355 seconds, Stopping threads took: 0.0000470 seconds
2019-02-01T02:59:07.438+0000: 803113.444: Application time: 1.5442971 seconds
2019-02-01T02:59:07.441+0000: 803113.447: Total time for which application threads were stopped: 0.0027342 seconds, Stopping threads took: 0.0000570 seconds
2019-02-01T02:59:07.441+0000: 803113.447: Application time: 0.0001589 seconds
2019-02-01T02:59:07.443+0000: 803113.449: [GC (GCLocker Initiated GC) 2019-02-01T02:59:07.448+0000: 803113.453: [SoftReference, 0 refs, 0.0000438 secs]2019-02-01T02:59:07.448+0000: 803113.453: [WeakReference, 19 refs, 0.0000172 secs]2019-02-01T02:59:07.448+0000: 803113.453: [FinalReference, 280 refs, 0.0001706 secs]2019-02-01T02:59:07.448+0000: 803113.454: [PhantomReference, 0 refs, 0 refs, 0.0000145 secs]2019-02-01T02:59:07.448+0000: 803113.454: [JNI Weak Reference, 0.0000210 secs]
Desired survivor size 6815744 bytes, new threshold 1 (max 15)
[PSYoungGen: 48479K->3832K(49664K)] 701113K->657611K(744960K), 0.0082621 secs] [Times: user=0.07 sys=0.00, real=0.01 secs] 
2019-02-01T02:59:07.451+0000: 803113.457: Total time for which application threads were stopped: 0.0101684 seconds, Stopping threads took: 0.0000382 seconds
2019-02-01T02:59:08.618+0000: 803114.624: Application time: 1.1665686 seconds
2019-02-01T02:59:08.620+0000: 803114.626: [GC (Allocation Failure) 2019-02-01T02:59:08.628+0000: 803114.634: [SoftReference, 0 refs, 0.0000190 secs]2019-02-01T02:59:08.628+0000: 803114.634: [WeakReference, 16 refs, 0.0000094 secs]2019-02-01T02:59:08.628+0000: 803114.634: [FinalReference, 329 refs, 0.0000795 secs]2019-02-01T02:59:08.628+0000: 803114.634: [PhantomReference, 0 refs, 0 refs, 0.0000081 secs]2019-02-01T02:59:08.628+0000: 803114.634: [JNI Weak Reference, 0.0000135 secs]
Desired survivor size 6291456 bytes, new threshold 1 (max 15)
[PSYoungGen: 47352K->3151K(46592K)] 701151K->658236K(741888K), 0.0102023 secs] [Times: user=0.18 sys=0.00, real=0.01 secs] 
2019-02-01T02:59:08.631+0000: 803114.636: Total time for which application threads were stopped: 0.0127079 seconds, Stopping threads took: 0.0000512 seconds
2019-02-01T02:59:10.167+0000: 803116.173: Application time: 1.5366988 seconds
2019-02-01T02:59:10.170+0000: 803116.176: [GC (Allocation Failure) 2019-02-01T02:59:10.175+0000: 803116.181: [SoftReference, 0 refs, 0.0000343 secs]2019-02-01T02:59:10.175+0000: 803116.181: [WeakReference, 17 refs, 0.0000252 secs]2019-02-01T02:59:10.175+0000: 803116.181: [FinalReference, 306 refs, 0.0001618 secs]2019-02-01T02:59:10.175+0000: 803116.181: [PhantomReference, 0 refs, 0 refs, 0.0000140 secs]2019-02-01T02:59:10.175+0000: 803116.181: [JNI Weak Reference, 0.0000316 secs]
Desired survivor size 6291456 bytes, new threshold 1 (max 15)
[PSYoungGen: 46159K->2706K(48128K)] 701244K->658712K(743424K), 0.0086128 secs] [Times: user=0.07 sys=0.00, real=0.00 secs] 
2019-02-01T02:59:10.179+0000: 803116.185: Total time for which application threads were stopped: 0.0116682 seconds, Stopping threads took: 0.0000574 seconds
2019-02-01T02:59:11.402+0000: 803117.407: Application time: 1.2226477 seconds
2019-02-01T02:59:11.405+0000: 803117.410: [GC (Allocation Failure) 2019-02-01T02:59:11.413+0000: 803117.419: [SoftReference, 0 refs, 0.0000192 secs]2019-02-01T02:59:11.413+0000: 803117.419: [WeakReference, 10 refs, 0.0000092 secs]2019-02-01T02:59:11.413+0000: 803117.419: [FinalReference, 347 refs, 0.0000830 secs]2019-02-01T02:59:11.413+0000: 803117.419: [PhantomReference, 0 refs, 0 refs, 0.0000078 secs]2019-02-01T02:59:11.413+0000: 803117.419: [JNI Weak Reference, 0.0000130 secs]
Desired survivor size 6291456 bytes, new threshold 1 (max 15)
[PSYoungGen: 45202K->3634K(46080K)] 701208K->660175K(741376K), 0.0110593 secs] [Times: user=0.22 sys=0.00, real=0.01 secs] 
2019-02-01T02:59:11.416+0000: 803117.421: Total time for which application threads were stopped: 0.0140421 seconds, Stopping threads took: 0.0000392 seconds
2019-02-01T02:59:12.689+0000: 803118.695: Application time: 1.2738204 seconds
2019-02-01T02:59:12.692+0000: 803118.698: [GC (Allocation Failure) 2019-02-01T02:59:12.695+0000: 803118.701: [SoftReference, 0 refs, 0.0000304 secs]2019-02-01T02:59:12.696+0000: 803118.701: [WeakReference, 7 refs, 0.0000142 secs]2019-02-01T02:59:12.696+0000: 803118.701: [FinalReference, 274 refs, 0.0001050 secs]2019-02-01T02:59:12.696+0000: 803118.701: [PhantomReference, 0 refs, 0 refs, 0.0000141 secs]2019-02-01T02:59:12.696+0000: 803118.701: [JNI Weak Reference, 0.0000201 secs]
Desired survivor size 6291456 bytes, new threshold 1 (max 15)
[PSYoungGen: 45618K->2201K(47104K)] 702159K->659503K(742400K), 0.0068588 secs] [Times: user=0.07 sys=0.00, real=0.00 secs] 
2019-02-01T02:59:12.699+0000: 803118.705: Total time for which application threads were stopped: 0.0094976 seconds, Stopping threads took: 0.0000415 seconds
2019-02-01T02:59:13.821+0000: 803119.826: Application time: 1.1217112 seconds
2019-02-01T02:59:13.823+0000: 803119.829: [GC (Allocation Failure) 2019-02-01T02:59:13.827+0000: 803119.833: [SoftReference, 0 refs, 0.0000394 secs]2019-02-01T02:59:13.827+0000: 803119.833: [WeakReference, 21 refs, 0.0000179 secs]2019-02-01T02:59:13.827+0000: 803119.833: [FinalReference, 255 refs, 0.0000984 secs]2019-02-01T02:59:13.827+0000: 803119.833: [PhantomReference, 0 refs, 0 refs, 0.0000140 secs]2019-02-01T02:59:13.827+0000: 803119.833: [JNI Weak Reference, 0.0000215 secs]
Desired survivor size 6815744 bytes, new threshold 1 (max 15)
[PSYoungGen: 43673K->5985K(47104K)] 700975K->664066K(742400K), 0.0072556 secs] [Times: user=0.07 sys=0.00, real=0.01 secs] 
2019-02-01T02:59:13.831+0000: 803119.837: Total time for which application threads were stopped: 0.0100499 seconds, Stopping threads took: 0.0000422 seconds
2019-02-01T02:59:15.222+0000: 803121.228: Application time: 1.3912479 seconds
2019-02-01T02:59:15.224+0000: 803121.230: Total time for which application threads were stopped: 0.0022153 seconds, Stopping threads took: 0.0000789 seconds
2019-02-01T02:59:15.224+0000: 803121.230: Application time: 0.0001941 seconds
2019-02-01T02:59:15.226+0000: 803121.232: [GC (GCLocker Initiated GC) 2019-02-01T02:59:15.234+0000: 803121.240: [SoftReference, 0 refs, 0.0000260 secs]2019-02-01T02:59:15.234+0000: 803121.240: [WeakReference, 25 refs, 0.0000103 secs]2019-02-01T02:59:15.234+0000: 803121.240: [FinalReference, 319 refs, 0.0000834 secs]2019-02-01T02:59:15.234+0000: 803121.240: [PhantomReference, 0 refs, 0 refs, 0.0000080 secs]2019-02-01T02:59:15.234+0000: 803121.240: [JNI Weak Reference, 0.0000146 secs]
Desired survivor size 7340032 bytes, new threshold 1 (max 15)
[PSYoungGen: 46945K->5539K(47104K)] 705029K->665418K(742400K), 0.0100850 secs] [Times: user=0.21 sys=0.00, real=0.01 secs] 
2019-02-01T02:59:15.236+0000: 803121.242: Total time for which application threads were stopped: 0.0119060 seconds, Stopping threads took: 0.0000654 seconds
2019-02-01T02:59:16.188+0000: 803122.194: Application time: 0.9521688 seconds
2019-02-01T02:59:16.191+0000: 803122.197: [GC (Allocation Failure) 2019-02-01T02:59:16.197+0000: 803122.203: [SoftReference, 0 refs, 0.0000229 secs]2019-02-01T02:59:16.197+0000: 803122.203: [WeakReference, 6 refs, 0.0000089 secs]2019-02-01T02:59:16.197+0000: 803122.203: [FinalReference, 362 refs, 0.0001373 secs]2019-02-01T02:59:16.197+0000: 803122.203: [PhantomReference, 0 refs, 0 refs, 0.0000080 secs]2019-02-01T02:59:16.197+0000: 803122.203: [JNI Weak Reference, 0.0000135 secs]
Desired survivor size 7340032 bytes, new threshold 1 (max 15)
[PSYoungGen: 45987K->2751K(43008K)] 705868K->663862K(738304K), 0.0081373 secs] [Times: user=0.10 sys=0.00, real=0.00 secs] 
2019-02-01T02:59:16.199+0000: 803122.205: Total time for which application threads were stopped: 0.0106576 seconds, Stopping threads took: 0.0000710 seconds
2019-02-01T02:59:17.135+0000: 803123.141: Application time: 0.9361059 seconds
2019-02-01T02:59:17.138+0000: 803123.144: [GC (Allocation Failure) 2019-02-01T02:59:17.142+0000: 803123.148: [SoftReference, 0 refs, 0.0000331 secs]2019-02-01T02:59:17.142+0000: 803123.148: [WeakReference, 10 refs, 0.0000154 secs]2019-02-01T02:59:17.142+0000: 803123.148: [FinalReference, 393 refs, 0.0001331 secs]2019-02-01T02:59:17.142+0000: 803123.148: [PhantomReference, 0 refs, 0 refs, 0.0000146 secs]2019-02-01T02:59:17.142+0000: 803123.148: [JNI Weak Reference, 0.0000211 secs]
Desired survivor size 6815744 bytes, new threshold 1 (max 15)
[PSYoungGen: 42687K->3569K(45056K)] 703798K->665675K(740352K), 0.0078475 secs] [Times: user=0.10 sys=0.01, real=0.01 secs] 
2019-02-01T02:59:17.146+0000: 803123.152: Total time for which application threads were stopped: 0.0105644 seconds, Stopping threads took: 0.0000380 seconds
2019-02-01T02:59:18.675+0000: 803124.681: Application time: 1.5291090 seconds
2019-02-01T02:59:18.678+0000: 803124.683: [GC (Allocation Failure) 2019-02-01T02:59:18.681+0000: 803124.687: [SoftReference, 0 refs, 0.0000348 secs]2019-02-01T02:59:18.681+0000: 803124.687: [WeakReference, 11 refs, 0.0000163 secs]2019-02-01T02:59:18.681+0000: 803124.687: [FinalReference, 255 refs, 0.0001008 secs]2019-02-01T02:59:18.682+0000: 803124.687: [PhantomReference, 0 refs, 0 refs, 0.0000141 secs]2019-02-01T02:59:18.682+0000: 803124.687: [JNI Weak Reference, 0.0000212 secs]
Desired survivor size 6815744 bytes, new threshold 1 (max 15)
[PSYoungGen: 42993K->2311K(41472K)] 705099K->665754K(736768K), 0.0072602 secs] [Times: user=0.08 sys=0.00, real=0.01 secs] 
2019-02-01T02:59:18.685+0000: 803124.691: Total time for which application threads were stopped: 0.0100873 seconds, Stopping threads took: 0.0000416 seconds
2019-02-01T02:59:18.813+0000: 803124.818: Application time: 0.1276897 seconds
2019-02-01T02:59:18.815+0000: 803124.821: Total time for which application threads were stopped: 0.0021710 seconds, Stopping threads took: 0.0000957 seconds
2019-02-01T02:59:19.989+0000: 803125.995: Application time: 1.1738346 seconds
2019-02-01T02:59:19.991+0000: 803125.997: [GC (Allocation Failure) 2019-02-01T02:59:19.996+0000: 803126.001: [SoftReference, 0 refs, 0.0000407 secs]2019-02-01T02:59:19.996+0000: 803126.001: [WeakReference, 18 refs, 0.0000285 secs]2019-02-01T02:59:19.996+0000: 803126.001: [FinalReference, 295 refs, 0.0001162 secs]2019-02-01T02:59:19.996+0000: 803126.001: [PhantomReference, 0 refs, 0 refs, 0.0000144 secs]2019-02-01T02:59:19.996+0000: 803126.002: [JNI Weak Reference, 0.0000218 secs]
Desired survivor size 6815744 bytes, new threshold 1 (max 15)
[PSYoungGen: 41169K->3174K(44544K)] 704612K->667783K(739840K), 0.0079781 secs] [Times: user=0.07 sys=0.01, real=0.00 secs] 
2019-02-01T02:59:19.999+0000: 803126.005: Total time for which application threads were stopped: 0.0105598 seconds, Stopping threads took: 0.0001683 seconds
2019-02-01T02:59:21.841+0000: 803127.847: Application time: 1.8416782 seconds
2019-02-01T02:59:21.843+0000: 803127.849: [GC (Allocation Failure) 2019-02-01T02:59:21.847+0000: 803127.852: [SoftReference, 0 refs, 0.0000375 secs]2019-02-01T02:59:21.847+0000: 803127.853: [WeakReference, 18 refs, 0.0000176 secs]2019-02-01T02:59:21.847+0000: 803127.853: [FinalReference, 238 refs, 0.0001130 secs]2019-02-01T02:59:21.847+0000: 803127.853: [PhantomReference, 0 refs, 0 refs, 0.0000260 secs]2019-02-01T02:59:21.847+0000: 803127.853: [JNI Weak Reference, 0.0000265 secs]
Desired survivor size 6815744 bytes, new threshold 1 (max 15)
[PSYoungGen: 41574K->2230K(40448K)] 706183K->668323K(735744K), 0.0070332 secs] [Times: user=0.07 sys=0.00, real=0.00 secs] 
2019-02-01T02:59:21.850+0000: 803127.856: Total time for which application threads were stopped: 0.0091776 seconds, Stopping threads took: 0.0000407 seconds
2019-02-01T02:59:23.751+0000: 803129.757: Application time: 1.9011538 seconds
2019-02-01T02:59:23.754+0000: 803129.760: [GC (Allocation Failure) 2019-02-01T02:59:23.760+0000: 803129.766: [SoftReference, 0 refs, 0.0000537 secs]2019-02-01T02:59:23.761+0000: 803129.766: [WeakReference, 16 refs, 0.0000170 secs]2019-02-01T02:59:23.761+0000: 803129.766: [FinalReference, 296 refs, 0.0001092 secs]2019-02-01T02:59:23.761+0000: 803129.766: [PhantomReference, 0 refs, 0 refs, 0.0000145 secs]2019-02-01T02:59:23.761+0000: 803129.766: [JNI Weak Reference, 0.0000219 secs]
Desired survivor size 6291456 bytes, new threshold 1 (max 15)
[PSYoungGen: 40115K->2519K(42496K)] 706208K->669790K(737792K), 0.0101005 secs] [Times: user=0.16 sys=0.01, real=0.01 secs] 
2019-02-01T02:59:23.764+0000: 803129.770: Total time for which application threads were stopped: 0.0131637 seconds, Stopping threads took: 0.0000578 seconds
2019-02-01T02:59:25.322+0000: 803131.327: Application time: 1.5572216 seconds
2019-02-01T02:59:25.325+0000: 803131.331: [GC (Allocation Failure) 2019-02-01T02:59:25.329+0000: 803131.335: [SoftReference, 0 refs, 0.0000398 secs]2019-02-01T02:59:25.329+0000: 803131.335: [WeakReference, 10 refs, 0.0000158 secs]2019-02-01T02:59:25.329+0000: 803131.335: [FinalReference, 255 refs, 0.0001303 secs]2019-02-01T02:59:25.329+0000: 803131.335: [PhantomReference, 0 refs, 0 refs, 0.0000154 secs]2019-02-01T02:59:25.329+0000: 803131.335: [JNI Weak Reference, 0.0000220 secs]
Desired survivor size 6291456 bytes, new threshold 1 (max 15)
[PSYoungGen: 39891K->3597K(40960K)] 707162K->671850K(736256K), 0.0078057 secs] [Times: user=0.09 sys=0.01, real=0.01 secs] 
2019-02-01T02:59:25.333+0000: 803131.338: Total time for which application threads were stopped: 0.0109457 seconds, Stopping threads took: 0.0001107 seconds
2019-02-01T02:59:26.031+0000: 803132.037: Application time: 0.6988026 seconds
2019-02-01T02:59:26.034+0000: 803132.040: [GC (Allocation Failure) 2019-02-01T02:59:26.039+0000: 803132.045: [SoftReference, 0 refs, 0.0000441 secs]2019-02-01T02:59:26.039+0000: 803132.045: [WeakReference, 6 refs, 0.0000155 secs]2019-02-01T02:59:26.039+0000: 803132.045: [FinalReference, 362 refs, 0.0001601 secs]2019-02-01T02:59:26.039+0000: 803132.045: [PhantomReference, 0 refs, 0 refs, 0.0000143 secs]2019-02-01T02:59:26.039+0000: 803132.045: [JNI Weak Reference, 0.0000211 secs]
Desired survivor size 6815744 bytes, new threshold 1 (max 15)
[PSYoungGen: 40461K->5440K(42496K)] 708714K->676117K(737792K), 0.0082511 secs] [Times: user=0.07 sys=0.00, real=0.01 secs] 
2019-02-01T02:59:26.043+0000: 803132.049: Total time for which application threads were stopped: 0.0113570 seconds, Stopping threads took: 0.0000731 seconds
2019-02-01T02:59:27.895+0000: 803133.900: Application time: 1.8517064 seconds
2019-02-01T02:59:27.898+0000: 803133.903: [GC (Allocation Failure) 2019-02-01T02:59:27.902+0000: 803133.907: [SoftReference, 0 refs, 0.0000338 secs]2019-02-01T02:59:27.902+0000: 803133.907: [WeakReference, 13 refs, 0.0000159 secs]2019-02-01T02:59:27.902+0000: 803133.907: [FinalReference, 232 refs, 0.0001180 secs]2019-02-01T02:59:27.902+0000: 803133.908: [PhantomReference, 0 refs, 0 refs, 0.0000153 secs]2019-02-01T02:59:27.902+0000: 803133.908: [JNI Weak Reference, 0.0000215 secs]
Desired survivor size 6815744 bytes, new threshold 1 (max 15)
[PSYoungGen: 41792K->2523K(38400K)] 712469K->675099K(733696K), 0.0075033 secs] [Times: user=0.10 sys=0.00, real=0.01 secs] 
2019-02-01T02:59:27.905+0000: 803133.911: Total time for which application threads were stopped: 0.0105538 seconds, Stopping threads took: 0.0000511 seconds
2019-02-01T02:59:29.326+0000: 803135.332: Application time: 1.4212702 seconds
2019-02-01T02:59:29.329+0000: 803135.335: [GC (Allocation Failure) 2019-02-01T02:59:29.334+0000: 803135.339: [SoftReference, 0 refs, 0.0000226 secs]2019-02-01T02:59:29.334+0000: 803135.339: [WeakReference, 5 refs, 0.0000086 secs]2019-02-01T02:59:29.334+0000: 803135.339: [FinalReference, 229 refs, 0.0001977 secs]2019-02-01T02:59:29.334+0000: 803135.340: [PhantomReference, 0 refs, 0 refs, 0.0000162 secs]2019-02-01T02:59:29.334+0000: 803135.340: [JNI Weak Reference, 0.0000216 secs]
Desired survivor size 6291456 bytes, new threshold 1 (max 15)
[PSYoungGen: 38363K->3004K(40448K)] 710939K->676845K(735744K), 0.0069805 secs] [Times: user=0.08 sys=0.00, real=0.01 secs] 
2019-02-01T02:59:29.336+0000: 803135.342: Total time for which application threads were stopped: 0.0100140 seconds, Stopping threads took: 0.0001065 seconds
2019-02-01T02:59:30.350+0000: 803136.356: Application time: 1.0133904 seconds
2019-02-01T02:59:30.352+0000: 803136.357: [GC (Allocation Failure) 2019-02-01T02:59:30.361+0000: 803136.367: [SoftReference, 0 refs, 0.0000199 secs]2019-02-01T02:59:30.361+0000: 803136.367: [WeakReference, 3 refs, 0.0000083 secs]2019-02-01T02:59:30.361+0000: 803136.367: [FinalReference, 282 refs, 0.0000864 secs]2019-02-01T02:59:30.361+0000: 803136.367: [PhantomReference, 0 refs, 0 refs, 0.0000082 secs]2019-02-01T02:59:30.361+0000: 803136.367: [JNI Weak Reference, 0.0000123 secs]
Desired survivor size 6815744 bytes, new threshold 1 (max 15)
[PSYoungGen: 38332K->986K(40960K)] 712173K->675161K(736256K), 0.0113503 secs] [Times: user=0.12 sys=0.01, real=0.02 secs] 
2019-02-01T02:59:30.363+0000: 803136.369: Total time for which application threads were stopped: 0.0132462 seconds, Stopping threads took: 0.0000365 seconds
2019-02-01T02:59:31.378+0000: 803137.384: Application time: 1.0153185 seconds
2019-02-01T02:59:31.381+0000: 803137.387: [GC (Allocation Failure) 2019-02-01T02:59:31.384+0000: 803137.390: [SoftReference, 0 refs, 0.0000210 secs]2019-02-01T02:59:31.384+0000: 803137.390: [WeakReference, 4 refs, 0.0000079 secs]2019-02-01T02:59:31.384+0000: 803137.390: [FinalReference, 297 refs, 0.0000764 secs]2019-02-01T02:59:31.384+0000: 803137.390: [PhantomReference, 0 refs, 0 refs, 0.0000085 secs]2019-02-01T02:59:31.384+0000: 803137.390: [JNI Weak Reference, 0.0000132 secs]
Desired survivor size 6815744 bytes, new threshold 1 (max 15)
[PSYoungGen: 35802K->1671K(40448K)] 709977K->676416K(735744K), 0.0051738 secs] [Times: user=0.07 sys=0.00, real=0.01 secs] 
2019-02-01T02:59:31.386+0000: 803137.392: Total time for which application threads were stopped: 0.0080898 seconds, Stopping threads took: 0.0000775 seconds
2019-02-01T02:59:32.574+0000: 803138.580: Application time: 1.1879142 seconds
2019-02-01T02:59:32.577+0000: 803138.582: [GC (Allocation Failure) 2019-02-01T02:59:32.583+0000: 803138.589: [SoftReference, 0 refs, 0.0000226 secs]2019-02-01T02:59:32.583+0000: 803138.589: [WeakReference, 7 refs, 0.0000087 secs]2019-02-01T02:59:32.583+0000: 803138.589: [FinalReference, 217 refs, 0.0000705 secs]2019-02-01T02:59:32.583+0000: 803138.589: [PhantomReference, 0 refs, 0 refs, 0.0000081 secs]2019-02-01T02:59:32.583+0000: 803138.589: [JNI Weak Reference, 0.0000142 secs]
Desired survivor size 6291456 bytes, new threshold 1 (max 15)
[PSYoungGen: 35975K->2262K(36352K)] 710720K->677596K(731648K), 0.0089175 secs] [Times: user=0.16 sys=0.00, real=0.01 secs] 
2019-02-01T02:59:32.585+0000: 803138.591: Total time for which application threads were stopped: 0.0111111 seconds, Stopping threads took: 0.0000354 seconds
2019-02-01T02:59:34.081+0000: 803140.087: Application time: 1.4955860 seconds
2019-02-01T02:59:34.084+0000: 803140.089: Total time for which application threads were stopped: 0.0025386 seconds, Stopping threads took: 0.0000478 seconds
2019-02-01T02:59:34.084+0000: 803140.089: Application time: 0.0000763 seconds
2019-02-01T02:59:34.085+0000: 803140.091: [GC (GCLocker Initiated GC) 2019-02-01T02:59:34.094+0000: 803140.100: [SoftReference, 0 refs, 0.0000403 secs]2019-02-01T02:59:34.094+0000: 803140.100: [WeakReference, 8 refs, 0.0000187 secs]2019-02-01T02:59:34.094+0000: 803140.100: [FinalReference, 176 refs, 0.0000696 secs]2019-02-01T02:59:34.094+0000: 803140.100: [PhantomReference, 0 refs, 0 refs, 0.0000080 secs]2019-02-01T02:59:34.094+0000: 803140.100: [JNI Weak Reference, 0.0000134 secs]
Desired survivor size 6291456 bytes, new threshold 1 (max 15)
[PSYoungGen: 36054K->2247K(38912K)] 711389K->678283K(734208K), 0.0107733 secs] [Times: user=0.23 sys=0.00, real=0.01 secs] 
2019-02-01T02:59:34.096+0000: 803140.102: Total time for which application threads were stopped: 0.0126047 seconds, Stopping threads took: 0.0000252 seconds
2019-02-01T02:59:35.216+0000: 803141.221: Application time: 1.1194187 seconds
2019-02-01T02:59:35.218+0000: 803141.224: Total time for which application threads were stopped: 0.0023822 seconds, Stopping threads took: 0.0000440 seconds
2019-02-01T02:59:35.218+0000: 803141.224: Application time: 0.0001301 seconds
2019-02-01T02:59:35.220+0000: 803141.226: [GC (GCLocker Initiated GC) 2019-02-01T02:59:35.224+0000: 803141.230: [SoftReference, 0 refs, 0.0000377 secs]2019-02-01T02:59:35.224+0000: 803141.230: [WeakReference, 10 refs, 0.0000159 secs]2019-02-01T02:59:35.224+0000: 803141.230: [FinalReference, 264 refs, 0.0001272 secs]2019-02-01T02:59:35.225+0000: 803141.230: [PhantomReference, 0 refs, 0 refs, 0.0000147 secs]2019-02-01T02:59:35.225+0000: 803141.230: [JNI Weak Reference, 0.0000253 secs]
Desired survivor size 6291456 bytes, new threshold 1 (max 15)
[PSYoungGen: 35527K->4017K(36864K)] 711568K->680975K(732160K), 0.0079535 secs] [Times: user=0.09 sys=0.00, real=0.01 secs] 
2019-02-01T02:59:35.228+0000: 803141.234: Total time for which application threads were stopped: 0.0098302 seconds, Stopping threads took: 0.0000288 seconds
2019-02-01T02:59:36.400+0000: 803142.406: Application time: 1.1719418 seconds
2019-02-01T02:59:36.403+0000: 803142.408: [GC (Allocation Failure) 2019-02-01T02:59:36.407+0000: 803142.413: [SoftReference, 0 refs, 0.0000219 secs]2019-02-01T02:59:36.407+0000: 803142.413: [WeakReference, 10 refs, 0.0000096 secs]2019-02-01T02:59:36.407+0000: 803142.413: [FinalReference, 227 refs, 0.0000713 secs]2019-02-01T02:59:36.407+0000: 803142.413: [PhantomReference, 0 refs, 0 refs, 0.0000082 secs]2019-02-01T02:59:36.407+0000: 803142.413: [JNI Weak Reference, 0.0000166 secs]
Desired survivor size 6291456 bytes, new threshold 1 (max 15)
[PSYoungGen: 36785K->2441K(37888K)] 713746K->679936K(733184K), 0.0065928 secs] [Times: user=0.07 sys=0.00, real=0.00 secs] 
2019-02-01T02:59:36.409+0000: 803142.415: Total time for which application threads were stopped: 0.0091796 seconds, Stopping threads took: 0.0000522 seconds
2019-02-01T02:59:37.186+0000: 803143.192: Application time: 0.7766140 seconds
2019-02-01T02:59:37.188+0000: 803143.194: [GC (Allocation Failure) 2019-02-01T02:59:37.196+0000: 803143.201: [SoftReference, 0 refs, 0.0000368 secs]2019-02-01T02:59:37.196+0000: 803143.201: [WeakReference, 7 refs, 0.0000154 secs]2019-02-01T02:59:37.196+0000: 803143.201: [FinalReference, 286 refs, 0.0001494 secs]2019-02-01T02:59:37.196+0000: 803143.202: [PhantomReference, 0 refs, 0 refs, 0.0000157 secs]2019-02-01T02:59:37.196+0000: 803143.202: [JNI Weak Reference, 0.0000204 secs]
Desired survivor size 6291456 bytes, new threshold 1 (max 15)
[PSYoungGen: 34697K->3431K(35328K)] 712192K->681380K(730624K), 0.0110678 secs] [Times: user=0.21 sys=0.00, real=0.01 secs] 
2019-02-01T02:59:37.199+0000: 803143.205: Total time for which application threads were stopped: 0.0132462 seconds, Stopping threads took: 0.0001096 seconds
2019-02-01T02:59:38.480+0000: 803144.486: Application time: 1.2810177 seconds
2019-02-01T02:59:38.483+0000: 803144.488: Total time for which application threads were stopped: 0.0025157 seconds, Stopping threads took: 0.0000519 seconds
2019-02-01T02:59:38.483+0000: 803144.489: Application time: 0.0001947 seconds
2019-02-01T02:59:38.485+0000: 803144.490: [GC (GCLocker Initiated GC) 2019-02-01T02:59:38.492+0000: 803144.498: [SoftReference, 0 refs, 0.0000258 secs]2019-02-01T02:59:38.492+0000: 803144.498: [WeakReference, 8 refs, 0.0000171 secs]2019-02-01T02:59:38.492+0000: 803144.498: [FinalReference, 160 refs, 0.0000666 secs]2019-02-01T02:59:38.492+0000: 803144.498: [PhantomReference, 0 refs, 0 refs, 0.0000085 secs]2019-02-01T02:59:38.492+0000: 803144.498: [JNI Weak Reference, 0.0000131 secs]
Desired survivor size 5767168 bytes, new threshold 1 (max 15)
[PSYoungGen: 35175K->2565K(35840K)] 713130K->681437K(731136K), 0.0100194 secs] [Times: user=0.20 sys=0.00, real=0.01 secs] 
2019-02-01T02:59:38.495+0000: 803144.500: Total time for which application threads were stopped: 0.0119028 seconds, Stopping threads took: 0.0000250 seconds
2019-02-01T02:59:39.843+0000: 803145.848: Application time: 1.3478662 seconds
2019-02-01T02:59:39.845+0000: 803145.850: [GC (Allocation Failure) 2019-02-01T02:59:39.849+0000: 803145.854: [SoftReference, 0 refs, 0.0000369 secs]2019-02-01T02:59:39.849+0000: 803145.854: [WeakReference, 7 refs, 0.0000151 secs]2019-02-01T02:59:39.849+0000: 803145.854: [FinalReference, 219 refs, 0.0001412 secs]2019-02-01T02:59:39.849+0000: 803145.855: [PhantomReference, 0 refs, 0 refs, 0.0000156 secs]2019-02-01T02:59:39.849+0000: 803145.855: [JNI Weak Reference, 0.0000213 secs]
Desired survivor size 5767168 bytes, new threshold 1 (max 15)
[PSYoungGen: 33797K->2448K(33280K)] 712714K->682317K(728576K), 0.0074017 secs] [Times: user=0.08 sys=0.00, real=0.00 secs] 
2019-02-01T02:59:39.852+0000: 803145.858: Total time for which application threads were stopped: 0.0095467 seconds, Stopping threads took: 0.0000353 seconds
2019-02-01T02:59:41.466+0000: 803147.471: Application time: 1.6134900 seconds
2019-02-01T02:59:41.469+0000: 803147.474: [GC (Allocation Failure) 2019-02-01T02:59:41.473+0000: 803147.479: [SoftReference, 0 refs, 0.0000379 secs]2019-02-01T02:59:41.473+0000: 803147.479: [WeakReference, 6 refs, 0.0000146 secs]2019-02-01T02:59:41.473+0000: 803147.479: [FinalReference, 167 refs, 0.0000687 secs]2019-02-01T02:59:41.473+0000: 803147.479: [PhantomReference, 0 refs, 0 refs, 0.0000143 secs]2019-02-01T02:59:41.473+0000: 803147.479: [JNI Weak Reference, 0.0000217 secs]
Desired survivor size 5242880 bytes, new threshold 1 (max 15)
[PSYoungGen: 33168K->2577K(34304K)] 713037K->683083K(729600K), 0.0082869 secs] [Times: user=0.07 sys=0.00, real=0.01 secs] 
2019-02-01T02:59:41.477+0000: 803147.483: Total time for which application threads were stopped: 0.0113734 seconds, Stopping threads took: 0.0000538 seconds
2019-02-01T02:59:42.352+0000: 803148.358: Application time: 0.8754896 seconds
2019-02-01T02:59:42.355+0000: 803148.361: Total time for which application threads were stopped: 0.0024550 seconds, Stopping threads took: 0.0000441 seconds
2019-02-01T02:59:42.355+0000: 803148.361: Application time: 0.0001009 seconds
2019-02-01T02:59:42.357+0000: 803148.363: [GC (GCLocker Initiated GC) 2019-02-01T02:59:42.362+0000: 803148.367: [SoftReference, 0 refs, 0.0000355 secs]2019-02-01T02:59:42.362+0000: 803148.368: [WeakReference, 14 refs, 0.0000317 secs]2019-02-01T02:59:42.362+0000: 803148.368: [FinalReference, 267 refs, 0.0001480 secs]2019-02-01T02:59:42.362+0000: 803148.368: [PhantomReference, 0 refs, 0 refs, 0.0000147 secs]2019-02-01T02:59:42.362+0000: 803148.368: [JNI Weak Reference, 0.0000215 secs]
Desired survivor size 5767168 bytes, new threshold 1 (max 15)
[PSYoungGen: 32785K->3907K(34816K)] 713291K->685798K(730112K), 0.0082342 secs] [Times: user=0.07 sys=0.00, real=0.01 secs] 
2019-02-01T02:59:42.365+0000: 803148.371: Total time for which application threads were stopped: 0.0101691 seconds, Stopping threads took: 0.0000381 seconds
2019-02-01T02:59:43.450+0000: 803149.455: Application time: 1.0844822 seconds
2019-02-01T02:59:43.452+0000: 803149.458: [GC (Allocation Failure) 2019-02-01T02:59:43.456+0000: 803149.462: [SoftReference, 0 refs, 0.0000252 secs]2019-02-01T02:59:43.456+0000: 803149.462: [WeakReference, 8 refs, 0.0000089 secs]2019-02-01T02:59:43.456+0000: 803149.462: [FinalReference, 189 refs, 0.0000597 secs]2019-02-01T02:59:43.456+0000: 803149.462: [PhantomReference, 0 refs, 0 refs, 0.0000082 secs]2019-02-01T02:59:43.456+0000: 803149.462: [JNI Weak Reference, 0.0000250 secs]
Desired survivor size 5242880 bytes, new threshold 1 (max 15)
[PSYoungGen: 33603K->3072K(33280K)] 715496K->686216K(728576K), 0.0062185 secs] [Times: user=0.07 sys=0.00, real=0.01 secs] 
2019-02-01T02:59:43.458+0000: 803149.464: Total time for which application threads were stopped: 0.0086192 seconds, Stopping threads took: 0.0000779 seconds
2019-02-01T02:59:43.814+0000: 803149.819: Application time: 0.3552264 seconds
2019-02-01T02:59:43.817+0000: 803149.823: Total time for which application threads were stopped: 0.0038382 seconds, Stopping threads took: 0.0000791 seconds
2019-02-01T02:59:44.623+0000: 803150.629: Application time: 0.8057684 seconds
2019-02-01T02:59:44.625+0000: 803150.631: [GC (Allocation Failure) 2019-02-01T02:59:44.629+0000: 803150.635: [SoftReference, 0 refs, 0.0000380 secs]2019-02-01T02:59:44.629+0000: 803150.635: [WeakReference, 9 refs, 0.0000151 secs]2019-02-01T02:59:44.629+0000: 803150.635: [FinalReference, 234 refs, 0.0001048 secs]2019-02-01T02:59:44.629+0000: 803150.635: [PhantomReference, 0 refs, 0 refs, 0.0000147 secs]2019-02-01T02:59:44.629+0000: 803150.635: [JNI Weak Reference, 0.0000326 secs]
Desired survivor size 5242880 bytes, new threshold 1 (max 15)
[PSYoungGen: 32256K->2421K(34304K)] 715400K->687021K(729600K), 0.0074843 secs] [Times: user=0.07 sys=0.01, real=0.00 secs] 
2019-02-01T02:59:44.633+0000: 803150.638: Total time for which application threads were stopped: 0.0094893 seconds, Stopping threads took: 0.0000668 seconds
2019-02-01T02:59:45.823+0000: 803151.829: Application time: 1.1905590 seconds
2019-02-01T02:59:45.826+0000: 803151.831: Total time for which application threads were stopped: 0.0023241 seconds, Stopping threads took: 0.0000453 seconds
2019-02-01T02:59:45.826+0000: 803151.831: Application time: 0.0000921 seconds
2019-02-01T02:59:45.827+0000: 803151.833: [GC (GCLocker Initiated GC) 2019-02-01T02:59:45.831+0000: 803151.837: [SoftReference, 0 refs, 0.0000389 secs]2019-02-01T02:59:45.832+0000: 803151.837: [WeakReference, 12 refs, 0.0000163 secs]2019-02-01T02:59:45.832+0000: 803151.837: [FinalReference, 240 refs, 0.0001093 secs]2019-02-01T02:59:45.832+0000: 803151.837: [PhantomReference, 0 refs, 0 refs, 0.0000143 secs]2019-02-01T02:59:45.832+0000: 803151.837: [JNI Weak Reference, 0.0000248 secs]
Desired survivor size 5242880 bytes, new threshold 1 (max 15)
[PSYoungGen: 31605K->3205K(34304K)] 716205K->688434K(729600K), 0.0076017 secs] [Times: user=0.08 sys=0.01, real=0.01 secs] 
2019-02-01T02:59:45.835+0000: 803151.841: Total time for which application threads were stopped: 0.0094602 seconds, Stopping threads took: 0.0000251 seconds
2019-02-01T02:59:46.790+0000: 803152.795: Application time: 0.9545757 seconds
2019-02-01T02:59:46.792+0000: 803152.798: Total time for which application threads were stopped: 0.0023388 seconds, Stopping threads took: 0.0000694 seconds
2019-02-01T02:59:46.792+0000: 803152.798: Application time: 0.0001243 seconds
2019-02-01T02:59:46.794+0000: 803152.799: Total time for which application threads were stopped: 0.0013815 seconds, Stopping threads took: 0.0000303 seconds
2019-02-01T02:59:46.794+0000: 803152.799: Application time: 0.0000421 seconds
2019-02-01T02:59:46.795+0000: 803152.800: [GC (GCLocker Initiated GC) 2019-02-01T02:59:46.800+0000: 803152.806: [SoftReference, 0 refs, 0.0000471 secs]2019-02-01T02:59:46.800+0000: 803152.806: [WeakReference, 10 refs, 0.0000189 secs]2019-02-01T02:59:46.800+0000: 803152.806: [FinalReference, 217 refs, 0.0001013 secs]2019-02-01T02:59:46.800+0000: 803152.806: [PhantomReference, 0 refs, 0 refs, 0.0000082 secs]2019-02-01T02:59:46.800+0000: 803152.806: [JNI Weak Reference, 0.0000133 secs]
Desired survivor size 5242880 bytes, new threshold 1 (max 15)
[PSYoungGen: 32389K->4116K(34304K)] 717622K->689946K(729600K), 0.0077608 secs] [Times: user=0.11 sys=0.00, real=0.01 secs] 
2019-02-01T02:59:46.802+0000: 803152.808: Total time for which application threads were stopped: 0.0088372 seconds, Stopping threads took: 0.0000336 seconds
2019-02-01T02:59:47.581+0000: 803153.587: Application time: 0.7783177 seconds
2019-02-01T02:59:47.583+0000: 803153.588: [GC (Allocation Failure) 2019-02-01T02:59:47.587+0000: 803153.593: [SoftReference, 0 refs, 0.0000413 secs]2019-02-01T02:59:47.587+0000: 803153.593: [WeakReference, 16 refs, 0.0000186 secs]2019-02-01T02:59:47.587+0000: 803153.593: [FinalReference, 237 refs, 0.0001209 secs]2019-02-01T02:59:47.587+0000: 803153.593: [PhantomReference, 0 refs, 0 refs, 0.0000151 secs]2019-02-01T02:59:47.587+0000: 803153.593: [JNI Weak Reference, 0.0000209 secs]
Desired survivor size 5767168 bytes, new threshold 1 (max 15)
[PSYoungGen: 33300K->4672K(33792K)] 719133K->691417K(729088K), 0.0078943 secs] [Times: user=0.07 sys=0.01, real=0.01 secs] 
2019-02-01T02:59:47.591+0000: 803153.596: Total time for which application threads were stopped: 0.0098640 seconds, Stopping threads took: 0.0000520 seconds
2019-02-01T02:59:48.313+0000: 803154.319: Application time: 0.7228376 seconds
2019-02-01T02:59:48.316+0000: 803154.321: [GC (Allocation Failure) 2019-02-01T02:59:48.319+0000: 803154.325: [SoftReference, 0 refs, 0.0000385 secs]2019-02-01T02:59:48.319+0000: 803154.325: [WeakReference, 10 refs, 0.0000161 secs]2019-02-01T02:59:48.319+0000: 803154.325: [FinalReference, 225 refs, 0.0000917 secs]2019-02-01T02:59:48.319+0000: 803154.325: [PhantomReference, 0 refs, 0 refs, 0.0000143 secs]2019-02-01T02:59:48.319+0000: 803154.325: [JNI Weak Reference, 0.0000223 secs]
Desired survivor size 6291456 bytes, new threshold 1 (max 15)
[PSYoungGen: 33344K->5133K(34304K)] 720089K->694956K(729600K), 0.0069405 secs] [Times: user=0.07 sys=0.00, real=0.00 secs] 
2019-02-01T02:59:48.323+0000: 803154.328: Total time for which application threads were stopped: 0.0090977 seconds, Stopping threads took: 0.0000910 seconds
2019-02-01T02:59:49.133+0000: 803155.139: Application time: 0.8104032 seconds
2019-02-01T02:59:49.135+0000: 803155.141: [GC (Allocation Failure) 2019-02-01T02:59:49.139+0000: 803155.145: [SoftReference, 0 refs, 0.0000329 secs]2019-02-01T02:59:49.139+0000: 803155.145: [WeakReference, 3 refs, 0.0000136 secs]2019-02-01T02:59:49.139+0000: 803155.145: [FinalReference, 252 refs, 0.0001308 secs]2019-02-01T02:59:49.139+0000: 803155.145: [PhantomReference, 0 refs, 0 refs, 0.0000141 secs]2019-02-01T02:59:49.139+0000: 803155.145: [JNI Weak Reference, 0.0000208 secs]
Desired survivor size 6291456 bytes, new threshold 1 (max 15)
[PSYoungGen: 33805K->1856K(34816K)] 723628K->692375K(730112K), 0.0070743 secs] [Times: user=0.09 sys=0.00, real=0.00 secs] 
2019-02-01T02:59:49.142+0000: 803155.148: Total time for which application threads were stopped: 0.0093428 seconds, Stopping threads took: 0.0000404 seconds
2019-02-01T02:59:50.455+0000: 803156.461: Application time: 1.3124918 seconds
2019-02-01T02:59:50.458+0000: 803156.464: [GC (Allocation Failure) 2019-02-01T02:59:50.461+0000: 803156.467: [SoftReference, 0 refs, 0.0000237 secs]2019-02-01T02:59:50.461+0000: 803156.467: [WeakReference, 11 refs, 0.0000096 secs]2019-02-01T02:59:50.461+0000: 803156.467: [FinalReference, 234 refs, 0.0000608 secs]2019-02-01T02:59:50.461+0000: 803156.467: [PhantomReference, 0 refs, 0 refs, 0.0000080 secs]2019-02-01T02:59:50.461+0000: 803156.467: [JNI Weak Reference, 0.0000133 secs]
Desired survivor size 6291456 bytes, new threshold 1 (max 15)
[PSYoungGen: 30468K->2216K(34816K)] 720987K->693770K(730112K), 0.0057250 secs] [Times: user=0.08 sys=0.00, real=0.00 secs] 
2019-02-01T02:59:50.464+0000: 803156.469: Total time for which application threads were stopped: 0.0087597 seconds, Stopping threads took: 0.0000603 seconds
2019-02-01T02:59:51.352+0000: 803157.358: Application time: 0.8884127 seconds
2019-02-01T02:59:51.354+0000: 803157.360: [GC (Allocation Failure) 2019-02-01T02:59:51.359+0000: 803157.365: [SoftReference, 0 refs, 0.0000358 secs]2019-02-01T02:59:51.359+0000: 803157.365: [WeakReference, 10 refs, 0.0000156 secs]2019-02-01T02:59:51.359+0000: 803157.365: [FinalReference, 220 refs, 0.0001166 secs]2019-02-01T02:59:51.359+0000: 803157.365: [PhantomReference, 0 refs, 0 refs, 0.0000154 secs]2019-02-01T02:59:51.359+0000: 803157.365: [JNI Weak Reference, 0.0000309 secs]
Desired survivor size 6291456 bytes, new threshold 1 (max 15)
[PSYoungGen: 30888K->4319K(34816K)] 722442K->696601K(730112K), 0.0078646 secs] [Times: user=0.09 sys=0.00, real=0.01 secs] 
2019-02-01T02:59:51.362+0000: 803157.368: Total time for which application threads were stopped: 0.0101839 seconds, Stopping threads took: 0.0000379 seconds
2019-02-01T02:59:52.099+0000: 803158.104: Application time: 0.7364734 seconds
2019-02-01T02:59:52.101+0000: 803158.107: [GC (Allocation Failure) 2019-02-01T02:59:52.105+0000: 803158.111: [SoftReference, 0 refs, 0.0000270 secs]2019-02-01T02:59:52.105+0000: 803158.111: [WeakReference, 14 refs, 0.0000098 secs]2019-02-01T02:59:52.105+0000: 803158.111: [FinalReference, 245 refs, 0.0000808 secs]2019-02-01T02:59:52.105+0000: 803158.111: [PhantomReference, 0 refs, 0 refs, 0.0000080 secs]2019-02-01T02:59:52.105+0000: 803158.111: [JNI Weak Reference, 0.0000139 secs]
Desired survivor size 6291456 bytes, new threshold 1 (max 15)
[PSYoungGen: 32991K->3313K(34816K)] 725273K->698088K(730112K), 0.0064200 secs] [Times: user=0.07 sys=0.01, real=0.01 secs] 
2019-02-01T02:59:52.107+0000: 803158.113: [Full GC (Ergonomics) 2019-02-01T02:59:52.153+0000: 803158.159: [SoftReference, 191 refs, 0.0000874 secs]2019-02-01T02:59:52.153+0000: 803158.159: [WeakReference, 2370 refs, 0.0003101 secs]2019-02-01T02:59:52.153+0000: 803158.159: [FinalReference, 1090 refs, 0.0004970 secs]2019-02-01T02:59:52.154+0000: 803158.160: [PhantomReference, 0 refs, 137 refs, 0.0000264 secs]2019-02-01T02:59:52.154+0000: 803158.160: [JNI Weak Reference, 0.0000306 secs][PSYoungGen: 3313K->0K(34816K)] [ParOldGen: 694775K->640527K(698368K)] 698088K->640527K(733184K), [Metaspace: 75215K->75215K(1118208K)], 0.1506483 secs] [Times: user=2.47 sys=0.00, real=0.15 secs] 
2019-02-01T02:59:52.258+0000: 803158.264: Total time for which application threads were stopped: 0.1594361 seconds, Stopping threads took: 0.0001027 seconds
2019-02-01T02:59:52.685+0000: 803158.690: Application time: 0.4264935 seconds
2019-02-01T02:59:52.688+0000: 803158.693: Total time for which application threads were stopped: 0.0029661 seconds, Stopping threads took: 0.0000565 seconds
2019-02-01T02:59:52.688+0000: 803158.694: Application time: 0.0001691 seconds
2019-02-01T02:59:52.690+0000: 803158.695: [GC (GCLocker Initiated GC) 2019-02-01T02:59:52.693+0000: 803158.699: [SoftReference, 0 refs, 0.0000435 secs]2019-02-01T02:59:52.693+0000: 803158.699: [WeakReference, 14 refs, 0.0000157 secs]2019-02-01T02:59:52.693+0000: 803158.699: [FinalReference, 194 refs, 0.0000895 secs]2019-02-01T02:59:52.694+0000: 803158.699: [PhantomReference, 0 refs, 0 refs, 0.0000151 secs]2019-02-01T02:59:52.694+0000: 803158.699: [JNI Weak Reference, 0.0000219 secs]
Desired survivor size 6291456 bytes, new threshold 1 (max 15)
[PSYoungGen: 28667K->4190K(34816K)] 669202K->644725K(733184K), 0.0072452 secs] [Times: user=0.06 sys=0.01, real=0.01 secs] 
2019-02-01T02:59:52.697+0000: 803158.703: Total time for which application threads were stopped: 0.0092947 seconds, Stopping threads took: 0.0000666 seconds
2019-02-01T02:59:53.592+0000: 803159.598: Application time: 0.8947761 seconds
2019-02-01T02:59:53.595+0000: 803159.601: [GC (Allocation Failure) 2019-02-01T02:59:53.600+0000: 803159.606: [SoftReference, 0 refs, 0.0000428 secs]2019-02-01T02:59:53.600+0000: 803159.606: [WeakReference, 14 refs, 0.0000167 secs]2019-02-01T02:59:53.600+0000: 803159.606: [FinalReference, 231 refs, 0.0000960 secs]2019-02-01T02:59:53.600+0000: 803159.606: [PhantomReference, 0 refs, 0 refs, 0.0000144 secs]2019-02-01T02:59:53.600+0000: 803159.606: [JNI Weak Reference, 0.0000214 secs]
Desired survivor size 6291456 bytes, new threshold 1 (max 15)
[PSYoungGen: 32862K->3232K(34816K)] 673399K->646245K(733184K), 0.0080501 secs] [Times: user=0.09 sys=0.00, real=0.01 secs] 
2019-02-01T02:59:53.603+0000: 803159.609: Total time for which application threads were stopped: 0.0114998 seconds, Stopping threads took: 0.0000452 seconds
2019-02-01T02:59:54.530+0000: 803160.536: Application time: 0.9266618 seconds
2019-02-01T02:59:54.533+0000: 803160.539: [GC (Allocation Failure) 2019-02-01T02:59:54.538+0000: 803160.544: [SoftReference, 0 refs, 0.0000628 secs]2019-02-01T02:59:54.538+0000: 803160.544: [WeakReference, 19 refs, 0.0000188 secs]2019-02-01T02:59:54.538+0000: 803160.544: [FinalReference, 208 refs, 0.0001157 secs]2019-02-01T02:59:54.539+0000: 803160.544: [PhantomReference, 0 refs, 0 refs, 0.0000146 secs]2019-02-01T02:59:54.539+0000: 803160.544: [JNI Weak Reference, 0.0000226 secs]
Desired survivor size 5767168 bytes, new threshold 1 (max 15)
[PSYoungGen: 31866K->3851K(39936K)] 674879K->648578K(738304K), 0.0089226 secs] [Times: user=0.07 sys=0.05, real=0.01 secs] 
2019-02-01T02:59:54.542+0000: 803160.548: Total time for which application threads were stopped: 0.0121759 seconds, Stopping threads took: 0.0000680 seconds
2019-02-01T02:59:55.782+0000: 803161.788: Application time: 1.2397115 seconds
2019-02-01T02:59:55.785+0000: 803161.791: [GC (Allocation Failure) 2019-02-01T02:59:55.789+0000: 803161.795: [SoftReference, 0 refs, 0.0000419 secs]2019-02-01T02:59:55.789+0000: 803161.795: [WeakReference, 24 refs, 0.0000176 secs]2019-02-01T02:59:55.789+0000: 803161.795: [FinalReference, 225 refs, 0.0001345 secs]2019-02-01T02:59:55.789+0000: 803161.795: [PhantomReference, 0 refs, 0 refs, 0.0000146 secs]2019-02-01T02:59:55.789+0000: 803161.795: [JNI Weak Reference, 0.0000252 secs]
Desired survivor size 5767168 bytes, new threshold 1 (max 15)
[PSYoungGen: 38155K->3436K(37376K)] 682882K->649654K(735744K), 0.0074458 secs] [Times: user=0.08 sys=0.00, real=0.01 secs] 
2019-02-01T02:59:55.793+0000: 803161.798: Total time for which application threads were stopped: 0.0107419 seconds, Stopping threads took: 0.0000633 seconds
2019-02-01T02:59:56.797+0000: 803162.803: Application time: 1.0047626 seconds
2019-02-01T02:59:56.799+0000: 803162.805: [GC (Allocation Failure) 2019-02-01T02:59:56.804+0000: 803162.810: [SoftReference, 0 refs, 0.0000365 secs]2019-02-01T02:59:56.804+0000: 803162.810: [WeakReference, 14 refs, 0.0000169 secs]2019-02-01T02:59:56.804+0000: 803162.810: [FinalReference, 309 refs, 0.0001088 secs]2019-02-01T02:59:56.804+0000: 803162.810: [PhantomReference, 0 refs, 0 refs, 0.0000146 secs]2019-02-01T02:59:56.804+0000: 803162.810: [JNI Weak Reference, 0.0000217 secs]
Desired survivor size 5767168 bytes, new threshold 1 (max 15)
[PSYoungGen: 37224K->2990K(38400K)] 683442K->650580K(736768K), 0.0079571 secs] [Times: user=0.10 sys=0.00, real=0.01 secs] 
2019-02-01T02:59:56.807+0000: 803162.813: Total time for which application threads were stopped: 0.0100919 seconds, Stopping threads took: 0.0000420 seconds
2019-02-01T02:59:56.928+0000: 803162.934: Application time: 0.1205043 seconds
2019-02-01T02:59:56.930+0000: 803162.936: Total time for which application threads were stopped: 0.0019994 seconds, Stopping threads took: 0.0000955 seconds
2019-02-01T02:59:57.347+0000: 803163.353: Application time: 0.4167325 seconds
2019-02-01T02:59:57.348+0000: 803163.354: Total time for which application threads were stopped: 0.0016798 seconds, Stopping threads took: 0.0000404 seconds
2019-02-01T02:59:57.531+0000: 803163.537: Application time: 0.1823287 seconds
2019-02-01T02:59:57.532+0000: 803163.538: Total time for which application threads were stopped: 0.0016113 seconds, Stopping threads took: 0.0000432 seconds
2019-02-01T02:59:57.927+0000: 803163.932: Application time: 0.3942088 seconds
2019-02-01T02:59:57.930+0000: 803163.936: Total time for which application threads were stopped: 0.0035891 seconds, Stopping threads took: 0.0001208 seconds
2019-02-01T02:59:57.941+0000: 803163.946: Application time: 0.0105062 seconds
2019-02-01T02:59:57.943+0000: 803163.949: Total time for which application threads were stopped: 0.0022652 seconds, Stopping threads took: 0.0000879 seconds
2019-02-01T02:59:58.067+0000: 803164.073: Application time: 0.1241367 seconds
2019-02-01T02:59:58.069+0000: 803164.075: [GC (Allocation Failure) 2019-02-01T02:59:58.075+0000: 803164.081: [SoftReference, 0 refs, 0.0000374 secs]2019-02-01T02:59:58.075+0000: 803164.081: [WeakReference, 50 refs, 0.0000289 secs]2019-02-01T02:59:58.075+0000: 803164.081: [FinalReference, 247 refs, 0.0000944 secs]2019-02-01T02:59:58.075+0000: 803164.081: [PhantomReference, 0 refs, 0 refs, 0.0000140 secs]2019-02-01T02:59:58.075+0000: 803164.081: [JNI Weak Reference, 0.0000212 secs]
Desired survivor size 5767168 bytes, new threshold 1 (max 15)
[PSYoungGen: 36270K->3883K(36864K)] 683860K->652947K(735232K), 0.0093404 secs] [Times: user=0.12 sys=0.00, real=0.01 secs] 
2019-02-01T02:59:58.079+0000: 803164.084: Total time for which application threads were stopped: 0.0114251 seconds, Stopping threads took: 0.0000948 seconds
2019-02-01T02:59:59.280+0000: 803165.286: Application time: 1.2016083 seconds
2019-02-01T02:59:59.284+0000: 803165.290: [GC (Allocation Failure) 2019-02-01T02:59:59.290+0000: 803165.296: [SoftReference, 0 refs, 0.0000359 secs]2019-02-01T02:59:59.290+0000: 803165.296: [WeakReference, 18 refs, 0.0000179 secs]2019-02-01T02:59:59.290+0000: 803165.296: [FinalReference, 241 refs, 0.0000977 secs]2019-02-01T02:59:59.290+0000: 803165.296: [PhantomReference, 0 refs, 0 refs, 0.0000140 secs]2019-02-01T02:59:59.290+0000: 803165.296: [JNI Weak Reference, 0.0000224 secs]
Desired survivor size 6291456 bytes, new threshold 1 (max 15)
[PSYoungGen: 36651K->4959K(37888K)] 685715K->655539K(736256K), 0.0092972 secs] [Times: user=0.11 sys=0.01, real=0.01 secs] 
2019-02-01T02:59:59.294+0000: 803165.299: Total time for which application threads were stopped: 0.0135810 seconds, Stopping threads took: 0.0000854 seconds
2019-02-01T02:59:59.385+0000: 803165.391: Application time: 0.0912513 seconds
2019-02-01T02:59:59.389+0000: 803165.395: Total time for which application threads were stopped: 0.0038486 seconds, Stopping threads took: 0.0000831 seconds
2019-02-01T02:59:59.399+0000: 803165.405: Application time: 0.0105474 seconds
2019-02-01T02:59:59.402+0000: 803165.407: Total time for which application threads were stopped: 0.0023059 seconds, Stopping threads took: 0.0000520 seconds
2019-02-01T02:59:59.412+0000: 803165.418: Application time: 0.0108297 seconds
2019-02-01T02:59:59.414+0000: 803165.420: Total time for which application threads were stopped: 0.0017583 seconds, Stopping threads took: 0.0000477 seconds
2019-02-01T03:00:00.166+0000: 803166.172: Application time: 0.7518722 seconds
2019-02-01T03:00:00.169+0000: 803166.175: Total time for which application threads were stopped: 0.0027381 seconds, Stopping threads took: 0.0000565 seconds
2019-02-01T03:00:00.169+0000: 803166.175: Application time: 0.0002359 seconds
2019-02-01T03:00:00.171+0000: 803166.177: [GC (GCLocker Initiated GC) 2019-02-01T03:00:00.176+0000: 803166.181: [SoftReference, 0 refs, 0.0000415 secs]2019-02-01T03:00:00.176+0000: 803166.181: [WeakReference, 17 refs, 0.0000171 secs]2019-02-01T03:00:00.176+0000: 803166.182: [FinalReference, 196 refs, 0.0000829 secs]2019-02-01T03:00:00.176+0000: 803166.182: [PhantomReference, 0 refs, 0 refs, 0.0000145 secs]2019-02-01T03:00:00.176+0000: 803166.182: [JNI Weak Reference, 0.0000228 secs]
Desired survivor size 6291456 bytes, new threshold 1 (max 15)
[PSYoungGen: 37215K->4717K(36864K)] 687800K->656843K(735232K), 0.0081403 secs] [Times: user=0.10 sys=0.01, real=0.01 secs] 
2019-02-01T03:00:00.179+0000: 803166.185: Total time for which application threads were stopped: 0.0102785 seconds, Stopping threads took: 0.0000296 seconds
2019-02-01T03:00:01.173+0000: 803167.179: Application time: 0.9938867 seconds
2019-02-01T03:00:01.177+0000: 803167.183: [GC (Allocation Failure) 2019-02-01T03:00:01.183+0000: 803167.189: [SoftReference, 0 refs, 0.0000264 secs]2019-02-01T03:00:01.183+0000: 803167.189: [WeakReference, 16 refs, 0.0000102 secs]2019-02-01T03:00:01.183+0000: 803167.189: [FinalReference, 225 refs, 0.0000714 secs]2019-02-01T03:00:01.183+0000: 803167.189: [PhantomReference, 0 refs, 0 refs, 0.0000085 secs]2019-02-01T03:00:01.183+0000: 803167.189: [JNI Weak Reference, 0.0000146 secs]
Desired survivor size 6291456 bytes, new threshold 1 (max 15)
[PSYoungGen: 36461K->3229K(36864K)] 689009K->657403K(735232K), 0.0083310 secs] [Times: user=0.09 sys=0.00, real=0.00 secs] 
2019-02-01T03:00:01.186+0000: 803167.192: Total time for which application threads were stopped: 0.0124563 seconds, Stopping threads took: 0.0000666 seconds
2019-02-01T03:00:01.906+0000: 803167.912: Application time: 0.7201665 seconds
2019-02-01T03:00:01.909+0000: 803167.915: Total time for which application threads were stopped: 0.0029967 seconds, Stopping threads took: 0.0000443 seconds
2019-02-01T03:00:02.136+0000: 803168.141: Application time: 0.2265815 seconds
2019-02-01T03:00:02.138+0000: 803168.144: [GC (Allocation Failure) 2019-02-01T03:00:02.143+0000: 803168.148: [SoftReference, 0 refs, 0.0000354 secs]2019-02-01T03:00:02.143+0000: 803168.148: [WeakReference, 15 refs, 0.0000154 secs]2019-02-01T03:00:02.143+0000: 803168.148: [FinalReference, 251 refs, 0.0000966 secs]2019-02-01T03:00:02.143+0000: 803168.149: [PhantomReference, 0 refs, 0 refs, 0.0000209 secs]2019-02-01T03:00:02.143+0000: 803168.149: [JNI Weak Reference, 0.0000213 secs]
Desired survivor size 6291456 bytes, new threshold 1 (max 15)
[PSYoungGen: 34461K->4563K(35328K)] 688635K->660044K(733696K), 0.0077785 secs] [Times: user=0.10 sys=0.00, real=0.00 secs] 
2019-02-01T03:00:02.146+0000: 803168.152: Total time for which application threads were stopped: 0.0106345 seconds, Stopping threads took: 0.0000981 seconds
2019-02-01T03:00:02.934+0000: 803168.939: Application time: 0.7875490 seconds
2019-02-01T03:00:02.937+0000: 803168.942: [GC (Allocation Failure) 2019-02-01T03:00:02.941+0000: 803168.946: [SoftReference, 0 refs, 0.0000294 secs]2019-02-01T03:00:02.941+0000: 803168.946: [WeakReference, 10 refs, 0.0000148 secs]2019-02-01T03:00:02.941+0000: 803168.946: [FinalReference, 260 refs, 0.0001112 secs]2019-02-01T03:00:02.941+0000: 803168.946: [PhantomReference, 0 refs, 0 refs, 0.0000200 secs]2019-02-01T03:00:02.941+0000: 803168.947: [JNI Weak Reference, 0.0000219 secs]
Desired survivor size 6291456 bytes, new threshold 1 (max 15)
[PSYoungGen: 35252K->3338K(36864K)] 690734K->660207K(735232K), 0.0072731 secs] [Times: user=0.07 sys=0.00, real=0.01 secs] 
2019-02-01T03:00:02.944+0000: 803168.950: Total time for which application threads were stopped: 0.0103152 seconds, Stopping threads took: 0.0000783 seconds
2019-02-01T03:00:03.832+0000: 803169.838: Application time: 0.8882250 seconds
2019-02-01T03:00:03.835+0000: 803169.841: [GC (Allocation Failure) 2019-02-01T03:00:03.840+0000: 803169.845: [SoftReference, 0 refs, 0.0000367 secs]2019-02-01T03:00:03.840+0000: 803169.845: [WeakReference, 13 refs, 0.0000220 secs]2019-02-01T03:00:03.840+0000: 803169.846: [FinalReference, 276 refs, 0.0001347 secs]2019-02-01T03:00:03.840+0000: 803169.846: [PhantomReference, 0 refs, 0 refs, 0.0000149 secs]2019-02-01T03:00:03.840+0000: 803169.846: [JNI Weak Reference, 0.0000207 secs]
Desired survivor size 6291456 bytes, new threshold 1 (max 15)
[PSYoungGen: 34058K->4020K(36864K)] 690927K->661799K(735232K), 0.0078630 secs] [Times: user=0.08 sys=0.01, real=0.01 secs] 
2019-02-01T03:00:03.843+0000: 803169.849: Total time for which application threads were stopped: 0.0110368 seconds, Stopping threads took: 0.0000494 seconds
2019-02-01T03:00:05.162+0000: 803171.168: Application time: 1.3186480 seconds
2019-02-01T03:00:05.165+0000: 803171.171: [GC (Allocation Failure) 2019-02-01T03:00:05.170+0000: 803171.176: [SoftReference, 0 refs, 0.0000723 secs]2019-02-01T03:00:05.170+0000: 803171.176: [WeakReference, 9 refs, 0.0000179 secs]2019-02-01T03:00:05.170+0000: 803171.176: [FinalReference, 226 refs, 0.0001266 secs]2019-02-01T03:00:05.171+0000: 803171.176: [PhantomReference, 0 refs, 0 refs, 0.0000195 secs]2019-02-01T03:00:05.171+0000: 803171.176: [JNI Weak Reference, 0.0000289 secs]
Desired survivor size 5767168 bytes, new threshold 1 (max 15)
[PSYoungGen: 34740K->3315K(33792K)] 692519K->661743K(732160K), 0.0090766 secs] [Times: user=0.06 sys=0.05, real=0.01 secs] 
2019-02-01T03:00:05.174+0000: 803171.180: Total time for which application threads were stopped: 0.0122910 seconds, Stopping threads took: 0.0000695 seconds
2019-02-01T03:00:06.297+0000: 803172.303: Application time: 1.1228731 seconds
2019-02-01T03:00:06.300+0000: 803172.306: [GC (Allocation Failure) 2019-02-01T03:00:06.305+0000: 803172.311: [SoftReference, 0 refs, 0.0000575 secs]2019-02-01T03:00:06.305+0000: 803172.311: [WeakReference, 7 refs, 0.0000155 secs]2019-02-01T03:00:06.305+0000: 803172.311: [FinalReference, 195 refs, 0.0001209 secs]2019-02-01T03:00:06.305+0000: 803172.311: [PhantomReference, 0 refs, 0 refs, 0.0000141 secs]2019-02-01T03:00:06.305+0000: 803172.311: [JNI Weak Reference, 0.0000241 secs]
Desired survivor size 5767168 bytes, new threshold 1 (max 15)
[PSYoungGen: 33523K->2892K(32768K)] 691951K->662180K(731136K), 0.0090539 secs] [Times: user=0.09 sys=0.00, real=0.01 secs] 
2019-02-01T03:00:06.309+0000: 803172.315: Total time for which application threads were stopped: 0.0121276 seconds, Stopping threads took: 0.0000528 seconds
2019-02-01T03:00:07.222+0000: 803173.227: Application time: 0.9122857 seconds
2019-02-01T03:00:07.224+0000: 803173.230: [GC (Allocation Failure) 2019-02-01T03:00:07.229+0000: 803173.235: [SoftReference, 0 refs, 0.0000325 secs]2019-02-01T03:00:07.229+0000: 803173.235: [WeakReference, 8 refs, 0.0000154 secs]2019-02-01T03:00:07.229+0000: 803173.235: [FinalReference, 165 refs, 0.0000800 secs]2019-02-01T03:00:07.229+0000: 803173.235: [PhantomReference, 0 refs, 0 refs, 0.0000149 secs]2019-02-01T03:00:07.229+0000: 803173.235: [JNI Weak Reference, 0.0000215 secs]
Desired survivor size 5767168 bytes, new threshold 1 (max 15)
[PSYoungGen: 32588K->3100K(32768K)] 691876K->663242K(731136K), 0.0084312 secs] [Times: user=0.10 sys=0.00, real=0.01 secs] 
2019-02-01T03:00:07.233+0000: 803173.239: Total time for which application threads were stopped: 0.0114566 seconds, Stopping threads took: 0.0000497 seconds
2019-02-01T03:00:07.979+0000: 803173.985: Application time: 0.7463409 seconds
2019-02-01T03:00:07.982+0000: 803173.988: [GC (Allocation Failure) 2019-02-01T03:00:07.987+0000: 803173.992: [SoftReference, 0 refs, 0.0000414 secs]2019-02-01T03:00:07.987+0000: 803173.992: [WeakReference, 13 refs, 0.0000171 secs]2019-02-01T03:00:07.987+0000: 803173.993: [FinalReference, 225 refs, 0.0000946 secs]2019-02-01T03:00:07.987+0000: 803173.993: [PhantomReference, 0 refs, 0 refs, 0.0000146 secs]2019-02-01T03:00:07.987+0000: 803173.993: [JNI Weak Reference, 0.0000208 secs]
Desired survivor size 5767168 bytes, new threshold 1 (max 15)
[PSYoungGen: 32284K->3752K(35328K)] 692426K->664728K(733696K), 0.0077865 secs] [Times: user=0.06 sys=0.00, real=0.01 secs] 
2019-02-01T03:00:07.990+0000: 803173.996: Total time for which application threads were stopped: 0.0108485 seconds, Stopping threads took: 0.0000506 seconds
2019-02-01T03:00:08.604+0000: 803174.609: Application time: 0.6133415 seconds
2019-02-01T03:00:08.606+0000: 803174.612: [GC (Allocation Failure) 2019-02-01T03:00:08.611+0000: 803174.617: [SoftReference, 0 refs, 0.0000500 secs]2019-02-01T03:00:08.611+0000: 803174.617: [WeakReference, 10 refs, 0.0000172 secs]2019-02-01T03:00:08.611+0000: 803174.617: [FinalReference, 256 refs, 0.0001272 secs]2019-02-01T03:00:08.611+0000: 803174.617: [PhantomReference, 0 refs, 0 refs, 0.0000143 secs]2019-02-01T03:00:08.611+0000: 803174.617: [JNI Weak Reference, 0.0000228 secs]
Desired survivor size 5767168 bytes, new threshold 1 (max 15)
[PSYoungGen: 33217K->3738K(39936K)] 694193K->665250K(738304K), 0.0083298 secs] [Times: user=0.06 sys=0.05, real=0.01 secs] 
2019-02-01T03:00:08.615+0000: 803174.620: Total time for which application threads were stopped: 0.0110771 seconds, Stopping threads took: 0.0001007 seconds
2019-02-01T03:00:10.195+0000: 803176.201: Application time: 1.5801999 seconds
2019-02-01T03:00:10.198+0000: 803176.204: [GC (Allocation Failure) 2019-02-01T03:00:10.201+0000: 803176.207: [SoftReference, 0 refs, 0.0000331 secs]2019-02-01T03:00:10.202+0000: 803176.207: [WeakReference, 15 refs, 0.0000166 secs]2019-02-01T03:00:10.202+0000: 803176.207: [FinalReference, 250 refs, 0.0001534 secs]2019-02-01T03:00:10.202+0000: 803176.207: [PhantomReference, 0 refs, 0 refs, 0.0000223 secs]2019-02-01T03:00:10.202+0000: 803176.208: [JNI Weak Reference, 0.0000490 secs]
Desired survivor size 5242880 bytes, new threshold 1 (max 15)
[PSYoungGen: 38042K->2886K(39936K)] 699554K->665437K(738304K), 0.0072667 secs] [Times: user=0.08 sys=0.00, real=0.01 secs] 
2019-02-01T03:00:10.205+0000: 803176.211: Total time for which application threads were stopped: 0.0103842 seconds, Stopping threads took: 0.0000514 seconds
2019-02-01T03:00:11.452+0000: 803177.457: Application time: 1.2463254 seconds
2019-02-01T03:00:11.455+0000: 803177.460: [GC (Allocation Failure) 2019-02-01T03:00:11.460+0000: 803177.466: [SoftReference, 0 refs, 0.0000568 secs]2019-02-01T03:00:11.460+0000: 803177.466: [WeakReference, 6 refs, 0.0000210 secs]2019-02-01T03:00:11.460+0000: 803177.466: [FinalReference, 274 refs, 0.0001196 secs]2019-02-01T03:00:11.460+0000: 803177.466: [PhantomReference, 0 refs, 0 refs, 0.0000145 secs]2019-02-01T03:00:11.460+0000: 803177.466: [JNI Weak Reference, 0.0000217 secs]
Desired survivor size 5242880 bytes, new threshold 1 (max 15)
[PSYoungGen: 37190K->2697K(36864K)] 699741K->666114K(735232K), 0.0092039 secs] [Times: user=0.07 sys=0.03, real=0.01 secs] 
2019-02-01T03:00:11.464+0000: 803177.470: Total time for which application threads were stopped: 0.0122944 seconds, Stopping threads took: 0.0000506 seconds
2019-02-01T03:00:12.678+0000: 803178.684: Application time: 1.2144007 seconds
2019-02-01T03:00:12.681+0000: 803178.687: [GC (Allocation Failure) 2019-02-01T03:00:12.685+0000: 803178.691: [SoftReference, 0 refs, 0.0000367 secs]2019-02-01T03:00:12.685+0000: 803178.691: [WeakReference, 14 refs, 0.0000166 secs]2019-02-01T03:00:12.685+0000: 803178.691: [FinalReference, 255 refs, 0.0001105 secs]2019-02-01T03:00:12.685+0000: 803178.691: [PhantomReference, 0 refs, 0 refs, 0.0000144 secs]2019-02-01T03:00:12.685+0000: 803178.691: [JNI Weak Reference, 0.0000214 secs]
Desired survivor size 5767168 bytes, new threshold 1 (max 15)
[PSYoungGen: 36489K->4079K(37376K)] 699906K->668107K(735744K), 0.0075347 secs] [Times: user=0.08 sys=0.01, real=0.01 secs] 
2019-02-01T03:00:12.689+0000: 803178.695: Total time for which application threads were stopped: 0.0106744 seconds, Stopping threads took: 0.0000585 seconds
2019-02-01T03:00:14.015+0000: 803180.020: Application time: 1.3257905 seconds
2019-02-01T03:00:14.017+0000: 803180.023: [GC (Allocation Failure) 2019-02-01T03:00:14.021+0000: 803180.027: [SoftReference, 0 refs, 0.0000479 secs]2019-02-01T03:00:14.021+0000: 803180.027: [WeakReference, 4 refs, 0.0000124 secs]2019-02-01T03:00:14.021+0000: 803180.027: [FinalReference, 231 refs, 0.0000943 secs]2019-02-01T03:00:14.021+0000: 803180.027: [PhantomReference, 0 refs, 0 refs, 0.0000082 secs]2019-02-01T03:00:14.021+0000: 803180.027: [JNI Weak Reference, 0.0000131 secs]
Desired survivor size 5767168 bytes, new threshold 1 (max 15)
[PSYoungGen: 37172K->2012K(34816K)] 701200K->666913K(733184K), 0.0063968 secs] [Times: user=0.08 sys=0.00, real=0.01 secs] 
2019-02-01T03:00:14.024+0000: 803180.030: Total time for which application threads were stopped: 0.0091895 seconds, Stopping threads took: 0.0001479 seconds
2019-02-01T03:00:14.702+0000: 803180.708: Application time: 0.6779412 seconds
2019-02-01T03:00:14.704+0000: 803180.710: [GC (Allocation Failure) 2019-02-01T03:00:14.708+0000: 803180.714: [SoftReference, 0 refs, 0.0000320 secs]2019-02-01T03:00:14.708+0000: 803180.714: [WeakReference, 11 refs, 0.0000161 secs]2019-02-01T03:00:14.708+0000: 803180.714: [FinalReference, 291 refs, 0.0001627 secs]2019-02-01T03:00:14.709+0000: 803180.714: [PhantomReference, 0 refs, 0 refs, 0.0000145 secs]2019-02-01T03:00:14.709+0000: 803180.714: [JNI Weak Reference, 0.0000333 secs]
Desired survivor size 5767168 bytes, new threshold 1 (max 15)
[PSYoungGen: 34780K->3946K(36352K)] 699681K->669679K(734720K), 0.0080826 secs] [Times: user=0.08 sys=0.00, real=0.01 secs] 
2019-02-01T03:00:14.712+0000: 803180.718: Total time for which application threads were stopped: 0.0104753 seconds, Stopping threads took: 0.0001054 seconds
2019-02-01T03:00:15.634+0000: 803181.640: Application time: 0.9214287 seconds
2019-02-01T03:00:15.637+0000: 803181.642: Total time for which application threads were stopped: 0.0028695 seconds, Stopping threads took: 0.0000581 seconds
2019-02-01T03:00:15.637+0000: 803181.643: Application time: 0.0000909 seconds
2019-02-01T03:00:15.639+0000: 803181.644: [GC (GCLocker Initiated GC) 2019-02-01T03:00:15.643+0000: 803181.648: [SoftReference, 0 refs, 0.0000338 secs]2019-02-01T03:00:15.643+0000: 803181.648: [WeakReference, 17 refs, 0.0000179 secs]2019-02-01T03:00:15.643+0000: 803181.648: [FinalReference, 221 refs, 0.0000999 secs]2019-02-01T03:00:15.643+0000: 803181.649: [PhantomReference, 0 refs, 0 refs, 0.0000175 secs]2019-02-01T03:00:15.643+0000: 803181.649: [JNI Weak Reference, 0.0000245 secs]
Desired survivor size 5767168 bytes, new threshold 1 (max 15)
[PSYoungGen: 36202K->3655K(36864K)] 701936K->669825K(735232K), 0.0076408 secs] [Times: user=0.09 sys=0.00, real=0.00 secs] 
2019-02-01T03:00:15.646+0000: 803181.652: Total time for which application threads were stopped: 0.0095679 seconds, Stopping threads took: 0.0000242 seconds
2019-02-01T03:00:17.078+0000: 803183.084: Application time: 1.4318269 seconds
2019-02-01T03:00:17.081+0000: 803183.087: [GC (Allocation Failure) 2019-02-01T03:00:17.086+0000: 803183.092: [SoftReference, 0 refs, 0.0000211 secs]2019-02-01T03:00:17.086+0000: 803183.092: [WeakReference, 9 refs, 0.0000094 secs]2019-02-01T03:00:17.086+0000: 803183.092: [FinalReference, 216 refs, 0.0000587 secs]2019-02-01T03:00:17.086+0000: 803183.092: [PhantomReference, 0 refs, 0 refs, 0.0000078 secs]2019-02-01T03:00:17.086+0000: 803183.092: [JNI Weak Reference, 0.0000133 secs]
Desired survivor size 5767168 bytes, new threshold 1 (max 15)
[PSYoungGen: 35399K->2110K(33792K)] 701572K->669008K(732160K), 0.0072177 secs] [Times: user=0.08 sys=0.01, real=0.00 secs] 
2019-02-01T03:00:17.088+0000: 803183.094: Total time for which application threads were stopped: 0.0102391 seconds, Stopping threads took: 0.0000549 seconds
2019-02-01T03:00:18.567+0000: 803184.573: Application time: 1.4788375 seconds
2019-02-01T03:00:18.570+0000: 803184.576: [GC (Allocation Failure) 2019-02-01T03:00:18.574+0000: 803184.580: [SoftReference, 0 refs, 0.0000431 secs]2019-02-01T03:00:18.574+0000: 803184.580: [WeakReference, 5 refs, 0.0000255 secs]2019-02-01T03:00:18.574+0000: 803184.580: [FinalReference, 207 refs, 0.0001001 secs]2019-02-01T03:00:18.575+0000: 803184.580: [PhantomReference, 0 refs, 0 refs, 0.0000144 secs]2019-02-01T03:00:18.575+0000: 803184.580: [JNI Weak Reference, 0.0000212 secs]
Desired survivor size 5767168 bytes, new threshold 1 (max 15)
[PSYoungGen: 33342K->1668K(35840K)] 700240K->669359K(734208K), 0.0077972 secs] [Times: user=0.09 sys=0.00, real=0.00 secs] 
2019-02-01T03:00:18.578+0000: 803184.584: Total time for which application threads were stopped: 0.0108067 seconds, Stopping threads took: 0.0000467 seconds
2019-02-01T03:00:20.140+0000: 803186.146: Application time: 1.5616972 seconds
2019-02-01T03:00:20.143+0000: 803186.148: [GC (Allocation Failure) 2019-02-01T03:00:20.147+0000: 803186.153: [SoftReference, 0 refs, 0.0000330 secs]2019-02-01T03:00:20.147+0000: 803186.153: [WeakReference, 7 refs, 0.0000148 secs]2019-02-01T03:00:20.147+0000: 803186.153: [FinalReference, 203 refs, 0.0001002 secs]2019-02-01T03:00:20.147+0000: 803186.153: [PhantomReference, 0 refs, 0 refs, 0.0000143 secs]2019-02-01T03:00:20.147+0000: 803186.153: [JNI Weak Reference, 0.0000238 secs]
Desired survivor size 5767168 bytes, new threshold 1 (max 15)
[PSYoungGen: 32388K->2127K(32768K)] 700079K->670458K(731136K), 0.0078784 secs] [Times: user=0.08 sys=0.00, real=0.01 secs] 
2019-02-01T03:00:20.151+0000: 803186.156: Total time for which application threads were stopped: 0.0109377 seconds, Stopping threads took: 0.0000560 seconds
2019-02-01T03:00:21.675+0000: 803187.681: Application time: 1.5247718 seconds
2019-02-01T03:00:21.678+0000: 803187.684: Total time for which application threads were stopped: 0.0030148 seconds, Stopping threads took: 0.0001110 seconds
2019-02-01T03:00:21.679+0000: 803187.684: Application time: 0.0001401 seconds
2019-02-01T03:00:21.680+0000: 803187.686: [GC (GCLocker Initiated GC) 2019-02-01T03:00:21.684+0000: 803187.690: [SoftReference, 0 refs, 0.0000219 secs]2019-02-01T03:00:21.684+0000: 803187.690: [WeakReference, 7 refs, 0.0000083 secs]2019-02-01T03:00:21.684+0000: 803187.690: [FinalReference, 186 refs, 0.0000668 secs]2019-02-01T03:00:21.684+0000: 803187.690: [PhantomReference, 0 refs, 0 refs, 0.0000080 secs]2019-02-01T03:00:21.684+0000: 803187.690: [JNI Weak Reference, 0.0000168 secs]
Desired survivor size 5767168 bytes, new threshold 1 (max 15)
[PSYoungGen: 32335K->2229K(34816K)] 700667K->671654K(733184K), 0.0059834 secs] [Times: user=0.08 sys=0.00, real=0.00 secs] 
2019-02-01T03:00:21.686+0000: 803187.692: Total time for which application threads were stopped: 0.0078638 seconds, Stopping threads took: 0.0000254 seconds
2019-02-01T03:00:23.318+0000: 803189.324: Application time: 1.6313828 seconds
2019-02-01T03:00:23.321+0000: 803189.327: [GC (Allocation Failure) 2019-02-01T03:00:23.325+0000: 803189.331: [SoftReference, 0 refs, 0.0000358 secs]2019-02-01T03:00:23.325+0000: 803189.331: [WeakReference, 7 refs, 0.0000147 secs]2019-02-01T03:00:23.325+0000: 803189.331: [FinalReference, 182 refs, 0.0000728 secs]2019-02-01T03:00:23.325+0000: 803189.331: [PhantomReference, 0 refs, 0 refs, 0.0000143 secs]2019-02-01T03:00:23.325+0000: 803189.331: [JNI Weak Reference, 0.0000212 secs]
Desired survivor size 5242880 bytes, new threshold 1 (max 15)
[PSYoungGen: 31925K->3207K(32768K)] 701353K->673589K(731136K), 0.0076881 secs] [Times: user=0.08 sys=0.01, real=0.00 secs] 
2019-02-01T03:00:23.329+0000: 803189.335: Total time for which application threads were stopped: 0.0111933 seconds, Stopping threads took: 0.0000731 seconds
2019-02-01T03:00:24.091+0000: 803190.097: Application time: 0.7618115 seconds
2019-02-01T03:00:24.094+0000: 803190.100: Total time for which application threads were stopped: 0.0032044 seconds, Stopping threads took: 0.0000674 seconds
2019-02-01T03:00:24.094+0000: 803190.100: Application time: 0.0001560 seconds
2019-02-01T03:00:24.096+0000: 803190.102: [GC (GCLocker Initiated GC) 2019-02-01T03:00:24.104+0000: 803190.110: [SoftReference, 0 refs, 0.0000384 secs]2019-02-01T03:00:24.104+0000: 803190.110: [WeakReference, 9 refs, 0.0000149 secs]2019-02-01T03:00:24.104+0000: 803190.110: [FinalReference, 268 refs, 0.0001098 secs]2019-02-01T03:00:24.104+0000: 803190.110: [PhantomReference, 0 refs, 0 refs, 0.0000143 secs]2019-02-01T03:00:24.104+0000: 803190.110: [JNI Weak Reference, 0.0000218 secs]
Desired survivor size 5242880 bytes, new threshold 1 (max 15)
[PSYoungGen: 32391K->3640K(34304K)] 702776K->675327K(732672K), 0.0113179 secs] [Times: user=0.15 sys=0.00, real=0.01 secs] 
2019-02-01T03:00:24.108+0000: 803190.114: Total time for which application threads were stopped: 0.0135405 seconds, Stopping threads took: 0.0000774 seconds
2019-02-01T03:00:25.437+0000: 803191.442: Application time: 1.3289327 seconds
2019-02-01T03:00:25.440+0000: 803191.446: [GC (Allocation Failure) 2019-02-01T03:00:25.444+0000: 803191.450: [SoftReference, 0 refs, 0.0000400 secs]2019-02-01T03:00:25.444+0000: 803191.450: [WeakReference, 32 refs, 0.0000192 secs]2019-02-01T03:00:25.444+0000: 803191.450: [FinalReference, 199 refs, 0.0000831 secs]2019-02-01T03:00:25.444+0000: 803191.450: [PhantomReference, 0 refs, 0 refs, 0.0000143 secs]2019-02-01T03:00:25.445+0000: 803191.450: [JNI Weak Reference, 0.0000226 secs]
Desired survivor size 5767168 bytes, new threshold 1 (max 15)
[PSYoungGen: 32824K->3777K(34304K)] 704514K->676964K(732672K), 0.0079141 secs] [Times: user=0.08 sys=0.01, real=0.01 secs] 
2019-02-01T03:00:25.448+0000: 803191.454: Total time for which application threads were stopped: 0.0112430 seconds, Stopping threads took: 0.0000932 seconds
2019-02-01T03:00:26.552+0000: 803192.557: Application time: 1.1036050 seconds
2019-02-01T03:00:26.555+0000: 803192.560: Total time for which application threads were stopped: 0.0030424 seconds, Stopping threads took: 0.0000805 seconds
2019-02-01T03:00:26.555+0000: 803192.561: Application time: 0.0000998 seconds
2019-02-01T03:00:26.557+0000: 803192.562: [GC (GCLocker Initiated GC) 2019-02-01T03:00:26.561+0000: 803192.566: [SoftReference, 0 refs, 0.0000398 secs]2019-02-01T03:00:26.561+0000: 803192.567: [WeakReference, 31 refs, 0.0000210 secs]2019-02-01T03:00:26.561+0000: 803192.567: [FinalReference, 197 refs, 0.0000939 secs]2019-02-01T03:00:26.561+0000: 803192.567: [PhantomReference, 0 refs, 0 refs, 0.0000145 secs]2019-02-01T03:00:26.561+0000: 803192.567: [JNI Weak Reference, 0.0000242 secs]
Desired survivor size 5242880 bytes, new threshold 1 (max 15)
[PSYoungGen: 32961K->3070K(33792K)] 706152K->678206K(732160K), 0.0076682 secs] [Times: user=0.07 sys=0.00, real=0.01 secs] 
2019-02-01T03:00:26.564+0000: 803192.570: Total time for which application threads were stopped: 0.0095991 seconds, Stopping threads took: 0.0000582 seconds
2019-02-01T03:00:27.706+0000: 803193.711: Application time: 1.1413144 seconds
2019-02-01T03:00:27.709+0000: 803193.714: [GC (Allocation Failure) 2019-02-01T03:00:27.717+0000: 803193.723: [SoftReference, 0 refs, 0.0000234 secs]2019-02-01T03:00:27.717+0000: 803193.723: [WeakReference, 4 refs, 0.0000080 secs]2019-02-01T03:00:27.717+0000: 803193.723: [FinalReference, 244 refs, 0.0000840 secs]2019-02-01T03:00:27.718+0000: 803193.723: [PhantomReference, 0 refs, 0 refs, 0.0000080 secs]2019-02-01T03:00:27.718+0000: 803193.723: [JNI Weak Reference, 0.0000132 secs]
Desired survivor size 5242880 bytes, new threshold 1 (max 15)
[PSYoungGen: 32254K->2608K(34304K)] 707393K->678895K(732672K), 0.0108988 secs] [Times: user=0.23 sys=0.00, real=0.01 secs] 
2019-02-01T03:00:27.720+0000: 803193.725: Total time for which application threads were stopped: 0.0140309 seconds, Stopping threads took: 0.0000624 seconds
2019-02-01T03:00:28.692+0000: 803194.697: Application time: 0.9718581 seconds
2019-02-01T03:00:28.695+0000: 803194.700: [GC (Allocation Failure) 2019-02-01T03:00:28.699+0000: 803194.704: [SoftReference, 0 refs, 0.0000415 secs]2019-02-01T03:00:28.699+0000: 803194.704: [WeakReference, 14 refs, 0.0000167 secs]2019-02-01T03:00:28.699+0000: 803194.704: [FinalReference, 243 refs, 0.0000931 secs]2019-02-01T03:00:28.699+0000: 803194.705: [PhantomReference, 0 refs, 0 refs, 0.0000142 secs]2019-02-01T03:00:28.699+0000: 803194.705: [JNI Weak Reference, 0.0000311 secs]
Desired survivor size 5242880 bytes, new threshold 1 (max 15)
[PSYoungGen: 31792K->2791K(34304K)] 708079K->680310K(732672K), 0.0073674 secs] [Times: user=0.07 sys=0.00, real=0.01 secs] 
2019-02-01T03:00:28.702+0000: 803194.708: Total time for which application threads were stopped: 0.0105228 seconds, Stopping threads took: 0.0000547 seconds
2019-02-01T03:00:30.032+0000: 803196.038: Application time: 1.3298606 seconds
2019-02-01T03:00:30.035+0000: 803196.041: [GC (Allocation Failure) 2019-02-01T03:00:30.042+0000: 803196.048: [SoftReference, 0 refs, 0.0000234 secs]2019-02-01T03:00:30.042+0000: 803196.048: [WeakReference, 5 refs, 0.0000084 secs]2019-02-01T03:00:30.042+0000: 803196.048: [FinalReference, 250 refs, 0.0000716 secs]2019-02-01T03:00:30.042+0000: 803196.048: [PhantomReference, 0 refs, 0 refs, 0.0000080 secs]2019-02-01T03:00:30.042+0000: 803196.048: [JNI Weak Reference, 0.0000139 secs]
Desired survivor size 5242880 bytes, new threshold 1 (max 15)
[PSYoungGen: 31975K->1589K(34304K)] 709494K->679642K(732672K), 0.0094702 secs] [Times: user=0.17 sys=0.00, real=0.01 secs] 
2019-02-01T03:00:30.044+0000: 803196.050: Total time for which application threads were stopped: 0.0124861 seconds, Stopping threads took: 0.0000602 seconds
2019-02-01T03:00:31.427+0000: 803197.433: Application time: 1.3825544 seconds
2019-02-01T03:00:31.430+0000: 803197.436: [GC (Allocation Failure) 2019-02-01T03:00:31.434+0000: 803197.440: [SoftReference, 0 refs, 0.0000330 secs]2019-02-01T03:00:31.434+0000: 803197.440: [WeakReference, 15 refs, 0.0000157 secs]2019-02-01T03:00:31.434+0000: 803197.440: [FinalReference, 177 refs, 0.0000827 secs]2019-02-01T03:00:31.434+0000: 803197.440: [PhantomReference, 0 refs, 0 refs, 0.0000141 secs]2019-02-01T03:00:31.434+0000: 803197.440: [JNI Weak Reference, 0.0000424 secs]
Desired survivor size 5242880 bytes, new threshold 1 (max 15)
[PSYoungGen: 30773K->3727K(34304K)] 708826K->682218K(732672K), 0.0073138 secs] [Times: user=0.08 sys=0.00, real=0.01 secs] 
2019-02-01T03:00:31.437+0000: 803197.443: Total time for which application threads were stopped: 0.0104890 seconds, Stopping threads took: 0.0000563 seconds
2019-02-01T03:00:32.581+0000: 803198.587: Application time: 1.1437528 seconds
2019-02-01T03:00:32.584+0000: 803198.590: Total time for which application threads were stopped: 0.0028580 seconds, Stopping threads took: 0.0000723 seconds
2019-02-01T03:00:32.584+0000: 803198.590: Application time: 0.0001237 seconds
2019-02-01T03:00:32.586+0000: 803198.592: [GC (GCLocker Initiated GC) 2019-02-01T03:00:32.593+0000: 803198.599: [SoftReference, 0 refs, 0.0000279 secs]2019-02-01T03:00:32.593+0000: 803198.599: [WeakReference, 10 refs, 0.0000093 secs]2019-02-01T03:00:32.593+0000: 803198.599: [FinalReference, 254 refs, 0.0000755 secs]2019-02-01T03:00:32.593+0000: 803198.599: [PhantomReference, 0 refs, 0 refs, 0.0000080 secs]2019-02-01T03:00:32.593+0000: 803198.599: [JNI Weak Reference, 0.0000131 secs]
Desired survivor size 5242880 bytes, new threshold 1 (max 15)
[PSYoungGen: 32911K->2010K(34304K)] 711407K->681742K(732672K), 0.0095419 secs] [Times: user=0.18 sys=0.00, real=0.01 secs] 
2019-02-01T03:00:32.596+0000: 803198.601: Total time for which application threads were stopped: 0.0112991 seconds, Stopping threads took: 0.0000238 seconds
2019-02-01T03:00:34.232+0000: 803200.237: Application time: 1.6360394 seconds
2019-02-01T03:00:34.235+0000: 803200.240: [GC (Allocation Failure) 2019-02-01T03:00:34.238+0000: 803200.244: [SoftReference, 0 refs, 0.0000353 secs]2019-02-01T03:00:34.239+0000: 803200.244: [WeakReference, 17 refs, 0.0000168 secs]2019-02-01T03:00:34.239+0000: 803200.244: [FinalReference, 226 refs, 0.0000871 secs]2019-02-01T03:00:34.239+0000: 803200.244: [PhantomReference, 0 refs, 0 refs, 0.0000142 secs]2019-02-01T03:00:34.239+0000: 803200.244: [JNI Weak Reference, 0.0000208 secs]
Desired survivor size 5242880 bytes, new threshold 1 (max 15)
[PSYoungGen: 31194K->2725K(34304K)] 710930K->683083K(732672K), 0.0073215 secs] [Times: user=0.07 sys=0.00, real=0.01 secs] 
2019-02-01T03:00:34.242+0000: 803200.248: Total time for which application threads were stopped: 0.0104517 seconds, Stopping threads took: 0.0000551 seconds
2019-02-01T03:00:35.873+0000: 803201.879: Application time: 1.6310621 seconds
2019-02-01T03:00:35.876+0000: 803201.882: [GC (Allocation Failure) 2019-02-01T03:00:35.880+0000: 803201.885: [SoftReference, 0 refs, 0.0000349 secs]2019-02-01T03:00:35.880+0000: 803201.885: [WeakReference, 17 refs, 0.0000166 secs]2019-02-01T03:00:35.880+0000: 803201.885: [FinalReference, 202 refs, 0.0000850 secs]2019-02-01T03:00:35.880+0000: 803201.886: [PhantomReference, 0 refs, 0 refs, 0.0000222 secs]2019-02-01T03:00:35.880+0000: 803201.886: [JNI Weak Reference, 0.0000273 secs]
Desired survivor size 4718592 bytes, new threshold 1 (max 15)
[PSYoungGen: 31909K->2598K(32256K)] 712267K->684052K(730624K), 0.0071464 secs] [Times: user=0.07 sys=0.00, real=0.01 secs] 
2019-02-01T03:00:35.883+0000: 803201.889: Total time for which application threads were stopped: 0.0102375 seconds, Stopping threads took: 0.0000619 seconds
2019-02-01T03:00:37.261+0000: 803203.267: Application time: 1.3776378 seconds
2019-02-01T03:00:37.264+0000: 803203.270: [GC (Allocation Failure) 2019-02-01T03:00:37.271+0000: 803203.277: [SoftReference, 0 refs, 0.0000244 secs]2019-02-01T03:00:37.271+0000: 803203.277: [WeakReference, 6 refs, 0.0000074 secs]2019-02-01T03:00:37.271+0000: 803203.277: [FinalReference, 213 refs, 0.0000776 secs]2019-02-01T03:00:37.271+0000: 803203.277: [PhantomReference, 0 refs, 0 refs, 0.0000125 secs]2019-02-01T03:00:37.272+0000: 803203.277: [JNI Weak Reference, 0.0000127 secs]
Desired survivor size 4718592 bytes, new threshold 1 (max 15)
[PSYoungGen: 31782K->2331K(33792K)] 713236K->684495K(732160K), 0.0095659 secs] [Times: user=0.19 sys=0.00, real=0.01 secs] 
2019-02-01T03:00:37.274+0000: 803203.279: Total time for which application threads were stopped: 0.0125679 seconds, Stopping threads took: 0.0000723 seconds
2019-02-01T03:00:38.290+0000: 803204.295: Application time: 1.0161066 seconds
2019-02-01T03:00:38.292+0000: 803204.298: [GC (Allocation Failure) 2019-02-01T03:00:38.296+0000: 803204.302: [SoftReference, 0 refs, 0.0000241 secs]2019-02-01T03:00:38.296+0000: 803204.302: [WeakReference, 10 refs, 0.0000130 secs]2019-02-01T03:00:38.296+0000: 803204.302: [FinalReference, 232 refs, 0.0000840 secs]2019-02-01T03:00:38.296+0000: 803204.302: [PhantomReference, 0 refs, 0 refs, 0.0000127 secs]2019-02-01T03:00:38.296+0000: 803204.302: [JNI Weak Reference, 0.0000182 secs]
Desired survivor size 4718592 bytes, new threshold 1 (max 15)
[PSYoungGen: 31515K->3472K(33792K)] 713679K->687074K(732160K), 0.0065888 secs] [Times: user=0.08 sys=0.01, real=0.01 secs] 
2019-02-01T03:00:38.299+0000: 803204.305: Total time for which application threads were stopped: 0.0092361 seconds, Stopping threads took: 0.0000646 seconds
2019-02-01T03:00:39.188+0000: 803205.194: Application time: 0.8895668 seconds
2019-02-01T03:00:39.191+0000: 803205.197: [GC (Allocation Failure) 2019-02-01T03:00:39.195+0000: 803205.201: [SoftReference, 0 refs, 0.0000273 secs]2019-02-01T03:00:39.195+0000: 803205.201: [WeakReference, 14 refs, 0.0000140 secs]2019-02-01T03:00:39.195+0000: 803205.201: [FinalReference, 245 refs, 0.0000725 secs]2019-02-01T03:00:39.195+0000: 803205.201: [PhantomReference, 0 refs, 0 refs, 0.0000081 secs]2019-02-01T03:00:39.195+0000: 803205.201: [JNI Weak Reference, 0.0000123 secs]
Desired survivor size 5242880 bytes, new threshold 1 (max 15)
[PSYoungGen: 32656K->3737K(33280K)] 716258K->688266K(731648K), 0.0066365 secs] [Times: user=0.08 sys=0.00, real=0.01 secs] 
2019-02-01T03:00:39.198+0000: 803205.203: Total time for which application threads were stopped: 0.0091565 seconds, Stopping threads took: 0.0000739 seconds
2019-02-01T03:00:40.286+0000: 803206.292: Application time: 1.0886167 seconds
2019-02-01T03:00:40.289+0000: 803206.295: [GC (Allocation Failure) 2019-02-01T03:00:40.294+0000: 803206.300: [SoftReference, 0 refs, 0.0000259 secs]2019-02-01T03:00:40.294+0000: 803206.300: [WeakReference, 12 refs, 0.0000133 secs]2019-02-01T03:00:40.294+0000: 803206.300: [FinalReference, 211 refs, 0.0000584 secs]2019-02-01T03:00:40.294+0000: 803206.300: [PhantomReference, 0 refs, 0 refs, 0.0000079 secs]2019-02-01T03:00:40.294+0000: 803206.300: [JNI Weak Reference, 0.0000122 secs]
Desired survivor size 5242880 bytes, new threshold 1 (max 15)
[PSYoungGen: 32409K->2581K(33792K)] 716938K->688565K(732160K), 0.0077448 secs] [Times: user=0.11 sys=0.00, real=0.01 secs] 
2019-02-01T03:00:40.297+0000: 803206.303: Total time for which application threads were stopped: 0.0105644 seconds, Stopping threads took: 0.0000790 seconds
2019-02-01T03:00:41.104+0000: 803207.109: Application time: 0.8068245 seconds
2019-02-01T03:00:41.106+0000: 803207.112: [GC (Allocation Failure) 2019-02-01T03:00:41.112+0000: 803207.118: [SoftReference, 0 refs, 0.0000223 secs]2019-02-01T03:00:41.112+0000: 803207.118: [WeakReference, 21 refs, 0.0000205 secs]2019-02-01T03:00:41.112+0000: 803207.118: [FinalReference, 173 refs, 0.0000857 secs]2019-02-01T03:00:41.112+0000: 803207.118: [PhantomReference, 0 refs, 0 refs, 0.0000125 secs]2019-02-01T03:00:41.112+0000: 803207.118: [JNI Weak Reference, 0.0000192 secs]
Desired survivor size 5242880 bytes, new threshold 1 (max 15)
[PSYoungGen: 31253K->3537K(33792K)] 717237K->690638K(732160K), 0.0083971 secs] [Times: user=0.08 sys=0.00, real=0.01 secs] 
2019-02-01T03:00:41.115+0000: 803207.120: Total time for which application threads were stopped: 0.0109817 seconds, Stopping threads took: 0.0000432 seconds
2019-02-01T03:00:41.875+0000: 803207.881: Application time: 0.7607093 seconds
2019-02-01T03:00:41.878+0000: 803207.884: [GC (Allocation Failure) 2019-02-01T03:00:41.881+0000: 803207.887: [SoftReference, 0 refs, 0.0000403 secs]2019-02-01T03:00:41.881+0000: 803207.887: [WeakReference, 13 refs, 0.0000112 secs]2019-02-01T03:00:41.881+0000: 803207.887: [FinalReference, 238 refs, 0.0001047 secs]2019-02-01T03:00:41.881+0000: 803207.887: [PhantomReference, 0 refs, 0 refs, 0.0000078 secs]2019-02-01T03:00:41.881+0000: 803207.887: [JNI Weak Reference, 0.0000306 secs]
Desired survivor size 5242880 bytes, new threshold 1 (max 15)
[PSYoungGen: 32209K->1957K(33792K)] 719310K->689925K(732160K), 0.0056407 secs] [Times: user=0.06 sys=0.00, real=0.01 secs] 
2019-02-01T03:00:41.883+0000: 803207.889: Total time for which application threads were stopped: 0.0081395 seconds, Stopping threads took: 0.0000475 seconds
2019-02-01T03:00:43.278+0000: 803209.283: Application time: 1.3941788 seconds
2019-02-01T03:00:43.280+0000: 803209.286: [GC (Allocation Failure) 2019-02-01T03:00:43.284+0000: 803209.290: [SoftReference, 0 refs, 0.0000212 secs]2019-02-01T03:00:43.284+0000: 803209.290: [WeakReference, 24 refs, 0.0000102 secs]2019-02-01T03:00:43.284+0000: 803209.290: [FinalReference, 167 refs, 0.0000808 secs]2019-02-01T03:00:43.284+0000: 803209.290: [PhantomReference, 0 refs, 0 refs, 0.0000123 secs]2019-02-01T03:00:43.284+0000: 803209.290: [JNI Weak Reference, 0.0000133 secs]
Desired survivor size 5242880 bytes, new threshold 1 (max 15)
[PSYoungGen: 30629K->2127K(33792K)] 718597K->690916K(732160K), 0.0062495 secs] [Times: user=0.08 sys=0.01, real=0.01 secs] 
2019-02-01T03:00:43.287+0000: 803209.292: Total time for which application threads were stopped: 0.0089902 seconds, Stopping threads took: 0.0000516 seconds
2019-02-01T03:00:44.393+0000: 803210.399: Application time: 1.1062384 seconds
2019-02-01T03:00:44.395+0000: 803210.401: [GC (Allocation Failure) 2019-02-01T03:00:44.400+0000: 803210.405: [SoftReference, 0 refs, 0.0000202 secs]2019-02-01T03:00:44.400+0000: 803210.405: [WeakReference, 17 refs, 0.0000086 secs]2019-02-01T03:00:44.400+0000: 803210.405: [FinalReference, 208 refs, 0.0000806 secs]2019-02-01T03:00:44.400+0000: 803210.405: [PhantomReference, 0 refs, 0 refs, 0.0000123 secs]2019-02-01T03:00:44.400+0000: 803210.405: [JNI Weak Reference, 0.0000127 secs]
Desired survivor size 4718592 bytes, new threshold 1 (max 15)
[PSYoungGen: 30799K->1900K(30720K)] 719588K->691577K(729088K), 0.0066510 secs] [Times: user=0.07 sys=0.01, real=0.00 secs] 
2019-02-01T03:00:44.402+0000: 803210.408: Total time for which application threads were stopped: 0.0092431 seconds, Stopping threads took: 0.0000550 seconds
2019-02-01T03:00:45.327+0000: 803211.332: Application time: 0.9244458 seconds
2019-02-01T03:00:45.329+0000: 803211.335: Total time for which application threads were stopped: 0.0023409 seconds, Stopping threads took: 0.0000515 seconds
2019-02-01T03:00:45.329+0000: 803211.335: Application time: 0.0000886 seconds
2019-02-01T03:00:45.330+0000: 803211.336: [GC (GCLocker Initiated GC) 2019-02-01T03:00:45.334+0000: 803211.340: [SoftReference, 0 refs, 0.0000244 secs]2019-02-01T03:00:45.334+0000: 803211.340: [WeakReference, 11 refs, 0.0000126 secs]2019-02-01T03:00:45.334+0000: 803211.340: [FinalReference, 295 refs, 0.0001061 secs]2019-02-01T03:00:45.334+0000: 803211.340: [PhantomReference, 0 refs, 1 refs, 0.0000116 secs]2019-02-01T03:00:45.334+0000: 803211.340: [JNI Weak Reference, 0.0000186 secs]
Desired survivor size 4718592 bytes, new threshold 1 (max 15)
[PSYoungGen: 30572K->3194K(33280K)] 720249K->693356K(731648K), 0.0059824 secs] [Times: user=0.08 sys=0.00, real=0.01 secs] 
2019-02-01T03:00:45.336+0000: 803211.342: Total time for which application threads were stopped: 0.0071609 seconds, Stopping threads took: 0.0000143 seconds
2019-02-01T03:00:46.554+0000: 803212.560: Application time: 1.2178422 seconds
2019-02-01T03:00:46.556+0000: 803212.562: [GC (Allocation Failure) 2019-02-01T03:00:46.561+0000: 803212.566: [SoftReference, 0 refs, 0.0000223 secs]2019-02-01T03:00:46.561+0000: 803212.566: [WeakReference, 7 refs, 0.0000253 secs]2019-02-01T03:00:46.561+0000: 803212.566: [FinalReference, 244 refs, 0.0001326 secs]2019-02-01T03:00:46.561+0000: 803212.567: [PhantomReference, 0 refs, 0 refs, 0.0000133 secs]2019-02-01T03:00:46.561+0000: 803212.567: [JNI Weak Reference, 0.0000182 secs]
Desired survivor size 4718592 bytes, new threshold 1 (max 15)
[PSYoungGen: 31866K->2803K(33280K)] 722031K->693561K(731648K), 0.0066192 secs] [Times: user=0.08 sys=0.00, real=0.00 secs] 
2019-02-01T03:00:46.563+0000: 803212.569: Total time for which application threads were stopped: 0.0091091 seconds, Stopping threads took: 0.0000468 seconds
2019-02-01T03:00:47.949+0000: 803213.955: Application time: 1.3863197 seconds
2019-02-01T03:00:47.952+0000: 803213.958: [GC (Allocation Failure) 2019-02-01T03:00:47.956+0000: 803213.962: [SoftReference, 0 refs, 0.0000356 secs]2019-02-01T03:00:47.956+0000: 803213.962: [WeakReference, 12 refs, 0.0000261 secs]2019-02-01T03:00:47.956+0000: 803213.962: [FinalReference, 178 refs, 0.0000914 secs]2019-02-01T03:00:47.956+0000: 803213.962: [PhantomReference, 0 refs, 0 refs, 0.0000113 secs]2019-02-01T03:00:47.956+0000: 803213.962: [JNI Weak Reference, 0.0000317 secs]
Desired survivor size 4718592 bytes, new threshold 1 (max 15)
[PSYoungGen: 31475K->2119K(33280K)] 722233K->693644K(731648K), 0.0066528 secs] [Times: user=0.08 sys=0.00, real=0.01 secs] 
2019-02-01T03:00:47.959+0000: 803213.965: Total time for which application threads were stopped: 0.0092619 seconds, Stopping threads took: 0.0000579 seconds
2019-02-01T03:00:49.030+0000: 803215.036: Application time: 1.0716304 seconds
2019-02-01T03:00:49.033+0000: 803215.039: [GC (Allocation Failure) 2019-02-01T03:00:49.037+0000: 803215.043: [SoftReference, 0 refs, 0.0000176 secs]2019-02-01T03:00:49.037+0000: 803215.043: [WeakReference, 14 refs, 0.0000083 secs]2019-02-01T03:00:49.037+0000: 803215.043: [FinalReference, 218 refs, 0.0000893 secs]2019-02-01T03:00:49.037+0000: 803215.043: [PhantomReference, 0 refs, 0 refs, 0.0000091 secs]2019-02-01T03:00:49.037+0000: 803215.043: [JNI Weak Reference, 0.0000121 secs]
Desired survivor size 4718592 bytes, new threshold 1 (max 15)
[PSYoungGen: 30791K->2448K(33280K)] 722316K->694785K(731648K), 0.0064083 secs] [Times: user=0.10 sys=0.00, real=0.01 secs] 
2019-02-01T03:00:49.039+0000: 803215.045: Total time for which application threads were stopped: 0.0088728 seconds, Stopping threads took: 0.0000503 seconds
2019-02-01T03:00:50.392+0000: 803216.398: Application time: 1.3526261 seconds
2019-02-01T03:00:50.394+0000: 803216.400: [GC (Allocation Failure) 2019-02-01T03:00:50.399+0000: 803216.405: [SoftReference, 0 refs, 0.0000182 secs]2019-02-01T03:00:50.399+0000: 803216.405: [WeakReference, 7 refs, 0.0000072 secs]2019-02-01T03:00:50.399+0000: 803216.405: [FinalReference, 163 refs, 0.0000498 secs]2019-02-01T03:00:50.399+0000: 803216.405: [PhantomReference, 0 refs, 0 refs, 0.0000127 secs]2019-02-01T03:00:50.399+0000: 803216.405: [JNI Weak Reference, 0.0000179 secs]
Desired survivor size 4718592 bytes, new threshold 1 (max 15)
[PSYoungGen: 31120K->1878K(33280K)] 723457K->695001K(731648K), 0.0070447 secs] [Times: user=0.09 sys=0.01, real=0.01 secs] 
2019-02-01T03:00:50.401+0000: 803216.407: Total time for which application threads were stopped: 0.0094752 seconds, Stopping threads took: 0.0000490 seconds
2019-02-01T03:00:51.626+0000: 803217.632: Application time: 1.2250663 seconds
2019-02-01T03:00:51.629+0000: 803217.635: [GC (Allocation Failure) 2019-02-01T03:00:51.633+0000: 803217.639: [SoftReference, 0 refs, 0.0000182 secs]2019-02-01T03:00:51.633+0000: 803217.639: [WeakReference, 12 refs, 0.0000080 secs]2019-02-01T03:00:51.633+0000: 803217.639: [FinalReference, 226 refs, 0.0000901 secs]2019-02-01T03:00:51.633+0000: 803217.639: [PhantomReference, 0 refs, 0 refs, 0.0000132 secs]2019-02-01T03:00:51.633+0000: 803217.639: [JNI Weak Reference, 0.0000173 secs]
Desired survivor size 4718592 bytes, new threshold 1 (max 15)
[PSYoungGen: 30550K->1533K(33280K)] 723673K->695345K(731648K), 0.0064874 secs] [Times: user=0.09 sys=0.00, real=0.01 secs] 
2019-02-01T03:00:51.635+0000: 803217.641: Total time for which application threads were stopped: 0.0089115 seconds, Stopping threads took: 0.0000352 seconds
2019-02-01T03:00:52.501+0000: 803218.507: Application time: 0.8656669 seconds
2019-02-01T03:00:52.503+0000: 803218.509: [GC (Allocation Failure) 2019-02-01T03:00:52.508+0000: 803218.513: [SoftReference, 0 refs, 0.0000222 secs]2019-02-01T03:00:52.508+0000: 803218.513: [WeakReference, 11 refs, 0.0000083 secs]2019-02-01T03:00:52.508+0000: 803218.513: [FinalReference, 206 refs, 0.0000813 secs]2019-02-01T03:00:52.508+0000: 803218.514: [PhantomReference, 0 refs, 0 refs, 0.0000097 secs]2019-02-01T03:00:52.508+0000: 803218.514: [JNI Weak Reference, 0.0000122 secs]
Desired survivor size 4718592 bytes, new threshold 1 (max 15)
[PSYoungGen: 30205K->3670K(33280K)] 724017K->698128K(731648K), 0.0064907 secs] [Times: user=0.07 sys=0.00, real=0.01 secs] 
2019-02-01T03:00:52.510+0000: 803218.516: Total time for which application threads were stopped: 0.0090224 seconds, Stopping threads took: 0.0000510 seconds
2019-02-01T03:00:53.436+0000: 803219.442: Application time: 0.9263911 seconds
2019-02-01T03:00:53.439+0000: 803219.445: [GC (Allocation Failure) 2019-02-01T03:00:53.442+0000: 803219.448: [SoftReference, 0 refs, 0.0000275 secs]2019-02-01T03:00:53.442+0000: 803219.448: [WeakReference, 16 refs, 0.0000142 secs]2019-02-01T03:00:53.443+0000: 803219.448: [FinalReference, 203 refs, 0.0000492 secs]2019-02-01T03:00:53.443+0000: 803219.448: [PhantomReference, 0 refs, 0 refs, 0.0000133 secs]2019-02-01T03:00:53.443+0000: 803219.448: [JNI Weak Reference, 0.0000195 secs]
Desired survivor size 4718592 bytes, new threshold 1 (max 15)
[PSYoungGen: 32342K->2960K(33280K)] 726800K->698009K(731648K), 0.0055903 secs] [Times: user=0.07 sys=0.00, real=0.01 secs] 
2019-02-01T03:00:53.445+0000: 803219.451: Total time for which application threads were stopped: 0.0084145 seconds, Stopping threads took: 0.0000717 seconds
2019-02-01T03:00:54.297+0000: 803220.302: Application time: 0.8517500 seconds
2019-02-01T03:00:54.299+0000: 803220.305: [GC (Allocation Failure) 2019-02-01T03:00:54.303+0000: 803220.309: [SoftReference, 0 refs, 0.0000207 secs]2019-02-01T03:00:54.303+0000: 803220.309: [WeakReference, 15 refs, 0.0000087 secs]2019-02-01T03:00:54.303+0000: 803220.309: [FinalReference, 259 refs, 0.0000728 secs]2019-02-01T03:00:54.303+0000: 803220.309: [PhantomReference, 0 refs, 0 refs, 0.0000124 secs]2019-02-01T03:00:54.304+0000: 803220.309: [JNI Weak Reference, 0.0000137 secs]
Desired survivor size 4718592 bytes, new threshold 1 (max 15)
[PSYoungGen: 31632K->3008K(33280K)] 726681K->698763K(731648K), 0.0064196 secs] [Times: user=0.08 sys=0.01, real=0.01 secs] 
2019-02-01T03:00:54.306+0000: 803220.312: Total time for which application threads were stopped: 0.0091758 seconds, Stopping threads took: 0.0000509 seconds
2019-02-01T03:00:55.085+0000: 803221.091: Application time: 0.7794632 seconds
2019-02-01T03:00:55.089+0000: 803221.095: Total time for which application threads were stopped: 0.0038350 seconds, Stopping threads took: 0.0000976 seconds
2019-02-01T03:00:55.089+0000: 803221.095: Application time: 0.0001530 seconds
2019-02-01T03:00:55.092+0000: 803221.098: [GC (GCLocker Initiated GC) 2019-02-01T03:00:55.096+0000: 803221.102: [SoftReference, 0 refs, 0.0000783 secs]2019-02-01T03:00:55.096+0000: 803221.102: [WeakReference, 17 refs, 0.0000243 secs]2019-02-01T03:00:55.096+0000: 803221.102: [FinalReference, 260 refs, 0.0001204 secs]2019-02-01T03:00:55.096+0000: 803221.102: [PhantomReference, 0 refs, 0 refs, 0.0000146 secs]2019-02-01T03:00:55.096+0000: 803221.102: [JNI Weak Reference, 0.0000274 secs]
Desired survivor size 5767168 bytes, new threshold 1 (max 15)
[PSYoungGen: 31680K->4604K(33280K)] 727436K->701217K(731648K), 0.0080986 secs] [Times: user=0.09 sys=0.03, real=0.01 secs] 
2019-02-01T03:00:55.100+0000: 803221.106: Total time for which application threads were stopped: 0.0107298 seconds, Stopping threads took: 0.0001190 seconds
2019-02-01T03:00:55.851+0000: 803221.857: Application time: 0.7507803 seconds
2019-02-01T03:00:55.853+0000: 803221.859: [GC (Allocation Failure) 2019-02-01T03:00:55.857+0000: 803221.862: [SoftReference, 0 refs, 0.0000492 secs]2019-02-01T03:00:55.857+0000: 803221.862: [WeakReference, 13 refs, 0.0000161 secs]2019-02-01T03:00:55.857+0000: 803221.862: [FinalReference, 214 refs, 0.0001045 secs]2019-02-01T03:00:55.857+0000: 803221.863: [PhantomReference, 0 refs, 0 refs, 0.0000148 secs]2019-02-01T03:00:55.857+0000: 803221.863: [JNI Weak Reference, 0.0000217 secs]
Desired survivor size 5242880 bytes, new threshold 1 (max 15)
[PSYoungGen: 33276K->2772K(33280K)] 729896K->700670K(731648K), 0.0069071 secs] [Times: user=0.07 sys=0.00, real=0.01 secs] 
2019-02-01T03:00:55.860+0000: 803221.866: [Full GC (Ergonomics) 2019-02-01T03:00:55.903+0000: 803221.909: [SoftReference, 218 refs, 0.0000870 secs]2019-02-01T03:00:55.903+0000: 803221.909: [WeakReference, 2472 refs, 0.0003458 secs]2019-02-01T03:00:55.904+0000: 803221.910: [FinalReference, 1094 refs, 0.0004580 secs]2019-02-01T03:00:55.904+0000: 803221.910: [PhantomReference, 0 refs, 138 refs, 0.0000260 secs]2019-02-01T03:00:55.904+0000: 803221.910: [JNI Weak Reference, 0.0000243 secs][PSYoungGen: 2772K->0K(33280K)] [ParOldGen: 697898K->636837K(691712K)] 700670K->636837K(724992K), [Metaspace: 75215K->75215K(1118208K)], 0.1480467 secs] [Times: user=2.45 sys=0.00, real=0.15 secs] 
2019-02-01T03:00:56.008+0000: 803222.014: Total time for which application threads were stopped: 0.1576655 seconds, Stopping threads took: 0.0000535 seconds
2019-02-01T03:00:56.680+0000: 803222.686: Application time: 0.6715732 seconds
2019-02-01T03:00:56.683+0000: 803222.688: [GC (Allocation Failure) 2019-02-01T03:00:56.686+0000: 803222.692: [SoftReference, 0 refs, 0.0000203 secs]2019-02-01T03:00:56.686+0000: 803222.692: [WeakReference, 9 refs, 0.0000089 secs]2019-02-01T03:00:56.686+0000: 803222.692: [FinalReference, 225 refs, 0.0000760 secs]2019-02-01T03:00:56.686+0000: 803222.692: [PhantomReference, 0 refs, 0 refs, 0.0000082 secs]2019-02-01T03:00:56.686+0000: 803222.692: [JNI Weak Reference, 0.0000227 secs]
Desired survivor size 5242880 bytes, new threshold 1 (max 15)
[PSYoungGen: 28672K->2939K(33792K)] 665509K->639777K(725504K), 0.0056781 secs] [Times: user=0.07 sys=0.01, real=0.01 secs] 
2019-02-01T03:00:56.688+0000: 803222.694: Total time for which application threads were stopped: 0.0083666 seconds, Stopping threads took: 0.0000424 seconds
2019-02-01T03:00:57.010+0000: 803223.016: Application time: 0.3216675 seconds
2019-02-01T03:00:57.012+0000: 803223.018: Total time for which application threads were stopped: 0.0022862 seconds, Stopping threads took: 0.0000399 seconds
2019-02-01T03:00:57.412+0000: 803223.418: Application time: 0.3998991 seconds
2019-02-01T03:00:57.414+0000: 803223.420: [GC (Allocation Failure) 2019-02-01T03:00:57.419+0000: 803223.424: [SoftReference, 0 refs, 0.0000344 secs]2019-02-01T03:00:57.419+0000: 803223.425: [WeakReference, 9 refs, 0.0000155 secs]2019-02-01T03:00:57.419+0000: 803223.425: [FinalReference, 256 refs, 0.0000989 secs]2019-02-01T03:00:57.419+0000: 803223.425: [PhantomReference, 0 refs, 0 refs, 0.0000143 secs]2019-02-01T03:00:57.419+0000: 803223.425: [JNI Weak Reference, 0.0000222 secs]
Desired survivor size 5242880 bytes, new threshold 1 (max 15)
[PSYoungGen: 31611K->1429K(33792K)] 668449K->639534K(725504K), 0.0080422 secs] [Times: user=0.07 sys=0.00, real=0.01 secs] 
2019-02-01T03:00:57.422+0000: 803223.428: Total time for which application threads were stopped: 0.0099080 seconds, Stopping threads took: 0.0000361 seconds
2019-02-01T03:00:57.793+0000: 803223.799: Application time: 0.3708014 seconds
2019-02-01T03:00:57.796+0000: 803223.801: Total time for which application threads were stopped: 0.0026258 seconds, Stopping threads took: 0.0000370 seconds
2019-02-01T03:00:58.314+0000: 803224.319: Application time: 0.5180806 seconds
2019-02-01T03:00:58.316+0000: 803224.322: [GC (Allocation Failure) 2019-02-01T03:00:58.324+0000: 803224.330: [SoftReference, 0 refs, 0.0000314 secs]2019-02-01T03:00:58.324+0000: 803224.330: [WeakReference, 11 refs, 0.0000190 secs]2019-02-01T03:00:58.324+0000: 803224.330: [FinalReference, 222 refs, 0.0000895 secs]2019-02-01T03:00:58.324+0000: 803224.330: [PhantomReference, 0 refs, 0 refs, 0.0000146 secs]2019-02-01T03:00:58.324+0000: 803224.330: [JNI Weak Reference, 0.0000269 secs]
Desired survivor size 5242880 bytes, new threshold 1 (max 15)
[PSYoungGen: 30101K->1952K(33792K)] 668206K->640528K(725504K), 0.0113056 secs] [Times: user=0.20 sys=0.00, real=0.01 secs] 
2019-02-01T03:00:58.328+0000: 803224.334: Total time for which application threads were stopped: 0.0141158 seconds, Stopping threads took: 0.0000493 seconds
2019-02-01T03:00:58.428+0000: 803224.434: Application time: 0.1006763 seconds
2019-02-01T03:00:58.431+0000: 803224.437: Total time for which application threads were stopped: 0.0028629 seconds, Stopping threads took: 0.0000765 seconds
2019-02-01T03:00:58.765+0000: 803224.771: Application time: 0.3340214 seconds
2019-02-01T03:00:58.767+0000: 803224.773: Total time for which application threads were stopped: 0.0018427 seconds, Stopping threads took: 0.0000353 seconds
2019-02-01T03:00:58.833+0000: 803224.838: Application time: 0.0653348 seconds
2019-02-01T03:00:58.834+0000: 803224.840: Total time for which application threads were stopped: 0.0015852 seconds, Stopping threads took: 0.0000312 seconds
2019-02-01T03:00:59.476+0000: 803225.482: Application time: 0.6418250 seconds
2019-02-01T03:00:59.478+0000: 803225.483: [GC (Allocation Failure) 2019-02-01T03:00:59.482+0000: 803225.488: [SoftReference, 0 refs, 0.0000566 secs]2019-02-01T03:00:59.482+0000: 803225.488: [WeakReference, 13 refs, 0.0000215 secs]2019-02-01T03:00:59.482+0000: 803225.488: [FinalReference, 230 refs, 0.0000791 secs]2019-02-01T03:00:59.482+0000: 803225.488: [PhantomReference, 0 refs, 0 refs, 0.0000085 secs]2019-02-01T03:00:59.482+0000: 803225.488: [JNI Weak Reference, 0.0000141 secs]
Desired survivor size 5242880 bytes, new threshold 1 (max 15)
[PSYoungGen: 30624K->3192K(38912K)] 669200K->642462K(730624K), 0.0066817 secs] [Times: user=0.05 sys=0.02, real=0.00 secs] 
2019-02-01T03:00:59.484+0000: 803225.490: Total time for which application threads were stopped: 0.0084031 seconds, Stopping threads took: 0.0000348 seconds
2019-02-01T03:01:00.464+0000: 803226.470: Application time: 0.9799816 seconds
2019-02-01T03:01:00.467+0000: 803226.473: [GC (Allocation Failure) 2019-02-01T03:01:00.472+0000: 803226.477: [SoftReference, 0 refs, 0.0000374 secs]2019-02-01T03:01:00.472+0000: 803226.477: [WeakReference, 13 refs, 0.0000158 secs]2019-02-01T03:01:00.472+0000: 803226.477: [FinalReference, 247 refs, 0.0001023 secs]2019-02-01T03:01:00.472+0000: 803226.478: [PhantomReference, 0 refs, 0 refs, 0.0000146 secs]2019-02-01T03:01:00.472+0000: 803226.478: [JNI Weak Reference, 0.0000214 secs]
Desired survivor size 5242880 bytes, new threshold 1 (max 15)
[PSYoungGen: 36984K->2835K(38912K)] 676254K->642682K(730624K), 0.0077215 secs] [Times: user=0.06 sys=0.00, real=0.00 secs] 
2019-02-01T03:01:00.475+0000: 803226.481: Total time for which application threads were stopped: 0.0108103 seconds, Stopping threads took: 0.0000465 seconds
2019-02-01T03:01:01.436+0000: 803227.442: Application time: 0.9610963 seconds
2019-02-01T03:01:01.439+0000: 803227.445: Total time for which application threads were stopped: 0.0026479 seconds, Stopping threads took: 0.0000386 seconds
2019-02-01T03:01:01.439+0000: 803227.445: Application time: 0.0001030 seconds
2019-02-01T03:01:01.441+0000: 803227.447: Total time for which application threads were stopped: 0.0018379 seconds, Stopping threads took: 0.0000844 seconds
2019-02-01T03:01:01.697+0000: 803227.703: Application time: 0.2563982 seconds
2019-02-01T03:01:01.699+0000: 803227.705: [GC (Allocation Failure) 2019-02-01T03:01:01.709+0000: 803227.715: [SoftReference, 0 refs, 0.0000717 secs]2019-02-01T03:01:01.709+0000: 803227.715: [WeakReference, 6 refs, 0.0000226 secs]2019-02-01T03:01:01.709+0000: 803227.715: [FinalReference, 331 refs, 0.0001464 secs]2019-02-01T03:01:01.709+0000: 803227.715: [PhantomReference, 0 refs, 0 refs, 0.0000146 secs]2019-02-01T03:01:01.709+0000: 803227.715: [JNI Weak Reference, 0.0000227 secs]
Desired survivor size 5242880 bytes, new threshold 1 (max 15)
[PSYoungGen: 36627K->3807K(45056K)] 676474K->644565K(736768K), 0.0138331 secs] [Times: user=0.19 sys=0.05, real=0.01 secs] 
2019-02-01T03:01:01.713+0000: 803227.719: Total time for which application threads were stopped: 0.0155624 seconds, Stopping threads took: 0.0000347 seconds
2019-02-01T03:01:01.906+0000: 803227.912: Application time: 0.1932315 seconds
2019-02-01T03:01:01.909+0000: 803227.915: Total time for which application threads were stopped: 0.0028900 seconds, Stopping threads took: 0.0000555 seconds
2019-02-01T03:01:01.942+0000: 803227.948: Application time: 0.0332458 seconds
2019-02-01T03:01:01.945+0000: 803227.950: Total time for which application threads were stopped: 0.0023980 seconds, Stopping threads took: 0.0000333 seconds
2019-02-01T03:01:01.945+0000: 803227.950: Application time: 0.0000543 seconds
2019-02-01T03:01:01.947+0000: 803227.952: Total time for which application threads were stopped: 0.0018837 seconds, Stopping threads took: 0.0000650 seconds
2019-02-01T03:01:02.751+0000: 803228.756: Application time: 0.8039929 seconds
2019-02-01T03:01:02.754+0000: 803228.759: [GC (Allocation Failure) 2019-02-01T03:01:02.762+0000: 803228.767: [SoftReference, 0 refs, 0.0000402 secs]2019-02-01T03:01:02.762+0000: 803228.767: [WeakReference, 8 refs, 0.0000152 secs]2019-02-01T03:01:02.762+0000: 803228.767: [FinalReference, 320 refs, 0.0001405 secs]2019-02-01T03:01:02.762+0000: 803228.768: [PhantomReference, 0 refs, 0 refs, 0.0000145 secs]2019-02-01T03:01:02.762+0000: 803228.768: [JNI Weak Reference, 0.0000213 secs]
Desired survivor size 5242880 bytes, new threshold 1 (max 15)
[PSYoungGen: 43743K->1974K(45056K)] 684501K->643898K(736768K), 0.0115780 secs] [Times: user=0.19 sys=0.01, real=0.01 secs] 
2019-02-01T03:01:02.765+0000: 803228.771: Total time for which application threads were stopped: 0.0146507 seconds, Stopping threads took: 0.0000570 seconds
2019-02-01T03:01:04.248+0000: 803230.253: Application time: 1.4824129 seconds
2019-02-01T03:01:04.250+0000: 803230.256: [GC (Allocation Failure) 2019-02-01T03:01:04.254+0000: 803230.260: [SoftReference, 0 refs, 0.0000523 secs]2019-02-01T03:01:04.254+0000: 803230.260: [WeakReference, 8 refs, 0.0000155 secs]2019-02-01T03:01:04.254+0000: 803230.260: [FinalReference, 337 refs, 0.0001379 secs]2019-02-01T03:01:04.254+0000: 803230.260: [PhantomReference, 0 refs, 0 refs, 0.0000146 secs]2019-02-01T03:01:04.254+0000: 803230.260: [JNI Weak Reference, 0.0000218 secs]
Desired survivor size 5242880 bytes, new threshold 1 (max 15)
[PSYoungGen: 41910K->2412K(52224K)] 683834K->645230K(743936K), 0.0077903 secs] [Times: user=0.09 sys=0.01, real=0.01 secs] 
2019-02-01T03:01:04.258+0000: 803230.264: Total time for which application threads were stopped: 0.0101750 seconds, Stopping threads took: 0.0000383 seconds
2019-02-01T03:01:05.923+0000: 803231.929: Application time: 1.6649469 seconds
2019-02-01T03:01:05.926+0000: 803231.931: [GC (Allocation Failure) 2019-02-01T03:01:05.930+0000: 803231.936: [SoftReference, 0 refs, 0.0000520 secs]2019-02-01T03:01:05.930+0000: 803231.936: [WeakReference, 8 refs, 0.0000160 secs]2019-02-01T03:01:05.930+0000: 803231.936: [FinalReference, 415 refs, 0.0001808 secs]2019-02-01T03:01:05.930+0000: 803231.936: [PhantomReference, 0 refs, 0 refs, 0.0000148 secs]2019-02-01T03:01:05.931+0000: 803231.936: [JNI Weak Reference, 0.0000336 secs]
Desired survivor size 5242880 bytes, new threshold 1 (max 15)
[PSYoungGen: 49516K->4308K(50688K)] 692334K->647795K(742400K), 0.0082117 secs] [Times: user=0.05 sys=0.04, real=0.01 secs] 
2019-02-01T03:01:05.934+0000: 803231.940: Total time for which application threads were stopped: 0.0112702 seconds, Stopping threads took: 0.0000557 seconds
2019-02-01T03:01:07.260+0000: 803233.266: Application time: 1.3261304 seconds
2019-02-01T03:01:07.263+0000: 803233.269: [GC (Allocation Failure) 2019-02-01T03:01:07.268+0000: 803233.273: [SoftReference, 0 refs, 0.0000326 secs]2019-02-01T03:01:07.268+0000: 803233.273: [WeakReference, 4 refs, 0.0000136 secs]2019-02-01T03:01:07.268+0000: 803233.274: [FinalReference, 421 refs, 0.0001951 secs]2019-02-01T03:01:07.268+0000: 803233.274: [PhantomReference, 0 refs, 0 refs, 0.0000147 secs]2019-02-01T03:01:07.268+0000: 803233.274: [JNI Weak Reference, 0.0000254 secs]
Desired survivor size 5767168 bytes, new threshold 1 (max 15)
[PSYoungGen: 50388K->3982K(49664K)] 693875K->648089K(741376K), 0.0080937 secs] [Times: user=0.08 sys=0.01, real=0.01 secs] 
2019-02-01T03:01:07.271+0000: 803233.277: Total time for which application threads were stopped: 0.0111962 seconds, Stopping threads took: 0.0000665 seconds
2019-02-01T03:01:07.272+0000: 803233.277: Application time: 0.0002443 seconds
2019-02-01T03:01:07.274+0000: 803233.280: Total time for which application threads were stopped: 0.0026231 seconds, Stopping threads took: 0.0001749 seconds
2019-02-01T03:01:07.274+0000: 803233.280: Application time: 0.0001246 seconds
2019-02-01T03:01:07.276+0000: 803233.282: Total time for which application threads were stopped: 0.0019628 seconds, Stopping threads took: 0.0001375 seconds
2019-02-01T03:01:07.878+0000: 803233.884: Application time: 0.6016042 seconds
2019-02-01T03:01:07.880+0000: 803233.886: Total time for which application threads were stopped: 0.0022181 seconds, Stopping threads took: 0.0000385 seconds
2019-02-01T03:01:07.880+0000: 803233.886: Application time: 0.0001115 seconds
2019-02-01T03:01:07.882+0000: 803233.888: Total time for which application threads were stopped: 0.0014968 seconds, Stopping threads took: 0.0000880 seconds
2019-02-01T03:01:08.584+0000: 803234.589: Application time: 0.7018969 seconds
2019-02-01T03:01:08.585+0000: 803234.591: Total time for which application threads were stopped: 0.0017033 seconds, Stopping threads took: 0.0000415 seconds
2019-02-01T03:01:08.585+0000: 803234.591: Application time: 0.0001061 seconds
2019-02-01T03:01:08.587+0000: 803234.593: Total time for which application threads were stopped: 0.0016480 seconds, Stopping threads took: 0.0000248 seconds
2019-02-01T03:01:08.757+0000: 803234.763: Application time: 0.1703005 seconds
2019-02-01T03:01:08.759+0000: 803234.765: Total time for which application threads were stopped: 0.0017203 seconds, Stopping threads took: 0.0000991 seconds
2019-02-01T03:01:08.810+0000: 803234.815: Application time: 0.0505087 seconds
2019-02-01T03:01:08.811+0000: 803234.817: Total time for which application threads were stopped: 0.0015421 seconds, Stopping threads took: 0.0001028 seconds
2019-02-01T03:01:08.990+0000: 803234.996: Application time: 0.1791375 seconds
2019-02-01T03:01:08.992+0000: 803234.997: [GC (Allocation Failure) 2019-02-01T03:01:09.000+0000: 803235.006: [SoftReference, 0 refs, 0.0000583 secs]2019-02-01T03:01:09.000+0000: 803235.006: [WeakReference, 22 refs, 0.0000178 secs]2019-02-01T03:01:09.000+0000: 803235.006: [FinalReference, 354 refs, 0.0001857 secs]2019-02-01T03:01:09.000+0000: 803235.006: [PhantomReference, 0 refs, 0 refs, 0.0000143 secs]2019-02-01T03:01:09.000+0000: 803235.006: [JNI Weak Reference, 0.0000248 secs]
Desired survivor size 6291456 bytes, new threshold 1 (max 15)
[PSYoungGen: 49038K->4837K(49152K)] 693145K->649783K(740864K), 0.0118629 secs] [Times: user=0.19 sys=0.00, real=0.01 secs] 
2019-02-01T03:01:09.004+0000: 803235.009: Total time for which application threads were stopped: 0.0132782 seconds, Stopping threads took: 0.0000314 seconds
2019-02-01T03:01:10.739+0000: 803236.744: Application time: 1.7349289 seconds
2019-02-01T03:01:10.741+0000: 803236.747: [GC (Allocation Failure) 2019-02-01T03:01:10.746+0000: 803236.751: [SoftReference, 0 refs, 0.0000402 secs]2019-02-01T03:01:10.746+0000: 803236.751: [WeakReference, 14 refs, 0.0000090 secs]2019-02-01T03:01:10.746+0000: 803236.751: [FinalReference, 337 refs, 0.0001041 secs]2019-02-01T03:01:10.746+0000: 803236.751: [PhantomReference, 0 refs, 0 refs, 0.0000074 secs]2019-02-01T03:01:10.746+0000: 803236.751: [JNI Weak Reference, 0.0000127 secs]
Desired survivor size 6291456 bytes, new threshold 1 (max 15)
[PSYoungGen: 48866K->4480K(49152K)] 693812K->650578K(740864K), 0.0064468 secs] [Times: user=0.08 sys=0.00, real=0.01 secs] 
2019-02-01T03:01:10.748+0000: 803236.754: Total time for which application threads were stopped: 0.0094064 seconds, Stopping threads took: 0.0000726 seconds
2019-02-01T03:01:10.892+0000: 803236.897: Application time: 0.1436047 seconds
2019-02-01T03:01:10.895+0000: 803236.900: Total time for which application threads were stopped: 0.0030304 seconds, Stopping threads took: 0.0000665 seconds
2019-02-01T03:01:10.895+0000: 803236.901: Application time: 0.0001360 seconds
2019-02-01T03:01:10.897+0000: 803236.903: Total time for which application threads were stopped: 0.0026759 seconds, Stopping threads took: 0.0000818 seconds
2019-02-01T03:01:12.946+0000: 803238.952: Application time: 2.0484595 seconds
2019-02-01T03:01:12.949+0000: 803238.955: [GC (Allocation Failure) 2019-02-01T03:01:12.956+0000: 803238.961: [SoftReference, 0 refs, 0.0000401 secs]2019-02-01T03:01:12.956+0000: 803238.962: [WeakReference, 16 refs, 0.0000205 secs]2019-02-01T03:01:12.956+0000: 803238.962: [FinalReference, 271 refs, 0.0001399 secs]2019-02-01T03:01:12.956+0000: 803238.962: [PhantomReference, 0 refs, 0 refs, 0.0000189 secs]2019-02-01T03:01:12.956+0000: 803238.962: [JNI Weak Reference, 0.0000217 secs]
Desired survivor size 6291456 bytes, new threshold 1 (max 15)
[PSYoungGen: 47952K->2426K(45568K)] 694051K->649355K(737280K), 0.0103899 secs] [Times: user=0.15 sys=0.01, real=0.01 secs] 
2019-02-01T03:01:12.959+0000: 803238.965: Total time for which application threads were stopped: 0.0135322 seconds, Stopping threads took: 0.0000654 seconds
2019-02-01T03:01:13.301+0000: 803239.307: Application time: 0.3418065 seconds
2019-02-01T03:01:13.304+0000: 803239.310: Total time for which application threads were stopped: 0.0027997 seconds, Stopping threads took: 0.0000520 seconds
2019-02-01T03:01:14.632+0000: 803240.638: Application time: 1.3282388 seconds
2019-02-01T03:01:14.635+0000: 803240.641: [GC (Allocation Failure) 2019-02-01T03:01:14.642+0000: 803240.648: [SoftReference, 0 refs, 0.0000260 secs]2019-02-01T03:01:14.642+0000: 803240.648: [WeakReference, 9 refs, 0.0000133 secs]2019-02-01T03:01:14.642+0000: 803240.648: [FinalReference, 300 refs, 0.0001254 secs]2019-02-01T03:01:14.643+0000: 803240.648: [PhantomReference, 0 refs, 0 refs, 0.0000121 secs]2019-02-01T03:01:14.643+0000: 803240.648: [JNI Weak Reference, 0.0000200 secs]
Desired survivor size 5767168 bytes, new threshold 1 (max 15)
[PSYoungGen: 45434K->3192K(47104K)] 692363K->651072K(738816K), 0.0107115 secs] [Times: user=0.17 sys=0.00, real=0.01 secs] 
2019-02-01T03:01:14.646+0000: 803240.652: Total time for which application threads were stopped: 0.0136651 seconds, Stopping threads took: 0.0000798 seconds
2019-02-01T03:01:15.997+0000: 803242.003: Application time: 1.3508662 seconds
2019-02-01T03:01:15.999+0000: 803242.005: [GC (Allocation Failure) 2019-02-01T03:01:16.003+0000: 803242.009: [SoftReference, 0 refs, 0.0000159 secs]2019-02-01T03:01:16.003+0000: 803242.009: [WeakReference, 11 refs, 0.0000077 secs]2019-02-01T03:01:16.003+0000: 803242.009: [FinalReference, 317 refs, 0.0001096 secs]2019-02-01T03:01:16.003+0000: 803242.009: [PhantomReference, 0 refs, 0 refs, 0.0000077 secs]2019-02-01T03:01:16.003+0000: 803242.009: [JNI Weak Reference, 0.0000132 secs]
Desired survivor size 5767168 bytes, new threshold 1 (max 15)
[PSYoungGen: 45688K->3762K(46080K)] 693568K->652368K(737792K), 0.0064287 secs] [Times: user=0.07 sys=0.00, real=0.00 secs] 
2019-02-01T03:01:16.006+0000: 803242.012: Total time for which application threads were stopped: 0.0091226 seconds, Stopping threads took: 0.0000417 seconds
2019-02-01T03:01:17.753+0000: 803243.758: Application time: 1.7465598 seconds
2019-02-01T03:01:17.755+0000: 803243.761: [GC (Allocation Failure) 2019-02-01T03:01:17.770+0000: 803243.776: [SoftReference, 0 refs, 0.0000171 secs]2019-02-01T03:01:17.770+0000: 803243.776: [WeakReference, 13 refs, 0.0000094 secs]2019-02-01T03:01:17.770+0000: 803243.776: [FinalReference, 240 refs, 0.0000752 secs]2019-02-01T03:01:17.770+0000: 803243.776: [PhantomReference, 0 refs, 0 refs, 0.0000125 secs]2019-02-01T03:01:17.770+0000: 803243.776: [JNI Weak Reference, 0.0000492 secs]
Desired survivor size 5767168 bytes, new threshold 1 (max 15)
[PSYoungGen: 45746K->3270K(46592K)] 694352K->652177K(738304K), 0.0177450 secs] [Times: user=0.31 sys=0.00, real=0.02 secs] 
2019-02-01T03:01:17.773+0000: 803243.779: Total time for which application threads were stopped: 0.0205671 seconds, Stopping threads took: 0.0000463 seconds
2019-02-01T03:01:19.261+0000: 803245.267: Application time: 1.4879615 seconds
2019-02-01T03:01:19.264+0000: 803245.270: [GC (Allocation Failure) 2019-02-01T03:01:19.271+0000: 803245.277: [SoftReference, 0 refs, 0.0000172 secs]2019-02-01T03:01:19.271+0000: 803245.277: [WeakReference, 6 refs, 0.0000136 secs]2019-02-01T03:01:19.271+0000: 803245.277: [FinalReference, 328 refs, 0.0001359 secs]2019-02-01T03:01:19.271+0000: 803245.277: [PhantomReference, 0 refs, 0 refs, 0.0000083 secs]2019-02-01T03:01:19.272+0000: 803245.277: [JNI Weak Reference, 0.0000146 secs]
Desired survivor size 5767168 bytes, new threshold 1 (max 15)
[PSYoungGen: 44739K->2011K(43008K)] 693646K->651510K(734720K), 0.0103779 secs] [Times: user=0.18 sys=0.00, real=0.01 secs] 
2019-02-01T03:01:19.274+0000: 803245.280: Total time for which application threads were stopped: 0.0132934 seconds, Stopping threads took: 0.0000468 seconds
2019-02-01T03:01:19.511+0000: 803245.517: Application time: 0.2368226 seconds
2019-02-01T03:01:19.514+0000: 803245.520: Total time for which application threads were stopped: 0.0028137 seconds, Stopping threads took: 0.0000436 seconds
2019-02-01T03:01:19.514+0000: 803245.520: Application time: 0.0001152 seconds
2019-02-01T03:01:19.516+0000: 803245.521: Total time for which application threads were stopped: 0.0015728 seconds, Stopping threads took: 0.0000629 seconds
2019-02-01T03:01:20.441+0000: 803246.447: Application time: 0.9256534 seconds
2019-02-01T03:01:20.444+0000: 803246.450: [GC (Allocation Failure) 2019-02-01T03:01:20.452+0000: 803246.457: [SoftReference, 0 refs, 0.0000217 secs]2019-02-01T03:01:20.452+0000: 803246.457: [WeakReference, 24 refs, 0.0000149 secs]2019-02-01T03:01:20.452+0000: 803246.457: [FinalReference, 311 refs, 0.0001545 secs]2019-02-01T03:01:20.452+0000: 803246.458: [PhantomReference, 0 refs, 0 refs, 0.0000113 secs]2019-02-01T03:01:20.452+0000: 803246.458: [JNI Weak Reference, 0.0000331 secs]
Desired survivor size 5767168 bytes, new threshold 1 (max 15)
[PSYoungGen: 42971K->3755K(45568K)] 692470K->654160K(737280K), 0.0106966 secs] [Times: user=0.17 sys=0.00, real=0.01 secs] 
2019-02-01T03:01:20.455+0000: 803246.461: Total time for which application threads were stopped: 0.0135784 seconds, Stopping threads took: 0.0000645 seconds
2019-02-01T03:01:21.718+0000: 803247.724: Application time: 1.2635231 seconds
2019-02-01T03:01:21.722+0000: 803247.727: [GC (Allocation Failure) 2019-02-01T03:01:21.725+0000: 803247.731: [SoftReference, 0 refs, 0.0000414 secs]2019-02-01T03:01:21.725+0000: 803247.731: [WeakReference, 56 refs, 0.0000248 secs]2019-02-01T03:01:21.725+0000: 803247.731: [FinalReference, 274 refs, 0.0001415 secs]2019-02-01T03:01:21.726+0000: 803247.731: [PhantomReference, 0 refs, 0 refs, 0.0000146 secs]2019-02-01T03:01:21.726+0000: 803247.731: [JNI Weak Reference, 0.0000288 secs]
Desired survivor size 5767168 bytes, new threshold 1 (max 15)
[PSYoungGen: 44203K->3302K(43520K)] 694608K->654521K(735232K), 0.0084540 secs] [Times: user=0.08 sys=0.00, real=0.01 secs] 
2019-02-01T03:01:21.730+0000: 803247.736: Total time for which application threads were stopped: 0.0116960 seconds, Stopping threads took: 0.0000477 seconds
2019-02-01T03:01:23.455+0000: 803249.461: Application time: 1.7251166 seconds
2019-02-01T03:01:23.458+0000: 803249.464: [GC (Allocation Failure) 2019-02-01T03:01:23.462+0000: 803249.468: [SoftReference, 0 refs, 0.0000407 secs]2019-02-01T03:01:23.462+0000: 803249.468: [WeakReference, 12 refs, 0.0000238 secs]2019-02-01T03:01:23.462+0000: 803249.468: [FinalReference, 295 refs, 0.0001252 secs]2019-02-01T03:01:23.462+0000: 803249.468: [PhantomReference, 0 refs, 0 refs, 0.0000148 secs]2019-02-01T03:01:23.462+0000: 803249.468: [JNI Weak Reference, 0.0000227 secs]
Desired survivor size 5242880 bytes, new threshold 1 (max 15)
[PSYoungGen: 43238K->3154K(43520K)] 694457K->655898K(735232K), 0.0080997 secs] [Times: user=0.08 sys=0.00, real=0.01 secs] 
2019-02-01T03:01:23.467+0000: 803249.472: Total time for which application threads were stopped: 0.0114429 seconds, Stopping threads took: 0.0000557 seconds
2019-02-01T03:01:24.609+0000: 803250.615: Application time: 1.1421270 seconds
2019-02-01T03:01:24.612+0000: 803250.618: [GC (Allocation Failure) 2019-02-01T03:01:24.619+0000: 803250.625: [SoftReference, 0 refs, 0.0000308 secs]2019-02-01T03:01:24.619+0000: 803250.625: [WeakReference, 20 refs, 0.0000170 secs]2019-02-01T03:01:24.619+0000: 803250.625: [FinalReference, 338 refs, 0.0001262 secs]2019-02-01T03:01:24.619+0000: 803250.625: [PhantomReference, 0 refs, 0 refs, 0.0000145 secs]2019-02-01T03:01:24.619+0000: 803250.625: [JNI Weak Reference, 0.0000220 secs]
Desired survivor size 5767168 bytes, new threshold 1 (max 15)
[PSYoungGen: 42578K->4824K(44032K)] 695322K->659338K(735744K), 0.0108760 secs] [Times: user=0.19 sys=0.00, real=0.01 secs] 
2019-02-01T03:01:24.623+0000: 803250.629: Total time for which application threads were stopped: 0.0141460 seconds, Stopping threads took: 0.0000462 seconds
2019-02-01T03:01:26.090+0000: 803252.096: Application time: 1.4667642 seconds
2019-02-01T03:01:26.093+0000: 803252.099: [GC (Allocation Failure) 2019-02-01T03:01:26.102+0000: 803252.108: [SoftReference, 0 refs, 0.0000359 secs]2019-02-01T03:01:26.102+0000: 803252.108: [WeakReference, 9 refs, 0.0000161 secs]2019-02-01T03:01:26.102+0000: 803252.108: [FinalReference, 291 refs, 0.0001218 secs]2019-02-01T03:01:26.102+0000: 803252.108: [PhantomReference, 0 refs, 0 refs, 0.0000143 secs]2019-02-01T03:01:26.102+0000: 803252.108: [JNI Weak Reference, 0.0000222 secs]
Desired survivor size 5767168 bytes, new threshold 1 (max 15)
[PSYoungGen: 43736K->3390K(43520K)] 698250K->659239K(735232K), 0.0127030 secs] [Times: user=0.23 sys=0.00, real=0.01 secs] 
2019-02-01T03:01:26.106+0000: 803252.111: Total time for which application threads were stopped: 0.0159496 seconds, Stopping threads took: 0.0000640 seconds
2019-02-01T03:01:27.533+0000: 803253.539: Application time: 1.4276783 seconds
2019-02-01T03:01:27.537+0000: 803253.542: [GC (Allocation Failure) 2019-02-01T03:01:27.542+0000: 803253.548: [SoftReference, 0 refs, 0.0000320 secs]2019-02-01T03:01:27.542+0000: 803253.548: [WeakReference, 9 refs, 0.0000163 secs]2019-02-01T03:01:27.542+0000: 803253.548: [FinalReference, 273 refs, 0.0001077 secs]2019-02-01T03:01:27.542+0000: 803253.548: [PhantomReference, 0 refs, 0 refs, 0.0000145 secs]2019-02-01T03:01:27.542+0000: 803253.548: [JNI Weak Reference, 0.0000220 secs]
Desired survivor size 5767168 bytes, new threshold 1 (max 15)
[PSYoungGen: 41621K->4128K(42496K)] 697470K->660842K(734208K), 0.0090645 secs] [Times: user=0.07 sys=0.00, real=0.01 secs] 
2019-02-01T03:01:27.546+0000: 803253.552: Total time for which application threads were stopped: 0.0123527 seconds, Stopping threads took: 0.0000518 seconds
2019-02-01T03:01:28.603+0000: 803254.608: Application time: 1.0569060 seconds
2019-02-01T03:01:28.606+0000: 803254.611: [GC (Allocation Failure) 2019-02-01T03:01:28.612+0000: 803254.618: [SoftReference, 0 refs, 0.0000367 secs]2019-02-01T03:01:28.612+0000: 803254.618: [WeakReference, 11 refs, 0.0000168 secs]2019-02-01T03:01:28.612+0000: 803254.618: [FinalReference, 310 refs, 0.0001055 secs]2019-02-01T03:01:28.613+0000: 803254.618: [PhantomReference, 0 refs, 0 refs, 0.0000147 secs]2019-02-01T03:01:28.613+0000: 803254.618: [JNI Weak Reference, 0.0000411 secs]
Desired survivor size 5767168 bytes, new threshold 1 (max 15)
[PSYoungGen: 42016K->4173K(42496K)] 698730K->661492K(734208K), 0.0105941 secs] [Times: user=0.18 sys=0.00, real=0.01 secs] 
2019-02-01T03:01:28.616+0000: 803254.622: Total time for which application threads were stopped: 0.0136787 seconds, Stopping threads took: 0.0000603 seconds
2019-02-01T03:01:30.045+0000: 803256.051: Application time: 1.4286722 seconds
2019-02-01T03:01:30.048+0000: 803256.054: [GC (Allocation Failure) 2019-02-01T03:01:30.055+0000: 803256.061: [SoftReference, 0 refs, 0.0000203 secs]2019-02-01T03:01:30.055+0000: 803256.061: [WeakReference, 11 refs, 0.0000096 secs]2019-02-01T03:01:30.055+0000: 803256.061: [FinalReference, 215 refs, 0.0000555 secs]2019-02-01T03:01:30.055+0000: 803256.061: [PhantomReference, 0 refs, 0 refs, 0.0000080 secs]2019-02-01T03:01:30.055+0000: 803256.061: [JNI Weak Reference, 0.0000248 secs]
Desired survivor size 5767168 bytes, new threshold 1 (max 15)
[PSYoungGen: 41549K->3407K(40448K)] 698868K->661635K(732160K), 0.0097407 secs] [Times: user=0.19 sys=0.00, real=0.01 secs] 
2019-02-01T03:01:30.058+0000: 803256.064: Total time for which application threads were stopped: 0.0130120 seconds, Stopping threads took: 0.0000578 seconds
2019-02-01T03:01:31.568+0000: 803257.574: Application time: 1.5103943 seconds
2019-02-01T03:01:31.572+0000: 803257.577: [GC (Allocation Failure) 2019-02-01T03:01:31.578+0000: 803257.584: [SoftReference, 0 refs, 0.0000194 secs]2019-02-01T03:01:31.578+0000: 803257.584: [WeakReference, 30 refs, 0.0000129 secs]2019-02-01T03:01:31.578+0000: 803257.584: [FinalReference, 224 refs, 0.0000510 secs]2019-02-01T03:01:31.578+0000: 803257.584: [PhantomReference, 0 refs, 0 refs, 0.0000139 secs]2019-02-01T03:01:31.578+0000: 803257.584: [JNI Weak Reference, 0.0000154 secs]
Desired survivor size 5767168 bytes, new threshold 1 (max 15)
[PSYoungGen: 40271K->4203K(41472K)] 698499K->663363K(733184K), 0.0093313 secs] [Times: user=0.14 sys=0.00, real=0.01 secs] 
2019-02-01T03:01:31.581+0000: 803257.587: Total time for which application threads were stopped: 0.0125028 seconds, Stopping threads took: 0.0001003 seconds
2019-02-01T03:01:32.799+0000: 803258.805: Application time: 1.2181757 seconds
2019-02-01T03:01:32.802+0000: 803258.808: [GC (Allocation Failure) 2019-02-01T03:01:32.805+0000: 803258.811: [SoftReference, 0 refs, 0.0000234 secs]2019-02-01T03:01:32.805+0000: 803258.811: [WeakReference, 13 refs, 0.0000159 secs]2019-02-01T03:01:32.805+0000: 803258.811: [FinalReference, 254 refs, 0.0001211 secs]2019-02-01T03:01:32.806+0000: 803258.811: [PhantomReference, 0 refs, 0 refs, 0.0000251 secs]2019-02-01T03:01:32.806+0000: 803258.811: [JNI Weak Reference, 0.0000245 secs]
Desired survivor size 5767168 bytes, new threshold 1 (max 15)
[PSYoungGen: 40555K->2733K(38912K)] 699715K->662886K(730624K), 0.0070964 secs] [Times: user=0.07 sys=0.00, real=0.00 secs] 
2019-02-01T03:01:32.809+0000: 803258.815: Total time for which application threads were stopped: 0.0103167 seconds, Stopping threads took: 0.0000599 seconds
2019-02-01T03:01:34.650+0000: 803260.656: Application time: 1.8405185 seconds
2019-02-01T03:01:34.653+0000: 803260.659: [GC (Allocation Failure) 2019-02-01T03:01:34.657+0000: 803260.663: [SoftReference, 0 refs, 0.0000323 secs]2019-02-01T03:01:34.657+0000: 803260.663: [WeakReference, 20 refs, 0.0000178 secs]2019-02-01T03:01:34.657+0000: 803260.663: [FinalReference, 269 refs, 0.0001075 secs]2019-02-01T03:01:34.657+0000: 803260.663: [PhantomReference, 0 refs, 0 refs, 0.0000143 secs]2019-02-01T03:01:34.657+0000: 803260.663: [JNI Weak Reference, 0.0000227 secs]
Desired survivor size 5767168 bytes, new threshold 1 (max 15)
[PSYoungGen: 38573K->2883K(40448K)] 698726K->664148K(732160K), 0.0068428 secs] [Times: user=0.08 sys=0.00, real=0.00 secs] 
2019-02-01T03:01:34.660+0000: 803260.666: Total time for which application threads were stopped: 0.0098477 seconds, Stopping threads took: 0.0000626 seconds
2019-02-01T03:01:36.244+0000: 803262.249: Application time: 1.5837222 seconds
2019-02-01T03:01:36.247+0000: 803262.252: [GC (Allocation Failure) 2019-02-01T03:01:36.250+0000: 803262.256: [SoftReference, 0 refs, 0.0000398 secs]2019-02-01T03:01:36.250+0000: 803262.256: [WeakReference, 25 refs, 0.0000181 secs]2019-02-01T03:01:36.250+0000: 803262.256: [FinalReference, 240 refs, 0.0001023 secs]2019-02-01T03:01:36.251+0000: 803262.256: [PhantomReference, 0 refs, 0 refs, 0.0000145 secs]2019-02-01T03:01:36.251+0000: 803262.256: [JNI Weak Reference, 0.0000225 secs]
Desired survivor size 5767168 bytes, new threshold 1 (max 15)
[PSYoungGen: 38211K->2432K(37376K)] 699476K->665484K(729088K), 0.0076130 secs] [Times: user=0.07 sys=0.00, real=0.01 secs] 
2019-02-01T03:01:36.254+0000: 803262.260: Total time for which application threads were stopped: 0.0107499 seconds, Stopping threads took: 0.0000547 seconds
2019-02-01T03:01:37.818+0000: 803263.824: Application time: 1.5638289 seconds
2019-02-01T03:01:37.821+0000: 803263.827: Total time for which application threads were stopped: 0.0031413 seconds, Stopping threads took: 0.0000600 seconds
2019-02-01T03:01:37.821+0000: 803263.827: Application time: 0.0001236 seconds
2019-02-01T03:01:37.823+0000: 803263.829: [GC (GCLocker Initiated GC) 2019-02-01T03:01:37.827+0000: 803263.833: [SoftReference, 0 refs, 0.0000199 secs]2019-02-01T03:01:37.827+0000: 803263.833: [WeakReference, 6 refs, 0.0000085 secs]2019-02-01T03:01:37.827+0000: 803263.833: [FinalReference, 253 refs, 0.0001043 secs]2019-02-01T03:01:37.827+0000: 803263.833: [PhantomReference, 0 refs, 0 refs, 0.0000083 secs]2019-02-01T03:01:37.827+0000: 803263.833: [JNI Weak Reference, 0.0000207 secs]
Desired survivor size 5767168 bytes, new threshold 1 (max 15)
[PSYoungGen: 37248K->2012K(39424K)] 700301K->665881K(731136K), 0.0072538 secs] [Times: user=0.10 sys=0.00, real=0.00 secs] 
2019-02-01T03:01:37.830+0000: 803263.836: Total time for which application threads were stopped: 0.0088999 seconds, Stopping threads took: 0.0000340 seconds
2019-02-01T03:01:39.287+0000: 803265.293: Application time: 1.4567770 seconds
2019-02-01T03:01:39.290+0000: 803265.296: [GC (Allocation Failure) 2019-02-01T03:01:39.294+0000: 803265.300: [SoftReference, 0 refs, 0.0000322 secs]2019-02-01T03:01:39.294+0000: 803265.300: [WeakReference, 6 refs, 0.0000153 secs]2019-02-01T03:01:39.294+0000: 803265.300: [FinalReference, 282 refs, 0.0001579 secs]2019-02-01T03:01:39.294+0000: 803265.300: [PhantomReference, 0 refs, 0 refs, 0.0000148 secs]2019-02-01T03:01:39.294+0000: 803265.300: [JNI Weak Reference, 0.0000448 secs]
Desired survivor size 5767168 bytes, new threshold 1 (max 15)
[PSYoungGen: 36316K->2288K(36352K)] 700189K->666888K(728064K), 0.0079331 secs] [Times: user=0.08 sys=0.01, real=0.01 secs] 
2019-02-01T03:01:39.298+0000: 803265.304: Total time for which application threads were stopped: 0.0112205 seconds, Stopping threads took: 0.0000510 seconds
2019-02-01T03:01:41.379+0000: 803267.385: Application time: 2.0807956 seconds
2019-02-01T03:01:41.382+0000: 803267.388: [GC (Allocation Failure) 2019-02-01T03:01:41.387+0000: 803267.393: [SoftReference, 0 refs, 0.0000396 secs]2019-02-01T03:01:41.387+0000: 803267.393: [WeakReference, 7 refs, 0.0000149 secs]2019-02-01T03:01:41.388+0000: 803267.393: [FinalReference, 201 refs, 0.0000835 secs]2019-02-01T03:01:41.388+0000: 803267.393: [PhantomReference, 0 refs, 0 refs, 0.0000140 secs]2019-02-01T03:01:41.388+0000: 803267.393: [JNI Weak Reference, 0.0000380 secs]
Desired survivor size 5767168 bytes, new threshold 1 (max 15)
[PSYoungGen: 36080K->2165K(38400K)] 700680K->667550K(730112K), 0.0094070 secs] [Times: user=0.10 sys=0.01, real=0.01 secs] 
2019-02-01T03:01:41.392+0000: 803267.398: Total time for which application threads were stopped: 0.0127512 seconds, Stopping threads took: 0.0000553 seconds
2019-02-01T03:01:42.929+0000: 803268.935: Application time: 1.5369891 seconds
2019-02-01T03:01:42.932+0000: 803268.938: [GC (Allocation Failure) 2019-02-01T03:01:42.940+0000: 803268.946: [SoftReference, 0 refs, 0.0000241 secs]2019-02-01T03:01:42.940+0000: 803268.946: [WeakReference, 7 refs, 0.0000148 secs]2019-02-01T03:01:42.940+0000: 803268.946: [FinalReference, 185 refs, 0.0000892 secs]2019-02-01T03:01:42.940+0000: 803268.946: [PhantomReference, 0 refs, 0 refs, 0.0000140 secs]2019-02-01T03:01:42.940+0000: 803268.946: [JNI Weak Reference, 0.0000230 secs]
Desired survivor size 5767168 bytes, new threshold 1 (max 15)
[PSYoungGen: 35445K->3583K(36352K)] 700830K->669639K(728064K), 0.0117491 secs] [Times: user=0.21 sys=0.00, real=0.02 secs] 
2019-02-01T03:01:42.944+0000: 803268.950: Total time for which application threads were stopped: 0.0150322 seconds, Stopping threads took: 0.0000555 seconds
2019-02-01T03:01:44.258+0000: 803270.264: Application time: 1.3141941 seconds
2019-02-01T03:01:44.261+0000: 803270.267: [GC (Allocation Failure) 2019-02-01T03:01:44.266+0000: 803270.272: [SoftReference, 0 refs, 0.0000324 secs]2019-02-01T03:01:44.266+0000: 803270.272: [WeakReference, 6 refs, 0.0000147 secs]2019-02-01T03:01:44.266+0000: 803270.272: [FinalReference, 267 refs, 0.0001408 secs]2019-02-01T03:01:44.266+0000: 803270.272: [PhantomReference, 0 refs, 0 refs, 0.0000143 secs]2019-02-01T03:01:44.266+0000: 803270.272: [JNI Weak Reference, 0.0000286 secs]
Desired survivor size 5242880 bytes, new threshold 1 (max 15)
[PSYoungGen: 36351K->3008K(36352K)] 702407K->669672K(728064K), 0.0086501 secs] [Times: user=0.10 sys=0.00, real=0.01 secs] 
2019-02-01T03:01:44.270+0000: 803270.276: Total time for which application threads were stopped: 0.0120572 seconds, Stopping threads took: 0.0000671 seconds
2019-02-01T03:01:44.525+0000: 803270.531: Application time: 0.2549278 seconds
2019-02-01T03:01:44.528+0000: 803270.534: Total time for which application threads were stopped: 0.0031407 seconds, Stopping threads took: 0.0000609 seconds
2019-02-01T03:01:45.376+0000: 803271.382: Application time: 0.8480347 seconds
2019-02-01T03:01:45.379+0000: 803271.385: [GC (Allocation Failure) 2019-02-01T03:01:45.385+0000: 803271.391: [SoftReference, 0 refs, 0.0000309 secs]2019-02-01T03:01:45.386+0000: 803271.391: [WeakReference, 13 refs, 0.0000159 secs]2019-02-01T03:01:45.386+0000: 803271.391: [FinalReference, 280 refs, 0.0001302 secs]2019-02-01T03:01:45.386+0000: 803271.391: [PhantomReference, 0 refs, 0 refs, 0.0000147 secs]2019-02-01T03:01:45.386+0000: 803271.391: [JNI Weak Reference, 0.0000223 secs]
Desired survivor size 5242880 bytes, new threshold 1 (max 15)
[PSYoungGen: 35220K->2813K(34816K)] 701884K->670315K(726528K), 0.0099112 secs] [Times: user=0.12 sys=0.00, real=0.01 secs] 
2019-02-01T03:01:45.389+0000: 803271.395: Total time for which application threads were stopped: 0.0131618 seconds, Stopping threads took: 0.0000536 seconds
2019-02-01T03:01:46.921+0000: 803272.927: Application time: 1.5318498 seconds
2019-02-01T03:01:46.924+0000: 803272.930: [GC (Allocation Failure) 2019-02-01T03:01:46.933+0000: 803272.939: [SoftReference, 0 refs, 0.0000431 secs]2019-02-01T03:01:46.933+0000: 803272.939: [WeakReference, 4 refs, 0.0000138 secs]2019-02-01T03:01:46.933+0000: 803272.939: [FinalReference, 198 refs, 0.0000759 secs]2019-02-01T03:01:46.933+0000: 803272.939: [PhantomReference, 0 refs, 0 refs, 0.0000144 secs]2019-02-01T03:01:46.933+0000: 803272.939: [JNI Weak Reference, 0.0000268 secs]
Desired survivor size 5242880 bytes, new threshold 1 (max 15)
[PSYoungGen: 34557K->1681K(35840K)] 702059K->670018K(727552K), 0.0123780 secs] [Times: user=0.20 sys=0.00, real=0.01 secs] 
2019-02-01T03:01:46.937+0000: 803272.943: Total time for which application threads were stopped: 0.0156497 seconds, Stopping threads took: 0.0000609 seconds
2019-02-01T03:01:47.751+0000: 803273.757: Application time: 0.8138581 seconds
2019-02-01T03:01:47.754+0000: 803273.760: [GC (Allocation Failure) 2019-02-01T03:01:47.758+0000: 803273.764: [SoftReference, 0 refs, 0.0000290 secs]2019-02-01T03:01:47.758+0000: 803273.764: [WeakReference, 6 refs, 0.0000137 secs]2019-02-01T03:01:47.758+0000: 803273.764: [FinalReference, 266 refs, 0.0001387 secs]2019-02-01T03:01:47.758+0000: 803273.764: [PhantomReference, 0 refs, 0 refs, 0.0000141 secs]2019-02-01T03:01:47.758+0000: 803273.764: [JNI Weak Reference, 0.0000334 secs]
Desired survivor size 5242880 bytes, new threshold 1 (max 15)
[PSYoungGen: 32913K->2623K(33792K)] 701250K->671849K(725504K), 0.0079094 secs] [Times: user=0.07 sys=0.00, real=0.00 secs] 
2019-02-01T03:01:47.762+0000: 803273.768: Total time for which application threads were stopped: 0.0110845 seconds, Stopping threads took: 0.0000513 seconds
2019-02-01T03:01:48.910+0000: 803274.916: Application time: 1.1485363 seconds
2019-02-01T03:01:48.914+0000: 803274.919: [GC (Allocation Failure) 2019-02-01T03:01:48.919+0000: 803274.925: [SoftReference, 0 refs, 0.0000208 secs]2019-02-01T03:01:48.920+0000: 803274.925: [WeakReference, 10 refs, 0.0000150 secs]2019-02-01T03:01:48.920+0000: 803274.925: [FinalReference, 202 refs, 0.0000943 secs]2019-02-01T03:01:48.920+0000: 803274.925: [PhantomReference, 0 refs, 0 refs, 0.0000149 secs]2019-02-01T03:01:48.920+0000: 803274.925: [JNI Weak Reference, 0.0000226 secs]
Desired survivor size 5242880 bytes, new threshold 1 (max 15)
[PSYoungGen: 33343K->3132K(34816K)] 702569K->674096K(726528K), 0.0096421 secs] [Times: user=0.10 sys=0.00, real=0.01 secs] 
2019-02-01T03:01:48.923+0000: 803274.929: Total time for which application threads were stopped: 0.0130616 seconds, Stopping threads took: 0.0000653 seconds
2019-02-01T03:01:50.124+0000: 803276.130: Application time: 1.2006056 seconds
2019-02-01T03:01:50.127+0000: 803276.133: [GC (Allocation Failure) 2019-02-01T03:01:50.136+0000: 803276.142: [SoftReference, 0 refs, 0.0000211 secs]2019-02-01T03:01:50.136+0000: 803276.142: [WeakReference, 16 refs, 0.0000285 secs]2019-02-01T03:01:50.136+0000: 803276.142: [FinalReference, 196 refs, 0.0000957 secs]2019-02-01T03:01:50.136+0000: 803276.142: [PhantomReference, 0 refs, 0 refs, 0.0000141 secs]2019-02-01T03:01:50.136+0000: 803276.142: [JNI Weak Reference, 0.0000232 secs]
Desired survivor size 5242880 bytes, new threshold 1 (max 15)
[PSYoungGen: 33340K->3535K(35328K)] 704304K->675371K(727040K), 0.0122021 secs] [Times: user=0.21 sys=0.01, real=0.01 secs] 
2019-02-01T03:01:50.140+0000: 803276.145: Total time for which application threads were stopped: 0.0156332 seconds, Stopping threads took: 0.0000702 seconds
2019-02-01T03:01:50.667+0000: 803276.673: Application time: 0.5275809 seconds
2019-02-01T03:01:50.671+0000: 803276.676: Total time for which application threads were stopped: 0.0032555 seconds, Stopping threads took: 0.0001206 seconds
2019-02-01T03:01:50.671+0000: 803276.676: Application time: 0.0001472 seconds
2019-02-01T03:01:50.673+0000: 803276.678: [GC (GCLocker Initiated GC) 2019-02-01T03:01:50.846+0000: 803276.852: [SoftReference, 0 refs, 0.0000491 secs]2019-02-01T03:01:50.846+0000: 803276.852: [WeakReference, 19 refs, 0.0000130 secs]2019-02-01T03:01:50.846+0000: 803276.852: [FinalReference, 301 refs, 0.0001021 secs]2019-02-01T03:01:50.846+0000: 803276.852: [PhantomReference, 0 refs, 0 refs, 0.0000084 secs]2019-02-01T03:01:50.846+0000: 803276.852: [JNI Weak Reference, 0.0000156 secs]
Desired survivor size 5242880 bytes, new threshold 1 (max 15)
[PSYoungGen: 33743K->4242K(40448K)] 705583K->676978K(732160K), 0.1757534 secs] [Times: user=3.76 sys=0.94, real=0.18 secs] 
2019-02-01T03:01:50.849+0000: 803276.854: Total time for which application threads were stopped: 0.1778438 seconds, Stopping threads took: 0.0000270 seconds
2019-02-01T03:01:52.453+0000: 803278.459: Application time: 1.6048889 seconds
2019-02-01T03:01:52.457+0000: 803278.462: [GC (Allocation Failure) 2019-02-01T03:01:52.462+0000: 803278.468: [SoftReference, 0 refs, 0.0000297 secs]2019-02-01T03:01:52.462+0000: 803278.468: [WeakReference, 17 refs, 0.0000173 secs]2019-02-01T03:01:52.462+0000: 803278.468: [FinalReference, 258 refs, 0.0001418 secs]2019-02-01T03:01:52.462+0000: 803278.468: [PhantomReference, 0 refs, 0 refs, 0.0000147 secs]2019-02-01T03:01:52.462+0000: 803278.468: [JNI Weak Reference, 0.0000275 secs]
Desired survivor size 5242880 bytes, new threshold 1 (max 15)
[PSYoungGen: 39570K->3464K(40448K)] 712308K->677838K(732160K), 0.0093715 secs] [Times: user=0.08 sys=0.00, real=0.01 secs] 
2019-02-01T03:01:52.466+0000: 803278.472: Total time for which application threads were stopped: 0.0126747 seconds, Stopping threads took: 0.0000501 seconds
2019-02-01T03:01:53.535+0000: 803279.541: Application time: 1.0689444 seconds
2019-02-01T03:01:53.538+0000: 803279.544: [GC (Allocation Failure) 2019-02-01T03:01:53.908+0000: 803279.914: [SoftReference, 0 refs, 0.0000511 secs]2019-02-01T03:01:53.908+0000: 803279.914: [WeakReference, 18 refs, 0.0000188 secs]2019-02-01T03:01:53.908+0000: 803279.914: [FinalReference, 252 refs, 0.0001295 secs]2019-02-01T03:01:53.908+0000: 803279.914: [PhantomReference, 0 refs, 0 refs, 0.0000150 secs]2019-02-01T03:01:53.908+0000: 803279.914: [JNI Weak Reference, 0.0000229 secs]
Desired survivor size 5767168 bytes, new threshold 1 (max 15)
[PSYoungGen: 38792K->4418K(47104K)] 713166K->680770K(738816K), 0.3738708 secs] [Times: user=8.67 sys=1.91, real=0.37 secs] 
2019-02-01T03:01:53.912+0000: 803279.918: Total time for which application threads were stopped: 0.3772492 seconds, Stopping threads took: 0.0000521 seconds
2019-02-01T03:01:55.097+0000: 803281.103: Application time: 1.1850896 seconds
2019-02-01T03:01:55.101+0000: 803281.106: [GC (Allocation Failure) 2019-02-01T03:01:55.109+0000: 803281.114: [SoftReference, 0 refs, 0.0000360 secs]2019-02-01T03:01:55.109+0000: 803281.114: [WeakReference, 5 refs, 0.0000144 secs]2019-02-01T03:01:55.109+0000: 803281.114: [FinalReference, 329 refs, 0.0001522 secs]2019-02-01T03:01:55.109+0000: 803281.115: [PhantomReference, 0 refs, 0 refs, 0.0000147 secs]2019-02-01T03:01:55.109+0000: 803281.115: [JNI Weak Reference, 0.0000227 secs]
Desired survivor size 5767168 bytes, new threshold 1 (max 15)
[PSYoungGen: 46402K->2126K(47616K)] 722754K->679131K(739328K), 0.0118807 secs] [Times: user=0.21 sys=0.00, real=0.01 secs] 
2019-02-01T03:01:55.113+0000: 803281.118: Total time for which application threads were stopped: 0.0151416 seconds, Stopping threads took: 0.0000495 seconds
2019-02-01T03:01:56.456+0000: 803282.461: Application time: 1.3429729 seconds
2019-02-01T03:01:56.459+0000: 803282.464: [GC (Allocation Failure) 2019-02-01T03:01:57.004+0000: 803283.010: [SoftReference, 0 refs, 0.0000372 secs]2019-02-01T03:01:57.004+0000: 803283.010: [WeakReference, 9 refs, 0.0000197 secs]2019-02-01T03:01:57.004+0000: 803283.010: [FinalReference, 266 refs, 0.0000741 secs]2019-02-01T03:01:57.004+0000: 803283.010: [PhantomReference, 0 refs, 0 refs, 0.0000070 secs]2019-02-01T03:01:57.004+0000: 803283.010: [JNI Weak Reference, 0.0000144 secs]
Desired survivor size 5242880 bytes, new threshold 1 (max 15)
[PSYoungGen: 44110K->3114K(55296K)] 721115K->680916K(747008K), 0.5478663 secs] [Times: user=8.94 sys=8.11, real=0.55 secs] 
2019-02-01T03:01:57.007+0000: 803283.012: Total time for which application threads were stopped: 0.5511369 seconds, Stopping threads took: 0.0000531 seconds
2019-02-01T03:01:58.589+0000: 803284.595: Application time: 1.5825164 seconds
2019-02-01T03:01:58.592+0000: 803284.598: [GC (Allocation Failure) 2019-02-01T03:01:58.597+0000: 803284.603: [SoftReference, 0 refs, 0.0000325 secs]2019-02-01T03:01:58.597+0000: 803284.603: [WeakReference, 14 refs, 0.0000170 secs]2019-02-01T03:01:58.597+0000: 803284.603: [FinalReference, 357 refs, 0.0001491 secs]2019-02-01T03:01:58.597+0000: 803284.603: [PhantomReference, 0 refs, 0 refs, 0.0000148 secs]2019-02-01T03:01:58.597+0000: 803284.603: [JNI Weak Reference, 0.0000227 secs]
Desired survivor size 5242880 bytes, new threshold 1 (max 15)
[PSYoungGen: 53802K->3715K(55808K)] 731604K->682295K(747520K), 0.0087101 secs] [Times: user=0.08 sys=0.02, real=0.01 secs] 
2019-02-01T03:01:58.601+0000: 803284.607: Total time for which application threads were stopped: 0.0119450 seconds, Stopping threads took: 0.0000530 seconds
2019-02-01T03:01:59.711+0000: 803285.717: Application time: 1.1103483 seconds
2019-02-01T03:01:59.715+0000: 803285.721: Total time for which application threads were stopped: 0.0032385 seconds, Stopping threads took: 0.0000531 seconds
2019-02-01T03:01:59.715+0000: 803285.721: Application time: 0.0001131 seconds
2019-02-01T03:01:59.717+0000: 803285.723: Total time for which application threads were stopped: 0.0020315 seconds, Stopping threads took: 0.0000591 seconds
2019-02-01T03:02:00.921+0000: 803286.926: Application time: 1.2036200 seconds
2019-02-01T03:02:00.924+0000: 803286.930: Total time for which application threads were stopped: 0.0033091 seconds, Stopping threads took: 0.0000537 seconds
2019-02-01T03:02:00.924+0000: 803286.930: Application time: 0.0000897 seconds
2019-02-01T03:02:00.926+0000: 803286.932: Total time for which application threads were stopped: 0.0020109 seconds, Stopping threads took: 0.0000247 seconds
2019-02-01T03:02:01.041+0000: 803287.047: Application time: 0.1151908 seconds
2019-02-01T03:02:01.044+0000: 803287.050: [GC (Allocation Failure) 2019-02-01T03:02:01.267+0000: 803287.272: [SoftReference, 0 refs, 0.0000326 secs]2019-02-01T03:02:01.267+0000: 803287.272: [WeakReference, 14 refs, 0.0000110 secs]2019-02-01T03:02:01.267+0000: 803287.272: [FinalReference, 370 refs, 0.0001178 secs]2019-02-01T03:02:01.267+0000: 803287.273: [PhantomReference, 0 refs, 0 refs, 0.0000107 secs]2019-02-01T03:02:01.267+0000: 803287.273: [JNI Weak Reference, 0.0000151 secs]
Desired survivor size 5242880 bytes, new threshold 1 (max 15)
[PSYoungGen: 54403K->3403K(66048K)] 732983K->682870K(757760K), 0.2248588 secs] [Times: user=6.01 sys=0.91, real=0.23 secs] 
2019-02-01T03:02:01.269+0000: 803287.275: Total time for which application threads were stopped: 0.2282842 seconds, Stopping threads took: 0.0000630 seconds
2019-02-01T03:02:01.906+0000: 803287.912: Application time: 0.6363477 seconds
2019-02-01T03:02:01.910+0000: 803287.915: Total time for which application threads were stopped: 0.0038355 seconds, Stopping threads took: 0.0000625 seconds
2019-02-01T03:02:02.672+0000: 803288.678: Application time: 0.7626983 seconds
2019-02-01T03:02:02.676+0000: 803288.681: Total time for which application threads were stopped: 0.0031811 seconds, Stopping threads took: 0.0000560 seconds
2019-02-01T03:02:02.676+0000: 803288.681: Application time: 0.0000727 seconds
2019-02-01T03:02:02.678+0000: 803288.683: Total time for which application threads were stopped: 0.0019737 seconds, Stopping threads took: 0.0000438 seconds
2019-02-01T03:02:03.707+0000: 803289.713: Application time: 1.0298603 seconds
2019-02-01T03:02:03.711+0000: 803289.716: [GC (Allocation Failure) 2019-02-01T03:02:03.886+0000: 803289.892: [SoftReference, 0 refs, 0.0000335 secs]2019-02-01T03:02:03.886+0000: 803289.892: [WeakReference, 20 refs, 0.0000117 secs]2019-02-01T03:02:03.886+0000: 803289.892: [FinalReference, 419 refs, 0.0001125 secs]2019-02-01T03:02:03.886+0000: 803289.892: [PhantomReference, 0 refs, 0 refs, 0.0000084 secs]2019-02-01T03:02:03.886+0000: 803289.892: [JNI Weak Reference, 0.0000210 secs]
Desired survivor size 5767168 bytes, new threshold 1 (max 15)
[PSYoungGen: 64331K->4372K(66048K)] 743798K->684763K(757760K), 0.1781881 secs] [Times: user=4.64 sys=0.93, real=0.18 secs] 
2019-02-01T03:02:03.889+0000: 803289.895: Total time for which application threads were stopped: 0.1814497 seconds, Stopping threads took: 0.0000653 seconds
2019-02-01T03:02:06.305+0000: 803292.310: Application time: 2.4156364 seconds
2019-02-01T03:02:06.308+0000: 803292.313: [GC (Allocation Failure) 2019-02-01T03:02:06.460+0000: 803292.466: [SoftReference, 0 refs, 0.0000460 secs]2019-02-01T03:02:06.460+0000: 803292.466: [WeakReference, 4 refs, 0.0000074 secs]2019-02-01T03:02:06.460+0000: 803292.466: [FinalReference, 510 refs, 0.0001528 secs]2019-02-01T03:02:06.460+0000: 803292.466: [PhantomReference, 0 refs, 0 refs, 0.0000075 secs]2019-02-01T03:02:06.460+0000: 803292.466: [JNI Weak Reference, 0.0000142 secs]
Desired survivor size 5767168 bytes, new threshold 1 (max 15)
[PSYoungGen: 65300K->1952K(78848K)] 745691K->683300K(770560K), 0.1546647 secs] [Times: user=4.59 sys=0.30, real=0.15 secs] 
2019-02-01T03:02:06.462+0000: 803292.468: Total time for which application threads were stopped: 0.1578964 seconds, Stopping threads took: 0.0000516 seconds
2019-02-01T03:02:08.263+0000: 803294.269: Application time: 1.8007866 seconds
2019-02-01T03:02:08.268+0000: 803294.274: Total time for which application threads were stopped: 0.0045361 seconds, Stopping threads took: 0.0000601 seconds
2019-02-01T03:02:08.268+0000: 803294.274: Application time: 0.0000831 seconds
2019-02-01T03:02:08.270+0000: 803294.276: Total time for which application threads were stopped: 0.0020896 seconds, Stopping threads took: 0.0000371 seconds
2019-02-01T03:02:08.548+0000: 803294.554: Application time: 0.2782470 seconds
2019-02-01T03:02:08.551+0000: 803294.557: Total time for which application threads were stopped: 0.0032084 seconds, Stopping threads took: 0.0000488 seconds
2019-02-01T03:02:08.903+0000: 803294.908: Application time: 0.3512143 seconds
2019-02-01T03:02:08.906+0000: 803294.912: [GC (Allocation Failure) 2019-02-01T03:02:09.073+0000: 803295.079: [SoftReference, 0 refs, 0.0000379 secs]2019-02-01T03:02:09.073+0000: 803295.079: [WeakReference, 12 refs, 0.0000104 secs]2019-02-01T03:02:09.073+0000: 803295.079: [FinalReference, 538 refs, 0.0001400 secs]2019-02-01T03:02:09.073+0000: 803295.079: [PhantomReference, 0 refs, 0 refs, 0.0000084 secs]2019-02-01T03:02:09.073+0000: 803295.079: [JNI Weak Reference, 0.0000156 secs]
Desired survivor size 5767168 bytes, new threshold 1 (max 15)
[PSYoungGen: 75168K->3926K(78848K)] 756516K->686248K(770560K), 0.1702175 secs] [Times: user=3.99 sys=1.43, real=0.17 secs] 
2019-02-01T03:02:09.076+0000: 803295.082: Total time for which application threads were stopped: 0.1734880 seconds, Stopping threads took: 0.0000738 seconds
2019-02-01T03:02:09.677+0000: 803295.683: Application time: 0.6006924 seconds
2019-02-01T03:02:09.680+0000: 803295.686: Total time for which application threads were stopped: 0.0033180 seconds, Stopping threads took: 0.0000855 seconds
2019-02-01T03:02:09.881+0000: 803295.886: Application time: 0.2005424 seconds
2019-02-01T03:02:09.884+0000: 803295.890: Total time for which application threads were stopped: 0.0031711 seconds, Stopping threads took: 0.0000555 seconds
2019-02-01T03:02:09.901+0000: 803295.907: Application time: 0.0176003 seconds
2019-02-01T03:02:09.904+0000: 803295.910: Total time for which application threads were stopped: 0.0023860 seconds, Stopping threads took: 0.0000388 seconds
2019-02-01T03:02:12.157+0000: 803298.162: Application time: 2.2526899 seconds
2019-02-01T03:02:12.160+0000: 803298.165: Total time for which application threads were stopped: 0.0032017 seconds, Stopping threads took: 0.0000593 seconds
2019-02-01T03:02:12.160+0000: 803298.166: Application time: 0.0001110 seconds
2019-02-01T03:02:12.162+0000: 803298.168: [GC (GCLocker Initiated GC) 2019-02-01T03:02:12.364+0000: 803298.369: [SoftReference, 0 refs, 0.0000530 secs]2019-02-01T03:02:12.364+0000: 803298.369: [WeakReference, 19 refs, 0.0000105 secs]2019-02-01T03:02:12.364+0000: 803298.369: [FinalReference, 570 refs, 0.0001928 secs]2019-02-01T03:02:12.364+0000: 803298.370: [PhantomReference, 0 refs, 0 refs, 0.0000077 secs]2019-02-01T03:02:12.364+0000: 803298.370: [JNI Weak Reference, 0.0000148 secs]
Desired survivor size 5767168 bytes, new threshold 1 (max 15)
[PSYoungGen: 77142K->4650K(93696K)] 759465K->687743K(785408K), 0.2041925 secs] [Times: user=5.63 sys=0.81, real=0.20 secs] 
2019-02-01T03:02:12.366+0000: 803298.372: Total time for which application threads were stopped: 0.2063866 seconds, Stopping threads took: 0.0000770 seconds
2019-02-01T03:02:13.668+0000: 803299.674: Application time: 1.3020440 seconds
2019-02-01T03:02:13.672+0000: 803299.677: Total time for which application threads were stopped: 0.0032891 seconds, Stopping threads took: 0.0000689 seconds
2019-02-01T03:02:13.672+0000: 803299.677: Application time: 0.0000600 seconds
2019-02-01T03:02:13.674+0000: 803299.679: Total time for which application threads were stopped: 0.0020095 seconds, Stopping threads took: 0.0000371 seconds
2019-02-01T03:02:16.382+0000: 803302.387: Application time: 2.7079862 seconds
2019-02-01T03:02:16.385+0000: 803302.391: [GC (Allocation Failure) 2019-02-01T03:02:16.567+0000: 803302.573: [SoftReference, 0 refs, 0.0000402 secs]2019-02-01T03:02:16.567+0000: 803302.573: [WeakReference, 19 refs, 0.0000114 secs]2019-02-01T03:02:16.567+0000: 803302.573: [FinalReference, 667 refs, 0.0001767 secs]2019-02-01T03:02:16.567+0000: 803302.573: [PhantomReference, 0 refs, 0 refs, 0.0000085 secs]2019-02-01T03:02:16.567+0000: 803302.573: [JNI Weak Reference, 0.0000153 secs]
Desired survivor size 7340032 bytes, new threshold 1 (max 15)
[PSYoungGen: 92714K->5620K(93696K)] 775810K->690220K(785408K), 0.1847781 secs] [Times: user=4.04 sys=1.69, real=0.19 secs] 
2019-02-01T03:02:16.570+0000: 803302.576: Total time for which application threads were stopped: 0.1881515 seconds, Stopping threads took: 0.0000549 seconds
2019-02-01T03:02:19.576+0000: 803305.582: Application time: 3.0066757 seconds
2019-02-01T03:02:19.580+0000: 803305.585: Total time for which application threads were stopped: 0.0032435 seconds, Stopping threads took: 0.0000775 seconds
2019-02-01T03:02:19.580+0000: 803305.586: Application time: 0.0001039 seconds
2019-02-01T03:02:19.582+0000: 803305.588: Total time for which application threads were stopped: 0.0019888 seconds, Stopping threads took: 0.0000433 seconds
2019-02-01T03:02:19.796+0000: 803305.801: Application time: 0.2137017 seconds
2019-02-01T03:02:19.799+0000: 803305.804: [GC (Allocation Failure) 2019-02-01T03:02:19.960+0000: 803305.965: [SoftReference, 0 refs, 0.0000363 secs]2019-02-01T03:02:19.960+0000: 803305.965: [WeakReference, 31 refs, 0.0000138 secs]2019-02-01T03:02:19.960+0000: 803305.965: [FinalReference, 580 refs, 0.0001756 secs]2019-02-01T03:02:19.960+0000: 803305.966: [PhantomReference, 0 refs, 0 refs, 0.0000087 secs]2019-02-01T03:02:19.960+0000: 803305.966: [JNI Weak Reference, 0.0000154 secs]
Desired survivor size 7340032 bytes, new threshold 1 (max 15)
[PSYoungGen: 93684K->4697K(112128K)] 778284K->691357K(803840K), 0.1636057 secs] [Times: user=3.83 sys=1.20, real=0.16 secs] 
2019-02-01T03:02:19.962+0000: 803305.968: Total time for which application threads were stopped: 0.1669145 seconds, Stopping threads took: 0.0000505 seconds
2019-02-01T03:02:20.364+0000: 803306.369: Application time: 0.4012487 seconds
2019-02-01T03:02:20.367+0000: 803306.373: Total time for which application threads were stopped: 0.0032686 seconds, Stopping threads took: 0.0001061 seconds
2019-02-01T03:02:22.667+0000: 803308.673: Application time: 2.3002959 seconds
2019-02-01T03:02:22.671+0000: 803308.676: Total time for which application threads were stopped: 0.0033316 seconds, Stopping threads took: 0.0000527 seconds
2019-02-01T03:02:22.671+0000: 803308.676: Application time: 0.0000905 seconds
2019-02-01T03:02:22.673+0000: 803308.679: Total time for which application threads were stopped: 0.0021418 seconds, Stopping threads took: 0.0000418 seconds
2019-02-01T03:02:23.827+0000: 803309.833: Application time: 1.1542128 seconds
2019-02-01T03:02:23.831+0000: 803309.836: [GC (Allocation Failure) 2019-02-01T03:02:24.028+0000: 803310.034: [SoftReference, 0 refs, 0.0000474 secs]2019-02-01T03:02:24.028+0000: 803310.034: [WeakReference, 18 refs, 0.0000182 secs]2019-02-01T03:02:24.028+0000: 803310.034: [FinalReference, 798 refs, 0.0002768 secs]2019-02-01T03:02:24.028+0000: 803310.034: [PhantomReference, 0 refs, 0 refs, 0.0000150 secs]2019-02-01T03:02:24.028+0000: 803310.034: [JNI Weak Reference, 0.0000226 secs]
Desired survivor size 6815744 bytes, new threshold 1 (max 15)
[PSYoungGen: 110169K->3698K(112640K)] 796829K->691698K(804352K), 0.2013091 secs] [Times: user=4.38 sys=1.96, real=0.20 secs] 
2019-02-01T03:02:24.032+0000: 803310.038: Total time for which application threads were stopped: 0.2051244 seconds, Stopping threads took: 0.0000538 seconds
2019-02-01T03:02:24.133+0000: 803310.138: Application time: 0.1005104 seconds
2019-02-01T03:02:24.136+0000: 803310.142: Total time for which application threads were stopped: 0.0031988 seconds, Stopping threads took: 0.0000591 seconds
2019-02-01T03:02:24.136+0000: 803310.142: Application time: 0.0000931 seconds
2019-02-01T03:02:24.138+0000: 803310.144: Total time for which application threads were stopped: 0.0021272 seconds, Stopping threads took: 0.0001217 seconds
2019-02-01T03:02:24.188+0000: 803310.194: Application time: 0.0503130 seconds
2019-02-01T03:02:24.191+0000: 803310.197: Total time for which application threads were stopped: 0.0026273 seconds, Stopping threads took: 0.0001122 seconds
2019-02-01T03:02:24.242+0000: 803310.247: Application time: 0.0504469 seconds
2019-02-01T03:02:24.244+0000: 803310.250: Total time for which application threads were stopped: 0.0026634 seconds, Stopping threads took: 0.0000773 seconds
2019-02-01T03:02:24.639+0000: 803310.645: Application time: 0.3952637 seconds
2019-02-01T03:02:24.643+0000: 803310.649: Total time for which application threads were stopped: 0.0034786 seconds, Stopping threads took: 0.0000882 seconds
2019-02-01T03:02:24.643+0000: 803310.649: Application time: 0.0000714 seconds
2019-02-01T03:02:24.645+0000: 803310.651: Total time for which application threads were stopped: 0.0023198 seconds, Stopping threads took: 0.0000751 seconds
2019-02-01T03:02:27.377+0000: 803313.383: Application time: 2.7316882 seconds
2019-02-01T03:02:27.380+0000: 803313.386: [GC (Allocation Failure) 2019-02-01T03:02:27.580+0000: 803313.586: [SoftReference, 0 refs, 0.0000397 secs]2019-02-01T03:02:27.580+0000: 803313.586: [WeakReference, 52 refs, 0.0000255 secs]2019-02-01T03:02:27.580+0000: 803313.586: [FinalReference, 785 refs, 0.0002447 secs]2019-02-01T03:02:27.581+0000: 803313.586: [PhantomReference, 0 refs, 0 refs, 0.0000088 secs]2019-02-01T03:02:27.581+0000: 803313.586: [JNI Weak Reference, 0.0000248 secs]
Desired survivor size 7340032 bytes, new threshold 1 (max 15)
[PSYoungGen: 109170K->5008K(132608K)] 797170K->694831K(824320K), 0.2028895 secs] [Times: user=4.97 sys=1.10, real=0.20 secs] 
2019-02-01T03:02:27.583+0000: 803313.589: [Full GC (Ergonomics) 2019-02-01T03:02:27.619+0000: 803313.625: [SoftReference, 174 refs, 0.0000734 secs]2019-02-01T03:02:27.619+0000: 803313.625: [WeakReference, 2693 refs, 0.0004382 secs]2019-02-01T03:02:27.619+0000: 803313.625: [FinalReference, 1232 refs, 0.0007485 secs]2019-02-01T03:02:27.620+0000: 803313.626: [PhantomReference, 0 refs, 136 refs, 0.0000310 secs]2019-02-01T03:02:27.620+0000: 803313.626: [JNI Weak Reference, 0.0000216 secs][PSYoungGen: 5008K->0K(132608K)] [ParOldGen: 689822K->638486K(694784K)] 694831K->638486K(827392K), [Metaspace: 75215K->75215K(1118208K)], 0.1436802 secs] [Times: user=2.02 sys=0.00, real=0.14 secs] 
2019-02-01T03:02:27.727+0000: 803313.733: Total time for which application threads were stopped: 0.3500741 seconds, Stopping threads took: 0.0000813 seconds
2019-02-01T03:02:27.728+0000: 803313.733: Application time: 0.0005685 seconds
2019-02-01T03:02:27.730+0000: 803313.736: Total time for which application threads were stopped: 0.0027851 seconds, Stopping threads took: 0.0001364 seconds
2019-02-01T03:02:27.731+0000: 803313.736: Application time: 0.0000732 seconds
2019-02-01T03:02:27.732+0000: 803313.738: Total time for which application threads were stopped: 0.0015609 seconds, Stopping threads took: 0.0001466 seconds
2019-02-01T03:02:30.539+0000: 803316.544: Application time: 2.8064997 seconds
2019-02-01T03:02:30.542+0000: 803316.548: Total time for which application threads were stopped: 0.0032103 seconds, Stopping threads took: 0.0000862 seconds
2019-02-01T03:02:31.432+0000: 803317.438: Application time: 0.8899671 seconds
2019-02-01T03:02:31.435+0000: 803317.441: Total time for which application threads were stopped: 0.0033038 seconds, Stopping threads took: 0.0000650 seconds
2019-02-01T03:02:31.435+0000: 803317.441: Application time: 0.0001297 seconds
2019-02-01T03:02:31.437+0000: 803317.443: [GC (GCLocker Initiated GC) 2019-02-01T03:02:31.959+0000: 803317.964: [SoftReference, 0 refs, 0.0000400 secs]2019-02-01T03:02:31.959+0000: 803317.964: [WeakReference, 23 refs, 0.0000132 secs]2019-02-01T03:02:31.959+0000: 803317.964: [FinalReference, 922 refs, 0.0003205 secs]2019-02-01T03:02:31.959+0000: 803317.965: [PhantomReference, 0 refs, 0 refs, 0.0000087 secs]2019-02-01T03:02:31.959+0000: 803317.965: [JNI Weak Reference, 0.0000204 secs]
Desired survivor size 7864320 bytes, new threshold 1 (max 15)
[PSYoungGen: 125952K->7150K(133120K)] 764493K->645771K(827904K), 0.5249927 secs] [Times: user=7.16 sys=9.65, real=0.53 secs] 
2019-02-01T03:02:31.963+0000: 803317.968: Total time for which application threads were stopped: 0.5272917 seconds, Stopping threads took: 0.0000377 seconds
2019-02-01T03:02:35.885+0000: 803321.891: Application time: 3.9223719 seconds
2019-02-01T03:02:35.888+0000: 803321.894: [GC (Allocation Failure) 2019-02-01T03:02:35.893+0000: 803321.899: [SoftReference, 0 refs, 0.0000323 secs]2019-02-01T03:02:35.893+0000: 803321.899: [WeakReference, 5 refs, 0.0000144 secs]2019-02-01T03:02:35.893+0000: 803321.899: [FinalReference, 861 refs, 0.0004011 secs]2019-02-01T03:02:35.894+0000: 803321.899: [PhantomReference, 0 refs, 0 refs, 0.0000160 secs]2019-02-01T03:02:35.894+0000: 803321.899: [JNI Weak Reference, 0.0000366 secs]
Desired survivor size 7864320 bytes, new threshold 1 (max 15)
[PSYoungGen: 133102K->3435K(158720K)] 771727K->645296K(853504K), 0.0094279 secs] [Times: user=0.08 sys=0.02, real=0.01 secs] 
2019-02-01T03:02:35.898+0000: 803321.903: Total time for which application threads were stopped: 0.0126431 seconds, Stopping threads took: 0.0000483 seconds
2019-02-01T03:02:42.545+0000: 803328.550: Application time: 6.6471276 seconds
2019-02-01T03:02:42.548+0000: 803328.553: [GC (Allocation Failure) 2019-02-01T03:02:42.920+0000: 803328.926: [SoftReference, 0 refs, 0.0000522 secs]2019-02-01T03:02:42.920+0000: 803328.926: [WeakReference, 11 refs, 0.0000168 secs]2019-02-01T03:02:42.920+0000: 803328.926: [FinalReference, 1063 refs, 0.0004759 secs]2019-02-01T03:02:42.921+0000: 803328.927: [PhantomReference, 0 refs, 0 refs, 0.0000260 secs]2019-02-01T03:02:42.921+0000: 803328.927: [JNI Weak Reference, 0.0000234 secs]
Desired survivor size 7340032 bytes, new threshold 1 (max 15)
[PSYoungGen: 154475K->4272K(158720K)] 796336K->647887K(853504K), 0.3767882 secs] [Times: user=4.67 sys=7.41, real=0.38 secs] 
2019-02-01T03:02:42.925+0000: 803328.930: Total time for which application threads were stopped: 0.3799206 seconds, Stopping threads took: 0.0000489 seconds
2019-02-01T03:02:48.526+0000: 803334.532: Application time: 5.6017060 seconds
2019-02-01T03:02:48.530+0000: 803334.535: [GC (Allocation Failure) 2019-02-01T03:02:48.698+0000: 803334.704: [SoftReference, 0 refs, 0.0000314 secs]2019-02-01T03:02:48.698+0000: 803334.704: [WeakReference, 18 refs, 0.0000113 secs]2019-02-01T03:02:48.698+0000: 803334.704: [FinalReference, 960 refs, 0.0002431 secs]2019-02-01T03:02:48.698+0000: 803334.704: [PhantomReference, 0 refs, 1 refs, 0.0000089 secs]2019-02-01T03:02:48.698+0000: 803334.704: [JNI Weak Reference, 0.0000162 secs]
Desired survivor size 7864320 bytes, new threshold 1 (max 15)
[PSYoungGen: 155312K->5501K(187392K)] 798927K->650395K(882176K), 0.1713978 secs] [Times: user=4.39 sys=1.05, real=0.17 secs] 
2019-02-01T03:02:48.701+0000: 803334.707: Total time for which application threads were stopped: 0.1748455 seconds, Stopping threads took: 0.0000495 seconds
2019-02-01T03:02:54.814+0000: 803340.819: Application time: 6.1125347 seconds
2019-02-01T03:02:54.817+0000: 803340.823: [GC (Allocation Failure) 2019-02-01T03:02:55.650+0000: 803341.656: [SoftReference, 0 refs, 0.0000287 secs]2019-02-01T03:02:55.650+0000: 803341.656: [WeakReference, 8 refs, 0.0000099 secs]2019-02-01T03:02:55.650+0000: 803341.656: [FinalReference, 1286 refs, 0.0003170 secs]2019-02-01T03:02:55.651+0000: 803341.656: [PhantomReference, 0 refs, 0 refs, 0.0000087 secs]2019-02-01T03:02:55.651+0000: 803341.656: [JNI Weak Reference, 0.0000238 secs]
Desired survivor size 7340032 bytes, new threshold 1 (max 15)
[PSYoungGen: 185725K->4286K(187904K)] 830619K->650667K(882688K), 0.8364239 secs] [Times: user=17.22 sys=9.61, real=0.83 secs] 
2019-02-01T03:02:55.653+0000: 803341.659: Total time for which application threads were stopped: 0.8395699 seconds, Stopping threads took: 0.0000721 seconds
2019-02-01T03:02:56.288+0000: 803342.294: Application time: 0.6347022 seconds
2019-02-01T03:02:56.291+0000: 803342.297: Total time for which application threads were stopped: 0.0030367 seconds, Stopping threads took: 0.0000481 seconds
2019-02-01T03:02:56.291+0000: 803342.297: Application time: 0.0001517 seconds
2019-02-01T03:02:56.293+0000: 803342.299: Total time for which application threads were stopped: 0.0018774 seconds, Stopping threads took: 0.0000279 seconds
2019-02-01T03:02:56.957+0000: 803342.962: Application time: 0.6636684 seconds
2019-02-01T03:02:56.960+0000: 803342.966: Total time for which application threads were stopped: 0.0032387 seconds, Stopping threads took: 0.0000490 seconds
2019-02-01T03:02:56.960+0000: 803342.966: Application time: 0.0000997 seconds
2019-02-01T03:02:56.962+0000: 803342.968: Total time for which application threads were stopped: 0.0019671 seconds, Stopping threads took: 0.0000238 seconds
2019-02-01T03:02:57.063+0000: 803343.068: Application time: 0.1006153 seconds
2019-02-01T03:02:57.065+0000: 803343.071: Total time for which application threads were stopped: 0.0028297 seconds, Stopping threads took: 0.0000689 seconds
2019-02-01T03:02:57.066+0000: 803343.071: Application time: 0.0000995 seconds
2019-02-01T03:02:57.068+0000: 803343.073: Total time for which application threads were stopped: 0.0019566 seconds, Stopping threads took: 0.0000518 seconds
2019-02-01T03:02:57.168+0000: 803343.174: Application time: 0.1004693 seconds
2019-02-01T03:02:57.171+0000: 803343.177: Total time for which application threads were stopped: 0.0030171 seconds, Stopping threads took: 0.0000380 seconds
2019-02-01T03:02:57.171+0000: 803343.177: Application time: 0.0001124 seconds
2019-02-01T03:02:57.173+0000: 803343.179: Total time for which application threads were stopped: 0.0016974 seconds, Stopping threads took: 0.0000745 seconds
2019-02-01T03:03:01.489+0000: 803347.495: Application time: 4.3160985 seconds
2019-02-01T03:03:01.492+0000: 803347.498: [GC (Allocation Failure) 2019-02-01T03:03:01.497+0000: 803347.503: [SoftReference, 0 refs, 0.0000328 secs]2019-02-01T03:03:01.497+0000: 803347.503: [WeakReference, 20 refs, 0.0000185 secs]2019-02-01T03:03:01.497+0000: 803347.503: [FinalReference, 1309 refs, 0.0006935 secs]2019-02-01T03:03:01.498+0000: 803347.503: [PhantomReference, 0 refs, 0 refs, 0.0000154 secs]2019-02-01T03:03:01.498+0000: 803347.503: [JNI Weak Reference, 0.0000222 secs]
Desired survivor size 7340032 bytes, new threshold 1 (max 15)
[PSYoungGen: 184510K->5400K(222208K)] 830891K->653452K(916992K), 0.0089095 secs] [Times: user=0.11 sys=0.00, real=0.01 secs] 
2019-02-01T03:03:01.501+0000: 803347.507: Total time for which application threads were stopped: 0.0121591 seconds, Stopping threads took: 0.0000572 seconds
2019-02-01T03:03:01.579+0000: 803347.585: Application time: 0.0778758 seconds
2019-02-01T03:03:01.582+0000: 803347.588: Total time for which application threads were stopped: 0.0031255 seconds, Stopping threads took: 0.0000526 seconds
2019-02-01T03:03:01.582+0000: 803347.588: Application time: 0.0000940 seconds
2019-02-01T03:03:01.584+0000: 803347.590: Total time for which application threads were stopped: 0.0019660 seconds, Stopping threads took: 0.0000610 seconds
2019-02-01T03:03:01.906+0000: 803347.912: Application time: 0.3217896 seconds
2019-02-01T03:03:01.909+0000: 803347.915: Total time for which application threads were stopped: 0.0029595 seconds, Stopping threads took: 0.0000453 seconds
2019-02-01T03:03:04.189+0000: 803350.195: Application time: 2.2803359 seconds
2019-02-01T03:03:04.192+0000: 803350.198: Total time for which application threads were stopped: 0.0029248 seconds, Stopping threads took: 0.0000652 seconds
2019-02-01T03:03:04.192+0000: 803350.198: Application time: 0.0000903 seconds
2019-02-01T03:03:04.194+0000: 803350.200: Total time for which application threads were stopped: 0.0017979 seconds, Stopping threads took: 0.0000253 seconds
2019-02-01T03:03:04.595+0000: 803350.601: Application time: 0.4011360 seconds
2019-02-01T03:03:04.598+0000: 803350.604: Total time for which application threads were stopped: 0.0029556 seconds, Stopping threads took: 0.0000896 seconds
2019-02-01T03:03:04.598+0000: 803350.604: Application time: 0.0000903 seconds
2019-02-01T03:03:04.600+0000: 803350.606: Total time for which application threads were stopped: 0.0017972 seconds, Stopping threads took: 0.0000355 seconds
2019-02-01T03:03:08.076+0000: 803354.082: Application time: 3.4759049 seconds
2019-02-01T03:03:08.079+0000: 803354.085: [GC (Allocation Failure) 2019-02-01T03:03:08.083+0000: 803354.089: [SoftReference, 0 refs, 0.0000233 secs]2019-02-01T03:03:08.083+0000: 803354.089: [WeakReference, 8 refs, 0.0000142 secs]2019-02-01T03:03:08.083+0000: 803354.089: [FinalReference, 1554 refs, 0.0007656 secs]2019-02-01T03:03:08.084+0000: 803354.090: [PhantomReference, 0 refs, 0 refs, 0.0000155 secs]2019-02-01T03:03:08.084+0000: 803354.090: [JNI Weak Reference, 0.0000280 secs]
Desired survivor size 7340032 bytes, new threshold 1 (max 15)
[PSYoungGen: 220952K->3383K(222720K)] 869004K->653482K(917504K), 0.0086027 secs] [Times: user=0.09 sys=0.01, real=0.01 secs] 
2019-02-01T03:03:08.088+0000: 803354.093: Total time for which application threads were stopped: 0.0115358 seconds, Stopping threads took: 0.0000487 seconds
2019-02-01T03:03:12.812+0000: 803358.818: Application time: 4.7245393 seconds
2019-02-01T03:03:12.815+0000: 803358.821: Total time for which application threads were stopped: 0.0029494 seconds, Stopping threads took: 0.0000538 seconds
2019-02-01T03:03:12.815+0000: 803358.821: Application time: 0.0000600 seconds
2019-02-01T03:03:12.817+0000: 803358.823: Total time for which application threads were stopped: 0.0018234 seconds, Stopping threads took: 0.0000297 seconds
2019-02-01T03:03:13.719+0000: 803359.725: Application time: 0.9020181 seconds
2019-02-01T03:03:13.722+0000: 803359.728: Total time for which application threads were stopped: 0.0030328 seconds, Stopping threads took: 0.0000512 seconds
2019-02-01T03:03:13.722+0000: 803359.728: Application time: 0.0000589 seconds
2019-02-01T03:03:13.724+0000: 803359.730: Total time for which application threads were stopped: 0.0018890 seconds, Stopping threads took: 0.0000295 seconds
2019-02-01T03:03:13.824+0000: 803359.830: Application time: 0.1004802 seconds
2019-02-01T03:03:13.827+0000: 803359.833: Total time for which application threads were stopped: 0.0023048 seconds, Stopping threads took: 0.0000424 seconds
2019-02-01T03:03:13.827+0000: 803359.833: Application time: 0.0000569 seconds
2019-02-01T03:03:13.829+0000: 803359.834: Total time for which application threads were stopped: 0.0018348 seconds, Stopping threads took: 0.0000439 seconds
2019-02-01T03:03:14.161+0000: 803360.166: Application time: 0.3319700 seconds
2019-02-01T03:03:14.163+0000: 803360.169: [GC (Allocation Failure) 2019-02-01T03:03:14.168+0000: 803360.174: [SoftReference, 0 refs, 0.0000324 secs]2019-02-01T03:03:14.168+0000: 803360.174: [WeakReference, 16 refs, 0.0000179 secs]2019-02-01T03:03:14.168+0000: 803360.174: [FinalReference, 1613 refs, 0.0006033 secs]2019-02-01T03:03:14.169+0000: 803360.175: [PhantomReference, 0 refs, 0 refs, 0.0000153 secs]2019-02-01T03:03:14.169+0000: 803360.175: [JNI Weak Reference, 0.0000287 secs]
Desired survivor size 7340032 bytes, new threshold 1 (max 15)
[PSYoungGen: 218935K->4193K(262656K)] 869034K->655952K(957440K), 0.0090475 secs] [Times: user=0.09 sys=0.01, real=0.01 secs] 
2019-02-01T03:03:14.172+0000: 803360.178: Total time for which application threads were stopped: 0.0118555 seconds, Stopping threads took: 0.0000426 seconds
2019-02-01T03:03:16.732+0000: 803362.738: Application time: 2.5599359 seconds
2019-02-01T03:03:16.735+0000: 803362.741: Total time for which application threads were stopped: 0.0030118 seconds, Stopping threads took: 0.0000611 seconds
2019-02-01T03:03:16.736+0000: 803362.741: Application time: 0.0000854 seconds
2019-02-01T03:03:16.737+0000: 803362.743: Total time for which application threads were stopped: 0.0018939 seconds, Stopping threads took: 0.0000395 seconds
2019-02-01T03:03:23.223+0000: 803369.229: Application time: 6.4860237 seconds
2019-02-01T03:03:23.227+0000: 803369.232: [GC (Allocation Failure) 2019-02-01T03:03:23.233+0000: 803369.239: [SoftReference, 0 refs, 0.0000430 secs]2019-02-01T03:03:23.233+0000: 803369.239: [WeakReference, 11 refs, 0.0000252 secs]2019-02-01T03:03:23.233+0000: 803369.239: [FinalReference, 1676 refs, 0.0008017 secs]2019-02-01T03:03:23.234+0000: 803369.239: [PhantomReference, 0 refs, 0 refs, 0.0000196 secs]2019-02-01T03:03:23.234+0000: 803369.239: [JNI Weak Reference, 0.0000222 secs]
Desired survivor size 7340032 bytes, new threshold 1 (max 15)
[PSYoungGen: 260705K->4607K(263680K)] 912464K->657917K(958464K), 0.0108740 secs] [Times: user=0.08 sys=0.01, real=0.02 secs] 
2019-02-01T03:03:23.238+0000: 803369.243: Total time for which application threads were stopped: 0.0142149 seconds, Stopping threads took: 0.0000856 seconds
2019-02-01T03:03:24.550+0000: 803370.556: Application time: 1.3127850 seconds
2019-02-01T03:03:24.554+0000: 803370.559: Total time for which application threads were stopped: 0.0030623 seconds, Stopping threads took: 0.0000633 seconds
2019-02-01T03:03:24.554+0000: 803370.559: Application time: 0.0000524 seconds
2019-02-01T03:03:24.556+0000: 803370.561: Total time for which application threads were stopped: 0.0020663 seconds, Stopping threads took: 0.0000794 seconds
2019-02-01T03:03:34.375+0000: 803380.380: Application time: 9.8189283 seconds
2019-02-01T03:03:34.378+0000: 803380.383: [GC (Allocation Failure) 2019-02-01T03:03:34.383+0000: 803380.389: [SoftReference, 0 refs, 0.0000331 secs]2019-02-01T03:03:34.383+0000: 803380.389: [WeakReference, 14 refs, 0.0000172 secs]2019-02-01T03:03:34.383+0000: 803380.389: [FinalReference, 1833 refs, 0.0008407 secs]2019-02-01T03:03:34.384+0000: 803380.390: [PhantomReference, 0 refs, 0 refs, 0.0000153 secs]2019-02-01T03:03:34.384+0000: 803380.390: [JNI Weak Reference, 0.0000237 secs]
Desired survivor size 7864320 bytes, new threshold 1 (max 15)
[PSYoungGen: 261119K->6568K(310784K)] 914429K->662554K(1005568K), 0.0096447 secs] [Times: user=0.09 sys=0.01, real=0.01 secs] 
2019-02-01T03:03:34.387+0000: 803380.393: Total time for which application threads were stopped: 0.0128410 seconds, Stopping threads took: 0.0001128 seconds
2019-02-01T03:03:38.077+0000: 803384.083: Application time: 3.6896196 seconds
2019-02-01T03:03:38.080+0000: 803384.086: Total time for which application threads were stopped: 0.0029664 seconds, Stopping threads took: 0.0000548 seconds
2019-02-01T03:03:38.080+0000: 803384.086: Application time: 0.0000850 seconds
2019-02-01T03:03:38.082+0000: 803384.088: Total time for which application threads were stopped: 0.0017684 seconds, Stopping threads took: 0.0000288 seconds
2019-02-01T03:03:44.102+0000: 803390.108: Application time: 6.0199868 seconds
2019-02-01T03:03:44.105+0000: 803390.111: Total time for which application threads were stopped: 0.0029536 seconds, Stopping threads took: 0.0000514 seconds
2019-02-01T03:03:45.932+0000: 803391.938: Application time: 1.8271554 seconds
2019-02-01T03:03:45.935+0000: 803391.941: [GC (Allocation Failure) 2019-02-01T03:03:45.940+0000: 803391.946: [SoftReference, 0 refs, 0.0000328 secs]2019-02-01T03:03:45.941+0000: 803391.946: [WeakReference, 22 refs, 0.0000195 secs]2019-02-01T03:03:45.941+0000: 803391.946: [FinalReference, 2212 refs, 0.0011700 secs]2019-02-01T03:03:45.942+0000: 803391.947: [PhantomReference, 0 refs, 0 refs, 0.0000154 secs]2019-02-01T03:03:45.942+0000: 803391.947: [JNI Weak Reference, 0.0000278 secs]
Desired survivor size 8388608 bytes, new threshold 1 (max 15)
[PSYoungGen: 310184K->6785K(311296K)] 966170K->665287K(1006080K), 0.0111953 secs] [Times: user=0.10 sys=0.01, real=0.01 secs] 
2019-02-01T03:03:45.946+0000: 803391.952: Total time for which application threads were stopped: 0.0142805 seconds, Stopping threads took: 0.0000545 seconds
2019-02-01T03:03:55.787+0000: 803401.792: Application time: 9.8403640 seconds
2019-02-01T03:03:55.790+0000: 803401.795: Total time for which application threads were stopped: 0.0029094 seconds, Stopping threads took: 0.0000544 seconds
2019-02-01T03:03:55.790+0000: 803401.796: Application time: 0.0001802 seconds
2019-02-01T03:03:55.792+0000: 803401.798: [GC (GCLocker Initiated GC) 2019-02-01T03:03:55.798+0000: 803401.803: [SoftReference, 0 refs, 0.0000434 secs]2019-02-01T03:03:55.798+0000: 803401.803: [WeakReference, 25 refs, 0.0000203 secs]2019-02-01T03:03:55.798+0000: 803401.803: [FinalReference, 2515 refs, 0.0008881 secs]2019-02-01T03:03:55.799+0000: 803401.804: [PhantomReference, 0 refs, 0 refs, 0.0000159 secs]2019-02-01T03:03:55.799+0000: 803401.804: [JNI Weak Reference, 0.0000220 secs]
Desired survivor size 10485760 bytes, new threshold 1 (max 15)
[PSYoungGen: 310401K->8191K(363520K)] 968908K->670628K(1058304K), 0.0103570 secs] [Times: user=0.10 sys=0.02, real=0.01 secs] 
2019-02-01T03:03:55.802+0000: 803401.808: Total time for which application threads were stopped: 0.0124514 seconds, Stopping threads took: 0.0001286 seconds
2019-02-01T03:04:00.917+0000: 803406.923: Application time: 5.1148764 seconds
2019-02-01T03:04:00.920+0000: 803406.926: Total time for which application threads were stopped: 0.0029723 seconds, Stopping threads took: 0.0000475 seconds
2019-02-01T03:04:00.920+0000: 803406.926: Application time: 0.0000966 seconds
2019-02-01T03:04:00.922+0000: 803406.928: Total time for which application threads were stopped: 0.0018595 seconds, Stopping threads took: 0.0000241 seconds
2019-02-01T03:04:01.723+0000: 803407.729: Application time: 0.8014707 seconds
2019-02-01T03:04:01.726+0000: 803407.732: Total time for which application threads were stopped: 0.0029162 seconds, Stopping threads took: 0.0000481 seconds
2019-02-01T03:04:01.727+0000: 803407.732: Application time: 0.0000826 seconds
2019-02-01T03:04:01.728+0000: 803407.734: Total time for which application threads were stopped: 0.0018218 seconds, Stopping threads took: 0.0000361 seconds
2019-02-01T03:04:01.906+0000: 803407.912: Application time: 0.1775468 seconds
2019-02-01T03:04:01.909+0000: 803407.914: Total time for which application threads were stopped: 0.0028161 seconds, Stopping threads took: 0.0000395 seconds
2019-02-01T03:04:02.580+0000: 803408.586: Application time: 0.6715155 seconds
2019-02-01T03:04:02.583+0000: 803408.589: Total time for which application threads were stopped: 0.0029089 seconds, Stopping threads took: 0.0000507 seconds
2019-02-01T03:04:07.521+0000: 803413.527: Application time: 4.9381938 seconds
2019-02-01T03:04:07.585+0000: 803413.591: [GC (Allocation Failure) 2019-02-01T03:04:08.114+0000: 803414.120: [SoftReference, 0 refs, 0.0000438 secs]2019-02-01T03:04:08.114+0000: 803414.120: [WeakReference, 22 refs, 0.0000169 secs]2019-02-01T03:04:08.114+0000: 803414.120: [FinalReference, 3179 refs, 0.0010994 secs]2019-02-01T03:04:08.116+0000: 803414.121: [PhantomReference, 0 refs, 0 refs, 0.0000091 secs]2019-02-01T03:04:08.116+0000: 803414.121: [JNI Weak Reference, 0.0000149 secs]
Desired survivor size 11534336 bytes, new threshold 1 (max 15)
[PSYoungGen: 363519K->8601K(365568K)] 1025959K->674516K(1060352K), 0.5329670 secs] [Times: user=12.78 sys=3.70, real=0.53 secs] 
2019-02-01T03:04:08.118+0000: 803414.124: Total time for which application threads were stopped: 0.5968638 seconds, Stopping threads took: 0.0608528 seconds
2019-02-01T03:04:09.520+0000: 803415.526: Application time: 1.4018418 seconds
2019-02-01T03:04:09.523+0000: 803415.529: Total time for which application threads were stopped: 0.0029466 seconds, Stopping threads took: 0.0000726 seconds
2019-02-01T03:04:09.523+0000: 803415.529: Application time: 0.0000796 seconds
2019-02-01T03:04:09.525+0000: 803415.531: Total time for which application threads were stopped: 0.0018074 seconds, Stopping threads took: 0.0000371 seconds
2019-02-01T03:04:09.826+0000: 803415.831: Application time: 0.3008414 seconds
2019-02-01T03:04:09.829+0000: 803415.834: Total time for which application threads were stopped: 0.0027953 seconds, Stopping threads took: 0.0000440 seconds
2019-02-01T03:04:09.829+0000: 803415.834: Application time: 0.0000616 seconds
2019-02-01T03:04:09.831+0000: 803415.836: Total time for which application threads were stopped: 0.0019729 seconds, Stopping threads took: 0.0000884 seconds
2019-02-01T03:04:10.131+0000: 803416.137: Application time: 0.3005724 seconds
2019-02-01T03:04:10.134+0000: 803416.140: Total time for which application threads were stopped: 0.0027431 seconds, Stopping threads took: 0.0000402 seconds
2019-02-01T03:04:10.134+0000: 803416.140: Application time: 0.0000863 seconds
2019-02-01T03:04:10.136+0000: 803416.141: Total time for which application threads were stopped: 0.0015883 seconds, Stopping threads took: 0.0000338 seconds
2019-02-01T03:04:18.815+0000: 803424.821: Application time: 8.6799017 seconds
2019-02-01T03:04:18.818+0000: 803424.824: Total time for which application threads were stopped: 0.0029624 seconds, Stopping threads took: 0.0000603 seconds
2019-02-01T03:04:20.794+0000: 803426.800: Application time: 1.9756008 seconds
2019-02-01T03:04:20.797+0000: 803426.803: [GC (Allocation Failure) 2019-02-01T03:04:21.445+0000: 803427.451: [SoftReference, 0 refs, 0.0000415 secs]2019-02-01T03:04:21.445+0000: 803427.451: [WeakReference, 10 refs, 0.0000096 secs]2019-02-01T03:04:21.445+0000: 803427.451: [FinalReference, 3018 refs, 0.0011321 secs]2019-02-01T03:04:21.446+0000: 803427.452: [PhantomReference, 0 refs, 0 refs, 0.0000087 secs]2019-02-01T03:04:21.446+0000: 803427.452: [JNI Weak Reference, 0.0000136 secs]
Desired survivor size 11010048 bytes, new threshold 1 (max 15)
[PSYoungGen: 363929K->4451K(432128K)] 1029844K->673092K(1126912K), 0.6514363 secs] [Times: user=19.66 sys=1.26, real=0.65 secs] 
2019-02-01T03:04:21.448+0000: 803427.454: Total time for which application threads were stopped: 0.6544300 seconds, Stopping threads took: 0.0000470 seconds
2019-02-01T03:04:23.450+0000: 803429.456: Application time: 2.0014453 seconds
2019-02-01T03:04:23.453+0000: 803429.459: Total time for which application threads were stopped: 0.0032896 seconds, Stopping threads took: 0.0000483 seconds
2019-02-01T03:04:23.453+0000: 803429.459: Application time: 0.0000916 seconds
2019-02-01T03:04:23.455+0000: 803429.461: Total time for which application threads were stopped: 0.0019586 seconds, Stopping threads took: 0.0000938 seconds
2019-02-01T03:04:24.958+0000: 803430.964: Application time: 1.5029838 seconds
2019-02-01T03:04:24.961+0000: 803430.967: Total time for which application threads were stopped: 0.0031945 seconds, Stopping threads took: 0.0000499 seconds
2019-02-01T03:04:24.962+0000: 803430.967: Application time: 0.0001010 seconds
2019-02-01T03:04:24.964+0000: 803430.970: Total time for which application threads were stopped: 0.0022558 seconds, Stopping threads took: 0.0000875 seconds
2019-02-01T03:04:25.265+0000: 803431.270: Application time: 0.3008986 seconds
2019-02-01T03:04:25.269+0000: 803431.275: Total time for which application threads were stopped: 0.0046176 seconds, Stopping threads took: 0.0000548 seconds
2019-02-01T03:04:25.269+0000: 803431.275: Application time: 0.0000598 seconds
2019-02-01T03:04:25.272+0000: 803431.278: Total time for which application threads were stopped: 0.0023505 seconds, Stopping threads took: 0.0000838 seconds
2019-02-01T03:04:25.346+0000: 803431.351: Application time: 0.0738801 seconds
2019-02-01T03:04:25.348+0000: 803431.354: Total time for which application threads were stopped: 0.0024419 seconds, Stopping threads took: 0.0000633 seconds
2019-02-01T03:04:26.874+0000: 803432.879: Application time: 1.5255089 seconds
2019-02-01T03:04:26.877+0000: 803432.882: Total time for which application threads were stopped: 0.0031237 seconds, Stopping threads took: 0.0000860 seconds
2019-02-01T03:04:27.022+0000: 803433.028: Application time: 0.1451174 seconds
2019-02-01T03:04:27.025+0000: 803433.030: Total time for which application threads were stopped: 0.0028183 seconds, Stopping threads took: 0.0000458 seconds
2019-02-01T03:04:27.277+0000: 803433.283: Application time: 0.2527838 seconds
2019-02-01T03:04:27.280+0000: 803433.286: Total time for which application threads were stopped: 0.0028812 seconds, Stopping threads took: 0.0000628 seconds
2019-02-01T03:04:28.994+0000: 803435.000: Application time: 1.7136948 seconds
2019-02-01T03:04:28.997+0000: 803435.003: Total time for which application threads were stopped: 0.0028125 seconds, Stopping threads took: 0.0000601 seconds
2019-02-01T03:04:37.774+0000: 803443.780: Application time: 8.7771411 seconds
2019-02-01T03:04:37.777+0000: 803443.783: [GC (Allocation Failure) 2019-02-01T03:04:37.781+0000: 803443.787: [SoftReference, 0 refs, 0.0000342 secs]2019-02-01T03:04:37.781+0000: 803443.787: [WeakReference, 29 refs, 0.0000195 secs]2019-02-01T03:04:37.782+0000: 803443.787: [FinalReference, 3333 refs, 0.0017051 secs]2019-02-01T03:04:37.783+0000: 803443.789: [PhantomReference, 0 refs, 0 refs, 0.0000194 secs]2019-02-01T03:04:37.783+0000: 803443.789: [JNI Weak Reference, 0.0000227 secs]
Desired survivor size 11010048 bytes, new threshold 1 (max 15)
[PSYoungGen: 425315K->6348K(431616K)] 1093956K->677300K(1126400K), 0.0099428 secs] [Times: user=0.10 sys=0.01, real=0.01 secs] 
2019-02-01T03:04:37.787+0000: 803443.793: Total time for which application threads were stopped: 0.0130325 seconds, Stopping threads took: 0.0000802 seconds
2019-02-01T03:04:55.865+0000: 803461.871: Application time: 18.0779409 seconds
2019-02-01T03:04:55.868+0000: 803461.874: [GC (Allocation Failure) 2019-02-01T03:04:55.875+0000: 803461.881: [SoftReference, 0 refs, 0.0000399 secs]2019-02-01T03:04:55.875+0000: 803461.881: [WeakReference, 8 refs, 0.0000176 secs]2019-02-01T03:04:55.875+0000: 803461.881: [FinalReference, 3152 refs, 0.0014725 secs]2019-02-01T03:04:55.876+0000: 803461.882: [PhantomReference, 0 refs, 1 refs, 0.0000165 secs]2019-02-01T03:04:55.876+0000: 803461.882: [JNI Weak Reference, 0.0000233 secs]
Desired survivor size 10485760 bytes, new threshold 1 (max 15)
[PSYoungGen: 427212K->5846K(503808K)] 1098164K->679458K(1198592K), 0.0119530 secs] [Times: user=0.11 sys=0.01, real=0.01 secs] 
2019-02-01T03:04:55.880+0000: 803461.886: Total time for which application threads were stopped: 0.0151153 seconds, Stopping threads took: 0.0000529 seconds
2019-02-01T03:04:56.915+0000: 803462.921: Application time: 1.0353180 seconds
2019-02-01T03:04:56.919+0000: 803462.924: Total time for which application threads were stopped: 0.0030870 seconds, Stopping threads took: 0.0000514 seconds
2019-02-01T03:04:56.919+0000: 803462.924: Application time: 0.0000539 seconds
2019-02-01T03:04:56.921+0000: 803462.926: Total time for which application threads were stopped: 0.0019470 seconds, Stopping threads took: 0.0000341 seconds
2019-02-01T03:04:57.121+0000: 803463.127: Application time: 0.2006717 seconds
2019-02-01T03:04:57.124+0000: 803463.129: Total time for which application threads were stopped: 0.0023615 seconds, Stopping threads took: 0.0000442 seconds
2019-02-01T03:04:57.124+0000: 803463.129: Application time: 0.0000554 seconds
2019-02-01T03:04:57.125+0000: 803463.131: Total time for which application threads were stopped: 0.0017399 seconds, Stopping threads took: 0.0000285 seconds
2019-02-01T03:04:58.126+0000: 803464.132: Application time: 1.0011302 seconds
2019-02-01T03:04:58.129+0000: 803464.135: Total time for which application threads were stopped: 0.0029861 seconds, Stopping threads took: 0.0000491 seconds
2019-02-01T03:04:58.130+0000: 803464.135: Application time: 0.0000523 seconds
2019-02-01T03:04:58.131+0000: 803464.137: Total time for which application threads were stopped: 0.0017490 seconds, Stopping threads took: 0.0000576 seconds
2019-02-01T03:05:00.636+0000: 803466.642: Application time: 2.5047903 seconds
2019-02-01T03:05:00.639+0000: 803466.645: Total time for which application threads were stopped: 0.0030706 seconds, Stopping threads took: 0.0000528 seconds
2019-02-01T03:05:00.639+0000: 803466.645: Application time: 0.0000838 seconds
2019-02-01T03:05:00.641+0000: 803466.647: Total time for which application threads were stopped: 0.0018759 seconds, Stopping threads took: 0.0000247 seconds
2019-02-01T03:05:01.906+0000: 803467.912: Application time: 1.2652170 seconds
2019-02-01T03:05:01.909+0000: 803467.915: Total time for which application threads were stopped: 0.0029250 seconds, Stopping threads took: 0.0000467 seconds
2019-02-01T03:05:03.846+0000: 803469.852: Application time: 1.9365331 seconds
2019-02-01T03:05:03.849+0000: 803469.855: Total time for which application threads were stopped: 0.0029399 seconds, Stopping threads took: 0.0000480 seconds
2019-02-01T03:05:03.849+0000: 803469.855: Application time: 0.0000991 seconds
2019-02-01T03:05:03.851+0000: 803469.857: Total time for which application threads were stopped: 0.0019580 seconds, Stopping threads took: 0.0000907 seconds
2019-02-01T03:05:04.151+0000: 803470.157: Application time: 0.3005752 seconds
2019-02-01T03:05:04.154+0000: 803470.160: Total time for which application threads were stopped: 0.0028999 seconds, Stopping threads took: 0.0000477 seconds
2019-02-01T03:05:04.154+0000: 803470.160: Application time: 0.0000906 seconds
2019-02-01T03:05:04.156+0000: 803470.162: Total time for which application threads were stopped: 0.0019479 seconds, Stopping threads took: 0.0001020 seconds
2019-02-01T03:05:04.257+0000: 803470.263: Application time: 0.1006327 seconds
2019-02-01T03:05:04.260+0000: 803470.266: Total time for which application threads were stopped: 0.0027810 seconds, Stopping threads took: 0.0000763 seconds
2019-02-01T03:05:04.260+0000: 803470.266: Application time: 0.0001000 seconds
2019-02-01T03:05:04.262+0000: 803470.267: Total time for which application threads were stopped: 0.0017749 seconds, Stopping threads took: 0.0000894 seconds
2019-02-01T03:05:08.112+0000: 803474.118: Application time: 3.8502693 seconds
2019-02-01T03:05:08.115+0000: 803474.121: Total time for which application threads were stopped: 0.0030232 seconds, Stopping threads took: 0.0000844 seconds
2019-02-01T03:05:09.918+0000: 803475.924: Application time: 1.8032557 seconds
2019-02-01T03:05:09.921+0000: 803475.927: Total time for which application threads were stopped: 0.0029214 seconds, Stopping threads took: 0.0000514 seconds
2019-02-01T03:05:10.773+0000: 803476.779: Application time: 0.8516671 seconds
2019-02-01T03:05:10.776+0000: 803476.781: Total time for which application threads were stopped: 0.0029140 seconds, Stopping threads took: 0.0000534 seconds
2019-02-01T03:05:10.776+0000: 803476.782: Application time: 0.0000705 seconds
2019-02-01T03:05:10.778+0000: 803476.784: Total time for which application threads were stopped: 0.0019979 seconds, Stopping threads took: 0.0000920 seconds
2019-02-01T03:05:12.882+0000: 803478.887: Application time: 2.1037321 seconds
2019-02-01T03:05:12.885+0000: 803478.890: Total time for which application threads were stopped: 0.0030601 seconds, Stopping threads took: 0.0000538 seconds
2019-02-01T03:05:12.885+0000: 803478.890: Application time: 0.0000529 seconds
2019-02-01T03:05:12.887+0000: 803478.892: Total time for which application threads were stopped: 0.0018928 seconds, Stopping threads took: 0.0000256 seconds
2019-02-01T03:05:13.688+0000: 803479.694: Application time: 0.8017568 seconds
2019-02-01T03:05:13.691+0000: 803479.697: Total time for which application threads were stopped: 0.0030728 seconds, Stopping threads took: 0.0001039 seconds
2019-02-01T03:05:13.691+0000: 803479.697: Application time: 0.0000642 seconds
2019-02-01T03:05:13.693+0000: 803479.699: Total time for which application threads were stopped: 0.0019169 seconds, Stopping threads took: 0.0000348 seconds
2019-02-01T03:05:15.197+0000: 803481.203: Application time: 1.5036744 seconds
2019-02-01T03:05:15.200+0000: 803481.206: Total time for which application threads were stopped: 0.0030357 seconds, Stopping threads took: 0.0000543 seconds
2019-02-01T03:05:15.702+0000: 803481.707: Application time: 0.5014776 seconds
2019-02-01T03:05:15.705+0000: 803481.710: Total time for which application threads were stopped: 0.0030222 seconds, Stopping threads took: 0.0000835 seconds
2019-02-01T03:05:17.358+0000: 803483.364: Application time: 1.6537857 seconds
2019-02-01T03:05:17.362+0000: 803483.367: Total time for which application threads were stopped: 0.0031262 seconds, Stopping threads took: 0.0000677 seconds
2019-02-01T03:05:17.412+0000: 803483.418: Application time: 0.0504303 seconds
2019-02-01T03:05:17.415+0000: 803483.420: Total time for which application threads were stopped: 0.0025955 seconds, Stopping threads took: 0.0000634 seconds
2019-02-01T03:05:17.589+0000: 803483.595: Application time: 0.1748959 seconds
2019-02-01T03:05:17.592+0000: 803483.598: [GC (Allocation Failure) 2019-02-01T03:05:18.210+0000: 803484.216: [SoftReference, 0 refs, 0.0000403 secs]2019-02-01T03:05:18.210+0000: 803484.216: [WeakReference, 40 refs, 0.0000159 secs]2019-02-01T03:05:18.210+0000: 803484.216: [FinalReference, 3702 refs, 0.0013425 secs]2019-02-01T03:05:18.212+0000: 803484.217: [PhantomReference, 0 refs, 0 refs, 0.0000076 secs]2019-02-01T03:05:18.212+0000: 803484.217: [JNI Weak Reference, 0.0000192 secs]
Desired survivor size 11010048 bytes, new threshold 1 (max 15)
[PSYoungGen: 501974K->7801K(506368K)] 1175586K->683778K(1201152K), 0.6225780 secs] [Times: user=18.71 sys=1.23, real=0.63 secs] 
2019-02-01T03:05:18.215+0000: 803484.221: Total time for which application threads were stopped: 0.6256280 seconds, Stopping threads took: 0.0000470 seconds
2019-02-01T03:05:34.640+0000: 803500.645: Application time: 16.4245101 seconds
2019-02-01T03:05:34.643+0000: 803500.648: Total time for which application threads were stopped: 0.0030698 seconds, Stopping threads took: 0.0000564 seconds
2019-02-01T03:05:34.643+0000: 803500.648: Application time: 0.0000559 seconds
2019-02-01T03:05:34.645+0000: 803500.650: Total time for which application threads were stopped: 0.0019280 seconds, Stopping threads took: 0.0000304 seconds
2019-02-01T03:05:36.048+0000: 803502.054: Application time: 1.4035597 seconds
2019-02-01T03:05:36.051+0000: 803502.057: Total time for which application threads were stopped: 0.0031156 seconds, Stopping threads took: 0.0000569 seconds
2019-02-01T03:05:36.781+0000: 803502.787: Application time: 0.7298072 seconds
2019-02-01T03:05:36.784+0000: 803502.790: [GC (Allocation Failure) 2019-02-01T03:05:37.337+0000: 803503.343: [SoftReference, 0 refs, 0.0000332 secs]2019-02-01T03:05:37.337+0000: 803503.343: [WeakReference, 18 refs, 0.0000120 secs]2019-02-01T03:05:37.337+0000: 803503.343: [FinalReference, 3741 refs, 0.0013957 secs]2019-02-01T03:05:37.338+0000: 803503.344: [PhantomReference, 0 refs, 0 refs, 0.0000083 secs]2019-02-01T03:05:37.338+0000: 803503.344: [JNI Weak Reference, 0.0000202 secs]
Desired survivor size 11534336 bytes, new threshold 1 (max 15)
[PSYoungGen: 503929K->9791K(596992K)] 1179906K->689705K(1291776K), 0.5574126 secs] [Times: user=15.74 sys=1.65, real=0.56 secs] 
2019-02-01T03:05:37.342+0000: 803503.348: Total time for which application threads were stopped: 0.5606670 seconds, Stopping threads took: 0.0000551 seconds
2019-02-01T03:05:44.716+0000: 803510.721: Application time: 7.3737959 seconds
2019-02-01T03:05:44.718+0000: 803510.724: Total time for which application threads were stopped: 0.0028412 seconds, Stopping threads took: 0.0000494 seconds
2019-02-01T03:05:51.959+0000: 803517.965: Application time: 7.2406164 seconds
2019-02-01T03:05:51.962+0000: 803517.968: Total time for which application threads were stopped: 0.0030592 seconds, Stopping threads took: 0.0000529 seconds
2019-02-01T03:05:51.962+0000: 803517.968: Application time: 0.0000702 seconds
2019-02-01T03:05:51.964+0000: 803517.970: Total time for which application threads were stopped: 0.0019012 seconds, Stopping threads took: 0.0000398 seconds
2019-02-01T03:05:52.665+0000: 803518.671: Application time: 0.7006118 seconds
2019-02-01T03:05:52.668+0000: 803518.674: Total time for which application threads were stopped: 0.0032000 seconds, Stopping threads took: 0.0000528 seconds
2019-02-01T03:05:52.668+0000: 803518.674: Application time: 0.0000912 seconds
2019-02-01T03:05:52.670+0000: 803518.676: Total time for which application threads were stopped: 0.0020430 seconds, Stopping threads took: 0.0000636 seconds
2019-02-01T03:05:52.771+0000: 803518.776: Application time: 0.1005901 seconds
2019-02-01T03:05:52.773+0000: 803518.779: Total time for which application threads were stopped: 0.0027565 seconds, Stopping threads took: 0.0000800 seconds
2019-02-01T03:05:52.774+0000: 803518.779: Application time: 0.0000699 seconds
2019-02-01T03:05:52.776+0000: 803518.781: Total time for which application threads were stopped: 0.0020667 seconds, Stopping threads took: 0.0000393 seconds
2019-02-01T03:05:53.177+0000: 803519.182: Application time: 0.4011366 seconds
2019-02-01T03:05:53.180+0000: 803519.186: Total time for which application threads were stopped: 0.0030357 seconds, Stopping threads took: 0.0000461 seconds
2019-02-01T03:05:53.180+0000: 803519.186: Application time: 0.0000751 seconds
2019-02-01T03:05:53.182+0000: 803519.188: Total time for which application threads were stopped: 0.0019131 seconds, Stopping threads took: 0.0000273 seconds
2019-02-01T03:05:56.986+0000: 803522.992: Application time: 3.8042882 seconds
2019-02-01T03:05:56.989+0000: 803522.995: Total time for which application threads were stopped: 0.0030056 seconds, Stopping threads took: 0.0000506 seconds
2019-02-01T03:05:56.989+0000: 803522.995: Application time: 0.0000894 seconds
2019-02-01T03:05:56.991+0000: 803522.997: Total time for which application threads were stopped: 0.0019666 seconds, Stopping threads took: 0.0000717 seconds
2019-02-01T03:05:57.743+0000: 803523.749: Application time: 0.7520854 seconds
2019-02-01T03:05:57.746+0000: 803523.752: Total time for which application threads were stopped: 0.0029779 seconds, Stopping threads took: 0.0000596 seconds
2019-02-01T03:05:58.900+0000: 803524.906: Application time: 1.1537370 seconds
2019-02-01T03:05:58.903+0000: 803524.909: Total time for which application threads were stopped: 0.0033570 seconds, Stopping threads took: 0.0000662 seconds
2019-02-01T03:05:59.900+0000: 803525.906: Application time: 0.9965603 seconds
2019-02-01T03:06:00.323+0000: 803526.329: Total time for which application threads were stopped: 0.4235819 seconds, Stopping threads took: 0.4206022 seconds
2019-02-01T03:06:00.324+0000: 803526.329: Application time: 0.0001081 seconds
2019-02-01T03:06:00.325+0000: 803526.331: Total time for which application threads were stopped: 0.0017427 seconds, Stopping threads took: 0.0000797 seconds
2019-02-01T03:06:00.929+0000: 803526.935: Application time: 0.6041561 seconds
2019-02-01T03:06:00.932+0000: 803526.937: [GC (Allocation Failure) 2019-02-01T03:06:01.413+0000: 803527.418: [SoftReference, 0 refs, 0.0000433 secs]2019-02-01T03:06:01.413+0000: 803527.418: [WeakReference, 36 refs, 0.0000224 secs]2019-02-01T03:06:01.413+0000: 803527.418: [FinalReference, 4513 refs, 0.0017217 secs]2019-02-01T03:06:01.414+0000: 803527.420: [PhantomReference, 0 refs, 0 refs, 0.0000070 secs]2019-02-01T03:06:01.414+0000: 803527.420: [JNI Weak Reference, 0.0000127 secs]
Desired survivor size 12058624 bytes, new threshold 1 (max 15)
[PSYoungGen: 596031K->7826K(597504K)] 1275945K->691431K(1292288K), 0.4848142 secs] [Times: user=12.60 sys=2.47, real=0.48 secs] 
2019-02-01T03:06:01.417+0000: 803527.422: Total time for which application threads were stopped: 0.4871563 seconds, Stopping threads took: 0.0000837 seconds
2019-02-01T03:06:01.417+0000: 803527.423: Application time: 0.0001896 seconds
2019-02-01T03:06:01.419+0000: 803527.425: Total time for which application threads were stopped: 0.0026039 seconds, Stopping threads took: 0.0001238 seconds
2019-02-01T03:06:01.470+0000: 803527.476: Application time: 0.0504387 seconds
2019-02-01T03:06:01.472+0000: 803527.478: Total time for which application threads were stopped: 0.0021969 seconds, Stopping threads took: 0.0000695 seconds
2019-02-01T03:06:01.906+0000: 803527.911: Application time: 0.4336424 seconds
2019-02-01T03:06:01.908+0000: 803527.914: Total time for which application threads were stopped: 0.0027455 seconds, Stopping threads took: 0.0000519 seconds
2019-02-01T03:06:13.736+0000: 803539.741: Application time: 11.8272188 seconds
2019-02-01T03:06:13.739+0000: 803539.744: Total time for which application threads were stopped: 0.0029407 seconds, Stopping threads took: 0.0000504 seconds
2019-02-01T03:06:13.739+0000: 803539.744: Application time: 0.0000636 seconds
2019-02-01T03:06:13.741+0000: 803539.746: Total time for which application threads were stopped: 0.0019082 seconds, Stopping threads took: 0.0000820 seconds
2019-02-01T03:06:15.644+0000: 803541.650: Application time: 1.9036339 seconds
2019-02-01T03:06:15.647+0000: 803541.653: Total time for which application threads were stopped: 0.0025262 seconds, Stopping threads took: 0.0000412 seconds
2019-02-01T03:06:15.647+0000: 803541.653: Application time: 0.0000927 seconds
2019-02-01T03:06:15.649+0000: 803541.654: Total time for which application threads were stopped: 0.0017562 seconds, Stopping threads took: 0.0000250 seconds
2019-02-01T03:06:16.951+0000: 803542.957: Application time: 1.3021806 seconds
2019-02-01T03:06:16.955+0000: 803542.961: Total time for which application threads were stopped: 0.0045882 seconds, Stopping threads took: 0.0000507 seconds
2019-02-01T03:06:16.956+0000: 803542.961: Application time: 0.0001001 seconds
2019-02-01T03:06:16.958+0000: 803542.963: Total time for which application threads were stopped: 0.0021175 seconds, Stopping threads took: 0.0000961 seconds
2019-02-01T03:06:17.359+0000: 803543.364: Application time: 0.4009710 seconds
2019-02-01T03:06:17.360+0000: 803543.366: Total time for which application threads were stopped: 0.0016719 seconds, Stopping threads took: 0.0000510 seconds
2019-02-01T03:06:17.365+0000: 803543.371: Application time: 0.0047797 seconds
2019-02-01T03:06:17.367+0000: 803543.372: Total time for which application threads were stopped: 0.0015099 seconds, Stopping threads took: 0.0000380 seconds
2019-02-01T03:06:18.660+0000: 803544.665: Application time: 1.2931004 seconds
2019-02-01T03:06:18.661+0000: 803544.667: Total time for which application threads were stopped: 0.0015530 seconds, Stopping threads took: 0.0000334 seconds
2019-02-01T03:06:18.962+0000: 803544.968: Application time: 0.3007103 seconds
2019-02-01T03:06:18.964+0000: 803544.969: Total time for which application threads were stopped: 0.0016048 seconds, Stopping threads took: 0.0000330 seconds
2019-02-01T03:06:18.964+0000: 803544.969: Application time: 0.0000510 seconds
2019-02-01T03:06:18.965+0000: 803544.971: Total time for which application threads were stopped: 0.0015598 seconds, Stopping threads took: 0.0000339 seconds
2019-02-01T03:06:19.066+0000: 803545.071: Application time: 0.1004319 seconds
2019-02-01T03:06:19.067+0000: 803545.073: Total time for which application threads were stopped: 0.0016062 seconds, Stopping threads took: 0.0000552 seconds
2019-02-01T03:06:19.112+0000: 803545.117: Application time: 0.0443169 seconds
2019-02-01T03:06:19.113+0000: 803545.119: Total time for which application threads were stopped: 0.0016619 seconds, Stopping threads took: 0.0001259 seconds
2019-02-01T03:06:19.136+0000: 803545.142: Application time: 0.0230084 seconds
2019-02-01T03:06:19.138+0000: 803545.143: Total time for which application threads were stopped: 0.0014542 seconds, Stopping threads took: 0.0000410 seconds
2019-02-01T03:06:20.269+0000: 803546.275: Application time: 1.1311374 seconds
2019-02-01T03:06:20.271+0000: 803546.277: Total time for which application threads were stopped: 0.0022374 seconds, Stopping threads took: 0.0000477 seconds
2019-02-01T03:06:21.485+0000: 803547.491: Application time: 1.2137384 seconds
2019-02-01T03:06:21.487+0000: 803547.492: Total time for which application threads were stopped: 0.0017629 seconds, Stopping threads took: 0.0000752 seconds
2019-02-01T03:06:21.487+0000: 803547.492: Application time: 0.0001102 seconds
2019-02-01T03:06:21.488+0000: 803547.494: [GC (GCLocker Initiated GC) 2019-02-01T03:06:22.100+0000: 803548.106: [SoftReference, 0 refs, 0.0000401 secs]2019-02-01T03:06:22.100+0000: 803548.106: [WeakReference, 54 refs, 0.0000224 secs]2019-02-01T03:06:22.100+0000: 803548.106: [FinalReference, 4288 refs, 0.0014146 secs]2019-02-01T03:06:22.102+0000: 803548.108: [PhantomReference, 0 refs, 0 refs, 0.0000088 secs]2019-02-01T03:06:22.102+0000: 803548.108: [JNI Weak Reference, 0.0000118 secs]
Desired survivor size 13107200 bytes, new threshold 1 (max 15)
[PSYoungGen: 594066K->10556K(705024K)] 1277789K->698393K(1399808K), 0.6154735 secs] [Times: user=17.92 sys=1.81, real=0.61 secs] 
2019-02-01T03:06:22.104+0000: 803548.110: Total time for which application threads were stopped: 0.6171104 seconds, Stopping threads took: 0.0000543 seconds
2019-02-01T03:06:22.104+0000: 803548.110: Application time: 0.0005781 seconds
2019-02-01T03:06:22.106+0000: 803548.112: Total time for which application threads were stopped: 0.0020647 seconds, Stopping threads took: 0.0001916 seconds
2019-02-01T03:06:22.307+0000: 803548.313: Application time: 0.2005165 seconds
2019-02-01T03:06:22.310+0000: 803548.315: Total time for which application threads were stopped: 0.0027117 seconds, Stopping threads took: 0.0001027 seconds
2019-02-01T03:06:22.359+0000: 803548.365: Application time: 0.0490932 seconds
2019-02-01T03:06:22.361+0000: 803548.367: Total time for which application threads were stopped: 0.0020597 seconds, Stopping threads took: 0.0001141 seconds
2019-02-01T03:06:22.434+0000: 803548.440: Application time: 0.0729803 seconds
2019-02-01T03:06:22.436+0000: 803548.441: Total time for which application threads were stopped: 0.0017987 seconds, Stopping threads took: 0.0000869 seconds
2019-02-01T03:06:22.705+0000: 803548.711: Application time: 0.2695086 seconds
2019-02-01T03:06:22.708+0000: 803548.713: Total time for which application threads were stopped: 0.0024941 seconds, Stopping threads took: 0.0000404 seconds
2019-02-01T03:06:22.708+0000: 803548.713: Application time: 0.0000705 seconds
2019-02-01T03:06:22.710+0000: 803548.715: Total time for which application threads were stopped: 0.0018357 seconds, Stopping threads took: 0.0000790 seconds
2019-02-01T03:06:23.211+0000: 803549.217: Application time: 0.5014296 seconds
2019-02-01T03:06:23.213+0000: 803549.219: Total time for which application threads were stopped: 0.0022994 seconds, Stopping threads took: 0.0000538 seconds
2019-02-01T03:06:25.618+0000: 803551.624: Application time: 2.4051789 seconds
2019-02-01T03:06:25.622+0000: 803551.627: Total time for which application threads were stopped: 0.0031563 seconds, Stopping threads took: 0.0001006 seconds
2019-02-01T03:06:29.016+0000: 803555.021: Application time: 3.3940507 seconds
2019-02-01T03:06:29.019+0000: 803555.024: Total time for which application threads were stopped: 0.0030285 seconds, Stopping threads took: 0.0000438 seconds
2019-02-01T03:06:29.019+0000: 803555.025: Application time: 0.0001081 seconds
2019-02-01T03:06:29.021+0000: 803555.027: Total time for which application threads were stopped: 0.0020458 seconds, Stopping threads took: 0.0000829 seconds
2019-02-01T03:06:45.225+0000: 803571.230: Application time: 16.2038430 seconds
2019-02-01T03:06:45.227+0000: 803571.233: [GC (Allocation Failure) 2019-02-01T03:06:45.233+0000: 803571.239: [SoftReference, 0 refs, 0.0000391 secs]2019-02-01T03:06:45.233+0000: 803571.239: [WeakReference, 54 refs, 0.0000155 secs]2019-02-01T03:06:45.233+0000: 803571.239: [FinalReference, 4856 refs, 0.0017803 secs]2019-02-01T03:06:45.235+0000: 803571.241: [PhantomReference, 0 refs, 1 refs, 0.0000141 secs]2019-02-01T03:06:45.235+0000: 803571.241: [JNI Weak Reference, 0.0000141 secs]
Desired survivor size 13631488 bytes, new threshold 1 (max 15)
[PSYoungGen: 703804K->10786K(706048K)] 1391645K->702581K(1400832K), 0.0102211 secs] [Times: user=0.11 sys=0.02, real=0.01 secs] 
2019-02-01T03:06:45.237+0000: 803571.243: [Full GC (Ergonomics) 2019-02-01T03:06:45.280+0000: 803571.286: [SoftReference, 303 refs, 0.0000915 secs]2019-02-01T03:06:45.280+0000: 803571.286: [WeakReference, 1535 refs, 0.0002546 secs]2019-02-01T03:06:45.281+0000: 803571.286: [FinalReference, 1112 refs, 0.0016140 secs]2019-02-01T03:06:45.282+0000: 803571.288: [PhantomReference, 0 refs, 139 refs, 0.0000297 secs]2019-02-01T03:06:45.282+0000: 803571.288: [JNI Weak Reference, 0.0000304 secs][PSYoungGen: 10786K->0K(706048K)] [ParOldGen: 691795K->637604K(697856K)] 702581K->637604K(1403904K), [Metaspace: 75215K->75215K(1118208K)], 0.1934609 secs] [Times: user=3.42 sys=0.00, real=0.20 secs] 
2019-02-01T03:06:45.431+0000: 803571.437: Total time for which application threads were stopped: 0.2063231 seconds, Stopping threads took: 0.0000510 seconds
2019-02-01T03:06:59.751+0000: 803585.757: Application time: 14.3201682 seconds
2019-02-01T03:06:59.754+0000: 803585.760: Total time for which application threads were stopped: 0.0031000 seconds, Stopping threads took: 0.0000646 seconds
2019-02-01T03:06:59.754+0000: 803585.760: Application time: 0.0000542 seconds
2019-02-01T03:06:59.756+0000: 803585.762: Total time for which application threads were stopped: 0.0020673 seconds, Stopping threads took: 0.0001040 seconds
2019-02-01T03:06:59.857+0000: 803585.863: Application time: 0.1005279 seconds
2019-02-01T03:06:59.859+0000: 803585.864: Total time for which application threads were stopped: 0.0015898 seconds, Stopping threads took: 0.0000341 seconds
2019-02-01T03:06:59.859+0000: 803585.864: Application time: 0.0000502 seconds
2019-02-01T03:06:59.860+0000: 803585.866: Total time for which application threads were stopped: 0.0015881 seconds, Stopping threads took: 0.0000697 seconds
2019-02-01T03:07:00.161+0000: 803586.167: Application time: 0.3007921 seconds
2019-02-01T03:07:00.163+0000: 803586.169: Total time for which application threads were stopped: 0.0022009 seconds, Stopping threads took: 0.0001072 seconds
2019-02-01T03:07:01.907+0000: 803587.912: Application time: 1.7434750 seconds
2019-02-01T03:07:01.910+0000: 803587.916: Total time for which application threads were stopped: 0.0037525 seconds, Stopping threads took: 0.0000467 seconds
2019-02-01T03:07:01.964+0000: 803587.970: Application time: 0.0535286 seconds
2019-02-01T03:07:01.966+0000: 803587.972: Total time for which application threads were stopped: 0.0024001 seconds, Stopping threads took: 0.0000386 seconds
2019-02-01T03:07:01.966+0000: 803587.972: Application time: 0.0001033 seconds
2019-02-01T03:07:01.968+0000: 803587.974: Total time for which application threads were stopped: 0.0017210 seconds, Stopping threads took: 0.0000258 seconds
2019-02-01T03:07:03.870+0000: 803589.876: Application time: 1.9021727 seconds
2019-02-01T03:07:03.875+0000: 803589.880: Total time for which application threads were stopped: 0.0041879 seconds, Stopping threads took: 0.0000660 seconds
2019-02-01T03:07:03.875+0000: 803589.880: Application time: 0.0001137 seconds
2019-02-01T03:07:03.877+0000: 803589.883: Total time for which application threads were stopped: 0.0026091 seconds, Stopping threads took: 0.0001059 seconds
2019-02-01T03:07:04.279+0000: 803590.285: Application time: 0.4017498 seconds
2019-02-01T03:07:04.282+0000: 803590.287: Total time for which application threads were stopped: 0.0026497 seconds, Stopping threads took: 0.0000879 seconds
2019-02-01T03:07:04.282+0000: 803590.288: Application time: 0.0000903 seconds
2019-02-01T03:07:04.283+0000: 803590.289: Total time for which application threads were stopped: 0.0016072 seconds, Stopping threads took: 0.0000859 seconds
2019-02-01T03:07:05.281+0000: 803591.287: Application time: 0.9978349 seconds
2019-02-01T03:07:05.285+0000: 803591.291: Total time for which application threads were stopped: 0.0039557 seconds, Stopping threads took: 0.0000761 seconds
2019-02-01T03:07:05.887+0000: 803591.892: Application time: 0.6013593 seconds
2019-02-01T03:07:05.889+0000: 803591.895: Total time for which application threads were stopped: 0.0028847 seconds, Stopping threads took: 0.0001126 seconds
2019-02-01T03:07:05.890+0000: 803591.895: Application time: 0.0001067 seconds
2019-02-01T03:07:05.891+0000: 803591.897: Total time for which application threads were stopped: 0.0017805 seconds, Stopping threads took: 0.0000445 seconds
2019-02-01T03:07:07.245+0000: 803593.251: Application time: 1.3538420 seconds
2019-02-01T03:07:07.248+0000: 803593.254: Total time for which application threads were stopped: 0.0026627 seconds, Stopping threads took: 0.0000623 seconds
2019-02-01T03:07:07.392+0000: 803593.398: Application time: 0.1445563 seconds
2019-02-01T03:07:07.396+0000: 803593.401: Total time for which application threads were stopped: 0.0032089 seconds, Stopping threads took: 0.0000588 seconds
2019-02-01T03:07:07.396+0000: 803593.402: Application time: 0.0001283 seconds
2019-02-01T03:07:07.398+0000: 803593.404: Total time for which application threads were stopped: 0.0025389 seconds, Stopping threads took: 0.0000813 seconds
2019-02-01T03:07:07.499+0000: 803593.504: Application time: 0.1003839 seconds
2019-02-01T03:07:07.501+0000: 803593.506: Total time for which application threads were stopped: 0.0019766 seconds, Stopping threads took: 0.0000454 seconds
2019-02-01T03:07:07.501+0000: 803593.507: Application time: 0.0001022 seconds
2019-02-01T03:07:07.502+0000: 803593.508: Total time for which application threads were stopped: 0.0013397 seconds, Stopping threads took: 0.0000423 seconds
2019-02-01T03:07:07.703+0000: 803593.709: Application time: 0.2007166 seconds
2019-02-01T03:07:07.705+0000: 803593.710: Total time for which application threads were stopped: 0.0018731 seconds, Stopping threads took: 0.0000964 seconds
2019-02-01T03:07:08.246+0000: 803594.252: Application time: 0.5413676 seconds
2019-02-01T03:07:08.248+0000: 803594.254: [GC (Allocation Failure) 2019-02-01T03:07:08.255+0000: 803594.261: [SoftReference, 0 refs, 0.0000661 secs]2019-02-01T03:07:08.255+0000: 803594.261: [WeakReference, 60 refs, 0.0000293 secs]2019-02-01T03:07:08.255+0000: 803594.261: [FinalReference, 5079 refs, 0.0030838 secs]2019-02-01T03:07:08.258+0000: 803594.264: [PhantomReference, 0 refs, 0 refs, 0.0000163 secs]2019-02-01T03:07:08.258+0000: 803594.264: [JNI Weak Reference, 0.0000230 secs]
Desired survivor size 15204352 bytes, new threshold 1 (max 15)
[PSYoungGen: 693248K->12773K(830976K)] 1330852K->650377K(1528832K), 0.0135858 secs] [Times: user=0.11 sys=0.04, real=0.02 secs] 
2019-02-01T03:07:08.262+0000: 803594.268: Total time for which application threads were stopped: 0.0156585 seconds, Stopping threads took: 0.0000434 seconds
2019-02-01T03:07:10.006+0000: 803596.012: Application time: 1.7447136 seconds
2019-02-01T03:07:10.011+0000: 803596.016: Total time for which application threads were stopped: 0.0042499 seconds, Stopping threads took: 0.0001093 seconds
2019-02-01T03:07:10.011+0000: 803596.017: Application time: 0.0001088 seconds
2019-02-01T03:07:10.013+0000: 803596.019: Total time for which application threads were stopped: 0.0019594 seconds, Stopping threads took: 0.0000368 seconds
2019-02-01T03:07:11.367+0000: 803597.372: Application time: 1.3538432 seconds
2019-02-01T03:07:11.370+0000: 803597.375: Total time for which application threads were stopped: 0.0028666 seconds, Stopping threads took: 0.0000606 seconds
2019-02-01T03:07:11.420+0000: 803597.426: Application time: 0.0506501 seconds
2019-02-01T03:07:11.422+0000: 803597.428: Total time for which application threads were stopped: 0.0021440 seconds, Stopping threads took: 0.0001087 seconds
2019-02-01T03:07:14.120+0000: 803600.125: Application time: 2.6973017 seconds
2019-02-01T03:07:14.123+0000: 803600.129: Total time for which application threads were stopped: 0.0037103 seconds, Stopping threads took: 0.0000708 seconds
2019-02-01T03:07:14.123+0000: 803600.129: Application time: 0.0001230 seconds
2019-02-01T03:07:14.126+0000: 803600.132: Total time for which application threads were stopped: 0.0022835 seconds, Stopping threads took: 0.0001217 seconds
2019-02-01T03:07:32.306+0000: 803618.312: Application time: 18.1801181 seconds
2019-02-01T03:07:32.310+0000: 803618.316: Total time for which application threads were stopped: 0.0041742 seconds, Stopping threads took: 0.0001213 seconds
2019-02-01T03:07:32.938+0000: 803618.944: Application time: 0.6280217 seconds
2019-02-01T03:07:32.941+0000: 803618.947: Total time for which application threads were stopped: 0.0029600 seconds, Stopping threads took: 0.0000919 seconds
2019-02-01T03:07:33.529+0000: 803619.534: Application time: 0.5875772 seconds
2019-02-01T03:07:33.531+0000: 803619.536: Total time for which application threads were stopped: 0.0020567 seconds, Stopping threads took: 0.0001041 seconds
2019-02-01T03:07:33.933+0000: 803619.939: Application time: 0.4022020 seconds
2019-02-01T03:07:33.935+0000: 803619.940: Total time for which application threads were stopped: 0.0016096 seconds, Stopping threads took: 0.0000503 seconds
2019-02-01T03:07:33.945+0000: 803619.951: Application time: 0.0104848 seconds
2019-02-01T03:07:33.947+0000: 803619.952: Total time for which application threads were stopped: 0.0016567 seconds, Stopping threads took: 0.0000334 seconds
2019-02-01T03:07:33.957+0000: 803619.963: Application time: 0.0104523 seconds
2019-02-01T03:07:33.959+0000: 803619.965: Total time for which application threads were stopped: 0.0017456 seconds, Stopping threads took: 0.0000888 seconds
2019-02-01T03:07:33.969+0000: 803619.975: Application time: 0.0104312 seconds
2019-02-01T03:07:33.971+0000: 803619.977: Total time for which application threads were stopped: 0.0016132 seconds, Stopping threads took: 0.0000521 seconds
2019-02-01T03:07:42.365+0000: 803628.371: Application time: 8.3942577 seconds
2019-02-01T03:07:42.369+0000: 803628.375: [GC (Allocation Failure) 2019-02-01T03:07:42.378+0000: 803628.384: [SoftReference, 0 refs, 0.0000592 secs]2019-02-01T03:07:42.378+0000: 803628.384: [WeakReference, 33 refs, 0.0000220 secs]2019-02-01T03:07:42.378+0000: 803628.384: [FinalReference, 5795 refs, 0.0031106 secs]2019-02-01T03:07:42.381+0000: 803628.387: [PhantomReference, 0 refs, 0 refs, 0.0000166 secs]2019-02-01T03:07:42.381+0000: 803628.387: [JNI Weak Reference, 0.0000230 secs]
Desired survivor size 14680064 bytes, new threshold 1 (max 15)
[PSYoungGen: 830437K->8791K(832512K)] 1468041K->652722K(1530368K), 0.0156986 secs] [Times: user=0.19 sys=0.01, real=0.01 secs] 
2019-02-01T03:07:42.385+0000: 803628.391: Total time for which application threads were stopped: 0.0200192 seconds, Stopping threads took: 0.0001180 seconds
2019-02-01T03:07:45.092+0000: 803631.098: Application time: 2.7067350 seconds
2019-02-01T03:07:45.096+0000: 803631.102: Total time for which application threads were stopped: 0.0039465 seconds, Stopping threads took: 0.0000590 seconds
2019-02-01T03:07:58.619+0000: 803644.625: Application time: 13.5233523 seconds
2019-02-01T03:07:58.623+0000: 803644.629: Total time for which application threads were stopped: 0.0040135 seconds, Stopping threads took: 0.0001064 seconds
2019-02-01T03:08:00.579+0000: 803646.585: Application time: 1.9555056 seconds
2019-02-01T03:08:00.582+0000: 803646.588: Total time for which application threads were stopped: 0.0030215 seconds, Stopping threads took: 0.0001360 seconds
2019-02-01T03:08:01.129+0000: 803647.134: Application time: 0.5468951 seconds
2019-02-01T03:08:01.131+0000: 803647.137: Total time for which application threads were stopped: 0.0021516 seconds, Stopping threads took: 0.0001035 seconds
2019-02-01T03:08:01.906+0000: 803647.912: Application time: 0.7751032 seconds
2019-02-01T03:08:01.909+0000: 803647.915: Total time for which application threads were stopped: 0.0032033 seconds, Stopping threads took: 0.0000748 seconds
2019-02-01T03:08:02.130+0000: 803648.136: Application time: 0.2211154 seconds
2019-02-01T03:08:02.134+0000: 803648.139: Total time for which application threads were stopped: 0.0032237 seconds, Stopping threads took: 0.0000677 seconds
2019-02-01T03:08:02.134+0000: 803648.139: Application time: 0.0000665 seconds
2019-02-01T03:08:02.136+0000: 803648.142: Total time for which application threads were stopped: 0.0022456 seconds, Stopping threads took: 0.0001069 seconds
2019-02-01T03:08:02.737+0000: 803648.743: Application time: 0.6016489 seconds
2019-02-01T03:08:02.740+0000: 803648.746: Total time for which application threads were stopped: 0.0030004 seconds, Stopping threads took: 0.0000478 seconds
2019-02-01T03:08:02.741+0000: 803648.746: Application time: 0.0001028 seconds
2019-02-01T03:08:02.743+0000: 803648.748: Total time for which application threads were stopped: 0.0020160 seconds, Stopping threads took: 0.0000984 seconds
2019-02-01T03:08:03.044+0000: 803649.049: Application time: 0.3011039 seconds
2019-02-01T03:08:03.046+0000: 803649.052: Total time for which application threads were stopped: 0.0020544 seconds, Stopping threads took: 0.0000398 seconds
2019-02-01T03:08:03.046+0000: 803649.052: Application time: 0.0000945 seconds
2019-02-01T03:08:03.048+0000: 803649.053: Total time for which application threads were stopped: 0.0018306 seconds, Stopping threads took: 0.0001033 seconds
2019-02-01T03:08:03.289+0000: 803649.295: Application time: 0.2412813 seconds
2019-02-01T03:08:03.291+0000: 803649.297: Total time for which application threads were stopped: 0.0019926 seconds, Stopping threads took: 0.0001071 seconds
2019-02-01T03:08:03.342+0000: 803649.348: Application time: 0.0507569 seconds
2019-02-01T03:08:03.344+0000: 803649.349: Total time for which application threads were stopped: 0.0018040 seconds, Stopping threads took: 0.0000491 seconds
2019-02-01T03:08:03.795+0000: 803649.801: Application time: 0.4514988 seconds
2019-02-01T03:08:03.798+0000: 803649.804: Total time for which application threads were stopped: 0.0027328 seconds, Stopping threads took: 0.0000585 seconds
2019-02-01T03:08:04.651+0000: 803650.657: Application time: 0.8536208 seconds
2019-02-01T03:08:04.655+0000: 803650.661: Total time for which application threads were stopped: 0.0033332 seconds, Stopping threads took: 0.0001351 seconds
2019-02-01T03:08:04.655+0000: 803650.661: Application time: 0.0000969 seconds
2019-02-01T03:08:04.657+0000: 803650.663: Total time for which application threads were stopped: 0.0023743 seconds, Stopping threads took: 0.0000783 seconds
2019-02-01T03:08:04.951+0000: 803650.957: Application time: 0.2936240 seconds
2019-02-01T03:08:04.953+0000: 803650.959: Total time for which application threads were stopped: 0.0018808 seconds, Stopping threads took: 0.0000613 seconds
2019-02-01T03:08:06.958+0000: 803652.963: Application time: 2.0049245 seconds
2019-02-01T03:08:06.960+0000: 803652.966: Total time for which application threads were stopped: 0.0022441 seconds, Stopping threads took: 0.0000445 seconds
2019-02-01T03:08:10.628+0000: 803656.633: Application time: 3.6677450 seconds
2019-02-01T03:08:10.632+0000: 803656.637: [GC (Allocation Failure) 2019-02-01T03:08:10.640+0000: 803656.646: [SoftReference, 0 refs, 0.0000592 secs]2019-02-01T03:08:10.640+0000: 803656.646: [WeakReference, 77 refs, 0.0000314 secs]2019-02-01T03:08:10.640+0000: 803656.646: [FinalReference, 6052 refs, 0.0028033 secs]2019-02-01T03:08:10.643+0000: 803656.648: [PhantomReference, 0 refs, 0 refs, 0.0000130 secs]2019-02-01T03:08:10.643+0000: 803656.648: [JNI Weak Reference, 0.0000185 secs]
Desired survivor size 14680064 bytes, new threshold 1 (max 15)
[PSYoungGen: 826455K->9687K(789504K)] 1470386K->656551K(1487360K), 0.0139750 secs] [Times: user=0.13 sys=0.03, real=0.01 secs] 
2019-02-01T03:08:10.646+0000: 803656.652: Total time for which application threads were stopped: 0.0180748 seconds, Stopping threads took: 0.0000670 seconds
2019-02-01T03:08:12.072+0000: 803658.078: Application time: 1.4263015 seconds
2019-02-01T03:08:12.076+0000: 803658.082: Total time for which application threads were stopped: 0.0037753 seconds, Stopping threads took: 0.0000577 seconds
2019-02-01T03:08:12.076+0000: 803658.082: Application time: 0.0000973 seconds
2019-02-01T03:08:12.078+0000: 803658.084: Total time for which application threads were stopped: 0.0022179 seconds, Stopping threads took: 0.0001072 seconds
2019-02-01T03:08:13.281+0000: 803659.287: Application time: 1.2026597 seconds
2019-02-01T03:08:13.284+0000: 803659.290: Total time for which application threads were stopped: 0.0033630 seconds, Stopping threads took: 0.0000529 seconds
2019-02-01T03:08:13.284+0000: 803659.290: Application time: 0.0000959 seconds
2019-02-01T03:08:13.287+0000: 803659.292: Total time for which application threads were stopped: 0.0022847 seconds, Stopping threads took: 0.0001024 seconds
2019-02-01T03:08:13.825+0000: 803659.831: Application time: 0.5386021 seconds
2019-02-01T03:08:13.828+0000: 803659.834: Total time for which application threads were stopped: 0.0028942 seconds, Stopping threads took: 0.0000534 seconds
2019-02-01T03:08:14.380+0000: 803660.386: Application time: 0.5517356 seconds
2019-02-01T03:08:14.382+0000: 803660.388: Total time for which application threads were stopped: 0.0022443 seconds, Stopping threads took: 0.0000844 seconds
2019-02-01T03:08:14.432+0000: 803660.438: Application time: 0.0504065 seconds
2019-02-01T03:08:14.434+0000: 803660.440: Total time for which application threads were stopped: 0.0019336 seconds, Stopping threads took: 0.0001124 seconds
2019-02-01T03:08:15.090+0000: 803661.096: Application time: 0.6559688 seconds
2019-02-01T03:08:15.092+0000: 803661.098: Total time for which application threads were stopped: 0.0019172 seconds, Stopping threads took: 0.0000386 seconds
2019-02-01T03:08:15.092+0000: 803661.098: Application time: 0.0001057 seconds
2019-02-01T03:08:15.094+0000: 803661.100: Total time for which application threads were stopped: 0.0017180 seconds, Stopping threads took: 0.0000260 seconds
2019-02-01T03:08:19.799+0000: 803665.805: Application time: 4.7051764 seconds
2019-02-01T03:08:19.803+0000: 803665.809: Total time for which application threads were stopped: 0.0039109 seconds, Stopping threads took: 0.0000676 seconds
2019-02-01T03:08:19.803+0000: 803665.809: Application time: 0.0000996 seconds
2019-02-01T03:08:19.805+0000: 803665.811: Total time for which application threads were stopped: 0.0019656 seconds, Stopping threads took: 0.0000742 seconds
2019-02-01T03:08:19.906+0000: 803665.912: Application time: 0.1007353 seconds
2019-02-01T03:08:19.909+0000: 803665.915: Total time for which application threads were stopped: 0.0033410 seconds, Stopping threads took: 0.0000498 seconds
2019-02-01T03:08:19.909+0000: 803665.915: Application time: 0.0000970 seconds
2019-02-01T03:08:19.911+0000: 803665.917: Total time for which application threads were stopped: 0.0017352 seconds, Stopping threads took: 0.0000966 seconds
2019-02-01T03:08:20.312+0000: 803666.318: Application time: 0.4010667 seconds
2019-02-01T03:08:20.314+0000: 803666.320: Total time for which application threads were stopped: 0.0018945 seconds, Stopping threads took: 0.0000850 seconds
2019-02-01T03:08:20.328+0000: 803666.334: Application time: 0.0137402 seconds
2019-02-01T03:08:20.330+0000: 803666.335: Total time for which application threads were stopped: 0.0017216 seconds, Stopping threads took: 0.0000353 seconds
2019-02-01T03:08:22.017+0000: 803668.022: Application time: 1.6868852 seconds
2019-02-01T03:08:22.020+0000: 803668.025: Total time for which application threads were stopped: 0.0029660 seconds, Stopping threads took: 0.0001073 seconds
2019-02-01T03:08:22.621+0000: 803668.626: Application time: 0.6010676 seconds
2019-02-01T03:08:22.624+0000: 803668.630: Total time for which application threads were stopped: 0.0032743 seconds, Stopping threads took: 0.0000504 seconds
2019-02-01T03:08:41.178+0000: 803687.184: Application time: 18.5539083 seconds
2019-02-01T03:08:41.182+0000: 803687.188: [GC (Allocation Failure) 2019-02-01T03:08:41.189+0000: 803687.195: [SoftReference, 0 refs, 0.0000515 secs]2019-02-01T03:08:41.189+0000: 803687.195: [WeakReference, 63 refs, 0.0000193 secs]2019-02-01T03:08:41.189+0000: 803687.195: [FinalReference, 6145 refs, 0.0025714 secs]2019-02-01T03:08:41.192+0000: 803687.198: [PhantomReference, 0 refs, 0 refs, 0.0000137 secs]2019-02-01T03:08:41.192+0000: 803687.198: [JNI Weak Reference, 0.0000197 secs]
Desired survivor size 14680064 bytes, new threshold 1 (max 15)
[PSYoungGen: 789463K->9449K(753152K)] 1436327K->659556K(1451008K), 0.0145313 secs] [Times: user=0.12 sys=0.02, real=0.02 secs] 
2019-02-01T03:08:41.196+0000: 803687.202: Total time for which application threads were stopped: 0.0186622 seconds, Stopping threads took: 0.0001032 seconds
2019-02-01T03:08:56.974+0000: 803702.980: Application time: 15.7778143 seconds
2019-02-01T03:08:56.978+0000: 803702.984: Total time for which application threads were stopped: 0.0041811 seconds, Stopping threads took: 0.0000777 seconds
2019-02-01T03:08:57.080+0000: 803703.085: Application time: 0.1010906 seconds
2019-02-01T03:08:57.082+0000: 803703.087: Total time for which application threads were stopped: 0.0020224 seconds, Stopping threads took: 0.0001040 seconds
2019-02-01T03:08:57.180+0000: 803703.185: Application time: 0.0979773 seconds
2019-02-01T03:08:57.181+0000: 803703.187: Total time for which application threads were stopped: 0.0016889 seconds, Stopping threads took: 0.0000373 seconds
2019-02-01T03:08:57.182+0000: 803703.188: Application time: 0.0005504 seconds
2019-02-01T03:08:57.183+0000: 803703.189: Total time for which application threads were stopped: 0.0013283 seconds, Stopping threads took: 0.0000246 seconds
2019-02-01T03:08:57.284+0000: 803703.289: Application time: 0.1005464 seconds
2019-02-01T03:08:57.285+0000: 803703.291: Total time for which application threads were stopped: 0.0018096 seconds, Stopping threads took: 0.0000433 seconds
2019-02-01T03:08:57.382+0000: 803703.388: Application time: 0.0964746 seconds
2019-02-01T03:08:57.384+0000: 803703.390: Total time for which application threads were stopped: 0.0017659 seconds, Stopping threads took: 0.0000784 seconds
2019-02-01T03:08:57.434+0000: 803703.439: Application time: 0.0498714 seconds
2019-02-01T03:08:57.435+0000: 803703.441: Total time for which application threads were stopped: 0.0016903 seconds, Stopping threads took: 0.0000394 seconds
2019-02-01T03:08:57.435+0000: 803703.441: Application time: 0.0000827 seconds
2019-02-01T03:08:57.437+0000: 803703.443: Total time for which application threads were stopped: 0.0016827 seconds, Stopping threads took: 0.0000480 seconds
2019-02-01T03:08:57.487+0000: 803703.493: Application time: 0.0504221 seconds
2019-02-01T03:08:57.489+0000: 803703.495: Total time for which application threads were stopped: 0.0017099 seconds, Stopping threads took: 0.0000496 seconds
2019-02-01T03:08:57.525+0000: 803703.530: Application time: 0.0353702 seconds
2019-02-01T03:08:57.526+0000: 803703.532: Total time for which application threads were stopped: 0.0016190 seconds, Stopping threads took: 0.0000354 seconds
2019-02-01T03:08:57.783+0000: 803703.789: Application time: 0.2566734 seconds
2019-02-01T03:08:57.785+0000: 803703.790: Total time for which application threads were stopped: 0.0017236 seconds, Stopping threads took: 0.0000895 seconds
2019-02-01T03:08:58.692+0000: 803704.698: Application time: 0.9076995 seconds
2019-02-01T03:08:58.696+0000: 803704.702: Total time for which application threads were stopped: 0.0039373 seconds, Stopping threads took: 0.0001359 seconds
2019-02-01T03:08:58.740+0000: 803704.746: Application time: 0.0436490 seconds
2019-02-01T03:08:58.742+0000: 803704.748: Total time for which application threads were stopped: 0.0021055 seconds, Stopping threads took: 0.0000485 seconds
2019-02-01T03:08:59.039+0000: 803705.045: Application time: 0.2967181 seconds
2019-02-01T03:08:59.041+0000: 803705.046: Total time for which application threads were stopped: 0.0018665 seconds, Stopping threads took: 0.0000909 seconds
2019-02-01T03:09:00.846+0000: 803706.852: Application time: 1.8053430 seconds
2019-02-01T03:09:00.848+0000: 803706.854: Total time for which application threads were stopped: 0.0024688 seconds, Stopping threads took: 0.0000442 seconds
2019-02-01T03:09:00.859+0000: 803706.865: Application time: 0.0104873 seconds
2019-02-01T03:09:00.861+0000: 803706.867: Total time for which application threads were stopped: 0.0021197 seconds, Stopping threads took: 0.0001424 seconds
2019-02-01T03:09:01.493+0000: 803707.499: Application time: 0.6317291 seconds
2019-02-01T03:09:01.496+0000: 803707.502: Total time for which application threads were stopped: 0.0034724 seconds, Stopping threads took: 0.0000903 seconds
2019-02-01T03:09:01.496+0000: 803707.502: Application time: 0.0000545 seconds
2019-02-01T03:09:01.499+0000: 803707.504: Total time for which application threads were stopped: 0.0022586 seconds, Stopping threads took: 0.0000738 seconds
2019-02-01T03:09:01.512+0000: 803707.518: Application time: 0.0135485 seconds
2019-02-01T03:09:01.514+0000: 803707.520: Total time for which application threads were stopped: 0.0017758 seconds, Stopping threads took: 0.0000423 seconds
2019-02-01T03:09:01.524+0000: 803707.530: Application time: 0.0104633 seconds
2019-02-01T03:09:01.526+0000: 803707.532: Total time for which application threads were stopped: 0.0017697 seconds, Stopping threads took: 0.0000784 seconds
2019-02-01T03:09:01.820+0000: 803707.825: Application time: 0.2935452 seconds
2019-02-01T03:09:01.823+0000: 803707.829: Total time for which application threads were stopped: 0.0031230 seconds, Stopping threads took: 0.0000927 seconds
2019-02-01T03:09:01.906+0000: 803707.912: Application time: 0.0836071 seconds
2019-02-01T03:09:01.909+0000: 803707.914: Total time for which application threads were stopped: 0.0021491 seconds, Stopping threads took: 0.0000364 seconds
2019-02-01T03:09:02.501+0000: 803708.507: Application time: 0.5924462 seconds
2019-02-01T03:09:02.504+0000: 803708.509: Total time for which application threads were stopped: 0.0025949 seconds, Stopping threads took: 0.0000426 seconds
2019-02-01T03:09:02.504+0000: 803708.510: Application time: 0.0001021 seconds
2019-02-01T03:09:02.506+0000: 803708.512: Total time for which application threads were stopped: 0.0021004 seconds, Stopping threads took: 0.0001190 seconds
2019-02-01T03:09:02.557+0000: 803708.562: Application time: 0.0506593 seconds
2019-02-01T03:09:02.558+0000: 803708.564: Total time for which application threads were stopped: 0.0017249 seconds, Stopping threads took: 0.0000465 seconds
2019-02-01T03:09:02.607+0000: 803708.612: Application time: 0.0482729 seconds
2019-02-01T03:09:02.608+0000: 803708.614: Total time for which application threads were stopped: 0.0017714 seconds, Stopping threads took: 0.0000934 seconds
2019-02-01T03:09:02.608+0000: 803708.614: Application time: 0.0001056 seconds
2019-02-01T03:09:02.610+0000: 803708.616: Total time for which application threads were stopped: 0.0017021 seconds, Stopping threads took: 0.0000834 seconds
2019-02-01T03:09:03.813+0000: 803709.819: Application time: 1.2030301 seconds
2019-02-01T03:09:03.815+0000: 803709.821: Total time for which application threads were stopped: 0.0018343 seconds, Stopping threads took: 0.0000487 seconds
2019-02-01T03:09:03.815+0000: 803709.821: Application time: 0.0000929 seconds
2019-02-01T03:09:03.817+0000: 803709.823: Total time for which application threads were stopped: 0.0016735 seconds, Stopping threads took: 0.0000342 seconds
2019-02-01T03:09:04.018+0000: 803710.023: Application time: 0.2008570 seconds
2019-02-01T03:09:04.019+0000: 803710.025: Total time for which application threads were stopped: 0.0017670 seconds, Stopping threads took: 0.0000369 seconds
2019-02-01T03:09:04.019+0000: 803710.025: Application time: 0.0000939 seconds
2019-02-01T03:09:04.021+0000: 803710.027: Total time for which application threads were stopped: 0.0016785 seconds, Stopping threads took: 0.0000265 seconds
2019-02-01T03:09:04.264+0000: 803710.270: Application time: 0.2430406 seconds
2019-02-01T03:09:04.266+0000: 803710.272: Total time for which application threads were stopped: 0.0020361 seconds, Stopping threads took: 0.0000461 seconds
2019-02-01T03:09:06.672+0000: 803712.678: Application time: 2.4060860 seconds
2019-02-01T03:09:06.676+0000: 803712.682: Total time for which application threads were stopped: 0.0040045 seconds, Stopping threads took: 0.0000677 seconds
2019-02-01T03:09:09.758+0000: 803715.764: Application time: 3.0818778 seconds
2019-02-01T03:09:09.762+0000: 803715.768: [GC (Allocation Failure) 2019-02-01T03:09:09.770+0000: 803715.775: [SoftReference, 0 refs, 0.0000722 secs]2019-02-01T03:09:09.770+0000: 803715.775: [WeakReference, 42 refs, 0.0000179 secs]2019-02-01T03:09:09.770+0000: 803715.776: [FinalReference, 5679 refs, 0.0024250 secs]2019-02-01T03:09:09.772+0000: 803715.778: [PhantomReference, 0 refs, 1 refs, 0.0000121 secs]2019-02-01T03:09:09.772+0000: 803715.778: [JNI Weak Reference, 0.0000225 secs]
Desired survivor size 16252928 bytes, new threshold 1 (max 15)
[PSYoungGen: 752873K->9713K(718848K)] 1402980K->664212K(1416704K), 0.0140190 secs] [Times: user=0.16 sys=0.03, real=0.01 secs] 
2019-02-01T03:09:09.776+0000: 803715.782: Total time for which application threads were stopped: 0.0181213 seconds, Stopping threads took: 0.0000784 seconds
2019-02-01T03:09:18.818+0000: 803724.824: Application time: 9.0421387 seconds
2019-02-01T03:09:18.822+0000: 803724.827: Total time for which application threads were stopped: 0.0032065 seconds, Stopping threads took: 0.0000589 seconds
2019-02-01T03:09:42.495+0000: 803748.500: Application time: 23.6729202 seconds
2019-02-01T03:09:42.498+0000: 803748.504: [GC (Allocation Failure) 2019-02-01T03:09:42.503+0000: 803748.509: [SoftReference, 0 refs, 0.0000451 secs]2019-02-01T03:09:42.503+0000: 803748.509: [WeakReference, 32 refs, 0.0000213 secs]2019-02-01T03:09:42.503+0000: 803748.509: [FinalReference, 5163 refs, 0.0022850 secs]2019-02-01T03:09:42.506+0000: 803748.511: [PhantomReference, 0 refs, 0 refs, 0.0000161 secs]2019-02-01T03:09:42.506+0000: 803748.511: [JNI Weak Reference, 0.0000213 secs]
Desired survivor size 16252928 bytes, new threshold 1 (max 15)
[PSYoungGen: 718833K->10494K(687104K)] 1373332K->669473K(1384960K), 0.0127565 secs] [Times: user=0.10 sys=0.03, real=0.01 secs] 
2019-02-01T03:09:42.511+0000: 803748.516: Total time for which application threads were stopped: 0.0159983 seconds, Stopping threads took: 0.0000519 seconds
2019-02-01T03:09:45.822+0000: 803751.828: Application time: 3.3111574 seconds
2019-02-01T03:09:45.825+0000: 803751.830: Total time for which application threads were stopped: 0.0029358 seconds, Stopping threads took: 0.0000562 seconds
2019-02-01T03:09:56.989+0000: 803762.994: Application time: 11.1638077 seconds
2019-02-01T03:09:56.992+0000: 803762.997: Total time for which application threads were stopped: 0.0030055 seconds, Stopping threads took: 0.0000543 seconds
2019-02-01T03:09:57.993+0000: 803763.999: Application time: 1.0016039 seconds
2019-02-01T03:09:57.996+0000: 803764.002: Total time for which application threads were stopped: 0.0029356 seconds, Stopping threads took: 0.0000561 seconds
2019-02-01T03:09:58.197+0000: 803764.202: Application time: 0.2005803 seconds
2019-02-01T03:09:58.200+0000: 803764.205: Total time for which application threads were stopped: 0.0028329 seconds, Stopping threads took: 0.0000805 seconds
2019-02-01T03:09:58.335+0000: 803764.341: Application time: 0.1353908 seconds
2019-02-01T03:09:58.338+0000: 803764.343: Total time for which application threads were stopped: 0.0026681 seconds, Stopping threads took: 0.0000358 seconds
2019-02-01T03:09:58.500+0000: 803764.506: Application time: 0.1629145 seconds
2019-02-01T03:09:58.503+0000: 803764.509: Total time for which application threads were stopped: 0.0027533 seconds, Stopping threads took: 0.0000770 seconds
2019-02-01T03:09:59.743+0000: 803765.749: Application time: 1.2402215 seconds
2019-02-01T03:09:59.746+0000: 803765.752: Total time for which application threads were stopped: 0.0029917 seconds, Stopping threads took: 0.0001106 seconds
2019-02-01T03:09:59.836+0000: 803765.842: Application time: 0.0892660 seconds
2019-02-01T03:09:59.838+0000: 803765.844: Total time for which application threads were stopped: 0.0024163 seconds, Stopping threads took: 0.0000325 seconds
2019-02-01T03:10:01.309+0000: 803767.314: Application time: 1.4703999 seconds
2019-02-01T03:10:01.312+0000: 803767.317: Total time for which application threads were stopped: 0.0029819 seconds, Stopping threads took: 0.0000535 seconds
2019-02-01T03:10:01.312+0000: 803767.317: Application time: 0.0000733 seconds
2019-02-01T03:10:01.313+0000: 803767.319: Total time for which application threads were stopped: 0.0014321 seconds, Stopping threads took: 0.0000584 seconds
2019-02-01T03:10:01.906+0000: 803767.912: Application time: 0.5926823 seconds
2019-02-01T03:10:01.909+0000: 803767.914: Total time for which application threads were stopped: 0.0028008 seconds, Stopping threads took: 0.0000479 seconds
2019-02-01T03:10:02.515+0000: 803768.521: Application time: 0.6062668 seconds
2019-02-01T03:10:02.518+0000: 803768.524: Total time for which application threads were stopped: 0.0029391 seconds, Stopping threads took: 0.0000733 seconds
2019-02-01T03:10:02.518+0000: 803768.524: Application time: 0.0000958 seconds
2019-02-01T03:10:02.520+0000: 803768.525: Total time for which application threads were stopped: 0.0017931 seconds, Stopping threads took: 0.0000309 seconds
2019-02-01T03:10:03.220+0000: 803769.226: Application time: 0.7006050 seconds
2019-02-01T03:10:03.223+0000: 803769.229: Total time for which application threads were stopped: 0.0031210 seconds, Stopping threads took: 0.0000595 seconds
2019-02-01T03:10:03.224+0000: 803769.229: Application time: 0.0000972 seconds
2019-02-01T03:10:03.225+0000: 803769.231: Total time for which application threads were stopped: 0.0018182 seconds, Stopping threads took: 0.0000899 seconds
2019-02-01T03:10:03.927+0000: 803769.933: Application time: 0.7019357 seconds
2019-02-01T03:10:03.930+0000: 803769.936: Total time for which application threads were stopped: 0.0029891 seconds, Stopping threads took: 0.0000576 seconds
2019-02-01T03:10:03.930+0000: 803769.936: Application time: 0.0000837 seconds
2019-02-01T03:10:03.932+0000: 803769.938: Total time for which application threads were stopped: 0.0014453 seconds, Stopping threads took: 0.0000401 seconds
2019-02-01T03:10:04.573+0000: 803770.578: Application time: 0.6408284 seconds
2019-02-01T03:10:04.576+0000: 803770.581: Total time for which application threads were stopped: 0.0029780 seconds, Stopping threads took: 0.0000666 seconds
2019-02-01T03:10:04.626+0000: 803770.632: Application time: 0.0504578 seconds
2019-02-01T03:10:04.628+0000: 803770.634: Total time for which application threads were stopped: 0.0021289 seconds, Stopping threads took: 0.0000724 seconds
2019-02-01T03:10:05.080+0000: 803771.085: Application time: 0.4513474 seconds
2019-02-01T03:10:05.082+0000: 803771.088: Total time for which application threads were stopped: 0.0026991 seconds, Stopping threads took: 0.0000729 seconds
2019-02-01T03:10:05.233+0000: 803771.239: Application time: 0.1505526 seconds
2019-02-01T03:10:05.235+0000: 803771.241: Total time for which application threads were stopped: 0.0023880 seconds, Stopping threads took: 0.0000761 seconds
2019-02-01T03:10:06.437+0000: 803772.442: Application time: 1.2014032 seconds
2019-02-01T03:10:06.440+0000: 803772.446: Total time for which application threads were stopped: 0.0031362 seconds, Stopping threads took: 0.0000976 seconds
2019-02-01T03:10:06.440+0000: 803772.446: Application time: 0.0001003 seconds
2019-02-01T03:10:06.442+0000: 803772.447: Total time for which application threads were stopped: 0.0016381 seconds, Stopping threads took: 0.0000409 seconds
2019-02-01T03:10:11.449+0000: 803777.455: Application time: 5.0075336 seconds
2019-02-01T03:10:11.452+0000: 803777.458: Total time for which application threads were stopped: 0.0029262 seconds, Stopping threads took: 0.0000586 seconds
2019-02-01T03:10:11.452+0000: 803777.458: Application time: 0.0000649 seconds
2019-02-01T03:10:11.453+0000: 803777.459: Total time for which application threads were stopped: 0.0011963 seconds, Stopping threads took: 0.0000387 seconds
2019-02-01T03:10:12.051+0000: 803778.057: Application time: 0.5978981 seconds
2019-02-01T03:10:12.054+0000: 803778.060: [GC (Allocation Failure) 2019-02-01T03:10:12.061+0000: 803778.066: [SoftReference, 0 refs, 0.0000721 secs]2019-02-01T03:10:12.061+0000: 803778.067: [WeakReference, 54 refs, 0.0000260 secs]2019-02-01T03:10:12.061+0000: 803778.067: [FinalReference, 3576 refs, 0.0014696 secs]2019-02-01T03:10:12.062+0000: 803778.068: [PhantomReference, 0 refs, 0 refs, 0.0000089 secs]2019-02-01T03:10:12.062+0000: 803778.068: [JNI Weak Reference, 0.0000147 secs]
Desired survivor size 18350080 bytes, new threshold 1 (max 15)
[PSYoungGen: 686846K->11766K(656896K)] 1345825K->675517K(1354752K), 0.0102572 secs] [Times: user=0.14 sys=0.02, real=0.01 secs] 
2019-02-01T03:10:12.065+0000: 803778.070: Total time for which application threads were stopped: 0.0133757 seconds, Stopping threads took: 0.0000493 seconds
2019-02-01T03:10:38.931+0000: 803804.937: Application time: 26.8664366 seconds
2019-02-01T03:10:38.934+0000: 803804.940: Total time for which application threads were stopped: 0.0030101 seconds, Stopping threads took: 0.0001116 seconds
2019-02-01T03:10:38.934+0000: 803804.940: Application time: 0.0001157 seconds
2019-02-01T03:10:38.936+0000: 803804.942: [GC (GCLocker Initiated GC) 2019-02-01T03:10:38.945+0000: 803804.950: [SoftReference, 0 refs, 0.0000487 secs]2019-02-01T03:10:38.945+0000: 803804.950: [WeakReference, 32 refs, 0.0000208 secs]2019-02-01T03:10:38.945+0000: 803804.950: [FinalReference, 5303 refs, 0.0024326 secs]2019-02-01T03:10:38.947+0000: 803804.953: [PhantomReference, 0 refs, 0 refs, 0.0000162 secs]2019-02-01T03:10:38.947+0000: 803804.953: [JNI Weak Reference, 0.0000212 secs]
Desired survivor size 17825792 bytes, new threshold 1 (max 15)
[PSYoungGen: 656886K->9515K(625152K)] 1320638K->678366K(1323008K), 0.0161791 secs] [Times: user=0.11 sys=0.01, real=0.01 secs] 
2019-02-01T03:10:38.952+0000: 803804.958: Total time for which application threads were stopped: 0.0180626 seconds, Stopping threads took: 0.0000426 seconds
2019-02-01T03:10:57.909+0000: 803823.914: Application time: 18.9564798 seconds
2019-02-01T03:10:57.912+0000: 803823.918: Total time for which application threads were stopped: 0.0031388 seconds, Stopping threads took: 0.0000865 seconds
2019-02-01T03:10:58.028+0000: 803824.034: Application time: 0.1165334 seconds
2019-02-01T03:10:58.031+0000: 803824.037: Total time for which application threads were stopped: 0.0024540 seconds, Stopping threads took: 0.0000337 seconds
2019-02-01T03:10:59.022+0000: 803825.028: Application time: 0.9915787 seconds
2019-02-01T03:10:59.025+0000: 803825.031: Total time for which application threads were stopped: 0.0029165 seconds, Stopping threads took: 0.0000626 seconds
2019-02-01T03:10:59.026+0000: 803825.031: Application time: 0.0002671 seconds
2019-02-01T03:10:59.027+0000: 803825.033: [GC (GCLocker Initiated GC) 2019-02-01T03:10:59.033+0000: 803825.039: [SoftReference, 0 refs, 0.0000519 secs]2019-02-01T03:10:59.033+0000: 803825.039: [WeakReference, 79 refs, 0.0000319 secs]2019-02-01T03:10:59.033+0000: 803825.039: [FinalReference, 5203 refs, 0.0024572 secs]2019-02-01T03:10:59.036+0000: 803825.042: [PhantomReference, 0 refs, 1 refs, 0.0000164 secs]2019-02-01T03:10:59.036+0000: 803825.042: [JNI Weak Reference, 0.0000266 secs]
Desired survivor size 16777216 bytes, new threshold 1 (max 15)
[PSYoungGen: 624939K->9372K(596992K)] 1293804K->682692K(1294848K), 0.0124769 secs] [Times: user=0.11 sys=0.01, real=0.01 secs] 
2019-02-01T03:10:59.040+0000: 803825.046: Total time for which application threads were stopped: 0.0144815 seconds, Stopping threads took: 0.0001178 seconds
2019-02-01T03:10:59.140+0000: 803825.146: Application time: 0.1004718 seconds
2019-02-01T03:10:59.143+0000: 803825.149: Total time for which application threads were stopped: 0.0027963 seconds, Stopping threads took: 0.0000368 seconds
2019-02-01T03:11:00.335+0000: 803826.341: Application time: 1.1919136 seconds
2019-02-01T03:11:00.338+0000: 803826.344: Total time for which application threads were stopped: 0.0030616 seconds, Stopping threads took: 0.0000571 seconds
2019-02-01T03:11:00.349+0000: 803826.355: Application time: 0.0104652 seconds
2019-02-01T03:11:00.351+0000: 803826.356: Total time for which application threads were stopped: 0.0017629 seconds, Stopping threads took: 0.0000379 seconds
2019-02-01T03:11:00.361+0000: 803826.367: Application time: 0.0104453 seconds
2019-02-01T03:11:00.363+0000: 803826.368: Total time for which application threads were stopped: 0.0016094 seconds, Stopping threads took: 0.0000440 seconds
2019-02-01T03:11:00.373+0000: 803826.379: Application time: 0.0103524 seconds
2019-02-01T03:11:00.375+0000: 803826.380: Total time for which application threads were stopped: 0.0015790 seconds, Stopping threads took: 0.0000358 seconds
2019-02-01T03:11:00.385+0000: 803826.391: Application time: 0.0104034 seconds
2019-02-01T03:11:00.386+0000: 803826.392: Total time for which application threads were stopped: 0.0015659 seconds, Stopping threads took: 0.0000376 seconds
2019-02-01T03:11:00.397+0000: 803826.403: Application time: 0.0103827 seconds
2019-02-01T03:11:00.398+0000: 803826.404: Total time for which application threads were stopped: 0.0015557 seconds, Stopping threads took: 0.0000373 seconds
2019-02-01T03:11:00.409+0000: 803826.415: Application time: 0.0103601 seconds
2019-02-01T03:11:00.410+0000: 803826.416: Total time for which application threads were stopped: 0.0016418 seconds, Stopping threads took: 0.0000908 seconds
2019-02-01T03:11:00.421+0000: 803826.427: Application time: 0.0103713 seconds
2019-02-01T03:11:00.422+0000: 803826.428: Total time for which application threads were stopped: 0.0015987 seconds, Stopping threads took: 0.0000626 seconds
2019-02-01T03:11:00.433+0000: 803826.439: Application time: 0.0105119 seconds
2019-02-01T03:11:00.435+0000: 803826.440: Total time for which application threads were stopped: 0.0016037 seconds, Stopping threads took: 0.0000349 seconds
2019-02-01T03:11:00.714+0000: 803826.720: Application time: 0.2798221 seconds
2019-02-01T03:11:00.717+0000: 803826.723: Total time for which application threads were stopped: 0.0029191 seconds, Stopping threads took: 0.0000634 seconds
2019-02-01T03:11:01.906+0000: 803827.912: Application time: 1.1886024 seconds
2019-02-01T03:11:01.909+0000: 803827.915: Total time for which application threads were stopped: 0.0029914 seconds, Stopping threads took: 0.0000677 seconds
2019-02-01T03:11:02.048+0000: 803828.054: Application time: 0.1390388 seconds
2019-02-01T03:11:02.052+0000: 803828.058: Total time for which application threads were stopped: 0.0045146 seconds, Stopping threads took: 0.0000531 seconds
2019-02-01T03:11:02.053+0000: 803828.058: Application time: 0.0000715 seconds
2019-02-01T03:11:02.054+0000: 803828.060: Total time for which application threads were stopped: 0.0016275 seconds, Stopping threads took: 0.0000672 seconds
2019-02-01T03:11:02.229+0000: 803828.235: Application time: 0.1746622 seconds
2019-02-01T03:11:02.231+0000: 803828.237: Total time for which application threads were stopped: 0.0026293 seconds, Stopping threads took: 0.0000609 seconds
2019-02-01T03:11:04.073+0000: 803830.079: Application time: 1.8417359 seconds
2019-02-01T03:11:04.076+0000: 803830.082: Total time for which application threads were stopped: 0.0030338 seconds, Stopping threads took: 0.0000855 seconds
2019-02-01T03:11:04.558+0000: 803830.564: Application time: 0.4821721 seconds
2019-02-01T03:11:04.561+0000: 803830.567: Total time for which application threads were stopped: 0.0030345 seconds, Stopping threads took: 0.0000584 seconds
2019-02-01T03:11:04.962+0000: 803830.967: Application time: 0.4002290 seconds
2019-02-01T03:11:04.965+0000: 803830.971: Total time for which application threads were stopped: 0.0030909 seconds, Stopping threads took: 0.0000453 seconds
2019-02-01T03:11:05.444+0000: 803831.450: Application time: 0.4792981 seconds
2019-02-01T03:11:05.447+0000: 803831.453: Total time for which application threads were stopped: 0.0029197 seconds, Stopping threads took: 0.0000951 seconds
2019-02-01T03:11:05.466+0000: 803831.472: Application time: 0.0190659 seconds
2019-02-01T03:11:05.468+0000: 803831.474: Total time for which application threads were stopped: 0.0018651 seconds, Stopping threads took: 0.0000776 seconds
2019-02-01T03:11:05.468+0000: 803831.474: Application time: 0.0000973 seconds
2019-02-01T03:11:05.470+0000: 803831.475: Total time for which application threads were stopped: 0.0015845 seconds, Stopping threads took: 0.0000361 seconds
2019-02-01T03:11:05.474+0000: 803831.480: Application time: 0.0047926 seconds
2019-02-01T03:11:05.476+0000: 803831.482: Total time for which application threads were stopped: 0.0015327 seconds, Stopping threads took: 0.0000646 seconds
2019-02-01T03:11:06.772+0000: 803832.778: Application time: 1.2964544 seconds
2019-02-01T03:11:06.775+0000: 803832.781: Total time for which application threads were stopped: 0.0029478 seconds, Stopping threads took: 0.0000599 seconds
2019-02-01T03:11:06.775+0000: 803832.781: Application time: 0.0000973 seconds
2019-02-01T03:11:06.777+0000: 803832.783: Total time for which application threads were stopped: 0.0016332 seconds, Stopping threads took: 0.0000229 seconds
2019-02-01T03:11:07.493+0000: 803833.498: Application time: 0.7155173 seconds
2019-02-01T03:11:07.496+0000: 803833.502: Total time for which application threads were stopped: 0.0030848 seconds, Stopping threads took: 0.0000556 seconds
2019-02-01T03:11:07.506+0000: 803833.512: Application time: 0.0105611 seconds
2019-02-01T03:11:07.508+0000: 803833.514: Total time for which application threads were stopped: 0.0018231 seconds, Stopping threads took: 0.0000779 seconds
2019-02-01T03:11:07.519+0000: 803833.524: Application time: 0.0104187 seconds
2019-02-01T03:11:07.520+0000: 803833.526: Total time for which application threads were stopped: 0.0016246 seconds, Stopping threads took: 0.0000384 seconds
2019-02-01T03:11:07.531+0000: 803833.536: Application time: 0.0104220 seconds
2019-02-01T03:11:07.532+0000: 803833.538: Total time for which application threads were stopped: 0.0016131 seconds, Stopping threads took: 0.0000583 seconds
2019-02-01T03:11:19.439+0000: 803845.445: Application time: 11.9071994 seconds
2019-02-01T03:11:19.442+0000: 803845.448: Total time for which application threads were stopped: 0.0027392 seconds, Stopping threads took: 0.0000660 seconds
2019-02-01T03:11:19.442+0000: 803845.448: Application time: 0.0000832 seconds
2019-02-01T03:11:19.444+0000: 803845.449: [GC (GCLocker Initiated GC) 2019-02-01T03:11:19.451+0000: 803845.457: [SoftReference, 0 refs, 0.0000815 secs]2019-02-01T03:11:19.451+0000: 803845.457: [WeakReference, 56 refs, 0.0000247 secs]2019-02-01T03:11:19.451+0000: 803845.457: [FinalReference, 4702 refs, 0.0023193 secs]2019-02-01T03:11:19.453+0000: 803845.459: [PhantomReference, 0 refs, 0 refs, 0.0000158 secs]2019-02-01T03:11:19.453+0000: 803845.459: [JNI Weak Reference, 0.0000215 secs]
Desired survivor size 16777216 bytes, new threshold 1 (max 15)
[PSYoungGen: 596636K->8577K(569344K)] 1269958K->684539K(1267200K), 0.0145119 secs] [Times: user=0.10 sys=0.02, real=0.01 secs] 
2019-02-01T03:11:19.458+0000: 803845.464: Total time for which application threads were stopped: 0.0159264 seconds, Stopping threads took: 0.0000202 seconds
2019-02-01T03:11:28.074+0000: 803854.080: Application time: 8.6157555 seconds
2019-02-01T03:11:28.077+0000: 803854.083: Total time for which application threads were stopped: 0.0030105 seconds, Stopping threads took: 0.0000862 seconds
2019-02-01T03:11:39.871+0000: 803865.876: Application time: 11.7937146 seconds
2019-02-01T03:11:39.874+0000: 803865.880: Total time for which application threads were stopped: 0.0030463 seconds, Stopping threads took: 0.0000898 seconds
2019-02-01T03:11:39.874+0000: 803865.880: Application time: 0.0000975 seconds
2019-02-01T03:11:39.876+0000: 803865.881: [GC (GCLocker Initiated GC) 2019-02-01T03:11:39.881+0000: 803865.887: [SoftReference, 0 refs, 0.0000489 secs]2019-02-01T03:11:39.881+0000: 803865.887: [WeakReference, 12 refs, 0.0000169 secs]2019-02-01T03:11:39.881+0000: 803865.887: [FinalReference, 4359 refs, 0.0017391 secs]2019-02-01T03:11:39.883+0000: 803865.889: [PhantomReference, 0 refs, 0 refs, 0.0000161 secs]2019-02-01T03:11:39.883+0000: 803865.889: [JNI Weak Reference, 0.0000216 secs]
Desired survivor size 15728640 bytes, new threshold 2 (max 15)
[PSYoungGen: 569217K->9816K(545792K)] 1245181K->689605K(1243648K), 0.0112707 secs] [Times: user=0.12 sys=0.00, real=0.01 secs] 
2019-02-01T03:11:39.887+0000: 803865.893: Total time for which application threads were stopped: 0.0131860 seconds, Stopping threads took: 0.0000445 seconds
2019-02-01T03:11:44.921+0000: 803870.926: Application time: 5.0335910 seconds
2019-02-01T03:11:44.924+0000: 803870.929: Total time for which application threads were stopped: 0.0030047 seconds, Stopping threads took: 0.0000573 seconds
2019-02-01T03:11:57.954+0000: 803883.960: Application time: 13.0308128 seconds
2019-02-01T03:11:57.958+0000: 803883.963: Total time for which application threads were stopped: 0.0032075 seconds, Stopping threads took: 0.0000977 seconds
2019-02-01T03:11:58.259+0000: 803884.264: Application time: 0.3008857 seconds
2019-02-01T03:11:58.262+0000: 803884.267: Total time for which application threads were stopped: 0.0030117 seconds, Stopping threads took: 0.0000807 seconds
2019-02-01T03:11:58.763+0000: 803884.769: Application time: 0.5012154 seconds
2019-02-01T03:11:58.766+0000: 803884.772: Total time for which application threads were stopped: 0.0029830 seconds, Stopping threads took: 0.0000506 seconds
2019-02-01T03:11:59.110+0000: 803885.115: Application time: 0.3439142 seconds
2019-02-01T03:11:59.112+0000: 803885.118: Total time for which application threads were stopped: 0.0027540 seconds, Stopping threads took: 0.0000484 seconds
2019-02-01T03:11:59.184+0000: 803885.190: Application time: 0.0717888 seconds
2019-02-01T03:11:59.186+0000: 803885.192: Total time for which application threads were stopped: 0.0019928 seconds, Stopping threads took: 0.0000271 seconds
2019-02-01T03:11:59.263+0000: 803885.269: Application time: 0.0767601 seconds
2019-02-01T03:11:59.265+0000: 803885.271: Total time for which application threads were stopped: 0.0023524 seconds, Stopping threads took: 0.0000493 seconds
2019-02-01T03:11:59.354+0000: 803885.360: Application time: 0.0886275 seconds
2019-02-01T03:11:59.357+0000: 803885.363: Total time for which application threads were stopped: 0.0027954 seconds, Stopping threads took: 0.0000461 seconds
2019-02-01T03:11:59.570+0000: 803885.576: Application time: 0.2134354 seconds
2019-02-01T03:11:59.573+0000: 803885.579: [GC (Allocation Failure) 2019-02-01T03:11:59.583+0000: 803885.589: [SoftReference, 0 refs, 0.0000489 secs]2019-02-01T03:11:59.584+0000: 803885.589: [WeakReference, 34 refs, 0.0000222 secs]2019-02-01T03:11:59.584+0000: 803885.589: [FinalReference, 4233 refs, 0.0020036 secs]2019-02-01T03:11:59.586+0000: 803885.591: [PhantomReference, 0 refs, 0 refs, 0.0000157 secs]2019-02-01T03:11:59.586+0000: 803885.591: [JNI Weak Reference, 0.0000214 secs]
Desired survivor size 16777216 bytes, new threshold 3 (max 15)
[PSYoungGen: 545368K->12737K(524288K)] 1225161K->692531K(1222144K), 0.0174324 secs] [Times: user=0.13 sys=0.02, real=0.02 secs] 
2019-02-01T03:11:59.591+0000: 803885.596: Total time for which application threads were stopped: 0.0203097 seconds, Stopping threads took: 0.0000412 seconds
2019-02-01T03:12:00.369+0000: 803886.375: Application time: 0.7783766 seconds
2019-02-01T03:12:00.372+0000: 803886.378: Total time for which application threads were stopped: 0.0028813 seconds, Stopping threads took: 0.0000593 seconds
2019-02-01T03:12:00.372+0000: 803886.378: Application time: 0.0000896 seconds
2019-02-01T03:12:00.373+0000: 803886.379: Total time for which application threads were stopped: 0.0012450 seconds, Stopping threads took: 0.0000612 seconds
2019-02-01T03:12:00.473+0000: 803886.479: Application time: 0.0999355 seconds
2019-02-01T03:12:00.475+0000: 803886.481: Total time for which application threads were stopped: 0.0018927 seconds, Stopping threads took: 0.0000381 seconds
2019-02-01T03:12:00.475+0000: 803886.481: Application time: 0.0000914 seconds
2019-02-01T03:12:00.477+0000: 803886.483: Total time for which application threads were stopped: 0.0016984 seconds, Stopping threads took: 0.0000363 seconds
2019-02-01T03:12:00.677+0000: 803886.683: Application time: 0.2006876 seconds
2019-02-01T03:12:00.680+0000: 803886.686: Total time for which application threads were stopped: 0.0025601 seconds, Stopping threads took: 0.0000635 seconds
2019-02-01T03:12:00.680+0000: 803886.686: Application time: 0.0000877 seconds
2019-02-01T03:12:00.682+0000: 803886.687: Total time for which application threads were stopped: 0.0015982 seconds, Stopping threads took: 0.0000887 seconds
2019-02-01T03:12:00.882+0000: 803886.888: Application time: 0.2006730 seconds
2019-02-01T03:12:00.885+0000: 803886.890: Total time for which application threads were stopped: 0.0023204 seconds, Stopping threads took: 0.0000763 seconds
2019-02-01T03:12:00.885+0000: 803886.891: Application time: 0.0000850 seconds
2019-02-01T03:12:00.887+0000: 803886.892: Total time for which application threads were stopped: 0.0017602 seconds, Stopping threads took: 0.0000771 seconds
2019-02-01T03:12:00.988+0000: 803886.993: Application time: 0.1010198 seconds
2019-02-01T03:12:00.989+0000: 803886.995: Total time for which application threads were stopped: 0.0018937 seconds, Stopping threads took: 0.0000327 seconds
2019-02-01T03:12:00.990+0000: 803886.995: Application time: 0.0000542 seconds
2019-02-01T03:12:00.991+0000: 803886.997: Total time for which application threads were stopped: 0.0015981 seconds, Stopping threads took: 0.0000795 seconds
2019-02-01T03:12:01.192+0000: 803887.198: Application time: 0.2006396 seconds
2019-02-01T03:12:01.194+0000: 803887.200: Total time for which application threads were stopped: 0.0025611 seconds, Stopping threads took: 0.0001222 seconds
2019-02-01T03:12:01.194+0000: 803887.200: Application time: 0.0000884 seconds
2019-02-01T03:12:01.196+0000: 803887.202: Total time for which application threads were stopped: 0.0018063 seconds, Stopping threads took: 0.0000402 seconds
2019-02-01T03:12:01.569+0000: 803887.575: Application time: 0.3728807 seconds
2019-02-01T03:12:01.572+0000: 803887.578: Total time for which application threads were stopped: 0.0033139 seconds, Stopping threads took: 0.0000702 seconds
2019-02-01T03:12:01.906+0000: 803887.912: Application time: 0.3335600 seconds
2019-02-01T03:12:01.909+0000: 803887.915: Total time for which application threads were stopped: 0.0030475 seconds, Stopping threads took: 0.0000677 seconds
2019-02-01T03:12:02.074+0000: 803888.080: Application time: 0.1648188 seconds
2019-02-01T03:12:02.077+0000: 803888.083: Total time for which application threads were stopped: 0.0029109 seconds, Stopping threads took: 0.0000455 seconds
2019-02-01T03:12:03.330+0000: 803889.336: Application time: 1.2532700 seconds
2019-02-01T03:12:03.333+0000: 803889.339: Total time for which application threads were stopped: 0.0029963 seconds, Stopping threads took: 0.0000670 seconds
2019-02-01T03:12:03.384+0000: 803889.389: Application time: 0.0505949 seconds
2019-02-01T03:12:03.386+0000: 803889.392: Total time for which application threads were stopped: 0.0025639 seconds, Stopping threads took: 0.0000772 seconds
2019-02-01T03:12:03.737+0000: 803889.743: Application time: 0.3510944 seconds
2019-02-01T03:12:03.740+0000: 803889.746: Total time for which application threads were stopped: 0.0030299 seconds, Stopping threads took: 0.0000914 seconds
2019-02-01T03:12:04.092+0000: 803890.097: Application time: 0.3512193 seconds
2019-02-01T03:12:04.095+0000: 803890.100: Total time for which application threads were stopped: 0.0029091 seconds, Stopping threads took: 0.0000609 seconds
2019-02-01T03:12:05.147+0000: 803891.153: Application time: 1.0527675 seconds
2019-02-01T03:12:05.150+0000: 803891.156: Total time for which application threads were stopped: 0.0030209 seconds, Stopping threads took: 0.0000913 seconds
2019-02-01T03:12:05.187+0000: 803891.193: Application time: 0.0370130 seconds
2019-02-01T03:12:05.189+0000: 803891.195: Total time for which application threads were stopped: 0.0015929 seconds, Stopping threads took: 0.0000244 seconds
2019-02-01T03:12:06.045+0000: 803892.050: Application time: 0.8557067 seconds
2019-02-01T03:12:06.048+0000: 803892.054: Total time for which application threads were stopped: 0.0031063 seconds, Stopping threads took: 0.0000959 seconds
2019-02-01T03:12:08.778+0000: 803894.783: Application time: 2.7298264 seconds
2019-02-01T03:12:08.781+0000: 803894.786: Total time for which application threads were stopped: 0.0030881 seconds, Stopping threads took: 0.0000962 seconds
2019-02-01T03:12:08.791+0000: 803894.797: Application time: 0.0104579 seconds
2019-02-01T03:12:08.793+0000: 803894.799: Total time for which application threads were stopped: 0.0016295 seconds, Stopping threads took: 0.0000436 seconds
2019-02-01T03:12:08.803+0000: 803894.809: Application time: 0.0104040 seconds
2019-02-01T03:12:08.805+0000: 803894.811: Total time for which application threads were stopped: 0.0016442 seconds, Stopping threads took: 0.0000644 seconds
2019-02-01T03:12:15.889+0000: 803901.895: Application time: 7.0844798 seconds
2019-02-01T03:12:15.892+0000: 803901.898: [GC (Allocation Failure) 2019-02-01T03:12:15.899+0000: 803901.905: [SoftReference, 0 refs, 0.0000530 secs]2019-02-01T03:12:15.899+0000: 803901.905: [WeakReference, 18 refs, 0.0000195 secs]2019-02-01T03:12:15.899+0000: 803901.905: [FinalReference, 0 refs, 0.0000111 secs]2019-02-01T03:12:15.899+0000: 803901.905: [PhantomReference, 0 refs, 0 refs, 0.0000134 secs]2019-02-01T03:12:15.900+0000: 803901.905: [JNI Weak Reference, 0.0000215 secs]
Desired survivor size 18350080 bytes, new threshold 2 (max 15)
[PSYoungGen: 524225K->8184K(496640K)] 1204019K->695416K(1194496K), 0.0096476 secs] [Times: user=0.17 sys=0.01, real=0.01 secs] 
2019-02-01T03:12:15.902+0000: 803901.908: Total time for which application threads were stopped: 0.0125814 seconds, Stopping threads took: 0.0000619 seconds
2019-02-01T03:12:32.279+0000: 803918.285: Application time: 16.3774995 seconds
2019-02-01T03:12:32.282+0000: 803918.288: [GC (Allocation Failure) 2019-02-01T03:12:32.288+0000: 803918.294: [SoftReference, 0 refs, 0.0000497 secs]2019-02-01T03:12:32.288+0000: 803918.294: [WeakReference, 4 refs, 0.0000081 secs]2019-02-01T03:12:32.288+0000: 803918.294: [FinalReference, 4028 refs, 0.0014167 secs]2019-02-01T03:12:32.290+0000: 803918.296: [PhantomReference, 0 refs, 0 refs, 0.0000093 secs]2019-02-01T03:12:32.290+0000: 803918.296: [JNI Weak Reference, 0.0000136 secs]
Desired survivor size 17301504 bytes, new threshold 3 (max 15)
[PSYoungGen: 496632K->10691K(477696K)] 1183864K->700877K(1175552K), 0.0116479 secs] [Times: user=0.12 sys=0.01, real=0.01 secs] 
2019-02-01T03:12:32.294+0000: 803918.300: [Full GC (Ergonomics) 2019-02-01T03:12:32.336+0000: 803918.342: [SoftReference, 130 refs, 0.0000704 secs]2019-02-01T03:12:32.336+0000: 803918.342: [WeakReference, 2069 refs, 0.0002628 secs]2019-02-01T03:12:32.336+0000: 803918.342: [FinalReference, 7315 refs, 0.0038684 secs]2019-02-01T03:12:32.340+0000: 803918.346: [PhantomReference, 0 refs, 118 refs, 0.0000235 secs]2019-02-01T03:12:32.340+0000: 803918.346: [JNI Weak Reference, 0.0000246 secs][PSYoungGen: 10691K->0K(477696K)] [ParOldGen: 690186K->634405K(697344K)] 700877K->634405K(1175040K), [Metaspace: 75215K->75215K(1118208K)], 0.1462423 secs] [Times: user=2.24 sys=0.00, real=0.14 secs] 
2019-02-01T03:12:32.440+0000: 803918.446: Total time for which application threads were stopped: 0.1609702 seconds, Stopping threads took: 0.0000558 seconds
2019-02-01T03:12:49.351+0000: 803935.356: Application time: 16.9101974 seconds
2019-02-01T03:12:49.354+0000: 803935.359: [GC (Allocation Failure) 2019-02-01T03:12:49.358+0000: 803935.364: [SoftReference, 0 refs, 0.0000338 secs]2019-02-01T03:12:49.358+0000: 803935.364: [WeakReference, 12 refs, 0.0000167 secs]2019-02-01T03:12:49.358+0000: 803935.364: [FinalReference, 3744 refs, 0.0014890 secs]2019-02-01T03:12:49.360+0000: 803935.366: [PhantomReference, 0 refs, 1 refs, 0.0000165 secs]2019-02-01T03:12:49.360+0000: 803935.366: [JNI Weak Reference, 0.0000223 secs]
Desired survivor size 17301504 bytes, new threshold 4 (max 15)
[PSYoungGen: 466944K->8418K(455168K)] 1101349K->642824K(1152512K), 0.0108270 secs] [Times: user=0.10 sys=0.01, real=0.01 secs] 
2019-02-01T03:12:49.365+0000: 803935.370: Total time for which application threads were stopped: 0.0139870 seconds, Stopping threads took: 0.0001126 seconds
2019-02-01T03:12:57.074+0000: 803943.080: Application time: 7.7094558 seconds
2019-02-01T03:12:57.077+0000: 803943.083: Total time for which application threads were stopped: 0.0030209 seconds, Stopping threads took: 0.0000917 seconds
2019-02-01T03:12:57.700+0000: 803943.706: Application time: 0.6231658 seconds
2019-02-01T03:12:57.703+0000: 803943.709: Total time for which application threads were stopped: 0.0030797 seconds, Stopping threads took: 0.0000572 seconds
2019-02-01T03:12:57.779+0000: 803943.785: Application time: 0.0754504 seconds
2019-02-01T03:12:57.781+0000: 803943.787: Total time for which application threads were stopped: 0.0023601 seconds, Stopping threads took: 0.0000345 seconds
2019-02-01T03:12:57.782+0000: 803943.788: Application time: 0.0008719 seconds
2019-02-01T03:12:57.783+0000: 803943.789: Total time for which application threads were stopped: 0.0013311 seconds, Stopping threads took: 0.0000308 seconds
2019-02-01T03:13:01.085+0000: 803947.091: Application time: 3.3019977 seconds
2019-02-01T03:13:01.089+0000: 803947.094: Total time for which application threads were stopped: 0.0032195 seconds, Stopping threads took: 0.0001564 seconds
2019-02-01T03:13:01.089+0000: 803947.094: Application time: 0.0001197 seconds
2019-02-01T03:13:01.090+0000: 803947.096: Total time for which application threads were stopped: 0.0017984 seconds, Stopping threads took: 0.0000354 seconds
2019-02-01T03:13:01.191+0000: 803947.197: Application time: 0.1006815 seconds
2019-02-01T03:13:01.193+0000: 803947.199: Total time for which application threads were stopped: 0.0022112 seconds, Stopping threads took: 0.0000381 seconds
2019-02-01T03:13:01.193+0000: 803947.199: Application time: 0.0000877 seconds
2019-02-01T03:13:01.195+0000: 803947.201: Total time for which application threads were stopped: 0.0018014 seconds, Stopping threads took: 0.0000897 seconds
2019-02-01T03:13:01.906+0000: 803947.912: Application time: 0.7107621 seconds
2019-02-01T03:13:01.909+0000: 803947.915: Total time for which application threads were stopped: 0.0030489 seconds, Stopping threads took: 0.0000699 seconds
2019-02-01T03:13:03.998+0000: 803950.003: Application time: 2.0885504 seconds
2019-02-01T03:13:04.001+0000: 803950.006: Total time for which application threads were stopped: 0.0030166 seconds, Stopping threads took: 0.0000583 seconds
2019-02-01T03:13:04.001+0000: 803950.007: Application time: 0.0000703 seconds
2019-02-01T03:13:04.002+0000: 803950.008: Total time for which application threads were stopped: 0.0012905 seconds, Stopping threads took: 0.0000323 seconds
2019-02-01T03:13:04.403+0000: 803950.409: Application time: 0.4010002 seconds
2019-02-01T03:13:04.406+0000: 803950.412: Total time for which application threads were stopped: 0.0031601 seconds, Stopping threads took: 0.0001128 seconds
2019-02-01T03:13:04.406+0000: 803950.412: Application time: 0.0000892 seconds
2019-02-01T03:13:04.408+0000: 803950.414: Total time for which application threads were stopped: 0.0020117 seconds, Stopping threads took: 0.0000747 seconds
2019-02-01T03:13:05.339+0000: 803951.345: Application time: 0.9310225 seconds
2019-02-01T03:13:05.342+0000: 803951.348: [GC (Allocation Failure) 2019-02-01T03:13:05.347+0000: 803951.353: [SoftReference, 0 refs, 0.0000319 secs]2019-02-01T03:13:05.347+0000: 803951.353: [WeakReference, 48 refs, 0.0000158 secs]2019-02-01T03:13:05.347+0000: 803951.353: [FinalReference, 3574 refs, 0.0011035 secs]2019-02-01T03:13:05.348+0000: 803951.354: [PhantomReference, 0 refs, 1 refs, 0.0000094 secs]2019-02-01T03:13:05.348+0000: 803951.354: [JNI Weak Reference, 0.0000137 secs]
Desired survivor size 16777216 bytes, new threshold 5 (max 15)
[PSYoungGen: 454882K->11216K(438272K)] 1089288K->645621K(1135616K), 0.0092698 secs] [Times: user=0.10 sys=0.03, real=0.01 secs] 
2019-02-01T03:13:05.351+0000: 803951.357: Total time for which application threads were stopped: 0.0121254 seconds, Stopping threads took: 0.0000530 seconds
2019-02-01T03:13:06.103+0000: 803952.109: Application time: 0.7516794 seconds
2019-02-01T03:13:06.106+0000: 803952.112: Total time for which application threads were stopped: 0.0030017 seconds, Stopping threads took: 0.0000558 seconds
2019-02-01T03:13:06.211+0000: 803952.217: Application time: 0.1050011 seconds
2019-02-01T03:13:06.214+0000: 803952.220: Total time for which application threads were stopped: 0.0026338 seconds, Stopping threads took: 0.0000993 seconds
2019-02-01T03:13:06.214+0000: 803952.220: Application time: 0.0000996 seconds
2019-02-01T03:13:06.216+0000: 803952.221: Total time for which application threads were stopped: 0.0017988 seconds, Stopping threads took: 0.0000835 seconds
2019-02-01T03:13:06.316+0000: 803952.322: Application time: 0.1005455 seconds
2019-02-01T03:13:06.319+0000: 803952.324: Total time for which application threads were stopped: 0.0022797 seconds, Stopping threads took: 0.0001218 seconds
2019-02-01T03:13:06.319+0000: 803952.324: Application time: 0.0000837 seconds
2019-02-01T03:13:06.320+0000: 803952.326: Total time for which application threads were stopped: 0.0017170 seconds, Stopping threads took: 0.0000662 seconds
2019-02-01T03:13:07.209+0000: 803953.215: Application time: 0.8886761 seconds
2019-02-01T03:13:07.212+0000: 803953.218: Total time for which application threads were stopped: 0.0028318 seconds, Stopping threads took: 0.0000614 seconds
2019-02-01T03:13:09.126+0000: 803955.131: Application time: 1.9138681 seconds
2019-02-01T03:13:09.129+0000: 803955.135: Total time for which application threads were stopped: 0.0032107 seconds, Stopping threads took: 0.0001126 seconds
2019-02-01T03:13:09.129+0000: 803955.135: Application time: 0.0000933 seconds
2019-02-01T03:13:09.131+0000: 803955.137: Total time for which application threads were stopped: 0.0018151 seconds, Stopping threads took: 0.0000390 seconds
2019-02-01T03:13:09.332+0000: 803955.337: Application time: 0.2007777 seconds
2019-02-01T03:13:09.334+0000: 803955.340: Total time for which application threads were stopped: 0.0026018 seconds, Stopping threads took: 0.0000408 seconds
2019-02-01T03:13:09.334+0000: 803955.340: Application time: 0.0000956 seconds
2019-02-01T03:13:09.336+0000: 803955.342: Total time for which application threads were stopped: 0.0018677 seconds, Stopping threads took: 0.0000794 seconds
2019-02-01T03:13:10.838+0000: 803956.844: Application time: 1.5020878 seconds
2019-02-01T03:13:10.843+0000: 803956.848: Total time for which application threads were stopped: 0.0042608 seconds, Stopping threads took: 0.0000769 seconds
2019-02-01T03:13:10.843+0000: 803956.848: Application time: 0.0000834 seconds
2019-02-01T03:13:10.844+0000: 803956.850: Total time for which application threads were stopped: 0.0014704 seconds, Stopping threads took: 0.0000666 seconds
2019-02-01T03:13:13.025+0000: 803959.031: Application time: 2.1812835 seconds
2019-02-01T03:13:13.028+0000: 803959.034: Total time for which application threads were stopped: 0.0030578 seconds, Stopping threads took: 0.0001027 seconds
2019-02-01T03:13:13.043+0000: 803959.049: Application time: 0.0144302 seconds
2019-02-01T03:13:13.045+0000: 803959.051: Total time for which application threads were stopped: 0.0018460 seconds, Stopping threads took: 0.0000829 seconds
2019-02-01T03:13:17.957+0000: 803963.962: Application time: 4.9118342 seconds
2019-02-01T03:13:17.960+0000: 803963.966: Total time for which application threads were stopped: 0.0031132 seconds, Stopping threads took: 0.0000655 seconds
2019-02-01T03:13:17.960+0000: 803963.966: Application time: 0.0000899 seconds
2019-02-01T03:13:17.961+0000: 803963.967: Total time for which application threads were stopped: 0.0016227 seconds, Stopping threads took: 0.0000862 seconds
2019-02-01T03:13:18.187+0000: 803964.193: Application time: 0.2253734 seconds
2019-02-01T03:13:18.189+0000: 803964.195: [GC (Allocation Failure) 2019-02-01T03:13:18.195+0000: 803964.201: [SoftReference, 0 refs, 0.0000585 secs]2019-02-01T03:13:18.195+0000: 803964.201: [WeakReference, 44 refs, 0.0000233 secs]2019-02-01T03:13:18.195+0000: 803964.201: [FinalReference, 3600 refs, 0.0016892 secs]2019-02-01T03:13:18.197+0000: 803964.202: [PhantomReference, 0 refs, 1 refs, 0.0000158 secs]2019-02-01T03:13:18.197+0000: 803964.202: [JNI Weak Reference, 0.0000216 secs]
Desired survivor size 17825792 bytes, new threshold 4 (max 15)
[PSYoungGen: 438224K->14334K(422912K)] 1072629K->649028K(1120256K), 0.0104307 secs] [Times: user=0.12 sys=0.01, real=0.01 secs] 
2019-02-01T03:13:18.200+0000: 803964.206: Total time for which application threads were stopped: 0.0131616 seconds, Stopping threads took: 0.0000391 seconds
2019-02-01T03:13:31.491+0000: 803977.497: Application time: 13.2912092 seconds
2019-02-01T03:13:31.494+0000: 803977.500: [GC (Allocation Failure) 2019-02-01T03:13:31.501+0000: 803977.506: [SoftReference, 0 refs, 0.0000375 secs]2019-02-01T03:13:31.501+0000: 803977.506: [WeakReference, 40 refs, 0.0000214 secs]2019-02-01T03:13:31.501+0000: 803977.506: [FinalReference, 3362 refs, 0.0015556 secs]2019-02-01T03:13:31.502+0000: 803977.508: [PhantomReference, 0 refs, 1 refs, 0.0000167 secs]2019-02-01T03:13:31.502+0000: 803977.508: [JNI Weak Reference, 0.0000216 secs]
Desired survivor size 19922944 bytes, new threshold 3 (max 15)
[PSYoungGen: 422910K->17391K(408064K)] 1057604K->652372K(1105408K), 0.0131583 secs] [Times: user=0.13 sys=0.02, real=0.01 secs] 
2019-02-01T03:13:31.508+0000: 803977.513: Total time for which application threads were stopped: 0.0164263 seconds, Stopping threads took: 0.0000617 seconds
2019-02-01T03:13:31.881+0000: 803977.886: Application time: 0.3729711 seconds
2019-02-01T03:13:31.884+0000: 803977.890: Total time for which application threads were stopped: 0.0031678 seconds, Stopping threads took: 0.0000967 seconds
2019-02-01T03:13:31.884+0000: 803977.890: Application time: 0.0001010 seconds
2019-02-01T03:13:31.886+0000: 803977.892: Total time for which application threads were stopped: 0.0018560 seconds, Stopping threads took: 0.0000430 seconds
2019-02-01T03:13:31.986+0000: 803977.992: Application time: 0.1001304 seconds
2019-02-01T03:13:31.988+0000: 803977.994: Total time for which application threads were stopped: 0.0022309 seconds, Stopping threads took: 0.0000817 seconds
2019-02-01T03:13:31.988+0000: 803977.994: Application time: 0.0000887 seconds
2019-02-01T03:13:31.990+0000: 803977.996: Total time for which application threads were stopped: 0.0018369 seconds, Stopping threads took: 0.0000950 seconds
2019-02-01T03:13:33.137+0000: 803979.143: Application time: 1.1467841 seconds
2019-02-01T03:13:33.140+0000: 803979.146: Total time for which application threads were stopped: 0.0031750 seconds, Stopping threads took: 0.0001428 seconds
2019-02-01T03:13:39.501+0000: 803985.507: Application time: 6.3607473 seconds
2019-02-01T03:13:39.504+0000: 803985.510: Total time for which application threads were stopped: 0.0031229 seconds, Stopping threads took: 0.0000585 seconds
2019-02-01T03:13:39.504+0000: 803985.510: Application time: 0.0000900 seconds
2019-02-01T03:13:39.506+0000: 803985.512: Total time for which application threads were stopped: 0.0018363 seconds, Stopping threads took: 0.0000793 seconds
2019-02-01T03:13:45.003+0000: 803991.009: Application time: 5.4976698 seconds
2019-02-01T03:13:45.007+0000: 803991.012: [GC (Allocation Failure) 2019-02-01T03:13:45.013+0000: 803991.019: [SoftReference, 0 refs, 0.0000369 secs]2019-02-01T03:13:45.013+0000: 803991.019: [WeakReference, 18 refs, 0.0000106 secs]2019-02-01T03:13:45.013+0000: 803991.019: [FinalReference, 21 refs, 0.0000091 secs]2019-02-01T03:13:45.013+0000: 803991.019: [PhantomReference, 0 refs, 0 refs, 0.0000077 secs]2019-02-01T03:13:45.013+0000: 803991.019: [JNI Weak Reference, 0.0000163 secs]
Desired survivor size 21495808 bytes, new threshold 2 (max 15)
[PSYoungGen: 408047K->3563K(377344K)] 1043028K->652709K(1074688K), 0.0087849 secs] [Times: user=0.14 sys=0.00, real=0.01 secs] 
2019-02-01T03:13:45.015+0000: 803991.021: Total time for which application threads were stopped: 0.0119078 seconds, Stopping threads took: 0.0000577 seconds
2019-02-01T03:13:46.524+0000: 803992.529: Application time: 1.5081439 seconds
2019-02-01T03:13:46.527+0000: 803992.532: Total time for which application threads were stopped: 0.0030522 seconds, Stopping threads took: 0.0000617 seconds
2019-02-01T03:13:54.528+0000: 804000.533: Application time: 8.0009641 seconds
2019-02-01T03:13:54.531+0000: 804000.537: Total time for which application threads were stopped: 0.0031628 seconds, Stopping threads took: 0.0001035 seconds
2019-02-01T03:13:56.934+0000: 804002.940: Application time: 2.4034067 seconds
2019-02-01T03:13:56.937+0000: 804002.943: Total time for which application threads were stopped: 0.0030028 seconds, Stopping threads took: 0.0000552 seconds
2019-02-01T03:13:56.937+0000: 804002.943: Application time: 0.0000900 seconds
2019-02-01T03:13:56.939+0000: 804002.945: Total time for which application threads were stopped: 0.0016967 seconds, Stopping threads took: 0.0000375 seconds
2019-02-01T03:13:57.339+0000: 804003.345: Application time: 0.4002917 seconds
2019-02-01T03:13:57.342+0000: 804003.348: Total time for which application threads were stopped: 0.0027398 seconds, Stopping threads took: 0.0000523 seconds
2019-02-01T03:13:57.342+0000: 804003.348: Application time: 0.0001071 seconds
2019-02-01T03:13:57.343+0000: 804003.349: Total time for which application threads were stopped: 0.0012303 seconds, Stopping threads took: 0.0000313 seconds
2019-02-01T03:13:57.615+0000: 804003.620: Application time: 0.2712630 seconds
2019-02-01T03:13:57.617+0000: 804003.623: [GC (Allocation Failure) 2019-02-01T03:13:57.623+0000: 804003.629: [SoftReference, 0 refs, 0.0000334 secs]2019-02-01T03:13:57.623+0000: 804003.629: [WeakReference, 41 refs, 0.0000136 secs]2019-02-01T03:13:57.623+0000: 804003.629: [FinalReference, 2981 refs, 0.0014092 secs]2019-02-01T03:13:57.624+0000: 804003.630: [PhantomReference, 0 refs, 0 refs, 0.0000092 secs]2019-02-01T03:13:57.625+0000: 804003.630: [JNI Weak Reference, 0.0000190 secs]
Desired survivor size 20971520 bytes, new threshold 3 (max 15)
[PSYoungGen: 377323K->8878K(367104K)] 1026469K->659815K(1064448K), 0.0097973 secs] [Times: user=0.10 sys=0.02, real=0.01 secs] 
2019-02-01T03:13:57.627+0000: 804003.633: Total time for which application threads were stopped: 0.0125217 seconds, Stopping threads took: 0.0000340 seconds
2019-02-01T03:13:58.746+0000: 804004.751: Application time: 1.1184470 seconds
2019-02-01T03:13:58.749+0000: 804004.754: Total time for which application threads were stopped: 0.0030817 seconds, Stopping threads took: 0.0000704 seconds
2019-02-01T03:13:58.749+0000: 804004.755: Application time: 0.0000989 seconds
2019-02-01T03:13:58.751+0000: 804004.756: Total time for which application threads were stopped: 0.0017499 seconds, Stopping threads took: 0.0000267 seconds
2019-02-01T03:14:00.048+0000: 804006.054: Application time: 1.2976560 seconds
2019-02-01T03:14:00.051+0000: 804006.057: Total time for which application threads were stopped: 0.0030499 seconds, Stopping threads took: 0.0000877 seconds
2019-02-01T03:14:00.454+0000: 804006.460: Application time: 0.4028907 seconds
2019-02-01T03:14:00.457+0000: 804006.463: Total time for which application threads were stopped: 0.0030937 seconds, Stopping threads took: 0.0000511 seconds
2019-02-01T03:14:00.457+0000: 804006.463: Application time: 0.0001038 seconds
2019-02-01T03:14:00.459+0000: 804006.465: Total time for which application threads were stopped: 0.0019042 seconds, Stopping threads took: 0.0000923 seconds
2019-02-01T03:14:00.861+0000: 804006.866: Application time: 0.4014828 seconds
2019-02-01T03:14:00.864+0000: 804006.869: Total time for which application threads were stopped: 0.0028988 seconds, Stopping threads took: 0.0000527 seconds
2019-02-01T03:14:01.115+0000: 804007.120: Application time: 0.2509671 seconds
2019-02-01T03:14:01.118+0000: 804007.123: Total time for which application threads were stopped: 0.0029468 seconds, Stopping threads took: 0.0000628 seconds
2019-02-01T03:14:01.906+0000: 804007.912: Application time: 0.7884878 seconds
2019-02-01T03:14:01.909+0000: 804007.915: Total time for which application threads were stopped: 0.0030824 seconds, Stopping threads took: 0.0000759 seconds
2019-02-01T03:14:03.064+0000: 804009.070: Application time: 1.1553566 seconds
2019-02-01T03:14:03.068+0000: 804009.073: Total time for which application threads were stopped: 0.0030214 seconds, Stopping threads took: 0.0000580 seconds
2019-02-01T03:14:03.068+0000: 804009.073: Application time: 0.0000589 seconds
2019-02-01T03:14:03.069+0000: 804009.075: Total time for which application threads were stopped: 0.0017361 seconds, Stopping threads took: 0.0000744 seconds
2019-02-01T03:14:03.770+0000: 804009.776: Application time: 0.7010136 seconds
2019-02-01T03:14:03.773+0000: 804009.779: Total time for which application threads were stopped: 0.0030688 seconds, Stopping threads took: 0.0001029 seconds
2019-02-01T03:14:03.773+0000: 804009.779: Application time: 0.0000763 seconds
2019-02-01T03:14:03.775+0000: 804009.781: Total time for which application threads were stopped: 0.0017364 seconds, Stopping threads took: 0.0000346 seconds
2019-02-01T03:14:03.876+0000: 804009.882: Application time: 0.1006637 seconds
2019-02-01T03:14:03.878+0000: 804009.884: Total time for which application threads were stopped: 0.0020118 seconds, Stopping threads took: 0.0000388 seconds
2019-02-01T03:14:03.878+0000: 804009.884: Application time: 0.0000986 seconds
2019-02-01T03:14:03.880+0000: 804009.885: Total time for which application threads were stopped: 0.0017080 seconds, Stopping threads took: 0.0000661 seconds
2019-02-01T03:14:04.080+0000: 804010.086: Application time: 0.2005937 seconds
2019-02-01T03:14:04.083+0000: 804010.089: Total time for which application threads were stopped: 0.0024095 seconds, Stopping threads took: 0.0000423 seconds
2019-02-01T03:14:04.083+0000: 804010.089: Application time: 0.0000891 seconds
2019-02-01T03:14:04.085+0000: 804010.090: Total time for which application threads were stopped: 0.0017640 seconds, Stopping threads took: 0.0000548 seconds
2019-02-01T03:14:05.186+0000: 804011.192: Application time: 1.1013526 seconds
2019-02-01T03:14:05.189+0000: 804011.195: Total time for which application threads were stopped: 0.0032325 seconds, Stopping threads took: 0.0000723 seconds
2019-02-01T03:14:05.189+0000: 804011.195: Application time: 0.0000909 seconds
2019-02-01T03:14:05.191+0000: 804011.197: Total time for which application threads were stopped: 0.0018436 seconds, Stopping threads took: 0.0000909 seconds
2019-02-01T03:14:06.093+0000: 804012.099: Application time: 0.9022204 seconds
2019-02-01T03:14:06.096+0000: 804012.102: Total time for which application threads were stopped: 0.0030771 seconds, Stopping threads took: 0.0000895 seconds
2019-02-01T03:14:06.097+0000: 804012.102: Application time: 0.0001071 seconds
2019-02-01T03:14:06.098+0000: 804012.104: Total time for which application threads were stopped: 0.0018642 seconds, Stopping threads took: 0.0000625 seconds
2019-02-01T03:14:09.406+0000: 804015.412: Application time: 3.3079556 seconds
2019-02-01T03:14:09.409+0000: 804015.415: [GC (Allocation Failure) 2019-02-01T03:14:09.415+0000: 804015.420: [SoftReference, 0 refs, 0.0000565 secs]2019-02-01T03:14:09.415+0000: 804015.421: [WeakReference, 38 refs, 0.0000216 secs]2019-02-01T03:14:09.415+0000: 804015.421: [FinalReference, 2783 refs, 0.0014034 secs]2019-02-01T03:14:09.416+0000: 804015.422: [PhantomReference, 0 refs, 0 refs, 0.0000159 secs]2019-02-01T03:14:09.416+0000: 804015.422: [JNI Weak Reference, 0.0000212 secs]
Desired survivor size 20447232 bytes, new threshold 4 (max 15)
[PSYoungGen: 366766K->10920K(353792K)] 1017703K->661856K(1051136K), 0.0116353 secs] [Times: user=0.11 sys=0.01, real=0.01 secs] 
2019-02-01T03:14:09.421+0000: 804015.427: Total time for which application threads were stopped: 0.0147546 seconds, Stopping threads took: 0.0000613 seconds
2019-02-01T03:14:15.913+0000: 804021.919: Application time: 6.4920438 seconds
2019-02-01T03:14:15.916+0000: 804021.922: Total time for which application threads were stopped: 0.0031881 seconds, Stopping threads took: 0.0000634 seconds
2019-02-01T03:14:15.916+0000: 804021.922: Application time: 0.0000654 seconds
2019-02-01T03:14:15.918+0000: 804021.924: Total time for which application threads were stopped: 0.0018510 seconds, Stopping threads took: 0.0001029 seconds
2019-02-01T03:14:16.951+0000: 804022.957: Application time: 1.0324726 seconds
2019-02-01T03:14:16.954+0000: 804022.960: Total time for which application threads were stopped: 0.0030953 seconds, Stopping threads took: 0.0000821 seconds
2019-02-01T03:14:17.020+0000: 804023.026: Application time: 0.0658972 seconds
2019-02-01T03:14:17.022+0000: 804023.028: Total time for which application threads were stopped: 0.0019968 seconds, Stopping threads took: 0.0000362 seconds
2019-02-01T03:14:17.022+0000: 804023.028: Application time: 0.0000921 seconds
2019-02-01T03:14:17.023+0000: 804023.029: Total time for which application threads were stopped: 0.0011275 seconds, Stopping threads took: 0.0000619 seconds
2019-02-01T03:14:18.823+0000: 804024.828: Application time: 1.7996622 seconds
2019-02-01T03:14:18.826+0000: 804024.831: Total time for which application threads were stopped: 0.0029744 seconds, Stopping threads took: 0.0000708 seconds
2019-02-01T03:14:21.788+0000: 804027.793: Application time: 2.9619454 seconds
2019-02-01T03:14:21.791+0000: 804027.796: [GC (Allocation Failure) 2019-02-01T03:14:21.796+0000: 804027.802: [SoftReference, 0 refs, 0.0000452 secs]2019-02-01T03:14:21.797+0000: 804027.802: [WeakReference, 58 refs, 0.0000342 secs]2019-02-01T03:14:21.797+0000: 804027.802: [FinalReference, 2559 refs, 0.0011897 secs]2019-02-01T03:14:21.798+0000: 804027.804: [PhantomReference, 0 refs, 0 refs, 0.0000160 secs]2019-02-01T03:14:21.798+0000: 804027.804: [JNI Weak Reference, 0.0000215 secs]
Desired survivor size 19922944 bytes, new threshold 5 (max 15)
[PSYoungGen: 353448K->13086K(341504K)] 1004384K->664023K(1038848K), 0.0117094 secs] [Times: user=0.12 sys=0.01, real=0.01 secs] 
2019-02-01T03:14:21.802+0000: 804027.808: Total time for which application threads were stopped: 0.0148726 seconds, Stopping threads took: 0.0000572 seconds
2019-02-01T03:14:25.803+0000: 804031.809: Application time: 4.0008027 seconds
2019-02-01T03:14:25.806+0000: 804031.812: Total time for which application threads were stopped: 0.0028497 seconds, Stopping threads took: 0.0000556 seconds
2019-02-01T03:14:33.950+0000: 804039.956: Application time: 8.1442925 seconds
2019-02-01T03:14:33.954+0000: 804039.959: [GC (Allocation Failure) 2019-02-01T03:14:34.957+0000: 804040.963: [SoftReference, 0 refs, 0.0000437 secs]2019-02-01T03:14:34.957+0000: 804040.963: [WeakReference, 24 refs, 0.0000138 secs]2019-02-01T03:14:34.957+0000: 804040.963: [FinalReference, 2896 refs, 0.0011658 secs]2019-02-01T03:14:34.958+0000: 804040.964: [PhantomReference, 0 refs, 0 refs, 0.0000087 secs]2019-02-01T03:14:34.958+0000: 804040.964: [JNI Weak Reference, 0.0000140 secs]
Desired survivor size 20447232 bytes, new threshold 4 (max 15)
[PSYoungGen: 341278K->14984K(406016K)] 992215K->665921K(1103360K), 1.0069172 secs] [Times: user=10.22 sys=22.31, real=1.01 secs] 
2019-02-01T03:14:34.961+0000: 804040.966: Total time for which application threads were stopped: 1.0102115 seconds, Stopping threads took: 0.0001095 seconds
2019-02-01T03:14:41.370+0000: 804047.375: Application time: 6.4089551 seconds
2019-02-01T03:14:41.372+0000: 804047.378: Total time for which application threads were stopped: 0.0028534 seconds, Stopping threads took: 0.0000619 seconds
2019-02-01T03:14:41.373+0000: 804047.378: Application time: 0.0000588 seconds
2019-02-01T03:14:41.374+0000: 804047.379: Total time for which application threads were stopped: 0.0011798 seconds, Stopping threads took: 0.0000264 seconds
2019-02-01T03:14:42.777+0000: 804048.783: Application time: 1.4033170 seconds
2019-02-01T03:14:42.780+0000: 804048.786: Total time for which application threads were stopped: 0.0031198 seconds, Stopping threads took: 0.0000670 seconds
2019-02-01T03:14:48.224+0000: 804054.230: Application time: 5.4443325 seconds
2019-02-01T03:14:48.228+0000: 804054.233: [GC (Allocation Failure) 2019-02-01T03:14:48.233+0000: 804054.239: [SoftReference, 0 refs, 0.0000534 secs]2019-02-01T03:14:48.233+0000: 804054.239: [WeakReference, 78 refs, 0.0000306 secs]2019-02-01T03:14:48.233+0000: 804054.239: [FinalReference, 3331 refs, 0.0016081 secs]2019-02-01T03:14:48.235+0000: 804054.241: [PhantomReference, 0 refs, 1 refs, 0.0000163 secs]2019-02-01T03:14:48.235+0000: 804054.241: [JNI Weak Reference, 0.0000254 secs]
Desired survivor size 21495808 bytes, new threshold 3 (max 15)
[PSYoungGen: 405640K->16932K(480768K)] 1056577K->671610K(1178112K), 0.0143008 secs] [Times: user=0.12 sys=0.02, real=0.02 secs] 
2019-02-01T03:14:48.242+0000: 804054.248: Total time for which application threads were stopped: 0.0174759 seconds, Stopping threads took: 0.0000829 seconds
2019-02-01T03:14:56.999+0000: 804063.005: Application time: 8.7572438 seconds
2019-02-01T03:14:57.002+0000: 804063.008: Total time for which application threads were stopped: 0.0027452 seconds, Stopping threads took: 0.0000593 seconds
2019-02-01T03:14:57.002+0000: 804063.008: Application time: 0.0000860 seconds
2019-02-01T03:14:57.003+0000: 804063.009: Total time for which application threads were stopped: 0.0011062 seconds, Stopping threads took: 0.0000172 seconds
2019-02-01T03:14:58.907+0000: 804064.913: Application time: 1.9041941 seconds
2019-02-01T03:14:58.910+0000: 804064.916: Total time for which application threads were stopped: 0.0029583 seconds, Stopping threads took: 0.0000628 seconds
2019-02-01T03:14:58.910+0000: 804064.916: Application time: 0.0000976 seconds
2019-02-01T03:14:58.912+0000: 804064.917: Total time for which application threads were stopped: 0.0013007 seconds, Stopping threads took: 0.0000311 seconds
2019-02-01T03:14:59.413+0000: 804065.419: Application time: 0.5014627 seconds
2019-02-01T03:14:59.416+0000: 804065.422: Total time for which application threads were stopped: 0.0029166 seconds, Stopping threads took: 0.0000500 seconds
2019-02-01T03:14:59.416+0000: 804065.422: Application time: 0.0000944 seconds
2019-02-01T03:14:59.418+0000: 804065.424: Total time for which application threads were stopped: 0.0016744 seconds, Stopping threads took: 0.0000373 seconds
2019-02-01T03:15:01.906+0000: 804067.912: Application time: 2.4881717 seconds
2019-02-01T03:15:01.909+0000: 804067.915: Total time for which application threads were stopped: 0.0028874 seconds, Stopping threads took: 0.0000720 seconds
2019-02-01T03:15:05.027+0000: 804071.033: Application time: 3.1180684 seconds
2019-02-01T03:15:05.030+0000: 804071.036: Total time for which application threads were stopped: 0.0030120 seconds, Stopping threads took: 0.0000697 seconds
2019-02-01T03:15:05.030+0000: 804071.036: Application time: 0.0000994 seconds
2019-02-01T03:15:05.032+0000: 804071.038: Total time for which application threads were stopped: 0.0017780 seconds, Stopping threads took: 0.0000869 seconds
2019-02-01T03:15:05.233+0000: 804071.238: Application time: 0.2008185 seconds
2019-02-01T03:15:05.235+0000: 804071.241: Total time for which application threads were stopped: 0.0026254 seconds, Stopping threads took: 0.0000393 seconds
2019-02-01T03:15:05.235+0000: 804071.241: Application time: 0.0001042 seconds
2019-02-01T03:15:05.237+0000: 804071.243: Total time for which application threads were stopped: 0.0017868 seconds, Stopping threads took: 0.0000758 seconds
2019-02-01T03:15:06.569+0000: 804072.575: Application time: 1.3316315 seconds
2019-02-01T03:15:06.572+0000: 804072.578: [GC (Allocation Failure) 2019-02-01T03:15:06.578+0000: 804072.583: [SoftReference, 0 refs, 0.0000382 secs]2019-02-01T03:15:06.578+0000: 804072.583: [WeakReference, 20 refs, 0.0000125 secs]2019-02-01T03:15:06.578+0000: 804072.583: [FinalReference, 1535 refs, 0.0005111 secs]2019-02-01T03:15:06.578+0000: 804072.584: [PhantomReference, 0 refs, 1 refs, 0.0000092 secs]2019-02-01T03:15:06.578+0000: 804072.584: [JNI Weak Reference, 0.0000139 secs]
Desired survivor size 20971520 bytes, new threshold 2 (max 15)
[PSYoungGen: 480292K->7673K(554496K)] 1134970K->667370K(1251840K), 0.0085860 secs] [Times: user=0.13 sys=0.00, real=0.01 secs] 
2019-02-01T03:15:06.581+0000: 804072.586: Total time for which application threads were stopped: 0.0116209 seconds, Stopping threads took: 0.0000977 seconds
2019-02-01T03:15:16.854+0000: 804082.859: Application time: 10.2730504 seconds
2019-02-01T03:15:16.859+0000: 804082.864: Total time for which application threads were stopped: 0.0050789 seconds, Stopping threads took: 0.0000867 seconds
2019-02-01T03:15:16.859+0000: 804082.865: Application time: 0.0001062 seconds
2019-02-01T03:15:16.861+0000: 804082.867: Total time for which application threads were stopped: 0.0020418 seconds, Stopping threads took: 0.0000861 seconds
2019-02-01T03:15:16.936+0000: 804082.941: Application time: 0.0747971 seconds
2019-02-01T03:15:16.938+0000: 804082.943: Total time for which application threads were stopped: 0.0021212 seconds, Stopping threads took: 0.0000476 seconds
2019-02-01T03:15:17.562+0000: 804083.568: Application time: 0.6243918 seconds
2019-02-01T03:15:17.565+0000: 804083.571: Total time for which application threads were stopped: 0.0031939 seconds, Stopping threads took: 0.0000705 seconds
2019-02-01T03:15:17.866+0000: 804083.872: Application time: 0.3010879 seconds
2019-02-01T03:15:17.870+0000: 804083.875: Total time for which application threads were stopped: 0.0033189 seconds, Stopping threads took: 0.0001095 seconds
2019-02-01T03:15:17.971+0000: 804083.976: Application time: 0.1009057 seconds
2019-02-01T03:15:17.973+0000: 804083.979: Total time for which application threads were stopped: 0.0027632 seconds, Stopping threads took: 0.0000394 seconds
2019-02-01T03:15:18.074+0000: 804084.080: Application time: 0.1005006 seconds
2019-02-01T03:15:18.077+0000: 804084.082: Total time for which application threads were stopped: 0.0026984 seconds, Stopping threads took: 0.0001095 seconds
2019-02-01T03:15:18.980+0000: 804084.985: Application time: 0.9030424 seconds
2019-02-01T03:15:18.982+0000: 804084.988: Total time for which application threads were stopped: 0.0027885 seconds, Stopping threads took: 0.0000883 seconds
2019-02-01T03:15:19.003+0000: 804085.009: Application time: 0.0209256 seconds
2019-02-01T03:15:19.005+0000: 804085.011: Total time for which application threads were stopped: 0.0018254 seconds, Stopping threads took: 0.0000678 seconds
2019-02-01T03:15:19.022+0000: 804085.028: Application time: 0.0172563 seconds
2019-02-01T03:15:19.024+0000: 804085.030: Total time for which application threads were stopped: 0.0019301 seconds, Stopping threads took: 0.0000883 seconds
2019-02-01T03:15:19.175+0000: 804085.181: Application time: 0.1507148 seconds
2019-02-01T03:15:19.178+0000: 804085.184: Total time for which application threads were stopped: 0.0027442 seconds, Stopping threads took: 0.0000930 seconds
2019-02-01T03:15:19.193+0000: 804085.199: Application time: 0.0153199 seconds
2019-02-01T03:15:19.195+0000: 804085.201: Total time for which application threads were stopped: 0.0019075 seconds, Stopping threads took: 0.0000366 seconds
2019-02-01T03:15:21.282+0000: 804087.287: Application time: 2.0866206 seconds
2019-02-01T03:15:21.285+0000: 804087.291: Total time for which application threads were stopped: 0.0031923 seconds, Stopping threads took: 0.0000774 seconds
2019-02-01T03:15:21.285+0000: 804087.291: Application time: 0.0001059 seconds
2019-02-01T03:15:21.287+0000: 804087.293: Total time for which application threads were stopped: 0.0019852 seconds, Stopping threads took: 0.0000867 seconds
2019-02-01T03:15:23.790+0000: 804089.795: Application time: 2.5026057 seconds
2019-02-01T03:15:23.793+0000: 804089.798: Total time for which application threads were stopped: 0.0029059 seconds, Stopping threads took: 0.0000684 seconds
2019-02-01T03:15:23.793+0000: 804089.798: Application time: 0.0000539 seconds
2019-02-01T03:15:23.794+0000: 804089.800: Total time for which application threads were stopped: 0.0015186 seconds, Stopping threads took: 0.0000491 seconds
2019-02-01T03:15:25.047+0000: 804091.053: Application time: 1.2529433 seconds
2019-02-01T03:15:25.050+0000: 804091.056: Total time for which application threads were stopped: 0.0032867 seconds, Stopping threads took: 0.0001208 seconds
2019-02-01T03:15:25.065+0000: 804091.071: Application time: 0.0147848 seconds
2019-02-01T03:15:25.068+0000: 804091.074: Total time for which application threads were stopped: 0.0027291 seconds, Stopping threads took: 0.0000467 seconds
2019-02-01T03:15:26.428+0000: 804092.434: Application time: 1.3604040 seconds
2019-02-01T03:15:26.431+0000: 804092.437: [GC (Allocation Failure) 2019-02-01T03:15:26.436+0000: 804092.442: [SoftReference, 0 refs, 0.0000511 secs]2019-02-01T03:15:26.436+0000: 804092.442: [WeakReference, 39 refs, 0.0000169 secs]2019-02-01T03:15:26.436+0000: 804092.442: [FinalReference, 4426 refs, 0.0013266 secs]2019-02-01T03:15:26.438+0000: 804092.443: [PhantomReference, 0 refs, 0 refs, 0.0000090 secs]2019-02-01T03:15:26.438+0000: 804092.443: [JNI Weak Reference, 0.0000134 secs]
Desired survivor size 20447232 bytes, new threshold 1 (max 15)
[PSYoungGen: 554489K->11472K(534016K)] 1214186K->674024K(1231360K), 0.0095519 secs] [Times: user=0.12 sys=0.00, real=0.01 secs] 
2019-02-01T03:15:26.441+0000: 804092.447: Total time for which application threads were stopped: 0.0125905 seconds, Stopping threads took: 0.0000630 seconds
2019-02-01T03:15:43.141+0000: 804109.147: Application time: 16.7002561 seconds
2019-02-01T03:15:43.144+0000: 804109.150: [GC (Allocation Failure) 2019-02-01T03:15:43.150+0000: 804109.156: [SoftReference, 0 refs, 0.0000492 secs]2019-02-01T03:15:43.150+0000: 804109.156: [WeakReference, 21 refs, 0.0000184 secs]2019-02-01T03:15:43.150+0000: 804109.156: [FinalReference, 4380 refs, 0.0019207 secs]2019-02-01T03:15:43.152+0000: 804109.158: [PhantomReference, 0 refs, 0 refs, 0.0000155 secs]2019-02-01T03:15:43.152+0000: 804109.158: [JNI Weak Reference, 0.0000213 secs]
Desired survivor size 20447232 bytes, new threshold 1 (max 15)
[PSYoungGen: 533712K->8004K(506880K)] 1196264K->676123K(1204224K), 0.0136026 secs] [Times: user=0.14 sys=0.00, real=0.01 secs] 
2019-02-01T03:15:43.158+0000: 804109.164: Total time for which application threads were stopped: 0.0166964 seconds, Stopping threads took: 0.0000602 seconds
2019-02-01T03:15:46.889+0000: 804112.895: Application time: 3.7316535 seconds
2019-02-01T03:15:46.892+0000: 804112.898: Total time for which application threads were stopped: 0.0027274 seconds, Stopping threads took: 0.0000631 seconds
2019-02-01T03:16:01.906+0000: 804127.911: Application time: 15.0134757 seconds
2019-02-01T03:16:01.909+0000: 804127.914: Total time for which application threads were stopped: 0.0029339 seconds, Stopping threads took: 0.0000683 seconds
2019-02-01T03:16:03.023+0000: 804129.029: Application time: 1.1142994 seconds
2019-02-01T03:16:03.026+0000: 804129.032: [GC (Allocation Failure) 2019-02-01T03:16:03.032+0000: 804129.037: [SoftReference, 0 refs, 0.0000475 secs]2019-02-01T03:16:03.032+0000: 804129.037: [WeakReference, 17 refs, 0.0000175 secs]2019-02-01T03:16:03.032+0000: 804129.038: [FinalReference, 4159 refs, 0.0020563 secs]2019-02-01T03:16:03.034+0000: 804129.040: [PhantomReference, 0 refs, 0 refs, 0.0000157 secs]2019-02-01T03:16:03.034+0000: 804129.040: [JNI Weak Reference, 0.0000216 secs]
Desired survivor size 19922944 bytes, new threshold 1 (max 15)
[PSYoungGen: 506692K->8823K(485888K)] 1174811K->680580K(1183232K), 0.0125258 secs] [Times: user=0.10 sys=0.01, real=0.01 secs] 
2019-02-01T03:16:03.039+0000: 804129.044: Total time for which application threads were stopped: 0.0156822 seconds, Stopping threads took: 0.0000600 seconds
2019-02-01T03:16:06.751+0000: 804132.757: Application time: 3.7126908 seconds
2019-02-01T03:16:06.754+0000: 804132.760: Total time for which application threads were stopped: 0.0031178 seconds, Stopping threads took: 0.0000734 seconds
2019-02-01T03:16:06.755+0000: 804132.760: Application time: 0.0001261 seconds
2019-02-01T03:16:06.756+0000: 804132.762: Total time for which application threads were stopped: 0.0017903 seconds, Stopping threads took: 0.0000834 seconds
2019-02-01T03:16:07.158+0000: 804133.164: Application time: 0.4014843 seconds
2019-02-01T03:16:07.160+0000: 804133.165: Total time for which application threads were stopped: 0.0016797 seconds, Stopping threads took: 0.0000386 seconds
2019-02-01T03:16:08.759+0000: 804134.765: Application time: 1.5996886 seconds
2019-02-01T03:16:08.762+0000: 804134.767: Total time for which application threads were stopped: 0.0024361 seconds, Stopping threads took: 0.0000714 seconds
2019-02-01T03:16:08.762+0000: 804134.768: Application time: 0.0001102 seconds
2019-02-01T03:16:08.763+0000: 804134.769: Total time for which application threads were stopped: 0.0014730 seconds, Stopping threads took: 0.0000882 seconds
2019-02-01T03:16:09.365+0000: 804135.371: Application time: 0.6020007 seconds
2019-02-01T03:16:09.367+0000: 804135.373: Total time for which application threads were stopped: 0.0016257 seconds, Stopping threads took: 0.0000848 seconds
2019-02-01T03:16:16.675+0000: 804142.681: Application time: 7.3078536 seconds
2019-02-01T03:16:16.678+0000: 804142.684: Total time for which application threads were stopped: 0.0031276 seconds, Stopping threads took: 0.0000644 seconds
2019-02-01T03:16:16.678+0000: 804142.684: Application time: 0.0000729 seconds
2019-02-01T03:16:16.680+0000: 804142.686: Total time for which application threads were stopped: 0.0018915 seconds, Stopping threads took: 0.0000514 seconds
2019-02-01T03:16:16.780+0000: 804142.786: Application time: 0.1000624 seconds
2019-02-01T03:16:16.782+0000: 804142.788: Total time for which application threads were stopped: 0.0018074 seconds, Stopping threads took: 0.0000456 seconds
2019-02-01T03:16:16.782+0000: 804142.788: Application time: 0.0000828 seconds
2019-02-01T03:16:16.783+0000: 804142.789: Total time for which application threads were stopped: 0.0016527 seconds, Stopping threads took: 0.0000496 seconds
2019-02-01T03:16:17.435+0000: 804143.441: Application time: 0.6514610 seconds
2019-02-01T03:16:17.437+0000: 804143.443: Total time for which application threads were stopped: 0.0023078 seconds, Stopping threads took: 0.0000935 seconds
2019-02-01T03:16:19.319+0000: 804145.325: Application time: 1.8815236 seconds
2019-02-01T03:16:19.322+0000: 804145.328: [GC (Allocation Failure) 2019-02-01T03:16:19.328+0000: 804145.334: [SoftReference, 0 refs, 0.0000508 secs]2019-02-01T03:16:19.328+0000: 804145.334: [WeakReference, 15 refs, 0.0000172 secs]2019-02-01T03:16:19.328+0000: 804145.334: [FinalReference, 3981 refs, 0.0018965 secs]2019-02-01T03:16:19.330+0000: 804145.336: [PhantomReference, 0 refs, 0 refs, 0.0000158 secs]2019-02-01T03:16:19.330+0000: 804145.336: [JNI Weak Reference, 0.0000226 secs]
Desired survivor size 19922944 bytes, new threshold 1 (max 15)
[PSYoungGen: 485495K->7633K(463360K)] 1157252K->682687K(1160704K), 0.0133692 secs] [Times: user=0.12 sys=0.00, real=0.02 secs] 
2019-02-01T03:16:19.336+0000: 804145.341: Total time for which application threads were stopped: 0.0167347 seconds, Stopping threads took: 0.0000617 seconds
2019-02-01T03:16:19.488+0000: 804145.494: Application time: 0.1523830 seconds
2019-02-01T03:16:19.491+0000: 804145.497: Total time for which application threads were stopped: 0.0029832 seconds, Stopping threads took: 0.0000524 seconds
2019-02-01T03:16:19.491+0000: 804145.497: Application time: 0.0000843 seconds
2019-02-01T03:16:19.492+0000: 804145.498: Total time for which application threads were stopped: 0.0013147 seconds, Stopping threads took: 0.0000286 seconds
2019-02-01T03:16:21.495+0000: 804147.500: Application time: 2.0023980 seconds
2019-02-01T03:16:21.498+0000: 804147.504: Total time for which application threads were stopped: 0.0030917 seconds, Stopping threads took: 0.0000789 seconds
2019-02-01T03:16:21.498+0000: 804147.504: Application time: 0.0000548 seconds
2019-02-01T03:16:21.500+0000: 804147.506: Total time for which application threads were stopped: 0.0019969 seconds, Stopping threads took: 0.0000779 seconds
2019-02-01T03:16:22.200+0000: 804148.206: Application time: 0.7004957 seconds
2019-02-01T03:16:22.203+0000: 804148.209: Total time for which application threads were stopped: 0.0030786 seconds, Stopping threads took: 0.0000711 seconds
2019-02-01T03:16:22.203+0000: 804148.209: Application time: 0.0000536 seconds
2019-02-01T03:16:22.206+0000: 804148.212: Total time for which application threads were stopped: 0.0022882 seconds, Stopping threads took: 0.0000763 seconds
2019-02-01T03:16:22.607+0000: 804148.613: Application time: 0.4009783 seconds
2019-02-01T03:16:22.610+0000: 804148.616: Total time for which application threads were stopped: 0.0031505 seconds, Stopping threads took: 0.0000574 seconds
2019-02-01T03:16:22.610+0000: 804148.616: Application time: 0.0001045 seconds
2019-02-01T03:16:22.612+0000: 804148.618: Total time for which application threads were stopped: 0.0017926 seconds, Stopping threads took: 0.0000999 seconds
2019-02-01T03:16:22.958+0000: 804148.963: Application time: 0.3457290 seconds
2019-02-01T03:16:22.961+0000: 804148.967: Total time for which application threads were stopped: 0.0032124 seconds, Stopping threads took: 0.0000970 seconds
2019-02-01T03:16:23.713+0000: 804149.719: Application time: 0.7524895 seconds
2019-02-01T03:16:23.717+0000: 804149.722: Total time for which application threads were stopped: 0.0032919 seconds, Stopping threads took: 0.0000578 seconds
2019-02-01T03:16:23.717+0000: 804149.722: Application time: 0.0000676 seconds
2019-02-01T03:16:23.719+0000: 804149.724: Total time for which application threads were stopped: 0.0020728 seconds, Stopping threads took: 0.0000269 seconds
2019-02-01T03:16:24.263+0000: 804150.269: Application time: 0.5441972 seconds
2019-02-01T03:16:24.266+0000: 804150.272: Total time for which application threads were stopped: 0.0032740 seconds, Stopping threads took: 0.0000872 seconds
2019-02-01T03:16:25.319+0000: 804151.325: Application time: 1.0526365 seconds
2019-02-01T03:16:25.322+0000: 804151.328: Total time for which application threads were stopped: 0.0032752 seconds, Stopping threads took: 0.0000644 seconds
2019-02-01T03:16:25.623+0000: 804151.629: Application time: 0.3007384 seconds
2019-02-01T03:16:25.626+0000: 804151.632: Total time for which application threads were stopped: 0.0034701 seconds, Stopping threads took: 0.0000657 seconds
2019-02-01T03:16:25.626+0000: 804151.632: Application time: 0.0001013 seconds
2019-02-01T03:16:25.629+0000: 804151.634: Total time for which application threads were stopped: 0.0022692 seconds, Stopping threads took: 0.0000952 seconds
2019-02-01T03:16:25.930+0000: 804151.935: Application time: 0.3008335 seconds
2019-02-01T03:16:25.932+0000: 804151.938: Total time for which application threads were stopped: 0.0026685 seconds, Stopping threads took: 0.0000564 seconds
2019-02-01T03:16:26.985+0000: 804152.991: Application time: 1.0527155 seconds
2019-02-01T03:16:26.988+0000: 804152.994: Total time for which application threads were stopped: 0.0032769 seconds, Stopping threads took: 0.0000961 seconds
2019-02-01T03:16:32.416+0000: 804158.422: Application time: 5.4278473 seconds
2019-02-01T03:16:32.419+0000: 804158.425: [GC (Allocation Failure) 2019-02-01T03:16:32.426+0000: 804158.432: [SoftReference, 0 refs, 0.0000397 secs]2019-02-01T03:16:32.426+0000: 804158.432: [WeakReference, 16 refs, 0.0000116 secs]2019-02-01T03:16:32.426+0000: 804158.432: [FinalReference, 3905 refs, 0.0014259 secs]2019-02-01T03:16:32.428+0000: 804158.434: [PhantomReference, 0 refs, 0 refs, 0.0000091 secs]2019-02-01T03:16:32.428+0000: 804158.434: [JNI Weak Reference, 0.0000141 secs]
Desired survivor size 19398656 bytes, new threshold 1 (max 15)
[PSYoungGen: 463313K->9068K(444928K)] 1138367K->686868K(1142272K), 0.0118122 secs] [Times: user=0.17 sys=0.00, real=0.01 secs] 
2019-02-01T03:16:32.431+0000: 804158.437: Total time for which application threads were stopped: 0.0149751 seconds, Stopping threads took: 0.0001005 seconds
2019-02-01T03:16:46.268+0000: 804172.274: Application time: 13.8370169 seconds
2019-02-01T03:16:46.271+0000: 804172.277: [GC (Allocation Failure) 2019-02-01T03:16:46.281+0000: 804172.287: [SoftReference, 0 refs, 0.0000340 secs]2019-02-01T03:16:46.281+0000: 804172.287: [WeakReference, 19 refs, 0.0000104 secs]2019-02-01T03:16:46.281+0000: 804172.287: [FinalReference, 3501 refs, 0.0013510 secs]2019-02-01T03:16:46.282+0000: 804172.288: [PhantomReference, 0 refs, 0 refs, 0.0000116 secs]2019-02-01T03:16:46.282+0000: 804172.288: [JNI Weak Reference, 0.0000163 secs]
Desired survivor size 19398656 bytes, new threshold 1 (max 15)
[PSYoungGen: 444780K->8809K(425984K)] 1122580K->690804K(1123328K), 0.0154360 secs] [Times: user=0.23 sys=0.00, real=0.01 secs] 
2019-02-01T03:16:46.287+0000: 804172.292: Total time for which application threads were stopped: 0.0186162 seconds, Stopping threads took: 0.0000667 seconds
2019-02-01T03:16:48.360+0000: 804174.365: Application time: 2.0729660 seconds
2019-02-01T03:16:48.362+0000: 804174.368: Total time for which application threads were stopped: 0.0027378 seconds, Stopping threads took: 0.0000694 seconds
2019-02-01T03:16:48.362+0000: 804174.368: Application time: 0.0000912 seconds
2019-02-01T03:16:48.364+0000: 804174.369: Total time for which application threads were stopped: 0.0011817 seconds, Stopping threads took: 0.0000179 seconds
2019-02-01T03:16:56.977+0000: 804182.983: Application time: 8.6134793 seconds
2019-02-01T03:16:56.980+0000: 804182.986: Total time for which application threads were stopped: 0.0031359 seconds, Stopping threads took: 0.0000645 seconds
2019-02-01T03:16:56.980+0000: 804182.986: Application time: 0.0001035 seconds
2019-02-01T03:16:56.982+0000: 804182.988: Total time for which application threads were stopped: 0.0014960 seconds, Stopping threads took: 0.0001422 seconds
2019-02-01T03:16:57.082+0000: 804183.088: Application time: 0.1003485 seconds
2019-02-01T03:16:57.084+0000: 804183.090: Total time for which application threads were stopped: 0.0019366 seconds, Stopping threads took: 0.0000280 seconds
2019-02-01T03:16:57.084+0000: 804183.090: Application time: 0.0000948 seconds
2019-02-01T03:16:57.086+0000: 804183.092: Total time for which application threads were stopped: 0.0017144 seconds, Stopping threads took: 0.0000414 seconds
2019-02-01T03:16:57.287+0000: 804183.292: Application time: 0.2006801 seconds
2019-02-01T03:16:57.289+0000: 804183.295: Total time for which application threads were stopped: 0.0025063 seconds, Stopping threads took: 0.0000499 seconds
2019-02-01T03:16:57.289+0000: 804183.295: Application time: 0.0000934 seconds
2019-02-01T03:16:57.291+0000: 804183.297: Total time for which application threads were stopped: 0.0018097 seconds, Stopping threads took: 0.0000750 seconds
2019-02-01T03:16:57.587+0000: 804183.593: Application time: 0.2961422 seconds
2019-02-01T03:16:57.590+0000: 804183.596: Total time for which application threads were stopped: 0.0028803 seconds, Stopping threads took: 0.0001170 seconds
2019-02-01T03:16:57.841+0000: 804183.847: Application time: 0.2508838 seconds
2019-02-01T03:16:57.844+0000: 804183.850: Total time for which application threads were stopped: 0.0029303 seconds, Stopping threads took: 0.0000497 seconds
2019-02-01T03:16:57.992+0000: 804183.997: Application time: 0.1476935 seconds
2019-02-01T03:16:57.994+0000: 804184.000: Total time for which application threads were stopped: 0.0025627 seconds, Stopping threads took: 0.0000346 seconds
2019-02-01T03:16:57.994+0000: 804184.000: Application time: 0.0000966 seconds
2019-02-01T03:16:57.996+0000: 804184.002: Total time for which application threads were stopped: 0.0017979 seconds, Stopping threads took: 0.0000236 seconds
2019-02-01T03:16:58.797+0000: 804184.803: Application time: 0.8011414 seconds
2019-02-01T03:16:58.800+0000: 804184.806: Total time for which application threads were stopped: 0.0032132 seconds, Stopping threads took: 0.0001065 seconds
2019-02-01T03:16:58.801+0000: 804184.806: Application time: 0.0000936 seconds
2019-02-01T03:16:58.802+0000: 804184.808: Total time for which application threads were stopped: 0.0013301 seconds, Stopping threads took: 0.0001201 seconds
2019-02-01T03:16:59.302+0000: 804185.308: Application time: 0.5001711 seconds
2019-02-01T03:16:59.305+0000: 804185.311: Total time for which application threads were stopped: 0.0029777 seconds, Stopping threads took: 0.0000687 seconds
2019-02-01T03:16:59.305+0000: 804185.311: Application time: 0.0000993 seconds
2019-02-01T03:16:59.307+0000: 804185.313: Total time for which application threads were stopped: 0.0017836 seconds, Stopping threads took: 0.0000705 seconds
2019-02-01T03:16:59.507+0000: 804185.512: Application time: 0.1997455 seconds
2019-02-01T03:16:59.509+0000: 804185.515: Total time for which application threads were stopped: 0.0021312 seconds, Stopping threads took: 0.0000366 seconds
2019-02-01T03:16:59.509+0000: 804185.515: Application time: 0.0000800 seconds
2019-02-01T03:16:59.511+0000: 804185.516: Total time for which application threads were stopped: 0.0017792 seconds, Stopping threads took: 0.0000880 seconds
2019-02-01T03:16:59.811+0000: 804185.817: Application time: 0.3007910 seconds
2019-02-01T03:16:59.814+0000: 804185.820: Total time for which application threads were stopped: 0.0027206 seconds, Stopping threads took: 0.0000416 seconds
2019-02-01T03:16:59.814+0000: 804185.820: Application time: 0.0000805 seconds
2019-02-01T03:16:59.816+0000: 804185.822: Total time for which application threads were stopped: 0.0017411 seconds, Stopping threads took: 0.0000244 seconds
2019-02-01T03:17:00.116+0000: 804186.122: Application time: 0.2998510 seconds
2019-02-01T03:17:00.121+0000: 804186.127: Total time for which application threads were stopped: 0.0050764 seconds, Stopping threads took: 0.0000613 seconds
2019-02-01T03:17:00.121+0000: 804186.127: Application time: 0.0001097 seconds
2019-02-01T03:17:00.123+0000: 804186.128: Total time for which application threads were stopped: 0.0014844 seconds, Stopping threads took: 0.0000596 seconds
2019-02-01T03:17:00.209+0000: 804186.215: Application time: 0.0869160 seconds
2019-02-01T03:17:00.211+0000: 804186.217: Total time for which application threads were stopped: 0.0018940 seconds, Stopping threads took: 0.0000664 seconds
2019-02-01T03:17:00.735+0000: 804186.741: Application time: 0.5238188 seconds
2019-02-01T03:17:00.738+0000: 804186.744: [GC (Allocation Failure) 2019-02-01T03:17:00.749+0000: 804186.755: [SoftReference, 0 refs, 0.0000393 secs]2019-02-01T03:17:00.749+0000: 804186.755: [WeakReference, 86 refs, 0.0000202 secs]2019-02-01T03:17:00.749+0000: 804186.755: [FinalReference, 3511 refs, 0.0010388 secs]2019-02-01T03:17:00.750+0000: 804186.756: [PhantomReference, 0 refs, 1 refs, 0.0000093 secs]2019-02-01T03:17:00.750+0000: 804186.756: [JNI Weak Reference, 0.0000143 secs]
Desired survivor size 18350080 bytes, new threshold 1 (max 15)
[PSYoungGen: 425577K->11018K(410112K)] 1107572K->696294K(1107456K), 0.0149383 secs] [Times: user=0.24 sys=0.00, real=0.02 secs] 
2019-02-01T03:17:00.753+0000: 804186.759: Total time for which application threads were stopped: 0.0180213 seconds, Stopping threads took: 0.0000482 seconds
2019-02-01T03:17:01.024+0000: 804187.030: Application time: 0.2712595 seconds
2019-02-01T03:17:01.027+0000: 804187.033: Total time for which application threads were stopped: 0.0029390 seconds, Stopping threads took: 0.0000342 seconds
2019-02-01T03:17:01.153+0000: 804187.159: Application time: 0.1257189 seconds
2019-02-01T03:17:01.156+0000: 804187.161: Total time for which application threads were stopped: 0.0024333 seconds, Stopping threads took: 0.0000281 seconds
2019-02-01T03:17:01.906+0000: 804187.912: Application time: 0.7504218 seconds
2019-02-01T03:17:01.909+0000: 804187.915: Total time for which application threads were stopped: 0.0030902 seconds, Stopping threads took: 0.0000957 seconds
2019-02-01T03:17:14.792+0000: 804200.798: Application time: 12.8827099 seconds
2019-02-01T03:17:14.795+0000: 804200.801: Total time for which application threads were stopped: 0.0031336 seconds, Stopping threads took: 0.0001089 seconds
2019-02-01T03:17:14.795+0000: 804200.801: Application time: 0.0000978 seconds
2019-02-01T03:17:14.797+0000: 804200.803: [GC (GCLocker Initiated GC) 2019-02-01T03:17:14.802+0000: 804200.808: [SoftReference, 0 refs, 0.0000536 secs]2019-02-01T03:17:14.802+0000: 804200.808: [WeakReference, 29 refs, 0.0000361 secs]2019-02-01T03:17:14.803+0000: 804200.808: [FinalReference, 3199 refs, 0.0014597 secs]2019-02-01T03:17:14.804+0000: 804200.810: [PhantomReference, 0 refs, 0 refs, 0.0000158 secs]2019-02-01T03:17:14.804+0000: 804200.810: [JNI Weak Reference, 0.0000212 secs]
Desired survivor size 18350080 bytes, new threshold 1 (max 15)
[PSYoungGen: 409866K->8463K(390144K)] 1095142K->697060K(1087488K), 0.0120496 secs] [Times: user=0.10 sys=0.01, real=0.01 secs] 
2019-02-01T03:17:14.809+0000: 804200.815: Total time for which application threads were stopped: 0.0139553 seconds, Stopping threads took: 0.0000388 seconds
2019-02-01T03:17:27.759+0000: 804213.765: Application time: 12.9503433 seconds
2019-02-01T03:17:27.762+0000: 804213.768: [GC (Allocation Failure) 2019-02-01T03:17:27.768+0000: 804213.774: [SoftReference, 0 refs, 0.0000528 secs]2019-02-01T03:17:27.768+0000: 804213.774: [WeakReference, 30 refs, 0.0000195 secs]2019-02-01T03:17:27.768+0000: 804213.774: [FinalReference, 3004 refs, 0.0015320 secs]2019-02-01T03:17:27.770+0000: 804213.776: [PhantomReference, 0 refs, 0 refs, 0.0000159 secs]2019-02-01T03:17:27.770+0000: 804213.776: [JNI Weak Reference, 0.0000216 secs]
Desired survivor size 18350080 bytes, new threshold 1 (max 15)
[PSYoungGen: 389903K->6026K(371200K)] 1078505K->697631K(1068544K), 0.0123484 secs] [Times: user=0.10 sys=0.01, real=0.01 secs] 
2019-02-01T03:17:27.775+0000: 804213.781: [Full GC (Ergonomics) 2019-02-01T03:17:27.821+0000: 804213.827: [SoftReference, 132 refs, 0.0000840 secs]2019-02-01T03:17:27.821+0000: 804213.827: [WeakReference, 2059 refs, 0.0002642 secs]2019-02-01T03:17:27.822+0000: 804213.827: [FinalReference, 7261 refs, 0.0034136 secs]2019-02-01T03:17:27.825+0000: 804213.831: [PhantomReference, 0 refs, 120 refs, 0.0000263 secs]2019-02-01T03:17:27.825+0000: 804213.831: [JNI Weak Reference, 0.0000250 secs][PSYoungGen: 6026K->0K(371200K)] [ParOldGen: 691604K->634326K(696320K)] 697631K->634326K(1067520K), [Metaspace: 75215K->75215K(1118208K)], 0.1519610 secs] [Times: user=2.29 sys=0.00, real=0.16 secs] 
2019-02-01T03:17:27.927+0000: 804213.933: Total time for which application threads were stopped: 0.1676114 seconds, Stopping threads took: 0.0000618 seconds
2019-02-01T03:17:39.544+0000: 804225.549: Application time: 11.6165614 seconds
2019-02-01T03:17:39.547+0000: 804225.552: Total time for which application threads were stopped: 0.0030911 seconds, Stopping threads took: 0.0000634 seconds
2019-02-01T03:17:39.547+0000: 804225.553: Application time: 0.0000993 seconds
2019-02-01T03:17:39.549+0000: 804225.554: Total time for which application threads were stopped: 0.0017770 seconds, Stopping threads took: 0.0000248 seconds
2019-02-01T03:17:40.228+0000: 804226.234: Application time: 0.6796503 seconds
2019-02-01T03:17:40.231+0000: 804226.237: [GC (Allocation Failure) 2019-02-01T03:17:40.236+0000: 804226.242: [SoftReference, 0 refs, 0.0000425 secs]2019-02-01T03:17:40.236+0000: 804226.242: [WeakReference, 39 refs, 0.0000211 secs]2019-02-01T03:17:40.236+0000: 804226.242: [FinalReference, 2874 refs, 0.0013669 secs]2019-02-01T03:17:40.238+0000: 804226.243: [PhantomReference, 0 refs, 0 refs, 0.0000154 secs]2019-02-01T03:17:40.238+0000: 804226.243: [JNI Weak Reference, 0.0000218 secs]
Desired survivor size 17825792 bytes, new threshold 1 (max 15)
[PSYoungGen: 365056K->9030K(358912K)] 999382K->643357K(1055232K), 0.0111386 secs] [Times: user=0.10 sys=0.01, real=0.01 secs] 
2019-02-01T03:17:40.242+0000: 804226.248: Total time for which application threads were stopped: 0.0142850 seconds, Stopping threads took: 0.0000616 seconds
2019-02-01T03:17:46.618+0000: 804232.623: Application time: 6.3751870 seconds
2019-02-01T03:17:46.621+0000: 804232.626: Total time for which application threads were stopped: 0.0030253 seconds, Stopping threads took: 0.0000904 seconds
2019-02-01T03:17:55.588+0000: 804241.594: Application time: 8.9672518 seconds
2019-02-01T03:17:55.591+0000: 804241.597: [GC (Allocation Failure) 2019-02-01T03:17:55.600+0000: 804241.606: [SoftReference, 0 refs, 0.0000395 secs]2019-02-01T03:17:55.600+0000: 804241.606: [WeakReference, 7 refs, 0.0000145 secs]2019-02-01T03:17:55.600+0000: 804241.606: [FinalReference, 2618 refs, 0.0011684 secs]2019-02-01T03:17:55.601+0000: 804241.607: [PhantomReference, 0 refs, 0 refs, 0.0000157 secs]2019-02-01T03:17:55.601+0000: 804241.607: [JNI Weak Reference, 0.0000211 secs]
Desired survivor size 17825792 bytes, new threshold 1 (max 15)
[PSYoungGen: 358726K->5341K(340480K)] 993053K->643102K(1036800K), 0.0153795 secs] [Times: user=0.24 sys=0.00, real=0.01 secs] 
2019-02-01T03:17:55.607+0000: 804241.612: Total time for which application threads were stopped: 0.0185427 seconds, Stopping threads took: 0.0000575 seconds
2019-02-01T03:17:57.477+0000: 804243.482: Application time: 1.8700266 seconds
2019-02-01T03:17:57.480+0000: 804243.485: Total time for which application threads were stopped: 0.0029876 seconds, Stopping threads took: 0.0000602 seconds
2019-02-01T03:17:57.480+0000: 804243.485: Application time: 0.0000785 seconds
2019-02-01T03:17:57.481+0000: 804243.487: Total time for which application threads were stopped: 0.0016263 seconds, Stopping threads took: 0.0000270 seconds
2019-02-01T03:17:58.783+0000: 804244.789: Application time: 1.3020798 seconds
2019-02-01T03:17:58.786+0000: 804244.792: Total time for which application threads were stopped: 0.0030578 seconds, Stopping threads took: 0.0000620 seconds
2019-02-01T03:17:58.786+0000: 804244.792: Application time: 0.0000979 seconds
2019-02-01T03:17:58.788+0000: 804244.794: Total time for which application threads were stopped: 0.0016959 seconds, Stopping threads took: 0.0000366 seconds
2019-02-01T03:18:00.490+0000: 804246.496: Application time: 1.7022023 seconds
2019-02-01T03:18:00.494+0000: 804246.499: Total time for which application threads were stopped: 0.0032258 seconds, Stopping threads took: 0.0001225 seconds
2019-02-01T03:18:00.494+0000: 804246.499: Application time: 0.0001031 seconds
2019-02-01T03:18:00.496+0000: 804246.501: Total time for which application threads were stopped: 0.0019405 seconds, Stopping threads took: 0.0000720 seconds
2019-02-01T03:18:00.596+0000: 804246.602: Application time: 0.1005804 seconds
2019-02-01T03:18:00.599+0000: 804246.604: Total time for which application threads were stopped: 0.0023026 seconds, Stopping threads took: 0.0000494 seconds
2019-02-01T03:18:00.599+0000: 804246.604: Application time: 0.0000943 seconds
2019-02-01T03:18:00.600+0000: 804246.606: Total time for which application threads were stopped: 0.0017851 seconds, Stopping threads took: 0.0000249 seconds
2019-02-01T03:18:00.901+0000: 804246.907: Application time: 0.3008145 seconds
2019-02-01T03:18:00.904+0000: 804246.910: Total time for which application threads were stopped: 0.0029135 seconds, Stopping threads took: 0.0000508 seconds
2019-02-01T03:18:00.904+0000: 804246.910: Application time: 0.0001038 seconds
2019-02-01T03:18:00.906+0000: 804246.912: Total time for which application threads were stopped: 0.0018005 seconds, Stopping threads took: 0.0000303 seconds
2019-02-01T03:18:01.507+0000: 804247.513: Application time: 0.6012190 seconds
2019-02-01T03:18:01.510+0000: 804247.516: Total time for which application threads were stopped: 0.0028447 seconds, Stopping threads took: 0.0000508 seconds
2019-02-01T03:18:01.510+0000: 804247.516: Application time: 0.0000731 seconds
2019-02-01T03:18:01.512+0000: 804247.518: Total time for which application threads were stopped: 0.0018407 seconds, Stopping threads took: 0.0000203 seconds
2019-02-01T03:18:01.812+0000: 804247.818: Application time: 0.2999377 seconds
2019-02-01T03:18:01.815+0000: 804247.821: Total time for which application threads were stopped: 0.0032713 seconds, Stopping threads took: 0.0001494 seconds
2019-02-01T03:18:01.815+0000: 804247.821: Application time: 0.0001113 seconds
2019-02-01T03:18:01.818+0000: 804247.823: Total time for which application threads were stopped: 0.0021494 seconds, Stopping threads took: 0.0000780 seconds
2019-02-01T03:18:01.901+0000: 804247.907: Application time: 0.0839170 seconds
2019-02-01T03:18:01.904+0000: 804247.910: Total time for which application threads were stopped: 0.0028084 seconds, Stopping threads took: 0.0000601 seconds
2019-02-01T03:18:01.906+0000: 804247.912: Application time: 0.0017650 seconds
2019-02-01T03:18:01.908+0000: 804247.914: Total time for which application threads were stopped: 0.0018169 seconds, Stopping threads took: 0.0000338 seconds
2019-02-01T03:18:01.918+0000: 804247.924: Application time: 0.0102892 seconds
2019-02-01T03:18:01.920+0000: 804247.926: Total time for which application threads were stopped: 0.0020097 seconds, Stopping threads took: 0.0000339 seconds
2019-02-01T03:18:01.920+0000: 804247.926: Application time: 0.0000838 seconds
2019-02-01T03:18:01.922+0000: 804247.928: Total time for which application threads were stopped: 0.0017769 seconds, Stopping threads took: 0.0000613 seconds
2019-02-01T03:18:02.023+0000: 804248.028: Application time: 0.1005238 seconds
2019-02-01T03:18:02.025+0000: 804248.031: Total time for which application threads were stopped: 0.0022866 seconds, Stopping threads took: 0.0000434 seconds
2019-02-01T03:18:02.025+0000: 804248.031: Application time: 0.0000951 seconds
2019-02-01T03:18:02.027+0000: 804248.033: Total time for which application threads were stopped: 0.0017612 seconds, Stopping threads took: 0.0000857 seconds
2019-02-01T03:18:02.528+0000: 804248.534: Application time: 0.5014146 seconds
2019-02-01T03:18:02.531+0000: 804248.537: Total time for which application threads were stopped: 0.0029828 seconds, Stopping threads took: 0.0000688 seconds
2019-02-01T03:18:02.531+0000: 804248.537: Application time: 0.0000359 seconds
2019-02-01T03:18:02.532+0000: 804248.538: Total time for which application threads were stopped: 0.0011793 seconds, Stopping threads took: 0.0000222 seconds
2019-02-01T03:18:03.007+0000: 804249.013: Application time: 0.4745608 seconds
2019-02-01T03:18:03.010+0000: 804249.016: Total time for which application threads were stopped: 0.0028136 seconds, Stopping threads took: 0.0000497 seconds
2019-02-01T03:18:09.179+0000: 804255.185: Application time: 6.1693213 seconds
2019-02-01T03:18:09.182+0000: 804255.188: [GC (Allocation Failure) 2019-02-01T03:18:09.187+0000: 804255.193: [SoftReference, 0 refs, 0.0000240 secs]2019-02-01T03:18:09.187+0000: 804255.193: [WeakReference, 24 refs, 0.0000121 secs]2019-02-01T03:18:09.187+0000: 804255.193: [FinalReference, 2633 refs, 0.0007991 secs]2019-02-01T03:18:09.188+0000: 804255.194: [PhantomReference, 0 refs, 0 refs, 0.0000091 secs]2019-02-01T03:18:09.188+0000: 804255.194: [JNI Weak Reference, 0.0000135 secs]
Desired survivor size 17301504 bytes, new threshold 1 (max 15)
[PSYoungGen: 340189K->7931K(328704K)] 977950K->648788K(1025024K), 0.0092748 secs] [Times: user=0.10 sys=0.00, real=0.01 secs] 
2019-02-01T03:18:09.191+0000: 804255.197: Total time for which application threads were stopped: 0.0122254 seconds, Stopping threads took: 0.0000612 seconds
2019-02-01T03:18:21.121+0000: 804267.127: Application time: 11.9299043 seconds
2019-02-01T03:18:21.124+0000: 804267.130: [GC (Allocation Failure) 2019-02-01T03:18:21.133+0000: 804267.138: [SoftReference, 0 refs, 0.0000408 secs]2019-02-01T03:18:21.133+0000: 804267.138: [WeakReference, 42 refs, 0.0000230 secs]2019-02-01T03:18:21.133+0000: 804267.138: [FinalReference, 2500 refs, 0.0007591 secs]2019-02-01T03:18:21.133+0000: 804267.139: [PhantomReference, 0 refs, 0 refs, 0.0000088 secs]2019-02-01T03:18:21.134+0000: 804267.139: [JNI Weak Reference, 0.0000154 secs]
Desired survivor size 17301504 bytes, new threshold 1 (max 15)
[PSYoungGen: 328443K->6105K(313344K)] 969300K->649614K(1009664K), 0.0125451 secs] [Times: user=0.22 sys=0.00, real=0.01 secs] 
2019-02-01T03:18:21.137+0000: 804267.143: Total time for which application threads were stopped: 0.0156866 seconds, Stopping threads took: 0.0000535 seconds
2019-02-01T03:18:27.672+0000: 804273.678: Application time: 6.5355099 seconds
2019-02-01T03:18:27.676+0000: 804273.681: Total time for which application threads were stopped: 0.0031208 seconds, Stopping threads took: 0.0000579 seconds
2019-02-01T03:18:27.676+0000: 804273.681: Application time: 0.0001000 seconds
2019-02-01T03:18:27.678+0000: 804273.684: Total time for which application threads were stopped: 0.0021355 seconds, Stopping threads took: 0.0000923 seconds
2019-02-01T03:18:29.718+0000: 804275.723: Application time: 2.0398794 seconds
2019-02-01T03:18:29.721+0000: 804275.727: Total time for which application threads were stopped: 0.0031031 seconds, Stopping threads took: 0.0000974 seconds
2019-02-01T03:18:31.443+0000: 804277.449: Application time: 1.7226968 seconds
2019-02-01T03:18:31.447+0000: 804277.452: [GC (Allocation Failure) 2019-02-01T03:18:31.452+0000: 804277.458: [SoftReference, 0 refs, 0.0000322 secs]2019-02-01T03:18:31.452+0000: 804277.458: [WeakReference, 18 refs, 0.0000182 secs]2019-02-01T03:18:31.452+0000: 804277.458: [FinalReference, 2318 refs, 0.0010462 secs]2019-02-01T03:18:31.453+0000: 804277.459: [PhantomReference, 0 refs, 0 refs, 0.0000154 secs]2019-02-01T03:18:31.453+0000: 804277.459: [JNI Weak Reference, 0.0000277 secs]
Desired survivor size 16777216 bytes, new threshold 1 (max 15)
[PSYoungGen: 313305K->7474K(302080K)] 956814K->653625K(998400K), 0.0123372 secs] [Times: user=0.10 sys=0.00, real=0.01 secs] 
2019-02-01T03:18:31.459+0000: 804277.465: Total time for which application threads were stopped: 0.0154789 seconds, Stopping threads took: 0.0000482 seconds
2019-02-01T03:18:34.889+0000: 804280.895: Application time: 3.4299345 seconds
2019-02-01T03:18:34.892+0000: 804280.898: Total time for which application threads were stopped: 0.0031683 seconds, Stopping threads took: 0.0000934 seconds
2019-02-01T03:18:34.892+0000: 804280.898: Application time: 0.0000848 seconds
2019-02-01T03:18:34.894+0000: 804280.900: Total time for which application threads were stopped: 0.0021461 seconds, Stopping threads took: 0.0000400 seconds
2019-02-01T03:18:41.100+0000: 804287.106: Application time: 6.2059119 seconds
2019-02-01T03:18:41.103+0000: 804287.109: [GC (Allocation Failure) 2019-02-01T03:18:41.109+0000: 804287.114: [SoftReference, 0 refs, 0.0000261 secs]2019-02-01T03:18:41.109+0000: 804287.114: [WeakReference, 21 refs, 0.0000190 secs]2019-02-01T03:18:41.109+0000: 804287.114: [FinalReference, 2462 refs, 0.0010370 secs]2019-02-01T03:18:41.110+0000: 804287.116: [PhantomReference, 0 refs, 0 refs, 0.0000157 secs]2019-02-01T03:18:41.110+0000: 804287.116: [JNI Weak Reference, 0.0000222 secs]
Desired survivor size 16252928 bytes, new threshold 1 (max 15)
[PSYoungGen: 301874K->7635K(289792K)] 948025K->656437K(986112K), 0.0113547 secs] [Times: user=0.11 sys=0.01, real=0.01 secs] 
2019-02-01T03:18:41.115+0000: 804287.120: Total time for which application threads were stopped: 0.0144776 seconds, Stopping threads took: 0.0000600 seconds
2019-02-01T03:18:49.127+0000: 804295.133: Application time: 8.0123108 seconds
2019-02-01T03:18:49.130+0000: 804295.136: Total time for which application threads were stopped: 0.0029259 seconds, Stopping threads took: 0.0000693 seconds
2019-02-01T03:18:49.130+0000: 804295.136: Application time: 0.0000885 seconds
2019-02-01T03:18:49.132+0000: 804295.138: Total time for which application threads were stopped: 0.0019023 seconds, Stopping threads took: 0.0000597 seconds
2019-02-01T03:18:50.370+0000: 804296.376: Application time: 1.2385210 seconds
2019-02-01T03:18:50.373+0000: 804296.379: [GC (Allocation Failure) 2019-02-01T03:18:50.378+0000: 804296.383: [SoftReference, 0 refs, 0.0000291 secs]2019-02-01T03:18:50.378+0000: 804296.383: [WeakReference, 16 refs, 0.0000176 secs]2019-02-01T03:18:50.378+0000: 804296.383: [FinalReference, 2301 refs, 0.0007921 secs]2019-02-01T03:18:50.379+0000: 804296.384: [PhantomReference, 0 refs, 1 refs, 0.0000158 secs]2019-02-01T03:18:50.379+0000: 804296.384: [JNI Weak Reference, 0.0000216 secs]
Desired survivor size 16252928 bytes, new threshold 1 (max 15)
[PSYoungGen: 289747K->4906K(275456K)] 938549K->655886K(971776K), 0.0106844 secs] [Times: user=0.09 sys=0.01, real=0.01 secs] 
2019-02-01T03:18:50.384+0000: 804296.390: Total time for which application threads were stopped: 0.0137001 seconds, Stopping threads took: 0.0000521 seconds
2019-02-01T03:18:53.638+0000: 804299.643: Application time: 3.2535392 seconds
2019-02-01T03:18:53.641+0000: 804299.647: Total time for which application threads were stopped: 0.0031900 seconds, Stopping threads took: 0.0000512 seconds
2019-02-01T03:18:53.641+0000: 804299.647: Application time: 0.0000893 seconds
2019-02-01T03:18:53.643+0000: 804299.649: Total time for which application threads were stopped: 0.0022267 seconds, Stopping threads took: 0.0000696 seconds
2019-02-01T03:18:56.751+0000: 804302.757: Application time: 3.1076831 seconds
2019-02-01T03:18:56.754+0000: 804302.760: Total time for which application threads were stopped: 0.0029668 seconds, Stopping threads took: 0.0000544 seconds
2019-02-01T03:18:57.148+0000: 804303.154: Application time: 0.3940865 seconds
2019-02-01T03:18:57.151+0000: 804303.157: Total time for which application threads were stopped: 0.0028649 seconds, Stopping threads took: 0.0000478 seconds
2019-02-01T03:18:57.151+0000: 804303.157: Application time: 0.0000812 seconds
2019-02-01T03:18:57.153+0000: 804303.159: Total time for which application threads were stopped: 0.0019484 seconds, Stopping threads took: 0.0000983 seconds
2019-02-01T03:18:59.657+0000: 804305.663: Application time: 2.5045737 seconds
2019-02-01T03:18:59.660+0000: 804305.666: Total time for which application threads were stopped: 0.0028345 seconds, Stopping threads took: 0.0000438 seconds
2019-02-01T03:18:59.660+0000: 804305.666: Application time: 0.0000657 seconds
2019-02-01T03:18:59.662+0000: 804305.668: Total time for which application threads were stopped: 0.0018426 seconds, Stopping threads took: 0.0001109 seconds
2019-02-01T03:19:00.964+0000: 804306.969: Application time: 1.3013825 seconds
2019-02-01T03:19:00.967+0000: 804306.972: [GC (Allocation Failure) 2019-02-01T03:19:00.971+0000: 804306.977: [SoftReference, 0 refs, 0.0000336 secs]2019-02-01T03:19:00.971+0000: 804306.977: [WeakReference, 21 refs, 0.0000180 secs]2019-02-01T03:19:00.971+0000: 804306.977: [FinalReference, 2069 refs, 0.0007827 secs]2019-02-01T03:19:00.972+0000: 804306.978: [PhantomReference, 0 refs, 0 refs, 0.0000151 secs]2019-02-01T03:19:00.972+0000: 804306.978: [JNI Weak Reference, 0.0000470 secs]
Desired survivor size 16252928 bytes, new threshold 2 (max 15)
[PSYoungGen: 275242K->5114K(264704K)] 926222K->658061K(961024K), 0.0098751 secs] [Times: user=0.09 sys=0.00, real=0.01 secs] 
2019-02-01T03:19:00.977+0000: 804306.982: Total time for which application threads were stopped: 0.0129111 seconds, Stopping threads took: 0.0000752 seconds
2019-02-01T03:19:00.977+0000: 804306.983: Application time: 0.0002474 seconds
2019-02-01T03:19:00.979+0000: 804306.985: Total time for which application threads were stopped: 0.0020794 seconds, Stopping threads took: 0.0000891 seconds
2019-02-01T03:19:00.979+0000: 804306.985: Application time: 0.0000476 seconds
2019-02-01T03:19:00.981+0000: 804306.986: Total time for which application threads were stopped: 0.0016434 seconds, Stopping threads took: 0.0000628 seconds
2019-02-01T03:19:01.281+0000: 804307.287: Application time: 0.3007852 seconds
2019-02-01T03:19:01.284+0000: 804307.290: Total time for which application threads were stopped: 0.0029532 seconds, Stopping threads took: 0.0000490 seconds
2019-02-01T03:19:01.284+0000: 804307.290: Application time: 0.0000613 seconds
2019-02-01T03:19:01.286+0000: 804307.292: Total time for which application threads were stopped: 0.0019812 seconds, Stopping threads took: 0.0000359 seconds
2019-02-01T03:19:01.906+0000: 804307.912: Application time: 0.6194849 seconds
2019-02-01T03:19:01.909+0000: 804307.915: Total time for which application threads were stopped: 0.0029484 seconds, Stopping threads took: 0.0000458 seconds
2019-02-01T03:19:02.388+0000: 804308.393: Application time: 0.4788002 seconds
2019-02-01T03:19:02.392+0000: 804308.398: Total time for which application threads were stopped: 0.0046147 seconds, Stopping threads took: 0.0000691 seconds
2019-02-01T03:19:02.392+0000: 804308.398: Application time: 0.0000712 seconds
2019-02-01T03:19:02.394+0000: 804308.400: Total time for which application threads were stopped: 0.0020470 seconds, Stopping threads took: 0.0000356 seconds
2019-02-01T03:19:02.768+0000: 804308.774: Application time: 0.3739702 seconds
2019-02-01T03:19:02.771+0000: 804308.777: Total time for which application threads were stopped: 0.0029955 seconds, Stopping threads took: 0.0001018 seconds
2019-02-01T03:19:02.896+0000: 804308.901: Application time: 0.1243187 seconds
2019-02-01T03:19:02.898+0000: 804308.904: Total time for which application threads were stopped: 0.0028733 seconds, Stopping threads took: 0.0000528 seconds
2019-02-01T03:19:03.150+0000: 804309.155: Application time: 0.2510369 seconds
2019-02-01T03:19:03.152+0000: 804309.158: Total time for which application threads were stopped: 0.0028731 seconds, Stopping threads took: 0.0000725 seconds
2019-02-01T03:19:03.453+0000: 804309.459: Application time: 0.3009857 seconds
2019-02-01T03:19:03.456+0000: 804309.462: Total time for which application threads were stopped: 0.0029074 seconds, Stopping threads took: 0.0000486 seconds
2019-02-01T03:19:03.464+0000: 804309.470: Application time: 0.0076531 seconds
2019-02-01T03:19:03.466+0000: 804309.472: Total time for which application threads were stopped: 0.0020951 seconds, Stopping threads took: 0.0000826 seconds
2019-02-01T03:19:06.504+0000: 804312.510: Application time: 3.0377095 seconds
2019-02-01T03:19:06.507+0000: 804312.512: Total time for which application threads were stopped: 0.0029461 seconds, Stopping threads took: 0.0000486 seconds
2019-02-01T03:19:06.507+0000: 804312.513: Application time: 0.0000507 seconds
2019-02-01T03:19:06.509+0000: 804312.514: Total time for which application threads were stopped: 0.0018727 seconds, Stopping threads took: 0.0000634 seconds
2019-02-01T03:19:06.810+0000: 804312.815: Application time: 0.3008557 seconds
2019-02-01T03:19:06.812+0000: 804312.818: Total time for which application threads were stopped: 0.0025698 seconds, Stopping threads took: 0.0000373 seconds
2019-02-01T03:19:06.812+0000: 804312.818: Application time: 0.0000901 seconds
2019-02-01T03:19:06.814+0000: 804312.820: Total time for which application threads were stopped: 0.0018183 seconds, Stopping threads took: 0.0000403 seconds
2019-02-01T03:19:07.815+0000: 804313.821: Application time: 1.0012081 seconds
2019-02-01T03:19:07.818+0000: 804313.824: Total time for which application threads were stopped: 0.0029259 seconds, Stopping threads took: 0.0000440 seconds
2019-02-01T03:19:07.818+0000: 804313.824: Application time: 0.0000924 seconds
2019-02-01T03:19:07.820+0000: 804313.826: Total time for which application threads were stopped: 0.0018672 seconds, Stopping threads took: 0.0000334 seconds
2019-02-01T03:19:07.965+0000: 804313.970: Application time: 0.1446039 seconds
2019-02-01T03:19:07.968+0000: 804313.973: Total time for which application threads were stopped: 0.0028356 seconds, Stopping threads took: 0.0000557 seconds
2019-02-01T03:19:09.022+0000: 804315.028: Application time: 1.0543378 seconds
2019-02-01T03:19:09.025+0000: 804315.031: Total time for which application threads were stopped: 0.0029725 seconds, Stopping threads took: 0.0000485 seconds
2019-02-01T03:19:09.025+0000: 804315.031: Application time: 0.0000954 seconds
2019-02-01T03:19:09.027+0000: 804315.033: Total time for which application threads were stopped: 0.0020635 seconds, Stopping threads took: 0.0000814 seconds
2019-02-01T03:19:12.140+0000: 804318.146: Application time: 3.1132412 seconds
2019-02-01T03:19:12.143+0000: 804318.149: [GC (Allocation Failure) 2019-02-01T03:19:12.148+0000: 804318.154: [SoftReference, 0 refs, 0.0000324 secs]2019-02-01T03:19:12.148+0000: 804318.154: [WeakReference, 34 refs, 0.0000206 secs]2019-02-01T03:19:12.148+0000: 804318.154: [FinalReference, 1851 refs, 0.0006502 secs]2019-02-01T03:19:12.149+0000: 804318.155: [PhantomReference, 0 refs, 0 refs, 0.0000155 secs]2019-02-01T03:19:12.149+0000: 804318.155: [JNI Weak Reference, 0.0000277 secs]
Desired survivor size 15204352 bytes, new threshold 3 (max 15)
[PSYoungGen: 264698K->8382K(258048K)] 917645K->661329K(954368K), 0.0115450 secs] [Times: user=0.11 sys=0.00, real=0.01 secs] 
2019-02-01T03:19:12.155+0000: 804318.161: Total time for which application threads were stopped: 0.0147865 seconds, Stopping threads took: 0.0000548 seconds
2019-02-01T03:19:18.826+0000: 804324.832: Application time: 6.6713054 seconds
2019-02-01T03:19:18.829+0000: 804324.835: Total time for which application threads were stopped: 0.0029898 seconds, Stopping threads took: 0.0000509 seconds
2019-02-01T03:19:23.275+0000: 804329.281: Application time: 4.4456347 seconds
2019-02-01T03:19:23.278+0000: 804329.284: [GC (Allocation Failure) 2019-02-01T03:19:23.282+0000: 804329.288: [SoftReference, 0 refs, 0.0000376 secs]2019-02-01T03:19:23.282+0000: 804329.288: [WeakReference, 30 refs, 0.0000198 secs]2019-02-01T03:19:23.282+0000: 804329.288: [FinalReference, 1795 refs, 0.0008421 secs]2019-02-01T03:19:23.283+0000: 804329.289: [PhantomReference, 0 refs, 0 refs, 0.0000153 secs]2019-02-01T03:19:23.283+0000: 804329.289: [JNI Weak Reference, 0.0000234 secs]
Desired survivor size 15204352 bytes, new threshold 4 (max 15)
[PSYoungGen: 257726K->9507K(249344K)] 910673K->662454K(945664K), 0.0101582 secs] [Times: user=0.09 sys=0.00, real=0.01 secs] 
2019-02-01T03:19:23.288+0000: 804329.294: Total time for which application threads were stopped: 0.0132923 seconds, Stopping threads took: 0.0000511 seconds
2019-02-01T03:19:32.303+0000: 804338.309: Application time: 9.0150168 seconds
2019-02-01T03:19:32.306+0000: 804338.312: [GC (Allocation Failure) 2019-02-01T03:19:32.312+0000: 804338.317: [SoftReference, 0 refs, 0.0000299 secs]2019-02-01T03:19:32.312+0000: 804338.317: [WeakReference, 28 refs, 0.0000185 secs]2019-02-01T03:19:32.312+0000: 804338.317: [FinalReference, 2104 refs, 0.0006975 secs]2019-02-01T03:19:32.312+0000: 804338.318: [PhantomReference, 0 refs, 0 refs, 0.0000151 secs]2019-02-01T03:19:32.312+0000: 804338.318: [JNI Weak Reference, 0.0000224 secs]
Desired survivor size 15728640 bytes, new threshold 5 (max 15)
[PSYoungGen: 249123K->11199K(241152K)] 902070K->664146K(937472K), 0.0096998 secs] [Times: user=0.10 sys=0.01, real=0.01 secs] 
2019-02-01T03:19:32.316+0000: 804338.322: Total time for which application threads were stopped: 0.0127274 seconds, Stopping threads took: 0.0000489 seconds
2019-02-01T03:19:42.768+0000: 804348.774: Application time: 10.4518387 seconds
2019-02-01T03:19:42.772+0000: 804348.778: [GC (Allocation Failure) 2019-02-01T03:19:42.778+0000: 804348.784: [SoftReference, 0 refs, 0.0000335 secs]2019-02-01T03:19:42.778+0000: 804348.784: [WeakReference, 34 refs, 0.0000230 secs]2019-02-01T03:19:42.778+0000: 804348.784: [FinalReference, 1973 refs, 0.0009537 secs]2019-02-01T03:19:42.779+0000: 804348.785: [PhantomReference, 0 refs, 0 refs, 0.0000153 secs]2019-02-01T03:19:42.779+0000: 804348.785: [JNI Weak Reference, 0.0000299 secs]
Desired survivor size 16777216 bytes, new threshold 6 (max 15)
[PSYoungGen: 241087K->13021K(233984K)] 894034K->665968K(930304K), 0.0137244 secs] [Times: user=0.14 sys=0.00, real=0.01 secs] 
2019-02-01T03:19:42.786+0000: 804348.792: Total time for which application threads were stopped: 0.0181341 seconds, Stopping threads took: 0.0000640 seconds
2019-02-01T03:19:45.490+0000: 804351.495: Application time: 2.7035770 seconds
2019-02-01T03:19:45.494+0000: 804351.500: Total time for which application threads were stopped: 0.0041125 seconds, Stopping threads took: 0.0000631 seconds
2019-02-01T03:19:45.494+0000: 804351.500: Application time: 0.0000659 seconds
2019-02-01T03:19:45.496+0000: 804351.502: Total time for which application threads were stopped: 0.0024195 seconds, Stopping threads took: 0.0000857 seconds
2019-02-01T03:19:47.576+0000: 804353.582: Application time: 2.0802121 seconds
2019-02-01T03:19:47.581+0000: 804353.586: Total time for which application threads were stopped: 0.0041750 seconds, Stopping threads took: 0.0000780 seconds
2019-02-01T03:19:52.388+0000: 804358.394: Application time: 4.8076951 seconds
2019-02-01T03:19:52.391+0000: 804358.397: Total time for which application threads were stopped: 0.0029193 seconds, Stopping threads took: 0.0000496 seconds
2019-02-01T03:19:52.391+0000: 804358.397: Application time: 0.0001677 seconds
2019-02-01T03:19:52.393+0000: 804358.399: [GC (GCLocker Initiated GC) 2019-02-01T03:19:52.398+0000: 804358.404: [SoftReference, 0 refs, 0.0000347 secs]2019-02-01T03:19:52.398+0000: 804358.404: [WeakReference, 24 refs, 0.0000184 secs]2019-02-01T03:19:52.399+0000: 804358.404: [FinalReference, 1477 refs, 0.0005101 secs]2019-02-01T03:19:52.399+0000: 804358.405: [PhantomReference, 0 refs, 0 refs, 0.0000152 secs]2019-02-01T03:19:52.399+0000: 804358.405: [JNI Weak Reference, 0.0000235 secs]
Desired survivor size 17825792 bytes, new threshold 5 (max 15)
[PSYoungGen: 233693K->6646K(218624K)] 886647K->666489K(914944K), 0.0097544 secs] [Times: user=0.12 sys=0.00, real=0.01 secs] 
2019-02-01T03:19:52.403+0000: 804358.409: Total time for which application threads were stopped: 0.0118417 seconds, Stopping threads took: 0.0000752 seconds
2019-02-01T03:19:56.915+0000: 804362.920: Application time: 4.5114039 seconds
2019-02-01T03:19:56.919+0000: 804362.925: Total time for which application threads were stopped: 0.0042760 seconds, Stopping threads took: 0.0000666 seconds
2019-02-01T03:19:56.919+0000: 804362.925: Application time: 0.0000876 seconds
2019-02-01T03:19:56.922+0000: 804362.927: Total time for which application threads were stopped: 0.0025563 seconds, Stopping threads took: 0.0000532 seconds
2019-02-01T03:19:57.123+0000: 804363.128: Application time: 0.2010401 seconds
2019-02-01T03:19:57.126+0000: 804363.132: Total time for which application threads were stopped: 0.0036087 seconds, Stopping threads took: 0.0000646 seconds
2019-02-01T03:19:57.126+0000: 804363.132: Application time: 0.0000975 seconds
2019-02-01T03:19:57.129+0000: 804363.135: Total time for which application threads were stopped: 0.0025000 seconds, Stopping threads took: 0.0000446 seconds
2019-02-01T03:19:57.531+0000: 804363.536: Application time: 0.4016587 seconds
2019-02-01T03:19:57.535+0000: 804363.540: Total time for which application threads were stopped: 0.0041777 seconds, Stopping threads took: 0.0000644 seconds
2019-02-01T03:19:57.535+0000: 804363.541: Application time: 0.0000995 seconds
2019-02-01T03:19:57.538+0000: 804363.543: Total time for which application threads were stopped: 0.0027089 seconds, Stopping threads took: 0.0001081 seconds
2019-02-01T03:19:57.638+0000: 804363.644: Application time: 0.1002683 seconds
2019-02-01T03:19:57.640+0000: 804363.646: Total time for which application threads were stopped: 0.0024596 seconds, Stopping threads took: 0.0000406 seconds
2019-02-01T03:19:57.640+0000: 804363.646: Application time: 0.0000959 seconds
2019-02-01T03:19:57.643+0000: 804363.648: Total time for which application threads were stopped: 0.0021888 seconds, Stopping threads took: 0.0000752 seconds
2019-02-01T03:19:58.244+0000: 804364.250: Application time: 0.6014759 seconds
2019-02-01T03:19:58.247+0000: 804364.253: Total time for which application threads were stopped: 0.0031688 seconds, Stopping threads took: 0.0000549 seconds
2019-02-01T03:19:58.247+0000: 804364.253: Application time: 0.0000979 seconds
2019-02-01T03:19:58.249+0000: 804364.255: Total time for which application threads were stopped: 0.0019162 seconds, Stopping threads took: 0.0000741 seconds
2019-02-01T03:19:58.350+0000: 804364.356: Application time: 0.1005842 seconds
2019-02-01T03:19:58.353+0000: 804364.359: Total time for which application threads were stopped: 0.0029872 seconds, Stopping threads took: 0.0000636 seconds
2019-02-01T03:19:58.353+0000: 804364.359: Application time: 0.0000821 seconds
2019-02-01T03:19:58.355+0000: 804364.361: Total time for which application threads were stopped: 0.0019264 seconds, Stopping threads took: 0.0000434 seconds
2019-02-01T03:19:58.455+0000: 804364.461: Application time: 0.1006224 seconds
2019-02-01T03:19:58.459+0000: 804364.464: Total time for which application threads were stopped: 0.0030814 seconds, Stopping threads took: 0.0000507 seconds
2019-02-01T03:19:58.459+0000: 804364.464: Application time: 0.0000772 seconds
2019-02-01T03:19:58.461+0000: 804364.467: Total time for which application threads were stopped: 0.0023139 seconds, Stopping threads took: 0.0000730 seconds
2019-02-01T03:19:58.762+0000: 804364.768: Application time: 0.3010961 seconds
2019-02-01T03:19:58.765+0000: 804364.771: Total time for which application threads were stopped: 0.0029746 seconds, Stopping threads took: 0.0000433 seconds
2019-02-01T03:19:58.765+0000: 804364.771: Application time: 0.0001147 seconds
2019-02-01T03:19:58.767+0000: 804364.773: Total time for which application threads were stopped: 0.0021367 seconds, Stopping threads took: 0.0000565 seconds
2019-02-01T03:19:59.269+0000: 804365.274: Application time: 0.5013570 seconds
2019-02-01T03:19:59.272+0000: 804365.278: Total time for which application threads were stopped: 0.0034307 seconds, Stopping threads took: 0.0000535 seconds
2019-02-01T03:19:59.272+0000: 804365.278: Application time: 0.0001002 seconds
2019-02-01T03:19:59.274+0000: 804365.280: Total time for which application threads were stopped: 0.0020877 seconds, Stopping threads took: 0.0000278 seconds
2019-02-01T03:20:01.378+0000: 804367.384: Application time: 2.1042016 seconds
2019-02-01T03:20:01.383+0000: 804367.389: Total time for which application threads were stopped: 0.0043762 seconds, Stopping threads took: 0.0000735 seconds
2019-02-01T03:20:01.383+0000: 804367.389: Application time: 0.0001063 seconds
2019-02-01T03:20:01.385+0000: 804367.391: Total time for which application threads were stopped: 0.0023728 seconds, Stopping threads took: 0.0000617 seconds
2019-02-01T03:20:01.446+0000: 804367.452: Application time: 0.0604953 seconds
2019-02-01T03:20:01.448+0000: 804367.454: [GC (Allocation Failure) 2019-02-01T03:20:01.455+0000: 804367.461: [SoftReference, 0 refs, 0.0000357 secs]2019-02-01T03:20:01.455+0000: 804367.461: [WeakReference, 67 refs, 0.0000262 secs]2019-02-01T03:20:01.455+0000: 804367.461: [FinalReference, 1626 refs, 0.0007472 secs]2019-02-01T03:20:01.456+0000: 804367.461: [PhantomReference, 0 refs, 0 refs, 0.0000154 secs]2019-02-01T03:20:01.456+0000: 804367.461: [JNI Weak Reference, 0.0000507 secs]
Desired survivor size 17825792 bytes, new threshold 5 (max 15)
[PSYoungGen: 218614K->11484K(215552K)] 878461K->672439K(911872K), 0.0124082 secs] [Times: user=0.16 sys=0.00, real=0.02 secs] 
2019-02-01T03:20:01.461+0000: 804367.467: Total time for which application threads were stopped: 0.0149589 seconds, Stopping threads took: 0.0000354 seconds
2019-02-01T03:20:01.906+0000: 804367.912: Application time: 0.4450796 seconds
2019-02-01T03:20:01.909+0000: 804367.915: Total time for which application threads were stopped: 0.0031093 seconds, Stopping threads took: 0.0000729 seconds
2019-02-01T03:20:08.661+0000: 804374.667: Application time: 6.7519222 seconds
2019-02-01T03:20:08.665+0000: 804374.671: [GC (Allocation Failure) 2019-02-01T03:20:08.671+0000: 804374.677: [SoftReference, 0 refs, 0.0000334 secs]2019-02-01T03:20:08.671+0000: 804374.677: [WeakReference, 18 refs, 0.0000189 secs]2019-02-01T03:20:08.671+0000: 804374.677: [FinalReference, 1787 refs, 0.0007853 secs]2019-02-01T03:20:08.672+0000: 804374.678: [PhantomReference, 0 refs, 0 refs, 0.0000157 secs]2019-02-01T03:20:08.672+0000: 804374.678: [JNI Weak Reference, 0.0000234 secs]
Desired survivor size 17301504 bytes, new threshold 5 (max 15)
[PSYoungGen: 215260K->10321K(206848K)] 876215K->672302K(903168K), 0.0120712 secs] [Times: user=0.13 sys=0.01, real=0.01 secs] 
2019-02-01T03:20:08.677+0000: 804374.683: Total time for which application threads were stopped: 0.0163137 seconds, Stopping threads took: 0.0000689 seconds
2019-02-01T03:20:09.397+0000: 804375.402: Application time: 0.7194673 seconds
2019-02-01T03:20:09.401+0000: 804375.407: Total time for which application threads were stopped: 0.0042243 seconds, Stopping threads took: 0.0001161 seconds
2019-02-01T03:20:09.401+0000: 804375.407: Application time: 0.0001002 seconds
2019-02-01T03:20:09.403+0000: 804375.409: Total time for which application threads were stopped: 0.0020661 seconds, Stopping threads took: 0.0001198 seconds
2019-02-01T03:20:13.108+0000: 804379.114: Application time: 3.7049706 seconds
2019-02-01T03:20:13.112+0000: 804379.118: Total time for which application threads were stopped: 0.0040072 seconds, Stopping threads took: 0.0000593 seconds
2019-02-01T03:20:13.112+0000: 804379.118: Application time: 0.0000885 seconds
2019-02-01T03:20:13.114+0000: 804379.120: Total time for which application threads were stopped: 0.0020477 seconds, Stopping threads took: 0.0000934 seconds
2019-02-01T03:20:14.164+0000: 804380.170: Application time: 1.0501425 seconds
2019-02-01T03:20:14.169+0000: 804380.174: Total time for which application threads were stopped: 0.0042430 seconds, Stopping threads took: 0.0000702 seconds
2019-02-01T03:20:17.389+0000: 804383.394: Application time: 3.2199692 seconds
2019-02-01T03:20:17.393+0000: 804383.398: [GC (Allocation Failure) 2019-02-01T03:20:17.399+0000: 804383.405: [SoftReference, 0 refs, 0.0000207 secs]2019-02-01T03:20:17.400+0000: 804383.405: [WeakReference, 27 refs, 0.0000135 secs]2019-02-01T03:20:17.400+0000: 804383.405: [FinalReference, 1551 refs, 0.0004287 secs]2019-02-01T03:20:17.400+0000: 804383.406: [PhantomReference, 0 refs, 0 refs, 0.0000115 secs]2019-02-01T03:20:17.400+0000: 804383.406: [JNI Weak Reference, 0.0000212 secs]
Desired survivor size 16777216 bytes, new threshold 5 (max 15)
[PSYoungGen: 206417K->11007K(200192K)] 868398K->674053K(896512K), 0.0125794 secs] [Times: user=0.15 sys=0.00, real=0.01 secs] 
2019-02-01T03:20:17.405+0000: 804383.411: Total time for which application threads were stopped: 0.0167231 seconds, Stopping threads took: 0.0001319 seconds
2019-02-01T03:20:18.222+0000: 804384.227: Application time: 0.8162225 seconds
2019-02-01T03:20:18.226+0000: 804384.232: Total time for which application threads were stopped: 0.0042510 seconds, Stopping threads took: 0.0000717 seconds
2019-02-01T03:20:18.226+0000: 804384.232: Application time: 0.0000815 seconds
2019-02-01T03:20:18.228+0000: 804384.234: Total time for which application threads were stopped: 0.0025090 seconds, Stopping threads took: 0.0001033 seconds
2019-02-01T03:20:20.131+0000: 804386.137: Application time: 1.9025291 seconds
2019-02-01T03:20:20.135+0000: 804386.141: Total time for which application threads were stopped: 0.0042260 seconds, Stopping threads took: 0.0000678 seconds
2019-02-01T03:20:20.135+0000: 804386.141: Application time: 0.0001038 seconds
2019-02-01T03:20:20.138+0000: 804386.143: Total time for which application threads were stopped: 0.0023632 seconds, Stopping threads took: 0.0000390 seconds
2019-02-01T03:20:21.940+0000: 804387.946: Application time: 1.8026931 seconds
2019-02-01T03:20:21.945+0000: 804387.950: Total time for which application threads were stopped: 0.0043330 seconds, Stopping threads took: 0.0000727 seconds
2019-02-01T03:20:21.945+0000: 804387.951: Application time: 0.0001026 seconds
2019-02-01T03:20:21.947+0000: 804387.953: Total time for which application threads were stopped: 0.0025924 seconds, Stopping threads took: 0.0001010 seconds
2019-02-01T03:20:26.234+0000: 804392.239: Application time: 4.2862211 seconds
2019-02-01T03:20:26.238+0000: 804392.244: [GC (Allocation Failure) 2019-02-01T03:20:26.244+0000: 804392.250: [SoftReference, 0 refs, 0.0000227 secs]2019-02-01T03:20:26.244+0000: 804392.250: [WeakReference, 76 refs, 0.0000418 secs]2019-02-01T03:20:26.245+0000: 804392.250: [FinalReference, 1187 refs, 0.0005660 secs]2019-02-01T03:20:26.245+0000: 804392.251: [PhantomReference, 0 refs, 0 refs, 0.0000154 secs]2019-02-01T03:20:26.245+0000: 804392.251: [JNI Weak Reference, 0.0000306 secs]
Desired survivor size 18350080 bytes, new threshold 4 (max 15)
[PSYoungGen: 199935K->12283K(194048K)] 862981K->678059K(890368K), 0.0099295 secs] [Times: user=0.15 sys=0.00, real=0.01 secs] 
2019-02-01T03:20:26.248+0000: 804392.254: Total time for which application threads were stopped: 0.0142845 seconds, Stopping threads took: 0.0000660 seconds
2019-02-01T03:20:32.361+0000: 804398.367: Application time: 6.1129163 seconds
2019-02-01T03:20:32.364+0000: 804398.370: [GC (Allocation Failure) 2019-02-01T03:20:32.372+0000: 804398.377: [SoftReference, 0 refs, 0.0000340 secs]2019-02-01T03:20:32.372+0000: 804398.377: [WeakReference, 43 refs, 0.0000229 secs]2019-02-01T03:20:32.372+0000: 804398.377: [FinalReference, 1508 refs, 0.0006371 secs]2019-02-01T03:20:32.372+0000: 804398.378: [PhantomReference, 0 refs, 0 refs, 0.0000157 secs]2019-02-01T03:20:32.372+0000: 804398.378: [JNI Weak Reference, 0.0000240 secs]
Desired survivor size 18874368 bytes, new threshold 3 (max 15)
[PSYoungGen: 194043K->14361K(189952K)] 859819K->683768K(886272K), 0.0138691 secs] [Times: user=0.16 sys=0.00, real=0.01 secs] 
2019-02-01T03:20:32.378+0000: 804398.384: Total time for which application threads were stopped: 0.0175647 seconds, Stopping threads took: 0.0000804 seconds
2019-02-01T03:20:37.703+0000: 804403.709: Application time: 5.3245645 seconds
2019-02-01T03:20:37.706+0000: 804403.712: [GC (Allocation Failure) 2019-02-01T03:20:37.712+0000: 804403.718: [SoftReference, 0 refs, 0.0000506 secs]2019-02-01T03:20:37.712+0000: 804403.718: [WeakReference, 10 refs, 0.0000236 secs]2019-02-01T03:20:37.712+0000: 804403.718: [FinalReference, 1571 refs, 0.0005803 secs]2019-02-01T03:20:37.712+0000: 804403.718: [PhantomReference, 0 refs, 0 refs, 0.0000149 secs]2019-02-01T03:20:37.712+0000: 804403.718: [JNI Weak Reference, 0.0000226 secs]
Desired survivor size 18350080 bytes, new threshold 2 (max 15)
[PSYoungGen: 189465K->9000K(177664K)] 858872K->681072K(873984K), 0.0099055 secs] [Times: user=0.14 sys=0.00, real=0.01 secs] 
2019-02-01T03:20:37.716+0000: 804403.722: Total time for which application threads were stopped: 0.0130228 seconds, Stopping threads took: 0.0000537 seconds
2019-02-01T03:20:44.252+0000: 804410.258: Application time: 6.5363748 seconds
2019-02-01T03:20:44.255+0000: 804410.261: [GC (Allocation Failure) 2019-02-01T03:20:44.262+0000: 804410.268: [SoftReference, 0 refs, 0.0000328 secs]2019-02-01T03:20:44.262+0000: 804410.268: [WeakReference, 4 refs, 0.0000138 secs]2019-02-01T03:20:44.262+0000: 804410.268: [FinalReference, 1296 refs, 0.0004882 secs]2019-02-01T03:20:44.262+0000: 804410.268: [PhantomReference, 0 refs, 0 refs, 0.0000165 secs]2019-02-01T03:20:44.263+0000: 804410.268: [JNI Weak Reference, 0.0000233 secs]
Desired survivor size 18350080 bytes, new threshold 1 (max 15)
[PSYoungGen: 177448K->6688K(169472K)] 849520K->683653K(865792K), 0.0121848 secs] [Times: user=0.11 sys=0.00, real=0.02 secs] 
2019-02-01T03:20:44.268+0000: 804410.273: Total time for which application threads were stopped: 0.0152628 seconds, Stopping threads took: 0.0000499 seconds
2019-02-01T03:20:50.845+0000: 804416.851: Application time: 6.5775676 seconds
2019-02-01T03:20:50.848+0000: 804416.854: [GC (Allocation Failure) 2019-02-01T03:20:50.853+0000: 804416.858: [SoftReference, 0 refs, 0.0000328 secs]2019-02-01T03:20:50.853+0000: 804416.858: [WeakReference, 8 refs, 0.0000188 secs]2019-02-01T03:20:50.853+0000: 804416.858: [FinalReference, 1260 refs, 0.0004392 secs]2019-02-01T03:20:50.853+0000: 804416.859: [PhantomReference, 0 refs, 1 refs, 0.0000159 secs]2019-02-01T03:20:50.853+0000: 804416.859: [JNI Weak Reference, 0.0000231 secs]
Desired survivor size 18874368 bytes, new threshold 1 (max 15)
[PSYoungGen: 168992K->4270K(161280K)] 845957K->684240K(857600K), 0.0106965 secs] [Times: user=0.09 sys=0.00, real=0.01 secs] 
2019-02-01T03:20:50.859+0000: 804416.865: Total time for which application threads were stopped: 0.0138243 seconds, Stopping threads took: 0.0000555 seconds
2019-02-01T03:20:56.401+0000: 804422.407: Application time: 5.5420852 seconds
2019-02-01T03:20:56.404+0000: 804422.410: [GC (Allocation Failure) 2019-02-01T03:20:56.408+0000: 804422.414: [SoftReference, 0 refs, 0.0000327 secs]2019-02-01T03:20:56.408+0000: 804422.414: [WeakReference, 16 refs, 0.0000174 secs]2019-02-01T03:20:56.408+0000: 804422.414: [FinalReference, 1170 refs, 0.0005771 secs]2019-02-01T03:20:56.409+0000: 804422.414: [PhantomReference, 0 refs, 0 refs, 0.0000198 secs]2019-02-01T03:20:56.409+0000: 804422.414: [JNI Weak Reference, 0.0000223 secs]
Desired survivor size 18874368 bytes, new threshold 1 (max 15)
[PSYoungGen: 160942K->5285K(156672K)] 840912K->686764K(852992K), 0.0087360 secs] [Times: user=0.09 sys=0.00, real=0.01 secs] 
2019-02-01T03:20:56.413+0000: 804422.419: Total time for which application threads were stopped: 0.0118600 seconds, Stopping threads took: 0.0000749 seconds
2019-02-01T03:21:01.321+0000: 804427.327: Application time: 4.9078182 seconds
2019-02-01T03:21:01.324+0000: 804427.330: Total time for which application threads were stopped: 0.0030222 seconds, Stopping threads took: 0.0000504 seconds
2019-02-01T03:21:01.324+0000: 804427.330: Application time: 0.0000647 seconds
2019-02-01T03:21:01.326+0000: 804427.332: Total time for which application threads were stopped: 0.0020476 seconds, Stopping threads took: 0.0000883 seconds
2019-02-01T03:21:01.699+0000: 804427.705: Application time: 0.3731876 seconds
2019-02-01T03:21:01.702+0000: 804427.708: [GC (Allocation Failure) 2019-02-01T03:21:01.707+0000: 804427.712: [SoftReference, 0 refs, 0.0000361 secs]2019-02-01T03:21:01.707+0000: 804427.712: [WeakReference, 40 refs, 0.0000226 secs]2019-02-01T03:21:01.707+0000: 804427.712: [FinalReference, 1123 refs, 0.0003885 secs]2019-02-01T03:21:01.707+0000: 804427.713: [PhantomReference, 0 refs, 0 refs, 0.0000085 secs]2019-02-01T03:21:01.707+0000: 804427.713: [JNI Weak Reference, 0.0000147 secs]
Desired survivor size 18874368 bytes, new threshold 1 (max 15)
[PSYoungGen: 156325K->4092K(150016K)] 837804K->687694K(846336K), 0.0093850 secs] [Times: user=0.10 sys=0.01, real=0.01 secs] 
2019-02-01T03:21:01.711+0000: 804427.717: Total time for which application threads were stopped: 0.0123011 seconds, Stopping threads took: 0.0000540 seconds
2019-02-01T03:21:01.906+0000: 804427.912: Application time: 0.1945333 seconds
2019-02-01T03:21:01.909+0000: 804427.915: Total time for which application threads were stopped: 0.0030675 seconds, Stopping threads took: 0.0000797 seconds
2019-02-01T03:21:02.827+0000: 804428.833: Application time: 0.9180809 seconds
2019-02-01T03:21:02.830+0000: 804428.836: Total time for which application threads were stopped: 0.0030652 seconds, Stopping threads took: 0.0000500 seconds
2019-02-01T03:21:02.830+0000: 804428.836: Application time: 0.0000930 seconds
2019-02-01T03:21:02.832+0000: 804428.838: Total time for which application threads were stopped: 0.0016675 seconds, Stopping threads took: 0.0000780 seconds
2019-02-01T03:21:03.834+0000: 804429.840: Application time: 1.0020674 seconds
2019-02-01T03:21:03.837+0000: 804429.843: Total time for which application threads were stopped: 0.0029897 seconds, Stopping threads took: 0.0000428 seconds
2019-02-01T03:21:03.837+0000: 804429.843: Application time: 0.0000498 seconds
2019-02-01T03:21:03.839+0000: 804429.845: Total time for which application threads were stopped: 0.0019137 seconds, Stopping threads took: 0.0000244 seconds
2019-02-01T03:21:03.939+0000: 804429.945: Application time: 0.1003128 seconds
2019-02-01T03:21:03.943+0000: 804429.949: Total time for which application threads were stopped: 0.0034945 seconds, Stopping threads took: 0.0000483 seconds
2019-02-01T03:21:03.943+0000: 804429.949: Application time: 0.0000880 seconds
2019-02-01T03:21:03.944+0000: 804429.950: Total time for which application threads were stopped: 0.0015197 seconds, Stopping threads took: 0.0000660 seconds
2019-02-01T03:21:04.345+0000: 804430.351: Application time: 0.4009327 seconds
2019-02-01T03:21:04.348+0000: 804430.354: Total time for which application threads were stopped: 0.0031577 seconds, Stopping threads took: 0.0000768 seconds
2019-02-01T03:21:06.597+0000: 804432.603: Application time: 2.2485574 seconds
2019-02-01T03:21:06.600+0000: 804432.606: Total time for which application threads were stopped: 0.0029756 seconds, Stopping threads took: 0.0000516 seconds
2019-02-01T03:21:06.627+0000: 804432.632: Application time: 0.0265363 seconds
2019-02-01T03:21:06.629+0000: 804432.634: Total time for which application threads were stopped: 0.0019929 seconds, Stopping threads took: 0.0000317 seconds
2019-02-01T03:21:06.789+0000: 804432.795: Application time: 0.1604498 seconds
2019-02-01T03:21:06.791+0000: 804432.797: Total time for which application threads were stopped: 0.0022365 seconds, Stopping threads took: 0.0000653 seconds
2019-02-01T03:21:07.001+0000: 804433.006: Application time: 0.2093165 seconds
2019-02-01T03:21:07.003+0000: 804433.009: [GC (Allocation Failure) 2019-02-01T03:21:07.009+0000: 804433.014: [SoftReference, 0 refs, 0.0000320 secs]2019-02-01T03:21:07.009+0000: 804433.014: [WeakReference, 21 refs, 0.0000185 secs]2019-02-01T03:21:07.009+0000: 804433.014: [FinalReference, 1273 refs, 0.0005715 secs]2019-02-01T03:21:07.009+0000: 804433.015: [PhantomReference, 0 refs, 0 refs, 0.0000156 secs]2019-02-01T03:21:07.009+0000: 804433.015: [JNI Weak Reference, 0.0000219 secs]
Desired survivor size 18350080 bytes, new threshold 1 (max 15)
[PSYoungGen: 150012K->3857K(144896K)] 833614K->689084K(841216K), 0.0101719 secs] [Times: user=0.10 sys=0.00, real=0.01 secs] 
2019-02-01T03:21:07.013+0000: 804433.019: Total time for which application threads were stopped: 0.0129149 seconds, Stopping threads took: 0.0000243 seconds
2019-02-01T03:21:13.173+0000: 804439.178: Application time: 6.1592242 seconds
2019-02-01T03:21:13.176+0000: 804439.182: [GC (Allocation Failure) 2019-02-01T03:21:13.183+0000: 804439.189: [SoftReference, 0 refs, 0.0000322 secs]2019-02-01T03:21:13.184+0000: 804439.189: [WeakReference, 8 refs, 0.0000150 secs]2019-02-01T03:21:13.184+0000: 804439.189: [FinalReference, 1035 refs, 0.0003504 secs]2019-02-01T03:21:13.184+0000: 804439.190: [PhantomReference, 0 refs, 0 refs, 0.0000151 secs]2019-02-01T03:21:13.184+0000: 804439.190: [JNI Weak Reference, 0.0000224 secs]
Desired survivor size 18350080 bytes, new threshold 1 (max 15)
[PSYoungGen: 144657K->3493K(139776K)] 829884K->690275K(836096K), 0.0140836 secs] [Times: user=0.18 sys=0.00, real=0.01 secs] 
2019-02-01T03:21:13.190+0000: 804439.196: Total time for which application threads were stopped: 0.0171765 seconds, Stopping threads took: 0.0000506 seconds
2019-02-01T03:21:18.803+0000: 804444.808: Application time: 5.6126216 seconds
2019-02-01T03:21:18.806+0000: 804444.811: [GC (Allocation Failure) 2019-02-01T03:21:18.813+0000: 804444.819: [SoftReference, 0 refs, 0.0000251 secs]2019-02-01T03:21:18.813+0000: 804444.819: [WeakReference, 14 refs, 0.0000103 secs]2019-02-01T03:21:18.813+0000: 804444.819: [FinalReference, 1082 refs, 0.0002736 secs]2019-02-01T03:21:18.813+0000: 804444.819: [PhantomReference, 0 refs, 0 refs, 0.0000086 secs]2019-02-01T03:21:18.813+0000: 804444.819: [JNI Weak Reference, 0.0000147 secs]
Desired survivor size 17825792 bytes, new threshold 1 (max 15)
[PSYoungGen: 139685K->5523K(137216K)] 826467K->693847K(833536K), 0.0106229 secs] [Times: user=0.18 sys=0.00, real=0.01 secs] 
2019-02-01T03:21:18.816+0000: 804444.822: Total time for which application threads were stopped: 0.0136331 seconds, Stopping threads took: 0.0000563 seconds
2019-02-01T03:21:23.310+0000: 804449.316: Application time: 4.4941342 seconds
2019-02-01T03:21:23.313+0000: 804449.319: [GC (Allocation Failure) 2019-02-01T03:21:23.322+0000: 804449.328: [SoftReference, 0 refs, 0.0000355 secs]2019-02-01T03:21:23.322+0000: 804449.328: [WeakReference, 10 refs, 0.0000157 secs]2019-02-01T03:21:23.322+0000: 804449.328: [FinalReference, 1028 refs, 0.0004482 secs]2019-02-01T03:21:23.323+0000: 804449.328: [PhantomReference, 0 refs, 0 refs, 0.0000153 secs]2019-02-01T03:21:23.323+0000: 804449.328: [JNI Weak Reference, 0.0000344 secs]
Desired survivor size 17301504 bytes, new threshold 1 (max 15)
[PSYoungGen: 137107K->3995K(131072K)] 825431K->693765K(827392K), 0.0130154 secs] [Times: user=0.22 sys=0.00, real=0.01 secs] 
2019-02-01T03:21:23.327+0000: 804449.332: Total time for which application threads were stopped: 0.0161808 seconds, Stopping threads took: 0.0000504 seconds
2019-02-01T03:21:28.654+0000: 804454.660: Application time: 5.3279117 seconds
2019-02-01T03:21:28.657+0000: 804454.663: Total time for which application threads were stopped: 0.0029017 seconds, Stopping threads took: 0.0000555 seconds
2019-02-01T03:21:28.657+0000: 804454.663: Application time: 0.0000832 seconds
2019-02-01T03:21:28.659+0000: 804454.665: [GC (GCLocker Initiated GC) 2019-02-01T03:21:28.665+0000: 804454.671: [SoftReference, 0 refs, 0.0000335 secs]2019-02-01T03:21:28.665+0000: 804454.671: [WeakReference, 45 refs, 0.0000231 secs]2019-02-01T03:21:28.665+0000: 804454.671: [FinalReference, 995 refs, 0.0004781 secs]2019-02-01T03:21:28.666+0000: 804454.672: [PhantomReference, 0 refs, 0 refs, 0.0000149 secs]2019-02-01T03:21:28.666+0000: 804454.672: [JNI Weak Reference, 0.0000289 secs]
Desired survivor size 16252928 bytes, new threshold 1 (max 15)
[PSYoungGen: 130971K->6639K(129536K)] 820741K->697370K(825856K), 0.0106457 secs] [Times: user=0.11 sys=0.01, real=0.01 secs] 
2019-02-01T03:21:28.670+0000: 804454.676: Total time for which application threads were stopped: 0.0125854 seconds, Stopping threads took: 0.0000239 seconds
2019-02-01T03:21:33.689+0000: 804459.695: Application time: 5.0193451 seconds
2019-02-01T03:21:33.692+0000: 804459.698: [GC (Allocation Failure) 2019-02-01T03:21:33.697+0000: 804459.703: [SoftReference, 0 refs, 0.0000192 secs]2019-02-01T03:21:33.697+0000: 804459.703: [WeakReference, 4 refs, 0.0000088 secs]2019-02-01T03:21:33.697+0000: 804459.703: [FinalReference, 1002 refs, 0.0003546 secs]2019-02-01T03:21:33.698+0000: 804459.703: [PhantomReference, 0 refs, 0 refs, 0.0000085 secs]2019-02-01T03:21:33.698+0000: 804459.704: [JNI Weak Reference, 0.0000151 secs]
Desired survivor size 16252928 bytes, new threshold 1 (max 15)
[PSYoungGen: 129519K->3174K(122368K)] 820253K->695229K(818688K), 0.0091061 secs] [Times: user=0.11 sys=0.00, real=0.01 secs] 
2019-02-01T03:21:33.701+0000: 804459.707: [Full GC (Ergonomics) 2019-02-01T03:21:33.745+0000: 804459.751: [SoftReference, 217 refs, 0.0001173 secs]2019-02-01T03:21:33.745+0000: 804459.751: [WeakReference, 1783 refs, 0.0003449 secs]2019-02-01T03:21:33.746+0000: 804459.751: [FinalReference, 2283 refs, 0.0016073 secs]2019-02-01T03:21:33.747+0000: 804459.753: [PhantomReference, 0 refs, 120 refs, 0.0000297 secs]2019-02-01T03:21:33.747+0000: 804459.753: [JNI Weak Reference, 0.0000233 secs][PSYoungGen: 3174K->0K(122368K)] [ParOldGen: 692054K->631220K(690688K)] 695229K->631220K(813056K), [Metaspace: 75215K->75215K(1118208K)], 0.1889077 secs] [Times: user=3.58 sys=0.00, real=0.19 secs] 
2019-02-01T03:21:33.890+0000: 804459.896: Total time for which application threads were stopped: 0.2008713 seconds, Stopping threads took: 0.0000466 seconds
2019-02-01T03:21:39.134+0000: 804465.140: Application time: 5.2438158 seconds
2019-02-01T03:21:39.137+0000: 804465.143: [GC (Allocation Failure) 2019-02-01T03:21:39.143+0000: 804465.148: [SoftReference, 0 refs, 0.0000193 secs]2019-02-01T03:21:39.143+0000: 804465.148: [WeakReference, 6 refs, 0.0000087 secs]2019-02-01T03:21:39.143+0000: 804465.148: [FinalReference, 1034 refs, 0.0003019 secs]2019-02-01T03:21:39.143+0000: 804465.149: [PhantomReference, 0 refs, 0 refs, 0.0000088 secs]2019-02-01T03:21:39.143+0000: 804465.149: [JNI Weak Reference, 0.0000143 secs]
Desired survivor size 15728640 bytes, new threshold 1 (max 15)
[PSYoungGen: 118784K->5646K(121344K)] 750004K->636866K(812032K), 0.0082951 secs] [Times: user=0.13 sys=0.00, real=0.01 secs] 
2019-02-01T03:21:39.146+0000: 804465.151: Total time for which application threads were stopped: 0.0115435 seconds, Stopping threads took: 0.0000693 seconds
2019-02-01T03:21:44.420+0000: 804470.426: Application time: 5.2742352 seconds
2019-02-01T03:21:44.423+0000: 804470.429: [GC (Allocation Failure) 2019-02-01T03:21:44.427+0000: 804470.433: [SoftReference, 0 refs, 0.0000318 secs]2019-02-01T03:21:44.427+0000: 804470.433: [WeakReference, 7 refs, 0.0000187 secs]2019-02-01T03:21:44.427+0000: 804470.433: [FinalReference, 815 refs, 0.0003981 secs]2019-02-01T03:21:44.428+0000: 804470.434: [PhantomReference, 0 refs, 0 refs, 0.0000152 secs]2019-02-01T03:21:44.428+0000: 804470.434: [JNI Weak Reference, 0.0000233 secs]
Desired survivor size 15204352 bytes, new threshold 1 (max 15)
[PSYoungGen: 120846K->2670K(114688K)] 752066K->635749K(805376K), 0.0104919 secs] [Times: user=0.08 sys=0.00, real=0.01 secs] 
2019-02-01T03:21:44.433+0000: 804470.439: Total time for which application threads were stopped: 0.0134998 seconds, Stopping threads took: 0.0000462 seconds
2019-02-01T03:21:46.538+0000: 804472.544: Application time: 2.1045736 seconds
2019-02-01T03:21:46.541+0000: 804472.547: Total time for which application threads were stopped: 0.0029520 seconds, Stopping threads took: 0.0000574 seconds
2019-02-01T03:21:48.576+0000: 804474.582: Application time: 2.0354354 seconds
2019-02-01T03:21:48.579+0000: 804474.585: [GC (Allocation Failure) 2019-02-01T03:21:48.584+0000: 804474.589: [SoftReference, 0 refs, 0.0000329 secs]2019-02-01T03:21:48.584+0000: 804474.589: [WeakReference, 6 refs, 0.0000148 secs]2019-02-01T03:21:48.584+0000: 804474.589: [FinalReference, 854 refs, 0.0003314 secs]2019-02-01T03:21:48.584+0000: 804474.590: [PhantomReference, 0 refs, 0 refs, 0.0000160 secs]2019-02-01T03:21:48.584+0000: 804474.590: [JNI Weak Reference, 0.0000231 secs]
Desired survivor size 15204352 bytes, new threshold 1 (max 15)
[PSYoungGen: 114286K->2604K(111104K)] 747365K->636866K(801792K), 0.0086012 secs] [Times: user=0.10 sys=0.00, real=0.01 secs] 
2019-02-01T03:21:48.588+0000: 804474.594: Total time for which application threads were stopped: 0.0117176 seconds, Stopping threads took: 0.0000585 seconds
2019-02-01T03:21:53.178+0000: 804479.184: Application time: 4.5898486 seconds
2019-02-01T03:21:53.181+0000: 804479.187: [GC (Allocation Failure) 2019-02-01T03:21:53.185+0000: 804479.191: [SoftReference, 0 refs, 0.0000377 secs]2019-02-01T03:21:53.185+0000: 804479.191: [WeakReference, 9 refs, 0.0000163 secs]2019-02-01T03:21:53.185+0000: 804479.191: [FinalReference, 808 refs, 0.0002162 secs]2019-02-01T03:21:53.185+0000: 804479.191: [PhantomReference, 0 refs, 0 refs, 0.0000084 secs]2019-02-01T03:21:53.185+0000: 804479.191: [JNI Weak Reference, 0.0000147 secs]
Desired survivor size 14680064 bytes, new threshold 1 (max 15)
[PSYoungGen: 110636K->3165K(108032K)] 744898K->638360K(798720K), 0.0081424 secs] [Times: user=0.09 sys=0.01, real=0.01 secs] 
2019-02-01T03:21:53.189+0000: 804479.195: Total time for which application threads were stopped: 0.0112042 seconds, Stopping threads took: 0.0000474 seconds
2019-02-01T03:21:58.029+0000: 804484.034: Application time: 4.8395107 seconds
2019-02-01T03:21:58.032+0000: 804484.037: Total time for which application threads were stopped: 0.0029173 seconds, Stopping threads took: 0.0000518 seconds
2019-02-01T03:21:58.032+0000: 804484.037: Application time: 0.0000752 seconds
2019-02-01T03:21:58.033+0000: 804484.039: Total time for which application threads were stopped: 0.0014164 seconds, Stopping threads took: 0.0000221 seconds
2019-02-01T03:21:58.084+0000: 804484.090: Application time: 0.0509992 seconds
2019-02-01T03:21:58.086+0000: 804484.091: [GC (Allocation Failure) 2019-02-01T03:21:58.090+0000: 804484.096: [SoftReference, 0 refs, 0.0000338 secs]2019-02-01T03:21:58.090+0000: 804484.096: [WeakReference, 14 refs, 0.0000169 secs]2019-02-01T03:21:58.090+0000: 804484.096: [FinalReference, 641 refs, 0.0002284 secs]2019-02-01T03:21:58.090+0000: 804484.096: [PhantomReference, 0 refs, 0 refs, 0.0000151 secs]2019-02-01T03:21:58.090+0000: 804484.096: [JNI Weak Reference, 0.0000268 secs]
Desired survivor size 14155776 bytes, new threshold 1 (max 15)
[PSYoungGen: 107613K->3756K(105472K)] 742808K->639794K(796160K), 0.0086223 secs] [Times: user=0.09 sys=0.00, real=0.01 secs] 
2019-02-01T03:21:58.094+0000: 804484.100: Total time for which application threads were stopped: 0.0102855 seconds, Stopping threads took: 0.0000195 seconds
2019-02-01T03:21:59.536+0000: 804485.541: Application time: 1.4412558 seconds
2019-02-01T03:21:59.539+0000: 804485.544: Total time for which application threads were stopped: 0.0029964 seconds, Stopping threads took: 0.0000467 seconds
2019-02-01T03:21:59.539+0000: 804485.544: Application time: 0.0000908 seconds
2019-02-01T03:21:59.540+0000: 804485.546: Total time for which application threads were stopped: 0.0018197 seconds, Stopping threads took: 0.0000221 seconds
2019-02-01T03:21:59.641+0000: 804485.647: Application time: 0.1006292 seconds
2019-02-01T03:21:59.643+0000: 804485.649: Total time for which application threads were stopped: 0.0017365 seconds, Stopping threads took: 0.0000364 seconds
2019-02-01T03:21:59.643+0000: 804485.649: Application time: 0.0000814 seconds
2019-02-01T03:21:59.645+0000: 804485.650: Total time for which application threads were stopped: 0.0016030 seconds, Stopping threads took: 0.0000459 seconds
2019-02-01T03:22:01.817+0000: 804487.822: Application time: 2.1719764 seconds
2019-02-01T03:22:01.819+0000: 804487.825: [GC (Allocation Failure) 2019-02-01T03:22:01.824+0000: 804487.829: [SoftReference, 0 refs, 0.0000531 secs]2019-02-01T03:22:01.824+0000: 804487.830: [WeakReference, 21 refs, 0.0000190 secs]2019-02-01T03:22:01.824+0000: 804487.830: [FinalReference, 830 refs, 0.0002867 secs]2019-02-01T03:22:01.824+0000: 804487.830: [PhantomReference, 0 refs, 0 refs, 0.0000147 secs]2019-02-01T03:22:01.824+0000: 804487.830: [JNI Weak Reference, 0.0000225 secs]
Desired survivor size 13631488 bytes, new threshold 1 (max 15)
[PSYoungGen: 105132K->4809K(103424K)] 741170K->642126K(794112K), 0.0097033 secs] [Times: user=0.08 sys=0.00, real=0.01 secs] 
2019-02-01T03:22:01.829+0000: 804487.835: Total time for which application threads were stopped: 0.0127497 seconds, Stopping threads took: 0.0000859 seconds
2019-02-01T03:22:01.906+0000: 804487.912: Application time: 0.0767596 seconds
2019-02-01T03:22:01.909+0000: 804487.914: Total time for which application threads were stopped: 0.0026467 seconds, Stopping threads took: 0.0000314 seconds
2019-02-01T03:22:03.751+0000: 804489.757: Application time: 1.8425692 seconds
2019-02-01T03:22:03.754+0000: 804489.760: Total time for which application threads were stopped: 0.0030452 seconds, Stopping threads took: 0.0000581 seconds
2019-02-01T03:22:03.754+0000: 804489.760: Application time: 0.0000917 seconds
2019-02-01T03:22:03.756+0000: 804489.762: Total time for which application threads were stopped: 0.0018916 seconds, Stopping threads took: 0.0000315 seconds
2019-02-01T03:22:04.358+0000: 804490.364: Application time: 0.6014965 seconds
2019-02-01T03:22:04.361+0000: 804490.367: Total time for which application threads were stopped: 0.0031052 seconds, Stopping threads took: 0.0000697 seconds
2019-02-01T03:22:04.361+0000: 804490.367: Application time: 0.0001015 seconds
2019-02-01T03:22:04.362+0000: 804490.368: Total time for which application threads were stopped: 0.0014330 seconds, Stopping threads took: 0.0000218 seconds
2019-02-01T03:22:05.263+0000: 804491.269: Application time: 0.9009656 seconds
2019-02-01T03:22:05.266+0000: 804491.272: Total time for which application threads were stopped: 0.0030568 seconds, Stopping threads took: 0.0000813 seconds
2019-02-01T03:22:05.267+0000: 804491.272: Application time: 0.0000804 seconds
2019-02-01T03:22:05.269+0000: 804491.274: Total time for which application threads were stopped: 0.0019528 seconds, Stopping threads took: 0.0000739 seconds
2019-02-01T03:22:06.254+0000: 804492.260: Application time: 0.9854574 seconds
2019-02-01T03:22:06.257+0000: 804492.263: [GC (Allocation Failure) 2019-02-01T03:22:06.262+0000: 804492.268: [SoftReference, 0 refs, 0.0000330 secs]2019-02-01T03:22:06.262+0000: 804492.268: [WeakReference, 14 refs, 0.0000175 secs]2019-02-01T03:22:06.262+0000: 804492.268: [FinalReference, 733 refs, 0.0003221 secs]2019-02-01T03:22:06.262+0000: 804492.268: [PhantomReference, 0 refs, 0 refs, 0.0000169 secs]2019-02-01T03:22:06.262+0000: 804492.268: [JNI Weak Reference, 0.0000226 secs]
Desired survivor size 13107200 bytes, new threshold 1 (max 15)
[PSYoungGen: 103113K->3348K(98816K)] 740430K->641646K(789504K), 0.0097159 secs] [Times: user=0.10 sys=0.00, real=0.01 secs] 
2019-02-01T03:22:06.267+0000: 804492.272: Total time for which application threads were stopped: 0.0127423 seconds, Stopping threads took: 0.0000448 seconds
2019-02-01T03:22:09.677+0000: 804495.683: Application time: 3.4101843 seconds
2019-02-01T03:22:09.680+0000: 804495.686: Total time for which application threads were stopped: 0.0029963 seconds, Stopping threads took: 0.0000498 seconds
2019-02-01T03:22:09.680+0000: 804495.686: Application time: 0.0000887 seconds
2019-02-01T03:22:09.682+0000: 804495.687: Total time for which application threads were stopped: 0.0016556 seconds, Stopping threads took: 0.0000228 seconds
2019-02-01T03:22:09.994+0000: 804496.000: Application time: 0.3125558 seconds
2019-02-01T03:22:09.997+0000: 804496.003: [GC (Allocation Failure) 2019-02-01T03:22:10.001+0000: 804496.007: [SoftReference, 0 refs, 0.0000321 secs]2019-02-01T03:22:10.001+0000: 804496.007: [WeakReference, 12 refs, 0.0000165 secs]2019-02-01T03:22:10.001+0000: 804496.007: [FinalReference, 756 refs, 0.0002824 secs]2019-02-01T03:22:10.002+0000: 804496.007: [PhantomReference, 0 refs, 0 refs, 0.0000153 secs]2019-02-01T03:22:10.002+0000: 804496.007: [JNI Weak Reference, 0.0000229 secs]
Desired survivor size 12582912 bytes, new threshold 1 (max 15)
[PSYoungGen: 98580K->3459K(96256K)] 736878K->642802K(786944K), 0.0099618 secs] [Times: user=0.09 sys=0.00, real=0.01 secs] 
2019-02-01T03:22:10.007+0000: 804496.013: Total time for which application threads were stopped: 0.0125899 seconds, Stopping threads took: 0.0000332 seconds
2019-02-01T03:22:11.084+0000: 804497.089: Application time: 1.0767698 seconds
2019-02-01T03:22:11.087+0000: 804497.092: Total time for which application threads were stopped: 0.0029684 seconds, Stopping threads took: 0.0000544 seconds
2019-02-01T03:22:11.087+0000: 804497.092: Application time: 0.0000855 seconds
2019-02-01T03:22:11.088+0000: 804497.094: Total time for which application threads were stopped: 0.0018350 seconds, Stopping threads took: 0.0000337 seconds
2019-02-01T03:22:11.790+0000: 804497.796: Application time: 0.7016815 seconds
2019-02-01T03:22:11.793+0000: 804497.799: Total time for which application threads were stopped: 0.0027784 seconds, Stopping threads took: 0.0000388 seconds
2019-02-01T03:22:11.793+0000: 804497.799: Application time: 0.0000902 seconds
2019-02-01T03:22:11.795+0000: 804497.801: Total time for which application threads were stopped: 0.0018133 seconds, Stopping threads took: 0.0000338 seconds
2019-02-01T03:22:14.192+0000: 804500.197: Application time: 2.3968559 seconds
2019-02-01T03:22:14.194+0000: 804500.200: [GC (Allocation Failure) 2019-02-01T03:22:14.199+0000: 804500.205: [SoftReference, 0 refs, 0.0000320 secs]2019-02-01T03:22:14.199+0000: 804500.205: [WeakReference, 39 refs, 0.0000209 secs]2019-02-01T03:22:14.199+0000: 804500.205: [FinalReference, 666 refs, 0.0002963 secs]2019-02-01T03:22:14.200+0000: 804500.205: [PhantomReference, 0 refs, 0 refs, 0.0000145 secs]2019-02-01T03:22:14.200+0000: 804500.205: [JNI Weak Reference, 0.0000278 secs]
Desired survivor size 12058624 bytes, new threshold 1 (max 15)
[PSYoungGen: 96131K->2435K(92672K)] 735474K->642639K(783360K), 0.0094302 secs] [Times: user=0.08 sys=0.01, real=0.01 secs] 
2019-02-01T03:22:14.204+0000: 804500.209: Total time for which application threads were stopped: 0.0119716 seconds, Stopping threads took: 0.0000546 seconds
2019-02-01T03:22:17.008+0000: 804503.014: Application time: 2.8044781 seconds
2019-02-01T03:22:17.011+0000: 804503.017: Total time for which application threads were stopped: 0.0030027 seconds, Stopping threads took: 0.0000559 seconds
2019-02-01T03:22:17.011+0000: 804503.017: Application time: 0.0000871 seconds
2019-02-01T03:22:17.013+0000: 804503.018: Total time for which application threads were stopped: 0.0014668 seconds, Stopping threads took: 0.0000706 seconds
2019-02-01T03:22:17.998+0000: 804504.004: Application time: 0.9854861 seconds
2019-02-01T03:22:18.001+0000: 804504.007: [GC (Allocation Failure) 2019-02-01T03:22:18.007+0000: 804504.012: [SoftReference, 0 refs, 0.0000329 secs]2019-02-01T03:22:18.007+0000: 804504.012: [WeakReference, 29 refs, 0.0000193 secs]2019-02-01T03:22:18.007+0000: 804504.012: [FinalReference, 611 refs, 0.0002823 secs]2019-02-01T03:22:18.007+0000: 804504.013: [PhantomReference, 0 refs, 0 refs, 0.0000086 secs]2019-02-01T03:22:18.007+0000: 804504.013: [JNI Weak Reference, 0.0000146 secs]
Desired survivor size 12058624 bytes, new threshold 1 (max 15)
[PSYoungGen: 92547K->5475K(93184K)] 732751K->646685K(783872K), 0.0087827 secs] [Times: user=0.10 sys=0.00, real=0.01 secs] 
2019-02-01T03:22:18.010+0000: 804504.016: Total time for which application threads were stopped: 0.0117478 seconds, Stopping threads took: 0.0000407 seconds
2019-02-01T03:22:21.707+0000: 804507.712: Application time: 3.6966127 seconds
2019-02-01T03:22:21.710+0000: 804507.715: [GC (Allocation Failure) 2019-02-01T03:22:21.714+0000: 804507.720: [SoftReference, 0 refs, 0.0000321 secs]2019-02-01T03:22:21.714+0000: 804507.720: [WeakReference, 11 refs, 0.0000161 secs]2019-02-01T03:22:21.715+0000: 804507.720: [FinalReference, 630 refs, 0.0001973 secs]2019-02-01T03:22:21.715+0000: 804507.720: [PhantomReference, 0 refs, 0 refs, 0.0000143 secs]2019-02-01T03:22:21.715+0000: 804507.720: [JNI Weak Reference, 0.0000465 secs]
Desired survivor size 11534336 bytes, new threshold 1 (max 15)
[PSYoungGen: 93027K->2733K(88064K)] 734237K->645033K(778752K), 0.0094641 secs] [Times: user=0.09 sys=0.00, real=0.01 secs] 
2019-02-01T03:22:21.719+0000: 804507.725: Total time for which application threads were stopped: 0.0124594 seconds, Stopping threads took: 0.0000509 seconds
2019-02-01T03:22:26.296+0000: 804512.302: Application time: 4.5772306 seconds
2019-02-01T03:22:26.299+0000: 804512.305: [GC (Allocation Failure) 2019-02-01T03:22:26.304+0000: 804512.310: [SoftReference, 0 refs, 0.0000323 secs]2019-02-01T03:22:26.304+0000: 804512.310: [WeakReference, 9 refs, 0.0000155 secs]2019-02-01T03:22:26.304+0000: 804512.310: [FinalReference, 577 refs, 0.0002449 secs]2019-02-01T03:22:26.304+0000: 804512.310: [PhantomReference, 0 refs, 0 refs, 0.0000149 secs]2019-02-01T03:22:26.304+0000: 804512.310: [JNI Weak Reference, 0.0000227 secs]
Desired survivor size 11010048 bytes, new threshold 1 (max 15)
[PSYoungGen: 87725K->2640K(85504K)] 730025K->646091K(776192K), 0.0094644 secs] [Times: user=0.08 sys=0.00, real=0.01 secs] 
2019-02-01T03:22:26.309+0000: 804512.315: Total time for which application threads were stopped: 0.0125314 seconds, Stopping threads took: 0.0000507 seconds
2019-02-01T03:22:30.446+0000: 804516.452: Application time: 4.1376687 seconds
2019-02-01T03:22:30.449+0000: 804516.455: [GC (Allocation Failure) 2019-02-01T03:22:30.453+0000: 804516.459: [SoftReference, 0 refs, 0.0000325 secs]2019-02-01T03:22:30.453+0000: 804516.459: [WeakReference, 4 refs, 0.0000144 secs]2019-02-01T03:22:30.453+0000: 804516.459: [FinalReference, 622 refs, 0.0002680 secs]2019-02-01T03:22:30.453+0000: 804516.459: [PhantomReference, 0 refs, 0 refs, 0.0000146 secs]2019-02-01T03:22:30.453+0000: 804516.459: [JNI Weak Reference, 0.0000232 secs]
Desired survivor size 11010048 bytes, new threshold 1 (max 15)
[PSYoungGen: 85072K->1976K(82432K)] 728523K->646266K(773120K), 0.0079040 secs] [Times: user=0.09 sys=0.00, real=0.01 secs] 
2019-02-01T03:22:30.457+0000: 804516.463: Total time for which application threads were stopped: 0.0109272 seconds, Stopping threads took: 0.0000500 seconds
2019-02-01T03:22:33.986+0000: 804519.991: Application time: 3.5281036 seconds
2019-02-01T03:22:33.988+0000: 804519.994: [GC (Allocation Failure) 2019-02-01T03:22:33.993+0000: 804519.999: [SoftReference, 0 refs, 0.0000319 secs]2019-02-01T03:22:33.993+0000: 804519.999: [WeakReference, 5 refs, 0.0000143 secs]2019-02-01T03:22:33.993+0000: 804519.999: [FinalReference, 550 refs, 0.0001910 secs]2019-02-01T03:22:33.994+0000: 804519.999: [PhantomReference, 0 refs, 0 refs, 0.0000151 secs]2019-02-01T03:22:33.994+0000: 804519.999: [JNI Weak Reference, 0.0000226 secs]
Desired survivor size 10485760 bytes, new threshold 1 (max 15)
[PSYoungGen: 82360K->2084K(80896K)] 726650K->647374K(771584K), 0.0097831 secs] [Times: user=0.08 sys=0.01, real=0.01 secs] 
2019-02-01T03:22:33.998+0000: 804520.004: Total time for which application threads were stopped: 0.0127728 seconds, Stopping threads took: 0.0000465 seconds
2019-02-01T03:22:38.374+0000: 804524.380: Application time: 4.3761369 seconds
2019-02-01T03:22:38.377+0000: 804524.383: [GC (Allocation Failure) 2019-02-01T03:22:38.382+0000: 804524.388: [SoftReference, 0 refs, 0.0000319 secs]2019-02-01T03:22:38.382+0000: 804524.388: [WeakReference, 10 refs, 0.0000161 secs]2019-02-01T03:22:38.382+0000: 804524.388: [FinalReference, 521 refs, 0.0001701 secs]2019-02-01T03:22:38.383+0000: 804524.388: [PhantomReference, 0 refs, 0 refs, 0.0000147 secs]2019-02-01T03:22:38.383+0000: 804524.388: [JNI Weak Reference, 0.0000222 secs]
Desired survivor size 10485760 bytes, new threshold 1 (max 15)
[PSYoungGen: 80420K->2108K(78848K)] 725710K->648282K(769536K), 0.0090598 secs] [Times: user=0.09 sys=0.00, real=0.01 secs] 
2019-02-01T03:22:38.386+0000: 804524.392: Total time for which application threads were stopped: 0.0120502 seconds, Stopping threads took: 0.0000549 seconds
2019-02-01T03:22:42.856+0000: 804528.862: Application time: 4.4697666 seconds
2019-02-01T03:22:42.859+0000: 804528.865: [GC (Allocation Failure) 2019-02-01T03:22:42.864+0000: 804528.870: [SoftReference, 0 refs, 0.0000317 secs]2019-02-01T03:22:42.864+0000: 804528.870: [WeakReference, 40 refs, 0.0000224 secs]2019-02-01T03:22:42.864+0000: 804528.870: [FinalReference, 424 refs, 0.0002098 secs]2019-02-01T03:22:42.865+0000: 804528.870: [PhantomReference, 0 refs, 0 refs, 0.0000145 secs]2019-02-01T03:22:42.865+0000: 804528.870: [JNI Weak Reference, 0.0000277 secs]
Desired survivor size 9961472 bytes, new threshold 1 (max 15)
[PSYoungGen: 78396K->3681K(78336K)] 724570K->650931K(769024K), 0.0098023 secs] [Times: user=0.10 sys=0.01, real=0.01 secs] 
2019-02-01T03:22:42.869+0000: 804528.875: Total time for which application threads were stopped: 0.0128954 seconds, Stopping threads took: 0.0000493 seconds
2019-02-01T03:22:45.545+0000: 804531.550: Application time: 2.6753612 seconds
2019-02-01T03:22:45.548+0000: 804531.553: [GC (Allocation Failure) 2019-02-01T03:22:45.552+0000: 804531.558: [SoftReference, 0 refs, 0.0000192 secs]2019-02-01T03:22:45.552+0000: 804531.558: [WeakReference, 26 refs, 0.0000111 secs]2019-02-01T03:22:45.552+0000: 804531.558: [FinalReference, 559 refs, 0.0002065 secs]2019-02-01T03:22:45.553+0000: 804531.558: [PhantomReference, 0 refs, 0 refs, 0.0000086 secs]2019-02-01T03:22:45.553+0000: 804531.558: [JNI Weak Reference, 0.0000204 secs]
Desired survivor size 9437184 bytes, new threshold 1 (max 15)
[PSYoungGen: 77921K->2734K(75264K)] 725171K->651170K(765952K), 0.0080147 secs] [Times: user=0.09 sys=0.00, real=0.01 secs] 
2019-02-01T03:22:45.556+0000: 804531.561: Total time for which application threads were stopped: 0.0110431 seconds, Stopping threads took: 0.0000761 seconds
2019-02-01T03:22:48.028+0000: 804534.034: Application time: 2.4728338 seconds
2019-02-01T03:22:48.031+0000: 804534.037: [GC (Allocation Failure) 2019-02-01T03:22:48.036+0000: 804534.042: [SoftReference, 0 refs, 0.0000191 secs]2019-02-01T03:22:48.036+0000: 804534.042: [WeakReference, 11 refs, 0.0000090 secs]2019-02-01T03:22:48.036+0000: 804534.042: [FinalReference, 544 refs, 0.0001237 secs]2019-02-01T03:22:48.036+0000: 804534.042: [PhantomReference, 0 refs, 1 refs, 0.0000089 secs]2019-02-01T03:22:48.036+0000: 804534.042: [JNI Weak Reference, 0.0000199 secs]
Desired survivor size 8912896 bytes, new threshold 1 (max 15)
[PSYoungGen: 74926K->2623K(73216K)] 723362K->652017K(763904K), 0.0089820 secs] [Times: user=0.09 sys=0.01, real=0.01 secs] 
2019-02-01T03:22:48.040+0000: 804534.046: Total time for which application threads were stopped: 0.0119519 seconds, Stopping threads took: 0.0000513 seconds
2019-02-01T03:22:50.846+0000: 804536.852: Application time: 2.8054539 seconds
2019-02-01T03:22:50.849+0000: 804536.855: [GC (Allocation Failure) 2019-02-01T03:22:50.854+0000: 804536.859: [SoftReference, 0 refs, 0.0000319 secs]2019-02-01T03:22:50.854+0000: 804536.859: [WeakReference, 5 refs, 0.0000145 secs]2019-02-01T03:22:50.854+0000: 804536.859: [FinalReference, 524 refs, 0.0002423 secs]2019-02-01T03:22:50.854+0000: 804536.860: [PhantomReference, 0 refs, 0 refs, 0.0000152 secs]2019-02-01T03:22:50.854+0000: 804536.860: [JNI Weak Reference, 0.0000283 secs]
Desired survivor size 8912896 bytes, new threshold 1 (max 15)
[PSYoungGen: 72767K->1696K(70656K)] 722161K->652028K(761344K), 0.0097986 secs] [Times: user=0.08 sys=0.00, real=0.01 secs] 
2019-02-01T03:22:50.859+0000: 804536.864: Total time for which application threads were stopped: 0.0128331 seconds, Stopping threads took: 0.0000506 seconds
2019-02-01T03:22:53.123+0000: 804539.129: Application time: 2.2642553 seconds
2019-02-01T03:22:53.126+0000: 804539.132: Total time for which application threads were stopped: 0.0031456 seconds, Stopping threads took: 0.0000588 seconds
2019-02-01T03:22:53.126+0000: 804539.132: Application time: 0.0001286 seconds
2019-02-01T03:22:53.128+0000: 804539.134: [GC (GCLocker Initiated GC) 2019-02-01T03:22:53.139+0000: 804539.144: [SoftReference, 0 refs, 0.0000330 secs]2019-02-01T03:22:53.139+0000: 804539.144: [WeakReference, 9 refs, 0.0000162 secs]2019-02-01T03:22:53.139+0000: 804539.144: [FinalReference, 467 refs, 0.0002014 secs]2019-02-01T03:22:53.139+0000: 804539.145: [PhantomReference, 0 refs, 0 refs, 0.0000149 secs]2019-02-01T03:22:53.139+0000: 804539.145: [JNI Weak Reference, 0.0000285 secs]
Desired survivor size 8388608 bytes, new threshold 1 (max 15)
[PSYoungGen: 70304K->3632K(71168K)] 720645K->654867K(761856K), 0.0148182 secs] [Times: user=0.24 sys=0.01, real=0.01 secs] 
2019-02-01T03:22:53.143+0000: 804539.149: Total time for which application threads were stopped: 0.0170158 seconds, Stopping threads took: 0.0000254 seconds
2019-02-01T03:22:56.030+0000: 804542.036: Application time: 2.8872566 seconds
2019-02-01T03:22:56.033+0000: 804542.039: [GC (Allocation Failure) 2019-02-01T03:22:56.042+0000: 804542.047: [SoftReference, 0 refs, 0.0000319 secs]2019-02-01T03:22:56.042+0000: 804542.047: [WeakReference, 4 refs, 0.0000139 secs]2019-02-01T03:22:56.042+0000: 804542.047: [FinalReference, 448 refs, 0.0002394 secs]2019-02-01T03:22:56.042+0000: 804542.048: [PhantomReference, 0 refs, 0 refs, 0.0000147 secs]2019-02-01T03:22:56.042+0000: 804542.048: [JNI Weak Reference, 0.0000285 secs]
Desired survivor size 8388608 bytes, new threshold 1 (max 15)
[PSYoungGen: 70704K->2343K(68096K)] 721943K->654985K(758784K), 0.0134937 secs] [Times: user=0.20 sys=0.00, real=0.02 secs] 
2019-02-01T03:22:56.047+0000: 804542.053: Total time for which application threads were stopped: 0.0164942 seconds, Stopping threads took: 0.0000478 seconds
2019-02-01T03:22:57.976+0000: 804543.982: Application time: 1.9289109 seconds
2019-02-01T03:22:57.979+0000: 804543.985: Total time for which application threads were stopped: 0.0030833 seconds, Stopping threads took: 0.0000853 seconds
2019-02-01T03:22:57.979+0000: 804543.985: Application time: 0.0000910 seconds
2019-02-01T03:22:57.981+0000: 804543.987: Total time for which application threads were stopped: 0.0019367 seconds, Stopping threads took: 0.0000647 seconds
2019-02-01T03:22:58.682+0000: 804544.688: Application time: 0.7011200 seconds
2019-02-01T03:22:58.685+0000: 804544.691: Total time for which application threads were stopped: 0.0029805 seconds, Stopping threads took: 0.0000560 seconds
2019-02-01T03:22:58.685+0000: 804544.691: Application time: 0.0000849 seconds
2019-02-01T03:22:58.687+0000: 804544.693: Total time for which application threads were stopped: 0.0018853 seconds, Stopping threads took: 0.0000354 seconds
2019-02-01T03:22:58.730+0000: 804544.736: Application time: 0.0427370 seconds
2019-02-01T03:22:58.732+0000: 804544.737: [GC (Allocation Failure) 2019-02-01T03:22:58.741+0000: 804544.747: [SoftReference, 0 refs, 0.0000324 secs]2019-02-01T03:22:58.741+0000: 804544.747: [WeakReference, 14 refs, 0.0000171 secs]2019-02-01T03:22:58.741+0000: 804544.747: [FinalReference, 424 refs, 0.0001578 secs]2019-02-01T03:22:58.741+0000: 804544.747: [PhantomReference, 0 refs, 0 refs, 0.0000147 secs]2019-02-01T03:22:58.741+0000: 804544.747: [JNI Weak Reference, 0.0000289 secs]
Desired survivor size 7864320 bytes, new threshold 1 (max 15)
[PSYoungGen: 67874K->2511K(66560K)] 720516K->656314K(757248K), 0.0148949 secs] [Times: user=0.22 sys=0.00, real=0.02 secs] 
2019-02-01T03:22:58.747+0000: 804544.752: Total time for which application threads were stopped: 0.0168509 seconds, Stopping threads took: 0.0000389 seconds
2019-02-01T03:22:59.088+0000: 804545.094: Application time: 0.3415917 seconds
2019-02-01T03:22:59.091+0000: 804545.097: Total time for which application threads were stopped: 0.0026659 seconds, Stopping threads took: 0.0000415 seconds
2019-02-01T03:22:59.091+0000: 804545.097: Application time: 0.0000928 seconds
2019-02-01T03:22:59.093+0000: 804545.098: Total time for which application threads were stopped: 0.0016242 seconds, Stopping threads took: 0.0000295 seconds
2019-02-01T03:22:59.398+0000: 804545.404: Application time: 0.3052604 seconds
2019-02-01T03:22:59.401+0000: 804545.406: Total time for which application threads were stopped: 0.0026046 seconds, Stopping threads took: 0.0000417 seconds
2019-02-01T03:23:00.895+0000: 804546.901: Application time: 1.4946245 seconds
2019-02-01T03:23:00.898+0000: 804546.904: Total time for which application threads were stopped: 0.0030840 seconds, Stopping threads took: 0.0000568 seconds
2019-02-01T03:23:00.898+0000: 804546.904: Application time: 0.0000742 seconds
2019-02-01T03:23:00.900+0000: 804546.906: Total time for which application threads were stopped: 0.0019722 seconds, Stopping threads took: 0.0000796 seconds
2019-02-01T03:23:01.132+0000: 804547.138: Application time: 0.2320881 seconds
2019-02-01T03:23:01.135+0000: 804547.141: [GC (Allocation Failure) 2019-02-01T03:23:01.140+0000: 804547.146: [SoftReference, 0 refs, 0.0000320 secs]2019-02-01T03:23:01.140+0000: 804547.146: [WeakReference, 10 refs, 0.0000168 secs]2019-02-01T03:23:01.140+0000: 804547.146: [FinalReference, 446 refs, 0.0002223 secs]2019-02-01T03:23:01.140+0000: 804547.146: [PhantomReference, 0 refs, 0 refs, 0.0000145 secs]2019-02-01T03:23:01.140+0000: 804547.146: [JNI Weak Reference, 0.0000278 secs]
Desired survivor size 7340032 bytes, new threshold 1 (max 15)
[PSYoungGen: 66511K->2587K(65536K)] 720314K->657250K(756224K), 0.0097752 secs] [Times: user=0.09 sys=0.00, real=0.01 secs] 
2019-02-01T03:23:01.145+0000: 804547.151: Total time for which application threads were stopped: 0.0128552 seconds, Stopping threads took: 0.0000498 seconds
2019-02-01T03:23:01.906+0000: 804547.912: Application time: 0.7607577 seconds
2019-02-01T03:23:01.909+0000: 804547.915: Total time for which application threads were stopped: 0.0030353 seconds, Stopping threads took: 0.0000467 seconds
2019-02-01T03:23:02.003+0000: 804548.009: Application time: 0.0939480 seconds
2019-02-01T03:23:02.006+0000: 804548.012: Total time for which application threads were stopped: 0.0030796 seconds, Stopping threads took: 0.0000505 seconds
2019-02-01T03:23:02.006+0000: 804548.012: Application time: 0.0000520 seconds
2019-02-01T03:23:02.008+0000: 804548.014: Total time for which application threads were stopped: 0.0019185 seconds, Stopping threads took: 0.0000358 seconds
2019-02-01T03:23:02.959+0000: 804548.965: Application time: 0.9514356 seconds
2019-02-01T03:23:02.962+0000: 804548.968: [GC (Allocation Failure) 2019-02-01T03:23:02.973+0000: 804548.979: [SoftReference, 0 refs, 0.0000190 secs]2019-02-01T03:23:02.973+0000: 804548.979: [WeakReference, 7 refs, 0.0000089 secs]2019-02-01T03:23:02.973+0000: 804548.979: [FinalReference, 526 refs, 0.0001126 secs]2019-02-01T03:23:02.974+0000: 804548.979: [PhantomReference, 0 refs, 0 refs, 0.0000083 secs]2019-02-01T03:23:02.974+0000: 804548.979: [JNI Weak Reference, 0.0000142 secs]
Desired survivor size 7340032 bytes, new threshold 1 (max 15)
[PSYoungGen: 65051K->1963K(62976K)] 719714K->657554K(753664K), 0.0145418 secs] [Times: user=0.24 sys=0.00, real=0.02 secs] 
2019-02-01T03:23:02.977+0000: 804548.983: Total time for which application threads were stopped: 0.0172693 seconds, Stopping threads took: 0.0000460 seconds
2019-02-01T03:23:06.055+0000: 804552.061: Application time: 3.0781078 seconds
2019-02-01T03:23:06.058+0000: 804552.064: [GC (Allocation Failure) 2019-02-01T03:23:06.064+0000: 804552.070: [SoftReference, 0 refs, 0.0000193 secs]2019-02-01T03:23:06.064+0000: 804552.070: [WeakReference, 9 refs, 0.0000097 secs]2019-02-01T03:23:06.064+0000: 804552.070: [FinalReference, 405 refs, 0.0001431 secs]2019-02-01T03:23:06.064+0000: 804552.070: [PhantomReference, 0 refs, 0 refs, 0.0000083 secs]2019-02-01T03:23:06.064+0000: 804552.070: [JNI Weak Reference, 0.0000151 secs]
Desired survivor size 6815744 bytes, new threshold 1 (max 15)
[PSYoungGen: 62877K->2539K(61952K)] 718469K->658671K(752640K), 0.0090208 secs] [Times: user=0.14 sys=0.00, real=0.00 secs] 
2019-02-01T03:23:06.067+0000: 804552.073: Total time for which application threads were stopped: 0.0120664 seconds, Stopping threads took: 0.0000509 seconds
2019-02-01T03:23:06.315+0000: 804552.321: Application time: 0.2478397 seconds
2019-02-01T03:23:06.318+0000: 804552.324: Total time for which application threads were stopped: 0.0030494 seconds, Stopping threads took: 0.0000502 seconds
2019-02-01T03:23:06.318+0000: 804552.324: Application time: 0.0000925 seconds
2019-02-01T03:23:06.320+0000: 804552.326: Total time for which application threads were stopped: 0.0019714 seconds, Stopping threads took: 0.0000617 seconds
2019-02-01T03:23:06.420+0000: 804552.426: Application time: 0.1001202 seconds
2019-02-01T03:23:06.422+0000: 804552.428: Total time for which application threads were stopped: 0.0021117 seconds, Stopping threads took: 0.0000347 seconds
2019-02-01T03:23:06.422+0000: 804552.428: Application time: 0.0000878 seconds
2019-02-01T03:23:06.424+0000: 804552.430: Total time for which application threads were stopped: 0.0018199 seconds, Stopping threads took: 0.0000737 seconds
2019-02-01T03:23:06.925+0000: 804552.931: Application time: 0.5012838 seconds
2019-02-01T03:23:06.928+0000: 804552.934: Total time for which application threads were stopped: 0.0028908 seconds, Stopping threads took: 0.0000911 seconds
2019-02-01T03:23:08.003+0000: 804554.009: Application time: 1.0749199 seconds
2019-02-01T03:23:08.006+0000: 804554.012: [GC (Allocation Failure) 2019-02-01T03:23:08.010+0000: 804554.015: [SoftReference, 0 refs, 0.0000294 secs]2019-02-01T03:23:08.010+0000: 804554.015: [WeakReference, 26 refs, 0.0000257 secs]2019-02-01T03:23:08.010+0000: 804554.015: [FinalReference, 458 refs, 0.0002010 secs]2019-02-01T03:23:08.010+0000: 804554.016: [PhantomReference, 0 refs, 0 refs, 0.0000151 secs]2019-02-01T03:23:08.010+0000: 804554.016: [JNI Weak Reference, 0.0000230 secs]
Desired survivor size 6815744 bytes, new threshold 1 (max 15)
[PSYoungGen: 61931K->4041K(61952K)] 718063K->661204K(752640K), 0.0077387 secs] [Times: user=0.07 sys=0.00, real=0.01 secs] 
2019-02-01T03:23:08.014+0000: 804554.020: Total time for which application threads were stopped: 0.0107507 seconds, Stopping threads took: 0.0000514 seconds
2019-02-01T03:23:10.099+0000: 804556.105: Application time: 2.0848794 seconds
2019-02-01T03:23:10.102+0000: 804556.108: [GC (Allocation Failure) 2019-02-01T03:23:10.110+0000: 804556.116: [SoftReference, 0 refs, 0.0000194 secs]2019-02-01T03:23:10.110+0000: 804556.116: [WeakReference, 8 refs, 0.0000102 secs]2019-02-01T03:23:10.110+0000: 804556.116: [FinalReference, 409 refs, 0.0001561 secs]2019-02-01T03:23:10.110+0000: 804556.116: [PhantomReference, 0 refs, 0 refs, 0.0000085 secs]2019-02-01T03:23:10.110+0000: 804556.116: [JNI Weak Reference, 0.0000149 secs]
Desired survivor size 6815744 bytes, new threshold 1 (max 15)
[PSYoungGen: 61897K->3211K(60416K)] 719060K->661496K(751104K), 0.0126806 secs] [Times: user=0.19 sys=0.00, real=0.01 secs] 
2019-02-01T03:23:10.115+0000: 804556.120: Total time for which application threads were stopped: 0.0157553 seconds, Stopping threads took: 0.0000643 seconds
2019-02-01T03:23:10.732+0000: 804556.738: Application time: 0.6176663 seconds
2019-02-01T03:23:10.735+0000: 804556.741: Total time for which application threads were stopped: 0.0030698 seconds, Stopping threads took: 0.0000608 seconds
2019-02-01T03:23:10.735+0000: 804556.741: Application time: 0.0000495 seconds
2019-02-01T03:23:10.737+0000: 804556.743: Total time for which application threads were stopped: 0.0019921 seconds, Stopping threads took: 0.0000684 seconds
2019-02-01T03:23:11.840+0000: 804557.845: Application time: 1.1022167 seconds
2019-02-01T03:23:11.842+0000: 804557.848: Total time for which application threads were stopped: 0.0027954 seconds, Stopping threads took: 0.0000579 seconds
2019-02-01T03:23:11.842+0000: 804557.848: Application time: 0.0000872 seconds
2019-02-01T03:23:11.844+0000: 804557.850: Total time for which application threads were stopped: 0.0014384 seconds, Stopping threads took: 0.0000286 seconds
2019-02-01T03:23:11.883+0000: 804557.889: Application time: 0.0395209 seconds
2019-02-01T03:23:11.885+0000: 804557.891: [GC (Allocation Failure) 2019-02-01T03:23:11.891+0000: 804557.897: [SoftReference, 0 refs, 0.0000329 secs]2019-02-01T03:23:11.891+0000: 804557.897: [WeakReference, 16 refs, 0.0000171 secs]2019-02-01T03:23:11.891+0000: 804557.897: [FinalReference, 463 refs, 0.0001556 secs]2019-02-01T03:23:11.891+0000: 804557.897: [PhantomReference, 0 refs, 0 refs, 0.0000145 secs]2019-02-01T03:23:11.891+0000: 804557.897: [JNI Weak Reference, 0.0000231 secs]
Desired survivor size 6291456 bytes, new threshold 1 (max 15)
[PSYoungGen: 60043K->2859K(58880K)] 718328K->662650K(749568K), 0.0098602 secs] [Times: user=0.08 sys=0.01, real=0.01 secs] 
2019-02-01T03:23:11.895+0000: 804557.901: Total time for which application threads were stopped: 0.0118823 seconds, Stopping threads took: 0.0001145 seconds
2019-02-01T03:23:12.844+0000: 804558.850: Application time: 0.9490020 seconds
2019-02-01T03:23:12.849+0000: 804558.855: Total time for which application threads were stopped: 0.0049132 seconds, Stopping threads took: 0.0000595 seconds
2019-02-01T03:23:12.849+0000: 804558.855: Application time: 0.0000923 seconds
2019-02-01T03:23:12.851+0000: 804558.857: Total time for which application threads were stopped: 0.0020132 seconds, Stopping threads took: 0.0000716 seconds
2019-02-01T03:23:13.102+0000: 804559.108: Application time: 0.2506151 seconds
2019-02-01T03:23:13.105+0000: 804559.110: Total time for which application threads were stopped: 0.0026678 seconds, Stopping threads took: 0.0000731 seconds
2019-02-01T03:23:13.210+0000: 804559.216: Application time: 0.1058275 seconds
2019-02-01T03:23:13.213+0000: 804559.219: Total time for which application threads were stopped: 0.0022946 seconds, Stopping threads took: 0.0000366 seconds
2019-02-01T03:23:13.992+0000: 804559.998: Application time: 0.7790256 seconds
2019-02-01T03:23:13.995+0000: 804560.001: [GC (Allocation Failure) 2019-02-01T03:23:14.003+0000: 804560.009: [SoftReference, 0 refs, 0.0000322 secs]2019-02-01T03:23:14.003+0000: 804560.009: [WeakReference, 14 refs, 0.0000172 secs]2019-02-01T03:23:14.003+0000: 804560.009: [FinalReference, 342 refs, 0.0001489 secs]2019-02-01T03:23:14.003+0000: 804560.009: [PhantomReference, 0 refs, 0 refs, 0.0000145 secs]2019-02-01T03:23:14.003+0000: 804560.009: [JNI Weak Reference, 0.0000220 secs]
Desired survivor size 6291456 bytes, new threshold 1 (max 15)
[PSYoungGen: 58667K->3094K(58368K)] 718458K->663901K(749056K), 0.0121436 secs] [Times: user=0.19 sys=0.01, real=0.01 secs] 
2019-02-01T03:23:14.007+0000: 804560.013: Total time for which application threads were stopped: 0.0152537 seconds, Stopping threads took: 0.0000547 seconds
2019-02-01T03:23:15.256+0000: 804561.262: Application time: 1.2493436 seconds
2019-02-01T03:23:15.260+0000: 804561.265: Total time for which application threads were stopped: 0.0031037 seconds, Stopping threads took: 0.0000619 seconds
2019-02-01T03:23:15.716+0000: 804561.722: Application time: 0.4565680 seconds
2019-02-01T03:23:15.719+0000: 804561.725: Total time for which application threads were stopped: 0.0029093 seconds, Stopping threads took: 0.0000385 seconds
2019-02-01T03:23:16.204+0000: 804562.209: Application time: 0.4847003 seconds
2019-02-01T03:23:16.207+0000: 804562.212: [GC (Allocation Failure) 2019-02-01T03:23:16.211+0000: 804562.216: [SoftReference, 0 refs, 0.0000357 secs]2019-02-01T03:23:16.211+0000: 804562.216: [WeakReference, 22 refs, 0.0000220 secs]2019-02-01T03:23:16.211+0000: 804562.216: [FinalReference, 436 refs, 0.0001783 secs]2019-02-01T03:23:16.211+0000: 804562.217: [PhantomReference, 0 refs, 0 refs, 0.0000150 secs]2019-02-01T03:23:16.211+0000: 804562.217: [JNI Weak Reference, 0.0000221 secs]
Desired survivor size 6291456 bytes, new threshold 1 (max 15)
[PSYoungGen: 57878K->4359K(58368K)] 718685K->666216K(749056K), 0.0078324 secs] [Times: user=0.08 sys=0.00, real=0.01 secs] 
2019-02-01T03:23:16.215+0000: 804562.220: Total time for which application threads were stopped: 0.0109003 seconds, Stopping threads took: 0.0000704 seconds
2019-02-01T03:23:18.208+0000: 804564.213: Application time: 1.9930287 seconds
2019-02-01T03:23:18.211+0000: 804564.216: [GC (Allocation Failure) 2019-02-01T03:23:18.216+0000: 804564.222: [SoftReference, 0 refs, 0.0000322 secs]2019-02-01T03:23:18.216+0000: 804564.222: [WeakReference, 9 refs, 0.0000154 secs]2019-02-01T03:23:18.216+0000: 804564.222: [FinalReference, 384 refs, 0.0001570 secs]2019-02-01T03:23:18.216+0000: 804564.222: [PhantomReference, 0 refs, 0 refs, 0.0000145 secs]2019-02-01T03:23:18.216+0000: 804564.222: [JNI Weak Reference, 0.0000276 secs]
Desired survivor size 6291456 bytes, new threshold 1 (max 15)
[PSYoungGen: 58119K->3296K(56320K)] 719976K->666361K(747008K), 0.0099369 secs] [Times: user=0.14 sys=0.00, real=0.01 secs] 
2019-02-01T03:23:18.221+0000: 804564.226: Total time for which application threads were stopped: 0.0129666 seconds, Stopping threads took: 0.0000484 seconds
2019-02-01T03:23:20.154+0000: 804566.159: Application time: 1.9329282 seconds
2019-02-01T03:23:20.156+0000: 804566.162: [GC (Allocation Failure) 2019-02-01T03:23:20.166+0000: 804566.172: [SoftReference, 0 refs, 0.0000324 secs]2019-02-01T03:23:20.166+0000: 804566.172: [WeakReference, 9 refs, 0.0000159 secs]2019-02-01T03:23:20.166+0000: 804566.172: [FinalReference, 339 refs, 0.0001562 secs]2019-02-01T03:23:20.166+0000: 804566.172: [PhantomReference, 0 refs, 0 refs, 0.0000142 secs]2019-02-01T03:23:20.166+0000: 804566.172: [JNI Weak Reference, 0.0000228 secs]
Desired survivor size 5767168 bytes, new threshold 1 (max 15)
[PSYoungGen: 56032K->3391K(55296K)] 719097K->667551K(745984K), 0.0132930 secs] [Times: user=0.24 sys=0.00, real=0.02 secs] 
2019-02-01T03:23:20.170+0000: 804566.176: Total time for which application threads were stopped: 0.0163235 seconds, Stopping threads took: 0.0000472 seconds
2019-02-01T03:23:22.168+0000: 804568.174: Application time: 1.9982369 seconds
2019-02-01T03:23:22.171+0000: 804568.177: [GC (Allocation Failure) 2019-02-01T03:23:22.176+0000: 804568.181: [SoftReference, 0 refs, 0.0000193 secs]2019-02-01T03:23:22.176+0000: 804568.181: [WeakReference, 15 refs, 0.0000106 secs]2019-02-01T03:23:22.176+0000: 804568.181: [FinalReference, 316 refs, 0.0001192 secs]2019-02-01T03:23:22.176+0000: 804568.182: [PhantomReference, 0 refs, 0 refs, 0.0000082 secs]2019-02-01T03:23:22.176+0000: 804568.182: [JNI Weak Reference, 0.0000153 secs]
Desired survivor size 5767168 bytes, new threshold 1 (max 15)
[PSYoungGen: 55103K->3436K(54272K)] 719263K->668527K(744960K), 0.0074552 secs] [Times: user=0.07 sys=0.00, real=0.00 secs] 
2019-02-01T03:23:22.179+0000: 804568.184: Total time for which application threads were stopped: 0.0105237 seconds, Stopping threads took: 0.0000602 seconds
2019-02-01T03:23:23.569+0000: 804569.574: Application time: 1.3900242 seconds
2019-02-01T03:23:23.572+0000: 804569.577: [GC (Allocation Failure) 2019-02-01T03:23:23.577+0000: 804569.583: [SoftReference, 0 refs, 0.0000207 secs]2019-02-01T03:23:23.577+0000: 804569.583: [WeakReference, 21 refs, 0.0000116 secs]2019-02-01T03:23:23.577+0000: 804569.583: [FinalReference, 402 refs, 0.0000923 secs]2019-02-01T03:23:23.577+0000: 804569.583: [PhantomReference, 0 refs, 0 refs, 0.0000084 secs]2019-02-01T03:23:23.577+0000: 804569.583: [JNI Weak Reference, 0.0000152 secs]
Desired survivor size 5767168 bytes, new threshold 1 (max 15)
[PSYoungGen: 54124K->2907K(52736K)] 719215K->668938K(743424K), 0.0081332 secs] [Times: user=0.09 sys=0.00, real=0.01 secs] 
2019-02-01T03:23:23.580+0000: 804569.586: Total time for which application threads were stopped: 0.0111525 seconds, Stopping threads took: 0.0001068 seconds
2019-02-01T03:23:25.184+0000: 804571.190: Application time: 1.6044137 seconds
2019-02-01T03:23:25.187+0000: 804571.193: Total time for which application threads were stopped: 0.0030184 seconds, Stopping threads took: 0.0000621 seconds
2019-02-01T03:23:25.187+0000: 804571.193: Application time: 0.0002026 seconds
2019-02-01T03:23:25.190+0000: 804571.195: [GC (GCLocker Initiated GC) 2019-02-01T03:23:25.194+0000: 804571.200: [SoftReference, 0 refs, 0.0000325 secs]2019-02-01T03:23:25.194+0000: 804571.200: [WeakReference, 23 refs, 0.0000188 secs]2019-02-01T03:23:25.194+0000: 804571.200: [FinalReference, 358 refs, 0.0001891 secs]2019-02-01T03:23:25.194+0000: 804571.200: [PhantomReference, 0 refs, 0 refs, 0.0000148 secs]2019-02-01T03:23:25.194+0000: 804571.200: [JNI Weak Reference, 0.0000223 secs]
Desired survivor size 5242880 bytes, new threshold 1 (max 15)
[PSYoungGen: 52571K->2642K(51712K)] 718610K->670008K(742400K), 0.0086407 secs] [Times: user=0.09 sys=0.00, real=0.01 secs] 
2019-02-01T03:23:25.198+0000: 804571.204: Total time for which application threads were stopped: 0.0107872 seconds, Stopping threads took: 0.0000893 seconds
2019-02-01T03:23:27.700+0000: 804573.706: Application time: 2.5018572 seconds
2019-02-01T03:23:27.703+0000: 804573.709: [GC (Allocation Failure) 2019-02-01T03:23:27.708+0000: 804573.713: [SoftReference, 0 refs, 0.0000325 secs]2019-02-01T03:23:27.708+0000: 804573.713: [WeakReference, 31 refs, 0.0000213 secs]2019-02-01T03:23:27.708+0000: 804573.713: [FinalReference, 357 refs, 0.0001369 secs]2019-02-01T03:23:27.708+0000: 804573.714: [PhantomReference, 0 refs, 0 refs, 0.0000157 secs]2019-02-01T03:23:27.708+0000: 804573.714: [JNI Weak Reference, 0.0000283 secs]
Desired survivor size 5242880 bytes, new threshold 1 (max 15)
[PSYoungGen: 51282K->2187K(50176K)] 718649K->670449K(740864K), 0.0085022 secs] [Times: user=0.07 sys=0.01, real=0.01 secs] 
2019-02-01T03:23:27.712+0000: 804573.717: Total time for which application threads were stopped: 0.0115942 seconds, Stopping threads took: 0.0000507 seconds
2019-02-01T03:23:29.696+0000: 804575.702: Application time: 1.9846148 seconds
2019-02-01T03:23:29.699+0000: 804575.705: [GC (Allocation Failure) 2019-02-01T03:23:29.708+0000: 804575.714: [SoftReference, 0 refs, 0.0000322 secs]2019-02-01T03:23:29.708+0000: 804575.714: [WeakReference, 30 refs, 0.0000216 secs]2019-02-01T03:23:29.708+0000: 804575.714: [FinalReference, 347 refs, 0.0001848 secs]2019-02-01T03:23:29.708+0000: 804575.714: [PhantomReference, 0 refs, 0 refs, 0.0000145 secs]2019-02-01T03:23:29.708+0000: 804575.714: [JNI Weak Reference, 0.0000281 secs]
Desired survivor size 5242880 bytes, new threshold 1 (max 15)
[PSYoungGen: 49803K->2001K(48640K)] 718065K->671468K(739328K), 0.0124611 secs] [Times: user=0.21 sys=0.00, real=0.02 secs] 
2019-02-01T03:23:29.712+0000: 804575.718: Total time for which application threads were stopped: 0.0154511 seconds, Stopping threads took: 0.0000500 seconds
2019-02-01T03:23:31.534+0000: 804577.540: Application time: 1.8226722 seconds
2019-02-01T03:23:31.537+0000: 804577.543: [GC (Allocation Failure) 2019-02-01T03:23:31.541+0000: 804577.547: [SoftReference, 0 refs, 0.0000321 secs]2019-02-01T03:23:31.541+0000: 804577.547: [WeakReference, 4 refs, 0.0000146 secs]2019-02-01T03:23:31.542+0000: 804577.547: [FinalReference, 358 refs, 0.0001823 secs]2019-02-01T03:23:31.542+0000: 804577.547: [PhantomReference, 0 refs, 0 refs, 0.0000086 secs]2019-02-01T03:23:31.542+0000: 804577.547: [JNI Weak Reference, 0.0000151 secs]
Desired survivor size 5242880 bytes, new threshold 1 (max 15)
[PSYoungGen: 48590K->1666K(47616K)] 718057K->672334K(738304K), 0.0069931 secs] [Times: user=0.09 sys=0.00, real=0.01 secs] 
2019-02-01T03:23:31.544+0000: 804577.550: Total time for which application threads were stopped: 0.0100078 seconds, Stopping threads took: 0.0000570 seconds
2019-02-01T03:23:33.688+0000: 804579.693: Application time: 2.1430429 seconds
2019-02-01T03:23:33.691+0000: 804579.696: [GC (Allocation Failure) 2019-02-01T03:23:33.695+0000: 804579.701: [SoftReference, 0 refs, 0.0000321 secs]2019-02-01T03:23:33.695+0000: 804579.701: [WeakReference, 4 refs, 0.0000215 secs]2019-02-01T03:23:33.695+0000: 804579.701: [FinalReference, 340 refs, 0.0001226 secs]2019-02-01T03:23:33.696+0000: 804579.701: [PhantomReference, 0 refs, 0 refs, 0.0000145 secs]2019-02-01T03:23:33.696+0000: 804579.701: [JNI Weak Reference, 0.0000224 secs]
Desired survivor size 5242880 bytes, new threshold 1 (max 15)
[PSYoungGen: 47234K->2129K(47104K)] 717902K->673742K(737792K), 0.0087859 secs] [Times: user=0.10 sys=0.01, real=0.01 secs] 
2019-02-01T03:23:33.699+0000: 804579.705: Total time for which application threads were stopped: 0.0119246 seconds, Stopping threads took: 0.0000593 seconds
2019-02-01T03:23:33.822+0000: 804579.827: Application time: 0.1221187 seconds
2019-02-01T03:23:33.824+0000: 804579.830: Total time for which application threads were stopped: 0.0027816 seconds, Stopping threads took: 0.0000365 seconds
2019-02-01T03:23:33.824+0000: 804579.830: Application time: 0.0000826 seconds
2019-02-01T03:23:33.826+0000: 804579.832: Total time for which application threads were stopped: 0.0018729 seconds, Stopping threads took: 0.0000240 seconds
2019-02-01T03:23:34.077+0000: 804580.083: Application time: 0.2509702 seconds
2019-02-01T03:23:34.080+0000: 804580.085: Total time for which application threads were stopped: 0.0024164 seconds, Stopping threads took: 0.0001651 seconds
2019-02-01T03:23:35.721+0000: 804581.727: Application time: 1.6410824 seconds
2019-02-01T03:23:35.724+0000: 804581.730: [GC (Allocation Failure) 2019-02-01T03:23:35.728+0000: 804581.734: [SoftReference, 0 refs, 0.0000319 secs]2019-02-01T03:23:35.728+0000: 804581.734: [WeakReference, 10 refs, 0.0000161 secs]2019-02-01T03:23:35.728+0000: 804581.734: [FinalReference, 289 refs, 0.0001366 secs]2019-02-01T03:23:35.728+0000: 804581.734: [PhantomReference, 0 refs, 0 refs, 0.0000148 secs]2019-02-01T03:23:35.728+0000: 804581.734: [JNI Weak Reference, 0.0000279 secs]
Desired survivor size 5242880 bytes, new threshold 1 (max 15)
[PSYoungGen: 46673K->2021K(46080K)] 718286K->674834K(736768K), 0.0086758 secs] [Times: user=0.09 sys=0.00, real=0.01 secs] 
2019-02-01T03:23:35.733+0000: 804581.738: Total time for which application threads were stopped: 0.0117657 seconds, Stopping threads took: 0.0000530 seconds
2019-02-01T03:23:37.615+0000: 804583.621: Application time: 1.8824935 seconds
2019-02-01T03:23:37.618+0000: 804583.624: [GC (Allocation Failure) 2019-02-01T03:23:37.623+0000: 804583.628: [SoftReference, 0 refs, 0.0000361 secs]2019-02-01T03:23:37.623+0000: 804583.628: [WeakReference, 10 refs, 0.0000169 secs]2019-02-01T03:23:37.623+0000: 804583.628: [FinalReference, 321 refs, 0.0001677 secs]2019-02-01T03:23:37.623+0000: 804583.629: [PhantomReference, 0 refs, 0 refs, 0.0000151 secs]2019-02-01T03:23:37.623+0000: 804583.629: [JNI Weak Reference, 0.0000232 secs]
Desired survivor size 5242880 bytes, new threshold 1 (max 15)
[PSYoungGen: 46053K->3069K(46592K)] 718866K->676641K(737280K), 0.0085649 secs] [Times: user=0.08 sys=0.00, real=0.01 secs] 
2019-02-01T03:23:37.627+0000: 804583.632: Total time for which application threads were stopped: 0.0115740 seconds, Stopping threads took: 0.0000473 seconds
2019-02-01T03:23:39.206+0000: 804585.212: Application time: 1.5795999 seconds
2019-02-01T03:23:39.209+0000: 804585.215: [GC (Allocation Failure) 2019-02-01T03:23:39.213+0000: 804585.219: [SoftReference, 0 refs, 0.0000393 secs]2019-02-01T03:23:39.213+0000: 804585.219: [WeakReference, 10 refs, 0.0000169 secs]2019-02-01T03:23:39.213+0000: 804585.219: [FinalReference, 324 refs, 0.0001697 secs]2019-02-01T03:23:39.213+0000: 804585.219: [PhantomReference, 0 refs, 0 refs, 0.0000216 secs]2019-02-01T03:23:39.213+0000: 804585.219: [JNI Weak Reference, 0.0000227 secs]
Desired survivor size 5242880 bytes, new threshold 1 (max 15)
[PSYoungGen: 46589K->4022K(47104K)] 720161K->678810K(737792K), 0.0064407 secs] [Times: user=0.07 sys=0.00, real=0.01 secs] 
2019-02-01T03:23:39.216+0000: 804585.222: Total time for which application threads were stopped: 0.0095020 seconds, Stopping threads took: 0.0000810 seconds
2019-02-01T03:23:41.374+0000: 804587.379: Application time: 2.1577989 seconds
2019-02-01T03:23:41.377+0000: 804587.382: [GC (Allocation Failure) 2019-02-01T03:23:41.380+0000: 804587.386: [SoftReference, 0 refs, 0.0000324 secs]2019-02-01T03:23:41.380+0000: 804587.386: [WeakReference, 6 refs, 0.0000147 secs]2019-02-01T03:23:41.380+0000: 804587.386: [FinalReference, 254 refs, 0.0000878 secs]2019-02-01T03:23:41.380+0000: 804587.386: [PhantomReference, 0 refs, 0 refs, 0.0000142 secs]2019-02-01T03:23:41.380+0000: 804587.386: [JNI Weak Reference, 0.0000222 secs]
Desired survivor size 5242880 bytes, new threshold 1 (max 15)
[PSYoungGen: 47023K->1822K(44544K)] 721810K->677213K(735232K), 0.0079204 secs] [Times: user=0.07 sys=0.00, real=0.01 secs] 
2019-02-01T03:23:41.385+0000: 804587.390: Total time for which application threads were stopped: 0.0109655 seconds, Stopping threads took: 0.0000446 seconds
2019-02-01T03:23:42.705+0000: 804588.710: Application time: 1.3201887 seconds
2019-02-01T03:23:42.708+0000: 804588.713: [GC (Allocation Failure) 2019-02-01T03:23:42.711+0000: 804588.717: [SoftReference, 0 refs, 0.0000363 secs]2019-02-01T03:23:42.711+0000: 804588.717: [WeakReference, 11 refs, 0.0000169 secs]2019-02-01T03:23:42.711+0000: 804588.717: [FinalReference, 320 refs, 0.0001447 secs]2019-02-01T03:23:42.712+0000: 804588.717: [PhantomReference, 0 refs, 0 refs, 0.0000145 secs]2019-02-01T03:23:42.712+0000: 804588.717: [JNI Weak Reference, 0.0000222 secs]
Desired survivor size 5242880 bytes, new threshold 1 (max 15)
[PSYoungGen: 44318K->1873K(44032K)] 719709K->677908K(734720K), 0.0077915 secs] [Times: user=0.08 sys=0.00, real=0.01 secs] 
2019-02-01T03:23:42.716+0000: 804588.721: Total time for which application threads were stopped: 0.0108442 seconds, Stopping threads took: 0.0000753 seconds
2019-02-01T03:23:44.852+0000: 804590.857: Application time: 2.1360648 seconds
2019-02-01T03:23:44.855+0000: 804590.860: [GC (Allocation Failure) 2019-02-01T03:23:44.859+0000: 804590.865: [SoftReference, 0 refs, 0.0000410 secs]2019-02-01T03:23:44.859+0000: 804590.865: [WeakReference, 9 refs, 0.0000160 secs]2019-02-01T03:23:44.859+0000: 804590.865: [FinalReference, 268 refs, 0.0001272 secs]2019-02-01T03:23:44.860+0000: 804590.865: [PhantomReference, 0 refs, 0 refs, 0.0000146 secs]2019-02-01T03:23:44.860+0000: 804590.865: [JNI Weak Reference, 0.0000227 secs]
Desired survivor size 5242880 bytes, new threshold 1 (max 15)
[PSYoungGen: 43854K->2702K(44544K)] 719888K->679258K(735232K), 0.0087392 secs] [Times: user=0.08 sys=0.01, real=0.01 secs] 
2019-02-01T03:23:44.863+0000: 804590.869: Total time for which application threads were stopped: 0.0118680 seconds, Stopping threads took: 0.0000956 seconds
2019-02-01T03:23:46.530+0000: 804592.536: Application time: 1.6664866 seconds
2019-02-01T03:23:46.533+0000: 804592.539: [GC (Allocation Failure) 2019-02-01T03:23:46.537+0000: 804592.543: [SoftReference, 0 refs, 0.0000359 secs]2019-02-01T03:23:46.537+0000: 804592.543: [WeakReference, 13 refs, 0.0000172 secs]2019-02-01T03:23:46.537+0000: 804592.543: [FinalReference, 310 refs, 0.0001391 secs]2019-02-01T03:23:46.537+0000: 804592.543: [PhantomReference, 0 refs, 0 refs, 0.0000142 secs]2019-02-01T03:23:46.537+0000: 804592.543: [JNI Weak Reference, 0.0000224 secs]
Desired survivor size 5242880 bytes, new threshold 1 (max 15)
[PSYoungGen: 44174K->2030K(43008K)] 720730K->679591K(733696K), 0.0083619 secs] [Times: user=0.07 sys=0.01, real=0.01 secs] 
2019-02-01T03:23:46.541+0000: 804592.547: Total time for which application threads were stopped: 0.0114297 seconds, Stopping threads took: 0.0000485 seconds
2019-02-01T03:23:46.584+0000: 804592.590: Application time: 0.0430586 seconds
2019-02-01T03:23:46.587+0000: 804592.592: Total time for which application threads were stopped: 0.0020492 seconds, Stopping threads took: 0.0000320 seconds
2019-02-01T03:23:48.004+0000: 804594.010: Application time: 1.4173348 seconds
2019-02-01T03:23:48.007+0000: 804594.013: [GC (Allocation Failure) 2019-02-01T03:23:48.012+0000: 804594.017: [SoftReference, 0 refs, 0.0000321 secs]2019-02-01T03:23:48.012+0000: 804594.017: [WeakReference, 11 refs, 0.0000161 secs]2019-02-01T03:23:48.012+0000: 804594.018: [FinalReference, 238 refs, 0.0001161 secs]2019-02-01T03:23:48.012+0000: 804594.018: [PhantomReference, 0 refs, 0 refs, 0.0000148 secs]2019-02-01T03:23:48.012+0000: 804594.018: [JNI Weak Reference, 0.0000284 secs]
Desired survivor size 4718592 bytes, new threshold 1 (max 15)
[PSYoungGen: 41483K->1669K(42496K)] 719044K->680455K(733184K), 0.0088902 secs] [Times: user=0.07 sys=0.01, real=0.01 secs] 
2019-02-01T03:23:48.016+0000: 804594.022: Total time for which application threads were stopped: 0.0119217 seconds, Stopping threads took: 0.0000487 seconds
2019-02-01T03:23:49.094+0000: 804595.100: Application time: 1.0785410 seconds
2019-02-01T03:23:49.097+0000: 804595.103: Total time for which application threads were stopped: 0.0029538 seconds, Stopping threads took: 0.0000569 seconds
2019-02-01T03:23:49.097+0000: 804595.103: Application time: 0.0001207 seconds
2019-02-01T03:23:49.099+0000: 804595.105: [GC (GCLocker Initiated GC) 2019-02-01T03:23:49.104+0000: 804595.110: [SoftReference, 0 refs, 0.0000325 secs]2019-02-01T03:23:49.104+0000: 804595.110: [WeakReference, 10 refs, 0.0000160 secs]2019-02-01T03:23:49.104+0000: 804595.110: [FinalReference, 268 refs, 0.0000996 secs]2019-02-01T03:23:49.104+0000: 804595.110: [PhantomReference, 0 refs, 0 refs, 0.0000141 secs]2019-02-01T03:23:49.104+0000: 804595.110: [JNI Weak Reference, 0.0000225 secs]
Desired survivor size 5242880 bytes, new threshold 1 (max 15)
[PSYoungGen: 42117K->3701K(44032K)] 720908K->683247K(734720K), 0.0084102 secs] [Times: user=0.09 sys=0.00, real=0.01 secs] 
2019-02-01T03:23:49.108+0000: 804595.114: Total time for which application threads were stopped: 0.0103632 seconds, Stopping threads took: 0.0000534 seconds
2019-02-01T03:23:50.470+0000: 804596.475: Application time: 1.3619318 seconds
2019-02-01T03:23:50.472+0000: 804596.478: [GC (Allocation Failure) 2019-02-01T03:23:50.476+0000: 804596.482: [SoftReference, 0 refs, 0.0000326 secs]2019-02-01T03:23:50.476+0000: 804596.482: [WeakReference, 8 refs, 0.0000155 secs]2019-02-01T03:23:50.476+0000: 804596.482: [FinalReference, 313 refs, 0.0001505 secs]2019-02-01T03:23:50.476+0000: 804596.482: [PhantomReference, 0 refs, 0 refs, 0.0000087 secs]2019-02-01T03:23:50.476+0000: 804596.482: [JNI Weak Reference, 0.0000147 secs]
Desired survivor size 5242880 bytes, new threshold 1 (max 15)
[PSYoungGen: 43637K->3354K(43008K)] 723186K->683880K(733696K), 0.0066590 secs] [Times: user=0.07 sys=0.00, real=0.01 secs] 
2019-02-01T03:23:50.479+0000: 804596.485: Total time for which application threads were stopped: 0.0093943 seconds, Stopping threads took: 0.0000490 seconds
2019-02-01T03:23:51.922+0000: 804597.927: Application time: 1.4424621 seconds
2019-02-01T03:23:51.925+0000: 804597.930: Total time for which application threads were stopped: 0.0029621 seconds, Stopping threads took: 0.0000673 seconds
2019-02-01T03:23:51.925+0000: 804597.930: Application time: 0.0001337 seconds
2019-02-01T03:23:51.927+0000: 804597.932: [GC (GCLocker Initiated GC) 2019-02-01T03:23:51.931+0000: 804597.937: [SoftReference, 0 refs, 0.0000324 secs]2019-02-01T03:23:51.931+0000: 804597.937: [WeakReference, 8 refs, 0.0000161 secs]2019-02-01T03:23:51.931+0000: 804597.937: [FinalReference, 327 refs, 0.0001637 secs]2019-02-01T03:23:51.931+0000: 804597.937: [PhantomReference, 0 refs, 0 refs, 0.0000142 secs]2019-02-01T03:23:51.931+0000: 804597.937: [JNI Weak Reference, 0.0000276 secs]
Desired survivor size 5242880 bytes, new threshold 1 (max 15)
[PSYoungGen: 42778K->2979K(41984K)] 723306K->684953K(732672K), 0.0085143 secs] [Times: user=0.10 sys=0.00, real=0.01 secs] 
2019-02-01T03:23:51.935+0000: 804597.941: Total time for which application threads were stopped: 0.0103796 seconds, Stopping threads took: 0.0000287 seconds
2019-02-01T03:23:53.475+0000: 804599.481: Application time: 1.5401446 seconds
2019-02-01T03:23:53.478+0000: 804599.484: [GC (Allocation Failure) 2019-02-01T03:23:53.483+0000: 804599.488: [SoftReference, 0 refs, 0.0000196 secs]2019-02-01T03:23:53.483+0000: 804599.488: [WeakReference, 6 refs, 0.0000085 secs]2019-02-01T03:23:53.483+0000: 804599.488: [FinalReference, 289 refs, 0.0001298 secs]2019-02-01T03:23:53.483+0000: 804599.489: [PhantomReference, 0 refs, 0 refs, 0.0000143 secs]2019-02-01T03:23:53.483+0000: 804599.489: [JNI Weak Reference, 0.0000207 secs]
Desired survivor size 5242880 bytes, new threshold 1 (max 15)
[PSYoungGen: 41891K->2097K(40960K)] 723868K->684807K(731648K), 0.0072582 secs] [Times: user=0.10 sys=0.00, real=0.01 secs] 
2019-02-01T03:23:53.486+0000: 804599.491: Total time for which application threads were stopped: 0.0104021 seconds, Stopping threads took: 0.0000513 seconds
2019-02-01T03:23:55.087+0000: 804601.093: Application time: 1.6017949 seconds
2019-02-01T03:23:55.091+0000: 804601.096: [GC (Allocation Failure) 2019-02-01T03:23:55.095+0000: 804601.101: [SoftReference, 0 refs, 0.0000322 secs]2019-02-01T03:23:55.095+0000: 804601.101: [WeakReference, 4 refs, 0.0000142 secs]2019-02-01T03:23:55.095+0000: 804601.101: [FinalReference, 225 refs, 0.0001319 secs]2019-02-01T03:23:55.095+0000: 804601.101: [PhantomReference, 0 refs, 0 refs, 0.0000146 secs]2019-02-01T03:23:55.095+0000: 804601.101: [JNI Weak Reference, 0.0000279 secs]
Desired survivor size 4718592 bytes, new threshold 1 (max 15)
[PSYoungGen: 40497K->2124K(40448K)] 723207K->685716K(731136K), 0.0087471 secs] [Times: user=0.09 sys=0.00, real=0.01 secs] 
2019-02-01T03:23:55.099+0000: 804601.105: Total time for which application threads were stopped: 0.0120302 seconds, Stopping threads took: 0.0000778 seconds
2019-02-01T03:23:56.378+0000: 804602.383: Application time: 1.2781040 seconds
2019-02-01T03:23:56.381+0000: 804602.386: [GC (Allocation Failure) 2019-02-01T03:23:56.384+0000: 804602.390: [SoftReference, 0 refs, 0.0000324 secs]2019-02-01T03:23:56.384+0000: 804602.390: [WeakReference, 24 refs, 0.0000189 secs]2019-02-01T03:23:56.385+0000: 804602.390: [FinalReference, 252 refs, 0.0001123 secs]2019-02-01T03:23:56.385+0000: 804602.390: [PhantomReference, 0 refs, 0 refs, 0.0000141 secs]2019-02-01T03:23:56.385+0000: 804602.390: [JNI Weak Reference, 0.0000269 secs]
Desired survivor size 5767168 bytes, new threshold 1 (max 15)
[PSYoungGen: 40012K->4602K(41984K)] 723604K->689190K(732672K), 0.0088175 secs] [Times: user=0.08 sys=0.01, real=0.01 secs] 
2019-02-01T03:23:56.390+0000: 804602.395: Total time for which application threads were stopped: 0.0119119 seconds, Stopping threads took: 0.0000585 seconds
2019-02-01T03:23:57.261+0000: 804603.267: Application time: 0.8716179 seconds
2019-02-01T03:23:57.264+0000: 804603.270: Total time for which application threads were stopped: 0.0029810 seconds, Stopping threads took: 0.0000491 seconds
2019-02-01T03:23:57.264+0000: 804603.270: Application time: 0.0000822 seconds
2019-02-01T03:23:57.266+0000: 804603.272: Total time for which application threads were stopped: 0.0020273 seconds, Stopping threads took: 0.0000764 seconds
2019-02-01T03:23:57.447+0000: 804603.453: Application time: 0.1811947 seconds
2019-02-01T03:23:57.450+0000: 804603.455: [GC (Allocation Failure) 2019-02-01T03:23:57.455+0000: 804603.461: [SoftReference, 0 refs, 0.0000335 secs]2019-02-01T03:23:57.455+0000: 804603.461: [WeakReference, 25 refs, 0.0000189 secs]2019-02-01T03:23:57.455+0000: 804603.461: [FinalReference, 367 refs, 0.0001592 secs]2019-02-01T03:23:57.455+0000: 804603.461: [PhantomReference, 0 refs, 0 refs, 0.0000145 secs]2019-02-01T03:23:57.455+0000: 804603.461: [JNI Weak Reference, 0.0000229 secs]
Desired survivor size 6291456 bytes, new threshold 1 (max 15)
[PSYoungGen: 41978K->2544K(39424K)] 726566K->689734K(730112K), 0.0091261 secs] [Times: user=0.10 sys=0.00, real=0.01 secs] 
2019-02-01T03:23:57.459+0000: 804603.465: Total time for which application threads were stopped: 0.0113565 seconds, Stopping threads took: 0.0000333 seconds
2019-02-01T03:23:57.768+0000: 804603.773: Application time: 0.3087948 seconds
2019-02-01T03:23:57.770+0000: 804603.776: Total time for which application threads were stopped: 0.0029167 seconds, Stopping threads took: 0.0000974 seconds
2019-02-01T03:23:57.771+0000: 804603.776: Application time: 0.0000929 seconds
2019-02-01T03:23:57.772+0000: 804603.778: Total time for which application threads were stopped: 0.0015096 seconds, Stopping threads took: 0.0000941 seconds
2019-02-01T03:23:58.223+0000: 804604.229: Application time: 0.4509532 seconds
2019-02-01T03:23:58.226+0000: 804604.232: Total time for which application threads were stopped: 0.0028029 seconds, Stopping threads took: 0.0000667 seconds
2019-02-01T03:23:58.415+0000: 804604.421: Application time: 0.1896056 seconds
2019-02-01T03:23:58.418+0000: 804604.424: [GC (Allocation Failure) 2019-02-01T03:23:58.422+0000: 804604.428: [SoftReference, 0 refs, 0.0000323 secs]2019-02-01T03:23:58.422+0000: 804604.428: [WeakReference, 40 refs, 0.0000214 secs]2019-02-01T03:23:58.422+0000: 804604.428: [FinalReference, 339 refs, 0.0001789 secs]2019-02-01T03:23:58.422+0000: 804604.428: [PhantomReference, 0 refs, 0 refs, 0.0000148 secs]2019-02-01T03:23:58.422+0000: 804604.428: [JNI Weak Reference, 0.0000224 secs]
Desired survivor size 6815744 bytes, new threshold 1 (max 15)
[PSYoungGen: 39408K->4595K(40960K)] 726598K->693094K(731648K), 0.0076669 secs] [Times: user=0.08 sys=0.00, real=0.01 secs] 
2019-02-01T03:23:58.426+0000: 804604.432: Total time for which application threads were stopped: 0.0106592 seconds, Stopping threads took: 0.0000422 seconds
2019-02-01T03:23:58.427+0000: 804604.432: Application time: 0.0004884 seconds
2019-02-01T03:23:58.429+0000: 804604.434: Total time for which application threads were stopped: 0.0019683 seconds, Stopping threads took: 0.0001017 seconds
2019-02-01T03:23:58.529+0000: 804604.535: Application time: 0.1006878 seconds
2019-02-01T03:23:58.532+0000: 804604.537: Total time for which application threads were stopped: 0.0023494 seconds, Stopping threads took: 0.0000517 seconds
2019-02-01T03:23:58.774+0000: 804604.780: Application time: 0.2423889 seconds
2019-02-01T03:23:58.777+0000: 804604.783: Total time for which application threads were stopped: 0.0028161 seconds, Stopping threads took: 0.0000385 seconds
2019-02-01T03:23:58.777+0000: 804604.783: Application time: 0.0000868 seconds
2019-02-01T03:23:58.779+0000: 804604.785: Total time for which application threads were stopped: 0.0017984 seconds, Stopping threads took: 0.0000230 seconds
2019-02-01T03:23:58.879+0000: 804604.885: Application time: 0.1006098 seconds
2019-02-01T03:23:58.881+0000: 804604.887: Total time for which application threads were stopped: 0.0017661 seconds, Stopping threads took: 0.0000840 seconds
2019-02-01T03:23:58.881+0000: 804604.887: Application time: 0.0000355 seconds
2019-02-01T03:23:58.882+0000: 804604.888: Total time for which application threads were stopped: 0.0011570 seconds, Stopping threads took: 0.0000300 seconds
2019-02-01T03:23:59.838+0000: 804605.844: Application time: 0.9559836 seconds
2019-02-01T03:23:59.841+0000: 804605.847: [GC (Allocation Failure) 2019-02-01T03:23:59.845+0000: 804605.851: [SoftReference, 0 refs, 0.0000326 secs]2019-02-01T03:23:59.845+0000: 804605.851: [WeakReference, 26 refs, 0.0000194 secs]2019-02-01T03:23:59.845+0000: 804605.851: [FinalReference, 221 refs, 0.0001080 secs]2019-02-01T03:23:59.845+0000: 804605.851: [PhantomReference, 0 refs, 0 refs, 0.0000146 secs]2019-02-01T03:23:59.845+0000: 804605.851: [JNI Weak Reference, 0.0000276 secs]
Desired survivor size 6291456 bytes, new threshold 1 (max 15)
[PSYoungGen: 40947K->3544K(39424K)] 729446K->693504K(730112K), 0.0087047 secs] [Times: user=0.09 sys=0.00, real=0.01 secs] 
2019-02-01T03:23:59.850+0000: 804605.856: [Full GC (Ergonomics) 2019-02-01T03:23:59.895+0000: 804605.901: [SoftReference, 268 refs, 0.0001282 secs]2019-02-01T03:23:59.895+0000: 804605.901: [WeakReference, 2108 refs, 0.0003456 secs]2019-02-01T03:23:59.896+0000: 804605.901: [FinalReference, 1461 refs, 0.0009715 secs]2019-02-01T03:23:59.897+0000: 804605.902: [PhantomReference, 0 refs, 104 refs, 0.0000267 secs]2019-02-01T03:23:59.897+0000: 804605.902: [JNI Weak Reference, 0.0000280 secs][PSYoungGen: 3544K->0K(39424K)] [ParOldGen: 689959K->631627K(686592K)] 693504K->631627K(726016K), [Metaspace: 75215K->75215K(1118208K)], 0.1586645 secs] [Times: user=2.53 sys=0.00, real=0.16 secs] 
2019-02-01T03:24:00.009+0000: 804606.015: Total time for which application threads were stopped: 0.1705537 seconds, Stopping threads took: 0.0000597 seconds
2019-02-01T03:24:00.360+0000: 804606.366: Application time: 0.3509581 seconds
2019-02-01T03:24:00.363+0000: 804606.369: Total time for which application threads were stopped: 0.0030933 seconds, Stopping threads took: 0.0001559 seconds
2019-02-01T03:24:01.259+0000: 804607.265: Application time: 0.8964808 seconds
2019-02-01T03:24:01.262+0000: 804607.268: [GC (Allocation Failure) 2019-02-01T03:24:01.266+0000: 804607.272: [SoftReference, 0 refs, 0.0000380 secs]2019-02-01T03:24:01.266+0000: 804607.272: [WeakReference, 17 refs, 0.0000246 secs]2019-02-01T03:24:01.266+0000: 804607.272: [FinalReference, 254 refs, 0.0001335 secs]2019-02-01T03:24:01.266+0000: 804607.272: [PhantomReference, 0 refs, 0 refs, 0.0000231 secs]2019-02-01T03:24:01.266+0000: 804607.272: [JNI Weak Reference, 0.0000446 secs]
Desired survivor size 6291456 bytes, new threshold 1 (max 15)
[PSYoungGen: 35840K->3528K(38912K)] 667467K->635155K(725504K), 0.0080435 secs] [Times: user=0.09 sys=0.00, real=0.01 secs] 
2019-02-01T03:24:01.271+0000: 804607.276: Total time for which application threads were stopped: 0.0111311 seconds, Stopping threads took: 0.0000491 seconds
2019-02-01T03:24:01.512+0000: 804607.518: Application time: 0.2412497 seconds
2019-02-01T03:24:01.515+0000: 804607.521: Total time for which application threads were stopped: 0.0029531 seconds, Stopping threads took: 0.0000450 seconds
2019-02-01T03:24:01.515+0000: 804607.521: Application time: 0.0000672 seconds
2019-02-01T03:24:01.517+0000: 804607.522: Total time for which application threads were stopped: 0.0018937 seconds, Stopping threads took: 0.0000297 seconds
2019-02-01T03:24:01.906+0000: 804607.912: Application time: 0.3891463 seconds
2019-02-01T03:24:01.909+0000: 804607.915: Total time for which application threads were stopped: 0.0028732 seconds, Stopping threads took: 0.0000385 seconds
2019-02-01T03:24:02.824+0000: 804608.830: Application time: 0.9156759 seconds
2019-02-01T03:24:02.827+0000: 804608.833: [GC (Allocation Failure) 2019-02-01T03:24:02.832+0000: 804608.838: [SoftReference, 0 refs, 0.0000411 secs]2019-02-01T03:24:02.832+0000: 804608.838: [WeakReference, 11 refs, 0.0000101 secs]2019-02-01T03:24:02.832+0000: 804608.838: [FinalReference, 179 refs, 0.0000485 secs]2019-02-01T03:24:02.832+0000: 804608.838: [PhantomReference, 0 refs, 0 refs, 0.0000079 secs]2019-02-01T03:24:02.832+0000: 804608.838: [JNI Weak Reference, 0.0000150 secs]
Desired survivor size 6291456 bytes, new threshold 1 (max 15)
[PSYoungGen: 38856K->2185K(37376K)] 670483K->634884K(723968K), 0.0073305 secs] [Times: user=0.10 sys=0.00, real=0.00 secs] 
2019-02-01T03:24:02.835+0000: 804608.841: Total time for which application threads were stopped: 0.0103411 seconds, Stopping threads took: 0.0000839 seconds
2019-02-01T03:24:03.654+0000: 804609.660: Application time: 0.8189790 seconds
2019-02-01T03:24:03.657+0000: 804609.662: [GC (Allocation Failure) 2019-02-01T03:24:03.661+0000: 804609.667: [SoftReference, 0 refs, 0.0000324 secs]2019-02-01T03:24:03.661+0000: 804609.667: [WeakReference, 12 refs, 0.0000170 secs]2019-02-01T03:24:03.661+0000: 804609.667: [FinalReference, 252 refs, 0.0000988 secs]2019-02-01T03:24:03.661+0000: 804609.667: [PhantomReference, 0 refs, 0 refs, 0.0000142 secs]2019-02-01T03:24:03.661+0000: 804609.667: [JNI Weak Reference, 0.0000280 secs]
Desired survivor size 6291456 bytes, new threshold 1 (max 15)
[PSYoungGen: 37001K->4527K(38912K)] 669700K->638125K(725504K), 0.0085671 secs] [Times: user=0.07 sys=0.00, real=0.00 secs] 
2019-02-01T03:24:03.665+0000: 804609.671: Total time for which application threads were stopped: 0.0115962 seconds, Stopping threads took: 0.0000506 seconds
2019-02-01T03:24:04.420+0000: 804610.426: Application time: 0.7549850 seconds
2019-02-01T03:24:04.423+0000: 804610.429: Total time for which application threads were stopped: 0.0029853 seconds, Stopping threads took: 0.0000503 seconds
2019-02-01T03:24:04.423+0000: 804610.429: Application time: 0.0000917 seconds
2019-02-01T03:24:04.425+0000: 804610.431: Total time for which application threads were stopped: 0.0019120 seconds, Stopping threads took: 0.0000395 seconds
2019-02-01T03:24:05.095+0000: 804611.101: Application time: 0.6694445 seconds
2019-02-01T03:24:05.098+0000: 804611.104: [GC (Allocation Failure) 2019-02-01T03:24:05.103+0000: 804611.108: [SoftReference, 0 refs, 0.0000195 secs]2019-02-01T03:24:05.103+0000: 804611.108: [WeakReference, 11 refs, 0.0000092 secs]2019-02-01T03:24:05.103+0000: 804611.108: [FinalReference, 266 refs, 0.0000874 secs]2019-02-01T03:24:05.103+0000: 804611.108: [PhantomReference, 0 refs, 0 refs, 0.0000083 secs]2019-02-01T03:24:05.103+0000: 804611.108: [JNI Weak Reference, 0.0000144 secs]
Desired survivor size 6291456 bytes, new threshold 1 (max 15)
[PSYoungGen: 38831K->1979K(35840K)] 672429K->636685K(722432K), 0.0077045 secs] [Times: user=0.11 sys=0.00, real=0.00 secs] 
2019-02-01T03:24:05.106+0000: 804611.111: Total time for which application threads were stopped: 0.0107301 seconds, Stopping threads took: 0.0000476 seconds
2019-02-01T03:24:05.428+0000: 804611.433: Application time: 0.3219877 seconds
2019-02-01T03:24:05.430+0000: 804611.436: Total time for which application threads were stopped: 0.0028334 seconds, Stopping threads took: 0.0000373 seconds
2019-02-01T03:24:05.430+0000: 804611.436: Application time: 0.0000972 seconds
2019-02-01T03:24:05.432+0000: 804611.438: Total time for which application threads were stopped: 0.0015366 seconds, Stopping threads took: 0.0000249 seconds
2019-02-01T03:24:05.481+0000: 804611.486: Application time: 0.0485889 seconds
2019-02-01T03:24:05.482+0000: 804611.488: Total time for which application threads were stopped: 0.0017152 seconds, Stopping threads took: 0.0000359 seconds
2019-02-01T03:24:06.794+0000: 804612.800: Application time: 1.3115149 seconds
2019-02-01T03:24:06.797+0000: 804612.803: [GC (Allocation Failure) 2019-02-01T03:24:06.802+0000: 804612.808: [SoftReference, 0 refs, 0.0000325 secs]2019-02-01T03:24:06.802+0000: 804612.808: [WeakReference, 14 refs, 0.0000245 secs]2019-02-01T03:24:06.802+0000: 804612.808: [FinalReference, 169 refs, 0.0000956 secs]2019-02-01T03:24:06.802+0000: 804612.808: [PhantomReference, 0 refs, 0 refs, 0.0000140 secs]2019-02-01T03:24:06.802+0000: 804612.808: [JNI Weak Reference, 0.0000272 secs]
Desired survivor size 6291456 bytes, new threshold 1 (max 15)
[PSYoungGen: 35771K->3703K(37376K)] 670477K->639333K(723968K), 0.0098014 secs] [Times: user=0.13 sys=0.00, real=0.01 secs] 
2019-02-01T03:24:06.807+0000: 804612.812: Total time for which application threads were stopped: 0.0128413 seconds, Stopping threads took: 0.0000479 seconds
2019-02-01T03:24:07.035+0000: 804613.041: Application time: 0.2286245 seconds
2019-02-01T03:24:07.038+0000: 804613.044: Total time for which application threads were stopped: 0.0029119 seconds, Stopping threads took: 0.0000521 seconds
2019-02-01T03:24:07.038+0000: 804613.044: Application time: 0.0000751 seconds
2019-02-01T03:24:07.040+0000: 804613.046: Total time for which application threads were stopped: 0.0018417 seconds, Stopping threads took: 0.0000425 seconds
2019-02-01T03:24:07.542+0000: 804613.547: Application time: 0.5014055 seconds
2019-02-01T03:24:07.544+0000: 804613.550: Total time for which application threads were stopped: 0.0028965 seconds, Stopping threads took: 0.0000646 seconds
2019-02-01T03:24:07.545+0000: 804613.550: Application time: 0.0000603 seconds
2019-02-01T03:24:07.546+0000: 804613.552: Total time for which application threads were stopped: 0.0018432 seconds, Stopping threads took: 0.0000533 seconds
2019-02-01T03:24:07.747+0000: 804613.753: Application time: 0.2008549 seconds
2019-02-01T03:24:07.750+0000: 804613.756: Total time for which application threads were stopped: 0.0025155 seconds, Stopping threads took: 0.0000349 seconds
2019-02-01T03:24:07.750+0000: 804613.756: Application time: 0.0000822 seconds
2019-02-01T03:24:07.752+0000: 804613.757: Total time for which application threads were stopped: 0.0018339 seconds, Stopping threads took: 0.0000309 seconds
2019-02-01T03:24:08.023+0000: 804614.029: Application time: 0.2715798 seconds
2019-02-01T03:24:08.026+0000: 804614.032: [GC (Allocation Failure) 2019-02-01T03:24:08.034+0000: 804614.040: [SoftReference, 0 refs, 0.0000192 secs]2019-02-01T03:24:08.034+0000: 804614.040: [WeakReference, 19 refs, 0.0000169 secs]2019-02-01T03:24:08.034+0000: 804614.040: [FinalReference, 176 refs, 0.0000831 secs]2019-02-01T03:24:08.034+0000: 804614.040: [PhantomReference, 0 refs, 0 refs, 0.0000140 secs]2019-02-01T03:24:08.034+0000: 804614.040: [JNI Weak Reference, 0.0000220 secs]
Desired survivor size 6291456 bytes, new threshold 1 (max 15)
[PSYoungGen: 36983K->2346K(35328K)] 672613K->638811K(721920K), 0.0125227 secs] [Times: user=0.22 sys=0.01, real=0.02 secs] 
2019-02-01T03:24:08.038+0000: 804614.044: Total time for which application threads were stopped: 0.0152309 seconds, Stopping threads took: 0.0000356 seconds
2019-02-01T03:24:09.087+0000: 804615.093: Application time: 1.0486483 seconds
2019-02-01T03:24:09.090+0000: 804615.096: [GC (Allocation Failure) 2019-02-01T03:24:09.095+0000: 804615.100: [SoftReference, 0 refs, 0.0000323 secs]2019-02-01T03:24:09.095+0000: 804615.100: [WeakReference, 11 refs, 0.0000160 secs]2019-02-01T03:24:09.095+0000: 804615.101: [FinalReference, 240 refs, 0.0000947 secs]2019-02-01T03:24:09.095+0000: 804615.101: [PhantomReference, 0 refs, 0 refs, 0.0000140 secs]2019-02-01T03:24:09.095+0000: 804615.101: [JNI Weak Reference, 0.0000273 secs]
Desired survivor size 6291456 bytes, new threshold 1 (max 15)
[PSYoungGen: 35114K->2380K(34816K)] 671579K->639896K(721408K), 0.0091837 secs] [Times: user=0.10 sys=0.01, real=0.01 secs] 
2019-02-01T03:24:09.099+0000: 804615.105: Total time for which application threads were stopped: 0.0122189 seconds, Stopping threads took: 0.0000439 seconds
2019-02-01T03:24:10.347+0000: 804616.353: Application time: 1.2478839 seconds
2019-02-01T03:24:10.350+0000: 804616.356: [GC (Allocation Failure) 2019-02-01T03:24:10.355+0000: 804616.360: [SoftReference, 0 refs, 0.0000331 secs]2019-02-01T03:24:10.355+0000: 804616.360: [WeakReference, 11 refs, 0.0000264 secs]2019-02-01T03:24:10.355+0000: 804616.360: [FinalReference, 215 refs, 0.0001154 secs]2019-02-01T03:24:10.355+0000: 804616.361: [PhantomReference, 0 refs, 0 refs, 0.0000145 secs]2019-02-01T03:24:10.355+0000: 804616.361: [JNI Weak Reference, 0.0000272 secs]
Desired survivor size 5767168 bytes, new threshold 1 (max 15)
[PSYoungGen: 34636K->1980K(33792K)] 672152K->640385K(720384K), 0.0097416 secs] [Times: user=0.08 sys=0.00, real=0.01 secs] 
2019-02-01T03:24:10.360+0000: 804616.366: Total time for which application threads were stopped: 0.0128294 seconds, Stopping threads took: 0.0000466 seconds
2019-02-01T03:24:11.262+0000: 804617.268: Application time: 0.9018048 seconds
2019-02-01T03:24:11.265+0000: 804617.271: Total time for which application threads were stopped: 0.0028974 seconds, Stopping threads took: 0.0000440 seconds
2019-02-01T03:24:11.265+0000: 804617.271: Application time: 0.0000534 seconds
2019-02-01T03:24:11.267+0000: 804617.272: Total time for which application threads were stopped: 0.0018223 seconds, Stopping threads took: 0.0000641 seconds
2019-02-01T03:24:11.593+0000: 804617.599: Application time: 0.3261067 seconds
2019-02-01T03:24:11.595+0000: 804617.601: Total time for which application threads were stopped: 0.0026569 seconds, Stopping threads took: 0.0000481 seconds
2019-02-01T03:24:11.596+0000: 804617.601: Application time: 0.0001360 seconds
2019-02-01T03:24:11.597+0000: 804617.603: [GC (GCLocker Initiated GC) 2019-02-01T03:24:11.602+0000: 804617.608: [SoftReference, 0 refs, 0.0000330 secs]2019-02-01T03:24:11.602+0000: 804617.608: [WeakReference, 19 refs, 0.0000176 secs]2019-02-01T03:24:11.602+0000: 804617.608: [FinalReference, 222 refs, 0.0000779 secs]2019-02-01T03:24:11.602+0000: 804617.608: [PhantomReference, 0 refs, 0 refs, 0.0000142 secs]2019-02-01T03:24:11.602+0000: 804617.608: [JNI Weak Reference, 0.0000227 secs]
Desired survivor size 5767168 bytes, new threshold 1 (max 15)
[PSYoungGen: 33724K->2415K(33792K)] 672131K->641606K(720384K), 0.0083712 secs] [Times: user=0.07 sys=0.00, real=0.01 secs] 
2019-02-01T03:24:11.606+0000: 804617.612: Total time for which application threads were stopped: 0.0102848 seconds, Stopping threads took: 0.0000458 seconds
2019-02-01T03:24:13.812+0000: 804619.818: Application time: 2.2064061 seconds
2019-02-01T03:24:13.815+0000: 804619.821: [GC (Allocation Failure) 2019-02-01T03:24:13.819+0000: 804619.825: [SoftReference, 0 refs, 0.0000324 secs]2019-02-01T03:24:13.819+0000: 804619.825: [WeakReference, 8 refs, 0.0000156 secs]2019-02-01T03:24:13.819+0000: 804619.825: [FinalReference, 183 refs, 0.0000781 secs]2019-02-01T03:24:13.819+0000: 804619.825: [PhantomReference, 0 refs, 0 refs, 0.0000142 secs]2019-02-01T03:24:13.819+0000: 804619.825: [JNI Weak Reference, 0.0000294 secs]
Desired survivor size 5767168 bytes, new threshold 1 (max 15)
[PSYoungGen: 33647K->2025K(32768K)] 672849K->641803K(719360K), 0.0087918 secs] [Times: user=0.07 sys=0.00, real=0.01 secs] 
2019-02-01T03:24:13.824+0000: 804619.830: Total time for which application threads were stopped: 0.0117866 seconds, Stopping threads took: 0.0000473 seconds
2019-02-01T03:24:15.352+0000: 804621.357: Application time: 1.5276281 seconds
2019-02-01T03:24:15.355+0000: 804621.360: [GC (Allocation Failure) 2019-02-01T03:24:15.359+0000: 804621.365: [SoftReference, 0 refs, 0.0000220 secs]2019-02-01T03:24:15.359+0000: 804621.365: [WeakReference, 13 refs, 0.0000159 secs]2019-02-01T03:24:15.359+0000: 804621.365: [FinalReference, 233 refs, 0.0000899 secs]2019-02-01T03:24:15.359+0000: 804621.365: [PhantomReference, 0 refs, 0 refs, 0.0000141 secs]2019-02-01T03:24:15.359+0000: 804621.365: [JNI Weak Reference, 0.0000278 secs]
Desired survivor size 5767168 bytes, new threshold 1 (max 15)
[PSYoungGen: 32745K->3479K(33792K)] 672523K->644062K(720384K), 0.0090411 secs] [Times: user=0.08 sys=0.00, real=0.01 secs] 
2019-02-01T03:24:15.364+0000: 804621.370: Total time for which application threads were stopped: 0.0120698 seconds, Stopping threads took: 0.0000465 seconds
2019-02-01T03:24:16.687+0000: 804622.693: Application time: 1.3231757 seconds
2019-02-01T03:24:16.690+0000: 804622.696: [GC (Allocation Failure) 2019-02-01T03:24:16.695+0000: 804622.701: [SoftReference, 0 refs, 0.0000322 secs]2019-02-01T03:24:16.695+0000: 804622.701: [WeakReference, 8 refs, 0.0000153 secs]2019-02-01T03:24:16.695+0000: 804622.701: [FinalReference, 215 refs, 0.0001221 secs]2019-02-01T03:24:16.695+0000: 804622.701: [PhantomReference, 0 refs, 0 refs, 0.0000140 secs]2019-02-01T03:24:16.695+0000: 804622.701: [JNI Weak Reference, 0.0000269 secs]
Desired survivor size 5767168 bytes, new threshold 1 (max 15)
[PSYoungGen: 33687K->1932K(31744K)] 674270K->643477K(718336K), 0.0100010 secs] [Times: user=0.05 sys=0.01, real=0.01 secs] 
2019-02-01T03:24:16.700+0000: 804622.706: Total time for which application threads were stopped: 0.0130789 seconds, Stopping threads took: 0.0000488 seconds
2019-02-01T03:24:17.474+0000: 804623.480: Application time: 0.7738299 seconds
2019-02-01T03:24:17.477+0000: 804623.483: [GC (Allocation Failure) 2019-02-01T03:24:17.486+0000: 804623.491: [SoftReference, 0 refs, 0.0000328 secs]2019-02-01T03:24:17.486+0000: 804623.491: [WeakReference, 4 refs, 0.0000213 secs]2019-02-01T03:24:17.486+0000: 804623.491: [FinalReference, 198 refs, 0.0001077 secs]2019-02-01T03:24:17.486+0000: 804623.492: [PhantomReference, 0 refs, 0 refs, 0.0000147 secs]2019-02-01T03:24:17.486+0000: 804623.492: [JNI Weak Reference, 0.0000283 secs]
Desired survivor size 5767168 bytes, new threshold 1 (max 15)
[PSYoungGen: 31628K->1744K(31232K)] 673173K->643893K(717824K), 0.0137535 secs] [Times: user=0.22 sys=0.01, real=0.02 secs] 
2019-02-01T03:24:17.491+0000: 804623.496: Total time for which application threads were stopped: 0.0167389 seconds, Stopping threads took: 0.0000493 seconds
2019-02-01T03:24:18.538+0000: 804624.544: Application time: 1.0477981 seconds
2019-02-01T03:24:18.541+0000: 804624.547: Total time for which application threads were stopped: 0.0029428 seconds, Stopping threads took: 0.0000594 seconds
2019-02-01T03:24:18.541+0000: 804624.547: Application time: 0.0001391 seconds
2019-02-01T03:24:18.543+0000: 804624.549: [GC (GCLocker Initiated GC) 2019-02-01T03:24:18.548+0000: 804624.554: [SoftReference, 0 refs, 0.0000336 secs]2019-02-01T03:24:18.548+0000: 804624.554: [WeakReference, 6 refs, 0.0000154 secs]2019-02-01T03:24:18.548+0000: 804624.554: [FinalReference, 140 refs, 0.0000861 secs]2019-02-01T03:24:18.548+0000: 804624.554: [PhantomReference, 0 refs, 0 refs, 0.0000141 secs]2019-02-01T03:24:18.548+0000: 804624.554: [JNI Weak Reference, 0.0000227 secs]
Desired survivor size 5242880 bytes, new threshold 1 (max 15)
[PSYoungGen: 30928K->2045K(30720K)] 673078K->645152K(717312K), 0.0085459 secs] [Times: user=0.09 sys=0.00, real=0.01 secs] 
2019-02-01T03:24:18.552+0000: 804624.558: Total time for which application threads were stopped: 0.0105632 seconds, Stopping threads took: 0.0000764 seconds
2019-02-01T03:24:18.829+0000: 804624.835: Application time: 0.2771829 seconds
2019-02-01T03:24:18.832+0000: 804624.838: Total time for which application threads were stopped: 0.0028920 seconds, Stopping threads took: 0.0000534 seconds
2019-02-01T03:24:19.758+0000: 804625.764: Application time: 0.9257817 seconds
2019-02-01T03:24:19.761+0000: 804625.767: [GC (Allocation Failure) 2019-02-01T03:24:19.766+0000: 804625.772: [SoftReference, 0 refs, 0.0000322 secs]2019-02-01T03:24:19.766+0000: 804625.772: [WeakReference, 6 refs, 0.0000150 secs]2019-02-01T03:24:19.766+0000: 804625.772: [FinalReference, 169 refs, 0.0000812 secs]2019-02-01T03:24:19.766+0000: 804625.772: [PhantomReference, 0 refs, 0 refs, 0.0000143 secs]2019-02-01T03:24:19.766+0000: 804625.772: [JNI Weak Reference, 0.0000278 secs]
Desired survivor size 5242880 bytes, new threshold 1 (max 15)
[PSYoungGen: 30717K->1658K(30720K)] 673828K->645418K(717312K), 0.0088414 secs] [Times: user=0.08 sys=0.00, real=0.01 secs] 
2019-02-01T03:24:19.770+0000: 804625.776: Total time for which application threads were stopped: 0.0119654 seconds, Stopping threads took: 0.0000811 seconds
2019-02-01T03:24:20.941+0000: 804626.946: Application time: 1.1707279 seconds
2019-02-01T03:24:20.944+0000: 804626.949: [GC (Allocation Failure) 2019-02-01T03:24:20.951+0000: 804626.957: [SoftReference, 0 refs, 0.0000322 secs]2019-02-01T03:24:20.951+0000: 804626.957: [WeakReference, 4 refs, 0.0000145 secs]2019-02-01T03:24:20.951+0000: 804626.957: [FinalReference, 165 refs, 0.0001024 secs]2019-02-01T03:24:20.951+0000: 804626.957: [PhantomReference, 0 refs, 0 refs, 0.0000145 secs]2019-02-01T03:24:20.951+0000: 804626.957: [JNI Weak Reference, 0.0000276 secs]
Desired survivor size 5242880 bytes, new threshold 1 (max 15)
[PSYoungGen: 30330K->1216K(30208K)] 674090K->645642K(716800K), 0.0121498 secs] [Times: user=0.17 sys=0.00, real=0.01 secs] 
2019-02-01T03:24:20.956+0000: 804626.962: Total time for which application threads were stopped: 0.0151865 seconds, Stopping threads took: 0.0000471 seconds
2019-02-01T03:24:21.296+0000: 804627.301: Application time: 0.3397207 seconds
2019-02-01T03:24:21.299+0000: 804627.304: Total time for which application threads were stopped: 0.0031205 seconds, Stopping threads took: 0.0000475 seconds
2019-02-01T03:24:21.299+0000: 804627.304: Application time: 0.0000602 seconds
2019-02-01T03:24:21.301+0000: 804627.307: Total time for which application threads were stopped: 0.0020559 seconds, Stopping threads took: 0.0000307 seconds
2019-02-01T03:24:21.855+0000: 804627.861: Application time: 0.5542471 seconds
2019-02-01T03:24:21.858+0000: 804627.864: [GC (Allocation Failure) 2019-02-01T03:24:21.862+0000: 804627.868: [SoftReference, 0 refs, 0.0000324 secs]2019-02-01T03:24:21.862+0000: 804627.868: [WeakReference, 15 refs, 0.0000229 secs]2019-02-01T03:24:21.862+0000: 804627.868: [FinalReference, 169 refs, 0.0000640 secs]2019-02-01T03:24:21.862+0000: 804627.868: [PhantomReference, 0 refs, 0 refs, 0.0000139 secs]2019-02-01T03:24:21.862+0000: 804627.868: [JNI Weak Reference, 0.0000229 secs]
Desired survivor size 5242880 bytes, new threshold 1 (max 15)
[PSYoungGen: 29685K->2490K(31232K)] 674112K->647472K(717824K), 0.0077575 secs] [Times: user=0.08 sys=0.00, real=0.01 secs] 
2019-02-01T03:24:21.866+0000: 804627.872: Total time for which application threads were stopped: 0.0109115 seconds, Stopping threads took: 0.0000515 seconds
2019-02-01T03:24:22.555+0000: 804628.561: Application time: 0.6890387 seconds
2019-02-01T03:24:22.558+0000: 804628.564: [GC (Allocation Failure) 2019-02-01T03:24:22.567+0000: 804628.572: [SoftReference, 0 refs, 0.0000332 secs]2019-02-01T03:24:22.567+0000: 804628.572: [WeakReference, 20 refs, 0.0000238 secs]2019-02-01T03:24:22.567+0000: 804628.572: [FinalReference, 177 refs, 0.0000847 secs]2019-02-01T03:24:22.567+0000: 804628.572: [PhantomReference, 0 refs, 0 refs, 0.0000143 secs]2019-02-01T03:24:22.567+0000: 804628.572: [JNI Weak Reference, 0.0000227 secs]
Desired survivor size 5242880 bytes, new threshold 1 (max 15)
[PSYoungGen: 31162K->2993K(37376K)] 676144K->648911K(723968K), 0.0125741 secs] [Times: user=0.21 sys=0.00, real=0.02 secs] 
2019-02-01T03:24:22.571+0000: 804628.576: Total time for which application threads were stopped: 0.0157234 seconds, Stopping threads took: 0.0000556 seconds
2019-02-01T03:24:23.877+0000: 804629.882: Application time: 1.3058231 seconds
2019-02-01T03:24:23.880+0000: 804629.886: [GC (Allocation Failure) 2019-02-01T03:24:23.884+0000: 804629.889: [SoftReference, 0 refs, 0.0000244 secs]2019-02-01T03:24:23.884+0000: 804629.889: [WeakReference, 45 refs, 0.0000221 secs]2019-02-01T03:24:23.884+0000: 804629.889: [FinalReference, 206 refs, 0.0000958 secs]2019-02-01T03:24:23.884+0000: 804629.889: [PhantomReference, 0 refs, 0 refs, 0.0000140 secs]2019-02-01T03:24:23.884+0000: 804629.890: [JNI Weak Reference, 0.0000229 secs]
Desired survivor size 5242880 bytes, new threshold 1 (max 15)
[PSYoungGen: 37297K->3179K(44544K)] 683215K->650624K(731136K), 0.0080035 secs] [Times: user=0.09 sys=0.00, real=0.00 secs] 
2019-02-01T03:24:23.888+0000: 804629.894: Total time for which application threads were stopped: 0.0112822 seconds, Stopping threads took: 0.0000663 seconds
2019-02-01T03:24:24.868+0000: 804630.873: Application time: 0.9797731 seconds
2019-02-01T03:24:24.871+0000: 804630.876: [GC (Allocation Failure) 2019-02-01T03:24:24.876+0000: 804630.882: [SoftReference, 0 refs, 0.0000327 secs]2019-02-01T03:24:24.876+0000: 804630.882: [WeakReference, 21 refs, 0.0000192 secs]2019-02-01T03:24:24.876+0000: 804630.882: [FinalReference, 335 refs, 0.0001385 secs]2019-02-01T03:24:24.876+0000: 804630.882: [PhantomReference, 0 refs, 0 refs, 0.0000143 secs]2019-02-01T03:24:24.876+0000: 804630.882: [JNI Weak Reference, 0.0000224 secs]
Desired survivor size 5242880 bytes, new threshold 1 (max 15)
[PSYoungGen: 44139K->3408K(52224K)] 691584K->652481K(738816K), 0.0089993 secs] [Times: user=0.10 sys=0.00, real=0.01 secs] 
2019-02-01T03:24:24.880+0000: 804630.886: Total time for which application threads were stopped: 0.0122002 seconds, Stopping threads took: 0.0000525 seconds
2019-02-01T03:24:26.299+0000: 804632.305: Application time: 1.4191967 seconds
2019-02-01T03:24:26.302+0000: 804632.308: [GC (Allocation Failure) 2019-02-01T03:24:26.307+0000: 804632.313: [SoftReference, 0 refs, 0.0000329 secs]2019-02-01T03:24:26.307+0000: 804632.313: [WeakReference, 32 refs, 0.0000220 secs]2019-02-01T03:24:26.307+0000: 804632.313: [FinalReference, 281 refs, 0.0001448 secs]2019-02-01T03:24:26.307+0000: 804632.313: [PhantomReference, 0 refs, 0 refs, 0.0000147 secs]2019-02-01T03:24:26.307+0000: 804632.313: [JNI Weak Reference, 0.0000280 secs]
Desired survivor size 5242880 bytes, new threshold 1 (max 15)
[PSYoungGen: 52048K->3913K(51712K)] 701121K->654113K(738304K), 0.0099675 secs] [Times: user=0.08 sys=0.00, real=0.01 secs] 
2019-02-01T03:24:26.312+0000: 804632.318: Total time for which application threads were stopped: 0.0129928 seconds, Stopping threads took: 0.0000468 seconds
2019-02-01T03:24:27.772+0000: 804633.778: Application time: 1.4603171 seconds
2019-02-01T03:24:27.775+0000: 804633.781: [GC (Allocation Failure) 2019-02-01T03:24:27.780+0000: 804633.786: [SoftReference, 0 refs, 0.0000344 secs]2019-02-01T03:24:27.780+0000: 804633.786: [WeakReference, 33 refs, 0.0000204 secs]2019-02-01T03:24:27.780+0000: 804633.786: [FinalReference, 246 refs, 0.0001145 secs]2019-02-01T03:24:27.780+0000: 804633.786: [PhantomReference, 0 refs, 0 refs, 0.0000143 secs]2019-02-01T03:24:27.780+0000: 804633.786: [JNI Weak Reference, 0.0000218 secs]
Desired survivor size 5242880 bytes, new threshold 1 (max 15)
[PSYoungGen: 51529K->2699K(49664K)] 701729K->655046K(736256K), 0.0082480 secs] [Times: user=0.07 sys=0.00, real=0.01 secs] 
2019-02-01T03:24:27.784+0000: 804633.789: Total time for which application threads were stopped: 0.0113068 seconds, Stopping threads took: 0.0001038 seconds
2019-02-01T03:24:29.247+0000: 804635.253: Application time: 1.4631559 seconds
2019-02-01T03:24:29.250+0000: 804635.256: [GC (Allocation Failure) 2019-02-01T03:24:29.254+0000: 804635.260: [SoftReference, 0 refs, 0.0000348 secs]2019-02-01T03:24:29.254+0000: 804635.260: [WeakReference, 15 refs, 0.0000170 secs]2019-02-01T03:24:29.254+0000: 804635.260: [FinalReference, 320 refs, 0.0001488 secs]2019-02-01T03:24:29.254+0000: 804635.260: [PhantomReference, 0 refs, 0 refs, 0.0000144 secs]2019-02-01T03:24:29.254+0000: 804635.260: [JNI Weak Reference, 0.0000225 secs]
Desired survivor size 5242880 bytes, new threshold 1 (max 15)
[PSYoungGen: 49291K->2324K(48128K)] 701638K->655760K(734720K), 0.0081551 secs] [Times: user=0.08 sys=0.01, real=0.00 secs] 
2019-02-01T03:24:29.258+0000: 804635.264: Total time for which application threads were stopped: 0.0112900 seconds, Stopping threads took: 0.0000847 seconds
2019-02-01T03:24:30.799+0000: 804636.804: Application time: 1.5406474 seconds
2019-02-01T03:24:30.802+0000: 804636.808: [GC (Allocation Failure) 2019-02-01T03:24:30.809+0000: 804636.814: [SoftReference, 0 refs, 0.0000324 secs]2019-02-01T03:24:30.809+0000: 804636.814: [WeakReference, 16 refs, 0.0000174 secs]2019-02-01T03:24:30.809+0000: 804636.814: [FinalReference, 290 refs, 0.0001571 secs]2019-02-01T03:24:30.809+0000: 804636.815: [PhantomReference, 0 refs, 0 refs, 0.0000145 secs]2019-02-01T03:24:30.809+0000: 804636.815: [JNI Weak Reference, 0.0000283 secs]
Desired survivor size 5242880 bytes, new threshold 1 (max 15)
[PSYoungGen: 47892K->3447K(48128K)] 701328K->657780K(734720K), 0.0116542 secs] [Times: user=0.16 sys=0.00, real=0.01 secs] 
2019-02-01T03:24:30.814+0000: 804636.819: Total time for which application threads were stopped: 0.0148087 seconds, Stopping threads took: 0.0000565 seconds
2019-02-01T03:24:32.411+0000: 804638.417: Application time: 1.5973903 seconds
2019-02-01T03:24:32.414+0000: 804638.420: [GC (Allocation Failure) 2019-02-01T03:24:32.420+0000: 804638.426: [SoftReference, 0 refs, 0.0000252 secs]2019-02-01T03:24:32.420+0000: 804638.426: [WeakReference, 14 refs, 0.0000175 secs]2019-02-01T03:24:32.420+0000: 804638.426: [FinalReference, 316 refs, 0.0001429 secs]2019-02-01T03:24:32.421+0000: 804638.426: [PhantomReference, 0 refs, 0 refs, 0.0000142 secs]2019-02-01T03:24:32.421+0000: 804638.426: [JNI Weak Reference, 0.0000222 secs]
Desired survivor size 5767168 bytes, new threshold 1 (max 15)
[PSYoungGen: 47987K->4757K(49152K)] 702321K->660927K(735744K), 0.0106325 secs] [Times: user=0.14 sys=0.01, real=0.01 secs] 
2019-02-01T03:24:32.425+0000: 804638.430: Total time for which application threads were stopped: 0.0137034 seconds, Stopping threads took: 0.0000916 seconds
2019-02-01T03:24:33.958+0000: 804639.964: Application time: 1.5333432 seconds
2019-02-01T03:24:33.961+0000: 804639.967: [GC (Allocation Failure) 2019-02-01T03:24:33.968+0000: 804639.974: [SoftReference, 0 refs, 0.0000327 secs]2019-02-01T03:24:33.968+0000: 804639.974: [WeakReference, 4 refs, 0.0000144 secs]2019-02-01T03:24:33.968+0000: 804639.974: [FinalReference, 299 refs, 0.0001520 secs]2019-02-01T03:24:33.968+0000: 804639.974: [PhantomReference, 0 refs, 0 refs, 0.0000146 secs]2019-02-01T03:24:33.968+0000: 804639.974: [JNI Weak Reference, 0.0000281 secs]
Desired survivor size 6291456 bytes, new threshold 1 (max 15)
[PSYoungGen: 48789K->2047K(45568K)] 704959K->660871K(732160K), 0.0109778 secs] [Times: user=0.18 sys=0.00, real=0.01 secs] 
2019-02-01T03:24:33.972+0000: 804639.978: Total time for which application threads were stopped: 0.0141172 seconds, Stopping threads took: 0.0000756 seconds
2019-02-01T03:24:35.415+0000: 804641.421: Application time: 1.4430872 seconds
2019-02-01T03:24:35.418+0000: 804641.424: [GC (Allocation Failure) 2019-02-01T03:24:35.427+0000: 804641.433: [SoftReference, 0 refs, 0.0000327 secs]2019-02-01T03:24:35.427+0000: 804641.433: [WeakReference, 8 refs, 0.0000159 secs]2019-02-01T03:24:35.427+0000: 804641.433: [FinalReference, 269 refs, 0.0001400 secs]2019-02-01T03:24:35.427+0000: 804641.433: [PhantomReference, 0 refs, 0 refs, 0.0000144 secs]2019-02-01T03:24:35.427+0000: 804641.433: [JNI Weak Reference, 0.0000279 secs]
Desired survivor size 5767168 bytes, new threshold 1 (max 15)
[PSYoungGen: 45567K->3379K(46592K)] 704391K->663412K(733184K), 0.0128337 secs] [Times: user=0.20 sys=0.00, real=0.02 secs] 
2019-02-01T03:24:35.431+0000: 804641.437: Total time for which application threads were stopped: 0.0160233 seconds, Stopping threads took: 0.0000792 seconds
2019-02-01T03:24:36.971+0000: 804642.977: Application time: 1.5400189 seconds
2019-02-01T03:24:36.974+0000: 804642.980: [GC (Allocation Failure) 2019-02-01T03:24:36.981+0000: 804642.987: [SoftReference, 0 refs, 0.0000229 secs]2019-02-01T03:24:36.981+0000: 804642.987: [WeakReference, 6 refs, 0.0000141 secs]2019-02-01T03:24:36.981+0000: 804642.987: [FinalReference, 307 refs, 0.0001265 secs]2019-02-01T03:24:36.981+0000: 804642.987: [PhantomReference, 0 refs, 0 refs, 0.0000139 secs]2019-02-01T03:24:36.981+0000: 804642.987: [JNI Weak Reference, 0.0000232 secs]
Desired survivor size 5767168 bytes, new threshold 1 (max 15)
[PSYoungGen: 46387K->3399K(46080K)] 706420K->665463K(732672K), 0.0106888 secs] [Times: user=0.15 sys=0.00, real=0.01 secs] 
2019-02-01T03:24:36.985+0000: 804642.991: Total time for which application threads were stopped: 0.0138139 seconds, Stopping threads took: 0.0000551 seconds
2019-02-01T03:24:38.349+0000: 804644.355: Application time: 1.3637741 seconds
2019-02-01T03:24:38.352+0000: 804644.358: [GC (Allocation Failure) 2019-02-01T03:24:38.360+0000: 804644.366: [SoftReference, 0 refs, 0.0000322 secs]2019-02-01T03:24:38.360+0000: 804644.366: [WeakReference, 4 refs, 0.0000143 secs]2019-02-01T03:24:38.360+0000: 804644.366: [FinalReference, 367 refs, 0.0001838 secs]2019-02-01T03:24:38.360+0000: 804644.366: [PhantomReference, 0 refs, 0 refs, 0.0000144 secs]2019-02-01T03:24:38.360+0000: 804644.366: [JNI Weak Reference, 0.0000277 secs]
Desired survivor size 5767168 bytes, new threshold 1 (max 15)
[PSYoungGen: 45893K->3585K(46080K)] 707956K->666372K(732672K), 0.0129960 secs] [Times: user=0.17 sys=0.00, real=0.01 secs] 
2019-02-01T03:24:38.365+0000: 804644.371: Total time for which application threads were stopped: 0.0161318 seconds, Stopping threads took: 0.0000692 seconds
2019-02-01T03:24:39.788+0000: 804645.794: Application time: 1.4234472 seconds
2019-02-01T03:24:39.791+0000: 804645.797: [GC (Allocation Failure) 2019-02-01T03:24:39.798+0000: 804645.804: [SoftReference, 0 refs, 0.0000322 secs]2019-02-01T03:24:39.798+0000: 804645.804: [WeakReference, 8 refs, 0.0000154 secs]2019-02-01T03:24:39.798+0000: 804645.804: [FinalReference, 239 refs, 0.0001179 secs]2019-02-01T03:24:39.798+0000: 804645.804: [PhantomReference, 0 refs, 0 refs, 0.0000142 secs]2019-02-01T03:24:39.798+0000: 804645.804: [JNI Weak Reference, 0.0000280 secs]
Desired survivor size 5767168 bytes, new threshold 1 (max 15)
[PSYoungGen: 45569K->3191K(45056K)] 708356K->666649K(731648K), 0.0102868 secs] [Times: user=0.14 sys=0.00, real=0.02 secs] 
2019-02-01T03:24:39.802+0000: 804645.808: Total time for which application threads were stopped: 0.0133371 seconds, Stopping threads took: 0.0000515 seconds
2019-02-01T03:24:41.287+0000: 804647.293: Application time: 1.4856791 seconds
2019-02-01T03:24:41.291+0000: 804647.296: [GC (Allocation Failure) 2019-02-01T03:24:41.298+0000: 804647.303: [SoftReference, 0 refs, 0.0000324 secs]2019-02-01T03:24:41.298+0000: 804647.303: [WeakReference, 3 refs, 0.0000144 secs]2019-02-01T03:24:41.298+0000: 804647.303: [FinalReference, 251 refs, 0.0001338 secs]2019-02-01T03:24:41.298+0000: 804647.304: [PhantomReference, 0 refs, 0 refs, 0.0000143 secs]2019-02-01T03:24:41.298+0000: 804647.304: [JNI Weak Reference, 0.0000291 secs]
Desired survivor size 5767168 bytes, new threshold 1 (max 15)
[PSYoungGen: 44663K->1931K(43008K)] 708121K->666012K(729600K), 0.0112548 secs] [Times: user=0.15 sys=0.00, real=0.02 secs] 
2019-02-01T03:24:41.302+0000: 804647.308: Total time for which application threads were stopped: 0.0144071 seconds, Stopping threads took: 0.0000496 seconds
2019-02-01T03:24:42.542+0000: 804648.548: Application time: 1.2399839 seconds
2019-02-01T03:24:42.545+0000: 804648.551: Total time for which application threads were stopped: 0.0030562 seconds, Stopping threads took: 0.0000511 seconds
2019-02-01T03:24:42.545+0000: 804648.551: Application time: 0.0000823 seconds
2019-02-01T03:24:42.547+0000: 804648.553: Total time for which application threads were stopped: 0.0019822 seconds, Stopping threads took: 0.0000770 seconds
2019-02-01T03:24:42.668+0000: 804648.674: Application time: 0.1208386 seconds
2019-02-01T03:24:42.670+0000: 804648.676: [GC (Allocation Failure) 2019-02-01T03:24:42.674+0000: 804648.680: [SoftReference, 0 refs, 0.0000400 secs]2019-02-01T03:24:42.674+0000: 804648.680: [WeakReference, 8 refs, 0.0000162 secs]2019-02-01T03:24:42.674+0000: 804648.680: [FinalReference, 303 refs, 0.0001400 secs]2019-02-01T03:24:42.675+0000: 804648.680: [PhantomReference, 0 refs, 0 refs, 0.0000144 secs]2019-02-01T03:24:42.675+0000: 804648.680: [JNI Weak Reference, 0.0000433 secs]
Desired survivor size 5242880 bytes, new threshold 1 (max 15)
[PSYoungGen: 42891K->3385K(44032K)] 706972K->668241K(730624K), 0.0081438 secs] [Times: user=0.08 sys=0.01, real=0.01 secs] 
2019-02-01T03:24:42.678+0000: 804648.684: Total time for which application threads were stopped: 0.0106399 seconds, Stopping threads took: 0.0000498 seconds
2019-02-01T03:24:43.980+0000: 804649.985: Application time: 1.3012023 seconds
2019-02-01T03:24:43.983+0000: 804649.989: [GC (Allocation Failure) 2019-02-01T03:24:43.989+0000: 804649.994: [SoftReference, 0 refs, 0.0000336 secs]2019-02-01T03:24:43.989+0000: 804649.994: [WeakReference, 9 refs, 0.0000154 secs]2019-02-01T03:24:43.989+0000: 804649.995: [FinalReference, 307 refs, 0.0001198 secs]2019-02-01T03:24:43.989+0000: 804649.995: [PhantomReference, 0 refs, 0 refs, 0.0000150 secs]2019-02-01T03:24:43.989+0000: 804649.995: [JNI Weak Reference, 0.0000221 secs]
Desired survivor size 5242880 bytes, new threshold 1 (max 15)
[PSYoungGen: 43833K->3578K(43520K)] 708689K->669275K(730112K), 0.0100210 secs] [Times: user=0.15 sys=0.00, real=0.01 secs] 
2019-02-01T03:24:43.993+0000: 804649.999: Total time for which application threads were stopped: 0.0132162 seconds, Stopping threads took: 0.0000527 seconds
2019-02-01T03:24:44.551+0000: 804650.557: Application time: 0.5579359 seconds
2019-02-01T03:24:44.554+0000: 804650.560: Total time for which application threads were stopped: 0.0031919 seconds, Stopping threads took: 0.0000953 seconds
2019-02-01T03:24:45.429+0000: 804651.435: Application time: 0.8751563 seconds
2019-02-01T03:24:45.432+0000: 804651.438: [GC (Allocation Failure) 2019-02-01T03:24:45.437+0000: 804651.443: [SoftReference, 0 refs, 0.0000323 secs]2019-02-01T03:24:45.437+0000: 804651.443: [WeakReference, 16 refs, 0.0000172 secs]2019-02-01T03:24:45.437+0000: 804651.443: [FinalReference, 211 refs, 0.0000893 secs]2019-02-01T03:24:45.437+0000: 804651.443: [PhantomReference, 0 refs, 0 refs, 0.0000144 secs]2019-02-01T03:24:45.437+0000: 804651.443: [JNI Weak Reference, 0.0000273 secs]
Desired survivor size 5242880 bytes, new threshold 1 (max 15)
[PSYoungGen: 43514K->2688K(42496K)] 709211K->669730K(729088K), 0.0093120 secs] [Times: user=0.11 sys=0.00, real=0.01 secs] 
2019-02-01T03:24:45.442+0000: 804651.448: Total time for which application threads were stopped: 0.0125345 seconds, Stopping threads took: 0.0000588 seconds
2019-02-01T03:24:46.582+0000: 804652.588: Application time: 1.1400246 seconds
2019-02-01T03:24:46.585+0000: 804652.591: [GC (Allocation Failure) 2019-02-01T03:24:46.589+0000: 804652.595: [SoftReference, 0 refs, 0.0000333 secs]2019-02-01T03:24:46.589+0000: 804652.595: [WeakReference, 5 refs, 0.0000148 secs]2019-02-01T03:24:46.589+0000: 804652.595: [FinalReference, 276 refs, 0.0000959 secs]2019-02-01T03:24:46.589+0000: 804652.595: [PhantomReference, 0 refs, 0 refs, 0.0000142 secs]2019-02-01T03:24:46.589+0000: 804652.595: [JNI Weak Reference, 0.0000221 secs]
Desired survivor size 5242880 bytes, new threshold 1 (max 15)
[PSYoungGen: 42112K->2626K(41984K)] 709154K->671067K(728576K), 0.0080618 secs] [Times: user=0.09 sys=0.00, real=0.01 secs] 
2019-02-01T03:24:46.593+0000: 804652.599: Total time for which application threads were stopped: 0.0112866 seconds, Stopping threads took: 0.0000565 seconds
2019-02-01T03:24:47.676+0000: 804653.682: Application time: 1.0827054 seconds
2019-02-01T03:24:47.679+0000: 804653.685: [GC (Allocation Failure) 2019-02-01T03:24:47.683+0000: 804653.689: [SoftReference, 0 refs, 0.0000336 secs]2019-02-01T03:24:47.683+0000: 804653.689: [WeakReference, 9 refs, 0.0000157 secs]2019-02-01T03:24:47.683+0000: 804653.689: [FinalReference, 246 refs, 0.0001090 secs]2019-02-01T03:24:47.683+0000: 804653.689: [PhantomReference, 0 refs, 0 refs, 0.0000143 secs]2019-02-01T03:24:47.683+0000: 804653.689: [JNI Weak Reference, 0.0000289 secs]
Desired survivor size 5242880 bytes, new threshold 1 (max 15)
[PSYoungGen: 41538K->3858K(42496K)] 709979K->673812K(729088K), 0.0080888 secs] [Times: user=0.09 sys=0.00, real=0.01 secs] 
2019-02-01T03:24:47.687+0000: 804653.693: Total time for which application threads were stopped: 0.0114513 seconds, Stopping threads took: 0.0000958 seconds
2019-02-01T03:24:48.820+0000: 804654.826: Application time: 1.1329382 seconds
2019-02-01T03:24:48.823+0000: 804654.829: [GC (Allocation Failure) 2019-02-01T03:24:48.828+0000: 804654.833: [SoftReference, 0 refs, 0.0000327 secs]2019-02-01T03:24:48.828+0000: 804654.833: [WeakReference, 17 refs, 0.0000175 secs]2019-02-01T03:24:48.828+0000: 804654.833: [FinalReference, 267 refs, 0.0000983 secs]2019-02-01T03:24:48.828+0000: 804654.833: [PhantomReference, 0 refs, 1 refs, 0.0000147 secs]2019-02-01T03:24:48.828+0000: 804654.833: [JNI Weak Reference, 0.0000280 secs]
Desired survivor size 5242880 bytes, new threshold 1 (max 15)
[PSYoungGen: 42258K->2954K(40960K)] 712212K->673709K(727552K), 0.0094441 secs] [Times: user=0.08 sys=0.00, real=0.01 secs] 
2019-02-01T03:24:48.833+0000: 804654.839: Total time for which application threads were stopped: 0.0126136 seconds, Stopping threads took: 0.0000518 seconds
2019-02-01T03:24:50.002+0000: 804656.008: Application time: 1.1691647 seconds
2019-02-01T03:24:50.005+0000: 804656.011: [GC (Allocation Failure) 2019-02-01T03:24:50.010+0000: 804656.015: [SoftReference, 0 refs, 0.0000393 secs]2019-02-01T03:24:50.010+0000: 804656.015: [WeakReference, 9 refs, 0.0000163 secs]2019-02-01T03:24:50.010+0000: 804656.015: [FinalReference, 255 refs, 0.0001316 secs]2019-02-01T03:24:50.010+0000: 804656.016: [PhantomReference, 0 refs, 0 refs, 0.0000142 secs]2019-02-01T03:24:50.010+0000: 804656.016: [JNI Weak Reference, 0.0000273 secs]
Desired survivor size 5242880 bytes, new threshold 1 (max 15)
[PSYoungGen: 40842K->2460K(39936K)] 711597K->674817K(726528K), 0.0086194 secs] [Times: user=0.09 sys=0.01, real=0.01 secs] 
2019-02-01T03:24:50.014+0000: 804656.019: Total time for which application threads were stopped: 0.0117836 seconds, Stopping threads took: 0.0000561 seconds
2019-02-01T03:24:51.055+0000: 804657.060: Application time: 1.0408405 seconds
2019-02-01T03:24:51.058+0000: 804657.064: Total time for which application threads were stopped: 0.0031598 seconds, Stopping threads took: 0.0000888 seconds
2019-02-01T03:24:51.058+0000: 804657.064: Application time: 0.0000764 seconds
2019-02-01T03:24:51.060+0000: 804657.066: [GC (GCLocker Initiated GC) 2019-02-01T03:24:51.064+0000: 804657.070: [SoftReference, 0 refs, 0.0000367 secs]2019-02-01T03:24:51.064+0000: 804657.070: [WeakReference, 15 refs, 0.0000332 secs]2019-02-01T03:24:51.064+0000: 804657.070: [FinalReference, 237 refs, 0.0001290 secs]2019-02-01T03:24:51.065+0000: 804657.070: [PhantomReference, 0 refs, 0 refs, 0.0000141 secs]2019-02-01T03:24:51.065+0000: 804657.070: [JNI Weak Reference, 0.0000274 secs]
Desired survivor size 5242880 bytes, new threshold 1 (max 15)
[PSYoungGen: 39836K->2593K(39936K)] 712194K->676384K(726528K), 0.0094705 secs] [Times: user=0.08 sys=0.00, real=0.01 secs] 
2019-02-01T03:24:51.069+0000: 804657.075: Total time for which application threads were stopped: 0.0116103 seconds, Stopping threads took: 0.0000310 seconds
2019-02-01T03:24:52.067+0000: 804658.073: Application time: 0.9974302 seconds
2019-02-01T03:24:52.070+0000: 804658.076: [GC (Allocation Failure) 2019-02-01T03:24:52.074+0000: 804658.080: [SoftReference, 0 refs, 0.0000324 secs]2019-02-01T03:24:52.074+0000: 804658.080: [WeakReference, 17 refs, 0.0000170 secs]2019-02-01T03:24:52.074+0000: 804658.080: [FinalReference, 255 refs, 0.0001316 secs]2019-02-01T03:24:52.074+0000: 804658.080: [PhantomReference, 0 refs, 0 refs, 0.0000142 secs]2019-02-01T03:24:52.074+0000: 804658.080: [JNI Weak Reference, 0.0000288 secs]
Desired survivor size 4718592 bytes, new threshold 1 (max 15)
[PSYoungGen: 39457K->2934K(39424K)] 713251K->677820K(726016K), 0.0087456 secs] [Times: user=0.09 sys=0.00, real=0.01 secs] 
2019-02-01T03:24:52.079+0000: 804658.085: Total time for which application threads were stopped: 0.0119612 seconds, Stopping threads took: 0.0000624 seconds
2019-02-01T03:24:53.013+0000: 804659.019: Application time: 0.9339199 seconds
2019-02-01T03:24:53.016+0000: 804659.022: [GC (Allocation Failure) 2019-02-01T03:24:53.021+0000: 804659.026: [SoftReference, 0 refs, 0.0000304 secs]2019-02-01T03:24:53.021+0000: 804659.026: [WeakReference, 3 refs, 0.0000140 secs]2019-02-01T03:24:53.021+0000: 804659.026: [FinalReference, 291 refs, 0.0001115 secs]2019-02-01T03:24:53.021+0000: 804659.027: [PhantomReference, 0 refs, 0 refs, 0.0000146 secs]2019-02-01T03:24:53.021+0000: 804659.027: [JNI Weak Reference, 0.0000289 secs]
Desired survivor size 4718592 bytes, new threshold 1 (max 15)
[PSYoungGen: 39280K->2505K(38400K)] 714167K->678649K(724992K), 0.0088804 secs] [Times: user=0.08 sys=0.01, real=0.01 secs] 
2019-02-01T03:24:53.025+0000: 804659.031: Total time for which application threads were stopped: 0.0121245 seconds, Stopping threads took: 0.0001081 seconds
2019-02-01T03:24:54.124+0000: 804660.130: Application time: 1.0994835 seconds
2019-02-01T03:24:54.127+0000: 804660.133: Total time for which application threads were stopped: 0.0030646 seconds, Stopping threads took: 0.0000731 seconds
2019-02-01T03:24:54.128+0000: 804660.133: Application time: 0.0000986 seconds
2019-02-01T03:24:54.130+0000: 804660.135: [GC (GCLocker Initiated GC) 2019-02-01T03:24:54.134+0000: 804660.140: [SoftReference, 0 refs, 0.0000445 secs]2019-02-01T03:24:54.134+0000: 804660.140: [WeakReference, 2 refs, 0.0000213 secs]2019-02-01T03:24:54.134+0000: 804660.140: [FinalReference, 252 refs, 0.0001568 secs]2019-02-01T03:24:54.134+0000: 804660.140: [PhantomReference, 0 refs, 0 refs, 0.0000415 secs]2019-02-01T03:24:54.134+0000: 804660.140: [JNI Weak Reference, 0.0000347 secs]
Desired survivor size 4718592 bytes, new threshold 1 (max 15)
[PSYoungGen: 38345K->2620K(38400K)] 714492K->680092K(724992K), 0.0086657 secs] [Times: user=0.08 sys=0.00, real=0.01 secs] 
2019-02-01T03:24:54.138+0000: 804660.144: Total time for which application threads were stopped: 0.0107910 seconds, Stopping threads took: 0.0000702 seconds
2019-02-01T03:24:55.267+0000: 804661.273: Application time: 1.1289430 seconds
2019-02-01T03:24:55.270+0000: 804661.276: [GC (Allocation Failure) 2019-02-01T03:24:55.275+0000: 804661.281: [SoftReference, 0 refs, 0.0000332 secs]2019-02-01T03:24:55.275+0000: 804661.281: [WeakReference, 6 refs, 0.0000146 secs]2019-02-01T03:24:55.275+0000: 804661.281: [FinalReference, 269 refs, 0.0000917 secs]2019-02-01T03:24:55.275+0000: 804661.281: [PhantomReference, 0 refs, 0 refs, 0.0000143 secs]2019-02-01T03:24:55.275+0000: 804661.281: [JNI Weak Reference, 0.0000224 secs]
Desired survivor size 4718592 bytes, new threshold 1 (max 15)
[PSYoungGen: 37948K->1699K(36864K)] 715424K->679742K(723456K), 0.0085307 secs] [Times: user=0.05 sys=0.00, real=0.01 secs] 
2019-02-01T03:24:55.279+0000: 804661.285: Total time for which application threads were stopped: 0.0118324 seconds, Stopping threads took: 0.0000571 seconds
2019-02-01T03:24:56.426+0000: 804662.431: Application time: 1.1463985 seconds
2019-02-01T03:24:56.429+0000: 804662.434: Total time for which application threads were stopped: 0.0030921 seconds, Stopping threads took: 0.0000617 seconds
2019-02-01T03:24:56.429+0000: 804662.435: Application time: 0.0001348 seconds
2019-02-01T03:24:56.431+0000: 804662.437: [GC (GCLocker Initiated GC) 2019-02-01T03:24:56.435+0000: 804662.441: [SoftReference, 0 refs, 0.0000333 secs]2019-02-01T03:24:56.435+0000: 804662.441: [WeakReference, 6 refs, 0.0000152 secs]2019-02-01T03:24:56.435+0000: 804662.441: [FinalReference, 207 refs, 0.0000909 secs]2019-02-01T03:24:56.435+0000: 804662.441: [PhantomReference, 0 refs, 0 refs, 0.0000142 secs]2019-02-01T03:24:56.435+0000: 804662.441: [JNI Weak Reference, 0.0000224 secs]
Desired survivor size 5242880 bytes, new threshold 1 (max 15)
[PSYoungGen: 36515K->4049K(38400K)] 714562K->682656K(724992K), 0.0081364 secs] [Times: user=0.08 sys=0.00, real=0.01 secs] 
2019-02-01T03:24:56.439+0000: 804662.445: Total time for which application threads were stopped: 0.0102894 seconds, Stopping threads took: 0.0000289 seconds
2019-02-01T03:24:56.984+0000: 804662.990: Application time: 0.5450453 seconds
2019-02-01T03:24:56.987+0000: 804662.993: Total time for which application threads were stopped: 0.0030004 seconds, Stopping threads took: 0.0000516 seconds
2019-02-01T03:24:56.987+0000: 804662.993: Application time: 0.0000547 seconds
2019-02-01T03:24:56.989+0000: 804662.995: Total time for which application threads were stopped: 0.0019184 seconds, Stopping threads took: 0.0000327 seconds
2019-02-01T03:24:57.190+0000: 804663.195: Application time: 0.2004786 seconds
2019-02-01T03:24:57.192+0000: 804663.198: Total time for which application threads were stopped: 0.0026277 seconds, Stopping threads took: 0.0001159 seconds
2019-02-01T03:24:57.192+0000: 804663.198: Application time: 0.0000880 seconds
2019-02-01T03:24:57.194+0000: 804663.200: Total time for which application threads were stopped: 0.0019165 seconds, Stopping threads took: 0.0000822 seconds
2019-02-01T03:24:57.295+0000: 804663.301: Application time: 0.1005454 seconds
2019-02-01T03:24:57.297+0000: 804663.303: Total time for which application threads were stopped: 0.0022087 seconds, Stopping threads took: 0.0000683 seconds
2019-02-01T03:24:57.297+0000: 804663.303: Application time: 0.0000851 seconds
2019-02-01T03:24:57.299+0000: 804663.305: Total time for which application threads were stopped: 0.0018058 seconds, Stopping threads took: 0.0000345 seconds
2019-02-01T03:24:57.517+0000: 804663.523: Application time: 0.2180046 seconds
2019-02-01T03:24:57.520+0000: 804663.525: [GC (Allocation Failure) 2019-02-01T03:24:57.524+0000: 804663.530: [SoftReference, 0 refs, 0.0000323 secs]2019-02-01T03:24:57.524+0000: 804663.530: [WeakReference, 13 refs, 0.0000163 secs]2019-02-01T03:24:57.524+0000: 804663.530: [FinalReference, 254 refs, 0.0000968 secs]2019-02-01T03:24:57.524+0000: 804663.530: [PhantomReference, 0 refs, 0 refs, 0.0000142 secs]2019-02-01T03:24:57.524+0000: 804663.530: [JNI Weak Reference, 0.0000281 secs]
Desired survivor size 4718592 bytes, new threshold 1 (max 15)
[PSYoungGen: 38353K->2703K(36864K)] 716969K->682421K(723456K), 0.0090976 secs] [Times: user=0.09 sys=0.00, real=0.01 secs] 
2019-02-01T03:24:57.529+0000: 804663.534: Total time for which application threads were stopped: 0.0118599 seconds, Stopping threads took: 0.0000443 seconds
2019-02-01T03:24:59.011+0000: 804665.017: Application time: 1.4825821 seconds
2019-02-01T03:24:59.014+0000: 804665.020: [GC (Allocation Failure) 2019-02-01T03:24:59.019+0000: 804665.025: [SoftReference, 0 refs, 0.0000325 secs]2019-02-01T03:24:59.019+0000: 804665.025: [WeakReference, 9 refs, 0.0000155 secs]2019-02-01T03:24:59.019+0000: 804665.025: [FinalReference, 236 refs, 0.0001033 secs]2019-02-01T03:24:59.019+0000: 804665.025: [PhantomReference, 0 refs, 0 refs, 0.0000146 secs]2019-02-01T03:24:59.019+0000: 804665.025: [JNI Weak Reference, 0.0000218 secs]
Desired survivor size 4718592 bytes, new threshold 1 (max 15)
[PSYoungGen: 36495K->2516K(35840K)] 716213K->683090K(722432K), 0.0087116 secs] [Times: user=0.09 sys=0.00, real=0.01 secs] 
2019-02-01T03:24:59.023+0000: 804665.029: Total time for which application threads were stopped: 0.0118406 seconds, Stopping threads took: 0.0000508 seconds
2019-02-01T03:24:59.401+0000: 804665.407: Application time: 0.3783046 seconds
2019-02-01T03:24:59.405+0000: 804665.410: Total time for which application threads were stopped: 0.0031050 seconds, Stopping threads took: 0.0000434 seconds
2019-02-01T03:24:59.405+0000: 804665.410: Application time: 0.0000834 seconds
2019-02-01T03:24:59.407+0000: 804665.412: Total time for which application threads were stopped: 0.0019923 seconds, Stopping threads took: 0.0000373 seconds
2019-02-01T03:24:59.507+0000: 804665.512: Application time: 0.1000209 seconds
2019-02-01T03:24:59.509+0000: 804665.515: Total time for which application threads were stopped: 0.0023167 seconds, Stopping threads took: 0.0000373 seconds
2019-02-01T03:24:59.509+0000: 804665.515: Application time: 0.0000747 seconds
2019-02-01T03:24:59.511+0000: 804665.517: Total time for which application threads were stopped: 0.0018574 seconds, Stopping threads took: 0.0000273 seconds
2019-02-01T03:25:00.413+0000: 804666.419: Application time: 0.9018533 seconds
2019-02-01T03:25:00.416+0000: 804666.422: Total time for which application threads were stopped: 0.0031340 seconds, Stopping threads took: 0.0000950 seconds
2019-02-01T03:25:00.416+0000: 804666.422: Application time: 0.0000593 seconds
2019-02-01T03:25:00.418+0000: 804666.424: Total time for which application threads were stopped: 0.0020772 seconds, Stopping threads took: 0.0000828 seconds
2019-02-01T03:25:00.566+0000: 804666.571: Application time: 0.1475854 seconds
2019-02-01T03:25:00.568+0000: 804666.574: [GC (Allocation Failure) 2019-02-01T03:25:00.572+0000: 804666.578: [SoftReference, 0 refs, 0.0000348 secs]2019-02-01T03:25:00.572+0000: 804666.578: [WeakReference, 22 refs, 0.0000197 secs]2019-02-01T03:25:00.572+0000: 804666.578: [FinalReference, 185 refs, 0.0000809 secs]2019-02-01T03:25:00.572+0000: 804666.578: [PhantomReference, 0 refs, 0 refs, 0.0000148 secs]2019-02-01T03:25:00.572+0000: 804666.578: [JNI Weak Reference, 0.0000220 secs]
Desired survivor size 5242880 bytes, new threshold 1 (max 15)
[PSYoungGen: 35796K->4170K(37376K)] 716370K->685846K(723968K), 0.0084091 secs] [Times: user=0.09 sys=0.01, real=0.01 secs] 
2019-02-01T03:25:00.576+0000: 804666.582: Total time for which application threads were stopped: 0.0106903 seconds, Stopping threads took: 0.0000333 seconds
2019-02-01T03:25:01.906+0000: 804667.912: Application time: 1.3295024 seconds
2019-02-01T03:25:01.909+0000: 804667.915: Total time for which application threads were stopped: 0.0029920 seconds, Stopping threads took: 0.0000587 seconds
2019-02-01T03:25:02.060+0000: 804668.066: Application time: 0.1512078 seconds
2019-02-01T03:25:02.063+0000: 804668.069: [GC (Allocation Failure) 2019-02-01T03:25:02.068+0000: 804668.074: [SoftReference, 0 refs, 0.0000429 secs]2019-02-01T03:25:02.069+0000: 804668.074: [WeakReference, 54 refs, 0.0000354 secs]2019-02-01T03:25:02.069+0000: 804668.074: [FinalReference, 193 refs, 0.0001232 secs]2019-02-01T03:25:02.069+0000: 804668.074: [PhantomReference, 0 refs, 0 refs, 0.0000236 secs]2019-02-01T03:25:02.069+0000: 804668.074: [JNI Weak Reference, 0.0000348 secs]
Desired survivor size 5767168 bytes, new threshold 1 (max 15)
[PSYoungGen: 36938K->2535K(34816K)] 718614K->686140K(721408K), 0.0089021 secs] [Times: user=0.09 sys=0.01, real=0.01 secs] 
2019-02-01T03:25:02.072+0000: 804668.078: Total time for which application threads were stopped: 0.0122998 seconds, Stopping threads took: 0.0000533 seconds
2019-02-01T03:25:02.121+0000: 804668.126: Application time: 0.0482183 seconds
2019-02-01T03:25:02.125+0000: 804668.131: Total time for which application threads were stopped: 0.0048090 seconds, Stopping threads took: 0.0000533 seconds
2019-02-01T03:25:02.126+0000: 804668.131: Application time: 0.0000698 seconds
2019-02-01T03:25:02.128+0000: 804668.134: Total time for which application threads were stopped: 0.0025010 seconds, Stopping threads took: 0.0000905 seconds
2019-02-01T03:25:02.229+0000: 804668.234: Application time: 0.1005883 seconds
2019-02-01T03:25:02.232+0000: 804668.237: Total time for which application threads were stopped: 0.0030627 seconds, Stopping threads took: 0.0000752 seconds
2019-02-01T03:25:02.263+0000: 804668.269: Application time: 0.0313152 seconds
2019-02-01T03:25:02.266+0000: 804668.272: Total time for which application threads were stopped: 0.0030037 seconds, Stopping threads took: 0.0000610 seconds
2019-02-01T03:25:02.273+0000: 804668.279: Application time: 0.0071233 seconds
2019-02-01T03:25:02.275+0000: 804668.281: Total time for which application threads were stopped: 0.0022745 seconds, Stopping threads took: 0.0000673 seconds
2019-02-01T03:25:02.382+0000: 804668.388: Application time: 0.1070854 seconds
2019-02-01T03:25:02.386+0000: 804668.391: Total time for which application threads were stopped: 0.0030639 seconds, Stopping threads took: 0.0001096 seconds
2019-02-01T03:25:02.872+0000: 804668.878: Application time: 0.4869128 seconds
2019-02-01T03:25:02.875+0000: 804668.881: [GC (Allocation Failure) 2019-02-01T03:25:02.880+0000: 804668.886: [SoftReference, 0 refs, 0.0000327 secs]2019-02-01T03:25:02.880+0000: 804668.886: [WeakReference, 44 refs, 0.0000208 secs]2019-02-01T03:25:02.880+0000: 804668.886: [FinalReference, 217 refs, 0.0001167 secs]2019-02-01T03:25:02.881+0000: 804668.886: [PhantomReference, 0 refs, 0 refs, 0.0000144 secs]2019-02-01T03:25:02.881+0000: 804668.886: [JNI Weak Reference, 0.0000279 secs]
Desired survivor size 5242880 bytes, new threshold 1 (max 15)
[PSYoungGen: 34791K->3375K(35328K)] 718396K->688528K(721920K), 0.0098047 secs] [Times: user=0.09 sys=0.00, real=0.00 secs] 
2019-02-01T03:25:02.885+0000: 804668.891: [Full GC (Ergonomics) 2019-02-01T03:25:02.929+0000: 804668.935: [SoftReference, 201 refs, 0.0000851 secs]2019-02-01T03:25:02.929+0000: 804668.935: [WeakReference, 1933 refs, 0.0003159 secs]2019-02-01T03:25:02.929+0000: 804668.935: [FinalReference, 1316 refs, 0.0006053 secs]2019-02-01T03:25:02.930+0000: 804668.936: [PhantomReference, 0 refs, 103 refs, 0.0000262 secs]2019-02-01T03:25:02.930+0000: 804668.936: [JNI Weak Reference, 0.0000278 secs][PSYoungGen: 3375K->0K(35328K)] [ParOldGen: 685152K->633251K(687104K)] 688528K->633251K(722432K), [Metaspace: 75215K->75215K(1118208K)], 0.1601791 secs] [Times: user=2.46 sys=0.00, real=0.17 secs] 
2019-02-01T03:25:03.046+0000: 804669.051: Total time for which application threads were stopped: 0.1732222 seconds, Stopping threads took: 0.0000503 seconds
2019-02-01T03:25:03.046+0000: 804669.052: Application time: 0.0001840 seconds
2019-02-01T03:25:03.049+0000: 804669.055: Total time for which application threads were stopped: 0.0028637 seconds, Stopping threads took: 0.0001125 seconds
2019-02-01T03:25:03.522+0000: 804669.528: Application time: 0.4730671 seconds
2019-02-01T03:25:03.525+0000: 804669.531: Total time for which application threads were stopped: 0.0029458 seconds, Stopping threads took: 0.0000488 seconds
2019-02-01T03:25:03.549+0000: 804669.555: Application time: 0.0245364 seconds
2019-02-01T03:25:03.551+0000: 804669.557: Total time for which application threads were stopped: 0.0019046 seconds, Stopping threads took: 0.0000315 seconds
2019-02-01T03:25:03.551+0000: 804669.557: Application time: 0.0000339 seconds
2019-02-01T03:25:03.552+0000: 804669.558: Total time for which application threads were stopped: 0.0010510 seconds, Stopping threads took: 0.0000195 seconds
2019-02-01T03:25:04.053+0000: 804670.059: Application time: 0.5011653 seconds
2019-02-01T03:25:04.056+0000: 804670.062: Total time for which application threads were stopped: 0.0028353 seconds, Stopping threads took: 0.0000565 seconds
2019-02-01T03:25:04.056+0000: 804670.062: Application time: 0.0000609 seconds
2019-02-01T03:25:04.058+0000: 804670.064: Total time for which application threads were stopped: 0.0018602 seconds, Stopping threads took: 0.0000288 seconds
2019-02-01T03:25:04.178+0000: 804670.183: Application time: 0.1194244 seconds
2019-02-01T03:25:04.180+0000: 804670.186: [GC (Allocation Failure) 2019-02-01T03:25:04.184+0000: 804670.190: [SoftReference, 0 refs, 0.0000323 secs]2019-02-01T03:25:04.184+0000: 804670.190: [WeakReference, 13 refs, 0.0000170 secs]2019-02-01T03:25:04.184+0000: 804670.190: [FinalReference, 206 refs, 0.0000869 secs]2019-02-01T03:25:04.184+0000: 804670.190: [PhantomReference, 0 refs, 0 refs, 0.0000144 secs]2019-02-01T03:25:04.184+0000: 804670.190: [JNI Weak Reference, 0.0000223 secs]
Desired survivor size 5767168 bytes, new threshold 1 (max 15)
[PSYoungGen: 31744K->4158K(35840K)] 664995K->637409K(722944K), 0.0079316 secs] [Times: user=0.07 sys=0.00, real=0.01 secs] 
2019-02-01T03:25:04.188+0000: 804670.194: Total time for which application threads were stopped: 0.0101917 seconds, Stopping threads took: 0.0000338 seconds
2019-02-01T03:25:05.186+0000: 804671.192: Application time: 0.9980189 seconds
2019-02-01T03:25:05.189+0000: 804671.195: [GC (Allocation Failure) 2019-02-01T03:25:05.194+0000: 804671.199: [SoftReference, 0 refs, 0.0000438 secs]2019-02-01T03:25:05.194+0000: 804671.199: [WeakReference, 10 refs, 0.0000166 secs]2019-02-01T03:25:05.194+0000: 804671.199: [FinalReference, 282 refs, 0.0001312 secs]2019-02-01T03:25:05.194+0000: 804671.200: [PhantomReference, 0 refs, 0 refs, 0.0000145 secs]2019-02-01T03:25:05.194+0000: 804671.200: [JNI Weak Reference, 0.0000232 secs]
Desired survivor size 5242880 bytes, new threshold 1 (max 15)
[PSYoungGen: 35390K->3377K(34304K)] 668641K->638058K(721408K), 0.0090784 secs] [Times: user=0.08 sys=0.00, real=0.01 secs] 
2019-02-01T03:25:05.198+0000: 804671.204: Total time for which application threads were stopped: 0.0122225 seconds, Stopping threads took: 0.0000665 seconds
2019-02-01T03:25:06.474+0000: 804672.480: Application time: 1.2759762 seconds
2019-02-01T03:25:06.477+0000: 804672.483: [GC (Allocation Failure) 2019-02-01T03:25:06.481+0000: 804672.487: [SoftReference, 0 refs, 0.0000321 secs]2019-02-01T03:25:06.481+0000: 804672.487: [WeakReference, 10 refs, 0.0000167 secs]2019-02-01T03:25:06.481+0000: 804672.487: [FinalReference, 190 refs, 0.0001129 secs]2019-02-01T03:25:06.481+0000: 804672.487: [PhantomReference, 0 refs, 0 refs, 0.0000221 secs]2019-02-01T03:25:06.481+0000: 804672.487: [JNI Weak Reference, 0.0000227 secs]
Desired survivor size 5242880 bytes, new threshold 1 (max 15)
[PSYoungGen: 34097K->2374K(32768K)] 668778K->637598K(719872K), 0.0077338 secs] [Times: user=0.07 sys=0.01, real=0.00 secs] 
2019-02-01T03:25:06.485+0000: 804672.491: Total time for which application threads were stopped: 0.0107681 seconds, Stopping threads took: 0.0000529 seconds
2019-02-01T03:25:06.563+0000: 804672.569: Application time: 0.0781950 seconds
2019-02-01T03:25:06.566+0000: 804672.571: Total time for which application threads were stopped: 0.0026431 seconds, Stopping threads took: 0.0000360 seconds
2019-02-01T03:25:06.566+0000: 804672.572: Application time: 0.0000914 seconds
2019-02-01T03:25:06.568+0000: 804672.574: Total time for which application threads were stopped: 0.0019463 seconds, Stopping threads took: 0.0000723 seconds
2019-02-01T03:25:07.500+0000: 804673.506: Application time: 0.9325851 seconds
2019-02-01T03:25:07.503+0000: 804673.509: [GC (Allocation Failure) 2019-02-01T03:25:07.508+0000: 804673.514: [SoftReference, 0 refs, 0.0000323 secs]2019-02-01T03:25:07.508+0000: 804673.514: [WeakReference, 11 refs, 0.0000172 secs]2019-02-01T03:25:07.508+0000: 804673.514: [FinalReference, 160 refs, 0.0000886 secs]2019-02-01T03:25:07.508+0000: 804673.514: [PhantomReference, 0 refs, 0 refs, 0.0000141 secs]2019-02-01T03:25:07.508+0000: 804673.514: [JNI Weak Reference, 0.0000273 secs]
Desired survivor size 5242880 bytes, new threshold 1 (max 15)
[PSYoungGen: 32582K->2668K(32768K)] 667806K->638342K(719872K), 0.0087748 secs] [Times: user=0.09 sys=0.00, real=0.01 secs] 
2019-02-01T03:25:07.512+0000: 804673.518: Total time for which application threads were stopped: 0.0118719 seconds, Stopping threads took: 0.0000563 seconds
2019-02-01T03:25:08.378+0000: 804674.384: Application time: 0.8657320 seconds
2019-02-01T03:25:08.381+0000: 804674.387: Total time for which application threads were stopped: 0.0030759 seconds, Stopping threads took: 0.0000594 seconds
2019-02-01T03:25:08.381+0000: 804674.387: Application time: 0.0001409 seconds
2019-02-01T03:25:08.383+0000: 804674.388: [GC (GCLocker Initiated GC) 2019-02-01T03:25:08.387+0000: 804674.393: [SoftReference, 0 refs, 0.0000201 secs]2019-02-01T03:25:08.387+0000: 804674.393: [WeakReference, 13 refs, 0.0000099 secs]2019-02-01T03:25:08.387+0000: 804674.393: [FinalReference, 224 refs, 0.0000894 secs]2019-02-01T03:25:08.387+0000: 804674.393: [PhantomReference, 0 refs, 0 refs, 0.0000086 secs]2019-02-01T03:25:08.387+0000: 804674.393: [JNI Weak Reference, 0.0000146 secs]
Desired survivor size 5242880 bytes, new threshold 1 (max 15)
[PSYoungGen: 32364K->3337K(32768K)] 668040K->639837K(719872K), 0.0074020 secs] [Times: user=0.09 sys=0.01, real=0.01 secs] 
2019-02-01T03:25:08.390+0000: 804674.396: Total time for which application threads were stopped: 0.0089477 seconds, Stopping threads took: 0.0000612 seconds
2019-02-01T03:25:09.179+0000: 804675.185: Application time: 0.7887901 seconds
2019-02-01T03:25:09.182+0000: 804675.187: Total time for which application threads were stopped: 0.0027750 seconds, Stopping threads took: 0.0000938 seconds
2019-02-01T03:25:09.182+0000: 804675.188: Application time: 0.0000805 seconds
2019-02-01T03:25:09.183+0000: 804675.189: [GC (GCLocker Initiated GC) 2019-02-01T03:25:09.189+0000: 804675.194: [SoftReference, 0 refs, 0.0000130 secs]2019-02-01T03:25:09.189+0000: 804675.194: [WeakReference, 7 refs, 0.0000081 secs]2019-02-01T03:25:09.189+0000: 804675.194: [FinalReference, 182 refs, 0.0000669 secs]2019-02-01T03:25:09.189+0000: 804675.194: [PhantomReference, 0 refs, 0 refs, 0.0000078 secs]2019-02-01T03:25:09.189+0000: 804675.194: [JNI Weak Reference, 0.0000153 secs]
Desired survivor size 5242880 bytes, new threshold 1 (max 15)
[PSYoungGen: 32521K->3319K(32256K)] 669024K->641648K(719360K), 0.0086230 secs] [Times: user=0.12 sys=0.01, real=0.01 secs] 
2019-02-01T03:25:09.192+0000: 804675.198: Total time for which application threads were stopped: 0.0101101 seconds, Stopping threads took: 0.0000235 seconds
2019-02-01T03:25:10.005+0000: 804676.011: Application time: 0.8128812 seconds
2019-02-01T03:25:10.008+0000: 804676.013: [GC (Allocation Failure) 2019-02-01T03:25:10.013+0000: 804676.019: [SoftReference, 0 refs, 0.0000322 secs]2019-02-01T03:25:10.013+0000: 804676.019: [WeakReference, 7 refs, 0.0000228 secs]2019-02-01T03:25:10.013+0000: 804676.019: [FinalReference, 214 refs, 0.0000873 secs]2019-02-01T03:25:10.013+0000: 804676.019: [PhantomReference, 0 refs, 0 refs, 0.0000139 secs]2019-02-01T03:25:10.013+0000: 804676.019: [JNI Weak Reference, 0.0000223 secs]
Desired survivor size 5242880 bytes, new threshold 1 (max 15)
[PSYoungGen: 31991K->2824K(37376K)] 670322K->641727K(724480K), 0.0089284 secs] [Times: user=0.12 sys=0.00, real=0.01 secs] 
2019-02-01T03:25:10.017+0000: 804676.022: Total time for which application threads were stopped: 0.0119098 seconds, Stopping threads took: 0.0000480 seconds
2019-02-01T03:25:11.471+0000: 804677.477: Application time: 1.4545346 seconds
2019-02-01T03:25:11.474+0000: 804677.480: [GC (Allocation Failure) 2019-02-01T03:25:11.481+0000: 804677.487: [SoftReference, 0 refs, 0.0000321 secs]2019-02-01T03:25:11.481+0000: 804677.487: [WeakReference, 6 refs, 0.0000151 secs]2019-02-01T03:25:11.481+0000: 804677.487: [FinalReference, 176 refs, 0.0000826 secs]2019-02-01T03:25:11.481+0000: 804677.487: [PhantomReference, 0 refs, 0 refs, 0.0000141 secs]2019-02-01T03:25:11.481+0000: 804677.487: [JNI Weak Reference, 0.0000229 secs]
Desired survivor size 5242880 bytes, new threshold 1 (max 15)
[PSYoungGen: 37128K->2029K(35840K)] 676031K->642145K(722944K), 0.0110255 secs] [Times: user=0.16 sys=0.01, real=0.01 secs] 
2019-02-01T03:25:11.485+0000: 804677.491: Total time for which application threads were stopped: 0.0140110 seconds, Stopping threads took: 0.0000507 seconds
2019-02-01T03:25:12.469+0000: 804678.475: Application time: 0.9838606 seconds
2019-02-01T03:25:12.472+0000: 804678.478: [GC (Allocation Failure) 2019-02-01T03:25:12.481+0000: 804678.487: [SoftReference, 0 refs, 0.0000126 secs]2019-02-01T03:25:12.481+0000: 804678.487: [WeakReference, 20 refs, 0.0000094 secs]2019-02-01T03:25:12.481+0000: 804678.487: [FinalReference, 190 refs, 0.0000675 secs]2019-02-01T03:25:12.481+0000: 804678.487: [PhantomReference, 0 refs, 0 refs, 0.0000079 secs]2019-02-01T03:25:12.481+0000: 804678.487: [JNI Weak Reference, 0.0000149 secs]
Desired survivor size 5242880 bytes, new threshold 1 (max 15)
[PSYoungGen: 35821K->1562K(42496K)] 675937K->642437K(729600K), 0.0130913 secs] [Times: user=0.21 sys=0.00, real=0.01 secs] 
2019-02-01T03:25:12.485+0000: 804678.491: Total time for which application threads were stopped: 0.0160279 seconds, Stopping threads took: 0.0000519 seconds
2019-02-01T03:25:13.819+0000: 804679.825: Application time: 1.3341556 seconds
2019-02-01T03:25:13.822+0000: 804679.828: [GC (Allocation Failure) 2019-02-01T03:25:13.830+0000: 804679.836: [SoftReference, 0 refs, 0.0000326 secs]2019-02-01T03:25:13.830+0000: 804679.836: [WeakReference, 8 refs, 0.0000153 secs]2019-02-01T03:25:13.830+0000: 804679.836: [FinalReference, 277 refs, 0.0001600 secs]2019-02-01T03:25:13.830+0000: 804679.836: [PhantomReference, 0 refs, 0 refs, 0.0000149 secs]2019-02-01T03:25:13.830+0000: 804679.836: [JNI Weak Reference, 0.0000281 secs]
Desired survivor size 5242880 bytes, new threshold 1 (max 15)
[PSYoungGen: 42010K->1767K(49664K)] 682885K->643126K(736768K), 0.0129382 secs] [Times: user=0.19 sys=0.00, real=0.01 secs] 
2019-02-01T03:25:13.835+0000: 804679.841: Total time for which application threads were stopped: 0.0158941 seconds, Stopping threads took: 0.0000462 seconds
2019-02-01T03:25:15.278+0000: 804681.283: Application time: 1.4423849 seconds
2019-02-01T03:25:15.281+0000: 804681.286: [GC (Allocation Failure) 2019-02-01T03:25:15.290+0000: 804681.296: [SoftReference, 0 refs, 0.0000328 secs]2019-02-01T03:25:15.290+0000: 804681.296: [WeakReference, 12 refs, 0.0000171 secs]2019-02-01T03:25:15.290+0000: 804681.296: [FinalReference, 312 refs, 0.0001828 secs]2019-02-01T03:25:15.291+0000: 804681.296: [PhantomReference, 0 refs, 0 refs, 0.0000146 secs]2019-02-01T03:25:15.291+0000: 804681.296: [JNI Weak Reference, 0.0000271 secs]
Desired survivor size 5242880 bytes, new threshold 1 (max 15)
[PSYoungGen: 49383K->3385K(59904K)] 690742K->645265K(747008K), 0.0146425 secs] [Times: user=0.24 sys=0.00, real=0.01 secs] 
2019-02-01T03:25:15.295+0000: 804681.301: Total time for which application threads were stopped: 0.0177288 seconds, Stopping threads took: 0.0000519 seconds
2019-02-01T03:25:16.944+0000: 804682.950: Application time: 1.6488669 seconds
2019-02-01T03:25:16.947+0000: 804682.953: Total time for which application threads were stopped: 0.0030302 seconds, Stopping threads took: 0.0000920 seconds
2019-02-01T03:25:16.947+0000: 804682.953: Application time: 0.0001514 seconds
2019-02-01T03:25:16.949+0000: 804682.955: [GC (GCLocker Initiated GC) 2019-02-01T03:25:16.953+0000: 804682.959: [SoftReference, 0 refs, 0.0000283 secs]2019-02-01T03:25:16.953+0000: 804682.959: [WeakReference, 20 refs, 0.0000181 secs]2019-02-01T03:25:16.953+0000: 804682.959: [FinalReference, 422 refs, 0.0001643 secs]2019-02-01T03:25:16.954+0000: 804682.959: [PhantomReference, 0 refs, 0 refs, 0.0000145 secs]2019-02-01T03:25:16.954+0000: 804682.959: [JNI Weak Reference, 0.0000226 secs]
Desired survivor size 5242880 bytes, new threshold 1 (max 15)
[PSYoungGen: 59684K->3369K(58880K)] 701586K->645783K(745984K), 0.0082629 secs] [Times: user=0.08 sys=0.00, real=0.01 secs] 
2019-02-01T03:25:16.958+0000: 804682.964: Total time for which application threads were stopped: 0.0104252 seconds, Stopping threads took: 0.0000803 seconds
2019-02-01T03:25:18.794+0000: 804684.799: Application time: 1.8357662 seconds
2019-02-01T03:25:18.796+0000: 804684.802: [GC (Allocation Failure) 2019-02-01T03:25:18.803+0000: 804684.809: [SoftReference, 0 refs, 0.0000325 secs]2019-02-01T03:25:18.803+0000: 804684.809: [WeakReference, 5 refs, 0.0000146 secs]2019-02-01T03:25:18.803+0000: 804684.809: [FinalReference, 392 refs, 0.0002025 secs]2019-02-01T03:25:18.803+0000: 804684.809: [PhantomReference, 0 refs, 0 refs, 0.0000145 secs]2019-02-01T03:25:18.803+0000: 804684.809: [JNI Weak Reference, 0.0000282 secs]
Desired survivor size 5242880 bytes, new threshold 1 (max 15)
[PSYoungGen: 58665K->2496K(56832K)] 701861K->646277K(743936K), 0.0105061 secs] [Times: user=0.14 sys=0.00, real=0.01 secs] 
2019-02-01T03:25:18.807+0000: 804684.812: Total time for which application threads were stopped: 0.0130366 seconds, Stopping threads took: 0.0000701 seconds
2019-02-01T03:25:20.219+0000: 804686.224: Application time: 1.4119364 seconds
2019-02-01T03:25:20.222+0000: 804686.228: [GC (Allocation Failure) 2019-02-01T03:25:20.226+0000: 804686.232: [SoftReference, 0 refs, 0.0000330 secs]2019-02-01T03:25:20.226+0000: 804686.232: [WeakReference, 8 refs, 0.0000162 secs]2019-02-01T03:25:20.226+0000: 804686.232: [FinalReference, 403 refs, 0.0001690 secs]2019-02-01T03:25:20.226+0000: 804686.232: [PhantomReference, 0 refs, 0 refs, 0.0000150 secs]2019-02-01T03:25:20.226+0000: 804686.232: [JNI Weak Reference, 0.0000277 secs]
Desired survivor size 5242880 bytes, new threshold 1 (max 15)
[PSYoungGen: 56768K->3894K(57344K)] 700549K->648591K(744448K), 0.0093339 secs] [Times: user=0.09 sys=0.00, real=0.01 secs] 
2019-02-01T03:25:20.231+0000: 804686.237: Total time for which application threads were stopped: 0.0126234 seconds, Stopping threads took: 0.0000889 seconds
2019-02-01T03:25:21.772+0000: 804687.778: Application time: 1.5407515 seconds
2019-02-01T03:25:21.776+0000: 804687.781: [GC (Allocation Failure) 2019-02-01T03:25:21.779+0000: 804687.785: [SoftReference, 0 refs, 0.0000352 secs]2019-02-01T03:25:21.780+0000: 804687.785: [WeakReference, 4 refs, 0.0000211 secs]2019-02-01T03:25:21.780+0000: 804687.785: [FinalReference, 338 refs, 0.0002144 secs]2019-02-01T03:25:21.780+0000: 804687.786: [PhantomReference, 0 refs, 0 refs, 0.0000253 secs]2019-02-01T03:25:21.780+0000: 804687.786: [JNI Weak Reference, 0.0000356 secs]
Desired survivor size 5242880 bytes, new threshold 1 (max 15)
[PSYoungGen: 57142K->2368K(54784K)] 701839K->647832K(741888K), 0.0080446 secs] [Times: user=0.08 sys=0.00, real=0.01 secs] 
2019-02-01T03:25:21.784+0000: 804687.789: Total time for which application threads were stopped: 0.0117099 seconds, Stopping threads took: 0.0000602 seconds
2019-02-01T03:25:23.457+0000: 804689.463: Application time: 1.6733860 seconds
2019-02-01T03:25:23.460+0000: 804689.466: [GC (Allocation Failure) 2019-02-01T03:25:23.464+0000: 804689.470: [SoftReference, 0 refs, 0.0000439 secs]2019-02-01T03:25:23.464+0000: 804689.470: [WeakReference, 4 refs, 0.0000199 secs]2019-02-01T03:25:23.464+0000: 804689.470: [FinalReference, 328 refs, 0.0001676 secs]2019-02-01T03:25:23.464+0000: 804689.470: [PhantomReference, 0 refs, 1 refs, 0.0000155 secs]2019-02-01T03:25:23.464+0000: 804689.470: [JNI Weak Reference, 0.0000227 secs]
Desired survivor size 5242880 bytes, new threshold 1 (max 15)
[PSYoungGen: 54592K->3164K(54784K)] 700056K->649958K(741888K), 0.0078642 secs] [Times: user=0.07 sys=0.01, real=0.00 secs] 
2019-02-01T03:25:23.468+0000: 804689.474: Total time for which application threads were stopped: 0.0110666 seconds, Stopping threads took: 0.0000621 seconds
2019-02-01T03:25:25.214+0000: 804691.220: Application time: 1.7460327 seconds
2019-02-01T03:25:25.217+0000: 804691.223: [GC (Allocation Failure) 2019-02-01T03:25:25.222+0000: 804691.228: [SoftReference, 0 refs, 0.0000299 secs]2019-02-01T03:25:25.222+0000: 804691.228: [WeakReference, 5 refs, 0.0000140 secs]2019-02-01T03:25:25.222+0000: 804691.228: [FinalReference, 257 refs, 0.0000949 secs]2019-02-01T03:25:25.222+0000: 804691.228: [PhantomReference, 0 refs, 0 refs, 0.0000142 secs]2019-02-01T03:25:25.222+0000: 804691.228: [JNI Weak Reference, 0.0000221 secs]
Desired survivor size 5242880 bytes, new threshold 1 (max 15)
[PSYoungGen: 54364K->1966K(52224K)] 701158K->649620K(739328K), 0.0085990 secs] [Times: user=0.10 sys=0.01, real=0.01 secs] 
2019-02-01T03:25:25.226+0000: 804691.232: Total time for which application threads were stopped: 0.0119026 seconds, Stopping threads took: 0.0000901 seconds
2019-02-01T03:25:26.922+0000: 804692.928: Application time: 1.6958043 seconds
2019-02-01T03:25:26.925+0000: 804692.931: [GC (Allocation Failure) 2019-02-01T03:25:26.930+0000: 804692.935: [SoftReference, 0 refs, 0.0000327 secs]2019-02-01T03:25:26.930+0000: 804692.935: [WeakReference, 6 refs, 0.0000147 secs]2019-02-01T03:25:26.930+0000: 804692.935: [FinalReference, 229 refs, 0.0001164 secs]2019-02-01T03:25:26.930+0000: 804692.935: [PhantomReference, 0 refs, 0 refs, 0.0000146 secs]2019-02-01T03:25:26.930+0000: 804692.936: [JNI Weak Reference, 0.0000226 secs]
Desired survivor size 5242880 bytes, new threshold 1 (max 15)
[PSYoungGen: 52142K->1780K(51200K)] 699796K->650107K(738304K), 0.0087611 secs] [Times: user=0.09 sys=0.00, real=0.01 secs] 
2019-02-01T03:25:26.934+0000: 804692.939: Total time for which application threads were stopped: 0.0117233 seconds, Stopping threads took: 0.0000472 seconds
2019-02-01T03:25:28.413+0000: 804694.419: Application time: 1.4796611 seconds
2019-02-01T03:25:28.416+0000: 804694.422: [GC (Allocation Failure) 2019-02-01T03:25:28.422+0000: 804694.428: [SoftReference, 0 refs, 0.0000348 secs]2019-02-01T03:25:28.422+0000: 804694.428: [WeakReference, 17 refs, 0.0000186 secs]2019-02-01T03:25:28.422+0000: 804694.428: [FinalReference, 280 refs, 0.0001390 secs]2019-02-01T03:25:28.422+0000: 804694.428: [PhantomReference, 0 refs, 0 refs, 0.0000146 secs]2019-02-01T03:25:28.422+0000: 804694.428: [JNI Weak Reference, 0.0000243 secs]
Desired survivor size 5242880 bytes, new threshold 1 (max 15)
[PSYoungGen: 50932K->3364K(51712K)] 699259K->652266K(738816K), 0.0098322 secs] [Times: user=0.13 sys=0.01, real=0.01 secs] 
2019-02-01T03:25:28.426+0000: 804694.432: Total time for which application threads were stopped: 0.0130048 seconds, Stopping threads took: 0.0000552 seconds
2019-02-01T03:25:28.447+0000: 804694.452: Application time: 0.0204306 seconds
2019-02-01T03:25:28.449+0000: 804694.455: Total time for which application threads were stopped: 0.0023778 seconds, Stopping threads took: 0.0000583 seconds
2019-02-01T03:25:28.530+0000: 804694.536: Application time: 0.0810552 seconds
2019-02-01T03:25:28.532+0000: 804694.538: Total time for which application threads were stopped: 0.0021846 seconds, Stopping threads took: 0.0000449 seconds
2019-02-01T03:25:28.553+0000: 804694.558: Application time: 0.0203869 seconds
2019-02-01T03:25:28.555+0000: 804694.560: Total time for which application threads were stopped: 0.0018818 seconds, Stopping threads took: 0.0000427 seconds
2019-02-01T03:25:28.565+0000: 804694.571: Application time: 0.0103557 seconds
2019-02-01T03:25:28.567+0000: 804694.573: Total time for which application threads were stopped: 0.0017847 seconds, Stopping threads took: 0.0000417 seconds
2019-02-01T03:25:30.108+0000: 804696.114: Application time: 1.5414966 seconds
2019-02-01T03:25:30.111+0000: 804696.117: [GC (Allocation Failure) 2019-02-01T03:25:30.116+0000: 804696.122: [SoftReference, 0 refs, 0.0000200 secs]2019-02-01T03:25:30.116+0000: 804696.122: [WeakReference, 24 refs, 0.0000120 secs]2019-02-01T03:25:30.116+0000: 804696.122: [FinalReference, 345 refs, 0.0001374 secs]2019-02-01T03:25:30.116+0000: 804696.122: [PhantomReference, 0 refs, 0 refs, 0.0000081 secs]2019-02-01T03:25:30.116+0000: 804696.122: [JNI Weak Reference, 0.0000210 secs]
Desired survivor size 5242880 bytes, new threshold 1 (max 15)
[PSYoungGen: 51492K->3326K(50688K)] 700394K->652957K(737792K), 0.0077599 secs] [Times: user=0.07 sys=0.00, real=0.00 secs] 
2019-02-01T03:25:30.119+0000: 804696.125: Total time for which application threads were stopped: 0.0108586 seconds, Stopping threads took: 0.0000640 seconds
2019-02-01T03:25:31.649+0000: 804697.655: Application time: 1.5302341 seconds
2019-02-01T03:25:31.652+0000: 804697.658: [GC (Allocation Failure) 2019-02-01T03:25:31.659+0000: 804697.665: [SoftReference, 0 refs, 0.0000322 secs]2019-02-01T03:25:31.659+0000: 804697.665: [WeakReference, 10 refs, 0.0000163 secs]2019-02-01T03:25:31.659+0000: 804697.665: [FinalReference, 272 refs, 0.0001207 secs]2019-02-01T03:25:31.659+0000: 804697.665: [PhantomReference, 0 refs, 0 refs, 0.0000084 secs]2019-02-01T03:25:31.659+0000: 804697.665: [JNI Weak Reference, 0.0000149 secs]
Desired survivor size 5767168 bytes, new threshold 1 (max 15)
[PSYoungGen: 50430K->3583K(49664K)] 700061K->654163K(736768K), 0.0099251 secs] [Times: user=0.18 sys=0.00, real=0.01 secs] 
2019-02-01T03:25:31.662+0000: 804697.668: Total time for which application threads were stopped: 0.0128489 seconds, Stopping threads took: 0.0000654 seconds
2019-02-01T03:25:33.112+0000: 804699.118: Application time: 1.4500742 seconds
2019-02-01T03:25:33.115+0000: 804699.121: [GC (Allocation Failure) 2019-02-01T03:25:33.120+0000: 804699.125: [SoftReference, 0 refs, 0.0000322 secs]2019-02-01T03:25:33.120+0000: 804699.126: [WeakReference, 4 refs, 0.0000140 secs]2019-02-01T03:25:33.120+0000: 804699.126: [FinalReference, 308 refs, 0.0001525 secs]2019-02-01T03:25:33.120+0000: 804699.126: [PhantomReference, 0 refs, 0 refs, 0.0000147 secs]2019-02-01T03:25:33.120+0000: 804699.126: [JNI Weak Reference, 0.0000278 secs]
Desired survivor size 5767168 bytes, new threshold 1 (max 15)
[PSYoungGen: 49663K->4331K(49664K)] 700243K->656859K(736768K), 0.0085658 secs] [Times: user=0.09 sys=0.00, real=0.01 secs] 
2019-02-01T03:25:33.124+0000: 804699.130: Total time for which application threads were stopped: 0.0117600 seconds, Stopping threads took: 0.0000603 seconds
2019-02-01T03:25:34.529+0000: 804700.535: Application time: 1.4052313 seconds
2019-02-01T03:25:34.532+0000: 804700.538: [GC (Allocation Failure) 2019-02-01T03:25:34.536+0000: 804700.542: [SoftReference, 0 refs, 0.0000344 secs]2019-02-01T03:25:34.536+0000: 804700.542: [WeakReference, 5 refs, 0.0000088 secs]2019-02-01T03:25:34.536+0000: 804700.542: [FinalReference, 298 refs, 0.0001113 secs]2019-02-01T03:25:34.536+0000: 804700.542: [PhantomReference, 0 refs, 0 refs, 0.0000082 secs]2019-02-01T03:25:34.536+0000: 804700.542: [JNI Weak Reference, 0.0000147 secs]
Desired survivor size 5767168 bytes, new threshold 1 (max 15)
[PSYoungGen: 49387K->2039K(46080K)] 701915K->656070K(733184K), 0.0066398 secs] [Times: user=0.08 sys=0.00, real=0.00 secs] 
2019-02-01T03:25:34.539+0000: 804700.544: Total time for which application threads were stopped: 0.0094488 seconds, Stopping threads took: 0.0000594 seconds
2019-02-01T03:25:36.030+0000: 804702.036: Application time: 1.4915171 seconds
2019-02-01T03:25:36.033+0000: 804702.039: [GC (Allocation Failure) 2019-02-01T03:25:36.038+0000: 804702.043: [SoftReference, 0 refs, 0.0000298 secs]2019-02-01T03:25:36.038+0000: 804702.043: [WeakReference, 18 refs, 0.0000170 secs]2019-02-01T03:25:36.038+0000: 804702.044: [FinalReference, 214 refs, 0.0001079 secs]2019-02-01T03:25:36.038+0000: 804702.044: [PhantomReference, 0 refs, 0 refs, 0.0000142 secs]2019-02-01T03:25:36.038+0000: 804702.044: [JNI Weak Reference, 0.0000220 secs]
Desired survivor size 5767168 bytes, new threshold 1 (max 15)
[PSYoungGen: 46071K->2764K(46592K)] 700102K->657797K(733696K), 0.0083756 secs] [Times: user=0.10 sys=0.00, real=0.01 secs] 
2019-02-01T03:25:36.042+0000: 804702.047: Total time for which application threads were stopped: 0.0114521 seconds, Stopping threads took: 0.0000524 seconds
2019-02-01T03:25:37.318+0000: 804703.324: Application time: 1.2760408 seconds
2019-02-01T03:25:37.321+0000: 804703.327: [GC (Allocation Failure) 2019-02-01T03:25:37.327+0000: 804703.332: [SoftReference, 0 refs, 0.0000243 secs]2019-02-01T03:25:37.327+0000: 804703.332: [WeakReference, 22 refs, 0.0000121 secs]2019-02-01T03:25:37.327+0000: 804703.332: [FinalReference, 327 refs, 0.0000756 secs]2019-02-01T03:25:37.327+0000: 804703.333: [PhantomReference, 0 refs, 0 refs, 0.0000083 secs]2019-02-01T03:25:37.327+0000: 804703.333: [JNI Weak Reference, 0.0000150 secs]
Desired survivor size 6291456 bytes, new threshold 1 (max 15)
[PSYoungGen: 46284K->4959K(48128K)] 701317K->661262K(735232K), 0.0083859 secs] [Times: user=0.14 sys=0.00, real=0.00 secs] 
2019-02-01T03:25:37.329+0000: 804703.335: Total time for which application threads were stopped: 0.0115403 seconds, Stopping threads took: 0.0000613 seconds
2019-02-01T03:25:38.376+0000: 804704.382: Application time: 1.0471708 seconds
2019-02-01T03:25:38.379+0000: 804704.385: [GC (Allocation Failure) 2019-02-01T03:25:38.388+0000: 804704.394: [SoftReference, 0 refs, 0.0000320 secs]2019-02-01T03:25:38.388+0000: 804704.394: [WeakReference, 22 refs, 0.0000175 secs]2019-02-01T03:25:38.388+0000: 804704.394: [FinalReference, 322 refs, 0.0001229 secs]2019-02-01T03:25:38.388+0000: 804704.394: [PhantomReference, 0 refs, 0 refs, 0.0000143 secs]2019-02-01T03:25:38.388+0000: 804704.394: [JNI Weak Reference, 0.0000221 secs]
Desired survivor size 6291456 bytes, new threshold 1 (max 15)
[PSYoungGen: 47967K->4635K(47616K)] 704270K->662227K(734720K), 0.0125858 secs] [Times: user=0.20 sys=0.01, real=0.02 secs] 
2019-02-01T03:25:38.392+0000: 804704.398: Total time for which application threads were stopped: 0.0155999 seconds, Stopping threads took: 0.0000520 seconds
2019-02-01T03:25:39.566+0000: 804705.572: Application time: 1.1737620 seconds
2019-02-01T03:25:39.569+0000: 804705.575: [GC (Allocation Failure) 2019-02-01T03:25:39.574+0000: 804705.580: [SoftReference, 0 refs, 0.0000325 secs]2019-02-01T03:25:39.574+0000: 804705.580: [WeakReference, 12 refs, 0.0000201 secs]2019-02-01T03:25:39.574+0000: 804705.580: [FinalReference, 353 refs, 0.0001257 secs]2019-02-01T03:25:39.574+0000: 804705.580: [PhantomReference, 0 refs, 0 refs, 0.0000146 secs]2019-02-01T03:25:39.574+0000: 804705.580: [JNI Weak Reference, 0.0000223 secs]
Desired survivor size 6815744 bytes, new threshold 1 (max 15)
[PSYoungGen: 47131K->2557K(44544K)] 704723K->662174K(731648K), 0.0085983 secs] [Times: user=0.11 sys=0.00, real=0.01 secs] 
2019-02-01T03:25:39.577+0000: 804705.583: Total time for which application threads were stopped: 0.0116193 seconds, Stopping threads took: 0.0000506 seconds
2019-02-01T03:25:41.195+0000: 804707.201: Application time: 1.6177510 seconds
2019-02-01T03:25:41.198+0000: 804707.204: [GC (Allocation Failure) 2019-02-01T03:25:41.203+0000: 804707.209: [SoftReference, 0 refs, 0.0000326 secs]2019-02-01T03:25:41.203+0000: 804707.209: [WeakReference, 28 refs, 0.0000194 secs]2019-02-01T03:25:41.203+0000: 804707.209: [FinalReference, 316 refs, 0.0001034 secs]2019-02-01T03:25:41.204+0000: 804707.209: [PhantomReference, 0 refs, 0 refs, 0.0000144 secs]2019-02-01T03:25:41.204+0000: 804707.209: [JNI Weak Reference, 0.0000231 secs]
Desired survivor size 6815744 bytes, new threshold 1 (max 15)
[PSYoungGen: 44541K->4330K(46080K)] 704158K->665665K(733184K), 0.0091836 secs] [Times: user=0.12 sys=0.00, real=0.01 secs] 
2019-02-01T03:25:41.207+0000: 804707.213: Total time for which application threads were stopped: 0.0122699 seconds, Stopping threads took: 0.0000546 seconds
2019-02-01T03:25:42.294+0000: 804708.300: Application time: 1.0866878 seconds
2019-02-01T03:25:42.297+0000: 804708.303: [GC (Allocation Failure) 2019-02-01T03:25:42.302+0000: 804708.308: [SoftReference, 0 refs, 0.0000325 secs]2019-02-01T03:25:42.302+0000: 804708.308: [WeakReference, 19 refs, 0.0000181 secs]2019-02-01T03:25:42.302+0000: 804708.308: [FinalReference, 317 refs, 0.0001363 secs]2019-02-01T03:25:42.303+0000: 804708.308: [PhantomReference, 0 refs, 0 refs, 0.0000147 secs]2019-02-01T03:25:42.303+0000: 804708.308: [JNI Weak Reference, 0.0000226 secs]
Desired survivor size 6291456 bytes, new threshold 1 (max 15)
[PSYoungGen: 45802K->3240K(44544K)] 707137K->666057K(731648K), 0.0090636 secs] [Times: user=0.09 sys=0.01, real=0.01 secs] 
2019-02-01T03:25:42.306+0000: 804708.312: Total time for which application threads were stopped: 0.0121847 seconds, Stopping threads took: 0.0001211 seconds
2019-02-01T03:25:43.652+0000: 804709.658: Application time: 1.3455056 seconds
2019-02-01T03:25:43.655+0000: 804709.661: [GC (Allocation Failure) 2019-02-01T03:25:43.663+0000: 804709.668: [SoftReference, 0 refs, 0.0000309 secs]2019-02-01T03:25:43.663+0000: 804709.668: [WeakReference, 19 refs, 0.0000234 secs]2019-02-01T03:25:43.663+0000: 804709.668: [FinalReference, 241 refs, 0.0000950 secs]2019-02-01T03:25:43.663+0000: 804709.668: [PhantomReference, 0 refs, 0 refs, 0.0000142 secs]2019-02-01T03:25:43.663+0000: 804709.669: [JNI Weak Reference, 0.0000226 secs]
Desired survivor size 6291456 bytes, new threshold 1 (max 15)
[PSYoungGen: 44200K->2356K(43008K)] 707017K->666234K(730112K), 0.0117134 secs] [Times: user=0.18 sys=0.00, real=0.01 secs] 
2019-02-01T03:25:43.667+0000: 804709.672: Total time for which application threads were stopped: 0.0147939 seconds, Stopping threads took: 0.0000472 seconds
2019-02-01T03:25:44.762+0000: 804710.768: Application time: 1.0955955 seconds
2019-02-01T03:25:44.765+0000: 804710.771: [GC (Allocation Failure) 2019-02-01T03:25:44.769+0000: 804710.775: [SoftReference, 0 refs, 0.0000326 secs]2019-02-01T03:25:44.769+0000: 804710.775: [WeakReference, 8 refs, 0.0000153 secs]2019-02-01T03:25:44.769+0000: 804710.775: [FinalReference, 263 refs, 0.0001255 secs]2019-02-01T03:25:44.769+0000: 804710.775: [PhantomReference, 0 refs, 0 refs, 0.0000145 secs]2019-02-01T03:25:44.769+0000: 804710.775: [JNI Weak Reference, 0.0000221 secs]
Desired survivor size 6291456 bytes, new threshold 1 (max 15)
[PSYoungGen: 42768K->2229K(42496K)] 706645K->666880K(729600K), 0.0079044 secs] [Times: user=0.07 sys=0.01, real=0.01 secs] 
2019-02-01T03:25:44.773+0000: 804710.779: Total time for which application threads were stopped: 0.0109338 seconds, Stopping threads took: 0.0000490 seconds
2019-02-01T03:25:45.535+0000: 804711.541: Application time: 0.7616683 seconds
2019-02-01T03:25:45.538+0000: 804711.544: [GC (Allocation Failure) 2019-02-01T03:25:45.542+0000: 804711.547: [SoftReference, 0 refs, 0.0000313 secs]2019-02-01T03:25:45.542+0000: 804711.547: [WeakReference, 6 refs, 0.0000216 secs]2019-02-01T03:25:45.542+0000: 804711.547: [FinalReference, 385 refs, 0.0001663 secs]2019-02-01T03:25:45.542+0000: 804711.548: [PhantomReference, 0 refs, 0 refs, 0.0000143 secs]2019-02-01T03:25:45.542+0000: 804711.548: [JNI Weak Reference, 0.0000220 secs]
Desired survivor size 6291456 bytes, new threshold 1 (max 15)
[PSYoungGen: 42165K->1906K(41472K)] 706816K->667412K(728576K), 0.0078782 secs] [Times: user=0.09 sys=0.00, real=0.01 secs] 
2019-02-01T03:25:45.546+0000: 804711.552: Total time for which application threads were stopped: 0.0108943 seconds, Stopping threads took: 0.0000511 seconds
2019-02-01T03:25:46.987+0000: 804712.993: Application time: 1.4415941 seconds
2019-02-01T03:25:46.990+0000: 804712.996: [GC (Allocation Failure) 2019-02-01T03:25:46.994+0000: 804713.000: [SoftReference, 0 refs, 0.0000325 secs]2019-02-01T03:25:46.994+0000: 804713.000: [WeakReference, 40 refs, 0.0000206 secs]2019-02-01T03:25:46.994+0000: 804713.000: [FinalReference, 254 refs, 0.0000977 secs]2019-02-01T03:25:46.994+0000: 804713.000: [PhantomReference, 0 refs, 0 refs, 0.0000144 secs]2019-02-01T03:25:46.994+0000: 804713.000: [JNI Weak Reference, 0.0000276 secs]
Desired survivor size 6291456 bytes, new threshold 1 (max 15)
[PSYoungGen: 41330K->3284K(42496K)] 706836K->669585K(729600K), 0.0079497 secs] [Times: user=0.07 sys=0.01, real=0.01 secs] 
2019-02-01T03:25:46.998+0000: 804713.004: Total time for which application threads were stopped: 0.0109907 seconds, Stopping threads took: 0.0000492 seconds
2019-02-01T03:25:47.850+0000: 804713.856: Application time: 0.8515282 seconds
2019-02-01T03:25:47.853+0000: 804713.859: Total time for which application threads were stopped: 0.0029992 seconds, Stopping threads took: 0.0001112 seconds
2019-02-01T03:25:48.272+0000: 804714.278: Application time: 0.4193085 seconds
2019-02-01T03:25:48.275+0000: 804714.281: [GC (Allocation Failure) 2019-02-01T03:25:48.281+0000: 804714.287: [SoftReference, 0 refs, 0.0000374 secs]2019-02-01T03:25:48.281+0000: 804714.287: [WeakReference, 32 refs, 0.0000206 secs]2019-02-01T03:25:48.281+0000: 804714.287: [FinalReference, 304 refs, 0.0001344 secs]2019-02-01T03:25:48.281+0000: 804714.287: [PhantomReference, 0 refs, 0 refs, 0.0000144 secs]2019-02-01T03:25:48.281+0000: 804714.287: [JNI Weak Reference, 0.0000249 secs]
Desired survivor size 6291456 bytes, new threshold 1 (max 15)
[PSYoungGen: 42191K->4177K(43008K)] 708493K->672005K(730112K), 0.0098600 secs] [Times: user=0.14 sys=0.00, real=0.01 secs] 
2019-02-01T03:25:48.285+0000: 804714.291: Total time for which application threads were stopped: 0.0129452 seconds, Stopping threads took: 0.0000480 seconds
2019-02-01T03:25:49.404+0000: 804715.410: Application time: 1.1186180 seconds
2019-02-01T03:25:49.407+0000: 804715.412: Total time for which application threads were stopped: 0.0029444 seconds, Stopping threads took: 0.0000590 seconds
2019-02-01T03:25:49.407+0000: 804715.413: Application time: 0.0001803 seconds
2019-02-01T03:25:49.409+0000: 804715.415: [GC (GCLocker Initiated GC) 2019-02-01T03:25:49.413+0000: 804715.418: [SoftReference, 0 refs, 0.0000300 secs]2019-02-01T03:25:49.413+0000: 804715.418: [WeakReference, 41 refs, 0.0000203 secs]2019-02-01T03:25:49.413+0000: 804715.418: [FinalReference, 305 refs, 0.0001274 secs]2019-02-01T03:25:49.413+0000: 804715.419: [PhantomReference, 0 refs, 0 refs, 0.0000141 secs]2019-02-01T03:25:49.413+0000: 804715.419: [JNI Weak Reference, 0.0000221 secs]
Desired survivor size 5767168 bytes, new threshold 1 (max 15)
[PSYoungGen: 42577K->2728K(40960K)] 710410K->671513K(728064K), 0.0077897 secs] [Times: user=0.08 sys=0.00, real=0.01 secs] 
2019-02-01T03:25:49.417+0000: 804715.422: Total time for which application threads were stopped: 0.0097706 seconds, Stopping threads took: 0.0000763 seconds
2019-02-01T03:25:50.945+0000: 804716.950: Application time: 1.5278380 seconds
2019-02-01T03:25:50.948+0000: 804716.953: [GC (Allocation Failure) 2019-02-01T03:25:50.952+0000: 804716.958: [SoftReference, 0 refs, 0.0000399 secs]2019-02-01T03:25:50.952+0000: 804716.958: [WeakReference, 59 refs, 0.0000390 secs]2019-02-01T03:25:50.952+0000: 804716.958: [FinalReference, 192 refs, 0.0000939 secs]2019-02-01T03:25:50.952+0000: 804716.958: [PhantomReference, 0 refs, 0 refs, 0.0000141 secs]2019-02-01T03:25:50.952+0000: 804716.958: [JNI Weak Reference, 0.0000222 secs]
Desired survivor size 5767168 bytes, new threshold 1 (max 15)
[PSYoungGen: 40616K->3388K(40960K)] 709403K->673426K(728064K), 0.0080648 secs] [Times: user=0.08 sys=0.00, real=0.01 secs] 
2019-02-01T03:25:50.956+0000: 804716.961: Total time for which application threads were stopped: 0.0111505 seconds, Stopping threads took: 0.0001231 seconds
2019-02-01T03:25:51.702+0000: 804717.708: Application time: 0.7463136 seconds
2019-02-01T03:25:51.705+0000: 804717.711: [GC (Allocation Failure) 2019-02-01T03:25:51.714+0000: 804717.720: [SoftReference, 0 refs, 0.0000328 secs]2019-02-01T03:25:51.714+0000: 804717.720: [WeakReference, 10 refs, 0.0000157 secs]2019-02-01T03:25:51.714+0000: 804717.720: [FinalReference, 264 refs, 0.0001240 secs]2019-02-01T03:25:51.714+0000: 804717.720: [PhantomReference, 0 refs, 0 refs, 0.0000144 secs]2019-02-01T03:25:51.714+0000: 804717.720: [JNI Weak Reference, 0.0000229 secs]
Desired survivor size 5767168 bytes, new threshold 1 (max 15)
[PSYoungGen: 40732K->3198K(47616K)] 710770K->674193K(734720K), 0.0128021 secs] [Times: user=0.23 sys=0.00, real=0.01 secs] 
2019-02-01T03:25:51.718+0000: 804717.724: Total time for which application threads were stopped: 0.0158628 seconds, Stopping threads took: 0.0000509 seconds
2019-02-01T03:25:52.932+0000: 804718.938: Application time: 1.2140279 seconds
2019-02-01T03:25:52.935+0000: 804718.941: [GC (Allocation Failure) 2019-02-01T03:25:52.940+0000: 804718.945: [SoftReference, 0 refs, 0.0000331 secs]2019-02-01T03:25:52.940+0000: 804718.945: [WeakReference, 12 refs, 0.0000168 secs]2019-02-01T03:25:52.940+0000: 804718.945: [FinalReference, 375 refs, 0.0001608 secs]2019-02-01T03:25:52.940+0000: 804718.946: [PhantomReference, 0 refs, 0 refs, 0.0000146 secs]2019-02-01T03:25:52.940+0000: 804718.946: [JNI Weak Reference, 0.0000225 secs]
Desired survivor size 5242880 bytes, new threshold 1 (max 15)
[PSYoungGen: 47230K->2697K(46592K)] 718225K->674379K(733696K), 0.0089284 secs] [Times: user=0.07 sys=0.00, real=0.01 secs] 
2019-02-01T03:25:52.944+0000: 804718.950: Total time for which application threads were stopped: 0.0119696 seconds, Stopping threads took: 0.0000770 seconds
2019-02-01T03:25:54.338+0000: 804720.344: Application time: 1.3943047 seconds
2019-02-01T03:25:54.341+0000: 804720.347: [GC (Allocation Failure) 2019-02-01T03:25:54.347+0000: 804720.353: [SoftReference, 0 refs, 0.0000326 secs]2019-02-01T03:25:54.347+0000: 804720.353: [WeakReference, 48 refs, 0.0000221 secs]2019-02-01T03:25:54.347+0000: 804720.353: [FinalReference, 266 refs, 0.0001076 secs]2019-02-01T03:25:54.348+0000: 804720.353: [PhantomReference, 0 refs, 0 refs, 0.0000147 secs]2019-02-01T03:25:54.348+0000: 804720.353: [JNI Weak Reference, 0.0000266 secs]
Desired survivor size 5242880 bytes, new threshold 1 (max 15)
[PSYoungGen: 46216K->2640K(46080K)] 717899K->675010K(733184K), 0.0103563 secs] [Times: user=0.15 sys=0.00, real=0.01 secs] 
2019-02-01T03:25:54.352+0000: 804720.357: Total time for which application threads were stopped: 0.0134640 seconds, Stopping threads took: 0.0000564 seconds
2019-02-01T03:25:55.944+0000: 804721.950: Application time: 1.5924914 seconds
2019-02-01T03:25:55.947+0000: 804721.953: Total time for which application threads were stopped: 0.0029214 seconds, Stopping threads took: 0.0000758 seconds
2019-02-01T03:25:55.947+0000: 804721.953: Application time: 0.0001429 seconds
2019-02-01T03:25:55.949+0000: 804721.955: [GC (GCLocker Initiated GC) 2019-02-01T03:25:55.958+0000: 804721.964: [SoftReference, 0 refs, 0.0000326 secs]2019-02-01T03:25:55.958+0000: 804721.964: [WeakReference, 11 refs, 0.0000162 secs]2019-02-01T03:25:55.958+0000: 804721.964: [FinalReference, 236 refs, 0.0001117 secs]2019-02-01T03:25:55.958+0000: 804721.964: [PhantomReference, 0 refs, 0 refs, 0.0000238 secs]2019-02-01T03:25:55.958+0000: 804721.964: [JNI Weak Reference, 0.0000228 secs]
Desired survivor size 5242880 bytes, new threshold 1 (max 15)
[PSYoungGen: 45646K->2380K(45056K)] 718053K->675590K(732160K), 0.0131582 secs] [Times: user=0.23 sys=0.00, real=0.01 secs] 
2019-02-01T03:25:55.962+0000: 804721.968: Total time for which application threads were stopped: 0.0151562 seconds, Stopping threads took: 0.0000789 seconds
2019-02-01T03:25:57.687+0000: 804723.693: Application time: 1.7246143 seconds
2019-02-01T03:25:57.690+0000: 804723.696: [GC (Allocation Failure) 2019-02-01T03:25:57.694+0000: 804723.700: [SoftReference, 0 refs, 0.0000326 secs]2019-02-01T03:25:57.694+0000: 804723.700: [WeakReference, 23 refs, 0.0000182 secs]2019-02-01T03:25:57.694+0000: 804723.700: [FinalReference, 250 refs, 0.0001170 secs]2019-02-01T03:25:57.694+0000: 804723.700: [PhantomReference, 0 refs, 0 refs, 0.0000143 secs]2019-02-01T03:25:57.694+0000: 804723.700: [JNI Weak Reference, 0.0000232 secs]
Desired survivor size 5242880 bytes, new threshold 1 (max 15)
[PSYoungGen: 44876K->3182K(45568K)] 718089K->677172K(732672K), 0.0079370 secs] [Times: user=0.08 sys=0.00, real=0.01 secs] 
2019-02-01T03:25:57.698+0000: 804723.704: Total time for which application threads were stopped: 0.0110258 seconds, Stopping threads took: 0.0000508 seconds
2019-02-01T03:25:58.501+0000: 804724.507: Application time: 0.8030381 seconds
2019-02-01T03:25:58.504+0000: 804724.510: Total time for which application threads were stopped: 0.0030578 seconds, Stopping threads took: 0.0000485 seconds
2019-02-01T03:25:58.592+0000: 804724.598: Application time: 0.0883193 seconds
2019-02-01T03:25:58.595+0000: 804724.601: [GC (Allocation Failure) 2019-02-01T03:25:58.600+0000: 804724.606: [SoftReference, 0 refs, 0.0000327 secs]2019-02-01T03:25:58.600+0000: 804724.606: [WeakReference, 19 refs, 0.0000174 secs]2019-02-01T03:25:58.600+0000: 804724.606: [FinalReference, 234 refs, 0.0001112 secs]2019-02-01T03:25:58.600+0000: 804724.606: [PhantomReference, 0 refs, 0 refs, 0.0000144 secs]2019-02-01T03:25:58.600+0000: 804724.606: [JNI Weak Reference, 0.0000231 secs]
Desired survivor size 5242880 bytes, new threshold 1 (max 15)
[PSYoungGen: 45166K->3122K(45056K)] 719156K->678527K(732160K), 0.0094132 secs] [Times: user=0.08 sys=0.01, real=0.01 secs] 
2019-02-01T03:25:58.604+0000: 804724.610: Total time for which application threads were stopped: 0.0118192 seconds, Stopping threads took: 0.0000316 seconds
2019-02-01T03:25:58.769+0000: 804724.774: Application time: 0.1643375 seconds
2019-02-01T03:25:58.771+0000: 804724.777: Total time for which application threads were stopped: 0.0024985 seconds, Stopping threads took: 0.0000581 seconds
2019-02-01T03:25:59.006+0000: 804725.012: Application time: 0.2349755 seconds
2019-02-01T03:25:59.009+0000: 804725.014: Total time for which application threads were stopped: 0.0024866 seconds, Stopping threads took: 0.0000238 seconds
2019-02-01T03:25:59.094+0000: 804725.100: Application time: 0.0855242 seconds
2019-02-01T03:25:59.096+0000: 804725.102: Total time for which application threads were stopped: 0.0022162 seconds, Stopping threads took: 0.0000337 seconds
2019-02-01T03:25:59.410+0000: 804725.415: Application time: 0.3133763 seconds
2019-02-01T03:25:59.412+0000: 804725.418: Total time for which application threads were stopped: 0.0024339 seconds, Stopping threads took: 0.0000480 seconds
2019-02-01T03:25:59.812+0000: 804725.818: Application time: 0.4002631 seconds
2019-02-01T03:25:59.815+0000: 804725.821: Total time for which application threads were stopped: 0.0028215 seconds, Stopping threads took: 0.0001004 seconds
2019-02-01T03:26:00.113+0000: 804726.119: Application time: 0.2976695 seconds
2019-02-01T03:26:00.116+0000: 804726.122: Total time for which application threads were stopped: 0.0028634 seconds, Stopping threads took: 0.0000415 seconds
2019-02-01T03:26:00.141+0000: 804726.147: Application time: 0.0255050 seconds
2019-02-01T03:26:00.144+0000: 804726.149: Total time for which application threads were stopped: 0.0023448 seconds, Stopping threads took: 0.0001033 seconds
2019-02-01T03:26:00.396+0000: 804726.402: Application time: 0.2527435 seconds
2019-02-01T03:26:00.399+0000: 804726.405: [GC (Allocation Failure) 2019-02-01T03:26:00.404+0000: 804726.409: [SoftReference, 0 refs, 0.0000295 secs]2019-02-01T03:26:00.404+0000: 804726.409: [WeakReference, 11 refs, 0.0000158 secs]2019-02-01T03:26:00.404+0000: 804726.409: [FinalReference, 217 refs, 0.0000950 secs]2019-02-01T03:26:00.404+0000: 804726.409: [PhantomReference, 0 refs, 0 refs, 0.0000140 secs]2019-02-01T03:26:00.404+0000: 804726.410: [JNI Weak Reference, 0.0000229 secs]
Desired survivor size 5242880 bytes, new threshold 1 (max 15)
[PSYoungGen: 44594K->1794K(43008K)] 719999K->678319K(730112K), 0.0087052 secs] [Times: user=0.11 sys=0.00, real=0.01 secs] 
2019-02-01T03:26:00.408+0000: 804726.413: Total time for which application threads were stopped: 0.0112581 seconds, Stopping threads took: 0.0000406 seconds
2019-02-01T03:26:00.917+0000: 804726.923: Application time: 0.5098096 seconds
2019-02-01T03:26:00.920+0000: 804726.926: Total time for which application threads were stopped: 0.0029811 seconds, Stopping threads took: 0.0000846 seconds
2019-02-01T03:26:00.921+0000: 804726.926: Application time: 0.0000911 seconds
2019-02-01T03:26:00.922+0000: 804726.928: Total time for which application threads were stopped: 0.0019233 seconds, Stopping threads took: 0.0000701 seconds
2019-02-01T03:26:01.424+0000: 804727.429: Application time: 0.5012568 seconds
2019-02-01T03:26:01.427+0000: 804727.433: Total time for which application threads were stopped: 0.0031881 seconds, Stopping threads took: 0.0000469 seconds
2019-02-01T03:26:01.427+0000: 804727.433: Application time: 0.0000912 seconds
2019-02-01T03:26:01.429+0000: 804727.435: Total time for which application threads were stopped: 0.0021495 seconds, Stopping threads took: 0.0000757 seconds
2019-02-01T03:26:01.906+0000: 804727.912: Application time: 0.4768862 seconds
2019-02-01T03:26:01.909+0000: 804727.915: Total time for which application threads were stopped: 0.0030178 seconds, Stopping threads took: 0.0000408 seconds
2019-02-01T03:26:01.970+0000: 804727.975: Application time: 0.0605301 seconds
2019-02-01T03:26:01.973+0000: 804727.978: Total time for which application threads were stopped: 0.0029462 seconds, Stopping threads took: 0.0000644 seconds
2019-02-01T03:26:01.992+0000: 804727.997: Application time: 0.0189599 seconds
2019-02-01T03:26:01.994+0000: 804728.000: Total time for which application threads were stopped: 0.0025004 seconds, Stopping threads took: 0.0000315 seconds
2019-02-01T03:26:02.292+0000: 804728.298: Application time: 0.2980967 seconds
2019-02-01T03:26:02.295+0000: 804728.301: Total time for which application threads were stopped: 0.0029560 seconds, Stopping threads took: 0.0000728 seconds
2019-02-01T03:26:02.295+0000: 804728.301: Application time: 0.0001342 seconds
2019-02-01T03:26:02.297+0000: 804728.303: [GC (GCLocker Initiated GC) 2019-02-01T03:26:02.302+0000: 804728.307: [SoftReference, 0 refs, 0.0000329 secs]2019-02-01T03:26:02.302+0000: 804728.308: [WeakReference, 25 refs, 0.0000194 secs]2019-02-01T03:26:02.302+0000: 804728.308: [FinalReference, 222 refs, 0.0001158 secs]2019-02-01T03:26:02.302+0000: 804728.308: [PhantomReference, 0 refs, 0 refs, 0.0000143 secs]2019-02-01T03:26:02.302+0000: 804728.308: [JNI Weak Reference, 0.0000281 secs]
Desired survivor size 4718592 bytes, new threshold 1 (max 15)
[PSYoungGen: 42754K->2797K(43520K)] 719283K->680169K(730624K), 0.0092560 secs] [Times: user=0.10 sys=0.00, real=0.01 secs] 
2019-02-01T03:26:02.307+0000: 804728.312: Total time for which application threads were stopped: 0.0112947 seconds, Stopping threads took: 0.0000739 seconds
2019-02-01T03:26:03.434+0000: 804729.439: Application time: 1.1270772 seconds
2019-02-01T03:26:03.437+0000: 804729.442: Total time for which application threads were stopped: 0.0029739 seconds, Stopping threads took: 0.0000478 seconds
2019-02-01T03:26:03.437+0000: 804729.442: Application time: 0.0000906 seconds
2019-02-01T03:26:03.439+0000: 804729.444: Total time for which application threads were stopped: 0.0018583 seconds, Stopping threads took: 0.0000269 seconds
2019-02-01T03:26:03.739+0000: 804729.745: Application time: 0.3009618 seconds
2019-02-01T03:26:03.742+0000: 804729.748: Total time for which application threads were stopped: 0.0026779 seconds, Stopping threads took: 0.0000363 seconds
2019-02-01T03:26:03.742+0000: 804729.748: Application time: 0.0000560 seconds
2019-02-01T03:26:03.744+0000: 804729.750: Total time for which application threads were stopped: 0.0019078 seconds, Stopping threads took: 0.0000750 seconds
2019-02-01T03:26:03.779+0000: 804729.785: Application time: 0.0346616 seconds
2019-02-01T03:26:03.781+0000: 804729.786: [GC (Allocation Failure) 2019-02-01T03:26:03.784+0000: 804729.790: [SoftReference, 0 refs, 0.0000239 secs]2019-02-01T03:26:03.784+0000: 804729.790: [WeakReference, 13 refs, 0.0000158 secs]2019-02-01T03:26:03.784+0000: 804729.790: [FinalReference, 254 refs, 0.0000942 secs]2019-02-01T03:26:03.784+0000: 804729.790: [PhantomReference, 0 refs, 0 refs, 0.0000142 secs]2019-02-01T03:26:03.784+0000: 804729.790: [JNI Weak Reference, 0.0000230 secs]
Desired survivor size 4718592 bytes, new threshold 1 (max 15)
[PSYoungGen: 43245K->2259K(42496K)] 720620K->680850K(729600K), 0.0075037 secs] [Times: user=0.08 sys=0.00, real=0.01 secs] 
2019-02-01T03:26:03.788+0000: 804729.794: Total time for which application threads were stopped: 0.0093444 seconds, Stopping threads took: 0.0000285 seconds
2019-02-01T03:26:03.845+0000: 804729.850: Application time: 0.0565644 seconds
2019-02-01T03:26:03.847+0000: 804729.853: Total time for which application threads were stopped: 0.0021628 seconds, Stopping threads took: 0.0000756 seconds
2019-02-01T03:26:03.847+0000: 804729.853: Application time: 0.0000867 seconds
2019-02-01T03:26:03.849+0000: 804729.855: Total time for which application threads were stopped: 0.0017829 seconds, Stopping threads took: 0.0000684 seconds
2019-02-01T03:26:03.949+0000: 804729.955: Application time: 0.1001457 seconds
2019-02-01T03:26:03.951+0000: 804729.957: Total time for which application threads were stopped: 0.0020753 seconds, Stopping threads took: 0.0000390 seconds
2019-02-01T03:26:03.951+0000: 804729.957: Application time: 0.0000891 seconds
2019-02-01T03:26:03.952+0000: 804729.958: Total time for which application threads were stopped: 0.0013526 seconds, Stopping threads took: 0.0000347 seconds
2019-02-01T03:26:04.127+0000: 804730.133: Application time: 0.1749584 seconds
2019-02-01T03:26:04.130+0000: 804730.136: Total time for which application threads were stopped: 0.0026364 seconds, Stopping threads took: 0.0000974 seconds
2019-02-01T03:26:05.021+0000: 804731.027: Application time: 0.8909308 seconds
2019-02-01T03:26:05.024+0000: 804731.030: [GC (Allocation Failure) 2019-02-01T03:26:05.030+0000: 804731.036: [SoftReference, 0 refs, 0.0000326 secs]2019-02-01T03:26:05.030+0000: 804731.036: [WeakReference, 19 refs, 0.0000173 secs]2019-02-01T03:26:05.030+0000: 804731.036: [FinalReference, 249 refs, 0.0000978 secs]2019-02-01T03:26:05.030+0000: 804731.036: [PhantomReference, 0 refs, 0 refs, 0.0000141 secs]2019-02-01T03:26:05.030+0000: 804731.036: [JNI Weak Reference, 0.0000275 secs]
Desired survivor size 4718592 bytes, new threshold 1 (max 15)
[PSYoungGen: 42195K->2749K(42496K)] 720786K->682119K(729600K), 0.0109599 secs] [Times: user=0.13 sys=0.00, real=0.02 secs] 
2019-02-01T03:26:05.035+0000: 804731.041: Total time for which application threads were stopped: 0.0141386 seconds, Stopping threads took: 0.0000546 seconds
2019-02-01T03:26:07.244+0000: 804733.249: Application time: 2.2086097 seconds
2019-02-01T03:26:07.247+0000: 804733.253: [GC (Allocation Failure) 2019-02-01T03:26:07.252+0000: 804733.257: [SoftReference, 0 refs, 0.0000324 secs]2019-02-01T03:26:07.252+0000: 804733.257: [WeakReference, 12 refs, 0.0000166 secs]2019-02-01T03:26:07.252+0000: 804733.257: [FinalReference, 184 refs, 0.0000848 secs]2019-02-01T03:26:07.252+0000: 804733.257: [PhantomReference, 0 refs, 0 refs, 0.0000148 secs]2019-02-01T03:26:07.252+0000: 804733.257: [JNI Weak Reference, 0.0000298 secs]
Desired survivor size 4718592 bytes, new threshold 1 (max 15)
[PSYoungGen: 42173K->2968K(41984K)] 721543K->683291K(729088K), 0.0084928 secs] [Times: user=0.09 sys=0.00, real=0.01 secs] 
2019-02-01T03:26:07.255+0000: 804733.261: Total time for which application threads were stopped: 0.0117355 seconds, Stopping threads took: 0.0000637 seconds
2019-02-01T03:26:08.496+0000: 804734.502: Application time: 1.2407423 seconds
2019-02-01T03:26:08.499+0000: 804734.505: Total time for which application threads were stopped: 0.0029944 seconds, Stopping threads took: 0.0000757 seconds
2019-02-01T03:26:08.499+0000: 804734.505: Application time: 0.0001122 seconds
2019-02-01T03:26:08.501+0000: 804734.507: [GC (GCLocker Initiated GC) 2019-02-01T03:26:08.507+0000: 804734.513: [SoftReference, 0 refs, 0.0000243 secs]2019-02-01T03:26:08.507+0000: 804734.513: [WeakReference, 9 refs, 0.0000149 secs]2019-02-01T03:26:08.507+0000: 804734.513: [FinalReference, 296 refs, 0.0001313 secs]2019-02-01T03:26:08.507+0000: 804734.513: [PhantomReference, 0 refs, 0 refs, 0.0000141 secs]2019-02-01T03:26:08.507+0000: 804734.513: [JNI Weak Reference, 0.0000229 secs]
Desired survivor size 5242880 bytes, new threshold 1 (max 15)
[PSYoungGen: 41880K->4602K(43008K)] 722208K->686372K(730112K), 0.0097344 secs] [Times: user=0.11 sys=0.00, real=0.01 secs] 
2019-02-01T03:26:08.511+0000: 804734.517: Total time for which application threads were stopped: 0.0116756 seconds, Stopping threads took: 0.0000284 seconds
2019-02-01T03:26:09.872+0000: 804735.878: Application time: 1.3611454 seconds
2019-02-01T03:26:09.875+0000: 804735.881: [GC (Allocation Failure) 2019-02-01T03:26:09.881+0000: 804735.887: [SoftReference, 0 refs, 0.0000247 secs]2019-02-01T03:26:09.881+0000: 804735.887: [WeakReference, 7 refs, 0.0000143 secs]2019-02-01T03:26:09.881+0000: 804735.887: [FinalReference, 271 refs, 0.0001036 secs]2019-02-01T03:26:09.881+0000: 804735.887: [PhantomReference, 0 refs, 0 refs, 0.0000144 secs]2019-02-01T03:26:09.881+0000: 804735.887: [JNI Weak Reference, 0.0000219 secs]
Desired survivor size 5767168 bytes, new threshold 1 (max 15)
[PSYoungGen: 43002K->2043K(39936K)] 724775K->686353K(727040K), 0.0094337 secs] [Times: user=0.11 sys=0.00, real=0.01 secs] 
2019-02-01T03:26:09.885+0000: 804735.891: Total time for which application threads were stopped: 0.0126549 seconds, Stopping threads took: 0.0000564 seconds
2019-02-01T03:26:11.380+0000: 804737.386: Application time: 1.4950635 seconds
2019-02-01T03:26:11.383+0000: 804737.389: [GC (Allocation Failure) 2019-02-01T03:26:11.389+0000: 804737.395: [SoftReference, 0 refs, 0.0000321 secs]2019-02-01T03:26:11.389+0000: 804737.395: [WeakReference, 9 refs, 0.0000154 secs]2019-02-01T03:26:11.389+0000: 804737.395: [FinalReference, 169 refs, 0.0000783 secs]2019-02-01T03:26:11.389+0000: 804737.395: [PhantomReference, 0 refs, 0 refs, 0.0000233 secs]2019-02-01T03:26:11.389+0000: 804737.395: [JNI Weak Reference, 0.0000229 secs]
Desired survivor size 5767168 bytes, new threshold 1 (max 15)
[PSYoungGen: 39931K->3631K(41472K)] 724241K->689380K(728576K), 0.0102066 secs] [Times: user=0.10 sys=0.01, real=0.01 secs] 
2019-02-01T03:26:11.393+0000: 804737.399: [Full GC (Ergonomics) 2019-02-01T03:26:11.488+0000: 804737.493: [SoftReference, 399 refs, 0.0001080 secs]2019-02-01T03:26:11.488+0000: 804737.493: [WeakReference, 2408 refs, 0.0003754 secs]2019-02-01T03:26:11.488+0000: 804737.494: [FinalReference, 1007 refs, 0.0006722 secs]2019-02-01T03:26:11.489+0000: 804737.495: [PhantomReference, 0 refs, 105 refs, 0.0000271 secs]2019-02-01T03:26:11.489+0000: 804737.495: [JNI Weak Reference, 0.0000292 secs][PSYoungGen: 3631K->0K(41472K)] [ParOldGen: 685748K->632877K(685568K)] 689380K->632877K(727040K), [Metaspace: 75215K->75215K(1118208K)], 0.2046805 secs] [Times: user=4.05 sys=0.00, real=0.21 secs] 
2019-02-01T03:26:11.598+0000: 804737.604: Total time for which application threads were stopped: 0.2182514 seconds, Stopping threads took: 0.0000523 seconds
2019-02-01T03:26:12.592+0000: 804738.598: Application time: 0.9936341 seconds
2019-02-01T03:26:12.595+0000: 804738.601: [GC (Allocation Failure) 2019-02-01T03:26:12.599+0000: 804738.605: [SoftReference, 0 refs, 0.0000252 secs]2019-02-01T03:26:12.599+0000: 804738.605: [WeakReference, 6 refs, 0.0000145 secs]2019-02-01T03:26:12.599+0000: 804738.605: [FinalReference, 212 refs, 0.0000997 secs]2019-02-01T03:26:12.599+0000: 804738.605: [PhantomReference, 0 refs, 0 refs, 0.0000138 secs]2019-02-01T03:26:12.599+0000: 804738.605: [JNI Weak Reference, 0.0000224 secs]
Desired survivor size 5242880 bytes, new threshold 1 (max 15)
[PSYoungGen: 37376K->2794K(39936K)] 670253K->635672K(725504K), 0.0076911 secs] [Times: user=0.08 sys=0.00, real=0.01 secs] 
2019-02-01T03:26:12.603+0000: 804738.608: Total time for which application threads were stopped: 0.0109348 seconds, Stopping threads took: 0.0000554 seconds
2019-02-01T03:26:13.779+0000: 804739.785: Application time: 1.1767525 seconds
2019-02-01T03:26:13.783+0000: 804739.788: [GC (Allocation Failure) 2019-02-01T03:26:13.790+0000: 804739.796: [SoftReference, 0 refs, 0.0000404 secs]2019-02-01T03:26:13.790+0000: 804739.796: [WeakReference, 31 refs, 0.0000196 secs]2019-02-01T03:26:13.790+0000: 804739.796: [FinalReference, 271 refs, 0.0001192 secs]2019-02-01T03:26:13.791+0000: 804739.796: [PhantomReference, 0 refs, 0 refs, 0.0000143 secs]2019-02-01T03:26:13.791+0000: 804739.796: [JNI Weak Reference, 0.0000231 secs]
Desired survivor size 5242880 bytes, new threshold 1 (max 15)
[PSYoungGen: 39658K->3331K(39936K)] 672536K->638269K(725504K), 0.0116574 secs] [Times: user=0.19 sys=0.00, real=0.01 secs] 
2019-02-01T03:26:13.794+0000: 804739.800: Total time for which application threads were stopped: 0.0147997 seconds, Stopping threads took: 0.0000507 seconds
2019-02-01T03:26:15.075+0000: 804741.080: Application time: 1.2803673 seconds
2019-02-01T03:26:15.078+0000: 804741.084: [GC (Allocation Failure) 2019-02-01T03:26:15.081+0000: 804741.087: [SoftReference, 0 refs, 0.0000238 secs]2019-02-01T03:26:15.081+0000: 804741.087: [WeakReference, 20 refs, 0.0000171 secs]2019-02-01T03:26:15.081+0000: 804741.087: [FinalReference, 217 refs, 0.0000930 secs]2019-02-01T03:26:15.082+0000: 804741.087: [PhantomReference, 0 refs, 0 refs, 0.0000139 secs]2019-02-01T03:26:15.082+0000: 804741.087: [JNI Weak Reference, 0.0000321 secs]
Desired survivor size 5242880 bytes, new threshold 1 (max 15)
[PSYoungGen: 39683K->2419K(38400K)] 674621K->638959K(723968K), 0.0076032 secs] [Times: user=0.09 sys=0.00, real=0.00 secs] 
2019-02-01T03:26:15.085+0000: 804741.091: Total time for which application threads were stopped: 0.0107780 seconds, Stopping threads took: 0.0000525 seconds
2019-02-01T03:26:16.288+0000: 804742.294: Application time: 1.2023336 seconds
2019-02-01T03:26:16.291+0000: 804742.297: Total time for which application threads were stopped: 0.0031179 seconds, Stopping threads took: 0.0000957 seconds
2019-02-01T03:26:16.291+0000: 804742.297: Application time: 0.0001343 seconds
2019-02-01T03:26:16.293+0000: 804742.299: [GC (GCLocker Initiated GC) 2019-02-01T03:26:16.297+0000: 804742.303: [SoftReference, 0 refs, 0.0000327 secs]2019-02-01T03:26:16.297+0000: 804742.303: [WeakReference, 28 refs, 0.0000194 secs]2019-02-01T03:26:16.297+0000: 804742.303: [FinalReference, 200 refs, 0.0000811 secs]2019-02-01T03:26:16.297+0000: 804742.303: [PhantomReference, 0 refs, 0 refs, 0.0000147 secs]2019-02-01T03:26:16.297+0000: 804742.303: [JNI Weak Reference, 0.0000220 secs]
Desired survivor size 5242880 bytes, new threshold 1 (max 15)
[PSYoungGen: 38259K->3316K(38912K)] 674808K->640955K(724480K), 0.0078299 secs] [Times: user=0.06 sys=0.01, real=0.01 secs] 
2019-02-01T03:26:16.301+0000: 804742.307: Total time for which application threads were stopped: 0.0099292 seconds, Stopping threads took: 0.0000418 seconds
2019-02-01T03:26:17.209+0000: 804743.215: Application time: 0.9081119 seconds
2019-02-01T03:26:17.212+0000: 804743.218: Total time for which application threads were stopped: 0.0030532 seconds, Stopping threads took: 0.0000545 seconds
2019-02-01T03:26:17.212+0000: 804743.218: Application time: 0.0000728 seconds
2019-02-01T03:26:17.214+0000: 804743.220: Total time for which application threads were stopped: 0.0020139 seconds, Stopping threads took: 0.0000836 seconds
2019-02-01T03:26:18.041+0000: 804744.047: Application time: 0.8266883 seconds
2019-02-01T03:26:18.044+0000: 804744.050: [GC (Allocation Failure) 2019-02-01T03:26:18.049+0000: 804744.054: [SoftReference, 0 refs, 0.0000329 secs]2019-02-01T03:26:18.049+0000: 804744.055: [WeakReference, 19 refs, 0.0000181 secs]2019-02-01T03:26:18.049+0000: 804744.055: [FinalReference, 194 refs, 0.0000767 secs]2019-02-01T03:26:18.049+0000: 804744.055: [PhantomReference, 0 refs, 0 refs, 0.0000140 secs]2019-02-01T03:26:18.049+0000: 804744.055: [JNI Weak Reference, 0.0000220 secs]
Desired survivor size 5242880 bytes, new threshold 1 (max 15)
[PSYoungGen: 38644K->3342K(38400K)] 676286K->642283K(723968K), 0.0085915 secs] [Times: user=0.10 sys=0.00, real=0.01 secs] 
2019-02-01T03:26:18.053+0000: 804744.058: Total time for which application threads were stopped: 0.0117795 seconds, Stopping threads took: 0.0000523 seconds
2019-02-01T03:26:19.194+0000: 804745.200: Application time: 1.1418008 seconds
2019-02-01T03:26:19.198+0000: 804745.203: [GC (Allocation Failure) 2019-02-01T03:26:19.202+0000: 804745.208: [SoftReference, 0 refs, 0.0000321 secs]2019-02-01T03:26:19.202+0000: 804745.208: [WeakReference, 24 refs, 0.0000191 secs]2019-02-01T03:26:19.202+0000: 804745.208: [FinalReference, 217 refs, 0.0001056 secs]2019-02-01T03:26:19.202+0000: 804745.208: [PhantomReference, 0 refs, 0 refs, 0.0000143 secs]2019-02-01T03:26:19.202+0000: 804745.208: [JNI Weak Reference, 0.0000226 secs]
Desired survivor size 5242880 bytes, new threshold 1 (max 15)
[PSYoungGen: 38135K->2182K(36864K)] 677075K->642941K(722432K), 0.0083679 secs] [Times: user=0.08 sys=0.00, real=0.00 secs] 
2019-02-01T03:26:19.206+0000: 804745.212: Total time for which application threads were stopped: 0.0115039 seconds, Stopping threads took: 0.0000575 seconds
2019-02-01T03:26:21.120+0000: 804747.126: Application time: 1.9138863 seconds
2019-02-01T03:26:21.123+0000: 804747.129: [GC (Allocation Failure) 2019-02-01T03:26:21.131+0000: 804747.137: [SoftReference, 0 refs, 0.0000322 secs]2019-02-01T03:26:21.131+0000: 804747.137: [WeakReference, 28 refs, 0.0000195 secs]2019-02-01T03:26:21.131+0000: 804747.137: [FinalReference, 180 refs, 0.0000727 secs]2019-02-01T03:26:21.131+0000: 804747.137: [PhantomReference, 0 refs, 0 refs, 0.0000146 secs]2019-02-01T03:26:21.131+0000: 804747.137: [JNI Weak Reference, 0.0000274 secs]
Desired survivor size 5242880 bytes, new threshold 1 (max 15)
[PSYoungGen: 36486K->3550K(37376K)] 677245K->645553K(722944K), 0.0130110 secs] [Times: user=0.19 sys=0.00, real=0.01 secs] 
2019-02-01T03:26:21.136+0000: 804747.142: Total time for which application threads were stopped: 0.0162011 seconds, Stopping threads took: 0.0000547 seconds
2019-02-01T03:26:22.806+0000: 804748.812: Application time: 1.6700408 seconds
2019-02-01T03:26:22.809+0000: 804748.815: [GC (Allocation Failure) 2019-02-01T03:26:22.813+0000: 804748.819: [SoftReference, 0 refs, 0.0000233 secs]2019-02-01T03:26:22.813+0000: 804748.819: [WeakReference, 23 refs, 0.0000174 secs]2019-02-01T03:26:22.813+0000: 804748.819: [FinalReference, 265 refs, 0.0001198 secs]2019-02-01T03:26:22.813+0000: 804748.819: [PhantomReference, 0 refs, 0 refs, 0.0000141 secs]2019-02-01T03:26:22.813+0000: 804748.819: [JNI Weak Reference, 0.0000227 secs]
Desired survivor size 5242880 bytes, new threshold 1 (max 15)
[PSYoungGen: 37342K->2223K(35840K)] 679345K->645677K(721408K), 0.0076637 secs] [Times: user=0.09 sys=0.00, real=0.00 secs] 
2019-02-01T03:26:22.817+0000: 804748.823: Total time for which application threads were stopped: 0.0108804 seconds, Stopping threads took: 0.0000556 seconds
2019-02-01T03:26:24.726+0000: 804750.732: Application time: 1.9090224 seconds
2019-02-01T03:26:24.729+0000: 804750.735: [GC (Allocation Failure) 2019-02-01T03:26:24.734+0000: 804750.740: [SoftReference, 0 refs, 0.0000342 secs]2019-02-01T03:26:24.734+0000: 804750.740: [WeakReference, 4 refs, 0.0000144 secs]2019-02-01T03:26:24.734+0000: 804750.740: [FinalReference, 215 refs, 0.0000824 secs]2019-02-01T03:26:24.734+0000: 804750.740: [PhantomReference, 0 refs, 0 refs, 0.0000140 secs]2019-02-01T03:26:24.734+0000: 804750.740: [JNI Weak Reference, 0.0000219 secs]
Desired survivor size 5242880 bytes, new threshold 1 (max 15)
[PSYoungGen: 35503K->2272K(35328K)] 678957K->646673K(720896K), 0.0083870 secs] [Times: user=0.10 sys=0.00, real=0.01 secs] 
2019-02-01T03:26:24.738+0000: 804750.744: Total time for which application threads were stopped: 0.0117200 seconds, Stopping threads took: 0.0000794 seconds
2019-02-01T03:26:26.194+0000: 804752.200: Application time: 1.4565674 seconds
2019-02-01T03:26:26.197+0000: 804752.203: [GC (Allocation Failure) 2019-02-01T03:26:26.204+0000: 804752.210: [SoftReference, 0 refs, 0.0000191 secs]2019-02-01T03:26:26.204+0000: 804752.210: [WeakReference, 5 refs, 0.0000084 secs]2019-02-01T03:26:26.204+0000: 804752.210: [FinalReference, 236 refs, 0.0001032 secs]2019-02-01T03:26:26.204+0000: 804752.210: [PhantomReference, 0 refs, 0 refs, 0.0000080 secs]2019-02-01T03:26:26.204+0000: 804752.210: [JNI Weak Reference, 0.0000194 secs]
Desired survivor size 5242880 bytes, new threshold 1 (max 15)
[PSYoungGen: 35040K->2037K(34304K)] 679441K->647238K(719872K), 0.0090722 secs] [Times: user=0.15 sys=0.00, real=0.01 secs] 
2019-02-01T03:26:26.206+0000: 804752.212: Total time for which application threads were stopped: 0.0121322 seconds, Stopping threads took: 0.0000483 seconds
2019-02-01T03:26:27.176+0000: 804753.182: Application time: 0.9694260 seconds
2019-02-01T03:26:27.179+0000: 804753.185: Total time for which application threads were stopped: 0.0030430 seconds, Stopping threads took: 0.0000704 seconds
2019-02-01T03:26:27.179+0000: 804753.185: Application time: 0.0001207 seconds
2019-02-01T03:26:27.181+0000: 804753.187: [GC (GCLocker Initiated GC) 2019-02-01T03:26:27.186+0000: 804753.192: [SoftReference, 0 refs, 0.0000323 secs]2019-02-01T03:26:27.186+0000: 804753.192: [WeakReference, 14 refs, 0.0000166 secs]2019-02-01T03:26:27.186+0000: 804753.192: [FinalReference, 244 refs, 0.0001036 secs]2019-02-01T03:26:27.186+0000: 804753.192: [PhantomReference, 0 refs, 0 refs, 0.0000143 secs]2019-02-01T03:26:27.186+0000: 804753.192: [JNI Weak Reference, 0.0000275 secs]
Desired survivor size 6291456 bytes, new threshold 1 (max 15)
[PSYoungGen: 34293K->5118K(36864K)] 679526K->651914K(722432K), 0.0083230 secs] [Times: user=0.06 sys=0.00, real=0.01 secs] 
2019-02-01T03:26:27.190+0000: 804753.195: Total time for which application threads were stopped: 0.0105197 seconds, Stopping threads took: 0.0000539 seconds
2019-02-01T03:26:28.458+0000: 804754.464: Application time: 1.2686581 seconds
2019-02-01T03:26:28.461+0000: 804754.467: Total time for which application threads were stopped: 0.0030016 seconds, Stopping threads took: 0.0001006 seconds
2019-02-01T03:26:28.502+0000: 804754.508: Application time: 0.0407928 seconds
2019-02-01T03:26:28.504+0000: 804754.510: Total time for which application threads were stopped: 0.0021945 seconds, Stopping threads took: 0.0000478 seconds
2019-02-01T03:26:28.537+0000: 804754.543: Application time: 0.0325674 seconds
2019-02-01T03:26:28.539+0000: 804754.545: [GC (Allocation Failure) 2019-02-01T03:26:28.543+0000: 804754.548: [SoftReference, 0 refs, 0.0000329 secs]2019-02-01T03:26:28.543+0000: 804754.549: [WeakReference, 17 refs, 0.0000172 secs]2019-02-01T03:26:28.543+0000: 804754.549: [FinalReference, 217 refs, 0.0001287 secs]2019-02-01T03:26:28.543+0000: 804754.549: [PhantomReference, 0 refs, 0 refs, 0.0000201 secs]2019-02-01T03:26:28.543+0000: 804754.549: [JNI Weak Reference, 0.0000290 secs]
Desired survivor size 5767168 bytes, new threshold 1 (max 15)
[PSYoungGen: 36862K->3290K(34816K)] 683670K->651453K(720384K), 0.0078739 secs] [Times: user=0.08 sys=0.00, real=0.00 secs] 
2019-02-01T03:26:28.547+0000: 804754.552: Total time for which application threads were stopped: 0.0098800 seconds, Stopping threads took: 0.0000309 seconds
2019-02-01T03:26:28.608+0000: 804754.614: Application time: 0.0612904 seconds
2019-02-01T03:26:28.611+0000: 804754.616: Total time for which application threads were stopped: 0.0025216 seconds, Stopping threads took: 0.0000437 seconds
2019-02-01T03:26:28.631+0000: 804754.637: Application time: 0.0205508 seconds
2019-02-01T03:26:28.633+0000: 804754.639: Total time for which application threads were stopped: 0.0021916 seconds, Stopping threads took: 0.0000990 seconds
2019-02-01T03:26:28.694+0000: 804754.700: Application time: 0.0608742 seconds
2019-02-01T03:26:28.696+0000: 804754.702: Total time for which application threads were stopped: 0.0022925 seconds, Stopping threads took: 0.0000428 seconds
2019-02-01T03:26:28.707+0000: 804754.713: Application time: 0.0104610 seconds
2019-02-01T03:26:28.709+0000: 804754.715: Total time for which application threads were stopped: 0.0019450 seconds, Stopping threads took: 0.0000370 seconds
2019-02-01T03:26:28.740+0000: 804754.745: Application time: 0.0306146 seconds
2019-02-01T03:26:28.741+0000: 804754.747: Total time for which application threads were stopped: 0.0017255 seconds, Stopping threads took: 0.0000368 seconds
2019-02-01T03:26:28.751+0000: 804754.757: Application time: 0.0102361 seconds
2019-02-01T03:26:28.753+0000: 804754.759: Total time for which application threads were stopped: 0.0015761 seconds, Stopping threads took: 0.0000431 seconds
2019-02-01T03:26:28.915+0000: 804754.921: Application time: 0.1617938 seconds
2019-02-01T03:26:28.917+0000: 804754.923: Total time for which application threads were stopped: 0.0023568 seconds, Stopping threads took: 0.0000436 seconds
2019-02-01T03:26:29.851+0000: 804755.857: Application time: 0.9342867 seconds
2019-02-01T03:26:29.855+0000: 804755.860: [GC (Allocation Failure) 2019-02-01T03:26:29.858+0000: 804755.864: [SoftReference, 0 refs, 0.0000323 secs]2019-02-01T03:26:29.858+0000: 804755.864: [WeakReference, 22 refs, 0.0000179 secs]2019-02-01T03:26:29.858+0000: 804755.864: [FinalReference, 245 refs, 0.0001489 secs]2019-02-01T03:26:29.858+0000: 804755.864: [PhantomReference, 0 refs, 0 refs, 0.0000143 secs]2019-02-01T03:26:29.858+0000: 804755.864: [JNI Weak Reference, 0.0000345 secs]
Desired survivor size 5767168 bytes, new threshold 1 (max 15)
[PSYoungGen: 34522K->2522K(33280K)] 682685K->652207K(718848K), 0.0078046 secs] [Times: user=0.08 sys=0.01, real=0.01 secs] 
2019-02-01T03:26:29.862+0000: 804755.868: Total time for which application threads were stopped: 0.0109212 seconds, Stopping threads took: 0.0000545 seconds
2019-02-01T03:26:30.034+0000: 804756.040: Application time: 0.1718632 seconds
2019-02-01T03:26:30.037+0000: 804756.043: Total time for which application threads were stopped: 0.0026970 seconds, Stopping threads took: 0.0001112 seconds
2019-02-01T03:26:30.747+0000: 804756.753: Application time: 0.7100321 seconds
2019-02-01T03:26:30.750+0000: 804756.756: [GC (Allocation Failure) 2019-02-01T03:26:30.754+0000: 804756.760: [SoftReference, 0 refs, 0.0000322 secs]2019-02-01T03:26:30.754+0000: 804756.760: [WeakReference, 6 refs, 0.0000141 secs]2019-02-01T03:26:30.754+0000: 804756.760: [FinalReference, 208 refs, 0.0001250 secs]2019-02-01T03:26:30.755+0000: 804756.760: [PhantomReference, 0 refs, 0 refs, 0.0000140 secs]2019-02-01T03:26:30.755+0000: 804756.760: [JNI Weak Reference, 0.0000278 secs]
Desired survivor size 6291456 bytes, new threshold 1 (max 15)
[PSYoungGen: 33242K->4583K(34816K)] 682927K->655591K(720384K), 0.0082870 secs] [Times: user=0.08 sys=0.00, real=0.00 secs] 
2019-02-01T03:26:30.758+0000: 804756.764: Total time for which application threads were stopped: 0.0113809 seconds, Stopping threads took: 0.0000506 seconds
2019-02-01T03:26:32.133+0000: 804758.138: Application time: 1.3741837 seconds
2019-02-01T03:26:32.136+0000: 804758.141: [GC (Allocation Failure) 2019-02-01T03:26:32.140+0000: 804758.146: [SoftReference, 0 refs, 0.0000324 secs]2019-02-01T03:26:32.140+0000: 804758.146: [WeakReference, 8 refs, 0.0000156 secs]2019-02-01T03:26:32.140+0000: 804758.146: [FinalReference, 211 refs, 0.0000998 secs]2019-02-01T03:26:32.140+0000: 804758.146: [PhantomReference, 0 refs, 0 refs, 0.0000140 secs]2019-02-01T03:26:32.140+0000: 804758.146: [JNI Weak Reference, 0.0000234 secs]
Desired survivor size 6291456 bytes, new threshold 1 (max 15)
[PSYoungGen: 34791K->2591K(32768K)] 685799K->655129K(718336K), 0.0083965 secs] [Times: user=0.09 sys=0.00, real=0.01 secs] 
2019-02-01T03:26:32.144+0000: 804758.150: Total time for which application threads were stopped: 0.0115911 seconds, Stopping threads took: 0.0000535 seconds
2019-02-01T03:26:32.910+0000: 804758.915: Application time: 0.7653952 seconds
2019-02-01T03:26:32.913+0000: 804758.918: [GC (Allocation Failure) 2019-02-01T03:26:32.918+0000: 804758.924: [SoftReference, 0 refs, 0.0000309 secs]2019-02-01T03:26:32.918+0000: 804758.924: [WeakReference, 10 refs, 0.0000151 secs]2019-02-01T03:26:32.918+0000: 804758.924: [FinalReference, 242 refs, 0.0000808 secs]2019-02-01T03:26:32.918+0000: 804758.924: [PhantomReference, 0 refs, 0 refs, 0.0000148 secs]2019-02-01T03:26:32.918+0000: 804758.924: [JNI Weak Reference, 0.0000223 secs]
Desired survivor size 6815744 bytes, new threshold 1 (max 15)
[PSYoungGen: 32287K->5304K(34816K)] 684825K->658759K(720384K), 0.0093141 secs] [Times: user=0.11 sys=0.00, real=0.01 secs] 
2019-02-01T03:26:32.922+0000: 804758.928: Total time for which application threads were stopped: 0.0124048 seconds, Stopping threads took: 0.0000800 seconds
2019-02-01T03:26:33.912+0000: 804759.918: Application time: 0.9903026 seconds
2019-02-01T03:26:33.915+0000: 804759.921: [GC (Allocation Failure) 2019-02-01T03:26:33.920+0000: 804759.926: [SoftReference, 0 refs, 0.0000325 secs]2019-02-01T03:26:33.920+0000: 804759.926: [WeakReference, 4 refs, 0.0000137 secs]2019-02-01T03:26:33.920+0000: 804759.926: [FinalReference, 186 refs, 0.0001013 secs]2019-02-01T03:26:33.920+0000: 804759.926: [PhantomReference, 0 refs, 0 refs, 0.0000143 secs]2019-02-01T03:26:33.920+0000: 804759.926: [JNI Weak Reference, 0.0000282 secs]
Desired survivor size 6815744 bytes, new threshold 1 (max 15)
[PSYoungGen: 34488K->1458K(30208K)] 687943K->655715K(715776K), 0.0092560 secs] [Times: user=0.07 sys=0.01, real=0.01 secs] 
2019-02-01T03:26:33.925+0000: 804759.930: Total time for which application threads were stopped: 0.0123520 seconds, Stopping threads took: 0.0001021 seconds
2019-02-01T03:26:35.154+0000: 804761.160: Application time: 1.2290984 seconds
2019-02-01T03:26:35.157+0000: 804761.163: Total time for which application threads were stopped: 0.0030455 seconds, Stopping threads took: 0.0000582 seconds
2019-02-01T03:26:35.157+0000: 804761.163: Application time: 0.0002194 seconds
2019-02-01T03:26:35.159+0000: 804761.165: [GC (GCLocker Initiated GC) 2019-02-01T03:26:35.163+0000: 804761.169: [SoftReference, 0 refs, 0.0000300 secs]2019-02-01T03:26:35.163+0000: 804761.169: [WeakReference, 8 refs, 0.0000148 secs]2019-02-01T03:26:35.163+0000: 804761.169: [FinalReference, 149 refs, 0.0000574 secs]2019-02-01T03:26:35.163+0000: 804761.169: [PhantomReference, 0 refs, 0 refs, 0.0000139 secs]2019-02-01T03:26:35.163+0000: 804761.169: [JNI Weak Reference, 0.0000225 secs]
Desired survivor size 6291456 bytes, new threshold 1 (max 15)
[PSYoungGen: 30130K->2710K(31232K)] 684394K->657615K(716800K), 0.0075379 secs] [Times: user=0.06 sys=0.00, real=0.01 secs] 
2019-02-01T03:26:35.167+0000: 804761.173: Total time for which application threads were stopped: 0.0097336 seconds, Stopping threads took: 0.0000905 seconds
2019-02-01T03:26:36.266+0000: 804762.271: Application time: 1.0988880 seconds
2019-02-01T03:26:36.269+0000: 804762.274: [GC (Allocation Failure) 2019-02-01T03:26:36.279+0000: 804762.285: [SoftReference, 0 refs, 0.0000325 secs]2019-02-01T03:26:36.279+0000: 804762.285: [WeakReference, 11 refs, 0.0000164 secs]2019-02-01T03:26:36.279+0000: 804762.285: [FinalReference, 164 refs, 0.0000841 secs]2019-02-01T03:26:36.279+0000: 804762.285: [PhantomReference, 0 refs, 0 refs, 0.0000143 secs]2019-02-01T03:26:36.279+0000: 804762.285: [JNI Weak Reference, 0.0000222 secs]
Desired survivor size 6291456 bytes, new threshold 1 (max 15)
[PSYoungGen: 30870K->1734K(35328K)] 685778K->657506K(720896K), 0.0145082 secs] [Times: user=0.20 sys=0.01, real=0.02 secs] 
2019-02-01T03:26:36.283+0000: 804762.289: Total time for which application threads were stopped: 0.0175951 seconds, Stopping threads took: 0.0000508 seconds
2019-02-01T03:26:37.529+0000: 804763.535: Application time: 1.2457454 seconds
2019-02-01T03:26:37.532+0000: 804763.538: [GC (Allocation Failure) 2019-02-01T03:26:37.536+0000: 804763.542: [SoftReference, 0 refs, 0.0000324 secs]2019-02-01T03:26:37.536+0000: 804763.542: [WeakReference, 10 refs, 0.0000164 secs]2019-02-01T03:26:37.536+0000: 804763.542: [FinalReference, 222 refs, 0.0001221 secs]2019-02-01T03:26:37.536+0000: 804763.542: [PhantomReference, 0 refs, 0 refs, 0.0000147 secs]2019-02-01T03:26:37.536+0000: 804763.542: [JNI Weak Reference, 0.0000368 secs]
Desired survivor size 6291456 bytes, new threshold 1 (max 15)
[PSYoungGen: 35002K->2264K(35328K)] 690773K->658952K(720896K), 0.0081493 secs] [Times: user=0.09 sys=0.00, real=0.01 secs] 
2019-02-01T03:26:37.540+0000: 804763.546: Total time for which application threads were stopped: 0.0112322 seconds, Stopping threads took: 0.0000497 seconds
2019-02-01T03:26:39.011+0000: 804765.017: Application time: 1.4707194 seconds
2019-02-01T03:26:39.014+0000: 804765.020: [GC (Allocation Failure) 2019-02-01T03:26:39.022+0000: 804765.028: [SoftReference, 0 refs, 0.0000303 secs]2019-02-01T03:26:39.022+0000: 804765.028: [WeakReference, 18 refs, 0.0000205 secs]2019-02-01T03:26:39.022+0000: 804765.028: [FinalReference, 153 refs, 0.0000554 secs]2019-02-01T03:26:39.022+0000: 804765.028: [PhantomReference, 0 refs, 0 refs, 0.0000082 secs]2019-02-01T03:26:39.022+0000: 804765.028: [JNI Weak Reference, 0.0000149 secs]
Desired survivor size 5767168 bytes, new threshold 1 (max 15)
[PSYoungGen: 35032K->2644K(35328K)] 691720K->660592K(720896K), 0.0107329 secs] [Times: user=0.22 sys=0.00, real=0.01 secs] 
2019-02-01T03:26:39.025+0000: 804765.031: Total time for which application threads were stopped: 0.0138181 seconds, Stopping threads took: 0.0000497 seconds
2019-02-01T03:26:40.364+0000: 804766.370: Application time: 1.3391670 seconds
2019-02-01T03:26:40.367+0000: 804766.373: Total time for which application threads were stopped: 0.0029917 seconds, Stopping threads took: 0.0000549 seconds
2019-02-01T03:26:40.367+0000: 804766.373: Application time: 0.0001514 seconds
2019-02-01T03:26:40.369+0000: 804766.375: [GC (GCLocker Initiated GC) 2019-02-01T03:26:40.379+0000: 804766.385: [SoftReference, 0 refs, 0.0000405 secs]2019-02-01T03:26:40.379+0000: 804766.385: [WeakReference, 11 refs, 0.0000166 secs]2019-02-01T03:26:40.379+0000: 804766.385: [FinalReference, 171 refs, 0.0000805 secs]2019-02-01T03:26:40.380+0000: 804766.385: [PhantomReference, 0 refs, 0 refs, 0.0000142 secs]2019-02-01T03:26:40.380+0000: 804766.385: [JNI Weak Reference, 0.0000221 secs]
Desired survivor size 5767168 bytes, new threshold 1 (max 15)
[PSYoungGen: 34900K->2412K(40448K)] 692851K->661523K(726016K), 0.0141831 secs] [Times: user=0.24 sys=0.01, real=0.02 secs] 
2019-02-01T03:26:40.383+0000: 804766.389: Total time for which application threads were stopped: 0.0162659 seconds, Stopping threads took: 0.0000790 seconds
2019-02-01T03:26:41.934+0000: 804767.939: Application time: 1.5501477 seconds
2019-02-01T03:26:41.937+0000: 804767.942: Total time for which application threads were stopped: 0.0030878 seconds, Stopping threads took: 0.0000621 seconds
2019-02-01T03:26:41.937+0000: 804767.943: Application time: 0.0001339 seconds
2019-02-01T03:26:41.939+0000: 804767.944: [GC (GCLocker Initiated GC) 2019-02-01T03:26:41.947+0000: 804767.952: [SoftReference, 0 refs, 0.0000324 secs]2019-02-01T03:26:41.947+0000: 804767.952: [WeakReference, 9 refs, 0.0000155 secs]2019-02-01T03:26:41.947+0000: 804767.953: [FinalReference, 237 refs, 0.0001358 secs]2019-02-01T03:26:41.947+0000: 804767.953: [PhantomReference, 0 refs, 0 refs, 0.0000145 secs]2019-02-01T03:26:41.947+0000: 804767.953: [JNI Weak Reference, 0.0000277 secs]
Desired survivor size 5767168 bytes, new threshold 1 (max 15)
[PSYoungGen: 40300K->3818K(41472K)] 699417K->663707K(727040K), 0.0119903 secs] [Times: user=0.20 sys=0.00, real=0.02 secs] 
2019-02-01T03:26:41.951+0000: 804767.957: Total time for which application threads were stopped: 0.0139964 seconds, Stopping threads took: 0.0000253 seconds
2019-02-01T03:26:43.163+0000: 804769.169: Application time: 1.2120403 seconds
2019-02-01T03:26:43.166+0000: 804769.172: [GC (Allocation Failure) 2019-02-01T03:26:43.171+0000: 804769.177: [SoftReference, 0 refs, 0.0000350 secs]2019-02-01T03:26:43.171+0000: 804769.177: [WeakReference, 13 refs, 0.0000170 secs]2019-02-01T03:26:43.171+0000: 804769.177: [FinalReference, 296 refs, 0.0001367 secs]2019-02-01T03:26:43.171+0000: 804769.177: [PhantomReference, 0 refs, 0 refs, 0.0000144 secs]2019-02-01T03:26:43.171+0000: 804769.177: [JNI Weak Reference, 0.0000227 secs]
Desired survivor size 5767168 bytes, new threshold 1 (max 15)
[PSYoungGen: 41194K->3757K(40960K)] 701086K->665214K(726528K), 0.0092905 secs] [Times: user=0.09 sys=0.00, real=0.01 secs] 
2019-02-01T03:26:43.175+0000: 804769.181: Total time for which application threads were stopped: 0.0124257 seconds, Stopping threads took: 0.0000555 seconds
2019-02-01T03:26:44.322+0000: 804770.327: Application time: 1.1463053 seconds
2019-02-01T03:26:44.325+0000: 804770.330: [GC (Allocation Failure) 2019-02-01T03:26:44.333+0000: 804770.339: [SoftReference, 0 refs, 0.0000330 secs]2019-02-01T03:26:44.333+0000: 804770.339: [WeakReference, 31 refs, 0.0000197 secs]2019-02-01T03:26:44.333+0000: 804770.339: [FinalReference, 184 refs, 0.0000747 secs]2019-02-01T03:26:44.333+0000: 804770.339: [PhantomReference, 0 refs, 0 refs, 0.0000142 secs]2019-02-01T03:26:44.333+0000: 804770.339: [JNI Weak Reference, 0.0000272 secs]
Desired survivor size 5767168 bytes, new threshold 1 (max 15)
[PSYoungGen: 40621K->3362K(47104K)] 702078K->666549K(732672K), 0.0127722 secs] [Times: user=0.20 sys=0.00, real=0.01 secs] 
2019-02-01T03:26:44.337+0000: 804770.343: Total time for which application threads were stopped: 0.0159071 seconds, Stopping threads took: 0.0000533 seconds
2019-02-01T03:26:45.436+0000: 804771.441: Application time: 1.0980920 seconds
2019-02-01T03:26:45.438+0000: 804771.444: [GC (Allocation Failure) 2019-02-01T03:26:45.443+0000: 804771.448: [SoftReference, 0 refs, 0.0000247 secs]2019-02-01T03:26:45.443+0000: 804771.448: [WeakReference, 43 refs, 0.0000200 secs]2019-02-01T03:26:45.443+0000: 804771.448: [FinalReference, 255 refs, 0.0001061 secs]2019-02-01T03:26:45.443+0000: 804771.449: [PhantomReference, 0 refs, 0 refs, 0.0000144 secs]2019-02-01T03:26:45.443+0000: 804771.449: [JNI Weak Reference, 0.0000225 secs]
Desired survivor size 5767168 bytes, new threshold 1 (max 15)
[PSYoungGen: 46826K->3876K(54784K)] 710012K->668095K(740352K), 0.0081014 secs] [Times: user=0.09 sys=0.01, real=0.01 secs] 
2019-02-01T03:26:45.447+0000: 804771.452: Total time for which application threads were stopped: 0.0110697 seconds, Stopping threads took: 0.0000517 seconds
2019-02-01T03:26:47.282+0000: 804773.288: Application time: 1.8353191 seconds
2019-02-01T03:26:47.285+0000: 804773.291: [GC (Allocation Failure) 2019-02-01T03:26:47.289+0000: 804773.295: [SoftReference, 0 refs, 0.0000295 secs]2019-02-01T03:26:47.289+0000: 804773.295: [WeakReference, 4 refs, 0.0000132 secs]2019-02-01T03:26:47.289+0000: 804773.295: [FinalReference, 277 refs, 0.0001223 secs]2019-02-01T03:26:47.289+0000: 804773.295: [PhantomReference, 0 refs, 0 refs, 0.0000141 secs]2019-02-01T03:26:47.289+0000: 804773.295: [JNI Weak Reference, 0.0000220 secs]
Desired survivor size 5767168 bytes, new threshold 1 (max 15)
[PSYoungGen: 54564K->2000K(51712K)] 718783K->667103K(737280K), 0.0082954 secs] [Times: user=0.10 sys=0.00, real=0.01 secs] 
2019-02-01T03:26:47.293+0000: 804773.299: Total time for which application threads were stopped: 0.0113020 seconds, Stopping threads took: 0.0000515 seconds
2019-02-01T03:26:49.589+0000: 804775.595: Application time: 2.2958096 seconds
2019-02-01T03:26:49.592+0000: 804775.598: [GC (Allocation Failure) 2019-02-01T03:26:49.596+0000: 804775.602: [SoftReference, 0 refs, 0.0000248 secs]2019-02-01T03:26:49.596+0000: 804775.602: [WeakReference, 7 refs, 0.0000229 secs]2019-02-01T03:26:49.596+0000: 804775.602: [FinalReference, 286 refs, 0.0001417 secs]2019-02-01T03:26:49.596+0000: 804775.602: [PhantomReference, 0 refs, 1 refs, 0.0000144 secs]2019-02-01T03:26:49.596+0000: 804775.602: [JNI Weak Reference, 0.0000224 secs]
Desired survivor size 5767168 bytes, new threshold 1 (max 15)
[PSYoungGen: 51664K->2094K(51200K)] 716767K->667964K(736768K), 0.0080126 secs] [Times: user=0.09 sys=0.01, real=0.00 secs] 
2019-02-01T03:26:49.600+0000: 804775.606: Total time for which application threads were stopped: 0.0110212 seconds, Stopping threads took: 0.0000461 seconds
2019-02-01T03:26:51.702+0000: 804777.708: Application time: 2.1018822 seconds
2019-02-01T03:26:51.705+0000: 804777.711: [GC (Allocation Failure) 2019-02-01T03:26:51.713+0000: 804777.718: [SoftReference, 0 refs, 0.0000197 secs]2019-02-01T03:26:51.713+0000: 804777.718: [WeakReference, 18 refs, 0.0000108 secs]2019-02-01T03:26:51.713+0000: 804777.718: [FinalReference, 223 refs, 0.0000858 secs]2019-02-01T03:26:51.713+0000: 804777.718: [PhantomReference, 0 refs, 0 refs, 0.0000083 secs]2019-02-01T03:26:51.713+0000: 804777.718: [JNI Weak Reference, 0.0000144 secs]
Desired survivor size 5767168 bytes, new threshold 1 (max 15)
[PSYoungGen: 50734K->2556K(50176K)] 716604K->669744K(735744K), 0.0104116 secs] [Times: user=0.21 sys=0.00, real=0.01 secs] 
2019-02-01T03:26:51.716+0000: 804777.721: Total time for which application threads were stopped: 0.0135974 seconds, Stopping threads took: 0.0000617 seconds
2019-02-01T03:26:53.555+0000: 804779.561: Application time: 1.8395823 seconds
2019-02-01T03:26:53.558+0000: 804779.564: [GC (Allocation Failure) 2019-02-01T03:26:53.564+0000: 804779.570: [SoftReference, 0 refs, 0.0000201 secs]2019-02-01T03:26:53.564+0000: 804779.570: [WeakReference, 3 refs, 0.0000079 secs]2019-02-01T03:26:53.564+0000: 804779.570: [FinalReference, 315 refs, 0.0002186 secs]2019-02-01T03:26:53.564+0000: 804779.570: [PhantomReference, 0 refs, 0 refs, 0.0000082 secs]2019-02-01T03:26:53.564+0000: 804779.570: [JNI Weak Reference, 0.0000194 secs]
Desired survivor size 5242880 bytes, new threshold 1 (max 15)
[PSYoungGen: 50172K->2589K(49664K)] 717360K->670692K(735232K), 0.0089066 secs] [Times: user=0.09 sys=0.01, real=0.01 secs] 
2019-02-01T03:26:53.567+0000: 804779.573: Total time for which application threads were stopped: 0.0121542 seconds, Stopping threads took: 0.0000578 seconds
2019-02-01T03:26:55.239+0000: 804781.245: Application time: 1.6718874 seconds
2019-02-01T03:26:55.242+0000: 804781.248: [GC (Allocation Failure) 2019-02-01T03:26:55.251+0000: 804781.257: [SoftReference, 0 refs, 0.0000327 secs]2019-02-01T03:26:55.251+0000: 804781.257: [WeakReference, 23 refs, 0.0000177 secs]2019-02-01T03:26:55.251+0000: 804781.257: [FinalReference, 353 refs, 0.0001210 secs]2019-02-01T03:26:55.251+0000: 804781.257: [PhantomReference, 0 refs, 0 refs, 0.0000144 secs]2019-02-01T03:26:55.251+0000: 804781.257: [JNI Weak Reference, 0.0000222 secs]
Desired survivor size 5242880 bytes, new threshold 1 (max 15)
[PSYoungGen: 49181K->2854K(48640K)] 717284K->672058K(734208K), 0.0127325 secs] [Times: user=0.19 sys=0.01, real=0.02 secs] 
2019-02-01T03:26:55.255+0000: 804781.261: Total time for which application threads were stopped: 0.0158434 seconds, Stopping threads took: 0.0000547 seconds
2019-02-01T03:26:56.921+0000: 804782.927: Application time: 1.6663906 seconds
2019-02-01T03:26:56.924+0000: 804782.930: Total time for which application threads were stopped: 0.0029880 seconds, Stopping threads took: 0.0000478 seconds
2019-02-01T03:26:57.125+0000: 804783.131: Application time: 0.2008243 seconds
2019-02-01T03:26:57.128+0000: 804783.134: Total time for which application threads were stopped: 0.0029522 seconds, Stopping threads took: 0.0001260 seconds
2019-02-01T03:26:57.225+0000: 804783.231: Application time: 0.0972585 seconds
2019-02-01T03:26:57.228+0000: 804783.234: Total time for which application threads were stopped: 0.0026598 seconds, Stopping threads took: 0.0000443 seconds
2019-02-01T03:26:57.229+0000: 804783.234: Application time: 0.0005570 seconds
2019-02-01T03:26:57.231+0000: 804783.236: Total time for which application threads were stopped: 0.0020127 seconds, Stopping threads took: 0.0000421 seconds
2019-02-01T03:26:57.237+0000: 804783.243: Application time: 0.0060463 seconds
2019-02-01T03:26:57.238+0000: 804783.244: Total time for which application threads were stopped: 0.0015551 seconds, Stopping threads took: 0.0000394 seconds
2019-02-01T03:26:57.239+0000: 804783.244: Application time: 0.0001740 seconds
2019-02-01T03:26:57.240+0000: 804783.246: [GC (GCLocker Initiated GC) 2019-02-01T03:26:57.244+0000: 804783.250: [SoftReference, 0 refs, 0.0000229 secs]2019-02-01T03:26:57.244+0000: 804783.250: [WeakReference, 30 refs, 0.0000179 secs]2019-02-01T03:26:57.244+0000: 804783.250: [FinalReference, 275 refs, 0.0000991 secs]2019-02-01T03:26:57.244+0000: 804783.250: [PhantomReference, 0 refs, 0 refs, 0.0000145 secs]2019-02-01T03:26:57.244+0000: 804783.250: [JNI Weak Reference, 0.0000223 secs]
Desired survivor size 5242880 bytes, new threshold 1 (max 15)
[PSYoungGen: 48421K->4078K(48640K)] 717632K->674206K(734208K), 0.0080997 secs] [Times: user=0.08 sys=0.00, real=0.01 secs] 
2019-02-01T03:26:57.248+0000: 804783.254: Total time for which application threads were stopped: 0.0097983 seconds, Stopping threads took: 0.0000862 seconds
2019-02-01T03:26:57.281+0000: 804783.287: Application time: 0.0328425 seconds
2019-02-01T03:26:57.283+0000: 804783.289: Total time for which application threads were stopped: 0.0019647 seconds, Stopping threads took: 0.0000432 seconds
2019-02-01T03:26:57.384+0000: 804783.389: Application time: 0.1005193 seconds
2019-02-01T03:26:57.386+0000: 804783.392: Total time for which application threads were stopped: 0.0023095 seconds, Stopping threads took: 0.0000392 seconds
2019-02-01T03:26:57.397+0000: 804783.403: Application time: 0.0113166 seconds
2019-02-01T03:26:57.399+0000: 804783.405: Total time for which application threads were stopped: 0.0020030 seconds, Stopping threads took: 0.0000395 seconds
2019-02-01T03:26:57.404+0000: 804783.410: Application time: 0.0046863 seconds
2019-02-01T03:26:57.406+0000: 804783.412: Total time for which application threads were stopped: 0.0017441 seconds, Stopping threads took: 0.0000328 seconds
2019-02-01T03:26:58.038+0000: 804784.043: Application time: 0.6318738 seconds
2019-02-01T03:26:58.040+0000: 804784.046: Total time for which application threads were stopped: 0.0028372 seconds, Stopping threads took: 0.0001027 seconds
2019-02-01T03:26:58.091+0000: 804784.097: Application time: 0.0503416 seconds
2019-02-01T03:26:58.093+0000: 804784.099: Total time for which application threads were stopped: 0.0021266 seconds, Stopping threads took: 0.0000610 seconds
2019-02-01T03:26:58.193+0000: 804784.199: Application time: 0.1004468 seconds
2019-02-01T03:26:58.196+0000: 804784.201: Total time for which application threads were stopped: 0.0022285 seconds, Stopping threads took: 0.0000409 seconds
2019-02-01T03:26:58.316+0000: 804784.322: Application time: 0.1207609 seconds
2019-02-01T03:26:58.319+0000: 804784.325: Total time for which application threads were stopped: 0.0024948 seconds, Stopping threads took: 0.0000624 seconds
2019-02-01T03:26:59.235+0000: 804785.241: Application time: 0.9160182 seconds
2019-02-01T03:26:59.238+0000: 804785.244: [GC (Allocation Failure) 2019-02-01T03:26:59.242+0000: 804785.247: [SoftReference, 0 refs, 0.0000231 secs]2019-02-01T03:26:59.242+0000: 804785.247: [WeakReference, 11 refs, 0.0000158 secs]2019-02-01T03:26:59.242+0000: 804785.248: [FinalReference, 312 refs, 0.0001342 secs]2019-02-01T03:26:59.242+0000: 804785.248: [PhantomReference, 0 refs, 0 refs, 0.0000145 secs]2019-02-01T03:26:59.242+0000: 804785.248: [JNI Weak Reference, 0.0000219 secs]
Desired survivor size 5242880 bytes, new threshold 1 (max 15)
[PSYoungGen: 48622K->1973K(45568K)] 718753K->673463K(731136K), 0.0079758 secs] [Times: user=0.08 sys=0.00, real=0.01 secs] 
2019-02-01T03:26:59.246+0000: 804785.252: Total time for which application threads were stopped: 0.0109498 seconds, Stopping threads took: 0.0000470 seconds
2019-02-01T03:27:01.035+0000: 804787.040: Application time: 1.7888461 seconds
2019-02-01T03:27:01.038+0000: 804787.043: Total time for which application threads were stopped: 0.0029646 seconds, Stopping threads took: 0.0000519 seconds
2019-02-01T03:27:01.038+0000: 804787.044: Application time: 0.0001286 seconds
2019-02-01T03:27:01.040+0000: 804787.045: Total time for which application threads were stopped: 0.0019246 seconds, Stopping threads took: 0.0000819 seconds
2019-02-01T03:27:01.116+0000: 804787.122: Application time: 0.0765289 seconds
2019-02-01T03:27:01.118+0000: 804787.124: [GC (Allocation Failure) 2019-02-01T03:27:01.122+0000: 804787.128: [SoftReference, 0 refs, 0.0000327 secs]2019-02-01T03:27:01.122+0000: 804787.128: [WeakReference, 9 refs, 0.0000163 secs]2019-02-01T03:27:01.122+0000: 804787.128: [FinalReference, 266 refs, 0.0001321 secs]2019-02-01T03:27:01.122+0000: 804787.128: [PhantomReference, 0 refs, 0 refs, 0.0000147 secs]2019-02-01T03:27:01.122+0000: 804787.128: [JNI Weak Reference, 0.0000222 secs]
Desired survivor size 5242880 bytes, new threshold 1 (max 15)
[PSYoungGen: 45493K->1790K(45056K)] 716983K->674130K(730624K), 0.0068343 secs] [Times: user=0.07 sys=0.00, real=0.01 secs] 
2019-02-01T03:27:01.125+0000: 804787.131: Total time for which application threads were stopped: 0.0086803 seconds, Stopping threads took: 0.0000291 seconds
2019-02-01T03:27:01.906+0000: 804787.912: Application time: 0.7811632 seconds
2019-02-01T03:27:01.909+0000: 804787.915: Total time for which application threads were stopped: 0.0029716 seconds, Stopping threads took: 0.0000399 seconds
2019-02-01T03:27:03.210+0000: 804789.216: Application time: 1.3014016 seconds
2019-02-01T03:27:03.213+0000: 804789.219: [GC (Allocation Failure) 2019-02-01T03:27:03.217+0000: 804789.223: [SoftReference, 0 refs, 0.0000323 secs]2019-02-01T03:27:03.218+0000: 804789.223: [WeakReference, 19 refs, 0.0000177 secs]2019-02-01T03:27:03.218+0000: 804789.223: [FinalReference, 237 refs, 0.0001128 secs]2019-02-01T03:27:03.218+0000: 804789.223: [PhantomReference, 0 refs, 0 refs, 0.0000146 secs]2019-02-01T03:27:03.218+0000: 804789.223: [JNI Weak Reference, 0.0000223 secs]
Desired survivor size 5242880 bytes, new threshold 1 (max 15)
[PSYoungGen: 44798K->2523K(45056K)] 717138K->675421K(730624K), 0.0082643 secs] [Times: user=0.10 sys=0.00, real=0.01 secs] 
2019-02-01T03:27:03.222+0000: 804789.228: Total time for which application threads were stopped: 0.0112804 seconds, Stopping threads took: 0.0000503 seconds
2019-02-01T03:27:04.443+0000: 804790.449: Application time: 1.2216892 seconds
2019-02-01T03:27:04.446+0000: 804790.452: Total time for which application threads were stopped: 0.0028875 seconds, Stopping threads took: 0.0000454 seconds
2019-02-01T03:27:04.446+0000: 804790.452: Application time: 0.0000985 seconds
2019-02-01T03:27:04.448+0000: 804790.454: Total time for which application threads were stopped: 0.0018139 seconds, Stopping threads took: 0.0000722 seconds
2019-02-01T03:27:05.100+0000: 804791.106: Application time: 0.6519724 seconds
2019-02-01T03:27:05.103+0000: 804791.109: Total time for which application threads were stopped: 0.0028837 seconds, Stopping threads took: 0.0000498 seconds
2019-02-01T03:27:05.103+0000: 804791.109: Application time: 0.0003231 seconds
2019-02-01T03:27:05.105+0000: 804791.111: Total time for which application threads were stopped: 0.0018722 seconds, Stopping threads took: 0.0000680 seconds
2019-02-01T03:27:05.105+0000: 804791.111: Application time: 0.0001201 seconds
2019-02-01T03:27:05.107+0000: 804791.113: [GC (GCLocker Initiated GC) 2019-02-01T03:27:05.112+0000: 804791.118: [SoftReference, 0 refs, 0.0000328 secs]2019-02-01T03:27:05.112+0000: 804791.118: [WeakReference, 37 refs, 0.0000320 secs]2019-02-01T03:27:05.112+0000: 804791.118: [FinalReference, 172 refs, 0.0000972 secs]2019-02-01T03:27:05.112+0000: 804791.118: [PhantomReference, 0 refs, 0 refs, 0.0000142 secs]2019-02-01T03:27:05.112+0000: 804791.118: [JNI Weak Reference, 0.0000280 secs]
Desired survivor size 5242880 bytes, new threshold 1 (max 15)
[PSYoungGen: 45019K->2409K(44544K)] 717918K->676753K(730112K), 0.0089543 secs] [Times: user=0.10 sys=0.00, real=0.01 secs] 
2019-02-01T03:27:05.116+0000: 804791.122: Total time for which application threads were stopped: 0.0106076 seconds, Stopping threads took: 0.0000850 seconds
2019-02-01T03:27:05.154+0000: 804791.159: Application time: 0.0374531 seconds
2019-02-01T03:27:05.156+0000: 804791.161: Total time for which application threads were stopped: 0.0021226 seconds, Stopping threads took: 0.0000416 seconds
2019-02-01T03:27:07.054+0000: 804793.059: Application time: 1.8978471 seconds
2019-02-01T03:27:07.057+0000: 804793.062: Total time for which application threads were stopped: 0.0029924 seconds, Stopping threads took: 0.0000478 seconds
2019-02-01T03:27:07.057+0000: 804793.062: Application time: 0.0000848 seconds
2019-02-01T03:27:07.058+0000: 804793.064: Total time for which application threads were stopped: 0.0018364 seconds, Stopping threads took: 0.0000290 seconds
2019-02-01T03:27:07.360+0000: 804793.365: Application time: 0.3012543 seconds
2019-02-01T03:27:07.363+0000: 804793.368: [GC (Allocation Failure) 2019-02-01T03:27:07.367+0000: 804793.373: [SoftReference, 0 refs, 0.0000371 secs]2019-02-01T03:27:07.367+0000: 804793.373: [WeakReference, 9 refs, 0.0000241 secs]2019-02-01T03:27:07.367+0000: 804793.373: [FinalReference, 244 refs, 0.0001202 secs]2019-02-01T03:27:07.368+0000: 804793.373: [PhantomReference, 0 refs, 0 refs, 0.0000142 secs]2019-02-01T03:27:07.368+0000: 804793.373: [JNI Weak Reference, 0.0000220 secs]
Desired survivor size 5242880 bytes, new threshold 1 (max 15)
[PSYoungGen: 44393K->1903K(43520K)] 718739K->677337K(729088K), 0.0085906 secs] [Times: user=0.10 sys=0.00, real=0.01 secs] 
2019-02-01T03:27:07.371+0000: 804793.377: Total time for which application threads were stopped: 0.0116797 seconds, Stopping threads took: 0.0000468 seconds
2019-02-01T03:27:07.860+0000: 804793.865: Application time: 0.4882177 seconds
2019-02-01T03:27:07.862+0000: 804793.868: Total time for which application threads were stopped: 0.0027210 seconds, Stopping threads took: 0.0000824 seconds
2019-02-01T03:27:07.862+0000: 804793.868: Application time: 0.0001357 seconds
2019-02-01T03:27:07.864+0000: 804793.870: Total time for which application threads were stopped: 0.0019925 seconds, Stopping threads took: 0.0000549 seconds
2019-02-01T03:27:08.772+0000: 804794.778: Application time: 0.9075755 seconds
2019-02-01T03:27:08.775+0000: 804794.781: [GC (Allocation Failure) 2019-02-01T03:27:08.780+0000: 804794.786: [SoftReference, 0 refs, 0.0000350 secs]2019-02-01T03:27:08.780+0000: 804794.786: [WeakReference, 11 refs, 0.0000164 secs]2019-02-01T03:27:08.780+0000: 804794.786: [FinalReference, 262 refs, 0.0001352 secs]2019-02-01T03:27:08.780+0000: 804794.786: [PhantomReference, 0 refs, 0 refs, 0.0000144 secs]2019-02-01T03:27:08.780+0000: 804794.786: [JNI Weak Reference, 0.0000276 secs]
Desired survivor size 5242880 bytes, new threshold 1 (max 15)
[PSYoungGen: 43375K->3379K(44544K)] 718809K->679701K(730112K), 0.0094443 secs] [Times: user=0.09 sys=0.00, real=0.01 secs] 
2019-02-01T03:27:08.785+0000: 804794.790: Total time for which application threads were stopped: 0.0125981 seconds, Stopping threads took: 0.0000797 seconds
2019-02-01T03:27:09.366+0000: 804795.372: Application time: 0.5818480 seconds
2019-02-01T03:27:09.370+0000: 804795.375: Total time for which application threads were stopped: 0.0030958 seconds, Stopping threads took: 0.0000540 seconds
2019-02-01T03:27:09.370+0000: 804795.375: Application time: 0.0000933 seconds
2019-02-01T03:27:09.372+0000: 804795.378: Total time for which application threads were stopped: 0.0021655 seconds, Stopping threads took: 0.0000771 seconds
2019-02-01T03:27:09.472+0000: 804795.478: Application time: 0.0999731 seconds
2019-02-01T03:27:09.474+0000: 804795.480: Total time for which application threads were stopped: 0.0024832 seconds, Stopping threads took: 0.0000369 seconds
2019-02-01T03:27:09.474+0000: 804795.480: Application time: 0.0000943 seconds
2019-02-01T03:27:09.476+0000: 804795.482: Total time for which application threads were stopped: 0.0019967 seconds, Stopping threads took: 0.0000719 seconds
2019-02-01T03:27:09.577+0000: 804795.583: Application time: 0.1005758 seconds
2019-02-01T03:27:09.581+0000: 804795.587: Total time for which application threads were stopped: 0.0037961 seconds, Stopping threads took: 0.0000339 seconds
2019-02-01T03:27:09.581+0000: 804795.587: Application time: 0.0000813 seconds
2019-02-01T03:27:09.583+0000: 804795.588: Total time for which application threads were stopped: 0.0017519 seconds, Stopping threads took: 0.0000721 seconds
2019-02-01T03:27:09.825+0000: 804795.831: Application time: 0.2424283 seconds
2019-02-01T03:27:09.828+0000: 804795.834: Total time for which application threads were stopped: 0.0029431 seconds, Stopping threads took: 0.0000521 seconds
2019-02-01T03:27:09.828+0000: 804795.834: Application time: 0.0000756 seconds
2019-02-01T03:27:09.830+0000: 804795.836: Total time for which application threads were stopped: 0.0019832 seconds, Stopping threads took: 0.0000686 seconds
2019-02-01T03:27:10.038+0000: 804796.044: Application time: 0.2080117 seconds
2019-02-01T03:27:10.041+0000: 804796.047: Total time for which application threads were stopped: 0.0026413 seconds, Stopping threads took: 0.0000452 seconds
2019-02-01T03:27:10.041+0000: 804796.047: Application time: 0.0000890 seconds
2019-02-01T03:27:10.043+0000: 804796.048: [GC (GCLocker Initiated GC) 2019-02-01T03:27:10.047+0000: 804796.053: [SoftReference, 0 refs, 0.0000204 secs]2019-02-01T03:27:10.047+0000: 804796.053: [WeakReference, 12 refs, 0.0000092 secs]2019-02-01T03:27:10.047+0000: 804796.053: [FinalReference, 256 refs, 0.0000974 secs]2019-02-01T03:27:10.047+0000: 804796.053: [PhantomReference, 0 refs, 0 refs, 0.0000080 secs]2019-02-01T03:27:10.047+0000: 804796.053: [JNI Weak Reference, 0.0000198 secs]
Desired survivor size 4718592 bytes, new threshold 1 (max 15)
[PSYoungGen: 44322K->2961K(43520K)] 720676K->680530K(729088K), 0.0082785 secs] [Times: user=0.09 sys=0.00, real=0.01 secs] 
2019-02-01T03:27:10.051+0000: 804796.057: Total time for which application threads were stopped: 0.0100405 seconds, Stopping threads took: 0.0000265 seconds
2019-02-01T03:27:11.486+0000: 804797.492: Application time: 1.4354939 seconds
2019-02-01T03:27:11.489+0000: 804797.495: Total time for which application threads were stopped: 0.0030861 seconds, Stopping threads took: 0.0000570 seconds
2019-02-01T03:27:11.693+0000: 804797.698: Application time: 0.2032296 seconds
2019-02-01T03:27:11.695+0000: 804797.701: [GC (Allocation Failure) 2019-02-01T03:27:11.699+0000: 804797.705: [SoftReference, 0 refs, 0.0000328 secs]2019-02-01T03:27:11.699+0000: 804797.705: [WeakReference, 11 refs, 0.0000157 secs]2019-02-01T03:27:11.699+0000: 804797.705: [FinalReference, 243 refs, 0.0001241 secs]2019-02-01T03:27:11.699+0000: 804797.705: [PhantomReference, 0 refs, 0 refs, 0.0000144 secs]2019-02-01T03:27:11.699+0000: 804797.705: [JNI Weak Reference, 0.0000373 secs]
Desired survivor size 4718592 bytes, new threshold 1 (max 15)
[PSYoungGen: 43409K->2774K(43008K)] 720982K->681306K(728576K), 0.0081459 secs] [Times: user=0.09 sys=0.00, real=0.00 secs] 
2019-02-01T03:27:11.704+0000: 804797.709: Total time for which application threads were stopped: 0.0110002 seconds, Stopping threads took: 0.0000358 seconds
2019-02-01T03:27:11.991+0000: 804797.997: Application time: 0.2870580 seconds
2019-02-01T03:27:11.994+0000: 804798.000: Total time for which application threads were stopped: 0.0030063 seconds, Stopping threads took: 0.0001007 seconds
2019-02-01T03:27:12.011+0000: 804798.017: Application time: 0.0177091 seconds
2019-02-01T03:27:12.014+0000: 804798.020: Total time for which application threads were stopped: 0.0022642 seconds, Stopping threads took: 0.0000608 seconds
2019-02-01T03:27:12.522+0000: 804798.528: Application time: 0.5080976 seconds
2019-02-01T03:27:12.525+0000: 804798.531: Total time for which application threads were stopped: 0.0029118 seconds, Stopping threads took: 0.0000742 seconds
2019-02-01T03:27:12.525+0000: 804798.531: Application time: 0.0001653 seconds
2019-02-01T03:27:12.527+0000: 804798.533: [GC (GCLocker Initiated GC) 2019-02-01T03:27:12.531+0000: 804798.537: [SoftReference, 0 refs, 0.0000542 secs]2019-02-01T03:27:12.531+0000: 804798.537: [WeakReference, 8 refs, 0.0000159 secs]2019-02-01T03:27:12.531+0000: 804798.537: [FinalReference, 385 refs, 0.0001983 secs]2019-02-01T03:27:12.532+0000: 804798.537: [PhantomReference, 0 refs, 0 refs, 0.0000144 secs]2019-02-01T03:27:12.532+0000: 804798.537: [JNI Weak Reference, 0.0000278 secs]
Desired survivor size 5767168 bytes, new threshold 1 (max 15)
[PSYoungGen: 42710K->3568K(43008K)] 721245K->684098K(728576K), 0.0091923 secs] [Times: user=0.08 sys=0.00, real=0.01 secs] 
2019-02-01T03:27:12.536+0000: 804798.542: Total time for which application threads were stopped: 0.0111188 seconds, Stopping threads took: 0.0000666 seconds
2019-02-01T03:27:13.396+0000: 804799.402: Application time: 0.8603868 seconds
2019-02-01T03:27:13.399+0000: 804799.405: Total time for which application threads were stopped: 0.0030148 seconds, Stopping threads took: 0.0000496 seconds
2019-02-01T03:27:13.400+0000: 804799.405: Application time: 0.0000947 seconds
2019-02-01T03:27:13.402+0000: 804799.407: Total time for which application threads were stopped: 0.0021074 seconds, Stopping threads took: 0.0000673 seconds
2019-02-01T03:27:13.758+0000: 804799.764: Application time: 0.3563159 seconds
2019-02-01T03:27:13.761+0000: 804799.767: [GC (Allocation Failure) 2019-02-01T03:27:13.765+0000: 804799.771: [SoftReference, 0 refs, 0.0000318 secs]2019-02-01T03:27:13.765+0000: 804799.771: [WeakReference, 8 refs, 0.0000147 secs]2019-02-01T03:27:13.765+0000: 804799.771: [FinalReference, 295 refs, 0.0000951 secs]2019-02-01T03:27:13.765+0000: 804799.771: [PhantomReference, 0 refs, 0 refs, 0.0000145 secs]2019-02-01T03:27:13.765+0000: 804799.771: [JNI Weak Reference, 0.0000225 secs]
Desired survivor size 5767168 bytes, new threshold 1 (max 15)
[PSYoungGen: 42992K->2635K(41984K)] 723524K->684569K(727552K), 0.0081704 secs] [Times: user=0.10 sys=0.00, real=0.01 secs] 
2019-02-01T03:27:13.769+0000: 804799.775: Total time for which application threads were stopped: 0.0111864 seconds, Stopping threads took: 0.0000445 seconds
2019-02-01T03:27:14.671+0000: 804800.677: Application time: 0.9022473 seconds
2019-02-01T03:27:14.675+0000: 804800.680: [GC (Allocation Failure) 2019-02-01T03:27:14.680+0000: 804800.686: [SoftReference, 0 refs, 0.0000325 secs]2019-02-01T03:27:14.681+0000: 804800.686: [WeakReference, 5 refs, 0.0000144 secs]2019-02-01T03:27:14.681+0000: 804800.686: [FinalReference, 308 refs, 0.0001614 secs]2019-02-01T03:27:14.681+0000: 804800.686: [PhantomReference, 0 refs, 0 refs, 0.0000144 secs]2019-02-01T03:27:14.681+0000: 804800.686: [JNI Weak Reference, 0.0000280 secs]
Desired survivor size 5242880 bytes, new threshold 1 (max 15)
[PSYoungGen: 41547K->2222K(40960K)] 723481K->685000K(726528K), 0.0111372 secs] [Times: user=0.13 sys=0.01, real=0.02 secs] 
2019-02-01T03:27:14.686+0000: 804800.692: Total time for which application threads were stopped: 0.0143412 seconds, Stopping threads took: 0.0000595 seconds
2019-02-01T03:27:16.418+0000: 804802.424: Application time: 1.7326096 seconds
2019-02-01T03:27:16.421+0000: 804802.427: [GC (Allocation Failure) 2019-02-01T03:27:16.425+0000: 804802.431: [SoftReference, 0 refs, 0.0000325 secs]2019-02-01T03:27:16.425+0000: 804802.431: [WeakReference, 10 refs, 0.0000160 secs]2019-02-01T03:27:16.425+0000: 804802.431: [FinalReference, 201 refs, 0.0000889 secs]2019-02-01T03:27:16.425+0000: 804802.431: [PhantomReference, 0 refs, 0 refs, 0.0000142 secs]2019-02-01T03:27:16.425+0000: 804802.431: [JNI Weak Reference, 0.0000368 secs]
Desired survivor size 5242880 bytes, new threshold 1 (max 15)
[PSYoungGen: 40622K->2551K(40448K)] 723400K->685859K(726016K), 0.0087679 secs] [Times: user=0.09 sys=0.00, real=0.01 secs] 
2019-02-01T03:27:16.430+0000: 804802.436: Total time for which application threads were stopped: 0.0117552 seconds, Stopping threads took: 0.0000584 seconds
2019-02-01T03:27:17.665+0000: 804803.671: Application time: 1.2348521 seconds
2019-02-01T03:27:17.668+0000: 804803.674: Total time for which application threads were stopped: 0.0028096 seconds, Stopping threads took: 0.0000833 seconds
2019-02-01T03:27:17.668+0000: 804803.674: Application time: 0.0001712 seconds
2019-02-01T03:27:17.670+0000: 804803.676: [GC (GCLocker Initiated GC) 2019-02-01T03:27:17.674+0000: 804803.680: [SoftReference, 0 refs, 0.0000326 secs]2019-02-01T03:27:17.674+0000: 804803.680: [WeakReference, 8 refs, 0.0000152 secs]2019-02-01T03:27:17.674+0000: 804803.680: [FinalReference, 281 refs, 0.0001116 secs]2019-02-01T03:27:17.674+0000: 804803.680: [PhantomReference, 0 refs, 0 refs, 0.0000142 secs]2019-02-01T03:27:17.674+0000: 804803.680: [JNI Weak Reference, 0.0000275 secs]
Desired survivor size 5242880 bytes, new threshold 1 (max 15)
[PSYoungGen: 40439K->2380K(39936K)] 723752K->686704K(725504K), 0.0081382 secs] [Times: user=0.08 sys=0.00, real=0.01 secs] 
2019-02-01T03:27:17.678+0000: 804803.684: [Full GC (Ergonomics) 2019-02-01T03:27:17.722+0000: 804803.728: [SoftReference, 133 refs, 0.0000725 secs]2019-02-01T03:27:17.722+0000: 804803.728: [WeakReference, 2318 refs, 0.0004592 secs]2019-02-01T03:27:17.723+0000: 804803.728: [FinalReference, 1148 refs, 0.0005530 secs]2019-02-01T03:27:17.723+0000: 804803.729: [PhantomReference, 0 refs, 104 refs, 0.0000258 secs]2019-02-01T03:27:17.723+0000: 804803.729: [JNI Weak Reference, 0.0000220 secs][PSYoungGen: 2380K->0K(39936K)] [ParOldGen: 684324K->634042K(685568K)] 686704K->634042K(725504K), [Metaspace: 75215K->75215K(1118208K)], 0.1495663 secs] [Times: user=2.37 sys=0.00, real=0.15 secs] 
2019-02-01T03:27:17.828+0000: 804803.833: Total time for which application threads were stopped: 0.1596779 seconds, Stopping threads took: 0.0000243 seconds
2019-02-01T03:27:19.085+0000: 804805.091: Application time: 1.2574778 seconds
2019-02-01T03:27:19.088+0000: 804805.094: Total time for which application threads were stopped: 0.0029255 seconds, Stopping threads took: 0.0000572 seconds
2019-02-01T03:27:19.088+0000: 804805.094: Application time: 0.0000921 seconds
2019-02-01T03:27:19.090+0000: 804805.096: [GC (GCLocker Initiated GC) 2019-02-01T03:27:19.099+0000: 804805.105: [SoftReference, 0 refs, 0.0000334 secs]2019-02-01T03:27:19.099+0000: 804805.105: [WeakReference, 10 refs, 0.0000159 secs]2019-02-01T03:27:19.099+0000: 804805.105: [FinalReference, 257 refs, 0.0001346 secs]2019-02-01T03:27:19.099+0000: 804805.105: [PhantomReference, 0 refs, 0 refs, 0.0000142 secs]2019-02-01T03:27:19.099+0000: 804805.105: [JNI Weak Reference, 0.0000330 secs]
Desired survivor size 5242880 bytes, new threshold 1 (max 15)
[PSYoungGen: 37376K->4003K(40960K)] 671420K->638048K(726528K), 0.0124626 secs] [Times: user=0.22 sys=0.00, real=0.01 secs] 
2019-02-01T03:27:19.103+0000: 804805.108: Total time for which application threads were stopped: 0.0143852 seconds, Stopping threads took: 0.0000437 seconds
2019-02-01T03:27:20.861+0000: 804806.867: Application time: 1.7588030 seconds
2019-02-01T03:27:20.864+0000: 804806.870: [GC (Allocation Failure) 2019-02-01T03:27:20.872+0000: 804806.878: [SoftReference, 0 refs, 0.0000324 secs]2019-02-01T03:27:20.872+0000: 804806.878: [WeakReference, 23 refs, 0.0000186 secs]2019-02-01T03:27:20.872+0000: 804806.878: [FinalReference, 259 refs, 0.0001384 secs]2019-02-01T03:27:20.872+0000: 804806.878: [PhantomReference, 0 refs, 0 refs, 0.0000162 secs]2019-02-01T03:27:20.872+0000: 804806.878: [JNI Weak Reference, 0.0000250 secs]
Desired survivor size 5767168 bytes, new threshold 1 (max 15)
[PSYoungGen: 40867K->3920K(40448K)] 674915K->638868K(726016K), 0.0115693 secs] [Times: user=0.19 sys=0.00, real=0.02 secs] 
2019-02-01T03:27:20.876+0000: 804806.882: Total time for which application threads were stopped: 0.0146637 seconds, Stopping threads took: 0.0000570 seconds
2019-02-01T03:27:22.108+0000: 804808.114: Application time: 1.2318357 seconds
2019-02-01T03:27:22.111+0000: 804808.117: [GC (Allocation Failure) 2019-02-01T03:27:22.116+0000: 804808.121: [SoftReference, 0 refs, 0.0000322 secs]2019-02-01T03:27:22.116+0000: 804808.122: [WeakReference, 9 refs, 0.0000249 secs]2019-02-01T03:27:22.116+0000: 804808.122: [FinalReference, 251 refs, 0.0001359 secs]2019-02-01T03:27:22.116+0000: 804808.122: [PhantomReference, 0 refs, 0 refs, 0.0000165 secs]2019-02-01T03:27:22.116+0000: 804808.122: [JNI Weak Reference, 0.0000223 secs]
Desired survivor size 5767168 bytes, new threshold 1 (max 15)
[PSYoungGen: 40272K->4080K(39936K)] 675220K->639968K(725504K), 0.0088063 secs] [Times: user=0.09 sys=0.00, real=0.01 secs] 
2019-02-01T03:27:22.120+0000: 804808.125: Total time for which application threads were stopped: 0.0118164 seconds, Stopping threads took: 0.0000484 seconds
2019-02-01T03:27:23.796+0000: 804809.802: Application time: 1.6764660 seconds
2019-02-01T03:27:23.799+0000: 804809.805: [GC (Allocation Failure) 2019-02-01T03:27:23.803+0000: 804809.809: [SoftReference, 0 refs, 0.0000411 secs]2019-02-01T03:27:23.803+0000: 804809.809: [WeakReference, 10 refs, 0.0000158 secs]2019-02-01T03:27:23.803+0000: 804809.809: [FinalReference, 249 refs, 0.0001060 secs]2019-02-01T03:27:23.803+0000: 804809.809: [PhantomReference, 0 refs, 0 refs, 0.0000142 secs]2019-02-01T03:27:23.803+0000: 804809.809: [JNI Weak Reference, 0.0000225 secs]
Desired survivor size 5767168 bytes, new threshold 1 (max 15)
[PSYoungGen: 39920K->2281K(40448K)] 675808K->640713K(726016K), 0.0075757 secs] [Times: user=0.08 sys=0.00, real=0.01 secs] 
2019-02-01T03:27:23.807+0000: 804809.813: Total time for which application threads were stopped: 0.0105679 seconds, Stopping threads took: 0.0000440 seconds
2019-02-01T03:27:25.998+0000: 804812.003: Application time: 2.1909628 seconds
2019-02-01T03:27:26.001+0000: 804812.006: [GC (Allocation Failure) 2019-02-01T03:27:26.009+0000: 804812.014: [SoftReference, 0 refs, 0.0000329 secs]2019-02-01T03:27:26.009+0000: 804812.014: [WeakReference, 12 refs, 0.0000164 secs]2019-02-01T03:27:26.009+0000: 804812.014: [FinalReference, 160 refs, 0.0000959 secs]2019-02-01T03:27:26.009+0000: 804812.014: [PhantomReference, 0 refs, 0 refs, 0.0000143 secs]2019-02-01T03:27:26.009+0000: 804812.014: [JNI Weak Reference, 0.0000283 secs]
Desired survivor size 5767168 bytes, new threshold 1 (max 15)
[PSYoungGen: 37609K->1731K(36864K)] 676041K->641275K(722432K), 0.0125098 secs] [Times: user=0.21 sys=0.00, real=0.01 secs] 
2019-02-01T03:27:26.013+0000: 804812.019: Total time for which application threads were stopped: 0.0155105 seconds, Stopping threads took: 0.0000459 seconds
2019-02-01T03:27:27.488+0000: 804813.494: Application time: 1.4752694 seconds
2019-02-01T03:27:27.491+0000: 804813.497: [GC (Allocation Failure) 2019-02-01T03:27:27.496+0000: 804813.502: [SoftReference, 0 refs, 0.0000334 secs]2019-02-01T03:27:27.496+0000: 804813.502: [WeakReference, 16 refs, 0.0000178 secs]2019-02-01T03:27:27.496+0000: 804813.502: [FinalReference, 174 refs, 0.0000979 secs]2019-02-01T03:27:27.496+0000: 804813.502: [PhantomReference, 0 refs, 0 refs, 0.0000141 secs]2019-02-01T03:27:27.496+0000: 804813.502: [JNI Weak Reference, 0.0000292 secs]
Desired survivor size 5767168 bytes, new threshold 1 (max 15)
[PSYoungGen: 36547K->1574K(39424K)] 676091K->641779K(724992K), 0.0090972 secs] [Times: user=0.05 sys=0.01, real=0.01 secs] 
2019-02-01T03:27:27.501+0000: 804813.506: Total time for which application threads were stopped: 0.0120572 seconds, Stopping threads took: 0.0000497 seconds
2019-02-01T03:27:29.208+0000: 804815.213: Application time: 1.7069995 seconds
2019-02-01T03:27:29.211+0000: 804815.216: [GC (Allocation Failure) 2019-02-01T03:27:29.214+0000: 804815.220: [SoftReference, 0 refs, 0.0000335 secs]2019-02-01T03:27:29.214+0000: 804815.220: [WeakReference, 7 refs, 0.0000150 secs]2019-02-01T03:27:29.214+0000: 804815.220: [FinalReference, 212 refs, 0.0001000 secs]2019-02-01T03:27:29.214+0000: 804815.220: [PhantomReference, 0 refs, 0 refs, 0.0000147 secs]2019-02-01T03:27:29.214+0000: 804815.220: [JNI Weak Reference, 0.0000274 secs]
Desired survivor size 5767168 bytes, new threshold 1 (max 15)
[PSYoungGen: 35878K->1826K(35840K)] 676083K->642522K(721408K), 0.0080330 secs] [Times: user=0.07 sys=0.01, real=0.01 secs] 
2019-02-01T03:27:29.219+0000: 804815.224: Total time for which application threads were stopped: 0.0110998 seconds, Stopping threads took: 0.0000540 seconds
2019-02-01T03:27:30.593+0000: 804816.599: Application time: 1.3744510 seconds
2019-02-01T03:27:30.596+0000: 804816.602: [GC (Allocation Failure) 2019-02-01T03:27:30.600+0000: 804816.606: [SoftReference, 0 refs, 0.0000344 secs]2019-02-01T03:27:30.600+0000: 804816.606: [WeakReference, 7 refs, 0.0000152 secs]2019-02-01T03:27:30.600+0000: 804816.606: [FinalReference, 190 refs, 0.0001060 secs]2019-02-01T03:27:30.600+0000: 804816.606: [PhantomReference, 0 refs, 0 refs, 0.0000141 secs]2019-02-01T03:27:30.600+0000: 804816.606: [JNI Weak Reference, 0.0000280 secs]
Desired survivor size 5242880 bytes, new threshold 1 (max 15)
[PSYoungGen: 35618K->2286K(37376K)] 676314K->643765K(722944K), 0.0089474 secs] [Times: user=0.10 sys=0.00, real=0.01 secs] 
2019-02-01T03:27:30.605+0000: 804816.611: Total time for which application threads were stopped: 0.0119760 seconds, Stopping threads took: 0.0000534 seconds
2019-02-01T03:27:31.764+0000: 804817.770: Application time: 1.1588688 seconds
2019-02-01T03:27:31.767+0000: 804817.773: [GC (Allocation Failure) 2019-02-01T03:27:31.771+0000: 804817.776: [SoftReference, 0 refs, 0.0000339 secs]2019-02-01T03:27:31.771+0000: 804817.776: [WeakReference, 11 refs, 0.0000159 secs]2019-02-01T03:27:31.771+0000: 804817.776: [FinalReference, 270 refs, 0.0001431 secs]2019-02-01T03:27:31.771+0000: 804817.777: [PhantomReference, 0 refs, 0 refs, 0.0000145 secs]2019-02-01T03:27:31.771+0000: 804817.777: [JNI Weak Reference, 0.0000282 secs]
Desired survivor size 5242880 bytes, new threshold 1 (max 15)
[PSYoungGen: 35566K->2072K(35328K)] 677045K->644090K(720896K), 0.0083137 secs] [Times: user=0.08 sys=0.00, real=0.01 secs] 
2019-02-01T03:27:31.775+0000: 804817.781: Total time for which application threads were stopped: 0.0113953 seconds, Stopping threads took: 0.0000567 seconds
2019-02-01T03:27:33.185+0000: 804819.191: Application time: 1.4100879 seconds
2019-02-01T03:27:33.188+0000: 804819.194: [GC (Allocation Failure) 2019-02-01T03:27:33.193+0000: 804819.198: [SoftReference, 0 refs, 0.0000332 secs]2019-02-01T03:27:33.193+0000: 804819.198: [WeakReference, 22 refs, 0.0000176 secs]2019-02-01T03:27:33.193+0000: 804819.198: [FinalReference, 233 refs, 0.0001046 secs]2019-02-01T03:27:33.193+0000: 804819.198: [PhantomReference, 0 refs, 0 refs, 0.0000142 secs]2019-02-01T03:27:33.193+0000: 804819.198: [JNI Weak Reference, 0.0000228 secs]
Desired survivor size 5242880 bytes, new threshold 1 (max 15)
[PSYoungGen: 34840K->2847K(36864K)] 676858K->645982K(722432K), 0.0081251 secs] [Times: user=0.07 sys=0.00, real=0.00 secs] 
2019-02-01T03:27:33.197+0000: 804819.202: Total time for which application threads were stopped: 0.0111764 seconds, Stopping threads took: 0.0000788 seconds
2019-02-01T03:27:34.507+0000: 804820.513: Application time: 1.3102956 seconds
2019-02-01T03:27:34.510+0000: 804820.516: [GC (Allocation Failure) 2019-02-01T03:27:34.514+0000: 804820.520: [SoftReference, 0 refs, 0.0000421 secs]2019-02-01T03:27:34.514+0000: 804820.520: [WeakReference, 10 refs, 0.0000172 secs]2019-02-01T03:27:34.514+0000: 804820.520: [FinalReference, 288 refs, 0.0001196 secs]2019-02-01T03:27:34.515+0000: 804820.520: [PhantomReference, 0 refs, 0 refs, 0.0000141 secs]2019-02-01T03:27:34.515+0000: 804820.520: [JNI Weak Reference, 0.0000268 secs]
Desired survivor size 6291456 bytes, new threshold 1 (max 15)
[PSYoungGen: 35103K->5103K(36864K)] 678238K->649418K(722432K), 0.0089730 secs] [Times: user=0.10 sys=0.00, real=0.01 secs] 
2019-02-01T03:27:34.519+0000: 804820.525: Total time for which application threads were stopped: 0.0120122 seconds, Stopping threads took: 0.0000515 seconds
2019-02-01T03:27:35.994+0000: 804821.999: Application time: 1.4747190 seconds
2019-02-01T03:27:35.997+0000: 804822.002: [GC (Allocation Failure) 2019-02-01T03:27:36.002+0000: 804822.008: [SoftReference, 0 refs, 0.0000326 secs]2019-02-01T03:27:36.002+0000: 804822.008: [WeakReference, 4 refs, 0.0000216 secs]2019-02-01T03:27:36.002+0000: 804822.008: [FinalReference, 168 refs, 0.0001128 secs]2019-02-01T03:27:36.002+0000: 804822.008: [PhantomReference, 0 refs, 0 refs, 0.0000141 secs]2019-02-01T03:27:36.002+0000: 804822.008: [JNI Weak Reference, 0.0000290 secs]
Desired survivor size 6291456 bytes, new threshold 1 (max 15)
[PSYoungGen: 36847K->1504K(36864K)] 681162K->647899K(722432K), 0.0097449 secs] [Times: user=0.12 sys=0.00, real=0.01 secs] 
2019-02-01T03:27:36.007+0000: 804822.012: Total time for which application threads were stopped: 0.0128426 seconds, Stopping threads took: 0.0000499 seconds
2019-02-01T03:27:37.212+0000: 804823.218: Application time: 1.2054573 seconds
2019-02-01T03:27:37.215+0000: 804823.221: [GC (Allocation Failure) 2019-02-01T03:27:37.219+0000: 804823.225: [SoftReference, 0 refs, 0.0000318 secs]2019-02-01T03:27:37.219+0000: 804823.225: [WeakReference, 5 refs, 0.0000145 secs]2019-02-01T03:27:37.219+0000: 804823.225: [FinalReference, 193 refs, 0.0001078 secs]2019-02-01T03:27:37.219+0000: 804823.225: [PhantomReference, 0 refs, 0 refs, 0.0000144 secs]2019-02-01T03:27:37.219+0000: 804823.225: [JNI Weak Reference, 0.0000289 secs]
Desired survivor size 5767168 bytes, new threshold 1 (max 15)
[PSYoungGen: 32736K->2478K(33280K)] 679131K->649638K(718848K), 0.0080014 secs] [Times: user=0.08 sys=0.00, real=0.01 secs] 
2019-02-01T03:27:37.223+0000: 804823.229: Total time for which application threads were stopped: 0.0109904 seconds, Stopping threads took: 0.0000548 seconds
2019-02-01T03:27:38.312+0000: 804824.318: Application time: 1.0890269 seconds
2019-02-01T03:27:38.315+0000: 804824.321: [GC (Allocation Failure) 2019-02-01T03:27:38.322+0000: 804824.328: [SoftReference, 0 refs, 0.0000318 secs]2019-02-01T03:27:38.322+0000: 804824.328: [WeakReference, 13 refs, 0.0000167 secs]2019-02-01T03:27:38.322+0000: 804824.328: [FinalReference, 201 refs, 0.0001063 secs]2019-02-01T03:27:38.322+0000: 804824.328: [PhantomReference, 0 refs, 0 refs, 0.0000144 secs]2019-02-01T03:27:38.322+0000: 804824.328: [JNI Weak Reference, 0.0000290 secs]
Desired survivor size 6291456 bytes, new threshold 1 (max 15)
[PSYoungGen: 33198K->3694K(35840K)] 680358K->651443K(721408K), 0.0112087 secs] [Times: user=0.13 sys=0.00, real=0.01 secs] 
2019-02-01T03:27:38.326+0000: 804824.332: Total time for which application threads were stopped: 0.0142929 seconds, Stopping threads took: 0.0000494 seconds
2019-02-01T03:27:39.946+0000: 804825.951: Application time: 1.6194202 seconds
2019-02-01T03:27:39.949+0000: 804825.954: [GC (Allocation Failure) 2019-02-01T03:27:39.956+0000: 804825.961: [SoftReference, 0 refs, 0.0000320 secs]2019-02-01T03:27:39.956+0000: 804825.961: [WeakReference, 11 refs, 0.0000159 secs]2019-02-01T03:27:39.956+0000: 804825.961: [FinalReference, 197 refs, 0.0001172 secs]2019-02-01T03:27:39.956+0000: 804825.961: [PhantomReference, 0 refs, 0 refs, 0.0000146 secs]2019-02-01T03:27:39.956+0000: 804825.962: [JNI Weak Reference, 0.0000229 secs]
Desired survivor size 5767168 bytes, new threshold 1 (max 15)
[PSYoungGen: 33902K->3160K(33280K)] 681651K->651873K(718848K), 0.0108782 secs] [Times: user=0.18 sys=0.00, real=0.01 secs] 
2019-02-01T03:27:39.960+0000: 804825.965: Total time for which application threads were stopped: 0.0138391 seconds, Stopping threads took: 0.0000462 seconds
2019-02-01T03:27:41.120+0000: 804827.126: Application time: 1.1602831 seconds
2019-02-01T03:27:41.123+0000: 804827.129: [GC (Allocation Failure) 2019-02-01T03:27:41.127+0000: 804827.133: [SoftReference, 0 refs, 0.0000322 secs]2019-02-01T03:27:41.127+0000: 804827.133: [WeakReference, 11 refs, 0.0000157 secs]2019-02-01T03:27:41.127+0000: 804827.133: [FinalReference, 247 refs, 0.0001157 secs]2019-02-01T03:27:41.127+0000: 804827.133: [PhantomReference, 0 refs, 0 refs, 0.0000149 secs]2019-02-01T03:27:41.127+0000: 804827.133: [JNI Weak Reference, 0.0000221 secs]
Desired survivor size 5767168 bytes, new threshold 1 (max 15)
[PSYoungGen: 32856K->1979K(34304K)] 681569K->651572K(719872K), 0.0080864 secs] [Times: user=0.07 sys=0.00, real=0.01 secs] 
2019-02-01T03:27:41.131+0000: 804827.137: Total time for which application threads were stopped: 0.0111560 seconds, Stopping threads took: 0.0000525 seconds
2019-02-01T03:27:42.238+0000: 804828.243: Application time: 1.1065190 seconds
2019-02-01T03:27:42.240+0000: 804828.246: [GC (Allocation Failure) 2019-02-01T03:27:42.250+0000: 804828.256: [SoftReference, 0 refs, 0.0000323 secs]2019-02-01T03:27:42.250+0000: 804828.256: [WeakReference, 15 refs, 0.0000173 secs]2019-02-01T03:27:42.250+0000: 804828.256: [FinalReference, 183 refs, 0.0001048 secs]2019-02-01T03:27:42.250+0000: 804828.256: [PhantomReference, 0 refs, 0 refs, 0.0000143 secs]2019-02-01T03:27:42.250+0000: 804828.256: [JNI Weak Reference, 0.0000271 secs]
Desired survivor size 5767168 bytes, new threshold 1 (max 15)
[PSYoungGen: 31163K->2233K(34816K)] 680756K->652627K(720384K), 0.0133939 secs] [Times: user=0.22 sys=0.00, real=0.01 secs] 
2019-02-01T03:27:42.254+0000: 804828.260: Total time for which application threads were stopped: 0.0163449 seconds, Stopping threads took: 0.0000464 seconds
2019-02-01T03:27:43.394+0000: 804829.399: Application time: 1.1398099 seconds
2019-02-01T03:27:43.397+0000: 804829.402: [GC (Allocation Failure) 2019-02-01T03:27:43.403+0000: 804829.408: [SoftReference, 0 refs, 0.0000320 secs]2019-02-01T03:27:43.403+0000: 804829.408: [WeakReference, 5 refs, 0.0000153 secs]2019-02-01T03:27:43.403+0000: 804829.408: [FinalReference, 205 refs, 0.0001285 secs]2019-02-01T03:27:43.403+0000: 804829.409: [PhantomReference, 0 refs, 0 refs, 0.0000219 secs]2019-02-01T03:27:43.403+0000: 804829.409: [JNI Weak Reference, 0.0000229 secs]
Desired survivor size 5767168 bytes, new threshold 1 (max 15)
[PSYoungGen: 31417K->1779K(39936K)] 681811K->652842K(725504K), 0.0097491 secs] [Times: user=0.14 sys=0.00, real=0.01 secs] 
2019-02-01T03:27:43.407+0000: 804829.412: Total time for which application threads were stopped: 0.0128077 seconds, Stopping threads took: 0.0000499 seconds
2019-02-01T03:27:45.194+0000: 804831.200: Application time: 1.7878827 seconds
2019-02-01T03:27:45.197+0000: 804831.203: [GC (Allocation Failure) 2019-02-01T03:27:45.203+0000: 804831.209: [SoftReference, 0 refs, 0.0000321 secs]2019-02-01T03:27:45.203+0000: 804831.209: [WeakReference, 5 refs, 0.0000146 secs]2019-02-01T03:27:45.203+0000: 804831.209: [FinalReference, 214 refs, 0.0001158 secs]2019-02-01T03:27:45.203+0000: 804831.209: [PhantomReference, 0 refs, 0 refs, 0.0000142 secs]2019-02-01T03:27:45.203+0000: 804831.209: [JNI Weak Reference, 0.0000276 secs]
Desired survivor size 5242880 bytes, new threshold 1 (max 15)
[PSYoungGen: 36083K->1786K(35840K)] 687146K->653539K(721408K), 0.0099479 secs] [Times: user=0.12 sys=0.01, real=0.01 secs] 
2019-02-01T03:27:45.207+0000: 804831.213: Total time for which application threads were stopped: 0.0130365 seconds, Stopping threads took: 0.0000601 seconds
2019-02-01T03:27:46.786+0000: 804832.792: Application time: 1.5785932 seconds
2019-02-01T03:27:46.789+0000: 804832.795: [GC (Allocation Failure) 2019-02-01T03:27:46.798+0000: 804832.803: [SoftReference, 0 refs, 0.0000317 secs]2019-02-01T03:27:46.798+0000: 804832.803: [WeakReference, 7 refs, 0.0000289 secs]2019-02-01T03:27:46.798+0000: 804832.803: [FinalReference, 248 refs, 0.0001462 secs]2019-02-01T03:27:46.798+0000: 804832.804: [PhantomReference, 0 refs, 0 refs, 0.0000146 secs]2019-02-01T03:27:46.798+0000: 804832.804: [JNI Weak Reference, 0.0000273 secs]
Desired survivor size 5242880 bytes, new threshold 1 (max 15)
[PSYoungGen: 35578K->3033K(37888K)] 687331K->655275K(723456K), 0.0125657 secs] [Times: user=0.21 sys=0.00, real=0.02 secs] 
2019-02-01T03:27:46.802+0000: 804832.807: Total time for which application threads were stopped: 0.0156403 seconds, Stopping threads took: 0.0000591 seconds
2019-02-01T03:27:48.284+0000: 804834.290: Application time: 1.4827961 seconds
2019-02-01T03:27:48.287+0000: 804834.293: [GC (Allocation Failure) 2019-02-01T03:27:48.295+0000: 804834.301: [SoftReference, 0 refs, 0.0000191 secs]2019-02-01T03:27:48.295+0000: 804834.301: [WeakReference, 11 refs, 0.0000096 secs]2019-02-01T03:27:48.295+0000: 804834.301: [FinalReference, 228 refs, 0.0000765 secs]2019-02-01T03:27:48.295+0000: 804834.301: [PhantomReference, 0 refs, 0 refs, 0.0000082 secs]2019-02-01T03:27:48.295+0000: 804834.301: [JNI Weak Reference, 0.0000199 secs]
Desired survivor size 5242880 bytes, new threshold 1 (max 15)
[PSYoungGen: 36313K->1875K(34816K)] 688555K->654763K(720384K), 0.0103146 secs] [Times: user=0.18 sys=0.00, real=0.01 secs] 
2019-02-01T03:27:48.298+0000: 804834.304: Total time for which application threads were stopped: 0.0133542 seconds, Stopping threads took: 0.0000528 seconds
2019-02-01T03:27:48.594+0000: 804834.600: Application time: 0.2965305 seconds
2019-02-01T03:27:48.597+0000: 804834.603: Total time for which application threads were stopped: 0.0029621 seconds, Stopping threads took: 0.0000480 seconds
2019-02-01T03:27:49.425+0000: 804835.430: Application time: 0.8273514 seconds
2019-02-01T03:27:49.428+0000: 804835.433: [GC (Allocation Failure) 2019-02-01T03:27:49.432+0000: 804835.438: [SoftReference, 0 refs, 0.0000319 secs]2019-02-01T03:27:49.432+0000: 804835.438: [WeakReference, 12 refs, 0.0000162 secs]2019-02-01T03:27:49.432+0000: 804835.438: [FinalReference, 259 refs, 0.0001165 secs]2019-02-01T03:27:49.432+0000: 804835.438: [PhantomReference, 0 refs, 0 refs, 0.0000146 secs]2019-02-01T03:27:49.432+0000: 804835.438: [JNI Weak Reference, 0.0000230 secs]
Desired survivor size 5242880 bytes, new threshold 1 (max 15)
[PSYoungGen: 34643K->2232K(36864K)] 687531K->655888K(722432K), 0.0092986 secs] [Times: user=0.10 sys=0.00, real=0.01 secs] 
2019-02-01T03:27:49.437+0000: 804835.443: Total time for which application threads were stopped: 0.0122726 seconds, Stopping threads took: 0.0000439 seconds
2019-02-01T03:27:50.828+0000: 804836.834: Application time: 1.3915086 seconds
2019-02-01T03:27:50.831+0000: 804836.837: [GC (Allocation Failure) 2019-02-01T03:27:50.836+0000: 804836.842: [SoftReference, 0 refs, 0.0000323 secs]2019-02-01T03:27:50.836+0000: 804836.842: [WeakReference, 16 refs, 0.0000175 secs]2019-02-01T03:27:50.836+0000: 804836.842: [FinalReference, 180 refs, 0.0001044 secs]2019-02-01T03:27:50.836+0000: 804836.842: [PhantomReference, 0 refs, 0 refs, 0.0000147 secs]2019-02-01T03:27:50.836+0000: 804836.842: [JNI Weak Reference, 0.0000277 secs]
Desired survivor size 4718592 bytes, new threshold 1 (max 15)
[PSYoungGen: 34488K->2773K(34816K)] 688144K->657793K(720384K), 0.0093137 secs] [Times: user=0.06 sys=0.00, real=0.01 secs] 
2019-02-01T03:27:50.841+0000: 804836.847: Total time for which application threads were stopped: 0.0123461 seconds, Stopping threads took: 0.0000534 seconds
2019-02-01T03:27:51.602+0000: 804837.608: Application time: 0.7610386 seconds
2019-02-01T03:27:51.605+0000: 804837.611: Total time for which application threads were stopped: 0.0028863 seconds, Stopping threads took: 0.0000549 seconds
2019-02-01T03:27:51.605+0000: 804837.611: Application time: 0.0000910 seconds
2019-02-01T03:27:51.607+0000: 804837.613: [GC (GCLocker Initiated GC) 2019-02-01T03:27:51.612+0000: 804837.618: [SoftReference, 0 refs, 0.0000336 secs]2019-02-01T03:27:51.612+0000: 804837.618: [WeakReference, 9 refs, 0.0000159 secs]2019-02-01T03:27:51.612+0000: 804837.618: [FinalReference, 327 refs, 0.0001303 secs]2019-02-01T03:27:51.612+0000: 804837.618: [PhantomReference, 0 refs, 0 refs, 0.0000143 secs]2019-02-01T03:27:51.612+0000: 804837.618: [JNI Weak Reference, 0.0000226 secs]
Desired survivor size 4718592 bytes, new threshold 1 (max 15)
[PSYoungGen: 34517K->2330K(36352K)] 689537K->658841K(721920K), 0.0089592 secs] [Times: user=0.09 sys=0.00, real=0.01 secs] 
2019-02-01T03:27:51.616+0000: 804837.622: Total time for which application threads were stopped: 0.0109948 seconds, Stopping threads took: 0.0000285 seconds
2019-02-01T03:27:53.504+0000: 804839.509: Application time: 1.8876909 seconds
2019-02-01T03:27:53.507+0000: 804839.512: [GC (Allocation Failure) 2019-02-01T03:27:53.511+0000: 804839.516: [SoftReference, 0 refs, 0.0000321 secs]2019-02-01T03:27:53.511+0000: 804839.516: [WeakReference, 4 refs, 0.0000141 secs]2019-02-01T03:27:53.511+0000: 804839.516: [FinalReference, 201 refs, 0.0001043 secs]2019-02-01T03:27:53.511+0000: 804839.517: [PhantomReference, 0 refs, 0 refs, 0.0000146 secs]2019-02-01T03:27:53.511+0000: 804839.517: [JNI Weak Reference, 0.0000234 secs]
Desired survivor size 4718592 bytes, new threshold 1 (max 15)
[PSYoungGen: 34074K->1408K(32768K)] 690588K->658647K(718336K), 0.0080399 secs] [Times: user=0.07 sys=0.00, real=0.01 secs] 
2019-02-01T03:27:53.515+0000: 804839.520: Total time for which application threads were stopped: 0.0111701 seconds, Stopping threads took: 0.0000467 seconds
2019-02-01T03:27:54.886+0000: 804840.892: Application time: 1.3711232 seconds
2019-02-01T03:27:54.889+0000: 804840.895: [GC (Allocation Failure) 2019-02-01T03:27:54.895+0000: 804840.900: [SoftReference, 0 refs, 0.0000439 secs]2019-02-01T03:27:54.895+0000: 804840.900: [WeakReference, 10 refs, 0.0000156 secs]2019-02-01T03:27:54.895+0000: 804840.900: [FinalReference, 153 refs, 0.0000752 secs]2019-02-01T03:27:54.895+0000: 804840.901: [PhantomReference, 0 refs, 0 refs, 0.0000143 secs]2019-02-01T03:27:54.895+0000: 804840.901: [JNI Weak Reference, 0.0000224 secs]
Desired survivor size 4718592 bytes, new threshold 1 (max 15)
[PSYoungGen: 32640K->2441K(34816K)] 689879K->660436K(720384K), 0.0097980 secs] [Times: user=0.12 sys=0.00, real=0.01 secs] 
2019-02-01T03:27:54.899+0000: 804840.905: Total time for which application threads were stopped: 0.0129171 seconds, Stopping threads took: 0.0000521 seconds
2019-02-01T03:27:56.399+0000: 804842.405: Application time: 1.5001136 seconds
2019-02-01T03:27:56.402+0000: 804842.408: [GC (Allocation Failure) 2019-02-01T03:27:56.408+0000: 804842.414: [SoftReference, 0 refs, 0.0000321 secs]2019-02-01T03:27:56.408+0000: 804842.414: [WeakReference, 8 refs, 0.0000202 secs]2019-02-01T03:27:56.408+0000: 804842.414: [FinalReference, 200 refs, 0.0001060 secs]2019-02-01T03:27:56.408+0000: 804842.414: [PhantomReference, 0 refs, 0 refs, 0.0000144 secs]2019-02-01T03:27:56.408+0000: 804842.414: [JNI Weak Reference, 0.0000223 secs]
Desired survivor size 4194304 bytes, new threshold 1 (max 15)
[PSYoungGen: 33161K->2411K(32768K)] 691156K->660934K(718336K), 0.0099300 secs] [Times: user=0.14 sys=0.00, real=0.01 secs] 
2019-02-01T03:27:56.412+0000: 804842.418: Total time for which application threads were stopped: 0.0131230 seconds, Stopping threads took: 0.0000529 seconds
2019-02-01T03:27:56.988+0000: 804842.993: Application time: 0.5755278 seconds
2019-02-01T03:27:56.991+0000: 804842.996: Total time for which application threads were stopped: 0.0031033 seconds, Stopping threads took: 0.0000490 seconds
2019-02-01T03:27:57.091+0000: 804843.097: Application time: 0.1001359 seconds
2019-02-01T03:27:57.093+0000: 804843.099: Total time for which application threads were stopped: 0.0024655 seconds, Stopping threads took: 0.0000319 seconds
2019-02-01T03:27:57.188+0000: 804843.194: Application time: 0.0949497 seconds
2019-02-01T03:27:57.191+0000: 804843.196: Total time for which application threads were stopped: 0.0023540 seconds, Stopping threads took: 0.0000411 seconds
2019-02-01T03:27:57.211+0000: 804843.217: Application time: 0.0206505 seconds
2019-02-01T03:27:57.213+0000: 804843.219: Total time for which application threads were stopped: 0.0021645 seconds, Stopping threads took: 0.0000977 seconds
2019-02-01T03:27:57.244+0000: 804843.250: Application time: 0.0305200 seconds
2019-02-01T03:27:57.246+0000: 804843.252: Total time for which application threads were stopped: 0.0019400 seconds, Stopping threads took: 0.0000463 seconds
2019-02-01T03:27:57.248+0000: 804843.254: Application time: 0.0020790 seconds
2019-02-01T03:27:57.250+0000: 804843.255: Total time for which application threads were stopped: 0.0016908 seconds, Stopping threads took: 0.0000332 seconds
2019-02-01T03:27:57.289+0000: 804843.294: Application time: 0.0390779 seconds
2019-02-01T03:27:57.291+0000: 804843.296: Total time for which application threads were stopped: 0.0017940 seconds, Stopping threads took: 0.0000334 seconds
2019-02-01T03:27:57.297+0000: 804843.303: Application time: 0.0067755 seconds
2019-02-01T03:27:57.299+0000: 804843.305: [GC (Allocation Failure) 2019-02-01T03:27:57.304+0000: 804843.309: [SoftReference, 0 refs, 0.0000328 secs]2019-02-01T03:27:57.304+0000: 804843.309: [WeakReference, 42 refs, 0.0000216 secs]2019-02-01T03:27:57.304+0000: 804843.309: [FinalReference, 205 refs, 0.0001002 secs]2019-02-01T03:27:57.304+0000: 804843.310: [PhantomReference, 0 refs, 0 refs, 0.0000141 secs]2019-02-01T03:27:57.304+0000: 804843.310: [JNI Weak Reference, 0.0000275 secs]
Desired survivor size 4718592 bytes, new threshold 1 (max 15)
[PSYoungGen: 32619K->3904K(33792K)] 691142K->662982K(719360K), 0.0083345 secs] [Times: user=0.07 sys=0.01, real=0.01 secs] 
2019-02-01T03:27:57.307+0000: 804843.313: Total time for which application threads were stopped: 0.0101745 seconds, Stopping threads took: 0.0000315 seconds
2019-02-01T03:27:57.795+0000: 804843.801: Application time: 0.4878265 seconds
2019-02-01T03:27:57.798+0000: 804843.804: Total time for which application threads were stopped: 0.0029920 seconds, Stopping threads took: 0.0000530 seconds
2019-02-01T03:27:57.999+0000: 804844.005: Application time: 0.2008308 seconds
2019-02-01T03:27:58.002+0000: 804844.007: Total time for which application threads were stopped: 0.0025799 seconds, Stopping threads took: 0.0000377 seconds
2019-02-01T03:27:58.162+0000: 804844.168: Application time: 0.1606869 seconds
2019-02-01T03:27:58.165+0000: 804844.171: [GC (Allocation Failure) 2019-02-01T03:27:58.169+0000: 804844.175: [SoftReference, 0 refs, 0.0000322 secs]2019-02-01T03:27:58.169+0000: 804844.175: [WeakReference, 10 refs, 0.0000159 secs]2019-02-01T03:27:58.169+0000: 804844.175: [FinalReference, 196 refs, 0.0000787 secs]2019-02-01T03:27:58.169+0000: 804844.175: [PhantomReference, 0 refs, 0 refs, 0.0000142 secs]2019-02-01T03:27:58.169+0000: 804844.175: [JNI Weak Reference, 0.0000284 secs]
Desired survivor size 4718592 bytes, new threshold 1 (max 15)
[PSYoungGen: 33600K->1728K(31232K)] 692678K->663251K(716800K), 0.0080229 secs] [Times: user=0.07 sys=0.00, real=0.01 secs] 
2019-02-01T03:27:58.173+0000: 804844.179: Total time for which application threads were stopped: 0.0106760 seconds, Stopping threads took: 0.0000376 seconds
2019-02-01T03:27:58.303+0000: 804844.308: Application time: 0.1294728 seconds
2019-02-01T03:27:58.305+0000: 804844.311: Total time for which application threads were stopped: 0.0029339 seconds, Stopping threads took: 0.0000388 seconds
2019-02-01T03:27:58.442+0000: 804844.447: Application time: 0.1361023 seconds
2019-02-01T03:27:58.444+0000: 804844.450: Total time for which application threads were stopped: 0.0026856 seconds, Stopping threads took: 0.0000851 seconds
2019-02-01T03:27:58.537+0000: 804844.543: Application time: 0.0929645 seconds
2019-02-01T03:27:58.540+0000: 804844.545: Total time for which application threads were stopped: 0.0023126 seconds, Stopping threads took: 0.0000934 seconds
2019-02-01T03:27:59.255+0000: 804845.261: Application time: 0.7152999 seconds
2019-02-01T03:27:59.258+0000: 804845.264: [GC (Allocation Failure) 2019-02-01T03:27:59.262+0000: 804845.268: [SoftReference, 0 refs, 0.0000326 secs]2019-02-01T03:27:59.262+0000: 804845.268: [WeakReference, 19 refs, 0.0000180 secs]2019-02-01T03:27:59.262+0000: 804845.268: [FinalReference, 170 refs, 0.0001111 secs]2019-02-01T03:27:59.262+0000: 804845.268: [PhantomReference, 0 refs, 0 refs, 0.0000144 secs]2019-02-01T03:27:59.262+0000: 804845.268: [JNI Weak Reference, 0.0000283 secs]
Desired survivor size 4718592 bytes, new threshold 1 (max 15)
[PSYoungGen: 30912K->2176K(32768K)] 692435K->664417K(718336K), 0.0083555 secs] [Times: user=0.10 sys=0.00, real=0.01 secs] 
2019-02-01T03:27:59.266+0000: 804845.272: Total time for which application threads were stopped: 0.0113343 seconds, Stopping threads took: 0.0000468 seconds
2019-02-01T03:27:59.492+0000: 804845.498: Application time: 0.2256206 seconds
2019-02-01T03:27:59.495+0000: 804845.500: Total time for which application threads were stopped: 0.0026875 seconds, Stopping threads took: 0.0000329 seconds
2019-02-01T03:27:59.808+0000: 804845.814: Application time: 0.3137574 seconds
2019-02-01T03:27:59.811+0000: 804845.817: Total time for which application threads were stopped: 0.0027914 seconds, Stopping threads took: 0.0000746 seconds
2019-02-01T03:28:00.006+0000: 804846.011: Application time: 0.1945393 seconds
2019-02-01T03:28:00.008+0000: 804846.014: Total time for which application threads were stopped: 0.0026793 seconds, Stopping threads took: 0.0000349 seconds
2019-02-01T03:28:00.406+0000: 804846.411: Application time: 0.3972469 seconds
2019-02-01T03:28:00.408+0000: 804846.414: [GC (Allocation Failure) 2019-02-01T03:28:00.413+0000: 804846.419: [SoftReference, 0 refs, 0.0000248 secs]2019-02-01T03:28:00.413+0000: 804846.419: [WeakReference, 12 refs, 0.0000156 secs]2019-02-01T03:28:00.413+0000: 804846.419: [FinalReference, 165 refs, 0.0000809 secs]2019-02-01T03:28:00.413+0000: 804846.419: [PhantomReference, 0 refs, 0 refs, 0.0000142 secs]2019-02-01T03:28:00.413+0000: 804846.419: [JNI Weak Reference, 0.0000222 secs]
Desired survivor size 4718592 bytes, new threshold 1 (max 15)
[PSYoungGen: 30848K->1650K(30208K)] 693089K->664702K(715776K), 0.0081826 secs] [Times: user=0.08 sys=0.01, real=0.01 secs] 
2019-02-01T03:28:00.417+0000: 804846.422: Total time for which application threads were stopped: 0.0111387 seconds, Stopping threads took: 0.0000422 seconds
2019-02-01T03:28:01.561+0000: 804847.567: Application time: 1.1447150 seconds
2019-02-01T03:28:01.564+0000: 804847.570: [GC (Allocation Failure) 2019-02-01T03:28:01.569+0000: 804847.575: [SoftReference, 0 refs, 0.0000329 secs]2019-02-01T03:28:01.569+0000: 804847.575: [WeakReference, 11 refs, 0.0000162 secs]2019-02-01T03:28:01.569+0000: 804847.575: [FinalReference, 154 refs, 0.0000730 secs]2019-02-01T03:28:01.569+0000: 804847.575: [PhantomReference, 0 refs, 0 refs, 0.0000145 secs]2019-02-01T03:28:01.569+0000: 804847.575: [JNI Weak Reference, 0.0000295 secs]
Desired survivor size 4194304 bytes, new threshold 1 (max 15)
[PSYoungGen: 29810K->2462K(30720K)] 692862K->666082K(716288K), 0.0096255 secs] [Times: user=0.11 sys=0.00, real=0.01 secs] 
2019-02-01T03:28:01.574+0000: 804847.580: Total time for which application threads were stopped: 0.0126424 seconds, Stopping threads took: 0.0000482 seconds
2019-02-01T03:28:01.906+0000: 804847.912: Application time: 0.3317607 seconds
2019-02-01T03:28:01.909+0000: 804847.914: Total time for which application threads were stopped: 0.0026818 seconds, Stopping threads took: 0.0000355 seconds
2019-02-01T03:28:02.596+0000: 804848.601: Application time: 0.6870345 seconds
2019-02-01T03:28:02.598+0000: 804848.604: [GC (Allocation Failure) 2019-02-01T03:28:02.606+0000: 804848.612: [SoftReference, 0 refs, 0.0000200 secs]2019-02-01T03:28:02.606+0000: 804848.612: [WeakReference, 9 refs, 0.0000089 secs]2019-02-01T03:28:02.606+0000: 804848.612: [FinalReference, 162 refs, 0.0000573 secs]2019-02-01T03:28:02.606+0000: 804848.612: [PhantomReference, 0 refs, 0 refs, 0.0000080 secs]2019-02-01T03:28:02.606+0000: 804848.612: [JNI Weak Reference, 0.0000148 secs]
Desired survivor size 4718592 bytes, new threshold 1 (max 15)
[PSYoungGen: 30110K->3981K(31744K)] 693730K->668343K(717312K), 0.0099910 secs] [Times: user=0.20 sys=0.00, real=0.01 secs] 
2019-02-01T03:28:02.608+0000: 804848.614: Total time for which application threads were stopped: 0.0128258 seconds, Stopping threads took: 0.0000573 seconds
2019-02-01T03:28:03.320+0000: 804849.326: Application time: 0.7119116 seconds
2019-02-01T03:28:03.323+0000: 804849.329: Total time for which application threads were stopped: 0.0031071 seconds, Stopping threads took: 0.0000534 seconds
2019-02-01T03:28:03.323+0000: 804849.329: Application time: 0.0000630 seconds
2019-02-01T03:28:03.326+0000: 804849.331: Total time for which application threads were stopped: 0.0020572 seconds, Stopping threads took: 0.0000449 seconds
2019-02-01T03:28:03.426+0000: 804849.432: Application time: 0.1002702 seconds
2019-02-01T03:28:03.428+0000: 804849.434: Total time for which application threads were stopped: 0.0023161 seconds, Stopping threads took: 0.0000359 seconds
2019-02-01T03:28:03.428+0000: 804849.434: Application time: 0.0001015 seconds
2019-02-01T03:28:03.430+0000: 804849.436: Total time for which application threads were stopped: 0.0019975 seconds, Stopping threads took: 0.0000783 seconds
2019-02-01T03:28:03.463+0000: 804849.469: Application time: 0.0331794 seconds
2019-02-01T03:28:03.465+0000: 804849.471: Total time for which application threads were stopped: 0.0018688 seconds, Stopping threads took: 0.0000593 seconds
2019-02-01T03:28:03.465+0000: 804849.471: Application time: 0.0001497 seconds
2019-02-01T03:28:03.467+0000: 804849.473: [GC (GCLocker Initiated GC) 2019-02-01T03:28:03.476+0000: 804849.482: [SoftReference, 0 refs, 0.0000474 secs]2019-02-01T03:28:03.477+0000: 804849.482: [WeakReference, 19 refs, 0.0000282 secs]2019-02-01T03:28:03.477+0000: 804849.482: [FinalReference, 216 refs, 0.0001151 secs]2019-02-01T03:28:03.477+0000: 804849.482: [PhantomReference, 0 refs, 0 refs, 0.0000142 secs]2019-02-01T03:28:03.477+0000: 804849.482: [JNI Weak Reference, 0.0000295 secs]
Desired survivor size 6291456 bytes, new threshold 1 (max 15)
[PSYoungGen: 31629K->4603K(35328K)] 695994K->671196K(720896K), 0.0133727 secs] [Times: user=0.11 sys=0.03, real=0.01 secs] 
2019-02-01T03:28:03.481+0000: 804849.486: Total time for which application threads were stopped: 0.0151968 seconds, Stopping threads took: 0.0000493 seconds
2019-02-01T03:28:04.032+0000: 804850.038: Application time: 0.5511216 seconds
2019-02-01T03:28:04.035+0000: 804850.041: Total time for which application threads were stopped: 0.0029682 seconds, Stopping threads took: 0.0000544 seconds
2019-02-01T03:28:04.035+0000: 804850.041: Application time: 0.0000567 seconds
2019-02-01T03:28:04.037+0000: 804850.043: Total time for which application threads were stopped: 0.0020745 seconds, Stopping threads took: 0.0000748 seconds
2019-02-01T03:28:04.237+0000: 804850.243: Application time: 0.2006068 seconds
2019-02-01T03:28:04.240+0000: 804850.246: Total time for which application threads were stopped: 0.0028250 seconds, Stopping threads took: 0.0000642 seconds
2019-02-01T03:28:04.240+0000: 804850.246: Application time: 0.0000866 seconds
2019-02-01T03:28:04.242+0000: 804850.248: Total time for which application threads were stopped: 0.0020245 seconds, Stopping threads took: 0.0000544 seconds
2019-02-01T03:28:04.375+0000: 804850.380: Application time: 0.1322858 seconds
2019-02-01T03:28:04.377+0000: 804850.383: [GC (Allocation Failure) 2019-02-01T03:28:04.381+0000: 804850.387: [SoftReference, 0 refs, 0.0000416 secs]2019-02-01T03:28:04.381+0000: 804850.387: [WeakReference, 17 refs, 0.0000258 secs]2019-02-01T03:28:04.381+0000: 804850.387: [FinalReference, 250 refs, 0.0001239 secs]2019-02-01T03:28:04.382+0000: 804850.387: [PhantomReference, 0 refs, 0 refs, 0.0000360 secs]2019-02-01T03:28:04.382+0000: 804850.387: [JNI Weak Reference, 0.0000229 secs]
Desired survivor size 6291456 bytes, new threshold 1 (max 15)
[PSYoungGen: 35323K->3290K(36864K)] 701918K->670979K(722432K), 0.0082459 secs] [Times: user=0.07 sys=0.00, real=0.01 secs] 
2019-02-01T03:28:04.386+0000: 804850.391: Total time for which application threads were stopped: 0.0109826 seconds, Stopping threads took: 0.0000439 seconds
2019-02-01T03:28:05.480+0000: 804851.486: Application time: 1.0940687 seconds
2019-02-01T03:28:05.483+0000: 804851.488: [GC (Allocation Failure) 2019-02-01T03:28:05.490+0000: 804851.495: [SoftReference, 0 refs, 0.0000323 secs]2019-02-01T03:28:05.490+0000: 804851.496: [WeakReference, 11 refs, 0.0000160 secs]2019-02-01T03:28:05.490+0000: 804851.496: [FinalReference, 149 refs, 0.0000667 secs]2019-02-01T03:28:05.490+0000: 804851.496: [PhantomReference, 0 refs, 0 refs, 0.0000141 secs]2019-02-01T03:28:05.490+0000: 804851.496: [JNI Weak Reference, 0.0000275 secs]
Desired survivor size 5767168 bytes, new threshold 1 (max 15)
[PSYoungGen: 34010K->2486K(41472K)] 701699K->672295K(727040K), 0.0108539 secs] [Times: user=0.14 sys=0.02, real=0.01 secs] 
2019-02-01T03:28:05.494+0000: 804851.499: Total time for which application threads were stopped: 0.0139102 seconds, Stopping threads took: 0.0000525 seconds
2019-02-01T03:28:06.940+0000: 804852.945: Application time: 1.4459874 seconds
2019-02-01T03:28:06.943+0000: 804852.949: [GC (Allocation Failure) 2019-02-01T03:28:06.947+0000: 804852.952: [SoftReference, 0 refs, 0.0000293 secs]2019-02-01T03:28:06.947+0000: 804852.953: [WeakReference, 6 refs, 0.0000145 secs]2019-02-01T03:28:06.947+0000: 804852.953: [FinalReference, 195 refs, 0.0001085 secs]2019-02-01T03:28:06.947+0000: 804852.953: [PhantomReference, 0 refs, 0 refs, 0.0000143 secs]2019-02-01T03:28:06.947+0000: 804852.953: [JNI Weak Reference, 0.0000228 secs]
Desired survivor size 5767168 bytes, new threshold 1 (max 15)
[PSYoungGen: 38838K->2783K(41984K)] 708647K->673682K(727552K), 0.0076449 secs] [Times: user=0.08 sys=0.00, real=0.00 secs] 
2019-02-01T03:28:06.951+0000: 804852.956: Total time for which application threads were stopped: 0.0108041 seconds, Stopping threads took: 0.0000544 seconds
2019-02-01T03:28:08.290+0000: 804854.296: Application time: 1.3393804 seconds
2019-02-01T03:28:08.293+0000: 804854.299: Total time for which application threads were stopped: 0.0029382 seconds, Stopping threads took: 0.0000599 seconds
2019-02-01T03:28:08.293+0000: 804854.299: Application time: 0.0001121 seconds
2019-02-01T03:28:08.295+0000: 804854.301: [GC (GCLocker Initiated GC) 2019-02-01T03:28:08.300+0000: 804854.306: [SoftReference, 0 refs, 0.0000414 secs]2019-02-01T03:28:08.300+0000: 804854.306: [WeakReference, 8 refs, 0.0000156 secs]2019-02-01T03:28:08.300+0000: 804854.306: [FinalReference, 228 refs, 0.0001075 secs]2019-02-01T03:28:08.300+0000: 804854.306: [PhantomReference, 0 refs, 0 refs, 0.0000142 secs]2019-02-01T03:28:08.300+0000: 804854.306: [JNI Weak Reference, 0.0000275 secs]
Desired survivor size 5242880 bytes, new threshold 1 (max 15)
[PSYoungGen: 39135K->3047K(47616K)] 710036K->674705K(733184K), 0.0095510 secs] [Times: user=0.08 sys=0.04, real=0.01 secs] 
2019-02-01T03:28:08.305+0000: 804854.310: Total time for which application threads were stopped: 0.0116264 seconds, Stopping threads took: 0.0000289 seconds
2019-02-01T03:28:09.714+0000: 804855.720: Application time: 1.4093353 seconds
2019-02-01T03:28:09.717+0000: 804855.723: [GC (Allocation Failure) 2019-02-01T03:28:09.723+0000: 804855.728: [SoftReference, 0 refs, 0.0000327 secs]2019-02-01T03:28:09.723+0000: 804855.728: [WeakReference, 8 refs, 0.0000155 secs]2019-02-01T03:28:09.723+0000: 804855.728: [FinalReference, 251 refs, 0.0001118 secs]2019-02-01T03:28:09.723+0000: 804855.728: [PhantomReference, 0 refs, 0 refs, 0.0000145 secs]2019-02-01T03:28:09.723+0000: 804855.728: [JNI Weak Reference, 0.0000223 secs]
Desired survivor size 5242880 bytes, new threshold 1 (max 15)
[PSYoungGen: 46055K->2490K(45056K)] 717716K->675616K(730624K), 0.0094501 secs] [Times: user=0.12 sys=0.00, real=0.01 secs] 
2019-02-01T03:28:09.726+0000: 804855.732: Total time for which application threads were stopped: 0.0125135 seconds, Stopping threads took: 0.0000815 seconds
2019-02-01T03:28:10.704+0000: 804856.710: Application time: 0.9775473 seconds
2019-02-01T03:28:10.707+0000: 804856.713: [GC (Allocation Failure) 2019-02-01T03:28:10.713+0000: 804856.719: [SoftReference, 0 refs, 0.0000241 secs]2019-02-01T03:28:10.713+0000: 804856.719: [WeakReference, 9 refs, 0.0000145 secs]2019-02-01T03:28:10.713+0000: 804856.719: [FinalReference, 358 refs, 0.0001156 secs]2019-02-01T03:28:10.713+0000: 804856.719: [PhantomReference, 0 refs, 0 refs, 0.0000142 secs]2019-02-01T03:28:10.713+0000: 804856.719: [JNI Weak Reference, 0.0000218 secs]
Desired survivor size 5767168 bytes, new threshold 1 (max 15)
[PSYoungGen: 44986K->3994K(47104K)] 718112K->678211K(732672K), 0.0092712 secs] [Times: user=0.08 sys=0.01, real=0.01 secs] 
2019-02-01T03:28:10.716+0000: 804856.722: Total time for which application threads were stopped: 0.0125061 seconds, Stopping threads took: 0.0000680 seconds
2019-02-01T03:28:12.013+0000: 804858.019: Application time: 1.2966398 seconds
2019-02-01T03:28:12.016+0000: 804858.022: Total time for which application threads were stopped: 0.0030334 seconds, Stopping threads took: 0.0000613 seconds
2019-02-01T03:28:12.016+0000: 804858.022: Application time: 0.0001209 seconds
2019-02-01T03:28:12.018+0000: 804858.024: [GC (GCLocker Initiated GC) 2019-02-01T03:28:12.023+0000: 804858.029: [SoftReference, 0 refs, 0.0000326 secs]2019-02-01T03:28:12.023+0000: 804858.029: [WeakReference, 17 refs, 0.0000177 secs]2019-02-01T03:28:12.023+0000: 804858.029: [FinalReference, 373 refs, 0.0001853 secs]2019-02-01T03:28:12.023+0000: 804858.029: [PhantomReference, 0 refs, 0 refs, 0.0000149 secs]2019-02-01T03:28:12.023+0000: 804858.029: [JNI Weak Reference, 0.0000276 secs]
Desired survivor size 5767168 bytes, new threshold 1 (max 15)
[PSYoungGen: 45978K->4453K(46080K)] 720195K->679939K(731648K), 0.0092863 secs] [Times: user=0.08 sys=0.01, real=0.01 secs] 
2019-02-01T03:28:12.028+0000: 804858.034: Total time for which application threads were stopped: 0.0114633 seconds, Stopping threads took: 0.0000395 seconds
2019-02-01T03:28:13.518+0000: 804859.523: Application time: 1.4898562 seconds
2019-02-01T03:28:13.521+0000: 804859.526: [GC (Allocation Failure) 2019-02-01T03:28:13.525+0000: 804859.530: [SoftReference, 0 refs, 0.0000327 secs]2019-02-01T03:28:13.525+0000: 804859.530: [WeakReference, 4 refs, 0.0000143 secs]2019-02-01T03:28:13.525+0000: 804859.530: [FinalReference, 302 refs, 0.0001326 secs]2019-02-01T03:28:13.525+0000: 804859.531: [PhantomReference, 0 refs, 0 refs, 0.0000143 secs]2019-02-01T03:28:13.525+0000: 804859.531: [JNI Weak Reference, 0.0000223 secs]
Desired survivor size 5767168 bytes, new threshold 1 (max 15)
[PSYoungGen: 45925K->2847K(46080K)] 721413K->679171K(731648K), 0.0076277 secs] [Times: user=0.08 sys=0.00, real=0.01 secs] 
2019-02-01T03:28:13.528+0000: 804859.534: Total time for which application threads were stopped: 0.0107320 seconds, Stopping threads took: 0.0000523 seconds
2019-02-01T03:28:15.067+0000: 804861.073: Application time: 1.5388262 seconds
2019-02-01T03:28:15.070+0000: 804861.076: [GC (Allocation Failure) 2019-02-01T03:28:15.074+0000: 804861.080: [SoftReference, 0 refs, 0.0000324 secs]2019-02-01T03:28:15.074+0000: 804861.080: [WeakReference, 22 refs, 0.0000264 secs]2019-02-01T03:28:15.074+0000: 804861.080: [FinalReference, 254 refs, 0.0001450 secs]2019-02-01T03:28:15.074+0000: 804861.080: [PhantomReference, 0 refs, 0 refs, 0.0000143 secs]2019-02-01T03:28:15.074+0000: 804861.080: [JNI Weak Reference, 0.0000282 secs]
Desired survivor size 5767168 bytes, new threshold 1 (max 15)
[PSYoungGen: 43807K->2330K(43008K)] 720131K->680000K(728576K), 0.0085054 secs] [Times: user=0.08 sys=0.00, real=0.01 secs] 
2019-02-01T03:28:15.079+0000: 804861.084: Total time for which application threads were stopped: 0.0115211 seconds, Stopping threads took: 0.0000482 seconds
2019-02-01T03:28:16.307+0000: 804862.313: Application time: 1.2282517 seconds
2019-02-01T03:28:16.310+0000: 804862.316: [GC (Allocation Failure) 2019-02-01T03:28:16.314+0000: 804862.320: [SoftReference, 0 refs, 0.0000332 secs]2019-02-01T03:28:16.315+0000: 804862.320: [WeakReference, 20 refs, 0.0000176 secs]2019-02-01T03:28:16.315+0000: 804862.320: [FinalReference, 269 refs, 0.0001147 secs]2019-02-01T03:28:16.315+0000: 804862.320: [PhantomReference, 0 refs, 0 refs, 0.0000144 secs]2019-02-01T03:28:16.315+0000: 804862.320: [JNI Weak Reference, 0.0000272 secs]
Desired survivor size 5767168 bytes, new threshold 1 (max 15)
[PSYoungGen: 42689K->4074K(45056K)] 720359K->682456K(730624K), 0.0090281 secs] [Times: user=0.09 sys=0.00, real=0.01 secs] 
2019-02-01T03:28:16.319+0000: 804862.325: Total time for which application threads were stopped: 0.0121963 seconds, Stopping threads took: 0.0000515 seconds
2019-02-01T03:28:17.812+0000: 804863.817: Application time: 1.4925208 seconds
2019-02-01T03:28:17.815+0000: 804863.820: [GC (Allocation Failure) 2019-02-01T03:28:17.820+0000: 804863.825: [SoftReference, 0 refs, 0.0000323 secs]2019-02-01T03:28:17.820+0000: 804863.825: [WeakReference, 4 refs, 0.0000140 secs]2019-02-01T03:28:17.820+0000: 804863.825: [FinalReference, 310 refs, 0.0001120 secs]2019-02-01T03:28:17.820+0000: 804863.826: [PhantomReference, 0 refs, 0 refs, 0.0000218 secs]2019-02-01T03:28:17.820+0000: 804863.826: [JNI Weak Reference, 0.0000276 secs]
Desired survivor size 5767168 bytes, new threshold 1 (max 15)
[PSYoungGen: 44010K->1670K(41472K)] 722392K->680954K(727040K), 0.0087496 secs] [Times: user=0.08 sys=0.00, real=0.00 secs] 
2019-02-01T03:28:17.823+0000: 804863.829: Total time for which application threads were stopped: 0.0117629 seconds, Stopping threads took: 0.0000482 seconds
2019-02-01T03:28:19.321+0000: 804865.327: Application time: 1.4975442 seconds
2019-02-01T03:28:19.324+0000: 804865.330: [GC (Allocation Failure) 2019-02-01T03:28:19.328+0000: 804865.333: [SoftReference, 0 refs, 0.0000353 secs]2019-02-01T03:28:19.328+0000: 804865.333: [WeakReference, 4 refs, 0.0000142 secs]2019-02-01T03:28:19.328+0000: 804865.333: [FinalReference, 199 refs, 0.0000946 secs]2019-02-01T03:28:19.328+0000: 804865.334: [PhantomReference, 0 refs, 0 refs, 0.0000141 secs]2019-02-01T03:28:19.328+0000: 804865.334: [JNI Weak Reference, 0.0000227 secs]
Desired survivor size 5767168 bytes, new threshold 1 (max 15)
[PSYoungGen: 41094K->1823K(44032K)] 720378K->681819K(729600K), 0.0074429 secs] [Times: user=0.07 sys=0.00, real=0.01 secs] 
2019-02-01T03:28:19.331+0000: 804865.337: Total time for which application threads were stopped: 0.0104946 seconds, Stopping threads took: 0.0000523 seconds
2019-02-01T03:28:20.727+0000: 804866.733: Application time: 1.3952777 seconds
2019-02-01T03:28:20.730+0000: 804866.736: [GC (Allocation Failure) 2019-02-01T03:28:20.735+0000: 804866.741: [SoftReference, 0 refs, 0.0000416 secs]2019-02-01T03:28:20.735+0000: 804866.741: [WeakReference, 5 refs, 0.0000141 secs]2019-02-01T03:28:20.736+0000: 804866.741: [FinalReference, 218 refs, 0.0001123 secs]2019-02-01T03:28:20.736+0000: 804866.741: [PhantomReference, 0 refs, 0 refs, 0.0000144 secs]2019-02-01T03:28:20.736+0000: 804866.741: [JNI Weak Reference, 0.0000222 secs]
Desired survivor size 5767168 bytes, new threshold 1 (max 15)
[PSYoungGen: 40735K->2407K(40960K)] 720731K->682915K(726528K), 0.0094855 secs] [Times: user=0.13 sys=0.00, real=0.01 secs] 
2019-02-01T03:28:20.739+0000: 804866.745: Total time for which application threads were stopped: 0.0126460 seconds, Stopping threads took: 0.0000537 seconds
2019-02-01T03:28:22.303+0000: 804868.309: Application time: 1.5638077 seconds
2019-02-01T03:28:22.306+0000: 804868.312: [GC (Allocation Failure) 2019-02-01T03:28:22.311+0000: 804868.317: [SoftReference, 0 refs, 0.0000301 secs]2019-02-01T03:28:22.311+0000: 804868.317: [WeakReference, 4 refs, 0.0000123 secs]2019-02-01T03:28:22.311+0000: 804868.317: [FinalReference, 255 refs, 0.0001170 secs]2019-02-01T03:28:22.311+0000: 804868.317: [PhantomReference, 0 refs, 0 refs, 0.0000142 secs]2019-02-01T03:28:22.311+0000: 804868.317: [JNI Weak Reference, 0.0000221 secs]
Desired survivor size 5767168 bytes, new threshold 1 (max 15)
[PSYoungGen: 40807K->1766K(43008K)] 721315K->682933K(728576K), 0.0086204 secs] [Times: user=0.07 sys=0.00, real=0.00 secs] 
2019-02-01T03:28:22.315+0000: 804868.321: Total time for which application threads were stopped: 0.0116024 seconds, Stopping threads took: 0.0000457 seconds
2019-02-01T03:28:23.817+0000: 804869.823: Application time: 1.5020487 seconds
2019-02-01T03:28:23.820+0000: 804869.826: [GC (Allocation Failure) 2019-02-01T03:28:23.824+0000: 804869.830: [SoftReference, 0 refs, 0.0000252 secs]2019-02-01T03:28:23.824+0000: 804869.830: [WeakReference, 25 refs, 0.0000176 secs]2019-02-01T03:28:23.824+0000: 804869.830: [FinalReference, 226 refs, 0.0001188 secs]2019-02-01T03:28:23.824+0000: 804869.830: [PhantomReference, 0 refs, 0 refs, 0.0000190 secs]2019-02-01T03:28:23.824+0000: 804869.830: [JNI Weak Reference, 0.0000228 secs]
Desired survivor size 5242880 bytes, new threshold 1 (max 15)
[PSYoungGen: 39654K->3248K(40960K)] 720821K->685505K(726528K), 0.0081762 secs] [Times: user=0.08 sys=0.01, real=0.01 secs] 
2019-02-01T03:28:23.828+0000: 804869.834: Total time for which application threads were stopped: 0.0113066 seconds, Stopping threads took: 0.0000515 seconds
2019-02-01T03:28:25.161+0000: 804871.167: Application time: 1.3332466 seconds
2019-02-01T03:28:25.164+0000: 804871.170: [GC (Allocation Failure) 2019-02-01T03:28:25.168+0000: 804871.174: [SoftReference, 0 refs, 0.0000341 secs]2019-02-01T03:28:25.168+0000: 804871.174: [WeakReference, 14 refs, 0.0000169 secs]2019-02-01T03:28:25.168+0000: 804871.174: [FinalReference, 283 refs, 0.0001123 secs]2019-02-01T03:28:25.169+0000: 804871.174: [PhantomReference, 0 refs, 0 refs, 0.0000141 secs]2019-02-01T03:28:25.169+0000: 804871.174: [JNI Weak Reference, 0.0000279 secs]
Desired survivor size 5242880 bytes, new threshold 1 (max 15)
[PSYoungGen: 40624K->2307K(41472K)] 722881K->685451K(727040K), 0.0077120 secs] [Times: user=0.06 sys=0.01, real=0.01 secs] 
2019-02-01T03:28:25.172+0000: 804871.178: Total time for which application threads were stopped: 0.0108034 seconds, Stopping threads took: 0.0000720 seconds
2019-02-01T03:28:26.414+0000: 804872.419: Application time: 1.2413848 seconds
2019-02-01T03:28:26.417+0000: 804872.422: [GC (Allocation Failure) 2019-02-01T03:28:26.422+0000: 804872.427: [SoftReference, 0 refs, 0.0000330 secs]2019-02-01T03:28:26.422+0000: 804872.427: [WeakReference, 12 refs, 0.0000165 secs]2019-02-01T03:28:26.422+0000: 804872.427: [FinalReference, 336 refs, 0.0001513 secs]2019-02-01T03:28:26.422+0000: 804872.428: [PhantomReference, 0 refs, 0 refs, 0.0000147 secs]2019-02-01T03:28:26.422+0000: 804872.428: [JNI Weak Reference, 0.0000288 secs]
Desired survivor size 5242880 bytes, new threshold 1 (max 15)
[PSYoungGen: 39171K->1965K(38400K)] 722315K->686072K(723968K), 0.0095403 secs] [Times: user=0.07 sys=0.00, real=0.01 secs] 
2019-02-01T03:28:26.426+0000: 804872.432: [Full GC (Ergonomics) 2019-02-01T03:28:26.471+0000: 804872.477: [SoftReference, 166 refs, 0.0000949 secs]2019-02-01T03:28:26.471+0000: 804872.477: [WeakReference, 2059 refs, 0.0003433 secs]2019-02-01T03:28:26.471+0000: 804872.477: [FinalReference, 1228 refs, 0.0006017 secs]2019-02-01T03:28:26.472+0000: 804872.478: [PhantomReference, 0 refs, 105 refs, 0.0000278 secs]2019-02-01T03:28:26.472+0000: 804872.478: [JNI Weak Reference, 0.0000278 secs][PSYoungGen: 1965K->0K(38400K)] [ParOldGen: 684107K->633456K(689152K)] 686072K->633456K(727552K), [Metaspace: 75215K->75215K(1118208K)], 0.7858597 secs] [Times: user=22.55 sys=0.00, real=0.78 secs] 
2019-02-01T03:28:27.212+0000: 804873.218: Total time for which application threads were stopped: 0.7985430 seconds, Stopping threads took: 0.0000780 seconds
2019-02-01T03:28:28.028+0000: 804874.033: Application time: 0.8155357 seconds
2019-02-01T03:28:28.031+0000: 804874.037: [GC (Allocation Failure) 2019-02-01T03:28:28.036+0000: 804874.041: [SoftReference, 0 refs, 0.0000332 secs]2019-02-01T03:28:28.036+0000: 804874.041: [WeakReference, 15 refs, 0.0000169 secs]2019-02-01T03:28:28.036+0000: 804874.041: [FinalReference, 201 refs, 0.0000885 secs]2019-02-01T03:28:28.036+0000: 804874.041: [PhantomReference, 0 refs, 0 refs, 0.0000141 secs]2019-02-01T03:28:28.036+0000: 804874.042: [JNI Weak Reference, 0.0000222 secs]
Desired survivor size 5242880 bytes, new threshold 1 (max 15)
[PSYoungGen: 36352K->3618K(41472K)] 669808K->637074K(730624K), 0.0083472 secs] [Times: user=0.08 sys=0.01, real=0.01 secs] 
2019-02-01T03:28:28.039+0000: 804874.045: Total time for which application threads were stopped: 0.0117347 seconds, Stopping threads took: 0.0000522 seconds
2019-02-01T03:28:28.364+0000: 804874.370: Application time: 0.3249617 seconds
2019-02-01T03:28:28.368+0000: 804874.373: Total time for which application threads were stopped: 0.0031937 seconds, Stopping threads took: 0.0000560 seconds
2019-02-01T03:28:28.894+0000: 804874.900: Application time: 0.5267998 seconds
2019-02-01T03:28:28.898+0000: 804874.903: Total time for which application threads were stopped: 0.0031386 seconds, Stopping threads took: 0.0000617 seconds
2019-02-01T03:28:29.029+0000: 804875.034: Application time: 0.1311057 seconds
2019-02-01T03:28:29.032+0000: 804875.038: Total time for which application threads were stopped: 0.0033216 seconds, Stopping threads took: 0.0000729 seconds
2019-02-01T03:28:29.052+0000: 804875.058: Application time: 0.0204127 seconds
2019-02-01T03:28:29.055+0000: 804875.061: Total time for which application threads were stopped: 0.0026925 seconds, Stopping threads took: 0.0001048 seconds
2019-02-01T03:28:29.065+0000: 804875.071: Application time: 0.0103256 seconds
2019-02-01T03:28:29.068+0000: 804875.073: Total time for which application threads were stopped: 0.0021128 seconds, Stopping threads took: 0.0000645 seconds
2019-02-01T03:28:29.353+0000: 804875.359: Application time: 0.2858384 seconds
2019-02-01T03:28:29.357+0000: 804875.362: [GC (Allocation Failure) 2019-02-01T03:28:29.361+0000: 804875.366: [SoftReference, 0 refs, 0.0000332 secs]2019-02-01T03:28:29.361+0000: 804875.366: [WeakReference, 23 refs, 0.0000189 secs]2019-02-01T03:28:29.361+0000: 804875.366: [FinalReference, 258 refs, 0.0001449 secs]2019-02-01T03:28:29.361+0000: 804875.367: [PhantomReference, 0 refs, 0 refs, 0.0000147 secs]2019-02-01T03:28:29.361+0000: 804875.367: [JNI Weak Reference, 0.0000278 secs]
Desired survivor size 5242880 bytes, new threshold 1 (max 15)
[PSYoungGen: 39970K->2571K(41472K)] 673426K->636829K(730624K), 0.0087286 secs] [Times: user=0.09 sys=0.00, real=0.01 secs] 
2019-02-01T03:28:29.365+0000: 804875.371: Total time for which application threads were stopped: 0.0119985 seconds, Stopping threads took: 0.0000870 seconds
2019-02-01T03:28:30.283+0000: 804876.289: Application time: 0.9180005 seconds
2019-02-01T03:28:30.287+0000: 804876.293: [GC (Allocation Failure) 2019-02-01T03:28:30.291+0000: 804876.296: [SoftReference, 0 refs, 0.0000504 secs]2019-02-01T03:28:30.291+0000: 804876.296: [WeakReference, 18 refs, 0.0000190 secs]2019-02-01T03:28:30.291+0000: 804876.296: [FinalReference, 246 refs, 0.0002020 secs]2019-02-01T03:28:30.291+0000: 804876.297: [PhantomReference, 0 refs, 0 refs, 0.0000209 secs]2019-02-01T03:28:30.291+0000: 804876.297: [JNI Weak Reference, 0.0000236 secs]
Desired survivor size 5242880 bytes, new threshold 1 (max 15)
[PSYoungGen: 38923K->3855K(46080K)] 673181K->638889K(735232K), 0.0078255 secs] [Times: user=0.07 sys=0.03, real=0.00 secs] 
2019-02-01T03:28:30.295+0000: 804876.301: Total time for which application threads were stopped: 0.0113251 seconds, Stopping threads took: 0.0000535 seconds
2019-02-01T03:28:31.460+0000: 804877.466: Application time: 1.1653572 seconds
2019-02-01T03:28:31.463+0000: 804877.469: Total time for which application threads were stopped: 0.0033332 seconds, Stopping threads took: 0.0000593 seconds
2019-02-01T03:28:31.464+0000: 804877.469: Application time: 0.0002023 seconds
2019-02-01T03:28:31.466+0000: 804877.472: [GC (GCLocker Initiated GC) 2019-02-01T03:28:31.469+0000: 804877.475: [SoftReference, 0 refs, 0.0000326 secs]2019-02-01T03:28:31.470+0000: 804877.475: [WeakReference, 15 refs, 0.0000169 secs]2019-02-01T03:28:31.470+0000: 804877.475: [FinalReference, 242 refs, 0.0001123 secs]2019-02-01T03:28:31.470+0000: 804877.475: [PhantomReference, 0 refs, 0 refs, 0.0000146 secs]2019-02-01T03:28:31.470+0000: 804877.475: [JNI Weak Reference, 0.0000289 secs]
Desired survivor size 5767168 bytes, new threshold 1 (max 15)
[PSYoungGen: 44815K->4143K(46080K)] 679853K->640206K(735232K), 0.0083955 secs] [Times: user=0.08 sys=0.00, real=0.01 secs] 
2019-02-01T03:28:31.474+0000: 804877.480: Total time for which application threads were stopped: 0.0107134 seconds, Stopping threads took: 0.0001001 seconds
2019-02-01T03:28:32.669+0000: 804878.675: Application time: 1.1950528 seconds
2019-02-01T03:28:32.673+0000: 804878.678: [GC (Allocation Failure) 2019-02-01T03:28:32.679+0000: 804878.685: [SoftReference, 0 refs, 0.0000517 secs]2019-02-01T03:28:32.679+0000: 804878.685: [WeakReference, 10 refs, 0.0000164 secs]2019-02-01T03:28:32.679+0000: 804878.685: [FinalReference, 267 refs, 0.0001162 secs]2019-02-01T03:28:32.679+0000: 804878.685: [PhantomReference, 0 refs, 0 refs, 0.0000144 secs]2019-02-01T03:28:32.679+0000: 804878.685: [JNI Weak Reference, 0.0000446 secs]
Desired survivor size 5767168 bytes, new threshold 1 (max 15)
[PSYoungGen: 45103K->3679K(51712K)] 681170K->641018K(740864K), 0.0111313 secs] [Times: user=0.08 sys=0.06, real=0.01 secs] 
2019-02-01T03:28:32.684+0000: 804878.690: Total time for which application threads were stopped: 0.0145289 seconds, Stopping threads took: 0.0000632 seconds
2019-02-01T03:28:33.720+0000: 804879.726: Application time: 1.0359531 seconds
2019-02-01T03:28:33.723+0000: 804879.729: [GC (Allocation Failure) 2019-02-01T03:28:33.728+0000: 804879.733: [SoftReference, 0 refs, 0.0000324 secs]2019-02-01T03:28:33.728+0000: 804879.733: [WeakReference, 12 refs, 0.0000171 secs]2019-02-01T03:28:33.728+0000: 804879.733: [FinalReference, 354 refs, 0.0001574 secs]2019-02-01T03:28:33.728+0000: 804879.734: [PhantomReference, 0 refs, 0 refs, 0.0000148 secs]2019-02-01T03:28:33.728+0000: 804879.734: [JNI Weak Reference, 0.0000283 secs]
Desired survivor size 6291456 bytes, new threshold 1 (max 15)
[PSYoungGen: 49759K->4927K(51712K)] 687098K->643096K(740864K), 0.0085713 secs] [Times: user=0.09 sys=0.01, real=0.01 secs] 
2019-02-01T03:28:33.732+0000: 804879.738: Total time for which application threads were stopped: 0.0119215 seconds, Stopping threads took: 0.0000501 seconds
2019-02-01T03:28:35.462+0000: 804881.468: Application time: 1.7301263 seconds
2019-02-01T03:28:35.465+0000: 804881.471: [GC (Allocation Failure) 2019-02-01T03:28:35.469+0000: 804881.475: [SoftReference, 0 refs, 0.0000308 secs]2019-02-01T03:28:35.469+0000: 804881.475: [WeakReference, 19 refs, 0.0000169 secs]2019-02-01T03:28:35.469+0000: 804881.475: [FinalReference, 271 refs, 0.0001057 secs]2019-02-01T03:28:35.470+0000: 804881.475: [PhantomReference, 0 refs, 0 refs, 0.0000146 secs]2019-02-01T03:28:35.470+0000: 804881.475: [JNI Weak Reference, 0.0000223 secs]
Desired survivor size 6291456 bytes, new threshold 1 (max 15)
[PSYoungGen: 51007K->4043K(58368K)] 689176K->643918K(747520K), 0.0080448 secs] [Times: user=0.08 sys=0.02, real=0.01 secs] 
2019-02-01T03:28:35.473+0000: 804881.479: Total time for which application threads were stopped: 0.0114474 seconds, Stopping threads took: 0.0000944 seconds
2019-02-01T03:28:36.884+0000: 804882.890: Application time: 1.4106578 seconds
2019-02-01T03:28:36.888+0000: 804882.893: [GC (Allocation Failure) 2019-02-01T03:28:36.892+0000: 804882.898: [SoftReference, 0 refs, 0.0000235 secs]2019-02-01T03:28:36.892+0000: 804882.898: [WeakReference, 7 refs, 0.0000145 secs]2019-02-01T03:28:36.892+0000: 804882.898: [FinalReference, 342 refs, 0.0001352 secs]2019-02-01T03:28:36.893+0000: 804882.898: [PhantomReference, 0 refs, 0 refs, 0.0000144 secs]2019-02-01T03:28:36.893+0000: 804882.898: [JNI Weak Reference, 0.0000235 secs]
Desired survivor size 6291456 bytes, new threshold 1 (max 15)
[PSYoungGen: 56267K->2764K(58368K)] 696142K->643688K(747520K), 0.0087440 secs] [Times: user=0.08 sys=0.01, real=0.01 secs] 
2019-02-01T03:28:36.896+0000: 804882.902: Total time for which application threads were stopped: 0.0123070 seconds, Stopping threads took: 0.0000894 seconds
2019-02-01T03:28:38.396+0000: 804884.402: Application time: 1.4999231 seconds
2019-02-01T03:28:38.400+0000: 804884.405: [GC (Allocation Failure) 2019-02-01T03:28:38.408+0000: 804884.413: [SoftReference, 0 refs, 0.0000284 secs]2019-02-01T03:28:38.408+0000: 804884.414: [WeakReference, 15 refs, 0.0000169 secs]2019-02-01T03:28:38.408+0000: 804884.414: [FinalReference, 355 refs, 0.0001945 secs]2019-02-01T03:28:38.408+0000: 804884.414: [PhantomReference, 0 refs, 0 refs, 0.0000146 secs]2019-02-01T03:28:38.408+0000: 804884.414: [JNI Weak Reference, 0.0000230 secs]
Desired survivor size 5767168 bytes, new threshold 1 (max 15)
[PSYoungGen: 54988K->2905K(64000K)] 695912K->644742K(753152K), 0.0119963 secs] [Times: user=0.19 sys=0.04, real=0.01 secs] 
2019-02-01T03:28:38.412+0000: 804884.418: Total time for which application threads were stopped: 0.0153972 seconds, Stopping threads took: 0.0000687 seconds
2019-02-01T03:28:40.182+0000: 804886.188: Application time: 1.7706568 seconds
2019-02-01T03:28:40.186+0000: 804886.192: [GC (Allocation Failure) 2019-02-01T03:28:40.195+0000: 804886.201: [SoftReference, 0 refs, 0.0000320 secs]2019-02-01T03:28:40.195+0000: 804886.201: [WeakReference, 19 refs, 0.0000348 secs]2019-02-01T03:28:40.195+0000: 804886.201: [FinalReference, 346 refs, 0.0001303 secs]2019-02-01T03:28:40.196+0000: 804886.201: [PhantomReference, 0 refs, 0 refs, 0.0000158 secs]2019-02-01T03:28:40.196+0000: 804886.201: [JNI Weak Reference, 0.0000290 secs]
Desired survivor size 5767168 bytes, new threshold 1 (max 15)
[PSYoungGen: 61785K->3892K(64512K)] 703622K->646636K(753664K), 0.0142235 secs] [Times: user=0.23 sys=0.01, real=0.02 secs] 
2019-02-01T03:28:40.200+0000: 804886.206: Total time for which application threads were stopped: 0.0176620 seconds, Stopping threads took: 0.0000593 seconds
2019-02-01T03:28:41.443+0000: 804887.449: Application time: 1.2433560 seconds
2019-02-01T03:28:41.446+0000: 804887.452: Total time for which application threads were stopped: 0.0030290 seconds, Stopping threads took: 0.0000573 seconds
2019-02-01T03:28:41.447+0000: 804887.452: Application time: 0.0001031 seconds
2019-02-01T03:28:41.449+0000: 804887.454: [GC (GCLocker Initiated GC) 2019-02-01T03:28:41.453+0000: 804887.459: [SoftReference, 0 refs, 0.0000458 secs]2019-02-01T03:28:41.453+0000: 804887.459: [WeakReference, 13 refs, 0.0000175 secs]2019-02-01T03:28:41.453+0000: 804887.459: [FinalReference, 505 refs, 0.0002628 secs]2019-02-01T03:28:41.454+0000: 804887.459: [PhantomReference, 0 refs, 0 refs, 0.0000149 secs]2019-02-01T03:28:41.454+0000: 804887.459: [JNI Weak Reference, 0.0000235 secs]
Desired survivor size 6291456 bytes, new threshold 1 (max 15)
[PSYoungGen: 62678K->4320K(71680K)] 705550K->648410K(760832K), 0.0085542 secs] [Times: user=0.07 sys=0.03, real=0.01 secs] 
2019-02-01T03:28:41.457+0000: 804887.463: Total time for which application threads were stopped: 0.0106011 seconds, Stopping threads took: 0.0000827 seconds
2019-02-01T03:28:43.526+0000: 804889.531: Application time: 2.0683501 seconds
2019-02-01T03:28:43.529+0000: 804889.535: [GC (Allocation Failure) 2019-02-01T03:28:43.534+0000: 804889.540: [SoftReference, 0 refs, 0.0000412 secs]2019-02-01T03:28:43.534+0000: 804889.540: [WeakReference, 11 refs, 0.0000166 secs]2019-02-01T03:28:43.534+0000: 804889.540: [FinalReference, 380 refs, 0.0001324 secs]2019-02-01T03:28:43.534+0000: 804889.540: [PhantomReference, 0 refs, 0 refs, 0.0000145 secs]2019-02-01T03:28:43.534+0000: 804889.540: [JNI Weak Reference, 0.0000227 secs]
Desired survivor size 5767168 bytes, new threshold 1 (max 15)
[PSYoungGen: 70368K->3365K(72192K)] 714469K->649067K(761344K), 0.0093639 secs] [Times: user=0.08 sys=0.03, real=0.00 secs] 
2019-02-01T03:28:43.538+0000: 804889.544: Total time for which application threads were stopped: 0.0127097 seconds, Stopping threads took: 0.0000631 seconds
2019-02-01T03:28:45.551+0000: 804891.556: Application time: 2.0123456 seconds
2019-02-01T03:28:45.554+0000: 804891.560: [GC (Allocation Failure) 2019-02-01T03:28:45.562+0000: 804891.568: [SoftReference, 0 refs, 0.0000329 secs]2019-02-01T03:28:45.563+0000: 804891.568: [WeakReference, 15 refs, 0.0000175 secs]2019-02-01T03:28:45.563+0000: 804891.568: [FinalReference, 487 refs, 0.0002581 secs]2019-02-01T03:28:45.563+0000: 804891.569: [PhantomReference, 0 refs, 0 refs, 0.0000150 secs]2019-02-01T03:28:45.563+0000: 804891.569: [JNI Weak Reference, 0.0000223 secs]
Desired survivor size 5767168 bytes, new threshold 1 (max 15)
[PSYoungGen: 69413K->4215K(79872K)] 715115K->650785K(769024K), 0.0126376 secs] [Times: user=0.20 sys=0.03, real=0.01 secs] 
2019-02-01T03:28:45.567+0000: 804891.572: Total time for which application threads were stopped: 0.0159822 seconds, Stopping threads took: 0.0000533 seconds
2019-02-01T03:28:48.075+0000: 804894.081: Application time: 2.5085080 seconds
2019-02-01T03:28:48.078+0000: 804894.084: [GC (Allocation Failure) 2019-02-01T03:28:48.086+0000: 804894.092: [SoftReference, 0 refs, 0.0000221 secs]2019-02-01T03:28:48.086+0000: 804894.092: [WeakReference, 5 refs, 0.0000225 secs]2019-02-01T03:28:48.086+0000: 804894.092: [FinalReference, 446 refs, 0.0002722 secs]2019-02-01T03:28:48.086+0000: 804894.092: [PhantomReference, 0 refs, 0 refs, 0.0000144 secs]2019-02-01T03:28:48.086+0000: 804894.092: [JNI Weak Reference, 0.0000233 secs]
Desired survivor size 5767168 bytes, new threshold 1 (max 15)
[PSYoungGen: 78455K->2543K(79872K)] 725025K->650522K(769024K), 0.0117214 secs] [Times: user=0.16 sys=0.00, real=0.02 secs] 
2019-02-01T03:28:48.090+0000: 804894.096: Total time for which application threads were stopped: 0.0149864 seconds, Stopping threads took: 0.0000506 seconds
2019-02-01T03:28:50.556+0000: 804896.562: Application time: 2.4656856 seconds
2019-02-01T03:28:50.559+0000: 804896.565: [GC (Allocation Failure) 2019-02-01T03:28:50.570+0000: 804896.576: [SoftReference, 0 refs, 0.0000318 secs]2019-02-01T03:28:50.570+0000: 804896.576: [WeakReference, 7 refs, 0.0000259 secs]2019-02-01T03:28:50.570+0000: 804896.576: [FinalReference, 504 refs, 0.0002464 secs]2019-02-01T03:28:50.570+0000: 804896.576: [PhantomReference, 0 refs, 1 refs, 0.0000300 secs]2019-02-01T03:28:50.570+0000: 804896.576: [JNI Weak Reference, 0.0000286 secs]
Desired survivor size 5767168 bytes, new threshold 1 (max 15)
[PSYoungGen: 76783K->2886K(88576K)] 724762K->651939K(777728K), 0.0157810 secs] [Times: user=0.23 sys=0.02, real=0.02 secs] 
2019-02-01T03:28:50.575+0000: 804896.581: Total time for which application threads were stopped: 0.0191777 seconds, Stopping threads took: 0.0000536 seconds
2019-02-01T03:28:53.161+0000: 804899.167: Application time: 2.5859700 seconds
2019-02-01T03:28:53.164+0000: 804899.170: [GC (Allocation Failure) 2019-02-01T03:28:53.170+0000: 804899.176: [SoftReference, 0 refs, 0.0000247 secs]2019-02-01T03:28:53.170+0000: 804899.176: [WeakReference, 18 refs, 0.0000184 secs]2019-02-01T03:28:53.170+0000: 804899.176: [FinalReference, 566 refs, 0.0002699 secs]2019-02-01T03:28:53.170+0000: 804899.176: [PhantomReference, 0 refs, 0 refs, 0.0000146 secs]2019-02-01T03:28:53.170+0000: 804899.176: [JNI Weak Reference, 0.0000226 secs]
Desired survivor size 5767168 bytes, new threshold 1 (max 15)
[PSYoungGen: 85830K->3027K(83968K)] 734883K->653018K(773120K), 0.0100045 secs] [Times: user=0.10 sys=0.01, real=0.01 secs] 
2019-02-01T03:28:53.174+0000: 804899.180: Total time for which application threads were stopped: 0.0132680 seconds, Stopping threads took: 0.0000569 seconds
2019-02-01T03:28:55.977+0000: 804901.983: Application time: 2.8030182 seconds
2019-02-01T03:28:55.980+0000: 804901.986: [GC (Allocation Failure) 2019-02-01T03:28:55.986+0000: 804901.991: [SoftReference, 0 refs, 0.0000426 secs]2019-02-01T03:28:55.986+0000: 804901.991: [WeakReference, 15 refs, 0.0000176 secs]2019-02-01T03:28:55.986+0000: 804901.991: [FinalReference, 499 refs, 0.0002075 secs]2019-02-01T03:28:55.986+0000: 804901.992: [PhantomReference, 0 refs, 0 refs, 0.0000146 secs]2019-02-01T03:28:55.986+0000: 804901.992: [JNI Weak Reference, 0.0000218 secs]
Desired survivor size 5767168 bytes, new threshold 1 (max 15)
[PSYoungGen: 83923K->2500K(82432K)] 733914K->653941K(771584K), 0.0093284 secs] [Times: user=0.09 sys=0.00, real=0.01 secs] 
2019-02-01T03:28:55.990+0000: 804901.996: Total time for which application threads were stopped: 0.0126585 seconds, Stopping threads took: 0.0000506 seconds
2019-02-01T03:28:57.512+0000: 804903.518: Application time: 1.5218802 seconds
2019-02-01T03:28:57.515+0000: 804903.520: Total time for which application threads were stopped: 0.0027851 seconds, Stopping threads took: 0.0000935 seconds
2019-02-01T03:28:57.525+0000: 804903.531: Application time: 0.0102529 seconds
2019-02-01T03:28:57.527+0000: 804903.532: Total time for which application threads were stopped: 0.0017680 seconds, Stopping threads took: 0.0000474 seconds
2019-02-01T03:28:57.557+0000: 804903.563: Application time: 0.0304186 seconds
2019-02-01T03:28:57.559+0000: 804903.565: Total time for which application threads were stopped: 0.0022681 seconds, Stopping threads took: 0.0000395 seconds
2019-02-01T03:28:57.570+0000: 804903.575: Application time: 0.0103184 seconds
2019-02-01T03:28:57.572+0000: 804903.577: Total time for which application threads were stopped: 0.0019932 seconds, Stopping threads took: 0.0000377 seconds
2019-02-01T03:28:57.735+0000: 804903.741: Application time: 0.1636714 seconds
2019-02-01T03:28:57.738+0000: 804903.744: Total time for which application threads were stopped: 0.0031935 seconds, Stopping threads took: 0.0000916 seconds
2019-02-01T03:28:57.779+0000: 804903.785: Application time: 0.0404977 seconds
2019-02-01T03:28:57.782+0000: 804903.787: Total time for which application threads were stopped: 0.0026911 seconds, Stopping threads took: 0.0001272 seconds
2019-02-01T03:28:57.792+0000: 804903.798: Application time: 0.0102933 seconds
2019-02-01T03:28:57.794+0000: 804903.800: Total time for which application threads were stopped: 0.0020355 seconds, Stopping threads took: 0.0000770 seconds
2019-02-01T03:28:57.915+0000: 804903.921: Application time: 0.1210839 seconds
2019-02-01T03:28:57.918+0000: 804903.924: Total time for which application threads were stopped: 0.0030410 seconds, Stopping threads took: 0.0000923 seconds
2019-02-01T03:28:57.928+0000: 804903.934: Application time: 0.0102963 seconds
2019-02-01T03:28:57.930+0000: 804903.936: Total time for which application threads were stopped: 0.0020671 seconds, Stopping threads took: 0.0000375 seconds
2019-02-01T03:28:58.295+0000: 804904.301: Application time: 0.3645757 seconds
2019-02-01T03:28:58.298+0000: 804904.304: Total time for which application threads were stopped: 0.0032621 seconds, Stopping threads took: 0.0000512 seconds
2019-02-01T03:28:58.788+0000: 804904.794: Application time: 0.4900791 seconds
2019-02-01T03:28:58.791+0000: 804904.797: [GC (Allocation Failure) 2019-02-01T03:28:58.796+0000: 804904.802: [SoftReference, 0 refs, 0.0000199 secs]2019-02-01T03:28:58.796+0000: 804904.802: [WeakReference, 40 refs, 0.0000135 secs]2019-02-01T03:28:58.796+0000: 804904.802: [FinalReference, 622 refs, 0.0001535 secs]2019-02-01T03:28:58.796+0000: 804904.802: [PhantomReference, 0 refs, 0 refs, 0.0000082 secs]2019-02-01T03:28:58.796+0000: 804904.802: [JNI Weak Reference, 0.0000152 secs]
Desired survivor size 5767168 bytes, new threshold 1 (max 15)
[PSYoungGen: 81348K->3935K(80896K)] 732789K->656377K(770048K), 0.0078970 secs] [Times: user=0.09 sys=0.00, real=0.00 secs] 
2019-02-01T03:28:58.799+0000: 804904.805: Total time for which application threads were stopped: 0.0109234 seconds, Stopping threads took: 0.0000698 seconds
2019-02-01T03:28:59.300+0000: 804905.306: Application time: 0.5009659 seconds
2019-02-01T03:28:59.304+0000: 804905.309: Total time for which application threads were stopped: 0.0032982 seconds, Stopping threads took: 0.0000630 seconds
2019-02-01T03:28:59.304+0000: 804905.310: Application time: 0.0002766 seconds
2019-02-01T03:28:59.306+0000: 804905.312: Total time for which application threads were stopped: 0.0019896 seconds, Stopping threads took: 0.0000773 seconds
2019-02-01T03:28:59.406+0000: 804905.412: Application time: 0.1005238 seconds
2019-02-01T03:28:59.409+0000: 804905.415: Total time for which application threads were stopped: 0.0030466 seconds, Stopping threads took: 0.0000756 seconds
2019-02-01T03:28:59.910+0000: 804905.916: Application time: 0.5010187 seconds
2019-02-01T03:28:59.914+0000: 804905.920: Total time for which application threads were stopped: 0.0033060 seconds, Stopping threads took: 0.0000511 seconds
2019-02-01T03:29:00.015+0000: 804906.020: Application time: 0.1008816 seconds
2019-02-01T03:29:00.018+0000: 804906.024: Total time for which application threads were stopped: 0.0031452 seconds, Stopping threads took: 0.0000522 seconds
2019-02-01T03:29:00.250+0000: 804906.256: Application time: 0.2326081 seconds
2019-02-01T03:29:00.254+0000: 804906.259: Total time for which application threads were stopped: 0.0030758 seconds, Stopping threads took: 0.0000516 seconds
2019-02-01T03:29:01.065+0000: 804907.071: Application time: 0.8112505 seconds
2019-02-01T03:29:01.068+0000: 804907.074: Total time for which application threads were stopped: 0.0032385 seconds, Stopping threads took: 0.0000515 seconds
2019-02-01T03:29:01.321+0000: 804907.326: Application time: 0.2524869 seconds
2019-02-01T03:29:01.324+0000: 804907.330: Total time for which application threads were stopped: 0.0032978 seconds, Stopping threads took: 0.0000559 seconds
2019-02-01T03:29:01.324+0000: 804907.330: Application time: 0.0000550 seconds
2019-02-01T03:29:01.326+0000: 804907.332: Total time for which application threads were stopped: 0.0022244 seconds, Stopping threads took: 0.0000418 seconds
2019-02-01T03:29:01.426+0000: 804907.432: Application time: 0.0996968 seconds
2019-02-01T03:29:01.429+0000: 804907.435: Total time for which application threads were stopped: 0.0032423 seconds, Stopping threads took: 0.0001225 seconds
2019-02-01T03:29:01.429+0000: 804907.435: Application time: 0.0000977 seconds
2019-02-01T03:29:01.431+0000: 804907.437: Total time for which application threads were stopped: 0.0021134 seconds, Stopping threads took: 0.0000658 seconds
2019-02-01T03:29:01.488+0000: 804907.494: Application time: 0.0566918 seconds
2019-02-01T03:29:01.491+0000: 804907.496: Total time for which application threads were stopped: 0.0027170 seconds, Stopping threads took: 0.0000641 seconds
2019-02-01T03:29:01.541+0000: 804907.546: Application time: 0.0499244 seconds
2019-02-01T03:29:01.543+0000: 804907.549: Total time for which application threads were stopped: 0.0026676 seconds, Stopping threads took: 0.0000348 seconds
2019-02-01T03:29:01.605+0000: 804907.611: Application time: 0.0620689 seconds
2019-02-01T03:29:01.608+0000: 804907.614: [GC (Allocation Failure) 2019-02-01T03:29:01.612+0000: 804907.618: [SoftReference, 0 refs, 0.0000321 secs]2019-02-01T03:29:01.612+0000: 804907.618: [WeakReference, 31 refs, 0.0000205 secs]2019-02-01T03:29:01.612+0000: 804907.618: [FinalReference, 494 refs, 0.0002491 secs]2019-02-01T03:29:01.613+0000: 804907.618: [PhantomReference, 0 refs, 0 refs, 0.0000146 secs]2019-02-01T03:29:01.613+0000: 804907.618: [JNI Weak Reference, 0.0000230 secs]
Desired survivor size 5242880 bytes, new threshold 1 (max 15)
[PSYoungGen: 80735K->3520K(78336K)] 733177K->657209K(767488K), 0.0082334 secs] [Times: user=0.09 sys=0.00, real=0.01 secs] 
2019-02-01T03:29:01.617+0000: 804907.622: Total time for which application threads were stopped: 0.0112238 seconds, Stopping threads took: 0.0000613 seconds
2019-02-01T03:29:01.817+0000: 804907.823: Application time: 0.2005718 seconds
2019-02-01T03:29:01.820+0000: 804907.826: Total time for which application threads were stopped: 0.0031639 seconds, Stopping threads took: 0.0000545 seconds
2019-02-01T03:29:01.834+0000: 804907.840: Application time: 0.0140757 seconds
2019-02-01T03:29:01.837+0000: 804907.843: Total time for which application threads were stopped: 0.0026470 seconds, Stopping threads took: 0.0000942 seconds
2019-02-01T03:29:01.906+0000: 804907.912: Application time: 0.0688757 seconds
2019-02-01T03:29:01.909+0000: 804907.915: Total time for which application threads were stopped: 0.0030907 seconds, Stopping threads took: 0.0000376 seconds
2019-02-01T03:29:01.921+0000: 804907.927: Application time: 0.0118184 seconds
2019-02-01T03:29:01.923+0000: 804907.929: Total time for which application threads were stopped: 0.0024923 seconds, Stopping threads took: 0.0000471 seconds
2019-02-01T03:29:01.933+0000: 804907.938: Application time: 0.0091598 seconds
2019-02-01T03:29:01.934+0000: 804907.940: Total time for which application threads were stopped: 0.0019156 seconds, Stopping threads took: 0.0000325 seconds
2019-02-01T03:29:01.935+0000: 804907.941: Application time: 0.0003255 seconds
2019-02-01T03:29:01.936+0000: 804907.942: Total time for which application threads were stopped: 0.0013735 seconds, Stopping threads took: 0.0000467 seconds
2019-02-01T03:29:04.258+0000: 804910.264: Application time: 2.3220273 seconds
2019-02-01T03:29:04.261+0000: 804910.267: [GC (Allocation Failure) 2019-02-01T03:29:04.269+0000: 804910.275: [SoftReference, 0 refs, 0.0000353 secs]2019-02-01T03:29:04.269+0000: 804910.275: [WeakReference, 15 refs, 0.0000226 secs]2019-02-01T03:29:04.269+0000: 804910.275: [FinalReference, 456 refs, 0.0002015 secs]2019-02-01T03:29:04.269+0000: 804910.275: [PhantomReference, 0 refs, 0 refs, 0.0000148 secs]2019-02-01T03:29:04.269+0000: 804910.275: [JNI Weak Reference, 0.0000306 secs]
Desired survivor size 5767168 bytes, new threshold 1 (max 15)
[PSYoungGen: 78272K->4234K(77312K)] 731961K->659576K(766464K), 0.0124912 secs] [Times: user=0.19 sys=0.00, real=0.02 secs] 
2019-02-01T03:29:04.274+0000: 804910.280: Total time for which application threads were stopped: 0.0157125 seconds, Stopping threads took: 0.0000507 seconds
2019-02-01T03:29:04.541+0000: 804910.547: Application time: 0.2668884 seconds
2019-02-01T03:29:04.544+0000: 804910.550: Total time for which application threads were stopped: 0.0030596 seconds, Stopping threads took: 0.0000636 seconds
2019-02-01T03:29:04.544+0000: 804910.550: Application time: 0.0000886 seconds
2019-02-01T03:29:04.546+0000: 804910.552: Total time for which application threads were stopped: 0.0018367 seconds, Stopping threads took: 0.0000242 seconds
2019-02-01T03:29:06.230+0000: 804912.236: Application time: 1.6840931 seconds
2019-02-01T03:29:06.233+0000: 804912.239: [GC (Allocation Failure) 2019-02-01T03:29:06.237+0000: 804912.243: [SoftReference, 0 refs, 0.0000327 secs]2019-02-01T03:29:06.238+0000: 804912.243: [WeakReference, 9 refs, 0.0000164 secs]2019-02-01T03:29:06.238+0000: 804912.243: [FinalReference, 541 refs, 0.0003192 secs]2019-02-01T03:29:06.238+0000: 804912.244: [PhantomReference, 0 refs, 0 refs, 0.0000152 secs]2019-02-01T03:29:06.238+0000: 804912.244: [JNI Weak Reference, 0.0000286 secs]
Desired survivor size 5767168 bytes, new threshold 1 (max 15)
[PSYoungGen: 76938K->2207K(73216K)] 732280K->659190K(762368K), 0.0087599 secs] [Times: user=0.11 sys=0.01, real=0.00 secs] 
2019-02-01T03:29:06.242+0000: 804912.248: Total time for which application threads were stopped: 0.0120267 seconds, Stopping threads took: 0.0000520 seconds
2019-02-01T03:29:08.397+0000: 804914.403: Application time: 2.1552584 seconds
2019-02-01T03:29:08.400+0000: 804914.406: [GC (Allocation Failure) 2019-02-01T03:29:08.409+0000: 804914.414: [SoftReference, 0 refs, 0.0000323 secs]2019-02-01T03:29:08.409+0000: 804914.414: [WeakReference, 19 refs, 0.0000183 secs]2019-02-01T03:29:08.409+0000: 804914.414: [FinalReference, 475 refs, 0.0002055 secs]2019-02-01T03:29:08.409+0000: 804914.415: [PhantomReference, 0 refs, 0 refs, 0.0000149 secs]2019-02-01T03:29:08.409+0000: 804914.415: [JNI Weak Reference, 0.0000229 secs]
Desired survivor size 5767168 bytes, new threshold 1 (max 15)
[PSYoungGen: 72863K->4728K(74240K)] 729846K->662650K(763392K), 0.0124299 secs] [Times: user=0.20 sys=0.00, real=0.02 secs] 
2019-02-01T03:29:08.413+0000: 804914.419: Total time for which application threads were stopped: 0.0157585 seconds, Stopping threads took: 0.0000532 seconds
2019-02-01T03:29:09.053+0000: 804915.059: Application time: 0.6403070 seconds
2019-02-01T03:29:09.058+0000: 804915.064: Total time for which application threads were stopped: 0.0048258 seconds, Stopping threads took: 0.0000531 seconds
2019-02-01T03:29:09.058+0000: 804915.064: Application time: 0.0000753 seconds
2019-02-01T03:29:09.060+0000: 804915.066: Total time for which application threads were stopped: 0.0021610 seconds, Stopping threads took: 0.0000302 seconds
2019-02-01T03:29:09.161+0000: 804915.167: Application time: 0.1006299 seconds
2019-02-01T03:29:09.164+0000: 804915.170: Total time for which application threads were stopped: 0.0031294 seconds, Stopping threads took: 0.0000553 seconds
2019-02-01T03:29:09.402+0000: 804915.408: Application time: 0.2383907 seconds
2019-02-01T03:29:09.406+0000: 804915.411: Total time for which application threads were stopped: 0.0031986 seconds, Stopping threads took: 0.0000589 seconds
2019-02-01T03:29:10.427+0000: 804916.433: Application time: 1.0216604 seconds
2019-02-01T03:29:10.430+0000: 804916.436: [GC (Allocation Failure) 2019-02-01T03:29:10.436+0000: 804916.441: [SoftReference, 0 refs, 0.0000418 secs]2019-02-01T03:29:10.436+0000: 804916.441: [WeakReference, 30 refs, 0.0000196 secs]2019-02-01T03:29:10.436+0000: 804916.441: [FinalReference, 482 refs, 0.0001863 secs]2019-02-01T03:29:10.436+0000: 804916.442: [PhantomReference, 0 refs, 0 refs, 0.0000149 secs]2019-02-01T03:29:10.436+0000: 804916.442: [JNI Weak Reference, 0.0000238 secs]
Desired survivor size 5767168 bytes, new threshold 1 (max 15)
[PSYoungGen: 73848K->3249K(71168K)] 731770K->662097K(760320K), 0.0092254 secs] [Times: user=0.09 sys=0.00, real=0.01 secs] 
2019-02-01T03:29:10.440+0000: 804916.446: Total time for which application threads were stopped: 0.0124123 seconds, Stopping threads took: 0.0000514 seconds
2019-02-01T03:29:10.889+0000: 804916.895: Application time: 0.4491865 seconds
2019-02-01T03:29:10.892+0000: 804916.898: Total time for which application threads were stopped: 0.0031624 seconds, Stopping threads took: 0.0000547 seconds
2019-02-01T03:29:12.699+0000: 804918.705: Application time: 1.8071355 seconds
2019-02-01T03:29:12.702+0000: 804918.708: Total time for which application threads were stopped: 0.0029484 seconds, Stopping threads took: 0.0000603 seconds
2019-02-01T03:29:12.702+0000: 804918.708: Application time: 0.0001149 seconds
2019-02-01T03:29:12.704+0000: 804918.710: [GC (GCLocker Initiated GC) 2019-02-01T03:29:12.712+0000: 804918.718: [SoftReference, 0 refs, 0.0000231 secs]2019-02-01T03:29:12.712+0000: 804918.718: [WeakReference, 19 refs, 0.0000115 secs]2019-02-01T03:29:12.712+0000: 804918.718: [FinalReference, 570 refs, 0.0001665 secs]2019-02-01T03:29:12.713+0000: 804918.718: [PhantomReference, 0 refs, 0 refs, 0.0000088 secs]2019-02-01T03:29:12.713+0000: 804918.718: [JNI Weak Reference, 0.0000261 secs]
Desired survivor size 5767168 bytes, new threshold 1 (max 15)
[PSYoungGen: 70833K->4451K(70656K)] 729685K->664483K(759808K), 0.0126417 secs] [Times: user=0.18 sys=0.00, real=0.01 secs] 
2019-02-01T03:29:12.717+0000: 804918.722: Total time for which application threads were stopped: 0.0142485 seconds, Stopping threads took: 0.0000286 seconds
2019-02-01T03:29:15.491+0000: 804921.497: Application time: 2.7742049 seconds
2019-02-01T03:29:15.494+0000: 804921.500: [GC (Allocation Failure) 2019-02-01T03:29:15.499+0000: 804921.504: [SoftReference, 0 refs, 0.0000375 secs]2019-02-01T03:29:15.499+0000: 804921.505: [WeakReference, 40 refs, 0.0000224 secs]2019-02-01T03:29:15.499+0000: 804921.505: [FinalReference, 458 refs, 0.0001603 secs]2019-02-01T03:29:15.499+0000: 804921.505: [PhantomReference, 0 refs, 0 refs, 0.0000147 secs]2019-02-01T03:29:15.499+0000: 804921.505: [JNI Weak Reference, 0.0000232 secs]
Desired survivor size 6815744 bytes, new threshold 1 (max 15)
[PSYoungGen: 70499K->3578K(68096K)] 730539K->665863K(757248K), 0.0085530 secs] [Times: user=0.10 sys=0.00, real=0.00 secs] 
2019-02-01T03:29:15.503+0000: 804921.509: Total time for which application threads were stopped: 0.0120286 seconds, Stopping threads took: 0.0000544 seconds
2019-02-01T03:29:17.602+0000: 804923.608: Application time: 2.0996965 seconds
2019-02-01T03:29:17.606+0000: 804923.611: Total time for which application threads were stopped: 0.0030745 seconds, Stopping threads took: 0.0000653 seconds
2019-02-01T03:29:17.606+0000: 804923.611: Application time: 0.0001363 seconds
2019-02-01T03:29:17.608+0000: 804923.613: [GC (GCLocker Initiated GC) 2019-02-01T03:29:17.612+0000: 804923.618: [SoftReference, 0 refs, 0.0000391 secs]2019-02-01T03:29:17.612+0000: 804923.618: [WeakReference, 19 refs, 0.0000240 secs]2019-02-01T03:29:17.612+0000: 804923.618: [FinalReference, 459 refs, 0.0001947 secs]2019-02-01T03:29:17.612+0000: 804923.618: [PhantomReference, 0 refs, 0 refs, 0.0000192 secs]2019-02-01T03:29:17.612+0000: 804923.618: [JNI Weak Reference, 0.0000233 secs]
Desired survivor size 6815744 bytes, new threshold 1 (max 15)
[PSYoungGen: 68062K->4614K(68096K)] 730411K->668788K(757248K), 0.0086015 secs] [Times: user=0.09 sys=0.00, real=0.01 secs] 
2019-02-01T03:29:17.616+0000: 804923.622: Total time for which application threads were stopped: 0.0106091 seconds, Stopping threads took: 0.0000705 seconds
2019-02-01T03:29:18.832+0000: 804924.838: Application time: 1.2155415 seconds
2019-02-01T03:29:18.835+0000: 804924.841: Total time for which application threads were stopped: 0.0030435 seconds, Stopping threads took: 0.0000534 seconds
2019-02-01T03:29:20.563+0000: 804926.568: Application time: 1.7277906 seconds
2019-02-01T03:29:20.566+0000: 804926.572: [GC (Allocation Failure) 2019-02-01T03:29:20.570+0000: 804926.576: [SoftReference, 0 refs, 0.0000317 secs]2019-02-01T03:29:20.570+0000: 804926.576: [WeakReference, 22 refs, 0.0000355 secs]2019-02-01T03:29:20.570+0000: 804926.576: [FinalReference, 476 refs, 0.0002248 secs]2019-02-01T03:29:20.571+0000: 804926.576: [PhantomReference, 0 refs, 0 refs, 0.0000149 secs]2019-02-01T03:29:20.571+0000: 804926.576: [JNI Weak Reference, 0.0000232 secs]
Desired survivor size 6291456 bytes, new threshold 2 (max 15)
[PSYoungGen: 67590K->3654K(65536K)] 731768K->668978K(754688K), 0.0088607 secs] [Times: user=0.08 sys=0.01, real=0.01 secs] 
2019-02-01T03:29:20.575+0000: 804926.581: Total time for which application threads were stopped: 0.0120900 seconds, Stopping threads took: 0.0000537 seconds
2019-02-01T03:29:23.762+0000: 804929.767: Application time: 3.1868851 seconds
2019-02-01T03:29:23.765+0000: 804929.771: [GC (Allocation Failure) 2019-02-01T03:29:23.773+0000: 804929.778: [SoftReference, 0 refs, 0.0000193 secs]2019-02-01T03:29:23.773+0000: 804929.778: [WeakReference, 23 refs, 0.0000117 secs]2019-02-01T03:29:23.773+0000: 804929.778: [FinalReference, 415 refs, 0.0001246 secs]2019-02-01T03:29:23.773+0000: 804929.778: [PhantomReference, 0 refs, 0 refs, 0.0000084 secs]2019-02-01T03:29:23.773+0000: 804929.778: [JNI Weak Reference, 0.0000147 secs]
Desired survivor size 6815744 bytes, new threshold 3 (max 15)
[PSYoungGen: 65094K->5188K(65536K)] 730418K->670512K(754688K), 0.0104788 secs] [Times: user=0.19 sys=0.00, real=0.01 secs] 
2019-02-01T03:29:23.775+0000: 804929.781: Total time for which application threads were stopped: 0.0135959 seconds, Stopping threads took: 0.0000520 seconds
2019-02-01T03:29:26.766+0000: 804932.772: Application time: 2.9908544 seconds
2019-02-01T03:29:26.769+0000: 804932.775: [GC (Allocation Failure) 2019-02-01T03:29:26.779+0000: 804932.784: [SoftReference, 0 refs, 0.0000319 secs]2019-02-01T03:29:26.779+0000: 804932.784: [WeakReference, 28 refs, 0.0000207 secs]2019-02-01T03:29:26.779+0000: 804932.784: [FinalReference, 317 refs, 0.0001399 secs]2019-02-01T03:29:26.779+0000: 804932.785: [PhantomReference, 0 refs, 0 refs, 0.0000148 secs]2019-02-01T03:29:26.779+0000: 804932.785: [JNI Weak Reference, 0.0000283 secs]
Desired survivor size 6815744 bytes, new threshold 4 (max 15)
[PSYoungGen: 65092K->5132K(64000K)] 730416K->670456K(753152K), 0.0137345 secs] [Times: user=0.20 sys=0.00, real=0.01 secs] 
2019-02-01T03:29:26.783+0000: 804932.789: Total time for which application threads were stopped: 0.0170656 seconds, Stopping threads took: 0.0000670 seconds
2019-02-01T03:29:28.561+0000: 804934.567: Application time: 1.7779165 seconds
2019-02-01T03:29:28.565+0000: 804934.570: [GC (Allocation Failure) 2019-02-01T03:29:28.571+0000: 804934.577: [SoftReference, 0 refs, 0.0000318 secs]2019-02-01T03:29:28.571+0000: 804934.577: [WeakReference, 20 refs, 0.0000186 secs]2019-02-01T03:29:28.571+0000: 804934.577: [FinalReference, 445 refs, 0.0001969 secs]2019-02-01T03:29:28.571+0000: 804934.577: [PhantomReference, 0 refs, 0 refs, 0.0000150 secs]2019-02-01T03:29:28.571+0000: 804934.577: [JNI Weak Reference, 0.0000285 secs]
Desired survivor size 7864320 bytes, new threshold 3 (max 15)
[PSYoungGen: 63500K->6645K(64000K)] 728824K->672065K(753152K), 0.0110254 secs] [Times: user=0.12 sys=0.00, real=0.01 secs] 
2019-02-01T03:29:28.576+0000: 804934.581: Total time for which application threads were stopped: 0.0145287 seconds, Stopping threads took: 0.0000545 seconds
2019-02-01T03:29:31.118+0000: 804937.123: Application time: 2.5418607 seconds
2019-02-01T03:29:31.121+0000: 804937.127: [GC (Allocation Failure) 2019-02-01T03:29:31.130+0000: 804937.136: [SoftReference, 0 refs, 0.0000319 secs]2019-02-01T03:29:31.130+0000: 804937.136: [WeakReference, 29 refs, 0.0000201 secs]2019-02-01T03:29:31.130+0000: 804937.136: [FinalReference, 362 refs, 0.0001471 secs]2019-02-01T03:29:31.130+0000: 804937.136: [PhantomReference, 0 refs, 0 refs, 0.0000148 secs]2019-02-01T03:29:31.130+0000: 804937.136: [JNI Weak Reference, 0.0000382 secs]
Desired survivor size 8388608 bytes, new threshold 3 (max 15)
[PSYoungGen: 63989K->6321K(62976K)] 729409K->673585K(752128K), 0.0138996 secs] [Times: user=0.21 sys=0.01, real=0.01 secs] 
2019-02-01T03:29:31.135+0000: 804937.141: Total time for which application threads were stopped: 0.0173425 seconds, Stopping threads took: 0.0000515 seconds
2019-02-01T03:29:34.364+0000: 804940.369: Application time: 3.2287137 seconds
2019-02-01T03:29:34.367+0000: 804940.372: [GC (Allocation Failure) 2019-02-01T03:29:34.371+0000: 804940.377: [SoftReference, 0 refs, 0.0000436 secs]2019-02-01T03:29:34.371+0000: 804940.377: [WeakReference, 10 refs, 0.0000241 secs]2019-02-01T03:29:34.371+0000: 804940.377: [FinalReference, 310 refs, 0.0001921 secs]2019-02-01T03:29:34.371+0000: 804940.377: [PhantomReference, 0 refs, 0 refs, 0.0000141 secs]2019-02-01T03:29:34.371+0000: 804940.377: [JNI Weak Reference, 0.0000208 secs]
Desired survivor size 7864320 bytes, new threshold 3 (max 15)
[PSYoungGen: 62641K->4862K(60416K)] 729905K->672940K(749568K), 0.0074368 secs] [Times: user=0.08 sys=0.00, real=0.00 secs] 
2019-02-01T03:29:34.374+0000: 804940.380: Total time for which application threads were stopped: 0.0105867 seconds, Stopping threads took: 0.0000478 seconds
2019-02-01T03:29:36.468+0000: 804942.474: Application time: 2.0937044 seconds
2019-02-01T03:29:36.471+0000: 804942.477: Total time for which application threads were stopped: 0.0032016 seconds, Stopping threads took: 0.0000830 seconds
2019-02-01T03:29:36.471+0000: 804942.477: Application time: 0.0001341 seconds
2019-02-01T03:29:36.473+0000: 804942.479: [GC (GCLocker Initiated GC) 2019-02-01T03:29:36.482+0000: 804942.488: [SoftReference, 0 refs, 0.0000205 secs]2019-02-01T03:29:36.482+0000: 804942.488: [WeakReference, 22 refs, 0.0000180 secs]2019-02-01T03:29:36.482+0000: 804942.488: [FinalReference, 409 refs, 0.0001827 secs]2019-02-01T03:29:36.483+0000: 804942.488: [PhantomReference, 0 refs, 0 refs, 0.0000145 secs]2019-02-01T03:29:36.483+0000: 804942.488: [JNI Weak Reference, 0.0000231 secs]
Desired survivor size 8388608 bytes, new threshold 3 (max 15)
[PSYoungGen: 60158K->6212K(61952K)] 728236K->675667K(751104K), 0.0128210 secs] [Times: user=0.22 sys=0.00, real=0.01 secs] 
2019-02-01T03:29:36.486+0000: 804942.492: Total time for which application threads were stopped: 0.0149130 seconds, Stopping threads took: 0.0000371 seconds
2019-02-01T03:29:39.349+0000: 804945.355: Application time: 2.8627594 seconds
2019-02-01T03:29:39.352+0000: 804945.358: Total time for which application threads were stopped: 0.0031340 seconds, Stopping threads took: 0.0000562 seconds
2019-02-01T03:29:39.352+0000: 804945.358: Application time: 0.0001073 seconds
2019-02-01T03:29:39.354+0000: 804945.360: [GC (GCLocker Initiated GC) 2019-02-01T03:29:39.360+0000: 804945.366: [SoftReference, 0 refs, 0.0000332 secs]2019-02-01T03:29:39.360+0000: 804945.366: [WeakReference, 33 refs, 0.0000304 secs]2019-02-01T03:29:39.360+0000: 804945.366: [FinalReference, 305 refs, 0.0001338 secs]2019-02-01T03:29:39.361+0000: 804945.366: [PhantomReference, 0 refs, 0 refs, 0.0000145 secs]2019-02-01T03:29:39.361+0000: 804945.366: [JNI Weak Reference, 0.0000231 secs]
Desired survivor size 7864320 bytes, new threshold 3 (max 15)
[PSYoungGen: 60484K->4464K(57856K)] 729996K->675122K(747008K), 0.0100980 secs] [Times: user=0.14 sys=0.00, real=0.01 secs] 
2019-02-01T03:29:39.364+0000: 804945.370: Total time for which application threads were stopped: 0.0122020 seconds, Stopping threads took: 0.0000570 seconds
2019-02-01T03:29:42.205+0000: 804948.211: Application time: 2.8407507 seconds
2019-02-01T03:29:42.209+0000: 804948.214: [GC (Allocation Failure) 2019-02-01T03:29:42.217+0000: 804948.222: [SoftReference, 0 refs, 0.0000325 secs]2019-02-01T03:29:42.217+0000: 804948.223: [WeakReference, 5 refs, 0.0000149 secs]2019-02-01T03:29:42.217+0000: 804948.223: [FinalReference, 384 refs, 0.0001865 secs]2019-02-01T03:29:42.217+0000: 804948.223: [PhantomReference, 0 refs, 0 refs, 0.0000147 secs]2019-02-01T03:29:42.217+0000: 804948.223: [JNI Weak Reference, 0.0000293 secs]
Desired survivor size 7864320 bytes, new threshold 3 (max 15)
[PSYoungGen: 57712K->3447K(58880K)] 728373K->674897K(748032K), 0.0132136 secs] [Times: user=0.20 sys=0.01, real=0.01 secs] 
2019-02-01T03:29:42.222+0000: 804948.228: Total time for which application threads were stopped: 0.0167066 seconds, Stopping threads took: 0.0001067 seconds
2019-02-01T03:29:44.469+0000: 804950.475: Application time: 2.2473972 seconds
2019-02-01T03:29:44.472+0000: 804950.478: [GC (Allocation Failure) 2019-02-01T03:29:44.477+0000: 804950.483: [SoftReference, 0 refs, 0.0000330 secs]2019-02-01T03:29:44.477+0000: 804950.483: [WeakReference, 7 refs, 0.0000160 secs]2019-02-01T03:29:44.477+0000: 804950.483: [FinalReference, 347 refs, 0.0001739 secs]2019-02-01T03:29:44.477+0000: 804950.483: [PhantomReference, 0 refs, 0 refs, 0.0000146 secs]2019-02-01T03:29:44.477+0000: 804950.483: [JNI Weak Reference, 0.0000292 secs]
Desired survivor size 7864320 bytes, new threshold 3 (max 15)
[PSYoungGen: 55671K->3284K(54784K)] 727121K->675485K(743936K), 0.0096636 secs] [Times: user=0.09 sys=0.00, real=0.01 secs] 
2019-02-01T03:29:44.482+0000: 804950.488: Total time for which application threads were stopped: 0.0129938 seconds, Stopping threads took: 0.0000562 seconds
2019-02-01T03:29:45.733+0000: 804951.739: Application time: 1.2506000 seconds
2019-02-01T03:29:45.736+0000: 804951.742: [GC (Allocation Failure) 2019-02-01T03:29:45.740+0000: 804951.746: [SoftReference, 0 refs, 0.0000323 secs]2019-02-01T03:29:45.740+0000: 804951.746: [WeakReference, 16 refs, 0.0000175 secs]2019-02-01T03:29:45.740+0000: 804951.746: [FinalReference, 448 refs, 0.0001674 secs]2019-02-01T03:29:45.740+0000: 804951.746: [PhantomReference, 0 refs, 0 refs, 0.0000150 secs]2019-02-01T03:29:45.740+0000: 804951.746: [JNI Weak Reference, 0.0000289 secs]
Desired survivor size 7864320 bytes, new threshold 2 (max 15)
[PSYoungGen: 54484K->5700K(56832K)] 726685K->678516K(745984K), 0.0087344 secs] [Times: user=0.07 sys=0.01, real=0.01 secs] 
2019-02-01T03:29:45.745+0000: 804951.751: Total time for which application threads were stopped: 0.0119399 seconds, Stopping threads took: 0.0000476 seconds
2019-02-01T03:29:47.629+0000: 804953.635: Application time: 1.8847163 seconds
2019-02-01T03:29:47.633+0000: 804953.638: [GC (Allocation Failure) 2019-02-01T03:29:47.640+0000: 804953.646: [SoftReference, 0 refs, 0.0000320 secs]2019-02-01T03:29:47.640+0000: 804953.646: [WeakReference, 5 refs, 0.0000143 secs]2019-02-01T03:29:47.640+0000: 804953.646: [FinalReference, 351 refs, 0.0001684 secs]2019-02-01T03:29:47.640+0000: 804953.646: [PhantomReference, 0 refs, 0 refs, 0.0000144 secs]2019-02-01T03:29:47.640+0000: 804953.646: [JNI Weak Reference, 0.0000285 secs]
Desired survivor size 8388608 bytes, new threshold 1 (max 15)
[PSYoungGen: 55876K->2113K(51712K)] 728692K->675751K(740864K), 0.0120166 secs] [Times: user=0.19 sys=0.00, real=0.01 secs] 
2019-02-01T03:29:47.645+0000: 804953.650: Total time for which application threads were stopped: 0.0151460 seconds, Stopping threads took: 0.0000539 seconds
2019-02-01T03:29:48.706+0000: 804954.712: Application time: 1.0615763 seconds
2019-02-01T03:29:48.709+0000: 804954.715: Total time for which application threads were stopped: 0.0031030 seconds, Stopping threads took: 0.0000608 seconds
2019-02-01T03:29:50.321+0000: 804956.327: Application time: 1.6114250 seconds
2019-02-01T03:29:50.324+0000: 804956.330: [GC (Allocation Failure) 2019-02-01T03:29:50.328+0000: 804956.334: [SoftReference, 0 refs, 0.0000325 secs]2019-02-01T03:29:50.328+0000: 804956.334: [WeakReference, 9 refs, 0.0000156 secs]2019-02-01T03:29:50.328+0000: 804956.334: [FinalReference, 338 refs, 0.0001705 secs]2019-02-01T03:29:50.329+0000: 804956.334: [PhantomReference, 0 refs, 0 refs, 0.0000146 secs]2019-02-01T03:29:50.329+0000: 804956.334: [JNI Weak Reference, 0.0000289 secs]
Desired survivor size 7864320 bytes, new threshold 1 (max 15)
[PSYoungGen: 51265K->2695K(54272K)] 724903K->677565K(743424K), 0.0088823 secs] [Times: user=0.08 sys=0.00, real=0.01 secs] 
2019-02-01T03:29:50.333+0000: 804956.339: Total time for which application threads were stopped: 0.0121336 seconds, Stopping threads took: 0.0000588 seconds
2019-02-01T03:29:52.152+0000: 804958.158: Application time: 1.8189674 seconds
2019-02-01T03:29:52.155+0000: 804958.161: Total time for which application threads were stopped: 0.0032640 seconds, Stopping threads took: 0.0000907 seconds
2019-02-01T03:29:52.155+0000: 804958.161: Application time: 0.0002724 seconds
2019-02-01T03:29:52.158+0000: 804958.163: [GC (GCLocker Initiated GC) 2019-02-01T03:29:52.161+0000: 804958.167: [SoftReference, 0 refs, 0.0000324 secs]2019-02-01T03:29:52.161+0000: 804958.167: [WeakReference, 7 refs, 0.0000157 secs]2019-02-01T03:29:52.161+0000: 804958.167: [FinalReference, 309 refs, 0.0001606 secs]2019-02-01T03:29:52.162+0000: 804958.167: [PhantomReference, 0 refs, 0 refs, 0.0000145 secs]2019-02-01T03:29:52.162+0000: 804958.167: [JNI Weak Reference, 0.0000290 secs]
Desired survivor size 7864320 bytes, new threshold 1 (max 15)
[PSYoungGen: 50823K->3126K(50688K)] 725698K->678770K(739840K), 0.0089312 secs] [Times: user=0.07 sys=0.00, real=0.01 secs] 
2019-02-01T03:29:52.167+0000: 804958.172: Total time for which application threads were stopped: 0.0111164 seconds, Stopping threads took: 0.0000639 seconds
2019-02-01T03:29:53.755+0000: 804959.761: Application time: 1.5886397 seconds
2019-02-01T03:29:53.758+0000: 804959.764: [GC (Allocation Failure) 2019-02-01T03:29:53.766+0000: 804959.772: [SoftReference, 0 refs, 0.0000288 secs]2019-02-01T03:29:53.766+0000: 804959.772: [WeakReference, 9 refs, 0.0000144 secs]2019-02-01T03:29:53.766+0000: 804959.772: [FinalReference, 376 refs, 0.0001404 secs]2019-02-01T03:29:53.767+0000: 804959.772: [PhantomReference, 0 refs, 0 refs, 0.0000140 secs]2019-02-01T03:29:53.767+0000: 804959.772: [JNI Weak Reference, 0.0000224 secs]
Desired survivor size 7864320 bytes, new threshold 1 (max 15)
[PSYoungGen: 50230K->2026K(52736K)] 725877K->679176K(741888K), 0.0121002 secs] [Times: user=0.22 sys=0.00, real=0.02 secs] 
2019-02-01T03:29:53.770+0000: 804959.776: Total time for which application threads were stopped: 0.0153019 seconds, Stopping threads took: 0.0000503 seconds
2019-02-01T03:29:56.243+0000: 804962.249: Application time: 2.4725892 seconds
2019-02-01T03:29:56.246+0000: 804962.252: [GC (Allocation Failure) 2019-02-01T03:29:56.251+0000: 804962.257: [SoftReference, 0 refs, 0.0000333 secs]2019-02-01T03:29:56.251+0000: 804962.257: [WeakReference, 25 refs, 0.0000194 secs]2019-02-01T03:29:56.251+0000: 804962.257: [FinalReference, 213 refs, 0.0001214 secs]2019-02-01T03:29:56.251+0000: 804962.257: [PhantomReference, 0 refs, 0 refs, 0.0000145 secs]2019-02-01T03:29:56.251+0000: 804962.257: [JNI Weak Reference, 0.0000288 secs]
Desired survivor size 7340032 bytes, new threshold 1 (max 15)
[PSYoungGen: 48106K->3872K(49152K)] 725256K->681865K(738304K), 0.0094399 secs] [Times: user=0.09 sys=0.00, real=0.01 secs] 
2019-02-01T03:29:56.256+0000: 804962.262: Total time for which application threads were stopped: 0.0128592 seconds, Stopping threads took: 0.0000656 seconds
2019-02-01T03:29:56.974+0000: 804962.980: Application time: 0.7178952 seconds
2019-02-01T03:29:56.977+0000: 804962.983: Total time for which application threads were stopped: 0.0032078 seconds, Stopping threads took: 0.0000859 seconds
2019-02-01T03:29:57.077+0000: 804963.083: Application time: 0.1000815 seconds
2019-02-01T03:29:57.080+0000: 804963.086: Total time for which application threads were stopped: 0.0030010 seconds, Stopping threads took: 0.0000341 seconds
2019-02-01T03:29:57.111+0000: 804963.116: Application time: 0.0305105 seconds
2019-02-01T03:29:57.113+0000: 804963.119: Total time for which application threads were stopped: 0.0024619 seconds, Stopping threads took: 0.0000325 seconds
2019-02-01T03:29:57.124+0000: 804963.129: Application time: 0.0104812 seconds
2019-02-01T03:29:57.126+0000: 804963.131: Total time for which application threads were stopped: 0.0019516 seconds, Stopping threads took: 0.0000545 seconds
2019-02-01T03:29:57.136+0000: 804963.142: Application time: 0.0104300 seconds
2019-02-01T03:29:57.138+0000: 804963.144: Total time for which application threads were stopped: 0.0019621 seconds, Stopping threads took: 0.0000378 seconds
2019-02-01T03:29:57.148+0000: 804963.154: Application time: 0.0104101 seconds
2019-02-01T03:29:57.150+0000: 804963.156: Total time for which application threads were stopped: 0.0019191 seconds, Stopping threads took: 0.0000748 seconds
2019-02-01T03:29:57.152+0000: 804963.158: Application time: 0.0017976 seconds
2019-02-01T03:29:57.154+0000: 804963.160: Total time for which application threads were stopped: 0.0016942 seconds, Stopping threads took: 0.0000214 seconds
2019-02-01T03:29:57.353+0000: 804963.359: Application time: 0.1990825 seconds
2019-02-01T03:29:57.356+0000: 804963.362: Total time for which application threads were stopped: 0.0031894 seconds, Stopping threads took: 0.0000648 seconds
2019-02-01T03:29:57.367+0000: 804963.372: Application time: 0.0105063 seconds
2019-02-01T03:29:57.369+0000: 804963.375: Total time for which application threads were stopped: 0.0022827 seconds, Stopping threads took: 0.0000642 seconds
2019-02-01T03:29:57.379+0000: 804963.385: Application time: 0.0104182 seconds
2019-02-01T03:29:57.381+0000: 804963.387: Total time for which application threads were stopped: 0.0020134 seconds, Stopping threads took: 0.0000466 seconds
2019-02-01T03:29:57.391+0000: 804963.397: Application time: 0.0099954 seconds
2019-02-01T03:29:57.393+0000: 804963.399: Total time for which application threads were stopped: 0.0019891 seconds, Stopping threads took: 0.0000608 seconds
2019-02-01T03:29:57.770+0000: 804963.776: Application time: 0.3765657 seconds
2019-02-01T03:29:57.773+0000: 804963.779: [GC (Allocation Failure) 2019-02-01T03:29:57.778+0000: 804963.784: [SoftReference, 0 refs, 0.0000323 secs]2019-02-01T03:29:57.778+0000: 804963.784: [WeakReference, 49 refs, 0.0000272 secs]2019-02-01T03:29:57.778+0000: 804963.784: [FinalReference, 301 refs, 0.0001300 secs]2019-02-01T03:29:57.779+0000: 804963.784: [PhantomReference, 0 refs, 0 refs, 0.0000144 secs]2019-02-01T03:29:57.779+0000: 804963.784: [JNI Weak Reference, 0.0000226 secs]
Desired survivor size 7340032 bytes, new threshold 1 (max 15)
[PSYoungGen: 48928K->4668K(50176K)] 726921K->683522K(739328K), 0.0091704 secs] [Times: user=0.10 sys=0.00, real=0.01 secs] 
2019-02-01T03:29:57.782+0000: 804963.788: Total time for which application threads were stopped: 0.0125375 seconds, Stopping threads took: 0.0000556 seconds
2019-02-01T03:29:57.783+0000: 804963.788: Application time: 0.0001592 seconds
2019-02-01T03:29:57.785+0000: 804963.791: Total time for which application threads were stopped: 0.0026839 seconds, Stopping threads took: 0.0000962 seconds
2019-02-01T03:29:57.867+0000: 804963.872: Application time: 0.0814105 seconds
2019-02-01T03:29:57.870+0000: 804963.876: Total time for which application threads were stopped: 0.0032140 seconds, Stopping threads took: 0.0000871 seconds
2019-02-01T03:29:57.880+0000: 804963.886: Application time: 0.0103938 seconds
2019-02-01T03:29:57.883+0000: 804963.888: Total time for which application threads were stopped: 0.0022608 seconds, Stopping threads took: 0.0000775 seconds
2019-02-01T03:29:57.883+0000: 804963.889: Application time: 0.0001773 seconds
2019-02-01T03:29:57.885+0000: 804963.890: Total time for which application threads were stopped: 0.0019307 seconds, Stopping threads took: 0.0001241 seconds
2019-02-01T03:29:57.935+0000: 804963.941: Application time: 0.0507311 seconds
2019-02-01T03:29:57.938+0000: 804963.944: Total time for which application threads were stopped: 0.0023757 seconds, Stopping threads took: 0.0000536 seconds
2019-02-01T03:29:59.022+0000: 804965.028: Application time: 1.0841202 seconds
2019-02-01T03:29:59.025+0000: 804965.031: Total time for which application threads were stopped: 0.0031975 seconds, Stopping threads took: 0.0000552 seconds
2019-02-01T03:29:59.030+0000: 804965.035: Application time: 0.0044579 seconds
2019-02-01T03:29:59.032+0000: 804965.038: Total time for which application threads were stopped: 0.0021606 seconds, Stopping threads took: 0.0000393 seconds
2019-02-01T03:29:59.325+0000: 804965.331: Application time: 0.2934504 seconds
2019-02-01T03:29:59.329+0000: 804965.335: Total time for which application threads were stopped: 0.0038349 seconds, Stopping threads took: 0.0000554 seconds
2019-02-01T03:29:59.586+0000: 804965.592: Application time: 0.2573782 seconds
2019-02-01T03:29:59.590+0000: 804965.596: [GC (Allocation Failure) 2019-02-01T03:29:59.596+0000: 804965.601: [SoftReference, 0 refs, 0.0000334 secs]2019-02-01T03:29:59.596+0000: 804965.601: [WeakReference, 43 refs, 0.0000227 secs]2019-02-01T03:29:59.596+0000: 804965.601: [FinalReference, 278 refs, 0.0001554 secs]2019-02-01T03:29:59.596+0000: 804965.602: [PhantomReference, 0 refs, 0 refs, 0.0000148 secs]2019-02-01T03:29:59.596+0000: 804965.602: [JNI Weak Reference, 0.0000242 secs]
Desired survivor size 7864320 bytes, new threshold 1 (max 15)
[PSYoungGen: 48700K->5168K(50688K)] 727554K->685268K(739840K), 0.0090793 secs] [Times: user=0.11 sys=0.00, real=0.01 secs] 
2019-02-01T03:29:59.600+0000: 804965.605: Total time for which application threads were stopped: 0.0131187 seconds, Stopping threads took: 0.0000543 seconds
2019-02-01T03:30:00.000+0000: 804966.006: Application time: 0.4009398 seconds
2019-02-01T03:30:00.004+0000: 804966.010: Total time for which application threads were stopped: 0.0038018 seconds, Stopping threads took: 0.0000667 seconds
2019-02-01T03:30:00.004+0000: 804966.010: Application time: 0.0000933 seconds
2019-02-01T03:30:00.007+0000: 804966.012: Total time for which application threads were stopped: 0.0022945 seconds, Stopping threads took: 0.0000825 seconds
2019-02-01T03:30:00.868+0000: 804966.874: Application time: 0.8615880 seconds
2019-02-01T03:30:00.872+0000: 804966.878: [GC (Allocation Failure) 2019-02-01T03:30:00.877+0000: 804966.882: [SoftReference, 0 refs, 0.0000359 secs]2019-02-01T03:30:00.877+0000: 804966.882: [WeakReference, 13 refs, 0.0000176 secs]2019-02-01T03:30:00.877+0000: 804966.882: [FinalReference, 350 refs, 0.0001959 secs]2019-02-01T03:30:00.877+0000: 804966.883: [PhantomReference, 0 refs, 0 refs, 0.0000088 secs]2019-02-01T03:30:00.877+0000: 804966.883: [JNI Weak Reference, 0.0000245 secs]
Desired survivor size 7864320 bytes, new threshold 1 (max 15)
[PSYoungGen: 48688K->4954K(50176K)] 728788K->686481K(739328K), 0.0075318 secs] [Times: user=0.09 sys=0.00, real=0.00 secs] 
2019-02-01T03:30:00.880+0000: 804966.886: Total time for which application threads were stopped: 0.0116589 seconds, Stopping threads took: 0.0000716 seconds
2019-02-01T03:30:01.906+0000: 804967.912: Application time: 1.0260315 seconds
2019-02-01T03:30:01.910+0000: 804967.916: Total time for which application threads were stopped: 0.0038741 seconds, Stopping threads took: 0.0000781 seconds
2019-02-01T03:30:02.853+0000: 804968.859: Application time: 0.9434602 seconds
2019-02-01T03:30:02.856+0000: 804968.862: [GC (Allocation Failure) 2019-02-01T03:30:02.862+0000: 804968.868: [SoftReference, 0 refs, 0.0000323 secs]2019-02-01T03:30:02.862+0000: 804968.868: [WeakReference, 17 refs, 0.0000172 secs]2019-02-01T03:30:02.863+0000: 804968.868: [FinalReference, 220 refs, 0.0000851 secs]2019-02-01T03:30:02.863+0000: 804968.868: [PhantomReference, 0 refs, 0 refs, 0.0000144 secs]2019-02-01T03:30:02.863+0000: 804968.868: [JNI Weak Reference, 0.0000327 secs]
Desired survivor size 7864320 bytes, new threshold 1 (max 15)
[PSYoungGen: 47960K->2535K(45056K)] 729487K->685257K(734208K), 0.0108811 secs] [Times: user=0.13 sys=0.00, real=0.01 secs] 
2019-02-01T03:30:02.867+0000: 804968.873: Total time for which application threads were stopped: 0.0141268 seconds, Stopping threads took: 0.0000700 seconds
2019-02-01T03:30:04.551+0000: 804970.557: Application time: 1.6838846 seconds
2019-02-01T03:30:04.555+0000: 804970.561: [GC (Allocation Failure) 2019-02-01T03:30:04.561+0000: 804970.566: [SoftReference, 0 refs, 0.0000331 secs]2019-02-01T03:30:04.561+0000: 804970.567: [WeakReference, 25 refs, 0.0000206 secs]2019-02-01T03:30:04.561+0000: 804970.567: [FinalReference, 307 refs, 0.0001581 secs]2019-02-01T03:30:04.561+0000: 804970.567: [PhantomReference, 0 refs, 0 refs, 0.0000149 secs]2019-02-01T03:30:04.561+0000: 804970.567: [JNI Weak Reference, 0.0000305 secs]
Desired survivor size 7340032 bytes, new threshold 1 (max 15)
[PSYoungGen: 45031K->3026K(48128K)] 727753K->687129K(737280K), 0.0103823 secs] [Times: user=0.08 sys=0.00, real=0.01 secs] 
2019-02-01T03:30:04.566+0000: 804970.572: Total time for which application threads were stopped: 0.0145916 seconds, Stopping threads took: 0.0001095 seconds
2019-02-01T03:30:05.543+0000: 804971.548: Application time: 0.9768064 seconds
2019-02-01T03:30:05.547+0000: 804971.553: [GC (Allocation Failure) 2019-02-01T03:30:05.552+0000: 804971.558: [SoftReference, 0 refs, 0.0000348 secs]2019-02-01T03:30:05.552+0000: 804971.558: [WeakReference, 12 refs, 0.0000170 secs]2019-02-01T03:30:05.552+0000: 804971.558: [FinalReference, 322 refs, 0.0002008 secs]2019-02-01T03:30:05.552+0000: 804971.558: [PhantomReference, 0 refs, 0 refs, 0.0000149 secs]2019-02-01T03:30:05.552+0000: 804971.558: [JNI Weak Reference, 0.0000318 secs]
Desired survivor size 7340032 bytes, new threshold 1 (max 15)
[PSYoungGen: 45010K->3036K(49152K)] 729113K->688268K(738304K), 0.0106784 secs] [Times: user=0.08 sys=0.01, real=0.01 secs] 
2019-02-01T03:30:05.558+0000: 804971.563: Total time for which application threads were stopped: 0.0148704 seconds, Stopping threads took: 0.0000704 seconds
2019-02-01T03:30:07.244+0000: 804973.250: Application time: 1.6864500 seconds
2019-02-01T03:30:07.248+0000: 804973.253: [GC (Allocation Failure) 2019-02-01T03:30:07.256+0000: 804973.262: [SoftReference, 0 refs, 0.0000341 secs]2019-02-01T03:30:07.256+0000: 804973.262: [WeakReference, 9 refs, 0.0000160 secs]2019-02-01T03:30:07.256+0000: 804973.262: [FinalReference, 261 refs, 0.0001611 secs]2019-02-01T03:30:07.256+0000: 804973.262: [PhantomReference, 0 refs, 0 refs, 0.0000151 secs]2019-02-01T03:30:07.256+0000: 804973.262: [JNI Weak Reference, 0.0000239 secs]
Desired survivor size 6815744 bytes, new threshold 1 (max 15)
[PSYoungGen: 45020K->3430K(53760K)] 730252K->689368K(742912K), 0.0125158 secs] [Times: user=0.20 sys=0.01, real=0.01 secs] 
2019-02-01T03:30:07.260+0000: 804973.266: Total time for which application threads were stopped: 0.0161615 seconds, Stopping threads took: 0.0000580 seconds
2019-02-01T03:30:09.028+0000: 804975.034: Application time: 1.7680248 seconds
2019-02-01T03:30:09.032+0000: 804975.038: [GC (Allocation Failure) 2019-02-01T03:30:09.038+0000: 804975.044: [SoftReference, 0 refs, 0.0000228 secs]2019-02-01T03:30:09.038+0000: 804975.044: [WeakReference, 9 refs, 0.0000097 secs]2019-02-01T03:30:09.038+0000: 804975.044: [FinalReference, 346 refs, 0.0001648 secs]2019-02-01T03:30:09.038+0000: 804975.044: [PhantomReference, 0 refs, 0 refs, 0.0000087 secs]2019-02-01T03:30:09.038+0000: 804975.044: [JNI Weak Reference, 0.0000213 secs]
Desired survivor size 6815744 bytes, new threshold 1 (max 15)
[PSYoungGen: 51046K->3210K(54272K)] 736984K->690151K(743424K), 0.0086747 secs] [Times: user=0.12 sys=0.01, real=0.00 secs] 
2019-02-01T03:30:09.041+0000: 804975.047: Total time for which application threads were stopped: 0.0127218 seconds, Stopping threads took: 0.0000682 seconds
2019-02-01T03:30:10.600+0000: 804976.606: Application time: 1.5595229 seconds
2019-02-01T03:30:10.605+0000: 804976.610: [GC (Allocation Failure) 2019-02-01T03:30:10.615+0000: 804976.621: [SoftReference, 0 refs, 0.0000350 secs]2019-02-01T03:30:10.615+0000: 804976.621: [WeakReference, 5 refs, 0.0000153 secs]2019-02-01T03:30:10.615+0000: 804976.621: [FinalReference, 369 refs, 0.0002596 secs]2019-02-01T03:30:10.615+0000: 804976.621: [PhantomReference, 0 refs, 0 refs, 0.0000151 secs]2019-02-01T03:30:10.615+0000: 804976.621: [JNI Weak Reference, 0.0000312 secs]
Desired survivor size 6815744 bytes, new threshold 1 (max 15)
[PSYoungGen: 50826K->2662K(60416K)] 737767K->690336K(749568K), 0.0158286 secs] [Times: user=0.25 sys=0.01, real=0.01 secs] 
2019-02-01T03:30:10.621+0000: 804976.626: [Full GC (Ergonomics) 2019-02-01T03:30:10.668+0000: 804976.674: [SoftReference, 128 refs, 0.0001139 secs]2019-02-01T03:30:10.668+0000: 804976.674: [WeakReference, 2070 refs, 0.0004850 secs]2019-02-01T03:30:10.669+0000: 804976.675: [FinalReference, 1232 refs, 0.0009386 secs]2019-02-01T03:30:10.670+0000: 804976.676: [PhantomReference, 0 refs, 105 refs, 0.0000300 secs]2019-02-01T03:30:10.670+0000: 804976.676: [JNI Weak Reference, 0.0000239 secs][PSYoungGen: 2662K->0K(60416K)] [ParOldGen: 687674K->632348K(691712K)] 690336K->632348K(752128K), [Metaspace: 75215K->75215K(1118208K)], 0.1633352 secs] [Times: user=2.55 sys=0.00, real=0.17 secs] 
2019-02-01T03:30:10.784+0000: 804976.790: Total time for which application threads were stopped: 0.1835336 seconds, Stopping threads took: 0.0000637 seconds
2019-02-01T03:30:13.044+0000: 804979.050: Application time: 2.2604514 seconds
2019-02-01T03:30:13.049+0000: 804979.054: [GC (Allocation Failure) 2019-02-01T03:30:13.054+0000: 804979.060: [SoftReference, 0 refs, 0.0000344 secs]2019-02-01T03:30:13.054+0000: 804979.060: [WeakReference, 14 refs, 0.0000179 secs]2019-02-01T03:30:13.054+0000: 804979.060: [FinalReference, 310 refs, 0.0001640 secs]2019-02-01T03:30:13.054+0000: 804979.060: [PhantomReference, 0 refs, 0 refs, 0.0000146 secs]2019-02-01T03:30:13.054+0000: 804979.060: [JNI Weak Reference, 0.0000236 secs]
Desired survivor size 6815744 bytes, new threshold 1 (max 15)
[PSYoungGen: 53760K->4584K(57344K)] 686108K->636932K(749056K), 0.0092849 secs] [Times: user=0.12 sys=0.01, real=0.01 secs] 
2019-02-01T03:30:13.058+0000: 804979.064: Total time for which application threads were stopped: 0.0135395 seconds, Stopping threads took: 0.0000674 seconds
2019-02-01T03:30:14.571+0000: 804980.577: Application time: 1.5127710 seconds
2019-02-01T03:30:14.575+0000: 804980.581: [GC (Allocation Failure) 2019-02-01T03:30:14.581+0000: 804980.586: [SoftReference, 0 refs, 0.0000346 secs]2019-02-01T03:30:14.581+0000: 804980.586: [WeakReference, 7 refs, 0.0000168 secs]2019-02-01T03:30:14.581+0000: 804980.586: [FinalReference, 326 refs, 0.0001649 secs]2019-02-01T03:30:14.581+0000: 804980.587: [PhantomReference, 0 refs, 0 refs, 0.0000154 secs]2019-02-01T03:30:14.581+0000: 804980.587: [JNI Weak Reference, 0.0000253 secs]
Desired survivor size 6815744 bytes, new threshold 1 (max 15)
[PSYoungGen: 57320K->2182K(57344K)] 689668K->636053K(749056K), 0.0097224 secs] [Times: user=0.10 sys=0.01, real=0.01 secs] 
2019-02-01T03:30:14.585+0000: 804980.591: Total time for which application threads were stopped: 0.0139773 seconds, Stopping threads took: 0.0001046 seconds
2019-02-01T03:30:16.783+0000: 804982.788: Application time: 2.1977752 seconds
2019-02-01T03:30:16.787+0000: 804982.792: [GC (Allocation Failure) 2019-02-01T03:30:16.795+0000: 804982.800: [SoftReference, 0 refs, 0.0000575 secs]2019-02-01T03:30:16.795+0000: 804982.800: [WeakReference, 10 refs, 0.0000174 secs]2019-02-01T03:30:16.795+0000: 804982.801: [FinalReference, 433 refs, 0.0001991 secs]2019-02-01T03:30:16.795+0000: 804982.801: [PhantomReference, 0 refs, 0 refs, 0.0000151 secs]2019-02-01T03:30:16.795+0000: 804982.801: [JNI Weak Reference, 0.0000240 secs]
Desired survivor size 6815744 bytes, new threshold 1 (max 15)
[PSYoungGen: 53894K->2304K(53248K)] 687765K->637163K(744960K), 0.0121411 secs] [Times: user=0.20 sys=0.00, real=0.01 secs] 
2019-02-01T03:30:16.799+0000: 804982.805: Total time for which application threads were stopped: 0.0163559 seconds, Stopping threads took: 0.0000669 seconds
2019-02-01T03:30:18.443+0000: 804984.448: Application time: 1.6436857 seconds
2019-02-01T03:30:18.447+0000: 804984.453: Total time for which application threads were stopped: 0.0041260 seconds, Stopping threads took: 0.0001045 seconds
2019-02-01T03:30:18.447+0000: 804984.453: Application time: 0.0001595 seconds
2019-02-01T03:30:18.449+0000: 804984.455: [GC (GCLocker Initiated GC) 2019-02-01T03:30:18.455+0000: 804984.461: [SoftReference, 0 refs, 0.0000347 secs]2019-02-01T03:30:18.455+0000: 804984.461: [WeakReference, 6 refs, 0.0000156 secs]2019-02-01T03:30:18.455+0000: 804984.461: [FinalReference, 270 refs, 0.0001404 secs]2019-02-01T03:30:18.455+0000: 804984.461: [PhantomReference, 0 refs, 0 refs, 0.0000152 secs]2019-02-01T03:30:18.455+0000: 804984.461: [JNI Weak Reference, 0.0000315 secs]
Desired survivor size 6815744 bytes, new threshold 1 (max 15)
[PSYoungGen: 52992K->2908K(55296K)] 687857K->638439K(747008K), 0.0097366 secs] [Times: user=0.06 sys=0.01, real=0.01 secs] 
2019-02-01T03:30:18.459+0000: 804984.465: Total time for which application threads were stopped: 0.0122025 seconds, Stopping threads took: 0.0000878 seconds
2019-02-01T03:30:20.883+0000: 804986.889: Application time: 2.4243873 seconds
2019-02-01T03:30:20.888+0000: 804986.894: [GC (Allocation Failure) 2019-02-01T03:30:20.893+0000: 804986.899: [SoftReference, 0 refs, 0.0000354 secs]2019-02-01T03:30:20.893+0000: 804986.899: [WeakReference, 12 refs, 0.0000241 secs]2019-02-01T03:30:20.893+0000: 804986.899: [FinalReference, 286 refs, 0.0001530 secs]2019-02-01T03:30:20.894+0000: 804986.899: [PhantomReference, 0 refs, 0 refs, 0.0000152 secs]2019-02-01T03:30:20.894+0000: 804986.899: [JNI Weak Reference, 0.0000563 secs]
Desired survivor size 6291456 bytes, new threshold 1 (max 15)
[PSYoungGen: 52572K->3823K(52736K)] 688110K->640096K(744448K), 0.0112711 secs] [Times: user=0.10 sys=0.00, real=0.01 secs] 
2019-02-01T03:30:20.899+0000: 804986.905: Total time for which application threads were stopped: 0.0157066 seconds, Stopping threads took: 0.0000747 seconds
2019-02-01T03:30:22.196+0000: 804988.202: Application time: 1.2968892 seconds
2019-02-01T03:30:22.200+0000: 804988.206: [GC (Allocation Failure) 2019-02-01T03:30:22.205+0000: 804988.210: [SoftReference, 0 refs, 0.0000349 secs]2019-02-01T03:30:22.205+0000: 804988.210: [WeakReference, 19 refs, 0.0000197 secs]2019-02-01T03:30:22.205+0000: 804988.210: [FinalReference, 407 refs, 0.0002235 secs]2019-02-01T03:30:22.205+0000: 804988.211: [PhantomReference, 0 refs, 0 refs, 0.0000155 secs]2019-02-01T03:30:22.205+0000: 804988.211: [JNI Weak Reference, 0.0000251 secs]
Desired survivor size 6815744 bytes, new threshold 1 (max 15)
[PSYoungGen: 52463K->4621K(53760K)] 688736K->642592K(745472K), 0.0083604 secs] [Times: user=0.09 sys=0.00, real=0.01 secs] 
2019-02-01T03:30:22.209+0000: 804988.214: Total time for which application threads were stopped: 0.0125500 seconds, Stopping threads took: 0.0000703 seconds
2019-02-01T03:30:23.712+0000: 804989.718: Application time: 1.5038203 seconds
2019-02-01T03:30:23.717+0000: 804989.722: [GC (Allocation Failure) 2019-02-01T03:30:23.722+0000: 804989.728: [SoftReference, 0 refs, 0.0000380 secs]2019-02-01T03:30:23.722+0000: 804989.728: [WeakReference, 15 refs, 0.0000184 secs]2019-02-01T03:30:23.722+0000: 804989.728: [FinalReference, 358 refs, 0.0001657 secs]2019-02-01T03:30:23.723+0000: 804989.728: [PhantomReference, 0 refs, 0 refs, 0.0000147 secs]2019-02-01T03:30:23.723+0000: 804989.728: [JNI Weak Reference, 0.0000515 secs]
Desired survivor size 6291456 bytes, new threshold 1 (max 15)
[PSYoungGen: 52237K->2613K(49664K)] 690208K->642444K(741376K), 0.0102964 secs] [Times: user=0.12 sys=0.01, real=0.01 secs] 
2019-02-01T03:30:23.727+0000: 804989.733: Total time for which application threads were stopped: 0.0146168 seconds, Stopping threads took: 0.0000629 seconds
2019-02-01T03:30:26.296+0000: 804992.302: Application time: 2.5691796 seconds
2019-02-01T03:30:26.300+0000: 804992.306: [GC (Allocation Failure) 2019-02-01T03:30:26.307+0000: 804992.312: [SoftReference, 0 refs, 0.0000344 secs]2019-02-01T03:30:26.307+0000: 804992.312: [WeakReference, 16 refs, 0.0000196 secs]2019-02-01T03:30:26.307+0000: 804992.312: [FinalReference, 337 refs, 0.0002010 secs]2019-02-01T03:30:26.307+0000: 804992.313: [PhantomReference, 0 refs, 0 refs, 0.0000150 secs]2019-02-01T03:30:26.307+0000: 804992.313: [JNI Weak Reference, 0.0000242 secs]
Desired survivor size 6291456 bytes, new threshold 1 (max 15)
[PSYoungGen: 49205K->2398K(50688K)] 689036K->643419K(742400K), 0.0105932 secs] [Times: user=0.12 sys=0.00, real=0.01 secs] 
2019-02-01T03:30:26.311+0000: 804992.317: Total time for which application threads were stopped: 0.0148284 seconds, Stopping threads took: 0.0000652 seconds
2019-02-01T03:30:27.795+0000: 804993.801: Application time: 1.4838502 seconds
2019-02-01T03:30:27.799+0000: 804993.805: [GC (Allocation Failure) 2019-02-01T03:30:27.803+0000: 804993.809: [SoftReference, 0 refs, 0.0000353 secs]2019-02-01T03:30:27.803+0000: 804993.809: [WeakReference, 12 refs, 0.0000172 secs]2019-02-01T03:30:27.803+0000: 804993.809: [FinalReference, 361 refs, 0.0001960 secs]2019-02-01T03:30:27.803+0000: 804993.809: [PhantomReference, 0 refs, 0 refs, 0.0000149 secs]2019-02-01T03:30:27.803+0000: 804993.809: [JNI Weak Reference, 0.0000247 secs]
Desired survivor size 6291456 bytes, new threshold 1 (max 15)
[PSYoungGen: 47966K->2430K(47616K)] 688987K->644625K(739328K), 0.0083822 secs] [Times: user=0.07 sys=0.00, real=0.01 secs] 
2019-02-01T03:30:27.808+0000: 804993.813: Total time for which application threads were stopped: 0.0125291 seconds, Stopping threads took: 0.0000655 seconds
2019-02-01T03:30:30.169+0000: 804996.175: Application time: 2.3617906 seconds
2019-02-01T03:30:30.173+0000: 804996.179: [GC (Allocation Failure) 2019-02-01T03:30:30.180+0000: 804996.185: [SoftReference, 0 refs, 0.0000226 secs]2019-02-01T03:30:30.180+0000: 804996.185: [WeakReference, 17 refs, 0.0000120 secs]2019-02-01T03:30:30.180+0000: 804996.186: [FinalReference, 323 refs, 0.0001125 secs]2019-02-01T03:30:30.180+0000: 804996.186: [PhantomReference, 0 refs, 0 refs, 0.0000086 secs]2019-02-01T03:30:30.180+0000: 804996.186: [JNI Weak Reference, 0.0000240 secs]
Desired survivor size 6291456 bytes, new threshold 1 (max 15)
[PSYoungGen: 47486K->3027K(50176K)] 689681K->646140K(741888K), 0.0104371 secs] [Times: user=0.13 sys=0.00, real=0.01 secs] 
2019-02-01T03:30:30.184+0000: 804996.190: Total time for which application threads were stopped: 0.0144612 seconds, Stopping threads took: 0.0000743 seconds
2019-02-01T03:30:32.217+0000: 804998.223: Application time: 2.0330890 seconds
2019-02-01T03:30:32.221+0000: 804998.227: [GC (Allocation Failure) 2019-02-01T03:30:32.228+0000: 804998.234: [SoftReference, 0 refs, 0.0000349 secs]2019-02-01T03:30:32.228+0000: 804998.234: [WeakReference, 7 refs, 0.0000158 secs]2019-02-01T03:30:32.228+0000: 804998.234: [FinalReference, 303 refs, 0.0001644 secs]2019-02-01T03:30:32.228+0000: 804998.234: [PhantomReference, 0 refs, 0 refs, 0.0000086 secs]2019-02-01T03:30:32.228+0000: 804998.234: [JNI Weak Reference, 0.0000246 secs]
Desired survivor size 5767168 bytes, new threshold 1 (max 15)
[PSYoungGen: 47571K->2732K(47104K)] 690684K->647090K(738816K), 0.0105061 secs] [Times: user=0.14 sys=0.00, real=0.01 secs] 
2019-02-01T03:30:32.232+0000: 804998.238: Total time for which application threads were stopped: 0.0149474 seconds, Stopping threads took: 0.0001086 seconds
2019-02-01T03:30:33.855+0000: 804999.861: Application time: 1.6234845 seconds
2019-02-01T03:30:33.860+0000: 804999.865: [GC (Allocation Failure) 2019-02-01T03:30:33.866+0000: 804999.872: [SoftReference, 0 refs, 0.0000346 secs]2019-02-01T03:30:33.866+0000: 804999.872: [WeakReference, 15 refs, 0.0000183 secs]2019-02-01T03:30:33.866+0000: 804999.872: [FinalReference, 356 refs, 0.0002148 secs]2019-02-01T03:30:33.866+0000: 804999.872: [PhantomReference, 0 refs, 0 refs, 0.0000147 secs]2019-02-01T03:30:33.866+0000: 804999.872: [JNI Weak Reference, 0.0000317 secs]
Desired survivor size 5767168 bytes, new threshold 1 (max 15)
[PSYoungGen: 46764K->4057K(48640K)] 691122K->649474K(740352K), 0.0105559 secs] [Times: user=0.13 sys=0.00, real=0.01 secs] 
2019-02-01T03:30:33.870+0000: 804999.876: Total time for which application threads were stopped: 0.0148778 seconds, Stopping threads took: 0.0000681 seconds
2019-02-01T03:30:35.073+0000: 805001.079: Application time: 1.2025957 seconds
2019-02-01T03:30:35.077+0000: 805001.083: [GC (Allocation Failure) 2019-02-01T03:30:35.083+0000: 805001.089: [SoftReference, 0 refs, 0.0000419 secs]2019-02-01T03:30:35.083+0000: 805001.089: [WeakReference, 11 refs, 0.0000279 secs]2019-02-01T03:30:35.083+0000: 805001.089: [FinalReference, 354 refs, 0.0001555 secs]2019-02-01T03:30:35.083+0000: 805001.089: [PhantomReference, 0 refs, 0 refs, 0.0000229 secs]2019-02-01T03:30:35.083+0000: 805001.089: [JNI Weak Reference, 0.0000323 secs]
Desired survivor size 5767168 bytes, new threshold 1 (max 15)
[PSYoungGen: 47577K->3844K(47104K)] 692994K->651355K(738816K), 0.0107946 secs] [Times: user=0.12 sys=0.00, real=0.01 secs] 
2019-02-01T03:30:35.088+0000: 805001.094: Total time for which application threads were stopped: 0.0150586 seconds, Stopping threads took: 0.0001048 seconds
2019-02-01T03:30:36.384+0000: 805002.390: Application time: 1.2959483 seconds
2019-02-01T03:30:36.387+0000: 805002.393: [GC (Allocation Failure) 2019-02-01T03:30:36.391+0000: 805002.397: [SoftReference, 0 refs, 0.0000332 secs]2019-02-01T03:30:36.391+0000: 805002.397: [WeakReference, 12 refs, 0.0000170 secs]2019-02-01T03:30:36.391+0000: 805002.397: [FinalReference, 316 refs, 0.0001880 secs]2019-02-01T03:30:36.392+0000: 805002.397: [PhantomReference, 0 refs, 0 refs, 0.0000147 secs]2019-02-01T03:30:36.392+0000: 805002.397: [JNI Weak Reference, 0.0000294 secs]
Desired survivor size 5767168 bytes, new threshold 1 (max 15)
[PSYoungGen: 46852K->2895K(47616K)] 694363K->653115K(739328K), 0.0087089 secs] [Times: user=0.08 sys=0.00, real=0.01 secs] 
2019-02-01T03:30:36.396+0000: 805002.402: Total time for which application threads were stopped: 0.0122285 seconds, Stopping threads took: 0.0000558 seconds
2019-02-01T03:30:37.730+0000: 805003.736: Application time: 1.3337814 seconds
2019-02-01T03:30:37.734+0000: 805003.740: Total time for which application threads were stopped: 0.0040910 seconds, Stopping threads took: 0.0000934 seconds
2019-02-01T03:30:37.734+0000: 805003.740: Application time: 0.0001428 seconds
2019-02-01T03:30:37.736+0000: 805003.742: [GC (GCLocker Initiated GC) 2019-02-01T03:30:37.746+0000: 805003.751: [SoftReference, 0 refs, 0.0000355 secs]2019-02-01T03:30:37.746+0000: 805003.751: [WeakReference, 12 refs, 0.0000426 secs]2019-02-01T03:30:37.746+0000: 805003.751: [FinalReference, 313 refs, 0.0002169 secs]2019-02-01T03:30:37.746+0000: 805003.752: [PhantomReference, 0 refs, 0 refs, 0.0000146 secs]2019-02-01T03:30:37.746+0000: 805003.752: [JNI Weak Reference, 0.0000318 secs]
Desired survivor size 5767168 bytes, new threshold 1 (max 15)
[PSYoungGen: 45391K->2875K(48128K)] 695621K->654070K(739840K), 0.0146716 secs] [Times: user=0.23 sys=0.00, real=0.01 secs] 
2019-02-01T03:30:37.751+0000: 805003.757: Total time for which application threads were stopped: 0.0169924 seconds, Stopping threads took: 0.0000450 seconds
2019-02-01T03:30:38.967+0000: 805004.972: Application time: 1.2156044 seconds
2019-02-01T03:30:38.970+0000: 805004.976: [GC (Allocation Failure) 2019-02-01T03:30:38.980+0000: 805004.986: [SoftReference, 0 refs, 0.0001223 secs]2019-02-01T03:30:38.980+0000: 805004.986: [WeakReference, 6 refs, 0.0000162 secs]2019-02-01T03:30:38.980+0000: 805004.986: [FinalReference, 343 refs, 0.0002251 secs]2019-02-01T03:30:38.980+0000: 805004.986: [PhantomReference, 0 refs, 0 refs, 0.0000145 secs]2019-02-01T03:30:38.980+0000: 805004.986: [JNI Weak Reference, 0.0000324 secs]
Desired survivor size 5767168 bytes, new threshold 1 (max 15)
[PSYoungGen: 45371K->2622K(54272K)] 696577K->654429K(745984K), 0.0148054 secs] [Times: user=0.21 sys=0.00, real=0.01 secs] 
2019-02-01T03:30:38.985+0000: 805004.991: Total time for which application threads were stopped: 0.0186625 seconds, Stopping threads took: 0.0000862 seconds
2019-02-01T03:30:40.568+0000: 805006.574: Application time: 1.5824654 seconds
2019-02-01T03:30:40.572+0000: 805006.578: [GC (Allocation Failure) 2019-02-01T03:30:40.577+0000: 805006.583: [SoftReference, 0 refs, 0.0000347 secs]2019-02-01T03:30:40.577+0000: 805006.583: [WeakReference, 21 refs, 0.0000217 secs]2019-02-01T03:30:40.577+0000: 805006.583: [FinalReference, 369 refs, 0.0002319 secs]2019-02-01T03:30:40.577+0000: 805006.583: [PhantomReference, 0 refs, 0 refs, 0.0000146 secs]2019-02-01T03:30:40.577+0000: 805006.583: [JNI Weak Reference, 0.0000318 secs]
Desired survivor size 5767168 bytes, new threshold 1 (max 15)
[PSYoungGen: 51262K->4056K(54272K)] 703069K->656551K(745984K), 0.0106252 secs] [Times: user=0.09 sys=0.01, real=0.01 secs] 
2019-02-01T03:30:40.583+0000: 805006.588: Total time for which application threads were stopped: 0.0147936 seconds, Stopping threads took: 0.0000658 seconds
2019-02-01T03:30:41.680+0000: 805007.686: Application time: 1.0973231 seconds
2019-02-01T03:30:41.684+0000: 805007.690: [GC (Allocation Failure) 2019-02-01T03:30:41.690+0000: 805007.696: [SoftReference, 0 refs, 0.0000347 secs]2019-02-01T03:30:41.690+0000: 805007.696: [WeakReference, 18 refs, 0.0000206 secs]2019-02-01T03:30:41.690+0000: 805007.696: [FinalReference, 381 refs, 0.0002541 secs]2019-02-01T03:30:41.690+0000: 805007.696: [PhantomReference, 0 refs, 0 refs, 0.0000149 secs]2019-02-01T03:30:41.690+0000: 805007.696: [JNI Weak Reference, 0.0000321 secs]
Desired survivor size 6291456 bytes, new threshold 1 (max 15)
[PSYoungGen: 52696K->4789K(60928K)] 705191K->658201K(752640K), 0.0107724 secs] [Times: user=0.11 sys=0.02, real=0.01 secs] 
2019-02-01T03:30:41.695+0000: 805007.701: Total time for which application threads were stopped: 0.0150319 seconds, Stopping threads took: 0.0000688 seconds
2019-02-01T03:30:43.448+0000: 805009.454: Application time: 1.7527844 seconds
2019-02-01T03:30:43.451+0000: 805009.457: Total time for which application threads were stopped: 0.0037306 seconds, Stopping threads took: 0.0000671 seconds
2019-02-01T03:30:43.452+0000: 805009.457: Application time: 0.0000676 seconds
2019-02-01T03:30:43.453+0000: 805009.459: [GC (GCLocker Initiated GC) 2019-02-01T03:30:43.462+0000: 805009.468: [SoftReference, 0 refs, 0.0000210 secs]2019-02-01T03:30:43.462+0000: 805009.468: [WeakReference, 25 refs, 0.0000141 secs]2019-02-01T03:30:43.462+0000: 805009.468: [FinalReference, 391 refs, 0.0001769 secs]2019-02-01T03:30:43.462+0000: 805009.468: [PhantomReference, 0 refs, 0 refs, 0.0000083 secs]2019-02-01T03:30:43.462+0000: 805009.468: [JNI Weak Reference, 0.0000230 secs]
Desired survivor size 6291456 bytes, new threshold 1 (max 15)
[PSYoungGen: 60085K->4214K(61440K)] 713497K->658833K(753152K), 0.0127566 secs] [Times: user=0.18 sys=0.01, real=0.01 secs] 
2019-02-01T03:30:43.466+0000: 805009.472: Total time for which application threads were stopped: 0.0147552 seconds, Stopping threads took: 0.0000350 seconds
2019-02-01T03:30:44.991+0000: 805010.997: Application time: 1.5251758 seconds
2019-02-01T03:30:44.996+0000: 805011.001: [GC (Allocation Failure) 2019-02-01T03:30:45.004+0000: 805011.010: [SoftReference, 0 refs, 0.0000346 secs]2019-02-01T03:30:45.004+0000: 805011.010: [WeakReference, 14 refs, 0.0000192 secs]2019-02-01T03:30:45.004+0000: 805011.010: [FinalReference, 468 refs, 0.0003107 secs]2019-02-01T03:30:45.004+0000: 805011.010: [PhantomReference, 0 refs, 0 refs, 0.0000144 secs]2019-02-01T03:30:45.004+0000: 805011.010: [JNI Weak Reference, 0.0000300 secs]
Desired survivor size 6291456 bytes, new threshold 1 (max 15)
[PSYoungGen: 59510K->2716K(69632K)] 714133K->658372K(761344K), 0.0136939 secs] [Times: user=0.19 sys=0.01, real=0.02 secs] 
2019-02-01T03:30:45.009+0000: 805011.015: Total time for which application threads were stopped: 0.0178688 seconds, Stopping threads took: 0.0000695 seconds
2019-02-01T03:30:46.898+0000: 805012.904: Application time: 1.8888878 seconds
2019-02-01T03:30:46.902+0000: 805012.908: [GC (Allocation Failure) 2019-02-01T03:30:46.908+0000: 805012.914: [SoftReference, 0 refs, 0.0000333 secs]2019-02-01T03:30:46.908+0000: 805012.914: [WeakReference, 23 refs, 0.0000209 secs]2019-02-01T03:30:46.908+0000: 805012.914: [FinalReference, 450 refs, 0.0001990 secs]2019-02-01T03:30:46.908+0000: 805012.914: [PhantomReference, 0 refs, 0 refs, 0.0000147 secs]2019-02-01T03:30:46.908+0000: 805012.914: [JNI Weak Reference, 0.0000295 secs]
Desired survivor size 6291456 bytes, new threshold 1 (max 15)
[PSYoungGen: 66204K->4296K(69632K)] 721860K->661322K(761344K), 0.0106687 secs] [Times: user=0.10 sys=0.02, real=0.01 secs] 
2019-02-01T03:30:46.913+0000: 805012.919: Total time for which application threads were stopped: 0.0148015 seconds, Stopping threads took: 0.0000636 seconds
2019-02-01T03:30:48.615+0000: 805014.621: Application time: 1.7022296 seconds
2019-02-01T03:30:48.618+0000: 805014.624: [GC (Allocation Failure) 2019-02-01T03:30:48.624+0000: 805014.630: [SoftReference, 0 refs, 0.0000330 secs]2019-02-01T03:30:48.624+0000: 805014.630: [WeakReference, 19 refs, 0.0000199 secs]2019-02-01T03:30:48.624+0000: 805014.630: [FinalReference, 491 refs, 0.0002174 secs]2019-02-01T03:30:48.624+0000: 805014.630: [PhantomReference, 0 refs, 0 refs, 0.0000149 secs]2019-02-01T03:30:48.624+0000: 805014.630: [JNI Weak Reference, 0.0000289 secs]
Desired survivor size 5767168 bytes, new threshold 1 (max 15)
[PSYoungGen: 67784K->3080K(77312K)] 724810K->661128K(769024K), 0.0103225 secs] [Times: user=0.09 sys=0.02, real=0.01 secs] 
2019-02-01T03:30:48.629+0000: 805014.635: Total time for which application threads were stopped: 0.0135713 seconds, Stopping threads took: 0.0000524 seconds
2019-02-01T03:30:50.840+0000: 805016.846: Application time: 2.2112835 seconds
2019-02-01T03:30:50.844+0000: 805016.850: Total time for which application threads were stopped: 0.0038695 seconds, Stopping threads took: 0.0000768 seconds
2019-02-01T03:30:50.844+0000: 805016.850: Application time: 0.0001727 seconds
2019-02-01T03:30:50.846+0000: 805016.852: [GC (GCLocker Initiated GC) 2019-02-01T03:30:50.855+0000: 805016.861: [SoftReference, 0 refs, 0.0000357 secs]2019-02-01T03:30:50.855+0000: 805016.861: [WeakReference, 12 refs, 0.0000178 secs]2019-02-01T03:30:50.855+0000: 805016.861: [FinalReference, 480 refs, 0.0002367 secs]2019-02-01T03:30:50.855+0000: 805016.861: [PhantomReference, 0 refs, 1 refs, 0.0000157 secs]2019-02-01T03:30:50.855+0000: 805016.861: [JNI Weak Reference, 0.0000249 secs]
Desired survivor size 6291456 bytes, new threshold 1 (max 15)
[PSYoungGen: 75235K->4668K(77824K)] 733480K->663586K(769536K), 0.0128287 secs] [Times: user=0.18 sys=0.03, real=0.02 secs] 
2019-02-01T03:30:50.859+0000: 805016.865: Total time for which application threads were stopped: 0.0151217 seconds, Stopping threads took: 0.0000643 seconds
2019-02-01T03:30:53.633+0000: 805019.638: Application time: 2.7733903 seconds
2019-02-01T03:30:53.637+0000: 805019.643: [GC (Allocation Failure) 2019-02-01T03:30:53.642+0000: 805019.648: [SoftReference, 0 refs, 0.0000344 secs]2019-02-01T03:30:53.642+0000: 805019.648: [WeakReference, 12 refs, 0.0000183 secs]2019-02-01T03:30:53.642+0000: 805019.648: [FinalReference, 435 refs, 0.0002580 secs]2019-02-01T03:30:53.642+0000: 805019.648: [PhantomReference, 0 refs, 0 refs, 0.0000149 secs]2019-02-01T03:30:53.642+0000: 805019.648: [JNI Weak Reference, 0.0000317 secs]
Desired survivor size 6291456 bytes, new threshold 1 (max 15)
[PSYoungGen: 76860K->2091K(73216K)] 735944K->662324K(764928K), 0.0100073 secs] [Times: user=0.11 sys=0.00, real=0.01 secs] 
2019-02-01T03:30:53.647+0000: 805019.653: Total time for which application threads were stopped: 0.0141277 seconds, Stopping threads took: 0.0000591 seconds
2019-02-01T03:30:56.245+0000: 805022.251: Application time: 2.5979013 seconds
2019-02-01T03:30:56.249+0000: 805022.255: [GC (Allocation Failure) 2019-02-01T03:30:56.254+0000: 805022.260: [SoftReference, 0 refs, 0.0000370 secs]2019-02-01T03:30:56.254+0000: 805022.260: [WeakReference, 13 refs, 0.0000189 secs]2019-02-01T03:30:56.254+0000: 805022.260: [FinalReference, 543 refs, 0.0003546 secs]2019-02-01T03:30:56.254+0000: 805022.260: [PhantomReference, 0 refs, 0 refs, 0.0000151 secs]2019-02-01T03:30:56.254+0000: 805022.260: [JNI Weak Reference, 0.0000325 secs]
Desired survivor size 6291456 bytes, new threshold 1 (max 15)
[PSYoungGen: 72747K->2153K(71680K)] 732980K->663149K(763392K), 0.0104169 secs] [Times: user=0.09 sys=0.00, real=0.01 secs] 
2019-02-01T03:30:56.259+0000: 805022.265: Total time for which application threads were stopped: 0.0145763 seconds, Stopping threads took: 0.0000703 seconds
2019-02-01T03:30:56.988+0000: 805022.994: Application time: 0.7291071 seconds
2019-02-01T03:30:56.993+0000: 805022.998: Total time for which application threads were stopped: 0.0041521 seconds, Stopping threads took: 0.0000639 seconds
2019-02-01T03:30:57.093+0000: 805023.099: Application time: 0.1007107 seconds
2019-02-01T03:30:57.097+0000: 805023.103: Total time for which application threads were stopped: 0.0036067 seconds, Stopping threads took: 0.0000521 seconds
2019-02-01T03:30:57.344+0000: 805023.350: Application time: 0.2469180 seconds
2019-02-01T03:30:57.348+0000: 805023.354: Total time for which application threads were stopped: 0.0039508 seconds, Stopping threads took: 0.0000757 seconds
2019-02-01T03:30:57.600+0000: 805023.606: Application time: 0.2520172 seconds
2019-02-01T03:30:57.603+0000: 805023.609: Total time for which application threads were stopped: 0.0031044 seconds, Stopping threads took: 0.0000394 seconds
2019-02-01T03:30:57.748+0000: 805023.754: Application time: 0.1454010 seconds
2019-02-01T03:30:57.752+0000: 805023.758: Total time for which application threads were stopped: 0.0039966 seconds, Stopping threads took: 0.0000596 seconds
2019-02-01T03:30:57.899+0000: 805023.905: Application time: 0.1468530 seconds
2019-02-01T03:30:57.903+0000: 805023.908: Total time for which application threads were stopped: 0.0034473 seconds, Stopping threads took: 0.0000908 seconds
2019-02-01T03:30:58.054+0000: 805024.059: Application time: 0.1509261 seconds
2019-02-01T03:30:58.057+0000: 805024.063: Total time for which application threads were stopped: 0.0033830 seconds, Stopping threads took: 0.0000710 seconds
2019-02-01T03:30:58.264+0000: 805024.270: Application time: 0.2068133 seconds
2019-02-01T03:30:58.267+0000: 805024.273: [GC (Allocation Failure) 2019-02-01T03:30:58.273+0000: 805024.278: [SoftReference, 0 refs, 0.0000344 secs]2019-02-01T03:30:58.273+0000: 805024.278: [WeakReference, 74 refs, 0.0000291 secs]2019-02-01T03:30:58.273+0000: 805024.278: [FinalReference, 535 refs, 0.0002435 secs]2019-02-01T03:30:58.273+0000: 805024.279: [PhantomReference, 0 refs, 0 refs, 0.0000145 secs]2019-02-01T03:30:58.273+0000: 805024.279: [JNI Weak Reference, 0.0000239 secs]
Desired survivor size 6291456 bytes, new threshold 1 (max 15)
[PSYoungGen: 71268K->2813K(70656K)] 732264K->664924K(762368K), 0.0094596 secs] [Times: user=0.11 sys=0.00, real=0.01 secs] 
2019-02-01T03:30:58.277+0000: 805024.282: Total time for which application threads were stopped: 0.0129467 seconds, Stopping threads took: 0.0001001 seconds
2019-02-01T03:31:00.215+0000: 805026.220: Application time: 1.9379216 seconds
2019-02-01T03:31:00.219+0000: 805026.224: [GC (Allocation Failure) 2019-02-01T03:31:00.224+0000: 805026.229: [SoftReference, 0 refs, 0.0000335 secs]2019-02-01T03:31:00.224+0000: 805026.229: [WeakReference, 16 refs, 0.0000185 secs]2019-02-01T03:31:00.224+0000: 805026.229: [FinalReference, 435 refs, 0.0002826 secs]2019-02-01T03:31:00.224+0000: 805026.230: [PhantomReference, 0 refs, 0 refs, 0.0000150 secs]2019-02-01T03:31:00.224+0000: 805026.230: [JNI Weak Reference, 0.0000295 secs]
Desired survivor size 5767168 bytes, new threshold 1 (max 15)
[PSYoungGen: 70397K->2451K(68608K)] 732508K->665483K(760320K), 0.0103763 secs] [Times: user=0.12 sys=0.00, real=0.01 secs] 
2019-02-01T03:31:00.229+0000: 805026.235: Total time for which application threads were stopped: 0.0144623 seconds, Stopping threads took: 0.0000616 seconds
2019-02-01T03:31:00.312+0000: 805026.318: Application time: 0.0832434 seconds
2019-02-01T03:31:00.316+0000: 805026.322: Total time for which application threads were stopped: 0.0039310 seconds, Stopping threads took: 0.0000907 seconds
2019-02-01T03:31:00.323+0000: 805026.329: Application time: 0.0065734 seconds
2019-02-01T03:31:00.325+0000: 805026.331: Total time for which application threads were stopped: 0.0023306 seconds, Stopping threads took: 0.0000307 seconds
2019-02-01T03:31:01.906+0000: 805027.912: Application time: 1.5809878 seconds
2019-02-01T03:31:01.910+0000: 805027.916: Total time for which application threads were stopped: 0.0040551 seconds, Stopping threads took: 0.0000805 seconds
2019-02-01T03:31:02.756+0000: 805028.762: Application time: 0.8455207 seconds
2019-02-01T03:31:02.759+0000: 805028.765: [GC (Allocation Failure) 2019-02-01T03:31:02.764+0000: 805028.770: [SoftReference, 0 refs, 0.0000346 secs]2019-02-01T03:31:02.764+0000: 805028.770: [WeakReference, 7 refs, 0.0000158 secs]2019-02-01T03:31:02.764+0000: 805028.770: [FinalReference, 456 refs, 0.0001956 secs]2019-02-01T03:31:02.765+0000: 805028.770: [PhantomReference, 0 refs, 0 refs, 0.0000147 secs]2019-02-01T03:31:02.765+0000: 805028.770: [JNI Weak Reference, 0.0000559 secs]
Desired survivor size 5767168 bytes, new threshold 1 (max 15)
[PSYoungGen: 68499K->2319K(67072K)] 731531K->666439K(758784K), 0.0095443 secs] [Times: user=0.11 sys=0.01, real=0.01 secs] 
2019-02-01T03:31:02.769+0000: 805028.775: Total time for which application threads were stopped: 0.0132240 seconds, Stopping threads took: 0.0000597 seconds
2019-02-01T03:31:04.113+0000: 805030.119: Application time: 1.3442060 seconds
2019-02-01T03:31:04.117+0000: 805030.123: Total time for which application threads were stopped: 0.0042205 seconds, Stopping threads took: 0.0000674 seconds
2019-02-01T03:31:04.118+0000: 805030.123: Application time: 0.0000796 seconds
2019-02-01T03:31:04.120+0000: 805030.126: Total time for which application threads were stopped: 0.0023295 seconds, Stopping threads took: 0.0000324 seconds
2019-02-01T03:31:04.421+0000: 805030.427: Application time: 0.3010959 seconds
2019-02-01T03:31:04.425+0000: 805030.431: Total time for which application threads were stopped: 0.0041113 seconds, Stopping threads took: 0.0000705 seconds
2019-02-01T03:31:04.425+0000: 805030.431: Application time: 0.0000673 seconds
2019-02-01T03:31:04.428+0000: 805030.433: Total time for which application threads were stopped: 0.0023717 seconds, Stopping threads took: 0.0000810 seconds
2019-02-01T03:31:04.848+0000: 805030.854: Application time: 0.4206331 seconds
2019-02-01T03:31:04.852+0000: 805030.858: Total time for which application threads were stopped: 0.0040213 seconds, Stopping threads took: 0.0000758 seconds
2019-02-01T03:31:04.852+0000: 805030.858: Application time: 0.0002477 seconds
2019-02-01T03:31:04.855+0000: 805030.861: [GC (GCLocker Initiated GC) 2019-02-01T03:31:04.860+0000: 805030.866: [SoftReference, 0 refs, 0.0000528 secs]2019-02-01T03:31:04.860+0000: 805030.866: [WeakReference, 25 refs, 0.0000207 secs]2019-02-01T03:31:04.861+0000: 805030.866: [FinalReference, 358 refs, 0.0001783 secs]2019-02-01T03:31:04.861+0000: 805030.866: [PhantomReference, 0 refs, 0 refs, 0.0000146 secs]2019-02-01T03:31:04.861+0000: 805030.866: [JNI Weak Reference, 0.0000291 secs]
Desired survivor size 5767168 bytes, new threshold 1 (max 15)
[PSYoungGen: 66831K->3171K(66560K)] 730957K->667933K(758272K), 0.0103161 secs] [Times: user=0.10 sys=0.00, real=0.01 secs] 
2019-02-01T03:31:04.865+0000: 805030.871: Total time for which application threads were stopped: 0.0128277 seconds, Stopping threads took: 0.0000938 seconds
2019-02-01T03:31:06.389+0000: 805032.395: Application time: 1.5239823 seconds
2019-02-01T03:31:06.393+0000: 805032.399: [GC (Allocation Failure) 2019-02-01T03:31:06.399+0000: 805032.405: [SoftReference, 0 refs, 0.0000331 secs]2019-02-01T03:31:06.399+0000: 805032.405: [WeakReference, 8 refs, 0.0000158 secs]2019-02-01T03:31:06.399+0000: 805032.405: [FinalReference, 477 refs, 0.0001821 secs]2019-02-01T03:31:06.399+0000: 805032.405: [PhantomReference, 0 refs, 0 refs, 0.0000148 secs]2019-02-01T03:31:06.399+0000: 805032.405: [JNI Weak Reference, 0.0000305 secs]
Desired survivor size 5242880 bytes, new threshold 1 (max 15)
[PSYoungGen: 66147K->2747K(64512K)] 730912K->668745K(756224K), 0.0092568 secs] [Times: user=0.10 sys=0.01, real=0.01 secs] 
2019-02-01T03:31:06.403+0000: 805032.408: Total time for which application threads were stopped: 0.0134161 seconds, Stopping threads took: 0.0000631 seconds
2019-02-01T03:31:07.933+0000: 805033.938: Application time: 1.5298576 seconds
2019-02-01T03:31:07.937+0000: 805033.943: Total time for which application threads were stopped: 0.0043189 seconds, Stopping threads took: 0.0001249 seconds
2019-02-01T03:31:07.937+0000: 805033.943: Application time: 0.0001035 seconds
2019-02-01T03:31:07.939+0000: 805033.945: Total time for which application threads were stopped: 0.0025072 seconds, Stopping threads took: 0.0000631 seconds
2019-02-01T03:31:08.186+0000: 805034.192: Application time: 0.2464266 seconds
2019-02-01T03:31:08.189+0000: 805034.195: [GC (Allocation Failure) 2019-02-01T03:31:08.195+0000: 805034.201: [SoftReference, 0 refs, 0.0000332 secs]2019-02-01T03:31:08.195+0000: 805034.201: [WeakReference, 15 refs, 0.0000183 secs]2019-02-01T03:31:08.195+0000: 805034.201: [FinalReference, 379 refs, 0.0002007 secs]2019-02-01T03:31:08.195+0000: 805034.201: [PhantomReference, 0 refs, 0 refs, 0.0000146 secs]2019-02-01T03:31:08.195+0000: 805034.201: [JNI Weak Reference, 0.0000285 secs]
Desired survivor size 5242880 bytes, new threshold 1 (max 15)
[PSYoungGen: 64187K->2845K(62976K)] 730185K->669554K(754688K), 0.0114363 secs] [Times: user=0.15 sys=0.00, real=0.01 secs] 
2019-02-01T03:31:08.200+0000: 805034.206: Total time for which application threads were stopped: 0.0145398 seconds, Stopping threads took: 0.0000866 seconds
2019-02-01T03:31:08.541+0000: 805034.547: Application time: 0.3408633 seconds
2019-02-01T03:31:08.545+0000: 805034.551: Total time for which application threads were stopped: 0.0041438 seconds, Stopping threads took: 0.0000975 seconds
2019-02-01T03:31:08.546+0000: 805034.551: Application time: 0.0001077 seconds
2019-02-01T03:31:08.548+0000: 805034.554: Total time for which application threads were stopped: 0.0023413 seconds, Stopping threads took: 0.0001034 seconds
2019-02-01T03:31:10.217+0000: 805036.223: Application time: 1.6695845 seconds
2019-02-01T03:31:10.222+0000: 805036.227: [GC (Allocation Failure) 2019-02-01T03:31:10.227+0000: 805036.233: [SoftReference, 0 refs, 0.0000350 secs]2019-02-01T03:31:10.227+0000: 805036.233: [WeakReference, 9 refs, 0.0000171 secs]2019-02-01T03:31:10.227+0000: 805036.233: [FinalReference, 428 refs, 0.0001805 secs]2019-02-01T03:31:10.228+0000: 805036.233: [PhantomReference, 0 refs, 0 refs, 0.0000149 secs]2019-02-01T03:31:10.228+0000: 805036.233: [JNI Weak Reference, 0.0000254 secs]
Desired survivor size 5242880 bytes, new threshold 1 (max 15)
[PSYoungGen: 62749K->2776K(61952K)] 729458K->670332K(753664K), 0.0103402 secs] [Times: user=0.09 sys=0.01, real=0.01 secs] 
2019-02-01T03:31:10.232+0000: 805036.238: Total time for which application threads were stopped: 0.0145043 seconds, Stopping threads took: 0.0000611 seconds
2019-02-01T03:31:10.451+0000: 805036.457: Application time: 0.2188001 seconds
2019-02-01T03:31:10.455+0000: 805036.461: Total time for which application threads were stopped: 0.0039920 seconds, Stopping threads took: 0.0000495 seconds
2019-02-01T03:31:10.455+0000: 805036.461: Application time: 0.0001020 seconds
2019-02-01T03:31:10.457+0000: 805036.463: Total time for which application threads were stopped: 0.0023318 seconds, Stopping threads took: 0.0000287 seconds
2019-02-01T03:31:12.560+0000: 805038.566: Application time: 2.1030826 seconds
2019-02-01T03:31:12.565+0000: 805038.570: [GC (Allocation Failure) 2019-02-01T03:31:12.571+0000: 805038.576: [SoftReference, 0 refs, 0.0000352 secs]2019-02-01T03:31:12.571+0000: 805038.576: [WeakReference, 8 refs, 0.0000169 secs]2019-02-01T03:31:12.571+0000: 805038.576: [FinalReference, 443 refs, 0.0003060 secs]2019-02-01T03:31:12.571+0000: 805038.577: [PhantomReference, 0 refs, 0 refs, 0.0000162 secs]2019-02-01T03:31:12.571+0000: 805038.577: [JNI Weak Reference, 0.0000357 secs]
Desired survivor size 5242880 bytes, new threshold 1 (max 15)
[PSYoungGen: 61656K->2293K(60416K)] 729212K->670558K(752128K), 0.0109012 secs] [Times: user=0.12 sys=0.01, real=0.01 secs] 
2019-02-01T03:31:12.576+0000: 805038.581: Total time for which application threads were stopped: 0.0152207 seconds, Stopping threads took: 0.0001063 seconds
2019-02-01T03:31:14.079+0000: 805040.085: Application time: 1.5031862 seconds
2019-02-01T03:31:14.083+0000: 805040.089: Total time for which application threads were stopped: 0.0040946 seconds, Stopping threads took: 0.0000763 seconds
2019-02-01T03:31:14.083+0000: 805040.089: Application time: 0.0000520 seconds
2019-02-01T03:31:14.085+0000: 805040.091: Total time for which application threads were stopped: 0.0021313 seconds, Stopping threads took: 0.0000829 seconds
2019-02-01T03:31:15.172+0000: 805041.177: Application time: 1.0864761 seconds
2019-02-01T03:31:15.176+0000: 805041.182: [GC (Allocation Failure) 2019-02-01T03:31:15.184+0000: 805041.190: [SoftReference, 0 refs, 0.0000357 secs]2019-02-01T03:31:15.184+0000: 805041.190: [WeakReference, 17 refs, 0.0000202 secs]2019-02-01T03:31:15.184+0000: 805041.190: [FinalReference, 358 refs, 0.0001978 secs]2019-02-01T03:31:15.184+0000: 805041.190: [PhantomReference, 0 refs, 0 refs, 0.0000146 secs]2019-02-01T03:31:15.184+0000: 805041.190: [JNI Weak Reference, 0.0000323 secs]
Desired survivor size 5242880 bytes, new threshold 1 (max 15)
[PSYoungGen: 60149K->3107K(60416K)] 728414K->672346K(752128K), 0.0134198 secs] [Times: user=0.17 sys=0.01, real=0.01 secs] 
2019-02-01T03:31:15.189+0000: 805041.195: Total time for which application threads were stopped: 0.0178078 seconds, Stopping threads took: 0.0000711 seconds
2019-02-01T03:31:17.020+0000: 805043.026: Application time: 1.8307130 seconds
2019-02-01T03:31:17.024+0000: 805043.030: [GC (Allocation Failure) 2019-02-01T03:31:17.029+0000: 805043.035: [SoftReference, 0 refs, 0.0000364 secs]2019-02-01T03:31:17.029+0000: 805043.035: [WeakReference, 7 refs, 0.0000157 secs]2019-02-01T03:31:17.029+0000: 805043.035: [FinalReference, 469 refs, 0.0003009 secs]2019-02-01T03:31:17.029+0000: 805043.035: [PhantomReference, 0 refs, 0 refs, 0.0000149 secs]2019-02-01T03:31:17.030+0000: 805043.035: [JNI Weak Reference, 0.0000529 secs]
Desired survivor size 5242880 bytes, new threshold 1 (max 15)
[PSYoungGen: 59939K->3959K(59904K)] 729178K->674496K(751616K), 0.0095288 secs] [Times: user=0.10 sys=0.00, real=0.01 secs] 
2019-02-01T03:31:17.034+0000: 805043.040: Total time for which application threads were stopped: 0.0138358 seconds, Stopping threads took: 0.0000686 seconds
2019-02-01T03:31:18.264+0000: 805044.270: Application time: 1.2300148 seconds
2019-02-01T03:31:18.268+0000: 805044.274: [GC (Allocation Failure) 2019-02-01T03:31:18.276+0000: 805044.281: [SoftReference, 0 refs, 0.0000352 secs]2019-02-01T03:31:18.276+0000: 805044.281: [WeakReference, 14 refs, 0.0000180 secs]2019-02-01T03:31:18.276+0000: 805044.281: [FinalReference, 461 refs, 0.0001942 secs]2019-02-01T03:31:18.276+0000: 805044.282: [PhantomReference, 0 refs, 0 refs, 0.0000157 secs]2019-02-01T03:31:18.276+0000: 805044.282: [JNI Weak Reference, 0.0000240 secs]
Desired survivor size 5242880 bytes, new threshold 1 (max 15)
[PSYoungGen: 59767K->4032K(58880K)] 730304K->676162K(750592K), 0.0117973 secs] [Times: user=0.16 sys=0.00, real=0.01 secs] 
2019-02-01T03:31:18.280+0000: 805044.286: Total time for which application threads were stopped: 0.0161756 seconds, Stopping threads took: 0.0000840 seconds
2019-02-01T03:31:19.950+0000: 805045.955: Application time: 1.6694787 seconds
2019-02-01T03:31:19.953+0000: 805045.959: Total time for which application threads were stopped: 0.0038663 seconds, Stopping threads took: 0.0000767 seconds
2019-02-01T03:31:19.954+0000: 805045.959: Application time: 0.0001487 seconds
2019-02-01T03:31:19.956+0000: 805045.962: [GC (GCLocker Initiated GC) 2019-02-01T03:31:19.962+0000: 805045.968: [SoftReference, 0 refs, 0.0000368 secs]2019-02-01T03:31:19.962+0000: 805045.968: [WeakReference, 24 refs, 0.0000263 secs]2019-02-01T03:31:19.962+0000: 805045.968: [FinalReference, 371 refs, 0.0001929 secs]2019-02-01T03:31:19.962+0000: 805045.968: [PhantomReference, 0 refs, 0 refs, 0.0000148 secs]2019-02-01T03:31:19.962+0000: 805045.968: [JNI Weak Reference, 0.0000251 secs]
Desired survivor size 5767168 bytes, new threshold 1 (max 15)
[PSYoungGen: 58816K->4204K(58368K)] 730948K->677531K(750080K), 0.0101690 secs] [Times: user=0.11 sys=0.00, real=0.01 secs] 
2019-02-01T03:31:19.966+0000: 805045.972: Total time for which application threads were stopped: 0.0124145 seconds, Stopping threads took: 0.0000714 seconds
2019-02-01T03:31:21.889+0000: 805047.895: Application time: 1.9230505 seconds
2019-02-01T03:31:21.893+0000: 805047.899: [GC (Allocation Failure) 2019-02-01T03:31:21.901+0000: 805047.907: [SoftReference, 0 refs, 0.0000231 secs]2019-02-01T03:31:21.901+0000: 805047.907: [WeakReference, 21 refs, 0.0000140 secs]2019-02-01T03:31:21.901+0000: 805047.907: [FinalReference, 309 refs, 0.0001261 secs]2019-02-01T03:31:21.902+0000: 805047.907: [PhantomReference, 0 refs, 0 refs, 0.0000085 secs]2019-02-01T03:31:21.902+0000: 805047.907: [JNI Weak Reference, 0.0000176 secs]
Desired survivor size 5242880 bytes, new threshold 1 (max 15)
[PSYoungGen: 57964K->2663K(56320K)] 731293K->677385K(748032K), 0.0128579 secs] [Times: user=0.19 sys=0.00, real=0.01 secs] 
2019-02-01T03:31:21.906+0000: 805047.912: Total time for which application threads were stopped: 0.0168909 seconds, Stopping threads took: 0.0000695 seconds
2019-02-01T03:31:24.145+0000: 805050.150: Application time: 2.2385976 seconds
2019-02-01T03:31:24.149+0000: 805050.155: [GC (Allocation Failure) 2019-02-01T03:31:24.157+0000: 805050.162: [SoftReference, 0 refs, 0.0000345 secs]2019-02-01T03:31:24.157+0000: 805050.162: [WeakReference, 25 refs, 0.0000224 secs]2019-02-01T03:31:24.157+0000: 805050.162: [FinalReference, 370 refs, 0.0002061 secs]2019-02-01T03:31:24.157+0000: 805050.163: [PhantomReference, 0 refs, 0 refs, 0.0000151 secs]2019-02-01T03:31:24.157+0000: 805050.163: [JNI Weak Reference, 0.0000245 secs]
Desired survivor size 5242880 bytes, new threshold 1 (max 15)
[PSYoungGen: 55399K->2873K(54784K)] 730121K->679323K(746496K), 0.0122625 secs] [Times: user=0.16 sys=0.00, real=0.01 secs] 
2019-02-01T03:31:24.161+0000: 805050.167: Total time for which application threads were stopped: 0.0165144 seconds, Stopping threads took: 0.0000803 seconds
2019-02-01T03:31:26.267+0000: 805052.273: Application time: 2.1059719 seconds
2019-02-01T03:31:26.271+0000: 805052.277: [GC (Allocation Failure) 2019-02-01T03:31:26.277+0000: 805052.283: [SoftReference, 0 refs, 0.0000332 secs]2019-02-01T03:31:26.277+0000: 805052.283: [WeakReference, 28 refs, 0.0000216 secs]2019-02-01T03:31:26.277+0000: 805052.283: [FinalReference, 356 refs, 0.0001547 secs]2019-02-01T03:31:26.278+0000: 805052.283: [PhantomReference, 0 refs, 0 refs, 0.0000148 secs]2019-02-01T03:31:26.278+0000: 805052.283: [JNI Weak Reference, 0.0000303 secs]
Desired survivor size 5767168 bytes, new threshold 1 (max 15)
[PSYoungGen: 54585K->4977K(55808K)] 731035K->682604K(747520K), 0.0109561 secs] [Times: user=0.08 sys=0.01, real=0.01 secs] 
2019-02-01T03:31:26.282+0000: 805052.288: Total time for which application threads were stopped: 0.0152658 seconds, Stopping threads took: 0.0000692 seconds
2019-02-01T03:31:28.044+0000: 805054.049: Application time: 1.7612878 seconds
2019-02-01T03:31:28.048+0000: 805054.054: [GC (Allocation Failure) 2019-02-01T03:31:28.054+0000: 805054.060: [SoftReference, 0 refs, 0.0000348 secs]2019-02-01T03:31:28.054+0000: 805054.060: [WeakReference, 11 refs, 0.0000171 secs]2019-02-01T03:31:28.054+0000: 805054.060: [FinalReference, 418 refs, 0.0002820 secs]2019-02-01T03:31:28.054+0000: 805054.060: [PhantomReference, 0 refs, 0 refs, 0.0000147 secs]2019-02-01T03:31:28.054+0000: 805054.060: [JNI Weak Reference, 0.0000311 secs]
Desired survivor size 6291456 bytes, new threshold 1 (max 15)
[PSYoungGen: 55665K->4598K(54272K)] 733292K->683224K(745984K), 0.0105967 secs] [Times: user=0.14 sys=0.00, real=0.01 secs] 
2019-02-01T03:31:28.058+0000: 805054.064: Total time for which application threads were stopped: 0.0148224 seconds, Stopping threads took: 0.0001475 seconds
2019-02-01T03:31:29.510+0000: 805055.516: Application time: 1.4518705 seconds
2019-02-01T03:31:29.514+0000: 805055.520: [GC (Allocation Failure) 2019-02-01T03:31:29.521+0000: 805055.526: [SoftReference, 0 refs, 0.0000570 secs]2019-02-01T03:31:29.521+0000: 805055.527: [WeakReference, 18 refs, 0.0000203 secs]2019-02-01T03:31:29.521+0000: 805055.527: [FinalReference, 411 refs, 0.0002062 secs]2019-02-01T03:31:29.521+0000: 805055.527: [PhantomReference, 0 refs, 0 refs, 0.0000150 secs]2019-02-01T03:31:29.521+0000: 805055.527: [JNI Weak Reference, 0.0000344 secs]
Desired survivor size 6291456 bytes, new threshold 1 (max 15)
[PSYoungGen: 54262K->1783K(53760K)] 732888K->681604K(745472K), 0.0107708 secs] [Times: user=0.11 sys=0.01, real=0.01 secs] 
2019-02-01T03:31:29.525+0000: 805055.531: Total time for which application threads were stopped: 0.0150160 seconds, Stopping threads took: 0.0000694 seconds
2019-02-01T03:31:31.577+0000: 805057.583: Application time: 2.0519892 seconds
2019-02-01T03:31:31.581+0000: 805057.587: [GC (Allocation Failure) 2019-02-01T03:31:31.587+0000: 805057.592: [SoftReference, 0 refs, 0.0000390 secs]2019-02-01T03:31:31.587+0000: 805057.592: [WeakReference, 12 refs, 0.0000108 secs]2019-02-01T03:31:31.587+0000: 805057.592: [FinalReference, 354 refs, 0.0001387 secs]2019-02-01T03:31:31.587+0000: 805057.592: [PhantomReference, 0 refs, 0 refs, 0.0000137 secs]2019-02-01T03:31:31.587+0000: 805057.593: [JNI Weak Reference, 0.0000213 secs]
Desired survivor size 5767168 bytes, new threshold 1 (max 15)
[PSYoungGen: 50423K->3435K(51200K)] 730244K->683826K(742912K), 0.0086985 secs] [Times: user=0.10 sys=0.01, real=0.01 secs] 
2019-02-01T03:31:31.590+0000: 805057.596: Total time for which application threads were stopped: 0.0127209 seconds, Stopping threads took: 0.0000632 seconds
2019-02-01T03:31:33.009+0000: 805059.014: Application time: 1.4185799 seconds
2019-02-01T03:31:33.012+0000: 805059.018: [GC (Allocation Failure) 2019-02-01T03:31:33.018+0000: 805059.024: [SoftReference, 0 refs, 0.0000305 secs]2019-02-01T03:31:33.018+0000: 805059.024: [WeakReference, 16 refs, 0.0000107 secs]2019-02-01T03:31:33.018+0000: 805059.024: [FinalReference, 303 refs, 0.0000958 secs]2019-02-01T03:31:33.019+0000: 805059.024: [PhantomReference, 0 refs, 0 refs, 0.0000083 secs]2019-02-01T03:31:33.019+0000: 805059.024: [JNI Weak Reference, 0.0000150 secs]
Desired survivor size 5767168 bytes, new threshold 1 (max 15)
[PSYoungGen: 51050K->2784K(51200K)] 731441K->683904K(742912K), 0.0089211 secs] [Times: user=0.14 sys=0.00, real=0.01 secs] 
2019-02-01T03:31:33.021+0000: 805059.027: Total time for which application threads were stopped: 0.0125928 seconds, Stopping threads took: 0.0000494 seconds
2019-02-01T03:31:34.551+0000: 805060.557: Application time: 1.5297290 seconds
2019-02-01T03:31:34.554+0000: 805060.560: [GC (Allocation Failure) 2019-02-01T03:31:34.560+0000: 805060.566: [SoftReference, 0 refs, 0.0000499 secs]2019-02-01T03:31:34.560+0000: 805060.566: [WeakReference, 8 refs, 0.0000158 secs]2019-02-01T03:31:34.560+0000: 805060.566: [FinalReference, 318 refs, 0.0001324 secs]2019-02-01T03:31:34.560+0000: 805060.566: [PhantomReference, 0 refs, 0 refs, 0.0000145 secs]2019-02-01T03:31:34.560+0000: 805060.566: [JNI Weak Reference, 0.0000221 secs]
Desired survivor size 5767168 bytes, new threshold 1 (max 15)
[PSYoungGen: 49376K->3129K(49152K)] 730496K->685038K(740864K), 0.0096319 secs] [Times: user=0.10 sys=0.00, real=0.01 secs] 
2019-02-01T03:31:34.564+0000: 805060.570: Total time for which application threads were stopped: 0.0131938 seconds, Stopping threads took: 0.0000478 seconds
2019-02-01T03:31:36.424+0000: 805062.430: Application time: 1.8596889 seconds
2019-02-01T03:31:36.427+0000: 805062.433: Total time for which application threads were stopped: 0.0029844 seconds, Stopping threads took: 0.0001042 seconds
2019-02-01T03:31:36.427+0000: 805062.433: Application time: 0.0001512 seconds
2019-02-01T03:31:36.429+0000: 805062.435: [GC (GCLocker Initiated GC) 2019-02-01T03:31:36.437+0000: 805062.443: [SoftReference, 0 refs, 0.0000328 secs]2019-02-01T03:31:36.437+0000: 805062.443: [WeakReference, 7 refs, 0.0000090 secs]2019-02-01T03:31:36.437+0000: 805062.443: [FinalReference, 321 refs, 0.0001651 secs]2019-02-01T03:31:36.437+0000: 805062.443: [PhantomReference, 0 refs, 0 refs, 0.0000086 secs]2019-02-01T03:31:36.437+0000: 805062.443: [JNI Weak Reference, 0.0000192 secs]
Desired survivor size 5242880 bytes, new threshold 1 (max 15)
[PSYoungGen: 48351K->3318K(49152K)] 730701K->686891K(740864K), 0.0105388 secs] [Times: user=0.15 sys=0.00, real=0.01 secs] 
2019-02-01T03:31:36.440+0000: 805062.446: Total time for which application threads were stopped: 0.0128456 seconds, Stopping threads took: 0.0001107 seconds
2019-02-01T03:31:38.121+0000: 805064.127: Application time: 1.6810697 seconds
2019-02-01T03:31:38.125+0000: 805064.131: Total time for which application threads were stopped: 0.0038263 seconds, Stopping threads took: 0.0000686 seconds
2019-02-01T03:31:38.125+0000: 805064.131: Application time: 0.0003676 seconds
2019-02-01T03:31:38.127+0000: 805064.133: [GC (GCLocker Initiated GC) 2019-02-01T03:31:38.136+0000: 805064.142: [SoftReference, 0 refs, 0.0000395 secs]2019-02-01T03:31:38.136+0000: 805064.142: [WeakReference, 21 refs, 0.0000120 secs]2019-02-01T03:31:38.136+0000: 805064.142: [FinalReference, 312 refs, 0.0001076 secs]2019-02-01T03:31:38.137+0000: 805064.142: [PhantomReference, 0 refs, 0 refs, 0.0000084 secs]2019-02-01T03:31:38.137+0000: 805064.142: [JNI Weak Reference, 0.0000152 secs]
Desired survivor size 6815744 bytes, new threshold 1 (max 15)
[PSYoungGen: 48374K->5107K(49664K)] 731962K->691511K(741376K), 0.0114476 secs] [Times: user=0.15 sys=0.00, real=0.01 secs] 
2019-02-01T03:31:38.139+0000: 805064.145: Total time for which application threads were stopped: 0.0138567 seconds, Stopping threads took: 0.0001154 seconds
2019-02-01T03:31:39.772+0000: 805065.778: Application time: 1.6330095 seconds
2019-02-01T03:31:39.775+0000: 805065.781: [GC (Allocation Failure) 2019-02-01T03:31:39.781+0000: 805065.787: [SoftReference, 0 refs, 0.0000542 secs]2019-02-01T03:31:39.781+0000: 805065.787: [WeakReference, 21 refs, 0.0000189 secs]2019-02-01T03:31:39.781+0000: 805065.787: [FinalReference, 355 refs, 0.0001634 secs]2019-02-01T03:31:39.781+0000: 805065.787: [PhantomReference, 0 refs, 0 refs, 0.0000150 secs]2019-02-01T03:31:39.781+0000: 805065.787: [JNI Weak Reference, 0.0000261 secs]
Desired survivor size 6815744 bytes, new threshold 1 (max 15)
[PSYoungGen: 49651K->3399K(50176K)] 736058K->692416K(741888K), 0.0097909 secs] [Times: user=0.12 sys=0.01, real=0.01 secs] 
2019-02-01T03:31:39.785+0000: 805065.791: [Full GC (Ergonomics) 2019-02-01T03:31:39.830+0000: 805065.836: [SoftReference, 201 refs, 0.0000932 secs]2019-02-01T03:31:39.830+0000: 805065.836: [WeakReference, 2106 refs, 0.0003192 secs]2019-02-01T03:31:39.831+0000: 805065.836: [FinalReference, 1116 refs, 0.0006527 secs]2019-02-01T03:31:39.831+0000: 805065.837: [PhantomReference, 0 refs, 105 refs, 0.0000233 secs]2019-02-01T03:31:39.831+0000: 805065.837: [JNI Weak Reference, 0.0000257 secs][PSYoungGen: 3399K->0K(50176K)] [ParOldGen: 689017K->633708K(692736K)] 692416K->633708K(742912K), [Metaspace: 75215K->75215K(1118208K)], 0.1577192 secs] [Times: user=2.55 sys=0.00, real=0.16 secs] 
2019-02-01T03:31:39.943+0000: 805065.948: Total time for which application threads were stopped: 0.1707401 seconds, Stopping threads took: 0.0000503 seconds
2019-02-01T03:31:41.489+0000: 805067.495: Application time: 1.5462014 seconds
2019-02-01T03:31:41.493+0000: 805067.499: [GC (Allocation Failure) 2019-02-01T03:31:41.499+0000: 805067.505: [SoftReference, 0 refs, 0.0000288 secs]2019-02-01T03:31:41.499+0000: 805067.505: [WeakReference, 23 refs, 0.0000129 secs]2019-02-01T03:31:41.499+0000: 805067.505: [FinalReference, 310 refs, 0.0001014 secs]2019-02-01T03:31:41.500+0000: 805067.505: [PhantomReference, 0 refs, 0 refs, 0.0000086 secs]2019-02-01T03:31:41.500+0000: 805067.505: [JNI Weak Reference, 0.0000202 secs]
Desired survivor size 6815744 bytes, new threshold 1 (max 15)
[PSYoungGen: 44032K->3786K(47616K)] 677740K->637495K(740352K), 0.0099444 secs] [Times: user=0.12 sys=0.00, real=0.01 secs] 
2019-02-01T03:31:41.503+0000: 805067.509: Total time for which application threads were stopped: 0.0138969 seconds, Stopping threads took: 0.0000718 seconds
2019-02-01T03:31:42.686+0000: 805068.692: Application time: 1.1834038 seconds
2019-02-01T03:31:42.689+0000: 805068.695: [GC (Allocation Failure) 2019-02-01T03:31:42.698+0000: 805068.704: [SoftReference, 0 refs, 0.0000494 secs]2019-02-01T03:31:42.698+0000: 805068.704: [WeakReference, 18 refs, 0.0000195 secs]2019-02-01T03:31:42.698+0000: 805068.704: [FinalReference, 400 refs, 0.0002265 secs]2019-02-01T03:31:42.699+0000: 805068.704: [PhantomReference, 0 refs, 0 refs, 0.0000151 secs]2019-02-01T03:31:42.699+0000: 805068.704: [JNI Weak Reference, 0.0000228 secs]
Desired survivor size 6815744 bytes, new threshold 1 (max 15)
[PSYoungGen: 47306K->4649K(50176K)] 681015K->640238K(742912K), 0.0126816 secs] [Times: user=0.21 sys=0.00, real=0.01 secs] 
2019-02-01T03:31:42.702+0000: 805068.708: Total time for which application threads were stopped: 0.0159720 seconds, Stopping threads took: 0.0000588 seconds
2019-02-01T03:31:44.029+0000: 805070.035: Application time: 1.3265609 seconds
2019-02-01T03:31:44.032+0000: 805070.038: [GC (Allocation Failure) 2019-02-01T03:31:44.038+0000: 805070.043: [SoftReference, 0 refs, 0.0000271 secs]2019-02-01T03:31:44.038+0000: 805070.043: [WeakReference, 8 refs, 0.0000098 secs]2019-02-01T03:31:44.038+0000: 805070.043: [FinalReference, 325 refs, 0.0000907 secs]2019-02-01T03:31:44.038+0000: 805070.043: [PhantomReference, 0 refs, 0 refs, 0.0000085 secs]2019-02-01T03:31:44.038+0000: 805070.043: [JNI Weak Reference, 0.0000146 secs]
Desired survivor size 6815744 bytes, new threshold 1 (max 15)
[PSYoungGen: 48169K->1898K(45056K)] 683758K->638184K(737792K), 0.0080556 secs] [Times: user=0.12 sys=0.00, real=0.01 secs] 
2019-02-01T03:31:44.040+0000: 805070.046: Total time for which application threads were stopped: 0.0112648 seconds, Stopping threads took: 0.0001010 seconds
2019-02-01T03:31:45.233+0000: 805071.238: Application time: 1.1926338 seconds
2019-02-01T03:31:45.235+0000: 805071.241: [GC (Allocation Failure) 2019-02-01T03:31:45.241+0000: 805071.247: [SoftReference, 0 refs, 0.0000374 secs]2019-02-01T03:31:45.241+0000: 805071.247: [WeakReference, 16 refs, 0.0000182 secs]2019-02-01T03:31:45.241+0000: 805071.247: [FinalReference, 327 refs, 0.0001416 secs]2019-02-01T03:31:45.241+0000: 805071.247: [PhantomReference, 0 refs, 0 refs, 0.0000148 secs]2019-02-01T03:31:45.241+0000: 805071.247: [JNI Weak Reference, 0.0000243 secs]
Desired survivor size 6815744 bytes, new threshold 1 (max 15)
[PSYoungGen: 44906K->3969K(49664K)] 681192K->641129K(742400K), 0.0090008 secs] [Times: user=0.11 sys=0.01, real=0.01 secs] 
2019-02-01T03:31:45.244+0000: 805071.250: Total time for which application threads were stopped: 0.0116262 seconds, Stopping threads took: 0.0000471 seconds
2019-02-01T03:31:46.382+0000: 805072.388: Application time: 1.1379364 seconds
2019-02-01T03:31:46.386+0000: 805072.392: [GC (Allocation Failure) 2019-02-01T03:31:46.392+0000: 805072.397: [SoftReference, 0 refs, 0.0000386 secs]2019-02-01T03:31:46.392+0000: 805072.397: [WeakReference, 14 refs, 0.0000169 secs]2019-02-01T03:31:46.392+0000: 805072.397: [FinalReference, 288 refs, 0.0001478 secs]2019-02-01T03:31:46.392+0000: 805072.398: [PhantomReference, 0 refs, 0 refs, 0.0000151 secs]2019-02-01T03:31:46.392+0000: 805072.398: [JNI Weak Reference, 0.0000217 secs]
Desired survivor size 6815744 bytes, new threshold 1 (max 15)
[PSYoungGen: 46870K->4200K(49664K)] 684030K->642128K(742400K), 0.0090779 secs] [Times: user=0.09 sys=0.00, real=0.01 secs] 
2019-02-01T03:31:46.395+0000: 805072.401: Total time for which application threads were stopped: 0.0129375 seconds, Stopping threads took: 0.0000643 seconds
2019-02-01T03:31:47.434+0000: 805073.439: Application time: 1.0384944 seconds
2019-02-01T03:31:47.437+0000: 805073.443: Total time for which application threads were stopped: 0.0034451 seconds, Stopping threads took: 0.0000959 seconds
2019-02-01T03:31:47.437+0000: 805073.443: Application time: 0.0001467 seconds
2019-02-01T03:31:47.440+0000: 805073.445: [GC (GCLocker Initiated GC) 2019-02-01T03:31:47.444+0000: 805073.450: [SoftReference, 0 refs, 0.0000505 secs]2019-02-01T03:31:47.444+0000: 805073.450: [WeakReference, 12 refs, 0.0000169 secs]2019-02-01T03:31:47.444+0000: 805073.450: [FinalReference, 421 refs, 0.0002039 secs]2019-02-01T03:31:47.445+0000: 805073.450: [PhantomReference, 0 refs, 0 refs, 0.0000149 secs]2019-02-01T03:31:47.445+0000: 805073.450: [JNI Weak Reference, 0.0000225 secs]
Desired survivor size 6815744 bytes, new threshold 1 (max 15)
[PSYoungGen: 47208K->4496K(55808K)] 685138K->643478K(748544K), 0.0083858 secs] [Times: user=0.09 sys=0.01, real=0.01 secs] 
2019-02-01T03:31:47.448+0000: 805073.454: Total time for which application threads were stopped: 0.0107828 seconds, Stopping threads took: 0.0000408 seconds
2019-02-01T03:31:48.695+0000: 805074.701: Application time: 1.2467935 seconds
2019-02-01T03:31:48.698+0000: 805074.703: Total time for which application threads were stopped: 0.0027508 seconds, Stopping threads took: 0.0001111 seconds
2019-02-01T03:31:48.831+0000: 805074.837: Application time: 0.1331547 seconds
2019-02-01T03:31:48.833+0000: 805074.839: [GC (Allocation Failure) 2019-02-01T03:31:48.839+0000: 805074.845: [SoftReference, 0 refs, 0.0000392 secs]2019-02-01T03:31:48.839+0000: 805074.845: [WeakReference, 15 refs, 0.0000172 secs]2019-02-01T03:31:48.839+0000: 805074.845: [FinalReference, 406 refs, 0.0002127 secs]2019-02-01T03:31:48.839+0000: 805074.845: [PhantomReference, 0 refs, 0 refs, 0.0000161 secs]2019-02-01T03:31:48.839+0000: 805074.845: [JNI Weak Reference, 0.0000224 secs]
Desired survivor size 6291456 bytes, new threshold 1 (max 15)
[PSYoungGen: 53648K->3237K(55808K)] 692634K->643418K(748544K), 0.0091279 secs] [Times: user=0.10 sys=0.00, real=0.01 secs] 
2019-02-01T03:31:48.843+0000: 805074.848: Total time for which application threads were stopped: 0.0119197 seconds, Stopping threads took: 0.0000420 seconds
2019-02-01T03:31:50.166+0000: 805076.172: Application time: 1.3235850 seconds
2019-02-01T03:31:50.170+0000: 805076.176: [GC (Allocation Failure) 2019-02-01T03:31:50.176+0000: 805076.182: [SoftReference, 0 refs, 0.0000471 secs]2019-02-01T03:31:50.176+0000: 805076.182: [WeakReference, 10 refs, 0.0000162 secs]2019-02-01T03:31:50.176+0000: 805076.182: [FinalReference, 322 refs, 0.0001616 secs]2019-02-01T03:31:50.176+0000: 805076.182: [PhantomReference, 0 refs, 0 refs, 0.0000150 secs]2019-02-01T03:31:50.176+0000: 805076.182: [JNI Weak Reference, 0.0000223 secs]
Desired survivor size 6291456 bytes, new threshold 1 (max 15)
[PSYoungGen: 52389K->3854K(62464K)] 692570K->645458K(755200K), 0.0092448 secs] [Times: user=0.11 sys=0.01, real=0.01 secs] 
2019-02-01T03:31:50.180+0000: 805076.185: Total time for which application threads were stopped: 0.0133656 seconds, Stopping threads took: 0.0000612 seconds
2019-02-01T03:31:51.903+0000: 805077.909: Application time: 1.7232790 seconds
2019-02-01T03:31:51.906+0000: 805077.912: Total time for which application threads were stopped: 0.0028201 seconds, Stopping threads took: 0.0000565 seconds
2019-02-01T03:31:51.906+0000: 805077.912: Application time: 0.0001083 seconds
2019-02-01T03:31:51.908+0000: 805077.914: [GC (GCLocker Initiated GC) 2019-02-01T03:31:51.914+0000: 805077.920: [SoftReference, 0 refs, 0.0000442 secs]2019-02-01T03:31:51.914+0000: 805077.920: [WeakReference, 25 refs, 0.0000201 secs]2019-02-01T03:31:51.914+0000: 805077.920: [FinalReference, 439 refs, 0.0002207 secs]2019-02-01T03:31:51.914+0000: 805077.920: [PhantomReference, 0 refs, 0 refs, 0.0000177 secs]2019-02-01T03:31:51.914+0000: 805077.920: [JNI Weak Reference, 0.0000218 secs]
Desired survivor size 6291456 bytes, new threshold 1 (max 15)
[PSYoungGen: 60174K->4589K(59904K)] 701780K->647768K(752640K), 0.0087178 secs] [Times: user=0.13 sys=0.00, real=0.00 secs] 
2019-02-01T03:31:51.917+0000: 805077.922: Total time for which application threads were stopped: 0.0107462 seconds, Stopping threads took: 0.0000292 seconds
2019-02-01T03:31:53.821+0000: 805079.826: Application time: 1.9038965 seconds
2019-02-01T03:31:53.825+0000: 805079.830: [GC (Allocation Failure) 2019-02-01T03:31:53.830+0000: 805079.835: [SoftReference, 0 refs, 0.0000463 secs]2019-02-01T03:31:53.830+0000: 805079.835: [WeakReference, 11 refs, 0.0000167 secs]2019-02-01T03:31:53.830+0000: 805079.835: [FinalReference, 374 refs, 0.0001663 secs]2019-02-01T03:31:53.830+0000: 805079.836: [PhantomReference, 0 refs, 0 refs, 0.0000157 secs]2019-02-01T03:31:53.830+0000: 805079.836: [JNI Weak Reference, 0.0000219 secs]
Desired survivor size 6291456 bytes, new threshold 1 (max 15)
[PSYoungGen: 59885K->3817K(59392K)] 703068K->648223K(752128K), 0.0085167 secs] [Times: user=0.08 sys=0.00, real=0.01 secs] 
2019-02-01T03:31:53.833+0000: 805079.839: Total time for which application threads were stopped: 0.0127730 seconds, Stopping threads took: 0.0000682 seconds
2019-02-01T03:31:55.840+0000: 805081.846: Application time: 2.0070744 seconds
2019-02-01T03:31:55.845+0000: 805081.850: [GC (Allocation Failure) 2019-02-01T03:31:55.849+0000: 805081.855: [SoftReference, 0 refs, 0.0000391 secs]2019-02-01T03:31:55.849+0000: 805081.855: [WeakReference, 14 refs, 0.0000168 secs]2019-02-01T03:31:55.849+0000: 805081.855: [FinalReference, 367 refs, 0.0001873 secs]2019-02-01T03:31:55.850+0000: 805081.855: [PhantomReference, 0 refs, 0 refs, 0.0000154 secs]2019-02-01T03:31:55.850+0000: 805081.855: [JNI Weak Reference, 0.0000226 secs]
Desired survivor size 6291456 bytes, new threshold 1 (max 15)
[PSYoungGen: 58089K->4070K(57344K)] 702495K->649485K(750080K), 0.0086966 secs] [Times: user=0.11 sys=0.00, real=0.01 secs] 
2019-02-01T03:31:55.853+0000: 805081.859: Total time for which application threads were stopped: 0.0129500 seconds, Stopping threads took: 0.0000670 seconds
2019-02-01T03:31:56.964+0000: 805082.970: Application time: 1.1105028 seconds
2019-02-01T03:31:56.968+0000: 805082.974: Total time for which application threads were stopped: 0.0044235 seconds, Stopping threads took: 0.0001298 seconds
2019-02-01T03:31:57.404+0000: 805083.409: Application time: 0.4352568 seconds
2019-02-01T03:31:57.407+0000: 805083.413: [GC (Allocation Failure) 2019-02-01T03:31:57.412+0000: 805083.418: [SoftReference, 0 refs, 0.0000526 secs]2019-02-01T03:31:57.413+0000: 805083.418: [WeakReference, 54 refs, 0.0000231 secs]2019-02-01T03:31:57.413+0000: 805083.418: [FinalReference, 373 refs, 0.0001566 secs]2019-02-01T03:31:57.413+0000: 805083.419: [PhantomReference, 0 refs, 0 refs, 0.0000166 secs]2019-02-01T03:31:57.413+0000: 805083.419: [JNI Weak Reference, 0.0000228 secs]
Desired survivor size 6291456 bytes, new threshold 1 (max 15)
[PSYoungGen: 57318K->4743K(57344K)] 702733K->651058K(750080K), 0.0091498 secs] [Times: user=0.10 sys=0.01, real=0.01 secs] 
2019-02-01T03:31:57.417+0000: 805083.422: Total time for which application threads were stopped: 0.0130166 seconds, Stopping threads took: 0.0000915 seconds
2019-02-01T03:31:57.569+0000: 805083.575: Application time: 0.1522389 seconds
2019-02-01T03:31:57.572+0000: 805083.578: Total time for which application threads were stopped: 0.0035991 seconds, Stopping threads took: 0.0000456 seconds
2019-02-01T03:31:57.662+0000: 805083.668: Application time: 0.0893824 seconds
2019-02-01T03:31:57.664+0000: 805083.670: Total time for which application threads were stopped: 0.0022015 seconds, Stopping threads took: 0.0000473 seconds
2019-02-01T03:31:57.674+0000: 805083.680: Application time: 0.0103855 seconds
2019-02-01T03:31:57.676+0000: 805083.682: Total time for which application threads were stopped: 0.0017331 seconds, Stopping threads took: 0.0000398 seconds
2019-02-01T03:31:58.074+0000: 805084.080: Application time: 0.3976104 seconds
2019-02-01T03:31:58.076+0000: 805084.081: Total time for which application threads were stopped: 0.0019069 seconds, Stopping threads took: 0.0001368 seconds
2019-02-01T03:31:58.888+0000: 805084.894: Application time: 0.8123456 seconds
2019-02-01T03:31:58.891+0000: 805084.897: [GC (Allocation Failure) 2019-02-01T03:31:58.896+0000: 805084.902: [SoftReference, 0 refs, 0.0000455 secs]2019-02-01T03:31:58.896+0000: 805084.902: [WeakReference, 32 refs, 0.0000207 secs]2019-02-01T03:31:58.896+0000: 805084.902: [FinalReference, 396 refs, 0.0001465 secs]2019-02-01T03:31:58.896+0000: 805084.902: [PhantomReference, 0 refs, 0 refs, 0.0000146 secs]2019-02-01T03:31:58.896+0000: 805084.902: [JNI Weak Reference, 0.0000224 secs]
Desired survivor size 6291456 bytes, new threshold 1 (max 15)
[PSYoungGen: 56967K->3809K(55296K)] 703282K->651652K(748032K), 0.0089323 secs] [Times: user=0.10 sys=0.00, real=0.01 secs] 
2019-02-01T03:31:58.900+0000: 805084.906: Total time for which application threads were stopped: 0.0119574 seconds, Stopping threads took: 0.0000486 seconds
2019-02-01T03:32:00.271+0000: 805086.276: Application time: 1.3707052 seconds
2019-02-01T03:32:00.273+0000: 805086.279: Total time for which application threads were stopped: 0.0026957 seconds, Stopping threads took: 0.0000910 seconds
2019-02-01T03:32:00.274+0000: 805086.279: Application time: 0.0001957 seconds
2019-02-01T03:32:00.276+0000: 805086.281: [GC (GCLocker Initiated GC) 2019-02-01T03:32:00.282+0000: 805086.287: [SoftReference, 0 refs, 0.0000439 secs]2019-02-01T03:32:00.282+0000: 805086.287: [WeakReference, 12 refs, 0.0000177 secs]2019-02-01T03:32:00.282+0000: 805086.287: [FinalReference, 356 refs, 0.0001708 secs]2019-02-01T03:32:00.282+0000: 805086.288: [PhantomReference, 0 refs, 0 refs, 0.0000146 secs]2019-02-01T03:32:00.282+0000: 805086.288: [JNI Weak Reference, 0.0000224 secs]
Desired survivor size 6291456 bytes, new threshold 1 (max 15)
[PSYoungGen: 55009K->2871K(55296K)] 702852K->651990K(748032K), 0.0098076 secs] [Times: user=0.13 sys=0.01, real=0.01 secs] 
2019-02-01T03:32:00.286+0000: 805086.291: Total time for which application threads were stopped: 0.0119431 seconds, Stopping threads took: 0.0000895 seconds
2019-02-01T03:32:01.601+0000: 805087.607: Application time: 1.3157903 seconds
2019-02-01T03:32:01.605+0000: 805087.611: [GC (Allocation Failure) 2019-02-01T03:32:01.611+0000: 805087.617: [SoftReference, 0 refs, 0.0000422 secs]2019-02-01T03:32:01.611+0000: 805087.617: [WeakReference, 14 refs, 0.0000178 secs]2019-02-01T03:32:01.611+0000: 805087.617: [FinalReference, 385 refs, 0.0001878 secs]2019-02-01T03:32:01.611+0000: 805087.617: [PhantomReference, 0 refs, 0 refs, 0.0000150 secs]2019-02-01T03:32:01.611+0000: 805087.617: [JNI Weak Reference, 0.0000264 secs]
Desired survivor size 6291456 bytes, new threshold 1 (max 15)
[PSYoungGen: 53047K->4666K(54272K)] 702261K->654952K(747008K), 0.0103242 secs] [Times: user=0.13 sys=0.00, real=0.01 secs] 
2019-02-01T03:32:01.615+0000: 805087.621: Total time for which application threads were stopped: 0.0140126 seconds, Stopping threads took: 0.0000551 seconds
2019-02-01T03:32:01.906+0000: 805087.912: Application time: 0.2906300 seconds
2019-02-01T03:32:01.909+0000: 805087.915: Total time for which application threads were stopped: 0.0033595 seconds, Stopping threads took: 0.0000679 seconds
2019-02-01T03:32:03.449+0000: 805089.455: Application time: 1.5400645 seconds
2019-02-01T03:32:03.454+0000: 805089.459: [GC (Allocation Failure) 2019-02-01T03:32:03.460+0000: 805089.465: [SoftReference, 0 refs, 0.0000362 secs]2019-02-01T03:32:03.460+0000: 805089.465: [WeakReference, 12 refs, 0.0000168 secs]2019-02-01T03:32:03.460+0000: 805089.465: [FinalReference, 319 refs, 0.0001354 secs]2019-02-01T03:32:03.460+0000: 805089.466: [PhantomReference, 0 refs, 0 refs, 0.0000151 secs]2019-02-01T03:32:03.460+0000: 805089.466: [JNI Weak Reference, 0.0000225 secs]
Desired survivor size 6291456 bytes, new threshold 1 (max 15)
[PSYoungGen: 53818K->3239K(53248K)] 704104K->654438K(745984K), 0.0099107 secs] [Times: user=0.11 sys=0.00, real=0.01 secs] 
2019-02-01T03:32:03.464+0000: 805089.469: Total time for which application threads were stopped: 0.0142596 seconds, Stopping threads took: 0.0000816 seconds
2019-02-01T03:32:04.961+0000: 805090.967: Application time: 1.4972994 seconds
2019-02-01T03:32:04.965+0000: 805090.970: [GC (Allocation Failure) 2019-02-01T03:32:04.969+0000: 805090.975: [SoftReference, 0 refs, 0.0000278 secs]2019-02-01T03:32:04.969+0000: 805090.975: [WeakReference, 19 refs, 0.0000122 secs]2019-02-01T03:32:04.969+0000: 805090.975: [FinalReference, 381 refs, 0.0001176 secs]2019-02-01T03:32:04.969+0000: 805090.975: [PhantomReference, 0 refs, 0 refs, 0.0000089 secs]2019-02-01T03:32:04.969+0000: 805090.975: [JNI Weak Reference, 0.0000146 secs]
Desired survivor size 5767168 bytes, new threshold 1 (max 15)
[PSYoungGen: 51367K->3159K(50688K)] 702566K->655660K(743424K), 0.0071239 secs] [Times: user=0.08 sys=0.00, real=0.01 secs] 
2019-02-01T03:32:04.972+0000: 805090.978: Total time for which application threads were stopped: 0.0108038 seconds, Stopping threads took: 0.0000553 seconds
2019-02-01T03:32:06.113+0000: 805092.119: Application time: 1.1412106 seconds
2019-02-01T03:32:06.117+0000: 805092.123: Total time for which application threads were stopped: 0.0039936 seconds, Stopping threads took: 0.0001136 seconds
2019-02-01T03:32:06.117+0000: 805092.123: Application time: 0.0002069 seconds
2019-02-01T03:32:06.120+0000: 805092.125: [GC (GCLocker Initiated GC) 2019-02-01T03:32:06.126+0000: 805092.132: [SoftReference, 0 refs, 0.0000510 secs]2019-02-01T03:32:06.126+0000: 805092.132: [WeakReference, 21 refs, 0.0000202 secs]2019-02-01T03:32:06.126+0000: 805092.132: [FinalReference, 392 refs, 0.0001881 secs]2019-02-01T03:32:06.126+0000: 805092.132: [PhantomReference, 0 refs, 0 refs, 0.0000149 secs]2019-02-01T03:32:06.126+0000: 805092.132: [JNI Weak Reference, 0.0000271 secs]
Desired survivor size 6815744 bytes, new threshold 1 (max 15)
[PSYoungGen: 50263K->5617K(51712K)] 702774K->659394K(744448K), 0.0112208 secs] [Times: user=0.11 sys=0.00, real=0.01 secs] 
2019-02-01T03:32:06.131+0000: 805092.137: Total time for which application threads were stopped: 0.0138515 seconds, Stopping threads took: 0.0000895 seconds
2019-02-01T03:32:07.517+0000: 805093.523: Application time: 1.3859444 seconds
2019-02-01T03:32:07.521+0000: 805093.527: [GC (Allocation Failure) 2019-02-01T03:32:07.527+0000: 805093.532: [SoftReference, 0 refs, 0.0000419 secs]2019-02-01T03:32:07.527+0000: 805093.532: [WeakReference, 8 refs, 0.0000162 secs]2019-02-01T03:32:07.527+0000: 805093.532: [FinalReference, 294 refs, 0.0001485 secs]2019-02-01T03:32:07.527+0000: 805093.533: [PhantomReference, 0 refs, 0 refs, 0.0000149 secs]2019-02-01T03:32:07.527+0000: 805093.533: [JNI Weak Reference, 0.0000269 secs]
Desired survivor size 6815744 bytes, new threshold 1 (max 15)
[PSYoungGen: 51697K->2716K(48128K)] 705477K->658101K(740864K), 0.0105592 secs] [Times: user=0.11 sys=0.00, real=0.01 secs] 
2019-02-01T03:32:07.532+0000: 805093.537: Total time for which application threads were stopped: 0.0145981 seconds, Stopping threads took: 0.0000595 seconds
2019-02-01T03:32:08.869+0000: 805094.875: Application time: 1.3376597 seconds
2019-02-01T03:32:08.872+0000: 805094.878: [GC (Allocation Failure) 2019-02-01T03:32:08.882+0000: 805094.888: [SoftReference, 0 refs, 0.0000583 secs]2019-02-01T03:32:08.882+0000: 805094.888: [WeakReference, 10 refs, 0.0000102 secs]2019-02-01T03:32:08.882+0000: 805094.888: [FinalReference, 407 refs, 0.0001464 secs]2019-02-01T03:32:08.883+0000: 805094.888: [PhantomReference, 0 refs, 0 refs, 0.0000090 secs]2019-02-01T03:32:08.883+0000: 805094.888: [JNI Weak Reference, 0.0000187 secs]
Desired survivor size 6815744 bytes, new threshold 1 (max 15)
[PSYoungGen: 47772K->3241K(51712K)] 703157K->659796K(744448K), 0.0142069 secs] [Times: user=0.24 sys=0.00, real=0.01 secs] 
2019-02-01T03:32:08.886+0000: 805094.892: Total time for which application threads were stopped: 0.0169202 seconds, Stopping threads took: 0.0000524 seconds
2019-02-01T03:32:10.195+0000: 805096.201: Application time: 1.3086289 seconds
2019-02-01T03:32:10.198+0000: 805096.203: Total time for which application threads were stopped: 0.0027684 seconds, Stopping threads took: 0.0000559 seconds
2019-02-01T03:32:10.198+0000: 805096.204: Application time: 0.0001605 seconds
2019-02-01T03:32:10.200+0000: 805096.205: [GC (GCLocker Initiated GC) 2019-02-01T03:32:10.205+0000: 805096.211: [SoftReference, 0 refs, 0.0000437 secs]2019-02-01T03:32:10.205+0000: 805096.211: [WeakReference, 8 refs, 0.0000161 secs]2019-02-01T03:32:10.205+0000: 805096.211: [FinalReference, 335 refs, 0.0001627 secs]2019-02-01T03:32:10.206+0000: 805096.211: [PhantomReference, 0 refs, 0 refs, 0.0000250 secs]2019-02-01T03:32:10.206+0000: 805096.211: [JNI Weak Reference, 0.0000223 secs]
Desired survivor size 6815744 bytes, new threshold 1 (max 15)
[PSYoungGen: 48297K->2741K(51712K)] 704855K->660822K(744448K), 0.0091844 secs] [Times: user=0.11 sys=0.00, real=0.00 secs] 
2019-02-01T03:32:10.209+0000: 805096.215: Total time for which application threads were stopped: 0.0112330 seconds, Stopping threads took: 0.0000318 seconds
2019-02-01T03:32:11.156+0000: 805097.162: Application time: 0.9469229 seconds
2019-02-01T03:32:11.159+0000: 805097.165: [GC (Allocation Failure) 2019-02-01T03:32:11.168+0000: 805097.174: [SoftReference, 0 refs, 0.0000443 secs]2019-02-01T03:32:11.168+0000: 805097.174: [WeakReference, 10 refs, 0.0000162 secs]2019-02-01T03:32:11.168+0000: 805097.174: [FinalReference, 397 refs, 0.0002046 secs]2019-02-01T03:32:11.168+0000: 805097.174: [PhantomReference, 0 refs, 0 refs, 0.0000149 secs]2019-02-01T03:32:11.168+0000: 805097.174: [JNI Weak Reference, 0.0000263 secs]
Desired survivor size 6815744 bytes, new threshold 1 (max 15)
[PSYoungGen: 47797K->2296K(58368K)] 705881K->660995K(751104K), 0.0125626 secs] [Times: user=0.20 sys=0.01, real=0.02 secs] 
2019-02-01T03:32:11.172+0000: 805097.178: Total time for which application threads were stopped: 0.0160911 seconds, Stopping threads took: 0.0001331 seconds
2019-02-01T03:32:12.582+0000: 805098.588: Application time: 1.4103499 seconds
2019-02-01T03:32:12.585+0000: 805098.591: [GC (Allocation Failure) 2019-02-01T03:32:12.591+0000: 805098.597: [SoftReference, 0 refs, 0.0000440 secs]2019-02-01T03:32:12.591+0000: 805098.597: [WeakReference, 11 refs, 0.0000172 secs]2019-02-01T03:32:12.591+0000: 805098.597: [FinalReference, 322 refs, 0.0001764 secs]2019-02-01T03:32:12.592+0000: 805098.597: [PhantomReference, 0 refs, 0 refs, 0.0000154 secs]2019-02-01T03:32:12.592+0000: 805098.597: [JNI Weak Reference, 0.0000266 secs]
Desired survivor size 6815744 bytes, new threshold 1 (max 15)
[PSYoungGen: 54007K->4452K(58368K)] 712707K->664038K(751104K), 0.0097222 secs] [Times: user=0.11 sys=0.00, real=0.01 secs] 
2019-02-01T03:32:12.595+0000: 805098.601: Total time for which application threads were stopped: 0.0128298 seconds, Stopping threads took: 0.0001353 seconds
2019-02-01T03:32:14.210+0000: 805100.216: Application time: 1.6149774 seconds
2019-02-01T03:32:14.213+0000: 805100.219: [GC (Allocation Failure) 2019-02-01T03:32:14.219+0000: 805100.225: [SoftReference, 0 refs, 0.0000386 secs]2019-02-01T03:32:14.219+0000: 805100.225: [WeakReference, 6 refs, 0.0000145 secs]2019-02-01T03:32:14.219+0000: 805100.225: [FinalReference, 399 refs, 0.0001921 secs]2019-02-01T03:32:14.220+0000: 805100.225: [PhantomReference, 0 refs, 0 refs, 0.0000146 secs]2019-02-01T03:32:14.220+0000: 805100.225: [JNI Weak Reference, 0.0000209 secs]
Desired survivor size 6815744 bytes, new threshold 1 (max 15)
[PSYoungGen: 56164K->1964K(65536K)] 715750K->663026K(758272K), 0.0094665 secs] [Times: user=0.13 sys=0.01, real=0.01 secs] 
2019-02-01T03:32:14.223+0000: 805100.229: Total time for which application threads were stopped: 0.0128059 seconds, Stopping threads took: 0.0000631 seconds
2019-02-01T03:32:16.443+0000: 805102.449: Application time: 2.2203141 seconds
2019-02-01T03:32:16.446+0000: 805102.452: [GC (Allocation Failure) 2019-02-01T03:32:16.451+0000: 805102.456: [SoftReference, 0 refs, 0.0000433 secs]2019-02-01T03:32:16.451+0000: 805102.456: [WeakReference, 16 refs, 0.0000176 secs]2019-02-01T03:32:16.451+0000: 805102.456: [FinalReference, 387 refs, 0.0001949 secs]2019-02-01T03:32:16.451+0000: 805102.457: [PhantomReference, 0 refs, 0 refs, 0.0000155 secs]2019-02-01T03:32:16.451+0000: 805102.457: [JNI Weak Reference, 0.0000211 secs]
Desired survivor size 6815744 bytes, new threshold 1 (max 15)
[PSYoungGen: 61356K->4620K(63488K)] 722418K->666457K(756224K), 0.0079033 secs] [Times: user=0.07 sys=0.00, real=0.01 secs] 
2019-02-01T03:32:16.454+0000: 805102.460: Total time for which application threads were stopped: 0.0110027 seconds, Stopping threads took: 0.0000562 seconds
2019-02-01T03:32:18.234+0000: 805104.240: Application time: 1.7798159 seconds
2019-02-01T03:32:18.237+0000: 805104.243: [GC (Allocation Failure) 2019-02-01T03:32:18.242+0000: 805104.248: [SoftReference, 0 refs, 0.0000276 secs]2019-02-01T03:32:18.242+0000: 805104.248: [WeakReference, 7 refs, 0.0000090 secs]2019-02-01T03:32:18.242+0000: 805104.248: [FinalReference, 480 refs, 0.0001546 secs]2019-02-01T03:32:18.242+0000: 805104.248: [PhantomReference, 0 refs, 0 refs, 0.0000081 secs]2019-02-01T03:32:18.242+0000: 805104.248: [JNI Weak Reference, 0.0000139 secs]
Desired survivor size 6815744 bytes, new threshold 1 (max 15)
[PSYoungGen: 62988K->4315K(62976K)] 724825K->666946K(755712K), 0.0074885 secs] [Times: user=0.11 sys=0.01, real=0.01 secs] 
2019-02-01T03:32:18.245+0000: 805104.250: Total time for which application threads were stopped: 0.0104605 seconds, Stopping threads took: 0.0000554 seconds
2019-02-01T03:32:20.706+0000: 805106.712: Application time: 2.4615050 seconds
2019-02-01T03:32:20.709+0000: 805106.715: [GC (Allocation Failure) 2019-02-01T03:32:20.719+0000: 805106.725: [SoftReference, 0 refs, 0.0000391 secs]2019-02-01T03:32:20.719+0000: 805106.725: [WeakReference, 11 refs, 0.0000162 secs]2019-02-01T03:32:20.719+0000: 805106.725: [FinalReference, 354 refs, 0.0001712 secs]2019-02-01T03:32:20.720+0000: 805106.725: [PhantomReference, 0 refs, 0 refs, 0.0000148 secs]2019-02-01T03:32:20.720+0000: 805106.725: [JNI Weak Reference, 0.0000203 secs]
Desired survivor size 6815744 bytes, new threshold 1 (max 15)
[PSYoungGen: 61659K->2796K(59392K)] 724290K->666113K(752128K), 0.0135508 secs] [Times: user=0.19 sys=0.01, real=0.02 secs] 
2019-02-01T03:32:20.723+0000: 805106.729: Total time for which application threads were stopped: 0.0167915 seconds, Stopping threads took: 0.0001071 seconds
2019-02-01T03:32:23.085+0000: 805109.091: Application time: 2.3623848 seconds
2019-02-01T03:32:23.088+0000: 805109.094: [GC (Allocation Failure) 2019-02-01T03:32:23.096+0000: 805109.102: [SoftReference, 0 refs, 0.0000322 secs]2019-02-01T03:32:23.096+0000: 805109.102: [WeakReference, 30 refs, 0.0000179 secs]2019-02-01T03:32:23.096+0000: 805109.102: [FinalReference, 346 refs, 0.0001373 secs]2019-02-01T03:32:23.097+0000: 805109.102: [PhantomReference, 0 refs, 0 refs, 0.0000163 secs]2019-02-01T03:32:23.097+0000: 805109.102: [JNI Weak Reference, 0.0000250 secs]
Desired survivor size 6815744 bytes, new threshold 1 (max 15)
[PSYoungGen: 59116K->2889K(60928K)] 722433K->667616K(753664K), 0.0115803 secs] [Times: user=0.18 sys=0.00, real=0.01 secs] 
2019-02-01T03:32:23.100+0000: 805109.106: Total time for which application threads were stopped: 0.0147772 seconds, Stopping threads took: 0.0000655 seconds
2019-02-01T03:32:25.699+0000: 805111.705: Application time: 2.5987473 seconds
2019-02-01T03:32:25.703+0000: 805111.708: [GC (Allocation Failure) 2019-02-01T03:32:25.708+0000: 805111.714: [SoftReference, 0 refs, 0.0000404 secs]2019-02-01T03:32:25.708+0000: 805111.714: [WeakReference, 21 refs, 0.0000180 secs]2019-02-01T03:32:25.708+0000: 805111.714: [FinalReference, 304 refs, 0.0001418 secs]2019-02-01T03:32:25.708+0000: 805111.714: [PhantomReference, 0 refs, 0 refs, 0.0000144 secs]2019-02-01T03:32:25.708+0000: 805111.714: [JNI Weak Reference, 0.0000242 secs]
Desired survivor size 6291456 bytes, new threshold 1 (max 15)
[PSYoungGen: 58185K->3037K(57344K)] 722912K->669194K(750080K), 0.0097275 secs] [Times: user=0.09 sys=0.00, real=0.00 secs] 
2019-02-01T03:32:25.712+0000: 805111.718: Total time for which application threads were stopped: 0.0135922 seconds, Stopping threads took: 0.0000687 seconds
2019-02-01T03:32:28.076+0000: 805114.082: Application time: 2.3639995 seconds
2019-02-01T03:32:28.079+0000: 805114.085: [GC (Allocation Failure) 2019-02-01T03:32:28.084+0000: 805114.090: [SoftReference, 0 refs, 0.0000382 secs]2019-02-01T03:32:28.084+0000: 805114.090: [WeakReference, 15 refs, 0.0000178 secs]2019-02-01T03:32:28.084+0000: 805114.090: [FinalReference, 401 refs, 0.0002024 secs]2019-02-01T03:32:28.084+0000: 805114.090: [PhantomReference, 0 refs, 0 refs, 0.0000145 secs]2019-02-01T03:32:28.084+0000: 805114.090: [JNI Weak Reference, 0.0000249 secs]
Desired survivor size 6291456 bytes, new threshold 1 (max 15)
[PSYoungGen: 57309K->4159K(58368K)] 723466K->672033K(751104K), 0.0083641 secs] [Times: user=0.09 sys=0.00, real=0.01 secs] 
2019-02-01T03:32:28.088+0000: 805114.094: Total time for which application threads were stopped: 0.0115528 seconds, Stopping threads took: 0.0000644 seconds
2019-02-01T03:32:30.696+0000: 805116.702: Application time: 2.6078149 seconds
2019-02-01T03:32:30.699+0000: 805116.705: [GC (Allocation Failure) 2019-02-01T03:32:30.703+0000: 805116.709: [SoftReference, 0 refs, 0.0000327 secs]2019-02-01T03:32:30.703+0000: 805116.709: [WeakReference, 14 refs, 0.0000162 secs]2019-02-01T03:32:30.703+0000: 805116.709: [FinalReference, 339 refs, 0.0001297 secs]2019-02-01T03:32:30.704+0000: 805116.709: [PhantomReference, 0 refs, 0 refs, 0.0000144 secs]2019-02-01T03:32:30.704+0000: 805116.709: [JNI Weak Reference, 0.0000208 secs]
Desired survivor size 6291456 bytes, new threshold 1 (max 15)
[PSYoungGen: 57407K->2272K(54784K)] 725281K->671104K(747520K), 0.0081658 secs] [Times: user=0.10 sys=0.01, real=0.01 secs] 
2019-02-01T03:32:30.707+0000: 805116.713: Total time for which application threads were stopped: 0.0113401 seconds, Stopping threads took: 0.0000623 seconds
2019-02-01T03:32:32.874+0000: 805118.879: Application time: 2.1664017 seconds
2019-02-01T03:32:32.877+0000: 805118.882: [GC (Allocation Failure) 2019-02-01T03:32:32.882+0000: 805118.887: [SoftReference, 0 refs, 0.0000325 secs]2019-02-01T03:32:32.882+0000: 805118.887: [WeakReference, 11 refs, 0.0000167 secs]2019-02-01T03:32:32.882+0000: 805118.887: [FinalReference, 400 refs, 0.0001508 secs]2019-02-01T03:32:32.882+0000: 805118.888: [PhantomReference, 0 refs, 0 refs, 0.0000146 secs]2019-02-01T03:32:32.882+0000: 805118.888: [JNI Weak Reference, 0.0000216 secs]
Desired survivor size 6291456 bytes, new threshold 1 (max 15)
[PSYoungGen: 54496K->2228K(56320K)] 723328K->672174K(749056K), 0.0086835 secs] [Times: user=0.10 sys=0.00, real=0.01 secs] 
2019-02-01T03:32:32.885+0000: 805118.891: Total time for which application threads were stopped: 0.0118112 seconds, Stopping threads took: 0.0000669 seconds
2019-02-01T03:32:35.375+0000: 805121.381: Application time: 2.4899504 seconds
2019-02-01T03:32:35.378+0000: 805121.384: Total time for which application threads were stopped: 0.0031855 seconds, Stopping threads took: 0.0000783 seconds
2019-02-01T03:32:35.379+0000: 805121.384: Application time: 0.0001609 seconds
2019-02-01T03:32:35.381+0000: 805121.386: [GC (GCLocker Initiated GC) 2019-02-01T03:32:35.386+0000: 805121.391: [SoftReference, 0 refs, 0.0000477 secs]2019-02-01T03:32:35.386+0000: 805121.391: [WeakReference, 21 refs, 0.0000236 secs]2019-02-01T03:32:35.386+0000: 805121.391: [FinalReference, 291 refs, 0.0001239 secs]2019-02-01T03:32:35.386+0000: 805121.392: [PhantomReference, 0 refs, 0 refs, 0.0000144 secs]2019-02-01T03:32:35.386+0000: 805121.392: [JNI Weak Reference, 0.0000214 secs]
Desired survivor size 6815744 bytes, new threshold 1 (max 15)
[PSYoungGen: 53428K->4901K(55296K)] 723376K->676029K(748032K), 0.0084006 secs] [Times: user=0.09 sys=0.01, real=0.01 secs] 
2019-02-01T03:32:35.389+0000: 805121.395: Total time for which application threads were stopped: 0.0104678 seconds, Stopping threads took: 0.0000948 seconds
2019-02-01T03:32:37.296+0000: 805123.302: Application time: 1.9067484 seconds
2019-02-01T03:32:37.299+0000: 805123.305: Total time for which application threads were stopped: 0.0029786 seconds, Stopping threads took: 0.0000632 seconds
2019-02-01T03:32:37.299+0000: 805123.305: Application time: 0.0001417 seconds
2019-02-01T03:32:37.301+0000: 805123.307: [GC (GCLocker Initiated GC) 2019-02-01T03:32:37.305+0000: 805123.310: [SoftReference, 0 refs, 0.0000341 secs]2019-02-01T03:32:37.305+0000: 805123.310: [WeakReference, 8 refs, 0.0000144 secs]2019-02-01T03:32:37.305+0000: 805123.311: [FinalReference, 345 refs, 0.0001401 secs]2019-02-01T03:32:37.305+0000: 805123.311: [PhantomReference, 0 refs, 0 refs, 0.0000146 secs]2019-02-01T03:32:37.305+0000: 805123.311: [JNI Weak Reference, 0.0000207 secs]
Desired survivor size 6815744 bytes, new threshold 1 (max 15)
[PSYoungGen: 55077K->2543K(54784K)] 726217K->674531K(747520K), 0.0075362 secs] [Times: user=0.07 sys=0.00, real=0.01 secs] 
2019-02-01T03:32:37.308+0000: 805123.314: Total time for which application threads were stopped: 0.0094103 seconds, Stopping threads took: 0.0000250 seconds
2019-02-01T03:32:39.494+0000: 805125.499: Application time: 2.1851697 seconds
2019-02-01T03:32:39.497+0000: 805125.502: [GC (Allocation Failure) 2019-02-01T03:32:39.500+0000: 805125.506: [SoftReference, 0 refs, 0.0000370 secs]2019-02-01T03:32:39.500+0000: 805125.506: [WeakReference, 19 refs, 0.0000172 secs]2019-02-01T03:32:39.500+0000: 805125.506: [FinalReference, 331 refs, 0.0001256 secs]2019-02-01T03:32:39.501+0000: 805125.506: [PhantomReference, 0 refs, 0 refs, 0.0000142 secs]2019-02-01T03:32:39.501+0000: 805125.506: [JNI Weak Reference, 0.0000211 secs]
Desired survivor size 6291456 bytes, new threshold 1 (max 15)
[PSYoungGen: 51695K->3149K(51712K)] 723703K->676483K(744448K), 0.0077028 secs] [Times: user=0.08 sys=0.00, real=0.00 secs] 
2019-02-01T03:32:39.504+0000: 805125.510: Total time for which application threads were stopped: 0.0107347 seconds, Stopping threads took: 0.0000594 seconds
2019-02-01T03:32:41.211+0000: 805127.217: Application time: 1.7069413 seconds
2019-02-01T03:32:41.214+0000: 805127.220: [GC (Allocation Failure) 2019-02-01T03:32:41.221+0000: 805127.226: [SoftReference, 0 refs, 0.0000368 secs]2019-02-01T03:32:41.221+0000: 805127.226: [WeakReference, 12 refs, 0.0000236 secs]2019-02-01T03:32:41.221+0000: 805127.226: [FinalReference, 379 refs, 0.0001420 secs]2019-02-01T03:32:41.221+0000: 805127.227: [PhantomReference, 0 refs, 0 refs, 0.0000148 secs]2019-02-01T03:32:41.221+0000: 805127.227: [JNI Weak Reference, 0.0000214 secs]
Desired survivor size 6291456 bytes, new threshold 1 (max 15)
[PSYoungGen: 51277K->2708K(52224K)] 724611K->677255K(744960K), 0.0098039 secs] [Times: user=0.14 sys=0.00, real=0.01 secs] 
2019-02-01T03:32:41.224+0000: 805127.230: Total time for which application threads were stopped: 0.0130831 seconds, Stopping threads took: 0.0000585 seconds
2019-02-01T03:32:42.765+0000: 805128.770: Application time: 1.5403257 seconds
2019-02-01T03:32:42.768+0000: 805128.773: Total time for which application threads were stopped: 0.0029341 seconds, Stopping threads took: 0.0000657 seconds
2019-02-01T03:32:42.768+0000: 805128.774: Application time: 0.0001280 seconds
2019-02-01T03:32:42.769+0000: 805128.775: [GC (GCLocker Initiated GC) 2019-02-01T03:32:42.773+0000: 805128.779: [SoftReference, 0 refs, 0.0000303 secs]2019-02-01T03:32:42.773+0000: 805128.779: [WeakReference, 7 refs, 0.0000094 secs]2019-02-01T03:32:42.773+0000: 805128.779: [FinalReference, 348 refs, 0.0001210 secs]2019-02-01T03:32:42.774+0000: 805128.779: [PhantomReference, 0 refs, 0 refs, 0.0000079 secs]2019-02-01T03:32:42.774+0000: 805128.779: [JNI Weak Reference, 0.0000135 secs]
Desired survivor size 5767168 bytes, new threshold 1 (max 15)
[PSYoungGen: 49812K->2626K(49152K)] 724361K->678024K(741888K), 0.0065808 secs] [Times: user=0.08 sys=0.00, real=0.01 secs] 
2019-02-01T03:32:42.776+0000: 805128.782: Total time for which application threads were stopped: 0.0083349 seconds, Stopping threads took: 0.0000334 seconds
2019-02-01T03:32:44.715+0000: 805130.721: Application time: 1.9387924 seconds
2019-02-01T03:32:44.718+0000: 805130.724: [GC (Allocation Failure) 2019-02-01T03:32:44.722+0000: 805130.727: [SoftReference, 0 refs, 0.0000371 secs]2019-02-01T03:32:44.722+0000: 805130.727: [WeakReference, 9 refs, 0.0000157 secs]2019-02-01T03:32:44.722+0000: 805130.727: [FinalReference, 206 refs, 0.0000927 secs]2019-02-01T03:32:44.722+0000: 805130.727: [PhantomReference, 0 refs, 0 refs, 0.0000142 secs]2019-02-01T03:32:44.722+0000: 805130.727: [JNI Weak Reference, 0.0000206 secs]
Desired survivor size 5767168 bytes, new threshold 1 (max 15)
[PSYoungGen: 48706K->2965K(49664K)] 724107K->679161K(742400K), 0.0074020 secs] [Times: user=0.07 sys=0.00, real=0.00 secs] 
2019-02-01T03:32:44.725+0000: 805130.731: Total time for which application threads were stopped: 0.0104468 seconds, Stopping threads took: 0.0000536 seconds
2019-02-01T03:32:46.440+0000: 805132.446: Application time: 1.7145168 seconds
2019-02-01T03:32:46.443+0000: 805132.448: [GC (Allocation Failure) 2019-02-01T03:32:46.447+0000: 805132.452: [SoftReference, 0 refs, 0.0000333 secs]2019-02-01T03:32:46.447+0000: 805132.452: [WeakReference, 8 refs, 0.0000150 secs]2019-02-01T03:32:46.447+0000: 805132.452: [FinalReference, 305 refs, 0.0001237 secs]2019-02-01T03:32:46.447+0000: 805132.452: [PhantomReference, 0 refs, 0 refs, 0.0000145 secs]2019-02-01T03:32:46.447+0000: 805132.452: [JNI Weak Reference, 0.0000208 secs]
Desired survivor size 5767168 bytes, new threshold 1 (max 15)
[PSYoungGen: 48021K->2007K(46592K)] 724217K->678934K(739328K), 0.0074089 secs] [Times: user=0.06 sys=0.00, real=0.01 secs] 
2019-02-01T03:32:46.450+0000: 805132.456: Total time for which application threads were stopped: 0.0103803 seconds, Stopping threads took: 0.0000530 seconds
2019-02-01T03:32:48.420+0000: 805134.426: Application time: 1.9697128 seconds
2019-02-01T03:32:48.423+0000: 805134.429: [GC (Allocation Failure) 2019-02-01T03:32:48.431+0000: 805134.436: [SoftReference, 0 refs, 0.0000490 secs]2019-02-01T03:32:48.431+0000: 805134.436: [WeakReference, 7 refs, 0.0000156 secs]2019-02-01T03:32:48.431+0000: 805134.436: [FinalReference, 315 refs, 0.0001321 secs]2019-02-01T03:32:48.431+0000: 805134.436: [PhantomReference, 0 refs, 0 refs, 0.0000146 secs]2019-02-01T03:32:48.431+0000: 805134.436: [JNI Weak Reference, 0.0000212 secs]
Desired survivor size 5767168 bytes, new threshold 1 (max 15)
[PSYoungGen: 46551K->2329K(49152K)] 723478K->680287K(741888K), 0.0112851 secs] [Times: user=0.19 sys=0.00, real=0.01 secs] 
2019-02-01T03:32:48.434+0000: 805134.440: Total time for which application threads were stopped: 0.0142346 seconds, Stopping threads took: 0.0000693 seconds
2019-02-01T03:32:49.919+0000: 805135.924: Application time: 1.4843663 seconds
2019-02-01T03:32:49.922+0000: 805135.927: [GC (Allocation Failure) 2019-02-01T03:32:49.927+0000: 805135.933: [SoftReference, 0 refs, 0.0000282 secs]2019-02-01T03:32:49.927+0000: 805135.933: [WeakReference, 8 refs, 0.0000147 secs]2019-02-01T03:32:49.927+0000: 805135.933: [FinalReference, 320 refs, 0.0001135 secs]2019-02-01T03:32:49.927+0000: 805135.933: [PhantomReference, 0 refs, 1 refs, 0.0000145 secs]2019-02-01T03:32:49.927+0000: 805135.933: [JNI Weak Reference, 0.0000214 secs]
Desired survivor size 5767168 bytes, new threshold 1 (max 15)
[PSYoungGen: 46361K->2021K(45568K)] 724319K->681466K(738304K), 0.0087460 secs] [Times: user=0.11 sys=0.01, real=0.01 secs] 
2019-02-01T03:32:49.930+0000: 805135.936: Total time for which application threads were stopped: 0.0118468 seconds, Stopping threads took: 0.0000678 seconds
2019-02-01T03:32:51.910+0000: 805137.916: Application time: 1.9799665 seconds
2019-02-01T03:32:51.914+0000: 805137.919: [GC (Allocation Failure) 2019-02-01T03:32:51.918+0000: 805137.923: [SoftReference, 0 refs, 0.0000371 secs]2019-02-01T03:32:51.918+0000: 805137.923: [WeakReference, 24 refs, 0.0000166 secs]2019-02-01T03:32:51.918+0000: 805137.923: [FinalReference, 284 refs, 0.0001504 secs]2019-02-01T03:32:51.918+0000: 805137.924: [PhantomReference, 0 refs, 0 refs, 0.0000150 secs]2019-02-01T03:32:51.918+0000: 805137.924: [JNI Weak Reference, 0.0000212 secs]
Desired survivor size 5242880 bytes, new threshold 1 (max 15)
[PSYoungGen: 45541K->2674K(47104K)] 724986K->683004K(739840K), 0.0078453 secs] [Times: user=0.09 sys=0.01, real=0.01 secs] 
2019-02-01T03:32:51.921+0000: 805137.927: Total time for which application threads were stopped: 0.0110924 seconds, Stopping threads took: 0.0000623 seconds
2019-02-01T03:32:53.631+0000: 805139.637: Application time: 1.7097410 seconds
2019-02-01T03:32:53.634+0000: 805139.640: [GC (Allocation Failure) 2019-02-01T03:32:53.640+0000: 805139.645: [SoftReference, 0 refs, 0.0000310 secs]2019-02-01T03:32:53.640+0000: 805139.645: [WeakReference, 21 refs, 0.0000171 secs]2019-02-01T03:32:53.640+0000: 805139.645: [FinalReference, 281 refs, 0.0001322 secs]2019-02-01T03:32:53.640+0000: 805139.645: [PhantomReference, 0 refs, 0 refs, 0.0000143 secs]2019-02-01T03:32:53.640+0000: 805139.645: [JNI Weak Reference, 0.0000207 secs]
Desired survivor size 5242880 bytes, new threshold 1 (max 15)
[PSYoungGen: 45529K->2511K(45056K)] 725859K->684548K(737792K), 0.0087927 secs] [Times: user=0.07 sys=0.00, real=0.01 secs] 
2019-02-01T03:32:53.643+0000: 805139.649: Total time for which application threads were stopped: 0.0120706 seconds, Stopping threads took: 0.0000695 seconds
2019-02-01T03:32:55.260+0000: 805141.265: Application time: 1.6162778 seconds
2019-02-01T03:32:55.263+0000: 805141.269: [GC (Allocation Failure) 2019-02-01T03:32:55.267+0000: 805141.272: [SoftReference, 0 refs, 0.0000336 secs]2019-02-01T03:32:55.267+0000: 805141.273: [WeakReference, 8 refs, 0.0000199 secs]2019-02-01T03:32:55.267+0000: 805141.273: [FinalReference, 312 refs, 0.0001528 secs]2019-02-01T03:32:55.267+0000: 805141.273: [PhantomReference, 0 refs, 0 refs, 0.0000143 secs]2019-02-01T03:32:55.267+0000: 805141.273: [JNI Weak Reference, 0.0000208 secs]
Desired survivor size 5242880 bytes, new threshold 1 (max 15)
[PSYoungGen: 45007K->1525K(46592K)] 727044K->684712K(739328K), 0.0073960 secs] [Times: user=0.07 sys=0.00, real=0.01 secs] 
2019-02-01T03:32:55.271+0000: 805141.276: Total time for which application threads were stopped: 0.0109414 seconds, Stopping threads took: 0.0000566 seconds
2019-02-01T03:32:57.018+0000: 805143.024: Application time: 1.7474055 seconds
2019-02-01T03:32:57.021+0000: 805143.027: Total time for which application threads were stopped: 0.0031694 seconds, Stopping threads took: 0.0001433 seconds
2019-02-01T03:32:57.062+0000: 805143.068: Application time: 0.0408165 seconds
2019-02-01T03:32:57.064+0000: 805143.070: Total time for which application threads were stopped: 0.0024529 seconds, Stopping threads took: 0.0000714 seconds
2019-02-01T03:32:57.075+0000: 805143.081: Application time: 0.0104946 seconds
2019-02-01T03:32:57.077+0000: 805143.083: Total time for which application threads were stopped: 0.0021503 seconds, Stopping threads took: 0.0000811 seconds
2019-02-01T03:32:57.228+0000: 805143.234: Application time: 0.1509035 seconds
2019-02-01T03:32:57.231+0000: 805143.236: [GC (Allocation Failure) 2019-02-01T03:32:57.235+0000: 805143.241: [SoftReference, 0 refs, 0.0000326 secs]2019-02-01T03:32:57.235+0000: 805143.241: [WeakReference, 39 refs, 0.0000199 secs]2019-02-01T03:32:57.235+0000: 805143.241: [FinalReference, 273 refs, 0.0001347 secs]2019-02-01T03:32:57.235+0000: 805143.241: [PhantomReference, 0 refs, 0 refs, 0.0000145 secs]2019-02-01T03:32:57.236+0000: 805143.241: [JNI Weak Reference, 0.0000230 secs]
Desired survivor size 5242880 bytes, new threshold 1 (max 15)
[PSYoungGen: 43509K->3739K(45568K)] 726696K->687548K(738304K), 0.0084924 secs] [Times: user=0.09 sys=0.00, real=0.01 secs] 
2019-02-01T03:32:57.239+0000: 805143.245: Total time for which application threads were stopped: 0.0111703 seconds, Stopping threads took: 0.0000412 seconds
2019-02-01T03:32:58.503+0000: 805144.509: Application time: 1.2643120 seconds
2019-02-01T03:32:58.506+0000: 805144.512: [GC (Allocation Failure) 2019-02-01T03:32:58.512+0000: 805144.517: [SoftReference, 0 refs, 0.0000323 secs]2019-02-01T03:32:58.512+0000: 805144.517: [WeakReference, 30 refs, 0.0000200 secs]2019-02-01T03:32:58.512+0000: 805144.517: [FinalReference, 323 refs, 0.0001659 secs]2019-02-01T03:32:58.512+0000: 805144.518: [PhantomReference, 0 refs, 0 refs, 0.0000148 secs]2019-02-01T03:32:58.512+0000: 805144.518: [JNI Weak Reference, 0.0000274 secs]
Desired survivor size 5242880 bytes, new threshold 1 (max 15)
[PSYoungGen: 45211K->2609K(45568K)] 729020K->687791K(738304K), 0.0096856 secs] [Times: user=0.10 sys=0.00, real=0.01 secs] 
2019-02-01T03:32:58.516+0000: 805144.522: Total time for which application threads were stopped: 0.0127286 seconds, Stopping threads took: 0.0000497 seconds
2019-02-01T03:32:59.101+0000: 805145.107: Application time: 0.5851986 seconds
2019-02-01T03:32:59.104+0000: 805145.110: Total time for which application threads were stopped: 0.0029771 seconds, Stopping threads took: 0.0000621 seconds
2019-02-01T03:32:59.355+0000: 805145.361: Application time: 0.2510879 seconds
2019-02-01T03:32:59.358+0000: 805145.364: Total time for which application threads were stopped: 0.0030119 seconds, Stopping threads took: 0.0000833 seconds
2019-02-01T03:32:59.409+0000: 805145.415: Application time: 0.0504167 seconds
2019-02-01T03:32:59.412+0000: 805145.417: Total time for which application threads were stopped: 0.0026352 seconds, Stopping threads took: 0.0001024 seconds
2019-02-01T03:32:59.412+0000: 805145.418: Application time: 0.0008193 seconds
2019-02-01T03:32:59.414+0000: 805145.420: Total time for which application threads were stopped: 0.0020528 seconds, Stopping threads took: 0.0001017 seconds
2019-02-01T03:32:59.415+0000: 805145.420: Application time: 0.0002381 seconds
2019-02-01T03:32:59.416+0000: 805145.422: [GC (GCLocker Initiated GC) 2019-02-01T03:32:59.420+0000: 805145.426: [SoftReference, 0 refs, 0.0000365 secs]2019-02-01T03:32:59.420+0000: 805145.426: [WeakReference, 14 refs, 0.0000172 secs]2019-02-01T03:32:59.420+0000: 805145.426: [FinalReference, 368 refs, 0.0001237 secs]2019-02-01T03:32:59.420+0000: 805145.426: [PhantomReference, 0 refs, 0 refs, 0.0000145 secs]2019-02-01T03:32:59.420+0000: 805145.426: [JNI Weak Reference, 0.0000224 secs]
