[259.077s][debug][gc,tlab           ] GC(1415) TLAB totals: thrds: 8  refills: 15 max: 3 slow allocs: 1727 max 227 waste: 19.2% gc: 947400B max: 219088B slow: 72240B max: 15488B fast: 0B max: 0B
[259.077s][debug][gc,age            ] GC(1415) Desired survivor size 57147392 bytes, new threshold 15 (max threshold 15)
[259.077s][debug][gc,alloc,region   ] GC(1415) Mutator Allocation stats, regions: 867, wasted size: 203M (23.4%)
[259.077s][debug][gc,ergo           ] GC(1415) Running G1 Merge Heap Roots using 8 workers for 871 regions
[259.077s][debug][gc,remset         ] GC(1415) Visited cards 512 Total dirty 4096 (12.50%) Total old 3608576 (0.01%)
[259.078s][debug][gc,ergo           ] GC(1415) Running G1 Clear Card Table Task using 2 workers for 2 units of work for 873 regions.
[259.078s][debug][gc,ref            ] GC(1415) Skipped phase1 of Reference Processing due to unavailable references
[259.078s][debug][gc,ref            ] GC(1415) Skipped phase2 of Reference Processing due to unavailable references
[259.078s][debug][gc,ref            ] GC(1415) Skipped phase3 of Reference Processing due to unavailable references
[259.078s][debug][gc,ref            ] GC(1415) Skipped phase4 of Reference Processing due to unavailable references
[259.078s][debug][gc,ergo           ] GC(1415) Running G1 Free Collection Set using 8 workers for collection set length 871 (1452)
[259.078s][debug][gc,ergo           ] GC(1415) Running G1 Rebuild Free List Task using 8 workers for rebuilding free list of 0 (4096) regions
[259.078s][trace][gc,age            ] GC(1415) Age table with threshold 15 (max threshold 15)
[259.078s][trace][gc,age            ] GC(1415) - age   1:    2402544 bytes,    2402544 total
[259.078s][debug][gc,plab           ] GC(1415) Young PLAB allocation: allocated: 16512B, wasted: 0B, unused: 14064B, used: 2448B, undo waste: 0B, 
[259.078s][debug][gc,plab           ] GC(1415) Young other allocation: region end waste: 480576B, regions filled: 3, direct allocated: 2400096B, failure used: 0B, failure wasted: 0B
[259.078s][debug][gc,plab           ] GC(1415) Young sizing: calculated: 0B, actual: 2064B
[259.078s][debug][gc,plab           ] GC(1415) Old PLAB allocation: allocated: 0B, wasted: 0B, unused: 0B, used: 0B, undo waste: 0B, 
[259.078s][debug][gc,plab           ] GC(1415) Old other allocation: region end waste: 0B, regions filled: 1, direct allocated: 0B, failure used: 0B, failure wasted: 0B
[259.078s][debug][gc,plab           ] GC(1415) Old sizing: calculated: 0B, actual: 2064B
[259.078s][debug][gc,ihop           ] GC(1415) Basic information (value update), threshold: 685139558B (45.00), target occupancy: 1522532352B, current occupancy: 21701408B, recent allocation size: 0B, recent allocation duration: 44.11ms, recent old gen allocation rate: 0.00B/s, recent marking phase length: 38.29ms
[259.078s][debug][gc,ihop           ] GC(1415) Adaptive IHOP information (value update), threshold: 685139558B (47.37), internal target occupancy: 1446405734B, occupancy: 21701408B, additional buffer size: 913309696B, predicted old gen allocation rate: 8.56B/s, predicted marking phase length: 76.58ms, prediction active: false
[259.078s][debug][gc,ergo,refine    ] GC(1415) Concurrent refinement times: Logged Cards Scan time goal: 20.00ms Logged Cards Scan time: 0.00ms HCC time: 0.00ms
[259.078s][debug][gc,ergo,refine    ] GC(1415) Updated Refinement Zones: green: 2048, yellow: 6144, red: 10240
[259.078s][info ][gc,phases         ] GC(1415)   Pre Evacuate Collection Set: 0.2ms
[259.078s][debug][gc,phases         ] GC(1415)     Prepare TLABs: 0.0ms
[259.079s][debug][gc,phases         ] GC(1415)     Choose Collection Set: 0.0ms
[259.079s][debug][gc,phases         ] GC(1415)     Region Register: 0.2ms
[259.079s][debug][gc,phases         ] GC(1415)     Prepare Heap Roots: 0.0ms
[259.079s][info ][gc,phases         ] GC(1415)   Merge Heap Roots: 0.1ms
[259.079s][debug][gc,phases         ] GC(1415)     Prepare Merge Heap Roots: 0.0ms
[259.079s][debug][gc,phases         ] GC(1415)     Eager Reclaim (ms):       skipped
[259.079s][debug][gc,phases         ] GC(1415)     Remembered Sets (ms):     Min:  0.0, Avg:  0.0, Max:  0.1, Diff:  0.0, Sum:  0.3, Workers: 8
[259.079s][debug][gc,phases         ] GC(1415)       Merged Sparse:            Min: 0, Avg:  0.0, Max: 0, Diff: 0, Sum: 0, Workers: 8
[259.079s][debug][gc,phases         ] GC(1415)       Merged Fine:              Min: 0, Avg:  0.0, Max: 0, Diff: 0, Sum: 0, Workers: 8
[259.079s][debug][gc,phases         ] GC(1415)       Merged Coarse:            Min: 0, Avg:  0.0, Max: 0, Diff: 0, Sum: 0, Workers: 8
[259.079s][debug][gc,phases         ] GC(1415)       Dirty Cards:              Min: 0, Avg:  0.0, Max: 0, Diff: 0, Sum: 0, Workers: 8
[259.079s][debug][gc,phases         ] GC(1415)     Hot Card Cache (ms):      Min:  0.0, Avg:  0.0, Max:  0.0, Diff:  0.0, Sum:  0.0, Workers: 8
[259.079s][debug][gc,phases         ] GC(1415)       Dirty Cards:              Min: 0, Avg:  0.0, Max: 0, Diff: 0, Sum: 0, Workers: 8
[259.079s][debug][gc,phases         ] GC(1415)       Skipped Cards:            Min: 0, Avg:  0.0, Max: 0, Diff: 0, Sum: 0, Workers: 8
[259.079s][debug][gc,phases         ] GC(1415)     Log Buffers (ms):         Min:  0.0, Avg:  0.0, Max:  0.0, Diff:  0.0, Sum:  0.0, Workers: 8
[259.079s][debug][gc,phases         ] GC(1415)       Dirty Cards:              Min: 0, Avg:  0.2, Max: 1, Diff: 1, Sum: 2, Workers: 8
[259.079s][debug][gc,phases         ] GC(1415)       Skipped Cards:            Min: 0, Avg:  0.0, Max: 0, Diff: 0, Sum: 0, Workers: 8
[259.079s][info ][gc,phases         ] GC(1415)   Evacuate Collection Set: 0.4ms
[259.079s][debug][gc,phases         ] GC(1415)     Ext Root Scanning (ms):   Min:  0.1, Avg:  0.2, Max:  0.2, Diff:  0.1, Sum:  1.4, Workers: 8
[259.079s][debug][gc,phases         ] GC(1415)     Scan Heap Roots (ms):     Min:  0.0, Avg:  0.0, Max:  0.0, Diff:  0.0, Sum:  0.0, Workers: 8
[259.079s][debug][gc,phases         ] GC(1415)       Scanned Cards:            Min: 0, Avg:  0.2, Max: 2, Diff: 2, Sum: 2, Workers: 8
[259.079s][debug][gc,phases         ] GC(1415)       Scanned Blocks:           Min: 0, Avg:  0.2, Max: 2, Diff: 2, Sum: 2, Workers: 8
[259.079s][debug][gc,phases         ] GC(1415)       Claimed Chunks:           Min: 0, Avg:  0.2, Max: 2, Diff: 2, Sum: 2, Workers: 8
[259.079s][debug][gc,phases         ] GC(1415)     Code Root Scan (ms):      Min:  0.0, Avg:  0.0, Max:  0.0, Diff:  0.0, Sum:  0.1, Workers: 8
[259.079s][debug][gc,phases         ] GC(1415)     Object Copy (ms):         Min:  0.0, Avg:  0.0, Max:  0.0, Diff:  0.0, Sum:  0.0, Workers: 8
[259.079s][debug][gc,phases         ] GC(1415)     Termination (ms):         Min:  0.0, Avg:  0.1, Max:  0.1, Diff:  0.0, Sum:  0.5, Workers: 8
[259.079s][debug][gc,phases         ] GC(1415)       Termination Attempts:     Min: 1, Avg:  1.0, Max: 1, Diff: 0, Sum: 8, Workers: 8
[259.079s][debug][gc,phases         ] GC(1415)     GC Worker Other (ms):     Min:  0.0, Avg:  0.1, Max:  0.1, Diff:  0.0, Sum:  0.5, Workers: 8
[259.079s][debug][gc,phases         ] GC(1415)     GC Worker Total (ms):     Min:  0.3, Avg:  0.3, Max:  0.4, Diff:  0.1, Sum:  2.5, Workers: 8
[259.079s][info ][gc,phases         ] GC(1415)   Post Evacuate Collection Set: 0.6ms
[259.079s][debug][gc,phases         ] GC(1415)     Code Roots Fixup: 0.0ms
[259.079s][debug][gc,phases         ] GC(1415)     Clear Card Table: 0.2ms
[259.079s][debug][gc,phases         ] GC(1415)     Reference Processing: 0.0ms
[259.079s][debug][gc,phases,ref     ] GC(1415)       Reconsider SoftReferences: 0.0ms
[259.079s][debug][gc,phases,ref     ] GC(1415)         SoftRef (ms):             skipped
[259.079s][debug][gc,phases,ref     ] GC(1415)       Notify Soft/WeakReferences: 0.0ms
[259.079s][debug][gc,phases,ref     ] GC(1415)         SoftRef (ms):             skipped
[259.079s][debug][gc,phases,ref     ] GC(1415)         WeakRef (ms):             skipped
[259.079s][debug][gc,phases,ref     ] GC(1415)         FinalRef (ms):            skipped
[259.079s][debug][gc,phases,ref     ] GC(1415)         Total (ms):               skipped
[259.079s][debug][gc,phases,ref     ] GC(1415)       Notify and keep alive finalizable: 0.0ms
[259.079s][debug][gc,phases,ref     ] GC(1415)         FinalRef (ms):            skipped
[259.079s][debug][gc,phases,ref     ] GC(1415)       Notify PhantomReferences: 0.0ms
[259.079s][debug][gc,phases,ref     ] GC(1415)         PhantomRef (ms):          skipped
[259.079s][debug][gc,phases,ref     ] GC(1415)       SoftReference:
[259.079s][debug][gc,phases,ref     ] GC(1415)         Discovered: 0
[259.079s][debug][gc,phases,ref     ] GC(1415)         Cleared: 0
[259.079s][debug][gc,phases,ref     ] GC(1415)       WeakReference:
[259.079s][debug][gc,phases,ref     ] GC(1415)         Discovered: 0
[259.079s][debug][gc,phases,ref     ] GC(1415)         Cleared: 0
[259.079s][debug][gc,phases,ref     ] GC(1415)       FinalReference:
[259.079s][debug][gc,phases,ref     ] GC(1415)         Discovered: 0
[259.079s][debug][gc,phases,ref     ] GC(1415)         Cleared: 0
[259.079s][debug][gc,phases,ref     ] GC(1415)       PhantomReference:
[259.079s][debug][gc,phases,ref     ] GC(1415)         Discovered: 0
[259.079s][debug][gc,phases,ref     ] GC(1415)         Cleared: 0
[259.079s][debug][gc,phases         ] GC(1415)     Weak Processing: 0.1ms
[259.079s][debug][gc,phases         ] GC(1415)       JVMTI weak processing: 0.0ms
[259.079s][debug][gc,phases         ] GC(1415)         Dead: 0
[259.079s][debug][gc,phases         ] GC(1415)         Total: 0
[259.079s][debug][gc,phases         ] GC(1415)       JFR weak processing: 0.0ms
[259.079s][debug][gc,phases         ] GC(1415)         Dead: 0
[259.079s][debug][gc,phases         ] GC(1415)         Total: 0
[259.079s][debug][gc,phases         ] GC(1415)       JNI weak                  Min:  0.0, Avg:  0.0, Max:  0.0, Diff:  0.0, Sum:  0.0, Workers: 5
[259.079s][debug][gc,phases         ] GC(1415)         Dead                      Min: 0, Avg:  0.0, Max: 0, Diff: 0, Sum: 0, Workers: 5
[259.079s][debug][gc,phases         ] GC(1415)         Total                     Min: 0, Avg: 21.8, Max: 64, Diff: 64, Sum: 109, Workers: 5
[259.079s][debug][gc,phases         ] GC(1415)       VM weak                   Min:  0.0, Avg:  0.0, Max:  0.0, Diff:  0.0, Sum:  0.0, Workers: 5
[259.079s][debug][gc,phases         ] GC(1415)         Dead                      Min: 0, Avg:  0.0, Max: 0, Diff: 0, Sum: 0, Workers: 5
[259.079s][debug][gc,phases         ] GC(1415)         Total                     Min: 0, Avg: 42.6, Max: 128, Diff: 128, Sum: 213, Workers: 5
[259.079s][debug][gc,phases         ] GC(1415)       StringTable weak          Min:  0.0, Avg:  0.0, Max:  0.0, Diff:  0.0, Sum:  0.1, Workers: 5
[259.079s][debug][gc,phases         ] GC(1415)         Dead                      Min: 0, Avg:  0.0, Max: 0, Diff: 0, Sum: 0, Workers: 5
[259.079s][debug][gc,phases         ] GC(1415)         Total                     Min: 0, Avg: 721.8, Max: 1818, Diff: 1818, Sum: 3609, Workers: 5
[259.079s][debug][gc,phases         ] GC(1415)       ResolvedMethodTable weak  Min:  0.0, Avg:  0.0, Max:  0.0, Diff:  0.0, Sum:  0.0, Workers: 5
[259.079s][debug][gc,phases         ] GC(1415)         Dead                      Min: 0, Avg:  0.0, Max: 0, Diff: 0, Sum: 0, Workers: 5
[259.079s][debug][gc,phases         ] GC(1415)         Total                     Min: 0, Avg: 114.8, Max: 190, Diff: 190, Sum: 574, Workers: 5
[259.079s][debug][gc,phases         ] GC(1415)     Merge Per-Thread State: 0.0ms
[259.079s][debug][gc,phases         ] GC(1415)       Copied Bytes              Min: 152, Avg: 300318.0, Max: 400776, Diff: 400624, Sum: 2402544, Workers: 8
[259.079s][debug][gc,phases         ] GC(1415)       LAB Waste                 Min: 0, Avg:  0.0, Max: 0, Diff: 0, Sum: 0, Workers: 8
[259.079s][debug][gc,phases         ] GC(1415)       LAB Undo Waste            Min: 0, Avg:  0.0, Max: 0, Diff: 0, Sum: 0, Workers: 8
[259.079s][debug][gc,phases         ] GC(1415)     Code Roots Purge: 0.0ms
[259.079s][debug][gc,phases         ] GC(1415)     Redirty Cards: 0.0ms
[259.079s][debug][gc,phases         ] GC(1415)     DerivedPointerTable Update: 0.0ms
[259.079s][debug][gc,phases         ] GC(1415)     Free Collection Set: 0.2ms
[259.079s][debug][gc,phases         ] GC(1415)     Rebuild Free List: 0.1ms
[259.079s][debug][gc,phases         ] GC(1415)     Humongous Reclaim: 0.0ms
[259.079s][debug][gc,phases         ] GC(1415)     Start New Collection Set: 0.0ms
[259.079s][debug][gc,phases         ] GC(1415)     Resize TLABs: 0.0ms
[259.079s][debug][gc,phases         ] GC(1415)     Expand Heap After Collection: 0.0ms
[259.079s][info ][gc,phases         ] GC(1415)   Other: 1.0ms
[259.079s][info ][gc,heap           ] GC(1415) Eden regions: 867->0(868)
[259.079s][info ][gc,heap           ] GC(1415) Survivor regions: 4->3(109)
[259.079s][info ][gc,heap           ] GC(1415) Old regions: 18->18
[259.079s][info ][gc,heap           ] GC(1415) Archive regions: 2->2
[259.079s][info ][gc,heap           ] GC(1415) Humongous regions: 0->0
[259.079s][info ][gc,metaspace      ] GC(1415) Metaspace: 10458K(11136K)->10458K(11136K) NonClass: 9309K(9728K)->9309K(9728K) Class: 1149K(1408K)->1149K(1408K)
[259.079s][debug][gc,heap           ] GC(1415) Heap after GC invocations=1416 (full 1): garbage-first heap   total 1486848K, used 21192K [0x0000000700000000, 0x0000000800000000)
[259.079s][debug][gc,heap           ] GC(1415)   region size 1024K, 3 young (3072K), 3 survivors (3072K)
[259.079s][debug][gc,heap           ] GC(1415)  Metaspace       used 10458K, capacity 10758K, committed 11136K, reserved 1058816K
[259.079s][debug][gc,heap           ] GC(1415)   class space    used 1149K, capacity 1267K, committed 1408K, reserved 1048576K
[259.079s][info ][gc                ] GC(1415) Pause Young (Normal) (G1 Evacuation Pause) 888M->20M(1452M) 2.930ms
[259.079s][info ][gc,cpu            ] GC(1415) User=0.01s Sys=0.00s Real=0.00s
[259.079s][info ][safepoint         ] Safepoint "G1CollectForAllocation", Time since last: 42337851 ns, Reaching safepoint: 175720 ns, At safepoint: 3107425 ns, Total: 3283145 ns
[259.123s][debug][gc,heap           ] GC(1416) Heap before GC invocations=1416 (full 1): garbage-first heap   total 1486848K, used 909000K [0x0000000700000000, 0x0000000800000000)
[259.123s][debug][gc,heap           ] GC(1416)   region size 1024K, 871 young (891904K), 3 survivors (3072K)
[259.123s][debug][gc,heap           ] GC(1416)  Metaspace       used 10458K, capacity 10758K, committed 11136K, reserved 1058816K
[259.123s][debug][gc,heap           ] GC(1416)   class space    used 1149K, capacity 1267K, committed 1408K, reserved 1048576K
[259.123s][info ][gc,start          ] GC(1416) Pause Young (Normal) (G1 Evacuation Pause)
[259.123s][info ][gc,task           ] GC(1416) Using 8 workers of 8 for evacuation
[259.123s][debug][gc,tlab           ] GC(1416) TLAB totals: thrds: 8  refills: 10 max: 2 slow allocs: 1731 max 235 waste: 35.5% gc: 1015152B max: 243104B slow: 28856B max: 14944B fast: 0B max: 0B
[259.123s][debug][gc,age            ] GC(1416) Desired survivor size 57147392 bytes, new threshold 15 (max threshold 15)
[259.123s][debug][gc,alloc,region   ] GC(1416) Mutator Allocation stats, regions: 868, wasted size: 203M (23.5%)
[259.123s][debug][gc,ergo           ] GC(1416) Running G1 Merge Heap Roots using 8 workers for 871 regions
[259.123s][debug][gc,remset         ] GC(1416) Visited cards 256 Total dirty 2048 (12.50%) Total old 3608576 (0.01%)
[259.124s][debug][gc,ergo           ] GC(1416) Running G1 Clear Card Table Task using 2 workers for 2 units of work for 872 regions.
[259.124s][debug][gc,ref            ] GC(1416) Skipped phase1 of Reference Processing due to unavailable references
[259.124s][debug][gc,ref            ] GC(1416) Skipped phase2 of Reference Processing due to unavailable references
[259.124s][debug][gc,ref            ] GC(1416) Skipped phase3 of Reference Processing due to unavailable references
[259.124s][debug][gc,ref            ] GC(1416) Skipped phase4 of Reference Processing due to unavailable references
[259.124s][debug][gc,ergo           ] GC(1416) Running G1 Free Collection Set using 8 workers for collection set length 871 (1452)
[259.124s][debug][gc,ergo           ] GC(1416) Running G1 Rebuild Free List Task using 8 workers for rebuilding free list of 0 (4096) regions
[259.124s][trace][gc,age            ] GC(1416) Age table with threshold 15 (max threshold 15)
[259.124s][trace][gc,age            ] GC(1416) - age   1:    2802560 bytes,    2802560 total
[259.124s][debug][gc,plab           ] GC(1416) Young PLAB allocation: allocated: 16512B, wasted: 0B, unused: 14064B, used: 2448B, undo waste: 0B, 
[259.124s][debug][gc,plab           ] GC(1416) Young other allocation: region end waste: 729120B, regions filled: 4, direct allocated: 2800112B, failure used: 0B, failure wasted: 0B
[259.124s][debug][gc,plab           ] GC(1416) Young sizing: calculated: 0B, actual: 2064B
[259.124s][debug][gc,plab           ] GC(1416) Old PLAB allocation: allocated: 0B, wasted: 0B, unused: 0B, used: 0B, undo waste: 0B, 
[259.124s][debug][gc,plab           ] GC(1416) Old other allocation: region end waste: 0B, regions filled: 1, direct allocated: 0B, failure used: 0B, failure wasted: 0B
[259.124s][debug][gc,plab           ] GC(1416) Old sizing: calculated: 0B, actual: 2064B
[259.124s][debug][gc,ihop           ] GC(1416) Basic information (value update), threshold: 685139558B (45.00), target occupancy: 1522532352B, current occupancy: 22349968B, recent allocation size: 0B, recent allocation duration: 44.60ms, recent old gen allocation rate: 0.00B/s, recent marking phase length: 38.29ms
[259.124s][debug][gc,ihop           ] GC(1416) Adaptive IHOP information (value update), threshold: 685139558B (47.37), internal target occupancy: 1446405734B, occupancy: 22349968B, additional buffer size: 913309696B, predicted old gen allocation rate: 8.34B/s, predicted marking phase length: 76.58ms, prediction active: false
[259.124s][debug][gc,ergo,refine    ] GC(1416) Concurrent refinement times: Logged Cards Scan time goal: 20.00ms Logged Cards Scan time: 0.00ms HCC time: 0.00ms
[259.124s][debug][gc,ergo,refine    ] GC(1416) Updated Refinement Zones: green: 2048, yellow: 6144, red: 10240
[259.124s][info ][gc,phases         ] GC(1416)   Pre Evacuate Collection Set: 0.1ms
[259.124s][debug][gc,phases         ] GC(1416)     Prepare TLABs: 0.0ms
[259.124s][debug][gc,phases         ] GC(1416)     Choose Collection Set: 0.0ms
[259.124s][debug][gc,phases         ] GC(1416)     Region Register: 0.1ms
[259.125s][debug][gc,phases         ] GC(1416)     Prepare Heap Roots: 0.0ms
[259.125s][info ][gc,phases         ] GC(1416)   Merge Heap Roots: 0.2ms
[259.125s][debug][gc,phases         ] GC(1416)     Prepare Merge Heap Roots: 0.0ms
[259.125s][debug][gc,phases         ] GC(1416)     Eager Reclaim (ms):       skipped
[259.125s][debug][gc,phases         ] GC(1416)     Remembered Sets (ms):     Min:  0.0, Avg:  0.1, Max:  0.1, Diff:  0.0, Sum:  0.4, Workers: 8
[259.125s][debug][gc,phases         ] GC(1416)       Merged Sparse:            Min: 0, Avg:  0.0, Max: 0, Diff: 0, Sum: 0, Workers: 8
[259.125s][debug][gc,phases         ] GC(1416)       Merged Fine:              Min: 0, Avg:  0.0, Max: 0, Diff: 0, Sum: 0, Workers: 8
[259.125s][debug][gc,phases         ] GC(1416)       Merged Coarse:            Min: 0, Avg:  0.0, Max: 0, Diff: 0, Sum: 0, Workers: 8
[259.125s][debug][gc,phases         ] GC(1416)       Dirty Cards:              Min: 0, Avg:  0.0, Max: 0, Diff: 0, Sum: 0, Workers: 8
[259.125s][debug][gc,phases         ] GC(1416)     Hot Card Cache (ms):      Min:  0.0, Avg:  0.0, Max:  0.0, Diff:  0.0, Sum:  0.0, Workers: 8
[259.125s][debug][gc,phases         ] GC(1416)       Dirty Cards:              Min: 0, Avg:  0.0, Max: 0, Diff: 0, Sum: 0, Workers: 8
[259.125s][debug][gc,phases         ] GC(1416)       Skipped Cards:            Min: 0, Avg:  0.0, Max: 0, Diff: 0, Sum: 0, Workers: 8
[259.125s][debug][gc,phases         ] GC(1416)     Log Buffers (ms):         Min:  0.0, Avg:  0.0, Max:  0.0, Diff:  0.0, Sum:  0.0, Workers: 8
[259.125s][debug][gc,phases         ] GC(1416)       Dirty Cards:              Min: 0, Avg:  0.1, Max: 1, Diff: 1, Sum: 1, Workers: 8
[259.125s][debug][gc,phases         ] GC(1416)       Skipped Cards:            Min: 0, Avg:  0.0, Max: 0, Diff: 0, Sum: 0, Workers: 8
[259.125s][info ][gc,phases         ] GC(1416)   Evacuate Collection Set: 0.4ms
[259.125s][debug][gc,phases         ] GC(1416)     Ext Root Scanning (ms):   Min:  0.2, Avg:  0.2, Max:  0.2, Diff:  0.1, Sum:  1.7, Workers: 8
[259.125s][debug][gc,phases         ] GC(1416)     Scan Heap Roots (ms):     Min:  0.0, Avg:  0.0, Max:  0.0, Diff:  0.0, Sum:  0.0, Workers: 8
[259.125s][debug][gc,phases         ] GC(1416)       Scanned Cards:            Min: 0, Avg:  0.1, Max: 1, Diff: 1, Sum: 1, Workers: 8
[259.125s][debug][gc,phases         ] GC(1416)       Scanned Blocks:           Min: 0, Avg:  0.1, Max: 1, Diff: 1, Sum: 1, Workers: 8
[259.125s][debug][gc,phases         ] GC(1416)       Claimed Chunks:           Min: 0, Avg:  0.1, Max: 1, Diff: 1, Sum: 1, Workers: 8
[259.125s][debug][gc,phases         ] GC(1416)     Code Root Scan (ms):      Min:  0.0, Avg:  0.0, Max:  0.0, Diff:  0.0, Sum:  0.2, Workers: 8
[259.125s][debug][gc,phases         ] GC(1416)     Object Copy (ms):         Min:  0.0, Avg:  0.0, Max:  0.0, Diff:  0.0, Sum:  0.0, Workers: 8
[259.125s][debug][gc,phases         ] GC(1416)     Termination (ms):         Min:  0.0, Avg:  0.1, Max:  0.1, Diff:  0.0, Sum:  0.4, Workers: 8
[259.125s][debug][gc,phases         ] GC(1416)       Termination Attempts:     Min: 1, Avg:  1.0, Max: 1, Diff: 0, Sum: 8, Workers: 8
[259.125s][debug][gc,phases         ] GC(1416)     GC Worker Other (ms):     Min:  0.0, Avg:  0.1, Max:  0.1, Diff:  0.0, Sum:  0.4, Workers: 8
[259.125s][debug][gc,phases         ] GC(1416)     GC Worker Total (ms):     Min:  0.3, Avg:  0.3, Max:  0.4, Diff:  0.1, Sum:  2.7, Workers: 8
[259.125s][info ][gc,phases         ] GC(1416)   Post Evacuate Collection Set: 0.6ms
[259.125s][debug][gc,phases         ] GC(1416)     Code Roots Fixup: 0.0ms
[259.125s][debug][gc,phases         ] GC(1416)     Clear Card Table: 0.2ms
[259.125s][debug][gc,phases         ] GC(1416)     Reference Processing: 0.0ms
[259.125s][debug][gc,phases,ref     ] GC(1416)       Reconsider SoftReferences: 0.0ms
[259.125s][debug][gc,phases,ref     ] GC(1416)         SoftRef (ms):             skipped
[259.125s][debug][gc,phases,ref     ] GC(1416)       Notify Soft/WeakReferences: 0.0ms
[259.125s][debug][gc,phases,ref     ] GC(1416)         SoftRef (ms):             skipped
[259.125s][debug][gc,phases,ref     ] GC(1416)         WeakRef (ms):             skipped
[259.125s][debug][gc,phases,ref     ] GC(1416)         FinalRef (ms):            skipped
[259.125s][debug][gc,phases,ref     ] GC(1416)         Total (ms):               skipped
[259.125s][debug][gc,phases,ref     ] GC(1416)       Notify and keep alive finalizable: 0.0ms
[259.125s][debug][gc,phases,ref     ] GC(1416)         FinalRef (ms):            skipped
[259.125s][debug][gc,phases,ref     ] GC(1416)       Notify PhantomReferences: 0.0ms
[259.125s][debug][gc,phases,ref     ] GC(1416)         PhantomRef (ms):          skipped
[259.125s][debug][gc,phases,ref     ] GC(1416)       SoftReference:
[259.125s][debug][gc,phases,ref     ] GC(1416)         Discovered: 0
[259.125s][debug][gc,phases,ref     ] GC(1416)         Cleared: 0
[259.125s][debug][gc,phases,ref     ] GC(1416)       WeakReference:
[259.125s][debug][gc,phases,ref     ] GC(1416)         Discovered: 0
[259.125s][debug][gc,phases,ref     ] GC(1416)         Cleared: 0
[259.125s][debug][gc,phases,ref     ] GC(1416)       FinalReference:
[259.125s][debug][gc,phases,ref     ] GC(1416)         Discovered: 0
[259.125s][debug][gc,phases,ref     ] GC(1416)         Cleared: 0
[259.125s][debug][gc,phases,ref     ] GC(1416)       PhantomReference:
[259.125s][debug][gc,phases,ref     ] GC(1416)         Discovered: 0
[259.125s][debug][gc,phases,ref     ] GC(1416)         Cleared: 0
[259.125s][debug][gc,phases         ] GC(1416)     Weak Processing: 0.1ms
[259.125s][debug][gc,phases         ] GC(1416)       JVMTI weak processing: 0.0ms
[259.125s][debug][gc,phases         ] GC(1416)         Dead: 0
[259.125s][debug][gc,phases         ] GC(1416)         Total: 0
[259.125s][debug][gc,phases         ] GC(1416)       JFR weak processing: 0.0ms
[259.125s][debug][gc,phases         ] GC(1416)         Dead: 0
[259.125s][debug][gc,phases         ] GC(1416)         Total: 0
[259.125s][debug][gc,phases         ] GC(1416)       JNI weak                  Min:  0.0, Avg:  0.0, Max:  0.0, Diff:  0.0, Sum:  0.0, Workers: 5
[259.125s][debug][gc,phases         ] GC(1416)         Dead                      Min: 0, Avg:  0.0, Max: 0, Diff: 0, Sum: 0, Workers: 5
[259.125s][debug][gc,phases         ] GC(1416)         Total                     Min: 0, Avg: 21.8, Max: 64, Diff: 64, Sum: 109, Workers: 5
[259.125s][debug][gc,phases         ] GC(1416)       VM weak                   Min:  0.0, Avg:  0.0, Max:  0.0, Diff:  0.0, Sum:  0.0, Workers: 5
[259.125s][debug][gc,phases         ] GC(1416)         Dead                      Min: 0, Avg:  0.0, Max: 0, Diff: 0, Sum: 0, Workers: 5
[259.125s][debug][gc,phases         ] GC(1416)         Total                     Min: 0, Avg: 42.6, Max: 128, Diff: 128, Sum: 213, Workers: 5
[259.125s][debug][gc,phases         ] GC(1416)       StringTable weak          Min:  0.0, Avg:  0.0, Max:  0.0, Diff:  0.0, Sum:  0.1, Workers: 5
[259.125s][debug][gc,phases         ] GC(1416)         Dead                      Min: 0, Avg:  0.0, Max: 0, Diff: 0, Sum: 0, Workers: 5
[259.125s][debug][gc,phases         ] GC(1416)         Total                     Min: 0, Avg: 721.8, Max: 1689, Diff: 1689, Sum: 3609, Workers: 5
[259.125s][debug][gc,phases         ] GC(1416)       ResolvedMethodTable weak  Min:  0.0, Avg:  0.0, Max:  0.0, Diff:  0.0, Sum:  0.0, Workers: 5
[259.125s][debug][gc,phases         ] GC(1416)         Dead                      Min: 0, Avg:  0.0, Max: 0, Diff: 0, Sum: 0, Workers: 5
[259.125s][debug][gc,phases         ] GC(1416)         Total                     Min: 0, Avg: 114.8, Max: 190, Diff: 190, Sum: 574, Workers: 5
[259.125s][debug][gc,phases         ] GC(1416)     Merge Per-Thread State: 0.0ms
[259.125s][debug][gc,phases         ] GC(1416)       Copied Bytes              Min: 984, Avg: 350320.0, Max: 400888, Diff: 399904, Sum: 2802560, Workers: 8
[259.125s][debug][gc,phases         ] GC(1416)       LAB Waste                 Min: 0, Avg:  0.0, Max: 0, Diff: 0, Sum: 0, Workers: 8
[259.125s][debug][gc,phases         ] GC(1416)       LAB Undo Waste            Min: 0, Avg:  0.0, Max: 0, Diff: 0, Sum: 0, Workers: 8
[259.125s][debug][gc,phases         ] GC(1416)     Code Roots Purge: 0.0ms
[259.125s][debug][gc,phases         ] GC(1416)     Redirty Cards: 0.0ms
[259.125s][debug][gc,phases         ] GC(1416)     DerivedPointerTable Update: 0.0ms
[259.125s][debug][gc,phases         ] GC(1416)     Free Collection Set: 0.2ms
[259.125s][debug][gc,phases         ] GC(1416)     Rebuild Free List: 0.1ms
[259.125s][debug][gc,phases         ] GC(1416)     Humongous Reclaim: 0.0ms
[259.125s][debug][gc,phases         ] GC(1416)     Start New Collection Set: 0.0ms
[259.125s][debug][gc,phases         ] GC(1416)     Resize TLABs: 0.0ms
[259.125s][debug][gc,phases         ] GC(1416)     Expand Heap After Collection: 0.0ms
[259.125s][info ][gc,phases         ] GC(1416)   Other: 0.3ms
[259.125s][info ][gc,heap           ] GC(1416) Eden regions: 868->0(867)
[259.125s][info ][gc,heap           ] GC(1416) Survivor regions: 3->4(109)
[259.125s][info ][gc,heap           ] GC(1416) Old regions: 18->18
[259.125s][info ][gc,heap           ] GC(1416) Archive regions: 2->2
[259.125s][info ][gc,heap           ] GC(1416) Humongous regions: 0->0
[259.125s][info ][gc,metaspace      ] GC(1416) Metaspace: 10458K(11136K)->10458K(11136K) NonClass: 9309K(9728K)->9309K(9728K) Class: 1149K(1408K)->1149K(1408K)
[259.125s][debug][gc,heap           ] GC(1416) Heap after GC invocations=1417 (full 1): garbage-first heap   total 1486848K, used 21826K [0x0000000700000000, 0x0000000800000000)
[259.125s][debug][gc,heap           ] GC(1416)   region size 1024K, 4 young (4096K), 4 survivors (4096K)
[259.125s][debug][gc,heap           ] GC(1416)  Metaspace       used 10458K, capacity 10758K, committed 11136K, reserved 1058816K
[259.125s][debug][gc,heap           ] GC(1416)   class space    used 1149K, capacity 1267K, committed 1408K, reserved 1048576K
[259.125s][info ][gc                ] GC(1416) Pause Young (Normal) (G1 Evacuation Pause) 888M->21M(1452M) 2.186ms
[259.125s][info ][gc,cpu            ] GC(1416) User=0.01s Sys=0.00s Real=0.00s
[259.125s][info ][safepoint         ] Safepoint "G1CollectForAllocation", Time since last: 43473378 ns, Reaching safepoint: 156636 ns, At safepoint: 2355549 ns, Total: 2512185 ns
[259.167s][debug][gc,heap           ] GC(1417) Heap before GC invocations=1417 (full 1): garbage-first heap   total 1486848K, used 908610K [0x0000000700000000, 0x0000000800000000)
[259.167s][debug][gc,heap           ] GC(1417)   region size 1024K, 871 young (891904K), 4 survivors (4096K)
[259.167s][debug][gc,heap           ] GC(1417)  Metaspace       used 10458K, capacity 10758K, committed 11136K, reserved 1058816K
[259.167s][debug][gc,heap           ] GC(1417)   class space    used 1149K, capacity 1267K, committed 1408K, reserved 1048576K
[259.167s][info ][gc,start          ] GC(1417) Pause Young (Normal) (G1 Evacuation Pause)
[259.167s][info ][gc,task           ] GC(1417) Using 8 workers of 8 for evacuation
[259.167s][debug][gc,tlab           ] GC(1417) TLAB totals: thrds: 8  refills: 13 max: 3 slow allocs: 1728 max 249 waste: 35.5% gc: 1208552B max: 225808B slow: 56840B max: 15096B fast: 0B max: 0B
[259.167s][debug][gc,age            ] GC(1417) Desired survivor size 57147392 bytes, new threshold 15 (max threshold 15)
[259.167s][debug][gc,alloc,region   ] GC(1417) Mutator Allocation stats, regions: 867, wasted size: 203M (23.4%)
[259.168s][debug][gc,ergo           ] GC(1417) Running G1 Merge Heap Roots using 8 workers for 871 regions
[259.168s][debug][gc,remset         ] GC(1417) Visited cards 256 Total dirty 2048 (12.50%) Total old 3608576 (0.01%)
[259.168s][debug][gc,ergo           ] GC(1417) Running G1 Clear Card Table Task using 2 workers for 2 units of work for 872 regions.
[259.168s][debug][gc,ref            ] GC(1417) Skipped phase1 of Reference Processing due to unavailable references
[259.168s][debug][gc,ref            ] GC(1417) Skipped phase2 of Reference Processing due to unavailable references
[259.168s][debug][gc,ref            ] GC(1417) Skipped phase3 of Reference Processing due to unavailable references
[259.168s][debug][gc,ref            ] GC(1417) Skipped phase4 of Reference Processing due to unavailable references
[259.168s][debug][gc,ergo           ] GC(1417) Running G1 Free Collection Set using 8 workers for collection set length 871 (1452)
[259.169s][debug][gc,ergo           ] GC(1417) Running G1 Rebuild Free List Task using 8 workers for rebuilding free list of 0 (4096) regions
[259.169s][trace][gc,age            ] GC(1417) Age table with threshold 15 (max threshold 15)
[259.169s][trace][gc,age            ] GC(1417) - age   1:    2802552 bytes,    2802552 total
[259.169s][debug][gc,plab           ] GC(1417) Young PLAB allocation: allocated: 16512B, wasted: 0B, unused: 14064B, used: 2448B, undo waste: 0B, 
[259.169s][debug][gc,plab           ] GC(1417) Young other allocation: region end waste: 731184B, regions filled: 4, direct allocated: 2800104B, failure used: 0B, failure wasted: 0B
[259.169s][debug][gc,plab           ] GC(1417) Young sizing: calculated: 0B, actual: 2064B
[259.169s][debug][gc,plab           ] GC(1417) Old PLAB allocation: allocated: 0B, wasted: 0B, unused: 0B, used: 0B, undo waste: 0B, 
[259.169s][debug][gc,plab           ] GC(1417) Old other allocation: region end waste: 0B, regions filled: 1, direct allocated: 0B, failure used: 0B, failure wasted: 0B
[259.169s][debug][gc,plab           ] GC(1417) Old sizing: calculated: 0B, actual: 2064B
[259.169s][debug][gc,ihop           ] GC(1417) Basic information (value update), threshold: 685139558B (45.00), target occupancy: 1522532352B, current occupancy: 22352024B, recent allocation size: 0B, recent allocation duration: 43.04ms, recent old gen allocation rate: 0.00B/s, recent marking phase length: 38.29ms
[259.169s][debug][gc,ihop           ] GC(1417) Adaptive IHOP information (value update), threshold: 685139558B (47.37), internal target occupancy: 1446405734B, occupancy: 22352024B, additional buffer size: 913309696B, predicted old gen allocation rate: 8.13B/s, predicted marking phase length: 76.58ms, prediction active: false
[259.169s][debug][gc,ergo,refine    ] GC(1417) Concurrent refinement times: Logged Cards Scan time goal: 20.00ms Logged Cards Scan time: 0.00ms HCC time: 0.00ms
[259.169s][debug][gc,ergo,refine    ] GC(1417) Updated Refinement Zones: green: 2048, yellow: 6144, red: 10240
[259.169s][info ][gc,phases         ] GC(1417)   Pre Evacuate Collection Set: 0.1ms
[259.169s][debug][gc,phases         ] GC(1417)     Prepare TLABs: 0.0ms
[259.169s][debug][gc,phases         ] GC(1417)     Choose Collection Set: 0.0ms
[259.169s][debug][gc,phases         ] GC(1417)     Region Register: 0.1ms
[259.169s][debug][gc,phases         ] GC(1417)     Prepare Heap Roots: 0.0ms
[259.169s][info ][gc,phases         ] GC(1417)   Merge Heap Roots: 0.1ms
[259.169s][debug][gc,phases         ] GC(1417)     Prepare Merge Heap Roots: 0.0ms
[259.169s][debug][gc,phases         ] GC(1417)     Eager Reclaim (ms):       skipped
[259.169s][debug][gc,phases         ] GC(1417)     Remembered Sets (ms):     Min:  0.0, Avg:  0.0, Max:  0.1, Diff:  0.0, Sum:  0.3, Workers: 8
[259.169s][debug][gc,phases         ] GC(1417)       Merged Sparse:            Min: 0, Avg:  0.0, Max: 0, Diff: 0, Sum: 0, Workers: 8
[259.169s][debug][gc,phases         ] GC(1417)       Merged Fine:              Min: 0, Avg:  0.0, Max: 0, Diff: 0, Sum: 0, Workers: 8
[259.169s][debug][gc,phases         ] GC(1417)       Merged Coarse:            Min: 0, Avg:  0.0, Max: 0, Diff: 0, Sum: 0, Workers: 8
[259.169s][debug][gc,phases         ] GC(1417)       Dirty Cards:              Min: 0, Avg:  0.0, Max: 0, Diff: 0, Sum: 0, Workers: 8
[259.169s][debug][gc,phases         ] GC(1417)     Hot Card Cache (ms):      Min:  0.0, Avg:  0.0, Max:  0.0, Diff:  0.0, Sum:  0.0, Workers: 8
[259.169s][debug][gc,phases         ] GC(1417)       Dirty Cards:              Min: 0, Avg:  0.0, Max: 0, Diff: 0, Sum: 0, Workers: 8
[259.169s][debug][gc,phases         ] GC(1417)       Skipped Cards:            Min: 0, Avg:  0.0, Max: 0, Diff: 0, Sum: 0, Workers: 8
[259.169s][debug][gc,phases         ] GC(1417)     Log Buffers (ms):         Min:  0.0, Avg:  0.0, Max:  0.0, Diff:  0.0, Sum:  0.0, Workers: 8
[259.169s][debug][gc,phases         ] GC(1417)       Dirty Cards:              Min: 0, Avg:  0.1, Max: 1, Diff: 1, Sum: 1, Workers: 8
[259.169s][debug][gc,phases         ] GC(1417)       Skipped Cards:            Min: 0, Avg:  0.0, Max: 0, Diff: 0, Sum: 0, Workers: 8
[259.169s][info ][gc,phases         ] GC(1417)   Evacuate Collection Set: 0.4ms
[259.169s][debug][gc,phases         ] GC(1417)     Ext Root Scanning (ms):   Min:  0.1, Avg:  0.2, Max:  0.2, Diff:  0.2, Sum:  1.4, Workers: 8
[259.169s][debug][gc,phases         ] GC(1417)     Scan Heap Roots (ms):     Min:  0.0, Avg:  0.0, Max:  0.0, Diff:  0.0, Sum:  0.0, Workers: 8
[259.169s][debug][gc,phases         ] GC(1417)       Scanned Cards:            Min: 0, Avg:  0.1, Max: 1, Diff: 1, Sum: 1, Workers: 8
[259.169s][debug][gc,phases         ] GC(1417)       Scanned Blocks:           Min: 0, Avg:  0.1, Max: 1, Diff: 1, Sum: 1, Workers: 8
[259.169s][debug][gc,phases         ] GC(1417)       Claimed Chunks:           Min: 0, Avg:  0.1, Max: 1, Diff: 1, Sum: 1, Workers: 8
[259.169s][debug][gc,phases         ] GC(1417)     Code Root Scan (ms):      Min:  0.0, Avg:  0.0, Max:  0.1, Diff:  0.1, Sum:  0.1, Workers: 8
[259.169s][debug][gc,phases         ] GC(1417)     Object Copy (ms):         Min:  0.0, Avg:  0.0, Max:  0.0, Diff:  0.0, Sum:  0.0, Workers: 8
[259.169s][debug][gc,phases         ] GC(1417)     Termination (ms):         Min:  0.0, Avg:  0.1, Max:  0.1, Diff:  0.1, Sum:  0.8, Workers: 8
[259.169s][debug][gc,phases         ] GC(1417)       Termination Attempts:     Min: 1, Avg:  1.8, Max: 4, Diff: 3, Sum: 14, Workers: 8
[259.169s][debug][gc,phases         ] GC(1417)     GC Worker Other (ms):     Min:  0.0, Avg:  0.0, Max:  0.1, Diff:  0.1, Sum:  0.3, Workers: 8
[259.169s][debug][gc,phases         ] GC(1417)     GC Worker Total (ms):     Min:  0.3, Avg:  0.3, Max:  0.3, Diff:  0.0, Sum:  2.6, Workers: 8
[259.169s][info ][gc,phases         ] GC(1417)   Post Evacuate Collection Set: 0.6ms
[259.169s][debug][gc,phases         ] GC(1417)     Code Roots Fixup: 0.0ms
[259.169s][debug][gc,phases         ] GC(1417)     Clear Card Table: 0.2ms
[259.169s][debug][gc,phases         ] GC(1417)     Reference Processing: 0.0ms
[259.169s][debug][gc,phases,ref     ] GC(1417)       Reconsider SoftReferences: 0.0ms
[259.169s][debug][gc,phases,ref     ] GC(1417)         SoftRef (ms):             skipped
[259.169s][debug][gc,phases,ref     ] GC(1417)       Notify Soft/WeakReferences: 0.0ms
[259.169s][debug][gc,phases,ref     ] GC(1417)         SoftRef (ms):             skipped
[259.169s][debug][gc,phases,ref     ] GC(1417)         WeakRef (ms):             skipped
[259.169s][debug][gc,phases,ref     ] GC(1417)         FinalRef (ms):            skipped
[259.169s][debug][gc,phases,ref     ] GC(1417)         Total (ms):               skipped
[259.169s][debug][gc,phases,ref     ] GC(1417)       Notify and keep alive finalizable: 0.0ms
[259.169s][debug][gc,phases,ref     ] GC(1417)         FinalRef (ms):            skipped
[259.169s][debug][gc,phases,ref     ] GC(1417)       Notify PhantomReferences: 0.0ms
[259.169s][debug][gc,phases,ref     ] GC(1417)         PhantomRef (ms):          skipped
[259.169s][debug][gc,phases,ref     ] GC(1417)       SoftReference:
[259.169s][debug][gc,phases,ref     ] GC(1417)         Discovered: 0
[259.169s][debug][gc,phases,ref     ] GC(1417)         Cleared: 0
[259.169s][debug][gc,phases,ref     ] GC(1417)       WeakReference:
[259.169s][debug][gc,phases,ref     ] GC(1417)         Discovered: 0
[259.169s][debug][gc,phases,ref     ] GC(1417)         Cleared: 0
[259.169s][debug][gc,phases,ref     ] GC(1417)       FinalReference:
[259.169s][debug][gc,phases,ref     ] GC(1417)         Discovered: 0
[259.169s][debug][gc,phases,ref     ] GC(1417)         Cleared: 0
[259.169s][debug][gc,phases,ref     ] GC(1417)       PhantomReference:
[259.169s][debug][gc,phases,ref     ] GC(1417)         Discovered: 0
[259.169s][debug][gc,phases,ref     ] GC(1417)         Cleared: 0
[259.169s][debug][gc,phases         ] GC(1417)     Weak Processing: 0.1ms
[259.169s][debug][gc,phases         ] GC(1417)       JVMTI weak processing: 0.0ms
[259.169s][debug][gc,phases         ] GC(1417)         Dead: 0
[259.169s][debug][gc,phases         ] GC(1417)         Total: 0
[259.169s][debug][gc,phases         ] GC(1417)       JFR weak processing: 0.0ms
[259.169s][debug][gc,phases         ] GC(1417)         Dead: 0
[259.169s][debug][gc,phases         ] GC(1417)         Total: 0
[259.169s][debug][gc,phases         ] GC(1417)       JNI weak                  Min:  0.0, Avg:  0.0, Max:  0.0, Diff:  0.0, Sum:  0.0, Workers: 5
[259.169s][debug][gc,phases         ] GC(1417)         Dead                      Min: 0, Avg:  0.0, Max: 0, Diff: 0, Sum: 0, Workers: 5
[259.169s][debug][gc,phases         ] GC(1417)         Total                     Min: 0, Avg: 21.8, Max: 64, Diff: 64, Sum: 109, Workers: 5
[259.169s][debug][gc,phases         ] GC(1417)       VM weak                   Min:  0.0, Avg:  0.0, Max:  0.0, Diff:  0.0, Sum:  0.0, Workers: 5
[259.169s][debug][gc,phases         ] GC(1417)         Dead                      Min: 0, Avg:  0.0, Max: 0, Diff: 0, Sum: 0, Workers: 5
[259.169s][debug][gc,phases         ] GC(1417)         Total                     Min: 0, Avg: 42.6, Max: 128, Diff: 128, Sum: 213, Workers: 5
[259.169s][debug][gc,phases         ] GC(1417)       StringTable weak          Min:  0.0, Avg:  0.0, Max:  0.0, Diff:  0.0, Sum:  0.1, Workers: 5
[259.169s][debug][gc,phases         ] GC(1417)         Dead                      Min: 0, Avg:  0.0, Max: 0, Diff: 0, Sum: 0, Workers: 5
[259.169s][debug][gc,phases         ] GC(1417)         Total                     Min: 0, Avg: 721.8, Max: 1690, Diff: 1690, Sum: 3609, Workers: 5
[259.169s][debug][gc,phases         ] GC(1417)       ResolvedMethodTable weak  Min:  0.0, Avg:  0.0, Max:  0.0, Diff:  0.0, Sum:  0.0, Workers: 5
[259.169s][debug][gc,phases         ] GC(1417)         Dead                      Min: 0, Avg:  0.0, Max: 0, Diff: 0, Sum: 0, Workers: 5
[259.169s][debug][gc,phases         ] GC(1417)         Total                     Min: 0, Avg: 114.8, Max: 190, Diff: 190, Sum: 574, Workers: 5
[259.169s][debug][gc,phases         ] GC(1417)     Merge Per-Thread State: 0.0ms
[259.169s][debug][gc,phases         ] GC(1417)       Copied Bytes              Min: 888, Avg: 350319.0, Max: 800096, Diff: 799208, Sum: 2802552, Workers: 8
[259.169s][debug][gc,phases         ] GC(1417)       LAB Waste                 Min: 0, Avg:  0.0, Max: 0, Diff: 0, Sum: 0, Workers: 8
[259.169s][debug][gc,phases         ] GC(1417)       LAB Undo Waste            Min: 0, Avg:  0.0, Max: 0, Diff: 0, Sum: 0, Workers: 8
[259.169s][debug][gc,phases         ] GC(1417)     Code Roots Purge: 0.0ms
[259.169s][debug][gc,phases         ] GC(1417)     Redirty Cards: 0.0ms
[259.169s][debug][gc,phases         ] GC(1417)     DerivedPointerTable Update: 0.0ms
[259.169s][debug][gc,phases         ] GC(1417)     Free Collection Set: 0.2ms
[259.169s][debug][gc,phases         ] GC(1417)     Rebuild Free List: 0.1ms
[259.169s][debug][gc,phases         ] GC(1417)     Humongous Reclaim: 0.0ms
[259.169s][debug][gc,phases         ] GC(1417)     Start New Collection Set: 0.0ms
[259.169s][debug][gc,phases         ] GC(1417)     Resize TLABs: 0.0ms
[259.170s][debug][gc,phases         ] GC(1417)     Expand Heap After Collection: 0.0ms
[259.170s][info ][gc,phases         ] GC(1417)   Other: 0.3ms
[259.170s][info ][gc,heap           ] GC(1417) Eden regions: 867->0(867)
[259.170s][info ][gc,heap           ] GC(1417) Survivor regions: 4->4(109)
[259.170s][info ][gc,heap           ] GC(1417) Old regions: 18->18
[259.170s][info ][gc,heap           ] GC(1417) Archive regions: 2->2
[259.170s][info ][gc,heap           ] GC(1417) Humongous regions: 0->0
[259.170s][info ][gc,metaspace      ] GC(1417) Metaspace: 10458K(11136K)->10458K(11136K) NonClass: 9309K(9728K)->9309K(9728K) Class: 1149K(1408K)->1149K(1408K)
[259.170s][debug][gc,heap           ] GC(1417) Heap after GC invocations=1418 (full 1): garbage-first heap   total 1486848K, used 21828K [0x0000000700000000, 0x0000000800000000)
[259.170s][debug][gc,heap           ] GC(1417)   region size 1024K, 4 young (4096K), 4 survivors (4096K)
[259.170s][debug][gc,heap           ] GC(1417)  Metaspace       used 10458K, capacity 10758K, committed 11136K, reserved 1058816K
[259.170s][debug][gc,heap           ] GC(1417)   class space    used 1149K, capacity 1267K, committed 1408K, reserved 1048576K
[259.170s][info ][gc                ] GC(1417) Pause Young (Normal) (G1 Evacuation Pause) 888M->21M(1452M) 2.144ms
[259.170s][info ][gc,cpu            ] GC(1417) User=0.00s Sys=0.00s Real=0.00s
[259.170s][info ][safepoint         ] Safepoint "G1CollectForAllocation", Time since last: 41951563 ns, Reaching safepoint: 147332 ns, At safepoint: 2314073 ns, Total: 2461405 ns
[259.214s][debug][gc,heap           ] GC(1418) Heap before GC invocations=1418 (full 1): garbage-first heap   total 1486848K, used 908612K [0x0000000700000000, 0x0000000800000000)
[259.214s][debug][gc,heap           ] GC(1418)   region size 1024K, 871 young (891904K), 4 survivors (4096K)
[259.214s][debug][gc,heap           ] GC(1418)  Metaspace       used 10458K, capacity 10758K, committed 11136K, reserved 1058816K
[259.214s][debug][gc,heap           ] GC(1418)   class space    used 1149K, capacity 1267K, committed 1408K, reserved 1048576K
[259.214s][info ][gc,start          ] GC(1418) Pause Young (Normal) (G1 Evacuation Pause)
[259.214s][info ][gc,task           ] GC(1418) Using 8 workers of 8 for evacuation
[259.214s][debug][gc,tlab           ] GC(1418) TLAB totals: thrds: 8  refills: 11 max: 2 slow allocs: 1728 max 264 waste: 35.0% gc: 990704B max: 194608B slow: 29008B max: 13912B fast: 0B max: 0B
[259.214s][debug][gc,age            ] GC(1418) Desired survivor size 57147392 bytes, new threshold 15 (max threshold 15)
[259.214s][debug][gc,alloc,region   ] GC(1418) Mutator Allocation stats, regions: 867, wasted size: 203M (23.4%)
[259.215s][debug][gc,ergo           ] GC(1418) Running G1 Merge Heap Roots using 8 workers for 871 regions
[259.215s][debug][gc,remset         ] GC(1418) Visited cards 512 Total dirty 4096 (12.50%) Total old 3608576 (0.01%)
[259.215s][debug][gc,ergo           ] GC(1418) Running G1 Clear Card Table Task using 2 workers for 2 units of work for 873 regions.
[259.215s][debug][gc,ref            ] GC(1418) Skipped phase1 of Reference Processing due to unavailable references
[259.215s][debug][gc,ref            ] GC(1418) Skipped phase2 of Reference Processing due to unavailable references
[259.215s][debug][gc,ref            ] GC(1418) Skipped phase3 of Reference Processing due to unavailable references
[259.215s][debug][gc,ref            ] GC(1418) Skipped phase4 of Reference Processing due to unavailable references
[259.216s][debug][gc,ergo           ] GC(1418) Running G1 Free Collection Set using 8 workers for collection set length 871 (1452)
[259.216s][debug][gc,ergo           ] GC(1418) Running G1 Rebuild Free List Task using 8 workers for rebuilding free list of 0 (4096) regions
[259.216s][trace][gc,age            ] GC(1418) Age table with threshold 15 (max threshold 15)
[259.216s][trace][gc,age            ] GC(1418) - age   1:    2802552 bytes,    2802552 total
[259.216s][debug][gc,plab           ] GC(1418) Young PLAB allocation: allocated: 16512B, wasted: 0B, unused: 14064B, used: 2448B, undo waste: 0B, 
[259.216s][debug][gc,plab           ] GC(1418) Young other allocation: region end waste: 731184B, regions filled: 4, direct allocated: 2800104B, failure used: 0B, failure wasted: 0B
[259.216s][debug][gc,plab           ] GC(1418) Young sizing: calculated: 0B, actual: 2064B
[259.216s][debug][gc,plab           ] GC(1418) Old PLAB allocation: allocated: 0B, wasted: 0B, unused: 0B, used: 0B, undo waste: 0B, 
[259.216s][debug][gc,plab           ] GC(1418) Old other allocation: region end waste: 0B, regions filled: 1, direct allocated: 0B, failure used: 0B, failure wasted: 0B
[259.216s][debug][gc,plab           ] GC(1418) Old sizing: calculated: 0B, actual: 2064B
[259.216s][debug][gc,ihop           ] GC(1418) Basic information (value update), threshold: 685139558B (45.00), target occupancy: 1522532352B, current occupancy: 22352024B, recent allocation size: 0B, recent allocation duration: 45.64ms, recent old gen allocation rate: 0.00B/s, recent marking phase length: 38.29ms
[259.216s][debug][gc,ihop           ] GC(1418) Adaptive IHOP information (value update), threshold: 685139558B (47.37), internal target occupancy: 1446405734B, occupancy: 22352024B, additional buffer size: 913309696B, predicted old gen allocation rate: 7.92B/s, predicted marking phase length: 76.58ms, prediction active: false
[259.216s][debug][gc,ergo,refine    ] GC(1418) Concurrent refinement times: Logged Cards Scan time goal: 20.00ms Logged Cards Scan time: 0.01ms HCC time: 0.00ms
[259.216s][debug][gc,ergo,refine    ] GC(1418) Updated Refinement Zones: green: 2048, yellow: 6144, red: 10240
[259.216s][info ][gc,phases         ] GC(1418)   Pre Evacuate Collection Set: 0.1ms
[259.216s][debug][gc,phases         ] GC(1418)     Prepare TLABs: 0.0ms
[259.216s][debug][gc,phases         ] GC(1418)     Choose Collection Set: 0.0ms
[259.216s][debug][gc,phases         ] GC(1418)     Region Register: 0.1ms
[259.216s][debug][gc,phases         ] GC(1418)     Prepare Heap Roots: 0.0ms
[259.216s][info ][gc,phases         ] GC(1418)   Merge Heap Roots: 0.1ms
[259.216s][debug][gc,phases         ] GC(1418)     Prepare Merge Heap Roots: 0.0ms
[259.216s][debug][gc,phases         ] GC(1418)     Eager Reclaim (ms):       skipped
[259.216s][debug][gc,phases         ] GC(1418)     Remembered Sets (ms):     Min:  0.0, Avg:  0.0, Max:  0.1, Diff:  0.0, Sum:  0.3, Workers: 8
[259.216s][debug][gc,phases         ] GC(1418)       Merged Sparse:            Min: 0, Avg:  0.0, Max: 0, Diff: 0, Sum: 0, Workers: 8
[259.216s][debug][gc,phases         ] GC(1418)       Merged Fine:              Min: 0, Avg:  0.0, Max: 0, Diff: 0, Sum: 0, Workers: 8
[259.216s][debug][gc,phases         ] GC(1418)       Merged Coarse:            Min: 0, Avg:  0.0, Max: 0, Diff: 0, Sum: 0, Workers: 8
[259.216s][debug][gc,phases         ] GC(1418)       Dirty Cards:              Min: 0, Avg:  0.0, Max: 0, Diff: 0, Sum: 0, Workers: 8
[259.216s][debug][gc,phases         ] GC(1418)     Hot Card Cache (ms):      Min:  0.0, Avg:  0.0, Max:  0.0, Diff:  0.0, Sum:  0.0, Workers: 8
[259.216s][debug][gc,phases         ] GC(1418)       Dirty Cards:              Min: 0, Avg:  0.0, Max: 0, Diff: 0, Sum: 0, Workers: 8
[259.216s][debug][gc,phases         ] GC(1418)       Skipped Cards:            Min: 0, Avg:  0.0, Max: 0, Diff: 0, Sum: 0, Workers: 8
[259.216s][debug][gc,phases         ] GC(1418)     Log Buffers (ms):         Min:  0.0, Avg:  0.0, Max:  0.0, Diff:  0.0, Sum:  0.0, Workers: 8
[259.216s][debug][gc,phases         ] GC(1418)       Dirty Cards:              Min: 0, Avg:  0.2, Max: 1, Diff: 1, Sum: 2, Workers: 8
[259.216s][debug][gc,phases         ] GC(1418)       Skipped Cards:            Min: 0, Avg:  0.0, Max: 0, Diff: 0, Sum: 0, Workers: 8
[259.216s][info ][gc,phases         ] GC(1418)   Evacuate Collection Set: 0.4ms
[259.216s][debug][gc,phases         ] GC(1418)     Ext Root Scanning (ms):   Min:  0.1, Avg:  0.2, Max:  0.3, Diff:  0.2, Sum:  1.5, Workers: 8
[259.216s][debug][gc,phases         ] GC(1418)     Scan Heap Roots (ms):     Min:  0.0, Avg:  0.0, Max:  0.0, Diff:  0.0, Sum:  0.0, Workers: 8
[259.216s][debug][gc,phases         ] GC(1418)       Scanned Cards:            Min: 0, Avg:  0.2, Max: 2, Diff: 2, Sum: 2, Workers: 8
[259.216s][debug][gc,phases         ] GC(1418)       Scanned Blocks:           Min: 0, Avg:  0.2, Max: 2, Diff: 2, Sum: 2, Workers: 8
[259.216s][debug][gc,phases         ] GC(1418)       Claimed Chunks:           Min: 0, Avg:  0.2, Max: 2, Diff: 2, Sum: 2, Workers: 8
[259.216s][debug][gc,phases         ] GC(1418)     Code Root Scan (ms):      Min:  0.0, Avg:  0.0, Max:  0.0, Diff:  0.0, Sum:  0.1, Workers: 8
[259.216s][debug][gc,phases         ] GC(1418)     Object Copy (ms):         Min:  0.0, Avg:  0.0, Max:  0.0, Diff:  0.0, Sum:  0.0, Workers: 8
[259.216s][debug][gc,phases         ] GC(1418)     Termination (ms):         Min:  0.1, Avg:  0.1, Max:  0.1, Diff:  0.0, Sum:  0.6, Workers: 8
[259.216s][debug][gc,phases         ] GC(1418)       Termination Attempts:     Min: 1, Avg:  1.0, Max: 1, Diff: 0, Sum: 8, Workers: 8
[259.216s][debug][gc,phases         ] GC(1418)     GC Worker Other (ms):     Min:  0.0, Avg:  0.0, Max:  0.1, Diff:  0.1, Sum:  0.4, Workers: 8
[259.216s][debug][gc,phases         ] GC(1418)     GC Worker Total (ms):     Min:  0.3, Avg:  0.3, Max:  0.4, Diff:  0.0, Sum:  2.7, Workers: 8
[259.216s][info ][gc,phases         ] GC(1418)   Post Evacuate Collection Set: 0.6ms
[259.216s][debug][gc,phases         ] GC(1418)     Code Roots Fixup: 0.0ms
[259.216s][debug][gc,phases         ] GC(1418)     Clear Card Table: 0.2ms
[259.216s][debug][gc,phases         ] GC(1418)     Reference Processing: 0.0ms
[259.216s][debug][gc,phases,ref     ] GC(1418)       Reconsider SoftReferences: 0.0ms
[259.216s][debug][gc,phases,ref     ] GC(1418)         SoftRef (ms):             skipped
[259.216s][debug][gc,phases,ref     ] GC(1418)       Notify Soft/WeakReferences: 0.0ms
[259.216s][debug][gc,phases,ref     ] GC(1418)         SoftRef (ms):             skipped
[259.216s][debug][gc,phases,ref     ] GC(1418)         WeakRef (ms):             skipped
[259.216s][debug][gc,phases,ref     ] GC(1418)         FinalRef (ms):            skipped
[259.216s][debug][gc,phases,ref     ] GC(1418)         Total (ms):               skipped
[259.216s][debug][gc,phases,ref     ] GC(1418)       Notify and keep alive finalizable: 0.0ms
[259.216s][debug][gc,phases,ref     ] GC(1418)         FinalRef (ms):            skipped
[259.216s][debug][gc,phases,ref     ] GC(1418)       Notify PhantomReferences: 0.0ms
[259.216s][debug][gc,phases,ref     ] GC(1418)         PhantomRef (ms):          skipped
[259.216s][debug][gc,phases,ref     ] GC(1418)       SoftReference:
[259.216s][debug][gc,phases,ref     ] GC(1418)         Discovered: 0
[259.216s][debug][gc,phases,ref     ] GC(1418)         Cleared: 0
[259.216s][debug][gc,phases,ref     ] GC(1418)       WeakReference:
[259.216s][debug][gc,phases,ref     ] GC(1418)         Discovered: 0
[259.216s][debug][gc,phases,ref     ] GC(1418)         Cleared: 0
[259.216s][debug][gc,phases,ref     ] GC(1418)       FinalReference:
[259.216s][debug][gc,phases,ref     ] GC(1418)         Discovered: 0
[259.216s][debug][gc,phases,ref     ] GC(1418)         Cleared: 0
[259.216s][debug][gc,phases,ref     ] GC(1418)       PhantomReference:
[259.216s][debug][gc,phases,ref     ] GC(1418)         Discovered: 0
[259.216s][debug][gc,phases,ref     ] GC(1418)         Cleared: 0
[259.216s][debug][gc,phases         ] GC(1418)     Weak Processing: 0.1ms
[259.216s][debug][gc,phases         ] GC(1418)       JVMTI weak processing: 0.0ms
[259.216s][debug][gc,phases         ] GC(1418)         Dead: 0
[259.216s][debug][gc,phases         ] GC(1418)         Total: 0
[259.216s][debug][gc,phases         ] GC(1418)       JFR weak processing: 0.0ms
[259.216s][debug][gc,phases         ] GC(1418)         Dead: 0
[259.216s][debug][gc,phases         ] GC(1418)         Total: 0
[259.216s][debug][gc,phases         ] GC(1418)       JNI weak                  Min:  0.0, Avg:  0.0, Max:  0.0, Diff:  0.0, Sum:  0.0, Workers: 5
[259.216s][debug][gc,phases         ] GC(1418)         Dead                      Min: 0, Avg:  0.0, Max: 0, Diff: 0, Sum: 0, Workers: 5
[259.216s][debug][gc,phases         ] GC(1418)         Total                     Min: 0, Avg: 21.8, Max: 109, Diff: 109, Sum: 109, Workers: 5
[259.216s][debug][gc,phases         ] GC(1418)       VM weak                   Min:  0.0, Avg:  0.0, Max:  0.0, Diff:  0.0, Sum:  0.0, Workers: 5
[259.216s][debug][gc,phases         ] GC(1418)         Dead                      Min: 0, Avg:  0.0, Max: 0, Diff: 0, Sum: 0, Workers: 5
[259.216s][debug][gc,phases         ] GC(1418)         Total                     Min: 0, Avg: 42.6, Max: 213, Diff: 213, Sum: 213, Workers: 5
[259.216s][debug][gc,phases         ] GC(1418)       StringTable weak          Min:  0.0, Avg:  0.0, Max:  0.0, Diff:  0.0, Sum:  0.0, Workers: 5
[259.216s][debug][gc,phases         ] GC(1418)         Dead                      Min: 0, Avg:  0.0, Max: 0, Diff: 0, Sum: 0, Workers: 5
[259.216s][debug][gc,phases         ] GC(1418)         Total                     Min: 0, Avg: 721.8, Max: 2969, Diff: 2969, Sum: 3609, Workers: 5
[259.216s][debug][gc,phases         ] GC(1418)       ResolvedMethodTable weak  Min:  0.0, Avg:  0.0, Max:  0.0, Diff:  0.0, Sum:  0.0, Workers: 5
[259.216s][debug][gc,phases         ] GC(1418)         Dead                      Min: 0, Avg:  0.0, Max: 0, Diff: 0, Sum: 0, Workers: 5
[259.216s][debug][gc,phases         ] GC(1418)         Total                     Min: 0, Avg: 114.8, Max: 256, Diff: 256, Sum: 574, Workers: 5
[259.216s][debug][gc,phases         ] GC(1418)     Merge Per-Thread State: 0.0ms
[259.216s][debug][gc,phases         ] GC(1418)       Copied Bytes              Min: 152, Avg: 350319.0, Max: 800320, Diff: 800168, Sum: 2802552, Workers: 8
[259.216s][debug][gc,phases         ] GC(1418)       LAB Waste                 Min: 0, Avg:  0.0, Max: 0, Diff: 0, Sum: 0, Workers: 8
[259.216s][debug][gc,phases         ] GC(1418)       LAB Undo Waste            Min: 0, Avg:  0.0, Max: 0, Diff: 0, Sum: 0, Workers: 8
[259.216s][debug][gc,phases         ] GC(1418)     Code Roots Purge: 0.0ms
[259.217s][debug][gc,phases         ] GC(1418)     Redirty Cards: 0.0ms
[259.217s][debug][gc,phases         ] GC(1418)     DerivedPointerTable Update: 0.0ms
[259.217s][debug][gc,phases         ] GC(1418)     Free Collection Set: 0.2ms
[259.217s][debug][gc,phases         ] GC(1418)     Rebuild Free List: 0.1ms
[259.217s][debug][gc,phases         ] GC(1418)     Humongous Reclaim: 0.0ms
[259.217s][debug][gc,phases         ] GC(1418)     Start New Collection Set: 0.0ms
[259.217s][debug][gc,phases         ] GC(1418)     Resize TLABs: 0.0ms
[259.217s][debug][gc,phases         ] GC(1418)     Expand Heap After Collection: 0.0ms
[259.217s][info ][gc,phases         ] GC(1418)   Other: 0.3ms
[259.217s][info ][gc,heap           ] GC(1418) Eden regions: 867->0(867)
[259.217s][info ][gc,heap           ] GC(1418) Survivor regions: 4->4(109)
[259.217s][info ][gc,heap           ] GC(1418) Old regions: 18->18
[259.217s][info ][gc,heap           ] GC(1418) Archive regions: 2->2
[259.217s][info ][gc,heap           ] GC(1418) Humongous regions: 0->0
[259.217s][info ][gc,metaspace      ] GC(1418) Metaspace: 10458K(11136K)->10458K(11136K) NonClass: 9309K(9728K)->9309K(9728K) Class: 1149K(1408K)->1149K(1408K)
[259.217s][debug][gc,heap           ] GC(1418) Heap after GC invocations=1419 (full 1): garbage-first heap   total 1486848K, used 21828K [0x0000000700000000, 0x0000000800000000)
[259.217s][debug][gc,heap           ] GC(1418)   region size 1024K, 4 young (4096K), 4 survivors (4096K)
[259.217s][debug][gc,heap           ] GC(1418)  Metaspace       used 10458K, capacity 10758K, committed 11136K, reserved 1058816K
[259.217s][debug][gc,heap           ] GC(1418)   class space    used 1149K, capacity 1267K, committed 1408K, reserved 1048576K
[259.217s][info ][gc                ] GC(1418) Pause Young (Normal) (G1 Evacuation Pause) 888M->21M(1452M) 2.216ms
[259.217s][info ][gc,cpu            ] GC(1418) User=0.01s Sys=0.00s Real=0.00s
[259.217s][info ][safepoint         ] Safepoint "G1CollectForAllocation", Time since last: 44455628 ns, Reaching safepoint: 196834 ns, At safepoint: 2398750 ns, Total: 2595584 ns
[259.260s][debug][gc,heap           ] GC(1419) Heap before GC invocations=1419 (full 1): garbage-first heap   total 1486848K, used 908612K [0x0000000700000000, 0x0000000800000000)
[259.260s][debug][gc,heap           ] GC(1419)   region size 1024K, 871 young (891904K), 4 survivors (4096K)
[259.260s][debug][gc,heap           ] GC(1419)  Metaspace       used 10458K, capacity 10758K, committed 11136K, reserved 1058816K
[259.260s][debug][gc,heap           ] GC(1419)   class space    used 1149K, capacity 1267K, committed 1408K, reserved 1048576K
[259.260s][info ][gc,start          ] GC(1419) Pause Young (Normal) (G1 Evacuation Pause)
[259.260s][info ][gc,task           ] GC(1419) Using 8 workers of 8 for evacuation
[259.260s][debug][gc,tlab           ] GC(1419) TLAB totals: thrds: 8  refills: 15 max: 3 slow allocs: 1726 max 242 waste: 35.9% gc: 1427624B max: 240976B slow: 85456B max: 15096B fast: 0B max: 0B
[259.260s][debug][gc,age            ] GC(1419) Desired survivor size 57147392 bytes, new threshold 15 (max threshold 15)
[259.260s][debug][gc,alloc,region   ] GC(1419) Mutator Allocation stats, regions: 867, wasted size: 202M (23.4%)
[259.260s][debug][gc,ergo           ] GC(1419) Running G1 Merge Heap Roots using 8 workers for 871 regions
[259.260s][debug][gc,remset         ] GC(1419) Visited cards 256 Total dirty 2048 (12.50%) Total old 3608576 (0.01%)
[259.260s][debug][gc,ergo           ] GC(1419) Running G1 Clear Card Table Task using 2 workers for 2 units of work for 872 regions.
[259.260s][debug][gc,ref            ] GC(1419) Skipped phase1 of Reference Processing due to unavailable references
[259.260s][debug][gc,ref            ] GC(1419) Skipped phase2 of Reference Processing due to unavailable references
[259.260s][debug][gc,ref            ] GC(1419) Skipped phase3 of Reference Processing due to unavailable references
[259.260s][debug][gc,ref            ] GC(1419) Skipped phase4 of Reference Processing due to unavailable references
[259.261s][debug][gc,ergo           ] GC(1419) Running G1 Free Collection Set using 8 workers for collection set length 871 (1452)
[259.261s][debug][gc,ergo           ] GC(1419) Running G1 Rebuild Free List Task using 8 workers for rebuilding free list of 0 (4096) regions
[259.261s][trace][gc,age            ] GC(1419) Age table with threshold 15 (max threshold 15)
[259.261s][trace][gc,age            ] GC(1419) - age   1:    2002440 bytes,    2002440 total
[259.261s][debug][gc,plab           ] GC(1419) Young PLAB allocation: allocated: 16512B, wasted: 0B, unused: 14144B, used: 2368B, undo waste: 0B, 
[259.261s][debug][gc,plab           ] GC(1419) Young other allocation: region end waste: 482640B, regions filled: 3, direct allocated: 2000072B, failure used: 0B, failure wasted: 0B
[259.261s][debug][gc,plab           ] GC(1419) Young sizing: calculated: 0B, actual: 2064B
[259.261s][debug][gc,plab           ] GC(1419) Old PLAB allocation: allocated: 0B, wasted: 0B, unused: 0B, used: 0B, undo waste: 0B, 
[259.261s][debug][gc,plab           ] GC(1419) Old other allocation: region end waste: 0B, regions filled: 1, direct allocated: 0B, failure used: 0B, failure wasted: 0B
[259.261s][debug][gc,plab           ] GC(1419) Old sizing: calculated: 0B, actual: 2064B
[259.261s][debug][gc,ihop           ] GC(1419) Basic information (value update), threshold: 685139558B (45.00), target occupancy: 1522532352B, current occupancy: 21303448B, recent allocation size: 0B, recent allocation duration: 43.75ms, recent old gen allocation rate: 0.00B/s, recent marking phase length: 38.29ms
[259.261s][debug][gc,ihop           ] GC(1419) Adaptive IHOP information (value update), threshold: 685139558B (47.37), internal target occupancy: 1446405734B, occupancy: 21303448B, additional buffer size: 913309696B, predicted old gen allocation rate: 7.72B/s, predicted marking phase length: 76.58ms, prediction active: false
[259.261s][debug][gc,ergo,refine    ] GC(1419) Concurrent refinement times: Logged Cards Scan time goal: 20.00ms Logged Cards Scan time: 0.00ms HCC time: 0.00ms
[259.261s][debug][gc,ergo,refine    ] GC(1419) Updated Refinement Zones: green: 2048, yellow: 6144, red: 10240
[259.261s][info ][gc,phases         ] GC(1419)   Pre Evacuate Collection Set: 0.1ms
[259.261s][debug][gc,phases         ] GC(1419)     Prepare TLABs: 0.0ms
[259.261s][debug][gc,phases         ] GC(1419)     Choose Collection Set: 0.0ms
[259.261s][debug][gc,phases         ] GC(1419)     Region Register: 0.1ms
[259.261s][debug][gc,phases         ] GC(1419)     Prepare Heap Roots: 0.0ms
[259.261s][info ][gc,phases         ] GC(1419)   Merge Heap Roots: 0.1ms
[259.261s][debug][gc,phases         ] GC(1419)     Prepare Merge Heap Roots: 0.0ms
[259.261s][debug][gc,phases         ] GC(1419)     Eager Reclaim (ms):       skipped
[259.261s][debug][gc,phases         ] GC(1419)     Remembered Sets (ms):     Min:  0.0, Avg:  0.0, Max:  0.0, Diff:  0.0, Sum:  0.2, Workers: 8
[259.261s][debug][gc,phases         ] GC(1419)       Merged Sparse:            Min: 0, Avg:  0.0, Max: 0, Diff: 0, Sum: 0, Workers: 8
[259.261s][debug][gc,phases         ] GC(1419)       Merged Fine:              Min: 0, Avg:  0.0, Max: 0, Diff: 0, Sum: 0, Workers: 8
[259.261s][debug][gc,phases         ] GC(1419)       Merged Coarse:            Min: 0, Avg:  0.0, Max: 0, Diff: 0, Sum: 0, Workers: 8
[259.261s][debug][gc,phases         ] GC(1419)       Dirty Cards:              Min: 0, Avg:  0.0, Max: 0, Diff: 0, Sum: 0, Workers: 8
[259.261s][debug][gc,phases         ] GC(1419)     Hot Card Cache (ms):      Min:  0.0, Avg:  0.0, Max:  0.0, Diff:  0.0, Sum:  0.0, Workers: 8
[259.261s][debug][gc,phases         ] GC(1419)       Dirty Cards:              Min: 0, Avg:  0.0, Max: 0, Diff: 0, Sum: 0, Workers: 8
[259.261s][debug][gc,phases         ] GC(1419)       Skipped Cards:            Min: 0, Avg:  0.0, Max: 0, Diff: 0, Sum: 0, Workers: 8
[259.261s][debug][gc,phases         ] GC(1419)     Log Buffers (ms):         Min:  0.0, Avg:  0.0, Max:  0.0, Diff:  0.0, Sum:  0.0, Workers: 8
[259.261s][debug][gc,phases         ] GC(1419)       Dirty Cards:              Min: 0, Avg:  0.1, Max: 1, Diff: 1, Sum: 1, Workers: 8
[259.261s][debug][gc,phases         ] GC(1419)       Skipped Cards:            Min: 0, Avg:  0.0, Max: 0, Diff: 0, Sum: 0, Workers: 8
[259.261s][info ][gc,phases         ] GC(1419)   Evacuate Collection Set: 0.3ms
[259.261s][debug][gc,phases         ] GC(1419)     Ext Root Scanning (ms):   Min:  0.1, Avg:  0.1, Max:  0.2, Diff:  0.2, Sum:  1.0, Workers: 8
[259.261s][debug][gc,phases         ] GC(1419)     Scan Heap Roots (ms):     Min:  0.0, Avg:  0.0, Max:  0.0, Diff:  0.0, Sum:  0.0, Workers: 8
[259.261s][debug][gc,phases         ] GC(1419)       Scanned Cards:            Min: 0, Avg:  0.1, Max: 1, Diff: 1, Sum: 1, Workers: 8
[259.261s][debug][gc,phases         ] GC(1419)       Scanned Blocks:           Min: 0, Avg:  0.1, Max: 1, Diff: 1, Sum: 1, Workers: 8
[259.261s][debug][gc,phases         ] GC(1419)       Claimed Chunks:           Min: 0, Avg:  0.1, Max: 1, Diff: 1, Sum: 1, Workers: 8
[259.261s][debug][gc,phases         ] GC(1419)     Code Root Scan (ms):      Min:  0.0, Avg:  0.0, Max:  0.0, Diff:  0.0, Sum:  0.1, Workers: 8
[259.261s][debug][gc,phases         ] GC(1419)     Object Copy (ms):         Min:  0.0, Avg:  0.0, Max:  0.0, Diff:  0.0, Sum:  0.0, Workers: 8
[259.261s][debug][gc,phases         ] GC(1419)     Termination (ms):         Min:  0.0, Avg:  0.1, Max:  0.1, Diff:  0.0, Sum:  0.5, Workers: 8
[259.261s][debug][gc,phases         ] GC(1419)       Termination Attempts:     Min: 1, Avg:  1.0, Max: 1, Diff: 0, Sum: 8, Workers: 8
[259.261s][debug][gc,phases         ] GC(1419)     GC Worker Other (ms):     Min:  0.0, Avg:  0.1, Max:  0.1, Diff:  0.1, Sum:  0.4, Workers: 8
[259.261s][debug][gc,phases         ] GC(1419)     GC Worker Total (ms):     Min:  0.2, Avg:  0.3, Max:  0.3, Diff:  0.0, Sum:  2.1, Workers: 8
[259.261s][info ][gc,phases         ] GC(1419)   Post Evacuate Collection Set: 0.6ms
[259.261s][debug][gc,phases         ] GC(1419)     Code Roots Fixup: 0.0ms
[259.261s][debug][gc,phases         ] GC(1419)     Clear Card Table: 0.2ms
[259.261s][debug][gc,phases         ] GC(1419)     Reference Processing: 0.0ms
[259.261s][debug][gc,phases,ref     ] GC(1419)       Reconsider SoftReferences: 0.0ms
[259.261s][debug][gc,phases,ref     ] GC(1419)         SoftRef (ms):             skipped
[259.261s][debug][gc,phases,ref     ] GC(1419)       Notify Soft/WeakReferences: 0.0ms
[259.261s][debug][gc,phases,ref     ] GC(1419)         SoftRef (ms):             skipped
[259.261s][debug][gc,phases,ref     ] GC(1419)         WeakRef (ms):             skipped
[259.261s][debug][gc,phases,ref     ] GC(1419)         FinalRef (ms):            skipped
[259.261s][debug][gc,phases,ref     ] GC(1419)         Total (ms):               skipped
[259.261s][debug][gc,phases,ref     ] GC(1419)       Notify and keep alive finalizable: 0.0ms
[259.261s][debug][gc,phases,ref     ] GC(1419)         FinalRef (ms):            skipped
[259.261s][debug][gc,phases,ref     ] GC(1419)       Notify PhantomReferences: 0.0ms
[259.261s][debug][gc,phases,ref     ] GC(1419)         PhantomRef (ms):          skipped
[259.261s][debug][gc,phases,ref     ] GC(1419)       SoftReference:
[259.261s][debug][gc,phases,ref     ] GC(1419)         Discovered: 0
[259.261s][debug][gc,phases,ref     ] GC(1419)         Cleared: 0
[259.261s][debug][gc,phases,ref     ] GC(1419)       WeakReference:
[259.261s][debug][gc,phases,ref     ] GC(1419)         Discovered: 0
[259.261s][debug][gc,phases,ref     ] GC(1419)         Cleared: 0
[259.261s][debug][gc,phases,ref     ] GC(1419)       FinalReference:
[259.261s][debug][gc,phases,ref     ] GC(1419)         Discovered: 0
[259.261s][debug][gc,phases,ref     ] GC(1419)         Cleared: 0
[259.261s][debug][gc,phases,ref     ] GC(1419)       PhantomReference:
[259.261s][debug][gc,phases,ref     ] GC(1419)         Discovered: 0
[259.261s][debug][gc,phases,ref     ] GC(1419)         Cleared: 0
[259.261s][debug][gc,phases         ] GC(1419)     Weak Processing: 0.1ms
[259.261s][debug][gc,phases         ] GC(1419)       JVMTI weak processing: 0.0ms
[259.261s][debug][gc,phases         ] GC(1419)         Dead: 0
[259.261s][debug][gc,phases         ] GC(1419)         Total: 0
[259.261s][debug][gc,phases         ] GC(1419)       JFR weak processing: 0.0ms
[259.261s][debug][gc,phases         ] GC(1419)         Dead: 0
[259.261s][debug][gc,phases         ] GC(1419)         Total: 0
[259.261s][debug][gc,phases         ] GC(1419)       JNI weak                  Min:  0.0, Avg:  0.0, Max:  0.0, Diff:  0.0, Sum:  0.0, Workers: 5
[259.261s][debug][gc,phases         ] GC(1419)         Dead                      Min: 0, Avg:  0.0, Max: 0, Diff: 0, Sum: 0, Workers: 5
[259.261s][debug][gc,phases         ] GC(1419)         Total                     Min: 0, Avg: 21.8, Max: 64, Diff: 64, Sum: 109, Workers: 5
[259.262s][debug][gc,phases         ] GC(1419)       VM weak                   Min:  0.0, Avg:  0.0, Max:  0.0, Diff:  0.0, Sum:  0.0, Workers: 5
[259.262s][debug][gc,phases         ] GC(1419)         Dead                      Min: 0, Avg:  0.0, Max: 0, Diff: 0, Sum: 0, Workers: 5
[259.262s][debug][gc,phases         ] GC(1419)         Total                     Min: 0, Avg: 42.6, Max: 128, Diff: 128, Sum: 213, Workers: 5
[259.262s][debug][gc,phases         ] GC(1419)       StringTable weak          Min:  0.0, Avg:  0.0, Max:  0.0, Diff:  0.0, Sum:  0.1, Workers: 5
[259.262s][debug][gc,phases         ] GC(1419)         Dead                      Min: 0, Avg:  0.0, Max: 0, Diff: 0, Sum: 0, Workers: 5
[259.262s][debug][gc,phases         ] GC(1419)         Total                     Min: 0, Avg: 721.8, Max: 1818, Diff: 1818, Sum: 3609, Workers: 5
[259.262s][debug][gc,phases         ] GC(1419)       ResolvedMethodTable weak  Min:  0.0, Avg:  0.0, Max:  0.0, Diff:  0.0, Sum:  0.0, Workers: 5
[259.262s][debug][gc,phases         ] GC(1419)         Dead                      Min: 0, Avg:  0.0, Max: 0, Diff: 0, Sum: 0, Workers: 5
[259.262s][debug][gc,phases         ] GC(1419)         Total                     Min: 0, Avg: 114.8, Max: 256, Diff: 256, Sum: 574, Workers: 5
[259.262s][debug][gc,phases         ] GC(1419)     Merge Per-Thread State: 0.0ms
[259.262s][debug][gc,phases         ] GC(1419)       Copied Bytes              Min: 72, Avg: 250305.0, Max: 800320, Diff: 800248, Sum: 2002440, Workers: 8
[259.262s][debug][gc,phases         ] GC(1419)       LAB Waste                 Min: 0, Avg:  0.0, Max: 0, Diff: 0, Sum: 0, Workers: 8
[259.262s][debug][gc,phases         ] GC(1419)       LAB Undo Waste            Min: 0, Avg:  0.0, Max: 0, Diff: 0, Sum: 0, Workers: 8
[259.262s][debug][gc,phases         ] GC(1419)     Code Roots Purge: 0.0ms
[259.262s][debug][gc,phases         ] GC(1419)     Redirty Cards: 0.0ms
[259.262s][debug][gc,phases         ] GC(1419)     DerivedPointerTable Update: 0.0ms
[259.262s][debug][gc,phases         ] GC(1419)     Free Collection Set: 0.2ms
[259.262s][debug][gc,phases         ] GC(1419)     Rebuild Free List: 0.1ms
[259.262s][debug][gc,phases         ] GC(1419)     Humongous Reclaim: 0.0ms
[259.262s][debug][gc,phases         ] GC(1419)     Start New Collection Set: 0.0ms
[259.262s][debug][gc,phases         ] GC(1419)     Resize TLABs: 0.0ms
[259.262s][debug][gc,phases         ] GC(1419)     Expand Heap After Collection: 0.0ms
[259.262s][info ][gc,phases         ] GC(1419)   Other: 0.3ms
[259.262s][info ][gc,heap           ] GC(1419) Eden regions: 867->0(868)
[259.262s][info ][gc,heap           ] GC(1419) Survivor regions: 4->3(109)
[259.262s][info ][gc,heap           ] GC(1419) Old regions: 18->18
[259.262s][info ][gc,heap           ] GC(1419) Archive regions: 2->2
[259.262s][info ][gc,heap           ] GC(1419) Humongous regions: 0->0
[259.262s][info ][gc,metaspace      ] GC(1419) Metaspace: 10458K(11136K)->10458K(11136K) NonClass: 9309K(9728K)->9309K(9728K) Class: 1149K(1408K)->1149K(1408K)
[259.262s][debug][gc,heap           ] GC(1419) Heap after GC invocations=1420 (full 1): garbage-first heap   total 1486848K, used 20804K [0x0000000700000000, 0x0000000800000000)
[259.262s][debug][gc,heap           ] GC(1419)   region size 1024K, 3 young (3072K), 3 survivors (3072K)
[259.262s][debug][gc,heap           ] GC(1419)  Metaspace       used 10458K, capacity 10758K, committed 11136K, reserved 1058816K
[259.262s][debug][gc,heap           ] GC(1419)   class space    used 1149K, capacity 1267K, committed 1408K, reserved 1048576K
[259.262s][info ][gc                ] GC(1419) Pause Young (Normal) (G1 Evacuation Pause) 888M->20M(1452M) 2.118ms
[259.262s][info ][gc,cpu            ] GC(1419) User=0.01s Sys=0.00s Real=0.01s
[259.262s][info ][safepoint         ] Safepoint "G1CollectForAllocation", Time since last: 42622655 ns, Reaching safepoint: 180973 ns, At safepoint: 2287692 ns, Total: 2468665 ns
[259.305s][debug][gc,heap           ] GC(1420) Heap before GC invocations=1420 (full 1): garbage-first heap   total 1486848K, used 908612K [0x0000000700000000, 0x0000000800000000)
[259.305s][debug][gc,heap           ] GC(1420)   region size 1024K, 871 young (891904K), 3 survivors (3072K)
[259.305s][debug][gc,heap           ] GC(1420)  Metaspace       used 10458K, capacity 10758K, committed 11136K, reserved 1058816K
[259.305s][debug][gc,heap           ] GC(1420)   class space    used 1149K, capacity 1267K, committed 1408K, reserved 1048576K
[259.305s][info ][gc,start          ] GC(1420) Pause Young (Normal) (G1 Evacuation Pause)
[259.305s][info ][gc,task           ] GC(1420) Using 8 workers of 8 for evacuation
[259.305s][debug][gc,tlab           ] GC(1420) TLAB totals: thrds: 8  refills: 10 max: 2 slow allocs: 1734 max 236 waste: 28.0% gc: 863568B max: 124680B slow: 27744B max: 14304B fast: 0B max: 0B
[259.305s][debug][gc,age            ] GC(1420) Desired survivor size 57147392 bytes, new threshold 15 (max threshold 15)
[259.305s][debug][gc,alloc,region   ] GC(1420) Mutator Allocation stats, regions: 868, wasted size: 203M (23.5%)
[259.305s][debug][gc,ergo           ] GC(1420) Running G1 Merge Heap Roots using 8 workers for 871 regions
[259.305s][debug][gc,remset         ] GC(1420) Visited cards 512 Total dirty 4096 (12.50%) Total old 3608576 (0.01%)
[259.306s][debug][gc,ergo           ] GC(1420) Running G1 Clear Card Table Task using 2 workers for 2 units of work for 873 regions.
[259.306s][debug][gc,ref            ] GC(1420) Skipped phase1 of Reference Processing due to unavailable references
[259.306s][debug][gc,ref            ] GC(1420) Skipped phase2 of Reference Processing due to unavailable references
[259.306s][debug][gc,ref            ] GC(1420) Skipped phase3 of Reference Processing due to unavailable references
[259.306s][debug][gc,ref            ] GC(1420) Skipped phase4 of Reference Processing due to unavailable references
[259.306s][debug][gc,ergo           ] GC(1420) Running G1 Free Collection Set using 8 workers for collection set length 871 (1452)
[259.306s][debug][gc,ergo           ] GC(1420) Running G1 Rebuild Free List Task using 8 workers for rebuilding free list of 0 (4096) regions
[259.306s][trace][gc,age            ] GC(1420) Age table with threshold 15 (max threshold 15)
[259.306s][trace][gc,age            ] GC(1420) - age   1:    2802544 bytes,    2802544 total
[259.306s][debug][gc,plab           ] GC(1420) Young PLAB allocation: allocated: 16512B, wasted: 0B, unused: 14064B, used: 2448B, undo waste: 0B, 
[259.306s][debug][gc,plab           ] GC(1420) Young other allocation: region end waste: 735320B, regions filled: 4, direct allocated: 2800096B, failure used: 0B, failure wasted: 0B
[259.306s][debug][gc,plab           ] GC(1420) Young sizing: calculated: 0B, actual: 2064B
[259.306s][debug][gc,plab           ] GC(1420) Old PLAB allocation: allocated: 0B, wasted: 0B, unused: 0B, used: 0B, undo waste: 0B, 
[259.306s][debug][gc,plab           ] GC(1420) Old other allocation: region end waste: 0B, regions filled: 1, direct allocated: 0B, failure used: 0B, failure wasted: 0B
[259.306s][debug][gc,plab           ] GC(1420) Old sizing: calculated: 0B, actual: 2064B
[259.306s][debug][gc,ihop           ] GC(1420) Basic information (value update), threshold: 685139558B (45.00), target occupancy: 1522532352B, current occupancy: 22356152B, recent allocation size: 0B, recent allocation duration: 43.87ms, recent old gen allocation rate: 0.00B/s, recent marking phase length: 38.29ms
[259.306s][debug][gc,ihop           ] GC(1420) Adaptive IHOP information (value update), threshold: 685139558B (47.37), internal target occupancy: 1446405734B, occupancy: 22356152B, additional buffer size: 913309696B, predicted old gen allocation rate: 7.53B/s, predicted marking phase length: 76.58ms, prediction active: false
[259.306s][debug][gc,ergo,refine    ] GC(1420) Concurrent refinement times: Logged Cards Scan time goal: 20.00ms Logged Cards Scan time: 0.00ms HCC time: 0.00ms
[259.306s][debug][gc,ergo,refine    ] GC(1420) Updated Refinement Zones: green: 2048, yellow: 6144, red: 10240
[259.306s][info ][gc,phases         ] GC(1420)   Pre Evacuate Collection Set: 0.2ms
[259.306s][debug][gc,phases         ] GC(1420)     Prepare TLABs: 0.0ms
[259.306s][debug][gc,phases         ] GC(1420)     Choose Collection Set: 0.0ms
[259.306s][debug][gc,phases         ] GC(1420)     Region Register: 0.2ms
[259.306s][debug][gc,phases         ] GC(1420)     Prepare Heap Roots: 0.0ms
[259.306s][info ][gc,phases         ] GC(1420)   Merge Heap Roots: 0.1ms
[259.306s][debug][gc,phases         ] GC(1420)     Prepare Merge Heap Roots: 0.0ms
[259.307s][debug][gc,phases         ] GC(1420)     Eager Reclaim (ms):       skipped
[259.307s][debug][gc,phases         ] GC(1420)     Remembered Sets (ms):     Min:  0.0, Avg:  0.0, Max:  0.1, Diff:  0.0, Sum:  0.3, Workers: 8
[259.307s][debug][gc,phases         ] GC(1420)       Merged Sparse:            Min: 0, Avg:  0.0, Max: 0, Diff: 0, Sum: 0, Workers: 8
[259.307s][debug][gc,phases         ] GC(1420)       Merged Fine:              Min: 0, Avg:  0.0, Max: 0, Diff: 0, Sum: 0, Workers: 8
[259.307s][debug][gc,phases         ] GC(1420)       Merged Coarse:            Min: 0, Avg:  0.0, Max: 0, Diff: 0, Sum: 0, Workers: 8
[259.307s][debug][gc,phases         ] GC(1420)       Dirty Cards:              Min: 0, Avg:  0.0, Max: 0, Diff: 0, Sum: 0, Workers: 8
[259.307s][debug][gc,phases         ] GC(1420)     Hot Card Cache (ms):      Min:  0.0, Avg:  0.0, Max:  0.0, Diff:  0.0, Sum:  0.0, Workers: 8
[259.307s][debug][gc,phases         ] GC(1420)       Dirty Cards:              Min: 0, Avg:  0.0, Max: 0, Diff: 0, Sum: 0, Workers: 8
[259.307s][debug][gc,phases         ] GC(1420)       Skipped Cards:            Min: 0, Avg:  0.0, Max: 0, Diff: 0, Sum: 0, Workers: 8
[259.307s][debug][gc,phases         ] GC(1420)     Log Buffers (ms):         Min:  0.0, Avg:  0.0, Max:  0.0, Diff:  0.0, Sum:  0.0, Workers: 8
[259.307s][debug][gc,phases         ] GC(1420)       Dirty Cards:              Min: 0, Avg:  0.2, Max: 1, Diff: 1, Sum: 2, Workers: 8
[259.307s][debug][gc,phases         ] GC(1420)       Skipped Cards:            Min: 0, Avg:  0.0, Max: 0, Diff: 0, Sum: 0, Workers: 8
[259.307s][info ][gc,phases         ] GC(1420)   Evacuate Collection Set: 0.4ms
[259.307s][debug][gc,phases         ] GC(1420)     Ext Root Scanning (ms):   Min:  0.0, Avg:  0.2, Max:  0.3, Diff:  0.3, Sum:  1.4, Workers: 8
[259.307s][debug][gc,phases         ] GC(1420)     Scan Heap Roots (ms):     Min:  0.0, Avg:  0.0, Max:  0.0, Diff:  0.0, Sum:  0.0, Workers: 8
[259.307s][debug][gc,phases         ] GC(1420)       Scanned Cards:            Min: 0, Avg:  0.2, Max: 2, Diff: 2, Sum: 2, Workers: 8
[259.307s][debug][gc,phases         ] GC(1420)       Scanned Blocks:           Min: 0, Avg:  0.2, Max: 2, Diff: 2, Sum: 2, Workers: 8
[259.307s][debug][gc,phases         ] GC(1420)       Claimed Chunks:           Min: 0, Avg:  0.2, Max: 2, Diff: 2, Sum: 2, Workers: 8
[259.307s][debug][gc,phases         ] GC(1420)     Code Root Scan (ms):      Min:  0.0, Avg:  0.0, Max:  0.0, Diff:  0.0, Sum:  0.1, Workers: 8
[259.307s][debug][gc,phases         ] GC(1420)     Object Copy (ms):         Min:  0.0, Avg:  0.0, Max:  0.0, Diff:  0.0, Sum:  0.0, Workers: 8
[259.307s][debug][gc,phases         ] GC(1420)     Termination (ms):         Min:  0.1, Avg:  0.1, Max:  0.1, Diff:  0.1, Sum:  0.8, Workers: 8
[259.307s][debug][gc,phases         ] GC(1420)       Termination Attempts:     Min: 1, Avg:  1.4, Max: 2, Diff: 1, Sum: 11, Workers: 8
[259.307s][debug][gc,phases         ] GC(1420)     GC Worker Other (ms):     Min:  0.0, Avg:  0.1, Max:  0.3, Diff:  0.3, Sum:  0.6, Workers: 8
[259.307s][debug][gc,phases         ] GC(1420)     GC Worker Total (ms):     Min:  0.2, Avg:  0.4, Max:  0.4, Diff:  0.2, Sum:  3.0, Workers: 8
[259.307s][info ][gc,phases         ] GC(1420)   Post Evacuate Collection Set: 0.6ms
[259.307s][debug][gc,phases         ] GC(1420)     Code Roots Fixup: 0.0ms
[259.307s][debug][gc,phases         ] GC(1420)     Clear Card Table: 0.2ms
[259.307s][debug][gc,phases         ] GC(1420)     Reference Processing: 0.0ms
[259.307s][debug][gc,phases,ref     ] GC(1420)       Reconsider SoftReferences: 0.0ms
[259.307s][debug][gc,phases,ref     ] GC(1420)         SoftRef (ms):             skipped
[259.307s][debug][gc,phases,ref     ] GC(1420)       Notify Soft/WeakReferences: 0.0ms
[259.307s][debug][gc,phases,ref     ] GC(1420)         SoftRef (ms):             skipped
[259.307s][debug][gc,phases,ref     ] GC(1420)         WeakRef (ms):             skipped
[259.307s][debug][gc,phases,ref     ] GC(1420)         FinalRef (ms):            skipped
[259.307s][debug][gc,phases,ref     ] GC(1420)         Total (ms):               skipped
[259.307s][debug][gc,phases,ref     ] GC(1420)       Notify and keep alive finalizable: 0.0ms
[259.307s][debug][gc,phases,ref     ] GC(1420)         FinalRef (ms):            skipped
[259.307s][debug][gc,phases,ref     ] GC(1420)       Notify PhantomReferences: 0.0ms
[259.307s][debug][gc,phases,ref     ] GC(1420)         PhantomRef (ms):          skipped
[259.307s][debug][gc,phases,ref     ] GC(1420)       SoftReference:
[259.307s][debug][gc,phases,ref     ] GC(1420)         Discovered: 0
[259.307s][debug][gc,phases,ref     ] GC(1420)         Cleared: 0
[259.307s][debug][gc,phases,ref     ] GC(1420)       WeakReference:
[259.307s][debug][gc,phases,ref     ] GC(1420)         Discovered: 0
[259.307s][debug][gc,phases,ref     ] GC(1420)         Cleared: 0
[259.307s][debug][gc,phases,ref     ] GC(1420)       FinalReference:
[259.307s][debug][gc,phases,ref     ] GC(1420)         Discovered: 0
[259.307s][debug][gc,phases,ref     ] GC(1420)         Cleared: 0
[259.307s][debug][gc,phases,ref     ] GC(1420)       PhantomReference:
[259.307s][debug][gc,phases,ref     ] GC(1420)         Discovered: 0
[259.307s][debug][gc,phases,ref     ] GC(1420)         Cleared: 0
[259.307s][debug][gc,phases         ] GC(1420)     Weak Processing: 0.1ms
[259.307s][debug][gc,phases         ] GC(1420)       JVMTI weak processing: 0.0ms
[259.307s][debug][gc,phases         ] GC(1420)         Dead: 0
[259.307s][debug][gc,phases         ] GC(1420)         Total: 0
[259.307s][debug][gc,phases         ] GC(1420)       JFR weak processing: 0.0ms
[259.307s][debug][gc,phases         ] GC(1420)         Dead: 0
[259.307s][debug][gc,phases         ] GC(1420)         Total: 0
[259.307s][debug][gc,phases         ] GC(1420)       JNI weak                  Min:  0.0, Avg:  0.0, Max:  0.0, Diff:  0.0, Sum:  0.0, Workers: 5
[259.307s][debug][gc,phases         ] GC(1420)         Dead                      Min: 0, Avg:  0.0, Max: 0, Diff: 0, Sum: 0, Workers: 5
[259.307s][debug][gc,phases         ] GC(1420)         Total                     Min: 0, Avg: 21.8, Max: 64, Diff: 64, Sum: 109, Workers: 5
[259.307s][debug][gc,phases         ] GC(1420)       VM weak                   Min:  0.0, Avg:  0.0, Max:  0.0, Diff:  0.0, Sum:  0.0, Workers: 5
[259.307s][debug][gc,phases         ] GC(1420)         Dead                      Min: 0, Avg:  0.0, Max: 0, Diff: 0, Sum: 0, Workers: 5
[259.307s][debug][gc,phases         ] GC(1420)         Total                     Min: 0, Avg: 42.6, Max: 128, Diff: 128, Sum: 213, Workers: 5
[259.307s][debug][gc,phases         ] GC(1420)       StringTable weak          Min:  0.0, Avg:  0.0, Max:  0.0, Diff:  0.0, Sum:  0.1, Workers: 5
[259.307s][debug][gc,phases         ] GC(1420)         Dead                      Min: 0, Avg:  0.0, Max: 0, Diff: 0, Sum: 0, Workers: 5
[259.307s][debug][gc,phases         ] GC(1420)         Total                     Min: 0, Avg: 721.8, Max: 1818, Diff: 1818, Sum: 3609, Workers: 5
[259.307s][debug][gc,phases         ] GC(1420)       ResolvedMethodTable weak  Min:  0.0, Avg:  0.0, Max:  0.0, Diff:  0.0, Sum:  0.0, Workers: 5
[259.307s][debug][gc,phases         ] GC(1420)         Dead                      Min: 0, Avg:  0.0, Max: 0, Diff: 0, Sum: 0, Workers: 5
[259.307s][debug][gc,phases         ] GC(1420)         Total                     Min: 0, Avg: 114.8, Max: 318, Diff: 318, Sum: 574, Workers: 5
[259.307s][debug][gc,phases         ] GC(1420)     Merge Per-Thread State: 0.0ms
[259.307s][debug][gc,phases         ] GC(1420)       Copied Bytes              Min: 80, Avg: 350318.0, Max: 800096, Diff: 800016, Sum: 2802544, Workers: 8
[259.307s][debug][gc,phases         ] GC(1420)       LAB Waste                 Min: 0, Avg:  0.0, Max: 0, Diff: 0, Sum: 0, Workers: 8
[259.307s][debug][gc,phases         ] GC(1420)       LAB Undo Waste            Min: 0, Avg:  0.0, Max: 0, Diff: 0, Sum: 0, Workers: 8
[259.307s][debug][gc,phases         ] GC(1420)     Code Roots Purge: 0.0ms
[259.307s][debug][gc,phases         ] GC(1420)     Redirty Cards: 0.0ms
[259.307s][debug][gc,phases         ] GC(1420)     DerivedPointerTable Update: 0.0ms
[259.307s][debug][gc,phases         ] GC(1420)     Free Collection Set: 0.2ms
[259.307s][debug][gc,phases         ] GC(1420)     Rebuild Free List: 0.1ms
[259.307s][debug][gc,phases         ] GC(1420)     Humongous Reclaim: 0.0ms
[259.307s][debug][gc,phases         ] GC(1420)     Start New Collection Set: 0.0ms
[259.307s][debug][gc,phases         ] GC(1420)     Resize TLABs: 0.0ms
[259.307s][debug][gc,phases         ] GC(1420)     Expand Heap After Collection: 0.0ms
[259.307s][info ][gc,phases         ] GC(1420)   Other: 0.4ms
[259.307s][info ][gc,heap           ] GC(1420) Eden regions: 868->0(867)
[259.307s][info ][gc,heap           ] GC(1420) Survivor regions: 3->4(109)
[259.307s][info ][gc,heap           ] GC(1420) Old regions: 18->18
[259.307s][info ][gc,heap           ] GC(1420) Archive regions: 2->2
[259.307s][info ][gc,heap           ] GC(1420) Humongous regions: 0->0
[259.307s][info ][gc,metaspace      ] GC(1420) Metaspace: 10458K(11136K)->10458K(11136K) NonClass: 9309K(9728K)->9309K(9728K) Class: 1149K(1408K)->1149K(1408K)
[259.307s][debug][gc,heap           ] GC(1420) Heap after GC invocations=1421 (full 1): garbage-first heap   total 1486848K, used 21832K [0x0000000700000000, 0x0000000800000000)
[259.307s][debug][gc,heap           ] GC(1420)   region size 1024K, 4 young (4096K), 4 survivors (4096K)
[259.307s][debug][gc,heap           ] GC(1420)  Metaspace       used 10458K, capacity 10758K, committed 11136K, reserved 1058816K
[259.307s][debug][gc,heap           ] GC(1420)   class space    used 1149K, capacity 1267K, committed 1408K, reserved 1048576K
[259.307s][info ][gc                ] GC(1420) Pause Young (Normal) (G1 Evacuation Pause) 888M->21M(1452M) 2.344ms
[259.307s][info ][gc,cpu            ] GC(1420) User=0.01s Sys=0.01s Real=0.00s
[259.307s][info ][safepoint         ] Safepoint "G1CollectForAllocation", Time since last: 42516934 ns, Reaching safepoint: 350765 ns, At safepoint: 2545617 ns, Total: 2896382 ns
[259.350s][debug][gc,heap           ] GC(1421) Heap before GC invocations=1421 (full 1): garbage-first heap   total 1486848K, used 908616K [0x0000000700000000, 0x0000000800000000)
[259.350s][debug][gc,heap           ] GC(1421)   region size 1024K, 871 young (891904K), 4 survivors (4096K)
[259.350s][debug][gc,heap           ] GC(1421)  Metaspace       used 10458K, capacity 10758K, committed 11136K, reserved 1058816K
[259.350s][debug][gc,heap           ] GC(1421)   class space    used 1149K, capacity 1267K, committed 1408K, reserved 1048576K
[259.350s][info ][gc,start          ] GC(1421) Pause Young (Normal) (G1 Evacuation Pause)
[259.350s][info ][gc,task           ] GC(1421) Using 8 workers of 8 for evacuation
[259.350s][debug][gc,tlab           ] GC(1421) TLAB totals: thrds: 8  refills: 13 max: 3 slow allocs: 1727 max 237 waste: 29.7% gc: 1084728B max: 217824B slow: 56760B max: 15488B fast: 0B max: 0B
[259.350s][debug][gc,age            ] GC(1421) Desired survivor size 57147392 bytes, new threshold 15 (max threshold 15)
[259.350s][debug][gc,alloc,region   ] GC(1421) Mutator Allocation stats, regions: 867, wasted size: 203M (23.4%)
[259.350s][debug][gc,ergo           ] GC(1421) Running G1 Merge Heap Roots using 8 workers for 871 regions
[259.350s][debug][gc,remset         ] GC(1421) Visited cards 256 Total dirty 2048 (12.50%) Total old 3608576 (0.01%)
[259.351s][debug][gc,ergo           ] GC(1421) Running G1 Clear Card Table Task using 2 workers for 2 units of work for 872 regions.
[259.351s][debug][gc,ref            ] GC(1421) Skipped phase1 of Reference Processing due to unavailable references
[259.351s][debug][gc,ref            ] GC(1421) Skipped phase2 of Reference Processing due to unavailable references
[259.351s][debug][gc,ref            ] GC(1421) Skipped phase3 of Reference Processing due to unavailable references
[259.351s][debug][gc,ref            ] GC(1421) Skipped phase4 of Reference Processing due to unavailable references
[259.351s][debug][gc,ergo           ] GC(1421) Running G1 Free Collection Set using 8 workers for collection set length 871 (1452)
[259.351s][debug][gc,ergo           ] GC(1421) Running G1 Rebuild Free List Task using 8 workers for rebuilding free list of 0 (4096) regions
[259.351s][trace][gc,age            ] GC(1421) Age table with threshold 15 (max threshold 15)
[259.351s][trace][gc,age            ] GC(1421) - age   1:    2802456 bytes,    2802456 total
[259.351s][debug][gc,plab           ] GC(1421) Young PLAB allocation: allocated: 16512B, wasted: 0B, unused: 14144B, used: 2368B, undo waste: 0B, 
[259.351s][debug][gc,plab           ] GC(1421) Young other allocation: region end waste: 733264B, regions filled: 4, direct allocated: 2800088B, failure used: 0B, failure wasted: 0B
[259.351s][debug][gc,plab           ] GC(1421) Young sizing: calculated: 0B, actual: 2064B
[259.351s][debug][gc,plab           ] GC(1421) Old PLAB allocation: allocated: 0B, wasted: 0B, unused: 0B, used: 0B, undo waste: 0B, 
[259.351s][debug][gc,plab           ] GC(1421) Old other allocation: region end waste: 0B, regions filled: 1, direct allocated: 0B, failure used: 0B, failure wasted: 0B
[259.351s][debug][gc,plab           ] GC(1421) Old sizing: calculated: 0B, actual: 2064B
[259.351s][debug][gc,ihop           ] GC(1421) Basic information (value update), threshold: 685139558B (45.00), target occupancy: 1522532352B, current occupancy: 22354088B, recent allocation size: 0B, recent allocation duration: 43.43ms, recent old gen allocation rate: 0.00B/s, recent marking phase length: 38.29ms
[259.351s][debug][gc,ihop           ] GC(1421) Adaptive IHOP information (value update), threshold: 685139558B (47.37), internal target occupancy: 1446405734B, occupancy: 22354088B, additional buffer size: 913309696B, predicted old gen allocation rate: 7.34B/s, predicted marking phase length: 76.58ms, prediction active: false
[259.351s][debug][gc,ergo,refine    ] GC(1421) Concurrent refinement times: Logged Cards Scan time goal: 20.00ms Logged Cards Scan time: 0.00ms HCC time: 0.00ms
[259.351s][debug][gc,ergo,refine    ] GC(1421) Updated Refinement Zones: green: 2048, yellow: 6144, red: 10240
[259.351s][info ][gc,phases         ] GC(1421)   Pre Evacuate Collection Set: 0.1ms
[259.351s][debug][gc,phases         ] GC(1421)     Prepare TLABs: 0.0ms
[259.351s][debug][gc,phases         ] GC(1421)     Choose Collection Set: 0.0ms
[259.351s][debug][gc,phases         ] GC(1421)     Region Register: 0.1ms
[259.351s][debug][gc,phases         ] GC(1421)     Prepare Heap Roots: 0.0ms
[259.351s][info ][gc,phases         ] GC(1421)   Merge Heap Roots: 0.1ms
[259.351s][debug][gc,phases         ] GC(1421)     Prepare Merge Heap Roots: 0.0ms
[259.351s][debug][gc,phases         ] GC(1421)     Eager Reclaim (ms):       skipped
[259.351s][debug][gc,phases         ] GC(1421)     Remembered Sets (ms):     Min:  0.0, Avg:  0.0, Max:  0.1, Diff:  0.0, Sum:  0.3, Workers: 8
[259.351s][debug][gc,phases         ] GC(1421)       Merged Sparse:            Min: 0, Avg:  0.0, Max: 0, Diff: 0, Sum: 0, Workers: 8
[259.351s][debug][gc,phases         ] GC(1421)       Merged Fine:              Min: 0, Avg:  0.0, Max: 0, Diff: 0, Sum: 0, Workers: 8
[259.351s][debug][gc,phases         ] GC(1421)       Merged Coarse:            Min: 0, Avg:  0.0, Max: 0, Diff: 0, Sum: 0, Workers: 8
[259.351s][debug][gc,phases         ] GC(1421)       Dirty Cards:              Min: 0, Avg:  0.0, Max: 0, Diff: 0, Sum: 0, Workers: 8
[259.351s][debug][gc,phases         ] GC(1421)     Hot Card Cache (ms):      Min:  0.0, Avg:  0.0, Max:  0.0, Diff:  0.0, Sum:  0.0, Workers: 8
[259.351s][debug][gc,phases         ] GC(1421)       Dirty Cards:              Min: 0, Avg:  0.0, Max: 0, Diff: 0, Sum: 0, Workers: 8
[259.351s][debug][gc,phases         ] GC(1421)       Skipped Cards:            Min: 0, Avg:  0.0, Max: 0, Diff: 0, Sum: 0, Workers: 8
[259.351s][debug][gc,phases         ] GC(1421)     Log Buffers (ms):         Min:  0.0, Avg:  0.0, Max:  0.0, Diff:  0.0, Sum:  0.0, Workers: 8
[259.351s][debug][gc,phases         ] GC(1421)       Dirty Cards:              Min: 0, Avg:  0.1, Max: 1, Diff: 1, Sum: 1, Workers: 8
[259.351s][debug][gc,phases         ] GC(1421)       Skipped Cards:            Min: 0, Avg:  0.0, Max: 0, Diff: 0, Sum: 0, Workers: 8
[259.351s][info ][gc,phases         ] GC(1421)   Evacuate Collection Set: 0.3ms
[259.351s][debug][gc,phases         ] GC(1421)     Ext Root Scanning (ms):   Min:  0.0, Avg:  0.1, Max:  0.3, Diff:  0.3, Sum:  1.0, Workers: 8
[259.351s][debug][gc,phases         ] GC(1421)     Scan Heap Roots (ms):     Min:  0.0, Avg:  0.0, Max:  0.0, Diff:  0.0, Sum:  0.0, Workers: 8
[259.351s][debug][gc,phases         ] GC(1421)       Scanned Cards:            Min: 0, Avg:  0.1, Max: 1, Diff: 1, Sum: 1, Workers: 8
[259.351s][debug][gc,phases         ] GC(1421)       Scanned Blocks:           Min: 0, Avg:  0.1, Max: 1, Diff: 1, Sum: 1, Workers: 8
[259.351s][debug][gc,phases         ] GC(1421)       Claimed Chunks:           Min: 0, Avg:  0.1, Max: 1, Diff: 1, Sum: 1, Workers: 8
[259.351s][debug][gc,phases         ] GC(1421)     Code Root Scan (ms):      Min:  0.0, Avg:  0.0, Max:  0.0, Diff:  0.0, Sum:  0.1, Workers: 8
[259.351s][debug][gc,phases         ] GC(1421)     Object Copy (ms):         Min:  0.0, Avg:  0.0, Max:  0.0, Diff:  0.0, Sum:  0.0, Workers: 8
[259.351s][debug][gc,phases         ] GC(1421)     Termination (ms):         Min:  0.0, Avg:  0.1, Max:  0.1, Diff:  0.1, Sum:  0.8, Workers: 8
[259.351s][debug][gc,phases         ] GC(1421)       Termination Attempts:     Min: 1, Avg:  1.1, Max: 2, Diff: 1, Sum: 9, Workers: 8
[259.351s][debug][gc,phases         ] GC(1421)     GC Worker Other (ms):     Min:  0.0, Avg:  0.0, Max:  0.1, Diff:  0.1, Sum:  0.3, Workers: 8
[259.351s][debug][gc,phases         ] GC(1421)     GC Worker Total (ms):     Min:  0.3, Avg:  0.3, Max:  0.3, Diff:  0.0, Sum:  2.3, Workers: 8
[259.351s][info ][gc,phases         ] GC(1421)   Post Evacuate Collection Set: 0.6ms
[259.351s][debug][gc,phases         ] GC(1421)     Code Roots Fixup: 0.0ms
[259.351s][debug][gc,phases         ] GC(1421)     Clear Card Table: 0.2ms
[259.351s][debug][gc,phases         ] GC(1421)     Reference Processing: 0.0ms
[259.351s][debug][gc,phases,ref     ] GC(1421)       Reconsider SoftReferences: 0.0ms
[259.351s][debug][gc,phases,ref     ] GC(1421)         SoftRef (ms):             skipped
[259.351s][debug][gc,phases,ref     ] GC(1421)       Notify Soft/WeakReferences: 0.0ms
[259.351s][debug][gc,phases,ref     ] GC(1421)         SoftRef (ms):             skipped
[259.351s][debug][gc,phases,ref     ] GC(1421)         WeakRef (ms):             skipped
[259.351s][debug][gc,phases,ref     ] GC(1421)         FinalRef (ms):            skipped
[259.351s][debug][gc,phases,ref     ] GC(1421)         Total (ms):               skipped
[259.352s][debug][gc,phases,ref     ] GC(1421)       Notify and keep alive finalizable: 0.0ms
[259.352s][debug][gc,phases,ref     ] GC(1421)         FinalRef (ms):            skipped
[259.352s][debug][gc,phases,ref     ] GC(1421)       Notify PhantomReferences: 0.0ms
[259.352s][debug][gc,phases,ref     ] GC(1421)         PhantomRef (ms):          skipped
[259.352s][debug][gc,phases,ref     ] GC(1421)       SoftReference:
[259.352s][debug][gc,phases,ref     ] GC(1421)         Discovered: 0
[259.352s][debug][gc,phases,ref     ] GC(1421)         Cleared: 0
[259.352s][debug][gc,phases,ref     ] GC(1421)       WeakReference:
[259.352s][debug][gc,phases,ref     ] GC(1421)         Discovered: 0
[259.352s][debug][gc,phases,ref     ] GC(1421)         Cleared: 0
[259.352s][debug][gc,phases,ref     ] GC(1421)       FinalReference:
[259.352s][debug][gc,phases,ref     ] GC(1421)         Discovered: 0
[259.352s][debug][gc,phases,ref     ] GC(1421)         Cleared: 0
[259.352s][debug][gc,phases,ref     ] GC(1421)       PhantomReference:
[259.352s][debug][gc,phases,ref     ] GC(1421)         Discovered: 0
[259.352s][debug][gc,phases,ref     ] GC(1421)         Cleared: 0
[259.352s][debug][gc,phases         ] GC(1421)     Weak Processing: 0.1ms
[259.352s][debug][gc,phases         ] GC(1421)       JVMTI weak processing: 0.0ms
[259.352s][debug][gc,phases         ] GC(1421)         Dead: 0
[259.352s][debug][gc,phases         ] GC(1421)         Total: 0
[259.352s][debug][gc,phases         ] GC(1421)       JFR weak processing: 0.0ms
[259.352s][debug][gc,phases         ] GC(1421)         Dead: 0
[259.352s][debug][gc,phases         ] GC(1421)         Total: 0
[259.352s][debug][gc,phases         ] GC(1421)       JNI weak                  Min:  0.0, Avg:  0.0, Max:  0.0, Diff:  0.0, Sum:  0.0, Workers: 5
[259.352s][debug][gc,phases         ] GC(1421)         Dead                      Min: 0, Avg:  0.0, Max: 0, Diff: 0, Sum: 0, Workers: 5
[259.352s][debug][gc,phases         ] GC(1421)         Total                     Min: 0, Avg: 21.8, Max: 64, Diff: 64, Sum: 109, Workers: 5
[259.352s][debug][gc,phases         ] GC(1421)       VM weak                   Min:  0.0, Avg:  0.0, Max:  0.0, Diff:  0.0, Sum:  0.0, Workers: 5
[259.352s][debug][gc,phases         ] GC(1421)         Dead                      Min: 0, Avg:  0.0, Max: 0, Diff: 0, Sum: 0, Workers: 5
[259.352s][debug][gc,phases         ] GC(1421)         Total                     Min: 0, Avg: 42.6, Max: 128, Diff: 128, Sum: 213, Workers: 5
[259.352s][debug][gc,phases         ] GC(1421)       StringTable weak          Min:  0.0, Avg:  0.0, Max:  0.0, Diff:  0.0, Sum:  0.1, Workers: 5
[259.352s][debug][gc,phases         ] GC(1421)         Dead                      Min: 0, Avg:  0.0, Max: 0, Diff: 0, Sum: 0, Workers: 5
[259.352s][debug][gc,phases         ] GC(1421)         Total                     Min: 0, Avg: 721.8, Max: 1818, Diff: 1818, Sum: 3609, Workers: 5
[259.352s][debug][gc,phases         ] GC(1421)       ResolvedMethodTable weak  Min:  0.0, Avg:  0.0, Max:  0.0, Diff:  0.0, Sum:  0.0, Workers: 5
[259.352s][debug][gc,phases         ] GC(1421)         Dead                      Min: 0, Avg:  0.0, Max: 0, Diff: 0, Sum: 0, Workers: 5
[259.352s][debug][gc,phases         ] GC(1421)         Total                     Min: 0, Avg: 114.8, Max: 256, Diff: 256, Sum: 574, Workers: 5
[259.352s][debug][gc,phases         ] GC(1421)     Merge Per-Thread State: 0.0ms
[259.352s][debug][gc,phases         ] GC(1421)       Copied Bytes              Min: 152, Avg: 350307.0, Max: 800320, Diff: 800168, Sum: 2802456, Workers: 8
[259.352s][debug][gc,phases         ] GC(1421)       LAB Waste                 Min: 0, Avg:  0.0, Max: 0, Diff: 0, Sum: 0, Workers: 8
[259.352s][debug][gc,phases         ] GC(1421)       LAB Undo Waste            Min: 0, Avg:  0.0, Max: 0, Diff: 0, Sum: 0, Workers: 8
[259.352s][debug][gc,phases         ] GC(1421)     Code Roots Purge: 0.0ms
[259.352s][debug][gc,phases         ] GC(1421)     Redirty Cards: 0.0ms
[259.352s][debug][gc,phases         ] GC(1421)     DerivedPointerTable Update: 0.0ms
[259.352s][debug][gc,phases         ] GC(1421)     Free Collection Set: 0.2ms
[259.352s][debug][gc,phases         ] GC(1421)     Rebuild Free List: 0.1ms
[259.352s][debug][gc,phases         ] GC(1421)     Humongous Reclaim: 0.0ms
[259.352s][debug][gc,phases         ] GC(1421)     Start New Collection Set: 0.0ms
[259.352s][debug][gc,phases         ] GC(1421)     Resize TLABs: 0.0ms
[259.352s][debug][gc,phases         ] GC(1421)     Expand Heap After Collection: 0.0ms
[259.352s][info ][gc,phases         ] GC(1421)   Other: 0.3ms
[259.352s][info ][gc,heap           ] GC(1421) Eden regions: 867->0(867)
[259.352s][info ][gc,heap           ] GC(1421) Survivor regions: 4->4(109)
[259.352s][info ][gc,heap           ] GC(1421) Old regions: 18->18
[259.352s][info ][gc,heap           ] GC(1421) Archive regions: 2->2
[259.352s][info ][gc,heap           ] GC(1421) Humongous regions: 0->0
[259.352s][info ][gc,metaspace      ] GC(1421) Metaspace: 10458K(11136K)->10458K(11136K) NonClass: 9309K(9728K)->9309K(9728K) Class: 1149K(1408K)->1149K(1408K)
[259.352s][debug][gc,heap           ] GC(1421) Heap after GC invocations=1422 (full 1): garbage-first heap   total 1486848K, used 21830K [0x0000000700000000, 0x0000000800000000)
[259.352s][debug][gc,heap           ] GC(1421)   region size 1024K, 4 young (4096K), 4 survivors (4096K)
[259.352s][debug][gc,heap           ] GC(1421)  Metaspace       used 10458K, capacity 10758K, committed 11136K, reserved 1058816K
[259.352s][debug][gc,heap           ] GC(1421)   class space    used 1149K, capacity 1267K, committed 1408K, reserved 1048576K
[259.352s][info ][gc                ] GC(1421) Pause Young (Normal) (G1 Evacuation Pause) 888M->21M(1452M) 2.117ms
[259.352s][info ][gc,cpu            ] GC(1421) User=0.01s Sys=0.00s Real=0.01s
[259.352s][info ][safepoint         ] Safepoint "G1CollectForAllocation", Time since last: 42321515 ns, Reaching safepoint: 152939 ns, At safepoint: 2284491 ns, Total: 2437430 ns
[259.395s][debug][gc,heap           ] GC(1422) Heap before GC invocations=1422 (full 1): garbage-first heap   total 1486848K, used 908614K [0x0000000700000000, 0x0000000800000000)
[259.395s][debug][gc,heap           ] GC(1422)   region size 1024K, 871 young (891904K), 4 survivors (4096K)
[259.395s][debug][gc,heap           ] GC(1422)  Metaspace       used 10458K, capacity 10758K, committed 11136K, reserved 1058816K
[259.395s][debug][gc,heap           ] GC(1422)   class space    used 1149K, capacity 1267K, committed 1408K, reserved 1048576K
[259.395s][info ][gc,start          ] GC(1422) Pause Young (Normal) (G1 Evacuation Pause)
[259.395s][info ][gc,task           ] GC(1422) Using 8 workers of 8 for evacuation
[259.395s][debug][gc,tlab           ] GC(1422) TLAB totals: thrds: 8  refills: 14 max: 3 slow allocs: 1725 max 231 waste: 24.6% gc: 1070944B max: 223264B slow: 71448B max: 15488B fast: 0B max: 0B
[259.395s][debug][gc,age            ] GC(1422) Desired survivor size 57147392 bytes, new threshold 15 (max threshold 15)
[259.395s][debug][gc,alloc,region   ] GC(1422) Mutator Allocation stats, regions: 867, wasted size: 203M (23.4%)
[259.395s][debug][gc,ergo           ] GC(1422) Running G1 Merge Heap Roots using 8 workers for 871 regions
[259.395s][debug][gc,remset         ] GC(1422) Visited cards 512 Total dirty 4096 (12.50%) Total old 3608576 (0.01%)
[259.396s][debug][gc,ergo           ] GC(1422) Running G1 Clear Card Table Task using 2 workers for 2 units of work for 873 regions.
[259.396s][debug][gc,ref            ] GC(1422) Skipped phase1 of Reference Processing due to unavailable references
[259.396s][debug][gc,ref            ] GC(1422) Skipped phase2 of Reference Processing due to unavailable references
[259.396s][debug][gc,ref            ] GC(1422) Skipped phase3 of Reference Processing due to unavailable references
[259.396s][debug][gc,ref            ] GC(1422) Skipped phase4 of Reference Processing due to unavailable references
[259.396s][debug][gc,ergo           ] GC(1422) Running G1 Free Collection Set using 8 workers for collection set length 871 (1452)
[259.396s][debug][gc,ergo           ] GC(1422) Running G1 Rebuild Free List Task using 8 workers for rebuilding free list of 0 (4096) regions
[259.396s][trace][gc,age            ] GC(1422) Age table with threshold 15 (max threshold 15)
[259.396s][trace][gc,age            ] GC(1422) - age   1:    4402600 bytes,    4402600 total
[259.396s][debug][gc,plab           ] GC(1422) Young PLAB allocation: allocated: 16512B, wasted: 0B, unused: 14064B, used: 2448B, undo waste: 0B, 
[259.396s][debug][gc,plab           ] GC(1422) Young other allocation: region end waste: 1232416B, regions filled: 6, direct allocated: 4400152B, failure used: 0B, failure wasted: 0B
[259.396s][debug][gc,plab           ] GC(1422) Young sizing: calculated: 0B, actual: 2064B
[259.396s][debug][gc,plab           ] GC(1422) Old PLAB allocation: allocated: 0B, wasted: 0B, unused: 0B, used: 0B, undo waste: 0B, 
[259.397s][debug][gc,plab           ] GC(1422) Old other allocation: region end waste: 0B, regions filled: 1, direct allocated: 0B, failure used: 0B, failure wasted: 0B
[259.397s][debug][gc,plab           ] GC(1422) Old sizing: calculated: 0B, actual: 2064B
[259.397s][debug][gc,ihop           ] GC(1422) Basic information (value update), threshold: 685139558B (45.00), target occupancy: 1522532352B, current occupancy: 24453304B, recent allocation size: 0B, recent allocation duration: 43.84ms, recent old gen allocation rate: 0.00B/s, recent marking phase length: 38.29ms
[259.397s][debug][gc,ihop           ] GC(1422) Adaptive IHOP information (value update), threshold: 685139558B (47.37), internal target occupancy: 1446405734B, occupancy: 24453304B, additional buffer size: 913309696B, predicted old gen allocation rate: 7.15B/s, predicted marking phase length: 76.58ms, prediction active: false
[259.397s][debug][gc,ergo,refine    ] GC(1422) Concurrent refinement times: Logged Cards Scan time goal: 20.00ms Logged Cards Scan time: 0.00ms HCC time: 0.00ms
[259.397s][debug][gc,ergo,refine    ] GC(1422) Updated Refinement Zones: green: 2048, yellow: 6144, red: 10240
[259.397s][info ][gc,phases         ] GC(1422)   Pre Evacuate Collection Set: 0.1ms
[259.397s][debug][gc,phases         ] GC(1422)     Prepare TLABs: 0.0ms
[259.397s][debug][gc,phases         ] GC(1422)     Choose Collection Set: 0.0ms
[259.397s][debug][gc,phases         ] GC(1422)     Region Register: 0.1ms
[259.397s][debug][gc,phases         ] GC(1422)     Prepare Heap Roots: 0.0ms
[259.397s][info ][gc,phases         ] GC(1422)   Merge Heap Roots: 0.2ms
[259.397s][debug][gc,phases         ] GC(1422)     Prepare Merge Heap Roots: 0.0ms
[259.397s][debug][gc,phases         ] GC(1422)     Eager Reclaim (ms):       skipped
[259.397s][debug][gc,phases         ] GC(1422)     Remembered Sets (ms):     Min:  0.0, Avg:  0.0, Max:  0.1, Diff:  0.0, Sum:  0.4, Workers: 8
[259.397s][debug][gc,phases         ] GC(1422)       Merged Sparse:            Min: 0, Avg:  0.0, Max: 0, Diff: 0, Sum: 0, Workers: 8
[259.397s][debug][gc,phases         ] GC(1422)       Merged Fine:              Min: 0, Avg:  0.0, Max: 0, Diff: 0, Sum: 0, Workers: 8
[259.397s][debug][gc,phases         ] GC(1422)       Merged Coarse:            Min: 0, Avg:  0.0, Max: 0, Diff: 0, Sum: 0, Workers: 8
[259.397s][debug][gc,phases         ] GC(1422)       Dirty Cards:              Min: 0, Avg:  0.0, Max: 0, Diff: 0, Sum: 0, Workers: 8
[259.397s][debug][gc,phases         ] GC(1422)     Hot Card Cache (ms):      Min:  0.0, Avg:  0.0, Max:  0.0, Diff:  0.0, Sum:  0.0, Workers: 8
[259.397s][debug][gc,phases         ] GC(1422)       Dirty Cards:              Min: 0, Avg:  0.0, Max: 0, Diff: 0, Sum: 0, Workers: 8
[259.397s][debug][gc,phases         ] GC(1422)       Skipped Cards:            Min: 0, Avg:  0.0, Max: 0, Diff: 0, Sum: 0, Workers: 8
[259.397s][debug][gc,phases         ] GC(1422)     Log Buffers (ms):         Min:  0.0, Avg:  0.0, Max:  0.0, Diff:  0.0, Sum:  0.0, Workers: 8
[259.397s][debug][gc,phases         ] GC(1422)       Dirty Cards:              Min: 0, Avg:  0.2, Max: 1, Diff: 1, Sum: 2, Workers: 8
[259.397s][debug][gc,phases         ] GC(1422)       Skipped Cards:            Min: 0, Avg:  0.0, Max: 0, Diff: 0, Sum: 0, Workers: 8
[259.397s][info ][gc,phases         ] GC(1422)   Evacuate Collection Set: 0.5ms
[259.397s][debug][gc,phases         ] GC(1422)     Ext Root Scanning (ms):   Min:  0.3, Avg:  0.3, Max:  0.4, Diff:  0.1, Sum:  2.6, Workers: 8
[259.397s][debug][gc,phases         ] GC(1422)     Scan Heap Roots (ms):     Min:  0.0, Avg:  0.0, Max:  0.0, Diff:  0.0, Sum:  0.0, Workers: 8
[259.397s][debug][gc,phases         ] GC(1422)       Scanned Cards:            Min: 0, Avg:  0.2, Max: 1, Diff: 1, Sum: 2, Workers: 8
[259.397s][debug][gc,phases         ] GC(1422)       Scanned Blocks:           Min: 0, Avg:  0.2, Max: 1, Diff: 1, Sum: 2, Workers: 8
[259.397s][debug][gc,phases         ] GC(1422)       Claimed Chunks:           Min: 0, Avg:  0.2, Max: 1, Diff: 1, Sum: 2, Workers: 8
[259.397s][debug][gc,phases         ] GC(1422)     Code Root Scan (ms):      Min:  0.0, Avg:  0.0, Max:  0.0, Diff:  0.0, Sum:  0.1, Workers: 8
[259.397s][debug][gc,phases         ] GC(1422)     Object Copy (ms):         Min:  0.0, Avg:  0.0, Max:  0.0, Diff:  0.0, Sum:  0.0, Workers: 8
[259.397s][debug][gc,phases         ] GC(1422)     Termination (ms):         Min:  0.0, Avg:  0.1, Max:  0.1, Diff:  0.0, Sum:  0.4, Workers: 8
[259.397s][debug][gc,phases         ] GC(1422)       Termination Attempts:     Min: 1, Avg:  1.0, Max: 1, Diff: 0, Sum: 8, Workers: 8
[259.397s][debug][gc,phases         ] GC(1422)     GC Worker Other (ms):     Min:  0.0, Avg:  0.0, Max:  0.1, Diff:  0.1, Sum:  0.4, Workers: 8
[259.397s][debug][gc,phases         ] GC(1422)     GC Worker Total (ms):     Min:  0.4, Avg:  0.4, Max:  0.5, Diff:  0.0, Sum:  3.6, Workers: 8
[259.397s][info ][gc,phases         ] GC(1422)   Post Evacuate Collection Set: 0.6ms
[259.397s][debug][gc,phases         ] GC(1422)     Code Roots Fixup: 0.0ms
[259.397s][debug][gc,phases         ] GC(1422)     Clear Card Table: 0.2ms
[259.397s][debug][gc,phases         ] GC(1422)     Reference Processing: 0.0ms
[259.397s][debug][gc,phases,ref     ] GC(1422)       Reconsider SoftReferences: 0.0ms
[259.397s][debug][gc,phases,ref     ] GC(1422)         SoftRef (ms):             skipped
[259.397s][debug][gc,phases,ref     ] GC(1422)       Notify Soft/WeakReferences: 0.0ms
[259.397s][debug][gc,phases,ref     ] GC(1422)         SoftRef (ms):             skipped
[259.397s][debug][gc,phases,ref     ] GC(1422)         WeakRef (ms):             skipped
[259.397s][debug][gc,phases,ref     ] GC(1422)         FinalRef (ms):            skipped
[259.397s][debug][gc,phases,ref     ] GC(1422)         Total (ms):               skipped
[259.397s][debug][gc,phases,ref     ] GC(1422)       Notify and keep alive finalizable: 0.0ms
[259.397s][debug][gc,phases,ref     ] GC(1422)         FinalRef (ms):            skipped
[259.397s][debug][gc,phases,ref     ] GC(1422)       Notify PhantomReferences: 0.0ms
[259.397s][debug][gc,phases,ref     ] GC(1422)         PhantomRef (ms):          skipped
[259.397s][debug][gc,phases,ref     ] GC(1422)       SoftReference:
[259.397s][debug][gc,phases,ref     ] GC(1422)         Discovered: 0
[259.397s][debug][gc,phases,ref     ] GC(1422)         Cleared: 0
[259.397s][debug][gc,phases,ref     ] GC(1422)       WeakReference:
[259.397s][debug][gc,phases,ref     ] GC(1422)         Discovered: 0
[259.397s][debug][gc,phases,ref     ] GC(1422)         Cleared: 0
[259.397s][debug][gc,phases,ref     ] GC(1422)       FinalReference:
[259.397s][debug][gc,phases,ref     ] GC(1422)         Discovered: 0
[259.397s][debug][gc,phases,ref     ] GC(1422)         Cleared: 0
[259.397s][debug][gc,phases,ref     ] GC(1422)       PhantomReference:
[259.397s][debug][gc,phases,ref     ] GC(1422)         Discovered: 0
[259.397s][debug][gc,phases,ref     ] GC(1422)         Cleared: 0
[259.397s][debug][gc,phases         ] GC(1422)     Weak Processing: 0.0ms
[259.397s][debug][gc,phases         ] GC(1422)       JVMTI weak processing: 0.0ms
[259.397s][debug][gc,phases         ] GC(1422)         Dead: 0
[259.397s][debug][gc,phases         ] GC(1422)         Total: 0
[259.397s][debug][gc,phases         ] GC(1422)       JFR weak processing: 0.0ms
[259.397s][debug][gc,phases         ] GC(1422)         Dead: 0
[259.397s][debug][gc,phases         ] GC(1422)         Total: 0
[259.397s][debug][gc,phases         ] GC(1422)       JNI weak                  Min:  0.0, Avg:  0.0, Max:  0.0, Diff:  0.0, Sum:  0.0, Workers: 5
[259.397s][debug][gc,phases         ] GC(1422)         Dead                      Min: 0, Avg:  0.0, Max: 0, Diff: 0, Sum: 0, Workers: 5
[259.397s][debug][gc,phases         ] GC(1422)         Total                     Min: 0, Avg: 21.8, Max: 109, Diff: 109, Sum: 109, Workers: 5
[259.397s][debug][gc,phases         ] GC(1422)       VM weak                   Min:  0.0, Avg:  0.0, Max:  0.0, Diff:  0.0, Sum:  0.0, Workers: 5
[259.397s][debug][gc,phases         ] GC(1422)         Dead                      Min: 0, Avg:  0.0, Max: 0, Diff: 0, Sum: 0, Workers: 5
[259.397s][debug][gc,phases         ] GC(1422)         Total                     Min: 0, Avg: 42.6, Max: 128, Diff: 128, Sum: 213, Workers: 5
[259.397s][debug][gc,phases         ] GC(1422)       StringTable weak          Min:  0.0, Avg:  0.0, Max:  0.0, Diff:  0.0, Sum:  0.1, Workers: 5
[259.397s][debug][gc,phases         ] GC(1422)         Dead                      Min: 0, Avg:  0.0, Max: 0, Diff: 0, Sum: 0, Workers: 5
[259.397s][debug][gc,phases         ] GC(1422)         Total                     Min: 0, Avg: 721.8, Max: 1306, Diff: 1306, Sum: 3609, Workers: 5
[259.397s][debug][gc,phases         ] GC(1422)       ResolvedMethodTable weak  Min:  0.0, Avg:  0.0, Max:  0.0, Diff:  0.0, Sum:  0.0, Workers: 5
[259.397s][debug][gc,phases         ] GC(1422)         Dead                      Min: 0, Avg:  0.0, Max: 0, Diff: 0, Sum: 0, Workers: 5
[259.397s][debug][gc,phases         ] GC(1422)         Total                     Min: 0, Avg: 114.8, Max: 192, Diff: 192, Sum: 574, Workers: 5
[259.397s][debug][gc,phases         ] GC(1422)     Merge Per-Thread State: 0.0ms
[259.397s][debug][gc,phases         ] GC(1422)       Copied Bytes              Min: 400088, Avg: 550325.0, Max: 800320, Diff: 400232, Sum: 4402600, Workers: 8
[259.397s][debug][gc,phases         ] GC(1422)       LAB Waste                 Min: 0, Avg:  0.0, Max: 0, Diff: 0, Sum: 0, Workers: 8
[259.397s][debug][gc,phases         ] GC(1422)       LAB Undo Waste            Min: 0, Avg:  0.0, Max: 0, Diff: 0, Sum: 0, Workers: 8
[259.397s][debug][gc,phases         ] GC(1422)     Code Roots Purge: 0.0ms
[259.397s][debug][gc,phases         ] GC(1422)     Redirty Cards: 0.0ms
[259.397s][debug][gc,phases         ] GC(1422)     DerivedPointerTable Update: 0.0ms
[259.397s][debug][gc,phases         ] GC(1422)     Free Collection Set: 0.2ms
[259.397s][debug][gc,phases         ] GC(1422)     Rebuild Free List: 0.1ms
[259.397s][debug][gc,phases         ] GC(1422)     Humongous Reclaim: 0.0ms
[259.397s][debug][gc,phases         ] GC(1422)     Start New Collection Set: 0.0ms
[259.397s][debug][gc,phases         ] GC(1422)     Resize TLABs: 0.0ms
[259.397s][debug][gc,phases         ] GC(1422)     Expand Heap After Collection: 0.0ms
[259.397s][info ][gc,phases         ] GC(1422)   Other: 0.3ms
[259.397s][info ][gc,heap           ] GC(1422) Eden regions: 867->0(865)
[259.397s][info ][gc,heap           ] GC(1422) Survivor regions: 4->6(109)
[259.397s][info ][gc,heap           ] GC(1422) Old regions: 18->18
[259.397s][info ][gc,heap           ] GC(1422) Archive regions: 2->2
[259.397s][info ][gc,heap           ] GC(1422) Humongous regions: 0->0
[259.397s][info ][gc,metaspace      ] GC(1422) Metaspace: 10458K(11136K)->10458K(11136K) NonClass: 9309K(9728K)->9309K(9728K) Class: 1149K(1408K)->1149K(1408K)
[259.397s][debug][gc,heap           ] GC(1422) Heap after GC invocations=1423 (full 1): garbage-first heap   total 1486848K, used 23880K [0x0000000700000000, 0x0000000800000000)
[259.397s][debug][gc,heap           ] GC(1422)   region size 1024K, 6 young (6144K), 6 survivors (6144K)
[259.397s][debug][gc,heap           ] GC(1422)  Metaspace       used 10458K, capacity 10758K, committed 11136K, reserved 1058816K
[259.397s][debug][gc,heap           ] GC(1422)   class space    used 1149K, capacity 1267K, committed 1408K, reserved 1048576K
[259.397s][info ][gc                ] GC(1422) Pause Young (Normal) (G1 Evacuation Pause) 888M->23M(1452M) 2.288ms
[259.397s][info ][gc,cpu            ] GC(1422) User=0.00s Sys=0.00s Real=0.00s
[259.397s][info ][safepoint         ] Safepoint "G1CollectForAllocation", Time since last: 42656672 ns, Reaching safepoint: 241576 ns, At safepoint: 2460212 ns, Total: 2701788 ns
[259.444s][debug][gc,heap           ] GC(1423) Heap before GC invocations=1423 (full 1): garbage-first heap   total 1486848K, used 908616K [0x0000000700000000, 0x0000000800000000)
[259.444s][debug][gc,heap           ] GC(1423)   region size 1024K, 871 young (891904K), 6 survivors (6144K)
[259.444s][debug][gc,heap           ] GC(1423)  Metaspace       used 10458K, capacity 10758K, committed 11136K, reserved 1058816K
[259.444s][debug][gc,heap           ] GC(1423)   class space    used 1149K, capacity 1267K, committed 1408K, reserved 1048576K
[259.444s][info ][gc,start          ] GC(1423) Pause Young (Normal) (G1 Evacuation Pause)
[259.444s][info ][gc,task           ] GC(1423) Using 8 workers of 8 for evacuation
[259.444s][debug][gc,tlab           ] GC(1423) TLAB totals: thrds: 8  refills: 14 max: 2 slow allocs: 1720 max 233 waste: 26.6% gc: 1184976B max: 231264B slow: 82848B max: 14304B fast: 0B max: 0B
[259.444s][debug][gc,age            ] GC(1423) Desired survivor size 57147392 bytes, new threshold 15 (max threshold 15)
[259.444s][debug][gc,alloc,region   ] GC(1423) Mutator Allocation stats, regions: 865, wasted size: 202M (23.4%)
[259.444s][debug][gc,ergo           ] GC(1423) Running G1 Merge Heap Roots using 8 workers for 871 regions
[259.445s][debug][gc,remset         ] GC(1423) Visited cards 256 Total dirty 2048 (12.50%) Total old 3608576 (0.01%)
[259.445s][debug][gc,ergo           ] GC(1423) Running G1 Clear Card Table Task using 2 workers for 2 units of work for 872 regions.
[259.445s][debug][gc,ref            ] GC(1423) Skipped phase1 of Reference Processing due to unavailable references
[259.445s][debug][gc,ref            ] GC(1423) Skipped phase2 of Reference Processing due to unavailable references
[259.445s][debug][gc,ref            ] GC(1423) Skipped phase3 of Reference Processing due to unavailable references
[259.445s][debug][gc,ref            ] GC(1423) Skipped phase4 of Reference Processing due to unavailable references
[259.446s][debug][gc,ergo           ] GC(1423) Running G1 Free Collection Set using 8 workers for collection set length 871 (1452)
[259.446s][debug][gc,ergo           ] GC(1423) Running G1 Rebuild Free List Task using 8 workers for rebuilding free list of 0 (4096) regions
[259.446s][trace][gc,age            ] GC(1423) Age table with threshold 15 (max threshold 15)
[259.446s][trace][gc,age            ] GC(1423) - age   1:    3602576 bytes,    3602576 total
[259.446s][debug][gc,plab           ] GC(1423) Young PLAB allocation: allocated: 16512B, wasted: 0B, unused: 14064B, used: 2448B, undo waste: 0B, 
[259.446s][debug][gc,plab           ] GC(1423) Young other allocation: region end waste: 979736B, regions filled: 5, direct allocated: 3600128B, failure used: 0B, failure wasted: 0B
[259.446s][debug][gc,plab           ] GC(1423) Young sizing: calculated: 0B, actual: 2064B
[259.446s][debug][gc,plab           ] GC(1423) Old PLAB allocation: allocated: 0B, wasted: 0B, unused: 0B, used: 0B, undo waste: 0B, 
[259.446s][debug][gc,plab           ] GC(1423) Old other allocation: region end waste: 0B, regions filled: 1, direct allocated: 0B, failure used: 0B, failure wasted: 0B
[259.446s][debug][gc,plab           ] GC(1423) Old sizing: calculated: 0B, actual: 2064B
[259.446s][debug][gc,ihop           ] GC(1423) Basic information (value update), threshold: 685139558B (45.00), target occupancy: 1522532352B, current occupancy: 23400600B, recent allocation size: 0B, recent allocation duration: 47.63ms, recent old gen allocation rate: 0.00B/s, recent marking phase length: 38.29ms
[259.446s][debug][gc,ihop           ] GC(1423) Adaptive IHOP information (value update), threshold: 685139558B (47.37), internal target occupancy: 1446405734B, occupancy: 23400600B, additional buffer size: 913309696B, predicted old gen allocation rate: 6.97B/s, predicted marking phase length: 76.58ms, prediction active: false
[259.446s][debug][gc,ergo,refine    ] GC(1423) Concurrent refinement times: Logged Cards Scan time goal: 20.00ms Logged Cards Scan time: 0.00ms HCC time: 0.00ms
[259.446s][debug][gc,ergo,refine    ] GC(1423) Updated Refinement Zones: green: 2048, yellow: 6144, red: 10240
[259.446s][info ][gc,phases         ] GC(1423)   Pre Evacuate Collection Set: 0.2ms
[259.446s][debug][gc,phases         ] GC(1423)     Prepare TLABs: 0.0ms
[259.446s][debug][gc,phases         ] GC(1423)     Choose Collection Set: 0.0ms
[259.446s][debug][gc,phases         ] GC(1423)     Region Register: 0.1ms
[259.446s][debug][gc,phases         ] GC(1423)     Prepare Heap Roots: 0.0ms
[259.446s][info ][gc,phases         ] GC(1423)   Merge Heap Roots: 0.2ms
[259.446s][debug][gc,phases         ] GC(1423)     Prepare Merge Heap Roots: 0.0ms
[259.446s][debug][gc,phases         ] GC(1423)     Eager Reclaim (ms):       skipped
[259.446s][debug][gc,phases         ] GC(1423)     Remembered Sets (ms):     Min:  0.0, Avg:  0.0, Max:  0.1, Diff:  0.1, Sum:  0.4, Workers: 8
[259.446s][debug][gc,phases         ] GC(1423)       Merged Sparse:            Min: 0, Avg:  0.0, Max: 0, Diff: 0, Sum: 0, Workers: 8
[259.446s][debug][gc,phases         ] GC(1423)       Merged Fine:              Min: 0, Avg:  0.0, Max: 0, Diff: 0, Sum: 0, Workers: 8
[259.446s][debug][gc,phases         ] GC(1423)       Merged Coarse:            Min: 0, Avg:  0.0, Max: 0, Diff: 0, Sum: 0, Workers: 8
[259.446s][debug][gc,phases         ] GC(1423)       Dirty Cards:              Min: 0, Avg:  0.0, Max: 0, Diff: 0, Sum: 0, Workers: 8
[259.446s][debug][gc,phases         ] GC(1423)     Hot Card Cache (ms):      Min:  0.0, Avg:  0.0, Max:  0.0, Diff:  0.0, Sum:  0.0, Workers: 8
[259.446s][debug][gc,phases         ] GC(1423)       Dirty Cards:              Min: 0, Avg:  0.0, Max: 0, Diff: 0, Sum: 0, Workers: 8
[259.446s][debug][gc,phases         ] GC(1423)       Skipped Cards:            Min: 0, Avg:  0.0, Max: 0, Diff: 0, Sum: 0, Workers: 8
[259.446s][debug][gc,phases         ] GC(1423)     Log Buffers (ms):         Min:  0.0, Avg:  0.0, Max:  0.0, Diff:  0.0, Sum:  0.0, Workers: 8
[259.446s][debug][gc,phases         ] GC(1423)       Dirty Cards:              Min: 0, Avg:  0.1, Max: 1, Diff: 1, Sum: 1, Workers: 8
[259.446s][debug][gc,phases         ] GC(1423)       Skipped Cards:            Min: 0, Avg:  0.0, Max: 0, Diff: 0, Sum: 0, Workers: 8
[259.446s][info ][gc,phases         ] GC(1423)   Evacuate Collection Set: 0.6ms
[259.446s][debug][gc,phases         ] GC(1423)     Ext Root Scanning (ms):   Min:  0.2, Avg:  0.3, Max:  0.5, Diff:  0.3, Sum:  2.1, Workers: 8
[259.446s][debug][gc,phases         ] GC(1423)     Scan Heap Roots (ms):     Min:  0.0, Avg:  0.0, Max:  0.0, Diff:  0.0, Sum:  0.0, Workers: 8
[259.446s][debug][gc,phases         ] GC(1423)       Scanned Cards:            Min: 0, Avg:  0.1, Max: 1, Diff: 1, Sum: 1, Workers: 8
[259.446s][debug][gc,phases         ] GC(1423)       Scanned Blocks:           Min: 0, Avg:  0.1, Max: 1, Diff: 1, Sum: 1, Workers: 8
[259.446s][debug][gc,phases         ] GC(1423)       Claimed Chunks:           Min: 0, Avg:  0.1, Max: 1, Diff: 1, Sum: 1, Workers: 8
[259.446s][debug][gc,phases         ] GC(1423)     Code Root Scan (ms):      Min:  0.0, Avg:  0.0, Max:  0.0, Diff:  0.0, Sum:  0.2, Workers: 8
[259.446s][debug][gc,phases         ] GC(1423)     Object Copy (ms):         Min:  0.0, Avg:  0.0, Max:  0.0, Diff:  0.0, Sum:  0.0, Workers: 8
[259.446s][debug][gc,phases         ] GC(1423)     Termination (ms):         Min:  0.0, Avg:  0.2, Max:  0.2, Diff:  0.2, Sum:  1.3, Workers: 8
[259.446s][debug][gc,phases         ] GC(1423)       Termination Attempts:     Min: 1, Avg:  1.2, Max: 3, Diff: 2, Sum: 10, Workers: 8
[259.446s][debug][gc,phases         ] GC(1423)     GC Worker Other (ms):     Min:  0.0, Avg:  0.1, Max:  0.1, Diff:  0.1, Sum:  0.5, Workers: 8
[259.446s][debug][gc,phases         ] GC(1423)     GC Worker Total (ms):     Min:  0.5, Avg:  0.5, Max:  0.5, Diff:  0.1, Sum:  4.1, Workers: 8
[259.446s][info ][gc,phases         ] GC(1423)   Post Evacuate Collection Set: 0.7ms
[259.446s][debug][gc,phases         ] GC(1423)     Code Roots Fixup: 0.0ms
[259.446s][debug][gc,phases         ] GC(1423)     Clear Card Table: 0.2ms
[259.446s][debug][gc,phases         ] GC(1423)     Reference Processing: 0.1ms
[259.446s][debug][gc,phases,ref     ] GC(1423)       Reconsider SoftReferences: 0.0ms
[259.446s][debug][gc,phases,ref     ] GC(1423)         SoftRef (ms):             skipped
[259.446s][debug][gc,phases,ref     ] GC(1423)       Notify Soft/WeakReferences: 0.0ms
[259.446s][debug][gc,phases,ref     ] GC(1423)         SoftRef (ms):             skipped
[259.446s][debug][gc,phases,ref     ] GC(1423)         WeakRef (ms):             skipped
[259.446s][debug][gc,phases,ref     ] GC(1423)         FinalRef (ms):            skipped
[259.446s][debug][gc,phases,ref     ] GC(1423)         Total (ms):               skipped
[259.446s][debug][gc,phases,ref     ] GC(1423)       Notify and keep alive finalizable: 0.0ms
[259.446s][debug][gc,phases,ref     ] GC(1423)         FinalRef (ms):            skipped
[259.446s][debug][gc,phases,ref     ] GC(1423)       Notify PhantomReferences: 0.0ms
[259.446s][debug][gc,phases,ref     ] GC(1423)         PhantomRef (ms):          skipped
[259.446s][debug][gc,phases,ref     ] GC(1423)       SoftReference:
[259.446s][debug][gc,phases,ref     ] GC(1423)         Discovered: 0
[259.446s][debug][gc,phases,ref     ] GC(1423)         Cleared: 0
[259.446s][debug][gc,phases,ref     ] GC(1423)       WeakReference:
[259.446s][debug][gc,phases,ref     ] GC(1423)         Discovered: 0
[259.446s][debug][gc,phases,ref     ] GC(1423)         Cleared: 0
[259.446s][debug][gc,phases,ref     ] GC(1423)       FinalReference:
[259.446s][debug][gc,phases,ref     ] GC(1423)         Discovered: 0
[259.446s][debug][gc,phases,ref     ] GC(1423)         Cleared: 0
[259.446s][debug][gc,phases,ref     ] GC(1423)       PhantomReference:
[259.446s][debug][gc,phases,ref     ] GC(1423)         Discovered: 0
[259.446s][debug][gc,phases,ref     ] GC(1423)         Cleared: 0
[259.446s][debug][gc,phases         ] GC(1423)     Weak Processing: 0.1ms
[259.446s][debug][gc,phases         ] GC(1423)       JVMTI weak processing: 0.0ms
[259.446s][debug][gc,phases         ] GC(1423)         Dead: 0
[259.446s][debug][gc,phases         ] GC(1423)         Total: 0
[259.446s][debug][gc,phases         ] GC(1423)       JFR weak processing: 0.0ms
[259.446s][debug][gc,phases         ] GC(1423)         Dead: 0
[259.446s][debug][gc,phases         ] GC(1423)         Total: 0
[259.446s][debug][gc,phases         ] GC(1423)       JNI weak                  Min:  0.0, Avg:  0.0, Max:  0.0, Diff:  0.0, Sum:  0.0, Workers: 5
[259.447s][debug][gc,phases         ] GC(1423)         Dead                      Min: 0, Avg:  0.0, Max: 0, Diff: 0, Sum: 0, Workers: 5
[259.447s][debug][gc,phases         ] GC(1423)         Total                     Min: 0, Avg: 21.8, Max: 64, Diff: 64, Sum: 109, Workers: 5
[259.447s][debug][gc,phases         ] GC(1423)       VM weak                   Min:  0.0, Avg:  0.0, Max:  0.0, Diff:  0.0, Sum:  0.0, Workers: 5
[259.447s][debug][gc,phases         ] GC(1423)         Dead                      Min: 0, Avg:  0.0, Max: 0, Diff: 0, Sum: 0, Workers: 5
[259.447s][debug][gc,phases         ] GC(1423)         Total                     Min: 0, Avg: 42.6, Max: 128, Diff: 128, Sum: 213, Workers: 5
[259.447s][debug][gc,phases         ] GC(1423)       StringTable weak          Min:  0.0, Avg:  0.0, Max:  0.0, Diff:  0.0, Sum:  0.1, Workers: 5
[259.447s][debug][gc,phases         ] GC(1423)         Dead                      Min: 0, Avg:  0.0, Max: 0, Diff: 0, Sum: 0, Workers: 5
[259.447s][debug][gc,phases         ] GC(1423)         Total                     Min: 0, Avg: 721.8, Max: 1754, Diff: 1754, Sum: 3609, Workers: 5
[259.447s][debug][gc,phases         ] GC(1423)       ResolvedMethodTable weak  Min:  0.0, Avg:  0.0, Max:  0.0, Diff:  0.0, Sum:  0.0, Workers: 5
[259.447s][debug][gc,phases         ] GC(1423)         Dead                      Min: 0, Avg:  0.0, Max: 0, Diff: 0, Sum: 0, Workers: 5
[259.447s][debug][gc,phases         ] GC(1423)         Total                     Min: 0, Avg: 114.8, Max: 190, Diff: 190, Sum: 574, Workers: 5
[259.447s][debug][gc,phases         ] GC(1423)     Merge Per-Thread State: 0.0ms
[259.447s][debug][gc,phases         ] GC(1423)       Copied Bytes              Min: 72, Avg: 450322.0, Max: 800320, Diff: 800248, Sum: 3602576, Workers: 8
[259.447s][debug][gc,phases         ] GC(1423)       LAB Waste                 Min: 0, Avg:  0.0, Max: 0, Diff: 0, Sum: 0, Workers: 8
[259.447s][debug][gc,phases         ] GC(1423)       LAB Undo Waste            Min: 0, Avg:  0.0, Max: 0, Diff: 0, Sum: 0, Workers: 8
[259.447s][debug][gc,phases         ] GC(1423)     Code Roots Purge: 0.0ms
[259.447s][debug][gc,phases         ] GC(1423)     Redirty Cards: 0.0ms
[259.447s][debug][gc,phases         ] GC(1423)     DerivedPointerTable Update: 0.0ms
[259.447s][debug][gc,phases         ] GC(1423)     Free Collection Set: 0.2ms
[259.447s][debug][gc,phases         ] GC(1423)     Rebuild Free List: 0.1ms
[259.447s][debug][gc,phases         ] GC(1423)     Humongous Reclaim: 0.0ms
[259.447s][debug][gc,phases         ] GC(1423)     Start New Collection Set: 0.0ms
[259.447s][debug][gc,phases         ] GC(1423)     Resize TLABs: 0.0ms
[259.447s][debug][gc,phases         ] GC(1423)     Expand Heap After Collection: 0.0ms
[259.447s][info ][gc,phases         ] GC(1423)   Other: 0.4ms
[259.447s][info ][gc,heap           ] GC(1423) Eden regions: 865->0(866)
[259.447s][info ][gc,heap           ] GC(1423) Survivor regions: 6->5(109)
[259.447s][info ][gc,heap           ] GC(1423) Old regions: 18->18
[259.447s][info ][gc,heap           ] GC(1423) Archive regions: 2->2
[259.447s][info ][gc,heap           ] GC(1423) Humongous regions: 0->0
[259.447s][info ][gc,metaspace      ] GC(1423) Metaspace: 10458K(11136K)->10458K(11136K) NonClass: 9309K(9728K)->9309K(9728K) Class: 1149K(1408K)->1149K(1408K)
[259.447s][debug][gc,heap           ] GC(1423) Heap after GC invocations=1424 (full 1): garbage-first heap   total 1486848K, used 22852K [0x0000000700000000, 0x0000000800000000)
[259.447s][debug][gc,heap           ] GC(1423)   region size 1024K, 5 young (5120K), 5 survivors (5120K)
[259.447s][debug][gc,heap           ] GC(1423)  Metaspace       used 10458K, capacity 10758K, committed 11136K, reserved 1058816K
[259.447s][debug][gc,heap           ] GC(1423)   class space    used 1149K, capacity 1267K, committed 1408K, reserved 1048576K
[259.447s][info ][gc                ] GC(1423) Pause Young (Normal) (G1 Evacuation Pause) 888M->22M(1452M) 2.660ms
[259.447s][info ][gc,cpu            ] GC(1423) User=0.01s Sys=0.00s Real=0.00s
[259.447s][info ][safepoint         ] Safepoint "G1CollectForAllocation", Time since last: 46504836 ns, Reaching safepoint: 156161 ns, At safepoint: 2867959 ns, Total: 3024120 ns
[259.490s][debug][gc,heap           ] GC(1424) Heap before GC invocations=1424 (full 1): garbage-first heap   total 1486848K, used 908612K [0x0000000700000000, 0x0000000800000000)
[259.490s][debug][gc,heap           ] GC(1424)   region size 1024K, 871 young (891904K), 5 survivors (5120K)
[259.490s][debug][gc,heap           ] GC(1424)  Metaspace       used 10458K, capacity 10758K, committed 11136K, reserved 1058816K
[259.490s][debug][gc,heap           ] GC(1424)   class space    used 1149K, capacity 1267K, committed 1408K, reserved 1048576K
[259.490s][info ][gc,start          ] GC(1424) Pause Young (Normal) (G1 Evacuation Pause)
[259.490s][info ][gc,task           ] GC(1424) Using 8 workers of 8 for evacuation
[259.490s][debug][gc,tlab           ] GC(1424) TLAB totals: thrds: 8  refills: 14 max: 2 slow allocs: 1725 max 243 waste: 29.0% gc: 1194312B max: 240968B slow: 71056B max: 14304B fast: 0B max: 0B
[259.490s][debug][gc,age            ] GC(1424) Desired survivor size 57147392 bytes, new threshold 15 (max threshold 15)
[259.490s][debug][gc,alloc,region   ] GC(1424) Mutator Allocation stats, regions: 866, wasted size: 202M (23.4%)
[259.491s][debug][gc,ergo           ] GC(1424) Running G1 Merge Heap Roots using 8 workers for 871 regions
[259.491s][debug][gc,remset         ] GC(1424) Visited cards 512 Total dirty 4096 (12.50%) Total old 3608576 (0.01%)
[259.491s][debug][gc,ergo           ] GC(1424) Running G1 Clear Card Table Task using 2 workers for 2 units of work for 873 regions.
[259.491s][debug][gc,ref            ] GC(1424) Skipped phase1 of Reference Processing due to unavailable references
[259.491s][debug][gc,ref            ] GC(1424) Skipped phase2 of Reference Processing due to unavailable references
[259.491s][debug][gc,ref            ] GC(1424) Skipped phase3 of Reference Processing due to unavailable references
[259.491s][debug][gc,ref            ] GC(1424) Skipped phase4 of Reference Processing due to unavailable references
[259.492s][debug][gc,ergo           ] GC(1424) Running G1 Free Collection Set using 8 workers for collection set length 871 (1452)
[259.492s][debug][gc,ergo           ] GC(1424) Running G1 Rebuild Free List Task using 8 workers for rebuilding free list of 0 (4096) regions
[259.492s][trace][gc,age            ] GC(1424) Age table with threshold 15 (max threshold 15)
[259.492s][trace][gc,age            ] GC(1424) - age   1:    2802456 bytes,    2802456 total
[259.492s][debug][gc,plab           ] GC(1424) Young PLAB allocation: allocated: 16512B, wasted: 0B, unused: 14144B, used: 2368B, undo waste: 0B, 
[259.492s][debug][gc,plab           ] GC(1424) Young other allocation: region end waste: 735328B, regions filled: 4, direct allocated: 2800088B, failure used: 0B, failure wasted: 0B
[259.492s][debug][gc,plab           ] GC(1424) Young sizing: calculated: 0B, actual: 2064B
[259.492s][debug][gc,plab           ] GC(1424) Old PLAB allocation: allocated: 0B, wasted: 0B, unused: 0B, used: 0B, undo waste: 0B, 
[259.492s][debug][gc,plab           ] GC(1424) Old other allocation: region end waste: 0B, regions filled: 1, direct allocated: 0B, failure used: 0B, failure wasted: 0B
[259.492s][debug][gc,plab           ] GC(1424) Old sizing: calculated: 0B, actual: 2064B
[259.492s][debug][gc,ihop           ] GC(1424) Basic information (value update), threshold: 685139558B (45.00), target occupancy: 1522532352B, current occupancy: 22356152B, recent allocation size: 0B, recent allocation duration: 44.49ms, recent old gen allocation rate: 0.00B/s, recent marking phase length: 38.29ms
[259.492s][debug][gc,ihop           ] GC(1424) Adaptive IHOP information (value update), threshold: 685139558B (47.37), internal target occupancy: 1446405734B, occupancy: 22356152B, additional buffer size: 913309696B, predicted old gen allocation rate: 6.79B/s, predicted marking phase length: 76.58ms, prediction active: false
[259.492s][debug][gc,ergo,refine    ] GC(1424) Concurrent refinement times: Logged Cards Scan time goal: 20.00ms Logged Cards Scan time: 0.00ms HCC time: 0.00ms
[259.492s][debug][gc,ergo,refine    ] GC(1424) Updated Refinement Zones: green: 2048, yellow: 6144, red: 10240
[259.492s][info ][gc,phases         ] GC(1424)   Pre Evacuate Collection Set: 0.1ms
[259.492s][debug][gc,phases         ] GC(1424)     Prepare TLABs: 0.0ms
[259.492s][debug][gc,phases         ] GC(1424)     Choose Collection Set: 0.0ms
[259.492s][debug][gc,phases         ] GC(1424)     Region Register: 0.1ms
[259.492s][debug][gc,phases         ] GC(1424)     Prepare Heap Roots: 0.0ms
[259.492s][info ][gc,phases         ] GC(1424)   Merge Heap Roots: 0.1ms
[259.492s][debug][gc,phases         ] GC(1424)     Prepare Merge Heap Roots: 0.0ms
[259.492s][debug][gc,phases         ] GC(1424)     Eager Reclaim (ms):       skipped
[259.492s][debug][gc,phases         ] GC(1424)     Remembered Sets (ms):     Min:  0.0, Avg:  0.0, Max:  0.1, Diff:  0.0, Sum:  0.4, Workers: 8
[259.492s][debug][gc,phases         ] GC(1424)       Merged Sparse:            Min: 0, Avg:  0.0, Max: 0, Diff: 0, Sum: 0, Workers: 8
[259.492s][debug][gc,phases         ] GC(1424)       Merged Fine:              Min: 0, Avg:  0.0, Max: 0, Diff: 0, Sum: 0, Workers: 8
[259.492s][debug][gc,phases         ] GC(1424)       Merged Coarse:            Min: 0, Avg:  0.0, Max: 0, Diff: 0, Sum: 0, Workers: 8
[259.492s][debug][gc,phases         ] GC(1424)       Dirty Cards:              Min: 0, Avg:  0.0, Max: 0, Diff: 0, Sum: 0, Workers: 8
[259.492s][debug][gc,phases         ] GC(1424)     Hot Card Cache (ms):      Min:  0.0, Avg:  0.0, Max:  0.0, Diff:  0.0, Sum:  0.0, Workers: 8
[259.492s][debug][gc,phases         ] GC(1424)       Dirty Cards:              Min: 0, Avg:  0.0, Max: 0, Diff: 0, Sum: 0, Workers: 8
[259.492s][debug][gc,phases         ] GC(1424)       Skipped Cards:            Min: 0, Avg:  0.0, Max: 0, Diff: 0, Sum: 0, Workers: 8
[259.492s][debug][gc,phases         ] GC(1424)     Log Buffers (ms):         Min:  0.0, Avg:  0.0, Max:  0.0, Diff:  0.0, Sum:  0.0, Workers: 8
[259.492s][debug][gc,phases         ] GC(1424)       Dirty Cards:              Min: 0, Avg:  0.2, Max: 2, Diff: 2, Sum: 2, Workers: 8
[259.492s][debug][gc,phases         ] GC(1424)       Skipped Cards:            Min: 0, Avg:  0.0, Max: 0, Diff: 0, Sum: 0, Workers: 8
[259.492s][info ][gc,phases         ] GC(1424)   Evacuate Collection Set: 0.4ms
[259.492s][debug][gc,phases         ] GC(1424)     Ext Root Scanning (ms):   Min:  0.0, Avg:  0.1, Max:  0.3, Diff:  0.2, Sum:  1.1, Workers: 8
[259.492s][debug][gc,phases         ] GC(1424)     Scan Heap Roots (ms):     Min:  0.0, Avg:  0.0, Max:  0.0, Diff:  0.0, Sum:  0.0, Workers: 8
[259.492s][debug][gc,phases         ] GC(1424)       Scanned Cards:            Min: 0, Avg:  0.2, Max: 1, Diff: 1, Sum: 2, Workers: 8
[259.492s][debug][gc,phases         ] GC(1424)       Scanned Blocks:           Min: 0, Avg:  0.2, Max: 1, Diff: 1, Sum: 2, Workers: 8
[259.492s][debug][gc,phases         ] GC(1424)       Claimed Chunks:           Min: 0, Avg:  0.2, Max: 1, Diff: 1, Sum: 2, Workers: 8
[259.492s][debug][gc,phases         ] GC(1424)     Code Root Scan (ms):      Min:  0.0, Avg:  0.0, Max:  0.0, Diff:  0.0, Sum:  0.1, Workers: 8
[259.492s][debug][gc,phases         ] GC(1424)     Object Copy (ms):         Min:  0.0, Avg:  0.0, Max:  0.0, Diff:  0.0, Sum:  0.0, Workers: 8
[259.492s][debug][gc,phases         ] GC(1424)     Termination (ms):         Min:  0.0, Avg:  0.1, Max:  0.1, Diff:  0.1, Sum:  0.8, Workers: 8
[259.492s][debug][gc,phases         ] GC(1424)       Termination Attempts:     Min: 1, Avg:  1.2, Max: 3, Diff: 2, Sum: 10, Workers: 8
[259.492s][debug][gc,phases         ] GC(1424)     GC Worker Other (ms):     Min:  0.0, Avg:  0.0, Max:  0.1, Diff:  0.1, Sum:  0.3, Workers: 8
[259.492s][debug][gc,phases         ] GC(1424)     GC Worker Total (ms):     Min:  0.3, Avg:  0.3, Max:  0.3, Diff:  0.1, Sum:  2.4, Workers: 8
[259.492s][info ][gc,phases         ] GC(1424)   Post Evacuate Collection Set: 0.6ms
[259.492s][debug][gc,phases         ] GC(1424)     Code Roots Fixup: 0.0ms
[259.492s][debug][gc,phases         ] GC(1424)     Clear Card Table: 0.2ms
[259.492s][debug][gc,phases         ] GC(1424)     Reference Processing: 0.1ms
[259.492s][debug][gc,phases,ref     ] GC(1424)       Reconsider SoftReferences: 0.0ms
[259.492s][debug][gc,phases,ref     ] GC(1424)         SoftRef (ms):             skipped
[259.492s][debug][gc,phases,ref     ] GC(1424)       Notify Soft/WeakReferences: 0.0ms
[259.492s][debug][gc,phases,ref     ] GC(1424)         SoftRef (ms):             skipped
[259.492s][debug][gc,phases,ref     ] GC(1424)         WeakRef (ms):             skipped
[259.492s][debug][gc,phases,ref     ] GC(1424)         FinalRef (ms):            skipped
[259.492s][debug][gc,phases,ref     ] GC(1424)         Total (ms):               skipped
[259.492s][debug][gc,phases,ref     ] GC(1424)       Notify and keep alive finalizable: 0.0ms
[259.492s][debug][gc,phases,ref     ] GC(1424)         FinalRef (ms):            skipped
[259.492s][debug][gc,phases,ref     ] GC(1424)       Notify PhantomReferences: 0.0ms
[259.492s][debug][gc,phases,ref     ] GC(1424)         PhantomRef (ms):          skipped
[259.492s][debug][gc,phases,ref     ] GC(1424)       SoftReference:
[259.492s][debug][gc,phases,ref     ] GC(1424)         Discovered: 0
[259.492s][debug][gc,phases,ref     ] GC(1424)         Cleared: 0
[259.492s][debug][gc,phases,ref     ] GC(1424)       WeakReference:
[259.492s][debug][gc,phases,ref     ] GC(1424)         Discovered: 0
[259.492s][debug][gc,phases,ref     ] GC(1424)         Cleared: 0
[259.492s][debug][gc,phases,ref     ] GC(1424)       FinalReference:
[259.492s][debug][gc,phases,ref     ] GC(1424)         Discovered: 0
[259.492s][debug][gc,phases,ref     ] GC(1424)         Cleared: 0
[259.492s][debug][gc,phases,ref     ] GC(1424)       PhantomReference:
[259.492s][debug][gc,phases,ref     ] GC(1424)         Discovered: 0
[259.492s][debug][gc,phases,ref     ] GC(1424)         Cleared: 0
[259.492s][debug][gc,phases         ] GC(1424)     Weak Processing: 0.1ms
[259.492s][debug][gc,phases         ] GC(1424)       JVMTI weak processing: 0.0ms
[259.492s][debug][gc,phases         ] GC(1424)         Dead: 0
[259.492s][debug][gc,phases         ] GC(1424)         Total: 0
[259.492s][debug][gc,phases         ] GC(1424)       JFR weak processing: 0.0ms
[259.492s][debug][gc,phases         ] GC(1424)         Dead: 0
[259.492s][debug][gc,phases         ] GC(1424)         Total: 0
[259.492s][debug][gc,phases         ] GC(1424)       JNI weak                  Min:  0.0, Avg:  0.0, Max:  0.0, Diff:  0.0, Sum:  0.0, Workers: 5
[259.492s][debug][gc,phases         ] GC(1424)         Dead                      Min: 0, Avg:  0.0, Max: 0, Diff: 0, Sum: 0, Workers: 5
[259.492s][debug][gc,phases         ] GC(1424)         Total                     Min: 0, Avg: 21.8, Max: 109, Diff: 109, Sum: 109, Workers: 5
[259.492s][debug][gc,phases         ] GC(1424)       VM weak                   Min:  0.0, Avg:  0.0, Max:  0.0, Diff:  0.0, Sum:  0.0, Workers: 5
[259.492s][debug][gc,phases         ] GC(1424)         Dead                      Min: 0, Avg:  0.0, Max: 0, Diff: 0, Sum: 0, Workers: 5
[259.492s][debug][gc,phases         ] GC(1424)         Total                     Min: 0, Avg: 42.6, Max: 213, Diff: 213, Sum: 213, Workers: 5
[259.492s][debug][gc,phases         ] GC(1424)       StringTable weak          Min:  0.0, Avg:  0.0, Max:  0.0, Diff:  0.0, Sum:  0.1, Workers: 5
[259.492s][debug][gc,phases         ] GC(1424)         Dead                      Min: 0, Avg:  0.0, Max: 0, Diff: 0, Sum: 0, Workers: 5
[259.492s][debug][gc,phases         ] GC(1424)         Total                     Min: 0, Avg: 721.8, Max: 2560, Diff: 2560, Sum: 3609, Workers: 5
[259.492s][debug][gc,phases         ] GC(1424)       ResolvedMethodTable weak  Min:  0.0, Avg:  0.0, Max:  0.0, Diff:  0.0, Sum:  0.0, Workers: 5
[259.492s][debug][gc,phases         ] GC(1424)         Dead                      Min: 0, Avg:  0.0, Max: 0, Diff: 0, Sum: 0, Workers: 5
[259.492s][debug][gc,phases         ] GC(1424)         Total                     Min: 0, Avg: 114.8, Max: 192, Diff: 192, Sum: 574, Workers: 5
[259.492s][debug][gc,phases         ] GC(1424)     Merge Per-Thread State: 0.0ms
[259.492s][debug][gc,phases         ] GC(1424)       Copied Bytes              Min: 72, Avg: 350307.0, Max: 800320, Diff: 800248, Sum: 2802456, Workers: 8
[259.492s][debug][gc,phases         ] GC(1424)       LAB Waste                 Min: 0, Avg:  0.0, Max: 0, Diff: 0, Sum: 0, Workers: 8
[259.492s][debug][gc,phases         ] GC(1424)       LAB Undo Waste            Min: 0, Avg:  0.0, Max: 0, Diff: 0, Sum: 0, Workers: 8
[259.492s][debug][gc,phases         ] GC(1424)     Code Roots Purge: 0.0ms
[259.492s][debug][gc,phases         ] GC(1424)     Redirty Cards: 0.0ms
[259.492s][debug][gc,phases         ] GC(1424)     DerivedPointerTable Update: 0.0ms
[259.492s][debug][gc,phases         ] GC(1424)     Free Collection Set: 0.2ms
[259.492s][debug][gc,phases         ] GC(1424)     Rebuild Free List: 0.1ms
[259.492s][debug][gc,phases         ] GC(1424)     Humongous Reclaim: 0.0ms
[259.492s][debug][gc,phases         ] GC(1424)     Start New Collection Set: 0.0ms
[259.492s][debug][gc,phases         ] GC(1424)     Resize TLABs: 0.0ms
[259.492s][debug][gc,phases         ] GC(1424)     Expand Heap After Collection: 0.0ms
[259.492s][info ][gc,phases         ] GC(1424)   Other: 0.3ms
[259.492s][info ][gc,heap           ] GC(1424) Eden regions: 866->0(867)
[259.492s][info ][gc,heap           ] GC(1424) Survivor regions: 5->4(109)
[259.492s][info ][gc,heap           ] GC(1424) Old regions: 18->18
[259.493s][info ][gc,heap           ] GC(1424) Archive regions: 2->2
[259.493s][info ][gc,heap           ] GC(1424) Humongous regions: 0->0
[259.493s][info ][gc,metaspace      ] GC(1424) Metaspace: 10458K(11136K)->10458K(11136K) NonClass: 9309K(9728K)->9309K(9728K) Class: 1149K(1408K)->1149K(1408K)
[259.493s][debug][gc,heap           ] GC(1424) Heap after GC invocations=1425 (full 1): garbage-first heap   total 1486848K, used 21832K [0x0000000700000000, 0x0000000800000000)
[259.493s][debug][gc,heap           ] GC(1424)   region size 1024K, 4 young (4096K), 4 survivors (4096K)
[259.493s][debug][gc,heap           ] GC(1424)  Metaspace       used 10458K, capacity 10758K, committed 11136K, reserved 1058816K
[259.493s][debug][gc,heap           ] GC(1424)   class space    used 1149K, capacity 1267K, committed 1408K, reserved 1048576K
[259.493s][info ][gc                ] GC(1424) Pause Young (Normal) (G1 Evacuation Pause) 888M->21M(1452M) 2.232ms
[259.493s][info ][gc,cpu            ] GC(1424) User=0.00s Sys=0.01s Real=0.00s
[259.493s][info ][safepoint         ] Safepoint "G1CollectForAllocation", Time since last: 43201666 ns, Reaching safepoint: 172839 ns, At safepoint: 2398923 ns, Total: 2571762 ns
[259.536s][debug][gc,heap           ] GC(1425) Heap before GC invocations=1425 (full 1): garbage-first heap   total 1486848K, used 908616K [0x0000000700000000, 0x0000000800000000)
[259.536s][debug][gc,heap           ] GC(1425)   region size 1024K, 871 young (891904K), 4 survivors (4096K)
[259.536s][debug][gc,heap           ] GC(1425)  Metaspace       used 10458K, capacity 10758K, committed 11136K, reserved 1058816K
[259.536s][debug][gc,heap           ] GC(1425)   class space    used 1149K, capacity 1267K, committed 1408K, reserved 1048576K
[259.536s][info ][gc,start          ] GC(1425) Pause Young (Normal) (G1 Evacuation Pause)
[259.536s][info ][gc,task           ] GC(1425) Using 8 workers of 8 for evacuation
[259.536s][debug][gc,tlab           ] GC(1425) TLAB totals: thrds: 8  refills: 12 max: 2 slow allocs: 1728 max 244 waste: 24.7% gc: 961232B max: 212304B slow: 55568B max: 14304B fast: 0B max: 0B
[259.536s][debug][gc,age            ] GC(1425) Desired survivor size 57147392 bytes, new threshold 15 (max threshold 15)
[259.536s][debug][gc,alloc,region   ] GC(1425) Mutator Allocation stats, regions: 867, wasted size: 203M (23.4%)
[259.536s][debug][gc,ergo           ] GC(1425) Running G1 Merge Heap Roots using 8 workers for 871 regions
[259.536s][debug][gc,remset         ] GC(1425) Visited cards 256 Total dirty 2048 (12.50%) Total old 3608576 (0.01%)
[259.536s][debug][gc,ergo           ] GC(1425) Running G1 Clear Card Table Task using 2 workers for 2 units of work for 872 regions.
[259.536s][debug][gc,ref            ] GC(1425) Skipped phase1 of Reference Processing due to unavailable references
[259.536s][debug][gc,ref            ] GC(1425) Skipped phase2 of Reference Processing due to unavailable references
[259.536s][debug][gc,ref            ] GC(1425) Skipped phase3 of Reference Processing due to unavailable references
[259.536s][debug][gc,ref            ] GC(1425) Skipped phase4 of Reference Processing due to unavailable references
[259.537s][debug][gc,ergo           ] GC(1425) Running G1 Free Collection Set using 8 workers for collection set length 871 (1452)
[259.537s][debug][gc,ergo           ] GC(1425) Running G1 Rebuild Free List Task using 8 workers for rebuilding free list of 0 (4096) regions
[259.537s][trace][gc,age            ] GC(1425) Age table with threshold 15 (max threshold 15)
[259.537s][trace][gc,age            ] GC(1425) - age   1:    2802552 bytes,    2802552 total
[259.537s][debug][gc,plab           ] GC(1425) Young PLAB allocation: allocated: 16512B, wasted: 0B, unused: 14064B, used: 2448B, undo waste: 0B, 
[259.537s][debug][gc,plab           ] GC(1425) Young other allocation: region end waste: 731184B, regions filled: 4, direct allocated: 2800104B, failure used: 0B, failure wasted: 0B
[259.537s][debug][gc,plab           ] GC(1425) Young sizing: calculated: 0B, actual: 2064B
[259.537s][debug][gc,plab           ] GC(1425) Old PLAB allocation: allocated: 0B, wasted: 0B, unused: 0B, used: 0B, undo waste: 0B, 
[259.537s][debug][gc,plab           ] GC(1425) Old other allocation: region end waste: 0B, regions filled: 1, direct allocated: 0B, failure used: 0B, failure wasted: 0B
[259.537s][debug][gc,plab           ] GC(1425) Old sizing: calculated: 0B, actual: 2064B
[259.537s][debug][gc,ihop           ] GC(1425) Basic information (value update), threshold: 685139558B (45.00), target occupancy: 1522532352B, current occupancy: 22352024B, recent allocation size: 0B, recent allocation duration: 43.81ms, recent old gen allocation rate: 0.00B/s, recent marking phase length: 38.29ms
[259.537s][debug][gc,ihop           ] GC(1425) Adaptive IHOP information (value update), threshold: 685139558B (47.37), internal target occupancy: 1446405734B, occupancy: 22352024B, additional buffer size: 913309696B, predicted old gen allocation rate: 6.62B/s, predicted marking phase length: 76.58ms, prediction active: false
[259.537s][debug][gc,ergo,refine    ] GC(1425) Concurrent refinement times: Logged Cards Scan time goal: 20.00ms Logged Cards Scan time: 0.00ms HCC time: 0.00ms
[259.537s][debug][gc,ergo,refine    ] GC(1425) Updated Refinement Zones: green: 2048, yellow: 6144, red: 10240
[259.537s][info ][gc,phases         ] GC(1425)   Pre Evacuate Collection Set: 0.2ms
[259.537s][debug][gc,phases         ] GC(1425)     Prepare TLABs: 0.0ms
[259.537s][debug][gc,phases         ] GC(1425)     Choose Collection Set: 0.0ms
[259.537s][debug][gc,phases         ] GC(1425)     Region Register: 0.1ms
[259.537s][debug][gc,phases         ] GC(1425)     Prepare Heap Roots: 0.0ms
[259.537s][info ][gc,phases         ] GC(1425)   Merge Heap Roots: 0.1ms
[259.537s][debug][gc,phases         ] GC(1425)     Prepare Merge Heap Roots: 0.0ms
[259.537s][debug][gc,phases         ] GC(1425)     Eager Reclaim (ms):       skipped
[259.537s][debug][gc,phases         ] GC(1425)     Remembered Sets (ms):     Min:  0.0, Avg:  0.0, Max:  0.0, Diff:  0.0, Sum:  0.3, Workers: 8
[259.537s][debug][gc,phases         ] GC(1425)       Merged Sparse:            Min: 0, Avg:  0.0, Max: 0, Diff: 0, Sum: 0, Workers: 8
[259.537s][debug][gc,phases         ] GC(1425)       Merged Fine:              Min: 0, Avg:  0.0, Max: 0, Diff: 0, Sum: 0, Workers: 8
[259.537s][debug][gc,phases         ] GC(1425)       Merged Coarse:            Min: 0, Avg:  0.0, Max: 0, Diff: 0, Sum: 0, Workers: 8
[259.537s][debug][gc,phases         ] GC(1425)       Dirty Cards:              Min: 0, Avg:  0.0, Max: 0, Diff: 0, Sum: 0, Workers: 8
[259.537s][debug][gc,phases         ] GC(1425)     Hot Card Cache (ms):      Min:  0.0, Avg:  0.0, Max:  0.0, Diff:  0.0, Sum:  0.0, Workers: 8
[259.537s][debug][gc,phases         ] GC(1425)       Dirty Cards:              Min: 0, Avg:  0.0, Max: 0, Diff: 0, Sum: 0, Workers: 8
[259.537s][debug][gc,phases         ] GC(1425)       Skipped Cards:            Min: 0, Avg:  0.0, Max: 0, Diff: 0, Sum: 0, Workers: 8
[259.537s][debug][gc,phases         ] GC(1425)     Log Buffers (ms):         Min:  0.0, Avg:  0.0, Max:  0.0, Diff:  0.0, Sum:  0.0, Workers: 8
[259.537s][debug][gc,phases         ] GC(1425)       Dirty Cards:              Min: 0, Avg:  0.1, Max: 1, Diff: 1, Sum: 1, Workers: 8
[259.537s][debug][gc,phases         ] GC(1425)       Skipped Cards:            Min: 0, Avg:  0.0, Max: 0, Diff: 0, Sum: 0, Workers: 8
[259.537s][info ][gc,phases         ] GC(1425)   Evacuate Collection Set: 0.3ms
[259.537s][debug][gc,phases         ] GC(1425)     Ext Root Scanning (ms):   Min:  0.1, Avg:  0.2, Max:  0.3, Diff:  0.2, Sum:  1.4, Workers: 8
[259.537s][debug][gc,phases         ] GC(1425)     Scan Heap Roots (ms):     Min:  0.0, Avg:  0.0, Max:  0.0, Diff:  0.0, Sum:  0.0, Workers: 8
[259.537s][debug][gc,phases         ] GC(1425)       Scanned Cards:            Min: 0, Avg:  0.1, Max: 1, Diff: 1, Sum: 1, Workers: 8
[259.537s][debug][gc,phases         ] GC(1425)       Scanned Blocks:           Min: 0, Avg:  0.1, Max: 1, Diff: 1, Sum: 1, Workers: 8
[259.537s][debug][gc,phases         ] GC(1425)       Claimed Chunks:           Min: 0, Avg:  0.1, Max: 1, Diff: 1, Sum: 1, Workers: 8
[259.537s][debug][gc,phases         ] GC(1425)     Code Root Scan (ms):      Min:  0.0, Avg:  0.0, Max:  0.1, Diff:  0.1, Sum:  0.1, Workers: 8
[259.537s][debug][gc,phases         ] GC(1425)     Object Copy (ms):         Min:  0.0, Avg:  0.0, Max:  0.0, Diff:  0.0, Sum:  0.0, Workers: 8
[259.537s][debug][gc,phases         ] GC(1425)     Termination (ms):         Min:  0.0, Avg:  0.0, Max:  0.1, Diff:  0.1, Sum:  0.4, Workers: 8
[259.537s][debug][gc,phases         ] GC(1425)       Termination Attempts:     Min: 1, Avg:  1.0, Max: 1, Diff: 0, Sum: 8, Workers: 8
[259.537s][debug][gc,phases         ] GC(1425)     GC Worker Other (ms):     Min:  0.0, Avg:  0.0, Max:  0.1, Diff:  0.0, Sum:  0.2, Workers: 8
[259.537s][debug][gc,phases         ] GC(1425)     GC Worker Total (ms):     Min:  0.3, Avg:  0.3, Max:  0.3, Diff:  0.0, Sum:  2.2, Workers: 8
[259.537s][info ][gc,phases         ] GC(1425)   Post Evacuate Collection Set: 0.6ms
[259.537s][debug][gc,phases         ] GC(1425)     Code Roots Fixup: 0.0ms
[259.537s][debug][gc,phases         ] GC(1425)     Clear Card Table: 0.2ms
[259.537s][debug][gc,phases         ] GC(1425)     Reference Processing: 0.0ms
[259.537s][debug][gc,phases,ref     ] GC(1425)       Reconsider SoftReferences: 0.0ms
[259.537s][debug][gc,phases,ref     ] GC(1425)         SoftRef (ms):             skipped
[259.537s][debug][gc,phases,ref     ] GC(1425)       Notify Soft/WeakReferences: 0.0ms
[259.537s][debug][gc,phases,ref     ] GC(1425)         SoftRef (ms):             skipped
[259.537s][debug][gc,phases,ref     ] GC(1425)         WeakRef (ms):             skipped
[259.537s][debug][gc,phases,ref     ] GC(1425)         FinalRef (ms):            skipped
[259.537s][debug][gc,phases,ref     ] GC(1425)         Total (ms):               skipped
[259.537s][debug][gc,phases,ref     ] GC(1425)       Notify and keep alive finalizable: 0.0ms
[259.537s][debug][gc,phases,ref     ] GC(1425)         FinalRef (ms):            skipped
[259.537s][debug][gc,phases,ref     ] GC(1425)       Notify PhantomReferences: 0.0ms
[259.537s][debug][gc,phases,ref     ] GC(1425)         PhantomRef (ms):          skipped
[259.537s][debug][gc,phases,ref     ] GC(1425)       SoftReference:
[259.537s][debug][gc,phases,ref     ] GC(1425)         Discovered: 0
[259.537s][debug][gc,phases,ref     ] GC(1425)         Cleared: 0
[259.537s][debug][gc,phases,ref     ] GC(1425)       WeakReference:
[259.537s][debug][gc,phases,ref     ] GC(1425)         Discovered: 0
[259.537s][debug][gc,phases,ref     ] GC(1425)         Cleared: 0
[259.537s][debug][gc,phases,ref     ] GC(1425)       FinalReference:
[259.537s][debug][gc,phases,ref     ] GC(1425)         Discovered: 0
[259.537s][debug][gc,phases,ref     ] GC(1425)         Cleared: 0
[259.537s][debug][gc,phases,ref     ] GC(1425)       PhantomReference:
[259.537s][debug][gc,phases,ref     ] GC(1425)         Discovered: 0
[259.537s][debug][gc,phases,ref     ] GC(1425)         Cleared: 0
[259.537s][debug][gc,phases         ] GC(1425)     Weak Processing: 0.1ms
[259.537s][debug][gc,phases         ] GC(1425)       JVMTI weak processing: 0.0ms
[259.537s][debug][gc,phases         ] GC(1425)         Dead: 0
[259.537s][debug][gc,phases         ] GC(1425)         Total: 0
[259.537s][debug][gc,phases         ] GC(1425)       JFR weak processing: 0.0ms
[259.537s][debug][gc,phases         ] GC(1425)         Dead: 0
[259.537s][debug][gc,phases         ] GC(1425)         Total: 0
[259.537s][debug][gc,phases         ] GC(1425)       JNI weak                  Min:  0.0, Avg:  0.0, Max:  0.0, Diff:  0.0, Sum:  0.0, Workers: 5
[259.537s][debug][gc,phases         ] GC(1425)         Dead                      Min: 0, Avg:  0.0, Max: 0, Diff: 0, Sum: 0, Workers: 5
[259.537s][debug][gc,phases         ] GC(1425)         Total                     Min: 0, Avg: 21.8, Max: 109, Diff: 109, Sum: 109, Workers: 5
[259.537s][debug][gc,phases         ] GC(1425)       VM weak                   Min:  0.0, Avg:  0.0, Max:  0.0, Diff:  0.0, Sum:  0.0, Workers: 5
[259.537s][debug][gc,phases         ] GC(1425)         Dead                      Min: 0, Avg:  0.0, Max: 0, Diff: 0, Sum: 0, Workers: 5
[259.537s][debug][gc,phases         ] GC(1425)         Total                     Min: 0, Avg: 42.6, Max: 192, Diff: 192, Sum: 213, Workers: 5
[259.537s][debug][gc,phases         ] GC(1425)       StringTable weak          Min:  0.0, Avg:  0.0, Max:  0.0, Diff:  0.0, Sum:  0.0, Workers: 5
[259.537s][debug][gc,phases         ] GC(1425)         Dead                      Min: 0, Avg:  0.0, Max: 0, Diff: 0, Sum: 0, Workers: 5
[259.537s][debug][gc,phases         ] GC(1425)         Total                     Min: 0, Avg: 721.8, Max: 1498, Diff: 1498, Sum: 3609, Workers: 5
[259.537s][debug][gc,phases         ] GC(1425)       ResolvedMethodTable weak  Min:  0.0, Avg:  0.0, Max:  0.0, Diff:  0.0, Sum:  0.0, Workers: 5
[259.537s][debug][gc,phases         ] GC(1425)         Dead                      Min: 0, Avg:  0.0, Max: 0, Diff: 0, Sum: 0, Workers: 5
[259.537s][debug][gc,phases         ] GC(1425)         Total                     Min: 0, Avg: 114.8, Max: 192, Diff: 192, Sum: 574, Workers: 5
[259.538s][debug][gc,phases         ] GC(1425)     Merge Per-Thread State: 0.0ms
[259.538s][debug][gc,phases         ] GC(1425)       Copied Bytes              Min: 376, Avg: 350319.0, Max: 800096, Diff: 799720, Sum: 2802552, Workers: 8
[259.538s][debug][gc,phases         ] GC(1425)       LAB Waste                 Min: 0, Avg:  0.0, Max: 0, Diff: 0, Sum: 0, Workers: 8
[259.538s][debug][gc,phases         ] GC(1425)       LAB Undo Waste            Min: 0, Avg:  0.0, Max: 0, Diff: 0, Sum: 0, Workers: 8
[259.538s][debug][gc,phases         ] GC(1425)     Code Roots Purge: 0.0ms
[259.538s][debug][gc,phases         ] GC(1425)     Redirty Cards: 0.0ms
[259.538s][debug][gc,phases         ] GC(1425)     DerivedPointerTable Update: 0.0ms
[259.538s][debug][gc,phases         ] GC(1425)     Free Collection Set: 0.2ms
[259.538s][debug][gc,phases         ] GC(1425)     Rebuild Free List: 0.1ms
[259.538s][debug][gc,phases         ] GC(1425)     Humongous Reclaim: 0.0ms
[259.538s][debug][gc,phases         ] GC(1425)     Start New Collection Set: 0.0ms
[259.538s][debug][gc,phases         ] GC(1425)     Resize TLABs: 0.0ms
[259.538s][debug][gc,phases         ] GC(1425)     Expand Heap After Collection: 0.0ms
[259.538s][info ][gc,phases         ] GC(1425)   Other: 0.3ms
[259.538s][info ][gc,heap           ] GC(1425) Eden regions: 867->0(867)
[259.538s][info ][gc,heap           ] GC(1425) Survivor regions: 4->4(109)
[259.538s][info ][gc,heap           ] GC(1425) Old regions: 18->18
[259.538s][info ][gc,heap           ] GC(1425) Archive regions: 2->2
[259.538s][info ][gc,heap           ] GC(1425) Humongous regions: 0->0
[259.538s][info ][gc,metaspace      ] GC(1425) Metaspace: 10458K(11136K)->10458K(11136K) NonClass: 9309K(9728K)->9309K(9728K) Class: 1149K(1408K)->1149K(1408K)
[259.538s][debug][gc,heap           ] GC(1425) Heap after GC invocations=1426 (full 1): garbage-first heap   total 1486848K, used 21828K [0x0000000700000000, 0x0000000800000000)
[259.538s][debug][gc,heap           ] GC(1425)   region size 1024K, 4 young (4096K), 4 survivors (4096K)
[259.538s][debug][gc,heap           ] GC(1425)  Metaspace       used 10458K, capacity 10758K, committed 11136K, reserved 1058816K
[259.538s][debug][gc,heap           ] GC(1425)   class space    used 1149K, capacity 1267K, committed 1408K, reserved 1048576K
[259.538s][info ][gc                ] GC(1425) Pause Young (Normal) (G1 Evacuation Pause) 888M->21M(1452M) 2.060ms
[259.538s][info ][gc,cpu            ] GC(1425) User=0.01s Sys=0.00s Real=0.00s
[259.538s][info ][safepoint         ] Safepoint "G1CollectForAllocation", Time since last: 42693518 ns, Reaching safepoint: 166902 ns, At safepoint: 2229058 ns, Total: 2395960 ns
[259.582s][debug][gc,heap           ] GC(1426) Heap before GC invocations=1426 (full 1): garbage-first heap   total 1486848K, used 908612K [0x0000000700000000, 0x0000000800000000)
[259.582s][debug][gc,heap           ] GC(1426)   region size 1024K, 871 young (891904K), 4 survivors (4096K)
[259.582s][debug][gc,heap           ] GC(1426)  Metaspace       used 10458K, capacity 10758K, committed 11136K, reserved 1058816K
[259.582s][debug][gc,heap           ] GC(1426)   class space    used 1149K, capacity 1267K, committed 1408K, reserved 1048576K
[259.582s][info ][gc,start          ] GC(1426) Pause Young (Normal) (G1 Evacuation Pause)
[259.582s][info ][gc,task           ] GC(1426) Using 8 workers of 8 for evacuation
[259.582s][debug][gc,tlab           ] GC(1426) TLAB totals: thrds: 8  refills: 13 max: 3 slow allocs: 1727 max 237 waste: 27.5% gc: 977672B max: 227064B slow: 44104B max: 15096B fast: 0B max: 0B
[259.582s][debug][gc,age            ] GC(1426) Desired survivor size 57147392 bytes, new threshold 15 (max threshold 15)
[259.582s][debug][gc,alloc,region   ] GC(1426) Mutator Allocation stats, regions: 867, wasted size: 203M (23.4%)
[259.582s][debug][gc,ergo           ] GC(1426) Running G1 Merge Heap Roots using 8 workers for 871 regions
[259.583s][debug][gc,remset         ] GC(1426) Visited cards 256 Total dirty 2048 (12.50%) Total old 3608576 (0.01%)
[259.583s][debug][gc,ergo           ] GC(1426) Running G1 Clear Card Table Task using 2 workers for 2 units of work for 872 regions.
[259.583s][debug][gc,ref            ] GC(1426) Skipped phase1 of Reference Processing due to unavailable references
[259.583s][debug][gc,ref            ] GC(1426) Skipped phase2 of Reference Processing due to unavailable references
[259.583s][debug][gc,ref            ] GC(1426) Skipped phase3 of Reference Processing due to unavailable references
[259.583s][debug][gc,ref            ] GC(1426) Skipped phase4 of Reference Processing due to unavailable references
[259.583s][debug][gc,ergo           ] GC(1426) Running G1 Free Collection Set using 8 workers for collection set length 871 (1452)
[259.584s][debug][gc,ergo           ] GC(1426) Running G1 Rebuild Free List Task using 8 workers for rebuilding free list of 0 (4096) regions
[259.584s][trace][gc,age            ] GC(1426) Age table with threshold 15 (max threshold 15)
[259.584s][trace][gc,age            ] GC(1426) - age   1:    3602568 bytes,    3602568 total
[259.584s][debug][gc,plab           ] GC(1426) Young PLAB allocation: allocated: 16512B, wasted: 0B, unused: 14064B, used: 2448B, undo waste: 0B, 
[259.584s][debug][gc,plab           ] GC(1426) Young other allocation: region end waste: 979744B, regions filled: 5, direct allocated: 3600120B, failure used: 0B, failure wasted: 0B
[259.584s][debug][gc,plab           ] GC(1426) Young sizing: calculated: 0B, actual: 2064B
[259.584s][debug][gc,plab           ] GC(1426) Old PLAB allocation: allocated: 0B, wasted: 0B, unused: 0B, used: 0B, undo waste: 0B, 
[259.584s][debug][gc,plab           ] GC(1426) Old other allocation: region end waste: 0B, regions filled: 1, direct allocated: 0B, failure used: 0B, failure wasted: 0B
[259.584s][debug][gc,plab           ] GC(1426) Old sizing: calculated: 0B, actual: 2064B
[259.584s][debug][gc,ihop           ] GC(1426) Basic information (value update), threshold: 685139558B (45.00), target occupancy: 1522532352B, current occupancy: 23400600B, recent allocation size: 0B, recent allocation duration: 45.32ms, recent old gen allocation rate: 0.00B/s, recent marking phase length: 38.29ms
[259.584s][debug][gc,ihop           ] GC(1426) Adaptive IHOP information (value update), threshold: 685139558B (47.37), internal target occupancy: 1446405734B, occupancy: 23400600B, additional buffer size: 913309696B, predicted old gen allocation rate: 6.45B/s, predicted marking phase length: 76.58ms, prediction active: false
[259.584s][debug][gc,ergo,refine    ] GC(1426) Concurrent refinement times: Logged Cards Scan time goal: 20.00ms Logged Cards Scan time: 0.00ms HCC time: 0.00ms
[259.584s][debug][gc,ergo,refine    ] GC(1426) Updated Refinement Zones: green: 2048, yellow: 6144, red: 10240
[259.584s][info ][gc,phases         ] GC(1426)   Pre Evacuate Collection Set: 0.1ms
[259.584s][debug][gc,phases         ] GC(1426)     Prepare TLABs: 0.0ms
[259.584s][debug][gc,phases         ] GC(1426)     Choose Collection Set: 0.0ms
[259.584s][debug][gc,phases         ] GC(1426)     Region Register: 0.1ms
[259.584s][debug][gc,phases         ] GC(1426)     Prepare Heap Roots: 0.0ms
[259.584s][info ][gc,phases         ] GC(1426)   Merge Heap Roots: 0.1ms
[259.584s][debug][gc,phases         ] GC(1426)     Prepare Merge Heap Roots: 0.0ms
[259.584s][debug][gc,phases         ] GC(1426)     Eager Reclaim (ms):       skipped
[259.584s][debug][gc,phases         ] GC(1426)     Remembered Sets (ms):     Min:  0.0, Avg:  0.0, Max:  0.0, Diff:  0.0, Sum:  0.2, Workers: 8
[259.584s][debug][gc,phases         ] GC(1426)       Merged Sparse:            Min: 0, Avg:  0.0, Max: 0, Diff: 0, Sum: 0, Workers: 8
[259.584s][debug][gc,phases         ] GC(1426)       Merged Fine:              Min: 0, Avg:  0.0, Max: 0, Diff: 0, Sum: 0, Workers: 8
[259.584s][debug][gc,phases         ] GC(1426)       Merged Coarse:            Min: 0, Avg:  0.0, Max: 0, Diff: 0, Sum: 0, Workers: 8
[259.584s][debug][gc,phases         ] GC(1426)       Dirty Cards:              Min: 0, Avg:  0.0, Max: 0, Diff: 0, Sum: 0, Workers: 8
[259.584s][debug][gc,phases         ] GC(1426)     Hot Card Cache (ms):      Min:  0.0, Avg:  0.0, Max:  0.0, Diff:  0.0, Sum:  0.0, Workers: 8
[259.584s][debug][gc,phases         ] GC(1426)       Dirty Cards:              Min: 0, Avg:  0.0, Max: 0, Diff: 0, Sum: 0, Workers: 8
[259.584s][debug][gc,phases         ] GC(1426)       Skipped Cards:            Min: 0, Avg:  0.0, Max: 0, Diff: 0, Sum: 0, Workers: 8
[259.584s][debug][gc,phases         ] GC(1426)     Log Buffers (ms):         Min:  0.0, Avg:  0.0, Max:  0.0, Diff:  0.0, Sum:  0.0, Workers: 8
[259.584s][debug][gc,phases         ] GC(1426)       Dirty Cards:              Min: 0, Avg:  0.1, Max: 1, Diff: 1, Sum: 1, Workers: 8
[259.584s][debug][gc,phases         ] GC(1426)       Skipped Cards:            Min: 0, Avg:  0.0, Max: 0, Diff: 0, Sum: 0, Workers: 8
[259.584s][info ][gc,phases         ] GC(1426)   Evacuate Collection Set: 0.4ms
[259.584s][debug][gc,phases         ] GC(1426)     Ext Root Scanning (ms):   Min:  0.1, Avg:  0.2, Max:  0.4, Diff:  0.3, Sum:  1.8, Workers: 8
[259.584s][debug][gc,phases         ] GC(1426)     Scan Heap Roots (ms):     Min:  0.0, Avg:  0.0, Max:  0.0, Diff:  0.0, Sum:  0.0, Workers: 8
[259.584s][debug][gc,phases         ] GC(1426)       Scanned Cards:            Min: 0, Avg:  0.1, Max: 1, Diff: 1, Sum: 1, Workers: 8
[259.584s][debug][gc,phases         ] GC(1426)       Scanned Blocks:           Min: 0, Avg:  0.1, Max: 1, Diff: 1, Sum: 1, Workers: 8
[259.584s][debug][gc,phases         ] GC(1426)       Claimed Chunks:           Min: 0, Avg:  0.1, Max: 1, Diff: 1, Sum: 1, Workers: 8
[259.584s][debug][gc,phases         ] GC(1426)     Code Root Scan (ms):      Min:  0.0, Avg:  0.0, Max:  0.1, Diff:  0.1, Sum:  0.1, Workers: 8
[259.584s][debug][gc,phases         ] GC(1426)     Object Copy (ms):         Min:  0.0, Avg:  0.0, Max:  0.0, Diff:  0.0, Sum:  0.0, Workers: 8
[259.584s][debug][gc,phases         ] GC(1426)     Termination (ms):         Min:  0.0, Avg:  0.1, Max:  0.1, Diff:  0.1, Sum:  0.7, Workers: 8
[259.584s][debug][gc,phases         ] GC(1426)       Termination Attempts:     Min: 1, Avg:  1.4, Max: 3, Diff: 2, Sum: 11, Workers: 8
[259.584s][debug][gc,phases         ] GC(1426)     GC Worker Other (ms):     Min:  0.0, Avg:  0.0, Max:  0.1, Diff:  0.1, Sum:  0.3, Workers: 8
[259.584s][debug][gc,phases         ] GC(1426)     GC Worker Total (ms):     Min:  0.3, Avg:  0.4, Max:  0.4, Diff:  0.1, Sum:  2.9, Workers: 8
[259.584s][info ][gc,phases         ] GC(1426)   Post Evacuate Collection Set: 0.6ms
[259.584s][debug][gc,phases         ] GC(1426)     Code Roots Fixup: 0.0ms
[259.584s][debug][gc,phases         ] GC(1426)     Clear Card Table: 0.2ms
[259.584s][debug][gc,phases         ] GC(1426)     Reference Processing: 0.0ms
[259.584s][debug][gc,phases,ref     ] GC(1426)       Reconsider SoftReferences: 0.0ms
[259.584s][debug][gc,phases,ref     ] GC(1426)         SoftRef (ms):             skipped
[259.584s][debug][gc,phases,ref     ] GC(1426)       Notify Soft/WeakReferences: 0.0ms
[259.584s][debug][gc,phases,ref     ] GC(1426)         SoftRef (ms):             skipped
[259.584s][debug][gc,phases,ref     ] GC(1426)         WeakRef (ms):             skipped
[259.584s][debug][gc,phases,ref     ] GC(1426)         FinalRef (ms):            skipped
[259.584s][debug][gc,phases,ref     ] GC(1426)         Total (ms):               skipped
[259.584s][debug][gc,phases,ref     ] GC(1426)       Notify and keep alive finalizable: 0.0ms
[259.584s][debug][gc,phases,ref     ] GC(1426)         FinalRef (ms):            skipped
[259.584s][debug][gc,phases,ref     ] GC(1426)       Notify PhantomReferences: 0.0ms
[259.584s][debug][gc,phases,ref     ] GC(1426)         PhantomRef (ms):          skipped
[259.584s][debug][gc,phases,ref     ] GC(1426)       SoftReference:
[259.584s][debug][gc,phases,ref     ] GC(1426)         Discovered: 0
[259.584s][debug][gc,phases,ref     ] GC(1426)         Cleared: 0
[259.584s][debug][gc,phases,ref     ] GC(1426)       WeakReference:
[259.584s][debug][gc,phases,ref     ] GC(1426)         Discovered: 0
[259.584s][debug][gc,phases,ref     ] GC(1426)         Cleared: 0
[259.584s][debug][gc,phases,ref     ] GC(1426)       FinalReference:
[259.584s][debug][gc,phases,ref     ] GC(1426)         Discovered: 0
[259.584s][debug][gc,phases,ref     ] GC(1426)         Cleared: 0
[259.584s][debug][gc,phases,ref     ] GC(1426)       PhantomReference:
[259.584s][debug][gc,phases,ref     ] GC(1426)         Discovered: 0
[259.584s][debug][gc,phases,ref     ] GC(1426)         Cleared: 0
[259.584s][debug][gc,phases         ] GC(1426)     Weak Processing: 0.0ms
[259.584s][debug][gc,phases         ] GC(1426)       JVMTI weak processing: 0.0ms
[259.584s][debug][gc,phases         ] GC(1426)         Dead: 0
[259.584s][debug][gc,phases         ] GC(1426)         Total: 0
[259.584s][debug][gc,phases         ] GC(1426)       JFR weak processing: 0.0ms
[259.584s][debug][gc,phases         ] GC(1426)         Dead: 0
[259.584s][debug][gc,phases         ] GC(1426)         Total: 0
[259.584s][debug][gc,phases         ] GC(1426)       JNI weak                  Min:  0.0, Avg:  0.0, Max:  0.0, Diff:  0.0, Sum:  0.0, Workers: 5
[259.584s][debug][gc,phases         ] GC(1426)         Dead                      Min: 0, Avg:  0.0, Max: 0, Diff: 0, Sum: 0, Workers: 5
[259.584s][debug][gc,phases         ] GC(1426)         Total                     Min: 0, Avg: 21.8, Max: 109, Diff: 109, Sum: 109, Workers: 5
[259.584s][debug][gc,phases         ] GC(1426)       VM weak                   Min:  0.0, Avg:  0.0, Max:  0.0, Diff:  0.0, Sum:  0.0, Workers: 5
[259.584s][debug][gc,phases         ] GC(1426)         Dead                      Min: 0, Avg:  0.0, Max: 0, Diff: 0, Sum: 0, Workers: 5
[259.584s][debug][gc,phases         ] GC(1426)         Total                     Min: 0, Avg: 42.6, Max: 85, Diff: 85, Sum: 213, Workers: 5
[259.584s][debug][gc,phases         ] GC(1426)       StringTable weak          Min:  0.0, Avg:  0.0, Max:  0.0, Diff:  0.0, Sum:  0.0, Workers: 5
[259.584s][debug][gc,phases         ] GC(1426)         Dead                      Min: 0, Avg:  0.0, Max: 0, Diff: 0, Sum: 0, Workers: 5
[259.584s][debug][gc,phases         ] GC(1426)         Total                     Min: 0, Avg: 721.8, Max: 1536, Diff: 1536, Sum: 3609, Workers: 5
[259.584s][debug][gc,phases         ] GC(1426)       ResolvedMethodTable weak  Min:  0.0, Avg:  0.0, Max:  0.0, Diff:  0.0, Sum:  0.0, Workers: 5
[259.584s][debug][gc,phases         ] GC(1426)         Dead                      Min: 0, Avg:  0.0, Max: 0, Diff: 0, Sum: 0, Workers: 5
[259.584s][debug][gc,phases         ] GC(1426)         Total                     Min: 0, Avg: 114.8, Max: 256, Diff: 256, Sum: 574, Workers: 5
[259.584s][debug][gc,phases         ] GC(1426)     Merge Per-Thread State: 0.0ms
[259.584s][debug][gc,phases         ] GC(1426)       Copied Bytes              Min: 824, Avg: 450321.0, Max: 800320, Diff: 799496, Sum: 3602568, Workers: 8
[259.584s][debug][gc,phases         ] GC(1426)       LAB Waste                 Min: 0, Avg:  0.0, Max: 0, Diff: 0, Sum: 0, Workers: 8
[259.584s][debug][gc,phases         ] GC(1426)       LAB Undo Waste            Min: 0, Avg:  0.0, Max: 0, Diff: 0, Sum: 0, Workers: 8
[259.584s][debug][gc,phases         ] GC(1426)     Code Roots Purge: 0.0ms
[259.584s][debug][gc,phases         ] GC(1426)     Redirty Cards: 0.0ms
[259.584s][debug][gc,phases         ] GC(1426)     DerivedPointerTable Update: 0.0ms
[259.584s][debug][gc,phases         ] GC(1426)     Free Collection Set: 0.2ms
[259.584s][debug][gc,phases         ] GC(1426)     Rebuild Free List: 0.1ms
[259.584s][debug][gc,phases         ] GC(1426)     Humongous Reclaim: 0.0ms
[259.584s][debug][gc,phases         ] GC(1426)     Start New Collection Set: 0.0ms
[259.584s][debug][gc,phases         ] GC(1426)     Resize TLABs: 0.0ms
[259.584s][debug][gc,phases         ] GC(1426)     Expand Heap After Collection: 0.0ms
[259.584s][info ][gc,phases         ] GC(1426)   Other: 0.3ms
[259.584s][info ][gc,heap           ] GC(1426) Eden regions: 867->0(866)
[259.584s][info ][gc,heap           ] GC(1426) Survivor regions: 4->5(109)
[259.584s][info ][gc,heap           ] GC(1426) Old regions: 18->18
[259.584s][info ][gc,heap           ] GC(1426) Archive regions: 2->2
[259.584s][info ][gc,heap           ] GC(1426) Humongous regions: 0->0
[259.584s][info ][gc,metaspace      ] GC(1426) Metaspace: 10458K(11136K)->10458K(11136K) NonClass: 9309K(9728K)->9309K(9728K) Class: 1149K(1408K)->1149K(1408K)
[259.584s][debug][gc,heap           ] GC(1426) Heap after GC invocations=1427 (full 1): garbage-first heap   total 1486848K, used 22852K [0x0000000700000000, 0x0000000800000000)
[259.584s][debug][gc,heap           ] GC(1426)   region size 1024K, 5 young (5120K), 5 survivors (5120K)
[259.584s][debug][gc,heap           ] GC(1426)  Metaspace       used 10458K, capacity 10758K, committed 11136K, reserved 1058816K
[259.584s][debug][gc,heap           ] GC(1426)   class space    used 1149K, capacity 1267K, committed 1408K, reserved 1048576K
[259.584s][info ][gc                ] GC(1426) Pause Young (Normal) (G1 Evacuation Pause) 888M->22M(1452M) 2.207ms
[259.584s][info ][gc,cpu            ] GC(1426) User=0.00s Sys=0.00s Real=0.00s
[259.584s][info ][safepoint         ] Safepoint "G1CollectForAllocation", Time since last: 44222136 ns, Reaching safepoint: 165434 ns, At safepoint: 2373379 ns, Total: 2538813 ns
[259.629s][debug][gc,heap           ] GC(1427) Heap before GC invocations=1427 (full 1): garbage-first heap   total 1486848K, used 908612K [0x0000000700000000, 0x0000000800000000)
[259.629s][debug][gc,heap           ] GC(1427)   region size 1024K, 871 young (891904K), 5 survivors (5120K)
[259.629s][debug][gc,heap           ] GC(1427)  Metaspace       used 10458K, capacity 10758K, committed 11136K, reserved 1058816K
[259.629s][debug][gc,heap           ] GC(1427)   class space    used 1149K, capacity 1267K, committed 1408K, reserved 1048576K
[259.629s][info ][gc,start          ] GC(1427) Pause Young (Normal) (G1 Evacuation Pause)
[259.629s][info ][gc,task           ] GC(1427) Using 8 workers of 8 for evacuation
[259.629s][debug][gc,tlab           ] GC(1427) TLAB totals: thrds: 8  refills: 13 max: 2 slow allocs: 1725 max 238 waste: 29.0% gc: 1196824B max: 220752B slow: 69872B max: 14304B fast: 0B max: 0B
[259.629s][debug][gc,age            ] GC(1427) Desired survivor size 57147392 bytes, new threshold 15 (max threshold 15)
[259.629s][debug][gc,alloc,region   ] GC(1427) Mutator Allocation stats, regions: 866, wasted size: 202M (23.4%)
[259.629s][debug][gc,ergo           ] GC(1427) Running G1 Merge Heap Roots using 8 workers for 871 regions
[259.629s][debug][gc,remset         ] GC(1427) Visited cards 512 Total dirty 4096 (12.50%) Total old 3608576 (0.01%)
[259.630s][debug][gc,ergo           ] GC(1427) Running G1 Clear Card Table Task using 2 workers for 2 units of work for 873 regions.
[259.630s][debug][gc,ref            ] GC(1427) Skipped phase1 of Reference Processing due to unavailable references
[259.630s][debug][gc,ref            ] GC(1427) Skipped phase2 of Reference Processing due to unavailable references
[259.630s][debug][gc,ref            ] GC(1427) Skipped phase3 of Reference Processing due to unavailable references
[259.630s][debug][gc,ref            ] GC(1427) Skipped phase4 of Reference Processing due to unavailable references
[259.630s][debug][gc,ergo           ] GC(1427) Running G1 Free Collection Set using 8 workers for collection set length 871 (1452)
[259.630s][debug][gc,ergo           ] GC(1427) Running G1 Rebuild Free List Task using 8 workers for rebuilding free list of 0 (4096) regions
[259.630s][trace][gc,age            ] GC(1427) Age table with threshold 15 (max threshold 15)
[259.630s][trace][gc,age            ] GC(1427) - age   1:    4402592 bytes,    4402592 total
[259.630s][debug][gc,plab           ] GC(1427) Young PLAB allocation: allocated: 16512B, wasted: 0B, unused: 14064B, used: 2448B, undo waste: 0B, 
[259.630s][debug][gc,plab           ] GC(1427) Young other allocation: region end waste: 1230360B, regions filled: 6, direct allocated: 4400144B, failure used: 0B, failure wasted: 0B
[259.630s][debug][gc,plab           ] GC(1427) Young sizing: calculated: 0B, actual: 2064B
[259.630s][debug][gc,plab           ] GC(1427) Old PLAB allocation: allocated: 0B, wasted: 0B, unused: 0B, used: 0B, undo waste: 0B, 
[259.630s][debug][gc,plab           ] GC(1427) Old other allocation: region end waste: 0B, regions filled: 1, direct allocated: 0B, failure used: 0B, failure wasted: 0B
[259.630s][debug][gc,plab           ] GC(1427) Old sizing: calculated: 0B, actual: 2064B
[259.630s][debug][gc,ihop           ] GC(1427) Basic information (value update), threshold: 685139558B (45.00), target occupancy: 1522532352B, current occupancy: 24451240B, recent allocation size: 0B, recent allocation duration: 45.01ms, recent old gen allocation rate: 0.00B/s, recent marking phase length: 38.29ms
[259.630s][debug][gc,ihop           ] GC(1427) Adaptive IHOP information (value update), threshold: 685139558B (47.37), internal target occupancy: 1446405734B, occupancy: 24451240B, additional buffer size: 913309696B, predicted old gen allocation rate: 6.29B/s, predicted marking phase length: 76.58ms, prediction active: false
[259.630s][debug][gc,ergo,refine    ] GC(1427) Concurrent refinement times: Logged Cards Scan time goal: 20.00ms Logged Cards Scan time: 0.00ms HCC time: 0.00ms
[259.630s][debug][gc,ergo,refine    ] GC(1427) Updated Refinement Zones: green: 2048, yellow: 6144, red: 10240
[259.630s][info ][gc,phases         ] GC(1427)   Pre Evacuate Collection Set: 0.1ms
[259.630s][debug][gc,phases         ] GC(1427)     Prepare TLABs: 0.0ms
[259.630s][debug][gc,phases         ] GC(1427)     Choose Collection Set: 0.0ms
[259.630s][debug][gc,phases         ] GC(1427)     Region Register: 0.1ms
[259.630s][debug][gc,phases         ] GC(1427)     Prepare Heap Roots: 0.0ms
[259.630s][info ][gc,phases         ] GC(1427)   Merge Heap Roots: 0.1ms
[259.630s][debug][gc,phases         ] GC(1427)     Prepare Merge Heap Roots: 0.0ms
[259.630s][debug][gc,phases         ] GC(1427)     Eager Reclaim (ms):       skipped
[259.630s][debug][gc,phases         ] GC(1427)     Remembered Sets (ms):     Min:  0.0, Avg:  0.0, Max:  0.1, Diff:  0.0, Sum:  0.4, Workers: 8
[259.630s][debug][gc,phases         ] GC(1427)       Merged Sparse:            Min: 0, Avg:  0.0, Max: 0, Diff: 0, Sum: 0, Workers: 8
[259.630s][debug][gc,phases         ] GC(1427)       Merged Fine:              Min: 0, Avg:  0.0, Max: 0, Diff: 0, Sum: 0, Workers: 8
[259.630s][debug][gc,phases         ] GC(1427)       Merged Coarse:            Min: 0, Avg:  0.0, Max: 0, Diff: 0, Sum: 0, Workers: 8
[259.630s][debug][gc,phases         ] GC(1427)       Dirty Cards:              Min: 0, Avg:  0.0, Max: 0, Diff: 0, Sum: 0, Workers: 8
[259.630s][debug][gc,phases         ] GC(1427)     Hot Card Cache (ms):      Min:  0.0, Avg:  0.0, Max:  0.0, Diff:  0.0, Sum:  0.0, Workers: 8
[259.630s][debug][gc,phases         ] GC(1427)       Dirty Cards:              Min: 0, Avg:  0.0, Max: 0, Diff: 0, Sum: 0, Workers: 8
[259.630s][debug][gc,phases         ] GC(1427)       Skipped Cards:            Min: 0, Avg:  0.0, Max: 0, Diff: 0, Sum: 0, Workers: 8
[259.630s][debug][gc,phases         ] GC(1427)     Log Buffers (ms):         Min:  0.0, Avg:  0.0, Max:  0.0, Diff:  0.0, Sum:  0.0, Workers: 8
[259.630s][debug][gc,phases         ] GC(1427)       Dirty Cards:              Min: 0, Avg:  0.2, Max: 1, Diff: 1, Sum: 2, Workers: 8
[259.630s][debug][gc,phases         ] GC(1427)       Skipped Cards:            Min: 0, Avg:  0.0, Max: 0, Diff: 0, Sum: 0, Workers: 8
[259.630s][info ][gc,phases         ] GC(1427)   Evacuate Collection Set: 0.5ms
[259.630s][debug][gc,phases         ] GC(1427)     Ext Root Scanning (ms):   Min:  0.2, Avg:  0.3, Max:  0.4, Diff:  0.2, Sum:  2.3, Workers: 8
[259.630s][debug][gc,phases         ] GC(1427)     Scan Heap Roots (ms):     Min:  0.0, Avg:  0.0, Max:  0.0, Diff:  0.0, Sum:  0.0, Workers: 8
[259.630s][debug][gc,phases         ] GC(1427)       Scanned Cards:            Min: 0, Avg:  0.2, Max: 1, Diff: 1, Sum: 2, Workers: 8
[259.630s][debug][gc,phases         ] GC(1427)       Scanned Blocks:           Min: 0, Avg:  0.2, Max: 1, Diff: 1, Sum: 2, Workers: 8
[259.630s][debug][gc,phases         ] GC(1427)       Claimed Chunks:           Min: 0, Avg:  0.2, Max: 1, Diff: 1, Sum: 2, Workers: 8
[259.630s][debug][gc,phases         ] GC(1427)     Code Root Scan (ms):      Min:  0.0, Avg:  0.0, Max:  0.0, Diff:  0.0, Sum:  0.2, Workers: 8
[259.630s][debug][gc,phases         ] GC(1427)     Object Copy (ms):         Min:  0.0, Avg:  0.0, Max:  0.0, Diff:  0.0, Sum:  0.0, Workers: 8
[259.630s][debug][gc,phases         ] GC(1427)     Termination (ms):         Min:  0.0, Avg:  0.1, Max:  0.1, Diff:  0.1, Sum:  0.6, Workers: 8
[259.630s][debug][gc,phases         ] GC(1427)       Termination Attempts:     Min: 1, Avg:  1.2, Max: 2, Diff: 1, Sum: 10, Workers: 8
[259.630s][debug][gc,phases         ] GC(1427)     GC Worker Other (ms):     Min:  0.0, Avg:  0.0, Max:  0.1, Diff:  0.1, Sum:  0.3, Workers: 8
[259.630s][debug][gc,phases         ] GC(1427)     GC Worker Total (ms):     Min:  0.4, Avg:  0.4, Max:  0.5, Diff:  0.0, Sum:  3.4, Workers: 8
[259.630s][info ][gc,phases         ] GC(1427)   Post Evacuate Collection Set: 0.6ms
[259.630s][debug][gc,phases         ] GC(1427)     Code Roots Fixup: 0.0ms
[259.630s][debug][gc,phases         ] GC(1427)     Clear Card Table: 0.2ms
[259.631s][debug][gc,phases         ] GC(1427)     Reference Processing: 0.0ms
[259.631s][debug][gc,phases,ref     ] GC(1427)       Reconsider SoftReferences: 0.0ms
[259.631s][debug][gc,phases,ref     ] GC(1427)         SoftRef (ms):             skipped
[259.631s][debug][gc,phases,ref     ] GC(1427)       Notify Soft/WeakReferences: 0.0ms
[259.631s][debug][gc,phases,ref     ] GC(1427)         SoftRef (ms):             skipped
[259.631s][debug][gc,phases,ref     ] GC(1427)         WeakRef (ms):             skipped
[259.631s][debug][gc,phases,ref     ] GC(1427)         FinalRef (ms):            skipped
[259.631s][debug][gc,phases,ref     ] GC(1427)         Total (ms):               skipped
[259.631s][debug][gc,phases,ref     ] GC(1427)       Notify and keep alive finalizable: 0.0ms
[259.631s][debug][gc,phases,ref     ] GC(1427)         FinalRef (ms):            skipped
[259.631s][debug][gc,phases,ref     ] GC(1427)       Notify PhantomReferences: 0.0ms
[259.631s][debug][gc,phases,ref     ] GC(1427)         PhantomRef (ms):          skipped
[259.631s][debug][gc,phases,ref     ] GC(1427)       SoftReference:
[259.631s][debug][gc,phases,ref     ] GC(1427)         Discovered: 0
[259.631s][debug][gc,phases,ref     ] GC(1427)         Cleared: 0
[259.631s][debug][gc,phases,ref     ] GC(1427)       WeakReference:
[259.631s][debug][gc,phases,ref     ] GC(1427)         Discovered: 0
[259.631s][debug][gc,phases,ref     ] GC(1427)         Cleared: 0
[259.631s][debug][gc,phases,ref     ] GC(1427)       FinalReference:
[259.631s][debug][gc,phases,ref     ] GC(1427)         Discovered: 0
[259.631s][debug][gc,phases,ref     ] GC(1427)         Cleared: 0
[259.631s][debug][gc,phases,ref     ] GC(1427)       PhantomReference:
[259.631s][debug][gc,phases,ref     ] GC(1427)         Discovered: 0
[259.631s][debug][gc,phases,ref     ] GC(1427)         Cleared: 0
[259.631s][debug][gc,phases         ] GC(1427)     Weak Processing: 0.1ms
[259.631s][debug][gc,phases         ] GC(1427)       JVMTI weak processing: 0.0ms
[259.631s][debug][gc,phases         ] GC(1427)         Dead: 0
[259.631s][debug][gc,phases         ] GC(1427)         Total: 0
[259.631s][debug][gc,phases         ] GC(1427)       JFR weak processing: 0.0ms
[259.631s][debug][gc,phases         ] GC(1427)         Dead: 0
[259.631s][debug][gc,phases         ] GC(1427)         Total: 0
[259.631s][debug][gc,phases         ] GC(1427)       JNI weak                  Min:  0.0, Avg:  0.0, Max:  0.0, Diff:  0.0, Sum:  0.0, Workers: 5
[259.631s][debug][gc,phases         ] GC(1427)         Dead                      Min: 0, Avg:  0.0, Max: 0, Diff: 0, Sum: 0, Workers: 5
[259.631s][debug][gc,phases         ] GC(1427)         Total                     Min: 0, Avg: 21.8, Max: 109, Diff: 109, Sum: 109, Workers: 5
[259.631s][debug][gc,phases         ] GC(1427)       VM weak                   Min:  0.0, Avg:  0.0, Max:  0.0, Diff:  0.0, Sum:  0.0, Workers: 5
[259.631s][debug][gc,phases         ] GC(1427)         Dead                      Min: 0, Avg:  0.0, Max: 0, Diff: 0, Sum: 0, Workers: 5
[259.631s][debug][gc,phases         ] GC(1427)         Total                     Min: 0, Avg: 42.6, Max: 128, Diff: 128, Sum: 213, Workers: 5
[259.631s][debug][gc,phases         ] GC(1427)       StringTable weak          Min:  0.0, Avg:  0.0, Max:  0.0, Diff:  0.0, Sum:  0.1, Workers: 5
[259.631s][debug][gc,phases         ] GC(1427)         Dead                      Min: 0, Avg:  0.0, Max: 0, Diff: 0, Sum: 0, Workers: 5
[259.631s][debug][gc,phases         ] GC(1427)         Total                     Min: 0, Avg: 721.8, Max: 1024, Diff: 1024, Sum: 3609, Workers: 5
[259.631s][debug][gc,phases         ] GC(1427)       ResolvedMethodTable weak  Min:  0.0, Avg:  0.0, Max:  0.0, Diff:  0.0, Sum:  0.0, Workers: 5
[259.631s][debug][gc,phases         ] GC(1427)         Dead                      Min: 0, Avg:  0.0, Max: 0, Diff: 0, Sum: 0, Workers: 5
[259.631s][debug][gc,phases         ] GC(1427)         Total                     Min: 0, Avg: 114.8, Max: 190, Diff: 190, Sum: 574, Workers: 5
[259.631s][debug][gc,phases         ] GC(1427)     Merge Per-Thread State: 0.0ms
[259.631s][debug][gc,phases         ] GC(1427)       Copied Bytes              Min: 808, Avg: 550324.0, Max: 800176, Diff: 799368, Sum: 4402592, Workers: 8
[259.631s][debug][gc,phases         ] GC(1427)       LAB Waste                 Min: 0, Avg:  0.0, Max: 0, Diff: 0, Sum: 0, Workers: 8
[259.631s][debug][gc,phases         ] GC(1427)       LAB Undo Waste            Min: 0, Avg:  0.0, Max: 0, Diff: 0, Sum: 0, Workers: 8
[259.631s][debug][gc,phases         ] GC(1427)     Code Roots Purge: 0.0ms
[259.631s][debug][gc,phases         ] GC(1427)     Redirty Cards: 0.0ms
[259.631s][debug][gc,phases         ] GC(1427)     DerivedPointerTable Update: 0.0ms
[259.631s][debug][gc,phases         ] GC(1427)     Free Collection Set: 0.2ms
[259.631s][debug][gc,phases         ] GC(1427)     Rebuild Free List: 0.1ms
[259.631s][debug][gc,phases         ] GC(1427)     Humongous Reclaim: 0.0ms
[259.631s][debug][gc,phases         ] GC(1427)     Start New Collection Set: 0.0ms
[259.631s][debug][gc,phases         ] GC(1427)     Resize TLABs: 0.0ms
[259.631s][debug][gc,phases         ] GC(1427)     Expand Heap After Collection: 0.0ms
[259.631s][info ][gc,phases         ] GC(1427)   Other: 0.3ms
[259.631s][info ][gc,heap           ] GC(1427) Eden regions: 866->0(865)
[259.631s][info ][gc,heap           ] GC(1427) Survivor regions: 5->6(109)
[259.631s][info ][gc,heap           ] GC(1427) Old regions: 18->18
[259.631s][info ][gc,heap           ] GC(1427) Archive regions: 2->2
[259.631s][info ][gc,heap           ] GC(1427) Humongous regions: 0->0
[259.631s][info ][gc,metaspace      ] GC(1427) Metaspace: 10458K(11136K)->10458K(11136K) NonClass: 9309K(9728K)->9309K(9728K) Class: 1149K(1408K)->1149K(1408K)
[259.631s][debug][gc,heap           ] GC(1427) Heap after GC invocations=1428 (full 1): garbage-first heap   total 1486848K, used 23878K [0x0000000700000000, 0x0000000800000000)
[259.631s][debug][gc,heap           ] GC(1427)   region size 1024K, 6 young (6144K), 6 survivors (6144K)
[259.631s][debug][gc,heap           ] GC(1427)  Metaspace       used 10458K, capacity 10758K, committed 11136K, reserved 1058816K
[259.631s][debug][gc,heap           ] GC(1427)   class space    used 1149K, capacity 1267K, committed 1408K, reserved 1048576K
[259.631s][info ][gc                ] GC(1427) Pause Young (Normal) (G1 Evacuation Pause) 888M->23M(1452M) 2.347ms
[259.631s][info ][gc,cpu            ] GC(1427) User=0.00s Sys=0.00s Real=0.01s
[259.631s][info ][safepoint         ] Safepoint "G1CollectForAllocation", Time since last: 43919064 ns, Reaching safepoint: 136308 ns, At safepoint: 2525139 ns, Total: 2661447 ns
[259.674s][debug][gc,heap           ] GC(1428) Heap before GC invocations=1428 (full 1): garbage-first heap   total 1486848K, used 908614K [0x0000000700000000, 0x0000000800000000)
[259.674s][debug][gc,heap           ] GC(1428)   region size 1024K, 871 young (891904K), 6 survivors (6144K)
[259.674s][debug][gc,heap           ] GC(1428)  Metaspace       used 10458K, capacity 10758K, committed 11136K, reserved 1058816K
[259.674s][debug][gc,heap           ] GC(1428)   class space    used 1149K, capacity 1267K, committed 1408K, reserved 1048576K
[259.674s][info ][gc,start          ] GC(1428) Pause Young (Normal) (G1 Evacuation Pause)
[259.674s][info ][gc,task           ] GC(1428) Using 8 workers of 8 for evacuation
[259.674s][debug][gc,tlab           ] GC(1428) TLAB totals: thrds: 8  refills: 12 max: 2 slow allocs: 1726 max 240 waste: 24.7% gc: 962488B max: 216952B slow: 55104B max: 14304B fast: 0B max: 0B
[259.674s][debug][gc,age            ] GC(1428) Desired survivor size 57147392 bytes, new threshold 15 (max threshold 15)
[259.674s][debug][gc,alloc,region   ] GC(1428) Mutator Allocation stats, regions: 865, wasted size: 202M (23.4%)
[259.674s][debug][gc,ergo           ] GC(1428) Running G1 Merge Heap Roots using 8 workers for 871 regions
[259.674s][debug][gc,remset         ] GC(1428) Visited cards 256 Total dirty 2048 (12.50%) Total old 3608576 (0.01%)
[259.674s][debug][gc,ergo           ] GC(1428) Running G1 Clear Card Table Task using 2 workers for 2 units of work for 872 regions.
[259.675s][debug][gc,ref            ] GC(1428) Skipped phase1 of Reference Processing due to unavailable references
[259.675s][debug][gc,ref            ] GC(1428) Skipped phase2 of Reference Processing due to unavailable references
[259.675s][debug][gc,ref            ] GC(1428) Skipped phase3 of Reference Processing due to unavailable references
[259.675s][debug][gc,ref            ] GC(1428) Skipped phase4 of Reference Processing due to unavailable references
[259.675s][debug][gc,ergo           ] GC(1428) Running G1 Free Collection Set using 8 workers for collection set length 871 (1452)
[259.675s][debug][gc,ergo           ] GC(1428) Running G1 Rebuild Free List Task using 8 workers for rebuilding free list of 0 (4096) regions
[259.675s][trace][gc,age            ] GC(1428) Age table with threshold 15 (max threshold 15)
[259.675s][trace][gc,age            ] GC(1428) - age   1:    2802552 bytes,    2802552 total
[259.675s][debug][gc,plab           ] GC(1428) Young PLAB allocation: allocated: 16512B, wasted: 0B, unused: 14064B, used: 2448B, undo waste: 0B, 
[259.675s][debug][gc,plab           ] GC(1428) Young other allocation: region end waste: 731184B, regions filled: 4, direct allocated: 2800104B, failure used: 0B, failure wasted: 0B
[259.675s][debug][gc,plab           ] GC(1428) Young sizing: calculated: 0B, actual: 2064B
[259.675s][debug][gc,plab           ] GC(1428) Old PLAB allocation: allocated: 0B, wasted: 0B, unused: 0B, used: 0B, undo waste: 0B, 
[259.675s][debug][gc,plab           ] GC(1428) Old other allocation: region end waste: 0B, regions filled: 1, direct allocated: 0B, failure used: 0B, failure wasted: 0B
[259.675s][debug][gc,plab           ] GC(1428) Old sizing: calculated: 0B, actual: 2064B
[259.675s][debug][gc,ihop           ] GC(1428) Basic information (value update), threshold: 685139558B (45.00), target occupancy: 1522532352B, current occupancy: 22352024B, recent allocation size: 0B, recent allocation duration: 43.60ms, recent old gen allocation rate: 0.00B/s, recent marking phase length: 38.29ms
[259.675s][debug][gc,ihop           ] GC(1428) Adaptive IHOP information (value update), threshold: 685139558B (47.37), internal target occupancy: 1446405734B, occupancy: 22352024B, additional buffer size: 913309696B, predicted old gen allocation rate: 6.13B/s, predicted marking phase length: 76.58ms, prediction active: false
[259.675s][debug][gc,ergo,refine    ] GC(1428) Concurrent refinement times: Logged Cards Scan time goal: 20.00ms Logged Cards Scan time: 0.00ms HCC time: 0.00ms
[259.675s][debug][gc,ergo,refine    ] GC(1428) Updated Refinement Zones: green: 2048, yellow: 6144, red: 10240
[259.675s][info ][gc,phases         ] GC(1428)   Pre Evacuate Collection Set: 0.1ms
[259.675s][debug][gc,phases         ] GC(1428)     Prepare TLABs: 0.0ms
[259.675s][debug][gc,phases         ] GC(1428)     Choose Collection Set: 0.0ms
[259.675s][debug][gc,phases         ] GC(1428)     Region Register: 0.1ms
[259.675s][debug][gc,phases         ] GC(1428)     Prepare Heap Roots: 0.0ms
[259.675s][info ][gc,phases         ] GC(1428)   Merge Heap Roots: 0.1ms
[259.675s][debug][gc,phases         ] GC(1428)     Prepare Merge Heap Roots: 0.0ms
[259.675s][debug][gc,phases         ] GC(1428)     Eager Reclaim (ms):       skipped
[259.675s][debug][gc,phases         ] GC(1428)     Remembered Sets (ms):     Min:  0.0, Avg:  0.0, Max:  0.1, Diff:  0.0, Sum:  0.3, Workers: 8
[259.675s][debug][gc,phases         ] GC(1428)       Merged Sparse:            Min: 0, Avg:  0.0, Max: 0, Diff: 0, Sum: 0, Workers: 8
[259.675s][debug][gc,phases         ] GC(1428)       Merged Fine:              Min: 0, Avg:  0.0, Max: 0, Diff: 0, Sum: 0, Workers: 8
[259.675s][debug][gc,phases         ] GC(1428)       Merged Coarse:            Min: 0, Avg:  0.0, Max: 0, Diff: 0, Sum: 0, Workers: 8
[259.675s][debug][gc,phases         ] GC(1428)       Dirty Cards:              Min: 0, Avg:  0.0, Max: 0, Diff: 0, Sum: 0, Workers: 8
[259.675s][debug][gc,phases         ] GC(1428)     Hot Card Cache (ms):      Min:  0.0, Avg:  0.0, Max:  0.0, Diff:  0.0, Sum:  0.0, Workers: 8
[259.675s][debug][gc,phases         ] GC(1428)       Dirty Cards:              Min: 0, Avg:  0.0, Max: 0, Diff: 0, Sum: 0, Workers: 8
[259.675s][debug][gc,phases         ] GC(1428)       Skipped Cards:            Min: 0, Avg:  0.0, Max: 0, Diff: 0, Sum: 0, Workers: 8
[259.675s][debug][gc,phases         ] GC(1428)     Log Buffers (ms):         Min:  0.0, Avg:  0.0, Max:  0.0, Diff:  0.0, Sum:  0.0, Workers: 8
[259.675s][debug][gc,phases         ] GC(1428)       Dirty Cards:              Min: 0, Avg:  0.1, Max: 1, Diff: 1, Sum: 1, Workers: 8
[259.675s][debug][gc,phases         ] GC(1428)       Skipped Cards:            Min: 0, Avg:  0.0, Max: 0, Diff: 0, Sum: 0, Workers: 8
[259.675s][info ][gc,phases         ] GC(1428)   Evacuate Collection Set: 0.3ms
[259.675s][debug][gc,phases         ] GC(1428)     Ext Root Scanning (ms):   Min:  0.1, Avg:  0.2, Max:  0.3, Diff:  0.2, Sum:  1.4, Workers: 8
[259.675s][debug][gc,phases         ] GC(1428)     Scan Heap Roots (ms):     Min:  0.0, Avg:  0.0, Max:  0.0, Diff:  0.0, Sum:  0.0, Workers: 8
[259.675s][debug][gc,phases         ] GC(1428)       Scanned Cards:            Min: 0, Avg:  0.1, Max: 1, Diff: 1, Sum: 1, Workers: 8
[259.675s][debug][gc,phases         ] GC(1428)       Scanned Blocks:           Min: 0, Avg:  0.1, Max: 1, Diff: 1, Sum: 1, Workers: 8
[259.675s][debug][gc,phases         ] GC(1428)       Claimed Chunks:           Min: 0, Avg:  0.1, Max: 1, Diff: 1, Sum: 1, Workers: 8
[259.675s][debug][gc,phases         ] GC(1428)     Code Root Scan (ms):      Min:  0.0, Avg:  0.0, Max:  0.1, Diff:  0.1, Sum:  0.1, Workers: 8
[259.675s][debug][gc,phases         ] GC(1428)     Object Copy (ms):         Min:  0.0, Avg:  0.0, Max:  0.0, Diff:  0.0, Sum:  0.0, Workers: 8
[259.675s][debug][gc,phases         ] GC(1428)     Termination (ms):         Min:  0.0, Avg:  0.1, Max:  0.1, Diff:  0.1, Sum:  0.5, Workers: 8
[259.675s][debug][gc,phases         ] GC(1428)       Termination Attempts:     Min: 1, Avg:  1.1, Max: 2, Diff: 1, Sum: 9, Workers: 8
[259.675s][debug][gc,phases         ] GC(1428)     GC Worker Other (ms):     Min:  0.0, Avg:  0.0, Max:  0.1, Diff:  0.1, Sum:  0.3, Workers: 8
[259.675s][debug][gc,phases         ] GC(1428)     GC Worker Total (ms):     Min:  0.3, Avg:  0.3, Max:  0.3, Diff:  0.0, Sum:  2.4, Workers: 8
[259.675s][info ][gc,phases         ] GC(1428)   Post Evacuate Collection Set: 0.6ms
[259.675s][debug][gc,phases         ] GC(1428)     Code Roots Fixup: 0.0ms
[259.675s][debug][gc,phases         ] GC(1428)     Clear Card Table: 0.2ms
[259.675s][debug][gc,phases         ] GC(1428)     Reference Processing: 0.0ms
[259.675s][debug][gc,phases,ref     ] GC(1428)       Reconsider SoftReferences: 0.0ms
[259.676s][debug][gc,phases,ref     ] GC(1428)         SoftRef (ms):             skipped
[259.676s][debug][gc,phases,ref     ] GC(1428)       Notify Soft/WeakReferences: 0.0ms
[259.676s][debug][gc,phases,ref     ] GC(1428)         SoftRef (ms):             skipped
[259.676s][debug][gc,phases,ref     ] GC(1428)         WeakRef (ms):             skipped
[259.676s][debug][gc,phases,ref     ] GC(1428)         FinalRef (ms):            skipped
[259.676s][debug][gc,phases,ref     ] GC(1428)         Total (ms):               skipped
[259.676s][debug][gc,phases,ref     ] GC(1428)       Notify and keep alive finalizable: 0.0ms
[259.676s][debug][gc,phases,ref     ] GC(1428)         FinalRef (ms):            skipped
[259.676s][debug][gc,phases,ref     ] GC(1428)       Notify PhantomReferences: 0.0ms
[259.676s][debug][gc,phases,ref     ] GC(1428)         PhantomRef (ms):          skipped
[259.676s][debug][gc,phases,ref     ] GC(1428)       SoftReference:
[259.676s][debug][gc,phases,ref     ] GC(1428)         Discovered: 0
[259.676s][debug][gc,phases,ref     ] GC(1428)         Cleared: 0
[259.676s][debug][gc,phases,ref     ] GC(1428)       WeakReference:
[259.676s][debug][gc,phases,ref     ] GC(1428)         Discovered: 0
[259.676s][debug][gc,phases,ref     ] GC(1428)         Cleared: 0
[259.676s][debug][gc,phases,ref     ] GC(1428)       FinalReference:
[259.676s][debug][gc,phases,ref     ] GC(1428)         Discovered: 0
[259.676s][debug][gc,phases,ref     ] GC(1428)         Cleared: 0
[259.676s][debug][gc,phases,ref     ] GC(1428)       PhantomReference:
[259.676s][debug][gc,phases,ref     ] GC(1428)         Discovered: 0
[259.676s][debug][gc,phases,ref     ] GC(1428)         Cleared: 0
[259.676s][debug][gc,phases         ] GC(1428)     Weak Processing: 0.1ms
[259.676s][debug][gc,phases         ] GC(1428)       JVMTI weak processing: 0.0ms
[259.676s][debug][gc,phases         ] GC(1428)         Dead: 0
[259.676s][debug][gc,phases         ] GC(1428)         Total: 0
[259.676s][debug][gc,phases         ] GC(1428)       JFR weak processing: 0.0ms
[259.676s][debug][gc,phases         ] GC(1428)         Dead: 0
[259.676s][debug][gc,phases         ] GC(1428)         Total: 0
[259.676s][debug][gc,phases         ] GC(1428)       JNI weak                  Min:  0.0, Avg:  0.0, Max:  0.0, Diff:  0.0, Sum:  0.0, Workers: 5
[259.676s][debug][gc,phases         ] GC(1428)         Dead                      Min: 0, Avg:  0.0, Max: 0, Diff: 0, Sum: 0, Workers: 5
[259.676s][debug][gc,phases         ] GC(1428)         Total                     Min: 0, Avg: 21.8, Max: 64, Diff: 64, Sum: 109, Workers: 5
[259.676s][debug][gc,phases         ] GC(1428)       VM weak                   Min:  0.0, Avg:  0.0, Max:  0.0, Diff:  0.0, Sum:  0.0, Workers: 5
[259.676s][debug][gc,phases         ] GC(1428)         Dead                      Min: 0, Avg:  0.0, Max: 0, Diff: 0, Sum: 0, Workers: 5
[259.676s][debug][gc,phases         ] GC(1428)         Total                     Min: 0, Avg: 42.6, Max: 149, Diff: 149, Sum: 213, Workers: 5
[259.676s][debug][gc,phases         ] GC(1428)       StringTable weak          Min:  0.0, Avg:  0.0, Max:  0.0, Diff:  0.0, Sum:  0.0, Workers: 5
[259.676s][debug][gc,phases         ] GC(1428)         Dead                      Min: 0, Avg:  0.0, Max: 0, Diff: 0, Sum: 0, Workers: 5
[259.676s][debug][gc,phases         ] GC(1428)         Total                     Min: 0, Avg: 721.8, Max: 2047, Diff: 2047, Sum: 3609, Workers: 5
[259.676s][debug][gc,phases         ] GC(1428)       ResolvedMethodTable weak  Min:  0.0, Avg:  0.0, Max:  0.0, Diff:  0.0, Sum:  0.0, Workers: 5
[259.676s][debug][gc,phases         ] GC(1428)         Dead                      Min: 0, Avg:  0.0, Max: 0, Diff: 0, Sum: 0, Workers: 5
[259.676s][debug][gc,phases         ] GC(1428)         Total                     Min: 0, Avg: 114.8, Max: 320, Diff: 320, Sum: 574, Workers: 5
[259.676s][debug][gc,phases         ] GC(1428)     Merge Per-Thread State: 0.0ms
[259.676s][debug][gc,phases         ] GC(1428)       Copied Bytes              Min: 456, Avg: 350319.0, Max: 800096, Diff: 799640, Sum: 2802552, Workers: 8
[259.676s][debug][gc,phases         ] GC(1428)       LAB Waste                 Min: 0, Avg:  0.0, Max: 0, Diff: 0, Sum: 0, Workers: 8
[259.676s][debug][gc,phases         ] GC(1428)       LAB Undo Waste            Min: 0, Avg:  0.0, Max: 0, Diff: 0, Sum: 0, Workers: 8
[259.676s][debug][gc,phases         ] GC(1428)     Code Roots Purge: 0.0ms
[259.676s][debug][gc,phases         ] GC(1428)     Redirty Cards: 0.0ms
[259.676s][debug][gc,phases         ] GC(1428)     DerivedPointerTable Update: 0.0ms
[259.676s][debug][gc,phases         ] GC(1428)     Free Collection Set: 0.2ms
[259.676s][debug][gc,phases         ] GC(1428)     Rebuild Free List: 0.1ms
[259.676s][debug][gc,phases         ] GC(1428)     Humongous Reclaim: 0.0ms
[259.676s][debug][gc,phases         ] GC(1428)     Start New Collection Set: 0.0ms
[259.676s][debug][gc,phases         ] GC(1428)     Resize TLABs: 0.0ms
[259.676s][debug][gc,phases         ] GC(1428)     Expand Heap After Collection: 0.0ms
[259.676s][info ][gc,phases         ] GC(1428)   Other: 0.4ms
[259.676s][info ][gc,heap           ] GC(1428) Eden regions: 865->0(867)
[259.676s][info ][gc,heap           ] GC(1428) Survivor regions: 6->4(109)
[259.676s][info ][gc,heap           ] GC(1428) Old regions: 18->18
[259.676s][info ][gc,heap           ] GC(1428) Archive regions: 2->2
[259.676s][info ][gc,heap           ] GC(1428) Humongous regions: 0->0
[259.676s][info ][gc,metaspace      ] GC(1428) Metaspace: 10458K(11136K)->10458K(11136K) NonClass: 9309K(9728K)->9309K(9728K) Class: 1149K(1408K)->1149K(1408K)
[259.676s][debug][gc,heap           ] GC(1428) Heap after GC invocations=1429 (full 1): garbage-first heap   total 1486848K, used 21828K [0x0000000700000000, 0x0000000800000000)
[259.676s][debug][gc,heap           ] GC(1428)   region size 1024K, 4 young (4096K), 4 survivors (4096K)
[259.676s][debug][gc,heap           ] GC(1428)  Metaspace       used 10458K, capacity 10758K, committed 11136K, reserved 1058816K
[259.676s][debug][gc,heap           ] GC(1428)   class space    used 1149K, capacity 1267K, committed 1408K, reserved 1048576K
[259.676s][info ][gc                ] GC(1428) Pause Young (Normal) (G1 Evacuation Pause) 888M->21M(1452M) 2.231ms
[259.676s][info ][gc,cpu            ] GC(1428) User=0.00s Sys=0.00s Real=0.00s
[259.676s][info ][safepoint         ] Safepoint "G1CollectForAllocation", Time since last: 42378800 ns, Reaching safepoint: 191689 ns, At safepoint: 2388544 ns, Total: 2580233 ns
[259.719s][debug][gc,heap           ] GC(1429) Heap before GC invocations=1429 (full 1): garbage-first heap   total 1486848K, used 908612K [0x0000000700000000, 0x0000000800000000)
[259.719s][debug][gc,heap           ] GC(1429)   region size 1024K, 871 young (891904K), 4 survivors (4096K)
[259.719s][debug][gc,heap           ] GC(1429)  Metaspace       used 10458K, capacity 10758K, committed 11136K, reserved 1058816K
[259.719s][debug][gc,heap           ] GC(1429)   class space    used 1149K, capacity 1267K, committed 1408K, reserved 1048576K
[259.719s][info ][gc,start          ] GC(1429) Pause Young (Normal) (G1 Evacuation Pause)
[259.719s][info ][gc,task           ] GC(1429) Using 8 workers of 8 for evacuation
[259.719s][debug][gc,tlab           ] GC(1429) TLAB totals: thrds: 8  refills: 12 max: 2 slow allocs: 1725 max 232 waste: 24.8% gc: 962032B max: 242632B slow: 55960B max: 14304B fast: 0B max: 0B
[259.719s][debug][gc,age            ] GC(1429) Desired survivor size 57147392 bytes, new threshold 15 (max threshold 15)
[259.719s][debug][gc,alloc,region   ] GC(1429) Mutator Allocation stats, regions: 867, wasted size: 203M (23.4%)
[259.719s][debug][gc,ergo           ] GC(1429) Running G1 Merge Heap Roots using 8 workers for 871 regions
[259.719s][debug][gc,remset         ] GC(1429) Visited cards 512 Total dirty 4096 (12.50%) Total old 3608576 (0.01%)
[259.720s][debug][gc,ergo           ] GC(1429) Running G1 Clear Card Table Task using 2 workers for 2 units of work for 873 regions.
[259.720s][debug][gc,ref            ] GC(1429) Skipped phase1 of Reference Processing due to unavailable references
[259.720s][debug][gc,ref            ] GC(1429) Skipped phase2 of Reference Processing due to unavailable references
[259.720s][debug][gc,ref            ] GC(1429) Skipped phase3 of Reference Processing due to unavailable references
[259.720s][debug][gc,ref            ] GC(1429) Skipped phase4 of Reference Processing due to unavailable references
[259.720s][debug][gc,ergo           ] GC(1429) Running G1 Free Collection Set using 8 workers for collection set length 871 (1452)
[259.720s][debug][gc,ergo           ] GC(1429) Running G1 Rebuild Free List Task using 8 workers for rebuilding free list of 0 (4096) regions
[259.720s][trace][gc,age            ] GC(1429) Age table with threshold 15 (max threshold 15)
[259.720s][trace][gc,age            ] GC(1429) - age   1:    2802544 bytes,    2802544 total
[259.720s][debug][gc,plab           ] GC(1429) Young PLAB allocation: allocated: 16512B, wasted: 0B, unused: 14064B, used: 2448B, undo waste: 0B, 
[259.720s][debug][gc,plab           ] GC(1429) Young other allocation: region end waste: 733256B, regions filled: 4, direct allocated: 2800096B, failure used: 0B, failure wasted: 0B
[259.720s][debug][gc,plab           ] GC(1429) Young sizing: calculated: 0B, actual: 2064B
[259.720s][debug][gc,plab           ] GC(1429) Old PLAB allocation: allocated: 0B, wasted: 0B, unused: 0B, used: 0B, undo waste: 0B, 
[259.720s][debug][gc,plab           ] GC(1429) Old other allocation: region end waste: 0B, regions filled: 1, direct allocated: 0B, failure used: 0B, failure wasted: 0B
[259.720s][debug][gc,plab           ] GC(1429) Old sizing: calculated: 0B, actual: 2064B
[259.720s][debug][gc,ihop           ] GC(1429) Basic information (value update), threshold: 685139558B (45.00), target occupancy: 1522532352B, current occupancy: 22354088B, recent allocation size: 0B, recent allocation duration: 43.94ms, recent old gen allocation rate: 0.00B/s, recent marking phase length: 38.29ms
[259.720s][debug][gc,ihop           ] GC(1429) Adaptive IHOP information (value update), threshold: 685139558B (47.37), internal target occupancy: 1446405734B, occupancy: 22354088B, additional buffer size: 913309696B, predicted old gen allocation rate: 5.98B/s, predicted marking phase length: 76.58ms, prediction active: false
[259.720s][debug][gc,ergo,refine    ] GC(1429) Concurrent refinement times: Logged Cards Scan time goal: 20.00ms Logged Cards Scan time: 0.01ms HCC time: 0.00ms
[259.720s][debug][gc,ergo,refine    ] GC(1429) Updated Refinement Zones: green: 2048, yellow: 6144, red: 10240
[259.720s][info ][gc,phases         ] GC(1429)   Pre Evacuate Collection Set: 0.1ms
[259.720s][debug][gc,phases         ] GC(1429)     Prepare TLABs: 0.0ms
[259.720s][debug][gc,phases         ] GC(1429)     Choose Collection Set: 0.0ms
[259.720s][debug][gc,phases         ] GC(1429)     Region Register: 0.1ms
[259.720s][debug][gc,phases         ] GC(1429)     Prepare Heap Roots: 0.0ms
[259.720s][info ][gc,phases         ] GC(1429)   Merge Heap Roots: 0.1ms
[259.720s][debug][gc,phases         ] GC(1429)     Prepare Merge Heap Roots: 0.0ms
[259.720s][debug][gc,phases         ] GC(1429)     Eager Reclaim (ms):       skipped
[259.720s][debug][gc,phases         ] GC(1429)     Remembered Sets (ms):     Min:  0.0, Avg:  0.0, Max:  0.0, Diff:  0.0, Sum:  0.3, Workers: 8
[259.721s][debug][gc,phases         ] GC(1429)       Merged Sparse:            Min: 0, Avg:  0.0, Max: 0, Diff: 0, Sum: 0, Workers: 8
[259.721s][debug][gc,phases         ] GC(1429)       Merged Fine:              Min: 0, Avg:  0.0, Max: 0, Diff: 0, Sum: 0, Workers: 8
[259.721s][debug][gc,phases         ] GC(1429)       Merged Coarse:            Min: 0, Avg:  0.0, Max: 0, Diff: 0, Sum: 0, Workers: 8
[259.721s][debug][gc,phases         ] GC(1429)       Dirty Cards:              Min: 0, Avg:  0.0, Max: 0, Diff: 0, Sum: 0, Workers: 8
[259.721s][debug][gc,phases         ] GC(1429)     Hot Card Cache (ms):      Min:  0.0, Avg:  0.0, Max:  0.0, Diff:  0.0, Sum:  0.0, Workers: 8
[259.721s][debug][gc,phases         ] GC(1429)       Dirty Cards:              Min: 0, Avg:  0.0, Max: 0, Diff: 0, Sum: 0, Workers: 8
[259.721s][debug][gc,phases         ] GC(1429)       Skipped Cards:            Min: 0, Avg:  0.0, Max: 0, Diff: 0, Sum: 0, Workers: 8
[259.721s][debug][gc,phases         ] GC(1429)     Log Buffers (ms):         Min:  0.0, Avg:  0.0, Max:  0.0, Diff:  0.0, Sum:  0.0, Workers: 8
[259.721s][debug][gc,phases         ] GC(1429)       Dirty Cards:              Min: 0, Avg:  0.2, Max: 1, Diff: 1, Sum: 2, Workers: 8
[259.721s][debug][gc,phases         ] GC(1429)       Skipped Cards:            Min: 0, Avg:  0.0, Max: 0, Diff: 0, Sum: 0, Workers: 8
[259.721s][info ][gc,phases         ] GC(1429)   Evacuate Collection Set: 0.3ms
[259.721s][debug][gc,phases         ] GC(1429)     Ext Root Scanning (ms):   Min:  0.0, Avg:  0.2, Max:  0.3, Diff:  0.2, Sum:  1.3, Workers: 8
[259.721s][debug][gc,phases         ] GC(1429)     Scan Heap Roots (ms):     Min:  0.0, Avg:  0.0, Max:  0.0, Diff:  0.0, Sum:  0.0, Workers: 8
[259.721s][debug][gc,phases         ] GC(1429)       Scanned Cards:            Min: 0, Avg:  0.2, Max: 1, Diff: 1, Sum: 2, Workers: 8
[259.721s][debug][gc,phases         ] GC(1429)       Scanned Blocks:           Min: 0, Avg:  0.2, Max: 1, Diff: 1, Sum: 2, Workers: 8
[259.721s][debug][gc,phases         ] GC(1429)       Claimed Chunks:           Min: 0, Avg:  0.2, Max: 1, Diff: 1, Sum: 2, Workers: 8
[259.721s][debug][gc,phases         ] GC(1429)     Code Root Scan (ms):      Min:  0.0, Avg:  0.0, Max:  0.1, Diff:  0.1, Sum:  0.2, Workers: 8
[259.721s][debug][gc,phases         ] GC(1429)     Object Copy (ms):         Min:  0.0, Avg:  0.0, Max:  0.0, Diff:  0.0, Sum:  0.1, Workers: 8
[259.721s][debug][gc,phases         ] GC(1429)     Termination (ms):         Min:  0.0, Avg:  0.1, Max:  0.1, Diff:  0.1, Sum:  0.6, Workers: 8
[259.721s][debug][gc,phases         ] GC(1429)       Termination Attempts:     Min: 1, Avg:  1.5, Max: 2, Diff: 1, Sum: 12, Workers: 8
[259.721s][debug][gc,phases         ] GC(1429)     GC Worker Other (ms):     Min:  0.0, Avg:  0.0, Max:  0.1, Diff:  0.1, Sum:  0.4, Workers: 8
[259.721s][debug][gc,phases         ] GC(1429)     GC Worker Total (ms):     Min:  0.3, Avg:  0.3, Max:  0.3, Diff:  0.0, Sum:  2.5, Workers: 8
[259.721s][info ][gc,phases         ] GC(1429)   Post Evacuate Collection Set: 0.5ms
[259.721s][debug][gc,phases         ] GC(1429)     Code Roots Fixup: 0.0ms
[259.721s][debug][gc,phases         ] GC(1429)     Clear Card Table: 0.2ms
[259.721s][debug][gc,phases         ] GC(1429)     Reference Processing: 0.0ms
[259.721s][debug][gc,phases,ref     ] GC(1429)       Reconsider SoftReferences: 0.0ms
[259.721s][debug][gc,phases,ref     ] GC(1429)         SoftRef (ms):             skipped
[259.721s][debug][gc,phases,ref     ] GC(1429)       Notify Soft/WeakReferences: 0.0ms
[259.721s][debug][gc,phases,ref     ] GC(1429)         SoftRef (ms):             skipped
[259.721s][debug][gc,phases,ref     ] GC(1429)         WeakRef (ms):             skipped
[259.721s][debug][gc,phases,ref     ] GC(1429)         FinalRef (ms):            skipped
[259.721s][debug][gc,phases,ref     ] GC(1429)         Total (ms):               skipped
[259.721s][debug][gc,phases,ref     ] GC(1429)       Notify and keep alive finalizable: 0.0ms
[259.721s][debug][gc,phases,ref     ] GC(1429)         FinalRef (ms):            skipped
[259.721s][debug][gc,phases,ref     ] GC(1429)       Notify PhantomReferences: 0.0ms
[259.721s][debug][gc,phases,ref     ] GC(1429)         PhantomRef (ms):          skipped
[259.721s][debug][gc,phases,ref     ] GC(1429)       SoftReference:
[259.721s][debug][gc,phases,ref     ] GC(1429)         Discovered: 0
[259.721s][debug][gc,phases,ref     ] GC(1429)         Cleared: 0
[259.721s][debug][gc,phases,ref     ] GC(1429)       WeakReference:
[259.721s][debug][gc,phases,ref     ] GC(1429)         Discovered: 0
[259.721s][debug][gc,phases,ref     ] GC(1429)         Cleared: 0
[259.721s][debug][gc,phases,ref     ] GC(1429)       FinalReference:
[259.721s][debug][gc,phases,ref     ] GC(1429)         Discovered: 0
[259.721s][debug][gc,phases,ref     ] GC(1429)         Cleared: 0
[259.721s][debug][gc,phases,ref     ] GC(1429)       PhantomReference:
[259.721s][debug][gc,phases,ref     ] GC(1429)         Discovered: 0
[259.721s][debug][gc,phases,ref     ] GC(1429)         Cleared: 0
[259.721s][debug][gc,phases         ] GC(1429)     Weak Processing: 0.0ms
[259.721s][debug][gc,phases         ] GC(1429)       JVMTI weak processing: 0.0ms
[259.721s][debug][gc,phases         ] GC(1429)         Dead: 0
[259.721s][debug][gc,phases         ] GC(1429)         Total: 0
[259.721s][debug][gc,phases         ] GC(1429)       JFR weak processing: 0.0ms
[259.721s][debug][gc,phases         ] GC(1429)         Dead: 0
[259.721s][debug][gc,phases         ] GC(1429)         Total: 0
[259.721s][debug][gc,phases         ] GC(1429)       JNI weak                  Min:  0.0, Avg:  0.0, Max:  0.0, Diff:  0.0, Sum:  0.0, Workers: 5
[259.721s][debug][gc,phases         ] GC(1429)         Dead                      Min: 0, Avg:  0.0, Max: 0, Diff: 0, Sum: 0, Workers: 5
[259.721s][debug][gc,phases         ] GC(1429)         Total                     Min: 0, Avg: 21.8, Max: 64, Diff: 64, Sum: 109, Workers: 5
[259.721s][debug][gc,phases         ] GC(1429)       VM weak                   Min:  0.0, Avg:  0.0, Max:  0.0, Diff:  0.0, Sum:  0.0, Workers: 5
[259.721s][debug][gc,phases         ] GC(1429)         Dead                      Min: 0, Avg:  0.0, Max: 0, Diff: 0, Sum: 0, Workers: 5
[259.721s][debug][gc,phases         ] GC(1429)         Total                     Min: 0, Avg: 42.6, Max: 64, Diff: 64, Sum: 213, Workers: 5
[259.721s][debug][gc,phases         ] GC(1429)       StringTable weak          Min:  0.0, Avg:  0.0, Max:  0.0, Diff:  0.0, Sum:  0.1, Workers: 5
[259.721s][debug][gc,phases         ] GC(1429)         Dead                      Min: 0, Avg:  0.0, Max: 0, Diff: 0, Sum: 0, Workers: 5
[259.721s][debug][gc,phases         ] GC(1429)         Total                     Min: 0, Avg: 721.8, Max: 960, Diff: 960, Sum: 3609, Workers: 5
[259.721s][debug][gc,phases         ] GC(1429)       ResolvedMethodTable weak  Min:  0.0, Avg:  0.0, Max:  0.0, Diff:  0.0, Sum:  0.0, Workers: 5
[259.721s][debug][gc,phases         ] GC(1429)         Dead                      Min: 0, Avg:  0.0, Max: 0, Diff: 0, Sum: 0, Workers: 5
[259.721s][debug][gc,phases         ] GC(1429)         Total                     Min: 0, Avg: 114.8, Max: 192, Diff: 192, Sum: 574, Workers: 5
[259.721s][debug][gc,phases         ] GC(1429)     Merge Per-Thread State: 0.0ms
[259.721s][debug][gc,phases         ] GC(1429)       Copied Bytes              Min: 312, Avg: 350318.0, Max: 800096, Diff: 799784, Sum: 2802544, Workers: 8
[259.721s][debug][gc,phases         ] GC(1429)       LAB Waste                 Min: 0, Avg:  0.0, Max: 0, Diff: 0, Sum: 0, Workers: 8
[259.721s][debug][gc,phases         ] GC(1429)       LAB Undo Waste            Min: 0, Avg:  0.0, Max: 0, Diff: 0, Sum: 0, Workers: 8
[259.721s][debug][gc,phases         ] GC(1429)     Code Roots Purge: 0.0ms
[259.721s][debug][gc,phases         ] GC(1429)     Redirty Cards: 0.0ms
[259.721s][debug][gc,phases         ] GC(1429)     DerivedPointerTable Update: 0.0ms
[259.721s][debug][gc,phases         ] GC(1429)     Free Collection Set: 0.2ms
[259.721s][debug][gc,phases         ] GC(1429)     Rebuild Free List: 0.1ms
[259.721s][debug][gc,phases         ] GC(1429)     Humongous Reclaim: 0.0ms
[259.721s][debug][gc,phases         ] GC(1429)     Start New Collection Set: 0.0ms
[259.721s][debug][gc,phases         ] GC(1429)     Resize TLABs: 0.0ms
[259.721s][debug][gc,phases         ] GC(1429)     Expand Heap After Collection: 0.0ms
[259.721s][info ][gc,phases         ] GC(1429)   Other: 0.3ms
[259.721s][info ][gc,heap           ] GC(1429) Eden regions: 867->0(867)
[259.721s][info ][gc,heap           ] GC(1429) Survivor regions: 4->4(109)
[259.721s][info ][gc,heap           ] GC(1429) Old regions: 18->18
[259.721s][info ][gc,heap           ] GC(1429) Archive regions: 2->2
[259.721s][info ][gc,heap           ] GC(1429) Humongous regions: 0->0
[259.721s][info ][gc,metaspace      ] GC(1429) Metaspace: 10458K(11136K)->10458K(11136K) NonClass: 9309K(9728K)->9309K(9728K) Class: 1149K(1408K)->1149K(1408K)
[259.721s][debug][gc,heap           ] GC(1429) Heap after GC invocations=1430 (full 1): garbage-first heap   total 1486848K, used 21830K [0x0000000700000000, 0x0000000800000000)
[259.721s][debug][gc,heap           ] GC(1429)   region size 1024K, 4 young (4096K), 4 survivors (4096K)
[259.721s][debug][gc,heap           ] GC(1429)  Metaspace       used 10458K, capacity 10758K, committed 11136K, reserved 1058816K
[259.721s][debug][gc,heap           ] GC(1429)   class space    used 1149K, capacity 1267K, committed 1408K, reserved 1048576K
[259.721s][info ][gc                ] GC(1429) Pause Young (Normal) (G1 Evacuation Pause) 888M->21M(1452M) 2.149ms
[259.721s][info ][gc,cpu            ] GC(1429) User=0.01s Sys=0.00s Real=0.01s
[259.721s][info ][safepoint         ] Safepoint "G1CollectForAllocation", Time since last: 42733428 ns, Reaching safepoint: 180576 ns, At safepoint: 2422168 ns, Total: 2602744 ns
[259.764s][debug][gc,heap           ] GC(1430) Heap before GC invocations=1430 (full 1): garbage-first heap   total 1486848K, used 908614K [0x0000000700000000, 0x0000000800000000)
[259.764s][debug][gc,heap           ] GC(1430)   region size 1024K, 871 young (891904K), 4 survivors (4096K)
[259.764s][debug][gc,heap           ] GC(1430)  Metaspace       used 10458K, capacity 10758K, committed 11136K, reserved 1058816K
[259.764s][debug][gc,heap           ] GC(1430)   class space    used 1149K, capacity 1267K, committed 1408K, reserved 1048576K
[259.764s][info ][gc,start          ] GC(1430) Pause Young (Normal) (G1 Evacuation Pause)
[259.764s][info ][gc,task           ] GC(1430) Using 8 workers of 8 for evacuation
[259.764s][debug][gc,tlab           ] GC(1430) TLAB totals: thrds: 8  refills: 16 max: 3 slow allocs: 1727 max 246 waste: 29.1% gc: 1196376B max: 228336B slow: 73960B max: 15096B fast: 0B max: 0B
[259.764s][debug][gc,age            ] GC(1430) Desired survivor size 57147392 bytes, new threshold 15 (max threshold 15)
[259.764s][debug][gc,alloc,region   ] GC(1430) Mutator Allocation stats, regions: 867, wasted size: 203M (23.4%)
[259.764s][debug][gc,ergo           ] GC(1430) Running G1 Merge Heap Roots using 8 workers for 871 regions
[259.764s][debug][gc,remset         ] GC(1430) Visited cards 256 Total dirty 2048 (12.50%) Total old 3608576 (0.01%)
[259.765s][debug][gc,ergo           ] GC(1430) Running G1 Clear Card Table Task using 2 workers for 2 units of work for 872 regions.
[259.765s][debug][gc,ref            ] GC(1430) Skipped phase1 of Reference Processing due to unavailable references
[259.765s][debug][gc,ref            ] GC(1430) Skipped phase2 of Reference Processing due to unavailable references
[259.765s][debug][gc,ref            ] GC(1430) Skipped phase3 of Reference Processing due to unavailable references
[259.765s][debug][gc,ref            ] GC(1430) Skipped phase4 of Reference Processing due to unavailable references
[259.765s][debug][gc,ergo           ] GC(1430) Running G1 Free Collection Set using 8 workers for collection set length 871 (1452)
[259.765s][debug][gc,ergo           ] GC(1430) Running G1 Rebuild Free List Task using 8 workers for rebuilding free list of 0 (4096) regions
[259.765s][trace][gc,age            ] GC(1430) Age table with threshold 15 (max threshold 15)
[259.765s][trace][gc,age            ] GC(1430) - age   1:    2802552 bytes,    2802552 total
[259.765s][debug][gc,plab           ] GC(1430) Young PLAB allocation: allocated: 16512B, wasted: 0B, unused: 14064B, used: 2448B, undo waste: 0B, 
[259.765s][debug][gc,plab           ] GC(1430) Young other allocation: region end waste: 729120B, regions filled: 4, direct allocated: 2800104B, failure used: 0B, failure wasted: 0B
[259.765s][debug][gc,plab           ] GC(1430) Young sizing: calculated: 0B, actual: 2064B
[259.765s][debug][gc,plab           ] GC(1430) Old PLAB allocation: allocated: 0B, wasted: 0B, unused: 0B, used: 0B, undo waste: 0B, 
[259.765s][debug][gc,plab           ] GC(1430) Old other allocation: region end waste: 0B, regions filled: 1, direct allocated: 0B, failure used: 0B, failure wasted: 0B
[259.765s][debug][gc,plab           ] GC(1430) Old sizing: calculated: 0B, actual: 2064B
[259.765s][debug][gc,ihop           ] GC(1430) Basic information (value update), threshold: 685139558B (45.00), target occupancy: 1522532352B, current occupancy: 22349960B, recent allocation size: 0B, recent allocation duration: 43.42ms, recent old gen allocation rate: 0.00B/s, recent marking phase length: 38.29ms
[259.765s][debug][gc,ihop           ] GC(1430) Adaptive IHOP information (value update), threshold: 685139558B (47.37), internal target occupancy: 1446405734B, occupancy: 22349960B, additional buffer size: 913309696B, predicted old gen allocation rate: 5.82B/s, predicted marking phase length: 76.58ms, prediction active: false
[259.765s][debug][gc,ergo,refine    ] GC(1430) Concurrent refinement times: Logged Cards Scan time goal: 20.00ms Logged Cards Scan time: 0.00ms HCC time: 0.00ms
[259.765s][debug][gc,ergo,refine    ] GC(1430) Updated Refinement Zones: green: 2048, yellow: 6144, red: 10240
[259.765s][info ][gc,phases         ] GC(1430)   Pre Evacuate Collection Set: 0.1ms
[259.765s][debug][gc,phases         ] GC(1430)     Prepare TLABs: 0.0ms
[259.765s][debug][gc,phases         ] GC(1430)     Choose Collection Set: 0.0ms
[259.765s][debug][gc,phases         ] GC(1430)     Region Register: 0.1ms
[259.765s][debug][gc,phases         ] GC(1430)     Prepare Heap Roots: 0.0ms
[259.765s][info ][gc,phases         ] GC(1430)   Merge Heap Roots: 0.1ms
[259.765s][debug][gc,phases         ] GC(1430)     Prepare Merge Heap Roots: 0.0ms
[259.765s][debug][gc,phases         ] GC(1430)     Eager Reclaim (ms):       skipped
[259.765s][debug][gc,phases         ] GC(1430)     Remembered Sets (ms):     Min:  0.0, Avg:  0.0, Max:  0.1, Diff:  0.0, Sum:  0.3, Workers: 8
[259.765s][debug][gc,phases         ] GC(1430)       Merged Sparse:            Min: 0, Avg:  0.0, Max: 0, Diff: 0, Sum: 0, Workers: 8
[259.765s][debug][gc,phases         ] GC(1430)       Merged Fine:              Min: 0, Avg:  0.0, Max: 0, Diff: 0, Sum: 0, Workers: 8
[259.765s][debug][gc,phases         ] GC(1430)       Merged Coarse:            Min: 0, Avg:  0.0, Max: 0, Diff: 0, Sum: 0, Workers: 8
[259.765s][debug][gc,phases         ] GC(1430)       Dirty Cards:              Min: 0, Avg:  0.0, Max: 0, Diff: 0, Sum: 0, Workers: 8
[259.765s][debug][gc,phases         ] GC(1430)     Hot Card Cache (ms):      Min:  0.0, Avg:  0.0, Max:  0.0, Diff:  0.0, Sum:  0.0, Workers: 8
[259.765s][debug][gc,phases         ] GC(1430)       Dirty Cards:              Min: 0, Avg:  0.0, Max: 0, Diff: 0, Sum: 0, Workers: 8
[259.765s][debug][gc,phases         ] GC(1430)       Skipped Cards:            Min: 0, Avg:  0.0, Max: 0, Diff: 0, Sum: 0, Workers: 8
[259.765s][debug][gc,phases         ] GC(1430)     Log Buffers (ms):         Min:  0.0, Avg:  0.0, Max:  0.0, Diff:  0.0, Sum:  0.0, Workers: 8
[259.765s][debug][gc,phases         ] GC(1430)       Dirty Cards:              Min: 0, Avg:  0.1, Max: 1, Diff: 1, Sum: 1, Workers: 8
[259.765s][debug][gc,phases         ] GC(1430)       Skipped Cards:            Min: 0, Avg:  0.0, Max: 0, Diff: 0, Sum: 0, Workers: 8
[259.765s][info ][gc,phases         ] GC(1430)   Evacuate Collection Set: 0.3ms
[259.765s][debug][gc,phases         ] GC(1430)     Ext Root Scanning (ms):   Min:  0.1, Avg:  0.2, Max:  0.2, Diff:  0.2, Sum:  1.5, Workers: 8
[259.765s][debug][gc,phases         ] GC(1430)     Scan Heap Roots (ms):     Min:  0.0, Avg:  0.0, Max:  0.0, Diff:  0.0, Sum:  0.0, Workers: 8
[259.765s][debug][gc,phases         ] GC(1430)       Scanned Cards:            Min: 0, Avg:  0.1, Max: 1, Diff: 1, Sum: 1, Workers: 8
[259.766s][debug][gc,phases         ] GC(1430)       Scanned Blocks:           Min: 0, Avg:  0.1, Max: 1, Diff: 1, Sum: 1, Workers: 8
[259.766s][debug][gc,phases         ] GC(1430)       Claimed Chunks:           Min: 0, Avg:  0.1, Max: 1, Diff: 1, Sum: 1, Workers: 8
[259.766s][debug][gc,phases         ] GC(1430)     Code Root Scan (ms):      Min:  0.0, Avg:  0.0, Max:  0.1, Diff:  0.1, Sum:  0.1, Workers: 8
[259.766s][debug][gc,phases         ] GC(1430)     Object Copy (ms):         Min:  0.0, Avg:  0.0, Max:  0.0, Diff:  0.0, Sum:  0.0, Workers: 8
[259.766s][debug][gc,phases         ] GC(1430)     Termination (ms):         Min:  0.0, Avg:  0.1, Max:  0.1, Diff:  0.1, Sum:  0.5, Workers: 8
[259.766s][debug][gc,phases         ] GC(1430)       Termination Attempts:     Min: 1, Avg:  1.2, Max: 2, Diff: 1, Sum: 10, Workers: 8
[259.766s][debug][gc,phases         ] GC(1430)     GC Worker Other (ms):     Min:  0.0, Avg:  0.0, Max:  0.1, Diff:  0.1, Sum:  0.3, Workers: 8
[259.766s][debug][gc,phases         ] GC(1430)     GC Worker Total (ms):     Min:  0.3, Avg:  0.3, Max:  0.3, Diff:  0.1, Sum:  2.5, Workers: 8
[259.766s][info ][gc,phases         ] GC(1430)   Post Evacuate Collection Set: 0.6ms
[259.766s][debug][gc,phases         ] GC(1430)     Code Roots Fixup: 0.0ms
[259.766s][debug][gc,phases         ] GC(1430)     Clear Card Table: 0.3ms
[259.766s][debug][gc,phases         ] GC(1430)     Reference Processing: 0.0ms
[259.766s][debug][gc,phases,ref     ] GC(1430)       Reconsider SoftReferences: 0.0ms
[259.766s][debug][gc,phases,ref     ] GC(1430)         SoftRef (ms):             skipped
[259.766s][debug][gc,phases,ref     ] GC(1430)       Notify Soft/WeakReferences: 0.0ms
[259.766s][debug][gc,phases,ref     ] GC(1430)         SoftRef (ms):             skipped
[259.766s][debug][gc,phases,ref     ] GC(1430)         WeakRef (ms):             skipped
[259.766s][debug][gc,phases,ref     ] GC(1430)         FinalRef (ms):            skipped
[259.766s][debug][gc,phases,ref     ] GC(1430)         Total (ms):               skipped
[259.766s][debug][gc,phases,ref     ] GC(1430)       Notify and keep alive finalizable: 0.0ms
[259.766s][debug][gc,phases,ref     ] GC(1430)         FinalRef (ms):            skipped
[259.766s][debug][gc,phases,ref     ] GC(1430)       Notify PhantomReferences: 0.0ms
[259.766s][debug][gc,phases,ref     ] GC(1430)         PhantomRef (ms):          skipped
[259.766s][debug][gc,phases,ref     ] GC(1430)       SoftReference:
[259.766s][debug][gc,phases,ref     ] GC(1430)         Discovered: 0
[259.766s][debug][gc,phases,ref     ] GC(1430)         Cleared: 0
[259.766s][debug][gc,phases,ref     ] GC(1430)       WeakReference:
[259.766s][debug][gc,phases,ref     ] GC(1430)         Discovered: 0
[259.766s][debug][gc,phases,ref     ] GC(1430)         Cleared: 0
[259.766s][debug][gc,phases,ref     ] GC(1430)       FinalReference:
[259.766s][debug][gc,phases,ref     ] GC(1430)         Discovered: 0
[259.766s][debug][gc,phases,ref     ] GC(1430)         Cleared: 0
[259.766s][debug][gc,phases,ref     ] GC(1430)       PhantomReference:
[259.766s][debug][gc,phases,ref     ] GC(1430)         Discovered: 0
[259.766s][debug][gc,phases,ref     ] GC(1430)         Cleared: 0
[259.766s][debug][gc,phases         ] GC(1430)     Weak Processing: 0.0ms
[259.766s][debug][gc,phases         ] GC(1430)       JVMTI weak processing: 0.0ms
[259.766s][debug][gc,phases         ] GC(1430)         Dead: 0
[259.766s][debug][gc,phases         ] GC(1430)         Total: 0
[259.766s][debug][gc,phases         ] GC(1430)       JFR weak processing: 0.0ms
[259.766s][debug][gc,phases         ] GC(1430)         Dead: 0
[259.766s][debug][gc,phases         ] GC(1430)         Total: 0
[259.766s][debug][gc,phases         ] GC(1430)       JNI weak                  Min:  0.0, Avg:  0.0, Max:  0.0, Diff:  0.0, Sum:  0.0, Workers: 5
[259.766s][debug][gc,phases         ] GC(1430)         Dead                      Min: 0, Avg:  0.0, Max: 0, Diff: 0, Sum: 0, Workers: 5
[259.766s][debug][gc,phases         ] GC(1430)         Total                     Min: 0, Avg: 21.8, Max: 64, Diff: 64, Sum: 109, Workers: 5
[259.766s][debug][gc,phases         ] GC(1430)       VM weak                   Min:  0.0, Avg:  0.0, Max:  0.0, Diff:  0.0, Sum:  0.0, Workers: 5
[259.766s][debug][gc,phases         ] GC(1430)         Dead                      Min: 0, Avg:  0.0, Max: 0, Diff: 0, Sum: 0, Workers: 5
[259.766s][debug][gc,phases         ] GC(1430)         Total                     Min: 0, Avg: 42.6, Max: 64, Diff: 64, Sum: 213, Workers: 5
[259.766s][debug][gc,phases         ] GC(1430)       StringTable weak          Min:  0.0, Avg:  0.0, Max:  0.0, Diff:  0.0, Sum:  0.1, Workers: 5
[259.766s][debug][gc,phases         ] GC(1430)         Dead                      Min: 0, Avg:  0.0, Max: 0, Diff: 0, Sum: 0, Workers: 5
[259.766s][debug][gc,phases         ] GC(1430)         Total                     Min: 666, Avg: 721.8, Max: 768, Diff: 102, Sum: 3609, Workers: 5
[259.766s][debug][gc,phases         ] GC(1430)       ResolvedMethodTable weak  Min:  0.0, Avg:  0.0, Max:  0.0, Diff:  0.0, Sum:  0.0, Workers: 5
[259.766s][debug][gc,phases         ] GC(1430)         Dead                      Min: 0, Avg:  0.0, Max: 0, Diff: 0, Sum: 0, Workers: 5
[259.766s][debug][gc,phases         ] GC(1430)         Total                     Min: 64, Avg: 114.8, Max: 190, Diff: 126, Sum: 574, Workers: 5
[259.766s][debug][gc,phases         ] GC(1430)     Merge Per-Thread State: 0.0ms
[259.766s][debug][gc,phases         ] GC(1430)       Copied Bytes              Min: 728, Avg: 350319.0, Max: 800096, Diff: 799368, Sum: 2802552, Workers: 8
[259.766s][debug][gc,phases         ] GC(1430)       LAB Waste                 Min: 0, Avg:  0.0, Max: 0, Diff: 0, Sum: 0, Workers: 8
[259.766s][debug][gc,phases         ] GC(1430)       LAB Undo Waste            Min: 0, Avg:  0.0, Max: 0, Diff: 0, Sum: 0, Workers: 8
[259.766s][debug][gc,phases         ] GC(1430)     Code Roots Purge: 0.0ms
[259.766s][debug][gc,phases         ] GC(1430)     Redirty Cards: 0.0ms
[259.766s][debug][gc,phases         ] GC(1430)     DerivedPointerTable Update: 0.0ms
[259.766s][debug][gc,phases         ] GC(1430)     Free Collection Set: 0.2ms
[259.766s][debug][gc,phases         ] GC(1430)     Rebuild Free List: 0.0ms
[259.766s][debug][gc,phases         ] GC(1430)     Humongous Reclaim: 0.0ms
[259.766s][debug][gc,phases         ] GC(1430)     Start New Collection Set: 0.0ms
[259.766s][debug][gc,phases         ] GC(1430)     Resize TLABs: 0.0ms
[259.766s][debug][gc,phases         ] GC(1430)     Expand Heap After Collection: 0.0ms
[259.766s][info ][gc,phases         ] GC(1430)   Other: 0.3ms
[259.766s][info ][gc,heap           ] GC(1430) Eden regions: 867->0(867)
[259.766s][info ][gc,heap           ] GC(1430) Survivor regions: 4->4(109)
[259.766s][info ][gc,heap           ] GC(1430) Old regions: 18->18
[259.766s][info ][gc,heap           ] GC(1430) Archive regions: 2->2
[259.766s][info ][gc,heap           ] GC(1430) Humongous regions: 0->0
[259.766s][info ][gc,metaspace      ] GC(1430) Metaspace: 10458K(11136K)->10458K(11136K) NonClass: 9309K(9728K)->9309K(9728K) Class: 1149K(1408K)->1149K(1408K)
[259.766s][debug][gc,heap           ] GC(1430) Heap after GC invocations=1431 (full 1): garbage-first heap   total 1486848K, used 21826K [0x0000000700000000, 0x0000000800000000)
[259.766s][debug][gc,heap           ] GC(1430)   region size 1024K, 4 young (4096K), 4 survivors (4096K)
[259.766s][debug][gc,heap           ] GC(1430)  Metaspace       used 10458K, capacity 10758K, committed 11136K, reserved 1058816K
[259.766s][debug][gc,heap           ] GC(1430)   class space    used 1149K, capacity 1267K, committed 1408K, reserved 1048576K
[259.766s][info ][gc                ] GC(1430) Pause Young (Normal) (G1 Evacuation Pause) 888M->21M(1452M) 2.683ms
[259.766s][info ][gc,cpu            ] GC(1430) User=0.01s Sys=0.00s Real=0.00s
[259.767s][info ][safepoint         ] Safepoint "G1CollectForAllocation", Time since last: 42171372 ns, Reaching safepoint: 149958 ns, At safepoint: 2895477 ns, Total: 3045435 ns
[259.810s][debug][gc,heap           ] GC(1431) Heap before GC invocations=1431 (full 1): garbage-first heap   total 1486848K, used 908610K [0x0000000700000000, 0x0000000800000000)
[259.810s][debug][gc,heap           ] GC(1431)   region size 1024K, 871 young (891904K), 4 survivors (4096K)
[259.810s][debug][gc,heap           ] GC(1431)  Metaspace       used 10458K, capacity 10758K, committed 11136K, reserved 1058816K
[259.810s][debug][gc,heap           ] GC(1431)   class space    used 1149K, capacity 1267K, committed 1408K, reserved 1048576K
[259.810s][info ][gc,start          ] GC(1431) Pause Young (Normal) (G1 Evacuation Pause)
[259.810s][info ][gc,task           ] GC(1431) Using 8 workers of 8 for evacuation
[259.810s][debug][gc,tlab           ] GC(1431) TLAB totals: thrds: 8  refills: 11 max: 2 slow allocs: 1727 max 252 waste: 40.1% gc: 1224968B max: 223272B slow: 41656B max: 14304B fast: 0B max: 0B
[259.810s][debug][gc,age            ] GC(1431) Desired survivor size 57147392 bytes, new threshold 15 (max threshold 15)
[259.810s][debug][gc,alloc,region   ] GC(1431) Mutator Allocation stats, regions: 867, wasted size: 203M (23.4%)
[259.810s][debug][gc,ergo           ] GC(1431) Running G1 Merge Heap Roots using 8 workers for 871 regions
[259.810s][debug][gc,remset         ] GC(1431) Visited cards 512 Total dirty 4096 (12.50%) Total old 3608576 (0.01%)
[259.811s][debug][gc,ergo           ] GC(1431) Running G1 Clear Card Table Task using 2 workers for 2 units of work for 873 regions.
[259.811s][debug][gc,ref            ] GC(1431) Skipped phase1 of Reference Processing due to unavailable references
[259.811s][debug][gc,ref            ] GC(1431) Skipped phase2 of Reference Processing due to unavailable references
[259.811s][debug][gc,ref            ] GC(1431) Skipped phase3 of Reference Processing due to unavailable references
[259.811s][debug][gc,ref            ] GC(1431) Skipped phase4 of Reference Processing due to unavailable references
[259.811s][debug][gc,ergo           ] GC(1431) Running G1 Free Collection Set using 8 workers for collection set length 871 (1452)
[259.811s][debug][gc,ergo           ] GC(1431) Running G1 Rebuild Free List Task using 8 workers for rebuilding free list of 0 (4096) regions
[259.811s][trace][gc,age            ] GC(1431) Age table with threshold 15 (max threshold 15)
[259.811s][trace][gc,age            ] GC(1431) - age   1:    3602568 bytes,    3602568 total
[259.811s][debug][gc,plab           ] GC(1431) Young PLAB allocation: allocated: 16512B, wasted: 0B, unused: 14064B, used: 2448B, undo waste: 0B, 
[259.811s][debug][gc,plab           ] GC(1431) Young other allocation: region end waste: 981808B, regions filled: 5, direct allocated: 3600120B, failure used: 0B, failure wasted: 0B
[259.811s][debug][gc,plab           ] GC(1431) Young sizing: calculated: 0B, actual: 2064B
[259.811s][debug][gc,plab           ] GC(1431) Old PLAB allocation: allocated: 0B, wasted: 0B, unused: 0B, used: 0B, undo waste: 0B, 
[259.811s][debug][gc,plab           ] GC(1431) Old other allocation: region end waste: 0B, regions filled: 1, direct allocated: 0B, failure used: 0B, failure wasted: 0B
[259.811s][debug][gc,plab           ] GC(1431) Old sizing: calculated: 0B, actual: 2064B
[259.811s][debug][gc,ihop           ] GC(1431) Basic information (value update), threshold: 685139558B (45.00), target occupancy: 1522532352B, current occupancy: 23402664B, recent allocation size: 0B, recent allocation duration: 44.46ms, recent old gen allocation rate: 0.00B/s, recent marking phase length: 38.29ms
[259.811s][debug][gc,ihop           ] GC(1431) Adaptive IHOP information (value update), threshold: 685139558B (47.37), internal target occupancy: 1446405734B, occupancy: 23402664B, additional buffer size: 913309696B, predicted old gen allocation rate: 5.68B/s, predicted marking phase length: 76.58ms, prediction active: false
[259.811s][debug][gc,ergo,refine    ] GC(1431) Concurrent refinement times: Logged Cards Scan time goal: 20.00ms Logged Cards Scan time: 0.00ms HCC time: 0.00ms
[259.811s][debug][gc,ergo,refine    ] GC(1431) Updated Refinement Zones: green: 2048, yellow: 6144, red: 10240
[259.811s][info ][gc,phases         ] GC(1431)   Pre Evacuate Collection Set: 0.1ms
[259.811s][debug][gc,phases         ] GC(1431)     Prepare TLABs: 0.0ms
[259.811s][debug][gc,phases         ] GC(1431)     Choose Collection Set: 0.0ms
[259.811s][debug][gc,phases         ] GC(1431)     Region Register: 0.1ms
[259.811s][debug][gc,phases         ] GC(1431)     Prepare Heap Roots: 0.0ms
[259.811s][info ][gc,phases         ] GC(1431)   Merge Heap Roots: 0.1ms
[259.811s][debug][gc,phases         ] GC(1431)     Prepare Merge Heap Roots: 0.0ms
[259.811s][debug][gc,phases         ] GC(1431)     Eager Reclaim (ms):       skipped
[259.811s][debug][gc,phases         ] GC(1431)     Remembered Sets (ms):     Min:  0.0, Avg:  0.0, Max:  0.1, Diff:  0.0, Sum:  0.3, Workers: 8
[259.811s][debug][gc,phases         ] GC(1431)       Merged Sparse:            Min: 0, Avg:  0.0, Max: 0, Diff: 0, Sum: 0, Workers: 8
[259.811s][debug][gc,phases         ] GC(1431)       Merged Fine:              Min: 0, Avg:  0.0, Max: 0, Diff: 0, Sum: 0, Workers: 8
[259.811s][debug][gc,phases         ] GC(1431)       Merged Coarse:            Min: 0, Avg:  0.0, Max: 0, Diff: 0, Sum: 0, Workers: 8
[259.811s][debug][gc,phases         ] GC(1431)       Dirty Cards:              Min: 0, Avg:  0.0, Max: 0, Diff: 0, Sum: 0, Workers: 8
[259.811s][debug][gc,phases         ] GC(1431)     Hot Card Cache (ms):      Min:  0.0, Avg:  0.0, Max:  0.0, Diff:  0.0, Sum:  0.0, Workers: 8
[259.811s][debug][gc,phases         ] GC(1431)       Dirty Cards:              Min: 0, Avg:  0.0, Max: 0, Diff: 0, Sum: 0, Workers: 8
[259.811s][debug][gc,phases         ] GC(1431)       Skipped Cards:            Min: 0, Avg:  0.0, Max: 0, Diff: 0, Sum: 0, Workers: 8
[259.811s][debug][gc,phases         ] GC(1431)     Log Buffers (ms):         Min:  0.0, Avg:  0.0, Max:  0.0, Diff:  0.0, Sum:  0.0, Workers: 8
[259.811s][debug][gc,phases         ] GC(1431)       Dirty Cards:              Min: 0, Avg:  0.2, Max: 2, Diff: 2, Sum: 2, Workers: 8
[259.811s][debug][gc,phases         ] GC(1431)       Skipped Cards:            Min: 0, Avg:  0.0, Max: 0, Diff: 0, Sum: 0, Workers: 8
[259.811s][info ][gc,phases         ] GC(1431)   Evacuate Collection Set: 0.4ms
[259.811s][debug][gc,phases         ] GC(1431)     Ext Root Scanning (ms):   Min:  0.1, Avg:  0.2, Max:  0.4, Diff:  0.3, Sum:  1.9, Workers: 8
[259.811s][debug][gc,phases         ] GC(1431)     Scan Heap Roots (ms):     Min:  0.0, Avg:  0.0, Max:  0.0, Diff:  0.0, Sum:  0.0, Workers: 8
[259.811s][debug][gc,phases         ] GC(1431)       Scanned Cards:            Min: 0, Avg:  0.2, Max: 2, Diff: 2, Sum: 2, Workers: 8
[259.811s][debug][gc,phases         ] GC(1431)       Scanned Blocks:           Min: 0, Avg:  0.2, Max: 2, Diff: 2, Sum: 2, Workers: 8
[259.811s][debug][gc,phases         ] GC(1431)       Claimed Chunks:           Min: 0, Avg:  0.2, Max: 2, Diff: 2, Sum: 2, Workers: 8
[259.811s][debug][gc,phases         ] GC(1431)     Code Root Scan (ms):      Min:  0.0, Avg:  0.0, Max:  0.1, Diff:  0.1, Sum:  0.1, Workers: 8
[259.811s][debug][gc,phases         ] GC(1431)     Object Copy (ms):         Min:  0.0, Avg:  0.0, Max:  0.0, Diff:  0.0, Sum:  0.0, Workers: 8
[259.811s][debug][gc,phases         ] GC(1431)     Termination (ms):         Min:  0.0, Avg:  0.1, Max:  0.1, Diff:  0.1, Sum:  0.6, Workers: 8
[259.811s][debug][gc,phases         ] GC(1431)       Termination Attempts:     Min: 1, Avg:  1.2, Max: 2, Diff: 1, Sum: 10, Workers: 8
[259.811s][debug][gc,phases         ] GC(1431)     GC Worker Other (ms):     Min:  0.0, Avg:  0.0, Max:  0.1, Diff:  0.1, Sum:  0.4, Workers: 8
[259.811s][debug][gc,phases         ] GC(1431)     GC Worker Total (ms):     Min:  0.4, Avg:  0.4, Max:  0.4, Diff:  0.0, Sum:  3.1, Workers: 8
[259.811s][info ][gc,phases         ] GC(1431)   Post Evacuate Collection Set: 0.6ms
[259.811s][debug][gc,phases         ] GC(1431)     Code Roots Fixup: 0.0ms
[259.811s][debug][gc,phases         ] GC(1431)     Clear Card Table: 0.2ms
[259.811s][debug][gc,phases         ] GC(1431)     Reference Processing: 0.0ms
[259.811s][debug][gc,phases,ref     ] GC(1431)       Reconsider SoftReferences: 0.0ms
[259.812s][debug][gc,phases,ref     ] GC(1431)         SoftRef (ms):             skipped
[259.812s][debug][gc,phases,ref     ] GC(1431)       Notify Soft/WeakReferences: 0.0ms
[259.812s][debug][gc,phases,ref     ] GC(1431)         SoftRef (ms):             skipped
[259.812s][debug][gc,phases,ref     ] GC(1431)         WeakRef (ms):             skipped
[259.812s][debug][gc,phases,ref     ] GC(1431)         FinalRef (ms):            skipped
[259.812s][debug][gc,phases,ref     ] GC(1431)         Total (ms):               skipped
[259.812s][debug][gc,phases,ref     ] GC(1431)       Notify and keep alive finalizable: 0.0ms
[259.812s][debug][gc,phases,ref     ] GC(1431)         FinalRef (ms):            skipped
[259.812s][debug][gc,phases,ref     ] GC(1431)       Notify PhantomReferences: 0.0ms
[259.812s][debug][gc,phases,ref     ] GC(1431)         PhantomRef (ms):          skipped
[259.812s][debug][gc,phases,ref     ] GC(1431)       SoftReference:
[259.812s][debug][gc,phases,ref     ] GC(1431)         Discovered: 0
[259.812s][debug][gc,phases,ref     ] GC(1431)         Cleared: 0
[259.812s][debug][gc,phases,ref     ] GC(1431)       WeakReference:
[259.812s][debug][gc,phases,ref     ] GC(1431)         Discovered: 0
[259.812s][debug][gc,phases,ref     ] GC(1431)         Cleared: 0
[259.812s][debug][gc,phases,ref     ] GC(1431)       FinalReference:
[259.812s][debug][gc,phases,ref     ] GC(1431)         Discovered: 0
[259.812s][debug][gc,phases,ref     ] GC(1431)         Cleared: 0
[259.812s][debug][gc,phases,ref     ] GC(1431)       PhantomReference:
[259.812s][debug][gc,phases,ref     ] GC(1431)         Discovered: 0
[259.812s][debug][gc,phases,ref     ] GC(1431)         Cleared: 0
[259.812s][debug][gc,phases         ] GC(1431)     Weak Processing: 0.1ms
[259.812s][debug][gc,phases         ] GC(1431)       JVMTI weak processing: 0.0ms
[259.812s][debug][gc,phases         ] GC(1431)         Dead: 0
[259.812s][debug][gc,phases         ] GC(1431)         Total: 0
[259.812s][debug][gc,phases         ] GC(1431)       JFR weak processing: 0.0ms
[259.812s][debug][gc,phases         ] GC(1431)         Dead: 0
[259.812s][debug][gc,phases         ] GC(1431)         Total: 0
[259.812s][debug][gc,phases         ] GC(1431)       JNI weak                  Min:  0.0, Avg:  0.0, Max:  0.0, Diff:  0.0, Sum:  0.0, Workers: 5
[259.812s][debug][gc,phases         ] GC(1431)         Dead                      Min: 0, Avg:  0.0, Max: 0, Diff: 0, Sum: 0, Workers: 5
[259.812s][debug][gc,phases         ] GC(1431)         Total                     Min: 0, Avg: 21.8, Max: 64, Diff: 64, Sum: 109, Workers: 5
[259.812s][debug][gc,phases         ] GC(1431)       VM weak                   Min:  0.0, Avg:  0.0, Max:  0.0, Diff:  0.0, Sum:  0.0, Workers: 5
[259.812s][debug][gc,phases         ] GC(1431)         Dead                      Min: 0, Avg:  0.0, Max: 0, Diff: 0, Sum: 0, Workers: 5
[259.812s][debug][gc,phases         ] GC(1431)         Total                     Min: 0, Avg: 42.6, Max: 128, Diff: 128, Sum: 213, Workers: 5
[259.812s][debug][gc,phases         ] GC(1431)       StringTable weak          Min:  0.0, Avg:  0.0, Max:  0.0, Diff:  0.0, Sum:  0.1, Workers: 5
[259.812s][debug][gc,phases         ] GC(1431)         Dead                      Min: 0, Avg:  0.0, Max: 0, Diff: 0, Sum: 0, Workers: 5
[259.812s][debug][gc,phases         ] GC(1431)         Total                     Min: 0, Avg: 721.8, Max: 1818, Diff: 1818, Sum: 3609, Workers: 5
[259.812s][debug][gc,phases         ] GC(1431)       ResolvedMethodTable weak  Min:  0.0, Avg:  0.0, Max:  0.0, Diff:  0.0, Sum:  0.0, Workers: 5
[259.812s][debug][gc,phases         ] GC(1431)         Dead                      Min: 0, Avg:  0.0, Max: 0, Diff: 0, Sum: 0, Workers: 5
[259.812s][debug][gc,phases         ] GC(1431)         Total                     Min: 0, Avg: 114.8, Max: 256, Diff: 256, Sum: 574, Workers: 5
[259.812s][debug][gc,phases         ] GC(1431)     Merge Per-Thread State: 0.0ms
[259.812s][debug][gc,phases         ] GC(1431)       Copied Bytes              Min: 72, Avg: 450321.0, Max: 800096, Diff: 800024, Sum: 3602568, Workers: 8
[259.812s][debug][gc,phases         ] GC(1431)       LAB Waste                 Min: 0, Avg:  0.0, Max: 0, Diff: 0, Sum: 0, Workers: 8
[259.812s][debug][gc,phases         ] GC(1431)       LAB Undo Waste            Min: 0, Avg:  0.0, Max: 0, Diff: 0, Sum: 0, Workers: 8
[259.812s][debug][gc,phases         ] GC(1431)     Code Roots Purge: 0.0ms
[259.812s][debug][gc,phases         ] GC(1431)     Redirty Cards: 0.0ms
[259.812s][debug][gc,phases         ] GC(1431)     DerivedPointerTable Update: 0.0ms
[259.812s][debug][gc,phases         ] GC(1431)     Free Collection Set: 0.2ms
[259.812s][debug][gc,phases         ] GC(1431)     Rebuild Free List: 0.1ms
[259.812s][debug][gc,phases         ] GC(1431)     Humongous Reclaim: 0.0ms
[259.812s][debug][gc,phases         ] GC(1431)     Start New Collection Set: 0.0ms
[259.812s][debug][gc,phases         ] GC(1431)     Resize TLABs: 0.0ms
[259.812s][debug][gc,phases         ] GC(1431)     Expand Heap After Collection: 0.0ms
[259.812s][info ][gc,phases         ] GC(1431)   Other: 0.3ms
[259.812s][info ][gc,heap           ] GC(1431) Eden regions: 867->0(866)
[259.812s][info ][gc,heap           ] GC(1431) Survivor regions: 4->5(109)
[259.812s][info ][gc,heap           ] GC(1431) Old regions: 18->18
[259.812s][info ][gc,heap           ] GC(1431) Archive regions: 2->2
[259.812s][info ][gc,heap           ] GC(1431) Humongous regions: 0->0
[259.812s][info ][gc,metaspace      ] GC(1431) Metaspace: 10458K(11136K)->10458K(11136K) NonClass: 9309K(9728K)->9309K(9728K) Class: 1149K(1408K)->1149K(1408K)
[259.812s][debug][gc,heap           ] GC(1431) Heap after GC invocations=1432 (full 1): garbage-first heap   total 1486848K, used 22854K [0x0000000700000000, 0x0000000800000000)
[259.812s][debug][gc,heap           ] GC(1431)   region size 1024K, 5 young (5120K), 5 survivors (5120K)
[259.812s][debug][gc,heap           ] GC(1431)  Metaspace       used 10458K, capacity 10758K, committed 11136K, reserved 1058816K
[259.812s][debug][gc,heap           ] GC(1431)   class space    used 1149K, capacity 1267K, committed 1408K, reserved 1048576K
[259.812s][info ][gc                ] GC(1431) Pause Young (Normal) (G1 Evacuation Pause) 888M->22M(1452M) 2.261ms
[259.812s][info ][gc,cpu            ] GC(1431) User=0.00s Sys=0.00s Real=0.01s
[259.812s][info ][safepoint         ] Safepoint "G1CollectForAllocation", Time since last: 42856605 ns, Reaching safepoint: 147180 ns, At safepoint: 2425440 ns, Total: 2572620 ns
[259.855s][debug][gc,heap           ] GC(1432) Heap before GC invocations=1432 (full 1): garbage-first heap   total 1486848K, used 908614K [0x0000000700000000, 0x0000000800000000)
[259.855s][debug][gc,heap           ] GC(1432)   region size 1024K, 871 young (891904K), 5 survivors (5120K)
[259.855s][debug][gc,heap           ] GC(1432)  Metaspace       used 10458K, capacity 10758K, committed 11136K, reserved 1058816K
[259.855s][debug][gc,heap           ] GC(1432)   class space    used 1149K, capacity 1267K, committed 1408K, reserved 1048576K
[259.855s][info ][gc,start          ] GC(1432) Pause Young (Normal) (G1 Evacuation Pause)
[259.855s][info ][gc,task           ] GC(1432) Using 8 workers of 8 for evacuation
[259.855s][debug][gc,tlab           ] GC(1432) TLAB totals: thrds: 8  refills: 13 max: 2 slow allocs: 1722 max 229 waste: 39.8% gc: 1446600B max: 234640B slow: 68928B max: 14304B fast: 0B max: 0B
[259.855s][debug][gc,age            ] GC(1432) Desired survivor size 57147392 bytes, new threshold 15 (max threshold 15)
[259.855s][debug][gc,alloc,region   ] GC(1432) Mutator Allocation stats, regions: 866, wasted size: 202M (23.4%)
[259.855s][debug][gc,ergo           ] GC(1432) Running G1 Merge Heap Roots using 8 workers for 871 regions
[259.855s][debug][gc,remset         ] GC(1432) Visited cards 256 Total dirty 2048 (12.50%) Total old 3608576 (0.01%)
[259.856s][debug][gc,ergo           ] GC(1432) Running G1 Clear Card Table Task using 2 workers for 2 units of work for 872 regions.
[259.856s][debug][gc,ref            ] GC(1432) Skipped phase1 of Reference Processing due to unavailable references
[259.856s][debug][gc,ref            ] GC(1432) Skipped phase2 of Reference Processing due to unavailable references
[259.856s][debug][gc,ref            ] GC(1432) Skipped phase3 of Reference Processing due to unavailable references
[259.856s][debug][gc,ref            ] GC(1432) Skipped phase4 of Reference Processing due to unavailable references
[259.856s][debug][gc,ergo           ] GC(1432) Running G1 Free Collection Set using 8 workers for collection set length 871 (1452)
[259.856s][debug][gc,ergo           ] GC(1432) Running G1 Rebuild Free List Task using 8 workers for rebuilding free list of 0 (4096) regions
[259.856s][trace][gc,age            ] GC(1432) Age table with threshold 15 (max threshold 15)
[259.856s][trace][gc,age            ] GC(1432) - age   1:    2802560 bytes,    2802560 total
[259.856s][debug][gc,plab           ] GC(1432) Young PLAB allocation: allocated: 16512B, wasted: 0B, unused: 14064B, used: 2448B, undo waste: 0B, 
[259.856s][debug][gc,plab           ] GC(1432) Young other allocation: region end waste: 729120B, regions filled: 4, direct allocated: 2800112B, failure used: 0B, failure wasted: 0B
[259.856s][debug][gc,plab           ] GC(1432) Young sizing: calculated: 0B, actual: 2064B
[259.856s][debug][gc,plab           ] GC(1432) Old PLAB allocation: allocated: 0B, wasted: 0B, unused: 0B, used: 0B, undo waste: 0B, 
[259.856s][debug][gc,plab           ] GC(1432) Old other allocation: region end waste: 0B, regions filled: 1, direct allocated: 0B, failure used: 0B, failure wasted: 0B
[259.856s][debug][gc,plab           ] GC(1432) Old sizing: calculated: 0B, actual: 2064B
[259.856s][debug][gc,ihop           ] GC(1432) Basic information (value update), threshold: 685139558B (45.00), target occupancy: 1522532352B, current occupancy: 22349968B, recent allocation size: 0B, recent allocation duration: 43.71ms, recent old gen allocation rate: 0.00B/s, recent marking phase length: 38.29ms
[259.856s][debug][gc,ihop           ] GC(1432) Adaptive IHOP information (value update), threshold: 685139558B (47.37), internal target occupancy: 1446405734B, occupancy: 22349968B, additional buffer size: 913309696B, predicted old gen allocation rate: 5.53B/s, predicted marking phase length: 76.58ms, prediction active: false
[259.856s][debug][gc,ergo,refine    ] GC(1432) Concurrent refinement times: Logged Cards Scan time goal: 20.00ms Logged Cards Scan time: 0.00ms HCC time: 0.00ms
[259.856s][debug][gc,ergo,refine    ] GC(1432) Updated Refinement Zones: green: 2048, yellow: 6144, red: 10240
[259.856s][info ][gc,phases         ] GC(1432)   Pre Evacuate Collection Set: 0.1ms
[259.856s][debug][gc,phases         ] GC(1432)     Prepare TLABs: 0.0ms
[259.856s][debug][gc,phases         ] GC(1432)     Choose Collection Set: 0.0ms
[259.856s][debug][gc,phases         ] GC(1432)     Region Register: 0.1ms
[259.856s][debug][gc,phases         ] GC(1432)     Prepare Heap Roots: 0.0ms
[259.856s][info ][gc,phases         ] GC(1432)   Merge Heap Roots: 0.2ms
[259.856s][debug][gc,phases         ] GC(1432)     Prepare Merge Heap Roots: 0.0ms
[259.856s][debug][gc,phases         ] GC(1432)     Eager Reclaim (ms):       skipped
[259.856s][debug][gc,phases         ] GC(1432)     Remembered Sets (ms):     Min:  0.0, Avg:  0.0, Max:  0.1, Diff:  0.0, Sum:  0.4, Workers: 8
[259.856s][debug][gc,phases         ] GC(1432)       Merged Sparse:            Min: 0, Avg:  0.0, Max: 0, Diff: 0, Sum: 0, Workers: 8
[259.856s][debug][gc,phases         ] GC(1432)       Merged Fine:              Min: 0, Avg:  0.0, Max: 0, Diff: 0, Sum: 0, Workers: 8
[259.856s][debug][gc,phases         ] GC(1432)       Merged Coarse:            Min: 0, Avg:  0.0, Max: 0, Diff: 0, Sum: 0, Workers: 8
[259.856s][debug][gc,phases         ] GC(1432)       Dirty Cards:              Min: 0, Avg:  0.0, Max: 0, Diff: 0, Sum: 0, Workers: 8
[259.856s][debug][gc,phases         ] GC(1432)     Hot Card Cache (ms):      Min:  0.0, Avg:  0.0, Max:  0.0, Diff:  0.0, Sum:  0.0, Workers: 8
[259.856s][debug][gc,phases         ] GC(1432)       Dirty Cards:              Min: 0, Avg:  0.0, Max: 0, Diff: 0, Sum: 0, Workers: 8
[259.856s][debug][gc,phases         ] GC(1432)       Skipped Cards:            Min: 0, Avg:  0.0, Max: 0, Diff: 0, Sum: 0, Workers: 8
[259.856s][debug][gc,phases         ] GC(1432)     Log Buffers (ms):         Min:  0.0, Avg:  0.0, Max:  0.0, Diff:  0.0, Sum:  0.0, Workers: 8
[259.856s][debug][gc,phases         ] GC(1432)       Dirty Cards:              Min: 0, Avg:  0.1, Max: 1, Diff: 1, Sum: 1, Workers: 8
[259.856s][debug][gc,phases         ] GC(1432)       Skipped Cards:            Min: 0, Avg:  0.0, Max: 0, Diff: 0, Sum: 0, Workers: 8
[259.857s][info ][gc,phases         ] GC(1432)   Evacuate Collection Set: 0.4ms
[259.857s][debug][gc,phases         ] GC(1432)     Ext Root Scanning (ms):   Min:  0.2, Avg:  0.2, Max:  0.2, Diff:  0.0, Sum:  1.7, Workers: 8
[259.857s][debug][gc,phases         ] GC(1432)     Scan Heap Roots (ms):     Min:  0.0, Avg:  0.0, Max:  0.0, Diff:  0.0, Sum:  0.0, Workers: 8
[259.857s][debug][gc,phases         ] GC(1432)       Scanned Cards:            Min: 0, Avg:  0.1, Max: 1, Diff: 1, Sum: 1, Workers: 8
[259.857s][debug][gc,phases         ] GC(1432)       Scanned Blocks:           Min: 0, Avg:  0.1, Max: 1, Diff: 1, Sum: 1, Workers: 8
[259.857s][debug][gc,phases         ] GC(1432)       Claimed Chunks:           Min: 0, Avg:  0.1, Max: 1, Diff: 1, Sum: 1, Workers: 8
[259.857s][debug][gc,phases         ] GC(1432)     Code Root Scan (ms):      Min:  0.0, Avg:  0.0, Max:  0.0, Diff:  0.0, Sum:  0.1, Workers: 8
[259.857s][debug][gc,phases         ] GC(1432)     Object Copy (ms):         Min:  0.0, Avg:  0.0, Max:  0.0, Diff:  0.0, Sum:  0.0, Workers: 8
[259.857s][debug][gc,phases         ] GC(1432)     Termination (ms):         Min:  0.1, Avg:  0.1, Max:  0.1, Diff:  0.0, Sum:  0.5, Workers: 8
[259.857s][debug][gc,phases         ] GC(1432)       Termination Attempts:     Min: 1, Avg:  1.0, Max: 1, Diff: 0, Sum: 8, Workers: 8
[259.857s][debug][gc,phases         ] GC(1432)     GC Worker Other (ms):     Min:  0.0, Avg:  0.1, Max:  0.1, Diff:  0.0, Sum:  0.4, Workers: 8
[259.857s][debug][gc,phases         ] GC(1432)     GC Worker Total (ms):     Min:  0.3, Avg:  0.3, Max:  0.4, Diff:  0.1, Sum:  2.7, Workers: 8
[259.857s][info ][gc,phases         ] GC(1432)   Post Evacuate Collection Set: 0.6ms
[259.857s][debug][gc,phases         ] GC(1432)     Code Roots Fixup: 0.0ms
[259.857s][debug][gc,phases         ] GC(1432)     Clear Card Table: 0.2ms
[259.857s][debug][gc,phases         ] GC(1432)     Reference Processing: 0.0ms
[259.857s][debug][gc,phases,ref     ] GC(1432)       Reconsider SoftReferences: 0.0ms
[259.857s][debug][gc,phases,ref     ] GC(1432)         SoftRef (ms):             skipped
[259.857s][debug][gc,phases,ref     ] GC(1432)       Notify Soft/WeakReferences: 0.0ms
[259.857s][debug][gc,phases,ref     ] GC(1432)         SoftRef (ms):             skipped
[259.857s][debug][gc,phases,ref     ] GC(1432)         WeakRef (ms):             skipped
[259.857s][debug][gc,phases,ref     ] GC(1432)         FinalRef (ms):            skipped
[259.857s][debug][gc,phases,ref     ] GC(1432)         Total (ms):               skipped
[259.857s][debug][gc,phases,ref     ] GC(1432)       Notify and keep alive finalizable: 0.0ms
[259.857s][debug][gc,phases,ref     ] GC(1432)         FinalRef (ms):            skipped
[259.857s][debug][gc,phases,ref     ] GC(1432)       Notify PhantomReferences: 0.0ms
[259.857s][debug][gc,phases,ref     ] GC(1432)         PhantomRef (ms):          skipped
[259.857s][debug][gc,phases,ref     ] GC(1432)       SoftReference:
[259.857s][debug][gc,phases,ref     ] GC(1432)         Discovered: 0
[259.857s][debug][gc,phases,ref     ] GC(1432)         Cleared: 0
[259.857s][debug][gc,phases,ref     ] GC(1432)       WeakReference:
[259.857s][debug][gc,phases,ref     ] GC(1432)         Discovered: 0
[259.857s][debug][gc,phases,ref     ] GC(1432)         Cleared: 0
[259.857s][debug][gc,phases,ref     ] GC(1432)       FinalReference:
[259.857s][debug][gc,phases,ref     ] GC(1432)         Discovered: 0
[259.857s][debug][gc,phases,ref     ] GC(1432)         Cleared: 0
[259.857s][debug][gc,phases,ref     ] GC(1432)       PhantomReference:
[259.857s][debug][gc,phases,ref     ] GC(1432)         Discovered: 0
[259.857s][debug][gc,phases,ref     ] GC(1432)         Cleared: 0
[259.857s][debug][gc,phases         ] GC(1432)     Weak Processing: 0.1ms
[259.857s][debug][gc,phases         ] GC(1432)       JVMTI weak processing: 0.0ms
[259.857s][debug][gc,phases         ] GC(1432)         Dead: 0
[259.857s][debug][gc,phases         ] GC(1432)         Total: 0
[259.857s][debug][gc,phases         ] GC(1432)       JFR weak processing: 0.0ms
[259.857s][debug][gc,phases         ] GC(1432)         Dead: 0
[259.857s][debug][gc,phases         ] GC(1432)         Total: 0
[259.857s][debug][gc,phases         ] GC(1432)       JNI weak                  Min:  0.0, Avg:  0.0, Max:  0.0, Diff:  0.0, Sum:  0.0, Workers: 5
[259.857s][debug][gc,phases         ] GC(1432)         Dead                      Min: 0, Avg:  0.0, Max: 0, Diff: 0, Sum: 0, Workers: 5
[259.857s][debug][gc,phases         ] GC(1432)         Total                     Min: 0, Avg: 21.8, Max: 64, Diff: 64, Sum: 109, Workers: 5
[259.857s][debug][gc,phases         ] GC(1432)       VM weak                   Min:  0.0, Avg:  0.0, Max:  0.0, Diff:  0.0, Sum:  0.0, Workers: 5
[259.857s][debug][gc,phases         ] GC(1432)         Dead                      Min: 0, Avg:  0.0, Max: 0, Diff: 0, Sum: 0, Workers: 5
[259.857s][debug][gc,phases         ] GC(1432)         Total                     Min: 0, Avg: 42.6, Max: 128, Diff: 128, Sum: 213, Workers: 5
[259.857s][debug][gc,phases         ] GC(1432)       StringTable weak          Min:  0.0, Avg:  0.0, Max:  0.0, Diff:  0.0, Sum:  0.1, Workers: 5
[259.857s][debug][gc,phases         ] GC(1432)         Dead                      Min: 0, Avg:  0.0, Max: 0, Diff: 0, Sum: 0, Workers: 5
[259.857s][debug][gc,phases         ] GC(1432)         Total                     Min: 0, Avg: 721.8, Max: 1727, Diff: 1727, Sum: 3609, Workers: 5
[259.857s][debug][gc,phases         ] GC(1432)       ResolvedMethodTable weak  Min:  0.0, Avg:  0.0, Max:  0.0, Diff:  0.0, Sum:  0.0, Workers: 5
[259.857s][debug][gc,phases         ] GC(1432)         Dead                      Min: 0, Avg:  0.0, Max: 0, Diff: 0, Sum: 0, Workers: 5
[259.857s][debug][gc,phases         ] GC(1432)         Total                     Min: 0, Avg: 114.8, Max: 256, Diff: 256, Sum: 574, Workers: 5
[259.857s][debug][gc,phases         ] GC(1432)     Merge Per-Thread State: 0.0ms
[259.857s][debug][gc,phases         ] GC(1432)       Copied Bytes              Min: 456, Avg: 350320.0, Max: 400744, Diff: 400288, Sum: 2802560, Workers: 8
[259.857s][debug][gc,phases         ] GC(1432)       LAB Waste                 Min: 0, Avg:  0.0, Max: 0, Diff: 0, Sum: 0, Workers: 8
[259.857s][debug][gc,phases         ] GC(1432)       LAB Undo Waste            Min: 0, Avg:  0.0, Max: 0, Diff: 0, Sum: 0, Workers: 8
[259.857s][debug][gc,phases         ] GC(1432)     Code Roots Purge: 0.0ms
[259.857s][debug][gc,phases         ] GC(1432)     Redirty Cards: 0.0ms
[259.857s][debug][gc,phases         ] GC(1432)     DerivedPointerTable Update: 0.0ms
[259.857s][debug][gc,phases         ] GC(1432)     Free Collection Set: 0.2ms
[259.857s][debug][gc,phases         ] GC(1432)     Rebuild Free List: 0.1ms
[259.857s][debug][gc,phases         ] GC(1432)     Humongous Reclaim: 0.0ms
[259.857s][debug][gc,phases         ] GC(1432)     Start New Collection Set: 0.0ms
[259.857s][debug][gc,phases         ] GC(1432)     Resize TLABs: 0.0ms
[259.857s][debug][gc,phases         ] GC(1432)     Expand Heap After Collection: 0.0ms
[259.857s][info ][gc,phases         ] GC(1432)   Other: 0.3ms
[259.857s][info ][gc,heap           ] GC(1432) Eden regions: 866->0(867)
[259.857s][info ][gc,heap           ] GC(1432) Survivor regions: 5->4(109)
[259.857s][info ][gc,heap           ] GC(1432) Old regions: 18->18
[259.857s][info ][gc,heap           ] GC(1432) Archive regions: 2->2
[259.857s][info ][gc,heap           ] GC(1432) Humongous regions: 0->0
[259.857s][info ][gc,metaspace      ] GC(1432) Metaspace: 10458K(11136K)->10458K(11136K) NonClass: 9309K(9728K)->9309K(9728K) Class: 1149K(1408K)->1149K(1408K)
[259.857s][debug][gc,heap           ] GC(1432) Heap after GC invocations=1433 (full 1): garbage-first heap   total 1486848K, used 21826K [0x0000000700000000, 0x0000000800000000)
[259.857s][debug][gc,heap           ] GC(1432)   region size 1024K, 4 young (4096K), 4 survivors (4096K)
[259.857s][debug][gc,heap           ] GC(1432)  Metaspace       used 10458K, capacity 10758K, committed 11136K, reserved 1058816K
[259.857s][debug][gc,heap           ] GC(1432)   class space    used 1149K, capacity 1267K, committed 1408K, reserved 1048576K
[259.857s][info ][gc                ] GC(1432) Pause Young (Normal) (G1 Evacuation Pause) 888M->21M(1452M) 2.211ms
[259.857s][info ][gc,cpu            ] GC(1432) User=0.01s Sys=0.00s Real=0.00s
[259.857s][info ][safepoint         ] Safepoint "G1CollectForAllocation", Time since last: 42497435 ns, Reaching safepoint: 244875 ns, At safepoint: 2380816 ns, Total: 2625691 ns
[259.900s][debug][gc,heap           ] GC(1433) Heap before GC invocations=1433 (full 1): garbage-first heap   total 1486848K, used 908610K [0x0000000700000000, 0x0000000800000000)
[259.900s][debug][gc,heap           ] GC(1433)   region size 1024K, 871 young (891904K), 4 survivors (4096K)
[259.900s][debug][gc,heap           ] GC(1433)  Metaspace       used 10458K, capacity 10758K, committed 11136K, reserved 1058816K
[259.900s][debug][gc,heap           ] GC(1433)   class space    used 1149K, capacity 1267K, committed 1408K, reserved 1048576K
[259.900s][info ][gc,start          ] GC(1433) Pause Young (Normal) (G1 Evacuation Pause)
[259.900s][info ][gc,task           ] GC(1433) Using 8 workers of 8 for evacuation
[259.900s][debug][gc,tlab           ] GC(1433) TLAB totals: thrds: 8  refills: 15 max: 2 slow allocs: 1723 max 243 waste: 30.2% gc: 1416656B max: 232528B slow: 97776B max: 14304B fast: 0B max: 0B
[259.900s][debug][gc,age            ] GC(1433) Desired survivor size 57147392 bytes, new threshold 15 (max threshold 15)
[259.900s][debug][gc,alloc,region   ] GC(1433) Mutator Allocation stats, regions: 867, wasted size: 202M (23.4%)
[259.901s][debug][gc,ergo           ] GC(1433) Running G1 Merge Heap Roots using 8 workers for 871 regions
[259.901s][debug][gc,remset         ] GC(1433) Visited cards 512 Total dirty 4096 (12.50%) Total old 3608576 (0.01%)
[259.901s][debug][gc,ergo           ] GC(1433) Running G1 Clear Card Table Task using 2 workers for 2 units of work for 873 regions.
[259.901s][debug][gc,ref            ] GC(1433) Skipped phase1 of Reference Processing due to unavailable references
[259.901s][debug][gc,ref            ] GC(1433) Skipped phase2 of Reference Processing due to unavailable references
[259.901s][debug][gc,ref            ] GC(1433) Skipped phase3 of Reference Processing due to unavailable references
[259.901s][debug][gc,ref            ] GC(1433) Skipped phase4 of Reference Processing due to unavailable references
[259.902s][debug][gc,ergo           ] GC(1433) Running G1 Free Collection Set using 8 workers for collection set length 871 (1452)
[259.902s][debug][gc,ergo           ] GC(1433) Running G1 Rebuild Free List Task using 8 workers for rebuilding free list of 0 (4096) regions
[259.902s][trace][gc,age            ] GC(1433) Age table with threshold 15 (max threshold 15)
[259.902s][trace][gc,age            ] GC(1433) - age   1:    3602576 bytes,    3602576 total
[259.902s][debug][gc,plab           ] GC(1433) Young PLAB allocation: allocated: 16512B, wasted: 0B, unused: 14064B, used: 2448B, undo waste: 0B, 
[259.902s][debug][gc,plab           ] GC(1433) Young other allocation: region end waste: 981800B, regions filled: 5, direct allocated: 3600128B, failure used: 0B, failure wasted: 0B
[259.902s][debug][gc,plab           ] GC(1433) Young sizing: calculated: 0B, actual: 2064B
[259.902s][debug][gc,plab           ] GC(1433) Old PLAB allocation: allocated: 0B, wasted: 0B, unused: 0B, used: 0B, undo waste: 0B, 
[259.902s][debug][gc,plab           ] GC(1433) Old other allocation: region end waste: 0B, regions filled: 1, direct allocated: 0B, failure used: 0B, failure wasted: 0B
[259.902s][debug][gc,plab           ] GC(1433) Old sizing: calculated: 0B, actual: 2064B
[259.902s][debug][gc,ihop           ] GC(1433) Basic information (value update), threshold: 685139558B (45.00), target occupancy: 1522532352B, current occupancy: 23402664B, recent allocation size: 0B, recent allocation duration: 44.06ms, recent old gen allocation rate: 0.00B/s, recent marking phase length: 38.29ms
[259.902s][debug][gc,ihop           ] GC(1433) Adaptive IHOP information (value update), threshold: 685139558B (47.37), internal target occupancy: 1446405734B, occupancy: 23402664B, additional buffer size: 913309696B, predicted old gen allocation rate: 5.39B/s, predicted marking phase length: 76.58ms, prediction active: false
[259.902s][debug][gc,ergo,refine    ] GC(1433) Concurrent refinement times: Logged Cards Scan time goal: 20.00ms Logged Cards Scan time: 0.00ms HCC time: 0.00ms
[259.902s][debug][gc,ergo,refine    ] GC(1433) Updated Refinement Zones: green: 2048, yellow: 6144, red: 10240
[259.902s][info ][gc,phases         ] GC(1433)   Pre Evacuate Collection Set: 0.1ms
[259.902s][debug][gc,phases         ] GC(1433)     Prepare TLABs: 0.0ms
[259.902s][debug][gc,phases         ] GC(1433)     Choose Collection Set: 0.0ms
[259.902s][debug][gc,phases         ] GC(1433)     Region Register: 0.1ms
[259.902s][debug][gc,phases         ] GC(1433)     Prepare Heap Roots: 0.0ms
[259.902s][info ][gc,phases         ] GC(1433)   Merge Heap Roots: 0.1ms
[259.902s][debug][gc,phases         ] GC(1433)     Prepare Merge Heap Roots: 0.0ms
[259.902s][debug][gc,phases         ] GC(1433)     Eager Reclaim (ms):       skipped
[259.902s][debug][gc,phases         ] GC(1433)     Remembered Sets (ms):     Min:  0.0, Avg:  0.0, Max:  0.1, Diff:  0.0, Sum:  0.3, Workers: 8
[259.902s][debug][gc,phases         ] GC(1433)       Merged Sparse:            Min: 0, Avg:  0.0, Max: 0, Diff: 0, Sum: 0, Workers: 8
[259.902s][debug][gc,phases         ] GC(1433)       Merged Fine:              Min: 0, Avg:  0.0, Max: 0, Diff: 0, Sum: 0, Workers: 8
[259.902s][debug][gc,phases         ] GC(1433)       Merged Coarse:            Min: 0, Avg:  0.0, Max: 0, Diff: 0, Sum: 0, Workers: 8
[259.902s][debug][gc,phases         ] GC(1433)       Dirty Cards:              Min: 0, Avg:  0.0, Max: 0, Diff: 0, Sum: 0, Workers: 8
[259.902s][debug][gc,phases         ] GC(1433)     Hot Card Cache (ms):      Min:  0.0, Avg:  0.0, Max:  0.0, Diff:  0.0, Sum:  0.0, Workers: 8
[259.902s][debug][gc,phases         ] GC(1433)       Dirty Cards:              Min: 0, Avg:  0.0, Max: 0, Diff: 0, Sum: 0, Workers: 8
[259.902s][debug][gc,phases         ] GC(1433)       Skipped Cards:            Min: 0, Avg:  0.0, Max: 0, Diff: 0, Sum: 0, Workers: 8
[259.902s][debug][gc,phases         ] GC(1433)     Log Buffers (ms):         Min:  0.0, Avg:  0.0, Max:  0.0, Diff:  0.0, Sum:  0.0, Workers: 8
[259.902s][debug][gc,phases         ] GC(1433)       Dirty Cards:              Min: 0, Avg:  0.2, Max: 2, Diff: 2, Sum: 2, Workers: 8
[259.902s][debug][gc,phases         ] GC(1433)       Skipped Cards:            Min: 0, Avg:  0.0, Max: 0, Diff: 0, Sum: 0, Workers: 8
[259.902s][info ][gc,phases         ] GC(1433)   Evacuate Collection Set: 0.5ms
[259.902s][debug][gc,phases         ] GC(1433)     Ext Root Scanning (ms):   Min:  0.2, Avg:  0.3, Max:  0.4, Diff:  0.2, Sum:  2.0, Workers: 8
[259.902s][debug][gc,phases         ] GC(1433)     Scan Heap Roots (ms):     Min:  0.0, Avg:  0.0, Max:  0.0, Diff:  0.0, Sum:  0.0, Workers: 8
[259.902s][debug][gc,phases         ] GC(1433)       Scanned Cards:            Min: 0, Avg:  0.2, Max: 1, Diff: 1, Sum: 2, Workers: 8
[259.902s][debug][gc,phases         ] GC(1433)       Scanned Blocks:           Min: 0, Avg:  0.2, Max: 1, Diff: 1, Sum: 2, Workers: 8
[259.902s][debug][gc,phases         ] GC(1433)       Claimed Chunks:           Min: 0, Avg:  0.2, Max: 1, Diff: 1, Sum: 2, Workers: 8
[259.902s][debug][gc,phases         ] GC(1433)     Code Root Scan (ms):      Min:  0.0, Avg:  0.0, Max:  0.0, Diff:  0.0, Sum:  0.1, Workers: 8
[259.902s][debug][gc,phases         ] GC(1433)     Object Copy (ms):         Min:  0.0, Avg:  0.0, Max:  0.0, Diff:  0.0, Sum:  0.0, Workers: 8
[259.902s][debug][gc,phases         ] GC(1433)     Termination (ms):         Min:  0.0, Avg:  0.1, Max:  0.1, Diff:  0.1, Sum:  0.6, Workers: 8
[259.902s][debug][gc,phases         ] GC(1433)       Termination Attempts:     Min: 1, Avg:  1.4, Max: 2, Diff: 1, Sum: 11, Workers: 8
[259.902s][debug][gc,phases         ] GC(1433)     GC Worker Other (ms):     Min:  0.0, Avg:  0.0, Max:  0.1, Diff:  0.0, Sum:  0.3, Workers: 8
[259.902s][debug][gc,phases         ] GC(1433)     GC Worker Total (ms):     Min:  0.4, Avg:  0.4, Max:  0.4, Diff:  0.0, Sum:  3.2, Workers: 8
[259.902s][info ][gc,phases         ] GC(1433)   Post Evacuate Collection Set: 0.7ms
[259.902s][debug][gc,phases         ] GC(1433)     Code Roots Fixup: 0.0ms
[259.902s][debug][gc,phases         ] GC(1433)     Clear Card Table: 0.3ms
[259.902s][debug][gc,phases         ] GC(1433)     Reference Processing: 0.0ms
[259.902s][debug][gc,phases,ref     ] GC(1433)       Reconsider SoftReferences: 0.0ms
[259.902s][debug][gc,phases,ref     ] GC(1433)         SoftRef (ms):             skipped
[259.902s][debug][gc,phases,ref     ] GC(1433)       Notify Soft/WeakReferences: 0.0ms
[259.902s][debug][gc,phases,ref     ] GC(1433)         SoftRef (ms):             skipped
[259.902s][debug][gc,phases,ref     ] GC(1433)         WeakRef (ms):             skipped
[259.902s][debug][gc,phases,ref     ] GC(1433)         FinalRef (ms):            skipped
[259.902s][debug][gc,phases,ref     ] GC(1433)         Total (ms):               skipped
[259.902s][debug][gc,phases,ref     ] GC(1433)       Notify and keep alive finalizable: 0.0ms
[259.902s][debug][gc,phases,ref     ] GC(1433)         FinalRef (ms):            skipped
[259.902s][debug][gc,phases,ref     ] GC(1433)       Notify PhantomReferences: 0.0ms
[259.902s][debug][gc,phases,ref     ] GC(1433)         PhantomRef (ms):          skipped
[259.902s][debug][gc,phases,ref     ] GC(1433)       SoftReference:
[259.902s][debug][gc,phases,ref     ] GC(1433)         Discovered: 0
[259.902s][debug][gc,phases,ref     ] GC(1433)         Cleared: 0
[259.902s][debug][gc,phases,ref     ] GC(1433)       WeakReference:
[259.902s][debug][gc,phases,ref     ] GC(1433)         Discovered: 0
[259.902s][debug][gc,phases,ref     ] GC(1433)         Cleared: 0
[259.902s][debug][gc,phases,ref     ] GC(1433)       FinalReference:
[259.902s][debug][gc,phases,ref     ] GC(1433)         Discovered: 0
[259.902s][debug][gc,phases,ref     ] GC(1433)         Cleared: 0
[259.902s][debug][gc,phases,ref     ] GC(1433)       PhantomReference:
[259.902s][debug][gc,phases,ref     ] GC(1433)         Discovered: 0
[259.902s][debug][gc,phases,ref     ] GC(1433)         Cleared: 0
[259.902s][debug][gc,phases         ] GC(1433)     Weak Processing: 0.0ms
[259.902s][debug][gc,phases         ] GC(1433)       JVMTI weak processing: 0.0ms
[259.902s][debug][gc,phases         ] GC(1433)         Dead: 0
[259.902s][debug][gc,phases         ] GC(1433)         Total: 0
[259.902s][debug][gc,phases         ] GC(1433)       JFR weak processing: 0.0ms
[259.902s][debug][gc,phases         ] GC(1433)         Dead: 0
[259.902s][debug][gc,phases         ] GC(1433)         Total: 0
[259.902s][debug][gc,phases         ] GC(1433)       JNI weak                  Min:  0.0, Avg:  0.0, Max:  0.0, Diff:  0.0, Sum:  0.0, Workers: 5
[259.902s][debug][gc,phases         ] GC(1433)         Dead                      Min: 0, Avg:  0.0, Max: 0, Diff: 0, Sum: 0, Workers: 5
[259.902s][debug][gc,phases         ] GC(1433)         Total                     Min: 0, Avg: 21.8, Max: 109, Diff: 109, Sum: 109, Workers: 5
[259.902s][debug][gc,phases         ] GC(1433)       VM weak                   Min:  0.0, Avg:  0.0, Max:  0.0, Diff:  0.0, Sum:  0.0, Workers: 5
[259.902s][debug][gc,phases         ] GC(1433)         Dead                      Min: 0, Avg:  0.0, Max: 0, Diff: 0, Sum: 0, Workers: 5
[259.902s][debug][gc,phases         ] GC(1433)         Total                     Min: 0, Avg: 42.6, Max: 128, Diff: 128, Sum: 213, Workers: 5
[259.902s][debug][gc,phases         ] GC(1433)       StringTable weak          Min:  0.0, Avg:  0.0, Max:  0.0, Diff:  0.0, Sum:  0.1, Workers: 5
[259.902s][debug][gc,phases         ] GC(1433)         Dead                      Min: 0, Avg:  0.0, Max: 0, Diff: 0, Sum: 0, Workers: 5
[259.902s][debug][gc,phases         ] GC(1433)         Total                     Min: 0, Avg: 721.8, Max: 1152, Diff: 1152, Sum: 3609, Workers: 5
[259.902s][debug][gc,phases         ] GC(1433)       ResolvedMethodTable weak  Min:  0.0, Avg:  0.0, Max:  0.0, Diff:  0.0, Sum:  0.0, Workers: 5
[259.903s][debug][gc,phases         ] GC(1433)         Dead                      Min: 0, Avg:  0.0, Max: 0, Diff: 0, Sum: 0, Workers: 5
[259.903s][debug][gc,phases         ] GC(1433)         Total                     Min: 0, Avg: 114.8, Max: 190, Diff: 190, Sum: 574, Workers: 5
[259.903s][debug][gc,phases         ] GC(1433)     Merge Per-Thread State: 0.0ms
[259.903s][debug][gc,phases         ] GC(1433)       Copied Bytes              Min: 904, Avg: 450322.0, Max: 800176, Diff: 799272, Sum: 3602576, Workers: 8
[259.903s][debug][gc,phases         ] GC(1433)       LAB Waste                 Min: 0, Avg:  0.0, Max: 0, Diff: 0, Sum: 0, Workers: 8
[259.903s][debug][gc,phases         ] GC(1433)       LAB Undo Waste            Min: 0, Avg:  0.0, Max: 0, Diff: 0, Sum: 0, Workers: 8
[259.903s][debug][gc,phases         ] GC(1433)     Code Roots Purge: 0.0ms
[259.903s][debug][gc,phases         ] GC(1433)     Redirty Cards: 0.0ms
[259.903s][debug][gc,phases         ] GC(1433)     DerivedPointerTable Update: 0.0ms
[259.903s][debug][gc,phases         ] GC(1433)     Free Collection Set: 0.2ms
[259.903s][debug][gc,phases         ] GC(1433)     Rebuild Free List: 0.1ms
[259.903s][debug][gc,phases         ] GC(1433)     Humongous Reclaim: 0.0ms
[259.903s][debug][gc,phases         ] GC(1433)     Start New Collection Set: 0.0ms
[259.903s][debug][gc,phases         ] GC(1433)     Resize TLABs: 0.0ms
[259.903s][debug][gc,phases         ] GC(1433)     Expand Heap After Collection: 0.0ms
[259.903s][info ][gc,phases         ] GC(1433)   Other: 0.3ms
[259.903s][info ][gc,heap           ] GC(1433) Eden regions: 867->0(866)
[259.903s][info ][gc,heap           ] GC(1433) Survivor regions: 4->5(109)
[259.903s][info ][gc,heap           ] GC(1433) Old regions: 18->18
[259.903s][info ][gc,heap           ] GC(1433) Archive regions: 2->2
[259.903s][info ][gc,heap           ] GC(1433) Humongous regions: 0->0
[259.903s][info ][gc,metaspace      ] GC(1433) Metaspace: 10458K(11136K)->10458K(11136K) NonClass: 9309K(9728K)->9309K(9728K) Class: 1149K(1408K)->1149K(1408K)
[259.903s][debug][gc,heap           ] GC(1433) Heap after GC invocations=1434 (full 1): garbage-first heap   total 1486848K, used 22854K [0x0000000700000000, 0x0000000800000000)
[259.903s][debug][gc,heap           ] GC(1433)   region size 1024K, 5 young (5120K), 5 survivors (5120K)
[259.903s][debug][gc,heap           ] GC(1433)  Metaspace       used 10458K, capacity 10758K, committed 11136K, reserved 1058816K
[259.903s][debug][gc,heap           ] GC(1433)   class space    used 1149K, capacity 1267K, committed 1408K, reserved 1048576K
[259.903s][info ][gc                ] GC(1433) Pause Young (Normal) (G1 Evacuation Pause) 888M->22M(1452M) 2.334ms
[259.903s][info ][gc,cpu            ] GC(1433) User=0.01s Sys=0.00s Real=0.00s
[259.903s][info ][safepoint         ] Safepoint "G1CollectForAllocation", Time since last: 42914962 ns, Reaching safepoint: 183872 ns, At safepoint: 2597318 ns, Total: 2781190 ns
[259.948s][debug][gc,heap           ] GC(1434) Heap before GC invocations=1434 (full 1): garbage-first heap   total 1486848K, used 908614K [0x0000000700000000, 0x0000000800000000)
[259.949s][debug][gc,heap           ] GC(1434)   region size 1024K, 871 young (891904K), 5 survivors (5120K)
[259.949s][debug][gc,heap           ] GC(1434)  Metaspace       used 10458K, capacity 10758K, committed 11136K, reserved 1058816K
[259.949s][debug][gc,heap           ] GC(1434)   class space    used 1149K, capacity 1267K, committed 1408K, reserved 1048576K
[259.949s][info ][gc,start          ] GC(1434) Pause Young (Normal) (G1 Evacuation Pause)
[259.949s][info ][gc,task           ] GC(1434) Using 8 workers of 8 for evacuation
[259.949s][debug][gc,tlab           ] GC(1434) TLAB totals: thrds: 8  refills: 14 max: 3 slow allocs: 1724 max 292 waste: 18.6% gc: 835312B max: 200520B slow: 57168B max: 15096B fast: 0B max: 0B
[259.949s][debug][gc,age            ] GC(1434) Desired survivor size 57147392 bytes, new threshold 15 (max threshold 15)
[259.949s][debug][gc,alloc,region   ] GC(1434) Mutator Allocation stats, regions: 866, wasted size: 203M (23.5%)
[259.949s][debug][gc,ergo           ] GC(1434) Running G1 Merge Heap Roots using 8 workers for 871 regions
[259.949s][debug][gc,remset         ] GC(1434) Visited cards 256 Total dirty 2048 (12.50%) Total old 3608576 (0.01%)
[259.949s][debug][gc,ergo           ] GC(1434) Running G1 Clear Card Table Task using 2 workers for 2 units of work for 872 regions.
[259.950s][debug][gc,ref            ] GC(1434) Skipped phase1 of Reference Processing due to unavailable references
[259.950s][debug][gc,ref            ] GC(1434) Skipped phase2 of Reference Processing due to unavailable references
[259.950s][debug][gc,ref            ] GC(1434) Skipped phase3 of Reference Processing due to unavailable references
[259.950s][debug][gc,ref            ] GC(1434) Skipped phase4 of Reference Processing due to unavailable references
[259.950s][debug][gc,ergo           ] GC(1434) Running G1 Free Collection Set using 8 workers for collection set length 871 (1452)
[259.950s][debug][gc,ergo           ] GC(1434) Running G1 Rebuild Free List Task using 8 workers for rebuilding free list of 0 (4096) regions
[259.950s][trace][gc,age            ] GC(1434) Age table with threshold 15 (max threshold 15)
[259.950s][trace][gc,age            ] GC(1434) - age   1:    2002528 bytes,    2002528 total
[259.950s][debug][gc,plab           ] GC(1434) Young PLAB allocation: allocated: 16512B, wasted: 0B, unused: 14064B, used: 2448B, undo waste: 0B, 
[259.950s][debug][gc,plab           ] GC(1434) Young other allocation: region end waste: 480576B, regions filled: 3, direct allocated: 2000080B, failure used: 0B, failure wasted: 0B
[259.950s][debug][gc,plab           ] GC(1434) Young sizing: calculated: 0B, actual: 2064B
[259.950s][debug][gc,plab           ] GC(1434) Old PLAB allocation: allocated: 0B, wasted: 0B, unused: 0B, used: 0B, undo waste: 0B, 
[259.950s][debug][gc,plab           ] GC(1434) Old other allocation: region end waste: 0B, regions filled: 1, direct allocated: 0B, failure used: 0B, failure wasted: 0B
[259.950s][debug][gc,plab           ] GC(1434) Old sizing: calculated: 0B, actual: 2064B
[259.950s][debug][gc,ihop           ] GC(1434) Basic information (value update), threshold: 685139558B (45.00), target occupancy: 1522532352B, current occupancy: 21301392B, recent allocation size: 0B, recent allocation duration: 46.69ms, recent old gen allocation rate: 0.00B/s, recent marking phase length: 38.29ms
[259.950s][debug][gc,ihop           ] GC(1434) Adaptive IHOP information (value update), threshold: 685139558B (47.37), internal target occupancy: 1446405734B, occupancy: 21301392B, additional buffer size: 913309696B, predicted old gen allocation rate: 5.26B/s, predicted marking phase length: 76.58ms, prediction active: false
[259.950s][debug][gc,ergo,refine    ] GC(1434) Concurrent refinement times: Logged Cards Scan time goal: 20.00ms Logged Cards Scan time: 0.00ms HCC time: 0.00ms
[259.950s][debug][gc,ergo,refine    ] GC(1434) Updated Refinement Zones: green: 2048, yellow: 6144, red: 10240
[259.950s][info ][gc,phases         ] GC(1434)   Pre Evacuate Collection Set: 0.1ms
[259.950s][debug][gc,phases         ] GC(1434)     Prepare TLABs: 0.0ms
[259.950s][debug][gc,phases         ] GC(1434)     Choose Collection Set: 0.0ms
[259.950s][debug][gc,phases         ] GC(1434)     Region Register: 0.1ms
[259.950s][debug][gc,phases         ] GC(1434)     Prepare Heap Roots: 0.0ms
[259.950s][info ][gc,phases         ] GC(1434)   Merge Heap Roots: 0.1ms
[259.950s][debug][gc,phases         ] GC(1434)     Prepare Merge Heap Roots: 0.0ms
[259.950s][debug][gc,phases         ] GC(1434)     Eager Reclaim (ms):       skipped
[259.950s][debug][gc,phases         ] GC(1434)     Remembered Sets (ms):     Min:  0.0, Avg:  0.0, Max:  0.1, Diff:  0.0, Sum:  0.3, Workers: 8
[259.950s][debug][gc,phases         ] GC(1434)       Merged Sparse:            Min: 0, Avg:  0.0, Max: 0, Diff: 0, Sum: 0, Workers: 8
[259.950s][debug][gc,phases         ] GC(1434)       Merged Fine:              Min: 0, Avg:  0.0, Max: 0, Diff: 0, Sum: 0, Workers: 8
[259.950s][debug][gc,phases         ] GC(1434)       Merged Coarse:            Min: 0, Avg:  0.0, Max: 0, Diff: 0, Sum: 0, Workers: 8
[259.950s][debug][gc,phases         ] GC(1434)       Dirty Cards:              Min: 0, Avg:  0.0, Max: 0, Diff: 0, Sum: 0, Workers: 8
[259.950s][debug][gc,phases         ] GC(1434)     Hot Card Cache (ms):      Min:  0.0, Avg:  0.0, Max:  0.0, Diff:  0.0, Sum:  0.0, Workers: 8
[259.950s][debug][gc,phases         ] GC(1434)       Dirty Cards:              Min: 0, Avg:  0.0, Max: 0, Diff: 0, Sum: 0, Workers: 8
[259.950s][debug][gc,phases         ] GC(1434)       Skipped Cards:            Min: 0, Avg:  0.0, Max: 0, Diff: 0, Sum: 0, Workers: 8
[259.950s][debug][gc,phases         ] GC(1434)     Log Buffers (ms):         Min:  0.0, Avg:  0.0, Max:  0.0, Diff:  0.0, Sum:  0.0, Workers: 8
[259.950s][debug][gc,phases         ] GC(1434)       Dirty Cards:              Min: 0, Avg:  0.1, Max: 1, Diff: 1, Sum: 1, Workers: 8
[259.950s][debug][gc,phases         ] GC(1434)       Skipped Cards:            Min: 0, Avg:  0.0, Max: 0, Diff: 0, Sum: 0, Workers: 8
[259.950s][info ][gc,phases         ] GC(1434)   Evacuate Collection Set: 0.3ms
[259.950s][debug][gc,phases         ] GC(1434)     Ext Root Scanning (ms):   Min:  0.0, Avg:  0.1, Max:  0.2, Diff:  0.2, Sum:  1.0, Workers: 8
[259.950s][debug][gc,phases         ] GC(1434)     Scan Heap Roots (ms):     Min:  0.0, Avg:  0.0, Max:  0.0, Diff:  0.0, Sum:  0.0, Workers: 8
[259.950s][debug][gc,phases         ] GC(1434)       Scanned Cards:            Min: 0, Avg:  0.1, Max: 1, Diff: 1, Sum: 1, Workers: 8
[259.950s][debug][gc,phases         ] GC(1434)       Scanned Blocks:           Min: 0, Avg:  0.1, Max: 1, Diff: 1, Sum: 1, Workers: 8
[259.950s][debug][gc,phases         ] GC(1434)       Claimed Chunks:           Min: 0, Avg:  0.1, Max: 1, Diff: 1, Sum: 1, Workers: 8
[259.950s][debug][gc,phases         ] GC(1434)     Code Root Scan (ms):      Min:  0.0, Avg:  0.0, Max:  0.1, Diff:  0.1, Sum:  0.2, Workers: 8
[259.950s][debug][gc,phases         ] GC(1434)     Object Copy (ms):         Min:  0.0, Avg:  0.0, Max:  0.0, Diff:  0.0, Sum:  0.0, Workers: 8
[259.950s][debug][gc,phases         ] GC(1434)     Termination (ms):         Min:  0.0, Avg:  0.1, Max:  0.1, Diff:  0.1, Sum:  0.6, Workers: 8
[259.950s][debug][gc,phases         ] GC(1434)       Termination Attempts:     Min: 1, Avg:  1.1, Max: 2, Diff: 1, Sum: 9, Workers: 8
[259.950s][debug][gc,phases         ] GC(1434)     GC Worker Other (ms):     Min:  0.0, Avg:  0.0, Max:  0.1, Diff:  0.1, Sum:  0.4, Workers: 8
[259.950s][debug][gc,phases         ] GC(1434)     GC Worker Total (ms):     Min:  0.2, Avg:  0.3, Max:  0.3, Diff:  0.1, Sum:  2.2, Workers: 8
[259.950s][info ][gc,phases         ] GC(1434)   Post Evacuate Collection Set: 0.7ms
[259.950s][debug][gc,phases         ] GC(1434)     Code Roots Fixup: 0.0ms
[259.950s][debug][gc,phases         ] GC(1434)     Clear Card Table: 0.2ms
[259.950s][debug][gc,phases         ] GC(1434)     Reference Processing: 0.0ms
[259.950s][debug][gc,phases,ref     ] GC(1434)       Reconsider SoftReferences: 0.0ms
[259.950s][debug][gc,phases,ref     ] GC(1434)         SoftRef (ms):             skipped
[259.950s][debug][gc,phases,ref     ] GC(1434)       Notify Soft/WeakReferences: 0.0ms
[259.950s][debug][gc,phases,ref     ] GC(1434)         SoftRef (ms):             skipped
[259.950s][debug][gc,phases,ref     ] GC(1434)         WeakRef (ms):             skipped
[259.950s][debug][gc,phases,ref     ] GC(1434)         FinalRef (ms):            skipped
[259.950s][debug][gc,phases,ref     ] GC(1434)         Total (ms):               skipped
[259.950s][debug][gc,phases,ref     ] GC(1434)       Notify and keep alive finalizable: 0.0ms
[259.950s][debug][gc,phases,ref     ] GC(1434)         FinalRef (ms):            skipped
[259.950s][debug][gc,phases,ref     ] GC(1434)       Notify PhantomReferences: 0.0ms
[259.950s][debug][gc,phases,ref     ] GC(1434)         PhantomRef (ms):          skipped
[259.950s][debug][gc,phases,ref     ] GC(1434)       SoftReference:
[259.950s][debug][gc,phases,ref     ] GC(1434)         Discovered: 0
[259.950s][debug][gc,phases,ref     ] GC(1434)         Cleared: 0
[259.951s][debug][gc,phases,ref     ] GC(1434)       WeakReference:
[259.951s][debug][gc,phases,ref     ] GC(1434)         Discovered: 0
[259.951s][debug][gc,phases,ref     ] GC(1434)         Cleared: 0
[259.951s][debug][gc,phases,ref     ] GC(1434)       FinalReference:
[259.951s][debug][gc,phases,ref     ] GC(1434)         Discovered: 0
[259.951s][debug][gc,phases,ref     ] GC(1434)         Cleared: 0
[259.951s][debug][gc,phases,ref     ] GC(1434)       PhantomReference:
[259.951s][debug][gc,phases,ref     ] GC(1434)         Discovered: 0
[259.951s][debug][gc,phases,ref     ] GC(1434)         Cleared: 0
[259.951s][debug][gc,phases         ] GC(1434)     Weak Processing: 0.1ms
[259.951s][debug][gc,phases         ] GC(1434)       JVMTI weak processing: 0.0ms
[259.951s][debug][gc,phases         ] GC(1434)         Dead: 0
[259.951s][debug][gc,phases         ] GC(1434)         Total: 0
[259.951s][debug][gc,phases         ] GC(1434)       JFR weak processing: 0.0ms
[259.951s][debug][gc,phases         ] GC(1434)         Dead: 0
[259.951s][debug][gc,phases         ] GC(1434)         Total: 0
[259.951s][debug][gc,phases         ] GC(1434)       JNI weak                  Min:  0.0, Avg:  0.0, Max:  0.0, Diff:  0.0, Sum:  0.0, Workers: 5
[259.951s][debug][gc,phases         ] GC(1434)         Dead                      Min: 0, Avg:  0.0, Max: 0, Diff: 0, Sum: 0, Workers: 5
[259.951s][debug][gc,phases         ] GC(1434)         Total                     Min: 0, Avg: 21.8, Max: 64, Diff: 64, Sum: 109, Workers: 5
[259.951s][debug][gc,phases         ] GC(1434)       VM weak                   Min:  0.0, Avg:  0.0, Max:  0.0, Diff:  0.0, Sum:  0.0, Workers: 5
[259.951s][debug][gc,phases         ] GC(1434)         Dead                      Min: 0, Avg:  0.0, Max: 0, Diff: 0, Sum: 0, Workers: 5
[259.951s][debug][gc,phases         ] GC(1434)         Total                     Min: 0, Avg: 42.6, Max: 128, Diff: 128, Sum: 213, Workers: 5
[259.951s][debug][gc,phases         ] GC(1434)       StringTable weak          Min:  0.0, Avg:  0.0, Max:  0.0, Diff:  0.0, Sum:  0.1, Workers: 5
[259.951s][debug][gc,phases         ] GC(1434)         Dead                      Min: 0, Avg:  0.0, Max: 0, Diff: 0, Sum: 0, Workers: 5
[259.951s][debug][gc,phases         ] GC(1434)         Total                     Min: 0, Avg: 721.8, Max: 1754, Diff: 1754, Sum: 3609, Workers: 5
[259.951s][debug][gc,phases         ] GC(1434)       ResolvedMethodTable weak  Min:  0.0, Avg:  0.0, Max:  0.0, Diff:  0.0, Sum:  0.0, Workers: 5
[259.951s][debug][gc,phases         ] GC(1434)         Dead                      Min: 0, Avg:  0.0, Max: 0, Diff: 0, Sum: 0, Workers: 5
[259.951s][debug][gc,phases         ] GC(1434)         Total                     Min: 0, Avg: 114.8, Max: 190, Diff: 190, Sum: 574, Workers: 5
[259.951s][debug][gc,phases         ] GC(1434)     Merge Per-Thread State: 0.0ms
[259.951s][debug][gc,phases         ] GC(1434)       Copied Bytes              Min: 72, Avg: 250316.0, Max: 400520, Diff: 400448, Sum: 2002528, Workers: 8
[259.951s][debug][gc,phases         ] GC(1434)       LAB Waste                 Min: 0, Avg:  0.0, Max: 0, Diff: 0, Sum: 0, Workers: 8
[259.951s][debug][gc,phases         ] GC(1434)       LAB Undo Waste            Min: 0, Avg:  0.0, Max: 0, Diff: 0, Sum: 0, Workers: 8
[259.951s][debug][gc,phases         ] GC(1434)     Code Roots Purge: 0.0ms
[259.951s][debug][gc,phases         ] GC(1434)     Redirty Cards: 0.1ms
[259.951s][debug][gc,phases         ] GC(1434)     DerivedPointerTable Update: 0.0ms
[259.951s][debug][gc,phases         ] GC(1434)     Free Collection Set: 0.2ms
[259.951s][debug][gc,phases         ] GC(1434)     Rebuild Free List: 0.1ms
[259.951s][debug][gc,phases         ] GC(1434)     Humongous Reclaim: 0.0ms
[259.951s][debug][gc,phases         ] GC(1434)     Start New Collection Set: 0.0ms
[259.951s][debug][gc,phases         ] GC(1434)     Resize TLABs: 0.0ms
[259.951s][debug][gc,phases         ] GC(1434)     Expand Heap After Collection: 0.0ms
[259.951s][info ][gc,phases         ] GC(1434)   Other: 0.4ms
[259.951s][info ][gc,heap           ] GC(1434) Eden regions: 866->0(868)
[259.951s][info ][gc,heap           ] GC(1434) Survivor regions: 5->3(109)
[259.951s][info ][gc,heap           ] GC(1434) Old regions: 18->18
[259.951s][info ][gc,heap           ] GC(1434) Archive regions: 2->2
[259.951s][info ][gc,heap           ] GC(1434) Humongous regions: 0->0
[259.951s][info ][gc,metaspace      ] GC(1434) Metaspace: 10458K(11136K)->10458K(11136K) NonClass: 9309K(9728K)->9309K(9728K) Class: 1149K(1408K)->1149K(1408K)
[259.951s][debug][gc,heap           ] GC(1434) Heap after GC invocations=1435 (full 1): garbage-first heap   total 1486848K, used 20802K [0x0000000700000000, 0x0000000800000000)
[259.951s][debug][gc,heap           ] GC(1434)   region size 1024K, 3 young (3072K), 3 survivors (3072K)
[259.951s][debug][gc,heap           ] GC(1434)  Metaspace       used 10458K, capacity 10758K, committed 11136K, reserved 1058816K
[259.951s][debug][gc,heap           ] GC(1434)   class space    used 1149K, capacity 1267K, committed 1408K, reserved 1048576K
[259.951s][info ][gc                ] GC(1434) Pause Young (Normal) (G1 Evacuation Pause) 888M->20M(1452M) 2.272ms
[259.951s][info ][gc,cpu            ] GC(1434) User=0.01s Sys=0.00s Real=0.01s
[259.951s][info ][safepoint         ] Safepoint "G1CollectForAllocation", Time since last: 45472888 ns, Reaching safepoint: 172608 ns, At safepoint: 2469938 ns, Total: 2642546 ns
[259.994s][debug][gc,heap           ] GC(1435) Heap before GC invocations=1435 (full 1): garbage-first heap   total 1486848K, used 908610K [0x0000000700000000, 0x0000000800000000)
[259.994s][debug][gc,heap           ] GC(1435)   region size 1024K, 871 young (891904K), 3 survivors (3072K)
[259.994s][debug][gc,heap           ] GC(1435)  Metaspace       used 10458K, capacity 10758K, committed 11136K, reserved 1058816K
[259.994s][debug][gc,heap           ] GC(1435)   class space    used 1149K, capacity 1267K, committed 1408K, reserved 1048576K
[259.994s][info ][gc,start          ] GC(1435) Pause Young (Normal) (G1 Evacuation Pause)
[259.994s][info ][gc,task           ] GC(1435) Using 8 workers of 8 for evacuation
[259.994s][debug][gc,tlab           ] GC(1435) TLAB totals: thrds: 8  refills: 14 max: 2 slow allocs: 1726 max 231 waste: 26.6% gc: 1182056B max: 221152B slow: 83864B max: 14304B fast: 0B max: 0B
[259.994s][debug][gc,age            ] GC(1435) Desired survivor size 57147392 bytes, new threshold 15 (max threshold 15)
[259.994s][debug][gc,alloc,region   ] GC(1435) Mutator Allocation stats, regions: 868, wasted size: 203M (23.4%)
[259.995s][debug][gc,ergo           ] GC(1435) Running G1 Merge Heap Roots using 8 workers for 871 regions
[259.995s][debug][gc,remset         ] GC(1435) Visited cards 256 Total dirty 2048 (12.50%) Total old 3608576 (0.01%)
[259.995s][debug][gc,ergo           ] GC(1435) Running G1 Clear Card Table Task using 2 workers for 2 units of work for 872 regions.
[259.995s][debug][gc,ref            ] GC(1435) Skipped phase1 of Reference Processing due to unavailable references
[259.995s][debug][gc,ref            ] GC(1435) Skipped phase2 of Reference Processing due to unavailable references
[259.996s][debug][gc,ref            ] GC(1435) Skipped phase3 of Reference Processing due to unavailable references
[259.996s][debug][gc,ref            ] GC(1435) Skipped phase4 of Reference Processing due to unavailable references
[259.996s][debug][gc,ergo           ] GC(1435) Running G1 Free Collection Set using 8 workers for collection set length 871 (1452)
[259.996s][debug][gc,ergo           ] GC(1435) Running G1 Rebuild Free List Task using 8 workers for rebuilding free list of 0 (4096) regions
[259.996s][trace][gc,age            ] GC(1435) Age table with threshold 15 (max threshold 15)
[259.996s][trace][gc,age            ] GC(1435) - age   1:    4402600 bytes,    4402600 total
[259.996s][debug][gc,plab           ] GC(1435) Young PLAB allocation: allocated: 16512B, wasted: 0B, unused: 14064B, used: 2448B, undo waste: 0B, 
[259.996s][debug][gc,plab           ] GC(1435) Young other allocation: region end waste: 1232416B, regions filled: 6, direct allocated: 4400152B, failure used: 0B, failure wasted: 0B
[259.996s][debug][gc,plab           ] GC(1435) Young sizing: calculated: 0B, actual: 2064B
[259.996s][debug][gc,plab           ] GC(1435) Old PLAB allocation: allocated: 0B, wasted: 0B, unused: 0B, used: 0B, undo waste: 0B, 
[259.996s][debug][gc,plab           ] GC(1435) Old other allocation: region end waste: 0B, regions filled: 1, direct allocated: 0B, failure used: 0B, failure wasted: 0B
[259.996s][debug][gc,plab           ] GC(1435) Old sizing: calculated: 0B, actual: 2064B
[259.996s][debug][gc,ihop           ] GC(1435) Basic information (value update), threshold: 685139558B (45.00), target occupancy: 1522532352B, current occupancy: 24453304B, recent allocation size: 0B, recent allocation duration: 44.35ms, recent old gen allocation rate: 0.00B/s, recent marking phase length: 38.29ms
[259.996s][debug][gc,ihop           ] GC(1435) Adaptive IHOP information (value update), threshold: 685139558B (47.37), internal target occupancy: 1446405734B, occupancy: 24453304B, additional buffer size: 913309696B, predicted old gen allocation rate: 5.12B/s, predicted marking phase length: 76.58ms, prediction active: false
[259.996s][debug][gc,ergo,refine    ] GC(1435) Concurrent refinement times: Logged Cards Scan time goal: 20.00ms Logged Cards Scan time: 0.00ms HCC time: 0.00ms
[259.996s][debug][gc,ergo,refine    ] GC(1435) Updated Refinement Zones: green: 2048, yellow: 6144, red: 10240
[259.996s][info ][gc,phases         ] GC(1435)   Pre Evacuate Collection Set: 0.1ms
[259.996s][debug][gc,phases         ] GC(1435)     Prepare TLABs: 0.0ms
[259.996s][debug][gc,phases         ] GC(1435)     Choose Collection Set: 0.0ms
[259.996s][debug][gc,phases         ] GC(1435)     Region Register: 0.1ms
[259.996s][debug][gc,phases         ] GC(1435)     Prepare Heap Roots: 0.0ms
[259.996s][info ][gc,phases         ] GC(1435)   Merge Heap Roots: 0.1ms
[259.996s][debug][gc,phases         ] GC(1435)     Prepare Merge Heap Roots: 0.0ms
[259.996s][debug][gc,phases         ] GC(1435)     Eager Reclaim (ms):       skipped
[259.996s][debug][gc,phases         ] GC(1435)     Remembered Sets (ms):     Min:  0.0, Avg:  0.0, Max:  0.1, Diff:  0.0, Sum:  0.3, Workers: 8
[259.996s][debug][gc,phases         ] GC(1435)       Merged Sparse:            Min: 0, Avg:  0.0, Max: 0, Diff: 0, Sum: 0, Workers: 8
[259.996s][debug][gc,phases         ] GC(1435)       Merged Fine:              Min: 0, Avg:  0.0, Max: 0, Diff: 0, Sum: 0, Workers: 8
[259.996s][debug][gc,phases         ] GC(1435)       Merged Coarse:            Min: 0, Avg:  0.0, Max: 0, Diff: 0, Sum: 0, Workers: 8
[259.996s][debug][gc,phases         ] GC(1435)       Dirty Cards:              Min: 0, Avg:  0.0, Max: 0, Diff: 0, Sum: 0, Workers: 8
[259.996s][debug][gc,phases         ] GC(1435)     Hot Card Cache (ms):      Min:  0.0, Avg:  0.0, Max:  0.0, Diff:  0.0, Sum:  0.0, Workers: 8
[259.996s][debug][gc,phases         ] GC(1435)       Dirty Cards:              Min: 0, Avg:  0.0, Max: 0, Diff: 0, Sum: 0, Workers: 8
[259.996s][debug][gc,phases         ] GC(1435)       Skipped Cards:            Min: 0, Avg:  0.0, Max: 0, Diff: 0, Sum: 0, Workers: 8
[259.996s][debug][gc,phases         ] GC(1435)     Log Buffers (ms):         Min:  0.0, Avg:  0.0, Max:  0.0, Diff:  0.0, Sum:  0.0, Workers: 8
[259.996s][debug][gc,phases         ] GC(1435)       Dirty Cards:              Min: 0, Avg:  0.1, Max: 1, Diff: 1, Sum: 1, Workers: 8
[259.996s][debug][gc,phases         ] GC(1435)       Skipped Cards:            Min: 0, Avg:  0.0, Max: 0, Diff: 0, Sum: 0, Workers: 8
[259.996s][info ][gc,phases         ] GC(1435)   Evacuate Collection Set: 0.5ms
[259.996s][debug][gc,phases         ] GC(1435)     Ext Root Scanning (ms):   Min:  0.3, Avg:  0.3, Max:  0.4, Diff:  0.2, Sum:  2.6, Workers: 8
[259.996s][debug][gc,phases         ] GC(1435)     Scan Heap Roots (ms):     Min:  0.0, Avg:  0.0, Max:  0.0, Diff:  0.0, Sum:  0.0, Workers: 8
[259.996s][debug][gc,phases         ] GC(1435)       Scanned Cards:            Min: 0, Avg:  0.1, Max: 1, Diff: 1, Sum: 1, Workers: 8
[259.996s][debug][gc,phases         ] GC(1435)       Scanned Blocks:           Min: 0, Avg:  0.1, Max: 1, Diff: 1, Sum: 1, Workers: 8
[259.996s][debug][gc,phases         ] GC(1435)       Claimed Chunks:           Min: 0, Avg:  0.1, Max: 1, Diff: 1, Sum: 1, Workers: 8
[259.996s][debug][gc,phases         ] GC(1435)     Code Root Scan (ms):      Min:  0.0, Avg:  0.0, Max:  0.0, Diff:  0.0, Sum:  0.2, Workers: 8
[259.996s][debug][gc,phases         ] GC(1435)     Object Copy (ms):         Min:  0.0, Avg:  0.0, Max:  0.0, Diff:  0.0, Sum:  0.0, Workers: 8
[259.996s][debug][gc,phases         ] GC(1435)     Termination (ms):         Min:  0.0, Avg:  0.1, Max:  0.1, Diff:  0.0, Sum:  0.4, Workers: 8
[259.996s][debug][gc,phases         ] GC(1435)       Termination Attempts:     Min: 1, Avg:  1.0, Max: 1, Diff: 0, Sum: 8, Workers: 8
[259.996s][debug][gc,phases         ] GC(1435)     GC Worker Other (ms):     Min:  0.0, Avg:  0.0, Max:  0.1, Diff:  0.1, Sum:  0.4, Workers: 8
[259.996s][debug][gc,phases         ] GC(1435)     GC Worker Total (ms):     Min:  0.4, Avg:  0.4, Max:  0.5, Diff:  0.0, Sum:  3.6, Workers: 8
[259.996s][info ][gc,phases         ] GC(1435)   Post Evacuate Collection Set: 0.6ms
[259.996s][debug][gc,phases         ] GC(1435)     Code Roots Fixup: 0.0ms
[259.996s][debug][gc,phases         ] GC(1435)     Clear Card Table: 0.2ms
[259.996s][debug][gc,phases         ] GC(1435)     Reference Processing: 0.1ms
[259.996s][debug][gc,phases,ref     ] GC(1435)       Reconsider SoftReferences: 0.0ms
[259.996s][debug][gc,phases,ref     ] GC(1435)         SoftRef (ms):             skipped
[259.996s][debug][gc,phases,ref     ] GC(1435)       Notify Soft/WeakReferences: 0.0ms
[259.996s][debug][gc,phases,ref     ] GC(1435)         SoftRef (ms):             skipped
[259.996s][debug][gc,phases,ref     ] GC(1435)         WeakRef (ms):             skipped
[259.996s][debug][gc,phases,ref     ] GC(1435)         FinalRef (ms):            skipped
[259.996s][debug][gc,phases,ref     ] GC(1435)         Total (ms):               skipped
[259.996s][debug][gc,phases,ref     ] GC(1435)       Notify and keep alive finalizable: 0.0ms
[259.996s][debug][gc,phases,ref     ] GC(1435)         FinalRef (ms):            skipped
[259.996s][debug][gc,phases,ref     ] GC(1435)       Notify PhantomReferences: 0.0ms
[259.996s][debug][gc,phases,ref     ] GC(1435)         PhantomRef (ms):          skipped
[259.996s][debug][gc,phases,ref     ] GC(1435)       SoftReference:
[259.996s][debug][gc,phases,ref     ] GC(1435)         Discovered: 0
[259.996s][debug][gc,phases,ref     ] GC(1435)         Cleared: 0
[259.996s][debug][gc,phases,ref     ] GC(1435)       WeakReference:
[259.996s][debug][gc,phases,ref     ] GC(1435)         Discovered: 0
[259.996s][debug][gc,phases,ref     ] GC(1435)         Cleared: 0
[259.996s][debug][gc,phases,ref     ] GC(1435)       FinalReference:
[259.996s][debug][gc,phases,ref     ] GC(1435)         Discovered: 0
[259.996s][debug][gc,phases,ref     ] GC(1435)         Cleared: 0
[259.996s][debug][gc,phases,ref     ] GC(1435)       PhantomReference:
[259.996s][debug][gc,phases,ref     ] GC(1435)         Discovered: 0
[259.996s][debug][gc,phases,ref     ] GC(1435)         Cleared: 0
[259.996s][debug][gc,phases         ] GC(1435)     Weak Processing: 0.1ms
[259.996s][debug][gc,phases         ] GC(1435)       JVMTI weak processing: 0.0ms
[259.996s][debug][gc,phases         ] GC(1435)         Dead: 0
[259.996s][debug][gc,phases         ] GC(1435)         Total: 0
[259.996s][debug][gc,phases         ] GC(1435)       JFR weak processing: 0.0ms
[259.996s][debug][gc,phases         ] GC(1435)         Dead: 0
[259.996s][debug][gc,phases         ] GC(1435)         Total: 0
[259.996s][debug][gc,phases         ] GC(1435)       JNI weak                  Min:  0.0, Avg:  0.0, Max:  0.0, Diff:  0.0, Sum:  0.0, Workers: 5
[259.996s][debug][gc,phases         ] GC(1435)         Dead                      Min: 0, Avg:  0.0, Max: 0, Diff: 0, Sum: 0, Workers: 5
[259.996s][debug][gc,phases         ] GC(1435)         Total                     Min: 0, Avg: 21.8, Max: 64, Diff: 64, Sum: 109, Workers: 5
[259.996s][debug][gc,phases         ] GC(1435)       VM weak                   Min:  0.0, Avg:  0.0, Max:  0.0, Diff:  0.0, Sum:  0.0, Workers: 5
[259.996s][debug][gc,phases         ] GC(1435)         Dead                      Min: 0, Avg:  0.0, Max: 0, Diff: 0, Sum: 0, Workers: 5
[259.996s][debug][gc,phases         ] GC(1435)         Total                     Min: 0, Avg: 42.6, Max: 128, Diff: 128, Sum: 213, Workers: 5
[259.996s][debug][gc,phases         ] GC(1435)       StringTable weak          Min:  0.0, Avg:  0.0, Max:  0.0, Diff:  0.0, Sum:  0.1, Workers: 5
[259.996s][debug][gc,phases         ] GC(1435)         Dead                      Min: 0, Avg:  0.0, Max: 0, Diff: 0, Sum: 0, Workers: 5
[259.997s][debug][gc,phases         ] GC(1435)         Total                     Min: 0, Avg: 721.8, Max: 1818, Diff: 1818, Sum: 3609, Workers: 5
[259.997s][debug][gc,phases         ] GC(1435)       ResolvedMethodTable weak  Min:  0.0, Avg:  0.0, Max:  0.0, Diff:  0.0, Sum:  0.0, Workers: 5
[259.997s][debug][gc,phases         ] GC(1435)         Dead                      Min: 0, Avg:  0.0, Max: 0, Diff: 0, Sum: 0, Workers: 5
[259.997s][debug][gc,phases         ] GC(1435)         Total                     Min: 0, Avg: 114.8, Max: 318, Diff: 318, Sum: 574, Workers: 5
[259.997s][debug][gc,phases         ] GC(1435)     Merge Per-Thread State: 0.0ms
[259.997s][debug][gc,phases         ] GC(1435)       Copied Bytes              Min: 400152, Avg: 550325.0, Max: 800704, Diff: 400552, Sum: 4402600, Workers: 8
[259.997s][debug][gc,phases         ] GC(1435)       LAB Waste                 Min: 0, Avg:  0.0, Max: 0, Diff: 0, Sum: 0, Workers: 8
[259.997s][debug][gc,phases         ] GC(1435)       LAB Undo Waste            Min: 0, Avg:  0.0, Max: 0, Diff: 0, Sum: 0, Workers: 8
[259.997s][debug][gc,phases         ] GC(1435)     Code Roots Purge: 0.0ms
[259.997s][debug][gc,phases         ] GC(1435)     Redirty Cards: 0.0ms
[259.997s][debug][gc,phases         ] GC(1435)     DerivedPointerTable Update: 0.0ms
[259.997s][debug][gc,phases         ] GC(1435)     Free Collection Set: 0.2ms
[259.997s][debug][gc,phases         ] GC(1435)     Rebuild Free List: 0.1ms
[259.997s][debug][gc,phases         ] GC(1435)     Humongous Reclaim: 0.0ms
[259.997s][debug][gc,phases         ] GC(1435)     Start New Collection Set: 0.0ms
[259.997s][debug][gc,phases         ] GC(1435)     Resize TLABs: 0.0ms
[259.997s][debug][gc,phases         ] GC(1435)     Expand Heap After Collection: 0.0ms
[259.997s][info ][gc,phases         ] GC(1435)   Other: 0.3ms
[259.997s][info ][gc,heap           ] GC(1435) Eden regions: 868->0(865)
[259.997s][info ][gc,heap           ] GC(1435) Survivor regions: 3->6(109)
[259.997s][info ][gc,heap           ] GC(1435) Old regions: 18->18
[259.997s][info ][gc,heap           ] GC(1435) Archive regions: 2->2
[259.997s][info ][gc,heap           ] GC(1435) Humongous regions: 0->0
[259.997s][info ][gc,metaspace      ] GC(1435) Metaspace: 10458K(11136K)->10458K(11136K) NonClass: 9309K(9728K)->9309K(9728K) Class: 1149K(1408K)->1149K(1408K)
[259.997s][debug][gc,heap           ] GC(1435) Heap after GC invocations=1436 (full 1): garbage-first heap   total 1486848K, used 23880K [0x0000000700000000, 0x0000000800000000)
[259.997s][debug][gc,heap           ] GC(1435)   region size 1024K, 6 young (6144K), 6 survivors (6144K)
[259.997s][debug][gc,heap           ] GC(1435)  Metaspace       used 10458K, capacity 10758K, committed 11136K, reserved 1058816K
[259.997s][debug][gc,heap           ] GC(1435)   class space    used 1149K, capacity 1267K, committed 1408K, reserved 1048576K
[259.997s][info ][gc                ] GC(1435) Pause Young (Normal) (G1 Evacuation Pause) 888M->23M(1452M) 2.305ms
[259.997s][info ][gc,cpu            ] GC(1435) User=0.01s Sys=0.00s Real=0.00s
[259.997s][info ][safepoint         ] Safepoint "G1CollectForAllocation", Time since last: 43185392 ns, Reaching safepoint: 162747 ns, At safepoint: 2526766 ns, Total: 2689513 ns
[260.039s][debug][gc,heap           ] GC(1436) Heap before GC invocations=1436 (full 1): garbage-first heap   total 1486848K, used 908616K [0x0000000700000000, 0x0000000800000000)
[260.039s][debug][gc,heap           ] GC(1436)   region size 1024K, 871 young (891904K), 6 survivors (6144K)
[260.039s][debug][gc,heap           ] GC(1436)  Metaspace       used 10458K, capacity 10758K, committed 11136K, reserved 1058816K
[260.039s][debug][gc,heap           ] GC(1436)   class space    used 1149K, capacity 1267K, committed 1408K, reserved 1048576K
[260.039s][info ][gc,start          ] GC(1436) Pause Young (Normal) (G1 Evacuation Pause)
[260.039s][info ][gc,task           ] GC(1436) Using 8 workers of 8 for evacuation
[260.039s][debug][gc,tlab           ] GC(1436) TLAB totals: thrds: 8  refills: 15 max: 3 slow allocs: 1726 max 230 waste: 35.6% gc: 1208696B max: 232120B slow: 58728B max: 15096B fast: 0B max: 0B
[260.039s][debug][gc,age            ] GC(1436) Desired survivor size 57147392 bytes, new threshold 15 (max threshold 15)
[260.039s][debug][gc,alloc,region   ] GC(1436) Mutator Allocation stats, regions: 865, wasted size: 202M (23.4%)
[260.040s][debug][gc,ergo           ] GC(1436) Running G1 Merge Heap Roots using 8 workers for 871 regions
[260.040s][debug][gc,remset         ] GC(1436) Visited cards 512 Total dirty 4096 (12.50%) Total old 3608576 (0.01%)
[260.040s][debug][gc,ergo           ] GC(1436) Running G1 Clear Card Table Task using 2 workers for 2 units of work for 873 regions.
[260.040s][debug][gc,ref            ] GC(1436) Skipped phase1 of Reference Processing due to unavailable references
[260.040s][debug][gc,ref            ] GC(1436) Skipped phase2 of Reference Processing due to unavailable references
[260.040s][debug][gc,ref            ] GC(1436) Skipped phase3 of Reference Processing due to unavailable references
[260.040s][debug][gc,ref            ] GC(1436) Skipped phase4 of Reference Processing due to unavailable references
[260.041s][debug][gc,ergo           ] GC(1436) Running G1 Free Collection Set using 8 workers for collection set length 871 (1452)
[260.041s][debug][gc,ergo           ] GC(1436) Running G1 Rebuild Free List Task using 8 workers for rebuilding free list of 0 (4096) regions
[260.041s][trace][gc,age            ] GC(1436) Age table with threshold 15 (max threshold 15)
[260.041s][trace][gc,age            ] GC(1436) - age   1:    2802552 bytes,    2802552 total
[260.041s][debug][gc,plab           ] GC(1436) Young PLAB allocation: allocated: 16512B, wasted: 0B, unused: 14064B, used: 2448B, undo waste: 0B, 
[260.041s][debug][gc,plab           ] GC(1436) Young other allocation: region end waste: 731184B, regions filled: 4, direct allocated: 2800104B, failure used: 0B, failure wasted: 0B
[260.041s][debug][gc,plab           ] GC(1436) Young sizing: calculated: 0B, actual: 2064B
[260.041s][debug][gc,plab           ] GC(1436) Old PLAB allocation: allocated: 0B, wasted: 0B, unused: 0B, used: 0B, undo waste: 0B, 
[260.041s][debug][gc,plab           ] GC(1436) Old other allocation: region end waste: 0B, regions filled: 1, direct allocated: 0B, failure used: 0B, failure wasted: 0B
[260.041s][debug][gc,plab           ] GC(1436) Old sizing: calculated: 0B, actual: 2064B
[260.041s][debug][gc,ihop           ] GC(1436) Basic information (value update), threshold: 685139558B (45.00), target occupancy: 1522532352B, current occupancy: 22352024B, recent allocation size: 0B, recent allocation duration: 43.52ms, recent old gen allocation rate: 0.00B/s, recent marking phase length: 38.29ms
[260.041s][debug][gc,ihop           ] GC(1436) Adaptive IHOP information (value update), threshold: 685139558B (47.37), internal target occupancy: 1446405734B, occupancy: 22352024B, additional buffer size: 913309696B, predicted old gen allocation rate: 4.99B/s, predicted marking phase length: 76.58ms, prediction active: false
[260.041s][debug][gc,ergo,refine    ] GC(1436) Concurrent refinement times: Logged Cards Scan time goal: 20.00ms Logged Cards Scan time: 0.00ms HCC time: 0.00ms
[260.041s][debug][gc,ergo,refine    ] GC(1436) Updated Refinement Zones: green: 2048, yellow: 6144, red: 10240
[260.041s][info ][gc,phases         ] GC(1436)   Pre Evacuate Collection Set: 0.1ms
[260.041s][debug][gc,phases         ] GC(1436)     Prepare TLABs: 0.0ms
[260.041s][debug][gc,phases         ] GC(1436)     Choose Collection Set: 0.0ms
[260.041s][debug][gc,phases         ] GC(1436)     Region Register: 0.1ms
[260.041s][debug][gc,phases         ] GC(1436)     Prepare Heap Roots: 0.0ms
[260.041s][info ][gc,phases         ] GC(1436)   Merge Heap Roots: 0.1ms
[260.041s][debug][gc,phases         ] GC(1436)     Prepare Merge Heap Roots: 0.0ms
[260.041s][debug][gc,phases         ] GC(1436)     Eager Reclaim (ms):       skipped
[260.041s][debug][gc,phases         ] GC(1436)     Remembered Sets (ms):     Min:  0.0, Avg:  0.0, Max:  0.0, Diff:  0.0, Sum:  0.2, Workers: 8
[260.041s][debug][gc,phases         ] GC(1436)       Merged Sparse:            Min: 0, Avg:  0.0, Max: 0, Diff: 0, Sum: 0, Workers: 8
[260.041s][debug][gc,phases         ] GC(1436)       Merged Fine:              Min: 0, Avg:  0.0, Max: 0, Diff: 0, Sum: 0, Workers: 8
[260.041s][debug][gc,phases         ] GC(1436)       Merged Coarse:            Min: 0, Avg:  0.0, Max: 0, Diff: 0, Sum: 0, Workers: 8
[260.041s][debug][gc,phases         ] GC(1436)       Dirty Cards:              Min: 0, Avg:  0.0, Max: 0, Diff: 0, Sum: 0, Workers: 8
[260.041s][debug][gc,phases         ] GC(1436)     Hot Card Cache (ms):      Min:  0.0, Avg:  0.0, Max:  0.0, Diff:  0.0, Sum:  0.0, Workers: 8
[260.041s][debug][gc,phases         ] GC(1436)       Dirty Cards:              Min: 0, Avg:  0.0, Max: 0, Diff: 0, Sum: 0, Workers: 8
[260.041s][debug][gc,phases         ] GC(1436)       Skipped Cards:            Min: 0, Avg:  0.0, Max: 0, Diff: 0, Sum: 0, Workers: 8
[260.041s][debug][gc,phases         ] GC(1436)     Log Buffers (ms):         Min:  0.0, Avg:  0.0, Max:  0.0, Diff:  0.0, Sum:  0.0, Workers: 8
[260.041s][debug][gc,phases         ] GC(1436)       Dirty Cards:              Min: 0, Avg:  0.2, Max: 1, Diff: 1, Sum: 2, Workers: 8
[260.041s][debug][gc,phases         ] GC(1436)       Skipped Cards:            Min: 0, Avg:  0.0, Max: 0, Diff: 0, Sum: 0, Workers: 8
[260.041s][info ][gc,phases         ] GC(1436)   Evacuate Collection Set: 0.3ms
[260.041s][debug][gc,phases         ] GC(1436)     Ext Root Scanning (ms):   Min:  0.1, Avg:  0.2, Max:  0.2, Diff:  0.2, Sum:  1.3, Workers: 8
[260.041s][debug][gc,phases         ] GC(1436)     Scan Heap Roots (ms):     Min:  0.0, Avg:  0.0, Max:  0.0, Diff:  0.0, Sum:  0.0, Workers: 8
[260.041s][debug][gc,phases         ] GC(1436)       Scanned Cards:            Min: 0, Avg:  0.2, Max: 1, Diff: 1, Sum: 2, Workers: 8
[260.041s][debug][gc,phases         ] GC(1436)       Scanned Blocks:           Min: 0, Avg:  0.2, Max: 1, Diff: 1, Sum: 2, Workers: 8
[260.041s][debug][gc,phases         ] GC(1436)       Claimed Chunks:           Min: 0, Avg:  0.2, Max: 1, Diff: 1, Sum: 2, Workers: 8
[260.041s][debug][gc,phases         ] GC(1436)     Code Root Scan (ms):      Min:  0.0, Avg:  0.0, Max:  0.0, Diff:  0.0, Sum:  0.1, Workers: 8
[260.041s][debug][gc,phases         ] GC(1436)     Object Copy (ms):         Min:  0.0, Avg:  0.0, Max:  0.0, Diff:  0.0, Sum:  0.0, Workers: 8
[260.041s][debug][gc,phases         ] GC(1436)     Termination (ms):         Min:  0.0, Avg:  0.1, Max:  0.1, Diff:  0.1, Sum:  0.6, Workers: 8
[260.041s][debug][gc,phases         ] GC(1436)       Termination Attempts:     Min: 1, Avg:  1.1, Max: 2, Diff: 1, Sum: 9, Workers: 8
[260.041s][debug][gc,phases         ] GC(1436)     GC Worker Other (ms):     Min:  0.0, Avg:  0.0, Max:  0.1, Diff:  0.0, Sum:  0.3, Workers: 8
[260.041s][debug][gc,phases         ] GC(1436)     GC Worker Total (ms):     Min:  0.3, Avg:  0.3, Max:  0.3, Diff:  0.1, Sum:  2.3, Workers: 8
[260.041s][info ][gc,phases         ] GC(1436)   Post Evacuate Collection Set: 0.6ms
[260.041s][debug][gc,phases         ] GC(1436)     Code Roots Fixup: 0.0ms
[260.041s][debug][gc,phases         ] GC(1436)     Clear Card Table: 0.2ms
[260.041s][debug][gc,phases         ] GC(1436)     Reference Processing: 0.0ms
[260.041s][debug][gc,phases,ref     ] GC(1436)       Reconsider SoftReferences: 0.0ms
[260.041s][debug][gc,phases,ref     ] GC(1436)         SoftRef (ms):             skipped
[260.041s][debug][gc,phases,ref     ] GC(1436)       Notify Soft/WeakReferences: 0.0ms
[260.041s][debug][gc,phases,ref     ] GC(1436)         SoftRef (ms):             skipped
[260.041s][debug][gc,phases,ref     ] GC(1436)         WeakRef (ms):             skipped
[260.041s][debug][gc,phases,ref     ] GC(1436)         FinalRef (ms):            skipped
[260.041s][debug][gc,phases,ref     ] GC(1436)         Total (ms):               skipped
[260.041s][debug][gc,phases,ref     ] GC(1436)       Notify and keep alive finalizable: 0.0ms
[260.041s][debug][gc,phases,ref     ] GC(1436)         FinalRef (ms):            skipped
[260.041s][debug][gc,phases,ref     ] GC(1436)       Notify PhantomReferences: 0.0ms
[260.041s][debug][gc,phases,ref     ] GC(1436)         PhantomRef (ms):          skipped
[260.041s][debug][gc,phases,ref     ] GC(1436)       SoftReference:
[260.041s][debug][gc,phases,ref     ] GC(1436)         Discovered: 0
[260.041s][debug][gc,phases,ref     ] GC(1436)         Cleared: 0
[260.041s][debug][gc,phases,ref     ] GC(1436)       WeakReference:
[260.041s][debug][gc,phases,ref     ] GC(1436)         Discovered: 0
[260.041s][debug][gc,phases,ref     ] GC(1436)         Cleared: 0
[260.041s][debug][gc,phases,ref     ] GC(1436)       FinalReference:
[260.041s][debug][gc,phases,ref     ] GC(1436)         Discovered: 0
[260.041s][debug][gc,phases,ref     ] GC(1436)         Cleared: 0
[260.041s][debug][gc,phases,ref     ] GC(1436)       PhantomReference:
[260.041s][debug][gc,phases,ref     ] GC(1436)         Discovered: 0
[260.041s][debug][gc,phases,ref     ] GC(1436)         Cleared: 0
[260.041s][debug][gc,phases         ] GC(1436)     Weak Processing: 0.1ms
[260.041s][debug][gc,phases         ] GC(1436)       JVMTI weak processing: 0.0ms
[260.041s][debug][gc,phases         ] GC(1436)         Dead: 0
[260.041s][debug][gc,phases         ] GC(1436)         Total: 0
[260.041s][debug][gc,phases         ] GC(1436)       JFR weak processing: 0.0ms
[260.041s][debug][gc,phases         ] GC(1436)         Dead: 0
[260.041s][debug][gc,phases         ] GC(1436)         Total: 0
[260.041s][debug][gc,phases         ] GC(1436)       JNI weak                  Min:  0.0, Avg:  0.0, Max:  0.0, Diff:  0.0, Sum:  0.0, Workers: 5
[260.041s][debug][gc,phases         ] GC(1436)         Dead                      Min: 0, Avg:  0.0, Max: 0, Diff: 0, Sum: 0, Workers: 5
[260.041s][debug][gc,phases         ] GC(1436)         Total                     Min: 0, Avg: 21.8, Max: 64, Diff: 64, Sum: 109, Workers: 5
[260.041s][debug][gc,phases         ] GC(1436)       VM weak                   Min:  0.0, Avg:  0.0, Max:  0.0, Diff:  0.0, Sum:  0.0, Workers: 5
[260.041s][debug][gc,phases         ] GC(1436)         Dead                      Min: 0, Avg:  0.0, Max: 0, Diff: 0, Sum: 0, Workers: 5
[260.041s][debug][gc,phases         ] GC(1436)         Total                     Min: 0, Avg: 42.6, Max: 128, Diff: 128, Sum: 213, Workers: 5
[260.041s][debug][gc,phases         ] GC(1436)       StringTable weak          Min:  0.0, Avg:  0.0, Max:  0.0, Diff:  0.0, Sum:  0.1, Workers: 5
[260.041s][debug][gc,phases         ] GC(1436)         Dead                      Min: 0, Avg:  0.0, Max: 0, Diff: 0, Sum: 0, Workers: 5
[260.041s][debug][gc,phases         ] GC(1436)         Total                     Min: 0, Avg: 721.8, Max: 1818, Diff: 1818, Sum: 3609, Workers: 5
[260.041s][debug][gc,phases         ] GC(1436)       ResolvedMethodTable weak  Min:  0.0, Avg:  0.0, Max:  0.0, Diff:  0.0, Sum:  0.0, Workers: 5
[260.041s][debug][gc,phases         ] GC(1436)         Dead                      Min: 0, Avg:  0.0, Max: 0, Diff: 0, Sum: 0, Workers: 5
[260.041s][debug][gc,phases         ] GC(1436)         Total                     Min: 0, Avg: 114.8, Max: 318, Diff: 318, Sum: 574, Workers: 5
[260.041s][debug][gc,phases         ] GC(1436)     Merge Per-Thread State: 0.0ms
[260.041s][debug][gc,phases         ] GC(1436)       Copied Bytes              Min: 136, Avg: 350319.0, Max: 800320, Diff: 800184, Sum: 2802552, Workers: 8
[260.041s][debug][gc,phases         ] GC(1436)       LAB Waste                 Min: 0, Avg:  0.0, Max: 0, Diff: 0, Sum: 0, Workers: 8
[260.041s][debug][gc,phases         ] GC(1436)       LAB Undo Waste            Min: 0, Avg:  0.0, Max: 0, Diff: 0, Sum: 0, Workers: 8
[260.041s][debug][gc,phases         ] GC(1436)     Code Roots Purge: 0.0ms
[260.041s][debug][gc,phases         ] GC(1436)     Redirty Cards: 0.0ms
[260.041s][debug][gc,phases         ] GC(1436)     DerivedPointerTable Update: 0.0ms
[260.041s][debug][gc,phases         ] GC(1436)     Free Collection Set: 0.2ms
[260.041s][debug][gc,phases         ] GC(1436)     Rebuild Free List: 0.1ms
[260.041s][debug][gc,phases         ] GC(1436)     Humongous Reclaim: 0.0ms
[260.042s][debug][gc,phases         ] GC(1436)     Start New Collection Set: 0.0ms
[260.042s][debug][gc,phases         ] GC(1436)     Resize TLABs: 0.0ms
[260.042s][debug][gc,phases         ] GC(1436)     Expand Heap After Collection: 0.0ms
[260.042s][info ][gc,phases         ] GC(1436)   Other: 0.3ms
[260.042s][info ][gc,heap           ] GC(1436) Eden regions: 865->0(867)
[260.042s][info ][gc,heap           ] GC(1436) Survivor regions: 6->4(109)
[260.042s][info ][gc,heap           ] GC(1436) Old regions: 18->18
[260.042s][info ][gc,heap           ] GC(1436) Archive regions: 2->2
[260.042s][info ][gc,heap           ] GC(1436) Humongous regions: 0->0
[260.042s][info ][gc,metaspace      ] GC(1436) Metaspace: 10458K(11136K)->10458K(11136K) NonClass: 9309K(9728K)->9309K(9728K) Class: 1149K(1408K)->1149K(1408K)
[260.042s][debug][gc,heap           ] GC(1436) Heap after GC invocations=1437 (full 1): garbage-first heap   total 1486848K, used 21828K [0x0000000700000000, 0x0000000800000000)
[260.042s][debug][gc,heap           ] GC(1436)   region size 1024K, 4 young (4096K), 4 survivors (4096K)
[260.042s][debug][gc,heap           ] GC(1436)  Metaspace       used 10458K, capacity 10758K, committed 11136K, reserved 1058816K
[260.042s][debug][gc,heap           ] GC(1436)   class space    used 1149K, capacity 1267K, committed 1408K, reserved 1048576K
[260.042s][info ][gc                ] GC(1436) Pause Young (Normal) (G1 Evacuation Pause) 888M->21M(1452M) 2.148ms
[260.042s][info ][gc,cpu            ] GC(1436) User=0.00s Sys=0.00s Real=0.01s
[260.042s][info ][safepoint         ] Safepoint "G1CollectForAllocation", Time since last: 42429965 ns, Reaching safepoint: 102813 ns, At safepoint: 2309646 ns, Total: 2412459 ns
[260.084s][debug][gc,heap           ] GC(1437) Heap before GC invocations=1437 (full 1): garbage-first heap   total 1486848K, used 908612K [0x0000000700000000, 0x0000000800000000)
[260.084s][debug][gc,heap           ] GC(1437)   region size 1024K, 871 young (891904K), 4 survivors (4096K)
[260.084s][debug][gc,heap           ] GC(1437)  Metaspace       used 10458K, capacity 10758K, committed 11136K, reserved 1058816K
[260.084s][debug][gc,heap           ] GC(1437)   class space    used 1149K, capacity 1267K, committed 1408K, reserved 1048576K
[260.084s][info ][gc,start          ] GC(1437) Pause Young (Normal) (G1 Evacuation Pause)
[260.084s][info ][gc,task           ] GC(1437) Using 8 workers of 8 for evacuation
[260.084s][debug][gc,tlab           ] GC(1437) TLAB totals: thrds: 8  refills: 10 max: 2 slow allocs: 1727 max 236 waste: 43.4% gc: 1114944B max: 222408B slow: 28216B max: 14304B fast: 0B max: 0B
[260.084s][debug][gc,age            ] GC(1437) Desired survivor size 57147392 bytes, new threshold 15 (max threshold 15)
[260.084s][debug][gc,alloc,region   ] GC(1437) Mutator Allocation stats, regions: 867, wasted size: 203M (23.4%)
[260.084s][debug][gc,ergo           ] GC(1437) Running G1 Merge Heap Roots using 8 workers for 871 regions
[260.085s][debug][gc,remset         ] GC(1437) Visited cards 256 Total dirty 2048 (12.50%) Total old 3608576 (0.01%)
[260.085s][debug][gc,ergo           ] GC(1437) Running G1 Clear Card Table Task using 2 workers for 2 units of work for 872 regions.
[260.085s][debug][gc,ref            ] GC(1437) Skipped phase1 of Reference Processing due to unavailable references
[260.085s][debug][gc,ref            ] GC(1437) Skipped phase2 of Reference Processing due to unavailable references
[260.085s][debug][gc,ref            ] GC(1437) Skipped phase3 of Reference Processing due to unavailable references
[260.085s][debug][gc,ref            ] GC(1437) Skipped phase4 of Reference Processing due to unavailable references
[260.085s][debug][gc,ergo           ] GC(1437) Running G1 Free Collection Set using 8 workers for collection set length 871 (1452)
[260.086s][debug][gc,ergo           ] GC(1437) Running G1 Rebuild Free List Task using 8 workers for rebuilding free list of 0 (4096) regions
[260.086s][trace][gc,age            ] GC(1437) Age table with threshold 15 (max threshold 15)
[260.086s][trace][gc,age            ] GC(1437) - age   1:    3602584 bytes,    3602584 total
[260.086s][debug][gc,plab           ] GC(1437) Young PLAB allocation: allocated: 16512B, wasted: 0B, unused: 14064B, used: 2448B, undo waste: 0B, 
[260.086s][debug][gc,plab           ] GC(1437) Young other allocation: region end waste: 979728B, regions filled: 5, direct allocated: 3600136B, failure used: 0B, failure wasted: 0B
[260.086s][debug][gc,plab           ] GC(1437) Young sizing: calculated: 0B, actual: 2064B
[260.086s][debug][gc,plab           ] GC(1437) Old PLAB allocation: allocated: 0B, wasted: 0B, unused: 0B, used: 0B, undo waste: 0B, 
[260.086s][debug][gc,plab           ] GC(1437) Old other allocation: region end waste: 0B, regions filled: 1, direct allocated: 0B, failure used: 0B, failure wasted: 0B
[260.086s][debug][gc,plab           ] GC(1437) Old sizing: calculated: 0B, actual: 2064B
[260.086s][debug][gc,ihop           ] GC(1437) Basic information (value update), threshold: 685139558B (45.00), target occupancy: 1522532352B, current occupancy: 23400600B, recent allocation size: 0B, recent allocation duration: 43.31ms, recent old gen allocation rate: 0.00B/s, recent marking phase length: 38.29ms
[260.086s][debug][gc,ihop           ] GC(1437) Adaptive IHOP information (value update), threshold: 685139558B (47.37), internal target occupancy: 1446405734B, occupancy: 23400600B, additional buffer size: 913309696B, predicted old gen allocation rate: 4.87B/s, predicted marking phase length: 76.58ms, prediction active: false
[260.086s][debug][gc,ergo,refine    ] GC(1437) Concurrent refinement times: Logged Cards Scan time goal: 20.00ms Logged Cards Scan time: 0.00ms HCC time: 0.00ms
[260.086s][debug][gc,ergo,refine    ] GC(1437) Updated Refinement Zones: green: 2048, yellow: 6144, red: 10240
[260.086s][info ][gc,phases         ] GC(1437)   Pre Evacuate Collection Set: 0.2ms
[260.086s][debug][gc,phases         ] GC(1437)     Prepare TLABs: 0.0ms
[260.086s][debug][gc,phases         ] GC(1437)     Choose Collection Set: 0.0ms
[260.086s][debug][gc,phases         ] GC(1437)     Region Register: 0.1ms
[260.086s][debug][gc,phases         ] GC(1437)     Prepare Heap Roots: 0.0ms
[260.086s][info ][gc,phases         ] GC(1437)   Merge Heap Roots: 0.1ms
[260.086s][debug][gc,phases         ] GC(1437)     Prepare Merge Heap Roots: 0.0ms
[260.086s][debug][gc,phases         ] GC(1437)     Eager Reclaim (ms):       skipped
[260.086s][debug][gc,phases         ] GC(1437)     Remembered Sets (ms):     Min:  0.0, Avg:  0.0, Max:  0.0, Diff:  0.0, Sum:  0.3, Workers: 8
[260.086s][debug][gc,phases         ] GC(1437)       Merged Sparse:            Min: 0, Avg:  0.0, Max: 0, Diff: 0, Sum: 0, Workers: 8
[260.086s][debug][gc,phases         ] GC(1437)       Merged Fine:              Min: 0, Avg:  0.0, Max: 0, Diff: 0, Sum: 0, Workers: 8
[260.086s][debug][gc,phases         ] GC(1437)       Merged Coarse:            Min: 0, Avg:  0.0, Max: 0, Diff: 0, Sum: 0, Workers: 8
[260.086s][debug][gc,phases         ] GC(1437)       Dirty Cards:              Min: 0, Avg:  0.0, Max: 0, Diff: 0, Sum: 0, Workers: 8
[260.086s][debug][gc,phases         ] GC(1437)     Hot Card Cache (ms):      Min:  0.0, Avg:  0.0, Max:  0.0, Diff:  0.0, Sum:  0.0, Workers: 8
[260.086s][debug][gc,phases         ] GC(1437)       Dirty Cards:              Min: 0, Avg:  0.0, Max: 0, Diff: 0, Sum: 0, Workers: 8
[260.086s][debug][gc,phases         ] GC(1437)       Skipped Cards:            Min: 0, Avg:  0.0, Max: 0, Diff: 0, Sum: 0, Workers: 8
[260.086s][debug][gc,phases         ] GC(1437)     Log Buffers (ms):         Min:  0.0, Avg:  0.0, Max:  0.0, Diff:  0.0, Sum:  0.0, Workers: 8
[260.086s][debug][gc,phases         ] GC(1437)       Dirty Cards:              Min: 0, Avg:  0.1, Max: 1, Diff: 1, Sum: 1, Workers: 8
[260.086s][debug][gc,phases         ] GC(1437)       Skipped Cards:            Min: 0, Avg:  0.0, Max: 0, Diff: 0, Sum: 0, Workers: 8
[260.086s][info ][gc,phases         ] GC(1437)   Evacuate Collection Set: 0.5ms
[260.086s][debug][gc,phases         ] GC(1437)     Ext Root Scanning (ms):   Min:  0.3, Avg:  0.3, Max:  0.4, Diff:  0.1, Sum:  2.4, Workers: 8
[260.086s][debug][gc,phases         ] GC(1437)     Scan Heap Roots (ms):     Min:  0.0, Avg:  0.0, Max:  0.0, Diff:  0.0, Sum:  0.0, Workers: 8
[260.086s][debug][gc,phases         ] GC(1437)       Scanned Cards:            Min: 0, Avg:  0.1, Max: 1, Diff: 1, Sum: 1, Workers: 8
[260.086s][debug][gc,phases         ] GC(1437)       Scanned Blocks:           Min: 0, Avg:  0.1, Max: 1, Diff: 1, Sum: 1, Workers: 8
[260.086s][debug][gc,phases         ] GC(1437)       Claimed Chunks:           Min: 0, Avg:  0.1, Max: 1, Diff: 1, Sum: 1, Workers: 8
[260.086s][debug][gc,phases         ] GC(1437)     Code Root Scan (ms):      Min:  0.0, Avg:  0.0, Max:  0.0, Diff:  0.0, Sum:  0.2, Workers: 8
[260.086s][debug][gc,phases         ] GC(1437)     Object Copy (ms):         Min:  0.0, Avg:  0.0, Max:  0.0, Diff:  0.0, Sum:  0.0, Workers: 8
[260.086s][debug][gc,phases         ] GC(1437)     Termination (ms):         Min:  0.0, Avg:  0.1, Max:  0.1, Diff:  0.0, Sum:  0.4, Workers: 8
[260.086s][debug][gc,phases         ] GC(1437)       Termination Attempts:     Min: 1, Avg:  1.0, Max: 1, Diff: 0, Sum: 8, Workers: 8
[260.086s][debug][gc,phases         ] GC(1437)     GC Worker Other (ms):     Min:  0.0, Avg:  0.1, Max:  0.1, Diff:  0.0, Sum:  0.4, Workers: 8
[260.086s][debug][gc,phases         ] GC(1437)     GC Worker Total (ms):     Min:  0.4, Avg:  0.4, Max:  0.5, Diff:  0.0, Sum:  3.5, Workers: 8
[260.086s][info ][gc,phases         ] GC(1437)   Post Evacuate Collection Set: 0.6ms
[260.086s][debug][gc,phases         ] GC(1437)     Code Roots Fixup: 0.0ms
[260.086s][debug][gc,phases         ] GC(1437)     Clear Card Table: 0.2ms
[260.086s][debug][gc,phases         ] GC(1437)     Reference Processing: 0.0ms
[260.086s][debug][gc,phases,ref     ] GC(1437)       Reconsider SoftReferences: 0.0ms
[260.086s][debug][gc,phases,ref     ] GC(1437)         SoftRef (ms):             skipped
[260.086s][debug][gc,phases,ref     ] GC(1437)       Notify Soft/WeakReferences: 0.0ms
[260.086s][debug][gc,phases,ref     ] GC(1437)         SoftRef (ms):             skipped
[260.086s][debug][gc,phases,ref     ] GC(1437)         WeakRef (ms):             skipped
[260.086s][debug][gc,phases,ref     ] GC(1437)         FinalRef (ms):            skipped
[260.086s][debug][gc,phases,ref     ] GC(1437)         Total (ms):               skipped
[260.086s][debug][gc,phases,ref     ] GC(1437)       Notify and keep alive finalizable: 0.0ms
[260.086s][debug][gc,phases,ref     ] GC(1437)         FinalRef (ms):            skipped
[260.086s][debug][gc,phases,ref     ] GC(1437)       Notify PhantomReferences: 0.0ms
[260.086s][debug][gc,phases,ref     ] GC(1437)         PhantomRef (ms):          skipped
[260.086s][debug][gc,phases,ref     ] GC(1437)       SoftReference:
[260.086s][debug][gc,phases,ref     ] GC(1437)         Discovered: 0
[260.086s][debug][gc,phases,ref     ] GC(1437)         Cleared: 0
[260.086s][debug][gc,phases,ref     ] GC(1437)       WeakReference:
[260.086s][debug][gc,phases,ref     ] GC(1437)         Discovered: 0
[260.086s][debug][gc,phases,ref     ] GC(1437)         Cleared: 0
[260.086s][debug][gc,phases,ref     ] GC(1437)       FinalReference:
[260.086s][debug][gc,phases,ref     ] GC(1437)         Discovered: 0
[260.086s][debug][gc,phases,ref     ] GC(1437)         Cleared: 0
[260.086s][debug][gc,phases,ref     ] GC(1437)       PhantomReference:
[260.086s][debug][gc,phases,ref     ] GC(1437)         Discovered: 0
[260.086s][debug][gc,phases,ref     ] GC(1437)         Cleared: 0
[260.086s][debug][gc,phases         ] GC(1437)     Weak Processing: 0.1ms
[260.086s][debug][gc,phases         ] GC(1437)       JVMTI weak processing: 0.0ms
[260.086s][debug][gc,phases         ] GC(1437)         Dead: 0
[260.086s][debug][gc,phases         ] GC(1437)         Total: 0
[260.086s][debug][gc,phases         ] GC(1437)       JFR weak processing: 0.0ms
[260.086s][debug][gc,phases         ] GC(1437)         Dead: 0
[260.086s][debug][gc,phases         ] GC(1437)         Total: 0
[260.086s][debug][gc,phases         ] GC(1437)       JNI weak                  Min:  0.0, Avg:  0.0, Max:  0.0, Diff:  0.0, Sum:  0.0, Workers: 5
[260.086s][debug][gc,phases         ] GC(1437)         Dead                      Min: 0, Avg:  0.0, Max: 0, Diff: 0, Sum: 0, Workers: 5
[260.086s][debug][gc,phases         ] GC(1437)         Total                     Min: 0, Avg: 21.8, Max: 109, Diff: 109, Sum: 109, Workers: 5
[260.086s][debug][gc,phases         ] GC(1437)       VM weak                   Min:  0.0, Avg:  0.0, Max:  0.0, Diff:  0.0, Sum:  0.0, Workers: 5
[260.086s][debug][gc,phases         ] GC(1437)         Dead                      Min: 0, Avg:  0.0, Max: 0, Diff: 0, Sum: 0, Workers: 5
[260.086s][debug][gc,phases         ] GC(1437)         Total                     Min: 0, Avg: 42.6, Max: 213, Diff: 213, Sum: 213, Workers: 5
[260.086s][debug][gc,phases         ] GC(1437)       StringTable weak          Min:  0.0, Avg:  0.0, Max:  0.0, Diff:  0.0, Sum:  0.0, Workers: 5
[260.086s][debug][gc,phases         ] GC(1437)         Dead                      Min: 0, Avg:  0.0, Max: 0, Diff: 0, Sum: 0, Workers: 5
[260.086s][debug][gc,phases         ] GC(1437)         Total                     Min: 0, Avg: 721.8, Max: 2944, Diff: 2944, Sum: 3609, Workers: 5
[260.086s][debug][gc,phases         ] GC(1437)       ResolvedMethodTable weak  Min:  0.0, Avg:  0.0, Max:  0.0, Diff:  0.0, Sum:  0.0, Workers: 5
[260.086s][debug][gc,phases         ] GC(1437)         Dead                      Min: 0, Avg:  0.0, Max: 0, Diff: 0, Sum: 0, Workers: 5
[260.086s][debug][gc,phases         ] GC(1437)         Total                     Min: 0, Avg: 114.8, Max: 192, Diff: 192, Sum: 574, Workers: 5
[260.086s][debug][gc,phases         ] GC(1437)     Merge Per-Thread State: 0.0ms
[260.086s][debug][gc,phases         ] GC(1437)       Copied Bytes              Min: 400088, Avg: 450323.0, Max: 800096, Diff: 400008, Sum: 3602584, Workers: 8
[260.086s][debug][gc,phases         ] GC(1437)       LAB Waste                 Min: 0, Avg:  0.0, Max: 0, Diff: 0, Sum: 0, Workers: 8
[260.086s][debug][gc,phases         ] GC(1437)       LAB Undo Waste            Min: 0, Avg:  0.0, Max: 0, Diff: 0, Sum: 0, Workers: 8
[260.086s][debug][gc,phases         ] GC(1437)     Code Roots Purge: 0.0ms
[260.086s][debug][gc,phases         ] GC(1437)     Redirty Cards: 0.0ms
[260.086s][debug][gc,phases         ] GC(1437)     DerivedPointerTable Update: 0.0ms
[260.086s][debug][gc,phases         ] GC(1437)     Free Collection Set: 0.2ms
[260.086s][debug][gc,phases         ] GC(1437)     Rebuild Free List: 0.1ms
[260.086s][debug][gc,phases         ] GC(1437)     Humongous Reclaim: 0.0ms
[260.086s][debug][gc,phases         ] GC(1437)     Start New Collection Set: 0.0ms
[260.086s][debug][gc,phases         ] GC(1437)     Resize TLABs: 0.0ms
[260.086s][debug][gc,phases         ] GC(1437)     Expand Heap After Collection: 0.0ms
[260.086s][info ][gc,phases         ] GC(1437)   Other: 0.3ms
[260.086s][info ][gc,heap           ] GC(1437) Eden regions: 867->0(866)
[260.086s][info ][gc,heap           ] GC(1437) Survivor regions: 4->5(109)
[260.086s][info ][gc,heap           ] GC(1437) Old regions: 18->18
[260.086s][info ][gc,heap           ] GC(1437) Archive regions: 2->2
[260.086s][info ][gc,heap           ] GC(1437) Humongous regions: 0->0
[260.086s][info ][gc,metaspace      ] GC(1437) Metaspace: 10458K(11136K)->10458K(11136K) NonClass: 9309K(9728K)->9309K(9728K) Class: 1149K(1408K)->1149K(1408K)
[260.086s][debug][gc,heap           ] GC(1437) Heap after GC invocations=1438 (full 1): garbage-first heap   total 1486848K, used 22852K [0x0000000700000000, 0x0000000800000000)
[260.086s][debug][gc,heap           ] GC(1437)   region size 1024K, 5 young (5120K), 5 survivors (5120K)
[260.086s][debug][gc,heap           ] GC(1437)  Metaspace       used 10458K, capacity 10758K, committed 11136K, reserved 1058816K
[260.086s][debug][gc,heap           ] GC(1437)   class space    used 1149K, capacity 1267K, committed 1408K, reserved 1048576K
[260.086s][info ][gc                ] GC(1437) Pause Young (Normal) (G1 Evacuation Pause) 888M->22M(1452M) 2.270ms
[260.086s][info ][gc,cpu            ] GC(1437) User=0.01s Sys=0.01s Real=0.00s
[260.087s][info ][safepoint         ] Safepoint "G1CollectForAllocation", Time since last: 42205763 ns, Reaching safepoint: 201934 ns, At safepoint: 2457548 ns, Total: 2659482 ns
[260.129s][debug][gc,heap           ] GC(1438) Heap before GC invocations=1438 (full 1): garbage-first heap   total 1486848K, used 908612K [0x0000000700000000, 0x0000000800000000)
[260.129s][debug][gc,heap           ] GC(1438)   region size 1024K, 871 young (891904K), 5 survivors (5120K)
[260.129s][debug][gc,heap           ] GC(1438)  Metaspace       used 10458K, capacity 10758K, committed 11136K, reserved 1058816K
[260.129s][debug][gc,heap           ] GC(1438)   class space    used 1149K, capacity 1267K, committed 1408K, reserved 1048576K
[260.129s][info ][gc,start          ] GC(1438) Pause Young (Normal) (G1 Evacuation Pause)
[260.129s][info ][gc,task           ] GC(1438) Using 8 workers of 8 for evacuation
[260.129s][debug][gc,tlab           ] GC(1438) TLAB totals: thrds: 8  refills: 15 max: 3 slow allocs: 1725 max 243 waste: 31.0% gc: 1306336B max: 228336B slow: 83800B max: 15096B fast: 0B max: 0B
[260.129s][debug][gc,age            ] GC(1438) Desired survivor size 57147392 bytes, new threshold 15 (max threshold 15)
[260.129s][debug][gc,alloc,region   ] GC(1438) Mutator Allocation stats, regions: 866, wasted size: 202M (23.4%)
[260.130s][debug][gc,ergo           ] GC(1438) Running G1 Merge Heap Roots using 8 workers for 871 regions
[260.130s][debug][gc,remset         ] GC(1438) Visited cards 512 Total dirty 4096 (12.50%) Total old 3608576 (0.01%)
[260.130s][debug][gc,ergo           ] GC(1438) Running G1 Clear Card Table Task using 2 workers for 2 units of work for 873 regions.
[260.130s][debug][gc,ref            ] GC(1438) Skipped phase1 of Reference Processing due to unavailable references
[260.130s][debug][gc,ref            ] GC(1438) Skipped phase2 of Reference Processing due to unavailable references
[260.130s][debug][gc,ref            ] GC(1438) Skipped phase3 of Reference Processing due to unavailable references
[260.130s][debug][gc,ref            ] GC(1438) Skipped phase4 of Reference Processing due to unavailable references
[260.131s][debug][gc,ergo           ] GC(1438) Running G1 Free Collection Set using 8 workers for collection set length 871 (1452)
[260.131s][debug][gc,ergo           ] GC(1438) Running G1 Rebuild Free List Task using 8 workers for rebuilding free list of 0 (4096) regions
[260.131s][trace][gc,age            ] GC(1438) Age table with threshold 15 (max threshold 15)
[260.131s][trace][gc,age            ] GC(1438) - age   1:    3602568 bytes,    3602568 total
[260.131s][debug][gc,plab           ] GC(1438) Young PLAB allocation: allocated: 16512B, wasted: 0B, unused: 14064B, used: 2448B, undo waste: 0B, 
[260.131s][debug][gc,plab           ] GC(1438) Young other allocation: region end waste: 981808B, regions filled: 5, direct allocated: 3600120B, failure used: 0B, failure wasted: 0B
[260.131s][debug][gc,plab           ] GC(1438) Young sizing: calculated: 0B, actual: 2064B
[260.131s][debug][gc,plab           ] GC(1438) Old PLAB allocation: allocated: 0B, wasted: 0B, unused: 0B, used: 0B, undo waste: 0B, 
[260.131s][debug][gc,plab           ] GC(1438) Old other allocation: region end waste: 0B, regions filled: 1, direct allocated: 0B, failure used: 0B, failure wasted: 0B
[260.131s][debug][gc,plab           ] GC(1438) Old sizing: calculated: 0B, actual: 2064B
[260.131s][debug][gc,ihop           ] GC(1438) Basic information (value update), threshold: 685139558B (45.00), target occupancy: 1522532352B, current occupancy: 23402664B, recent allocation size: 0B, recent allocation duration: 43.73ms, recent old gen allocation rate: 0.00B/s, recent marking phase length: 38.29ms
[260.131s][debug][gc,ihop           ] GC(1438) Adaptive IHOP information (value update), threshold: 685139558B (47.37), internal target occupancy: 1446405734B, occupancy: 23402664B, additional buffer size: 913309696B, predicted old gen allocation rate: 4.74B/s, predicted marking phase length: 76.58ms, prediction active: false
[260.131s][debug][gc,ergo,refine    ] GC(1438) Concurrent refinement times: Logged Cards Scan time goal: 20.00ms Logged Cards Scan time: 0.00ms HCC time: 0.00ms
[260.131s][debug][gc,ergo,refine    ] GC(1438) Updated Refinement Zones: green: 2048, yellow: 6144, red: 10240
[260.131s][info ][gc,phases         ] GC(1438)   Pre Evacuate Collection Set: 0.1ms
[260.131s][debug][gc,phases         ] GC(1438)     Prepare TLABs: 0.0ms
[260.131s][debug][gc,phases         ] GC(1438)     Choose Collection Set: 0.0ms
[260.131s][debug][gc,phases         ] GC(1438)     Region Register: 0.1ms
[260.131s][debug][gc,phases         ] GC(1438)     Prepare Heap Roots: 0.0ms
[260.131s][info ][gc,phases         ] GC(1438)   Merge Heap Roots: 0.1ms
[260.131s][debug][gc,phases         ] GC(1438)     Prepare Merge Heap Roots: 0.0ms
[260.131s][debug][gc,phases         ] GC(1438)     Eager Reclaim (ms):       skipped
[260.131s][debug][gc,phases         ] GC(1438)     Remembered Sets (ms):     Min:  0.0, Avg:  0.0, Max:  0.0, Diff:  0.0, Sum:  0.3, Workers: 8
[260.131s][debug][gc,phases         ] GC(1438)       Merged Sparse:            Min: 0, Avg:  0.0, Max: 0, Diff: 0, Sum: 0, Workers: 8
[260.131s][debug][gc,phases         ] GC(1438)       Merged Fine:              Min: 0, Avg:  0.0, Max: 0, Diff: 0, Sum: 0, Workers: 8
[260.131s][debug][gc,phases         ] GC(1438)       Merged Coarse:            Min: 0, Avg:  0.0, Max: 0, Diff: 0, Sum: 0, Workers: 8
[260.131s][debug][gc,phases         ] GC(1438)       Dirty Cards:              Min: 0, Avg:  0.0, Max: 0, Diff: 0, Sum: 0, Workers: 8
[260.131s][debug][gc,phases         ] GC(1438)     Hot Card Cache (ms):      Min:  0.0, Avg:  0.0, Max:  0.0, Diff:  0.0, Sum:  0.0, Workers: 8
[260.131s][debug][gc,phases         ] GC(1438)       Dirty Cards:              Min: 0, Avg:  0.0, Max: 0, Diff: 0, Sum: 0, Workers: 8
[260.131s][debug][gc,phases         ] GC(1438)       Skipped Cards:            Min: 0, Avg:  0.0, Max: 0, Diff: 0, Sum: 0, Workers: 8
[260.131s][debug][gc,phases         ] GC(1438)     Log Buffers (ms):         Min:  0.0, Avg:  0.0, Max:  0.0, Diff:  0.0, Sum:  0.0, Workers: 8
[260.131s][debug][gc,phases         ] GC(1438)       Dirty Cards:              Min: 0, Avg:  0.2, Max: 2, Diff: 2, Sum: 2, Workers: 8
[260.131s][debug][gc,phases         ] GC(1438)       Skipped Cards:            Min: 0, Avg:  0.0, Max: 0, Diff: 0, Sum: 0, Workers: 8
[260.131s][info ][gc,phases         ] GC(1438)   Evacuate Collection Set: 0.4ms
[260.131s][debug][gc,phases         ] GC(1438)     Ext Root Scanning (ms):   Min:  0.1, Avg:  0.2, Max:  0.3, Diff:  0.3, Sum:  1.8, Workers: 8
[260.131s][debug][gc,phases         ] GC(1438)     Scan Heap Roots (ms):     Min:  0.0, Avg:  0.0, Max:  0.0, Diff:  0.0, Sum:  0.0, Workers: 8
[260.131s][debug][gc,phases         ] GC(1438)       Scanned Cards:            Min: 0, Avg:  0.2, Max: 2, Diff: 2, Sum: 2, Workers: 8
[260.131s][debug][gc,phases         ] GC(1438)       Scanned Blocks:           Min: 0, Avg:  0.2, Max: 2, Diff: 2, Sum: 2, Workers: 8
[260.131s][debug][gc,phases         ] GC(1438)       Claimed Chunks:           Min: 0, Avg:  0.2, Max: 2, Diff: 2, Sum: 2, Workers: 8
[260.131s][debug][gc,phases         ] GC(1438)     Code Root Scan (ms):      Min:  0.0, Avg:  0.0, Max:  0.1, Diff:  0.1, Sum:  0.1, Workers: 8
[260.131s][debug][gc,phases         ] GC(1438)     Object Copy (ms):         Min:  0.0, Avg:  0.0, Max:  0.0, Diff:  0.0, Sum:  0.0, Workers: 8
[260.131s][debug][gc,phases         ] GC(1438)     Termination (ms):         Min:  0.0, Avg:  0.1, Max:  0.1, Diff:  0.1, Sum:  0.8, Workers: 8
[260.131s][debug][gc,phases         ] GC(1438)       Termination Attempts:     Min: 1, Avg:  1.1, Max: 2, Diff: 1, Sum: 9, Workers: 8
[260.131s][debug][gc,phases         ] GC(1438)     GC Worker Other (ms):     Min:  0.0, Avg:  0.0, Max:  0.1, Diff:  0.1, Sum:  0.3, Workers: 8
[260.131s][debug][gc,phases         ] GC(1438)     GC Worker Total (ms):     Min:  0.4, Avg:  0.4, Max:  0.4, Diff:  0.0, Sum:  3.1, Workers: 8
[260.131s][info ][gc,phases         ] GC(1438)   Post Evacuate Collection Set: 0.6ms
[260.131s][debug][gc,phases         ] GC(1438)     Code Roots Fixup: 0.0ms
[260.131s][debug][gc,phases         ] GC(1438)     Clear Card Table: 0.2ms
[260.131s][debug][gc,phases         ] GC(1438)     Reference Processing: 0.0ms
[260.131s][debug][gc,phases,ref     ] GC(1438)       Reconsider SoftReferences: 0.0ms
[260.131s][debug][gc,phases,ref     ] GC(1438)         SoftRef (ms):             skipped
[260.131s][debug][gc,phases,ref     ] GC(1438)       Notify Soft/WeakReferences: 0.0ms
[260.131s][debug][gc,phases,ref     ] GC(1438)         SoftRef (ms):             skipped
[260.131s][debug][gc,phases,ref     ] GC(1438)         WeakRef (ms):             skipped
[260.131s][debug][gc,phases,ref     ] GC(1438)         FinalRef (ms):            skipped
[260.131s][debug][gc,phases,ref     ] GC(1438)         Total (ms):               skipped
[260.131s][debug][gc,phases,ref     ] GC(1438)       Notify and keep alive finalizable: 0.0ms
[260.131s][debug][gc,phases,ref     ] GC(1438)         FinalRef (ms):            skipped
[260.131s][debug][gc,phases,ref     ] GC(1438)       Notify PhantomReferences: 0.0ms
[260.131s][debug][gc,phases,ref     ] GC(1438)         PhantomRef (ms):          skipped
[260.131s][debug][gc,phases,ref     ] GC(1438)       SoftReference:
[260.131s][debug][gc,phases,ref     ] GC(1438)         Discovered: 0
[260.131s][debug][gc,phases,ref     ] GC(1438)         Cleared: 0
[260.131s][debug][gc,phases,ref     ] GC(1438)       WeakReference:
[260.131s][debug][gc,phases,ref     ] GC(1438)         Discovered: 0
[260.131s][debug][gc,phases,ref     ] GC(1438)         Cleared: 0
[260.131s][debug][gc,phases,ref     ] GC(1438)       FinalReference:
[260.131s][debug][gc,phases,ref     ] GC(1438)         Discovered: 0
[260.131s][debug][gc,phases,ref     ] GC(1438)         Cleared: 0
[260.131s][debug][gc,phases,ref     ] GC(1438)       PhantomReference:
[260.131s][debug][gc,phases,ref     ] GC(1438)         Discovered: 0
[260.131s][debug][gc,phases,ref     ] GC(1438)         Cleared: 0
[260.131s][debug][gc,phases         ] GC(1438)     Weak Processing: 0.0ms
[260.131s][debug][gc,phases         ] GC(1438)       JVMTI weak processing: 0.0ms
[260.131s][debug][gc,phases         ] GC(1438)         Dead: 0
[260.131s][debug][gc,phases         ] GC(1438)         Total: 0
[260.131s][debug][gc,phases         ] GC(1438)       JFR weak processing: 0.0ms
[260.131s][debug][gc,phases         ] GC(1438)         Dead: 0
[260.131s][debug][gc,phases         ] GC(1438)         Total: 0
[260.131s][debug][gc,phases         ] GC(1438)       JNI weak                  Min:  0.0, Avg:  0.0, Max:  0.0, Diff:  0.0, Sum:  0.0, Workers: 5
[260.131s][debug][gc,phases         ] GC(1438)         Dead                      Min: 0, Avg:  0.0, Max: 0, Diff: 0, Sum: 0, Workers: 5
[260.131s][debug][gc,phases         ] GC(1438)         Total                     Min: 0, Avg: 21.8, Max: 109, Diff: 109, Sum: 109, Workers: 5
[260.131s][debug][gc,phases         ] GC(1438)       VM weak                   Min:  0.0, Avg:  0.0, Max:  0.0, Diff:  0.0, Sum:  0.0, Workers: 5
[260.131s][debug][gc,phases         ] GC(1438)         Dead                      Min: 0, Avg:  0.0, Max: 0, Diff: 0, Sum: 0, Workers: 5
[260.131s][debug][gc,phases         ] GC(1438)         Total                     Min: 0, Avg: 42.6, Max: 128, Diff: 128, Sum: 213, Workers: 5
[260.131s][debug][gc,phases         ] GC(1438)       StringTable weak          Min:  0.0, Avg:  0.0, Max:  0.0, Diff:  0.0, Sum:  0.0, Workers: 5
[260.131s][debug][gc,phases         ] GC(1438)         Dead                      Min: 0, Avg:  0.0, Max: 0, Diff: 0, Sum: 0, Workers: 5
[260.131s][debug][gc,phases         ] GC(1438)         Total                     Min: 0, Avg: 721.8, Max: 1818, Diff: 1818, Sum: 3609, Workers: 5
[260.131s][debug][gc,phases         ] GC(1438)       ResolvedMethodTable weak  Min:  0.0, Avg:  0.0, Max:  0.0, Diff:  0.0, Sum:  0.0, Workers: 5
[260.131s][debug][gc,phases         ] GC(1438)         Dead                      Min: 0, Avg:  0.0, Max: 0, Diff: 0, Sum: 0, Workers: 5
[260.131s][debug][gc,phases         ] GC(1438)         Total                     Min: 0, Avg: 114.8, Max: 320, Diff: 320, Sum: 574, Workers: 5
[260.131s][debug][gc,phases         ] GC(1438)     Merge Per-Thread State: 0.0ms
[260.131s][debug][gc,phases         ] GC(1438)       Copied Bytes              Min: 72, Avg: 450321.0, Max: 800320, Diff: 800248, Sum: 3602568, Workers: 8
[260.131s][debug][gc,phases         ] GC(1438)       LAB Waste                 Min: 0, Avg:  0.0, Max: 0, Diff: 0, Sum: 0, Workers: 8
[260.131s][debug][gc,phases         ] GC(1438)       LAB Undo Waste            Min: 0, Avg:  0.0, Max: 0, Diff: 0, Sum: 0, Workers: 8
[260.131s][debug][gc,phases         ] GC(1438)     Code Roots Purge: 0.0ms
[260.131s][debug][gc,phases         ] GC(1438)     Redirty Cards: 0.0ms
[260.131s][debug][gc,phases         ] GC(1438)     DerivedPointerTable Update: 0.0ms
[260.131s][debug][gc,phases         ] GC(1438)     Free Collection Set: 0.2ms
[260.131s][debug][gc,phases         ] GC(1438)     Rebuild Free List: 0.1ms
[260.131s][debug][gc,phases         ] GC(1438)     Humongous Reclaim: 0.0ms
[260.131s][debug][gc,phases         ] GC(1438)     Start New Collection Set: 0.0ms
[260.131s][debug][gc,phases         ] GC(1438)     Resize TLABs: 0.0ms
[260.131s][debug][gc,phases         ] GC(1438)     Expand Heap After Collection: 0.0ms
[260.131s][info ][gc,phases         ] GC(1438)   Other: 0.3ms
[260.131s][info ][gc,heap           ] GC(1438) Eden regions: 866->0(866)
[260.131s][info ][gc,heap           ] GC(1438) Survivor regions: 5->5(109)
[260.131s][info ][gc,heap           ] GC(1438) Old regions: 18->18
[260.131s][info ][gc,heap           ] GC(1438) Archive regions: 2->2
[260.132s][info ][gc,heap           ] GC(1438) Humongous regions: 0->0
[260.132s][info ][gc,metaspace      ] GC(1438) Metaspace: 10458K(11136K)->10458K(11136K) NonClass: 9309K(9728K)->9309K(9728K) Class: 1149K(1408K)->1149K(1408K)
[260.132s][debug][gc,heap           ] GC(1438) Heap after GC invocations=1439 (full 1): garbage-first heap   total 1486848K, used 22854K [0x0000000700000000, 0x0000000800000000)
[260.132s][debug][gc,heap           ] GC(1438)   region size 1024K, 5 young (5120K), 5 survivors (5120K)
[260.132s][debug][gc,heap           ] GC(1438)  Metaspace       used 10458K, capacity 10758K, committed 11136K, reserved 1058816K
[260.132s][debug][gc,heap           ] GC(1438)   class space    used 1149K, capacity 1267K, committed 1408K, reserved 1048576K
[260.132s][info ][gc                ] GC(1438) Pause Young (Normal) (G1 Evacuation Pause) 888M->22M(1452M) 2.142ms
[260.132s][info ][gc,cpu            ] GC(1438) User=0.01s Sys=0.00s Real=0.01s
[260.132s][info ][safepoint         ] Safepoint "G1CollectForAllocation", Time since last: 42588077 ns, Reaching safepoint: 197709 ns, At safepoint: 2310305 ns, Total: 2508014 ns
[260.175s][debug][gc,heap           ] GC(1439) Heap before GC invocations=1439 (full 1): garbage-first heap   total 1486848K, used 908614K [0x0000000700000000, 0x0000000800000000)
[260.175s][debug][gc,heap           ] GC(1439)   region size 1024K, 871 young (891904K), 5 survivors (5120K)
[260.175s][debug][gc,heap           ] GC(1439)  Metaspace       used 10458K, capacity 10758K, committed 11136K, reserved 1058816K
[260.175s][debug][gc,heap           ] GC(1439)   class space    used 1149K, capacity 1267K, committed 1408K, reserved 1048576K
[260.175s][info ][gc,start          ] GC(1439) Pause Young (Normal) (G1 Evacuation Pause)
[260.175s][info ][gc,task           ] GC(1439) Using 8 workers of 8 for evacuation
[260.175s][debug][gc,tlab           ] GC(1439) TLAB totals: thrds: 8  refills: 14 max: 3 slow allocs: 1723 max 238 waste: 24.8% gc: 960456B max: 218304B slow: 58408B max: 15568B fast: 0B max: 0B
[260.175s][debug][gc,age            ] GC(1439) Desired survivor size 57147392 bytes, new threshold 15 (max threshold 15)
[260.175s][debug][gc,alloc,region   ] GC(1439) Mutator Allocation stats, regions: 866, wasted size: 203M (23.4%)
[260.175s][debug][gc,ergo           ] GC(1439) Running G1 Merge Heap Roots using 8 workers for 871 regions
[260.175s][debug][gc,remset         ] GC(1439) Visited cards 256 Total dirty 2048 (12.50%) Total old 3608576 (0.01%)
[260.176s][debug][gc,ergo           ] GC(1439) Running G1 Clear Card Table Task using 2 workers for 2 units of work for 872 regions.
[260.176s][debug][gc,ref            ] GC(1439) Skipped phase1 of Reference Processing due to unavailable references
[260.176s][debug][gc,ref            ] GC(1439) Skipped phase2 of Reference Processing due to unavailable references
[260.176s][debug][gc,ref            ] GC(1439) Skipped phase3 of Reference Processing due to unavailable references
[260.176s][debug][gc,ref            ] GC(1439) Skipped phase4 of Reference Processing due to unavailable references
[260.176s][debug][gc,ergo           ] GC(1439) Running G1 Free Collection Set using 8 workers for collection set length 871 (1452)
[260.176s][debug][gc,ergo           ] GC(1439) Running G1 Rebuild Free List Task using 8 workers for rebuilding free list of 0 (4096) regions
[260.176s][trace][gc,age            ] GC(1439) Age table with threshold 15 (max threshold 15)
[260.176s][trace][gc,age            ] GC(1439) - age   1:    3602504 bytes,    3602504 total
[260.176s][debug][gc,plab           ] GC(1439) Young PLAB allocation: allocated: 16512B, wasted: 0B, unused: 14144B, used: 2368B, undo waste: 0B, 
[260.176s][debug][gc,plab           ] GC(1439) Young other allocation: region end waste: 979728B, regions filled: 5, direct allocated: 3600136B, failure used: 0B, failure wasted: 0B
[260.176s][debug][gc,plab           ] GC(1439) Young sizing: calculated: 0B, actual: 2064B
[260.176s][debug][gc,plab           ] GC(1439) Old PLAB allocation: allocated: 0B, wasted: 0B, unused: 0B, used: 0B, undo waste: 0B, 
[260.176s][debug][gc,plab           ] GC(1439) Old other allocation: region end waste: 0B, regions filled: 1, direct allocated: 0B, failure used: 0B, failure wasted: 0B
[260.176s][debug][gc,plab           ] GC(1439) Old sizing: calculated: 0B, actual: 2064B
[260.176s][debug][gc,ihop           ] GC(1439) Basic information (value update), threshold: 685139558B (45.00), target occupancy: 1522532352B, current occupancy: 23400600B, recent allocation size: 0B, recent allocation duration: 44.04ms, recent old gen allocation rate: 0.00B/s, recent marking phase length: 38.29ms
[260.176s][debug][gc,ihop           ] GC(1439) Adaptive IHOP information (value update), threshold: 685139558B (47.37), internal target occupancy: 1446405734B, occupancy: 23400600B, additional buffer size: 913309696B, predicted old gen allocation rate: 4.62B/s, predicted marking phase length: 76.58ms, prediction active: false
[260.176s][debug][gc,ergo,refine    ] GC(1439) Concurrent refinement times: Logged Cards Scan time goal: 20.00ms Logged Cards Scan time: 0.00ms HCC time: 0.00ms
[260.176s][debug][gc,ergo,refine    ] GC(1439) Updated Refinement Zones: green: 2048, yellow: 6144, red: 10240
[260.176s][info ][gc,phases         ] GC(1439)   Pre Evacuate Collection Set: 0.1ms
[260.176s][debug][gc,phases         ] GC(1439)     Prepare TLABs: 0.0ms
[260.176s][debug][gc,phases         ] GC(1439)     Choose Collection Set: 0.0ms
[260.176s][debug][gc,phases         ] GC(1439)     Region Register: 0.1ms
[260.176s][debug][gc,phases         ] GC(1439)     Prepare Heap Roots: 0.0ms
[260.176s][info ][gc,phases         ] GC(1439)   Merge Heap Roots: 0.2ms
[260.176s][debug][gc,phases         ] GC(1439)     Prepare Merge Heap Roots: 0.0ms
[260.176s][debug][gc,phases         ] GC(1439)     Eager Reclaim (ms):       skipped
[260.176s][debug][gc,phases         ] GC(1439)     Remembered Sets (ms):     Min:  0.0, Avg:  0.0, Max:  0.1, Diff:  0.0, Sum:  0.4, Workers: 8
[260.176s][debug][gc,phases         ] GC(1439)       Merged Sparse:            Min: 0, Avg:  0.0, Max: 0, Diff: 0, Sum: 0, Workers: 8
[260.176s][debug][gc,phases         ] GC(1439)       Merged Fine:              Min: 0, Avg:  0.0, Max: 0, Diff: 0, Sum: 0, Workers: 8
[260.176s][debug][gc,phases         ] GC(1439)       Merged Coarse:            Min: 0, Avg:  0.0, Max: 0, Diff: 0, Sum: 0, Workers: 8
[260.176s][debug][gc,phases         ] GC(1439)       Dirty Cards:              Min: 0, Avg:  0.0, Max: 0, Diff: 0, Sum: 0, Workers: 8
[260.176s][debug][gc,phases         ] GC(1439)     Hot Card Cache (ms):      Min:  0.0, Avg:  0.0, Max:  0.0, Diff:  0.0, Sum:  0.0, Workers: 8
[260.176s][debug][gc,phases         ] GC(1439)       Dirty Cards:              Min: 0, Avg:  0.0, Max: 0, Diff: 0, Sum: 0, Workers: 8
[260.177s][debug][gc,phases         ] GC(1439)       Skipped Cards:            Min: 0, Avg:  0.0, Max: 0, Diff: 0, Sum: 0, Workers: 8
[260.177s][debug][gc,phases         ] GC(1439)     Log Buffers (ms):         Min:  0.0, Avg:  0.0, Max:  0.0, Diff:  0.0, Sum:  0.0, Workers: 8
[260.177s][debug][gc,phases         ] GC(1439)       Dirty Cards:              Min: 0, Avg:  0.1, Max: 1, Diff: 1, Sum: 1, Workers: 8
[260.177s][debug][gc,phases         ] GC(1439)       Skipped Cards:            Min: 0, Avg:  0.0, Max: 0, Diff: 0, Sum: 0, Workers: 8
[260.177s][info ][gc,phases         ] GC(1439)   Evacuate Collection Set: 0.5ms
[260.177s][debug][gc,phases         ] GC(1439)     Ext Root Scanning (ms):   Min:  0.3, Avg:  0.3, Max:  0.3, Diff:  0.1, Sum:  2.3, Workers: 8
[260.177s][debug][gc,phases         ] GC(1439)     Scan Heap Roots (ms):     Min:  0.0, Avg:  0.0, Max:  0.0, Diff:  0.0, Sum:  0.0, Workers: 8
[260.177s][debug][gc,phases         ] GC(1439)       Scanned Cards:            Min: 0, Avg:  0.1, Max: 1, Diff: 1, Sum: 1, Workers: 8
[260.177s][debug][gc,phases         ] GC(1439)       Scanned Blocks:           Min: 0, Avg:  0.1, Max: 1, Diff: 1, Sum: 1, Workers: 8
[260.177s][debug][gc,phases         ] GC(1439)       Claimed Chunks:           Min: 0, Avg:  0.1, Max: 1, Diff: 1, Sum: 1, Workers: 8
[260.177s][debug][gc,phases         ] GC(1439)     Code Root Scan (ms):      Min:  0.0, Avg:  0.0, Max:  0.0, Diff:  0.0, Sum:  0.2, Workers: 8
[260.177s][debug][gc,phases         ] GC(1439)     Object Copy (ms):         Min:  0.0, Avg:  0.0, Max:  0.0, Diff:  0.0, Sum:  0.0, Workers: 8
[260.177s][debug][gc,phases         ] GC(1439)     Termination (ms):         Min:  0.0, Avg:  0.0, Max:  0.1, Diff:  0.0, Sum:  0.4, Workers: 8
[260.177s][debug][gc,phases         ] GC(1439)       Termination Attempts:     Min: 1, Avg:  1.0, Max: 1, Diff: 0, Sum: 8, Workers: 8
[260.177s][debug][gc,phases         ] GC(1439)     GC Worker Other (ms):     Min:  0.1, Avg:  0.1, Max:  0.1, Diff:  0.0, Sum:  0.5, Workers: 8
[260.177s][debug][gc,phases         ] GC(1439)     GC Worker Total (ms):     Min:  0.4, Avg:  0.4, Max:  0.4, Diff:  0.1, Sum:  3.4, Workers: 8
[260.177s][info ][gc,phases         ] GC(1439)   Post Evacuate Collection Set: 0.6ms
[260.177s][debug][gc,phases         ] GC(1439)     Code Roots Fixup: 0.0ms
[260.177s][debug][gc,phases         ] GC(1439)     Clear Card Table: 0.2ms
[260.177s][debug][gc,phases         ] GC(1439)     Reference Processing: 0.0ms
[260.177s][debug][gc,phases,ref     ] GC(1439)       Reconsider SoftReferences: 0.0ms
[260.177s][debug][gc,phases,ref     ] GC(1439)         SoftRef (ms):             skipped
[260.177s][debug][gc,phases,ref     ] GC(1439)       Notify Soft/WeakReferences: 0.0ms
[260.177s][debug][gc,phases,ref     ] GC(1439)         SoftRef (ms):             skipped
[260.177s][debug][gc,phases,ref     ] GC(1439)         WeakRef (ms):             skipped
[260.177s][debug][gc,phases,ref     ] GC(1439)         FinalRef (ms):            skipped
[260.177s][debug][gc,phases,ref     ] GC(1439)         Total (ms):               skipped
[260.177s][debug][gc,phases,ref     ] GC(1439)       Notify and keep alive finalizable: 0.0ms
[260.177s][debug][gc,phases,ref     ] GC(1439)         FinalRef (ms):            skipped
[260.177s][debug][gc,phases,ref     ] GC(1439)       Notify PhantomReferences: 0.0ms
[260.177s][debug][gc,phases,ref     ] GC(1439)         PhantomRef (ms):          skipped
[260.177s][debug][gc,phases,ref     ] GC(1439)       SoftReference:
[260.177s][debug][gc,phases,ref     ] GC(1439)         Discovered: 0
[260.177s][debug][gc,phases,ref     ] GC(1439)         Cleared: 0
[260.177s][debug][gc,phases,ref     ] GC(1439)       WeakReference:
[260.177s][debug][gc,phases,ref     ] GC(1439)         Discovered: 0
[260.177s][debug][gc,phases,ref     ] GC(1439)         Cleared: 0
[260.177s][debug][gc,phases,ref     ] GC(1439)       FinalReference:
[260.177s][debug][gc,phases,ref     ] GC(1439)         Discovered: 0
[260.177s][debug][gc,phases,ref     ] GC(1439)         Cleared: 0
[260.177s][debug][gc,phases,ref     ] GC(1439)       PhantomReference:
[260.177s][debug][gc,phases,ref     ] GC(1439)         Discovered: 0
[260.177s][debug][gc,phases,ref     ] GC(1439)         Cleared: 0
[260.177s][debug][gc,phases         ] GC(1439)     Weak Processing: 0.0ms
[260.177s][debug][gc,phases         ] GC(1439)       JVMTI weak processing: 0.0ms
[260.177s][debug][gc,phases         ] GC(1439)         Dead: 0
[260.177s][debug][gc,phases         ] GC(1439)         Total: 0
[260.177s][debug][gc,phases         ] GC(1439)       JFR weak processing: 0.0ms
[260.177s][debug][gc,phases         ] GC(1439)         Dead: 0
[260.177s][debug][gc,phases         ] GC(1439)         Total: 0
[260.177s][debug][gc,phases         ] GC(1439)       JNI weak                  Min:  0.0, Avg:  0.0, Max:  0.0, Diff:  0.0, Sum:  0.0, Workers: 5
[260.177s][debug][gc,phases         ] GC(1439)         Dead                      Min: 0, Avg:  0.0, Max: 0, Diff: 0, Sum: 0, Workers: 5
[260.177s][debug][gc,phases         ] GC(1439)         Total                     Min: 0, Avg: 21.8, Max: 64, Diff: 64, Sum: 109, Workers: 5
[260.177s][debug][gc,phases         ] GC(1439)       VM weak                   Min:  0.0, Avg:  0.0, Max:  0.0, Diff:  0.0, Sum:  0.0, Workers: 5
[260.177s][debug][gc,phases         ] GC(1439)         Dead                      Min: 0, Avg:  0.0, Max: 0, Diff: 0, Sum: 0, Workers: 5
[260.177s][debug][gc,phases         ] GC(1439)         Total                     Min: 0, Avg: 42.6, Max: 85, Diff: 85, Sum: 213, Workers: 5
[260.177s][debug][gc,phases         ] GC(1439)       StringTable weak          Min:  0.0, Avg:  0.0, Max:  0.0, Diff:  0.0, Sum:  0.1, Workers: 5
[260.177s][debug][gc,phases         ] GC(1439)         Dead                      Min: 0, Avg:  0.0, Max: 0, Diff: 0, Sum: 0, Workers: 5
[260.177s][debug][gc,phases         ] GC(1439)         Total                     Min: 0, Avg: 721.8, Max: 960, Diff: 960, Sum: 3609, Workers: 5
[260.177s][debug][gc,phases         ] GC(1439)       ResolvedMethodTable weak  Min:  0.0, Avg:  0.0, Max:  0.0, Diff:  0.0, Sum:  0.0, Workers: 5
[260.177s][debug][gc,phases         ] GC(1439)         Dead                      Min: 0, Avg:  0.0, Max: 0, Diff: 0, Sum: 0, Workers: 5
[260.177s][debug][gc,phases         ] GC(1439)         Total                     Min: 0, Avg: 114.8, Max: 190, Diff: 190, Sum: 574, Workers: 5
[260.177s][debug][gc,phases         ] GC(1439)     Merge Per-Thread State: 0.0ms
[260.177s][debug][gc,phases         ] GC(1439)       Copied Bytes              Min: 400088, Avg: 450313.0, Max: 800096, Diff: 400008, Sum: 3602504, Workers: 8
[260.177s][debug][gc,phases         ] GC(1439)       LAB Waste                 Min: 0, Avg:  0.0, Max: 0, Diff: 0, Sum: 0, Workers: 8
[260.177s][debug][gc,phases         ] GC(1439)       LAB Undo Waste            Min: 0, Avg:  0.0, Max: 0, Diff: 0, Sum: 0, Workers: 8
[260.177s][debug][gc,phases         ] GC(1439)     Code Roots Purge: 0.0ms
[260.177s][debug][gc,phases         ] GC(1439)     Redirty Cards: 0.0ms
[260.177s][debug][gc,phases         ] GC(1439)     DerivedPointerTable Update: 0.0ms
[260.177s][debug][gc,phases         ] GC(1439)     Free Collection Set: 0.2ms
[260.177s][debug][gc,phases         ] GC(1439)     Rebuild Free List: 0.1ms
[260.177s][debug][gc,phases         ] GC(1439)     Humongous Reclaim: 0.0ms
[260.177s][debug][gc,phases         ] GC(1439)     Start New Collection Set: 0.0ms
[260.177s][debug][gc,phases         ] GC(1439)     Resize TLABs: 0.0ms
[260.177s][debug][gc,phases         ] GC(1439)     Expand Heap After Collection: 0.0ms
[260.177s][info ][gc,phases         ] GC(1439)   Other: 0.3ms
[260.177s][info ][gc,heap           ] GC(1439) Eden regions: 866->0(866)
[260.177s][info ][gc,heap           ] GC(1439) Survivor regions: 5->5(109)
[260.177s][info ][gc,heap           ] GC(1439) Old regions: 18->18
[260.177s][info ][gc,heap           ] GC(1439) Archive regions: 2->2
[260.177s][info ][gc,heap           ] GC(1439) Humongous regions: 0->0
[260.177s][info ][gc,metaspace      ] GC(1439) Metaspace: 10458K(11136K)->10458K(11136K) NonClass: 9309K(9728K)->9309K(9728K) Class: 1149K(1408K)->1149K(1408K)
[260.177s][debug][gc,heap           ] GC(1439) Heap after GC invocations=1440 (full 1): garbage-first heap   total 1486848K, used 22852K [0x0000000700000000, 0x0000000800000000)
[260.177s][debug][gc,heap           ] GC(1439)   region size 1024K, 5 young (5120K), 5 survivors (5120K)
[260.177s][debug][gc,heap           ] GC(1439)  Metaspace       used 10458K, capacity 10758K, committed 11136K, reserved 1058816K
[260.177s][debug][gc,heap           ] GC(1439)   class space    used 1149K, capacity 1267K, committed 1408K, reserved 1048576K
[260.177s][info ][gc                ] GC(1439) Pause Young (Normal) (G1 Evacuation Pause) 888M->22M(1452M) 2.228ms
[260.177s][info ][gc,cpu            ] GC(1439) User=0.01s Sys=0.00s Real=0.00s
[260.177s][info ][safepoint         ] Safepoint "G1CollectForAllocation", Time since last: 42955613 ns, Reaching safepoint: 175163 ns, At safepoint: 2490477 ns, Total: 2665640 ns
[260.220s][debug][gc,heap           ] GC(1440) Heap before GC invocations=1440 (full 1): garbage-first heap   total 1486848K, used 908612K [0x0000000700000000, 0x0000000800000000)
[260.220s][debug][gc,heap           ] GC(1440)   region size 1024K, 871 young (891904K), 5 survivors (5120K)
[260.220s][debug][gc,heap           ] GC(1440)  Metaspace       used 10458K, capacity 10758K, committed 11136K, reserved 1058816K
[260.220s][debug][gc,heap           ] GC(1440)   class space    used 1149K, capacity 1267K, committed 1408K, reserved 1048576K
[260.220s][info ][gc,start          ] GC(1440) Pause Young (Normal) (G1 Evacuation Pause)
[260.220s][info ][gc,task           ] GC(1440) Using 8 workers of 8 for evacuation
[260.220s][debug][gc,tlab           ] GC(1440) TLAB totals: thrds: 8  refills: 17 max: 3 slow allocs: 1725 max 273 waste: 22.7% gc: 1071208B max: 230856B slow: 75224B max: 15488B fast: 0B max: 0B
[260.220s][debug][gc,age            ] GC(1440) Desired survivor size 57147392 bytes, new threshold 15 (max threshold 15)
[260.220s][debug][gc,alloc,region   ] GC(1440) Mutator Allocation stats, regions: 866, wasted size: 202M (23.4%)
[260.220s][debug][gc,ergo           ] GC(1440) Running G1 Merge Heap Roots using 8 workers for 871 regions
[260.220s][debug][gc,remset         ] GC(1440) Visited cards 512 Total dirty 4096 (12.50%) Total old 3608576 (0.01%)
[260.221s][debug][gc,ergo           ] GC(1440) Running G1 Clear Card Table Task using 2 workers for 2 units of work for 873 regions.
[260.221s][debug][gc,ref            ] GC(1440) Skipped phase1 of Reference Processing due to unavailable references
[260.221s][debug][gc,ref            ] GC(1440) Skipped phase2 of Reference Processing due to unavailable references
[260.221s][debug][gc,ref            ] GC(1440) Skipped phase3 of Reference Processing due to unavailable references
[260.221s][debug][gc,ref            ] GC(1440) Skipped phase4 of Reference Processing due to unavailable references
[260.221s][debug][gc,ergo           ] GC(1440) Running G1 Free Collection Set using 8 workers for collection set length 871 (1452)
[260.221s][debug][gc,ergo           ] GC(1440) Running G1 Rebuild Free List Task using 8 workers for rebuilding free list of 0 (4096) regions
[260.221s][trace][gc,age            ] GC(1440) Age table with threshold 15 (max threshold 15)
[260.221s][trace][gc,age            ] GC(1440) - age   1:    2802552 bytes,    2802552 total
[260.221s][debug][gc,plab           ] GC(1440) Young PLAB allocation: allocated: 16512B, wasted: 0B, unused: 14064B, used: 2448B, undo waste: 0B, 
[260.221s][debug][gc,plab           ] GC(1440) Young other allocation: region end waste: 731184B, regions filled: 4, direct allocated: 2800104B, failure used: 0B, failure wasted: 0B
[260.221s][debug][gc,plab           ] GC(1440) Young sizing: calculated: 0B, actual: 2064B
[260.221s][debug][gc,plab           ] GC(1440) Old PLAB allocation: allocated: 0B, wasted: 0B, unused: 0B, used: 0B, undo waste: 0B, 
[260.221s][debug][gc,plab           ] GC(1440) Old other allocation: region end waste: 0B, regions filled: 1, direct allocated: 0B, failure used: 0B, failure wasted: 0B
[260.221s][debug][gc,plab           ] GC(1440) Old sizing: calculated: 0B, actual: 2064B
[260.221s][debug][gc,ihop           ] GC(1440) Basic information (value update), threshold: 685139558B (45.00), target occupancy: 1522532352B, current occupancy: 22352024B, recent allocation size: 0B, recent allocation duration: 43.77ms, recent old gen allocation rate: 0.00B/s, recent marking phase length: 38.29ms
[260.221s][debug][gc,ihop           ] GC(1440) Adaptive IHOP information (value update), threshold: 685139558B (47.37), internal target occupancy: 1446405734B, occupancy: 22352024B, additional buffer size: 913309696B, predicted old gen allocation rate: 4.51B/s, predicted marking phase length: 76.58ms, prediction active: false
[260.221s][debug][gc,ergo,refine    ] GC(1440) Concurrent refinement times: Logged Cards Scan time goal: 20.00ms Logged Cards Scan time: 0.00ms HCC time: 0.00ms
[260.221s][debug][gc,ergo,refine    ] GC(1440) Updated Refinement Zones: green: 2048, yellow: 6144, red: 10240
[260.221s][info ][gc,phases         ] GC(1440)   Pre Evacuate Collection Set: 0.1ms
[260.221s][debug][gc,phases         ] GC(1440)     Prepare TLABs: 0.0ms
[260.221s][debug][gc,phases         ] GC(1440)     Choose Collection Set: 0.0ms
[260.221s][debug][gc,phases         ] GC(1440)     Region Register: 0.1ms
[260.222s][debug][gc,phases         ] GC(1440)     Prepare Heap Roots: 0.0ms
[260.222s][info ][gc,phases         ] GC(1440)   Merge Heap Roots: 0.1ms
[260.222s][debug][gc,phases         ] GC(1440)     Prepare Merge Heap Roots: 0.0ms
[260.222s][debug][gc,phases         ] GC(1440)     Eager Reclaim (ms):       skipped
[260.222s][debug][gc,phases         ] GC(1440)     Remembered Sets (ms):     Min:  0.0, Avg:  0.0, Max:  0.0, Diff:  0.0, Sum:  0.3, Workers: 8
[260.222s][debug][gc,phases         ] GC(1440)       Merged Sparse:            Min: 0, Avg:  0.0, Max: 0, Diff: 0, Sum: 0, Workers: 8
[260.222s][debug][gc,phases         ] GC(1440)       Merged Fine:              Min: 0, Avg:  0.0, Max: 0, Diff: 0, Sum: 0, Workers: 8
[260.222s][debug][gc,phases         ] GC(1440)       Merged Coarse:            Min: 0, Avg:  0.0, Max: 0, Diff: 0, Sum: 0, Workers: 8
[260.222s][debug][gc,phases         ] GC(1440)       Dirty Cards:              Min: 0, Avg:  0.0, Max: 0, Diff: 0, Sum: 0, Workers: 8
[260.222s][debug][gc,phases         ] GC(1440)     Hot Card Cache (ms):      Min:  0.0, Avg:  0.0, Max:  0.0, Diff:  0.0, Sum:  0.0, Workers: 8
[260.222s][debug][gc,phases         ] GC(1440)       Dirty Cards:              Min: 0, Avg:  0.0, Max: 0, Diff: 0, Sum: 0, Workers: 8
[260.222s][debug][gc,phases         ] GC(1440)       Skipped Cards:            Min: 0, Avg:  0.0, Max: 0, Diff: 0, Sum: 0, Workers: 8
[260.222s][debug][gc,phases         ] GC(1440)     Log Buffers (ms):         Min:  0.0, Avg:  0.0, Max:  0.0, Diff:  0.0, Sum:  0.0, Workers: 8
[260.222s][debug][gc,phases         ] GC(1440)       Dirty Cards:              Min: 0, Avg:  0.2, Max: 1, Diff: 1, Sum: 2, Workers: 8
[260.222s][debug][gc,phases         ] GC(1440)       Skipped Cards:            Min: 0, Avg:  0.0, Max: 0, Diff: 0, Sum: 0, Workers: 8
[260.222s][info ][gc,phases         ] GC(1440)   Evacuate Collection Set: 0.3ms
[260.222s][debug][gc,phases         ] GC(1440)     Ext Root Scanning (ms):   Min:  0.1, Avg:  0.2, Max:  0.3, Diff:  0.2, Sum:  1.4, Workers: 8
[260.222s][debug][gc,phases         ] GC(1440)     Scan Heap Roots (ms):     Min:  0.0, Avg:  0.0, Max:  0.0, Diff:  0.0, Sum:  0.0, Workers: 8
[260.222s][debug][gc,phases         ] GC(1440)       Scanned Cards:            Min: 0, Avg:  0.2, Max: 2, Diff: 2, Sum: 2, Workers: 8
[260.222s][debug][gc,phases         ] GC(1440)       Scanned Blocks:           Min: 0, Avg:  0.2, Max: 2, Diff: 2, Sum: 2, Workers: 8
[260.222s][debug][gc,phases         ] GC(1440)       Claimed Chunks:           Min: 0, Avg:  0.2, Max: 2, Diff: 2, Sum: 2, Workers: 8
[260.222s][debug][gc,phases         ] GC(1440)     Code Root Scan (ms):      Min:  0.0, Avg:  0.0, Max:  0.0, Diff:  0.0, Sum:  0.1, Workers: 8
[260.222s][debug][gc,phases         ] GC(1440)     Object Copy (ms):         Min:  0.0, Avg:  0.0, Max:  0.0, Diff:  0.0, Sum:  0.0, Workers: 8
[260.222s][debug][gc,phases         ] GC(1440)     Termination (ms):         Min:  0.0, Avg:  0.1, Max:  0.1, Diff:  0.0, Sum:  0.4, Workers: 8
[260.222s][debug][gc,phases         ] GC(1440)       Termination Attempts:     Min: 1, Avg:  1.0, Max: 1, Diff: 0, Sum: 8, Workers: 8
[260.222s][debug][gc,phases         ] GC(1440)     GC Worker Other (ms):     Min:  0.0, Avg:  0.0, Max:  0.1, Diff:  0.1, Sum:  0.4, Workers: 8
[260.222s][debug][gc,phases         ] GC(1440)     GC Worker Total (ms):     Min:  0.3, Avg:  0.3, Max:  0.3, Diff:  0.1, Sum:  2.4, Workers: 8
[260.222s][info ][gc,phases         ] GC(1440)   Post Evacuate Collection Set: 0.6ms
[260.222s][debug][gc,phases         ] GC(1440)     Code Roots Fixup: 0.0ms
[260.222s][debug][gc,phases         ] GC(1440)     Clear Card Table: 0.2ms
[260.222s][debug][gc,phases         ] GC(1440)     Reference Processing: 0.0ms
[260.222s][debug][gc,phases,ref     ] GC(1440)       Reconsider SoftReferences: 0.0ms
[260.222s][debug][gc,phases,ref     ] GC(1440)         SoftRef (ms):             skipped
[260.222s][debug][gc,phases,ref     ] GC(1440)       Notify Soft/WeakReferences: 0.0ms
[260.222s][debug][gc,phases,ref     ] GC(1440)         SoftRef (ms):             skipped
[260.222s][debug][gc,phases,ref     ] GC(1440)         WeakRef (ms):             skipped
[260.222s][debug][gc,phases,ref     ] GC(1440)         FinalRef (ms):            skipped
[260.222s][debug][gc,phases,ref     ] GC(1440)         Total (ms):               skipped
[260.222s][debug][gc,phases,ref     ] GC(1440)       Notify and keep alive finalizable: 0.0ms
[260.222s][debug][gc,phases,ref     ] GC(1440)         FinalRef (ms):            skipped
[260.222s][debug][gc,phases,ref     ] GC(1440)       Notify PhantomReferences: 0.0ms
[260.222s][debug][gc,phases,ref     ] GC(1440)         PhantomRef (ms):          skipped
[260.222s][debug][gc,phases,ref     ] GC(1440)       SoftReference:
[260.222s][debug][gc,phases,ref     ] GC(1440)         Discovered: 0
[260.222s][debug][gc,phases,ref     ] GC(1440)         Cleared: 0
[260.222s][debug][gc,phases,ref     ] GC(1440)       WeakReference:
[260.222s][debug][gc,phases,ref     ] GC(1440)         Discovered: 0
[260.222s][debug][gc,phases,ref     ] GC(1440)         Cleared: 0
[260.222s][debug][gc,phases,ref     ] GC(1440)       FinalReference:
[260.222s][debug][gc,phases,ref     ] GC(1440)         Discovered: 0
[260.222s][debug][gc,phases,ref     ] GC(1440)         Cleared: 0
[260.222s][debug][gc,phases,ref     ] GC(1440)       PhantomReference:
[260.222s][debug][gc,phases,ref     ] GC(1440)         Discovered: 0
[260.222s][debug][gc,phases,ref     ] GC(1440)         Cleared: 0
[260.222s][debug][gc,phases         ] GC(1440)     Weak Processing: 0.0ms
[260.222s][debug][gc,phases         ] GC(1440)       JVMTI weak processing: 0.0ms
[260.222s][debug][gc,phases         ] GC(1440)         Dead: 0
[260.222s][debug][gc,phases         ] GC(1440)         Total: 0
[260.222s][debug][gc,phases         ] GC(1440)       JFR weak processing: 0.0ms
[260.222s][debug][gc,phases         ] GC(1440)         Dead: 0
[260.222s][debug][gc,phases         ] GC(1440)         Total: 0
[260.222s][debug][gc,phases         ] GC(1440)       JNI weak                  Min:  0.0, Avg:  0.0, Max:  0.0, Diff:  0.0, Sum:  0.0, Workers: 5
[260.222s][debug][gc,phases         ] GC(1440)         Dead                      Min: 0, Avg:  0.0, Max: 0, Diff: 0, Sum: 0, Workers: 5
[260.222s][debug][gc,phases         ] GC(1440)         Total                     Min: 0, Avg: 21.8, Max: 64, Diff: 64, Sum: 109, Workers: 5
[260.222s][debug][gc,phases         ] GC(1440)       VM weak                   Min:  0.0, Avg:  0.0, Max:  0.0, Diff:  0.0, Sum:  0.0, Workers: 5
[260.222s][debug][gc,phases         ] GC(1440)         Dead                      Min: 0, Avg:  0.0, Max: 0, Diff: 0, Sum: 0, Workers: 5
[260.222s][debug][gc,phases         ] GC(1440)         Total                     Min: 0, Avg: 42.6, Max: 85, Diff: 85, Sum: 213, Workers: 5
[260.222s][debug][gc,phases         ] GC(1440)       StringTable weak          Min:  0.0, Avg:  0.0, Max:  0.0, Diff:  0.0, Sum:  0.1, Workers: 5
[260.222s][debug][gc,phases         ] GC(1440)         Dead                      Min: 0, Avg:  0.0, Max: 0, Diff: 0, Sum: 0, Workers: 5
[260.222s][debug][gc,phases         ] GC(1440)         Total                     Min: 0, Avg: 721.8, Max: 1279, Diff: 1279, Sum: 3609, Workers: 5
[260.222s][debug][gc,phases         ] GC(1440)       ResolvedMethodTable weak  Min:  0.0, Avg:  0.0, Max:  0.0, Diff:  0.0, Sum:  0.0, Workers: 5
[260.222s][debug][gc,phases         ] GC(1440)         Dead                      Min: 0, Avg:  0.0, Max: 0, Diff: 0, Sum: 0, Workers: 5
[260.222s][debug][gc,phases         ] GC(1440)         Total                     Min: 0, Avg: 114.8, Max: 192, Diff: 192, Sum: 574, Workers: 5
[260.222s][debug][gc,phases         ] GC(1440)     Merge Per-Thread State: 0.0ms
[260.222s][debug][gc,phases         ] GC(1440)       Copied Bytes              Min: 72, Avg: 350319.0, Max: 800096, Diff: 800024, Sum: 2802552, Workers: 8
[260.222s][debug][gc,phases         ] GC(1440)       LAB Waste                 Min: 0, Avg:  0.0, Max: 0, Diff: 0, Sum: 0, Workers: 8
[260.222s][debug][gc,phases         ] GC(1440)       LAB Undo Waste            Min: 0, Avg:  0.0, Max: 0, Diff: 0, Sum: 0, Workers: 8
[260.222s][debug][gc,phases         ] GC(1440)     Code Roots Purge: 0.0ms
[260.222s][debug][gc,phases         ] GC(1440)     Redirty Cards: 0.0ms
[260.222s][debug][gc,phases         ] GC(1440)     DerivedPointerTable Update: 0.0ms
[260.222s][debug][gc,phases         ] GC(1440)     Free Collection Set: 0.2ms
[260.222s][debug][gc,phases         ] GC(1440)     Rebuild Free List: 0.1ms
[260.222s][debug][gc,phases         ] GC(1440)     Humongous Reclaim: 0.0ms
[260.222s][debug][gc,phases         ] GC(1440)     Start New Collection Set: 0.0ms
[260.222s][debug][gc,phases         ] GC(1440)     Resize TLABs: 0.0ms
[260.222s][debug][gc,phases         ] GC(1440)     Expand Heap After Collection: 0.0ms
[260.222s][info ][gc,phases         ] GC(1440)   Other: 0.3ms
[260.222s][info ][gc,heap           ] GC(1440) Eden regions: 866->0(867)
[260.222s][info ][gc,heap           ] GC(1440) Survivor regions: 5->4(109)
[260.222s][info ][gc,heap           ] GC(1440) Old regions: 18->18
[260.222s][info ][gc,heap           ] GC(1440) Archive regions: 2->2
[260.222s][info ][gc,heap           ] GC(1440) Humongous regions: 0->0
[260.222s][info ][gc,metaspace      ] GC(1440) Metaspace: 10458K(11136K)->10458K(11136K) NonClass: 9309K(9728K)->9309K(9728K) Class: 1149K(1408K)->1149K(1408K)
[260.222s][debug][gc,heap           ] GC(1440) Heap after GC invocations=1441 (full 1): garbage-first heap   total 1486848K, used 21828K [0x0000000700000000, 0x0000000800000000)
[260.222s][debug][gc,heap           ] GC(1440)   region size 1024K, 4 young (4096K), 4 survivors (4096K)
[260.222s][debug][gc,heap           ] GC(1440)  Metaspace       used 10458K, capacity 10758K, committed 11136K, reserved 1058816K
[260.222s][debug][gc,heap           ] GC(1440)   class space    used 1149K, capacity 1267K, committed 1408K, reserved 1048576K
[260.222s][info ][gc                ] GC(1440) Pause Young (Normal) (G1 Evacuation Pause) 888M->21M(1452M) 2.089ms
[260.222s][info ][gc,cpu            ] GC(1440) User=0.00s Sys=0.00s Real=0.01s
[260.222s][info ][safepoint         ] Safepoint "G1CollectForAllocation", Time since last: 42615073 ns, Reaching safepoint: 108042 ns, At safepoint: 2343934 ns, Total: 2451976 ns
[260.266s][debug][gc,heap           ] GC(1441) Heap before GC invocations=1441 (full 1): garbage-first heap   total 1486848K, used 908612K [0x0000000700000000, 0x0000000800000000)
[260.266s][debug][gc,heap           ] GC(1441)   region size 1024K, 871 young (891904K), 4 survivors (4096K)
[260.266s][debug][gc,heap           ] GC(1441)  Metaspace       used 10458K, capacity 10758K, committed 11136K, reserved 1058816K
[260.266s][debug][gc,heap           ] GC(1441)   class space    used 1149K, capacity 1267K, committed 1408K, reserved 1048576K
[260.266s][info ][gc,start          ] GC(1441) Pause Young (Normal) (G1 Evacuation Pause)
[260.266s][info ][gc,task           ] GC(1441) Using 8 workers of 8 for evacuation
[260.266s][debug][gc,tlab           ] GC(1441) TLAB totals: thrds: 8  refills: 14 max: 3 slow allocs: 1724 max 257 waste: 19.2% gc: 950384B max: 217808B slow: 69336B max: 15096B fast: 0B max: 0B
[260.266s][debug][gc,age            ] GC(1441) Desired survivor size 57147392 bytes, new threshold 15 (max threshold 15)
[260.266s][debug][gc,alloc,region   ] GC(1441) Mutator Allocation stats, regions: 867, wasted size: 203M (23.4%)
[260.266s][debug][gc,ergo           ] GC(1441) Running G1 Merge Heap Roots using 8 workers for 871 regions
[260.266s][debug][gc,remset         ] GC(1441) Visited cards 256 Total dirty 2048 (12.50%) Total old 3608576 (0.01%)
[260.266s][debug][gc,ergo           ] GC(1441) Running G1 Clear Card Table Task using 2 workers for 2 units of work for 872 regions.
[260.267s][debug][gc,ref            ] GC(1441) Skipped phase1 of Reference Processing due to unavailable references
[260.267s][debug][gc,ref            ] GC(1441) Skipped phase2 of Reference Processing due to unavailable references
[260.267s][debug][gc,ref            ] GC(1441) Skipped phase3 of Reference Processing due to unavailable references
[260.267s][debug][gc,ref            ] GC(1441) Skipped phase4 of Reference Processing due to unavailable references
[260.267s][debug][gc,ergo           ] GC(1441) Running G1 Free Collection Set using 8 workers for collection set length 871 (1452)
[260.267s][debug][gc,ergo           ] GC(1441) Running G1 Rebuild Free List Task using 8 workers for rebuilding free list of 0 (4096) regions
[260.267s][trace][gc,age            ] GC(1441) Age table with threshold 15 (max threshold 15)
[260.267s][trace][gc,age            ] GC(1441) - age   1:    3602568 bytes,    3602568 total
[260.267s][debug][gc,plab           ] GC(1441) Young PLAB allocation: allocated: 16512B, wasted: 0B, unused: 14064B, used: 2448B, undo waste: 0B, 
[260.267s][debug][gc,plab           ] GC(1441) Young other allocation: region end waste: 983872B, regions filled: 5, direct allocated: 3600120B, failure used: 0B, failure wasted: 0B
[260.267s][debug][gc,plab           ] GC(1441) Young sizing: calculated: 0B, actual: 2064B
[260.267s][debug][gc,plab           ] GC(1441) Old PLAB allocation: allocated: 0B, wasted: 0B, unused: 0B, used: 0B, undo waste: 0B, 
[260.267s][debug][gc,plab           ] GC(1441) Old other allocation: region end waste: 0B, regions filled: 1, direct allocated: 0B, failure used: 0B, failure wasted: 0B
[260.267s][debug][gc,plab           ] GC(1441) Old sizing: calculated: 0B, actual: 2064B
[260.267s][debug][gc,ihop           ] GC(1441) Basic information (value update), threshold: 685139558B (45.00), target occupancy: 1522532352B, current occupancy: 23404728B, recent allocation size: 0B, recent allocation duration: 44.19ms, recent old gen allocation rate: 0.00B/s, recent marking phase length: 38.29ms
[260.267s][debug][gc,ihop           ] GC(1441) Adaptive IHOP information (value update), threshold: 685139558B (47.37), internal target occupancy: 1446405734B, occupancy: 23404728B, additional buffer size: 913309696B, predicted old gen allocation rate: 4.39B/s, predicted marking phase length: 76.58ms, prediction active: false
[260.267s][debug][gc,ergo,refine    ] GC(1441) Concurrent refinement times: Logged Cards Scan time goal: 20.00ms Logged Cards Scan time: 0.00ms HCC time: 0.00ms
[260.267s][debug][gc,ergo,refine    ] GC(1441) Updated Refinement Zones: green: 2048, yellow: 6144, red: 10240
[260.267s][info ][gc,phases         ] GC(1441)   Pre Evacuate Collection Set: 0.1ms
[260.267s][debug][gc,phases         ] GC(1441)     Prepare TLABs: 0.0ms
[260.267s][debug][gc,phases         ] GC(1441)     Choose Collection Set: 0.0ms
[260.267s][debug][gc,phases         ] GC(1441)     Region Register: 0.1ms
[260.267s][debug][gc,phases         ] GC(1441)     Prepare Heap Roots: 0.0ms
[260.267s][info ][gc,phases         ] GC(1441)   Merge Heap Roots: 0.1ms
[260.267s][debug][gc,phases         ] GC(1441)     Prepare Merge Heap Roots: 0.0ms
[260.267s][debug][gc,phases         ] GC(1441)     Eager Reclaim (ms):       skipped
[260.267s][debug][gc,phases         ] GC(1441)     Remembered Sets (ms):     Min:  0.0, Avg:  0.0, Max:  0.1, Diff:  0.0, Sum:  0.3, Workers: 8
[260.267s][debug][gc,phases         ] GC(1441)       Merged Sparse:            Min: 0, Avg:  0.0, Max: 0, Diff: 0, Sum: 0, Workers: 8
[260.267s][debug][gc,phases         ] GC(1441)       Merged Fine:              Min: 0, Avg:  0.0, Max: 0, Diff: 0, Sum: 0, Workers: 8
[260.267s][debug][gc,phases         ] GC(1441)       Merged Coarse:            Min: 0, Avg:  0.0, Max: 0, Diff: 0, Sum: 0, Workers: 8
[260.267s][debug][gc,phases         ] GC(1441)       Dirty Cards:              Min: 0, Avg:  0.0, Max: 0, Diff: 0, Sum: 0, Workers: 8
[260.267s][debug][gc,phases         ] GC(1441)     Hot Card Cache (ms):      Min:  0.0, Avg:  0.0, Max:  0.0, Diff:  0.0, Sum:  0.0, Workers: 8
[260.267s][debug][gc,phases         ] GC(1441)       Dirty Cards:              Min: 0, Avg:  0.0, Max: 0, Diff: 0, Sum: 0, Workers: 8
[260.267s][debug][gc,phases         ] GC(1441)       Skipped Cards:            Min: 0, Avg:  0.0, Max: 0, Diff: 0, Sum: 0, Workers: 8
[260.267s][debug][gc,phases         ] GC(1441)     Log Buffers (ms):         Min:  0.0, Avg:  0.0, Max:  0.0, Diff:  0.0, Sum:  0.0, Workers: 8
[260.267s][debug][gc,phases         ] GC(1441)       Dirty Cards:              Min: 0, Avg:  0.1, Max: 1, Diff: 1, Sum: 1, Workers: 8
[260.267s][debug][gc,phases         ] GC(1441)       Skipped Cards:            Min: 0, Avg:  0.0, Max: 0, Diff: 0, Sum: 0, Workers: 8
[260.267s][info ][gc,phases         ] GC(1441)   Evacuate Collection Set: 0.4ms
[260.267s][debug][gc,phases         ] GC(1441)     Ext Root Scanning (ms):   Min:  0.1, Avg:  0.2, Max:  0.3, Diff:  0.2, Sum:  1.9, Workers: 8
[260.267s][debug][gc,phases         ] GC(1441)     Scan Heap Roots (ms):     Min:  0.0, Avg:  0.0, Max:  0.0, Diff:  0.0, Sum:  0.0, Workers: 8
[260.267s][debug][gc,phases         ] GC(1441)       Scanned Cards:            Min: 0, Avg:  0.1, Max: 1, Diff: 1, Sum: 1, Workers: 8
[260.267s][debug][gc,phases         ] GC(1441)       Scanned Blocks:           Min: 0, Avg:  0.1, Max: 1, Diff: 1, Sum: 1, Workers: 8
[260.267s][debug][gc,phases         ] GC(1441)       Claimed Chunks:           Min: 0, Avg:  0.1, Max: 1, Diff: 1, Sum: 1, Workers: 8
[260.267s][debug][gc,phases         ] GC(1441)     Code Root Scan (ms):      Min:  0.0, Avg:  0.0, Max:  0.1, Diff:  0.1, Sum:  0.2, Workers: 8
[260.267s][debug][gc,phases         ] GC(1441)     Object Copy (ms):         Min:  0.0, Avg:  0.0, Max:  0.0, Diff:  0.0, Sum:  0.0, Workers: 8
[260.267s][debug][gc,phases         ] GC(1441)     Termination (ms):         Min:  0.0, Avg:  0.1, Max:  0.1, Diff:  0.1, Sum:  0.6, Workers: 8
[260.267s][debug][gc,phases         ] GC(1441)       Termination Attempts:     Min: 1, Avg:  1.1, Max: 2, Diff: 1, Sum: 9, Workers: 8
[260.267s][debug][gc,phases         ] GC(1441)     GC Worker Other (ms):     Min:  0.0, Avg:  0.0, Max:  0.1, Diff:  0.1, Sum:  0.4, Workers: 8
[260.267s][debug][gc,phases         ] GC(1441)     GC Worker Total (ms):     Min:  0.4, Avg:  0.4, Max:  0.4, Diff:  0.0, Sum:  3.1, Workers: 8
[260.267s][info ][gc,phases         ] GC(1441)   Post Evacuate Collection Set: 0.6ms
[260.267s][debug][gc,phases         ] GC(1441)     Code Roots Fixup: 0.0ms
[260.267s][debug][gc,phases         ] GC(1441)     Clear Card Table: 0.2ms
[260.267s][debug][gc,phases         ] GC(1441)     Reference Processing: 0.0ms
[260.267s][debug][gc,phases,ref     ] GC(1441)       Reconsider SoftReferences: 0.0ms
[260.267s][debug][gc,phases,ref     ] GC(1441)         SoftRef (ms):             skipped
[260.267s][debug][gc,phases,ref     ] GC(1441)       Notify Soft/WeakReferences: 0.0ms
[260.267s][debug][gc,phases,ref     ] GC(1441)         SoftRef (ms):             skipped
[260.267s][debug][gc,phases,ref     ] GC(1441)         WeakRef (ms):             skipped
[260.267s][debug][gc,phases,ref     ] GC(1441)         FinalRef (ms):            skipped
[260.267s][debug][gc,phases,ref     ] GC(1441)         Total (ms):               skipped
[260.267s][debug][gc,phases,ref     ] GC(1441)       Notify and keep alive finalizable: 0.0ms
[260.267s][debug][gc,phases,ref     ] GC(1441)         FinalRef (ms):            skipped
[260.267s][debug][gc,phases,ref     ] GC(1441)       Notify PhantomReferences: 0.0ms
[260.267s][debug][gc,phases,ref     ] GC(1441)         PhantomRef (ms):          skipped
[260.267s][debug][gc,phases,ref     ] GC(1441)       SoftReference:
[260.267s][debug][gc,phases,ref     ] GC(1441)         Discovered: 0
[260.267s][debug][gc,phases,ref     ] GC(1441)         Cleared: 0
[260.267s][debug][gc,phases,ref     ] GC(1441)       WeakReference:
[260.267s][debug][gc,phases,ref     ] GC(1441)         Discovered: 0
[260.267s][debug][gc,phases,ref     ] GC(1441)         Cleared: 0
[260.267s][debug][gc,phases,ref     ] GC(1441)       FinalReference:
[260.267s][debug][gc,phases,ref     ] GC(1441)         Discovered: 0
[260.267s][debug][gc,phases,ref     ] GC(1441)         Cleared: 0
[260.267s][debug][gc,phases,ref     ] GC(1441)       PhantomReference:
[260.267s][debug][gc,phases,ref     ] GC(1441)         Discovered: 0
[260.268s][debug][gc,phases,ref     ] GC(1441)         Cleared: 0
[260.268s][debug][gc,phases         ] GC(1441)     Weak Processing: 0.1ms
[260.268s][debug][gc,phases         ] GC(1441)       JVMTI weak processing: 0.0ms
[260.268s][debug][gc,phases         ] GC(1441)         Dead: 0
[260.268s][debug][gc,phases         ] GC(1441)         Total: 0
[260.268s][debug][gc,phases         ] GC(1441)       JFR weak processing: 0.0ms
[260.268s][debug][gc,phases         ] GC(1441)         Dead: 0
[260.268s][debug][gc,phases         ] GC(1441)         Total: 0
[260.268s][debug][gc,phases         ] GC(1441)       JNI weak                  Min:  0.0, Avg:  0.0, Max:  0.0, Diff:  0.0, Sum:  0.0, Workers: 5
[260.268s][debug][gc,phases         ] GC(1441)         Dead                      Min: 0, Avg:  0.0, Max: 0, Diff: 0, Sum: 0, Workers: 5
[260.268s][debug][gc,phases         ] GC(1441)         Total                     Min: 0, Avg: 21.8, Max: 64, Diff: 64, Sum: 109, Workers: 5
[260.268s][debug][gc,phases         ] GC(1441)       VM weak                   Min:  0.0, Avg:  0.0, Max:  0.0, Diff:  0.0, Sum:  0.0, Workers: 5
[260.268s][debug][gc,phases         ] GC(1441)         Dead                      Min: 0, Avg:  0.0, Max: 0, Diff: 0, Sum: 0, Workers: 5
[260.268s][debug][gc,phases         ] GC(1441)         Total                     Min: 0, Avg: 42.6, Max: 85, Diff: 85, Sum: 213, Workers: 5
[260.268s][debug][gc,phases         ] GC(1441)       StringTable weak          Min:  0.0, Avg:  0.0, Max:  0.0, Diff:  0.0, Sum:  0.1, Workers: 5
[260.268s][debug][gc,phases         ] GC(1441)         Dead                      Min: 0, Avg:  0.0, Max: 0, Diff: 0, Sum: 0, Workers: 5
[260.268s][debug][gc,phases         ] GC(1441)         Total                     Min: 0, Avg: 721.8, Max: 922, Diff: 922, Sum: 3609, Workers: 5
[260.268s][debug][gc,phases         ] GC(1441)       ResolvedMethodTable weak  Min:  0.0, Avg:  0.0, Max:  0.0, Diff:  0.0, Sum:  0.0, Workers: 5
[260.268s][debug][gc,phases         ] GC(1441)         Dead                      Min: 0, Avg:  0.0, Max: 0, Diff: 0, Sum: 0, Workers: 5
[260.268s][debug][gc,phases         ] GC(1441)         Total                     Min: 0, Avg: 114.8, Max: 190, Diff: 190, Sum: 574, Workers: 5
[260.268s][debug][gc,phases         ] GC(1441)     Merge Per-Thread State: 0.0ms
[260.268s][debug][gc,phases         ] GC(1441)       Copied Bytes              Min: 536, Avg: 450321.0, Max: 800320, Diff: 799784, Sum: 3602568, Workers: 8
[260.268s][debug][gc,phases         ] GC(1441)       LAB Waste                 Min: 0, Avg:  0.0, Max: 0, Diff: 0, Sum: 0, Workers: 8
[260.268s][debug][gc,phases         ] GC(1441)       LAB Undo Waste            Min: 0, Avg:  0.0, Max: 0, Diff: 0, Sum: 0, Workers: 8
[260.268s][debug][gc,phases         ] GC(1441)     Code Roots Purge: 0.0ms
[260.268s][debug][gc,phases         ] GC(1441)     Redirty Cards: 0.0ms
[260.268s][debug][gc,phases         ] GC(1441)     DerivedPointerTable Update: 0.0ms
[260.268s][debug][gc,phases         ] GC(1441)     Free Collection Set: 0.2ms
[260.268s][debug][gc,phases         ] GC(1441)     Rebuild Free List: 0.1ms
[260.268s][debug][gc,phases         ] GC(1441)     Humongous Reclaim: 0.0ms
[260.268s][debug][gc,phases         ] GC(1441)     Start New Collection Set: 0.0ms
[260.268s][debug][gc,phases         ] GC(1441)     Resize TLABs: 0.0ms
[260.268s][debug][gc,phases         ] GC(1441)     Expand Heap After Collection: 0.0ms
[260.268s][info ][gc,phases         ] GC(1441)   Other: 0.3ms
[260.268s][info ][gc,heap           ] GC(1441) Eden regions: 867->0(866)
[260.268s][info ][gc,heap           ] GC(1441) Survivor regions: 4->5(109)
[260.268s][info ][gc,heap           ] GC(1441) Old regions: 18->18
[260.268s][info ][gc,heap           ] GC(1441) Archive regions: 2->2
[260.268s][info ][gc,heap           ] GC(1441) Humongous regions: 0->0
[260.268s][info ][gc,metaspace      ] GC(1441) Metaspace: 10458K(11136K)->10458K(11136K) NonClass: 9309K(9728K)->9309K(9728K) Class: 1149K(1408K)->1149K(1408K)
[260.268s][debug][gc,heap           ] GC(1441) Heap after GC invocations=1442 (full 1): garbage-first heap   total 1486848K, used 22856K [0x0000000700000000, 0x0000000800000000)
[260.268s][debug][gc,heap           ] GC(1441)   region size 1024K, 5 young (5120K), 5 survivors (5120K)
[260.268s][debug][gc,heap           ] GC(1441)  Metaspace       used 10458K, capacity 10758K, committed 11136K, reserved 1058816K
[260.268s][debug][gc,heap           ] GC(1441)   class space    used 1149K, capacity 1267K, committed 1408K, reserved 1048576K
[260.268s][info ][gc                ] GC(1441) Pause Young (Normal) (G1 Evacuation Pause) 888M->22M(1452M) 2.200ms
[260.268s][info ][gc,cpu            ] GC(1441) User=0.00s Sys=0.00s Real=0.00s
[260.268s][info ][safepoint         ] Safepoint "G1CollectForAllocation", Time since last: 43027349 ns, Reaching safepoint: 143629 ns, At safepoint: 2383933 ns, Total: 2527562 ns
[260.311s][debug][gc,heap           ] GC(1442) Heap before GC invocations=1442 (full 1): garbage-first heap   total 1486848K, used 908616K [0x0000000700000000, 0x0000000800000000)
[260.311s][debug][gc,heap           ] GC(1442)   region size 1024K, 871 young (891904K), 5 survivors (5120K)
[260.311s][debug][gc,heap           ] GC(1442)  Metaspace       used 10458K, capacity 10758K, committed 11136K, reserved 1058816K
[260.311s][debug][gc,heap           ] GC(1442)   class space    used 1149K, capacity 1267K, committed 1408K, reserved 1048576K
[260.311s][info ][gc,start          ] GC(1442) Pause Young (Normal) (G1 Evacuation Pause)
[260.311s][info ][gc,task           ] GC(1442) Using 8 workers of 8 for evacuation
[260.311s][debug][gc,tlab           ] GC(1442) TLAB totals: thrds: 8  refills: 11 max: 2 slow allocs: 1726 max 234 waste: 22.4% gc: 853872B max: 119632B slow: 40328B max: 13448B fast: 0B max: 0B
[260.311s][debug][gc,age            ] GC(1442) Desired survivor size 57147392 bytes, new threshold 15 (max threshold 15)
[260.311s][debug][gc,alloc,region   ] GC(1442) Mutator Allocation stats, regions: 866, wasted size: 203M (23.5%)
[260.311s][debug][gc,ergo           ] GC(1442) Running G1 Merge Heap Roots using 8 workers for 871 regions
[260.311s][debug][gc,remset         ] GC(1442) Visited cards 512 Total dirty 4096 (12.50%) Total old 3608576 (0.01%)
[260.312s][debug][gc,ergo           ] GC(1442) Running G1 Clear Card Table Task using 2 workers for 2 units of work for 873 regions.
[260.312s][debug][gc,ref            ] GC(1442) Skipped phase1 of Reference Processing due to unavailable references
[260.312s][debug][gc,ref            ] GC(1442) Skipped phase2 of Reference Processing due to unavailable references
[260.312s][debug][gc,ref            ] GC(1442) Skipped phase3 of Reference Processing due to unavailable references
[260.312s][debug][gc,ref            ] GC(1442) Skipped phase4 of Reference Processing due to unavailable references
[260.312s][debug][gc,ergo           ] GC(1442) Running G1 Free Collection Set using 8 workers for collection set length 871 (1452)
[260.312s][debug][gc,ergo           ] GC(1442) Running G1 Rebuild Free List Task using 8 workers for rebuilding free list of 0 (4096) regions
[260.312s][trace][gc,age            ] GC(1442) Age table with threshold 15 (max threshold 15)
[260.312s][trace][gc,age            ] GC(1442) - age   1:    3602576 bytes,    3602576 total
[260.312s][debug][gc,plab           ] GC(1442) Young PLAB allocation: allocated: 16512B, wasted: 0B, unused: 14064B, used: 2448B, undo waste: 0B, 
[260.312s][debug][gc,plab           ] GC(1442) Young other allocation: region end waste: 981800B, regions filled: 5, direct allocated: 3600128B, failure used: 0B, failure wasted: 0B
[260.312s][debug][gc,plab           ] GC(1442) Young sizing: calculated: 0B, actual: 2064B
[260.312s][debug][gc,plab           ] GC(1442) Old PLAB allocation: allocated: 0B, wasted: 0B, unused: 0B, used: 0B, undo waste: 0B, 
[260.312s][debug][gc,plab           ] GC(1442) Old other allocation: region end waste: 0B, regions filled: 1, direct allocated: 0B, failure used: 0B, failure wasted: 0B
[260.312s][debug][gc,plab           ] GC(1442) Old sizing: calculated: 0B, actual: 2064B
[260.312s][debug][gc,ihop           ] GC(1442) Basic information (value update), threshold: 685139558B (45.00), target occupancy: 1522532352B, current occupancy: 23402664B, recent allocation size: 0B, recent allocation duration: 43.83ms, recent old gen allocation rate: 0.00B/s, recent marking phase length: 38.29ms
[260.312s][debug][gc,ihop           ] GC(1442) Adaptive IHOP information (value update), threshold: 685139558B (47.37), internal target occupancy: 1446405734B, occupancy: 23402664B, additional buffer size: 913309696B, predicted old gen allocation rate: 4.28B/s, predicted marking phase length: 76.58ms, prediction active: false
[260.312s][debug][gc,ergo,refine    ] GC(1442) Concurrent refinement times: Logged Cards Scan time goal: 20.00ms Logged Cards Scan time: 0.00ms HCC time: 0.00ms
[260.312s][debug][gc,ergo,refine    ] GC(1442) Updated Refinement Zones: green: 2048, yellow: 6144, red: 10240
[260.312s][info ][gc,phases         ] GC(1442)   Pre Evacuate Collection Set: 0.2ms
[260.312s][debug][gc,phases         ] GC(1442)     Prepare TLABs: 0.0ms
[260.313s][debug][gc,phases         ] GC(1442)     Choose Collection Set: 0.0ms
[260.313s][debug][gc,phases         ] GC(1442)     Region Register: 0.1ms
[260.313s][debug][gc,phases         ] GC(1442)     Prepare Heap Roots: 0.0ms
[260.313s][info ][gc,phases         ] GC(1442)   Merge Heap Roots: 0.2ms
[260.313s][debug][gc,phases         ] GC(1442)     Prepare Merge Heap Roots: 0.0ms
[260.313s][debug][gc,phases         ] GC(1442)     Eager Reclaim (ms):       skipped
[260.313s][debug][gc,phases         ] GC(1442)     Remembered Sets (ms):     Min:  0.0, Avg:  0.0, Max:  0.1, Diff:  0.0, Sum:  0.4, Workers: 8
[260.313s][debug][gc,phases         ] GC(1442)       Merged Sparse:            Min: 0, Avg:  0.0, Max: 0, Diff: 0, Sum: 0, Workers: 8
[260.313s][debug][gc,phases         ] GC(1442)       Merged Fine:              Min: 0, Avg:  0.0, Max: 0, Diff: 0, Sum: 0, Workers: 8
[260.313s][debug][gc,phases         ] GC(1442)       Merged Coarse:            Min: 0, Avg:  0.0, Max: 0, Diff: 0, Sum: 0, Workers: 8
[260.313s][debug][gc,phases         ] GC(1442)       Dirty Cards:              Min: 0, Avg:  0.0, Max: 0, Diff: 0, Sum: 0, Workers: 8
[260.313s][debug][gc,phases         ] GC(1442)     Hot Card Cache (ms):      Min:  0.0, Avg:  0.0, Max:  0.0, Diff:  0.0, Sum:  0.0, Workers: 8
[260.313s][debug][gc,phases         ] GC(1442)       Dirty Cards:              Min: 0, Avg:  0.0, Max: 0, Diff: 0, Sum: 0, Workers: 8
[260.313s][debug][gc,phases         ] GC(1442)       Skipped Cards:            Min: 0, Avg:  0.0, Max: 0, Diff: 0, Sum: 0, Workers: 8
[260.313s][debug][gc,phases         ] GC(1442)     Log Buffers (ms):         Min:  0.0, Avg:  0.0, Max:  0.0, Diff:  0.0, Sum:  0.0, Workers: 8
[260.313s][debug][gc,phases         ] GC(1442)       Dirty Cards:              Min: 0, Avg:  0.2, Max: 1, Diff: 1, Sum: 2, Workers: 8
[260.313s][debug][gc,phases         ] GC(1442)       Skipped Cards:            Min: 0, Avg:  0.0, Max: 0, Diff: 0, Sum: 0, Workers: 8
[260.313s][info ][gc,phases         ] GC(1442)   Evacuate Collection Set: 0.5ms
[260.313s][debug][gc,phases         ] GC(1442)     Ext Root Scanning (ms):   Min:  0.2, Avg:  0.2, Max:  0.4, Diff:  0.2, Sum:  2.0, Workers: 8
[260.313s][debug][gc,phases         ] GC(1442)     Scan Heap Roots (ms):     Min:  0.0, Avg:  0.0, Max:  0.0, Diff:  0.0, Sum:  0.0, Workers: 8
[260.313s][debug][gc,phases         ] GC(1442)       Scanned Cards:            Min: 0, Avg:  0.2, Max: 1, Diff: 1, Sum: 2, Workers: 8
[260.313s][debug][gc,phases         ] GC(1442)       Scanned Blocks:           Min: 0, Avg:  0.2, Max: 1, Diff: 1, Sum: 2, Workers: 8
[260.313s][debug][gc,phases         ] GC(1442)       Claimed Chunks:           Min: 0, Avg:  0.2, Max: 1, Diff: 1, Sum: 2, Workers: 8
[260.313s][debug][gc,phases         ] GC(1442)     Code Root Scan (ms):      Min:  0.0, Avg:  0.0, Max:  0.0, Diff:  0.0, Sum:  0.1, Workers: 8
[260.313s][debug][gc,phases         ] GC(1442)     Object Copy (ms):         Min:  0.0, Avg:  0.0, Max:  0.0, Diff:  0.0, Sum:  0.0, Workers: 8
[260.313s][debug][gc,phases         ] GC(1442)     Termination (ms):         Min:  0.1, Avg:  0.1, Max:  0.1, Diff:  0.1, Sum:  0.9, Workers: 8
[260.313s][debug][gc,phases         ] GC(1442)       Termination Attempts:     Min: 1, Avg:  1.5, Max: 2, Diff: 1, Sum: 12, Workers: 8
[260.313s][debug][gc,phases         ] GC(1442)     GC Worker Other (ms):     Min:  0.0, Avg:  0.0, Max:  0.1, Diff:  0.1, Sum:  0.4, Workers: 8
[260.313s][debug][gc,phases         ] GC(1442)     GC Worker Total (ms):     Min:  0.4, Avg:  0.4, Max:  0.5, Diff:  0.1, Sum:  3.4, Workers: 8
[260.313s][info ][gc,phases         ] GC(1442)   Post Evacuate Collection Set: 0.6ms
[260.313s][debug][gc,phases         ] GC(1442)     Code Roots Fixup: 0.0ms
[260.313s][debug][gc,phases         ] GC(1442)     Clear Card Table: 0.2ms
[260.313s][debug][gc,phases         ] GC(1442)     Reference Processing: 0.0ms
[260.313s][debug][gc,phases,ref     ] GC(1442)       Reconsider SoftReferences: 0.0ms
[260.313s][debug][gc,phases,ref     ] GC(1442)         SoftRef (ms):             skipped
[260.313s][debug][gc,phases,ref     ] GC(1442)       Notify Soft/WeakReferences: 0.0ms
[260.313s][debug][gc,phases,ref     ] GC(1442)         SoftRef (ms):             skipped
[260.313s][debug][gc,phases,ref     ] GC(1442)         WeakRef (ms):             skipped
[260.313s][debug][gc,phases,ref     ] GC(1442)         FinalRef (ms):            skipped
[260.313s][debug][gc,phases,ref     ] GC(1442)         Total (ms):               skipped
[260.313s][debug][gc,phases,ref     ] GC(1442)       Notify and keep alive finalizable: 0.0ms
[260.313s][debug][gc,phases,ref     ] GC(1442)         FinalRef (ms):            skipped
[260.313s][debug][gc,phases,ref     ] GC(1442)       Notify PhantomReferences: 0.0ms
[260.313s][debug][gc,phases,ref     ] GC(1442)         PhantomRef (ms):          skipped
[260.313s][debug][gc,phases,ref     ] GC(1442)       SoftReference:
[260.313s][debug][gc,phases,ref     ] GC(1442)         Discovered: 0
[260.313s][debug][gc,phases,ref     ] GC(1442)         Cleared: 0
[260.313s][debug][gc,phases,ref     ] GC(1442)       WeakReference:
[260.313s][debug][gc,phases,ref     ] GC(1442)         Discovered: 0
[260.313s][debug][gc,phases,ref     ] GC(1442)         Cleared: 0
[260.313s][debug][gc,phases,ref     ] GC(1442)       FinalReference:
[260.313s][debug][gc,phases,ref     ] GC(1442)         Discovered: 0
[260.313s][debug][gc,phases,ref     ] GC(1442)         Cleared: 0
[260.313s][debug][gc,phases,ref     ] GC(1442)       PhantomReference:
[260.313s][debug][gc,phases,ref     ] GC(1442)         Discovered: 0
[260.313s][debug][gc,phases,ref     ] GC(1442)         Cleared: 0
[260.313s][debug][gc,phases         ] GC(1442)     Weak Processing: 0.1ms
[260.313s][debug][gc,phases         ] GC(1442)       JVMTI weak processing: 0.0ms
[260.313s][debug][gc,phases         ] GC(1442)         Dead: 0
[260.313s][debug][gc,phases         ] GC(1442)         Total: 0
[260.313s][debug][gc,phases         ] GC(1442)       JFR weak processing: 0.0ms
[260.313s][debug][gc,phases         ] GC(1442)         Dead: 0
[260.313s][debug][gc,phases         ] GC(1442)         Total: 0
[260.313s][debug][gc,phases         ] GC(1442)       JNI weak                  Min:  0.0, Avg:  0.0, Max:  0.0, Diff:  0.0, Sum:  0.0, Workers: 5
[260.313s][debug][gc,phases         ] GC(1442)         Dead                      Min: 0, Avg:  0.0, Max: 0, Diff: 0, Sum: 0, Workers: 5
[260.313s][debug][gc,phases         ] GC(1442)         Total                     Min: 0, Avg: 21.8, Max: 64, Diff: 64, Sum: 109, Workers: 5
[260.313s][debug][gc,phases         ] GC(1442)       VM weak                   Min:  0.0, Avg:  0.0, Max:  0.0, Diff:  0.0, Sum:  0.0, Workers: 5
[260.313s][debug][gc,phases         ] GC(1442)         Dead                      Min: 0, Avg:  0.0, Max: 0, Diff: 0, Sum: 0, Workers: 5
[260.313s][debug][gc,phases         ] GC(1442)         Total                     Min: 0, Avg: 42.6, Max: 128, Diff: 128, Sum: 213, Workers: 5
[260.313s][debug][gc,phases         ] GC(1442)       StringTable weak          Min:  0.0, Avg:  0.0, Max:  0.0, Diff:  0.0, Sum:  0.1, Workers: 5
[260.313s][debug][gc,phases         ] GC(1442)         Dead                      Min: 0, Avg:  0.0, Max: 0, Diff: 0, Sum: 0, Workers: 5
[260.313s][debug][gc,phases         ] GC(1442)         Total                     Min: 0, Avg: 721.8, Max: 1754, Diff: 1754, Sum: 3609, Workers: 5
[260.313s][debug][gc,phases         ] GC(1442)       ResolvedMethodTable weak  Min:  0.0, Avg:  0.0, Max:  0.0, Diff:  0.0, Sum:  0.0, Workers: 5
[260.313s][debug][gc,phases         ] GC(1442)         Dead                      Min: 0, Avg:  0.0, Max: 0, Diff: 0, Sum: 0, Workers: 5
[260.313s][debug][gc,phases         ] GC(1442)         Total                     Min: 0, Avg: 114.8, Max: 190, Diff: 190, Sum: 574, Workers: 5
[260.313s][debug][gc,phases         ] GC(1442)     Merge Per-Thread State: 0.0ms
[260.313s][debug][gc,phases         ] GC(1442)       Copied Bytes              Min: 744, Avg: 450322.0, Max: 800096, Diff: 799352, Sum: 3602576, Workers: 8
[260.313s][debug][gc,phases         ] GC(1442)       LAB Waste                 Min: 0, Avg:  0.0, Max: 0, Diff: 0, Sum: 0, Workers: 8
[260.313s][debug][gc,phases         ] GC(1442)       LAB Undo Waste            Min: 0, Avg:  0.0, Max: 0, Diff: 0, Sum: 0, Workers: 8
[260.313s][debug][gc,phases         ] GC(1442)     Code Roots Purge: 0.0ms
[260.313s][debug][gc,phases         ] GC(1442)     Redirty Cards: 0.0ms
[260.313s][debug][gc,phases         ] GC(1442)     DerivedPointerTable Update: 0.0ms
[260.313s][debug][gc,phases         ] GC(1442)     Free Collection Set: 0.2ms
[260.313s][debug][gc,phases         ] GC(1442)     Rebuild Free List: 0.1ms
[260.313s][debug][gc,phases         ] GC(1442)     Humongous Reclaim: 0.0ms
[260.313s][debug][gc,phases         ] GC(1442)     Start New Collection Set: 0.0ms
[260.313s][debug][gc,phases         ] GC(1442)     Resize TLABs: 0.0ms
[260.313s][debug][gc,phases         ] GC(1442)     Expand Heap After Collection: 0.0ms
[260.313s][info ][gc,phases         ] GC(1442)   Other: 0.3ms
[260.313s][info ][gc,heap           ] GC(1442) Eden regions: 866->0(866)
[260.313s][info ][gc,heap           ] GC(1442) Survivor regions: 5->5(109)
[260.313s][info ][gc,heap           ] GC(1442) Old regions: 18->18
[260.313s][info ][gc,heap           ] GC(1442) Archive regions: 2->2
[260.313s][info ][gc,heap           ] GC(1442) Humongous regions: 0->0
[260.313s][info ][gc,metaspace      ] GC(1442) Metaspace: 10458K(11136K)->10458K(11136K) NonClass: 9309K(9728K)->9309K(9728K) Class: 1149K(1408K)->1149K(1408K)
[260.313s][debug][gc,heap           ] GC(1442) Heap after GC invocations=1443 (full 1): garbage-first heap   total 1486848K, used 22854K [0x0000000700000000, 0x0000000800000000)
[260.313s][debug][gc,heap           ] GC(1442)   region size 1024K, 5 young (5120K), 5 survivors (5120K)
[260.313s][debug][gc,heap           ] GC(1442)  Metaspace       used 10458K, capacity 10758K, committed 11136K, reserved 1058816K
[260.313s][debug][gc,heap           ] GC(1442)   class space    used 1149K, capacity 1267K, committed 1408K, reserved 1048576K
[260.313s][info ][gc                ] GC(1442) Pause Young (Normal) (G1 Evacuation Pause) 888M->22M(1452M) 2.307ms
[260.313s][info ][gc,cpu            ] GC(1442) User=0.00s Sys=0.00s Real=0.00s
[260.313s][info ][safepoint         ] Safepoint "G1CollectForAllocation", Time since last: 42713025 ns, Reaching safepoint: 194231 ns, At safepoint: 2473337 ns, Total: 2667568 ns
[260.356s][debug][gc,heap           ] GC(1443) Heap before GC invocations=1443 (full 1): garbage-first heap   total 1486848K, used 908614K [0x0000000700000000, 0x0000000800000000)
[260.356s][debug][gc,heap           ] GC(1443)   region size 1024K, 871 young (891904K), 5 survivors (5120K)
[260.356s][debug][gc,heap           ] GC(1443)  Metaspace       used 10458K, capacity 10758K, committed 11136K, reserved 1058816K
[260.356s][debug][gc,heap           ] GC(1443)   class space    used 1149K, capacity 1267K, committed 1408K, reserved 1048576K
[260.356s][info ][gc,start          ] GC(1443) Pause Young (Normal) (G1 Evacuation Pause)
[260.356s][info ][gc,task           ] GC(1443) Using 8 workers of 8 for evacuation
[260.356s][debug][gc,tlab           ] GC(1443) TLAB totals: thrds: 8  refills: 13 max: 3 slow allocs: 1727 max 228 waste: 32.0% gc: 1210640B max: 223664B slow: 56288B max: 15488B fast: 0B max: 0B
[260.356s][debug][gc,age            ] GC(1443) Desired survivor size 57147392 bytes, new threshold 15 (max threshold 15)
[260.357s][debug][gc,alloc,region   ] GC(1443) Mutator Allocation stats, regions: 866, wasted size: 202M (23.4%)
[260.357s][debug][gc,ergo           ] GC(1443) Running G1 Merge Heap Roots using 8 workers for 871 regions
[260.357s][debug][gc,remset         ] GC(1443) Visited cards 256 Total dirty 2048 (12.50%) Total old 3608576 (0.01%)
[260.357s][debug][gc,ergo           ] GC(1443) Running G1 Clear Card Table Task using 2 workers for 2 units of work for 872 regions.
[260.357s][debug][gc,ref            ] GC(1443) Skipped phase1 of Reference Processing due to unavailable references
[260.357s][debug][gc,ref            ] GC(1443) Skipped phase2 of Reference Processing due to unavailable references
[260.357s][debug][gc,ref            ] GC(1443) Skipped phase3 of Reference Processing due to unavailable references
[260.357s][debug][gc,ref            ] GC(1443) Skipped phase4 of Reference Processing due to unavailable references
[260.357s][debug][gc,ergo           ] GC(1443) Running G1 Free Collection Set using 8 workers for collection set length 871 (1452)
[260.358s][debug][gc,ergo           ] GC(1443) Running G1 Rebuild Free List Task using 8 workers for rebuilding free list of 0 (4096) regions
[260.358s][trace][gc,age            ] GC(1443) Age table with threshold 15 (max threshold 15)
[260.358s][trace][gc,age            ] GC(1443) - age   1:    2002528 bytes,    2002528 total
[260.358s][debug][gc,plab           ] GC(1443) Young PLAB allocation: allocated: 16512B, wasted: 0B, unused: 14064B, used: 2448B, undo waste: 0B, 
[260.358s][debug][gc,plab           ] GC(1443) Young other allocation: region end waste: 480576B, regions filled: 3, direct allocated: 2000080B, failure used: 0B, failure wasted: 0B
[260.358s][debug][gc,plab           ] GC(1443) Young sizing: calculated: 0B, actual: 2064B
[260.358s][debug][gc,plab           ] GC(1443) Old PLAB allocation: allocated: 0B, wasted: 0B, unused: 0B, used: 0B, undo waste: 0B, 
[260.358s][debug][gc,plab           ] GC(1443) Old other allocation: region end waste: 0B, regions filled: 1, direct allocated: 0B, failure used: 0B, failure wasted: 0B
[260.358s][debug][gc,plab           ] GC(1443) Old sizing: calculated: 0B, actual: 2064B
[260.358s][debug][gc,ihop           ] GC(1443) Basic information (value update), threshold: 685139558B (45.00), target occupancy: 1522532352B, current occupancy: 21301392B, recent allocation size: 0B, recent allocation duration: 44.05ms, recent old gen allocation rate: 0.00B/s, recent marking phase length: 38.29ms
[260.358s][debug][gc,ihop           ] GC(1443) Adaptive IHOP information (value update), threshold: 685139558B (47.37), internal target occupancy: 1446405734B, occupancy: 21301392B, additional buffer size: 913309696B, predicted old gen allocation rate: 4.17B/s, predicted marking phase length: 76.58ms, prediction active: false
[260.358s][debug][gc,ergo,refine    ] GC(1443) Concurrent refinement times: Logged Cards Scan time goal: 20.00ms Logged Cards Scan time: 0.00ms HCC time: 0.00ms
[260.358s][debug][gc,ergo,refine    ] GC(1443) Updated Refinement Zones: green: 2048, yellow: 6144, red: 10240
[260.358s][info ][gc,phases         ] GC(1443)   Pre Evacuate Collection Set: 0.1ms
[260.358s][debug][gc,phases         ] GC(1443)     Prepare TLABs: 0.0ms
[260.358s][debug][gc,phases         ] GC(1443)     Choose Collection Set: 0.0ms
[260.358s][debug][gc,phases         ] GC(1443)     Region Register: 0.1ms
[260.358s][debug][gc,phases         ] GC(1443)     Prepare Heap Roots: 0.0ms
[260.358s][info ][gc,phases         ] GC(1443)   Merge Heap Roots: 0.2ms
[260.358s][debug][gc,phases         ] GC(1443)     Prepare Merge Heap Roots: 0.0ms
[260.358s][debug][gc,phases         ] GC(1443)     Eager Reclaim (ms):       skipped
[260.358s][debug][gc,phases         ] GC(1443)     Remembered Sets (ms):     Min:  0.0, Avg:  0.0, Max:  0.1, Diff:  0.0, Sum:  0.3, Workers: 8
[260.358s][debug][gc,phases         ] GC(1443)       Merged Sparse:            Min: 0, Avg:  0.0, Max: 0, Diff: 0, Sum: 0, Workers: 8
[260.358s][debug][gc,phases         ] GC(1443)       Merged Fine:              Min: 0, Avg:  0.0, Max: 0, Diff: 0, Sum: 0, Workers: 8
[260.358s][debug][gc,phases         ] GC(1443)       Merged Coarse:            Min: 0, Avg:  0.0, Max: 0, Diff: 0, Sum: 0, Workers: 8
[260.358s][debug][gc,phases         ] GC(1443)       Dirty Cards:              Min: 0, Avg:  0.0, Max: 0, Diff: 0, Sum: 0, Workers: 8
[260.358s][debug][gc,phases         ] GC(1443)     Hot Card Cache (ms):      Min:  0.0, Avg:  0.0, Max:  0.0, Diff:  0.0, Sum:  0.0, Workers: 8
[260.358s][debug][gc,phases         ] GC(1443)       Dirty Cards:              Min: 0, Avg:  0.0, Max: 0, Diff: 0, Sum: 0, Workers: 8
[260.358s][debug][gc,phases         ] GC(1443)       Skipped Cards:            Min: 0, Avg:  0.0, Max: 0, Diff: 0, Sum: 0, Workers: 8
[260.358s][debug][gc,phases         ] GC(1443)     Log Buffers (ms):         Min:  0.0, Avg:  0.0, Max:  0.0, Diff:  0.0, Sum:  0.0, Workers: 8
[260.358s][debug][gc,phases         ] GC(1443)       Dirty Cards:              Min: 0, Avg:  0.1, Max: 1, Diff: 1, Sum: 1, Workers: 8
[260.358s][debug][gc,phases         ] GC(1443)       Skipped Cards:            Min: 0, Avg:  0.0, Max: 0, Diff: 0, Sum: 0, Workers: 8
[260.358s][info ][gc,phases         ] GC(1443)   Evacuate Collection Set: 0.3ms
[260.358s][debug][gc,phases         ] GC(1443)     Ext Root Scanning (ms):   Min:  0.1, Avg:  0.1, Max:  0.2, Diff:  0.1, Sum:  0.9, Workers: 8
[260.358s][debug][gc,phases         ] GC(1443)     Scan Heap Roots (ms):     Min:  0.0, Avg:  0.0, Max:  0.0, Diff:  0.0, Sum:  0.0, Workers: 8
[260.358s][debug][gc,phases         ] GC(1443)       Scanned Cards:            Min: 0, Avg:  0.1, Max: 1, Diff: 1, Sum: 1, Workers: 8
[260.358s][debug][gc,phases         ] GC(1443)       Scanned Blocks:           Min: 0, Avg:  0.1, Max: 1, Diff: 1, Sum: 1, Workers: 8
[260.358s][debug][gc,phases         ] GC(1443)       Claimed Chunks:           Min: 0, Avg:  0.1, Max: 1, Diff: 1, Sum: 1, Workers: 8
[260.358s][debug][gc,phases         ] GC(1443)     Code Root Scan (ms):      Min:  0.0, Avg:  0.0, Max:  0.0, Diff:  0.0, Sum:  0.2, Workers: 8
[260.358s][debug][gc,phases         ] GC(1443)     Object Copy (ms):         Min:  0.0, Avg:  0.0, Max:  0.0, Diff:  0.0, Sum:  0.0, Workers: 8
[260.358s][debug][gc,phases         ] GC(1443)     Termination (ms):         Min:  0.0, Avg:  0.1, Max:  0.1, Diff:  0.0, Sum:  0.4, Workers: 8
[260.358s][debug][gc,phases         ] GC(1443)       Termination Attempts:     Min: 1, Avg:  1.0, Max: 1, Diff: 0, Sum: 8, Workers: 8
[260.358s][debug][gc,phases         ] GC(1443)     GC Worker Other (ms):     Min:  0.0, Avg:  0.1, Max:  0.1, Diff:  0.1, Sum:  0.4, Workers: 8
[260.358s][debug][gc,phases         ] GC(1443)     GC Worker Total (ms):     Min:  0.2, Avg:  0.3, Max:  0.3, Diff:  0.0, Sum:  2.0, Workers: 8
[260.358s][info ][gc,phases         ] GC(1443)   Post Evacuate Collection Set: 0.6ms
[260.358s][debug][gc,phases         ] GC(1443)     Code Roots Fixup: 0.0ms
[260.358s][debug][gc,phases         ] GC(1443)     Clear Card Table: 0.2ms
[260.358s][debug][gc,phases         ] GC(1443)     Reference Processing: 0.0ms
[260.358s][debug][gc,phases,ref     ] GC(1443)       Reconsider SoftReferences: 0.0ms
[260.358s][debug][gc,phases,ref     ] GC(1443)         SoftRef (ms):             skipped
[260.358s][debug][gc,phases,ref     ] GC(1443)       Notify Soft/WeakReferences: 0.0ms
[260.358s][debug][gc,phases,ref     ] GC(1443)         SoftRef (ms):             skipped
[260.358s][debug][gc,phases,ref     ] GC(1443)         WeakRef (ms):             skipped
[260.358s][debug][gc,phases,ref     ] GC(1443)         FinalRef (ms):            skipped
[260.358s][debug][gc,phases,ref     ] GC(1443)         Total (ms):               skipped
[260.358s][debug][gc,phases,ref     ] GC(1443)       Notify and keep alive finalizable: 0.0ms
[260.358s][debug][gc,phases,ref     ] GC(1443)         FinalRef (ms):            skipped
[260.358s][debug][gc,phases,ref     ] GC(1443)       Notify PhantomReferences: 0.0ms
[260.358s][debug][gc,phases,ref     ] GC(1443)         PhantomRef (ms):          skipped
[260.358s][debug][gc,phases,ref     ] GC(1443)       SoftReference:
[260.358s][debug][gc,phases,ref     ] GC(1443)         Discovered: 0
[260.358s][debug][gc,phases,ref     ] GC(1443)         Cleared: 0
[260.358s][debug][gc,phases,ref     ] GC(1443)       WeakReference:
[260.358s][debug][gc,phases,ref     ] GC(1443)         Discovered: 0
[260.358s][debug][gc,phases,ref     ] GC(1443)         Cleared: 0
[260.358s][debug][gc,phases,ref     ] GC(1443)       FinalReference:
[260.358s][debug][gc,phases,ref     ] GC(1443)         Discovered: 0
[260.358s][debug][gc,phases,ref     ] GC(1443)         Cleared: 0
[260.358s][debug][gc,phases,ref     ] GC(1443)       PhantomReference:
[260.358s][debug][gc,phases,ref     ] GC(1443)         Discovered: 0
[260.358s][debug][gc,phases,ref     ] GC(1443)         Cleared: 0
[260.358s][debug][gc,phases         ] GC(1443)     Weak Processing: 0.1ms
[260.358s][debug][gc,phases         ] GC(1443)       JVMTI weak processing: 0.0ms
[260.358s][debug][gc,phases         ] GC(1443)         Dead: 0
[260.358s][debug][gc,phases         ] GC(1443)         Total: 0
[260.358s][debug][gc,phases         ] GC(1443)       JFR weak processing: 0.0ms
[260.358s][debug][gc,phases         ] GC(1443)         Dead: 0
[260.358s][debug][gc,phases         ] GC(1443)         Total: 0
[260.358s][debug][gc,phases         ] GC(1443)       JNI weak                  Min:  0.0, Avg:  0.0, Max:  0.0, Diff:  0.0, Sum:  0.0, Workers: 5
[260.358s][debug][gc,phases         ] GC(1443)         Dead                      Min: 0, Avg:  0.0, Max: 0, Diff: 0, Sum: 0, Workers: 5
[260.358s][debug][gc,phases         ] GC(1443)         Total                     Min: 0, Avg: 21.8, Max: 64, Diff: 64, Sum: 109, Workers: 5
[260.358s][debug][gc,phases         ] GC(1443)       VM weak                   Min:  0.0, Avg:  0.0, Max:  0.0, Diff:  0.0, Sum:  0.0, Workers: 5
[260.358s][debug][gc,phases         ] GC(1443)         Dead                      Min: 0, Avg:  0.0, Max: 0, Diff: 0, Sum: 0, Workers: 5
[260.358s][debug][gc,phases         ] GC(1443)         Total                     Min: 0, Avg: 42.6, Max: 128, Diff: 128, Sum: 213, Workers: 5
[260.358s][debug][gc,phases         ] GC(1443)       StringTable weak          Min:  0.0, Avg:  0.0, Max:  0.0, Diff:  0.0, Sum:  0.1, Workers: 5
[260.358s][debug][gc,phases         ] GC(1443)         Dead                      Min: 0, Avg:  0.0, Max: 0, Diff: 0, Sum: 0, Workers: 5
[260.358s][debug][gc,phases         ] GC(1443)         Total                     Min: 0, Avg: 721.8, Max: 1818, Diff: 1818, Sum: 3609, Workers: 5
[260.358s][debug][gc,phases         ] GC(1443)       ResolvedMethodTable weak  Min:  0.0, Avg:  0.0, Max:  0.0, Diff:  0.0, Sum:  0.0, Workers: 5
[260.358s][debug][gc,phases         ] GC(1443)         Dead                      Min: 0, Avg:  0.0, Max: 0, Diff: 0, Sum: 0, Workers: 5
[260.358s][debug][gc,phases         ] GC(1443)         Total                     Min: 0, Avg: 114.8, Max: 318, Diff: 318, Sum: 574, Workers: 5
[260.358s][debug][gc,phases         ] GC(1443)     Merge Per-Thread State: 0.0ms
[260.358s][debug][gc,phases         ] GC(1443)       Copied Bytes              Min: 72, Avg: 250316.0, Max: 400664, Diff: 400592, Sum: 2002528, Workers: 8
[260.358s][debug][gc,phases         ] GC(1443)       LAB Waste                 Min: 0, Avg:  0.0, Max: 0, Diff: 0, Sum: 0, Workers: 8
[260.358s][debug][gc,phases         ] GC(1443)       LAB Undo Waste            Min: 0, Avg:  0.0, Max: 0, Diff: 0, Sum: 0, Workers: 8
[260.358s][debug][gc,phases         ] GC(1443)     Code Roots Purge: 0.0ms
[260.358s][debug][gc,phases         ] GC(1443)     Redirty Cards: 0.0ms
[260.358s][debug][gc,phases         ] GC(1443)     DerivedPointerTable Update: 0.0ms
[260.358s][debug][gc,phases         ] GC(1443)     Free Collection Set: 0.2ms
[260.358s][debug][gc,phases         ] GC(1443)     Rebuild Free List: 0.1ms
[260.358s][debug][gc,phases         ] GC(1443)     Humongous Reclaim: 0.0ms
[260.358s][debug][gc,phases         ] GC(1443)     Start New Collection Set: 0.0ms
[260.358s][debug][gc,phases         ] GC(1443)     Resize TLABs: 0.0ms
[260.358s][debug][gc,phases         ] GC(1443)     Expand Heap After Collection: 0.0ms
[260.358s][info ][gc,phases         ] GC(1443)   Other: 0.3ms
[260.358s][info ][gc,heap           ] GC(1443) Eden regions: 866->0(868)
[260.358s][info ][gc,heap           ] GC(1443) Survivor regions: 5->3(109)
[260.358s][info ][gc,heap           ] GC(1443) Old regions: 18->18
[260.358s][info ][gc,heap           ] GC(1443) Archive regions: 2->2
[260.358s][info ][gc,heap           ] GC(1443) Humongous regions: 0->0
[260.358s][info ][gc,metaspace      ] GC(1443) Metaspace: 10458K(11136K)->10458K(11136K) NonClass: 9309K(9728K)->9309K(9728K) Class: 1149K(1408K)->1149K(1408K)
[260.358s][debug][gc,heap           ] GC(1443) Heap after GC invocations=1444 (full 1): garbage-first heap   total 1486848K, used 20802K [0x0000000700000000, 0x0000000800000000)
[260.358s][debug][gc,heap           ] GC(1443)   region size 1024K, 3 young (3072K), 3 survivors (3072K)
[260.358s][debug][gc,heap           ] GC(1443)  Metaspace       used 10458K, capacity 10758K, committed 11136K, reserved 1058816K
[260.358s][debug][gc,heap           ] GC(1443)   class space    used 1149K, capacity 1267K, committed 1408K, reserved 1048576K
[260.359s][info ][gc                ] GC(1443) Pause Young (Normal) (G1 Evacuation Pause) 888M->20M(1452M) 2.039ms
[260.359s][info ][gc,cpu            ] GC(1443) User=0.00s Sys=0.00s Real=0.00s
[260.359s][info ][safepoint         ] Safepoint "G1CollectForAllocation", Time since last: 42993804 ns, Reaching safepoint: 121164 ns, At safepoint: 2202866 ns, Total: 2324030 ns
[260.402s][debug][gc,heap           ] GC(1444) Heap before GC invocations=1444 (full 1): garbage-first heap   total 1486848K, used 908610K [0x0000000700000000, 0x0000000800000000)
[260.402s][debug][gc,heap           ] GC(1444)   region size 1024K, 871 young (891904K), 3 survivors (3072K)
[260.402s][debug][gc,heap           ] GC(1444)  Metaspace       used 10458K, capacity 10758K, committed 11136K, reserved 1058816K
[260.402s][debug][gc,heap           ] GC(1444)   class space    used 1149K, capacity 1267K, committed 1408K, reserved 1048576K
[260.402s][info ][gc,start          ] GC(1444) Pause Young (Normal) (G1 Evacuation Pause)
[260.402s][info ][gc,task           ] GC(1444) Using 8 workers of 8 for evacuation
[260.402s][debug][gc,tlab           ] GC(1444) TLAB totals: thrds: 8  refills: 11 max: 2 slow allocs: 1729 max 230 waste: 33.2% gc: 1098952B max: 229600B slow: 42128B max: 14304B fast: 0B max: 0B
[260.402s][debug][gc,age            ] GC(1444) Desired survivor size 57147392 bytes, new threshold 15 (max threshold 15)
[260.402s][debug][gc,alloc,region   ] GC(1444) Mutator Allocation stats, regions: 868, wasted size: 203M (23.4%)
[260.402s][debug][gc,ergo           ] GC(1444) Running G1 Merge Heap Roots using 8 workers for 871 regions
[260.402s][debug][gc,remset         ] GC(1444) Visited cards 256 Total dirty 2048 (12.50%) Total old 3608576 (0.01%)
[260.403s][debug][gc,ergo           ] GC(1444) Running G1 Clear Card Table Task using 2 workers for 2 units of work for 872 regions.
[260.403s][debug][gc,ref            ] GC(1444) Skipped phase1 of Reference Processing due to unavailable references
[260.403s][debug][gc,ref            ] GC(1444) Skipped phase2 of Reference Processing due to unavailable references
[260.403s][debug][gc,ref            ] GC(1444) Skipped phase3 of Reference Processing due to unavailable references
[260.403s][debug][gc,ref            ] GC(1444) Skipped phase4 of Reference Processing due to unavailable references
[260.403s][debug][gc,ergo           ] GC(1444) Running G1 Free Collection Set using 8 workers for collection set length 871 (1452)
[260.403s][debug][gc,ergo           ] GC(1444) Running G1 Rebuild Free List Task using 8 workers for rebuilding free list of 0 (4096) regions
[260.403s][trace][gc,age            ] GC(1444) Age table with threshold 15 (max threshold 15)
[260.404s][trace][gc,age            ] GC(1444) - age   1:    2802552 bytes,    2802552 total
[260.404s][debug][gc,plab           ] GC(1444) Young PLAB allocation: allocated: 14448B, wasted: 0B, unused: 12000B, used: 2448B, undo waste: 0B, 
[260.404s][debug][gc,plab           ] GC(1444) Young other allocation: region end waste: 733248B, regions filled: 4, direct allocated: 2800104B, failure used: 0B, failure wasted: 0B
[260.404s][debug][gc,plab           ] GC(1444) Young sizing: calculated: 0B, actual: 2064B
[260.404s][debug][gc,plab           ] GC(1444) Old PLAB allocation: allocated: 0B, wasted: 0B, unused: 0B, used: 0B, undo waste: 0B, 
[260.404s][debug][gc,plab           ] GC(1444) Old other allocation: region end waste: 0B, regions filled: 1, direct allocated: 0B, failure used: 0B, failure wasted: 0B
[260.404s][debug][gc,plab           ] GC(1444) Old sizing: calculated: 0B, actual: 2064B
[260.404s][debug][gc,ihop           ] GC(1444) Basic information (value update), threshold: 685139558B (45.00), target occupancy: 1522532352B, current occupancy: 22352024B, recent allocation size: 0B, recent allocation duration: 44.24ms, recent old gen allocation rate: 0.00B/s, recent marking phase length: 38.29ms
[260.404s][debug][gc,ihop           ] GC(1444) Adaptive IHOP information (value update), threshold: 685139558B (47.37), internal target occupancy: 1446405734B, occupancy: 22352024B, additional buffer size: 913309696B, predicted old gen allocation rate: 4.07B/s, predicted marking phase length: 76.58ms, prediction active: false
[260.404s][debug][gc,ergo,refine    ] GC(1444) Concurrent refinement times: Logged Cards Scan time goal: 20.00ms Logged Cards Scan time: 0.00ms HCC time: 0.00ms
[260.404s][debug][gc,ergo,refine    ] GC(1444) Updated Refinement Zones: green: 2048, yellow: 6144, red: 10240
[260.404s][info ][gc,phases         ] GC(1444)   Pre Evacuate Collection Set: 0.1ms
[260.404s][debug][gc,phases         ] GC(1444)     Prepare TLABs: 0.0ms
[260.404s][debug][gc,phases         ] GC(1444)     Choose Collection Set: 0.0ms
[260.404s][debug][gc,phases         ] GC(1444)     Region Register: 0.1ms
[260.404s][debug][gc,phases         ] GC(1444)     Prepare Heap Roots: 0.0ms
[260.404s][info ][gc,phases         ] GC(1444)   Merge Heap Roots: 0.2ms
[260.404s][debug][gc,phases         ] GC(1444)     Prepare Merge Heap Roots: 0.0ms
[260.404s][debug][gc,phases         ] GC(1444)     Eager Reclaim (ms):       skipped
[260.404s][debug][gc,phases         ] GC(1444)     Remembered Sets (ms):     Min:  0.0, Avg:  0.0, Max:  0.1, Diff:  0.0, Sum:  0.4, Workers: 8
[260.404s][debug][gc,phases         ] GC(1444)       Merged Sparse:            Min: 0, Avg:  0.0, Max: 0, Diff: 0, Sum: 0, Workers: 8
[260.404s][debug][gc,phases         ] GC(1444)       Merged Fine:              Min: 0, Avg:  0.0, Max: 0, Diff: 0, Sum: 0, Workers: 8
[260.404s][debug][gc,phases         ] GC(1444)       Merged Coarse:            Min: 0, Avg:  0.0, Max: 0, Diff: 0, Sum: 0, Workers: 8
[260.404s][debug][gc,phases         ] GC(1444)       Dirty Cards:              Min: 0, Avg:  0.0, Max: 0, Diff: 0, Sum: 0, Workers: 8
[260.404s][debug][gc,phases         ] GC(1444)     Hot Card Cache (ms):      Min:  0.0, Avg:  0.0, Max:  0.0, Diff:  0.0, Sum:  0.0, Workers: 8
[260.404s][debug][gc,phases         ] GC(1444)       Dirty Cards:              Min: 0, Avg:  0.0, Max: 0, Diff: 0, Sum: 0, Workers: 8
[260.404s][debug][gc,phases         ] GC(1444)       Skipped Cards:            Min: 0, Avg:  0.0, Max: 0, Diff: 0, Sum: 0, Workers: 8
[260.404s][debug][gc,phases         ] GC(1444)     Log Buffers (ms):         Min:  0.0, Avg:  0.0, Max:  0.0, Diff:  0.0, Sum:  0.0, Workers: 8
[260.404s][debug][gc,phases         ] GC(1444)       Dirty Cards:              Min: 0, Avg:  0.1, Max: 1, Diff: 1, Sum: 1, Workers: 8
[260.404s][debug][gc,phases         ] GC(1444)       Skipped Cards:            Min: 0, Avg:  0.0, Max: 0, Diff: 0, Sum: 0, Workers: 8
[260.404s][info ][gc,phases         ] GC(1444)   Evacuate Collection Set: 0.3ms
[260.404s][debug][gc,phases         ] GC(1444)     Ext Root Scanning (ms):   Min:  0.0, Avg:  0.2, Max:  0.3, Diff:  0.3, Sum:  1.3, Workers: 8
[260.404s][debug][gc,phases         ] GC(1444)     Scan Heap Roots (ms):     Min:  0.0, Avg:  0.0, Max:  0.0, Diff:  0.0, Sum:  0.0, Workers: 8
[260.404s][debug][gc,phases         ] GC(1444)       Scanned Cards:            Min: 0, Avg:  0.1, Max: 1, Diff: 1, Sum: 1, Workers: 8
[260.404s][debug][gc,phases         ] GC(1444)       Scanned Blocks:           Min: 0, Avg:  0.1, Max: 1, Diff: 1, Sum: 1, Workers: 8
[260.404s][debug][gc,phases         ] GC(1444)       Claimed Chunks:           Min: 0, Avg:  0.1, Max: 1, Diff: 1, Sum: 1, Workers: 8
[260.404s][debug][gc,phases         ] GC(1444)     Code Root Scan (ms):      Min:  0.0, Avg:  0.0, Max:  0.0, Diff:  0.0, Sum:  0.1, Workers: 8
[260.404s][debug][gc,phases         ] GC(1444)     Object Copy (ms):         Min:  0.0, Avg:  0.0, Max:  0.0, Diff:  0.0, Sum:  0.0, Workers: 8
[260.404s][debug][gc,phases         ] GC(1444)     Termination (ms):         Min:  0.0, Avg:  0.0, Max:  0.1, Diff:  0.0, Sum:  0.3, Workers: 8
[260.404s][debug][gc,phases         ] GC(1444)       Termination Attempts:     Min: 1, Avg:  1.0, Max: 1, Diff: 0, Sum: 8, Workers: 8
[260.404s][debug][gc,phases         ] GC(1444)     GC Worker Other (ms):     Min:  0.0, Avg:  0.0, Max:  0.1, Diff:  0.1, Sum:  0.4, Workers: 8
[260.404s][debug][gc,phases         ] GC(1444)     GC Worker Total (ms):     Min:  0.0, Avg:  0.3, Max:  0.3, Diff:  0.3, Sum:  2.2, Workers: 8
[260.404s][info ][gc,phases         ] GC(1444)   Post Evacuate Collection Set: 0.7ms
[260.404s][debug][gc,phases         ] GC(1444)     Code Roots Fixup: 0.0ms
[260.404s][debug][gc,phases         ] GC(1444)     Clear Card Table: 0.3ms
[260.404s][debug][gc,phases         ] GC(1444)     Reference Processing: 0.1ms
[260.404s][debug][gc,phases,ref     ] GC(1444)       Reconsider SoftReferences: 0.0ms
[260.404s][debug][gc,phases,ref     ] GC(1444)         SoftRef (ms):             skipped
[260.404s][debug][gc,phases,ref     ] GC(1444)       Notify Soft/WeakReferences: 0.0ms
[260.404s][debug][gc,phases,ref     ] GC(1444)         SoftRef (ms):             skipped
[260.404s][debug][gc,phases,ref     ] GC(1444)         WeakRef (ms):             skipped
[260.404s][debug][gc,phases,ref     ] GC(1444)         FinalRef (ms):            skipped
[260.404s][debug][gc,phases,ref     ] GC(1444)         Total (ms):               skipped
[260.404s][debug][gc,phases,ref     ] GC(1444)       Notify and keep alive finalizable: 0.0ms
[260.404s][debug][gc,phases,ref     ] GC(1444)         FinalRef (ms):            skipped
[260.404s][debug][gc,phases,ref     ] GC(1444)       Notify PhantomReferences: 0.0ms
[260.404s][debug][gc,phases,ref     ] GC(1444)         PhantomRef (ms):          skipped
[260.404s][debug][gc,phases,ref     ] GC(1444)       SoftReference:
[260.404s][debug][gc,phases,ref     ] GC(1444)         Discovered: 0
[260.404s][debug][gc,phases,ref     ] GC(1444)         Cleared: 0
[260.404s][debug][gc,phases,ref     ] GC(1444)       WeakReference:
[260.404s][debug][gc,phases,ref     ] GC(1444)         Discovered: 0
[260.404s][debug][gc,phases,ref     ] GC(1444)         Cleared: 0
[260.404s][debug][gc,phases,ref     ] GC(1444)       FinalReference:
[260.404s][debug][gc,phases,ref     ] GC(1444)         Discovered: 0
[260.404s][debug][gc,phases,ref     ] GC(1444)         Cleared: 0
[260.404s][debug][gc,phases,ref     ] GC(1444)       PhantomReference:
[260.404s][debug][gc,phases,ref     ] GC(1444)         Discovered: 0
[260.404s][debug][gc,phases,ref     ] GC(1444)         Cleared: 0
[260.404s][debug][gc,phases         ] GC(1444)     Weak Processing: 0.0ms
[260.404s][debug][gc,phases         ] GC(1444)       JVMTI weak processing: 0.0ms
[260.404s][debug][gc,phases         ] GC(1444)         Dead: 0
[260.404s][debug][gc,phases         ] GC(1444)         Total: 0
[260.404s][debug][gc,phases         ] GC(1444)       JFR weak processing: 0.0ms
[260.404s][debug][gc,phases         ] GC(1444)         Dead: 0
[260.404s][debug][gc,phases         ] GC(1444)         Total: 0
[260.404s][debug][gc,phases         ] GC(1444)       JNI weak                  Min:  0.0, Avg:  0.0, Max:  0.0, Diff:  0.0, Sum:  0.0, Workers: 5
[260.404s][debug][gc,phases         ] GC(1444)         Dead                      Min: 0, Avg:  0.0, Max: 0, Diff: 0, Sum: 0, Workers: 5
[260.404s][debug][gc,phases         ] GC(1444)         Total                     Min: 0, Avg: 21.8, Max: 64, Diff: 64, Sum: 109, Workers: 5
[260.404s][debug][gc,phases         ] GC(1444)       VM weak                   Min:  0.0, Avg:  0.0, Max:  0.0, Diff:  0.0, Sum:  0.0, Workers: 5
[260.404s][debug][gc,phases         ] GC(1444)         Dead                      Min: 0, Avg:  0.0, Max: 0, Diff: 0, Sum: 0, Workers: 5
[260.404s][debug][gc,phases         ] GC(1444)         Total                     Min: 0, Avg: 42.6, Max: 64, Diff: 64, Sum: 213, Workers: 5
[260.404s][debug][gc,phases         ] GC(1444)       StringTable weak          Min:  0.0, Avg:  0.0, Max:  0.0, Diff:  0.0, Sum:  0.1, Workers: 5
[260.404s][debug][gc,phases         ] GC(1444)         Dead                      Min: 0, Avg:  0.0, Max: 0, Diff: 0, Sum: 0, Workers: 5
[260.404s][debug][gc,phases         ] GC(1444)         Total                     Min: 575, Avg: 721.8, Max: 794, Diff: 219, Sum: 3609, Workers: 5
[260.404s][debug][gc,phases         ] GC(1444)       ResolvedMethodTable weak  Min:  0.0, Avg:  0.0, Max:  0.0, Diff:  0.0, Sum:  0.0, Workers: 5
[260.404s][debug][gc,phases         ] GC(1444)         Dead                      Min: 0, Avg:  0.0, Max: 0, Diff: 0, Sum: 0, Workers: 5
[260.404s][debug][gc,phases         ] GC(1444)         Total                     Min: 64, Avg: 114.8, Max: 128, Diff: 64, Sum: 574, Workers: 5
[260.404s][debug][gc,phases         ] GC(1444)     Merge Per-Thread State: 0.0ms
[260.404s][debug][gc,phases         ] GC(1444)       Copied Bytes              Min: 0, Avg: 350319.0, Max: 800096, Diff: 800096, Sum: 2802552, Workers: 8
[260.404s][debug][gc,phases         ] GC(1444)       LAB Waste                 Min: 0, Avg:  0.0, Max: 0, Diff: 0, Sum: 0, Workers: 8
[260.404s][debug][gc,phases         ] GC(1444)       LAB Undo Waste            Min: 0, Avg:  0.0, Max: 0, Diff: 0, Sum: 0, Workers: 8
[260.404s][debug][gc,phases         ] GC(1444)     Code Roots Purge: 0.0ms
[260.404s][debug][gc,phases         ] GC(1444)     Redirty Cards: 0.0ms
[260.404s][debug][gc,phases         ] GC(1444)     DerivedPointerTable Update: 0.0ms
[260.404s][debug][gc,phases         ] GC(1444)     Free Collection Set: 0.2ms
[260.404s][debug][gc,phases         ] GC(1444)     Rebuild Free List: 0.1ms
[260.404s][debug][gc,phases         ] GC(1444)     Humongous Reclaim: 0.0ms
[260.404s][debug][gc,phases         ] GC(1444)     Start New Collection Set: 0.0ms
[260.404s][debug][gc,phases         ] GC(1444)     Resize TLABs: 0.0ms
[260.404s][debug][gc,phases         ] GC(1444)     Expand Heap After Collection: 0.0ms
[260.405s][info ][gc,phases         ] GC(1444)   Other: 0.4ms
[260.405s][info ][gc,heap           ] GC(1444) Eden regions: 868->0(867)
[260.405s][info ][gc,heap           ] GC(1444) Survivor regions: 3->4(109)
[260.405s][info ][gc,heap           ] GC(1444) Old regions: 18->18
[260.405s][info ][gc,heap           ] GC(1444) Archive regions: 2->2
[260.405s][info ][gc,heap           ] GC(1444) Humongous regions: 0->0
[260.405s][info ][gc,metaspace      ] GC(1444) Metaspace: 10458K(11136K)->10458K(11136K) NonClass: 9309K(9728K)->9309K(9728K) Class: 1149K(1408K)->1149K(1408K)
[260.405s][debug][gc,heap           ] GC(1444) Heap after GC invocations=1445 (full 1): garbage-first heap   total 1486848K, used 21828K [0x0000000700000000, 0x0000000800000000)
[260.405s][debug][gc,heap           ] GC(1444)   region size 1024K, 4 young (4096K), 4 survivors (4096K)
[260.405s][debug][gc,heap           ] GC(1444)  Metaspace       used 10458K, capacity 10758K, committed 11136K, reserved 1058816K
[260.405s][debug][gc,heap           ] GC(1444)   class space    used 1149K, capacity 1267K, committed 1408K, reserved 1048576K
[260.405s][info ][gc                ] GC(1444) Pause Young (Normal) (G1 Evacuation Pause) 888M->21M(1452M) 2.627ms
[260.405s][info ][gc,cpu            ] GC(1444) User=0.00s Sys=0.00s Real=0.00s
[260.405s][info ][safepoint         ] Safepoint "G1CollectForAllocation", Time since last: 43168930 ns, Reaching safepoint: 143324 ns, At safepoint: 2861420 ns, Total: 3004744 ns
[260.452s][debug][gc,heap           ] GC(1445) Heap before GC invocations=1445 (full 1): garbage-first heap   total 1486848K, used 908612K [0x0000000700000000, 0x0000000800000000)
[260.452s][debug][gc,heap           ] GC(1445)   region size 1024K, 871 young (891904K), 4 survivors (4096K)
[260.452s][debug][gc,heap           ] GC(1445)  Metaspace       used 10458K, capacity 10758K, committed 11136K, reserved 1058816K
[260.452s][debug][gc,heap           ] GC(1445)   class space    used 1149K, capacity 1267K, committed 1408K, reserved 1048576K
[260.452s][info ][gc,start          ] GC(1445) Pause Young (Normal) (G1 Evacuation Pause)
[260.452s][info ][gc,task           ] GC(1445) Using 8 workers of 8 for evacuation
[260.452s][debug][gc,tlab           ] GC(1445) TLAB totals: thrds: 8  refills: 11 max: 2 slow allocs: 1733 max 258 waste: 34.9% gc: 988216B max: 218224B slow: 29000B max: 13912B fast: 0B max: 0B
[260.452s][debug][gc,age            ] GC(1445) Desired survivor size 57147392 bytes, new threshold 15 (max threshold 15)
[260.452s][debug][gc,alloc,region   ] GC(1445) Mutator Allocation stats, regions: 867, wasted size: 203M (23.4%)
[260.453s][debug][gc,ergo           ] GC(1445) Running G1 Merge Heap Roots using 8 workers for 871 regions
[260.453s][debug][gc,remset         ] GC(1445) Visited cards 512 Total dirty 4096 (12.50%) Total old 3608576 (0.01%)
[260.453s][debug][gc,ergo           ] GC(1445) Running G1 Clear Card Table Task using 2 workers for 2 units of work for 873 regions.
[260.453s][debug][gc,ref            ] GC(1445) Skipped phase1 of Reference Processing due to unavailable references
[260.453s][debug][gc,ref            ] GC(1445) Skipped phase2 of Reference Processing due to unavailable references
[260.453s][debug][gc,ref            ] GC(1445) Skipped phase3 of Reference Processing due to unavailable references
[260.453s][debug][gc,ref            ] GC(1445) Skipped phase4 of Reference Processing due to unavailable references
[260.453s][debug][gc,ergo           ] GC(1445) Running G1 Free Collection Set using 8 workers for collection set length 871 (1452)
[260.454s][debug][gc,ergo           ] GC(1445) Running G1 Rebuild Free List Task using 8 workers for rebuilding free list of 0 (4096) regions
[260.454s][trace][gc,age            ] GC(1445) Age table with threshold 15 (max threshold 15)
[260.454s][trace][gc,age            ] GC(1445) - age   1:    2002448 bytes,    2002448 total
[260.454s][debug][gc,plab           ] GC(1445) Young PLAB allocation: allocated: 16512B, wasted: 0B, unused: 14144B, used: 2368B, undo waste: 0B, 
[260.454s][debug][gc,plab           ] GC(1445) Young other allocation: region end waste: 482640B, regions filled: 3, direct allocated: 2000080B, failure used: 0B, failure wasted: 0B
[260.454s][debug][gc,plab           ] GC(1445) Young sizing: calculated: 0B, actual: 2064B
[260.454s][debug][gc,plab           ] GC(1445) Old PLAB allocation: allocated: 0B, wasted: 0B, unused: 0B, used: 0B, undo waste: 0B, 
[260.454s][debug][gc,plab           ] GC(1445) Old other allocation: region end waste: 0B, regions filled: 1, direct allocated: 0B, failure used: 0B, failure wasted: 0B
[260.454s][debug][gc,plab           ] GC(1445) Old sizing: calculated: 0B, actual: 2064B
[260.454s][debug][gc,ihop           ] GC(1445) Basic information (value update), threshold: 685139558B (45.00), target occupancy: 1522532352B, current occupancy: 21303456B, recent allocation size: 0B, recent allocation duration: 48.70ms, recent old gen allocation rate: 0.00B/s, recent marking phase length: 38.29ms
[260.454s][debug][gc,ihop           ] GC(1445) Adaptive IHOP information (value update), threshold: 685139558B (47.37), internal target occupancy: 1446405734B, occupancy: 21303456B, additional buffer size: 913309696B, predicted old gen allocation rate: 3.96B/s, predicted marking phase length: 76.58ms, prediction active: false
[260.454s][debug][gc,ergo,refine    ] GC(1445) Concurrent refinement times: Logged Cards Scan time goal: 20.00ms Logged Cards Scan time: 0.00ms HCC time: 0.00ms
[260.454s][debug][gc,ergo,refine    ] GC(1445) Updated Refinement Zones: green: 2048, yellow: 6144, red: 10240
[260.454s][info ][gc,phases         ] GC(1445)   Pre Evacuate Collection Set: 0.2ms
[260.454s][debug][gc,phases         ] GC(1445)     Prepare TLABs: 0.0ms
[260.454s][debug][gc,phases         ] GC(1445)     Choose Collection Set: 0.0ms
[260.454s][debug][gc,phases         ] GC(1445)     Region Register: 0.1ms
[260.454s][debug][gc,phases         ] GC(1445)     Prepare Heap Roots: 0.0ms
[260.454s][info ][gc,phases         ] GC(1445)   Merge Heap Roots: 0.2ms
[260.454s][debug][gc,phases         ] GC(1445)     Prepare Merge Heap Roots: 0.0ms
[260.454s][debug][gc,phases         ] GC(1445)     Eager Reclaim (ms):       skipped
[260.454s][debug][gc,phases         ] GC(1445)     Remembered Sets (ms):     Min:  0.0, Avg:  0.0, Max:  0.1, Diff:  0.0, Sum:  0.3, Workers: 8
[260.454s][debug][gc,phases         ] GC(1445)       Merged Sparse:            Min: 0, Avg:  0.0, Max: 0, Diff: 0, Sum: 0, Workers: 8
[260.454s][debug][gc,phases         ] GC(1445)       Merged Fine:              Min: 0, Avg:  0.0, Max: 0, Diff: 0, Sum: 0, Workers: 8
[260.454s][debug][gc,phases         ] GC(1445)       Merged Coarse:            Min: 0, Avg:  0.0, Max: 0, Diff: 0, Sum: 0, Workers: 8
[260.454s][debug][gc,phases         ] GC(1445)       Dirty Cards:              Min: 0, Avg:  0.0, Max: 0, Diff: 0, Sum: 0, Workers: 8
[260.454s][debug][gc,phases         ] GC(1445)     Hot Card Cache (ms):      Min:  0.0, Avg:  0.0, Max:  0.0, Diff:  0.0, Sum:  0.0, Workers: 8
[260.454s][debug][gc,phases         ] GC(1445)       Dirty Cards:              Min: 0, Avg:  0.0, Max: 0, Diff: 0, Sum: 0, Workers: 8
[260.454s][debug][gc,phases         ] GC(1445)       Skipped Cards:            Min: 0, Avg:  0.0, Max: 0, Diff: 0, Sum: 0, Workers: 8
[260.454s][debug][gc,phases         ] GC(1445)     Log Buffers (ms):         Min:  0.0, Avg:  0.0, Max:  0.0, Diff:  0.0, Sum:  0.0, Workers: 8
[260.454s][debug][gc,phases         ] GC(1445)       Dirty Cards:              Min: 0, Avg:  0.2, Max: 1, Diff: 1, Sum: 2, Workers: 8
[260.454s][debug][gc,phases         ] GC(1445)       Skipped Cards:            Min: 0, Avg:  0.0, Max: 0, Diff: 0, Sum: 0, Workers: 8
[260.454s][info ][gc,phases         ] GC(1445)   Evacuate Collection Set: 0.3ms
[260.454s][debug][gc,phases         ] GC(1445)     Ext Root Scanning (ms):   Min:  0.0, Avg:  0.1, Max:  0.2, Diff:  0.2, Sum:  1.1, Workers: 8
[260.454s][debug][gc,phases         ] GC(1445)     Scan Heap Roots (ms):     Min:  0.0, Avg:  0.0, Max:  0.0, Diff:  0.0, Sum:  0.0, Workers: 8
[260.454s][debug][gc,phases         ] GC(1445)       Scanned Cards:            Min: 0, Avg:  0.2, Max: 2, Diff: 2, Sum: 2, Workers: 8
[260.454s][debug][gc,phases         ] GC(1445)       Scanned Blocks:           Min: 0, Avg:  0.2, Max: 2, Diff: 2, Sum: 2, Workers: 8
[260.454s][debug][gc,phases         ] GC(1445)       Claimed Chunks:           Min: 0, Avg:  0.2, Max: 2, Diff: 2, Sum: 2, Workers: 8
[260.454s][debug][gc,phases         ] GC(1445)     Code Root Scan (ms):      Min:  0.0, Avg:  0.0, Max:  0.0, Diff:  0.0, Sum:  0.1, Workers: 8
[260.454s][debug][gc,phases         ] GC(1445)     Object Copy (ms):         Min:  0.0, Avg:  0.0, Max:  0.0, Diff:  0.0, Sum:  0.0, Workers: 8
[260.454s][debug][gc,phases         ] GC(1445)     Termination (ms):         Min:  0.0, Avg:  0.1, Max:  0.1, Diff:  0.1, Sum:  0.6, Workers: 8
[260.454s][debug][gc,phases         ] GC(1445)       Termination Attempts:     Min: 1, Avg:  1.1, Max: 2, Diff: 1, Sum: 9, Workers: 8
[260.454s][debug][gc,phases         ] GC(1445)     GC Worker Other (ms):     Min:  0.0, Avg:  0.0, Max:  0.1, Diff:  0.1, Sum:  0.3, Workers: 8
[260.454s][debug][gc,phases         ] GC(1445)     GC Worker Total (ms):     Min:  0.3, Avg:  0.3, Max:  0.3, Diff:  0.0, Sum:  2.3, Workers: 8
[260.454s][info ][gc,phases         ] GC(1445)   Post Evacuate Collection Set: 0.7ms
[260.454s][debug][gc,phases         ] GC(1445)     Code Roots Fixup: 0.0ms
[260.454s][debug][gc,phases         ] GC(1445)     Clear Card Table: 0.2ms
[260.454s][debug][gc,phases         ] GC(1445)     Reference Processing: 0.1ms
[260.454s][debug][gc,phases,ref     ] GC(1445)       Reconsider SoftReferences: 0.0ms
[260.454s][debug][gc,phases,ref     ] GC(1445)         SoftRef (ms):             skipped
[260.454s][debug][gc,phases,ref     ] GC(1445)       Notify Soft/WeakReferences: 0.0ms
[260.454s][debug][gc,phases,ref     ] GC(1445)         SoftRef (ms):             skipped
[260.454s][debug][gc,phases,ref     ] GC(1445)         WeakRef (ms):             skipped
[260.454s][debug][gc,phases,ref     ] GC(1445)         FinalRef (ms):            skipped
[260.454s][debug][gc,phases,ref     ] GC(1445)         Total (ms):               skipped
[260.454s][debug][gc,phases,ref     ] GC(1445)       Notify and keep alive finalizable: 0.0ms
[260.454s][debug][gc,phases,ref     ] GC(1445)         FinalRef (ms):            skipped
[260.454s][debug][gc,phases,ref     ] GC(1445)       Notify PhantomReferences: 0.0ms
[260.454s][debug][gc,phases,ref     ] GC(1445)         PhantomRef (ms):          skipped
[260.454s][debug][gc,phases,ref     ] GC(1445)       SoftReference:
[260.454s][debug][gc,phases,ref     ] GC(1445)         Discovered: 0
[260.454s][debug][gc,phases,ref     ] GC(1445)         Cleared: 0
[260.454s][debug][gc,phases,ref     ] GC(1445)       WeakReference:
[260.454s][debug][gc,phases,ref     ] GC(1445)         Discovered: 0
[260.454s][debug][gc,phases,ref     ] GC(1445)         Cleared: 0
[260.454s][debug][gc,phases,ref     ] GC(1445)       FinalReference:
[260.454s][debug][gc,phases,ref     ] GC(1445)         Discovered: 0
[260.454s][debug][gc,phases,ref     ] GC(1445)         Cleared: 0
[260.455s][debug][gc,phases,ref     ] GC(1445)       PhantomReference:
[260.455s][debug][gc,phases,ref     ] GC(1445)         Discovered: 0
[260.455s][debug][gc,phases,ref     ] GC(1445)         Cleared: 0
[260.455s][debug][gc,phases         ] GC(1445)     Weak Processing: 0.1ms
[260.455s][debug][gc,phases         ] GC(1445)       JVMTI weak processing: 0.0ms
[260.455s][debug][gc,phases         ] GC(1445)         Dead: 0
[260.455s][debug][gc,phases         ] GC(1445)         Total: 0
[260.455s][debug][gc,phases         ] GC(1445)       JFR weak processing: 0.0ms
[260.455s][debug][gc,phases         ] GC(1445)         Dead: 0
[260.455s][debug][gc,phases         ] GC(1445)         Total: 0
[260.455s][debug][gc,phases         ] GC(1445)       JNI weak                  Min:  0.0, Avg:  0.0, Max:  0.0, Diff:  0.0, Sum:  0.0, Workers: 5
[260.455s][debug][gc,phases         ] GC(1445)         Dead                      Min: 0, Avg:  0.0, Max: 0, Diff: 0, Sum: 0, Workers: 5
[260.455s][debug][gc,phases         ] GC(1445)         Total                     Min: 0, Avg: 21.8, Max: 64, Diff: 64, Sum: 109, Workers: 5
[260.455s][debug][gc,phases         ] GC(1445)       VM weak                   Min:  0.0, Avg:  0.0, Max:  0.0, Diff:  0.0, Sum:  0.0, Workers: 5
[260.455s][debug][gc,phases         ] GC(1445)         Dead                      Min: 0, Avg:  0.0, Max: 0, Diff: 0, Sum: 0, Workers: 5
[260.455s][debug][gc,phases         ] GC(1445)         Total                     Min: 0, Avg: 42.6, Max: 128, Diff: 128, Sum: 213, Workers: 5
[260.455s][debug][gc,phases         ] GC(1445)       StringTable weak          Min:  0.0, Avg:  0.0, Max:  0.0, Diff:  0.0, Sum:  0.1, Workers: 5
[260.455s][debug][gc,phases         ] GC(1445)         Dead                      Min: 0, Avg:  0.0, Max: 0, Diff: 0, Sum: 0, Workers: 5
[260.455s][debug][gc,phases         ] GC(1445)         Total                     Min: 0, Avg: 721.8, Max: 1818, Diff: 1818, Sum: 3609, Workers: 5
[260.455s][debug][gc,phases         ] GC(1445)       ResolvedMethodTable weak  Min:  0.0, Avg:  0.0, Max:  0.0, Diff:  0.0, Sum:  0.0, Workers: 5
[260.455s][debug][gc,phases         ] GC(1445)         Dead                      Min: 0, Avg:  0.0, Max: 0, Diff: 0, Sum: 0, Workers: 5
[260.455s][debug][gc,phases         ] GC(1445)         Total                     Min: 62, Avg: 114.8, Max: 128, Diff: 66, Sum: 574, Workers: 5
[260.455s][debug][gc,phases         ] GC(1445)     Merge Per-Thread State: 0.0ms
[260.455s][debug][gc,phases         ] GC(1445)       Copied Bytes              Min: 152, Avg: 250306.0, Max: 400864, Diff: 400712, Sum: 2002448, Workers: 8
[260.455s][debug][gc,phases         ] GC(1445)       LAB Waste                 Min: 0, Avg:  0.0, Max: 0, Diff: 0, Sum: 0, Workers: 8
[260.455s][debug][gc,phases         ] GC(1445)       LAB Undo Waste            Min: 0, Avg:  0.0, Max: 0, Diff: 0, Sum: 0, Workers: 8
[260.455s][debug][gc,phases         ] GC(1445)     Code Roots Purge: 0.0ms
[260.455s][debug][gc,phases         ] GC(1445)     Redirty Cards: 0.0ms
[260.455s][debug][gc,phases         ] GC(1445)     DerivedPointerTable Update: 0.0ms
[260.455s][debug][gc,phases         ] GC(1445)     Free Collection Set: 0.2ms
[260.455s][debug][gc,phases         ] GC(1445)     Rebuild Free List: 0.1ms
[260.455s][debug][gc,phases         ] GC(1445)     Humongous Reclaim: 0.0ms
[260.455s][debug][gc,phases         ] GC(1445)     Start New Collection Set: 0.0ms
[260.455s][debug][gc,phases         ] GC(1445)     Resize TLABs: 0.0ms
[260.455s][debug][gc,phases         ] GC(1445)     Expand Heap After Collection: 0.0ms
[260.455s][info ][gc,phases         ] GC(1445)   Other: 0.4ms
[260.455s][info ][gc,heap           ] GC(1445) Eden regions: 867->0(868)
[260.455s][info ][gc,heap           ] GC(1445) Survivor regions: 4->3(109)
[260.455s][info ][gc,heap           ] GC(1445) Old regions: 18->18
[260.455s][info ][gc,heap           ] GC(1445) Archive regions: 2->2
[260.455s][info ][gc,heap           ] GC(1445) Humongous regions: 0->0
[260.455s][info ][gc,metaspace      ] GC(1445) Metaspace: 10458K(11136K)->10458K(11136K) NonClass: 9309K(9728K)->9309K(9728K) Class: 1149K(1408K)->1149K(1408K)
[260.455s][debug][gc,heap           ] GC(1445) Heap after GC invocations=1446 (full 1): garbage-first heap   total 1486848K, used 20804K [0x0000000700000000, 0x0000000800000000)
[260.455s][debug][gc,heap           ] GC(1445)   region size 1024K, 3 young (3072K), 3 survivors (3072K)
[260.455s][debug][gc,heap           ] GC(1445)  Metaspace       used 10458K, capacity 10758K, committed 11136K, reserved 1058816K
[260.455s][debug][gc,heap           ] GC(1445)   class space    used 1149K, capacity 1267K, committed 1408K, reserved 1048576K
[260.455s][info ][gc                ] GC(1445) Pause Young (Normal) (G1 Evacuation Pause) 888M->20M(1452M) 2.751ms
[260.455s][info ][gc,cpu            ] GC(1445) User=0.00s Sys=0.00s Real=0.00s
[260.455s][info ][safepoint         ] Safepoint "G1CollectForAllocation", Time since last: 47210912 ns, Reaching safepoint: 159865 ns, At safepoint: 2937530 ns, Total: 3097395 ns
[260.499s][debug][gc,heap           ] GC(1446) Heap before GC invocations=1446 (full 1): garbage-first heap   total 1486848K, used 908612K [0x0000000700000000, 0x0000000800000000)
[260.499s][debug][gc,heap           ] GC(1446)   region size 1024K, 871 young (891904K), 3 survivors (3072K)
[260.499s][debug][gc,heap           ] GC(1446)  Metaspace       used 10458K, capacity 10758K, committed 11136K, reserved 1058816K
[260.499s][debug][gc,heap           ] GC(1446)   class space    used 1149K, capacity 1267K, committed 1408K, reserved 1048576K
[260.499s][info ][gc,start          ] GC(1446) Pause Young (Normal) (G1 Evacuation Pause)
[260.499s][info ][gc,task           ] GC(1446) Using 8 workers of 8 for evacuation
[260.499s][debug][gc,tlab           ] GC(1446) TLAB totals: thrds: 8  refills: 13 max: 2 slow allocs: 1723 max 233 waste: 29.1% gc: 1197648B max: 220752B slow: 69872B max: 14304B fast: 0B max: 0B
[260.499s][debug][gc,age            ] GC(1446) Desired survivor size 57147392 bytes, new threshold 15 (max threshold 15)
[260.499s][debug][gc,alloc,region   ] GC(1446) Mutator Allocation stats, regions: 868, wasted size: 203M (23.4%)
[260.499s][debug][gc,ergo           ] GC(1446) Running G1 Merge Heap Roots using 8 workers for 871 regions
[260.499s][debug][gc,remset         ] GC(1446) Visited cards 256 Total dirty 2048 (12.50%) Total old 3608576 (0.01%)
[260.499s][debug][gc,ergo           ] GC(1446) Running G1 Clear Card Table Task using 2 workers for 2 units of work for 872 regions.
[260.500s][debug][gc,ref            ] GC(1446) Skipped phase1 of Reference Processing due to unavailable references
[260.500s][debug][gc,ref            ] GC(1446) Skipped phase2 of Reference Processing due to unavailable references
[260.500s][debug][gc,ref            ] GC(1446) Skipped phase3 of Reference Processing due to unavailable references
[260.500s][debug][gc,ref            ] GC(1446) Skipped phase4 of Reference Processing due to unavailable references
[260.500s][debug][gc,ergo           ] GC(1446) Running G1 Free Collection Set using 8 workers for collection set length 871 (1452)
[260.500s][debug][gc,ergo           ] GC(1446) Running G1 Rebuild Free List Task using 8 workers for rebuilding free list of 0 (4096) regions
[260.500s][trace][gc,age            ] GC(1446) Age table with threshold 15 (max threshold 15)
[260.500s][trace][gc,age            ] GC(1446) - age   1:    4402600 bytes,    4402600 total
[260.500s][debug][gc,plab           ] GC(1446) Young PLAB allocation: allocated: 16512B, wasted: 0B, unused: 14064B, used: 2448B, undo waste: 0B, 
[260.500s][debug][gc,plab           ] GC(1446) Young other allocation: region end waste: 1232416B, regions filled: 6, direct allocated: 4400152B, failure used: 0B, failure wasted: 0B
[260.500s][debug][gc,plab           ] GC(1446) Young sizing: calculated: 0B, actual: 2064B
[260.500s][debug][gc,plab           ] GC(1446) Old PLAB allocation: allocated: 0B, wasted: 0B, unused: 0B, used: 0B, undo waste: 0B, 
[260.500s][debug][gc,plab           ] GC(1446) Old other allocation: region end waste: 0B, regions filled: 1, direct allocated: 0B, failure used: 0B, failure wasted: 0B
[260.500s][debug][gc,plab           ] GC(1446) Old sizing: calculated: 0B, actual: 2064B
[260.500s][debug][gc,ihop           ] GC(1446) Basic information (value update), threshold: 685139558B (45.00), target occupancy: 1522532352B, current occupancy: 24453304B, recent allocation size: 0B, recent allocation duration: 44.76ms, recent old gen allocation rate: 0.00B/s, recent marking phase length: 38.29ms
[260.500s][debug][gc,ihop           ] GC(1446) Adaptive IHOP information (value update), threshold: 685139558B (47.37), internal target occupancy: 1446405734B, occupancy: 24453304B, additional buffer size: 913309696B, predicted old gen allocation rate: 3.86B/s, predicted marking phase length: 76.58ms, prediction active: false
[260.500s][debug][gc,ergo,refine    ] GC(1446) Concurrent refinement times: Logged Cards Scan time goal: 20.00ms Logged Cards Scan time: 0.00ms HCC time: 0.00ms
[260.500s][debug][gc,ergo,refine    ] GC(1446) Updated Refinement Zones: green: 2048, yellow: 6144, red: 10240
[260.500s][info ][gc,phases         ] GC(1446)   Pre Evacuate Collection Set: 0.1ms
[260.500s][debug][gc,phases         ] GC(1446)     Prepare TLABs: 0.0ms
[260.500s][debug][gc,phases         ] GC(1446)     Choose Collection Set: 0.0ms
[260.500s][debug][gc,phases         ] GC(1446)     Region Register: 0.1ms
[260.500s][debug][gc,phases         ] GC(1446)     Prepare Heap Roots: 0.0ms
[260.500s][info ][gc,phases         ] GC(1446)   Merge Heap Roots: 0.1ms
[260.500s][debug][gc,phases         ] GC(1446)     Prepare Merge Heap Roots: 0.0ms
[260.500s][debug][gc,phases         ] GC(1446)     Eager Reclaim (ms):       skipped
[260.500s][debug][gc,phases         ] GC(1446)     Remembered Sets (ms):     Min:  0.0, Avg:  0.0, Max:  0.0, Diff:  0.0, Sum:  0.2, Workers: 8
[260.500s][debug][gc,phases         ] GC(1446)       Merged Sparse:            Min: 0, Avg:  0.0, Max: 0, Diff: 0, Sum: 0, Workers: 8
[260.500s][debug][gc,phases         ] GC(1446)       Merged Fine:              Min: 0, Avg:  0.0, Max: 0, Diff: 0, Sum: 0, Workers: 8
[260.500s][debug][gc,phases         ] GC(1446)       Merged Coarse:            Min: 0, Avg:  0.0, Max: 0, Diff: 0, Sum: 0, Workers: 8
[260.500s][debug][gc,phases         ] GC(1446)       Dirty Cards:              Min: 0, Avg:  0.0, Max: 0, Diff: 0, Sum: 0, Workers: 8
[260.500s][debug][gc,phases         ] GC(1446)     Hot Card Cache (ms):      Min:  0.0, Avg:  0.0, Max:  0.0, Diff:  0.0, Sum:  0.0, Workers: 8
[260.500s][debug][gc,phases         ] GC(1446)       Dirty Cards:              Min: 0, Avg:  0.0, Max: 0, Diff: 0, Sum: 0, Workers: 8
[260.500s][debug][gc,phases         ] GC(1446)       Skipped Cards:            Min: 0, Avg:  0.0, Max: 0, Diff: 0, Sum: 0, Workers: 8
[260.500s][debug][gc,phases         ] GC(1446)     Log Buffers (ms):         Min:  0.0, Avg:  0.0, Max:  0.0, Diff:  0.0, Sum:  0.0, Workers: 8
[260.500s][debug][gc,phases         ] GC(1446)       Dirty Cards:              Min: 0, Avg:  0.1, Max: 1, Diff: 1, Sum: 1, Workers: 8
[260.500s][debug][gc,phases         ] GC(1446)       Skipped Cards:            Min: 0, Avg:  0.0, Max: 0, Diff: 0, Sum: 0, Workers: 8
[260.500s][info ][gc,phases         ] GC(1446)   Evacuate Collection Set: 0.5ms
[260.500s][debug][gc,phases         ] GC(1446)     Ext Root Scanning (ms):   Min:  0.3, Avg:  0.3, Max:  0.4, Diff:  0.1, Sum:  2.6, Workers: 8
[260.500s][debug][gc,phases         ] GC(1446)     Scan Heap Roots (ms):     Min:  0.0, Avg:  0.0, Max:  0.0, Diff:  0.0, Sum:  0.0, Workers: 8
[260.500s][debug][gc,phases         ] GC(1446)       Scanned Cards:            Min: 0, Avg:  0.1, Max: 1, Diff: 1, Sum: 1, Workers: 8
[260.500s][debug][gc,phases         ] GC(1446)       Scanned Blocks:           Min: 0, Avg:  0.1, Max: 1, Diff: 1, Sum: 1, Workers: 8
[260.500s][debug][gc,phases         ] GC(1446)       Claimed Chunks:           Min: 0, Avg:  0.1, Max: 1, Diff: 1, Sum: 1, Workers: 8
[260.500s][debug][gc,phases         ] GC(1446)     Code Root Scan (ms):      Min:  0.0, Avg:  0.0, Max:  0.1, Diff:  0.1, Sum:  0.2, Workers: 8
[260.500s][debug][gc,phases         ] GC(1446)     Object Copy (ms):         Min:  0.0, Avg:  0.0, Max:  0.0, Diff:  0.0, Sum:  0.0, Workers: 8
[260.500s][debug][gc,phases         ] GC(1446)     Termination (ms):         Min:  0.0, Avg:  0.0, Max:  0.1, Diff:  0.0, Sum:  0.4, Workers: 8
[260.500s][debug][gc,phases         ] GC(1446)       Termination Attempts:     Min: 1, Avg:  1.0, Max: 1, Diff: 0, Sum: 8, Workers: 8
[260.500s][debug][gc,phases         ] GC(1446)     GC Worker Other (ms):     Min:  0.0, Avg:  0.1, Max:  0.1, Diff:  0.1, Sum:  0.5, Workers: 8
[260.500s][debug][gc,phases         ] GC(1446)     GC Worker Total (ms):     Min:  0.4, Avg:  0.5, Max:  0.5, Diff:  0.1, Sum:  3.8, Workers: 8
[260.500s][info ][gc,phases         ] GC(1446)   Post Evacuate Collection Set: 0.6ms
[260.500s][debug][gc,phases         ] GC(1446)     Code Roots Fixup: 0.0ms
[260.500s][debug][gc,phases         ] GC(1446)     Clear Card Table: 0.2ms
[260.500s][debug][gc,phases         ] GC(1446)     Reference Processing: 0.0ms
[260.500s][debug][gc,phases,ref     ] GC(1446)       Reconsider SoftReferences: 0.0ms
[260.500s][debug][gc,phases,ref     ] GC(1446)         SoftRef (ms):             skipped
[260.500s][debug][gc,phases,ref     ] GC(1446)       Notify Soft/WeakReferences: 0.0ms
[260.500s][debug][gc,phases,ref     ] GC(1446)         SoftRef (ms):             skipped
[260.500s][debug][gc,phases,ref     ] GC(1446)         WeakRef (ms):             skipped
[260.500s][debug][gc,phases,ref     ] GC(1446)         FinalRef (ms):            skipped
[260.500s][debug][gc,phases,ref     ] GC(1446)         Total (ms):               skipped
[260.500s][debug][gc,phases,ref     ] GC(1446)       Notify and keep alive finalizable: 0.0ms
[260.500s][debug][gc,phases,ref     ] GC(1446)         FinalRef (ms):            skipped
[260.500s][debug][gc,phases,ref     ] GC(1446)       Notify PhantomReferences: 0.0ms
[260.500s][debug][gc,phases,ref     ] GC(1446)         PhantomRef (ms):          skipped
[260.500s][debug][gc,phases,ref     ] GC(1446)       SoftReference:
[260.500s][debug][gc,phases,ref     ] GC(1446)         Discovered: 0
[260.500s][debug][gc,phases,ref     ] GC(1446)         Cleared: 0
[260.500s][debug][gc,phases,ref     ] GC(1446)       WeakReference:
[260.500s][debug][gc,phases,ref     ] GC(1446)         Discovered: 0
[260.501s][debug][gc,phases,ref     ] GC(1446)         Cleared: 0
[260.501s][debug][gc,phases,ref     ] GC(1446)       FinalReference:
[260.501s][debug][gc,phases,ref     ] GC(1446)         Discovered: 0
[260.501s][debug][gc,phases,ref     ] GC(1446)         Cleared: 0
[260.501s][debug][gc,phases,ref     ] GC(1446)       PhantomReference:
[260.501s][debug][gc,phases,ref     ] GC(1446)         Discovered: 0
[260.501s][debug][gc,phases,ref     ] GC(1446)         Cleared: 0
[260.501s][debug][gc,phases         ] GC(1446)     Weak Processing: 0.1ms
[260.501s][debug][gc,phases         ] GC(1446)       JVMTI weak processing: 0.0ms
[260.501s][debug][gc,phases         ] GC(1446)         Dead: 0
[260.501s][debug][gc,phases         ] GC(1446)         Total: 0
[260.501s][debug][gc,phases         ] GC(1446)       JFR weak processing: 0.0ms
[260.501s][debug][gc,phases         ] GC(1446)         Dead: 0
[260.501s][debug][gc,phases         ] GC(1446)         Total: 0
[260.501s][debug][gc,phases         ] GC(1446)       JNI weak                  Min:  0.0, Avg:  0.0, Max:  0.0, Diff:  0.0, Sum:  0.0, Workers: 5
[260.501s][debug][gc,phases         ] GC(1446)         Dead                      Min: 0, Avg:  0.0, Max: 0, Diff: 0, Sum: 0, Workers: 5
[260.501s][debug][gc,phases         ] GC(1446)         Total                     Min: 0, Avg: 21.8, Max: 109, Diff: 109, Sum: 109, Workers: 5
[260.501s][debug][gc,phases         ] GC(1446)       VM weak                   Min:  0.0, Avg:  0.0, Max:  0.0, Diff:  0.0, Sum:  0.0, Workers: 5
[260.501s][debug][gc,phases         ] GC(1446)         Dead                      Min: 0, Avg:  0.0, Max: 0, Diff: 0, Sum: 0, Workers: 5
[260.501s][debug][gc,phases         ] GC(1446)         Total                     Min: 0, Avg: 42.6, Max: 213, Diff: 213, Sum: 213, Workers: 5
[260.501s][debug][gc,phases         ] GC(1446)       StringTable weak          Min:  0.0, Avg:  0.0, Max:  0.0, Diff:  0.0, Sum:  0.1, Workers: 5
[260.501s][debug][gc,phases         ] GC(1446)         Dead                      Min: 0, Avg:  0.0, Max: 0, Diff: 0, Sum: 0, Workers: 5
[260.501s][debug][gc,phases         ] GC(1446)         Total                     Min: 0, Avg: 721.8, Max: 1498, Diff: 1498, Sum: 3609, Workers: 5
[260.501s][debug][gc,phases         ] GC(1446)       ResolvedMethodTable weak  Min:  0.0, Avg:  0.0, Max:  0.0, Diff:  0.0, Sum:  0.0, Workers: 5
[260.501s][debug][gc,phases         ] GC(1446)         Dead                      Min: 0, Avg:  0.0, Max: 0, Diff: 0, Sum: 0, Workers: 5
[260.501s][debug][gc,phases         ] GC(1446)         Total                     Min: 0, Avg: 114.8, Max: 192, Diff: 192, Sum: 574, Workers: 5
[260.501s][debug][gc,phases         ] GC(1446)     Merge Per-Thread State: 0.0ms
[260.501s][debug][gc,phases         ] GC(1446)       Copied Bytes              Min: 400088, Avg: 550325.0, Max: 800320, Diff: 400232, Sum: 4402600, Workers: 8
[260.501s][debug][gc,phases         ] GC(1446)       LAB Waste                 Min: 0, Avg:  0.0, Max: 0, Diff: 0, Sum: 0, Workers: 8
[260.501s][debug][gc,phases         ] GC(1446)       LAB Undo Waste            Min: 0, Avg:  0.0, Max: 0, Diff: 0, Sum: 0, Workers: 8
[260.501s][debug][gc,phases         ] GC(1446)     Code Roots Purge: 0.0ms
[260.501s][debug][gc,phases         ] GC(1446)     Redirty Cards: 0.0ms
[260.501s][debug][gc,phases         ] GC(1446)     DerivedPointerTable Update: 0.0ms
[260.501s][debug][gc,phases         ] GC(1446)     Free Collection Set: 0.2ms
[260.501s][debug][gc,phases         ] GC(1446)     Rebuild Free List: 0.1ms
[260.501s][debug][gc,phases         ] GC(1446)     Humongous Reclaim: 0.0ms
[260.501s][debug][gc,phases         ] GC(1446)     Start New Collection Set: 0.0ms
[260.501s][debug][gc,phases         ] GC(1446)     Resize TLABs: 0.0ms
[260.501s][debug][gc,phases         ] GC(1446)     Expand Heap After Collection: 0.0ms
[260.501s][info ][gc,phases         ] GC(1446)   Other: 0.3ms
[260.501s][info ][gc,heap           ] GC(1446) Eden regions: 868->0(865)
[260.501s][info ][gc,heap           ] GC(1446) Survivor regions: 3->6(109)
[260.501s][info ][gc,heap           ] GC(1446) Old regions: 18->18
[260.501s][info ][gc,heap           ] GC(1446) Archive regions: 2->2
[260.501s][info ][gc,heap           ] GC(1446) Humongous regions: 0->0
[260.501s][info ][gc,metaspace      ] GC(1446) Metaspace: 10458K(11136K)->10458K(11136K) NonClass: 9309K(9728K)->9309K(9728K) Class: 1149K(1408K)->1149K(1408K)
[260.501s][debug][gc,heap           ] GC(1446) Heap after GC invocations=1447 (full 1): garbage-first heap   total 1486848K, used 23880K [0x0000000700000000, 0x0000000800000000)
[260.501s][debug][gc,heap           ] GC(1446)   region size 1024K, 6 young (6144K), 6 survivors (6144K)
[260.501s][debug][gc,heap           ] GC(1446)  Metaspace       used 10458K, capacity 10758K, committed 11136K, reserved 1058816K
[260.501s][debug][gc,heap           ] GC(1446)   class space    used 1149K, capacity 1267K, committed 1408K, reserved 1048576K
[260.501s][info ][gc                ] GC(1446) Pause Young (Normal) (G1 Evacuation Pause) 888M->23M(1452M) 2.262ms
[260.501s][info ][gc,cpu            ] GC(1446) User=0.00s Sys=0.00s Real=0.01s
[260.501s][info ][safepoint         ] Safepoint "G1CollectForAllocation", Time since last: 43216348 ns, Reaching safepoint: 225555 ns, At safepoint: 2430383 ns, Total: 2655938 ns
[260.544s][debug][gc,heap           ] GC(1447) Heap before GC invocations=1447 (full 1): garbage-first heap   total 1486848K, used 908616K [0x0000000700000000, 0x0000000800000000)
[260.544s][debug][gc,heap           ] GC(1447)   region size 1024K, 871 young (891904K), 6 survivors (6144K)
[260.544s][debug][gc,heap           ] GC(1447)  Metaspace       used 10458K, capacity 10758K, committed 11136K, reserved 1058816K
[260.544s][debug][gc,heap           ] GC(1447)   class space    used 1149K, capacity 1267K, committed 1408K, reserved 1048576K
[260.544s][info ][gc,start          ] GC(1447) Pause Young (Normal) (G1 Evacuation Pause)
[260.544s][info ][gc,task           ] GC(1447) Using 8 workers of 8 for evacuation
[260.544s][debug][gc,tlab           ] GC(1447) TLAB totals: thrds: 8  refills: 15 max: 3 slow allocs: 1723 max 230 waste: 26.6% gc: 1182040B max: 226200B slow: 84128B max: 15096B fast: 0B max: 0B
[260.544s][debug][gc,age            ] GC(1447) Desired survivor size 57147392 bytes, new threshold 15 (max threshold 15)
[260.544s][debug][gc,alloc,region   ] GC(1447) Mutator Allocation stats, regions: 865, wasted size: 202M (23.4%)
[260.544s][debug][gc,ergo           ] GC(1447) Running G1 Merge Heap Roots using 8 workers for 871 regions
[260.544s][debug][gc,remset         ] GC(1447) Visited cards 512 Total dirty 4096 (12.50%) Total old 3608576 (0.01%)
[260.545s][debug][gc,ergo           ] GC(1447) Running G1 Clear Card Table Task using 2 workers for 2 units of work for 873 regions.
[260.545s][debug][gc,ref            ] GC(1447) Skipped phase1 of Reference Processing due to unavailable references
[260.545s][debug][gc,ref            ] GC(1447) Skipped phase2 of Reference Processing due to unavailable references
[260.545s][debug][gc,ref            ] GC(1447) Skipped phase3 of Reference Processing due to unavailable references
[260.545s][debug][gc,ref            ] GC(1447) Skipped phase4 of Reference Processing due to unavailable references
[260.545s][debug][gc,ergo           ] GC(1447) Running G1 Free Collection Set using 8 workers for collection set length 871 (1452)
[260.545s][debug][gc,ergo           ] GC(1447) Running G1 Rebuild Free List Task using 8 workers for rebuilding free list of 0 (4096) regions
[260.545s][trace][gc,age            ] GC(1447) Age table with threshold 15 (max threshold 15)
[260.545s][trace][gc,age            ] GC(1447) - age   1:    2802552 bytes,    2802552 total
[260.545s][debug][gc,plab           ] GC(1447) Young PLAB allocation: allocated: 16512B, wasted: 0B, unused: 14064B, used: 2448B, undo waste: 0B, 
[260.545s][debug][gc,plab           ] GC(1447) Young other allocation: region end waste: 731184B, regions filled: 4, direct allocated: 2800104B, failure used: 0B, failure wasted: 0B
[260.545s][debug][gc,plab           ] GC(1447) Young sizing: calculated: 0B, actual: 2064B
[260.545s][debug][gc,plab           ] GC(1447) Old PLAB allocation: allocated: 0B, wasted: 0B, unused: 0B, used: 0B, undo waste: 0B, 
[260.545s][debug][gc,plab           ] GC(1447) Old other allocation: region end waste: 0B, regions filled: 1, direct allocated: 0B, failure used: 0B, failure wasted: 0B
[260.545s][debug][gc,plab           ] GC(1447) Old sizing: calculated: 0B, actual: 2064B
[260.545s][debug][gc,ihop           ] GC(1447) Basic information (value update), threshold: 685139558B (45.00), target occupancy: 1522532352B, current occupancy: 22352024B, recent allocation size: 0B, recent allocation duration: 43.91ms, recent old gen allocation rate: 0.00B/s, recent marking phase length: 38.29ms
[260.545s][debug][gc,ihop           ] GC(1447) Adaptive IHOP information (value update), threshold: 685139558B (47.37), internal target occupancy: 1446405734B, occupancy: 22352024B, additional buffer size: 913309696B, predicted old gen allocation rate: 3.77B/s, predicted marking phase length: 76.58ms, prediction active: false
[260.545s][debug][gc,ergo,refine    ] GC(1447) Concurrent refinement times: Logged Cards Scan time goal: 20.00ms Logged Cards Scan time: 0.00ms HCC time: 0.00ms
[260.545s][debug][gc,ergo,refine    ] GC(1447) Updated Refinement Zones: green: 2048, yellow: 6144, red: 10240
[260.545s][info ][gc,phases         ] GC(1447)   Pre Evacuate Collection Set: 0.1ms
[260.545s][debug][gc,phases         ] GC(1447)     Prepare TLABs: 0.0ms
[260.545s][debug][gc,phases         ] GC(1447)     Choose Collection Set: 0.0ms
[260.545s][debug][gc,phases         ] GC(1447)     Region Register: 0.1ms
[260.545s][debug][gc,phases         ] GC(1447)     Prepare Heap Roots: 0.0ms
[260.545s][info ][gc,phases         ] GC(1447)   Merge Heap Roots: 0.2ms
[260.545s][debug][gc,phases         ] GC(1447)     Prepare Merge Heap Roots: 0.0ms
[260.545s][debug][gc,phases         ] GC(1447)     Eager Reclaim (ms):       skipped
[260.545s][debug][gc,phases         ] GC(1447)     Remembered Sets (ms):     Min:  0.0, Avg:  0.0, Max:  0.1, Diff:  0.0, Sum:  0.3, Workers: 8
[260.545s][debug][gc,phases         ] GC(1447)       Merged Sparse:            Min: 0, Avg:  0.0, Max: 0, Diff: 0, Sum: 0, Workers: 8
[260.545s][debug][gc,phases         ] GC(1447)       Merged Fine:              Min: 0, Avg:  0.0, Max: 0, Diff: 0, Sum: 0, Workers: 8
[260.545s][debug][gc,phases         ] GC(1447)       Merged Coarse:            Min: 0, Avg:  0.0, Max: 0, Diff: 0, Sum: 0, Workers: 8
[260.545s][debug][gc,phases         ] GC(1447)       Dirty Cards:              Min: 0, Avg:  0.0, Max: 0, Diff: 0, Sum: 0, Workers: 8
[260.545s][debug][gc,phases         ] GC(1447)     Hot Card Cache (ms):      Min:  0.0, Avg:  0.0, Max:  0.0, Diff:  0.0, Sum:  0.0, Workers: 8
[260.545s][debug][gc,phases         ] GC(1447)       Dirty Cards:              Min: 0, Avg:  0.0, Max: 0, Diff: 0, Sum: 0, Workers: 8
[260.545s][debug][gc,phases         ] GC(1447)       Skipped Cards:            Min: 0, Avg:  0.0, Max: 0, Diff: 0, Sum: 0, Workers: 8
[260.546s][debug][gc,phases         ] GC(1447)     Log Buffers (ms):         Min:  0.0, Avg:  0.0, Max:  0.0, Diff:  0.0, Sum:  0.0, Workers: 8
[260.546s][debug][gc,phases         ] GC(1447)       Dirty Cards:              Min: 0, Avg:  0.2, Max: 2, Diff: 2, Sum: 2, Workers: 8
[260.546s][debug][gc,phases         ] GC(1447)       Skipped Cards:            Min: 0, Avg:  0.0, Max: 0, Diff: 0, Sum: 0, Workers: 8
[260.546s][info ][gc,phases         ] GC(1447)   Evacuate Collection Set: 0.4ms
[260.546s][debug][gc,phases         ] GC(1447)     Ext Root Scanning (ms):   Min:  0.1, Avg:  0.2, Max:  0.3, Diff:  0.2, Sum:  1.4, Workers: 8
[260.546s][debug][gc,phases         ] GC(1447)     Scan Heap Roots (ms):     Min:  0.0, Avg:  0.0, Max:  0.0, Diff:  0.0, Sum:  0.0, Workers: 8
[260.546s][debug][gc,phases         ] GC(1447)       Scanned Cards:            Min: 0, Avg:  0.2, Max: 2, Diff: 2, Sum: 2, Workers: 8
[260.546s][debug][gc,phases         ] GC(1447)       Scanned Blocks:           Min: 0, Avg:  0.2, Max: 2, Diff: 2, Sum: 2, Workers: 8
[260.546s][debug][gc,phases         ] GC(1447)       Claimed Chunks:           Min: 0, Avg:  0.2, Max: 2, Diff: 2, Sum: 2, Workers: 8
[260.546s][debug][gc,phases         ] GC(1447)     Code Root Scan (ms):      Min:  0.0, Avg:  0.0, Max:  0.0, Diff:  0.0, Sum:  0.1, Workers: 8
[260.546s][debug][gc,phases         ] GC(1447)     Object Copy (ms):         Min:  0.0, Avg:  0.0, Max:  0.0, Diff:  0.0, Sum:  0.0, Workers: 8
[260.546s][debug][gc,phases         ] GC(1447)     Termination (ms):         Min:  0.0, Avg:  0.1, Max:  0.1, Diff:  0.1, Sum:  0.5, Workers: 8
[260.546s][debug][gc,phases         ] GC(1447)       Termination Attempts:     Min: 1, Avg:  1.0, Max: 1, Diff: 0, Sum: 8, Workers: 8
[260.546s][debug][gc,phases         ] GC(1447)     GC Worker Other (ms):     Min:  0.0, Avg:  0.0, Max:  0.1, Diff:  0.1, Sum:  0.3, Workers: 8
[260.546s][debug][gc,phases         ] GC(1447)     GC Worker Total (ms):     Min:  0.3, Avg:  0.3, Max:  0.3, Diff:  0.0, Sum:  2.4, Workers: 8
[260.546s][info ][gc,phases         ] GC(1447)   Post Evacuate Collection Set: 0.5ms
[260.546s][debug][gc,phases         ] GC(1447)     Code Roots Fixup: 0.0ms
[260.546s][debug][gc,phases         ] GC(1447)     Clear Card Table: 0.2ms
[260.546s][debug][gc,phases         ] GC(1447)     Reference Processing: 0.0ms
[260.546s][debug][gc,phases,ref     ] GC(1447)       Reconsider SoftReferences: 0.0ms
[260.546s][debug][gc,phases,ref     ] GC(1447)         SoftRef (ms):             skipped
[260.546s][debug][gc,phases,ref     ] GC(1447)       Notify Soft/WeakReferences: 0.0ms
[260.546s][debug][gc,phases,ref     ] GC(1447)         SoftRef (ms):             skipped
[260.546s][debug][gc,phases,ref     ] GC(1447)         WeakRef (ms):             skipped
[260.546s][debug][gc,phases,ref     ] GC(1447)         FinalRef (ms):            skipped
[260.546s][debug][gc,phases,ref     ] GC(1447)         Total (ms):               skipped
[260.546s][debug][gc,phases,ref     ] GC(1447)       Notify and keep alive finalizable: 0.0ms
[260.546s][debug][gc,phases,ref     ] GC(1447)         FinalRef (ms):            skipped
[260.546s][debug][gc,phases,ref     ] GC(1447)       Notify PhantomReferences: 0.0ms
[260.546s][debug][gc,phases,ref     ] GC(1447)         PhantomRef (ms):          skipped
[260.546s][debug][gc,phases,ref     ] GC(1447)       SoftReference:
[260.546s][debug][gc,phases,ref     ] GC(1447)         Discovered: 0
[260.546s][debug][gc,phases,ref     ] GC(1447)         Cleared: 0
[260.546s][debug][gc,phases,ref     ] GC(1447)       WeakReference:
[260.546s][debug][gc,phases,ref     ] GC(1447)         Discovered: 0
[260.546s][debug][gc,phases,ref     ] GC(1447)         Cleared: 0
[260.546s][debug][gc,phases,ref     ] GC(1447)       FinalReference:
[260.546s][debug][gc,phases,ref     ] GC(1447)         Discovered: 0
[260.546s][debug][gc,phases,ref     ] GC(1447)         Cleared: 0
[260.546s][debug][gc,phases,ref     ] GC(1447)       PhantomReference:
[260.546s][debug][gc,phases,ref     ] GC(1447)         Discovered: 0
[260.546s][debug][gc,phases,ref     ] GC(1447)         Cleared: 0
[260.546s][debug][gc,phases         ] GC(1447)     Weak Processing: 0.0ms
[260.546s][debug][gc,phases         ] GC(1447)       JVMTI weak processing: 0.0ms
[260.546s][debug][gc,phases         ] GC(1447)         Dead: 0
[260.546s][debug][gc,phases         ] GC(1447)         Total: 0
[260.546s][debug][gc,phases         ] GC(1447)       JFR weak processing: 0.0ms
[260.546s][debug][gc,phases         ] GC(1447)         Dead: 0
[260.546s][debug][gc,phases         ] GC(1447)         Total: 0
[260.546s][debug][gc,phases         ] GC(1447)       JNI weak                  Min:  0.0, Avg:  0.0, Max:  0.0, Diff:  0.0, Sum:  0.0, Workers: 5
[260.546s][debug][gc,phases         ] GC(1447)         Dead                      Min: 0, Avg:  0.0, Max: 0, Diff: 0, Sum: 0, Workers: 5
[260.546s][debug][gc,phases         ] GC(1447)         Total                     Min: 0, Avg: 21.8, Max: 64, Diff: 64, Sum: 109, Workers: 5
[260.546s][debug][gc,phases         ] GC(1447)       VM weak                   Min:  0.0, Avg:  0.0, Max:  0.0, Diff:  0.0, Sum:  0.0, Workers: 5
[260.546s][debug][gc,phases         ] GC(1447)         Dead                      Min: 0, Avg:  0.0, Max: 0, Diff: 0, Sum: 0, Workers: 5
[260.546s][debug][gc,phases         ] GC(1447)         Total                     Min: 0, Avg: 42.6, Max: 64, Diff: 64, Sum: 213, Workers: 5
[260.546s][debug][gc,phases         ] GC(1447)       StringTable weak          Min:  0.0, Avg:  0.0, Max:  0.0, Diff:  0.0, Sum:  0.1, Workers: 5
[260.546s][debug][gc,phases         ] GC(1447)         Dead                      Min: 0, Avg:  0.0, Max: 0, Diff: 0, Sum: 0, Workers: 5
[260.546s][debug][gc,phases         ] GC(1447)         Total                     Min: 0, Avg: 721.8, Max: 960, Diff: 960, Sum: 3609, Workers: 5
[260.546s][debug][gc,phases         ] GC(1447)       ResolvedMethodTable weak  Min:  0.0, Avg:  0.0, Max:  0.0, Diff:  0.0, Sum:  0.0, Workers: 5
[260.546s][debug][gc,phases         ] GC(1447)         Dead                      Min: 0, Avg:  0.0, Max: 0, Diff: 0, Sum: 0, Workers: 5
[260.546s][debug][gc,phases         ] GC(1447)         Total                     Min: 0, Avg: 114.8, Max: 190, Diff: 190, Sum: 574, Workers: 5
[260.546s][debug][gc,phases         ] GC(1447)     Merge Per-Thread State: 0.0ms
[260.546s][debug][gc,phases         ] GC(1447)       Copied Bytes              Min: 72, Avg: 350319.0, Max: 800320, Diff: 800248, Sum: 2802552, Workers: 8
[260.546s][debug][gc,phases         ] GC(1447)       LAB Waste                 Min: 0, Avg:  0.0, Max: 0, Diff: 0, Sum: 0, Workers: 8
[260.546s][debug][gc,phases         ] GC(1447)       LAB Undo Waste            Min: 0, Avg:  0.0, Max: 0, Diff: 0, Sum: 0, Workers: 8
[260.546s][debug][gc,phases         ] GC(1447)     Code Roots Purge: 0.0ms
[260.546s][debug][gc,phases         ] GC(1447)     Redirty Cards: 0.0ms
[260.546s][debug][gc,phases         ] GC(1447)     DerivedPointerTable Update: 0.0ms
[260.546s][debug][gc,phases         ] GC(1447)     Free Collection Set: 0.2ms
[260.546s][debug][gc,phases         ] GC(1447)     Rebuild Free List: 0.1ms
[260.546s][debug][gc,phases         ] GC(1447)     Humongous Reclaim: 0.0ms
[260.546s][debug][gc,phases         ] GC(1447)     Start New Collection Set: 0.0ms
[260.546s][debug][gc,phases         ] GC(1447)     Resize TLABs: 0.0ms
[260.546s][debug][gc,phases         ] GC(1447)     Expand Heap After Collection: 0.0ms
[260.546s][info ][gc,phases         ] GC(1447)   Other: 0.3ms
[260.546s][info ][gc,heap           ] GC(1447) Eden regions: 865->0(867)
[260.546s][info ][gc,heap           ] GC(1447) Survivor regions: 6->4(109)
[260.546s][info ][gc,heap           ] GC(1447) Old regions: 18->18
[260.546s][info ][gc,heap           ] GC(1447) Archive regions: 2->2
[260.546s][info ][gc,heap           ] GC(1447) Humongous regions: 0->0
[260.546s][info ][gc,metaspace      ] GC(1447) Metaspace: 10458K(11136K)->10458K(11136K) NonClass: 9309K(9728K)->9309K(9728K) Class: 1149K(1408K)->1149K(1408K)
[260.546s][debug][gc,heap           ] GC(1447) Heap after GC invocations=1448 (full 1): garbage-first heap   total 1486848K, used 21828K [0x0000000700000000, 0x0000000800000000)
[260.546s][debug][gc,heap           ] GC(1447)   region size 1024K, 4 young (4096K), 4 survivors (4096K)
[260.546s][debug][gc,heap           ] GC(1447)  Metaspace       used 10458K, capacity 10758K, committed 11136K, reserved 1058816K
[260.546s][debug][gc,heap           ] GC(1447)   class space    used 1149K, capacity 1267K, committed 1408K, reserved 1048576K
[260.546s][info ][gc                ] GC(1447) Pause Young (Normal) (G1 Evacuation Pause) 888M->21M(1452M) 2.063ms
[260.546s][info ][gc,cpu            ] GC(1447) User=0.00s Sys=0.00s Real=0.00s
[260.546s][info ][safepoint         ] Safepoint "G1CollectForAllocation", Time since last: 42825873 ns, Reaching safepoint: 138094 ns, At safepoint: 2226710 ns, Total: 2364804 ns
[260.591s][debug][gc,heap           ] GC(1448) Heap before GC invocations=1448 (full 1): garbage-first heap   total 1486848K, used 908612K [0x0000000700000000, 0x0000000800000000)
[260.591s][debug][gc,heap           ] GC(1448)   region size 1024K, 871 young (891904K), 4 survivors (4096K)
[260.591s][debug][gc,heap           ] GC(1448)  Metaspace       used 10458K, capacity 10758K, committed 11136K, reserved 1058816K
[260.591s][debug][gc,heap           ] GC(1448)   class space    used 1149K, capacity 1267K, committed 1408K, reserved 1048576K
[260.591s][info ][gc,start          ] GC(1448) Pause Young (Normal) (G1 Evacuation Pause)
[260.591s][info ][gc,task           ] GC(1448) Using 8 workers of 8 for evacuation
[260.591s][debug][gc,tlab           ] GC(1448) TLAB totals: thrds: 8  refills: 14 max: 3 slow allocs: 1726 max 238 waste: 22.6% gc: 962960B max: 212752B slow: 58800B max: 15488B fast: 0B max: 0B
[260.591s][debug][gc,age            ] GC(1448) Desired survivor size 57147392 bytes, new threshold 15 (max threshold 15)
[260.591s][debug][gc,alloc,region   ] GC(1448) Mutator Allocation stats, regions: 867, wasted size: 203M (23.4%)
[260.591s][debug][gc,ergo           ] GC(1448) Running G1 Merge Heap Roots using 8 workers for 871 regions
[260.591s][debug][gc,remset         ] GC(1448) Visited cards 256 Total dirty 2048 (12.50%) Total old 3608576 (0.01%)
[260.591s][debug][gc,ergo           ] GC(1448) Running G1 Clear Card Table Task using 2 workers for 2 units of work for 872 regions.
[260.592s][debug][gc,ref            ] GC(1448) Skipped phase1 of Reference Processing due to unavailable references
[260.592s][debug][gc,ref            ] GC(1448) Skipped phase2 of Reference Processing due to unavailable references
[260.592s][debug][gc,ref            ] GC(1448) Skipped phase3 of Reference Processing due to unavailable references
[260.592s][debug][gc,ref            ] GC(1448) Skipped phase4 of Reference Processing due to unavailable references
[260.592s][debug][gc,ergo           ] GC(1448) Running G1 Free Collection Set using 8 workers for collection set length 871 (1452)
[260.592s][debug][gc,ergo           ] GC(1448) Running G1 Rebuild Free List Task using 8 workers for rebuilding free list of 0 (4096) regions
[260.592s][trace][gc,age            ] GC(1448) Age table with threshold 15 (max threshold 15)
[260.592s][trace][gc,age            ] GC(1448) - age   1:    3602560 bytes,    3602560 total
[260.592s][debug][gc,plab           ] GC(1448) Young PLAB allocation: allocated: 16512B, wasted: 0B, unused: 14064B, used: 2448B, undo waste: 0B, 
[260.592s][debug][gc,plab           ] GC(1448) Young other allocation: region end waste: 985944B, regions filled: 5, direct allocated: 3600112B, failure used: 0B, failure wasted: 0B
[260.592s][debug][gc,plab           ] GC(1448) Young sizing: calculated: 0B, actual: 2064B
[260.592s][debug][gc,plab           ] GC(1448) Old PLAB allocation: allocated: 0B, wasted: 0B, unused: 0B, used: 0B, undo waste: 0B, 
[260.592s][debug][gc,plab           ] GC(1448) Old other allocation: region end waste: 0B, regions filled: 1, direct allocated: 0B, failure used: 0B, failure wasted: 0B
[260.592s][debug][gc,plab           ] GC(1448) Old sizing: calculated: 0B, actual: 2064B
[260.592s][debug][gc,ihop           ] GC(1448) Basic information (value update), threshold: 685139558B (45.00), target occupancy: 1522532352B, current occupancy: 23406792B, recent allocation size: 0B, recent allocation duration: 45.34ms, recent old gen allocation rate: 0.00B/s, recent marking phase length: 38.29ms
[260.592s][debug][gc,ihop           ] GC(1448) Adaptive IHOP information (value update), threshold: 685139558B (47.37), internal target occupancy: 1446405734B, occupancy: 23406792B, additional buffer size: 913309696B, predicted old gen allocation rate: 3.67B/s, predicted marking phase length: 76.58ms, prediction active: false
[260.592s][debug][gc,ergo,refine    ] GC(1448) Concurrent refinement times: Logged Cards Scan time goal: 20.00ms Logged Cards Scan time: 0.00ms HCC time: 0.00ms
[260.592s][debug][gc,ergo,refine    ] GC(1448) Updated Refinement Zones: green: 2048, yellow: 6144, red: 10240
[260.592s][info ][gc,phases         ] GC(1448)   Pre Evacuate Collection Set: 0.1ms
[260.592s][debug][gc,phases         ] GC(1448)     Prepare TLABs: 0.0ms
[260.592s][debug][gc,phases         ] GC(1448)     Choose Collection Set: 0.0ms
[260.592s][debug][gc,phases         ] GC(1448)     Region Register: 0.1ms
[260.592s][debug][gc,phases         ] GC(1448)     Prepare Heap Roots: 0.0ms
[260.592s][info ][gc,phases         ] GC(1448)   Merge Heap Roots: 0.1ms
[260.592s][debug][gc,phases         ] GC(1448)     Prepare Merge Heap Roots: 0.0ms
[260.592s][debug][gc,phases         ] GC(1448)     Eager Reclaim (ms):       skipped
[260.592s][debug][gc,phases         ] GC(1448)     Remembered Sets (ms):     Min:  0.0, Avg:  0.0, Max:  0.0, Diff:  0.0, Sum:  0.2, Workers: 8
[260.592s][debug][gc,phases         ] GC(1448)       Merged Sparse:            Min: 0, Avg:  0.0, Max: 0, Diff: 0, Sum: 0, Workers: 8
[260.592s][debug][gc,phases         ] GC(1448)       Merged Fine:              Min: 0, Avg:  0.0, Max: 0, Diff: 0, Sum: 0, Workers: 8
[260.592s][debug][gc,phases         ] GC(1448)       Merged Coarse:            Min: 0, Avg:  0.0, Max: 0, Diff: 0, Sum: 0, Workers: 8
[260.592s][debug][gc,phases         ] GC(1448)       Dirty Cards:              Min: 0, Avg:  0.0, Max: 0, Diff: 0, Sum: 0, Workers: 8
[260.592s][debug][gc,phases         ] GC(1448)     Hot Card Cache (ms):      Min:  0.0, Avg:  0.0, Max:  0.0, Diff:  0.0, Sum:  0.0, Workers: 8
[260.592s][debug][gc,phases         ] GC(1448)       Dirty Cards:              Min: 0, Avg:  0.0, Max: 0, Diff: 0, Sum: 0, Workers: 8
[260.592s][debug][gc,phases         ] GC(1448)       Skipped Cards:            Min: 0, Avg:  0.0, Max: 0, Diff: 0, Sum: 0, Workers: 8
[260.592s][debug][gc,phases         ] GC(1448)     Log Buffers (ms):         Min:  0.0, Avg:  0.0, Max:  0.0, Diff:  0.0, Sum:  0.0, Workers: 8
[260.592s][debug][gc,phases         ] GC(1448)       Dirty Cards:              Min: 0, Avg:  0.1, Max: 1, Diff: 1, Sum: 1, Workers: 8
[260.592s][debug][gc,phases         ] GC(1448)       Skipped Cards:            Min: 0, Avg:  0.0, Max: 0, Diff: 0, Sum: 0, Workers: 8
[260.592s][info ][gc,phases         ] GC(1448)   Evacuate Collection Set: 0.4ms
[260.592s][debug][gc,phases         ] GC(1448)     Ext Root Scanning (ms):   Min:  0.0, Avg:  0.2, Max:  0.3, Diff:  0.3, Sum:  1.5, Workers: 8
[260.592s][debug][gc,phases         ] GC(1448)     Scan Heap Roots (ms):     Min:  0.0, Avg:  0.0, Max:  0.0, Diff:  0.0, Sum:  0.0, Workers: 8
[260.592s][debug][gc,phases         ] GC(1448)       Scanned Cards:            Min: 0, Avg:  0.1, Max: 1, Diff: 1, Sum: 1, Workers: 8
[260.592s][debug][gc,phases         ] GC(1448)       Scanned Blocks:           Min: 0, Avg:  0.1, Max: 1, Diff: 1, Sum: 1, Workers: 8
[260.592s][debug][gc,phases         ] GC(1448)       Claimed Chunks:           Min: 0, Avg:  0.1, Max: 1, Diff: 1, Sum: 1, Workers: 8
[260.592s][debug][gc,phases         ] GC(1448)     Code Root Scan (ms):      Min:  0.0, Avg:  0.0, Max:  0.0, Diff:  0.0, Sum:  0.1, Workers: 8
[260.592s][debug][gc,phases         ] GC(1448)     Object Copy (ms):         Min:  0.0, Avg:  0.0, Max:  0.0, Diff:  0.0, Sum:  0.0, Workers: 8
[260.592s][debug][gc,phases         ] GC(1448)     Termination (ms):         Min:  0.0, Avg:  0.1, Max:  0.2, Diff:  0.2, Sum:  0.8, Workers: 8
[260.592s][debug][gc,phases         ] GC(1448)       Termination Attempts:     Min: 1, Avg:  1.4, Max: 2, Diff: 1, Sum: 11, Workers: 8
[260.592s][debug][gc,phases         ] GC(1448)     GC Worker Other (ms):     Min:  0.0, Avg:  0.0, Max:  0.1, Diff:  0.1, Sum:  0.3, Workers: 8
[260.592s][debug][gc,phases         ] GC(1448)     GC Worker Total (ms):     Min:  0.3, Avg:  0.4, Max:  0.4, Diff:  0.0, Sum:  2.9, Workers: 8
[260.592s][info ][gc,phases         ] GC(1448)   Post Evacuate Collection Set: 0.6ms
[260.592s][debug][gc,phases         ] GC(1448)     Code Roots Fixup: 0.0ms
[260.592s][debug][gc,phases         ] GC(1448)     Clear Card Table: 0.2ms
[260.592s][debug][gc,phases         ] GC(1448)     Reference Processing: 0.0ms
[260.592s][debug][gc,phases,ref     ] GC(1448)       Reconsider SoftReferences: 0.0ms
[260.592s][debug][gc,phases,ref     ] GC(1448)         SoftRef (ms):             skipped
[260.592s][debug][gc,phases,ref     ] GC(1448)       Notify Soft/WeakReferences: 0.0ms
[260.592s][debug][gc,phases,ref     ] GC(1448)         SoftRef (ms):             skipped
[260.592s][debug][gc,phases,ref     ] GC(1448)         WeakRef (ms):             skipped
[260.592s][debug][gc,phases,ref     ] GC(1448)         FinalRef (ms):            skipped
[260.592s][debug][gc,phases,ref     ] GC(1448)         Total (ms):               skipped
[260.592s][debug][gc,phases,ref     ] GC(1448)       Notify and keep alive finalizable: 0.0ms
[260.592s][debug][gc,phases,ref     ] GC(1448)         FinalRef (ms):            skipped
[260.592s][debug][gc,phases,ref     ] GC(1448)       Notify PhantomReferences: 0.0ms
[260.592s][debug][gc,phases,ref     ] GC(1448)         PhantomRef (ms):          skipped
[260.592s][debug][gc,phases,ref     ] GC(1448)       SoftReference:
[260.592s][debug][gc,phases,ref     ] GC(1448)         Discovered: 0
[260.592s][debug][gc,phases,ref     ] GC(1448)         Cleared: 0
[260.592s][debug][gc,phases,ref     ] GC(1448)       WeakReference:
[260.592s][debug][gc,phases,ref     ] GC(1448)         Discovered: 0
[260.592s][debug][gc,phases,ref     ] GC(1448)         Cleared: 0
[260.592s][debug][gc,phases,ref     ] GC(1448)       FinalReference:
[260.592s][debug][gc,phases,ref     ] GC(1448)         Discovered: 0
[260.592s][debug][gc,phases,ref     ] GC(1448)         Cleared: 0
[260.592s][debug][gc,phases,ref     ] GC(1448)       PhantomReference:
[260.592s][debug][gc,phases,ref     ] GC(1448)         Discovered: 0
[260.592s][debug][gc,phases,ref     ] GC(1448)         Cleared: 0
[260.592s][debug][gc,phases         ] GC(1448)     Weak Processing: 0.1ms
[260.592s][debug][gc,phases         ] GC(1448)       JVMTI weak processing: 0.0ms
[260.592s][debug][gc,phases         ] GC(1448)         Dead: 0
[260.593s][debug][gc,phases         ] GC(1448)         Total: 0
[260.593s][debug][gc,phases         ] GC(1448)       JFR weak processing: 0.0ms
[260.593s][debug][gc,phases         ] GC(1448)         Dead: 0
[260.593s][debug][gc,phases         ] GC(1448)         Total: 0
[260.593s][debug][gc,phases         ] GC(1448)       JNI weak                  Min:  0.0, Avg:  0.0, Max:  0.0, Diff:  0.0, Sum:  0.0, Workers: 5
[260.593s][debug][gc,phases         ] GC(1448)         Dead                      Min: 0, Avg:  0.0, Max: 0, Diff: 0, Sum: 0, Workers: 5
[260.593s][debug][gc,phases         ] GC(1448)         Total                     Min: 0, Avg: 21.8, Max: 64, Diff: 64, Sum: 109, Workers: 5
[260.593s][debug][gc,phases         ] GC(1448)       VM weak                   Min:  0.0, Avg:  0.0, Max:  0.0, Diff:  0.0, Sum:  0.0, Workers: 5
[260.593s][debug][gc,phases         ] GC(1448)         Dead                      Min: 0, Avg:  0.0, Max: 0, Diff: 0, Sum: 0, Workers: 5
[260.593s][debug][gc,phases         ] GC(1448)         Total                     Min: 0, Avg: 42.6, Max: 128, Diff: 128, Sum: 213, Workers: 5
[260.593s][debug][gc,phases         ] GC(1448)       StringTable weak          Min:  0.0, Avg:  0.0, Max:  0.0, Diff:  0.0, Sum:  0.1, Workers: 5
[260.593s][debug][gc,phases         ] GC(1448)         Dead                      Min: 0, Avg:  0.0, Max: 0, Diff: 0, Sum: 0, Workers: 5
[260.593s][debug][gc,phases         ] GC(1448)         Total                     Min: 0, Avg: 721.8, Max: 1728, Diff: 1728, Sum: 3609, Workers: 5
[260.593s][debug][gc,phases         ] GC(1448)       ResolvedMethodTable weak  Min:  0.0, Avg:  0.0, Max:  0.0, Diff:  0.0, Sum:  0.0, Workers: 5
[260.593s][debug][gc,phases         ] GC(1448)         Dead                      Min: 0, Avg:  0.0, Max: 0, Diff: 0, Sum: 0, Workers: 5
[260.593s][debug][gc,phases         ] GC(1448)         Total                     Min: 0, Avg: 114.8, Max: 192, Diff: 192, Sum: 574, Workers: 5
[260.593s][debug][gc,phases         ] GC(1448)     Merge Per-Thread State: 0.0ms
[260.593s][debug][gc,phases         ] GC(1448)       Copied Bytes              Min: 72, Avg: 450320.0, Max: 800320, Diff: 800248, Sum: 3602560, Workers: 8
[260.593s][debug][gc,phases         ] GC(1448)       LAB Waste                 Min: 0, Avg:  0.0, Max: 0, Diff: 0, Sum: 0, Workers: 8
[260.593s][debug][gc,phases         ] GC(1448)       LAB Undo Waste            Min: 0, Avg:  0.0, Max: 0, Diff: 0, Sum: 0, Workers: 8
[260.593s][debug][gc,phases         ] GC(1448)     Code Roots Purge: 0.0ms
[260.593s][debug][gc,phases         ] GC(1448)     Redirty Cards: 0.0ms
[260.593s][debug][gc,phases         ] GC(1448)     DerivedPointerTable Update: 0.0ms
[260.593s][debug][gc,phases         ] GC(1448)     Free Collection Set: 0.2ms
[260.593s][debug][gc,phases         ] GC(1448)     Rebuild Free List: 0.1ms
[260.593s][debug][gc,phases         ] GC(1448)     Humongous Reclaim: 0.0ms
[260.593s][debug][gc,phases         ] GC(1448)     Start New Collection Set: 0.0ms
[260.593s][debug][gc,phases         ] GC(1448)     Resize TLABs: 0.0ms
[260.593s][debug][gc,phases         ] GC(1448)     Expand Heap After Collection: 0.0ms
[260.593s][info ][gc,phases         ] GC(1448)   Other: 0.3ms
[260.593s][info ][gc,heap           ] GC(1448) Eden regions: 867->0(866)
[260.593s][info ][gc,heap           ] GC(1448) Survivor regions: 4->5(109)
[260.593s][info ][gc,heap           ] GC(1448) Old regions: 18->18
[260.593s][info ][gc,heap           ] GC(1448) Archive regions: 2->2
[260.593s][info ][gc,heap           ] GC(1448) Humongous regions: 0->0
[260.593s][info ][gc,metaspace      ] GC(1448) Metaspace: 10458K(11136K)->10458K(11136K) NonClass: 9309K(9728K)->9309K(9728K) Class: 1149K(1408K)->1149K(1408K)
[260.593s][debug][gc,heap           ] GC(1448) Heap after GC invocations=1449 (full 1): garbage-first heap   total 1486848K, used 22858K [0x0000000700000000, 0x0000000800000000)
[260.593s][debug][gc,heap           ] GC(1448)   region size 1024K, 5 young (5120K), 5 survivors (5120K)
[260.593s][debug][gc,heap           ] GC(1448)  Metaspace       used 10458K, capacity 10758K, committed 11136K, reserved 1058816K
[260.593s][debug][gc,heap           ] GC(1448)   class space    used 1149K, capacity 1267K, committed 1408K, reserved 1048576K
[260.593s][info ][gc                ] GC(1448) Pause Young (Normal) (G1 Evacuation Pause) 888M->22M(1452M) 2.101ms
[260.593s][info ][gc,cpu            ] GC(1448) User=0.01s Sys=0.00s Real=0.00s
[260.593s][info ][safepoint         ] Safepoint "G1CollectForAllocation", Time since last: 44166681 ns, Reaching safepoint: 286988 ns, At safepoint: 2273155 ns, Total: 2560143 ns
[260.639s][debug][gc,heap           ] GC(1449) Heap before GC invocations=1449 (full 1): garbage-first heap   total 1486848K, used 908618K [0x0000000700000000, 0x0000000800000000)
[260.639s][debug][gc,heap           ] GC(1449)   region size 1024K, 871 young (891904K), 5 survivors (5120K)
[260.639s][debug][gc,heap           ] GC(1449)  Metaspace       used 10458K, capacity 10758K, committed 11136K, reserved 1058816K
[260.639s][debug][gc,heap           ] GC(1449)   class space    used 1149K, capacity 1267K, committed 1408K, reserved 1048576K
[260.639s][info ][gc,start          ] GC(1449) Pause Young (Normal) (G1 Evacuation Pause)
[260.639s][info ][gc,task           ] GC(1449) Using 8 workers of 8 for evacuation
[260.639s][debug][gc,tlab           ] GC(1449) TLAB totals: thrds: 8  refills: 12 max: 2 slow allocs: 1726 max 256 waste: 24.7% gc: 962968B max: 235920B slow: 54632B max: 14304B fast: 0B max: 0B
[260.639s][debug][gc,age            ] GC(1449) Desired survivor size 57147392 bytes, new threshold 15 (max threshold 15)
[260.639s][debug][gc,alloc,region   ] GC(1449) Mutator Allocation stats, regions: 866, wasted size: 203M (23.4%)
[260.639s][debug][gc,ergo           ] GC(1449) Running G1 Merge Heap Roots using 8 workers for 871 regions
[260.639s][debug][gc,remset         ] GC(1449) Visited cards 512 Total dirty 4096 (12.50%) Total old 3608576 (0.01%)
[260.640s][debug][gc,ergo           ] GC(1449) Running G1 Clear Card Table Task using 2 workers for 2 units of work for 873 regions.
[260.640s][debug][gc,ref            ] GC(1449) Skipped phase1 of Reference Processing due to unavailable references
[260.640s][debug][gc,ref            ] GC(1449) Skipped phase2 of Reference Processing due to unavailable references
[260.640s][debug][gc,ref            ] GC(1449) Skipped phase3 of Reference Processing due to unavailable references
[260.640s][debug][gc,ref            ] GC(1449) Skipped phase4 of Reference Processing due to unavailable references
[260.640s][debug][gc,ergo           ] GC(1449) Running G1 Free Collection Set using 8 workers for collection set length 871 (1452)
[260.640s][debug][gc,ergo           ] GC(1449) Running G1 Rebuild Free List Task using 8 workers for rebuilding free list of 0 (4096) regions
[260.641s][trace][gc,age            ] GC(1449) Age table with threshold 15 (max threshold 15)
[260.641s][trace][gc,age            ] GC(1449) - age   1:    2802560 bytes,    2802560 total
[260.641s][debug][gc,plab           ] GC(1449) Young PLAB allocation: allocated: 16512B, wasted: 0B, unused: 14064B, used: 2448B, undo waste: 0B, 
[260.641s][debug][gc,plab           ] GC(1449) Young other allocation: region end waste: 729120B, regions filled: 4, direct allocated: 2800112B, failure used: 0B, failure wasted: 0B
[260.641s][debug][gc,plab           ] GC(1449) Young sizing: calculated: 0B, actual: 2064B
[260.641s][debug][gc,plab           ] GC(1449) Old PLAB allocation: allocated: 0B, wasted: 0B, unused: 0B, used: 0B, undo waste: 0B, 
[260.641s][debug][gc,plab           ] GC(1449) Old other allocation: region end waste: 0B, regions filled: 1, direct allocated: 0B, failure used: 0B, failure wasted: 0B
[260.641s][debug][gc,plab           ] GC(1449) Old sizing: calculated: 0B, actual: 2064B
[260.641s][debug][gc,ihop           ] GC(1449) Basic information (value update), threshold: 685139558B (45.00), target occupancy: 1522532352B, current occupancy: 22349968B, recent allocation size: 0B, recent allocation duration: 47.08ms, recent old gen allocation rate: 0.00B/s, recent marking phase length: 38.29ms
[260.641s][debug][gc,ihop           ] GC(1449) Adaptive IHOP information (value update), threshold: 685139558B (47.37), internal target occupancy: 1446405734B, occupancy: 22349968B, additional buffer size: 913309696B, predicted old gen allocation rate: 3.58B/s, predicted marking phase length: 76.58ms, prediction active: false
[260.641s][debug][gc,ergo,refine    ] GC(1449) Concurrent refinement times: Logged Cards Scan time goal: 20.00ms Logged Cards Scan time: 0.00ms HCC time: 0.00ms
[260.641s][debug][gc,ergo,refine    ] GC(1449) Updated Refinement Zones: green: 2048, yellow: 6144, red: 10240
[260.641s][info ][gc,phases         ] GC(1449)   Pre Evacuate Collection Set: 0.1ms
[260.641s][debug][gc,phases         ] GC(1449)     Prepare TLABs: 0.0ms
[260.641s][debug][gc,phases         ] GC(1449)     Choose Collection Set: 0.0ms
[260.641s][debug][gc,phases         ] GC(1449)     Region Register: 0.1ms
[260.641s][debug][gc,phases         ] GC(1449)     Prepare Heap Roots: 0.0ms
[260.641s][info ][gc,phases         ] GC(1449)   Merge Heap Roots: 0.1ms
[260.641s][debug][gc,phases         ] GC(1449)     Prepare Merge Heap Roots: 0.0ms
[260.641s][debug][gc,phases         ] GC(1449)     Eager Reclaim (ms):       skipped
[260.641s][debug][gc,phases         ] GC(1449)     Remembered Sets (ms):     Min:  0.0, Avg:  0.0, Max:  0.1, Diff:  0.0, Sum:  0.4, Workers: 8
[260.641s][debug][gc,phases         ] GC(1449)       Merged Sparse:            Min: 0, Avg:  0.0, Max: 0, Diff: 0, Sum: 0, Workers: 8
[260.641s][debug][gc,phases         ] GC(1449)       Merged Fine:              Min: 0, Avg:  0.0, Max: 0, Diff: 0, Sum: 0, Workers: 8
[260.641s][debug][gc,phases         ] GC(1449)       Merged Coarse:            Min: 0, Avg:  0.0, Max: 0, Diff: 0, Sum: 0, Workers: 8
[260.641s][debug][gc,phases         ] GC(1449)       Dirty Cards:              Min: 0, Avg:  0.0, Max: 0, Diff: 0, Sum: 0, Workers: 8
[260.641s][debug][gc,phases         ] GC(1449)     Hot Card Cache (ms):      Min:  0.0, Avg:  0.0, Max:  0.0, Diff:  0.0, Sum:  0.0, Workers: 8
[260.641s][debug][gc,phases         ] GC(1449)       Dirty Cards:              Min: 0, Avg:  0.0, Max: 0, Diff: 0, Sum: 0, Workers: 8
[260.641s][debug][gc,phases         ] GC(1449)       Skipped Cards:            Min: 0, Avg:  0.0, Max: 0, Diff: 0, Sum: 0, Workers: 8
[260.641s][debug][gc,phases         ] GC(1449)     Log Buffers (ms):         Min:  0.0, Avg:  0.0, Max:  0.0, Diff:  0.0, Sum:  0.0, Workers: 8
[260.641s][debug][gc,phases         ] GC(1449)       Dirty Cards:              Min: 0, Avg:  0.2, Max: 1, Diff: 1, Sum: 2, Workers: 8
[260.641s][debug][gc,phases         ] GC(1449)       Skipped Cards:            Min: 0, Avg:  0.0, Max: 0, Diff: 0, Sum: 0, Workers: 8
[260.641s][info ][gc,phases         ] GC(1449)   Evacuate Collection Set: 0.4ms
[260.641s][debug][gc,phases         ] GC(1449)     Ext Root Scanning (ms):   Min:  0.2, Avg:  0.2, Max:  0.2, Diff:  0.1, Sum:  1.5, Workers: 8
[260.641s][debug][gc,phases         ] GC(1449)     Scan Heap Roots (ms):     Min:  0.0, Avg:  0.0, Max:  0.0, Diff:  0.0, Sum:  0.0, Workers: 8
[260.641s][debug][gc,phases         ] GC(1449)       Scanned Cards:            Min: 0, Avg:  0.2, Max: 1, Diff: 1, Sum: 2, Workers: 8
[260.641s][debug][gc,phases         ] GC(1449)       Scanned Blocks:           Min: 0, Avg:  0.2, Max: 1, Diff: 1, Sum: 2, Workers: 8
[260.641s][debug][gc,phases         ] GC(1449)       Claimed Chunks:           Min: 0, Avg:  0.2, Max: 1, Diff: 1, Sum: 2, Workers: 8
[260.641s][debug][gc,phases         ] GC(1449)     Code Root Scan (ms):      Min:  0.0, Avg:  0.0, Max:  0.0, Diff:  0.0, Sum:  0.1, Workers: 8
[260.641s][debug][gc,phases         ] GC(1449)     Object Copy (ms):         Min:  0.0, Avg:  0.0, Max:  0.0, Diff:  0.0, Sum:  0.0, Workers: 8
[260.641s][debug][gc,phases         ] GC(1449)     Termination (ms):         Min:  0.0, Avg:  0.0, Max:  0.1, Diff:  0.0, Sum:  0.4, Workers: 8
[260.641s][debug][gc,phases         ] GC(1449)       Termination Attempts:     Min: 1, Avg:  1.0, Max: 1, Diff: 0, Sum: 8, Workers: 8
[260.641s][debug][gc,phases         ] GC(1449)     GC Worker Other (ms):     Min:  0.0, Avg:  0.1, Max:  0.1, Diff:  0.0, Sum:  0.4, Workers: 8
[260.641s][debug][gc,phases         ] GC(1449)     GC Worker Total (ms):     Min:  0.3, Avg:  0.3, Max:  0.3, Diff:  0.1, Sum:  2.5, Workers: 8
[260.641s][info ][gc,phases         ] GC(1449)   Post Evacuate Collection Set: 0.7ms
[260.641s][debug][gc,phases         ] GC(1449)     Code Roots Fixup: 0.0ms
[260.641s][debug][gc,phases         ] GC(1449)     Clear Card Table: 0.2ms
[260.641s][debug][gc,phases         ] GC(1449)     Reference Processing: 0.0ms
[260.641s][debug][gc,phases,ref     ] GC(1449)       Reconsider SoftReferences: 0.0ms
[260.641s][debug][gc,phases,ref     ] GC(1449)         SoftRef (ms):             skipped
[260.641s][debug][gc,phases,ref     ] GC(1449)       Notify Soft/WeakReferences: 0.0ms
[260.641s][debug][gc,phases,ref     ] GC(1449)         SoftRef (ms):             skipped
[260.641s][debug][gc,phases,ref     ] GC(1449)         WeakRef (ms):             skipped
[260.641s][debug][gc,phases,ref     ] GC(1449)         FinalRef (ms):            skipped
[260.641s][debug][gc,phases,ref     ] GC(1449)         Total (ms):               skipped
[260.641s][debug][gc,phases,ref     ] GC(1449)       Notify and keep alive finalizable: 0.0ms
[260.641s][debug][gc,phases,ref     ] GC(1449)         FinalRef (ms):            skipped
[260.641s][debug][gc,phases,ref     ] GC(1449)       Notify PhantomReferences: 0.0ms
[260.641s][debug][gc,phases,ref     ] GC(1449)         PhantomRef (ms):          skipped
[260.641s][debug][gc,phases,ref     ] GC(1449)       SoftReference:
[260.641s][debug][gc,phases,ref     ] GC(1449)         Discovered: 0
[260.641s][debug][gc,phases,ref     ] GC(1449)         Cleared: 0
[260.641s][debug][gc,phases,ref     ] GC(1449)       WeakReference:
[260.641s][debug][gc,phases,ref     ] GC(1449)         Discovered: 0
[260.641s][debug][gc,phases,ref     ] GC(1449)         Cleared: 0
[260.641s][debug][gc,phases,ref     ] GC(1449)       FinalReference:
[260.641s][debug][gc,phases,ref     ] GC(1449)         Discovered: 0
[260.641s][debug][gc,phases,ref     ] GC(1449)         Cleared: 0
[260.641s][debug][gc,phases,ref     ] GC(1449)       PhantomReference:
[260.641s][debug][gc,phases,ref     ] GC(1449)         Discovered: 0
[260.641s][debug][gc,phases,ref     ] GC(1449)         Cleared: 0
[260.641s][debug][gc,phases         ] GC(1449)     Weak Processing: 0.1ms
[260.641s][debug][gc,phases         ] GC(1449)       JVMTI weak processing: 0.0ms
[260.641s][debug][gc,phases         ] GC(1449)         Dead: 0
[260.641s][debug][gc,phases         ] GC(1449)         Total: 0
[260.641s][debug][gc,phases         ] GC(1449)       JFR weak processing: 0.0ms
[260.641s][debug][gc,phases         ] GC(1449)         Dead: 0
[260.641s][debug][gc,phases         ] GC(1449)         Total: 0
[260.641s][debug][gc,phases         ] GC(1449)       JNI weak                  Min:  0.0, Avg:  0.0, Max:  0.0, Diff:  0.0, Sum:  0.0, Workers: 5
[260.641s][debug][gc,phases         ] GC(1449)         Dead                      Min: 0, Avg:  0.0, Max: 0, Diff: 0, Sum: 0, Workers: 5
[260.641s][debug][gc,phases         ] GC(1449)         Total                     Min: 0, Avg: 21.8, Max: 64, Diff: 64, Sum: 109, Workers: 5
[260.641s][debug][gc,phases         ] GC(1449)       VM weak                   Min:  0.0, Avg:  0.0, Max:  0.0, Diff:  0.0, Sum:  0.0, Workers: 5
[260.641s][debug][gc,phases         ] GC(1449)         Dead                      Min: 0, Avg:  0.0, Max: 0, Diff: 0, Sum: 0, Workers: 5
[260.641s][debug][gc,phases         ] GC(1449)         Total                     Min: 0, Avg: 42.6, Max: 128, Diff: 128, Sum: 213, Workers: 5
[260.641s][debug][gc,phases         ] GC(1449)       StringTable weak          Min:  0.0, Avg:  0.0, Max:  0.0, Diff:  0.0, Sum:  0.1, Workers: 5
[260.641s][debug][gc,phases         ] GC(1449)         Dead                      Min: 0, Avg:  0.0, Max: 0, Diff: 0, Sum: 0, Workers: 5
[260.641s][debug][gc,phases         ] GC(1449)         Total                     Min: 0, Avg: 721.8, Max: 1818, Diff: 1818, Sum: 3609, Workers: 5
[260.641s][debug][gc,phases         ] GC(1449)       ResolvedMethodTable weak  Min:  0.0, Avg:  0.0, Max:  0.0, Diff:  0.0, Sum:  0.0, Workers: 5
[260.641s][debug][gc,phases         ] GC(1449)         Dead                      Min: 0, Avg:  0.0, Max: 0, Diff: 0, Sum: 0, Workers: 5
[260.641s][debug][gc,phases         ] GC(1449)         Total                     Min: 0, Avg: 114.8, Max: 256, Diff: 256, Sum: 574, Workers: 5
[260.641s][debug][gc,phases         ] GC(1449)     Merge Per-Thread State: 0.0ms
[260.641s][debug][gc,phases         ] GC(1449)       Copied Bytes              Min: 536, Avg: 350320.0, Max: 401032, Diff: 400496, Sum: 2802560, Workers: 8
[260.641s][debug][gc,phases         ] GC(1449)       LAB Waste                 Min: 0, Avg:  0.0, Max: 0, Diff: 0, Sum: 0, Workers: 8
[260.641s][debug][gc,phases         ] GC(1449)       LAB Undo Waste            Min: 0, Avg:  0.0, Max: 0, Diff: 0, Sum: 0, Workers: 8
[260.641s][debug][gc,phases         ] GC(1449)     Code Roots Purge: 0.0ms
[260.641s][debug][gc,phases         ] GC(1449)     Redirty Cards: 0.0ms
[260.641s][debug][gc,phases         ] GC(1449)     DerivedPointerTable Update: 0.0ms
[260.641s][debug][gc,phases         ] GC(1449)     Free Collection Set: 0.2ms
[260.641s][debug][gc,phases         ] GC(1449)     Rebuild Free List: 0.1ms
[260.641s][debug][gc,phases         ] GC(1449)     Humongous Reclaim: 0.0ms
[260.641s][debug][gc,phases         ] GC(1449)     Start New Collection Set: 0.0ms
[260.641s][debug][gc,phases         ] GC(1449)     Resize TLABs: 0.0ms
[260.641s][debug][gc,phases         ] GC(1449)     Expand Heap After Collection: 0.0ms
[260.641s][info ][gc,phases         ] GC(1449)   Other: 0.3ms
[260.641s][info ][gc,heap           ] GC(1449) Eden regions: 866->0(867)
[260.641s][info ][gc,heap           ] GC(1449) Survivor regions: 5->4(109)
[260.641s][info ][gc,heap           ] GC(1449) Old regions: 18->18
[260.641s][info ][gc,heap           ] GC(1449) Archive regions: 2->2
[260.641s][info ][gc,heap           ] GC(1449) Humongous regions: 0->0
[260.641s][info ][gc,metaspace      ] GC(1449) Metaspace: 10458K(11136K)->10458K(11136K) NonClass: 9309K(9728K)->9309K(9728K) Class: 1149K(1408K)->1149K(1408K)
[260.641s][debug][gc,heap           ] GC(1449) Heap after GC invocations=1450 (full 1): garbage-first heap   total 1486848K, used 21826K [0x0000000700000000, 0x0000000800000000)
[260.641s][debug][gc,heap           ] GC(1449)   region size 1024K, 4 young (4096K), 4 survivors (4096K)
[260.641s][debug][gc,heap           ] GC(1449)  Metaspace       used 10458K, capacity 10758K, committed 11136K, reserved 1058816K
[260.641s][debug][gc,heap           ] GC(1449)   class space    used 1149K, capacity 1267K, committed 1408K, reserved 1048576K
[260.641s][info ][gc                ] GC(1449) Pause Young (Normal) (G1 Evacuation Pause) 888M->21M(1452M) 2.181ms
[260.641s][info ][gc,cpu            ] GC(1449) User=0.01s Sys=0.00s Real=0.01s
[260.641s][info ][safepoint         ] Safepoint "G1CollectForAllocation", Time since last: 45999062 ns, Reaching safepoint: 191001 ns, At safepoint: 2352509 ns, Total: 2543510 ns
[260.684s][debug][gc,heap           ] GC(1450) Heap before GC invocations=1450 (full 1): garbage-first heap   total 1486848K, used 908610K [0x0000000700000000, 0x0000000800000000)
[260.684s][debug][gc,heap           ] GC(1450)   region size 1024K, 871 young (891904K), 4 survivors (4096K)
[260.684s][debug][gc,heap           ] GC(1450)  Metaspace       used 10458K, capacity 10758K, committed 11136K, reserved 1058816K
[260.684s][debug][gc,heap           ] GC(1450)   class space    used 1149K, capacity 1267K, committed 1408K, reserved 1048576K
[260.684s][info ][gc,start          ] GC(1450) Pause Young (Normal) (G1 Evacuation Pause)
[260.684s][info ][gc,task           ] GC(1450) Using 8 workers of 8 for evacuation
[260.684s][debug][gc,tlab           ] GC(1450) TLAB totals: thrds: 8  refills: 12 max: 2 slow allocs: 1729 max 235 waste: 35.5% gc: 1209336B max: 228336B slow: 55648B max: 13912B fast: 0B max: 0B
[260.684s][debug][gc,age            ] GC(1450) Desired survivor size 57147392 bytes, new threshold 15 (max threshold 15)
[260.684s][debug][gc,alloc,region   ] GC(1450) Mutator Allocation stats, regions: 867, wasted size: 203M (23.4%)
[260.684s][debug][gc,ergo           ] GC(1450) Running G1 Merge Heap Roots using 8 workers for 871 regions
[260.684s][debug][gc,remset         ] GC(1450) Visited cards 256 Total dirty 2048 (12.50%) Total old 3608576 (0.01%)
[260.685s][debug][gc,ergo           ] GC(1450) Running G1 Clear Card Table Task using 2 workers for 2 units of work for 872 regions.
[260.685s][debug][gc,ref            ] GC(1450) Skipped phase1 of Reference Processing due to unavailable references
[260.685s][debug][gc,ref            ] GC(1450) Skipped phase2 of Reference Processing due to unavailable references
[260.685s][debug][gc,ref            ] GC(1450) Skipped phase3 of Reference Processing due to unavailable references
[260.685s][debug][gc,ref            ] GC(1450) Skipped phase4 of Reference Processing due to unavailable references
[260.685s][debug][gc,ergo           ] GC(1450) Running G1 Free Collection Set using 8 workers for collection set length 871 (1452)
[260.685s][debug][gc,ergo           ] GC(1450) Running G1 Rebuild Free List Task using 8 workers for rebuilding free list of 0 (4096) regions
[260.685s][trace][gc,age            ] GC(1450) Age table with threshold 15 (max threshold 15)
[260.686s][trace][gc,age            ] GC(1450) - age   1:    2802544 bytes,    2802544 total
[260.686s][debug][gc,plab           ] GC(1450) Young PLAB allocation: allocated: 12384B, wasted: 0B, unused: 9936B, used: 2448B, undo waste: 0B, 
[260.686s][debug][gc,plab           ] GC(1450) Young other allocation: region end waste: 735320B, regions filled: 4, direct allocated: 2800096B, failure used: 0B, failure wasted: 0B
[260.686s][debug][gc,plab           ] GC(1450) Young sizing: calculated: 0B, actual: 2064B
[260.686s][debug][gc,plab           ] GC(1450) Old PLAB allocation: allocated: 0B, wasted: 0B, unused: 0B, used: 0B, undo waste: 0B, 
[260.686s][debug][gc,plab           ] GC(1450) Old other allocation: region end waste: 0B, regions filled: 1, direct allocated: 0B, failure used: 0B, failure wasted: 0B
[260.686s][debug][gc,plab           ] GC(1450) Old sizing: calculated: 0B, actual: 2064B
[260.686s][debug][gc,ihop           ] GC(1450) Basic information (value update), threshold: 685139558B (45.00), target occupancy: 1522532352B, current occupancy: 22352024B, recent allocation size: 0B, recent allocation duration: 43.48ms, recent old gen allocation rate: 0.00B/s, recent marking phase length: 38.29ms
[260.686s][debug][gc,ihop           ] GC(1450) Adaptive IHOP information (value update), threshold: 685139558B (47.37), internal target occupancy: 1446405734B, occupancy: 22352024B, additional buffer size: 913309696B, predicted old gen allocation rate: 3.49B/s, predicted marking phase length: 76.58ms, prediction active: false
[260.686s][debug][gc,ergo,refine    ] GC(1450) Concurrent refinement times: Logged Cards Scan time goal: 20.00ms Logged Cards Scan time: 0.00ms HCC time: 0.00ms
[260.686s][debug][gc,ergo,refine    ] GC(1450) Updated Refinement Zones: green: 2048, yellow: 6144, red: 10240
[260.686s][info ][gc,phases         ] GC(1450)   Pre Evacuate Collection Set: 0.1ms
[260.686s][debug][gc,phases         ] GC(1450)     Prepare TLABs: 0.0ms
[260.686s][debug][gc,phases         ] GC(1450)     Choose Collection Set: 0.0ms
[260.686s][debug][gc,phases         ] GC(1450)     Region Register: 0.1ms
[260.686s][debug][gc,phases         ] GC(1450)     Prepare Heap Roots: 0.0ms
[260.686s][info ][gc,phases         ] GC(1450)   Merge Heap Roots: 0.1ms
[260.686s][debug][gc,phases         ] GC(1450)     Prepare Merge Heap Roots: 0.0ms
[260.686s][debug][gc,phases         ] GC(1450)     Eager Reclaim (ms):       skipped
[260.686s][debug][gc,phases         ] GC(1450)     Remembered Sets (ms):     Min:  0.0, Avg:  0.0, Max:  0.0, Diff:  0.0, Sum:  0.2, Workers: 8
[260.686s][debug][gc,phases         ] GC(1450)       Merged Sparse:            Min: 0, Avg:  0.0, Max: 0, Diff: 0, Sum: 0, Workers: 8
[260.686s][debug][gc,phases         ] GC(1450)       Merged Fine:              Min: 0, Avg:  0.0, Max: 0, Diff: 0, Sum: 0, Workers: 8
[260.686s][debug][gc,phases         ] GC(1450)       Merged Coarse:            Min: 0, Avg:  0.0, Max: 0, Diff: 0, Sum: 0, Workers: 8
[260.686s][debug][gc,phases         ] GC(1450)       Dirty Cards:              Min: 0, Avg:  0.0, Max: 0, Diff: 0, Sum: 0, Workers: 8
[260.686s][debug][gc,phases         ] GC(1450)     Hot Card Cache (ms):      Min:  0.0, Avg:  0.0, Max:  0.0, Diff:  0.0, Sum:  0.0, Workers: 8
[260.686s][debug][gc,phases         ] GC(1450)       Dirty Cards:              Min: 0, Avg:  0.0, Max: 0, Diff: 0, Sum: 0, Workers: 8
[260.686s][debug][gc,phases         ] GC(1450)       Skipped Cards:            Min: 0, Avg:  0.0, Max: 0, Diff: 0, Sum: 0, Workers: 8
[260.686s][debug][gc,phases         ] GC(1450)     Log Buffers (ms):         Min:  0.0, Avg:  0.0, Max:  0.0, Diff:  0.0, Sum:  0.0, Workers: 8
[260.686s][debug][gc,phases         ] GC(1450)       Dirty Cards:              Min: 0, Avg:  0.1, Max: 1, Diff: 1, Sum: 1, Workers: 8
[260.686s][debug][gc,phases         ] GC(1450)       Skipped Cards:            Min: 0, Avg:  0.0, Max: 0, Diff: 0, Sum: 0, Workers: 8
[260.686s][info ][gc,phases         ] GC(1450)   Evacuate Collection Set: 0.4ms
[260.686s][debug][gc,phases         ] GC(1450)     Ext Root Scanning (ms):   Min:  0.0, Avg:  0.2, Max:  0.3, Diff:  0.3, Sum:  1.3, Workers: 8
[260.686s][debug][gc,phases         ] GC(1450)     Scan Heap Roots (ms):     Min:  0.0, Avg:  0.0, Max:  0.0, Diff:  0.0, Sum:  0.0, Workers: 8
[260.686s][debug][gc,phases         ] GC(1450)       Scanned Cards:            Min: 0, Avg:  0.1, Max: 1, Diff: 1, Sum: 1, Workers: 8
[260.686s][debug][gc,phases         ] GC(1450)       Scanned Blocks:           Min: 0, Avg:  0.1, Max: 1, Diff: 1, Sum: 1, Workers: 8
[260.686s][debug][gc,phases         ] GC(1450)       Claimed Chunks:           Min: 0, Avg:  0.1, Max: 1, Diff: 1, Sum: 1, Workers: 8
[260.686s][debug][gc,phases         ] GC(1450)     Code Root Scan (ms):      Min:  0.0, Avg:  0.0, Max:  0.0, Diff:  0.0, Sum:  0.1, Workers: 8
[260.686s][debug][gc,phases         ] GC(1450)     Object Copy (ms):         Min:  0.0, Avg:  0.0, Max:  0.0, Diff:  0.0, Sum:  0.0, Workers: 8
[260.686s][debug][gc,phases         ] GC(1450)     Termination (ms):         Min:  0.0, Avg:  0.1, Max:  0.2, Diff:  0.1, Sum:  0.9, Workers: 8
[260.686s][debug][gc,phases         ] GC(1450)       Termination Attempts:     Min: 1, Avg:  1.0, Max: 1, Diff: 0, Sum: 8, Workers: 8
[260.686s][debug][gc,phases         ] GC(1450)     GC Worker Other (ms):     Min:  0.0, Avg:  0.0, Max:  0.1, Diff:  0.1, Sum:  0.3, Workers: 8
[260.686s][debug][gc,phases         ] GC(1450)     GC Worker Total (ms):     Min:  0.1, Avg:  0.3, Max:  0.4, Diff:  0.3, Sum:  2.7, Workers: 8
[260.686s][info ][gc,phases         ] GC(1450)   Post Evacuate Collection Set: 0.6ms
[260.686s][debug][gc,phases         ] GC(1450)     Code Roots Fixup: 0.0ms
[260.686s][debug][gc,phases         ] GC(1450)     Clear Card Table: 0.2ms
[260.686s][debug][gc,phases         ] GC(1450)     Reference Processing: 0.0ms
[260.686s][debug][gc,phases,ref     ] GC(1450)       Reconsider SoftReferences: 0.0ms
[260.686s][debug][gc,phases,ref     ] GC(1450)         SoftRef (ms):             skipped
[260.686s][debug][gc,phases,ref     ] GC(1450)       Notify Soft/WeakReferences: 0.0ms
[260.686s][debug][gc,phases,ref     ] GC(1450)         SoftRef (ms):             skipped
[260.686s][debug][gc,phases,ref     ] GC(1450)         WeakRef (ms):             skipped
[260.686s][debug][gc,phases,ref     ] GC(1450)         FinalRef (ms):            skipped
[260.686s][debug][gc,phases,ref     ] GC(1450)         Total (ms):               skipped
[260.686s][debug][gc,phases,ref     ] GC(1450)       Notify and keep alive finalizable: 0.0ms
[260.686s][debug][gc,phases,ref     ] GC(1450)         FinalRef (ms):            skipped
[260.686s][debug][gc,phases,ref     ] GC(1450)       Notify PhantomReferences: 0.0ms
[260.686s][debug][gc,phases,ref     ] GC(1450)         PhantomRef (ms):          skipped
[260.686s][debug][gc,phases,ref     ] GC(1450)       SoftReference:
[260.686s][debug][gc,phases,ref     ] GC(1450)         Discovered: 0
[260.686s][debug][gc,phases,ref     ] GC(1450)         Cleared: 0
[260.686s][debug][gc,phases,ref     ] GC(1450)       WeakReference:
[260.686s][debug][gc,phases,ref     ] GC(1450)         Discovered: 0
[260.686s][debug][gc,phases,ref     ] GC(1450)         Cleared: 0
[260.686s][debug][gc,phases,ref     ] GC(1450)       FinalReference:
[260.686s][debug][gc,phases,ref     ] GC(1450)         Discovered: 0
[260.686s][debug][gc,phases,ref     ] GC(1450)         Cleared: 0
[260.686s][debug][gc,phases,ref     ] GC(1450)       PhantomReference:
[260.686s][debug][gc,phases,ref     ] GC(1450)         Discovered: 0
[260.686s][debug][gc,phases,ref     ] GC(1450)         Cleared: 0
[260.686s][debug][gc,phases         ] GC(1450)     Weak Processing: 0.1ms
[260.686s][debug][gc,phases         ] GC(1450)       JVMTI weak processing: 0.0ms
[260.686s][debug][gc,phases         ] GC(1450)         Dead: 0
[260.686s][debug][gc,phases         ] GC(1450)         Total: 0
[260.686s][debug][gc,phases         ] GC(1450)       JFR weak processing: 0.0ms
[260.686s][debug][gc,phases         ] GC(1450)         Dead: 0
[260.686s][debug][gc,phases         ] GC(1450)         Total: 0
[260.686s][debug][gc,phases         ] GC(1450)       JNI weak                  Min:  0.0, Avg:  0.0, Max:  0.0, Diff:  0.0, Sum:  0.0, Workers: 5
[260.686s][debug][gc,phases         ] GC(1450)         Dead                      Min: 0, Avg:  0.0, Max: 0, Diff: 0, Sum: 0, Workers: 5
[260.686s][debug][gc,phases         ] GC(1450)         Total                     Min: 0, Avg: 21.8, Max: 64, Diff: 64, Sum: 109, Workers: 5
[260.686s][debug][gc,phases         ] GC(1450)       VM weak                   Min:  0.0, Avg:  0.0, Max:  0.0, Diff:  0.0, Sum:  0.0, Workers: 5
[260.686s][debug][gc,phases         ] GC(1450)         Dead                      Min: 0, Avg:  0.0, Max: 0, Diff: 0, Sum: 0, Workers: 5
[260.686s][debug][gc,phases         ] GC(1450)         Total                     Min: 0, Avg: 42.6, Max: 128, Diff: 128, Sum: 213, Workers: 5
[260.686s][debug][gc,phases         ] GC(1450)       StringTable weak          Min:  0.0, Avg:  0.0, Max:  0.0, Diff:  0.0, Sum:  0.1, Workers: 5
[260.686s][debug][gc,phases         ] GC(1450)         Dead                      Min: 0, Avg:  0.0, Max: 0, Diff: 0, Sum: 0, Workers: 5
[260.686s][debug][gc,phases         ] GC(1450)         Total                     Min: 0, Avg: 721.8, Max: 1818, Diff: 1818, Sum: 3609, Workers: 5
[260.686s][debug][gc,phases         ] GC(1450)       ResolvedMethodTable weak  Min:  0.0, Avg:  0.0, Max:  0.0, Diff:  0.0, Sum:  0.0, Workers: 5
[260.686s][debug][gc,phases         ] GC(1450)         Dead                      Min: 0, Avg:  0.0, Max: 0, Diff: 0, Sum: 0, Workers: 5
[260.686s][debug][gc,phases         ] GC(1450)         Total                     Min: 0, Avg: 114.8, Max: 192, Diff: 192, Sum: 574, Workers: 5
[260.686s][debug][gc,phases         ] GC(1450)     Merge Per-Thread State: 0.0ms
[260.686s][debug][gc,phases         ] GC(1450)       Copied Bytes              Min: 0, Avg: 350318.0, Max: 800616, Diff: 800616, Sum: 2802544, Workers: 8
[260.686s][debug][gc,phases         ] GC(1450)       LAB Waste                 Min: 0, Avg:  0.0, Max: 0, Diff: 0, Sum: 0, Workers: 8
[260.686s][debug][gc,phases         ] GC(1450)       LAB Undo Waste            Min: 0, Avg:  0.0, Max: 0, Diff: 0, Sum: 0, Workers: 8
[260.686s][debug][gc,phases         ] GC(1450)     Code Roots Purge: 0.0ms
[260.686s][debug][gc,phases         ] GC(1450)     Redirty Cards: 0.0ms
[260.686s][debug][gc,phases         ] GC(1450)     DerivedPointerTable Update: 0.0ms
[260.686s][debug][gc,phases         ] GC(1450)     Free Collection Set: 0.2ms
[260.686s][debug][gc,phases         ] GC(1450)     Rebuild Free List: 0.1ms
[260.686s][debug][gc,phases         ] GC(1450)     Humongous Reclaim: 0.0ms
[260.686s][debug][gc,phases         ] GC(1450)     Start New Collection Set: 0.0ms
[260.686s][debug][gc,phases         ] GC(1450)     Resize TLABs: 0.0ms
[260.686s][debug][gc,phases         ] GC(1450)     Expand Heap After Collection: 0.0ms
[260.686s][info ][gc,phases         ] GC(1450)   Other: 0.3ms
[260.686s][info ][gc,heap           ] GC(1450) Eden regions: 867->0(867)
[260.686s][info ][gc,heap           ] GC(1450) Survivor regions: 4->4(109)
[260.686s][info ][gc,heap           ] GC(1450) Old regions: 18->18
[260.686s][info ][gc,heap           ] GC(1450) Archive regions: 2->2
[260.686s][info ][gc,heap           ] GC(1450) Humongous regions: 0->0
[260.686s][info ][gc,metaspace      ] GC(1450) Metaspace: 10458K(11136K)->10458K(11136K) NonClass: 9309K(9728K)->9309K(9728K) Class: 1149K(1408K)->1149K(1408K)
[260.686s][debug][gc,heap           ] GC(1450) Heap after GC invocations=1451 (full 1): garbage-first heap   total 1486848K, used 21828K [0x0000000700000000, 0x0000000800000000)
[260.686s][debug][gc,heap           ] GC(1450)   region size 1024K, 4 young (4096K), 4 survivors (4096K)
[260.686s][debug][gc,heap           ] GC(1450)  Metaspace       used 10458K, capacity 10758K, committed 11136K, reserved 1058816K
[260.686s][debug][gc,heap           ] GC(1450)   class space    used 1149K, capacity 1267K, committed 1408K, reserved 1048576K
[260.686s][info ][gc                ] GC(1450) Pause Young (Normal) (G1 Evacuation Pause) 888M->21M(1452M) 2.261ms
[260.686s][info ][gc,cpu            ] GC(1450) User=0.00s Sys=0.00s Real=0.00s
[260.686s][info ][safepoint         ] Safepoint "G1CollectForAllocation", Time since last: 42379911 ns, Reaching safepoint: 192247 ns, At safepoint: 2432634 ns, Total: 2624881 ns
[260.730s][debug][gc,heap           ] GC(1451) Heap before GC invocations=1451 (full 1): garbage-first heap   total 1486848K, used 908612K [0x0000000700000000, 0x0000000800000000)
[260.730s][debug][gc,heap           ] GC(1451)   region size 1024K, 871 young (891904K), 4 survivors (4096K)
[260.730s][debug][gc,heap           ] GC(1451)  Metaspace       used 10458K, capacity 10758K, committed 11136K, reserved 1058816K
[260.730s][debug][gc,heap           ] GC(1451)   class space    used 1149K, capacity 1267K, committed 1408K, reserved 1048576K
[260.730s][info ][gc,start          ] GC(1451) Pause Young (Normal) (G1 Evacuation Pause)
[260.730s][info ][gc,task           ] GC(1451) Using 8 workers of 8 for evacuation
[260.730s][debug][gc,tlab           ] GC(1451) TLAB totals: thrds: 8  refills: 12 max: 2 slow allocs: 1726 max 248 waste: 20.4% gc: 838240B max: 124688B slow: 55104B max: 14304B fast: 0B max: 0B
[260.730s][debug][gc,age            ] GC(1451) Desired survivor size 57147392 bytes, new threshold 15 (max threshold 15)
[260.730s][debug][gc,alloc,region   ] GC(1451) Mutator Allocation stats, regions: 867, wasted size: 203M (23.5%)
[260.730s][debug][gc,ergo           ] GC(1451) Running G1 Merge Heap Roots using 8 workers for 871 regions
[260.730s][debug][gc,remset         ] GC(1451) Visited cards 512 Total dirty 4096 (12.50%) Total old 3608576 (0.01%)
[260.731s][debug][gc,ergo           ] GC(1451) Running G1 Clear Card Table Task using 2 workers for 2 units of work for 873 regions.
[260.731s][debug][gc,ref            ] GC(1451) Skipped phase1 of Reference Processing due to unavailable references
[260.731s][debug][gc,ref            ] GC(1451) Skipped phase2 of Reference Processing due to unavailable references
[260.731s][debug][gc,ref            ] GC(1451) Skipped phase3 of Reference Processing due to unavailable references
[260.731s][debug][gc,ref            ] GC(1451) Skipped phase4 of Reference Processing due to unavailable references
[260.731s][debug][gc,ergo           ] GC(1451) Running G1 Free Collection Set using 8 workers for collection set length 871 (1452)
[260.731s][debug][gc,ergo           ] GC(1451) Running G1 Rebuild Free List Task using 8 workers for rebuilding free list of 0 (4096) regions
[260.731s][trace][gc,age            ] GC(1451) Age table with threshold 15 (max threshold 15)
[260.731s][trace][gc,age            ] GC(1451) - age   1:    2802552 bytes,    2802552 total
[260.731s][debug][gc,plab           ] GC(1451) Young PLAB allocation: allocated: 16512B, wasted: 0B, unused: 14064B, used: 2448B, undo waste: 0B, 
[260.731s][debug][gc,plab           ] GC(1451) Young other allocation: region end waste: 731184B, regions filled: 4, direct allocated: 2800104B, failure used: 0B, failure wasted: 0B
[260.731s][debug][gc,plab           ] GC(1451) Young sizing: calculated: 0B, actual: 2064B
[260.731s][debug][gc,plab           ] GC(1451) Old PLAB allocation: allocated: 0B, wasted: 0B, unused: 0B, used: 0B, undo waste: 0B, 
[260.731s][debug][gc,plab           ] GC(1451) Old other allocation: region end waste: 0B, regions filled: 1, direct allocated: 0B, failure used: 0B, failure wasted: 0B
[260.731s][debug][gc,plab           ] GC(1451) Old sizing: calculated: 0B, actual: 2064B
[260.731s][debug][gc,ihop           ] GC(1451) Basic information (value update), threshold: 685139558B (45.00), target occupancy: 1522532352B, current occupancy: 22352024B, recent allocation size: 0B, recent allocation duration: 44.38ms, recent old gen allocation rate: 0.00B/s, recent marking phase length: 38.29ms
[260.731s][debug][gc,ihop           ] GC(1451) Adaptive IHOP information (value update), threshold: 685139558B (47.37), internal target occupancy: 1446405734B, occupancy: 22352024B, additional buffer size: 913309696B, predicted old gen allocation rate: 3.40B/s, predicted marking phase length: 76.58ms, prediction active: false
[260.731s][debug][gc,ergo,refine    ] GC(1451) Concurrent refinement times: Logged Cards Scan time goal: 20.00ms Logged Cards Scan time: 0.00ms HCC time: 0.00ms
[260.731s][debug][gc,ergo,refine    ] GC(1451) Updated Refinement Zones: green: 2048, yellow: 6144, red: 10240
[260.731s][info ][gc,phases         ] GC(1451)   Pre Evacuate Collection Set: 0.1ms
[260.731s][debug][gc,phases         ] GC(1451)     Prepare TLABs: 0.0ms
[260.731s][debug][gc,phases         ] GC(1451)     Choose Collection Set: 0.0ms
[260.731s][debug][gc,phases         ] GC(1451)     Region Register: 0.1ms
[260.731s][debug][gc,phases         ] GC(1451)     Prepare Heap Roots: 0.0ms
[260.731s][info ][gc,phases         ] GC(1451)   Merge Heap Roots: 0.1ms
[260.731s][debug][gc,phases         ] GC(1451)     Prepare Merge Heap Roots: 0.0ms
[260.731s][debug][gc,phases         ] GC(1451)     Eager Reclaim (ms):       skipped
[260.731s][debug][gc,phases         ] GC(1451)     Remembered Sets (ms):     Min:  0.0, Avg:  0.0, Max:  0.1, Diff:  0.0, Sum:  0.3, Workers: 8
[260.731s][debug][gc,phases         ] GC(1451)       Merged Sparse:            Min: 0, Avg:  0.0, Max: 0, Diff: 0, Sum: 0, Workers: 8
[260.731s][debug][gc,phases         ] GC(1451)       Merged Fine:              Min: 0, Avg:  0.0, Max: 0, Diff: 0, Sum: 0, Workers: 8
[260.731s][debug][gc,phases         ] GC(1451)       Merged Coarse:            Min: 0, Avg:  0.0, Max: 0, Diff: 0, Sum: 0, Workers: 8
[260.731s][debug][gc,phases         ] GC(1451)       Dirty Cards:              Min: 0, Avg:  0.0, Max: 0, Diff: 0, Sum: 0, Workers: 8
[260.731s][debug][gc,phases         ] GC(1451)     Hot Card Cache (ms):      Min:  0.0, Avg:  0.0, Max:  0.0, Diff:  0.0, Sum:  0.0, Workers: 8
[260.731s][debug][gc,phases         ] GC(1451)       Dirty Cards:              Min: 0, Avg:  0.0, Max: 0, Diff: 0, Sum: 0, Workers: 8
[260.731s][debug][gc,phases         ] GC(1451)       Skipped Cards:            Min: 0, Avg:  0.0, Max: 0, Diff: 0, Sum: 0, Workers: 8
[260.731s][debug][gc,phases         ] GC(1451)     Log Buffers (ms):         Min:  0.0, Avg:  0.0, Max:  0.0, Diff:  0.0, Sum:  0.0, Workers: 8
[260.731s][debug][gc,phases         ] GC(1451)       Dirty Cards:              Min: 0, Avg:  0.2, Max: 1, Diff: 1, Sum: 2, Workers: 8
[260.731s][debug][gc,phases         ] GC(1451)       Skipped Cards:            Min: 0, Avg:  0.0, Max: 0, Diff: 0, Sum: 0, Workers: 8
[260.731s][info ][gc,phases         ] GC(1451)   Evacuate Collection Set: 0.3ms
[260.731s][debug][gc,phases         ] GC(1451)     Ext Root Scanning (ms):   Min:  0.0, Avg:  0.2, Max:  0.3, Diff:  0.2, Sum:  1.4, Workers: 8
[260.731s][debug][gc,phases         ] GC(1451)     Scan Heap Roots (ms):     Min:  0.0, Avg:  0.0, Max:  0.0, Diff:  0.0, Sum:  0.0, Workers: 8
[260.731s][debug][gc,phases         ] GC(1451)       Scanned Cards:            Min: 0, Avg:  0.2, Max: 2, Diff: 2, Sum: 2, Workers: 8
[260.731s][debug][gc,phases         ] GC(1451)       Scanned Blocks:           Min: 0, Avg:  0.2, Max: 2, Diff: 2, Sum: 2, Workers: 8
[260.731s][debug][gc,phases         ] GC(1451)       Claimed Chunks:           Min: 0, Avg:  0.2, Max: 2, Diff: 2, Sum: 2, Workers: 8
[260.731s][debug][gc,phases         ] GC(1451)     Code Root Scan (ms):      Min:  0.0, Avg:  0.0, Max:  0.0, Diff:  0.0, Sum:  0.1, Workers: 8
[260.731s][debug][gc,phases         ] GC(1451)     Object Copy (ms):         Min:  0.0, Avg:  0.0, Max:  0.0, Diff:  0.0, Sum:  0.0, Workers: 8
[260.731s][debug][gc,phases         ] GC(1451)     Termination (ms):         Min:  0.0, Avg:  0.1, Max:  0.1, Diff:  0.1, Sum:  0.6, Workers: 8
[260.731s][debug][gc,phases         ] GC(1451)       Termination Attempts:     Min: 1, Avg:  1.1, Max: 2, Diff: 1, Sum: 9, Workers: 8
[260.732s][debug][gc,phases         ] GC(1451)     GC Worker Other (ms):     Min:  0.0, Avg:  0.0, Max:  0.1, Diff:  0.1, Sum:  0.4, Workers: 8
[260.732s][debug][gc,phases         ] GC(1451)     GC Worker Total (ms):     Min:  0.3, Avg:  0.3, Max:  0.3, Diff:  0.0, Sum:  2.5, Workers: 8
[260.732s][info ][gc,phases         ] GC(1451)   Post Evacuate Collection Set: 0.6ms
[260.732s][debug][gc,phases         ] GC(1451)     Code Roots Fixup: 0.0ms
[260.732s][debug][gc,phases         ] GC(1451)     Clear Card Table: 0.2ms
[260.732s][debug][gc,phases         ] GC(1451)     Reference Processing: 0.0ms
[260.732s][debug][gc,phases,ref     ] GC(1451)       Reconsider SoftReferences: 0.0ms
[260.732s][debug][gc,phases,ref     ] GC(1451)         SoftRef (ms):             skipped
[260.732s][debug][gc,phases,ref     ] GC(1451)       Notify Soft/WeakReferences: 0.0ms
[260.732s][debug][gc,phases,ref     ] GC(1451)         SoftRef (ms):             skipped
[260.732s][debug][gc,phases,ref     ] GC(1451)         WeakRef (ms):             skipped
[260.732s][debug][gc,phases,ref     ] GC(1451)         FinalRef (ms):            skipped
[260.732s][debug][gc,phases,ref     ] GC(1451)         Total (ms):               skipped
[260.732s][debug][gc,phases,ref     ] GC(1451)       Notify and keep alive finalizable: 0.0ms
[260.732s][debug][gc,phases,ref     ] GC(1451)         FinalRef (ms):            skipped
[260.732s][debug][gc,phases,ref     ] GC(1451)       Notify PhantomReferences: 0.0ms
[260.732s][debug][gc,phases,ref     ] GC(1451)         PhantomRef (ms):          skipped
[260.732s][debug][gc,phases,ref     ] GC(1451)       SoftReference:
[260.732s][debug][gc,phases,ref     ] GC(1451)         Discovered: 0
[260.732s][debug][gc,phases,ref     ] GC(1451)         Cleared: 0
[260.732s][debug][gc,phases,ref     ] GC(1451)       WeakReference:
[260.732s][debug][gc,phases,ref     ] GC(1451)         Discovered: 0
[260.732s][debug][gc,phases,ref     ] GC(1451)         Cleared: 0
[260.732s][debug][gc,phases,ref     ] GC(1451)       FinalReference:
[260.732s][debug][gc,phases,ref     ] GC(1451)         Discovered: 0
[260.732s][debug][gc,phases,ref     ] GC(1451)         Cleared: 0
[260.732s][debug][gc,phases,ref     ] GC(1451)       PhantomReference:
[260.732s][debug][gc,phases,ref     ] GC(1451)         Discovered: 0
[260.732s][debug][gc,phases,ref     ] GC(1451)         Cleared: 0
[260.732s][debug][gc,phases         ] GC(1451)     Weak Processing: 0.0ms
[260.732s][debug][gc,phases         ] GC(1451)       JVMTI weak processing: 0.0ms
[260.732s][debug][gc,phases         ] GC(1451)         Dead: 0
[260.732s][debug][gc,phases         ] GC(1451)         Total: 0
[260.732s][debug][gc,phases         ] GC(1451)       JFR weak processing: 0.0ms
[260.732s][debug][gc,phases         ] GC(1451)         Dead: 0
[260.732s][debug][gc,phases         ] GC(1451)         Total: 0
[260.732s][debug][gc,phases         ] GC(1451)       JNI weak                  Min:  0.0, Avg:  0.0, Max:  0.0, Diff:  0.0, Sum:  0.0, Workers: 5
[260.732s][debug][gc,phases         ] GC(1451)         Dead                      Min: 0, Avg:  0.0, Max: 0, Diff: 0, Sum: 0, Workers: 5
[260.732s][debug][gc,phases         ] GC(1451)         Total                     Min: 0, Avg: 21.8, Max: 64, Diff: 64, Sum: 109, Workers: 5
[260.732s][debug][gc,phases         ] GC(1451)       VM weak                   Min:  0.0, Avg:  0.0, Max:  0.0, Diff:  0.0, Sum:  0.0, Workers: 5
[260.732s][debug][gc,phases         ] GC(1451)         Dead                      Min: 0, Avg:  0.0, Max: 0, Diff: 0, Sum: 0, Workers: 5
[260.732s][debug][gc,phases         ] GC(1451)         Total                     Min: 0, Avg: 42.6, Max: 85, Diff: 85, Sum: 213, Workers: 5
[260.732s][debug][gc,phases         ] GC(1451)       StringTable weak          Min:  0.0, Avg:  0.0, Max:  0.0, Diff:  0.0, Sum:  0.1, Workers: 5
[260.732s][debug][gc,phases         ] GC(1451)         Dead                      Min: 0, Avg:  0.0, Max: 0, Diff: 0, Sum: 0, Workers: 5
[260.732s][debug][gc,phases         ] GC(1451)         Total                     Min: 0, Avg: 721.8, Max: 959, Diff: 959, Sum: 3609, Workers: 5
[260.732s][debug][gc,phases         ] GC(1451)       ResolvedMethodTable weak  Min:  0.0, Avg:  0.0, Max:  0.0, Diff:  0.0, Sum:  0.0, Workers: 5
[260.732s][debug][gc,phases         ] GC(1451)         Dead                      Min: 0, Avg:  0.0, Max: 0, Diff: 0, Sum: 0, Workers: 5
[260.732s][debug][gc,phases         ] GC(1451)         Total                     Min: 0, Avg: 114.8, Max: 190, Diff: 190, Sum: 574, Workers: 5
[260.732s][debug][gc,phases         ] GC(1451)     Merge Per-Thread State: 0.0ms
[260.732s][debug][gc,phases         ] GC(1451)       Copied Bytes              Min: 824, Avg: 350319.0, Max: 800096, Diff: 799272, Sum: 2802552, Workers: 8
[260.732s][debug][gc,phases         ] GC(1451)       LAB Waste                 Min: 0, Avg:  0.0, Max: 0, Diff: 0, Sum: 0, Workers: 8
[260.732s][debug][gc,phases         ] GC(1451)       LAB Undo Waste            Min: 0, Avg:  0.0, Max: 0, Diff: 0, Sum: 0, Workers: 8
[260.732s][debug][gc,phases         ] GC(1451)     Code Roots Purge: 0.0ms
[260.732s][debug][gc,phases         ] GC(1451)     Redirty Cards: 0.0ms
[260.732s][debug][gc,phases         ] GC(1451)     DerivedPointerTable Update: 0.0ms
[260.732s][debug][gc,phases         ] GC(1451)     Free Collection Set: 0.2ms
[260.732s][debug][gc,phases         ] GC(1451)     Rebuild Free List: 0.1ms
[260.732s][debug][gc,phases         ] GC(1451)     Humongous Reclaim: 0.0ms
[260.732s][debug][gc,phases         ] GC(1451)     Start New Collection Set: 0.0ms
[260.732s][debug][gc,phases         ] GC(1451)     Resize TLABs: 0.0ms
[260.732s][debug][gc,phases         ] GC(1451)     Expand Heap After Collection: 0.0ms
[260.732s][info ][gc,phases         ] GC(1451)   Other: 0.3ms
[260.732s][info ][gc,heap           ] GC(1451) Eden regions: 867->0(867)
[260.732s][info ][gc,heap           ] GC(1451) Survivor regions: 4->4(109)
[260.732s][info ][gc,heap           ] GC(1451) Old regions: 18->18
[260.732s][info ][gc,heap           ] GC(1451) Archive regions: 2->2
[260.732s][info ][gc,heap           ] GC(1451) Humongous regions: 0->0
[260.732s][info ][gc,metaspace      ] GC(1451) Metaspace: 10458K(11136K)->10458K(11136K) NonClass: 9309K(9728K)->9309K(9728K) Class: 1149K(1408K)->1149K(1408K)
[260.732s][debug][gc,heap           ] GC(1451) Heap after GC invocations=1452 (full 1): garbage-first heap   total 1486848K, used 21828K [0x0000000700000000, 0x0000000800000000)
[260.732s][debug][gc,heap           ] GC(1451)   region size 1024K, 4 young (4096K), 4 survivors (4096K)
[260.732s][debug][gc,heap           ] GC(1451)  Metaspace       used 10458K, capacity 10758K, committed 11136K, reserved 1058816K
[260.732s][debug][gc,heap           ] GC(1451)   class space    used 1149K, capacity 1267K, committed 1408K, reserved 1048576K
[260.732s][info ][gc                ] GC(1451) Pause Young (Normal) (G1 Evacuation Pause) 888M->21M(1452M) 2.069ms
[260.732s][info ][gc,cpu            ] GC(1451) User=0.00s Sys=0.00s Real=0.01s
[260.732s][info ][safepoint         ] Safepoint "G1CollectForAllocation", Time since last: 43250967 ns, Reaching safepoint: 156927 ns, At safepoint: 2241211 ns, Total: 2398138 ns
[260.774s][debug][gc,heap           ] GC(1452) Heap before GC invocations=1452 (full 1): garbage-first heap   total 1486848K, used 908612K [0x0000000700000000, 0x0000000800000000)
[260.774s][debug][gc,heap           ] GC(1452)   region size 1024K, 871 young (891904K), 4 survivors (4096K)
[260.774s][debug][gc,heap           ] GC(1452)  Metaspace       used 10458K, capacity 10758K, committed 11136K, reserved 1058816K
[260.774s][debug][gc,heap           ] GC(1452)   class space    used 1149K, capacity 1267K, committed 1408K, reserved 1048576K
[260.774s][info ][gc,start          ] GC(1452) Pause Young (Normal) (G1 Evacuation Pause)
[260.774s][info ][gc,task           ] GC(1452) Using 8 workers of 8 for evacuation
[260.774s][debug][gc,tlab           ] GC(1452) TLAB totals: thrds: 8  refills: 15 max: 2 slow allocs: 1726 max 225 waste: 24.5% gc: 1166928B max: 241832B slow: 98088B max: 14304B fast: 0B max: 0B
[260.774s][debug][gc,age            ] GC(1452) Desired survivor size 57147392 bytes, new threshold 15 (max threshold 15)
[260.774s][debug][gc,alloc,region   ] GC(1452) Mutator Allocation stats, regions: 867, wasted size: 203M (23.4%)
[260.775s][debug][gc,ergo           ] GC(1452) Running G1 Merge Heap Roots using 8 workers for 871 regions
[260.775s][debug][gc,remset         ] GC(1452) Visited cards 256 Total dirty 2048 (12.50%) Total old 3608576 (0.01%)
[260.775s][debug][gc,ergo           ] GC(1452) Running G1 Clear Card Table Task using 2 workers for 2 units of work for 872 regions.
[260.775s][debug][gc,ref            ] GC(1452) Skipped phase1 of Reference Processing due to unavailable references
[260.775s][debug][gc,ref            ] GC(1452) Skipped phase2 of Reference Processing due to unavailable references
[260.775s][debug][gc,ref            ] GC(1452) Skipped phase3 of Reference Processing due to unavailable references
[260.775s][debug][gc,ref            ] GC(1452) Skipped phase4 of Reference Processing due to unavailable references
[260.776s][debug][gc,ergo           ] GC(1452) Running G1 Free Collection Set using 8 workers for collection set length 871 (1452)
[260.776s][debug][gc,ergo           ] GC(1452) Running G1 Rebuild Free List Task using 8 workers for rebuilding free list of 0 (4096) regions
[260.776s][trace][gc,age            ] GC(1452) Age table with threshold 15 (max threshold 15)
[260.776s][trace][gc,age            ] GC(1452) - age   1:    3602576 bytes,    3602576 total
[260.776s][debug][gc,plab           ] GC(1452) Young PLAB allocation: allocated: 16512B, wasted: 0B, unused: 14064B, used: 2448B, undo waste: 0B, 
[260.776s][debug][gc,plab           ] GC(1452) Young other allocation: region end waste: 979736B, regions filled: 5, direct allocated: 3600128B, failure used: 0B, failure wasted: 0B
[260.776s][debug][gc,plab           ] GC(1452) Young sizing: calculated: 0B, actual: 2064B
[260.776s][debug][gc,plab           ] GC(1452) Old PLAB allocation: allocated: 0B, wasted: 0B, unused: 0B, used: 0B, undo waste: 0B, 
[260.776s][debug][gc,plab           ] GC(1452) Old other allocation: region end waste: 0B, regions filled: 1, direct allocated: 0B, failure used: 0B, failure wasted: 0B
[260.776s][debug][gc,plab           ] GC(1452) Old sizing: calculated: 0B, actual: 2064B
[260.776s][debug][gc,ihop           ] GC(1452) Basic information (value update), threshold: 685139558B (45.00), target occupancy: 1522532352B, current occupancy: 23400600B, recent allocation size: 0B, recent allocation duration: 43.20ms, recent old gen allocation rate: 0.00B/s, recent marking phase length: 38.29ms
[260.776s][debug][gc,ihop           ] GC(1452) Adaptive IHOP information (value update), threshold: 685139558B (47.37), internal target occupancy: 1446405734B, occupancy: 23400600B, additional buffer size: 913309696B, predicted old gen allocation rate: 3.31B/s, predicted marking phase length: 76.58ms, prediction active: false
[260.776s][debug][gc,ergo,refine    ] GC(1452) Concurrent refinement times: Logged Cards Scan time goal: 20.00ms Logged Cards Scan time: 0.00ms HCC time: 0.00ms
[260.776s][debug][gc,ergo,refine    ] GC(1452) Updated Refinement Zones: green: 2048, yellow: 6144, red: 10240
[260.776s][info ][gc,phases         ] GC(1452)   Pre Evacuate Collection Set: 0.1ms
[260.776s][debug][gc,phases         ] GC(1452)     Prepare TLABs: 0.0ms
[260.776s][debug][gc,phases         ] GC(1452)     Choose Collection Set: 0.0ms
[260.776s][debug][gc,phases         ] GC(1452)     Region Register: 0.1ms
[260.776s][debug][gc,phases         ] GC(1452)     Prepare Heap Roots: 0.0ms
[260.776s][info ][gc,phases         ] GC(1452)   Merge Heap Roots: 0.2ms
[260.776s][debug][gc,phases         ] GC(1452)     Prepare Merge Heap Roots: 0.0ms
[260.776s][debug][gc,phases         ] GC(1452)     Eager Reclaim (ms):       skipped
[260.776s][debug][gc,phases         ] GC(1452)     Remembered Sets (ms):     Min:  0.0, Avg:  0.0, Max:  0.1, Diff:  0.0, Sum:  0.3, Workers: 8
[260.776s][debug][gc,phases         ] GC(1452)       Merged Sparse:            Min: 0, Avg:  0.0, Max: 0, Diff: 0, Sum: 0, Workers: 8
[260.776s][debug][gc,phases         ] GC(1452)       Merged Fine:              Min: 0, Avg:  0.0, Max: 0, Diff: 0, Sum: 0, Workers: 8
[260.776s][debug][gc,phases         ] GC(1452)       Merged Coarse:            Min: 0, Avg:  0.0, Max: 0, Diff: 0, Sum: 0, Workers: 8
[260.776s][debug][gc,phases         ] GC(1452)       Dirty Cards:              Min: 0, Avg:  0.0, Max: 0, Diff: 0, Sum: 0, Workers: 8
[260.776s][debug][gc,phases         ] GC(1452)     Hot Card Cache (ms):      Min:  0.0, Avg:  0.0, Max:  0.0, Diff:  0.0, Sum:  0.0, Workers: 8
[260.776s][debug][gc,phases         ] GC(1452)       Dirty Cards:              Min: 0, Avg:  0.0, Max: 0, Diff: 0, Sum: 0, Workers: 8
[260.776s][debug][gc,phases         ] GC(1452)       Skipped Cards:            Min: 0, Avg:  0.0, Max: 0, Diff: 0, Sum: 0, Workers: 8
[260.776s][debug][gc,phases         ] GC(1452)     Log Buffers (ms):         Min:  0.0, Avg:  0.0, Max:  0.0, Diff:  0.0, Sum:  0.0, Workers: 8
[260.776s][debug][gc,phases         ] GC(1452)       Dirty Cards:              Min: 0, Avg:  0.1, Max: 1, Diff: 1, Sum: 1, Workers: 8
[260.776s][debug][gc,phases         ] GC(1452)       Skipped Cards:            Min: 0, Avg:  0.0, Max: 0, Diff: 0, Sum: 0, Workers: 8
[260.776s][info ][gc,phases         ] GC(1452)   Evacuate Collection Set: 0.4ms
[260.776s][debug][gc,phases         ] GC(1452)     Ext Root Scanning (ms):   Min:  0.2, Avg:  0.2, Max:  0.3, Diff:  0.1, Sum:  1.8, Workers: 8
[260.776s][debug][gc,phases         ] GC(1452)     Scan Heap Roots (ms):     Min:  0.0, Avg:  0.0, Max:  0.0, Diff:  0.0, Sum:  0.0, Workers: 8
[260.776s][debug][gc,phases         ] GC(1452)       Scanned Cards:            Min: 0, Avg:  0.1, Max: 1, Diff: 1, Sum: 1, Workers: 8
[260.776s][debug][gc,phases         ] GC(1452)       Scanned Blocks:           Min: 0, Avg:  0.1, Max: 1, Diff: 1, Sum: 1, Workers: 8
[260.776s][debug][gc,phases         ] GC(1452)       Claimed Chunks:           Min: 0, Avg:  0.1, Max: 1, Diff: 1, Sum: 1, Workers: 8
[260.776s][debug][gc,phases         ] GC(1452)     Code Root Scan (ms):      Min:  0.0, Avg:  0.0, Max:  0.0, Diff:  0.0, Sum:  0.2, Workers: 8
[260.776s][debug][gc,phases         ] GC(1452)     Object Copy (ms):         Min:  0.0, Avg:  0.0, Max:  0.0, Diff:  0.0, Sum:  0.0, Workers: 8
[260.776s][debug][gc,phases         ] GC(1452)     Termination (ms):         Min:  0.0, Avg:  0.1, Max:  0.1, Diff:  0.1, Sum:  0.6, Workers: 8
[260.776s][debug][gc,phases         ] GC(1452)       Termination Attempts:     Min: 1, Avg:  1.1, Max: 2, Diff: 1, Sum: 9, Workers: 8
[260.776s][debug][gc,phases         ] GC(1452)     GC Worker Other (ms):     Min:  0.0, Avg:  0.0, Max:  0.1, Diff:  0.0, Sum:  0.3, Workers: 8
[260.776s][debug][gc,phases         ] GC(1452)     GC Worker Total (ms):     Min:  0.3, Avg:  0.4, Max:  0.4, Diff:  0.1, Sum:  3.0, Workers: 8
[260.776s][info ][gc,phases         ] GC(1452)   Post Evacuate Collection Set: 0.6ms
[260.776s][debug][gc,phases         ] GC(1452)     Code Roots Fixup: 0.0ms
[260.776s][debug][gc,phases         ] GC(1452)     Clear Card Table: 0.2ms
[260.776s][debug][gc,phases         ] GC(1452)     Reference Processing: 0.0ms
[260.776s][debug][gc,phases,ref     ] GC(1452)       Reconsider SoftReferences: 0.0ms
[260.776s][debug][gc,phases,ref     ] GC(1452)         SoftRef (ms):             skipped
[260.776s][debug][gc,phases,ref     ] GC(1452)       Notify Soft/WeakReferences: 0.0ms
[260.776s][debug][gc,phases,ref     ] GC(1452)         SoftRef (ms):             skipped
[260.776s][debug][gc,phases,ref     ] GC(1452)         WeakRef (ms):             skipped
[260.776s][debug][gc,phases,ref     ] GC(1452)         FinalRef (ms):            skipped
[260.776s][debug][gc,phases,ref     ] GC(1452)         Total (ms):               skipped
[260.776s][debug][gc,phases,ref     ] GC(1452)       Notify and keep alive finalizable: 0.0ms
[260.776s][debug][gc,phases,ref     ] GC(1452)         FinalRef (ms):            skipped
[260.776s][debug][gc,phases,ref     ] GC(1452)       Notify PhantomReferences: 0.0ms
[260.776s][debug][gc,phases,ref     ] GC(1452)         PhantomRef (ms):          skipped
[260.776s][debug][gc,phases,ref     ] GC(1452)       SoftReference:
[260.776s][debug][gc,phases,ref     ] GC(1452)         Discovered: 0
[260.776s][debug][gc,phases,ref     ] GC(1452)         Cleared: 0
[260.776s][debug][gc,phases,ref     ] GC(1452)       WeakReference:
[260.776s][debug][gc,phases,ref     ] GC(1452)         Discovered: 0
[260.776s][debug][gc,phases,ref     ] GC(1452)         Cleared: 0
[260.776s][debug][gc,phases,ref     ] GC(1452)       FinalReference:
[260.776s][debug][gc,phases,ref     ] GC(1452)         Discovered: 0
[260.776s][debug][gc,phases,ref     ] GC(1452)         Cleared: 0
[260.776s][debug][gc,phases,ref     ] GC(1452)       PhantomReference:
[260.776s][debug][gc,phases,ref     ] GC(1452)         Discovered: 0
[260.776s][debug][gc,phases,ref     ] GC(1452)         Cleared: 0
[260.776s][debug][gc,phases         ] GC(1452)     Weak Processing: 0.0ms
[260.776s][debug][gc,phases         ] GC(1452)       JVMTI weak processing: 0.0ms
[260.776s][debug][gc,phases         ] GC(1452)         Dead: 0
[260.776s][debug][gc,phases         ] GC(1452)         Total: 0
[260.776s][debug][gc,phases         ] GC(1452)       JFR weak processing: 0.0ms
[260.776s][debug][gc,phases         ] GC(1452)         Dead: 0
[260.776s][debug][gc,phases         ] GC(1452)         Total: 0
[260.776s][debug][gc,phases         ] GC(1452)       JNI weak                  Min:  0.0, Avg:  0.0, Max:  0.0, Diff:  0.0, Sum:  0.0, Workers: 5
[260.776s][debug][gc,phases         ] GC(1452)         Dead                      Min: 0, Avg:  0.0, Max: 0, Diff: 0, Sum: 0, Workers: 5
[260.776s][debug][gc,phases         ] GC(1452)         Total                     Min: 0, Avg: 21.8, Max: 109, Diff: 109, Sum: 109, Workers: 5
[260.776s][debug][gc,phases         ] GC(1452)       VM weak                   Min:  0.0, Avg:  0.0, Max:  0.0, Diff:  0.0, Sum:  0.0, Workers: 5
[260.776s][debug][gc,phases         ] GC(1452)         Dead                      Min: 0, Avg:  0.0, Max: 0, Diff: 0, Sum: 0, Workers: 5
[260.776s][debug][gc,phases         ] GC(1452)         Total                     Min: 0, Avg: 42.6, Max: 128, Diff: 128, Sum: 213, Workers: 5
[260.776s][debug][gc,phases         ] GC(1452)       StringTable weak          Min:  0.0, Avg:  0.0, Max:  0.0, Diff:  0.0, Sum:  0.1, Workers: 5
[260.776s][debug][gc,phases         ] GC(1452)         Dead                      Min: 0, Avg:  0.0, Max: 0, Diff: 0, Sum: 0, Workers: 5
[260.776s][debug][gc,phases         ] GC(1452)         Total                     Min: 0, Avg: 721.8, Max: 1023, Diff: 1023, Sum: 3609, Workers: 5
[260.776s][debug][gc,phases         ] GC(1452)       ResolvedMethodTable weak  Min:  0.0, Avg:  0.0, Max:  0.0, Diff:  0.0, Sum:  0.0, Workers: 5
[260.776s][debug][gc,phases         ] GC(1452)         Dead                      Min: 0, Avg:  0.0, Max: 0, Diff: 0, Sum: 0, Workers: 5
[260.776s][debug][gc,phases         ] GC(1452)         Total                     Min: 0, Avg: 114.8, Max: 190, Diff: 190, Sum: 574, Workers: 5
[260.776s][debug][gc,phases         ] GC(1452)     Merge Per-Thread State: 0.0ms
[260.777s][debug][gc,phases         ] GC(1452)       Copied Bytes              Min: 216, Avg: 450322.0, Max: 800096, Diff: 799880, Sum: 3602576, Workers: 8
[260.777s][debug][gc,phases         ] GC(1452)       LAB Waste                 Min: 0, Avg:  0.0, Max: 0, Diff: 0, Sum: 0, Workers: 8
[260.777s][debug][gc,phases         ] GC(1452)       LAB Undo Waste            Min: 0, Avg:  0.0, Max: 0, Diff: 0, Sum: 0, Workers: 8
[260.777s][debug][gc,phases         ] GC(1452)     Code Roots Purge: 0.0ms
[260.777s][debug][gc,phases         ] GC(1452)     Redirty Cards: 0.0ms
[260.777s][debug][gc,phases         ] GC(1452)     DerivedPointerTable Update: 0.0ms
[260.777s][debug][gc,phases         ] GC(1452)     Free Collection Set: 0.2ms
[260.777s][debug][gc,phases         ] GC(1452)     Rebuild Free List: 0.1ms
[260.777s][debug][gc,phases         ] GC(1452)     Humongous Reclaim: 0.0ms
[260.777s][debug][gc,phases         ] GC(1452)     Start New Collection Set: 0.0ms
[260.777s][debug][gc,phases         ] GC(1452)     Resize TLABs: 0.0ms
[260.777s][debug][gc,phases         ] GC(1452)     Expand Heap After Collection: 0.0ms
[260.777s][info ][gc,phases         ] GC(1452)   Other: 0.3ms
[260.777s][info ][gc,heap           ] GC(1452) Eden regions: 867->0(866)
[260.777s][info ][gc,heap           ] GC(1452) Survivor regions: 4->5(109)
[260.777s][info ][gc,heap           ] GC(1452) Old regions: 18->18
[260.777s][info ][gc,heap           ] GC(1452) Archive regions: 2->2
[260.777s][info ][gc,heap           ] GC(1452) Humongous regions: 0->0
[260.777s][info ][gc,metaspace      ] GC(1452) Metaspace: 10458K(11136K)->10458K(11136K) NonClass: 9309K(9728K)->9309K(9728K) Class: 1149K(1408K)->1149K(1408K)
[260.777s][debug][gc,heap           ] GC(1452) Heap after GC invocations=1453 (full 1): garbage-first heap   total 1486848K, used 22852K [0x0000000700000000, 0x0000000800000000)
[260.777s][debug][gc,heap           ] GC(1452)   region size 1024K, 5 young (5120K), 5 survivors (5120K)
[260.777s][debug][gc,heap           ] GC(1452)  Metaspace       used 10458K, capacity 10758K, committed 11136K, reserved 1058816K
[260.777s][debug][gc,heap           ] GC(1452)   class space    used 1149K, capacity 1267K, committed 1408K, reserved 1048576K
[260.777s][info ][gc                ] GC(1452) Pause Young (Normal) (G1 Evacuation Pause) 888M->22M(1452M) 2.249ms
[260.777s][info ][gc,cpu            ] GC(1452) User=0.01s Sys=0.00s Real=0.00s
[260.777s][info ][safepoint         ] Safepoint "G1CollectForAllocation", Time since last: 42132742 ns, Reaching safepoint: 146246 ns, At safepoint: 2495951 ns, Total: 2642197 ns
[260.819s][debug][gc,heap           ] GC(1453) Heap before GC invocations=1453 (full 1): garbage-first heap   total 1486848K, used 908612K [0x0000000700000000, 0x0000000800000000)
[260.819s][debug][gc,heap           ] GC(1453)   region size 1024K, 871 young (891904K), 5 survivors (5120K)
[260.819s][debug][gc,heap           ] GC(1453)  Metaspace       used 10458K, capacity 10758K, committed 11136K, reserved 1058816K
[260.819s][debug][gc,heap           ] GC(1453)   class space    used 1149K, capacity 1267K, committed 1408K, reserved 1048576K
[260.819s][info ][gc,start          ] GC(1453) Pause Young (Normal) (G1 Evacuation Pause)
[260.819s][info ][gc,task           ] GC(1453) Using 8 workers of 8 for evacuation
[260.819s][debug][gc,tlab           ] GC(1453) TLAB totals: thrds: 8  refills: 14 max: 3 slow allocs: 1723 max 250 waste: 29.8% gc: 1086656B max: 224944B slow: 59256B max: 15088B fast: 0B max: 0B
[260.819s][debug][gc,age            ] GC(1453) Desired survivor size 57147392 bytes, new threshold 15 (max threshold 15)
[260.819s][debug][gc,alloc,region   ] GC(1453) Mutator Allocation stats, regions: 866, wasted size: 202M (23.4%)
[260.820s][debug][gc,ergo           ] GC(1453) Running G1 Merge Heap Roots using 8 workers for 871 regions
[260.820s][debug][gc,remset         ] GC(1453) Visited cards 512 Total dirty 4096 (12.50%) Total old 3608576 (0.01%)
[260.820s][debug][gc,ergo           ] GC(1453) Running G1 Clear Card Table Task using 2 workers for 2 units of work for 873 regions.
[260.820s][debug][gc,ref            ] GC(1453) Skipped phase1 of Reference Processing due to unavailable references
[260.820s][debug][gc,ref            ] GC(1453) Skipped phase2 of Reference Processing due to unavailable references
[260.820s][debug][gc,ref            ] GC(1453) Skipped phase3 of Reference Processing due to unavailable references
[260.820s][debug][gc,ref            ] GC(1453) Skipped phase4 of Reference Processing due to unavailable references
[260.820s][debug][gc,ergo           ] GC(1453) Running G1 Free Collection Set using 8 workers for collection set length 871 (1452)
[260.821s][debug][gc,ergo           ] GC(1453) Running G1 Rebuild Free List Task using 8 workers for rebuilding free list of 0 (4096) regions
[260.821s][trace][gc,age            ] GC(1453) Age table with threshold 15 (max threshold 15)
[260.821s][trace][gc,age            ] GC(1453) - age   1:    2002528 bytes,    2002528 total
[260.821s][debug][gc,plab           ] GC(1453) Young PLAB allocation: allocated: 16512B, wasted: 0B, unused: 14064B, used: 2448B, undo waste: 0B, 
[260.821s][debug][gc,plab           ] GC(1453) Young other allocation: region end waste: 480576B, regions filled: 3, direct allocated: 2000080B, failure used: 0B, failure wasted: 0B
[260.821s][debug][gc,plab           ] GC(1453) Young sizing: calculated: 0B, actual: 2064B
[260.821s][debug][gc,plab           ] GC(1453) Old PLAB allocation: allocated: 0B, wasted: 0B, unused: 0B, used: 0B, undo waste: 0B, 
[260.821s][debug][gc,plab           ] GC(1453) Old other allocation: region end waste: 0B, regions filled: 1, direct allocated: 0B, failure used: 0B, failure wasted: 0B
[260.821s][debug][gc,plab           ] GC(1453) Old sizing: calculated: 0B, actual: 2064B
[260.821s][debug][gc,ihop           ] GC(1453) Basic information (value update), threshold: 685139558B (45.00), target occupancy: 1522532352B, current occupancy: 21301392B, recent allocation size: 0B, recent allocation duration: 43.46ms, recent old gen allocation rate: 0.00B/s, recent marking phase length: 38.29ms
[260.821s][debug][gc,ihop           ] GC(1453) Adaptive IHOP information (value update), threshold: 685139558B (47.37), internal target occupancy: 1446405734B, occupancy: 21301392B, additional buffer size: 913309696B, predicted old gen allocation rate: 3.23B/s, predicted marking phase length: 76.58ms, prediction active: false
[260.821s][debug][gc,ergo,refine    ] GC(1453) Concurrent refinement times: Logged Cards Scan time goal: 20.00ms Logged Cards Scan time: 0.00ms HCC time: 0.00ms
[260.821s][debug][gc,ergo,refine    ] GC(1453) Updated Refinement Zones: green: 2048, yellow: 6144, red: 10240
[260.821s][info ][gc,phases         ] GC(1453)   Pre Evacuate Collection Set: 0.1ms
[260.821s][debug][gc,phases         ] GC(1453)     Prepare TLABs: 0.0ms
[260.821s][debug][gc,phases         ] GC(1453)     Choose Collection Set: 0.0ms
[260.821s][debug][gc,phases         ] GC(1453)     Region Register: 0.1ms
[260.821s][debug][gc,phases         ] GC(1453)     Prepare Heap Roots: 0.0ms
[260.821s][info ][gc,phases         ] GC(1453)   Merge Heap Roots: 0.1ms
[260.821s][debug][gc,phases         ] GC(1453)     Prepare Merge Heap Roots: 0.0ms
[260.821s][debug][gc,phases         ] GC(1453)     Eager Reclaim (ms):       skipped
[260.821s][debug][gc,phases         ] GC(1453)     Remembered Sets (ms):     Min:  0.0, Avg:  0.0, Max:  0.0, Diff:  0.0, Sum:  0.3, Workers: 8
[260.821s][debug][gc,phases         ] GC(1453)       Merged Sparse:            Min: 0, Avg:  0.0, Max: 0, Diff: 0, Sum: 0, Workers: 8
[260.821s][debug][gc,phases         ] GC(1453)       Merged Fine:              Min: 0, Avg:  0.0, Max: 0, Diff: 0, Sum: 0, Workers: 8
[260.821s][debug][gc,phases         ] GC(1453)       Merged Coarse:            Min: 0, Avg:  0.0, Max: 0, Diff: 0, Sum: 0, Workers: 8
[260.821s][debug][gc,phases         ] GC(1453)       Dirty Cards:              Min: 0, Avg:  0.0, Max: 0, Diff: 0, Sum: 0, Workers: 8
[260.821s][debug][gc,phases         ] GC(1453)     Hot Card Cache (ms):      Min:  0.0, Avg:  0.0, Max:  0.0, Diff:  0.0, Sum:  0.0, Workers: 8
[260.821s][debug][gc,phases         ] GC(1453)       Dirty Cards:              Min: 0, Avg:  0.0, Max: 0, Diff: 0, Sum: 0, Workers: 8
[260.821s][debug][gc,phases         ] GC(1453)       Skipped Cards:            Min: 0, Avg:  0.0, Max: 0, Diff: 0, Sum: 0, Workers: 8
[260.821s][debug][gc,phases         ] GC(1453)     Log Buffers (ms):         Min:  0.0, Avg:  0.0, Max:  0.0, Diff:  0.0, Sum:  0.0, Workers: 8
[260.821s][debug][gc,phases         ] GC(1453)       Dirty Cards:              Min: 0, Avg:  0.2, Max: 2, Diff: 2, Sum: 2, Workers: 8
[260.821s][debug][gc,phases         ] GC(1453)       Skipped Cards:            Min: 0, Avg:  0.0, Max: 0, Diff: 0, Sum: 0, Workers: 8
[260.821s][info ][gc,phases         ] GC(1453)   Evacuate Collection Set: 0.3ms
[260.821s][debug][gc,phases         ] GC(1453)     Ext Root Scanning (ms):   Min:  0.0, Avg:  0.1, Max:  0.2, Diff:  0.2, Sum:  0.9, Workers: 8
[260.821s][debug][gc,phases         ] GC(1453)     Scan Heap Roots (ms):     Min:  0.0, Avg:  0.0, Max:  0.0, Diff:  0.0, Sum:  0.0, Workers: 8
[260.821s][debug][gc,phases         ] GC(1453)       Scanned Cards:            Min: 0, Avg:  0.2, Max: 1, Diff: 1, Sum: 2, Workers: 8
[260.821s][debug][gc,phases         ] GC(1453)       Scanned Blocks:           Min: 0, Avg:  0.2, Max: 1, Diff: 1, Sum: 2, Workers: 8
[260.821s][debug][gc,phases         ] GC(1453)       Claimed Chunks:           Min: 0, Avg:  0.2, Max: 1, Diff: 1, Sum: 2, Workers: 8
[260.821s][debug][gc,phases         ] GC(1453)     Code Root Scan (ms):      Min:  0.0, Avg:  0.0, Max:  0.1, Diff:  0.1, Sum:  0.2, Workers: 8
[260.821s][debug][gc,phases         ] GC(1453)     Object Copy (ms):         Min:  0.0, Avg:  0.0, Max:  0.0, Diff:  0.0, Sum:  0.0, Workers: 8
[260.821s][debug][gc,phases         ] GC(1453)     Termination (ms):         Min:  0.1, Avg:  0.1, Max:  0.1, Diff:  0.0, Sum:  0.5, Workers: 8
[260.821s][debug][gc,phases         ] GC(1453)       Termination Attempts:     Min: 1, Avg:  1.0, Max: 1, Diff: 0, Sum: 8, Workers: 8
[260.821s][debug][gc,phases         ] GC(1453)     GC Worker Other (ms):     Min:  0.0, Avg:  0.0, Max:  0.1, Diff:  0.1, Sum:  0.4, Workers: 8
[260.821s][debug][gc,phases         ] GC(1453)     GC Worker Total (ms):     Min:  0.2, Avg:  0.3, Max:  0.3, Diff:  0.0, Sum:  2.0, Workers: 8
[260.821s][info ][gc,phases         ] GC(1453)   Post Evacuate Collection Set: 0.6ms
[260.821s][debug][gc,phases         ] GC(1453)     Code Roots Fixup: 0.0ms
[260.821s][debug][gc,phases         ] GC(1453)     Clear Card Table: 0.2ms
[260.821s][debug][gc,phases         ] GC(1453)     Reference Processing: 0.0ms
[260.821s][debug][gc,phases,ref     ] GC(1453)       Reconsider SoftReferences: 0.0ms
[260.821s][debug][gc,phases,ref     ] GC(1453)         SoftRef (ms):             skipped
[260.821s][debug][gc,phases,ref     ] GC(1453)       Notify Soft/WeakReferences: 0.0ms
[260.821s][debug][gc,phases,ref     ] GC(1453)         SoftRef (ms):             skipped
[260.821s][debug][gc,phases,ref     ] GC(1453)         WeakRef (ms):             skipped
[260.821s][debug][gc,phases,ref     ] GC(1453)         FinalRef (ms):            skipped
[260.821s][debug][gc,phases,ref     ] GC(1453)         Total (ms):               skipped
[260.821s][debug][gc,phases,ref     ] GC(1453)       Notify and keep alive finalizable: 0.0ms
[260.821s][debug][gc,phases,ref     ] GC(1453)         FinalRef (ms):            skipped
[260.821s][debug][gc,phases,ref     ] GC(1453)       Notify PhantomReferences: 0.0ms
[260.821s][debug][gc,phases,ref     ] GC(1453)         PhantomRef (ms):          skipped
[260.821s][debug][gc,phases,ref     ] GC(1453)       SoftReference:
[260.821s][debug][gc,phases,ref     ] GC(1453)         Discovered: 0
[260.821s][debug][gc,phases,ref     ] GC(1453)         Cleared: 0
[260.821s][debug][gc,phases,ref     ] GC(1453)       WeakReference:
[260.821s][debug][gc,phases,ref     ] GC(1453)         Discovered: 0
[260.821s][debug][gc,phases,ref     ] GC(1453)         Cleared: 0
[260.821s][debug][gc,phases,ref     ] GC(1453)       FinalReference:
[260.821s][debug][gc,phases,ref     ] GC(1453)         Discovered: 0
[260.821s][debug][gc,phases,ref     ] GC(1453)         Cleared: 0
[260.821s][debug][gc,phases,ref     ] GC(1453)       PhantomReference:
[260.821s][debug][gc,phases,ref     ] GC(1453)         Discovered: 0
[260.821s][debug][gc,phases,ref     ] GC(1453)         Cleared: 0
[260.821s][debug][gc,phases         ] GC(1453)     Weak Processing: 0.1ms
[260.821s][debug][gc,phases         ] GC(1453)       JVMTI weak processing: 0.0ms
[260.821s][debug][gc,phases         ] GC(1453)         Dead: 0
[260.821s][debug][gc,phases         ] GC(1453)         Total: 0
[260.821s][debug][gc,phases         ] GC(1453)       JFR weak processing: 0.0ms
[260.821s][debug][gc,phases         ] GC(1453)         Dead: 0
[260.821s][debug][gc,phases         ] GC(1453)         Total: 0
[260.821s][debug][gc,phases         ] GC(1453)       JNI weak                  Min:  0.0, Avg:  0.0, Max:  0.0, Diff:  0.0, Sum:  0.0, Workers: 5
[260.821s][debug][gc,phases         ] GC(1453)         Dead                      Min: 0, Avg:  0.0, Max: 0, Diff: 0, Sum: 0, Workers: 5
[260.821s][debug][gc,phases         ] GC(1453)         Total                     Min: 0, Avg: 21.8, Max: 64, Diff: 64, Sum: 109, Workers: 5
[260.821s][debug][gc,phases         ] GC(1453)       VM weak                   Min:  0.0, Avg:  0.0, Max:  0.0, Diff:  0.0, Sum:  0.0, Workers: 5
[260.821s][debug][gc,phases         ] GC(1453)         Dead                      Min: 0, Avg:  0.0, Max: 0, Diff: 0, Sum: 0, Workers: 5
[260.821s][debug][gc,phases         ] GC(1453)         Total                     Min: 0, Avg: 42.6, Max: 149, Diff: 149, Sum: 213, Workers: 5
[260.821s][debug][gc,phases         ] GC(1453)       StringTable weak          Min:  0.0, Avg:  0.0, Max:  0.0, Diff:  0.0, Sum:  0.0, Workers: 5
[260.821s][debug][gc,phases         ] GC(1453)         Dead                      Min: 0, Avg:  0.0, Max: 0, Diff: 0, Sum: 0, Workers: 5
[260.821s][debug][gc,phases         ] GC(1453)         Total                     Min: 0, Avg: 721.8, Max: 2047, Diff: 2047, Sum: 3609, Workers: 5
[260.821s][debug][gc,phases         ] GC(1453)       ResolvedMethodTable weak  Min:  0.0, Avg:  0.0, Max:  0.0, Diff:  0.0, Sum:  0.0, Workers: 5
[260.821s][debug][gc,phases         ] GC(1453)         Dead                      Min: 0, Avg:  0.0, Max: 0, Diff: 0, Sum: 0, Workers: 5
[260.821s][debug][gc,phases         ] GC(1453)         Total                     Min: 0, Avg: 114.8, Max: 318, Diff: 318, Sum: 574, Workers: 5
[260.821s][debug][gc,phases         ] GC(1453)     Merge Per-Thread State: 0.0ms
[260.821s][debug][gc,phases         ] GC(1453)       Copied Bytes              Min: 72, Avg: 250316.0, Max: 400408, Diff: 400336, Sum: 2002528, Workers: 8
[260.821s][debug][gc,phases         ] GC(1453)       LAB Waste                 Min: 0, Avg:  0.0, Max: 0, Diff: 0, Sum: 0, Workers: 8
[260.821s][debug][gc,phases         ] GC(1453)       LAB Undo Waste            Min: 0, Avg:  0.0, Max: 0, Diff: 0, Sum: 0, Workers: 8
[260.821s][debug][gc,phases         ] GC(1453)     Code Roots Purge: 0.0ms
[260.821s][debug][gc,phases         ] GC(1453)     Redirty Cards: 0.0ms
[260.821s][debug][gc,phases         ] GC(1453)     DerivedPointerTable Update: 0.0ms
[260.821s][debug][gc,phases         ] GC(1453)     Free Collection Set: 0.2ms
[260.821s][debug][gc,phases         ] GC(1453)     Rebuild Free List: 0.1ms
[260.821s][debug][gc,phases         ] GC(1453)     Humongous Reclaim: 0.0ms
[260.821s][debug][gc,phases         ] GC(1453)     Start New Collection Set: 0.0ms
[260.821s][debug][gc,phases         ] GC(1453)     Resize TLABs: 0.0ms
[260.821s][debug][gc,phases         ] GC(1453)     Expand Heap After Collection: 0.0ms
[260.821s][info ][gc,phases         ] GC(1453)   Other: 0.3ms
[260.821s][info ][gc,heap           ] GC(1453) Eden regions: 866->0(868)
[260.821s][info ][gc,heap           ] GC(1453) Survivor regions: 5->3(109)
[260.821s][info ][gc,heap           ] GC(1453) Old regions: 18->18
[260.821s][info ][gc,heap           ] GC(1453) Archive regions: 2->2
[260.821s][info ][gc,heap           ] GC(1453) Humongous regions: 0->0
[260.821s][info ][gc,metaspace      ] GC(1453) Metaspace: 10458K(11136K)->10458K(11136K) NonClass: 9309K(9728K)->9309K(9728K) Class: 1149K(1408K)->1149K(1408K)
[260.821s][debug][gc,heap           ] GC(1453) Heap after GC invocations=1454 (full 1): garbage-first heap   total 1486848K, used 20802K [0x0000000700000000, 0x0000000800000000)
[260.821s][debug][gc,heap           ] GC(1453)   region size 1024K, 3 young (3072K), 3 survivors (3072K)
[260.821s][debug][gc,heap           ] GC(1453)  Metaspace       used 10458K, capacity 10758K, committed 11136K, reserved 1058816K
[260.821s][debug][gc,heap           ] GC(1453)   class space    used 1149K, capacity 1267K, committed 1408K, reserved 1048576K
[260.821s][info ][gc                ] GC(1453) Pause Young (Normal) (G1 Evacuation Pause) 888M->20M(1452M) 2.084ms
[260.821s][info ][gc,cpu            ] GC(1453) User=0.00s Sys=0.00s Real=0.01s
[260.822s][info ][safepoint         ] Safepoint "G1CollectForAllocation", Time since last: 42237932 ns, Reaching safepoint: 202434 ns, At safepoint: 2305826 ns, Total: 2508260 ns
[260.864s][debug][gc,heap           ] GC(1454) Heap before GC invocations=1454 (full 1): garbage-first heap   total 1486848K, used 908610K [0x0000000700000000, 0x0000000800000000)
[260.864s][debug][gc,heap           ] GC(1454)   region size 1024K, 871 young (891904K), 3 survivors (3072K)
[260.864s][debug][gc,heap           ] GC(1454)  Metaspace       used 10458K, capacity 10758K, committed 11136K, reserved 1058816K
[260.864s][debug][gc,heap           ] GC(1454)   class space    used 1149K, capacity 1267K, committed 1408K, reserved 1048576K
[260.864s][info ][gc,start          ] GC(1454) Pause Young (Normal) (G1 Evacuation Pause)
[260.864s][info ][gc,task           ] GC(1454) Using 8 workers of 8 for evacuation
[260.864s][debug][gc,tlab           ] GC(1454) TLAB totals: thrds: 8  refills: 16 max: 3 slow allocs: 1726 max 261 waste: 21.0% gc: 1057792B max: 243504B slow: 86624B max: 15096B fast: 0B max: 0B
[260.864s][debug][gc,age            ] GC(1454) Desired survivor size 57147392 bytes, new threshold 15 (max threshold 15)
[260.864s][debug][gc,alloc,region   ] GC(1454) Mutator Allocation stats, regions: 868, wasted size: 203M (23.4%)
[260.864s][debug][gc,ergo           ] GC(1454) Running G1 Merge Heap Roots using 8 workers for 871 regions
[260.865s][debug][gc,remset         ] GC(1454) Visited cards 256 Total dirty 2048 (12.50%) Total old 3608576 (0.01%)
[260.865s][debug][gc,ergo           ] GC(1454) Running G1 Clear Card Table Task using 2 workers for 2 units of work for 872 regions.
[260.865s][debug][gc,ref            ] GC(1454) Skipped phase1 of Reference Processing due to unavailable references
[260.865s][debug][gc,ref            ] GC(1454) Skipped phase2 of Reference Processing due to unavailable references
[260.865s][debug][gc,ref            ] GC(1454) Skipped phase3 of Reference Processing due to unavailable references
[260.865s][debug][gc,ref            ] GC(1454) Skipped phase4 of Reference Processing due to unavailable references
[260.865s][debug][gc,ergo           ] GC(1454) Running G1 Free Collection Set using 8 workers for collection set length 871 (1452)
[260.866s][debug][gc,ergo           ] GC(1454) Running G1 Rebuild Free List Task using 8 workers for rebuilding free list of 0 (4096) regions
[260.866s][trace][gc,age            ] GC(1454) Age table with threshold 15 (max threshold 15)
[260.866s][trace][gc,age            ] GC(1454) - age   1:    2802560 bytes,    2802560 total
[260.866s][debug][gc,plab           ] GC(1454) Young PLAB allocation: allocated: 16512B, wasted: 0B, unused: 14064B, used: 2448B, undo waste: 0B, 
[260.866s][debug][gc,plab           ] GC(1454) Young other allocation: region end waste: 729120B, regions filled: 4, direct allocated: 2800112B, failure used: 0B, failure wasted: 0B
[260.866s][debug][gc,plab           ] GC(1454) Young sizing: calculated: 0B, actual: 2064B
[260.866s][debug][gc,plab           ] GC(1454) Old PLAB allocation: allocated: 0B, wasted: 0B, unused: 0B, used: 0B, undo waste: 0B, 
[260.866s][debug][gc,plab           ] GC(1454) Old other allocation: region end waste: 0B, regions filled: 1, direct allocated: 0B, failure used: 0B, failure wasted: 0B
[260.866s][debug][gc,plab           ] GC(1454) Old sizing: calculated: 0B, actual: 2064B
[260.866s][debug][gc,ihop           ] GC(1454) Basic information (value update), threshold: 685139558B (45.00), target occupancy: 1522532352B, current occupancy: 22349968B, recent allocation size: 0B, recent allocation duration: 43.49ms, recent old gen allocation rate: 0.00B/s, recent marking phase length: 38.29ms
[260.866s][debug][gc,ihop           ] GC(1454) Adaptive IHOP information (value update), threshold: 685139558B (47.37), internal target occupancy: 1446405734B, occupancy: 22349968B, additional buffer size: 913309696B, predicted old gen allocation rate: 3.15B/s, predicted marking phase length: 76.58ms, prediction active: false
[260.866s][debug][gc,ergo,refine    ] GC(1454) Concurrent refinement times: Logged Cards Scan time goal: 20.00ms Logged Cards Scan time: 0.00ms HCC time: 0.00ms
[260.866s][debug][gc,ergo,refine    ] GC(1454) Updated Refinement Zones: green: 2048, yellow: 6144, red: 10240
[260.866s][info ][gc,phases         ] GC(1454)   Pre Evacuate Collection Set: 0.1ms
[260.866s][debug][gc,phases         ] GC(1454)     Prepare TLABs: 0.0ms
[260.866s][debug][gc,phases         ] GC(1454)     Choose Collection Set: 0.0ms
[260.866s][debug][gc,phases         ] GC(1454)     Region Register: 0.1ms
[260.866s][debug][gc,phases         ] GC(1454)     Prepare Heap Roots: 0.0ms
[260.866s][info ][gc,phases         ] GC(1454)   Merge Heap Roots: 0.2ms
[260.866s][debug][gc,phases         ] GC(1454)     Prepare Merge Heap Roots: 0.0ms
[260.866s][debug][gc,phases         ] GC(1454)     Eager Reclaim (ms):       skipped
[260.866s][debug][gc,phases         ] GC(1454)     Remembered Sets (ms):     Min:  0.0, Avg:  0.1, Max:  0.1, Diff:  0.1, Sum:  0.4, Workers: 8
[260.866s][debug][gc,phases         ] GC(1454)       Merged Sparse:            Min: 0, Avg:  0.0, Max: 0, Diff: 0, Sum: 0, Workers: 8
[260.866s][debug][gc,phases         ] GC(1454)       Merged Fine:              Min: 0, Avg:  0.0, Max: 0, Diff: 0, Sum: 0, Workers: 8
[260.866s][debug][gc,phases         ] GC(1454)       Merged Coarse:            Min: 0, Avg:  0.0, Max: 0, Diff: 0, Sum: 0, Workers: 8
[260.866s][debug][gc,phases         ] GC(1454)       Dirty Cards:              Min: 0, Avg:  0.0, Max: 0, Diff: 0, Sum: 0, Workers: 8
[260.866s][debug][gc,phases         ] GC(1454)     Hot Card Cache (ms):      Min:  0.0, Avg:  0.0, Max:  0.0, Diff:  0.0, Sum:  0.0, Workers: 8
[260.866s][debug][gc,phases         ] GC(1454)       Dirty Cards:              Min: 0, Avg:  0.0, Max: 0, Diff: 0, Sum: 0, Workers: 8
[260.866s][debug][gc,phases         ] GC(1454)       Skipped Cards:            Min: 0, Avg:  0.0, Max: 0, Diff: 0, Sum: 0, Workers: 8
[260.866s][debug][gc,phases         ] GC(1454)     Log Buffers (ms):         Min:  0.0, Avg:  0.0, Max:  0.0, Diff:  0.0, Sum:  0.0, Workers: 8
[260.866s][debug][gc,phases         ] GC(1454)       Dirty Cards:              Min: 0, Avg:  0.1, Max: 1, Diff: 1, Sum: 1, Workers: 8
[260.866s][debug][gc,phases         ] GC(1454)       Skipped Cards:            Min: 0, Avg:  0.0, Max: 0, Diff: 0, Sum: 0, Workers: 8
[260.866s][info ][gc,phases         ] GC(1454)   Evacuate Collection Set: 0.5ms
[260.866s][debug][gc,phases         ] GC(1454)     Ext Root Scanning (ms):   Min:  0.1, Avg:  0.2, Max:  0.3, Diff:  0.2, Sum:  1.8, Workers: 8
[260.866s][debug][gc,phases         ] GC(1454)     Scan Heap Roots (ms):     Min:  0.0, Avg:  0.0, Max:  0.0, Diff:  0.0, Sum:  0.0, Workers: 8
[260.866s][debug][gc,phases         ] GC(1454)       Scanned Cards:            Min: 0, Avg:  0.1, Max: 1, Diff: 1, Sum: 1, Workers: 8
[260.866s][debug][gc,phases         ] GC(1454)       Scanned Blocks:           Min: 0, Avg:  0.1, Max: 1, Diff: 1, Sum: 1, Workers: 8
[260.866s][debug][gc,phases         ] GC(1454)       Claimed Chunks:           Min: 0, Avg:  0.1, Max: 1, Diff: 1, Sum: 1, Workers: 8
[260.866s][debug][gc,phases         ] GC(1454)     Code Root Scan (ms):      Min:  0.0, Avg:  0.0, Max:  0.0, Diff:  0.0, Sum:  0.2, Workers: 8
[260.866s][debug][gc,phases         ] GC(1454)     Object Copy (ms):         Min:  0.0, Avg:  0.0, Max:  0.0, Diff:  0.0, Sum:  0.0, Workers: 8
[260.866s][debug][gc,phases         ] GC(1454)     Termination (ms):         Min:  0.0, Avg:  0.1, Max:  0.1, Diff:  0.1, Sum:  0.8, Workers: 8
[260.866s][debug][gc,phases         ] GC(1454)       Termination Attempts:     Min: 1, Avg:  1.0, Max: 1, Diff: 0, Sum: 8, Workers: 8
[260.866s][debug][gc,phases         ] GC(1454)     GC Worker Other (ms):     Min:  0.0, Avg:  0.0, Max:  0.1, Diff:  0.0, Sum:  0.4, Workers: 8
[260.866s][debug][gc,phases         ] GC(1454)     GC Worker Total (ms):     Min:  0.4, Avg:  0.4, Max:  0.4, Diff:  0.0, Sum:  3.2, Workers: 8
[260.866s][info ][gc,phases         ] GC(1454)   Post Evacuate Collection Set: 0.6ms
[260.866s][debug][gc,phases         ] GC(1454)     Code Roots Fixup: 0.0ms
[260.866s][debug][gc,phases         ] GC(1454)     Clear Card Table: 0.2ms
[260.866s][debug][gc,phases         ] GC(1454)     Reference Processing: 0.0ms
[260.866s][debug][gc,phases,ref     ] GC(1454)       Reconsider SoftReferences: 0.0ms
[260.866s][debug][gc,phases,ref     ] GC(1454)         SoftRef (ms):             skipped
[260.866s][debug][gc,phases,ref     ] GC(1454)       Notify Soft/WeakReferences: 0.0ms
[260.866s][debug][gc,phases,ref     ] GC(1454)         SoftRef (ms):             skipped
[260.866s][debug][gc,phases,ref     ] GC(1454)         WeakRef (ms):             skipped
[260.866s][debug][gc,phases,ref     ] GC(1454)         FinalRef (ms):            skipped
[260.866s][debug][gc,phases,ref     ] GC(1454)         Total (ms):               skipped
[260.866s][debug][gc,phases,ref     ] GC(1454)       Notify and keep alive finalizable: 0.0ms
[260.866s][debug][gc,phases,ref     ] GC(1454)         FinalRef (ms):            skipped
[260.866s][debug][gc,phases,ref     ] GC(1454)       Notify PhantomReferences: 0.0ms
[260.866s][debug][gc,phases,ref     ] GC(1454)         PhantomRef (ms):          skipped
[260.866s][debug][gc,phases,ref     ] GC(1454)       SoftReference:
[260.866s][debug][gc,phases,ref     ] GC(1454)         Discovered: 0
[260.866s][debug][gc,phases,ref     ] GC(1454)         Cleared: 0
[260.866s][debug][gc,phases,ref     ] GC(1454)       WeakReference:
[260.866s][debug][gc,phases,ref     ] GC(1454)         Discovered: 0
[260.866s][debug][gc,phases,ref     ] GC(1454)         Cleared: 0
[260.866s][debug][gc,phases,ref     ] GC(1454)       FinalReference:
[260.866s][debug][gc,phases,ref     ] GC(1454)         Discovered: 0
[260.866s][debug][gc,phases,ref     ] GC(1454)         Cleared: 0
[260.866s][debug][gc,phases,ref     ] GC(1454)       PhantomReference:
[260.866s][debug][gc,phases,ref     ] GC(1454)         Discovered: 0
[260.866s][debug][gc,phases,ref     ] GC(1454)         Cleared: 0
[260.866s][debug][gc,phases         ] GC(1454)     Weak Processing: 0.0ms
[260.866s][debug][gc,phases         ] GC(1454)       JVMTI weak processing: 0.0ms
[260.866s][debug][gc,phases         ] GC(1454)         Dead: 0
[260.866s][debug][gc,phases         ] GC(1454)         Total: 0
[260.866s][debug][gc,phases         ] GC(1454)       JFR weak processing: 0.0ms
[260.866s][debug][gc,phases         ] GC(1454)         Dead: 0
[260.866s][debug][gc,phases         ] GC(1454)         Total: 0
[260.866s][debug][gc,phases         ] GC(1454)       JNI weak                  Min:  0.0, Avg:  0.0, Max:  0.0, Diff:  0.0, Sum:  0.0, Workers: 5
[260.866s][debug][gc,phases         ] GC(1454)         Dead                      Min: 0, Avg:  0.0, Max: 0, Diff: 0, Sum: 0, Workers: 5
[260.866s][debug][gc,phases         ] GC(1454)         Total                     Min: 0, Avg: 21.8, Max: 64, Diff: 64, Sum: 109, Workers: 5
[260.866s][debug][gc,phases         ] GC(1454)       VM weak                   Min:  0.0, Avg:  0.0, Max:  0.0, Diff:  0.0, Sum:  0.0, Workers: 5
[260.866s][debug][gc,phases         ] GC(1454)         Dead                      Min: 0, Avg:  0.0, Max: 0, Diff: 0, Sum: 0, Workers: 5
[260.866s][debug][gc,phases         ] GC(1454)         Total                     Min: 0, Avg: 42.6, Max: 64, Diff: 64, Sum: 213, Workers: 5
[260.866s][debug][gc,phases         ] GC(1454)       StringTable weak          Min:  0.0, Avg:  0.0, Max:  0.0, Diff:  0.0, Sum:  0.1, Workers: 5
[260.866s][debug][gc,phases         ] GC(1454)         Dead                      Min: 0, Avg:  0.0, Max: 0, Diff: 0, Sum: 0, Workers: 5
[260.866s][debug][gc,phases         ] GC(1454)         Total                     Min: 0, Avg: 721.8, Max: 960, Diff: 960, Sum: 3609, Workers: 5
[260.866s][debug][gc,phases         ] GC(1454)       ResolvedMethodTable weak  Min:  0.0, Avg:  0.0, Max:  0.0, Diff:  0.0, Sum:  0.0, Workers: 5
[260.866s][debug][gc,phases         ] GC(1454)         Dead                      Min: 0, Avg:  0.0, Max: 0, Diff: 0, Sum: 0, Workers: 5
[260.866s][debug][gc,phases         ] GC(1454)         Total                     Min: 0, Avg: 114.8, Max: 190, Diff: 190, Sum: 574, Workers: 5
[260.866s][debug][gc,phases         ] GC(1454)     Merge Per-Thread State: 0.0ms
[260.866s][debug][gc,phases         ] GC(1454)       Copied Bytes              Min: 600, Avg: 350320.0, Max: 400664, Diff: 400064, Sum: 2802560, Workers: 8
[260.866s][debug][gc,phases         ] GC(1454)       LAB Waste                 Min: 0, Avg:  0.0, Max: 0, Diff: 0, Sum: 0, Workers: 8
[260.866s][debug][gc,phases         ] GC(1454)       LAB Undo Waste            Min: 0, Avg:  0.0, Max: 0, Diff: 0, Sum: 0, Workers: 8
[260.866s][debug][gc,phases         ] GC(1454)     Code Roots Purge: 0.0ms
[260.866s][debug][gc,phases         ] GC(1454)     Redirty Cards: 0.0ms
[260.866s][debug][gc,phases         ] GC(1454)     DerivedPointerTable Update: 0.0ms
[260.866s][debug][gc,phases         ] GC(1454)     Free Collection Set: 0.2ms
[260.866s][debug][gc,phases         ] GC(1454)     Rebuild Free List: 0.1ms
[260.866s][debug][gc,phases         ] GC(1454)     Humongous Reclaim: 0.0ms
[260.866s][debug][gc,phases         ] GC(1454)     Start New Collection Set: 0.0ms
[260.866s][debug][gc,phases         ] GC(1454)     Resize TLABs: 0.0ms
[260.866s][debug][gc,phases         ] GC(1454)     Expand Heap After Collection: 0.0ms
[260.866s][info ][gc,phases         ] GC(1454)   Other: 0.3ms
[260.866s][info ][gc,heap           ] GC(1454) Eden regions: 868->0(867)
[260.866s][info ][gc,heap           ] GC(1454) Survivor regions: 3->4(109)
[260.866s][info ][gc,heap           ] GC(1454) Old regions: 18->18
[260.866s][info ][gc,heap           ] GC(1454) Archive regions: 2->2
[260.866s][info ][gc,heap           ] GC(1454) Humongous regions: 0->0
[260.866s][info ][gc,metaspace      ] GC(1454) Metaspace: 10458K(11136K)->10458K(11136K) NonClass: 9309K(9728K)->9309K(9728K) Class: 1149K(1408K)->1149K(1408K)
[260.866s][debug][gc,heap           ] GC(1454) Heap after GC invocations=1455 (full 1): garbage-first heap   total 1486848K, used 21826K [0x0000000700000000, 0x0000000800000000)
[260.866s][debug][gc,heap           ] GC(1454)   region size 1024K, 4 young (4096K), 4 survivors (4096K)
[260.866s][debug][gc,heap           ] GC(1454)  Metaspace       used 10458K, capacity 10758K, committed 11136K, reserved 1058816K
[260.866s][debug][gc,heap           ] GC(1454)   class space    used 1149K, capacity 1267K, committed 1408K, reserved 1048576K
[260.867s][info ][gc                ] GC(1454) Pause Young (Normal) (G1 Evacuation Pause) 888M->21M(1452M) 2.379ms
[260.867s][info ][gc,cpu            ] GC(1454) User=0.01s Sys=0.00s Real=0.00s
[260.867s][info ][safepoint         ] Safepoint "G1CollectForAllocation", Time since last: 42280886 ns, Reaching safepoint: 201546 ns, At safepoint: 2536836 ns, Total: 2738382 ns
[260.912s][debug][gc,heap           ] GC(1455) Heap before GC invocations=1455 (full 1): garbage-first heap   total 1486848K, used 908610K [0x0000000700000000, 0x0000000800000000)
[260.912s][debug][gc,heap           ] GC(1455)   region size 1024K, 871 young (891904K), 4 survivors (4096K)
[260.912s][debug][gc,heap           ] GC(1455)  Metaspace       used 10458K, capacity 10758K, committed 11136K, reserved 1058816K
[260.912s][debug][gc,heap           ] GC(1455)   class space    used 1149K, capacity 1267K, committed 1408K, reserved 1048576K
[260.912s][info ][gc,start          ] GC(1455) Pause Young (Normal) (G1 Evacuation Pause)
[260.912s][info ][gc,task           ] GC(1455) Using 8 workers of 8 for evacuation
[260.912s][debug][gc,tlab           ] GC(1455) TLAB totals: thrds: 8  refills: 16 max: 3 slow allocs: 1724 max 246 waste: 26.3% gc: 1307984B max: 234648B slow: 85840B max: 15096B fast: 0B max: 0B
[260.912s][debug][gc,age            ] GC(1455) Desired survivor size 57147392 bytes, new threshold 15 (max threshold 15)
[260.912s][debug][gc,alloc,region   ] GC(1455) Mutator Allocation stats, regions: 867, wasted size: 202M (23.4%)
[260.912s][debug][gc,ergo           ] GC(1455) Running G1 Merge Heap Roots using 8 workers for 871 regions
[260.912s][debug][gc,remset         ] GC(1455) Visited cards 256 Total dirty 2048 (12.50%) Total old 3608576 (0.01%)
[260.913s][debug][gc,ergo           ] GC(1455) Running G1 Clear Card Table Task using 2 workers for 2 units of work for 872 regions.
[260.913s][debug][gc,ref            ] GC(1455) Skipped phase1 of Reference Processing due to unavailable references
[260.913s][debug][gc,ref            ] GC(1455) Skipped phase2 of Reference Processing due to unavailable references
[260.913s][debug][gc,ref            ] GC(1455) Skipped phase3 of Reference Processing due to unavailable references
[260.913s][debug][gc,ref            ] GC(1455) Skipped phase4 of Reference Processing due to unavailable references
[260.913s][debug][gc,ergo           ] GC(1455) Running G1 Free Collection Set using 8 workers for collection set length 871 (1452)
[260.913s][debug][gc,ergo           ] GC(1455) Running G1 Rebuild Free List Task using 8 workers for rebuilding free list of 0 (4096) regions
[260.914s][trace][gc,age            ] GC(1455) Age table with threshold 15 (max threshold 15)
[260.914s][trace][gc,age            ] GC(1455) - age   1:    3602576 bytes,    3602576 total
[260.914s][debug][gc,plab           ] GC(1455) Young PLAB allocation: allocated: 16512B, wasted: 0B, unused: 14064B, used: 2448B, undo waste: 0B, 
[260.914s][debug][gc,plab           ] GC(1455) Young other allocation: region end waste: 981800B, regions filled: 5, direct allocated: 3600128B, failure used: 0B, failure wasted: 0B
[260.914s][debug][gc,plab           ] GC(1455) Young sizing: calculated: 0B, actual: 2064B
[260.914s][debug][gc,plab           ] GC(1455) Old PLAB allocation: allocated: 0B, wasted: 0B, unused: 0B, used: 0B, undo waste: 0B, 
[260.914s][debug][gc,plab           ] GC(1455) Old other allocation: region end waste: 0B, regions filled: 1, direct allocated: 0B, failure used: 0B, failure wasted: 0B
[260.914s][debug][gc,plab           ] GC(1455) Old sizing: calculated: 0B, actual: 2064B
[260.914s][debug][gc,ihop           ] GC(1455) Basic information (value update), threshold: 685139558B (45.00), target occupancy: 1522532352B, current occupancy: 23402664B, recent allocation size: 0B, recent allocation duration: 46.31ms, recent old gen allocation rate: 0.00B/s, recent marking phase length: 38.29ms
[260.914s][debug][gc,ihop           ] GC(1455) Adaptive IHOP information (value update), threshold: 685139558B (47.37), internal target occupancy: 1446405734B, occupancy: 23402664B, additional buffer size: 913309696B, predicted old gen allocation rate: 3.07B/s, predicted marking phase length: 76.58ms, prediction active: false
[260.914s][debug][gc,ergo,refine    ] GC(1455) Concurrent refinement times: Logged Cards Scan time goal: 20.00ms Logged Cards Scan time: 0.00ms HCC time: 0.00ms
[260.914s][debug][gc,ergo,refine    ] GC(1455) Updated Refinement Zones: green: 2048, yellow: 6144, red: 10240
[260.914s][info ][gc,phases         ] GC(1455)   Pre Evacuate Collection Set: 0.2ms
[260.914s][debug][gc,phases         ] GC(1455)     Prepare TLABs: 0.0ms
[260.914s][debug][gc,phases         ] GC(1455)     Choose Collection Set: 0.0ms
[260.914s][debug][gc,phases         ] GC(1455)     Region Register: 0.2ms
[260.914s][debug][gc,phases         ] GC(1455)     Prepare Heap Roots: 0.0ms
[260.914s][info ][gc,phases         ] GC(1455)   Merge Heap Roots: 0.2ms
[260.914s][debug][gc,phases         ] GC(1455)     Prepare Merge Heap Roots: 0.0ms
[260.914s][debug][gc,phases         ] GC(1455)     Eager Reclaim (ms):       skipped
[260.914s][debug][gc,phases         ] GC(1455)     Remembered Sets (ms):     Min:  0.0, Avg:  0.0, Max:  0.1, Diff:  0.0, Sum:  0.3, Workers: 8
[260.914s][debug][gc,phases         ] GC(1455)       Merged Sparse:            Min: 0, Avg:  0.0, Max: 0, Diff: 0, Sum: 0, Workers: 8
[260.914s][debug][gc,phases         ] GC(1455)       Merged Fine:              Min: 0, Avg:  0.0, Max: 0, Diff: 0, Sum: 0, Workers: 8
[260.914s][debug][gc,phases         ] GC(1455)       Merged Coarse:            Min: 0, Avg:  0.0, Max: 0, Diff: 0, Sum: 0, Workers: 8
[260.914s][debug][gc,phases         ] GC(1455)       Dirty Cards:              Min: 0, Avg:  0.0, Max: 0, Diff: 0, Sum: 0, Workers: 8
[260.914s][debug][gc,phases         ] GC(1455)     Hot Card Cache (ms):      Min:  0.0, Avg:  0.0, Max:  0.0, Diff:  0.0, Sum:  0.0, Workers: 8
[260.914s][debug][gc,phases         ] GC(1455)       Dirty Cards:              Min: 0, Avg:  0.0, Max: 0, Diff: 0, Sum: 0, Workers: 8
[260.914s][debug][gc,phases         ] GC(1455)       Skipped Cards:            Min: 0, Avg:  0.0, Max: 0, Diff: 0, Sum: 0, Workers: 8
[260.914s][debug][gc,phases         ] GC(1455)     Log Buffers (ms):         Min:  0.0, Avg:  0.0, Max:  0.0, Diff:  0.0, Sum:  0.0, Workers: 8
[260.914s][debug][gc,phases         ] GC(1455)       Dirty Cards:              Min: 0, Avg:  0.1, Max: 1, Diff: 1, Sum: 1, Workers: 8
[260.914s][debug][gc,phases         ] GC(1455)       Skipped Cards:            Min: 0, Avg:  0.0, Max: 0, Diff: 0, Sum: 0, Workers: 8
[260.914s][info ][gc,phases         ] GC(1455)   Evacuate Collection Set: 0.4ms
[260.914s][debug][gc,phases         ] GC(1455)     Ext Root Scanning (ms):   Min:  0.2, Avg:  0.2, Max:  0.3, Diff:  0.1, Sum:  1.9, Workers: 8
[260.914s][debug][gc,phases         ] GC(1455)     Scan Heap Roots (ms):     Min:  0.0, Avg:  0.0, Max:  0.0, Diff:  0.0, Sum:  0.0, Workers: 8
[260.914s][debug][gc,phases         ] GC(1455)       Scanned Cards:            Min: 0, Avg:  0.1, Max: 1, Diff: 1, Sum: 1, Workers: 8
[260.914s][debug][gc,phases         ] GC(1455)       Scanned Blocks:           Min: 0, Avg:  0.1, Max: 1, Diff: 1, Sum: 1, Workers: 8
[260.914s][debug][gc,phases         ] GC(1455)       Claimed Chunks:           Min: 0, Avg:  0.1, Max: 1, Diff: 1, Sum: 1, Workers: 8
[260.914s][debug][gc,phases         ] GC(1455)     Code Root Scan (ms):      Min:  0.0, Avg:  0.0, Max:  0.0, Diff:  0.0, Sum:  0.1, Workers: 8
[260.914s][debug][gc,phases         ] GC(1455)     Object Copy (ms):         Min:  0.0, Avg:  0.0, Max:  0.0, Diff:  0.0, Sum:  0.0, Workers: 8
[260.914s][debug][gc,phases         ] GC(1455)     Termination (ms):         Min:  0.0, Avg:  0.1, Max:  0.1, Diff:  0.1, Sum:  0.7, Workers: 8
[260.914s][debug][gc,phases         ] GC(1455)       Termination Attempts:     Min: 1, Avg:  1.4, Max: 2, Diff: 1, Sum: 11, Workers: 8
[260.914s][debug][gc,phases         ] GC(1455)     GC Worker Other (ms):     Min:  0.0, Avg:  0.0, Max:  0.1, Diff:  0.1, Sum:  0.4, Workers: 8
[260.914s][debug][gc,phases         ] GC(1455)     GC Worker Total (ms):     Min:  0.4, Avg:  0.4, Max:  0.4, Diff:  0.0, Sum:  3.1, Workers: 8
[260.914s][info ][gc,phases         ] GC(1455)   Post Evacuate Collection Set: 0.6ms
[260.914s][debug][gc,phases         ] GC(1455)     Code Roots Fixup: 0.0ms
[260.914s][debug][gc,phases         ] GC(1455)     Clear Card Table: 0.2ms
[260.914s][debug][gc,phases         ] GC(1455)     Reference Processing: 0.0ms
[260.914s][debug][gc,phases,ref     ] GC(1455)       Reconsider SoftReferences: 0.0ms
[260.914s][debug][gc,phases,ref     ] GC(1455)         SoftRef (ms):             skipped
[260.914s][debug][gc,phases,ref     ] GC(1455)       Notify Soft/WeakReferences: 0.0ms
[260.914s][debug][gc,phases,ref     ] GC(1455)         SoftRef (ms):             skipped
[260.914s][debug][gc,phases,ref     ] GC(1455)         WeakRef (ms):             skipped
[260.914s][debug][gc,phases,ref     ] GC(1455)         FinalRef (ms):            skipped
[260.914s][debug][gc,phases,ref     ] GC(1455)         Total (ms):               skipped
[260.914s][debug][gc,phases,ref     ] GC(1455)       Notify and keep alive finalizable: 0.0ms
[260.914s][debug][gc,phases,ref     ] GC(1455)         FinalRef (ms):            skipped
[260.914s][debug][gc,phases,ref     ] GC(1455)       Notify PhantomReferences: 0.0ms
[260.914s][debug][gc,phases,ref     ] GC(1455)         PhantomRef (ms):          skipped
[260.914s][debug][gc,phases,ref     ] GC(1455)       SoftReference:
[260.914s][debug][gc,phases,ref     ] GC(1455)         Discovered: 0
[260.914s][debug][gc,phases,ref     ] GC(1455)         Cleared: 0
[260.914s][debug][gc,phases,ref     ] GC(1455)       WeakReference:
[260.914s][debug][gc,phases,ref     ] GC(1455)         Discovered: 0
[260.914s][debug][gc,phases,ref     ] GC(1455)         Cleared: 0
[260.914s][debug][gc,phases,ref     ] GC(1455)       FinalReference:
[260.914s][debug][gc,phases,ref     ] GC(1455)         Discovered: 0
[260.914s][debug][gc,phases,ref     ] GC(1455)         Cleared: 0
[260.914s][debug][gc,phases,ref     ] GC(1455)       PhantomReference:
[260.914s][debug][gc,phases,ref     ] GC(1455)         Discovered: 0
[260.914s][debug][gc,phases,ref     ] GC(1455)         Cleared: 0
[260.914s][debug][gc,phases         ] GC(1455)     Weak Processing: 0.1ms
[260.914s][debug][gc,phases         ] GC(1455)       JVMTI weak processing: 0.0ms
[260.914s][debug][gc,phases         ] GC(1455)         Dead: 0
[260.914s][debug][gc,phases         ] GC(1455)         Total: 0
[260.914s][debug][gc,phases         ] GC(1455)       JFR weak processing: 0.0ms
[260.914s][debug][gc,phases         ] GC(1455)         Dead: 0
[260.914s][debug][gc,phases         ] GC(1455)         Total: 0
[260.914s][debug][gc,phases         ] GC(1455)       JNI weak                  Min:  0.0, Avg:  0.0, Max:  0.0, Diff:  0.0, Sum:  0.0, Workers: 5
[260.914s][debug][gc,phases         ] GC(1455)         Dead                      Min: 0, Avg:  0.0, Max: 0, Diff: 0, Sum: 0, Workers: 5
[260.914s][debug][gc,phases         ] GC(1455)         Total                     Min: 0, Avg: 21.8, Max: 64, Diff: 64, Sum: 109, Workers: 5
[260.914s][debug][gc,phases         ] GC(1455)       VM weak                   Min:  0.0, Avg:  0.0, Max:  0.0, Diff:  0.0, Sum:  0.0, Workers: 5
[260.914s][debug][gc,phases         ] GC(1455)         Dead                      Min: 0, Avg:  0.0, Max: 0, Diff: 0, Sum: 0, Workers: 5
[260.914s][debug][gc,phases         ] GC(1455)         Total                     Min: 0, Avg: 42.6, Max: 128, Diff: 128, Sum: 213, Workers: 5
[260.914s][debug][gc,phases         ] GC(1455)       StringTable weak          Min:  0.0, Avg:  0.0, Max:  0.0, Diff:  0.0, Sum:  0.1, Workers: 5
[260.914s][debug][gc,phases         ] GC(1455)         Dead                      Min: 0, Avg:  0.0, Max: 0, Diff: 0, Sum: 0, Workers: 5
[260.914s][debug][gc,phases         ] GC(1455)         Total                     Min: 0, Avg: 721.8, Max: 1792, Diff: 1792, Sum: 3609, Workers: 5
[260.914s][debug][gc,phases         ] GC(1455)       ResolvedMethodTable weak  Min:  0.0, Avg:  0.0, Max:  0.0, Diff:  0.0, Sum:  0.0, Workers: 5
[260.914s][debug][gc,phases         ] GC(1455)         Dead                      Min: 0, Avg:  0.0, Max: 0, Diff: 0, Sum: 0, Workers: 5
[260.914s][debug][gc,phases         ] GC(1455)         Total                     Min: 0, Avg: 114.8, Max: 190, Diff: 190, Sum: 574, Workers: 5
[260.914s][debug][gc,phases         ] GC(1455)     Merge Per-Thread State: 0.0ms
[260.914s][debug][gc,phases         ] GC(1455)       Copied Bytes              Min: 216, Avg: 450322.0, Max: 800176, Diff: 799960, Sum: 3602576, Workers: 8
[260.914s][debug][gc,phases         ] GC(1455)       LAB Waste                 Min: 0, Avg:  0.0, Max: 0, Diff: 0, Sum: 0, Workers: 8
[260.914s][debug][gc,phases         ] GC(1455)       LAB Undo Waste            Min: 0, Avg:  0.0, Max: 0, Diff: 0, Sum: 0, Workers: 8
[260.914s][debug][gc,phases         ] GC(1455)     Code Roots Purge: 0.0ms
[260.914s][debug][gc,phases         ] GC(1455)     Redirty Cards: 0.0ms
[260.914s][debug][gc,phases         ] GC(1455)     DerivedPointerTable Update: 0.0ms
[260.914s][debug][gc,phases         ] GC(1455)     Free Collection Set: 0.2ms
[260.914s][debug][gc,phases         ] GC(1455)     Rebuild Free List: 0.1ms
[260.914s][debug][gc,phases         ] GC(1455)     Humongous Reclaim: 0.0ms
[260.914s][debug][gc,phases         ] GC(1455)     Start New Collection Set: 0.0ms
[260.914s][debug][gc,phases         ] GC(1455)     Resize TLABs: 0.0ms
[260.914s][debug][gc,phases         ] GC(1455)     Expand Heap After Collection: 0.0ms
[260.914s][info ][gc,phases         ] GC(1455)   Other: 0.3ms
[260.914s][info ][gc,heap           ] GC(1455) Eden regions: 867->0(866)
[260.914s][info ][gc,heap           ] GC(1455) Survivor regions: 4->5(109)
[260.914s][info ][gc,heap           ] GC(1455) Old regions: 18->18
[260.914s][info ][gc,heap           ] GC(1455) Archive regions: 2->2
[260.914s][info ][gc,heap           ] GC(1455) Humongous regions: 0->0
[260.914s][info ][gc,metaspace      ] GC(1455) Metaspace: 10458K(11136K)->10458K(11136K) NonClass: 9309K(9728K)->9309K(9728K) Class: 1149K(1408K)->1149K(1408K)
[260.914s][debug][gc,heap           ] GC(1455) Heap after GC invocations=1456 (full 1): garbage-first heap   total 1486848K, used 22854K [0x0000000700000000, 0x0000000800000000)
[260.914s][debug][gc,heap           ] GC(1455)   region size 1024K, 5 young (5120K), 5 survivors (5120K)
[260.914s][debug][gc,heap           ] GC(1455)  Metaspace       used 10458K, capacity 10758K, committed 11136K, reserved 1058816K
[260.914s][debug][gc,heap           ] GC(1455)   class space    used 1149K, capacity 1267K, committed 1408K, reserved 1048576K
[260.914s][info ][gc                ] GC(1455) Pause Young (Normal) (G1 Evacuation Pause) 888M->22M(1452M) 2.324ms
[260.914s][info ][gc,cpu            ] GC(1455) User=0.00s Sys=0.00s Real=0.00s
[260.914s][info ][safepoint         ] Safepoint "G1CollectForAllocation", Time since last: 45163019 ns, Reaching safepoint: 157375 ns, At safepoint: 2473616 ns, Total: 2630991 ns
[260.961s][debug][gc,heap           ] GC(1456) Heap before GC invocations=1456 (full 1): garbage-first heap   total 1486848K, used 908614K [0x0000000700000000, 0x0000000800000000)
[260.961s][debug][gc,heap           ] GC(1456)   region size 1024K, 871 young (891904K), 5 survivors (5120K)
[260.961s][debug][gc,heap           ] GC(1456)  Metaspace       used 10458K, capacity 10758K, committed 11136K, reserved 1058816K
[260.961s][debug][gc,heap           ] GC(1456)   class space    used 1149K, capacity 1267K, committed 1408K, reserved 1048576K
[260.961s][info ][gc,start          ] GC(1456) Pause Young (Normal) (G1 Evacuation Pause)
[260.961s][info ][gc,task           ] GC(1456) Using 8 workers of 8 for evacuation
[260.961s][debug][gc,tlab           ] GC(1456) TLAB totals: thrds: 8  refills: 14 max: 3 slow allocs: 1722 max 238 waste: 29.9% gc: 1089312B max: 226208B slow: 58408B max: 15488B fast: 0B max: 0B
[260.961s][debug][gc,age            ] GC(1456) Desired survivor size 57147392 bytes, new threshold 15 (max threshold 15)
[260.962s][debug][gc,alloc,region   ] GC(1456) Mutator Allocation stats, regions: 866, wasted size: 202M (23.4%)
[260.962s][debug][gc,ergo           ] GC(1456) Running G1 Merge Heap Roots using 8 workers for 871 regions
[260.962s][debug][gc,remset         ] GC(1456) Visited cards 512 Total dirty 4096 (12.50%) Total old 3608576 (0.01%)
[260.962s][debug][gc,ergo           ] GC(1456) Running G1 Clear Card Table Task using 2 workers for 2 units of work for 873 regions.
[260.963s][debug][gc,ref            ] GC(1456) Skipped phase1 of Reference Processing due to unavailable references
[260.963s][debug][gc,ref            ] GC(1456) Skipped phase2 of Reference Processing due to unavailable references
[260.963s][debug][gc,ref            ] GC(1456) Skipped phase3 of Reference Processing due to unavailable references
[260.963s][debug][gc,ref            ] GC(1456) Skipped phase4 of Reference Processing due to unavailable references
[260.963s][debug][gc,ergo           ] GC(1456) Running G1 Free Collection Set using 8 workers for collection set length 871 (1452)
[260.963s][debug][gc,ergo           ] GC(1456) Running G1 Rebuild Free List Task using 8 workers for rebuilding free list of 0 (4096) regions
[260.963s][trace][gc,age            ] GC(1456) Age table with threshold 15 (max threshold 15)
[260.963s][trace][gc,age            ] GC(1456) - age   1:    4402592 bytes,    4402592 total
[260.963s][debug][gc,plab           ] GC(1456) Young PLAB allocation: allocated: 16512B, wasted: 0B, unused: 14064B, used: 2448B, undo waste: 0B, 
[260.963s][debug][gc,plab           ] GC(1456) Young other allocation: region end waste: 1234488B, regions filled: 6, direct allocated: 4400144B, failure used: 0B, failure wasted: 0B
[260.963s][debug][gc,plab           ] GC(1456) Young sizing: calculated: 0B, actual: 2064B
[260.963s][debug][gc,plab           ] GC(1456) Old PLAB allocation: allocated: 0B, wasted: 0B, unused: 0B, used: 0B, undo waste: 0B, 
[260.963s][debug][gc,plab           ] GC(1456) Old other allocation: region end waste: 0B, regions filled: 1, direct allocated: 0B, failure used: 0B, failure wasted: 0B
[260.963s][debug][gc,plab           ] GC(1456) Old sizing: calculated: 0B, actual: 2064B
[260.963s][debug][gc,ihop           ] GC(1456) Basic information (value update), threshold: 685139558B (45.00), target occupancy: 1522532352B, current occupancy: 24455368B, recent allocation size: 0B, recent allocation duration: 47.91ms, recent old gen allocation rate: 0.00B/s, recent marking phase length: 38.29ms
[260.963s][debug][gc,ihop           ] GC(1456) Adaptive IHOP information (value update), threshold: 685139558B (47.37), internal target occupancy: 1446405734B, occupancy: 24455368B, additional buffer size: 913309696B, predicted old gen allocation rate: 2.99B/s, predicted marking phase length: 76.58ms, prediction active: false
[260.963s][debug][gc,ergo,refine    ] GC(1456) Concurrent refinement times: Logged Cards Scan time goal: 20.00ms Logged Cards Scan time: 0.00ms HCC time: 0.00ms
[260.963s][debug][gc,ergo,refine    ] GC(1456) Updated Refinement Zones: green: 2048, yellow: 6144, red: 10240
[260.963s][info ][gc,phases         ] GC(1456)   Pre Evacuate Collection Set: 0.2ms
[260.963s][debug][gc,phases         ] GC(1456)     Prepare TLABs: 0.0ms
[260.963s][debug][gc,phases         ] GC(1456)     Choose Collection Set: 0.0ms
[260.963s][debug][gc,phases         ] GC(1456)     Region Register: 0.2ms
[260.963s][debug][gc,phases         ] GC(1456)     Prepare Heap Roots: 0.0ms
[260.963s][info ][gc,phases         ] GC(1456)   Merge Heap Roots: 0.2ms
[260.963s][debug][gc,phases         ] GC(1456)     Prepare Merge Heap Roots: 0.0ms
[260.963s][debug][gc,phases         ] GC(1456)     Eager Reclaim (ms):       skipped
[260.963s][debug][gc,phases         ] GC(1456)     Remembered Sets (ms):     Min:  0.0, Avg:  0.0, Max:  0.1, Diff:  0.0, Sum:  0.4, Workers: 8
[260.963s][debug][gc,phases         ] GC(1456)       Merged Sparse:            Min: 0, Avg:  0.0, Max: 0, Diff: 0, Sum: 0, Workers: 8
[260.963s][debug][gc,phases         ] GC(1456)       Merged Fine:              Min: 0, Avg:  0.0, Max: 0, Diff: 0, Sum: 0, Workers: 8
[260.963s][debug][gc,phases         ] GC(1456)       Merged Coarse:            Min: 0, Avg:  0.0, Max: 0, Diff: 0, Sum: 0, Workers: 8
[260.963s][debug][gc,phases         ] GC(1456)       Dirty Cards:              Min: 0, Avg:  0.0, Max: 0, Diff: 0, Sum: 0, Workers: 8
[260.963s][debug][gc,phases         ] GC(1456)     Hot Card Cache (ms):      Min:  0.0, Avg:  0.0, Max:  0.0, Diff:  0.0, Sum:  0.0, Workers: 8
[260.963s][debug][gc,phases         ] GC(1456)       Dirty Cards:              Min: 0, Avg:  0.0, Max: 0, Diff: 0, Sum: 0, Workers: 8
[260.963s][debug][gc,phases         ] GC(1456)       Skipped Cards:            Min: 0, Avg:  0.0, Max: 0, Diff: 0, Sum: 0, Workers: 8
[260.963s][debug][gc,phases         ] GC(1456)     Log Buffers (ms):         Min:  0.0, Avg:  0.0, Max:  0.0, Diff:  0.0, Sum:  0.0, Workers: 8
[260.963s][debug][gc,phases         ] GC(1456)       Dirty Cards:              Min: 0, Avg:  0.2, Max: 2, Diff: 2, Sum: 2, Workers: 8
[260.963s][debug][gc,phases         ] GC(1456)       Skipped Cards:            Min: 0, Avg:  0.0, Max: 0, Diff: 0, Sum: 0, Workers: 8
[260.963s][info ][gc,phases         ] GC(1456)   Evacuate Collection Set: 0.6ms
[260.963s][debug][gc,phases         ] GC(1456)     Ext Root Scanning (ms):   Min:  0.2, Avg:  0.3, Max:  0.4, Diff:  0.3, Sum:  2.6, Workers: 8
[260.963s][debug][gc,phases         ] GC(1456)     Scan Heap Roots (ms):     Min:  0.0, Avg:  0.0, Max:  0.0, Diff:  0.0, Sum:  0.0, Workers: 8
[260.963s][debug][gc,phases         ] GC(1456)       Scanned Cards:            Min: 0, Avg:  0.2, Max: 2, Diff: 2, Sum: 2, Workers: 8
[260.963s][debug][gc,phases         ] GC(1456)       Scanned Blocks:           Min: 0, Avg:  0.2, Max: 2, Diff: 2, Sum: 2, Workers: 8
[260.963s][debug][gc,phases         ] GC(1456)       Claimed Chunks:           Min: 0, Avg:  0.2, Max: 2, Diff: 2, Sum: 2, Workers: 8
[260.963s][debug][gc,phases         ] GC(1456)     Code Root Scan (ms):      Min:  0.0, Avg:  0.0, Max:  0.1, Diff:  0.1, Sum:  0.2, Workers: 8
[260.963s][debug][gc,phases         ] GC(1456)     Object Copy (ms):         Min:  0.0, Avg:  0.0, Max:  0.0, Diff:  0.0, Sum:  0.1, Workers: 8
[260.963s][debug][gc,phases         ] GC(1456)     Termination (ms):         Min:  0.1, Avg:  0.1, Max:  0.1, Diff:  0.1, Sum:  0.9, Workers: 8
[260.963s][debug][gc,phases         ] GC(1456)       Termination Attempts:     Min: 1, Avg:  1.4, Max: 2, Diff: 1, Sum: 11, Workers: 8
[260.963s][debug][gc,phases         ] GC(1456)     GC Worker Other (ms):     Min:  0.0, Avg:  0.1, Max:  0.1, Diff:  0.1, Sum:  0.5, Workers: 8
[260.963s][debug][gc,phases         ] GC(1456)     GC Worker Total (ms):     Min:  0.5, Avg:  0.5, Max:  0.5, Diff:  0.0, Sum:  4.2, Workers: 8
[260.963s][info ][gc,phases         ] GC(1456)   Post Evacuate Collection Set: 0.6ms
[260.963s][debug][gc,phases         ] GC(1456)     Code Roots Fixup: 0.0ms
[260.963s][debug][gc,phases         ] GC(1456)     Clear Card Table: 0.2ms
[260.963s][debug][gc,phases         ] GC(1456)     Reference Processing: 0.0ms
[260.963s][debug][gc,phases,ref     ] GC(1456)       Reconsider SoftReferences: 0.0ms
[260.963s][debug][gc,phases,ref     ] GC(1456)         SoftRef (ms):             skipped
[260.963s][debug][gc,phases,ref     ] GC(1456)       Notify Soft/WeakReferences: 0.0ms
[260.963s][debug][gc,phases,ref     ] GC(1456)         SoftRef (ms):             skipped
[260.963s][debug][gc,phases,ref     ] GC(1456)         WeakRef (ms):             skipped
[260.963s][debug][gc,phases,ref     ] GC(1456)         FinalRef (ms):            skipped
[260.963s][debug][gc,phases,ref     ] GC(1456)         Total (ms):               skipped
[260.964s][debug][gc,phases,ref     ] GC(1456)       Notify and keep alive finalizable: 0.0ms
[260.964s][debug][gc,phases,ref     ] GC(1456)         FinalRef (ms):            skipped
[260.964s][debug][gc,phases,ref     ] GC(1456)       Notify PhantomReferences: 0.0ms
[260.964s][debug][gc,phases,ref     ] GC(1456)         PhantomRef (ms):          skipped
[260.964s][debug][gc,phases,ref     ] GC(1456)       SoftReference:
[260.964s][debug][gc,phases,ref     ] GC(1456)         Discovered: 0
[260.964s][debug][gc,phases,ref     ] GC(1456)         Cleared: 0
[260.964s][debug][gc,phases,ref     ] GC(1456)       WeakReference:
[260.964s][debug][gc,phases,ref     ] GC(1456)         Discovered: 0
[260.964s][debug][gc,phases,ref     ] GC(1456)         Cleared: 0
[260.964s][debug][gc,phases,ref     ] GC(1456)       FinalReference:
[260.964s][debug][gc,phases,ref     ] GC(1456)         Discovered: 0
[260.964s][debug][gc,phases,ref     ] GC(1456)         Cleared: 0
[260.964s][debug][gc,phases,ref     ] GC(1456)       PhantomReference:
[260.964s][debug][gc,phases,ref     ] GC(1456)         Discovered: 0
[260.964s][debug][gc,phases,ref     ] GC(1456)         Cleared: 0
[260.964s][debug][gc,phases         ] GC(1456)     Weak Processing: 0.1ms
[260.964s][debug][gc,phases         ] GC(1456)       JVMTI weak processing: 0.0ms
[260.964s][debug][gc,phases         ] GC(1456)         Dead: 0
[260.964s][debug][gc,phases         ] GC(1456)         Total: 0
[260.964s][debug][gc,phases         ] GC(1456)       JFR weak processing: 0.0ms
[260.964s][debug][gc,phases         ] GC(1456)         Dead: 0
[260.964s][debug][gc,phases         ] GC(1456)         Total: 0
[260.964s][debug][gc,phases         ] GC(1456)       JNI weak                  Min:  0.0, Avg:  0.0, Max:  0.0, Diff:  0.0, Sum:  0.0, Workers: 5
[260.964s][debug][gc,phases         ] GC(1456)         Dead                      Min: 0, Avg:  0.0, Max: 0, Diff: 0, Sum: 0, Workers: 5
[260.964s][debug][gc,phases         ] GC(1456)         Total                     Min: 0, Avg: 21.8, Max: 109, Diff: 109, Sum: 109, Workers: 5
[260.964s][debug][gc,phases         ] GC(1456)       VM weak                   Min:  0.0, Avg:  0.0, Max:  0.0, Diff:  0.0, Sum:  0.0, Workers: 5
[260.964s][debug][gc,phases         ] GC(1456)         Dead                      Min: 0, Avg:  0.0, Max: 0, Diff: 0, Sum: 0, Workers: 5
[260.964s][debug][gc,phases         ] GC(1456)         Total                     Min: 0, Avg: 42.6, Max: 213, Diff: 213, Sum: 213, Workers: 5
[260.964s][debug][gc,phases         ] GC(1456)       StringTable weak          Min:  0.0, Avg:  0.0, Max:  0.0, Diff:  0.0, Sum:  0.0, Workers: 5
[260.964s][debug][gc,phases         ] GC(1456)         Dead                      Min: 0, Avg:  0.0, Max: 0, Diff: 0, Sum: 0, Workers: 5
[260.964s][debug][gc,phases         ] GC(1456)         Total                     Min: 0, Avg: 721.8, Max: 3034, Diff: 3034, Sum: 3609, Workers: 5
[260.964s][debug][gc,phases         ] GC(1456)       ResolvedMethodTable weak  Min:  0.0, Avg:  0.0, Max:  0.0, Diff:  0.0, Sum:  0.0, Workers: 5
[260.964s][debug][gc,phases         ] GC(1456)         Dead                      Min: 0, Avg:  0.0, Max: 0, Diff: 0, Sum: 0, Workers: 5
[260.964s][debug][gc,phases         ] GC(1456)         Total                     Min: 0, Avg: 114.8, Max: 318, Diff: 318, Sum: 574, Workers: 5
[260.964s][debug][gc,phases         ] GC(1456)     Merge Per-Thread State: 0.0ms
[260.964s][debug][gc,phases         ] GC(1456)       Copied Bytes              Min: 88, Avg: 550324.0, Max: 800176, Diff: 800088, Sum: 4402592, Workers: 8
[260.964s][debug][gc,phases         ] GC(1456)       LAB Waste                 Min: 0, Avg:  0.0, Max: 0, Diff: 0, Sum: 0, Workers: 8
[260.964s][debug][gc,phases         ] GC(1456)       LAB Undo Waste            Min: 0, Avg:  0.0, Max: 0, Diff: 0, Sum: 0, Workers: 8
[260.964s][debug][gc,phases         ] GC(1456)     Code Roots Purge: 0.0ms
[260.964s][debug][gc,phases         ] GC(1456)     Redirty Cards: 0.0ms
[260.964s][debug][gc,phases         ] GC(1456)     DerivedPointerTable Update: 0.0ms
[260.964s][debug][gc,phases         ] GC(1456)     Free Collection Set: 0.2ms
[260.964s][debug][gc,phases         ] GC(1456)     Rebuild Free List: 0.1ms
[260.964s][debug][gc,phases         ] GC(1456)     Humongous Reclaim: 0.0ms
[260.964s][debug][gc,phases         ] GC(1456)     Start New Collection Set: 0.0ms
[260.964s][debug][gc,phases         ] GC(1456)     Resize TLABs: 0.0ms
[260.964s][debug][gc,phases         ] GC(1456)     Expand Heap After Collection: 0.0ms
[260.964s][info ][gc,phases         ] GC(1456)   Other: 0.3ms
[260.964s][info ][gc,heap           ] GC(1456) Eden regions: 866->0(865)
[260.964s][info ][gc,heap           ] GC(1456) Survivor regions: 5->6(109)
[260.964s][info ][gc,heap           ] GC(1456) Old regions: 18->18
[260.964s][info ][gc,heap           ] GC(1456) Archive regions: 2->2
[260.964s][info ][gc,heap           ] GC(1456) Humongous regions: 0->0
[260.964s][info ][gc,metaspace      ] GC(1456) Metaspace: 10458K(11136K)->10458K(11136K) NonClass: 9309K(9728K)->9309K(9728K) Class: 1149K(1408K)->1149K(1408K)
[260.964s][debug][gc,heap           ] GC(1456) Heap after GC invocations=1457 (full 1): garbage-first heap   total 1486848K, used 23882K [0x0000000700000000, 0x0000000800000000)
[260.964s][debug][gc,heap           ] GC(1456)   region size 1024K, 6 young (6144K), 6 survivors (6144K)
[260.964s][debug][gc,heap           ] GC(1456)  Metaspace       used 10458K, capacity 10758K, committed 11136K, reserved 1058816K
[260.964s][debug][gc,heap           ] GC(1456)   class space    used 1149K, capacity 1267K, committed 1408K, reserved 1048576K
[260.964s][info ][gc                ] GC(1456) Pause Young (Normal) (G1 Evacuation Pause) 888M->23M(1452M) 2.450ms
[260.964s][info ][gc,cpu            ] GC(1456) User=0.00s Sys=0.00s Real=0.00s
[260.964s][info ][safepoint         ] Safepoint "G1CollectForAllocation", Time since last: 46832129 ns, Reaching safepoint: 161023 ns, At safepoint: 2622084 ns, Total: 2783107 ns
[261.008s][debug][gc,heap           ] GC(1457) Heap before GC invocations=1457 (full 1): garbage-first heap   total 1486848K, used 908618K [0x0000000700000000, 0x0000000800000000)
[261.008s][debug][gc,heap           ] GC(1457)   region size 1024K, 871 young (891904K), 6 survivors (6144K)
[261.008s][debug][gc,heap           ] GC(1457)  Metaspace       used 10458K, capacity 10758K, committed 11136K, reserved 1058816K
[261.008s][debug][gc,heap           ] GC(1457)   class space    used 1149K, capacity 1267K, committed 1408K, reserved 1048576K
[261.008s][info ][gc,start          ] GC(1457) Pause Young (Normal) (G1 Evacuation Pause)
[261.008s][info ][gc,task           ] GC(1457) Using 8 workers of 8 for evacuation
[261.008s][debug][gc,tlab           ] GC(1457) TLAB totals: thrds: 8  refills: 15 max: 2 slow allocs: 1718 max 251 waste: 30.3% gc: 1420984B max: 248160B slow: 95424B max: 14304B fast: 0B max: 0B
[261.008s][debug][gc,age            ] GC(1457) Desired survivor size 57147392 bytes, new threshold 15 (max threshold 15)
[261.008s][debug][gc,alloc,region   ] GC(1457) Mutator Allocation stats, regions: 865, wasted size: 202M (23.4%)
[261.008s][debug][gc,ergo           ] GC(1457) Running G1 Merge Heap Roots using 8 workers for 871 regions
[261.008s][debug][gc,remset         ] GC(1457) Visited cards 256 Total dirty 2048 (12.50%) Total old 3608576 (0.01%)
[261.008s][debug][gc,ergo           ] GC(1457) Running G1 Clear Card Table Task using 2 workers for 2 units of work for 872 regions.
[261.009s][debug][gc,ref            ] GC(1457) Skipped phase1 of Reference Processing due to unavailable references
[261.009s][debug][gc,ref            ] GC(1457) Skipped phase2 of Reference Processing due to unavailable references
[261.009s][debug][gc,ref            ] GC(1457) Skipped phase3 of Reference Processing due to unavailable references
[261.009s][debug][gc,ref            ] GC(1457) Skipped phase4 of Reference Processing due to unavailable references
[261.009s][debug][gc,ergo           ] GC(1457) Running G1 Free Collection Set using 8 workers for collection set length 871 (1452)
[261.009s][debug][gc,ergo           ] GC(1457) Running G1 Rebuild Free List Task using 8 workers for rebuilding free list of 0 (4096) regions
[261.009s][trace][gc,age            ] GC(1457) Age table with threshold 15 (max threshold 15)
[261.009s][trace][gc,age            ] GC(1457) - age   1:    3602496 bytes,    3602496 total
[261.009s][debug][gc,plab           ] GC(1457) Young PLAB allocation: allocated: 16512B, wasted: 0B, unused: 14144B, used: 2368B, undo waste: 0B, 
[261.009s][debug][gc,plab           ] GC(1457) Young other allocation: region end waste: 981800B, regions filled: 5, direct allocated: 3600128B, failure used: 0B, failure wasted: 0B
[261.009s][debug][gc,plab           ] GC(1457) Young sizing: calculated: 0B, actual: 2064B
[261.009s][debug][gc,plab           ] GC(1457) Old PLAB allocation: allocated: 0B, wasted: 0B, unused: 0B, used: 0B, undo waste: 0B, 
[261.009s][debug][gc,plab           ] GC(1457) Old other allocation: region end waste: 0B, regions filled: 1, direct allocated: 0B, failure used: 0B, failure wasted: 0B
[261.009s][debug][gc,plab           ] GC(1457) Old sizing: calculated: 0B, actual: 2064B
[261.009s][debug][gc,ihop           ] GC(1457) Basic information (value update), threshold: 685139558B (45.00), target occupancy: 1522532352B, current occupancy: 23402664B, recent allocation size: 0B, recent allocation duration: 44.52ms, recent old gen allocation rate: 0.00B/s, recent marking phase length: 38.29ms
[261.009s][debug][gc,ihop           ] GC(1457) Adaptive IHOP information (value update), threshold: 685139558B (47.37), internal target occupancy: 1446405734B, occupancy: 23402664B, additional buffer size: 913309696B, predicted old gen allocation rate: 2.91B/s, predicted marking phase length: 76.58ms, prediction active: false
[261.009s][debug][gc,ergo,refine    ] GC(1457) Concurrent refinement times: Logged Cards Scan time goal: 20.00ms Logged Cards Scan time: 0.00ms HCC time: 0.00ms
[261.009s][debug][gc,ergo,refine    ] GC(1457) Updated Refinement Zones: green: 2048, yellow: 6144, red: 10240
[261.009s][info ][gc,phases         ] GC(1457)   Pre Evacuate Collection Set: 0.1ms
[261.009s][debug][gc,phases         ] GC(1457)     Prepare TLABs: 0.0ms
[261.009s][debug][gc,phases         ] GC(1457)     Choose Collection Set: 0.0ms
[261.009s][debug][gc,phases         ] GC(1457)     Region Register: 0.1ms
[261.009s][debug][gc,phases         ] GC(1457)     Prepare Heap Roots: 0.0ms
[261.009s][info ][gc,phases         ] GC(1457)   Merge Heap Roots: 0.2ms
[261.009s][debug][gc,phases         ] GC(1457)     Prepare Merge Heap Roots: 0.0ms
[261.009s][debug][gc,phases         ] GC(1457)     Eager Reclaim (ms):       skipped
[261.009s][debug][gc,phases         ] GC(1457)     Remembered Sets (ms):     Min:  0.0, Avg:  0.0, Max:  0.0, Diff:  0.0, Sum:  0.2, Workers: 8
[261.009s][debug][gc,phases         ] GC(1457)       Merged Sparse:            Min: 0, Avg:  0.0, Max: 0, Diff: 0, Sum: 0, Workers: 8
[261.009s][debug][gc,phases         ] GC(1457)       Merged Fine:              Min: 0, Avg:  0.0, Max: 0, Diff: 0, Sum: 0, Workers: 8
[261.009s][debug][gc,phases         ] GC(1457)       Merged Coarse:            Min: 0, Avg:  0.0, Max: 0, Diff: 0, Sum: 0, Workers: 8
[261.009s][debug][gc,phases         ] GC(1457)       Dirty Cards:              Min: 0, Avg:  0.0, Max: 0, Diff: 0, Sum: 0, Workers: 8
[261.009s][debug][gc,phases         ] GC(1457)     Hot Card Cache (ms):      Min:  0.0, Avg:  0.0, Max:  0.0, Diff:  0.0, Sum:  0.0, Workers: 8
[261.009s][debug][gc,phases         ] GC(1457)       Dirty Cards:              Min: 0, Avg:  0.0, Max: 0, Diff: 0, Sum: 0, Workers: 8
[261.009s][debug][gc,phases         ] GC(1457)       Skipped Cards:            Min: 0, Avg:  0.0, Max: 0, Diff: 0, Sum: 0, Workers: 8
[261.009s][debug][gc,phases         ] GC(1457)     Log Buffers (ms):         Min:  0.0, Avg:  0.0, Max:  0.0, Diff:  0.0, Sum:  0.0, Workers: 8
[261.009s][debug][gc,phases         ] GC(1457)       Dirty Cards:              Min: 0, Avg:  0.1, Max: 1, Diff: 1, Sum: 1, Workers: 8
[261.009s][debug][gc,phases         ] GC(1457)       Skipped Cards:            Min: 0, Avg:  0.0, Max: 0, Diff: 0, Sum: 0, Workers: 8
[261.009s][info ][gc,phases         ] GC(1457)   Evacuate Collection Set: 0.4ms
[261.009s][debug][gc,phases         ] GC(1457)     Ext Root Scanning (ms):   Min:  0.2, Avg:  0.3, Max:  0.3, Diff:  0.2, Sum:  2.0, Workers: 8
[261.009s][debug][gc,phases         ] GC(1457)     Scan Heap Roots (ms):     Min:  0.0, Avg:  0.0, Max:  0.0, Diff:  0.0, Sum:  0.0, Workers: 8
[261.009s][debug][gc,phases         ] GC(1457)       Scanned Cards:            Min: 0, Avg:  0.1, Max: 1, Diff: 1, Sum: 1, Workers: 8
[261.009s][debug][gc,phases         ] GC(1457)       Scanned Blocks:           Min: 0, Avg:  0.1, Max: 1, Diff: 1, Sum: 1, Workers: 8
[261.009s][debug][gc,phases         ] GC(1457)       Claimed Chunks:           Min: 0, Avg:  0.1, Max: 1, Diff: 1, Sum: 1, Workers: 8
[261.009s][debug][gc,phases         ] GC(1457)     Code Root Scan (ms):      Min:  0.0, Avg:  0.0, Max:  0.0, Diff:  0.0, Sum:  0.1, Workers: 8
[261.009s][debug][gc,phases         ] GC(1457)     Object Copy (ms):         Min:  0.0, Avg:  0.0, Max:  0.0, Diff:  0.0, Sum:  0.0, Workers: 8
[261.009s][debug][gc,phases         ] GC(1457)     Termination (ms):         Min:  0.0, Avg:  0.1, Max:  0.1, Diff:  0.1, Sum:  0.4, Workers: 8
[261.009s][debug][gc,phases         ] GC(1457)       Termination Attempts:     Min: 1, Avg:  1.0, Max: 1, Diff: 0, Sum: 8, Workers: 8
[261.009s][debug][gc,phases         ] GC(1457)     GC Worker Other (ms):     Min:  0.0, Avg:  0.1, Max:  0.1, Diff:  0.0, Sum:  0.4, Workers: 8
[261.009s][debug][gc,phases         ] GC(1457)     GC Worker Total (ms):     Min:  0.4, Avg:  0.4, Max:  0.4, Diff:  0.1, Sum:  3.1, Workers: 8
[261.009s][info ][gc,phases         ] GC(1457)   Post Evacuate Collection Set: 0.6ms
[261.009s][debug][gc,phases         ] GC(1457)     Code Roots Fixup: 0.0ms
[261.009s][debug][gc,phases         ] GC(1457)     Clear Card Table: 0.2ms
[261.009s][debug][gc,phases         ] GC(1457)     Reference Processing: 0.0ms
[261.009s][debug][gc,phases,ref     ] GC(1457)       Reconsider SoftReferences: 0.0ms
[261.009s][debug][gc,phases,ref     ] GC(1457)         SoftRef (ms):             skipped
[261.009s][debug][gc,phases,ref     ] GC(1457)       Notify Soft/WeakReferences: 0.0ms
[261.009s][debug][gc,phases,ref     ] GC(1457)         SoftRef (ms):             skipped
[261.009s][debug][gc,phases,ref     ] GC(1457)         WeakRef (ms):             skipped
[261.009s][debug][gc,phases,ref     ] GC(1457)         FinalRef (ms):            skipped
[261.009s][debug][gc,phases,ref     ] GC(1457)         Total (ms):               skipped
[261.009s][debug][gc,phases,ref     ] GC(1457)       Notify and keep alive finalizable: 0.0ms
[261.009s][debug][gc,phases,ref     ] GC(1457)         FinalRef (ms):            skipped
[261.010s][debug][gc,phases,ref     ] GC(1457)       Notify PhantomReferences: 0.0ms
[261.010s][debug][gc,phases,ref     ] GC(1457)         PhantomRef (ms):          skipped
[261.010s][debug][gc,phases,ref     ] GC(1457)       SoftReference:
[261.010s][debug][gc,phases,ref     ] GC(1457)         Discovered: 0
[261.010s][debug][gc,phases,ref     ] GC(1457)         Cleared: 0
[261.010s][debug][gc,phases,ref     ] GC(1457)       WeakReference:
[261.010s][debug][gc,phases,ref     ] GC(1457)         Discovered: 0
[261.010s][debug][gc,phases,ref     ] GC(1457)         Cleared: 0
[261.010s][debug][gc,phases,ref     ] GC(1457)       FinalReference:
[261.010s][debug][gc,phases,ref     ] GC(1457)         Discovered: 0
[261.010s][debug][gc,phases,ref     ] GC(1457)         Cleared: 0
[261.010s][debug][gc,phases,ref     ] GC(1457)       PhantomReference:
[261.010s][debug][gc,phases,ref     ] GC(1457)         Discovered: 0
[261.010s][debug][gc,phases,ref     ] GC(1457)         Cleared: 0
[261.010s][debug][gc,phases         ] GC(1457)     Weak Processing: 0.1ms
[261.010s][debug][gc,phases         ] GC(1457)       JVMTI weak processing: 0.0ms
[261.010s][debug][gc,phases         ] GC(1457)         Dead: 0
[261.010s][debug][gc,phases         ] GC(1457)         Total: 0
[261.010s][debug][gc,phases         ] GC(1457)       JFR weak processing: 0.0ms
[261.010s][debug][gc,phases         ] GC(1457)         Dead: 0
[261.010s][debug][gc,phases         ] GC(1457)         Total: 0
[261.010s][debug][gc,phases         ] GC(1457)       JNI weak                  Min:  0.0, Avg:  0.0, Max:  0.0, Diff:  0.0, Sum:  0.0, Workers: 5
[261.010s][debug][gc,phases         ] GC(1457)         Dead                      Min: 0, Avg:  0.0, Max: 0, Diff: 0, Sum: 0, Workers: 5
[261.010s][debug][gc,phases         ] GC(1457)         Total                     Min: 0, Avg: 21.8, Max: 64, Diff: 64, Sum: 109, Workers: 5
[261.010s][debug][gc,phases         ] GC(1457)       VM weak                   Min:  0.0, Avg:  0.0, Max:  0.0, Diff:  0.0, Sum:  0.0, Workers: 5
[261.010s][debug][gc,phases         ] GC(1457)         Dead                      Min: 0, Avg:  0.0, Max: 0, Diff: 0, Sum: 0, Workers: 5
[261.010s][debug][gc,phases         ] GC(1457)         Total                     Min: 0, Avg: 42.6, Max: 128, Diff: 128, Sum: 213, Workers: 5
[261.010s][debug][gc,phases         ] GC(1457)       StringTable weak          Min:  0.0, Avg:  0.0, Max:  0.0, Diff:  0.0, Sum:  0.1, Workers: 5
[261.010s][debug][gc,phases         ] GC(1457)         Dead                      Min: 0, Avg:  0.0, Max: 0, Diff: 0, Sum: 0, Workers: 5
[261.010s][debug][gc,phases         ] GC(1457)         Total                     Min: 0, Avg: 721.8, Max: 1855, Diff: 1855, Sum: 3609, Workers: 5
[261.010s][debug][gc,phases         ] GC(1457)       ResolvedMethodTable weak  Min:  0.0, Avg:  0.0, Max:  0.0, Diff:  0.0, Sum:  0.0, Workers: 5
[261.010s][debug][gc,phases         ] GC(1457)         Dead                      Min: 0, Avg:  0.0, Max: 0, Diff: 0, Sum: 0, Workers: 5
[261.010s][debug][gc,phases         ] GC(1457)         Total                     Min: 0, Avg: 114.8, Max: 190, Diff: 190, Sum: 574, Workers: 5
[261.010s][debug][gc,phases         ] GC(1457)     Merge Per-Thread State: 0.0ms
[261.010s][debug][gc,phases         ] GC(1457)       Copied Bytes              Min: 760, Avg: 450312.0, Max: 800320, Diff: 799560, Sum: 3602496, Workers: 8
[261.010s][debug][gc,phases         ] GC(1457)       LAB Waste                 Min: 0, Avg:  0.0, Max: 0, Diff: 0, Sum: 0, Workers: 8
[261.010s][debug][gc,phases         ] GC(1457)       LAB Undo Waste            Min: 0, Avg:  0.0, Max: 0, Diff: 0, Sum: 0, Workers: 8
[261.010s][debug][gc,phases         ] GC(1457)     Code Roots Purge: 0.0ms
[261.010s][debug][gc,phases         ] GC(1457)     Redirty Cards: 0.0ms
[261.010s][debug][gc,phases         ] GC(1457)     DerivedPointerTable Update: 0.0ms
[261.010s][debug][gc,phases         ] GC(1457)     Free Collection Set: 0.2ms
[261.010s][debug][gc,phases         ] GC(1457)     Rebuild Free List: 0.1ms
[261.010s][debug][gc,phases         ] GC(1457)     Humongous Reclaim: 0.0ms
[261.010s][debug][gc,phases         ] GC(1457)     Start New Collection Set: 0.0ms
[261.010s][debug][gc,phases         ] GC(1457)     Resize TLABs: 0.0ms
[261.010s][debug][gc,phases         ] GC(1457)     Expand Heap After Collection: 0.0ms
[261.010s][info ][gc,phases         ] GC(1457)   Other: 0.3ms
[261.010s][info ][gc,heap           ] GC(1457) Eden regions: 865->0(866)
[261.010s][info ][gc,heap           ] GC(1457) Survivor regions: 6->5(109)
[261.010s][info ][gc,heap           ] GC(1457) Old regions: 18->18
[261.010s][info ][gc,heap           ] GC(1457) Archive regions: 2->2
[261.010s][info ][gc,heap           ] GC(1457) Humongous regions: 0->0
[261.010s][info ][gc,metaspace      ] GC(1457) Metaspace: 10458K(11136K)->10458K(11136K) NonClass: 9309K(9728K)->9309K(9728K) Class: 1149K(1408K)->1149K(1408K)
[261.010s][debug][gc,heap           ] GC(1457) Heap after GC invocations=1458 (full 1): garbage-first heap   total 1486848K, used 22854K [0x0000000700000000, 0x0000000800000000)
[261.010s][debug][gc,heap           ] GC(1457)   region size 1024K, 5 young (5120K), 5 survivors (5120K)
[261.010s][debug][gc,heap           ] GC(1457)  Metaspace       used 10458K, capacity 10758K, committed 11136K, reserved 1058816K
[261.010s][debug][gc,heap           ] GC(1457)   class space    used 1149K, capacity 1267K, committed 1408K, reserved 1048576K
[261.010s][info ][gc                ] GC(1457) Pause Young (Normal) (G1 Evacuation Pause) 888M->22M(1452M) 2.242ms
[261.010s][info ][gc,cpu            ] GC(1457) User=0.00s Sys=0.00s Real=0.00s
[261.010s][info ][safepoint         ] Safepoint "G1CollectForAllocation", Time since last: 43416149 ns, Reaching safepoint: 141624 ns, At safepoint: 2410707 ns, Total: 2552331 ns
[261.052s][debug][gc,heap           ] GC(1458) Heap before GC invocations=1458 (full 1): garbage-first heap   total 1486848K, used 908614K [0x0000000700000000, 0x0000000800000000)
[261.052s][debug][gc,heap           ] GC(1458)   region size 1024K, 871 young (891904K), 5 survivors (5120K)
[261.052s][debug][gc,heap           ] GC(1458)  Metaspace       used 10458K, capacity 10758K, committed 11136K, reserved 1058816K
[261.052s][debug][gc,heap           ] GC(1458)   class space    used 1149K, capacity 1267K, committed 1408K, reserved 1048576K
[261.052s][info ][gc,start          ] GC(1458) Pause Young (Normal) (G1 Evacuation Pause)
[261.052s][info ][gc,task           ] GC(1458) Using 8 workers of 8 for evacuation
[261.052s][debug][gc,tlab           ] GC(1458) TLAB totals: thrds: 8  refills: 18 max: 3 slow allocs: 1722 max 239 waste: 26.1% gc: 1401248B max: 238048B slow: 113208B max: 15488B fast: 0B max: 0B
[261.052s][debug][gc,age            ] GC(1458) Desired survivor size 57147392 bytes, new threshold 15 (max threshold 15)
[261.052s][debug][gc,alloc,region   ] GC(1458) Mutator Allocation stats, regions: 866, wasted size: 202M (23.4%)
[261.053s][debug][gc,ergo           ] GC(1458) Running G1 Merge Heap Roots using 8 workers for 871 regions
[261.053s][debug][gc,remset         ] GC(1458) Visited cards 512 Total dirty 4096 (12.50%) Total old 3608576 (0.01%)
[261.053s][debug][gc,ergo           ] GC(1458) Running G1 Clear Card Table Task using 2 workers for 2 units of work for 873 regions.
[261.053s][debug][gc,ref            ] GC(1458) Skipped phase1 of Reference Processing due to unavailable references
[261.054s][debug][gc,ref            ] GC(1458) Skipped phase2 of Reference Processing due to unavailable references
[261.054s][debug][gc,ref            ] GC(1458) Skipped phase3 of Reference Processing due to unavailable references
[261.054s][debug][gc,ref            ] GC(1458) Skipped phase4 of Reference Processing due to unavailable references
[261.054s][debug][gc,ergo           ] GC(1458) Running G1 Free Collection Set using 8 workers for collection set length 871 (1452)
[261.054s][debug][gc,ergo           ] GC(1458) Running G1 Rebuild Free List Task using 8 workers for rebuilding free list of 0 (4096) regions
[261.054s][trace][gc,age            ] GC(1458) Age table with threshold 15 (max threshold 15)
[261.054s][trace][gc,age            ] GC(1458) - age   1:    4402592 bytes,    4402592 total
[261.054s][debug][gc,plab           ] GC(1458) Young PLAB allocation: allocated: 16512B, wasted: 0B, unused: 14064B, used: 2448B, undo waste: 0B, 
[261.054s][debug][gc,plab           ] GC(1458) Young other allocation: region end waste: 1234488B, regions filled: 6, direct allocated: 4400144B, failure used: 0B, failure wasted: 0B
[261.054s][debug][gc,plab           ] GC(1458) Young sizing: calculated: 0B, actual: 2064B
[261.054s][debug][gc,plab           ] GC(1458) Old PLAB allocation: allocated: 0B, wasted: 0B, unused: 0B, used: 0B, undo waste: 0B, 
[261.054s][debug][gc,plab           ] GC(1458) Old other allocation: region end waste: 0B, regions filled: 1, direct allocated: 0B, failure used: 0B, failure wasted: 0B
[261.054s][debug][gc,plab           ] GC(1458) Old sizing: calculated: 0B, actual: 2064B
[261.054s][debug][gc,ihop           ] GC(1458) Basic information (value update), threshold: 685139558B (45.00), target occupancy: 1522532352B, current occupancy: 24455368B, recent allocation size: 0B, recent allocation duration: 43.32ms, recent old gen allocation rate: 0.00B/s, recent marking phase length: 38.29ms
[261.054s][debug][gc,ihop           ] GC(1458) Adaptive IHOP information (value update), threshold: 685139558B (47.37), internal target occupancy: 1446405734B, occupancy: 24455368B, additional buffer size: 913309696B, predicted old gen allocation rate: 2.84B/s, predicted marking phase length: 76.58ms, prediction active: false
[261.054s][debug][gc,ergo,refine    ] GC(1458) Concurrent refinement times: Logged Cards Scan time goal: 20.00ms Logged Cards Scan time: 0.00ms HCC time: 0.00ms
[261.054s][debug][gc,ergo,refine    ] GC(1458) Updated Refinement Zones: green: 2048, yellow: 6144, red: 10240
[261.054s][info ][gc,phases         ] GC(1458)   Pre Evacuate Collection Set: 0.1ms
[261.054s][debug][gc,phases         ] GC(1458)     Prepare TLABs: 0.0ms
[261.054s][debug][gc,phases         ] GC(1458)     Choose Collection Set: 0.0ms
[261.054s][debug][gc,phases         ] GC(1458)     Region Register: 0.1ms
[261.054s][debug][gc,phases         ] GC(1458)     Prepare Heap Roots: 0.0ms
[261.054s][info ][gc,phases         ] GC(1458)   Merge Heap Roots: 0.2ms
[261.054s][debug][gc,phases         ] GC(1458)     Prepare Merge Heap Roots: 0.0ms
[261.054s][debug][gc,phases         ] GC(1458)     Eager Reclaim (ms):       skipped
[261.054s][debug][gc,phases         ] GC(1458)     Remembered Sets (ms):     Min:  0.0, Avg:  0.0, Max:  0.1, Diff:  0.0, Sum:  0.3, Workers: 8
[261.054s][debug][gc,phases         ] GC(1458)       Merged Sparse:            Min: 0, Avg:  0.0, Max: 0, Diff: 0, Sum: 0, Workers: 8
[261.054s][debug][gc,phases         ] GC(1458)       Merged Fine:              Min: 0, Avg:  0.0, Max: 0, Diff: 0, Sum: 0, Workers: 8
[261.054s][debug][gc,phases         ] GC(1458)       Merged Coarse:            Min: 0, Avg:  0.0, Max: 0, Diff: 0, Sum: 0, Workers: 8
[261.054s][debug][gc,phases         ] GC(1458)       Dirty Cards:              Min: 0, Avg:  0.0, Max: 0, Diff: 0, Sum: 0, Workers: 8
[261.054s][debug][gc,phases         ] GC(1458)     Hot Card Cache (ms):      Min:  0.0, Avg:  0.0, Max:  0.0, Diff:  0.0, Sum:  0.0, Workers: 8
[261.054s][debug][gc,phases         ] GC(1458)       Dirty Cards:              Min: 0, Avg:  0.0, Max: 0, Diff: 0, Sum: 0, Workers: 8
[261.054s][debug][gc,phases         ] GC(1458)       Skipped Cards:            Min: 0, Avg:  0.0, Max: 0, Diff: 0, Sum: 0, Workers: 8
[261.054s][debug][gc,phases         ] GC(1458)     Log Buffers (ms):         Min:  0.0, Avg:  0.0, Max:  0.0, Diff:  0.0, Sum:  0.0, Workers: 8
[261.054s][debug][gc,phases         ] GC(1458)       Dirty Cards:              Min: 0, Avg:  0.2, Max: 1, Diff: 1, Sum: 2, Workers: 8
[261.054s][debug][gc,phases         ] GC(1458)       Skipped Cards:            Min: 0, Avg:  0.0, Max: 0, Diff: 0, Sum: 0, Workers: 8
[261.054s][info ][gc,phases         ] GC(1458)   Evacuate Collection Set: 0.5ms
[261.054s][debug][gc,phases         ] GC(1458)     Ext Root Scanning (ms):   Min:  0.2, Avg:  0.3, Max:  0.4, Diff:  0.2, Sum:  2.3, Workers: 8
[261.054s][debug][gc,phases         ] GC(1458)     Scan Heap Roots (ms):     Min:  0.0, Avg:  0.0, Max:  0.0, Diff:  0.0, Sum:  0.0, Workers: 8
[261.054s][debug][gc,phases         ] GC(1458)       Scanned Cards:            Min: 0, Avg:  0.2, Max: 1, Diff: 1, Sum: 2, Workers: 8
[261.054s][debug][gc,phases         ] GC(1458)       Scanned Blocks:           Min: 0, Avg:  0.2, Max: 1, Diff: 1, Sum: 2, Workers: 8
[261.054s][debug][gc,phases         ] GC(1458)       Claimed Chunks:           Min: 0, Avg:  0.2, Max: 1, Diff: 1, Sum: 2, Workers: 8
[261.054s][debug][gc,phases         ] GC(1458)     Code Root Scan (ms):      Min:  0.0, Avg:  0.0, Max:  0.1, Diff:  0.1, Sum:  0.1, Workers: 8
[261.054s][debug][gc,phases         ] GC(1458)     Object Copy (ms):         Min:  0.0, Avg:  0.0, Max:  0.0, Diff:  0.0, Sum:  0.0, Workers: 8
[261.054s][debug][gc,phases         ] GC(1458)     Termination (ms):         Min:  0.0, Avg:  0.1, Max:  0.1, Diff:  0.1, Sum:  0.5, Workers: 8
[261.054s][debug][gc,phases         ] GC(1458)       Termination Attempts:     Min: 1, Avg:  1.1, Max: 2, Diff: 1, Sum: 9, Workers: 8
[261.054s][debug][gc,phases         ] GC(1458)     GC Worker Other (ms):     Min:  0.0, Avg:  0.0, Max:  0.1, Diff:  0.1, Sum:  0.4, Workers: 8
[261.054s][debug][gc,phases         ] GC(1458)     GC Worker Total (ms):     Min:  0.4, Avg:  0.4, Max:  0.4, Diff:  0.0, Sum:  3.4, Workers: 8
[261.054s][info ][gc,phases         ] GC(1458)   Post Evacuate Collection Set: 0.6ms
[261.054s][debug][gc,phases         ] GC(1458)     Code Roots Fixup: 0.0ms
[261.054s][debug][gc,phases         ] GC(1458)     Clear Card Table: 0.2ms
[261.054s][debug][gc,phases         ] GC(1458)     Reference Processing: 0.0ms
[261.054s][debug][gc,phases,ref     ] GC(1458)       Reconsider SoftReferences: 0.0ms
[261.054s][debug][gc,phases,ref     ] GC(1458)         SoftRef (ms):             skipped
[261.054s][debug][gc,phases,ref     ] GC(1458)       Notify Soft/WeakReferences: 0.0ms
[261.054s][debug][gc,phases,ref     ] GC(1458)         SoftRef (ms):             skipped
[261.054s][debug][gc,phases,ref     ] GC(1458)         WeakRef (ms):             skipped
[261.054s][debug][gc,phases,ref     ] GC(1458)         FinalRef (ms):            skipped
[261.054s][debug][gc,phases,ref     ] GC(1458)         Total (ms):               skipped
[261.054s][debug][gc,phases,ref     ] GC(1458)       Notify and keep alive finalizable: 0.0ms
[261.054s][debug][gc,phases,ref     ] GC(1458)         FinalRef (ms):            skipped
[261.054s][debug][gc,phases,ref     ] GC(1458)       Notify PhantomReferences: 0.0ms
[261.054s][debug][gc,phases,ref     ] GC(1458)         PhantomRef (ms):          skipped
[261.054s][debug][gc,phases,ref     ] GC(1458)       SoftReference:
[261.054s][debug][gc,phases,ref     ] GC(1458)         Discovered: 0
[261.054s][debug][gc,phases,ref     ] GC(1458)         Cleared: 0
[261.054s][debug][gc,phases,ref     ] GC(1458)       WeakReference:
[261.054s][debug][gc,phases,ref     ] GC(1458)         Discovered: 0
[261.054s][debug][gc,phases,ref     ] GC(1458)         Cleared: 0
[261.054s][debug][gc,phases,ref     ] GC(1458)       FinalReference:
[261.054s][debug][gc,phases,ref     ] GC(1458)         Discovered: 0
[261.054s][debug][gc,phases,ref     ] GC(1458)         Cleared: 0
[261.054s][debug][gc,phases,ref     ] GC(1458)       PhantomReference:
[261.054s][debug][gc,phases,ref     ] GC(1458)         Discovered: 0
[261.054s][debug][gc,phases,ref     ] GC(1458)         Cleared: 0
[261.054s][debug][gc,phases         ] GC(1458)     Weak Processing: 0.1ms
[261.054s][debug][gc,phases         ] GC(1458)       JVMTI weak processing: 0.0ms
[261.054s][debug][gc,phases         ] GC(1458)         Dead: 0
[261.054s][debug][gc,phases         ] GC(1458)         Total: 0
[261.054s][debug][gc,phases         ] GC(1458)       JFR weak processing: 0.0ms
[261.054s][debug][gc,phases         ] GC(1458)         Dead: 0
[261.054s][debug][gc,phases         ] GC(1458)         Total: 0
[261.054s][debug][gc,phases         ] GC(1458)       JNI weak                  Min:  0.0, Avg:  0.0, Max:  0.0, Diff:  0.0, Sum:  0.0, Workers: 5
[261.054s][debug][gc,phases         ] GC(1458)         Dead                      Min: 0, Avg:  0.0, Max: 0, Diff: 0, Sum: 0, Workers: 5
[261.054s][debug][gc,phases         ] GC(1458)         Total                     Min: 0, Avg: 21.8, Max: 109, Diff: 109, Sum: 109, Workers: 5
[261.054s][debug][gc,phases         ] GC(1458)       VM weak                   Min:  0.0, Avg:  0.0, Max:  0.0, Diff:  0.0, Sum:  0.0, Workers: 5
[261.054s][debug][gc,phases         ] GC(1458)         Dead                      Min: 0, Avg:  0.0, Max: 0, Diff: 0, Sum: 0, Workers: 5
[261.054s][debug][gc,phases         ] GC(1458)         Total                     Min: 0, Avg: 42.6, Max: 213, Diff: 213, Sum: 213, Workers: 5
[261.054s][debug][gc,phases         ] GC(1458)       StringTable weak          Min:  0.0, Avg:  0.0, Max:  0.0, Diff:  0.0, Sum:  0.0, Workers: 5
[261.054s][debug][gc,phases         ] GC(1458)         Dead                      Min: 0, Avg:  0.0, Max: 0, Diff: 0, Sum: 0, Workers: 5
[261.054s][debug][gc,phases         ] GC(1458)         Total                     Min: 0, Avg: 721.8, Max: 3263, Diff: 3263, Sum: 3609, Workers: 5
[261.054s][debug][gc,phases         ] GC(1458)       ResolvedMethodTable weak  Min:  0.0, Avg:  0.0, Max:  0.0, Diff:  0.0, Sum:  0.0, Workers: 5
[261.054s][debug][gc,phases         ] GC(1458)         Dead                      Min: 0, Avg:  0.0, Max: 0, Diff: 0, Sum: 0, Workers: 5
[261.055s][debug][gc,phases         ] GC(1458)         Total                     Min: 0, Avg: 114.8, Max: 320, Diff: 320, Sum: 574, Workers: 5
[261.055s][debug][gc,phases         ] GC(1458)     Merge Per-Thread State: 0.0ms
[261.055s][debug][gc,phases         ] GC(1458)       Copied Bytes              Min: 808, Avg: 550324.0, Max: 800544, Diff: 799736, Sum: 4402592, Workers: 8
[261.055s][debug][gc,phases         ] GC(1458)       LAB Waste                 Min: 0, Avg:  0.0, Max: 0, Diff: 0, Sum: 0, Workers: 8
[261.055s][debug][gc,phases         ] GC(1458)       LAB Undo Waste            Min: 0, Avg:  0.0, Max: 0, Diff: 0, Sum: 0, Workers: 8
[261.055s][debug][gc,phases         ] GC(1458)     Code Roots Purge: 0.0ms
[261.055s][debug][gc,phases         ] GC(1458)     Redirty Cards: 0.0ms
[261.055s][debug][gc,phases         ] GC(1458)     DerivedPointerTable Update: 0.0ms
[261.055s][debug][gc,phases         ] GC(1458)     Free Collection Set: 0.2ms
[261.055s][debug][gc,phases         ] GC(1458)     Rebuild Free List: 0.1ms
[261.055s][debug][gc,phases         ] GC(1458)     Humongous Reclaim: 0.0ms
[261.055s][debug][gc,phases         ] GC(1458)     Start New Collection Set: 0.0ms
[261.055s][debug][gc,phases         ] GC(1458)     Resize TLABs: 0.0ms
[261.055s][debug][gc,phases         ] GC(1458)     Expand Heap After Collection: 0.0ms
[261.055s][info ][gc,phases         ] GC(1458)   Other: 0.3ms
[261.055s][info ][gc,heap           ] GC(1458) Eden regions: 866->0(865)
[261.055s][info ][gc,heap           ] GC(1458) Survivor regions: 5->6(109)
[261.055s][info ][gc,heap           ] GC(1458) Old regions: 18->18
[261.055s][info ][gc,heap           ] GC(1458) Archive regions: 2->2
[261.055s][info ][gc,heap           ] GC(1458) Humongous regions: 0->0
[261.055s][info ][gc,metaspace      ] GC(1458) Metaspace: 10458K(11136K)->10458K(11136K) NonClass: 9309K(9728K)->9309K(9728K) Class: 1149K(1408K)->1149K(1408K)
[261.055s][debug][gc,heap           ] GC(1458) Heap after GC invocations=1459 (full 1): garbage-first heap   total 1486848K, used 23882K [0x0000000700000000, 0x0000000800000000)
[261.055s][debug][gc,heap           ] GC(1458)   region size 1024K, 6 young (6144K), 6 survivors (6144K)
[261.055s][debug][gc,heap           ] GC(1458)  Metaspace       used 10458K, capacity 10758K, committed 11136K, reserved 1058816K
[261.055s][debug][gc,heap           ] GC(1458)   class space    used 1149K, capacity 1267K, committed 1408K, reserved 1048576K
[261.055s][info ][gc                ] GC(1458) Pause Young (Normal) (G1 Evacuation Pause) 888M->23M(1452M) 2.231ms
[261.055s][info ][gc,cpu            ] GC(1458) User=0.01s Sys=0.00s Real=0.00s
[261.055s][info ][safepoint         ] Safepoint "G1CollectForAllocation", Time since last: 42223441 ns, Reaching safepoint: 134169 ns, At safepoint: 2452965 ns, Total: 2587134 ns
[261.099s][debug][gc,heap           ] GC(1459) Heap before GC invocations=1459 (full 1): garbage-first heap   total 1486848K, used 908618K [0x0000000700000000, 0x0000000800000000)
[261.099s][debug][gc,heap           ] GC(1459)   region size 1024K, 871 young (891904K), 6 survivors (6144K)
[261.099s][debug][gc,heap           ] GC(1459)  Metaspace       used 10458K, capacity 10758K, committed 11136K, reserved 1058816K
[261.099s][debug][gc,heap           ] GC(1459)   class space    used 1149K, capacity 1267K, committed 1408K, reserved 1048576K
[261.099s][info ][gc,start          ] GC(1459) Pause Young (Normal) (G1 Evacuation Pause)
[261.099s][info ][gc,task           ] GC(1459) Using 8 workers of 8 for evacuation
[261.099s][debug][gc,tlab           ] GC(1459) TLAB totals: thrds: 8  refills: 13 max: 3 slow allocs: 1725 max 230 waste: 27.5% gc: 978520B max: 221600B slow: 43560B max: 15488B fast: 0B max: 0B
[261.099s][debug][gc,age            ] GC(1459) Desired survivor size 57147392 bytes, new threshold 15 (max threshold 15)
[261.099s][debug][gc,alloc,region   ] GC(1459) Mutator Allocation stats, regions: 865, wasted size: 202M (23.4%)
[261.099s][debug][gc,ergo           ] GC(1459) Running G1 Merge Heap Roots using 8 workers for 871 regions
[261.099s][debug][gc,remset         ] GC(1459) Visited cards 256 Total dirty 2048 (12.50%) Total old 3608576 (0.01%)
[261.100s][debug][gc,ergo           ] GC(1459) Running G1 Clear Card Table Task using 2 workers for 2 units of work for 872 regions.
[261.100s][debug][gc,ref            ] GC(1459) Skipped phase1 of Reference Processing due to unavailable references
[261.100s][debug][gc,ref            ] GC(1459) Skipped phase2 of Reference Processing due to unavailable references
[261.100s][debug][gc,ref            ] GC(1459) Skipped phase3 of Reference Processing due to unavailable references
[261.100s][debug][gc,ref            ] GC(1459) Skipped phase4 of Reference Processing due to unavailable references
[261.100s][debug][gc,ergo           ] GC(1459) Running G1 Free Collection Set using 8 workers for collection set length 871 (1452)
[261.100s][debug][gc,ergo           ] GC(1459) Running G1 Rebuild Free List Task using 8 workers for rebuilding free list of 0 (4096) regions
[261.101s][trace][gc,age            ] GC(1459) Age table with threshold 15 (max threshold 15)
[261.101s][trace][gc,age            ] GC(1459) - age   1:    2802464 bytes,    2802464 total
[261.101s][debug][gc,plab           ] GC(1459) Young PLAB allocation: allocated: 16512B, wasted: 0B, unused: 14144B, used: 2368B, undo waste: 0B, 
[261.101s][debug][gc,plab           ] GC(1459) Young other allocation: region end waste: 733256B, regions filled: 4, direct allocated: 2800096B, failure used: 0B, failure wasted: 0B
[261.101s][debug][gc,plab           ] GC(1459) Young sizing: calculated: 0B, actual: 2064B
[261.101s][debug][gc,plab           ] GC(1459) Old PLAB allocation: allocated: 0B, wasted: 0B, unused: 0B, used: 0B, undo waste: 0B, 
[261.101s][debug][gc,plab           ] GC(1459) Old other allocation: region end waste: 0B, regions filled: 1, direct allocated: 0B, failure used: 0B, failure wasted: 0B
[261.101s][debug][gc,plab           ] GC(1459) Old sizing: calculated: 0B, actual: 2064B
[261.101s][debug][gc,ihop           ] GC(1459) Basic information (value update), threshold: 685139558B (45.00), target occupancy: 1522532352B, current occupancy: 22354088B, recent allocation size: 0B, recent allocation duration: 45.17ms, recent old gen allocation rate: 0.00B/s, recent marking phase length: 38.29ms
[261.101s][debug][gc,ihop           ] GC(1459) Adaptive IHOP information (value update), threshold: 685139558B (47.37), internal target occupancy: 1446405734B, occupancy: 22354088B, additional buffer size: 913309696B, predicted old gen allocation rate: 2.77B/s, predicted marking phase length: 76.58ms, prediction active: false
[261.101s][debug][gc,ergo,refine    ] GC(1459) Concurrent refinement times: Logged Cards Scan time goal: 20.00ms Logged Cards Scan time: 0.00ms HCC time: 0.00ms
[261.101s][debug][gc,ergo,refine    ] GC(1459) Updated Refinement Zones: green: 2048, yellow: 6144, red: 10240
[261.101s][info ][gc,phases         ] GC(1459)   Pre Evacuate Collection Set: 0.2ms
[261.101s][debug][gc,phases         ] GC(1459)     Prepare TLABs: 0.0ms
[261.101s][debug][gc,phases         ] GC(1459)     Choose Collection Set: 0.0ms
[261.101s][debug][gc,phases         ] GC(1459)     Region Register: 0.1ms
[261.101s][debug][gc,phases         ] GC(1459)     Prepare Heap Roots: 0.0ms
[261.101s][info ][gc,phases         ] GC(1459)   Merge Heap Roots: 0.1ms
[261.101s][debug][gc,phases         ] GC(1459)     Prepare Merge Heap Roots: 0.0ms
[261.101s][debug][gc,phases         ] GC(1459)     Eager Reclaim (ms):       skipped
[261.101s][debug][gc,phases         ] GC(1459)     Remembered Sets (ms):     Min:  0.0, Avg:  0.0, Max:  0.0, Diff:  0.0, Sum:  0.2, Workers: 8
[261.101s][debug][gc,phases         ] GC(1459)       Merged Sparse:            Min: 0, Avg:  0.0, Max: 0, Diff: 0, Sum: 0, Workers: 8
[261.101s][debug][gc,phases         ] GC(1459)       Merged Fine:              Min: 0, Avg:  0.0, Max: 0, Diff: 0, Sum: 0, Workers: 8
[261.101s][debug][gc,phases         ] GC(1459)       Merged Coarse:            Min: 0, Avg:  0.0, Max: 0, Diff: 0, Sum: 0, Workers: 8
[261.101s][debug][gc,phases         ] GC(1459)       Dirty Cards:              Min: 0, Avg:  0.0, Max: 0, Diff: 0, Sum: 0, Workers: 8
[261.101s][debug][gc,phases         ] GC(1459)     Hot Card Cache (ms):      Min:  0.0, Avg:  0.0, Max:  0.0, Diff:  0.0, Sum:  0.0, Workers: 8
[261.101s][debug][gc,phases         ] GC(1459)       Dirty Cards:              Min: 0, Avg:  0.0, Max: 0, Diff: 0, Sum: 0, Workers: 8
[261.101s][debug][gc,phases         ] GC(1459)       Skipped Cards:            Min: 0, Avg:  0.0, Max: 0, Diff: 0, Sum: 0, Workers: 8
[261.101s][debug][gc,phases         ] GC(1459)     Log Buffers (ms):         Min:  0.0, Avg:  0.0, Max:  0.0, Diff:  0.0, Sum:  0.0, Workers: 8
[261.101s][debug][gc,phases         ] GC(1459)       Dirty Cards:              Min: 0, Avg:  0.1, Max: 1, Diff: 1, Sum: 1, Workers: 8
[261.101s][debug][gc,phases         ] GC(1459)       Skipped Cards:            Min: 0, Avg:  0.0, Max: 0, Diff: 0, Sum: 0, Workers: 8
[261.101s][info ][gc,phases         ] GC(1459)   Evacuate Collection Set: 0.4ms
[261.101s][debug][gc,phases         ] GC(1459)     Ext Root Scanning (ms):   Min:  0.0, Avg:  0.1, Max:  0.3, Diff:  0.2, Sum:  1.1, Workers: 8
[261.101s][debug][gc,phases         ] GC(1459)     Scan Heap Roots (ms):     Min:  0.0, Avg:  0.0, Max:  0.0, Diff:  0.0, Sum:  0.0, Workers: 8
[261.101s][debug][gc,phases         ] GC(1459)       Scanned Cards:            Min: 0, Avg:  0.1, Max: 1, Diff: 1, Sum: 1, Workers: 8
[261.101s][debug][gc,phases         ] GC(1459)       Scanned Blocks:           Min: 0, Avg:  0.1, Max: 1, Diff: 1, Sum: 1, Workers: 8
[261.101s][debug][gc,phases         ] GC(1459)       Claimed Chunks:           Min: 0, Avg:  0.1, Max: 1, Diff: 1, Sum: 1, Workers: 8
[261.101s][debug][gc,phases         ] GC(1459)     Code Root Scan (ms):      Min:  0.0, Avg:  0.0, Max:  0.0, Diff:  0.0, Sum:  0.1, Workers: 8
[261.101s][debug][gc,phases         ] GC(1459)     Object Copy (ms):         Min:  0.0, Avg:  0.0, Max:  0.0, Diff:  0.0, Sum:  0.0, Workers: 8
[261.101s][debug][gc,phases         ] GC(1459)     Termination (ms):         Min:  0.0, Avg:  0.1, Max:  0.1, Diff:  0.1, Sum:  0.7, Workers: 8
[261.101s][debug][gc,phases         ] GC(1459)       Termination Attempts:     Min: 1, Avg:  1.2, Max: 3, Diff: 2, Sum: 10, Workers: 8
[261.101s][debug][gc,phases         ] GC(1459)     GC Worker Other (ms):     Min:  0.0, Avg:  0.0, Max:  0.1, Diff:  0.1, Sum:  0.3, Workers: 8
[261.101s][debug][gc,phases         ] GC(1459)     GC Worker Total (ms):     Min:  0.3, Avg:  0.3, Max:  0.3, Diff:  0.1, Sum:  2.2, Workers: 8
[261.101s][info ][gc,phases         ] GC(1459)   Post Evacuate Collection Set: 0.6ms
[261.101s][debug][gc,phases         ] GC(1459)     Code Roots Fixup: 0.0ms
[261.101s][debug][gc,phases         ] GC(1459)     Clear Card Table: 0.2ms
[261.101s][debug][gc,phases         ] GC(1459)     Reference Processing: 0.0ms
[261.101s][debug][gc,phases,ref     ] GC(1459)       Reconsider SoftReferences: 0.0ms
[261.101s][debug][gc,phases,ref     ] GC(1459)         SoftRef (ms):             skipped
[261.101s][debug][gc,phases,ref     ] GC(1459)       Notify Soft/WeakReferences: 0.0ms
[261.101s][debug][gc,phases,ref     ] GC(1459)         SoftRef (ms):             skipped
[261.101s][debug][gc,phases,ref     ] GC(1459)         WeakRef (ms):             skipped
[261.101s][debug][gc,phases,ref     ] GC(1459)         FinalRef (ms):            skipped
[261.101s][debug][gc,phases,ref     ] GC(1459)         Total (ms):               skipped
[261.101s][debug][gc,phases,ref     ] GC(1459)       Notify and keep alive finalizable: 0.0ms
[261.101s][debug][gc,phases,ref     ] GC(1459)         FinalRef (ms):            skipped
[261.101s][debug][gc,phases,ref     ] GC(1459)       Notify PhantomReferences: 0.0ms
[261.101s][debug][gc,phases,ref     ] GC(1459)         PhantomRef (ms):          skipped
[261.101s][debug][gc,phases,ref     ] GC(1459)       SoftReference:
[261.101s][debug][gc,phases,ref     ] GC(1459)         Discovered: 0
[261.101s][debug][gc,phases,ref     ] GC(1459)         Cleared: 0
[261.101s][debug][gc,phases,ref     ] GC(1459)       WeakReference:
[261.101s][debug][gc,phases,ref     ] GC(1459)         Discovered: 0
[261.101s][debug][gc,phases,ref     ] GC(1459)         Cleared: 0
[261.101s][debug][gc,phases,ref     ] GC(1459)       FinalReference:
[261.101s][debug][gc,phases,ref     ] GC(1459)         Discovered: 0
[261.101s][debug][gc,phases,ref     ] GC(1459)         Cleared: 0
[261.101s][debug][gc,phases,ref     ] GC(1459)       PhantomReference:
[261.101s][debug][gc,phases,ref     ] GC(1459)         Discovered: 0
[261.101s][debug][gc,phases,ref     ] GC(1459)         Cleared: 0
[261.101s][debug][gc,phases         ] GC(1459)     Weak Processing: 0.0ms
[261.101s][debug][gc,phases         ] GC(1459)       JVMTI weak processing: 0.0ms
[261.101s][debug][gc,phases         ] GC(1459)         Dead: 0
[261.101s][debug][gc,phases         ] GC(1459)         Total: 0
[261.101s][debug][gc,phases         ] GC(1459)       JFR weak processing: 0.0ms
[261.101s][debug][gc,phases         ] GC(1459)         Dead: 0
[261.101s][debug][gc,phases         ] GC(1459)         Total: 0
[261.101s][debug][gc,phases         ] GC(1459)       JNI weak                  Min:  0.0, Avg:  0.0, Max:  0.0, Diff:  0.0, Sum:  0.0, Workers: 5
[261.101s][debug][gc,phases         ] GC(1459)         Dead                      Min: 0, Avg:  0.0, Max: 0, Diff: 0, Sum: 0, Workers: 5
[261.101s][debug][gc,phases         ] GC(1459)         Total                     Min: 0, Avg: 21.8, Max: 109, Diff: 109, Sum: 109, Workers: 5
[261.101s][debug][gc,phases         ] GC(1459)       VM weak                   Min:  0.0, Avg:  0.0, Max:  0.0, Diff:  0.0, Sum:  0.0, Workers: 5
[261.101s][debug][gc,phases         ] GC(1459)         Dead                      Min: 0, Avg:  0.0, Max: 0, Diff: 0, Sum: 0, Workers: 5
[261.101s][debug][gc,phases         ] GC(1459)         Total                     Min: 0, Avg: 42.6, Max: 192, Diff: 192, Sum: 213, Workers: 5
[261.101s][debug][gc,phases         ] GC(1459)       StringTable weak          Min:  0.0, Avg:  0.0, Max:  0.0, Diff:  0.0, Sum:  0.1, Workers: 5
[261.101s][debug][gc,phases         ] GC(1459)         Dead                      Min: 0, Avg:  0.0, Max: 0, Diff: 0, Sum: 0, Workers: 5
[261.101s][debug][gc,phases         ] GC(1459)         Total                     Min: 0, Avg: 721.8, Max: 1343, Diff: 1343, Sum: 3609, Workers: 5
[261.101s][debug][gc,phases         ] GC(1459)       ResolvedMethodTable weak  Min:  0.0, Avg:  0.0, Max:  0.0, Diff:  0.0, Sum:  0.0, Workers: 5
[261.101s][debug][gc,phases         ] GC(1459)         Dead                      Min: 0, Avg:  0.0, Max: 0, Diff: 0, Sum: 0, Workers: 5
[261.101s][debug][gc,phases         ] GC(1459)         Total                     Min: 64, Avg: 114.8, Max: 190, Diff: 126, Sum: 574, Workers: 5
[261.101s][debug][gc,phases         ] GC(1459)     Merge Per-Thread State: 0.0ms
[261.101s][debug][gc,phases         ] GC(1459)       Copied Bytes              Min: 232, Avg: 350308.0, Max: 800096, Diff: 799864, Sum: 2802464, Workers: 8
[261.101s][debug][gc,phases         ] GC(1459)       LAB Waste                 Min: 0, Avg:  0.0, Max: 0, Diff: 0, Sum: 0, Workers: 8
[261.101s][debug][gc,phases         ] GC(1459)       LAB Undo Waste            Min: 0, Avg:  0.0, Max: 0, Diff: 0, Sum: 0, Workers: 8
[261.101s][debug][gc,phases         ] GC(1459)     Code Roots Purge: 0.0ms
[261.101s][debug][gc,phases         ] GC(1459)     Redirty Cards: 0.0ms
[261.101s][debug][gc,phases         ] GC(1459)     DerivedPointerTable Update: 0.0ms
[261.101s][debug][gc,phases         ] GC(1459)     Free Collection Set: 0.2ms
[261.101s][debug][gc,phases         ] GC(1459)     Rebuild Free List: 0.1ms
[261.101s][debug][gc,phases         ] GC(1459)     Humongous Reclaim: 0.0ms
[261.101s][debug][gc,phases         ] GC(1459)     Start New Collection Set: 0.0ms
[261.101s][debug][gc,phases         ] GC(1459)     Resize TLABs: 0.0ms
[261.101s][debug][gc,phases         ] GC(1459)     Expand Heap After Collection: 0.0ms
[261.101s][info ][gc,phases         ] GC(1459)   Other: 0.3ms
[261.101s][info ][gc,heap           ] GC(1459) Eden regions: 865->0(867)
[261.101s][info ][gc,heap           ] GC(1459) Survivor regions: 6->4(109)
[261.101s][info ][gc,heap           ] GC(1459) Old regions: 18->18
[261.101s][info ][gc,heap           ] GC(1459) Archive regions: 2->2
[261.101s][info ][gc,heap           ] GC(1459) Humongous regions: 0->0
[261.101s][info ][gc,metaspace      ] GC(1459) Metaspace: 10458K(11136K)->10458K(11136K) NonClass: 9309K(9728K)->9309K(9728K) Class: 1149K(1408K)->1149K(1408K)
[261.101s][debug][gc,heap           ] GC(1459) Heap after GC invocations=1460 (full 1): garbage-first heap   total 1486848K, used 21830K [0x0000000700000000, 0x0000000800000000)
[261.101s][debug][gc,heap           ] GC(1459)   region size 1024K, 4 young (4096K), 4 survivors (4096K)
[261.101s][debug][gc,heap           ] GC(1459)  Metaspace       used 10458K, capacity 10758K, committed 11136K, reserved 1058816K
[261.101s][debug][gc,heap           ] GC(1459)   class space    used 1149K, capacity 1267K, committed 1408K, reserved 1048576K
[261.101s][info ][gc                ] GC(1459) Pause Young (Normal) (G1 Evacuation Pause) 888M->21M(1452M) 2.171ms
[261.101s][info ][gc,cpu            ] GC(1459) User=0.00s Sys=0.00s Real=0.01s
[261.101s][info ][safepoint         ] Safepoint "G1CollectForAllocation", Time since last: 44065459 ns, Reaching safepoint: 171542 ns, At safepoint: 2357141 ns, Total: 2528683 ns
[261.145s][debug][gc,heap           ] GC(1460) Heap before GC invocations=1460 (full 1): garbage-first heap   total 1486848K, used 908614K [0x0000000700000000, 0x0000000800000000)
[261.145s][debug][gc,heap           ] GC(1460)   region size 1024K, 871 young (891904K), 4 survivors (4096K)
[261.145s][debug][gc,heap           ] GC(1460)  Metaspace       used 10458K, capacity 10758K, committed 11136K, reserved 1058816K
[261.145s][debug][gc,heap           ] GC(1460)   class space    used 1149K, capacity 1267K, committed 1408K, reserved 1048576K
[261.145s][info ][gc,start          ] GC(1460) Pause Young (Normal) (G1 Evacuation Pause)
[261.145s][info ][gc,task           ] GC(1460) Using 8 workers of 8 for evacuation
[261.145s][debug][gc,tlab           ] GC(1460) TLAB totals: thrds: 8  refills: 11 max: 2 slow allocs: 1727 max 248 waste: 40.1% gc: 1224976B max: 221616B slow: 41656B max: 14304B fast: 0B max: 0B
[261.145s][debug][gc,age            ] GC(1460) Desired survivor size 57147392 bytes, new threshold 15 (max threshold 15)
[261.145s][debug][gc,alloc,region   ] GC(1460) Mutator Allocation stats, regions: 867, wasted size: 203M (23.4%)
[261.145s][debug][gc,ergo           ] GC(1460) Running G1 Merge Heap Roots using 8 workers for 871 regions
[261.145s][debug][gc,remset         ] GC(1460) Visited cards 512 Total dirty 4096 (12.50%) Total old 3608576 (0.01%)
[261.146s][debug][gc,ergo           ] GC(1460) Running G1 Clear Card Table Task using 2 workers for 2 units of work for 873 regions.
[261.146s][debug][gc,ref            ] GC(1460) Skipped phase1 of Reference Processing due to unavailable references
[261.146s][debug][gc,ref            ] GC(1460) Skipped phase2 of Reference Processing due to unavailable references
[261.146s][debug][gc,ref            ] GC(1460) Skipped phase3 of Reference Processing due to unavailable references
[261.146s][debug][gc,ref            ] GC(1460) Skipped phase4 of Reference Processing due to unavailable references
[261.146s][debug][gc,ergo           ] GC(1460) Running G1 Free Collection Set using 8 workers for collection set length 871 (1452)
[261.146s][debug][gc,ergo           ] GC(1460) Running G1 Rebuild Free List Task using 8 workers for rebuilding free list of 0 (4096) regions
[261.146s][trace][gc,age            ] GC(1460) Age table with threshold 15 (max threshold 15)
[261.146s][trace][gc,age            ] GC(1460) - age   1:    3602488 bytes,    3602488 total
[261.146s][debug][gc,plab           ] GC(1460) Young PLAB allocation: allocated: 16512B, wasted: 0B, unused: 14144B, used: 2368B, undo waste: 0B, 
[261.146s][debug][gc,plab           ] GC(1460) Young other allocation: region end waste: 983872B, regions filled: 5, direct allocated: 3600120B, failure used: 0B, failure wasted: 0B
[261.146s][debug][gc,plab           ] GC(1460) Young sizing: calculated: 0B, actual: 2064B
[261.146s][debug][gc,plab           ] GC(1460) Old PLAB allocation: allocated: 0B, wasted: 0B, unused: 0B, used: 0B, undo waste: 0B, 
[261.146s][debug][gc,plab           ] GC(1460) Old other allocation: region end waste: 0B, regions filled: 1, direct allocated: 0B, failure used: 0B, failure wasted: 0B
[261.146s][debug][gc,plab           ] GC(1460) Old sizing: calculated: 0B, actual: 2064B
[261.146s][debug][gc,ihop           ] GC(1460) Basic information (value update), threshold: 685139558B (45.00), target occupancy: 1522532352B, current occupancy: 23404728B, recent allocation size: 0B, recent allocation duration: 44.23ms, recent old gen allocation rate: 0.00B/s, recent marking phase length: 38.29ms
[261.146s][debug][gc,ihop           ] GC(1460) Adaptive IHOP information (value update), threshold: 685139558B (47.37), internal target occupancy: 1446405734B, occupancy: 23404728B, additional buffer size: 913309696B, predicted old gen allocation rate: 2.70B/s, predicted marking phase length: 76.58ms, prediction active: false
[261.146s][debug][gc,ergo,refine    ] GC(1460) Concurrent refinement times: Logged Cards Scan time goal: 20.00ms Logged Cards Scan time: 0.01ms HCC time: 0.00ms
[261.146s][debug][gc,ergo,refine    ] GC(1460) Updated Refinement Zones: green: 2048, yellow: 6144, red: 10240
[261.146s][info ][gc,phases         ] GC(1460)   Pre Evacuate Collection Set: 0.1ms
[261.146s][debug][gc,phases         ] GC(1460)     Prepare TLABs: 0.0ms
[261.146s][debug][gc,phases         ] GC(1460)     Choose Collection Set: 0.0ms
[261.146s][debug][gc,phases         ] GC(1460)     Region Register: 0.1ms
[261.146s][debug][gc,phases         ] GC(1460)     Prepare Heap Roots: 0.0ms
[261.146s][info ][gc,phases         ] GC(1460)   Merge Heap Roots: 0.1ms
[261.146s][debug][gc,phases         ] GC(1460)     Prepare Merge Heap Roots: 0.0ms
[261.146s][debug][gc,phases         ] GC(1460)     Eager Reclaim (ms):       skipped
[261.146s][debug][gc,phases         ] GC(1460)     Remembered Sets (ms):     Min:  0.0, Avg:  0.0, Max:  0.1, Diff:  0.0, Sum:  0.3, Workers: 8
[261.146s][debug][gc,phases         ] GC(1460)       Merged Sparse:            Min: 0, Avg:  0.0, Max: 0, Diff: 0, Sum: 0, Workers: 8
[261.146s][debug][gc,phases         ] GC(1460)       Merged Fine:              Min: 0, Avg:  0.0, Max: 0, Diff: 0, Sum: 0, Workers: 8
[261.146s][debug][gc,phases         ] GC(1460)       Merged Coarse:            Min: 0, Avg:  0.0, Max: 0, Diff: 0, Sum: 0, Workers: 8
[261.146s][debug][gc,phases         ] GC(1460)       Dirty Cards:              Min: 0, Avg:  0.0, Max: 0, Diff: 0, Sum: 0, Workers: 8
[261.146s][debug][gc,phases         ] GC(1460)     Hot Card Cache (ms):      Min:  0.0, Avg:  0.0, Max:  0.0, Diff:  0.0, Sum:  0.0, Workers: 8
[261.146s][debug][gc,phases         ] GC(1460)       Dirty Cards:              Min: 0, Avg:  0.0, Max: 0, Diff: 0, Sum: 0, Workers: 8
[261.146s][debug][gc,phases         ] GC(1460)       Skipped Cards:            Min: 0, Avg:  0.0, Max: 0, Diff: 0, Sum: 0, Workers: 8
[261.146s][debug][gc,phases         ] GC(1460)     Log Buffers (ms):         Min:  0.0, Avg:  0.0, Max:  0.0, Diff:  0.0, Sum:  0.0, Workers: 8
[261.146s][debug][gc,phases         ] GC(1460)       Dirty Cards:              Min: 0, Avg:  0.2, Max: 1, Diff: 1, Sum: 2, Workers: 8
[261.146s][debug][gc,phases         ] GC(1460)       Skipped Cards:            Min: 0, Avg:  0.0, Max: 0, Diff: 0, Sum: 0, Workers: 8
[261.146s][info ][gc,phases         ] GC(1460)   Evacuate Collection Set: 0.4ms
[261.146s][debug][gc,phases         ] GC(1460)     Ext Root Scanning (ms):   Min:  0.1, Avg:  0.2, Max:  0.3, Diff:  0.2, Sum:  1.7, Workers: 8
[261.146s][debug][gc,phases         ] GC(1460)     Scan Heap Roots (ms):     Min:  0.0, Avg:  0.0, Max:  0.0, Diff:  0.0, Sum:  0.0, Workers: 8
[261.146s][debug][gc,phases         ] GC(1460)       Scanned Cards:            Min: 0, Avg:  0.2, Max: 2, Diff: 2, Sum: 2, Workers: 8
[261.146s][debug][gc,phases         ] GC(1460)       Scanned Blocks:           Min: 0, Avg:  0.2, Max: 2, Diff: 2, Sum: 2, Workers: 8
[261.146s][debug][gc,phases         ] GC(1460)       Claimed Chunks:           Min: 0, Avg:  0.2, Max: 2, Diff: 2, Sum: 2, Workers: 8
[261.146s][debug][gc,phases         ] GC(1460)     Code Root Scan (ms):      Min:  0.0, Avg:  0.0, Max:  0.1, Diff:  0.1, Sum:  0.2, Workers: 8
[261.146s][debug][gc,phases         ] GC(1460)     Object Copy (ms):         Min:  0.0, Avg:  0.0, Max:  0.0, Diff:  0.0, Sum:  0.0, Workers: 8
[261.146s][debug][gc,phases         ] GC(1460)     Termination (ms):         Min:  0.0, Avg:  0.1, Max:  0.1, Diff:  0.1, Sum:  0.5, Workers: 8
[261.146s][debug][gc,phases         ] GC(1460)       Termination Attempts:     Min: 1, Avg:  1.2, Max: 2, Diff: 1, Sum: 10, Workers: 8
[261.146s][debug][gc,phases         ] GC(1460)     GC Worker Other (ms):     Min:  0.0, Avg:  0.0, Max:  0.1, Diff:  0.1, Sum:  0.4, Workers: 8
[261.146s][debug][gc,phases         ] GC(1460)     GC Worker Total (ms):     Min:  0.3, Avg:  0.4, Max:  0.4, Diff:  0.1, Sum:  2.9, Workers: 8
[261.146s][info ][gc,phases         ] GC(1460)   Post Evacuate Collection Set: 0.6ms
[261.147s][debug][gc,phases         ] GC(1460)     Code Roots Fixup: 0.0ms
[261.147s][debug][gc,phases         ] GC(1460)     Clear Card Table: 0.2ms
[261.147s][debug][gc,phases         ] GC(1460)     Reference Processing: 0.0ms
[261.147s][debug][gc,phases,ref     ] GC(1460)       Reconsider SoftReferences: 0.0ms
[261.147s][debug][gc,phases,ref     ] GC(1460)         SoftRef (ms):             skipped
[261.147s][debug][gc,phases,ref     ] GC(1460)       Notify Soft/WeakReferences: 0.0ms
[261.147s][debug][gc,phases,ref     ] GC(1460)         SoftRef (ms):             skipped
[261.147s][debug][gc,phases,ref     ] GC(1460)         WeakRef (ms):             skipped
[261.147s][debug][gc,phases,ref     ] GC(1460)         FinalRef (ms):            skipped
[261.147s][debug][gc,phases,ref     ] GC(1460)         Total (ms):               skipped
[261.147s][debug][gc,phases,ref     ] GC(1460)       Notify and keep alive finalizable: 0.0ms
[261.147s][debug][gc,phases,ref     ] GC(1460)         FinalRef (ms):            skipped
[261.147s][debug][gc,phases,ref     ] GC(1460)       Notify PhantomReferences: 0.0ms
[261.147s][debug][gc,phases,ref     ] GC(1460)         PhantomRef (ms):          skipped
[261.147s][debug][gc,phases,ref     ] GC(1460)       SoftReference:
[261.147s][debug][gc,phases,ref     ] GC(1460)         Discovered: 0
[261.147s][debug][gc,phases,ref     ] GC(1460)         Cleared: 0
[261.147s][debug][gc,phases,ref     ] GC(1460)       WeakReference:
[261.147s][debug][gc,phases,ref     ] GC(1460)         Discovered: 0
[261.147s][debug][gc,phases,ref     ] GC(1460)         Cleared: 0
[261.147s][debug][gc,phases,ref     ] GC(1460)       FinalReference:
[261.147s][debug][gc,phases,ref     ] GC(1460)         Discovered: 0
[261.147s][debug][gc,phases,ref     ] GC(1460)         Cleared: 0
[261.147s][debug][gc,phases,ref     ] GC(1460)       PhantomReference:
[261.147s][debug][gc,phases,ref     ] GC(1460)         Discovered: 0
[261.147s][debug][gc,phases,ref     ] GC(1460)         Cleared: 0
[261.147s][debug][gc,phases         ] GC(1460)     Weak Processing: 0.1ms
[261.147s][debug][gc,phases         ] GC(1460)       JVMTI weak processing: 0.0ms
[261.147s][debug][gc,phases         ] GC(1460)         Dead: 0
[261.147s][debug][gc,phases         ] GC(1460)         Total: 0
[261.147s][debug][gc,phases         ] GC(1460)       JFR weak processing: 0.0ms
[261.147s][debug][gc,phases         ] GC(1460)         Dead: 0
[261.147s][debug][gc,phases         ] GC(1460)         Total: 0
[261.147s][debug][gc,phases         ] GC(1460)       JNI weak                  Min:  0.0, Avg:  0.0, Max:  0.0, Diff:  0.0, Sum:  0.0, Workers: 5
[261.147s][debug][gc,phases         ] GC(1460)         Dead                      Min: 0, Avg:  0.0, Max: 0, Diff: 0, Sum: 0, Workers: 5
[261.147s][debug][gc,phases         ] GC(1460)         Total                     Min: 0, Avg: 21.8, Max: 109, Diff: 109, Sum: 109, Workers: 5
[261.147s][debug][gc,phases         ] GC(1460)       VM weak                   Min:  0.0, Avg:  0.0, Max:  0.0, Diff:  0.0, Sum:  0.0, Workers: 5
[261.147s][debug][gc,phases         ] GC(1460)         Dead                      Min: 0, Avg:  0.0, Max: 0, Diff: 0, Sum: 0, Workers: 5
[261.147s][debug][gc,phases         ] GC(1460)         Total                     Min: 0, Avg: 42.6, Max: 213, Diff: 213, Sum: 213, Workers: 5
[261.147s][debug][gc,phases         ] GC(1460)       StringTable weak          Min:  0.0, Avg:  0.0, Max:  0.0, Diff:  0.0, Sum:  0.0, Workers: 5
[261.147s][debug][gc,phases         ] GC(1460)         Dead                      Min: 0, Avg:  0.0, Max: 0, Diff: 0, Sum: 0, Workers: 5
[261.147s][debug][gc,phases         ] GC(1460)         Total                     Min: 0, Avg: 721.8, Max: 2815, Diff: 2815, Sum: 3609, Workers: 5
[261.147s][debug][gc,phases         ] GC(1460)       ResolvedMethodTable weak  Min:  0.0, Avg:  0.0, Max:  0.0, Diff:  0.0, Sum:  0.0, Workers: 5
[261.147s][debug][gc,phases         ] GC(1460)         Dead                      Min: 0, Avg:  0.0, Max: 0, Diff: 0, Sum: 0, Workers: 5
[261.147s][debug][gc,phases         ] GC(1460)         Total                     Min: 0, Avg: 114.8, Max: 192, Diff: 192, Sum: 574, Workers: 5
[261.147s][debug][gc,phases         ] GC(1460)     Merge Per-Thread State: 0.0ms
[261.147s][debug][gc,phases         ] GC(1460)       Copied Bytes              Min: 152, Avg: 450311.0, Max: 800320, Diff: 800168, Sum: 3602488, Workers: 8
[261.147s][debug][gc,phases         ] GC(1460)       LAB Waste                 Min: 0, Avg:  0.0, Max: 0, Diff: 0, Sum: 0, Workers: 8
[261.147s][debug][gc,phases         ] GC(1460)       LAB Undo Waste            Min: 0, Avg:  0.0, Max: 0, Diff: 0, Sum: 0, Workers: 8
[261.147s][debug][gc,phases         ] GC(1460)     Code Roots Purge: 0.0ms
[261.147s][debug][gc,phases         ] GC(1460)     Redirty Cards: 0.0ms
[261.147s][debug][gc,phases         ] GC(1460)     DerivedPointerTable Update: 0.0ms
[261.147s][debug][gc,phases         ] GC(1460)     Free Collection Set: 0.2ms
[261.147s][debug][gc,phases         ] GC(1460)     Rebuild Free List: 0.1ms
[261.147s][debug][gc,phases         ] GC(1460)     Humongous Reclaim: 0.0ms
[261.147s][debug][gc,phases         ] GC(1460)     Start New Collection Set: 0.0ms
[261.147s][debug][gc,phases         ] GC(1460)     Resize TLABs: 0.0ms
[261.147s][debug][gc,phases         ] GC(1460)     Expand Heap After Collection: 0.0ms
[261.147s][info ][gc,phases         ] GC(1460)   Other: 0.3ms
[261.147s][info ][gc,heap           ] GC(1460) Eden regions: 867->0(866)
[261.147s][info ][gc,heap           ] GC(1460) Survivor regions: 4->5(109)
[261.147s][info ][gc,heap           ] GC(1460) Old regions: 18->18
[261.147s][info ][gc,heap           ] GC(1460) Archive regions: 2->2
[261.147s][info ][gc,heap           ] GC(1460) Humongous regions: 0->0
[261.147s][info ][gc,metaspace      ] GC(1460) Metaspace: 10458K(11136K)->10458K(11136K) NonClass: 9309K(9728K)->9309K(9728K) Class: 1149K(1408K)->1149K(1408K)
[261.147s][debug][gc,heap           ] GC(1460) Heap after GC invocations=1461 (full 1): garbage-first heap   total 1486848K, used 22856K [0x0000000700000000, 0x0000000800000000)
[261.147s][debug][gc,heap           ] GC(1460)   region size 1024K, 5 young (5120K), 5 survivors (5120K)
[261.147s][debug][gc,heap           ] GC(1460)  Metaspace       used 10458K, capacity 10758K, committed 11136K, reserved 1058816K
[261.147s][debug][gc,heap           ] GC(1460)   class space    used 1149K, capacity 1267K, committed 1408K, reserved 1048576K
[261.147s][info ][gc                ] GC(1460) Pause Young (Normal) (G1 Evacuation Pause) 888M->22M(1452M) 2.158ms
[261.147s][info ][gc,cpu            ] GC(1460) User=0.00s Sys=0.00s Real=0.00s
[261.147s][info ][safepoint         ] Safepoint "G1CollectForAllocation", Time since last: 43198881 ns, Reaching safepoint: 123092 ns, At safepoint: 2325156 ns, Total: 2448248 ns
[261.191s][debug][gc,heap           ] GC(1461) Heap before GC invocations=1461 (full 1): garbage-first heap   total 1486848K, used 908616K [0x0000000700000000, 0x0000000800000000)
[261.191s][debug][gc,heap           ] GC(1461)   region size 1024K, 871 young (891904K), 5 survivors (5120K)
[261.191s][debug][gc,heap           ] GC(1461)  Metaspace       used 10458K, capacity 10758K, committed 11136K, reserved 1058816K
[261.191s][debug][gc,heap           ] GC(1461)   class space    used 1149K, capacity 1267K, committed 1408K, reserved 1048576K
[261.191s][info ][gc,start          ] GC(1461) Pause Young (Normal) (G1 Evacuation Pause)
[261.191s][info ][gc,task           ] GC(1461) Using 8 workers of 8 for evacuation
[261.191s][debug][gc,tlab           ] GC(1461) TLAB totals: thrds: 8  refills: 12 max: 2 slow allocs: 1726 max 251 waste: 35.6% gc: 1211992B max: 229192B slow: 54632B max: 14304B fast: 0B max: 0B
[261.191s][debug][gc,age            ] GC(1461) Desired survivor size 57147392 bytes, new threshold 15 (max threshold 15)
[261.191s][debug][gc,alloc,region   ] GC(1461) Mutator Allocation stats, regions: 866, wasted size: 202M (23.4%)
[261.191s][debug][gc,ergo           ] GC(1461) Running G1 Merge Heap Roots using 8 workers for 871 regions
[261.191s][debug][gc,remset         ] GC(1461) Visited cards 256 Total dirty 2048 (12.50%) Total old 3608576 (0.01%)
[261.192s][debug][gc,ergo           ] GC(1461) Running G1 Clear Card Table Task using 2 workers for 2 units of work for 872 regions.
[261.192s][debug][gc,ref            ] GC(1461) Skipped phase1 of Reference Processing due to unavailable references
[261.192s][debug][gc,ref            ] GC(1461) Skipped phase2 of Reference Processing due to unavailable references
[261.192s][debug][gc,ref            ] GC(1461) Skipped phase3 of Reference Processing due to unavailable references
[261.192s][debug][gc,ref            ] GC(1461) Skipped phase4 of Reference Processing due to unavailable references
[261.192s][debug][gc,ergo           ] GC(1461) Running G1 Free Collection Set using 8 workers for collection set length 871 (1452)
[261.192s][debug][gc,ergo           ] GC(1461) Running G1 Rebuild Free List Task using 8 workers for rebuilding free list of 0 (4096) regions
[261.192s][trace][gc,age            ] GC(1461) Age table with threshold 15 (max threshold 15)
[261.192s][trace][gc,age            ] GC(1461) - age   1:    3602576 bytes,    3602576 total
[261.192s][debug][gc,plab           ] GC(1461) Young PLAB allocation: allocated: 16512B, wasted: 0B, unused: 14064B, used: 2448B, undo waste: 0B, 
[261.192s][debug][gc,plab           ] GC(1461) Young other allocation: region end waste: 981800B, regions filled: 5, direct allocated: 3600128B, failure used: 0B, failure wasted: 0B
[261.192s][debug][gc,plab           ] GC(1461) Young sizing: calculated: 0B, actual: 2064B
[261.192s][debug][gc,plab           ] GC(1461) Old PLAB allocation: allocated: 0B, wasted: 0B, unused: 0B, used: 0B, undo waste: 0B, 
[261.192s][debug][gc,plab           ] GC(1461) Old other allocation: region end waste: 0B, regions filled: 1, direct allocated: 0B, failure used: 0B, failure wasted: 0B
[261.192s][debug][gc,plab           ] GC(1461) Old sizing: calculated: 0B, actual: 2064B
[261.192s][debug][gc,ihop           ] GC(1461) Basic information (value update), threshold: 685139558B (45.00), target occupancy: 1522532352B, current occupancy: 23402664B, recent allocation size: 0B, recent allocation duration: 44.52ms, recent old gen allocation rate: 0.00B/s, recent marking phase length: 38.29ms
[261.192s][debug][gc,ihop           ] GC(1461) Adaptive IHOP information (value update), threshold: 685139558B (47.37), internal target occupancy: 1446405734B, occupancy: 23402664B, additional buffer size: 913309696B, predicted old gen allocation rate: 2.63B/s, predicted marking phase length: 76.58ms, prediction active: false
[261.192s][debug][gc,ergo,refine    ] GC(1461) Concurrent refinement times: Logged Cards Scan time goal: 20.00ms Logged Cards Scan time: 0.00ms HCC time: 0.00ms
[261.192s][debug][gc,ergo,refine    ] GC(1461) Updated Refinement Zones: green: 2048, yellow: 6144, red: 10240
[261.192s][info ][gc,phases         ] GC(1461)   Pre Evacuate Collection Set: 0.1ms
[261.192s][debug][gc,phases         ] GC(1461)     Prepare TLABs: 0.0ms
[261.192s][debug][gc,phases         ] GC(1461)     Choose Collection Set: 0.0ms
[261.192s][debug][gc,phases         ] GC(1461)     Region Register: 0.1ms
[261.192s][debug][gc,phases         ] GC(1461)     Prepare Heap Roots: 0.0ms
[261.192s][info ][gc,phases         ] GC(1461)   Merge Heap Roots: 0.2ms
[261.192s][debug][gc,phases         ] GC(1461)     Prepare Merge Heap Roots: 0.0ms
[261.192s][debug][gc,phases         ] GC(1461)     Eager Reclaim (ms):       skipped
[261.192s][debug][gc,phases         ] GC(1461)     Remembered Sets (ms):     Min:  0.0, Avg:  0.0, Max:  0.0, Diff:  0.0, Sum:  0.2, Workers: 8
[261.192s][debug][gc,phases         ] GC(1461)       Merged Sparse:            Min: 0, Avg:  0.0, Max: 0, Diff: 0, Sum: 0, Workers: 8
[261.192s][debug][gc,phases         ] GC(1461)       Merged Fine:              Min: 0, Avg:  0.0, Max: 0, Diff: 0, Sum: 0, Workers: 8
[261.192s][debug][gc,phases         ] GC(1461)       Merged Coarse:            Min: 0, Avg:  0.0, Max: 0, Diff: 0, Sum: 0, Workers: 8
[261.192s][debug][gc,phases         ] GC(1461)       Dirty Cards:              Min: 0, Avg:  0.0, Max: 0, Diff: 0, Sum: 0, Workers: 8
[261.192s][debug][gc,phases         ] GC(1461)     Hot Card Cache (ms):      Min:  0.0, Avg:  0.0, Max:  0.0, Diff:  0.0, Sum:  0.0, Workers: 8
[261.192s][debug][gc,phases         ] GC(1461)       Dirty Cards:              Min: 0, Avg:  0.0, Max: 0, Diff: 0, Sum: 0, Workers: 8
[261.192s][debug][gc,phases         ] GC(1461)       Skipped Cards:            Min: 0, Avg:  0.0, Max: 0, Diff: 0, Sum: 0, Workers: 8
[261.192s][debug][gc,phases         ] GC(1461)     Log Buffers (ms):         Min:  0.0, Avg:  0.0, Max:  0.0, Diff:  0.0, Sum:  0.0, Workers: 8
[261.192s][debug][gc,phases         ] GC(1461)       Dirty Cards:              Min: 0, Avg:  0.1, Max: 1, Diff: 1, Sum: 1, Workers: 8
[261.192s][debug][gc,phases         ] GC(1461)       Skipped Cards:            Min: 0, Avg:  0.0, Max: 0, Diff: 0, Sum: 0, Workers: 8
[261.192s][info ][gc,phases         ] GC(1461)   Evacuate Collection Set: 0.4ms
[261.192s][debug][gc,phases         ] GC(1461)     Ext Root Scanning (ms):   Min:  0.2, Avg:  0.2, Max:  0.3, Diff:  0.1, Sum:  1.9, Workers: 8
[261.192s][debug][gc,phases         ] GC(1461)     Scan Heap Roots (ms):     Min:  0.0, Avg:  0.0, Max:  0.0, Diff:  0.0, Sum:  0.0, Workers: 8
[261.192s][debug][gc,phases         ] GC(1461)       Scanned Cards:            Min: 0, Avg:  0.1, Max: 1, Diff: 1, Sum: 1, Workers: 8
[261.192s][debug][gc,phases         ] GC(1461)       Scanned Blocks:           Min: 0, Avg:  0.1, Max: 1, Diff: 1, Sum: 1, Workers: 8
[261.192s][debug][gc,phases         ] GC(1461)       Claimed Chunks:           Min: 0, Avg:  0.1, Max: 1, Diff: 1, Sum: 1, Workers: 8
[261.193s][debug][gc,phases         ] GC(1461)     Code Root Scan (ms):      Min:  0.0, Avg:  0.0, Max:  0.0, Diff:  0.0, Sum:  0.1, Workers: 8
[261.193s][debug][gc,phases         ] GC(1461)     Object Copy (ms):         Min:  0.0, Avg:  0.0, Max:  0.0, Diff:  0.0, Sum:  0.0, Workers: 8
[261.193s][debug][gc,phases         ] GC(1461)     Termination (ms):         Min:  0.0, Avg:  0.1, Max:  0.1, Diff:  0.1, Sum:  0.7, Workers: 8
[261.193s][debug][gc,phases         ] GC(1461)       Termination Attempts:     Min: 1, Avg:  1.4, Max: 2, Diff: 1, Sum: 11, Workers: 8
[261.193s][debug][gc,phases         ] GC(1461)     GC Worker Other (ms):     Min:  0.0, Avg:  0.1, Max:  0.1, Diff:  0.1, Sum:  0.4, Workers: 8
[261.193s][debug][gc,phases         ] GC(1461)     GC Worker Total (ms):     Min:  0.4, Avg:  0.4, Max:  0.4, Diff:  0.1, Sum:  3.2, Workers: 8
[261.193s][info ][gc,phases         ] GC(1461)   Post Evacuate Collection Set: 0.6ms
[261.193s][debug][gc,phases         ] GC(1461)     Code Roots Fixup: 0.0ms
[261.193s][debug][gc,phases         ] GC(1461)     Clear Card Table: 0.2ms
[261.193s][debug][gc,phases         ] GC(1461)     Reference Processing: 0.0ms
[261.193s][debug][gc,phases,ref     ] GC(1461)       Reconsider SoftReferences: 0.0ms
[261.193s][debug][gc,phases,ref     ] GC(1461)         SoftRef (ms):             skipped
[261.193s][debug][gc,phases,ref     ] GC(1461)       Notify Soft/WeakReferences: 0.0ms
[261.193s][debug][gc,phases,ref     ] GC(1461)         SoftRef (ms):             skipped
[261.193s][debug][gc,phases,ref     ] GC(1461)         WeakRef (ms):             skipped
[261.193s][debug][gc,phases,ref     ] GC(1461)         FinalRef (ms):            skipped
[261.193s][debug][gc,phases,ref     ] GC(1461)         Total (ms):               skipped
[261.193s][debug][gc,phases,ref     ] GC(1461)       Notify and keep alive finalizable: 0.0ms
[261.193s][debug][gc,phases,ref     ] GC(1461)         FinalRef (ms):            skipped
[261.193s][debug][gc,phases,ref     ] GC(1461)       Notify PhantomReferences: 0.0ms
[261.193s][debug][gc,phases,ref     ] GC(1461)         PhantomRef (ms):          skipped
[261.193s][debug][gc,phases,ref     ] GC(1461)       SoftReference:
[261.193s][debug][gc,phases,ref     ] GC(1461)         Discovered: 0
[261.193s][debug][gc,phases,ref     ] GC(1461)         Cleared: 0
[261.193s][debug][gc,phases,ref     ] GC(1461)       WeakReference:
[261.193s][debug][gc,phases,ref     ] GC(1461)         Discovered: 0
[261.193s][debug][gc,phases,ref     ] GC(1461)         Cleared: 0
[261.193s][debug][gc,phases,ref     ] GC(1461)       FinalReference:
[261.193s][debug][gc,phases,ref     ] GC(1461)         Discovered: 0
[261.193s][debug][gc,phases,ref     ] GC(1461)         Cleared: 0
[261.193s][debug][gc,phases,ref     ] GC(1461)       PhantomReference:
[261.193s][debug][gc,phases,ref     ] GC(1461)         Discovered: 0
[261.193s][debug][gc,phases,ref     ] GC(1461)         Cleared: 0
[261.193s][debug][gc,phases         ] GC(1461)     Weak Processing: 0.0ms
[261.193s][debug][gc,phases         ] GC(1461)       JVMTI weak processing: 0.0ms
[261.193s][debug][gc,phases         ] GC(1461)         Dead: 0
[261.193s][debug][gc,phases         ] GC(1461)         Total: 0
[261.193s][debug][gc,phases         ] GC(1461)       JFR weak processing: 0.0ms
[261.193s][debug][gc,phases         ] GC(1461)         Dead: 0
[261.193s][debug][gc,phases         ] GC(1461)         Total: 0
[261.193s][debug][gc,phases         ] GC(1461)       JNI weak                  Min:  0.0, Avg:  0.0, Max:  0.0, Diff:  0.0, Sum:  0.0, Workers: 5
[261.193s][debug][gc,phases         ] GC(1461)         Dead                      Min: 0, Avg:  0.0, Max: 0, Diff: 0, Sum: 0, Workers: 5
[261.193s][debug][gc,phases         ] GC(1461)         Total                     Min: 0, Avg: 21.8, Max: 64, Diff: 64, Sum: 109, Workers: 5
[261.193s][debug][gc,phases         ] GC(1461)       VM weak                   Min:  0.0, Avg:  0.0, Max:  0.0, Diff:  0.0, Sum:  0.0, Workers: 5
[261.193s][debug][gc,phases         ] GC(1461)         Dead                      Min: 0, Avg:  0.0, Max: 0, Diff: 0, Sum: 0, Workers: 5
[261.193s][debug][gc,phases         ] GC(1461)         Total                     Min: 0, Avg: 42.6, Max: 64, Diff: 64, Sum: 213, Workers: 5
[261.193s][debug][gc,phases         ] GC(1461)       StringTable weak          Min:  0.0, Avg:  0.0, Max:  0.0, Diff:  0.0, Sum:  0.1, Workers: 5
[261.193s][debug][gc,phases         ] GC(1461)         Dead                      Min: 0, Avg:  0.0, Max: 0, Diff: 0, Sum: 0, Workers: 5
[261.193s][debug][gc,phases         ] GC(1461)         Total                     Min: 0, Avg: 721.8, Max: 922, Diff: 922, Sum: 3609, Workers: 5
[261.193s][debug][gc,phases         ] GC(1461)       ResolvedMethodTable weak  Min:  0.0, Avg:  0.0, Max:  0.0, Diff:  0.0, Sum:  0.0, Workers: 5
[261.193s][debug][gc,phases         ] GC(1461)         Dead                      Min: 0, Avg:  0.0, Max: 0, Diff: 0, Sum: 0, Workers: 5
[261.193s][debug][gc,phases         ] GC(1461)         Total                     Min: 0, Avg: 114.8, Max: 190, Diff: 190, Sum: 574, Workers: 5
[261.193s][debug][gc,phases         ] GC(1461)     Merge Per-Thread State: 0.0ms
[261.193s][debug][gc,phases         ] GC(1461)       Copied Bytes              Min: 376, Avg: 450322.0, Max: 800096, Diff: 799720, Sum: 3602576, Workers: 8
[261.193s][debug][gc,phases         ] GC(1461)       LAB Waste                 Min: 0, Avg:  0.0, Max: 0, Diff: 0, Sum: 0, Workers: 8
[261.193s][debug][gc,phases         ] GC(1461)       LAB Undo Waste            Min: 0, Avg:  0.0, Max: 0, Diff: 0, Sum: 0, Workers: 8
[261.193s][debug][gc,phases         ] GC(1461)     Code Roots Purge: 0.0ms
[261.193s][debug][gc,phases         ] GC(1461)     Redirty Cards: 0.0ms
[261.193s][debug][gc,phases         ] GC(1461)     DerivedPointerTable Update: 0.0ms
[261.193s][debug][gc,phases         ] GC(1461)     Free Collection Set: 0.2ms
[261.193s][debug][gc,phases         ] GC(1461)     Rebuild Free List: 0.1ms
[261.193s][debug][gc,phases         ] GC(1461)     Humongous Reclaim: 0.0ms
[261.193s][debug][gc,phases         ] GC(1461)     Start New Collection Set: 0.0ms
[261.193s][debug][gc,phases         ] GC(1461)     Resize TLABs: 0.0ms
[261.193s][debug][gc,phases         ] GC(1461)     Expand Heap After Collection: 0.0ms
[261.193s][info ][gc,phases         ] GC(1461)   Other: 0.3ms
[261.193s][info ][gc,heap           ] GC(1461) Eden regions: 866->0(866)
[261.193s][info ][gc,heap           ] GC(1461) Survivor regions: 5->5(109)
[261.193s][info ][gc,heap           ] GC(1461) Old regions: 18->18
[261.193s][info ][gc,heap           ] GC(1461) Archive regions: 2->2
[261.193s][info ][gc,heap           ] GC(1461) Humongous regions: 0->0
[261.193s][info ][gc,metaspace      ] GC(1461) Metaspace: 10458K(11136K)->10458K(11136K) NonClass: 9309K(9728K)->9309K(9728K) Class: 1149K(1408K)->1149K(1408K)
[261.193s][debug][gc,heap           ] GC(1461) Heap after GC invocations=1462 (full 1): garbage-first heap   total 1486848K, used 22854K [0x0000000700000000, 0x0000000800000000)
[261.193s][debug][gc,heap           ] GC(1461)   region size 1024K, 5 young (5120K), 5 survivors (5120K)
[261.193s][debug][gc,heap           ] GC(1461)  Metaspace       used 10458K, capacity 10758K, committed 11136K, reserved 1058816K
[261.193s][debug][gc,heap           ] GC(1461)   class space    used 1149K, capacity 1267K, committed 1408K, reserved 1048576K
[261.193s][info ][gc                ] GC(1461) Pause Young (Normal) (G1 Evacuation Pause) 888M->22M(1452M) 2.295ms
[261.193s][info ][gc,cpu            ] GC(1461) User=0.01s Sys=0.00s Real=0.00s
[261.193s][info ][safepoint         ] Safepoint "G1CollectForAllocation", Time since last: 43460913 ns, Reaching safepoint: 156046 ns, At safepoint: 2456706 ns, Total: 2612752 ns
[261.237s][debug][gc,heap           ] GC(1462) Heap before GC invocations=1462 (full 1): garbage-first heap   total 1486848K, used 908614K [0x0000000700000000, 0x0000000800000000)
[261.237s][debug][gc,heap           ] GC(1462)   region size 1024K, 871 young (891904K), 5 survivors (5120K)
[261.237s][debug][gc,heap           ] GC(1462)  Metaspace       used 10458K, capacity 10758K, committed 11136K, reserved 1058816K
[261.237s][debug][gc,heap           ] GC(1462)   class space    used 1149K, capacity 1267K, committed 1408K, reserved 1048576K
[261.237s][info ][gc,start          ] GC(1462) Pause Young (Normal) (G1 Evacuation Pause)
[261.237s][info ][gc,task           ] GC(1462) Using 8 workers of 8 for evacuation
[261.238s][debug][gc,tlab           ] GC(1462) TLAB totals: thrds: 8  refills: 13 max: 2 slow allocs: 1727 max 246 waste: 17.2% gc: 822200B max: 120032B slow: 69008B max: 14304B fast: 0B max: 0B
[261.238s][debug][gc,age            ] GC(1462) Desired survivor size 57147392 bytes, new threshold 15 (max threshold 15)
[261.238s][debug][gc,alloc,region   ] GC(1462) Mutator Allocation stats, regions: 866, wasted size: 203M (23.5%)
[261.238s][debug][gc,ergo           ] GC(1462) Running G1 Merge Heap Roots using 8 workers for 871 regions
[261.238s][debug][gc,remset         ] GC(1462) Visited cards 512 Total dirty 4096 (12.50%) Total old 3608576 (0.01%)
[261.238s][debug][gc,ergo           ] GC(1462) Running G1 Clear Card Table Task using 2 workers for 2 units of work for 873 regions.
[261.238s][debug][gc,ref            ] GC(1462) Skipped phase1 of Reference Processing due to unavailable references
[261.238s][debug][gc,ref            ] GC(1462) Skipped phase2 of Reference Processing due to unavailable references
[261.238s][debug][gc,ref            ] GC(1462) Skipped phase3 of Reference Processing due to unavailable references
[261.238s][debug][gc,ref            ] GC(1462) Skipped phase4 of Reference Processing due to unavailable references
[261.238s][debug][gc,ergo           ] GC(1462) Running G1 Free Collection Set using 8 workers for collection set length 871 (1452)
[261.239s][debug][gc,ergo           ] GC(1462) Running G1 Rebuild Free List Task using 8 workers for rebuilding free list of 0 (4096) regions
[261.239s][trace][gc,age            ] GC(1462) Age table with threshold 15 (max threshold 15)
[261.239s][trace][gc,age            ] GC(1462) - age   1:    1202496 bytes,    1202496 total
[261.239s][debug][gc,plab           ] GC(1462) Young PLAB allocation: allocated: 16512B, wasted: 0B, unused: 14064B, used: 2448B, undo waste: 0B, 
[261.239s][debug][gc,plab           ] GC(1462) Young other allocation: region end waste: 232032B, regions filled: 2, direct allocated: 1200048B, failure used: 0B, failure wasted: 0B
[261.239s][debug][gc,plab           ] GC(1462) Young sizing: calculated: 0B, actual: 2064B
[261.239s][debug][gc,plab           ] GC(1462) Old PLAB allocation: allocated: 0B, wasted: 0B, unused: 0B, used: 0B, undo waste: 0B, 
[261.239s][debug][gc,plab           ] GC(1462) Old other allocation: region end waste: 0B, regions filled: 1, direct allocated: 0B, failure used: 0B, failure wasted: 0B
[261.239s][debug][gc,plab           ] GC(1462) Old sizing: calculated: 0B, actual: 2064B
[261.239s][debug][gc,ihop           ] GC(1462) Basic information (value update), threshold: 685139558B (45.00), target occupancy: 1522532352B, current occupancy: 20252816B, recent allocation size: 0B, recent allocation duration: 45.24ms, recent old gen allocation rate: 0.00B/s, recent marking phase length: 38.29ms
[261.239s][debug][gc,ihop           ] GC(1462) Adaptive IHOP information (value update), threshold: 685139558B (47.37), internal target occupancy: 1446405734B, occupancy: 20252816B, additional buffer size: 913309696B, predicted old gen allocation rate: 2.56B/s, predicted marking phase length: 76.58ms, prediction active: false
[261.239s][debug][gc,ergo,refine    ] GC(1462) Concurrent refinement times: Logged Cards Scan time goal: 20.00ms Logged Cards Scan time: 0.00ms HCC time: 0.00ms
[261.239s][debug][gc,ergo,refine    ] GC(1462) Updated Refinement Zones: green: 2048, yellow: 6144, red: 10240
[261.239s][info ][gc,phases         ] GC(1462)   Pre Evacuate Collection Set: 0.1ms
[261.239s][debug][gc,phases         ] GC(1462)     Prepare TLABs: 0.0ms
[261.239s][debug][gc,phases         ] GC(1462)     Choose Collection Set: 0.0ms
[261.239s][debug][gc,phases         ] GC(1462)     Region Register: 0.1ms
[261.239s][debug][gc,phases         ] GC(1462)     Prepare Heap Roots: 0.0ms
[261.239s][info ][gc,phases         ] GC(1462)   Merge Heap Roots: 0.1ms
[261.239s][debug][gc,phases         ] GC(1462)     Prepare Merge Heap Roots: 0.0ms
[261.239s][debug][gc,phases         ] GC(1462)     Eager Reclaim (ms):       skipped
[261.239s][debug][gc,phases         ] GC(1462)     Remembered Sets (ms):     Min:  0.0, Avg:  0.0, Max:  0.1, Diff:  0.0, Sum:  0.4, Workers: 8
[261.239s][debug][gc,phases         ] GC(1462)       Merged Sparse:            Min: 0, Avg:  0.0, Max: 0, Diff: 0, Sum: 0, Workers: 8
[261.239s][debug][gc,phases         ] GC(1462)       Merged Fine:              Min: 0, Avg:  0.0, Max: 0, Diff: 0, Sum: 0, Workers: 8
[261.239s][debug][gc,phases         ] GC(1462)       Merged Coarse:            Min: 0, Avg:  0.0, Max: 0, Diff: 0, Sum: 0, Workers: 8
[261.239s][debug][gc,phases         ] GC(1462)       Dirty Cards:              Min: 0, Avg:  0.0, Max: 0, Diff: 0, Sum: 0, Workers: 8
[261.239s][debug][gc,phases         ] GC(1462)     Hot Card Cache (ms):      Min:  0.0, Avg:  0.0, Max:  0.0, Diff:  0.0, Sum:  0.0, Workers: 8
[261.239s][debug][gc,phases         ] GC(1462)       Dirty Cards:              Min: 0, Avg:  0.0, Max: 0, Diff: 0, Sum: 0, Workers: 8
[261.239s][debug][gc,phases         ] GC(1462)       Skipped Cards:            Min: 0, Avg:  0.0, Max: 0, Diff: 0, Sum: 0, Workers: 8
[261.239s][debug][gc,phases         ] GC(1462)     Log Buffers (ms):         Min:  0.0, Avg:  0.0, Max:  0.0, Diff:  0.0, Sum:  0.0, Workers: 8
[261.239s][debug][gc,phases         ] GC(1462)       Dirty Cards:              Min: 0, Avg:  0.2, Max: 2, Diff: 2, Sum: 2, Workers: 8
[261.239s][debug][gc,phases         ] GC(1462)       Skipped Cards:            Min: 0, Avg:  0.0, Max: 0, Diff: 0, Sum: 0, Workers: 8
[261.239s][info ][gc,phases         ] GC(1462)   Evacuate Collection Set: 0.2ms
[261.239s][debug][gc,phases         ] GC(1462)     Ext Root Scanning (ms):   Min:  0.0, Avg:  0.1, Max:  0.1, Diff:  0.1, Sum:  0.5, Workers: 8
[261.239s][debug][gc,phases         ] GC(1462)     Scan Heap Roots (ms):     Min:  0.0, Avg:  0.0, Max:  0.0, Diff:  0.0, Sum:  0.0, Workers: 8
[261.239s][debug][gc,phases         ] GC(1462)       Scanned Cards:            Min: 0, Avg:  0.2, Max: 1, Diff: 1, Sum: 2, Workers: 8
[261.239s][debug][gc,phases         ] GC(1462)       Scanned Blocks:           Min: 0, Avg:  0.2, Max: 1, Diff: 1, Sum: 2, Workers: 8
[261.239s][debug][gc,phases         ] GC(1462)       Claimed Chunks:           Min: 0, Avg:  0.2, Max: 1, Diff: 1, Sum: 2, Workers: 8
[261.239s][debug][gc,phases         ] GC(1462)     Code Root Scan (ms):      Min:  0.0, Avg:  0.0, Max:  0.0, Diff:  0.0, Sum:  0.2, Workers: 8
[261.239s][debug][gc,phases         ] GC(1462)     Object Copy (ms):         Min:  0.0, Avg:  0.0, Max:  0.0, Diff:  0.0, Sum:  0.0, Workers: 8
[261.239s][debug][gc,phases         ] GC(1462)     Termination (ms):         Min:  0.0, Avg:  0.1, Max:  0.1, Diff:  0.0, Sum:  0.4, Workers: 8
[261.239s][debug][gc,phases         ] GC(1462)       Termination Attempts:     Min: 1, Avg:  1.0, Max: 1, Diff: 0, Sum: 8, Workers: 8
[261.239s][debug][gc,phases         ] GC(1462)     GC Worker Other (ms):     Min:  0.0, Avg:  0.0, Max:  0.1, Diff:  0.0, Sum:  0.4, Workers: 8
[261.239s][debug][gc,phases         ] GC(1462)     GC Worker Total (ms):     Min:  0.2, Avg:  0.2, Max:  0.2, Diff:  0.0, Sum:  1.6, Workers: 8
[261.239s][info ][gc,phases         ] GC(1462)   Post Evacuate Collection Set: 0.6ms
[261.239s][debug][gc,phases         ] GC(1462)     Code Roots Fixup: 0.0ms
[261.239s][debug][gc,phases         ] GC(1462)     Clear Card Table: 0.2ms
[261.239s][debug][gc,phases         ] GC(1462)     Reference Processing: 0.0ms
[261.239s][debug][gc,phases,ref     ] GC(1462)       Reconsider SoftReferences: 0.0ms
[261.239s][debug][gc,phases,ref     ] GC(1462)         SoftRef (ms):             skipped
[261.239s][debug][gc,phases,ref     ] GC(1462)       Notify Soft/WeakReferences: 0.0ms
[261.239s][debug][gc,phases,ref     ] GC(1462)         SoftRef (ms):             skipped
[261.239s][debug][gc,phases,ref     ] GC(1462)         WeakRef (ms):             skipped
[261.239s][debug][gc,phases,ref     ] GC(1462)         FinalRef (ms):            skipped
[261.239s][debug][gc,phases,ref     ] GC(1462)         Total (ms):               skipped
[261.239s][debug][gc,phases,ref     ] GC(1462)       Notify and keep alive finalizable: 0.0ms
[261.239s][debug][gc,phases,ref     ] GC(1462)         FinalRef (ms):            skipped
[261.239s][debug][gc,phases,ref     ] GC(1462)       Notify PhantomReferences: 0.0ms
[261.239s][debug][gc,phases,ref     ] GC(1462)         PhantomRef (ms):          skipped
[261.239s][debug][gc,phases,ref     ] GC(1462)       SoftReference:
[261.239s][debug][gc,phases,ref     ] GC(1462)         Discovered: 0
[261.239s][debug][gc,phases,ref     ] GC(1462)         Cleared: 0
[261.239s][debug][gc,phases,ref     ] GC(1462)       WeakReference:
[261.239s][debug][gc,phases,ref     ] GC(1462)         Discovered: 0
[261.239s][debug][gc,phases,ref     ] GC(1462)         Cleared: 0
[261.239s][debug][gc,phases,ref     ] GC(1462)       FinalReference:
[261.239s][debug][gc,phases,ref     ] GC(1462)         Discovered: 0
[261.239s][debug][gc,phases,ref     ] GC(1462)         Cleared: 0
[261.239s][debug][gc,phases,ref     ] GC(1462)       PhantomReference:
[261.239s][debug][gc,phases,ref     ] GC(1462)         Discovered: 0
[261.239s][debug][gc,phases,ref     ] GC(1462)         Cleared: 0
[261.239s][debug][gc,phases         ] GC(1462)     Weak Processing: 0.1ms
[261.239s][debug][gc,phases         ] GC(1462)       JVMTI weak processing: 0.0ms
[261.239s][debug][gc,phases         ] GC(1462)         Dead: 0
[261.239s][debug][gc,phases         ] GC(1462)         Total: 0
[261.239s][debug][gc,phases         ] GC(1462)       JFR weak processing: 0.0ms
[261.239s][debug][gc,phases         ] GC(1462)         Dead: 0
[261.239s][debug][gc,phases         ] GC(1462)         Total: 0
[261.239s][debug][gc,phases         ] GC(1462)       JNI weak                  Min:  0.0, Avg:  0.0, Max:  0.0, Diff:  0.0, Sum:  0.0, Workers: 5
[261.239s][debug][gc,phases         ] GC(1462)         Dead                      Min: 0, Avg:  0.0, Max: 0, Diff: 0, Sum: 0, Workers: 5
[261.239s][debug][gc,phases         ] GC(1462)         Total                     Min: 0, Avg: 21.8, Max: 64, Diff: 64, Sum: 109, Workers: 5
[261.239s][debug][gc,phases         ] GC(1462)       VM weak                   Min:  0.0, Avg:  0.0, Max:  0.0, Diff:  0.0, Sum:  0.0, Workers: 5
[261.239s][debug][gc,phases         ] GC(1462)         Dead                      Min: 0, Avg:  0.0, Max: 0, Diff: 0, Sum: 0, Workers: 5
[261.239s][debug][gc,phases         ] GC(1462)         Total                     Min: 0, Avg: 42.6, Max: 128, Diff: 128, Sum: 213, Workers: 5
[261.239s][debug][gc,phases         ] GC(1462)       StringTable weak          Min:  0.0, Avg:  0.0, Max:  0.0, Diff:  0.0, Sum:  0.1, Workers: 5
[261.239s][debug][gc,phases         ] GC(1462)         Dead                      Min: 0, Avg:  0.0, Max: 0, Diff: 0, Sum: 0, Workers: 5
[261.239s][debug][gc,phases         ] GC(1462)         Total                     Min: 0, Avg: 721.8, Max: 1818, Diff: 1818, Sum: 3609, Workers: 5
[261.239s][debug][gc,phases         ] GC(1462)       ResolvedMethodTable weak  Min:  0.0, Avg:  0.0, Max:  0.0, Diff:  0.0, Sum:  0.0, Workers: 5
[261.239s][debug][gc,phases         ] GC(1462)         Dead                      Min: 0, Avg:  0.0, Max: 0, Diff: 0, Sum: 0, Workers: 5
[261.239s][debug][gc,phases         ] GC(1462)         Total                     Min: 0, Avg: 114.8, Max: 192, Diff: 192, Sum: 574, Workers: 5
[261.239s][debug][gc,phases         ] GC(1462)     Merge Per-Thread State: 0.0ms
[261.239s][debug][gc,phases         ] GC(1462)       Copied Bytes              Min: 72, Avg: 150312.0, Max: 400328, Diff: 400256, Sum: 1202496, Workers: 8
[261.239s][debug][gc,phases         ] GC(1462)       LAB Waste                 Min: 0, Avg:  0.0, Max: 0, Diff: 0, Sum: 0, Workers: 8
[261.239s][debug][gc,phases         ] GC(1462)       LAB Undo Waste            Min: 0, Avg:  0.0, Max: 0, Diff: 0, Sum: 0, Workers: 8
[261.239s][debug][gc,phases         ] GC(1462)     Code Roots Purge: 0.0ms
[261.239s][debug][gc,phases         ] GC(1462)     Redirty Cards: 0.0ms
[261.239s][debug][gc,phases         ] GC(1462)     DerivedPointerTable Update: 0.0ms
[261.239s][debug][gc,phases         ] GC(1462)     Free Collection Set: 0.2ms
[261.239s][debug][gc,phases         ] GC(1462)     Rebuild Free List: 0.1ms
[261.239s][debug][gc,phases         ] GC(1462)     Humongous Reclaim: 0.0ms
[261.239s][debug][gc,phases         ] GC(1462)     Start New Collection Set: 0.0ms
[261.239s][debug][gc,phases         ] GC(1462)     Resize TLABs: 0.0ms
[261.239s][debug][gc,phases         ] GC(1462)     Expand Heap After Collection: 0.0ms
[261.239s][info ][gc,phases         ] GC(1462)   Other: 0.3ms
[261.239s][info ][gc,heap           ] GC(1462) Eden regions: 866->0(869)
[261.239s][info ][gc,heap           ] GC(1462) Survivor regions: 5->2(109)
[261.239s][info ][gc,heap           ] GC(1462) Old regions: 18->18
[261.239s][info ][gc,heap           ] GC(1462) Archive regions: 2->2
[261.239s][info ][gc,heap           ] GC(1462) Humongous regions: 0->0
[261.239s][info ][gc,metaspace      ] GC(1462) Metaspace: 10458K(11136K)->10458K(11136K) NonClass: 9309K(9728K)->9309K(9728K) Class: 1149K(1408K)->1149K(1408K)
[261.239s][debug][gc,heap           ] GC(1462) Heap after GC invocations=1463 (full 1): garbage-first heap   total 1486848K, used 19778K [0x0000000700000000, 0x0000000800000000)
[261.239s][debug][gc,heap           ] GC(1462)   region size 1024K, 2 young (2048K), 2 survivors (2048K)
[261.239s][debug][gc,heap           ] GC(1462)  Metaspace       used 10458K, capacity 10758K, committed 11136K, reserved 1058816K
[261.239s][debug][gc,heap           ] GC(1462)   class space    used 1149K, capacity 1267K, committed 1408K, reserved 1048576K
[261.239s][info ][gc                ] GC(1462) Pause Young (Normal) (G1 Evacuation Pause) 888M->19M(1452M) 2.005ms
[261.239s][info ][gc,cpu            ] GC(1462) User=0.00s Sys=0.00s Real=0.00s
[261.240s][info ][safepoint         ] Safepoint "G1CollectForAllocation", Time since last: 44179764 ns, Reaching safepoint: 126911 ns, At safepoint: 2163693 ns, Total: 2290604 ns
[261.282s][debug][gc,heap           ] GC(1463) Heap before GC invocations=1463 (full 1): garbage-first heap   total 1486848K, used 908610K [0x0000000700000000, 0x0000000800000000)
[261.282s][debug][gc,heap           ] GC(1463)   region size 1024K, 871 young (891904K), 2 survivors (2048K)
[261.282s][debug][gc,heap           ] GC(1463)  Metaspace       used 10458K, capacity 10758K, committed 11136K, reserved 1058816K
[261.282s][debug][gc,heap           ] GC(1463)   class space    used 1149K, capacity 1267K, committed 1408K, reserved 1048576K
[261.282s][info ][gc,start          ] GC(1463) Pause Young (Normal) (G1 Evacuation Pause)
[261.282s][info ][gc,task           ] GC(1463) Using 8 workers of 8 for evacuation
[261.283s][debug][gc,tlab           ] GC(1463) TLAB totals: thrds: 8  refills: 12 max: 3 slow allocs: 1732 max 231 waste: 40.0% gc: 1220000B max: 220744B slow: 43304B max: 15088B fast: 0B max: 0B
[261.283s][debug][gc,age            ] GC(1463) Desired survivor size 57147392 bytes, new threshold 15 (max threshold 15)
[261.283s][debug][gc,alloc,region   ] GC(1463) Mutator Allocation stats, regions: 869, wasted size: 203M (23.4%)
[261.283s][debug][gc,ergo           ] GC(1463) Running G1 Merge Heap Roots using 8 workers for 871 regions
[261.283s][debug][gc,remset         ] GC(1463) Visited cards 256 Total dirty 2048 (12.50%) Total old 3608576 (0.01%)
[261.283s][debug][gc,ergo           ] GC(1463) Running G1 Clear Card Table Task using 2 workers for 2 units of work for 872 regions.
[261.283s][debug][gc,ref            ] GC(1463) Skipped phase1 of Reference Processing due to unavailable references
[261.283s][debug][gc,ref            ] GC(1463) Skipped phase2 of Reference Processing due to unavailable references
[261.283s][debug][gc,ref            ] GC(1463) Skipped phase3 of Reference Processing due to unavailable references
[261.283s][debug][gc,ref            ] GC(1463) Skipped phase4 of Reference Processing due to unavailable references
[261.283s][debug][gc,ergo           ] GC(1463) Running G1 Free Collection Set using 8 workers for collection set length 871 (1452)
[261.284s][debug][gc,ergo           ] GC(1463) Running G1 Rebuild Free List Task using 8 workers for rebuilding free list of 0 (4096) regions
[261.284s][trace][gc,age            ] GC(1463) Age table with threshold 15 (max threshold 15)
[261.284s][trace][gc,age            ] GC(1463) - age   1:    2002440 bytes,    2002440 total
[261.284s][debug][gc,plab           ] GC(1463) Young PLAB allocation: allocated: 16512B, wasted: 0B, unused: 14144B, used: 2368B, undo waste: 0B, 
[261.284s][debug][gc,plab           ] GC(1463) Young other allocation: region end waste: 482640B, regions filled: 3, direct allocated: 2000072B, failure used: 0B, failure wasted: 0B
[261.284s][debug][gc,plab           ] GC(1463) Young sizing: calculated: 0B, actual: 2064B
[261.284s][debug][gc,plab           ] GC(1463) Old PLAB allocation: allocated: 0B, wasted: 0B, unused: 0B, used: 0B, undo waste: 0B, 
[261.284s][debug][gc,plab           ] GC(1463) Old other allocation: region end waste: 0B, regions filled: 1, direct allocated: 0B, failure used: 0B, failure wasted: 0B
[261.284s][debug][gc,plab           ] GC(1463) Old sizing: calculated: 0B, actual: 2064B
[261.284s][debug][gc,ihop           ] GC(1463) Basic information (value update), threshold: 685139558B (45.00), target occupancy: 1522532352B, current occupancy: 21303448B, recent allocation size: 0B, recent allocation duration: 43.74ms, recent old gen allocation rate: 0.00B/s, recent marking phase length: 38.29ms
[261.284s][debug][gc,ihop           ] GC(1463) Adaptive IHOP information (value update), threshold: 685139558B (47.37), internal target occupancy: 1446405734B, occupancy: 21303448B, additional buffer size: 913309696B, predicted old gen allocation rate: 2.50B/s, predicted marking phase length: 76.58ms, prediction active: false
[261.284s][debug][gc,ergo,refine    ] GC(1463) Concurrent refinement times: Logged Cards Scan time goal: 20.00ms Logged Cards Scan time: 0.00ms HCC time: 0.00ms
[261.284s][debug][gc,ergo,refine    ] GC(1463) Updated Refinement Zones: green: 2048, yellow: 6144, red: 10240
[261.284s][info ][gc,phases         ] GC(1463)   Pre Evacuate Collection Set: 0.1ms
[261.284s][debug][gc,phases         ] GC(1463)     Prepare TLABs: 0.0ms
[261.284s][debug][gc,phases         ] GC(1463)     Choose Collection Set: 0.0ms
[261.284s][debug][gc,phases         ] GC(1463)     Region Register: 0.1ms
[261.284s][debug][gc,phases         ] GC(1463)     Prepare Heap Roots: 0.0ms
[261.284s][info ][gc,phases         ] GC(1463)   Merge Heap Roots: 0.1ms
[261.284s][debug][gc,phases         ] GC(1463)     Prepare Merge Heap Roots: 0.0ms
[261.284s][debug][gc,phases         ] GC(1463)     Eager Reclaim (ms):       skipped
[261.284s][debug][gc,phases         ] GC(1463)     Remembered Sets (ms):     Min:  0.0, Avg:  0.0, Max:  0.1, Diff:  0.0, Sum:  0.3, Workers: 8
[261.284s][debug][gc,phases         ] GC(1463)       Merged Sparse:            Min: 0, Avg:  0.0, Max: 0, Diff: 0, Sum: 0, Workers: 8
[261.284s][debug][gc,phases         ] GC(1463)       Merged Fine:              Min: 0, Avg:  0.0, Max: 0, Diff: 0, Sum: 0, Workers: 8
[261.284s][debug][gc,phases         ] GC(1463)       Merged Coarse:            Min: 0, Avg:  0.0, Max: 0, Diff: 0, Sum: 0, Workers: 8
[261.284s][debug][gc,phases         ] GC(1463)       Dirty Cards:              Min: 0, Avg:  0.0, Max: 0, Diff: 0, Sum: 0, Workers: 8
[261.284s][debug][gc,phases         ] GC(1463)     Hot Card Cache (ms):      Min:  0.0, Avg:  0.0, Max:  0.0, Diff:  0.0, Sum:  0.0, Workers: 8
[261.284s][debug][gc,phases         ] GC(1463)       Dirty Cards:              Min: 0, Avg:  0.0, Max: 0, Diff: 0, Sum: 0, Workers: 8
[261.284s][debug][gc,phases         ] GC(1463)       Skipped Cards:            Min: 0, Avg:  0.0, Max: 0, Diff: 0, Sum: 0, Workers: 8
[261.284s][debug][gc,phases         ] GC(1463)     Log Buffers (ms):         Min:  0.0, Avg:  0.0, Max:  0.0, Diff:  0.0, Sum:  0.0, Workers: 8
[261.284s][debug][gc,phases         ] GC(1463)       Dirty Cards:              Min: 0, Avg:  0.1, Max: 1, Diff: 1, Sum: 1, Workers: 8
[261.284s][debug][gc,phases         ] GC(1463)       Skipped Cards:            Min: 0, Avg:  0.0, Max: 0, Diff: 0, Sum: 0, Workers: 8
[261.284s][info ][gc,phases         ] GC(1463)   Evacuate Collection Set: 0.3ms
[261.284s][debug][gc,phases         ] GC(1463)     Ext Root Scanning (ms):   Min:  0.0, Avg:  0.1, Max:  0.2, Diff:  0.1, Sum:  0.8, Workers: 8
[261.284s][debug][gc,phases         ] GC(1463)     Scan Heap Roots (ms):     Min:  0.0, Avg:  0.0, Max:  0.0, Diff:  0.0, Sum:  0.0, Workers: 8
[261.284s][debug][gc,phases         ] GC(1463)       Scanned Cards:            Min: 0, Avg:  0.1, Max: 1, Diff: 1, Sum: 1, Workers: 8
[261.284s][debug][gc,phases         ] GC(1463)       Scanned Blocks:           Min: 0, Avg:  0.1, Max: 1, Diff: 1, Sum: 1, Workers: 8
[261.284s][debug][gc,phases         ] GC(1463)       Claimed Chunks:           Min: 0, Avg:  0.1, Max: 1, Diff: 1, Sum: 1, Workers: 8
[261.284s][debug][gc,phases         ] GC(1463)     Code Root Scan (ms):      Min:  0.0, Avg:  0.0, Max:  0.0, Diff:  0.0, Sum:  0.1, Workers: 8
[261.284s][debug][gc,phases         ] GC(1463)     Object Copy (ms):         Min:  0.0, Avg:  0.0, Max:  0.0, Diff:  0.0, Sum:  0.0, Workers: 8
[261.284s][debug][gc,phases         ] GC(1463)     Termination (ms):         Min:  0.0, Avg:  0.1, Max:  0.1, Diff:  0.0, Sum:  0.5, Workers: 8
[261.284s][debug][gc,phases         ] GC(1463)       Termination Attempts:     Min: 1, Avg:  1.0, Max: 1, Diff: 0, Sum: 8, Workers: 8
[261.284s][debug][gc,phases         ] GC(1463)     GC Worker Other (ms):     Min:  0.0, Avg:  0.0, Max:  0.1, Diff:  0.1, Sum:  0.3, Workers: 8
[261.284s][debug][gc,phases         ] GC(1463)     GC Worker Total (ms):     Min:  0.2, Avg:  0.2, Max:  0.3, Diff:  0.1, Sum:  1.8, Workers: 8
[261.284s][info ][gc,phases         ] GC(1463)   Post Evacuate Collection Set: 0.6ms
[261.284s][debug][gc,phases         ] GC(1463)     Code Roots Fixup: 0.0ms
[261.284s][debug][gc,phases         ] GC(1463)     Clear Card Table: 0.2ms
[261.284s][debug][gc,phases         ] GC(1463)     Reference Processing: 0.0ms
[261.284s][debug][gc,phases,ref     ] GC(1463)       Reconsider SoftReferences: 0.0ms
[261.284s][debug][gc,phases,ref     ] GC(1463)         SoftRef (ms):             skipped
[261.284s][debug][gc,phases,ref     ] GC(1463)       Notify Soft/WeakReferences: 0.0ms
[261.284s][debug][gc,phases,ref     ] GC(1463)         SoftRef (ms):             skipped
[261.284s][debug][gc,phases,ref     ] GC(1463)         WeakRef (ms):             skipped
[261.284s][debug][gc,phases,ref     ] GC(1463)         FinalRef (ms):            skipped
[261.284s][debug][gc,phases,ref     ] GC(1463)         Total (ms):               skipped
[261.284s][debug][gc,phases,ref     ] GC(1463)       Notify and keep alive finalizable: 0.0ms
[261.284s][debug][gc,phases,ref     ] GC(1463)         FinalRef (ms):            skipped
[261.284s][debug][gc,phases,ref     ] GC(1463)       Notify PhantomReferences: 0.0ms
[261.284s][debug][gc,phases,ref     ] GC(1463)         PhantomRef (ms):          skipped
[261.284s][debug][gc,phases,ref     ] GC(1463)       SoftReference:
[261.284s][debug][gc,phases,ref     ] GC(1463)         Discovered: 0
[261.284s][debug][gc,phases,ref     ] GC(1463)         Cleared: 0
[261.284s][debug][gc,phases,ref     ] GC(1463)       WeakReference:
[261.284s][debug][gc,phases,ref     ] GC(1463)         Discovered: 0
[261.284s][debug][gc,phases,ref     ] GC(1463)         Cleared: 0
[261.284s][debug][gc,phases,ref     ] GC(1463)       FinalReference:
[261.284s][debug][gc,phases,ref     ] GC(1463)         Discovered: 0
[261.284s][debug][gc,phases,ref     ] GC(1463)         Cleared: 0
[261.284s][debug][gc,phases,ref     ] GC(1463)       PhantomReference:
[261.284s][debug][gc,phases,ref     ] GC(1463)         Discovered: 0
[261.284s][debug][gc,phases,ref     ] GC(1463)         Cleared: 0
[261.284s][debug][gc,phases         ] GC(1463)     Weak Processing: 0.1ms
[261.284s][debug][gc,phases         ] GC(1463)       JVMTI weak processing: 0.0ms
[261.284s][debug][gc,phases         ] GC(1463)         Dead: 0
[261.284s][debug][gc,phases         ] GC(1463)         Total: 0
[261.284s][debug][gc,phases         ] GC(1463)       JFR weak processing: 0.0ms
[261.284s][debug][gc,phases         ] GC(1463)         Dead: 0
[261.284s][debug][gc,phases         ] GC(1463)         Total: 0
[261.284s][debug][gc,phases         ] GC(1463)       JNI weak                  Min:  0.0, Avg:  0.0, Max:  0.0, Diff:  0.0, Sum:  0.0, Workers: 5
[261.284s][debug][gc,phases         ] GC(1463)         Dead                      Min: 0, Avg:  0.0, Max: 0, Diff: 0, Sum: 0, Workers: 5
[261.284s][debug][gc,phases         ] GC(1463)         Total                     Min: 0, Avg: 21.8, Max: 109, Diff: 109, Sum: 109, Workers: 5
[261.284s][debug][gc,phases         ] GC(1463)       VM weak                   Min:  0.0, Avg:  0.0, Max:  0.0, Diff:  0.0, Sum:  0.0, Workers: 5
[261.284s][debug][gc,phases         ] GC(1463)         Dead                      Min: 0, Avg:  0.0, Max: 0, Diff: 0, Sum: 0, Workers: 5
[261.284s][debug][gc,phases         ] GC(1463)         Total                     Min: 0, Avg: 42.6, Max: 213, Diff: 213, Sum: 213, Workers: 5
[261.284s][debug][gc,phases         ] GC(1463)       StringTable weak          Min:  0.0, Avg:  0.0, Max:  0.0, Diff:  0.0, Sum:  0.1, Workers: 5
[261.284s][debug][gc,phases         ] GC(1463)         Dead                      Min: 0, Avg:  0.0, Max: 0, Diff: 0, Sum: 0, Workers: 5
[261.284s][debug][gc,phases         ] GC(1463)         Total                     Min: 0, Avg: 721.8, Max: 2586, Diff: 2586, Sum: 3609, Workers: 5
[261.284s][debug][gc,phases         ] GC(1463)       ResolvedMethodTable weak  Min:  0.0, Avg:  0.0, Max:  0.0, Diff:  0.0, Sum:  0.0, Workers: 5
[261.284s][debug][gc,phases         ] GC(1463)         Dead                      Min: 0, Avg:  0.0, Max: 0, Diff: 0, Sum: 0, Workers: 5
[261.284s][debug][gc,phases         ] GC(1463)         Total                     Min: 0, Avg: 114.8, Max: 192, Diff: 192, Sum: 574, Workers: 5
[261.284s][debug][gc,phases         ] GC(1463)     Merge Per-Thread State: 0.0ms
[261.284s][debug][gc,phases         ] GC(1463)       Copied Bytes              Min: 152, Avg: 250305.0, Max: 800320, Diff: 800168, Sum: 2002440, Workers: 8
[261.284s][debug][gc,phases         ] GC(1463)       LAB Waste                 Min: 0, Avg:  0.0, Max: 0, Diff: 0, Sum: 0, Workers: 8
[261.284s][debug][gc,phases         ] GC(1463)       LAB Undo Waste            Min: 0, Avg:  0.0, Max: 0, Diff: 0, Sum: 0, Workers: 8
[261.284s][debug][gc,phases         ] GC(1463)     Code Roots Purge: 0.0ms
[261.284s][debug][gc,phases         ] GC(1463)     Redirty Cards: 0.0ms
[261.284s][debug][gc,phases         ] GC(1463)     DerivedPointerTable Update: 0.0ms
[261.284s][debug][gc,phases         ] GC(1463)     Free Collection Set: 0.2ms
[261.284s][debug][gc,phases         ] GC(1463)     Rebuild Free List: 0.1ms
[261.284s][debug][gc,phases         ] GC(1463)     Humongous Reclaim: 0.0ms
[261.284s][debug][gc,phases         ] GC(1463)     Start New Collection Set: 0.0ms
[261.284s][debug][gc,phases         ] GC(1463)     Resize TLABs: 0.0ms
[261.284s][debug][gc,phases         ] GC(1463)     Expand Heap After Collection: 0.0ms
[261.284s][info ][gc,phases         ] GC(1463)   Other: 0.3ms
[261.284s][info ][gc,heap           ] GC(1463) Eden regions: 869->0(868)
[261.285s][info ][gc,heap           ] GC(1463) Survivor regions: 2->3(109)
[261.285s][info ][gc,heap           ] GC(1463) Old regions: 18->18
[261.285s][info ][gc,heap           ] GC(1463) Archive regions: 2->2
[261.285s][info ][gc,heap           ] GC(1463) Humongous regions: 0->0
[261.285s][info ][gc,metaspace      ] GC(1463) Metaspace: 10458K(11136K)->10458K(11136K) NonClass: 9309K(9728K)->9309K(9728K) Class: 1149K(1408K)->1149K(1408K)
[261.285s][debug][gc,heap           ] GC(1463) Heap after GC invocations=1464 (full 1): garbage-first heap   total 1486848K, used 20804K [0x0000000700000000, 0x0000000800000000)
[261.285s][debug][gc,heap           ] GC(1463)   region size 1024K, 3 young (3072K), 3 survivors (3072K)
[261.285s][debug][gc,heap           ] GC(1463)  Metaspace       used 10458K, capacity 10758K, committed 11136K, reserved 1058816K
[261.285s][debug][gc,heap           ] GC(1463)   class space    used 1149K, capacity 1267K, committed 1408K, reserved 1048576K
[261.285s][info ][gc                ] GC(1463) Pause Young (Normal) (G1 Evacuation Pause) 888M->20M(1452M) 2.088ms
[261.285s][info ][gc,cpu            ] GC(1463) User=0.00s Sys=0.00s Real=0.00s
[261.285s][info ][safepoint         ] Safepoint "G1CollectForAllocation", Time since last: 42728481 ns, Reaching safepoint: 116619 ns, At safepoint: 2241907 ns, Total: 2358526 ns
[261.327s][debug][gc,heap           ] GC(1464) Heap before GC invocations=1464 (full 1): garbage-first heap   total 1486848K, used 908612K [0x0000000700000000, 0x0000000800000000)
[261.327s][debug][gc,heap           ] GC(1464)   region size 1024K, 871 young (891904K), 3 survivors (3072K)
[261.327s][debug][gc,heap           ] GC(1464)  Metaspace       used 10458K, capacity 10758K, committed 11136K, reserved 1058816K
[261.327s][debug][gc,heap           ] GC(1464)   class space    used 1149K, capacity 1267K, committed 1408K, reserved 1048576K
[261.327s][info ][gc,start          ] GC(1464) Pause Young (Normal) (G1 Evacuation Pause)
[261.327s][info ][gc,task           ] GC(1464) Using 8 workers of 8 for evacuation
[261.327s][debug][gc,tlab           ] GC(1464) TLAB totals: thrds: 8  refills: 10 max: 2 slow allocs: 1731 max 235 waste: 28.0% gc: 865224B max: 120496B slow: 27744B max: 14304B fast: 0B max: 0B
[261.327s][debug][gc,age            ] GC(1464) Desired survivor size 57147392 bytes, new threshold 15 (max threshold 15)
[261.327s][debug][gc,alloc,region   ] GC(1464) Mutator Allocation stats, regions: 868, wasted size: 203M (23.5%)
[261.327s][debug][gc,ergo           ] GC(1464) Running G1 Merge Heap Roots using 8 workers for 871 regions
[261.328s][debug][gc,remset         ] GC(1464) Visited cards 256 Total dirty 2048 (12.50%) Total old 3608576 (0.01%)
[261.328s][debug][gc,ergo           ] GC(1464) Running G1 Clear Card Table Task using 2 workers for 2 units of work for 872 regions.
[261.328s][debug][gc,ref            ] GC(1464) Skipped phase1 of Reference Processing due to unavailable references
[261.328s][debug][gc,ref            ] GC(1464) Skipped phase2 of Reference Processing due to unavailable references
[261.328s][debug][gc,ref            ] GC(1464) Skipped phase3 of Reference Processing due to unavailable references
[261.328s][debug][gc,ref            ] GC(1464) Skipped phase4 of Reference Processing due to unavailable references
[261.328s][debug][gc,ergo           ] GC(1464) Running G1 Free Collection Set using 8 workers for collection set length 871 (1452)
[261.329s][debug][gc,ergo           ] GC(1464) Running G1 Rebuild Free List Task using 8 workers for rebuilding free list of 0 (4096) regions
[261.329s][trace][gc,age            ] GC(1464) Age table with threshold 15 (max threshold 15)
[261.329s][trace][gc,age            ] GC(1464) - age   1:    3602568 bytes,    3602568 total
[261.329s][debug][gc,plab           ] GC(1464) Young PLAB allocation: allocated: 16512B, wasted: 0B, unused: 14064B, used: 2448B, undo waste: 0B, 
[261.329s][debug][gc,plab           ] GC(1464) Young other allocation: region end waste: 981808B, regions filled: 5, direct allocated: 3600120B, failure used: 0B, failure wasted: 0B
[261.329s][debug][gc,plab           ] GC(1464) Young sizing: calculated: 0B, actual: 2064B
[261.329s][debug][gc,plab           ] GC(1464) Old PLAB allocation: allocated: 0B, wasted: 0B, unused: 0B, used: 0B, undo waste: 0B, 
[261.329s][debug][gc,plab           ] GC(1464) Old other allocation: region end waste: 0B, regions filled: 1, direct allocated: 0B, failure used: 0B, failure wasted: 0B
[261.329s][debug][gc,plab           ] GC(1464) Old sizing: calculated: 0B, actual: 2064B
[261.329s][debug][gc,ihop           ] GC(1464) Basic information (value update), threshold: 685139558B (45.00), target occupancy: 1522532352B, current occupancy: 23402664B, recent allocation size: 0B, recent allocation duration: 43.39ms, recent old gen allocation rate: 0.00B/s, recent marking phase length: 38.29ms
[261.329s][debug][gc,ihop           ] GC(1464) Adaptive IHOP information (value update), threshold: 685139558B (47.37), internal target occupancy: 1446405734B, occupancy: 23402664B, additional buffer size: 913309696B, predicted old gen allocation rate: 2.44B/s, predicted marking phase length: 76.58ms, prediction active: false
[261.329s][debug][gc,ergo,refine    ] GC(1464) Concurrent refinement times: Logged Cards Scan time goal: 20.00ms Logged Cards Scan time: 0.00ms HCC time: 0.00ms
[261.329s][debug][gc,ergo,refine    ] GC(1464) Updated Refinement Zones: green: 2048, yellow: 6144, red: 10240
[261.329s][info ][gc,phases         ] GC(1464)   Pre Evacuate Collection Set: 0.1ms
[261.329s][debug][gc,phases         ] GC(1464)     Prepare TLABs: 0.0ms
[261.329s][debug][gc,phases         ] GC(1464)     Choose Collection Set: 0.0ms
[261.329s][debug][gc,phases         ] GC(1464)     Region Register: 0.1ms
[261.329s][debug][gc,phases         ] GC(1464)     Prepare Heap Roots: 0.0ms
[261.329s][info ][gc,phases         ] GC(1464)   Merge Heap Roots: 0.2ms
[261.329s][debug][gc,phases         ] GC(1464)     Prepare Merge Heap Roots: 0.0ms
[261.329s][debug][gc,phases         ] GC(1464)     Eager Reclaim (ms):       skipped
[261.329s][debug][gc,phases         ] GC(1464)     Remembered Sets (ms):     Min:  0.0, Avg:  0.0, Max:  0.1, Diff:  0.1, Sum:  0.4, Workers: 8
[261.329s][debug][gc,phases         ] GC(1464)       Merged Sparse:            Min: 0, Avg:  0.0, Max: 0, Diff: 0, Sum: 0, Workers: 8
[261.329s][debug][gc,phases         ] GC(1464)       Merged Fine:              Min: 0, Avg:  0.0, Max: 0, Diff: 0, Sum: 0, Workers: 8
[261.329s][debug][gc,phases         ] GC(1464)       Merged Coarse:            Min: 0, Avg:  0.0, Max: 0, Diff: 0, Sum: 0, Workers: 8
[261.329s][debug][gc,phases         ] GC(1464)       Dirty Cards:              Min: 0, Avg:  0.0, Max: 0, Diff: 0, Sum: 0, Workers: 8
[261.329s][debug][gc,phases         ] GC(1464)     Hot Card Cache (ms):      Min:  0.0, Avg:  0.0, Max:  0.0, Diff:  0.0, Sum:  0.0, Workers: 8
[261.329s][debug][gc,phases         ] GC(1464)       Dirty Cards:              Min: 0, Avg:  0.0, Max: 0, Diff: 0, Sum: 0, Workers: 8
[261.329s][debug][gc,phases         ] GC(1464)       Skipped Cards:            Min: 0, Avg:  0.0, Max: 0, Diff: 0, Sum: 0, Workers: 8
[261.329s][debug][gc,phases         ] GC(1464)     Log Buffers (ms):         Min:  0.0, Avg:  0.0, Max:  0.0, Diff:  0.0, Sum:  0.0, Workers: 8
[261.329s][debug][gc,phases         ] GC(1464)       Dirty Cards:              Min: 0, Avg:  0.1, Max: 1, Diff: 1, Sum: 1, Workers: 8
[261.329s][debug][gc,phases         ] GC(1464)       Skipped Cards:            Min: 0, Avg:  0.0, Max: 0, Diff: 0, Sum: 0, Workers: 8
[261.329s][info ][gc,phases         ] GC(1464)   Evacuate Collection Set: 0.4ms
[261.329s][debug][gc,phases         ] GC(1464)     Ext Root Scanning (ms):   Min:  0.1, Avg:  0.2, Max:  0.3, Diff:  0.3, Sum:  1.7, Workers: 8
[261.329s][debug][gc,phases         ] GC(1464)     Scan Heap Roots (ms):     Min:  0.0, Avg:  0.0, Max:  0.0, Diff:  0.0, Sum:  0.0, Workers: 8
[261.329s][debug][gc,phases         ] GC(1464)       Scanned Cards:            Min: 0, Avg:  0.1, Max: 1, Diff: 1, Sum: 1, Workers: 8
[261.329s][debug][gc,phases         ] GC(1464)       Scanned Blocks:           Min: 0, Avg:  0.1, Max: 1, Diff: 1, Sum: 1, Workers: 8
[261.329s][debug][gc,phases         ] GC(1464)       Claimed Chunks:           Min: 0, Avg:  0.1, Max: 1, Diff: 1, Sum: 1, Workers: 8
[261.329s][debug][gc,phases         ] GC(1464)     Code Root Scan (ms):      Min:  0.0, Avg:  0.0, Max:  0.1, Diff:  0.1, Sum:  0.1, Workers: 8
[261.329s][debug][gc,phases         ] GC(1464)     Object Copy (ms):         Min:  0.0, Avg:  0.0, Max:  0.0, Diff:  0.0, Sum:  0.0, Workers: 8
[261.329s][debug][gc,phases         ] GC(1464)     Termination (ms):         Min:  0.0, Avg:  0.1, Max:  0.2, Diff:  0.1, Sum:  0.8, Workers: 8
[261.329s][debug][gc,phases         ] GC(1464)       Termination Attempts:     Min: 1, Avg:  1.5, Max: 2, Diff: 1, Sum: 12, Workers: 8
[261.329s][debug][gc,phases         ] GC(1464)     GC Worker Other (ms):     Min:  0.0, Avg:  0.0, Max:  0.1, Diff:  0.1, Sum:  0.4, Workers: 8
[261.329s][debug][gc,phases         ] GC(1464)     GC Worker Total (ms):     Min:  0.4, Avg:  0.4, Max:  0.4, Diff:  0.0, Sum:  3.1, Workers: 8
[261.329s][info ][gc,phases         ] GC(1464)   Post Evacuate Collection Set: 0.6ms
[261.329s][debug][gc,phases         ] GC(1464)     Code Roots Fixup: 0.0ms
[261.329s][debug][gc,phases         ] GC(1464)     Clear Card Table: 0.2ms
[261.329s][debug][gc,phases         ] GC(1464)     Reference Processing: 0.0ms
[261.329s][debug][gc,phases,ref     ] GC(1464)       Reconsider SoftReferences: 0.0ms
[261.329s][debug][gc,phases,ref     ] GC(1464)         SoftRef (ms):             skipped
[261.329s][debug][gc,phases,ref     ] GC(1464)       Notify Soft/WeakReferences: 0.0ms
[261.329s][debug][gc,phases,ref     ] GC(1464)         SoftRef (ms):             skipped
[261.329s][debug][gc,phases,ref     ] GC(1464)         WeakRef (ms):             skipped
[261.329s][debug][gc,phases,ref     ] GC(1464)         FinalRef (ms):            skipped
[261.329s][debug][gc,phases,ref     ] GC(1464)         Total (ms):               skipped
[261.329s][debug][gc,phases,ref     ] GC(1464)       Notify and keep alive finalizable: 0.0ms
[261.329s][debug][gc,phases,ref     ] GC(1464)         FinalRef (ms):            skipped
[261.329s][debug][gc,phases,ref     ] GC(1464)       Notify PhantomReferences: 0.0ms
[261.329s][debug][gc,phases,ref     ] GC(1464)         PhantomRef (ms):          skipped
[261.329s][debug][gc,phases,ref     ] GC(1464)       SoftReference:
[261.329s][debug][gc,phases,ref     ] GC(1464)         Discovered: 0
[261.329s][debug][gc,phases,ref     ] GC(1464)         Cleared: 0
[261.329s][debug][gc,phases,ref     ] GC(1464)       WeakReference:
[261.329s][debug][gc,phases,ref     ] GC(1464)         Discovered: 0
[261.329s][debug][gc,phases,ref     ] GC(1464)         Cleared: 0
[261.329s][debug][gc,phases,ref     ] GC(1464)       FinalReference:
[261.329s][debug][gc,phases,ref     ] GC(1464)         Discovered: 0
[261.329s][debug][gc,phases,ref     ] GC(1464)         Cleared: 0
[261.329s][debug][gc,phases,ref     ] GC(1464)       PhantomReference:
[261.329s][debug][gc,phases,ref     ] GC(1464)         Discovered: 0
[261.329s][debug][gc,phases,ref     ] GC(1464)         Cleared: 0
[261.329s][debug][gc,phases         ] GC(1464)     Weak Processing: 0.0ms
[261.329s][debug][gc,phases         ] GC(1464)       JVMTI weak processing: 0.0ms
[261.329s][debug][gc,phases         ] GC(1464)         Dead: 0
[261.329s][debug][gc,phases         ] GC(1464)         Total: 0
[261.329s][debug][gc,phases         ] GC(1464)       JFR weak processing: 0.0ms
[261.329s][debug][gc,phases         ] GC(1464)         Dead: 0
[261.329s][debug][gc,phases         ] GC(1464)         Total: 0
[261.329s][debug][gc,phases         ] GC(1464)       JNI weak                  Min:  0.0, Avg:  0.0, Max:  0.0, Diff:  0.0, Sum:  0.0, Workers: 5
[261.329s][debug][gc,phases         ] GC(1464)         Dead                      Min: 0, Avg:  0.0, Max: 0, Diff: 0, Sum: 0, Workers: 5
[261.329s][debug][gc,phases         ] GC(1464)         Total                     Min: 0, Avg: 21.8, Max: 109, Diff: 109, Sum: 109, Workers: 5
[261.329s][debug][gc,phases         ] GC(1464)       VM weak                   Min:  0.0, Avg:  0.0, Max:  0.0, Diff:  0.0, Sum:  0.0, Workers: 5
[261.329s][debug][gc,phases         ] GC(1464)         Dead                      Min: 0, Avg:  0.0, Max: 0, Diff: 0, Sum: 0, Workers: 5
[261.329s][debug][gc,phases         ] GC(1464)         Total                     Min: 0, Avg: 42.6, Max: 128, Diff: 128, Sum: 213, Workers: 5
[261.329s][debug][gc,phases         ] GC(1464)       StringTable weak          Min:  0.0, Avg:  0.0, Max:  0.0, Diff:  0.0, Sum:  0.1, Workers: 5
[261.329s][debug][gc,phases         ] GC(1464)         Dead                      Min: 0, Avg:  0.0, Max: 0, Diff: 0, Sum: 0, Workers: 5
[261.329s][debug][gc,phases         ] GC(1464)         Total                     Min: 0, Avg: 721.8, Max: 1472, Diff: 1472, Sum: 3609, Workers: 5
[261.329s][debug][gc,phases         ] GC(1464)       ResolvedMethodTable weak  Min:  0.0, Avg:  0.0, Max:  0.0, Diff:  0.0, Sum:  0.0, Workers: 5
[261.329s][debug][gc,phases         ] GC(1464)         Dead                      Min: 0, Avg:  0.0, Max: 0, Diff: 0, Sum: 0, Workers: 5
[261.329s][debug][gc,phases         ] GC(1464)         Total                     Min: 0, Avg: 114.8, Max: 318, Diff: 318, Sum: 574, Workers: 5
[261.329s][debug][gc,phases         ] GC(1464)     Merge Per-Thread State: 0.0ms
[261.329s][debug][gc,phases         ] GC(1464)       Copied Bytes              Min: 72, Avg: 450321.0, Max: 800096, Diff: 800024, Sum: 3602568, Workers: 8
[261.329s][debug][gc,phases         ] GC(1464)       LAB Waste                 Min: 0, Avg:  0.0, Max: 0, Diff: 0, Sum: 0, Workers: 8
[261.329s][debug][gc,phases         ] GC(1464)       LAB Undo Waste            Min: 0, Avg:  0.0, Max: 0, Diff: 0, Sum: 0, Workers: 8
[261.329s][debug][gc,phases         ] GC(1464)     Code Roots Purge: 0.0ms
[261.329s][debug][gc,phases         ] GC(1464)     Redirty Cards: 0.0ms
[261.329s][debug][gc,phases         ] GC(1464)     DerivedPointerTable Update: 0.0ms
[261.329s][debug][gc,phases         ] GC(1464)     Free Collection Set: 0.2ms
[261.329s][debug][gc,phases         ] GC(1464)     Rebuild Free List: 0.1ms
[261.329s][debug][gc,phases         ] GC(1464)     Humongous Reclaim: 0.0ms
[261.329s][debug][gc,phases         ] GC(1464)     Start New Collection Set: 0.0ms
[261.329s][debug][gc,phases         ] GC(1464)     Resize TLABs: 0.0ms
[261.329s][debug][gc,phases         ] GC(1464)     Expand Heap After Collection: 0.0ms
[261.329s][info ][gc,phases         ] GC(1464)   Other: 0.3ms
[261.329s][info ][gc,heap           ] GC(1464) Eden regions: 868->0(866)
[261.329s][info ][gc,heap           ] GC(1464) Survivor regions: 3->5(109)
[261.329s][info ][gc,heap           ] GC(1464) Old regions: 18->18
[261.329s][info ][gc,heap           ] GC(1464) Archive regions: 2->2
[261.329s][info ][gc,heap           ] GC(1464) Humongous regions: 0->0
[261.329s][info ][gc,metaspace      ] GC(1464) Metaspace: 10458K(11136K)->10458K(11136K) NonClass: 9309K(9728K)->9309K(9728K) Class: 1149K(1408K)->1149K(1408K)
[261.329s][debug][gc,heap           ] GC(1464) Heap after GC invocations=1465 (full 1): garbage-first heap   total 1486848K, used 22854K [0x0000000700000000, 0x0000000800000000)
[261.329s][debug][gc,heap           ] GC(1464)   region size 1024K, 5 young (5120K), 5 survivors (5120K)
[261.329s][debug][gc,heap           ] GC(1464)  Metaspace       used 10458K, capacity 10758K, committed 11136K, reserved 1058816K
[261.329s][debug][gc,heap           ] GC(1464)   class space    used 1149K, capacity 1267K, committed 1408K, reserved 1048576K
[261.329s][info ][gc                ] GC(1464) Pause Young (Normal) (G1 Evacuation Pause) 888M->22M(1452M) 2.184ms
[261.329s][info ][gc,cpu            ] GC(1464) User=0.01s Sys=0.00s Real=0.00s
[261.330s][info ][safepoint         ] Safepoint "G1CollectForAllocation", Time since last: 42310880 ns, Reaching safepoint: 134335 ns, At safepoint: 2462803 ns, Total: 2597138 ns
[261.372s][debug][gc,heap           ] GC(1465) Heap before GC invocations=1465 (full 1): garbage-first heap   total 1486848K, used 908614K [0x0000000700000000, 0x0000000800000000)
[261.372s][debug][gc,heap           ] GC(1465)   region size 1024K, 871 young (891904K), 5 survivors (5120K)
[261.372s][debug][gc,heap           ] GC(1465)  Metaspace       used 10458K, capacity 10758K, committed 11136K, reserved 1058816K
[261.372s][debug][gc,heap           ] GC(1465)   class space    used 1149K, capacity 1267K, committed 1408K, reserved 1048576K
[261.372s][info ][gc,start          ] GC(1465) Pause Young (Normal) (G1 Evacuation Pause)
[261.372s][info ][gc,task           ] GC(1465) Using 8 workers of 8 for evacuation
[261.372s][debug][gc,tlab           ] GC(1465) TLAB totals: thrds: 8  refills: 13 max: 3 slow allocs: 1723 max 278 waste: 25.0% gc: 852544B max: 214432B slow: 44032B max: 15488B fast: 0B max: 0B
[261.372s][debug][gc,age            ] GC(1465) Desired survivor size 57147392 bytes, new threshold 15 (max threshold 15)
[261.372s][debug][gc,alloc,region   ] GC(1465) Mutator Allocation stats, regions: 866, wasted size: 203M (23.5%)
[261.372s][debug][gc,ergo           ] GC(1465) Running G1 Merge Heap Roots using 8 workers for 871 regions
[261.372s][debug][gc,remset         ] GC(1465) Visited cards 512 Total dirty 4096 (12.50%) Total old 3608576 (0.01%)
[261.373s][debug][gc,ergo           ] GC(1465) Running G1 Clear Card Table Task using 2 workers for 2 units of work for 873 regions.
[261.373s][debug][gc,ref            ] GC(1465) Skipped phase1 of Reference Processing due to unavailable references
[261.373s][debug][gc,ref            ] GC(1465) Skipped phase2 of Reference Processing due to unavailable references
[261.373s][debug][gc,ref            ] GC(1465) Skipped phase3 of Reference Processing due to unavailable references
[261.373s][debug][gc,ref            ] GC(1465) Skipped phase4 of Reference Processing due to unavailable references
[261.373s][debug][gc,ergo           ] GC(1465) Running G1 Free Collection Set using 8 workers for collection set length 871 (1452)
[261.373s][debug][gc,ergo           ] GC(1465) Running G1 Rebuild Free List Task using 8 workers for rebuilding free list of 0 (4096) regions
[261.373s][trace][gc,age            ] GC(1465) Age table with threshold 15 (max threshold 15)
[261.373s][trace][gc,age            ] GC(1465) - age   1:    2802560 bytes,    2802560 total
[261.373s][debug][gc,plab           ] GC(1465) Young PLAB allocation: allocated: 14448B, wasted: 0B, unused: 12000B, used: 2448B, undo waste: 0B, 
[261.373s][debug][gc,plab           ] GC(1465) Young other allocation: region end waste: 731184B, regions filled: 4, direct allocated: 2800112B, failure used: 0B, failure wasted: 0B
[261.373s][debug][gc,plab           ] GC(1465) Young sizing: calculated: 0B, actual: 2064B
[261.373s][debug][gc,plab           ] GC(1465) Old PLAB allocation: allocated: 0B, wasted: 0B, unused: 0B, used: 0B, undo waste: 0B, 
[261.373s][debug][gc,plab           ] GC(1465) Old other allocation: region end waste: 0B, regions filled: 1, direct allocated: 0B, failure used: 0B, failure wasted: 0B
[261.373s][debug][gc,plab           ] GC(1465) Old sizing: calculated: 0B, actual: 2064B
[261.373s][debug][gc,ihop           ] GC(1465) Basic information (value update), threshold: 685139558B (45.00), target occupancy: 1522532352B, current occupancy: 22349968B, recent allocation size: 0B, recent allocation duration: 43.11ms, recent old gen allocation rate: 0.00B/s, recent marking phase length: 38.29ms
[261.373s][debug][gc,ihop           ] GC(1465) Adaptive IHOP information (value update), threshold: 685139558B (47.37), internal target occupancy: 1446405734B, occupancy: 22349968B, additional buffer size: 913309696B, predicted old gen allocation rate: 2.37B/s, predicted marking phase length: 76.58ms, prediction active: false
[261.373s][debug][gc,ergo,refine    ] GC(1465) Concurrent refinement times: Logged Cards Scan time goal: 20.00ms Logged Cards Scan time: 0.00ms HCC time: 0.00ms
[261.373s][debug][gc,ergo,refine    ] GC(1465) Updated Refinement Zones: green: 2048, yellow: 6144, red: 10240
[261.373s][info ][gc,phases         ] GC(1465)   Pre Evacuate Collection Set: 0.1ms
[261.373s][debug][gc,phases         ] GC(1465)     Prepare TLABs: 0.0ms
[261.373s][debug][gc,phases         ] GC(1465)     Choose Collection Set: 0.0ms
[261.373s][debug][gc,phases         ] GC(1465)     Region Register: 0.1ms
[261.373s][debug][gc,phases         ] GC(1465)     Prepare Heap Roots: 0.0ms
[261.373s][info ][gc,phases         ] GC(1465)   Merge Heap Roots: 0.1ms
[261.373s][debug][gc,phases         ] GC(1465)     Prepare Merge Heap Roots: 0.0ms
[261.373s][debug][gc,phases         ] GC(1465)     Eager Reclaim (ms):       skipped
[261.373s][debug][gc,phases         ] GC(1465)     Remembered Sets (ms):     Min:  0.0, Avg:  0.0, Max:  0.1, Diff:  0.0, Sum:  0.4, Workers: 8
[261.373s][debug][gc,phases         ] GC(1465)       Merged Sparse:            Min: 0, Avg:  0.0, Max: 0, Diff: 0, Sum: 0, Workers: 8
[261.373s][debug][gc,phases         ] GC(1465)       Merged Fine:              Min: 0, Avg:  0.0, Max: 0, Diff: 0, Sum: 0, Workers: 8
[261.373s][debug][gc,phases         ] GC(1465)       Merged Coarse:            Min: 0, Avg:  0.0, Max: 0, Diff: 0, Sum: 0, Workers: 8
[261.373s][debug][gc,phases         ] GC(1465)       Dirty Cards:              Min: 0, Avg:  0.0, Max: 0, Diff: 0, Sum: 0, Workers: 8
[261.373s][debug][gc,phases         ] GC(1465)     Hot Card Cache (ms):      Min:  0.0, Avg:  0.0, Max:  0.0, Diff:  0.0, Sum:  0.0, Workers: 8
[261.373s][debug][gc,phases         ] GC(1465)       Dirty Cards:              Min: 0, Avg:  0.0, Max: 0, Diff: 0, Sum: 0, Workers: 8
[261.373s][debug][gc,phases         ] GC(1465)       Skipped Cards:            Min: 0, Avg:  0.0, Max: 0, Diff: 0, Sum: 0, Workers: 8
[261.373s][debug][gc,phases         ] GC(1465)     Log Buffers (ms):         Min:  0.0, Avg:  0.0, Max:  0.0, Diff:  0.0, Sum:  0.0, Workers: 8
[261.373s][debug][gc,phases         ] GC(1465)       Dirty Cards:              Min: 0, Avg:  0.2, Max: 1, Diff: 1, Sum: 2, Workers: 8
[261.373s][debug][gc,phases         ] GC(1465)       Skipped Cards:            Min: 0, Avg:  0.0, Max: 0, Diff: 0, Sum: 0, Workers: 8
[261.373s][info ][gc,phases         ] GC(1465)   Evacuate Collection Set: 0.4ms
[261.373s][debug][gc,phases         ] GC(1465)     Ext Root Scanning (ms):   Min:  0.0, Avg:  0.2, Max:  0.3, Diff:  0.3, Sum:  1.6, Workers: 8
[261.373s][debug][gc,phases         ] GC(1465)     Scan Heap Roots (ms):     Min:  0.0, Avg:  0.0, Max:  0.0, Diff:  0.0, Sum:  0.0, Workers: 8
[261.373s][debug][gc,phases         ] GC(1465)       Scanned Cards:            Min: 0, Avg:  0.2, Max: 2, Diff: 2, Sum: 2, Workers: 8
[261.373s][debug][gc,phases         ] GC(1465)       Scanned Blocks:           Min: 0, Avg:  0.2, Max: 2, Diff: 2, Sum: 2, Workers: 8
[261.373s][debug][gc,phases         ] GC(1465)       Claimed Chunks:           Min: 0, Avg:  0.2, Max: 2, Diff: 2, Sum: 2, Workers: 8
[261.373s][debug][gc,phases         ] GC(1465)     Code Root Scan (ms):      Min:  0.0, Avg:  0.0, Max:  0.0, Diff:  0.0, Sum:  0.2, Workers: 8
[261.373s][debug][gc,phases         ] GC(1465)     Object Copy (ms):         Min:  0.0, Avg:  0.0, Max:  0.0, Diff:  0.0, Sum:  0.0, Workers: 8
[261.373s][debug][gc,phases         ] GC(1465)     Termination (ms):         Min:  0.1, Avg:  0.1, Max:  0.1, Diff:  0.0, Sum:  0.6, Workers: 8
[261.373s][debug][gc,phases         ] GC(1465)       Termination Attempts:     Min: 1, Avg:  1.0, Max: 1, Diff: 0, Sum: 8, Workers: 8
[261.373s][debug][gc,phases         ] GC(1465)     GC Worker Other (ms):     Min:  0.0, Avg:  0.1, Max:  0.1, Diff:  0.0, Sum:  0.4, Workers: 8
[261.373s][debug][gc,phases         ] GC(1465)     GC Worker Total (ms):     Min:  0.1, Avg:  0.4, Max:  0.4, Diff:  0.3, Sum:  2.9, Workers: 8
[261.373s][info ][gc,phases         ] GC(1465)   Post Evacuate Collection Set: 0.6ms
[261.373s][debug][gc,phases         ] GC(1465)     Code Roots Fixup: 0.0ms
[261.373s][debug][gc,phases         ] GC(1465)     Clear Card Table: 0.2ms
[261.373s][debug][gc,phases         ] GC(1465)     Reference Processing: 0.0ms
[261.373s][debug][gc,phases,ref     ] GC(1465)       Reconsider SoftReferences: 0.0ms
[261.373s][debug][gc,phases,ref     ] GC(1465)         SoftRef (ms):             skipped
[261.373s][debug][gc,phases,ref     ] GC(1465)       Notify Soft/WeakReferences: 0.0ms
[261.373s][debug][gc,phases,ref     ] GC(1465)         SoftRef (ms):             skipped
[261.373s][debug][gc,phases,ref     ] GC(1465)         WeakRef (ms):             skipped
[261.373s][debug][gc,phases,ref     ] GC(1465)         FinalRef (ms):            skipped
[261.374s][debug][gc,phases,ref     ] GC(1465)         Total (ms):               skipped
[261.374s][debug][gc,phases,ref     ] GC(1465)       Notify and keep alive finalizable: 0.0ms
[261.374s][debug][gc,phases,ref     ] GC(1465)         FinalRef (ms):            skipped
[261.374s][debug][gc,phases,ref     ] GC(1465)       Notify PhantomReferences: 0.0ms
[261.374s][debug][gc,phases,ref     ] GC(1465)         PhantomRef (ms):          skipped
[261.374s][debug][gc,phases,ref     ] GC(1465)       SoftReference:
[261.374s][debug][gc,phases,ref     ] GC(1465)         Discovered: 0
[261.374s][debug][gc,phases,ref     ] GC(1465)         Cleared: 0
[261.374s][debug][gc,phases,ref     ] GC(1465)       WeakReference:
[261.374s][debug][gc,phases,ref     ] GC(1465)         Discovered: 0
[261.374s][debug][gc,phases,ref     ] GC(1465)         Cleared: 0
[261.374s][debug][gc,phases,ref     ] GC(1465)       FinalReference:
[261.374s][debug][gc,phases,ref     ] GC(1465)         Discovered: 0
[261.374s][debug][gc,phases,ref     ] GC(1465)         Cleared: 0
[261.374s][debug][gc,phases,ref     ] GC(1465)       PhantomReference:
[261.374s][debug][gc,phases,ref     ] GC(1465)         Discovered: 0
[261.374s][debug][gc,phases,ref     ] GC(1465)         Cleared: 0
[261.374s][debug][gc,phases         ] GC(1465)     Weak Processing: 0.0ms
[261.374s][debug][gc,phases         ] GC(1465)       JVMTI weak processing: 0.0ms
[261.374s][debug][gc,phases         ] GC(1465)         Dead: 0
[261.374s][debug][gc,phases         ] GC(1465)         Total: 0
[261.374s][debug][gc,phases         ] GC(1465)       JFR weak processing: 0.0ms
[261.374s][debug][gc,phases         ] GC(1465)         Dead: 0
[261.374s][debug][gc,phases         ] GC(1465)         Total: 0
[261.374s][debug][gc,phases         ] GC(1465)       JNI weak                  Min:  0.0, Avg:  0.0, Max:  0.0, Diff:  0.0, Sum:  0.0, Workers: 5
[261.374s][debug][gc,phases         ] GC(1465)         Dead                      Min: 0, Avg:  0.0, Max: 0, Diff: 0, Sum: 0, Workers: 5
[261.374s][debug][gc,phases         ] GC(1465)         Total                     Min: 0, Avg: 21.8, Max: 64, Diff: 64, Sum: 109, Workers: 5
[261.374s][debug][gc,phases         ] GC(1465)       VM weak                   Min:  0.0, Avg:  0.0, Max:  0.0, Diff:  0.0, Sum:  0.0, Workers: 5
[261.374s][debug][gc,phases         ] GC(1465)         Dead                      Min: 0, Avg:  0.0, Max: 0, Diff: 0, Sum: 0, Workers: 5
[261.374s][debug][gc,phases         ] GC(1465)         Total                     Min: 0, Avg: 42.6, Max: 64, Diff: 64, Sum: 213, Workers: 5
[261.374s][debug][gc,phases         ] GC(1465)       StringTable weak          Min:  0.0, Avg:  0.0, Max:  0.0, Diff:  0.0, Sum:  0.1, Workers: 5
[261.374s][debug][gc,phases         ] GC(1465)         Dead                      Min: 0, Avg:  0.0, Max: 0, Diff: 0, Sum: 0, Workers: 5
[261.374s][debug][gc,phases         ] GC(1465)         Total                     Min: 0, Avg: 721.8, Max: 960, Diff: 960, Sum: 3609, Workers: 5
[261.374s][debug][gc,phases         ] GC(1465)       ResolvedMethodTable weak  Min:  0.0, Avg:  0.0, Max:  0.0, Diff:  0.0, Sum:  0.0, Workers: 5
[261.374s][debug][gc,phases         ] GC(1465)         Dead                      Min: 0, Avg:  0.0, Max: 0, Diff: 0, Sum: 0, Workers: 5
[261.374s][debug][gc,phases         ] GC(1465)         Total                     Min: 0, Avg: 114.8, Max: 190, Diff: 190, Sum: 574, Workers: 5
[261.374s][debug][gc,phases         ] GC(1465)     Merge Per-Thread State: 0.0ms
[261.374s][debug][gc,phases         ] GC(1465)       Copied Bytes              Min: 0, Avg: 350320.0, Max: 400840, Diff: 400840, Sum: 2802560, Workers: 8
[261.374s][debug][gc,phases         ] GC(1465)       LAB Waste                 Min: 0, Avg:  0.0, Max: 0, Diff: 0, Sum: 0, Workers: 8
[261.374s][debug][gc,phases         ] GC(1465)       LAB Undo Waste            Min: 0, Avg:  0.0, Max: 0, Diff: 0, Sum: 0, Workers: 8
[261.374s][debug][gc,phases         ] GC(1465)     Code Roots Purge: 0.0ms
[261.374s][debug][gc,phases         ] GC(1465)     Redirty Cards: 0.0ms
[261.374s][debug][gc,phases         ] GC(1465)     DerivedPointerTable Update: 0.0ms
[261.374s][debug][gc,phases         ] GC(1465)     Free Collection Set: 0.2ms
[261.374s][debug][gc,phases         ] GC(1465)     Rebuild Free List: 0.1ms
[261.374s][debug][gc,phases         ] GC(1465)     Humongous Reclaim: 0.0ms
[261.374s][debug][gc,phases         ] GC(1465)     Start New Collection Set: 0.0ms
[261.374s][debug][gc,phases         ] GC(1465)     Resize TLABs: 0.0ms
[261.374s][debug][gc,phases         ] GC(1465)     Expand Heap After Collection: 0.0ms
[261.374s][info ][gc,phases         ] GC(1465)   Other: 0.3ms
[261.374s][info ][gc,heap           ] GC(1465) Eden regions: 866->0(867)
[261.374s][info ][gc,heap           ] GC(1465) Survivor regions: 5->4(109)
[261.374s][info ][gc,heap           ] GC(1465) Old regions: 18->18
[261.374s][info ][gc,heap           ] GC(1465) Archive regions: 2->2
[261.374s][info ][gc,heap           ] GC(1465) Humongous regions: 0->0
[261.374s][info ][gc,metaspace      ] GC(1465) Metaspace: 10458K(11136K)->10458K(11136K) NonClass: 9309K(9728K)->9309K(9728K) Class: 1149K(1408K)->1149K(1408K)
[261.374s][debug][gc,heap           ] GC(1465) Heap after GC invocations=1466 (full 1): garbage-first heap   total 1486848K, used 21826K [0x0000000700000000, 0x0000000800000000)
[261.374s][debug][gc,heap           ] GC(1465)   region size 1024K, 4 young (4096K), 4 survivors (4096K)
[261.374s][debug][gc,heap           ] GC(1465)  Metaspace       used 10458K, capacity 10758K, committed 11136K, reserved 1058816K
[261.374s][debug][gc,heap           ] GC(1465)   class space    used 1149K, capacity 1267K, committed 1408K, reserved 1048576K
[261.374s][info ][gc                ] GC(1465) Pause Young (Normal) (G1 Evacuation Pause) 888M->21M(1452M) 2.152ms
[261.374s][info ][gc,cpu            ] GC(1465) User=0.01s Sys=0.00s Real=0.00s
[261.374s][info ][safepoint         ] Safepoint "G1CollectForAllocation", Time since last: 41873253 ns, Reaching safepoint: 222149 ns, At safepoint: 2322600 ns, Total: 2544749 ns
[261.418s][debug][gc,heap           ] GC(1466) Heap before GC invocations=1466 (full 1): garbage-first heap   total 1486848K, used 908610K [0x0000000700000000, 0x0000000800000000)
[261.418s][debug][gc,heap           ] GC(1466)   region size 1024K, 871 young (891904K), 4 survivors (4096K)
[261.418s][debug][gc,heap           ] GC(1466)  Metaspace       used 10458K, capacity 10758K, committed 11136K, reserved 1058816K
[261.418s][debug][gc,heap           ] GC(1466)   class space    used 1149K, capacity 1267K, committed 1408K, reserved 1048576K
[261.418s][info ][gc,start          ] GC(1466) Pause Young (Normal) (G1 Evacuation Pause)
[261.418s][info ][gc,task           ] GC(1466) Using 8 workers of 8 for evacuation
[261.418s][debug][gc,tlab           ] GC(1466) TLAB totals: thrds: 8  refills: 17 max: 3 slow allocs: 1731 max 240 waste: 19.1% gc: 927216B max: 225408B slow: 88368B max: 15096B fast: 0B max: 0B
[261.418s][debug][gc,age            ] GC(1466) Desired survivor size 57147392 bytes, new threshold 15 (max threshold 15)
[261.418s][debug][gc,alloc,region   ] GC(1466) Mutator Allocation stats, regions: 867, wasted size: 203M (23.4%)
[261.418s][debug][gc,ergo           ] GC(1466) Running G1 Merge Heap Roots using 8 workers for 871 regions
[261.418s][debug][gc,remset         ] GC(1466) Visited cards 256 Total dirty 2048 (12.50%) Total old 3608576 (0.01%)
[261.418s][debug][gc,ergo           ] GC(1466) Running G1 Clear Card Table Task using 2 workers for 2 units of work for 872 regions.
[261.419s][debug][gc,ref            ] GC(1466) Skipped phase1 of Reference Processing due to unavailable references
[261.419s][debug][gc,ref            ] GC(1466) Skipped phase2 of Reference Processing due to unavailable references
[261.419s][debug][gc,ref            ] GC(1466) Skipped phase3 of Reference Processing due to unavailable references
[261.419s][debug][gc,ref            ] GC(1466) Skipped phase4 of Reference Processing due to unavailable references
[261.419s][debug][gc,ergo           ] GC(1466) Running G1 Free Collection Set using 8 workers for collection set length 871 (1452)
[261.419s][debug][gc,ergo           ] GC(1466) Running G1 Rebuild Free List Task using 8 workers for rebuilding free list of 0 (4096) regions
[261.419s][trace][gc,age            ] GC(1466) Age table with threshold 15 (max threshold 15)
[261.419s][trace][gc,age            ] GC(1466) - age   1:    2002528 bytes,    2002528 total
[261.419s][debug][gc,plab           ] GC(1466) Young PLAB allocation: allocated: 16512B, wasted: 0B, unused: 14064B, used: 2448B, undo waste: 0B, 
[261.419s][debug][gc,plab           ] GC(1466) Young other allocation: region end waste: 480576B, regions filled: 3, direct allocated: 2000080B, failure used: 0B, failure wasted: 0B
[261.419s][debug][gc,plab           ] GC(1466) Young sizing: calculated: 0B, actual: 2064B
[261.419s][debug][gc,plab           ] GC(1466) Old PLAB allocation: allocated: 0B, wasted: 0B, unused: 0B, used: 0B, undo waste: 0B, 
[261.419s][debug][gc,plab           ] GC(1466) Old other allocation: region end waste: 0B, regions filled: 1, direct allocated: 0B, failure used: 0B, failure wasted: 0B
[261.419s][debug][gc,plab           ] GC(1466) Old sizing: calculated: 0B, actual: 2064B
[261.419s][debug][gc,ihop           ] GC(1466) Basic information (value update), threshold: 685139558B (45.00), target occupancy: 1522532352B, current occupancy: 21301392B, recent allocation size: 0B, recent allocation duration: 44.52ms, recent old gen allocation rate: 0.00B/s, recent marking phase length: 38.29ms
[261.419s][debug][gc,ihop           ] GC(1466) Adaptive IHOP information (value update), threshold: 685139558B (47.37), internal target occupancy: 1446405734B, occupancy: 21301392B, additional buffer size: 913309696B, predicted old gen allocation rate: 2.31B/s, predicted marking phase length: 76.58ms, prediction active: false
[261.419s][debug][gc,ergo,refine    ] GC(1466) Concurrent refinement times: Logged Cards Scan time goal: 20.00ms Logged Cards Scan time: 0.00ms HCC time: 0.00ms
[261.419s][debug][gc,ergo,refine    ] GC(1466) Updated Refinement Zones: green: 2048, yellow: 6144, red: 10240
[261.419s][info ][gc,phases         ] GC(1466)   Pre Evacuate Collection Set: 0.2ms
[261.419s][debug][gc,phases         ] GC(1466)     Prepare TLABs: 0.0ms
[261.419s][debug][gc,phases         ] GC(1466)     Choose Collection Set: 0.0ms
[261.419s][debug][gc,phases         ] GC(1466)     Region Register: 0.1ms
[261.419s][debug][gc,phases         ] GC(1466)     Prepare Heap Roots: 0.0ms
[261.419s][info ][gc,phases         ] GC(1466)   Merge Heap Roots: 0.1ms
[261.419s][debug][gc,phases         ] GC(1466)     Prepare Merge Heap Roots: 0.0ms
[261.419s][debug][gc,phases         ] GC(1466)     Eager Reclaim (ms):       skipped
[261.419s][debug][gc,phases         ] GC(1466)     Remembered Sets (ms):     Min:  0.0, Avg:  0.0, Max:  0.0, Diff:  0.0, Sum:  0.3, Workers: 8
[261.419s][debug][gc,phases         ] GC(1466)       Merged Sparse:            Min: 0, Avg:  0.0, Max: 0, Diff: 0, Sum: 0, Workers: 8
[261.419s][debug][gc,phases         ] GC(1466)       Merged Fine:              Min: 0, Avg:  0.0, Max: 0, Diff: 0, Sum: 0, Workers: 8
[261.419s][debug][gc,phases         ] GC(1466)       Merged Coarse:            Min: 0, Avg:  0.0, Max: 0, Diff: 0, Sum: 0, Workers: 8
[261.419s][debug][gc,phases         ] GC(1466)       Dirty Cards:              Min: 0, Avg:  0.0, Max: 0, Diff: 0, Sum: 0, Workers: 8
[261.419s][debug][gc,phases         ] GC(1466)     Hot Card Cache (ms):      Min:  0.0, Avg:  0.0, Max:  0.0, Diff:  0.0, Sum:  0.0, Workers: 8
[261.419s][debug][gc,phases         ] GC(1466)       Dirty Cards:              Min: 0, Avg:  0.0, Max: 0, Diff: 0, Sum: 0, Workers: 8
[261.419s][debug][gc,phases         ] GC(1466)       Skipped Cards:            Min: 0, Avg:  0.0, Max: 0, Diff: 0, Sum: 0, Workers: 8
[261.419s][debug][gc,phases         ] GC(1466)     Log Buffers (ms):         Min:  0.0, Avg:  0.0, Max:  0.0, Diff:  0.0, Sum:  0.0, Workers: 8
[261.419s][debug][gc,phases         ] GC(1466)       Dirty Cards:              Min: 0, Avg:  0.1, Max: 1, Diff: 1, Sum: 1, Workers: 8
[261.419s][debug][gc,phases         ] GC(1466)       Skipped Cards:            Min: 0, Avg:  0.0, Max: 0, Diff: 0, Sum: 0, Workers: 8
[261.419s][info ][gc,phases         ] GC(1466)   Evacuate Collection Set: 0.3ms
[261.419s][debug][gc,phases         ] GC(1466)     Ext Root Scanning (ms):   Min:  0.1, Avg:  0.1, Max:  0.2, Diff:  0.2, Sum:  1.1, Workers: 8
[261.419s][debug][gc,phases         ] GC(1466)     Scan Heap Roots (ms):     Min:  0.0, Avg:  0.0, Max:  0.0, Diff:  0.0, Sum:  0.0, Workers: 8
[261.419s][debug][gc,phases         ] GC(1466)       Scanned Cards:            Min: 0, Avg:  0.1, Max: 1, Diff: 1, Sum: 1, Workers: 8
[261.419s][debug][gc,phases         ] GC(1466)       Scanned Blocks:           Min: 0, Avg:  0.1, Max: 1, Diff: 1, Sum: 1, Workers: 8
[261.419s][debug][gc,phases         ] GC(1466)       Claimed Chunks:           Min: 0, Avg:  0.1, Max: 1, Diff: 1, Sum: 1, Workers: 8
[261.419s][debug][gc,phases         ] GC(1466)     Code Root Scan (ms):      Min:  0.0, Avg:  0.0, Max:  0.0, Diff:  0.0, Sum:  0.1, Workers: 8
[261.419s][debug][gc,phases         ] GC(1466)     Object Copy (ms):         Min:  0.0, Avg:  0.0, Max:  0.0, Diff:  0.0, Sum:  0.0, Workers: 8
[261.419s][debug][gc,phases         ] GC(1466)     Termination (ms):         Min:  0.0, Avg:  0.1, Max:  0.1, Diff:  0.1, Sum:  0.6, Workers: 8
[261.419s][debug][gc,phases         ] GC(1466)       Termination Attempts:     Min: 1, Avg:  1.1, Max: 2, Diff: 1, Sum: 9, Workers: 8
[261.419s][debug][gc,phases         ] GC(1466)     GC Worker Other (ms):     Min:  0.0, Avg:  0.0, Max:  0.1, Diff:  0.1, Sum:  0.3, Workers: 8
[261.419s][debug][gc,phases         ] GC(1466)     GC Worker Total (ms):     Min:  0.2, Avg:  0.3, Max:  0.3, Diff:  0.0, Sum:  2.2, Workers: 8
[261.419s][info ][gc,phases         ] GC(1466)   Post Evacuate Collection Set: 0.6ms
[261.419s][debug][gc,phases         ] GC(1466)     Code Roots Fixup: 0.0ms
[261.419s][debug][gc,phases         ] GC(1466)     Clear Card Table: 0.2ms
[261.419s][debug][gc,phases         ] GC(1466)     Reference Processing: 0.1ms
[261.419s][debug][gc,phases,ref     ] GC(1466)       Reconsider SoftReferences: 0.0ms
[261.419s][debug][gc,phases,ref     ] GC(1466)         SoftRef (ms):             skipped
[261.419s][debug][gc,phases,ref     ] GC(1466)       Notify Soft/WeakReferences: 0.0ms
[261.419s][debug][gc,phases,ref     ] GC(1466)         SoftRef (ms):             skipped
[261.419s][debug][gc,phases,ref     ] GC(1466)         WeakRef (ms):             skipped
[261.419s][debug][gc,phases,ref     ] GC(1466)         FinalRef (ms):            skipped
[261.419s][debug][gc,phases,ref     ] GC(1466)         Total (ms):               skipped
[261.419s][debug][gc,phases,ref     ] GC(1466)       Notify and keep alive finalizable: 0.0ms
[261.419s][debug][gc,phases,ref     ] GC(1466)         FinalRef (ms):            skipped
[261.419s][debug][gc,phases,ref     ] GC(1466)       Notify PhantomReferences: 0.0ms
[261.419s][debug][gc,phases,ref     ] GC(1466)         PhantomRef (ms):          skipped
[261.420s][debug][gc,phases,ref     ] GC(1466)       SoftReference:
[261.420s][debug][gc,phases,ref     ] GC(1466)         Discovered: 0
[261.420s][debug][gc,phases,ref     ] GC(1466)         Cleared: 0
[261.420s][debug][gc,phases,ref     ] GC(1466)       WeakReference:
[261.420s][debug][gc,phases,ref     ] GC(1466)         Discovered: 0
[261.420s][debug][gc,phases,ref     ] GC(1466)         Cleared: 0
[261.420s][debug][gc,phases,ref     ] GC(1466)       FinalReference:
[261.420s][debug][gc,phases,ref     ] GC(1466)         Discovered: 0
[261.420s][debug][gc,phases,ref     ] GC(1466)         Cleared: 0
[261.420s][debug][gc,phases,ref     ] GC(1466)       PhantomReference:
[261.420s][debug][gc,phases,ref     ] GC(1466)         Discovered: 0
[261.420s][debug][gc,phases,ref     ] GC(1466)         Cleared: 0
[261.420s][debug][gc,phases         ] GC(1466)     Weak Processing: 0.0ms
[261.420s][debug][gc,phases         ] GC(1466)       JVMTI weak processing: 0.0ms
[261.420s][debug][gc,phases         ] GC(1466)         Dead: 0
[261.420s][debug][gc,phases         ] GC(1466)         Total: 0
[261.420s][debug][gc,phases         ] GC(1466)       JFR weak processing: 0.0ms
[261.420s][debug][gc,phases         ] GC(1466)         Dead: 0
[261.420s][debug][gc,phases         ] GC(1466)         Total: 0
[261.420s][debug][gc,phases         ] GC(1466)       JNI weak                  Min:  0.0, Avg:  0.0, Max:  0.0, Diff:  0.0, Sum:  0.0, Workers: 5
[261.420s][debug][gc,phases         ] GC(1466)         Dead                      Min: 0, Avg:  0.0, Max: 0, Diff: 0, Sum: 0, Workers: 5
[261.420s][debug][gc,phases         ] GC(1466)         Total                     Min: 0, Avg: 21.8, Max: 64, Diff: 64, Sum: 109, Workers: 5
[261.420s][debug][gc,phases         ] GC(1466)       VM weak                   Min:  0.0, Avg:  0.0, Max:  0.0, Diff:  0.0, Sum:  0.0, Workers: 5
[261.420s][debug][gc,phases         ] GC(1466)         Dead                      Min: 0, Avg:  0.0, Max: 0, Diff: 0, Sum: 0, Workers: 5
[261.420s][debug][gc,phases         ] GC(1466)         Total                     Min: 0, Avg: 42.6, Max: 85, Diff: 85, Sum: 213, Workers: 5
[261.420s][debug][gc,phases         ] GC(1466)       StringTable weak          Min:  0.0, Avg:  0.0, Max:  0.0, Diff:  0.0, Sum:  0.1, Workers: 5
[261.420s][debug][gc,phases         ] GC(1466)         Dead                      Min: 0, Avg:  0.0, Max: 0, Diff: 0, Sum: 0, Workers: 5
[261.420s][debug][gc,phases         ] GC(1466)         Total                     Min: 703, Avg: 721.8, Max: 794, Diff: 91, Sum: 3609, Workers: 5
[261.420s][debug][gc,phases         ] GC(1466)       ResolvedMethodTable weak  Min:  0.0, Avg:  0.0, Max:  0.0, Diff:  0.0, Sum:  0.0, Workers: 5
[261.420s][debug][gc,phases         ] GC(1466)         Dead                      Min: 0, Avg:  0.0, Max: 0, Diff: 0, Sum: 0, Workers: 5
[261.420s][debug][gc,phases         ] GC(1466)         Total                     Min: 64, Avg: 114.8, Max: 128, Diff: 64, Sum: 574, Workers: 5
[261.420s][debug][gc,phases         ] GC(1466)     Merge Per-Thread State: 0.0ms
[261.420s][debug][gc,phases         ] GC(1466)       Copied Bytes              Min: 72, Avg: 250316.0, Max: 400312, Diff: 400240, Sum: 2002528, Workers: 8
[261.420s][debug][gc,phases         ] GC(1466)       LAB Waste                 Min: 0, Avg:  0.0, Max: 0, Diff: 0, Sum: 0, Workers: 8
[261.420s][debug][gc,phases         ] GC(1466)       LAB Undo Waste            Min: 0, Avg:  0.0, Max: 0, Diff: 0, Sum: 0, Workers: 8
[261.420s][debug][gc,phases         ] GC(1466)     Code Roots Purge: 0.0ms
[261.420s][debug][gc,phases         ] GC(1466)     Redirty Cards: 0.0ms
[261.420s][debug][gc,phases         ] GC(1466)     DerivedPointerTable Update: 0.0ms
[261.420s][debug][gc,phases         ] GC(1466)     Free Collection Set: 0.2ms
[261.420s][debug][gc,phases         ] GC(1466)     Rebuild Free List: 0.1ms
[261.420s][debug][gc,phases         ] GC(1466)     Humongous Reclaim: 0.0ms
[261.420s][debug][gc,phases         ] GC(1466)     Start New Collection Set: 0.0ms
[261.420s][debug][gc,phases         ] GC(1466)     Resize TLABs: 0.0ms
[261.420s][debug][gc,phases         ] GC(1466)     Expand Heap After Collection: 0.0ms
[261.420s][info ][gc,phases         ] GC(1466)   Other: 0.4ms
[261.420s][info ][gc,heap           ] GC(1466) Eden regions: 867->0(868)
[261.420s][info ][gc,heap           ] GC(1466) Survivor regions: 4->3(109)
[261.420s][info ][gc,heap           ] GC(1466) Old regions: 18->18
[261.420s][info ][gc,heap           ] GC(1466) Archive regions: 2->2
[261.420s][info ][gc,heap           ] GC(1466) Humongous regions: 0->0
[261.420s][info ][gc,metaspace      ] GC(1466) Metaspace: 10458K(11136K)->10458K(11136K) NonClass: 9309K(9728K)->9309K(9728K) Class: 1149K(1408K)->1149K(1408K)
[261.420s][debug][gc,heap           ] GC(1466) Heap after GC invocations=1467 (full 1): garbage-first heap   total 1486848K, used 20802K [0x0000000700000000, 0x0000000800000000)
[261.420s][debug][gc,heap           ] GC(1466)   region size 1024K, 3 young (3072K), 3 survivors (3072K)
[261.420s][debug][gc,heap           ] GC(1466)  Metaspace       used 10458K, capacity 10758K, committed 11136K, reserved 1058816K
[261.420s][debug][gc,heap           ] GC(1466)   class space    used 1149K, capacity 1267K, committed 1408K, reserved 1048576K
[261.420s][info ][gc                ] GC(1466) Pause Young (Normal) (G1 Evacuation Pause) 888M->20M(1452M) 2.271ms
[261.420s][info ][gc,cpu            ] GC(1466) User=0.01s Sys=0.00s Real=0.00s
[261.420s][info ][safepoint         ] Safepoint "G1CollectForAllocation", Time since last: 43437118 ns, Reaching safepoint: 97054 ns, At safepoint: 2455759 ns, Total: 2552813 ns
[261.467s][debug][gc,heap           ] GC(1467) Heap before GC invocations=1467 (full 1): garbage-first heap   total 1486848K, used 908610K [0x0000000700000000, 0x0000000800000000)
[261.467s][debug][gc,heap           ] GC(1467)   region size 1024K, 871 young (891904K), 3 survivors (3072K)
[261.467s][debug][gc,heap           ] GC(1467)  Metaspace       used 10458K, capacity 10758K, committed 11136K, reserved 1058816K
[261.467s][debug][gc,heap           ] GC(1467)   class space    used 1149K, capacity 1267K, committed 1408K, reserved 1048576K
[261.467s][info ][gc,start          ] GC(1467) Pause Young (Normal) (G1 Evacuation Pause)
[261.467s][info ][gc,task           ] GC(1467) Using 8 workers of 8 for evacuation
[261.467s][debug][gc,tlab           ] GC(1467) TLAB totals: thrds: 8  refills: 11 max: 2 slow allocs: 1727 max 257 waste: 27.4% gc: 975944B max: 195472B slow: 41656B max: 14304B fast: 0B max: 0B
[261.467s][debug][gc,age            ] GC(1467) Desired survivor size 57147392 bytes, new threshold 15 (max threshold 15)
[261.467s][debug][gc,alloc,region   ] GC(1467) Mutator Allocation stats, regions: 868, wasted size: 203M (23.4%)
[261.468s][debug][gc,ergo           ] GC(1467) Running G1 Merge Heap Roots using 8 workers for 871 regions
[261.468s][debug][gc,remset         ] GC(1467) Visited cards 512 Total dirty 4096 (12.50%) Total old 3608576 (0.01%)
[261.468s][debug][gc,ergo           ] GC(1467) Running G1 Clear Card Table Task using 2 workers for 2 units of work for 873 regions.
[261.468s][debug][gc,ref            ] GC(1467) Skipped phase1 of Reference Processing due to unavailable references
[261.468s][debug][gc,ref            ] GC(1467) Skipped phase2 of Reference Processing due to unavailable references
[261.468s][debug][gc,ref            ] GC(1467) Skipped phase3 of Reference Processing due to unavailable references
[261.468s][debug][gc,ref            ] GC(1467) Skipped phase4 of Reference Processing due to unavailable references
[261.469s][debug][gc,ergo           ] GC(1467) Running G1 Free Collection Set using 8 workers for collection set length 871 (1452)
[261.469s][debug][gc,ergo           ] GC(1467) Running G1 Rebuild Free List Task using 8 workers for rebuilding free list of 0 (4096) regions
[261.469s][trace][gc,age            ] GC(1467) Age table with threshold 15 (max threshold 15)
[261.469s][trace][gc,age            ] GC(1467) - age   1:    2802544 bytes,    2802544 total
[261.469s][debug][gc,plab           ] GC(1467) Young PLAB allocation: allocated: 16512B, wasted: 0B, unused: 14064B, used: 2448B, undo waste: 0B, 
[261.469s][debug][gc,plab           ] GC(1467) Young other allocation: region end waste: 733256B, regions filled: 4, direct allocated: 2800096B, failure used: 0B, failure wasted: 0B
[261.469s][debug][gc,plab           ] GC(1467) Young sizing: calculated: 0B, actual: 2064B
[261.469s][debug][gc,plab           ] GC(1467) Old PLAB allocation: allocated: 0B, wasted: 0B, unused: 0B, used: 0B, undo waste: 0B, 
[261.469s][debug][gc,plab           ] GC(1467) Old other allocation: region end waste: 0B, regions filled: 1, direct allocated: 0B, failure used: 0B, failure wasted: 0B
[261.469s][debug][gc,plab           ] GC(1467) Old sizing: calculated: 0B, actual: 2064B
[261.469s][debug][gc,ihop           ] GC(1467) Basic information (value update), threshold: 685139558B (45.00), target occupancy: 1522532352B, current occupancy: 22354088B, recent allocation size: 0B, recent allocation duration: 48.37ms, recent old gen allocation rate: 0.00B/s, recent marking phase length: 38.29ms
[261.469s][debug][gc,ihop           ] GC(1467) Adaptive IHOP information (value update), threshold: 685139558B (47.37), internal target occupancy: 1446405734B, occupancy: 22354088B, additional buffer size: 913309696B, predicted old gen allocation rate: 2.25B/s, predicted marking phase length: 76.58ms, prediction active: false
[261.469s][debug][gc,ergo,refine    ] GC(1467) Concurrent refinement times: Logged Cards Scan time goal: 20.00ms Logged Cards Scan time: 0.00ms HCC time: 0.00ms
[261.469s][debug][gc,ergo,refine    ] GC(1467) Updated Refinement Zones: green: 2048, yellow: 6144, red: 10240
[261.469s][info ][gc,phases         ] GC(1467)   Pre Evacuate Collection Set: 0.1ms
[261.469s][debug][gc,phases         ] GC(1467)     Prepare TLABs: 0.0ms
[261.469s][debug][gc,phases         ] GC(1467)     Choose Collection Set: 0.0ms
[261.469s][debug][gc,phases         ] GC(1467)     Region Register: 0.1ms
[261.469s][debug][gc,phases         ] GC(1467)     Prepare Heap Roots: 0.0ms
[261.469s][info ][gc,phases         ] GC(1467)   Merge Heap Roots: 0.2ms
[261.469s][debug][gc,phases         ] GC(1467)     Prepare Merge Heap Roots: 0.0ms
[261.469s][debug][gc,phases         ] GC(1467)     Eager Reclaim (ms):       skipped
[261.469s][debug][gc,phases         ] GC(1467)     Remembered Sets (ms):     Min:  0.0, Avg:  0.0, Max:  0.1, Diff:  0.0, Sum:  0.4, Workers: 8
[261.469s][debug][gc,phases         ] GC(1467)       Merged Sparse:            Min: 0, Avg:  0.0, Max: 0, Diff: 0, Sum: 0, Workers: 8
[261.469s][debug][gc,phases         ] GC(1467)       Merged Fine:              Min: 0, Avg:  0.0, Max: 0, Diff: 0, Sum: 0, Workers: 8
[261.469s][debug][gc,phases         ] GC(1467)       Merged Coarse:            Min: 0, Avg:  0.0, Max: 0, Diff: 0, Sum: 0, Workers: 8
[261.469s][debug][gc,phases         ] GC(1467)       Dirty Cards:              Min: 0, Avg:  0.0, Max: 0, Diff: 0, Sum: 0, Workers: 8
[261.469s][debug][gc,phases         ] GC(1467)     Hot Card Cache (ms):      Min:  0.0, Avg:  0.0, Max:  0.0, Diff:  0.0, Sum:  0.0, Workers: 8
[261.469s][debug][gc,phases         ] GC(1467)       Dirty Cards:              Min: 0, Avg:  0.0, Max: 0, Diff: 0, Sum: 0, Workers: 8
[261.469s][debug][gc,phases         ] GC(1467)       Skipped Cards:            Min: 0, Avg:  0.0, Max: 0, Diff: 0, Sum: 0, Workers: 8
[261.469s][debug][gc,phases         ] GC(1467)     Log Buffers (ms):         Min:  0.0, Avg:  0.0, Max:  0.0, Diff:  0.0, Sum:  0.0, Workers: 8
[261.469s][debug][gc,phases         ] GC(1467)       Dirty Cards:              Min: 0, Avg:  0.2, Max: 1, Diff: 1, Sum: 2, Workers: 8
[261.469s][debug][gc,phases         ] GC(1467)       Skipped Cards:            Min: 0, Avg:  0.0, Max: 0, Diff: 0, Sum: 0, Workers: 8
[261.469s][info ][gc,phases         ] GC(1467)   Evacuate Collection Set: 0.4ms
[261.469s][debug][gc,phases         ] GC(1467)     Ext Root Scanning (ms):   Min:  0.0, Avg:  0.2, Max:  0.3, Diff:  0.2, Sum:  1.2, Workers: 8
[261.469s][debug][gc,phases         ] GC(1467)     Scan Heap Roots (ms):     Min:  0.0, Avg:  0.0, Max:  0.0, Diff:  0.0, Sum:  0.0, Workers: 8
[261.469s][debug][gc,phases         ] GC(1467)       Scanned Cards:            Min: 0, Avg:  0.2, Max: 1, Diff: 1, Sum: 2, Workers: 8
[261.469s][debug][gc,phases         ] GC(1467)       Scanned Blocks:           Min: 0, Avg:  0.2, Max: 1, Diff: 1, Sum: 2, Workers: 8
[261.469s][debug][gc,phases         ] GC(1467)       Claimed Chunks:           Min: 0, Avg:  0.2, Max: 1, Diff: 1, Sum: 2, Workers: 8
[261.469s][debug][gc,phases         ] GC(1467)     Code Root Scan (ms):      Min:  0.0, Avg:  0.0, Max:  0.1, Diff:  0.1, Sum:  0.1, Workers: 8
[261.469s][debug][gc,phases         ] GC(1467)     Object Copy (ms):         Min:  0.0, Avg:  0.0, Max:  0.0, Diff:  0.0, Sum:  0.0, Workers: 8
[261.469s][debug][gc,phases         ] GC(1467)     Termination (ms):         Min:  0.1, Avg:  0.1, Max:  0.2, Diff:  0.1, Sum:  0.9, Workers: 8
[261.469s][debug][gc,phases         ] GC(1467)       Termination Attempts:     Min: 1, Avg:  1.5, Max: 3, Diff: 2, Sum: 12, Workers: 8
[261.469s][debug][gc,phases         ] GC(1467)     GC Worker Other (ms):     Min:  0.0, Avg:  0.0, Max:  0.1, Diff:  0.0, Sum:  0.3, Workers: 8
[261.469s][debug][gc,phases         ] GC(1467)     GC Worker Total (ms):     Min:  0.3, Avg:  0.3, Max:  0.3, Diff:  0.1, Sum:  2.6, Workers: 8
[261.469s][info ][gc,phases         ] GC(1467)   Post Evacuate Collection Set: 0.7ms
[261.469s][debug][gc,phases         ] GC(1467)     Code Roots Fixup: 0.0ms
[261.469s][debug][gc,phases         ] GC(1467)     Clear Card Table: 0.2ms
[261.469s][debug][gc,phases         ] GC(1467)     Reference Processing: 0.0ms
[261.469s][debug][gc,phases,ref     ] GC(1467)       Reconsider SoftReferences: 0.0ms
[261.469s][debug][gc,phases,ref     ] GC(1467)         SoftRef (ms):             skipped
[261.469s][debug][gc,phases,ref     ] GC(1467)       Notify Soft/WeakReferences: 0.0ms
[261.469s][debug][gc,phases,ref     ] GC(1467)         SoftRef (ms):             skipped
[261.469s][debug][gc,phases,ref     ] GC(1467)         WeakRef (ms):             skipped
[261.469s][debug][gc,phases,ref     ] GC(1467)         FinalRef (ms):            skipped
[261.469s][debug][gc,phases,ref     ] GC(1467)         Total (ms):               skipped
[261.469s][debug][gc,phases,ref     ] GC(1467)       Notify and keep alive finalizable: 0.0ms
[261.469s][debug][gc,phases,ref     ] GC(1467)         FinalRef (ms):            skipped
[261.469s][debug][gc,phases,ref     ] GC(1467)       Notify PhantomReferences: 0.0ms
[261.469s][debug][gc,phases,ref     ] GC(1467)         PhantomRef (ms):          skipped
[261.470s][debug][gc,phases,ref     ] GC(1467)       SoftReference:
[261.470s][debug][gc,phases,ref     ] GC(1467)         Discovered: 0
[261.470s][debug][gc,phases,ref     ] GC(1467)         Cleared: 0
[261.470s][debug][gc,phases,ref     ] GC(1467)       WeakReference:
[261.470s][debug][gc,phases,ref     ] GC(1467)         Discovered: 0
[261.470s][debug][gc,phases,ref     ] GC(1467)         Cleared: 0
[261.470s][debug][gc,phases,ref     ] GC(1467)       FinalReference:
[261.470s][debug][gc,phases,ref     ] GC(1467)         Discovered: 0
[261.470s][debug][gc,phases,ref     ] GC(1467)         Cleared: 0
[261.470s][debug][gc,phases,ref     ] GC(1467)       PhantomReference:
[261.470s][debug][gc,phases,ref     ] GC(1467)         Discovered: 0
[261.470s][debug][gc,phases,ref     ] GC(1467)         Cleared: 0
[261.470s][debug][gc,phases         ] GC(1467)     Weak Processing: 0.0ms
[261.470s][debug][gc,phases         ] GC(1467)       JVMTI weak processing: 0.0ms
[261.470s][debug][gc,phases         ] GC(1467)         Dead: 0
[261.470s][debug][gc,phases         ] GC(1467)         Total: 0
[261.470s][debug][gc,phases         ] GC(1467)       JFR weak processing: 0.0ms
[261.470s][debug][gc,phases         ] GC(1467)         Dead: 0
[261.470s][debug][gc,phases         ] GC(1467)         Total: 0
[261.470s][debug][gc,phases         ] GC(1467)       JNI weak                  Min:  0.0, Avg:  0.0, Max:  0.0, Diff:  0.0, Sum:  0.0, Workers: 5
[261.470s][debug][gc,phases         ] GC(1467)         Dead                      Min: 0, Avg:  0.0, Max: 0, Diff: 0, Sum: 0, Workers: 5
[261.470s][debug][gc,phases         ] GC(1467)         Total                     Min: 0, Avg: 21.8, Max: 64, Diff: 64, Sum: 109, Workers: 5
[261.470s][debug][gc,phases         ] GC(1467)       VM weak                   Min:  0.0, Avg:  0.0, Max:  0.0, Diff:  0.0, Sum:  0.0, Workers: 5
[261.470s][debug][gc,phases         ] GC(1467)         Dead                      Min: 0, Avg:  0.0, Max: 0, Diff: 0, Sum: 0, Workers: 5
[261.470s][debug][gc,phases         ] GC(1467)         Total                     Min: 0, Avg: 42.6, Max: 85, Diff: 85, Sum: 213, Workers: 5
[261.470s][debug][gc,phases         ] GC(1467)       StringTable weak          Min:  0.0, Avg:  0.0, Max:  0.0, Diff:  0.0, Sum:  0.1, Workers: 5
[261.470s][debug][gc,phases         ] GC(1467)         Dead                      Min: 0, Avg:  0.0, Max: 0, Diff: 0, Sum: 0, Workers: 5
[261.470s][debug][gc,phases         ] GC(1467)         Total                     Min: 576, Avg: 721.8, Max: 986, Diff: 410, Sum: 3609, Workers: 5
[261.470s][debug][gc,phases         ] GC(1467)       ResolvedMethodTable weak  Min:  0.0, Avg:  0.0, Max:  0.0, Diff:  0.0, Sum:  0.0, Workers: 5
[261.470s][debug][gc,phases         ] GC(1467)         Dead                      Min: 0, Avg:  0.0, Max: 0, Diff: 0, Sum: 0, Workers: 5
[261.470s][debug][gc,phases         ] GC(1467)         Total                     Min: 64, Avg: 114.8, Max: 128, Diff: 64, Sum: 574, Workers: 5
[261.470s][debug][gc,phases         ] GC(1467)     Merge Per-Thread State: 0.1ms
[261.470s][debug][gc,phases         ] GC(1467)       Copied Bytes              Min: 520, Avg: 350318.0, Max: 800096, Diff: 799576, Sum: 2802544, Workers: 8
[261.470s][debug][gc,phases         ] GC(1467)       LAB Waste                 Min: 0, Avg:  0.0, Max: 0, Diff: 0, Sum: 0, Workers: 8
[261.470s][debug][gc,phases         ] GC(1467)       LAB Undo Waste            Min: 0, Avg:  0.0, Max: 0, Diff: 0, Sum: 0, Workers: 8
[261.470s][debug][gc,phases         ] GC(1467)     Code Roots Purge: 0.0ms
[261.470s][debug][gc,phases         ] GC(1467)     Redirty Cards: 0.1ms
[261.470s][debug][gc,phases         ] GC(1467)     DerivedPointerTable Update: 0.0ms
[261.470s][debug][gc,phases         ] GC(1467)     Free Collection Set: 0.2ms
[261.470s][debug][gc,phases         ] GC(1467)     Rebuild Free List: 0.1ms
[261.470s][debug][gc,phases         ] GC(1467)     Humongous Reclaim: 0.0ms
[261.470s][debug][gc,phases         ] GC(1467)     Start New Collection Set: 0.0ms
[261.470s][debug][gc,phases         ] GC(1467)     Resize TLABs: 0.0ms
[261.470s][debug][gc,phases         ] GC(1467)     Expand Heap After Collection: 0.0ms
[261.470s][info ][gc,phases         ] GC(1467)   Other: 0.3ms
[261.470s][info ][gc,heap           ] GC(1467) Eden regions: 868->0(867)
[261.470s][info ][gc,heap           ] GC(1467) Survivor regions: 3->4(109)
[261.470s][info ][gc,heap           ] GC(1467) Old regions: 18->18
[261.470s][info ][gc,heap           ] GC(1467) Archive regions: 2->2
[261.470s][info ][gc,heap           ] GC(1467) Humongous regions: 0->0
[261.470s][info ][gc,metaspace      ] GC(1467) Metaspace: 10458K(11136K)->10458K(11136K) NonClass: 9309K(9728K)->9309K(9728K) Class: 1149K(1408K)->1149K(1408K)
[261.470s][debug][gc,heap           ] GC(1467) Heap after GC invocations=1468 (full 1): garbage-first heap   total 1486848K, used 21830K [0x0000000700000000, 0x0000000800000000)
[261.470s][debug][gc,heap           ] GC(1467)   region size 1024K, 4 young (4096K), 4 survivors (4096K)
[261.470s][debug][gc,heap           ] GC(1467)  Metaspace       used 10458K, capacity 10758K, committed 11136K, reserved 1058816K
[261.470s][debug][gc,heap           ] GC(1467)   class space    used 1149K, capacity 1267K, committed 1408K, reserved 1048576K
[261.470s][info ][gc                ] GC(1467) Pause Young (Normal) (G1 Evacuation Pause) 888M->21M(1452M) 2.713ms
[261.470s][info ][gc,cpu            ] GC(1467) User=0.01s Sys=0.00s Real=0.00s
[261.470s][info ][safepoint         ] Safepoint "G1CollectForAllocation", Time since last: 47208019 ns, Reaching safepoint: 177680 ns, At safepoint: 2907605 ns, Total: 3085285 ns
[261.514s][debug][gc,heap           ] GC(1468) Heap before GC invocations=1468 (full 1): garbage-first heap   total 1486848K, used 908614K [0x0000000700000000, 0x0000000800000000)
[261.514s][debug][gc,heap           ] GC(1468)   region size 1024K, 871 young (891904K), 4 survivors (4096K)
[261.514s][debug][gc,heap           ] GC(1468)  Metaspace       used 10458K, capacity 10758K, committed 11136K, reserved 1058816K
[261.514s][debug][gc,heap           ] GC(1468)   class space    used 1149K, capacity 1267K, committed 1408K, reserved 1048576K
[261.514s][info ][gc,start          ] GC(1468) Pause Young (Normal) (G1 Evacuation Pause)
[261.514s][info ][gc,task           ] GC(1468) Using 8 workers of 8 for evacuation
[261.514s][debug][gc,tlab           ] GC(1468) TLAB totals: thrds: 8  refills: 12 max: 2 slow allocs: 1728 max 229 waste: 24.7% gc: 961312B max: 227920B slow: 55960B max: 14304B fast: 0B max: 0B
[261.514s][debug][gc,age            ] GC(1468) Desired survivor size 57147392 bytes, new threshold 15 (max threshold 15)
[261.514s][debug][gc,alloc,region   ] GC(1468) Mutator Allocation stats, regions: 867, wasted size: 203M (23.4%)
[261.514s][debug][gc,ergo           ] GC(1468) Running G1 Merge Heap Roots using 8 workers for 871 regions
[261.514s][debug][gc,remset         ] GC(1468) Visited cards 256 Total dirty 2048 (12.50%) Total old 3608576 (0.01%)
[261.515s][debug][gc,ergo           ] GC(1468) Running G1 Clear Card Table Task using 2 workers for 2 units of work for 872 regions.
[261.515s][debug][gc,ref            ] GC(1468) Skipped phase1 of Reference Processing due to unavailable references
[261.515s][debug][gc,ref            ] GC(1468) Skipped phase2 of Reference Processing due to unavailable references
[261.515s][debug][gc,ref            ] GC(1468) Skipped phase3 of Reference Processing due to unavailable references
[261.515s][debug][gc,ref            ] GC(1468) Skipped phase4 of Reference Processing due to unavailable references
[261.515s][debug][gc,ergo           ] GC(1468) Running G1 Free Collection Set using 8 workers for collection set length 871 (1452)
[261.516s][debug][gc,ergo           ] GC(1468) Running G1 Rebuild Free List Task using 8 workers for rebuilding free list of 0 (4096) regions
[261.516s][trace][gc,age            ] GC(1468) Age table with threshold 15 (max threshold 15)
[261.516s][trace][gc,age            ] GC(1468) - age   1:    3602576 bytes,    3602576 total
[261.516s][debug][gc,plab           ] GC(1468) Young PLAB allocation: allocated: 16512B, wasted: 0B, unused: 14064B, used: 2448B, undo waste: 0B, 
[261.516s][debug][gc,plab           ] GC(1468) Young other allocation: region end waste: 979736B, regions filled: 5, direct allocated: 3600128B, failure used: 0B, failure wasted: 0B
[261.516s][debug][gc,plab           ] GC(1468) Young sizing: calculated: 0B, actual: 2064B
[261.516s][debug][gc,plab           ] GC(1468) Old PLAB allocation: allocated: 0B, wasted: 0B, unused: 0B, used: 0B, undo waste: 0B, 
[261.516s][debug][gc,plab           ] GC(1468) Old other allocation: region end waste: 0B, regions filled: 1, direct allocated: 0B, failure used: 0B, failure wasted: 0B
[261.516s][debug][gc,plab           ] GC(1468) Old sizing: calculated: 0B, actual: 2064B
[261.516s][debug][gc,ihop           ] GC(1468) Basic information (value update), threshold: 685139558B (45.00), target occupancy: 1522532352B, current occupancy: 23400600B, recent allocation size: 0B, recent allocation duration: 45.14ms, recent old gen allocation rate: 0.00B/s, recent marking phase length: 38.29ms
[261.516s][debug][gc,ihop           ] GC(1468) Adaptive IHOP information (value update), threshold: 685139558B (47.37), internal target occupancy: 1446405734B, occupancy: 23400600B, additional buffer size: 913309696B, predicted old gen allocation rate: 2.20B/s, predicted marking phase length: 76.58ms, prediction active: false
[261.516s][debug][gc,ergo,refine    ] GC(1468) Concurrent refinement times: Logged Cards Scan time goal: 20.00ms Logged Cards Scan time: 0.00ms HCC time: 0.00ms
[261.516s][debug][gc,ergo,refine    ] GC(1468) Updated Refinement Zones: green: 2048, yellow: 6144, red: 10240
[261.516s][info ][gc,phases         ] GC(1468)   Pre Evacuate Collection Set: 0.1ms
[261.516s][debug][gc,phases         ] GC(1468)     Prepare TLABs: 0.0ms
[261.516s][debug][gc,phases         ] GC(1468)     Choose Collection Set: 0.0ms
[261.516s][debug][gc,phases         ] GC(1468)     Region Register: 0.1ms
[261.516s][debug][gc,phases         ] GC(1468)     Prepare Heap Roots: 0.0ms
[261.516s][info ][gc,phases         ] GC(1468)   Merge Heap Roots: 0.2ms
[261.516s][debug][gc,phases         ] GC(1468)     Prepare Merge Heap Roots: 0.0ms
[261.516s][debug][gc,phases         ] GC(1468)     Eager Reclaim (ms):       skipped
[261.516s][debug][gc,phases         ] GC(1468)     Remembered Sets (ms):     Min:  0.0, Avg:  0.0, Max:  0.1, Diff:  0.0, Sum:  0.3, Workers: 8
[261.516s][debug][gc,phases         ] GC(1468)       Merged Sparse:            Min: 0, Avg:  0.0, Max: 0, Diff: 0, Sum: 0, Workers: 8
[261.516s][debug][gc,phases         ] GC(1468)       Merged Fine:              Min: 0, Avg:  0.0, Max: 0, Diff: 0, Sum: 0, Workers: 8
[261.516s][debug][gc,phases         ] GC(1468)       Merged Coarse:            Min: 0, Avg:  0.0, Max: 0, Diff: 0, Sum: 0, Workers: 8
[261.516s][debug][gc,phases         ] GC(1468)       Dirty Cards:              Min: 0, Avg:  0.0, Max: 0, Diff: 0, Sum: 0, Workers: 8
[261.516s][debug][gc,phases         ] GC(1468)     Hot Card Cache (ms):      Min:  0.0, Avg:  0.0, Max:  0.0, Diff:  0.0, Sum:  0.0, Workers: 8
[261.516s][debug][gc,phases         ] GC(1468)       Dirty Cards:              Min: 0, Avg:  0.0, Max: 0, Diff: 0, Sum: 0, Workers: 8
[261.516s][debug][gc,phases         ] GC(1468)       Skipped Cards:            Min: 0, Avg:  0.0, Max: 0, Diff: 0, Sum: 0, Workers: 8
[261.516s][debug][gc,phases         ] GC(1468)     Log Buffers (ms):         Min:  0.0, Avg:  0.0, Max:  0.0, Diff:  0.0, Sum:  0.0, Workers: 8
[261.516s][debug][gc,phases         ] GC(1468)       Dirty Cards:              Min: 0, Avg:  0.1, Max: 1, Diff: 1, Sum: 1, Workers: 8
[261.516s][debug][gc,phases         ] GC(1468)       Skipped Cards:            Min: 0, Avg:  0.0, Max: 0, Diff: 0, Sum: 0, Workers: 8
[261.516s][info ][gc,phases         ] GC(1468)   Evacuate Collection Set: 0.4ms
[261.516s][debug][gc,phases         ] GC(1468)     Ext Root Scanning (ms):   Min:  0.2, Avg:  0.3, Max:  0.3, Diff:  0.1, Sum:  2.0, Workers: 8
[261.516s][debug][gc,phases         ] GC(1468)     Scan Heap Roots (ms):     Min:  0.0, Avg:  0.0, Max:  0.0, Diff:  0.0, Sum:  0.0, Workers: 8
[261.516s][debug][gc,phases         ] GC(1468)       Scanned Cards:            Min: 0, Avg:  0.1, Max: 1, Diff: 1, Sum: 1, Workers: 8
[261.516s][debug][gc,phases         ] GC(1468)       Scanned Blocks:           Min: 0, Avg:  0.1, Max: 1, Diff: 1, Sum: 1, Workers: 8
[261.516s][debug][gc,phases         ] GC(1468)       Claimed Chunks:           Min: 0, Avg:  0.1, Max: 1, Diff: 1, Sum: 1, Workers: 8
[261.516s][debug][gc,phases         ] GC(1468)     Code Root Scan (ms):      Min:  0.0, Avg:  0.0, Max:  0.0, Diff:  0.0, Sum:  0.2, Workers: 8
[261.516s][debug][gc,phases         ] GC(1468)     Object Copy (ms):         Min:  0.0, Avg:  0.0, Max:  0.0, Diff:  0.0, Sum:  0.0, Workers: 8
[261.516s][debug][gc,phases         ] GC(1468)     Termination (ms):         Min:  0.0, Avg:  0.0, Max:  0.1, Diff:  0.0, Sum:  0.4, Workers: 8
[261.516s][debug][gc,phases         ] GC(1468)       Termination Attempts:     Min: 1, Avg:  1.0, Max: 1, Diff: 0, Sum: 8, Workers: 8
[261.516s][debug][gc,phases         ] GC(1468)     GC Worker Other (ms):     Min:  0.0, Avg:  0.0, Max:  0.1, Diff:  0.0, Sum:  0.4, Workers: 8
[261.516s][debug][gc,phases         ] GC(1468)     GC Worker Total (ms):     Min:  0.3, Avg:  0.4, Max:  0.4, Diff:  0.1, Sum:  3.0, Workers: 8
[261.516s][info ][gc,phases         ] GC(1468)   Post Evacuate Collection Set: 0.7ms
[261.516s][debug][gc,phases         ] GC(1468)     Code Roots Fixup: 0.0ms
[261.516s][debug][gc,phases         ] GC(1468)     Clear Card Table: 0.3ms
[261.516s][debug][gc,phases         ] GC(1468)     Reference Processing: 0.0ms
[261.516s][debug][gc,phases,ref     ] GC(1468)       Reconsider SoftReferences: 0.0ms
[261.516s][debug][gc,phases,ref     ] GC(1468)         SoftRef (ms):             skipped
[261.516s][debug][gc,phases,ref     ] GC(1468)       Notify Soft/WeakReferences: 0.0ms
[261.516s][debug][gc,phases,ref     ] GC(1468)         SoftRef (ms):             skipped
[261.516s][debug][gc,phases,ref     ] GC(1468)         WeakRef (ms):             skipped
[261.516s][debug][gc,phases,ref     ] GC(1468)         FinalRef (ms):            skipped
[261.516s][debug][gc,phases,ref     ] GC(1468)         Total (ms):               skipped
[261.516s][debug][gc,phases,ref     ] GC(1468)       Notify and keep alive finalizable: 0.0ms
[261.516s][debug][gc,phases,ref     ] GC(1468)         FinalRef (ms):            skipped
[261.516s][debug][gc,phases,ref     ] GC(1468)       Notify PhantomReferences: 0.0ms
[261.516s][debug][gc,phases,ref     ] GC(1468)         PhantomRef (ms):          skipped
[261.516s][debug][gc,phases,ref     ] GC(1468)       SoftReference:
[261.516s][debug][gc,phases,ref     ] GC(1468)         Discovered: 0
[261.516s][debug][gc,phases,ref     ] GC(1468)         Cleared: 0
[261.516s][debug][gc,phases,ref     ] GC(1468)       WeakReference:
[261.516s][debug][gc,phases,ref     ] GC(1468)         Discovered: 0
[261.516s][debug][gc,phases,ref     ] GC(1468)         Cleared: 0
[261.516s][debug][gc,phases,ref     ] GC(1468)       FinalReference:
[261.516s][debug][gc,phases,ref     ] GC(1468)         Discovered: 0
[261.516s][debug][gc,phases,ref     ] GC(1468)         Cleared: 0
[261.516s][debug][gc,phases,ref     ] GC(1468)       PhantomReference:
[261.516s][debug][gc,phases,ref     ] GC(1468)         Discovered: 0
[261.516s][debug][gc,phases,ref     ] GC(1468)         Cleared: 0
[261.516s][debug][gc,phases         ] GC(1468)     Weak Processing: 0.0ms
[261.516s][debug][gc,phases         ] GC(1468)       JVMTI weak processing: 0.0ms
[261.516s][debug][gc,phases         ] GC(1468)         Dead: 0
[261.516s][debug][gc,phases         ] GC(1468)         Total: 0
[261.516s][debug][gc,phases         ] GC(1468)       JFR weak processing: 0.0ms
[261.516s][debug][gc,phases         ] GC(1468)         Dead: 0
[261.516s][debug][gc,phases         ] GC(1468)         Total: 0
[261.516s][debug][gc,phases         ] GC(1468)       JNI weak                  Min:  0.0, Avg:  0.0, Max:  0.0, Diff:  0.0, Sum:  0.0, Workers: 5
[261.516s][debug][gc,phases         ] GC(1468)         Dead                      Min: 0, Avg:  0.0, Max: 0, Diff: 0, Sum: 0, Workers: 5
[261.516s][debug][gc,phases         ] GC(1468)         Total                     Min: 0, Avg: 21.8, Max: 64, Diff: 64, Sum: 109, Workers: 5
[261.516s][debug][gc,phases         ] GC(1468)       VM weak                   Min:  0.0, Avg:  0.0, Max:  0.0, Diff:  0.0, Sum:  0.0, Workers: 5
[261.516s][debug][gc,phases         ] GC(1468)         Dead                      Min: 0, Avg:  0.0, Max: 0, Diff: 0, Sum: 0, Workers: 5
[261.516s][debug][gc,phases         ] GC(1468)         Total                     Min: 0, Avg: 42.6, Max: 64, Diff: 64, Sum: 213, Workers: 5
[261.516s][debug][gc,phases         ] GC(1468)       StringTable weak          Min:  0.0, Avg:  0.0, Max:  0.0, Diff:  0.0, Sum:  0.1, Workers: 5
[261.516s][debug][gc,phases         ] GC(1468)         Dead                      Min: 0, Avg:  0.0, Max: 0, Diff: 0, Sum: 0, Workers: 5
[261.516s][debug][gc,phases         ] GC(1468)         Total                     Min: 639, Avg: 721.8, Max: 768, Diff: 129, Sum: 3609, Workers: 5
[261.516s][debug][gc,phases         ] GC(1468)       ResolvedMethodTable weak  Min:  0.0, Avg:  0.0, Max:  0.0, Diff:  0.0, Sum:  0.0, Workers: 5
[261.516s][debug][gc,phases         ] GC(1468)         Dead                      Min: 0, Avg:  0.0, Max: 0, Diff: 0, Sum: 0, Workers: 5
[261.516s][debug][gc,phases         ] GC(1468)         Total                     Min: 62, Avg: 114.8, Max: 128, Diff: 66, Sum: 574, Workers: 5
[261.516s][debug][gc,phases         ] GC(1468)     Merge Per-Thread State: 0.0ms
[261.516s][debug][gc,phases         ] GC(1468)       Copied Bytes              Min: 392, Avg: 450322.0, Max: 800096, Diff: 799704, Sum: 3602576, Workers: 8
[261.516s][debug][gc,phases         ] GC(1468)       LAB Waste                 Min: 0, Avg:  0.0, Max: 0, Diff: 0, Sum: 0, Workers: 8
[261.516s][debug][gc,phases         ] GC(1468)       LAB Undo Waste            Min: 0, Avg:  0.0, Max: 0, Diff: 0, Sum: 0, Workers: 8
[261.516s][debug][gc,phases         ] GC(1468)     Code Roots Purge: 0.0ms
[261.516s][debug][gc,phases         ] GC(1468)     Redirty Cards: 0.0ms
[261.516s][debug][gc,phases         ] GC(1468)     DerivedPointerTable Update: 0.0ms
[261.516s][debug][gc,phases         ] GC(1468)     Free Collection Set: 0.2ms
[261.516s][debug][gc,phases         ] GC(1468)     Rebuild Free List: 0.1ms
[261.516s][debug][gc,phases         ] GC(1468)     Humongous Reclaim: 0.0ms
[261.516s][debug][gc,phases         ] GC(1468)     Start New Collection Set: 0.0ms
[261.516s][debug][gc,phases         ] GC(1468)     Resize TLABs: 0.0ms
[261.516s][debug][gc,phases         ] GC(1468)     Expand Heap After Collection: 0.0ms
[261.516s][info ][gc,phases         ] GC(1468)   Other: 0.3ms
[261.516s][info ][gc,heap           ] GC(1468) Eden regions: 867->0(866)
[261.516s][info ][gc,heap           ] GC(1468) Survivor regions: 4->5(109)
[261.516s][info ][gc,heap           ] GC(1468) Old regions: 18->18
[261.516s][info ][gc,heap           ] GC(1468) Archive regions: 2->2
[261.516s][info ][gc,heap           ] GC(1468) Humongous regions: 0->0
[261.516s][info ][gc,metaspace      ] GC(1468) Metaspace: 10458K(11136K)->10458K(11136K) NonClass: 9309K(9728K)->9309K(9728K) Class: 1149K(1408K)->1149K(1408K)
[261.516s][debug][gc,heap           ] GC(1468) Heap after GC invocations=1469 (full 1): garbage-first heap   total 1486848K, used 22852K [0x0000000700000000, 0x0000000800000000)
[261.516s][debug][gc,heap           ] GC(1468)   region size 1024K, 5 young (5120K), 5 survivors (5120K)
[261.516s][debug][gc,heap           ] GC(1468)  Metaspace       used 10458K, capacity 10758K, committed 11136K, reserved 1058816K
[261.516s][debug][gc,heap           ] GC(1468)   class space    used 1149K, capacity 1267K, committed 1408K, reserved 1048576K
[261.516s][info ][gc                ] GC(1468) Pause Young (Normal) (G1 Evacuation Pause) 888M->22M(1452M) 2.373ms
[261.516s][info ][gc,cpu            ] GC(1468) User=0.01s Sys=0.00s Real=0.00s
[261.517s][info ][safepoint         ] Safepoint "G1CollectForAllocation", Time since last: 43504362 ns, Reaching safepoint: 218736 ns, At safepoint: 2677992 ns, Total: 2896728 ns
[261.561s][debug][gc,heap           ] GC(1469) Heap before GC invocations=1469 (full 1): garbage-first heap   total 1486848K, used 908612K [0x0000000700000000, 0x0000000800000000)
[261.561s][debug][gc,heap           ] GC(1469)   region size 1024K, 871 young (891904K), 5 survivors (5120K)
[261.561s][debug][gc,heap           ] GC(1469)  Metaspace       used 10458K, capacity 10758K, committed 11136K, reserved 1058816K
[261.561s][debug][gc,heap           ] GC(1469)   class space    used 1149K, capacity 1267K, committed 1408K, reserved 1048576K
[261.561s][info ][gc,start          ] GC(1469) Pause Young (Normal) (G1 Evacuation Pause)
[261.561s][info ][gc,task           ] GC(1469) Using 8 workers of 8 for evacuation
[261.561s][debug][gc,tlab           ] GC(1469) TLAB totals: thrds: 8  refills: 14 max: 2 slow allocs: 1724 max 251 waste: 20.4% gc: 839968B max: 127216B slow: 57928B max: 14304B fast: 0B max: 0B
[261.561s][debug][gc,age            ] GC(1469) Desired survivor size 57147392 bytes, new threshold 15 (max threshold 15)
[261.561s][debug][gc,alloc,region   ] GC(1469) Mutator Allocation stats, regions: 866, wasted size: 203M (23.5%)
[261.561s][debug][gc,ergo           ] GC(1469) Running G1 Merge Heap Roots using 8 workers for 871 regions
[261.561s][debug][gc,remset         ] GC(1469) Visited cards 512 Total dirty 4096 (12.50%) Total old 3608576 (0.01%)
[261.562s][debug][gc,ergo           ] GC(1469) Running G1 Clear Card Table Task using 2 workers for 2 units of work for 873 regions.
[261.562s][debug][gc,ref            ] GC(1469) Skipped phase1 of Reference Processing due to unavailable references
[261.562s][debug][gc,ref            ] GC(1469) Skipped phase2 of Reference Processing due to unavailable references
[261.562s][debug][gc,ref            ] GC(1469) Skipped phase3 of Reference Processing due to unavailable references
[261.562s][debug][gc,ref            ] GC(1469) Skipped phase4 of Reference Processing due to unavailable references
[261.562s][debug][gc,ergo           ] GC(1469) Running G1 Free Collection Set using 8 workers for collection set length 871 (1452)
[261.562s][debug][gc,ergo           ] GC(1469) Running G1 Rebuild Free List Task using 8 workers for rebuilding free list of 0 (4096) regions
[261.562s][trace][gc,age            ] GC(1469) Age table with threshold 15 (max threshold 15)
[261.562s][trace][gc,age            ] GC(1469) - age   1:    3602568 bytes,    3602568 total
[261.562s][debug][gc,plab           ] GC(1469) Young PLAB allocation: allocated: 16512B, wasted: 0B, unused: 14064B, used: 2448B, undo waste: 0B, 
[261.562s][debug][gc,plab           ] GC(1469) Young other allocation: region end waste: 983872B, regions filled: 5, direct allocated: 3600120B, failure used: 0B, failure wasted: 0B
[261.562s][debug][gc,plab           ] GC(1469) Young sizing: calculated: 0B, actual: 2064B
[261.562s][debug][gc,plab           ] GC(1469) Old PLAB allocation: allocated: 0B, wasted: 0B, unused: 0B, used: 0B, undo waste: 0B, 
[261.562s][debug][gc,plab           ] GC(1469) Old other allocation: region end waste: 0B, regions filled: 1, direct allocated: 0B, failure used: 0B, failure wasted: 0B
[261.562s][debug][gc,plab           ] GC(1469) Old sizing: calculated: 0B, actual: 2064B
[261.562s][debug][gc,ihop           ] GC(1469) Basic information (value update), threshold: 685139558B (45.00), target occupancy: 1522532352B, current occupancy: 23404728B, recent allocation size: 0B, recent allocation duration: 45.07ms, recent old gen allocation rate: 0.00B/s, recent marking phase length: 38.29ms
[261.562s][debug][gc,ihop           ] GC(1469) Adaptive IHOP information (value update), threshold: 685139558B (47.37), internal target occupancy: 1446405734B, occupancy: 23404728B, additional buffer size: 913309696B, predicted old gen allocation rate: 2.14B/s, predicted marking phase length: 76.58ms, prediction active: false
[261.562s][debug][gc,ergo,refine    ] GC(1469) Concurrent refinement times: Logged Cards Scan time goal: 20.00ms Logged Cards Scan time: 0.00ms HCC time: 0.00ms
[261.562s][debug][gc,ergo,refine    ] GC(1469) Updated Refinement Zones: green: 2048, yellow: 6144, red: 10240
[261.562s][info ][gc,phases         ] GC(1469)   Pre Evacuate Collection Set: 0.1ms
[261.562s][debug][gc,phases         ] GC(1469)     Prepare TLABs: 0.0ms
[261.562s][debug][gc,phases         ] GC(1469)     Choose Collection Set: 0.0ms
[261.562s][debug][gc,phases         ] GC(1469)     Region Register: 0.1ms
[261.562s][debug][gc,phases         ] GC(1469)     Prepare Heap Roots: 0.0ms
[261.562s][info ][gc,phases         ] GC(1469)   Merge Heap Roots: 0.1ms
[261.562s][debug][gc,phases         ] GC(1469)     Prepare Merge Heap Roots: 0.0ms
[261.562s][debug][gc,phases         ] GC(1469)     Eager Reclaim (ms):       skipped
[261.562s][debug][gc,phases         ] GC(1469)     Remembered Sets (ms):     Min:  0.0, Avg:  0.0, Max:  0.1, Diff:  0.0, Sum:  0.2, Workers: 8
[261.562s][debug][gc,phases         ] GC(1469)       Merged Sparse:            Min: 0, Avg:  0.0, Max: 0, Diff: 0, Sum: 0, Workers: 8
[261.562s][debug][gc,phases         ] GC(1469)       Merged Fine:              Min: 0, Avg:  0.0, Max: 0, Diff: 0, Sum: 0, Workers: 8
[261.562s][debug][gc,phases         ] GC(1469)       Merged Coarse:            Min: 0, Avg:  0.0, Max: 0, Diff: 0, Sum: 0, Workers: 8
[261.562s][debug][gc,phases         ] GC(1469)       Dirty Cards:              Min: 0, Avg:  0.0, Max: 0, Diff: 0, Sum: 0, Workers: 8
[261.562s][debug][gc,phases         ] GC(1469)     Hot Card Cache (ms):      Min:  0.0, Avg:  0.0, Max:  0.0, Diff:  0.0, Sum:  0.0, Workers: 8
[261.562s][debug][gc,phases         ] GC(1469)       Dirty Cards:              Min: 0, Avg:  0.0, Max: 0, Diff: 0, Sum: 0, Workers: 8
[261.562s][debug][gc,phases         ] GC(1469)       Skipped Cards:            Min: 0, Avg:  0.0, Max: 0, Diff: 0, Sum: 0, Workers: 8
[261.562s][debug][gc,phases         ] GC(1469)     Log Buffers (ms):         Min:  0.0, Avg:  0.0, Max:  0.0, Diff:  0.0, Sum:  0.0, Workers: 8
[261.562s][debug][gc,phases         ] GC(1469)       Dirty Cards:              Min: 0, Avg:  0.2, Max: 1, Diff: 1, Sum: 2, Workers: 8
[261.562s][debug][gc,phases         ] GC(1469)       Skipped Cards:            Min: 0, Avg:  0.0, Max: 0, Diff: 0, Sum: 0, Workers: 8
[261.562s][info ][gc,phases         ] GC(1469)   Evacuate Collection Set: 0.4ms
[261.562s][debug][gc,phases         ] GC(1469)     Ext Root Scanning (ms):   Min:  0.1, Avg:  0.2, Max:  0.3, Diff:  0.3, Sum:  1.8, Workers: 8
[261.562s][debug][gc,phases         ] GC(1469)     Scan Heap Roots (ms):     Min:  0.0, Avg:  0.0, Max:  0.0, Diff:  0.0, Sum:  0.0, Workers: 8
[261.562s][debug][gc,phases         ] GC(1469)       Scanned Cards:            Min: 0, Avg:  0.2, Max: 2, Diff: 2, Sum: 2, Workers: 8
[261.562s][debug][gc,phases         ] GC(1469)       Scanned Blocks:           Min: 0, Avg:  0.2, Max: 2, Diff: 2, Sum: 2, Workers: 8
[261.562s][debug][gc,phases         ] GC(1469)       Claimed Chunks:           Min: 0, Avg:  0.2, Max: 2, Diff: 2, Sum: 2, Workers: 8
[261.562s][debug][gc,phases         ] GC(1469)     Code Root Scan (ms):      Min:  0.0, Avg:  0.0, Max:  0.0, Diff:  0.0, Sum:  0.1, Workers: 8
[261.562s][debug][gc,phases         ] GC(1469)     Object Copy (ms):         Min:  0.0, Avg:  0.0, Max:  0.0, Diff:  0.0, Sum:  0.0, Workers: 8
[261.562s][debug][gc,phases         ] GC(1469)     Termination (ms):         Min:  0.0, Avg:  0.1, Max:  0.1, Diff:  0.1, Sum:  0.8, Workers: 8
[261.562s][debug][gc,phases         ] GC(1469)       Termination Attempts:     Min: 1, Avg:  1.0, Max: 1, Diff: 0, Sum: 8, Workers: 8
[261.562s][debug][gc,phases         ] GC(1469)     GC Worker Other (ms):     Min:  0.0, Avg:  0.0, Max:  0.1, Diff:  0.1, Sum:  0.4, Workers: 8
[261.562s][debug][gc,phases         ] GC(1469)     GC Worker Total (ms):     Min:  0.4, Avg:  0.4, Max:  0.4, Diff:  0.0, Sum:  3.2, Workers: 8
[261.562s][info ][gc,phases         ] GC(1469)   Post Evacuate Collection Set: 0.6ms
[261.562s][debug][gc,phases         ] GC(1469)     Code Roots Fixup: 0.0ms
[261.562s][debug][gc,phases         ] GC(1469)     Clear Card Table: 0.2ms
[261.562s][debug][gc,phases         ] GC(1469)     Reference Processing: 0.0ms
[261.562s][debug][gc,phases,ref     ] GC(1469)       Reconsider SoftReferences: 0.0ms
[261.562s][debug][gc,phases,ref     ] GC(1469)         SoftRef (ms):             skipped
[261.562s][debug][gc,phases,ref     ] GC(1469)       Notify Soft/WeakReferences: 0.0ms
[261.563s][debug][gc,phases,ref     ] GC(1469)         SoftRef (ms):             skipped
[261.563s][debug][gc,phases,ref     ] GC(1469)         WeakRef (ms):             skipped
[261.563s][debug][gc,phases,ref     ] GC(1469)         FinalRef (ms):            skipped
[261.563s][debug][gc,phases,ref     ] GC(1469)         Total (ms):               skipped
[261.563s][debug][gc,phases,ref     ] GC(1469)       Notify and keep alive finalizable: 0.0ms
[261.563s][debug][gc,phases,ref     ] GC(1469)         FinalRef (ms):            skipped
[261.563s][debug][gc,phases,ref     ] GC(1469)       Notify PhantomReferences: 0.0ms
[261.563s][debug][gc,phases,ref     ] GC(1469)         PhantomRef (ms):          skipped
[261.563s][debug][gc,phases,ref     ] GC(1469)       SoftReference:
[261.563s][debug][gc,phases,ref     ] GC(1469)         Discovered: 0
[261.563s][debug][gc,phases,ref     ] GC(1469)         Cleared: 0
[261.563s][debug][gc,phases,ref     ] GC(1469)       WeakReference:
[261.563s][debug][gc,phases,ref     ] GC(1469)         Discovered: 0
[261.563s][debug][gc,phases,ref     ] GC(1469)         Cleared: 0
[261.563s][debug][gc,phases,ref     ] GC(1469)       FinalReference:
[261.563s][debug][gc,phases,ref     ] GC(1469)         Discovered: 0
[261.563s][debug][gc,phases,ref     ] GC(1469)         Cleared: 0
[261.563s][debug][gc,phases,ref     ] GC(1469)       PhantomReference:
[261.563s][debug][gc,phases,ref     ] GC(1469)         Discovered: 0
[261.563s][debug][gc,phases,ref     ] GC(1469)         Cleared: 0
[261.563s][debug][gc,phases         ] GC(1469)     Weak Processing: 0.1ms
[261.563s][debug][gc,phases         ] GC(1469)       JVMTI weak processing: 0.0ms
[261.563s][debug][gc,phases         ] GC(1469)         Dead: 0
[261.563s][debug][gc,phases         ] GC(1469)         Total: 0
[261.563s][debug][gc,phases         ] GC(1469)       JFR weak processing: 0.0ms
[261.563s][debug][gc,phases         ] GC(1469)         Dead: 0
[261.563s][debug][gc,phases         ] GC(1469)         Total: 0
[261.563s][debug][gc,phases         ] GC(1469)       JNI weak                  Min:  0.0, Avg:  0.0, Max:  0.0, Diff:  0.0, Sum:  0.0, Workers: 5
[261.563s][debug][gc,phases         ] GC(1469)         Dead                      Min: 0, Avg:  0.0, Max: 0, Diff: 0, Sum: 0, Workers: 5
[261.563s][debug][gc,phases         ] GC(1469)         Total                     Min: 0, Avg: 21.8, Max: 64, Diff: 64, Sum: 109, Workers: 5
[261.563s][debug][gc,phases         ] GC(1469)       VM weak                   Min:  0.0, Avg:  0.0, Max:  0.0, Diff:  0.0, Sum:  0.0, Workers: 5
[261.563s][debug][gc,phases         ] GC(1469)         Dead                      Min: 0, Avg:  0.0, Max: 0, Diff: 0, Sum: 0, Workers: 5
[261.563s][debug][gc,phases         ] GC(1469)         Total                     Min: 0, Avg: 42.6, Max: 128, Diff: 128, Sum: 213, Workers: 5
[261.563s][debug][gc,phases         ] GC(1469)       StringTable weak          Min:  0.0, Avg:  0.0, Max:  0.0, Diff:  0.0, Sum:  0.1, Workers: 5
[261.563s][debug][gc,phases         ] GC(1469)         Dead                      Min: 0, Avg:  0.0, Max: 0, Diff: 0, Sum: 0, Workers: 5
[261.563s][debug][gc,phases         ] GC(1469)         Total                     Min: 0, Avg: 721.8, Max: 1818, Diff: 1818, Sum: 3609, Workers: 5
[261.563s][debug][gc,phases         ] GC(1469)       ResolvedMethodTable weak  Min:  0.0, Avg:  0.0, Max:  0.0, Diff:  0.0, Sum:  0.0, Workers: 5
[261.563s][debug][gc,phases         ] GC(1469)         Dead                      Min: 0, Avg:  0.0, Max: 0, Diff: 0, Sum: 0, Workers: 5
[261.563s][debug][gc,phases         ] GC(1469)         Total                     Min: 0, Avg: 114.8, Max: 190, Diff: 190, Sum: 574, Workers: 5
[261.563s][debug][gc,phases         ] GC(1469)     Merge Per-Thread State: 0.0ms
[261.563s][debug][gc,phases         ] GC(1469)       Copied Bytes              Min: 152, Avg: 450321.0, Max: 800544, Diff: 800392, Sum: 3602568, Workers: 8
[261.563s][debug][gc,phases         ] GC(1469)       LAB Waste                 Min: 0, Avg:  0.0, Max: 0, Diff: 0, Sum: 0, Workers: 8
[261.563s][debug][gc,phases         ] GC(1469)       LAB Undo Waste            Min: 0, Avg:  0.0, Max: 0, Diff: 0, Sum: 0, Workers: 8
[261.563s][debug][gc,phases         ] GC(1469)     Code Roots Purge: 0.0ms
[261.563s][debug][gc,phases         ] GC(1469)     Redirty Cards: 0.0ms
[261.563s][debug][gc,phases         ] GC(1469)     DerivedPointerTable Update: 0.0ms
[261.563s][debug][gc,phases         ] GC(1469)     Free Collection Set: 0.2ms
[261.563s][debug][gc,phases         ] GC(1469)     Rebuild Free List: 0.1ms
[261.563s][debug][gc,phases         ] GC(1469)     Humongous Reclaim: 0.0ms
[261.563s][debug][gc,phases         ] GC(1469)     Start New Collection Set: 0.0ms
[261.563s][debug][gc,phases         ] GC(1469)     Resize TLABs: 0.0ms
[261.563s][debug][gc,phases         ] GC(1469)     Expand Heap After Collection: 0.0ms
[261.563s][info ][gc,phases         ] GC(1469)   Other: 0.3ms
[261.563s][info ][gc,heap           ] GC(1469) Eden regions: 866->0(866)
[261.563s][info ][gc,heap           ] GC(1469) Survivor regions: 5->5(109)
[261.563s][info ][gc,heap           ] GC(1469) Old regions: 18->18
[261.563s][info ][gc,heap           ] GC(1469) Archive regions: 2->2
[261.563s][info ][gc,heap           ] GC(1469) Humongous regions: 0->0
[261.563s][info ][gc,metaspace      ] GC(1469) Metaspace: 10458K(11136K)->10458K(11136K) NonClass: 9309K(9728K)->9309K(9728K) Class: 1149K(1408K)->1149K(1408K)
[261.563s][debug][gc,heap           ] GC(1469) Heap after GC invocations=1470 (full 1): garbage-first heap   total 1486848K, used 22856K [0x0000000700000000, 0x0000000800000000)
[261.563s][debug][gc,heap           ] GC(1469)   region size 1024K, 5 young (5120K), 5 survivors (5120K)
[261.563s][debug][gc,heap           ] GC(1469)  Metaspace       used 10458K, capacity 10758K, committed 11136K, reserved 1058816K
[261.563s][debug][gc,heap           ] GC(1469)   class space    used 1149K, capacity 1267K, committed 1408K, reserved 1048576K
[261.563s][info ][gc                ] GC(1469) Pause Young (Normal) (G1 Evacuation Pause) 888M->22M(1452M) 2.188ms
[261.563s][info ][gc,cpu            ] GC(1469) User=0.00s Sys=0.00s Real=0.00s
[261.563s][info ][safepoint         ] Safepoint "G1CollectForAllocation", Time since last: 43782670 ns, Reaching safepoint: 194786 ns, At safepoint: 2355027 ns, Total: 2549813 ns
[261.607s][debug][gc,heap           ] GC(1470) Heap before GC invocations=1470 (full 1): garbage-first heap   total 1486848K, used 908616K [0x0000000700000000, 0x0000000800000000)
[261.607s][debug][gc,heap           ] GC(1470)   region size 1024K, 871 young (891904K), 5 survivors (5120K)
[261.607s][debug][gc,heap           ] GC(1470)  Metaspace       used 10458K, capacity 10758K, committed 11136K, reserved 1058816K
[261.607s][debug][gc,heap           ] GC(1470)   class space    used 1149K, capacity 1267K, committed 1408K, reserved 1048576K
[261.607s][info ][gc,start          ] GC(1470) Pause Young (Normal) (G1 Evacuation Pause)
[261.607s][info ][gc,task           ] GC(1470) Using 8 workers of 8 for evacuation
[261.607s][debug][gc,tlab           ] GC(1470) TLAB totals: thrds: 8  refills: 14 max: 3 slow allocs: 1725 max 231 waste: 29.8% gc: 1086440B max: 222880B slow: 57952B max: 15488B fast: 0B max: 0B
[261.607s][debug][gc,age            ] GC(1470) Desired survivor size 57147392 bytes, new threshold 15 (max threshold 15)
[261.607s][debug][gc,alloc,region   ] GC(1470) Mutator Allocation stats, regions: 866, wasted size: 202M (23.4%)
[261.608s][debug][gc,ergo           ] GC(1470) Running G1 Merge Heap Roots using 8 workers for 871 regions
[261.608s][debug][gc,remset         ] GC(1470) Visited cards 256 Total dirty 2048 (12.50%) Total old 3608576 (0.01%)
[261.608s][debug][gc,ergo           ] GC(1470) Running G1 Clear Card Table Task using 2 workers for 2 units of work for 872 regions.
[261.608s][debug][gc,ref            ] GC(1470) Skipped phase1 of Reference Processing due to unavailable references
[261.608s][debug][gc,ref            ] GC(1470) Skipped phase2 of Reference Processing due to unavailable references
[261.608s][debug][gc,ref            ] GC(1470) Skipped phase3 of Reference Processing due to unavailable references
[261.608s][debug][gc,ref            ] GC(1470) Skipped phase4 of Reference Processing due to unavailable references
[261.608s][debug][gc,ergo           ] GC(1470) Running G1 Free Collection Set using 8 workers for collection set length 871 (1452)
[261.609s][debug][gc,ergo           ] GC(1470) Running G1 Rebuild Free List Task using 8 workers for rebuilding free list of 0 (4096) regions
[261.609s][trace][gc,age            ] GC(1470) Age table with threshold 15 (max threshold 15)
[261.609s][trace][gc,age            ] GC(1470) - age   1:    2802464 bytes,    2802464 total
[261.609s][debug][gc,plab           ] GC(1470) Young PLAB allocation: allocated: 16512B, wasted: 0B, unused: 14144B, used: 2368B, undo waste: 0B, 
[261.609s][debug][gc,plab           ] GC(1470) Young other allocation: region end waste: 731192B, regions filled: 4, direct allocated: 2800096B, failure used: 0B, failure wasted: 0B
[261.609s][debug][gc,plab           ] GC(1470) Young sizing: calculated: 0B, actual: 2064B
[261.609s][debug][gc,plab           ] GC(1470) Old PLAB allocation: allocated: 0B, wasted: 0B, unused: 0B, used: 0B, undo waste: 0B, 
[261.609s][debug][gc,plab           ] GC(1470) Old other allocation: region end waste: 0B, regions filled: 1, direct allocated: 0B, failure used: 0B, failure wasted: 0B
[261.609s][debug][gc,plab           ] GC(1470) Old sizing: calculated: 0B, actual: 2064B
[261.609s][debug][gc,ihop           ] GC(1470) Basic information (value update), threshold: 685139558B (45.00), target occupancy: 1522532352B, current occupancy: 22352024B, recent allocation size: 0B, recent allocation duration: 45.12ms, recent old gen allocation rate: 0.00B/s, recent marking phase length: 38.29ms
[261.609s][debug][gc,ihop           ] GC(1470) Adaptive IHOP information (value update), threshold: 685139558B (47.37), internal target occupancy: 1446405734B, occupancy: 22352024B, additional buffer size: 913309696B, predicted old gen allocation rate: 2.09B/s, predicted marking phase length: 76.58ms, prediction active: false
[261.609s][debug][gc,ergo,refine    ] GC(1470) Concurrent refinement times: Logged Cards Scan time goal: 20.00ms Logged Cards Scan time: 0.00ms HCC time: 0.00ms
[261.609s][debug][gc,ergo,refine    ] GC(1470) Updated Refinement Zones: green: 2048, yellow: 6144, red: 10240
[261.609s][info ][gc,phases         ] GC(1470)   Pre Evacuate Collection Set: 0.1ms
[261.609s][debug][gc,phases         ] GC(1470)     Prepare TLABs: 0.0ms
[261.609s][debug][gc,phases         ] GC(1470)     Choose Collection Set: 0.0ms
[261.609s][debug][gc,phases         ] GC(1470)     Region Register: 0.1ms
[261.609s][debug][gc,phases         ] GC(1470)     Prepare Heap Roots: 0.0ms
[261.609s][info ][gc,phases         ] GC(1470)   Merge Heap Roots: 0.2ms
[261.609s][debug][gc,phases         ] GC(1470)     Prepare Merge Heap Roots: 0.0ms
[261.609s][debug][gc,phases         ] GC(1470)     Eager Reclaim (ms):       skipped
[261.609s][debug][gc,phases         ] GC(1470)     Remembered Sets (ms):     Min:  0.0, Avg:  0.0, Max:  0.1, Diff:  0.0, Sum:  0.4, Workers: 8
[261.609s][debug][gc,phases         ] GC(1470)       Merged Sparse:            Min: 0, Avg:  0.0, Max: 0, Diff: 0, Sum: 0, Workers: 8
[261.609s][debug][gc,phases         ] GC(1470)       Merged Fine:              Min: 0, Avg:  0.0, Max: 0, Diff: 0, Sum: 0, Workers: 8
[261.609s][debug][gc,phases         ] GC(1470)       Merged Coarse:            Min: 0, Avg:  0.0, Max: 0, Diff: 0, Sum: 0, Workers: 8
[261.609s][debug][gc,phases         ] GC(1470)       Dirty Cards:              Min: 0, Avg:  0.0, Max: 0, Diff: 0, Sum: 0, Workers: 8
[261.609s][debug][gc,phases         ] GC(1470)     Hot Card Cache (ms):      Min:  0.0, Avg:  0.0, Max:  0.0, Diff:  0.0, Sum:  0.0, Workers: 8
[261.609s][debug][gc,phases         ] GC(1470)       Dirty Cards:              Min: 0, Avg:  0.0, Max: 0, Diff: 0, Sum: 0, Workers: 8
[261.609s][debug][gc,phases         ] GC(1470)       Skipped Cards:            Min: 0, Avg:  0.0, Max: 0, Diff: 0, Sum: 0, Workers: 8
[261.609s][debug][gc,phases         ] GC(1470)     Log Buffers (ms):         Min:  0.0, Avg:  0.0, Max:  0.0, Diff:  0.0, Sum:  0.0, Workers: 8
[261.609s][debug][gc,phases         ] GC(1470)       Dirty Cards:              Min: 0, Avg:  0.1, Max: 1, Diff: 1, Sum: 1, Workers: 8
[261.609s][debug][gc,phases         ] GC(1470)       Skipped Cards:            Min: 0, Avg:  0.0, Max: 0, Diff: 0, Sum: 0, Workers: 8
[261.609s][info ][gc,phases         ] GC(1470)   Evacuate Collection Set: 0.4ms
[261.609s][debug][gc,phases         ] GC(1470)     Ext Root Scanning (ms):   Min:  0.1, Avg:  0.1, Max:  0.3, Diff:  0.2, Sum:  1.1, Workers: 8
[261.609s][debug][gc,phases         ] GC(1470)     Scan Heap Roots (ms):     Min:  0.0, Avg:  0.0, Max:  0.0, Diff:  0.0, Sum:  0.0, Workers: 8
[261.609s][debug][gc,phases         ] GC(1470)       Scanned Cards:            Min: 0, Avg:  0.1, Max: 1, Diff: 1, Sum: 1, Workers: 8
[261.609s][debug][gc,phases         ] GC(1470)       Scanned Blocks:           Min: 0, Avg:  0.1, Max: 1, Diff: 1, Sum: 1, Workers: 8
[261.609s][debug][gc,phases         ] GC(1470)       Claimed Chunks:           Min: 0, Avg:  0.1, Max: 1, Diff: 1, Sum: 1, Workers: 8
[261.609s][debug][gc,phases         ] GC(1470)     Code Root Scan (ms):      Min:  0.0, Avg:  0.0, Max:  0.1, Diff:  0.1, Sum:  0.1, Workers: 8
[261.609s][debug][gc,phases         ] GC(1470)     Object Copy (ms):         Min:  0.0, Avg:  0.0, Max:  0.0, Diff:  0.0, Sum:  0.0, Workers: 8
[261.609s][debug][gc,phases         ] GC(1470)     Termination (ms):         Min:  0.0, Avg:  0.1, Max:  0.1, Diff:  0.1, Sum:  0.7, Workers: 8
[261.609s][debug][gc,phases         ] GC(1470)       Termination Attempts:     Min: 1, Avg:  1.0, Max: 1, Diff: 0, Sum: 8, Workers: 8
[261.609s][debug][gc,phases         ] GC(1470)     GC Worker Other (ms):     Min:  0.0, Avg:  0.0, Max:  0.1, Diff:  0.1, Sum:  0.4, Workers: 8
[261.609s][debug][gc,phases         ] GC(1470)     GC Worker Total (ms):     Min:  0.3, Avg:  0.3, Max:  0.4, Diff:  0.1, Sum:  2.4, Workers: 8
[261.609s][info ][gc,phases         ] GC(1470)   Post Evacuate Collection Set: 0.7ms
[261.609s][debug][gc,phases         ] GC(1470)     Code Roots Fixup: 0.0ms
[261.609s][debug][gc,phases         ] GC(1470)     Clear Card Table: 0.2ms
[261.609s][debug][gc,phases         ] GC(1470)     Reference Processing: 0.1ms
[261.609s][debug][gc,phases,ref     ] GC(1470)       Reconsider SoftReferences: 0.0ms
[261.609s][debug][gc,phases,ref     ] GC(1470)         SoftRef (ms):             skipped
[261.609s][debug][gc,phases,ref     ] GC(1470)       Notify Soft/WeakReferences: 0.0ms
[261.609s][debug][gc,phases,ref     ] GC(1470)         SoftRef (ms):             skipped
[261.609s][debug][gc,phases,ref     ] GC(1470)         WeakRef (ms):             skipped
[261.609s][debug][gc,phases,ref     ] GC(1470)         FinalRef (ms):            skipped
[261.609s][debug][gc,phases,ref     ] GC(1470)         Total (ms):               skipped
[261.609s][debug][gc,phases,ref     ] GC(1470)       Notify and keep alive finalizable: 0.0ms
[261.609s][debug][gc,phases,ref     ] GC(1470)         FinalRef (ms):            skipped
[261.609s][debug][gc,phases,ref     ] GC(1470)       Notify PhantomReferences: 0.0ms
[261.609s][debug][gc,phases,ref     ] GC(1470)         PhantomRef (ms):          skipped
[261.609s][debug][gc,phases,ref     ] GC(1470)       SoftReference:
[261.609s][debug][gc,phases,ref     ] GC(1470)         Discovered: 0
[261.609s][debug][gc,phases,ref     ] GC(1470)         Cleared: 0
[261.609s][debug][gc,phases,ref     ] GC(1470)       WeakReference:
[261.609s][debug][gc,phases,ref     ] GC(1470)         Discovered: 0
[261.609s][debug][gc,phases,ref     ] GC(1470)         Cleared: 0
[261.609s][debug][gc,phases,ref     ] GC(1470)       FinalReference:
[261.609s][debug][gc,phases,ref     ] GC(1470)         Discovered: 0
[261.609s][debug][gc,phases,ref     ] GC(1470)         Cleared: 0
[261.609s][debug][gc,phases,ref     ] GC(1470)       PhantomReference:
[261.609s][debug][gc,phases,ref     ] GC(1470)         Discovered: 0
[261.609s][debug][gc,phases,ref     ] GC(1470)         Cleared: 0
[261.609s][debug][gc,phases         ] GC(1470)     Weak Processing: 0.1ms
[261.609s][debug][gc,phases         ] GC(1470)       JVMTI weak processing: 0.0ms
[261.609s][debug][gc,phases         ] GC(1470)         Dead: 0
[261.609s][debug][gc,phases         ] GC(1470)         Total: 0
[261.609s][debug][gc,phases         ] GC(1470)       JFR weak processing: 0.0ms
[261.609s][debug][gc,phases         ] GC(1470)         Dead: 0
[261.609s][debug][gc,phases         ] GC(1470)         Total: 0
[261.609s][debug][gc,phases         ] GC(1470)       JNI weak                  Min:  0.0, Avg:  0.0, Max:  0.0, Diff:  0.0, Sum:  0.0, Workers: 5
[261.609s][debug][gc,phases         ] GC(1470)         Dead                      Min: 0, Avg:  0.0, Max: 0, Diff: 0, Sum: 0, Workers: 5
[261.609s][debug][gc,phases         ] GC(1470)         Total                     Min: 0, Avg: 21.8, Max: 64, Diff: 64, Sum: 109, Workers: 5
[261.609s][debug][gc,phases         ] GC(1470)       VM weak                   Min:  0.0, Avg:  0.0, Max:  0.0, Diff:  0.0, Sum:  0.0, Workers: 5
[261.609s][debug][gc,phases         ] GC(1470)         Dead                      Min: 0, Avg:  0.0, Max: 0, Diff: 0, Sum: 0, Workers: 5
[261.609s][debug][gc,phases         ] GC(1470)         Total                     Min: 0, Avg: 42.6, Max: 128, Diff: 128, Sum: 213, Workers: 5
[261.609s][debug][gc,phases         ] GC(1470)       StringTable weak          Min:  0.0, Avg:  0.0, Max:  0.0, Diff:  0.0, Sum:  0.1, Workers: 5
[261.609s][debug][gc,phases         ] GC(1470)         Dead                      Min: 0, Avg:  0.0, Max: 0, Diff: 0, Sum: 0, Workers: 5
[261.609s][debug][gc,phases         ] GC(1470)         Total                     Min: 0, Avg: 721.8, Max: 1792, Diff: 1792, Sum: 3609, Workers: 5
[261.609s][debug][gc,phases         ] GC(1470)       ResolvedMethodTable weak  Min:  0.0, Avg:  0.0, Max:  0.0, Diff:  0.0, Sum:  0.0, Workers: 5
[261.609s][debug][gc,phases         ] GC(1470)         Dead                      Min: 0, Avg:  0.0, Max: 0, Diff: 0, Sum: 0, Workers: 5
[261.609s][debug][gc,phases         ] GC(1470)         Total                     Min: 0, Avg: 114.8, Max: 190, Diff: 190, Sum: 574, Workers: 5
[261.609s][debug][gc,phases         ] GC(1470)     Merge Per-Thread State: 0.0ms
[261.609s][debug][gc,phases         ] GC(1470)       Copied Bytes              Min: 56, Avg: 350308.0, Max: 800320, Diff: 800264, Sum: 2802464, Workers: 8
[261.609s][debug][gc,phases         ] GC(1470)       LAB Waste                 Min: 0, Avg:  0.0, Max: 0, Diff: 0, Sum: 0, Workers: 8
[261.609s][debug][gc,phases         ] GC(1470)       LAB Undo Waste            Min: 0, Avg:  0.0, Max: 0, Diff: 0, Sum: 0, Workers: 8
[261.609s][debug][gc,phases         ] GC(1470)     Code Roots Purge: 0.0ms
[261.609s][debug][gc,phases         ] GC(1470)     Redirty Cards: 0.0ms
[261.609s][debug][gc,phases         ] GC(1470)     DerivedPointerTable Update: 0.0ms
[261.609s][debug][gc,phases         ] GC(1470)     Free Collection Set: 0.2ms
[261.609s][debug][gc,phases         ] GC(1470)     Rebuild Free List: 0.1ms
[261.609s][debug][gc,phases         ] GC(1470)     Humongous Reclaim: 0.0ms
[261.609s][debug][gc,phases         ] GC(1470)     Start New Collection Set: 0.0ms
[261.609s][debug][gc,phases         ] GC(1470)     Resize TLABs: 0.0ms
[261.609s][debug][gc,phases         ] GC(1470)     Expand Heap After Collection: 0.0ms
[261.609s][info ][gc,phases         ] GC(1470)   Other: 0.3ms
[261.609s][info ][gc,heap           ] GC(1470) Eden regions: 866->0(867)
[261.609s][info ][gc,heap           ] GC(1470) Survivor regions: 5->4(109)
[261.609s][info ][gc,heap           ] GC(1470) Old regions: 18->18
[261.610s][info ][gc,heap           ] GC(1470) Archive regions: 2->2
[261.610s][info ][gc,heap           ] GC(1470) Humongous regions: 0->0
[261.610s][info ][gc,metaspace      ] GC(1470) Metaspace: 10458K(11136K)->10458K(11136K) NonClass: 9309K(9728K)->9309K(9728K) Class: 1149K(1408K)->1149K(1408K)
[261.610s][debug][gc,heap           ] GC(1470) Heap after GC invocations=1471 (full 1): garbage-first heap   total 1486848K, used 21828K [0x0000000700000000, 0x0000000800000000)
[261.610s][debug][gc,heap           ] GC(1470)   region size 1024K, 4 young (4096K), 4 survivors (4096K)
[261.610s][debug][gc,heap           ] GC(1470)  Metaspace       used 10458K, capacity 10758K, committed 11136K, reserved 1058816K
[261.610s][debug][gc,heap           ] GC(1470)   class space    used 1149K, capacity 1267K, committed 1408K, reserved 1048576K
[261.610s][info ][gc                ] GC(1470) Pause Young (Normal) (G1 Evacuation Pause) 888M->21M(1452M) 2.271ms
[261.610s][info ][gc,cpu            ] GC(1470) User=0.00s Sys=0.00s Real=0.00s
[261.610s][info ][safepoint         ] Safepoint "G1CollectForAllocation", Time since last: 44015006 ns, Reaching safepoint: 195288 ns, At safepoint: 2440819 ns, Total: 2636107 ns
[261.653s][debug][gc,heap           ] GC(1471) Heap before GC invocations=1471 (full 1): garbage-first heap   total 1486848K, used 908612K [0x0000000700000000, 0x0000000800000000)
[261.653s][debug][gc,heap           ] GC(1471)   region size 1024K, 871 young (891904K), 4 survivors (4096K)
[261.653s][debug][gc,heap           ] GC(1471)  Metaspace       used 10458K, capacity 10758K, committed 11136K, reserved 1058816K
[261.653s][debug][gc,heap           ] GC(1471)   class space    used 1149K, capacity 1267K, committed 1408K, reserved 1048576K
[261.653s][info ][gc,start          ] GC(1471) Pause Young (Normal) (G1 Evacuation Pause)
[261.653s][info ][gc,task           ] GC(1471) Using 8 workers of 8 for evacuation
[261.653s][debug][gc,tlab           ] GC(1471) TLAB totals: thrds: 8  refills: 14 max: 3 slow allocs: 1726 max 262 waste: 31.0% gc: 1318112B max: 240976B slow: 70672B max: 15096B fast: 0B max: 0B
[261.653s][debug][gc,age            ] GC(1471) Desired survivor size 57147392 bytes, new threshold 15 (max threshold 15)
[261.653s][debug][gc,alloc,region   ] GC(1471) Mutator Allocation stats, regions: 867, wasted size: 202M (23.4%)
[261.653s][debug][gc,ergo           ] GC(1471) Running G1 Merge Heap Roots using 8 workers for 871 regions
[261.653s][debug][gc,remset         ] GC(1471) Visited cards 512 Total dirty 4096 (12.50%) Total old 3608576 (0.01%)
[261.653s][debug][gc,ergo           ] GC(1471) Running G1 Clear Card Table Task using 2 workers for 2 units of work for 873 regions.
[261.654s][debug][gc,ref            ] GC(1471) Skipped phase1 of Reference Processing due to unavailable references
[261.654s][debug][gc,ref            ] GC(1471) Skipped phase2 of Reference Processing due to unavailable references
[261.654s][debug][gc,ref            ] GC(1471) Skipped phase3 of Reference Processing due to unavailable references
[261.654s][debug][gc,ref            ] GC(1471) Skipped phase4 of Reference Processing due to unavailable references
[261.654s][debug][gc,ergo           ] GC(1471) Running G1 Free Collection Set using 8 workers for collection set length 871 (1452)
[261.654s][debug][gc,ergo           ] GC(1471) Running G1 Rebuild Free List Task using 8 workers for rebuilding free list of 0 (4096) regions
[261.654s][trace][gc,age            ] GC(1471) Age table with threshold 15 (max threshold 15)
[261.654s][trace][gc,age            ] GC(1471) - age   1:    2802544 bytes,    2802544 total
[261.654s][debug][gc,plab           ] GC(1471) Young PLAB allocation: allocated: 16512B, wasted: 0B, unused: 14064B, used: 2448B, undo waste: 0B, 
[261.654s][debug][gc,plab           ] GC(1471) Young other allocation: region end waste: 733256B, regions filled: 4, direct allocated: 2800096B, failure used: 0B, failure wasted: 0B
[261.654s][debug][gc,plab           ] GC(1471) Young sizing: calculated: 0B, actual: 2064B
[261.654s][debug][gc,plab           ] GC(1471) Old PLAB allocation: allocated: 0B, wasted: 0B, unused: 0B, used: 0B, undo waste: 0B, 
[261.654s][debug][gc,plab           ] GC(1471) Old other allocation: region end waste: 0B, regions filled: 1, direct allocated: 0B, failure used: 0B, failure wasted: 0B
[261.654s][debug][gc,plab           ] GC(1471) Old sizing: calculated: 0B, actual: 2064B
[261.654s][debug][gc,ihop           ] GC(1471) Basic information (value update), threshold: 685139558B (45.00), target occupancy: 1522532352B, current occupancy: 22354088B, recent allocation size: 0B, recent allocation duration: 43.88ms, recent old gen allocation rate: 0.00B/s, recent marking phase length: 38.29ms
[261.654s][debug][gc,ihop           ] GC(1471) Adaptive IHOP information (value update), threshold: 685139558B (47.37), internal target occupancy: 1446405734B, occupancy: 22354088B, additional buffer size: 913309696B, predicted old gen allocation rate: 2.03B/s, predicted marking phase length: 76.58ms, prediction active: false
[261.654s][debug][gc,ergo,refine    ] GC(1471) Concurrent refinement times: Logged Cards Scan time goal: 20.00ms Logged Cards Scan time: 0.00ms HCC time: 0.00ms
[261.654s][debug][gc,ergo,refine    ] GC(1471) Updated Refinement Zones: green: 2048, yellow: 6144, red: 10240
[261.654s][info ][gc,phases         ] GC(1471)   Pre Evacuate Collection Set: 0.1ms
[261.654s][debug][gc,phases         ] GC(1471)     Prepare TLABs: 0.0ms
[261.654s][debug][gc,phases         ] GC(1471)     Choose Collection Set: 0.0ms
[261.654s][debug][gc,phases         ] GC(1471)     Region Register: 0.1ms
[261.654s][debug][gc,phases         ] GC(1471)     Prepare Heap Roots: 0.0ms
[261.654s][info ][gc,phases         ] GC(1471)   Merge Heap Roots: 0.1ms
[261.654s][debug][gc,phases         ] GC(1471)     Prepare Merge Heap Roots: 0.0ms
[261.654s][debug][gc,phases         ] GC(1471)     Eager Reclaim (ms):       skipped
[261.654s][debug][gc,phases         ] GC(1471)     Remembered Sets (ms):     Min:  0.0, Avg:  0.0, Max:  0.0, Diff:  0.0, Sum:  0.2, Workers: 8
[261.654s][debug][gc,phases         ] GC(1471)       Merged Sparse:            Min: 0, Avg:  0.0, Max: 0, Diff: 0, Sum: 0, Workers: 8
[261.654s][debug][gc,phases         ] GC(1471)       Merged Fine:              Min: 0, Avg:  0.0, Max: 0, Diff: 0, Sum: 0, Workers: 8
[261.654s][debug][gc,phases         ] GC(1471)       Merged Coarse:            Min: 0, Avg:  0.0, Max: 0, Diff: 0, Sum: 0, Workers: 8
[261.654s][debug][gc,phases         ] GC(1471)       Dirty Cards:              Min: 0, Avg:  0.0, Max: 0, Diff: 0, Sum: 0, Workers: 8
[261.654s][debug][gc,phases         ] GC(1471)     Hot Card Cache (ms):      Min:  0.0, Avg:  0.0, Max:  0.0, Diff:  0.0, Sum:  0.0, Workers: 8
[261.654s][debug][gc,phases         ] GC(1471)       Dirty Cards:              Min: 0, Avg:  0.0, Max: 0, Diff: 0, Sum: 0, Workers: 8
[261.654s][debug][gc,phases         ] GC(1471)       Skipped Cards:            Min: 0, Avg:  0.0, Max: 0, Diff: 0, Sum: 0, Workers: 8
[261.654s][debug][gc,phases         ] GC(1471)     Log Buffers (ms):         Min:  0.0, Avg:  0.0, Max:  0.0, Diff:  0.0, Sum:  0.0, Workers: 8
[261.654s][debug][gc,phases         ] GC(1471)       Dirty Cards:              Min: 0, Avg:  0.2, Max: 1, Diff: 1, Sum: 2, Workers: 8
[261.654s][debug][gc,phases         ] GC(1471)       Skipped Cards:            Min: 0, Avg:  0.0, Max: 0, Diff: 0, Sum: 0, Workers: 8
[261.654s][info ][gc,phases         ] GC(1471)   Evacuate Collection Set: 0.3ms
[261.654s][debug][gc,phases         ] GC(1471)     Ext Root Scanning (ms):   Min:  0.0, Avg:  0.1, Max:  0.2, Diff:  0.2, Sum:  1.1, Workers: 8
[261.654s][debug][gc,phases         ] GC(1471)     Scan Heap Roots (ms):     Min:  0.0, Avg:  0.0, Max:  0.0, Diff:  0.0, Sum:  0.0, Workers: 8
[261.654s][debug][gc,phases         ] GC(1471)       Scanned Cards:            Min: 0, Avg:  0.2, Max: 1, Diff: 1, Sum: 2, Workers: 8
[261.654s][debug][gc,phases         ] GC(1471)       Scanned Blocks:           Min: 0, Avg:  0.2, Max: 1, Diff: 1, Sum: 2, Workers: 8
[261.654s][debug][gc,phases         ] GC(1471)       Claimed Chunks:           Min: 0, Avg:  0.2, Max: 1, Diff: 1, Sum: 2, Workers: 8
[261.654s][debug][gc,phases         ] GC(1471)     Code Root Scan (ms):      Min:  0.0, Avg:  0.0, Max:  0.0, Diff:  0.0, Sum:  0.1, Workers: 8
[261.654s][debug][gc,phases         ] GC(1471)     Object Copy (ms):         Min:  0.0, Avg:  0.0, Max:  0.0, Diff:  0.0, Sum:  0.0, Workers: 8
[261.654s][debug][gc,phases         ] GC(1471)     Termination (ms):         Min:  0.0, Avg:  0.1, Max:  0.1, Diff:  0.1, Sum:  0.7, Workers: 8
[261.654s][debug][gc,phases         ] GC(1471)       Termination Attempts:     Min: 1, Avg:  1.4, Max: 3, Diff: 2, Sum: 11, Workers: 8
[261.654s][debug][gc,phases         ] GC(1471)     GC Worker Other (ms):     Min:  0.0, Avg:  0.0, Max:  0.1, Diff:  0.1, Sum:  0.3, Workers: 8
[261.654s][debug][gc,phases         ] GC(1471)     GC Worker Total (ms):     Min:  0.3, Avg:  0.3, Max:  0.3, Diff:  0.1, Sum:  2.3, Workers: 8
[261.654s][info ][gc,phases         ] GC(1471)   Post Evacuate Collection Set: 0.6ms
[261.654s][debug][gc,phases         ] GC(1471)     Code Roots Fixup: 0.0ms
[261.654s][debug][gc,phases         ] GC(1471)     Clear Card Table: 0.2ms
[261.654s][debug][gc,phases         ] GC(1471)     Reference Processing: 0.0ms
[261.654s][debug][gc,phases,ref     ] GC(1471)       Reconsider SoftReferences: 0.0ms
[261.654s][debug][gc,phases,ref     ] GC(1471)         SoftRef (ms):             skipped
[261.654s][debug][gc,phases,ref     ] GC(1471)       Notify Soft/WeakReferences: 0.0ms
[261.654s][debug][gc,phases,ref     ] GC(1471)         SoftRef (ms):             skipped
[261.654s][debug][gc,phases,ref     ] GC(1471)         WeakRef (ms):             skipped
[261.654s][debug][gc,phases,ref     ] GC(1471)         FinalRef (ms):            skipped
[261.654s][debug][gc,phases,ref     ] GC(1471)         Total (ms):               skipped
[261.654s][debug][gc,phases,ref     ] GC(1471)       Notify and keep alive finalizable: 0.0ms
[261.654s][debug][gc,phases,ref     ] GC(1471)         FinalRef (ms):            skipped
[261.654s][debug][gc,phases,ref     ] GC(1471)       Notify PhantomReferences: 0.0ms
[261.654s][debug][gc,phases,ref     ] GC(1471)         PhantomRef (ms):          skipped
[261.654s][debug][gc,phases,ref     ] GC(1471)       SoftReference:
[261.654s][debug][gc,phases,ref     ] GC(1471)         Discovered: 0
[261.654s][debug][gc,phases,ref     ] GC(1471)         Cleared: 0
[261.654s][debug][gc,phases,ref     ] GC(1471)       WeakReference:
[261.654s][debug][gc,phases,ref     ] GC(1471)         Discovered: 0
[261.654s][debug][gc,phases,ref     ] GC(1471)         Cleared: 0
[261.654s][debug][gc,phases,ref     ] GC(1471)       FinalReference:
[261.654s][debug][gc,phases,ref     ] GC(1471)         Discovered: 0
[261.654s][debug][gc,phases,ref     ] GC(1471)         Cleared: 0
[261.655s][debug][gc,phases,ref     ] GC(1471)       PhantomReference:
[261.655s][debug][gc,phases,ref     ] GC(1471)         Discovered: 0
[261.655s][debug][gc,phases,ref     ] GC(1471)         Cleared: 0
[261.655s][debug][gc,phases         ] GC(1471)     Weak Processing: 0.1ms
[261.655s][debug][gc,phases         ] GC(1471)       JVMTI weak processing: 0.0ms
[261.655s][debug][gc,phases         ] GC(1471)         Dead: 0
[261.655s][debug][gc,phases         ] GC(1471)         Total: 0
[261.655s][debug][gc,phases         ] GC(1471)       JFR weak processing: 0.0ms
[261.655s][debug][gc,phases         ] GC(1471)         Dead: 0
[261.655s][debug][gc,phases         ] GC(1471)         Total: 0
[261.655s][debug][gc,phases         ] GC(1471)       JNI weak                  Min:  0.0, Avg:  0.0, Max:  0.0, Diff:  0.0, Sum:  0.0, Workers: 5
[261.655s][debug][gc,phases         ] GC(1471)         Dead                      Min: 0, Avg:  0.0, Max: 0, Diff: 0, Sum: 0, Workers: 5
[261.655s][debug][gc,phases         ] GC(1471)         Total                     Min: 0, Avg: 21.8, Max: 109, Diff: 109, Sum: 109, Workers: 5
[261.655s][debug][gc,phases         ] GC(1471)       VM weak                   Min:  0.0, Avg:  0.0, Max:  0.0, Diff:  0.0, Sum:  0.0, Workers: 5
[261.655s][debug][gc,phases         ] GC(1471)         Dead                      Min: 0, Avg:  0.0, Max: 0, Diff: 0, Sum: 0, Workers: 5
[261.655s][debug][gc,phases         ] GC(1471)         Total                     Min: 0, Avg: 42.6, Max: 213, Diff: 213, Sum: 213, Workers: 5
[261.655s][debug][gc,phases         ] GC(1471)       StringTable weak          Min:  0.0, Avg:  0.0, Max:  0.0, Diff:  0.0, Sum:  0.1, Workers: 5
[261.655s][debug][gc,phases         ] GC(1471)         Dead                      Min: 0, Avg:  0.0, Max: 0, Diff: 0, Sum: 0, Workers: 5
[261.655s][debug][gc,phases         ] GC(1471)         Total                     Min: 0, Avg: 721.8, Max: 1407, Diff: 1407, Sum: 3609, Workers: 5
[261.655s][debug][gc,phases         ] GC(1471)       ResolvedMethodTable weak  Min:  0.0, Avg:  0.0, Max:  0.0, Diff:  0.0, Sum:  0.0, Workers: 5
[261.655s][debug][gc,phases         ] GC(1471)         Dead                      Min: 0, Avg:  0.0, Max: 0, Diff: 0, Sum: 0, Workers: 5
[261.655s][debug][gc,phases         ] GC(1471)         Total                     Min: 0, Avg: 114.8, Max: 192, Diff: 192, Sum: 574, Workers: 5
[261.655s][debug][gc,phases         ] GC(1471)     Merge Per-Thread State: 0.0ms
[261.655s][debug][gc,phases         ] GC(1471)       Copied Bytes              Min: 72, Avg: 350318.0, Max: 800096, Diff: 800024, Sum: 2802544, Workers: 8
[261.655s][debug][gc,phases         ] GC(1471)       LAB Waste                 Min: 0, Avg:  0.0, Max: 0, Diff: 0, Sum: 0, Workers: 8
[261.655s][debug][gc,phases         ] GC(1471)       LAB Undo Waste            Min: 0, Avg:  0.0, Max: 0, Diff: 0, Sum: 0, Workers: 8
[261.655s][debug][gc,phases         ] GC(1471)     Code Roots Purge: 0.0ms
[261.655s][debug][gc,phases         ] GC(1471)     Redirty Cards: 0.0ms
[261.655s][debug][gc,phases         ] GC(1471)     DerivedPointerTable Update: 0.0ms
[261.655s][debug][gc,phases         ] GC(1471)     Free Collection Set: 0.2ms
[261.655s][debug][gc,phases         ] GC(1471)     Rebuild Free List: 0.1ms
[261.655s][debug][gc,phases         ] GC(1471)     Humongous Reclaim: 0.0ms
[261.655s][debug][gc,phases         ] GC(1471)     Start New Collection Set: 0.0ms
[261.655s][debug][gc,phases         ] GC(1471)     Resize TLABs: 0.0ms
[261.655s][debug][gc,phases         ] GC(1471)     Expand Heap After Collection: 0.0ms
[261.655s][info ][gc,phases         ] GC(1471)   Other: 0.3ms
[261.655s][info ][gc,heap           ] GC(1471) Eden regions: 867->0(867)
[261.655s][info ][gc,heap           ] GC(1471) Survivor regions: 4->4(109)
[261.655s][info ][gc,heap           ] GC(1471) Old regions: 18->18
[261.655s][info ][gc,heap           ] GC(1471) Archive regions: 2->2
[261.655s][info ][gc,heap           ] GC(1471) Humongous regions: 0->0
[261.655s][info ][gc,metaspace      ] GC(1471) Metaspace: 10458K(11136K)->10458K(11136K) NonClass: 9309K(9728K)->9309K(9728K) Class: 1149K(1408K)->1149K(1408K)
[261.655s][debug][gc,heap           ] GC(1471) Heap after GC invocations=1472 (full 1): garbage-first heap   total 1486848K, used 21830K [0x0000000700000000, 0x0000000800000000)
[261.655s][debug][gc,heap           ] GC(1471)   region size 1024K, 4 young (4096K), 4 survivors (4096K)
[261.655s][debug][gc,heap           ] GC(1471)  Metaspace       used 10458K, capacity 10758K, committed 11136K, reserved 1058816K
[261.655s][debug][gc,heap           ] GC(1471)   class space    used 1149K, capacity 1267K, committed 1408K, reserved 1048576K
[261.655s][info ][gc                ] GC(1471) Pause Young (Normal) (G1 Evacuation Pause) 888M->21M(1452M) 2.135ms
[261.655s][info ][gc,cpu            ] GC(1471) User=0.00s Sys=0.00s Real=0.00s
[261.655s][info ][safepoint         ] Safepoint "G1CollectForAllocation", Time since last: 42796949 ns, Reaching safepoint: 146077 ns, At safepoint: 2304123 ns, Total: 2450200 ns
[261.698s][debug][gc,heap           ] GC(1472) Heap before GC invocations=1472 (full 1): garbage-first heap   total 1486848K, used 908614K [0x0000000700000000, 0x0000000800000000)
[261.698s][debug][gc,heap           ] GC(1472)   region size 1024K, 871 young (891904K), 4 survivors (4096K)
[261.698s][debug][gc,heap           ] GC(1472)  Metaspace       used 10458K, capacity 10758K, committed 11136K, reserved 1058816K
[261.698s][debug][gc,heap           ] GC(1472)   class space    used 1149K, capacity 1267K, committed 1408K, reserved 1048576K
[261.698s][info ][gc,start          ] GC(1472) Pause Young (Normal) (G1 Evacuation Pause)
[261.698s][info ][gc,task           ] GC(1472) Using 8 workers of 8 for evacuation
[261.698s][debug][gc,tlab           ] GC(1472) TLAB totals: thrds: 8  refills: 15 max: 3 slow allocs: 1723 max 254 waste: 28.5% gc: 1308936B max: 239712B slow: 83640B max: 15488B fast: 0B max: 0B
[261.698s][debug][gc,age            ] GC(1472) Desired survivor size 57147392 bytes, new threshold 15 (max threshold 15)
[261.698s][debug][gc,alloc,region   ] GC(1472) Mutator Allocation stats, regions: 867, wasted size: 202M (23.4%)
[261.698s][debug][gc,ergo           ] GC(1472) Running G1 Merge Heap Roots using 8 workers for 871 regions
[261.699s][debug][gc,remset         ] GC(1472) Visited cards 256 Total dirty 2048 (12.50%) Total old 3608576 (0.01%)
[261.699s][debug][gc,ergo           ] GC(1472) Running G1 Clear Card Table Task using 2 workers for 2 units of work for 872 regions.
[261.699s][debug][gc,ref            ] GC(1472) Skipped phase1 of Reference Processing due to unavailable references
[261.699s][debug][gc,ref            ] GC(1472) Skipped phase2 of Reference Processing due to unavailable references
[261.699s][debug][gc,ref            ] GC(1472) Skipped phase3 of Reference Processing due to unavailable references
[261.699s][debug][gc,ref            ] GC(1472) Skipped phase4 of Reference Processing due to unavailable references
[261.699s][debug][gc,ergo           ] GC(1472) Running G1 Free Collection Set using 8 workers for collection set length 871 (1452)
[261.700s][debug][gc,ergo           ] GC(1472) Running G1 Rebuild Free List Task using 8 workers for rebuilding free list of 0 (4096) regions
[261.700s][trace][gc,age            ] GC(1472) Age table with threshold 15 (max threshold 15)
[261.700s][trace][gc,age            ] GC(1472) - age   1:    3602576 bytes,    3602576 total
[261.700s][debug][gc,plab           ] GC(1472) Young PLAB allocation: allocated: 16512B, wasted: 0B, unused: 14064B, used: 2448B, undo waste: 0B, 
[261.700s][debug][gc,plab           ] GC(1472) Young other allocation: region end waste: 981800B, regions filled: 5, direct allocated: 3600128B, failure used: 0B, failure wasted: 0B
[261.700s][debug][gc,plab           ] GC(1472) Young sizing: calculated: 0B, actual: 2064B
[261.700s][debug][gc,plab           ] GC(1472) Old PLAB allocation: allocated: 0B, wasted: 0B, unused: 0B, used: 0B, undo waste: 0B, 
[261.700s][debug][gc,plab           ] GC(1472) Old other allocation: region end waste: 0B, regions filled: 1, direct allocated: 0B, failure used: 0B, failure wasted: 0B
[261.700s][debug][gc,plab           ] GC(1472) Old sizing: calculated: 0B, actual: 2064B
[261.700s][debug][gc,ihop           ] GC(1472) Basic information (value update), threshold: 685139558B (45.00), target occupancy: 1522532352B, current occupancy: 23402664B, recent allocation size: 0B, recent allocation duration: 44.09ms, recent old gen allocation rate: 0.00B/s, recent marking phase length: 38.29ms
[261.700s][debug][gc,ihop           ] GC(1472) Adaptive IHOP information (value update), threshold: 685139558B (47.37), internal target occupancy: 1446405734B, occupancy: 23402664B, additional buffer size: 913309696B, predicted old gen allocation rate: 1.98B/s, predicted marking phase length: 76.58ms, prediction active: false
[261.700s][debug][gc,ergo,refine    ] GC(1472) Concurrent refinement times: Logged Cards Scan time goal: 20.00ms Logged Cards Scan time: 0.00ms HCC time: 0.00ms
[261.700s][debug][gc,ergo,refine    ] GC(1472) Updated Refinement Zones: green: 2048, yellow: 6144, red: 10240
[261.700s][info ][gc,phases         ] GC(1472)   Pre Evacuate Collection Set: 0.1ms
[261.700s][debug][gc,phases         ] GC(1472)     Prepare TLABs: 0.0ms
[261.700s][debug][gc,phases         ] GC(1472)     Choose Collection Set: 0.0ms
[261.700s][debug][gc,phases         ] GC(1472)     Region Register: 0.1ms
[261.700s][debug][gc,phases         ] GC(1472)     Prepare Heap Roots: 0.0ms
[261.700s][info ][gc,phases         ] GC(1472)   Merge Heap Roots: 0.1ms
[261.700s][debug][gc,phases         ] GC(1472)     Prepare Merge Heap Roots: 0.0ms
[261.700s][debug][gc,phases         ] GC(1472)     Eager Reclaim (ms):       skipped
[261.700s][debug][gc,phases         ] GC(1472)     Remembered Sets (ms):     Min:  0.0, Avg:  0.0, Max:  0.0, Diff:  0.0, Sum:  0.1, Workers: 8
[261.700s][debug][gc,phases         ] GC(1472)       Merged Sparse:            Min: 0, Avg:  0.0, Max: 0, Diff: 0, Sum: 0, Workers: 8
[261.700s][debug][gc,phases         ] GC(1472)       Merged Fine:              Min: 0, Avg:  0.0, Max: 0, Diff: 0, Sum: 0, Workers: 8
[261.700s][debug][gc,phases         ] GC(1472)       Merged Coarse:            Min: 0, Avg:  0.0, Max: 0, Diff: 0, Sum: 0, Workers: 8
[261.700s][debug][gc,phases         ] GC(1472)       Dirty Cards:              Min: 0, Avg:  0.0, Max: 0, Diff: 0, Sum: 0, Workers: 8
[261.700s][debug][gc,phases         ] GC(1472)     Hot Card Cache (ms):      Min:  0.0, Avg:  0.0, Max:  0.0, Diff:  0.0, Sum:  0.0, Workers: 8
[261.700s][debug][gc,phases         ] GC(1472)       Dirty Cards:              Min: 0, Avg:  0.0, Max: 0, Diff: 0, Sum: 0, Workers: 8
[261.700s][debug][gc,phases         ] GC(1472)       Skipped Cards:            Min: 0, Avg:  0.0, Max: 0, Diff: 0, Sum: 0, Workers: 8
[261.700s][debug][gc,phases         ] GC(1472)     Log Buffers (ms):         Min:  0.0, Avg:  0.0, Max:  0.0, Diff:  0.0, Sum:  0.0, Workers: 8
[261.700s][debug][gc,phases         ] GC(1472)       Dirty Cards:              Min: 0, Avg:  0.1, Max: 1, Diff: 1, Sum: 1, Workers: 8
[261.700s][debug][gc,phases         ] GC(1472)       Skipped Cards:            Min: 0, Avg:  0.0, Max: 0, Diff: 0, Sum: 0, Workers: 8
[261.700s][info ][gc,phases         ] GC(1472)   Evacuate Collection Set: 0.5ms
[261.700s][debug][gc,phases         ] GC(1472)     Ext Root Scanning (ms):   Min:  0.2, Avg:  0.3, Max:  0.3, Diff:  0.2, Sum:  2.0, Workers: 8
[261.700s][debug][gc,phases         ] GC(1472)     Scan Heap Roots (ms):     Min:  0.0, Avg:  0.0, Max:  0.0, Diff:  0.0, Sum:  0.0, Workers: 8
[261.700s][debug][gc,phases         ] GC(1472)       Scanned Cards:            Min: 0, Avg:  0.1, Max: 1, Diff: 1, Sum: 1, Workers: 8
[261.700s][debug][gc,phases         ] GC(1472)       Scanned Blocks:           Min: 0, Avg:  0.1, Max: 1, Diff: 1, Sum: 1, Workers: 8
[261.700s][debug][gc,phases         ] GC(1472)       Claimed Chunks:           Min: 0, Avg:  0.1, Max: 1, Diff: 1, Sum: 1, Workers: 8
[261.700s][debug][gc,phases         ] GC(1472)     Code Root Scan (ms):      Min:  0.0, Avg:  0.0, Max:  0.0, Diff:  0.0, Sum:  0.1, Workers: 8
[261.700s][debug][gc,phases         ] GC(1472)     Object Copy (ms):         Min:  0.0, Avg:  0.0, Max:  0.0, Diff:  0.0, Sum:  0.0, Workers: 8
[261.700s][debug][gc,phases         ] GC(1472)     Termination (ms):         Min:  0.0, Avg:  0.1, Max:  0.1, Diff:  0.1, Sum:  0.6, Workers: 8
[261.700s][debug][gc,phases         ] GC(1472)       Termination Attempts:     Min: 1, Avg:  1.1, Max: 2, Diff: 1, Sum: 9, Workers: 8
[261.700s][debug][gc,phases         ] GC(1472)     GC Worker Other (ms):     Min:  0.0, Avg:  0.0, Max:  0.1, Diff:  0.1, Sum:  0.4, Workers: 8
[261.700s][debug][gc,phases         ] GC(1472)     GC Worker Total (ms):     Min:  0.4, Avg:  0.4, Max:  0.4, Diff:  0.1, Sum:  3.2, Workers: 8
[261.700s][info ][gc,phases         ] GC(1472)   Post Evacuate Collection Set: 0.6ms
[261.700s][debug][gc,phases         ] GC(1472)     Code Roots Fixup: 0.0ms
[261.700s][debug][gc,phases         ] GC(1472)     Clear Card Table: 0.2ms
[261.700s][debug][gc,phases         ] GC(1472)     Reference Processing: 0.0ms
[261.700s][debug][gc,phases,ref     ] GC(1472)       Reconsider SoftReferences: 0.0ms
[261.700s][debug][gc,phases,ref     ] GC(1472)         SoftRef (ms):             skipped
[261.700s][debug][gc,phases,ref     ] GC(1472)       Notify Soft/WeakReferences: 0.0ms
[261.700s][debug][gc,phases,ref     ] GC(1472)         SoftRef (ms):             skipped
[261.700s][debug][gc,phases,ref     ] GC(1472)         WeakRef (ms):             skipped
[261.700s][debug][gc,phases,ref     ] GC(1472)         FinalRef (ms):            skipped
[261.700s][debug][gc,phases,ref     ] GC(1472)         Total (ms):               skipped
[261.700s][debug][gc,phases,ref     ] GC(1472)       Notify and keep alive finalizable: 0.0ms
[261.700s][debug][gc,phases,ref     ] GC(1472)         FinalRef (ms):            skipped
[261.700s][debug][gc,phases,ref     ] GC(1472)       Notify PhantomReferences: 0.0ms
[261.700s][debug][gc,phases,ref     ] GC(1472)         PhantomRef (ms):          skipped
[261.700s][debug][gc,phases,ref     ] GC(1472)       SoftReference:
[261.700s][debug][gc,phases,ref     ] GC(1472)         Discovered: 0
[261.700s][debug][gc,phases,ref     ] GC(1472)         Cleared: 0
[261.700s][debug][gc,phases,ref     ] GC(1472)       WeakReference:
[261.700s][debug][gc,phases,ref     ] GC(1472)         Discovered: 0
[261.700s][debug][gc,phases,ref     ] GC(1472)         Cleared: 0
[261.700s][debug][gc,phases,ref     ] GC(1472)       FinalReference:
[261.700s][debug][gc,phases,ref     ] GC(1472)         Discovered: 0
[261.700s][debug][gc,phases,ref     ] GC(1472)         Cleared: 0
[261.700s][debug][gc,phases,ref     ] GC(1472)       PhantomReference:
[261.700s][debug][gc,phases,ref     ] GC(1472)         Discovered: 0
[261.700s][debug][gc,phases,ref     ] GC(1472)         Cleared: 0
[261.700s][debug][gc,phases         ] GC(1472)     Weak Processing: 0.1ms
[261.700s][debug][gc,phases         ] GC(1472)       JVMTI weak processing: 0.0ms
[261.700s][debug][gc,phases         ] GC(1472)         Dead: 0
[261.700s][debug][gc,phases         ] GC(1472)         Total: 0
[261.700s][debug][gc,phases         ] GC(1472)       JFR weak processing: 0.0ms
[261.700s][debug][gc,phases         ] GC(1472)         Dead: 0
[261.700s][debug][gc,phases         ] GC(1472)         Total: 0
[261.700s][debug][gc,phases         ] GC(1472)       JNI weak                  Min:  0.0, Avg:  0.0, Max:  0.0, Diff:  0.0, Sum:  0.0, Workers: 5
[261.700s][debug][gc,phases         ] GC(1472)         Dead                      Min: 0, Avg:  0.0, Max: 0, Diff: 0, Sum: 0, Workers: 5
[261.700s][debug][gc,phases         ] GC(1472)         Total                     Min: 0, Avg: 21.8, Max: 109, Diff: 109, Sum: 109, Workers: 5
[261.700s][debug][gc,phases         ] GC(1472)       VM weak                   Min:  0.0, Avg:  0.0, Max:  0.0, Diff:  0.0, Sum:  0.0, Workers: 5
[261.700s][debug][gc,phases         ] GC(1472)         Dead                      Min: 0, Avg:  0.0, Max: 0, Diff: 0, Sum: 0, Workers: 5
[261.700s][debug][gc,phases         ] GC(1472)         Total                     Min: 0, Avg: 42.6, Max: 213, Diff: 213, Sum: 213, Workers: 5
[261.700s][debug][gc,phases         ] GC(1472)       StringTable weak          Min:  0.0, Avg:  0.0, Max:  0.0, Diff:  0.0, Sum:  0.0, Workers: 5
[261.700s][debug][gc,phases         ] GC(1472)         Dead                      Min: 0, Avg:  0.0, Max: 0, Diff: 0, Sum: 0, Workers: 5
[261.700s][debug][gc,phases         ] GC(1472)         Total                     Min: 0, Avg: 721.8, Max: 1599, Diff: 1599, Sum: 3609, Workers: 5
[261.700s][debug][gc,phases         ] GC(1472)       ResolvedMethodTable weak  Min:  0.0, Avg:  0.0, Max:  0.0, Diff:  0.0, Sum:  0.0, Workers: 5
[261.700s][debug][gc,phases         ] GC(1472)         Dead                      Min: 0, Avg:  0.0, Max: 0, Diff: 0, Sum: 0, Workers: 5
[261.700s][debug][gc,phases         ] GC(1472)         Total                     Min: 0, Avg: 114.8, Max: 192, Diff: 192, Sum: 574, Workers: 5
[261.700s][debug][gc,phases         ] GC(1472)     Merge Per-Thread State: 0.0ms
[261.700s][debug][gc,phases         ] GC(1472)       Copied Bytes              Min: 536, Avg: 450322.0, Max: 800320, Diff: 799784, Sum: 3602576, Workers: 8
[261.700s][debug][gc,phases         ] GC(1472)       LAB Waste                 Min: 0, Avg:  0.0, Max: 0, Diff: 0, Sum: 0, Workers: 8
[261.700s][debug][gc,phases         ] GC(1472)       LAB Undo Waste            Min: 0, Avg:  0.0, Max: 0, Diff: 0, Sum: 0, Workers: 8
[261.700s][debug][gc,phases         ] GC(1472)     Code Roots Purge: 0.0ms
[261.700s][debug][gc,phases         ] GC(1472)     Redirty Cards: 0.0ms
[261.700s][debug][gc,phases         ] GC(1472)     DerivedPointerTable Update: 0.0ms
[261.700s][debug][gc,phases         ] GC(1472)     Free Collection Set: 0.2ms
[261.700s][debug][gc,phases         ] GC(1472)     Rebuild Free List: 0.1ms
[261.700s][debug][gc,phases         ] GC(1472)     Humongous Reclaim: 0.0ms
[261.700s][debug][gc,phases         ] GC(1472)     Start New Collection Set: 0.0ms
[261.700s][debug][gc,phases         ] GC(1472)     Resize TLABs: 0.0ms
[261.700s][debug][gc,phases         ] GC(1472)     Expand Heap After Collection: 0.0ms
[261.700s][info ][gc,phases         ] GC(1472)   Other: 0.3ms
[261.700s][info ][gc,heap           ] GC(1472) Eden regions: 867->0(866)
[261.700s][info ][gc,heap           ] GC(1472) Survivor regions: 4->5(109)
[261.700s][info ][gc,heap           ] GC(1472) Old regions: 18->18
[261.700s][info ][gc,heap           ] GC(1472) Archive regions: 2->2
[261.700s][info ][gc,heap           ] GC(1472) Humongous regions: 0->0
[261.700s][info ][gc,metaspace      ] GC(1472) Metaspace: 10458K(11136K)->10458K(11136K) NonClass: 9309K(9728K)->9309K(9728K) Class: 1149K(1408K)->1149K(1408K)
[261.700s][debug][gc,heap           ] GC(1472) Heap after GC invocations=1473 (full 1): garbage-first heap   total 1486848K, used 22854K [0x0000000700000000, 0x0000000800000000)
[261.700s][debug][gc,heap           ] GC(1472)   region size 1024K, 5 young (5120K), 5 survivors (5120K)
[261.700s][debug][gc,heap           ] GC(1472)  Metaspace       used 10458K, capacity 10758K, committed 11136K, reserved 1058816K
[261.700s][debug][gc,heap           ] GC(1472)   class space    used 1149K, capacity 1267K, committed 1408K, reserved 1048576K
[261.700s][info ][gc                ] GC(1472) Pause Young (Normal) (G1 Evacuation Pause) 888M->22M(1452M) 2.263ms
[261.700s][info ][gc,cpu            ] GC(1472) User=0.00s Sys=0.00s Real=0.01s
[261.700s][info ][safepoint         ] Safepoint "G1CollectForAllocation", Time since last: 43018650 ns, Reaching safepoint: 150682 ns, At safepoint: 2445945 ns, Total: 2596627 ns
[261.744s][debug][gc,heap           ] GC(1473) Heap before GC invocations=1473 (full 1): garbage-first heap   total 1486848K, used 908614K [0x0000000700000000, 0x0000000800000000)
[261.744s][debug][gc,heap           ] GC(1473)   region size 1024K, 871 young (891904K), 5 survivors (5120K)
[261.744s][debug][gc,heap           ] GC(1473)  Metaspace       used 10458K, capacity 10758K, committed 11136K, reserved 1058816K
[261.744s][debug][gc,heap           ] GC(1473)   class space    used 1149K, capacity 1267K, committed 1408K, reserved 1048576K
[261.744s][info ][gc,start          ] GC(1473) Pause Young (Normal) (G1 Evacuation Pause)
[261.744s][info ][gc,task           ] GC(1473) Using 8 workers of 8 for evacuation
[261.744s][debug][gc,tlab           ] GC(1473) TLAB totals: thrds: 8  refills: 13 max: 3 slow allocs: 1726 max 250 waste: 37.7% gc: 1335352B max: 234656B slow: 56288B max: 15488B fast: 0B max: 0B
[261.744s][debug][gc,age            ] GC(1473) Desired survivor size 57147392 bytes, new threshold 15 (max threshold 15)
[261.744s][debug][gc,alloc,region   ] GC(1473) Mutator Allocation stats, regions: 866, wasted size: 202M (23.4%)
[261.744s][debug][gc,ergo           ] GC(1473) Running G1 Merge Heap Roots using 8 workers for 871 regions
[261.744s][debug][gc,remset         ] GC(1473) Visited cards 256 Total dirty 2048 (12.50%) Total old 3608576 (0.01%)
[261.745s][debug][gc,ergo           ] GC(1473) Running G1 Clear Card Table Task using 2 workers for 2 units of work for 872 regions.
[261.745s][debug][gc,ref            ] GC(1473) Skipped phase1 of Reference Processing due to unavailable references
[261.745s][debug][gc,ref            ] GC(1473) Skipped phase2 of Reference Processing due to unavailable references
[261.745s][debug][gc,ref            ] GC(1473) Skipped phase3 of Reference Processing due to unavailable references
[261.745s][debug][gc,ref            ] GC(1473) Skipped phase4 of Reference Processing due to unavailable references
[261.745s][debug][gc,ergo           ] GC(1473) Running G1 Free Collection Set using 8 workers for collection set length 871 (1452)
[261.745s][debug][gc,ergo           ] GC(1473) Running G1 Rebuild Free List Task using 8 workers for rebuilding free list of 0 (4096) regions
[261.745s][trace][gc,age            ] GC(1473) Age table with threshold 15 (max threshold 15)
[261.745s][trace][gc,age            ] GC(1473) - age   1:    2002520 bytes,    2002520 total
[261.745s][debug][gc,plab           ] GC(1473) Young PLAB allocation: allocated: 16512B, wasted: 0B, unused: 14064B, used: 2448B, undo waste: 0B, 
[261.745s][debug][gc,plab           ] GC(1473) Young other allocation: region end waste: 482640B, regions filled: 3, direct allocated: 2000072B, failure used: 0B, failure wasted: 0B
[261.745s][debug][gc,plab           ] GC(1473) Young sizing: calculated: 0B, actual: 2064B
[261.745s][debug][gc,plab           ] GC(1473) Old PLAB allocation: allocated: 0B, wasted: 0B, unused: 0B, used: 0B, undo waste: 0B, 
[261.745s][debug][gc,plab           ] GC(1473) Old other allocation: region end waste: 0B, regions filled: 1, direct allocated: 0B, failure used: 0B, failure wasted: 0B
[261.745s][debug][gc,plab           ] GC(1473) Old sizing: calculated: 0B, actual: 2064B
[261.745s][debug][gc,ihop           ] GC(1473) Basic information (value update), threshold: 685139558B (45.00), target occupancy: 1522532352B, current occupancy: 21303448B, recent allocation size: 0B, recent allocation duration: 44.18ms, recent old gen allocation rate: 0.00B/s, recent marking phase length: 38.29ms
[261.745s][debug][gc,ihop           ] GC(1473) Adaptive IHOP information (value update), threshold: 685139558B (47.37), internal target occupancy: 1446405734B, occupancy: 21303448B, additional buffer size: 913309696B, predicted old gen allocation rate: 1.93B/s, predicted marking phase length: 76.58ms, prediction active: false
[261.745s][debug][gc,ergo,refine    ] GC(1473) Concurrent refinement times: Logged Cards Scan time goal: 20.00ms Logged Cards Scan time: 0.00ms HCC time: 0.00ms
[261.745s][debug][gc,ergo,refine    ] GC(1473) Updated Refinement Zones: green: 2048, yellow: 6144, red: 10240
[261.745s][info ][gc,phases         ] GC(1473)   Pre Evacuate Collection Set: 0.2ms
[261.745s][debug][gc,phases         ] GC(1473)     Prepare TLABs: 0.0ms
[261.745s][debug][gc,phases         ] GC(1473)     Choose Collection Set: 0.0ms
[261.745s][debug][gc,phases         ] GC(1473)     Region Register: 0.2ms
[261.745s][debug][gc,phases         ] GC(1473)     Prepare Heap Roots: 0.0ms
[261.745s][info ][gc,phases         ] GC(1473)   Merge Heap Roots: 0.1ms
[261.745s][debug][gc,phases         ] GC(1473)     Prepare Merge Heap Roots: 0.0ms
[261.745s][debug][gc,phases         ] GC(1473)     Eager Reclaim (ms):       skipped
[261.745s][debug][gc,phases         ] GC(1473)     Remembered Sets (ms):     Min:  0.0, Avg:  0.0, Max:  0.0, Diff:  0.0, Sum:  0.2, Workers: 8
[261.745s][debug][gc,phases         ] GC(1473)       Merged Sparse:            Min: 0, Avg:  0.0, Max: 0, Diff: 0, Sum: 0, Workers: 8
[261.745s][debug][gc,phases         ] GC(1473)       Merged Fine:              Min: 0, Avg:  0.0, Max: 0, Diff: 0, Sum: 0, Workers: 8
[261.745s][debug][gc,phases         ] GC(1473)       Merged Coarse:            Min: 0, Avg:  0.0, Max: 0, Diff: 0, Sum: 0, Workers: 8
[261.745s][debug][gc,phases         ] GC(1473)       Dirty Cards:              Min: 0, Avg:  0.0, Max: 0, Diff: 0, Sum: 0, Workers: 8
[261.745s][debug][gc,phases         ] GC(1473)     Hot Card Cache (ms):      Min:  0.0, Avg:  0.0, Max:  0.0, Diff:  0.0, Sum:  0.0, Workers: 8
[261.745s][debug][gc,phases         ] GC(1473)       Dirty Cards:              Min: 0, Avg:  0.0, Max: 0, Diff: 0, Sum: 0, Workers: 8
[261.745s][debug][gc,phases         ] GC(1473)       Skipped Cards:            Min: 0, Avg:  0.0, Max: 0, Diff: 0, Sum: 0, Workers: 8
[261.745s][debug][gc,phases         ] GC(1473)     Log Buffers (ms):         Min:  0.0, Avg:  0.0, Max:  0.0, Diff:  0.0, Sum:  0.0, Workers: 8
[261.745s][debug][gc,phases         ] GC(1473)       Dirty Cards:              Min: 0, Avg:  0.1, Max: 1, Diff: 1, Sum: 1, Workers: 8
[261.745s][debug][gc,phases         ] GC(1473)       Skipped Cards:            Min: 0, Avg:  0.0, Max: 0, Diff: 0, Sum: 0, Workers: 8
[261.745s][info ][gc,phases         ] GC(1473)   Evacuate Collection Set: 0.3ms
[261.745s][debug][gc,phases         ] GC(1473)     Ext Root Scanning (ms):   Min:  0.0, Avg:  0.1, Max:  0.2, Diff:  0.2, Sum:  0.9, Workers: 8
[261.745s][debug][gc,phases         ] GC(1473)     Scan Heap Roots (ms):     Min:  0.0, Avg:  0.0, Max:  0.0, Diff:  0.0, Sum:  0.0, Workers: 8
[261.745s][debug][gc,phases         ] GC(1473)       Scanned Cards:            Min: 0, Avg:  0.1, Max: 1, Diff: 1, Sum: 1, Workers: 8
[261.745s][debug][gc,phases         ] GC(1473)       Scanned Blocks:           Min: 0, Avg:  0.1, Max: 1, Diff: 1, Sum: 1, Workers: 8
[261.745s][debug][gc,phases         ] GC(1473)       Claimed Chunks:           Min: 0, Avg:  0.1, Max: 1, Diff: 1, Sum: 1, Workers: 8
[261.745s][debug][gc,phases         ] GC(1473)     Code Root Scan (ms):      Min:  0.0, Avg:  0.0, Max:  0.0, Diff:  0.0, Sum:  0.1, Workers: 8
[261.745s][debug][gc,phases         ] GC(1473)     Object Copy (ms):         Min:  0.0, Avg:  0.0, Max:  0.0, Diff:  0.0, Sum:  0.0, Workers: 8
[261.745s][debug][gc,phases         ] GC(1473)     Termination (ms):         Min:  0.0, Avg:  0.1, Max:  0.1, Diff:  0.0, Sum:  0.4, Workers: 8
[261.746s][debug][gc,phases         ] GC(1473)       Termination Attempts:     Min: 1, Avg:  1.0, Max: 1, Diff: 0, Sum: 8, Workers: 8
[261.746s][debug][gc,phases         ] GC(1473)     GC Worker Other (ms):     Min:  0.0, Avg:  0.1, Max:  0.1, Diff:  0.1, Sum:  0.4, Workers: 8
[261.746s][debug][gc,phases         ] GC(1473)     GC Worker Total (ms):     Min:  0.2, Avg:  0.2, Max:  0.3, Diff:  0.1, Sum:  1.9, Workers: 8
[261.746s][info ][gc,phases         ] GC(1473)   Post Evacuate Collection Set: 0.6ms
[261.746s][debug][gc,phases         ] GC(1473)     Code Roots Fixup: 0.0ms
[261.746s][debug][gc,phases         ] GC(1473)     Clear Card Table: 0.2ms
[261.746s][debug][gc,phases         ] GC(1473)     Reference Processing: 0.0ms
[261.746s][debug][gc,phases,ref     ] GC(1473)       Reconsider SoftReferences: 0.0ms
[261.746s][debug][gc,phases,ref     ] GC(1473)         SoftRef (ms):             skipped
[261.746s][debug][gc,phases,ref     ] GC(1473)       Notify Soft/WeakReferences: 0.0ms
[261.746s][debug][gc,phases,ref     ] GC(1473)         SoftRef (ms):             skipped
[261.746s][debug][gc,phases,ref     ] GC(1473)         WeakRef (ms):             skipped
[261.746s][debug][gc,phases,ref     ] GC(1473)         FinalRef (ms):            skipped
[261.746s][debug][gc,phases,ref     ] GC(1473)         Total (ms):               skipped
[261.746s][debug][gc,phases,ref     ] GC(1473)       Notify and keep alive finalizable: 0.0ms
[261.746s][debug][gc,phases,ref     ] GC(1473)         FinalRef (ms):            skipped
[261.746s][debug][gc,phases,ref     ] GC(1473)       Notify PhantomReferences: 0.0ms
[261.746s][debug][gc,phases,ref     ] GC(1473)         PhantomRef (ms):          skipped
[261.746s][debug][gc,phases,ref     ] GC(1473)       SoftReference:
[261.746s][debug][gc,phases,ref     ] GC(1473)         Discovered: 0
[261.746s][debug][gc,phases,ref     ] GC(1473)         Cleared: 0
[261.746s][debug][gc,phases,ref     ] GC(1473)       WeakReference:
[261.746s][debug][gc,phases,ref     ] GC(1473)         Discovered: 0
[261.746s][debug][gc,phases,ref     ] GC(1473)         Cleared: 0
[261.746s][debug][gc,phases,ref     ] GC(1473)       FinalReference:
[261.746s][debug][gc,phases,ref     ] GC(1473)         Discovered: 0
[261.746s][debug][gc,phases,ref     ] GC(1473)         Cleared: 0
[261.746s][debug][gc,phases,ref     ] GC(1473)       PhantomReference:
[261.746s][debug][gc,phases,ref     ] GC(1473)         Discovered: 0
[261.746s][debug][gc,phases,ref     ] GC(1473)         Cleared: 0
[261.746s][debug][gc,phases         ] GC(1473)     Weak Processing: 0.1ms
[261.746s][debug][gc,phases         ] GC(1473)       JVMTI weak processing: 0.0ms
[261.746s][debug][gc,phases         ] GC(1473)         Dead: 0
[261.746s][debug][gc,phases         ] GC(1473)         Total: 0
[261.746s][debug][gc,phases         ] GC(1473)       JFR weak processing: 0.0ms
[261.746s][debug][gc,phases         ] GC(1473)         Dead: 0
[261.746s][debug][gc,phases         ] GC(1473)         Total: 0
[261.746s][debug][gc,phases         ] GC(1473)       JNI weak                  Min:  0.0, Avg:  0.0, Max:  0.0, Diff:  0.0, Sum:  0.0, Workers: 5
[261.746s][debug][gc,phases         ] GC(1473)         Dead                      Min: 0, Avg:  0.0, Max: 0, Diff: 0, Sum: 0, Workers: 5
[261.746s][debug][gc,phases         ] GC(1473)         Total                     Min: 0, Avg: 21.8, Max: 109, Diff: 109, Sum: 109, Workers: 5
[261.746s][debug][gc,phases         ] GC(1473)       VM weak                   Min:  0.0, Avg:  0.0, Max:  0.0, Diff:  0.0, Sum:  0.0, Workers: 5
[261.746s][debug][gc,phases         ] GC(1473)         Dead                      Min: 0, Avg:  0.0, Max: 0, Diff: 0, Sum: 0, Workers: 5
[261.746s][debug][gc,phases         ] GC(1473)         Total                     Min: 0, Avg: 42.6, Max: 128, Diff: 128, Sum: 213, Workers: 5
[261.746s][debug][gc,phases         ] GC(1473)       StringTable weak          Min:  0.0, Avg:  0.0, Max:  0.0, Diff:  0.0, Sum:  0.1, Workers: 5
[261.746s][debug][gc,phases         ] GC(1473)         Dead                      Min: 0, Avg:  0.0, Max: 0, Diff: 0, Sum: 0, Workers: 5
[261.746s][debug][gc,phases         ] GC(1473)         Total                     Min: 0, Avg: 721.8, Max: 1855, Diff: 1855, Sum: 3609, Workers: 5
[261.746s][debug][gc,phases         ] GC(1473)       ResolvedMethodTable weak  Min:  0.0, Avg:  0.0, Max:  0.0, Diff:  0.0, Sum:  0.0, Workers: 5
[261.746s][debug][gc,phases         ] GC(1473)         Dead                      Min: 0, Avg:  0.0, Max: 0, Diff: 0, Sum: 0, Workers: 5
[261.746s][debug][gc,phases         ] GC(1473)         Total                     Min: 0, Avg: 114.8, Max: 192, Diff: 192, Sum: 574, Workers: 5
[261.746s][debug][gc,phases         ] GC(1473)     Merge Per-Thread State: 0.0ms
[261.746s][debug][gc,phases         ] GC(1473)       Copied Bytes              Min: 72, Avg: 250315.0, Max: 800320, Diff: 800248, Sum: 2002520, Workers: 8
[261.746s][debug][gc,phases         ] GC(1473)       LAB Waste                 Min: 0, Avg:  0.0, Max: 0, Diff: 0, Sum: 0, Workers: 8
[261.746s][debug][gc,phases         ] GC(1473)       LAB Undo Waste            Min: 0, Avg:  0.0, Max: 0, Diff: 0, Sum: 0, Workers: 8
[261.746s][debug][gc,phases         ] GC(1473)     Code Roots Purge: 0.0ms
[261.746s][debug][gc,phases         ] GC(1473)     Redirty Cards: 0.0ms
[261.746s][debug][gc,phases         ] GC(1473)     DerivedPointerTable Update: 0.0ms
[261.746s][debug][gc,phases         ] GC(1473)     Free Collection Set: 0.2ms
[261.746s][debug][gc,phases         ] GC(1473)     Rebuild Free List: 0.1ms
[261.746s][debug][gc,phases         ] GC(1473)     Humongous Reclaim: 0.0ms
[261.746s][debug][gc,phases         ] GC(1473)     Start New Collection Set: 0.0ms
[261.746s][debug][gc,phases         ] GC(1473)     Resize TLABs: 0.0ms
[261.746s][debug][gc,phases         ] GC(1473)     Expand Heap After Collection: 0.0ms
[261.746s][info ][gc,phases         ] GC(1473)   Other: 0.3ms
[261.746s][info ][gc,heap           ] GC(1473) Eden regions: 866->0(868)
[261.746s][info ][gc,heap           ] GC(1473) Survivor regions: 5->3(109)
[261.746s][info ][gc,heap           ] GC(1473) Old regions: 18->18
[261.746s][info ][gc,heap           ] GC(1473) Archive regions: 2->2
[261.746s][info ][gc,heap           ] GC(1473) Humongous regions: 0->0
[261.746s][info ][gc,metaspace      ] GC(1473) Metaspace: 10458K(11136K)->10458K(11136K) NonClass: 9309K(9728K)->9309K(9728K) Class: 1149K(1408K)->1149K(1408K)
[261.746s][debug][gc,heap           ] GC(1473) Heap after GC invocations=1474 (full 1): garbage-first heap   total 1486848K, used 20804K [0x0000000700000000, 0x0000000800000000)
[261.746s][debug][gc,heap           ] GC(1473)   region size 1024K, 3 young (3072K), 3 survivors (3072K)
[261.746s][debug][gc,heap           ] GC(1473)  Metaspace       used 10458K, capacity 10758K, committed 11136K, reserved 1058816K
[261.746s][debug][gc,heap           ] GC(1473)   class space    used 1149K, capacity 1267K, committed 1408K, reserved 1048576K
[261.746s][info ][gc                ] GC(1473) Pause Young (Normal) (G1 Evacuation Pause) 888M->20M(1452M) 2.114ms
[261.746s][info ][gc,cpu            ] GC(1473) User=0.01s Sys=0.01s Real=0.00s
[261.746s][info ][safepoint         ] Safepoint "G1CollectForAllocation", Time since last: 43098612 ns, Reaching safepoint: 168472 ns, At safepoint: 2282307 ns, Total: 2450779 ns
[261.789s][debug][gc,heap           ] GC(1474) Heap before GC invocations=1474 (full 1): garbage-first heap   total 1486848K, used 908612K [0x0000000700000000, 0x0000000800000000)
[261.789s][debug][gc,heap           ] GC(1474)   region size 1024K, 871 young (891904K), 3 survivors (3072K)
[261.789s][debug][gc,heap           ] GC(1474)  Metaspace       used 10458K, capacity 10758K, committed 11136K, reserved 1058816K
[261.789s][debug][gc,heap           ] GC(1474)   class space    used 1149K, capacity 1267K, committed 1408K, reserved 1048576K
[261.789s][info ][gc,start          ] GC(1474) Pause Young (Normal) (G1 Evacuation Pause)
[261.789s][info ][gc,task           ] GC(1474) Using 8 workers of 8 for evacuation
[261.790s][debug][gc,tlab           ] GC(1474) TLAB totals: thrds: 8  refills: 12 max: 3 slow allocs: 1728 max 245 waste: 22.5% gc: 853048B max: 126816B slow: 43312B max: 15096B fast: 0B max: 0B
[261.790s][debug][gc,age            ] GC(1474) Desired survivor size 57147392 bytes, new threshold 15 (max threshold 15)
[261.790s][debug][gc,alloc,region   ] GC(1474) Mutator Allocation stats, regions: 868, wasted size: 203M (23.5%)
[261.790s][debug][gc,ergo           ] GC(1474) Running G1 Merge Heap Roots using 8 workers for 871 regions
[261.790s][debug][gc,remset         ] GC(1474) Visited cards 512 Total dirty 4096 (12.50%) Total old 3608576 (0.01%)
[261.791s][debug][gc,ergo           ] GC(1474) Running G1 Clear Card Table Task using 2 workers for 2 units of work for 873 regions.
[261.791s][debug][gc,ref            ] GC(1474) Skipped phase1 of Reference Processing due to unavailable references
[261.791s][debug][gc,ref            ] GC(1474) Skipped phase2 of Reference Processing due to unavailable references
[261.791s][debug][gc,ref            ] GC(1474) Skipped phase3 of Reference Processing due to unavailable references
[261.791s][debug][gc,ref            ] GC(1474) Skipped phase4 of Reference Processing due to unavailable references
[261.791s][debug][gc,ergo           ] GC(1474) Running G1 Free Collection Set using 8 workers for collection set length 871 (1452)
[261.791s][debug][gc,ergo           ] GC(1474) Running G1 Rebuild Free List Task using 8 workers for rebuilding free list of 0 (4096) regions
[261.791s][trace][gc,age            ] GC(1474) Age table with threshold 15 (max threshold 15)
[261.791s][trace][gc,age            ] GC(1474) - age   1:    5202616 bytes,    5202616 total
[261.791s][debug][gc,plab           ] GC(1474) Young PLAB allocation: allocated: 16512B, wasted: 0B, unused: 14064B, used: 2448B, undo waste: 0B, 
[261.791s][debug][gc,plab           ] GC(1474) Young other allocation: region end waste: 1483040B, regions filled: 7, direct allocated: 5200168B, failure used: 0B, failure wasted: 0B
[261.791s][debug][gc,plab           ] GC(1474) Young sizing: calculated: 0B, actual: 2064B
[261.791s][debug][gc,plab           ] GC(1474) Old PLAB allocation: allocated: 0B, wasted: 0B, unused: 0B, used: 0B, undo waste: 0B, 
[261.791s][debug][gc,plab           ] GC(1474) Old other allocation: region end waste: 0B, regions filled: 1, direct allocated: 0B, failure used: 0B, failure wasted: 0B
[261.791s][debug][gc,plab           ] GC(1474) Old sizing: calculated: 0B, actual: 2064B
[261.791s][debug][gc,ihop           ] GC(1474) Basic information (value update), threshold: 685139558B (45.00), target occupancy: 1522532352B, current occupancy: 25503944B, recent allocation size: 0B, recent allocation duration: 44.25ms, recent old gen allocation rate: 0.00B/s, recent marking phase length: 38.29ms
[261.791s][debug][gc,ihop           ] GC(1474) Adaptive IHOP information (value update), threshold: 685139558B (47.37), internal target occupancy: 1446405734B, occupancy: 25503944B, additional buffer size: 913309696B, predicted old gen allocation rate: 1.88B/s, predicted marking phase length: 76.58ms, prediction active: false
[261.791s][debug][gc,ergo,refine    ] GC(1474) Concurrent refinement times: Logged Cards Scan time goal: 20.00ms Logged Cards Scan time: 0.00ms HCC time: 0.00ms
[261.791s][debug][gc,ergo,refine    ] GC(1474) Updated Refinement Zones: green: 2048, yellow: 6144, red: 10240
[261.791s][info ][gc,phases         ] GC(1474)   Pre Evacuate Collection Set: 0.1ms
[261.791s][debug][gc,phases         ] GC(1474)     Prepare TLABs: 0.0ms
[261.791s][debug][gc,phases         ] GC(1474)     Choose Collection Set: 0.0ms
[261.791s][debug][gc,phases         ] GC(1474)     Region Register: 0.1ms
[261.791s][debug][gc,phases         ] GC(1474)     Prepare Heap Roots: 0.0ms
[261.791s][info ][gc,phases         ] GC(1474)   Merge Heap Roots: 0.2ms
[261.791s][debug][gc,phases         ] GC(1474)     Prepare Merge Heap Roots: 0.0ms
[261.791s][debug][gc,phases         ] GC(1474)     Eager Reclaim (ms):       skipped
[261.791s][debug][gc,phases         ] GC(1474)     Remembered Sets (ms):     Min:  0.0, Avg:  0.0, Max:  0.1, Diff:  0.0, Sum:  0.4, Workers: 8
[261.791s][debug][gc,phases         ] GC(1474)       Merged Sparse:            Min: 0, Avg:  0.0, Max: 0, Diff: 0, Sum: 0, Workers: 8
[261.791s][debug][gc,phases         ] GC(1474)       Merged Fine:              Min: 0, Avg:  0.0, Max: 0, Diff: 0, Sum: 0, Workers: 8
[261.791s][debug][gc,phases         ] GC(1474)       Merged Coarse:            Min: 0, Avg:  0.0, Max: 0, Diff: 0, Sum: 0, Workers: 8
[261.791s][debug][gc,phases         ] GC(1474)       Dirty Cards:              Min: 0, Avg:  0.0, Max: 0, Diff: 0, Sum: 0, Workers: 8
[261.791s][debug][gc,phases         ] GC(1474)     Hot Card Cache (ms):      Min:  0.0, Avg:  0.0, Max:  0.0, Diff:  0.0, Sum:  0.0, Workers: 8
[261.791s][debug][gc,phases         ] GC(1474)       Dirty Cards:              Min: 0, Avg:  0.0, Max: 0, Diff: 0, Sum: 0, Workers: 8
[261.791s][debug][gc,phases         ] GC(1474)       Skipped Cards:            Min: 0, Avg:  0.0, Max: 0, Diff: 0, Sum: 0, Workers: 8
[261.791s][debug][gc,phases         ] GC(1474)     Log Buffers (ms):         Min:  0.0, Avg:  0.0, Max:  0.0, Diff:  0.0, Sum:  0.0, Workers: 8
[261.791s][debug][gc,phases         ] GC(1474)       Dirty Cards:              Min: 0, Avg:  0.2, Max: 1, Diff: 1, Sum: 2, Workers: 8
[261.791s][debug][gc,phases         ] GC(1474)       Skipped Cards:            Min: 0, Avg:  0.0, Max: 0, Diff: 0, Sum: 0, Workers: 8
[261.791s][info ][gc,phases         ] GC(1474)   Evacuate Collection Set: 0.6ms
[261.791s][debug][gc,phases         ] GC(1474)     Ext Root Scanning (ms):   Min:  0.3, Avg:  0.4, Max:  0.5, Diff:  0.2, Sum:  3.5, Workers: 8
[261.791s][debug][gc,phases         ] GC(1474)     Scan Heap Roots (ms):     Min:  0.0, Avg:  0.0, Max:  0.0, Diff:  0.0, Sum:  0.0, Workers: 8
[261.791s][debug][gc,phases         ] GC(1474)       Scanned Cards:            Min: 0, Avg:  0.2, Max: 1, Diff: 1, Sum: 2, Workers: 8
[261.791s][debug][gc,phases         ] GC(1474)       Scanned Blocks:           Min: 0, Avg:  0.2, Max: 1, Diff: 1, Sum: 2, Workers: 8
[261.791s][debug][gc,phases         ] GC(1474)       Claimed Chunks:           Min: 0, Avg:  0.2, Max: 1, Diff: 1, Sum: 2, Workers: 8
[261.791s][debug][gc,phases         ] GC(1474)     Code Root Scan (ms):      Min:  0.0, Avg:  0.0, Max:  0.1, Diff:  0.1, Sum:  0.1, Workers: 8
[261.791s][debug][gc,phases         ] GC(1474)     Object Copy (ms):         Min:  0.0, Avg:  0.0, Max:  0.0, Diff:  0.0, Sum:  0.0, Workers: 8
[261.791s][debug][gc,phases         ] GC(1474)     Termination (ms):         Min:  0.0, Avg:  0.1, Max:  0.1, Diff:  0.0, Sum:  0.4, Workers: 8
[261.791s][debug][gc,phases         ] GC(1474)       Termination Attempts:     Min: 1, Avg:  1.0, Max: 1, Diff: 0, Sum: 8, Workers: 8
[261.791s][debug][gc,phases         ] GC(1474)     GC Worker Other (ms):     Min:  0.0, Avg:  0.0, Max:  0.1, Diff:  0.1, Sum:  0.4, Workers: 8
[261.791s][debug][gc,phases         ] GC(1474)     GC Worker Total (ms):     Min:  0.5, Avg:  0.6, Max:  0.6, Diff:  0.0, Sum:  4.5, Workers: 8
[261.791s][info ][gc,phases         ] GC(1474)   Post Evacuate Collection Set: 0.6ms
[261.791s][debug][gc,phases         ] GC(1474)     Code Roots Fixup: 0.0ms
[261.791s][debug][gc,phases         ] GC(1474)     Clear Card Table: 0.2ms
[261.791s][debug][gc,phases         ] GC(1474)     Reference Processing: 0.0ms
[261.791s][debug][gc,phases,ref     ] GC(1474)       Reconsider SoftReferences: 0.0ms
[261.791s][debug][gc,phases,ref     ] GC(1474)         SoftRef (ms):             skipped
[261.791s][debug][gc,phases,ref     ] GC(1474)       Notify Soft/WeakReferences: 0.0ms
[261.791s][debug][gc,phases,ref     ] GC(1474)         SoftRef (ms):             skipped
[261.791s][debug][gc,phases,ref     ] GC(1474)         WeakRef (ms):             skipped
[261.791s][debug][gc,phases,ref     ] GC(1474)         FinalRef (ms):            skipped
[261.791s][debug][gc,phases,ref     ] GC(1474)         Total (ms):               skipped
[261.791s][debug][gc,phases,ref     ] GC(1474)       Notify and keep alive finalizable: 0.0ms
[261.791s][debug][gc,phases,ref     ] GC(1474)         FinalRef (ms):            skipped
[261.791s][debug][gc,phases,ref     ] GC(1474)       Notify PhantomReferences: 0.0ms
[261.792s][debug][gc,phases,ref     ] GC(1474)         PhantomRef (ms):          skipped
[261.792s][debug][gc,phases,ref     ] GC(1474)       SoftReference:
[261.792s][debug][gc,phases,ref     ] GC(1474)         Discovered: 0
[261.792s][debug][gc,phases,ref     ] GC(1474)         Cleared: 0
[261.792s][debug][gc,phases,ref     ] GC(1474)       WeakReference:
[261.792s][debug][gc,phases,ref     ] GC(1474)         Discovered: 0
[261.792s][debug][gc,phases,ref     ] GC(1474)         Cleared: 0
[261.792s][debug][gc,phases,ref     ] GC(1474)       FinalReference:
[261.792s][debug][gc,phases,ref     ] GC(1474)         Discovered: 0
[261.792s][debug][gc,phases,ref     ] GC(1474)         Cleared: 0
[261.792s][debug][gc,phases,ref     ] GC(1474)       PhantomReference:
[261.792s][debug][gc,phases,ref     ] GC(1474)         Discovered: 0
[261.792s][debug][gc,phases,ref     ] GC(1474)         Cleared: 0
[261.792s][debug][gc,phases         ] GC(1474)     Weak Processing: 0.1ms
[261.792s][debug][gc,phases         ] GC(1474)       JVMTI weak processing: 0.0ms
[261.792s][debug][gc,phases         ] GC(1474)         Dead: 0
[261.792s][debug][gc,phases         ] GC(1474)         Total: 0
[261.792s][debug][gc,phases         ] GC(1474)       JFR weak processing: 0.0ms
[261.792s][debug][gc,phases         ] GC(1474)         Dead: 0
[261.792s][debug][gc,phases         ] GC(1474)         Total: 0
[261.792s][debug][gc,phases         ] GC(1474)       JNI weak                  Min:  0.0, Avg:  0.0, Max:  0.0, Diff:  0.0, Sum:  0.0, Workers: 5
[261.792s][debug][gc,phases         ] GC(1474)         Dead                      Min: 0, Avg:  0.0, Max: 0, Diff: 0, Sum: 0, Workers: 5
[261.792s][debug][gc,phases         ] GC(1474)         Total                     Min: 0, Avg: 21.8, Max: 109, Diff: 109, Sum: 109, Workers: 5
[261.792s][debug][gc,phases         ] GC(1474)       VM weak                   Min:  0.0, Avg:  0.0, Max:  0.0, Diff:  0.0, Sum:  0.0, Workers: 5
[261.792s][debug][gc,phases         ] GC(1474)         Dead                      Min: 0, Avg:  0.0, Max: 0, Diff: 0, Sum: 0, Workers: 5
[261.792s][debug][gc,phases         ] GC(1474)         Total                     Min: 0, Avg: 42.6, Max: 213, Diff: 213, Sum: 213, Workers: 5
[261.792s][debug][gc,phases         ] GC(1474)       StringTable weak          Min:  0.0, Avg:  0.0, Max:  0.0, Diff:  0.0, Sum:  0.0, Workers: 5
[261.792s][debug][gc,phases         ] GC(1474)         Dead                      Min: 0, Avg:  0.0, Max: 0, Diff: 0, Sum: 0, Workers: 5
[261.792s][debug][gc,phases         ] GC(1474)         Total                     Min: 0, Avg: 721.8, Max: 2714, Diff: 2714, Sum: 3609, Workers: 5
[261.792s][debug][gc,phases         ] GC(1474)       ResolvedMethodTable weak  Min:  0.0, Avg:  0.0, Max:  0.0, Diff:  0.0, Sum:  0.0, Workers: 5
[261.792s][debug][gc,phases         ] GC(1474)         Dead                      Min: 0, Avg:  0.0, Max: 0, Diff: 0, Sum: 0, Workers: 5
[261.792s][debug][gc,phases         ] GC(1474)         Total                     Min: 0, Avg: 114.8, Max: 254, Diff: 254, Sum: 574, Workers: 5
[261.792s][debug][gc,phases         ] GC(1474)     Merge Per-Thread State: 0.0ms
[261.792s][debug][gc,phases         ] GC(1474)       Copied Bytes              Min: 400312, Avg: 650327.0, Max: 800768, Diff: 400456, Sum: 5202616, Workers: 8
[261.792s][debug][gc,phases         ] GC(1474)       LAB Waste                 Min: 0, Avg:  0.0, Max: 0, Diff: 0, Sum: 0, Workers: 8
[261.792s][debug][gc,phases         ] GC(1474)       LAB Undo Waste            Min: 0, Avg:  0.0, Max: 0, Diff: 0, Sum: 0, Workers: 8
[261.792s][debug][gc,phases         ] GC(1474)     Code Roots Purge: 0.0ms
[261.792s][debug][gc,phases         ] GC(1474)     Redirty Cards: 0.0ms
[261.792s][debug][gc,phases         ] GC(1474)     DerivedPointerTable Update: 0.0ms
[261.792s][debug][gc,phases         ] GC(1474)     Free Collection Set: 0.2ms
[261.792s][debug][gc,phases         ] GC(1474)     Rebuild Free List: 0.1ms
[261.792s][debug][gc,phases         ] GC(1474)     Humongous Reclaim: 0.0ms
[261.792s][debug][gc,phases         ] GC(1474)     Start New Collection Set: 0.0ms
[261.792s][debug][gc,phases         ] GC(1474)     Resize TLABs: 0.0ms
[261.792s][debug][gc,phases         ] GC(1474)     Expand Heap After Collection: 0.0ms
[261.792s][info ][gc,phases         ] GC(1474)   Other: 0.3ms
[261.792s][info ][gc,heap           ] GC(1474) Eden regions: 868->0(864)
[261.792s][info ][gc,heap           ] GC(1474) Survivor regions: 3->7(109)
[261.792s][info ][gc,heap           ] GC(1474) Old regions: 18->18
[261.792s][info ][gc,heap           ] GC(1474) Archive regions: 2->2
[261.792s][info ][gc,heap           ] GC(1474) Humongous regions: 0->0
[261.792s][info ][gc,metaspace      ] GC(1474) Metaspace: 10458K(11136K)->10458K(11136K) NonClass: 9309K(9728K)->9309K(9728K) Class: 1149K(1408K)->1149K(1408K)
[261.792s][debug][gc,heap           ] GC(1474) Heap after GC invocations=1475 (full 1): garbage-first heap   total 1486848K, used 24906K [0x0000000700000000, 0x0000000800000000)
[261.792s][debug][gc,heap           ] GC(1474)   region size 1024K, 7 young (7168K), 7 survivors (7168K)
[261.792s][debug][gc,heap           ] GC(1474)  Metaspace       used 10458K, capacity 10758K, committed 11136K, reserved 1058816K
[261.792s][debug][gc,heap           ] GC(1474)   class space    used 1149K, capacity 1267K, committed 1408K, reserved 1048576K
[261.792s][info ][gc                ] GC(1474) Pause Young (Normal) (G1 Evacuation Pause) 888M->24M(1452M) 2.382ms
[261.792s][info ][gc,cpu            ] GC(1474) User=0.01s Sys=0.00s Real=0.01s
[261.792s][info ][safepoint         ] Safepoint "G1CollectForAllocation", Time since last: 43167048 ns, Reaching safepoint: 176259 ns, At safepoint: 2556702 ns, Total: 2732961 ns
[261.835s][debug][gc,heap           ] GC(1475) Heap before GC invocations=1475 (full 1): garbage-first heap   total 1486848K, used 908618K [0x0000000700000000, 0x0000000800000000)
[261.835s][debug][gc,heap           ] GC(1475)   region size 1024K, 871 young (891904K), 7 survivors (7168K)
[261.835s][debug][gc,heap           ] GC(1475)  Metaspace       used 10458K, capacity 10758K, committed 11136K, reserved 1058816K
[261.835s][debug][gc,heap           ] GC(1475)   class space    used 1149K, capacity 1267K, committed 1408K, reserved 1048576K
[261.835s][info ][gc,start          ] GC(1475) Pause Young (Normal) (G1 Evacuation Pause)
[261.835s][info ][gc,task           ] GC(1475) Using 8 workers of 8 for evacuation
[261.835s][debug][gc,tlab           ] GC(1475) TLAB totals: thrds: 8  refills: 15 max: 2 slow allocs: 1718 max 230 waste: 19.6% gc: 1048152B max: 240968B slow: 95816B max: 14304B fast: 0B max: 0B
[261.835s][debug][gc,age            ] GC(1475) Desired survivor size 57147392 bytes, new threshold 15 (max threshold 15)
[261.835s][debug][gc,alloc,region   ] GC(1475) Mutator Allocation stats, regions: 864, wasted size: 202M (23.4%)
[261.835s][debug][gc,ergo           ] GC(1475) Running G1 Merge Heap Roots using 8 workers for 871 regions
[261.835s][debug][gc,remset         ] GC(1475) Visited cards 256 Total dirty 2048 (12.50%) Total old 3608576 (0.01%)
[261.836s][debug][gc,ergo           ] GC(1475) Running G1 Clear Card Table Task using 2 workers for 2 units of work for 872 regions.
[261.836s][debug][gc,ref            ] GC(1475) Skipped phase1 of Reference Processing due to unavailable references
[261.836s][debug][gc,ref            ] GC(1475) Skipped phase2 of Reference Processing due to unavailable references
[261.836s][debug][gc,ref            ] GC(1475) Skipped phase3 of Reference Processing due to unavailable references
[261.836s][debug][gc,ref            ] GC(1475) Skipped phase4 of Reference Processing due to unavailable references
[261.836s][debug][gc,ergo           ] GC(1475) Running G1 Free Collection Set using 8 workers for collection set length 871 (1452)
[261.836s][debug][gc,ergo           ] GC(1475) Running G1 Rebuild Free List Task using 8 workers for rebuilding free list of 0 (4096) regions
[261.836s][trace][gc,age            ] GC(1475) Age table with threshold 15 (max threshold 15)
[261.836s][trace][gc,age            ] GC(1475) - age   1:    4402600 bytes,    4402600 total
[261.836s][debug][gc,plab           ] GC(1475) Young PLAB allocation: allocated: 16512B, wasted: 0B, unused: 14064B, used: 2448B, undo waste: 0B, 
[261.836s][debug][gc,plab           ] GC(1475) Young other allocation: region end waste: 1232416B, regions filled: 6, direct allocated: 4400152B, failure used: 0B, failure wasted: 0B
[261.836s][debug][gc,plab           ] GC(1475) Young sizing: calculated: 0B, actual: 2064B
[261.836s][debug][gc,plab           ] GC(1475) Old PLAB allocation: allocated: 0B, wasted: 0B, unused: 0B, used: 0B, undo waste: 0B, 
[261.836s][debug][gc,plab           ] GC(1475) Old other allocation: region end waste: 0B, regions filled: 1, direct allocated: 0B, failure used: 0B, failure wasted: 0B
[261.836s][debug][gc,plab           ] GC(1475) Old sizing: calculated: 0B, actual: 2064B
[261.836s][debug][gc,ihop           ] GC(1475) Basic information (value update), threshold: 685139558B (45.00), target occupancy: 1522532352B, current occupancy: 24453304B, recent allocation size: 0B, recent allocation duration: 43.61ms, recent old gen allocation rate: 0.00B/s, recent marking phase length: 38.29ms
[261.836s][debug][gc,ihop           ] GC(1475) Adaptive IHOP information (value update), threshold: 685139558B (47.37), internal target occupancy: 1446405734B, occupancy: 24453304B, additional buffer size: 913309696B, predicted old gen allocation rate: 1.84B/s, predicted marking phase length: 76.58ms, prediction active: false
[261.836s][debug][gc,ergo,refine    ] GC(1475) Concurrent refinement times: Logged Cards Scan time goal: 20.00ms Logged Cards Scan time: 0.00ms HCC time: 0.00ms
[261.836s][debug][gc,ergo,refine    ] GC(1475) Updated Refinement Zones: green: 2048, yellow: 6144, red: 10240
[261.836s][info ][gc,phases         ] GC(1475)   Pre Evacuate Collection Set: 0.1ms
[261.836s][debug][gc,phases         ] GC(1475)     Prepare TLABs: 0.0ms
[261.836s][debug][gc,phases         ] GC(1475)     Choose Collection Set: 0.0ms
[261.836s][debug][gc,phases         ] GC(1475)     Region Register: 0.1ms
[261.836s][debug][gc,phases         ] GC(1475)     Prepare Heap Roots: 0.0ms
[261.836s][info ][gc,phases         ] GC(1475)   Merge Heap Roots: 0.1ms
[261.836s][debug][gc,phases         ] GC(1475)     Prepare Merge Heap Roots: 0.0ms
[261.836s][debug][gc,phases         ] GC(1475)     Eager Reclaim (ms):       skipped
[261.836s][debug][gc,phases         ] GC(1475)     Remembered Sets (ms):     Min:  0.0, Avg:  0.0, Max:  0.0, Diff:  0.0, Sum:  0.2, Workers: 8
[261.836s][debug][gc,phases         ] GC(1475)       Merged Sparse:            Min: 0, Avg:  0.0, Max: 0, Diff: 0, Sum: 0, Workers: 8
[261.837s][debug][gc,phases         ] GC(1475)       Merged Fine:              Min: 0, Avg:  0.0, Max: 0, Diff: 0, Sum: 0, Workers: 8
[261.837s][debug][gc,phases         ] GC(1475)       Merged Coarse:            Min: 0, Avg:  0.0, Max: 0, Diff: 0, Sum: 0, Workers: 8
[261.837s][debug][gc,phases         ] GC(1475)       Dirty Cards:              Min: 0, Avg:  0.0, Max: 0, Diff: 0, Sum: 0, Workers: 8
[261.837s][debug][gc,phases         ] GC(1475)     Hot Card Cache (ms):      Min:  0.0, Avg:  0.0, Max:  0.0, Diff:  0.0, Sum:  0.0, Workers: 8
[261.837s][debug][gc,phases         ] GC(1475)       Dirty Cards:              Min: 0, Avg:  0.0, Max: 0, Diff: 0, Sum: 0, Workers: 8
[261.837s][debug][gc,phases         ] GC(1475)       Skipped Cards:            Min: 0, Avg:  0.0, Max: 0, Diff: 0, Sum: 0, Workers: 8
[261.837s][debug][gc,phases         ] GC(1475)     Log Buffers (ms):         Min:  0.0, Avg:  0.0, Max:  0.0, Diff:  0.0, Sum:  0.0, Workers: 8
[261.837s][debug][gc,phases         ] GC(1475)       Dirty Cards:              Min: 0, Avg:  0.1, Max: 1, Diff: 1, Sum: 1, Workers: 8
[261.837s][debug][gc,phases         ] GC(1475)       Skipped Cards:            Min: 0, Avg:  0.0, Max: 0, Diff: 0, Sum: 0, Workers: 8
[261.837s][info ][gc,phases         ] GC(1475)   Evacuate Collection Set: 0.5ms
[261.837s][debug][gc,phases         ] GC(1475)     Ext Root Scanning (ms):   Min:  0.3, Avg:  0.3, Max:  0.4, Diff:  0.1, Sum:  2.6, Workers: 8
[261.837s][debug][gc,phases         ] GC(1475)     Scan Heap Roots (ms):     Min:  0.0, Avg:  0.0, Max:  0.0, Diff:  0.0, Sum:  0.0, Workers: 8
[261.837s][debug][gc,phases         ] GC(1475)       Scanned Cards:            Min: 0, Avg:  0.1, Max: 1, Diff: 1, Sum: 1, Workers: 8
[261.837s][debug][gc,phases         ] GC(1475)       Scanned Blocks:           Min: 0, Avg:  0.1, Max: 1, Diff: 1, Sum: 1, Workers: 8
[261.837s][debug][gc,phases         ] GC(1475)       Claimed Chunks:           Min: 0, Avg:  0.1, Max: 1, Diff: 1, Sum: 1, Workers: 8
[261.837s][debug][gc,phases         ] GC(1475)     Code Root Scan (ms):      Min:  0.0, Avg:  0.0, Max:  0.0, Diff:  0.0, Sum:  0.1, Workers: 8
[261.837s][debug][gc,phases         ] GC(1475)     Object Copy (ms):         Min:  0.0, Avg:  0.0, Max:  0.0, Diff:  0.0, Sum:  0.0, Workers: 8
[261.837s][debug][gc,phases         ] GC(1475)     Termination (ms):         Min:  0.0, Avg:  0.1, Max:  0.1, Diff:  0.1, Sum:  0.6, Workers: 8
[261.837s][debug][gc,phases         ] GC(1475)       Termination Attempts:     Min: 1, Avg:  1.0, Max: 1, Diff: 0, Sum: 8, Workers: 8
[261.837s][debug][gc,phases         ] GC(1475)     GC Worker Other (ms):     Min:  0.0, Avg:  0.0, Max:  0.1, Diff:  0.1, Sum:  0.4, Workers: 8
[261.837s][debug][gc,phases         ] GC(1475)     GC Worker Total (ms):     Min:  0.4, Avg:  0.5, Max:  0.5, Diff:  0.1, Sum:  3.8, Workers: 8
[261.837s][info ][gc,phases         ] GC(1475)   Post Evacuate Collection Set: 0.7ms
[261.837s][debug][gc,phases         ] GC(1475)     Code Roots Fixup: 0.0ms
[261.837s][debug][gc,phases         ] GC(1475)     Clear Card Table: 0.2ms
[261.837s][debug][gc,phases         ] GC(1475)     Reference Processing: 0.0ms
[261.837s][debug][gc,phases,ref     ] GC(1475)       Reconsider SoftReferences: 0.0ms
[261.837s][debug][gc,phases,ref     ] GC(1475)         SoftRef (ms):             skipped
[261.837s][debug][gc,phases,ref     ] GC(1475)       Notify Soft/WeakReferences: 0.0ms
[261.837s][debug][gc,phases,ref     ] GC(1475)         SoftRef (ms):             skipped
[261.837s][debug][gc,phases,ref     ] GC(1475)         WeakRef (ms):             skipped
[261.837s][debug][gc,phases,ref     ] GC(1475)         FinalRef (ms):            skipped
[261.837s][debug][gc,phases,ref     ] GC(1475)         Total (ms):               skipped
[261.837s][debug][gc,phases,ref     ] GC(1475)       Notify and keep alive finalizable: 0.0ms
[261.837s][debug][gc,phases,ref     ] GC(1475)         FinalRef (ms):            skipped
[261.837s][debug][gc,phases,ref     ] GC(1475)       Notify PhantomReferences: 0.0ms
[261.837s][debug][gc,phases,ref     ] GC(1475)         PhantomRef (ms):          skipped
[261.837s][debug][gc,phases,ref     ] GC(1475)       SoftReference:
[261.837s][debug][gc,phases,ref     ] GC(1475)         Discovered: 0
[261.837s][debug][gc,phases,ref     ] GC(1475)         Cleared: 0
[261.837s][debug][gc,phases,ref     ] GC(1475)       WeakReference:
[261.837s][debug][gc,phases,ref     ] GC(1475)         Discovered: 0
[261.837s][debug][gc,phases,ref     ] GC(1475)         Cleared: 0
[261.837s][debug][gc,phases,ref     ] GC(1475)       FinalReference:
[261.837s][debug][gc,phases,ref     ] GC(1475)         Discovered: 0
[261.837s][debug][gc,phases,ref     ] GC(1475)         Cleared: 0
[261.837s][debug][gc,phases,ref     ] GC(1475)       PhantomReference:
[261.837s][debug][gc,phases,ref     ] GC(1475)         Discovered: 0
[261.837s][debug][gc,phases,ref     ] GC(1475)         Cleared: 0
[261.837s][debug][gc,phases         ] GC(1475)     Weak Processing: 0.1ms
[261.837s][debug][gc,phases         ] GC(1475)       JVMTI weak processing: 0.0ms
[261.837s][debug][gc,phases         ] GC(1475)         Dead: 0
[261.837s][debug][gc,phases         ] GC(1475)         Total: 0
[261.837s][debug][gc,phases         ] GC(1475)       JFR weak processing: 0.0ms
[261.837s][debug][gc,phases         ] GC(1475)         Dead: 0
[261.837s][debug][gc,phases         ] GC(1475)         Total: 0
[261.837s][debug][gc,phases         ] GC(1475)       JNI weak                  Min:  0.0, Avg:  0.0, Max:  0.0, Diff:  0.0, Sum:  0.0, Workers: 5
[261.837s][debug][gc,phases         ] GC(1475)         Dead                      Min: 0, Avg:  0.0, Max: 0, Diff: 0, Sum: 0, Workers: 5
[261.837s][debug][gc,phases         ] GC(1475)         Total                     Min: 0, Avg: 21.8, Max: 64, Diff: 64, Sum: 109, Workers: 5
[261.837s][debug][gc,phases         ] GC(1475)       VM weak                   Min:  0.0, Avg:  0.0, Max:  0.0, Diff:  0.0, Sum:  0.0, Workers: 5
[261.837s][debug][gc,phases         ] GC(1475)         Dead                      Min: 0, Avg:  0.0, Max: 0, Diff: 0, Sum: 0, Workers: 5
[261.837s][debug][gc,phases         ] GC(1475)         Total                     Min: 0, Avg: 42.6, Max: 128, Diff: 128, Sum: 213, Workers: 5
[261.837s][debug][gc,phases         ] GC(1475)       StringTable weak          Min:  0.0, Avg:  0.0, Max:  0.0, Diff:  0.0, Sum:  0.1, Workers: 5
[261.837s][debug][gc,phases         ] GC(1475)         Dead                      Min: 0, Avg:  0.0, Max: 0, Diff: 0, Sum: 0, Workers: 5
[261.837s][debug][gc,phases         ] GC(1475)         Total                     Min: 0, Avg: 721.8, Max: 1818, Diff: 1818, Sum: 3609, Workers: 5
[261.837s][debug][gc,phases         ] GC(1475)       ResolvedMethodTable weak  Min:  0.0, Avg:  0.0, Max:  0.0, Diff:  0.0, Sum:  0.0, Workers: 5
[261.837s][debug][gc,phases         ] GC(1475)         Dead                      Min: 0, Avg:  0.0, Max: 0, Diff: 0, Sum: 0, Workers: 5
[261.837s][debug][gc,phases         ] GC(1475)         Total                     Min: 0, Avg: 114.8, Max: 190, Diff: 190, Sum: 574, Workers: 5
[261.837s][debug][gc,phases         ] GC(1475)     Merge Per-Thread State: 0.0ms
[261.837s][debug][gc,phases         ] GC(1475)       Copied Bytes              Min: 400088, Avg: 550325.0, Max: 800320, Diff: 400232, Sum: 4402600, Workers: 8
[261.837s][debug][gc,phases         ] GC(1475)       LAB Waste                 Min: 0, Avg:  0.0, Max: 0, Diff: 0, Sum: 0, Workers: 8
[261.837s][debug][gc,phases         ] GC(1475)       LAB Undo Waste            Min: 0, Avg:  0.0, Max: 0, Diff: 0, Sum: 0, Workers: 8
[261.837s][debug][gc,phases         ] GC(1475)     Code Roots Purge: 0.0ms
[261.837s][debug][gc,phases         ] GC(1475)     Redirty Cards: 0.0ms
[261.837s][debug][gc,phases         ] GC(1475)     DerivedPointerTable Update: 0.0ms
[261.837s][debug][gc,phases         ] GC(1475)     Free Collection Set: 0.2ms
[261.837s][debug][gc,phases         ] GC(1475)     Rebuild Free List: 0.1ms
[261.837s][debug][gc,phases         ] GC(1475)     Humongous Reclaim: 0.0ms
[261.837s][debug][gc,phases         ] GC(1475)     Start New Collection Set: 0.0ms
[261.837s][debug][gc,phases         ] GC(1475)     Resize TLABs: 0.0ms
[261.837s][debug][gc,phases         ] GC(1475)     Expand Heap After Collection: 0.0ms
[261.837s][info ][gc,phases         ] GC(1475)   Other: 0.3ms
[261.837s][info ][gc,heap           ] GC(1475) Eden regions: 864->0(865)
[261.837s][info ][gc,heap           ] GC(1475) Survivor regions: 7->6(109)
[261.837s][info ][gc,heap           ] GC(1475) Old regions: 18->18
[261.837s][info ][gc,heap           ] GC(1475) Archive regions: 2->2
[261.837s][info ][gc,heap           ] GC(1475) Humongous regions: 0->0
[261.837s][info ][gc,metaspace      ] GC(1475) Metaspace: 10458K(11136K)->10458K(11136K) NonClass: 9309K(9728K)->9309K(9728K) Class: 1149K(1408K)->1149K(1408K)
[261.837s][debug][gc,heap           ] GC(1475) Heap after GC invocations=1476 (full 1): garbage-first heap   total 1486848K, used 23880K [0x0000000700000000, 0x0000000800000000)
[261.837s][debug][gc,heap           ] GC(1475)   region size 1024K, 6 young (6144K), 6 survivors (6144K)
[261.837s][debug][gc,heap           ] GC(1475)  Metaspace       used 10458K, capacity 10758K, committed 11136K, reserved 1058816K
[261.837s][debug][gc,heap           ] GC(1475)   class space    used 1149K, capacity 1267K, committed 1408K, reserved 1048576K
[261.837s][info ][gc                ] GC(1475) Pause Young (Normal) (G1 Evacuation Pause) 888M->23M(1452M) 2.368ms
[261.837s][info ][gc,cpu            ] GC(1475) User=0.01s Sys=0.00s Real=0.00s
[261.837s][info ][safepoint         ] Safepoint "G1CollectForAllocation", Time since last: 42498354 ns, Reaching safepoint: 205032 ns, At safepoint: 2535109 ns, Total: 2740141 ns
[261.880s][debug][gc,heap           ] GC(1476) Heap before GC invocations=1476 (full 1): garbage-first heap   total 1486848K, used 908616K [0x0000000700000000, 0x0000000800000000)
[261.880s][debug][gc,heap           ] GC(1476)   region size 1024K, 871 young (891904K), 6 survivors (6144K)
[261.880s][debug][gc,heap           ] GC(1476)  Metaspace       used 10458K, capacity 10758K, committed 11136K, reserved 1058816K
[261.880s][debug][gc,heap           ] GC(1476)   class space    used 1149K, capacity 1267K, committed 1408K, reserved 1048576K
[261.880s][info ][gc,start          ] GC(1476) Pause Young (Normal) (G1 Evacuation Pause)
[261.880s][info ][gc,task           ] GC(1476) Using 8 workers of 8 for evacuation
[261.880s][debug][gc,tlab           ] GC(1476) TLAB totals: thrds: 8  refills: 16 max: 3 slow allocs: 1719 max 257 waste: 31.1% gc: 1309336B max: 239712B slow: 85304B max: 15096B fast: 0B max: 0B
[261.880s][debug][gc,age            ] GC(1476) Desired survivor size 57147392 bytes, new threshold 15 (max threshold 15)
[261.880s][debug][gc,alloc,region   ] GC(1476) Mutator Allocation stats, regions: 865, wasted size: 202M (23.4%)
[261.881s][debug][gc,ergo           ] GC(1476) Running G1 Merge Heap Roots using 8 workers for 871 regions
[261.881s][debug][gc,remset         ] GC(1476) Visited cards 512 Total dirty 4096 (12.50%) Total old 3608576 (0.01%)
[261.881s][debug][gc,ergo           ] GC(1476) Running G1 Clear Card Table Task using 2 workers for 2 units of work for 873 regions.
[261.882s][debug][gc,ref            ] GC(1476) Skipped phase1 of Reference Processing due to unavailable references
[261.882s][debug][gc,ref            ] GC(1476) Skipped phase2 of Reference Processing due to unavailable references
[261.882s][debug][gc,ref            ] GC(1476) Skipped phase3 of Reference Processing due to unavailable references
[261.882s][debug][gc,ref            ] GC(1476) Skipped phase4 of Reference Processing due to unavailable references
[261.882s][debug][gc,ergo           ] GC(1476) Running G1 Free Collection Set using 8 workers for collection set length 871 (1452)
[261.882s][debug][gc,ergo           ] GC(1476) Running G1 Rebuild Free List Task using 8 workers for rebuilding free list of 0 (4096) regions
[261.882s][trace][gc,age            ] GC(1476) Age table with threshold 15 (max threshold 15)
[261.882s][trace][gc,age            ] GC(1476) - age   1:    4402584 bytes,    4402584 total
[261.882s][debug][gc,plab           ] GC(1476) Young PLAB allocation: allocated: 16512B, wasted: 0B, unused: 14064B, used: 2448B, undo waste: 0B, 
[261.882s][debug][gc,plab           ] GC(1476) Young other allocation: region end waste: 1236560B, regions filled: 6, direct allocated: 4400136B, failure used: 0B, failure wasted: 0B
[261.882s][debug][gc,plab           ] GC(1476) Young sizing: calculated: 0B, actual: 2064B
[261.882s][debug][gc,plab           ] GC(1476) Old PLAB allocation: allocated: 0B, wasted: 0B, unused: 0B, used: 0B, undo waste: 0B, 
[261.882s][debug][gc,plab           ] GC(1476) Old other allocation: region end waste: 0B, regions filled: 1, direct allocated: 0B, failure used: 0B, failure wasted: 0B
[261.882s][debug][gc,plab           ] GC(1476) Old sizing: calculated: 0B, actual: 2064B
[261.882s][debug][gc,ihop           ] GC(1476) Basic information (value update), threshold: 685139558B (45.00), target occupancy: 1522532352B, current occupancy: 24457432B, recent allocation size: 0B, recent allocation duration: 44.10ms, recent old gen allocation rate: 0.00B/s, recent marking phase length: 38.29ms
[261.882s][debug][gc,ihop           ] GC(1476) Adaptive IHOP information (value update), threshold: 685139558B (47.37), internal target occupancy: 1446405734B, occupancy: 24457432B, additional buffer size: 913309696B, predicted old gen allocation rate: 1.79B/s, predicted marking phase length: 76.58ms, prediction active: false
[261.882s][debug][gc,ergo,refine    ] GC(1476) Concurrent refinement times: Logged Cards Scan time goal: 20.00ms Logged Cards Scan time: 0.00ms HCC time: 0.00ms
[261.882s][debug][gc,ergo,refine    ] GC(1476) Updated Refinement Zones: green: 2048, yellow: 6144, red: 10240
[261.882s][info ][gc,phases         ] GC(1476)   Pre Evacuate Collection Set: 0.1ms
[261.882s][debug][gc,phases         ] GC(1476)     Prepare TLABs: 0.0ms
[261.882s][debug][gc,phases         ] GC(1476)     Choose Collection Set: 0.0ms
[261.882s][debug][gc,phases         ] GC(1476)     Region Register: 0.1ms
[261.882s][debug][gc,phases         ] GC(1476)     Prepare Heap Roots: 0.0ms
[261.882s][info ][gc,phases         ] GC(1476)   Merge Heap Roots: 0.1ms
[261.882s][debug][gc,phases         ] GC(1476)     Prepare Merge Heap Roots: 0.0ms
[261.882s][debug][gc,phases         ] GC(1476)     Eager Reclaim (ms):       skipped
[261.882s][debug][gc,phases         ] GC(1476)     Remembered Sets (ms):     Min:  0.0, Avg:  0.0, Max:  0.1, Diff:  0.0, Sum:  0.3, Workers: 8
[261.882s][debug][gc,phases         ] GC(1476)       Merged Sparse:            Min: 0, Avg:  0.0, Max: 0, Diff: 0, Sum: 0, Workers: 8
[261.882s][debug][gc,phases         ] GC(1476)       Merged Fine:              Min: 0, Avg:  0.0, Max: 0, Diff: 0, Sum: 0, Workers: 8
[261.882s][debug][gc,phases         ] GC(1476)       Merged Coarse:            Min: 0, Avg:  0.0, Max: 0, Diff: 0, Sum: 0, Workers: 8
[261.882s][debug][gc,phases         ] GC(1476)       Dirty Cards:              Min: 0, Avg:  0.0, Max: 0, Diff: 0, Sum: 0, Workers: 8
[261.882s][debug][gc,phases         ] GC(1476)     Hot Card Cache (ms):      Min:  0.0, Avg:  0.0, Max:  0.0, Diff:  0.0, Sum:  0.0, Workers: 8
[261.882s][debug][gc,phases         ] GC(1476)       Dirty Cards:              Min: 0, Avg:  0.0, Max: 0, Diff: 0, Sum: 0, Workers: 8
[261.882s][debug][gc,phases         ] GC(1476)       Skipped Cards:            Min: 0, Avg:  0.0, Max: 0, Diff: 0, Sum: 0, Workers: 8
[261.882s][debug][gc,phases         ] GC(1476)     Log Buffers (ms):         Min:  0.0, Avg:  0.0, Max:  0.0, Diff:  0.0, Sum:  0.0, Workers: 8
[261.882s][debug][gc,phases         ] GC(1476)       Dirty Cards:              Min: 0, Avg:  0.2, Max: 1, Diff: 1, Sum: 2, Workers: 8
[261.882s][debug][gc,phases         ] GC(1476)       Skipped Cards:            Min: 0, Avg:  0.0, Max: 0, Diff: 0, Sum: 0, Workers: 8
[261.882s][info ][gc,phases         ] GC(1476)   Evacuate Collection Set: 0.5ms
[261.882s][debug][gc,phases         ] GC(1476)     Ext Root Scanning (ms):   Min:  0.0, Avg:  0.3, Max:  0.4, Diff:  0.4, Sum:  2.1, Workers: 8
[261.882s][debug][gc,phases         ] GC(1476)     Scan Heap Roots (ms):     Min:  0.0, Avg:  0.0, Max:  0.0, Diff:  0.0, Sum:  0.0, Workers: 8
[261.882s][debug][gc,phases         ] GC(1476)       Scanned Cards:            Min: 0, Avg:  0.2, Max: 2, Diff: 2, Sum: 2, Workers: 8
[261.882s][debug][gc,phases         ] GC(1476)       Scanned Blocks:           Min: 0, Avg:  0.2, Max: 2, Diff: 2, Sum: 2, Workers: 8
[261.882s][debug][gc,phases         ] GC(1476)       Claimed Chunks:           Min: 0, Avg:  0.2, Max: 2, Diff: 2, Sum: 2, Workers: 8
[261.882s][debug][gc,phases         ] GC(1476)     Code Root Scan (ms):      Min:  0.0, Avg:  0.0, Max:  0.0, Diff:  0.0, Sum:  0.1, Workers: 8
[261.882s][debug][gc,phases         ] GC(1476)     Object Copy (ms):         Min:  0.0, Avg:  0.0, Max:  0.0, Diff:  0.0, Sum:  0.0, Workers: 8
[261.882s][debug][gc,phases         ] GC(1476)     Termination (ms):         Min:  0.0, Avg:  0.1, Max:  0.2, Diff:  0.2, Sum:  1.1, Workers: 8
[261.882s][debug][gc,phases         ] GC(1476)       Termination Attempts:     Min: 1, Avg:  1.4, Max: 3, Diff: 2, Sum: 11, Workers: 8
[261.882s][debug][gc,phases         ] GC(1476)     GC Worker Other (ms):     Min:  0.0, Avg:  0.0, Max:  0.1, Diff:  0.1, Sum:  0.4, Workers: 8
[261.882s][debug][gc,phases         ] GC(1476)     GC Worker Total (ms):     Min:  0.4, Avg:  0.5, Max:  0.5, Diff:  0.0, Sum:  3.8, Workers: 8
[261.882s][info ][gc,phases         ] GC(1476)   Post Evacuate Collection Set: 0.6ms
[261.882s][debug][gc,phases         ] GC(1476)     Code Roots Fixup: 0.0ms
[261.882s][debug][gc,phases         ] GC(1476)     Clear Card Table: 0.2ms
[261.882s][debug][gc,phases         ] GC(1476)     Reference Processing: 0.0ms
[261.882s][debug][gc,phases,ref     ] GC(1476)       Reconsider SoftReferences: 0.0ms
[261.882s][debug][gc,phases,ref     ] GC(1476)         SoftRef (ms):             skipped
[261.882s][debug][gc,phases,ref     ] GC(1476)       Notify Soft/WeakReferences: 0.0ms
[261.882s][debug][gc,phases,ref     ] GC(1476)         SoftRef (ms):             skipped
[261.882s][debug][gc,phases,ref     ] GC(1476)         WeakRef (ms):             skipped
[261.882s][debug][gc,phases,ref     ] GC(1476)         FinalRef (ms):            skipped
[261.882s][debug][gc,phases,ref     ] GC(1476)         Total (ms):               skipped
[261.882s][debug][gc,phases,ref     ] GC(1476)       Notify and keep alive finalizable: 0.0ms
[261.882s][debug][gc,phases,ref     ] GC(1476)         FinalRef (ms):            skipped
[261.882s][debug][gc,phases,ref     ] GC(1476)       Notify PhantomReferences: 0.0ms
[261.882s][debug][gc,phases,ref     ] GC(1476)         PhantomRef (ms):          skipped
[261.882s][debug][gc,phases,ref     ] GC(1476)       SoftReference:
[261.882s][debug][gc,phases,ref     ] GC(1476)         Discovered: 0
[261.882s][debug][gc,phases,ref     ] GC(1476)         Cleared: 0
[261.882s][debug][gc,phases,ref     ] GC(1476)       WeakReference:
[261.882s][debug][gc,phases,ref     ] GC(1476)         Discovered: 0
[261.882s][debug][gc,phases,ref     ] GC(1476)         Cleared: 0
[261.882s][debug][gc,phases,ref     ] GC(1476)       FinalReference:
[261.882s][debug][gc,phases,ref     ] GC(1476)         Discovered: 0
[261.882s][debug][gc,phases,ref     ] GC(1476)         Cleared: 0
[261.882s][debug][gc,phases,ref     ] GC(1476)       PhantomReference:
[261.882s][debug][gc,phases,ref     ] GC(1476)         Discovered: 0
[261.882s][debug][gc,phases,ref     ] GC(1476)         Cleared: 0
[261.882s][debug][gc,phases         ] GC(1476)     Weak Processing: 0.0ms
[261.882s][debug][gc,phases         ] GC(1476)       JVMTI weak processing: 0.0ms
[261.882s][debug][gc,phases         ] GC(1476)         Dead: 0
[261.882s][debug][gc,phases         ] GC(1476)         Total: 0
[261.882s][debug][gc,phases         ] GC(1476)       JFR weak processing: 0.0ms
[261.882s][debug][gc,phases         ] GC(1476)         Dead: 0
[261.882s][debug][gc,phases         ] GC(1476)         Total: 0
[261.882s][debug][gc,phases         ] GC(1476)       JNI weak                  Min:  0.0, Avg:  0.0, Max:  0.0, Diff:  0.0, Sum:  0.0, Workers: 5
[261.882s][debug][gc,phases         ] GC(1476)         Dead                      Min: 0, Avg:  0.0, Max: 0, Diff: 0, Sum: 0, Workers: 5
[261.882s][debug][gc,phases         ] GC(1476)         Total                     Min: 0, Avg: 21.8, Max: 64, Diff: 64, Sum: 109, Workers: 5
[261.882s][debug][gc,phases         ] GC(1476)       VM weak                   Min:  0.0, Avg:  0.0, Max:  0.0, Diff:  0.0, Sum:  0.0, Workers: 5
[261.882s][debug][gc,phases         ] GC(1476)         Dead                      Min: 0, Avg:  0.0, Max: 0, Diff: 0, Sum: 0, Workers: 5
[261.882s][debug][gc,phases         ] GC(1476)         Total                     Min: 0, Avg: 42.6, Max: 85, Diff: 85, Sum: 213, Workers: 5
[261.883s][debug][gc,phases         ] GC(1476)       StringTable weak          Min:  0.0, Avg:  0.0, Max:  0.0, Diff:  0.0, Sum:  0.1, Workers: 5
[261.883s][debug][gc,phases         ] GC(1476)         Dead                      Min: 0, Avg:  0.0, Max: 0, Diff: 0, Sum: 0, Workers: 5
[261.883s][debug][gc,phases         ] GC(1476)         Total                     Min: 0, Avg: 721.8, Max: 1434, Diff: 1434, Sum: 3609, Workers: 5
[261.883s][debug][gc,phases         ] GC(1476)       ResolvedMethodTable weak  Min:  0.0, Avg:  0.0, Max:  0.0, Diff:  0.0, Sum:  0.0, Workers: 5
[261.883s][debug][gc,phases         ] GC(1476)         Dead                      Min: 0, Avg:  0.0, Max: 0, Diff: 0, Sum: 0, Workers: 5
[261.883s][debug][gc,phases         ] GC(1476)         Total                     Min: 0, Avg: 114.8, Max: 192, Diff: 192, Sum: 574, Workers: 5
[261.883s][debug][gc,phases         ] GC(1476)     Merge Per-Thread State: 0.0ms
[261.883s][debug][gc,phases         ] GC(1476)       Copied Bytes              Min: 456, Avg: 550323.0, Max: 800544, Diff: 800088, Sum: 4402584, Workers: 8
[261.883s][debug][gc,phases         ] GC(1476)       LAB Waste                 Min: 0, Avg:  0.0, Max: 0, Diff: 0, Sum: 0, Workers: 8
[261.883s][debug][gc,phases         ] GC(1476)       LAB Undo Waste            Min: 0, Avg:  0.0, Max: 0, Diff: 0, Sum: 0, Workers: 8
[261.883s][debug][gc,phases         ] GC(1476)     Code Roots Purge: 0.0ms
[261.883s][debug][gc,phases         ] GC(1476)     Redirty Cards: 0.0ms
[261.883s][debug][gc,phases         ] GC(1476)     DerivedPointerTable Update: 0.0ms
[261.883s][debug][gc,phases         ] GC(1476)     Free Collection Set: 0.2ms
[261.883s][debug][gc,phases         ] GC(1476)     Rebuild Free List: 0.1ms
[261.883s][debug][gc,phases         ] GC(1476)     Humongous Reclaim: 0.0ms
[261.883s][debug][gc,phases         ] GC(1476)     Start New Collection Set: 0.0ms
[261.883s][debug][gc,phases         ] GC(1476)     Resize TLABs: 0.0ms
[261.883s][debug][gc,phases         ] GC(1476)     Expand Heap After Collection: 0.0ms
[261.883s][info ][gc,phases         ] GC(1476)   Other: 0.3ms
[261.883s][info ][gc,heap           ] GC(1476) Eden regions: 865->0(865)
[261.883s][info ][gc,heap           ] GC(1476) Survivor regions: 6->6(109)
[261.883s][info ][gc,heap           ] GC(1476) Old regions: 18->18
[261.883s][info ][gc,heap           ] GC(1476) Archive regions: 2->2
[261.883s][info ][gc,heap           ] GC(1476) Humongous regions: 0->0
[261.883s][info ][gc,metaspace      ] GC(1476) Metaspace: 10458K(11136K)->10458K(11136K) NonClass: 9309K(9728K)->9309K(9728K) Class: 1149K(1408K)->1149K(1408K)
[261.883s][debug][gc,heap           ] GC(1476) Heap after GC invocations=1477 (full 1): garbage-first heap   total 1486848K, used 23884K [0x0000000700000000, 0x0000000800000000)
[261.883s][debug][gc,heap           ] GC(1476)   region size 1024K, 6 young (6144K), 6 survivors (6144K)
[261.883s][debug][gc,heap           ] GC(1476)  Metaspace       used 10458K, capacity 10758K, committed 11136K, reserved 1058816K
[261.883s][debug][gc,heap           ] GC(1476)   class space    used 1149K, capacity 1267K, committed 1408K, reserved 1048576K
[261.883s][info ][gc                ] GC(1476) Pause Young (Normal) (G1 Evacuation Pause) 888M->23M(1452M) 2.258ms
[261.883s][info ][gc,cpu            ] GC(1476) User=0.00s Sys=0.00s Real=0.00s
[261.883s][info ][safepoint         ] Safepoint "G1CollectForAllocation", Time since last: 42980554 ns, Reaching safepoint: 188241 ns, At safepoint: 2427846 ns, Total: 2616087 ns
[261.930s][debug][gc,heap           ] GC(1477) Heap before GC invocations=1477 (full 1): garbage-first heap   total 1486848K, used 908620K [0x0000000700000000, 0x0000000800000000)
[261.930s][debug][gc,heap           ] GC(1477)   region size 1024K, 871 young (891904K), 6 survivors (6144K)
[261.930s][debug][gc,heap           ] GC(1477)  Metaspace       used 10458K, capacity 10758K, committed 11136K, reserved 1058816K
[261.930s][debug][gc,heap           ] GC(1477)   class space    used 1149K, capacity 1267K, committed 1408K, reserved 1048576K
[261.930s][info ][gc,start          ] GC(1477) Pause Young (Normal) (G1 Evacuation Pause)
[261.930s][info ][gc,task           ] GC(1477) Using 8 workers of 8 for evacuation
[261.930s][debug][gc,tlab           ] GC(1477) TLAB totals: thrds: 8  refills: 16 max: 3 slow allocs: 1720 max 265 waste: 24.6% gc: 1184104B max: 205568B slow: 86536B max: 15488B fast: 0B max: 0B
[261.930s][debug][gc,age            ] GC(1477) Desired survivor size 57147392 bytes, new threshold 15 (max threshold 15)
[261.930s][debug][gc,alloc,region   ] GC(1477) Mutator Allocation stats, regions: 865, wasted size: 202M (23.4%)
[261.930s][debug][gc,ergo           ] GC(1477) Running G1 Merge Heap Roots using 8 workers for 871 regions
[261.930s][debug][gc,remset         ] GC(1477) Visited cards 256 Total dirty 2048 (12.50%) Total old 3608576 (0.01%)
[261.930s][debug][gc,ergo           ] GC(1477) Running G1 Clear Card Table Task using 2 workers for 2 units of work for 872 regions.
[261.931s][debug][gc,ref            ] GC(1477) Skipped phase1 of Reference Processing due to unavailable references
[261.931s][debug][gc,ref            ] GC(1477) Skipped phase2 of Reference Processing due to unavailable references
[261.931s][debug][gc,ref            ] GC(1477) Skipped phase3 of Reference Processing due to unavailable references
[261.931s][debug][gc,ref            ] GC(1477) Skipped phase4 of Reference Processing due to unavailable references
[261.931s][debug][gc,ergo           ] GC(1477) Running G1 Free Collection Set using 8 workers for collection set length 871 (1452)
[261.931s][debug][gc,ergo           ] GC(1477) Running G1 Rebuild Free List Task using 8 workers for rebuilding free list of 0 (4096) regions
[261.931s][trace][gc,age            ] GC(1477) Age table with threshold 15 (max threshold 15)
[261.931s][trace][gc,age            ] GC(1477) - age   1:    2802552 bytes,    2802552 total
[261.931s][debug][gc,plab           ] GC(1477) Young PLAB allocation: allocated: 14448B, wasted: 0B, unused: 12000B, used: 2448B, undo waste: 0B, 
[261.931s][debug][gc,plab           ] GC(1477) Young other allocation: region end waste: 733248B, regions filled: 4, direct allocated: 2800104B, failure used: 0B, failure wasted: 0B
[261.931s][debug][gc,plab           ] GC(1477) Young sizing: calculated: 0B, actual: 2064B
[261.931s][debug][gc,plab           ] GC(1477) Old PLAB allocation: allocated: 0B, wasted: 0B, unused: 0B, used: 0B, undo waste: 0B, 
[261.931s][debug][gc,plab           ] GC(1477) Old other allocation: region end waste: 0B, regions filled: 1, direct allocated: 0B, failure used: 0B, failure wasted: 0B
[261.931s][debug][gc,plab           ] GC(1477) Old sizing: calculated: 0B, actual: 2064B
[261.931s][debug][gc,ihop           ] GC(1477) Basic information (value update), threshold: 685139558B (45.00), target occupancy: 1522532352B, current occupancy: 22352024B, recent allocation size: 0B, recent allocation duration: 47.72ms, recent old gen allocation rate: 0.00B/s, recent marking phase length: 38.29ms
[261.931s][debug][gc,ihop           ] GC(1477) Adaptive IHOP information (value update), threshold: 685139558B (47.37), internal target occupancy: 1446405734B, occupancy: 22352024B, additional buffer size: 913309696B, predicted old gen allocation rate: 1.74B/s, predicted marking phase length: 76.58ms, prediction active: false
[261.931s][debug][gc,ergo,refine    ] GC(1477) Concurrent refinement times: Logged Cards Scan time goal: 20.00ms Logged Cards Scan time: 0.00ms HCC time: 0.00ms
[261.931s][debug][gc,ergo,refine    ] GC(1477) Updated Refinement Zones: green: 2048, yellow: 6144, red: 10240
[261.931s][info ][gc,phases         ] GC(1477)   Pre Evacuate Collection Set: 0.2ms
[261.931s][debug][gc,phases         ] GC(1477)     Prepare TLABs: 0.0ms
[261.931s][debug][gc,phases         ] GC(1477)     Choose Collection Set: 0.0ms
[261.931s][debug][gc,phases         ] GC(1477)     Region Register: 0.1ms
[261.931s][debug][gc,phases         ] GC(1477)     Prepare Heap Roots: 0.0ms
[261.931s][info ][gc,phases         ] GC(1477)   Merge Heap Roots: 0.1ms
[261.931s][debug][gc,phases         ] GC(1477)     Prepare Merge Heap Roots: 0.0ms
[261.931s][debug][gc,phases         ] GC(1477)     Eager Reclaim (ms):       skipped
[261.931s][debug][gc,phases         ] GC(1477)     Remembered Sets (ms):     Min:  0.0, Avg:  0.0, Max:  0.1, Diff:  0.0, Sum:  0.3, Workers: 8
[261.931s][debug][gc,phases         ] GC(1477)       Merged Sparse:            Min: 0, Avg:  0.0, Max: 0, Diff: 0, Sum: 0, Workers: 8
[261.931s][debug][gc,phases         ] GC(1477)       Merged Fine:              Min: 0, Avg:  0.0, Max: 0, Diff: 0, Sum: 0, Workers: 8
[261.931s][debug][gc,phases         ] GC(1477)       Merged Coarse:            Min: 0, Avg:  0.0, Max: 0, Diff: 0, Sum: 0, Workers: 8
[261.931s][debug][gc,phases         ] GC(1477)       Dirty Cards:              Min: 0, Avg:  0.0, Max: 0, Diff: 0, Sum: 0, Workers: 8
[261.931s][debug][gc,phases         ] GC(1477)     Hot Card Cache (ms):      Min:  0.0, Avg:  0.0, Max:  0.0, Diff:  0.0, Sum:  0.0, Workers: 8
[261.931s][debug][gc,phases         ] GC(1477)       Dirty Cards:              Min: 0, Avg:  0.0, Max: 0, Diff: 0, Sum: 0, Workers: 8
[261.931s][debug][gc,phases         ] GC(1477)       Skipped Cards:            Min: 0, Avg:  0.0, Max: 0, Diff: 0, Sum: 0, Workers: 8
[261.931s][debug][gc,phases         ] GC(1477)     Log Buffers (ms):         Min:  0.0, Avg:  0.0, Max:  0.0, Diff:  0.0, Sum:  0.0, Workers: 8
[261.931s][debug][gc,phases         ] GC(1477)       Dirty Cards:              Min: 0, Avg:  0.1, Max: 1, Diff: 1, Sum: 1, Workers: 8
[261.931s][debug][gc,phases         ] GC(1477)       Skipped Cards:            Min: 0, Avg:  0.0, Max: 0, Diff: 0, Sum: 0, Workers: 8
[261.931s][info ][gc,phases         ] GC(1477)   Evacuate Collection Set: 0.4ms
[261.931s][debug][gc,phases         ] GC(1477)     Ext Root Scanning (ms):   Min:  0.0, Avg:  0.2, Max:  0.3, Diff:  0.3, Sum:  1.5, Workers: 8
[261.931s][debug][gc,phases         ] GC(1477)     Scan Heap Roots (ms):     Min:  0.0, Avg:  0.0, Max:  0.0, Diff:  0.0, Sum:  0.0, Workers: 8
[261.931s][debug][gc,phases         ] GC(1477)       Scanned Cards:            Min: 0, Avg:  0.1, Max: 1, Diff: 1, Sum: 1, Workers: 8
[261.931s][debug][gc,phases         ] GC(1477)       Scanned Blocks:           Min: 0, Avg:  0.1, Max: 1, Diff: 1, Sum: 1, Workers: 8
[261.931s][debug][gc,phases         ] GC(1477)       Claimed Chunks:           Min: 0, Avg:  0.1, Max: 1, Diff: 1, Sum: 1, Workers: 8
[261.931s][debug][gc,phases         ] GC(1477)     Code Root Scan (ms):      Min:  0.0, Avg:  0.0, Max:  0.0, Diff:  0.0, Sum:  0.2, Workers: 8
[261.931s][debug][gc,phases         ] GC(1477)     Object Copy (ms):         Min:  0.0, Avg:  0.0, Max:  0.0, Diff:  0.0, Sum:  0.0, Workers: 8
[261.931s][debug][gc,phases         ] GC(1477)     Termination (ms):         Min:  0.0, Avg:  0.1, Max:  0.1, Diff:  0.0, Sum:  0.5, Workers: 8
[261.931s][debug][gc,phases         ] GC(1477)       Termination Attempts:     Min: 1, Avg:  1.0, Max: 1, Diff: 0, Sum: 8, Workers: 8
[261.931s][debug][gc,phases         ] GC(1477)     GC Worker Other (ms):     Min:  0.0, Avg:  0.0, Max:  0.1, Diff:  0.1, Sum:  0.4, Workers: 8
[261.931s][debug][gc,phases         ] GC(1477)     GC Worker Total (ms):     Min:  0.1, Avg:  0.3, Max:  0.4, Diff:  0.3, Sum:  2.6, Workers: 8
[261.931s][info ][gc,phases         ] GC(1477)   Post Evacuate Collection Set: 0.6ms
[261.931s][debug][gc,phases         ] GC(1477)     Code Roots Fixup: 0.0ms
[261.931s][debug][gc,phases         ] GC(1477)     Clear Card Table: 0.2ms
[261.932s][debug][gc,phases         ] GC(1477)     Reference Processing: 0.0ms
[261.932s][debug][gc,phases,ref     ] GC(1477)       Reconsider SoftReferences: 0.0ms
[261.932s][debug][gc,phases,ref     ] GC(1477)         SoftRef (ms):             skipped
[261.932s][debug][gc,phases,ref     ] GC(1477)       Notify Soft/WeakReferences: 0.0ms
[261.932s][debug][gc,phases,ref     ] GC(1477)         SoftRef (ms):             skipped
[261.932s][debug][gc,phases,ref     ] GC(1477)         WeakRef (ms):             skipped
[261.932s][debug][gc,phases,ref     ] GC(1477)         FinalRef (ms):            skipped
[261.932s][debug][gc,phases,ref     ] GC(1477)         Total (ms):               skipped
[261.932s][debug][gc,phases,ref     ] GC(1477)       Notify and keep alive finalizable: 0.0ms
[261.932s][debug][gc,phases,ref     ] GC(1477)         FinalRef (ms):            skipped
[261.932s][debug][gc,phases,ref     ] GC(1477)       Notify PhantomReferences: 0.0ms
[261.932s][debug][gc,phases,ref     ] GC(1477)         PhantomRef (ms):          skipped
[261.932s][debug][gc,phases,ref     ] GC(1477)       SoftReference:
[261.932s][debug][gc,phases,ref     ] GC(1477)         Discovered: 0
[261.932s][debug][gc,phases,ref     ] GC(1477)         Cleared: 0
[261.932s][debug][gc,phases,ref     ] GC(1477)       WeakReference:
[261.932s][debug][gc,phases,ref     ] GC(1477)         Discovered: 0
[261.932s][debug][gc,phases,ref     ] GC(1477)         Cleared: 0
[261.932s][debug][gc,phases,ref     ] GC(1477)       FinalReference:
[261.932s][debug][gc,phases,ref     ] GC(1477)         Discovered: 0
[261.932s][debug][gc,phases,ref     ] GC(1477)         Cleared: 0
[261.932s][debug][gc,phases,ref     ] GC(1477)       PhantomReference:
[261.932s][debug][gc,phases,ref     ] GC(1477)         Discovered: 0
[261.932s][debug][gc,phases,ref     ] GC(1477)         Cleared: 0
[261.932s][debug][gc,phases         ] GC(1477)     Weak Processing: 0.0ms
[261.932s][debug][gc,phases         ] GC(1477)       JVMTI weak processing: 0.0ms
[261.932s][debug][gc,phases         ] GC(1477)         Dead: 0
[261.932s][debug][gc,phases         ] GC(1477)         Total: 0
[261.932s][debug][gc,phases         ] GC(1477)       JFR weak processing: 0.0ms
[261.932s][debug][gc,phases         ] GC(1477)         Dead: 0
[261.932s][debug][gc,phases         ] GC(1477)         Total: 0
[261.932s][debug][gc,phases         ] GC(1477)       JNI weak                  Min:  0.0, Avg:  0.0, Max:  0.0, Diff:  0.0, Sum:  0.0, Workers: 5
[261.932s][debug][gc,phases         ] GC(1477)         Dead                      Min: 0, Avg:  0.0, Max: 0, Diff: 0, Sum: 0, Workers: 5
[261.932s][debug][gc,phases         ] GC(1477)         Total                     Min: 0, Avg: 21.8, Max: 64, Diff: 64, Sum: 109, Workers: 5
[261.932s][debug][gc,phases         ] GC(1477)       VM weak                   Min:  0.0, Avg:  0.0, Max:  0.0, Diff:  0.0, Sum:  0.0, Workers: 5
[261.932s][debug][gc,phases         ] GC(1477)         Dead                      Min: 0, Avg:  0.0, Max: 0, Diff: 0, Sum: 0, Workers: 5
[261.932s][debug][gc,phases         ] GC(1477)         Total                     Min: 0, Avg: 42.6, Max: 85, Diff: 85, Sum: 213, Workers: 5
[261.932s][debug][gc,phases         ] GC(1477)       StringTable weak          Min:  0.0, Avg:  0.0, Max:  0.0, Diff:  0.0, Sum:  0.1, Workers: 5
[261.932s][debug][gc,phases         ] GC(1477)         Dead                      Min: 0, Avg:  0.0, Max: 0, Diff: 0, Sum: 0, Workers: 5
[261.932s][debug][gc,phases         ] GC(1477)         Total                     Min: 0, Avg: 721.8, Max: 959, Diff: 959, Sum: 3609, Workers: 5
[261.932s][debug][gc,phases         ] GC(1477)       ResolvedMethodTable weak  Min:  0.0, Avg:  0.0, Max:  0.0, Diff:  0.0, Sum:  0.0, Workers: 5
[261.932s][debug][gc,phases         ] GC(1477)         Dead                      Min: 0, Avg:  0.0, Max: 0, Diff: 0, Sum: 0, Workers: 5
[261.932s][debug][gc,phases         ] GC(1477)         Total                     Min: 0, Avg: 114.8, Max: 190, Diff: 190, Sum: 574, Workers: 5
[261.932s][debug][gc,phases         ] GC(1477)     Merge Per-Thread State: 0.0ms
[261.932s][debug][gc,phases         ] GC(1477)       Copied Bytes              Min: 0, Avg: 350319.0, Max: 800096, Diff: 800096, Sum: 2802552, Workers: 8
[261.932s][debug][gc,phases         ] GC(1477)       LAB Waste                 Min: 0, Avg:  0.0, Max: 0, Diff: 0, Sum: 0, Workers: 8
[261.932s][debug][gc,phases         ] GC(1477)       LAB Undo Waste            Min: 0, Avg:  0.0, Max: 0, Diff: 0, Sum: 0, Workers: 8
[261.932s][debug][gc,phases         ] GC(1477)     Code Roots Purge: 0.0ms
[261.932s][debug][gc,phases         ] GC(1477)     Redirty Cards: 0.0ms
[261.932s][debug][gc,phases         ] GC(1477)     DerivedPointerTable Update: 0.0ms
[261.932s][debug][gc,phases         ] GC(1477)     Free Collection Set: 0.2ms
[261.932s][debug][gc,phases         ] GC(1477)     Rebuild Free List: 0.1ms
[261.932s][debug][gc,phases         ] GC(1477)     Humongous Reclaim: 0.0ms
[261.932s][debug][gc,phases         ] GC(1477)     Start New Collection Set: 0.0ms
[261.932s][debug][gc,phases         ] GC(1477)     Resize TLABs: 0.0ms
[261.932s][debug][gc,phases         ] GC(1477)     Expand Heap After Collection: 0.0ms
[261.932s][info ][gc,phases         ] GC(1477)   Other: 0.4ms
[261.932s][info ][gc,heap           ] GC(1477) Eden regions: 865->0(867)
[261.932s][info ][gc,heap           ] GC(1477) Survivor regions: 6->4(109)
[261.932s][info ][gc,heap           ] GC(1477) Old regions: 18->18
[261.932s][info ][gc,heap           ] GC(1477) Archive regions: 2->2
[261.932s][info ][gc,heap           ] GC(1477) Humongous regions: 0->0
[261.932s][info ][gc,metaspace      ] GC(1477) Metaspace: 10458K(11136K)->10458K(11136K) NonClass: 9309K(9728K)->9309K(9728K) Class: 1149K(1408K)->1149K(1408K)
[261.932s][debug][gc,heap           ] GC(1477) Heap after GC invocations=1478 (full 1): garbage-first heap   total 1486848K, used 21828K [0x0000000700000000, 0x0000000800000000)
[261.932s][debug][gc,heap           ] GC(1477)   region size 1024K, 4 young (4096K), 4 survivors (4096K)
[261.932s][debug][gc,heap           ] GC(1477)  Metaspace       used 10458K, capacity 10758K, committed 11136K, reserved 1058816K
[261.932s][debug][gc,heap           ] GC(1477)   class space    used 1149K, capacity 1267K, committed 1408K, reserved 1048576K
[261.932s][info ][gc                ] GC(1477) Pause Young (Normal) (G1 Evacuation Pause) 888M->21M(1452M) 2.348ms
[261.932s][info ][gc,cpu            ] GC(1477) User=0.01s Sys=0.01s Real=0.01s
[261.932s][info ][safepoint         ] Safepoint "G1CollectForAllocation", Time since last: 46622901 ns, Reaching safepoint: 146282 ns, At safepoint: 2522899 ns, Total: 2669181 ns
[261.979s][debug][gc,heap           ] GC(1478) Heap before GC invocations=1478 (full 1): garbage-first heap   total 1486848K, used 908612K [0x0000000700000000, 0x0000000800000000)
[261.979s][debug][gc,heap           ] GC(1478)   region size 1024K, 871 young (891904K), 4 survivors (4096K)
[261.979s][debug][gc,heap           ] GC(1478)  Metaspace       used 10458K, capacity 10758K, committed 11136K, reserved 1058816K
[261.979s][debug][gc,heap           ] GC(1478)   class space    used 1149K, capacity 1267K, committed 1408K, reserved 1048576K
[261.979s][info ][gc,start          ] GC(1478) Pause Young (Normal) (G1 Evacuation Pause)
[261.979s][info ][gc,task           ] GC(1478) Using 8 workers of 8 for evacuation
[261.979s][debug][gc,tlab           ] GC(1478) TLAB totals: thrds: 8  refills: 12 max: 2 slow allocs: 1729 max 261 waste: 22.3% gc: 835312B max: 222016B slow: 55960B max: 14304B fast: 0B max: 0B
[261.979s][debug][gc,age            ] GC(1478) Desired survivor size 57147392 bytes, new threshold 15 (max threshold 15)
[261.979s][debug][gc,alloc,region   ] GC(1478) Mutator Allocation stats, regions: 867, wasted size: 203M (23.5%)
[261.979s][debug][gc,ergo           ] GC(1478) Running G1 Merge Heap Roots using 8 workers for 871 regions
[261.979s][debug][gc,remset         ] GC(1478) Visited cards 512 Total dirty 4096 (12.50%) Total old 3608576 (0.01%)
[261.980s][debug][gc,ergo           ] GC(1478) Running G1 Clear Card Table Task using 2 workers for 2 units of work for 873 regions.
[261.980s][debug][gc,ref            ] GC(1478) Skipped phase1 of Reference Processing due to unavailable references
[261.980s][debug][gc,ref            ] GC(1478) Skipped phase2 of Reference Processing due to unavailable references
[261.980s][debug][gc,ref            ] GC(1478) Skipped phase3 of Reference Processing due to unavailable references
[261.980s][debug][gc,ref            ] GC(1478) Skipped phase4 of Reference Processing due to unavailable references
[261.980s][debug][gc,ergo           ] GC(1478) Running G1 Free Collection Set using 8 workers for collection set length 871 (1452)
[261.980s][debug][gc,ergo           ] GC(1478) Running G1 Rebuild Free List Task using 8 workers for rebuilding free list of 0 (4096) regions
[261.980s][trace][gc,age            ] GC(1478) Age table with threshold 15 (max threshold 15)
[261.980s][trace][gc,age            ] GC(1478) - age   1:    2002520 bytes,    2002520 total
[261.980s][debug][gc,plab           ] GC(1478) Young PLAB allocation: allocated: 14448B, wasted: 0B, unused: 12000B, used: 2448B, undo waste: 0B, 
[261.980s][debug][gc,plab           ] GC(1478) Young other allocation: region end waste: 484704B, regions filled: 3, direct allocated: 2000072B, failure used: 0B, failure wasted: 0B
[261.980s][debug][gc,plab           ] GC(1478) Young sizing: calculated: 0B, actual: 2064B
[261.981s][debug][gc,plab           ] GC(1478) Old PLAB allocation: allocated: 0B, wasted: 0B, unused: 0B, used: 0B, undo waste: 0B, 
[261.981s][debug][gc,plab           ] GC(1478) Old other allocation: region end waste: 0B, regions filled: 1, direct allocated: 0B, failure used: 0B, failure wasted: 0B
[261.981s][debug][gc,plab           ] GC(1478) Old sizing: calculated: 0B, actual: 2064B
[261.981s][debug][gc,ihop           ] GC(1478) Basic information (value update), threshold: 685139558B (45.00), target occupancy: 1522532352B, current occupancy: 21303448B, recent allocation size: 0B, recent allocation duration: 47.96ms, recent old gen allocation rate: 0.00B/s, recent marking phase length: 38.29ms
[261.981s][debug][gc,ihop           ] GC(1478) Adaptive IHOP information (value update), threshold: 685139558B (47.37), internal target occupancy: 1446405734B, occupancy: 21303448B, additional buffer size: 913309696B, predicted old gen allocation rate: 1.70B/s, predicted marking phase length: 76.58ms, prediction active: false
[261.981s][debug][gc,ergo,refine    ] GC(1478) Concurrent refinement times: Logged Cards Scan time goal: 20.00ms Logged Cards Scan time: 0.00ms HCC time: 0.00ms
[261.981s][debug][gc,ergo,refine    ] GC(1478) Updated Refinement Zones: green: 2048, yellow: 6144, red: 10240
[261.981s][info ][gc,phases         ] GC(1478)   Pre Evacuate Collection Set: 0.1ms
[261.981s][debug][gc,phases         ] GC(1478)     Prepare TLABs: 0.0ms
[261.981s][debug][gc,phases         ] GC(1478)     Choose Collection Set: 0.0ms
[261.981s][debug][gc,phases         ] GC(1478)     Region Register: 0.1ms
[261.981s][debug][gc,phases         ] GC(1478)     Prepare Heap Roots: 0.0ms
[261.981s][info ][gc,phases         ] GC(1478)   Merge Heap Roots: 0.1ms
[261.981s][debug][gc,phases         ] GC(1478)     Prepare Merge Heap Roots: 0.0ms
[261.981s][debug][gc,phases         ] GC(1478)     Eager Reclaim (ms):       skipped
[261.981s][debug][gc,phases         ] GC(1478)     Remembered Sets (ms):     Min:  0.0, Avg:  0.0, Max:  0.1, Diff:  0.0, Sum:  0.3, Workers: 8
[261.981s][debug][gc,phases         ] GC(1478)       Merged Sparse:            Min: 0, Avg:  0.0, Max: 0, Diff: 0, Sum: 0, Workers: 8
[261.981s][debug][gc,phases         ] GC(1478)       Merged Fine:              Min: 0, Avg:  0.0, Max: 0, Diff: 0, Sum: 0, Workers: 8
[261.981s][debug][gc,phases         ] GC(1478)       Merged Coarse:            Min: 0, Avg:  0.0, Max: 0, Diff: 0, Sum: 0, Workers: 8
[261.981s][debug][gc,phases         ] GC(1478)       Dirty Cards:              Min: 0, Avg:  0.0, Max: 0, Diff: 0, Sum: 0, Workers: 8
[261.981s][debug][gc,phases         ] GC(1478)     Hot Card Cache (ms):      Min:  0.0, Avg:  0.0, Max:  0.0, Diff:  0.0, Sum:  0.0, Workers: 8
[261.981s][debug][gc,phases         ] GC(1478)       Dirty Cards:              Min: 0, Avg:  0.0, Max: 0, Diff: 0, Sum: 0, Workers: 8
[261.981s][debug][gc,phases         ] GC(1478)       Skipped Cards:            Min: 0, Avg:  0.0, Max: 0, Diff: 0, Sum: 0, Workers: 8
[261.981s][debug][gc,phases         ] GC(1478)     Log Buffers (ms):         Min:  0.0, Avg:  0.0, Max:  0.0, Diff:  0.0, Sum:  0.0, Workers: 8
[261.981s][debug][gc,phases         ] GC(1478)       Dirty Cards:              Min: 0, Avg:  0.2, Max: 1, Diff: 1, Sum: 2, Workers: 8
[261.981s][debug][gc,phases         ] GC(1478)       Skipped Cards:            Min: 0, Avg:  0.0, Max: 0, Diff: 0, Sum: 0, Workers: 8
[261.981s][info ][gc,phases         ] GC(1478)   Evacuate Collection Set: 0.3ms
[261.981s][debug][gc,phases         ] GC(1478)     Ext Root Scanning (ms):   Min:  0.0, Avg:  0.1, Max:  0.2, Diff:  0.2, Sum:  0.9, Workers: 8
[261.981s][debug][gc,phases         ] GC(1478)     Scan Heap Roots (ms):     Min:  0.0, Avg:  0.0, Max:  0.0, Diff:  0.0, Sum:  0.0, Workers: 8
[261.981s][debug][gc,phases         ] GC(1478)       Scanned Cards:            Min: 0, Avg:  0.2, Max: 1, Diff: 1, Sum: 2, Workers: 8
[261.981s][debug][gc,phases         ] GC(1478)       Scanned Blocks:           Min: 0, Avg:  0.2, Max: 1, Diff: 1, Sum: 2, Workers: 8
[261.981s][debug][gc,phases         ] GC(1478)       Claimed Chunks:           Min: 0, Avg:  0.2, Max: 1, Diff: 1, Sum: 2, Workers: 8
[261.981s][debug][gc,phases         ] GC(1478)     Code Root Scan (ms):      Min:  0.0, Avg:  0.0, Max:  0.0, Diff:  0.0, Sum:  0.1, Workers: 8
[261.981s][debug][gc,phases         ] GC(1478)     Object Copy (ms):         Min:  0.0, Avg:  0.0, Max:  0.0, Diff:  0.0, Sum:  0.0, Workers: 8
[261.981s][debug][gc,phases         ] GC(1478)     Termination (ms):         Min:  0.0, Avg:  0.1, Max:  0.1, Diff:  0.1, Sum:  0.4, Workers: 8
[261.981s][debug][gc,phases         ] GC(1478)       Termination Attempts:     Min: 1, Avg:  1.2, Max: 2, Diff: 1, Sum: 10, Workers: 8
[261.981s][debug][gc,phases         ] GC(1478)     GC Worker Other (ms):     Min:  0.0, Avg:  0.0, Max:  0.1, Diff:  0.1, Sum:  0.4, Workers: 8
[261.981s][debug][gc,phases         ] GC(1478)     GC Worker Total (ms):     Min:  0.2, Avg:  0.2, Max:  0.3, Diff:  0.1, Sum:  1.9, Workers: 8
[261.981s][info ][gc,phases         ] GC(1478)   Post Evacuate Collection Set: 0.7ms
[261.981s][debug][gc,phases         ] GC(1478)     Code Roots Fixup: 0.0ms
[261.981s][debug][gc,phases         ] GC(1478)     Clear Card Table: 0.2ms
[261.981s][debug][gc,phases         ] GC(1478)     Reference Processing: 0.0ms
[261.981s][debug][gc,phases,ref     ] GC(1478)       Reconsider SoftReferences: 0.0ms
[261.981s][debug][gc,phases,ref     ] GC(1478)         SoftRef (ms):             skipped
[261.981s][debug][gc,phases,ref     ] GC(1478)       Notify Soft/WeakReferences: 0.0ms
[261.981s][debug][gc,phases,ref     ] GC(1478)         SoftRef (ms):             skipped
[261.981s][debug][gc,phases,ref     ] GC(1478)         WeakRef (ms):             skipped
[261.981s][debug][gc,phases,ref     ] GC(1478)         FinalRef (ms):            skipped
[261.981s][debug][gc,phases,ref     ] GC(1478)         Total (ms):               skipped
[261.981s][debug][gc,phases,ref     ] GC(1478)       Notify and keep alive finalizable: 0.0ms
[261.981s][debug][gc,phases,ref     ] GC(1478)         FinalRef (ms):            skipped
[261.981s][debug][gc,phases,ref     ] GC(1478)       Notify PhantomReferences: 0.0ms
[261.981s][debug][gc,phases,ref     ] GC(1478)         PhantomRef (ms):          skipped
[261.981s][debug][gc,phases,ref     ] GC(1478)       SoftReference:
[261.981s][debug][gc,phases,ref     ] GC(1478)         Discovered: 0
[261.981s][debug][gc,phases,ref     ] GC(1478)         Cleared: 0
[261.981s][debug][gc,phases,ref     ] GC(1478)       WeakReference:
[261.981s][debug][gc,phases,ref     ] GC(1478)         Discovered: 0
[261.981s][debug][gc,phases,ref     ] GC(1478)         Cleared: 0
[261.981s][debug][gc,phases,ref     ] GC(1478)       FinalReference:
[261.981s][debug][gc,phases,ref     ] GC(1478)         Discovered: 0
[261.981s][debug][gc,phases,ref     ] GC(1478)         Cleared: 0
[261.981s][debug][gc,phases,ref     ] GC(1478)       PhantomReference:
[261.981s][debug][gc,phases,ref     ] GC(1478)         Discovered: 0
[261.981s][debug][gc,phases,ref     ] GC(1478)         Cleared: 0
[261.981s][debug][gc,phases         ] GC(1478)     Weak Processing: 0.1ms
[261.981s][debug][gc,phases         ] GC(1478)       JVMTI weak processing: 0.0ms
[261.981s][debug][gc,phases         ] GC(1478)         Dead: 0
[261.981s][debug][gc,phases         ] GC(1478)         Total: 0
[261.981s][debug][gc,phases         ] GC(1478)       JFR weak processing: 0.0ms
[261.981s][debug][gc,phases         ] GC(1478)         Dead: 0
[261.981s][debug][gc,phases         ] GC(1478)         Total: 0
[261.981s][debug][gc,phases         ] GC(1478)       JNI weak                  Min:  0.0, Avg:  0.0, Max:  0.0, Diff:  0.0, Sum:  0.0, Workers: 5
[261.981s][debug][gc,phases         ] GC(1478)         Dead                      Min: 0, Avg:  0.0, Max: 0, Diff: 0, Sum: 0, Workers: 5
[261.981s][debug][gc,phases         ] GC(1478)         Total                     Min: 0, Avg: 21.8, Max: 109, Diff: 109, Sum: 109, Workers: 5
[261.981s][debug][gc,phases         ] GC(1478)       VM weak                   Min:  0.0, Avg:  0.0, Max:  0.0, Diff:  0.0, Sum:  0.0, Workers: 5
[261.981s][debug][gc,phases         ] GC(1478)         Dead                      Min: 0, Avg:  0.0, Max: 0, Diff: 0, Sum: 0, Workers: 5
[261.981s][debug][gc,phases         ] GC(1478)         Total                     Min: 0, Avg: 42.6, Max: 213, Diff: 213, Sum: 213, Workers: 5
[261.981s][debug][gc,phases         ] GC(1478)       StringTable weak          Min:  0.0, Avg:  0.0, Max:  0.0, Diff:  0.0, Sum:  0.0, Workers: 5
[261.981s][debug][gc,phases         ] GC(1478)         Dead                      Min: 0, Avg:  0.0, Max: 0, Diff: 0, Sum: 0, Workers: 5
[261.981s][debug][gc,phases         ] GC(1478)         Total                     Min: 0, Avg: 721.8, Max: 2713, Diff: 2713, Sum: 3609, Workers: 5
[261.981s][debug][gc,phases         ] GC(1478)       ResolvedMethodTable weak  Min:  0.0, Avg:  0.0, Max:  0.0, Diff:  0.0, Sum:  0.0, Workers: 5
[261.981s][debug][gc,phases         ] GC(1478)         Dead                      Min: 0, Avg:  0.0, Max: 0, Diff: 0, Sum: 0, Workers: 5
[261.981s][debug][gc,phases         ] GC(1478)         Total                     Min: 0, Avg: 114.8, Max: 192, Diff: 192, Sum: 574, Workers: 5
[261.981s][debug][gc,phases         ] GC(1478)     Merge Per-Thread State: 0.0ms
[261.981s][debug][gc,phases         ] GC(1478)       Copied Bytes              Min: 0, Avg: 250315.0, Max: 800096, Diff: 800096, Sum: 2002520, Workers: 8
[261.981s][debug][gc,phases         ] GC(1478)       LAB Waste                 Min: 0, Avg:  0.0, Max: 0, Diff: 0, Sum: 0, Workers: 8
[261.981s][debug][gc,phases         ] GC(1478)       LAB Undo Waste            Min: 0, Avg:  0.0, Max: 0, Diff: 0, Sum: 0, Workers: 8
[261.981s][debug][gc,phases         ] GC(1478)     Code Roots Purge: 0.0ms
[261.981s][debug][gc,phases         ] GC(1478)     Redirty Cards: 0.0ms
[261.981s][debug][gc,phases         ] GC(1478)     DerivedPointerTable Update: 0.0ms
[261.981s][debug][gc,phases         ] GC(1478)     Free Collection Set: 0.2ms
[261.981s][debug][gc,phases         ] GC(1478)     Rebuild Free List: 0.1ms
[261.981s][debug][gc,phases         ] GC(1478)     Humongous Reclaim: 0.0ms
[261.981s][debug][gc,phases         ] GC(1478)     Start New Collection Set: 0.0ms
[261.981s][debug][gc,phases         ] GC(1478)     Resize TLABs: 0.0ms
[261.981s][debug][gc,phases         ] GC(1478)     Expand Heap After Collection: 0.0ms
[261.981s][info ][gc,phases         ] GC(1478)   Other: 0.3ms
[261.981s][info ][gc,heap           ] GC(1478) Eden regions: 867->0(868)
[261.981s][info ][gc,heap           ] GC(1478) Survivor regions: 4->3(109)
[261.981s][info ][gc,heap           ] GC(1478) Old regions: 18->18
[261.981s][info ][gc,heap           ] GC(1478) Archive regions: 2->2
[261.981s][info ][gc,heap           ] GC(1478) Humongous regions: 0->0
[261.981s][info ][gc,metaspace      ] GC(1478) Metaspace: 10458K(11136K)->10458K(11136K) NonClass: 9309K(9728K)->9309K(9728K) Class: 1149K(1408K)->1149K(1408K)
[261.981s][debug][gc,heap           ] GC(1478) Heap after GC invocations=1479 (full 1): garbage-first heap   total 1486848K, used 20804K [0x0000000700000000, 0x0000000800000000)
[261.981s][debug][gc,heap           ] GC(1478)   region size 1024K, 3 young (3072K), 3 survivors (3072K)
[261.981s][debug][gc,heap           ] GC(1478)  Metaspace       used 10458K, capacity 10758K, committed 11136K, reserved 1058816K
[261.981s][debug][gc,heap           ] GC(1478)   class space    used 1149K, capacity 1267K, committed 1408K, reserved 1048576K
[261.981s][info ][gc                ] GC(1478) Pause Young (Normal) (G1 Evacuation Pause) 888M->20M(1452M) 2.208ms
[261.981s][info ][gc,cpu            ] GC(1478) User=0.01s Sys=0.00s Real=0.01s
[261.981s][info ][safepoint         ] Safepoint "G1CollectForAllocation", Time since last: 46814773 ns, Reaching safepoint: 114612 ns, At safepoint: 2407965 ns, Total: 2522577 ns
[262.026s][debug][gc,heap           ] GC(1479) Heap before GC invocations=1479 (full 1): garbage-first heap   total 1486848K, used 908612K [0x0000000700000000, 0x0000000800000000)
[262.026s][debug][gc,heap           ] GC(1479)   region size 1024K, 871 young (891904K), 3 survivors (3072K)
[262.026s][debug][gc,heap           ] GC(1479)  Metaspace       used 10458K, capacity 10758K, committed 11136K, reserved 1058816K
[262.026s][debug][gc,heap           ] GC(1479)   class space    used 1149K, capacity 1267K, committed 1408K, reserved 1048576K
[262.026s][info ][gc,start          ] GC(1479) Pause Young (Normal) (G1 Evacuation Pause)
[262.026s][info ][gc,task           ] GC(1479) Using 8 workers of 8 for evacuation
[262.026s][debug][gc,tlab           ] GC(1479) TLAB totals: thrds: 8  refills: 13 max: 2 slow allocs: 1728 max 245 waste: 37.7% gc: 1319776B max: 219880B slow: 69488B max: 14304B fast: 0B max: 0B
[262.026s][debug][gc,age            ] GC(1479) Desired survivor size 57147392 bytes, new threshold 15 (max threshold 15)
[262.026s][debug][gc,alloc,region   ] GC(1479) Mutator Allocation stats, regions: 868, wasted size: 203M (23.4%)
[262.027s][debug][gc,ergo           ] GC(1479) Running G1 Merge Heap Roots using 8 workers for 871 regions
[262.027s][debug][gc,remset         ] GC(1479) Visited cards 256 Total dirty 2048 (12.50%) Total old 3608576 (0.01%)
[262.027s][debug][gc,ergo           ] GC(1479) Running G1 Clear Card Table Task using 2 workers for 2 units of work for 872 regions.
[262.027s][debug][gc,ref            ] GC(1479) Skipped phase1 of Reference Processing due to unavailable references
[262.027s][debug][gc,ref            ] GC(1479) Skipped phase2 of Reference Processing due to unavailable references
[262.027s][debug][gc,ref            ] GC(1479) Skipped phase3 of Reference Processing due to unavailable references
[262.027s][debug][gc,ref            ] GC(1479) Skipped phase4 of Reference Processing due to unavailable references
[262.027s][debug][gc,ergo           ] GC(1479) Running G1 Free Collection Set using 8 workers for collection set length 871 (1452)
[262.028s][debug][gc,ergo           ] GC(1479) Running G1 Rebuild Free List Task using 8 workers for rebuilding free list of 0 (4096) regions
[262.028s][trace][gc,age            ] GC(1479) Age table with threshold 15 (max threshold 15)
[262.028s][trace][gc,age            ] GC(1479) - age   1:    2802560 bytes,    2802560 total
[262.028s][debug][gc,plab           ] GC(1479) Young PLAB allocation: allocated: 16512B, wasted: 0B, unused: 14064B, used: 2448B, undo waste: 0B, 
[262.028s][debug][gc,plab           ] GC(1479) Young other allocation: region end waste: 729120B, regions filled: 4, direct allocated: 2800112B, failure used: 0B, failure wasted: 0B
[262.028s][debug][gc,plab           ] GC(1479) Young sizing: calculated: 0B, actual: 2064B
[262.028s][debug][gc,plab           ] GC(1479) Old PLAB allocation: allocated: 0B, wasted: 0B, unused: 0B, used: 0B, undo waste: 0B, 
[262.028s][debug][gc,plab           ] GC(1479) Old other allocation: region end waste: 0B, regions filled: 1, direct allocated: 0B, failure used: 0B, failure wasted: 0B
[262.028s][debug][gc,plab           ] GC(1479) Old sizing: calculated: 0B, actual: 2064B
[262.028s][debug][gc,ihop           ] GC(1479) Basic information (value update), threshold: 685139558B (45.00), target occupancy: 1522532352B, current occupancy: 22349968B, recent allocation size: 0B, recent allocation duration: 45.87ms, recent old gen allocation rate: 0.00B/s, recent marking phase length: 38.29ms
[262.028s][debug][gc,ihop           ] GC(1479) Adaptive IHOP information (value update), threshold: 685139558B (47.37), internal target occupancy: 1446405734B, occupancy: 22349968B, additional buffer size: 913309696B, predicted old gen allocation rate: 1.66B/s, predicted marking phase length: 76.58ms, prediction active: false
[262.028s][debug][gc,ergo,refine    ] GC(1479) Concurrent refinement times: Logged Cards Scan time goal: 20.00ms Logged Cards Scan time: 0.00ms HCC time: 0.00ms
[262.028s][debug][gc,ergo,refine    ] GC(1479) Updated Refinement Zones: green: 2048, yellow: 6144, red: 10240
[262.028s][info ][gc,phases         ] GC(1479)   Pre Evacuate Collection Set: 0.1ms
[262.028s][debug][gc,phases         ] GC(1479)     Prepare TLABs: 0.0ms
[262.028s][debug][gc,phases         ] GC(1479)     Choose Collection Set: 0.0ms
[262.028s][debug][gc,phases         ] GC(1479)     Region Register: 0.1ms
[262.028s][debug][gc,phases         ] GC(1479)     Prepare Heap Roots: 0.0ms
[262.028s][info ][gc,phases         ] GC(1479)   Merge Heap Roots: 0.2ms
[262.028s][debug][gc,phases         ] GC(1479)     Prepare Merge Heap Roots: 0.0ms
[262.028s][debug][gc,phases         ] GC(1479)     Eager Reclaim (ms):       skipped
[262.028s][debug][gc,phases         ] GC(1479)     Remembered Sets (ms):     Min:  0.0, Avg:  0.0, Max:  0.1, Diff:  0.0, Sum:  0.3, Workers: 8
[262.028s][debug][gc,phases         ] GC(1479)       Merged Sparse:            Min: 0, Avg:  0.0, Max: 0, Diff: 0, Sum: 0, Workers: 8
[262.028s][debug][gc,phases         ] GC(1479)       Merged Fine:              Min: 0, Avg:  0.0, Max: 0, Diff: 0, Sum: 0, Workers: 8
[262.028s][debug][gc,phases         ] GC(1479)       Merged Coarse:            Min: 0, Avg:  0.0, Max: 0, Diff: 0, Sum: 0, Workers: 8
[262.028s][debug][gc,phases         ] GC(1479)       Dirty Cards:              Min: 0, Avg:  0.0, Max: 0, Diff: 0, Sum: 0, Workers: 8
[262.028s][debug][gc,phases         ] GC(1479)     Hot Card Cache (ms):      Min:  0.0, Avg:  0.0, Max:  0.0, Diff:  0.0, Sum:  0.0, Workers: 8
[262.028s][debug][gc,phases         ] GC(1479)       Dirty Cards:              Min: 0, Avg:  0.0, Max: 0, Diff: 0, Sum: 0, Workers: 8
[262.028s][debug][gc,phases         ] GC(1479)       Skipped Cards:            Min: 0, Avg:  0.0, Max: 0, Diff: 0, Sum: 0, Workers: 8
[262.028s][debug][gc,phases         ] GC(1479)     Log Buffers (ms):         Min:  0.0, Avg:  0.0, Max:  0.0, Diff:  0.0, Sum:  0.0, Workers: 8
[262.028s][debug][gc,phases         ] GC(1479)       Dirty Cards:              Min: 0, Avg:  0.1, Max: 1, Diff: 1, Sum: 1, Workers: 8
[262.028s][debug][gc,phases         ] GC(1479)       Skipped Cards:            Min: 0, Avg:  0.0, Max: 0, Diff: 0, Sum: 0, Workers: 8
[262.028s][info ][gc,phases         ] GC(1479)   Evacuate Collection Set: 0.4ms
[262.028s][debug][gc,phases         ] GC(1479)     Ext Root Scanning (ms):   Min:  0.2, Avg:  0.2, Max:  0.2, Diff:  0.1, Sum:  1.7, Workers: 8
[262.028s][debug][gc,phases         ] GC(1479)     Scan Heap Roots (ms):     Min:  0.0, Avg:  0.0, Max:  0.0, Diff:  0.0, Sum:  0.0, Workers: 8
[262.028s][debug][gc,phases         ] GC(1479)       Scanned Cards:            Min: 0, Avg:  0.1, Max: 1, Diff: 1, Sum: 1, Workers: 8
[262.028s][debug][gc,phases         ] GC(1479)       Scanned Blocks:           Min: 0, Avg:  0.1, Max: 1, Diff: 1, Sum: 1, Workers: 8
[262.028s][debug][gc,phases         ] GC(1479)       Claimed Chunks:           Min: 0, Avg:  0.1, Max: 1, Diff: 1, Sum: 1, Workers: 8
[262.028s][debug][gc,phases         ] GC(1479)     Code Root Scan (ms):      Min:  0.0, Avg:  0.0, Max:  0.0, Diff:  0.0, Sum:  0.2, Workers: 8
[262.028s][debug][gc,phases         ] GC(1479)     Object Copy (ms):         Min:  0.0, Avg:  0.0, Max:  0.0, Diff:  0.0, Sum:  0.0, Workers: 8
[262.028s][debug][gc,phases         ] GC(1479)     Termination (ms):         Min:  0.1, Avg:  0.1, Max:  0.1, Diff:  0.0, Sum:  0.5, Workers: 8
[262.028s][debug][gc,phases         ] GC(1479)       Termination Attempts:     Min: 1, Avg:  1.0, Max: 1, Diff: 0, Sum: 8, Workers: 8
[262.028s][debug][gc,phases         ] GC(1479)     GC Worker Other (ms):     Min:  0.0, Avg:  0.1, Max:  0.1, Diff:  0.0, Sum:  0.4, Workers: 8
[262.028s][debug][gc,phases         ] GC(1479)     GC Worker Total (ms):     Min:  0.3, Avg:  0.4, Max:  0.4, Diff:  0.1, Sum:  2.8, Workers: 8
[262.028s][info ][gc,phases         ] GC(1479)   Post Evacuate Collection Set: 0.6ms
[262.028s][debug][gc,phases         ] GC(1479)     Code Roots Fixup: 0.0ms
[262.028s][debug][gc,phases         ] GC(1479)     Clear Card Table: 0.2ms
[262.028s][debug][gc,phases         ] GC(1479)     Reference Processing: 0.0ms
[262.028s][debug][gc,phases,ref     ] GC(1479)       Reconsider SoftReferences: 0.0ms
[262.028s][debug][gc,phases,ref     ] GC(1479)         SoftRef (ms):             skipped
[262.028s][debug][gc,phases,ref     ] GC(1479)       Notify Soft/WeakReferences: 0.0ms
[262.028s][debug][gc,phases,ref     ] GC(1479)         SoftRef (ms):             skipped
[262.028s][debug][gc,phases,ref     ] GC(1479)         WeakRef (ms):             skipped
[262.028s][debug][gc,phases,ref     ] GC(1479)         FinalRef (ms):            skipped
[262.028s][debug][gc,phases,ref     ] GC(1479)         Total (ms):               skipped
[262.028s][debug][gc,phases,ref     ] GC(1479)       Notify and keep alive finalizable: 0.0ms
[262.028s][debug][gc,phases,ref     ] GC(1479)         FinalRef (ms):            skipped
[262.028s][debug][gc,phases,ref     ] GC(1479)       Notify PhantomReferences: 0.0ms
[262.028s][debug][gc,phases,ref     ] GC(1479)         PhantomRef (ms):          skipped
[262.028s][debug][gc,phases,ref     ] GC(1479)       SoftReference:
[262.028s][debug][gc,phases,ref     ] GC(1479)         Discovered: 0
[262.028s][debug][gc,phases,ref     ] GC(1479)         Cleared: 0
[262.028s][debug][gc,phases,ref     ] GC(1479)       WeakReference:
[262.028s][debug][gc,phases,ref     ] GC(1479)         Discovered: 0
[262.028s][debug][gc,phases,ref     ] GC(1479)         Cleared: 0
[262.028s][debug][gc,phases,ref     ] GC(1479)       FinalReference:
[262.028s][debug][gc,phases,ref     ] GC(1479)         Discovered: 0
[262.028s][debug][gc,phases,ref     ] GC(1479)         Cleared: 0
[262.028s][debug][gc,phases,ref     ] GC(1479)       PhantomReference:
[262.028s][debug][gc,phases,ref     ] GC(1479)         Discovered: 0
[262.028s][debug][gc,phases,ref     ] GC(1479)         Cleared: 0
[262.028s][debug][gc,phases         ] GC(1479)     Weak Processing: 0.1ms
[262.028s][debug][gc,phases         ] GC(1479)       JVMTI weak processing: 0.0ms
[262.028s][debug][gc,phases         ] GC(1479)         Dead: 0
[262.028s][debug][gc,phases         ] GC(1479)         Total: 0
[262.028s][debug][gc,phases         ] GC(1479)       JFR weak processing: 0.0ms
[262.028s][debug][gc,phases         ] GC(1479)         Dead: 0
[262.028s][debug][gc,phases         ] GC(1479)         Total: 0
[262.028s][debug][gc,phases         ] GC(1479)       JNI weak                  Min:  0.0, Avg:  0.0, Max:  0.0, Diff:  0.0, Sum:  0.0, Workers: 5
[262.028s][debug][gc,phases         ] GC(1479)         Dead                      Min: 0, Avg:  0.0, Max: 0, Diff: 0, Sum: 0, Workers: 5
[262.028s][debug][gc,phases         ] GC(1479)         Total                     Min: 0, Avg: 21.8, Max: 109, Diff: 109, Sum: 109, Workers: 5
[262.028s][debug][gc,phases         ] GC(1479)       VM weak                   Min:  0.0, Avg:  0.0, Max:  0.0, Diff:  0.0, Sum:  0.0, Workers: 5
[262.028s][debug][gc,phases         ] GC(1479)         Dead                      Min: 0, Avg:  0.0, Max: 0, Diff: 0, Sum: 0, Workers: 5
[262.028s][debug][gc,phases         ] GC(1479)         Total                     Min: 0, Avg: 42.6, Max: 85, Diff: 85, Sum: 213, Workers: 5
[262.028s][debug][gc,phases         ] GC(1479)       StringTable weak          Min:  0.0, Avg:  0.0, Max:  0.0, Diff:  0.0, Sum:  0.1, Workers: 5
[262.028s][debug][gc,phases         ] GC(1479)         Dead                      Min: 0, Avg:  0.0, Max: 0, Diff: 0, Sum: 0, Workers: 5
[262.028s][debug][gc,phases         ] GC(1479)         Total                     Min: 0, Avg: 721.8, Max: 1306, Diff: 1306, Sum: 3609, Workers: 5
[262.028s][debug][gc,phases         ] GC(1479)       ResolvedMethodTable weak  Min:  0.0, Avg:  0.0, Max:  0.0, Diff:  0.0, Sum:  0.0, Workers: 5
[262.028s][debug][gc,phases         ] GC(1479)         Dead                      Min: 0, Avg:  0.0, Max: 0, Diff: 0, Sum: 0, Workers: 5
[262.028s][debug][gc,phases         ] GC(1479)         Total                     Min: 0, Avg: 114.8, Max: 192, Diff: 192, Sum: 574, Workers: 5
[262.028s][debug][gc,phases         ] GC(1479)     Merge Per-Thread State: 0.0ms
[262.028s][debug][gc,phases         ] GC(1479)       Copied Bytes              Min: 312, Avg: 350320.0, Max: 400904, Diff: 400592, Sum: 2802560, Workers: 8
[262.028s][debug][gc,phases         ] GC(1479)       LAB Waste                 Min: 0, Avg:  0.0, Max: 0, Diff: 0, Sum: 0, Workers: 8
[262.028s][debug][gc,phases         ] GC(1479)       LAB Undo Waste            Min: 0, Avg:  0.0, Max: 0, Diff: 0, Sum: 0, Workers: 8
[262.028s][debug][gc,phases         ] GC(1479)     Code Roots Purge: 0.0ms
[262.028s][debug][gc,phases         ] GC(1479)     Redirty Cards: 0.0ms
[262.028s][debug][gc,phases         ] GC(1479)     DerivedPointerTable Update: 0.0ms
[262.028s][debug][gc,phases         ] GC(1479)     Free Collection Set: 0.2ms
[262.028s][debug][gc,phases         ] GC(1479)     Rebuild Free List: 0.1ms
[262.028s][debug][gc,phases         ] GC(1479)     Humongous Reclaim: 0.0ms
[262.028s][debug][gc,phases         ] GC(1479)     Start New Collection Set: 0.0ms
[262.028s][debug][gc,phases         ] GC(1479)     Resize TLABs: 0.0ms
[262.028s][debug][gc,phases         ] GC(1479)     Expand Heap After Collection: 0.0ms
[262.028s][info ][gc,phases         ] GC(1479)   Other: 0.3ms
[262.028s][info ][gc,heap           ] GC(1479) Eden regions: 868->0(867)
[262.028s][info ][gc,heap           ] GC(1479) Survivor regions: 3->4(109)
[262.028s][info ][gc,heap           ] GC(1479) Old regions: 18->18
[262.028s][info ][gc,heap           ] GC(1479) Archive regions: 2->2
[262.028s][info ][gc,heap           ] GC(1479) Humongous regions: 0->0
[262.028s][info ][gc,metaspace      ] GC(1479) Metaspace: 10458K(11136K)->10458K(11136K) NonClass: 9309K(9728K)->9309K(9728K) Class: 1149K(1408K)->1149K(1408K)
[262.029s][debug][gc,heap           ] GC(1479) Heap after GC invocations=1480 (full 1): garbage-first heap   total 1486848K, used 21826K [0x0000000700000000, 0x0000000800000000)
[262.029s][debug][gc,heap           ] GC(1479)   region size 1024K, 4 young (4096K), 4 survivors (4096K)
[262.029s][debug][gc,heap           ] GC(1479)  Metaspace       used 10458K, capacity 10758K, committed 11136K, reserved 1058816K
[262.029s][debug][gc,heap           ] GC(1479)   class space    used 1149K, capacity 1267K, committed 1408K, reserved 1048576K
[262.029s][info ][gc                ] GC(1479) Pause Young (Normal) (G1 Evacuation Pause) 888M->21M(1452M) 2.192ms
[262.029s][info ][gc,cpu            ] GC(1479) User=0.01s Sys=0.00s Real=0.00s
[262.029s][info ][safepoint         ] Safepoint "G1CollectForAllocation", Time since last: 44678741 ns, Reaching safepoint: 170362 ns, At safepoint: 2362083 ns, Total: 2532445 ns
[262.073s][debug][gc,heap           ] GC(1480) Heap before GC invocations=1480 (full 1): garbage-first heap   total 1486848K, used 908610K [0x0000000700000000, 0x0000000800000000)
[262.073s][debug][gc,heap           ] GC(1480)   region size 1024K, 871 young (891904K), 4 survivors (4096K)
[262.073s][debug][gc,heap           ] GC(1480)  Metaspace       used 10458K, capacity 10758K, committed 11136K, reserved 1058816K
[262.073s][debug][gc,heap           ] GC(1480)   class space    used 1149K, capacity 1267K, committed 1408K, reserved 1048576K
[262.074s][info ][gc,start          ] GC(1480) Pause Young (Normal) (G1 Evacuation Pause)
[262.074s][info ][gc,task           ] GC(1480) Using 8 workers of 8 for evacuation
[262.074s][debug][gc,tlab           ] GC(1480) TLAB totals: thrds: 8  refills: 11 max: 2 slow allocs: 1728 max 257 waste: 30.7% gc: 975096B max: 228736B slow: 42128B max: 14304B fast: 0B max: 0B
[262.074s][debug][gc,age            ] GC(1480) Desired survivor size 57147392 bytes, new threshold 15 (max threshold 15)
[262.074s][debug][gc,alloc,region   ] GC(1480) Mutator Allocation stats, regions: 867, wasted size: 203M (23.4%)
[262.074s][debug][gc,ergo           ] GC(1480) Running G1 Merge Heap Roots using 8 workers for 871 regions
[262.074s][debug][gc,remset         ] GC(1480) Visited cards 512 Total dirty 4096 (12.50%) Total old 3608576 (0.01%)
[262.074s][debug][gc,ergo           ] GC(1480) Running G1 Clear Card Table Task using 2 workers for 2 units of work for 873 regions.
[262.075s][debug][gc,ref            ] GC(1480) Skipped phase1 of Reference Processing due to unavailable references
[262.075s][debug][gc,ref            ] GC(1480) Skipped phase2 of Reference Processing due to unavailable references
[262.075s][debug][gc,ref            ] GC(1480) Skipped phase3 of Reference Processing due to unavailable references
[262.075s][debug][gc,ref            ] GC(1480) Skipped phase4 of Reference Processing due to unavailable references
[262.075s][debug][gc,ergo           ] GC(1480) Running G1 Free Collection Set using 8 workers for collection set length 871 (1452)
[262.075s][debug][gc,ergo           ] GC(1480) Running G1 Rebuild Free List Task using 8 workers for rebuilding free list of 0 (4096) regions
[262.075s][trace][gc,age            ] GC(1480) Age table with threshold 15 (max threshold 15)
[262.075s][trace][gc,age            ] GC(1480) - age   1:    2802560 bytes,    2802560 total
[262.075s][debug][gc,plab           ] GC(1480) Young PLAB allocation: allocated: 14448B, wasted: 0B, unused: 12000B, used: 2448B, undo waste: 0B, 
[262.075s][debug][gc,plab           ] GC(1480) Young other allocation: region end waste: 731184B, regions filled: 4, direct allocated: 2800112B, failure used: 0B, failure wasted: 0B
[262.075s][debug][gc,plab           ] GC(1480) Young sizing: calculated: 0B, actual: 2064B
[262.075s][debug][gc,plab           ] GC(1480) Old PLAB allocation: allocated: 0B, wasted: 0B, unused: 0B, used: 0B, undo waste: 0B, 
[262.075s][debug][gc,plab           ] GC(1480) Old other allocation: region end waste: 0B, regions filled: 1, direct allocated: 0B, failure used: 0B, failure wasted: 0B
[262.075s][debug][gc,plab           ] GC(1480) Old sizing: calculated: 0B, actual: 2064B
[262.075s][debug][gc,ihop           ] GC(1480) Basic information (value update), threshold: 685139558B (45.00), target occupancy: 1522532352B, current occupancy: 22349968B, recent allocation size: 0B, recent allocation duration: 45.74ms, recent old gen allocation rate: 0.00B/s, recent marking phase length: 38.29ms
[262.075s][debug][gc,ihop           ] GC(1480) Adaptive IHOP information (value update), threshold: 685139558B (47.37), internal target occupancy: 1446405734B, occupancy: 22349968B, additional buffer size: 913309696B, predicted old gen allocation rate: 1.62B/s, predicted marking phase length: 76.58ms, prediction active: false
[262.075s][debug][gc,ergo,refine    ] GC(1480) Concurrent refinement times: Logged Cards Scan time goal: 20.00ms Logged Cards Scan time: 0.00ms HCC time: 0.00ms
[262.075s][debug][gc,ergo,refine    ] GC(1480) Updated Refinement Zones: green: 2048, yellow: 6144, red: 10240
[262.075s][info ][gc,phases         ] GC(1480)   Pre Evacuate Collection Set: 0.1ms
[262.075s][debug][gc,phases         ] GC(1480)     Prepare TLABs: 0.0ms
[262.075s][debug][gc,phases         ] GC(1480)     Choose Collection Set: 0.0ms
[262.075s][debug][gc,phases         ] GC(1480)     Region Register: 0.1ms
[262.075s][debug][gc,phases         ] GC(1480)     Prepare Heap Roots: 0.0ms
[262.075s][info ][gc,phases         ] GC(1480)   Merge Heap Roots: 0.1ms
[262.075s][debug][gc,phases         ] GC(1480)     Prepare Merge Heap Roots: 0.0ms
[262.075s][debug][gc,phases         ] GC(1480)     Eager Reclaim (ms):       skipped
[262.075s][debug][gc,phases         ] GC(1480)     Remembered Sets (ms):     Min:  0.0, Avg:  0.0, Max:  0.1, Diff:  0.0, Sum:  0.3, Workers: 8
[262.075s][debug][gc,phases         ] GC(1480)       Merged Sparse:            Min: 0, Avg:  0.0, Max: 0, Diff: 0, Sum: 0, Workers: 8
[262.075s][debug][gc,phases         ] GC(1480)       Merged Fine:              Min: 0, Avg:  0.0, Max: 0, Diff: 0, Sum: 0, Workers: 8
[262.075s][debug][gc,phases         ] GC(1480)       Merged Coarse:            Min: 0, Avg:  0.0, Max: 0, Diff: 0, Sum: 0, Workers: 8
[262.075s][debug][gc,phases         ] GC(1480)       Dirty Cards:              Min: 0, Avg:  0.0, Max: 0, Diff: 0, Sum: 0, Workers: 8
[262.075s][debug][gc,phases         ] GC(1480)     Hot Card Cache (ms):      Min:  0.0, Avg:  0.0, Max:  0.0, Diff:  0.0, Sum:  0.0, Workers: 8
[262.075s][debug][gc,phases         ] GC(1480)       Dirty Cards:              Min: 0, Avg:  0.0, Max: 0, Diff: 0, Sum: 0, Workers: 8
[262.075s][debug][gc,phases         ] GC(1480)       Skipped Cards:            Min: 0, Avg:  0.0, Max: 0, Diff: 0, Sum: 0, Workers: 8
[262.075s][debug][gc,phases         ] GC(1480)     Log Buffers (ms):         Min:  0.0, Avg:  0.0, Max:  0.0, Diff:  0.0, Sum:  0.0, Workers: 8
[262.075s][debug][gc,phases         ] GC(1480)       Dirty Cards:              Min: 0, Avg:  0.2, Max: 1, Diff: 1, Sum: 2, Workers: 8
[262.075s][debug][gc,phases         ] GC(1480)       Skipped Cards:            Min: 0, Avg:  0.0, Max: 0, Diff: 0, Sum: 0, Workers: 8
[262.075s][info ][gc,phases         ] GC(1480)   Evacuate Collection Set: 0.4ms
[262.075s][debug][gc,phases         ] GC(1480)     Ext Root Scanning (ms):   Min:  0.0, Avg:  0.2, Max:  0.3, Diff:  0.3, Sum:  1.6, Workers: 8
[262.075s][debug][gc,phases         ] GC(1480)     Scan Heap Roots (ms):     Min:  0.0, Avg:  0.0, Max:  0.0, Diff:  0.0, Sum:  0.0, Workers: 8
[262.075s][debug][gc,phases         ] GC(1480)       Scanned Cards:            Min: 0, Avg:  0.2, Max: 1, Diff: 1, Sum: 2, Workers: 8
[262.075s][debug][gc,phases         ] GC(1480)       Scanned Blocks:           Min: 0, Avg:  0.2, Max: 1, Diff: 1, Sum: 2, Workers: 8
[262.075s][debug][gc,phases         ] GC(1480)       Claimed Chunks:           Min: 0, Avg:  0.2, Max: 1, Diff: 1, Sum: 2, Workers: 8
[262.075s][debug][gc,phases         ] GC(1480)     Code Root Scan (ms):      Min:  0.0, Avg:  0.0, Max:  0.0, Diff:  0.0, Sum:  0.2, Workers: 8
[262.075s][debug][gc,phases         ] GC(1480)     Object Copy (ms):         Min:  0.0, Avg:  0.0, Max:  0.0, Diff:  0.0, Sum:  0.0, Workers: 8
[262.075s][debug][gc,phases         ] GC(1480)     Termination (ms):         Min:  0.0, Avg:  0.0, Max:  0.1, Diff:  0.0, Sum:  0.4, Workers: 8
[262.075s][debug][gc,phases         ] GC(1480)       Termination Attempts:     Min: 1, Avg:  1.0, Max: 1, Diff: 0, Sum: 8, Workers: 8
[262.075s][debug][gc,phases         ] GC(1480)     GC Worker Other (ms):     Min:  0.0, Avg:  0.1, Max:  0.1, Diff:  0.1, Sum:  0.4, Workers: 8
[262.075s][debug][gc,phases         ] GC(1480)     GC Worker Total (ms):     Min:  0.0, Avg:  0.3, Max:  0.4, Diff:  0.4, Sum:  2.7, Workers: 8
[262.075s][info ][gc,phases         ] GC(1480)   Post Evacuate Collection Set: 0.7ms
[262.075s][debug][gc,phases         ] GC(1480)     Code Roots Fixup: 0.0ms
[262.075s][debug][gc,phases         ] GC(1480)     Clear Card Table: 0.2ms
[262.075s][debug][gc,phases         ] GC(1480)     Reference Processing: 0.1ms
[262.075s][debug][gc,phases,ref     ] GC(1480)       Reconsider SoftReferences: 0.0ms
[262.075s][debug][gc,phases,ref     ] GC(1480)         SoftRef (ms):             skipped
[262.075s][debug][gc,phases,ref     ] GC(1480)       Notify Soft/WeakReferences: 0.0ms
[262.075s][debug][gc,phases,ref     ] GC(1480)         SoftRef (ms):             skipped
[262.075s][debug][gc,phases,ref     ] GC(1480)         WeakRef (ms):             skipped
[262.075s][debug][gc,phases,ref     ] GC(1480)         FinalRef (ms):            skipped
[262.075s][debug][gc,phases,ref     ] GC(1480)         Total (ms):               skipped
[262.075s][debug][gc,phases,ref     ] GC(1480)       Notify and keep alive finalizable: 0.0ms
[262.075s][debug][gc,phases,ref     ] GC(1480)         FinalRef (ms):            skipped
[262.075s][debug][gc,phases,ref     ] GC(1480)       Notify PhantomReferences: 0.0ms
[262.075s][debug][gc,phases,ref     ] GC(1480)         PhantomRef (ms):          skipped
[262.075s][debug][gc,phases,ref     ] GC(1480)       SoftReference:
[262.075s][debug][gc,phases,ref     ] GC(1480)         Discovered: 0
[262.076s][debug][gc,phases,ref     ] GC(1480)         Cleared: 0
[262.076s][debug][gc,phases,ref     ] GC(1480)       WeakReference:
[262.076s][debug][gc,phases,ref     ] GC(1480)         Discovered: 0
[262.076s][debug][gc,phases,ref     ] GC(1480)         Cleared: 0
[262.076s][debug][gc,phases,ref     ] GC(1480)       FinalReference:
[262.076s][debug][gc,phases,ref     ] GC(1480)         Discovered: 0
[262.076s][debug][gc,phases,ref     ] GC(1480)         Cleared: 0
[262.076s][debug][gc,phases,ref     ] GC(1480)       PhantomReference:
[262.076s][debug][gc,phases,ref     ] GC(1480)         Discovered: 0
[262.076s][debug][gc,phases,ref     ] GC(1480)         Cleared: 0
[262.076s][debug][gc,phases         ] GC(1480)     Weak Processing: 0.0ms
[262.076s][debug][gc,phases         ] GC(1480)       JVMTI weak processing: 0.0ms
[262.076s][debug][gc,phases         ] GC(1480)         Dead: 0
[262.076s][debug][gc,phases         ] GC(1480)         Total: 0
[262.076s][debug][gc,phases         ] GC(1480)       JFR weak processing: 0.0ms
[262.076s][debug][gc,phases         ] GC(1480)         Dead: 0
[262.076s][debug][gc,phases         ] GC(1480)         Total: 0
[262.076s][debug][gc,phases         ] GC(1480)       JNI weak                  Min:  0.0, Avg:  0.0, Max:  0.0, Diff:  0.0, Sum:  0.0, Workers: 5
[262.076s][debug][gc,phases         ] GC(1480)         Dead                      Min: 0, Avg:  0.0, Max: 0, Diff: 0, Sum: 0, Workers: 5
[262.076s][debug][gc,phases         ] GC(1480)         Total                     Min: 0, Avg: 21.8, Max: 64, Diff: 64, Sum: 109, Workers: 5
[262.076s][debug][gc,phases         ] GC(1480)       VM weak                   Min:  0.0, Avg:  0.0, Max:  0.0, Diff:  0.0, Sum:  0.0, Workers: 5
[262.076s][debug][gc,phases         ] GC(1480)         Dead                      Min: 0, Avg:  0.0, Max: 0, Diff: 0, Sum: 0, Workers: 5
[262.076s][debug][gc,phases         ] GC(1480)         Total                     Min: 0, Avg: 42.6, Max: 64, Diff: 64, Sum: 213, Workers: 5
[262.076s][debug][gc,phases         ] GC(1480)       StringTable weak          Min:  0.0, Avg:  0.0, Max:  0.0, Diff:  0.0, Sum:  0.1, Workers: 5
[262.076s][debug][gc,phases         ] GC(1480)         Dead                      Min: 0, Avg:  0.0, Max: 0, Diff: 0, Sum: 0, Workers: 5
[262.076s][debug][gc,phases         ] GC(1480)         Total                     Min: 639, Avg: 721.8, Max: 794, Diff: 155, Sum: 3609, Workers: 5
[262.076s][debug][gc,phases         ] GC(1480)       ResolvedMethodTable weak  Min:  0.0, Avg:  0.0, Max:  0.0, Diff:  0.0, Sum:  0.0, Workers: 5
[262.076s][debug][gc,phases         ] GC(1480)         Dead                      Min: 0, Avg:  0.0, Max: 0, Diff: 0, Sum: 0, Workers: 5
[262.076s][debug][gc,phases         ] GC(1480)         Total                     Min: 64, Avg: 114.8, Max: 128, Diff: 64, Sum: 574, Workers: 5
[262.076s][debug][gc,phases         ] GC(1480)     Merge Per-Thread State: 0.0ms
[262.076s][debug][gc,phases         ] GC(1480)       Copied Bytes              Min: 0, Avg: 350320.0, Max: 400888, Diff: 400888, Sum: 2802560, Workers: 8
[262.076s][debug][gc,phases         ] GC(1480)       LAB Waste                 Min: 0, Avg:  0.0, Max: 0, Diff: 0, Sum: 0, Workers: 8
[262.076s][debug][gc,phases         ] GC(1480)       LAB Undo Waste            Min: 0, Avg:  0.0, Max: 0, Diff: 0, Sum: 0, Workers: 8
[262.076s][debug][gc,phases         ] GC(1480)     Code Roots Purge: 0.0ms
[262.076s][debug][gc,phases         ] GC(1480)     Redirty Cards: 0.0ms
[262.076s][debug][gc,phases         ] GC(1480)     DerivedPointerTable Update: 0.0ms
[262.076s][debug][gc,phases         ] GC(1480)     Free Collection Set: 0.2ms
[262.076s][debug][gc,phases         ] GC(1480)     Rebuild Free List: 0.1ms
[262.076s][debug][gc,phases         ] GC(1480)     Humongous Reclaim: 0.0ms
[262.076s][debug][gc,phases         ] GC(1480)     Start New Collection Set: 0.0ms
[262.076s][debug][gc,phases         ] GC(1480)     Resize TLABs: 0.0ms
[262.076s][debug][gc,phases         ] GC(1480)     Expand Heap After Collection: 0.0ms
[262.076s][info ][gc,phases         ] GC(1480)   Other: 0.3ms
[262.076s][info ][gc,heap           ] GC(1480) Eden regions: 867->0(867)
[262.076s][info ][gc,heap           ] GC(1480) Survivor regions: 4->4(109)
[262.076s][info ][gc,heap           ] GC(1480) Old regions: 18->18
[262.076s][info ][gc,heap           ] GC(1480) Archive regions: 2->2
[262.076s][info ][gc,heap           ] GC(1480) Humongous regions: 0->0
[262.076s][info ][gc,metaspace      ] GC(1480) Metaspace: 10458K(11136K)->10458K(11136K) NonClass: 9309K(9728K)->9309K(9728K) Class: 1149K(1408K)->1149K(1408K)
[262.076s][debug][gc,heap           ] GC(1480) Heap after GC invocations=1481 (full 1): garbage-first heap   total 1486848K, used 21826K [0x0000000700000000, 0x0000000800000000)
[262.076s][debug][gc,heap           ] GC(1480)   region size 1024K, 4 young (4096K), 4 survivors (4096K)
[262.076s][debug][gc,heap           ] GC(1480)  Metaspace       used 10458K, capacity 10758K, committed 11136K, reserved 1058816K
[262.076s][debug][gc,heap           ] GC(1480)   class space    used 1149K, capacity 1267K, committed 1408K, reserved 1048576K
[262.076s][info ][gc                ] GC(1480) Pause Young (Normal) (G1 Evacuation Pause) 888M->21M(1452M) 2.369ms
[262.076s][info ][gc,cpu            ] GC(1480) User=0.00s Sys=0.00s Real=0.00s
[262.076s][info ][safepoint         ] Safepoint "G1CollectForAllocation", Time since last: 44655143 ns, Reaching safepoint: 144577 ns, At safepoint: 2530560 ns, Total: 2675137 ns
[262.120s][debug][gc,heap           ] GC(1481) Heap before GC invocations=1481 (full 1): garbage-first heap   total 1486848K, used 908610K [0x0000000700000000, 0x0000000800000000)
[262.120s][debug][gc,heap           ] GC(1481)   region size 1024K, 871 young (891904K), 4 survivors (4096K)
[262.120s][debug][gc,heap           ] GC(1481)  Metaspace       used 10458K, capacity 10758K, committed 11136K, reserved 1058816K
[262.120s][debug][gc,heap           ] GC(1481)   class space    used 1149K, capacity 1267K, committed 1408K, reserved 1048576K
[262.120s][info ][gc,start          ] GC(1481) Pause Young (Normal) (G1 Evacuation Pause)
[262.120s][info ][gc,task           ] GC(1481) Using 8 workers of 8 for evacuation
[262.120s][debug][gc,tlab           ] GC(1481) TLAB totals: thrds: 8  refills: 14 max: 3 slow allocs: 1725 max 289 waste: 22.5% gc: 852480B max: 211040B slow: 46608B max: 15096B fast: 0B max: 0B
[262.120s][debug][gc,age            ] GC(1481) Desired survivor size 57147392 bytes, new threshold 15 (max threshold 15)
[262.120s][debug][gc,alloc,region   ] GC(1481) Mutator Allocation stats, regions: 867, wasted size: 203M (23.5%)
[262.120s][debug][gc,ergo           ] GC(1481) Running G1 Merge Heap Roots using 8 workers for 871 regions
[262.120s][debug][gc,remset         ] GC(1481) Visited cards 256 Total dirty 2048 (12.50%) Total old 3608576 (0.01%)
[262.120s][debug][gc,ergo           ] GC(1481) Running G1 Clear Card Table Task using 2 workers for 2 units of work for 872 regions.
[262.121s][debug][gc,ref            ] GC(1481) Skipped phase1 of Reference Processing due to unavailable references
[262.121s][debug][gc,ref            ] GC(1481) Skipped phase2 of Reference Processing due to unavailable references
[262.121s][debug][gc,ref            ] GC(1481) Skipped phase3 of Reference Processing due to unavailable references
[262.121s][debug][gc,ref            ] GC(1481) Skipped phase4 of Reference Processing due to unavailable references
[262.121s][debug][gc,ergo           ] GC(1481) Running G1 Free Collection Set using 8 workers for collection set length 871 (1452)
[262.121s][debug][gc,ergo           ] GC(1481) Running G1 Rebuild Free List Task using 8 workers for rebuilding free list of 0 (4096) regions
[262.121s][trace][gc,age            ] GC(1481) Age table with threshold 15 (max threshold 15)
[262.121s][trace][gc,age            ] GC(1481) - age   1:    2802552 bytes,    2802552 total
[262.121s][debug][gc,plab           ] GC(1481) Young PLAB allocation: allocated: 14448B, wasted: 0B, unused: 12000B, used: 2448B, undo waste: 0B, 
[262.121s][debug][gc,plab           ] GC(1481) Young other allocation: region end waste: 733248B, regions filled: 4, direct allocated: 2800104B, failure used: 0B, failure wasted: 0B
[262.121s][debug][gc,plab           ] GC(1481) Young sizing: calculated: 0B, actual: 2064B
[262.121s][debug][gc,plab           ] GC(1481) Old PLAB allocation: allocated: 0B, wasted: 0B, unused: 0B, used: 0B, undo waste: 0B, 
[262.121s][debug][gc,plab           ] GC(1481) Old other allocation: region end waste: 0B, regions filled: 1, direct allocated: 0B, failure used: 0B, failure wasted: 0B
[262.121s][debug][gc,plab           ] GC(1481) Old sizing: calculated: 0B, actual: 2064B
[262.121s][debug][gc,ihop           ] GC(1481) Basic information (value update), threshold: 685139558B (45.00), target occupancy: 1522532352B, current occupancy: 22352024B, recent allocation size: 0B, recent allocation duration: 44.55ms, recent old gen allocation rate: 0.00B/s, recent marking phase length: 38.29ms
[262.121s][debug][gc,ihop           ] GC(1481) Adaptive IHOP information (value update), threshold: 685139558B (47.37), internal target occupancy: 1446405734B, occupancy: 22352024B, additional buffer size: 913309696B, predicted old gen allocation rate: 1.57B/s, predicted marking phase length: 76.58ms, prediction active: false
[262.121s][debug][gc,ergo,refine    ] GC(1481) Concurrent refinement times: Logged Cards Scan time goal: 20.00ms Logged Cards Scan time: 0.00ms HCC time: 0.00ms
[262.121s][debug][gc,ergo,refine    ] GC(1481) Updated Refinement Zones: green: 2048, yellow: 6144, red: 10240
[262.121s][info ][gc,phases         ] GC(1481)   Pre Evacuate Collection Set: 0.1ms
[262.121s][debug][gc,phases         ] GC(1481)     Prepare TLABs: 0.0ms
[262.121s][debug][gc,phases         ] GC(1481)     Choose Collection Set: 0.0ms
[262.121s][debug][gc,phases         ] GC(1481)     Region Register: 0.1ms
[262.121s][debug][gc,phases         ] GC(1481)     Prepare Heap Roots: 0.0ms
[262.121s][info ][gc,phases         ] GC(1481)   Merge Heap Roots: 0.1ms
[262.121s][debug][gc,phases         ] GC(1481)     Prepare Merge Heap Roots: 0.0ms
[262.121s][debug][gc,phases         ] GC(1481)     Eager Reclaim (ms):       skipped
[262.121s][debug][gc,phases         ] GC(1481)     Remembered Sets (ms):     Min:  0.0, Avg:  0.0, Max:  0.0, Diff:  0.0, Sum:  0.2, Workers: 8
[262.121s][debug][gc,phases         ] GC(1481)       Merged Sparse:            Min: 0, Avg:  0.0, Max: 0, Diff: 0, Sum: 0, Workers: 8
[262.121s][debug][gc,phases         ] GC(1481)       Merged Fine:              Min: 0, Avg:  0.0, Max: 0, Diff: 0, Sum: 0, Workers: 8
[262.121s][debug][gc,phases         ] GC(1481)       Merged Coarse:            Min: 0, Avg:  0.0, Max: 0, Diff: 0, Sum: 0, Workers: 8
[262.121s][debug][gc,phases         ] GC(1481)       Dirty Cards:              Min: 0, Avg:  0.0, Max: 0, Diff: 0, Sum: 0, Workers: 8
[262.121s][debug][gc,phases         ] GC(1481)     Hot Card Cache (ms):      Min:  0.0, Avg:  0.0, Max:  0.0, Diff:  0.0, Sum:  0.0, Workers: 8
[262.121s][debug][gc,phases         ] GC(1481)       Dirty Cards:              Min: 0, Avg:  0.0, Max: 0, Diff: 0, Sum: 0, Workers: 8
[262.121s][debug][gc,phases         ] GC(1481)       Skipped Cards:            Min: 0, Avg:  0.0, Max: 0, Diff: 0, Sum: 0, Workers: 8
[262.121s][debug][gc,phases         ] GC(1481)     Log Buffers (ms):         Min:  0.0, Avg:  0.0, Max:  0.0, Diff:  0.0, Sum:  0.0, Workers: 8
[262.121s][debug][gc,phases         ] GC(1481)       Dirty Cards:              Min: 0, Avg:  0.1, Max: 1, Diff: 1, Sum: 1, Workers: 8
[262.121s][debug][gc,phases         ] GC(1481)       Skipped Cards:            Min: 0, Avg:  0.0, Max: 0, Diff: 0, Sum: 0, Workers: 8
[262.121s][info ][gc,phases         ] GC(1481)   Evacuate Collection Set: 0.4ms
[262.121s][debug][gc,phases         ] GC(1481)     Ext Root Scanning (ms):   Min:  0.0, Avg:  0.2, Max:  0.3, Diff:  0.3, Sum:  1.5, Workers: 8
[262.121s][debug][gc,phases         ] GC(1481)     Scan Heap Roots (ms):     Min:  0.0, Avg:  0.0, Max:  0.0, Diff:  0.0, Sum:  0.0, Workers: 8
[262.121s][debug][gc,phases         ] GC(1481)       Scanned Cards:            Min: 0, Avg:  0.1, Max: 1, Diff: 1, Sum: 1, Workers: 8
[262.121s][debug][gc,phases         ] GC(1481)       Scanned Blocks:           Min: 0, Avg:  0.1, Max: 1, Diff: 1, Sum: 1, Workers: 8
[262.121s][debug][gc,phases         ] GC(1481)       Claimed Chunks:           Min: 0, Avg:  0.1, Max: 1, Diff: 1, Sum: 1, Workers: 8
[262.121s][debug][gc,phases         ] GC(1481)     Code Root Scan (ms):      Min:  0.0, Avg:  0.0, Max:  0.0, Diff:  0.0, Sum:  0.1, Workers: 8
[262.121s][debug][gc,phases         ] GC(1481)     Object Copy (ms):         Min:  0.0, Avg:  0.0, Max:  0.0, Diff:  0.0, Sum:  0.0, Workers: 8
[262.121s][debug][gc,phases         ] GC(1481)     Termination (ms):         Min:  0.0, Avg:  0.1, Max:  0.1, Diff:  0.1, Sum:  0.6, Workers: 8
[262.121s][debug][gc,phases         ] GC(1481)       Termination Attempts:     Min: 1, Avg:  1.0, Max: 1, Diff: 0, Sum: 8, Workers: 8
[262.121s][debug][gc,phases         ] GC(1481)     GC Worker Other (ms):     Min:  0.0, Avg:  0.1, Max:  0.1, Diff:  0.1, Sum:  0.4, Workers: 8
[262.121s][debug][gc,phases         ] GC(1481)     GC Worker Total (ms):     Min:  0.1, Avg:  0.3, Max:  0.4, Diff:  0.3, Sum:  2.7, Workers: 8
[262.121s][info ][gc,phases         ] GC(1481)   Post Evacuate Collection Set: 0.6ms
[262.121s][debug][gc,phases         ] GC(1481)     Code Roots Fixup: 0.0ms
[262.121s][debug][gc,phases         ] GC(1481)     Clear Card Table: 0.2ms
[262.121s][debug][gc,phases         ] GC(1481)     Reference Processing: 0.0ms
[262.121s][debug][gc,phases,ref     ] GC(1481)       Reconsider SoftReferences: 0.0ms
[262.121s][debug][gc,phases,ref     ] GC(1481)         SoftRef (ms):             skipped
[262.121s][debug][gc,phases,ref     ] GC(1481)       Notify Soft/WeakReferences: 0.0ms
[262.121s][debug][gc,phases,ref     ] GC(1481)         SoftRef (ms):             skipped
[262.121s][debug][gc,phases,ref     ] GC(1481)         WeakRef (ms):             skipped
[262.121s][debug][gc,phases,ref     ] GC(1481)         FinalRef (ms):            skipped
[262.121s][debug][gc,phases,ref     ] GC(1481)         Total (ms):               skipped
[262.121s][debug][gc,phases,ref     ] GC(1481)       Notify and keep alive finalizable: 0.0ms
[262.121s][debug][gc,phases,ref     ] GC(1481)         FinalRef (ms):            skipped
[262.121s][debug][gc,phases,ref     ] GC(1481)       Notify PhantomReferences: 0.0ms
[262.121s][debug][gc,phases,ref     ] GC(1481)         PhantomRef (ms):          skipped
[262.121s][debug][gc,phases,ref     ] GC(1481)       SoftReference:
[262.121s][debug][gc,phases,ref     ] GC(1481)         Discovered: 0
[262.121s][debug][gc,phases,ref     ] GC(1481)         Cleared: 0
[262.121s][debug][gc,phases,ref     ] GC(1481)       WeakReference:
[262.121s][debug][gc,phases,ref     ] GC(1481)         Discovered: 0
[262.121s][debug][gc,phases,ref     ] GC(1481)         Cleared: 0
[262.121s][debug][gc,phases,ref     ] GC(1481)       FinalReference:
[262.121s][debug][gc,phases,ref     ] GC(1481)         Discovered: 0
[262.121s][debug][gc,phases,ref     ] GC(1481)         Cleared: 0
[262.121s][debug][gc,phases,ref     ] GC(1481)       PhantomReference:
[262.121s][debug][gc,phases,ref     ] GC(1481)         Discovered: 0
[262.121s][debug][gc,phases,ref     ] GC(1481)         Cleared: 0
[262.121s][debug][gc,phases         ] GC(1481)     Weak Processing: 0.0ms
[262.121s][debug][gc,phases         ] GC(1481)       JVMTI weak processing: 0.0ms
[262.122s][debug][gc,phases         ] GC(1481)         Dead: 0
[262.122s][debug][gc,phases         ] GC(1481)         Total: 0
[262.122s][debug][gc,phases         ] GC(1481)       JFR weak processing: 0.0ms
[262.122s][debug][gc,phases         ] GC(1481)         Dead: 0
[262.122s][debug][gc,phases         ] GC(1481)         Total: 0
[262.122s][debug][gc,phases         ] GC(1481)       JNI weak                  Min:  0.0, Avg:  0.0, Max:  0.0, Diff:  0.0, Sum:  0.0, Workers: 5
[262.122s][debug][gc,phases         ] GC(1481)         Dead                      Min: 0, Avg:  0.0, Max: 0, Diff: 0, Sum: 0, Workers: 5
[262.122s][debug][gc,phases         ] GC(1481)         Total                     Min: 0, Avg: 21.8, Max: 64, Diff: 64, Sum: 109, Workers: 5
[262.122s][debug][gc,phases         ] GC(1481)       VM weak                   Min:  0.0, Avg:  0.0, Max:  0.0, Diff:  0.0, Sum:  0.0, Workers: 5
[262.122s][debug][gc,phases         ] GC(1481)         Dead                      Min: 0, Avg:  0.0, Max: 0, Diff: 0, Sum: 0, Workers: 5
[262.122s][debug][gc,phases         ] GC(1481)         Total                     Min: 0, Avg: 42.6, Max: 149, Diff: 149, Sum: 213, Workers: 5
[262.122s][debug][gc,phases         ] GC(1481)       StringTable weak          Min:  0.0, Avg:  0.0, Max:  0.0, Diff:  0.0, Sum:  0.0, Workers: 5
[262.122s][debug][gc,phases         ] GC(1481)         Dead                      Min: 0, Avg:  0.0, Max: 0, Diff: 0, Sum: 0, Workers: 5
[262.122s][debug][gc,phases         ] GC(1481)         Total                     Min: 0, Avg: 721.8, Max: 1983, Diff: 1983, Sum: 3609, Workers: 5
[262.122s][debug][gc,phases         ] GC(1481)       ResolvedMethodTable weak  Min:  0.0, Avg:  0.0, Max:  0.0, Diff:  0.0, Sum:  0.0, Workers: 5
[262.122s][debug][gc,phases         ] GC(1481)         Dead                      Min: 0, Avg:  0.0, Max: 0, Diff: 0, Sum: 0, Workers: 5
[262.122s][debug][gc,phases         ] GC(1481)         Total                     Min: 0, Avg: 114.8, Max: 190, Diff: 190, Sum: 574, Workers: 5
[262.122s][debug][gc,phases         ] GC(1481)     Merge Per-Thread State: 0.0ms
[262.122s][debug][gc,phases         ] GC(1481)       Copied Bytes              Min: 0, Avg: 350319.0, Max: 800320, Diff: 800320, Sum: 2802552, Workers: 8
[262.122s][debug][gc,phases         ] GC(1481)       LAB Waste                 Min: 0, Avg:  0.0, Max: 0, Diff: 0, Sum: 0, Workers: 8
[262.122s][debug][gc,phases         ] GC(1481)       LAB Undo Waste            Min: 0, Avg:  0.0, Max: 0, Diff: 0, Sum: 0, Workers: 8
[262.122s][debug][gc,phases         ] GC(1481)     Code Roots Purge: 0.0ms
[262.122s][debug][gc,phases         ] GC(1481)     Redirty Cards: 0.0ms
[262.122s][debug][gc,phases         ] GC(1481)     DerivedPointerTable Update: 0.0ms
[262.122s][debug][gc,phases         ] GC(1481)     Free Collection Set: 0.2ms
[262.122s][debug][gc,phases         ] GC(1481)     Rebuild Free List: 0.1ms
[262.122s][debug][gc,phases         ] GC(1481)     Humongous Reclaim: 0.0ms
[262.122s][debug][gc,phases         ] GC(1481)     Start New Collection Set: 0.0ms
[262.122s][debug][gc,phases         ] GC(1481)     Resize TLABs: 0.0ms
[262.122s][debug][gc,phases         ] GC(1481)     Expand Heap After Collection: 0.0ms
[262.122s][info ][gc,phases         ] GC(1481)   Other: 0.3ms
[262.122s][info ][gc,heap           ] GC(1481) Eden regions: 867->0(867)
[262.122s][info ][gc,heap           ] GC(1481) Survivor regions: 4->4(109)
[262.122s][info ][gc,heap           ] GC(1481) Old regions: 18->18
[262.122s][info ][gc,heap           ] GC(1481) Archive regions: 2->2
[262.122s][info ][gc,heap           ] GC(1481) Humongous regions: 0->0
[262.122s][info ][gc,metaspace      ] GC(1481) Metaspace: 10458K(11136K)->10458K(11136K) NonClass: 9309K(9728K)->9309K(9728K) Class: 1149K(1408K)->1149K(1408K)
[262.122s][debug][gc,heap           ] GC(1481) Heap after GC invocations=1482 (full 1): garbage-first heap   total 1486848K, used 21828K [0x0000000700000000, 0x0000000800000000)
[262.122s][debug][gc,heap           ] GC(1481)   region size 1024K, 4 young (4096K), 4 survivors (4096K)
[262.122s][debug][gc,heap           ] GC(1481)  Metaspace       used 10458K, capacity 10758K, committed 11136K, reserved 1058816K
[262.122s][debug][gc,heap           ] GC(1481)   class space    used 1149K, capacity 1267K, committed 1408K, reserved 1048576K
[262.122s][info ][gc                ] GC(1481) Pause Young (Normal) (G1 Evacuation Pause) 888M->21M(1452M) 2.180ms
[262.122s][info ][gc,cpu            ] GC(1481) User=0.00s Sys=0.00s Real=0.01s
[262.122s][info ][safepoint         ] Safepoint "G1CollectForAllocation", Time since last: 43439695 ns, Reaching safepoint: 144743 ns, At safepoint: 2393871 ns, Total: 2538614 ns
[262.165s][debug][gc,heap           ] GC(1482) Heap before GC invocations=1482 (full 1): garbage-first heap   total 1486848K, used 908612K [0x0000000700000000, 0x0000000800000000)
[262.165s][debug][gc,heap           ] GC(1482)   region size 1024K, 871 young (891904K), 4 survivors (4096K)
[262.165s][debug][gc,heap           ] GC(1482)  Metaspace       used 10458K, capacity 10758K, committed 11136K, reserved 1058816K
[262.165s][debug][gc,heap           ] GC(1482)   class space    used 1149K, capacity 1267K, committed 1408K, reserved 1048576K
[262.165s][info ][gc,start          ] GC(1482) Pause Young (Normal) (G1 Evacuation Pause)
[262.165s][info ][gc,task           ] GC(1482) Using 8 workers of 8 for evacuation
[262.165s][debug][gc,tlab           ] GC(1482) TLAB totals: thrds: 8  refills: 15 max: 3 slow allocs: 1726 max 253 waste: 24.8% gc: 960936B max: 219088B slow: 60056B max: 15488B fast: 0B max: 0B
[262.165s][debug][gc,age            ] GC(1482) Desired survivor size 57147392 bytes, new threshold 15 (max threshold 15)
[262.165s][debug][gc,alloc,region   ] GC(1482) Mutator Allocation stats, regions: 867, wasted size: 203M (23.4%)
[262.165s][debug][gc,ergo           ] GC(1482) Running G1 Merge Heap Roots using 8 workers for 871 regions
[262.165s][debug][gc,remset         ] GC(1482) Visited cards 512 Total dirty 4096 (12.50%) Total old 3608576 (0.01%)
[262.166s][debug][gc,ergo           ] GC(1482) Running G1 Clear Card Table Task using 2 workers for 2 units of work for 873 regions.
[262.166s][debug][gc,ref            ] GC(1482) Skipped phase1 of Reference Processing due to unavailable references
[262.166s][debug][gc,ref            ] GC(1482) Skipped phase2 of Reference Processing due to unavailable references
[262.166s][debug][gc,ref            ] GC(1482) Skipped phase3 of Reference Processing due to unavailable references
[262.166s][debug][gc,ref            ] GC(1482) Skipped phase4 of Reference Processing due to unavailable references
[262.166s][debug][gc,ergo           ] GC(1482) Running G1 Free Collection Set using 8 workers for collection set length 871 (1452)
[262.166s][debug][gc,ergo           ] GC(1482) Running G1 Rebuild Free List Task using 8 workers for rebuilding free list of 0 (4096) regions
[262.166s][trace][gc,age            ] GC(1482) Age table with threshold 15 (max threshold 15)
[262.166s][trace][gc,age            ] GC(1482) - age   1:    3602568 bytes,    3602568 total
[262.166s][debug][gc,plab           ] GC(1482) Young PLAB allocation: allocated: 14448B, wasted: 0B, unused: 12000B, used: 2448B, undo waste: 0B, 
[262.166s][debug][gc,plab           ] GC(1482) Young other allocation: region end waste: 985936B, regions filled: 5, direct allocated: 3600120B, failure used: 0B, failure wasted: 0B
[262.166s][debug][gc,plab           ] GC(1482) Young sizing: calculated: 0B, actual: 2064B
[262.166s][debug][gc,plab           ] GC(1482) Old PLAB allocation: allocated: 0B, wasted: 0B, unused: 0B, used: 0B, undo waste: 0B, 
[262.166s][debug][gc,plab           ] GC(1482) Old other allocation: region end waste: 0B, regions filled: 1, direct allocated: 0B, failure used: 0B, failure wasted: 0B
[262.166s][debug][gc,plab           ] GC(1482) Old sizing: calculated: 0B, actual: 2064B
[262.166s][debug][gc,ihop           ] GC(1482) Basic information (value update), threshold: 685139558B (45.00), target occupancy: 1522532352B, current occupancy: 23404728B, recent allocation size: 0B, recent allocation duration: 43.81ms, recent old gen allocation rate: 0.00B/s, recent marking phase length: 38.29ms
[262.166s][debug][gc,ihop           ] GC(1482) Adaptive IHOP information (value update), threshold: 685139558B (47.37), internal target occupancy: 1446405734B, occupancy: 23404728B, additional buffer size: 913309696B, predicted old gen allocation rate: 1.53B/s, predicted marking phase length: 76.58ms, prediction active: false
[262.166s][debug][gc,ergo,refine    ] GC(1482) Concurrent refinement times: Logged Cards Scan time goal: 20.00ms Logged Cards Scan time: 0.00ms HCC time: 0.00ms
[262.166s][debug][gc,ergo,refine    ] GC(1482) Updated Refinement Zones: green: 2048, yellow: 6144, red: 10240
[262.166s][info ][gc,phases         ] GC(1482)   Pre Evacuate Collection Set: 0.1ms
[262.166s][debug][gc,phases         ] GC(1482)     Prepare TLABs: 0.0ms
[262.166s][debug][gc,phases         ] GC(1482)     Choose Collection Set: 0.0ms
[262.166s][debug][gc,phases         ] GC(1482)     Region Register: 0.1ms
[262.166s][debug][gc,phases         ] GC(1482)     Prepare Heap Roots: 0.0ms
[262.166s][info ][gc,phases         ] GC(1482)   Merge Heap Roots: 0.1ms
[262.166s][debug][gc,phases         ] GC(1482)     Prepare Merge Heap Roots: 0.0ms
[262.166s][debug][gc,phases         ] GC(1482)     Eager Reclaim (ms):       skipped
[262.166s][debug][gc,phases         ] GC(1482)     Remembered Sets (ms):     Min:  0.0, Avg:  0.0, Max:  0.0, Diff:  0.0, Sum:  0.3, Workers: 8
[262.166s][debug][gc,phases         ] GC(1482)       Merged Sparse:            Min: 0, Avg:  0.0, Max: 0, Diff: 0, Sum: 0, Workers: 8
[262.166s][debug][gc,phases         ] GC(1482)       Merged Fine:              Min: 0, Avg:  0.0, Max: 0, Diff: 0, Sum: 0, Workers: 8
[262.167s][debug][gc,phases         ] GC(1482)       Merged Coarse:            Min: 0, Avg:  0.0, Max: 0, Diff: 0, Sum: 0, Workers: 8
[262.167s][debug][gc,phases         ] GC(1482)       Dirty Cards:              Min: 0, Avg:  0.0, Max: 0, Diff: 0, Sum: 0, Workers: 8
[262.167s][debug][gc,phases         ] GC(1482)     Hot Card Cache (ms):      Min:  0.0, Avg:  0.0, Max:  0.0, Diff:  0.0, Sum:  0.0, Workers: 8
[262.167s][debug][gc,phases         ] GC(1482)       Dirty Cards:              Min: 0, Avg:  0.0, Max: 0, Diff: 0, Sum: 0, Workers: 8
[262.167s][debug][gc,phases         ] GC(1482)       Skipped Cards:            Min: 0, Avg:  0.0, Max: 0, Diff: 0, Sum: 0, Workers: 8
[262.167s][debug][gc,phases         ] GC(1482)     Log Buffers (ms):         Min:  0.0, Avg:  0.0, Max:  0.0, Diff:  0.0, Sum:  0.0, Workers: 8
[262.167s][debug][gc,phases         ] GC(1482)       Dirty Cards:              Min: 0, Avg:  0.2, Max: 2, Diff: 2, Sum: 2, Workers: 8
[262.167s][debug][gc,phases         ] GC(1482)       Skipped Cards:            Min: 0, Avg:  0.0, Max: 0, Diff: 0, Sum: 0, Workers: 8
[262.167s][info ][gc,phases         ] GC(1482)   Evacuate Collection Set: 0.5ms
[262.167s][debug][gc,phases         ] GC(1482)     Ext Root Scanning (ms):   Min:  0.0, Avg:  0.3, Max:  0.4, Diff:  0.4, Sum:  2.0, Workers: 8
[262.167s][debug][gc,phases         ] GC(1482)     Scan Heap Roots (ms):     Min:  0.0, Avg:  0.0, Max:  0.0, Diff:  0.0, Sum:  0.0, Workers: 8
[262.167s][debug][gc,phases         ] GC(1482)       Scanned Cards:            Min: 0, Avg:  0.2, Max: 2, Diff: 2, Sum: 2, Workers: 8
[262.167s][debug][gc,phases         ] GC(1482)       Scanned Blocks:           Min: 0, Avg:  0.2, Max: 2, Diff: 2, Sum: 2, Workers: 8
[262.167s][debug][gc,phases         ] GC(1482)       Claimed Chunks:           Min: 0, Avg:  0.2, Max: 2, Diff: 2, Sum: 2, Workers: 8
[262.167s][debug][gc,phases         ] GC(1482)     Code Root Scan (ms):      Min:  0.0, Avg:  0.0, Max:  0.1, Diff:  0.1, Sum:  0.1, Workers: 8
[262.167s][debug][gc,phases         ] GC(1482)     Object Copy (ms):         Min:  0.0, Avg:  0.0, Max:  0.0, Diff:  0.0, Sum:  0.0, Workers: 8
[262.167s][debug][gc,phases         ] GC(1482)     Termination (ms):         Min:  0.0, Avg:  0.0, Max:  0.1, Diff:  0.1, Sum:  0.4, Workers: 8
[262.167s][debug][gc,phases         ] GC(1482)       Termination Attempts:     Min: 1, Avg:  1.0, Max: 1, Diff: 0, Sum: 8, Workers: 8
[262.167s][debug][gc,phases         ] GC(1482)     GC Worker Other (ms):     Min:  0.0, Avg:  0.1, Max:  0.4, Diff:  0.4, Sum:  0.8, Workers: 8
[262.167s][debug][gc,phases         ] GC(1482)     GC Worker Total (ms):     Min:  0.4, Avg:  0.4, Max:  0.4, Diff:  0.0, Sum:  3.4, Workers: 8
[262.167s][info ][gc,phases         ] GC(1482)   Post Evacuate Collection Set: 0.6ms
[262.167s][debug][gc,phases         ] GC(1482)     Code Roots Fixup: 0.0ms
[262.167s][debug][gc,phases         ] GC(1482)     Clear Card Table: 0.2ms
[262.167s][debug][gc,phases         ] GC(1482)     Reference Processing: 0.0ms
[262.167s][debug][gc,phases,ref     ] GC(1482)       Reconsider SoftReferences: 0.0ms
[262.167s][debug][gc,phases,ref     ] GC(1482)         SoftRef (ms):             skipped
[262.167s][debug][gc,phases,ref     ] GC(1482)       Notify Soft/WeakReferences: 0.0ms
[262.167s][debug][gc,phases,ref     ] GC(1482)         SoftRef (ms):             skipped
[262.167s][debug][gc,phases,ref     ] GC(1482)         WeakRef (ms):             skipped
[262.167s][debug][gc,phases,ref     ] GC(1482)         FinalRef (ms):            skipped
[262.167s][debug][gc,phases,ref     ] GC(1482)         Total (ms):               skipped
[262.167s][debug][gc,phases,ref     ] GC(1482)       Notify and keep alive finalizable: 0.0ms
[262.167s][debug][gc,phases,ref     ] GC(1482)         FinalRef (ms):            skipped
[262.167s][debug][gc,phases,ref     ] GC(1482)       Notify PhantomReferences: 0.0ms
[262.167s][debug][gc,phases,ref     ] GC(1482)         PhantomRef (ms):          skipped
[262.167s][debug][gc,phases,ref     ] GC(1482)       SoftReference:
[262.167s][debug][gc,phases,ref     ] GC(1482)         Discovered: 0
[262.167s][debug][gc,phases,ref     ] GC(1482)         Cleared: 0
[262.167s][debug][gc,phases,ref     ] GC(1482)       WeakReference:
[262.167s][debug][gc,phases,ref     ] GC(1482)         Discovered: 0
[262.167s][debug][gc,phases,ref     ] GC(1482)         Cleared: 0
[262.167s][debug][gc,phases,ref     ] GC(1482)       FinalReference:
[262.167s][debug][gc,phases,ref     ] GC(1482)         Discovered: 0
[262.167s][debug][gc,phases,ref     ] GC(1482)         Cleared: 0
[262.167s][debug][gc,phases,ref     ] GC(1482)       PhantomReference:
[262.167s][debug][gc,phases,ref     ] GC(1482)         Discovered: 0
[262.167s][debug][gc,phases,ref     ] GC(1482)         Cleared: 0
[262.167s][debug][gc,phases         ] GC(1482)     Weak Processing: 0.0ms
[262.167s][debug][gc,phases         ] GC(1482)       JVMTI weak processing: 0.0ms
[262.167s][debug][gc,phases         ] GC(1482)         Dead: 0
[262.167s][debug][gc,phases         ] GC(1482)         Total: 0
[262.167s][debug][gc,phases         ] GC(1482)       JFR weak processing: 0.0ms
[262.167s][debug][gc,phases         ] GC(1482)         Dead: 0
[262.167s][debug][gc,phases         ] GC(1482)         Total: 0
[262.167s][debug][gc,phases         ] GC(1482)       JNI weak                  Min:  0.0, Avg:  0.0, Max:  0.0, Diff:  0.0, Sum:  0.0, Workers: 5
[262.167s][debug][gc,phases         ] GC(1482)         Dead                      Min: 0, Avg:  0.0, Max: 0, Diff: 0, Sum: 0, Workers: 5
[262.167s][debug][gc,phases         ] GC(1482)         Total                     Min: 0, Avg: 21.8, Max: 64, Diff: 64, Sum: 109, Workers: 5
[262.167s][debug][gc,phases         ] GC(1482)       VM weak                   Min:  0.0, Avg:  0.0, Max:  0.0, Diff:  0.0, Sum:  0.0, Workers: 5
[262.167s][debug][gc,phases         ] GC(1482)         Dead                      Min: 0, Avg:  0.0, Max: 0, Diff: 0, Sum: 0, Workers: 5
[262.167s][debug][gc,phases         ] GC(1482)         Total                     Min: 0, Avg: 42.6, Max: 85, Diff: 85, Sum: 213, Workers: 5
[262.167s][debug][gc,phases         ] GC(1482)       StringTable weak          Min:  0.0, Avg:  0.0, Max:  0.0, Diff:  0.0, Sum:  0.1, Workers: 5
[262.167s][debug][gc,phases         ] GC(1482)         Dead                      Min: 0, Avg:  0.0, Max: 0, Diff: 0, Sum: 0, Workers: 5
[262.167s][debug][gc,phases         ] GC(1482)         Total                     Min: 666, Avg: 721.8, Max: 768, Diff: 102, Sum: 3609, Workers: 5
[262.167s][debug][gc,phases         ] GC(1482)       ResolvedMethodTable weak  Min:  0.0, Avg:  0.0, Max:  0.0, Diff:  0.0, Sum:  0.0, Workers: 5
[262.167s][debug][gc,phases         ] GC(1482)         Dead                      Min: 0, Avg:  0.0, Max: 0, Diff: 0, Sum: 0, Workers: 5
[262.167s][debug][gc,phases         ] GC(1482)         Total                     Min: 64, Avg: 114.8, Max: 128, Diff: 64, Sum: 574, Workers: 5
[262.167s][debug][gc,phases         ] GC(1482)     Merge Per-Thread State: 0.0ms
[262.167s][debug][gc,phases         ] GC(1482)       Copied Bytes              Min: 0, Avg: 450321.0, Max: 800256, Diff: 800256, Sum: 3602568, Workers: 8
[262.167s][debug][gc,phases         ] GC(1482)       LAB Waste                 Min: 0, Avg:  0.0, Max: 0, Diff: 0, Sum: 0, Workers: 8
[262.167s][debug][gc,phases         ] GC(1482)       LAB Undo Waste            Min: 0, Avg:  0.0, Max: 0, Diff: 0, Sum: 0, Workers: 8
[262.167s][debug][gc,phases         ] GC(1482)     Code Roots Purge: 0.0ms
[262.167s][debug][gc,phases         ] GC(1482)     Redirty Cards: 0.0ms
[262.167s][debug][gc,phases         ] GC(1482)     DerivedPointerTable Update: 0.0ms
[262.167s][debug][gc,phases         ] GC(1482)     Free Collection Set: 0.2ms
[262.167s][debug][gc,phases         ] GC(1482)     Rebuild Free List: 0.1ms
[262.167s][debug][gc,phases         ] GC(1482)     Humongous Reclaim: 0.0ms
[262.167s][debug][gc,phases         ] GC(1482)     Start New Collection Set: 0.0ms
[262.167s][debug][gc,phases         ] GC(1482)     Resize TLABs: 0.0ms
[262.167s][debug][gc,phases         ] GC(1482)     Expand Heap After Collection: 0.0ms
[262.167s][info ][gc,phases         ] GC(1482)   Other: 0.4ms
[262.167s][info ][gc,heap           ] GC(1482) Eden regions: 867->0(866)
[262.167s][info ][gc,heap           ] GC(1482) Survivor regions: 4->5(109)
[262.167s][info ][gc,heap           ] GC(1482) Old regions: 18->18
[262.167s][info ][gc,heap           ] GC(1482) Archive regions: 2->2
[262.167s][info ][gc,heap           ] GC(1482) Humongous regions: 0->0
[262.167s][info ][gc,metaspace      ] GC(1482) Metaspace: 10458K(11136K)->10458K(11136K) NonClass: 9309K(9728K)->9309K(9728K) Class: 1149K(1408K)->1149K(1408K)
[262.167s][debug][gc,heap           ] GC(1482) Heap after GC invocations=1483 (full 1): garbage-first heap   total 1486848K, used 22856K [0x0000000700000000, 0x0000000800000000)
[262.167s][debug][gc,heap           ] GC(1482)   region size 1024K, 5 young (5120K), 5 survivors (5120K)
[262.167s][debug][gc,heap           ] GC(1482)  Metaspace       used 10458K, capacity 10758K, committed 11136K, reserved 1058816K
[262.167s][debug][gc,heap           ] GC(1482)   class space    used 1149K, capacity 1267K, committed 1408K, reserved 1048576K
[262.167s][info ][gc                ] GC(1482) Pause Young (Normal) (G1 Evacuation Pause) 888M->22M(1452M) 2.353ms
[262.167s][info ][gc,cpu            ] GC(1482) User=0.01s Sys=0.00s Real=0.00s
[262.167s][info ][safepoint         ] Safepoint "G1CollectForAllocation", Time since last: 42600233 ns, Reaching safepoint: 159777 ns, At safepoint: 2799324 ns, Total: 2959101 ns
[262.172s][debug][gc,refine         ] Stopping 0
[262.172s][info ][gc,heap,exit      ] Heap
[262.172s][info ][gc,heap,exit      ]  garbage-first heap   total 1486848K, used 99656K [0x0000000700000000, 0x0000000800000000)
[262.172s][info ][gc,heap,exit      ]   region size 1024K, 82 young (83968K), 5 survivors (5120K)
[262.172s][info ][gc,heap,exit      ]  Metaspace       used 10462K, capacity 10758K, committed 11136K, reserved 1058816K
[262.172s][info ][gc,heap,exit      ]   class space    used 1149K, capacity 1267K, committed 1408K, reserved 1048576K
